<?xml version="1.0" ?>

<verbosegc xmlns="http://www.ibm.com/j9/verbosegc" version="10b4217_CMPRSS">

<initialized id="1" timestamp="2019-06-17T03:12:41.311">
  <attribute name="gcPolicy" value="-Xgcpolicy:gencon" />
  <attribute name="elasticGC enabled" value="1" />
  <attribute name= "numThreadsSpecified" value="0" />
  <attribute name="heapSize specified" value="0" />
  <attribute name="Current GC Util" value="0" />
  <attribute name= "Current Time Running" value="0" />
  <attribute name ="GC Interval" value="0" />
  <attribute name="ProportionalT" value="0.000000" />
  <attribute name="ProportionalI" value="0.000000" />
  <attribute name="ProportionalH" value="0.000000" />
  <attribute name="IntegralT" value="0.000000" />
  <attribute name="IntegralI" value="0.000000" />
  <attribute name="IntegralH" value="0.000000" />
  <attribute name="DerivativeT" value="0.000000" />
  <attribute name="DerivativeI" value="0.000000" />
  <attribute name="DerivativeH" value="0.000000" />
  <attribute name="Target GC Util Change" value ="0.000000" />
  <attribute name="Current GC Util Change" value="0.000000"/>
  <attribute name="Current Error" value="0.000000" />
  <attribute name="Loop Time for DT" value="0.000000" />
  <attribute name="Output H" value="0"/>
  <attribute name="Output I" value="0"/>
  <attribute name="Output T" value="0"/>
  <attribute name="GC Util currently" value="0" />
  <attribute name="CPU Util currently" value="0" />
  <attribute name="maxHeapSize" value="0x7cbc0000" />
  <attribute name="initialHeapSize" value="0x800000" />
  <attribute name="compressedRefs" value="true" />
  <attribute name="compressedRefsDisplacement" value="0x0" />
  <attribute name="compressedRefsShift" value="0x0" />
  <attribute name="pageSize" value="0x1000" />
  <attribute name="pageType" value="not used" />
  <attribute name="requestedPageSize" value="0x1000" />
  <attribute name="requestedPageType" value="not used" />
  <attribute name="gcthreads" value="4" />
  <attribute name="gcthreads Concurrent Mark" value="1" />
  <attribute name="packetListSplit" value="4" />
  <attribute name="cacheListSplit" value="4" />
  <attribute name="splitFreeListSplitAmount" value="1" />
  <attribute name="numaNodes" value="0" />
  <system>
    <attribute name="physicalMemory" value="8370958336" />
    <attribute name="numCPUs" value="4" />
    <attribute name="architecture" value="amd64" />
    <attribute name="os" value="Linux" />
    <attribute name="osVersion" value="4.4.0-150-generic" />
  </system>
  <vmargs>
    <vmarg name="-Xoptionsfile=/vagrant/jdk/lib/options.default" />
    <vmarg name="-Xlockword:mode=default,noLockword=java/lang/String,noLockword=java/util/MapEntry,noLockword=java/util/HashMap$Entry,noLockword..." />
    <vmarg name="-Xjcl:jclse29" />
    <vmarg name="-Dcom.ibm.oti.vm.bootstrap.library.path=/vagrant/jdk/lib/compressedrefs:/vagrant/jdk/lib" />
    <vmarg name="-Dsun.boot.library.path=/vagrant/jdk/lib/compressedrefs:/vagrant/jdk/lib" />
    <vmarg name="-Djava.library.path=/vagrant/jdk/lib/compressedrefs:/vagrant/jdk/lib:/usr/lib64:/usr/lib" />
    <vmarg name="-Djava.home=/vagrant/jdk" />
    <vmarg name="-Duser.dir=/vagrant" />
    <vmarg name="-Xgcpolicy:gencon" />
    <vmarg name="-Xgcelastic" />
    <vmarg name="-Xcheck:gc:::elasticGC" />
    <vmarg name="-verbose:gc" />
    <vmarg name="-Xloggc:jdk1.5-1-1.5-default-GEN-4CORE-elasticverbose8pmd.txt" />
    <vmarg name="-Djava.class.path=dacapo-9.12-MR1-bach.jar" />
    <vmarg name="-Dsun.java.command=dacapo-9.12-MR1-bach.jar pmd --size=default" />
    <vmarg name="-Dsun.java.launcher=SUN_STANDARD" />
    <vmarg name="-Dsun.java.launcher.pid=1600" />
  </vmargs>
</initialized>

<exclusive-start id="2" timestamp="2019-06-17T03:12:41.503" intervalms="191.975">
  <response-info timems="0.020" idlems="0.020" threads="0" lastid="00000000010D6700" lastname="main" />
</exclusive-start>
<af-start id="3" threadId="00000000010D7088" totalBytesRequested="3080" timestamp="2019-06-17T03:12:41.503" intervalms="192.259" type="nursery" />
<cycle-start id="4" type="scavenge" contextid="0" timestamp="2019-06-17T03:12:41.503" intervalms="192.637" />
<gc-start id="5" type="scavenge" contextid="4" timestamp="2019-06-17T03:12:41.509">
  <mem-info id="6" free="6062624" total="8388608" percent="72">
    <mem type="nursery" free="0" total="2097152" percent="0">
      <mem type="allocate" free="0" total="1048576" percent="0" />
      <mem type="survivor" free="0" total="1048576" percent="0" />
    </mem>
    <mem type="tenure" free="6062624" total="6291456" percent="96">
      <mem type="soa" free="5748256" total="5977088" percent="96" />
      <mem type="loa" free="314368" total="314368" percent="100" />
    </mem>
    <remembered-set count="3161" />
  </mem-info>
</gc-start>
<allocation-stats totalBytes="1270928" >
  <allocated-bytes non-tlh="344784" tlh="926144" />
  <largest-consumer threadName="main" threadId="00000000010D6700" bytes="1197576" />
</allocation-stats>
<gc-op id="7" type="scavenge" timems="1.733" contextid="4" timestamp="2019-06-17T03:12:41.510">
  <scavenger-info tenureage="2" tenuremask="fffc" tiltratio="50" />
  <memory-copied type="nursery" objects="10578" bytes="477536" bytesdiscarded="116816" />
  <finalization candidates="11" enqueued="0" />
  <references type="soft" candidates="62" cleared="0" enqueued="0" dynamicThreshold="32" maxThreshold="32" />
  <references type="weak" candidates="309" cleared="177" enqueued="141" />
  <references type="phantom" candidates="25" cleared="6" enqueued="6" />
</gc-op>
<gc-end id="8" type="scavenge" contextid="4" durationms="5.144" usertimems="0.000" systemtimems="8.000" timestamp="2019-06-17T03:12:41.514" activeThreads="4">
  <mem-info id="9" free="6514744" total="8388608" percent="77">
    <mem type="nursery" free="452120" total="2097152" percent="21">
      <mem type="allocate" free="452120" total="1048576" percent="43" />
      <mem type="survivor" free="0" total="1048576" percent="0" />
    </mem>
    <mem type="tenure" free="6062624" total="6291456" percent="96">
      <mem type="soa" free="5748256" total="5977088" percent="96" />
      <mem type="loa" free="314368" total="314368" percent="100" />
    </mem>
    <pending-finalizers system="0" default="0" reference="147" classloader="0" />
    <remembered-set count="3161" />
  </mem-info>
</gc-end>
<cycle-end id="10" type="scavenge" contextid="4" timestamp="2019-06-17T03:12:41.514" />
  <attribute name="elasticGC enabled" value="1" />
  <attribute name= "numThreadsSpecified" value="0" />
  <attribute name="heapSize specified" value="0" />
  <attribute name="Current GC Util" value="0" />
  <attribute name= "Current Time Running" value="79" />
  <attribute name ="GC Interval" value="1" />
  <attribute name="ProportionalT" value="0.000000" />
  <attribute name="ProportionalI" value="0.000000" />
  <attribute name="ProportionalH" value="0.000000" />
  <attribute name="Current Error" value="0.000000" />
  <attribute name="IntegralT" value="0.000000" />
  <attribute name="IntegralI" value="0.000000" />
  <attribute name="IntegralH" value="0.000000" />
  <attribute name="DerivativeT" value="0.000000" />
  <attribute name="DerivativeI" value="0.000000" />
  <attribute name="DerivativeH" value="0.000000" />
  <attribute name="Loop Time for DT" value="0.000000" />
  <attribute name="Output H" value="0"/>
  <attribute name="Output I" value="0"/>
  <attribute name="Output T" value="0"/>
  <attribute name="Target GC Util Change" value ="20.000000" />
  <attribute name="Current GC Util Change" value="0.000000"/>
  <attribute name="GC Util currently" value="0" />
  <attribute name="CPU Util currently" value="28" />
<allocation-satisfied id="11" threadId="00000000010D6700" bytesRequested="3080" />
<af-end id="12" timestamp="2019-06-17T03:12:41.514" threadId="00000000010D7088" success="true" from="nursery"/>
<exclusive-end id="13" timestamp="2019-06-17T03:12:41.514" durationms="11.218" />

<exclusive-start id="14" timestamp="2019-06-17T03:12:41.546" intervalms="43.488">
  <response-info timems="0.031" idlems="0.031" threads="0" lastid="00000000010D6700" lastname="main" />
</exclusive-start>
<af-start id="15" threadId="00000000010D7088" totalBytesRequested="7176" timestamp="2019-06-17T03:12:41.546" intervalms="43.267" type="nursery" />
<cycle-start id="16" type="scavenge" contextid="0" timestamp="2019-06-17T03:12:41.546" intervalms="42.938" />
<gc-start id="17" type="scavenge" contextid="16" timestamp="2019-06-17T03:12:41.550">
  <mem-info id="18" free="6054888" total="8388608" percent="72">
    <mem type="nursery" free="0" total="2097152" percent="0">
      <mem type="allocate" free="0" total="1048576" percent="0" />
      <mem type="survivor" free="0" total="1048576" percent="0" />
    </mem>
    <mem type="tenure" free="6054888" total="6291456" percent="96">
      <mem type="soa" free="5740520" total="5977088" percent="96" />
      <mem type="loa" free="314368" total="314368" percent="100" />
    </mem>
    <remembered-set count="3262" />
  </mem-info>
</gc-start>
<allocation-stats totalBytes="453248" >
  <allocated-bytes non-tlh="10816" tlh="442432" />
  <largest-consumer threadName="main" threadId="00000000010D6700" bytes="441272" />
</allocation-stats>
<gc-op id="19" type="scavenge" timems="0.764" contextid="16" timestamp="2019-06-17T03:12:41.551">
  <scavenger-info tenureage="5" tenuremask="7fe0" tiltratio="50" />
  <memory-copied type="nursery" objects="10895" bytes="504032" bytesdiscarded="99704" />
  <finalization candidates="11" enqueued="0" />
  <references type="soft" candidates="62" cleared="0" enqueued="0" dynamicThreshold="32" maxThreshold="32" />
  <references type="weak" candidates="242" cleared="96" enqueued="93" />
  <references type="phantom" candidates="38" cleared="12" enqueued="12" />
</gc-op>
<gc-end id="20" type="scavenge" contextid="16" durationms="0.930" usertimems="0.000" systemtimems="0.000" timestamp="2019-06-17T03:12:41.551" activeThreads="4">
  <mem-info id="21" free="6498256" total="8388608" percent="77">
    <mem type="nursery" free="443368" total="2097152" percent="21">
      <mem type="allocate" free="443368" total="1048576" percent="42" />
      <mem type="survivor" free="0" total="1048576" percent="0" />
    </mem>
    <mem type="tenure" free="6054888" total="6291456" percent="96">
      <mem type="soa" free="5740520" total="5977088" percent="96" />
      <mem type="loa" free="314368" total="314368" percent="100" />
    </mem>
    <pending-finalizers system="0" default="0" reference="105" classloader="0" />
    <remembered-set count="3262" />
  </mem-info>
</gc-end>
<cycle-end id="22" type="scavenge" contextid="16" timestamp="2019-06-17T03:12:41.551" />
  <attribute name="elasticGC enabled" value="1" />
  <attribute name= "numThreadsSpecified" value="4" />
  <attribute name="heapSize specified" value="0" />
  <attribute name="Current GC Util" value="26" />
  <attribute name= "Current Time Running" value="120" />
  <attribute name ="GC Interval" value="256" />
  <attribute name="ProportionalT" value="9.000000" />
  <attribute name="ProportionalI" value="9.000000" />
  <attribute name="ProportionalH" value="9.000000" />
  <attribute name="Current Error" value="6.000000" />
  <attribute name="IntegralT" value="246.000000" />
  <attribute name="IntegralI" value="246.000000" />
  <attribute name="IntegralH" value="246.000000" />
  <attribute name="DerivativeT" value="0.219512" />
  <attribute name="DerivativeI" value="0.219512" />
  <attribute name="DerivativeH" value="0.219512" />
  <attribute name="Loop Time for DT" value="41.000000" />
  <attribute name="Output H" value="8388608"/>
  <attribute name="Output I" value="256"/>
  <attribute name="Output T" value="4"/>
  <attribute name="Target GC Util Change" value ="20.000000" />
  <attribute name="Current GC Util Change" value="26.000000"/>
  <attribute name="GC Util currently" value="26" />
  <attribute name="CPU Util currently" value="17" />
<allocation-satisfied id="23" threadId="00000000010D6700" bytesRequested="7176" />
<af-end id="24" timestamp="2019-06-17T03:12:41.551" threadId="00000000010D7088" success="true" from="nursery"/>
<exclusive-end id="25" timestamp="2019-06-17T03:12:41.552" durationms="5.203" />

<exclusive-start id="26" timestamp="2019-06-17T03:12:41.562" intervalms="15.926">
  <response-info timems="0.051" idlems="0.051" threads="0" lastid="00000000010D6700" lastname="main" />
</exclusive-start>
<af-start id="27" threadId="00000000010D7088" totalBytesRequested="7176" timestamp="2019-06-17T03:12:41.562" intervalms="15.932" type="nursery" />
<cycle-start id="28" type="scavenge" contextid="0" timestamp="2019-06-17T03:12:41.562" intervalms="15.932" />
<gc-start id="29" type="scavenge" contextid="28" timestamp="2019-06-17T03:12:41.562">
  <mem-info id="30" free="6052200" total="8388608" percent="72">
    <mem type="nursery" free="0" total="2097152" percent="0">
      <mem type="allocate" free="0" total="1048576" percent="0" />
      <mem type="survivor" free="0" total="1048576" percent="0" />
    </mem>
    <mem type="tenure" free="6052200" total="6291456" percent="96">
      <mem type="soa" free="5737832" total="5977088" percent="95" />
      <mem type="loa" free="314368" total="314368" percent="100" />
    </mem>
    <remembered-set count="3295" />
  </mem-info>
</gc-start>
<allocation-stats totalBytes="424056" >
  <allocated-bytes non-tlh="9864" tlh="414192" />
  <largest-consumer threadName="main" threadId="00000000010D6700" bytes="415864" />
</allocation-stats>
<gc-op id="31" type="scavenge" timems="0.804" contextid="28" timestamp="2019-06-17T03:12:41.563">
  <scavenger-info tenureage="4" tenuremask="7ff0" tiltratio="50" />
  <memory-copied type="nursery" objects="10933" bytes="564128" bytesdiscarded="90440" />
  <finalization candidates="11" enqueued="0" />
  <references type="soft" candidates="62" cleared="0" enqueued="0" dynamicThreshold="32" maxThreshold="32" />
  <references type="weak" candidates="224" cleared="76" enqueued="76" />
  <references type="phantom" candidates="38" cleared="10" enqueued="10" />
</gc-op>
<gc-end id="32" type="scavenge" contextid="28" durationms="0.964" usertimems="0.000" systemtimems="0.000" timestamp="2019-06-17T03:12:41.563" activeThreads="4">
  <mem-info id="33" free="6444744" total="8388608" percent="76">
    <mem type="nursery" free="392544" total="2097152" percent="18">
      <mem type="allocate" free="392544" total="1048576" percent="37" />
      <mem type="survivor" free="0" total="1048576" percent="0" />
    </mem>
    <mem type="tenure" free="6052200" total="6291456" percent="96">
      <mem type="soa" free="5737832" total="5977088" percent="95" />
      <mem type="loa" free="314368" total="314368" percent="100" />
    </mem>
    <pending-finalizers system="0" default="0" reference="86" classloader="0" />
    <remembered-set count="1025" />
  </mem-info>
</gc-end>
<cycle-end id="34" type="scavenge" contextid="28" timestamp="2019-06-17T03:12:41.563" />
  <attribute name="elasticGC enabled" value="1" />
  <attribute name= "numThreadsSpecified" value="4" />
  <attribute name="heapSize specified" value="0" />
  <attribute name="Current GC Util" value="44" />
  <attribute name= "Current Time Running" value="132" />
  <attribute name ="GC Interval" value="576" />
  <attribute name="ProportionalT" value="36.000000" />
  <attribute name="ProportionalI" value="36.000000" />
  <attribute name="ProportionalH" value="36.000000" />
  <attribute name="Current Error" value="24.000000" />
  <attribute name="IntegralT" value="534.000000" />
  <attribute name="IntegralI" value="534.000000" />
  <attribute name="IntegralH" value="534.000000" />
  <attribute name="DerivativeT" value="2.250000" />
  <attribute name="DerivativeI" value="2.250000" />
  <attribute name="DerivativeH" value="2.250000" />
  <attribute name="Loop Time for DT" value="12.000000" />
  <attribute name="Output H" value="8388608"/>
  <attribute name="Output I" value="576"/>
  <attribute name="Output T" value="4"/>
  <attribute name="Target GC Util Change" value ="20.000000" />
  <attribute name="Current GC Util Change" value="44.000000"/>
  <attribute name="GC Util currently" value="44" />
  <attribute name="CPU Util currently" value="384043554271" />
<allocation-satisfied id="35" threadId="00000000010D6700" bytesRequested="7176" />
<af-end id="36" timestamp="2019-06-17T03:12:41.564" threadId="00000000010D7088" success="true" from="nursery"/>
<exclusive-end id="37" timestamp="2019-06-17T03:12:41.564" durationms="1.314" />

<exclusive-start id="38" timestamp="2019-06-17T03:12:41.723" intervalms="161.031">
  <response-info timems="0.169" idlems="0.169" threads="0" lastid="00000000010D6700" lastname="main" />
</exclusive-start>
<af-start id="39" threadId="00000000010D7088" totalBytesRequested="64" timestamp="2019-06-17T03:12:41.724" intervalms="161.372" type="nursery" />
<cycle-start id="40" type="scavenge" contextid="0" timestamp="2019-06-17T03:12:41.724" intervalms="161.657" />
<gc-start id="41" type="scavenge" contextid="40" timestamp="2019-06-17T03:12:41.724">
  <mem-info id="42" free="6048488" total="8388608" percent="72">
    <mem type="nursery" free="0" total="2097152" percent="0">
      <mem type="allocate" free="0" total="1048576" percent="0" />
      <mem type="survivor" free="0" total="1048576" percent="0" />
    </mem>
    <mem type="tenure" free="6048488" total="6291456" percent="96">
      <mem type="soa" free="5734120" total="5977088" percent="95" />
      <mem type="loa" free="314368" total="314368" percent="100" />
    </mem>
    <remembered-set count="1091" />
  </mem-info>
</gc-start>
<allocation-stats totalBytes="395960" >
  <allocated-bytes non-tlh="10888" tlh="385072" />
  <largest-consumer threadName="main" threadId="00000000010D6700" bytes="395960" />
</allocation-stats>
<gc-op id="43" type="scavenge" timems="4.807" contextid="40" timestamp="2019-06-17T03:12:41.730">
  <scavenger-info tenureage="3" tenuremask="7ff8" tiltratio="50" />
  <memory-copied type="nursery" objects="789" bytes="141888" bytesdiscarded="18608" />
  <memory-copied type="tenure" objects="10290" bytes="460032" bytesdiscarded="232" />
  <finalization candidates="13" enqueued="0" />
  <references type="soft" candidates="1" cleared="0" enqueued="0" dynamicThreshold="32" maxThreshold="32" />
  <references type="weak" candidates="61" cleared="46" enqueued="46" />
  <references type="phantom" candidates="19" cleared="10" enqueued="10" />
</gc-op>
<gc-end id="44" type="scavenge" contextid="40" durationms="5.769" usertimems="8.000" systemtimems="0.000" timestamp="2019-06-17T03:12:41.730" activeThreads="4">
  <mem-info id="45" free="6447544" total="8388608" percent="76">
    <mem type="nursery" free="888024" total="2097152" percent="42">
      <mem type="allocate" free="888024" total="1048576" percent="84" />
      <mem type="survivor" free="0" total="1048576" percent="0" />
    </mem>
    <mem type="tenure" free="5559520" total="6291456" percent="88">
      <mem type="soa" free="5245152" total="5977088" percent="87" />
      <mem type="loa" free="314368" total="314368" percent="100" />
    </mem>
    <pending-finalizers system="0" default="0" reference="56" classloader="0" />
    <remembered-set count="213" />
  </mem-info>
</gc-end>
<cycle-end id="46" type="scavenge" contextid="40" timestamp="2019-06-17T03:12:41.730" />
  <attribute name="elasticGC enabled" value="1" />
  <attribute name= "numThreadsSpecified" value="4" />
  <attribute name="heapSize specified" value="0" />
  <attribute name="Current GC Util" value="0" />
  <attribute name= "Current Time Running" value="295" />
  <attribute name ="GC Interval" value="200" />
  <attribute name="ProportionalT" value="-30.000000" />
  <attribute name="ProportionalI" value="-30.000000" />
  <attribute name="ProportionalH" value="-30.000000" />
  <attribute name="Current Error" value="-20.000000" />
  <attribute name="IntegralT" value="-2726.000000" />
  <attribute name="IntegralI" value="-2726.000000" />
  <attribute name="IntegralH" value="-2726.000000" />
  <attribute name="DerivativeT" value="-0.404908" />
  <attribute name="DerivativeI" value="-0.404908" />
  <attribute name="DerivativeH" value="-0.404908" />
  <attribute name="Loop Time for DT" value="163.000000" />
  <attribute name="Output H" value="2092630016"/>
  <attribute name="Output I" value="200"/>
  <attribute name="Output T" value="4"/>
  <attribute name="Target GC Util Change" value ="20.000000" />
  <attribute name="Current GC Util Change" value="0.000000"/>
  <attribute name="GC Util currently" value="0" />
  <attribute name="CPU Util currently" value="3" />
<allocation-satisfied id="47" threadId="00000000010D6700" bytesRequested="64" />
<af-end id="48" timestamp="2019-06-17T03:12:41.731" threadId="00000000010D7088" success="true" from="nursery"/>
<exclusive-end id="49" timestamp="2019-06-17T03:12:41.731" durationms="8.101" />

<exclusive-start id="50" timestamp="2019-06-17T03:12:43.898" intervalms="2174.628">
  <response-info timems="0.090" idlems="0.090" threads="0" lastid="00000000010D6700" lastname="main" />
</exclusive-start>
<af-start id="51" threadId="00000000010D7088" totalBytesRequested="2056" timestamp="2019-06-17T03:12:43.899" intervalms="2174.858" type="nursery" />
<cycle-start id="52" type="scavenge" contextid="0" timestamp="2019-06-17T03:12:43.899" intervalms="2175.146" />
<gc-start id="53" type="scavenge" contextid="52" timestamp="2019-06-17T03:12:43.900">
  <mem-info id="54" free="5558600" total="8388608" percent="66">
    <mem type="nursery" free="0" total="2097152" percent="0">
      <mem type="allocate" free="0" total="1048576" percent="0" />
      <mem type="survivor" free="0" total="1048576" percent="0" />
    </mem>
    <mem type="tenure" free="5558600" total="6291456" percent="88">
      <mem type="soa" free="5244232" total="5977088" percent="87" />
      <mem type="loa" free="314368" total="314368" percent="100" />
    </mem>
    <remembered-set count="228" />
  </mem-info>
</gc-start>
<allocation-stats totalBytes="883192" >
  <allocated-bytes non-tlh="984" tlh="882208" />
  <largest-consumer threadName="main" threadId="00000000010D6700" bytes="883192" />
</allocation-stats>
<gc-op id="55" type="scavenge" timems="4.895" contextid="52" timestamp="2019-06-17T03:12:43.906">
  <scavenger-info tenureage="3" tenuremask="7ff8" tiltratio="50" />
  <memory-copied type="nursery" objects="481" bytes="114056" bytesdiscarded="58928" />
  <memory-copied type="tenure" objects="303" bytes="15168" bytesdiscarded="0" />
  <finalization candidates="3" enqueued="1" />
  <references type="soft" candidates="1" cleared="0" enqueued="0" dynamicThreshold="32" maxThreshold="32" />
  <references type="weak" candidates="7" cleared="5" enqueued="5" />
  <references type="phantom" candidates="8" cleared="3" enqueued="3" />
</gc-op>
<gc-end id="56" type="scavenge" contextid="52" durationms="6.489" usertimems="4.000" systemtimems="0.000" timestamp="2019-06-17T03:12:43.906" activeThreads="4">
  <mem-info id="57" free="6394944" total="8388608" percent="76">
    <mem type="nursery" free="875512" total="2097152" percent="41">
      <mem type="allocate" free="875512" total="1048576" percent="83" />
      <mem type="survivor" free="0" total="1048576" percent="0" />
    </mem>
    <mem type="tenure" free="5519432" total="6291456" percent="87">
      <mem type="soa" free="5205064" total="5977088" percent="87" />
      <mem type="loa" free="314368" total="314368" percent="100" />
    </mem>
    <pending-finalizers system="1" default="0" reference="8" classloader="0" />
    <remembered-set count="175" />
  </mem-info>
</gc-end>
<cycle-end id="58" type="scavenge" contextid="52" timestamp="2019-06-17T03:12:43.907" />
  <attribute name="elasticGC enabled" value="1" />
  <attribute name= "numThreadsSpecified" value="4" />
  <attribute name="heapSize specified" value="0" />
  <attribute name="Current GC Util" value="0" />
  <attribute name= "Current Time Running" value="2471" />
  <attribute name ="GC Interval" value="200" />
  <attribute name="ProportionalT" value="-30.000000" />
  <attribute name="ProportionalI" value="-30.000000" />
  <attribute name="ProportionalH" value="-30.000000" />
  <attribute name="Current Error" value="-20.000000" />
  <attribute name="IntegralT" value="-46246.000000" />
  <attribute name="IntegralI" value="-46246.000000" />
  <attribute name="IntegralH" value="-46246.000000" />
  <attribute name="DerivativeT" value="-0.013787" />
  <attribute name="DerivativeI" value="-0.013787" />
  <attribute name="DerivativeH" value="-0.013787" />
  <attribute name="Loop Time for DT" value="2176.000000" />
  <attribute name="Output H" value="2092630016"/>
  <attribute name="Output I" value="200"/>
  <attribute name="Output T" value="4"/>
  <attribute name="Target GC Util Change" value ="20.000000" />
  <attribute name="Current GC Util Change" value="0.000000"/>
  <attribute name="GC Util currently" value="0" />
  <attribute name="CPU Util currently" value="4" />
<allocation-satisfied id="59" threadId="00000000010D6700" bytesRequested="2056" />
<af-end id="60" timestamp="2019-06-17T03:12:43.909" threadId="00000000010D7088" success="true" from="nursery"/>
<exclusive-end id="61" timestamp="2019-06-17T03:12:43.909" durationms="11.123" />

<exclusive-start id="62" timestamp="2019-06-17T03:12:46.372" intervalms="2473.950">
  <response-info timems="0.185" idlems="0.185" threads="0" lastid="00000000010D6700" lastname="main" />
</exclusive-start>
<af-start id="63" threadId="00000000010D7088" totalBytesRequested="2056" timestamp="2019-06-17T03:12:46.372" intervalms="2473.934" type="nursery" />
<cycle-start id="64" type="scavenge" contextid="0" timestamp="2019-06-17T03:12:46.373" intervalms="2473.870" />
<gc-start id="65" type="scavenge" contextid="64" timestamp="2019-06-17T03:12:46.374">
  <mem-info id="66" free="5519432" total="8388608" percent="65">
    <mem type="nursery" free="0" total="2097152" percent="0">
      <mem type="allocate" free="0" total="1048576" percent="0" />
      <mem type="survivor" free="0" total="1048576" percent="0" />
    </mem>
    <mem type="tenure" free="5519432" total="6291456" percent="87">
      <mem type="soa" free="5205064" total="5977088" percent="87" />
      <mem type="loa" free="314368" total="314368" percent="100" />
    </mem>
    <remembered-set count="177" />
  </mem-info>
</gc-start>
<allocation-stats totalBytes="868720" >
  <allocated-bytes non-tlh="2056" tlh="866664" />
  <largest-consumer threadName="main" threadId="00000000010D6700" bytes="868720" />
</allocation-stats>
<gc-op id="67" type="scavenge" timems="2.248" contextid="64" timestamp="2019-06-17T03:12:46.377">
  <scavenger-info tenureage="3" tenuremask="fff8" tiltratio="50" />
  <memory-copied type="nursery" objects="428" bytes="86912" bytesdiscarded="15936" />
  <memory-copied type="tenure" objects="29" bytes="1760" bytesdiscarded="0" />
  <finalization candidates="2" enqueued="0" />
  <references type="soft" candidates="1" cleared="0" enqueued="0" dynamicThreshold="32" maxThreshold="32" />
  <references type="weak" candidates="1" cleared="0" enqueued="0" />
  <references type="phantom" candidates="5" cleared="0" enqueued="0" />
</gc-op>
<gc-end id="68" type="scavenge" contextid="64" durationms="4.478" usertimems="0.000" systemtimems="4.000" timestamp="2019-06-17T03:12:46.378" activeThreads="4">
  <mem-info id="69" free="6556984" total="8388608" percent="78">
    <mem type="nursery" free="1076720" total="2097152" percent="51">
      <mem type="allocate" free="1076720" total="1179648" percent="91" />
      <mem type="survivor" free="0" total="917504" percent="0" />
    </mem>
    <mem type="tenure" free="5480264" total="6291456" percent="87">
      <mem type="soa" free="5165896" total="5977088" percent="86" />
      <mem type="loa" free="314368" total="314368" percent="100" />
    </mem>
    <remembered-set count="94" />
  </mem-info>
</gc-end>
<cycle-end id="70" type="scavenge" contextid="64" timestamp="2019-06-17T03:12:46.379" />
  <attribute name="elasticGC enabled" value="1" />
  <attribute name= "numThreadsSpecified" value="4" />
  <attribute name="heapSize specified" value="0" />
  <attribute name="Current GC Util" value="0" />
  <attribute name= "Current Time Running" value="4945" />
  <attribute name ="GC Interval" value="200" />
  <attribute name="ProportionalT" value="-30.000000" />
  <attribute name="ProportionalI" value="-30.000000" />
  <attribute name="ProportionalH" value="-30.000000" />
  <attribute name="Current Error" value="-20.000000" />
  <attribute name="IntegralT" value="-95726.000000" />
  <attribute name="IntegralI" value="-95726.000000" />
  <attribute name="IntegralH" value="-95726.000000" />
  <attribute name="DerivativeT" value="-0.012126" />
  <attribute name="DerivativeI" value="-0.012126" />
  <attribute name="DerivativeH" value="-0.012126" />
  <attribute name="Loop Time for DT" value="2474.000000" />
  <attribute name="Output H" value="2092630016"/>
  <attribute name="Output I" value="200"/>
  <attribute name="Output T" value="4"/>
  <attribute name="Target GC Util Change" value ="20.000000" />
  <attribute name="Current GC Util Change" value="0.000000"/>
  <attribute name="GC Util currently" value="0" />
  <attribute name="CPU Util currently" value="3" />
<allocation-satisfied id="71" threadId="00000000010D6700" bytesRequested="2056" />
<af-end id="72" timestamp="2019-06-17T03:12:46.380" threadId="00000000010D7088" success="true" from="nursery"/>
<exclusive-end id="73" timestamp="2019-06-17T03:12:46.380" durationms="8.449" />

<exclusive-start id="74" timestamp="2019-06-17T03:12:49.882" intervalms="3509.706">
  <response-info timems="0.181" idlems="0.181" threads="0" lastid="00000000010D6700" lastname="main" />
</exclusive-start>
<af-start id="75" threadId="00000000010D7088" totalBytesRequested="2056" timestamp="2019-06-17T03:12:49.882" intervalms="3509.638" type="nursery" />
<cycle-start id="76" type="scavenge" contextid="0" timestamp="2019-06-17T03:12:49.883" intervalms="3509.610" />
<gc-start id="77" type="scavenge" contextid="76" timestamp="2019-06-17T03:12:49.883">
  <mem-info id="78" free="5480264" total="8388608" percent="65">
    <mem type="nursery" free="0" total="2097152" percent="0">
      <mem type="allocate" free="0" total="1179648" percent="0" />
      <mem type="survivor" free="0" total="917504" percent="0" />
    </mem>
    <mem type="tenure" free="5480264" total="6291456" percent="87">
      <mem type="soa" free="5165896" total="5977088" percent="86" />
      <mem type="loa" free="314368" total="314368" percent="100" />
    </mem>
    <remembered-set count="94" />
  </mem-info>
</gc-start>
<allocation-stats totalBytes="1066928" >
  <allocated-bytes non-tlh="2056" tlh="1064872" />
  <largest-consumer threadName="main" threadId="00000000010D6700" bytes="1066928" />
</allocation-stats>
<gc-op id="79" type="scavenge" timems="4.497" contextid="76" timestamp="2019-06-17T03:12:49.889">
  <scavenger-info tenureage="3" tenuremask="fff8" tiltratio="56" />
  <memory-copied type="nursery" objects="114" bytes="25816" bytesdiscarded="52488" />
  <memory-copied type="tenure" objects="314" bytes="61072" bytesdiscarded="32" />
  <finalization candidates="2" enqueued="0" />
  <references type="weak" candidates="1" cleared="0" enqueued="0" />
  <references type="phantom" candidates="3" cleared="0" enqueued="0" />
</gc-op>
<gc-end id="80" type="scavenge" contextid="76" durationms="6.048" usertimems="8.000" systemtimems="0.000" timestamp="2019-06-17T03:12:49.889" activeThreads="4">
  <mem-info id="81" free="6617912" total="8388608" percent="78">
    <mem type="nursery" free="1232384" total="2097152" percent="58">
      <mem type="allocate" free="1232384" total="1310720" percent="94" />
      <mem type="survivor" free="0" total="786432" percent="0" />
    </mem>
    <mem type="tenure" free="5385528" total="6291456" percent="85">
      <mem type="soa" free="5071160" total="5977088" percent="84" />
      <mem type="loa" free="314368" total="314368" percent="100" />
    </mem>
    <remembered-set count="75" />
  </mem-info>
</gc-end>
<cycle-end id="82" type="scavenge" contextid="76" timestamp="2019-06-17T03:12:49.890" />
  <attribute name="elasticGC enabled" value="1" />
  <attribute name= "numThreadsSpecified" value="4" />
  <attribute name="heapSize specified" value="0" />
  <attribute name="Current GC Util" value="0" />
  <attribute name= "Current Time Running" value="8454" />
  <attribute name ="GC Interval" value="200" />
  <attribute name="ProportionalT" value="-30.000000" />
  <attribute name="ProportionalI" value="-30.000000" />
  <attribute name="ProportionalH" value="-30.000000" />
  <attribute name="Current Error" value="-20.000000" />
  <attribute name="IntegralT" value="-70180.000000" />
  <attribute name="IntegralI" value="-70180.000000" />
  <attribute name="IntegralH" value="-70180.000000" />
  <attribute name="DerivativeT" value="-0.008549" />
  <attribute name="DerivativeI" value="-0.008549" />
  <attribute name="DerivativeH" value="-0.008549" />
  <attribute name="Loop Time for DT" value="3509.000000" />
  <attribute name="Output H" value="2092630016"/>
  <attribute name="Output I" value="200"/>
  <attribute name="Output T" value="4"/>
  <attribute name="Target GC Util Change" value ="20.000000" />
  <attribute name="Current GC Util Change" value="0.000000"/>
  <attribute name="GC Util currently" value="0" />
  <attribute name="CPU Util currently" value="3" />
<allocation-satisfied id="83" threadId="00000000010D6700" bytesRequested="2056" />
<af-end id="84" timestamp="2019-06-17T03:12:49.891" threadId="00000000010D7088" success="true" from="nursery"/>
<exclusive-end id="85" timestamp="2019-06-17T03:12:49.891" durationms="9.375" />

<exclusive-start id="86" timestamp="2019-06-17T03:12:51.826" intervalms="1944.239">
  <response-info timems="0.044" idlems="0.044" threads="0" lastid="00000000010D6700" lastname="main" />
</exclusive-start>
<af-start id="87" threadId="00000000010D7088" totalBytesRequested="64" timestamp="2019-06-17T03:12:51.826" intervalms="1943.919" type="nursery" />
<cycle-start id="88" type="scavenge" contextid="0" timestamp="2019-06-17T03:12:51.826" intervalms="1943.606" />
<gc-start id="89" type="scavenge" contextid="88" timestamp="2019-06-17T03:12:51.827">
  <mem-info id="90" free="5380656" total="8388608" percent="64">
    <mem type="nursery" free="0" total="2097152" percent="0">
      <mem type="allocate" free="0" total="1310720" percent="0" />
      <mem type="survivor" free="0" total="786432" percent="0" />
    </mem>
    <mem type="tenure" free="5380656" total="6291456" percent="85">
      <mem type="soa" free="5066288" total="5977088" percent="84" />
      <mem type="loa" free="314368" total="314368" percent="100" />
    </mem>
    <remembered-set count="151" />
  </mem-info>
</gc-start>
<allocation-stats totalBytes="1236880" >
  <allocated-bytes non-tlh="175064" tlh="1061816" />
  <largest-consumer threadName="main" threadId="00000000010D6700" bytes="1236880" />
</allocation-stats>
<gc-op id="91" type="scavenge" timems="0.603" contextid="88" timestamp="2019-06-17T03:12:51.827">
  <scavenger-info tenureage="3" tenuremask="ffe8" tiltratio="62" />
  <memory-copied type="nursery" objects="827" bytes="333944" bytesdiscarded="90360" />
  <memory-copied type="tenure" objects="56" bytes="2264" bytesdiscarded="0" />
  <references type="soft" candidates="1" cleared="0" enqueued="0" dynamicThreshold="32" maxThreshold="32" />
  <references type="weak" candidates="174" cleared="124" enqueued="93" />
  <references type="phantom" candidates="24" cleared="0" enqueued="0" />
</gc-op>
<gc-end id="92" type="scavenge" contextid="88" durationms="1.096" usertimems="4.000" systemtimems="0.000" timestamp="2019-06-17T03:12:51.828" activeThreads="4">
  <mem-info id="93" free="6267040" total="8388608" percent="74">
    <mem type="nursery" free="886384" total="2097152" percent="42">
      <mem type="allocate" free="886384" total="1310720" percent="67" />
      <mem type="survivor" free="0" total="786432" percent="0" />
    </mem>
    <mem type="tenure" free="5380656" total="6291456" percent="85">
      <mem type="soa" free="5066288" total="5977088" percent="84" />
      <mem type="loa" free="314368" total="314368" percent="100" />
    </mem>
    <pending-finalizers system="0" default="0" reference="93" classloader="0" />
    <remembered-set count="144" />
  </mem-info>
</gc-end>
<cycle-end id="94" type="scavenge" contextid="88" timestamp="2019-06-17T03:12:51.828" />
  <attribute name="elasticGC enabled" value="1" />
  <attribute name= "numThreadsSpecified" value="4" />
  <attribute name="heapSize specified" value="0" />
  <attribute name="Current GC Util" value="0" />
  <attribute name= "Current Time Running" value="10397" />
  <attribute name ="GC Interval" value="200" />
  <attribute name="ProportionalT" value="-30.000000" />
  <attribute name="ProportionalI" value="-30.000000" />
  <attribute name="ProportionalH" value="-30.000000" />
  <attribute name="Current Error" value="-20.000000" />
  <attribute name="IntegralT" value="-38860.000000" />
  <attribute name="IntegralI" value="-38860.000000" />
  <attribute name="IntegralH" value="-38860.000000" />
  <attribute name="DerivativeT" value="-0.015440" />
  <attribute name="DerivativeI" value="-0.015440" />
  <attribute name="DerivativeH" value="-0.015440" />
  <attribute name="Loop Time for DT" value="1943.000000" />
  <attribute name="Output H" value="2092630016"/>
  <attribute name="Output I" value="200"/>
  <attribute name="Output T" value="4"/>
  <attribute name="Target GC Util Change" value ="20.000000" />
  <attribute name="Current GC Util Change" value="0.000000"/>
  <attribute name="GC Util currently" value="0" />
  <attribute name="CPU Util currently" value="2" />
<allocation-satisfied id="95" threadId="00000000010D6700" bytesRequested="64" />
<af-end id="96" timestamp="2019-06-17T03:12:51.828" threadId="00000000010D7088" success="true" from="nursery"/>
<exclusive-end id="97" timestamp="2019-06-17T03:12:51.828" durationms="2.123" />

<exclusive-start id="98" timestamp="2019-06-17T03:12:51.877" intervalms="51.049">
  <response-info timems="0.072" idlems="0.072" threads="0" lastid="00000000010D6700" lastname="main" />
</exclusive-start>
<af-start id="99" threadId="00000000010D7088" totalBytesRequested="8504" timestamp="2019-06-17T03:12:51.877" intervalms="50.934" type="nursery" />
<cycle-start id="100" type="scavenge" contextid="0" timestamp="2019-06-17T03:12:51.877" intervalms="50.859" />
<gc-start id="101" type="scavenge" contextid="100" timestamp="2019-06-17T03:12:51.877">
  <mem-info id="102" free="5369720" total="8388608" percent="64">
    <mem type="nursery" free="0" total="2097152" percent="0">
      <mem type="allocate" free="0" total="1310720" percent="0" />
      <mem type="survivor" free="0" total="786432" percent="0" />
    </mem>
    <mem type="tenure" free="5369720" total="6291456" percent="85">
      <mem type="soa" free="5055352" total="5977088" percent="84" />
      <mem type="loa" free="314368" total="314368" percent="100" />
    </mem>
    <remembered-set count="340" />
  </mem-info>
</gc-start>
<allocation-stats totalBytes="874912" >
  <allocated-bytes non-tlh="11000" tlh="863912" />
  <largest-consumer threadName="main" threadId="00000000010D6700" bytes="874912" />
</allocation-stats>
<gc-op id="103" type="scavenge" timems="0.470" contextid="100" timestamp="2019-06-17T03:12:51.878">
  <scavenger-info tenureage="3" tenuremask="ffe8" tiltratio="62" />
  <memory-copied type="nursery" objects="2739" bytes="425296" bytesdiscarded="40040" />
  <finalization candidates="32" enqueued="0" />
  <ownableSynchronizers candidates="4" cleared="3" />
  <references type="soft" candidates="3" cleared="0" enqueued="0" dynamicThreshold="32" maxThreshold="32" />
  <references type="weak" candidates="363" cleared="112" enqueued="79" />
  <references type="phantom" candidates="27" cleared="3" enqueued="3" />
</gc-op>
<gc-end id="104" type="scavenge" contextid="100" durationms="0.916" usertimems="0.000" systemtimems="0.000" timestamp="2019-06-17T03:12:51.878" activeThreads="4">
  <mem-info id="105" free="6346048" total="8388608" percent="75">
    <mem type="nursery" free="976328" total="2097152" percent="46">
      <mem type="allocate" free="976328" total="1441792" percent="67" />
      <mem type="survivor" free="0" total="655360" percent="0" />
    </mem>
    <mem type="tenure" free="5369720" total="6291456" percent="85">
      <mem type="soa" free="5055352" total="5977088" percent="84" />
      <mem type="loa" free="314368" total="314368" percent="100" />
    </mem>
    <pending-finalizers system="0" default="0" reference="82" classloader="0" />
    <remembered-set count="337" />
  </mem-info>
</gc-end>
<cycle-end id="106" type="scavenge" contextid="100" timestamp="2019-06-17T03:12:51.878" />
  <attribute name="elasticGC enabled" value="1" />
  <attribute name= "numThreadsSpecified" value="4" />
  <attribute name="heapSize specified" value="0" />
  <attribute name="Current GC Util" value="1" />
  <attribute name= "Current Time Running" value="10447" />
  <attribute name ="GC Interval" value="200" />
  <attribute name="ProportionalT" value="-28.500000" />
  <attribute name="ProportionalI" value="-28.500000" />
  <attribute name="ProportionalH" value="-28.500000" />
  <attribute name="Current Error" value="-19.000000" />
  <attribute name="IntegralT" value="-950.000000" />
  <attribute name="IntegralI" value="-950.000000" />
  <attribute name="IntegralH" value="-950.000000" />
  <attribute name="DerivativeT" value="-0.570000" />
  <attribute name="DerivativeI" value="-0.570000" />
  <attribute name="DerivativeH" value="-0.570000" />
  <attribute name="Loop Time for DT" value="50.000000" />
  <attribute name="Output H" value="2092630016"/>
  <attribute name="Output I" value="200"/>
  <attribute name="Output T" value="4"/>
  <attribute name="Target GC Util Change" value ="20.000000" />
  <attribute name="Current GC Util Change" value="1.000000"/>
  <attribute name="GC Util currently" value="1" />
  <attribute name="CPU Util currently" value="5" />
<allocation-satisfied id="107" threadId="00000000010D6700" bytesRequested="8504" />
<af-end id="108" timestamp="2019-06-17T03:12:51.878" threadId="00000000010D7088" success="true" from="nursery"/>
<exclusive-end id="109" timestamp="2019-06-17T03:12:51.879" durationms="1.703" />

<exclusive-start id="110" timestamp="2019-06-17T03:12:51.880" intervalms="3.331">
  <response-info timems="0.046" idlems="0.046" threads="0" lastid="00000000010D6700" lastname="main" />
</exclusive-start>
<af-start id="111" threadId="00000000010D7088" totalBytesRequested="6904" timestamp="2019-06-17T03:12:51.880" intervalms="3.311" type="nursery" />
<cycle-start id="112" type="scavenge" contextid="0" timestamp="2019-06-17T03:12:51.880" intervalms="3.290" />
<gc-start id="113" type="scavenge" contextid="112" timestamp="2019-06-17T03:12:51.881">
  <mem-info id="114" free="5369720" total="8388608" percent="64">
    <mem type="nursery" free="0" total="2097152" percent="0">
      <mem type="allocate" free="0" total="1441792" percent="0" />
      <mem type="survivor" free="0" total="655360" percent="0" />
    </mem>
    <mem type="tenure" free="5369720" total="6291456" percent="85">
      <mem type="soa" free="5055352" total="5977088" percent="84" />
      <mem type="loa" free="314368" total="314368" percent="100" />
    </mem>
    <remembered-set count="339" />
  </mem-info>
</gc-start>
<allocation-stats totalBytes="934688" >
  <allocated-bytes non-tlh="8504" tlh="926184" />
  <largest-consumer threadName="main" threadId="00000000010D6700" bytes="930592" />
</allocation-stats>
<gc-op id="115" type="scavenge" timems="0.600" contextid="112" timestamp="2019-06-17T03:12:51.881">
  <scavenger-info tenureage="3" tenuremask="fff8" tiltratio="68" />
  <memory-copied type="nursery" objects="2698" bytes="435224" bytesdiscarded="61840" />
  <finalization candidates="32" enqueued="0" />
  <ownableSynchronizers candidates="1" cleared="0" />
  <references type="soft" candidates="3" cleared="0" enqueued="0" dynamicThreshold="32" maxThreshold="32" />
  <references type="weak" candidates="251" cleared="0" enqueued="0" />
  <references type="phantom" candidates="24" cleared="0" enqueued="0" />
</gc-op>
<gc-end id="116" type="scavenge" contextid="112" durationms="0.904" usertimems="0.000" systemtimems="0.000" timestamp="2019-06-17T03:12:51.881" activeThreads="4">
  <mem-info id="117" free="6445408" total="8388608" percent="76">
    <mem type="nursery" free="1075688" total="2097152" percent="51">
      <mem type="allocate" free="1075688" total="1572864" percent="68" />
      <mem type="survivor" free="0" total="524288" percent="0" />
    </mem>
    <mem type="tenure" free="5369720" total="6291456" percent="85">
      <mem type="soa" free="5055352" total="5977088" percent="84" />
      <mem type="loa" free="314368" total="314368" percent="100" />
    </mem>
    <remembered-set count="289" />
  </mem-info>
</gc-end>
<cycle-end id="118" type="scavenge" contextid="112" timestamp="2019-06-17T03:12:51.882" />
  <attribute name="elasticGC enabled" value="1" />
  <attribute name= "numThreadsSpecified" value="4" />
  <attribute name="heapSize specified" value="0" />
  <attribute name="Current GC Util" value="29" />
  <attribute name= "Current Time Running" value="10451" />
  <attribute name ="GC Interval" value="200" />
  <attribute name="ProportionalT" value="13.500000" />
  <attribute name="ProportionalI" value="13.500000" />
  <attribute name="ProportionalH" value="13.500000" />
  <attribute name="Current Error" value="9.000000" />
  <attribute name="IntegralT" value="36.000000" />
  <attribute name="IntegralI" value="36.000000" />
  <attribute name="IntegralH" value="36.000000" />
  <attribute name="DerivativeT" value="3.375000" />
  <attribute name="DerivativeI" value="3.375000" />
  <attribute name="DerivativeH" value="3.375000" />
  <attribute name="Loop Time for DT" value="4.000000" />
  <attribute name="Output H" value="8388608"/>
  <attribute name="Output I" value="200"/>
  <attribute name="Output T" value="4"/>
  <attribute name="Target GC Util Change" value ="20.000000" />
  <attribute name="Current GC Util Change" value="29.000000"/>
  <attribute name="GC Util currently" value="29" />
  <attribute name="CPU Util currently" value="1475622420108" />
<allocation-satisfied id="119" threadId="00000000010D6700" bytesRequested="6904" />
<af-end id="120" timestamp="2019-06-17T03:12:51.882" threadId="00000000010D7088" success="true" from="nursery"/>
<exclusive-end id="121" timestamp="2019-06-17T03:12:51.882" durationms="1.659" />

<exclusive-start id="122" timestamp="2019-06-17T03:12:51.883" intervalms="3.084">
  <response-info timems="0.064" idlems="0.041" threads="1" lastid="00000000010DA300" lastname="JIT Compilation Thread-0" />
</exclusive-start>
<af-start id="123" threadId="00000000010D7088" totalBytesRequested="17544" timestamp="2019-06-17T03:12:51.883" intervalms="3.081" type="nursery" />
<cycle-start id="124" type="scavenge" contextid="0" timestamp="2019-06-17T03:12:51.883" intervalms="3.040" />
<gc-start id="125" type="scavenge" contextid="124" timestamp="2019-06-17T03:12:51.883">
  <mem-info id="126" free="5369720" total="8388608" percent="64">
    <mem type="nursery" free="0" total="2097152" percent="0">
      <mem type="allocate" free="0" total="1572864" percent="0" />
      <mem type="survivor" free="0" total="524288" percent="0" />
    </mem>
    <mem type="tenure" free="5369720" total="6291456" percent="85">
      <mem type="soa" free="5055352" total="5977088" percent="84" />
      <mem type="loa" free="314368" total="314368" percent="100" />
    </mem>
    <remembered-set count="289" />
  </mem-info>
</gc-start>
<allocation-stats totalBytes="986200" >
  <allocated-bytes non-tlh="6904" tlh="979296" />
  <largest-consumer threadName="main" threadId="00000000010D6700" bytes="986200" />
</allocation-stats>
<gc-op id="127" type="scavenge" timems="0.462" contextid="124" timestamp="2019-06-17T03:12:51.884">
  <scavenger-info tenureage="3" tenuremask="fff8" tiltratio="75" />
  <memory-copied type="nursery" objects="2004" bytes="100704" bytesdiscarded="55888" />
  <memory-copied type="tenure" objects="694" bytes="329752" bytesdiscarded="712" />
  <finalization candidates="32" enqueued="0" />
  <ownableSynchronizers candidates="1" cleared="0" />
  <references type="soft" candidates="2" cleared="0" enqueued="0" dynamicThreshold="32" maxThreshold="32" />
  <references type="weak" candidates="201" cleared="0" enqueued="0" />
</gc-op>
<gc-end id="128" type="scavenge" contextid="124" durationms="0.684" usertimems="0.000" systemtimems="0.000" timestamp="2019-06-17T03:12:51.884" activeThreads="4">
  <mem-info id="129" free="6457944" total="8388608" percent="76">
    <mem type="nursery" free="1416192" total="2097152" percent="67">
      <mem type="allocate" free="1416192" total="1572864" percent="90" />
      <mem type="survivor" free="0" total="524288" percent="0" />
    </mem>
    <mem type="tenure" free="5041752" total="6291456" percent="80">
      <mem type="soa" free="4727384" total="5977088" percent="79" />
      <mem type="loa" free="314368" total="314368" percent="100" />
    </mem>
    <remembered-set count="174" />
  </mem-info>
</gc-end>
<cycle-end id="130" type="scavenge" contextid="124" timestamp="2019-06-17T03:12:51.884" />
  <attribute name="elasticGC enabled" value="1" />
  <attribute name= "numThreadsSpecified" value="4" />
  <attribute name="heapSize specified" value="0" />
  <attribute name="Current GC Util" value="29" />
  <attribute name= "Current Time Running" value="10453" />
  <attribute name ="GC Interval" value="200" />
  <attribute name="ProportionalT" value="13.500000" />
  <attribute name="ProportionalI" value="13.500000" />
  <attribute name="ProportionalH" value="13.500000" />
  <attribute name="Current Error" value="9.000000" />
  <attribute name="IntegralT" value="18.000000" />
  <attribute name="IntegralI" value="18.000000" />
  <attribute name="IntegralH" value="18.000000" />
  <attribute name="DerivativeT" value="0.000000" />
  <attribute name="DerivativeI" value="0.000000" />
  <attribute name="DerivativeH" value="0.000000" />
  <attribute name="Loop Time for DT" value="2.000000" />
  <attribute name="Output H" value="8388608"/>
  <attribute name="Output I" value="200"/>
  <attribute name="Output T" value="4"/>
  <attribute name="Target GC Util Change" value ="20.000000" />
  <attribute name="Current GC Util Change" value="29.000000"/>
  <attribute name="GC Util currently" value="29" />
  <attribute name="CPU Util currently" value="1589968456069" />
<allocation-satisfied id="131" threadId="00000000010D6700" bytesRequested="17544" />
<af-end id="132" timestamp="2019-06-17T03:12:51.884" threadId="00000000010D7088" success="true" from="nursery"/>
<exclusive-end id="133" timestamp="2019-06-17T03:12:51.885" durationms="1.265" />

<exclusive-start id="134" timestamp="2019-06-17T03:12:51.886" intervalms="2.671">
  <response-info timems="0.021" idlems="0.021" threads="0" lastid="00000000010D6700" lastname="main" />
</exclusive-start>
<af-start id="135" threadId="00000000010D7088" totalBytesRequested="10896" timestamp="2019-06-17T03:12:51.886" intervalms="2.638" type="nursery" />
<cycle-start id="136" type="scavenge" contextid="0" timestamp="2019-06-17T03:12:51.886" intervalms="2.617" />
<gc-start id="137" type="scavenge" contextid="136" timestamp="2019-06-17T03:12:51.886">
  <mem-info id="138" free="5041752" total="8388608" percent="60">
    <mem type="nursery" free="0" total="2097152" percent="0">
      <mem type="allocate" free="0" total="1572864" percent="0" />
      <mem type="survivor" free="0" total="524288" percent="0" />
    </mem>
    <mem type="tenure" free="5041752" total="6291456" percent="80">
      <mem type="soa" free="4727384" total="5977088" percent="79" />
      <mem type="loa" free="314368" total="314368" percent="100" />
    </mem>
    <remembered-set count="174" />
  </mem-info>
</gc-start>
<allocation-stats totalBytes="1322464" >
  <allocated-bytes non-tlh="17544" tlh="1304920" />
  <largest-consumer threadName="main" threadId="00000000010D6700" bytes="1322464" />
</allocation-stats>
<gc-op id="139" type="scavenge" timems="0.309" contextid="136" timestamp="2019-06-17T03:12:51.887">
  <scavenger-info tenureage="3" tenuremask="ffe8" tiltratio="75" />
  <memory-copied type="nursery" objects="6" bytes="23880" bytesdiscarded="76240" />
  <memory-copied type="tenure" objects="1998" bytes="89824" bytesdiscarded="96" />
  <finalization candidates="32" enqueued="0" />
  <ownableSynchronizers candidates="1" cleared="0" />
</gc-op>
<gc-end id="140" type="scavenge" contextid="136" durationms="0.488" usertimems="0.000" systemtimems="0.000" timestamp="2019-06-17T03:12:51.887" activeThreads="4">
  <mem-info id="141" free="6501696" total="8388608" percent="77">
    <mem type="nursery" free="1538280" total="2097152" percent="73">
      <mem type="allocate" free="1538280" total="1638400" percent="93" />
      <mem type="survivor" free="0" total="458752" percent="0" />
    </mem>
    <mem type="tenure" free="4963416" total="6291456" percent="78">
      <mem type="soa" free="4649048" total="5977088" percent="77" />
      <mem type="loa" free="314368" total="314368" percent="100" />
    </mem>
    <remembered-set count="61" />
  </mem-info>
</gc-end>
<cycle-end id="142" type="scavenge" contextid="136" timestamp="2019-06-17T03:12:51.887" />
  <attribute name="elasticGC enabled" value="1" />
  <attribute name= "numThreadsSpecified" value="4" />
  <attribute name="heapSize specified" value="0" />
  <attribute name="Current GC Util" value="32" />
  <attribute name= "Current Time Running" value="10456" />
  <attribute name ="GC Interval" value="200" />
  <attribute name="ProportionalT" value="18.000000" />
  <attribute name="ProportionalI" value="18.000000" />
  <attribute name="ProportionalH" value="18.000000" />
  <attribute name="Current Error" value="12.000000" />
  <attribute name="IntegralT" value="36.000000" />
  <attribute name="IntegralI" value="36.000000" />
  <attribute name="IntegralH" value="36.000000" />
  <attribute name="DerivativeT" value="1.500000" />
  <attribute name="DerivativeI" value="1.500000" />
  <attribute name="DerivativeH" value="1.500000" />
  <attribute name="Loop Time for DT" value="3.000000" />
  <attribute name="Output H" value="8388608"/>
  <attribute name="Output I" value="200"/>
  <attribute name="Output T" value="4"/>
  <attribute name="Target GC Util Change" value ="20.000000" />
  <attribute name="Current GC Util Change" value="32.000000"/>
  <attribute name="GC Util currently" value="32" />
  <attribute name="CPU Util currently" value="1764223014733" />
<allocation-satisfied id="143" threadId="00000000010D6700" bytesRequested="10896" />
<af-end id="144" timestamp="2019-06-17T03:12:51.887" threadId="00000000010D7088" success="true" from="nursery"/>
<exclusive-end id="145" timestamp="2019-06-17T03:12:51.887" durationms="0.971" />

<exclusive-start id="146" timestamp="2019-06-17T03:12:51.888" intervalms="2.059">
  <response-info timems="0.026" idlems="0.026" threads="0" lastid="00000000010D6700" lastname="main" />
</exclusive-start>
<af-start id="147" threadId="00000000010D7088" totalBytesRequested="25296" timestamp="2019-06-17T03:12:51.888" intervalms="2.051" type="nursery" />
<cycle-start id="148" type="scavenge" contextid="0" timestamp="2019-06-17T03:12:51.888" intervalms="2.051" />
<gc-start id="149" type="scavenge" contextid="148" timestamp="2019-06-17T03:12:51.888">
  <mem-info id="150" free="4963416" total="8388608" percent="59">
    <mem type="nursery" free="0" total="2097152" percent="0">
      <mem type="allocate" free="0" total="1638400" percent="0" />
      <mem type="survivor" free="0" total="458752" percent="0" />
    </mem>
    <mem type="tenure" free="4963416" total="6291456" percent="78">
      <mem type="soa" free="4649048" total="5977088" percent="77" />
      <mem type="loa" free="314368" total="314368" percent="100" />
    </mem>
    <remembered-set count="61" />
  </mem-info>
</gc-start>
<allocation-stats totalBytes="1345048" >
  <allocated-bytes non-tlh="10896" tlh="1334152" />
  <largest-consumer threadName="main" threadId="00000000010D6700" bytes="1345048" />
</allocation-stats>
<gc-op id="151" type="scavenge" timems="0.139" contextid="148" timestamp="2019-06-17T03:12:51.888">
  <scavenger-info tenureage="3" tenuremask="ffe8" tiltratio="78" />
  <memory-copied type="nursery" objects="2" bytes="12680" bytesdiscarded="26488" />
  <memory-copied type="tenure" objects="4" bytes="2080" bytesdiscarded="0" />
</gc-op>
<gc-end id="152" type="scavenge" contextid="148" durationms="0.310" usertimems="0.000" systemtimems="0.000" timestamp="2019-06-17T03:12:51.888" activeThreads="4">
  <mem-info id="153" free="6628184" total="8388608" percent="79">
    <mem type="nursery" free="1664768" total="2097152" percent="79">
      <mem type="allocate" free="1664768" total="1703936" percent="97" />
      <mem type="survivor" free="0" total="393216" percent="0" />
    </mem>
    <mem type="tenure" free="4963416" total="6291456" percent="78">
      <mem type="soa" free="4649048" total="5977088" percent="77" />
      <mem type="loa" free="314368" total="314368" percent="100" />
    </mem>
    <remembered-set count="57" />
  </mem-info>
</gc-end>
<cycle-end id="154" type="scavenge" contextid="148" timestamp="2019-06-17T03:12:51.889" />
  <attribute name="elasticGC enabled" value="1" />
  <attribute name= "numThreadsSpecified" value="4" />
  <attribute name="heapSize specified" value="0" />
  <attribute name="Current GC Util" value="30" />
  <attribute name= "Current Time Running" value="10458" />
  <attribute name ="GC Interval" value="200" />
  <attribute name="ProportionalT" value="15.000000" />
  <attribute name="ProportionalI" value="15.000000" />
  <attribute name="ProportionalH" value="15.000000" />
  <attribute name="Current Error" value="10.000000" />
  <attribute name="IntegralT" value="20.000000" />
  <attribute name="IntegralI" value="20.000000" />
  <attribute name="IntegralH" value="20.000000" />
  <attribute name="DerivativeT" value="-1.500000" />
  <attribute name="DerivativeI" value="-1.500000" />
  <attribute name="DerivativeH" value="-1.500000" />
  <attribute name="Loop Time for DT" value="2.000000" />
  <attribute name="Output H" value="8388608"/>
  <attribute name="Output I" value="200"/>
  <attribute name="Output T" value="4"/>
  <attribute name="Target GC Util Change" value ="20.000000" />
  <attribute name="Current GC Util Change" value="30.000000"/>
  <attribute name="GC Util currently" value="30" />
  <attribute name="CPU Util currently" value="2255127447405" />
<allocation-satisfied id="155" threadId="00000000010D6700" bytesRequested="25296" />
<af-end id="156" timestamp="2019-06-17T03:12:51.889" threadId="00000000010D7088" success="true" from="nursery"/>
<exclusive-end id="157" timestamp="2019-06-17T03:12:51.889" durationms="0.699" />

<exclusive-start id="158" timestamp="2019-06-17T03:12:51.890" intervalms="1.582">
  <response-info timems="0.019" idlems="0.019" threads="0" lastid="00000000010D6700" lastname="main" />
</exclusive-start>
<af-start id="159" threadId="00000000010D7088" totalBytesRequested="14376" timestamp="2019-06-17T03:12:51.890" intervalms="1.583" type="nursery" />
<cycle-start id="160" type="scavenge" contextid="0" timestamp="2019-06-17T03:12:51.890" intervalms="1.577" />
<gc-start id="161" type="scavenge" contextid="160" timestamp="2019-06-17T03:12:51.890">
  <mem-info id="162" free="4963416" total="8388608" percent="59">
    <mem type="nursery" free="0" total="2097152" percent="0">
      <mem type="allocate" free="0" total="1703936" percent="0" />
      <mem type="survivor" free="0" total="393216" percent="0" />
    </mem>
    <mem type="tenure" free="4963416" total="6291456" percent="78">
      <mem type="soa" free="4649048" total="5977088" percent="77" />
      <mem type="loa" free="314368" total="314368" percent="100" />
    </mem>
    <remembered-set count="57" />
  </mem-info>
</gc-start>
<allocation-stats totalBytes="1501520" >
  <allocated-bytes non-tlh="25296" tlh="1476224" />
  <largest-consumer threadName="main" threadId="00000000010D6700" bytes="1501520" />
</allocation-stats>
<gc-op id="163" type="scavenge" timems="0.125" contextid="160" timestamp="2019-06-17T03:12:51.890">
  <scavenger-info tenureage="3" tenuremask="ffe8" tiltratio="81" />
  <memory-copied type="nursery" objects="4" bytes="14456" bytesdiscarded="24712" />
</gc-op>
<gc-end id="164" type="scavenge" contextid="160" durationms="0.294" usertimems="0.000" systemtimems="0.000" timestamp="2019-06-17T03:12:51.890" activeThreads="4">
  <mem-info id="165" free="6693720" total="8388608" percent="79">
    <mem type="nursery" free="1730304" total="2097152" percent="82">
      <mem type="allocate" free="1730304" total="1769472" percent="97" />
      <mem type="survivor" free="0" total="327680" percent="0" />
    </mem>
    <mem type="tenure" free="4963416" total="6291456" percent="78">
      <mem type="soa" free="4649048" total="5977088" percent="77" />
      <mem type="loa" free="314368" total="314368" percent="100" />
    </mem>
    <remembered-set count="57" />
  </mem-info>
</gc-end>
<cycle-end id="166" type="scavenge" contextid="160" timestamp="2019-06-17T03:12:51.890" />
  <attribute name="elasticGC enabled" value="1" />
  <attribute name= "numThreadsSpecified" value="4" />
  <attribute name="heapSize specified" value="0" />
  <attribute name="Current GC Util" value="23" />
  <attribute name= "Current Time Running" value="10460" />
  <attribute name ="GC Interval" value="200" />
  <attribute name="ProportionalT" value="4.500000" />
  <attribute name="ProportionalI" value="4.500000" />
  <attribute name="ProportionalH" value="4.500000" />
  <attribute name="Current Error" value="3.000000" />
  <attribute name="IntegralT" value="6.000000" />
  <attribute name="IntegralI" value="6.000000" />
  <attribute name="IntegralH" value="6.000000" />
  <attribute name="DerivativeT" value="-5.250000" />
  <attribute name="DerivativeI" value="-5.250000" />
  <attribute name="DerivativeH" value="-5.250000" />
  <attribute name="Loop Time for DT" value="2.000000" />
  <attribute name="Output H" value="8388608"/>
  <attribute name="Output I" value="200"/>
  <attribute name="Output T" value="4"/>
  <attribute name="Target GC Util Change" value ="20.000000" />
  <attribute name="Current GC Util Change" value="23.000000"/>
  <attribute name="GC Util currently" value="23" />
  <attribute name="CPU Util currently" value="2925775295773" />
<allocation-satisfied id="167" threadId="00000000010D6700" bytesRequested="14376" />
<af-end id="168" timestamp="2019-06-17T03:12:51.890" threadId="00000000010D7088" success="true" from="nursery"/>
<exclusive-end id="169" timestamp="2019-06-17T03:12:51.890" durationms="0.672" />

<exclusive-start id="170" timestamp="2019-06-17T03:12:51.891" intervalms="1.551">
  <response-info timems="0.019" idlems="0.019" threads="0" lastid="00000000010D6700" lastname="main" />
</exclusive-start>
<af-start id="171" threadId="00000000010D7088" totalBytesRequested="31768" timestamp="2019-06-17T03:12:51.891" intervalms="1.550" type="nursery" />
<cycle-start id="172" type="scavenge" contextid="0" timestamp="2019-06-17T03:12:51.891" intervalms="1.552" />
<gc-start id="173" type="scavenge" contextid="172" timestamp="2019-06-17T03:12:51.891">
  <mem-info id="174" free="4963416" total="8388608" percent="59">
    <mem type="nursery" free="0" total="2097152" percent="0">
      <mem type="allocate" free="0" total="1769472" percent="0" />
      <mem type="survivor" free="0" total="327680" percent="0" />
    </mem>
    <mem type="tenure" free="4963416" total="6291456" percent="78">
      <mem type="soa" free="4649048" total="5977088" percent="77" />
      <mem type="loa" free="314368" total="314368" percent="100" />
    </mem>
    <remembered-set count="57" />
  </mem-info>
</gc-start>
<allocation-stats totalBytes="1529448" >
  <allocated-bytes non-tlh="14376" tlh="1515072" />
  <largest-consumer threadName="main" threadId="00000000010D6700" bytes="1529448" />
</allocation-stats>
<gc-op id="175" type="scavenge" timems="0.119" contextid="172" timestamp="2019-06-17T03:12:51.891">
  <scavenger-info tenureage="3" tenuremask="fff8" tiltratio="84" />
  <memory-copied type="nursery" objects="2" bytes="15912" bytesdiscarded="23256" />
</gc-op>
<gc-end id="176" type="scavenge" contextid="172" durationms="0.288" usertimems="0.000" systemtimems="0.000" timestamp="2019-06-17T03:12:51.892" activeThreads="4">
  <mem-info id="177" free="6759256" total="8388608" percent="80">
    <mem type="nursery" free="1795840" total="2097152" percent="85">
      <mem type="allocate" free="1795840" total="1835008" percent="97" />
      <mem type="survivor" free="0" total="262144" percent="0" />
    </mem>
    <mem type="tenure" free="4963416" total="6291456" percent="78">
      <mem type="soa" free="4649048" total="5977088" percent="77" />
      <mem type="loa" free="314368" total="314368" percent="100" />
    </mem>
    <remembered-set count="57" />
  </mem-info>
</gc-end>
<cycle-end id="178" type="scavenge" contextid="172" timestamp="2019-06-17T03:12:51.892" />
  <attribute name="elasticGC enabled" value="1" />
  <attribute name= "numThreadsSpecified" value="4" />
  <attribute name="heapSize specified" value="0" />
  <attribute name="Current GC Util" value="22" />
  <attribute name= "Current Time Running" value="10461" />
  <attribute name ="GC Interval" value="200" />
  <attribute name="ProportionalT" value="3.000000" />
  <attribute name="ProportionalI" value="3.000000" />
  <attribute name="ProportionalH" value="3.000000" />
  <attribute name="Current Error" value="2.000000" />
  <attribute name="IntegralT" value="2.000000" />
  <attribute name="IntegralI" value="2.000000" />
  <attribute name="IntegralH" value="2.000000" />
  <attribute name="DerivativeT" value="-1.500000" />
  <attribute name="DerivativeI" value="-1.500000" />
  <attribute name="DerivativeH" value="-1.500000" />
  <attribute name="Loop Time for DT" value="1.000000" />
  <attribute name="Output H" value="8388608"/>
  <attribute name="Output I" value="200"/>
  <attribute name="Output T" value="4"/>
  <attribute name="Target GC Util Change" value ="20.000000" />
  <attribute name="Current GC Util Change" value="22.000000"/>
  <attribute name="GC Util currently" value="22" />
  <attribute name="CPU Util currently" value="2972201716880" />
<allocation-satisfied id="179" threadId="00000000010D6700" bytesRequested="31768" />
<af-end id="180" timestamp="2019-06-17T03:12:51.892" threadId="00000000010D7088" success="true" from="nursery"/>
<exclusive-end id="181" timestamp="2019-06-17T03:12:51.892" durationms="0.722" />

<exclusive-start id="182" timestamp="2019-06-17T03:12:51.893" intervalms="1.684">
  <response-info timems="0.024" idlems="0.024" threads="0" lastid="00000000010D6700" lastname="main" />
</exclusive-start>
<af-start id="183" threadId="00000000010D7088" totalBytesRequested="34728" timestamp="2019-06-17T03:12:51.893" intervalms="1.683" type="nursery" />
<cycle-start id="184" type="scavenge" contextid="0" timestamp="2019-06-17T03:12:51.893" intervalms="1.681" />
<gc-start id="185" type="scavenge" contextid="184" timestamp="2019-06-17T03:12:51.893">
  <mem-info id="186" free="4963416" total="8388608" percent="59">
    <mem type="nursery" free="0" total="2097152" percent="0">
      <mem type="allocate" free="0" total="1835008" percent="0" />
      <mem type="survivor" free="0" total="262144" percent="0" />
    </mem>
    <mem type="tenure" free="4963416" total="6291456" percent="78">
      <mem type="soa" free="4649048" total="5977088" percent="77" />
      <mem type="loa" free="314368" total="314368" percent="100" />
    </mem>
    <remembered-set count="57" />
  </mem-info>
</gc-start>
<allocation-stats totalBytes="1596072" >
  <allocated-bytes non-tlh="31768" tlh="1564304" />
  <largest-consumer threadName="main" threadId="00000000010D6700" bytes="1596072" />
</allocation-stats>
<gc-op id="187" type="scavenge" timems="0.152" contextid="184" timestamp="2019-06-17T03:12:51.893">
  <scavenger-info tenureage="3" tenuremask="fff8" tiltratio="87" />
  <memory-copied type="nursery" objects="2" bytes="17392" bytesdiscarded="21776" />
</gc-op>
<gc-end id="188" type="scavenge" contextid="184" durationms="0.320" usertimems="0.000" systemtimems="0.000" timestamp="2019-06-17T03:12:51.893" activeThreads="4">
  <mem-info id="189" free="6759256" total="8388608" percent="80">
    <mem type="nursery" free="1795840" total="2097152" percent="85">
      <mem type="allocate" free="1795840" total="1835008" percent="97" />
      <mem type="survivor" free="0" total="262144" percent="0" />
    </mem>
    <mem type="tenure" free="4963416" total="6291456" percent="78">
      <mem type="soa" free="4649048" total="5977088" percent="77" />
      <mem type="loa" free="314368" total="314368" percent="100" />
    </mem>
    <remembered-set count="57" />
  </mem-info>
</gc-end>
<cycle-end id="190" type="scavenge" contextid="184" timestamp="2019-06-17T03:12:51.893" />
  <attribute name="elasticGC enabled" value="1" />
  <attribute name= "numThreadsSpecified" value="4" />
  <attribute name="heapSize specified" value="0" />
  <attribute name="Current GC Util" value="21" />
  <attribute name= "Current Time Running" value="10463" />
  <attribute name ="GC Interval" value="200" />
  <attribute name="ProportionalT" value="1.500000" />
  <attribute name="ProportionalI" value="1.500000" />
  <attribute name="ProportionalH" value="1.500000" />
  <attribute name="Current Error" value="1.000000" />
  <attribute name="IntegralT" value="2.000000" />
  <attribute name="IntegralI" value="2.000000" />
  <attribute name="IntegralH" value="2.000000" />
  <attribute name="DerivativeT" value="-0.750000" />
  <attribute name="DerivativeI" value="-0.750000" />
  <attribute name="DerivativeH" value="-0.750000" />
  <attribute name="Loop Time for DT" value="2.000000" />
  <attribute name="Output H" value="8388608"/>
  <attribute name="Output I" value="200"/>
  <attribute name="Output T" value="4"/>
  <attribute name="Target GC Util Change" value ="20.000000" />
  <attribute name="Current GC Util Change" value="21.000000"/>
  <attribute name="GC Util currently" value="21" />
  <attribute name="CPU Util currently" value="2736012587650" />
<allocation-satisfied id="191" threadId="00000000010D6700" bytesRequested="34728" />
<af-end id="192" timestamp="2019-06-17T03:12:51.893" threadId="00000000010D7088" success="true" from="nursery"/>
<exclusive-end id="193" timestamp="2019-06-17T03:12:51.893" durationms="0.697" />

<exclusive-start id="194" timestamp="2019-06-17T03:12:51.894" intervalms="1.596">
  <response-info timems="0.019" idlems="0.019" threads="0" lastid="00000000010D6700" lastname="main" />
</exclusive-start>
<af-start id="195" threadId="00000000010D7088" totalBytesRequested="36992" timestamp="2019-06-17T03:12:51.894" intervalms="1.615" type="nursery" />
<cycle-start id="196" type="scavenge" contextid="0" timestamp="2019-06-17T03:12:51.895" intervalms="1.621" />
<gc-start id="197" type="scavenge" contextid="196" timestamp="2019-06-17T03:12:51.895">
  <mem-info id="198" free="4963416" total="8388608" percent="59">
    <mem type="nursery" free="0" total="2097152" percent="0">
      <mem type="allocate" free="0" total="1835008" percent="0" />
      <mem type="survivor" free="0" total="262144" percent="0" />
    </mem>
    <mem type="tenure" free="4963416" total="6291456" percent="78">
      <mem type="soa" free="4649048" total="5977088" percent="77" />
      <mem type="loa" free="314368" total="314368" percent="100" />
    </mem>
    <remembered-set count="57" />
  </mem-info>
</gc-start>
<allocation-stats totalBytes="1507472" >
  <allocated-bytes non-tlh="34728" tlh="1472744" />
  <largest-consumer threadName="main" threadId="00000000010D6700" bytes="1507472" />
</allocation-stats>
<gc-op id="199" type="scavenge" timems="0.137" contextid="196" timestamp="2019-06-17T03:12:51.895">
  <scavenger-info tenureage="3" tenuremask="fff8" tiltratio="87" />
  <memory-copied type="nursery" objects="2" bytes="18528" bytesdiscarded="20640" />
</gc-op>
<gc-end id="200" type="scavenge" contextid="196" durationms="0.308" usertimems="0.000" systemtimems="0.000" timestamp="2019-06-17T03:12:51.895" activeThreads="4">
  <mem-info id="201" free="6759256" total="8388608" percent="80">
    <mem type="nursery" free="1795840" total="2097152" percent="85">
      <mem type="allocate" free="1795840" total="1835008" percent="97" />
      <mem type="survivor" free="0" total="262144" percent="0" />
    </mem>
    <mem type="tenure" free="4963416" total="6291456" percent="78">
      <mem type="soa" free="4649048" total="5977088" percent="77" />
      <mem type="loa" free="314368" total="314368" percent="100" />
    </mem>
    <remembered-set count="57" />
  </mem-info>
</gc-end>
<cycle-end id="202" type="scavenge" contextid="196" timestamp="2019-06-17T03:12:51.895" />
  <attribute name="elasticGC enabled" value="1" />
  <attribute name= "numThreadsSpecified" value="4" />
  <attribute name="heapSize specified" value="0" />
  <attribute name="Current GC Util" value="23" />
  <attribute name= "Current Time Running" value="10465" />
  <attribute name ="GC Interval" value="200" />
  <attribute name="ProportionalT" value="4.500000" />
  <attribute name="ProportionalI" value="4.500000" />
  <attribute name="ProportionalH" value="4.500000" />
  <attribute name="Current Error" value="3.000000" />
  <attribute name="IntegralT" value="6.000000" />
  <attribute name="IntegralI" value="6.000000" />
  <attribute name="IntegralH" value="6.000000" />
  <attribute name="DerivativeT" value="1.500000" />
  <attribute name="DerivativeI" value="1.500000" />
  <attribute name="DerivativeH" value="1.500000" />
  <attribute name="Loop Time for DT" value="2.000000" />
  <attribute name="Output H" value="8388608"/>
  <attribute name="Output I" value="200"/>
  <attribute name="Output T" value="4"/>
  <attribute name="Target GC Util Change" value ="20.000000" />
  <attribute name="Current GC Util Change" value="23.000000"/>
  <attribute name="GC Util currently" value="23" />
  <attribute name="CPU Util currently" value="2841911319862" />
<allocation-satisfied id="203" threadId="00000000010D6700" bytesRequested="36992" />
<af-end id="204" timestamp="2019-06-17T03:12:51.895" threadId="00000000010D7088" success="true" from="nursery"/>
<exclusive-end id="205" timestamp="2019-06-17T03:12:51.895" durationms="0.711" />

<exclusive-start id="206" timestamp="2019-06-17T03:12:51.896" intervalms="1.599">
  <response-info timems="0.023" idlems="0.023" threads="0" lastid="00000000010D6700" lastname="main" />
</exclusive-start>
<af-start id="207" threadId="00000000010D7088" totalBytesRequested="19824" timestamp="2019-06-17T03:12:51.896" intervalms="1.581" type="nursery" />
<cycle-start id="208" type="scavenge" contextid="0" timestamp="2019-06-17T03:12:51.896" intervalms="1.579" />
<gc-start id="209" type="scavenge" contextid="208" timestamp="2019-06-17T03:12:51.896">
  <mem-info id="210" free="4963416" total="8388608" percent="59">
    <mem type="nursery" free="0" total="2097152" percent="0">
      <mem type="allocate" free="0" total="1835008" percent="0" />
      <mem type="survivor" free="0" total="262144" percent="0" />
    </mem>
    <mem type="tenure" free="4963416" total="6291456" percent="78">
      <mem type="soa" free="4649048" total="5977088" percent="77" />
      <mem type="loa" free="314368" total="314368" percent="100" />
    </mem>
    <remembered-set count="57" />
  </mem-info>
</gc-start>
<allocation-stats totalBytes="1569040" >
  <allocated-bytes non-tlh="74208" tlh="1494832" />
  <largest-consumer threadName="main" threadId="00000000010D6700" bytes="1569040" />
</allocation-stats>
<gc-op id="211" type="scavenge" timems="0.126" contextid="208" timestamp="2019-06-17T03:12:51.896">
  <scavenger-info tenureage="3" tenuremask="fff8" tiltratio="87" />
  <memory-copied type="nursery" objects="2" bytes="39400" bytesdiscarded="39152" />
</gc-op>
<gc-end id="212" type="scavenge" contextid="208" durationms="0.292" usertimems="0.000" systemtimems="0.000" timestamp="2019-06-17T03:12:51.896" activeThreads="4">
  <mem-info id="213" free="6719872" total="8388608" percent="80">
    <mem type="nursery" free="1756456" total="2097152" percent="83">
      <mem type="allocate" free="1756456" total="1835008" percent="95" />
      <mem type="survivor" free="0" total="262144" percent="0" />
    </mem>
    <mem type="tenure" free="4963416" total="6291456" percent="78">
      <mem type="soa" free="4649048" total="5977088" percent="77" />
      <mem type="loa" free="314368" total="314368" percent="100" />
    </mem>
    <remembered-set count="57" />
  </mem-info>
</gc-end>
<cycle-end id="214" type="scavenge" contextid="208" timestamp="2019-06-17T03:12:51.897" />
  <attribute name="elasticGC enabled" value="1" />
  <attribute name= "numThreadsSpecified" value="4" />
  <attribute name="heapSize specified" value="0" />
  <attribute name="Current GC Util" value="23" />
  <attribute name= "Current Time Running" value="10466" />
  <attribute name ="GC Interval" value="200" />
  <attribute name="ProportionalT" value="4.500000" />
  <attribute name="ProportionalI" value="4.500000" />
  <attribute name="ProportionalH" value="4.500000" />
  <attribute name="Current Error" value="3.000000" />
  <attribute name="IntegralT" value="3.000000" />
  <attribute name="IntegralI" value="3.000000" />
  <attribute name="IntegralH" value="3.000000" />
  <attribute name="DerivativeT" value="0.000000" />
  <attribute name="DerivativeI" value="0.000000" />
  <attribute name="DerivativeH" value="0.000000" />
  <attribute name="Loop Time for DT" value="1.000000" />
  <attribute name="Output H" value="8388608"/>
  <attribute name="Output I" value="200"/>
  <attribute name="Output T" value="4"/>
  <attribute name="Target GC Util Change" value ="20.000000" />
  <attribute name="Current GC Util Change" value="23.000000"/>
  <attribute name="GC Util currently" value="23" />
  <attribute name="CPU Util currently" value="2933536135836" />
<allocation-satisfied id="215" threadId="00000000010D6700" bytesRequested="19824" />
<af-end id="216" timestamp="2019-06-17T03:12:51.897" threadId="00000000010D7088" success="true" from="nursery"/>
<exclusive-end id="217" timestamp="2019-06-17T03:12:51.897" durationms="0.674" />

<exclusive-start id="218" timestamp="2019-06-17T03:12:51.898" intervalms="1.552">
  <response-info timems="0.019" idlems="0.019" threads="0" lastid="00000000010D6700" lastname="main" />
</exclusive-start>
<af-start id="219" threadId="00000000010D7088" totalBytesRequested="41632" timestamp="2019-06-17T03:12:51.898" intervalms="1.553" type="nursery" />
<cycle-start id="220" type="scavenge" contextid="0" timestamp="2019-06-17T03:12:51.898" intervalms="1.549" />
<gc-start id="221" type="scavenge" contextid="220" timestamp="2019-06-17T03:12:51.898">
  <mem-info id="222" free="4963416" total="8388608" percent="59">
    <mem type="nursery" free="0" total="2097152" percent="0">
      <mem type="allocate" free="0" total="1835008" percent="0" />
      <mem type="survivor" free="0" total="262144" percent="0" />
    </mem>
    <mem type="tenure" free="4963416" total="6291456" percent="78">
      <mem type="soa" free="4649048" total="5977088" percent="77" />
      <mem type="loa" free="314368" total="314368" percent="100" />
    </mem>
    <remembered-set count="57" />
  </mem-info>
</gc-start>
<allocation-stats totalBytes="1502360" >
  <allocated-bytes non-tlh="59464" tlh="1442896" />
  <largest-consumer threadName="main" threadId="00000000010D6700" bytes="1502360" />
</allocation-stats>
<gc-op id="223" type="scavenge" timems="0.138" contextid="220" timestamp="2019-06-17T03:12:51.898">
  <scavenger-info tenureage="3" tenuremask="fff8" tiltratio="87" />
  <memory-copied type="nursery" objects="2" bytes="20840" bytesdiscarded="18328" />
</gc-op>
<gc-end id="224" type="scavenge" contextid="220" durationms="0.306" usertimems="0.000" systemtimems="0.000" timestamp="2019-06-17T03:12:51.898" activeThreads="4">
  <mem-info id="225" free="6759256" total="8388608" percent="80">
    <mem type="nursery" free="1795840" total="2097152" percent="85">
      <mem type="allocate" free="1795840" total="1835008" percent="97" />
      <mem type="survivor" free="0" total="262144" percent="0" />
    </mem>
    <mem type="tenure" free="4963416" total="6291456" percent="78">
      <mem type="soa" free="4649048" total="5977088" percent="77" />
      <mem type="loa" free="314368" total="314368" percent="100" />
    </mem>
    <remembered-set count="57" />
  </mem-info>
</gc-end>
<cycle-end id="226" type="scavenge" contextid="220" timestamp="2019-06-17T03:12:51.898" />
  <attribute name="elasticGC enabled" value="1" />
  <attribute name= "numThreadsSpecified" value="4" />
  <attribute name="heapSize specified" value="0" />
  <attribute name="Current GC Util" value="23" />
  <attribute name= "Current Time Running" value="10468" />
  <attribute name ="GC Interval" value="200" />
  <attribute name="ProportionalT" value="4.500000" />
  <attribute name="ProportionalI" value="4.500000" />
  <attribute name="ProportionalH" value="4.500000" />
  <attribute name="Current Error" value="3.000000" />
  <attribute name="IntegralT" value="6.000000" />
  <attribute name="IntegralI" value="6.000000" />
  <attribute name="IntegralH" value="6.000000" />
  <attribute name="DerivativeT" value="0.000000" />
  <attribute name="DerivativeI" value="0.000000" />
  <attribute name="DerivativeH" value="0.000000" />
  <attribute name="Loop Time for DT" value="2.000000" />
  <attribute name="Output H" value="8388608"/>
  <attribute name="Output I" value="200"/>
  <attribute name="Output T" value="4"/>
  <attribute name="Target GC Util Change" value ="20.000000" />
  <attribute name="Current GC Util Change" value="23.000000"/>
  <attribute name="GC Util currently" value="23" />
  <attribute name="CPU Util currently" value="2975104714646" />
<allocation-satisfied id="227" threadId="00000000010D6700" bytesRequested="41632" />
<af-end id="228" timestamp="2019-06-17T03:12:51.898" threadId="00000000010D7088" success="true" from="nursery"/>
<exclusive-end id="229" timestamp="2019-06-17T03:12:51.898" durationms="0.681" />

<exclusive-start id="230" timestamp="2019-06-17T03:12:51.899" intervalms="1.549">
  <response-info timems="0.019" idlems="0.019" threads="0" lastid="00000000010D6700" lastname="main" />
</exclusive-start>
<af-start id="231" threadId="00000000010D7088" totalBytesRequested="43632" timestamp="2019-06-17T03:12:51.899" intervalms="1.547" type="nursery" />
<cycle-start id="232" type="scavenge" contextid="0" timestamp="2019-06-17T03:12:51.899" intervalms="1.548" />
<gc-start id="233" type="scavenge" contextid="232" timestamp="2019-06-17T03:12:51.899">
  <mem-info id="234" free="4963416" total="8388608" percent="59">
    <mem type="nursery" free="0" total="2097152" percent="0">
      <mem type="allocate" free="0" total="1835008" percent="0" />
      <mem type="survivor" free="0" total="262144" percent="0" />
    </mem>
    <mem type="tenure" free="4963416" total="6291456" percent="78">
      <mem type="soa" free="4649048" total="5977088" percent="77" />
      <mem type="loa" free="314368" total="314368" percent="100" />
    </mem>
    <remembered-set count="57" />
  </mem-info>
</gc-start>
<allocation-stats totalBytes="1534304" >
  <allocated-bytes non-tlh="125120" tlh="1409184" />
  <largest-consumer threadName="main" threadId="00000000010D6700" bytes="1534304" />
</allocation-stats>
<gc-op id="235" type="scavenge" timems="0.124" contextid="232" timestamp="2019-06-17T03:12:51.899">
  <scavenger-info tenureage="3" tenuremask="fff8" tiltratio="87" />
  <memory-copied type="nursery" objects="2" bytes="21840" bytesdiscarded="17328" />
</gc-op>
<gc-end id="236" type="scavenge" contextid="232" durationms="0.291" usertimems="4.000" systemtimems="0.000" timestamp="2019-06-17T03:12:51.900" activeThreads="4">
  <mem-info id="237" free="6759256" total="8388608" percent="80">
    <mem type="nursery" free="1795840" total="2097152" percent="85">
      <mem type="allocate" free="1795840" total="1835008" percent="97" />
      <mem type="survivor" free="0" total="262144" percent="0" />
    </mem>
    <mem type="tenure" free="4963416" total="6291456" percent="78">
      <mem type="soa" free="4649048" total="5977088" percent="77" />
      <mem type="loa" free="314368" total="314368" percent="100" />
    </mem>
    <remembered-set count="57" />
  </mem-info>
</gc-end>
<cycle-end id="238" type="scavenge" contextid="232" timestamp="2019-06-17T03:12:51.900" />
  <attribute name="elasticGC enabled" value="1" />
  <attribute name= "numThreadsSpecified" value="4" />
  <attribute name="heapSize specified" value="0" />
  <attribute name="Current GC Util" value="23" />
  <attribute name= "Current Time Running" value="10469" />
  <attribute name ="GC Interval" value="200" />
  <attribute name="ProportionalT" value="4.500000" />
  <attribute name="ProportionalI" value="4.500000" />
  <attribute name="ProportionalH" value="4.500000" />
  <attribute name="Current Error" value="3.000000" />
  <attribute name="IntegralT" value="3.000000" />
  <attribute name="IntegralI" value="3.000000" />
  <attribute name="IntegralH" value="3.000000" />
  <attribute name="DerivativeT" value="0.000000" />
  <attribute name="DerivativeI" value="0.000000" />
  <attribute name="DerivativeH" value="0.000000" />
  <attribute name="Loop Time for DT" value="1.000000" />
  <attribute name="Output H" value="8388608"/>
  <attribute name="Output I" value="200"/>
  <attribute name="Output T" value="4"/>
  <attribute name="Target GC Util Change" value ="20.000000" />
  <attribute name="Current GC Util Change" value="23.000000"/>
  <attribute name="GC Util currently" value="23" />
  <attribute name="CPU Util currently" value="2971466321997" />
<allocation-satisfied id="239" threadId="00000000010D6700" bytesRequested="43632" />
<af-end id="240" timestamp="2019-06-17T03:12:51.900" threadId="00000000010D7088" success="true" from="nursery"/>
<exclusive-end id="241" timestamp="2019-06-17T03:12:51.900" durationms="0.701" />

<exclusive-start id="242" timestamp="2019-06-17T03:12:51.901" intervalms="1.566">
  <response-info timems="0.020" idlems="0.020" threads="0" lastid="00000000010D6700" lastname="main" />
</exclusive-start>
<af-start id="243" threadId="00000000010D7088" totalBytesRequested="22712" timestamp="2019-06-17T03:12:51.901" intervalms="1.565" type="nursery" />
<cycle-start id="244" type="scavenge" contextid="0" timestamp="2019-06-17T03:12:51.901" intervalms="1.568" />
<gc-start id="245" type="scavenge" contextid="244" timestamp="2019-06-17T03:12:51.901">
  <mem-info id="246" free="4963416" total="8388608" percent="59">
    <mem type="nursery" free="0" total="2097152" percent="0">
      <mem type="allocate" free="0" total="1835008" percent="0" />
      <mem type="survivor" free="0" total="262144" percent="0" />
    </mem>
    <mem type="tenure" free="4963416" total="6291456" percent="78">
      <mem type="soa" free="4649048" total="5977088" percent="77" />
      <mem type="loa" free="314368" total="314368" percent="100" />
    </mem>
    <remembered-set count="57" />
  </mem-info>
</gc-start>
<allocation-stats totalBytes="1492520" >
  <allocated-bytes non-tlh="131112" tlh="1361408" />
  <largest-consumer threadName="main" threadId="00000000010D6700" bytes="1492520" />
</allocation-stats>
<gc-op id="247" type="scavenge" timems="0.116" contextid="244" timestamp="2019-06-17T03:12:51.901">
  <scavenger-info tenureage="3" tenuremask="fff8" tiltratio="87" />
  <memory-copied type="nursery" objects="4" bytes="22792" bytesdiscarded="16376" />
</gc-op>
<gc-end id="248" type="scavenge" contextid="244" durationms="0.296" usertimems="0.000" systemtimems="0.000" timestamp="2019-06-17T03:12:51.901" activeThreads="4">
  <mem-info id="249" free="6759256" total="8388608" percent="80">
    <mem type="nursery" free="1795840" total="2097152" percent="85">
      <mem type="allocate" free="1795840" total="1835008" percent="97" />
      <mem type="survivor" free="0" total="262144" percent="0" />
    </mem>
    <mem type="tenure" free="4963416" total="6291456" percent="78">
      <mem type="soa" free="4649048" total="5977088" percent="77" />
      <mem type="loa" free="314368" total="314368" percent="100" />
    </mem>
    <remembered-set count="57" />
  </mem-info>
</gc-end>
<cycle-end id="250" type="scavenge" contextid="244" timestamp="2019-06-17T03:12:51.901" />
  <attribute name="elasticGC enabled" value="1" />
  <attribute name= "numThreadsSpecified" value="4" />
  <attribute name="heapSize specified" value="0" />
  <attribute name="Current GC Util" value="22" />
  <attribute name= "Current Time Running" value="10471" />
  <attribute name ="GC Interval" value="200" />
  <attribute name="ProportionalT" value="3.000000" />
  <attribute name="ProportionalI" value="3.000000" />
  <attribute name="ProportionalH" value="3.000000" />
  <attribute name="Current Error" value="2.000000" />
  <attribute name="IntegralT" value="4.000000" />
  <attribute name="IntegralI" value="4.000000" />
  <attribute name="IntegralH" value="4.000000" />
  <attribute name="DerivativeT" value="-0.750000" />
  <attribute name="DerivativeI" value="-0.750000" />
  <attribute name="DerivativeH" value="-0.750000" />
  <attribute name="Loop Time for DT" value="2.000000" />
  <attribute name="Output H" value="8388608"/>
  <attribute name="Output I" value="200"/>
  <attribute name="Output T" value="4"/>
  <attribute name="Target GC Util Change" value ="20.000000" />
  <attribute name="Current GC Util Change" value="22.000000"/>
  <attribute name="GC Util currently" value="22" />
  <attribute name="CPU Util currently" value="2941083145507" />
<allocation-satisfied id="251" threadId="00000000010D6700" bytesRequested="22712" />
<af-end id="252" timestamp="2019-06-17T03:12:51.901" threadId="00000000010D7088" success="true" from="nursery"/>
<exclusive-end id="253" timestamp="2019-06-17T03:12:51.901" durationms="0.678" />

<exclusive-start id="254" timestamp="2019-06-17T03:12:51.902" intervalms="1.568">
  <response-info timems="0.019" idlems="0.019" threads="0" lastid="00000000010D6700" lastname="main" />
</exclusive-start>
<af-start id="255" threadId="00000000010D7088" totalBytesRequested="23744" timestamp="2019-06-17T03:12:51.902" intervalms="1.569" type="nursery" />
<cycle-start id="256" type="scavenge" contextid="0" timestamp="2019-06-17T03:12:51.902" intervalms="1.570" />
<gc-start id="257" type="scavenge" contextid="256" timestamp="2019-06-17T03:12:51.903">
  <mem-info id="258" free="4963416" total="8388608" percent="59">
    <mem type="nursery" free="0" total="2097152" percent="0">
      <mem type="allocate" free="0" total="1835008" percent="0" />
      <mem type="survivor" free="0" total="262144" percent="0" />
    </mem>
    <mem type="tenure" free="4963416" total="6291456" percent="78">
      <mem type="soa" free="4649048" total="5977088" percent="77" />
      <mem type="loa" free="314368" total="314368" percent="100" />
    </mem>
    <remembered-set count="57" />
  </mem-info>
</gc-start>
<allocation-stats totalBytes="1555872" >
  <allocated-bytes non-tlh="159760" tlh="1396112" />
  <largest-consumer threadName="main" threadId="00000000010D6700" bytes="1555872" />
</allocation-stats>
<gc-op id="259" type="scavenge" timems="0.151" contextid="256" timestamp="2019-06-17T03:12:51.903">
  <scavenger-info tenureage="3" tenuremask="fff8" tiltratio="87" />
  <memory-copied type="nursery" objects="2" bytes="47232" bytesdiscarded="39144" />
</gc-op>
<gc-end id="260" type="scavenge" contextid="256" durationms="0.337" usertimems="0.000" systemtimems="0.000" timestamp="2019-06-17T03:12:51.903" activeThreads="4">
  <mem-info id="261" free="6712048" total="8388608" percent="80">
    <mem type="nursery" free="1748632" total="2097152" percent="83">
      <mem type="allocate" free="1748632" total="1835008" percent="95" />
      <mem type="survivor" free="0" total="262144" percent="0" />
    </mem>
    <mem type="tenure" free="4963416" total="6291456" percent="78">
      <mem type="soa" free="4649048" total="5977088" percent="77" />
      <mem type="loa" free="314368" total="314368" percent="100" />
    </mem>
    <remembered-set count="57" />
  </mem-info>
</gc-end>
<cycle-end id="262" type="scavenge" contextid="256" timestamp="2019-06-17T03:12:51.903" />
  <attribute name="elasticGC enabled" value="1" />
  <attribute name= "numThreadsSpecified" value="4" />
  <attribute name="heapSize specified" value="0" />
  <attribute name="Current GC Util" value="21" />
  <attribute name= "Current Time Running" value="10472" />
  <attribute name ="GC Interval" value="200" />
  <attribute name="ProportionalT" value="1.500000" />
  <attribute name="ProportionalI" value="1.500000" />
  <attribute name="ProportionalH" value="1.500000" />
  <attribute name="Current Error" value="1.000000" />
  <attribute name="IntegralT" value="1.000000" />
  <attribute name="IntegralI" value="1.000000" />
  <attribute name="IntegralH" value="1.000000" />
  <attribute name="DerivativeT" value="-1.500000" />
  <attribute name="DerivativeI" value="-1.500000" />
  <attribute name="DerivativeH" value="-1.500000" />
  <attribute name="Loop Time for DT" value="1.000000" />
  <attribute name="Output H" value="8388608"/>
  <attribute name="Output I" value="200"/>
  <attribute name="Output T" value="4"/>
  <attribute name="Target GC Util Change" value ="20.000000" />
  <attribute name="Current GC Util Change" value="21.000000"/>
  <attribute name="GC Util currently" value="21" />
  <attribute name="CPU Util currently" value="2684874845026" />
<allocation-satisfied id="263" threadId="00000000010D6700" bytesRequested="23744" />
<af-end id="264" timestamp="2019-06-17T03:12:51.903" threadId="00000000010D7088" success="true" from="nursery"/>
<exclusive-end id="265" timestamp="2019-06-17T03:12:51.903" durationms="0.871" />

<exclusive-start id="266" timestamp="2019-06-17T03:12:51.904" intervalms="1.769">
  <response-info timems="0.021" idlems="0.021" threads="0" lastid="00000000010D6700" lastname="main" />
</exclusive-start>
<af-start id="267" threadId="00000000010D7088" totalBytesRequested="49152" timestamp="2019-06-17T03:12:51.904" intervalms="1.769" type="nursery" />
<cycle-start id="268" type="scavenge" contextid="0" timestamp="2019-06-17T03:12:51.904" intervalms="1.769" />
<gc-start id="269" type="scavenge" contextid="268" timestamp="2019-06-17T03:12:51.904">
  <mem-info id="270" free="4963416" total="8388608" percent="59">
    <mem type="nursery" free="0" total="2097152" percent="0">
      <mem type="allocate" free="0" total="1835008" percent="0" />
      <mem type="survivor" free="0" total="262144" percent="0" />
    </mem>
    <mem type="tenure" free="4963416" total="6291456" percent="78">
      <mem type="soa" free="4649048" total="5977088" percent="77" />
      <mem type="loa" free="314368" total="314368" percent="100" />
    </mem>
    <remembered-set count="57" />
  </mem-info>
</gc-start>
<allocation-stats totalBytes="1497552" >
  <allocated-bytes non-tlh="166840" tlh="1330712" />
  <largest-consumer threadName="main" threadId="00000000010D6700" bytes="1497552" />
</allocation-stats>
<gc-op id="271" type="scavenge" timems="0.135" contextid="268" timestamp="2019-06-17T03:12:51.904">
  <scavenger-info tenureage="3" tenuremask="fff8" tiltratio="87" />
  <memory-copied type="nursery" objects="2" bytes="24600" bytesdiscarded="14568" />
</gc-op>
<gc-end id="272" type="scavenge" contextid="268" durationms="0.301" usertimems="0.000" systemtimems="0.000" timestamp="2019-06-17T03:12:51.904" activeThreads="4">
  <mem-info id="273" free="6759256" total="8388608" percent="80">
    <mem type="nursery" free="1795840" total="2097152" percent="85">
      <mem type="allocate" free="1795840" total="1835008" percent="97" />
      <mem type="survivor" free="0" total="262144" percent="0" />
    </mem>
    <mem type="tenure" free="4963416" total="6291456" percent="78">
      <mem type="soa" free="4649048" total="5977088" percent="77" />
      <mem type="loa" free="314368" total="314368" percent="100" />
    </mem>
    <remembered-set count="57" />
  </mem-info>
</gc-end>
<cycle-end id="274" type="scavenge" contextid="268" timestamp="2019-06-17T03:12:51.905" />
  <attribute name="elasticGC enabled" value="1" />
  <attribute name= "numThreadsSpecified" value="4" />
  <attribute name="heapSize specified" value="0" />
  <attribute name="Current GC Util" value="22" />
  <attribute name= "Current Time Running" value="10474" />
  <attribute name ="GC Interval" value="200" />
  <attribute name="ProportionalT" value="3.000000" />
  <attribute name="ProportionalI" value="3.000000" />
  <attribute name="ProportionalH" value="3.000000" />
  <attribute name="Current Error" value="2.000000" />
  <attribute name="IntegralT" value="4.000000" />
  <attribute name="IntegralI" value="4.000000" />
  <attribute name="IntegralH" value="4.000000" />
  <attribute name="DerivativeT" value="0.750000" />
  <attribute name="DerivativeI" value="0.750000" />
  <attribute name="DerivativeH" value="0.750000" />
  <attribute name="Loop Time for DT" value="2.000000" />
  <attribute name="Output H" value="8388608"/>
  <attribute name="Output I" value="200"/>
  <attribute name="Output T" value="4"/>
  <attribute name="Target GC Util Change" value ="20.000000" />
  <attribute name="Current GC Util Change" value="22.000000"/>
  <attribute name="GC Util currently" value="22" />
  <attribute name="CPU Util currently" value="2854659947390" />
<allocation-satisfied id="275" threadId="00000000010D6700" bytesRequested="49152" />
<af-end id="276" timestamp="2019-06-17T03:12:51.905" threadId="00000000010D7088" success="true" from="nursery"/>
<exclusive-end id="277" timestamp="2019-06-17T03:12:51.905" durationms="0.675" />

<exclusive-start id="278" timestamp="2019-06-17T03:12:51.905" intervalms="1.504">
  <response-info timems="0.019" idlems="0.019" threads="0" lastid="00000000010D6700" lastname="main" />
</exclusive-start>
<af-start id="279" threadId="00000000010D7088" totalBytesRequested="25608" timestamp="2019-06-17T03:12:51.906" intervalms="1.506" type="nursery" />
<cycle-start id="280" type="scavenge" contextid="0" timestamp="2019-06-17T03:12:51.906" intervalms="1.505" />
<gc-start id="281" type="scavenge" contextid="280" timestamp="2019-06-17T03:12:51.906">
  <mem-info id="282" free="4963416" total="8388608" percent="59">
    <mem type="nursery" free="0" total="2097152" percent="0">
      <mem type="allocate" free="0" total="1835008" percent="0" />
      <mem type="survivor" free="0" total="262144" percent="0" />
    </mem>
    <mem type="tenure" free="4963416" total="6291456" percent="78">
      <mem type="soa" free="4649048" total="5977088" percent="77" />
      <mem type="loa" free="314368" total="314368" percent="100" />
    </mem>
    <remembered-set count="57" />
  </mem-info>
</gc-start>
<allocation-stats totalBytes="1583296" >
  <allocated-bytes non-tlh="247496" tlh="1335800" />
  <largest-consumer threadName="main" threadId="00000000010D6700" bytes="1583296" />
</allocation-stats>
<gc-op id="283" type="scavenge" timems="0.121" contextid="280" timestamp="2019-06-17T03:12:51.906">
  <scavenger-info tenureage="14" tenuremask="4000" tiltratio="87" />
  <memory-copied type="nursery" objects="4" bytes="25688" bytesdiscarded="13480" />
</gc-op>
<gc-end id="284" type="scavenge" contextid="280" durationms="0.288" usertimems="0.000" systemtimems="0.000" timestamp="2019-06-17T03:12:51.906" activeThreads="4">
  <mem-info id="285" free="6759256" total="8388608" percent="80">
    <mem type="nursery" free="1795840" total="2097152" percent="85">
      <mem type="allocate" free="1795840" total="1835008" percent="97" />
      <mem type="survivor" free="0" total="262144" percent="0" />
    </mem>
    <mem type="tenure" free="4963416" total="6291456" percent="78">
      <mem type="soa" free="4649048" total="5977088" percent="77" />
      <mem type="loa" free="314368" total="314368" percent="100" />
    </mem>
    <remembered-set count="57" />
  </mem-info>
</gc-end>
<cycle-end id="286" type="scavenge" contextid="280" timestamp="2019-06-17T03:12:51.906" />
  <attribute name="elasticGC enabled" value="1" />
  <attribute name= "numThreadsSpecified" value="4" />
  <attribute name="heapSize specified" value="0" />
  <attribute name="Current GC Util" value="24" />
  <attribute name= "Current Time Running" value="10476" />
  <attribute name ="GC Interval" value="200" />
  <attribute name="ProportionalT" value="6.000000" />
  <attribute name="ProportionalI" value="6.000000" />
  <attribute name="ProportionalH" value="6.000000" />
  <attribute name="Current Error" value="4.000000" />
  <attribute name="IntegralT" value="8.000000" />
  <attribute name="IntegralI" value="8.000000" />
  <attribute name="IntegralH" value="8.000000" />
  <attribute name="DerivativeT" value="1.500000" />
  <attribute name="DerivativeI" value="1.500000" />
  <attribute name="DerivativeH" value="1.500000" />
  <attribute name="Loop Time for DT" value="2.000000" />
  <attribute name="Output H" value="8388608"/>
  <attribute name="Output I" value="200"/>
  <attribute name="Output T" value="4"/>
  <attribute name="Target GC Util Change" value ="20.000000" />
  <attribute name="Current GC Util Change" value="24.000000"/>
  <attribute name="GC Util currently" value="24" />
  <attribute name="CPU Util currently" value="3065180066359" />
<allocation-satisfied id="287" threadId="00000000010D6700" bytesRequested="25608" />
<af-end id="288" timestamp="2019-06-17T03:12:51.906" threadId="00000000010D7088" success="true" from="nursery"/>
<exclusive-end id="289" timestamp="2019-06-17T03:12:51.906" durationms="0.674" />

<exclusive-start id="290" timestamp="2019-06-17T03:12:51.907" intervalms="1.580">
  <response-info timems="0.018" idlems="0.018" threads="0" lastid="00000000010D6700" lastname="main" />
</exclusive-start>
<af-start id="291" threadId="00000000010D7088" totalBytesRequested="26512" timestamp="2019-06-17T03:12:51.907" intervalms="1.579" type="nursery" />
<cycle-start id="292" type="scavenge" contextid="0" timestamp="2019-06-17T03:12:51.907" intervalms="1.577" />
<gc-start id="293" type="scavenge" contextid="292" timestamp="2019-06-17T03:12:51.907">
  <mem-info id="294" free="4963416" total="8388608" percent="59">
    <mem type="nursery" free="0" total="2097152" percent="0">
      <mem type="allocate" free="0" total="1835008" percent="0" />
      <mem type="survivor" free="0" total="262144" percent="0" />
    </mem>
    <mem type="tenure" free="4963416" total="6291456" percent="78">
      <mem type="soa" free="4649048" total="5977088" percent="77" />
      <mem type="loa" free="314368" total="314368" percent="100" />
    </mem>
    <remembered-set count="57" />
  </mem-info>
</gc-start>
<allocation-stats totalBytes="1563904" >
  <allocated-bytes non-tlh="231368" tlh="1332536" />
  <largest-consumer threadName="main" threadId="00000000010D6700" bytes="1563904" />
</allocation-stats>
<gc-op id="295" type="scavenge" timems="0.125" contextid="292" timestamp="2019-06-17T03:12:51.907">
  <scavenger-info tenureage="14" tenuremask="4000" tiltratio="87" />
  <memory-copied type="nursery" objects="4" bytes="26592" bytesdiscarded="12576" />
</gc-op>
<gc-end id="296" type="scavenge" contextid="292" durationms="0.297" usertimems="0.000" systemtimems="0.000" timestamp="2019-06-17T03:12:51.908" activeThreads="4">
  <mem-info id="297" free="6759256" total="8388608" percent="80">
    <mem type="nursery" free="1795840" total="2097152" percent="85">
      <mem type="allocate" free="1795840" total="1835008" percent="97" />
      <mem type="survivor" free="0" total="262144" percent="0" />
    </mem>
    <mem type="tenure" free="4963416" total="6291456" percent="78">
      <mem type="soa" free="4649048" total="5977088" percent="77" />
      <mem type="loa" free="314368" total="314368" percent="100" />
    </mem>
    <remembered-set count="57" />
  </mem-info>
</gc-end>
<cycle-end id="298" type="scavenge" contextid="292" timestamp="2019-06-17T03:12:51.908" />
  <attribute name="elasticGC enabled" value="1" />
  <attribute name= "numThreadsSpecified" value="4" />
  <attribute name="heapSize specified" value="0" />
  <attribute name="Current GC Util" value="22" />
  <attribute name= "Current Time Running" value="10477" />
  <attribute name ="GC Interval" value="200" />
  <attribute name="ProportionalT" value="3.000000" />
  <attribute name="ProportionalI" value="3.000000" />
  <attribute name="ProportionalH" value="3.000000" />
  <attribute name="Current Error" value="2.000000" />
  <attribute name="IntegralT" value="2.000000" />
  <attribute name="IntegralI" value="2.000000" />
  <attribute name="IntegralH" value="2.000000" />
  <attribute name="DerivativeT" value="-3.000000" />
  <attribute name="DerivativeI" value="-3.000000" />
  <attribute name="DerivativeH" value="-3.000000" />
  <attribute name="Loop Time for DT" value="1.000000" />
  <attribute name="Output H" value="8388608"/>
  <attribute name="Output I" value="200"/>
  <attribute name="Output T" value="4"/>
  <attribute name="Target GC Util Change" value ="20.000000" />
  <attribute name="Current GC Util Change" value="22.000000"/>
  <attribute name="GC Util currently" value="22" />
  <attribute name="CPU Util currently" value="2914369106741" />
<allocation-satisfied id="299" threadId="00000000010D6700" bytesRequested="26512" />
<af-end id="300" timestamp="2019-06-17T03:12:51.908" threadId="00000000010D7088" success="true" from="nursery"/>
<exclusive-end id="301" timestamp="2019-06-17T03:12:51.908" durationms="0.678" />

<exclusive-start id="302" timestamp="2019-06-17T03:12:51.909" intervalms="1.531">
  <response-info timems="0.019" idlems="0.019" threads="0" lastid="00000000010D6700" lastname="main" />
</exclusive-start>
<sys-start reason="explicit" id="303" timestamp="2019-06-17T03:12:51.909" intervalms="10597.825" />
<cycle-start id="304" type="global" contextid="0" timestamp="2019-06-17T03:12:51.909" intervalms="10598.005" />
<gc-start id="305" type="global" contextid="304" timestamp="2019-06-17T03:12:51.909">
  <mem-info id="306" free="6479264" total="8388608" percent="77">
    <mem type="nursery" free="1515848" total="2097152" percent="72">
      <mem type="allocate" free="1515848" total="1835008" percent="82" />
      <mem type="survivor" free="0" total="262144" percent="0" />
    </mem>
    <mem type="tenure" free="4963416" total="6291456" percent="78">
      <mem type="soa" free="4649048" total="5977088" percent="77" />
      <mem type="loa" free="314368" total="314368" percent="100" />
    </mem>
    <remembered-set count="57" />
  </mem-info>
</gc-start>
<allocation-stats totalBytes="263464" >
  <allocated-bytes non-tlh="132536" tlh="130928" />
  <largest-consumer threadName="main" threadId="00000000010D6700" bytes="263464" />
</allocation-stats>
<gc-op id="307" type="mark" timems="1.527" contextid="304" timestamp="2019-06-17T03:12:51.911">
  <trace-info objectcount="18972" scancount="15687" scanbytes="514644" />
  <finalization candidates="45" enqueued="0" />
  <ownableSynchronizers candidates="1" cleared="0" />
  <references type="soft" candidates="66" cleared="0" enqueued="0" dynamicThreshold="32" maxThreshold="32" />
  <references type="weak" candidates="396" cleared="28" enqueued="14" />
  <references type="phantom" candidates="51" cleared="0" enqueued="0" />
  <stringconstants candidates="2485" cleared="0"  />
</gc-op>
<gc-op id="308" type="classunload" timems="0.097" contextid="304" timestamp="2019-06-17T03:12:51.911">
  <classunload-info classloadercandidates="6" classloadersunloaded="0" classesunloaded="0" anonymousclassesunloaded="0" quiescems="0.000" setupms="0.097" scanms="0.000" postms="0.000" />
</gc-op>
<gc-op id="309" type="sweep" timems="0.527" contextid="304" timestamp="2019-06-17T03:12:51.911" />
<mem-info id="310" free="6916024" total="8388608" percent="82">
  <mem type="nursery" free="1805880" total="2097152" percent="86">
    <mem type="allocate" free="1805880" total="1835008" percent="98" />
    <mem type="survivor" free="0" total="262144" percent="0" />
  </mem>
  <mem type="tenure" free="5110144" total="6291456" percent="81" micro-fragmented="0" macro-fragmented="0">
    <mem type="soa" free="4795776" total="5977088" percent="80" />
    <mem type="loa" free="314368" total="314368" percent="100" />
  </mem>
  <pending-finalizers system="0" default="0" reference="14" classloader="0" />
  <remembered-set count="55" />
</mem-info>
<gc-op id="311" type="compact" timems="4.753" contextid="304" timestamp="2019-06-17T03:12:51.916">
  <compact-info movecount="15314" movebytes="1039512" reason="compact to aid heap contraction" />
</gc-op>
<heap-resize id="312" type="expand" space="tenure" amount="2084241408" count="1" timems="0.022" reason="satisfy allocation request" timestamp="2019-06-17T03:12:51.917" />
<gc-end id="313" type="global" contextid="304" durationms="8.257" usertimems="4.000" systemtimems="0.000" timestamp="2019-06-17T03:12:51.917" activeThreads="4">
  <mem-info id="314" free="2091162024" total="2092630016" percent="99">
    <mem type="nursery" free="1806600" total="2097152" percent="86">
      <mem type="allocate" free="1806600" total="1835008" percent="98" />
      <mem type="survivor" free="0" total="262144" percent="0" />
    </mem>
    <mem type="tenure" free="2089355424" total="2090532864" percent="99">
      <mem type="soa" free="1984829600" total="1986007040" percent="99" />
      <mem type="loa" free="104525824" total="104525824" percent="100" />
    </mem>
    <pending-finalizers system="0" default="0" reference="14" classloader="0" />
    <remembered-set count="55" />
  </mem-info>
</gc-end>
<cycle-end id="315" type="global" contextid="304" timestamp="2019-06-17T03:12:51.917" />
  <attribute name="elasticGC enabled" value="1" />
  <attribute name= "numThreadsSpecified" value="4" />
  <attribute name="heapSize specified" value="8388608" />
  <attribute name="Current GC Util" value="0" />
  <attribute name= "Current Time Running" value="10486" />
  <attribute name ="GC Interval" value="200" />
  <attribute name="ProportionalT" value="-30.000000" />
  <attribute name="ProportionalI" value="-30.000000" />
  <attribute name="ProportionalH" value="-30.000000" />
  <attribute name="Current Error" value="-20.000000" />
  <attribute name="IntegralT" value="-100.000000" />
  <attribute name="IntegralI" value="-100.000000" />
  <attribute name="IntegralH" value="-100.000000" />
  <attribute name="DerivativeT" value="-7.800000" />
  <attribute name="DerivativeI" value="-7.800000" />
  <attribute name="DerivativeH" value="-7.800000" />
  <attribute name="Loop Time for DT" value="5.000000" />
  <attribute name="Output H" value="2092630016"/>
  <attribute name="Output I" value="200"/>
  <attribute name="Output T" value="4"/>
  <attribute name="Target GC Util Change" value ="20.000000" />
  <attribute name="Current GC Util Change" value="0.000000"/>
  <attribute name="GC Util currently" value="0" />
  <attribute name="CPU Util currently" value="950845451789" />
<sys-end id="316" timestamp="2019-06-17T03:12:51.917" />
<exclusive-end id="317" timestamp="2019-06-17T03:12:51.917" durationms="8.833" />

<exclusive-start id="318" timestamp="2019-06-17T03:12:52.211" intervalms="301.985">
  <response-info timems="0.034" idlems="0.034" threads="0" lastid="00000000010D6700" lastname="main" />
</exclusive-start>
<af-start id="319" threadId="00000000010D7088" totalBytesRequested="96" timestamp="2019-06-17T03:12:52.211" intervalms="303.539" type="nursery" />
<cycle-start id="320" type="scavenge" contextid="0" timestamp="2019-06-17T03:12:52.211" intervalms="303.539" />
<gc-start id="321" type="scavenge" contextid="320" timestamp="2019-06-17T03:12:52.211">
  <mem-info id="322" free="2089325184" total="2092630016" percent="99">
    <mem type="nursery" free="0" total="2097152" percent="0">
      <mem type="allocate" free="0" total="1835008" percent="0" />
      <mem type="survivor" free="0" total="262144" percent="0" />
    </mem>
    <mem type="tenure" free="2089325184" total="2090532864" percent="99">
      <mem type="soa" free="1984799360" total="1986007040" percent="99" />
      <mem type="loa" free="104525824" total="104525824" percent="100" />
    </mem>
    <remembered-set count="480" />
  </mem-info>
</gc-start>
<allocation-stats totalBytes="1836208" >
  <allocated-bytes non-tlh="30240" tlh="1805968" />
  <largest-consumer threadName="main" threadId="00000000010D6700" bytes="1832112" />
</allocation-stats>
<gc-op id="323" type="scavenge" timems="0.411" contextid="320" timestamp="2019-06-17T03:12:52.211">
  <scavenger-info tenureage="14" tenuremask="4000" tiltratio="87" />
  <memory-copied type="nursery" objects="2135" bytes="126576" bytesdiscarded="30024" />
  <ownableSynchronizers candidates="2" cleared="2" />
  <references type="soft" candidates="2" cleared="0" enqueued="0" dynamicThreshold="31" maxThreshold="32" />
  <references type="weak" candidates="49" cleared="45" enqueued="45" />
  <references type="phantom" candidates="7" cleared="2" enqueued="2" />
</gc-op>
<gc-end id="324" type="scavenge" contextid="320" durationms="0.570" usertimems="0.000" systemtimems="0.000" timestamp="2019-06-17T03:12:52.211" activeThreads="4">
  <mem-info id="325" free="2091003520" total="2092630016" percent="99">
    <mem type="nursery" free="1678336" total="2097152" percent="80">
      <mem type="allocate" free="1678336" total="1835008" percent="91" />
      <mem type="survivor" free="0" total="262144" percent="0" />
    </mem>
    <mem type="tenure" free="2089325184" total="2090532864" percent="99">
      <mem type="soa" free="1984799360" total="1986007040" percent="99" />
      <mem type="loa" free="104525824" total="104525824" percent="100" />
    </mem>
    <pending-finalizers system="0" default="0" reference="47" classloader="0" />
    <remembered-set count="478" />
  </mem-info>
</gc-end>
<cycle-end id="326" type="scavenge" contextid="320" timestamp="2019-06-17T03:12:52.211" />
  <attribute name="elasticGC enabled" value="1" />
  <attribute name= "numThreadsSpecified" value="4" />
  <attribute name="heapSize specified" value="8388608" />
  <attribute name="Current GC Util" value="2" />
  <attribute name= "Current Time Running" value="10781" />
  <attribute name ="GC Interval" value="200" />
  <attribute name="ProportionalT" value="-27.000000" />
  <attribute name="ProportionalI" value="-27.000000" />
  <attribute name="ProportionalH" value="-27.000000" />
  <attribute name="Current Error" value="-18.000000" />
  <attribute name="IntegralT" value="-5310.000000" />
  <attribute name="IntegralI" value="-5310.000000" />
  <attribute name="IntegralH" value="-5310.000000" />
  <attribute name="DerivativeT" value="-0.091525" />
  <attribute name="DerivativeI" value="-0.091525" />
  <attribute name="DerivativeH" value="-0.091525" />
  <attribute name="Loop Time for DT" value="295.000000" />
  <attribute name="Output H" value="2092630016"/>
  <attribute name="Output I" value="200"/>
  <attribute name="Output T" value="4"/>
  <attribute name="Target GC Util Change" value ="20.000000" />
  <attribute name="Current GC Util Change" value="2.000000"/>
  <attribute name="GC Util currently" value="2" />
  <attribute name="CPU Util currently" value="0" />
<allocation-satisfied id="327" threadId="00000000010D6700" bytesRequested="96" />
<af-end id="328" timestamp="2019-06-17T03:12:52.212" threadId="00000000010D7088" success="true" from="nursery"/>
<exclusive-end id="329" timestamp="2019-06-17T03:12:52.212" durationms="0.944" />

<exclusive-start id="330" timestamp="2019-06-17T03:12:52.247" intervalms="36.475">
  <response-info timems="0.054" idlems="0.054" threads="0" lastid="00000000010D6700" lastname="main" />
</exclusive-start>
<af-start id="331" threadId="00000000010D7088" totalBytesRequested="112" timestamp="2019-06-17T03:12:52.247" intervalms="36.466" type="nursery" />
<cycle-start id="332" type="scavenge" contextid="0" timestamp="2019-06-17T03:12:52.247" intervalms="36.462" />
<gc-start id="333" type="scavenge" contextid="332" timestamp="2019-06-17T03:12:52.247">
  <mem-info id="334" free="2089295856" total="2092630016" percent="99">
    <mem type="nursery" free="0" total="2097152" percent="0">
      <mem type="allocate" free="0" total="1835008" percent="0" />
      <mem type="survivor" free="0" total="262144" percent="0" />
    </mem>
    <mem type="tenure" free="2089295856" total="2090532864" percent="99">
      <mem type="soa" free="1984770032" total="1986007040" percent="99" />
      <mem type="loa" free="104525824" total="104525824" percent="100" />
    </mem>
    <remembered-set count="762" />
  </mem-info>
</gc-start>
<allocation-stats totalBytes="1706632" >
  <allocated-bytes non-tlh="29424" tlh="1677208" />
  <largest-consumer threadName="main" threadId="00000000010D6700" bytes="1702536" />
</allocation-stats>
<gc-op id="335" type="scavenge" timems="0.360" contextid="332" timestamp="2019-06-17T03:12:52.248">
  <scavenger-info tenureage="14" tenuremask="c000" tiltratio="87" />
  <memory-copied type="nursery" objects="2356" bytes="129320" bytesdiscarded="27264" />
  <references type="soft" candidates="2" cleared="0" enqueued="0" dynamicThreshold="31" maxThreshold="32" />
  <references type="weak" candidates="15" cleared="11" enqueued="11" />
  <references type="phantom" candidates="5" cleared="0" enqueued="0" />
</gc-op>
<gc-end id="336" type="scavenge" contextid="332" durationms="0.516" usertimems="0.000" systemtimems="0.000" timestamp="2019-06-17T03:12:52.248" activeThreads="4">
  <mem-info id="337" free="2090974192" total="2092630016" percent="99">
    <mem type="nursery" free="1678336" total="2097152" percent="80">
      <mem type="allocate" free="1678336" total="1835008" percent="91" />
      <mem type="survivor" free="0" total="262144" percent="0" />
    </mem>
    <mem type="tenure" free="2089295856" total="2090532864" percent="99">
      <mem type="soa" free="1984770032" total="1986007040" percent="99" />
      <mem type="loa" free="104525824" total="104525824" percent="100" />
    </mem>
    <pending-finalizers system="0" default="0" reference="11" classloader="0" />
    <remembered-set count="757" />
  </mem-info>
</gc-end>
<cycle-end id="338" type="scavenge" contextid="332" timestamp="2019-06-17T03:12:52.248" />
  <attribute name="elasticGC enabled" value="1" />
  <attribute name= "numThreadsSpecified" value="4" />
  <attribute name="heapSize specified" value="8388608" />
  <attribute name="Current GC Util" value="2" />
  <attribute name= "Current Time Running" value="10817" />
  <attribute name ="GC Interval" value="200" />
  <attribute name="ProportionalT" value="-27.000000" />
  <attribute name="ProportionalI" value="-27.000000" />
  <attribute name="ProportionalH" value="-27.000000" />
  <attribute name="Current Error" value="-18.000000" />
  <attribute name="IntegralT" value="-648.000000" />
  <attribute name="IntegralI" value="-648.000000" />
  <attribute name="IntegralH" value="-648.000000" />
  <attribute name="DerivativeT" value="-0.750000" />
  <attribute name="DerivativeI" value="-0.750000" />
  <attribute name="DerivativeH" value="-0.750000" />
  <attribute name="Loop Time for DT" value="36.000000" />
  <attribute name="Output H" value="2092630016"/>
  <attribute name="Output I" value="200"/>
  <attribute name="Output T" value="4"/>
  <attribute name="Target GC Util Change" value ="20.000000" />
  <attribute name="Current GC Util Change" value="2.000000"/>
  <attribute name="GC Util currently" value="2" />
  <attribute name="CPU Util currently" value="126482787833" />
<allocation-satisfied id="339" threadId="00000000010D6700" bytesRequested="112" />
<af-end id="340" timestamp="2019-06-17T03:12:52.248" threadId="00000000010D7088" success="true" from="nursery"/>
<exclusive-end id="341" timestamp="2019-06-17T03:12:52.248" durationms="0.887" />

<exclusive-start id="342" timestamp="2019-06-17T03:12:52.303" intervalms="55.815">
  <response-info timems="0.031" idlems="0.031" threads="0" lastid="00000000010D6700" lastname="main" />
</exclusive-start>
<af-start id="343" threadId="00000000010D7088" totalBytesRequested="1032" timestamp="2019-06-17T03:12:52.303" intervalms="55.811" type="nursery" />
<cycle-start id="344" type="scavenge" contextid="0" timestamp="2019-06-17T03:12:52.303" intervalms="55.810" />
<gc-start id="345" type="scavenge" contextid="344" timestamp="2019-06-17T03:12:52.303">
  <mem-info id="346" free="2089257280" total="2092630016" percent="99">
    <mem type="nursery" free="0" total="2097152" percent="0">
      <mem type="allocate" free="0" total="1835008" percent="0" />
      <mem type="survivor" free="0" total="262144" percent="0" />
    </mem>
    <mem type="tenure" free="2089257280" total="2090532864" percent="99">
      <mem type="soa" free="1984731456" total="1986007040" percent="99" />
      <mem type="loa" free="104525824" total="104525824" percent="100" />
    </mem>
    <remembered-set count="1214" />
  </mem-info>
</gc-start>
<allocation-stats totalBytes="1715072" >
  <allocated-bytes non-tlh="104232" tlh="1610840" />
  <largest-consumer threadName="main" threadId="00000000010D6700" bytes="1715072" />
</allocation-stats>
<gc-op id="347" type="scavenge" timems="0.449" contextid="344" timestamp="2019-06-17T03:12:52.304">
  <scavenger-info tenureage="14" tenuremask="c000" tiltratio="87" />
  <memory-copied type="nursery" objects="4339" bytes="239912" bytesdiscarded="22080" />
  <memory-copied type="tenure" objects="637" bytes="120368" bytesdiscarded="0" />
  <copy-failed type="nursery" objects="637" bytes="120368" />
  <references type="soft" candidates="2" cleared="0" enqueued="0" dynamicThreshold="31" maxThreshold="32" />
  <references type="weak" candidates="11" cleared="6" enqueued="6" />
  <references type="phantom" candidates="5" cleared="0" enqueued="0" />
</gc-op>
<gc-end id="348" type="scavenge" contextid="344" durationms="0.610" usertimems="0.000" systemtimems="0.000" timestamp="2019-06-17T03:12:52.304" activeThreads="4">
  <mem-info id="349" free="2090204992" total="2092630016" percent="99">
    <mem type="nursery" free="1179648" total="2097152" percent="56">
      <mem type="allocate" free="1179648" total="1441792" percent="81" />
      <mem type="survivor" free="0" total="655360" percent="0" />
    </mem>
    <mem type="tenure" free="2089025344" total="2090532864" percent="99">
      <mem type="soa" free="1984499520" total="1986007040" percent="99" />
      <mem type="loa" free="104525824" total="104525824" percent="100" />
    </mem>
    <pending-finalizers system="0" default="0" reference="6" classloader="0" />
    <remembered-set count="963" />
  </mem-info>
</gc-end>
<cycle-end id="350" type="scavenge" contextid="344" timestamp="2019-06-17T03:12:52.304" />
  <attribute name="elasticGC enabled" value="1" />
  <attribute name= "numThreadsSpecified" value="4" />
  <attribute name="heapSize specified" value="8388608" />
  <attribute name="Current GC Util" value="1" />
  <attribute name= "Current Time Running" value="10873" />
  <attribute name ="GC Interval" value="200" />
  <attribute name="ProportionalT" value="-28.500000" />
  <attribute name="ProportionalI" value="-28.500000" />
  <attribute name="ProportionalH" value="-28.500000" />
  <attribute name="Current Error" value="-19.000000" />
  <attribute name="IntegralT" value="-1064.000000" />
  <attribute name="IntegralI" value="-1064.000000" />
  <attribute name="IntegralH" value="-1064.000000" />
  <attribute name="DerivativeT" value="-0.508929" />
  <attribute name="DerivativeI" value="-0.508929" />
  <attribute name="DerivativeH" value="-0.508929" />
  <attribute name="Loop Time for DT" value="56.000000" />
  <attribute name="Output H" value="2092630016"/>
  <attribute name="Output I" value="200"/>
  <attribute name="Output T" value="4"/>
  <attribute name="Target GC Util Change" value ="20.000000" />
  <attribute name="Current GC Util Change" value="1.000000"/>
  <attribute name="GC Util currently" value="1" />
  <attribute name="CPU Util currently" value="82634968070" />
<allocation-satisfied id="351" threadId="00000000010D6700" bytesRequested="1032" />
<af-end id="352" timestamp="2019-06-17T03:12:52.304" threadId="00000000010D7088" success="true" from="nursery"/>
<exclusive-end id="353" timestamp="2019-06-17T03:12:52.304" durationms="0.970" />

<exclusive-start id="354" timestamp="2019-06-17T03:12:52.347" intervalms="44.455">
  <response-info timems="0.032" idlems="0.032" threads="0" lastid="00000000010D6700" lastname="main" />
</exclusive-start>
<af-start id="355" threadId="00000000010D7088" totalBytesRequested="104" timestamp="2019-06-17T03:12:52.347" intervalms="44.468" type="nursery" />
<cycle-start id="356" type="scavenge" contextid="0" timestamp="2019-06-17T03:12:52.347" intervalms="44.473" />
<gc-start id="357" type="scavenge" contextid="356" timestamp="2019-06-17T03:12:52.348">
  <mem-info id="358" free="2088997104" total="2092630016" percent="99">
    <mem type="nursery" free="0" total="2097152" percent="0">
      <mem type="allocate" free="0" total="1441792" percent="0" />
      <mem type="survivor" free="0" total="655360" percent="0" />
    </mem>
    <mem type="tenure" free="2088997104" total="2090532864" percent="99">
      <mem type="soa" free="1984471280" total="1986007040" percent="99" />
      <mem type="loa" free="104525824" total="104525824" percent="100" />
    </mem>
    <remembered-set count="1334" />
  </mem-info>
</gc-start>
<allocation-stats totalBytes="1206328" >
  <allocated-bytes non-tlh="29272" tlh="1177056" />
  <largest-consumer threadName="main" threadId="00000000010D6700" bytes="1206328" />
</allocation-stats>
<gc-op id="359" type="scavenge" timems="0.818" contextid="356" timestamp="2019-06-17T03:12:52.348">
  <scavenger-info tenureage="3" tenuremask="fff8" tiltratio="68" />
  <memory-copied type="nursery" objects="4747" bytes="262080" bytesdiscarded="122456" />
  <memory-copied type="tenure" objects="1539" bytes="72016" bytesdiscarded="24" />
  <finalization candidates="5" enqueued="0" />
  <references type="soft" candidates="1" cleared="0" enqueued="0" dynamicThreshold="31" maxThreshold="32" />
  <references type="weak" candidates="105" cleared="35" enqueued="24" />
  <references type="phantom" candidates="2" cleared="1" enqueued="1" />
</gc-op>
<gc-end id="360" type="scavenge" contextid="356" durationms="0.989" usertimems="4.000" systemtimems="0.000" timestamp="2019-06-17T03:12:52.349" activeThreads="4">
  <mem-info id="361" free="2090041472" total="2092630016" percent="99">
    <mem type="nursery" free="1122704" total="2097152" percent="53">
      <mem type="allocate" free="1122704" total="1507328" percent="74" />
      <mem type="survivor" free="0" total="589824" percent="0" />
    </mem>
    <mem type="tenure" free="2088918768" total="2090532864" percent="99">
      <mem type="soa" free="1984392944" total="1986007040" percent="99" />
      <mem type="loa" free="104525824" total="104525824" percent="100" />
    </mem>
    <pending-finalizers system="0" default="0" reference="25" classloader="0" />
    <remembered-set count="980" />
  </mem-info>
</gc-end>
<cycle-end id="362" type="scavenge" contextid="356" timestamp="2019-06-17T03:12:52.349" />
  <attribute name="elasticGC enabled" value="1" />
  <attribute name= "numThreadsSpecified" value="4" />
  <attribute name="heapSize specified" value="8388608" />
  <attribute name="Current GC Util" value="2" />
  <attribute name= "Current Time Running" value="10917" />
  <attribute name ="GC Interval" value="200" />
  <attribute name="ProportionalT" value="-27.000000" />
  <attribute name="ProportionalI" value="-27.000000" />
  <attribute name="ProportionalH" value="-27.000000" />
  <attribute name="Current Error" value="-18.000000" />
  <attribute name="IntegralT" value="-792.000000" />
  <attribute name="IntegralI" value="-792.000000" />
  <attribute name="IntegralH" value="-792.000000" />
  <attribute name="DerivativeT" value="-0.613636" />
  <attribute name="DerivativeI" value="-0.613636" />
  <attribute name="DerivativeH" value="-0.613636" />
  <attribute name="Loop Time for DT" value="44.000000" />
  <attribute name="Output H" value="2092630016"/>
  <attribute name="Output I" value="200"/>
  <attribute name="Output T" value="4"/>
  <attribute name="Target GC Util Change" value ="20.000000" />
  <attribute name="Current GC Util Change" value="2.000000"/>
  <attribute name="GC Util currently" value="2" />
  <attribute name="CPU Util currently" value="103687569836" />
<allocation-satisfied id="363" threadId="00000000010D6700" bytesRequested="104" />
<af-end id="364" timestamp="2019-06-17T03:12:52.349" threadId="00000000010D7088" success="true" from="nursery"/>
<exclusive-end id="365" timestamp="2019-06-17T03:12:52.349" durationms="1.371" />

<exclusive-start id="366" timestamp="2019-06-17T03:12:52.632" intervalms="284.269">
  <response-info timems="0.034" idlems="0.034" threads="0" lastid="00000000013E6C00" lastname="PmdThread 1" />
</exclusive-start>
<af-start id="367" threadId="00000000013E7588" totalBytesRequested="40" timestamp="2019-06-17T03:12:52.632" intervalms="284.305" type="nursery" />
<cycle-start id="368" type="scavenge" contextid="0" timestamp="2019-06-17T03:12:52.632" intervalms="284.572" />
<gc-start id="369" type="scavenge" contextid="368" timestamp="2019-06-17T03:12:52.632">
  <mem-info id="370" free="2088915632" total="2092630016" percent="99">
    <mem type="nursery" free="0" total="2097152" percent="0">
      <mem type="allocate" free="0" total="1507328" percent="0" />
      <mem type="survivor" free="0" total="589824" percent="0" />
    </mem>
    <mem type="tenure" free="2088915632" total="2090532864" percent="99">
      <mem type="soa" free="1984389808" total="1986007040" percent="99" />
      <mem type="loa" free="104525824" total="104525824" percent="100" />
    </mem>
    <remembered-set count="1048" />
  </mem-info>
</gc-start>
<allocation-stats totalBytes="1124704" >
  <allocated-bytes non-tlh="3240" tlh="1121464" />
  <largest-consumer threadName="main" threadId="00000000010D6700" bytes="1079944" />
</allocation-stats>
<gc-op id="371" type="scavenge" timems="0.702" contextid="368" timestamp="2019-06-17T03:12:52.633">
  <scavenger-info tenureage="3" tenuremask="ffe8" tiltratio="71" />
  <memory-copied type="nursery" objects="7495" bytes="443984" bytesdiscarded="98176" />
  <memory-copied type="tenure" objects="143" bytes="5464" bytesdiscarded="0" />
  <finalization candidates="6" enqueued="0" />
  <ownableSynchronizers candidates="7" cleared="0" />
  <references type="soft" candidates="1" cleared="0" enqueued="0" dynamicThreshold="31" maxThreshold="32" />
  <references type="weak" candidates="409" cleared="188" enqueued="126" />
  <references type="phantom" candidates="2" cleared="0" enqueued="0" />
</gc-op>
<gc-end id="372" type="scavenge" contextid="368" durationms="0.888" usertimems="0.000" systemtimems="0.000" timestamp="2019-06-17T03:12:52.633" activeThreads="4">
  <mem-info id="373" free="2089671232" total="2092630016" percent="99">
    <mem type="nursery" free="833936" total="2097152" percent="39">
      <mem type="allocate" free="833936" total="1376256" percent="60" />
      <mem type="survivor" free="0" total="720896" percent="0" />
    </mem>
    <mem type="tenure" free="2088837296" total="2090532864" percent="99">
      <mem type="soa" free="1984311472" total="1986007040" percent="99" />
      <mem type="loa" free="104525824" total="104525824" percent="100" />
    </mem>
    <pending-finalizers system="0" default="0" reference="126" classloader="0" />
    <remembered-set count="623" />
  </mem-info>
</gc-end>
<cycle-end id="374" type="scavenge" contextid="368" timestamp="2019-06-17T03:12:52.633" />
  <attribute name="elasticGC enabled" value="1" />
  <attribute name= "numThreadsSpecified" value="4" />
  <attribute name="heapSize specified" value="8388608" />
  <attribute name="Current GC Util" value="0" />
  <attribute name= "Current Time Running" value="11202" />
  <attribute name ="GC Interval" value="200" />
  <attribute name="ProportionalT" value="-30.000000" />
  <attribute name="ProportionalI" value="-30.000000" />
  <attribute name="ProportionalH" value="-30.000000" />
  <attribute name="Current Error" value="-20.000000" />
  <attribute name="IntegralT" value="-5700.000000" />
  <attribute name="IntegralI" value="-5700.000000" />
  <attribute name="IntegralH" value="-5700.000000" />
  <attribute name="DerivativeT" value="-0.105263" />
  <attribute name="DerivativeI" value="-0.105263" />
  <attribute name="DerivativeH" value="-0.105263" />
  <attribute name="Loop Time for DT" value="285.000000" />
  <attribute name="Output H" value="2092630016"/>
  <attribute name="Output I" value="200"/>
  <attribute name="Output T" value="4"/>
  <attribute name="Target GC Util Change" value ="20.000000" />
  <attribute name="Current GC Util Change" value="0.000000"/>
  <attribute name="GC Util currently" value="0" />
  <attribute name="CPU Util currently" value="16203543468" />
<allocation-satisfied id="375" threadId="00000000013E6C00" bytesRequested="40" />
<af-end id="376" timestamp="2019-06-17T03:12:52.633" threadId="00000000013E7588" success="true" from="nursery"/>
<exclusive-end id="377" timestamp="2019-06-17T03:12:52.633" durationms="1.628" />

<exclusive-start id="378" timestamp="2019-06-17T03:12:52.659" intervalms="27.357">
  <response-info timems="0.040" idlems="0.040" threads="0" lastid="00000000013EA800" lastname="PmdThread 2" />
</exclusive-start>
<af-start id="379" threadId="00000000013EB188" totalBytesRequested="72" timestamp="2019-06-17T03:12:52.659" intervalms="27.325" type="nursery" />
<cycle-start id="380" type="scavenge" contextid="0" timestamp="2019-06-17T03:12:52.659" intervalms="27.070" />
<gc-start id="381" type="scavenge" contextid="380" timestamp="2019-06-17T03:12:52.659">
  <mem-info id="382" free="2088837296" total="2092630016" percent="99">
    <mem type="nursery" free="0" total="2097152" percent="0">
      <mem type="allocate" free="0" total="1376256" percent="0" />
      <mem type="survivor" free="0" total="720896" percent="0" />
    </mem>
    <mem type="tenure" free="2088837296" total="2090532864" percent="99">
      <mem type="soa" free="1984311472" total="1986007040" percent="99" />
      <mem type="loa" free="104525824" total="104525824" percent="100" />
    </mem>
    <remembered-set count="627" />
  </mem-info>
</gc-start>
<allocation-stats totalBytes="821672" >
  <allocated-bytes non-tlh="8248" tlh="813424" />
  <largest-consumer threadName="PmdThread 1" threadId="00000000013E6C00" bytes="227432" />
</allocation-stats>
<gc-op id="383" type="scavenge" timems="1.035" contextid="380" timestamp="2019-06-17T03:12:52.660">
  <scavenger-info tenureage="3" tenuremask="ffe8" tiltratio="65" />
  <memory-copied type="nursery" objects="10555" bytes="720528" bytesdiscarded="304" />
  <memory-copied type="tenure" objects="6934" bytes="366192" bytesdiscarded="16" />
  <copy-failed type="nursery" objects="4512" bytes="222360" />
  <finalization candidates="6" enqueued="0" />
  <ownableSynchronizers candidates="7" cleared="0" />
  <references type="soft" candidates="1" cleared="0" enqueued="0" dynamicThreshold="31" maxThreshold="32" />
  <references type="weak" candidates="223" cleared="0" enqueued="0" />
  <references type="phantom" candidates="3" cleared="0" enqueued="0" />
</gc-op>
<gc-end id="384" type="scavenge" contextid="380" durationms="1.390" usertimems="0.000" systemtimems="0.000" timestamp="2019-06-17T03:12:52.661" activeThreads="4">
  <mem-info id="385" free="2088791152" total="2092630016" percent="99">
    <mem type="nursery" free="327680" total="2097152" percent="15">
      <mem type="allocate" free="327680" total="1048576" percent="31" />
      <mem type="survivor" free="0" total="1048576" percent="0" />
    </mem>
    <mem type="tenure" free="2088463472" total="2090532864" percent="99">
      <mem type="soa" free="1983937648" total="1986007040" percent="99" />
      <mem type="loa" free="104525824" total="104525824" percent="100" />
    </mem>
    <remembered-set count="348" />
  </mem-info>
</gc-end>
<cycle-end id="386" type="scavenge" contextid="380" timestamp="2019-06-17T03:12:52.661" />
  <attribute name="elasticGC enabled" value="1" />
  <attribute name= "numThreadsSpecified" value="4" />
  <attribute name="heapSize specified" value="8388608" />
  <attribute name="Current GC Util" value="4" />
  <attribute name= "Current Time Running" value="11229" />
  <attribute name ="GC Interval" value="200" />
  <attribute name="ProportionalT" value="-24.000000" />
  <attribute name="ProportionalI" value="-24.000000" />
  <attribute name="ProportionalH" value="-24.000000" />
  <attribute name="Current Error" value="-16.000000" />
  <attribute name="IntegralT" value="-432.000000" />
  <attribute name="IntegralI" value="-432.000000" />
  <attribute name="IntegralH" value="-432.000000" />
  <attribute name="DerivativeT" value="-0.888889" />
  <attribute name="DerivativeI" value="-0.888889" />
  <attribute name="DerivativeH" value="-0.888889" />
  <attribute name="Loop Time for DT" value="27.000000" />
  <attribute name="Output H" value="2092630016"/>
  <attribute name="Output I" value="200"/>
  <attribute name="Output T" value="4"/>
  <attribute name="Target GC Util Change" value ="20.000000" />
  <attribute name="Current GC Util Change" value="4.000000"/>
  <attribute name="GC Util currently" value="4" />
  <attribute name="CPU Util currently" value="1" />
<allocation-satisfied id="387" threadId="00000000013EA800" bytesRequested="72" />
<af-end id="388" timestamp="2019-06-17T03:12:52.661" threadId="00000000013EB188" success="true" from="nursery"/>
<exclusive-end id="389" timestamp="2019-06-17T03:12:52.661" durationms="2.007" />

<exclusive-start id="390" timestamp="2019-06-17T03:12:52.666" intervalms="6.923">
  <response-info timems="0.039" idlems="0.039" threads="0" lastid="00000000013EA800" lastname="PmdThread 2" />
</exclusive-start>
<af-start id="391" threadId="00000000013EB188" totalBytesRequested="1392" timestamp="2019-06-17T03:12:52.666" intervalms="6.891" type="nursery" />
<cycle-start id="392" type="scavenge" contextid="0" timestamp="2019-06-17T03:12:52.666" intervalms="6.865" />
<gc-start id="393" type="scavenge" contextid="392" timestamp="2019-06-17T03:12:52.666">
  <mem-info id="394" free="2088463472" total="2092630016" percent="99">
    <mem type="nursery" free="0" total="2097152" percent="0">
      <mem type="allocate" free="0" total="1048576" percent="0" />
      <mem type="survivor" free="0" total="1048576" percent="0" />
    </mem>
    <mem type="tenure" free="2088463472" total="2090532864" percent="99">
      <mem type="soa" free="1983937648" total="1986007040" percent="99" />
      <mem type="loa" free="104525824" total="104525824" percent="100" />
    </mem>
    <remembered-set count="348" />
  </mem-info>
</gc-start>
<allocation-stats totalBytes="326792" >
  <allocated-bytes non-tlh="72" tlh="326720" />
  <largest-consumer threadName="PmdThread 2" threadId="00000000013EA800" bytes="154856" />
</allocation-stats>
<gc-op id="395" type="scavenge" timems="0.800" contextid="392" timestamp="2019-06-17T03:12:52.667">
  <scavenger-info tenureage="3" tenuremask="ffe8" tiltratio="50" />
  <memory-copied type="nursery" objects="10846" bytes="739568" bytesdiscarded="148512" />
  <memory-copied type="tenure" objects="2073" bytes="107112" bytesdiscarded="16" />
  <finalization candidates="6" enqueued="0" />
  <ownableSynchronizers candidates="7" cleared="0" />
  <references type="weak" candidates="153" cleared="0" enqueued="0" />
  <references type="phantom" candidates="1" cleared="0" enqueued="0" />
</gc-op>
<gc-end id="396" type="scavenge" contextid="392" durationms="1.191" usertimems="0.000" systemtimems="0.000" timestamp="2019-06-17T03:12:52.667" activeThreads="4">
  <mem-info id="397" free="2088492592" total="2092630016" percent="99">
    <mem type="nursery" free="160448" total="2097152" percent="7">
      <mem type="allocate" free="160448" total="1048576" percent="15" />
      <mem type="survivor" free="0" total="1048576" percent="0" />
    </mem>
    <mem type="tenure" free="2088332144" total="2090532864" percent="99">
      <mem type="soa" free="1983806320" total="1986007040" percent="99" />
      <mem type="loa" free="104525824" total="104525824" percent="100" />
    </mem>
    <remembered-set count="140" />
  </mem-info>
</gc-end>
<cycle-end id="398" type="scavenge" contextid="392" timestamp="2019-06-17T03:12:52.667" />
  <attribute name="elasticGC enabled" value="1" />
  <attribute name= "numThreadsSpecified" value="4" />
  <attribute name="heapSize specified" value="8388608" />
  <attribute name="Current GC Util" value="29" />
  <attribute name= "Current Time Running" value="11236" />
  <attribute name ="GC Interval" value="200" />
  <attribute name="ProportionalT" value="13.500000" />
  <attribute name="ProportionalI" value="13.500000" />
  <attribute name="ProportionalH" value="13.500000" />
  <attribute name="Current Error" value="9.000000" />
  <attribute name="IntegralT" value="63.000000" />
  <attribute name="IntegralI" value="63.000000" />
  <attribute name="IntegralH" value="63.000000" />
  <attribute name="DerivativeT" value="1.928571" />
  <attribute name="DerivativeI" value="1.928571" />
  <attribute name="DerivativeH" value="1.928571" />
  <attribute name="Loop Time for DT" value="7.000000" />
  <attribute name="Output H" value="8388608"/>
  <attribute name="Output I" value="200"/>
  <attribute name="Output T" value="4"/>
  <attribute name="Target GC Util Change" value ="20.000000" />
  <attribute name="Current GC Util Change" value="29.000000"/>
  <attribute name="GC Util currently" value="29" />
  <attribute name="CPU Util currently" value="676553551960" />
<allocation-satisfied id="399" threadId="00000000013EA800" bytesRequested="1392" />
<af-end id="400" timestamp="2019-06-17T03:12:52.667" threadId="00000000013EB188" success="true" from="nursery"/>
<exclusive-end id="401" timestamp="2019-06-17T03:12:52.667" durationms="1.541" />

<exclusive-start id="402" timestamp="2019-06-17T03:12:52.670" intervalms="4.328">
  <response-info timems="0.037" idlems="0.037" threads="0" lastid="00000000013EA800" lastname="PmdThread 2" />
</exclusive-start>
<af-start id="403" threadId="00000000013EB188" totalBytesRequested="208" timestamp="2019-06-17T03:12:52.670" intervalms="4.322" type="nursery" />
<cycle-start id="404" type="scavenge" contextid="0" timestamp="2019-06-17T03:12:52.670" intervalms="4.327" />
<gc-start id="405" type="scavenge" contextid="404" timestamp="2019-06-17T03:12:52.670">
  <mem-info id="406" free="2088332144" total="2092630016" percent="99">
    <mem type="nursery" free="0" total="2097152" percent="0">
      <mem type="allocate" free="0" total="1048576" percent="0" />
      <mem type="survivor" free="0" total="1048576" percent="0" />
    </mem>
    <mem type="tenure" free="2088332144" total="2090532864" percent="99">
      <mem type="soa" free="1983806320" total="1986007040" percent="99" />
      <mem type="loa" free="104525824" total="104525824" percent="100" />
    </mem>
    <remembered-set count="140" />
  </mem-info>
</gc-start>
<allocation-stats totalBytes="159208" >
  <allocated-bytes non-tlh="1392" tlh="157816" />
  <largest-consumer threadName="PmdThread 2" threadId="00000000013EA800" bytes="85984" />
</allocation-stats>
<gc-op id="407" type="scavenge" timems="0.725" contextid="404" timestamp="2019-06-17T03:12:52.671">
  <scavenger-info tenureage="3" tenuremask="ffe8" tiltratio="50" />
  <memory-copied type="nursery" objects="8994" bytes="622800" bytesdiscarded="159296" />
  <memory-copied type="tenure" objects="2573" bytes="170520" bytesdiscarded="96" />
  <finalization candidates="1" enqueued="0" />
  <ownableSynchronizers candidates="7" cleared="0" />
  <references type="weak" candidates="2" cleared="0" enqueued="0" />
  <references type="phantom" candidates="1" cleared="0" enqueued="0" />
</gc-op>
<gc-end id="408" type="scavenge" contextid="404" durationms="1.070" usertimems="0.000" systemtimems="0.000" timestamp="2019-06-17T03:12:52.671" activeThreads="4">
  <mem-info id="409" free="2088335952" total="2092630016" percent="99">
    <mem type="nursery" free="266464" total="2097152" percent="12">
      <mem type="allocate" free="266464" total="1048576" percent="25" />
      <mem type="survivor" free="0" total="1048576" percent="0" />
    </mem>
    <mem type="tenure" free="2088069488" total="2090532864" percent="99">
      <mem type="soa" free="1983543664" total="1986007040" percent="99" />
      <mem type="loa" free="104525824" total="104525824" percent="100" />
    </mem>
    <remembered-set count="133" />
  </mem-info>
</gc-end>
<cycle-end id="410" type="scavenge" contextid="404" timestamp="2019-06-17T03:12:52.671" />
  <attribute name="elasticGC enabled" value="1" />
  <attribute name= "numThreadsSpecified" value="4" />
  <attribute name="heapSize specified" value="8388608" />
  <attribute name="Current GC Util" value="35" />
  <attribute name= "Current Time Running" value="11240" />
  <attribute name ="GC Interval" value="200" />
  <attribute name="ProportionalT" value="22.500000" />
  <attribute name="ProportionalI" value="22.500000" />
  <attribute name="ProportionalH" value="22.500000" />
  <attribute name="Current Error" value="15.000000" />
  <attribute name="IntegralT" value="60.000000" />
  <attribute name="IntegralI" value="60.000000" />
  <attribute name="IntegralH" value="60.000000" />
  <attribute name="DerivativeT" value="2.250000" />
  <attribute name="DerivativeI" value="2.250000" />
  <attribute name="DerivativeH" value="2.250000" />
  <attribute name="Loop Time for DT" value="4.000000" />
  <attribute name="Output H" value="8388608"/>
  <attribute name="Output I" value="200"/>
  <attribute name="Output T" value="4"/>
  <attribute name="Target GC Util Change" value ="20.000000" />
  <attribute name="Current GC Util Change" value="35.000000"/>
  <attribute name="GC Util currently" value="35" />
  <attribute name="CPU Util currently" value="1059073311403" />
<allocation-satisfied id="411" threadId="00000000013EA800" bytesRequested="208" />
<af-end id="412" timestamp="2019-06-17T03:12:52.672" threadId="00000000013EB188" success="true" from="nursery"/>
<exclusive-end id="413" timestamp="2019-06-17T03:12:52.672" durationms="1.449" />

<exclusive-start id="414" timestamp="2019-06-17T03:12:52.680" intervalms="10.237">
  <response-info timems="0.044" idlems="0.019" threads="2" lastid="00000000013E6C00" lastname="PmdThread 1" />
</exclusive-start>
<af-start id="415" threadId="00000000013F6988" totalBytesRequested="48" timestamp="2019-06-17T03:12:52.681" intervalms="10.274" type="nursery" />
<cycle-start id="416" type="scavenge" contextid="0" timestamp="2019-06-17T03:12:52.681" intervalms="10.289" />
<gc-start id="417" type="scavenge" contextid="416" timestamp="2019-06-17T03:12:52.681">
  <mem-info id="418" free="2088065656" total="2092630016" percent="99">
    <mem type="nursery" free="0" total="2097152" percent="0">
      <mem type="allocate" free="0" total="1048576" percent="0" />
      <mem type="survivor" free="0" total="1048576" percent="0" />
    </mem>
    <mem type="tenure" free="2088065656" total="2090532864" percent="99">
      <mem type="soa" free="1983539832" total="1986007040" percent="99" />
      <mem type="loa" free="104525824" total="104525824" percent="100" />
    </mem>
    <remembered-set count="182" />
  </mem-info>
</gc-start>
<allocation-stats totalBytes="269984" >
  <allocated-bytes non-tlh="4040" tlh="265944" />
  <largest-consumer threadName="PmdThread 2" threadId="00000000013EA800" bytes="216824" />
</allocation-stats>
<gc-op id="419" type="scavenge" timems="0.637" contextid="416" timestamp="2019-06-17T03:12:52.681">
  <scavenger-info tenureage="5" tenuremask="ffe0" tiltratio="50" />
  <memory-copied type="nursery" objects="9871" bytes="675640" bytesdiscarded="32544" />
  <references type="weak" candidates="2" cleared="0" enqueued="0" />
  <references type="phantom" candidates="2" cleared="0" enqueued="0" />
</gc-op>
<gc-end id="420" type="scavenge" contextid="416" durationms="0.832" usertimems="0.000" systemtimems="0.000" timestamp="2019-06-17T03:12:52.681" activeThreads="4">
  <mem-info id="421" free="2088405992" total="2092630016" percent="99">
    <mem type="nursery" free="340336" total="2097152" percent="16">
      <mem type="allocate" free="340336" total="1048576" percent="32" />
      <mem type="survivor" free="0" total="1048576" percent="0" />
    </mem>
    <mem type="tenure" free="2088065656" total="2090532864" percent="99">
      <mem type="soa" free="1983539832" total="1986007040" percent="99" />
      <mem type="loa" free="104525824" total="104525824" percent="100" />
    </mem>
    <remembered-set count="180" />
  </mem-info>
</gc-end>
<cycle-end id="422" type="scavenge" contextid="416" timestamp="2019-06-17T03:12:52.682" />
  <attribute name="elasticGC enabled" value="1" />
  <attribute name= "numThreadsSpecified" value="4" />
  <attribute name="heapSize specified" value="8388608" />
  <attribute name="Current GC Util" value="13" />
  <attribute name= "Current Time Running" value="11251" />
  <attribute name ="GC Interval" value="200" />
  <attribute name="ProportionalT" value="-10.500000" />
  <attribute name="ProportionalI" value="-10.500000" />
  <attribute name="ProportionalH" value="-10.500000" />
  <attribute name="Current Error" value="-7.000000" />
  <attribute name="IntegralT" value="-77.000000" />
  <attribute name="IntegralI" value="-77.000000" />
  <attribute name="IntegralH" value="-77.000000" />
  <attribute name="DerivativeT" value="-3.000000" />
  <attribute name="DerivativeI" value="-3.000000" />
  <attribute name="DerivativeH" value="-3.000000" />
  <attribute name="Loop Time for DT" value="11.000000" />
  <attribute name="Output H" value="2092630016"/>
  <attribute name="Output I" value="200"/>
  <attribute name="Output T" value="4"/>
  <attribute name="Target GC Util Change" value ="20.000000" />
  <attribute name="Current GC Util Change" value="13.000000"/>
  <attribute name="GC Util currently" value="13" />
  <attribute name="CPU Util currently" value="447271864868" />
<allocation-satisfied id="423" threadId="00000000013F6000" bytesRequested="48" />
<af-end id="424" timestamp="2019-06-17T03:12:52.682" threadId="00000000013F6988" success="true" from="nursery"/>
<exclusive-end id="425" timestamp="2019-06-17T03:12:52.682" durationms="1.342" />

<exclusive-start id="426" timestamp="2019-06-17T03:12:52.685" intervalms="4.301">
  <response-info timems="0.030" idlems="0.030" threads="0" lastid="00000000013EA800" lastname="PmdThread 2" />
</exclusive-start>
<af-start id="427" threadId="00000000013EB188" totalBytesRequested="147400" timestamp="2019-06-17T03:12:52.685" intervalms="4.282" type="nursery" />
<cycle-start id="428" type="scavenge" contextid="0" timestamp="2019-06-17T03:12:52.685" intervalms="4.288" />
<gc-start id="429" type="scavenge" contextid="428" timestamp="2019-06-17T03:12:52.685">
  <mem-info id="430" free="2088072304" total="2092630016" percent="99">
    <mem type="nursery" free="7464" total="2097152" percent="0">
      <mem type="allocate" free="7464" total="1048576" percent="0" />
      <mem type="survivor" free="0" total="1048576" percent="0" />
    </mem>
    <mem type="tenure" free="2088064840" total="2090532864" percent="99">
      <mem type="soa" free="1983539016" total="1986007040" percent="99" />
      <mem type="loa" free="104525824" total="104525824" percent="100" />
    </mem>
    <remembered-set count="192" />
  </mem-info>
</gc-start>
<allocation-stats totalBytes="326560" >
  <allocated-bytes non-tlh="227192" tlh="99368" />
  <largest-consumer threadName="PmdThread 2" threadId="00000000013EA800" bytes="289648" />
</allocation-stats>
<gc-op id="431" type="scavenge" timems="0.726" contextid="428" timestamp="2019-06-17T03:12:52.686">
  <scavenger-info tenureage="2" tenuremask="fffc" tiltratio="50" />
  <memory-copied type="nursery" objects="1253" bytes="207864" bytesdiscarded="101080" />
  <memory-copied type="tenure" objects="8577" bytes="599240" bytesdiscarded="152" />
  <references type="weak" candidates="1" cleared="0" enqueued="0" />
  <references type="phantom" candidates="2" cleared="0" enqueued="0" />
</gc-op>
<gc-end id="432" type="scavenge" contextid="428" durationms="1.050" usertimems="4.000" systemtimems="0.000" timestamp="2019-06-17T03:12:52.686" activeThreads="4">
  <mem-info id="433" free="2088172400" total="2092630016" percent="99">
    <mem type="nursery" free="739576" total="2097152" percent="35">
      <mem type="allocate" free="739576" total="1048576" percent="70" />
      <mem type="survivor" free="0" total="1048576" percent="0" />
    </mem>
    <mem type="tenure" free="2087432824" total="2090532864" percent="99">
      <mem type="soa" free="1982907000" total="1986007040" percent="99" />
      <mem type="loa" free="104525824" total="104525824" percent="100" />
    </mem>
    <remembered-set count="198" />
  </mem-info>
</gc-end>
<cycle-end id="434" type="scavenge" contextid="428" timestamp="2019-06-17T03:12:52.686" />
  <attribute name="elasticGC enabled" value="1" />
  <attribute name= "numThreadsSpecified" value="4" />
  <attribute name="heapSize specified" value="8388608" />
  <attribute name="Current GC Util" value="30" />
  <attribute name= "Current Time Running" value="11255" />
  <attribute name ="GC Interval" value="200" />
  <attribute name="ProportionalT" value="15.000000" />
  <attribute name="ProportionalI" value="15.000000" />
  <attribute name="ProportionalH" value="15.000000" />
  <attribute name="Current Error" value="10.000000" />
  <attribute name="IntegralT" value="40.000000" />
  <attribute name="IntegralI" value="40.000000" />
  <attribute name="IntegralH" value="40.000000" />
  <attribute name="DerivativeT" value="3.750000" />
  <attribute name="DerivativeI" value="3.750000" />
  <attribute name="DerivativeH" value="3.750000" />
  <attribute name="Loop Time for DT" value="4.000000" />
  <attribute name="Output H" value="8388608"/>
  <attribute name="Output I" value="200"/>
  <attribute name="Output T" value="4"/>
  <attribute name="Target GC Util Change" value ="20.000000" />
  <attribute name="Current GC Util Change" value="30.000000"/>
  <attribute name="GC Util currently" value="30" />
  <attribute name="CPU Util currently" value="1085997454035" />
<allocation-satisfied id="435" threadId="00000000013EA800" bytesRequested="147400" />
<af-end id="436" timestamp="2019-06-17T03:12:52.686" threadId="00000000013EB188" success="true" from="nursery"/>
<exclusive-end id="437" timestamp="2019-06-17T03:12:52.686" durationms="1.472" />

<exclusive-start id="438" timestamp="2019-06-17T03:12:52.695" intervalms="10.233">
  <response-info timems="0.043" idlems="0.017" threads="2" lastid="00000000013F6000" lastname="PmdThread 4" />
</exclusive-start>
<af-start id="439" threadId="00000000013F2D88" totalBytesRequested="392" timestamp="2019-06-17T03:12:52.695" intervalms="10.254" type="nursery" />
<cycle-start id="440" type="scavenge" contextid="0" timestamp="2019-06-17T03:12:52.695" intervalms="10.240" />
<gc-start id="441" type="scavenge" contextid="440" timestamp="2019-06-17T03:12:52.695">
  <mem-info id="442" free="2087427144" total="2092630016" percent="99">
    <mem type="nursery" free="0" total="2097152" percent="0">
      <mem type="allocate" free="0" total="1048576" percent="0" />
      <mem type="survivor" free="0" total="1048576" percent="0" />
    </mem>
    <mem type="tenure" free="2087427144" total="2090532864" percent="99">
      <mem type="soa" free="1982901320" total="1986007040" percent="99" />
      <mem type="loa" free="104525824" total="104525824" percent="100" />
    </mem>
    <remembered-set count="336" />
  </mem-info>
</gc-start>
<allocation-stats totalBytes="739752" >
  <allocated-bytes non-tlh="256976" tlh="482776" />
  <largest-consumer threadName="PmdThread 2" threadId="00000000013EA800" bytes="514912" />
</allocation-stats>
<gc-op id="443" type="scavenge" timems="0.398" contextid="440" timestamp="2019-06-17T03:12:52.696">
  <scavenger-info tenureage="6" tenuremask="ffc0" tiltratio="50" />
  <memory-copied type="nursery" objects="3357" bytes="250032" bytesdiscarded="118768" />
  <references type="phantom" candidates="1" cleared="0" enqueued="0" />
</gc-op>
<gc-end id="444" type="scavenge" contextid="440" durationms="0.562" usertimems="0.000" systemtimems="0.000" timestamp="2019-06-17T03:12:52.696" activeThreads="4">
  <mem-info id="445" free="2088172400" total="2092630016" percent="99">
    <mem type="nursery" free="745256" total="2097152" percent="35">
      <mem type="allocate" free="745256" total="1114112" percent="66" />
      <mem type="survivor" free="0" total="983040" percent="0" />
    </mem>
    <mem type="tenure" free="2087427144" total="2090532864" percent="99">
      <mem type="soa" free="1982901320" total="1986007040" percent="99" />
      <mem type="loa" free="104525824" total="104525824" percent="100" />
    </mem>
    <remembered-set count="300" />
  </mem-info>
</gc-end>
<cycle-end id="446" type="scavenge" contextid="440" timestamp="2019-06-17T03:12:52.696" />
  <attribute name="elasticGC enabled" value="1" />
  <attribute name= "numThreadsSpecified" value="4" />
  <attribute name="heapSize specified" value="8388608" />
  <attribute name="Current GC Util" value="14" />
  <attribute name= "Current Time Running" value="11265" />
  <attribute name ="GC Interval" value="200" />
  <attribute name="ProportionalT" value="-9.000000" />
  <attribute name="ProportionalI" value="-9.000000" />
  <attribute name="ProportionalH" value="-9.000000" />
  <attribute name="Current Error" value="-6.000000" />
  <attribute name="IntegralT" value="-60.000000" />
  <attribute name="IntegralI" value="-60.000000" />
  <attribute name="IntegralH" value="-60.000000" />
  <attribute name="DerivativeT" value="-2.400000" />
  <attribute name="DerivativeI" value="-2.400000" />
  <attribute name="DerivativeH" value="-2.400000" />
  <attribute name="Loop Time for DT" value="10.000000" />
  <attribute name="Output H" value="2092630016"/>
  <attribute name="Output I" value="200"/>
  <attribute name="Output T" value="4"/>
  <attribute name="Target GC Util Change" value ="20.000000" />
  <attribute name="Current GC Util Change" value="14.000000"/>
  <attribute name="GC Util currently" value="14" />
  <attribute name="CPU Util currently" value="450089645137" />
<allocation-satisfied id="447" threadId="00000000013F2400" bytesRequested="392" />
<af-end id="448" timestamp="2019-06-17T03:12:52.696" threadId="00000000013F2D88" success="true" from="nursery"/>
<exclusive-end id="449" timestamp="2019-06-17T03:12:52.696" durationms="0.983" />

<exclusive-start id="450" timestamp="2019-06-17T03:12:52.705" intervalms="10.316">
  <response-info timems="0.051" idlems="0.051" threads="0" lastid="00000000013E6C00" lastname="PmdThread 1" />
</exclusive-start>
<af-start id="451" threadId="00000000013E7588" totalBytesRequested="48" timestamp="2019-06-17T03:12:52.705" intervalms="10.343" type="nursery" />
<cycle-start id="452" type="scavenge" contextid="0" timestamp="2019-06-17T03:12:52.706" intervalms="10.392" />
<gc-start id="453" type="scavenge" contextid="452" timestamp="2019-06-17T03:12:52.706">
  <mem-info id="454" free="2087426960" total="2092630016" percent="99">
    <mem type="nursery" free="0" total="2097152" percent="0">
      <mem type="allocate" free="0" total="1114112" percent="0" />
      <mem type="survivor" free="0" total="983040" percent="0" />
    </mem>
    <mem type="tenure" free="2087426960" total="2090532864" percent="99">
      <mem type="soa" free="1982901136" total="1986007040" percent="99" />
      <mem type="loa" free="104525824" total="104525824" percent="100" />
    </mem>
    <remembered-set count="337" />
  </mem-info>
</gc-start>
<allocation-stats totalBytes="742280" >
  <allocated-bytes non-tlh="576" tlh="741704" />
  <largest-consumer threadName="PmdThread 3" threadId="00000000013F2400" bytes="294400" />
</allocation-stats>
<gc-op id="455" type="scavenge" timems="0.587" contextid="452" timestamp="2019-06-17T03:12:52.707">
  <scavenger-info tenureage="3" tenuremask="fff8" tiltratio="53" />
  <memory-copied type="nursery" objects="5802" bytes="436808" bytesdiscarded="163752" />
  <memory-copied type="tenure" objects="827" bytes="50176" bytesdiscarded="0" />
</gc-op>
<gc-end id="456" type="scavenge" contextid="452" durationms="1.139" usertimems="0.000" systemtimems="0.000" timestamp="2019-06-17T03:12:52.707" activeThreads="4">
  <mem-info id="457" free="2088006016" total="2092630016" percent="99">
    <mem type="nursery" free="579056" total="2097152" percent="27">
      <mem type="allocate" free="579056" total="1179648" percent="49" />
      <mem type="survivor" free="0" total="917504" percent="0" />
    </mem>
    <mem type="tenure" free="2087426960" total="2090532864" percent="99">
      <mem type="soa" free="1982901136" total="1986007040" percent="99" />
      <mem type="loa" free="104525824" total="104525824" percent="100" />
    </mem>
    <remembered-set count="306" />
  </mem-info>
</gc-end>
<cycle-end id="458" type="scavenge" contextid="452" timestamp="2019-06-17T03:12:52.707" />
  <attribute name="elasticGC enabled" value="1" />
  <attribute name= "numThreadsSpecified" value="4" />
  <attribute name="heapSize specified" value="8388608" />
  <attribute name="Current GC Util" value="7" />
  <attribute name= "Current Time Running" value="11276" />
  <attribute name ="GC Interval" value="200" />
  <attribute name="ProportionalT" value="-19.500000" />
  <attribute name="ProportionalI" value="-19.500000" />
  <attribute name="ProportionalH" value="-19.500000" />
  <attribute name="Current Error" value="-13.000000" />
  <attribute name="IntegralT" value="-143.000000" />
  <attribute name="IntegralI" value="-143.000000" />
  <attribute name="IntegralH" value="-143.000000" />
  <attribute name="DerivativeT" value="-1.772727" />
  <attribute name="DerivativeI" value="-1.772727" />
  <attribute name="DerivativeH" value="-1.772727" />
  <attribute name="Loop Time for DT" value="11.000000" />
  <attribute name="Output H" value="2092630016"/>
  <attribute name="Output I" value="200"/>
  <attribute name="Output T" value="4"/>
  <attribute name="Target GC Util Change" value ="20.000000" />
  <attribute name="Current GC Util Change" value="7.000000"/>
  <attribute name="GC Util currently" value="7" />
  <attribute name="CPU Util currently" value="410551830735" />
<allocation-satisfied id="459" threadId="00000000013E6C00" bytesRequested="48" />
<af-end id="460" timestamp="2019-06-17T03:12:52.707" threadId="00000000013E7588" success="true" from="nursery"/>
<exclusive-end id="461" timestamp="2019-06-17T03:12:52.707" durationms="2.037" />

<exclusive-start id="462" timestamp="2019-06-17T03:12:52.714" intervalms="8.277">
  <response-info timems="0.155" idlems="0.079" threads="1" lastid="00000000013F6000" lastname="PmdThread 4" />
</exclusive-start>
<af-start id="463" threadId="00000000013F2D88" totalBytesRequested="1120" timestamp="2019-06-17T03:12:52.714" intervalms="8.244" type="nursery" />
<cycle-start id="464" type="scavenge" contextid="0" timestamp="2019-06-17T03:12:52.714" intervalms="8.205" />
<gc-start id="465" type="scavenge" contextid="464" timestamp="2019-06-17T03:12:52.714">
  <mem-info id="466" free="2087426416" total="2092630016" percent="99">
    <mem type="nursery" free="0" total="2097152" percent="0">
      <mem type="allocate" free="0" total="1179648" percent="0" />
      <mem type="survivor" free="0" total="917504" percent="0" />
    </mem>
    <mem type="tenure" free="2087426416" total="2090532864" percent="99">
      <mem type="soa" free="1982900592" total="1986007040" percent="99" />
      <mem type="loa" free="104525824" total="104525824" percent="100" />
    </mem>
    <remembered-set count="324" />
  </mem-info>
</gc-start>
<allocation-stats totalBytes="575920" >
  <allocated-bytes non-tlh="33376" tlh="542544" />
  <largest-consumer threadName="PmdThread 1" threadId="00000000013E6C00" bytes="288112" />
</allocation-stats>
<gc-op id="467" type="scavenge" timems="0.648" contextid="464" timestamp="2019-06-17T03:12:52.715">
  <scavenger-info tenureage="5" tenuremask="ffe0" tiltratio="56" />
  <memory-copied type="nursery" objects="8068" bytes="732032" bytesdiscarded="28344" />
  <references type="phantom" candidates="2" cleared="0" enqueued="0" />
</gc-op>
<gc-end id="468" type="scavenge" contextid="464" durationms="1.029" usertimems="0.000" systemtimems="0.000" timestamp="2019-06-17T03:12:52.715" activeThreads="4">
  <mem-info id="469" free="2087714584" total="2092630016" percent="99">
    <mem type="nursery" free="288168" total="2097152" percent="13">
      <mem type="allocate" free="288168" total="1048576" percent="27" />
      <mem type="survivor" free="0" total="1048576" percent="0" />
    </mem>
    <mem type="tenure" free="2087426416" total="2090532864" percent="99">
      <mem type="soa" free="1982900592" total="1986007040" percent="99" />
      <mem type="loa" free="104525824" total="104525824" percent="100" />
    </mem>
    <remembered-set count="219" />
  </mem-info>
</gc-end>
<cycle-end id="470" type="scavenge" contextid="464" timestamp="2019-06-17T03:12:52.715" />
  <attribute name="elasticGC enabled" value="1" />
  <attribute name= "numThreadsSpecified" value="4" />
  <attribute name="heapSize specified" value="8388608" />
  <attribute name="Current GC Util" value="15" />
  <attribute name= "Current Time Running" value="11284" />
  <attribute name ="GC Interval" value="200" />
  <attribute name="ProportionalT" value="-7.500000" />
  <attribute name="ProportionalI" value="-7.500000" />
  <attribute name="ProportionalH" value="-7.500000" />
  <attribute name="Current Error" value="-5.000000" />
  <attribute name="IntegralT" value="-40.000000" />
  <attribute name="IntegralI" value="-40.000000" />
  <attribute name="IntegralH" value="-40.000000" />
  <attribute name="DerivativeT" value="-0.937500" />
  <attribute name="DerivativeI" value="-0.937500" />
  <attribute name="DerivativeH" value="-0.937500" />
  <attribute name="Loop Time for DT" value="8.000000" />
  <attribute name="Output H" value="2092630016"/>
  <attribute name="Output I" value="200"/>
  <attribute name="Output T" value="4"/>
  <attribute name="Target GC Util Change" value ="20.000000" />
  <attribute name="Current GC Util Change" value="15.000000"/>
  <attribute name="GC Util currently" value="15" />
  <attribute name="CPU Util currently" value="623792404334" />
<allocation-satisfied id="471" threadId="00000000013F2400" bytesRequested="1120" />
<af-end id="472" timestamp="2019-06-17T03:12:52.715" threadId="00000000013F2D88" success="true" from="nursery"/>
<exclusive-end id="473" timestamp="2019-06-17T03:12:52.715" durationms="1.500" />

<exclusive-start id="474" timestamp="2019-06-17T03:12:52.720" intervalms="6.232">
  <response-info timems="0.166" idlems="0.062" threads="3" lastid="00000000013F2400" lastname="PmdThread 3" />
</exclusive-start>
<af-start id="475" threadId="00000000013F6988" totalBytesRequested="16" timestamp="2019-06-17T03:12:52.720" intervalms="6.232" type="nursery" />
<cycle-start id="476" type="scavenge" contextid="0" timestamp="2019-06-17T03:12:52.720" intervalms="6.224" />
<gc-start id="477" type="scavenge" contextid="476" timestamp="2019-06-17T03:12:52.720">
  <mem-info id="478" free="2087424464" total="2092630016" percent="99">
    <mem type="nursery" free="0" total="2097152" percent="0">
      <mem type="allocate" free="0" total="1048576" percent="0" />
      <mem type="survivor" free="0" total="1048576" percent="0" />
    </mem>
    <mem type="tenure" free="2087424464" total="2090532864" percent="99">
      <mem type="soa" free="1982898640" total="1986007040" percent="99" />
      <mem type="loa" free="104525824" total="104525824" percent="100" />
    </mem>
    <remembered-set count="243" />
  </mem-info>
</gc-start>
<allocation-stats totalBytes="265232" >
  <allocated-bytes non-tlh="51568" tlh="213664" />
  <largest-consumer threadName="PmdThread 3" threadId="00000000013F2400" bytes="207888" />
</allocation-stats>
<gc-op id="479" type="scavenge" timems="1.022" contextid="476" timestamp="2019-06-17T03:12:52.721">
  <scavenger-info tenureage="3" tenuremask="7f98" tiltratio="50" />
  <memory-copied type="nursery" objects="6117" bytes="555384" bytesdiscarded="11400" />
  <memory-copied type="tenure" objects="2231" bytes="187016" bytesdiscarded="88" />
  <references type="phantom" candidates="2" cleared="0" enqueued="0" />
</gc-op>
<gc-end id="480" type="scavenge" contextid="476" durationms="1.373" usertimems="4.000" systemtimems="0.000" timestamp="2019-06-17T03:12:52.721" activeThreads="1">
  <mem-info id="481" free="2087702704" total="2092630016" percent="99">
    <mem type="nursery" free="481776" total="2097152" percent="22">
      <mem type="allocate" free="481776" total="1048576" percent="45" />
      <mem type="survivor" free="0" total="1048576" percent="0" />
    </mem>
    <mem type="tenure" free="2087220928" total="2090532864" percent="99">
      <mem type="soa" free="1982695104" total="1986007040" percent="99" />
      <mem type="loa" free="104525824" total="104525824" percent="100" />
    </mem>
    <remembered-set count="258" />
  </mem-info>
</gc-end>
<cycle-end id="482" type="scavenge" contextid="476" timestamp="2019-06-17T03:12:52.721" />
  <attribute name="elasticGC enabled" value="1" />
  <attribute name= "numThreadsSpecified" value="1" />
  <attribute name="heapSize specified" value="8388608" />
  <attribute name="Current GC Util" value="19" />
  <attribute name= "Current Time Running" value="11290" />
  <attribute name ="GC Interval" value="200" />
  <attribute name="ProportionalT" value="-1.500000" />
  <attribute name="ProportionalI" value="-1.500000" />
  <attribute name="ProportionalH" value="-1.500000" />
  <attribute name="Current Error" value="-1.000000" />
  <attribute name="IntegralT" value="-6.000000" />
  <attribute name="IntegralI" value="-6.000000" />
  <attribute name="IntegralH" value="-6.000000" />
  <attribute name="DerivativeT" value="-0.250000" />
  <attribute name="DerivativeI" value="-0.250000" />
  <attribute name="DerivativeH" value="-0.250000" />
  <attribute name="Loop Time for DT" value="6.000000" />
  <attribute name="Output H" value="8388608"/>
  <attribute name="Output I" value="200"/>
  <attribute name="Output T" value="1"/>
  <attribute name="Target GC Util Change" value ="20.000000" />
  <attribute name="Current GC Util Change" value="19.000000"/>
  <attribute name="GC Util currently" value="19" />
  <attribute name="CPU Util currently" value="739636487972" />
<allocation-satisfied id="483" threadId="00000000013F6000" bytesRequested="16" />
<af-end id="484" timestamp="2019-06-17T03:12:52.722" threadId="00000000013F6988" success="true" from="nursery"/>
<exclusive-end id="485" timestamp="2019-06-17T03:12:52.722" durationms="1.977" />

<exclusive-start id="486" timestamp="2019-06-17T03:12:52.730" intervalms="10.375">
  <response-info timems="0.039" idlems="0.023" threads="1" lastid="00000000013F2400" lastname="PmdThread 3" />
</exclusive-start>
<af-start id="487" threadId="00000000010D7088" totalBytesRequested="88" timestamp="2019-06-17T03:12:52.730" intervalms="10.366" type="nursery" />
<cycle-start id="488" type="scavenge" contextid="0" timestamp="2019-06-17T03:12:52.730" intervalms="10.369" />
<gc-start id="489" type="scavenge" contextid="488" timestamp="2019-06-17T03:12:52.730">
  <mem-info id="490" free="2087215864" total="2092630016" percent="99">
    <mem type="nursery" free="0" total="2097152" percent="0">
      <mem type="allocate" free="0" total="1048576" percent="0" />
      <mem type="survivor" free="0" total="1048576" percent="0" />
    </mem>
    <mem type="tenure" free="2087215864" total="2090532864" percent="99">
      <mem type="soa" free="1982690040" total="1986007040" percent="99" />
      <mem type="loa" free="104525824" total="104525824" percent="100" />
    </mem>
    <remembered-set count="344" />
  </mem-info>
</gc-start>
<allocation-stats totalBytes="482136" >
  <allocated-bytes non-tlh="50360" tlh="431776" />
  <largest-consumer threadName="PmdThread 3" threadId="00000000013F2400" bytes="197432" />
</allocation-stats>
<gc-op id="491" type="scavenge" timems="0.716" contextid="488" timestamp="2019-06-17T03:12:52.731">
  <scavenger-info tenureage="3" tenuremask="7fc8" tiltratio="50" />
  <memory-copied type="nursery" objects="5237" bytes="398280" bytesdiscarded="102104" />
  <memory-copied type="tenure" objects="3250" bytes="240312" bytesdiscarded="72" />
  <references type="soft" candidates="2" cleared="0" enqueued="0" dynamicThreshold="31" maxThreshold="32" />
  <references type="weak" candidates="12" cleared="4" enqueued="4" />
  <references type="phantom" candidates="3" cleared="1" enqueued="1" />
</gc-op>
<gc-end id="492" type="scavenge" contextid="488" durationms="0.900" usertimems="0.000" systemtimems="0.000" timestamp="2019-06-17T03:12:52.731" activeThreads="4">
  <mem-info id="493" free="2087586112" total="2092630016" percent="99">
    <mem type="nursery" free="613720" total="2097152" percent="29">
      <mem type="allocate" free="613720" total="1114112" percent="55" />
      <mem type="survivor" free="0" total="983040" percent="0" />
    </mem>
    <mem type="tenure" free="2086972392" total="2090532864" percent="99">
      <mem type="soa" free="1982446568" total="1986007040" percent="99" />
      <mem type="loa" free="104525824" total="104525824" percent="100" />
    </mem>
    <pending-finalizers system="0" default="0" reference="5" classloader="0" />
    <remembered-set count="282" />
  </mem-info>
</gc-end>
<cycle-end id="494" type="scavenge" contextid="488" timestamp="2019-06-17T03:12:52.731" />
  <attribute name="elasticGC enabled" value="1" />
  <attribute name= "numThreadsSpecified" value="4" />
  <attribute name="heapSize specified" value="8388608" />
  <attribute name="Current GC Util" value="12" />
  <attribute name= "Current Time Running" value="11300" />
  <attribute name ="GC Interval" value="200" />
  <attribute name="ProportionalT" value="-12.000000" />
  <attribute name="ProportionalI" value="-12.000000" />
  <attribute name="ProportionalH" value="-12.000000" />
  <attribute name="Current Error" value="-8.000000" />
  <attribute name="IntegralT" value="-80.000000" />
  <attribute name="IntegralI" value="-80.000000" />
  <attribute name="IntegralH" value="-80.000000" />
  <attribute name="DerivativeT" value="-1.200000" />
  <attribute name="DerivativeI" value="-1.200000" />
  <attribute name="DerivativeH" value="-1.200000" />
  <attribute name="Loop Time for DT" value="10.000000" />
  <attribute name="Output H" value="2092630016"/>
  <attribute name="Output I" value="200"/>
  <attribute name="Output T" value="4"/>
  <attribute name="Target GC Util Change" value ="20.000000" />
  <attribute name="Current GC Util Change" value="12.000000"/>
  <attribute name="GC Util currently" value="12" />
  <attribute name="CPU Util currently" value="445302345553" />
<allocation-satisfied id="495" threadId="00000000010D6700" bytesRequested="88" />
<af-end id="496" timestamp="2019-06-17T03:12:52.731" threadId="00000000010D7088" success="true" from="nursery"/>
<exclusive-end id="497" timestamp="2019-06-17T03:12:52.731" durationms="1.311" />

<exclusive-start id="498" timestamp="2019-06-17T03:12:52.748" intervalms="17.664">
  <response-info timems="0.042" idlems="0.040" threads="1" lastid="00000000013F2400" lastname="PmdThread 3" />
</exclusive-start>
<af-start id="499" threadId="00000000013EB188" totalBytesRequested="56" timestamp="2019-06-17T03:12:52.748" intervalms="17.671" type="nursery" />
<cycle-start id="500" type="scavenge" contextid="0" timestamp="2019-06-17T03:12:52.748" intervalms="17.673" />
<gc-start id="501" type="scavenge" contextid="500" timestamp="2019-06-17T03:12:52.748">
  <mem-info id="502" free="2086971744" total="2092630016" percent="99">
    <mem type="nursery" free="0" total="2097152" percent="0">
      <mem type="allocate" free="0" total="1114112" percent="0" />
      <mem type="survivor" free="0" total="983040" percent="0" />
    </mem>
    <mem type="tenure" free="2086971744" total="2090532864" percent="99">
      <mem type="soa" free="1982445920" total="1986007040" percent="99" />
      <mem type="loa" free="104525824" total="104525824" percent="100" />
    </mem>
    <remembered-set count="300" />
  </mem-info>
</gc-start>
<allocation-stats totalBytes="608280" >
  <allocated-bytes non-tlh="736" tlh="607544" />
  <largest-consumer threadName="PmdThread 2" threadId="00000000013EA800" bytes="347816" />
</allocation-stats>
<gc-op id="503" type="scavenge" timems="0.680" contextid="500" timestamp="2019-06-17T03:12:52.749">
  <scavenger-info tenureage="5" tenuremask="7fe0" tiltratio="53" />
  <memory-copied type="nursery" objects="9805" bytes="600560" bytesdiscarded="120400" />
  <references type="soft" candidates="2" cleared="0" enqueued="0" dynamicThreshold="31" maxThreshold="32" />
  <references type="weak" candidates="9" cleared="0" enqueued="0" />
  <references type="phantom" candidates="3" cleared="0" enqueued="0" />
</gc-op>
<gc-end id="504" type="scavenge" contextid="500" durationms="1.031" usertimems="0.000" systemtimems="0.000" timestamp="2019-06-17T03:12:52.749" activeThreads="4">
  <mem-info id="505" free="2087430400" total="2092630016" percent="99">
    <mem type="nursery" free="458656" total="2097152" percent="21">
      <mem type="allocate" free="458656" total="1179648" percent="38" />
      <mem type="survivor" free="0" total="917504" percent="0" />
    </mem>
    <mem type="tenure" free="2086971744" total="2090532864" percent="99">
      <mem type="soa" free="1982445920" total="1986007040" percent="99" />
      <mem type="loa" free="104525824" total="104525824" percent="100" />
    </mem>
    <remembered-set count="276" />
  </mem-info>
</gc-end>
<cycle-end id="506" type="scavenge" contextid="500" timestamp="2019-06-17T03:12:52.749" />
  <attribute name="elasticGC enabled" value="1" />
  <attribute name= "numThreadsSpecified" value="4" />
  <attribute name="heapSize specified" value="8388608" />
  <attribute name="Current GC Util" value="8" />
  <attribute name= "Current Time Running" value="11318" />
  <attribute name ="GC Interval" value="200" />
  <attribute name="ProportionalT" value="-18.000000" />
  <attribute name="ProportionalI" value="-18.000000" />
  <attribute name="ProportionalH" value="-18.000000" />
  <attribute name="Current Error" value="-12.000000" />
  <attribute name="IntegralT" value="-216.000000" />
  <attribute name="IntegralI" value="-216.000000" />
  <attribute name="IntegralH" value="-216.000000" />
  <attribute name="DerivativeT" value="-1.000000" />
  <attribute name="DerivativeI" value="-1.000000" />
  <attribute name="DerivativeH" value="-1.000000" />
  <attribute name="Loop Time for DT" value="18.000000" />
  <attribute name="Output H" value="2092630016"/>
  <attribute name="Output I" value="200"/>
  <attribute name="Output T" value="4"/>
  <attribute name="Target GC Util Change" value ="20.000000" />
  <attribute name="Current GC Util Change" value="8.000000"/>
  <attribute name="GC Util currently" value="8" />
  <attribute name="CPU Util currently" value="261068765429" />
<allocation-satisfied id="507" threadId="00000000013EA800" bytesRequested="56" />
<af-end id="508" timestamp="2019-06-17T03:12:52.749" threadId="00000000013EB188" success="true" from="nursery"/>
<exclusive-end id="509" timestamp="2019-06-17T03:12:52.749" durationms="1.422" />

<exclusive-start id="510" timestamp="2019-06-17T03:12:52.756" intervalms="7.929">
  <response-info timems="0.050" idlems="0.050" threads="0" lastid="00000000013E6C00" lastname="PmdThread 1" />
</exclusive-start>
<af-start id="511" threadId="00000000013E7588" totalBytesRequested="3080" timestamp="2019-06-17T03:12:52.756" intervalms="7.915" type="nursery" />
<cycle-start id="512" type="scavenge" contextid="0" timestamp="2019-06-17T03:12:52.756" intervalms="7.913" />
<gc-start id="513" type="scavenge" contextid="512" timestamp="2019-06-17T03:12:52.756">
  <mem-info id="514" free="2086971368" total="2092630016" percent="99">
    <mem type="nursery" free="0" total="2097152" percent="0">
      <mem type="allocate" free="0" total="1179648" percent="0" />
      <mem type="survivor" free="0" total="917504" percent="0" />
    </mem>
    <mem type="tenure" free="2086971368" total="2090532864" percent="99">
      <mem type="soa" free="1982445544" total="1986007040" percent="99" />
      <mem type="loa" free="104525824" total="104525824" percent="100" />
    </mem>
    <remembered-set count="287" />
  </mem-info>
</gc-start>
<allocation-stats totalBytes="456640" >
  <allocated-bytes non-tlh="16776" tlh="439864" />
  <largest-consumer threadName="PmdThread 2" threadId="00000000013EA800" bytes="266072" />
</allocation-stats>
<gc-op id="515" type="scavenge" timems="1.083" contextid="512" timestamp="2019-06-17T03:12:52.757">
  <scavenger-info tenureage="4" tenuremask="7ff0" tiltratio="56" />
  <memory-copied type="nursery" objects="11992" bytes="441944" bytesdiscarded="64128" />
  <memory-copied type="tenure" objects="1807" bytes="264512" bytesdiscarded="848" />
  <finalization candidates="1" enqueued="0" />
  <references type="soft" candidates="2" cleared="0" enqueued="0" dynamicThreshold="31" maxThreshold="32" />
  <references type="weak" candidates="11" cleared="0" enqueued="0" />
  <references type="phantom" candidates="3" cleared="0" enqueued="0" />
</gc-op>
<gc-end id="516" type="scavenge" contextid="512" durationms="1.300" usertimems="0.000" systemtimems="0.000" timestamp="2019-06-17T03:12:52.757" activeThreads="4">
  <mem-info id="517" free="2087341616" total="2092630016" percent="99">
    <mem type="nursery" free="673536" total="2097152" percent="32">
      <mem type="allocate" free="673536" total="1179648" percent="57" />
      <mem type="survivor" free="0" total="917504" percent="0" />
    </mem>
    <mem type="tenure" free="2086668080" total="2090532864" percent="99">
      <mem type="soa" free="1982142256" total="1986007040" percent="99" />
      <mem type="loa" free="104525824" total="104525824" percent="100" />
    </mem>
    <remembered-set count="322" />
  </mem-info>
</gc-end>
<cycle-end id="518" type="scavenge" contextid="512" timestamp="2019-06-17T03:12:52.757" />
  <attribute name="elasticGC enabled" value="1" />
  <attribute name= "numThreadsSpecified" value="4" />
  <attribute name="heapSize specified" value="8388608" />
  <attribute name="Current GC Util" value="17" />
  <attribute name= "Current Time Running" value="11326" />
  <attribute name ="GC Interval" value="200" />
  <attribute name="ProportionalT" value="-4.500000" />
  <attribute name="ProportionalI" value="-4.500000" />
  <attribute name="ProportionalH" value="-4.500000" />
  <attribute name="Current Error" value="-3.000000" />
  <attribute name="IntegralT" value="-24.000000" />
  <attribute name="IntegralI" value="-24.000000" />
  <attribute name="IntegralH" value="-24.000000" />
  <attribute name="DerivativeT" value="-0.562500" />
  <attribute name="DerivativeI" value="-0.562500" />
  <attribute name="DerivativeH" value="-0.562500" />
  <attribute name="Loop Time for DT" value="8.000000" />
  <attribute name="Output H" value="2092630016"/>
  <attribute name="Output I" value="200"/>
  <attribute name="Output T" value="4"/>
  <attribute name="Target GC Util Change" value ="20.000000" />
  <attribute name="Current GC Util Change" value="17.000000"/>
  <attribute name="GC Util currently" value="17" />
  <attribute name="CPU Util currently" value="582686612861" />
<allocation-satisfied id="519" threadId="00000000013E6C00" bytesRequested="3080" />
<af-end id="520" timestamp="2019-06-17T03:12:52.757" threadId="00000000013E7588" success="true" from="nursery"/>
<exclusive-end id="521" timestamp="2019-06-17T03:12:52.758" durationms="1.722" />

<exclusive-start id="522" timestamp="2019-06-17T03:12:52.769" intervalms="13.454">
  <response-info timems="0.023" idlems="0.023" threads="0" lastid="00000000013F2400" lastname="PmdThread 3" />
</exclusive-start>
<af-start id="523" threadId="00000000013F2D88" totalBytesRequested="10576" timestamp="2019-06-17T03:12:52.769" intervalms="13.462" type="nursery" />
<cycle-start id="524" type="scavenge" contextid="0" timestamp="2019-06-17T03:12:52.769" intervalms="13.457" />
<gc-start id="525" type="scavenge" contextid="524" timestamp="2019-06-17T03:12:52.769">
  <mem-info id="526" free="2086663776" total="2092630016" percent="99">
    <mem type="nursery" free="0" total="2097152" percent="0">
      <mem type="allocate" free="0" total="1179648" percent="0" />
      <mem type="survivor" free="0" total="917504" percent="0" />
    </mem>
    <mem type="tenure" free="2086663776" total="2090532864" percent="99">
      <mem type="soa" free="1982137952" total="1986007040" percent="99" />
      <mem type="loa" free="104525824" total="104525824" percent="100" />
    </mem>
    <remembered-set count="389" />
  </mem-info>
</gc-start>
<allocation-stats totalBytes="669736" >
  <allocated-bytes non-tlh="7384" tlh="662352" />
  <largest-consumer threadName="PmdThread 2" threadId="00000000013EA800" bytes="361312" />
</allocation-stats>
<gc-op id="527" type="scavenge" timems="1.377" contextid="524" timestamp="2019-06-17T03:12:52.771">
  <scavenger-info tenureage="3" tenuremask="7ff8" tiltratio="56" />
  <memory-copied type="nursery" objects="12836" bytes="465608" bytesdiscarded="43552" />
  <memory-copied type="tenure" objects="3011" bytes="111880" bytesdiscarded="16" />
  <finalization candidates="1" enqueued="0" />
  <references type="weak" candidates="5" cleared="1" enqueued="1" />
  <references type="phantom" candidates="3" cleared="1" enqueued="1" />
</gc-op>
<gc-end id="528" type="scavenge" contextid="524" durationms="1.539" usertimems="4.000" systemtimems="0.000" timestamp="2019-06-17T03:12:52.771" activeThreads="4">
  <mem-info id="529" free="2087321440" total="2092630016" percent="99">
    <mem type="nursery" free="736000" total="2097152" percent="35">
      <mem type="allocate" free="736000" total="1245184" percent="59" />
      <mem type="survivor" free="0" total="851968" percent="0" />
    </mem>
    <mem type="tenure" free="2086585440" total="2090532864" percent="99">
      <mem type="soa" free="1982059616" total="1986007040" percent="99" />
      <mem type="loa" free="104525824" total="104525824" percent="100" />
    </mem>
    <pending-finalizers system="0" default="0" reference="2" classloader="0" />
    <remembered-set count="433" />
  </mem-info>
</gc-end>
<cycle-end id="530" type="scavenge" contextid="524" timestamp="2019-06-17T03:12:52.771" />
  <attribute name="elasticGC enabled" value="1" />
  <attribute name= "numThreadsSpecified" value="4" />
  <attribute name="heapSize specified" value="8388608" />
  <attribute name="Current GC Util" value="13" />
  <attribute name= "Current Time Running" value="11339" />
  <attribute name ="GC Interval" value="200" />
  <attribute name="ProportionalT" value="-10.500000" />
  <attribute name="ProportionalI" value="-10.500000" />
  <attribute name="ProportionalH" value="-10.500000" />
  <attribute name="Current Error" value="-7.000000" />
  <attribute name="IntegralT" value="-91.000000" />
  <attribute name="IntegralI" value="-91.000000" />
  <attribute name="IntegralH" value="-91.000000" />
  <attribute name="DerivativeT" value="-0.807692" />
  <attribute name="DerivativeI" value="-0.807692" />
  <attribute name="DerivativeH" value="-0.807692" />
  <attribute name="Loop Time for DT" value="13.000000" />
  <attribute name="Output H" value="2092630016"/>
  <attribute name="Output I" value="200"/>
  <attribute name="Output T" value="4"/>
  <attribute name="Target GC Util Change" value ="20.000000" />
  <attribute name="Current GC Util Change" value="13.000000"/>
  <attribute name="GC Util currently" value="13" />
  <attribute name="CPU Util currently" value="344492504353" />
<allocation-satisfied id="531" threadId="00000000013F2400" bytesRequested="10576" />
<af-end id="532" timestamp="2019-06-17T03:12:52.771" threadId="00000000013F2D88" success="true" from="nursery"/>
<exclusive-end id="533" timestamp="2019-06-17T03:12:52.771" durationms="2.020" />

<exclusive-start id="534" timestamp="2019-06-17T03:12:52.786" intervalms="16.636">
  <response-info timems="0.042" idlems="0.042" threads="0" lastid="00000000013E6C00" lastname="PmdThread 1" />
</exclusive-start>
<af-start id="535" threadId="00000000013E7588" totalBytesRequested="128" timestamp="2019-06-17T03:12:52.786" intervalms="16.687" type="nursery" />
<cycle-start id="536" type="scavenge" contextid="0" timestamp="2019-06-17T03:12:52.786" intervalms="16.700" />
<gc-start id="537" type="scavenge" contextid="536" timestamp="2019-06-17T03:12:52.786">
  <mem-info id="538" free="2086581784" total="2092630016" percent="99">
    <mem type="nursery" free="0" total="2097152" percent="0">
      <mem type="allocate" free="0" total="1245184" percent="0" />
      <mem type="survivor" free="0" total="851968" percent="0" />
    </mem>
    <mem type="tenure" free="2086581784" total="2090532864" percent="99">
      <mem type="soa" free="1982055960" total="1986007040" percent="99" />
      <mem type="loa" free="104525824" total="104525824" percent="100" />
    </mem>
    <remembered-set count="652" />
  </mem-info>
</gc-start>
<allocation-stats totalBytes="735128" >
  <allocated-bytes non-tlh="14232" tlh="720896" />
  <largest-consumer threadName="PmdThread 4" threadId="00000000013F6000" bytes="258104" />
</allocation-stats>
<gc-op id="539" type="scavenge" timems="1.354" contextid="536" timestamp="2019-06-17T03:12:52.788">
  <scavenger-info tenureage="2" tenuremask="7ffc" tiltratio="59" />
  <memory-copied type="nursery" objects="6675" bytes="250752" bytesdiscarded="93272" />
  <memory-copied type="tenure" objects="8763" bytes="317872" bytesdiscarded="112" />
  <finalization candidates="1" enqueued="0" />
  <references type="soft" candidates="2" cleared="0" enqueued="0" dynamicThreshold="31" maxThreshold="32" />
  <references type="weak" candidates="10" cleared="6" enqueued="6" />
  <references type="phantom" candidates="4" cleared="2" enqueued="2" />
</gc-op>
<gc-end id="540" type="scavenge" contextid="536" durationms="1.555" usertimems="0.000" systemtimems="0.000" timestamp="2019-06-17T03:12:52.788" activeThreads="4">
  <mem-info id="541" free="2087282712" total="2092630016" percent="99">
    <mem type="nursery" free="966656" total="2097152" percent="46">
      <mem type="allocate" free="966656" total="1310720" percent="73" />
      <mem type="survivor" free="0" total="786432" percent="0" />
    </mem>
    <mem type="tenure" free="2086316056" total="2090532864" percent="99">
      <mem type="soa" free="1981790232" total="1986007040" percent="99" />
      <mem type="loa" free="104525824" total="104525824" percent="100" />
    </mem>
    <pending-finalizers system="0" default="0" reference="8" classloader="0" />
    <remembered-set count="914" />
  </mem-info>
</gc-end>
<cycle-end id="542" type="scavenge" contextid="536" timestamp="2019-06-17T03:12:52.788" />
  <attribute name="elasticGC enabled" value="1" />
  <attribute name= "numThreadsSpecified" value="4" />
  <attribute name="heapSize specified" value="8388608" />
  <attribute name="Current GC Util" value="11" />
  <attribute name= "Current Time Running" value="11356" />
  <attribute name ="GC Interval" value="200" />
  <attribute name="ProportionalT" value="-13.500000" />
  <attribute name="ProportionalI" value="-13.500000" />
  <attribute name="ProportionalH" value="-13.500000" />
  <attribute name="Current Error" value="-9.000000" />
  <attribute name="IntegralT" value="-153.000000" />
  <attribute name="IntegralI" value="-153.000000" />
  <attribute name="IntegralH" value="-153.000000" />
  <attribute name="DerivativeT" value="-0.794118" />
  <attribute name="DerivativeI" value="-0.794118" />
  <attribute name="DerivativeH" value="-0.794118" />
  <attribute name="Loop Time for DT" value="17.000000" />
  <attribute name="Output H" value="2092630016"/>
  <attribute name="Output I" value="200"/>
  <attribute name="Output T" value="4"/>
  <attribute name="Target GC Util Change" value ="20.000000" />
  <attribute name="Current GC Util Change" value="11.000000"/>
  <attribute name="GC Util currently" value="11" />
  <attribute name="CPU Util currently" value="274813270842" />
<allocation-satisfied id="543" threadId="00000000013E6C00" bytesRequested="128" />
<af-end id="544" timestamp="2019-06-17T03:12:52.788" threadId="00000000013E7588" success="true" from="nursery"/>
<exclusive-end id="545" timestamp="2019-06-17T03:12:52.788" durationms="2.044" />

<exclusive-start id="546" timestamp="2019-06-17T03:12:52.814" intervalms="27.937">
  <response-info timems="0.103" idlems="0.103" threads="0" lastid="00000000013F6000" lastname="PmdThread 4" />
</exclusive-start>
<af-start id="547" threadId="00000000013F6988" totalBytesRequested="16392" timestamp="2019-06-17T03:12:52.814" intervalms="27.907" type="nursery" />
<cycle-start id="548" type="scavenge" contextid="0" timestamp="2019-06-17T03:12:52.814" intervalms="27.901" />
<gc-start id="549" type="scavenge" contextid="548" timestamp="2019-06-17T03:12:52.814">
  <mem-info id="550" free="2086281904" total="2092630016" percent="99">
    <mem type="nursery" free="0" total="2097152" percent="0">
      <mem type="allocate" free="0" total="1310720" percent="0" />
      <mem type="survivor" free="0" total="786432" percent="0" />
    </mem>
    <mem type="tenure" free="2086281904" total="2090532864" percent="99">
      <mem type="soa" free="1981756080" total="1986007040" percent="99" />
      <mem type="loa" free="104525824" total="104525824" percent="100" />
    </mem>
    <remembered-set count="1681" />
  </mem-info>
</gc-start>
<allocation-stats totalBytes="982184" >
  <allocated-bytes non-tlh="34280" tlh="947904" />
  <largest-consumer threadName="PmdThread 3" threadId="00000000013F2400" bytes="380728" />
</allocation-stats>
<gc-op id="551" type="scavenge" timems="0.919" contextid="548" timestamp="2019-06-17T03:12:52.815">
  <scavenger-info tenureage="2" tenuremask="7ffc" tiltratio="62" />
  <memory-copied type="nursery" objects="6046" bytes="215968" bytesdiscarded="32608" />
  <memory-copied type="tenure" objects="3766" bytes="138624" bytesdiscarded="80" />
  <finalization candidates="5" enqueued="0" />
  <references type="soft" candidates="21" cleared="0" enqueued="0" dynamicThreshold="31" maxThreshold="32" />
  <references type="weak" candidates="95" cleared="33" enqueued="24" />
  <references type="phantom" candidates="2" cleared="0" enqueued="0" />
</gc-op>
<gc-end id="552" type="scavenge" contextid="548" durationms="1.193" usertimems="0.000" systemtimems="0.000" timestamp="2019-06-17T03:12:52.815" activeThreads="4">
  <mem-info id="553" free="2087173040" total="2092630016" percent="99">
    <mem type="nursery" free="1192960" total="2097152" percent="56">
      <mem type="allocate" free="1192960" total="1441792" percent="82" />
      <mem type="survivor" free="0" total="655360" percent="0" />
    </mem>
    <mem type="tenure" free="2085980080" total="2090532864" percent="99">
      <mem type="soa" free="1981454256" total="1986007040" percent="99" />
      <mem type="loa" free="104525824" total="104525824" percent="100" />
    </mem>
    <pending-finalizers system="0" default="0" reference="24" classloader="0" />
    <remembered-set count="1817" />
  </mem-info>
</gc-end>
<cycle-end id="554" type="scavenge" contextid="548" timestamp="2019-06-17T03:12:52.815" />
  <attribute name="elasticGC enabled" value="1" />
  <attribute name= "numThreadsSpecified" value="4" />
  <attribute name="heapSize specified" value="8388608" />
  <attribute name="Current GC Util" value="7" />
  <attribute name= "Current Time Running" value="11384" />
  <attribute name ="GC Interval" value="200" />
  <attribute name="ProportionalT" value="-19.500000" />
  <attribute name="ProportionalI" value="-19.500000" />
  <attribute name="ProportionalH" value="-19.500000" />
  <attribute name="Current Error" value="-13.000000" />
  <attribute name="IntegralT" value="-364.000000" />
  <attribute name="IntegralI" value="-364.000000" />
  <attribute name="IntegralH" value="-364.000000" />
  <attribute name="DerivativeT" value="-0.696429" />
  <attribute name="DerivativeI" value="-0.696429" />
  <attribute name="DerivativeH" value="-0.696429" />
  <attribute name="Loop Time for DT" value="28.000000" />
  <attribute name="Output H" value="2092630016"/>
  <attribute name="Output I" value="200"/>
  <attribute name="Output T" value="4"/>
  <attribute name="Target GC Util Change" value ="20.000000" />
  <attribute name="Current GC Util Change" value="7.000000"/>
  <attribute name="GC Util currently" value="7" />
  <attribute name="CPU Util currently" value="163935362774" />
<allocation-satisfied id="555" threadId="00000000013F6000" bytesRequested="16392" />
<af-end id="556" timestamp="2019-06-17T03:12:52.815" threadId="00000000013F6988" success="true" from="nursery"/>
<exclusive-end id="557" timestamp="2019-06-17T03:12:52.816" durationms="1.709" />

<exclusive-start id="558" timestamp="2019-06-17T03:12:52.832" intervalms="18.646">
  <response-info timems="0.083" idlems="0.047" threads="2" lastid="00000000013F6000" lastname="PmdThread 4" />
</exclusive-start>
<af-start id="559" threadId="00000000013E7588" totalBytesRequested="16" timestamp="2019-06-17T03:12:52.833" intervalms="18.638" type="nursery" />
<cycle-start id="560" type="scavenge" contextid="0" timestamp="2019-06-17T03:12:52.833" intervalms="18.644" />
<gc-start id="561" type="scavenge" contextid="560" timestamp="2019-06-17T03:12:52.833">
  <mem-info id="562" free="2085950592" total="2092630016" percent="99">
    <mem type="nursery" free="0" total="2097152" percent="0">
      <mem type="allocate" free="0" total="1441792" percent="0" />
      <mem type="survivor" free="0" total="655360" percent="0" />
    </mem>
    <mem type="tenure" free="2085950592" total="2090532864" percent="99">
      <mem type="soa" free="1981424768" total="1986007040" percent="99" />
      <mem type="loa" free="104525824" total="104525824" percent="100" />
    </mem>
    <remembered-set count="2370" />
  </mem-info>
</gc-start>
<allocation-stats totalBytes="1219896" >
  <allocated-bytes non-tlh="146240" tlh="1073656" />
  <largest-consumer threadName="PmdThread 2" threadId="00000000013EA800" bytes="653056" />
</allocation-stats>
<gc-op id="563" type="scavenge" timems="0.746" contextid="560" timestamp="2019-06-17T03:12:52.834">
  <scavenger-info tenureage="2" tenuremask="7ffc" tiltratio="68" />
  <memory-copied type="nursery" objects="7409" bytes="334312" bytesdiscarded="122864" />
  <memory-copied type="tenure" objects="2236" bytes="67192" bytesdiscarded="8" />
  <finalization candidates="5" enqueued="0" />
  <references type="soft" candidates="29" cleared="0" enqueued="0" dynamicThreshold="31" maxThreshold="32" />
  <references type="weak" candidates="112" cleared="29" enqueued="24" />
  <references type="phantom" candidates="2" cleared="1" enqueued="1" />
</gc-op>
<gc-end id="564" type="scavenge" contextid="560" durationms="0.943" usertimems="0.000" systemtimems="0.000" timestamp="2019-06-17T03:12:52.834" activeThreads="4">
  <mem-info id="565" free="2086895704" total="2092630016" percent="99">
    <mem type="nursery" free="984280" total="2097152" percent="46">
      <mem type="allocate" free="984280" total="1441792" percent="68" />
      <mem type="survivor" free="0" total="655360" percent="0" />
    </mem>
    <mem type="tenure" free="2085911424" total="2090532864" percent="99">
      <mem type="soa" free="1981385600" total="1986007040" percent="99" />
      <mem type="loa" free="104525824" total="104525824" percent="100" />
    </mem>
    <pending-finalizers system="0" default="0" reference="25" classloader="0" />
    <remembered-set count="1800" />
  </mem-info>
</gc-end>
<cycle-end id="566" type="scavenge" contextid="560" timestamp="2019-06-17T03:12:52.834" />
  <attribute name="elasticGC enabled" value="1" />
  <attribute name= "numThreadsSpecified" value="4" />
  <attribute name="heapSize specified" value="8388608" />
  <attribute name="Current GC Util" value="9" />
  <attribute name= "Current Time Running" value="11403" />
  <attribute name ="GC Interval" value="200" />
  <attribute name="ProportionalT" value="-16.500000" />
  <attribute name="ProportionalI" value="-16.500000" />
  <attribute name="ProportionalH" value="-16.500000" />
  <attribute name="Current Error" value="-11.000000" />
  <attribute name="IntegralT" value="-209.000000" />
  <attribute name="IntegralI" value="-209.000000" />
  <attribute name="IntegralH" value="-209.000000" />
  <attribute name="DerivativeT" value="-0.868421" />
  <attribute name="DerivativeI" value="-0.868421" />
  <attribute name="DerivativeH" value="-0.868421" />
  <attribute name="Loop Time for DT" value="19.000000" />
  <attribute name="Output H" value="2092630016"/>
  <attribute name="Output I" value="200"/>
  <attribute name="Output T" value="4"/>
  <attribute name="Target GC Util Change" value ="20.000000" />
  <attribute name="Current GC Util Change" value="9.000000"/>
  <attribute name="GC Util currently" value="9" />
  <attribute name="CPU Util currently" value="250392066052" />
<allocation-satisfied id="567" threadId="00000000013E6C00" bytesRequested="16" />
<af-end id="568" timestamp="2019-06-17T03:12:52.834" threadId="00000000013E7588" success="true" from="nursery"/>
<exclusive-end id="569" timestamp="2019-06-17T03:12:52.834" durationms="1.400" />

<exclusive-start id="570" timestamp="2019-06-17T03:12:52.855" intervalms="22.312">
  <response-info timems="0.146" idlems="0.103" threads="2" lastid="00000000013F6000" lastname="PmdThread 4" />
</exclusive-start>
<af-start id="571" threadId="00000000013EB188" totalBytesRequested="544" timestamp="2019-06-17T03:12:52.855" intervalms="22.325" type="nursery" />
<cycle-start id="572" type="scavenge" contextid="0" timestamp="2019-06-17T03:12:52.855" intervalms="22.328" />
<gc-start id="573" type="scavenge" contextid="572" timestamp="2019-06-17T03:12:52.855">
  <mem-info id="574" free="2085900664" total="2092630016" percent="99">
    <mem type="nursery" free="0" total="2097152" percent="0">
      <mem type="allocate" free="0" total="1441792" percent="0" />
      <mem type="survivor" free="0" total="655360" percent="0" />
    </mem>
    <mem type="tenure" free="2085900664" total="2090532864" percent="99">
      <mem type="soa" free="1981374840" total="1986007040" percent="99" />
      <mem type="loa" free="104525824" total="104525824" percent="100" />
    </mem>
    <remembered-set count="1938" />
  </mem-info>
</gc-start>
<allocation-stats totalBytes="991424" >
  <allocated-bytes non-tlh="10776" tlh="980648" />
  <largest-consumer threadName="PmdThread 1" threadId="00000000013E6C00" bytes="467128" />
</allocation-stats>
<gc-op id="575" type="scavenge" timems="1.128" contextid="572" timestamp="2019-06-17T03:12:52.856">
  <scavenger-info tenureage="2" tenuremask="7ffc" tiltratio="68" />
  <memory-copied type="nursery" objects="5820" bytes="247688" bytesdiscarded="59080" />
  <memory-copied type="tenure" objects="3731" bytes="137112" bytesdiscarded="24" />
  <finalization candidates="5" enqueued="0" />
  <references type="soft" candidates="10" cleared="0" enqueued="0" dynamicThreshold="31" maxThreshold="32" />
  <references type="weak" candidates="32" cleared="9" enqueued="9" />
</gc-op>
<gc-end id="576" type="scavenge" contextid="572" durationms="1.479" usertimems="0.000" systemtimems="4.000" timestamp="2019-06-17T03:12:52.856" activeThreads="4">
  <mem-info id="577" free="2087022696" total="2092630016" percent="99">
    <mem type="nursery" free="1200368" total="2097152" percent="57">
      <mem type="allocate" free="1200368" total="1507328" percent="79" />
      <mem type="survivor" free="0" total="589824" percent="0" />
    </mem>
    <mem type="tenure" free="2085822328" total="2090532864" percent="99">
      <mem type="soa" free="1981296504" total="1986007040" percent="99" />
      <mem type="loa" free="104525824" total="104525824" percent="100" />
    </mem>
    <pending-finalizers system="0" default="0" reference="9" classloader="0" />
    <remembered-set count="937" />
  </mem-info>
</gc-end>
<cycle-end id="578" type="scavenge" contextid="572" timestamp="2019-06-17T03:12:52.857" />
  <attribute name="elasticGC enabled" value="1" />
  <attribute name= "numThreadsSpecified" value="4" />
  <attribute name="heapSize specified" value="8388608" />
  <attribute name="Current GC Util" value="7" />
  <attribute name= "Current Time Running" value="11425" />
  <attribute name ="GC Interval" value="200" />
  <attribute name="ProportionalT" value="-19.500000" />
  <attribute name="ProportionalI" value="-19.500000" />
  <attribute name="ProportionalH" value="-19.500000" />
  <attribute name="Current Error" value="-13.000000" />
  <attribute name="IntegralT" value="-286.000000" />
  <attribute name="IntegralI" value="-286.000000" />
  <attribute name="IntegralH" value="-286.000000" />
  <attribute name="DerivativeT" value="-0.886364" />
  <attribute name="DerivativeI" value="-0.886364" />
  <attribute name="DerivativeH" value="-0.886364" />
  <attribute name="Loop Time for DT" value="22.000000" />
  <attribute name="Output H" value="2092630016"/>
  <attribute name="Output I" value="200"/>
  <attribute name="Output T" value="4"/>
  <attribute name="Target GC Util Change" value ="20.000000" />
  <attribute name="Current GC Util Change" value="7.000000"/>
  <attribute name="GC Util currently" value="7" />
  <attribute name="CPU Util currently" value="206496337882" />
<allocation-satisfied id="579" threadId="00000000013EA800" bytesRequested="544" />
<af-end id="580" timestamp="2019-06-17T03:12:52.857" threadId="00000000013EB188" success="true" from="nursery"/>
<exclusive-end id="581" timestamp="2019-06-17T03:12:52.857" durationms="1.983" />

<exclusive-start id="582" timestamp="2019-06-17T03:12:52.871" intervalms="16.122">
  <response-info timems="0.132" idlems="0.079" threads="3" lastid="00000000013F6000" lastname="PmdThread 4" />
</exclusive-start>
<af-start id="583" threadId="00000000013EB188" totalBytesRequested="568" timestamp="2019-06-17T03:12:52.871" intervalms="16.119" type="nursery" />
<cycle-start id="584" type="scavenge" contextid="0" timestamp="2019-06-17T03:12:52.871" intervalms="16.117" />
<gc-start id="585" type="scavenge" contextid="584" timestamp="2019-06-17T03:12:52.871">
  <mem-info id="586" free="2085815728" total="2092630016" percent="99">
    <mem type="nursery" free="0" total="2097152" percent="0">
      <mem type="allocate" free="0" total="1507328" percent="0" />
      <mem type="survivor" free="0" total="589824" percent="0" />
    </mem>
    <mem type="tenure" free="2085815728" total="2090532864" percent="99">
      <mem type="soa" free="1981289904" total="1986007040" percent="99" />
      <mem type="loa" free="104525824" total="104525824" percent="100" />
    </mem>
    <remembered-set count="1049" />
  </mem-info>
</gc-start>
<allocation-stats totalBytes="1204856" >
  <allocated-bytes non-tlh="7144" tlh="1197712" />
  <largest-consumer threadName="PmdThread 1" threadId="00000000013E6C00" bytes="439760" />
</allocation-stats>
<gc-op id="587" type="scavenge" timems="0.798" contextid="584" timestamp="2019-06-17T03:12:52.872">
  <scavenger-info tenureage="2" tenuremask="7ffc" tiltratio="71" />
  <memory-copied type="nursery" objects="5677" bytes="205320" bytesdiscarded="68688" />
  <memory-copied type="tenure" objects="3507" bytes="164120" bytesdiscarded="8" />
  <references type="weak" candidates="28" cleared="27" enqueued="27" />
</gc-op>
<gc-end id="588" type="scavenge" contextid="584" durationms="1.161" usertimems="0.000" systemtimems="0.000" timestamp="2019-06-17T03:12:52.872" activeThreads="4">
  <mem-info id="589" free="2086988968" total="2092630016" percent="99">
    <mem type="nursery" free="1298688" total="2097152" percent="61">
      <mem type="allocate" free="1298688" total="1572864" percent="82" />
      <mem type="survivor" free="0" total="524288" percent="0" />
    </mem>
    <mem type="tenure" free="2085690280" total="2090532864" percent="99">
      <mem type="soa" free="1981164456" total="1986007040" percent="99" />
      <mem type="loa" free="104525824" total="104525824" percent="100" />
    </mem>
    <pending-finalizers system="0" default="0" reference="27" classloader="0" />
    <remembered-set count="524" />
  </mem-info>
</gc-end>
<cycle-end id="590" type="scavenge" contextid="584" timestamp="2019-06-17T03:12:52.872" />
  <attribute name="elasticGC enabled" value="1" />
  <attribute name= "numThreadsSpecified" value="4" />
  <attribute name="heapSize specified" value="8388608" />
  <attribute name="Current GC Util" value="13" />
  <attribute name= "Current Time Running" value="11441" />
  <attribute name ="GC Interval" value="200" />
  <attribute name="ProportionalT" value="-10.500000" />
  <attribute name="ProportionalI" value="-10.500000" />
  <attribute name="ProportionalH" value="-10.500000" />
  <attribute name="Current Error" value="-7.000000" />
  <attribute name="IntegralT" value="-112.000000" />
  <attribute name="IntegralI" value="-112.000000" />
  <attribute name="IntegralH" value="-112.000000" />
  <attribute name="DerivativeT" value="-0.656250" />
  <attribute name="DerivativeI" value="-0.656250" />
  <attribute name="DerivativeH" value="-0.656250" />
  <attribute name="Loop Time for DT" value="16.000000" />
  <attribute name="Output H" value="2092630016"/>
  <attribute name="Output I" value="200"/>
  <attribute name="Output T" value="4"/>
  <attribute name="Target GC Util Change" value ="20.000000" />
  <attribute name="Current GC Util Change" value="13.000000"/>
  <attribute name="GC Util currently" value="13" />
  <attribute name="CPU Util currently" value="286430856325" />
<allocation-satisfied id="591" threadId="00000000013EA800" bytesRequested="568" />
<af-end id="592" timestamp="2019-06-17T03:12:52.872" threadId="00000000013EB188" success="true" from="nursery"/>
<exclusive-end id="593" timestamp="2019-06-17T03:12:52.873" durationms="1.659" />

<exclusive-start id="594" timestamp="2019-06-17T03:12:52.888" intervalms="17.433">
  <response-info timems="0.207" idlems="0.118" threads="2" lastid="00000000013E6C00" lastname="PmdThread 1" />
</exclusive-start>
<af-start id="595" threadId="00000000013EB188" totalBytesRequested="32" timestamp="2019-06-17T03:12:52.888" intervalms="17.413" type="nursery" />
<cycle-start id="596" type="scavenge" contextid="0" timestamp="2019-06-17T03:12:52.888" intervalms="17.415" />
<gc-start id="597" type="scavenge" contextid="596" timestamp="2019-06-17T03:12:52.889">
  <mem-info id="598" free="2085689664" total="2092630016" percent="99">
    <mem type="nursery" free="0" total="2097152" percent="0">
      <mem type="allocate" free="0" total="1572864" percent="0" />
      <mem type="survivor" free="0" total="524288" percent="0" />
    </mem>
    <mem type="tenure" free="2085689664" total="2090532864" percent="99">
      <mem type="soa" free="1981163840" total="1986007040" percent="99" />
      <mem type="loa" free="104525824" total="104525824" percent="100" />
    </mem>
    <remembered-set count="602" />
  </mem-info>
</gc-start>
<allocation-stats totalBytes="1297072" >
  <allocated-bytes non-tlh="1184" tlh="1295888" />
  <largest-consumer threadName="PmdThread 2" threadId="00000000013EA800" bytes="506960" />
</allocation-stats>
<gc-op id="599" type="scavenge" timems="0.860" contextid="596" timestamp="2019-06-17T03:12:52.890">
  <scavenger-info tenureage="2" tenuremask="7ffc" tiltratio="75" />
  <memory-copied type="nursery" objects="6681" bytes="206176" bytesdiscarded="106712" />
  <memory-copied type="tenure" objects="1894" bytes="72512" bytesdiscarded="0" />
  <references type="weak" candidates="57" cleared="54" enqueued="54" />
</gc-op>
<gc-end id="600" type="scavenge" contextid="596" durationms="1.239" usertimems="0.000" systemtimems="0.000" timestamp="2019-06-17T03:12:52.890" activeThreads="4">
  <mem-info id="601" free="2087014720" total="2092630016" percent="99">
    <mem type="nursery" free="1325056" total="2097152" percent="63">
      <mem type="allocate" free="1325056" total="1638400" percent="80" />
      <mem type="survivor" free="0" total="458752" percent="0" />
    </mem>
    <mem type="tenure" free="2085689664" total="2090532864" percent="99">
      <mem type="soa" free="1981163840" total="1986007040" percent="99" />
      <mem type="loa" free="104525824" total="104525824" percent="100" />
    </mem>
    <pending-finalizers system="0" default="0" reference="54" classloader="0" />
    <remembered-set count="572" />
  </mem-info>
</gc-end>
<cycle-end id="602" type="scavenge" contextid="596" timestamp="2019-06-17T03:12:52.890" />
  <attribute name="elasticGC enabled" value="1" />
  <attribute name= "numThreadsSpecified" value="4" />
  <attribute name="heapSize specified" value="8388608" />
  <attribute name="Current GC Util" value="10" />
  <attribute name= "Current Time Running" value="11458" />
  <attribute name ="GC Interval" value="200" />
  <attribute name="ProportionalT" value="-15.000000" />
  <attribute name="ProportionalI" value="-15.000000" />
  <attribute name="ProportionalH" value="-15.000000" />
  <attribute name="Current Error" value="-10.000000" />
  <attribute name="IntegralT" value="-170.000000" />
  <attribute name="IntegralI" value="-170.000000" />
  <attribute name="IntegralH" value="-170.000000" />
  <attribute name="DerivativeT" value="-0.882353" />
  <attribute name="DerivativeI" value="-0.882353" />
  <attribute name="DerivativeH" value="-0.882353" />
  <attribute name="Loop Time for DT" value="17.000000" />
  <attribute name="Output H" value="2092630016"/>
  <attribute name="Output I" value="200"/>
  <attribute name="Output T" value="4"/>
  <attribute name="Target GC Util Change" value ="20.000000" />
  <attribute name="Current GC Util Change" value="10.000000"/>
  <attribute name="GC Util currently" value="10" />
  <attribute name="CPU Util currently" value="264403202275" />
<allocation-satisfied id="603" threadId="00000000013EA800" bytesRequested="32" />
<af-end id="604" timestamp="2019-06-17T03:12:52.890" threadId="00000000013EB188" success="true" from="nursery"/>
<exclusive-end id="605" timestamp="2019-06-17T03:12:52.890" durationms="1.694" />

<exclusive-start id="606" timestamp="2019-06-17T03:12:52.900" intervalms="12.122">
  <response-info timems="0.162" idlems="0.105" threads="3" lastid="00000000013E6C00" lastname="PmdThread 1" />
</exclusive-start>
<af-start id="607" threadId="00000000013F2D88" totalBytesRequested="24" timestamp="2019-06-17T03:12:52.901" intervalms="12.127" type="nursery" />
<cycle-start id="608" type="scavenge" contextid="0" timestamp="2019-06-17T03:12:52.901" intervalms="12.127" />
<gc-start id="609" type="scavenge" contextid="608" timestamp="2019-06-17T03:12:52.901">
  <mem-info id="610" free="2085689024" total="2092630016" percent="99">
    <mem type="nursery" free="0" total="2097152" percent="0">
      <mem type="allocate" free="0" total="1638400" percent="0" />
      <mem type="survivor" free="0" total="458752" percent="0" />
    </mem>
    <mem type="tenure" free="2085689024" total="2090532864" percent="99">
      <mem type="soa" free="1981163200" total="1986007040" percent="99" />
      <mem type="loa" free="104525824" total="104525824" percent="100" />
    </mem>
    <remembered-set count="624" />
  </mem-info>
</gc-start>
<allocation-stats totalBytes="1324560" >
  <allocated-bytes non-tlh="672" tlh="1323888" />
  <largest-consumer threadName="PmdThread 4" threadId="00000000013F6000" bytes="458992" />
</allocation-stats>
<gc-op id="611" type="scavenge" timems="1.311" contextid="608" timestamp="2019-06-17T03:12:52.902">
  <scavenger-info tenureage="2" tenuremask="7ffc" tiltratio="78" />
  <memory-copied type="nursery" objects="7350" bytes="201120" bytesdiscarded="72504" />
  <memory-copied type="tenure" objects="3618" bytes="127504" bytesdiscarded="40" />
  <references type="weak" candidates="23" cleared="21" enqueued="21" />
  <references type="phantom" candidates="2" cleared="1" enqueued="1" />
</gc-op>
<gc-end id="612" type="scavenge" contextid="608" durationms="1.667" usertimems="4.000" systemtimems="0.000" timestamp="2019-06-17T03:12:52.902" activeThreads="4">
  <mem-info id="613" free="2086935744" total="2092630016" percent="99">
    <mem type="nursery" free="1364224" total="2097152" percent="65">
      <mem type="allocate" free="1364224" total="1638400" percent="83" />
      <mem type="survivor" free="0" total="458752" percent="0" />
    </mem>
    <mem type="tenure" free="2085571520" total="2090532864" percent="99">
      <mem type="soa" free="1981045696" total="1986007040" percent="99" />
      <mem type="loa" free="104525824" total="104525824" percent="100" />
    </mem>
    <pending-finalizers system="0" default="0" reference="22" classloader="0" />
    <remembered-set count="363" />
  </mem-info>
</gc-end>
<cycle-end id="614" type="scavenge" contextid="608" timestamp="2019-06-17T03:12:52.902" />
  <attribute name="elasticGC enabled" value="1" />
  <attribute name= "numThreadsSpecified" value="4" />
  <attribute name="heapSize specified" value="8388608" />
  <attribute name="Current GC Util" value="11" />
  <attribute name= "Current Time Running" value="11471" />
  <attribute name ="GC Interval" value="200" />
  <attribute name="ProportionalT" value="-13.500000" />
  <attribute name="ProportionalI" value="-13.500000" />
  <attribute name="ProportionalH" value="-13.500000" />
  <attribute name="Current Error" value="-9.000000" />
  <attribute name="IntegralT" value="-117.000000" />
  <attribute name="IntegralI" value="-117.000000" />
  <attribute name="IntegralH" value="-117.000000" />
  <attribute name="DerivativeT" value="-1.038462" />
  <attribute name="DerivativeI" value="-1.038462" />
  <attribute name="DerivativeH" value="-1.038462" />
  <attribute name="Loop Time for DT" value="13.000000" />
  <attribute name="Output H" value="2092630016"/>
  <attribute name="Output I" value="200"/>
  <attribute name="Output T" value="4"/>
  <attribute name="Target GC Util Change" value ="20.000000" />
  <attribute name="Current GC Util Change" value="11.000000"/>
  <attribute name="GC Util currently" value="11" />
  <attribute name="CPU Util currently" value="380599871599" />
<allocation-satisfied id="615" threadId="00000000013F2400" bytesRequested="24" />
<af-end id="616" timestamp="2019-06-17T03:12:52.903" threadId="00000000013F2D88" success="true" from="nursery"/>
<exclusive-end id="617" timestamp="2019-06-17T03:12:52.903" durationms="2.149" />

<exclusive-start id="618" timestamp="2019-06-17T03:12:52.914" intervalms="14.046">
  <response-info timems="0.065" idlems="0.065" threads="0" lastid="00000000013F6000" lastname="PmdThread 4" />
</exclusive-start>
<af-start id="619" threadId="00000000013F6988" totalBytesRequested="808" timestamp="2019-06-17T03:12:52.915" intervalms="14.145" type="nursery" />
<cycle-start id="620" type="scavenge" contextid="0" timestamp="2019-06-17T03:12:52.915" intervalms="14.206" />
<gc-start id="621" type="scavenge" contextid="620" timestamp="2019-06-17T03:12:52.915">
  <mem-info id="622" free="2085558080" total="2092630016" percent="99">
    <mem type="nursery" free="0" total="2097152" percent="0">
      <mem type="allocate" free="0" total="1638400" percent="0" />
      <mem type="survivor" free="0" total="458752" percent="0" />
    </mem>
    <mem type="tenure" free="2085558080" total="2090532864" percent="99">
      <mem type="soa" free="1981032256" total="1986007040" percent="99" />
      <mem type="loa" free="104525824" total="104525824" percent="100" />
    </mem>
    <remembered-set count="614" />
  </mem-info>
</gc-start>
<allocation-stats totalBytes="1373808" >
  <allocated-bytes non-tlh="13464" tlh="1360344" />
  <largest-consumer threadName="PmdThread 1" threadId="00000000013E6C00" bytes="432920" />
</allocation-stats>
<gc-op id="623" type="scavenge" timems="1.821" contextid="620" timestamp="2019-06-17T03:12:52.917">
  <scavenger-info tenureage="2" tenuremask="7ffc" tiltratio="78" />
  <memory-copied type="nursery" objects="6848" bytes="186344" bytesdiscarded="88512" />
  <memory-copied type="tenure" objects="2847" bytes="71776" bytesdiscarded="16" />
  <references type="soft" candidates="35" cleared="0" enqueued="0" dynamicThreshold="31" maxThreshold="32" />
  <references type="weak" candidates="55" cleared="55" enqueued="55" />
</gc-op>
<gc-end id="624" type="scavenge" contextid="620" durationms="2.049" usertimems="4.000" systemtimems="0.000" timestamp="2019-06-17T03:12:52.917" activeThreads="4">
  <mem-info id="625" free="2086947664" total="2092630016" percent="99">
    <mem type="nursery" free="1428752" total="2097152" percent="68">
      <mem type="allocate" free="1428752" total="1703936" percent="83" />
      <mem type="survivor" free="0" total="393216" percent="0" />
    </mem>
    <mem type="tenure" free="2085518912" total="2090532864" percent="99">
      <mem type="soa" free="1980993088" total="1986007040" percent="99" />
      <mem type="loa" free="104525824" total="104525824" percent="100" />
    </mem>
    <pending-finalizers system="0" default="0" reference="55" classloader="0" />
    <remembered-set count="474" />
  </mem-info>
</gc-end>
<cycle-end id="626" type="scavenge" contextid="620" timestamp="2019-06-17T03:12:52.917" />
  <attribute name="elasticGC enabled" value="1" />
  <attribute name= "numThreadsSpecified" value="4" />
  <attribute name="heapSize specified" value="8388608" />
  <attribute name="Current GC Util" value="13" />
  <attribute name= "Current Time Running" value="11485" />
  <attribute name ="GC Interval" value="200" />
  <attribute name="ProportionalT" value="-10.500000" />
  <attribute name="ProportionalI" value="-10.500000" />
  <attribute name="ProportionalH" value="-10.500000" />
  <attribute name="Current Error" value="-7.000000" />
  <attribute name="IntegralT" value="-98.000000" />
  <attribute name="IntegralI" value="-98.000000" />
  <attribute name="IntegralH" value="-98.000000" />
  <attribute name="DerivativeT" value="-0.750000" />
  <attribute name="DerivativeI" value="-0.750000" />
  <attribute name="DerivativeH" value="-0.750000" />
  <attribute name="Loop Time for DT" value="14.000000" />
  <attribute name="Output H" value="2092630016"/>
  <attribute name="Output I" value="200"/>
  <attribute name="Output T" value="4"/>
  <attribute name="Target GC Util Change" value ="20.000000" />
  <attribute name="Current GC Util Change" value="13.000000"/>
  <attribute name="GC Util currently" value="13" />
  <attribute name="CPU Util currently" value="320957309714" />
<allocation-satisfied id="627" threadId="00000000013F6000" bytesRequested="808" />
<af-end id="628" timestamp="2019-06-17T03:12:52.917" threadId="00000000013F6988" success="true" from="nursery"/>
<exclusive-end id="629" timestamp="2019-06-17T03:12:52.917" durationms="2.705" />

<exclusive-start id="630" timestamp="2019-06-17T03:12:52.930" intervalms="15.936">
  <response-info timems="0.028" idlems="0.028" threads="0" lastid="00000000013EA800" lastname="PmdThread 2" />
</exclusive-start>
<af-start id="631" threadId="00000000013EB188" totalBytesRequested="80" timestamp="2019-06-17T03:12:52.931" intervalms="16.270" type="nursery" />
<cycle-start id="632" type="scavenge" contextid="0" timestamp="2019-06-17T03:12:52.931" intervalms="16.217" />
<gc-start id="633" type="scavenge" contextid="632" timestamp="2019-06-17T03:12:52.931">
  <mem-info id="634" free="2085514432" total="2092630016" percent="99">
    <mem type="nursery" free="0" total="2097152" percent="0">
      <mem type="allocate" free="0" total="1703936" percent="0" />
      <mem type="survivor" free="0" total="393216" percent="0" />
    </mem>
    <mem type="tenure" free="2085514432" total="2090532864" percent="99">
      <mem type="soa" free="1980988608" total="1986007040" percent="99" />
      <mem type="loa" free="104525824" total="104525824" percent="100" />
    </mem>
    <remembered-set count="543" />
  </mem-info>
</gc-start>
<allocation-stats totalBytes="1428256" >
  <allocated-bytes non-tlh="5288" tlh="1422968" />
  <largest-consumer threadName="PmdThread 2" threadId="00000000013EA800" bytes="602328" />
</allocation-stats>
<gc-op id="635" type="scavenge" timems="0.796" contextid="632" timestamp="2019-06-17T03:12:52.932">
  <scavenger-info tenureage="2" tenuremask="7ffc" tiltratio="81" />
  <memory-copied type="nursery" objects="4521" bytes="141784" bytesdiscarded="93040" />
  <memory-copied type="tenure" objects="4146" bytes="102120" bytesdiscarded="16" />
  <references type="soft" candidates="95" cleared="0" enqueued="0" dynamicThreshold="31" maxThreshold="32" />
  <references type="weak" candidates="68" cleared="68" enqueued="68" />
</gc-op>
<gc-end id="636" type="scavenge" contextid="632" durationms="1.177" usertimems="4.000" systemtimems="0.000" timestamp="2019-06-17T03:12:52.932" activeThreads="4">
  <mem-info id="637" free="2086865856" total="2092630016" percent="99">
    <mem type="nursery" free="1468928" total="2097152" percent="70">
      <mem type="allocate" free="1468928" total="1703936" percent="86" />
      <mem type="survivor" free="0" total="393216" percent="0" />
    </mem>
    <mem type="tenure" free="2085396928" total="2090532864" percent="99">
      <mem type="soa" free="1980871104" total="1986007040" percent="99" />
      <mem type="loa" free="104525824" total="104525824" percent="100" />
    </mem>
    <pending-finalizers system="0" default="0" reference="68" classloader="0" />
    <remembered-set count="476" />
  </mem-info>
</gc-end>
<cycle-end id="638" type="scavenge" contextid="632" timestamp="2019-06-17T03:12:52.932" />
  <attribute name="elasticGC enabled" value="1" />
  <attribute name= "numThreadsSpecified" value="4" />
  <attribute name="heapSize specified" value="8388608" />
  <attribute name="Current GC Util" value="15" />
  <attribute name= "Current Time Running" value="11501" />
  <attribute name ="GC Interval" value="200" />
  <attribute name="ProportionalT" value="-7.500000" />
  <attribute name="ProportionalI" value="-7.500000" />
  <attribute name="ProportionalH" value="-7.500000" />
  <attribute name="Current Error" value="-5.000000" />
  <attribute name="IntegralT" value="-80.000000" />
  <attribute name="IntegralI" value="-80.000000" />
  <attribute name="IntegralH" value="-80.000000" />
  <attribute name="DerivativeT" value="-0.468750" />
  <attribute name="DerivativeI" value="-0.468750" />
  <attribute name="DerivativeH" value="-0.468750" />
  <attribute name="Loop Time for DT" value="16.000000" />
  <attribute name="Output H" value="2092630016"/>
  <attribute name="Output I" value="200"/>
  <attribute name="Output T" value="4"/>
  <attribute name="Target GC Util Change" value ="20.000000" />
  <attribute name="Current GC Util Change" value="15.000000"/>
  <attribute name="GC Util currently" value="15" />
  <attribute name="CPU Util currently" value="287038341716" />
<allocation-satisfied id="639" threadId="00000000013EA800" bytesRequested="80" />
<af-end id="640" timestamp="2019-06-17T03:12:52.932" threadId="00000000013EB188" success="true" from="nursery"/>
<exclusive-end id="641" timestamp="2019-06-17T03:12:52.933" durationms="2.157" />

<exclusive-start id="642" timestamp="2019-06-17T03:12:52.939" intervalms="8.449">
  <response-info timems="0.038" idlems="0.021" threads="1" lastid="00000000013F2400" lastname="PmdThread 3" />
</exclusive-start>
<af-start id="643" threadId="00000000013EB188" totalBytesRequested="16" timestamp="2019-06-17T03:12:52.939" intervalms="8.013" type="nursery" />
<cycle-start id="644" type="scavenge" contextid="0" timestamp="2019-06-17T03:12:52.939" intervalms="8.004" />
<gc-start id="645" type="scavenge" contextid="644" timestamp="2019-06-17T03:12:52.939">
  <mem-info id="646" free="2085396928" total="2092630016" percent="99">
    <mem type="nursery" free="0" total="2097152" percent="0">
      <mem type="allocate" free="0" total="1703936" percent="0" />
      <mem type="survivor" free="0" total="393216" percent="0" />
    </mem>
    <mem type="tenure" free="2085396928" total="2090532864" percent="99">
      <mem type="soa" free="1980871104" total="1986007040" percent="99" />
      <mem type="loa" free="104525824" total="104525824" percent="100" />
    </mem>
    <remembered-set count="511" />
  </mem-info>
</gc-start>
<allocation-stats totalBytes="1453616" >
  <allocated-bytes non-tlh="80" tlh="1453536" />
  <largest-consumer threadName="PmdThread 2" threadId="00000000013EA800" bytes="885872" />
</allocation-stats>
<gc-op id="647" type="scavenge" timems="0.614" contextid="644" timestamp="2019-06-17T03:12:52.940">
  <scavenger-info tenureage="3" tenuremask="7ff8" tiltratio="81" />
  <memory-copied type="nursery" objects="6853" bytes="274048" bytesdiscarded="97592" />
  <references type="soft" candidates="100" cleared="0" enqueued="0" dynamicThreshold="31" maxThreshold="32" />
  <references type="weak" candidates="89" cleared="88" enqueued="88" />
  <references type="phantom" candidates="1" cleared="0" enqueued="0" />
</gc-op>
<gc-end id="648" type="scavenge" contextid="644" durationms="1.024" usertimems="0.000" systemtimems="0.000" timestamp="2019-06-17T03:12:52.940" activeThreads="4">
  <mem-info id="649" free="2086663312" total="2092630016" percent="99">
    <mem type="nursery" free="1266384" total="2097152" percent="60">
      <mem type="allocate" free="1266384" total="1638400" percent="77" />
      <mem type="survivor" free="0" total="458752" percent="0" />
    </mem>
    <mem type="tenure" free="2085396928" total="2090532864" percent="99">
      <mem type="soa" free="1980871104" total="1986007040" percent="99" />
      <mem type="loa" free="104525824" total="104525824" percent="100" />
    </mem>
    <pending-finalizers system="0" default="0" reference="88" classloader="0" />
    <remembered-set count="299" />
  </mem-info>
</gc-end>
<cycle-end id="650" type="scavenge" contextid="644" timestamp="2019-06-17T03:12:52.940" />
  <attribute name="elasticGC enabled" value="1" />
  <attribute name= "numThreadsSpecified" value="4" />
  <attribute name="heapSize specified" value="8388608" />
  <attribute name="Current GC Util" value="16" />
  <attribute name= "Current Time Running" value="11509" />
  <attribute name ="GC Interval" value="200" />
  <attribute name="ProportionalT" value="-6.000000" />
  <attribute name="ProportionalI" value="-6.000000" />
  <attribute name="ProportionalH" value="-6.000000" />
  <attribute name="Current Error" value="-4.000000" />
  <attribute name="IntegralT" value="-32.000000" />
  <attribute name="IntegralI" value="-32.000000" />
  <attribute name="IntegralH" value="-32.000000" />
  <attribute name="DerivativeT" value="-0.750000" />
  <attribute name="DerivativeI" value="-0.750000" />
  <attribute name="DerivativeH" value="-0.750000" />
  <attribute name="Loop Time for DT" value="8.000000" />
  <attribute name="Output H" value="2092630016"/>
  <attribute name="Output I" value="200"/>
  <attribute name="Output T" value="4"/>
  <attribute name="Target GC Util Change" value ="20.000000" />
  <attribute name="Current GC Util Change" value="16.000000"/>
  <attribute name="GC Util currently" value="16" />
  <attribute name="CPU Util currently" value="578528702922" />
<allocation-satisfied id="651" threadId="00000000013EA800" bytesRequested="16" />
<af-end id="652" timestamp="2019-06-17T03:12:52.940" threadId="00000000013EB188" success="true" from="nursery"/>
<exclusive-end id="653" timestamp="2019-06-17T03:12:52.941" durationms="1.637" />

<exclusive-start id="654" timestamp="2019-06-17T03:12:52.947" intervalms="8.233">
  <response-info timems="0.046" idlems="0.046" threads="0" lastid="00000000013F2400" lastname="PmdThread 3" />
</exclusive-start>
<af-start id="655" threadId="00000000013F2D88" totalBytesRequested="40" timestamp="2019-06-17T03:12:52.947" intervalms="8.252" type="nursery" />
<cycle-start id="656" type="scavenge" contextid="0" timestamp="2019-06-17T03:12:52.947" intervalms="8.244" />
<gc-start id="657" type="scavenge" contextid="656" timestamp="2019-06-17T03:12:52.947">
  <mem-info id="658" free="2085396792" total="2092630016" percent="99">
    <mem type="nursery" free="0" total="2097152" percent="0">
      <mem type="allocate" free="0" total="1638400" percent="0" />
      <mem type="survivor" free="0" total="458752" percent="0" />
    </mem>
    <mem type="tenure" free="2085396792" total="2090532864" percent="99">
      <mem type="soa" free="1980870968" total="1986007040" percent="99" />
      <mem type="loa" free="104525824" total="104525824" percent="100" />
    </mem>
    <remembered-set count="331" />
  </mem-info>
</gc-start>
<allocation-stats totalBytes="1265248" >
  <allocated-bytes non-tlh="152" tlh="1265096" />
  <largest-consumer threadName="PmdThread 2" threadId="00000000013EA800" bytes="487584" />
</allocation-stats>
<gc-op id="659" type="scavenge" timems="0.592" contextid="656" timestamp="2019-06-17T03:12:52.949">
  <scavenger-info tenureage="3" tenuremask="7ff8" tiltratio="78" />
  <memory-copied type="nursery" objects="10141" bytes="393792" bytesdiscarded="53048" />
  <memory-copied type="tenure" objects="2509" bytes="77760" bytesdiscarded="8" />
  <references type="soft" candidates="65" cleared="0" enqueued="0" dynamicThreshold="31" maxThreshold="32" />
  <references type="weak" candidates="49" cleared="48" enqueued="48" />
  <references type="phantom" candidates="1" cleared="0" enqueued="0" />
</gc-op>
<gc-end id="660" type="scavenge" contextid="656" durationms="1.563" usertimems="0.000" systemtimems="0.000" timestamp="2019-06-17T03:12:52.949" activeThreads="4">
  <mem-info id="661" free="2086378536" total="2092630016" percent="99">
    <mem type="nursery" free="1060080" total="2097152" percent="50">
      <mem type="allocate" free="1060080" total="1507328" percent="70" />
      <mem type="survivor" free="0" total="589824" percent="0" />
    </mem>
    <mem type="tenure" free="2085318456" total="2090532864" percent="99">
      <mem type="soa" free="1980792632" total="1986007040" percent="99" />
      <mem type="loa" free="104525824" total="104525824" percent="100" />
    </mem>
    <pending-finalizers system="0" default="0" reference="48" classloader="0" />
    <remembered-set count="211" />
  </mem-info>
</gc-end>
<cycle-end id="662" type="scavenge" contextid="656" timestamp="2019-06-17T03:12:52.949" />
  <attribute name="elasticGC enabled" value="1" />
  <attribute name= "numThreadsSpecified" value="4" />
  <attribute name="heapSize specified" value="8388608" />
  <attribute name="Current GC Util" value="12" />
  <attribute name= "Current Time Running" value="11518" />
  <attribute name ="GC Interval" value="200" />
  <attribute name="ProportionalT" value="-12.000000" />
  <attribute name="ProportionalI" value="-12.000000" />
  <attribute name="ProportionalH" value="-12.000000" />
  <attribute name="Current Error" value="-8.000000" />
  <attribute name="IntegralT" value="-72.000000" />
  <attribute name="IntegralI" value="-72.000000" />
  <attribute name="IntegralH" value="-72.000000" />
  <attribute name="DerivativeT" value="-1.333333" />
  <attribute name="DerivativeI" value="-1.333333" />
  <attribute name="DerivativeH" value="-1.333333" />
  <attribute name="Loop Time for DT" value="9.000000" />
  <attribute name="Output H" value="2092630016"/>
  <attribute name="Output I" value="200"/>
  <attribute name="Output T" value="4"/>
  <attribute name="Target GC Util Change" value ="20.000000" />
  <attribute name="Current GC Util Change" value="12.000000"/>
  <attribute name="GC Util currently" value="12" />
  <attribute name="CPU Util currently" value="520042686132" />
<allocation-satisfied id="663" threadId="00000000013F2400" bytesRequested="40" />
<af-end id="664" timestamp="2019-06-17T03:12:52.949" threadId="00000000013F2D88" success="true" from="nursery"/>
<exclusive-end id="665" timestamp="2019-06-17T03:12:52.949" durationms="2.271" />

<exclusive-start id="666" timestamp="2019-06-17T03:12:52.953" intervalms="5.510">
  <response-info timems="0.031" idlems="0.031" threads="0" lastid="00000000013EA800" lastname="PmdThread 2" />
</exclusive-start>
<af-start id="667" threadId="00000000013EB188" totalBytesRequested="832" timestamp="2019-06-17T03:12:52.953" intervalms="5.478" type="nursery" />
<cycle-start id="668" type="scavenge" contextid="0" timestamp="2019-06-17T03:12:52.953" intervalms="5.475" />
<gc-start id="669" type="scavenge" contextid="668" timestamp="2019-06-17T03:12:52.953">
  <mem-info id="670" free="2085318040" total="2092630016" percent="99">
    <mem type="nursery" free="0" total="2097152" percent="0">
      <mem type="allocate" free="0" total="1507328" percent="0" />
      <mem type="survivor" free="0" total="589824" percent="0" />
    </mem>
    <mem type="tenure" free="2085318040" total="2090532864" percent="99">
      <mem type="soa" free="1980792216" total="1986007040" percent="99" />
      <mem type="loa" free="104525824" total="104525824" percent="100" />
    </mem>
    <remembered-set count="250" />
  </mem-info>
</gc-start>
<allocation-stats totalBytes="1047064" >
  <allocated-bytes non-tlh="33240" tlh="1013824" />
  <largest-consumer threadName="PmdThread 2" threadId="00000000013EA800" bytes="571832" />
</allocation-stats>
<gc-op id="671" type="scavenge" timems="1.047" contextid="668" timestamp="2019-06-17T03:12:52.954">
  <scavenger-info tenureage="3" tenuremask="7ff8" tiltratio="71" />
  <memory-copied type="nursery" objects="11747" bytes="500752" bytesdiscarded="88696" />
  <memory-copied type="tenure" objects="1820" bytes="57776" bytesdiscarded="0" />
  <references type="soft" candidates="5" cleared="0" enqueued="0" dynamicThreshold="31" maxThreshold="32" />
  <references type="weak" candidates="57" cleared="56" enqueued="56" />
  <references type="phantom" candidates="1" cleared="0" enqueued="0" />
</gc-op>
<gc-end id="672" type="scavenge" contextid="668" durationms="1.241" usertimems="0.000" systemtimems="4.000" timestamp="2019-06-17T03:12:52.954" activeThreads="4">
  <mem-info id="673" free="2086127480" total="2092630016" percent="99">
    <mem type="nursery" free="851968" total="2097152" percent="40">
      <mem type="allocate" free="851968" total="1441792" percent="59" />
      <mem type="survivor" free="0" total="655360" percent="0" />
    </mem>
    <mem type="tenure" free="2085275512" total="2090532864" percent="99">
      <mem type="soa" free="1980749688" total="1986007040" percent="99" />
      <mem type="loa" free="104525824" total="104525824" percent="100" />
    </mem>
    <pending-finalizers system="0" default="0" reference="56" classloader="0" />
    <remembered-set count="176" />
  </mem-info>
</gc-end>
<cycle-end id="674" type="scavenge" contextid="668" timestamp="2019-06-17T03:12:52.954" />
  <attribute name="elasticGC enabled" value="1" />
  <attribute name= "numThreadsSpecified" value="4" />
  <attribute name="heapSize specified" value="8388608" />
  <attribute name="Current GC Util" value="31" />
  <attribute name= "Current Time Running" value="11523" />
  <attribute name ="GC Interval" value="200" />
  <attribute name="ProportionalT" value="16.500000" />
  <attribute name="ProportionalI" value="16.500000" />
  <attribute name="ProportionalH" value="16.500000" />
  <attribute name="Current Error" value="11.000000" />
  <attribute name="IntegralT" value="55.000000" />
  <attribute name="IntegralI" value="55.000000" />
  <attribute name="IntegralH" value="55.000000" />
  <attribute name="DerivativeT" value="3.300000" />
  <attribute name="DerivativeI" value="3.300000" />
  <attribute name="DerivativeH" value="3.300000" />
  <attribute name="Loop Time for DT" value="5.000000" />
  <attribute name="Output H" value="8388608"/>
  <attribute name="Output I" value="200"/>
  <attribute name="Output T" value="4"/>
  <attribute name="Target GC Util Change" value ="20.000000" />
  <attribute name="Current GC Util Change" value="31.000000"/>
  <attribute name="GC Util currently" value="31" />
  <attribute name="CPU Util currently" value="949131762282" />
<allocation-satisfied id="675" threadId="00000000013EA800" bytesRequested="832" />
<af-end id="676" timestamp="2019-06-17T03:12:52.954" threadId="00000000013EB188" success="true" from="nursery"/>
<exclusive-end id="677" timestamp="2019-06-17T03:12:52.954" durationms="1.696" />

<exclusive-start id="678" timestamp="2019-06-17T03:12:52.959" intervalms="6.017">
  <response-info timems="0.030" idlems="0.030" threads="0" lastid="00000000013EA800" lastname="PmdThread 2" />
</exclusive-start>
<af-start id="679" threadId="00000000013EB188" totalBytesRequested="128" timestamp="2019-06-17T03:12:52.959" intervalms="6.202" type="nursery" />
<cycle-start id="680" type="scavenge" contextid="0" timestamp="2019-06-17T03:12:52.959" intervalms="6.193" />
<gc-start id="681" type="scavenge" contextid="680" timestamp="2019-06-17T03:12:52.959">
  <mem-info id="682" free="2085275384" total="2092630016" percent="99">
    <mem type="nursery" free="0" total="2097152" percent="0">
      <mem type="allocate" free="0" total="1441792" percent="0" />
      <mem type="survivor" free="0" total="655360" percent="0" />
    </mem>
    <mem type="tenure" free="2085275384" total="2090532864" percent="99">
      <mem type="soa" free="1980749560" total="1986007040" percent="99" />
      <mem type="loa" free="104525824" total="104525824" percent="100" />
    </mem>
    <remembered-set count="205" />
  </mem-info>
</gc-start>
<allocation-stats totalBytes="851312" >
  <allocated-bytes non-tlh="960" tlh="850352" />
  <largest-consumer threadName="PmdThread 4" threadId="00000000013F6000" bytes="302760" />
</allocation-stats>
<gc-op id="683" type="scavenge" timems="0.778" contextid="680" timestamp="2019-06-17T03:12:52.960">
  <scavenger-info tenureage="2" tenuremask="7ffc" tiltratio="68" />
  <memory-copied type="nursery" objects="5650" bytes="238056" bytesdiscarded="76944" />
  <memory-copied type="tenure" objects="7817" bytes="312736" bytesdiscarded="136" />
  <references type="weak" candidates="31" cleared="31" enqueued="31" />
  <references type="phantom" candidates="1" cleared="1" enqueued="1" />
</gc-op>
<gc-end id="684" type="scavenge" contextid="680" durationms="0.972" usertimems="4.000" systemtimems="0.000" timestamp="2019-06-17T03:12:52.960" activeThreads="4">
  <mem-info id="685" free="2086064080" total="2092630016" percent="99">
    <mem type="nursery" free="1126632" total="2097152" percent="53">
      <mem type="allocate" free="1126632" total="1441792" percent="78" />
      <mem type="survivor" free="0" total="655360" percent="0" />
    </mem>
    <mem type="tenure" free="2084937448" total="2090532864" percent="99">
      <mem type="soa" free="1980411624" total="1986007040" percent="99" />
      <mem type="loa" free="104525824" total="104525824" percent="100" />
    </mem>
    <pending-finalizers system="0" default="0" reference="32" classloader="0" />
    <remembered-set count="510" />
  </mem-info>
</gc-end>
<cycle-end id="686" type="scavenge" contextid="680" timestamp="2019-06-17T03:12:52.960" />
  <attribute name="elasticGC enabled" value="1" />
  <attribute name= "numThreadsSpecified" value="4" />
  <attribute name="heapSize specified" value="8388608" />
  <attribute name="Current GC Util" value="27" />
  <attribute name= "Current Time Running" value="11529" />
  <attribute name ="GC Interval" value="200" />
  <attribute name="ProportionalT" value="10.500000" />
  <attribute name="ProportionalI" value="10.500000" />
  <attribute name="ProportionalH" value="10.500000" />
  <attribute name="Current Error" value="7.000000" />
  <attribute name="IntegralT" value="42.000000" />
  <attribute name="IntegralI" value="42.000000" />
  <attribute name="IntegralH" value="42.000000" />
  <attribute name="DerivativeT" value="-1.000000" />
  <attribute name="DerivativeI" value="-1.000000" />
  <attribute name="DerivativeH" value="-1.000000" />
  <attribute name="Loop Time for DT" value="6.000000" />
  <attribute name="Output H" value="8388608"/>
  <attribute name="Output I" value="200"/>
  <attribute name="Output T" value="4"/>
  <attribute name="Target GC Util Change" value ="20.000000" />
  <attribute name="Current GC Util Change" value="27.000000"/>
  <attribute name="GC Util currently" value="27" />
  <attribute name="CPU Util currently" value="748288937806" />
<allocation-satisfied id="687" threadId="00000000013EA800" bytesRequested="128" />
<af-end id="688" timestamp="2019-06-17T03:12:52.960" threadId="00000000013EB188" success="true" from="nursery"/>
<exclusive-end id="689" timestamp="2019-06-17T03:12:52.960" durationms="1.572" />

<exclusive-start id="690" timestamp="2019-06-17T03:12:52.966" intervalms="7.736">
  <response-info timems="0.031" idlems="0.031" threads="0" lastid="00000000013F2400" lastname="PmdThread 3" />
</exclusive-start>
<af-start id="691" threadId="00000000013F2D88" totalBytesRequested="16" timestamp="2019-06-17T03:12:52.966" intervalms="7.599" type="nursery" />
<cycle-start id="692" type="scavenge" contextid="0" timestamp="2019-06-17T03:12:52.967" intervalms="7.617" />
<gc-start id="693" type="scavenge" contextid="692" timestamp="2019-06-17T03:12:52.967">
  <mem-info id="694" free="2084936744" total="2092630016" percent="99">
    <mem type="nursery" free="0" total="2097152" percent="0">
      <mem type="allocate" free="0" total="1441792" percent="0" />
      <mem type="survivor" free="0" total="655360" percent="0" />
    </mem>
    <mem type="tenure" free="2084936744" total="2090532864" percent="99">
      <mem type="soa" free="1980410920" total="1986007040" percent="99" />
      <mem type="loa" free="104525824" total="104525824" percent="100" />
    </mem>
    <remembered-set count="615" />
  </mem-info>
</gc-start>
<allocation-stats totalBytes="1125824" >
  <allocated-bytes non-tlh="33616" tlh="1092208" />
  <largest-consumer threadName="PmdThread 1" threadId="00000000013E6C00" bytes="503648" />
</allocation-stats>
<gc-op id="695" type="scavenge" timems="0.591" contextid="692" timestamp="2019-06-17T03:12:52.967">
  <scavenger-info tenureage="2" tenuremask="7ffc" tiltratio="68" />
  <memory-copied type="nursery" objects="6347" bytes="304816" bytesdiscarded="55064" />
  <memory-copied type="tenure" objects="3358" bytes="162872" bytesdiscarded="24" />
  <references type="soft" candidates="9" cleared="0" enqueued="0" dynamicThreshold="31" maxThreshold="32" />
  <references type="weak" candidates="25" cleared="25" enqueued="25" />
  <references type="phantom" candidates="2" cleared="1" enqueued="1" />
</gc-op>
<gc-end id="696" type="scavenge" contextid="692" durationms="0.948" usertimems="0.000" systemtimems="0.000" timestamp="2019-06-17T03:12:52.968" activeThreads="4">
  <mem-info id="697" free="2085944336" total="2092630016" percent="99">
    <mem type="nursery" free="1147368" total="2097152" percent="54">
      <mem type="allocate" free="1147368" total="1507328" percent="76" />
      <mem type="survivor" free="0" total="589824" percent="0" />
    </mem>
    <mem type="tenure" free="2084796968" total="2090532864" percent="99">
      <mem type="soa" free="1980271144" total="1986007040" percent="99" />
      <mem type="loa" free="104525824" total="104525824" percent="100" />
    </mem>
    <pending-finalizers system="0" default="0" reference="26" classloader="0" />
    <remembered-set count="506" />
  </mem-info>
</gc-end>
<cycle-end id="698" type="scavenge" contextid="692" timestamp="2019-06-17T03:12:52.968" />
  <attribute name="elasticGC enabled" value="1" />
  <attribute name= "numThreadsSpecified" value="4" />
  <attribute name="heapSize specified" value="8388608" />
  <attribute name="Current GC Util" value="23" />
  <attribute name= "Current Time Running" value="11537" />
  <attribute name ="GC Interval" value="200" />
  <attribute name="ProportionalT" value="4.500000" />
  <attribute name="ProportionalI" value="4.500000" />
  <attribute name="ProportionalH" value="4.500000" />
  <attribute name="Current Error" value="3.000000" />
  <attribute name="IntegralT" value="24.000000" />
  <attribute name="IntegralI" value="24.000000" />
  <attribute name="IntegralH" value="24.000000" />
  <attribute name="DerivativeT" value="-0.750000" />
  <attribute name="DerivativeI" value="-0.750000" />
  <attribute name="DerivativeH" value="-0.750000" />
  <attribute name="Loop Time for DT" value="8.000000" />
  <attribute name="Output H" value="8388608"/>
  <attribute name="Output I" value="200"/>
  <attribute name="Output T" value="4"/>
  <attribute name="Target GC Util Change" value ="20.000000" />
  <attribute name="Current GC Util Change" value="23.000000"/>
  <attribute name="GC Util currently" value="23" />
  <attribute name="CPU Util currently" value="602112631737" />
<allocation-satisfied id="699" threadId="00000000013F2400" bytesRequested="16" />
<af-end id="700" timestamp="2019-06-17T03:12:52.968" threadId="00000000013F2D88" success="true" from="nursery"/>
<exclusive-end id="701" timestamp="2019-06-17T03:12:52.968" durationms="1.424" />

<exclusive-start id="702" timestamp="2019-06-17T03:12:52.973" intervalms="6.857">
  <response-info timems="0.038" idlems="0.038" threads="0" lastid="00000000013EA800" lastname="PmdThread 2" />
</exclusive-start>
<af-start id="703" threadId="00000000013EB188" totalBytesRequested="584" timestamp="2019-06-17T03:12:52.973" intervalms="6.806" type="nursery" />
<cycle-start id="704" type="scavenge" contextid="0" timestamp="2019-06-17T03:12:52.973" intervalms="6.789" />
<gc-start id="705" type="scavenge" contextid="704" timestamp="2019-06-17T03:12:52.973">
  <mem-info id="706" free="2084794672" total="2092630016" percent="99">
    <mem type="nursery" free="0" total="2097152" percent="0">
      <mem type="allocate" free="0" total="1507328" percent="0" />
      <mem type="survivor" free="0" total="589824" percent="0" />
    </mem>
    <mem type="tenure" free="2084794672" total="2090532864" percent="99">
      <mem type="soa" free="1980268848" total="1986007040" percent="99" />
      <mem type="loa" free="104525824" total="104525824" percent="100" />
    </mem>
    <remembered-set count="681" />
  </mem-info>
</gc-start>
<allocation-stats totalBytes="1146288" >
  <allocated-bytes non-tlh="2312" tlh="1143976" />
  <largest-consumer threadName="PmdThread 3" threadId="00000000013F2400" bytes="408200" />
</allocation-stats>
<gc-op id="707" type="scavenge" timems="0.570" contextid="704" timestamp="2019-06-17T03:12:52.974">
  <scavenger-info tenureage="2" tenuremask="7ffc" tiltratio="71" />
  <memory-copied type="nursery" objects="4977" bytes="239864" bytesdiscarded="67048" />
  <memory-copied type="tenure" objects="2156" bytes="70608" bytesdiscarded="264" />
  <references type="soft" candidates="9" cleared="0" enqueued="0" dynamicThreshold="31" maxThreshold="32" />
  <references type="weak" candidates="65" cleared="65" enqueued="65" />
</gc-op>
<gc-end id="708" type="scavenge" contextid="704" durationms="0.738" usertimems="0.000" systemtimems="4.000" timestamp="2019-06-17T03:12:52.974" activeThreads="4">
  <mem-info id="709" free="2085982232" total="2092630016" percent="99">
    <mem type="nursery" free="1265896" total="2097152" percent="60">
      <mem type="allocate" free="1265896" total="1572864" percent="80" />
      <mem type="survivor" free="0" total="524288" percent="0" />
    </mem>
    <mem type="tenure" free="2084716336" total="2090532864" percent="99">
      <mem type="soa" free="1980190512" total="1986007040" percent="99" />
      <mem type="loa" free="104525824" total="104525824" percent="100" />
    </mem>
    <pending-finalizers system="0" default="0" reference="65" classloader="0" />
    <remembered-set count="212" />
  </mem-info>
</gc-end>
<cycle-end id="710" type="scavenge" contextid="704" timestamp="2019-06-17T03:12:52.974" />
  <attribute name="elasticGC enabled" value="1" />
  <attribute name= "numThreadsSpecified" value="4" />
  <attribute name="heapSize specified" value="8388608" />
  <attribute name="Current GC Util" value="22" />
  <attribute name= "Current Time Running" value="11543" />
  <attribute name ="GC Interval" value="200" />
  <attribute name="ProportionalT" value="3.000000" />
  <attribute name="ProportionalI" value="3.000000" />
  <attribute name="ProportionalH" value="3.000000" />
  <attribute name="Current Error" value="2.000000" />
  <attribute name="IntegralT" value="12.000000" />
  <attribute name="IntegralI" value="12.000000" />
  <attribute name="IntegralH" value="12.000000" />
  <attribute name="DerivativeT" value="-0.250000" />
  <attribute name="DerivativeI" value="-0.250000" />
  <attribute name="DerivativeH" value="-0.250000" />
  <attribute name="Loop Time for DT" value="6.000000" />
  <attribute name="Output H" value="8388608"/>
  <attribute name="Output I" value="200"/>
  <attribute name="Output T" value="4"/>
  <attribute name="Target GC Util Change" value ="20.000000" />
  <attribute name="Current GC Util Change" value="22.000000"/>
  <attribute name="GC Util currently" value="22" />
  <attribute name="CPU Util currently" value="684391011012" />
<allocation-satisfied id="711" threadId="00000000013EA800" bytesRequested="584" />
<af-end id="712" timestamp="2019-06-17T03:12:52.974" threadId="00000000013EB188" success="true" from="nursery"/>
<exclusive-end id="713" timestamp="2019-06-17T03:12:52.974" durationms="1.127" />

<exclusive-start id="714" timestamp="2019-06-17T03:12:52.988" intervalms="14.440">
  <response-info timems="0.038" idlems="0.021" threads="1" lastid="00000000013E6C00" lastname="PmdThread 1" />
</exclusive-start>
<af-start id="715" threadId="00000000013EB188" totalBytesRequested="144" timestamp="2019-06-17T03:12:52.988" intervalms="14.480" type="nursery" />
<cycle-start id="716" type="scavenge" contextid="0" timestamp="2019-06-17T03:12:52.988" intervalms="14.499" />
<gc-start id="717" type="scavenge" contextid="716" timestamp="2019-06-17T03:12:52.988">
  <mem-info id="718" free="2084715872" total="2092630016" percent="99">
    <mem type="nursery" free="0" total="2097152" percent="0">
      <mem type="allocate" free="0" total="1572864" percent="0" />
      <mem type="survivor" free="0" total="524288" percent="0" />
    </mem>
    <mem type="tenure" free="2084715872" total="2090532864" percent="99">
      <mem type="soa" free="1980190048" total="1986007040" percent="99" />
      <mem type="loa" free="104525824" total="104525824" percent="100" />
    </mem>
    <remembered-set count="257" />
  </mem-info>
</gc-start>
<allocation-stats totalBytes="1265800" >
  <allocated-bytes non-tlh="1048" tlh="1264752" />
  <largest-consumer threadName="PmdThread 2" threadId="00000000013EA800" bytes="458464" />
</allocation-stats>
<gc-op id="719" type="scavenge" timems="0.719" contextid="716" timestamp="2019-06-17T03:12:52.989">
  <scavenger-info tenureage="2" tenuremask="7ffc" tiltratio="75" />
  <memory-copied type="nursery" objects="1730" bytes="63192" bytesdiscarded="93440" />
  <memory-copied type="tenure" objects="3677" bytes="198104" bytesdiscarded="120" />
  <references type="weak" candidates="54" cleared="54" enqueued="54" />
  <references type="phantom" candidates="2" cleared="2" enqueued="2" />
</gc-op>
<gc-end id="720" type="scavenge" contextid="716" durationms="0.867" usertimems="0.000" systemtimems="0.000" timestamp="2019-06-17T03:12:52.989" activeThreads="4">
  <mem-info id="721" free="2085934408" total="2092630016" percent="99">
    <mem type="nursery" free="1416192" total="2097152" percent="67">
      <mem type="allocate" free="1416192" total="1572864" percent="90" />
      <mem type="survivor" free="0" total="524288" percent="0" />
    </mem>
    <mem type="tenure" free="2084518216" total="2090532864" percent="99">
      <mem type="soa" free="1979992392" total="1986007040" percent="99" />
      <mem type="loa" free="104525824" total="104525824" percent="100" />
    </mem>
    <pending-finalizers system="0" default="0" reference="56" classloader="0" />
    <remembered-set count="449" />
  </mem-info>
</gc-end>
<cycle-end id="722" type="scavenge" contextid="716" timestamp="2019-06-17T03:12:52.989" />
  <attribute name="elasticGC enabled" value="1" />
  <attribute name= "numThreadsSpecified" value="4" />
  <attribute name="heapSize specified" value="8388608" />
  <attribute name="Current GC Util" value="8" />
  <attribute name= "Current Time Running" value="11558" />
  <attribute name ="GC Interval" value="200" />
  <attribute name="ProportionalT" value="-18.000000" />
  <attribute name="ProportionalI" value="-18.000000" />
  <attribute name="ProportionalH" value="-18.000000" />
  <attribute name="Current Error" value="-12.000000" />
  <attribute name="IntegralT" value="-180.000000" />
  <attribute name="IntegralI" value="-180.000000" />
  <attribute name="IntegralH" value="-180.000000" />
  <attribute name="DerivativeT" value="-1.400000" />
  <attribute name="DerivativeI" value="-1.400000" />
  <attribute name="DerivativeH" value="-1.400000" />
  <attribute name="Loop Time for DT" value="15.000000" />
  <attribute name="Output H" value="2092630016"/>
  <attribute name="Output I" value="200"/>
  <attribute name="Output T" value="4"/>
  <attribute name="Target GC Util Change" value ="20.000000" />
  <attribute name="Current GC Util Change" value="8.000000"/>
  <attribute name="GC Util currently" value="8" />
  <attribute name="CPU Util currently" value="318182571999" />
<allocation-satisfied id="723" threadId="00000000013EA800" bytesRequested="144" />
<af-end id="724" timestamp="2019-06-17T03:12:52.989" threadId="00000000013EB188" success="true" from="nursery"/>
<exclusive-end id="725" timestamp="2019-06-17T03:12:52.989" durationms="1.342" />

<exclusive-start id="726" timestamp="2019-06-17T03:12:52.996" intervalms="8.826">
  <response-info timems="0.100" idlems="0.100" threads="0" lastid="00000000013F6000" lastname="PmdThread 4" />
</exclusive-start>
<af-start id="727" threadId="00000000013F6988" totalBytesRequested="48" timestamp="2019-06-17T03:12:52.997" intervalms="8.828" type="nursery" />
<cycle-start id="728" type="scavenge" contextid="0" timestamp="2019-06-17T03:12:52.997" intervalms="8.895" />
<gc-start id="729" type="scavenge" contextid="728" timestamp="2019-06-17T03:12:52.997">
  <mem-info id="730" free="2084518216" total="2092630016" percent="99">
    <mem type="nursery" free="0" total="2097152" percent="0">
      <mem type="allocate" free="0" total="1572864" percent="0" />
      <mem type="survivor" free="0" total="524288" percent="0" />
    </mem>
    <mem type="tenure" free="2084518216" total="2090532864" percent="99">
      <mem type="soa" free="1979992392" total="1986007040" percent="99" />
      <mem type="loa" free="104525824" total="104525824" percent="100" />
    </mem>
    <remembered-set count="509" />
  </mem-info>
</gc-start>
<allocation-stats totalBytes="1415424" >
  <allocated-bytes non-tlh="144" tlh="1415280" />
  <largest-consumer threadName="PmdThread 2" threadId="00000000013EA800" bytes="712184" />
</allocation-stats>
<gc-op id="731" type="scavenge" timems="1.217" contextid="728" timestamp="2019-06-17T03:12:52.998">
  <scavenger-info tenureage="3" tenuremask="7ff8" tiltratio="75" />
  <memory-copied type="nursery" objects="4690" bytes="128376" bytesdiscarded="27960" />
  <references type="weak" candidates="29" cleared="28" enqueued="28" />
</gc-op>
<gc-end id="732" type="scavenge" contextid="728" durationms="1.426" usertimems="0.000" systemtimems="0.000" timestamp="2019-06-17T03:12:52.998" activeThreads="4">
  <mem-info id="733" free="2085999944" total="2092630016" percent="99">
    <mem type="nursery" free="1481728" total="2097152" percent="70">
      <mem type="allocate" free="1481728" total="1638400" percent="90" />
      <mem type="survivor" free="0" total="458752" percent="0" />
    </mem>
    <mem type="tenure" free="2084518216" total="2090532864" percent="99">
      <mem type="soa" free="1979992392" total="1986007040" percent="99" />
      <mem type="loa" free="104525824" total="104525824" percent="100" />
    </mem>
    <pending-finalizers system="0" default="0" reference="28" classloader="0" />
    <remembered-set count="452" />
  </mem-info>
</gc-end>
<cycle-end id="734" type="scavenge" contextid="728" timestamp="2019-06-17T03:12:52.998" />
  <attribute name="elasticGC enabled" value="1" />
  <attribute name= "numThreadsSpecified" value="4" />
  <attribute name="heapSize specified" value="8388608" />
  <attribute name="Current GC Util" value="13" />
  <attribute name= "Current Time Running" value="11567" />
  <attribute name ="GC Interval" value="200" />
  <attribute name="ProportionalT" value="-10.500000" />
  <attribute name="ProportionalI" value="-10.500000" />
  <attribute name="ProportionalH" value="-10.500000" />
  <attribute name="Current Error" value="-7.000000" />
  <attribute name="IntegralT" value="-63.000000" />
  <attribute name="IntegralI" value="-63.000000" />
  <attribute name="IntegralH" value="-63.000000" />
  <attribute name="DerivativeT" value="-1.166667" />
  <attribute name="DerivativeI" value="-1.166667" />
  <attribute name="DerivativeH" value="-1.166667" />
  <attribute name="Loop Time for DT" value="9.000000" />
  <attribute name="Output H" value="2092630016"/>
  <attribute name="Output I" value="200"/>
  <attribute name="Output T" value="4"/>
  <attribute name="Target GC Util Change" value ="20.000000" />
  <attribute name="Current GC Util Change" value="13.000000"/>
  <attribute name="GC Util currently" value="13" />
  <attribute name="CPU Util currently" value="505735367722" />
<allocation-satisfied id="735" threadId="00000000013F6000" bytesRequested="48" />
<af-end id="736" timestamp="2019-06-17T03:12:52.998" threadId="00000000013F6988" success="true" from="nursery"/>
<exclusive-end id="737" timestamp="2019-06-17T03:12:52.999" durationms="2.022" />

<exclusive-start id="738" timestamp="2019-06-17T03:12:53.020" intervalms="23.256">
  <response-info timems="0.038" idlems="0.021" threads="1" lastid="00000000013EA800" lastname="PmdThread 2" />
</exclusive-start>
<af-start id="739" threadId="00000000013E7588" totalBytesRequested="136" timestamp="2019-06-17T03:12:53.020" intervalms="23.249" type="nursery" />
<cycle-start id="740" type="scavenge" contextid="0" timestamp="2019-06-17T03:12:53.020" intervalms="23.191" />
<gc-start id="741" type="scavenge" contextid="740" timestamp="2019-06-17T03:12:53.020">
  <mem-info id="742" free="2084517376" total="2092630016" percent="99">
    <mem type="nursery" free="0" total="2097152" percent="0">
      <mem type="allocate" free="0" total="1638400" percent="0" />
      <mem type="survivor" free="0" total="458752" percent="0" />
    </mem>
    <mem type="tenure" free="2084517376" total="2090532864" percent="99">
      <mem type="soa" free="1979991552" total="1986007040" percent="99" />
      <mem type="loa" free="104525824" total="104525824" percent="100" />
    </mem>
    <remembered-set count="512" />
  </mem-info>
</gc-start>
<allocation-stats totalBytes="1480584" >
  <allocated-bytes non-tlh="888" tlh="1479696" />
  <largest-consumer threadName="PmdThread 2" threadId="00000000013EA800" bytes="559856" />
</allocation-stats>
<gc-op id="743" type="scavenge" timems="0.678" contextid="740" timestamp="2019-06-17T03:12:53.021">
  <scavenger-info tenureage="4" tenuremask="7ff0" tiltratio="78" />
  <memory-copied type="nursery" objects="8990" bytes="401064" bytesdiscarded="57240" />
  <references type="soft" candidates="2" cleared="0" enqueued="0" dynamicThreshold="31" maxThreshold="32" />
  <references type="weak" candidates="15" cleared="14" enqueued="14" />
  <references type="phantom" candidates="19" cleared="10" enqueued="10" />
</gc-op>
<gc-end id="744" type="scavenge" contextid="740" durationms="0.886" usertimems="4.000" systemtimems="0.000" timestamp="2019-06-17T03:12:53.021" activeThreads="4">
  <mem-info id="745" free="2085434880" total="2092630016" percent="99">
    <mem type="nursery" free="917504" total="2097152" percent="43">
      <mem type="allocate" free="917504" total="1376256" percent="66" />
      <mem type="survivor" free="0" total="720896" percent="0" />
    </mem>
    <mem type="tenure" free="2084517376" total="2090532864" percent="99">
      <mem type="soa" free="1979991552" total="1986007040" percent="99" />
      <mem type="loa" free="104525824" total="104525824" percent="100" />
    </mem>
    <pending-finalizers system="0" default="0" reference="24" classloader="0" />
    <remembered-set count="499" />
  </mem-info>
</gc-end>
<cycle-end id="746" type="scavenge" contextid="740" timestamp="2019-06-17T03:12:53.021" />
  <attribute name="elasticGC enabled" value="1" />
  <attribute name= "numThreadsSpecified" value="4" />
  <attribute name="heapSize specified" value="8388608" />
  <attribute name="Current GC Util" value="7" />
  <attribute name= "Current Time Running" value="11590" />
  <attribute name ="GC Interval" value="200" />
  <attribute name="ProportionalT" value="-19.500000" />
  <attribute name="ProportionalI" value="-19.500000" />
  <attribute name="ProportionalH" value="-19.500000" />
  <attribute name="Current Error" value="-13.000000" />
  <attribute name="IntegralT" value="-299.000000" />
  <attribute name="IntegralI" value="-299.000000" />
  <attribute name="IntegralH" value="-299.000000" />
  <attribute name="DerivativeT" value="-0.847826" />
  <attribute name="DerivativeI" value="-0.847826" />
  <attribute name="DerivativeH" value="-0.847826" />
  <attribute name="Loop Time for DT" value="23.000000" />
  <attribute name="Output H" value="2092630016"/>
  <attribute name="Output I" value="200"/>
  <attribute name="Output T" value="4"/>
  <attribute name="Target GC Util Change" value ="20.000000" />
  <attribute name="Current GC Util Change" value="7.000000"/>
  <attribute name="GC Util currently" value="7" />
  <attribute name="CPU Util currently" value="200159453475" />
<allocation-satisfied id="747" threadId="00000000013E6C00" bytesRequested="136" />
<af-end id="748" timestamp="2019-06-17T03:12:53.021" threadId="00000000013E7588" success="true" from="nursery"/>
<exclusive-end id="749" timestamp="2019-06-17T03:12:53.021" durationms="1.371" />

<exclusive-start id="750" timestamp="2019-06-17T03:12:53.030" intervalms="10.598">
  <response-info timems="0.102" idlems="0.102" threads="0" lastid="00000000013F6000" lastname="PmdThread 4" />
</exclusive-start>
<af-start id="751" threadId="00000000013F6988" totalBytesRequested="56" timestamp="2019-06-17T03:12:53.031" intervalms="10.682" type="nursery" />
<cycle-start id="752" type="scavenge" contextid="0" timestamp="2019-06-17T03:12:53.031" intervalms="10.806" />
<gc-start id="753" type="scavenge" contextid="752" timestamp="2019-06-17T03:12:53.031">
  <mem-info id="754" free="2084516912" total="2092630016" percent="99">
    <mem type="nursery" free="0" total="2097152" percent="0">
      <mem type="allocate" free="0" total="1376256" percent="0" />
      <mem type="survivor" free="0" total="720896" percent="0" />
    </mem>
    <mem type="tenure" free="2084516912" total="2090532864" percent="99">
      <mem type="soa" free="1979991088" total="1986007040" percent="99" />
      <mem type="loa" free="104525824" total="104525824" percent="100" />
    </mem>
    <remembered-set count="651" />
  </mem-info>
</gc-start>
<allocation-stats totalBytes="916552" >
  <allocated-bytes non-tlh="600" tlh="915952" />
  <largest-consumer threadName="PmdThread 1" threadId="00000000013E6C00" bytes="343184" />
</allocation-stats>
<gc-op id="755" type="scavenge" timems="2.873" contextid="752" timestamp="2019-06-17T03:12:53.034">
  <scavenger-info tenureage="4" tenuremask="7ff0" tiltratio="65" />
  <memory-copied type="nursery" objects="10341" bytes="508280" bytesdiscarded="67832" />
  <memory-copied type="tenure" objects="1073" bytes="33616" bytesdiscarded="16" />
  <references type="soft" candidates="2" cleared="0" enqueued="0" dynamicThreshold="31" maxThreshold="32" />
  <references type="weak" candidates="18" cleared="17" enqueued="17" />
  <references type="phantom" candidates="10" cleared="1" enqueued="1" />
</gc-op>
<gc-end id="756" type="scavenge" contextid="752" durationms="3.183" usertimems="0.000" systemtimems="4.000" timestamp="2019-06-17T03:12:53.034" activeThreads="4">
  <mem-info id="757" free="2085277416" total="2092630016" percent="99">
    <mem type="nursery" free="799672" total="2097152" percent="38">
      <mem type="allocate" free="799672" total="1376256" percent="58" />
      <mem type="survivor" free="0" total="720896" percent="0" />
    </mem>
    <mem type="tenure" free="2084477744" total="2090532864" percent="99">
      <mem type="soa" free="1979951920" total="1986007040" percent="99" />
      <mem type="loa" free="104525824" total="104525824" percent="100" />
    </mem>
    <pending-finalizers system="0" default="0" reference="18" classloader="0" />
    <remembered-set count="239" />
  </mem-info>
</gc-end>
<cycle-end id="758" type="scavenge" contextid="752" timestamp="2019-06-17T03:12:53.034" />
  <attribute name="elasticGC enabled" value="1" />
  <attribute name= "numThreadsSpecified" value="4" />
  <attribute name="heapSize specified" value="8388608" />
  <attribute name="Current GC Util" value="11" />
  <attribute name= "Current Time Running" value="11601" />
  <attribute name ="GC Interval" value="200" />
  <attribute name="ProportionalT" value="-13.500000" />
  <attribute name="ProportionalI" value="-13.500000" />
  <attribute name="ProportionalH" value="-13.500000" />
  <attribute name="Current Error" value="-9.000000" />
  <attribute name="IntegralT" value="-99.000000" />
  <attribute name="IntegralI" value="-99.000000" />
  <attribute name="IntegralH" value="-99.000000" />
  <attribute name="DerivativeT" value="-1.227273" />
  <attribute name="DerivativeI" value="-1.227273" />
  <attribute name="DerivativeH" value="-1.227273" />
  <attribute name="Loop Time for DT" value="11.000000" />
  <attribute name="Output H" value="2092630016"/>
  <attribute name="Output I" value="200"/>
  <attribute name="Output T" value="4"/>
  <attribute name="Target GC Util Change" value ="20.000000" />
  <attribute name="Current GC Util Change" value="11.000000"/>
  <attribute name="GC Util currently" value="11" />
  <attribute name="CPU Util currently" value="415402016751" />
<allocation-satisfied id="759" threadId="00000000013F6000" bytesRequested="56" />
<af-end id="760" timestamp="2019-06-17T03:12:53.034" threadId="00000000013F6988" success="true" from="nursery"/>
<exclusive-end id="761" timestamp="2019-06-17T03:12:53.034" durationms="4.018" />

<exclusive-start id="762" timestamp="2019-06-17T03:12:53.039" intervalms="8.303">
  <response-info timems="0.055" idlems="0.055" threads="0" lastid="00000000013F6000" lastname="PmdThread 4" />
</exclusive-start>
<af-start id="763" threadId="00000000013F6988" totalBytesRequested="56" timestamp="2019-06-17T03:12:53.039" intervalms="8.255" type="nursery" />
<cycle-start id="764" type="scavenge" contextid="0" timestamp="2019-06-17T03:12:53.039" intervalms="8.154" />
<gc-start id="765" type="scavenge" contextid="764" timestamp="2019-06-17T03:12:53.039">
  <mem-info id="766" free="2084477744" total="2092630016" percent="99">
    <mem type="nursery" free="0" total="2097152" percent="0">
      <mem type="allocate" free="0" total="1376256" percent="0" />
      <mem type="survivor" free="0" total="720896" percent="0" />
    </mem>
    <mem type="tenure" free="2084477744" total="2090532864" percent="99">
      <mem type="soa" free="1979951920" total="1986007040" percent="99" />
      <mem type="loa" free="104525824" total="104525824" percent="100" />
    </mem>
    <remembered-set count="252" />
  </mem-info>
</gc-start>
<allocation-stats totalBytes="799256" >
  <allocated-bytes non-tlh="56" tlh="799200" />
  <largest-consumer threadName="PmdThread 4" threadId="00000000013F6000" bytes="343848" />
</allocation-stats>
<gc-op id="767" type="scavenge" timems="1.790" contextid="764" timestamp="2019-06-17T03:12:53.041">
  <scavenger-info tenureage="3" tenuremask="7ff8" tiltratio="65" />
  <memory-copied type="nursery" objects="9934" bytes="529824" bytesdiscarded="68376" />
  <memory-copied type="tenure" objects="3020" bytes="76320" bytesdiscarded="16" />
  <references type="soft" candidates="7" cleared="0" enqueued="0" dynamicThreshold="31" maxThreshold="32" />
  <references type="phantom" candidates="9" cleared="0" enqueued="0" />
</gc-op>
<gc-end id="768" type="scavenge" contextid="764" durationms="2.066" usertimems="0.000" systemtimems="4.000" timestamp="2019-06-17T03:12:53.041" activeThreads="4">
  <mem-info id="769" free="2085181408" total="2092630016" percent="99">
    <mem type="nursery" free="843440" total="2097152" percent="40">
      <mem type="allocate" free="843440" total="1441792" percent="58" />
      <mem type="survivor" free="0" total="655360" percent="0" />
    </mem>
    <mem type="tenure" free="2084337968" total="2090532864" percent="99">
      <mem type="soa" free="1979812144" total="1986007040" percent="99" />
      <mem type="loa" free="104525824" total="104525824" percent="100" />
    </mem>
    <remembered-set count="209" />
  </mem-info>
</gc-end>
<cycle-end id="770" type="scavenge" contextid="764" timestamp="2019-06-17T03:12:53.041" />
  <attribute name="elasticGC enabled" value="1" />
  <attribute name= "numThreadsSpecified" value="4" />
  <attribute name="heapSize specified" value="8388608" />
  <attribute name="Current GC Util" value="52" />
  <attribute name= "Current Time Running" value="11609" />
  <attribute name ="GC Interval" value="312" />
  <attribute name="ProportionalT" value="48.000000" />
  <attribute name="ProportionalI" value="48.000000" />
  <attribute name="ProportionalH" value="48.000000" />
  <attribute name="Current Error" value="32.000000" />
  <attribute name="IntegralT" value="256.000000" />
  <attribute name="IntegralI" value="256.000000" />
  <attribute name="IntegralH" value="256.000000" />
  <attribute name="DerivativeT" value="6.000000" />
  <attribute name="DerivativeI" value="6.000000" />
  <attribute name="DerivativeH" value="6.000000" />
  <attribute name="Loop Time for DT" value="8.000000" />
  <attribute name="Output H" value="8388608"/>
  <attribute name="Output I" value="312"/>
  <attribute name="Output T" value="4"/>
  <attribute name="Target GC Util Change" value ="20.000000" />
  <attribute name="Current GC Util Change" value="52.000000"/>
  <attribute name="GC Util currently" value="52" />
  <attribute name="CPU Util currently" value="572849793284" />
<allocation-satisfied id="771" threadId="00000000013F6000" bytesRequested="56" />
<af-end id="772" timestamp="2019-06-17T03:12:53.041" threadId="00000000013F6988" success="true" from="nursery"/>
<exclusive-end id="773" timestamp="2019-06-17T03:12:53.041" durationms="2.669" />

<exclusive-start id="774" timestamp="2019-06-17T03:12:53.046" intervalms="7.694">
  <response-info timems="0.046" idlems="0.046" threads="0" lastid="00000000013EA800" lastname="PmdThread 2" />
</exclusive-start>
<af-start id="775" threadId="00000000013EB188" totalBytesRequested="24" timestamp="2019-06-17T03:12:53.046" intervalms="7.656" type="nursery" />
<cycle-start id="776" type="scavenge" contextid="0" timestamp="2019-06-17T03:12:53.046" intervalms="7.615" />
<gc-start id="777" type="scavenge" contextid="776" timestamp="2019-06-17T03:12:53.047">
  <mem-info id="778" free="2084337968" total="2092630016" percent="99">
    <mem type="nursery" free="0" total="2097152" percent="0">
      <mem type="allocate" free="0" total="1441792" percent="0" />
      <mem type="survivor" free="0" total="655360" percent="0" />
    </mem>
    <mem type="tenure" free="2084337968" total="2090532864" percent="99">
      <mem type="soa" free="1979812144" total="1986007040" percent="99" />
      <mem type="loa" free="104525824" total="104525824" percent="100" />
    </mem>
    <remembered-set count="214" />
  </mem-info>
</gc-start>
<allocation-stats totalBytes="842632" >
  <allocated-bytes non-tlh="56" tlh="842576" />
  <largest-consumer threadName="PmdThread 1" threadId="00000000013E6C00" bytes="286688" />
</allocation-stats>
<gc-op id="779" type="scavenge" timems="0.815" contextid="776" timestamp="2019-06-17T03:12:53.048">
  <scavenger-info tenureage="2" tenuremask="7ffc" tiltratio="68" />
  <memory-copied type="nursery" objects="5397" bytes="195552" bytesdiscarded="78608" />
  <memory-copied type="tenure" objects="6507" bytes="339200" bytesdiscarded="120" />
  <references type="soft" candidates="5" cleared="0" enqueued="0" dynamicThreshold="31" maxThreshold="32" />
  <references type="weak" candidates="9" cleared="9" enqueued="9" />
  <references type="phantom" candidates="1" cleared="1" enqueued="1" />
</gc-op>
<gc-end id="780" type="scavenge" contextid="776" durationms="1.750" usertimems="4.000" systemtimems="0.000" timestamp="2019-06-17T03:12:53.048" activeThreads="4">
  <mem-info id="781" free="2085143304" total="2092630016" percent="99">
    <mem type="nursery" free="1167616" total="2097152" percent="55">
      <mem type="allocate" free="1167616" total="1441792" percent="80" />
      <mem type="survivor" free="0" total="655360" percent="0" />
    </mem>
    <mem type="tenure" free="2083975688" total="2090532864" percent="99">
      <mem type="soa" free="1979449864" total="1986007040" percent="99" />
      <mem type="loa" free="104525824" total="104525824" percent="100" />
    </mem>
    <pending-finalizers system="0" default="0" reference="10" classloader="0" />
    <remembered-set count="308" />
  </mem-info>
</gc-end>
<cycle-end id="782" type="scavenge" contextid="776" timestamp="2019-06-17T03:12:53.048" />
  <attribute name="elasticGC enabled" value="1" />
  <attribute name= "numThreadsSpecified" value="4" />
  <attribute name="heapSize specified" value="8388608" />
  <attribute name="Current GC Util" value="39" />
  <attribute name= "Current Time Running" value="11617" />
  <attribute name ="GC Interval" value="200" />
  <attribute name="ProportionalT" value="28.500000" />
  <attribute name="ProportionalI" value="28.500000" />
  <attribute name="ProportionalH" value="28.500000" />
  <attribute name="Current Error" value="19.000000" />
  <attribute name="IntegralT" value="152.000000" />
  <attribute name="IntegralI" value="152.000000" />
  <attribute name="IntegralH" value="152.000000" />
  <attribute name="DerivativeT" value="-2.437500" />
  <attribute name="DerivativeI" value="-2.437500" />
  <attribute name="DerivativeH" value="-2.437500" />
  <attribute name="Loop Time for DT" value="8.000000" />
  <attribute name="Output H" value="8388608"/>
  <attribute name="Output I" value="200"/>
  <attribute name="Output T" value="4"/>
  <attribute name="Target GC Util Change" value ="20.000000" />
  <attribute name="Current GC Util Change" value="39.000000"/>
  <attribute name="GC Util currently" value="39" />
  <attribute name="CPU Util currently" value="578648840236" />
<allocation-satisfied id="783" threadId="00000000013EA800" bytesRequested="24" />
<af-end id="784" timestamp="2019-06-17T03:12:53.049" threadId="00000000013EB188" success="true" from="nursery"/>
<exclusive-end id="785" timestamp="2019-06-17T03:12:53.049" durationms="2.212" />

<exclusive-start id="786" timestamp="2019-06-17T03:12:53.056" intervalms="9.547">
  <response-info timems="0.040" idlems="0.022" threads="1" lastid="00000000013F2400" lastname="PmdThread 3" />
</exclusive-start>
<af-start id="787" threadId="00000000013EB188" totalBytesRequested="32" timestamp="2019-06-17T03:12:53.056" intervalms="9.532" type="nursery" />
<cycle-start id="788" type="scavenge" contextid="0" timestamp="2019-06-17T03:12:53.056" intervalms="9.550" />
<gc-start id="789" type="scavenge" contextid="788" timestamp="2019-06-17T03:12:53.056">
  <mem-info id="790" free="2083975688" total="2092630016" percent="99">
    <mem type="nursery" free="0" total="2097152" percent="0">
      <mem type="allocate" free="0" total="1441792" percent="0" />
      <mem type="survivor" free="0" total="655360" percent="0" />
    </mem>
    <mem type="tenure" free="2083975688" total="2090532864" percent="99">
      <mem type="soa" free="1979449864" total="1986007040" percent="99" />
      <mem type="loa" free="104525824" total="104525824" percent="100" />
    </mem>
    <remembered-set count="377" />
  </mem-info>
</gc-start>
<allocation-stats totalBytes="1167208" >
  <allocated-bytes non-tlh="32808" tlh="1134400" />
  <largest-consumer threadName="PmdThread 3" threadId="00000000013F2400" bytes="376736" />
</allocation-stats>
<gc-op id="791" type="scavenge" timems="0.679" contextid="788" timestamp="2019-06-17T03:12:53.057">
  <scavenger-info tenureage="2" tenuremask="7ffc" tiltratio="68" />
  <memory-copied type="nursery" objects="6694" bytes="405376" bytesdiscarded="59688" />
  <memory-copied type="tenure" objects="2522" bytes="96336" bytesdiscarded="48" />
  <references type="weak" candidates="10" cleared="10" enqueued="10" />
  <references type="phantom" candidates="3" cleared="2" enqueued="2" />
</gc-op>
<gc-end id="792" type="scavenge" contextid="788" durationms="1.046" usertimems="0.000" systemtimems="0.000" timestamp="2019-06-17T03:12:53.057" activeThreads="4">
  <mem-info id="793" free="2084851656" total="2092630016" percent="99">
    <mem type="nursery" free="976576" total="2097152" percent="46">
      <mem type="allocate" free="976576" total="1441792" percent="67" />
      <mem type="survivor" free="0" total="655360" percent="0" />
    </mem>
    <mem type="tenure" free="2083875080" total="2090532864" percent="99">
      <mem type="soa" free="1979349256" total="1986007040" percent="99" />
      <mem type="loa" free="104525824" total="104525824" percent="100" />
    </mem>
    <pending-finalizers system="0" default="0" reference="12" classloader="0" />
    <remembered-set count="523" />
  </mem-info>
</gc-end>
<cycle-end id="794" type="scavenge" contextid="788" timestamp="2019-06-17T03:12:53.057" />
  <attribute name="elasticGC enabled" value="1" />
  <attribute name= "numThreadsSpecified" value="4" />
  <attribute name="heapSize specified" value="8388608" />
  <attribute name="Current GC Util" value="18" />
  <attribute name= "Current Time Running" value="11626" />
  <attribute name ="GC Interval" value="200" />
  <attribute name="ProportionalT" value="-3.000000" />
  <attribute name="ProportionalI" value="-3.000000" />
  <attribute name="ProportionalH" value="-3.000000" />
  <attribute name="Current Error" value="-2.000000" />
  <attribute name="IntegralT" value="-18.000000" />
  <attribute name="IntegralI" value="-18.000000" />
  <attribute name="IntegralH" value="-18.000000" />
  <attribute name="DerivativeT" value="-3.500000" />
  <attribute name="DerivativeI" value="-3.500000" />
  <attribute name="DerivativeH" value="-3.500000" />
  <attribute name="Loop Time for DT" value="9.000000" />
  <attribute name="Output H" value="2092630016"/>
  <attribute name="Output I" value="200"/>
  <attribute name="Output T" value="4"/>
  <attribute name="Target GC Util Change" value ="20.000000" />
  <attribute name="Current GC Util Change" value="18.000000"/>
  <attribute name="GC Util currently" value="18" />
  <attribute name="CPU Util currently" value="514161648849" />
<allocation-satisfied id="795" threadId="00000000013EA800" bytesRequested="32" />
<af-end id="796" timestamp="2019-06-17T03:12:53.057" threadId="00000000013EB188" success="true" from="nursery"/>
<exclusive-end id="797" timestamp="2019-06-17T03:12:53.057" durationms="1.441" />

<exclusive-start id="798" timestamp="2019-06-17T03:12:53.068" intervalms="11.889">
  <response-info timems="0.069" idlems="0.037" threads="1" lastid="00000000013F2400" lastname="PmdThread 3" />
</exclusive-start>
<af-start id="799" threadId="00000000013EB188" totalBytesRequested="16" timestamp="2019-06-17T03:12:53.068" intervalms="11.905" type="nursery" />
<cycle-start id="800" type="scavenge" contextid="0" timestamp="2019-06-17T03:12:53.068" intervalms="11.907" />
<gc-start id="801" type="scavenge" contextid="800" timestamp="2019-06-17T03:12:53.068">
  <mem-info id="802" free="2083871064" total="2092630016" percent="99">
    <mem type="nursery" free="0" total="2097152" percent="0">
      <mem type="allocate" free="0" total="1441792" percent="0" />
      <mem type="survivor" free="0" total="655360" percent="0" />
    </mem>
    <mem type="tenure" free="2083871064" total="2090532864" percent="99">
      <mem type="soa" free="1979345240" total="1986007040" percent="99" />
      <mem type="loa" free="104525824" total="104525824" percent="100" />
    </mem>
    <remembered-set count="614" />
  </mem-info>
</gc-start>
<allocation-stats totalBytes="953952" >
  <allocated-bytes non-tlh="4048" tlh="949904" />
  <largest-consumer threadName="PmdThread 2" threadId="00000000013EA800" bytes="575088" />
</allocation-stats>
<gc-op id="803" type="scavenge" timems="0.611" contextid="800" timestamp="2019-06-17T03:12:53.069">
  <scavenger-info tenureage="2" tenuremask="7ffc" tiltratio="68" />
  <memory-copied type="nursery" objects="3763" bytes="301032" bytesdiscarded="171200" />
  <memory-copied type="tenure" objects="2728" bytes="93808" bytesdiscarded="8" />
  <references type="weak" candidates="10" cleared="10" enqueued="10" />
</gc-op>
<gc-end id="804" type="scavenge" contextid="800" durationms="1.010" usertimems="4.000" systemtimems="0.000" timestamp="2019-06-17T03:12:53.069" activeThreads="4">
  <mem-info id="805" free="2084774664" total="2092630016" percent="99">
    <mem type="nursery" free="1034928" total="2097152" percent="49">
      <mem type="allocate" free="1034928" total="1507328" percent="68" />
      <mem type="survivor" free="0" total="589824" percent="0" />
    </mem>
    <mem type="tenure" free="2083739736" total="2090532864" percent="99">
      <mem type="soa" free="1979213912" total="1986007040" percent="99" />
      <mem type="loa" free="104525824" total="104525824" percent="100" />
    </mem>
    <pending-finalizers system="0" default="0" reference="10" classloader="0" />
    <remembered-set count="458" />
  </mem-info>
</gc-end>
<cycle-end id="806" type="scavenge" contextid="800" timestamp="2019-06-17T03:12:53.069" />
  <attribute name="elasticGC enabled" value="1" />
  <attribute name= "numThreadsSpecified" value="4" />
  <attribute name="heapSize specified" value="8388608" />
  <attribute name="Current GC Util" value="12" />
  <attribute name= "Current Time Running" value="11638" />
  <attribute name ="GC Interval" value="200" />
  <attribute name="ProportionalT" value="-12.000000" />
  <attribute name="ProportionalI" value="-12.000000" />
  <attribute name="ProportionalH" value="-12.000000" />
  <attribute name="Current Error" value="-8.000000" />
  <attribute name="IntegralT" value="-96.000000" />
  <attribute name="IntegralI" value="-96.000000" />
  <attribute name="IntegralH" value="-96.000000" />
  <attribute name="DerivativeT" value="-1.000000" />
  <attribute name="DerivativeI" value="-1.000000" />
  <attribute name="DerivativeH" value="-1.000000" />
  <attribute name="Loop Time for DT" value="12.000000" />
  <attribute name="Output H" value="2092630016"/>
  <attribute name="Output I" value="200"/>
  <attribute name="Output T" value="4"/>
  <attribute name="Target GC Util Change" value ="20.000000" />
  <attribute name="Current GC Util Change" value="12.000000"/>
  <attribute name="GC Util currently" value="12" />
  <attribute name="CPU Util currently" value="385775687470" />
<allocation-satisfied id="807" threadId="00000000013EA800" bytesRequested="16" />
<af-end id="808" timestamp="2019-06-17T03:12:53.069" threadId="00000000013EB188" success="true" from="nursery"/>
<exclusive-end id="809" timestamp="2019-06-17T03:12:53.069" durationms="1.497" />

<exclusive-start id="810" timestamp="2019-06-17T03:12:53.079" intervalms="11.245">
  <response-info timems="0.692" idlems="0.234" threads="3" lastid="00000000013F6000" lastname="PmdThread 4" />
</exclusive-start>
<af-start id="811" threadId="00000000013EB188" totalBytesRequested="48" timestamp="2019-06-17T03:12:53.079" intervalms="11.235" type="nursery" />
<cycle-start id="812" type="scavenge" contextid="0" timestamp="2019-06-17T03:12:53.079" intervalms="11.221" />
<gc-start id="813" type="scavenge" contextid="812" timestamp="2019-06-17T03:12:53.079">
  <mem-info id="814" free="2083739008" total="2092630016" percent="99">
    <mem type="nursery" free="0" total="2097152" percent="0">
      <mem type="allocate" free="0" total="1507328" percent="0" />
      <mem type="survivor" free="0" total="589824" percent="0" />
    </mem>
    <mem type="tenure" free="2083739008" total="2090532864" percent="99">
      <mem type="soa" free="1979213184" total="1986007040" percent="99" />
      <mem type="loa" free="104525824" total="104525824" percent="100" />
    </mem>
    <remembered-set count="495" />
  </mem-info>
</gc-start>
<allocation-stats totalBytes="1025288" >
  <allocated-bytes non-tlh="744" tlh="1024544" />
  <largest-consumer threadName="PmdThread 1" threadId="00000000013E6C00" bytes="427480" />
</allocation-stats>
<gc-op id="815" type="scavenge" timems="0.448" contextid="812" timestamp="2019-06-17T03:12:53.080">
  <scavenger-info tenureage="2" tenuremask="7ffc" tiltratio="71" />
  <memory-copied type="nursery" objects="1956" bytes="155480" bytesdiscarded="73056" />
  <memory-copied type="tenure" objects="1577" bytes="112672" bytesdiscarded="0" />
  <references type="weak" candidates="67" cleared="67" enqueued="67" />
  <references type="phantom" candidates="3" cleared="3" enqueued="3" />
</gc-op>
<gc-end id="816" type="scavenge" contextid="812" durationms="0.821" usertimems="0.000" systemtimems="0.000" timestamp="2019-06-17T03:12:53.080" activeThreads="4">
  <mem-info id="817" free="2084976720" total="2092630016" percent="99">
    <mem type="nursery" free="1278696" total="2097152" percent="60">
      <mem type="allocate" free="1278696" total="1507328" percent="84" />
      <mem type="survivor" free="0" total="589824" percent="0" />
    </mem>
    <mem type="tenure" free="2083698024" total="2090532864" percent="99">
      <mem type="soa" free="1979172200" total="1986007040" percent="99" />
      <mem type="loa" free="104525824" total="104525824" percent="100" />
    </mem>
    <pending-finalizers system="0" default="0" reference="70" classloader="0" />
    <remembered-set count="335" />
  </mem-info>
</gc-end>
<cycle-end id="818" type="scavenge" contextid="812" timestamp="2019-06-17T03:12:53.080" />
  <attribute name="elasticGC enabled" value="1" />
  <attribute name= "numThreadsSpecified" value="4" />
  <attribute name="heapSize specified" value="8388608" />
  <attribute name="Current GC Util" value="11" />
  <attribute name= "Current Time Running" value="11649" />
  <attribute name ="GC Interval" value="200" />
  <attribute name="ProportionalT" value="-13.500000" />
  <attribute name="ProportionalI" value="-13.500000" />
  <attribute name="ProportionalH" value="-13.500000" />
  <attribute name="Current Error" value="-9.000000" />
  <attribute name="IntegralT" value="-99.000000" />
  <attribute name="IntegralI" value="-99.000000" />
  <attribute name="IntegralH" value="-99.000000" />
  <attribute name="DerivativeT" value="-1.227273" />
  <attribute name="DerivativeI" value="-1.227273" />
  <attribute name="DerivativeH" value="-1.227273" />
  <attribute name="Loop Time for DT" value="11.000000" />
  <attribute name="Output H" value="2092630016"/>
  <attribute name="Output I" value="200"/>
  <attribute name="Output T" value="4"/>
  <attribute name="Target GC Util Change" value ="20.000000" />
  <attribute name="Current GC Util Change" value="11.000000"/>
  <attribute name="GC Util currently" value="11" />
  <attribute name="CPU Util currently" value="412230567370" />
<allocation-satisfied id="819" threadId="00000000013EA800" bytesRequested="48" />
<af-end id="820" timestamp="2019-06-17T03:12:53.080" threadId="00000000013EB188" success="true" from="nursery"/>
<exclusive-end id="821" timestamp="2019-06-17T03:12:53.080" durationms="1.274" />

<exclusive-start id="822" timestamp="2019-06-17T03:12:53.086" intervalms="6.988">
  <response-info timems="0.059" idlems="0.059" threads="0" lastid="00000000013F6000" lastname="PmdThread 4" />
</exclusive-start>
<af-start id="823" threadId="00000000013F6988" totalBytesRequested="1008" timestamp="2019-06-17T03:12:53.086" intervalms="7.031" type="nursery" />
<cycle-start id="824" type="scavenge" contextid="0" timestamp="2019-06-17T03:12:53.086" intervalms="7.027" />
<gc-start id="825" type="scavenge" contextid="824" timestamp="2019-06-17T03:12:53.086">
  <mem-info id="826" free="2083698024" total="2092630016" percent="99">
    <mem type="nursery" free="0" total="2097152" percent="0">
      <mem type="allocate" free="0" total="1507328" percent="0" />
      <mem type="survivor" free="0" total="589824" percent="0" />
    </mem>
    <mem type="tenure" free="2083698024" total="2090532864" percent="99">
      <mem type="soa" free="1979172200" total="1986007040" percent="99" />
      <mem type="loa" free="104525824" total="104525824" percent="100" />
    </mem>
    <remembered-set count="486" />
  </mem-info>
</gc-start>
<allocation-stats totalBytes="1276984" >
  <allocated-bytes non-tlh="48" tlh="1276936" />
  <largest-consumer threadName="PmdThread 4" threadId="00000000013F6000" bytes="612776" />
</allocation-stats>
<gc-op id="827" type="scavenge" timems="0.751" contextid="824" timestamp="2019-06-17T03:12:53.087">
  <scavenger-info tenureage="2" tenuremask="7ffc" tiltratio="71" />
  <memory-copied type="nursery" objects="2763" bytes="266744" bytesdiscarded="27312" />
  <memory-copied type="tenure" objects="636" bytes="20912" bytesdiscarded="0" />
  <references type="weak" candidates="50" cleared="50" enqueued="50" />
</gc-op>
<gc-end id="828" type="scavenge" contextid="824" durationms="0.932" usertimems="0.000" systemtimems="0.000" timestamp="2019-06-17T03:12:53.087" activeThreads="4">
  <mem-info id="829" free="2084976680" total="2092630016" percent="99">
    <mem type="nursery" free="1278656" total="2097152" percent="60">
      <mem type="allocate" free="1278656" total="1572864" percent="81" />
      <mem type="survivor" free="0" total="524288" percent="0" />
    </mem>
    <mem type="tenure" free="2083698024" total="2090532864" percent="99">
      <mem type="soa" free="1979172200" total="1986007040" percent="99" />
      <mem type="loa" free="104525824" total="104525824" percent="100" />
    </mem>
    <pending-finalizers system="0" default="0" reference="50" classloader="0" />
    <remembered-set count="159" />
  </mem-info>
</gc-end>
<cycle-end id="830" type="scavenge" contextid="824" timestamp="2019-06-17T03:12:53.087" />
  <attribute name="elasticGC enabled" value="1" />
  <attribute name= "numThreadsSpecified" value="4" />
  <attribute name="heapSize specified" value="8388608" />
  <attribute name="Current GC Util" value="15" />
  <attribute name= "Current Time Running" value="11656" />
  <attribute name ="GC Interval" value="200" />
  <attribute name="ProportionalT" value="-7.500000" />
  <attribute name="ProportionalI" value="-7.500000" />
  <attribute name="ProportionalH" value="-7.500000" />
  <attribute name="Current Error" value="-5.000000" />
  <attribute name="IntegralT" value="-35.000000" />
  <attribute name="IntegralI" value="-35.000000" />
  <attribute name="IntegralH" value="-35.000000" />
  <attribute name="DerivativeT" value="-1.071429" />
  <attribute name="DerivativeI" value="-1.071429" />
  <attribute name="DerivativeH" value="-1.071429" />
  <attribute name="Loop Time for DT" value="7.000000" />
  <attribute name="Output H" value="2092630016"/>
  <attribute name="Output I" value="200"/>
  <attribute name="Output T" value="4"/>
  <attribute name="Target GC Util Change" value ="20.000000" />
  <attribute name="Current GC Util Change" value="15.000000"/>
  <attribute name="GC Util currently" value="15" />
  <attribute name="CPU Util currently" value="657541916972" />
<allocation-satisfied id="831" threadId="00000000013F6000" bytesRequested="1008" />
<af-end id="832" timestamp="2019-06-17T03:12:53.087" threadId="00000000013F6988" success="true" from="nursery"/>
<exclusive-end id="833" timestamp="2019-06-17T03:12:53.087" durationms="1.391" />

<exclusive-start id="834" timestamp="2019-06-17T03:12:53.093" intervalms="6.752">
  <response-info timems="0.254" idlems="0.254" threads="0" lastid="00000000013F6000" lastname="PmdThread 4" />
</exclusive-start>
<af-start id="835" threadId="00000000013F6988" totalBytesRequested="80" timestamp="2019-06-17T03:12:53.094" intervalms="7.859" type="nursery" />
<cycle-start id="836" type="scavenge" contextid="0" timestamp="2019-06-17T03:12:53.094" intervalms="7.922" />
<gc-start id="837" type="scavenge" contextid="836" timestamp="2019-06-17T03:12:53.094">
  <mem-info id="838" free="2083697608" total="2092630016" percent="99">
    <mem type="nursery" free="0" total="2097152" percent="0">
      <mem type="allocate" free="0" total="1572864" percent="0" />
      <mem type="survivor" free="0" total="524288" percent="0" />
    </mem>
    <mem type="tenure" free="2083697608" total="2090532864" percent="99">
      <mem type="soa" free="1979171784" total="1986007040" percent="99" />
      <mem type="loa" free="104525824" total="104525824" percent="100" />
    </mem>
    <remembered-set count="388" />
  </mem-info>
</gc-start>
<allocation-stats totalBytes="1275808" >
  <allocated-bytes non-tlh="1424" tlh="1274384" />
  <largest-consumer threadName="PmdThread 4" threadId="00000000013F6000" bytes="875640" />
</allocation-stats>
<gc-op id="839" type="scavenge" timems="1.287" contextid="836" timestamp="2019-06-17T03:12:53.096">
  <scavenger-info tenureage="2" tenuremask="7ffc" tiltratio="75" />
  <memory-copied type="nursery" objects="1811" bytes="179728" bytesdiscarded="34032" />
  <memory-copied type="tenure" objects="299" bytes="9544" bytesdiscarded="0" />
  <references type="weak" candidates="62" cleared="62" enqueued="62" />
  <references type="phantom" candidates="2" cleared="2" enqueued="2" />
</gc-op>
<gc-end id="840" type="scavenge" contextid="836" durationms="1.554" usertimems="0.000" systemtimems="0.000" timestamp="2019-06-17T03:12:53.096" activeThreads="4">
  <mem-info id="841" free="2085056416" total="2092630016" percent="99">
    <mem type="nursery" free="1358808" total="2097152" percent="64">
      <mem type="allocate" free="1358808" total="1572864" percent="86" />
      <mem type="survivor" free="0" total="524288" percent="0" />
    </mem>
    <mem type="tenure" free="2083697608" total="2090532864" percent="99">
      <mem type="soa" free="1979171784" total="1986007040" percent="99" />
      <mem type="loa" free="104525824" total="104525824" percent="100" />
    </mem>
    <pending-finalizers system="0" default="0" reference="64" classloader="0" />
    <remembered-set count="146" />
  </mem-info>
</gc-end>
<cycle-end id="842" type="scavenge" contextid="836" timestamp="2019-06-17T03:12:53.096" />
  <attribute name="elasticGC enabled" value="1" />
  <attribute name= "numThreadsSpecified" value="4" />
  <attribute name="heapSize specified" value="8388608" />
  <attribute name="Current GC Util" value="19" />
  <attribute name= "Current Time Running" value="11664" />
  <attribute name ="GC Interval" value="200" />
  <attribute name="ProportionalT" value="-1.500000" />
  <attribute name="ProportionalI" value="-1.500000" />
  <attribute name="ProportionalH" value="-1.500000" />
  <attribute name="Current Error" value="-1.000000" />
  <attribute name="IntegralT" value="-8.000000" />
  <attribute name="IntegralI" value="-8.000000" />
  <attribute name="IntegralH" value="-8.000000" />
  <attribute name="DerivativeT" value="-0.187500" />
  <attribute name="DerivativeI" value="-0.187500" />
  <attribute name="DerivativeH" value="-0.187500" />
  <attribute name="Loop Time for DT" value="8.000000" />
  <attribute name="Output H" value="2092630016"/>
  <attribute name="Output I" value="200"/>
  <attribute name="Output T" value="4"/>
  <attribute name="Target GC Util Change" value ="20.000000" />
  <attribute name="Current GC Util Change" value="19.000000"/>
  <attribute name="GC Util currently" value="19" />
  <attribute name="CPU Util currently" value="565902774627" />
<allocation-satisfied id="843" threadId="00000000013F6000" bytesRequested="80" />
<af-end id="844" timestamp="2019-06-17T03:12:53.096" threadId="00000000013F6988" success="true" from="nursery"/>
<exclusive-end id="845" timestamp="2019-06-17T03:12:53.096" durationms="3.278" />

<exclusive-start id="846" timestamp="2019-06-17T03:12:53.106" intervalms="13.286">
  <response-info timems="0.125" idlems="0.090" threads="2" lastid="00000000013F6000" lastname="PmdThread 4" />
</exclusive-start>
<af-start id="847" threadId="00000000013EB188" totalBytesRequested="48" timestamp="2019-06-17T03:12:53.106" intervalms="12.136" type="nursery" />
<cycle-start id="848" type="scavenge" contextid="0" timestamp="2019-06-17T03:12:53.106" intervalms="12.077" />
<gc-start id="849" type="scavenge" contextid="848" timestamp="2019-06-17T03:12:53.106">
  <mem-info id="850" free="2083697280" total="2092630016" percent="99">
    <mem type="nursery" free="0" total="2097152" percent="0">
      <mem type="allocate" free="0" total="1572864" percent="0" />
      <mem type="survivor" free="0" total="524288" percent="0" />
    </mem>
    <mem type="tenure" free="2083697280" total="2090532864" percent="99">
      <mem type="soa" free="1979171456" total="1986007040" percent="99" />
      <mem type="loa" free="104525824" total="104525824" percent="100" />
    </mem>
    <remembered-set count="271" />
  </mem-info>
</gc-start>
<allocation-stats totalBytes="1357768" >
  <allocated-bytes non-tlh="49584" tlh="1308184" />
  <largest-consumer threadName="PmdThread 4" threadId="00000000013F6000" bytes="478800" />
</allocation-stats>
<gc-op id="851" type="scavenge" timems="0.427" contextid="848" timestamp="2019-06-17T03:12:53.107">
  <scavenger-info tenureage="2" tenuremask="7ffc" tiltratio="75" />
  <memory-copied type="nursery" objects="2588" bytes="336768" bytesdiscarded="135536" />
  <memory-copied type="tenure" objects="48" bytes="1776" bytesdiscarded="0" />
  <references type="soft" candidates="11" cleared="0" enqueued="0" dynamicThreshold="31" maxThreshold="32" />
  <references type="weak" candidates="48" cleared="47" enqueued="47" />
  <references type="phantom" candidates="5" cleared="3" enqueued="3" />
</gc-op>
<gc-end id="852" type="scavenge" contextid="848" durationms="0.804" usertimems="0.000" systemtimems="0.000" timestamp="2019-06-17T03:12:53.107" activeThreads="4">
  <mem-info id="853" free="2084797488" total="2092630016" percent="99">
    <mem type="nursery" free="1100208" total="2097152" percent="52">
      <mem type="allocate" free="1100208" total="1572864" percent="69" />
      <mem type="survivor" free="0" total="524288" percent="0" />
    </mem>
    <mem type="tenure" free="2083697280" total="2090532864" percent="99">
      <mem type="soa" free="1979171456" total="1986007040" percent="99" />
      <mem type="loa" free="104525824" total="104525824" percent="100" />
    </mem>
    <pending-finalizers system="0" default="0" reference="50" classloader="0" />
    <remembered-set count="159" />
  </mem-info>
</gc-end>
<cycle-end id="854" type="scavenge" contextid="848" timestamp="2019-06-17T03:12:53.107" />
  <attribute name="elasticGC enabled" value="1" />
  <attribute name= "numThreadsSpecified" value="4" />
  <attribute name="heapSize specified" value="8388608" />
  <attribute name="Current GC Util" value="21" />
  <attribute name= "Current Time Running" value="11676" />
  <attribute name ="GC Interval" value="200" />
  <attribute name="ProportionalT" value="1.500000" />
  <attribute name="ProportionalI" value="1.500000" />
  <attribute name="ProportionalH" value="1.500000" />
  <attribute name="Current Error" value="1.000000" />
  <attribute name="IntegralT" value="12.000000" />
  <attribute name="IntegralI" value="12.000000" />
  <attribute name="IntegralH" value="12.000000" />
  <attribute name="DerivativeT" value="0.125000" />
  <attribute name="DerivativeI" value="0.125000" />
  <attribute name="DerivativeH" value="0.125000" />
  <attribute name="Loop Time for DT" value="12.000000" />
  <attribute name="Output H" value="8388608"/>
  <attribute name="Output I" value="200"/>
  <attribute name="Output T" value="4"/>
  <attribute name="Target GC Util Change" value ="20.000000" />
  <attribute name="Current GC Util Change" value="21.000000"/>
  <attribute name="GC Util currently" value="21" />
  <attribute name="CPU Util currently" value="388162789011" />
<allocation-satisfied id="855" threadId="00000000013EA800" bytesRequested="48" />
<af-end id="856" timestamp="2019-06-17T03:12:53.107" threadId="00000000013EB188" success="true" from="nursery"/>
<exclusive-end id="857" timestamp="2019-06-17T03:12:53.107" durationms="1.259" />

<exclusive-start id="858" timestamp="2019-06-17T03:12:53.116" intervalms="10.249">
  <response-info timems="0.066" idlems="0.066" threads="0" lastid="00000000013F6000" lastname="PmdThread 4" />
</exclusive-start>
<af-start id="859" threadId="00000000013F6988" totalBytesRequested="40" timestamp="2019-06-17T03:12:53.117" intervalms="10.717" type="nursery" />
<cycle-start id="860" type="scavenge" contextid="0" timestamp="2019-06-17T03:12:53.117" intervalms="10.709" />
<gc-start id="861" type="scavenge" contextid="860" timestamp="2019-06-17T03:12:53.117">
  <mem-info id="862" free="2083696728" total="2092630016" percent="99">
    <mem type="nursery" free="0" total="2097152" percent="0">
      <mem type="allocate" free="0" total="1572864" percent="0" />
      <mem type="survivor" free="0" total="524288" percent="0" />
    </mem>
    <mem type="tenure" free="2083696728" total="2090532864" percent="99">
      <mem type="soa" free="1979170904" total="1986007040" percent="99" />
      <mem type="loa" free="104525824" total="104525824" percent="100" />
    </mem>
    <remembered-set count="198" />
  </mem-info>
</gc-start>
<allocation-stats totalBytes="1100544" >
  <allocated-bytes non-tlh="600" tlh="1099944" />
  <largest-consumer threadName="PmdThread 4" threadId="00000000013F6000" bytes="552904" />
</allocation-stats>
<gc-op id="863" type="scavenge" timems="0.990" contextid="860" timestamp="2019-06-17T03:12:53.118">
  <scavenger-info tenureage="2" tenuremask="7ffc" tiltratio="75" />
  <memory-copied type="nursery" objects="3691" bytes="359344" bytesdiscarded="130184" />
  <memory-copied type="tenure" objects="59" bytes="1984" bytesdiscarded="0" />
  <finalization candidates="1" enqueued="0" />
  <references type="soft" candidates="11" cleared="0" enqueued="0" dynamicThreshold="31" maxThreshold="32" />
  <references type="weak" candidates="19" cleared="13" enqueued="13" />
  <references type="phantom" candidates="2" cleared="2" enqueued="2" />
</gc-op>
<gc-end id="864" type="scavenge" contextid="860" durationms="1.181" usertimems="0.000" systemtimems="0.000" timestamp="2019-06-17T03:12:53.118" activeThreads="4">
  <mem-info id="865" free="2084845320" total="2092630016" percent="99">
    <mem type="nursery" free="1148592" total="2097152" percent="54">
      <mem type="allocate" free="1148592" total="1638400" percent="70" />
      <mem type="survivor" free="0" total="458752" percent="0" />
    </mem>
    <mem type="tenure" free="2083696728" total="2090532864" percent="99">
      <mem type="soa" free="1979170904" total="1986007040" percent="99" />
      <mem type="loa" free="104525824" total="104525824" percent="100" />
    </mem>
    <pending-finalizers system="0" default="0" reference="15" classloader="0" />
    <remembered-set count="179" />
  </mem-info>
</gc-end>
<cycle-end id="866" type="scavenge" contextid="860" timestamp="2019-06-17T03:12:53.118" />
  <attribute name="elasticGC enabled" value="1" />
  <attribute name= "numThreadsSpecified" value="4" />
  <attribute name="heapSize specified" value="8388608" />
  <attribute name="Current GC Util" value="8" />
  <attribute name= "Current Time Running" value="11687" />
  <attribute name ="GC Interval" value="200" />
  <attribute name="ProportionalT" value="-18.000000" />
  <attribute name="ProportionalI" value="-18.000000" />
  <attribute name="ProportionalH" value="-18.000000" />
  <attribute name="Current Error" value="-12.000000" />
  <attribute name="IntegralT" value="-132.000000" />
  <attribute name="IntegralI" value="-132.000000" />
  <attribute name="IntegralH" value="-132.000000" />
  <attribute name="DerivativeT" value="-1.772727" />
  <attribute name="DerivativeI" value="-1.772727" />
  <attribute name="DerivativeH" value="-1.772727" />
  <attribute name="Loop Time for DT" value="11.000000" />
  <attribute name="Output H" value="2092630016"/>
  <attribute name="Output I" value="200"/>
  <attribute name="Output T" value="4"/>
  <attribute name="Target GC Util Change" value ="20.000000" />
  <attribute name="Current GC Util Change" value="8.000000"/>
  <attribute name="GC Util currently" value="8" />
  <attribute name="CPU Util currently" value="431196761485" />
<allocation-satisfied id="867" threadId="00000000013F6000" bytesRequested="40" />
<af-end id="868" timestamp="2019-06-17T03:12:53.118" threadId="00000000013F6988" success="true" from="nursery"/>
<exclusive-end id="869" timestamp="2019-06-17T03:12:53.118" durationms="2.068" />

<exclusive-start id="870" timestamp="2019-06-17T03:12:53.125" intervalms="9.070">
  <response-info timems="0.040" idlems="0.040" threads="0" lastid="00000000013F2400" lastname="PmdThread 3" />
</exclusive-start>
<af-start id="871" threadId="00000000013F2D88" totalBytesRequested="32" timestamp="2019-06-17T03:12:53.125" intervalms="8.610" type="nursery" />
<cycle-start id="872" type="scavenge" contextid="0" timestamp="2019-06-17T03:12:53.126" intervalms="8.632" />
<gc-start id="873" type="scavenge" contextid="872" timestamp="2019-06-17T03:12:53.126">
  <mem-info id="874" free="2083696728" total="2092630016" percent="99">
    <mem type="nursery" free="0" total="2097152" percent="0">
      <mem type="allocate" free="0" total="1638400" percent="0" />
      <mem type="survivor" free="0" total="458752" percent="0" />
    </mem>
    <mem type="tenure" free="2083696728" total="2090532864" percent="99">
      <mem type="soa" free="1979170904" total="1986007040" percent="99" />
      <mem type="loa" free="104525824" total="104525824" percent="100" />
    </mem>
    <remembered-set count="211" />
  </mem-info>
</gc-start>
<allocation-stats totalBytes="1134112" >
  <allocated-bytes non-tlh="41024" tlh="1093088" />
  <largest-consumer threadName="PmdThread 4" threadId="00000000013F6000" bytes="372752" />
</allocation-stats>
<gc-op id="875" type="scavenge" timems="0.641" contextid="872" timestamp="2019-06-17T03:12:53.127">
  <scavenger-info tenureage="2" tenuremask="7ffc" tiltratio="78" />
  <memory-copied type="nursery" objects="3448" bytes="419128" bytesdiscarded="39088" />
  <memory-copied type="tenure" objects="1358" bytes="49576" bytesdiscarded="24" />
  <copy-failed type="nursery" objects="1132" bytes="38904" />
  <finalization candidates="1" enqueued="0" />
  <references type="weak" candidates="40" cleared="34" enqueued="34" />
  <references type="phantom" candidates="5" cleared="4" enqueued="4" />
</gc-op>
<gc-end id="876" type="scavenge" contextid="872" durationms="1.443" usertimems="0.000" systemtimems="0.000" timestamp="2019-06-17T03:12:53.127" activeThreads="4">
  <mem-info id="877" free="2084640600" total="2092630016" percent="99">
    <mem type="nursery" free="983040" total="2097152" percent="46">
      <mem type="allocate" free="983040" total="1441792" percent="68" />
      <mem type="survivor" free="0" total="655360" percent="0" />
    </mem>
    <mem type="tenure" free="2083657560" total="2090532864" percent="99">
      <mem type="soa" free="1979131736" total="1986007040" percent="99" />
      <mem type="loa" free="104525824" total="104525824" percent="100" />
    </mem>
    <pending-finalizers system="0" default="0" reference="38" classloader="0" />
    <remembered-set count="295" />
  </mem-info>
</gc-end>
<cycle-end id="878" type="scavenge" contextid="872" timestamp="2019-06-17T03:12:53.127" />
  <attribute name="elasticGC enabled" value="1" />
  <attribute name= "numThreadsSpecified" value="4" />
  <attribute name="heapSize specified" value="8388608" />
  <attribute name="Current GC Util" value="21" />
  <attribute name= "Current Time Running" value="11696" />
  <attribute name ="GC Interval" value="200" />
  <attribute name="ProportionalT" value="1.500000" />
  <attribute name="ProportionalI" value="1.500000" />
  <attribute name="ProportionalH" value="1.500000" />
  <attribute name="Current Error" value="1.000000" />
  <attribute name="IntegralT" value="9.000000" />
  <attribute name="IntegralI" value="9.000000" />
  <attribute name="IntegralH" value="9.000000" />
  <attribute name="DerivativeT" value="0.166667" />
  <attribute name="DerivativeI" value="0.166667" />
  <attribute name="DerivativeH" value="0.166667" />
  <attribute name="Loop Time for DT" value="9.000000" />
  <attribute name="Output H" value="8388608"/>
  <attribute name="Output I" value="200"/>
  <attribute name="Output T" value="4"/>
  <attribute name="Target GC Util Change" value ="20.000000" />
  <attribute name="Current GC Util Change" value="21.000000"/>
  <attribute name="GC Util currently" value="21" />
  <attribute name="CPU Util currently" value="508729464883" />
<allocation-satisfied id="879" threadId="00000000013F2400" bytesRequested="32" />
<af-end id="880" timestamp="2019-06-17T03:12:53.127" threadId="00000000013F2D88" success="true" from="nursery"/>
<exclusive-end id="881" timestamp="2019-06-17T03:12:53.127" durationms="1.972" />

<exclusive-start id="882" timestamp="2019-06-17T03:12:53.135" intervalms="9.908">
  <response-info timems="0.089" idlems="0.052" threads="1" lastid="00000000013F6000" lastname="PmdThread 4" />
</exclusive-start>
<af-start id="883" threadId="00000000013EB188" totalBytesRequested="16392" timestamp="2019-06-17T03:12:53.135" intervalms="9.904" type="nursery" />
<cycle-start id="884" type="scavenge" contextid="0" timestamp="2019-06-17T03:12:53.135" intervalms="9.893" />
<gc-start id="885" type="scavenge" contextid="884" timestamp="2019-06-17T03:12:53.136">
  <mem-info id="886" free="2083657560" total="2092630016" percent="99">
    <mem type="nursery" free="0" total="2097152" percent="0">
      <mem type="allocate" free="0" total="1441792" percent="0" />
      <mem type="survivor" free="0" total="655360" percent="0" />
    </mem>
    <mem type="tenure" free="2083657560" total="2090532864" percent="99">
      <mem type="soa" free="1979131736" total="1986007040" percent="99" />
      <mem type="loa" free="104525824" total="104525824" percent="100" />
    </mem>
    <remembered-set count="325" />
  </mem-info>
</gc-start>
<allocation-stats totalBytes="965824" >
  <allocated-bytes non-tlh="16424" tlh="949400" />
  <largest-consumer threadName="PmdThread 3" threadId="00000000013F2400" bytes="331656" />
</allocation-stats>
<gc-op id="887" type="scavenge" timems="0.632" contextid="884" timestamp="2019-06-17T03:12:53.136">
  <scavenger-info tenureage="2" tenuremask="7ffc" tiltratio="68" />
  <memory-copied type="nursery" objects="3885" bytes="547120" bytesdiscarded="107784" />
  <memory-copied type="tenure" objects="1900" bytes="143904" bytesdiscarded="784" />
  <copy-failed type="nursery" objects="1296" bytes="63128" />
  <finalization candidates="1" enqueued="0" />
  <references type="weak" candidates="27" cleared="27" enqueued="27" />
  <references type="phantom" candidates="5" cleared="3" enqueued="3" />
</gc-op>
<gc-end id="888" type="scavenge" contextid="884" durationms="1.004" usertimems="0.000" systemtimems="0.000" timestamp="2019-06-17T03:12:53.137" activeThreads="4">
  <mem-info id="889" free="2084083016" total="2092630016" percent="99">
    <mem type="nursery" free="589824" total="2097152" percent="28">
      <mem type="allocate" free="589824" total="1245184" percent="47" />
      <mem type="survivor" free="0" total="851968" percent="0" />
    </mem>
    <mem type="tenure" free="2083493192" total="2090532864" percent="99">
      <mem type="soa" free="1978967368" total="1986007040" percent="99" />
      <mem type="loa" free="104525824" total="104525824" percent="100" />
    </mem>
    <pending-finalizers system="0" default="0" reference="30" classloader="0" />
    <remembered-set count="479" />
  </mem-info>
</gc-end>
<cycle-end id="890" type="scavenge" contextid="884" timestamp="2019-06-17T03:12:53.137" />
  <attribute name="elasticGC enabled" value="1" />
  <attribute name= "numThreadsSpecified" value="4" />
  <attribute name="heapSize specified" value="8388608" />
  <attribute name="Current GC Util" value="13" />
  <attribute name= "Current Time Running" value="11705" />
  <attribute name ="GC Interval" value="200" />
  <attribute name="ProportionalT" value="-10.500000" />
  <attribute name="ProportionalI" value="-10.500000" />
  <attribute name="ProportionalH" value="-10.500000" />
  <attribute name="Current Error" value="-7.000000" />
  <attribute name="IntegralT" value="-63.000000" />
  <attribute name="IntegralI" value="-63.000000" />
  <attribute name="IntegralH" value="-63.000000" />
  <attribute name="DerivativeT" value="-1.333333" />
  <attribute name="DerivativeI" value="-1.333333" />
  <attribute name="DerivativeH" value="-1.333333" />
  <attribute name="Loop Time for DT" value="9.000000" />
  <attribute name="Output H" value="2092630016"/>
  <attribute name="Output I" value="200"/>
  <attribute name="Output T" value="4"/>
  <attribute name="Target GC Util Change" value ="20.000000" />
  <attribute name="Current GC Util Change" value="13.000000"/>
  <attribute name="GC Util currently" value="13" />
  <attribute name="CPU Util currently" value="487139673835" />
<allocation-satisfied id="891" threadId="00000000013EA800" bytesRequested="16392" />
<af-end id="892" timestamp="2019-06-17T03:12:53.137" threadId="00000000013EB188" success="true" from="nursery"/>
<exclusive-end id="893" timestamp="2019-06-17T03:12:53.137" durationms="1.480" />

<exclusive-start id="894" timestamp="2019-06-17T03:12:53.140" intervalms="4.435">
  <response-info timems="0.058" idlems="0.035" threads="1" lastid="00000000013F6000" lastname="PmdThread 4" />
</exclusive-start>
<af-start id="895" threadId="00000000013EB188" totalBytesRequested="40" timestamp="2019-06-17T03:12:53.140" intervalms="4.426" type="nursery" />
<cycle-start id="896" type="scavenge" contextid="0" timestamp="2019-06-17T03:12:53.140" intervalms="4.424" />
<gc-start id="897" type="scavenge" contextid="896" timestamp="2019-06-17T03:12:53.140">
  <mem-info id="898" free="2083493192" total="2092630016" percent="99">
    <mem type="nursery" free="0" total="2097152" percent="0">
      <mem type="allocate" free="0" total="1245184" percent="0" />
      <mem type="survivor" free="0" total="851968" percent="0" />
    </mem>
    <mem type="tenure" free="2083493192" total="2090532864" percent="99">
      <mem type="soa" free="1978967368" total="1986007040" percent="99" />
      <mem type="loa" free="104525824" total="104525824" percent="100" />
    </mem>
    <remembered-set count="484" />
  </mem-info>
</gc-start>
<allocation-stats totalBytes="577968" >
  <allocated-bytes non-tlh="32784" tlh="545184" />
  <largest-consumer threadName="PmdThread 1" threadId="00000000013E6C00" bytes="249808" />
</allocation-stats>
<gc-op id="899" type="scavenge" timems="0.541" contextid="896" timestamp="2019-06-17T03:12:53.141">
  <scavenger-info tenureage="1" tenuremask="7ffe" tiltratio="59" />
  <memory-copied type="nursery" objects="2649" bytes="198040" bytesdiscarded="167744" />
  <memory-copied type="tenure" objects="3607" bytes="519928" bytesdiscarded="1240" />
  <references type="weak" candidates="31" cleared="31" enqueued="31" />
  <references type="phantom" candidates="3" cleared="3" enqueued="3" />
</gc-op>
<gc-end id="900" type="scavenge" contextid="896" durationms="0.903" usertimems="0.000" systemtimems="0.000" timestamp="2019-06-17T03:12:53.141" activeThreads="4">
  <mem-info id="901" free="2083888136" total="2092630016" percent="99">
    <mem type="nursery" free="879352" total="2097152" percent="41">
      <mem type="allocate" free="879352" total="1245184" percent="70" />
      <mem type="survivor" free="0" total="851968" percent="0" />
    </mem>
    <mem type="tenure" free="2083008784" total="2090532864" percent="99">
      <mem type="soa" free="1978482960" total="1986007040" percent="99" />
      <mem type="loa" free="104525824" total="104525824" percent="100" />
    </mem>
    <pending-finalizers system="0" default="0" reference="34" classloader="0" />
    <remembered-set count="175" />
  </mem-info>
</gc-end>
<cycle-end id="902" type="scavenge" contextid="896" timestamp="2019-06-17T03:12:53.141" />
  <attribute name="elasticGC enabled" value="1" />
  <attribute name= "numThreadsSpecified" value="4" />
  <attribute name="heapSize specified" value="8388608" />
  <attribute name="Current GC Util" value="30" />
  <attribute name= "Current Time Running" value="11710" />
  <attribute name ="GC Interval" value="200" />
  <attribute name="ProportionalT" value="15.000000" />
  <attribute name="ProportionalI" value="15.000000" />
  <attribute name="ProportionalH" value="15.000000" />
  <attribute name="Current Error" value="10.000000" />
  <attribute name="IntegralT" value="50.000000" />
  <attribute name="IntegralI" value="50.000000" />
  <attribute name="IntegralH" value="50.000000" />
  <attribute name="DerivativeT" value="3.000000" />
  <attribute name="DerivativeI" value="3.000000" />
  <attribute name="DerivativeH" value="3.000000" />
  <attribute name="Loop Time for DT" value="5.000000" />
  <attribute name="Output H" value="8388608"/>
  <attribute name="Output I" value="200"/>
  <attribute name="Output T" value="4"/>
  <attribute name="Target GC Util Change" value ="20.000000" />
  <attribute name="Current GC Util Change" value="30.000000"/>
  <attribute name="GC Util currently" value="30" />
  <attribute name="CPU Util currently" value="1045024311204" />
<allocation-satisfied id="903" threadId="00000000013EA800" bytesRequested="40" />
<af-end id="904" timestamp="2019-06-17T03:12:53.141" threadId="00000000013EB188" success="true" from="nursery"/>
<exclusive-end id="905" timestamp="2019-06-17T03:12:53.141" durationms="1.389" />

<exclusive-start id="906" timestamp="2019-06-17T03:12:53.148" intervalms="8.603">
  <response-info timems="0.059" idlems="0.059" threads="0" lastid="00000000013E6C00" lastname="PmdThread 1" />
</exclusive-start>
<af-start id="907" threadId="00000000013E7588" totalBytesRequested="16392" timestamp="2019-06-17T03:12:53.148" intervalms="8.591" type="nursery" />
<cycle-start id="908" type="scavenge" contextid="0" timestamp="2019-06-17T03:12:53.148" intervalms="8.568" />
<gc-start id="909" type="scavenge" contextid="908" timestamp="2019-06-17T03:12:53.148">
  <mem-info id="910" free="2083008784" total="2092630016" percent="99">
    <mem type="nursery" free="0" total="2097152" percent="0">
      <mem type="allocate" free="0" total="1245184" percent="0" />
      <mem type="survivor" free="0" total="851968" percent="0" />
    </mem>
    <mem type="tenure" free="2083008784" total="2090532864" percent="99">
      <mem type="soa" free="1978482960" total="1986007040" percent="99" />
      <mem type="loa" free="104525824" total="104525824" percent="100" />
    </mem>
    <remembered-set count="208" />
  </mem-info>
</gc-start>
<allocation-stats totalBytes="870208" >
  <allocated-bytes non-tlh="24632" tlh="845576" />
  <largest-consumer threadName="PmdThread 3" threadId="00000000013F2400" bytes="293528" />
</allocation-stats>
<gc-op id="911" type="scavenge" timems="0.395" contextid="908" timestamp="2019-06-17T03:12:53.149">
  <scavenger-info tenureage="1" tenuremask="7ffe" tiltratio="59" />
  <memory-copied type="nursery" objects="1934" bytes="215384" bytesdiscarded="84552" />
  <memory-copied type="tenure" objects="1634" bytes="97440" bytesdiscarded="80" />
  <references type="weak" candidates="37" cleared="37" enqueued="37" />
  <references type="phantom" candidates="4" cleared="3" enqueued="3" />
</gc-op>
<gc-end id="912" type="scavenge" contextid="908" durationms="0.690" usertimems="4.000" systemtimems="0.000" timestamp="2019-06-17T03:12:53.149" activeThreads="4">
  <mem-info id="913" free="2084021192" total="2092630016" percent="99">
    <mem type="nursery" free="1076168" total="2097152" percent="51">
      <mem type="allocate" free="1076168" total="1376256" percent="78" />
      <mem type="survivor" free="0" total="720896" percent="0" />
    </mem>
    <mem type="tenure" free="2082945024" total="2090532864" percent="99">
      <mem type="soa" free="1978419200" total="1986007040" percent="99" />
      <mem type="loa" free="104525824" total="104525824" percent="100" />
    </mem>
    <pending-finalizers system="0" default="0" reference="40" classloader="0" />
    <remembered-set count="138" />
  </mem-info>
</gc-end>
<cycle-end id="914" type="scavenge" contextid="908" timestamp="2019-06-17T03:12:53.149" />
  <attribute name="elasticGC enabled" value="1" />
  <attribute name= "numThreadsSpecified" value="4" />
  <attribute name="heapSize specified" value="8388608" />
  <attribute name="Current GC Util" value="16" />
  <attribute name= "Current Time Running" value="11718" />
  <attribute name ="GC Interval" value="200" />
  <attribute name="ProportionalT" value="-6.000000" />
  <attribute name="ProportionalI" value="-6.000000" />
  <attribute name="ProportionalH" value="-6.000000" />
  <attribute name="Current Error" value="-4.000000" />
  <attribute name="IntegralT" value="-32.000000" />
  <attribute name="IntegralI" value="-32.000000" />
  <attribute name="IntegralH" value="-32.000000" />
  <attribute name="DerivativeT" value="-2.625000" />
  <attribute name="DerivativeI" value="-2.625000" />
  <attribute name="DerivativeH" value="-2.625000" />
  <attribute name="Loop Time for DT" value="8.000000" />
  <attribute name="Output H" value="2092630016"/>
  <attribute name="Output I" value="200"/>
  <attribute name="Output T" value="4"/>
  <attribute name="Target GC Util Change" value ="20.000000" />
  <attribute name="Current GC Util Change" value="16.000000"/>
  <attribute name="GC Util currently" value="16" />
  <attribute name="CPU Util currently" value="537636726983" />
<allocation-satisfied id="915" threadId="00000000013E6C00" bytesRequested="16392" />
<af-end id="916" timestamp="2019-06-17T03:12:53.149" threadId="00000000013E7588" success="true" from="nursery"/>
<exclusive-end id="917" timestamp="2019-06-17T03:12:53.149" durationms="1.113" />

<exclusive-start id="918" timestamp="2019-06-17T03:12:53.156" intervalms="7.803">
  <response-info timems="0.072" idlems="0.072" threads="0" lastid="00000000013E6C00" lastname="PmdThread 1" />
</exclusive-start>
<af-start id="919" threadId="00000000013E7588" totalBytesRequested="40" timestamp="2019-06-17T03:12:53.156" intervalms="7.826" type="nursery" />
<cycle-start id="920" type="scavenge" contextid="0" timestamp="2019-06-17T03:12:53.156" intervalms="7.847" />
<gc-start id="921" type="scavenge" contextid="920" timestamp="2019-06-17T03:12:53.156">
  <mem-info id="922" free="2082945024" total="2092630016" percent="99">
    <mem type="nursery" free="0" total="2097152" percent="0">
      <mem type="allocate" free="0" total="1376256" percent="0" />
      <mem type="survivor" free="0" total="720896" percent="0" />
    </mem>
    <mem type="tenure" free="2082945024" total="2090532864" percent="99">
      <mem type="soa" free="1978419200" total="1986007040" percent="99" />
      <mem type="loa" free="104525824" total="104525824" percent="100" />
    </mem>
    <remembered-set count="167" />
  </mem-info>
</gc-start>
<allocation-stats totalBytes="1074744" >
  <allocated-bytes non-tlh="49176" tlh="1025568" />
  <largest-consumer threadName="PmdThread 2" threadId="00000000013EA800" bytes="393032" />
</allocation-stats>
<gc-op id="923" type="scavenge" timems="0.377" contextid="920" timestamp="2019-06-17T03:12:53.157">
  <scavenger-info tenureage="1" tenuremask="7ffe" tiltratio="65" />
  <memory-copied type="nursery" objects="2665" bytes="268448" bytesdiscarded="181152" />
  <memory-copied type="tenure" objects="952" bytes="92288" bytesdiscarded="16" />
  <references type="weak" candidates="46" cleared="46" enqueued="46" />
  <references type="phantom" candidates="4" cleared="4" enqueued="4" />
</gc-op>
<gc-end id="924" type="scavenge" contextid="920" durationms="0.578" usertimems="0.000" systemtimems="0.000" timestamp="2019-06-17T03:12:53.157" activeThreads="4">
  <mem-info id="925" free="2083739520" total="2092630016" percent="99">
    <mem type="nursery" free="991656" total="2097152" percent="47">
      <mem type="allocate" free="991656" total="1441792" percent="68" />
      <mem type="survivor" free="0" total="655360" percent="0" />
    </mem>
    <mem type="tenure" free="2082747864" total="2090532864" percent="99">
      <mem type="soa" free="1978222040" total="1986007040" percent="99" />
      <mem type="loa" free="104525824" total="104525824" percent="100" />
    </mem>
    <pending-finalizers system="0" default="0" reference="50" classloader="0" />
    <remembered-set count="141" />
  </mem-info>
</gc-end>
<cycle-end id="926" type="scavenge" contextid="920" timestamp="2019-06-17T03:12:53.157" />
  <attribute name="elasticGC enabled" value="1" />
  <attribute name= "numThreadsSpecified" value="4" />
  <attribute name="heapSize specified" value="8388608" />
  <attribute name="Current GC Util" value="12" />
  <attribute name= "Current Time Running" value="11726" />
  <attribute name ="GC Interval" value="200" />
  <attribute name="ProportionalT" value="-12.000000" />
  <attribute name="ProportionalI" value="-12.000000" />
  <attribute name="ProportionalH" value="-12.000000" />
  <attribute name="Current Error" value="-8.000000" />
  <attribute name="IntegralT" value="-64.000000" />
  <attribute name="IntegralI" value="-64.000000" />
  <attribute name="IntegralH" value="-64.000000" />
  <attribute name="DerivativeT" value="-1.500000" />
  <attribute name="DerivativeI" value="-1.500000" />
  <attribute name="DerivativeH" value="-1.500000" />
  <attribute name="Loop Time for DT" value="8.000000" />
  <attribute name="Output H" value="2092630016"/>
  <attribute name="Output I" value="200"/>
  <attribute name="Output T" value="4"/>
  <attribute name="Target GC Util Change" value ="20.000000" />
  <attribute name="Current GC Util Change" value="12.000000"/>
  <attribute name="GC Util currently" value="12" />
  <attribute name="CPU Util currently" value="588338947531" />
<allocation-satisfied id="927" threadId="00000000013E6C00" bytesRequested="40" />
<af-end id="928" timestamp="2019-06-17T03:12:53.157" threadId="00000000013E7588" success="true" from="nursery"/>
<exclusive-end id="929" timestamp="2019-06-17T03:12:53.157" durationms="1.076" />

<exclusive-start id="930" timestamp="2019-06-17T03:12:53.164" intervalms="7.711">
  <response-info timems="0.122" idlems="0.053" threads="2" lastid="00000000013F2400" lastname="PmdThread 3" />
</exclusive-start>
<af-start id="931" threadId="00000000013F6988" totalBytesRequested="16392" timestamp="2019-06-17T03:12:53.164" intervalms="7.695" type="nursery" />
<cycle-start id="932" type="scavenge" contextid="0" timestamp="2019-06-17T03:12:53.164" intervalms="7.687" />
<gc-start id="933" type="scavenge" contextid="932" timestamp="2019-06-17T03:12:53.164">
  <mem-info id="934" free="2082747864" total="2092630016" percent="99">
    <mem type="nursery" free="0" total="2097152" percent="0">
      <mem type="allocate" free="0" total="1441792" percent="0" />
      <mem type="survivor" free="0" total="655360" percent="0" />
    </mem>
    <mem type="tenure" free="2082747864" total="2090532864" percent="99">
      <mem type="soa" free="1978222040" total="1986007040" percent="99" />
      <mem type="loa" free="104525824" total="104525824" percent="100" />
    </mem>
    <remembered-set count="172" />
  </mem-info>
</gc-start>
<allocation-stats totalBytes="975584" >
  <allocated-bytes non-tlh="16432" tlh="959152" />
  <largest-consumer threadName="PmdThread 3" threadId="00000000013F2400" bytes="352064" />
</allocation-stats>
<gc-op id="935" type="scavenge" timems="0.842" contextid="932" timestamp="2019-06-17T03:12:53.165">
  <scavenger-info tenureage="1" tenuremask="7ffe" tiltratio="68" />
  <memory-copied type="nursery" objects="4049" bytes="463768" bytesdiscarded="45704" />
  <memory-copied type="tenure" objects="1772" bytes="176600" bytesdiscarded="272" />
  <references type="weak" candidates="12" cleared="12" enqueued="12" />
  <references type="phantom" candidates="3" cleared="2" enqueued="2" />
</gc-op>
<gc-end id="936" type="scavenge" contextid="932" durationms="1.022" usertimems="0.000" systemtimems="0.000" timestamp="2019-06-17T03:12:53.165" activeThreads="4">
  <mem-info id="937" free="2083458448" total="2092630016" percent="99">
    <mem type="nursery" free="866504" total="2097152" percent="41">
      <mem type="allocate" free="866504" total="1376256" percent="62" />
      <mem type="survivor" free="0" total="720896" percent="0" />
    </mem>
    <mem type="tenure" free="2082591944" total="2090532864" percent="99">
      <mem type="soa" free="1978066120" total="1986007040" percent="99" />
      <mem type="loa" free="104525824" total="104525824" percent="100" />
    </mem>
    <pending-finalizers system="0" default="0" reference="14" classloader="0" />
    <remembered-set count="139" />
  </mem-info>
</gc-end>
<cycle-end id="938" type="scavenge" contextid="932" timestamp="2019-06-17T03:12:53.165" />
  <attribute name="elasticGC enabled" value="1" />
  <attribute name= "numThreadsSpecified" value="4" />
  <attribute name="heapSize specified" value="8388608" />
  <attribute name="Current GC Util" value="13" />
  <attribute name= "Current Time Running" value="11734" />
  <attribute name ="GC Interval" value="200" />
  <attribute name="ProportionalT" value="-10.500000" />
  <attribute name="ProportionalI" value="-10.500000" />
  <attribute name="ProportionalH" value="-10.500000" />
  <attribute name="Current Error" value="-7.000000" />
  <attribute name="IntegralT" value="-56.000000" />
  <attribute name="IntegralI" value="-56.000000" />
  <attribute name="IntegralH" value="-56.000000" />
  <attribute name="DerivativeT" value="-1.312500" />
  <attribute name="DerivativeI" value="-1.312500" />
  <attribute name="DerivativeH" value="-1.312500" />
  <attribute name="Loop Time for DT" value="8.000000" />
  <attribute name="Output H" value="2092630016"/>
  <attribute name="Output I" value="200"/>
  <attribute name="Output T" value="4"/>
  <attribute name="Target GC Util Change" value ="20.000000" />
  <attribute name="Current GC Util Change" value="13.000000"/>
  <attribute name="GC Util currently" value="13" />
  <attribute name="CPU Util currently" value="601948139050" />
<allocation-satisfied id="939" threadId="00000000013F6000" bytesRequested="16392" />
<af-end id="940" timestamp="2019-06-17T03:12:53.165" threadId="00000000013F6988" success="true" from="nursery"/>
<exclusive-end id="941" timestamp="2019-06-17T03:12:53.165" durationms="1.438" />

<exclusive-start id="942" timestamp="2019-06-17T03:12:53.172" intervalms="8.301">
  <response-info timems="0.040" idlems="0.040" threads="0" lastid="00000000013E6C00" lastname="PmdThread 1" />
</exclusive-start>
<af-start id="943" threadId="00000000013E7588" totalBytesRequested="8200" timestamp="2019-06-17T03:12:53.172" intervalms="8.307" type="nursery" />
<cycle-start id="944" type="scavenge" contextid="0" timestamp="2019-06-17T03:12:53.172" intervalms="8.292" />
<gc-start id="945" type="scavenge" contextid="944" timestamp="2019-06-17T03:12:53.172">
  <mem-info id="946" free="2082591944" total="2092630016" percent="99">
    <mem type="nursery" free="0" total="2097152" percent="0">
      <mem type="allocate" free="0" total="1376256" percent="0" />
      <mem type="survivor" free="0" total="720896" percent="0" />
    </mem>
    <mem type="tenure" free="2082591944" total="2090532864" percent="99">
      <mem type="soa" free="1978066120" total="1986007040" percent="99" />
      <mem type="loa" free="104525824" total="104525824" percent="100" />
    </mem>
    <remembered-set count="171" />
  </mem-info>
</gc-start>
<allocation-stats totalBytes="840704" >
  <allocated-bytes non-tlh="16392" tlh="824312" />
  <largest-consumer threadName="PmdThread 4" threadId="00000000013F6000" bytes="310856" />
</allocation-stats>
<gc-op id="947" type="scavenge" timems="0.537" contextid="944" timestamp="2019-06-17T03:12:53.173">
  <scavenger-info tenureage="1" tenuremask="7ffe" tiltratio="65" />
  <memory-copied type="nursery" objects="2563" bytes="287192" bytesdiscarded="105136" />
  <memory-copied type="tenure" objects="2456" bytes="285888" bytesdiscarded="176" />
  <references type="weak" candidates="32" cleared="32" enqueued="32" />
  <references type="phantom" candidates="5" cleared="4" enqueued="4" />
</gc-op>
<gc-end id="948" type="scavenge" contextid="944" durationms="1.196" usertimems="4.000" systemtimems="0.000" timestamp="2019-06-17T03:12:53.173" activeThreads="4">
  <mem-info id="949" free="2083355208" total="2092630016" percent="99">
    <mem type="nursery" free="1049288" total="2097152" percent="50">
      <mem type="allocate" free="1049288" total="1441792" percent="72" />
      <mem type="survivor" free="0" total="655360" percent="0" />
    </mem>
    <mem type="tenure" free="2082305920" total="2090532864" percent="99">
      <mem type="soa" free="1977780096" total="1986007040" percent="99" />
      <mem type="loa" free="104525824" total="104525824" percent="100" />
    </mem>
    <pending-finalizers system="0" default="0" reference="36" classloader="0" />
    <remembered-set count="149" />
  </mem-info>
</gc-end>
<cycle-end id="950" type="scavenge" contextid="944" timestamp="2019-06-17T03:12:53.174" />
  <attribute name="elasticGC enabled" value="1" />
  <attribute name= "numThreadsSpecified" value="4" />
  <attribute name="heapSize specified" value="8388608" />
  <attribute name="Current GC Util" value="19" />
  <attribute name= "Current Time Running" value="11743" />
  <attribute name ="GC Interval" value="200" />
  <attribute name="ProportionalT" value="-1.500000" />
  <attribute name="ProportionalI" value="-1.500000" />
  <attribute name="ProportionalH" value="-1.500000" />
  <attribute name="Current Error" value="-1.000000" />
  <attribute name="IntegralT" value="-9.000000" />
  <attribute name="IntegralI" value="-9.000000" />
  <attribute name="IntegralH" value="-9.000000" />
  <attribute name="DerivativeT" value="-0.166667" />
  <attribute name="DerivativeI" value="-0.166667" />
  <attribute name="DerivativeH" value="-0.166667" />
  <attribute name="Loop Time for DT" value="9.000000" />
  <attribute name="Output H" value="2092630016"/>
  <attribute name="Output I" value="200"/>
  <attribute name="Output T" value="4"/>
  <attribute name="Target GC Util Change" value ="20.000000" />
  <attribute name="Current GC Util Change" value="19.000000"/>
  <attribute name="GC Util currently" value="19" />
  <attribute name="CPU Util currently" value="527358169081" />
<allocation-satisfied id="951" threadId="00000000013E6C00" bytesRequested="8200" />
<af-end id="952" timestamp="2019-06-17T03:12:53.174" threadId="00000000013E7588" success="true" from="nursery"/>
<exclusive-end id="953" timestamp="2019-06-17T03:12:53.174" durationms="1.600" />

<exclusive-start id="954" timestamp="2019-06-17T03:12:53.180" intervalms="8.220">
  <response-info timems="0.071" idlems="0.027" threads="2" lastid="00000000013EA800" lastname="PmdThread 2" />
</exclusive-start>
<af-start id="955" threadId="00000000013F2D88" totalBytesRequested="16392" timestamp="2019-06-17T03:12:53.180" intervalms="8.218" type="nursery" />
<cycle-start id="956" type="scavenge" contextid="0" timestamp="2019-06-17T03:12:53.180" intervalms="8.239" />
<gc-start id="957" type="scavenge" contextid="956" timestamp="2019-06-17T03:12:53.181">
  <mem-info id="958" free="2082305920" total="2092630016" percent="99">
    <mem type="nursery" free="0" total="2097152" percent="0">
      <mem type="allocate" free="0" total="1441792" percent="0" />
      <mem type="survivor" free="0" total="655360" percent="0" />
    </mem>
    <mem type="tenure" free="2082305920" total="2090532864" percent="99">
      <mem type="soa" free="1977780096" total="1986007040" percent="99" />
      <mem type="loa" free="104525824" total="104525824" percent="100" />
    </mem>
    <remembered-set count="175" />
  </mem-info>
</gc-start>
<allocation-stats totalBytes="1029176" >
  <allocated-bytes non-tlh="24592" tlh="1004584" />
  <largest-consumer threadName="PmdThread 4" threadId="00000000013F6000" bytes="335584" />
</allocation-stats>
<gc-op id="959" type="scavenge" timems="0.487" contextid="956" timestamp="2019-06-17T03:12:53.181">
  <scavenger-info tenureage="1" tenuremask="7ffe" tiltratio="68" />
  <memory-copied type="nursery" objects="3987" bytes="430824" bytesdiscarded="215840" />
  <memory-copied type="tenure" objects="1702" bytes="187120" bytesdiscarded="0" />
  <references type="weak" candidates="21" cleared="21" enqueued="21" />
  <references type="phantom" candidates="8" cleared="5" enqueued="5" />
</gc-op>
<gc-end id="960" type="scavenge" contextid="956" durationms="0.851" usertimems="0.000" systemtimems="0.000" timestamp="2019-06-17T03:12:53.181" activeThreads="4">
  <mem-info id="961" free="2082874944" total="2092630016" percent="99">
    <mem type="nursery" free="794832" total="2097152" percent="37">
      <mem type="allocate" free="794832" total="1441792" percent="55" />
      <mem type="survivor" free="0" total="655360" percent="0" />
    </mem>
    <mem type="tenure" free="2082080112" total="2090532864" percent="99">
      <mem type="soa" free="1977554288" total="1986007040" percent="99" />
      <mem type="loa" free="104525824" total="104525824" percent="100" />
    </mem>
    <pending-finalizers system="0" default="0" reference="26" classloader="0" />
    <remembered-set count="134" />
  </mem-info>
</gc-end>
<cycle-end id="962" type="scavenge" contextid="956" timestamp="2019-06-17T03:12:53.181" />
  <attribute name="elasticGC enabled" value="1" />
  <attribute name= "numThreadsSpecified" value="4" />
  <attribute name="heapSize specified" value="8388608" />
  <attribute name="Current GC Util" value="15" />
  <attribute name= "Current Time Running" value="11750" />
  <attribute name ="GC Interval" value="200" />
  <attribute name="ProportionalT" value="-7.500000" />
  <attribute name="ProportionalI" value="-7.500000" />
  <attribute name="ProportionalH" value="-7.500000" />
  <attribute name="Current Error" value="-5.000000" />
  <attribute name="IntegralT" value="-35.000000" />
  <attribute name="IntegralI" value="-35.000000" />
  <attribute name="IntegralH" value="-35.000000" />
  <attribute name="DerivativeT" value="-1.071429" />
  <attribute name="DerivativeI" value="-1.071429" />
  <attribute name="DerivativeH" value="-1.071429" />
  <attribute name="Loop Time for DT" value="7.000000" />
  <attribute name="Output H" value="2092630016"/>
  <attribute name="Output I" value="200"/>
  <attribute name="Output T" value="4"/>
  <attribute name="Target GC Util Change" value ="20.000000" />
  <attribute name="Current GC Util Change" value="15.000000"/>
  <attribute name="GC Util currently" value="15" />
  <attribute name="CPU Util currently" value="590561817898" />
<allocation-satisfied id="963" threadId="00000000013F2400" bytesRequested="16392" />
<af-end id="964" timestamp="2019-06-17T03:12:53.182" threadId="00000000013F2D88" success="true" from="nursery"/>
<exclusive-end id="965" timestamp="2019-06-17T03:12:53.182" durationms="1.302" />

<exclusive-start id="966" timestamp="2019-06-17T03:12:53.185" intervalms="5.087">
  <response-info timems="0.039" idlems="0.039" threads="0" lastid="00000000013E6C00" lastname="PmdThread 1" />
</exclusive-start>
<af-start id="967" threadId="00000000013E7588" totalBytesRequested="16392" timestamp="2019-06-17T03:12:53.186" intervalms="5.090" type="nursery" />
<cycle-start id="968" type="scavenge" contextid="0" timestamp="2019-06-17T03:12:53.186" intervalms="5.114" />
<gc-start id="969" type="scavenge" contextid="968" timestamp="2019-06-17T03:12:53.186">
  <mem-info id="970" free="2082080112" total="2092630016" percent="99">
    <mem type="nursery" free="0" total="2097152" percent="0">
      <mem type="allocate" free="0" total="1441792" percent="0" />
      <mem type="survivor" free="0" total="655360" percent="0" />
    </mem>
    <mem type="tenure" free="2082080112" total="2090532864" percent="99">
      <mem type="soa" free="1977554288" total="1986007040" percent="99" />
      <mem type="loa" free="104525824" total="104525824" percent="100" />
    </mem>
    <remembered-set count="155" />
  </mem-info>
</gc-start>
<allocation-stats totalBytes="789440" >
  <allocated-bytes non-tlh="32784" tlh="756656" />
  <largest-consumer threadName="PmdThread 4" threadId="00000000013F6000" bytes="286576" />
</allocation-stats>
<gc-op id="971" type="scavenge" timems="0.505" contextid="968" timestamp="2019-06-17T03:12:53.187">
  <scavenger-info tenureage="1" tenuremask="7ffe" tiltratio="68" />
  <memory-copied type="nursery" objects="3774" bytes="250440" bytesdiscarded="94904" />
  <memory-copied type="tenure" objects="2162" bytes="221840" bytesdiscarded="8" />
  <references type="weak" candidates="16" cleared="16" enqueued="16" />
  <references type="phantom" candidates="3" cleared="2" enqueued="2" />
</gc-op>
<gc-end id="972" type="scavenge" contextid="968" durationms="1.118" usertimems="0.000" systemtimems="0.000" timestamp="2019-06-17T03:12:53.187" activeThreads="4">
  <mem-info id="973" free="2082939944" total="2092630016" percent="99">
    <mem type="nursery" free="1096160" total="2097152" percent="52">
      <mem type="allocate" free="1096160" total="1441792" percent="76" />
      <mem type="survivor" free="0" total="655360" percent="0" />
    </mem>
    <mem type="tenure" free="2081843784" total="2090532864" percent="99">
      <mem type="soa" free="1977317960" total="1986007040" percent="99" />
      <mem type="loa" free="104525824" total="104525824" percent="100" />
    </mem>
    <pending-finalizers system="0" default="0" reference="18" classloader="0" />
    <remembered-set count="244" />
  </mem-info>
</gc-end>
<cycle-end id="974" type="scavenge" contextid="968" timestamp="2019-06-17T03:12:53.187" />
  <attribute name="elasticGC enabled" value="1" />
  <attribute name= "numThreadsSpecified" value="4" />
  <attribute name="heapSize specified" value="8388608" />
  <attribute name="Current GC Util" value="22" />
  <attribute name= "Current Time Running" value="11756" />
  <attribute name ="GC Interval" value="200" />
  <attribute name="ProportionalT" value="3.000000" />
  <attribute name="ProportionalI" value="3.000000" />
  <attribute name="ProportionalH" value="3.000000" />
  <attribute name="Current Error" value="2.000000" />
  <attribute name="IntegralT" value="12.000000" />
  <attribute name="IntegralI" value="12.000000" />
  <attribute name="IntegralH" value="12.000000" />
  <attribute name="DerivativeT" value="0.500000" />
  <attribute name="DerivativeI" value="0.500000" />
  <attribute name="DerivativeH" value="0.500000" />
  <attribute name="Loop Time for DT" value="6.000000" />
  <attribute name="Output H" value="8388608"/>
  <attribute name="Output I" value="200"/>
  <attribute name="Output T" value="4"/>
  <attribute name="Target GC Util Change" value ="20.000000" />
  <attribute name="Current GC Util Change" value="22.000000"/>
  <attribute name="GC Util currently" value="22" />
  <attribute name="CPU Util currently" value="831021412378" />
<allocation-satisfied id="975" threadId="00000000013E6C00" bytesRequested="16392" />
<af-end id="976" timestamp="2019-06-17T03:12:53.187" threadId="00000000013E7588" success="true" from="nursery"/>
<exclusive-end id="977" timestamp="2019-06-17T03:12:53.187" durationms="1.624" />

<exclusive-start id="978" timestamp="2019-06-17T03:12:53.191" intervalms="5.706">
  <response-info timems="0.042" idlems="0.023" threads="1" lastid="00000000013F2400" lastname="PmdThread 3" />
</exclusive-start>
<af-start id="979" threadId="00000000013EB188" totalBytesRequested="16" timestamp="2019-06-17T03:12:53.191" intervalms="5.785" type="nursery" />
<cycle-start id="980" type="scavenge" contextid="0" timestamp="2019-06-17T03:12:53.191" intervalms="5.740" />
<gc-start id="981" type="scavenge" contextid="980" timestamp="2019-06-17T03:12:53.191">
  <mem-info id="982" free="2081843784" total="2092630016" percent="99">
    <mem type="nursery" free="0" total="2097152" percent="0">
      <mem type="allocate" free="0" total="1441792" percent="0" />
      <mem type="survivor" free="0" total="655360" percent="0" />
    </mem>
    <mem type="tenure" free="2081843784" total="2090532864" percent="99">
      <mem type="soa" free="1977317960" total="1986007040" percent="99" />
      <mem type="loa" free="104525824" total="104525824" percent="100" />
    </mem>
    <remembered-set count="311" />
  </mem-info>
</gc-start>
<allocation-stats totalBytes="1093976" >
  <allocated-bytes non-tlh="49176" tlh="1044800" />
  <largest-consumer threadName="PmdThread 2" threadId="00000000013EA800" bytes="461376" />
</allocation-stats>
<gc-op id="983" type="scavenge" timems="0.485" contextid="980" timestamp="2019-06-17T03:12:53.192">
  <scavenger-info tenureage="1" tenuremask="7ffe" tiltratio="68" />
  <memory-copied type="nursery" objects="2885" bytes="268840" bytesdiscarded="232200" />
  <memory-copied type="tenure" objects="2964" bytes="154432" bytesdiscarded="48" />
  <references type="weak" candidates="60" cleared="60" enqueued="60" />
  <references type="phantom" candidates="5" cleared="4" enqueued="4" />
</gc-op>
<gc-end id="984" type="scavenge" contextid="980" durationms="0.854" usertimems="0.000" systemtimems="0.000" timestamp="2019-06-17T03:12:53.192" activeThreads="4">
  <mem-info id="985" free="2082677496" total="2092630016" percent="99">
    <mem type="nursery" free="1006024" total="2097152" percent="47">
      <mem type="allocate" free="1006024" total="1507328" percent="66" />
      <mem type="survivor" free="0" total="589824" percent="0" />
    </mem>
    <mem type="tenure" free="2081671472" total="2090532864" percent="99">
      <mem type="soa" free="1977145648" total="1986007040" percent="99" />
      <mem type="loa" free="104525824" total="104525824" percent="100" />
    </mem>
    <pending-finalizers system="0" default="0" reference="64" classloader="0" />
    <remembered-set count="128" />
  </mem-info>
</gc-end>
<cycle-end id="986" type="scavenge" contextid="980" timestamp="2019-06-17T03:12:53.192" />
  <attribute name="elasticGC enabled" value="1" />
  <attribute name= "numThreadsSpecified" value="4" />
  <attribute name="heapSize specified" value="8388608" />
  <attribute name="Current GC Util" value="23" />
  <attribute name= "Current Time Running" value="11761" />
  <attribute name ="GC Interval" value="200" />
  <attribute name="ProportionalT" value="4.500000" />
  <attribute name="ProportionalI" value="4.500000" />
  <attribute name="ProportionalH" value="4.500000" />
  <attribute name="Current Error" value="3.000000" />
  <attribute name="IntegralT" value="15.000000" />
  <attribute name="IntegralI" value="15.000000" />
  <attribute name="IntegralH" value="15.000000" />
  <attribute name="DerivativeT" value="0.300000" />
  <attribute name="DerivativeI" value="0.300000" />
  <attribute name="DerivativeH" value="0.300000" />
  <attribute name="Loop Time for DT" value="5.000000" />
  <attribute name="Output H" value="8388608"/>
  <attribute name="Output I" value="200"/>
  <attribute name="Output T" value="4"/>
  <attribute name="Target GC Util Change" value ="20.000000" />
  <attribute name="Current GC Util Change" value="23.000000"/>
  <attribute name="GC Util currently" value="23" />
  <attribute name="CPU Util currently" value="868800827268" />
<allocation-satisfied id="987" threadId="00000000013EA800" bytesRequested="16" />
<af-end id="988" timestamp="2019-06-17T03:12:53.192" threadId="00000000013EB188" success="true" from="nursery"/>
<exclusive-end id="989" timestamp="2019-06-17T03:12:53.193" durationms="1.360" />

<exclusive-start id="990" timestamp="2019-06-17T03:12:53.198" intervalms="6.565">
  <response-info timems="0.040" idlems="0.040" threads="0" lastid="00000000013F2400" lastname="PmdThread 3" />
</exclusive-start>
<af-start id="991" threadId="00000000013F2D88" totalBytesRequested="136" timestamp="2019-06-17T03:12:53.198" intervalms="6.514" type="nursery" />
<cycle-start id="992" type="scavenge" contextid="0" timestamp="2019-06-17T03:12:53.198" intervalms="6.568" />
<gc-start id="993" type="scavenge" contextid="992" timestamp="2019-06-17T03:12:53.198">
  <mem-info id="994" free="2081671472" total="2092630016" percent="99">
    <mem type="nursery" free="0" total="2097152" percent="0">
      <mem type="allocate" free="0" total="1507328" percent="0" />
      <mem type="survivor" free="0" total="589824" percent="0" />
    </mem>
    <mem type="tenure" free="2081671472" total="2090532864" percent="99">
      <mem type="soa" free="1977145648" total="1986007040" percent="99" />
      <mem type="loa" free="104525824" total="104525824" percent="100" />
    </mem>
    <remembered-set count="151" />
  </mem-info>
</gc-start>
<allocation-stats totalBytes="995048" >
  <allocated-bytes non-tlh="16408" tlh="978640" />
  <largest-consumer threadName="PmdThread 3" threadId="00000000013F2400" bytes="286448" />
</allocation-stats>
<gc-op id="995" type="scavenge" timems="0.579" contextid="992" timestamp="2019-06-17T03:12:53.199">
  <scavenger-info tenureage="1" tenuremask="7ffe" tiltratio="71" />
  <memory-copied type="nursery" objects="2761" bytes="283616" bytesdiscarded="49592" />
  <memory-copied type="tenure" objects="1370" bytes="149096" bytesdiscarded="8" />
  <references type="weak" candidates="29" cleared="29" enqueued="29" />
  <references type="phantom" candidates="4" cleared="3" enqueued="3" />
</gc-op>
<gc-end id="996" type="scavenge" contextid="992" durationms="1.139" usertimems="0.000" systemtimems="0.000" timestamp="2019-06-17T03:12:53.199" activeThreads="4">
  <mem-info id="997" free="2082822608" total="2092630016" percent="99">
    <mem type="nursery" free="1239488" total="2097152" percent="59">
      <mem type="allocate" free="1239488" total="1572864" percent="78" />
      <mem type="survivor" free="0" total="524288" percent="0" />
    </mem>
    <mem type="tenure" free="2081583120" total="2090532864" percent="99">
      <mem type="soa" free="1977057296" total="1986007040" percent="99" />
      <mem type="loa" free="104525824" total="104525824" percent="100" />
    </mem>
    <pending-finalizers system="0" default="0" reference="32" classloader="0" />
    <remembered-set count="215" />
  </mem-info>
</gc-end>
<cycle-end id="998" type="scavenge" contextid="992" timestamp="2019-06-17T03:12:53.199" />
  <attribute name="elasticGC enabled" value="1" />
  <attribute name= "numThreadsSpecified" value="4" />
  <attribute name="heapSize specified" value="8388608" />
  <attribute name="Current GC Util" value="17" />
  <attribute name= "Current Time Running" value="11768" />
  <attribute name ="GC Interval" value="200" />
  <attribute name="ProportionalT" value="-4.500000" />
  <attribute name="ProportionalI" value="-4.500000" />
  <attribute name="ProportionalH" value="-4.500000" />
  <attribute name="Current Error" value="-3.000000" />
  <attribute name="IntegralT" value="-21.000000" />
  <attribute name="IntegralI" value="-21.000000" />
  <attribute name="IntegralH" value="-21.000000" />
  <attribute name="DerivativeT" value="-1.285714" />
  <attribute name="DerivativeI" value="-1.285714" />
  <attribute name="DerivativeH" value="-1.285714" />
  <attribute name="Loop Time for DT" value="7.000000" />
  <attribute name="Output H" value="2092630016"/>
  <attribute name="Output I" value="200"/>
  <attribute name="Output T" value="4"/>
  <attribute name="Target GC Util Change" value ="20.000000" />
  <attribute name="Current GC Util Change" value="17.000000"/>
  <attribute name="GC Util currently" value="17" />
  <attribute name="CPU Util currently" value="698474990666" />
<allocation-satisfied id="999" threadId="00000000013F2400" bytesRequested="136" />
<af-end id="1000" timestamp="2019-06-17T03:12:53.199" threadId="00000000013F2D88" success="true" from="nursery"/>
<exclusive-end id="1001" timestamp="2019-06-17T03:12:53.199" durationms="1.749" />

<exclusive-start id="1002" timestamp="2019-06-17T03:12:53.206" intervalms="7.896">
  <response-info timems="0.055" idlems="0.055" threads="0" lastid="00000000013F6000" lastname="PmdThread 4" />
</exclusive-start>
<af-start id="1003" threadId="00000000013F6988" totalBytesRequested="16" timestamp="2019-06-17T03:12:53.206" intervalms="7.888" type="nursery" />
<cycle-start id="1004" type="scavenge" contextid="0" timestamp="2019-06-17T03:12:53.206" intervalms="8.328" />
<gc-start id="1005" type="scavenge" contextid="1004" timestamp="2019-06-17T03:12:53.206">
  <mem-info id="1006" free="2081583120" total="2092630016" percent="99">
    <mem type="nursery" free="0" total="2097152" percent="0">
      <mem type="allocate" free="0" total="1572864" percent="0" />
      <mem type="survivor" free="0" total="524288" percent="0" />
    </mem>
    <mem type="tenure" free="2081583120" total="2090532864" percent="99">
      <mem type="soa" free="1977057296" total="1986007040" percent="99" />
      <mem type="loa" free="104525824" total="104525824" percent="100" />
    </mem>
    <remembered-set count="248" />
  </mem-info>
</gc-start>
<allocation-stats totalBytes="1237864" >
  <allocated-bytes non-tlh="16528" tlh="1221336" />
  <largest-consumer threadName="PmdThread 3" threadId="00000000013F2400" bytes="431672" />
</allocation-stats>
<gc-op id="1007" type="scavenge" timems="1.188" contextid="1004" timestamp="2019-06-17T03:12:53.208">
  <scavenger-info tenureage="1" tenuremask="7ffe" tiltratio="75" />
  <memory-copied type="nursery" objects="3438" bytes="310608" bytesdiscarded="83800" />
  <memory-copied type="tenure" objects="2652" bytes="264992" bytesdiscarded="48" />
  <references type="weak" candidates="47" cleared="47" enqueued="47" />
  <references type="phantom" candidates="4" cleared="2" enqueued="2" />
</gc-op>
<gc-end id="1008" type="scavenge" contextid="1004" durationms="1.376" usertimems="4.000" systemtimems="0.000" timestamp="2019-06-17T03:12:53.208" activeThreads="4">
  <mem-info id="1009" free="2082471848" total="2092630016" percent="99">
    <mem type="nursery" free="1178296" total="2097152" percent="56">
      <mem type="allocate" free="1178296" total="1572864" percent="74" />
      <mem type="survivor" free="0" total="524288" percent="0" />
    </mem>
    <mem type="tenure" free="2081293552" total="2090532864" percent="99">
      <mem type="soa" free="1976767728" total="1986007040" percent="99" />
      <mem type="loa" free="104525824" total="104525824" percent="100" />
    </mem>
    <pending-finalizers system="0" default="0" reference="49" classloader="0" />
    <remembered-set count="164" />
  </mem-info>
</gc-end>
<cycle-end id="1010" type="scavenge" contextid="1004" timestamp="2019-06-17T03:12:53.208" />
  <attribute name="elasticGC enabled" value="1" />
  <attribute name= "numThreadsSpecified" value="4" />
  <attribute name="heapSize specified" value="8388608" />
  <attribute name="Current GC Util" value="14" />
  <attribute name= "Current Time Running" value="11776" />
  <attribute name ="GC Interval" value="200" />
  <attribute name="ProportionalT" value="-9.000000" />
  <attribute name="ProportionalI" value="-9.000000" />
  <attribute name="ProportionalH" value="-9.000000" />
  <attribute name="Current Error" value="-6.000000" />
  <attribute name="IntegralT" value="-48.000000" />
  <attribute name="IntegralI" value="-48.000000" />
  <attribute name="IntegralH" value="-48.000000" />
  <attribute name="DerivativeT" value="-1.125000" />
  <attribute name="DerivativeI" value="-1.125000" />
  <attribute name="DerivativeH" value="-1.125000" />
  <attribute name="Loop Time for DT" value="8.000000" />
  <attribute name="Output H" value="2092630016"/>
  <attribute name="Output I" value="200"/>
  <attribute name="Output T" value="4"/>
  <attribute name="Target GC Util Change" value ="20.000000" />
  <attribute name="Current GC Util Change" value="14.000000"/>
  <attribute name="GC Util currently" value="14" />
  <attribute name="CPU Util currently" value="557474292474" />
<allocation-satisfied id="1011" threadId="00000000013F6000" bytesRequested="16" />
<af-end id="1012" timestamp="2019-06-17T03:12:53.208" threadId="00000000013F6988" success="true" from="nursery"/>
<exclusive-end id="1013" timestamp="2019-06-17T03:12:53.208" durationms="2.283" />

<exclusive-start id="1014" timestamp="2019-06-17T03:12:53.214" intervalms="8.793">
  <response-info timems="0.026" idlems="0.026" threads="0" lastid="00000000013F6000" lastname="PmdThread 4" />
</exclusive-start>
<af-start id="1015" threadId="00000000013F6988" totalBytesRequested="48" timestamp="2019-06-17T03:12:53.214" intervalms="8.765" type="nursery" />
<cycle-start id="1016" type="scavenge" contextid="0" timestamp="2019-06-17T03:12:53.215" intervalms="8.286" />
<gc-start id="1017" type="scavenge" contextid="1016" timestamp="2019-06-17T03:12:53.215">
  <mem-info id="1018" free="2081293552" total="2092630016" percent="99">
    <mem type="nursery" free="0" total="2097152" percent="0">
      <mem type="allocate" free="0" total="1572864" percent="0" />
      <mem type="survivor" free="0" total="524288" percent="0" />
    </mem>
    <mem type="tenure" free="2081293552" total="2090532864" percent="99">
      <mem type="soa" free="1976767728" total="1986007040" percent="99" />
      <mem type="loa" free="104525824" total="104525824" percent="100" />
    </mem>
    <remembered-set count="200" />
  </mem-info>
</gc-start>
<allocation-stats totalBytes="1176632" >
  <allocated-bytes non-tlh="16408" tlh="1160224" />
  <largest-consumer threadName="PmdThread 4" threadId="00000000013F6000" bytes="323488" />
</allocation-stats>
<gc-op id="1019" type="scavenge" timems="0.901" contextid="1016" timestamp="2019-06-17T03:12:53.216">
  <scavenger-info tenureage="1" tenuremask="7ffe" tiltratio="75" />
  <memory-copied type="nursery" objects="4403" bytes="456584" bytesdiscarded="67400" />
  <memory-copied type="tenure" objects="2682" bytes="211608" bytesdiscarded="64" />
  <copy-failed type="nursery" objects="531" bytes="20032" />
  <references type="weak" candidates="26" cleared="26" enqueued="26" />
  <references type="phantom" candidates="5" cleared="3" enqueued="3" />
</gc-op>
<gc-end id="1020" type="scavenge" contextid="1016" durationms="1.088" usertimems="0.000" systemtimems="0.000" timestamp="2019-06-17T03:12:53.216" activeThreads="4">
  <mem-info id="1021" free="2081788376" total="2092630016" percent="99">
    <mem type="nursery" free="851968" total="2097152" percent="40">
      <mem type="allocate" free="851968" total="1376256" percent="61" />
      <mem type="survivor" free="0" total="720896" percent="0" />
    </mem>
    <mem type="tenure" free="2080936408" total="2090532864" percent="99">
      <mem type="soa" free="1976410584" total="1986007040" percent="99" />
      <mem type="loa" free="104525824" total="104525824" percent="100" />
    </mem>
    <pending-finalizers system="0" default="0" reference="29" classloader="0" />
    <remembered-set count="460" />
  </mem-info>
</gc-end>
<cycle-end id="1022" type="scavenge" contextid="1016" timestamp="2019-06-17T03:12:53.216" />
  <attribute name="elasticGC enabled" value="1" />
  <attribute name= "numThreadsSpecified" value="4" />
  <attribute name="heapSize specified" value="8388608" />
  <attribute name="Current GC Util" value="27" />
  <attribute name= "Current Time Running" value="11785" />
  <attribute name ="GC Interval" value="200" />
  <attribute name="ProportionalT" value="10.500000" />
  <attribute name="ProportionalI" value="10.500000" />
  <attribute name="ProportionalH" value="10.500000" />
  <attribute name="Current Error" value="7.000000" />
  <attribute name="IntegralT" value="63.000000" />
  <attribute name="IntegralI" value="63.000000" />
  <attribute name="IntegralH" value="63.000000" />
  <attribute name="DerivativeT" value="1.166667" />
  <attribute name="DerivativeI" value="1.166667" />
  <attribute name="DerivativeH" value="1.166667" />
  <attribute name="Loop Time for DT" value="9.000000" />
  <attribute name="Output H" value="8388608"/>
  <attribute name="Output I" value="200"/>
  <attribute name="Output T" value="4"/>
  <attribute name="Target GC Util Change" value ="20.000000" />
  <attribute name="Current GC Util Change" value="27.000000"/>
  <attribute name="GC Util currently" value="27" />
  <attribute name="CPU Util currently" value="556837115909" />
<allocation-satisfied id="1023" threadId="00000000013F6000" bytesRequested="48" />
<af-end id="1024" timestamp="2019-06-17T03:12:53.216" threadId="00000000013F6988" success="true" from="nursery"/>
<exclusive-end id="1025" timestamp="2019-06-17T03:12:53.216" durationms="1.486" />

<exclusive-start id="1026" timestamp="2019-06-17T03:12:53.220" intervalms="5.492">
  <response-info timems="0.052" idlems="0.028" threads="1" lastid="00000000013EA800" lastname="PmdThread 2" />
</exclusive-start>
<af-start id="1027" threadId="00000000013F2D88" totalBytesRequested="328" timestamp="2019-06-17T03:12:53.220" intervalms="5.498" type="nursery" />
<cycle-start id="1028" type="scavenge" contextid="0" timestamp="2019-06-17T03:12:53.220" intervalms="5.508" />
<gc-start id="1029" type="scavenge" contextid="1028" timestamp="2019-06-17T03:12:53.220">
  <mem-info id="1030" free="2080936408" total="2092630016" percent="99">
    <mem type="nursery" free="0" total="2097152" percent="0">
      <mem type="allocate" free="0" total="1376256" percent="0" />
      <mem type="survivor" free="0" total="720896" percent="0" />
    </mem>
    <mem type="tenure" free="2080936408" total="2090532864" percent="99">
      <mem type="soa" free="1976410584" total="1986007040" percent="99" />
      <mem type="loa" free="104525824" total="104525824" percent="100" />
    </mem>
    <remembered-set count="477" />
  </mem-info>
</gc-start>
<allocation-stats totalBytes="833944" >
  <allocated-bytes non-tlh="48" tlh="833896" />
  <largest-consumer threadName="PmdThread 4" threadId="00000000013F6000" bytes="304016" />
</allocation-stats>
<gc-op id="1031" type="scavenge" timems="0.630" contextid="1028" timestamp="2019-06-17T03:12:53.221">
  <scavenger-info tenureage="1" tenuremask="7ffe" tiltratio="65" />
  <memory-copied type="nursery" objects="2949" bytes="239800" bytesdiscarded="99616" />
  <memory-copied type="tenure" objects="3596" bytes="414168" bytesdiscarded="152" />
  <references type="weak" candidates="21" cleared="21" enqueued="21" />
  <references type="phantom" candidates="5" cleared="3" enqueued="3" />
</gc-op>
<gc-end id="1032" type="scavenge" contextid="1028" durationms="1.004" usertimems="0.000" systemtimems="0.000" timestamp="2019-06-17T03:12:53.221" activeThreads="4">
  <mem-info id="1033" free="2081708112" total="2092630016" percent="99">
    <mem type="nursery" free="1036760" total="2097152" percent="49">
      <mem type="allocate" free="1036760" total="1376256" percent="75" />
      <mem type="survivor" free="0" total="720896" percent="0" />
    </mem>
    <mem type="tenure" free="2080671352" total="2090532864" percent="99">
      <mem type="soa" free="1976145528" total="1986007040" percent="99" />
      <mem type="loa" free="104525824" total="104525824" percent="100" />
    </mem>
    <pending-finalizers system="0" default="0" reference="24" classloader="0" />
    <remembered-set count="225" />
  </mem-info>
</gc-end>
<cycle-end id="1034" type="scavenge" contextid="1028" timestamp="2019-06-17T03:12:53.221" />
  <attribute name="elasticGC enabled" value="1" />
  <attribute name= "numThreadsSpecified" value="4" />
  <attribute name="heapSize specified" value="8388608" />
  <attribute name="Current GC Util" value="33" />
  <attribute name= "Current Time Running" value="11790" />
  <attribute name ="GC Interval" value="200" />
  <attribute name="ProportionalT" value="19.500000" />
  <attribute name="ProportionalI" value="19.500000" />
  <attribute name="ProportionalH" value="19.500000" />
  <attribute name="Current Error" value="13.000000" />
  <attribute name="IntegralT" value="65.000000" />
  <attribute name="IntegralI" value="65.000000" />
  <attribute name="IntegralH" value="65.000000" />
  <attribute name="DerivativeT" value="1.800000" />
  <attribute name="DerivativeI" value="1.800000" />
  <attribute name="DerivativeH" value="1.800000" />
  <attribute name="Loop Time for DT" value="5.000000" />
  <attribute name="Output H" value="8388608"/>
  <attribute name="Output I" value="200"/>
  <attribute name="Output T" value="4"/>
  <attribute name="Target GC Util Change" value ="20.000000" />
  <attribute name="Current GC Util Change" value="33.000000"/>
  <attribute name="GC Util currently" value="33" />
  <attribute name="CPU Util currently" value="831880812660" />
<allocation-satisfied id="1035" threadId="00000000013F2400" bytesRequested="328" />
<af-end id="1036" timestamp="2019-06-17T03:12:53.221" threadId="00000000013F2D88" success="true" from="nursery"/>
<exclusive-end id="1037" timestamp="2019-06-17T03:12:53.221" durationms="1.438" />

<exclusive-start id="1038" timestamp="2019-06-17T03:12:53.226" intervalms="6.135">
  <response-info timems="0.048" idlems="0.048" threads="0" lastid="00000000013F6000" lastname="PmdThread 4" />
</exclusive-start>
<af-start id="1039" threadId="00000000013F6988" totalBytesRequested="64" timestamp="2019-06-17T03:12:53.226" intervalms="6.123" type="nursery" />
<cycle-start id="1040" type="scavenge" contextid="0" timestamp="2019-06-17T03:12:53.226" intervalms="6.112" />
<gc-start id="1041" type="scavenge" contextid="1040" timestamp="2019-06-17T03:12:53.226">
  <mem-info id="1042" free="2080671352" total="2092630016" percent="99">
    <mem type="nursery" free="0" total="2097152" percent="0">
      <mem type="allocate" free="0" total="1376256" percent="0" />
      <mem type="survivor" free="0" total="720896" percent="0" />
    </mem>
    <mem type="tenure" free="2080671352" total="2090532864" percent="99">
      <mem type="soa" free="1976145528" total="1986007040" percent="99" />
      <mem type="loa" free="104525824" total="104525824" percent="100" />
    </mem>
    <remembered-set count="274" />
  </mem-info>
</gc-start>
<allocation-stats totalBytes="1019376" >
  <allocated-bytes non-tlh="328" tlh="1019048" />
  <largest-consumer threadName="PmdThread 3" threadId="00000000013F2400" bytes="404080" />
</allocation-stats>
<gc-op id="1043" type="scavenge" timems="1.447" contextid="1040" timestamp="2019-06-17T03:12:53.228">
  <scavenger-info tenureage="1" tenuremask="7ffe" tiltratio="65" />
  <memory-copied type="nursery" objects="2071" bytes="265008" bytesdiscarded="183784" />
  <memory-copied type="tenure" objects="2839" bytes="211504" bytesdiscarded="208" />
  <references type="weak" candidates="53" cleared="53" enqueued="53" />
  <references type="phantom" candidates="5" cleared="3" enqueued="3" />
</gc-op>
<gc-end id="1044" type="scavenge" contextid="1040" durationms="1.638" usertimems="0.000" systemtimems="4.000" timestamp="2019-06-17T03:12:53.228" activeThreads="4">
  <mem-info id="1045" free="2081538448" total="2092630016" percent="99">
    <mem type="nursery" free="1058368" total="2097152" percent="50">
      <mem type="allocate" free="1058368" total="1507328" percent="70" />
      <mem type="survivor" free="0" total="589824" percent="0" />
    </mem>
    <mem type="tenure" free="2080480080" total="2090532864" percent="99">
      <mem type="soa" free="1975954256" total="1986007040" percent="99" />
      <mem type="loa" free="104525824" total="104525824" percent="100" />
    </mem>
    <pending-finalizers system="0" default="0" reference="56" classloader="0" />
    <remembered-set count="147" />
  </mem-info>
</gc-end>
<cycle-end id="1046" type="scavenge" contextid="1040" timestamp="2019-06-17T03:12:53.228" />
  <attribute name="elasticGC enabled" value="1" />
  <attribute name= "numThreadsSpecified" value="4" />
  <attribute name="heapSize specified" value="8388608" />
  <attribute name="Current GC Util" value="23" />
  <attribute name= "Current Time Running" value="11796" />
  <attribute name ="GC Interval" value="200" />
  <attribute name="ProportionalT" value="4.500000" />
  <attribute name="ProportionalI" value="4.500000" />
  <attribute name="ProportionalH" value="4.500000" />
  <attribute name="Current Error" value="3.000000" />
  <attribute name="IntegralT" value="18.000000" />
  <attribute name="IntegralI" value="18.000000" />
  <attribute name="IntegralH" value="18.000000" />
  <attribute name="DerivativeT" value="-2.500000" />
  <attribute name="DerivativeI" value="-2.500000" />
  <attribute name="DerivativeH" value="-2.500000" />
  <attribute name="Loop Time for DT" value="6.000000" />
  <attribute name="Output H" value="8388608"/>
  <attribute name="Output I" value="200"/>
  <attribute name="Output T" value="4"/>
  <attribute name="Target GC Util Change" value ="20.000000" />
  <attribute name="Current GC Util Change" value="23.000000"/>
  <attribute name="GC Util currently" value="23" />
  <attribute name="CPU Util currently" value="757231754353" />
<allocation-satisfied id="1047" threadId="00000000013F6000" bytesRequested="64" />
<af-end id="1048" timestamp="2019-06-17T03:12:53.228" threadId="00000000013F6988" success="true" from="nursery"/>
<exclusive-end id="1049" timestamp="2019-06-17T03:12:53.228" durationms="2.024" />

<exclusive-start id="1050" timestamp="2019-06-17T03:12:53.234" intervalms="7.898">
  <response-info timems="0.037" idlems="0.020" threads="1" lastid="00000000013EA800" lastname="PmdThread 2" />
</exclusive-start>
<af-start id="1051" threadId="00000000013F2D88" totalBytesRequested="40" timestamp="2019-06-17T03:12:53.234" intervalms="7.915" type="nursery" />
<cycle-start id="1052" type="scavenge" contextid="0" timestamp="2019-06-17T03:12:53.234" intervalms="7.929" />
<gc-start id="1053" type="scavenge" contextid="1052" timestamp="2019-06-17T03:12:53.234">
  <mem-info id="1054" free="2080480080" total="2092630016" percent="99">
    <mem type="nursery" free="0" total="2097152" percent="0">
      <mem type="allocate" free="0" total="1507328" percent="0" />
      <mem type="survivor" free="0" total="589824" percent="0" />
    </mem>
    <mem type="tenure" free="2080480080" total="2090532864" percent="99">
      <mem type="soa" free="1975954256" total="1986007040" percent="99" />
      <mem type="loa" free="104525824" total="104525824" percent="100" />
    </mem>
    <remembered-set count="177" />
  </mem-info>
</gc-start>
<allocation-stats totalBytes="1044096" >
  <allocated-bytes non-tlh="64" tlh="1044032" />
  <largest-consumer threadName="PmdThread 4" threadId="00000000013F6000" bytes="293552" />
</allocation-stats>
<gc-op id="1055" type="scavenge" timems="0.525" contextid="1052" timestamp="2019-06-17T03:12:53.235">
  <scavenger-info tenureage="1" tenuremask="7ffe" tiltratio="71" />
  <memory-copied type="nursery" objects="4170" bytes="337096" bytesdiscarded="166416" />
  <memory-copied type="tenure" objects="1866" bytes="237392" bytesdiscarded="32" />
  <references type="weak" candidates="24" cleared="24" enqueued="24" />
  <references type="phantom" candidates="5" cleared="4" enqueued="4" />
</gc-op>
<gc-end id="1056" type="scavenge" contextid="1052" durationms="0.897" usertimems="0.000" systemtimems="0.000" timestamp="2019-06-17T03:12:53.235" activeThreads="4">
  <mem-info id="1057" free="2081284304" total="2092630016" percent="99">
    <mem type="nursery" free="1003704" total="2097152" percent="47">
      <mem type="allocate" free="1003704" total="1507328" percent="66" />
      <mem type="survivor" free="0" total="589824" percent="0" />
    </mem>
    <mem type="tenure" free="2080280600" total="2090532864" percent="99">
      <mem type="soa" free="1975754776" total="1986007040" percent="99" />
      <mem type="loa" free="104525824" total="104525824" percent="100" />
    </mem>
    <pending-finalizers system="0" default="0" reference="28" classloader="0" />
    <remembered-set count="182" />
  </mem-info>
</gc-end>
<cycle-end id="1058" type="scavenge" contextid="1052" timestamp="2019-06-17T03:12:53.235" />
  <attribute name="elasticGC enabled" value="1" />
  <attribute name= "numThreadsSpecified" value="4" />
  <attribute name="heapSize specified" value="8388608" />
  <attribute name="Current GC Util" value="33" />
  <attribute name= "Current Time Running" value="11804" />
  <attribute name ="GC Interval" value="200" />
  <attribute name="ProportionalT" value="19.500000" />
  <attribute name="ProportionalI" value="19.500000" />
  <attribute name="ProportionalH" value="19.500000" />
  <attribute name="Current Error" value="13.000000" />
  <attribute name="IntegralT" value="104.000000" />
  <attribute name="IntegralI" value="104.000000" />
  <attribute name="IntegralH" value="104.000000" />
  <attribute name="DerivativeT" value="1.875000" />
  <attribute name="DerivativeI" value="1.875000" />
  <attribute name="DerivativeH" value="1.875000" />
  <attribute name="Loop Time for DT" value="8.000000" />
  <attribute name="Output H" value="8388608"/>
  <attribute name="Output I" value="200"/>
  <attribute name="Output T" value="4"/>
  <attribute name="Target GC Util Change" value ="20.000000" />
  <attribute name="Current GC Util Change" value="33.000000"/>
  <attribute name="GC Util currently" value="33" />
  <attribute name="CPU Util currently" value="580051634048" />
<allocation-satisfied id="1059" threadId="00000000013F2400" bytesRequested="40" />
<af-end id="1060" timestamp="2019-06-17T03:12:53.235" threadId="00000000013F2D88" success="true" from="nursery"/>
<exclusive-end id="1061" timestamp="2019-06-17T03:12:53.235" durationms="1.365" />

<exclusive-start id="1062" timestamp="2019-06-17T03:12:53.239" intervalms="5.323">
  <response-info timems="0.210" idlems="0.190" threads="1" lastid="00000000013F6000" lastname="PmdThread 4" />
</exclusive-start>
<af-start id="1063" threadId="00000000010D7088" totalBytesRequested="32" timestamp="2019-06-17T03:12:53.240" intervalms="5.519" type="nursery" />
<cycle-start id="1064" type="scavenge" contextid="0" timestamp="2019-06-17T03:12:53.240" intervalms="5.504" />
<gc-start id="1065" type="scavenge" contextid="1064" timestamp="2019-06-17T03:12:53.240">
  <mem-info id="1066" free="2080280008" total="2092630016" percent="99">
    <mem type="nursery" free="0" total="2097152" percent="0">
      <mem type="allocate" free="0" total="1507328" percent="0" />
      <mem type="survivor" free="0" total="589824" percent="0" />
    </mem>
    <mem type="tenure" free="2080280008" total="2090532864" percent="99">
      <mem type="soa" free="1975754184" total="1986007040" percent="99" />
      <mem type="loa" free="104525824" total="104525824" percent="100" />
    </mem>
    <remembered-set count="227" />
  </mem-info>
</gc-start>
<allocation-stats totalBytes="1001464" >
  <allocated-bytes non-tlh="632" tlh="1000832" />
  <largest-consumer threadName="PmdThread 1" threadId="00000000013E6C00" bytes="471048" />
</allocation-stats>
<gc-op id="1067" type="scavenge" timems="0.579" contextid="1064" timestamp="2019-06-17T03:12:53.240">
  <scavenger-info tenureage="1" tenuremask="7ffe" tiltratio="71" />
  <memory-copied type="nursery" objects="1247" bytes="118616" bytesdiscarded="132120" />
  <memory-copied type="tenure" objects="3083" bytes="224832" bytesdiscarded="96" />
  <references type="weak" candidates="50" cleared="50" enqueued="50" />
  <references type="phantom" candidates="4" cleared="3" enqueued="3" />
</gc-op>
<gc-end id="1068" type="scavenge" contextid="1064" durationms="0.752" usertimems="0.000" systemtimems="0.000" timestamp="2019-06-17T03:12:53.240" activeThreads="4">
  <mem-info id="1069" free="2081256832" total="2092630016" percent="99">
    <mem type="nursery" free="1321960" total="2097152" percent="63">
      <mem type="allocate" free="1321960" total="1572864" percent="84" />
      <mem type="survivor" free="0" total="524288" percent="0" />
    </mem>
    <mem type="tenure" free="2079934872" total="2090532864" percent="99">
      <mem type="soa" free="1975409048" total="1986007040" percent="99" />
      <mem type="loa" free="104525824" total="104525824" percent="100" />
    </mem>
    <pending-finalizers system="0" default="0" reference="53" classloader="0" />
    <remembered-set count="175" />
  </mem-info>
</gc-end>
<cycle-end id="1070" type="scavenge" contextid="1064" timestamp="2019-06-17T03:12:53.240" />
  <attribute name="elasticGC enabled" value="1" />
  <attribute name= "numThreadsSpecified" value="4" />
  <attribute name="heapSize specified" value="8388608" />
  <attribute name="Current GC Util" value="23" />
  <attribute name= "Current Time Running" value="11810" />
  <attribute name ="GC Interval" value="200" />
  <attribute name="ProportionalT" value="4.500000" />
  <attribute name="ProportionalI" value="4.500000" />
  <attribute name="ProportionalH" value="4.500000" />
  <attribute name="Current Error" value="3.000000" />
  <attribute name="IntegralT" value="18.000000" />
  <attribute name="IntegralI" value="18.000000" />
  <attribute name="IntegralH" value="18.000000" />
  <attribute name="DerivativeT" value="-2.500000" />
  <attribute name="DerivativeI" value="-2.500000" />
  <attribute name="DerivativeH" value="-2.500000" />
  <attribute name="Loop Time for DT" value="6.000000" />
  <attribute name="Output H" value="8388608"/>
  <attribute name="Output I" value="200"/>
  <attribute name="Output T" value="4"/>
  <attribute name="Target GC Util Change" value ="20.000000" />
  <attribute name="Current GC Util Change" value="23.000000"/>
  <attribute name="GC Util currently" value="23" />
  <attribute name="CPU Util currently" value="841323319957" />
<allocation-satisfied id="1071" threadId="00000000010D6700" bytesRequested="32" />
<af-end id="1072" timestamp="2019-06-17T03:12:53.241" threadId="00000000010D7088" success="true" from="nursery"/>
<exclusive-end id="1073" timestamp="2019-06-17T03:12:53.241" durationms="1.362" />

<exclusive-start id="1074" timestamp="2019-06-17T03:12:53.248" intervalms="8.846">
  <response-info timems="0.037" idlems="0.020" threads="1" lastid="00000000013EA800" lastname="PmdThread 2" />
</exclusive-start>
<af-start id="1075" threadId="00000000013F2D88" totalBytesRequested="16" timestamp="2019-06-17T03:12:53.248" intervalms="8.649" type="nursery" />
<cycle-start id="1076" type="scavenge" contextid="0" timestamp="2019-06-17T03:12:53.248" intervalms="8.661" />
<gc-start id="1077" type="scavenge" contextid="1076" timestamp="2019-06-17T03:12:53.248">
  <mem-info id="1078" free="2079934872" total="2092630016" percent="99">
    <mem type="nursery" free="0" total="2097152" percent="0">
      <mem type="allocate" free="0" total="1572864" percent="0" />
      <mem type="survivor" free="0" total="524288" percent="0" />
    </mem>
    <mem type="tenure" free="2079934872" total="2090532864" percent="99">
      <mem type="soa" free="1975409048" total="1986007040" percent="99" />
      <mem type="loa" free="104525824" total="104525824" percent="100" />
    </mem>
    <remembered-set count="216" />
  </mem-info>
</gc-start>
<allocation-stats totalBytes="1311568" >
  <allocated-bytes non-tlh="49208" tlh="1262360" />
  <largest-consumer threadName="PmdThread 1" threadId="00000000013E6C00" bytes="419192" />
</allocation-stats>
<gc-op id="1079" type="scavenge" timems="0.514" contextid="1076" timestamp="2019-06-17T03:12:53.249">
  <scavenger-info tenureage="2" tenuremask="7ffc" tiltratio="75" />
  <memory-copied type="nursery" objects="3691" bytes="442728" bytesdiscarded="80976" />
  <memory-copied type="tenure" objects="2179" bytes="235224" bytesdiscarded="96" />
  <copy-failed type="nursery" objects="2179" bytes="235296" />
  <references type="weak" candidates="30" cleared="30" enqueued="30" />
  <references type="phantom" candidates="8" cleared="6" enqueued="6" />
</gc-op>
<gc-end id="1080" type="scavenge" contextid="1076" durationms="0.898" usertimems="0.000" systemtimems="0.000" timestamp="2019-06-17T03:12:53.249" activeThreads="4">
  <mem-info id="1081" free="2080151120" total="2092630016" percent="99">
    <mem type="nursery" free="524288" total="2097152" percent="25">
      <mem type="allocate" free="524288" total="1048576" percent="50" />
      <mem type="survivor" free="0" total="1048576" percent="0" />
    </mem>
    <mem type="tenure" free="2079626832" total="2090532864" percent="99">
      <mem type="soa" free="1975101008" total="1986007040" percent="99" />
      <mem type="loa" free="104525824" total="104525824" percent="100" />
    </mem>
    <pending-finalizers system="0" default="0" reference="36" classloader="0" />
    <remembered-set count="396" />
  </mem-info>
</gc-end>
<cycle-end id="1082" type="scavenge" contextid="1076" timestamp="2019-06-17T03:12:53.249" />
  <attribute name="elasticGC enabled" value="1" />
  <attribute name= "numThreadsSpecified" value="4" />
  <attribute name="heapSize specified" value="8388608" />
  <attribute name="Current GC Util" value="11" />
  <attribute name= "Current Time Running" value="11818" />
  <attribute name ="GC Interval" value="200" />
  <attribute name="ProportionalT" value="-13.500000" />
  <attribute name="ProportionalI" value="-13.500000" />
  <attribute name="ProportionalH" value="-13.500000" />
  <attribute name="Current Error" value="-9.000000" />
  <attribute name="IntegralT" value="-72.000000" />
  <attribute name="IntegralI" value="-72.000000" />
  <attribute name="IntegralH" value="-72.000000" />
  <attribute name="DerivativeT" value="-2.250000" />
  <attribute name="DerivativeI" value="-2.250000" />
  <attribute name="DerivativeH" value="-2.250000" />
  <attribute name="Loop Time for DT" value="8.000000" />
  <attribute name="Output H" value="2092630016"/>
  <attribute name="Output I" value="200"/>
  <attribute name="Output T" value="4"/>
  <attribute name="Target GC Util Change" value ="20.000000" />
  <attribute name="Current GC Util Change" value="11.000000"/>
  <attribute name="GC Util currently" value="11" />
  <attribute name="CPU Util currently" value="531255308007" />
<allocation-satisfied id="1083" threadId="00000000013F2400" bytesRequested="16" />
<af-end id="1084" timestamp="2019-06-17T03:12:53.249" threadId="00000000013F2D88" success="true" from="nursery"/>
<exclusive-end id="1085" timestamp="2019-06-17T03:12:53.249" durationms="1.358" />

<exclusive-start id="1086" timestamp="2019-06-17T03:12:53.253" intervalms="4.638">
  <response-info timems="0.042" idlems="0.022" threads="1" lastid="00000000010D6700" lastname="main" />
</exclusive-start>
<af-start id="1087" threadId="00000000013EB188" totalBytesRequested="16392" timestamp="2019-06-17T03:12:53.253" intervalms="4.633" type="nursery" />
<cycle-start id="1088" type="scavenge" contextid="0" timestamp="2019-06-17T03:12:53.253" intervalms="4.640" />
<gc-start id="1089" type="scavenge" contextid="1088" timestamp="2019-06-17T03:12:53.253">
  <mem-info id="1090" free="2079626832" total="2092630016" percent="99">
    <mem type="nursery" free="0" total="2097152" percent="0">
      <mem type="allocate" free="0" total="1048576" percent="0" />
      <mem type="survivor" free="0" total="1048576" percent="0" />
    </mem>
    <mem type="tenure" free="2079626832" total="2090532864" percent="99">
      <mem type="soa" free="1975101008" total="1986007040" percent="99" />
      <mem type="loa" free="104525824" total="104525824" percent="100" />
    </mem>
    <remembered-set count="405" />
  </mem-info>
</gc-start>
<allocation-stats totalBytes="518840" >
  <allocated-bytes non-tlh="16" tlh="518824" />
  <largest-consumer threadName="PmdThread 4" threadId="00000000013F6000" bytes="155632" />
</allocation-stats>
<gc-op id="1091" type="scavenge" timems="0.648" contextid="1088" timestamp="2019-06-17T03:12:53.254">
  <scavenger-info tenureage="1" tenuremask="7ffe" tiltratio="50" />
  <memory-copied type="nursery" objects="1738" bytes="152808" bytesdiscarded="75704" />
  <memory-copied type="tenure" objects="3347" bytes="410224" bytesdiscarded="392" />
  <references type="weak" candidates="11" cleared="11" enqueued="11" />
  <references type="phantom" candidates="3" cleared="1" enqueued="1" />
</gc-op>
<gc-end id="1092" type="scavenge" contextid="1088" durationms="1.049" usertimems="0.000" systemtimems="0.000" timestamp="2019-06-17T03:12:53.254" activeThreads="4">
  <mem-info id="1093" free="2080220888" total="2092630016" percent="99">
    <mem type="nursery" free="819944" total="2097152" percent="39">
      <mem type="allocate" free="819944" total="1048576" percent="78" />
      <mem type="survivor" free="0" total="1048576" percent="0" />
    </mem>
    <mem type="tenure" free="2079400944" total="2090532864" percent="99">
      <mem type="soa" free="1974875120" total="1986007040" percent="99" />
      <mem type="loa" free="104525824" total="104525824" percent="100" />
    </mem>
    <pending-finalizers system="0" default="0" reference="12" classloader="0" />
    <remembered-set count="197" />
  </mem-info>
</gc-end>
<cycle-end id="1094" type="scavenge" contextid="1088" timestamp="2019-06-17T03:12:53.254" />
  <attribute name="elasticGC enabled" value="1" />
  <attribute name= "numThreadsSpecified" value="4" />
  <attribute name="heapSize specified" value="8388608" />
  <attribute name="Current GC Util" value="26" />
  <attribute name= "Current Time Running" value="11823" />
  <attribute name ="GC Interval" value="200" />
  <attribute name="ProportionalT" value="9.000000" />
  <attribute name="ProportionalI" value="9.000000" />
  <attribute name="ProportionalH" value="9.000000" />
  <attribute name="Current Error" value="6.000000" />
  <attribute name="IntegralT" value="30.000000" />
  <attribute name="IntegralI" value="30.000000" />
  <attribute name="IntegralH" value="30.000000" />
  <attribute name="DerivativeT" value="1.800000" />
  <attribute name="DerivativeI" value="1.800000" />
  <attribute name="DerivativeH" value="1.800000" />
  <attribute name="Loop Time for DT" value="5.000000" />
  <attribute name="Output H" value="8388608"/>
  <attribute name="Output I" value="200"/>
  <attribute name="Output T" value="4"/>
  <attribute name="Target GC Util Change" value ="20.000000" />
  <attribute name="Current GC Util Change" value="26.000000"/>
  <attribute name="GC Util currently" value="26" />
  <attribute name="CPU Util currently" value="985417101991" />
<allocation-satisfied id="1095" threadId="00000000013EA800" bytesRequested="16392" />
<af-end id="1096" timestamp="2019-06-17T03:12:53.254" threadId="00000000013EB188" success="true" from="nursery"/>
<exclusive-end id="1097" timestamp="2019-06-17T03:12:53.254" durationms="1.521" />

<exclusive-start id="1098" timestamp="2019-06-17T03:12:53.258" intervalms="5.726">
  <response-info timems="0.090" idlems="0.026" threads="3" lastid="00000000013EA800" lastname="PmdThread 2" />
</exclusive-start>
<af-start id="1099" threadId="00000000013F2D88" totalBytesRequested="32" timestamp="2019-06-17T03:12:53.259" intervalms="5.737" type="nursery" />
<cycle-start id="1100" type="scavenge" contextid="0" timestamp="2019-06-17T03:12:53.259" intervalms="5.736" />
<gc-start id="1101" type="scavenge" contextid="1100" timestamp="2019-06-17T03:12:53.259">
  <mem-info id="1102" free="2079399976" total="2092630016" percent="99">
    <mem type="nursery" free="0" total="2097152" percent="0">
      <mem type="allocate" free="0" total="1048576" percent="0" />
      <mem type="survivor" free="0" total="1048576" percent="0" />
    </mem>
    <mem type="tenure" free="2079399976" total="2090532864" percent="99">
      <mem type="soa" free="1974874152" total="1986007040" percent="99" />
      <mem type="loa" free="104525824" total="104525824" percent="100" />
    </mem>
    <remembered-set count="249" />
  </mem-info>
</gc-start>
<allocation-stats totalBytes="820648" >
  <allocated-bytes non-tlh="50144" tlh="770504" />
  <largest-consumer threadName="PmdThread 4" threadId="00000000013F6000" bytes="254568" />
</allocation-stats>
<gc-op id="1103" type="scavenge" timems="0.513" contextid="1100" timestamp="2019-06-17T03:12:53.259">
  <scavenger-info tenureage="1" tenuremask="7ffe" tiltratio="50" />
  <memory-copied type="nursery" objects="2978" bytes="206328" bytesdiscarded="69280" />
  <memory-copied type="tenure" objects="1647" bytes="131592" bytesdiscarded="24" />
  <references type="soft" candidates="2" cleared="0" enqueued="0" dynamicThreshold="31" maxThreshold="32" />
  <references type="weak" candidates="27" cleared="27" enqueued="27" />
  <references type="phantom" candidates="3" cleared="3" enqueued="3" />
</gc-op>
<gc-end id="1104" type="scavenge" contextid="1100" durationms="0.899" usertimems="4.000" systemtimems="0.000" timestamp="2019-06-17T03:12:53.260" activeThreads="4">
  <mem-info id="1105" free="2080053496" total="2092630016" percent="99">
    <mem type="nursery" free="772840" total="2097152" percent="36">
      <mem type="allocate" free="772840" total="1048576" percent="73" />
      <mem type="survivor" free="0" total="1048576" percent="0" />
    </mem>
    <mem type="tenure" free="2079280656" total="2090532864" percent="99">
      <mem type="soa" free="1974754832" total="1986007040" percent="99" />
      <mem type="loa" free="104525824" total="104525824" percent="100" />
    </mem>
    <pending-finalizers system="0" default="0" reference="30" classloader="0" />
    <remembered-set count="254" />
  </mem-info>
</gc-end>
<cycle-end id="1106" type="scavenge" contextid="1100" timestamp="2019-06-17T03:12:53.260" />
  <attribute name="elasticGC enabled" value="1" />
  <attribute name= "numThreadsSpecified" value="4" />
  <attribute name="heapSize specified" value="8388608" />
  <attribute name="Current GC Util" value="22" />
  <attribute name= "Current Time Running" value="11829" />
  <attribute name ="GC Interval" value="200" />
  <attribute name="ProportionalT" value="3.000000" />
  <attribute name="ProportionalI" value="3.000000" />
  <attribute name="ProportionalH" value="3.000000" />
  <attribute name="Current Error" value="2.000000" />
  <attribute name="IntegralT" value="12.000000" />
  <attribute name="IntegralI" value="12.000000" />
  <attribute name="IntegralH" value="12.000000" />
  <attribute name="DerivativeT" value="-1.000000" />
  <attribute name="DerivativeI" value="-1.000000" />
  <attribute name="DerivativeH" value="-1.000000" />
  <attribute name="Loop Time for DT" value="6.000000" />
  <attribute name="Output H" value="8388608"/>
  <attribute name="Output I" value="200"/>
  <attribute name="Output T" value="4"/>
  <attribute name="Target GC Util Change" value ="20.000000" />
  <attribute name="Current GC Util Change" value="22.000000"/>
  <attribute name="GC Util currently" value="22" />
  <attribute name="CPU Util currently" value="807982615424" />
<allocation-satisfied id="1107" threadId="00000000013F2400" bytesRequested="32" />
<af-end id="1108" timestamp="2019-06-17T03:12:53.260" threadId="00000000013F2D88" success="true" from="nursery"/>
<exclusive-end id="1109" timestamp="2019-06-17T03:12:53.260" durationms="1.403" />

<exclusive-start id="1110" timestamp="2019-06-17T03:12:53.264" intervalms="6.006">
  <response-info timems="0.036" idlems="0.036" threads="0" lastid="00000000013E6C00" lastname="PmdThread 1" />
</exclusive-start>
<af-start id="1111" threadId="00000000013E7588" totalBytesRequested="16" timestamp="2019-06-17T03:12:53.265" intervalms="5.998" type="nursery" />
<cycle-start id="1112" type="scavenge" contextid="0" timestamp="2019-06-17T03:12:53.265" intervalms="5.990" />
<gc-start id="1113" type="scavenge" contextid="1112" timestamp="2019-06-17T03:12:53.265">
  <mem-info id="1114" free="2079280656" total="2092630016" percent="99">
    <mem type="nursery" free="0" total="2097152" percent="0">
      <mem type="allocate" free="0" total="1048576" percent="0" />
      <mem type="survivor" free="0" total="1048576" percent="0" />
    </mem>
    <mem type="tenure" free="2079280656" total="2090532864" percent="99">
      <mem type="soa" free="1974754832" total="1986007040" percent="99" />
      <mem type="loa" free="104525824" total="104525824" percent="100" />
    </mem>
    <remembered-set count="282" />
  </mem-info>
</gc-start>
<allocation-stats totalBytes="756880" >
  <allocated-bytes non-tlh="32" tlh="756848" />
  <largest-consumer threadName="PmdThread 4" threadId="00000000013F6000" bytes="218240" />
</allocation-stats>
<gc-op id="1115" type="scavenge" timems="0.716" contextid="1112" timestamp="2019-06-17T03:12:53.265">
  <scavenger-info tenureage="1" tenuremask="7ffe" tiltratio="50" />
  <memory-copied type="nursery" objects="1444" bytes="236032" bytesdiscarded="98552" />
  <memory-copied type="tenure" objects="2874" bytes="196392" bytesdiscarded="16" />
  <references type="weak" candidates="23" cleared="23" enqueued="23" />
  <references type="phantom" candidates="2" cleared="1" enqueued="1" />
</gc-op>
<gc-end id="1116" type="scavenge" contextid="1112" durationms="0.909" usertimems="0.000" systemtimems="0.000" timestamp="2019-06-17T03:12:53.266" activeThreads="1">
  <mem-info id="1117" free="2079822056" total="2092630016" percent="99">
    <mem type="nursery" free="845040" total="2097152" percent="40">
      <mem type="allocate" free="845040" total="1179648" percent="71" />
      <mem type="survivor" free="0" total="917504" percent="0" />
    </mem>
    <mem type="tenure" free="2078977016" total="2090532864" percent="99">
      <mem type="soa" free="1974451192" total="1986007040" percent="99" />
      <mem type="loa" free="104525824" total="104525824" percent="100" />
    </mem>
    <pending-finalizers system="0" default="0" reference="24" classloader="0" />
    <remembered-set count="154" />
  </mem-info>
</gc-end>
<cycle-end id="1118" type="scavenge" contextid="1112" timestamp="2019-06-17T03:12:53.266" />
  <attribute name="elasticGC enabled" value="1" />
  <attribute name= "numThreadsSpecified" value="1" />
  <attribute name="heapSize specified" value="8388608" />
  <attribute name="Current GC Util" value="20" />
  <attribute name= "Current Time Running" value="11835" />
  <attribute name ="GC Interval" value="200" />
  <attribute name="ProportionalT" value="0.000000" />
  <attribute name="ProportionalI" value="0.000000" />
  <attribute name="ProportionalH" value="0.000000" />
  <attribute name="Current Error" value="0.000000" />
  <attribute name="IntegralT" value="0.000000" />
  <attribute name="IntegralI" value="0.000000" />
  <attribute name="IntegralH" value="0.000000" />
  <attribute name="DerivativeT" value="-0.500000" />
  <attribute name="DerivativeI" value="-0.500000" />
  <attribute name="DerivativeH" value="-0.500000" />
  <attribute name="Loop Time for DT" value="6.000000" />
  <attribute name="Output H" value="8388608"/>
  <attribute name="Output I" value="200"/>
  <attribute name="Output T" value="1"/>
  <attribute name="Target GC Util Change" value ="20.000000" />
  <attribute name="Current GC Util Change" value="20.000000"/>
  <attribute name="GC Util currently" value="20" />
  <attribute name="CPU Util currently" value="772845018197" />
<allocation-satisfied id="1119" threadId="00000000013E6C00" bytesRequested="16" />
<af-end id="1120" timestamp="2019-06-17T03:12:53.266" threadId="00000000013E7588" success="true" from="nursery"/>
<exclusive-end id="1121" timestamp="2019-06-17T03:12:53.266" durationms="1.364" />

<exclusive-start id="1122" timestamp="2019-06-17T03:12:53.271" intervalms="6.050">
  <response-info timems="0.030" idlems="0.030" threads="0" lastid="00000000013EA800" lastname="PmdThread 2" />
</exclusive-start>
<af-start id="1123" threadId="00000000013EB188" totalBytesRequested="56" timestamp="2019-06-17T03:12:53.271" intervalms="6.085" type="nursery" />
<cycle-start id="1124" type="scavenge" contextid="0" timestamp="2019-06-17T03:12:53.271" intervalms="6.122" />
<gc-start id="1125" type="scavenge" contextid="1124" timestamp="2019-06-17T03:12:53.271">
  <mem-info id="1126" free="2078977016" total="2092630016" percent="99">
    <mem type="nursery" free="0" total="2097152" percent="0">
      <mem type="allocate" free="0" total="1179648" percent="0" />
      <mem type="survivor" free="0" total="917504" percent="0" />
    </mem>
    <mem type="tenure" free="2078977016" total="2090532864" percent="99">
      <mem type="soa" free="1974451192" total="1986007040" percent="99" />
      <mem type="loa" free="104525824" total="104525824" percent="100" />
    </mem>
    <remembered-set count="192" />
  </mem-info>
</gc-start>
<allocation-stats totalBytes="833216" >
  <allocated-bytes non-tlh="16" tlh="833200" />
  <largest-consumer threadName="PmdThread 1" threadId="00000000013E6C00" bytes="274336" />
</allocation-stats>
<gc-op id="1127" type="scavenge" timems="0.535" contextid="1124" timestamp="2019-06-17T03:12:53.272">
  <scavenger-info tenureage="1" tenuremask="7ffe" tiltratio="56" />
  <memory-copied type="nursery" objects="3098" bytes="362200" bytesdiscarded="213200" />
  <memory-copied type="tenure" objects="1321" bytes="220352" bytesdiscarded="16" />
  <references type="weak" candidates="22" cleared="22" enqueued="22" />
  <references type="phantom" candidates="7" cleared="4" enqueued="4" />
</gc-op>
<gc-end id="1128" type="scavenge" contextid="1124" durationms="0.934" usertimems="4.000" systemtimems="0.000" timestamp="2019-06-17T03:12:53.272" activeThreads="4">
  <mem-info id="1129" free="2079412536" total="2092630016" percent="99">
    <mem type="nursery" free="669608" total="2097152" percent="31">
      <mem type="allocate" free="669608" total="1245184" percent="53" />
      <mem type="survivor" free="0" total="851968" percent="0" />
    </mem>
    <mem type="tenure" free="2078742928" total="2090532864" percent="99">
      <mem type="soa" free="1974217104" total="1986007040" percent="99" />
      <mem type="loa" free="104525824" total="104525824" percent="100" />
    </mem>
    <pending-finalizers system="0" default="0" reference="26" classloader="0" />
    <remembered-set count="159" />
  </mem-info>
</gc-end>
<cycle-end id="1130" type="scavenge" contextid="1124" timestamp="2019-06-17T03:12:53.272" />
  <attribute name="elasticGC enabled" value="1" />
  <attribute name= "numThreadsSpecified" value="4" />
  <attribute name="heapSize specified" value="8388608" />
  <attribute name="Current GC Util" value="15" />
  <attribute name= "Current Time Running" value="11841" />
  <attribute name ="GC Interval" value="200" />
  <attribute name="ProportionalT" value="-7.500000" />
  <attribute name="ProportionalI" value="-7.500000" />
  <attribute name="ProportionalH" value="-7.500000" />
  <attribute name="Current Error" value="-5.000000" />
  <attribute name="IntegralT" value="-30.000000" />
  <attribute name="IntegralI" value="-30.000000" />
  <attribute name="IntegralH" value="-30.000000" />
  <attribute name="DerivativeT" value="-1.250000" />
  <attribute name="DerivativeI" value="-1.250000" />
  <attribute name="DerivativeH" value="-1.250000" />
  <attribute name="Loop Time for DT" value="6.000000" />
  <attribute name="Output H" value="2092630016"/>
  <attribute name="Output I" value="200"/>
  <attribute name="Output T" value="4"/>
  <attribute name="Target GC Util Change" value ="20.000000" />
  <attribute name="Current GC Util Change" value="15.000000"/>
  <attribute name="GC Util currently" value="15" />
  <attribute name="CPU Util currently" value="744347851451" />
<allocation-satisfied id="1131" threadId="00000000013EA800" bytesRequested="56" />
<af-end id="1132" timestamp="2019-06-17T03:12:53.272" threadId="00000000013EB188" success="true" from="nursery"/>
<exclusive-end id="1133" timestamp="2019-06-17T03:12:53.272" durationms="1.501" />

<exclusive-start id="1134" timestamp="2019-06-17T03:12:53.275" intervalms="4.604">
  <response-info timems="0.039" idlems="0.039" threads="0" lastid="00000000013E6C00" lastname="PmdThread 1" />
</exclusive-start>
<af-start id="1135" threadId="00000000013E7588" totalBytesRequested="32" timestamp="2019-06-17T03:12:53.275" intervalms="4.571" type="nursery" />
<cycle-start id="1136" type="scavenge" contextid="0" timestamp="2019-06-17T03:12:53.275" intervalms="4.539" />
<gc-start id="1137" type="scavenge" contextid="1136" timestamp="2019-06-17T03:12:53.276">
  <mem-info id="1138" free="2078742928" total="2092630016" percent="99">
    <mem type="nursery" free="0" total="2097152" percent="0">
      <mem type="allocate" free="0" total="1245184" percent="0" />
      <mem type="survivor" free="0" total="851968" percent="0" />
    </mem>
    <mem type="tenure" free="2078742928" total="2090532864" percent="99">
      <mem type="soa" free="1974217104" total="1986007040" percent="99" />
      <mem type="loa" free="104525824" total="104525824" percent="100" />
    </mem>
    <remembered-set count="181" />
  </mem-info>
</gc-start>
<allocation-stats totalBytes="668000" >
  <allocated-bytes non-tlh="56" tlh="667944" />
  <largest-consumer threadName="PmdThread 2" threadId="00000000013EA800" bytes="204472" />
</allocation-stats>
<gc-op id="1139" type="scavenge" timems="0.553" contextid="1136" timestamp="2019-06-17T03:12:53.276">
  <scavenger-info tenureage="1" tenuremask="7ffe" tiltratio="59" />
  <memory-copied type="nursery" objects="2318" bytes="204192" bytesdiscarded="118528" />
  <memory-copied type="tenure" objects="2551" bytes="316952" bytesdiscarded="768" />
  <references type="weak" candidates="30" cleared="30" enqueued="30" />
  <references type="phantom" candidates="5" cleared="4" enqueued="4" />
</gc-op>
<gc-end id="1140" type="scavenge" contextid="1136" durationms="0.758" usertimems="0.000" systemtimems="0.000" timestamp="2019-06-17T03:12:53.276" activeThreads="4">
  <mem-info id="1141" free="2079490320" total="2092630016" percent="99">
    <mem type="nursery" free="987856" total="2097152" percent="47">
      <mem type="allocate" free="987856" total="1310720" percent="75" />
      <mem type="survivor" free="0" total="786432" percent="0" />
    </mem>
    <mem type="tenure" free="2078502464" total="2090532864" percent="99">
      <mem type="soa" free="1973976640" total="1986007040" percent="99" />
      <mem type="loa" free="104525824" total="104525824" percent="100" />
    </mem>
    <pending-finalizers system="0" default="0" reference="34" classloader="0" />
    <remembered-set count="192" />
  </mem-info>
</gc-end>
<cycle-end id="1142" type="scavenge" contextid="1136" timestamp="2019-06-17T03:12:53.277" />
  <attribute name="elasticGC enabled" value="1" />
  <attribute name= "numThreadsSpecified" value="4" />
  <attribute name="heapSize specified" value="8388608" />
  <attribute name="Current GC Util" value="24" />
  <attribute name= "Current Time Running" value="11846" />
  <attribute name ="GC Interval" value="200" />
  <attribute name="ProportionalT" value="6.000000" />
  <attribute name="ProportionalI" value="6.000000" />
  <attribute name="ProportionalH" value="6.000000" />
  <attribute name="Current Error" value="4.000000" />
  <attribute name="IntegralT" value="20.000000" />
  <attribute name="IntegralI" value="20.000000" />
  <attribute name="IntegralH" value="20.000000" />
  <attribute name="DerivativeT" value="1.200000" />
  <attribute name="DerivativeI" value="1.200000" />
  <attribute name="DerivativeH" value="1.200000" />
  <attribute name="Loop Time for DT" value="5.000000" />
  <attribute name="Output H" value="8388608"/>
  <attribute name="Output I" value="200"/>
  <attribute name="Output T" value="4"/>
  <attribute name="Target GC Util Change" value ="20.000000" />
  <attribute name="Current GC Util Change" value="24.000000"/>
  <attribute name="GC Util currently" value="24" />
  <attribute name="CPU Util currently" value="945835153060" />
<allocation-satisfied id="1143" threadId="00000000013E6C00" bytesRequested="32" />
<af-end id="1144" timestamp="2019-06-17T03:12:53.277" threadId="00000000013E7588" success="true" from="nursery"/>
<exclusive-end id="1145" timestamp="2019-06-17T03:12:53.277" durationms="1.784" />

<exclusive-start id="1146" timestamp="2019-06-17T03:12:53.283" intervalms="8.218">
  <response-info timems="0.190" idlems="0.104" threads="1" lastid="00000000013E6C00" lastname="PmdThread 1" />
</exclusive-start>
<af-start id="1147" threadId="00000000013F6988" totalBytesRequested="56" timestamp="2019-06-17T03:12:53.283" intervalms="8.199" type="nursery" />
<cycle-start id="1148" type="scavenge" contextid="0" timestamp="2019-06-17T03:12:53.283" intervalms="8.183" />
<gc-start id="1149" type="scavenge" contextid="1148" timestamp="2019-06-17T03:12:53.284">
  <mem-info id="1150" free="2078502464" total="2092630016" percent="99">
    <mem type="nursery" free="0" total="2097152" percent="0">
      <mem type="allocate" free="0" total="1310720" percent="0" />
      <mem type="survivor" free="0" total="786432" percent="0" />
    </mem>
    <mem type="tenure" free="2078502464" total="2090532864" percent="99">
      <mem type="soa" free="1973976640" total="1986007040" percent="99" />
      <mem type="loa" free="104525824" total="104525824" percent="100" />
    </mem>
    <remembered-set count="225" />
  </mem-info>
</gc-start>
<allocation-stats totalBytes="986656" >
  <allocated-bytes non-tlh="32816" tlh="953840" />
  <largest-consumer threadName="PmdThread 2" threadId="00000000013EA800" bytes="339416" />
</allocation-stats>
<gc-op id="1151" type="scavenge" timems="0.937" contextid="1148" timestamp="2019-06-17T03:12:53.285">
  <scavenger-info tenureage="1" tenuremask="7ffe" tiltratio="62" />
  <memory-copied type="nursery" objects="4532" bytes="446504" bytesdiscarded="189968" />
  <memory-copied type="tenure" objects="2209" bytes="187112" bytesdiscarded="208" />
  <references type="weak" candidates="18" cleared="18" enqueued="18" />
  <references type="phantom" candidates="4" cleared="4" enqueued="4" />
</gc-op>
<gc-end id="1152" type="scavenge" contextid="1148" durationms="1.109" usertimems="0.000" systemtimems="0.000" timestamp="2019-06-17T03:12:53.285" activeThreads="4">
  <mem-info id="1153" free="2078911440" total="2092630016" percent="99">
    <mem type="nursery" free="673960" total="2097152" percent="32">
      <mem type="allocate" free="673960" total="1310720" percent="51" />
      <mem type="survivor" free="0" total="786432" percent="0" />
    </mem>
    <mem type="tenure" free="2078237480" total="2090532864" percent="99">
      <mem type="soa" free="1973711656" total="1986007040" percent="99" />
      <mem type="loa" free="104525824" total="104525824" percent="100" />
    </mem>
    <pending-finalizers system="0" default="0" reference="22" classloader="0" />
    <remembered-set count="169" />
  </mem-info>
</gc-end>
<cycle-end id="1154" type="scavenge" contextid="1148" timestamp="2019-06-17T03:12:53.285" />
  <attribute name="elasticGC enabled" value="1" />
  <attribute name= "numThreadsSpecified" value="4" />
  <attribute name="heapSize specified" value="8388608" />
  <attribute name="Current GC Util" value="15" />
  <attribute name= "Current Time Running" value="11853" />
  <attribute name ="GC Interval" value="200" />
  <attribute name="ProportionalT" value="-7.500000" />
  <attribute name="ProportionalI" value="-7.500000" />
  <attribute name="ProportionalH" value="-7.500000" />
  <attribute name="Current Error" value="-5.000000" />
  <attribute name="IntegralT" value="-35.000000" />
  <attribute name="IntegralI" value="-35.000000" />
  <attribute name="IntegralH" value="-35.000000" />
  <attribute name="DerivativeT" value="-1.928571" />
  <attribute name="DerivativeI" value="-1.928571" />
  <attribute name="DerivativeH" value="-1.928571" />
  <attribute name="Loop Time for DT" value="7.000000" />
  <attribute name="Output H" value="2092630016"/>
  <attribute name="Output I" value="200"/>
  <attribute name="Output T" value="4"/>
  <attribute name="Target GC Util Change" value ="20.000000" />
  <attribute name="Current GC Util Change" value="15.000000"/>
  <attribute name="GC Util currently" value="15" />
  <attribute name="CPU Util currently" value="595387833369" />
<allocation-satisfied id="1155" threadId="00000000013F6000" bytesRequested="56" />
<af-end id="1156" timestamp="2019-06-17T03:12:53.285" threadId="00000000013F6988" success="true" from="nursery"/>
<exclusive-end id="1157" timestamp="2019-06-17T03:12:53.285" durationms="1.497" />

<exclusive-start id="1158" timestamp="2019-06-17T03:12:53.289" intervalms="5.323">
  <response-info timems="0.072" idlems="0.072" threads="0" lastid="00000000013F2400" lastname="PmdThread 3" />
</exclusive-start>
<af-start id="1159" threadId="00000000013F2D88" totalBytesRequested="16392" timestamp="2019-06-17T03:12:53.289" intervalms="5.344" type="nursery" />
<cycle-start id="1160" type="scavenge" contextid="0" timestamp="2019-06-17T03:12:53.289" intervalms="5.757" />
<gc-start id="1161" type="scavenge" contextid="1160" timestamp="2019-06-17T03:12:53.289">
  <mem-info id="1162" free="2078237480" total="2092630016" percent="99">
    <mem type="nursery" free="0" total="2097152" percent="0">
      <mem type="allocate" free="0" total="1310720" percent="0" />
      <mem type="survivor" free="0" total="786432" percent="0" />
    </mem>
    <mem type="tenure" free="2078237480" total="2090532864" percent="99">
      <mem type="soa" free="1973711656" total="1986007040" percent="99" />
      <mem type="loa" free="104525824" total="104525824" percent="100" />
    </mem>
    <remembered-set count="191" />
  </mem-info>
</gc-start>
<allocation-stats totalBytes="639712" >
  <allocated-bytes non-tlh="56" tlh="639656" />
  <largest-consumer threadName="PmdThread 4" threadId="00000000013F6000" bytes="217104" />
</allocation-stats>
<gc-op id="1163" type="scavenge" timems="0.647" contextid="1160" timestamp="2019-06-17T03:12:53.290">
  <scavenger-info tenureage="1" tenuremask="7ffe" tiltratio="62" />
  <memory-copied type="nursery" objects="1447" bytes="222360" bytesdiscarded="16240" />
  <memory-copied type="tenure" objects="3609" bytes="351840" bytesdiscarded="24" />
  <references type="weak" candidates="21" cleared="21" enqueued="21" />
  <references type="phantom" candidates="5" cleared="3" enqueued="3" />
</gc-op>
<gc-end id="1164" type="scavenge" contextid="1160" durationms="1.011" usertimems="0.000" systemtimems="0.000" timestamp="2019-06-17T03:12:53.290" activeThreads="4">
  <mem-info id="1165" free="2079050416" total="2092630016" percent="99">
    <mem type="nursery" free="1137616" total="2097152" percent="54">
      <mem type="allocate" free="1137616" total="1376256" percent="82" />
      <mem type="survivor" free="0" total="720896" percent="0" />
    </mem>
    <mem type="tenure" free="2077912800" total="2090532864" percent="99">
      <mem type="soa" free="1973386976" total="1986007040" percent="99" />
      <mem type="loa" free="104525824" total="104525824" percent="100" />
    </mem>
    <pending-finalizers system="0" default="0" reference="24" classloader="0" />
    <remembered-set count="117" />
  </mem-info>
</gc-end>
<cycle-end id="1166" type="scavenge" contextid="1160" timestamp="2019-06-17T03:12:53.290" />
  <attribute name="elasticGC enabled" value="1" />
  <attribute name= "numThreadsSpecified" value="4" />
  <attribute name="heapSize specified" value="8388608" />
  <attribute name="Current GC Util" value="30" />
  <attribute name= "Current Time Running" value="11859" />
  <attribute name ="GC Interval" value="200" />
  <attribute name="ProportionalT" value="15.000000" />
  <attribute name="ProportionalI" value="15.000000" />
  <attribute name="ProportionalH" value="15.000000" />
  <attribute name="Current Error" value="10.000000" />
  <attribute name="IntegralT" value="60.000000" />
  <attribute name="IntegralI" value="60.000000" />
  <attribute name="IntegralH" value="60.000000" />
  <attribute name="DerivativeT" value="2.500000" />
  <attribute name="DerivativeI" value="2.500000" />
  <attribute name="DerivativeH" value="2.500000" />
  <attribute name="Loop Time for DT" value="6.000000" />
  <attribute name="Output H" value="8388608"/>
  <attribute name="Output I" value="200"/>
  <attribute name="Output T" value="4"/>
  <attribute name="Target GC Util Change" value ="20.000000" />
  <attribute name="Current GC Util Change" value="30.000000"/>
  <attribute name="GC Util currently" value="30" />
  <attribute name="CPU Util currently" value="796388380508" />
<allocation-satisfied id="1167" threadId="00000000013F2400" bytesRequested="16392" />
<af-end id="1168" timestamp="2019-06-17T03:12:53.290" threadId="00000000013F2D88" success="true" from="nursery"/>
<exclusive-end id="1169" timestamp="2019-06-17T03:12:53.291" durationms="1.884" />

<exclusive-start id="1170" timestamp="2019-06-17T03:12:53.297" intervalms="8.483">
  <response-info timems="0.058" idlems="0.058" threads="0" lastid="00000000013E6C00" lastname="PmdThread 1" />
</exclusive-start>
<af-start id="1171" threadId="00000000013E7588" totalBytesRequested="56" timestamp="2019-06-17T03:12:53.297" intervalms="8.480" type="nursery" />
<cycle-start id="1172" type="scavenge" contextid="0" timestamp="2019-06-17T03:12:53.297" intervalms="8.077" />
<gc-start id="1173" type="scavenge" contextid="1172" timestamp="2019-06-17T03:12:53.298">
  <mem-info id="1174" free="2077912800" total="2092630016" percent="99">
    <mem type="nursery" free="0" total="2097152" percent="0">
      <mem type="allocate" free="0" total="1376256" percent="0" />
      <mem type="survivor" free="0" total="720896" percent="0" />
    </mem>
    <mem type="tenure" free="2077912800" total="2090532864" percent="99">
      <mem type="soa" free="1973386976" total="1986007040" percent="99" />
      <mem type="loa" free="104525824" total="104525824" percent="100" />
    </mem>
    <remembered-set count="153" />
  </mem-info>
</gc-start>
<allocation-stats totalBytes="1136848" >
  <allocated-bytes non-tlh="32784" tlh="1104064" />
  <largest-consumer threadName="PmdThread 4" threadId="00000000013F6000" bytes="380496" />
</allocation-stats>
<gc-op id="1175" type="scavenge" timems="0.587" contextid="1172" timestamp="2019-06-17T03:12:53.298">
  <scavenger-info tenureage="1" tenuremask="7ffe" tiltratio="65" />
  <memory-copied type="nursery" objects="4796" bytes="436528" bytesdiscarded="155416" />
  <memory-copied type="tenure" objects="1338" bytes="194656" bytesdiscarded="256" />
  <references type="weak" candidates="32" cleared="32" enqueued="32" />
  <references type="phantom" candidates="6" cleared="4" enqueued="4" />
</gc-op>
<gc-end id="1176" type="scavenge" contextid="1172" durationms="0.811" usertimems="0.000" systemtimems="0.000" timestamp="2019-06-17T03:12:53.298" activeThreads="4">
  <mem-info id="1177" free="2078524256" total="2092630016" percent="99">
    <mem type="nursery" free="784024" total="2097152" percent="37">
      <mem type="allocate" free="784024" total="1376256" percent="56" />
      <mem type="survivor" free="0" total="720896" percent="0" />
    </mem>
    <mem type="tenure" free="2077740232" total="2090532864" percent="99">
      <mem type="soa" free="1973214408" total="1986007040" percent="99" />
      <mem type="loa" free="104525824" total="104525824" percent="100" />
    </mem>
    <pending-finalizers system="0" default="0" reference="36" classloader="0" />
    <remembered-set count="137" />
  </mem-info>
</gc-end>
<cycle-end id="1178" type="scavenge" contextid="1172" timestamp="2019-06-17T03:12:53.298" />
  <attribute name="elasticGC enabled" value="1" />
  <attribute name= "numThreadsSpecified" value="4" />
  <attribute name="heapSize specified" value="8388608" />
  <attribute name="Current GC Util" value="14" />
  <attribute name= "Current Time Running" value="11867" />
  <attribute name ="GC Interval" value="200" />
  <attribute name="ProportionalT" value="-9.000000" />
  <attribute name="ProportionalI" value="-9.000000" />
  <attribute name="ProportionalH" value="-9.000000" />
  <attribute name="Current Error" value="-6.000000" />
  <attribute name="IntegralT" value="-48.000000" />
  <attribute name="IntegralI" value="-48.000000" />
  <attribute name="IntegralH" value="-48.000000" />
  <attribute name="DerivativeT" value="-3.000000" />
  <attribute name="DerivativeI" value="-3.000000" />
  <attribute name="DerivativeH" value="-3.000000" />
  <attribute name="Loop Time for DT" value="8.000000" />
  <attribute name="Output H" value="2092630016"/>
  <attribute name="Output I" value="200"/>
  <attribute name="Output T" value="4"/>
  <attribute name="Target GC Util Change" value ="20.000000" />
  <attribute name="Current GC Util Change" value="14.000000"/>
  <attribute name="GC Util currently" value="14" />
  <attribute name="CPU Util currently" value="558874982097" />
<allocation-satisfied id="1179" threadId="00000000013E6C00" bytesRequested="56" />
<af-end id="1180" timestamp="2019-06-17T03:12:53.299" threadId="00000000013E7588" success="true" from="nursery"/>
<exclusive-end id="1181" timestamp="2019-06-17T03:12:53.299" durationms="1.426" />

<exclusive-start id="1182" timestamp="2019-06-17T03:12:53.305" intervalms="7.737">
  <response-info timems="0.093" idlems="0.055" threads="1" lastid="00000000010DA300" lastname="JIT Compilation Thread-0" />
</exclusive-start>
<af-start id="1183" threadId="00000000013F2D88" totalBytesRequested="16" timestamp="2019-06-17T03:12:53.305" intervalms="7.737" type="nursery" />
<cycle-start id="1184" type="scavenge" contextid="0" timestamp="2019-06-17T03:12:53.305" intervalms="7.755" />
<gc-start id="1185" type="scavenge" contextid="1184" timestamp="2019-06-17T03:12:53.305">
  <mem-info id="1186" free="2077740232" total="2092630016" percent="99">
    <mem type="nursery" free="0" total="2097152" percent="0">
      <mem type="allocate" free="0" total="1376256" percent="0" />
      <mem type="survivor" free="0" total="720896" percent="0" />
    </mem>
    <mem type="tenure" free="2077740232" total="2090532864" percent="99">
      <mem type="soa" free="1973214408" total="1986007040" percent="99" />
      <mem type="loa" free="104525824" total="104525824" percent="100" />
    </mem>
    <remembered-set count="163" />
  </mem-info>
</gc-start>
<allocation-stats totalBytes="782920" >
  <allocated-bytes non-tlh="56" tlh="782864" />
  <largest-consumer threadName="PmdThread 4" threadId="00000000013F6000" bytes="233448" />
</allocation-stats>
<gc-op id="1187" type="scavenge" timems="0.430" contextid="1184" timestamp="2019-06-17T03:12:53.306">
  <scavenger-info tenureage="1" tenuremask="7ffe" tiltratio="65" />
  <memory-copied type="nursery" objects="1720" bytes="118808" bytesdiscarded="177192" />
  <memory-copied type="tenure" objects="2714" bytes="233280" bytesdiscarded="16" />
  <references type="weak" candidates="45" cleared="45" enqueued="45" />
  <references type="phantom" candidates="3" cleared="3" enqueued="3" />
</gc-op>
<gc-end id="1188" type="scavenge" contextid="1184" durationms="1.202" usertimems="0.000" systemtimems="0.000" timestamp="2019-06-17T03:12:53.306" activeThreads="4">
  <mem-info id="1189" free="2078666144" total="2092630016" percent="99">
    <mem type="nursery" free="1145592" total="2097152" percent="54">
      <mem type="allocate" free="1145592" total="1441792" percent="79" />
      <mem type="survivor" free="0" total="655360" percent="0" />
    </mem>
    <mem type="tenure" free="2077520552" total="2090532864" percent="99">
      <mem type="soa" free="1972994728" total="1986007040" percent="99" />
      <mem type="loa" free="104525824" total="104525824" percent="100" />
    </mem>
    <pending-finalizers system="0" default="0" reference="48" classloader="0" />
    <remembered-set count="207" />
  </mem-info>
</gc-end>
<cycle-end id="1190" type="scavenge" contextid="1184" timestamp="2019-06-17T03:12:53.306" />
  <attribute name="elasticGC enabled" value="1" />
  <attribute name= "numThreadsSpecified" value="4" />
  <attribute name="heapSize specified" value="8388608" />
  <attribute name="Current GC Util" value="16" />
  <attribute name= "Current Time Running" value="11875" />
  <attribute name ="GC Interval" value="200" />
  <attribute name="ProportionalT" value="-6.000000" />
  <attribute name="ProportionalI" value="-6.000000" />
  <attribute name="ProportionalH" value="-6.000000" />
  <attribute name="Current Error" value="-4.000000" />
  <attribute name="IntegralT" value="-32.000000" />
  <attribute name="IntegralI" value="-32.000000" />
  <attribute name="IntegralH" value="-32.000000" />
  <attribute name="DerivativeT" value="-0.750000" />
  <attribute name="DerivativeI" value="-0.750000" />
  <attribute name="DerivativeH" value="-0.750000" />
  <attribute name="Loop Time for DT" value="8.000000" />
  <attribute name="Output H" value="2092630016"/>
  <attribute name="Output I" value="200"/>
  <attribute name="Output T" value="4"/>
  <attribute name="Target GC Util Change" value ="20.000000" />
  <attribute name="Current GC Util Change" value="16.000000"/>
  <attribute name="GC Util currently" value="16" />
  <attribute name="CPU Util currently" value="576018153847" />
<allocation-satisfied id="1191" threadId="00000000013F2400" bytesRequested="16" />
<af-end id="1192" timestamp="2019-06-17T03:12:53.307" threadId="00000000013F2D88" success="true" from="nursery"/>
<exclusive-end id="1193" timestamp="2019-06-17T03:12:53.307" durationms="1.713" />

<exclusive-start id="1194" timestamp="2019-06-17T03:12:53.313" intervalms="7.665">
  <response-info timems="0.051" idlems="0.051" threads="0" lastid="00000000013F2400" lastname="PmdThread 3" />
</exclusive-start>
<af-start id="1195" threadId="00000000013F2D88" totalBytesRequested="2000" timestamp="2019-06-17T03:12:53.313" intervalms="7.662" type="nursery" />
<cycle-start id="1196" type="scavenge" contextid="0" timestamp="2019-06-17T03:12:53.313" intervalms="7.647" />
<gc-start id="1197" type="scavenge" contextid="1196" timestamp="2019-06-17T03:12:53.313">
  <mem-info id="1198" free="2077520552" total="2092630016" percent="99">
    <mem type="nursery" free="0" total="2097152" percent="0">
      <mem type="allocate" free="0" total="1441792" percent="0" />
      <mem type="survivor" free="0" total="655360" percent="0" />
    </mem>
    <mem type="tenure" free="2077520552" total="2090532864" percent="99">
      <mem type="soa" free="1972994728" total="1986007040" percent="99" />
      <mem type="loa" free="104525824" total="104525824" percent="100" />
    </mem>
    <remembered-set count="232" />
  </mem-info>
</gc-start>
<allocation-stats totalBytes="1134000" >
  <allocated-bytes non-tlh="16408" tlh="1117592" />
  <largest-consumer threadName="PmdThread 4" threadId="00000000013F6000" bytes="351856" />
</allocation-stats>
<gc-op id="1199" type="scavenge" timems="0.531" contextid="1196" timestamp="2019-06-17T03:12:53.313">
  <scavenger-info tenureage="2" tenuremask="7ffc" tiltratio="68" />
  <memory-copied type="nursery" objects="5612" bytes="562880" bytesdiscarded="91968" />
  <references type="weak" candidates="14" cleared="12" enqueued="12" />
  <references type="phantom" candidates="6" cleared="2" enqueued="2" />
</gc-op>
<gc-end id="1200" type="scavenge" contextid="1196" durationms="0.898" usertimems="0.000" systemtimems="0.000" timestamp="2019-06-17T03:12:53.314" activeThreads="4">
  <mem-info id="1201" free="2077913768" total="2092630016" percent="99">
    <mem type="nursery" free="393216" total="2097152" percent="18">
      <mem type="allocate" free="393216" total="1048576" percent="37" />
      <mem type="survivor" free="0" total="1048576" percent="0" />
    </mem>
    <mem type="tenure" free="2077520552" total="2090532864" percent="99">
      <mem type="soa" free="1972994728" total="1986007040" percent="99" />
      <mem type="loa" free="104525824" total="104525824" percent="100" />
    </mem>
    <pending-finalizers system="0" default="0" reference="14" classloader="0" />
    <remembered-set count="224" />
  </mem-info>
</gc-end>
<cycle-end id="1202" type="scavenge" contextid="1196" timestamp="2019-06-17T03:12:53.314" />
  <attribute name="elasticGC enabled" value="1" />
  <attribute name= "numThreadsSpecified" value="4" />
  <attribute name="heapSize specified" value="8388608" />
  <attribute name="Current GC Util" value="15" />
  <attribute name= "Current Time Running" value="11883" />
  <attribute name ="GC Interval" value="200" />
  <attribute name="ProportionalT" value="-7.500000" />
  <attribute name="ProportionalI" value="-7.500000" />
  <attribute name="ProportionalH" value="-7.500000" />
  <attribute name="Current Error" value="-5.000000" />
  <attribute name="IntegralT" value="-40.000000" />
  <attribute name="IntegralI" value="-40.000000" />
  <attribute name="IntegralH" value="-40.000000" />
  <attribute name="DerivativeT" value="-0.937500" />
  <attribute name="DerivativeI" value="-0.937500" />
  <attribute name="DerivativeH" value="-0.937500" />
  <attribute name="Loop Time for DT" value="8.000000" />
  <attribute name="Output H" value="2092630016"/>
  <attribute name="Output I" value="200"/>
  <attribute name="Output T" value="4"/>
  <attribute name="Target GC Util Change" value ="20.000000" />
  <attribute name="Current GC Util Change" value="15.000000"/>
  <attribute name="GC Util currently" value="15" />
  <attribute name="CPU Util currently" value="638352276595" />
<allocation-satisfied id="1203" threadId="00000000013F2400" bytesRequested="2000" />
<af-end id="1204" timestamp="2019-06-17T03:12:53.314" threadId="00000000013F2D88" success="true" from="nursery"/>
<exclusive-end id="1205" timestamp="2019-06-17T03:12:53.314" durationms="1.368" />

<exclusive-start id="1206" timestamp="2019-06-17T03:12:53.317" intervalms="4.143">
  <response-info timems="0.039" idlems="0.031" threads="1" lastid="00000000013E6C00" lastname="PmdThread 1" />
</exclusive-start>
<af-start id="1207" threadId="00000000013EB188" totalBytesRequested="72" timestamp="2019-06-17T03:12:53.317" intervalms="4.147" type="nursery" />
<cycle-start id="1208" type="scavenge" contextid="0" timestamp="2019-06-17T03:12:53.317" intervalms="4.156" />
<gc-start id="1209" type="scavenge" contextid="1208" timestamp="2019-06-17T03:12:53.317">
  <mem-info id="1210" free="2077520552" total="2092630016" percent="99">
    <mem type="nursery" free="0" total="2097152" percent="0">
      <mem type="allocate" free="0" total="1048576" percent="0" />
      <mem type="survivor" free="0" total="1048576" percent="0" />
    </mem>
    <mem type="tenure" free="2077520552" total="2090532864" percent="99">
      <mem type="soa" free="1972994728" total="1986007040" percent="99" />
      <mem type="loa" free="104525824" total="104525824" percent="100" />
    </mem>
    <remembered-set count="234" />
  </mem-info>
</gc-start>
<allocation-stats totalBytes="374816" >
  <allocated-bytes non-tlh="2000" tlh="372816" />
  <largest-consumer threadName="PmdThread 4" threadId="00000000013F6000" bytes="153792" />
</allocation-stats>
<gc-op id="1211" type="scavenge" timems="0.702" contextid="1208" timestamp="2019-06-17T03:12:53.318">
  <scavenger-info tenureage="1" tenuremask="7ffe" tiltratio="50" />
  <memory-copied type="nursery" objects="1385" bytes="120720" bytesdiscarded="76888" />
  <memory-copied type="tenure" objects="4345" bytes="444160" bytesdiscarded="248" />
  <references type="weak" candidates="16" cleared="15" enqueued="15" />
  <references type="phantom" candidates="3" cleared="1" enqueued="1" />
</gc-op>
<gc-end id="1212" type="scavenge" contextid="1208" durationms="1.103" usertimems="0.000" systemtimems="0.000" timestamp="2019-06-17T03:12:53.318" activeThreads="4">
  <mem-info id="1213" free="2077980648" total="2092630016" percent="99">
    <mem type="nursery" free="916448" total="2097152" percent="43">
      <mem type="allocate" free="916448" total="1114112" percent="82" />
      <mem type="survivor" free="0" total="983040" percent="0" />
    </mem>
    <mem type="tenure" free="2077064200" total="2090532864" percent="99">
      <mem type="soa" free="1972538376" total="1986007040" percent="99" />
      <mem type="loa" free="104525824" total="104525824" percent="100" />
    </mem>
    <pending-finalizers system="0" default="0" reference="16" classloader="0" />
    <remembered-set count="213" />
  </mem-info>
</gc-end>
<cycle-end id="1214" type="scavenge" contextid="1208" timestamp="2019-06-17T03:12:53.318" />
  <attribute name="elasticGC enabled" value="1" />
  <attribute name= "numThreadsSpecified" value="4" />
  <attribute name="heapSize specified" value="8388608" />
  <attribute name="Current GC Util" value="27" />
  <attribute name= "Current Time Running" value="11887" />
  <attribute name ="GC Interval" value="200" />
  <attribute name="ProportionalT" value="10.500000" />
  <attribute name="ProportionalI" value="10.500000" />
  <attribute name="ProportionalH" value="10.500000" />
  <attribute name="Current Error" value="7.000000" />
  <attribute name="IntegralT" value="28.000000" />
  <attribute name="IntegralI" value="28.000000" />
  <attribute name="IntegralH" value="28.000000" />
  <attribute name="DerivativeT" value="2.625000" />
  <attribute name="DerivativeI" value="2.625000" />
  <attribute name="DerivativeH" value="2.625000" />
  <attribute name="Loop Time for DT" value="4.000000" />
  <attribute name="Output H" value="8388608"/>
  <attribute name="Output I" value="200"/>
  <attribute name="Output T" value="4"/>
  <attribute name="Target GC Util Change" value ="20.000000" />
  <attribute name="Current GC Util Change" value="27.000000"/>
  <attribute name="GC Util currently" value="27" />
  <attribute name="CPU Util currently" value="1100485567268" />
<allocation-satisfied id="1215" threadId="00000000013EA800" bytesRequested="72" />
<af-end id="1216" timestamp="2019-06-17T03:12:53.318" threadId="00000000013EB188" success="true" from="nursery"/>
<exclusive-end id="1217" timestamp="2019-06-17T03:12:53.318" durationms="1.572" />

<exclusive-start id="1218" timestamp="2019-06-17T03:12:53.323" intervalms="6.525">
  <response-info timems="0.099" idlems="0.036" threads="2" lastid="00000000013EA800" lastname="PmdThread 2" />
</exclusive-start>
<af-start id="1219" threadId="00000000013F2D88" totalBytesRequested="16392" timestamp="2019-06-17T03:12:53.323" intervalms="6.516" type="nursery" />
<cycle-start id="1220" type="scavenge" contextid="0" timestamp="2019-06-17T03:12:53.323" intervalms="6.534" />
<gc-start id="1221" type="scavenge" contextid="1220" timestamp="2019-06-17T03:12:53.323">
  <mem-info id="1222" free="2077064200" total="2092630016" percent="99">
    <mem type="nursery" free="0" total="2097152" percent="0">
      <mem type="allocate" free="0" total="1114112" percent="0" />
      <mem type="survivor" free="0" total="983040" percent="0" />
    </mem>
    <mem type="tenure" free="2077064200" total="2090532864" percent="99">
      <mem type="soa" free="1972538376" total="1986007040" percent="99" />
      <mem type="loa" free="104525824" total="104525824" percent="100" />
    </mem>
    <remembered-set count="250" />
  </mem-info>
</gc-start>
<allocation-stats totalBytes="890264" >
  <allocated-bytes non-tlh="32856" tlh="857408" />
  <largest-consumer threadName="PmdThread 1" threadId="00000000013E6C00" bytes="245096" />
</allocation-stats>
<gc-op id="1223" type="scavenge" timems="0.520" contextid="1220" timestamp="2019-06-17T03:12:53.324">
  <scavenger-info tenureage="1" tenuremask="7ffe" tiltratio="53" />
  <memory-copied type="nursery" objects="2304" bytes="316456" bytesdiscarded="86088" />
  <memory-copied type="tenure" objects="1297" bytes="102936" bytesdiscarded="8" />
  <references type="weak" candidates="40" cleared="39" enqueued="39" />
  <references type="phantom" candidates="5" cleared="2" enqueued="2" />
</gc-op>
<gc-end id="1224" type="scavenge" contextid="1220" durationms="0.891" usertimems="0.000" systemtimems="0.000" timestamp="2019-06-17T03:12:53.324" activeThreads="4">
  <mem-info id="1225" free="2077834656" total="2092630016" percent="99">
    <mem type="nursery" free="842416" total="2097152" percent="40">
      <mem type="allocate" free="842416" total="1245184" percent="67" />
      <mem type="survivor" free="0" total="851968" percent="0" />
    </mem>
    <mem type="tenure" free="2076992240" total="2090532864" percent="99">
      <mem type="soa" free="1972466416" total="1986007040" percent="99" />
      <mem type="loa" free="104525824" total="104525824" percent="100" />
    </mem>
    <pending-finalizers system="0" default="0" reference="41" classloader="0" />
    <remembered-set count="155" />
  </mem-info>
</gc-end>
<cycle-end id="1226" type="scavenge" contextid="1220" timestamp="2019-06-17T03:12:53.324" />
  <attribute name="elasticGC enabled" value="1" />
  <attribute name= "numThreadsSpecified" value="4" />
  <attribute name="heapSize specified" value="8388608" />
  <attribute name="Current GC Util" value="21" />
  <attribute name= "Current Time Running" value="11893" />
  <attribute name ="GC Interval" value="200" />
  <attribute name="ProportionalT" value="1.500000" />
  <attribute name="ProportionalI" value="1.500000" />
  <attribute name="ProportionalH" value="1.500000" />
  <attribute name="Current Error" value="1.000000" />
  <attribute name="IntegralT" value="6.000000" />
  <attribute name="IntegralI" value="6.000000" />
  <attribute name="IntegralH" value="6.000000" />
  <attribute name="DerivativeT" value="-1.500000" />
  <attribute name="DerivativeI" value="-1.500000" />
  <attribute name="DerivativeH" value="-1.500000" />
  <attribute name="Loop Time for DT" value="6.000000" />
  <attribute name="Output H" value="8388608"/>
  <attribute name="Output I" value="200"/>
  <attribute name="Output T" value="4"/>
  <attribute name="Target GC Util Change" value ="20.000000" />
  <attribute name="Current GC Util Change" value="21.000000"/>
  <attribute name="GC Util currently" value="21" />
  <attribute name="CPU Util currently" value="710270798324" />
<allocation-satisfied id="1227" threadId="00000000013F2400" bytesRequested="16392" />
<af-end id="1228" timestamp="2019-06-17T03:12:53.325" threadId="00000000013F2D88" success="true" from="nursery"/>
<exclusive-end id="1229" timestamp="2019-06-17T03:12:53.325" durationms="1.363" />

<exclusive-start id="1230" timestamp="2019-06-17T03:12:53.329" intervalms="5.756">
  <response-info timems="0.039" idlems="0.039" threads="0" lastid="00000000013F2400" lastname="PmdThread 3" />
</exclusive-start>
<af-start id="1231" threadId="00000000013F2D88" totalBytesRequested="16392" timestamp="2019-06-17T03:12:53.329" intervalms="5.786" type="nursery" />
<cycle-start id="1232" type="scavenge" contextid="0" timestamp="2019-06-17T03:12:53.329" intervalms="5.737" />
<gc-start id="1233" type="scavenge" contextid="1232" timestamp="2019-06-17T03:12:53.329">
  <mem-info id="1234" free="2076992240" total="2092630016" percent="99">
    <mem type="nursery" free="0" total="2097152" percent="0">
      <mem type="allocate" free="0" total="1245184" percent="0" />
      <mem type="survivor" free="0" total="851968" percent="0" />
    </mem>
    <mem type="tenure" free="2076992240" total="2090532864" percent="99">
      <mem type="soa" free="1972466416" total="1986007040" percent="99" />
      <mem type="loa" free="104525824" total="104525824" percent="100" />
    </mem>
    <remembered-set count="197" />
  </mem-info>
</gc-start>
<allocation-stats totalBytes="814384" >
  <allocated-bytes non-tlh="16392" tlh="797992" />
  <largest-consumer threadName="PmdThread 1" threadId="00000000013E6C00" bytes="405296" />
</allocation-stats>
<gc-op id="1235" type="scavenge" timems="0.493" contextid="1232" timestamp="2019-06-17T03:12:53.330">
  <scavenger-info tenureage="1" tenuremask="7ffe" tiltratio="59" />
  <memory-copied type="nursery" objects="1813" bytes="200528" bytesdiscarded="169736" />
  <memory-copied type="tenure" objects="1694" bytes="210240" bytesdiscarded="768" />
  <references type="weak" candidates="34" cleared="34" enqueued="34" />
  <references type="phantom" candidates="5" cleared="3" enqueued="3" />
</gc-op>
<gc-end id="1236" type="scavenge" contextid="1232" durationms="1.227" usertimems="4.000" systemtimems="0.000" timestamp="2019-06-17T03:12:53.330" activeThreads="4">
  <mem-info id="1237" free="2077749400" total="2092630016" percent="99">
    <mem type="nursery" free="940248" total="2097152" percent="44">
      <mem type="allocate" free="940248" total="1310720" percent="71" />
      <mem type="survivor" free="0" total="786432" percent="0" />
    </mem>
    <mem type="tenure" free="2076809152" total="2090532864" percent="99">
      <mem type="soa" free="1972283328" total="1986007040" percent="99" />
      <mem type="loa" free="104525824" total="104525824" percent="100" />
    </mem>
    <pending-finalizers system="0" default="0" reference="37" classloader="0" />
    <remembered-set count="196" />
  </mem-info>
</gc-end>
<cycle-end id="1238" type="scavenge" contextid="1232" timestamp="2019-06-17T03:12:53.331" />
  <attribute name="elasticGC enabled" value="1" />
  <attribute name= "numThreadsSpecified" value="4" />
  <attribute name="heapSize specified" value="8388608" />
  <attribute name="Current GC Util" value="17" />
  <attribute name= "Current Time Running" value="11900" />
  <attribute name ="GC Interval" value="200" />
  <attribute name="ProportionalT" value="-4.500000" />
  <attribute name="ProportionalI" value="-4.500000" />
  <attribute name="ProportionalH" value="-4.500000" />
  <attribute name="Current Error" value="-3.000000" />
  <attribute name="IntegralT" value="-21.000000" />
  <attribute name="IntegralI" value="-21.000000" />
  <attribute name="IntegralH" value="-21.000000" />
  <attribute name="DerivativeT" value="-0.857143" />
  <attribute name="DerivativeI" value="-0.857143" />
  <attribute name="DerivativeH" value="-0.857143" />
  <attribute name="Loop Time for DT" value="7.000000" />
  <attribute name="Output H" value="2092630016"/>
  <attribute name="Output I" value="200"/>
  <attribute name="Output T" value="4"/>
  <attribute name="Target GC Util Change" value ="20.000000" />
  <attribute name="Current GC Util Change" value="17.000000"/>
  <attribute name="GC Util currently" value="17" />
  <attribute name="CPU Util currently" value="753175247411" />
<allocation-satisfied id="1239" threadId="00000000013F2400" bytesRequested="16392" />
<af-end id="1240" timestamp="2019-06-17T03:12:53.331" threadId="00000000013F2D88" success="true" from="nursery"/>
<exclusive-end id="1241" timestamp="2019-06-17T03:12:53.331" durationms="1.713" />

<exclusive-start id="1242" timestamp="2019-06-17T03:12:53.337" intervalms="7.819">
  <response-info timems="0.189" idlems="0.170" threads="1" lastid="00000000013F2400" lastname="PmdThread 3" />
</exclusive-start>
<af-start id="1243" threadId="00000000013EB188" totalBytesRequested="48" timestamp="2019-06-17T03:12:53.337" intervalms="7.799" type="nursery" />
<cycle-start id="1244" type="scavenge" contextid="0" timestamp="2019-06-17T03:12:53.337" intervalms="7.821" />
<gc-start id="1245" type="scavenge" contextid="1244" timestamp="2019-06-17T03:12:53.337">
  <mem-info id="1246" free="2076809152" total="2092630016" percent="99">
    <mem type="nursery" free="0" total="2097152" percent="0">
      <mem type="allocate" free="0" total="1310720" percent="0" />
      <mem type="survivor" free="0" total="786432" percent="0" />
    </mem>
    <mem type="tenure" free="2076809152" total="2090532864" percent="99">
      <mem type="soa" free="1972283328" total="1986007040" percent="99" />
      <mem type="loa" free="104525824" total="104525824" percent="100" />
    </mem>
    <remembered-set count="232" />
  </mem-info>
</gc-start>
<allocation-stats totalBytes="939416" >
  <allocated-bytes non-tlh="32784" tlh="906632" />
  <largest-consumer threadName="PmdThread 3" threadId="00000000013F2400" bytes="274360" />
</allocation-stats>
<gc-op id="1247" type="scavenge" timems="0.424" contextid="1244" timestamp="2019-06-17T03:12:53.338">
  <scavenger-info tenureage="1" tenuremask="7ffe" tiltratio="62" />
  <memory-copied type="nursery" objects="3158" bytes="512064" bytesdiscarded="89584" />
  <memory-copied type="tenure" objects="1638" bytes="116424" bytesdiscarded="16" />
  <references type="weak" candidates="14" cleared="14" enqueued="14" />
  <references type="phantom" candidates="7" cleared="4" enqueued="4" />
</gc-op>
<gc-end id="1248" type="scavenge" contextid="1244" durationms="0.785" usertimems="0.000" systemtimems="0.000" timestamp="2019-06-17T03:12:53.338" activeThreads="4">
  <mem-info id="1249" free="2077275696" total="2092630016" percent="99">
    <mem type="nursery" free="577672" total="2097152" percent="27">
      <mem type="allocate" free="577672" total="1179648" percent="48" />
      <mem type="survivor" free="0" total="917504" percent="0" />
    </mem>
    <mem type="tenure" free="2076698024" total="2090532864" percent="99">
      <mem type="soa" free="1972172200" total="1986007040" percent="99" />
      <mem type="loa" free="104525824" total="104525824" percent="100" />
    </mem>
    <pending-finalizers system="0" default="0" reference="18" classloader="0" />
    <remembered-set count="143" />
  </mem-info>
</gc-end>
<cycle-end id="1250" type="scavenge" contextid="1244" timestamp="2019-06-17T03:12:53.338" />
  <attribute name="elasticGC enabled" value="1" />
  <attribute name= "numThreadsSpecified" value="4" />
  <attribute name="heapSize specified" value="8388608" />
  <attribute name="Current GC Util" value="13" />
  <attribute name= "Current Time Running" value="11907" />
  <attribute name ="GC Interval" value="200" />
  <attribute name="ProportionalT" value="-10.500000" />
  <attribute name="ProportionalI" value="-10.500000" />
  <attribute name="ProportionalH" value="-10.500000" />
  <attribute name="Current Error" value="-7.000000" />
  <attribute name="IntegralT" value="-49.000000" />
  <attribute name="IntegralI" value="-49.000000" />
  <attribute name="IntegralH" value="-49.000000" />
  <attribute name="DerivativeT" value="-1.500000" />
  <attribute name="DerivativeI" value="-1.500000" />
  <attribute name="DerivativeH" value="-1.500000" />
  <attribute name="Loop Time for DT" value="7.000000" />
  <attribute name="Output H" value="2092630016"/>
  <attribute name="Output I" value="200"/>
  <attribute name="Output T" value="4"/>
  <attribute name="Target GC Util Change" value ="20.000000" />
  <attribute name="Current GC Util Change" value="13.000000"/>
  <attribute name="GC Util currently" value="13" />
  <attribute name="CPU Util currently" value="620244259219" />
<allocation-satisfied id="1251" threadId="00000000013EA800" bytesRequested="48" />
<af-end id="1252" timestamp="2019-06-17T03:12:53.338" threadId="00000000013EB188" success="true" from="nursery"/>
<exclusive-end id="1253" timestamp="2019-06-17T03:12:53.338" durationms="1.251" />

<exclusive-start id="1254" timestamp="2019-06-17T03:12:53.340" intervalms="3.633">
  <response-info timems="0.030" idlems="0.030" threads="0" lastid="00000000013E6C00" lastname="PmdThread 1" />
</exclusive-start>
<af-start id="1255" threadId="00000000013E7588" totalBytesRequested="72" timestamp="2019-06-17T03:12:53.340" intervalms="3.625" type="nursery" />
<cycle-start id="1256" type="scavenge" contextid="0" timestamp="2019-06-17T03:12:53.341" intervalms="3.621" />
<gc-start id="1257" type="scavenge" contextid="1256" timestamp="2019-06-17T03:12:53.341">
  <mem-info id="1258" free="2076698024" total="2092630016" percent="99">
    <mem type="nursery" free="0" total="2097152" percent="0">
      <mem type="allocate" free="0" total="1179648" percent="0" />
      <mem type="survivor" free="0" total="917504" percent="0" />
    </mem>
    <mem type="tenure" free="2076698024" total="2090532864" percent="99">
      <mem type="soa" free="1972172200" total="1986007040" percent="99" />
      <mem type="loa" free="104525824" total="104525824" percent="100" />
    </mem>
    <remembered-set count="146" />
  </mem-info>
</gc-start>
<allocation-stats totalBytes="577040" >
  <allocated-bytes non-tlh="48" tlh="576992" />
  <largest-consumer threadName="PmdThread 1" threadId="00000000013E6C00" bytes="187984" />
</allocation-stats>
<gc-op id="1259" type="scavenge" timems="0.814" contextid="1256" timestamp="2019-06-17T03:12:53.342">
  <scavenger-info tenureage="1" tenuremask="7ffe" tiltratio="56" />
  <memory-copied type="nursery" objects="5240" bytes="183456" bytesdiscarded="174424" />
  <memory-copied type="tenure" objects="2666" bytes="488200" bytesdiscarded="240" />
</gc-op>
<gc-end id="1260" type="scavenge" contextid="1256" durationms="1.025" usertimems="0.000" systemtimems="0.000" timestamp="2019-06-17T03:12:53.342" activeThreads="4">
  <mem-info id="1261" free="2077108776" total="2092630016" percent="99">
    <mem type="nursery" free="887296" total="2097152" percent="42">
      <mem type="allocate" free="887296" total="1245184" percent="71" />
      <mem type="survivor" free="0" total="851968" percent="0" />
    </mem>
    <mem type="tenure" free="2076221480" total="2090532864" percent="99">
      <mem type="soa" free="1971695656" total="1986007040" percent="99" />
      <mem type="loa" free="104525824" total="104525824" percent="100" />
    </mem>
    <remembered-set count="217" />
  </mem-info>
</gc-end>
<cycle-end id="1262" type="scavenge" contextid="1256" timestamp="2019-06-17T03:12:53.342" />
  <attribute name="elasticGC enabled" value="1" />
  <attribute name= "numThreadsSpecified" value="4" />
  <attribute name="heapSize specified" value="8388608" />
  <attribute name="Current GC Util" value="31" />
  <attribute name= "Current Time Running" value="11911" />
  <attribute name ="GC Interval" value="200" />
  <attribute name="ProportionalT" value="16.500000" />
  <attribute name="ProportionalI" value="16.500000" />
  <attribute name="ProportionalH" value="16.500000" />
  <attribute name="Current Error" value="11.000000" />
  <attribute name="IntegralT" value="44.000000" />
  <attribute name="IntegralI" value="44.000000" />
  <attribute name="IntegralH" value="44.000000" />
  <attribute name="DerivativeT" value="4.125000" />
  <attribute name="DerivativeI" value="4.125000" />
  <attribute name="DerivativeH" value="4.125000" />
  <attribute name="Loop Time for DT" value="4.000000" />
  <attribute name="Output H" value="8388608"/>
  <attribute name="Output I" value="200"/>
  <attribute name="Output T" value="4"/>
  <attribute name="Target GC Util Change" value ="20.000000" />
  <attribute name="Current GC Util Change" value="31.000000"/>
  <attribute name="GC Util currently" value="31" />
  <attribute name="CPU Util currently" value="1272947746504" />
<allocation-satisfied id="1263" threadId="00000000013E6C00" bytesRequested="72" />
<af-end id="1264" timestamp="2019-06-17T03:12:53.342" threadId="00000000013E7588" success="true" from="nursery"/>
<exclusive-end id="1265" timestamp="2019-06-17T03:12:53.342" durationms="1.459" />

<exclusive-start id="1266" timestamp="2019-06-17T03:12:53.345" intervalms="4.595">
  <response-info timems="0.066" idlems="0.066" threads="0" lastid="00000000013F2400" lastname="PmdThread 3" />
</exclusive-start>
<af-start id="1267" threadId="00000000013F2D88" totalBytesRequested="16" timestamp="2019-06-17T03:12:53.346" intervalms="5.088" type="nursery" />
<cycle-start id="1268" type="scavenge" contextid="0" timestamp="2019-06-17T03:12:53.346" intervalms="5.088" />
<gc-start id="1269" type="scavenge" contextid="1268" timestamp="2019-06-17T03:12:53.346">
  <mem-info id="1270" free="2076221480" total="2092630016" percent="99">
    <mem type="nursery" free="0" total="2097152" percent="0">
      <mem type="allocate" free="0" total="1245184" percent="0" />
      <mem type="survivor" free="0" total="851968" percent="0" />
    </mem>
    <mem type="tenure" free="2076221480" total="2090532864" percent="99">
      <mem type="soa" free="1971695656" total="1986007040" percent="99" />
      <mem type="loa" free="104525824" total="104525824" percent="100" />
    </mem>
    <remembered-set count="266" />
  </mem-info>
</gc-start>
<allocation-stats totalBytes="886864" >
  <allocated-bytes non-tlh="72" tlh="886792" />
  <largest-consumer threadName="PmdThread 1" threadId="00000000013E6C00" bytes="399784" />
</allocation-stats>
<gc-op id="1271" type="scavenge" timems="0.738" contextid="1268" timestamp="2019-06-17T03:12:53.347">
  <scavenger-info tenureage="1" tenuremask="7ffe" tiltratio="59" />
  <memory-copied type="nursery" objects="4240" bytes="154128" bytesdiscarded="80856" />
  <memory-copied type="tenure" objects="4376" bytes="160464" bytesdiscarded="208" />
  <references type="weak" candidates="14" cleared="14" enqueued="14" />
  <references type="phantom" candidates="2" cleared="2" enqueued="2" />
</gc-op>
<gc-end id="1272" type="scavenge" contextid="1268" durationms="1.114" usertimems="0.000" systemtimems="0.000" timestamp="2019-06-17T03:12:53.347" activeThreads="4">
  <mem-info id="1273" free="2077166888" total="2092630016" percent="99">
    <mem type="nursery" free="1141248" total="2097152" percent="54">
      <mem type="allocate" free="1141248" total="1376256" percent="82" />
      <mem type="survivor" free="0" total="720896" percent="0" />
    </mem>
    <mem type="tenure" free="2076025640" total="2090532864" percent="99">
      <mem type="soa" free="1971499816" total="1986007040" percent="99" />
      <mem type="loa" free="104525824" total="104525824" percent="100" />
    </mem>
    <pending-finalizers system="0" default="0" reference="16" classloader="0" />
    <remembered-set count="212" />
  </mem-info>
</gc-end>
<cycle-end id="1274" type="scavenge" contextid="1268" timestamp="2019-06-17T03:12:53.347" />
  <attribute name="elasticGC enabled" value="1" />
  <attribute name= "numThreadsSpecified" value="4" />
  <attribute name="heapSize specified" value="8388608" />
  <attribute name="Current GC Util" value="29" />
  <attribute name= "Current Time Running" value="11916" />
  <attribute name ="GC Interval" value="200" />
  <attribute name="ProportionalT" value="13.500000" />
  <attribute name="ProportionalI" value="13.500000" />
  <attribute name="ProportionalH" value="13.500000" />
  <attribute name="Current Error" value="9.000000" />
  <attribute name="IntegralT" value="45.000000" />
  <attribute name="IntegralI" value="45.000000" />
  <attribute name="IntegralH" value="45.000000" />
  <attribute name="DerivativeT" value="-0.600000" />
  <attribute name="DerivativeI" value="-0.600000" />
  <attribute name="DerivativeH" value="-0.600000" />
  <attribute name="Loop Time for DT" value="5.000000" />
  <attribute name="Output H" value="8388608"/>
  <attribute name="Output I" value="200"/>
  <attribute name="Output T" value="4"/>
  <attribute name="Target GC Util Change" value ="20.000000" />
  <attribute name="Current GC Util Change" value="29.000000"/>
  <attribute name="GC Util currently" value="29" />
  <attribute name="CPU Util currently" value="904861788090" />
<allocation-satisfied id="1275" threadId="00000000013F2400" bytesRequested="16" />
<af-end id="1276" timestamp="2019-06-17T03:12:53.347" threadId="00000000013F2D88" success="true" from="nursery"/>
<exclusive-end id="1277" timestamp="2019-06-17T03:12:53.347" durationms="2.086" />

<exclusive-start id="1278" timestamp="2019-06-17T03:12:53.351" intervalms="6.258">
  <response-info timems="0.191" idlems="0.179" threads="1" lastid="00000000013F2400" lastname="PmdThread 3" />
</exclusive-start>
<af-start id="1279" threadId="00000000013EB188" totalBytesRequested="40" timestamp="2019-06-17T03:12:53.351" intervalms="5.768" type="nursery" />
<cycle-start id="1280" type="scavenge" contextid="0" timestamp="2019-06-17T03:12:53.351" intervalms="5.770" />
<gc-start id="1281" type="scavenge" contextid="1280" timestamp="2019-06-17T03:12:53.351">
  <mem-info id="1282" free="2076025640" total="2092630016" percent="99">
    <mem type="nursery" free="0" total="2097152" percent="0">
      <mem type="allocate" free="0" total="1376256" percent="0" />
      <mem type="survivor" free="0" total="720896" percent="0" />
    </mem>
    <mem type="tenure" free="2076025640" total="2090532864" percent="99">
      <mem type="soa" free="1971499816" total="1986007040" percent="99" />
      <mem type="loa" free="104525824" total="104525824" percent="100" />
    </mem>
    <remembered-set count="227" />
  </mem-info>
</gc-start>
<allocation-stats totalBytes="1140816" >
  <allocated-bytes non-tlh="32800" tlh="1108016" />
  <largest-consumer threadName="PmdThread 2" threadId="00000000013EA800" bytes="391504" />
</allocation-stats>
<gc-op id="1283" type="scavenge" timems="0.905" contextid="1280" timestamp="2019-06-17T03:12:53.352">
  <scavenger-info tenureage="1" tenuremask="7ffe" tiltratio="65" />
  <memory-copied type="nursery" objects="8497" bytes="443912" bytesdiscarded="128272" />
  <memory-copied type="tenure" objects="3396" bytes="127080" bytesdiscarded="80" />
  <references type="phantom" candidates="2" cleared="0" enqueued="0" />
</gc-op>
<gc-end id="1284" type="scavenge" contextid="1280" durationms="1.276" usertimems="4.000" systemtimems="0.000" timestamp="2019-06-17T03:12:53.353" activeThreads="4">
  <mem-info id="1285" free="2076646664" total="2092630016" percent="99">
    <mem type="nursery" free="738528" total="2097152" percent="35">
      <mem type="allocate" free="738528" total="1310720" percent="56" />
      <mem type="survivor" free="0" total="786432" percent="0" />
    </mem>
    <mem type="tenure" free="2075908136" total="2090532864" percent="99">
      <mem type="soa" free="1971382312" total="1986007040" percent="99" />
      <mem type="loa" free="104525824" total="104525824" percent="100" />
    </mem>
    <remembered-set count="176" />
  </mem-info>
</gc-end>
<cycle-end id="1286" type="scavenge" contextid="1280" timestamp="2019-06-17T03:12:53.353" />
  <attribute name="elasticGC enabled" value="1" />
  <attribute name= "numThreadsSpecified" value="4" />
  <attribute name="heapSize specified" value="8388608" />
  <attribute name="Current GC Util" value="25" />
  <attribute name= "Current Time Running" value="11921" />
  <attribute name ="GC Interval" value="200" />
  <attribute name="ProportionalT" value="7.500000" />
  <attribute name="ProportionalI" value="7.500000" />
  <attribute name="ProportionalH" value="7.500000" />
  <attribute name="Current Error" value="5.000000" />
  <attribute name="IntegralT" value="25.000000" />
  <attribute name="IntegralI" value="25.000000" />
  <attribute name="IntegralH" value="25.000000" />
  <attribute name="DerivativeT" value="-1.200000" />
  <attribute name="DerivativeI" value="-1.200000" />
  <attribute name="DerivativeH" value="-1.200000" />
  <attribute name="Loop Time for DT" value="5.000000" />
  <attribute name="Output H" value="8388608"/>
  <attribute name="Output I" value="200"/>
  <attribute name="Output T" value="4"/>
  <attribute name="Target GC Util Change" value ="20.000000" />
  <attribute name="Current GC Util Change" value="25.000000"/>
  <attribute name="GC Util currently" value="25" />
  <attribute name="CPU Util currently" value="800159004105" />
<allocation-satisfied id="1287" threadId="00000000013EA800" bytesRequested="40" />
<af-end id="1288" timestamp="2019-06-17T03:12:53.353" threadId="00000000013EB188" success="true" from="nursery"/>
<exclusive-end id="1289" timestamp="2019-06-17T03:12:53.353" durationms="1.759" />

<exclusive-start id="1290" timestamp="2019-06-17T03:12:53.355" intervalms="3.839">
  <response-info timems="0.042" idlems="0.042" threads="0" lastid="00000000013F2400" lastname="PmdThread 3" />
</exclusive-start>
<af-start id="1291" threadId="00000000013F2D88" totalBytesRequested="40" timestamp="2019-06-17T03:12:53.355" intervalms="3.836" type="nursery" />
<cycle-start id="1292" type="scavenge" contextid="0" timestamp="2019-06-17T03:12:53.355" intervalms="3.836" />
<gc-start id="1293" type="scavenge" contextid="1292" timestamp="2019-06-17T03:12:53.355">
  <mem-info id="1294" free="2075908136" total="2092630016" percent="99">
    <mem type="nursery" free="0" total="2097152" percent="0">
      <mem type="allocate" free="0" total="1310720" percent="0" />
      <mem type="survivor" free="0" total="786432" percent="0" />
    </mem>
    <mem type="tenure" free="2075908136" total="2090532864" percent="99">
      <mem type="soa" free="1971382312" total="1986007040" percent="99" />
      <mem type="loa" free="104525824" total="104525824" percent="100" />
    </mem>
    <remembered-set count="209" />
  </mem-info>
</gc-start>
<allocation-stats totalBytes="738168" >
  <allocated-bytes non-tlh="40" tlh="738128" />
  <largest-consumer threadName="PmdThread 3" threadId="00000000013F2400" bytes="245560" />
</allocation-stats>
<gc-op id="1295" type="scavenge" timems="0.732" contextid="1292" timestamp="2019-06-17T03:12:53.356">
  <scavenger-info tenureage="1" tenuremask="7ffe" tiltratio="62" />
  <memory-copied type="nursery" objects="5761" bytes="203408" bytesdiscarded="154480" />
  <memory-copied type="tenure" objects="7478" bytes="417536" bytesdiscarded="688" />
</gc-op>
<gc-end id="1296" type="scavenge" contextid="1292" durationms="1.099" usertimems="0.000" systemtimems="0.000" timestamp="2019-06-17T03:12:53.356" activeThreads="4">
  <mem-info id="1297" free="2076339168" total="2092630016" percent="99">
    <mem type="nursery" free="1018368" total="2097152" percent="48">
      <mem type="allocate" free="1018368" total="1376256" percent="73" />
      <mem type="survivor" free="0" total="720896" percent="0" />
    </mem>
    <mem type="tenure" free="2075320800" total="2090532864" percent="99">
      <mem type="soa" free="1970794976" total="1986007040" percent="99" />
      <mem type="loa" free="104525824" total="104525824" percent="100" />
    </mem>
    <remembered-set count="208" />
  </mem-info>
</gc-end>
<cycle-end id="1298" type="scavenge" contextid="1292" timestamp="2019-06-17T03:12:53.356" />
  <attribute name="elasticGC enabled" value="1" />
  <attribute name= "numThreadsSpecified" value="4" />
  <attribute name="heapSize specified" value="8388608" />
  <attribute name="Current GC Util" value="46" />
  <attribute name= "Current Time Running" value="11925" />
  <attribute name ="GC Interval" value="200" />
  <attribute name="ProportionalT" value="39.000000" />
  <attribute name="ProportionalI" value="39.000000" />
  <attribute name="ProportionalH" value="39.000000" />
  <attribute name="Current Error" value="26.000000" />
  <attribute name="IntegralT" value="104.000000" />
  <attribute name="IntegralI" value="104.000000" />
  <attribute name="IntegralH" value="104.000000" />
  <attribute name="DerivativeT" value="7.875000" />
  <attribute name="DerivativeI" value="7.875000" />
  <attribute name="DerivativeH" value="7.875000" />
  <attribute name="Loop Time for DT" value="4.000000" />
  <attribute name="Output H" value="8388608"/>
  <attribute name="Output I" value="200"/>
  <attribute name="Output T" value="4"/>
  <attribute name="Target GC Util Change" value ="20.000000" />
  <attribute name="Current GC Util Change" value="46.000000"/>
  <attribute name="GC Util currently" value="46" />
  <attribute name="CPU Util currently" value="1204287370528" />
<allocation-satisfied id="1299" threadId="00000000013F2400" bytesRequested="40" />
<af-end id="1300" timestamp="2019-06-17T03:12:53.357" threadId="00000000013F2D88" success="true" from="nursery"/>
<exclusive-end id="1301" timestamp="2019-06-17T03:12:53.357" durationms="1.543" />

<exclusive-start id="1302" timestamp="2019-06-17T03:12:53.362" intervalms="6.766">
  <response-info timems="0.037" idlems="0.020" threads="1" lastid="00000000013F2400" lastname="PmdThread 3" />
</exclusive-start>
<af-start id="1303" threadId="00000000013EB188" totalBytesRequested="16" timestamp="2019-06-17T03:12:53.362" intervalms="6.764" type="nursery" />
<cycle-start id="1304" type="scavenge" contextid="0" timestamp="2019-06-17T03:12:53.362" intervalms="6.763" />
<gc-start id="1305" type="scavenge" contextid="1304" timestamp="2019-06-17T03:12:53.362">
  <mem-info id="1306" free="2075320800" total="2092630016" percent="99">
    <mem type="nursery" free="0" total="2097152" percent="0">
      <mem type="allocate" free="0" total="1376256" percent="0" />
      <mem type="survivor" free="0" total="720896" percent="0" />
    </mem>
    <mem type="tenure" free="2075320800" total="2090532864" percent="99">
      <mem type="soa" free="1970794976" total="1986007040" percent="99" />
      <mem type="loa" free="104525824" total="104525824" percent="100" />
    </mem>
    <remembered-set count="350" />
  </mem-info>
</gc-start>
<allocation-stats totalBytes="1018040" >
  <allocated-bytes non-tlh="40" tlh="1018000" />
  <largest-consumer threadName="PmdThread 4" threadId="00000000013F6000" bytes="343928" />
</allocation-stats>
<gc-op id="1307" type="scavenge" timems="1.145" contextid="1304" timestamp="2019-06-17T03:12:53.363">
  <scavenger-info tenureage="1" tenuremask="7ffe" tiltratio="65" />
  <memory-copied type="nursery" objects="9369" bytes="319464" bytesdiscarded="111384" />
  <memory-copied type="tenure" objects="4474" bytes="168952" bytesdiscarded="80" />
</gc-op>
<gc-end id="1308" type="scavenge" contextid="1304" durationms="1.506" usertimems="4.000" systemtimems="0.000" timestamp="2019-06-17T03:12:53.364" activeThreads="4">
  <mem-info id="1309" free="2076109536" total="2092630016" percent="99">
    <mem type="nursery" free="945408" total="2097152" percent="45">
      <mem type="allocate" free="945408" total="1376256" percent="68" />
      <mem type="survivor" free="0" total="720896" percent="0" />
    </mem>
    <mem type="tenure" free="2075164128" total="2090532864" percent="99">
      <mem type="soa" free="1970638304" total="1986007040" percent="99" />
      <mem type="loa" free="104525824" total="104525824" percent="100" />
    </mem>
    <remembered-set count="357" />
  </mem-info>
</gc-end>
<cycle-end id="1310" type="scavenge" contextid="1304" timestamp="2019-06-17T03:12:53.364" />
  <attribute name="elasticGC enabled" value="1" />
  <attribute name= "numThreadsSpecified" value="4" />
  <attribute name="heapSize specified" value="8388608" />
  <attribute name="Current GC Util" value="26" />
  <attribute name= "Current Time Running" value="11932" />
  <attribute name ="GC Interval" value="200" />
  <attribute name="ProportionalT" value="9.000000" />
  <attribute name="ProportionalI" value="9.000000" />
  <attribute name="ProportionalH" value="9.000000" />
  <attribute name="Current Error" value="6.000000" />
  <attribute name="IntegralT" value="42.000000" />
  <attribute name="IntegralI" value="42.000000" />
  <attribute name="IntegralH" value="42.000000" />
  <attribute name="DerivativeT" value="-4.285714" />
  <attribute name="DerivativeI" value="-4.285714" />
  <attribute name="DerivativeH" value="-4.285714" />
  <attribute name="Loop Time for DT" value="7.000000" />
  <attribute name="Output H" value="8388608"/>
  <attribute name="Output I" value="200"/>
  <attribute name="Output T" value="4"/>
  <attribute name="Target GC Util Change" value ="20.000000" />
  <attribute name="Current GC Util Change" value="26.000000"/>
  <attribute name="GC Util currently" value="26" />
  <attribute name="CPU Util currently" value="682409319691" />
<allocation-satisfied id="1311" threadId="00000000013EA800" bytesRequested="16" />
<af-end id="1312" timestamp="2019-06-17T03:12:53.364" threadId="00000000013EB188" success="true" from="nursery"/>
<exclusive-end id="1313" timestamp="2019-06-17T03:12:53.364" durationms="1.945" />

<exclusive-start id="1314" timestamp="2019-06-17T03:12:53.367" intervalms="5.057">
  <response-info timems="0.031" idlems="0.031" threads="0" lastid="00000000013E6C00" lastname="PmdThread 1" />
</exclusive-start>
<af-start id="1315" threadId="00000000013E7588" totalBytesRequested="16" timestamp="2019-06-17T03:12:53.367" intervalms="5.061" type="nursery" />
<cycle-start id="1316" type="scavenge" contextid="0" timestamp="2019-06-17T03:12:53.367" intervalms="5.061" />
<gc-start id="1317" type="scavenge" contextid="1316" timestamp="2019-06-17T03:12:53.367">
  <mem-info id="1318" free="2075164128" total="2092630016" percent="99">
    <mem type="nursery" free="0" total="2097152" percent="0">
      <mem type="allocate" free="0" total="1376256" percent="0" />
      <mem type="survivor" free="0" total="720896" percent="0" />
    </mem>
    <mem type="tenure" free="2075164128" total="2090532864" percent="99">
      <mem type="soa" free="1970638304" total="1986007040" percent="99" />
      <mem type="loa" free="104525824" total="104525824" percent="100" />
    </mem>
    <remembered-set count="400" />
  </mem-info>
</gc-start>
<allocation-stats totalBytes="943232" >
  <allocated-bytes non-tlh="16" tlh="943216" />
  <largest-consumer threadName="PmdThread 4" threadId="00000000013F6000" bytes="315296" />
</allocation-stats>
<gc-op id="1319" type="scavenge" timems="0.899" contextid="1316" timestamp="2019-06-17T03:12:53.368">
  <scavenger-info tenureage="1" tenuremask="7ffe" tiltratio="65" />
  <memory-copied type="nursery" objects="6328" bytes="249120" bytesdiscarded="134096" />
  <memory-copied type="tenure" objects="8926" bytes="307112" bytesdiscarded="144" />
  <references type="weak" candidates="1" cleared="1" enqueued="1" />
  <references type="phantom" candidates="1" cleared="1" enqueued="1" />
</gc-op>
<gc-end id="1320" type="scavenge" contextid="1316" durationms="1.110" usertimems="0.000" systemtimems="0.000" timestamp="2019-06-17T03:12:53.368" activeThreads="4">
  <mem-info id="1321" free="2075956960" total="2092630016" percent="99">
    <mem type="nursery" free="1058560" total="2097152" percent="50">
      <mem type="allocate" free="1058560" total="1441792" percent="73" />
      <mem type="survivor" free="0" total="655360" percent="0" />
    </mem>
    <mem type="tenure" free="2074898400" total="2090532864" percent="99">
      <mem type="soa" free="1970372576" total="1986007040" percent="99" />
      <mem type="loa" free="104525824" total="104525824" percent="100" />
    </mem>
    <pending-finalizers system="0" default="0" reference="2" classloader="0" />
    <remembered-set count="204" />
  </mem-info>
</gc-end>
<cycle-end id="1322" type="scavenge" contextid="1316" timestamp="2019-06-17T03:12:53.368" />
  <attribute name="elasticGC enabled" value="1" />
  <attribute name= "numThreadsSpecified" value="4" />
  <attribute name="heapSize specified" value="8388608" />
  <attribute name="Current GC Util" value="31" />
  <attribute name= "Current Time Running" value="11937" />
  <attribute name ="GC Interval" value="200" />
  <attribute name="ProportionalT" value="16.500000" />
  <attribute name="ProportionalI" value="16.500000" />
  <attribute name="ProportionalH" value="16.500000" />
  <attribute name="Current Error" value="11.000000" />
  <attribute name="IntegralT" value="55.000000" />
  <attribute name="IntegralI" value="55.000000" />
  <attribute name="IntegralH" value="55.000000" />
  <attribute name="DerivativeT" value="1.500000" />
  <attribute name="DerivativeI" value="1.500000" />
  <attribute name="DerivativeH" value="1.500000" />
  <attribute name="Loop Time for DT" value="5.000000" />
  <attribute name="Output H" value="8388608"/>
  <attribute name="Output I" value="200"/>
  <attribute name="Output T" value="4"/>
  <attribute name="Target GC Util Change" value ="20.000000" />
  <attribute name="Current GC Util Change" value="31.000000"/>
  <attribute name="GC Util currently" value="31" />
  <attribute name="CPU Util currently" value="909785080006" />
<allocation-satisfied id="1323" threadId="00000000013E6C00" bytesRequested="16" />
<af-end id="1324" timestamp="2019-06-17T03:12:53.368" threadId="00000000013E7588" success="true" from="nursery"/>
<exclusive-end id="1325" timestamp="2019-06-17T03:12:53.368" durationms="1.547" />

<exclusive-start id="1326" timestamp="2019-06-17T03:12:53.372" intervalms="4.813">
  <response-info timems="0.034" idlems="0.034" threads="0" lastid="00000000013E6C00" lastname="PmdThread 1" />
</exclusive-start>
<af-start id="1327" threadId="00000000013E7588" totalBytesRequested="56" timestamp="2019-06-17T03:12:53.372" intervalms="4.817" type="nursery" />
<cycle-start id="1328" type="scavenge" contextid="0" timestamp="2019-06-17T03:12:53.372" intervalms="4.825" />
<gc-start id="1329" type="scavenge" contextid="1328" timestamp="2019-06-17T03:12:53.372">
  <mem-info id="1330" free="2074898400" total="2092630016" percent="99">
    <mem type="nursery" free="0" total="2097152" percent="0">
      <mem type="allocate" free="0" total="1441792" percent="0" />
      <mem type="survivor" free="0" total="655360" percent="0" />
    </mem>
    <mem type="tenure" free="2074898400" total="2090532864" percent="99">
      <mem type="soa" free="1970372576" total="1986007040" percent="99" />
      <mem type="loa" free="104525824" total="104525824" percent="100" />
    </mem>
    <remembered-set count="236" />
  </mem-info>
</gc-start>
<allocation-stats totalBytes="1058336" >
  <allocated-bytes non-tlh="16" tlh="1058320" />
  <largest-consumer threadName="PmdThread 2" threadId="00000000013EA800" bytes="389080" />
</allocation-stats>
<gc-op id="1331" type="scavenge" timems="1.075" contextid="1328" timestamp="2019-06-17T03:12:53.373">
  <scavenger-info tenureage="1" tenuremask="7ffe" tiltratio="68" />
  <memory-copied type="nursery" objects="5495" bytes="199712" bytesdiscarded="113632" />
  <memory-copied type="tenure" objects="5873" bytes="220560" bytesdiscarded="88" />
  <references type="weak" candidates="2" cleared="2" enqueued="2" />
</gc-op>
<gc-end id="1332" type="scavenge" contextid="1328" durationms="1.272" usertimems="0.000" systemtimems="0.000" timestamp="2019-06-17T03:12:53.373" activeThreads="4">
  <mem-info id="1333" free="2075896544" total="2092630016" percent="99">
    <mem type="nursery" free="1193984" total="2097152" percent="56">
      <mem type="allocate" free="1193984" total="1507328" percent="79" />
      <mem type="survivor" free="0" total="589824" percent="0" />
    </mem>
    <mem type="tenure" free="2074702560" total="2090532864" percent="99">
      <mem type="soa" free="1970176736" total="1986007040" percent="99" />
      <mem type="loa" free="104525824" total="104525824" percent="100" />
    </mem>
    <pending-finalizers system="0" default="0" reference="2" classloader="0" />
    <remembered-set count="198" />
  </mem-info>
</gc-end>
<cycle-end id="1334" type="scavenge" contextid="1328" timestamp="2019-06-17T03:12:53.373" />
  <attribute name="elasticGC enabled" value="1" />
  <attribute name= "numThreadsSpecified" value="4" />
  <attribute name="heapSize specified" value="8388608" />
  <attribute name="Current GC Util" value="38" />
  <attribute name= "Current Time Running" value="11942" />
  <attribute name ="GC Interval" value="200" />
  <attribute name="ProportionalT" value="27.000000" />
  <attribute name="ProportionalI" value="27.000000" />
  <attribute name="ProportionalH" value="27.000000" />
  <attribute name="Current Error" value="18.000000" />
  <attribute name="IntegralT" value="90.000000" />
  <attribute name="IntegralI" value="90.000000" />
  <attribute name="IntegralH" value="90.000000" />
  <attribute name="DerivativeT" value="2.100000" />
  <attribute name="DerivativeI" value="2.100000" />
  <attribute name="DerivativeH" value="2.100000" />
  <attribute name="Loop Time for DT" value="5.000000" />
  <attribute name="Output H" value="8388608"/>
  <attribute name="Output I" value="200"/>
  <attribute name="Output T" value="4"/>
  <attribute name="Target GC Util Change" value ="20.000000" />
  <attribute name="Current GC Util Change" value="38.000000"/>
  <attribute name="GC Util currently" value="38" />
  <attribute name="CPU Util currently" value="958161122468" />
<allocation-satisfied id="1335" threadId="00000000013E6C00" bytesRequested="56" />
<af-end id="1336" timestamp="2019-06-17T03:12:53.373" threadId="00000000013E7588" success="true" from="nursery"/>
<exclusive-end id="1337" timestamp="2019-06-17T03:12:53.373" durationms="1.717" />

<exclusive-start id="1338" timestamp="2019-06-17T03:12:53.377" intervalms="5.176">
  <response-info timems="0.038" idlems="0.038" threads="0" lastid="00000000013E6C00" lastname="PmdThread 1" />
</exclusive-start>
<af-start id="1339" threadId="00000000013E7588" totalBytesRequested="56" timestamp="2019-06-17T03:12:53.377" intervalms="5.174" type="nursery" />
<cycle-start id="1340" type="scavenge" contextid="0" timestamp="2019-06-17T03:12:53.377" intervalms="5.146" />
<gc-start id="1341" type="scavenge" contextid="1340" timestamp="2019-06-17T03:12:53.377">
  <mem-info id="1342" free="2074702560" total="2092630016" percent="99">
    <mem type="nursery" free="0" total="2097152" percent="0">
      <mem type="allocate" free="0" total="1507328" percent="0" />
      <mem type="survivor" free="0" total="589824" percent="0" />
    </mem>
    <mem type="tenure" free="2074702560" total="2090532864" percent="99">
      <mem type="soa" free="1970176736" total="1986007040" percent="99" />
      <mem type="loa" free="104525824" total="104525824" percent="100" />
    </mem>
    <remembered-set count="252" />
  </mem-info>
</gc-start>
<allocation-stats totalBytes="1193416" >
  <allocated-bytes non-tlh="56" tlh="1193360" />
  <largest-consumer threadName="PmdThread 4" threadId="00000000013F6000" bytes="442168" />
</allocation-stats>
<gc-op id="1343" type="scavenge" timems="0.958" contextid="1340" timestamp="2019-06-17T03:12:53.378">
  <scavenger-info tenureage="1" tenuremask="7ffe" tiltratio="71" />
  <memory-copied type="nursery" objects="12153" bytes="408408" bytesdiscarded="83872" />
  <memory-copied type="tenure" objects="4983" bytes="185936" bytesdiscarded="104" />
</gc-op>
<gc-end id="1344" type="scavenge" contextid="1340" durationms="1.163" usertimems="0.000" systemtimems="0.000" timestamp="2019-06-17T03:12:53.378" activeThreads="4">
  <mem-info id="1345" free="2075456224" total="2092630016" percent="99">
    <mem type="nursery" free="949504" total="2097152" percent="45">
      <mem type="allocate" free="949504" total="1441792" percent="65" />
      <mem type="survivor" free="0" total="655360" percent="0" />
    </mem>
    <mem type="tenure" free="2074506720" total="2090532864" percent="99">
      <mem type="soa" free="1969980896" total="1986007040" percent="99" />
      <mem type="loa" free="104525824" total="104525824" percent="100" />
    </mem>
    <remembered-set count="180" />
  </mem-info>
</gc-end>
<cycle-end id="1346" type="scavenge" contextid="1340" timestamp="2019-06-17T03:12:53.378" />
  <attribute name="elasticGC enabled" value="1" />
  <attribute name= "numThreadsSpecified" value="4" />
  <attribute name="heapSize specified" value="8388608" />
  <attribute name="Current GC Util" value="28" />
  <attribute name= "Current Time Running" value="11947" />
  <attribute name ="GC Interval" value="200" />
  <attribute name="ProportionalT" value="12.000000" />
  <attribute name="ProportionalI" value="12.000000" />
  <attribute name="ProportionalH" value="12.000000" />
  <attribute name="Current Error" value="8.000000" />
  <attribute name="IntegralT" value="40.000000" />
  <attribute name="IntegralI" value="40.000000" />
  <attribute name="IntegralH" value="40.000000" />
  <attribute name="DerivativeT" value="-3.000000" />
  <attribute name="DerivativeI" value="-3.000000" />
  <attribute name="DerivativeH" value="-3.000000" />
  <attribute name="Loop Time for DT" value="5.000000" />
  <attribute name="Output H" value="8388608"/>
  <attribute name="Output I" value="200"/>
  <attribute name="Output T" value="4"/>
  <attribute name="Target GC Util Change" value ="20.000000" />
  <attribute name="Current GC Util Change" value="28.000000"/>
  <attribute name="GC Util currently" value="28" />
  <attribute name="CPU Util currently" value="894233587293" />
<allocation-satisfied id="1347" threadId="00000000013E6C00" bytesRequested="56" />
<af-end id="1348" timestamp="2019-06-17T03:12:53.378" threadId="00000000013E7588" success="true" from="nursery"/>
<exclusive-end id="1349" timestamp="2019-06-17T03:12:53.379" durationms="1.586" />

<exclusive-start id="1350" timestamp="2019-06-17T03:12:53.380" intervalms="3.504">
  <response-info timems="0.028" idlems="0.028" threads="0" lastid="00000000013F2400" lastname="PmdThread 3" />
</exclusive-start>
<af-start id="1351" threadId="00000000013F2D88" totalBytesRequested="32" timestamp="2019-06-17T03:12:53.381" intervalms="3.507" type="nursery" />
<cycle-start id="1352" type="scavenge" contextid="0" timestamp="2019-06-17T03:12:53.381" intervalms="3.528" />
<gc-start id="1353" type="scavenge" contextid="1352" timestamp="2019-06-17T03:12:53.381">
  <mem-info id="1354" free="2074506720" total="2092630016" percent="99">
    <mem type="nursery" free="0" total="2097152" percent="0">
      <mem type="allocate" free="0" total="1441792" percent="0" />
      <mem type="survivor" free="0" total="655360" percent="0" />
    </mem>
    <mem type="tenure" free="2074506720" total="2090532864" percent="99">
      <mem type="soa" free="1969980896" total="1986007040" percent="99" />
      <mem type="loa" free="104525824" total="104525824" percent="100" />
    </mem>
    <remembered-set count="550" />
  </mem-info>
</gc-start>
<allocation-stats totalBytes="945656" >
  <allocated-bytes non-tlh="32840" tlh="912816" />
  <largest-consumer threadName="PmdThread 3" threadId="00000000013F2400" bytes="343888" />
</allocation-stats>
<gc-op id="1355" type="scavenge" timems="1.437" contextid="1352" timestamp="2019-06-17T03:12:53.382">
  <scavenger-info tenureage="1" tenuremask="7ffe" tiltratio="68" />
  <memory-copied type="nursery" objects="5013" bytes="244632" bytesdiscarded="62320" />
  <memory-copied type="tenure" objects="11939" bytes="402056" bytesdiscarded="128" />
  <references type="phantom" candidates="1" cleared="0" enqueued="0" />
</gc-op>
<gc-end id="1356" type="scavenge" contextid="1352" durationms="1.803" usertimems="0.000" systemtimems="0.000" timestamp="2019-06-17T03:12:53.382" activeThreads="4">
  <mem-info id="1357" free="2075328208" total="2092630016" percent="99">
    <mem type="nursery" free="1134832" total="2097152" percent="54">
      <mem type="allocate" free="1134832" total="1441792" percent="78" />
      <mem type="survivor" free="0" total="655360" percent="0" />
    </mem>
    <mem type="tenure" free="2074193376" total="2090532864" percent="99">
      <mem type="soa" free="1969667552" total="1986007040" percent="99" />
      <mem type="loa" free="104525824" total="104525824" percent="100" />
    </mem>
    <remembered-set count="591" />
  </mem-info>
</gc-end>
<cycle-end id="1358" type="scavenge" contextid="1352" timestamp="2019-06-17T03:12:53.383" />
  <attribute name="elasticGC enabled" value="1" />
  <attribute name= "numThreadsSpecified" value="4" />
  <attribute name="heapSize specified" value="8388608" />
  <attribute name="Current GC Util" value="53" />
  <attribute name= "Current Time Running" value="11951" />
  <attribute name ="GC Interval" value="200" />
  <attribute name="ProportionalT" value="49.500000" />
  <attribute name="ProportionalI" value="49.500000" />
  <attribute name="ProportionalH" value="49.500000" />
  <attribute name="Current Error" value="33.000000" />
  <attribute name="IntegralT" value="132.000000" />
  <attribute name="IntegralI" value="132.000000" />
  <attribute name="IntegralH" value="132.000000" />
  <attribute name="DerivativeT" value="9.375000" />
  <attribute name="DerivativeI" value="9.375000" />
  <attribute name="DerivativeH" value="9.375000" />
  <attribute name="Loop Time for DT" value="4.000000" />
  <attribute name="Output H" value="8388608"/>
  <attribute name="Output I" value="200"/>
  <attribute name="Output T" value="4"/>
  <attribute name="Target GC Util Change" value ="20.000000" />
  <attribute name="Current GC Util Change" value="53.000000"/>
  <attribute name="GC Util currently" value="53" />
  <attribute name="CPU Util currently" value="1311310428275" />
<allocation-satisfied id="1359" threadId="00000000013F2400" bytesRequested="32" />
<af-end id="1360" timestamp="2019-06-17T03:12:53.383" threadId="00000000013F2D88" success="true" from="nursery"/>
<exclusive-end id="1361" timestamp="2019-06-17T03:12:53.383" durationms="2.287" />

<exclusive-start id="1362" timestamp="2019-06-17T03:12:53.385" intervalms="4.960">
  <response-info timems="0.043" idlems="0.043" threads="0" lastid="00000000013F2400" lastname="PmdThread 3" />
</exclusive-start>
<af-start id="1363" threadId="00000000013F2D88" totalBytesRequested="16" timestamp="2019-06-17T03:12:53.385" intervalms="4.954" type="nursery" />
<cycle-start id="1364" type="scavenge" contextid="0" timestamp="2019-06-17T03:12:53.386" intervalms="4.952" />
<gc-start id="1365" type="scavenge" contextid="1364" timestamp="2019-06-17T03:12:53.386">
  <mem-info id="1366" free="2074193376" total="2092630016" percent="99">
    <mem type="nursery" free="0" total="2097152" percent="0">
      <mem type="allocate" free="0" total="1441792" percent="0" />
      <mem type="survivor" free="0" total="655360" percent="0" />
    </mem>
    <mem type="tenure" free="2074193376" total="2090532864" percent="99">
      <mem type="soa" free="1969667552" total="1986007040" percent="99" />
      <mem type="loa" free="104525824" total="104525824" percent="100" />
    </mem>
    <remembered-set count="665" />
  </mem-info>
</gc-start>
<allocation-stats totalBytes="1134360" >
  <allocated-bytes non-tlh="32" tlh="1134328" />
  <largest-consumer threadName="PmdThread 1" threadId="00000000013E6C00" bytes="425776" />
</allocation-stats>
<gc-op id="1367" type="scavenge" timems="0.901" contextid="1364" timestamp="2019-06-17T03:12:53.387">
  <scavenger-info tenureage="1" tenuremask="7ffe" tiltratio="68" />
  <memory-copied type="nursery" objects="7808" bytes="292832" bytesdiscarded="98848" />
  <memory-copied type="tenure" objects="4707" bytes="235520" bytesdiscarded="744" />
</gc-op>
<gc-end id="1368" type="scavenge" contextid="1364" durationms="1.266" usertimems="0.000" systemtimems="0.000" timestamp="2019-06-17T03:12:53.387" activeThreads="4">
  <mem-info id="1369" free="2075072200" total="2092630016" percent="99">
    <mem type="nursery" free="1115648" total="2097152" percent="53">
      <mem type="allocate" free="1115648" total="1507328" percent="74" />
      <mem type="survivor" free="0" total="589824" percent="0" />
    </mem>
    <mem type="tenure" free="2073956552" total="2090532864" percent="99">
      <mem type="soa" free="1969430728" total="1986007040" percent="99" />
      <mem type="loa" free="104525824" total="104525824" percent="100" />
    </mem>
    <remembered-set count="213" />
  </mem-info>
</gc-end>
<cycle-end id="1370" type="scavenge" contextid="1364" timestamp="2019-06-17T03:12:53.387" />
  <attribute name="elasticGC enabled" value="1" />
  <attribute name= "numThreadsSpecified" value="4" />
  <attribute name="heapSize specified" value="8388608" />
  <attribute name="Current GC Util" value="38" />
  <attribute name= "Current Time Running" value="11956" />
  <attribute name ="GC Interval" value="200" />
  <attribute name="ProportionalT" value="27.000000" />
  <attribute name="ProportionalI" value="27.000000" />
  <attribute name="ProportionalH" value="27.000000" />
  <attribute name="Current Error" value="18.000000" />
  <attribute name="IntegralT" value="90.000000" />
  <attribute name="IntegralI" value="90.000000" />
  <attribute name="IntegralH" value="90.000000" />
  <attribute name="DerivativeT" value="-4.500000" />
  <attribute name="DerivativeI" value="-4.500000" />
  <attribute name="DerivativeH" value="-4.500000" />
  <attribute name="Loop Time for DT" value="5.000000" />
  <attribute name="Output H" value="8388608"/>
  <attribute name="Output I" value="200"/>
  <attribute name="Output T" value="4"/>
  <attribute name="Target GC Util Change" value ="20.000000" />
  <attribute name="Current GC Util Change" value="38.000000"/>
  <attribute name="GC Util currently" value="38" />
  <attribute name="CPU Util currently" value="930116136105" />
<allocation-satisfied id="1371" threadId="00000000013F2400" bytesRequested="16" />
<af-end id="1372" timestamp="2019-06-17T03:12:53.387" threadId="00000000013F2D88" success="true" from="nursery"/>
<exclusive-end id="1373" timestamp="2019-06-17T03:12:53.387" durationms="1.712" />

<exclusive-start id="1374" timestamp="2019-06-17T03:12:53.390" intervalms="4.181">
  <response-info timems="0.027" idlems="0.027" threads="0" lastid="00000000013F6000" lastname="PmdThread 4" />
</exclusive-start>
<af-start id="1375" threadId="00000000013F6988" totalBytesRequested="56" timestamp="2019-06-17T03:12:53.390" intervalms="4.177" type="nursery" />
<cycle-start id="1376" type="scavenge" contextid="0" timestamp="2019-06-17T03:12:53.390" intervalms="4.174" />
<gc-start id="1377" type="scavenge" contextid="1376" timestamp="2019-06-17T03:12:53.390">
  <mem-info id="1378" free="2073956552" total="2092630016" percent="99">
    <mem type="nursery" free="0" total="2097152" percent="0">
      <mem type="allocate" free="0" total="1507328" percent="0" />
      <mem type="survivor" free="0" total="589824" percent="0" />
    </mem>
    <mem type="tenure" free="2073956552" total="2090532864" percent="99">
      <mem type="soa" free="1969430728" total="1986007040" percent="99" />
      <mem type="loa" free="104525824" total="104525824" percent="100" />
    </mem>
    <remembered-set count="407" />
  </mem-info>
</gc-start>
<allocation-stats totalBytes="1115056" >
  <allocated-bytes non-tlh="16" tlh="1115040" />
  <largest-consumer threadName="PmdThread 1" threadId="00000000013E6C00" bytes="390368" />
</allocation-stats>
<gc-op id="1379" type="scavenge" timems="1.687" contextid="1376" timestamp="2019-06-17T03:12:53.392">
  <scavenger-info tenureage="1" tenuremask="7ffe" tiltratio="71" />
  <memory-copied type="nursery" objects="6240" bytes="229568" bytesdiscarded="44592" />
  <memory-copied type="tenure" objects="7585" bytes="286456" bytesdiscarded="192" />
</gc-op>
<gc-end id="1380" type="scavenge" contextid="1376" durationms="1.863" usertimems="4.000" systemtimems="0.000" timestamp="2019-06-17T03:12:53.392" activeThreads="4">
  <mem-info id="1381" free="2074981064" total="2092630016" percent="99">
    <mem type="nursery" free="1298688" total="2097152" percent="61">
      <mem type="allocate" free="1298688" total="1572864" percent="82" />
      <mem type="survivor" free="0" total="524288" percent="0" />
    </mem>
    <mem type="tenure" free="2073682376" total="2090532864" percent="99">
      <mem type="soa" free="1969156552" total="1986007040" percent="99" />
      <mem type="loa" free="104525824" total="104525824" percent="100" />
    </mem>
    <remembered-set count="354" />
  </mem-info>
</gc-end>
<cycle-end id="1382" type="scavenge" contextid="1376" timestamp="2019-06-17T03:12:53.392" />
  <attribute name="elasticGC enabled" value="1" />
  <attribute name= "numThreadsSpecified" value="4" />
  <attribute name="heapSize specified" value="8388608" />
  <attribute name="Current GC Util" value="39" />
  <attribute name= "Current Time Running" value="11960" />
  <attribute name ="GC Interval" value="200" />
  <attribute name="ProportionalT" value="28.500000" />
  <attribute name="ProportionalI" value="28.500000" />
  <attribute name="ProportionalH" value="28.500000" />
  <attribute name="Current Error" value="19.000000" />
  <attribute name="IntegralT" value="76.000000" />
  <attribute name="IntegralI" value="76.000000" />
  <attribute name="IntegralH" value="76.000000" />
  <attribute name="DerivativeT" value="0.375000" />
  <attribute name="DerivativeI" value="0.375000" />
  <attribute name="DerivativeH" value="0.375000" />
  <attribute name="Loop Time for DT" value="4.000000" />
  <attribute name="Output H" value="8388608"/>
  <attribute name="Output I" value="200"/>
  <attribute name="Output T" value="4"/>
  <attribute name="Target GC Util Change" value ="20.000000" />
  <attribute name="Current GC Util Change" value="39.000000"/>
  <attribute name="GC Util currently" value="39" />
  <attribute name="CPU Util currently" value="1109156409884" />
<allocation-satisfied id="1383" threadId="00000000013F6000" bytesRequested="56" />
<af-end id="1384" timestamp="2019-06-17T03:12:53.392" threadId="00000000013F6988" success="true" from="nursery"/>
<exclusive-end id="1385" timestamp="2019-06-17T03:12:53.392" durationms="2.261" />

<exclusive-start id="1386" timestamp="2019-06-17T03:12:53.395" intervalms="5.894">
  <response-info timems="0.021" idlems="0.021" threads="0" lastid="00000000013E6C00" lastname="PmdThread 1" />
</exclusive-start>
<af-start id="1387" threadId="00000000013E7588" totalBytesRequested="40" timestamp="2019-06-17T03:12:53.396" intervalms="5.902" type="nursery" />
<cycle-start id="1388" type="scavenge" contextid="0" timestamp="2019-06-17T03:12:53.396" intervalms="5.908" />
<gc-start id="1389" type="scavenge" contextid="1388" timestamp="2019-06-17T03:12:53.396">
  <mem-info id="1390" free="2073682376" total="2092630016" percent="99">
    <mem type="nursery" free="0" total="2097152" percent="0">
      <mem type="allocate" free="0" total="1572864" percent="0" />
      <mem type="survivor" free="0" total="524288" percent="0" />
    </mem>
    <mem type="tenure" free="2073682376" total="2090532864" percent="99">
      <mem type="soa" free="1969156552" total="1986007040" percent="99" />
      <mem type="loa" free="104525824" total="104525824" percent="100" />
    </mem>
    <remembered-set count="493" />
  </mem-info>
</gc-start>
<allocation-stats totalBytes="1298200" >
  <allocated-bytes non-tlh="56" tlh="1298144" />
  <largest-consumer threadName="PmdThread 4" threadId="00000000013F6000" bytes="421712" />
</allocation-stats>
<gc-op id="1391" type="scavenge" timems="1.231" contextid="1388" timestamp="2019-06-17T03:12:53.397">
  <scavenger-info tenureage="1" tenuremask="7ffe" tiltratio="75" />
  <memory-copied type="nursery" objects="8187" bytes="333344" bytesdiscarded="58320" />
  <memory-copied type="tenure" objects="5646" bytes="212080" bytesdiscarded="64" />
  <references type="weak" candidates="6" cleared="6" enqueued="6" />
  <references type="phantom" candidates="2" cleared="2" enqueued="2" />
</gc-op>
<gc-end id="1392" type="scavenge" contextid="1388" durationms="1.450" usertimems="4.000" systemtimems="0.000" timestamp="2019-06-17T03:12:53.397" activeThreads="4">
  <mem-info id="1393" free="2074628552" total="2092630016" percent="99">
    <mem type="nursery" free="1181184" total="2097152" percent="56">
      <mem type="allocate" free="1181184" total="1572864" percent="75" />
      <mem type="survivor" free="0" total="524288" percent="0" />
    </mem>
    <mem type="tenure" free="2073447368" total="2090532864" percent="99">
      <mem type="soa" free="1968921544" total="1986007040" percent="99" />
      <mem type="loa" free="104525824" total="104525824" percent="100" />
    </mem>
    <pending-finalizers system="0" default="0" reference="8" classloader="0" />
    <remembered-set count="297" />
  </mem-info>
</gc-end>
<cycle-end id="1394" type="scavenge" contextid="1388" timestamp="2019-06-17T03:12:53.397" />
  <attribute name="elasticGC enabled" value="1" />
  <attribute name= "numThreadsSpecified" value="4" />
  <attribute name="heapSize specified" value="8388608" />
  <attribute name="Current GC Util" value="43" />
  <attribute name= "Current Time Running" value="11966" />
  <attribute name ="GC Interval" value="200" />
  <attribute name="ProportionalT" value="34.500000" />
  <attribute name="ProportionalI" value="34.500000" />
  <attribute name="ProportionalH" value="34.500000" />
  <attribute name="Current Error" value="23.000000" />
  <attribute name="IntegralT" value="138.000000" />
  <attribute name="IntegralI" value="138.000000" />
  <attribute name="IntegralH" value="138.000000" />
  <attribute name="DerivativeT" value="1.000000" />
  <attribute name="DerivativeI" value="1.000000" />
  <attribute name="DerivativeH" value="1.000000" />
  <attribute name="Loop Time for DT" value="6.000000" />
  <attribute name="Output H" value="8388608"/>
  <attribute name="Output I" value="200"/>
  <attribute name="Output T" value="4"/>
  <attribute name="Target GC Util Change" value ="20.000000" />
  <attribute name="Current GC Util Change" value="43.000000"/>
  <attribute name="GC Util currently" value="43" />
  <attribute name="CPU Util currently" value="778470551310" />
<allocation-satisfied id="1395" threadId="00000000013E6C00" bytesRequested="40" />
<af-end id="1396" timestamp="2019-06-17T03:12:53.397" threadId="00000000013E7588" success="true" from="nursery"/>
<exclusive-end id="1397" timestamp="2019-06-17T03:12:53.397" durationms="1.893" />

<exclusive-start id="1398" timestamp="2019-06-17T03:12:53.401" intervalms="5.228">
  <response-info timems="0.036" idlems="0.020" threads="1" lastid="00000000013EA800" lastname="PmdThread 2" />
</exclusive-start>
<af-start id="1399" threadId="00000000013F2D88" totalBytesRequested="24" timestamp="2019-06-17T03:12:53.401" intervalms="5.225" type="nursery" />
<cycle-start id="1400" type="scavenge" contextid="0" timestamp="2019-06-17T03:12:53.401" intervalms="5.225" />
<gc-start id="1401" type="scavenge" contextid="1400" timestamp="2019-06-17T03:12:53.401">
  <mem-info id="1402" free="2073447368" total="2092630016" percent="99">
    <mem type="nursery" free="0" total="2097152" percent="0">
      <mem type="allocate" free="0" total="1572864" percent="0" />
      <mem type="survivor" free="0" total="524288" percent="0" />
    </mem>
    <mem type="tenure" free="2073447368" total="2090532864" percent="99">
      <mem type="soa" free="1968921544" total="1986007040" percent="99" />
      <mem type="loa" free="104525824" total="104525824" percent="100" />
    </mem>
    <remembered-set count="546" />
  </mem-info>
</gc-start>
<allocation-stats totalBytes="1180312" >
  <allocated-bytes non-tlh="40" tlh="1180272" />
  <largest-consumer threadName="PmdThread 4" threadId="00000000013F6000" bytes="464208" />
</allocation-stats>
<gc-op id="1403" type="scavenge" timems="1.221" contextid="1400" timestamp="2019-06-17T03:12:53.402">
  <scavenger-info tenureage="1" tenuremask="7ffe" tiltratio="75" />
  <memory-copied type="nursery" objects="6256" bytes="232832" bytesdiscarded="80512" />
  <memory-copied type="tenure" objects="7311" bytes="275296" bytesdiscarded="192" />
  <references type="weak" candidates="14" cleared="14" enqueued="14" />
</gc-op>
<gc-end id="1404" type="scavenge" contextid="1400" durationms="1.603" usertimems="0.000" systemtimems="0.000" timestamp="2019-06-17T03:12:53.403" activeThreads="4">
  <mem-info id="1405" free="2074498248" total="2092630016" percent="99">
    <mem type="nursery" free="1325056" total="2097152" percent="63">
      <mem type="allocate" free="1325056" total="1638400" percent="80" />
      <mem type="survivor" free="0" total="458752" percent="0" />
    </mem>
    <mem type="tenure" free="2073173192" total="2090532864" percent="99">
      <mem type="soa" free="1968647368" total="1986007040" percent="99" />
      <mem type="loa" free="104525824" total="104525824" percent="100" />
    </mem>
    <pending-finalizers system="0" default="0" reference="14" classloader="0" />
    <remembered-set count="168" />
  </mem-info>
</gc-end>
<cycle-end id="1406" type="scavenge" contextid="1400" timestamp="2019-06-17T03:12:53.403" />
  <attribute name="elasticGC enabled" value="1" />
  <attribute name= "numThreadsSpecified" value="4" />
  <attribute name="heapSize specified" value="8388608" />
  <attribute name="Current GC Util" value="33" />
  <attribute name= "Current Time Running" value="11971" />
  <attribute name ="GC Interval" value="200" />
  <attribute name="ProportionalT" value="19.500000" />
  <attribute name="ProportionalI" value="19.500000" />
  <attribute name="ProportionalH" value="19.500000" />
  <attribute name="Current Error" value="13.000000" />
  <attribute name="IntegralT" value="65.000000" />
  <attribute name="IntegralI" value="65.000000" />
  <attribute name="IntegralH" value="65.000000" />
  <attribute name="DerivativeT" value="-3.000000" />
  <attribute name="DerivativeI" value="-3.000000" />
  <attribute name="DerivativeH" value="-3.000000" />
  <attribute name="Loop Time for DT" value="5.000000" />
  <attribute name="Output H" value="8388608"/>
  <attribute name="Output I" value="200"/>
  <attribute name="Output T" value="4"/>
  <attribute name="Target GC Util Change" value ="20.000000" />
  <attribute name="Current GC Util Change" value="33.000000"/>
  <attribute name="GC Util currently" value="33" />
  <attribute name="CPU Util currently" value="880128358898" />
<allocation-satisfied id="1407" threadId="00000000013F2400" bytesRequested="24" />
<af-end id="1408" timestamp="2019-06-17T03:12:53.403" threadId="00000000013F2D88" success="true" from="nursery"/>
<exclusive-end id="1409" timestamp="2019-06-17T03:12:53.403" durationms="2.092" />

<exclusive-start id="1410" timestamp="2019-06-17T03:12:53.407" intervalms="6.300">
  <response-info timems="0.040" idlems="0.040" threads="0" lastid="00000000013E6C00" lastname="PmdThread 1" />
</exclusive-start>
<af-start id="1411" threadId="00000000013E7588" totalBytesRequested="40" timestamp="2019-06-17T03:12:53.407" intervalms="6.301" type="nursery" />
<cycle-start id="1412" type="scavenge" contextid="0" timestamp="2019-06-17T03:12:53.407" intervalms="6.278" />
<gc-start id="1413" type="scavenge" contextid="1412" timestamp="2019-06-17T03:12:53.407">
  <mem-info id="1414" free="2073173192" total="2092630016" percent="99">
    <mem type="nursery" free="0" total="2097152" percent="0">
      <mem type="allocate" free="0" total="1638400" percent="0" />
      <mem type="survivor" free="0" total="458752" percent="0" />
    </mem>
    <mem type="tenure" free="2073173192" total="2090532864" percent="99">
      <mem type="soa" free="1968647368" total="1986007040" percent="99" />
      <mem type="loa" free="104525824" total="104525824" percent="100" />
    </mem>
    <remembered-set count="196" />
  </mem-info>
</gc-start>
<allocation-stats totalBytes="1324584" >
  <allocated-bytes non-tlh="24" tlh="1324560" />
  <largest-consumer threadName="PmdThread 4" threadId="00000000013F6000" bytes="479080" />
</allocation-stats>
<gc-op id="1415" type="scavenge" timems="1.077" contextid="1412" timestamp="2019-06-17T03:12:53.408">
  <scavenger-info tenureage="1" tenuremask="7ffe" tiltratio="78" />
  <memory-copied type="nursery" objects="6047" bytes="222600" bytesdiscarded="90736" />
  <memory-copied type="tenure" objects="5763" bytes="219648" bytesdiscarded="160" />
  <references type="weak" candidates="4" cleared="4" enqueued="4" />
</gc-op>
<gc-end id="1416" type="scavenge" contextid="1412" durationms="1.305" usertimems="4.000" systemtimems="0.000" timestamp="2019-06-17T03:12:53.408" activeThreads="4">
  <mem-info id="1417" free="2074263240" total="2092630016" percent="99">
    <mem type="nursery" free="1325056" total="2097152" percent="63">
      <mem type="allocate" free="1325056" total="1638400" percent="80" />
      <mem type="survivor" free="0" total="458752" percent="0" />
    </mem>
    <mem type="tenure" free="2072938184" total="2090532864" percent="99">
      <mem type="soa" free="1968412360" total="1986007040" percent="99" />
      <mem type="loa" free="104525824" total="104525824" percent="100" />
    </mem>
    <pending-finalizers system="0" default="0" reference="4" classloader="0" />
    <remembered-set count="184" />
  </mem-info>
</gc-end>
<cycle-end id="1418" type="scavenge" contextid="1412" timestamp="2019-06-17T03:12:53.409" />
  <attribute name="elasticGC enabled" value="1" />
  <attribute name= "numThreadsSpecified" value="4" />
  <attribute name="heapSize specified" value="8388608" />
  <attribute name="Current GC Util" value="26" />
  <attribute name= "Current Time Running" value="11977" />
  <attribute name ="GC Interval" value="200" />
  <attribute name="ProportionalT" value="9.000000" />
  <attribute name="ProportionalI" value="9.000000" />
  <attribute name="ProportionalH" value="9.000000" />
  <attribute name="Current Error" value="6.000000" />
  <attribute name="IntegralT" value="36.000000" />
  <attribute name="IntegralI" value="36.000000" />
  <attribute name="IntegralH" value="36.000000" />
  <attribute name="DerivativeT" value="-1.750000" />
  <attribute name="DerivativeI" value="-1.750000" />
  <attribute name="DerivativeH" value="-1.750000" />
  <attribute name="Loop Time for DT" value="6.000000" />
  <attribute name="Output H" value="8388608"/>
  <attribute name="Output I" value="200"/>
  <attribute name="Output T" value="4"/>
  <attribute name="Target GC Util Change" value ="20.000000" />
  <attribute name="Current GC Util Change" value="26.000000"/>
  <attribute name="GC Util currently" value="26" />
  <attribute name="CPU Util currently" value="733154348062" />
<allocation-satisfied id="1419" threadId="00000000013E6C00" bytesRequested="40" />
<af-end id="1420" timestamp="2019-06-17T03:12:53.409" threadId="00000000013E7588" success="true" from="nursery"/>
<exclusive-end id="1421" timestamp="2019-06-17T03:12:53.409" durationms="1.738" />

<exclusive-start id="1422" timestamp="2019-06-17T03:12:53.412" intervalms="4.944">
  <response-info timems="0.025" idlems="0.025" threads="0" lastid="00000000013E6C00" lastname="PmdThread 1" />
</exclusive-start>
<af-start id="1423" threadId="00000000013E7588" totalBytesRequested="56" timestamp="2019-06-17T03:12:53.412" intervalms="4.941" type="nursery" />
<cycle-start id="1424" type="scavenge" contextid="0" timestamp="2019-06-17T03:12:53.412" intervalms="4.962" />
<gc-start id="1425" type="scavenge" contextid="1424" timestamp="2019-06-17T03:12:53.412">
  <mem-info id="1426" free="2072938184" total="2092630016" percent="99">
    <mem type="nursery" free="0" total="2097152" percent="0">
      <mem type="allocate" free="0" total="1638400" percent="0" />
      <mem type="survivor" free="0" total="458752" percent="0" />
    </mem>
    <mem type="tenure" free="2072938184" total="2090532864" percent="99">
      <mem type="soa" free="1968412360" total="1986007040" percent="99" />
      <mem type="loa" free="104525824" total="104525824" percent="100" />
    </mem>
    <remembered-set count="248" />
  </mem-info>
</gc-start>
<allocation-stats totalBytes="1324200" >
  <allocated-bytes non-tlh="40" tlh="1324160" />
  <largest-consumer threadName="PmdThread 4" threadId="00000000013F6000" bytes="479016" />
</allocation-stats>
<gc-op id="1427" type="scavenge" timems="1.175" contextid="1424" timestamp="2019-06-17T03:12:53.413">
  <scavenger-info tenureage="1" tenuremask="7ffe" tiltratio="78" />
  <memory-copied type="nursery" objects="8473" bytes="376064" bytesdiscarded="82688" />
  <memory-copied type="tenure" objects="6598" bytes="246008" bytesdiscarded="144" />
  <copy-failed type="nursery" objects="906" bytes="33208" />
  <references type="phantom" candidates="1" cleared="0" enqueued="0" />
</gc-op>
<gc-end id="1428" type="scavenge" contextid="1424" durationms="1.377" usertimems="0.000" systemtimems="0.000" timestamp="2019-06-17T03:12:53.414" activeThreads="4">
  <mem-info id="1429" free="2073686216" total="2092630016" percent="99">
    <mem type="nursery" free="983040" total="2097152" percent="46">
      <mem type="allocate" free="983040" total="1441792" percent="68" />
      <mem type="survivor" free="0" total="655360" percent="0" />
    </mem>
    <mem type="tenure" free="2072703176" total="2090532864" percent="99">
      <mem type="soa" free="1968177352" total="1986007040" percent="99" />
      <mem type="loa" free="104525824" total="104525824" percent="100" />
    </mem>
    <remembered-set count="208" />
  </mem-info>
</gc-end>
<cycle-end id="1430" type="scavenge" contextid="1424" timestamp="2019-06-17T03:12:53.414" />
  <attribute name="elasticGC enabled" value="1" />
  <attribute name= "numThreadsSpecified" value="4" />
  <attribute name="heapSize specified" value="8388608" />
  <attribute name="Current GC Util" value="31" />
  <attribute name= "Current Time Running" value="11982" />
  <attribute name ="GC Interval" value="200" />
  <attribute name="ProportionalT" value="16.500000" />
  <attribute name="ProportionalI" value="16.500000" />
  <attribute name="ProportionalH" value="16.500000" />
  <attribute name="Current Error" value="11.000000" />
  <attribute name="IntegralT" value="55.000000" />
  <attribute name="IntegralI" value="55.000000" />
  <attribute name="IntegralH" value="55.000000" />
  <attribute name="DerivativeT" value="1.500000" />
  <attribute name="DerivativeI" value="1.500000" />
  <attribute name="DerivativeH" value="1.500000" />
  <attribute name="Loop Time for DT" value="5.000000" />
  <attribute name="Output H" value="8388608"/>
  <attribute name="Output I" value="200"/>
  <attribute name="Output T" value="4"/>
  <attribute name="Target GC Util Change" value ="20.000000" />
  <attribute name="Current GC Util Change" value="31.000000"/>
  <attribute name="GC Util currently" value="31" />
  <attribute name="CPU Util currently" value="934981518835" />
<allocation-satisfied id="1431" threadId="00000000013E6C00" bytesRequested="56" />
<af-end id="1432" timestamp="2019-06-17T03:12:53.414" threadId="00000000013E7588" success="true" from="nursery"/>
<exclusive-end id="1433" timestamp="2019-06-17T03:12:53.414" durationms="1.815" />

<exclusive-start id="1434" timestamp="2019-06-17T03:12:53.416" intervalms="4.302">
  <response-info timems="0.030" idlems="0.030" threads="0" lastid="00000000013F6000" lastname="PmdThread 4" />
</exclusive-start>
<af-start id="1435" threadId="00000000013F6988" totalBytesRequested="56" timestamp="2019-06-17T03:12:53.416" intervalms="4.296" type="nursery" />
<cycle-start id="1436" type="scavenge" contextid="0" timestamp="2019-06-17T03:12:53.416" intervalms="4.291" />
<gc-start id="1437" type="scavenge" contextid="1436" timestamp="2019-06-17T03:12:53.416">
  <mem-info id="1438" free="2072703176" total="2092630016" percent="99">
    <mem type="nursery" free="0" total="2097152" percent="0">
      <mem type="allocate" free="0" total="1441792" percent="0" />
      <mem type="survivor" free="0" total="655360" percent="0" />
    </mem>
    <mem type="tenure" free="2072703176" total="2090532864" percent="99">
      <mem type="soa" free="1968177352" total="1986007040" percent="99" />
      <mem type="loa" free="104525824" total="104525824" percent="100" />
    </mem>
    <remembered-set count="226" />
  </mem-info>
</gc-start>
<allocation-stats totalBytes="982696" >
  <allocated-bytes non-tlh="56" tlh="982640" />
  <largest-consumer threadName="PmdThread 1" threadId="00000000013E6C00" bytes="409592" />
</allocation-stats>
<gc-op id="1439" type="scavenge" timems="2.048" contextid="1436" timestamp="2019-06-17T03:12:53.419">
  <scavenger-info tenureage="1" tenuremask="7ffe" tiltratio="68" />
  <memory-copied type="nursery" objects="8099" bytes="291416" bytesdiscarded="100264" />
  <memory-copied type="tenure" objects="7760" bytes="348136" bytesdiscarded="688" />
</gc-op>
<gc-end id="1440" type="scavenge" contextid="1436" durationms="2.226" usertimems="4.000" systemtimems="0.000" timestamp="2019-06-17T03:12:53.419" activeThreads="4">
  <mem-info id="1441" free="2073446320" total="2092630016" percent="99">
    <mem type="nursery" free="1050112" total="2097152" percent="50">
      <mem type="allocate" free="1050112" total="1441792" percent="72" />
      <mem type="survivor" free="0" total="655360" percent="0" />
    </mem>
    <mem type="tenure" free="2072396208" total="2090532864" percent="99">
      <mem type="soa" free="1967870384" total="1986007040" percent="99" />
      <mem type="loa" free="104525824" total="104525824" percent="100" />
    </mem>
    <remembered-set count="369" />
  </mem-info>
</gc-end>
<cycle-end id="1442" type="scavenge" contextid="1436" timestamp="2019-06-17T03:12:53.419" />
  <attribute name="elasticGC enabled" value="1" />
  <attribute name= "numThreadsSpecified" value="4" />
  <attribute name="heapSize specified" value="8388608" />
  <attribute name="Current GC Util" value="42" />
  <attribute name= "Current Time Running" value="11986" />
  <attribute name ="GC Interval" value="200" />
  <attribute name="ProportionalT" value="33.000000" />
  <attribute name="ProportionalI" value="33.000000" />
  <attribute name="ProportionalH" value="33.000000" />
  <attribute name="Current Error" value="22.000000" />
  <attribute name="IntegralT" value="88.000000" />
  <attribute name="IntegralI" value="88.000000" />
  <attribute name="IntegralH" value="88.000000" />
  <attribute name="DerivativeT" value="4.125000" />
  <attribute name="DerivativeI" value="4.125000" />
  <attribute name="DerivativeH" value="4.125000" />
  <attribute name="Loop Time for DT" value="4.000000" />
  <attribute name="Output H" value="8388608"/>
  <attribute name="Output I" value="200"/>
  <attribute name="Output T" value="4"/>
  <attribute name="Target GC Util Change" value ="20.000000" />
  <attribute name="Current GC Util Change" value="42.000000"/>
  <attribute name="GC Util currently" value="42" />
  <attribute name="CPU Util currently" value="1078124462488" />
<allocation-satisfied id="1443" threadId="00000000013F6000" bytesRequested="56" />
<af-end id="1444" timestamp="2019-06-17T03:12:53.419" threadId="00000000013F6988" success="true" from="nursery"/>
<exclusive-end id="1445" timestamp="2019-06-17T03:12:53.419" durationms="2.635" />

<exclusive-start id="1446" timestamp="2019-06-17T03:12:53.420" intervalms="4.203">
  <response-info timems="0.039" idlems="0.021" threads="1" lastid="00000000013EA800" lastname="PmdThread 2" />
</exclusive-start>
<af-start id="1447" threadId="00000000013F2D88" totalBytesRequested="24" timestamp="2019-06-17T03:12:53.421" intervalms="4.238" type="nursery" />
<cycle-start id="1448" type="scavenge" contextid="0" timestamp="2019-06-17T03:12:53.421" intervalms="4.274" />
<gc-start id="1449" type="scavenge" contextid="1448" timestamp="2019-06-17T03:12:53.421">
  <mem-info id="1450" free="2072396208" total="2092630016" percent="99">
    <mem type="nursery" free="0" total="2097152" percent="0">
      <mem type="allocate" free="0" total="1441792" percent="0" />
      <mem type="survivor" free="0" total="655360" percent="0" />
    </mem>
    <mem type="tenure" free="2072396208" total="2090532864" percent="99">
      <mem type="soa" free="1967870384" total="1986007040" percent="99" />
      <mem type="loa" free="104525824" total="104525824" percent="100" />
    </mem>
    <remembered-set count="401" />
  </mem-info>
</gc-start>
<allocation-stats totalBytes="1049848" >
  <allocated-bytes non-tlh="56" tlh="1049792" />
  <largest-consumer threadName="PmdThread 3" threadId="00000000013F2400" bytes="570624" />
</allocation-stats>
<gc-op id="1451" type="scavenge" timems="1.029" contextid="1448" timestamp="2019-06-17T03:12:53.422">
  <scavenger-info tenureage="1" tenuremask="7ffe" tiltratio="68" />
  <memory-copied type="nursery" objects="3015" bytes="108552" bytesdiscarded="87288" />
  <memory-copied type="tenure" objects="7462" bytes="275496" bytesdiscarded="120" />
</gc-op>
<gc-end id="1452" type="scavenge" contextid="1448" durationms="1.388" usertimems="4.000" systemtimems="0.000" timestamp="2019-06-17T03:12:53.422" activeThreads="4">
  <mem-info id="1453" free="2073394352" total="2092630016" percent="99">
    <mem type="nursery" free="1311488" total="2097152" percent="62">
      <mem type="allocate" free="1311488" total="1507328" percent="87" />
      <mem type="survivor" free="0" total="589824" percent="0" />
    </mem>
    <mem type="tenure" free="2072082864" total="2090532864" percent="99">
      <mem type="soa" free="1967557040" total="1986007040" percent="99" />
      <mem type="loa" free="104525824" total="104525824" percent="100" />
    </mem>
    <remembered-set count="232" />
  </mem-info>
</gc-end>
<cycle-end id="1454" type="scavenge" contextid="1448" timestamp="2019-06-17T03:12:53.422" />
  <attribute name="elasticGC enabled" value="1" />
  <attribute name= "numThreadsSpecified" value="4" />
  <attribute name="heapSize specified" value="8388608" />
  <attribute name="Current GC Util" value="67" />
  <attribute name= "Current Time Running" value="11991" />
  <attribute name ="GC Interval" value="320" />
  <attribute name="ProportionalT" value="70.500000" />
  <attribute name="ProportionalI" value="70.500000" />
  <attribute name="ProportionalH" value="70.500000" />
  <attribute name="Current Error" value="47.000000" />
  <attribute name="IntegralT" value="235.000000" />
  <attribute name="IntegralI" value="235.000000" />
  <attribute name="IntegralH" value="235.000000" />
  <attribute name="DerivativeT" value="7.500000" />
  <attribute name="DerivativeI" value="7.500000" />
  <attribute name="DerivativeH" value="7.500000" />
  <attribute name="Loop Time for DT" value="5.000000" />
  <attribute name="Output H" value="8388608"/>
  <attribute name="Output I" value="320"/>
  <attribute name="Output T" value="4"/>
  <attribute name="Target GC Util Change" value ="20.000000" />
  <attribute name="Current GC Util Change" value="67.000000"/>
  <attribute name="GC Util currently" value="67" />
  <attribute name="CPU Util currently" value="1075008389043" />
<allocation-satisfied id="1455" threadId="00000000013F2400" bytesRequested="24" />
<af-end id="1456" timestamp="2019-06-17T03:12:53.422" threadId="00000000013F2D88" success="true" from="nursery"/>
<exclusive-end id="1457" timestamp="2019-06-17T03:12:53.422" durationms="1.952" />

<exclusive-start id="1458" timestamp="2019-06-17T03:12:53.425" intervalms="4.728">
  <response-info timems="0.220" idlems="0.220" threads="0" lastid="00000000013E6C00" lastname="PmdThread 1" />
</exclusive-start>
<af-start id="1459" threadId="00000000013E7588" totalBytesRequested="16" timestamp="2019-06-17T03:12:53.425" intervalms="4.701" type="nursery" />
<cycle-start id="1460" type="scavenge" contextid="0" timestamp="2019-06-17T03:12:53.425" intervalms="4.670" />
<gc-start id="1461" type="scavenge" contextid="1460" timestamp="2019-06-17T03:12:53.425">
  <mem-info id="1462" free="2072082864" total="2092630016" percent="99">
    <mem type="nursery" free="0" total="2097152" percent="0">
      <mem type="allocate" free="0" total="1507328" percent="0" />
      <mem type="survivor" free="0" total="589824" percent="0" />
    </mem>
    <mem type="tenure" free="2072082864" total="2090532864" percent="99">
      <mem type="soa" free="1967557040" total="1986007040" percent="99" />
      <mem type="loa" free="104525824" total="104525824" percent="100" />
    </mem>
    <remembered-set count="283" />
  </mem-info>
</gc-start>
<allocation-stats totalBytes="1310904" >
  <allocated-bytes non-tlh="24" tlh="1310880" />
  <largest-consumer threadName="PmdThread 1" threadId="00000000013E6C00" bytes="508352" />
</allocation-stats>
<gc-op id="1463" type="scavenge" timems="0.777" contextid="1460" timestamp="2019-06-17T03:12:53.426">
  <scavenger-info tenureage="2" tenuremask="7ffc" tiltratio="71" />
  <memory-copied type="nursery" objects="8999" bytes="334136" bytesdiscarded="96712" />
</gc-op>
<gc-end id="1464" type="scavenge" contextid="1460" durationms="0.958" usertimems="0.000" systemtimems="0.000" timestamp="2019-06-17T03:12:53.426" activeThreads="4">
  <mem-info id="1465" free="2073093808" total="2092630016" percent="99">
    <mem type="nursery" free="1010944" total="2097152" percent="48">
      <mem type="allocate" free="1010944" total="1441792" percent="70" />
      <mem type="survivor" free="0" total="655360" percent="0" />
    </mem>
    <mem type="tenure" free="2072082864" total="2090532864" percent="99">
      <mem type="soa" free="1967557040" total="1986007040" percent="99" />
      <mem type="loa" free="104525824" total="104525824" percent="100" />
    </mem>
    <remembered-set count="249" />
  </mem-info>
</gc-end>
<cycle-end id="1466" type="scavenge" contextid="1460" timestamp="2019-06-17T03:12:53.426" />
  <attribute name="elasticGC enabled" value="1" />
  <attribute name= "numThreadsSpecified" value="4" />
  <attribute name="heapSize specified" value="8388608" />
  <attribute name="Current GC Util" value="30" />
  <attribute name= "Current Time Running" value="11995" />
  <attribute name ="GC Interval" value="200" />
  <attribute name="ProportionalT" value="15.000000" />
  <attribute name="ProportionalI" value="15.000000" />
  <attribute name="ProportionalH" value="15.000000" />
  <attribute name="Current Error" value="10.000000" />
  <attribute name="IntegralT" value="40.000000" />
  <attribute name="IntegralI" value="40.000000" />
  <attribute name="IntegralH" value="40.000000" />
  <attribute name="DerivativeT" value="-13.875000" />
  <attribute name="DerivativeI" value="-13.875000" />
  <attribute name="DerivativeH" value="-13.875000" />
  <attribute name="Loop Time for DT" value="4.000000" />
  <attribute name="Output H" value="8388608"/>
  <attribute name="Output I" value="200"/>
  <attribute name="Output T" value="4"/>
  <attribute name="Target GC Util Change" value ="20.000000" />
  <attribute name="Current GC Util Change" value="30.000000"/>
  <attribute name="GC Util currently" value="30" />
  <attribute name="CPU Util currently" value="989029859804" />
<allocation-satisfied id="1467" threadId="00000000013E6C00" bytesRequested="16" />
<af-end id="1468" timestamp="2019-06-17T03:12:53.427" threadId="00000000013E7588" success="true" from="nursery"/>
<exclusive-end id="1469" timestamp="2019-06-17T03:12:53.427" durationms="1.390" />

<exclusive-start id="1470" timestamp="2019-06-17T03:12:53.431" intervalms="5.456">
  <response-info timems="0.023" idlems="0.023" threads="0" lastid="00000000013E6C00" lastname="PmdThread 1" />
</exclusive-start>
<af-start id="1471" threadId="00000000013E7588" totalBytesRequested="16" timestamp="2019-06-17T03:12:53.431" intervalms="5.456" type="nursery" />
<cycle-start id="1472" type="scavenge" contextid="0" timestamp="2019-06-17T03:12:53.431" intervalms="5.457" />
<gc-start id="1473" type="scavenge" contextid="1472" timestamp="2019-06-17T03:12:53.431">
  <mem-info id="1474" free="2072082864" total="2092630016" percent="99">
    <mem type="nursery" free="0" total="2097152" percent="0">
      <mem type="allocate" free="0" total="1441792" percent="0" />
      <mem type="survivor" free="0" total="655360" percent="0" />
    </mem>
    <mem type="tenure" free="2072082864" total="2090532864" percent="99">
      <mem type="soa" free="1967557040" total="1986007040" percent="99" />
      <mem type="loa" free="104525824" total="104525824" percent="100" />
    </mem>
    <remembered-set count="425" />
  </mem-info>
</gc-start>
<allocation-stats totalBytes="1004128" >
  <allocated-bytes non-tlh="16" tlh="1004112" />
  <largest-consumer threadName="PmdThread 4" threadId="00000000013F6000" bytes="461896" />
</allocation-stats>
<gc-op id="1475" type="scavenge" timems="1.354" contextid="1472" timestamp="2019-06-17T03:12:53.432">
  <scavenger-info tenureage="2" tenuremask="7ffc" tiltratio="68" />
  <memory-copied type="nursery" objects="12961" bytes="500040" bytesdiscarded="50600" />
  <memory-copied type="tenure" objects="2624" bytes="98384" bytesdiscarded="56" />
  <references type="weak" candidates="1" cleared="1" enqueued="1" />
  <references type="phantom" candidates="1" cleared="1" enqueued="1" />
</gc-op>
<gc-end id="1476" type="scavenge" contextid="1472" durationms="1.557" usertimems="0.000" systemtimems="0.000" timestamp="2019-06-17T03:12:53.432" activeThreads="1">
  <mem-info id="1477" free="2072799408" total="2092630016" percent="99">
    <mem type="nursery" free="825600" total="2097152" percent="39">
      <mem type="allocate" free="825600" total="1376256" percent="59" />
      <mem type="survivor" free="0" total="720896" percent="0" />
    </mem>
    <mem type="tenure" free="2071973808" total="2090532864" percent="99">
      <mem type="soa" free="1967447984" total="1986007040" percent="99" />
      <mem type="loa" free="104525824" total="104525824" percent="100" />
    </mem>
    <pending-finalizers system="0" default="0" reference="2" classloader="0" />
    <remembered-set count="387" />
  </mem-info>
</gc-end>
<cycle-end id="1478" type="scavenge" contextid="1472" timestamp="2019-06-17T03:12:53.432" />
  <attribute name="elasticGC enabled" value="1" />
  <attribute name= "numThreadsSpecified" value="1" />
  <attribute name="heapSize specified" value="8388608" />
  <attribute name="Current GC Util" value="20" />
  <attribute name= "Current Time Running" value="12001" />
  <attribute name ="GC Interval" value="200" />
  <attribute name="ProportionalT" value="0.000000" />
  <attribute name="ProportionalI" value="0.000000" />
  <attribute name="ProportionalH" value="0.000000" />
  <attribute name="Current Error" value="0.000000" />
  <attribute name="IntegralT" value="0.000000" />
  <attribute name="IntegralI" value="0.000000" />
  <attribute name="IntegralH" value="0.000000" />
  <attribute name="DerivativeT" value="-2.500000" />
  <attribute name="DerivativeI" value="-2.500000" />
  <attribute name="DerivativeH" value="-2.500000" />
  <attribute name="Loop Time for DT" value="6.000000" />
  <attribute name="Output H" value="8388608"/>
  <attribute name="Output I" value="200"/>
  <attribute name="Output T" value="1"/>
  <attribute name="Target GC Util Change" value ="20.000000" />
  <attribute name="Current GC Util Change" value="20.000000"/>
  <attribute name="GC Util currently" value="20" />
  <attribute name="CPU Util currently" value="844391739009" />
<allocation-satisfied id="1479" threadId="00000000013E6C00" bytesRequested="16" />
<af-end id="1480" timestamp="2019-06-17T03:12:53.433" threadId="00000000013E7588" success="true" from="nursery"/>
<exclusive-end id="1481" timestamp="2019-06-17T03:12:53.433" durationms="2.001" />

<exclusive-start id="1482" timestamp="2019-06-17T03:12:53.435" intervalms="4.190">
  <response-info timems="0.043" idlems="0.043" threads="0" lastid="00000000013E6C00" lastname="PmdThread 1" />
</exclusive-start>
<af-start id="1483" threadId="00000000013E7588" totalBytesRequested="56" timestamp="2019-06-17T03:12:53.435" intervalms="4.190" type="nursery" />
<cycle-start id="1484" type="scavenge" contextid="0" timestamp="2019-06-17T03:12:53.435" intervalms="4.184" />
<gc-start id="1485" type="scavenge" contextid="1484" timestamp="2019-06-17T03:12:53.435">
  <mem-info id="1486" free="2071973808" total="2092630016" percent="99">
    <mem type="nursery" free="0" total="2097152" percent="0">
      <mem type="allocate" free="0" total="1376256" percent="0" />
      <mem type="survivor" free="0" total="720896" percent="0" />
    </mem>
    <mem type="tenure" free="2071973808" total="2090532864" percent="99">
      <mem type="soa" free="1967447984" total="1986007040" percent="99" />
      <mem type="loa" free="104525824" total="104525824" percent="100" />
    </mem>
    <remembered-set count="409" />
  </mem-info>
</gc-start>
<allocation-stats totalBytes="824784" >
  <allocated-bytes non-tlh="16" tlh="824768" />
  <largest-consumer threadName="PmdThread 2" threadId="00000000013EA800" bytes="347488" />
</allocation-stats>
<gc-op id="1487" type="scavenge" timems="1.455" contextid="1484" timestamp="2019-06-17T03:12:53.437">
  <scavenger-info tenureage="1" tenuremask="7ffe" tiltratio="65" />
  <memory-copied type="nursery" objects="3845" bytes="136176" bytesdiscarded="98824" />
  <memory-copied type="tenure" objects="12575" bytes="466744" bytesdiscarded="168" />
  <references type="weak" candidates="26" cleared="26" enqueued="26" />
</gc-op>
<gc-end id="1488" type="scavenge" contextid="1484" durationms="1.656" usertimems="4.000" systemtimems="0.000" timestamp="2019-06-17T03:12:53.437" activeThreads="4">
  <mem-info id="1489" free="2072645040" total="2092630016" percent="99">
    <mem type="nursery" free="1141248" total="2097152" percent="54">
      <mem type="allocate" free="1141248" total="1376256" percent="82" />
      <mem type="survivor" free="0" total="720896" percent="0" />
    </mem>
    <mem type="tenure" free="2071503792" total="2090532864" percent="99">
      <mem type="soa" free="1966977968" total="1986007040" percent="99" />
      <mem type="loa" free="104525824" total="104525824" percent="100" />
    </mem>
    <pending-finalizers system="0" default="0" reference="26" classloader="0" />
    <remembered-set count="173" />
  </mem-info>
</gc-end>
<cycle-end id="1490" type="scavenge" contextid="1484" timestamp="2019-06-17T03:12:53.437" />
  <attribute name="elasticGC enabled" value="1" />
  <attribute name= "numThreadsSpecified" value="4" />
  <attribute name="heapSize specified" value="8388608" />
  <attribute name="Current GC Util" value="37" />
  <attribute name= "Current Time Running" value="12005" />
  <attribute name ="GC Interval" value="200" />
  <attribute name="ProportionalT" value="25.500000" />
  <attribute name="ProportionalI" value="25.500000" />
  <attribute name="ProportionalH" value="25.500000" />
  <attribute name="Current Error" value="17.000000" />
  <attribute name="IntegralT" value="68.000000" />
  <attribute name="IntegralI" value="68.000000" />
  <attribute name="IntegralH" value="68.000000" />
  <attribute name="DerivativeT" value="6.375000" />
  <attribute name="DerivativeI" value="6.375000" />
  <attribute name="DerivativeH" value="6.375000" />
  <attribute name="Loop Time for DT" value="4.000000" />
  <attribute name="Output H" value="8388608"/>
  <attribute name="Output I" value="200"/>
  <attribute name="Output T" value="4"/>
  <attribute name="Target GC Util Change" value ="20.000000" />
  <attribute name="Current GC Util Change" value="37.000000"/>
  <attribute name="GC Util currently" value="37" />
  <attribute name="CPU Util currently" value="1107798382728" />
<allocation-satisfied id="1491" threadId="00000000013E6C00" bytesRequested="56" />
<af-end id="1492" timestamp="2019-06-17T03:12:53.437" threadId="00000000013E7588" success="true" from="nursery"/>
<exclusive-end id="1493" timestamp="2019-06-17T03:12:53.437" durationms="2.102" />

<exclusive-start id="1494" timestamp="2019-06-17T03:12:53.439" intervalms="4.137">
  <response-info timems="0.039" idlems="0.021" threads="1" lastid="00000000013F2400" lastname="PmdThread 3" />
</exclusive-start>
<af-start id="1495" threadId="00000000013EB188" totalBytesRequested="40" timestamp="2019-06-17T03:12:53.439" intervalms="4.141" type="nursery" />
<cycle-start id="1496" type="scavenge" contextid="0" timestamp="2019-06-17T03:12:53.439" intervalms="4.149" />
<gc-start id="1497" type="scavenge" contextid="1496" timestamp="2019-06-17T03:12:53.439">
  <mem-info id="1498" free="2071503792" total="2092630016" percent="98">
    <mem type="nursery" free="0" total="2097152" percent="0">
      <mem type="allocate" free="0" total="1376256" percent="0" />
      <mem type="survivor" free="0" total="720896" percent="0" />
    </mem>
    <mem type="tenure" free="2071503792" total="2090532864" percent="99">
      <mem type="soa" free="1966977968" total="1986007040" percent="99" />
      <mem type="loa" free="104525824" total="104525824" percent="100" />
    </mem>
    <remembered-set count="189" />
  </mem-info>
</gc-start>
<allocation-stats totalBytes="1137208" >
  <allocated-bytes non-tlh="41040" tlh="1096168" />
  <largest-consumer threadName="PmdThread 2" threadId="00000000013EA800" bytes="405240" />
</allocation-stats>
<gc-op id="1499" type="scavenge" timems="0.650" contextid="1496" timestamp="2019-06-17T03:12:53.440">
  <scavenger-info tenureage="2" tenuremask="7ffc" tiltratio="65" />
  <memory-copied type="nursery" objects="7622" bytes="349664" bytesdiscarded="81176" />
  <references type="weak" candidates="71" cleared="71" enqueued="71" />
  <references type="phantom" candidates="1" cleared="0" enqueued="0" />
</gc-op>
<gc-end id="1500" type="scavenge" contextid="1496" durationms="1.012" usertimems="0.000" systemtimems="0.000" timestamp="2019-06-17T03:12:53.440" activeThreads="4">
  <mem-info id="1501" free="2072514736" total="2092630016" percent="99">
    <mem type="nursery" free="1010944" total="2097152" percent="48">
      <mem type="allocate" free="1010944" total="1441792" percent="70" />
      <mem type="survivor" free="0" total="655360" percent="0" />
    </mem>
    <mem type="tenure" free="2071503792" total="2090532864" percent="99">
      <mem type="soa" free="1966977968" total="1986007040" percent="99" />
      <mem type="loa" free="104525824" total="104525824" percent="100" />
    </mem>
    <pending-finalizers system="0" default="0" reference="71" classloader="0" />
    <remembered-set count="159" />
  </mem-info>
</gc-end>
<cycle-end id="1502" type="scavenge" contextid="1496" timestamp="2019-06-17T03:12:53.440" />
  <attribute name="elasticGC enabled" value="1" />
  <attribute name= "numThreadsSpecified" value="4" />
  <attribute name="heapSize specified" value="8388608" />
  <attribute name="Current GC Util" value="45" />
  <attribute name= "Current Time Running" value="12009" />
  <attribute name ="GC Interval" value="200" />
  <attribute name="ProportionalT" value="37.500000" />
  <attribute name="ProportionalI" value="37.500000" />
  <attribute name="ProportionalH" value="37.500000" />
  <attribute name="Current Error" value="25.000000" />
  <attribute name="IntegralT" value="100.000000" />
  <attribute name="IntegralI" value="100.000000" />
  <attribute name="IntegralH" value="100.000000" />
  <attribute name="DerivativeT" value="3.000000" />
  <attribute name="DerivativeI" value="3.000000" />
  <attribute name="DerivativeH" value="3.000000" />
  <attribute name="Loop Time for DT" value="4.000000" />
  <attribute name="Output H" value="8388608"/>
  <attribute name="Output I" value="200"/>
  <attribute name="Output T" value="4"/>
  <attribute name="Target GC Util Change" value ="20.000000" />
  <attribute name="Current GC Util Change" value="45.000000"/>
  <attribute name="GC Util currently" value="45" />
  <attribute name="CPU Util currently" value="1102896859045" />
<allocation-satisfied id="1503" threadId="00000000013EA800" bytesRequested="40" />
<af-end id="1504" timestamp="2019-06-17T03:12:53.440" threadId="00000000013EB188" success="true" from="nursery"/>
<exclusive-end id="1505" timestamp="2019-06-17T03:12:53.441" durationms="1.564" />

<exclusive-start id="1506" timestamp="2019-06-17T03:12:53.443" intervalms="3.558">
  <response-info timems="0.035" idlems="0.019" threads="1" lastid="00000000013F2400" lastname="PmdThread 3" />
</exclusive-start>
<af-start id="1507" threadId="00000000013EB188" totalBytesRequested="40" timestamp="2019-06-17T03:12:53.443" intervalms="3.553" type="nursery" />
<cycle-start id="1508" type="scavenge" contextid="0" timestamp="2019-06-17T03:12:53.443" intervalms="3.551" />
<gc-start id="1509" type="scavenge" contextid="1508" timestamp="2019-06-17T03:12:53.443">
  <mem-info id="1510" free="2071503792" total="2092630016" percent="98">
    <mem type="nursery" free="0" total="2097152" percent="0">
      <mem type="allocate" free="0" total="1441792" percent="0" />
      <mem type="survivor" free="0" total="655360" percent="0" />
    </mem>
    <mem type="tenure" free="2071503792" total="2090532864" percent="99">
      <mem type="soa" free="1966977968" total="1986007040" percent="99" />
      <mem type="loa" free="104525824" total="104525824" percent="100" />
    </mem>
    <remembered-set count="196" />
  </mem-info>
</gc-start>
<allocation-stats totalBytes="1010256" >
  <allocated-bytes non-tlh="40" tlh="1010216" />
  <largest-consumer threadName="PmdThread 1" threadId="00000000013E6C00" bytes="376776" />
</allocation-stats>
<gc-op id="1511" type="scavenge" timems="1.095" contextid="1508" timestamp="2019-06-17T03:12:53.444">
  <scavenger-info tenureage="2" tenuremask="7ffc" tiltratio="68" />
  <memory-copied type="nursery" objects="9144" bytes="407560" bytesdiscarded="95248" />
  <memory-copied type="tenure" objects="2926" bytes="109992" bytesdiscarded="80" />
  <references type="weak" candidates="54" cleared="54" enqueued="54" />
  <references type="phantom" candidates="1" cleared="0" enqueued="0" />
</gc-op>
<gc-end id="1512" type="scavenge" contextid="1508" durationms="1.454" usertimems="0.000" systemtimems="0.000" timestamp="2019-06-17T03:12:53.444" activeThreads="4">
  <mem-info id="1513" free="2072390808" total="2092630016" percent="99">
    <mem type="nursery" free="1004520" total="2097152" percent="47">
      <mem type="allocate" free="1004520" total="1507328" percent="66" />
      <mem type="survivor" free="0" total="589824" percent="0" />
    </mem>
    <mem type="tenure" free="2071386288" total="2090532864" percent="99">
      <mem type="soa" free="1966860464" total="1986007040" percent="99" />
      <mem type="loa" free="104525824" total="104525824" percent="100" />
    </mem>
    <pending-finalizers system="0" default="0" reference="54" classloader="0" />
    <remembered-set count="183" />
  </mem-info>
</gc-end>
<cycle-end id="1514" type="scavenge" contextid="1508" timestamp="2019-06-17T03:12:53.444" />
  <attribute name="elasticGC enabled" value="1" />
  <attribute name= "numThreadsSpecified" value="4" />
  <attribute name="heapSize specified" value="8388608" />
  <attribute name="Current GC Util" value="32" />
  <attribute name= "Current Time Running" value="12013" />
  <attribute name ="GC Interval" value="200" />
  <attribute name="ProportionalT" value="18.000000" />
  <attribute name="ProportionalI" value="18.000000" />
  <attribute name="ProportionalH" value="18.000000" />
  <attribute name="Current Error" value="12.000000" />
  <attribute name="IntegralT" value="48.000000" />
  <attribute name="IntegralI" value="48.000000" />
  <attribute name="IntegralH" value="48.000000" />
  <attribute name="DerivativeT" value="-4.875000" />
  <attribute name="DerivativeI" value="-4.875000" />
  <attribute name="DerivativeH" value="-4.875000" />
  <attribute name="Loop Time for DT" value="4.000000" />
  <attribute name="Output H" value="8388608"/>
  <attribute name="Output I" value="200"/>
  <attribute name="Output T" value="4"/>
  <attribute name="Target GC Util Change" value ="20.000000" />
  <attribute name="Current GC Util Change" value="32.000000"/>
  <attribute name="GC Util currently" value="32" />
  <attribute name="CPU Util currently" value="1304788808591" />
<allocation-satisfied id="1515" threadId="00000000013EA800" bytesRequested="40" />
<af-end id="1516" timestamp="2019-06-17T03:12:53.444" threadId="00000000013EB188" success="true" from="nursery"/>
<exclusive-end id="1517" timestamp="2019-06-17T03:12:53.444" durationms="1.903" />

<exclusive-start id="1518" timestamp="2019-06-17T03:12:53.446" intervalms="3.890">
  <response-info timems="0.024" idlems="0.024" threads="0" lastid="00000000013E6C00" lastname="PmdThread 1" />
</exclusive-start>
<af-start id="1519" threadId="00000000013E7588" totalBytesRequested="16" timestamp="2019-06-17T03:12:53.446" intervalms="3.895" type="nursery" />
<cycle-start id="1520" type="scavenge" contextid="0" timestamp="2019-06-17T03:12:53.447" intervalms="3.896" />
<gc-start id="1521" type="scavenge" contextid="1520" timestamp="2019-06-17T03:12:53.447">
  <mem-info id="1522" free="2071386288" total="2092630016" percent="98">
    <mem type="nursery" free="0" total="2097152" percent="0">
      <mem type="allocate" free="0" total="1507328" percent="0" />
      <mem type="survivor" free="0" total="589824" percent="0" />
    </mem>
    <mem type="tenure" free="2071386288" total="2090532864" percent="99">
      <mem type="soa" free="1966860464" total="1986007040" percent="99" />
      <mem type="loa" free="104525824" total="104525824" percent="100" />
    </mem>
    <remembered-set count="230" />
  </mem-info>
</gc-start>
<allocation-stats totalBytes="1003768" >
  <allocated-bytes non-tlh="40" tlh="1003728" />
  <largest-consumer threadName="PmdThread 4" threadId="00000000013F6000" bytes="315312" />
</allocation-stats>
<gc-op id="1523" type="scavenge" timems="1.269" contextid="1520" timestamp="2019-06-17T03:12:53.448">
  <scavenger-info tenureage="2" tenuremask="7ffc" tiltratio="71" />
  <memory-copied type="nursery" objects="11183" bytes="413584" bytesdiscarded="95600" />
  <memory-copied type="tenure" objects="4374" bytes="229712" bytesdiscarded="136" />
  <references type="weak" candidates="42" cleared="42" enqueued="42" />
</gc-op>
<gc-end id="1524" type="scavenge" contextid="1520" durationms="1.464" usertimems="4.000" systemtimems="0.000" timestamp="2019-06-17T03:12:53.448" activeThreads="4">
  <mem-info id="1525" free="2072235912" total="2092630016" percent="99">
    <mem type="nursery" free="1063680" total="2097152" percent="50">
      <mem type="allocate" free="1063680" total="1572864" percent="67" />
      <mem type="survivor" free="0" total="524288" percent="0" />
    </mem>
    <mem type="tenure" free="2071172232" total="2090532864" percent="99">
      <mem type="soa" free="1966646408" total="1986007040" percent="99" />
      <mem type="loa" free="104525824" total="104525824" percent="100" />
    </mem>
    <pending-finalizers system="0" default="0" reference="42" classloader="0" />
    <remembered-set count="202" />
  </mem-info>
</gc-end>
<cycle-end id="1526" type="scavenge" contextid="1520" timestamp="2019-06-17T03:12:53.448" />
  <attribute name="elasticGC enabled" value="1" />
  <attribute name= "numThreadsSpecified" value="4" />
  <attribute name="heapSize specified" value="8388608" />
  <attribute name="Current GC Util" value="39" />
  <attribute name= "Current Time Running" value="12017" />
  <attribute name ="GC Interval" value="200" />
  <attribute name="ProportionalT" value="28.500000" />
  <attribute name="ProportionalI" value="28.500000" />
  <attribute name="ProportionalH" value="28.500000" />
  <attribute name="Current Error" value="19.000000" />
  <attribute name="IntegralT" value="76.000000" />
  <attribute name="IntegralI" value="76.000000" />
  <attribute name="IntegralH" value="76.000000" />
  <attribute name="DerivativeT" value="2.625000" />
  <attribute name="DerivativeI" value="2.625000" />
  <attribute name="DerivativeH" value="2.625000" />
  <attribute name="Loop Time for DT" value="4.000000" />
  <attribute name="Output H" value="8388608"/>
  <attribute name="Output I" value="200"/>
  <attribute name="Output T" value="4"/>
  <attribute name="Target GC Util Change" value ="20.000000" />
  <attribute name="Current GC Util Change" value="39.000000"/>
  <attribute name="GC Util currently" value="39" />
  <attribute name="CPU Util currently" value="1183871758731" />
<allocation-satisfied id="1527" threadId="00000000013E6C00" bytesRequested="16" />
<af-end id="1528" timestamp="2019-06-17T03:12:53.448" threadId="00000000013E7588" success="true" from="nursery"/>
<exclusive-end id="1529" timestamp="2019-06-17T03:12:53.448" durationms="1.943" />

<exclusive-start id="1530" timestamp="2019-06-17T03:12:53.450" intervalms="4.017">
  <response-info timems="0.022" idlems="0.022" threads="0" lastid="00000000013F2400" lastname="PmdThread 3" />
</exclusive-start>
<af-start id="1531" threadId="00000000013F2D88" totalBytesRequested="56" timestamp="2019-06-17T03:12:53.451" intervalms="4.023" type="nursery" />
<cycle-start id="1532" type="scavenge" contextid="0" timestamp="2019-06-17T03:12:53.451" intervalms="4.020" />
<gc-start id="1533" type="scavenge" contextid="1532" timestamp="2019-06-17T03:12:53.451">
  <mem-info id="1534" free="2071172232" total="2092630016" percent="98">
    <mem type="nursery" free="0" total="2097152" percent="0">
      <mem type="allocate" free="0" total="1572864" percent="0" />
      <mem type="survivor" free="0" total="524288" percent="0" />
    </mem>
    <mem type="tenure" free="2071172232" total="2090532864" percent="99">
      <mem type="soa" free="1966646408" total="1986007040" percent="99" />
      <mem type="loa" free="104525824" total="104525824" percent="100" />
    </mem>
    <remembered-set count="209" />
  </mem-info>
</gc-start>
<allocation-stats totalBytes="1063240" >
  <allocated-bytes non-tlh="16" tlh="1063224" />
  <largest-consumer threadName="PmdThread 4" threadId="00000000013F6000" bytes="401224" />
</allocation-stats>
<gc-op id="1535" type="scavenge" timems="1.559" contextid="1532" timestamp="2019-06-17T03:12:53.452">
  <scavenger-info tenureage="2" tenuremask="7ffc" tiltratio="75" />
  <memory-copied type="nursery" objects="12105" bytes="448888" bytesdiscarded="75400" />
  <memory-copied type="tenure" objects="7100" bytes="262128" bytesdiscarded="192" />
  <copy-failed type="nursery" objects="2728" bytes="96360" />
</gc-op>
<gc-end id="1536" type="scavenge" contextid="1532" durationms="1.921" usertimems="0.000" systemtimems="0.000" timestamp="2019-06-17T03:12:53.453" activeThreads="4">
  <mem-info id="1537" free="2071684488" total="2092630016" percent="98">
    <mem type="nursery" free="786432" total="2097152" percent="37">
      <mem type="allocate" free="786432" total="1310720" percent="60" />
      <mem type="survivor" free="0" total="786432" percent="0" />
    </mem>
    <mem type="tenure" free="2070898056" total="2090532864" percent="99">
      <mem type="soa" free="1966372232" total="1986007040" percent="99" />
      <mem type="loa" free="104525824" total="104525824" percent="100" />
    </mem>
    <remembered-set count="290" />
  </mem-info>
</gc-end>
<cycle-end id="1538" type="scavenge" contextid="1532" timestamp="2019-06-17T03:12:53.453" />
  <attribute name="elasticGC enabled" value="1" />
  <attribute name= "numThreadsSpecified" value="4" />
  <attribute name="heapSize specified" value="8388608" />
  <attribute name="Current GC Util" value="42" />
  <attribute name= "Current Time Running" value="12021" />
  <attribute name ="GC Interval" value="200" />
  <attribute name="ProportionalT" value="33.000000" />
  <attribute name="ProportionalI" value="33.000000" />
  <attribute name="ProportionalH" value="33.000000" />
  <attribute name="Current Error" value="22.000000" />
  <attribute name="IntegralT" value="88.000000" />
  <attribute name="IntegralI" value="88.000000" />
  <attribute name="IntegralH" value="88.000000" />
  <attribute name="DerivativeT" value="1.125000" />
  <attribute name="DerivativeI" value="1.125000" />
  <attribute name="DerivativeH" value="1.125000" />
  <attribute name="Loop Time for DT" value="4.000000" />
  <attribute name="Output H" value="8388608"/>
  <attribute name="Output I" value="200"/>
  <attribute name="Output T" value="4"/>
  <attribute name="Target GC Util Change" value ="20.000000" />
  <attribute name="Current GC Util Change" value="42.000000"/>
  <attribute name="GC Util currently" value="42" />
  <attribute name="CPU Util currently" value="1146003082691" />
<allocation-satisfied id="1539" threadId="00000000013F2400" bytesRequested="56" />
<af-end id="1540" timestamp="2019-06-17T03:12:53.453" threadId="00000000013F2D88" success="true" from="nursery"/>
<exclusive-end id="1541" timestamp="2019-06-17T03:12:53.453" durationms="2.429" />

<exclusive-start id="1542" timestamp="2019-06-17T03:12:53.454" intervalms="3.651">
  <response-info timems="0.022" idlems="0.022" threads="0" lastid="00000000013F6000" lastname="PmdThread 4" />
</exclusive-start>
<af-start id="1543" threadId="00000000013F6988" totalBytesRequested="40" timestamp="2019-06-17T03:12:53.454" intervalms="3.633" type="nursery" />
<cycle-start id="1544" type="scavenge" contextid="0" timestamp="2019-06-17T03:12:53.454" intervalms="3.630" />
<gc-start id="1545" type="scavenge" contextid="1544" timestamp="2019-06-17T03:12:53.454">
  <mem-info id="1546" free="2070898056" total="2092630016" percent="98">
    <mem type="nursery" free="0" total="2097152" percent="0">
      <mem type="allocate" free="0" total="1310720" percent="0" />
      <mem type="survivor" free="0" total="786432" percent="0" />
    </mem>
    <mem type="tenure" free="2070898056" total="2090532864" percent="99">
      <mem type="soa" free="1966372232" total="1986007040" percent="99" />
      <mem type="loa" free="104525824" total="104525824" percent="100" />
    </mem>
    <remembered-set count="320" />
  </mem-info>
</gc-start>
<allocation-stats totalBytes="786008" >
  <allocated-bytes non-tlh="56" tlh="785952" />
  <largest-consumer threadName="PmdThread 2" threadId="00000000013EA800" bytes="269984" />
</allocation-stats>
<gc-op id="1547" type="scavenge" timems="1.779" contextid="1544" timestamp="2019-06-17T03:12:53.456">
  <scavenger-info tenureage="1" tenuremask="7ffe" tiltratio="62" />
  <memory-copied type="nursery" objects="5657" bytes="186176" bytesdiscarded="48832" />
  <memory-copied type="tenure" objects="11773" bytes="439792" bytesdiscarded="264" />
  <references type="weak" candidates="28" cleared="28" enqueued="28" />
</gc-op>
<gc-end id="1548" type="scavenge" contextid="1544" durationms="1.953" usertimems="4.000" systemtimems="0.000" timestamp="2019-06-17T03:12:53.456" activeThreads="4">
  <mem-info id="1549" free="2071608456" total="2092630016" percent="98">
    <mem type="nursery" free="1141248" total="2097152" percent="54">
      <mem type="allocate" free="1141248" total="1376256" percent="82" />
      <mem type="survivor" free="0" total="720896" percent="0" />
    </mem>
    <mem type="tenure" free="2070467208" total="2090532864" percent="99">
      <mem type="soa" free="1965941384" total="1986007040" percent="98" />
      <mem type="loa" free="104525824" total="104525824" percent="100" />
    </mem>
    <pending-finalizers system="0" default="0" reference="28" classloader="0" />
    <remembered-set count="232" />
  </mem-info>
</gc-end>
<cycle-end id="1550" type="scavenge" contextid="1544" timestamp="2019-06-17T03:12:53.456" />
  <attribute name="elasticGC enabled" value="1" />
  <attribute name= "numThreadsSpecified" value="4" />
  <attribute name="heapSize specified" value="8388608" />
  <attribute name="Current GC Util" value="54" />
  <attribute name= "Current Time Running" value="12024" />
  <attribute name ="GC Interval" value="200" />
  <attribute name="ProportionalT" value="51.000000" />
  <attribute name="ProportionalI" value="51.000000" />
  <attribute name="ProportionalH" value="51.000000" />
  <attribute name="Current Error" value="34.000000" />
  <attribute name="IntegralT" value="102.000000" />
  <attribute name="IntegralI" value="102.000000" />
  <attribute name="IntegralH" value="102.000000" />
  <attribute name="DerivativeT" value="6.000000" />
  <attribute name="DerivativeI" value="6.000000" />
  <attribute name="DerivativeH" value="6.000000" />
  <attribute name="Loop Time for DT" value="3.000000" />
  <attribute name="Output H" value="8388608"/>
  <attribute name="Output I" value="200"/>
  <attribute name="Output T" value="4"/>
  <attribute name="Target GC Util Change" value ="20.000000" />
  <attribute name="Current GC Util Change" value="54.000000"/>
  <attribute name="GC Util currently" value="54" />
  <attribute name="CPU Util currently" value="1274753169314" />
<allocation-satisfied id="1551" threadId="00000000013F6000" bytesRequested="40" />
<af-end id="1552" timestamp="2019-06-17T03:12:53.456" threadId="00000000013F6988" success="true" from="nursery"/>
<exclusive-end id="1553" timestamp="2019-06-17T03:12:53.456" durationms="2.368" />

<exclusive-start id="1554" timestamp="2019-06-17T03:12:53.459" intervalms="5.269">
  <response-info timems="0.204" idlems="0.116" threads="1" lastid="00000000013E6C00" lastname="PmdThread 1" />
</exclusive-start>
<af-start id="1555" threadId="00000000013F2D88" totalBytesRequested="16" timestamp="2019-06-17T03:12:53.459" intervalms="5.294" type="nursery" />
<cycle-start id="1556" type="scavenge" contextid="0" timestamp="2019-06-17T03:12:53.460" intervalms="5.864" />
<gc-start id="1557" type="scavenge" contextid="1556" timestamp="2019-06-17T03:12:53.460">
  <mem-info id="1558" free="2070467208" total="2092630016" percent="98">
    <mem type="nursery" free="0" total="2097152" percent="0">
      <mem type="allocate" free="0" total="1376256" percent="0" />
      <mem type="survivor" free="0" total="720896" percent="0" />
    </mem>
    <mem type="tenure" free="2070467208" total="2090532864" percent="99">
      <mem type="soa" free="1965941384" total="1986007040" percent="98" />
      <mem type="loa" free="104525824" total="104525824" percent="100" />
    </mem>
    <remembered-set count="839" />
  </mem-info>
</gc-start>
<allocation-stats totalBytes="1140984" >
  <allocated-bytes non-tlh="40" tlh="1140944" />
  <largest-consumer threadName="PmdThread 4" threadId="00000000013F6000" bytes="450480" />
</allocation-stats>
<gc-op id="1559" type="scavenge" timems="1.341" contextid="1556" timestamp="2019-06-17T03:12:53.462">
  <scavenger-info tenureage="1" tenuremask="7ffe" tiltratio="65" />
  <memory-copied type="nursery" objects="11307" bytes="366384" bytesdiscarded="103624" />
  <memory-copied type="tenure" objects="5466" bytes="180944" bytesdiscarded="40" />
</gc-op>
<gc-end id="1560" type="scavenge" contextid="1556" durationms="1.915" usertimems="0.000" systemtimems="0.000" timestamp="2019-06-17T03:12:53.462" activeThreads="4">
  <mem-info id="1561" free="2071216776" total="2092630016" percent="98">
    <mem type="nursery" free="906240" total="2097152" percent="43">
      <mem type="allocate" free="906240" total="1376256" percent="65" />
      <mem type="survivor" free="0" total="720896" percent="0" />
    </mem>
    <mem type="tenure" free="2070310536" total="2090532864" percent="99">
      <mem type="soa" free="1965784712" total="1986007040" percent="98" />
      <mem type="loa" free="104525824" total="104525824" percent="100" />
    </mem>
    <remembered-set count="786" />
  </mem-info>
</gc-end>
<cycle-end id="1562" type="scavenge" contextid="1556" timestamp="2019-06-17T03:12:53.462" />
  <attribute name="elasticGC enabled" value="1" />
  <attribute name= "numThreadsSpecified" value="4" />
  <attribute name="heapSize specified" value="8388608" />
  <attribute name="Current GC Util" value="40" />
  <attribute name= "Current Time Running" value="12030" />
  <attribute name ="GC Interval" value="200" />
  <attribute name="ProportionalT" value="30.000000" />
  <attribute name="ProportionalI" value="30.000000" />
  <attribute name="ProportionalH" value="30.000000" />
  <attribute name="Current Error" value="20.000000" />
  <attribute name="IntegralT" value="120.000000" />
  <attribute name="IntegralI" value="120.000000" />
  <attribute name="IntegralH" value="120.000000" />
  <attribute name="DerivativeT" value="-3.500000" />
  <attribute name="DerivativeI" value="-3.500000" />
  <attribute name="DerivativeH" value="-3.500000" />
  <attribute name="Loop Time for DT" value="6.000000" />
  <attribute name="Output H" value="8388608"/>
  <attribute name="Output I" value="200"/>
  <attribute name="Output T" value="4"/>
  <attribute name="Target GC Util Change" value ="20.000000" />
  <attribute name="Current GC Util Change" value="40.000000"/>
  <attribute name="GC Util currently" value="40" />
  <attribute name="CPU Util currently" value="757123099711" />
<allocation-satisfied id="1563" threadId="00000000013F2400" bytesRequested="16" />
<af-end id="1564" timestamp="2019-06-17T03:12:53.462" threadId="00000000013F2D88" success="true" from="nursery"/>
<exclusive-end id="1565" timestamp="2019-06-17T03:12:53.462" durationms="3.167" />

<exclusive-start id="1566" timestamp="2019-06-17T03:12:53.465" intervalms="5.424">
  <response-info timems="0.026" idlems="0.026" threads="0" lastid="00000000013F6000" lastname="PmdThread 4" />
</exclusive-start>
<af-start id="1567" threadId="00000000013F6988" totalBytesRequested="40" timestamp="2019-06-17T03:12:53.465" intervalms="5.431" type="nursery" />
<cycle-start id="1568" type="scavenge" contextid="0" timestamp="2019-06-17T03:12:53.465" intervalms="4.889" />
<gc-start id="1569" type="scavenge" contextid="1568" timestamp="2019-06-17T03:12:53.465">
  <mem-info id="1570" free="2070310536" total="2092630016" percent="98">
    <mem type="nursery" free="0" total="2097152" percent="0">
      <mem type="allocate" free="0" total="1376256" percent="0" />
      <mem type="survivor" free="0" total="720896" percent="0" />
    </mem>
    <mem type="tenure" free="2070310536" total="2090532864" percent="99">
      <mem type="soa" free="1965784712" total="1986007040" percent="98" />
      <mem type="loa" free="104525824" total="104525824" percent="100" />
    </mem>
    <remembered-set count="1031" />
  </mem-info>
</gc-start>
<allocation-stats totalBytes="894280" >
  <allocated-bytes non-tlh="16" tlh="894264" />
  <largest-consumer threadName="PmdThread 4" threadId="00000000013F6000" bytes="324496" />
</allocation-stats>
<gc-op id="1571" type="scavenge" timems="2.033" contextid="1568" timestamp="2019-06-17T03:12:53.467">
  <scavenger-info tenureage="1" tenuremask="7ffe" tiltratio="65" />
  <memory-copied type="nursery" objects="9050" bytes="359296" bytesdiscarded="26000" />
  <memory-copied type="tenure" objects="11023" bytes="358832" bytesdiscarded="128" />
  <references type="phantom" candidates="1" cleared="0" enqueued="0" />
</gc-op>
<gc-end id="1572" type="scavenge" contextid="1568" durationms="2.200" usertimems="4.000" systemtimems="0.000" timestamp="2019-06-17T03:12:53.467" activeThreads="4">
  <mem-info id="1573" free="2071014512" total="2092630016" percent="98">
    <mem type="nursery" free="1056488" total="2097152" percent="50">
      <mem type="allocate" free="1056488" total="1441792" percent="73" />
      <mem type="survivor" free="0" total="655360" percent="0" />
    </mem>
    <mem type="tenure" free="2069958024" total="2090532864" percent="99">
      <mem type="soa" free="1965432200" total="1986007040" percent="98" />
      <mem type="loa" free="104525824" total="104525824" percent="100" />
    </mem>
    <remembered-set count="455" />
  </mem-info>
</gc-end>
<cycle-end id="1574" type="scavenge" contextid="1568" timestamp="2019-06-17T03:12:53.467" />
  <attribute name="elasticGC enabled" value="1" />
  <attribute name= "numThreadsSpecified" value="4" />
  <attribute name="heapSize specified" value="8388608" />
  <attribute name="Current GC Util" value="38" />
  <attribute name= "Current Time Running" value="12035" />
  <attribute name ="GC Interval" value="200" />
  <attribute name="ProportionalT" value="27.000000" />
  <attribute name="ProportionalI" value="27.000000" />
  <attribute name="ProportionalH" value="27.000000" />
  <attribute name="Current Error" value="18.000000" />
  <attribute name="IntegralT" value="90.000000" />
  <attribute name="IntegralI" value="90.000000" />
  <attribute name="IntegralH" value="90.000000" />
  <attribute name="DerivativeT" value="-0.600000" />
  <attribute name="DerivativeI" value="-0.600000" />
  <attribute name="DerivativeH" value="-0.600000" />
  <attribute name="Loop Time for DT" value="5.000000" />
  <attribute name="Output H" value="8388608"/>
  <attribute name="Output I" value="200"/>
  <attribute name="Output T" value="4"/>
  <attribute name="Target GC Util Change" value ="20.000000" />
  <attribute name="Current GC Util Change" value="38.000000"/>
  <attribute name="GC Util currently" value="38" />
  <attribute name="CPU Util currently" value="988837090176" />
<allocation-satisfied id="1575" threadId="00000000013F6000" bytesRequested="40" />
<af-end id="1576" timestamp="2019-06-17T03:12:53.467" threadId="00000000013F6988" success="true" from="nursery"/>
<exclusive-end id="1577" timestamp="2019-06-17T03:12:53.467" durationms="2.637" />

<exclusive-start id="1578" timestamp="2019-06-17T03:12:53.470" intervalms="5.487">
  <response-info timems="0.029" idlems="0.029" threads="0" lastid="00000000013E6C00" lastname="PmdThread 1" />
</exclusive-start>
<af-start id="1579" threadId="00000000013E7588" totalBytesRequested="24" timestamp="2019-06-17T03:12:53.470" intervalms="5.458" type="nursery" />
<cycle-start id="1580" type="scavenge" contextid="0" timestamp="2019-06-17T03:12:53.470" intervalms="5.428" />
<gc-start id="1581" type="scavenge" contextid="1580" timestamp="2019-06-17T03:12:53.470">
  <mem-info id="1582" free="2069958024" total="2092630016" percent="98">
    <mem type="nursery" free="0" total="2097152" percent="0">
      <mem type="allocate" free="0" total="1441792" percent="0" />
      <mem type="survivor" free="0" total="655360" percent="0" />
    </mem>
    <mem type="tenure" free="2069958024" total="2090532864" percent="99">
      <mem type="soa" free="1965432200" total="1986007040" percent="98" />
      <mem type="loa" free="104525824" total="104525824" percent="100" />
    </mem>
    <remembered-set count="620" />
  </mem-info>
</gc-start>
<allocation-stats totalBytes="1056112" >
  <allocated-bytes non-tlh="40" tlh="1056072" />
  <largest-consumer threadName="PmdThread 1" threadId="00000000013E6C00" bytes="392832" />
</allocation-stats>
<gc-op id="1583" type="scavenge" timems="1.258" contextid="1580" timestamp="2019-06-17T03:12:53.472">
  <scavenger-info tenureage="1" tenuremask="7ffe" tiltratio="68" />
  <memory-copied type="nursery" objects="6790" bytes="236800" bytesdiscarded="76528" />
  <memory-copied type="tenure" objects="8543" bytes="336544" bytesdiscarded="104" />
  <references type="weak" candidates="2" cleared="1" enqueued="1" />
  <references type="phantom" candidates="2" cleared="1" enqueued="1" />
</gc-op>
<gc-end id="1584" type="scavenge" contextid="1580" durationms="1.486" usertimems="0.000" systemtimems="0.000" timestamp="2019-06-17T03:12:53.472" activeThreads="4">
  <mem-info id="1585" free="2070814072" total="2092630016" percent="98">
    <mem type="nursery" free="1193984" total="2097152" percent="56">
      <mem type="allocate" free="1193984" total="1507328" percent="79" />
      <mem type="survivor" free="0" total="589824" percent="0" />
    </mem>
    <mem type="tenure" free="2069620088" total="2090532864" percent="98">
      <mem type="soa" free="1965094264" total="1986007040" percent="98" />
      <mem type="loa" free="104525824" total="104525824" percent="100" />
    </mem>
    <pending-finalizers system="0" default="0" reference="2" classloader="0" />
    <remembered-set count="342" />
  </mem-info>
</gc-end>
<cycle-end id="1586" type="scavenge" contextid="1580" timestamp="2019-06-17T03:12:53.472" />
  <attribute name="elasticGC enabled" value="1" />
  <attribute name= "numThreadsSpecified" value="4" />
  <attribute name="heapSize specified" value="8388608" />
  <attribute name="Current GC Util" value="56" />
  <attribute name= "Current Time Running" value="12040" />
  <attribute name ="GC Interval" value="240" />
  <attribute name="ProportionalT" value="54.000000" />
  <attribute name="ProportionalI" value="54.000000" />
  <attribute name="ProportionalH" value="54.000000" />
  <attribute name="Current Error" value="36.000000" />
  <attribute name="IntegralT" value="180.000000" />
  <attribute name="IntegralI" value="180.000000" />
  <attribute name="IntegralH" value="180.000000" />
  <attribute name="DerivativeT" value="5.400000" />
  <attribute name="DerivativeI" value="5.400000" />
  <attribute name="DerivativeH" value="5.400000" />
  <attribute name="Loop Time for DT" value="5.000000" />
  <attribute name="Output H" value="8388608"/>
  <attribute name="Output I" value="240"/>
  <attribute name="Output T" value="4"/>
  <attribute name="Target GC Util Change" value ="20.000000" />
  <attribute name="Current GC Util Change" value="56.000000"/>
  <attribute name="GC Util currently" value="56" />
  <attribute name="CPU Util currently" value="842426172306" />
<allocation-satisfied id="1587" threadId="00000000013E6C00" bytesRequested="24" />
<af-end id="1588" timestamp="2019-06-17T03:12:53.472" threadId="00000000013E7588" success="true" from="nursery"/>
<exclusive-end id="1589" timestamp="2019-06-17T03:12:53.472" durationms="1.949" />

<exclusive-start id="1590" timestamp="2019-06-17T03:12:53.474" intervalms="4.241">
  <response-info timems="0.043" idlems="0.043" threads="0" lastid="00000000013E6C00" lastname="PmdThread 1" />
</exclusive-start>
<af-start id="1591" threadId="00000000013E7588" totalBytesRequested="32" timestamp="2019-06-17T03:12:53.475" intervalms="4.291" type="nursery" />
<cycle-start id="1592" type="scavenge" contextid="0" timestamp="2019-06-17T03:12:53.475" intervalms="4.320" />
<gc-start id="1593" type="scavenge" contextid="1592" timestamp="2019-06-17T03:12:53.475">
  <mem-info id="1594" free="2069620088" total="2092630016" percent="98">
    <mem type="nursery" free="0" total="2097152" percent="0">
      <mem type="allocate" free="0" total="1507328" percent="0" />
      <mem type="survivor" free="0" total="589824" percent="0" />
    </mem>
    <mem type="tenure" free="2069620088" total="2090532864" percent="98">
      <mem type="soa" free="1965094264" total="1986007040" percent="98" />
      <mem type="loa" free="104525824" total="104525824" percent="100" />
    </mem>
    <remembered-set count="695" />
  </mem-info>
</gc-start>
<allocation-stats totalBytes="1193384" >
  <allocated-bytes non-tlh="24" tlh="1193360" />
  <largest-consumer threadName="PmdThread 4" threadId="00000000013F6000" bytes="505632" />
</allocation-stats>
<gc-op id="1595" type="scavenge" timems="1.024" contextid="1592" timestamp="2019-06-17T03:12:53.476">
  <scavenger-info tenureage="1" tenuremask="7ffe" tiltratio="71" />
  <memory-copied type="nursery" objects="5012" bytes="172704" bytesdiscarded="101464" />
  <memory-copied type="tenure" objects="6075" bytes="212920" bytesdiscarded="72" />
  <references type="weak" candidates="16" cleared="16" enqueued="16" />
</gc-op>
<gc-end id="1596" type="scavenge" contextid="1592" durationms="1.299" usertimems="0.000" systemtimems="0.000" timestamp="2019-06-17T03:12:53.476" activeThreads="4">
  <mem-info id="1597" free="2070722936" total="2092630016" percent="98">
    <mem type="nursery" free="1298688" total="2097152" percent="61">
      <mem type="allocate" free="1298688" total="1572864" percent="82" />
      <mem type="survivor" free="0" total="524288" percent="0" />
    </mem>
    <mem type="tenure" free="2069424248" total="2090532864" percent="98">
      <mem type="soa" free="1964898424" total="1986007040" percent="98" />
      <mem type="loa" free="104525824" total="104525824" percent="100" />
    </mem>
    <pending-finalizers system="0" default="0" reference="16" classloader="0" />
    <remembered-set count="496" />
  </mem-info>
</gc-end>
<cycle-end id="1598" type="scavenge" contextid="1592" timestamp="2019-06-17T03:12:53.476" />
  <attribute name="elasticGC enabled" value="1" />
  <attribute name= "numThreadsSpecified" value="4" />
  <attribute name="heapSize specified" value="8388608" />
  <attribute name="Current GC Util" value="41" />
  <attribute name= "Current Time Running" value="12045" />
  <attribute name ="GC Interval" value="200" />
  <attribute name="ProportionalT" value="31.500000" />
  <attribute name="ProportionalI" value="31.500000" />
  <attribute name="ProportionalH" value="31.500000" />
  <attribute name="Current Error" value="21.000000" />
  <attribute name="IntegralT" value="105.000000" />
  <attribute name="IntegralI" value="105.000000" />
  <attribute name="IntegralH" value="105.000000" />
  <attribute name="DerivativeT" value="-4.500000" />
  <attribute name="DerivativeI" value="-4.500000" />
  <attribute name="DerivativeH" value="-4.500000" />
  <attribute name="Loop Time for DT" value="5.000000" />
  <attribute name="Output H" value="8388608"/>
  <attribute name="Output I" value="200"/>
  <attribute name="Output T" value="4"/>
  <attribute name="Target GC Util Change" value ="20.000000" />
  <attribute name="Current GC Util Change" value="41.000000"/>
  <attribute name="GC Util currently" value="41" />
  <attribute name="CPU Util currently" value="1051249632237" />
<allocation-satisfied id="1599" threadId="00000000013E6C00" bytesRequested="32" />
<af-end id="1600" timestamp="2019-06-17T03:12:53.476" threadId="00000000013E7588" success="true" from="nursery"/>
<exclusive-end id="1601" timestamp="2019-06-17T03:12:53.477" durationms="2.074" />

<exclusive-start id="1602" timestamp="2019-06-17T03:12:53.479" intervalms="4.670">
  <response-info timems="0.024" idlems="0.024" threads="0" lastid="00000000013F6000" lastname="PmdThread 4" />
</exclusive-start>
<af-start id="1603" threadId="00000000013F6988" totalBytesRequested="40" timestamp="2019-06-17T03:12:53.479" intervalms="4.651" type="nursery" />
<cycle-start id="1604" type="scavenge" contextid="0" timestamp="2019-06-17T03:12:53.479" intervalms="4.651" />
<gc-start id="1605" type="scavenge" contextid="1604" timestamp="2019-06-17T03:12:53.479">
  <mem-info id="1606" free="2069424248" total="2092630016" percent="98">
    <mem type="nursery" free="0" total="2097152" percent="0">
      <mem type="allocate" free="0" total="1572864" percent="0" />
      <mem type="survivor" free="0" total="524288" percent="0" />
    </mem>
    <mem type="tenure" free="2069424248" total="2090532864" percent="98">
      <mem type="soa" free="1964898424" total="1986007040" percent="98" />
      <mem type="loa" free="104525824" total="104525824" percent="100" />
    </mem>
    <remembered-set count="982" />
  </mem-info>
</gc-start>
<allocation-stats totalBytes="1294784" >
  <allocated-bytes non-tlh="16424" tlh="1278360" />
  <largest-consumer threadName="PmdThread 1" threadId="00000000013E6C00" bytes="630656" />
</allocation-stats>
<gc-op id="1607" type="scavenge" timems="1.518" contextid="1604" timestamp="2019-06-17T03:12:53.481">
  <scavenger-info tenureage="1" tenuremask="7ffe" tiltratio="75" />
  <memory-copied type="nursery" objects="5851" bytes="275864" bytesdiscarded="53872" />
  <memory-copied type="tenure" objects="4273" bytes="152752" bytesdiscarded="80" />
  <references type="phantom" candidates="1" cleared="0" enqueued="0" />
</gc-op>
<gc-end id="1608" type="scavenge" contextid="1604" durationms="1.793" usertimems="0.000" systemtimems="0.000" timestamp="2019-06-17T03:12:53.481" activeThreads="4">
  <mem-info id="1609" free="2070510704" total="2092630016" percent="98">
    <mem type="nursery" free="1243128" total="2097152" percent="59">
      <mem type="allocate" free="1243128" total="1572864" percent="79" />
      <mem type="survivor" free="0" total="524288" percent="0" />
    </mem>
    <mem type="tenure" free="2069267576" total="2090532864" percent="98">
      <mem type="soa" free="1964741752" total="1986007040" percent="98" />
      <mem type="loa" free="104525824" total="104525824" percent="100" />
    </mem>
    <remembered-set count="671" />
  </mem-info>
</gc-end>
<cycle-end id="1610" type="scavenge" contextid="1604" timestamp="2019-06-17T03:12:53.481" />
  <attribute name="elasticGC enabled" value="1" />
  <attribute name= "numThreadsSpecified" value="4" />
  <attribute name="heapSize specified" value="8388608" />
  <attribute name="Current GC Util" value="31" />
  <attribute name= "Current Time Running" value="12049" />
  <attribute name ="GC Interval" value="200" />
  <attribute name="ProportionalT" value="16.500000" />
  <attribute name="ProportionalI" value="16.500000" />
  <attribute name="ProportionalH" value="16.500000" />
  <attribute name="Current Error" value="11.000000" />
  <attribute name="IntegralT" value="44.000000" />
  <attribute name="IntegralI" value="44.000000" />
  <attribute name="IntegralH" value="44.000000" />
  <attribute name="DerivativeT" value="-3.750000" />
  <attribute name="DerivativeI" value="-3.750000" />
  <attribute name="DerivativeH" value="-3.750000" />
  <attribute name="Loop Time for DT" value="4.000000" />
  <attribute name="Output H" value="8388608"/>
  <attribute name="Output I" value="200"/>
  <attribute name="Output T" value="4"/>
  <attribute name="Target GC Util Change" value ="20.000000" />
  <attribute name="Current GC Util Change" value="31.000000"/>
  <attribute name="GC Util currently" value="31" />
  <attribute name="CPU Util currently" value="995022394521" />
<allocation-satisfied id="1611" threadId="00000000013F6000" bytesRequested="40" />
<af-end id="1612" timestamp="2019-06-17T03:12:53.481" threadId="00000000013F6988" success="true" from="nursery"/>
<exclusive-end id="1613" timestamp="2019-06-17T03:12:53.481" durationms="2.306" />

<exclusive-start id="1614" timestamp="2019-06-17T03:12:53.488" intervalms="8.642">
  <response-info timems="0.035" idlems="0.035" threads="1" lastid="00000000013F6000" lastname="PmdThread 4" />
</exclusive-start>
<af-start id="1615" threadId="00000000013E7588" totalBytesRequested="48" timestamp="2019-06-17T03:12:53.488" intervalms="8.618" type="nursery" />
<cycle-start id="1616" type="scavenge" contextid="0" timestamp="2019-06-17T03:12:53.488" intervalms="8.595" />
<gc-start id="1617" type="scavenge" contextid="1616" timestamp="2019-06-17T03:12:53.488">
  <mem-info id="1618" free="2069267576" total="2092630016" percent="98">
    <mem type="nursery" free="0" total="2097152" percent="0">
      <mem type="allocate" free="0" total="1572864" percent="0" />
      <mem type="survivor" free="0" total="524288" percent="0" />
    </mem>
    <mem type="tenure" free="2069267576" total="2090532864" percent="98">
      <mem type="soa" free="1964741752" total="1986007040" percent="98" />
      <mem type="loa" free="104525824" total="104525824" percent="100" />
    </mem>
    <remembered-set count="1002" />
  </mem-info>
</gc-start>
<allocation-stats totalBytes="1242352" >
  <allocated-bytes non-tlh="40" tlh="1242312" />
  <largest-consumer threadName="PmdThread 4" threadId="00000000013F6000" bytes="593744" />
</allocation-stats>
<gc-op id="1619" type="scavenge" timems="0.708" contextid="1616" timestamp="2019-06-17T03:12:53.489">
  <scavenger-info tenureage="1" tenuremask="7ffe" tiltratio="75" />
  <memory-copied type="nursery" objects="6539" bytes="288240" bytesdiscarded="96992" />
  <memory-copied type="tenure" objects="5677" bytes="263272" bytesdiscarded="88" />
  <references type="weak" candidates="9" cleared="8" enqueued="8" />
  <references type="phantom" candidates="2" cleared="2" enqueued="2" />
</gc-op>
<gc-end id="1620" type="scavenge" contextid="1616" durationms="0.903" usertimems="0.000" systemtimems="0.000" timestamp="2019-06-17T03:12:53.489" activeThreads="4">
  <mem-info id="1621" free="2070205760" total="2092630016" percent="98">
    <mem type="nursery" free="1253096" total="2097152" percent="59">
      <mem type="allocate" free="1253096" total="1638400" percent="76" />
      <mem type="survivor" free="0" total="458752" percent="0" />
    </mem>
    <mem type="tenure" free="2068952664" total="2090532864" percent="98">
      <mem type="soa" free="1964426840" total="1986007040" percent="98" />
      <mem type="loa" free="104525824" total="104525824" percent="100" />
    </mem>
    <pending-finalizers system="0" default="0" reference="10" classloader="0" />
    <remembered-set count="596" />
  </mem-info>
</gc-end>
<cycle-end id="1622" type="scavenge" contextid="1616" timestamp="2019-06-17T03:12:53.489" />
  <attribute name="elasticGC enabled" value="1" />
  <attribute name= "numThreadsSpecified" value="4" />
  <attribute name="heapSize specified" value="8388608" />
  <attribute name="Current GC Util" value="27" />
  <attribute name= "Current Time Running" value="12058" />
  <attribute name ="GC Interval" value="200" />
  <attribute name="ProportionalT" value="10.500000" />
  <attribute name="ProportionalI" value="10.500000" />
  <attribute name="ProportionalH" value="10.500000" />
  <attribute name="Current Error" value="7.000000" />
  <attribute name="IntegralT" value="63.000000" />
  <attribute name="IntegralI" value="63.000000" />
  <attribute name="IntegralH" value="63.000000" />
  <attribute name="DerivativeT" value="-0.666667" />
  <attribute name="DerivativeI" value="-0.666667" />
  <attribute name="DerivativeH" value="-0.666667" />
  <attribute name="Loop Time for DT" value="9.000000" />
  <attribute name="Output H" value="8388608"/>
  <attribute name="Output I" value="200"/>
  <attribute name="Output T" value="4"/>
  <attribute name="Target GC Util Change" value ="20.000000" />
  <attribute name="Current GC Util Change" value="27.000000"/>
  <attribute name="GC Util currently" value="27" />
  <attribute name="CPU Util currently" value="541996609920" />
<allocation-satisfied id="1623" threadId="00000000013E6C00" bytesRequested="48" />
<af-end id="1624" timestamp="2019-06-17T03:12:53.489" threadId="00000000013E7588" success="true" from="nursery"/>
<exclusive-end id="1625" timestamp="2019-06-17T03:12:53.489" durationms="1.371" />

<exclusive-start id="1626" timestamp="2019-06-17T03:12:53.492" intervalms="4.069">
  <response-info timems="0.030" idlems="0.030" threads="0" lastid="00000000013E6C00" lastname="PmdThread 1" />
</exclusive-start>
<af-start id="1627" threadId="00000000013E7588" totalBytesRequested="72" timestamp="2019-06-17T03:12:53.492" intervalms="4.064" type="nursery" />
<cycle-start id="1628" type="scavenge" contextid="0" timestamp="2019-06-17T03:12:53.492" intervalms="4.063" />
<gc-start id="1629" type="scavenge" contextid="1628" timestamp="2019-06-17T03:12:53.492">
  <mem-info id="1630" free="2068952664" total="2092630016" percent="98">
    <mem type="nursery" free="0" total="2097152" percent="0">
      <mem type="allocate" free="0" total="1638400" percent="0" />
      <mem type="survivor" free="0" total="458752" percent="0" />
    </mem>
    <mem type="tenure" free="2068952664" total="2090532864" percent="98">
      <mem type="soa" free="1964426840" total="1986007040" percent="98" />
      <mem type="loa" free="104525824" total="104525824" percent="100" />
    </mem>
    <remembered-set count="794" />
  </mem-info>
</gc-start>
<allocation-stats totalBytes="1239016" >
  <allocated-bytes non-tlh="73792" tlh="1165224" />
  <largest-consumer threadName="PmdThread 3" threadId="00000000013F2400" bytes="446072" />
</allocation-stats>
<gc-op id="1631" type="scavenge" timems="0.722" contextid="1628" timestamp="2019-06-17T03:12:53.493">
  <scavenger-info tenureage="1" tenuremask="7ffe" tiltratio="78" />
  <memory-copied type="nursery" objects="4268" bytes="284744" bytesdiscarded="83640" />
  <memory-copied type="tenure" objects="5911" bytes="270424" bytesdiscarded="40" />
  <references type="weak" candidates="2" cleared="2" enqueued="2" />
  <references type="phantom" candidates="2" cleared="1" enqueued="1" />
</gc-op>
<gc-end id="1632" type="scavenge" contextid="1628" durationms="0.915" usertimems="0.000" systemtimems="0.000" timestamp="2019-06-17T03:12:53.493" activeThreads="4">
  <mem-info id="1633" free="2070002720" total="2092630016" percent="98">
    <mem type="nursery" free="1269992" total="2097152" percent="60">
      <mem type="allocate" free="1269992" total="1638400" percent="77" />
      <mem type="survivor" free="0" total="458752" percent="0" />
    </mem>
    <mem type="tenure" free="2068732728" total="2090532864" percent="98">
      <mem type="soa" free="1964206904" total="1986007040" percent="98" />
      <mem type="loa" free="104525824" total="104525824" percent="100" />
    </mem>
    <pending-finalizers system="0" default="0" reference="3" classloader="0" />
    <remembered-set count="354" />
  </mem-info>
</gc-end>
<cycle-end id="1634" type="scavenge" contextid="1628" timestamp="2019-06-17T03:12:53.493" />
  <attribute name="elasticGC enabled" value="1" />
  <attribute name= "numThreadsSpecified" value="4" />
  <attribute name="heapSize specified" value="8388608" />
  <attribute name="Current GC Util" value="40" />
  <attribute name= "Current Time Running" value="12062" />
  <attribute name ="GC Interval" value="200" />
  <attribute name="ProportionalT" value="30.000000" />
  <attribute name="ProportionalI" value="30.000000" />
  <attribute name="ProportionalH" value="30.000000" />
  <attribute name="Current Error" value="20.000000" />
  <attribute name="IntegralT" value="80.000000" />
  <attribute name="IntegralI" value="80.000000" />
  <attribute name="IntegralH" value="80.000000" />
  <attribute name="DerivativeT" value="4.875000" />
  <attribute name="DerivativeI" value="4.875000" />
  <attribute name="DerivativeH" value="4.875000" />
  <attribute name="Loop Time for DT" value="4.000000" />
  <attribute name="Output H" value="8388608"/>
  <attribute name="Output I" value="200"/>
  <attribute name="Output T" value="4"/>
  <attribute name="Target GC Util Change" value ="20.000000" />
  <attribute name="Current GC Util Change" value="40.000000"/>
  <attribute name="GC Util currently" value="40" />
  <attribute name="CPU Util currently" value="1135830659206" />
<allocation-satisfied id="1635" threadId="00000000013E6C00" bytesRequested="72" />
<af-end id="1636" timestamp="2019-06-17T03:12:53.493" threadId="00000000013E7588" success="true" from="nursery"/>
<exclusive-end id="1637" timestamp="2019-06-17T03:12:53.493" durationms="1.379" />

<exclusive-start id="1638" timestamp="2019-06-17T03:12:53.495" intervalms="3.540">
  <response-info timems="0.024" idlems="0.024" threads="0" lastid="00000000013F2400" lastname="PmdThread 3" />
</exclusive-start>
<af-start id="1639" threadId="00000000013F2D88" totalBytesRequested="440" timestamp="2019-06-17T03:12:53.495" intervalms="3.542" type="nursery" />
<cycle-start id="1640" type="scavenge" contextid="0" timestamp="2019-06-17T03:12:53.496" intervalms="3.542" />
<gc-start id="1641" type="scavenge" contextid="1640" timestamp="2019-06-17T03:12:53.496">
  <mem-info id="1642" free="2068732728" total="2092630016" percent="98">
    <mem type="nursery" free="0" total="2097152" percent="0">
      <mem type="allocate" free="0" total="1638400" percent="0" />
      <mem type="survivor" free="0" total="458752" percent="0" />
    </mem>
    <mem type="tenure" free="2068732728" total="2090532864" percent="98">
      <mem type="soa" free="1964206904" total="1986007040" percent="98" />
      <mem type="loa" free="104525824" total="104525824" percent="100" />
    </mem>
    <remembered-set count="440" />
  </mem-info>
</gc-start>
<allocation-stats totalBytes="1268232" >
  <allocated-bytes non-tlh="145360" tlh="1122872" />
  <largest-consumer threadName="PmdThread 4" threadId="00000000013F6000" bytes="409496" />
</allocation-stats>
<gc-op id="1643" type="scavenge" timems="0.805" contextid="1640" timestamp="2019-06-17T03:12:53.497">
  <scavenger-info tenureage="1" tenuremask="7ffe" tiltratio="78" />
  <memory-copied type="nursery" objects="5152" bytes="276000" bytesdiscarded="61856" />
  <memory-copied type="tenure" objects="3273" bytes="190512" bytesdiscarded="600" />
  <references type="weak" candidates="27" cleared="27" enqueued="27" />
  <references type="phantom" candidates="1" cleared="1" enqueued="1" />
</gc-op>
<gc-end id="1644" type="scavenge" contextid="1640" durationms="1.159" usertimems="4.000" systemtimems="0.000" timestamp="2019-06-17T03:12:53.497" activeThreads="4">
  <mem-info id="1645" free="2069842552" total="2092630016" percent="98">
    <mem type="nursery" free="1300528" total="2097152" percent="62">
      <mem type="allocate" free="1300528" total="1638400" percent="79" />
      <mem type="survivor" free="0" total="458752" percent="0" />
    </mem>
    <mem type="tenure" free="2068542024" total="2090532864" percent="98">
      <mem type="soa" free="1964016200" total="1986007040" percent="98" />
      <mem type="loa" free="104525824" total="104525824" percent="100" />
    </mem>
    <pending-finalizers system="0" default="0" reference="28" classloader="0" />
    <remembered-set count="247" />
  </mem-info>
</gc-end>
<cycle-end id="1646" type="scavenge" contextid="1640" timestamp="2019-06-17T03:12:53.497" />
  <attribute name="elasticGC enabled" value="1" />
  <attribute name= "numThreadsSpecified" value="4" />
  <attribute name="heapSize specified" value="8388608" />
  <attribute name="Current GC Util" value="41" />
  <attribute name= "Current Time Running" value="12066" />
  <attribute name ="GC Interval" value="200" />
  <attribute name="ProportionalT" value="31.500000" />
  <attribute name="ProportionalI" value="31.500000" />
  <attribute name="ProportionalH" value="31.500000" />
  <attribute name="Current Error" value="21.000000" />
  <attribute name="IntegralT" value="84.000000" />
  <attribute name="IntegralI" value="84.000000" />
  <attribute name="IntegralH" value="84.000000" />
  <attribute name="DerivativeT" value="0.375000" />
  <attribute name="DerivativeI" value="0.375000" />
  <attribute name="DerivativeH" value="0.375000" />
  <attribute name="Loop Time for DT" value="4.000000" />
  <attribute name="Output H" value="8388608"/>
  <attribute name="Output I" value="200"/>
  <attribute name="Output T" value="4"/>
  <attribute name="Target GC Util Change" value ="20.000000" />
  <attribute name="Current GC Util Change" value="41.000000"/>
  <attribute name="GC Util currently" value="41" />
  <attribute name="CPU Util currently" value="1302997129228" />
<allocation-satisfied id="1647" threadId="00000000013F2400" bytesRequested="440" />
<af-end id="1648" timestamp="2019-06-17T03:12:53.497" threadId="00000000013F2D88" success="true" from="nursery"/>
<exclusive-end id="1649" timestamp="2019-06-17T03:12:53.497" durationms="1.716" />

<exclusive-start id="1650" timestamp="2019-06-17T03:12:53.499" intervalms="3.885">
  <response-info timems="0.027" idlems="0.027" threads="0" lastid="00000000013F6000" lastname="PmdThread 4" />
</exclusive-start>
<af-start id="1651" threadId="00000000013F6988" totalBytesRequested="16" timestamp="2019-06-17T03:12:53.499" intervalms="3.908" type="nursery" />
<cycle-start id="1652" type="scavenge" contextid="0" timestamp="2019-06-17T03:12:53.499" intervalms="3.938" />
<gc-start id="1653" type="scavenge" contextid="1652" timestamp="2019-06-17T03:12:53.500">
  <mem-info id="1654" free="2068542024" total="2092630016" percent="98">
    <mem type="nursery" free="0" total="2097152" percent="0">
      <mem type="allocate" free="0" total="1638400" percent="0" />
      <mem type="survivor" free="0" total="458752" percent="0" />
    </mem>
    <mem type="tenure" free="2068542024" total="2090532864" percent="98">
      <mem type="soa" free="1964016200" total="1986007040" percent="98" />
      <mem type="loa" free="104525824" total="104525824" percent="100" />
    </mem>
    <remembered-set count="287" />
  </mem-info>
</gc-start>
<allocation-stats totalBytes="1298976" >
  <allocated-bytes non-tlh="440" tlh="1298536" />
  <largest-consumer threadName="PmdThread 4" threadId="00000000013F6000" bytes="481160" />
</allocation-stats>
<gc-op id="1655" type="scavenge" timems="1.484" contextid="1652" timestamp="2019-06-17T03:12:53.501">
  <scavenger-info tenureage="1" tenuremask="7ffe" tiltratio="78" />
  <memory-copied type="nursery" objects="6454" bytes="230048" bytesdiscarded="44128" />
  <memory-copied type="tenure" objects="4078" bytes="155760" bytesdiscarded="72" />
  <references type="weak" candidates="20" cleared="20" enqueued="20" />
</gc-op>
<gc-end id="1656" type="scavenge" contextid="1652" durationms="1.655" usertimems="0.000" systemtimems="0.000" timestamp="2019-06-17T03:12:53.501" activeThreads="4">
  <mem-info id="1657" free="2069815112" total="2092630016" percent="98">
    <mem type="nursery" free="1429760" total="2097152" percent="68">
      <mem type="allocate" free="1429760" total="1703936" percent="83" />
      <mem type="survivor" free="0" total="393216" percent="0" />
    </mem>
    <mem type="tenure" free="2068385352" total="2090532864" percent="98">
      <mem type="soa" free="1963859528" total="1986007040" percent="98" />
      <mem type="loa" free="104525824" total="104525824" percent="100" />
    </mem>
    <pending-finalizers system="0" default="0" reference="20" classloader="0" />
    <remembered-set count="226" />
  </mem-info>
</gc-end>
<cycle-end id="1658" type="scavenge" contextid="1652" timestamp="2019-06-17T03:12:53.501" />
  <attribute name="elasticGC enabled" value="1" />
  <attribute name= "numThreadsSpecified" value="4" />
  <attribute name="heapSize specified" value="8388608" />
  <attribute name="Current GC Util" value="36" />
  <attribute name= "Current Time Running" value="12070" />
  <attribute name ="GC Interval" value="200" />
  <attribute name="ProportionalT" value="24.000000" />
  <attribute name="ProportionalI" value="24.000000" />
  <attribute name="ProportionalH" value="24.000000" />
  <attribute name="Current Error" value="16.000000" />
  <attribute name="IntegralT" value="64.000000" />
  <attribute name="IntegralI" value="64.000000" />
  <attribute name="IntegralH" value="64.000000" />
  <attribute name="DerivativeT" value="-1.875000" />
  <attribute name="DerivativeI" value="-1.875000" />
  <attribute name="DerivativeH" value="-1.875000" />
  <attribute name="Loop Time for DT" value="4.000000" />
  <attribute name="Output H" value="8388608"/>
  <attribute name="Output I" value="200"/>
  <attribute name="Output T" value="4"/>
  <attribute name="Target GC Util Change" value ="20.000000" />
  <attribute name="Current GC Util Change" value="36.000000"/>
  <attribute name="GC Util currently" value="36" />
  <attribute name="CPU Util currently" value="1163934359039" />
<allocation-satisfied id="1659" threadId="00000000013F6000" bytesRequested="16" />
<af-end id="1660" timestamp="2019-06-17T03:12:53.501" threadId="00000000013F6988" success="true" from="nursery"/>
<exclusive-end id="1661" timestamp="2019-06-17T03:12:53.501" durationms="2.203" />

<exclusive-start id="1662" timestamp="2019-06-17T03:12:53.505" intervalms="6.203">
  <response-info timems="0.106" idlems="0.060" threads="1" lastid="00000000013EA800" lastname="PmdThread 2" />
</exclusive-start>
<af-start id="1663" threadId="00000000013E7588" totalBytesRequested="584" timestamp="2019-06-17T03:12:53.506" intervalms="6.213" type="nursery" />
<cycle-start id="1664" type="scavenge" contextid="0" timestamp="2019-06-17T03:12:53.506" intervalms="6.215" />
<gc-start id="1665" type="scavenge" contextid="1664" timestamp="2019-06-17T03:12:53.506">
  <mem-info id="1666" free="2068385352" total="2092630016" percent="98">
    <mem type="nursery" free="0" total="2097152" percent="0">
      <mem type="allocate" free="0" total="1703936" percent="0" />
      <mem type="survivor" free="0" total="393216" percent="0" />
    </mem>
    <mem type="tenure" free="2068385352" total="2090532864" percent="98">
      <mem type="soa" free="1963859528" total="1986007040" percent="98" />
      <mem type="loa" free="104525824" total="104525824" percent="100" />
    </mem>
    <remembered-set count="829" />
  </mem-info>
</gc-start>
<allocation-stats totalBytes="1428024" >
  <allocated-bytes non-tlh="16" tlh="1428008" />
  <largest-consumer threadName="PmdThread 4" threadId="00000000013F6000" bytes="1118216" />
</allocation-stats>
<gc-op id="1667" type="scavenge" timems="1.455" contextid="1664" timestamp="2019-06-17T03:12:53.507">
  <scavenger-info tenureage="1" tenuremask="7ffe" tiltratio="81" />
  <memory-copied type="nursery" objects="7215" bytes="268576" bytesdiscarded="83928" />
  <memory-copied type="tenure" objects="6150" bytes="221896" bytesdiscarded="112" />
  <references type="weak" candidates="28" cleared="28" enqueued="28" />
  <references type="phantom" candidates="1" cleared="1" enqueued="1" />
</gc-op>
<gc-end id="1668" type="scavenge" contextid="1664" durationms="1.827" usertimems="4.000" systemtimems="0.000" timestamp="2019-06-17T03:12:53.508" activeThreads="4">
  <mem-info id="1669" free="2069501768" total="2092630016" percent="98">
    <mem type="nursery" free="1351424" total="2097152" percent="64">
      <mem type="allocate" free="1351424" total="1703936" percent="79" />
      <mem type="survivor" free="0" total="393216" percent="0" />
    </mem>
    <mem type="tenure" free="2068150344" total="2090532864" percent="98">
      <mem type="soa" free="1963624520" total="1986007040" percent="98" />
      <mem type="loa" free="104525824" total="104525824" percent="100" />
    </mem>
    <pending-finalizers system="0" default="0" reference="29" classloader="0" />
    <remembered-set count="273" />
  </mem-info>
</gc-end>
<cycle-end id="1670" type="scavenge" contextid="1664" timestamp="2019-06-17T03:12:53.508" />
  <attribute name="elasticGC enabled" value="1" />
  <attribute name= "numThreadsSpecified" value="4" />
  <attribute name="heapSize specified" value="8388608" />
  <attribute name="Current GC Util" value="36" />
  <attribute name= "Current Time Running" value="12076" />
  <attribute name ="GC Interval" value="200" />
  <attribute name="ProportionalT" value="24.000000" />
  <attribute name="ProportionalI" value="24.000000" />
  <attribute name="ProportionalH" value="24.000000" />
  <attribute name="Current Error" value="16.000000" />
  <attribute name="IntegralT" value="96.000000" />
  <attribute name="IntegralI" value="96.000000" />
  <attribute name="IntegralH" value="96.000000" />
  <attribute name="DerivativeT" value="0.000000" />
  <attribute name="DerivativeI" value="0.000000" />
  <attribute name="DerivativeH" value="0.000000" />
  <attribute name="Loop Time for DT" value="6.000000" />
  <attribute name="Output H" value="8388608"/>
  <attribute name="Output I" value="200"/>
  <attribute name="Output T" value="4"/>
  <attribute name="Target GC Util Change" value ="20.000000" />
  <attribute name="Current GC Util Change" value="36.000000"/>
  <attribute name="GC Util currently" value="36" />
  <attribute name="CPU Util currently" value="724059457487" />
<allocation-satisfied id="1671" threadId="00000000013E6C00" bytesRequested="584" />
<af-end id="1672" timestamp="2019-06-17T03:12:53.508" threadId="00000000013E7588" success="true" from="nursery"/>
<exclusive-end id="1673" timestamp="2019-06-17T03:12:53.508" durationms="2.569" />

<exclusive-start id="1674" timestamp="2019-06-17T03:12:53.512" intervalms="6.639">
  <response-info timems="0.147" idlems="0.082" threads="1" lastid="00000000013F2400" lastname="PmdThread 3" />
</exclusive-start>
<af-start id="1675" threadId="00000000013E7588" totalBytesRequested="112" timestamp="2019-06-17T03:12:53.512" intervalms="6.632" type="nursery" />
<cycle-start id="1676" type="scavenge" contextid="0" timestamp="2019-06-17T03:12:53.512" intervalms="6.639" />
<gc-start id="1677" type="scavenge" contextid="1676" timestamp="2019-06-17T03:12:53.512">
  <mem-info id="1678" free="2068150344" total="2092630016" percent="98">
    <mem type="nursery" free="0" total="2097152" percent="0">
      <mem type="allocate" free="0" total="1703936" percent="0" />
      <mem type="survivor" free="0" total="393216" percent="0" />
    </mem>
    <mem type="tenure" free="2068150344" total="2090532864" percent="98">
      <mem type="soa" free="1963624520" total="1986007040" percent="98" />
      <mem type="loa" free="104525824" total="104525824" percent="100" />
    </mem>
    <remembered-set count="607" />
  </mem-info>
</gc-start>
<allocation-stats totalBytes="1349088" >
  <allocated-bytes non-tlh="584" tlh="1348504" />
  <largest-consumer threadName="PmdThread 4" threadId="00000000013F6000" bytes="667272" />
</allocation-stats>
<gc-op id="1679" type="scavenge" timems="1.224" contextid="1676" timestamp="2019-06-17T03:12:53.514">
  <scavenger-info tenureage="1" tenuremask="7ffe" tiltratio="81" />
  <memory-copied type="nursery" objects="5876" bytes="220528" bytesdiscarded="92800" />
  <memory-copied type="tenure" objects="6999" bytes="260840" bytesdiscarded="192" />
  <references type="weak" candidates="42" cleared="42" enqueued="42" />
  <references type="phantom" candidates="1" cleared="1" enqueued="1" />
</gc-op>
<gc-end id="1680" type="scavenge" contextid="1676" durationms="1.496" usertimems="0.000" systemtimems="0.000" timestamp="2019-06-17T03:12:53.514" activeThreads="4">
  <mem-info id="1681" free="2069266760" total="2092630016" percent="98">
    <mem type="nursery" free="1390592" total="2097152" percent="66">
      <mem type="allocate" free="1390592" total="1703936" percent="81" />
      <mem type="survivor" free="0" total="393216" percent="0" />
    </mem>
    <mem type="tenure" free="2067876168" total="2090532864" percent="98">
      <mem type="soa" free="1963350344" total="1986007040" percent="98" />
      <mem type="loa" free="104525824" total="104525824" percent="100" />
    </mem>
    <pending-finalizers system="0" default="0" reference="43" classloader="0" />
    <remembered-set count="189" />
  </mem-info>
</gc-end>
<cycle-end id="1682" type="scavenge" contextid="1676" timestamp="2019-06-17T03:12:53.514" />
  <attribute name="elasticGC enabled" value="1" />
  <attribute name= "numThreadsSpecified" value="4" />
  <attribute name="heapSize specified" value="8388608" />
  <attribute name="Current GC Util" value="27" />
  <attribute name= "Current Time Running" value="12082" />
  <attribute name ="GC Interval" value="200" />
  <attribute name="ProportionalT" value="10.500000" />
  <attribute name="ProportionalI" value="10.500000" />
  <attribute name="ProportionalH" value="10.500000" />
  <attribute name="Current Error" value="7.000000" />
  <attribute name="IntegralT" value="42.000000" />
  <attribute name="IntegralI" value="42.000000" />
  <attribute name="IntegralH" value="42.000000" />
  <attribute name="DerivativeT" value="-2.250000" />
  <attribute name="DerivativeI" value="-2.250000" />
  <attribute name="DerivativeH" value="-2.250000" />
  <attribute name="Loop Time for DT" value="6.000000" />
  <attribute name="Output H" value="8388608"/>
  <attribute name="Output I" value="200"/>
  <attribute name="Output T" value="4"/>
  <attribute name="Target GC Util Change" value ="20.000000" />
  <attribute name="Current GC Util Change" value="27.000000"/>
  <attribute name="GC Util currently" value="27" />
  <attribute name="CPU Util currently" value="705645581537" />
<allocation-satisfied id="1683" threadId="00000000013E6C00" bytesRequested="112" />
<af-end id="1684" timestamp="2019-06-17T03:12:53.514" threadId="00000000013E7588" success="true" from="nursery"/>
<exclusive-end id="1685" timestamp="2019-06-17T03:12:53.514" durationms="1.979" />

<exclusive-start id="1686" timestamp="2019-06-17T03:12:53.519" intervalms="6.463">
  <response-info timems="0.034" idlems="0.034" threads="0" lastid="00000000013F6000" lastname="PmdThread 4" />
</exclusive-start>
<af-start id="1687" threadId="00000000013F6988" totalBytesRequested="16" timestamp="2019-06-17T03:12:53.519" intervalms="6.471" type="nursery" />
<cycle-start id="1688" type="scavenge" contextid="0" timestamp="2019-06-17T03:12:53.519" intervalms="6.452" />
<gc-start id="1689" type="scavenge" contextid="1688" timestamp="2019-06-17T03:12:53.519">
  <mem-info id="1690" free="2067876168" total="2092630016" percent="98">
    <mem type="nursery" free="0" total="2097152" percent="0">
      <mem type="allocate" free="0" total="1703936" percent="0" />
      <mem type="survivor" free="0" total="393216" percent="0" />
    </mem>
    <mem type="tenure" free="2067876168" total="2090532864" percent="98">
      <mem type="soa" free="1963350344" total="1986007040" percent="98" />
      <mem type="loa" free="104525824" total="104525824" percent="100" />
    </mem>
    <remembered-set count="426" />
  </mem-info>
</gc-start>
<allocation-stats totalBytes="1388696" >
  <allocated-bytes non-tlh="112" tlh="1388584" />
  <largest-consumer threadName="PmdThread 4" threadId="00000000013F6000" bytes="958248" />
</allocation-stats>
<gc-op id="1691" type="scavenge" timems="1.543" contextid="1688" timestamp="2019-06-17T03:12:53.521">
  <scavenger-info tenureage="1" tenuremask="7ffe" tiltratio="81" />
  <memory-copied type="nursery" objects="7785" bytes="290392" bytesdiscarded="62120" />
  <memory-copied type="tenure" objects="5628" bytes="208232" bytesdiscarded="112" />
  <references type="weak" candidates="32" cleared="32" enqueued="32" />
</gc-op>
<gc-end id="1692" type="scavenge" contextid="1688" durationms="1.770" usertimems="4.000" systemtimems="0.000" timestamp="2019-06-17T03:12:53.521" activeThreads="4">
  <mem-info id="1693" free="2069031752" total="2092630016" percent="98">
    <mem type="nursery" free="1351424" total="2097152" percent="64">
      <mem type="allocate" free="1351424" total="1703936" percent="79" />
      <mem type="survivor" free="0" total="393216" percent="0" />
    </mem>
    <mem type="tenure" free="2067680328" total="2090532864" percent="98">
      <mem type="soa" free="1963154504" total="1986007040" percent="98" />
      <mem type="loa" free="104525824" total="104525824" percent="100" />
    </mem>
    <pending-finalizers system="0" default="0" reference="32" classloader="0" />
    <remembered-set count="148" />
  </mem-info>
</gc-end>
<cycle-end id="1694" type="scavenge" contextid="1688" timestamp="2019-06-17T03:12:53.521" />
  <attribute name="elasticGC enabled" value="1" />
  <attribute name= "numThreadsSpecified" value="4" />
  <attribute name="heapSize specified" value="8388608" />
  <attribute name="Current GC Util" value="24" />
  <attribute name= "Current Time Running" value="12089" />
  <attribute name ="GC Interval" value="200" />
  <attribute name="ProportionalT" value="6.000000" />
  <attribute name="ProportionalI" value="6.000000" />
  <attribute name="ProportionalH" value="6.000000" />
  <attribute name="Current Error" value="4.000000" />
  <attribute name="IntegralT" value="28.000000" />
  <attribute name="IntegralI" value="28.000000" />
  <attribute name="IntegralH" value="28.000000" />
  <attribute name="DerivativeT" value="-0.642857" />
  <attribute name="DerivativeI" value="-0.642857" />
  <attribute name="DerivativeH" value="-0.642857" />
  <attribute name="Loop Time for DT" value="7.000000" />
  <attribute name="Output H" value="8388608"/>
  <attribute name="Output I" value="200"/>
  <attribute name="Output T" value="4"/>
  <attribute name="Target GC Util Change" value ="20.000000" />
  <attribute name="Current GC Util Change" value="24.000000"/>
  <attribute name="GC Util currently" value="24" />
  <attribute name="CPU Util currently" value="714369076808" />
<allocation-satisfied id="1695" threadId="00000000013F6000" bytesRequested="16" />
<af-end id="1696" timestamp="2019-06-17T03:12:53.521" threadId="00000000013F6988" success="true" from="nursery"/>
<exclusive-end id="1697" timestamp="2019-06-17T03:12:53.521" durationms="2.306" />

<exclusive-start id="1698" timestamp="2019-06-17T03:12:53.524" intervalms="5.133">
  <response-info timems="0.028" idlems="0.028" threads="0" lastid="00000000013F6000" lastname="PmdThread 4" />
</exclusive-start>
<af-start id="1699" threadId="00000000013F6988" totalBytesRequested="16" timestamp="2019-06-17T03:12:53.524" intervalms="5.083" type="nursery" />
<cycle-start id="1700" type="scavenge" contextid="0" timestamp="2019-06-17T03:12:53.524" intervalms="5.089" />
<gc-start id="1701" type="scavenge" contextid="1700" timestamp="2019-06-17T03:12:53.524">
  <mem-info id="1702" free="2067680328" total="2092630016" percent="98">
    <mem type="nursery" free="0" total="2097152" percent="0">
      <mem type="allocate" free="0" total="1703936" percent="0" />
      <mem type="survivor" free="0" total="393216" percent="0" />
    </mem>
    <mem type="tenure" free="2067680328" total="2090532864" percent="98">
      <mem type="soa" free="1963154504" total="1986007040" percent="98" />
      <mem type="loa" free="104525824" total="104525824" percent="100" />
    </mem>
    <remembered-set count="681" />
  </mem-info>
</gc-start>
<allocation-stats totalBytes="1350416" >
  <allocated-bytes non-tlh="16" tlh="1350400" />
  <largest-consumer threadName="PmdThread 4" threadId="00000000013F6000" bytes="777792" />
</allocation-stats>
<gc-op id="1703" type="scavenge" timems="1.543" contextid="1700" timestamp="2019-06-17T03:12:53.526">
  <scavenger-info tenureage="1" tenuremask="7ffe" tiltratio="81" />
  <memory-copied type="nursery" objects="5783" bytes="221072" bytesdiscarded="53104" />
  <memory-copied type="tenure" objects="7394" bytes="278488" bytesdiscarded="192" />
  <references type="weak" candidates="37" cleared="37" enqueued="37" />
</gc-op>
<gc-end id="1704" type="scavenge" contextid="1700" durationms="1.705" usertimems="0.000" systemtimems="4.000" timestamp="2019-06-17T03:12:53.526" activeThreads="4">
  <mem-info id="1705" free="2068835912" total="2092630016" percent="98">
    <mem type="nursery" free="1429760" total="2097152" percent="68">
      <mem type="allocate" free="1429760" total="1703936" percent="83" />
      <mem type="survivor" free="0" total="393216" percent="0" />
    </mem>
    <mem type="tenure" free="2067406152" total="2090532864" percent="98">
      <mem type="soa" free="1962880328" total="1986007040" percent="98" />
      <mem type="loa" free="104525824" total="104525824" percent="100" />
    </mem>
    <pending-finalizers system="0" default="0" reference="37" classloader="0" />
    <remembered-set count="129" />
  </mem-info>
</gc-end>
<cycle-end id="1706" type="scavenge" contextid="1700" timestamp="2019-06-17T03:12:53.526" />
  <attribute name="elasticGC enabled" value="1" />
  <attribute name= "numThreadsSpecified" value="4" />
  <attribute name="heapSize specified" value="8388608" />
  <attribute name="Current GC Util" value="44" />
  <attribute name= "Current Time Running" value="12094" />
  <attribute name ="GC Interval" value="200" />
  <attribute name="ProportionalT" value="36.000000" />
  <attribute name="ProportionalI" value="36.000000" />
  <attribute name="ProportionalH" value="36.000000" />
  <attribute name="Current Error" value="24.000000" />
  <attribute name="IntegralT" value="120.000000" />
  <attribute name="IntegralI" value="120.000000" />
  <attribute name="IntegralH" value="120.000000" />
  <attribute name="DerivativeT" value="6.000000" />
  <attribute name="DerivativeI" value="6.000000" />
  <attribute name="DerivativeH" value="6.000000" />
  <attribute name="Loop Time for DT" value="5.000000" />
  <attribute name="Output H" value="8388608"/>
  <attribute name="Output I" value="200"/>
  <attribute name="Output T" value="4"/>
  <attribute name="Target GC Util Change" value ="20.000000" />
  <attribute name="Current GC Util Change" value="44.000000"/>
  <attribute name="GC Util currently" value="44" />
  <attribute name="CPU Util currently" value="926178807010" />
<allocation-satisfied id="1707" threadId="00000000013F6000" bytesRequested="16" />
<af-end id="1708" timestamp="2019-06-17T03:12:53.526" threadId="00000000013F6988" success="true" from="nursery"/>
<exclusive-end id="1709" timestamp="2019-06-17T03:12:53.526" durationms="2.172" />

<exclusive-start id="1710" timestamp="2019-06-17T03:12:53.529" intervalms="5.196">
  <response-info timems="0.050" idlems="0.050" threads="0" lastid="00000000013F6000" lastname="PmdThread 4" />
</exclusive-start>
<af-start id="1711" threadId="00000000013F6988" totalBytesRequested="56" timestamp="2019-06-17T03:12:53.529" intervalms="5.187" type="nursery" />
<cycle-start id="1712" type="scavenge" contextid="0" timestamp="2019-06-17T03:12:53.529" intervalms="5.204" />
<gc-start id="1713" type="scavenge" contextid="1712" timestamp="2019-06-17T03:12:53.529">
  <mem-info id="1714" free="2067406088" total="2092630016" percent="98">
    <mem type="nursery" free="0" total="2097152" percent="0">
      <mem type="allocate" free="0" total="1703936" percent="0" />
      <mem type="survivor" free="0" total="393216" percent="0" />
    </mem>
    <mem type="tenure" free="2067406088" total="2090532864" percent="98">
      <mem type="soa" free="1962880264" total="1986007040" percent="98" />
      <mem type="loa" free="104525824" total="104525824" percent="100" />
    </mem>
    <remembered-set count="393" />
  </mem-info>
</gc-start>
<allocation-stats totalBytes="1428072" >
  <allocated-bytes non-tlh="80" tlh="1427992" />
  <largest-consumer threadName="PmdThread 4" threadId="00000000013F6000" bytes="942064" />
</allocation-stats>
<gc-op id="1715" type="scavenge" timems="1.494" contextid="1712" timestamp="2019-06-17T03:12:53.531">
  <scavenger-info tenureage="1" tenuremask="7ffe" tiltratio="81" />
  <memory-copied type="nursery" objects="6911" bytes="263592" bytesdiscarded="49744" />
  <memory-copied type="tenure" objects="5584" bytes="214264" bytesdiscarded="88" />
  <references type="weak" candidates="31" cleared="31" enqueued="31" />
</gc-op>
<gc-end id="1716" type="scavenge" contextid="1712" durationms="1.745" usertimems="0.000" systemtimems="0.000" timestamp="2019-06-17T03:12:53.531" activeThreads="4">
  <mem-info id="1717" free="2068600840" total="2092630016" percent="98">
    <mem type="nursery" free="1390592" total="2097152" percent="66">
      <mem type="allocate" free="1390592" total="1703936" percent="81" />
      <mem type="survivor" free="0" total="393216" percent="0" />
    </mem>
    <mem type="tenure" free="2067210248" total="2090532864" percent="98">
      <mem type="soa" free="1962684424" total="1986007040" percent="98" />
      <mem type="loa" free="104525824" total="104525824" percent="100" />
    </mem>
    <pending-finalizers system="0" default="0" reference="31" classloader="0" />
    <remembered-set count="121" />
  </mem-info>
</gc-end>
<cycle-end id="1718" type="scavenge" contextid="1712" timestamp="2019-06-17T03:12:53.531" />
  <attribute name="elasticGC enabled" value="1" />
  <attribute name= "numThreadsSpecified" value="4" />
  <attribute name="heapSize specified" value="8388608" />
  <attribute name="Current GC Util" value="41" />
  <attribute name= "Current Time Running" value="12099" />
  <attribute name ="GC Interval" value="200" />
  <attribute name="ProportionalT" value="31.500000" />
  <attribute name="ProportionalI" value="31.500000" />
  <attribute name="ProportionalH" value="31.500000" />
  <attribute name="Current Error" value="21.000000" />
  <attribute name="IntegralT" value="105.000000" />
  <attribute name="IntegralI" value="105.000000" />
  <attribute name="IntegralH" value="105.000000" />
  <attribute name="DerivativeT" value="-0.900000" />
  <attribute name="DerivativeI" value="-0.900000" />
  <attribute name="DerivativeH" value="-0.900000" />
  <attribute name="Loop Time for DT" value="5.000000" />
  <attribute name="Output H" value="8388608"/>
  <attribute name="Output I" value="200"/>
  <attribute name="Output T" value="4"/>
  <attribute name="Target GC Util Change" value ="20.000000" />
  <attribute name="Current GC Util Change" value="41.000000"/>
  <attribute name="GC Util currently" value="41" />
  <attribute name="CPU Util currently" value="862495537135" />
<allocation-satisfied id="1719" threadId="00000000013F6000" bytesRequested="56" />
<af-end id="1720" timestamp="2019-06-17T03:12:53.531" threadId="00000000013F6988" success="true" from="nursery"/>
<exclusive-end id="1721" timestamp="2019-06-17T03:12:53.531" durationms="2.188" />

<exclusive-start id="1722" timestamp="2019-06-17T03:12:53.534" intervalms="5.098">
  <response-info timems="0.031" idlems="0.031" threads="0" lastid="00000000013F6000" lastname="PmdThread 4" />
</exclusive-start>
<af-start id="1723" threadId="00000000013F6988" totalBytesRequested="40" timestamp="2019-06-17T03:12:53.534" intervalms="5.108" type="nursery" />
<cycle-start id="1724" type="scavenge" contextid="0" timestamp="2019-06-17T03:12:53.534" intervalms="5.051" />
<gc-start id="1725" type="scavenge" contextid="1724" timestamp="2019-06-17T03:12:53.534">
  <mem-info id="1726" free="2067210248" total="2092630016" percent="98">
    <mem type="nursery" free="0" total="2097152" percent="0">
      <mem type="allocate" free="0" total="1703936" percent="0" />
      <mem type="survivor" free="0" total="393216" percent="0" />
    </mem>
    <mem type="tenure" free="2067210248" total="2090532864" percent="98">
      <mem type="soa" free="1962684424" total="1986007040" percent="98" />
      <mem type="loa" free="104525824" total="104525824" percent="100" />
    </mem>
    <remembered-set count="157" />
  </mem-info>
</gc-start>
<allocation-stats totalBytes="1390136" >
  <allocated-bytes non-tlh="32840" tlh="1357296" />
  <largest-consumer threadName="PmdThread 4" threadId="00000000013F6000" bytes="841496" />
</allocation-stats>
<gc-op id="1727" type="scavenge" timems="1.619" contextid="1724" timestamp="2019-06-17T03:12:53.536">
  <scavenger-info tenureage="1" tenuremask="7ffe" tiltratio="81" />
  <memory-copied type="nursery" objects="7136" bytes="322136" bytesdiscarded="71072" />
  <memory-copied type="tenure" objects="9276" bytes="353448" bytesdiscarded="120" />
  <copy-failed type="nursery" objects="2480" bytes="93704" />
  <references type="weak" candidates="14" cleared="14" enqueued="14" />
</gc-op>
<gc-end id="1728" type="scavenge" contextid="1724" durationms="1.822" usertimems="0.000" systemtimems="0.000" timestamp="2019-06-17T03:12:53.536" activeThreads="4">
  <mem-info id="1729" free="2067878664" total="2092630016" percent="98">
    <mem type="nursery" free="1048576" total="2097152" percent="50">
      <mem type="allocate" free="1048576" total="1441792" percent="72" />
      <mem type="survivor" free="0" total="655360" percent="0" />
    </mem>
    <mem type="tenure" free="2066830088" total="2090532864" percent="98">
      <mem type="soa" free="1962304264" total="1986007040" percent="98" />
      <mem type="loa" free="104525824" total="104525824" percent="100" />
    </mem>
    <pending-finalizers system="0" default="0" reference="14" classloader="0" />
    <remembered-set count="248" />
  </mem-info>
</gc-end>
<cycle-end id="1730" type="scavenge" contextid="1724" timestamp="2019-06-17T03:12:53.536" />
  <attribute name="elasticGC enabled" value="1" />
  <attribute name= "numThreadsSpecified" value="4" />
  <attribute name="heapSize specified" value="8388608" />
  <attribute name="Current GC Util" value="42" />
  <attribute name= "Current Time Running" value="12104" />
  <attribute name ="GC Interval" value="200" />
  <attribute name="ProportionalT" value="33.000000" />
  <attribute name="ProportionalI" value="33.000000" />
  <attribute name="ProportionalH" value="33.000000" />
  <attribute name="Current Error" value="22.000000" />
  <attribute name="IntegralT" value="110.000000" />
  <attribute name="IntegralI" value="110.000000" />
  <attribute name="IntegralH" value="110.000000" />
  <attribute name="DerivativeT" value="0.300000" />
  <attribute name="DerivativeI" value="0.300000" />
  <attribute name="DerivativeH" value="0.300000" />
  <attribute name="Loop Time for DT" value="5.000000" />
  <attribute name="Output H" value="8388608"/>
  <attribute name="Output I" value="200"/>
  <attribute name="Output T" value="4"/>
  <attribute name="Target GC Util Change" value ="20.000000" />
  <attribute name="Current GC Util Change" value="42.000000"/>
  <attribute name="GC Util currently" value="42" />
  <attribute name="CPU Util currently" value="935582050454" />
<allocation-satisfied id="1731" threadId="00000000013F6000" bytesRequested="40" />
<af-end id="1732" timestamp="2019-06-17T03:12:53.536" threadId="00000000013F6988" success="true" from="nursery"/>
<exclusive-end id="1733" timestamp="2019-06-17T03:12:53.536" durationms="2.257" />

<exclusive-start id="1734" timestamp="2019-06-17T03:12:53.539" intervalms="4.510">
  <response-info timems="0.033" idlems="0.033" threads="0" lastid="00000000013F6000" lastname="PmdThread 4" />
</exclusive-start>
<af-start id="1735" threadId="00000000013F6988" totalBytesRequested="40" timestamp="2019-06-17T03:12:53.539" intervalms="4.553" type="nursery" />
<cycle-start id="1736" type="scavenge" contextid="0" timestamp="2019-06-17T03:12:53.539" intervalms="4.595" />
<gc-start id="1737" type="scavenge" contextid="1736" timestamp="2019-06-17T03:12:53.539">
  <mem-info id="1738" free="2066830088" total="2092630016" percent="98">
    <mem type="nursery" free="0" total="2097152" percent="0">
      <mem type="allocate" free="0" total="1441792" percent="0" />
      <mem type="survivor" free="0" total="655360" percent="0" />
    </mem>
    <mem type="tenure" free="2066830088" total="2090532864" percent="98">
      <mem type="soa" free="1962304264" total="1986007040" percent="98" />
      <mem type="loa" free="104525824" total="104525824" percent="100" />
    </mem>
    <remembered-set count="281" />
  </mem-info>
</gc-start>
<allocation-stats totalBytes="1047936" >
  <allocated-bytes non-tlh="40" tlh="1047896" />
  <largest-consumer threadName="PmdThread 4" threadId="00000000013F6000" bytes="638856" />
</allocation-stats>
<gc-op id="1739" type="scavenge" timems="1.471" contextid="1736" timestamp="2019-06-17T03:12:53.540">
  <scavenger-info tenureage="1" tenuremask="7ffe" tiltratio="68" />
  <memory-copied type="nursery" objects="10612" bytes="347240" bytesdiscarded="63624" />
  <memory-copied type="tenure" objects="6943" bytes="316240" bytesdiscarded="104" />
  <references type="weak" candidates="23" cleared="23" enqueued="23" />
  <references type="phantom" candidates="1" cleared="1" enqueued="1" />
</gc-op>
<gc-end id="1740" type="scavenge" contextid="1736" durationms="1.704" usertimems="4.000" systemtimems="0.000" timestamp="2019-06-17T03:12:53.541" activeThreads="4">
  <mem-info id="1741" free="2067522032" total="2092630016" percent="98">
    <mem type="nursery" free="1096448" total="2097152" percent="52">
      <mem type="allocate" free="1096448" total="1507328" percent="72" />
      <mem type="survivor" free="0" total="589824" percent="0" />
    </mem>
    <mem type="tenure" free="2066425584" total="2090532864" percent="98">
      <mem type="soa" free="1961899760" total="1986007040" percent="98" />
      <mem type="loa" free="104525824" total="104525824" percent="100" />
    </mem>
    <pending-finalizers system="0" default="0" reference="24" classloader="0" />
    <remembered-set count="248" />
  </mem-info>
</gc-end>
<cycle-end id="1742" type="scavenge" contextid="1736" timestamp="2019-06-17T03:12:53.541" />
  <attribute name="elasticGC enabled" value="1" />
  <attribute name= "numThreadsSpecified" value="4" />
  <attribute name="heapSize specified" value="8388608" />
  <attribute name="Current GC Util" value="65" />
  <attribute name= "Current Time Running" value="12109" />
  <attribute name ="GC Interval" value="304" />
  <attribute name="ProportionalT" value="67.500000" />
  <attribute name="ProportionalI" value="67.500000" />
  <attribute name="ProportionalH" value="67.500000" />
  <attribute name="Current Error" value="45.000000" />
  <attribute name="IntegralT" value="225.000000" />
  <attribute name="IntegralI" value="225.000000" />
  <attribute name="IntegralH" value="225.000000" />
  <attribute name="DerivativeT" value="6.900000" />
  <attribute name="DerivativeI" value="6.900000" />
  <attribute name="DerivativeH" value="6.900000" />
  <attribute name="Loop Time for DT" value="5.000000" />
  <attribute name="Output H" value="8388608"/>
  <attribute name="Output I" value="304"/>
  <attribute name="Output T" value="4"/>
  <attribute name="Target GC Util Change" value ="20.000000" />
  <attribute name="Current GC Util Change" value="65.000000"/>
  <attribute name="GC Util currently" value="65" />
  <attribute name="CPU Util currently" value="983037193307" />
<allocation-satisfied id="1743" threadId="00000000013F6000" bytesRequested="40" />
<af-end id="1744" timestamp="2019-06-17T03:12:53.541" threadId="00000000013F6988" success="true" from="nursery"/>
<exclusive-end id="1745" timestamp="2019-06-17T03:12:53.541" durationms="2.210" />

<exclusive-start id="1746" timestamp="2019-06-17T03:12:53.543" intervalms="4.799">
  <response-info timems="0.056" idlems="0.056" threads="0" lastid="00000000013F6000" lastname="PmdThread 4" />
</exclusive-start>
<af-start id="1747" threadId="00000000013F6988" totalBytesRequested="40" timestamp="2019-06-17T03:12:53.543" intervalms="4.795" type="nursery" />
<cycle-start id="1748" type="scavenge" contextid="0" timestamp="2019-06-17T03:12:53.544" intervalms="4.786" />
<gc-start id="1749" type="scavenge" contextid="1748" timestamp="2019-06-17T03:12:53.544">
  <mem-info id="1750" free="2066425584" total="2092630016" percent="98">
    <mem type="nursery" free="0" total="2097152" percent="0">
      <mem type="allocate" free="0" total="1507328" percent="0" />
      <mem type="survivor" free="0" total="589824" percent="0" />
    </mem>
    <mem type="tenure" free="2066425584" total="2090532864" percent="98">
      <mem type="soa" free="1961899760" total="1986007040" percent="98" />
      <mem type="loa" free="104525824" total="104525824" percent="100" />
    </mem>
    <remembered-set count="428" />
  </mem-info>
</gc-start>
<allocation-stats totalBytes="1093976" >
  <allocated-bytes non-tlh="40" tlh="1093936" />
  <largest-consumer threadName="PmdThread 4" threadId="00000000013F6000" bytes="731752" />
</allocation-stats>
<gc-op id="1751" type="scavenge" timems="2.163" contextid="1748" timestamp="2019-06-17T03:12:53.546">
  <scavenger-info tenureage="1" tenuremask="7ffe" tiltratio="71" />
  <memory-copied type="nursery" objects="12134" bytes="390976" bytesdiscarded="39872" />
  <memory-copied type="tenure" objects="10560" bytes="340080" bytesdiscarded="136" />
  <references type="weak" candidates="32" cleared="32" enqueued="32" />
</gc-op>
<gc-end id="1752" type="scavenge" contextid="1748" durationms="2.363" usertimems="0.000" systemtimems="0.000" timestamp="2019-06-17T03:12:53.546" activeThreads="4">
  <mem-info id="1753" free="2067149552" total="2092630016" percent="98">
    <mem type="nursery" free="1076480" total="2097152" percent="51">
      <mem type="allocate" free="1076480" total="1507328" percent="71" />
      <mem type="survivor" free="0" total="589824" percent="0" />
    </mem>
    <mem type="tenure" free="2066073072" total="2090532864" percent="98">
      <mem type="soa" free="1961547248" total="1986007040" percent="98" />
      <mem type="loa" free="104525824" total="104525824" percent="100" />
    </mem>
    <pending-finalizers system="0" default="0" reference="32" classloader="0" />
    <remembered-set count="138" />
  </mem-info>
</gc-end>
<cycle-end id="1754" type="scavenge" contextid="1748" timestamp="2019-06-17T03:12:53.546" />
  <attribute name="elasticGC enabled" value="1" />
  <attribute name= "numThreadsSpecified" value="4" />
  <attribute name="heapSize specified" value="8388608" />
  <attribute name="Current GC Util" value="64" />
  <attribute name= "Current Time Running" value="12114" />
  <attribute name ="GC Interval" value="288" />
  <attribute name="ProportionalT" value="66.000000" />
  <attribute name="ProportionalI" value="66.000000" />
  <attribute name="ProportionalH" value="66.000000" />
  <attribute name="Current Error" value="44.000000" />
  <attribute name="IntegralT" value="220.000000" />
  <attribute name="IntegralI" value="220.000000" />
  <attribute name="IntegralH" value="220.000000" />
  <attribute name="DerivativeT" value="-0.300000" />
  <attribute name="DerivativeI" value="-0.300000" />
  <attribute name="DerivativeH" value="-0.300000" />
  <attribute name="Loop Time for DT" value="5.000000" />
  <attribute name="Output H" value="8388608"/>
  <attribute name="Output I" value="288"/>
  <attribute name="Output T" value="4"/>
  <attribute name="Target GC Util Change" value ="20.000000" />
  <attribute name="Current GC Util Change" value="64.000000"/>
  <attribute name="GC Util currently" value="64" />
  <attribute name="CPU Util currently" value="979684608559" />
<allocation-satisfied id="1755" threadId="00000000013F6000" bytesRequested="40" />
<af-end id="1756" timestamp="2019-06-17T03:12:53.546" threadId="00000000013F6988" success="true" from="nursery"/>
<exclusive-end id="1757" timestamp="2019-06-17T03:12:53.546" durationms="2.833" />

<exclusive-start id="1758" timestamp="2019-06-17T03:12:53.549" intervalms="5.177">
  <response-info timems="0.030" idlems="0.030" threads="0" lastid="00000000013F6000" lastname="PmdThread 4" />
</exclusive-start>
<af-start id="1759" threadId="00000000013F6988" totalBytesRequested="40" timestamp="2019-06-17T03:12:53.549" intervalms="5.141" type="nursery" />
<cycle-start id="1760" type="scavenge" contextid="0" timestamp="2019-06-17T03:12:53.549" intervalms="5.108" />
<gc-start id="1761" type="scavenge" contextid="1760" timestamp="2019-06-17T03:12:53.549">
  <mem-info id="1762" free="2066073072" total="2092630016" percent="98">
    <mem type="nursery" free="0" total="2097152" percent="0">
      <mem type="allocate" free="0" total="1507328" percent="0" />
      <mem type="survivor" free="0" total="589824" percent="0" />
    </mem>
    <mem type="tenure" free="2066073072" total="2090532864" percent="98">
      <mem type="soa" free="1961547248" total="1986007040" percent="98" />
      <mem type="loa" free="104525824" total="104525824" percent="100" />
    </mem>
    <remembered-set count="312" />
  </mem-info>
</gc-start>
<allocation-stats totalBytes="1074712" >
  <allocated-bytes non-tlh="40" tlh="1074672" />
  <largest-consumer threadName="PmdThread 4" threadId="00000000013F6000" bytes="609408" />
</allocation-stats>
<gc-op id="1763" type="scavenge" timems="2.295" contextid="1760" timestamp="2019-06-17T03:12:53.551">
  <scavenger-info tenureage="1" tenuremask="7ffe" tiltratio="71" />
  <memory-copied type="nursery" objects="10636" bytes="358488" bytesdiscarded="103080" />
  <memory-copied type="tenure" objects="12042" bytes="385216" bytesdiscarded="144" />
  <references type="weak" candidates="56" cleared="56" enqueued="56" />
</gc-op>
<gc-end id="1764" type="scavenge" contextid="1760" durationms="2.506" usertimems="0.000" systemtimems="4.000" timestamp="2019-06-17T03:12:53.551" activeThreads="4">
  <mem-info id="1765" free="2066766320" total="2092630016" percent="98">
    <mem type="nursery" free="1045760" total="2097152" percent="49">
      <mem type="allocate" free="1045760" total="1507328" percent="69" />
      <mem type="survivor" free="0" total="589824" percent="0" />
    </mem>
    <mem type="tenure" free="2065720560" total="2090532864" percent="98">
      <mem type="soa" free="1961194736" total="1986007040" percent="98" />
      <mem type="loa" free="104525824" total="104525824" percent="100" />
    </mem>
    <pending-finalizers system="0" default="0" reference="56" classloader="0" />
    <remembered-set count="152" />
  </mem-info>
</gc-end>
<cycle-end id="1766" type="scavenge" contextid="1760" timestamp="2019-06-17T03:12:53.551" />
  <attribute name="elasticGC enabled" value="1" />
  <attribute name= "numThreadsSpecified" value="4" />
  <attribute name="heapSize specified" value="8388608" />
  <attribute name="Current GC Util" value="58" />
  <attribute name= "Current Time Running" value="12119" />
  <attribute name ="GC Interval" value="248" />
  <attribute name="ProportionalT" value="57.000000" />
  <attribute name="ProportionalI" value="57.000000" />
  <attribute name="ProportionalH" value="57.000000" />
  <attribute name="Current Error" value="38.000000" />
  <attribute name="IntegralT" value="190.000000" />
  <attribute name="IntegralI" value="190.000000" />
  <attribute name="IntegralH" value="190.000000" />
  <attribute name="DerivativeT" value="-1.800000" />
  <attribute name="DerivativeI" value="-1.800000" />
  <attribute name="DerivativeH" value="-1.800000" />
  <attribute name="Loop Time for DT" value="5.000000" />
  <attribute name="Output H" value="8388608"/>
  <attribute name="Output I" value="248"/>
  <attribute name="Output T" value="4"/>
  <attribute name="Target GC Util Change" value ="20.000000" />
  <attribute name="Current GC Util Change" value="58.000000"/>
  <attribute name="GC Util currently" value="58" />
  <attribute name="CPU Util currently" value="908156877637" />
<allocation-satisfied id="1767" threadId="00000000013F6000" bytesRequested="40" />
<af-end id="1768" timestamp="2019-06-17T03:12:53.551" threadId="00000000013F6988" success="true" from="nursery"/>
<exclusive-end id="1769" timestamp="2019-06-17T03:12:53.551" durationms="2.936" />

<exclusive-start id="1770" timestamp="2019-06-17T03:12:53.554" intervalms="5.384">
  <response-info timems="0.031" idlems="0.017" threads="1" lastid="00000000013F2400" lastname="PmdThread 3" />
</exclusive-start>
<af-start id="1771" threadId="00000000013F6988" totalBytesRequested="56" timestamp="2019-06-17T03:12:53.554" intervalms="5.416" type="nursery" />
<cycle-start id="1772" type="scavenge" contextid="0" timestamp="2019-06-17T03:12:53.554" intervalms="5.453" />
<gc-start id="1773" type="scavenge" contextid="1772" timestamp="2019-06-17T03:12:53.554">
  <mem-info id="1774" free="2065720560" total="2092630016" percent="98">
    <mem type="nursery" free="0" total="2097152" percent="0">
      <mem type="allocate" free="0" total="1507328" percent="0" />
      <mem type="survivor" free="0" total="589824" percent="0" />
    </mem>
    <mem type="tenure" free="2065720560" total="2090532864" percent="98">
      <mem type="soa" free="1961194736" total="1986007040" percent="98" />
      <mem type="loa" free="104525824" total="104525824" percent="100" />
    </mem>
    <remembered-set count="193" />
  </mem-info>
</gc-start>
<allocation-stats totalBytes="1041864" >
  <allocated-bytes non-tlh="40" tlh="1041824" />
  <largest-consumer threadName="PmdThread 4" threadId="00000000013F6000" bytes="634752" />
</allocation-stats>
<gc-op id="1775" type="scavenge" timems="2.048" contextid="1772" timestamp="2019-06-17T03:12:53.556">
  <scavenger-info tenureage="1" tenuremask="7ffe" tiltratio="71" />
  <memory-copied type="nursery" objects="11167" bytes="356288" bytesdiscarded="166720" />
  <memory-copied type="tenure" objects="10482" bytes="353856" bytesdiscarded="760" />
  <references type="weak" candidates="40" cleared="40" enqueued="40" />
</gc-op>
<gc-end id="1776" type="scavenge" contextid="1772" durationms="2.243" usertimems="0.000" systemtimems="0.000" timestamp="2019-06-17T03:12:53.556" activeThreads="4">
  <mem-info id="1777" free="2066396816" total="2092630016" percent="98">
    <mem type="nursery" free="1049856" total="2097152" percent="50">
      <mem type="allocate" free="1049856" total="1572864" percent="66" />
      <mem type="survivor" free="0" total="524288" percent="0" />
    </mem>
    <mem type="tenure" free="2065346960" total="2090532864" percent="98">
      <mem type="soa" free="1960821136" total="1986007040" percent="98" />
      <mem type="loa" free="104525824" total="104525824" percent="100" />
    </mem>
    <pending-finalizers system="0" default="0" reference="40" classloader="0" />
    <remembered-set count="162" />
  </mem-info>
</gc-end>
<cycle-end id="1778" type="scavenge" contextid="1772" timestamp="2019-06-17T03:12:53.556" />
  <attribute name="elasticGC enabled" value="1" />
  <attribute name= "numThreadsSpecified" value="4" />
  <attribute name="heapSize specified" value="8388608" />
  <attribute name="Current GC Util" value="61" />
  <attribute name= "Current Time Running" value="12124" />
  <attribute name ="GC Interval" value="272" />
  <attribute name="ProportionalT" value="61.500000" />
  <attribute name="ProportionalI" value="61.500000" />
  <attribute name="ProportionalH" value="61.500000" />
  <attribute name="Current Error" value="41.000000" />
  <attribute name="IntegralT" value="205.000000" />
  <attribute name="IntegralI" value="205.000000" />
  <attribute name="IntegralH" value="205.000000" />
  <attribute name="DerivativeT" value="0.900000" />
  <attribute name="DerivativeI" value="0.900000" />
  <attribute name="DerivativeH" value="0.900000" />
  <attribute name="Loop Time for DT" value="5.000000" />
  <attribute name="Output H" value="8388608"/>
  <attribute name="Output I" value="272"/>
  <attribute name="Output T" value="4"/>
  <attribute name="Target GC Util Change" value ="20.000000" />
  <attribute name="Current GC Util Change" value="61.000000"/>
  <attribute name="GC Util currently" value="61" />
  <attribute name="CPU Util currently" value="846625980878" />
<allocation-satisfied id="1779" threadId="00000000013F6000" bytesRequested="56" />
<af-end id="1780" timestamp="2019-06-17T03:12:53.557" threadId="00000000013F6988" success="true" from="nursery"/>
<exclusive-end id="1781" timestamp="2019-06-17T03:12:53.557" durationms="2.724" />

<exclusive-start id="1782" timestamp="2019-06-17T03:12:53.558" intervalms="4.443">
  <response-info timems="0.036" idlems="0.020" threads="1" lastid="00000000013F2400" lastname="PmdThread 3" />
</exclusive-start>
<af-start id="1783" threadId="00000000013E7588" totalBytesRequested="24" timestamp="2019-06-17T03:12:53.558" intervalms="4.473" type="nursery" />
<cycle-start id="1784" type="scavenge" contextid="0" timestamp="2019-06-17T03:12:53.559" intervalms="4.452" />
<gc-start id="1785" type="scavenge" contextid="1784" timestamp="2019-06-17T03:12:53.559">
  <mem-info id="1786" free="2065346960" total="2092630016" percent="98">
    <mem type="nursery" free="0" total="2097152" percent="0">
      <mem type="allocate" free="0" total="1572864" percent="0" />
      <mem type="survivor" free="0" total="524288" percent="0" />
    </mem>
    <mem type="tenure" free="2065346960" total="2090532864" percent="98">
      <mem type="soa" free="1960821136" total="1986007040" percent="98" />
      <mem type="loa" free="104525824" total="104525824" percent="100" />
    </mem>
    <remembered-set count="165" />
  </mem-info>
</gc-start>
<allocation-stats totalBytes="1049600" >
  <allocated-bytes non-tlh="56" tlh="1049544" />
  <largest-consumer threadName="PmdThread 4" threadId="00000000013F6000" bytes="537672" />
</allocation-stats>
<gc-op id="1787" type="scavenge" timems="1.337" contextid="1784" timestamp="2019-06-17T03:12:53.560">
  <scavenger-info tenureage="1" tenuremask="7ffe" tiltratio="75" />
  <memory-copied type="nursery" objects="8013" bytes="254392" bytesdiscarded="159560" />
  <memory-copied type="tenure" objects="11010" bytes="351848" bytesdiscarded="120" />
</gc-op>
<gc-end id="1788" type="scavenge" contextid="1784" durationms="1.527" usertimems="0.000" systemtimems="0.000" timestamp="2019-06-17T03:12:53.560" activeThreads="4">
  <mem-info id="1789" free="2066153360" total="2092630016" percent="98">
    <mem type="nursery" free="1158912" total="2097152" percent="55">
      <mem type="allocate" free="1158912" total="1572864" percent="73" />
      <mem type="survivor" free="0" total="524288" percent="0" />
    </mem>
    <mem type="tenure" free="2064994448" total="2090532864" percent="98">
      <mem type="soa" free="1960468624" total="1986007040" percent="98" />
      <mem type="loa" free="104525824" total="104525824" percent="100" />
    </mem>
    <remembered-set count="172" />
  </mem-info>
</gc-end>
<cycle-end id="1790" type="scavenge" contextid="1784" timestamp="2019-06-17T03:12:53.560" />
  <attribute name="elasticGC enabled" value="1" />
  <attribute name= "numThreadsSpecified" value="4" />
  <attribute name="heapSize specified" value="8388608" />
  <attribute name="Current GC Util" value="64" />
  <attribute name= "Current Time Running" value="12129" />
  <attribute name ="GC Interval" value="288" />
  <attribute name="ProportionalT" value="66.000000" />
  <attribute name="ProportionalI" value="66.000000" />
  <attribute name="ProportionalH" value="66.000000" />
  <attribute name="Current Error" value="44.000000" />
  <attribute name="IntegralT" value="220.000000" />
  <attribute name="IntegralI" value="220.000000" />
  <attribute name="IntegralH" value="220.000000" />
  <attribute name="DerivativeT" value="0.900000" />
  <attribute name="DerivativeI" value="0.900000" />
  <attribute name="DerivativeH" value="0.900000" />
  <attribute name="Loop Time for DT" value="5.000000" />
  <attribute name="Output H" value="8388608"/>
  <attribute name="Output I" value="288"/>
  <attribute name="Output T" value="4"/>
  <attribute name="Target GC Util Change" value ="20.000000" />
  <attribute name="Current GC Util Change" value="64.000000"/>
  <attribute name="GC Util currently" value="64" />
  <attribute name="CPU Util currently" value="1029531853093" />
<allocation-satisfied id="1791" threadId="00000000013E6C00" bytesRequested="24" />
<af-end id="1792" timestamp="2019-06-17T03:12:53.560" threadId="00000000013E7588" success="true" from="nursery"/>
<exclusive-end id="1793" timestamp="2019-06-17T03:12:53.560" durationms="2.163" />

<exclusive-start id="1794" timestamp="2019-06-17T03:12:53.563" intervalms="4.181">
  <response-info timems="0.238" idlems="0.238" threads="0" lastid="00000000013F2400" lastname="PmdThread 3" />
</exclusive-start>
<af-start id="1795" threadId="00000000013F2D88" totalBytesRequested="72" timestamp="2019-06-17T03:12:53.563" intervalms="4.133" type="nursery" />
<cycle-start id="1796" type="scavenge" contextid="0" timestamp="2019-06-17T03:12:53.563" intervalms="4.157" />
<gc-start id="1797" type="scavenge" contextid="1796" timestamp="2019-06-17T03:12:53.563">
  <mem-info id="1798" free="2064994448" total="2092630016" percent="98">
    <mem type="nursery" free="0" total="2097152" percent="0">
      <mem type="allocate" free="0" total="1572864" percent="0" />
      <mem type="survivor" free="0" total="524288" percent="0" />
    </mem>
    <mem type="tenure" free="2064994448" total="2090532864" percent="98">
      <mem type="soa" free="1960468624" total="1986007040" percent="98" />
      <mem type="loa" free="104525824" total="104525824" percent="100" />
    </mem>
    <remembered-set count="174" />
  </mem-info>
</gc-start>
<allocation-stats totalBytes="1158472" >
  <allocated-bytes non-tlh="24" tlh="1158448" />
  <largest-consumer threadName="PmdThread 3" threadId="00000000013F2400" bytes="613952" />
</allocation-stats>
<gc-op id="1799" type="scavenge" timems="1.019" contextid="1796" timestamp="2019-06-17T03:12:53.564">
  <scavenger-info tenureage="1" tenuremask="7ffe" tiltratio="75" />
  <memory-copied type="nursery" objects="8648" bytes="274120" bytesdiscarded="178992" />
  <memory-copied type="tenure" objects="7970" bytes="253408" bytesdiscarded="152" />
</gc-op>
<gc-end id="1800" type="scavenge" contextid="1796" durationms="1.158" usertimems="4.000" systemtimems="0.000" timestamp="2019-06-17T03:12:53.564" activeThreads="4">
  <mem-info id="1801" free="2065905552" total="2092630016" percent="98">
    <mem type="nursery" free="1185280" total="2097152" percent="56">
      <mem type="allocate" free="1185280" total="1638400" percent="72" />
      <mem type="survivor" free="0" total="458752" percent="0" />
    </mem>
    <mem type="tenure" free="2064720272" total="2090532864" percent="98">
      <mem type="soa" free="1960194448" total="1986007040" percent="98" />
      <mem type="loa" free="104525824" total="104525824" percent="100" />
    </mem>
    <remembered-set count="178" />
  </mem-info>
</gc-end>
<cycle-end id="1802" type="scavenge" contextid="1796" timestamp="2019-06-17T03:12:53.564" />
  <attribute name="elasticGC enabled" value="1" />
  <attribute name= "numThreadsSpecified" value="4" />
  <attribute name="heapSize specified" value="8388608" />
  <attribute name="Current GC Util" value="41" />
  <attribute name= "Current Time Running" value="12133" />
  <attribute name ="GC Interval" value="200" />
  <attribute name="ProportionalT" value="31.500000" />
  <attribute name="ProportionalI" value="31.500000" />
  <attribute name="ProportionalH" value="31.500000" />
  <attribute name="Current Error" value="21.000000" />
  <attribute name="IntegralT" value="84.000000" />
  <attribute name="IntegralI" value="84.000000" />
  <attribute name="IntegralH" value="84.000000" />
  <attribute name="DerivativeT" value="-8.625000" />
  <attribute name="DerivativeI" value="-8.625000" />
  <attribute name="DerivativeH" value="-8.625000" />
  <attribute name="Loop Time for DT" value="4.000000" />
  <attribute name="Output H" value="8388608"/>
  <attribute name="Output I" value="200"/>
  <attribute name="Output T" value="4"/>
  <attribute name="Target GC Util Change" value ="20.000000" />
  <attribute name="Current GC Util Change" value="41.000000"/>
  <attribute name="GC Util currently" value="41" />
  <attribute name="CPU Util currently" value="1113823244114" />
<allocation-satisfied id="1803" threadId="00000000013F2400" bytesRequested="72" />
<af-end id="1804" timestamp="2019-06-17T03:12:53.564" threadId="00000000013F2D88" success="true" from="nursery"/>
<exclusive-end id="1805" timestamp="2019-06-17T03:12:53.564" durationms="1.774" />

<exclusive-start id="1806" timestamp="2019-06-17T03:12:53.572" intervalms="9.206">
  <response-info timems="0.036" idlems="0.036" threads="0" lastid="00000000013F6000" lastname="PmdThread 4" />
</exclusive-start>
<af-start id="1807" threadId="00000000013F6988" totalBytesRequested="40" timestamp="2019-06-17T03:12:53.572" intervalms="9.250" type="nursery" />
<cycle-start id="1808" type="scavenge" contextid="0" timestamp="2019-06-17T03:12:53.572" intervalms="9.261" />
<gc-start id="1809" type="scavenge" contextid="1808" timestamp="2019-06-17T03:12:53.572">
  <mem-info id="1810" free="2064720272" total="2092630016" percent="98">
    <mem type="nursery" free="0" total="2097152" percent="0">
      <mem type="allocate" free="0" total="1638400" percent="0" />
      <mem type="survivor" free="0" total="458752" percent="0" />
    </mem>
    <mem type="tenure" free="2064720272" total="2090532864" percent="98">
      <mem type="soa" free="1960194448" total="1986007040" percent="98" />
      <mem type="loa" free="104525824" total="104525824" percent="100" />
    </mem>
    <remembered-set count="183" />
  </mem-info>
</gc-start>
<allocation-stats totalBytes="1173248" >
  <allocated-bytes non-tlh="32856" tlh="1140392" />
  <largest-consumer threadName="PmdThread 4" threadId="00000000013F6000" bytes="672968" />
</allocation-stats>
<gc-op id="1811" type="scavenge" timems="1.566" contextid="1808" timestamp="2019-06-17T03:12:53.574">
  <scavenger-info tenureage="1" tenuremask="7ffe" tiltratio="78" />
  <memory-copied type="nursery" objects="11046" bytes="422696" bytesdiscarded="36056" />
  <memory-copied type="tenure" objects="9214" bytes="289432" bytesdiscarded="64" />
  <copy-failed type="nursery" objects="596" bytes="15976" />
  <references type="phantom" candidates="1" cleared="0" enqueued="0" />
</gc-op>
<gc-end id="1812" type="scavenge" contextid="1808" durationms="1.848" usertimems="0.000" systemtimems="8.000" timestamp="2019-06-17T03:12:53.574" activeThreads="4">
  <mem-info id="1813" free="2065331600" total="2092630016" percent="98">
    <mem type="nursery" free="983040" total="2097152" percent="46">
      <mem type="allocate" free="983040" total="1441792" percent="68" />
      <mem type="survivor" free="0" total="655360" percent="0" />
    </mem>
    <mem type="tenure" free="2064348560" total="2090532864" percent="98">
      <mem type="soa" free="1959822736" total="1986007040" percent="98" />
      <mem type="loa" free="104525824" total="104525824" percent="100" />
    </mem>
    <remembered-set count="180" />
  </mem-info>
</gc-end>
<cycle-end id="1814" type="scavenge" contextid="1808" timestamp="2019-06-17T03:12:53.574" />
  <attribute name="elasticGC enabled" value="1" />
  <attribute name= "numThreadsSpecified" value="4" />
  <attribute name="heapSize specified" value="8388608" />
  <attribute name="Current GC Util" value="17" />
  <attribute name= "Current Time Running" value="12142" />
  <attribute name ="GC Interval" value="200" />
  <attribute name="ProportionalT" value="-4.500000" />
  <attribute name="ProportionalI" value="-4.500000" />
  <attribute name="ProportionalH" value="-4.500000" />
  <attribute name="Current Error" value="-3.000000" />
  <attribute name="IntegralT" value="-27.000000" />
  <attribute name="IntegralI" value="-27.000000" />
  <attribute name="IntegralH" value="-27.000000" />
  <attribute name="DerivativeT" value="-4.000000" />
  <attribute name="DerivativeI" value="-4.000000" />
  <attribute name="DerivativeH" value="-4.000000" />
  <attribute name="Loop Time for DT" value="9.000000" />
  <attribute name="Output H" value="2092630016"/>
  <attribute name="Output I" value="200"/>
  <attribute name="Output T" value="4"/>
  <attribute name="Target GC Util Change" value ="20.000000" />
  <attribute name="Current GC Util Change" value="17.000000"/>
  <attribute name="GC Util currently" value="17" />
  <attribute name="CPU Util currently" value="491377350617" />
<allocation-satisfied id="1815" threadId="00000000013F6000" bytesRequested="40" />
<af-end id="1816" timestamp="2019-06-17T03:12:53.574" threadId="00000000013F6988" success="true" from="nursery"/>
<exclusive-end id="1817" timestamp="2019-06-17T03:12:53.574" durationms="2.450" />

<exclusive-start id="1818" timestamp="2019-06-17T03:12:53.576" intervalms="4.663">
  <response-info timems="0.053" idlems="0.053" threads="0" lastid="00000000013F6000" lastname="PmdThread 4" />
</exclusive-start>
<af-start id="1819" threadId="00000000013F6988" totalBytesRequested="56" timestamp="2019-06-17T03:12:53.576" intervalms="4.607" type="nursery" />
<cycle-start id="1820" type="scavenge" contextid="0" timestamp="2019-06-17T03:12:53.577" intervalms="4.598" />
<gc-start id="1821" type="scavenge" contextid="1820" timestamp="2019-06-17T03:12:53.577">
  <mem-info id="1822" free="2064348560" total="2092630016" percent="98">
    <mem type="nursery" free="0" total="2097152" percent="0">
      <mem type="allocate" free="0" total="1441792" percent="0" />
      <mem type="survivor" free="0" total="655360" percent="0" />
    </mem>
    <mem type="tenure" free="2064348560" total="2090532864" percent="98">
      <mem type="soa" free="1959822736" total="1986007040" percent="98" />
      <mem type="loa" free="104525824" total="104525824" percent="100" />
    </mem>
    <remembered-set count="198" />
  </mem-info>
</gc-start>
<allocation-stats totalBytes="982688" >
  <allocated-bytes non-tlh="40" tlh="982648" />
  <largest-consumer threadName="PmdThread 4" threadId="00000000013F6000" bytes="683784" />
</allocation-stats>
<gc-op id="1823" type="scavenge" timems="1.441" contextid="1820" timestamp="2019-06-17T03:12:53.578">
  <scavenger-info tenureage="1" tenuremask="7ffe" tiltratio="68" />
  <memory-copied type="nursery" objects="7262" bytes="260312" bytesdiscarded="97560" />
  <memory-copied type="tenure" objects="10999" bytes="413352" bytesdiscarded="32" />
  <references type="weak" candidates="1" cleared="0" enqueued="0" />
  <references type="phantom" candidates="1" cleared="0" enqueued="0" />
</gc-op>
<gc-end id="1824" type="scavenge" contextid="1820" durationms="1.708" usertimems="4.000" systemtimems="0.000" timestamp="2019-06-17T03:12:53.578" activeThreads="4">
  <mem-info id="1825" free="2065073256" total="2092630016" percent="98">
    <mem type="nursery" free="1083904" total="2097152" percent="51">
      <mem type="allocate" free="1083904" total="1441792" percent="75" />
      <mem type="survivor" free="0" total="655360" percent="0" />
    </mem>
    <mem type="tenure" free="2063989352" total="2090532864" percent="98">
      <mem type="soa" free="1959463528" total="1986007040" percent="98" />
      <mem type="loa" free="104525824" total="104525824" percent="100" />
    </mem>
    <remembered-set count="139" />
  </mem-info>
</gc-end>
<cycle-end id="1826" type="scavenge" contextid="1820" timestamp="2019-06-17T03:12:53.578" />
  <attribute name="elasticGC enabled" value="1" />
  <attribute name= "numThreadsSpecified" value="4" />
  <attribute name="heapSize specified" value="8388608" />
  <attribute name="Current GC Util" value="69" />
  <attribute name= "Current Time Running" value="12147" />
  <attribute name ="GC Interval" value="336" />
  <attribute name="ProportionalT" value="73.500000" />
  <attribute name="ProportionalI" value="73.500000" />
  <attribute name="ProportionalH" value="73.500000" />
  <attribute name="Current Error" value="49.000000" />
  <attribute name="IntegralT" value="245.000000" />
  <attribute name="IntegralI" value="245.000000" />
  <attribute name="IntegralH" value="245.000000" />
  <attribute name="DerivativeT" value="14.700000" />
  <attribute name="DerivativeI" value="14.700000" />
  <attribute name="DerivativeH" value="14.700000" />
  <attribute name="Loop Time for DT" value="5.000000" />
  <attribute name="Output H" value="8388608"/>
  <attribute name="Output I" value="336"/>
  <attribute name="Output T" value="4"/>
  <attribute name="Target GC Util Change" value ="20.000000" />
  <attribute name="Current GC Util Change" value="69.000000"/>
  <attribute name="GC Util currently" value="69" />
  <attribute name="CPU Util currently" value="1006222994724" />
<allocation-satisfied id="1827" threadId="00000000013F6000" bytesRequested="56" />
<af-end id="1828" timestamp="2019-06-17T03:12:53.579" threadId="00000000013F6988" success="true" from="nursery"/>
<exclusive-end id="1829" timestamp="2019-06-17T03:12:53.579" durationms="2.159" />

<exclusive-start id="1830" timestamp="2019-06-17T03:12:53.580" intervalms="3.874">
  <response-info timems="0.109" idlems="0.109" threads="0" lastid="00000000013F6000" lastname="PmdThread 4" />
</exclusive-start>
<af-start id="1831" threadId="00000000013F6988" totalBytesRequested="40" timestamp="2019-06-17T03:12:53.580" intervalms="3.875" type="nursery" />
<cycle-start id="1832" type="scavenge" contextid="0" timestamp="2019-06-17T03:12:53.580" intervalms="3.827" />
<gc-start id="1833" type="scavenge" contextid="1832" timestamp="2019-06-17T03:12:53.580">
  <mem-info id="1834" free="2063989352" total="2092630016" percent="98">
    <mem type="nursery" free="0" total="2097152" percent="0">
      <mem type="allocate" free="0" total="1441792" percent="0" />
      <mem type="survivor" free="0" total="655360" percent="0" />
    </mem>
    <mem type="tenure" free="2063989352" total="2090532864" percent="98">
      <mem type="soa" free="1959463528" total="1986007040" percent="98" />
      <mem type="loa" free="104525824" total="104525824" percent="100" />
    </mem>
    <remembered-set count="177" />
  </mem-info>
</gc-start>
<allocation-stats totalBytes="1083560" >
  <allocated-bytes non-tlh="56" tlh="1083504" />
  <largest-consumer threadName="PmdThread 3" threadId="00000000013F2400" bytes="547112" />
</allocation-stats>
<gc-op id="1835" type="scavenge" timems="1.106" contextid="1832" timestamp="2019-06-17T03:12:53.582">
  <scavenger-info tenureage="1" tenuremask="7ffe" tiltratio="68" />
  <memory-copied type="nursery" objects="5560" bytes="191048" bytesdiscarded="96944" />
  <memory-copied type="tenure" objects="7161" bytes="255416" bytesdiscarded="48" />
  <references type="weak" candidates="8" cleared="8" enqueued="8" />
</gc-op>
<gc-end id="1836" type="scavenge" contextid="1832" durationms="1.275" usertimems="4.000" systemtimems="0.000" timestamp="2019-06-17T03:12:53.582" activeThreads="4">
  <mem-info id="1837" free="2065091176" total="2092630016" percent="98">
    <mem type="nursery" free="1219328" total="2097152" percent="58">
      <mem type="allocate" free="1219328" total="1507328" percent="80" />
      <mem type="survivor" free="0" total="589824" percent="0" />
    </mem>
    <mem type="tenure" free="2063871848" total="2090532864" percent="98">
      <mem type="soa" free="1959346024" total="1986007040" percent="98" />
      <mem type="loa" free="104525824" total="104525824" percent="100" />
    </mem>
    <pending-finalizers system="0" default="0" reference="8" classloader="0" />
    <remembered-set count="172" />
  </mem-info>
</gc-end>
<cycle-end id="1838" type="scavenge" contextid="1832" timestamp="2019-06-17T03:12:53.582" />
  <attribute name="elasticGC enabled" value="1" />
  <attribute name= "numThreadsSpecified" value="4" />
  <attribute name="heapSize specified" value="8388608" />
  <attribute name="Current GC Util" value="76" />
  <attribute name= "Current Time Running" value="12150" />
  <attribute name ="GC Interval" value="256" />
  <attribute name="ProportionalT" value="84.000000" />
  <attribute name="ProportionalI" value="84.000000" />
  <attribute name="ProportionalH" value="84.000000" />
  <attribute name="Current Error" value="56.000000" />
  <attribute name="IntegralT" value="168.000000" />
  <attribute name="IntegralI" value="168.000000" />
  <attribute name="IntegralH" value="168.000000" />
  <attribute name="DerivativeT" value="3.500000" />
  <attribute name="DerivativeI" value="3.500000" />
  <attribute name="DerivativeH" value="3.500000" />
  <attribute name="Loop Time for DT" value="3.000000" />
  <attribute name="Output H" value="8388608"/>
  <attribute name="Output I" value="256"/>
  <attribute name="Output T" value="4"/>
  <attribute name="Target GC Util Change" value ="20.000000" />
  <attribute name="Current GC Util Change" value="76.000000"/>
  <attribute name="GC Util currently" value="76" />
  <attribute name="CPU Util currently" value="1234818691746" />
<allocation-satisfied id="1839" threadId="00000000013F6000" bytesRequested="40" />
<af-end id="1840" timestamp="2019-06-17T03:12:53.582" threadId="00000000013F6988" success="true" from="nursery"/>
<exclusive-end id="1841" timestamp="2019-06-17T03:12:53.582" durationms="1.768" />

<exclusive-start id="1842" timestamp="2019-06-17T03:12:53.585" intervalms="5.148">
  <response-info timems="0.025" idlems="0.025" threads="0" lastid="00000000013F6000" lastname="PmdThread 4" />
</exclusive-start>
<af-start id="1843" threadId="00000000013F6988" totalBytesRequested="56" timestamp="2019-06-17T03:12:53.586" intervalms="5.182" type="nursery" />
<cycle-start id="1844" type="scavenge" contextid="0" timestamp="2019-06-17T03:12:53.586" intervalms="5.228" />
<gc-start id="1845" type="scavenge" contextid="1844" timestamp="2019-06-17T03:12:53.586">
  <mem-info id="1846" free="2063871848" total="2092630016" percent="98">
    <mem type="nursery" free="0" total="2097152" percent="0">
      <mem type="allocate" free="0" total="1507328" percent="0" />
      <mem type="survivor" free="0" total="589824" percent="0" />
    </mem>
    <mem type="tenure" free="2063871848" total="2090532864" percent="98">
      <mem type="soa" free="1959346024" total="1986007040" percent="98" />
      <mem type="loa" free="104525824" total="104525824" percent="100" />
    </mem>
    <remembered-set count="189" />
  </mem-info>
</gc-start>
<allocation-stats totalBytes="1218944" >
  <allocated-bytes non-tlh="32824" tlh="1186120" />
  <largest-consumer threadName="PmdThread 4" threadId="00000000013F6000" bytes="593792" />
</allocation-stats>
<gc-op id="1847" type="scavenge" timems="1.395" contextid="1844" timestamp="2019-06-17T03:12:53.587">
  <scavenger-info tenureage="1" tenuremask="7ffe" tiltratio="71" />
  <memory-copied type="nursery" objects="12283" bytes="445648" bytesdiscarded="127264" />
  <memory-copied type="tenure" objects="5490" bytes="188592" bytesdiscarded="88" />
  <references type="weak" candidates="21" cleared="21" enqueued="21" />
  <references type="phantom" candidates="1" cleared="1" enqueued="1" />
</gc-op>
<gc-end id="1848" type="scavenge" contextid="1844" durationms="1.652" usertimems="0.000" systemtimems="0.000" timestamp="2019-06-17T03:12:53.587" activeThreads="4">
  <mem-info id="1849" free="2064395624" total="2092630016" percent="98">
    <mem type="nursery" free="803328" total="2097152" percent="38">
      <mem type="allocate" free="803328" total="1376256" percent="58" />
      <mem type="survivor" free="0" total="720896" percent="0" />
    </mem>
    <mem type="tenure" free="2063592296" total="2090532864" percent="98">
      <mem type="soa" free="1959066472" total="1986007040" percent="98" />
      <mem type="loa" free="104525824" total="104525824" percent="100" />
    </mem>
    <pending-finalizers system="0" default="0" reference="22" classloader="0" />
    <remembered-set count="160" />
  </mem-info>
</gc-end>
<cycle-end id="1850" type="scavenge" contextid="1844" timestamp="2019-06-17T03:12:53.587" />
  <attribute name="elasticGC enabled" value="1" />
  <attribute name= "numThreadsSpecified" value="4" />
  <attribute name="heapSize specified" value="8388608" />
  <attribute name="Current GC Util" value="42" />
  <attribute name= "Current Time Running" value="12156" />
  <attribute name ="GC Interval" value="200" />
  <attribute name="ProportionalT" value="33.000000" />
  <attribute name="ProportionalI" value="33.000000" />
  <attribute name="ProportionalH" value="33.000000" />
  <attribute name="Current Error" value="22.000000" />
  <attribute name="IntegralT" value="132.000000" />
  <attribute name="IntegralI" value="132.000000" />
  <attribute name="IntegralH" value="132.000000" />
  <attribute name="DerivativeT" value="-8.500000" />
  <attribute name="DerivativeI" value="-8.500000" />
  <attribute name="DerivativeH" value="-8.500000" />
  <attribute name="Loop Time for DT" value="6.000000" />
  <attribute name="Output H" value="8388608"/>
  <attribute name="Output I" value="200"/>
  <attribute name="Output T" value="4"/>
  <attribute name="Target GC Util Change" value ="20.000000" />
  <attribute name="Current GC Util Change" value="42.000000"/>
  <attribute name="GC Util currently" value="42" />
  <attribute name="CPU Util currently" value="871292364986" />
<allocation-satisfied id="1851" threadId="00000000013F6000" bytesRequested="56" />
<af-end id="1852" timestamp="2019-06-17T03:12:53.588" threadId="00000000013F6988" success="true" from="nursery"/>
<exclusive-end id="1853" timestamp="2019-06-17T03:12:53.588" durationms="2.195" />

<exclusive-start id="1854" timestamp="2019-06-17T03:12:53.592" intervalms="6.660">
  <response-info timems="0.080" idlems="0.080" threads="0" lastid="00000000013E6C00" lastname="PmdThread 1" />
</exclusive-start>
<af-start id="1855" threadId="00000000013E7588" totalBytesRequested="24" timestamp="2019-06-17T03:12:53.592" intervalms="6.662" type="nursery" />
<cycle-start id="1856" type="scavenge" contextid="0" timestamp="2019-06-17T03:12:53.592" intervalms="6.711" />
<gc-start id="1857" type="scavenge" contextid="1856" timestamp="2019-06-17T03:12:53.592">
  <mem-info id="1858" free="2063592296" total="2092630016" percent="98">
    <mem type="nursery" free="0" total="2097152" percent="0">
      <mem type="allocate" free="0" total="1376256" percent="0" />
      <mem type="survivor" free="0" total="720896" percent="0" />
    </mem>
    <mem type="tenure" free="2063592296" total="2090532864" percent="98">
      <mem type="soa" free="1959066472" total="1986007040" percent="98" />
      <mem type="loa" free="104525824" total="104525824" percent="100" />
    </mem>
    <remembered-set count="423" />
  </mem-info>
</gc-start>
<allocation-stats totalBytes="802584" >
  <allocated-bytes non-tlh="56" tlh="802528" />
  <largest-consumer threadName="PmdThread 2" threadId="00000000013EA800" bytes="408944" />
</allocation-stats>
<gc-op id="1859" type="scavenge" timems="0.977" contextid="1856" timestamp="2019-06-17T03:12:53.594">
  <scavenger-info tenureage="1" tenuremask="7ffe" tiltratio="65" />
  <memory-copied type="nursery" objects="5616" bytes="172552" bytesdiscarded="45552" />
  <memory-copied type="tenure" objects="12168" bytes="439704" bytesdiscarded="576" />
  <references type="weak" candidates="34" cleared="34" enqueued="34" />
</gc-op>
<gc-end id="1860" type="scavenge" contextid="1856" durationms="1.909" usertimems="0.000" systemtimems="0.000" timestamp="2019-06-17T03:12:53.594" activeThreads="4">
  <mem-info id="1861" free="2064348744" total="2092630016" percent="98">
    <mem type="nursery" free="1158144" total="2097152" percent="55">
      <mem type="allocate" free="1158144" total="1376256" percent="84" />
      <mem type="survivor" free="0" total="720896" percent="0" />
    </mem>
    <mem type="tenure" free="2063190600" total="2090532864" percent="98">
      <mem type="soa" free="1958664776" total="1986007040" percent="98" />
      <mem type="loa" free="104525824" total="104525824" percent="100" />
    </mem>
    <pending-finalizers system="0" default="0" reference="34" classloader="0" />
    <remembered-set count="412" />
  </mem-info>
</gc-end>
<cycle-end id="1862" type="scavenge" contextid="1856" timestamp="2019-06-17T03:12:53.594" />
  <attribute name="elasticGC enabled" value="1" />
  <attribute name= "numThreadsSpecified" value="4" />
  <attribute name="heapSize specified" value="8388608" />
  <attribute name="Current GC Util" value="38" />
  <attribute name= "Current Time Running" value="12163" />
  <attribute name ="GC Interval" value="200" />
  <attribute name="ProportionalT" value="27.000000" />
  <attribute name="ProportionalI" value="27.000000" />
  <attribute name="ProportionalH" value="27.000000" />
  <attribute name="Current Error" value="18.000000" />
  <attribute name="IntegralT" value="126.000000" />
  <attribute name="IntegralI" value="126.000000" />
  <attribute name="IntegralH" value="126.000000" />
  <attribute name="DerivativeT" value="-0.857143" />
  <attribute name="DerivativeI" value="-0.857143" />
  <attribute name="DerivativeH" value="-0.857143" />
  <attribute name="Loop Time for DT" value="7.000000" />
  <attribute name="Output H" value="8388608"/>
  <attribute name="Output I" value="200"/>
  <attribute name="Output T" value="4"/>
  <attribute name="Target GC Util Change" value ="20.000000" />
  <attribute name="Current GC Util Change" value="38.000000"/>
  <attribute name="GC Util currently" value="38" />
  <attribute name="CPU Util currently" value="642264435976" />
<allocation-satisfied id="1863" threadId="00000000013E6C00" bytesRequested="24" />
<af-end id="1864" timestamp="2019-06-17T03:12:53.595" threadId="00000000013E7588" success="true" from="nursery"/>
<exclusive-end id="1865" timestamp="2019-06-17T03:12:53.595" durationms="2.740" />

<exclusive-start id="1866" timestamp="2019-06-17T03:12:53.602" intervalms="10.381">
  <response-info timems="0.054" idlems="0.029" threads="1" lastid="00000000013E6C00" lastname="PmdThread 1" />
</exclusive-start>
<af-start id="1867" threadId="00000000013F2D88" totalBytesRequested="8200" timestamp="2019-06-17T03:12:53.603" intervalms="10.405" type="nursery" />
<cycle-start id="1868" type="scavenge" contextid="0" timestamp="2019-06-17T03:12:53.603" intervalms="10.336" />
<gc-start id="1869" type="scavenge" contextid="1868" timestamp="2019-06-17T03:12:53.603">
  <mem-info id="1870" free="2063190600" total="2092630016" percent="98">
    <mem type="nursery" free="0" total="2097152" percent="0">
      <mem type="allocate" free="0" total="1376256" percent="0" />
      <mem type="survivor" free="0" total="720896" percent="0" />
    </mem>
    <mem type="tenure" free="2063190600" total="2090532864" percent="98">
      <mem type="soa" free="1958664776" total="1986007040" percent="98" />
      <mem type="loa" free="104525824" total="104525824" percent="100" />
    </mem>
    <remembered-set count="3226" />
  </mem-info>
</gc-start>
<allocation-stats totalBytes="1150600" >
  <allocated-bytes non-tlh="24" tlh="1150576" />
  <largest-consumer threadName="PmdThread 1" threadId="00000000013E6C00" bytes="625512" />
</allocation-stats>
<gc-op id="1871" type="scavenge" timems="0.954" contextid="1868" timestamp="2019-06-17T03:12:53.604">
  <scavenger-info tenureage="1" tenuremask="7ffe" tiltratio="65" />
  <memory-copied type="nursery" objects="7305" bytes="353920" bytesdiscarded="71984" />
  <memory-copied type="tenure" objects="5508" bytes="168584" bytesdiscarded="480" />
  <references type="weak" candidates="9" cleared="9" enqueued="9" />
  <references type="phantom" candidates="3" cleared="1" enqueued="1" />
</gc-op>
<gc-end id="1872" type="scavenge" contextid="1868" durationms="1.205" usertimems="0.000" systemtimems="0.000" timestamp="2019-06-17T03:12:53.604" activeThreads="4">
  <mem-info id="1873" free="2064088856" total="2092630016" percent="98">
    <mem type="nursery" free="1015760" total="2097152" percent="48">
      <mem type="allocate" free="1015760" total="1441792" percent="70" />
      <mem type="survivor" free="0" total="655360" percent="0" />
    </mem>
    <mem type="tenure" free="2063073096" total="2090532864" percent="98">
      <mem type="soa" free="1958547272" total="1986007040" percent="98" />
      <mem type="loa" free="104525824" total="104525824" percent="100" />
    </mem>
    <pending-finalizers system="0" default="0" reference="10" classloader="0" />
    <remembered-set count="2930" />
  </mem-info>
</gc-end>
<cycle-end id="1874" type="scavenge" contextid="1868" timestamp="2019-06-17T03:12:53.604" />
  <attribute name="elasticGC enabled" value="1" />
  <attribute name= "numThreadsSpecified" value="4" />
  <attribute name="heapSize specified" value="8388608" />
  <attribute name="Current GC Util" value="19" />
  <attribute name= "Current Time Running" value="12173" />
  <attribute name ="GC Interval" value="200" />
  <attribute name="ProportionalT" value="-1.500000" />
  <attribute name="ProportionalI" value="-1.500000" />
  <attribute name="ProportionalH" value="-1.500000" />
  <attribute name="Current Error" value="-1.000000" />
  <attribute name="IntegralT" value="-10.000000" />
  <attribute name="IntegralI" value="-10.000000" />
  <attribute name="IntegralH" value="-10.000000" />
  <attribute name="DerivativeT" value="-2.850000" />
  <attribute name="DerivativeI" value="-2.850000" />
  <attribute name="DerivativeH" value="-2.850000" />
  <attribute name="Loop Time for DT" value="10.000000" />
  <attribute name="Output H" value="2092630016"/>
  <attribute name="Output I" value="200"/>
  <attribute name="Output T" value="4"/>
  <attribute name="Target GC Util Change" value ="20.000000" />
  <attribute name="Current GC Util Change" value="19.000000"/>
  <attribute name="GC Util currently" value="19" />
  <attribute name="CPU Util currently" value="467445316691" />
<allocation-satisfied id="1875" threadId="00000000013F2400" bytesRequested="8200" />
<af-end id="1876" timestamp="2019-06-17T03:12:53.604" threadId="00000000013F2D88" success="true" from="nursery"/>
<exclusive-end id="1877" timestamp="2019-06-17T03:12:53.604" durationms="1.752" />

<exclusive-start id="1878" timestamp="2019-06-17T03:12:53.608" intervalms="5.485">
  <response-info timems="0.064" idlems="0.034" threads="1" lastid="00000000013EA800" lastname="PmdThread 2" />
</exclusive-start>
<af-start id="1879" threadId="00000000013E7588" totalBytesRequested="16" timestamp="2019-06-17T03:12:53.608" intervalms="5.434" type="nursery" />
<cycle-start id="1880" type="scavenge" contextid="0" timestamp="2019-06-17T03:12:53.608" intervalms="5.429" />
<gc-start id="1881" type="scavenge" contextid="1880" timestamp="2019-06-17T03:12:53.608">
  <mem-info id="1882" free="2063073096" total="2092630016" percent="98">
    <mem type="nursery" free="0" total="2097152" percent="0">
      <mem type="allocate" free="0" total="1441792" percent="0" />
      <mem type="survivor" free="0" total="655360" percent="0" />
    </mem>
    <mem type="tenure" free="2063073096" total="2090532864" percent="98">
      <mem type="soa" free="1958547272" total="1986007040" percent="98" />
      <mem type="loa" free="104525824" total="104525824" percent="100" />
    </mem>
    <remembered-set count="4835" />
  </mem-info>
</gc-start>
<allocation-stats totalBytes="1015544" >
  <allocated-bytes non-tlh="40984" tlh="974560" />
  <largest-consumer threadName="PmdThread 1" threadId="00000000013E6C00" bytes="692032" />
</allocation-stats>
<gc-op id="1883" type="scavenge" timems="0.787" contextid="1880" timestamp="2019-06-17T03:12:53.609">
  <scavenger-info tenureage="1" tenuremask="7ffe" tiltratio="68" />
  <memory-copied type="nursery" objects="5461" bytes="210312" bytesdiscarded="124784" />
  <memory-copied type="tenure" objects="7271" bytes="342552" bytesdiscarded="64" />
  <references type="weak" candidates="1" cleared="1" enqueued="1" />
  <references type="phantom" candidates="1" cleared="1" enqueued="1" />
</gc-op>
<gc-end id="1884" type="scavenge" contextid="1880" durationms="0.993" usertimems="4.000" systemtimems="0.000" timestamp="2019-06-17T03:12:53.609" activeThreads="4">
  <mem-info id="1885" free="2063647992" total="2092630016" percent="98">
    <mem type="nursery" free="1106680" total="2097152" percent="52">
      <mem type="allocate" free="1106680" total="1441792" percent="76" />
      <mem type="survivor" free="0" total="655360" percent="0" />
    </mem>
    <mem type="tenure" free="2062541312" total="2090532864" percent="98">
      <mem type="soa" free="1958015488" total="1986007040" percent="98" />
      <mem type="loa" free="104525824" total="104525824" percent="100" />
    </mem>
    <pending-finalizers system="0" default="0" reference="2" classloader="0" />
    <remembered-set count="2048" />
  </mem-info>
</gc-end>
<cycle-end id="1886" type="scavenge" contextid="1880" timestamp="2019-06-17T03:12:53.609" />
  <attribute name="elasticGC enabled" value="1" />
  <attribute name= "numThreadsSpecified" value="4" />
  <attribute name="heapSize specified" value="8388608" />
  <attribute name="Current GC Util" value="32" />
  <attribute name= "Current Time Running" value="12178" />
  <attribute name ="GC Interval" value="200" />
  <attribute name="ProportionalT" value="18.000000" />
  <attribute name="ProportionalI" value="18.000000" />
  <attribute name="ProportionalH" value="18.000000" />
  <attribute name="Current Error" value="12.000000" />
  <attribute name="IntegralT" value="60.000000" />
  <attribute name="IntegralI" value="60.000000" />
  <attribute name="IntegralH" value="60.000000" />
  <attribute name="DerivativeT" value="3.600000" />
  <attribute name="DerivativeI" value="3.600000" />
  <attribute name="DerivativeH" value="3.600000" />
  <attribute name="Loop Time for DT" value="5.000000" />
  <attribute name="Output H" value="8388608"/>
  <attribute name="Output I" value="200"/>
  <attribute name="Output T" value="4"/>
  <attribute name="Target GC Util Change" value ="20.000000" />
  <attribute name="Current GC Util Change" value="32.000000"/>
  <attribute name="GC Util currently" value="32" />
  <attribute name="CPU Util currently" value="857412392651" />
<allocation-satisfied id="1887" threadId="00000000013E6C00" bytesRequested="16" />
<af-end id="1888" timestamp="2019-06-17T03:12:53.609" threadId="00000000013E7588" success="true" from="nursery"/>
<exclusive-end id="1889" timestamp="2019-06-17T03:12:53.609" durationms="1.515" />

<exclusive-start id="1890" timestamp="2019-06-17T03:12:53.614" intervalms="5.587">
  <response-info timems="0.062" idlems="0.062" threads="0" lastid="00000000013E6C00" lastname="PmdThread 1" />
</exclusive-start>
<af-start id="1891" threadId="00000000013E7588" totalBytesRequested="16" timestamp="2019-06-17T03:12:53.614" intervalms="5.603" type="nursery" />
<cycle-start id="1892" type="scavenge" contextid="0" timestamp="2019-06-17T03:12:53.614" intervalms="5.620" />
<gc-start id="1893" type="scavenge" contextid="1892" timestamp="2019-06-17T03:12:53.614">
  <mem-info id="1894" free="2062541312" total="2092630016" percent="98">
    <mem type="nursery" free="0" total="2097152" percent="0">
      <mem type="allocate" free="0" total="1441792" percent="0" />
      <mem type="survivor" free="0" total="655360" percent="0" />
    </mem>
    <mem type="tenure" free="2062541312" total="2090532864" percent="98">
      <mem type="soa" free="1958015488" total="1986007040" percent="98" />
      <mem type="loa" free="104525824" total="104525824" percent="100" />
    </mem>
    <remembered-set count="3077" />
  </mem-info>
</gc-start>
<allocation-stats totalBytes="1106320" >
  <allocated-bytes non-tlh="16" tlh="1106304" />
  <largest-consumer threadName="PmdThread 3" threadId="00000000013F2400" bytes="593696" />
</allocation-stats>
<gc-op id="1895" type="scavenge" timems="1.029" contextid="1892" timestamp="2019-06-17T03:12:53.615">
  <scavenger-info tenureage="1" tenuremask="7ffe" tiltratio="68" />
  <memory-copied type="nursery" objects="7289" bytes="245104" bytesdiscarded="129664" />
  <memory-copied type="tenure" objects="5436" bytes="209096" bytesdiscarded="48" />
  <references type="weak" candidates="6" cleared="6" enqueued="6" />
</gc-op>
<gc-end id="1896" type="scavenge" contextid="1892" durationms="1.273" usertimems="4.000" systemtimems="0.000" timestamp="2019-06-17T03:12:53.616" activeThreads="4">
  <mem-info id="1897" free="2063500792" total="2092630016" percent="98">
    <mem type="nursery" free="1132544" total="2097152" percent="54">
      <mem type="allocate" free="1132544" total="1507328" percent="75" />
      <mem type="survivor" free="0" total="589824" percent="0" />
    </mem>
    <mem type="tenure" free="2062368248" total="2090532864" percent="98">
      <mem type="soa" free="1957842424" total="1986007040" percent="98" />
      <mem type="loa" free="104525824" total="104525824" percent="100" />
    </mem>
    <pending-finalizers system="0" default="0" reference="6" classloader="0" />
    <remembered-set count="1202" />
  </mem-info>
</gc-end>
<cycle-end id="1898" type="scavenge" contextid="1892" timestamp="2019-06-17T03:12:53.616" />
  <attribute name="elasticGC enabled" value="1" />
  <attribute name= "numThreadsSpecified" value="4" />
  <attribute name="heapSize specified" value="8388608" />
  <attribute name="Current GC Util" value="31" />
  <attribute name= "Current Time Running" value="12184" />
  <attribute name ="GC Interval" value="200" />
  <attribute name="ProportionalT" value="16.500000" />
  <attribute name="ProportionalI" value="16.500000" />
  <attribute name="ProportionalH" value="16.500000" />
  <attribute name="Current Error" value="11.000000" />
  <attribute name="IntegralT" value="66.000000" />
  <attribute name="IntegralI" value="66.000000" />
  <attribute name="IntegralH" value="66.000000" />
  <attribute name="DerivativeT" value="-0.250000" />
  <attribute name="DerivativeI" value="-0.250000" />
  <attribute name="DerivativeH" value="-0.250000" />
  <attribute name="Loop Time for DT" value="6.000000" />
  <attribute name="Output H" value="8388608"/>
  <attribute name="Output I" value="200"/>
  <attribute name="Output T" value="4"/>
  <attribute name="Target GC Util Change" value ="20.000000" />
  <attribute name="Current GC Util Change" value="31.000000"/>
  <attribute name="GC Util currently" value="31" />
  <attribute name="CPU Util currently" value="747256983452" />
<allocation-satisfied id="1899" threadId="00000000013E6C00" bytesRequested="16" />
<af-end id="1900" timestamp="2019-06-17T03:12:53.616" threadId="00000000013E7588" success="true" from="nursery"/>
<exclusive-end id="1901" timestamp="2019-06-17T03:12:53.616" durationms="2.512" />

<exclusive-start id="1902" timestamp="2019-06-17T03:12:53.621" intervalms="6.988">
  <response-info timems="0.093" idlems="0.056" threads="1" lastid="00000000010DA300" lastname="JIT Compilation Thread-0" />
</exclusive-start>
<af-start id="1903" threadId="00000000013F2D88" totalBytesRequested="16" timestamp="2019-06-17T03:12:53.621" intervalms="7.045" type="nursery" />
<cycle-start id="1904" type="scavenge" contextid="0" timestamp="2019-06-17T03:12:53.621" intervalms="7.103" />
<gc-start id="1905" type="scavenge" contextid="1904" timestamp="2019-06-17T03:12:53.621">
  <mem-info id="1906" free="2062368248" total="2092630016" percent="98">
    <mem type="nursery" free="0" total="2097152" percent="0">
      <mem type="allocate" free="0" total="1507328" percent="0" />
      <mem type="survivor" free="0" total="589824" percent="0" />
    </mem>
    <mem type="tenure" free="2062368248" total="2090532864" percent="98">
      <mem type="soa" free="1957842424" total="1986007040" percent="98" />
      <mem type="loa" free="104525824" total="104525824" percent="100" />
    </mem>
    <remembered-set count="1467" />
  </mem-info>
</gc-start>
<allocation-stats totalBytes="1132080" >
  <allocated-bytes non-tlh="32800" tlh="1099280" />
  <largest-consumer threadName="PmdThread 4" threadId="00000000013F6000" bytes="540536" />
</allocation-stats>
<gc-op id="1907" type="scavenge" timems="0.880" contextid="1904" timestamp="2019-06-17T03:12:53.622">
  <scavenger-info tenureage="1" tenuremask="7ffe" tiltratio="71" />
  <memory-copied type="nursery" objects="3887" bytes="197272" bytesdiscarded="92776" />
  <memory-copied type="tenure" objects="6908" bytes="233624" bytesdiscarded="56" />
  <references type="weak" candidates="1" cleared="0" enqueued="0" />
  <references type="phantom" candidates="1" cleared="0" enqueued="0" />
</gc-op>
<gc-end id="1908" type="scavenge" contextid="1904" durationms="1.192" usertimems="4.000" systemtimems="0.000" timestamp="2019-06-17T03:12:53.622" activeThreads="4">
  <mem-info id="1909" free="2063424480" total="2092630016" percent="98">
    <mem type="nursery" free="1282792" total="2097152" percent="61">
      <mem type="allocate" free="1282792" total="1572864" percent="81" />
      <mem type="survivor" free="0" total="524288" percent="0" />
    </mem>
    <mem type="tenure" free="2062141688" total="2090532864" percent="98">
      <mem type="soa" free="1957615864" total="1986007040" percent="98" />
      <mem type="loa" free="104525824" total="104525824" percent="100" />
    </mem>
    <remembered-set count="665" />
  </mem-info>
</gc-end>
<cycle-end id="1910" type="scavenge" contextid="1904" timestamp="2019-06-17T03:12:53.622" />
  <attribute name="elasticGC enabled" value="1" />
  <attribute name= "numThreadsSpecified" value="4" />
  <attribute name="heapSize specified" value="8388608" />
  <attribute name="Current GC Util" value="28" />
  <attribute name= "Current Time Running" value="12191" />
  <attribute name ="GC Interval" value="200" />
  <attribute name="ProportionalT" value="12.000000" />
  <attribute name="ProportionalI" value="12.000000" />
  <attribute name="ProportionalH" value="12.000000" />
  <attribute name="Current Error" value="8.000000" />
  <attribute name="IntegralT" value="56.000000" />
  <attribute name="IntegralI" value="56.000000" />
  <attribute name="IntegralH" value="56.000000" />
  <attribute name="DerivativeT" value="-0.642857" />
  <attribute name="DerivativeI" value="-0.642857" />
  <attribute name="DerivativeH" value="-0.642857" />
  <attribute name="Loop Time for DT" value="7.000000" />
  <attribute name="Output H" value="8388608"/>
  <attribute name="Output I" value="200"/>
  <attribute name="Output T" value="4"/>
  <attribute name="Target GC Util Change" value ="20.000000" />
  <attribute name="Current GC Util Change" value="28.000000"/>
  <attribute name="GC Util currently" value="28" />
  <attribute name="CPU Util currently" value="683912663764" />
<allocation-satisfied id="1911" threadId="00000000013F2400" bytesRequested="16" />
<af-end id="1912" timestamp="2019-06-17T03:12:53.622" threadId="00000000013F2D88" success="true" from="nursery"/>
<exclusive-end id="1913" timestamp="2019-06-17T03:12:53.622" durationms="1.889" />

<exclusive-start id="1914" timestamp="2019-06-17T03:12:53.624" intervalms="3.456">
  <response-info timems="0.254" idlems="0.254" threads="0" lastid="00000000013E6C00" lastname="PmdThread 1" />
</exclusive-start>
<af-start id="1915" threadId="00000000013E7588" totalBytesRequested="24" timestamp="2019-06-17T03:12:53.624" intervalms="3.378" type="nursery" />
<cycle-start id="1916" type="scavenge" contextid="0" timestamp="2019-06-17T03:12:53.624" intervalms="3.298" />
<gc-start id="1917" type="scavenge" contextid="1916" timestamp="2019-06-17T03:12:53.624">
  <mem-info id="1918" free="2062141688" total="2092630016" percent="98">
    <mem type="nursery" free="0" total="2097152" percent="0">
      <mem type="allocate" free="0" total="1572864" percent="0" />
      <mem type="survivor" free="0" total="524288" percent="0" />
    </mem>
    <mem type="tenure" free="2062141688" total="2090532864" percent="98">
      <mem type="soa" free="1957615864" total="1986007040" percent="98" />
      <mem type="loa" free="104525824" total="104525824" percent="100" />
    </mem>
    <remembered-set count="757" />
  </mem-info>
</gc-start>
<allocation-stats totalBytes="1282424" >
  <allocated-bytes non-tlh="16" tlh="1282408" />
  <largest-consumer threadName="PmdThread 1" threadId="00000000013E6C00" bytes="1027824" />
</allocation-stats>
<gc-op id="1919" type="scavenge" timems="0.427" contextid="1916" timestamp="2019-06-17T03:12:53.625">
  <scavenger-info tenureage="1" tenuremask="7ffe" tiltratio="75" />
  <memory-copied type="nursery" objects="274" bytes="7424" bytesdiscarded="140800" />
  <memory-copied type="tenure" objects="3876" bytes="196688" bytesdiscarded="32" />
</gc-op>
<gc-end id="1920" type="scavenge" contextid="1916" durationms="0.616" usertimems="0.000" systemtimems="4.000" timestamp="2019-06-17T03:12:53.625" activeThreads="4">
  <mem-info id="1921" free="2063285640" total="2092630016" percent="98">
    <mem type="nursery" free="1490176" total="2097152" percent="71">
      <mem type="allocate" free="1490176" total="1638400" percent="90" />
      <mem type="survivor" free="0" total="458752" percent="0" />
    </mem>
    <mem type="tenure" free="2061795464" total="2090532864" percent="98">
      <mem type="soa" free="1957269640" total="1986007040" percent="98" />
      <mem type="loa" free="104525824" total="104525824" percent="100" />
    </mem>
    <remembered-set count="257" />
  </mem-info>
</gc-end>
<cycle-end id="1922" type="scavenge" contextid="1916" timestamp="2019-06-17T03:12:53.625" />
  <attribute name="elasticGC enabled" value="1" />
  <attribute name= "numThreadsSpecified" value="4" />
  <attribute name="heapSize specified" value="8388608" />
  <attribute name="Current GC Util" value="55" />
  <attribute name= "Current Time Running" value="12194" />
  <attribute name ="GC Interval" value="200" />
  <attribute name="ProportionalT" value="52.500000" />
  <attribute name="ProportionalI" value="52.500000" />
  <attribute name="ProportionalH" value="52.500000" />
  <attribute name="Current Error" value="35.000000" />
  <attribute name="IntegralT" value="105.000000" />
  <attribute name="IntegralI" value="105.000000" />
  <attribute name="IntegralH" value="105.000000" />
  <attribute name="DerivativeT" value="13.500000" />
  <attribute name="DerivativeI" value="13.500000" />
  <attribute name="DerivativeH" value="13.500000" />
  <attribute name="Loop Time for DT" value="3.000000" />
  <attribute name="Output H" value="8388608"/>
  <attribute name="Output I" value="200"/>
  <attribute name="Output T" value="4"/>
  <attribute name="Target GC Util Change" value ="20.000000" />
  <attribute name="Current GC Util Change" value="55.000000"/>
  <attribute name="GC Util currently" value="55" />
  <attribute name="CPU Util currently" value="1493550290015" />
<allocation-satisfied id="1923" threadId="00000000013E6C00" bytesRequested="24" />
<af-end id="1924" timestamp="2019-06-17T03:12:53.625" threadId="00000000013E7588" success="true" from="nursery"/>
<exclusive-end id="1925" timestamp="2019-06-17T03:12:53.625" durationms="1.250" />

<exclusive-start id="1926" timestamp="2019-06-17T03:12:53.629" intervalms="5.507">
  <response-info timems="0.081" idlems="0.081" threads="0" lastid="00000000013F2400" lastname="PmdThread 3" />
</exclusive-start>
<af-start id="1927" threadId="00000000013F2D88" totalBytesRequested="1432" timestamp="2019-06-17T03:12:53.630" intervalms="5.623" type="nursery" />
<cycle-start id="1928" type="scavenge" contextid="0" timestamp="2019-06-17T03:12:53.630" intervalms="6.164" />
<gc-start id="1929" type="scavenge" contextid="1928" timestamp="2019-06-17T03:12:53.630">
  <mem-info id="1930" free="2061795464" total="2092630016" percent="98">
    <mem type="nursery" free="0" total="2097152" percent="0">
      <mem type="allocate" free="0" total="1638400" percent="0" />
      <mem type="survivor" free="0" total="458752" percent="0" />
    </mem>
    <mem type="tenure" free="2061795464" total="2090532864" percent="98">
      <mem type="soa" free="1957269640" total="1986007040" percent="98" />
      <mem type="loa" free="104525824" total="104525824" percent="100" />
    </mem>
    <remembered-set count="581" />
  </mem-info>
</gc-start>
<allocation-stats totalBytes="1487280" >
  <allocated-bytes non-tlh="24" tlh="1487256" />
  <largest-consumer threadName="PmdThread 4" threadId="00000000013F6000" bytes="585496" />
</allocation-stats>
<gc-op id="1931" type="scavenge" timems="0.335" contextid="1928" timestamp="2019-06-17T03:12:53.631">
  <scavenger-info tenureage="2" tenuremask="7ffc" tiltratio="78" />
  <memory-copied type="nursery" objects="1198" bytes="55504" bytesdiscarded="101144" />
  <references type="weak" candidates="10" cleared="10" enqueued="10" />
  <references type="phantom" candidates="2" cleared="2" enqueued="2" />
</gc-op>
<gc-end id="1932" type="scavenge" contextid="1928" durationms="0.688" usertimems="4.000" systemtimems="0.000" timestamp="2019-06-17T03:12:53.631" activeThreads="4">
  <mem-info id="1933" free="2063342728" total="2092630016" percent="98">
    <mem type="nursery" free="1547264" total="2097152" percent="73">
      <mem type="allocate" free="1547264" total="1703936" percent="90" />
      <mem type="survivor" free="0" total="393216" percent="0" />
    </mem>
    <mem type="tenure" free="2061795464" total="2090532864" percent="98">
      <mem type="soa" free="1957269640" total="1986007040" percent="98" />
      <mem type="loa" free="104525824" total="104525824" percent="100" />
    </mem>
    <pending-finalizers system="0" default="0" reference="12" classloader="0" />
    <remembered-set count="546" />
  </mem-info>
</gc-end>
<cycle-end id="1934" type="scavenge" contextid="1928" timestamp="2019-06-17T03:12:53.631" />
  <attribute name="elasticGC enabled" value="1" />
  <attribute name= "numThreadsSpecified" value="4" />
  <attribute name="heapSize specified" value="8388608" />
  <attribute name="Current GC Util" value="15" />
  <attribute name= "Current Time Running" value="12200" />
  <attribute name ="GC Interval" value="200" />
  <attribute name="ProportionalT" value="-7.500000" />
  <attribute name="ProportionalI" value="-7.500000" />
  <attribute name="ProportionalH" value="-7.500000" />
  <attribute name="Current Error" value="-5.000000" />
  <attribute name="IntegralT" value="-30.000000" />
  <attribute name="IntegralI" value="-30.000000" />
  <attribute name="IntegralH" value="-30.000000" />
  <attribute name="DerivativeT" value="-10.000000" />
  <attribute name="DerivativeI" value="-10.000000" />
  <attribute name="DerivativeH" value="-10.000000" />
  <attribute name="Loop Time for DT" value="6.000000" />
  <attribute name="Output H" value="2092630016"/>
  <attribute name="Output I" value="200"/>
  <attribute name="Output T" value="4"/>
  <attribute name="Target GC Util Change" value ="20.000000" />
  <attribute name="Current GC Util Change" value="15.000000"/>
  <attribute name="GC Util currently" value="15" />
  <attribute name="CPU Util currently" value="729545472968" />
<allocation-satisfied id="1935" threadId="00000000013F2400" bytesRequested="1432" />
<af-end id="1936" timestamp="2019-06-17T03:12:53.631" threadId="00000000013F2D88" success="true" from="nursery"/>
<exclusive-end id="1937" timestamp="2019-06-17T03:12:53.632" durationms="2.046" />

<exclusive-start id="1938" timestamp="2019-06-17T03:12:53.634" intervalms="4.436">
  <response-info timems="0.034" idlems="0.034" threads="0" lastid="00000000013F6000" lastname="PmdThread 4" />
</exclusive-start>
<af-start id="1939" threadId="00000000013F6988" totalBytesRequested="32" timestamp="2019-06-17T03:12:53.634" intervalms="4.322" type="nursery" />
<cycle-start id="1940" type="scavenge" contextid="0" timestamp="2019-06-17T03:12:53.634" intervalms="3.808" />
<gc-start id="1941" type="scavenge" contextid="1940" timestamp="2019-06-17T03:12:53.634">
  <mem-info id="1942" free="2061795464" total="2092630016" percent="98">
    <mem type="nursery" free="0" total="2097152" percent="0">
      <mem type="allocate" free="0" total="1703936" percent="0" />
      <mem type="survivor" free="0" total="393216" percent="0" />
    </mem>
    <mem type="tenure" free="2061795464" total="2090532864" percent="98">
      <mem type="soa" free="1957269640" total="1986007040" percent="98" />
      <mem type="loa" free="104525824" total="104525824" percent="100" />
    </mem>
    <remembered-set count="684" />
  </mem-info>
</gc-start>
<allocation-stats totalBytes="1535328" >
  <allocated-bytes non-tlh="17824" tlh="1517504" />
  <largest-consumer threadName="PmdThread 1" threadId="00000000013E6C00" bytes="1038768" />
</allocation-stats>
<gc-op id="1943" type="scavenge" timems="0.562" contextid="1940" timestamp="2019-06-17T03:12:53.635">
  <scavenger-info tenureage="3" tenuremask="7ff8" tiltratio="81" />
  <memory-copied type="nursery" objects="2209" bytes="145184" bytesdiscarded="58584" />
  <references type="phantom" candidates="1" cleared="0" enqueued="0" />
</gc-op>
<gc-end id="1944" type="scavenge" contextid="1940" durationms="0.765" usertimems="0.000" systemtimems="0.000" timestamp="2019-06-17T03:12:53.635" activeThreads="1">
  <mem-info id="1945" free="2063295608" total="2092630016" percent="98">
    <mem type="nursery" free="1500144" total="2097152" percent="71">
      <mem type="allocate" free="1500144" total="1703936" percent="88" />
      <mem type="survivor" free="0" total="393216" percent="0" />
    </mem>
    <mem type="tenure" free="2061795464" total="2090532864" percent="98">
      <mem type="soa" free="1957269640" total="1986007040" percent="98" />
      <mem type="loa" free="104525824" total="104525824" percent="100" />
    </mem>
    <remembered-set count="644" />
  </mem-info>
</gc-end>
<cycle-end id="1946" type="scavenge" contextid="1940" timestamp="2019-06-17T03:12:53.635" />
  <attribute name="elasticGC enabled" value="1" />
  <attribute name= "numThreadsSpecified" value="1" />
  <attribute name="heapSize specified" value="8388608" />
  <attribute name="Current GC Util" value="20" />
  <attribute name= "Current Time Running" value="12204" />
  <attribute name ="GC Interval" value="200" />
  <attribute name="ProportionalT" value="0.000000" />
  <attribute name="ProportionalI" value="0.000000" />
  <attribute name="ProportionalH" value="0.000000" />
  <attribute name="Current Error" value="0.000000" />
  <attribute name="IntegralT" value="0.000000" />
  <attribute name="IntegralI" value="0.000000" />
  <attribute name="IntegralH" value="0.000000" />
  <attribute name="DerivativeT" value="0.000000" />
  <attribute name="DerivativeI" value="0.000000" />
  <attribute name="DerivativeH" value="0.000000" />
  <attribute name="Loop Time for DT" value="4.000000" />
  <attribute name="Output H" value="8388608"/>
  <attribute name="Output I" value="200"/>
  <attribute name="Output T" value="1"/>
  <attribute name="Target GC Util Change" value ="20.000000" />
  <attribute name="Current GC Util Change" value="20.000000"/>
  <attribute name="GC Util currently" value="20" />
  <attribute name="CPU Util currently" value="1252045643427" />
<allocation-satisfied id="1947" threadId="00000000013F6000" bytesRequested="32" />
<af-end id="1948" timestamp="2019-06-17T03:12:53.635" threadId="00000000013F6988" success="true" from="nursery"/>
<exclusive-end id="1949" timestamp="2019-06-17T03:12:53.635" durationms="1.250" />

<exclusive-start id="1950" timestamp="2019-06-17T03:12:53.638" intervalms="4.514">
  <response-info timems="0.051" idlems="0.027" threads="1" lastid="00000000013F2400" lastname="PmdThread 3" />
</exclusive-start>
<af-start id="1951" threadId="00000000013E7588" totalBytesRequested="32" timestamp="2019-06-17T03:12:53.639" intervalms="4.572" type="nursery" />
<cycle-start id="1952" type="scavenge" contextid="0" timestamp="2019-06-17T03:12:53.639" intervalms="4.585" />
<gc-start id="1953" type="scavenge" contextid="1952" timestamp="2019-06-17T03:12:53.639">
  <mem-info id="1954" free="2061795464" total="2092630016" percent="98">
    <mem type="nursery" free="0" total="2097152" percent="0">
      <mem type="allocate" free="0" total="1703936" percent="0" />
      <mem type="survivor" free="0" total="393216" percent="0" />
    </mem>
    <mem type="tenure" free="2061795464" total="2090532864" percent="98">
      <mem type="soa" free="1957269640" total="1986007040" percent="98" />
      <mem type="loa" free="104525824" total="104525824" percent="100" />
    </mem>
    <remembered-set count="852" />
  </mem-info>
</gc-start>
<allocation-stats totalBytes="1499672" >
  <allocated-bytes non-tlh="32" tlh="1499640" />
  <largest-consumer threadName="PmdThread 1" threadId="00000000013E6C00" bytes="631696" />
</allocation-stats>
<gc-op id="1955" type="scavenge" timems="0.425" contextid="1952" timestamp="2019-06-17T03:12:53.639">
  <scavenger-info tenureage="4" tenuremask="7ff0" tiltratio="81" />
  <memory-copied type="nursery" objects="4018" bytes="199712" bytesdiscarded="68056" />
  <references type="weak" candidates="5" cleared="5" enqueued="5" />
  <references type="phantom" candidates="1" cleared="0" enqueued="0" />
</gc-op>
<gc-end id="1956" type="scavenge" contextid="1952" durationms="0.835" usertimems="0.000" systemtimems="0.000" timestamp="2019-06-17T03:12:53.640" activeThreads="4">
  <mem-info id="1957" free="2063297144" total="2092630016" percent="98">
    <mem type="nursery" free="1501680" total="2097152" percent="71">
      <mem type="allocate" free="1501680" total="1769472" percent="84" />
      <mem type="survivor" free="0" total="327680" percent="0" />
    </mem>
    <mem type="tenure" free="2061795464" total="2090532864" percent="98">
      <mem type="soa" free="1957269640" total="1986007040" percent="98" />
      <mem type="loa" free="104525824" total="104525824" percent="100" />
    </mem>
    <pending-finalizers system="0" default="0" reference="5" classloader="0" />
    <remembered-set count="839" />
  </mem-info>
</gc-end>
<cycle-end id="1958" type="scavenge" contextid="1952" timestamp="2019-06-17T03:12:53.640" />
  <attribute name="elasticGC enabled" value="1" />
  <attribute name= "numThreadsSpecified" value="4" />
  <attribute name="heapSize specified" value="8388608" />
  <attribute name="Current GC Util" value="13" />
  <attribute name= "Current Time Running" value="12209" />
  <attribute name ="GC Interval" value="200" />
  <attribute name="ProportionalT" value="-10.500000" />
  <attribute name="ProportionalI" value="-10.500000" />
  <attribute name="ProportionalH" value="-10.500000" />
  <attribute name="Current Error" value="-7.000000" />
  <attribute name="IntegralT" value="-35.000000" />
  <attribute name="IntegralI" value="-35.000000" />
  <attribute name="IntegralH" value="-35.000000" />
  <attribute name="DerivativeT" value="-2.100000" />
  <attribute name="DerivativeI" value="-2.100000" />
  <attribute name="DerivativeH" value="-2.100000" />
  <attribute name="Loop Time for DT" value="5.000000" />
  <attribute name="Output H" value="2092630016"/>
  <attribute name="Output I" value="200"/>
  <attribute name="Output T" value="4"/>
  <attribute name="Target GC Util Change" value ="20.000000" />
  <attribute name="Current GC Util Change" value="13.000000"/>
  <attribute name="GC Util currently" value="13" />
  <attribute name="CPU Util currently" value="971675994287" />
<allocation-satisfied id="1959" threadId="00000000013E6C00" bytesRequested="32" />
<af-end id="1960" timestamp="2019-06-17T03:12:53.640" threadId="00000000013E7588" success="true" from="nursery"/>
<exclusive-end id="1961" timestamp="2019-06-17T03:12:53.640" durationms="1.553" />

<exclusive-start id="1962" timestamp="2019-06-17T03:12:53.646" intervalms="7.126">
  <response-info timems="0.400" idlems="0.282" threads="1" lastid="00000000013F2400" lastname="PmdThread 3" />
</exclusive-start>
<af-start id="1963" threadId="00000000013EB188" totalBytesRequested="80" timestamp="2019-06-17T03:12:53.646" intervalms="7.143" type="nursery" />
<cycle-start id="1964" type="scavenge" contextid="0" timestamp="2019-06-17T03:12:53.646" intervalms="7.142" />
<gc-start id="1965" type="scavenge" contextid="1964" timestamp="2019-06-17T03:12:53.646">
  <mem-info id="1966" free="2061795464" total="2092630016" percent="98">
    <mem type="nursery" free="0" total="2097152" percent="0">
      <mem type="allocate" free="0" total="1769472" percent="0" />
      <mem type="survivor" free="0" total="327680" percent="0" />
    </mem>
    <mem type="tenure" free="2061795464" total="2090532864" percent="98">
      <mem type="soa" free="1957269640" total="1986007040" percent="98" />
      <mem type="loa" free="104525824" total="104525824" percent="100" />
    </mem>
    <remembered-set count="1301" />
  </mem-info>
</gc-start>
<allocation-stats totalBytes="1500496" >
  <allocated-bytes non-tlh="32" tlh="1500464" />
  <largest-consumer threadName="PmdThread 4" threadId="00000000013F6000" bytes="682280" />
</allocation-stats>
<gc-op id="1967" type="scavenge" timems="0.541" contextid="1964" timestamp="2019-06-17T03:12:53.647">
  <scavenger-info tenureage="4" tenuremask="7ff0" tiltratio="84" />
  <memory-copied type="nursery" objects="5061" bytes="224008" bytesdiscarded="76472" />
  <memory-copied type="tenure" objects="262" bytes="6600" bytesdiscarded="0" />
  <references type="weak" candidates="26" cleared="26" enqueued="26" />
  <references type="phantom" candidates="1" cleared="1" enqueued="1" />
</gc-op>
<gc-end id="1968" type="scavenge" contextid="1964" durationms="0.935" usertimems="4.000" systemtimems="0.000" timestamp="2019-06-17T03:12:53.647" activeThreads="4">
  <mem-info id="1969" free="2063264424" total="2092630016" percent="98">
    <mem type="nursery" free="1468960" total="2097152" percent="70">
      <mem type="allocate" free="1468960" total="1769472" percent="83" />
      <mem type="survivor" free="0" total="327680" percent="0" />
    </mem>
    <mem type="tenure" free="2061795464" total="2090532864" percent="98">
      <mem type="soa" free="1957269640" total="1986007040" percent="98" />
      <mem type="loa" free="104525824" total="104525824" percent="100" />
    </mem>
    <pending-finalizers system="0" default="0" reference="27" classloader="0" />
    <remembered-set count="1006" />
  </mem-info>
</gc-end>
<cycle-end id="1970" type="scavenge" contextid="1964" timestamp="2019-06-17T03:12:53.647" />
  <attribute name="elasticGC enabled" value="1" />
  <attribute name= "numThreadsSpecified" value="4" />
  <attribute name="heapSize specified" value="8388608" />
  <attribute name="Current GC Util" value="17" />
  <attribute name= "Current Time Running" value="12216" />
  <attribute name ="GC Interval" value="200" />
  <attribute name="ProportionalT" value="-4.500000" />
  <attribute name="ProportionalI" value="-4.500000" />
  <attribute name="ProportionalH" value="-4.500000" />
  <attribute name="Current Error" value="-3.000000" />
  <attribute name="IntegralT" value="-21.000000" />
  <attribute name="IntegralI" value="-21.000000" />
  <attribute name="IntegralH" value="-21.000000" />
  <attribute name="DerivativeT" value="-0.642857" />
  <attribute name="DerivativeI" value="-0.642857" />
  <attribute name="DerivativeH" value="-0.642857" />
  <attribute name="Loop Time for DT" value="7.000000" />
  <attribute name="Output H" value="2092630016"/>
  <attribute name="Output I" value="200"/>
  <attribute name="Output T" value="4"/>
  <attribute name="Target GC Util Change" value ="20.000000" />
  <attribute name="Current GC Util Change" value="17.000000"/>
  <attribute name="GC Util currently" value="17" />
  <attribute name="CPU Util currently" value="640649863769" />
<allocation-satisfied id="1971" threadId="00000000013EA800" bytesRequested="80" />
<af-end id="1972" timestamp="2019-06-17T03:12:53.647" threadId="00000000013EB188" success="true" from="nursery"/>
<exclusive-end id="1973" timestamp="2019-06-17T03:12:53.647" durationms="1.649" />

<exclusive-start id="1974" timestamp="2019-06-17T03:12:53.651" intervalms="5.739">
  <response-info timems="0.040" idlems="0.040" threads="0" lastid="00000000013F6000" lastname="PmdThread 4" />
</exclusive-start>
<af-start id="1975" threadId="00000000013F6988" totalBytesRequested="24" timestamp="2019-06-17T03:12:53.651" intervalms="5.681" type="nursery" />
<cycle-start id="1976" type="scavenge" contextid="0" timestamp="2019-06-17T03:12:53.651" intervalms="5.662" />
<gc-start id="1977" type="scavenge" contextid="1976" timestamp="2019-06-17T03:12:53.652">
  <mem-info id="1978" free="2061795208" total="2092630016" percent="98">
    <mem type="nursery" free="0" total="2097152" percent="0">
      <mem type="allocate" free="0" total="1769472" percent="0" />
      <mem type="survivor" free="0" total="327680" percent="0" />
    </mem>
    <mem type="tenure" free="2061795208" total="2090532864" percent="98">
      <mem type="soa" free="1957269384" total="1986007040" percent="98" />
      <mem type="loa" free="104525824" total="104525824" percent="100" />
    </mem>
    <remembered-set count="1270" />
  </mem-info>
</gc-start>
<allocation-stats totalBytes="1468744" >
  <allocated-bytes non-tlh="336" tlh="1468408" />
  <largest-consumer threadName="PmdThread 1" threadId="00000000013E6C00" bytes="706912" />
</allocation-stats>
<gc-op id="1979" type="scavenge" timems="0.922" contextid="1976" timestamp="2019-06-17T03:12:53.653">
  <scavenger-info tenureage="4" tenuremask="7ff0" tiltratio="84" />
  <memory-copied type="nursery" objects="5037" bytes="218336" bytesdiscarded="15368" />
  <memory-copied type="tenure" objects="847" bytes="24200" bytesdiscarded="0" />
  <references type="weak" candidates="8" cleared="8" enqueued="8" />
</gc-op>
<gc-end id="1980" type="scavenge" contextid="1976" durationms="1.155" usertimems="0.000" systemtimems="0.000" timestamp="2019-06-17T03:12:53.653" activeThreads="1">
  <mem-info id="1981" free="2063330176" total="2092630016" percent="98">
    <mem type="nursery" free="1534968" total="2097152" percent="73">
      <mem type="allocate" free="1534968" total="1769472" percent="86" />
      <mem type="survivor" free="0" total="327680" percent="0" />
    </mem>
    <mem type="tenure" free="2061795208" total="2090532864" percent="98">
      <mem type="soa" free="1957269384" total="1986007040" percent="98" />
      <mem type="loa" free="104525824" total="104525824" percent="100" />
    </mem>
    <pending-finalizers system="0" default="0" reference="8" classloader="0" />
    <remembered-set count="982" />
  </mem-info>
</gc-end>
<cycle-end id="1982" type="scavenge" contextid="1976" timestamp="2019-06-17T03:12:53.653" />
  <attribute name="elasticGC enabled" value="1" />
  <attribute name= "numThreadsSpecified" value="1" />
  <attribute name="heapSize specified" value="8388608" />
  <attribute name="Current GC Util" value="19" />
  <attribute name= "Current Time Running" value="12222" />
  <attribute name ="GC Interval" value="200" />
  <attribute name="ProportionalT" value="-1.500000" />
  <attribute name="ProportionalI" value="-1.500000" />
  <attribute name="ProportionalH" value="-1.500000" />
  <attribute name="Current Error" value="-1.000000" />
  <attribute name="IntegralT" value="-6.000000" />
  <attribute name="IntegralI" value="-6.000000" />
  <attribute name="IntegralH" value="-6.000000" />
  <attribute name="DerivativeT" value="-0.250000" />
  <attribute name="DerivativeI" value="-0.250000" />
  <attribute name="DerivativeH" value="-0.250000" />
  <attribute name="Loop Time for DT" value="6.000000" />
  <attribute name="Output H" value="8388608"/>
  <attribute name="Output I" value="200"/>
  <attribute name="Output T" value="1"/>
  <attribute name="Target GC Util Change" value ="20.000000" />
  <attribute name="Current GC Util Change" value="19.000000"/>
  <attribute name="GC Util currently" value="19" />
  <attribute name="CPU Util currently" value="839566827492" />
<allocation-satisfied id="1983" threadId="00000000013F6000" bytesRequested="24" />
<af-end id="1984" timestamp="2019-06-17T03:12:53.653" threadId="00000000013F6988" success="true" from="nursery"/>
<exclusive-end id="1985" timestamp="2019-06-17T03:12:53.653" durationms="1.724" />

<exclusive-start id="1986" timestamp="2019-06-17T03:12:53.661" intervalms="9.458">
  <response-info timems="0.063" idlems="0.032" threads="1" lastid="00000000013EA800" lastname="PmdThread 2" />
</exclusive-start>
<af-start id="1987" threadId="00000000013F6988" totalBytesRequested="24" timestamp="2019-06-17T03:12:53.661" intervalms="9.491" type="nursery" />
<cycle-start id="1988" type="scavenge" contextid="0" timestamp="2019-06-17T03:12:53.661" intervalms="9.505" />
<gc-start id="1989" type="scavenge" contextid="1988" timestamp="2019-06-17T03:12:53.661">
  <mem-info id="1990" free="2061795208" total="2092630016" percent="98">
    <mem type="nursery" free="0" total="2097152" percent="0">
      <mem type="allocate" free="0" total="1769472" percent="0" />
      <mem type="survivor" free="0" total="327680" percent="0" />
    </mem>
    <mem type="tenure" free="2061795208" total="2090532864" percent="98">
      <mem type="soa" free="1957269384" total="1986007040" percent="98" />
      <mem type="loa" free="104525824" total="104525824" percent="100" />
    </mem>
    <remembered-set count="1406" />
  </mem-info>
</gc-start>
<allocation-stats totalBytes="1522984" >
  <allocated-bytes non-tlh="16416" tlh="1506568" />
  <largest-consumer threadName="PmdThread 4" threadId="00000000013F6000" bytes="1055496" />
</allocation-stats>
<gc-op id="1991" type="scavenge" timems="1.148" contextid="1988" timestamp="2019-06-17T03:12:53.662">
  <scavenger-info tenureage="3" tenuremask="7ff8" tiltratio="84" />
  <memory-copied type="nursery" objects="3516" bytes="164200" bytesdiscarded="64400" />
  <memory-copied type="tenure" objects="2798" bytes="156112" bytesdiscarded="16" />
  <references type="phantom" candidates="1" cleared="0" enqueued="0" />
</gc-op>
<gc-end id="1992" type="scavenge" contextid="1988" durationms="1.448" usertimems="4.000" systemtimems="0.000" timestamp="2019-06-17T03:12:53.663" activeThreads="4">
  <mem-info id="1993" free="2063321440" total="2092630016" percent="98">
    <mem type="nursery" free="1606384" total="2097152" percent="76">
      <mem type="allocate" free="1606384" total="1835008" percent="87" />
      <mem type="survivor" free="0" total="262144" percent="0" />
    </mem>
    <mem type="tenure" free="2061715056" total="2090532864" percent="98">
      <mem type="soa" free="1957189232" total="1986007040" percent="98" />
      <mem type="loa" free="104525824" total="104525824" percent="100" />
    </mem>
    <remembered-set count="1155" />
  </mem-info>
</gc-end>
<cycle-end id="1994" type="scavenge" contextid="1988" timestamp="2019-06-17T03:12:53.663" />
  <attribute name="elasticGC enabled" value="1" />
  <attribute name= "numThreadsSpecified" value="4" />
  <attribute name="heapSize specified" value="8388608" />
  <attribute name="Current GC Util" value="10" />
  <attribute name= "Current Time Running" value="12231" />
  <attribute name ="GC Interval" value="200" />
  <attribute name="ProportionalT" value="-15.000000" />
  <attribute name="ProportionalI" value="-15.000000" />
  <attribute name="ProportionalH" value="-15.000000" />
  <attribute name="Current Error" value="-10.000000" />
  <attribute name="IntegralT" value="-90.000000" />
  <attribute name="IntegralI" value="-90.000000" />
  <attribute name="IntegralH" value="-90.000000" />
  <attribute name="DerivativeT" value="-1.666667" />
  <attribute name="DerivativeI" value="-1.666667" />
  <attribute name="DerivativeH" value="-1.666667" />
  <attribute name="Loop Time for DT" value="9.000000" />
  <attribute name="Output H" value="2092630016"/>
  <attribute name="Output I" value="200"/>
  <attribute name="Output T" value="4"/>
  <attribute name="Target GC Util Change" value ="20.000000" />
  <attribute name="Current GC Util Change" value="10.000000"/>
  <attribute name="GC Util currently" value="10" />
  <attribute name="CPU Util currently" value="482858711051" />
<allocation-satisfied id="1995" threadId="00000000013F6000" bytesRequested="24" />
<af-end id="1996" timestamp="2019-06-17T03:12:53.663" threadId="00000000013F6988" success="true" from="nursery"/>
<exclusive-end id="1997" timestamp="2019-06-17T03:12:53.663" durationms="1.950" />

<exclusive-start id="1998" timestamp="2019-06-17T03:12:53.669" intervalms="8.458">
  <response-info timems="0.077" idlems="0.077" threads="0" lastid="00000000013F6000" lastname="PmdThread 4" />
</exclusive-start>
<af-start id="1999" threadId="00000000013F6988" totalBytesRequested="32" timestamp="2019-06-17T03:12:53.669" intervalms="8.427" type="nursery" />
<cycle-start id="2000" type="scavenge" contextid="0" timestamp="2019-06-17T03:12:53.669" intervalms="8.413" />
<gc-start id="2001" type="scavenge" contextid="2000" timestamp="2019-06-17T03:12:53.669">
  <mem-info id="2002" free="2061715056" total="2092630016" percent="98">
    <mem type="nursery" free="0" total="2097152" percent="0">
      <mem type="allocate" free="0" total="1835008" percent="0" />
      <mem type="survivor" free="0" total="262144" percent="0" />
    </mem>
    <mem type="tenure" free="2061715056" total="2090532864" percent="98">
      <mem type="soa" free="1957189232" total="1986007040" percent="98" />
      <mem type="loa" free="104525824" total="104525824" percent="100" />
    </mem>
    <remembered-set count="1559" />
  </mem-info>
</gc-start>
<allocation-stats totalBytes="1605952" >
  <allocated-bytes non-tlh="24" tlh="1605928" />
  <largest-consumer threadName="PmdThread 4" threadId="00000000013F6000" bytes="864784" />
</allocation-stats>
<gc-op id="2003" type="scavenge" timems="1.203" contextid="2000" timestamp="2019-06-17T03:12:53.671">
  <scavenger-info tenureage="5" tenuremask="7fe0" tiltratio="87" />
  <memory-copied type="nursery" objects="4953" bytes="188200" bytesdiscarded="73872" />
  <memory-copied type="tenure" objects="1" bytes="8200" bytesdiscarded="0" />
  <copy-failed type="nursery" objects="1" bytes="8200" />
  <references type="weak" candidates="3" cleared="3" enqueued="3" />
  <references type="phantom" candidates="1" cleared="1" enqueued="1" />
</gc-op>
<gc-end id="2004" type="scavenge" contextid="2000" durationms="1.442" usertimems="4.000" systemtimems="0.000" timestamp="2019-06-17T03:12:53.671" activeThreads="4">
  <mem-info id="2005" free="2063287920" total="2092630016" percent="98">
    <mem type="nursery" free="1572864" total="2097152" percent="75">
      <mem type="allocate" free="1572864" total="1835008" percent="85" />
      <mem type="survivor" free="0" total="262144" percent="0" />
    </mem>
    <mem type="tenure" free="2061715056" total="2090532864" percent="98">
      <mem type="soa" free="1957189232" total="1986007040" percent="98" />
      <mem type="loa" free="104525824" total="104525824" percent="100" />
    </mem>
    <pending-finalizers system="0" default="0" reference="4" classloader="0" />
    <remembered-set count="1549" />
  </mem-info>
</gc-end>
<cycle-end id="2006" type="scavenge" contextid="2000" timestamp="2019-06-17T03:12:53.671" />
  <attribute name="elasticGC enabled" value="1" />
  <attribute name= "numThreadsSpecified" value="4" />
  <attribute name="heapSize specified" value="8388608" />
  <attribute name="Current GC Util" value="29" />
  <attribute name= "Current Time Running" value="12239" />
  <attribute name ="GC Interval" value="200" />
  <attribute name="ProportionalT" value="13.500000" />
  <attribute name="ProportionalI" value="13.500000" />
  <attribute name="ProportionalH" value="13.500000" />
  <attribute name="Current Error" value="9.000000" />
  <attribute name="IntegralT" value="72.000000" />
  <attribute name="IntegralI" value="72.000000" />
  <attribute name="IntegralH" value="72.000000" />
  <attribute name="DerivativeT" value="1.687500" />
  <attribute name="DerivativeI" value="1.687500" />
  <attribute name="DerivativeH" value="1.687500" />
  <attribute name="Loop Time for DT" value="8.000000" />
  <attribute name="Output H" value="8388608"/>
  <attribute name="Output I" value="200"/>
  <attribute name="Output T" value="4"/>
  <attribute name="Target GC Util Change" value ="20.000000" />
  <attribute name="Current GC Util Change" value="29.000000"/>
  <attribute name="GC Util currently" value="29" />
  <attribute name="CPU Util currently" value="551117805864" />
<allocation-satisfied id="2007" threadId="00000000013F6000" bytesRequested="32" />
<af-end id="2008" timestamp="2019-06-17T03:12:53.671" threadId="00000000013F6988" success="true" from="nursery"/>
<exclusive-end id="2009" timestamp="2019-06-17T03:12:53.671" durationms="1.884" />

<exclusive-start id="2010" timestamp="2019-06-17T03:12:53.676" intervalms="6.450">
  <response-info timems="0.399" idlems="0.208" threads="1" lastid="00000000013F2400" lastname="PmdThread 3" />
</exclusive-start>
<af-start id="2011" threadId="00000000013F6988" totalBytesRequested="16" timestamp="2019-06-17T03:12:53.676" intervalms="6.467" type="nursery" />
<cycle-start id="2012" type="scavenge" contextid="0" timestamp="2019-06-17T03:12:53.676" intervalms="6.477" />
<gc-start id="2013" type="scavenge" contextid="2012" timestamp="2019-06-17T03:12:53.676">
  <mem-info id="2014" free="2061714984" total="2092630016" percent="98">
    <mem type="nursery" free="0" total="2097152" percent="0">
      <mem type="allocate" free="0" total="1835008" percent="0" />
      <mem type="survivor" free="0" total="262144" percent="0" />
    </mem>
    <mem type="tenure" free="2061714984" total="2090532864" percent="98">
      <mem type="soa" free="1957189160" total="1986007040" percent="98" />
      <mem type="loa" free="104525824" total="104525824" percent="100" />
    </mem>
    <remembered-set count="1792" />
  </mem-info>
</gc-start>
<allocation-stats totalBytes="1561000" >
  <allocated-bytes non-tlh="32888" tlh="1528112" />
  <largest-consumer threadName="PmdThread 4" threadId="00000000013F6000" bytes="827256" />
</allocation-stats>
<gc-op id="2015" type="scavenge" timems="0.967" contextid="2012" timestamp="2019-06-17T03:12:53.677">
  <scavenger-info tenureage="5" tenuremask="7fe0" tiltratio="87" />
  <memory-copied type="nursery" objects="7325" bytes="261720" bytesdiscarded="368" />
  <memory-copied type="tenure" objects="1564" bytes="151616" bytesdiscarded="240" />
  <copy-failed type="nursery" objects="1564" bytes="151616" />
  <references type="weak" candidates="1" cleared="0" enqueued="0" />
  <references type="phantom" candidates="2" cleared="0" enqueued="0" />
</gc-op>
<gc-end id="2016" type="scavenge" contextid="2012" durationms="1.249" usertimems="0.000" systemtimems="0.000" timestamp="2019-06-17T03:12:53.677" activeThreads="4">
  <mem-info id="2017" free="2062517256" total="2092630016" percent="98">
    <mem type="nursery" free="1114112" total="2097152" percent="53">
      <mem type="allocate" free="1114112" total="1376256" percent="80" />
      <mem type="survivor" free="0" total="720896" percent="0" />
    </mem>
    <mem type="tenure" free="2061403144" total="2090532864" percent="98">
      <mem type="soa" free="1956877320" total="1986007040" percent="98" />
      <mem type="loa" free="104525824" total="104525824" percent="100" />
    </mem>
    <remembered-set count="2284" />
  </mem-info>
</gc-end>
<cycle-end id="2018" type="scavenge" contextid="2012" timestamp="2019-06-17T03:12:53.677" />
  <attribute name="elasticGC enabled" value="1" />
  <attribute name= "numThreadsSpecified" value="4" />
  <attribute name="heapSize specified" value="8388608" />
  <attribute name="Current GC Util" value="36" />
  <attribute name= "Current Time Running" value="12246" />
  <attribute name ="GC Interval" value="200" />
  <attribute name="ProportionalT" value="24.000000" />
  <attribute name="ProportionalI" value="24.000000" />
  <attribute name="ProportionalH" value="24.000000" />
  <attribute name="Current Error" value="16.000000" />
  <attribute name="IntegralT" value="112.000000" />
  <attribute name="IntegralI" value="112.000000" />
  <attribute name="IntegralH" value="112.000000" />
  <attribute name="DerivativeT" value="1.500000" />
  <attribute name="DerivativeI" value="1.500000" />
  <attribute name="DerivativeH" value="1.500000" />
  <attribute name="Loop Time for DT" value="7.000000" />
  <attribute name="Output H" value="8388608"/>
  <attribute name="Output I" value="200"/>
  <attribute name="Output T" value="4"/>
  <attribute name="Target GC Util Change" value ="20.000000" />
  <attribute name="Current GC Util Change" value="36.000000"/>
  <attribute name="GC Util currently" value="36" />
  <attribute name="CPU Util currently" value="708766341568" />
<allocation-satisfied id="2019" threadId="00000000013F6000" bytesRequested="16" />
<af-end id="2020" timestamp="2019-06-17T03:12:53.677" threadId="00000000013F6988" success="true" from="nursery"/>
<exclusive-end id="2021" timestamp="2019-06-17T03:12:53.677" durationms="1.796" />

<exclusive-start id="2022" timestamp="2019-06-17T03:12:53.683" intervalms="7.185">
  <response-info timems="0.056" idlems="0.056" threads="0" lastid="00000000013F6000" lastname="PmdThread 4" />
</exclusive-start>
<af-start id="2023" threadId="00000000013F6988" totalBytesRequested="40" timestamp="2019-06-17T03:12:53.683" intervalms="7.184" type="nursery" />
<cycle-start id="2024" type="scavenge" contextid="0" timestamp="2019-06-17T03:12:53.683" intervalms="7.189" />
<gc-start id="2025" type="scavenge" contextid="2024" timestamp="2019-06-17T03:12:53.683">
  <mem-info id="2026" free="2061402576" total="2092630016" percent="98">
    <mem type="nursery" free="0" total="2097152" percent="0">
      <mem type="allocate" free="0" total="1376256" percent="0" />
      <mem type="survivor" free="0" total="720896" percent="0" />
    </mem>
    <mem type="tenure" free="2061402576" total="2090532864" percent="98">
      <mem type="soa" free="1956876752" total="1986007040" percent="98" />
      <mem type="loa" free="104525824" total="104525824" percent="100" />
    </mem>
    <remembered-set count="2712" />
  </mem-info>
</gc-start>
<allocation-stats totalBytes="1109960" >
  <allocated-bytes non-tlh="16976" tlh="1092984" />
  <largest-consumer threadName="PmdThread 4" threadId="00000000013F6000" bytes="716680" />
</allocation-stats>
<gc-op id="2027" type="scavenge" timems="1.214" contextid="2024" timestamp="2019-06-17T03:12:53.685">
  <scavenger-info tenureage="5" tenuremask="7fe0" tiltratio="65" />
  <memory-copied type="nursery" objects="7201" bytes="301432" bytesdiscarded="19816" />
  <memory-copied type="tenure" objects="1275" bytes="34808" bytesdiscarded="0" />
  <references type="weak" candidates="10" cleared="9" enqueued="9" />
  <references type="phantom" candidates="3" cleared="1" enqueued="1" />
</gc-op>
<gc-end id="2028" type="scavenge" contextid="2024" durationms="1.461" usertimems="4.000" systemtimems="0.000" timestamp="2019-06-17T03:12:53.685" activeThreads="4">
  <mem-info id="2029" free="2062523080" total="2092630016" percent="98">
    <mem type="nursery" free="1120504" total="2097152" percent="53">
      <mem type="allocate" free="1120504" total="1441792" percent="77" />
      <mem type="survivor" free="0" total="655360" percent="0" />
    </mem>
    <mem type="tenure" free="2061402576" total="2090532864" percent="98">
      <mem type="soa" free="1956876752" total="1986007040" percent="98" />
      <mem type="loa" free="104525824" total="104525824" percent="100" />
    </mem>
    <pending-finalizers system="0" default="0" reference="10" classloader="0" />
    <remembered-set count="2360" />
  </mem-info>
</gc-end>
<cycle-end id="2030" type="scavenge" contextid="2024" timestamp="2019-06-17T03:12:53.685" />
  <attribute name="elasticGC enabled" value="1" />
  <attribute name= "numThreadsSpecified" value="4" />
  <attribute name="heapSize specified" value="8388608" />
  <attribute name="Current GC Util" value="27" />
  <attribute name= "Current Time Running" value="12253" />
  <attribute name ="GC Interval" value="200" />
  <attribute name="ProportionalT" value="10.500000" />
  <attribute name="ProportionalI" value="10.500000" />
  <attribute name="ProportionalH" value="10.500000" />
  <attribute name="Current Error" value="7.000000" />
  <attribute name="IntegralT" value="49.000000" />
  <attribute name="IntegralI" value="49.000000" />
  <attribute name="IntegralH" value="49.000000" />
  <attribute name="DerivativeT" value="-1.928571" />
  <attribute name="DerivativeI" value="-1.928571" />
  <attribute name="DerivativeH" value="-1.928571" />
  <attribute name="Loop Time for DT" value="7.000000" />
  <attribute name="Output H" value="8388608"/>
  <attribute name="Output I" value="200"/>
  <attribute name="Output T" value="4"/>
  <attribute name="Target GC Util Change" value ="20.000000" />
  <attribute name="Current GC Util Change" value="27.000000"/>
  <attribute name="GC Util currently" value="27" />
  <attribute name="CPU Util currently" value="641208012944" />
<allocation-satisfied id="2031" threadId="00000000013F6000" bytesRequested="40" />
<af-end id="2032" timestamp="2019-06-17T03:12:53.685" threadId="00000000013F6988" success="true" from="nursery"/>
<exclusive-end id="2033" timestamp="2019-06-17T03:12:53.685" durationms="1.987" />

<exclusive-start id="2034" timestamp="2019-06-17T03:12:53.689" intervalms="6.144">
  <response-info timems="0.031" idlems="0.031" threads="0" lastid="00000000013F6000" lastname="PmdThread 4" />
</exclusive-start>
<af-start id="2035" threadId="00000000013F6988" totalBytesRequested="48" timestamp="2019-06-17T03:12:53.689" intervalms="6.160" type="nursery" />
<cycle-start id="2036" type="scavenge" contextid="0" timestamp="2019-06-17T03:12:53.689" intervalms="6.153" />
<gc-start id="2037" type="scavenge" contextid="2036" timestamp="2019-06-17T03:12:53.689">
  <mem-info id="2038" free="2061401520" total="2092630016" percent="98">
    <mem type="nursery" free="0" total="2097152" percent="0">
      <mem type="allocate" free="0" total="1441792" percent="0" />
      <mem type="survivor" free="0" total="655360" percent="0" />
    </mem>
    <mem type="tenure" free="2061401520" total="2090532864" percent="98">
      <mem type="soa" free="1956875696" total="1986007040" percent="98" />
      <mem type="loa" free="104525824" total="104525824" percent="100" />
    </mem>
    <remembered-set count="2690" />
  </mem-info>
</gc-start>
<allocation-stats totalBytes="1120632" >
  <allocated-bytes non-tlh="1096" tlh="1119536" />
  <largest-consumer threadName="PmdThread 4" threadId="00000000013F6000" bytes="716624" />
</allocation-stats>
<gc-op id="2039" type="scavenge" timems="1.202" contextid="2036" timestamp="2019-06-17T03:12:53.691">
  <scavenger-info tenureage="3" tenuremask="7ff8" tiltratio="68" />
  <memory-copied type="nursery" objects="5457" bytes="242176" bytesdiscarded="172832" />
  <memory-copied type="tenure" objects="3373" bytes="91328" bytesdiscarded="0" />
  <references type="weak" candidates="7" cleared="7" enqueued="7" />
  <references type="phantom" candidates="1" cleared="1" enqueued="1" />
</gc-op>
<gc-end id="2040" type="scavenge" contextid="2036" durationms="1.434" usertimems="0.000" systemtimems="0.000" timestamp="2019-06-17T03:12:53.691" activeThreads="4">
  <mem-info id="2041" free="2062493328" total="2092630016" percent="98">
    <mem type="nursery" free="1091808" total="2097152" percent="52">
      <mem type="allocate" free="1091808" total="1507328" percent="72" />
      <mem type="survivor" free="0" total="589824" percent="0" />
    </mem>
    <mem type="tenure" free="2061401520" total="2090532864" percent="98">
      <mem type="soa" free="1956875696" total="1986007040" percent="98" />
      <mem type="loa" free="104525824" total="104525824" percent="100" />
    </mem>
    <pending-finalizers system="0" default="0" reference="8" classloader="0" />
    <remembered-set count="1593" />
  </mem-info>
</gc-end>
<cycle-end id="2042" type="scavenge" contextid="2036" timestamp="2019-06-17T03:12:53.691" />
  <attribute name="elasticGC enabled" value="1" />
  <attribute name= "numThreadsSpecified" value="4" />
  <attribute name="heapSize specified" value="8388608" />
  <attribute name="Current GC Util" value="39" />
  <attribute name= "Current Time Running" value="12259" />
  <attribute name ="GC Interval" value="200" />
  <attribute name="ProportionalT" value="28.500000" />
  <attribute name="ProportionalI" value="28.500000" />
  <attribute name="ProportionalH" value="28.500000" />
  <attribute name="Current Error" value="19.000000" />
  <attribute name="IntegralT" value="114.000000" />
  <attribute name="IntegralI" value="114.000000" />
  <attribute name="IntegralH" value="114.000000" />
  <attribute name="DerivativeT" value="3.000000" />
  <attribute name="DerivativeI" value="3.000000" />
  <attribute name="DerivativeH" value="3.000000" />
  <attribute name="Loop Time for DT" value="6.000000" />
  <attribute name="Output H" value="8388608"/>
  <attribute name="Output I" value="200"/>
  <attribute name="Output T" value="4"/>
  <attribute name="Target GC Util Change" value ="20.000000" />
  <attribute name="Current GC Util Change" value="39.000000"/>
  <attribute name="GC Util currently" value="39" />
  <attribute name="CPU Util currently" value="756631312906" />
<allocation-satisfied id="2043" threadId="00000000013F6000" bytesRequested="48" />
<af-end id="2044" timestamp="2019-06-17T03:12:53.691" threadId="00000000013F6988" success="true" from="nursery"/>
<exclusive-end id="2045" timestamp="2019-06-17T03:12:53.691" durationms="2.004" />

<exclusive-start id="2046" timestamp="2019-06-17T03:12:53.696" intervalms="7.045">
  <response-info timems="0.887" idlems="0.451" threads="1" lastid="00000000010E1B00" lastname="JIT Compilation Thread-2" />
</exclusive-start>
<af-start id="2047" threadId="00000000013E7588" totalBytesRequested="88" timestamp="2019-06-17T03:12:53.696" intervalms="6.993" type="nursery" />
<cycle-start id="2048" type="scavenge" contextid="0" timestamp="2019-06-17T03:12:53.696" intervalms="6.993" />
<gc-start id="2049" type="scavenge" contextid="2048" timestamp="2019-06-17T03:12:53.696">
  <mem-info id="2050" free="2061401520" total="2092630016" percent="98">
    <mem type="nursery" free="0" total="2097152" percent="0">
      <mem type="allocate" free="0" total="1507328" percent="0" />
      <mem type="survivor" free="0" total="589824" percent="0" />
    </mem>
    <mem type="tenure" free="2061401520" total="2090532864" percent="98">
      <mem type="soa" free="1956875696" total="1986007040" percent="98" />
      <mem type="loa" free="104525824" total="104525824" percent="100" />
    </mem>
    <remembered-set count="2112" />
  </mem-info>
</gc-start>
<allocation-stats totalBytes="1091336" >
  <allocated-bytes non-tlh="48" tlh="1091288" />
  <largest-consumer threadName="PmdThread 4" threadId="00000000013F6000" bytes="657456" />
</allocation-stats>
<gc-op id="2051" type="scavenge" timems="0.515" contextid="2048" timestamp="2019-06-17T03:12:53.697">
  <scavenger-info tenureage="5" tenuremask="7fe0" tiltratio="71" />
  <memory-copied type="nursery" objects="6460" bytes="272016" bytesdiscarded="151672" />
  <references type="weak" candidates="6" cleared="6" enqueued="6" />
</gc-op>
<gc-end id="2052" type="scavenge" contextid="2048" durationms="0.844" usertimems="0.000" systemtimems="0.000" timestamp="2019-06-17T03:12:53.697" activeThreads="4">
  <mem-info id="2053" free="2062550160" total="2092630016" percent="98">
    <mem type="nursery" free="1148640" total="2097152" percent="54">
      <mem type="allocate" free="1148640" total="1572864" percent="73" />
      <mem type="survivor" free="0" total="524288" percent="0" />
    </mem>
    <mem type="tenure" free="2061401520" total="2090532864" percent="98">
      <mem type="soa" free="1956875696" total="1986007040" percent="98" />
      <mem type="loa" free="104525824" total="104525824" percent="100" />
    </mem>
    <pending-finalizers system="0" default="0" reference="6" classloader="0" />
    <remembered-set count="2104" />
  </mem-info>
</gc-end>
<cycle-end id="2054" type="scavenge" contextid="2048" timestamp="2019-06-17T03:12:53.697" />
  <attribute name="elasticGC enabled" value="1" />
  <attribute name= "numThreadsSpecified" value="4" />
  <attribute name="heapSize specified" value="8388608" />
  <attribute name="Current GC Util" value="33" />
  <attribute name= "Current Time Running" value="12266" />
  <attribute name ="GC Interval" value="200" />
  <attribute name="ProportionalT" value="19.500000" />
  <attribute name="ProportionalI" value="19.500000" />
  <attribute name="ProportionalH" value="19.500000" />
  <attribute name="Current Error" value="13.000000" />
  <attribute name="IntegralT" value="91.000000" />
  <attribute name="IntegralI" value="91.000000" />
  <attribute name="IntegralH" value="91.000000" />
  <attribute name="DerivativeT" value="-1.285714" />
  <attribute name="DerivativeI" value="-1.285714" />
  <attribute name="DerivativeH" value="-1.285714" />
  <attribute name="Loop Time for DT" value="7.000000" />
  <attribute name="Output H" value="8388608"/>
  <attribute name="Output I" value="200"/>
  <attribute name="Output T" value="4"/>
  <attribute name="Target GC Util Change" value ="20.000000" />
  <attribute name="Current GC Util Change" value="33.000000"/>
  <attribute name="GC Util currently" value="33" />
  <attribute name="CPU Util currently" value="648902069515" />
<allocation-satisfied id="2055" threadId="00000000013E6C00" bytesRequested="88" />
<af-end id="2056" timestamp="2019-06-17T03:12:53.697" threadId="00000000013E7588" success="true" from="nursery"/>
<exclusive-end id="2057" timestamp="2019-06-17T03:12:53.697" durationms="1.357" />

<exclusive-start id="2058" timestamp="2019-06-17T03:12:53.704" intervalms="7.507">
  <response-info timems="0.077" idlems="0.038" threads="3" lastid="00000000010DA300" lastname="JIT Compilation Thread-0" />
</exclusive-start>
<af-start id="2059" threadId="00000000013F2D88" totalBytesRequested="48" timestamp="2019-06-17T03:12:53.704" intervalms="8.033" type="nursery" />
<cycle-start id="2060" type="scavenge" contextid="0" timestamp="2019-06-17T03:12:53.704" intervalms="8.042" />
<gc-start id="2061" type="scavenge" contextid="2060" timestamp="2019-06-17T03:12:53.704">
  <mem-info id="2062" free="2061400752" total="2092630016" percent="98">
    <mem type="nursery" free="0" total="2097152" percent="0">
      <mem type="allocate" free="0" total="1572864" percent="0" />
      <mem type="survivor" free="0" total="524288" percent="0" />
    </mem>
    <mem type="tenure" free="2061400752" total="2090532864" percent="98">
      <mem type="soa" free="1956874928" total="1986007040" percent="98" />
      <mem type="loa" free="104525824" total="104525824" percent="100" />
    </mem>
    <remembered-set count="2558" />
  </mem-info>
</gc-start>
<allocation-stats totalBytes="1148728" >
  <allocated-bytes non-tlh="50032" tlh="1098696" />
  <largest-consumer threadName="PmdThread 4" threadId="00000000013F6000" bytes="515800" />
</allocation-stats>
<gc-op id="2063" type="scavenge" timems="0.920" contextid="2060" timestamp="2019-06-17T03:12:53.706">
  <scavenger-info tenureage="3" tenuremask="7ff8" tiltratio="75" />
  <memory-copied type="nursery" objects="5228" bytes="283832" bytesdiscarded="164128" />
  <memory-copied type="tenure" objects="3763" bytes="192712" bytesdiscarded="48" />
  <references type="weak" candidates="22" cleared="22" enqueued="22" />
  <references type="phantom" candidates="2" cleared="2" enqueued="2" />
</gc-op>
<gc-end id="2064" type="scavenge" contextid="2060" durationms="2.013" usertimems="0.000" systemtimems="0.000" timestamp="2019-06-17T03:12:53.706" activeThreads="4">
  <mem-info id="2065" free="2062391648" total="2092630016" percent="98">
    <mem type="nursery" free="1124800" total="2097152" percent="53">
      <mem type="allocate" free="1124800" total="1572864" percent="71" />
      <mem type="survivor" free="0" total="524288" percent="0" />
    </mem>
    <mem type="tenure" free="2061266848" total="2090532864" percent="98">
      <mem type="soa" free="1956741024" total="1986007040" percent="98" />
      <mem type="loa" free="104525824" total="104525824" percent="100" />
    </mem>
    <pending-finalizers system="0" default="0" reference="24" classloader="0" />
    <remembered-set count="1414" />
  </mem-info>
</gc-end>
<cycle-end id="2066" type="scavenge" contextid="2060" timestamp="2019-06-17T03:12:53.706" />
  <attribute name="elasticGC enabled" value="1" />
  <attribute name= "numThreadsSpecified" value="4" />
  <attribute name="heapSize specified" value="8388608" />
  <attribute name="Current GC Util" value="14" />
  <attribute name= "Current Time Running" value="12275" />
  <attribute name ="GC Interval" value="200" />
  <attribute name="ProportionalT" value="-9.000000" />
  <attribute name="ProportionalI" value="-9.000000" />
  <attribute name="ProportionalH" value="-9.000000" />
  <attribute name="Current Error" value="-6.000000" />
  <attribute name="IntegralT" value="-54.000000" />
  <attribute name="IntegralI" value="-54.000000" />
  <attribute name="IntegralH" value="-54.000000" />
  <attribute name="DerivativeT" value="-3.166667" />
  <attribute name="DerivativeI" value="-3.166667" />
  <attribute name="DerivativeH" value="-3.166667" />
  <attribute name="Loop Time for DT" value="9.000000" />
  <attribute name="Output H" value="2092630016"/>
  <attribute name="Output I" value="200"/>
  <attribute name="Output T" value="4"/>
  <attribute name="Target GC Util Change" value ="20.000000" />
  <attribute name="Current GC Util Change" value="14.000000"/>
  <attribute name="GC Util currently" value="14" />
  <attribute name="CPU Util currently" value="532927625676" />
<allocation-satisfied id="2067" threadId="00000000013F2400" bytesRequested="48" />
<af-end id="2068" timestamp="2019-06-17T03:12:53.707" threadId="00000000013F2D88" success="true" from="nursery"/>
<exclusive-end id="2069" timestamp="2019-06-17T03:12:53.707" durationms="3.290" />

<exclusive-start id="2070" timestamp="2019-06-17T03:12:53.709" intervalms="5.851">
  <response-info timems="0.041" idlems="0.041" threads="0" lastid="00000000013EA800" lastname="PmdThread 2" />
</exclusive-start>
<af-start id="2071" threadId="00000000013EB188" totalBytesRequested="40" timestamp="2019-06-17T03:12:53.710" intervalms="5.384" type="nursery" />
<cycle-start id="2072" type="scavenge" contextid="0" timestamp="2019-06-17T03:12:53.710" intervalms="5.382" />
<gc-start id="2073" type="scavenge" contextid="2072" timestamp="2019-06-17T03:12:53.710">
  <mem-info id="2074" free="2061266848" total="2092630016" percent="98">
    <mem type="nursery" free="0" total="2097152" percent="0">
      <mem type="allocate" free="0" total="1572864" percent="0" />
      <mem type="survivor" free="0" total="524288" percent="0" />
    </mem>
    <mem type="tenure" free="2061266848" total="2090532864" percent="98">
      <mem type="soa" free="1956741024" total="1986007040" percent="98" />
      <mem type="loa" free="104525824" total="104525824" percent="100" />
    </mem>
    <remembered-set count="1629" />
  </mem-info>
</gc-start>
<allocation-stats totalBytes="1112896" >
  <allocated-bytes non-tlh="49224" tlh="1063672" />
  <largest-consumer threadName="PmdThread 2" threadId="00000000013EA800" bytes="542960" />
</allocation-stats>
<gc-op id="2075" type="scavenge" timems="0.587" contextid="2072" timestamp="2019-06-17T03:12:53.710">
  <scavenger-info tenureage="5" tenuremask="7fe0" tiltratio="75" />
  <memory-copied type="nursery" objects="7806" bytes="495968" bytesdiscarded="27776" />
  <memory-copied type="tenure" objects="2088" bytes="85208" bytesdiscarded="8" />
  <copy-failed type="nursery" objects="2088" bytes="85216" />
  <references type="weak" candidates="1" cleared="1" enqueued="1" />
  <references type="phantom" candidates="2" cleared="0" enqueued="0" />
</gc-op>
<gc-end id="2076" type="scavenge" contextid="2072" durationms="0.989" usertimems="0.000" systemtimems="0.000" timestamp="2019-06-17T03:12:53.711" activeThreads="4">
  <mem-info id="2077" free="2061817504" total="2092630016" percent="98">
    <mem type="nursery" free="589824" total="2097152" percent="28">
      <mem type="allocate" free="589824" total="1114112" percent="52" />
      <mem type="survivor" free="0" total="983040" percent="0" />
    </mem>
    <mem type="tenure" free="2061227680" total="2090532864" percent="98">
      <mem type="soa" free="1956701856" total="1986007040" percent="98" />
      <mem type="loa" free="104525824" total="104525824" percent="100" />
    </mem>
    <pending-finalizers system="0" default="0" reference="1" classloader="0" />
    <remembered-set count="2012" />
  </mem-info>
</gc-end>
<cycle-end id="2078" type="scavenge" contextid="2072" timestamp="2019-06-17T03:12:53.711" />
  <attribute name="elasticGC enabled" value="1" />
  <attribute name= "numThreadsSpecified" value="4" />
  <attribute name="heapSize specified" value="8388608" />
  <attribute name="Current GC Util" value="34" />
  <attribute name= "Current Time Running" value="12280" />
  <attribute name ="GC Interval" value="200" />
  <attribute name="ProportionalT" value="21.000000" />
  <attribute name="ProportionalI" value="21.000000" />
  <attribute name="ProportionalH" value="21.000000" />
  <attribute name="Current Error" value="14.000000" />
  <attribute name="IntegralT" value="70.000000" />
  <attribute name="IntegralI" value="70.000000" />
  <attribute name="IntegralH" value="70.000000" />
  <attribute name="DerivativeT" value="4.200000" />
  <attribute name="DerivativeI" value="4.200000" />
  <attribute name="DerivativeH" value="4.200000" />
  <attribute name="Loop Time for DT" value="5.000000" />
  <attribute name="Output H" value="8388608"/>
  <attribute name="Output I" value="200"/>
  <attribute name="Output T" value="4"/>
  <attribute name="Target GC Util Change" value ="20.000000" />
  <attribute name="Current GC Util Change" value="34.000000"/>
  <attribute name="GC Util currently" value="34" />
  <attribute name="CPU Util currently" value="987728376535" />
<allocation-satisfied id="2079" threadId="00000000013EA800" bytesRequested="40" />
<af-end id="2080" timestamp="2019-06-17T03:12:53.711" threadId="00000000013EB188" success="true" from="nursery"/>
<exclusive-end id="2081" timestamp="2019-06-17T03:12:53.711" durationms="1.709" />

<exclusive-start id="2082" timestamp="2019-06-17T03:12:53.713" intervalms="3.451">
  <response-info timems="0.037" idlems="0.037" threads="0" lastid="00000000013F6000" lastname="PmdThread 4" />
</exclusive-start>
<af-start id="2083" threadId="00000000013F6988" totalBytesRequested="72" timestamp="2019-06-17T03:12:53.713" intervalms="3.409" type="nursery" />
<cycle-start id="2084" type="scavenge" contextid="0" timestamp="2019-06-17T03:12:53.713" intervalms="3.374" />
<gc-start id="2085" type="scavenge" contextid="2084" timestamp="2019-06-17T03:12:53.713">
  <mem-info id="2086" free="2061227680" total="2092630016" percent="98">
    <mem type="nursery" free="0" total="2097152" percent="0">
      <mem type="allocate" free="0" total="1114112" percent="0" />
      <mem type="survivor" free="0" total="983040" percent="0" />
    </mem>
    <mem type="tenure" free="2061227680" total="2090532864" percent="98">
      <mem type="soa" free="1956701856" total="1986007040" percent="98" />
      <mem type="loa" free="104525824" total="104525824" percent="100" />
    </mem>
    <remembered-set count="2159" />
  </mem-info>
</gc-start>
<allocation-stats totalBytes="586080" >
  <allocated-bytes non-tlh="16432" tlh="569648" />
  <largest-consumer threadName="PmdThread 2" threadId="00000000013EA800" bytes="307048" />
</allocation-stats>
<gc-op id="2087" type="scavenge" timems="1.165" contextid="2084" timestamp="2019-06-17T03:12:53.714">
  <scavenger-info tenureage="3" tenuremask="7ff8" tiltratio="53" />
  <memory-copied type="nursery" objects="8024" bytes="569784" bytesdiscarded="67576" />
  <memory-copied type="tenure" objects="1875" bytes="53640" bytesdiscarded="56" />
  <references type="phantom" candidates="2" cleared="0" enqueued="0" />
</gc-op>
<gc-end id="2088" type="scavenge" contextid="2084" durationms="1.340" usertimems="0.000" systemtimems="0.000" timestamp="2019-06-17T03:12:53.714" activeThreads="4">
  <mem-info id="2089" free="2061700016" total="2092630016" percent="98">
    <mem type="nursery" free="542224" total="2097152" percent="25">
      <mem type="allocate" free="542224" total="1179648" percent="45" />
      <mem type="survivor" free="0" total="917504" percent="0" />
    </mem>
    <mem type="tenure" free="2061157792" total="2090532864" percent="98">
      <mem type="soa" free="1956631968" total="1986007040" percent="98" />
      <mem type="loa" free="104525824" total="104525824" percent="100" />
    </mem>
    <remembered-set count="1322" />
  </mem-info>
</gc-end>
<cycle-end id="2090" type="scavenge" contextid="2084" timestamp="2019-06-17T03:12:53.714" />
  <attribute name="elasticGC enabled" value="1" />
  <attribute name= "numThreadsSpecified" value="4" />
  <attribute name="heapSize specified" value="8388608" />
  <attribute name="Current GC Util" value="46" />
  <attribute name= "Current Time Running" value="12283" />
  <attribute name ="GC Interval" value="200" />
  <attribute name="ProportionalT" value="39.000000" />
  <attribute name="ProportionalI" value="39.000000" />
  <attribute name="ProportionalH" value="39.000000" />
  <attribute name="Current Error" value="26.000000" />
  <attribute name="IntegralT" value="78.000000" />
  <attribute name="IntegralI" value="78.000000" />
  <attribute name="IntegralH" value="78.000000" />
  <attribute name="DerivativeT" value="6.000000" />
  <attribute name="DerivativeI" value="6.000000" />
  <attribute name="DerivativeH" value="6.000000" />
  <attribute name="Loop Time for DT" value="3.000000" />
  <attribute name="Output H" value="8388608"/>
  <attribute name="Output I" value="200"/>
  <attribute name="Output T" value="4"/>
  <attribute name="Target GC Util Change" value ="20.000000" />
  <attribute name="Current GC Util Change" value="46.000000"/>
  <attribute name="GC Util currently" value="46" />
  <attribute name="CPU Util currently" value="1397958456904" />
<allocation-satisfied id="2091" threadId="00000000013F6000" bytesRequested="72" />
<af-end id="2092" timestamp="2019-06-17T03:12:53.715" threadId="00000000013F6988" success="true" from="nursery"/>
<exclusive-end id="2093" timestamp="2019-06-17T03:12:53.715" durationms="1.732" />

<exclusive-start id="2094" timestamp="2019-06-17T03:12:53.717" intervalms="3.732">
  <response-info timems="0.195" idlems="0.180" threads="1" lastid="00000000013E6C00" lastname="PmdThread 1" />
</exclusive-start>
<af-start id="2095" threadId="00000000013EB188" totalBytesRequested="40" timestamp="2019-06-17T03:12:53.717" intervalms="3.713" type="nursery" />
<cycle-start id="2096" type="scavenge" contextid="0" timestamp="2019-06-17T03:12:53.717" intervalms="3.718" />
<gc-start id="2097" type="scavenge" contextid="2096" timestamp="2019-06-17T03:12:53.717">
  <mem-info id="2098" free="2061157792" total="2092630016" percent="98">
    <mem type="nursery" free="0" total="2097152" percent="0">
      <mem type="allocate" free="0" total="1179648" percent="0" />
      <mem type="survivor" free="0" total="917504" percent="0" />
    </mem>
    <mem type="tenure" free="2061157792" total="2090532864" percent="98">
      <mem type="soa" free="1956631968" total="1986007040" percent="98" />
      <mem type="loa" free="104525824" total="104525824" percent="100" />
    </mem>
    <remembered-set count="1452" />
  </mem-info>
</gc-start>
<allocation-stats totalBytes="542088" >
  <allocated-bytes non-tlh="72" tlh="542016" />
  <largest-consumer threadName="PmdThread 2" threadId="00000000013EA800" bytes="296264" />
</allocation-stats>
<gc-op id="2099" type="scavenge" timems="0.606" contextid="2096" timestamp="2019-06-17T03:12:53.717">
  <scavenger-info tenureage="3" tenuremask="7ff8" tiltratio="56" />
  <memory-copied type="nursery" objects="7073" bytes="435512" bytesdiscarded="189384" />
  <memory-copied type="tenure" objects="2057" bytes="168784" bytesdiscarded="56" />
  <references type="weak" candidates="3" cleared="3" enqueued="3" />
  <references type="phantom" candidates="3" cleared="3" enqueued="3" />
</gc-op>
<gc-end id="2100" type="scavenge" contextid="2096" durationms="0.800" usertimems="4.000" systemtimems="0.000" timestamp="2019-06-17T03:12:53.718" activeThreads="4">
  <mem-info id="2101" free="2061488480" total="2092630016" percent="98">
    <mem type="nursery" free="620256" total="2097152" percent="29">
      <mem type="allocate" free="620256" total="1245184" percent="49" />
      <mem type="survivor" free="0" total="851968" percent="0" />
    </mem>
    <mem type="tenure" free="2060868224" total="2090532864" percent="98">
      <mem type="soa" free="1956342400" total="1986007040" percent="98" />
      <mem type="loa" free="104525824" total="104525824" percent="100" />
    </mem>
    <pending-finalizers system="0" default="0" reference="6" classloader="0" />
    <remembered-set count="964" />
  </mem-info>
</gc-end>
<cycle-end id="2102" type="scavenge" contextid="2096" timestamp="2019-06-17T03:12:53.718" />
  <attribute name="elasticGC enabled" value="1" />
  <attribute name= "numThreadsSpecified" value="4" />
  <attribute name="heapSize specified" value="8388608" />
  <attribute name="Current GC Util" value="63" />
  <attribute name= "Current Time Running" value="12287" />
  <attribute name ="GC Interval" value="248" />
  <attribute name="ProportionalT" value="64.500000" />
  <attribute name="ProportionalI" value="64.500000" />
  <attribute name="ProportionalH" value="64.500000" />
  <attribute name="Current Error" value="43.000000" />
  <attribute name="IntegralT" value="172.000000" />
  <attribute name="IntegralI" value="172.000000" />
  <attribute name="IntegralH" value="172.000000" />
  <attribute name="DerivativeT" value="6.375000" />
  <attribute name="DerivativeI" value="6.375000" />
  <attribute name="DerivativeH" value="6.375000" />
  <attribute name="Loop Time for DT" value="4.000000" />
  <attribute name="Output H" value="8388608"/>
  <attribute name="Output I" value="248"/>
  <attribute name="Output T" value="4"/>
  <attribute name="Target GC Util Change" value ="20.000000" />
  <attribute name="Current GC Util Change" value="63.000000"/>
  <attribute name="GC Util currently" value="63" />
  <attribute name="CPU Util currently" value="1235619342935" />
<allocation-satisfied id="2103" threadId="00000000013EA800" bytesRequested="40" />
<af-end id="2104" timestamp="2019-06-17T03:12:53.718" threadId="00000000013EB188" success="true" from="nursery"/>
<exclusive-end id="2105" timestamp="2019-06-17T03:12:53.718" durationms="1.225" />

<exclusive-start id="2106" timestamp="2019-06-17T03:12:53.722" intervalms="5.403">
  <response-info timems="0.030" idlems="0.030" threads="0" lastid="00000000013F6000" lastname="PmdThread 4" />
</exclusive-start>
<af-start id="2107" threadId="00000000013F6988" totalBytesRequested="72" timestamp="2019-06-17T03:12:53.722" intervalms="5.401" type="nursery" />
<cycle-start id="2108" type="scavenge" contextid="0" timestamp="2019-06-17T03:12:53.722" intervalms="5.387" />
<gc-start id="2109" type="scavenge" contextid="2108" timestamp="2019-06-17T03:12:53.722">
  <mem-info id="2110" free="2060867760" total="2092630016" percent="98">
    <mem type="nursery" free="0" total="2097152" percent="0">
      <mem type="allocate" free="0" total="1245184" percent="0" />
      <mem type="survivor" free="0" total="851968" percent="0" />
    </mem>
    <mem type="tenure" free="2060867760" total="2090532864" percent="98">
      <mem type="soa" free="1956341936" total="1986007040" percent="98" />
      <mem type="loa" free="104525824" total="104525824" percent="100" />
    </mem>
    <remembered-set count="1352" />
  </mem-info>
</gc-start>
<allocation-stats totalBytes="620352" >
  <allocated-bytes non-tlh="504" tlh="619848" />
  <largest-consumer threadName="PmdThread 4" threadId="00000000013F6000" bytes="505200" />
</allocation-stats>
<gc-op id="2111" type="scavenge" timems="1.155" contextid="2108" timestamp="2019-06-17T03:12:53.723">
  <scavenger-info tenureage="2" tenuremask="7ffc" tiltratio="59" />
  <memory-copied type="nursery" objects="1573" bytes="56592" bytesdiscarded="21712" />
  <memory-copied type="tenure" objects="5923" bytes="379968" bytesdiscarded="56" />
  <references type="weak" candidates="2" cleared="0" enqueued="0" />
  <references type="phantom" candidates="2" cleared="0" enqueued="0" />
</gc-op>
<gc-end id="2112" type="scavenge" contextid="2108" durationms="1.323" usertimems="4.000" systemtimems="0.000" timestamp="2019-06-17T03:12:53.723" activeThreads="4">
  <mem-info id="2113" free="2061752944" total="2092630016" percent="98">
    <mem type="nursery" free="1232384" total="2097152" percent="58">
      <mem type="allocate" free="1232384" total="1310720" percent="94" />
      <mem type="survivor" free="0" total="786432" percent="0" />
    </mem>
    <mem type="tenure" free="2060520560" total="2090532864" percent="98">
      <mem type="soa" free="1955994736" total="1986007040" percent="98" />
      <mem type="loa" free="104525824" total="104525824" percent="100" />
    </mem>
    <remembered-set count="666" />
  </mem-info>
</gc-end>
<cycle-end id="2114" type="scavenge" contextid="2108" timestamp="2019-06-17T03:12:53.724" />
  <attribute name="elasticGC enabled" value="1" />
  <attribute name= "numThreadsSpecified" value="4" />
  <attribute name="heapSize specified" value="8388608" />
  <attribute name="Current GC Util" value="28" />
  <attribute name= "Current Time Running" value="12292" />
  <attribute name ="GC Interval" value="200" />
  <attribute name="ProportionalT" value="12.000000" />
  <attribute name="ProportionalI" value="12.000000" />
  <attribute name="ProportionalH" value="12.000000" />
  <attribute name="Current Error" value="8.000000" />
  <attribute name="IntegralT" value="40.000000" />
  <attribute name="IntegralI" value="40.000000" />
  <attribute name="IntegralH" value="40.000000" />
  <attribute name="DerivativeT" value="-10.500000" />
  <attribute name="DerivativeI" value="-10.500000" />
  <attribute name="DerivativeH" value="-10.500000" />
  <attribute name="Loop Time for DT" value="5.000000" />
  <attribute name="Output H" value="8388608"/>
  <attribute name="Output I" value="200"/>
  <attribute name="Output T" value="4"/>
  <attribute name="Target GC Util Change" value ="20.000000" />
  <attribute name="Current GC Util Change" value="28.000000"/>
  <attribute name="GC Util currently" value="28" />
  <attribute name="CPU Util currently" value="859210651974" />
<allocation-satisfied id="2115" threadId="00000000013F6000" bytesRequested="72" />
<af-end id="2116" timestamp="2019-06-17T03:12:53.724" threadId="00000000013F6988" success="true" from="nursery"/>
<exclusive-end id="2117" timestamp="2019-06-17T03:12:53.724" durationms="1.674" />

<exclusive-start id="2118" timestamp="2019-06-17T03:12:53.729" intervalms="7.503">
  <response-info timems="0.935" idlems="0.637" threads="2" lastid="00000000010E1B00" lastname="JIT Compilation Thread-2" />
</exclusive-start>
<af-start id="2119" threadId="00000000013EB188" totalBytesRequested="632" timestamp="2019-06-17T03:12:53.730" intervalms="7.523" type="nursery" />
<cycle-start id="2120" type="scavenge" contextid="0" timestamp="2019-06-17T03:12:53.730" intervalms="7.539" />
<gc-start id="2121" type="scavenge" contextid="2120" timestamp="2019-06-17T03:12:53.730">
  <mem-info id="2122" free="2060519072" total="2092630016" percent="98">
    <mem type="nursery" free="0" total="2097152" percent="0">
      <mem type="allocate" free="0" total="1310720" percent="0" />
      <mem type="survivor" free="0" total="786432" percent="0" />
    </mem>
    <mem type="tenure" free="2060519072" total="2090532864" percent="98">
      <mem type="soa" free="1955993248" total="1986007040" percent="98" />
      <mem type="loa" free="104525824" total="104525824" percent="100" />
    </mem>
    <remembered-set count="1178" />
  </mem-info>
</gc-start>
<allocation-stats totalBytes="1231608" >
  <allocated-bytes non-tlh="34344" tlh="1197264" />
  <largest-consumer threadName="PmdThread 4" threadId="00000000013F6000" bytes="548200" />
</allocation-stats>
<gc-op id="2123" type="scavenge" timems="0.455" contextid="2120" timestamp="2019-06-17T03:12:53.730">
  <scavenger-info tenureage="3" tenuremask="7ff8" tiltratio="62" />
  <memory-copied type="nursery" objects="4818" bytes="234632" bytesdiscarded="41296" />
  <references type="weak" candidates="45" cleared="45" enqueued="45" />
  <references type="phantom" candidates="3" cleared="2" enqueued="2" />
</gc-op>
<gc-end id="2124" type="scavenge" contextid="2120" durationms="0.646" usertimems="0.000" systemtimems="0.000" timestamp="2019-06-17T03:12:53.730" activeThreads="4">
  <mem-info id="2125" free="2061619328" total="2092630016" percent="98">
    <mem type="nursery" free="1100256" total="2097152" percent="52">
      <mem type="allocate" free="1100256" total="1376256" percent="79" />
      <mem type="survivor" free="0" total="720896" percent="0" />
    </mem>
    <mem type="tenure" free="2060519072" total="2090532864" percent="98">
      <mem type="soa" free="1955993248" total="1986007040" percent="98" />
      <mem type="loa" free="104525824" total="104525824" percent="100" />
    </mem>
    <pending-finalizers system="0" default="0" reference="47" classloader="0" />
    <remembered-set count="1103" />
  </mem-info>
</gc-end>
<cycle-end id="2126" type="scavenge" contextid="2120" timestamp="2019-06-17T03:12:53.730" />
  <attribute name="elasticGC enabled" value="1" />
  <attribute name= "numThreadsSpecified" value="4" />
  <attribute name="heapSize specified" value="8388608" />
  <attribute name="Current GC Util" value="26" />
  <attribute name= "Current Time Running" value="12300" />
  <attribute name ="GC Interval" value="200" />
  <attribute name="ProportionalT" value="9.000000" />
  <attribute name="ProportionalI" value="9.000000" />
  <attribute name="ProportionalH" value="9.000000" />
  <attribute name="Current Error" value="6.000000" />
  <attribute name="IntegralT" value="48.000000" />
  <attribute name="IntegralI" value="48.000000" />
  <attribute name="IntegralH" value="48.000000" />
  <attribute name="DerivativeT" value="-0.375000" />
  <attribute name="DerivativeI" value="-0.375000" />
  <attribute name="DerivativeH" value="-0.375000" />
  <attribute name="Loop Time for DT" value="8.000000" />
  <attribute name="Output H" value="8388608"/>
  <attribute name="Output I" value="200"/>
  <attribute name="Output T" value="4"/>
  <attribute name="Target GC Util Change" value ="20.000000" />
  <attribute name="Current GC Util Change" value="26.000000"/>
  <attribute name="GC Util currently" value="26" />
  <attribute name="CPU Util currently" value="609216172692" />
<allocation-satisfied id="2127" threadId="00000000013EA800" bytesRequested="632" />
<af-end id="2128" timestamp="2019-06-17T03:12:53.731" threadId="00000000013EB188" success="true" from="nursery"/>
<exclusive-end id="2129" timestamp="2019-06-17T03:12:53.731" durationms="1.105" />

<exclusive-start id="2130" timestamp="2019-06-17T03:12:53.732" intervalms="2.984">
  <response-info timems="0.029" idlems="0.029" threads="0" lastid="00000000013EA800" lastname="PmdThread 2" />
</exclusive-start>
<af-start id="2131" threadId="00000000013EB188" totalBytesRequested="24" timestamp="2019-06-17T03:12:53.733" intervalms="2.973" type="nursery" />
<cycle-start id="2132" type="scavenge" contextid="0" timestamp="2019-06-17T03:12:53.733" intervalms="2.972" />
<gc-start id="2133" type="scavenge" contextid="2132" timestamp="2019-06-17T03:12:53.733">
  <mem-info id="2134" free="2060519072" total="2092630016" percent="98">
    <mem type="nursery" free="0" total="2097152" percent="0">
      <mem type="allocate" free="0" total="1376256" percent="0" />
      <mem type="survivor" free="0" total="720896" percent="0" />
    </mem>
    <mem type="tenure" free="2060519072" total="2090532864" percent="98">
      <mem type="soa" free="1955993248" total="1986007040" percent="98" />
      <mem type="loa" free="104525824" total="104525824" percent="100" />
    </mem>
    <remembered-set count="1286" />
  </mem-info>
</gc-start>
<allocation-stats totalBytes="1099920" >
  <allocated-bytes non-tlh="632" tlh="1099288" />
  <largest-consumer threadName="PmdThread 2" threadId="00000000013EA800" bytes="515000" />
</allocation-stats>
<gc-op id="2135" type="scavenge" timems="0.502" contextid="2132" timestamp="2019-06-17T03:12:53.733">
  <scavenger-info tenureage="3" tenuremask="7ff8" tiltratio="65" />
  <memory-copied type="nursery" objects="6065" bytes="273960" bytesdiscarded="102864" />
  <memory-copied type="tenure" objects="645" bytes="19424" bytesdiscarded="0" />
  <references type="weak" candidates="14" cleared="14" enqueued="14" />
  <references type="phantom" candidates="1" cleared="0" enqueued="0" />
</gc-op>
<gc-end id="2136" type="scavenge" contextid="2132" durationms="0.699" usertimems="0.000" systemtimems="0.000" timestamp="2019-06-17T03:12:53.733" activeThreads="4">
  <mem-info id="2137" free="2061584016" total="2092630016" percent="98">
    <mem type="nursery" free="1064944" total="2097152" percent="50">
      <mem type="allocate" free="1064944" total="1441792" percent="73" />
      <mem type="survivor" free="0" total="655360" percent="0" />
    </mem>
    <mem type="tenure" free="2060519072" total="2090532864" percent="98">
      <mem type="soa" free="1955993248" total="1986007040" percent="98" />
      <mem type="loa" free="104525824" total="104525824" percent="100" />
    </mem>
    <pending-finalizers system="0" default="0" reference="14" classloader="0" />
    <remembered-set count="1097" />
  </mem-info>
</gc-end>
<cycle-end id="2138" type="scavenge" contextid="2132" timestamp="2019-06-17T03:12:53.733" />
  <attribute name="elasticGC enabled" value="1" />
  <attribute name= "numThreadsSpecified" value="4" />
  <attribute name="heapSize specified" value="8388608" />
  <attribute name="Current GC Util" value="36" />
  <attribute name= "Current Time Running" value="12303" />
  <attribute name ="GC Interval" value="200" />
  <attribute name="ProportionalT" value="24.000000" />
  <attribute name="ProportionalI" value="24.000000" />
  <attribute name="ProportionalH" value="24.000000" />
  <attribute name="Current Error" value="16.000000" />
  <attribute name="IntegralT" value="48.000000" />
  <attribute name="IntegralI" value="48.000000" />
  <attribute name="IntegralH" value="48.000000" />
  <attribute name="DerivativeT" value="5.000000" />
  <attribute name="DerivativeI" value="5.000000" />
  <attribute name="DerivativeH" value="5.000000" />
  <attribute name="Loop Time for DT" value="3.000000" />
  <attribute name="Output H" value="8388608"/>
  <attribute name="Output I" value="200"/>
  <attribute name="Output T" value="4"/>
  <attribute name="Target GC Util Change" value ="20.000000" />
  <attribute name="Current GC Util Change" value="36.000000"/>
  <attribute name="GC Util currently" value="36" />
  <attribute name="CPU Util currently" value="1559148742324" />
<allocation-satisfied id="2139" threadId="00000000013EA800" bytesRequested="24" />
<af-end id="2140" timestamp="2019-06-17T03:12:53.734" threadId="00000000013EB188" success="true" from="nursery"/>
<exclusive-end id="2141" timestamp="2019-06-17T03:12:53.734" durationms="1.141" />

<exclusive-start id="2142" timestamp="2019-06-17T03:12:53.738" intervalms="5.131">
  <response-info timems="0.403" idlems="0.212" threads="1" lastid="00000000010E1B00" lastname="JIT Compilation Thread-2" />
</exclusive-start>
<af-start id="2143" threadId="00000000013F6988" totalBytesRequested="48" timestamp="2019-06-17T03:12:53.738" intervalms="5.799" type="nursery" />
<cycle-start id="2144" type="scavenge" contextid="0" timestamp="2019-06-17T03:12:53.738" intervalms="5.791" />
<gc-start id="2145" type="scavenge" contextid="2144" timestamp="2019-06-17T03:12:53.738">
  <mem-info id="2146" free="2060519072" total="2092630016" percent="98">
    <mem type="nursery" free="0" total="2097152" percent="0">
      <mem type="allocate" free="0" total="1441792" percent="0" />
      <mem type="survivor" free="0" total="655360" percent="0" />
    </mem>
    <mem type="tenure" free="2060519072" total="2090532864" percent="98">
      <mem type="soa" free="1955993248" total="1986007040" percent="98" />
      <mem type="loa" free="104525824" total="104525824" percent="100" />
    </mem>
    <remembered-set count="1134" />
  </mem-info>
</gc-start>
<allocation-stats totalBytes="1064672" >
  <allocated-bytes non-tlh="443224" tlh="621448" />
  <largest-consumer threadName="PmdThread 4" threadId="00000000013F6000" bytes="606112" />
</allocation-stats>
<gc-op id="2147" type="scavenge" timems="0.969" contextid="2144" timestamp="2019-06-17T03:12:53.740">
  <scavenger-info tenureage="3" tenuremask="7ff8" tiltratio="68" />
  <memory-copied type="nursery" objects="6345" bytes="453288" bytesdiscarded="31280" />
  <memory-copied type="tenure" objects="839" bytes="28000" bytesdiscarded="0" />
  <references type="weak" candidates="5" cleared="5" enqueued="5" />
  <references type="phantom" candidates="1" cleared="1" enqueued="1" />
</gc-op>
<gc-end id="2148" type="scavenge" contextid="2144" durationms="1.213" usertimems="0.000" systemtimems="0.000" timestamp="2019-06-17T03:12:53.740" activeThreads="1">
  <mem-info id="2149" free="2061410712" total="2092630016" percent="98">
    <mem type="nursery" free="891640" total="2097152" percent="42">
      <mem type="allocate" free="891640" total="1376256" percent="64" />
      <mem type="survivor" free="0" total="720896" percent="0" />
    </mem>
    <mem type="tenure" free="2060519072" total="2090532864" percent="98">
      <mem type="soa" free="1955993248" total="1986007040" percent="98" />
      <mem type="loa" free="104525824" total="104525824" percent="100" />
    </mem>
    <pending-finalizers system="0" default="0" reference="6" classloader="0" />
    <remembered-set count="737" />
  </mem-info>
</gc-end>
<cycle-end id="2150" type="scavenge" contextid="2144" timestamp="2019-06-17T03:12:53.740" />
  <attribute name="elasticGC enabled" value="1" />
  <attribute name= "numThreadsSpecified" value="1" />
  <attribute name="heapSize specified" value="8388608" />
  <attribute name="Current GC Util" value="20" />
  <attribute name= "Current Time Running" value="12308" />
  <attribute name ="GC Interval" value="200" />
  <attribute name="ProportionalT" value="0.000000" />
  <attribute name="ProportionalI" value="0.000000" />
  <attribute name="ProportionalH" value="0.000000" />
  <attribute name="Current Error" value="0.000000" />
  <attribute name="IntegralT" value="0.000000" />
  <attribute name="IntegralI" value="0.000000" />
  <attribute name="IntegralH" value="0.000000" />
  <attribute name="DerivativeT" value="-4.800000" />
  <attribute name="DerivativeI" value="-4.800000" />
  <attribute name="DerivativeH" value="-4.800000" />
  <attribute name="Loop Time for DT" value="5.000000" />
  <attribute name="Output H" value="8388608"/>
  <attribute name="Output I" value="200"/>
  <attribute name="Output T" value="1"/>
  <attribute name="Target GC Util Change" value ="20.000000" />
  <attribute name="Current GC Util Change" value="20.000000"/>
  <attribute name="GC Util currently" value="20" />
  <attribute name="CPU Util currently" value="787143294743" />
<allocation-satisfied id="2151" threadId="00000000013F6000" bytesRequested="48" />
<af-end id="2152" timestamp="2019-06-17T03:12:53.740" threadId="00000000013F6988" success="true" from="nursery"/>
<exclusive-end id="2153" timestamp="2019-06-17T03:12:53.740" durationms="2.292" />

<exclusive-start id="2154" timestamp="2019-06-17T03:12:53.741" intervalms="3.451">
  <response-info timems="0.049" idlems="0.028" threads="1" lastid="00000000013E6C00" lastname="PmdThread 1" />
</exclusive-start>
<af-start id="2155" threadId="00000000013F6988" totalBytesRequested="72" timestamp="2019-06-17T03:12:53.741" intervalms="2.757" type="nursery" />
<cycle-start id="2156" type="scavenge" contextid="0" timestamp="2019-06-17T03:12:53.741" intervalms="2.760" />
<gc-start id="2157" type="scavenge" contextid="2156" timestamp="2019-06-17T03:12:53.741">
  <mem-info id="2158" free="2060519072" total="2092630016" percent="98">
    <mem type="nursery" free="0" total="2097152" percent="0">
      <mem type="allocate" free="0" total="1376256" percent="0" />
      <mem type="survivor" free="0" total="720896" percent="0" />
    </mem>
    <mem type="tenure" free="2060519072" total="2090532864" percent="98">
      <mem type="soa" free="1955993248" total="1986007040" percent="98" />
      <mem type="loa" free="104525824" total="104525824" percent="100" />
    </mem>
    <remembered-set count="739" />
  </mem-info>
</gc-start>
<allocation-stats totalBytes="890880" >
  <allocated-bytes non-tlh="65624" tlh="825256" />
  <largest-consumer threadName="PmdThread 4" threadId="00000000013F6000" bytes="600096" />
</allocation-stats>
<gc-op id="2159" type="scavenge" timems="0.962" contextid="2156" timestamp="2019-06-17T03:12:53.742">
  <scavenger-info tenureage="2" tenuremask="7ffc" tiltratio="65" />
  <memory-copied type="nursery" objects="2824" bytes="395408" bytesdiscarded="39440" />
  <memory-copied type="tenure" objects="5073" bytes="232752" bytesdiscarded="40" />
  <references type="phantom" candidates="1" cleared="0" enqueued="0" />
</gc-op>
<gc-end id="2160" type="scavenge" contextid="2156" durationms="1.120" usertimems="4.000" systemtimems="0.000" timestamp="2019-06-17T03:12:53.742" activeThreads="4">
  <mem-info id="2161" free="2061214128" total="2092630016" percent="98">
    <mem type="nursery" free="1006896" total="2097152" percent="48">
      <mem type="allocate" free="1006896" total="1441792" percent="69" />
      <mem type="survivor" free="0" total="655360" percent="0" />
    </mem>
    <mem type="tenure" free="2060207232" total="2090532864" percent="98">
      <mem type="soa" free="1955681408" total="1986007040" percent="98" />
      <mem type="loa" free="104525824" total="104525824" percent="100" />
    </mem>
    <remembered-set count="343" />
  </mem-info>
</gc-end>
<cycle-end id="2162" type="scavenge" contextid="2156" timestamp="2019-06-17T03:12:53.742" />
  <attribute name="elasticGC enabled" value="1" />
  <attribute name= "numThreadsSpecified" value="4" />
  <attribute name="heapSize specified" value="8388608" />
  <attribute name="Current GC Util" value="39" />
  <attribute name= "Current Time Running" value="12311" />
  <attribute name ="GC Interval" value="200" />
  <attribute name="ProportionalT" value="28.500000" />
  <attribute name="ProportionalI" value="28.500000" />
  <attribute name="ProportionalH" value="28.500000" />
  <attribute name="Current Error" value="19.000000" />
  <attribute name="IntegralT" value="57.000000" />
  <attribute name="IntegralI" value="57.000000" />
  <attribute name="IntegralH" value="57.000000" />
  <attribute name="DerivativeT" value="9.500000" />
  <attribute name="DerivativeI" value="9.500000" />
  <attribute name="DerivativeH" value="9.500000" />
  <attribute name="Loop Time for DT" value="3.000000" />
  <attribute name="Output H" value="8388608"/>
  <attribute name="Output I" value="200"/>
  <attribute name="Output T" value="4"/>
  <attribute name="Target GC Util Change" value ="20.000000" />
  <attribute name="Current GC Util Change" value="39.000000"/>
  <attribute name="GC Util currently" value="39" />
  <attribute name="CPU Util currently" value="1725675287771" />
<allocation-satisfied id="2163" threadId="00000000013F6000" bytesRequested="72" />
<af-end id="2164" timestamp="2019-06-17T03:12:53.742" threadId="00000000013F6988" success="true" from="nursery"/>
<exclusive-end id="2165" timestamp="2019-06-17T03:12:53.743" durationms="1.477" />

<exclusive-start id="2166" timestamp="2019-06-17T03:12:53.744" intervalms="2.982">
  <response-info timems="0.050" idlems="0.050" threads="0" lastid="00000000013F6000" lastname="PmdThread 4" />
</exclusive-start>
<af-start id="2167" threadId="00000000013F6988" totalBytesRequested="16" timestamp="2019-06-17T03:12:53.744" intervalms="2.985" type="nursery" />
<cycle-start id="2168" type="scavenge" contextid="0" timestamp="2019-06-17T03:12:53.744" intervalms="2.973" />
<gc-start id="2169" type="scavenge" contextid="2168" timestamp="2019-06-17T03:12:53.744">
  <mem-info id="2170" free="2060206864" total="2092630016" percent="98">
    <mem type="nursery" free="0" total="2097152" percent="0">
      <mem type="allocate" free="0" total="1441792" percent="0" />
      <mem type="survivor" free="0" total="655360" percent="0" />
    </mem>
    <mem type="tenure" free="2060206864" total="2090532864" percent="98">
      <mem type="soa" free="1955681040" total="1986007040" percent="98" />
      <mem type="loa" free="104525824" total="104525824" percent="100" />
    </mem>
    <remembered-set count="355" />
  </mem-info>
</gc-start>
<allocation-stats totalBytes="1006896" >
  <allocated-bytes non-tlh="440" tlh="1006456" />
  <largest-consumer threadName="PmdThread 4" threadId="00000000013F6000" bytes="904160" />
</allocation-stats>
<gc-op id="2171" type="scavenge" timems="0.999" contextid="2168" timestamp="2019-06-17T03:12:53.745">
  <scavenger-info tenureage="2" tenuremask="7ffc" tiltratio="68" />
  <memory-copied type="nursery" objects="2538" bytes="224056" bytesdiscarded="221920" />
  <memory-copied type="tenure" objects="1164" bytes="204848" bytesdiscarded="0" />
  <references type="weak" candidates="7" cleared="7" enqueued="7" />
  <references type="phantom" candidates="2" cleared="1" enqueued="1" />
</gc-op>
<gc-end id="2172" type="scavenge" contextid="2168" durationms="1.162" usertimems="4.000" systemtimems="0.000" timestamp="2019-06-17T03:12:53.745" activeThreads="4">
  <mem-info id="2173" free="2061033120" total="2092630016" percent="98">
    <mem type="nursery" free="995800" total="2097152" percent="47">
      <mem type="allocate" free="995800" total="1441792" percent="69" />
      <mem type="survivor" free="0" total="655360" percent="0" />
    </mem>
    <mem type="tenure" free="2060037320" total="2090532864" percent="98">
      <mem type="soa" free="1955511496" total="1986007040" percent="98" />
      <mem type="loa" free="104525824" total="104525824" percent="100" />
    </mem>
    <pending-finalizers system="0" default="0" reference="8" classloader="0" />
    <remembered-set count="166" />
  </mem-info>
</gc-end>
<cycle-end id="2174" type="scavenge" contextid="2168" timestamp="2019-06-17T03:12:53.745" />
  <attribute name="elasticGC enabled" value="1" />
  <attribute name= "numThreadsSpecified" value="4" />
  <attribute name="heapSize specified" value="8388608" />
  <attribute name="Current GC Util" value="77" />
  <attribute name= "Current Time Running" value="12314" />
  <attribute name ="GC Interval" value="280" />
  <attribute name="ProportionalT" value="85.500000" />
  <attribute name="ProportionalI" value="85.500000" />
  <attribute name="ProportionalH" value="85.500000" />
  <attribute name="Current Error" value="57.000000" />
  <attribute name="IntegralT" value="171.000000" />
  <attribute name="IntegralI" value="171.000000" />
  <attribute name="IntegralH" value="171.000000" />
  <attribute name="DerivativeT" value="19.000000" />
  <attribute name="DerivativeI" value="19.000000" />
  <attribute name="DerivativeH" value="19.000000" />
  <attribute name="Loop Time for DT" value="3.000000" />
  <attribute name="Output H" value="8388608"/>
  <attribute name="Output I" value="280"/>
  <attribute name="Output T" value="4"/>
  <attribute name="Target GC Util Change" value ="20.000000" />
  <attribute name="Current GC Util Change" value="77.000000"/>
  <attribute name="GC Util currently" value="77" />
  <attribute name="CPU Util currently" value="1552420136097" />
<allocation-satisfied id="2175" threadId="00000000013F6000" bytesRequested="16" />
<af-end id="2176" timestamp="2019-06-17T03:12:53.745" threadId="00000000013F6988" success="true" from="nursery"/>
<exclusive-end id="2177" timestamp="2019-06-17T03:12:53.746" durationms="1.494" />

<exclusive-start id="2178" timestamp="2019-06-17T03:12:53.747" intervalms="3.298">
  <response-info timems="0.197" idlems="0.182" threads="1" lastid="00000000013EA800" lastname="PmdThread 2" />
</exclusive-start>
<af-start id="2179" threadId="00000000013E7588" totalBytesRequested="8200" timestamp="2019-06-17T03:12:53.747" intervalms="3.308" type="nursery" />
<cycle-start id="2180" type="scavenge" contextid="0" timestamp="2019-06-17T03:12:53.748" intervalms="3.398" />
<gc-start id="2181" type="scavenge" contextid="2180" timestamp="2019-06-17T03:12:53.748">
  <mem-info id="2182" free="2060037320" total="2092630016" percent="98">
    <mem type="nursery" free="0" total="2097152" percent="0">
      <mem type="allocate" free="0" total="1441792" percent="0" />
      <mem type="survivor" free="0" total="655360" percent="0" />
    </mem>
    <mem type="tenure" free="2060037320" total="2090532864" percent="98">
      <mem type="soa" free="1955511496" total="1986007040" percent="98" />
      <mem type="loa" free="104525824" total="104525824" percent="100" />
    </mem>
    <remembered-set count="181" />
  </mem-info>
</gc-start>
<allocation-stats totalBytes="993392" >
  <allocated-bytes non-tlh="16" tlh="993376" />
  <largest-consumer threadName="PmdThread 4" threadId="00000000013F6000" bytes="871880" />
</allocation-stats>
<gc-op id="2183" type="scavenge" timems="0.396" contextid="2180" timestamp="2019-06-17T03:12:53.748">
  <scavenger-info tenureage="2" tenuremask="7ffc" tiltratio="68" />
  <memory-copied type="nursery" objects="1924" bytes="74288" bytesdiscarded="135336" />
  <memory-copied type="tenure" objects="1510" bytes="174840" bytesdiscarded="8" />
  <references type="weak" candidates="1" cleared="0" enqueued="0" />
  <references type="phantom" candidates="2" cleared="0" enqueued="0" />
</gc-op>
<gc-end id="2184" type="scavenge" contextid="2180" durationms="0.707" usertimems="0.000" systemtimems="0.000" timestamp="2019-06-17T03:12:53.748" activeThreads="4">
  <mem-info id="2185" free="2061361352" total="2092630016" percent="98">
    <mem type="nursery" free="1363200" total="2097152" percent="65">
      <mem type="allocate" free="1363200" total="1572864" percent="86" />
      <mem type="survivor" free="0" total="524288" percent="0" />
    </mem>
    <mem type="tenure" free="2059998152" total="2090532864" percent="98">
      <mem type="soa" free="1955472328" total="1986007040" percent="98" />
      <mem type="loa" free="104525824" total="104525824" percent="100" />
    </mem>
    <remembered-set count="254" />
  </mem-info>
</gc-end>
<cycle-end id="2186" type="scavenge" contextid="2180" timestamp="2019-06-17T03:12:53.748" />
  <attribute name="elasticGC enabled" value="1" />
  <attribute name= "numThreadsSpecified" value="4" />
  <attribute name="heapSize specified" value="8388608" />
  <attribute name="Current GC Util" value="53" />
  <attribute name= "Current Time Running" value="12318" />
  <attribute name ="GC Interval" value="200" />
  <attribute name="ProportionalT" value="49.500000" />
  <attribute name="ProportionalI" value="49.500000" />
  <attribute name="ProportionalH" value="49.500000" />
  <attribute name="Current Error" value="33.000000" />
  <attribute name="IntegralT" value="132.000000" />
  <attribute name="IntegralI" value="132.000000" />
  <attribute name="IntegralH" value="132.000000" />
  <attribute name="DerivativeT" value="-9.000000" />
  <attribute name="DerivativeI" value="-9.000000" />
  <attribute name="DerivativeH" value="-9.000000" />
  <attribute name="Loop Time for DT" value="4.000000" />
  <attribute name="Output H" value="8388608"/>
  <attribute name="Output I" value="200"/>
  <attribute name="Output T" value="4"/>
  <attribute name="Target GC Util Change" value ="20.000000" />
  <attribute name="Current GC Util Change" value="53.000000"/>
  <attribute name="GC Util currently" value="53" />
  <attribute name="CPU Util currently" value="1286424013890" />
<allocation-satisfied id="2187" threadId="00000000013E6C00" bytesRequested="8200" />
<af-end id="2188" timestamp="2019-06-17T03:12:53.749" threadId="00000000013E7588" success="true" from="nursery"/>
<exclusive-end id="2189" timestamp="2019-06-17T03:12:53.749" durationms="1.300" />

<exclusive-start id="2190" timestamp="2019-06-17T03:12:53.756" intervalms="8.343">
  <response-info timems="2.369" idlems="1.574" threads="2" lastid="00000000010DDF00" lastname="JIT Compilation Thread-1" />
</exclusive-start>
<af-start id="2191" threadId="00000000013E7588" totalBytesRequested="4376" timestamp="2019-06-17T03:12:53.756" intervalms="8.392" type="nursery" />
<cycle-start id="2192" type="scavenge" contextid="0" timestamp="2019-06-17T03:12:53.756" intervalms="8.354" />
<gc-start id="2193" type="scavenge" contextid="2192" timestamp="2019-06-17T03:12:53.756">
  <mem-info id="2194" free="2059996976" total="2092630016" percent="98">
    <mem type="nursery" free="0" total="2097152" percent="0">
      <mem type="allocate" free="0" total="1572864" percent="0" />
      <mem type="survivor" free="0" total="524288" percent="0" />
    </mem>
    <mem type="tenure" free="2059996976" total="2090532864" percent="98">
      <mem type="soa" free="1955471152" total="1986007040" percent="98" />
      <mem type="loa" free="104525824" total="104525824" percent="100" />
    </mem>
    <remembered-set count="293" />
  </mem-info>
</gc-start>
<allocation-stats totalBytes="1362136" >
  <allocated-bytes non-tlh="101808" tlh="1260328" />
  <largest-consumer threadName="PmdThread 4" threadId="00000000013F6000" bytes="818880" />
</allocation-stats>
<gc-op id="2195" type="scavenge" timems="0.641" contextid="2192" timestamp="2019-06-17T03:12:53.757">
  <scavenger-info tenureage="3" tenuremask="7ff8" tiltratio="75" />
  <memory-copied type="nursery" objects="4498" bytes="213120" bytesdiscarded="76904" />
  <references type="weak" candidates="20" cleared="20" enqueued="20" />
  <references type="phantom" candidates="8" cleared="6" enqueued="6" />
</gc-op>
<gc-end id="2196" type="scavenge" contextid="2192" durationms="0.920" usertimems="4.000" systemtimems="0.000" timestamp="2019-06-17T03:12:53.757" activeThreads="4">
  <mem-info id="2197" free="2061279768" total="2092630016" percent="98">
    <mem type="nursery" free="1282792" total="2097152" percent="61">
      <mem type="allocate" free="1282792" total="1572864" percent="81" />
      <mem type="survivor" free="0" total="524288" percent="0" />
    </mem>
    <mem type="tenure" free="2059996976" total="2090532864" percent="98">
      <mem type="soa" free="1955471152" total="1986007040" percent="98" />
      <mem type="loa" free="104525824" total="104525824" percent="100" />
    </mem>
    <pending-finalizers system="0" default="0" reference="26" classloader="0" />
    <remembered-set count="281" />
  </mem-info>
</gc-end>
<cycle-end id="2198" type="scavenge" contextid="2192" timestamp="2019-06-17T03:12:53.757" />
  <attribute name="elasticGC enabled" value="1" />
  <attribute name= "numThreadsSpecified" value="4" />
  <attribute name="heapSize specified" value="8388608" />
  <attribute name="Current GC Util" value="12" />
  <attribute name= "Current Time Running" value="12326" />
  <attribute name ="GC Interval" value="200" />
  <attribute name="ProportionalT" value="-12.000000" />
  <attribute name="ProportionalI" value="-12.000000" />
  <attribute name="ProportionalH" value="-12.000000" />
  <attribute name="Current Error" value="-8.000000" />
  <attribute name="IntegralT" value="-64.000000" />
  <attribute name="IntegralI" value="-64.000000" />
  <attribute name="IntegralH" value="-64.000000" />
  <attribute name="DerivativeT" value="-7.687500" />
  <attribute name="DerivativeI" value="-7.687500" />
  <attribute name="DerivativeH" value="-7.687500" />
  <attribute name="Loop Time for DT" value="8.000000" />
  <attribute name="Output H" value="2092630016"/>
  <attribute name="Output I" value="200"/>
  <attribute name="Output T" value="4"/>
  <attribute name="Target GC Util Change" value ="20.000000" />
  <attribute name="Current GC Util Change" value="12.000000"/>
  <attribute name="GC Util currently" value="12" />
  <attribute name="CPU Util currently" value="554551396180" />
<allocation-satisfied id="2199" threadId="00000000013E6C00" bytesRequested="4376" />
<af-end id="2200" timestamp="2019-06-17T03:12:53.757" threadId="00000000013E7588" success="true" from="nursery"/>
<exclusive-end id="2201" timestamp="2019-06-17T03:12:53.757" durationms="1.474" />

<exclusive-start id="2202" timestamp="2019-06-17T03:12:53.762" intervalms="6.724">
  <response-info timems="0.092" idlems="0.055" threads="1" lastid="00000000010DDF00" lastname="JIT Compilation Thread-1" />
</exclusive-start>
<af-start id="2203" threadId="00000000013E7588" totalBytesRequested="64" timestamp="2019-06-17T03:12:53.762" intervalms="6.691" type="nursery" />
<cycle-start id="2204" type="scavenge" contextid="0" timestamp="2019-06-17T03:12:53.763" intervalms="6.657" />
<gc-start id="2205" type="scavenge" contextid="2204" timestamp="2019-06-17T03:12:53.763">
  <mem-info id="2206" free="2059996616" total="2092630016" percent="98">
    <mem type="nursery" free="0" total="2097152" percent="0">
      <mem type="allocate" free="0" total="1572864" percent="0" />
      <mem type="survivor" free="0" total="524288" percent="0" />
    </mem>
    <mem type="tenure" free="2059996616" total="2090532864" percent="98">
      <mem type="soa" free="1955470792" total="1986007040" percent="98" />
      <mem type="loa" free="104525824" total="104525824" percent="100" />
    </mem>
    <remembered-set count="495" />
  </mem-info>
</gc-start>
<allocation-stats totalBytes="1274616" >
  <allocated-bytes non-tlh="4736" tlh="1269880" />
  <largest-consumer threadName="PmdThread 4" threadId="00000000013F6000" bytes="813648" />
</allocation-stats>
<gc-op id="2207" type="scavenge" timems="0.518" contextid="2204" timestamp="2019-06-17T03:12:53.763">
  <scavenger-info tenureage="3" tenuremask="7ff8" tiltratio="75" />
  <memory-copied type="nursery" objects="4295" bytes="323568" bytesdiscarded="122280" />
  <memory-copied type="tenure" objects="869" bytes="31704" bytesdiscarded="0" />
  <references type="weak" candidates="151" cleared="151" enqueued="151" />
  <references type="phantom" candidates="3" cleared="0" enqueued="0" />
</gc-op>
<gc-end id="2208" type="scavenge" contextid="2204" durationms="0.740" usertimems="0.000" systemtimems="0.000" timestamp="2019-06-17T03:12:53.763" activeThreads="4">
  <mem-info id="2209" free="2061123240" total="2092630016" percent="98">
    <mem type="nursery" free="1126624" total="2097152" percent="53">
      <mem type="allocate" free="1126624" total="1572864" percent="71" />
      <mem type="survivor" free="0" total="524288" percent="0" />
    </mem>
    <mem type="tenure" free="2059996616" total="2090532864" percent="98">
      <mem type="soa" free="1955470792" total="1986007040" percent="98" />
      <mem type="loa" free="104525824" total="104525824" percent="100" />
    </mem>
    <pending-finalizers system="0" default="0" reference="151" classloader="0" />
    <remembered-set count="271" />
  </mem-info>
</gc-end>
<cycle-end id="2210" type="scavenge" contextid="2204" timestamp="2019-06-17T03:12:53.763" />
  <attribute name="elasticGC enabled" value="1" />
  <attribute name= "numThreadsSpecified" value="4" />
  <attribute name="heapSize specified" value="8388608" />
  <attribute name="Current GC Util" value="15" />
  <attribute name= "Current Time Running" value="12333" />
  <attribute name ="GC Interval" value="200" />
  <attribute name="ProportionalT" value="-7.500000" />
  <attribute name="ProportionalI" value="-7.500000" />
  <attribute name="ProportionalH" value="-7.500000" />
  <attribute name="Current Error" value="-5.000000" />
  <attribute name="IntegralT" value="-35.000000" />
  <attribute name="IntegralI" value="-35.000000" />
  <attribute name="IntegralH" value="-35.000000" />
  <attribute name="DerivativeT" value="-1.071429" />
  <attribute name="DerivativeI" value="-1.071429" />
  <attribute name="DerivativeH" value="-1.071429" />
  <attribute name="Loop Time for DT" value="7.000000" />
  <attribute name="Output H" value="2092630016"/>
  <attribute name="Output I" value="200"/>
  <attribute name="Output T" value="4"/>
  <attribute name="Target GC Util Change" value ="20.000000" />
  <attribute name="Current GC Util Change" value="15.000000"/>
  <attribute name="GC Util currently" value="15" />
  <attribute name="CPU Util currently" value="705099447006" />
<allocation-satisfied id="2211" threadId="00000000013E6C00" bytesRequested="64" />
<af-end id="2212" timestamp="2019-06-17T03:12:53.764" threadId="00000000013E7588" success="true" from="nursery"/>
<exclusive-end id="2213" timestamp="2019-06-17T03:12:53.764" durationms="1.362" />

<exclusive-start id="2214" timestamp="2019-06-17T03:12:53.767" intervalms="4.599">
  <response-info timems="0.056" idlems="0.056" threads="0" lastid="00000000013F2400" lastname="PmdThread 3" />
</exclusive-start>
<af-start id="2215" threadId="00000000013F2D88" totalBytesRequested="7176" timestamp="2019-06-17T03:12:53.767" intervalms="4.595" type="nursery" />
<cycle-start id="2216" type="scavenge" contextid="0" timestamp="2019-06-17T03:12:53.768" intervalms="5.071" />
<gc-start id="2217" type="scavenge" contextid="2216" timestamp="2019-06-17T03:12:53.768">
  <mem-info id="2218" free="2059996432" total="2092630016" percent="98">
    <mem type="nursery" free="0" total="2097152" percent="0">
      <mem type="allocate" free="0" total="1572864" percent="0" />
      <mem type="survivor" free="0" total="524288" percent="0" />
    </mem>
    <mem type="tenure" free="2059996432" total="2090532864" percent="98">
      <mem type="soa" free="1955470608" total="1986007040" percent="98" />
      <mem type="loa" free="104525824" total="104525824" percent="100" />
    </mem>
    <remembered-set count="444" />
  </mem-info>
</gc-start>
<allocation-stats totalBytes="1123552" >
  <allocated-bytes non-tlh="248" tlh="1123304" />
  <largest-consumer threadName="PmdThread 4" threadId="00000000013F6000" bytes="744696" />
</allocation-stats>
<gc-op id="2219" type="scavenge" timems="0.572" contextid="2216" timestamp="2019-06-17T03:12:53.768">
  <scavenger-info tenureage="3" tenuremask="7ff8" tiltratio="75" />
  <memory-copied type="nursery" objects="4503" bytes="336408" bytesdiscarded="128224" />
  <memory-copied type="tenure" objects="985" bytes="32016" bytesdiscarded="0" />
  <references type="weak" candidates="119" cleared="118" enqueued="118" />
  <references type="phantom" candidates="5" cleared="2" enqueued="2" />
</gc-op>
<gc-end id="2220" type="scavenge" contextid="2216" durationms="0.808" usertimems="0.000" systemtimems="0.000" timestamp="2019-06-17T03:12:53.768" activeThreads="4">
  <mem-info id="2221" free="2061170128" total="2092630016" percent="98">
    <mem type="nursery" free="1173696" total="2097152" percent="55">
      <mem type="allocate" free="1173696" total="1638400" percent="71" />
      <mem type="survivor" free="0" total="458752" percent="0" />
    </mem>
    <mem type="tenure" free="2059996432" total="2090532864" percent="98">
      <mem type="soa" free="1955470608" total="1986007040" percent="98" />
      <mem type="loa" free="104525824" total="104525824" percent="100" />
    </mem>
    <pending-finalizers system="0" default="0" reference="120" classloader="0" />
    <remembered-set count="165" />
  </mem-info>
</gc-end>
<cycle-end id="2222" type="scavenge" contextid="2216" timestamp="2019-06-17T03:12:53.769" />
  <attribute name="elasticGC enabled" value="1" />
  <attribute name= "numThreadsSpecified" value="4" />
  <attribute name="heapSize specified" value="8388608" />
  <attribute name="Current GC Util" value="21" />
  <attribute name= "Current Time Running" value="12338" />
  <attribute name ="GC Interval" value="200" />
  <attribute name="ProportionalT" value="1.500000" />
  <attribute name="ProportionalI" value="1.500000" />
  <attribute name="ProportionalH" value="1.500000" />
  <attribute name="Current Error" value="1.000000" />
  <attribute name="IntegralT" value="5.000000" />
  <attribute name="IntegralI" value="5.000000" />
  <attribute name="IntegralH" value="5.000000" />
  <attribute name="DerivativeT" value="0.300000" />
  <attribute name="DerivativeI" value="0.300000" />
  <attribute name="DerivativeH" value="0.300000" />
  <attribute name="Loop Time for DT" value="5.000000" />
  <attribute name="Output H" value="8388608"/>
  <attribute name="Output I" value="200"/>
  <attribute name="Output T" value="4"/>
  <attribute name="Target GC Util Change" value ="20.000000" />
  <attribute name="Current GC Util Change" value="21.000000"/>
  <attribute name="GC Util currently" value="21" />
  <attribute name="CPU Util currently" value="906477115934" />
<allocation-satisfied id="2223" threadId="00000000013F2400" bytesRequested="7176" />
<af-end id="2224" timestamp="2019-06-17T03:12:53.769" threadId="00000000013F2D88" success="true" from="nursery"/>
<exclusive-end id="2225" timestamp="2019-06-17T03:12:53.769" durationms="1.911" />

<exclusive-start id="2226" timestamp="2019-06-17T03:12:53.774" intervalms="7.120">
  <response-info timems="0.048" idlems="0.048" threads="0" lastid="00000000013F6000" lastname="PmdThread 4" />
</exclusive-start>
<af-start id="2227" threadId="00000000013F6988" totalBytesRequested="720" timestamp="2019-06-17T03:12:53.775" intervalms="7.779" type="nursery" />
<cycle-start id="2228" type="scavenge" contextid="0" timestamp="2019-06-17T03:12:53.775" intervalms="7.327" />
<gc-start id="2229" type="scavenge" contextid="2228" timestamp="2019-06-17T03:12:53.775">
  <mem-info id="2230" free="2059995664" total="2092630016" percent="98">
    <mem type="nursery" free="0" total="2097152" percent="0">
      <mem type="allocate" free="0" total="1638400" percent="0" />
      <mem type="survivor" free="0" total="458752" percent="0" />
    </mem>
    <mem type="tenure" free="2059995664" total="2090532864" percent="98">
      <mem type="soa" free="1955469840" total="1986007040" percent="98" />
      <mem type="loa" free="104525824" total="104525824" percent="100" />
    </mem>
    <remembered-set count="318" />
  </mem-info>
</gc-start>
<allocation-stats totalBytes="1170848" >
  <allocated-bytes non-tlh="40728" tlh="1130120" />
  <largest-consumer threadName="PmdThread 4" threadId="00000000013F6000" bytes="428464" />
</allocation-stats>
<gc-op id="2231" type="scavenge" timems="0.959" contextid="2228" timestamp="2019-06-17T03:12:53.776">
  <scavenger-info tenureage="3" tenuremask="7ff8" tiltratio="78" />
  <memory-copied type="nursery" objects="1999" bytes="188936" bytesdiscarded="209360" />
  <memory-copied type="tenure" objects="790" bytes="22536" bytesdiscarded="0" />
  <references type="weak" candidates="123" cleared="122" enqueued="122" />
  <references type="phantom" candidates="1" cleared="1" enqueued="1" />
</gc-op>
<gc-end id="2232" type="scavenge" contextid="2228" durationms="1.316" usertimems="0.000" systemtimems="4.000" timestamp="2019-06-17T03:12:53.776" activeThreads="4">
  <mem-info id="2233" free="2061301224" total="2092630016" percent="98">
    <mem type="nursery" free="1305560" total="2097152" percent="62">
      <mem type="allocate" free="1305560" total="1703936" percent="76" />
      <mem type="survivor" free="0" total="393216" percent="0" />
    </mem>
    <mem type="tenure" free="2059995664" total="2090532864" percent="98">
      <mem type="soa" free="1955469840" total="1986007040" percent="98" />
      <mem type="loa" free="104525824" total="104525824" percent="100" />
    </mem>
    <pending-finalizers system="0" default="0" reference="123" classloader="0" />
    <remembered-set count="128" />
  </mem-info>
</gc-end>
<cycle-end id="2234" type="scavenge" contextid="2228" timestamp="2019-06-17T03:12:53.776" />
  <attribute name="elasticGC enabled" value="1" />
  <attribute name= "numThreadsSpecified" value="4" />
  <attribute name="heapSize specified" value="8388608" />
  <attribute name="Current GC Util" value="15" />
  <attribute name= "Current Time Running" value="12345" />
  <attribute name ="GC Interval" value="200" />
  <attribute name="ProportionalT" value="-7.500000" />
  <attribute name="ProportionalI" value="-7.500000" />
  <attribute name="ProportionalH" value="-7.500000" />
  <attribute name="Current Error" value="-5.000000" />
  <attribute name="IntegralT" value="-35.000000" />
  <attribute name="IntegralI" value="-35.000000" />
  <attribute name="IntegralH" value="-35.000000" />
  <attribute name="DerivativeT" value="-1.285714" />
  <attribute name="DerivativeI" value="-1.285714" />
  <attribute name="DerivativeH" value="-1.285714" />
  <attribute name="Loop Time for DT" value="7.000000" />
  <attribute name="Output H" value="2092630016"/>
  <attribute name="Output I" value="200"/>
  <attribute name="Output T" value="4"/>
  <attribute name="Target GC Util Change" value ="20.000000" />
  <attribute name="Current GC Util Change" value="15.000000"/>
  <attribute name="GC Util currently" value="15" />
  <attribute name="CPU Util currently" value="612881787852" />
<allocation-satisfied id="2235" threadId="00000000013F6000" bytesRequested="720" />
<af-end id="2236" timestamp="2019-06-17T03:12:53.777" threadId="00000000013F6988" success="true" from="nursery"/>
<exclusive-end id="2237" timestamp="2019-06-17T03:12:53.777" durationms="2.534" />

<exclusive-start id="2238" timestamp="2019-06-17T03:12:53.780" intervalms="5.682">
  <response-info timems="0.068" idlems="0.045" threads="1" lastid="00000000013F2400" lastname="PmdThread 3" />
</exclusive-start>
<af-start id="2239" threadId="00000000013E7588" totalBytesRequested="24" timestamp="2019-06-17T03:12:53.780" intervalms="5.035" type="nursery" />
<cycle-start id="2240" type="scavenge" contextid="0" timestamp="2019-06-17T03:12:53.780" intervalms="5.051" />
<gc-start id="2241" type="scavenge" contextid="2240" timestamp="2019-06-17T03:12:53.780">
  <mem-info id="2242" free="2059995664" total="2092630016" percent="98">
    <mem type="nursery" free="0" total="2097152" percent="0">
      <mem type="allocate" free="0" total="1703936" percent="0" />
      <mem type="survivor" free="0" total="393216" percent="0" />
    </mem>
    <mem type="tenure" free="2059995664" total="2090532864" percent="98">
      <mem type="soa" free="1955469840" total="1986007040" percent="98" />
      <mem type="loa" free="104525824" total="104525824" percent="100" />
    </mem>
    <remembered-set count="347" />
  </mem-info>
</gc-start>
<allocation-stats totalBytes="1302240" >
  <allocated-bytes non-tlh="17112" tlh="1285128" />
  <largest-consumer threadName="PmdThread 4" threadId="00000000013F6000" bytes="738104" />
</allocation-stats>
<gc-op id="2243" type="scavenge" timems="0.510" contextid="2240" timestamp="2019-06-17T03:12:53.781">
  <scavenger-info tenureage="3" tenuremask="7ff8" tiltratio="81" />
  <memory-copied type="nursery" objects="2645" bytes="210984" bytesdiscarded="181656" />
  <memory-copied type="tenure" objects="201" bytes="66280" bytesdiscarded="480" />
  <references type="weak" candidates="146" cleared="146" enqueued="146" />
  <references type="phantom" candidates="1" cleared="1" enqueued="1" />
</gc-op>
<gc-end id="2244" type="scavenge" contextid="2240" durationms="1.293" usertimems="0.000" systemtimems="0.000" timestamp="2019-06-17T03:12:53.781" activeThreads="4">
  <mem-info id="2245" free="2061205000" total="2092630016" percent="98">
    <mem type="nursery" free="1310720" total="2097152" percent="62">
      <mem type="allocate" free="1310720" total="1703936" percent="76" />
      <mem type="survivor" free="0" total="393216" percent="0" />
    </mem>
    <mem type="tenure" free="2059894280" total="2090532864" percent="98">
      <mem type="soa" free="1955368456" total="1986007040" percent="98" />
      <mem type="loa" free="104525824" total="104525824" percent="100" />
    </mem>
    <pending-finalizers system="0" default="0" reference="147" classloader="0" />
    <remembered-set count="145" />
  </mem-info>
</gc-end>
<cycle-end id="2246" type="scavenge" contextid="2240" timestamp="2019-06-17T03:12:53.781" />
  <attribute name="elasticGC enabled" value="1" />
  <attribute name= "numThreadsSpecified" value="4" />
  <attribute name="heapSize specified" value="8388608" />
  <attribute name="Current GC Util" value="37" />
  <attribute name= "Current Time Running" value="12350" />
  <attribute name ="GC Interval" value="200" />
  <attribute name="ProportionalT" value="25.500000" />
  <attribute name="ProportionalI" value="25.500000" />
  <attribute name="ProportionalH" value="25.500000" />
  <attribute name="Current Error" value="17.000000" />
  <attribute name="IntegralT" value="85.000000" />
  <attribute name="IntegralI" value="85.000000" />
  <attribute name="IntegralH" value="85.000000" />
  <attribute name="DerivativeT" value="5.100000" />
  <attribute name="DerivativeI" value="5.100000" />
  <attribute name="DerivativeH" value="5.100000" />
  <attribute name="Loop Time for DT" value="5.000000" />
  <attribute name="Output H" value="8388608"/>
  <attribute name="Output I" value="200"/>
  <attribute name="Output T" value="4"/>
  <attribute name="Target GC Util Change" value ="20.000000" />
  <attribute name="Current GC Util Change" value="37.000000"/>
  <attribute name="GC Util currently" value="37" />
  <attribute name="CPU Util currently" value="925021800349" />
<allocation-satisfied id="2247" threadId="00000000013E6C00" bytesRequested="24" />
<af-end id="2248" timestamp="2019-06-17T03:12:53.782" threadId="00000000013E7588" success="true" from="nursery"/>
<exclusive-end id="2249" timestamp="2019-06-17T03:12:53.782" durationms="2.076" />

<exclusive-start id="2250" timestamp="2019-06-17T03:12:53.784" intervalms="4.503">
  <response-info timems="0.032" idlems="0.032" threads="0" lastid="00000000013EA800" lastname="PmdThread 2" />
</exclusive-start>
<af-start id="2251" threadId="00000000013EB188" totalBytesRequested="40" timestamp="2019-06-17T03:12:53.784" intervalms="4.512" type="nursery" />
<cycle-start id="2252" type="scavenge" contextid="0" timestamp="2019-06-17T03:12:53.784" intervalms="4.476" />
<gc-start id="2253" type="scavenge" contextid="2252" timestamp="2019-06-17T03:12:53.785">
  <mem-info id="2254" free="2059894280" total="2092630016" percent="98">
    <mem type="nursery" free="0" total="2097152" percent="0">
      <mem type="allocate" free="0" total="1703936" percent="0" />
      <mem type="survivor" free="0" total="393216" percent="0" />
    </mem>
    <mem type="tenure" free="2059894280" total="2090532864" percent="98">
      <mem type="soa" free="1955368456" total="1986007040" percent="98" />
      <mem type="loa" free="104525824" total="104525824" percent="100" />
    </mem>
    <remembered-set count="390" />
  </mem-info>
</gc-start>
<allocation-stats totalBytes="1309104" >
  <allocated-bytes non-tlh="32808" tlh="1276296" />
  <largest-consumer threadName="PmdThread 4" threadId="00000000013F6000" bytes="703472" />
</allocation-stats>
<gc-op id="2255" type="scavenge" timems="0.550" contextid="2252" timestamp="2019-06-17T03:12:53.785">
  <scavenger-info tenureage="3" tenuremask="7ff8" tiltratio="81" />
  <memory-copied type="nursery" objects="3517" bytes="257272" bytesdiscarded="135912" />
  <memory-copied type="tenure" objects="1115" bytes="37968" bytesdiscarded="0" />
  <references type="weak" candidates="87" cleared="87" enqueued="87" />
  <references type="phantom" candidates="1" cleared="0" enqueued="0" />
</gc-op>
<gc-end id="2256" type="scavenge" contextid="2252" durationms="0.752" usertimems="0.000" systemtimems="0.000" timestamp="2019-06-17T03:12:53.785" activeThreads="4">
  <mem-info id="2257" free="2061205000" total="2092630016" percent="98">
    <mem type="nursery" free="1310720" total="2097152" percent="62">
      <mem type="allocate" free="1310720" total="1703936" percent="76" />
      <mem type="survivor" free="0" total="393216" percent="0" />
    </mem>
    <mem type="tenure" free="2059894280" total="2090532864" percent="98">
      <mem type="soa" free="1955368456" total="1986007040" percent="98" />
      <mem type="loa" free="104525824" total="104525824" percent="100" />
    </mem>
    <pending-finalizers system="0" default="0" reference="87" classloader="0" />
    <remembered-set count="129" />
  </mem-info>
</gc-end>
<cycle-end id="2258" type="scavenge" contextid="2252" timestamp="2019-06-17T03:12:53.785" />
  <attribute name="elasticGC enabled" value="1" />
  <attribute name= "numThreadsSpecified" value="4" />
  <attribute name="heapSize specified" value="8388608" />
  <attribute name="Current GC Util" value="23" />
  <attribute name= "Current Time Running" value="12354" />
  <attribute name ="GC Interval" value="200" />
  <attribute name="ProportionalT" value="4.500000" />
  <attribute name="ProportionalI" value="4.500000" />
  <attribute name="ProportionalH" value="4.500000" />
  <attribute name="Current Error" value="3.000000" />
  <attribute name="IntegralT" value="12.000000" />
  <attribute name="IntegralI" value="12.000000" />
  <attribute name="IntegralH" value="12.000000" />
  <attribute name="DerivativeT" value="-5.250000" />
  <attribute name="DerivativeI" value="-5.250000" />
  <attribute name="DerivativeH" value="-5.250000" />
  <attribute name="Loop Time for DT" value="4.000000" />
  <attribute name="Output H" value="8388608"/>
  <attribute name="Output I" value="200"/>
  <attribute name="Output T" value="4"/>
  <attribute name="Target GC Util Change" value ="20.000000" />
  <attribute name="Current GC Util Change" value="23.000000"/>
  <attribute name="GC Util currently" value="23" />
  <attribute name="CPU Util currently" value="1063628555741" />
<allocation-satisfied id="2259" threadId="00000000013EA800" bytesRequested="40" />
<af-end id="2260" timestamp="2019-06-17T03:12:53.785" threadId="00000000013EB188" success="true" from="nursery"/>
<exclusive-end id="2261" timestamp="2019-06-17T03:12:53.786" durationms="1.238" />

<exclusive-start id="2262" timestamp="2019-06-17T03:12:53.787" intervalms="2.876">
  <response-info timems="0.029" idlems="0.029" threads="0" lastid="00000000013F6000" lastname="PmdThread 4" />
</exclusive-start>
<af-start id="2263" threadId="00000000013F6988" totalBytesRequested="1064" timestamp="2019-06-17T03:12:53.787" intervalms="2.875" type="nursery" />
<cycle-start id="2264" type="scavenge" contextid="0" timestamp="2019-06-17T03:12:53.787" intervalms="2.889" />
<gc-start id="2265" type="scavenge" contextid="2264" timestamp="2019-06-17T03:12:53.787">
  <mem-info id="2266" free="2059894280" total="2092630016" percent="98">
    <mem type="nursery" free="0" total="2097152" percent="0">
      <mem type="allocate" free="0" total="1703936" percent="0" />
      <mem type="survivor" free="0" total="393216" percent="0" />
    </mem>
    <mem type="tenure" free="2059894280" total="2090532864" percent="98">
      <mem type="soa" free="1955368456" total="1986007040" percent="98" />
      <mem type="loa" free="104525824" total="104525824" percent="100" />
    </mem>
    <remembered-set count="292" />
  </mem-info>
</gc-start>
<allocation-stats totalBytes="1304376" >
  <allocated-bytes non-tlh="32824" tlh="1271552" />
  <largest-consumer threadName="PmdThread 3" threadId="00000000013F2400" bytes="495288" />
</allocation-stats>
<gc-op id="2267" type="scavenge" timems="1.795" contextid="2264" timestamp="2019-06-17T03:12:53.789">
  <scavenger-info tenureage="3" tenuremask="7ff8" tiltratio="81" />
  <memory-copied type="nursery" objects="1079" bytes="168216" bytesdiscarded="224984" />
  <memory-copied type="tenure" objects="4432" bytes="230216" bytesdiscarded="240" />
  <copy-failed type="nursery" objects="4408" bytes="229552" />
  <references type="weak" candidates="75" cleared="75" enqueued="75" />
  <references type="phantom" candidates="2" cleared="0" enqueued="0" />
</gc-op>
<gc-end id="2268" type="scavenge" contextid="2264" durationms="2.051" usertimems="4.000" systemtimems="0.000" timestamp="2019-06-17T03:12:53.789" activeThreads="4">
  <mem-info id="2269" free="2060779760" total="2092630016" percent="98">
    <mem type="nursery" free="1114112" total="2097152" percent="53">
      <mem type="allocate" free="1114112" total="1507328" percent="73" />
      <mem type="survivor" free="0" total="589824" percent="0" />
    </mem>
    <mem type="tenure" free="2059665648" total="2090532864" percent="98">
      <mem type="soa" free="1955139824" total="1986007040" percent="98" />
      <mem type="loa" free="104525824" total="104525824" percent="100" />
    </mem>
    <pending-finalizers system="0" default="0" reference="75" classloader="0" />
    <remembered-set count="2066" />
  </mem-info>
</gc-end>
<cycle-end id="2270" type="scavenge" contextid="2264" timestamp="2019-06-17T03:12:53.790" />
  <attribute name="elasticGC enabled" value="1" />
  <attribute name= "numThreadsSpecified" value="4" />
  <attribute name="heapSize specified" value="8388608" />
  <attribute name="Current GC Util" value="39" />
  <attribute name= "Current Time Running" value="12357" />
  <attribute name ="GC Interval" value="200" />
  <attribute name="ProportionalT" value="28.500000" />
  <attribute name="ProportionalI" value="28.500000" />
  <attribute name="ProportionalH" value="28.500000" />
  <attribute name="Current Error" value="19.000000" />
  <attribute name="IntegralT" value="57.000000" />
  <attribute name="IntegralI" value="57.000000" />
  <attribute name="IntegralH" value="57.000000" />
  <attribute name="DerivativeT" value="8.000000" />
  <attribute name="DerivativeI" value="8.000000" />
  <attribute name="DerivativeH" value="8.000000" />
  <attribute name="Loop Time for DT" value="3.000000" />
  <attribute name="Output H" value="8388608"/>
  <attribute name="Output I" value="200"/>
  <attribute name="Output T" value="4"/>
  <attribute name="Target GC Util Change" value ="20.000000" />
  <attribute name="Current GC Util Change" value="39.000000"/>
  <attribute name="GC Util currently" value="39" />
  <attribute name="CPU Util currently" value="1567257320289" />
<allocation-satisfied id="2271" threadId="00000000013F6000" bytesRequested="1064" />
<af-end id="2272" timestamp="2019-06-17T03:12:53.790" threadId="00000000013F6988" success="true" from="nursery"/>
<exclusive-end id="2273" timestamp="2019-06-17T03:12:53.790" durationms="2.579" />

<exclusive-start id="2274" timestamp="2019-06-17T03:12:53.792" intervalms="4.693">
  <response-info timems="0.201" idlems="0.184" threads="1" lastid="00000000013EA800" lastname="PmdThread 2" />
</exclusive-start>
<af-start id="2275" threadId="00000000013E7588" totalBytesRequested="48" timestamp="2019-06-17T03:12:53.792" intervalms="4.700" type="nursery" />
<cycle-start id="2276" type="scavenge" contextid="0" timestamp="2019-06-17T03:12:53.792" intervalms="4.701" />
<gc-start id="2277" type="scavenge" contextid="2276" timestamp="2019-06-17T03:12:53.792">
  <mem-info id="2278" free="2059665648" total="2092630016" percent="98">
    <mem type="nursery" free="0" total="2097152" percent="0">
      <mem type="allocate" free="0" total="1507328" percent="0" />
      <mem type="survivor" free="0" total="589824" percent="0" />
    </mem>
    <mem type="tenure" free="2059665648" total="2090532864" percent="98">
      <mem type="soa" free="1955139824" total="1986007040" percent="98" />
      <mem type="loa" free="104525824" total="104525824" percent="100" />
    </mem>
    <remembered-set count="2177" />
  </mem-info>
</gc-start>
<allocation-stats totalBytes="1111896" >
  <allocated-bytes non-tlh="1064" tlh="1110832" />
  <largest-consumer threadName="PmdThread 4" threadId="00000000013F6000" bytes="735248" />
</allocation-stats>
<gc-op id="2279" type="scavenge" timems="0.598" contextid="2276" timestamp="2019-06-17T03:12:53.793">
  <scavenger-info tenureage="3" tenuremask="7ff8" tiltratio="71" />
  <memory-copied type="nursery" objects="3966" bytes="258600" bytesdiscarded="140520" />
  <memory-copied type="tenure" objects="486" bytes="20576" bytesdiscarded="0" />
  <references type="weak" candidates="138" cleared="138" enqueued="138" />
  <references type="phantom" candidates="1" cleared="0" enqueued="0" />
</gc-op>
<gc-end id="2280" type="scavenge" contextid="2276" durationms="1.426" usertimems="0.000" systemtimems="0.000" timestamp="2019-06-17T03:12:53.794" activeThreads="4">
  <mem-info id="2281" free="2060773848" total="2092630016" percent="98">
    <mem type="nursery" free="1108200" total="2097152" percent="52">
      <mem type="allocate" free="1108200" total="1507328" percent="73" />
      <mem type="survivor" free="0" total="589824" percent="0" />
    </mem>
    <mem type="tenure" free="2059665648" total="2090532864" percent="98">
      <mem type="soa" free="1955139824" total="1986007040" percent="98" />
      <mem type="loa" free="104525824" total="104525824" percent="100" />
    </mem>
    <pending-finalizers system="0" default="0" reference="138" classloader="0" />
    <remembered-set count="2001" />
  </mem-info>
</gc-end>
<cycle-end id="2282" type="scavenge" contextid="2276" timestamp="2019-06-17T03:12:53.794" />
  <attribute name="elasticGC enabled" value="1" />
  <attribute name= "numThreadsSpecified" value="4" />
  <attribute name="heapSize specified" value="8388608" />
  <attribute name="Current GC Util" value="59" />
  <attribute name= "Current Time Running" value="12363" />
  <attribute name ="GC Interval" value="304" />
  <attribute name="ProportionalT" value="58.500000" />
  <attribute name="ProportionalI" value="58.500000" />
  <attribute name="ProportionalH" value="58.500000" />
  <attribute name="Current Error" value="39.000000" />
  <attribute name="IntegralT" value="234.000000" />
  <attribute name="IntegralI" value="234.000000" />
  <attribute name="IntegralH" value="234.000000" />
  <attribute name="DerivativeT" value="5.000000" />
  <attribute name="DerivativeI" value="5.000000" />
  <attribute name="DerivativeH" value="5.000000" />
  <attribute name="Loop Time for DT" value="6.000000" />
  <attribute name="Output H" value="8388608"/>
  <attribute name="Output I" value="304"/>
  <attribute name="Output T" value="4"/>
  <attribute name="Target GC Util Change" value ="20.000000" />
  <attribute name="Current GC Util Change" value="59.000000"/>
  <attribute name="GC Util currently" value="59" />
  <attribute name="CPU Util currently" value="872729015658" />
<allocation-satisfied id="2283" threadId="00000000013E6C00" bytesRequested="48" />
<af-end id="2284" timestamp="2019-06-17T03:12:53.794" threadId="00000000013E7588" success="true" from="nursery"/>
<exclusive-end id="2285" timestamp="2019-06-17T03:12:53.794" durationms="2.109" />

<exclusive-start id="2286" timestamp="2019-06-17T03:12:53.796" intervalms="4.087">
  <response-info timems="0.037" idlems="0.021" threads="1" lastid="00000000013E6C00" lastname="PmdThread 1" />
</exclusive-start>
<af-start id="2287" threadId="00000000013EB188" totalBytesRequested="40" timestamp="2019-06-17T03:12:53.796" intervalms="4.057" type="nursery" />
<cycle-start id="2288" type="scavenge" contextid="0" timestamp="2019-06-17T03:12:53.796" intervalms="4.063" />
<gc-start id="2289" type="scavenge" contextid="2288" timestamp="2019-06-17T03:12:53.796">
  <mem-info id="2290" free="2059665648" total="2092630016" percent="98">
    <mem type="nursery" free="0" total="2097152" percent="0">
      <mem type="allocate" free="0" total="1507328" percent="0" />
      <mem type="survivor" free="0" total="589824" percent="0" />
    </mem>
    <mem type="tenure" free="2059665648" total="2090532864" percent="98">
      <mem type="soa" free="1955139824" total="1986007040" percent="98" />
      <mem type="loa" free="104525824" total="104525824" percent="100" />
    </mem>
    <remembered-set count="2155" />
  </mem-info>
</gc-start>
<allocation-stats totalBytes="1103400" >
  <allocated-bytes non-tlh="32832" tlh="1070568" />
  <largest-consumer threadName="PmdThread 4" threadId="00000000013F6000" bytes="668736" />
</allocation-stats>
<gc-op id="2291" type="scavenge" timems="0.687" contextid="2288" timestamp="2019-06-17T03:12:53.797">
  <scavenger-info tenureage="3" tenuremask="7ff8" tiltratio="71" />
  <memory-copied type="nursery" objects="6174" bytes="353536" bytesdiscarded="80664" />
  <memory-copied type="tenure" objects="102" bytes="62784" bytesdiscarded="0" />
  <references type="weak" candidates="75" cleared="74" enqueued="74" />
  <references type="phantom" candidates="1" cleared="0" enqueued="0" />
</gc-op>
<gc-end id="2292" type="scavenge" contextid="2288" durationms="1.008" usertimems="0.000" systemtimems="0.000" timestamp="2019-06-17T03:12:53.797" activeThreads="4">
  <mem-info id="2293" free="2060650392" total="2092630016" percent="98">
    <mem type="nursery" free="1073096" total="2097152" percent="51">
      <mem type="allocate" free="1073096" total="1507328" percent="71" />
      <mem type="survivor" free="0" total="589824" percent="0" />
    </mem>
    <mem type="tenure" free="2059577296" total="2090532864" percent="98">
      <mem type="soa" free="1955051472" total="1986007040" percent="98" />
      <mem type="loa" free="104525824" total="104525824" percent="100" />
    </mem>
    <pending-finalizers system="0" default="0" reference="74" classloader="0" />
    <remembered-set count="129" />
  </mem-info>
</gc-end>
<cycle-end id="2294" type="scavenge" contextid="2288" timestamp="2019-06-17T03:12:53.797" />
  <attribute name="elasticGC enabled" value="1" />
  <attribute name= "numThreadsSpecified" value="4" />
  <attribute name="heapSize specified" value="8388608" />
  <attribute name="Current GC Util" value="32" />
  <attribute name= "Current Time Running" value="12366" />
  <attribute name ="GC Interval" value="200" />
  <attribute name="ProportionalT" value="18.000000" />
  <attribute name="ProportionalI" value="18.000000" />
  <attribute name="ProportionalH" value="18.000000" />
  <attribute name="Current Error" value="12.000000" />
  <attribute name="IntegralT" value="36.000000" />
  <attribute name="IntegralI" value="36.000000" />
  <attribute name="IntegralH" value="36.000000" />
  <attribute name="DerivativeT" value="-13.500000" />
  <attribute name="DerivativeI" value="-13.500000" />
  <attribute name="DerivativeH" value="-13.500000" />
  <attribute name="Loop Time for DT" value="3.000000" />
  <attribute name="Output H" value="8388608"/>
  <attribute name="Output I" value="200"/>
  <attribute name="Output T" value="4"/>
  <attribute name="Target GC Util Change" value ="20.000000" />
  <attribute name="Current GC Util Change" value="32.000000"/>
  <attribute name="GC Util currently" value="32" />
  <attribute name="CPU Util currently" value="1318336852923" />
<allocation-satisfied id="2295" threadId="00000000013EA800" bytesRequested="40" />
<af-end id="2296" timestamp="2019-06-17T03:12:53.797" threadId="00000000013EB188" success="true" from="nursery"/>
<exclusive-end id="2297" timestamp="2019-06-17T03:12:53.798" durationms="1.589" />

<exclusive-start id="2298" timestamp="2019-06-17T03:12:53.804" intervalms="8.161">
  <response-info timems="0.519" idlems="0.278" threads="1" lastid="00000000010DDF00" lastname="JIT Compilation Thread-1" />
</exclusive-start>
<af-start id="2299" threadId="00000000013EB188" totalBytesRequested="48" timestamp="2019-06-17T03:12:53.804" intervalms="8.236" type="nursery" />
<cycle-start id="2300" type="scavenge" contextid="0" timestamp="2019-06-17T03:12:53.804" intervalms="8.292" />
<gc-start id="2301" type="scavenge" contextid="2300" timestamp="2019-06-17T03:12:53.805">
  <mem-info id="2302" free="2059577104" total="2092630016" percent="98">
    <mem type="nursery" free="0" total="2097152" percent="0">
      <mem type="allocate" free="0" total="1507328" percent="0" />
      <mem type="survivor" free="0" total="589824" percent="0" />
    </mem>
    <mem type="tenure" free="2059577104" total="2090532864" percent="98">
      <mem type="soa" free="1955051280" total="1986007040" percent="98" />
      <mem type="loa" free="104525824" total="104525824" percent="100" />
    </mem>
    <remembered-set count="200" />
  </mem-info>
</gc-start>
<allocation-stats totalBytes="1072824" >
  <allocated-bytes non-tlh="232" tlh="1072592" />
  <largest-consumer threadName="PmdThread 2" threadId="00000000013EA800" bytes="855664" />
</allocation-stats>
<gc-op id="2303" type="scavenge" timems="1.026" contextid="2300" timestamp="2019-06-17T03:12:53.806">
  <scavenger-info tenureage="3" tenuremask="7ff8" tiltratio="71" />
  <memory-copied type="nursery" objects="10552" bytes="455392" bytesdiscarded="134400" />
  <memory-copied type="tenure" objects="3182" bytes="177288" bytesdiscarded="16" />
  <copy-failed type="nursery" objects="3132" bytes="116192" />
  <references type="weak" candidates="23" cleared="22" enqueued="22" />
  <references type="phantom" candidates="1" cleared="0" enqueued="0" />
</gc-op>
<gc-end id="2304" type="scavenge" contextid="2300" durationms="1.251" usertimems="4.000" systemtimems="0.000" timestamp="2019-06-17T03:12:53.806" activeThreads="4">
  <mem-info id="2305" free="2060033024" total="2092630016" percent="98">
    <mem type="nursery" free="589824" total="2097152" percent="28">
      <mem type="allocate" free="589824" total="1179648" percent="50" />
      <mem type="survivor" free="0" total="917504" percent="0" />
    </mem>
    <mem type="tenure" free="2059443200" total="2090532864" percent="98">
      <mem type="soa" free="1954917376" total="1986007040" percent="98" />
      <mem type="loa" free="104525824" total="104525824" percent="100" />
    </mem>
    <pending-finalizers system="0" default="0" reference="22" classloader="0" />
    <remembered-set count="325" />
  </mem-info>
</gc-end>
<cycle-end id="2306" type="scavenge" contextid="2300" timestamp="2019-06-17T03:12:53.806" />
  <attribute name="elasticGC enabled" value="1" />
  <attribute name= "numThreadsSpecified" value="4" />
  <attribute name="heapSize specified" value="8388608" />
  <attribute name="Current GC Util" value="15" />
  <attribute name= "Current Time Running" value="12374" />
  <attribute name ="GC Interval" value="200" />
  <attribute name="ProportionalT" value="-7.500000" />
  <attribute name="ProportionalI" value="-7.500000" />
  <attribute name="ProportionalH" value="-7.500000" />
  <attribute name="Current Error" value="-5.000000" />
  <attribute name="IntegralT" value="-40.000000" />
  <attribute name="IntegralI" value="-40.000000" />
  <attribute name="IntegralH" value="-40.000000" />
  <attribute name="DerivativeT" value="-3.187500" />
  <attribute name="DerivativeI" value="-3.187500" />
  <attribute name="DerivativeH" value="-3.187500" />
  <attribute name="Loop Time for DT" value="8.000000" />
  <attribute name="Output H" value="2092630016"/>
  <attribute name="Output I" value="200"/>
  <attribute name="Output T" value="4"/>
  <attribute name="Target GC Util Change" value ="20.000000" />
  <attribute name="Current GC Util Change" value="15.000000"/>
  <attribute name="GC Util currently" value="15" />
  <attribute name="CPU Util currently" value="556447356997" />
<allocation-satisfied id="2307" threadId="00000000013EA800" bytesRequested="48" />
<af-end id="2308" timestamp="2019-06-17T03:12:53.806" threadId="00000000013EB188" success="true" from="nursery"/>
<exclusive-end id="2309" timestamp="2019-06-17T03:12:53.806" durationms="2.032" />

<exclusive-start id="2310" timestamp="2019-06-17T03:12:53.811" intervalms="6.690">
  <response-info timems="0.960" idlems="0.239" threads="4" lastid="00000000010DDF00" lastname="JIT Compilation Thread-1" />
</exclusive-start>
<af-start id="2311" threadId="00000000013EB188" totalBytesRequested="16" timestamp="2019-06-17T03:12:53.811" intervalms="6.689" type="nursery" />
<cycle-start id="2312" type="scavenge" contextid="0" timestamp="2019-06-17T03:12:53.811" intervalms="6.678" />
<gc-start id="2313" type="scavenge" contextid="2312" timestamp="2019-06-17T03:12:53.811">
  <mem-info id="2314" free="2059442600" total="2092630016" percent="98">
    <mem type="nursery" free="0" total="2097152" percent="0">
      <mem type="allocate" free="0" total="1179648" percent="0" />
      <mem type="survivor" free="0" total="917504" percent="0" />
    </mem>
    <mem type="tenure" free="2059442600" total="2090532864" percent="98">
      <mem type="soa" free="1954916776" total="1986007040" percent="98" />
      <mem type="loa" free="104525824" total="104525824" percent="100" />
    </mem>
    <remembered-set count="583" />
  </mem-info>
</gc-start>
<allocation-stats totalBytes="588208" >
  <allocated-bytes non-tlh="648" tlh="587560" />
  <largest-consumer threadName="PmdThread 4" threadId="00000000013F6000" bytes="375048" />
</allocation-stats>
<gc-op id="2315" type="scavenge" timems="1.107" contextid="2312" timestamp="2019-06-17T03:12:53.812">
  <scavenger-info tenureage="2" tenuremask="7ffc" tiltratio="56" />
  <memory-copied type="nursery" objects="7536" bytes="266680" bytesdiscarded="85816" />
  <memory-copied type="tenure" objects="5850" bytes="274032" bytesdiscarded="56" />
  <references type="weak" candidates="89" cleared="89" enqueued="89" />
  <references type="phantom" candidates="2" cleared="2" enqueued="2" />
</gc-op>
<gc-end id="2316" type="scavenge" contextid="2312" durationms="1.387" usertimems="0.000" systemtimems="0.000" timestamp="2019-06-17T03:12:53.813" activeThreads="4">
  <mem-info id="2317" free="2060075672" total="2092630016" percent="98">
    <mem type="nursery" free="892672" total="2097152" percent="42">
      <mem type="allocate" free="892672" total="1245184" percent="71" />
      <mem type="survivor" free="0" total="851968" percent="0" />
    </mem>
    <mem type="tenure" free="2059183000" total="2090532864" percent="98">
      <mem type="soa" free="1954657176" total="1986007040" percent="98" />
      <mem type="loa" free="104525824" total="104525824" percent="100" />
    </mem>
    <pending-finalizers system="0" default="0" reference="91" classloader="0" />
    <remembered-set count="534" />
  </mem-info>
</gc-end>
<cycle-end id="2318" type="scavenge" contextid="2312" timestamp="2019-06-17T03:12:53.813" />
  <attribute name="elasticGC enabled" value="1" />
  <attribute name= "numThreadsSpecified" value="4" />
  <attribute name="heapSize specified" value="8388608" />
  <attribute name="Current GC Util" value="29" />
  <attribute name= "Current Time Running" value="12381" />
  <attribute name ="GC Interval" value="200" />
  <attribute name="ProportionalT" value="13.500000" />
  <attribute name="ProportionalI" value="13.500000" />
  <attribute name="ProportionalH" value="13.500000" />
  <attribute name="Current Error" value="9.000000" />
  <attribute name="IntegralT" value="63.000000" />
  <attribute name="IntegralI" value="63.000000" />
  <attribute name="IntegralH" value="63.000000" />
  <attribute name="DerivativeT" value="1.928571" />
  <attribute name="DerivativeI" value="1.928571" />
  <attribute name="DerivativeH" value="1.928571" />
  <attribute name="Loop Time for DT" value="7.000000" />
  <attribute name="Output H" value="8388608"/>
  <attribute name="Output I" value="200"/>
  <attribute name="Output T" value="4"/>
  <attribute name="Target GC Util Change" value ="20.000000" />
  <attribute name="Current GC Util Change" value="29.000000"/>
  <attribute name="GC Util currently" value="29" />
  <attribute name="CPU Util currently" value="688863360827" />
<allocation-satisfied id="2319" threadId="00000000013EA800" bytesRequested="16" />
<af-end id="2320" timestamp="2019-06-17T03:12:53.813" threadId="00000000013EB188" success="true" from="nursery"/>
<exclusive-end id="2321" timestamp="2019-06-17T03:12:53.813" durationms="2.184" />

<exclusive-start id="2322" timestamp="2019-06-17T03:12:53.816" intervalms="5.271">
  <response-info timems="0.070" idlems="0.070" threads="0" lastid="00000000013EA800" lastname="PmdThread 2" />
</exclusive-start>
<af-start id="2323" threadId="00000000013EB188" totalBytesRequested="48" timestamp="2019-06-17T03:12:53.816" intervalms="5.237" type="nursery" />
<cycle-start id="2324" type="scavenge" contextid="0" timestamp="2019-06-17T03:12:53.816" intervalms="5.196" />
<gc-start id="2325" type="scavenge" contextid="2324" timestamp="2019-06-17T03:12:53.816">
  <mem-info id="2326" free="2059182936" total="2092630016" percent="98">
    <mem type="nursery" free="0" total="2097152" percent="0">
      <mem type="allocate" free="0" total="1245184" percent="0" />
      <mem type="survivor" free="0" total="851968" percent="0" />
    </mem>
    <mem type="tenure" free="2059182936" total="2090532864" percent="98">
      <mem type="soa" free="1954657112" total="1986007040" percent="98" />
      <mem type="loa" free="104525824" total="104525824" percent="100" />
    </mem>
    <remembered-set count="994" />
  </mem-info>
</gc-start>
<allocation-stats totalBytes="892336" >
  <allocated-bytes non-tlh="80" tlh="892256" />
  <largest-consumer threadName="PmdThread 2" threadId="00000000013EA800" bytes="736824" />
</allocation-stats>
<gc-op id="2327" type="scavenge" timems="1.023" contextid="2324" timestamp="2019-06-17T03:12:53.818">
  <scavenger-info tenureage="2" tenuremask="7ffc" tiltratio="59" />
  <memory-copied type="nursery" objects="5610" bytes="169296" bytesdiscarded="65704" />
  <memory-copied type="tenure" objects="4396" bytes="169592" bytesdiscarded="120" />
  <references type="weak" candidates="24" cleared="23" enqueued="23" />
  <references type="phantom" candidates="1" cleared="0" enqueued="0" />
</gc-op>
<gc-end id="2328" type="scavenge" contextid="2324" durationms="1.435" usertimems="0.000" systemtimems="0.000" timestamp="2019-06-17T03:12:53.818" activeThreads="4">
  <mem-info id="2329" free="2060128344" total="2092630016" percent="98">
    <mem type="nursery" free="1141248" total="2097152" percent="54">
      <mem type="allocate" free="1141248" total="1376256" percent="82" />
      <mem type="survivor" free="0" total="720896" percent="0" />
    </mem>
    <mem type="tenure" free="2058987096" total="2090532864" percent="98">
      <mem type="soa" free="1954461272" total="1986007040" percent="98" />
      <mem type="loa" free="104525824" total="104525824" percent="100" />
    </mem>
    <pending-finalizers system="0" default="0" reference="23" classloader="0" />
    <remembered-set count="1111" />
  </mem-info>
</gc-end>
<cycle-end id="2330" type="scavenge" contextid="2324" timestamp="2019-06-17T03:12:53.818" />
  <attribute name="elasticGC enabled" value="1" />
  <attribute name= "numThreadsSpecified" value="4" />
  <attribute name="heapSize specified" value="8388608" />
  <attribute name="Current GC Util" value="32" />
  <attribute name= "Current Time Running" value="12386" />
  <attribute name ="GC Interval" value="200" />
  <attribute name="ProportionalT" value="18.000000" />
  <attribute name="ProportionalI" value="18.000000" />
  <attribute name="ProportionalH" value="18.000000" />
  <attribute name="Current Error" value="12.000000" />
  <attribute name="IntegralT" value="60.000000" />
  <attribute name="IntegralI" value="60.000000" />
  <attribute name="IntegralH" value="60.000000" />
  <attribute name="DerivativeT" value="0.900000" />
  <attribute name="DerivativeI" value="0.900000" />
  <attribute name="DerivativeH" value="0.900000" />
  <attribute name="Loop Time for DT" value="5.000000" />
  <attribute name="Output H" value="8388608"/>
  <attribute name="Output I" value="200"/>
  <attribute name="Output T" value="4"/>
  <attribute name="Target GC Util Change" value ="20.000000" />
  <attribute name="Current GC Util Change" value="32.000000"/>
  <attribute name="GC Util currently" value="32" />
  <attribute name="CPU Util currently" value="872620025139" />
<allocation-satisfied id="2331" threadId="00000000013EA800" bytesRequested="48" />
<af-end id="2332" timestamp="2019-06-17T03:12:53.818" threadId="00000000013EB188" success="true" from="nursery"/>
<exclusive-end id="2333" timestamp="2019-06-17T03:12:53.818" durationms="2.112" />

<exclusive-start id="2334" timestamp="2019-06-17T03:12:53.827" intervalms="10.451">
  <response-info timems="0.086" idlems="0.051" threads="1" lastid="00000000013EA800" lastname="PmdThread 2" />
</exclusive-start>
<af-start id="2335" threadId="00000000013F2D88" totalBytesRequested="42960" timestamp="2019-06-17T03:12:53.827" intervalms="10.466" type="nursery" />
<cycle-start id="2336" type="scavenge" contextid="0" timestamp="2019-06-17T03:12:53.827" intervalms="10.502" />
<gc-start id="2337" type="scavenge" contextid="2336" timestamp="2019-06-17T03:12:53.827">
  <mem-info id="2338" free="2058990872" total="2092630016" percent="98">
    <mem type="nursery" free="5608" total="2097152" percent="0">
      <mem type="allocate" free="5608" total="1376256" percent="0" />
      <mem type="survivor" free="0" total="720896" percent="0" />
    </mem>
    <mem type="tenure" free="2058985264" total="2090532864" percent="98">
      <mem type="soa" free="1954459440" total="1986007040" percent="98" />
      <mem type="loa" free="104525824" total="104525824" percent="100" />
    </mem>
    <remembered-set count="1234" />
  </mem-info>
</gc-start>
<allocation-stats totalBytes="1106896" >
  <allocated-bytes non-tlh="109376" tlh="997520" />
  <largest-consumer threadName="PmdThread 3" threadId="00000000013F2400" bytes="337352" />
</allocation-stats>
<gc-op id="2339" type="scavenge" timems="0.785" contextid="2336" timestamp="2019-06-17T03:12:53.828">
  <scavenger-info tenureage="2" tenuremask="7ffc" tiltratio="65" />
  <memory-copied type="nursery" objects="4796" bytes="388472" bytesdiscarded="113600" />
  <memory-copied type="tenure" objects="2821" bytes="83544" bytesdiscarded="8" />
  <references type="weak" candidates="63" cleared="61" enqueued="61" />
  <references type="phantom" candidates="3" cleared="1" enqueued="1" />
</gc-op>
<gc-end id="2340" type="scavenge" contextid="2336" durationms="1.439" usertimems="0.000" systemtimems="0.000" timestamp="2019-06-17T03:12:53.828" activeThreads="4">
  <mem-info id="2341" free="2059688888" total="2092630016" percent="98">
    <mem type="nursery" free="874120" total="2097152" percent="41">
      <mem type="allocate" free="874120" total="1376256" percent="63" />
      <mem type="survivor" free="0" total="720896" percent="0" />
    </mem>
    <mem type="tenure" free="2058814768" total="2090532864" percent="98">
      <mem type="soa" free="1954288944" total="1986007040" percent="98" />
      <mem type="loa" free="104525824" total="104525824" percent="100" />
    </mem>
    <pending-finalizers system="0" default="0" reference="62" classloader="0" />
    <remembered-set count="1045" />
  </mem-info>
</gc-end>
<cycle-end id="2342" type="scavenge" contextid="2336" timestamp="2019-06-17T03:12:53.829" />
  <attribute name="elasticGC enabled" value="1" />
  <attribute name= "numThreadsSpecified" value="4" />
  <attribute name="heapSize specified" value="8388608" />
  <attribute name="Current GC Util" value="16" />
  <attribute name= "Current Time Running" value="12397" />
  <attribute name ="GC Interval" value="200" />
  <attribute name="ProportionalT" value="-6.000000" />
  <attribute name="ProportionalI" value="-6.000000" />
  <attribute name="ProportionalH" value="-6.000000" />
  <attribute name="Current Error" value="-4.000000" />
  <attribute name="IntegralT" value="-44.000000" />
  <attribute name="IntegralI" value="-44.000000" />
  <attribute name="IntegralH" value="-44.000000" />
  <attribute name="DerivativeT" value="-2.181818" />
  <attribute name="DerivativeI" value="-2.181818" />
  <attribute name="DerivativeH" value="-2.181818" />
  <attribute name="Loop Time for DT" value="11.000000" />
  <attribute name="Output H" value="2092630016"/>
  <attribute name="Output I" value="200"/>
  <attribute name="Output T" value="4"/>
  <attribute name="Target GC Util Change" value ="20.000000" />
  <attribute name="Current GC Util Change" value="16.000000"/>
  <attribute name="GC Util currently" value="16" />
  <attribute name="CPU Util currently" value="438357694060" />
<allocation-satisfied id="2343" threadId="00000000013F2400" bytesRequested="42960" />
<af-end id="2344" timestamp="2019-06-17T03:12:53.829" threadId="00000000013F2D88" success="true" from="nursery"/>
<exclusive-end id="2345" timestamp="2019-06-17T03:12:53.829" durationms="2.379" />

<exclusive-start id="2346" timestamp="2019-06-17T03:12:53.837" intervalms="10.619">
  <response-info timems="1.616" idlems="0.815" threads="1" lastid="00000000013F2400" lastname="PmdThread 3" />
</exclusive-start>
<af-start id="2347" threadId="00000000013E7588" totalBytesRequested="32" timestamp="2019-06-17T03:12:53.837" intervalms="10.643" type="nursery" />
<cycle-start id="2348" type="scavenge" contextid="0" timestamp="2019-06-17T03:12:53.837" intervalms="10.604" />
<gc-start id="2349" type="scavenge" contextid="2348" timestamp="2019-06-17T03:12:53.837">
  <mem-info id="2350" free="2058814160" total="2092630016" percent="98">
    <mem type="nursery" free="0" total="2097152" percent="0">
      <mem type="allocate" free="0" total="1376256" percent="0" />
      <mem type="survivor" free="0" total="720896" percent="0" />
    </mem>
    <mem type="tenure" free="2058814160" total="2090532864" percent="98">
      <mem type="soa" free="1954288336" total="1986007040" percent="98" />
      <mem type="loa" free="104525824" total="104525824" percent="100" />
    </mem>
    <remembered-set count="1065" />
  </mem-info>
</gc-start>
<allocation-stats totalBytes="873352" >
  <allocated-bytes non-tlh="90536" tlh="782816" />
  <largest-consumer threadName="PmdThread 1" threadId="00000000013E6C00" bytes="574184" />
</allocation-stats>
<gc-op id="2351" type="scavenge" timems="0.702" contextid="2348" timestamp="2019-06-17T03:12:53.838">
  <scavenger-info tenureage="2" tenuremask="7ffc" tiltratio="65" />
  <memory-copied type="nursery" objects="4598" bytes="398904" bytesdiscarded="223272" />
  <memory-copied type="tenure" objects="2661" bytes="75504" bytesdiscarded="8" />
  <references type="weak" candidates="22" cleared="22" enqueued="22" />
  <references type="phantom" candidates="3" cleared="3" enqueued="3" />
</gc-op>
<gc-end id="2352" type="scavenge" contextid="2348" durationms="1.065" usertimems="4.000" systemtimems="0.000" timestamp="2019-06-17T03:12:53.839" activeThreads="4">
  <mem-info id="2353" free="2059502264" total="2092630016" percent="98">
    <mem type="nursery" free="819432" total="2097152" percent="39">
      <mem type="allocate" free="819432" total="1441792" percent="56" />
      <mem type="survivor" free="0" total="655360" percent="0" />
    </mem>
    <mem type="tenure" free="2058682832" total="2090532864" percent="98">
      <mem type="soa" free="1954157008" total="1986007040" percent="98" />
      <mem type="loa" free="104525824" total="104525824" percent="100" />
    </mem>
    <pending-finalizers system="0" default="0" reference="25" classloader="0" />
    <remembered-set count="229" />
  </mem-info>
</gc-end>
<cycle-end id="2354" type="scavenge" contextid="2348" timestamp="2019-06-17T03:12:53.839" />
  <attribute name="elasticGC enabled" value="1" />
  <attribute name= "numThreadsSpecified" value="4" />
  <attribute name="heapSize specified" value="8388608" />
  <attribute name="Current GC Util" value="17" />
  <attribute name= "Current Time Running" value="12408" />
  <attribute name ="GC Interval" value="200" />
  <attribute name="ProportionalT" value="-4.500000" />
  <attribute name="ProportionalI" value="-4.500000" />
  <attribute name="ProportionalH" value="-4.500000" />
  <attribute name="Current Error" value="-3.000000" />
  <attribute name="IntegralT" value="-33.000000" />
  <attribute name="IntegralI" value="-33.000000" />
  <attribute name="IntegralH" value="-33.000000" />
  <attribute name="DerivativeT" value="-0.409091" />
  <attribute name="DerivativeI" value="-0.409091" />
  <attribute name="DerivativeH" value="-0.409091" />
  <attribute name="Loop Time for DT" value="11.000000" />
  <attribute name="Output H" value="2092630016"/>
  <attribute name="Output I" value="200"/>
  <attribute name="Output T" value="4"/>
  <attribute name="Target GC Util Change" value ="20.000000" />
  <attribute name="Current GC Util Change" value="17.000000"/>
  <attribute name="GC Util currently" value="17" />
  <attribute name="CPU Util currently" value="435544844531" />
<allocation-satisfied id="2355" threadId="00000000013E6C00" bytesRequested="32" />
<af-end id="2356" timestamp="2019-06-17T03:12:53.839" threadId="00000000013E7588" success="true" from="nursery"/>
<exclusive-end id="2357" timestamp="2019-06-17T03:12:53.839" durationms="1.762" />

<exclusive-start id="2358" timestamp="2019-06-17T03:12:53.843" intervalms="5.379">
  <response-info timems="0.032" idlems="0.032" threads="0" lastid="00000000013F6000" lastname="PmdThread 4" />
</exclusive-start>
<af-start id="2359" threadId="00000000013F6988" totalBytesRequested="784" timestamp="2019-06-17T03:12:53.843" intervalms="5.809" type="nursery" />
<cycle-start id="2360" type="scavenge" contextid="0" timestamp="2019-06-17T03:12:53.843" intervalms="5.794" />
<gc-start id="2361" type="scavenge" contextid="2360" timestamp="2019-06-17T03:12:53.843">
  <mem-info id="2362" free="2058682648" total="2092630016" percent="98">
    <mem type="nursery" free="0" total="2097152" percent="0">
      <mem type="allocate" free="0" total="1441792" percent="0" />
      <mem type="survivor" free="0" total="655360" percent="0" />
    </mem>
    <mem type="tenure" free="2058682648" total="2090532864" percent="98">
      <mem type="soa" free="1954156824" total="1986007040" percent="98" />
      <mem type="loa" free="104525824" total="104525824" percent="100" />
    </mem>
    <remembered-set count="285" />
  </mem-info>
</gc-start>
<allocation-stats totalBytes="817664" >
  <allocated-bytes non-tlh="216" tlh="817448" />
  <largest-consumer threadName="PmdThread 2" threadId="00000000013EA800" bytes="343872" />
</allocation-stats>
<gc-op id="2363" type="scavenge" timems="0.483" contextid="2360" timestamp="2019-06-17T03:12:53.844">
  <scavenger-info tenureage="2" tenuremask="7ffc" tiltratio="68" />
  <memory-copied type="nursery" objects="2845" bytes="161808" bytesdiscarded="196928" />
  <memory-copied type="tenure" objects="1360" bytes="103400" bytesdiscarded="648" />
  <references type="weak" candidates="41" cleared="40" enqueued="40" />
  <references type="phantom" candidates="2" cleared="1" enqueued="1" />
</gc-op>
<gc-end id="2364" type="scavenge" contextid="2360" durationms="0.722" usertimems="0.000" systemtimems="0.000" timestamp="2019-06-17T03:12:53.844" activeThreads="4">
  <mem-info id="2365" free="2059586288" total="2092630016" percent="98">
    <mem type="nursery" free="1082336" total="2097152" percent="51">
      <mem type="allocate" free="1082336" total="1441792" percent="75" />
      <mem type="survivor" free="0" total="655360" percent="0" />
    </mem>
    <mem type="tenure" free="2058503952" total="2090532864" percent="98">
      <mem type="soa" free="1953978128" total="1986007040" percent="98" />
      <mem type="loa" free="104525824" total="104525824" percent="100" />
    </mem>
    <pending-finalizers system="0" default="0" reference="41" classloader="0" />
    <remembered-set count="129" />
  </mem-info>
</gc-end>
<cycle-end id="2366" type="scavenge" contextid="2360" timestamp="2019-06-17T03:12:53.844" />
  <attribute name="elasticGC enabled" value="1" />
  <attribute name= "numThreadsSpecified" value="4" />
  <attribute name="heapSize specified" value="8388608" />
  <attribute name="Current GC Util" value="26" />
  <attribute name= "Current Time Running" value="12413" />
  <attribute name ="GC Interval" value="200" />
  <attribute name="ProportionalT" value="9.000000" />
  <attribute name="ProportionalI" value="9.000000" />
  <attribute name="ProportionalH" value="9.000000" />
  <attribute name="Current Error" value="6.000000" />
  <attribute name="IntegralT" value="30.000000" />
  <attribute name="IntegralI" value="30.000000" />
  <attribute name="IntegralH" value="30.000000" />
  <attribute name="DerivativeT" value="1.800000" />
  <attribute name="DerivativeI" value="1.800000" />
  <attribute name="DerivativeH" value="1.800000" />
  <attribute name="Loop Time for DT" value="5.000000" />
  <attribute name="Output H" value="8388608"/>
  <attribute name="Output I" value="200"/>
  <attribute name="Output T" value="4"/>
  <attribute name="Target GC Util Change" value ="20.000000" />
  <attribute name="Current GC Util Change" value="26.000000"/>
  <attribute name="GC Util currently" value="26" />
  <attribute name="CPU Util currently" value="807892025550" />
<allocation-satisfied id="2367" threadId="00000000013F6000" bytesRequested="784" />
<af-end id="2368" timestamp="2019-06-17T03:12:53.844" threadId="00000000013F6988" success="true" from="nursery"/>
<exclusive-end id="2369" timestamp="2019-06-17T03:12:53.844" durationms="1.751" />

<exclusive-start id="2370" timestamp="2019-06-17T03:12:53.847" intervalms="3.996">
  <response-info timems="0.029" idlems="0.029" threads="0" lastid="00000000013F6000" lastname="PmdThread 4" />
</exclusive-start>
<af-start id="2371" threadId="00000000013F6988" totalBytesRequested="1336" timestamp="2019-06-17T03:12:53.847" intervalms="4.077" type="nursery" />
<cycle-start id="2372" type="scavenge" contextid="0" timestamp="2019-06-17T03:12:53.847" intervalms="4.091" />
<gc-start id="2373" type="scavenge" contextid="2372" timestamp="2019-06-17T03:12:53.847">
  <mem-info id="2374" free="2058503952" total="2092630016" percent="98">
    <mem type="nursery" free="0" total="2097152" percent="0">
      <mem type="allocate" free="0" total="1441792" percent="0" />
      <mem type="survivor" free="0" total="655360" percent="0" />
    </mem>
    <mem type="tenure" free="2058503952" total="2090532864" percent="98">
      <mem type="soa" free="1953978128" total="1986007040" percent="98" />
      <mem type="loa" free="104525824" total="104525824" percent="100" />
    </mem>
    <remembered-set count="266" />
  </mem-info>
</gc-start>
<allocation-stats totalBytes="1078528" >
  <allocated-bytes non-tlh="784" tlh="1077744" />
  <largest-consumer threadName="PmdThread 4" threadId="00000000013F6000" bytes="738672" />
</allocation-stats>
<gc-op id="2375" type="scavenge" timems="1.028" contextid="2372" timestamp="2019-06-17T03:12:53.849">
  <scavenger-info tenureage="2" tenuremask="7ffc" tiltratio="68" />
  <memory-copied type="nursery" objects="1547" bytes="115432" bytesdiscarded="24320" />
  <memory-copied type="tenure" objects="2059" bytes="132032" bytesdiscarded="16" />
  <references type="weak" candidates="137" cleared="137" enqueued="137" />
  <references type="phantom" candidates="3" cleared="3" enqueued="3" />
</gc-op>
<gc-end id="2376" type="scavenge" contextid="2372" durationms="1.276" usertimems="0.000" systemtimems="0.000" timestamp="2019-06-17T03:12:53.849" activeThreads="4">
  <mem-info id="2377" free="2059897872" total="2092630016" percent="98">
    <mem type="nursery" free="1433088" total="2097152" percent="68">
      <mem type="allocate" free="1433088" total="1572864" percent="91" />
      <mem type="survivor" free="0" total="524288" percent="0" />
    </mem>
    <mem type="tenure" free="2058464784" total="2090532864" percent="98">
      <mem type="soa" free="1953938960" total="1986007040" percent="98" />
      <mem type="loa" free="104525824" total="104525824" percent="100" />
    </mem>
    <pending-finalizers system="0" default="0" reference="140" classloader="0" />
    <remembered-set count="194" />
  </mem-info>
</gc-end>
<cycle-end id="2378" type="scavenge" contextid="2372" timestamp="2019-06-17T03:12:53.849" />
  <attribute name="elasticGC enabled" value="1" />
  <attribute name= "numThreadsSpecified" value="4" />
  <attribute name="heapSize specified" value="8388608" />
  <attribute name="Current GC Util" value="25" />
  <attribute name= "Current Time Running" value="12417" />
  <attribute name ="GC Interval" value="200" />
  <attribute name="ProportionalT" value="7.500000" />
  <attribute name="ProportionalI" value="7.500000" />
  <attribute name="ProportionalH" value="7.500000" />
  <attribute name="Current Error" value="5.000000" />
  <attribute name="IntegralT" value="20.000000" />
  <attribute name="IntegralI" value="20.000000" />
  <attribute name="IntegralH" value="20.000000" />
  <attribute name="DerivativeT" value="-0.375000" />
  <attribute name="DerivativeI" value="-0.375000" />
  <attribute name="DerivativeH" value="-0.375000" />
  <attribute name="Loop Time for DT" value="4.000000" />
  <attribute name="Output H" value="8388608"/>
  <attribute name="Output I" value="200"/>
  <attribute name="Output T" value="4"/>
  <attribute name="Target GC Util Change" value ="20.000000" />
  <attribute name="Current GC Util Change" value="25.000000"/>
  <attribute name="GC Util currently" value="25" />
  <attribute name="CPU Util currently" value="1136538022881" />
<allocation-satisfied id="2379" threadId="00000000013F6000" bytesRequested="1336" />
<af-end id="2380" timestamp="2019-06-17T03:12:53.849" threadId="00000000013F6988" success="true" from="nursery"/>
<exclusive-end id="2381" timestamp="2019-06-17T03:12:53.849" durationms="2.376" />

<exclusive-start id="2382" timestamp="2019-06-17T03:12:53.853" intervalms="6.762">
  <response-info timems="0.838" idlems="0.427" threads="1" lastid="00000000013F6000" lastname="PmdThread 4" />
</exclusive-start>
<af-start id="2383" threadId="00000000013E7588" totalBytesRequested="56" timestamp="2019-06-17T03:12:53.853" intervalms="6.182" type="nursery" />
<cycle-start id="2384" type="scavenge" contextid="0" timestamp="2019-06-17T03:12:53.853" intervalms="6.181" />
<gc-start id="2385" type="scavenge" contextid="2384" timestamp="2019-06-17T03:12:53.854">
  <mem-info id="2386" free="2058464784" total="2092630016" percent="98">
    <mem type="nursery" free="0" total="2097152" percent="0">
      <mem type="allocate" free="0" total="1572864" percent="0" />
      <mem type="survivor" free="0" total="524288" percent="0" />
    </mem>
    <mem type="tenure" free="2058464784" total="2090532864" percent="98">
      <mem type="soa" free="1953938960" total="1986007040" percent="98" />
      <mem type="loa" free="104525824" total="104525824" percent="100" />
    </mem>
    <remembered-set count="375" />
  </mem-info>
</gc-start>
<allocation-stats totalBytes="1431064" >
  <allocated-bytes non-tlh="34120" tlh="1396944" />
  <largest-consumer threadName="PmdThread 4" threadId="00000000013F6000" bytes="769632" />
</allocation-stats>
<gc-op id="2387" type="scavenge" timems="0.397" contextid="2384" timestamp="2019-06-17T03:12:53.854">
  <scavenger-info tenureage="3" tenuremask="7ff8" tiltratio="75" />
  <memory-copied type="nursery" objects="3818" bytes="326856" bytesdiscarded="197344" />
  <references type="weak" candidates="80" cleared="79" enqueued="79" />
  <references type="phantom" candidates="6" cleared="4" enqueued="4" />
</gc-op>
<gc-end id="2388" type="scavenge" contextid="2384" durationms="0.659" usertimems="0.000" systemtimems="4.000" timestamp="2019-06-17T03:12:53.854" activeThreads="4">
  <mem-info id="2389" free="2059447824" total="2092630016" percent="98">
    <mem type="nursery" free="983040" total="2097152" percent="46">
      <mem type="allocate" free="983040" total="1507328" percent="65" />
      <mem type="survivor" free="0" total="589824" percent="0" />
    </mem>
    <mem type="tenure" free="2058464784" total="2090532864" percent="98">
      <mem type="soa" free="1953938960" total="1986007040" percent="98" />
      <mem type="loa" free="104525824" total="104525824" percent="100" />
    </mem>
    <pending-finalizers system="0" default="0" reference="83" classloader="0" />
    <remembered-set count="208" />
  </mem-info>
</gc-end>
<cycle-end id="2390" type="scavenge" contextid="2384" timestamp="2019-06-17T03:12:53.854" />
  <attribute name="elasticGC enabled" value="1" />
  <attribute name= "numThreadsSpecified" value="4" />
  <attribute name="heapSize specified" value="8388608" />
  <attribute name="Current GC Util" value="32" />
  <attribute name= "Current Time Running" value="12424" />
  <attribute name ="GC Interval" value="200" />
  <attribute name="ProportionalT" value="18.000000" />
  <attribute name="ProportionalI" value="18.000000" />
  <attribute name="ProportionalH" value="18.000000" />
  <attribute name="Current Error" value="12.000000" />
  <attribute name="IntegralT" value="84.000000" />
  <attribute name="IntegralI" value="84.000000" />
  <attribute name="IntegralH" value="84.000000" />
  <attribute name="DerivativeT" value="1.500000" />
  <attribute name="DerivativeI" value="1.500000" />
  <attribute name="DerivativeH" value="1.500000" />
  <attribute name="Loop Time for DT" value="7.000000" />
  <attribute name="Output H" value="8388608"/>
  <attribute name="Output I" value="200"/>
  <attribute name="Output T" value="4"/>
  <attribute name="Target GC Util Change" value ="20.000000" />
  <attribute name="Current GC Util Change" value="32.000000"/>
  <attribute name="GC Util currently" value="32" />
  <attribute name="CPU Util currently" value="745946150435" />
<allocation-satisfied id="2391" threadId="00000000013E6C00" bytesRequested="56" />
<af-end id="2392" timestamp="2019-06-17T03:12:53.854" threadId="00000000013E7588" success="true" from="nursery"/>
<exclusive-end id="2393" timestamp="2019-06-17T03:12:53.854" durationms="1.176" />

<exclusive-start id="2394" timestamp="2019-06-17T03:12:53.856" intervalms="3.123">
  <response-info timems="0.054" idlems="0.054" threads="0" lastid="00000000013F6000" lastname="PmdThread 4" />
</exclusive-start>
<af-start id="2395" threadId="00000000013F6988" totalBytesRequested="48" timestamp="2019-06-17T03:12:53.856" intervalms="3.134" type="nursery" />
<cycle-start id="2396" type="scavenge" contextid="0" timestamp="2019-06-17T03:12:53.857" intervalms="3.126" />
<gc-start id="2397" type="scavenge" contextid="2396" timestamp="2019-06-17T03:12:54.016">
  <mem-info id="2398" free="2058464784" total="2092630016" percent="98">
    <mem type="nursery" free="0" total="2097152" percent="0">
      <mem type="allocate" free="0" total="1507328" percent="0" />
      <mem type="survivor" free="0" total="589824" percent="0" />
    </mem>
    <mem type="tenure" free="2058464784" total="2090532864" percent="98">
      <mem type="soa" free="1953938960" total="1986007040" percent="98" />
      <mem type="loa" free="104525824" total="104525824" percent="100" />
    </mem>
    <remembered-set count="341" />
  </mem-info>
</gc-start>
<allocation-stats totalBytes="981520" >
  <allocated-bytes non-tlh="56" tlh="981464" />
  <largest-consumer threadName="PmdThread 4" threadId="00000000013F6000" bytes="666176" />
</allocation-stats>
<gc-op id="2399" type="scavenge" timems="4.743" contextid="2396" timestamp="2019-06-17T03:12:54.022">
  <scavenger-info tenureage="3" tenuremask="7ff8" tiltratio="71" />
  <memory-copied type="nursery" objects="5705" bytes="385904" bytesdiscarded="123312" />
  <memory-copied type="tenure" objects="563" bytes="17568" bytesdiscarded="0" />
  <references type="weak" candidates="153" cleared="152" enqueued="152" />
  <references type="phantom" candidates="2" cleared="1" enqueued="1" />
</gc-op>
<gc-end id="2400" type="scavenge" contextid="2396" durationms="120.326" usertimems="116.000" systemtimems="8.000" timestamp="2019-06-17T03:12:54.136" activeThreads="4">
  <mem-info id="2401" free="2059427792" total="2092630016" percent="98">
    <mem type="nursery" free="1063616" total="2097152" percent="50">
      <mem type="allocate" free="1063616" total="1572864" percent="67" />
      <mem type="survivor" free="0" total="524288" percent="0" />
    </mem>
    <mem type="tenure" free="2058364176" total="2090532864" percent="98">
      <mem type="soa" free="1953838352" total="1986007040" percent="98" />
      <mem type="loa" free="104525824" total="104525824" percent="100" />
    </mem>
    <pending-finalizers system="0" default="0" reference="153" classloader="0" />
    <remembered-set count="196" />
  </mem-info>
</gc-end>
<cycle-end id="2402" type="scavenge" contextid="2396" timestamp="2019-06-17T03:12:54.137" />
  <attribute name="elasticGC enabled" value="1" />
  <attribute name= "numThreadsSpecified" value="4" />
  <attribute name="heapSize specified" value="8388608" />
  <attribute name="Current GC Util" value="0" />
  <attribute name= "Current Time Running" value="12587" />
  <attribute name ="GC Interval" value="200" />
  <attribute name="ProportionalT" value="-30.000000" />
  <attribute name="ProportionalI" value="-30.000000" />
  <attribute name="ProportionalH" value="-30.000000" />
  <attribute name="Current Error" value="-20.000000" />
  <attribute name="IntegralT" value="-3260.000000" />
  <attribute name="IntegralI" value="-3260.000000" />
  <attribute name="IntegralH" value="-3260.000000" />
  <attribute name="DerivativeT" value="-0.294479" />
  <attribute name="DerivativeI" value="-0.294479" />
  <attribute name="DerivativeH" value="-0.294479" />
  <attribute name="Loop Time for DT" value="163.000000" />
  <attribute name="Output H" value="2092630016"/>
  <attribute name="Output I" value="200"/>
  <attribute name="Output T" value="4"/>
  <attribute name="Target GC Util Change" value ="20.000000" />
  <attribute name="Current GC Util Change" value="0.000000"/>
  <attribute name="GC Util currently" value="0" />
  <attribute name="CPU Util currently" value="28266146082" />
<allocation-satisfied id="2403" threadId="00000000013F6000" bytesRequested="48" />
<af-end id="2404" timestamp="2019-06-17T03:12:54.137" threadId="00000000013F6988" success="true" from="nursery"/>
<exclusive-end id="2405" timestamp="2019-06-17T03:12:54.137" durationms="280.375" />

<exclusive-start id="2406" timestamp="2019-06-17T03:12:54.146" intervalms="289.920">
  <response-info timems="0.085" idlems="0.085" threads="0" lastid="00000000013F6000" lastname="PmdThread 4" />
</exclusive-start>
<af-start id="2407" threadId="00000000013F6988" totalBytesRequested="744" timestamp="2019-06-17T03:12:54.146" intervalms="289.939" type="nursery" />
<cycle-start id="2408" type="scavenge" contextid="0" timestamp="2019-06-17T03:12:54.147" intervalms="289.972" />
<gc-start id="2409" type="scavenge" contextid="2408" timestamp="2019-06-17T03:12:54.147">
  <mem-info id="2410" free="2058364176" total="2092630016" percent="98">
    <mem type="nursery" free="0" total="2097152" percent="0">
      <mem type="allocate" free="0" total="1572864" percent="0" />
      <mem type="survivor" free="0" total="524288" percent="0" />
    </mem>
    <mem type="tenure" free="2058364176" total="2090532864" percent="98">
      <mem type="soa" free="1953838352" total="1986007040" percent="98" />
      <mem type="loa" free="104525824" total="104525824" percent="100" />
    </mem>
    <remembered-set count="297" />
  </mem-info>
</gc-start>
<allocation-stats totalBytes="1062136" >
  <allocated-bytes non-tlh="48" tlh="1062088" />
  <largest-consumer threadName="PmdThread 3" threadId="00000000013F2400" bytes="450352" />
</allocation-stats>
<gc-op id="2411" type="scavenge" timems="0.685" contextid="2408" timestamp="2019-06-17T03:12:54.147">
  <scavenger-info tenureage="3" tenuremask="7ff8" tiltratio="75" />
  <memory-copied type="nursery" objects="5645" bytes="330184" bytesdiscarded="95408" />
  <memory-copied type="tenure" objects="507" bytes="75760" bytesdiscarded="0" />
  <references type="weak" candidates="122" cleared="121" enqueued="121" />
  <references type="phantom" candidates="3" cleared="2" enqueued="2" />
</gc-op>
<gc-end id="2412" type="scavenge" contextid="2408" durationms="0.892" usertimems="0.000" systemtimems="4.000" timestamp="2019-06-17T03:12:54.148" activeThreads="4">
  <mem-info id="2413" free="2059471584" total="2092630016" percent="98">
    <mem type="nursery" free="1146576" total="2097152" percent="54">
      <mem type="allocate" free="1146576" total="1572864" percent="72" />
      <mem type="survivor" free="0" total="524288" percent="0" />
    </mem>
    <mem type="tenure" free="2058325008" total="2090532864" percent="98">
      <mem type="soa" free="1953799184" total="1986007040" percent="98" />
      <mem type="loa" free="104525824" total="104525824" percent="100" />
    </mem>
    <pending-finalizers system="0" default="0" reference="123" classloader="0" />
    <remembered-set count="177" />
  </mem-info>
</gc-end>
<cycle-end id="2414" type="scavenge" contextid="2408" timestamp="2019-06-17T03:12:54.148" />
  <attribute name="elasticGC enabled" value="1" />
  <attribute name= "numThreadsSpecified" value="4" />
  <attribute name="heapSize specified" value="8388608" />
  <attribute name="Current GC Util" value="157" />
  <attribute name= "Current Time Running" value="12717" />
  <attribute name ="GC Interval" value="4000" />
  <attribute name="ProportionalT" value="205.500000" />
  <attribute name="ProportionalI" value="205.500000" />
  <attribute name="ProportionalH" value="205.500000" />
  <attribute name="Current Error" value="137.000000" />
  <attribute name="IntegralT" value="17810.000000" />
  <attribute name="IntegralI" value="17810.000000" />
  <attribute name="IntegralH" value="17810.000000" />
  <attribute name="DerivativeT" value="1.580769" />
  <attribute name="DerivativeI" value="1.580769" />
  <attribute name="DerivativeH" value="1.580769" />
  <attribute name="Loop Time for DT" value="130.000000" />
  <attribute name="Output H" value="8388608"/>
  <attribute name="Output I" value="4000"/>
  <attribute name="Output T" value="4"/>
  <attribute name="Target GC Util Change" value ="20.000000" />
  <attribute name="Current GC Util Change" value="157.000000"/>
  <attribute name="GC Util currently" value="157" />
  <attribute name="CPU Util currently" value="35498022728" />
<allocation-satisfied id="2415" threadId="00000000013F6000" bytesRequested="744" />
<af-end id="2416" timestamp="2019-06-17T03:12:54.148" threadId="00000000013F6988" success="true" from="nursery"/>
<exclusive-end id="2417" timestamp="2019-06-17T03:12:54.148" durationms="1.598" />

<exclusive-start id="2418" timestamp="2019-06-17T03:12:54.153" intervalms="6.753">
  <response-info timems="0.038" idlems="0.038" threads="0" lastid="00000000013F2400" lastname="PmdThread 3" />
</exclusive-start>
<af-start id="2419" threadId="00000000013F2D88" totalBytesRequested="24" timestamp="2019-06-17T03:12:54.153" intervalms="6.712" type="nursery" />
<cycle-start id="2420" type="scavenge" contextid="0" timestamp="2019-06-17T03:12:54.153" intervalms="6.661" />
<gc-start id="2421" type="scavenge" contextid="2420" timestamp="2019-06-17T03:12:54.153">
  <mem-info id="2422" free="2058325008" total="2092630016" percent="98">
    <mem type="nursery" free="0" total="2097152" percent="0">
      <mem type="allocate" free="0" total="1572864" percent="0" />
      <mem type="survivor" free="0" total="524288" percent="0" />
    </mem>
    <mem type="tenure" free="2058325008" total="2090532864" percent="98">
      <mem type="soa" free="1953799184" total="1986007040" percent="98" />
      <mem type="loa" free="104525824" total="104525824" percent="100" />
    </mem>
    <remembered-set count="242" />
  </mem-info>
</gc-start>
<allocation-stats totalBytes="1142728" >
  <allocated-bytes non-tlh="744" tlh="1141984" />
  <largest-consumer threadName="PmdThread 3" threadId="00000000013F2400" bytes="519608" />
</allocation-stats>
<gc-op id="2423" type="scavenge" timems="0.611" contextid="2420" timestamp="2019-06-17T03:12:54.154">
  <scavenger-info tenureage="3" tenuremask="7ff8" tiltratio="75" />
  <memory-copied type="nursery" objects="7166" bytes="315208" bytesdiscarded="61368" />
  <memory-copied type="tenure" objects="2303" bytes="203288" bytesdiscarded="40" />
  <references type="weak" candidates="79" cleared="79" enqueued="79" />
  <references type="phantom" candidates="4" cleared="4" enqueued="4" />
</gc-op>
<gc-end id="2424" type="scavenge" contextid="2420" durationms="0.963" usertimems="0.000" systemtimems="0.000" timestamp="2019-06-17T03:12:54.154" activeThreads="4">
  <mem-info id="2425" free="2059467488" total="2092630016" percent="98">
    <mem type="nursery" free="1261800" total="2097152" percent="60">
      <mem type="allocate" free="1261800" total="1638400" percent="77" />
      <mem type="survivor" free="0" total="458752" percent="0" />
    </mem>
    <mem type="tenure" free="2058205688" total="2090532864" percent="98">
      <mem type="soa" free="1953679864" total="1986007040" percent="98" />
      <mem type="loa" free="104525824" total="104525824" percent="100" />
    </mem>
    <pending-finalizers system="0" default="0" reference="83" classloader="0" />
    <remembered-set count="237" />
  </mem-info>
</gc-end>
<cycle-end id="2426" type="scavenge" contextid="2420" timestamp="2019-06-17T03:12:54.154" />
  <attribute name="elasticGC enabled" value="1" />
  <attribute name= "numThreadsSpecified" value="4" />
  <attribute name="heapSize specified" value="8388608" />
  <attribute name="Current GC Util" value="23" />
  <attribute name= "Current Time Running" value="12723" />
  <attribute name ="GC Interval" value="200" />
  <attribute name="ProportionalT" value="4.500000" />
  <attribute name="ProportionalI" value="4.500000" />
  <attribute name="ProportionalH" value="4.500000" />
  <attribute name="Current Error" value="3.000000" />
  <attribute name="IntegralT" value="18.000000" />
  <attribute name="IntegralI" value="18.000000" />
  <attribute name="IntegralH" value="18.000000" />
  <attribute name="DerivativeT" value="-33.500000" />
  <attribute name="DerivativeI" value="-33.500000" />
  <attribute name="DerivativeH" value="-33.500000" />
  <attribute name="Loop Time for DT" value="6.000000" />
  <attribute name="Output H" value="2092630016"/>
  <attribute name="Output I" value="200"/>
  <attribute name="Output T" value="4"/>
  <attribute name="Target GC Util Change" value ="20.000000" />
  <attribute name="Current GC Util Change" value="23.000000"/>
  <attribute name="GC Util currently" value="23" />
  <attribute name="CPU Util currently" value="697385052205" />
<allocation-satisfied id="2427" threadId="00000000013F2400" bytesRequested="24" />
<af-end id="2428" timestamp="2019-06-17T03:12:54.154" threadId="00000000013F2D88" success="true" from="nursery"/>
<exclusive-end id="2429" timestamp="2019-06-17T03:12:54.155" durationms="1.443" />

<exclusive-start id="2430" timestamp="2019-06-17T03:12:54.164" intervalms="10.567">
  <response-info timems="0.214" idlems="0.119" threads="1" lastid="00000000013F2400" lastname="PmdThread 3" />
</exclusive-start>
<af-start id="2431" threadId="00000000013F6988" totalBytesRequested="720" timestamp="2019-06-17T03:12:54.164" intervalms="10.621" type="nursery" />
<cycle-start id="2432" type="scavenge" contextid="0" timestamp="2019-06-17T03:12:54.164" intervalms="10.632" />
<gc-start id="2433" type="scavenge" contextid="2432" timestamp="2019-06-17T03:12:54.164">
  <mem-info id="2434" free="2058205688" total="2092630016" percent="98">
    <mem type="nursery" free="0" total="2097152" percent="0">
      <mem type="allocate" free="0" total="1638400" percent="0" />
      <mem type="survivor" free="0" total="458752" percent="0" />
    </mem>
    <mem type="tenure" free="2058205688" total="2090532864" percent="98">
      <mem type="soa" free="1953679864" total="1986007040" percent="98" />
      <mem type="loa" free="104525824" total="104525824" percent="100" />
    </mem>
    <remembered-set count="519" />
  </mem-info>
</gc-start>
<allocation-stats totalBytes="1257480" >
  <allocated-bytes non-tlh="24" tlh="1257456" />
  <largest-consumer threadName="PmdThread 4" threadId="00000000013F6000" bytes="938200" />
</allocation-stats>
<gc-op id="2435" type="scavenge" timems="0.701" contextid="2432" timestamp="2019-06-17T03:12:54.165">
  <scavenger-info tenureage="3" tenuremask="7ff8" tiltratio="78" />
  <memory-copied type="nursery" objects="5206" bytes="242752" bytesdiscarded="25016" />
  <memory-copied type="tenure" objects="2320" bytes="81152" bytesdiscarded="32" />
  <references type="weak" candidates="145" cleared="144" enqueued="144" />
  <references type="phantom" candidates="5" cleared="4" enqueued="4" />
</gc-op>
<gc-end id="2436" type="scavenge" contextid="2432" durationms="0.995" usertimems="0.000" systemtimems="0.000" timestamp="2019-06-17T03:12:54.165" activeThreads="4">
  <mem-info id="2437" free="2059497952" total="2092630016" percent="98">
    <mem type="nursery" free="1370600" total="2097152" percent="65">
      <mem type="allocate" free="1370600" total="1638400" percent="83" />
      <mem type="survivor" free="0" total="458752" percent="0" />
    </mem>
    <mem type="tenure" free="2058127352" total="2090532864" percent="98">
      <mem type="soa" free="1953601528" total="1986007040" percent="98" />
      <mem type="loa" free="104525824" total="104525824" percent="100" />
    </mem>
    <pending-finalizers system="0" default="0" reference="148" classloader="0" />
    <remembered-set count="333" />
  </mem-info>
</gc-end>
<cycle-end id="2438" type="scavenge" contextid="2432" timestamp="2019-06-17T03:12:54.165" />
  <attribute name="elasticGC enabled" value="1" />
  <attribute name= "numThreadsSpecified" value="4" />
  <attribute name="heapSize specified" value="8388608" />
  <attribute name="Current GC Util" value="15" />
  <attribute name= "Current Time Running" value="12734" />
  <attribute name ="GC Interval" value="200" />
  <attribute name="ProportionalT" value="-7.500000" />
  <attribute name="ProportionalI" value="-7.500000" />
  <attribute name="ProportionalH" value="-7.500000" />
  <attribute name="Current Error" value="-5.000000" />
  <attribute name="IntegralT" value="-55.000000" />
  <attribute name="IntegralI" value="-55.000000" />
  <attribute name="IntegralH" value="-55.000000" />
  <attribute name="DerivativeT" value="-1.090909" />
  <attribute name="DerivativeI" value="-1.090909" />
  <attribute name="DerivativeH" value="-1.090909" />
  <attribute name="Loop Time for DT" value="11.000000" />
  <attribute name="Output H" value="2092630016"/>
  <attribute name="Output I" value="200"/>
  <attribute name="Output T" value="4"/>
  <attribute name="Target GC Util Change" value ="20.000000" />
  <attribute name="Current GC Util Change" value="15.000000"/>
  <attribute name="GC Util currently" value="15" />
  <attribute name="CPU Util currently" value="430711805809" />
<allocation-satisfied id="2439" threadId="00000000013F6000" bytesRequested="720" />
<af-end id="2440" timestamp="2019-06-17T03:12:54.165" threadId="00000000013F6988" success="true" from="nursery"/>
<exclusive-end id="2441" timestamp="2019-06-17T03:12:54.165" durationms="1.578" />

<exclusive-start id="2442" timestamp="2019-06-17T03:12:54.175" intervalms="10.972">
  <response-info timems="0.045" idlems="0.045" threads="0" lastid="00000000013E6C00" lastname="PmdThread 1" />
</exclusive-start>
<af-start id="2443" threadId="00000000013E7588" totalBytesRequested="40" timestamp="2019-06-17T03:12:54.175" intervalms="11.061" type="nursery" />
<cycle-start id="2444" type="scavenge" contextid="0" timestamp="2019-06-17T03:12:54.175" intervalms="11.057" />
<gc-start id="2445" type="scavenge" contextid="2444" timestamp="2019-06-17T03:12:54.175">
  <mem-info id="2446" free="2058127096" total="2092630016" percent="98">
    <mem type="nursery" free="0" total="2097152" percent="0">
      <mem type="allocate" free="0" total="1638400" percent="0" />
      <mem type="survivor" free="0" total="458752" percent="0" />
    </mem>
    <mem type="tenure" free="2058127096" total="2090532864" percent="98">
      <mem type="soa" free="1953601272" total="1986007040" percent="98" />
      <mem type="loa" free="104525824" total="104525824" percent="100" />
    </mem>
    <remembered-set count="552" />
  </mem-info>
</gc-start>
<allocation-stats totalBytes="1367120" >
  <allocated-bytes non-tlh="976" tlh="1366144" />
  <largest-consumer threadName="PmdThread 4" threadId="00000000013F6000" bytes="507304" />
</allocation-stats>
<gc-op id="2447" type="scavenge" timems="0.550" contextid="2444" timestamp="2019-06-17T03:12:54.176">
  <scavenger-info tenureage="3" tenuremask="7ff8" tiltratio="78" />
  <memory-copied type="nursery" objects="4364" bytes="222296" bytesdiscarded="45352" />
  <memory-copied type="tenure" objects="613" bytes="17640" bytesdiscarded="0" />
  <references type="weak" candidates="80" cleared="80" enqueued="80" />
  <references type="phantom" candidates="8" cleared="7" enqueued="7" />
</gc-op>
<gc-end id="2448" type="scavenge" contextid="2444" durationms="0.783" usertimems="4.000" systemtimems="0.000" timestamp="2019-06-17T03:12:54.176" activeThreads="4">
  <mem-info id="2449" free="2059497696" total="2092630016" percent="98">
    <mem type="nursery" free="1370600" total="2097152" percent="65">
      <mem type="allocate" free="1370600" total="1638400" percent="83" />
      <mem type="survivor" free="0" total="458752" percent="0" />
    </mem>
    <mem type="tenure" free="2058127096" total="2090532864" percent="98">
      <mem type="soa" free="1953601272" total="1986007040" percent="98" />
      <mem type="loa" free="104525824" total="104525824" percent="100" />
    </mem>
    <pending-finalizers system="0" default="0" reference="87" classloader="0" />
    <remembered-set count="216" />
  </mem-info>
</gc-end>
<cycle-end id="2450" type="scavenge" contextid="2444" timestamp="2019-06-17T03:12:54.176" />
  <attribute name="elasticGC enabled" value="1" />
  <attribute name= "numThreadsSpecified" value="4" />
  <attribute name="heapSize specified" value="8388608" />
  <attribute name="Current GC Util" value="12" />
  <attribute name= "Current Time Running" value="12745" />
  <attribute name ="GC Interval" value="200" />
  <attribute name="ProportionalT" value="-12.000000" />
  <attribute name="ProportionalI" value="-12.000000" />
  <attribute name="ProportionalH" value="-12.000000" />
  <attribute name="Current Error" value="-8.000000" />
  <attribute name="IntegralT" value="-88.000000" />
  <attribute name="IntegralI" value="-88.000000" />
  <attribute name="IntegralH" value="-88.000000" />
  <attribute name="DerivativeT" value="-1.090909" />
  <attribute name="DerivativeI" value="-1.090909" />
  <attribute name="DerivativeH" value="-1.090909" />
  <attribute name="Loop Time for DT" value="11.000000" />
  <attribute name="Output H" value="2092630016"/>
  <attribute name="Output I" value="200"/>
  <attribute name="Output T" value="4"/>
  <attribute name="Target GC Util Change" value ="20.000000" />
  <attribute name="Current GC Util Change" value="12.000000"/>
  <attribute name="GC Util currently" value="12" />
  <attribute name="CPU Util currently" value="418761692679" />
<allocation-satisfied id="2451" threadId="00000000013E6C00" bytesRequested="40" />
<af-end id="2452" timestamp="2019-06-17T03:12:54.176" threadId="00000000013E7588" success="true" from="nursery"/>
<exclusive-end id="2453" timestamp="2019-06-17T03:12:54.176" durationms="1.493" />

<exclusive-start id="2454" timestamp="2019-06-17T03:12:54.185" intervalms="10.043">
  <response-info timems="0.039" idlems="0.039" threads="0" lastid="00000000013F6000" lastname="PmdThread 4" />
</exclusive-start>
<af-start id="2455" threadId="00000000013F6988" totalBytesRequested="880" timestamp="2019-06-17T03:12:54.185" intervalms="9.953" type="nursery" />
<cycle-start id="2456" type="scavenge" contextid="0" timestamp="2019-06-17T03:12:54.185" intervalms="10.337" />
<gc-start id="2457" type="scavenge" contextid="2456" timestamp="2019-06-17T03:12:54.185">
  <mem-info id="2458" free="2058127096" total="2092630016" percent="98">
    <mem type="nursery" free="0" total="2097152" percent="0">
      <mem type="allocate" free="0" total="1638400" percent="0" />
      <mem type="survivor" free="0" total="458752" percent="0" />
    </mem>
    <mem type="tenure" free="2058127096" total="2090532864" percent="98">
      <mem type="soa" free="1953601272" total="1986007040" percent="98" />
      <mem type="loa" free="104525824" total="104525824" percent="100" />
    </mem>
    <remembered-set count="366" />
  </mem-info>
</gc-start>
<allocation-stats totalBytes="1369464" >
  <allocated-bytes non-tlh="40" tlh="1369424" />
  <largest-consumer threadName="PmdThread 3" threadId="00000000013F2400" bytes="642936" />
</allocation-stats>
<gc-op id="2459" type="scavenge" timems="0.507" contextid="2456" timestamp="2019-06-17T03:12:54.186">
  <scavenger-info tenureage="3" tenuremask="7ff8" tiltratio="78" />
  <memory-copied type="nursery" objects="2701" bytes="174688" bytesdiscarded="129680" />
  <memory-copied type="tenure" objects="3727" bytes="189320" bytesdiscarded="40" />
  <references type="weak" candidates="54" cleared="53" enqueued="53" />
  <references type="phantom" candidates="9" cleared="5" enqueued="5" />
</gc-op>
<gc-end id="2460" type="scavenge" contextid="2456" durationms="0.740" usertimems="0.000" systemtimems="0.000" timestamp="2019-06-17T03:12:54.186" activeThreads="4">
  <mem-info id="2461" free="2059175368" total="2092630016" percent="98">
    <mem type="nursery" free="1399536" total="2097152" percent="66">
      <mem type="allocate" free="1399536" total="1703936" percent="82" />
      <mem type="survivor" free="0" total="393216" percent="0" />
    </mem>
    <mem type="tenure" free="2057775832" total="2090532864" percent="98">
      <mem type="soa" free="1953250008" total="1986007040" percent="98" />
      <mem type="loa" free="104525824" total="104525824" percent="100" />
    </mem>
    <pending-finalizers system="0" default="0" reference="58" classloader="0" />
    <remembered-set count="266" />
  </mem-info>
</gc-end>
<cycle-end id="2462" type="scavenge" contextid="2456" timestamp="2019-06-17T03:12:54.186" />
  <attribute name="elasticGC enabled" value="1" />
  <attribute name= "numThreadsSpecified" value="4" />
  <attribute name="heapSize specified" value="8388608" />
  <attribute name="Current GC Util" value="11" />
  <attribute name= "Current Time Running" value="12755" />
  <attribute name ="GC Interval" value="200" />
  <attribute name="ProportionalT" value="-13.500000" />
  <attribute name="ProportionalI" value="-13.500000" />
  <attribute name="ProportionalH" value="-13.500000" />
  <attribute name="Current Error" value="-9.000000" />
  <attribute name="IntegralT" value="-90.000000" />
  <attribute name="IntegralI" value="-90.000000" />
  <attribute name="IntegralH" value="-90.000000" />
  <attribute name="DerivativeT" value="-1.350000" />
  <attribute name="DerivativeI" value="-1.350000" />
  <attribute name="DerivativeH" value="-1.350000" />
  <attribute name="Loop Time for DT" value="10.000000" />
  <attribute name="Output H" value="2092630016"/>
  <attribute name="Output I" value="200"/>
  <attribute name="Output T" value="4"/>
  <attribute name="Target GC Util Change" value ="20.000000" />
  <attribute name="Current GC Util Change" value="11.000000"/>
  <attribute name="GC Util currently" value="11" />
  <attribute name="CPU Util currently" value="445485506041" />
<allocation-satisfied id="2463" threadId="00000000013F6000" bytesRequested="880" />
<af-end id="2464" timestamp="2019-06-17T03:12:54.186" threadId="00000000013F6988" success="true" from="nursery"/>
<exclusive-end id="2465" timestamp="2019-06-17T03:12:54.186" durationms="1.695" />

<exclusive-start id="2466" timestamp="2019-06-17T03:12:54.194" intervalms="9.429">
  <response-info timems="0.060" idlems="0.060" threads="0" lastid="00000000013F6000" lastname="PmdThread 4" />
</exclusive-start>
<af-start id="2467" threadId="00000000013F6988" totalBytesRequested="904" timestamp="2019-06-17T03:12:54.194" intervalms="9.393" type="nursery" />
<cycle-start id="2468" type="scavenge" contextid="0" timestamp="2019-06-17T03:12:54.194" intervalms="9.001" />
<gc-start id="2469" type="scavenge" contextid="2468" timestamp="2019-06-17T03:12:54.194">
  <mem-info id="2470" free="2057775832" total="2092630016" percent="98">
    <mem type="nursery" free="0" total="2097152" percent="0">
      <mem type="allocate" free="0" total="1703936" percent="0" />
      <mem type="survivor" free="0" total="393216" percent="0" />
    </mem>
    <mem type="tenure" free="2057775832" total="2090532864" percent="98">
      <mem type="soa" free="1953250008" total="1986007040" percent="98" />
      <mem type="loa" free="104525824" total="104525824" percent="100" />
    </mem>
    <remembered-set count="391" />
  </mem-info>
</gc-start>
<allocation-stats totalBytes="1385080" >
  <allocated-bytes non-tlh="880" tlh="1384200" />
  <largest-consumer threadName="PmdThread 4" threadId="00000000013F6000" bytes="569640" />
</allocation-stats>
<gc-op id="2471" type="scavenge" timems="0.711" contextid="2468" timestamp="2019-06-17T03:12:54.195">
  <scavenger-info tenureage="3" tenuremask="7ff8" tiltratio="81" />
  <memory-copied type="nursery" objects="5804" bytes="332392" bytesdiscarded="52624" />
  <memory-copied type="tenure" objects="198" bytes="5880" bytesdiscarded="0" />
  <references type="weak" candidates="119" cleared="118" enqueued="118" />
  <references type="phantom" candidates="8" cleared="5" enqueued="5" />
</gc-op>
<gc-end id="2472" type="scavenge" contextid="2468" durationms="0.919" usertimems="0.000" systemtimems="0.000" timestamp="2019-06-17T03:12:54.195" activeThreads="4">
  <mem-info id="2473" free="2058963648" total="2092630016" percent="98">
    <mem type="nursery" free="1187816" total="2097152" percent="56">
      <mem type="allocate" free="1187816" total="1572864" percent="75" />
      <mem type="survivor" free="0" total="524288" percent="0" />
    </mem>
    <mem type="tenure" free="2057775832" total="2090532864" percent="98">
      <mem type="soa" free="1953250008" total="1986007040" percent="98" />
      <mem type="loa" free="104525824" total="104525824" percent="100" />
    </mem>
    <pending-finalizers system="0" default="0" reference="123" classloader="0" />
    <remembered-set count="226" />
  </mem-info>
</gc-end>
<cycle-end id="2474" type="scavenge" contextid="2468" timestamp="2019-06-17T03:12:54.195" />
  <attribute name="elasticGC enabled" value="1" />
  <attribute name= "numThreadsSpecified" value="4" />
  <attribute name="heapSize specified" value="8388608" />
  <attribute name="Current GC Util" value="15" />
  <attribute name= "Current Time Running" value="12764" />
  <attribute name ="GC Interval" value="200" />
  <attribute name="ProportionalT" value="-7.500000" />
  <attribute name="ProportionalI" value="-7.500000" />
  <attribute name="ProportionalH" value="-7.500000" />
  <attribute name="Current Error" value="-5.000000" />
  <attribute name="IntegralT" value="-45.000000" />
  <attribute name="IntegralI" value="-45.000000" />
  <attribute name="IntegralH" value="-45.000000" />
  <attribute name="DerivativeT" value="-0.833333" />
  <attribute name="DerivativeI" value="-0.833333" />
  <attribute name="DerivativeH" value="-0.833333" />
  <attribute name="Loop Time for DT" value="9.000000" />
  <attribute name="Output H" value="2092630016"/>
  <attribute name="Output I" value="200"/>
  <attribute name="Output T" value="4"/>
  <attribute name="Target GC Util Change" value ="20.000000" />
  <attribute name="Current GC Util Change" value="15.000000"/>
  <attribute name="GC Util currently" value="15" />
  <attribute name="CPU Util currently" value="512571870547" />
<allocation-satisfied id="2475" threadId="00000000013F6000" bytesRequested="904" />
<af-end id="2476" timestamp="2019-06-17T03:12:54.195" threadId="00000000013F6988" success="true" from="nursery"/>
<exclusive-end id="2477" timestamp="2019-06-17T03:12:54.195" durationms="1.372" />

<exclusive-start id="2478" timestamp="2019-06-17T03:12:54.212" intervalms="17.788">
  <response-info timems="0.116" idlems="0.057" threads="2" lastid="00000000013EA800" lastname="PmdThread 2" />
</exclusive-start>
<af-start id="2479" threadId="00000000013F2D88" totalBytesRequested="24" timestamp="2019-06-17T03:12:54.212" intervalms="17.817" type="nursery" />
<cycle-start id="2480" type="scavenge" contextid="0" timestamp="2019-06-17T03:12:54.212" intervalms="17.844" />
<gc-start id="2481" type="scavenge" contextid="2480" timestamp="2019-06-17T03:12:54.212">
  <mem-info id="2482" free="2057771232" total="2092630016" percent="98">
    <mem type="nursery" free="0" total="2097152" percent="0">
      <mem type="allocate" free="0" total="1572864" percent="0" />
      <mem type="survivor" free="0" total="524288" percent="0" />
    </mem>
    <mem type="tenure" free="2057771232" total="2090532864" percent="98">
      <mem type="soa" free="1953245408" total="1986007040" percent="98" />
      <mem type="loa" free="104525824" total="104525824" percent="100" />
    </mem>
    <remembered-set count="372" />
  </mem-info>
</gc-start>
<allocation-stats totalBytes="1190496" >
  <allocated-bytes non-tlh="5504" tlh="1184992" />
  <largest-consumer threadName="PmdThread 3" threadId="00000000013F2400" bytes="497824" />
</allocation-stats>
<gc-op id="2483" type="scavenge" timems="0.627" contextid="2480" timestamp="2019-06-17T03:12:54.213">
  <scavenger-info tenureage="3" tenuremask="7ff8" tiltratio="75" />
  <memory-copied type="nursery" objects="6196" bytes="397904" bytesdiscarded="125888" />
  <memory-copied type="tenure" objects="796" bytes="33520" bytesdiscarded="8" />
  <copy-failed type="nursery" objects="615" bytes="27832" />
  <references type="weak" candidates="84" cleared="83" enqueued="83" />
  <references type="phantom" candidates="6" cleared="5" enqueued="5" />
</gc-op>
<gc-end id="2484" type="scavenge" contextid="2480" durationms="1.005" usertimems="4.000" systemtimems="0.000" timestamp="2019-06-17T03:12:54.213" activeThreads="4">
  <mem-info id="2485" free="2058715104" total="2092630016" percent="98">
    <mem type="nursery" free="983040" total="2097152" percent="46">
      <mem type="allocate" free="983040" total="1507328" percent="65" />
      <mem type="survivor" free="0" total="589824" percent="0" />
    </mem>
    <mem type="tenure" free="2057732064" total="2090532864" percent="98">
      <mem type="soa" free="1953206240" total="1986007040" percent="98" />
      <mem type="loa" free="104525824" total="104525824" percent="100" />
    </mem>
    <pending-finalizers system="0" default="0" reference="88" classloader="0" />
    <remembered-set count="582" />
  </mem-info>
</gc-end>
<cycle-end id="2486" type="scavenge" contextid="2480" timestamp="2019-06-17T03:12:54.213" />
  <attribute name="elasticGC enabled" value="1" />
  <attribute name= "numThreadsSpecified" value="4" />
  <attribute name="heapSize specified" value="8388608" />
  <attribute name="Current GC Util" value="6" />
  <attribute name= "Current Time Running" value="12782" />
  <attribute name ="GC Interval" value="200" />
  <attribute name="ProportionalT" value="-21.000000" />
  <attribute name="ProportionalI" value="-21.000000" />
  <attribute name="ProportionalH" value="-21.000000" />
  <attribute name="Current Error" value="-14.000000" />
  <attribute name="IntegralT" value="-252.000000" />
  <attribute name="IntegralI" value="-252.000000" />
  <attribute name="IntegralH" value="-252.000000" />
  <attribute name="DerivativeT" value="-1.166667" />
  <attribute name="DerivativeI" value="-1.166667" />
  <attribute name="DerivativeH" value="-1.166667" />
  <attribute name="Loop Time for DT" value="18.000000" />
  <attribute name="Output H" value="2092630016"/>
  <attribute name="Output I" value="200"/>
  <attribute name="Output T" value="4"/>
  <attribute name="Target GC Util Change" value ="20.000000" />
  <attribute name="Current GC Util Change" value="6.000000"/>
  <attribute name="GC Util currently" value="6" />
  <attribute name="CPU Util currently" value="258750814237" />
<allocation-satisfied id="2487" threadId="00000000013F2400" bytesRequested="24" />
<af-end id="2488" timestamp="2019-06-17T03:12:54.214" threadId="00000000013F2D88" success="true" from="nursery"/>
<exclusive-end id="2489" timestamp="2019-06-17T03:12:54.214" durationms="1.767" />

<exclusive-start id="2490" timestamp="2019-06-17T03:12:54.216" intervalms="4.317">
  <response-info timems="0.031" idlems="0.031" threads="0" lastid="00000000013EA800" lastname="PmdThread 2" />
</exclusive-start>
<af-start id="2491" threadId="00000000013EB188" totalBytesRequested="24" timestamp="2019-06-17T03:12:54.216" intervalms="4.284" type="nursery" />
<cycle-start id="2492" type="scavenge" contextid="0" timestamp="2019-06-17T03:12:54.216" intervalms="4.260" />
<gc-start id="2493" type="scavenge" contextid="2492" timestamp="2019-06-17T03:12:54.216">
  <mem-info id="2494" free="2057731392" total="2092630016" percent="98">
    <mem type="nursery" free="0" total="2097152" percent="0">
      <mem type="allocate" free="0" total="1507328" percent="0" />
      <mem type="survivor" free="0" total="589824" percent="0" />
    </mem>
    <mem type="tenure" free="2057731392" total="2090532864" percent="98">
      <mem type="soa" free="1953205568" total="1986007040" percent="98" />
      <mem type="loa" free="104525824" total="104525824" percent="100" />
    </mem>
    <remembered-set count="663" />
  </mem-info>
</gc-start>
<allocation-stats totalBytes="980616" >
  <allocated-bytes non-tlh="696" tlh="979920" />
  <largest-consumer threadName="PmdThread 3" threadId="00000000013F2400" bytes="516064" />
</allocation-stats>
<gc-op id="2495" type="scavenge" timems="0.484" contextid="2492" timestamp="2019-06-17T03:12:54.217">
  <scavenger-info tenureage="3" tenuremask="7ff8" tiltratio="71" />
  <memory-copied type="nursery" objects="4312" bytes="260024" bytesdiscarded="107360" />
  <memory-copied type="tenure" objects="1732" bytes="123944" bytesdiscarded="56" />
  <references type="weak" candidates="30" cleared="30" enqueued="30" />
</gc-op>
<gc-end id="2496" type="scavenge" contextid="2492" durationms="0.699" usertimems="4.000" systemtimems="0.000" timestamp="2019-06-17T03:12:54.217" activeThreads="4">
  <mem-info id="2497" free="2058699816" total="2092630016" percent="98">
    <mem type="nursery" free="1138920" total="2097152" percent="54">
      <mem type="allocate" free="1138920" total="1507328" percent="75" />
      <mem type="survivor" free="0" total="589824" percent="0" />
    </mem>
    <mem type="tenure" free="2057560896" total="2090532864" percent="98">
      <mem type="soa" free="1953035072" total="1986007040" percent="98" />
      <mem type="loa" free="104525824" total="104525824" percent="100" />
    </mem>
    <pending-finalizers system="0" default="0" reference="30" classloader="0" />
    <remembered-set count="538" />
  </mem-info>
</gc-end>
<cycle-end id="2498" type="scavenge" contextid="2492" timestamp="2019-06-17T03:12:54.217" />
  <attribute name="elasticGC enabled" value="1" />
  <attribute name= "numThreadsSpecified" value="4" />
  <attribute name="heapSize specified" value="8388608" />
  <attribute name="Current GC Util" value="29" />
  <attribute name= "Current Time Running" value="12786" />
  <attribute name ="GC Interval" value="200" />
  <attribute name="ProportionalT" value="13.500000" />
  <attribute name="ProportionalI" value="13.500000" />
  <attribute name="ProportionalH" value="13.500000" />
  <attribute name="Current Error" value="9.000000" />
  <attribute name="IntegralT" value="36.000000" />
  <attribute name="IntegralI" value="36.000000" />
  <attribute name="IntegralH" value="36.000000" />
  <attribute name="DerivativeT" value="3.375000" />
  <attribute name="DerivativeI" value="3.375000" />
  <attribute name="DerivativeH" value="3.375000" />
  <attribute name="Loop Time for DT" value="4.000000" />
  <attribute name="Output H" value="8388608"/>
  <attribute name="Output I" value="200"/>
  <attribute name="Output T" value="4"/>
  <attribute name="Target GC Util Change" value ="20.000000" />
  <attribute name="Current GC Util Change" value="29.000000"/>
  <attribute name="GC Util currently" value="29" />
  <attribute name="CPU Util currently" value="1081267017114" />
<allocation-satisfied id="2499" threadId="00000000013EA800" bytesRequested="24" />
<af-end id="2500" timestamp="2019-06-17T03:12:54.217" threadId="00000000013EB188" success="true" from="nursery"/>
<exclusive-end id="2501" timestamp="2019-06-17T03:12:54.217" durationms="1.152" />

<exclusive-start id="2502" timestamp="2019-06-17T03:12:54.224" intervalms="8.102">
  <response-info timems="0.028" idlems="0.028" threads="0" lastid="00000000013EA800" lastname="PmdThread 2" />
</exclusive-start>
<af-start id="2503" threadId="00000000013EB188" totalBytesRequested="96" timestamp="2019-06-17T03:12:54.224" intervalms="8.143" type="nursery" />
<cycle-start id="2504" type="scavenge" contextid="0" timestamp="2019-06-17T03:12:54.225" intervalms="8.171" />
<gc-start id="2505" type="scavenge" contextid="2504" timestamp="2019-06-17T03:12:54.225">
  <mem-info id="2506" free="2057560720" total="2092630016" percent="98">
    <mem type="nursery" free="0" total="2097152" percent="0">
      <mem type="allocate" free="0" total="1507328" percent="0" />
      <mem type="survivor" free="0" total="589824" percent="0" />
    </mem>
    <mem type="tenure" free="2057560720" total="2090532864" percent="98">
      <mem type="soa" free="1953034896" total="1986007040" percent="98" />
      <mem type="loa" free="104525824" total="104525824" percent="100" />
    </mem>
    <remembered-set count="710" />
  </mem-info>
</gc-start>
<allocation-stats totalBytes="1128552" >
  <allocated-bytes non-tlh="200" tlh="1128352" />
  <largest-consumer threadName="PmdThread 2" threadId="00000000013EA800" bytes="629224" />
</allocation-stats>
<gc-op id="2507" type="scavenge" timems="0.646" contextid="2504" timestamp="2019-06-17T03:12:54.225">
  <scavenger-info tenureage="3" tenuremask="7ff8" tiltratio="71" />
  <memory-copied type="nursery" objects="2300" bytes="253032" bytesdiscarded="149536" />
  <memory-copied type="tenure" objects="2672" bytes="94976" bytesdiscarded="64" />
  <references type="weak" candidates="103" cleared="102" enqueued="102" />
  <references type="phantom" candidates="1" cleared="1" enqueued="1" />
</gc-op>
<gc-end id="2508" type="scavenge" contextid="2504" durationms="0.933" usertimems="4.000" systemtimems="0.000" timestamp="2019-06-17T03:12:54.226" activeThreads="4">
  <mem-info id="2509" free="2058652240" total="2092630016" percent="98">
    <mem type="nursery" free="1169856" total="2097152" percent="55">
      <mem type="allocate" free="1169856" total="1572864" percent="74" />
      <mem type="survivor" free="0" total="524288" percent="0" />
    </mem>
    <mem type="tenure" free="2057482384" total="2090532864" percent="98">
      <mem type="soa" free="1952956560" total="1986007040" percent="98" />
      <mem type="loa" free="104525824" total="104525824" percent="100" />
    </mem>
    <pending-finalizers system="0" default="0" reference="103" classloader="0" />
    <remembered-set count="210" />
  </mem-info>
</gc-end>
<cycle-end id="2510" type="scavenge" contextid="2504" timestamp="2019-06-17T03:12:54.226" />
  <attribute name="elasticGC enabled" value="1" />
  <attribute name= "numThreadsSpecified" value="4" />
  <attribute name="heapSize specified" value="8388608" />
  <attribute name="Current GC Util" value="15" />
  <attribute name= "Current Time Running" value="12795" />
  <attribute name ="GC Interval" value="200" />
  <attribute name="ProportionalT" value="-7.500000" />
  <attribute name="ProportionalI" value="-7.500000" />
  <attribute name="ProportionalH" value="-7.500000" />
  <attribute name="Current Error" value="-5.000000" />
  <attribute name="IntegralT" value="-45.000000" />
  <attribute name="IntegralI" value="-45.000000" />
  <attribute name="IntegralH" value="-45.000000" />
  <attribute name="DerivativeT" value="-2.333333" />
  <attribute name="DerivativeI" value="-2.333333" />
  <attribute name="DerivativeH" value="-2.333333" />
  <attribute name="Loop Time for DT" value="9.000000" />
  <attribute name="Output H" value="2092630016"/>
  <attribute name="Output I" value="200"/>
  <attribute name="Output T" value="4"/>
  <attribute name="Target GC Util Change" value ="20.000000" />
  <attribute name="Current GC Util Change" value="15.000000"/>
  <attribute name="GC Util currently" value="15" />
  <attribute name="CPU Util currently" value="555846689709" />
<allocation-satisfied id="2511" threadId="00000000013EA800" bytesRequested="96" />
<af-end id="2512" timestamp="2019-06-17T03:12:54.226" threadId="00000000013EB188" success="true" from="nursery"/>
<exclusive-end id="2513" timestamp="2019-06-17T03:12:54.226" durationms="1.476" />

<exclusive-start id="2514" timestamp="2019-06-17T03:12:54.236" intervalms="12.176">
  <response-info timems="0.207" idlems="0.077" threads="3" lastid="00000000010DA300" lastname="JIT Compilation Thread-0" />
</exclusive-start>
<af-start id="2515" threadId="00000000013E7588" totalBytesRequested="64" timestamp="2019-06-17T03:12:54.237" intervalms="12.172" type="nursery" />
<cycle-start id="2516" type="scavenge" contextid="0" timestamp="2019-06-17T03:12:54.237" intervalms="12.185" />
<gc-start id="2517" type="scavenge" contextid="2516" timestamp="2019-06-17T03:12:54.237">
  <mem-info id="2518" free="2057480952" total="2092630016" percent="98">
    <mem type="nursery" free="0" total="2097152" percent="0">
      <mem type="allocate" free="0" total="1572864" percent="0" />
      <mem type="survivor" free="0" total="524288" percent="0" />
    </mem>
    <mem type="tenure" free="2057480952" total="2090532864" percent="98">
      <mem type="soa" free="1952955128" total="1986007040" percent="98" />
      <mem type="loa" free="104525824" total="104525824" percent="100" />
    </mem>
    <remembered-set count="308" />
  </mem-info>
</gc-start>
<allocation-stats totalBytes="1168592" >
  <allocated-bytes non-tlh="1528" tlh="1167064" />
  <largest-consumer threadName="PmdThread 2" threadId="00000000013EA800" bytes="385944" />
</allocation-stats>
<gc-op id="2519" type="scavenge" timems="0.428" contextid="2516" timestamp="2019-06-17T03:12:54.237">
  <scavenger-info tenureage="3" tenuremask="7ff8" tiltratio="75" />
  <memory-copied type="nursery" objects="2926" bytes="346832" bytesdiscarded="53992" />
  <memory-copied type="tenure" objects="310" bytes="9112" bytesdiscarded="0" />
  <references type="weak" candidates="85" cleared="85" enqueued="85" />
  <references type="phantom" candidates="4" cleared="3" enqueued="3" />
</gc-op>
<gc-end id="2520" type="scavenge" contextid="2516" durationms="0.626" usertimems="4.000" systemtimems="0.000" timestamp="2019-06-17T03:12:54.237" activeThreads="4">
  <mem-info id="2521" free="2058652864" total="2092630016" percent="98">
    <mem type="nursery" free="1171912" total="2097152" percent="55">
      <mem type="allocate" free="1171912" total="1572864" percent="74" />
      <mem type="survivor" free="0" total="524288" percent="0" />
    </mem>
    <mem type="tenure" free="2057480952" total="2090532864" percent="98">
      <mem type="soa" free="1952955128" total="1986007040" percent="98" />
      <mem type="loa" free="104525824" total="104525824" percent="100" />
    </mem>
    <pending-finalizers system="0" default="0" reference="88" classloader="0" />
    <remembered-set count="148" />
  </mem-info>
</gc-end>
<cycle-end id="2522" type="scavenge" contextid="2516" timestamp="2019-06-17T03:12:54.237" />
  <attribute name="elasticGC enabled" value="1" />
  <attribute name= "numThreadsSpecified" value="4" />
  <attribute name="heapSize specified" value="8388608" />
  <attribute name="Current GC Util" value="9" />
  <attribute name= "Current Time Running" value="12807" />
  <attribute name ="GC Interval" value="200" />
  <attribute name="ProportionalT" value="-16.500000" />
  <attribute name="ProportionalI" value="-16.500000" />
  <attribute name="ProportionalH" value="-16.500000" />
  <attribute name="Current Error" value="-11.000000" />
  <attribute name="IntegralT" value="-132.000000" />
  <attribute name="IntegralI" value="-132.000000" />
  <attribute name="IntegralH" value="-132.000000" />
  <attribute name="DerivativeT" value="-1.375000" />
  <attribute name="DerivativeI" value="-1.375000" />
  <attribute name="DerivativeH" value="-1.375000" />
  <attribute name="Loop Time for DT" value="12.000000" />
  <attribute name="Output H" value="2092630016"/>
  <attribute name="Output I" value="200"/>
  <attribute name="Output T" value="4"/>
  <attribute name="Target GC Util Change" value ="20.000000" />
  <attribute name="Current GC Util Change" value="9.000000"/>
  <attribute name="GC Util currently" value="9" />
  <attribute name="CPU Util currently" value="381345573818" />
<allocation-satisfied id="2523" threadId="00000000013E6C00" bytesRequested="64" />
<af-end id="2524" timestamp="2019-06-17T03:12:54.238" threadId="00000000013E7588" success="true" from="nursery"/>
<exclusive-end id="2525" timestamp="2019-06-17T03:12:54.238" durationms="1.188" />

<exclusive-start id="2526" timestamp="2019-06-17T03:12:54.242" intervalms="5.316">
  <response-info timems="0.259" idlems="0.213" threads="1" lastid="00000000010DDF00" lastname="JIT Compilation Thread-1" />
</exclusive-start>
<af-start id="2527" threadId="00000000013F6988" totalBytesRequested="80" timestamp="2019-06-17T03:12:54.242" intervalms="5.819" type="nursery" />
<cycle-start id="2528" type="scavenge" contextid="0" timestamp="2019-06-17T03:12:54.242" intervalms="5.769" />
<gc-start id="2529" type="scavenge" contextid="2528" timestamp="2019-06-17T03:12:54.243">
  <mem-info id="2530" free="2057480592" total="2092630016" percent="98">
    <mem type="nursery" free="0" total="2097152" percent="0">
      <mem type="allocate" free="0" total="1572864" percent="0" />
      <mem type="survivor" free="0" total="524288" percent="0" />
    </mem>
    <mem type="tenure" free="2057480592" total="2090532864" percent="98">
      <mem type="soa" free="1952954768" total="1986007040" percent="98" />
      <mem type="loa" free="104525824" total="104525824" percent="100" />
    </mem>
    <remembered-set count="292" />
  </mem-info>
</gc-start>
<allocation-stats totalBytes="1170864" >
  <allocated-bytes non-tlh="424" tlh="1170440" />
  <largest-consumer threadName="PmdThread 4" threadId="00000000013F6000" bytes="584936" />
</allocation-stats>
<gc-op id="2531" type="scavenge" timems="0.462" contextid="2528" timestamp="2019-06-17T03:12:54.243">
  <scavenger-info tenureage="3" tenuremask="7ff8" tiltratio="75" />
  <memory-copied type="nursery" objects="3352" bytes="299256" bytesdiscarded="188024" />
  <memory-copied type="tenure" objects="7" bytes="120" bytesdiscarded="0" />
  <references type="weak" candidates="96" cleared="96" enqueued="96" />
  <references type="phantom" candidates="1" cleared="1" enqueued="1" />
</gc-op>
<gc-end id="2532" type="scavenge" contextid="2528" durationms="0.944" usertimems="0.000" systemtimems="0.000" timestamp="2019-06-17T03:12:54.244" activeThreads="4">
  <mem-info id="2533" free="2058565976" total="2092630016" percent="98">
    <mem type="nursery" free="1085384" total="2097152" percent="51">
      <mem type="allocate" free="1085384" total="1572864" percent="69" />
      <mem type="survivor" free="0" total="524288" percent="0" />
    </mem>
    <mem type="tenure" free="2057480592" total="2090532864" percent="98">
      <mem type="soa" free="1952954768" total="1986007040" percent="98" />
      <mem type="loa" free="104525824" total="104525824" percent="100" />
    </mem>
    <pending-finalizers system="0" default="0" reference="97" classloader="0" />
    <remembered-set count="148" />
  </mem-info>
</gc-end>
<cycle-end id="2534" type="scavenge" contextid="2528" timestamp="2019-06-17T03:12:54.244" />
  <attribute name="elasticGC enabled" value="1" />
  <attribute name= "numThreadsSpecified" value="4" />
  <attribute name="heapSize specified" value="8388608" />
  <attribute name="Current GC Util" value="17" />
  <attribute name= "Current Time Running" value="12813" />
  <attribute name ="GC Interval" value="200" />
  <attribute name="ProportionalT" value="-4.500000" />
  <attribute name="ProportionalI" value="-4.500000" />
  <attribute name="ProportionalH" value="-4.500000" />
  <attribute name="Current Error" value="-3.000000" />
  <attribute name="IntegralT" value="-18.000000" />
  <attribute name="IntegralI" value="-18.000000" />
  <attribute name="IntegralH" value="-18.000000" />
  <attribute name="DerivativeT" value="-0.750000" />
  <attribute name="DerivativeI" value="-0.750000" />
  <attribute name="DerivativeH" value="-0.750000" />
  <attribute name="Loop Time for DT" value="6.000000" />
  <attribute name="Output H" value="2092630016"/>
  <attribute name="Output I" value="200"/>
  <attribute name="Output T" value="4"/>
  <attribute name="Target GC Util Change" value ="20.000000" />
  <attribute name="Current GC Util Change" value="17.000000"/>
  <attribute name="GC Util currently" value="17" />
  <attribute name="CPU Util currently" value="791325643870" />
<allocation-satisfied id="2535" threadId="00000000013F6000" bytesRequested="80" />
<af-end id="2536" timestamp="2019-06-17T03:12:54.244" threadId="00000000013F6988" success="true" from="nursery"/>
<exclusive-end id="2537" timestamp="2019-06-17T03:12:54.244" durationms="2.161" />

<exclusive-start id="2538" timestamp="2019-06-17T03:12:54.248" intervalms="6.231">
  <response-info timems="0.109" idlems="0.048" threads="3" lastid="00000000010DA300" lastname="JIT Compilation Thread-0" />
</exclusive-start>
<af-start id="2539" threadId="00000000013E7588" totalBytesRequested="56" timestamp="2019-06-17T03:12:54.248" intervalms="5.713" type="nursery" />
<cycle-start id="2540" type="scavenge" contextid="0" timestamp="2019-06-17T03:12:54.248" intervalms="5.745" />
<gc-start id="2541" type="scavenge" contextid="2540" timestamp="2019-06-17T03:12:54.248">
  <mem-info id="2542" free="2057480416" total="2092630016" percent="98">
    <mem type="nursery" free="0" total="2097152" percent="0">
      <mem type="allocate" free="0" total="1572864" percent="0" />
      <mem type="survivor" free="0" total="524288" percent="0" />
    </mem>
    <mem type="tenure" free="2057480416" total="2090532864" percent="98">
      <mem type="soa" free="1952954592" total="1986007040" percent="98" />
      <mem type="loa" free="104525824" total="104525824" percent="100" />
    </mem>
    <remembered-set count="161" />
  </mem-info>
</gc-start>
<allocation-stats totalBytes="1084312" >
  <allocated-bytes non-tlh="16648" tlh="1067664" />
  <largest-consumer threadName="PmdThread 3" threadId="00000000013F2400" bytes="499384" />
</allocation-stats>
<gc-op id="2543" type="scavenge" timems="0.529" contextid="2540" timestamp="2019-06-17T03:12:54.249">
  <scavenger-info tenureage="3" tenuremask="7ff8" tiltratio="75" />
  <memory-copied type="nursery" objects="6161" bytes="466776" bytesdiscarded="56880" />
  <memory-copied type="tenure" objects="31" bytes="928" bytesdiscarded="0" />
  <references type="weak" candidates="43" cleared="41" enqueued="41" />
  <references type="phantom" candidates="2" cleared="0" enqueued="0" />
</gc-op>
<gc-end id="2544" type="scavenge" contextid="2540" durationms="0.775" usertimems="0.000" systemtimems="0.000" timestamp="2019-06-17T03:12:54.249" activeThreads="4">
  <mem-info id="2545" free="2058397920" total="2092630016" percent="98">
    <mem type="nursery" free="917504" total="2097152" percent="43">
      <mem type="allocate" free="917504" total="1441792" percent="63" />
      <mem type="survivor" free="0" total="655360" percent="0" />
    </mem>
    <mem type="tenure" free="2057480416" total="2090532864" percent="98">
      <mem type="soa" free="1952954592" total="1986007040" percent="98" />
      <mem type="loa" free="104525824" total="104525824" percent="100" />
    </mem>
    <pending-finalizers system="0" default="0" reference="41" classloader="0" />
    <remembered-set count="147" />
  </mem-info>
</gc-end>
<cycle-end id="2546" type="scavenge" contextid="2540" timestamp="2019-06-17T03:12:54.249" />
  <attribute name="elasticGC enabled" value="1" />
  <attribute name= "numThreadsSpecified" value="4" />
  <attribute name="heapSize specified" value="8388608" />
  <attribute name="Current GC Util" value="17" />
  <attribute name= "Current Time Running" value="12818" />
  <attribute name ="GC Interval" value="200" />
  <attribute name="ProportionalT" value="-4.500000" />
  <attribute name="ProportionalI" value="-4.500000" />
  <attribute name="ProportionalH" value="-4.500000" />
  <attribute name="Current Error" value="-3.000000" />
  <attribute name="IntegralT" value="-15.000000" />
  <attribute name="IntegralI" value="-15.000000" />
  <attribute name="IntegralH" value="-15.000000" />
  <attribute name="DerivativeT" value="-0.900000" />
  <attribute name="DerivativeI" value="-0.900000" />
  <attribute name="DerivativeH" value="-0.900000" />
  <attribute name="Loop Time for DT" value="5.000000" />
  <attribute name="Output H" value="2092630016"/>
  <attribute name="Output I" value="200"/>
  <attribute name="Output T" value="4"/>
  <attribute name="Target GC Util Change" value ="20.000000" />
  <attribute name="Current GC Util Change" value="17.000000"/>
  <attribute name="GC Util currently" value="17" />
  <attribute name="CPU Util currently" value="813619134102" />
<allocation-satisfied id="2547" threadId="00000000013E6C00" bytesRequested="56" />
<af-end id="2548" timestamp="2019-06-17T03:12:54.249" threadId="00000000013E7588" success="true" from="nursery"/>
<exclusive-end id="2549" timestamp="2019-06-17T03:12:54.249" durationms="1.433" />

<exclusive-start id="2550" timestamp="2019-06-17T03:12:54.255" intervalms="7.400">
  <response-info timems="0.057" idlems="0.032" threads="1" lastid="00000000013F2400" lastname="PmdThread 3" />
</exclusive-start>
<af-start id="2551" threadId="00000000013F6988" totalBytesRequested="1088" timestamp="2019-06-17T03:12:54.256" intervalms="7.402" type="nursery" />
<cycle-start id="2552" type="scavenge" contextid="0" timestamp="2019-06-17T03:12:54.256" intervalms="7.433" />
<gc-start id="2553" type="scavenge" contextid="2552" timestamp="2019-06-17T03:12:54.256">
  <mem-info id="2554" free="2057479128" total="2092630016" percent="98">
    <mem type="nursery" free="0" total="2097152" percent="0">
      <mem type="allocate" free="0" total="1441792" percent="0" />
      <mem type="survivor" free="0" total="655360" percent="0" />
    </mem>
    <mem type="tenure" free="2057479128" total="2090532864" percent="98">
      <mem type="soa" free="1952953304" total="1986007040" percent="98" />
      <mem type="loa" free="104525824" total="104525824" percent="100" />
    </mem>
    <remembered-set count="224" />
  </mem-info>
</gc-start>
<allocation-stats totalBytes="916856" >
  <allocated-bytes non-tlh="1344" tlh="915512" />
  <largest-consumer threadName="PmdThread 2" threadId="00000000013EA800" bytes="335800" />
</allocation-stats>
<gc-op id="2555" type="scavenge" timems="0.581" contextid="2552" timestamp="2019-06-17T03:12:54.257">
  <scavenger-info tenureage="2" tenuremask="7ffc" tiltratio="68" />
  <memory-copied type="nursery" objects="3566" bytes="255192" bytesdiscarded="106552" />
  <memory-copied type="tenure" objects="2699" bytes="213960" bytesdiscarded="16" />
  <references type="weak" candidates="79" cleared="79" enqueued="79" />
  <references type="phantom" candidates="5" cleared="5" enqueued="5" />
</gc-op>
<gc-end id="2556" type="scavenge" contextid="2552" durationms="1.152" usertimems="0.000" systemtimems="0.000" timestamp="2019-06-17T03:12:54.257" activeThreads="4">
  <mem-info id="2557" free="2058425488" total="2092630016" percent="98">
    <mem type="nursery" free="1080016" total="2097152" percent="51">
      <mem type="allocate" free="1080016" total="1441792" percent="74" />
      <mem type="survivor" free="0" total="655360" percent="0" />
    </mem>
    <mem type="tenure" free="2057345472" total="2090532864" percent="98">
      <mem type="soa" free="1952819648" total="1986007040" percent="98" />
      <mem type="loa" free="104525824" total="104525824" percent="100" />
    </mem>
    <pending-finalizers system="0" default="0" reference="84" classloader="0" />
    <remembered-set count="131" />
  </mem-info>
</gc-end>
<cycle-end id="2558" type="scavenge" contextid="2552" timestamp="2019-06-17T03:12:54.257" />
  <attribute name="elasticGC enabled" value="1" />
  <attribute name= "numThreadsSpecified" value="4" />
  <attribute name="heapSize specified" value="8388608" />
  <attribute name="Current GC Util" value="15" />
  <attribute name= "Current Time Running" value="12826" />
  <attribute name ="GC Interval" value="200" />
  <attribute name="ProportionalT" value="-7.500000" />
  <attribute name="ProportionalI" value="-7.500000" />
  <attribute name="ProportionalH" value="-7.500000" />
  <attribute name="Current Error" value="-5.000000" />
  <attribute name="IntegralT" value="-40.000000" />
  <attribute name="IntegralI" value="-40.000000" />
  <attribute name="IntegralH" value="-40.000000" />
  <attribute name="DerivativeT" value="-0.937500" />
  <attribute name="DerivativeI" value="-0.937500" />
  <attribute name="DerivativeH" value="-0.937500" />
  <attribute name="Loop Time for DT" value="8.000000" />
  <attribute name="Output H" value="2092630016"/>
  <attribute name="Output I" value="200"/>
  <attribute name="Output T" value="4"/>
  <attribute name="Target GC Util Change" value ="20.000000" />
  <attribute name="Current GC Util Change" value="15.000000"/>
  <attribute name="GC Util currently" value="15" />
  <attribute name="CPU Util currently" value="609104004675" />
<allocation-satisfied id="2559" threadId="00000000013F6000" bytesRequested="1088" />
<af-end id="2560" timestamp="2019-06-17T03:12:54.257" threadId="00000000013F6988" success="true" from="nursery"/>
<exclusive-end id="2561" timestamp="2019-06-17T03:12:54.257" durationms="2.000" />

<exclusive-start id="2562" timestamp="2019-06-17T03:12:54.261" intervalms="5.972">
  <response-info timems="0.224" idlems="0.195" threads="1" lastid="00000000013EA800" lastname="PmdThread 2" />
</exclusive-start>
<af-start id="2563" threadId="00000000013E7588" totalBytesRequested="16392" timestamp="2019-06-17T03:12:54.261" intervalms="5.937" type="nursery" />
<cycle-start id="2564" type="scavenge" contextid="0" timestamp="2019-06-17T03:12:54.262" intervalms="5.893" />
<gc-start id="2565" type="scavenge" contextid="2564" timestamp="2019-06-17T03:12:54.262">
  <mem-info id="2566" free="2057345296" total="2092630016" percent="98">
    <mem type="nursery" free="0" total="2097152" percent="0">
      <mem type="allocate" free="0" total="1441792" percent="0" />
      <mem type="survivor" free="0" total="655360" percent="0" />
    </mem>
    <mem type="tenure" free="2057345296" total="2090532864" percent="98">
      <mem type="soa" free="1952819472" total="1986007040" percent="98" />
      <mem type="loa" free="104525824" total="104525824" percent="100" />
    </mem>
    <remembered-set count="294" />
  </mem-info>
</gc-start>
<allocation-stats totalBytes="1050360" >
  <allocated-bytes non-tlh="1264" tlh="1049096" />
  <largest-consumer threadName="PmdThread 2" threadId="00000000013EA800" bytes="510816" />
</allocation-stats>
<gc-op id="2567" type="scavenge" timems="0.547" contextid="2564" timestamp="2019-06-17T03:12:54.262">
  <scavenger-info tenureage="2" tenuremask="7ffc" tiltratio="68" />
  <memory-copied type="nursery" objects="741" bytes="66928" bytesdiscarded="58600" />
  <memory-copied type="tenure" objects="2908" bytes="222136" bytesdiscarded="48" />
  <references type="weak" candidates="103" cleared="103" enqueued="103" />
  <references type="phantom" candidates="1" cleared="0" enqueued="0" />
</gc-op>
<gc-end id="2568" type="scavenge" contextid="2564" durationms="0.857" usertimems="0.000" systemtimems="0.000" timestamp="2019-06-17T03:12:54.262" activeThreads="4">
  <mem-info id="2569" free="2058552528" total="2092630016" percent="98">
    <mem type="nursery" free="1381624" total="2097152" percent="65">
      <mem type="allocate" free="1381624" total="1507328" percent="91" />
      <mem type="survivor" free="0" total="589824" percent="0" />
    </mem>
    <mem type="tenure" free="2057170904" total="2090532864" percent="98">
      <mem type="soa" free="1952645080" total="1986007040" percent="98" />
      <mem type="loa" free="104525824" total="104525824" percent="100" />
    </mem>
    <pending-finalizers system="0" default="0" reference="103" classloader="0" />
    <remembered-set count="181" />
  </mem-info>
</gc-end>
<cycle-end id="2570" type="scavenge" contextid="2564" timestamp="2019-06-17T03:12:54.263" />
  <attribute name="elasticGC enabled" value="1" />
  <attribute name= "numThreadsSpecified" value="4" />
  <attribute name="heapSize specified" value="8388608" />
  <attribute name="Current GC Util" value="24" />
  <attribute name= "Current Time Running" value="12832" />
  <attribute name ="GC Interval" value="200" />
  <attribute name="ProportionalT" value="6.000000" />
  <attribute name="ProportionalI" value="6.000000" />
  <attribute name="ProportionalH" value="6.000000" />
  <attribute name="Current Error" value="4.000000" />
  <attribute name="IntegralT" value="24.000000" />
  <attribute name="IntegralI" value="24.000000" />
  <attribute name="IntegralH" value="24.000000" />
  <attribute name="DerivativeT" value="1.000000" />
  <attribute name="DerivativeI" value="1.000000" />
  <attribute name="DerivativeH" value="1.000000" />
  <attribute name="Loop Time for DT" value="6.000000" />
  <attribute name="Output H" value="8388608"/>
  <attribute name="Output I" value="200"/>
  <attribute name="Output T" value="4"/>
  <attribute name="Target GC Util Change" value ="20.000000" />
  <attribute name="Current GC Util Change" value="24.000000"/>
  <attribute name="GC Util currently" value="24" />
  <attribute name="CPU Util currently" value="796401306537" />
<allocation-satisfied id="2571" threadId="00000000013E6C00" bytesRequested="16392" />
<af-end id="2572" timestamp="2019-06-17T03:12:54.263" threadId="00000000013E7588" success="true" from="nursery"/>
<exclusive-end id="2573" timestamp="2019-06-17T03:12:54.263" durationms="1.472" />

<exclusive-start id="2574" timestamp="2019-06-17T03:12:54.268" intervalms="6.120">
  <response-info timems="0.072" idlems="0.041" threads="3" lastid="00000000010DA300" lastname="JIT Compilation Thread-0" />
</exclusive-start>
<af-start id="2575" threadId="00000000013F2D88" totalBytesRequested="152" timestamp="2019-06-17T03:12:54.268" intervalms="6.465" type="nursery" />
<cycle-start id="2576" type="scavenge" contextid="0" timestamp="2019-06-17T03:12:54.268" intervalms="6.438" />
<gc-start id="2577" type="scavenge" contextid="2576" timestamp="2019-06-17T03:12:54.268">
  <mem-info id="2578" free="2057170816" total="2092630016" percent="98">
    <mem type="nursery" free="0" total="2097152" percent="0">
      <mem type="allocate" free="0" total="1507328" percent="0" />
      <mem type="survivor" free="0" total="589824" percent="0" />
    </mem>
    <mem type="tenure" free="2057170816" total="2090532864" percent="98">
      <mem type="soa" free="1952644992" total="1986007040" percent="98" />
      <mem type="loa" free="104525824" total="104525824" percent="100" />
    </mem>
    <remembered-set count="387" />
  </mem-info>
</gc-start>
<allocation-stats totalBytes="1378400" >
  <allocated-bytes non-tlh="16480" tlh="1361920" />
  <largest-consumer threadName="PmdThread 4" threadId="00000000013F6000" bytes="660712" />
</allocation-stats>
<gc-op id="2579" type="scavenge" timems="0.487" contextid="2576" timestamp="2019-06-17T03:12:54.269">
  <scavenger-info tenureage="3" tenuremask="7ff8" tiltratio="71" />
  <memory-copied type="nursery" objects="2375" bytes="145024" bytesdiscarded="74856" />
  <references type="weak" candidates="115" cleared="115" enqueued="115" />
  <references type="phantom" candidates="1" cleared="1" enqueued="1" />
</gc-op>
<gc-end id="2580" type="scavenge" contextid="2576" durationms="0.705" usertimems="0.000" systemtimems="0.000" timestamp="2019-06-17T03:12:54.269" activeThreads="4">
  <mem-info id="2581" free="2058523248" total="2092630016" percent="98">
    <mem type="nursery" free="1352432" total="2097152" percent="64">
      <mem type="allocate" free="1352432" total="1572864" percent="85" />
      <mem type="survivor" free="0" total="524288" percent="0" />
    </mem>
    <mem type="tenure" free="2057170816" total="2090532864" percent="98">
      <mem type="soa" free="1952644992" total="1986007040" percent="98" />
      <mem type="loa" free="104525824" total="104525824" percent="100" />
    </mem>
    <pending-finalizers system="0" default="0" reference="116" classloader="0" />
    <remembered-set count="182" />
  </mem-info>
</gc-end>
<cycle-end id="2582" type="scavenge" contextid="2576" timestamp="2019-06-17T03:12:54.269" />
  <attribute name="elasticGC enabled" value="1" />
  <attribute name= "numThreadsSpecified" value="4" />
  <attribute name="heapSize specified" value="8388608" />
  <attribute name="Current GC Util" value="17" />
  <attribute name= "Current Time Running" value="12838" />
  <attribute name ="GC Interval" value="200" />
  <attribute name="ProportionalT" value="-4.500000" />
  <attribute name="ProportionalI" value="-4.500000" />
  <attribute name="ProportionalH" value="-4.500000" />
  <attribute name="Current Error" value="-3.000000" />
  <attribute name="IntegralT" value="-18.000000" />
  <attribute name="IntegralI" value="-18.000000" />
  <attribute name="IntegralH" value="-18.000000" />
  <attribute name="DerivativeT" value="-1.750000" />
  <attribute name="DerivativeI" value="-1.750000" />
  <attribute name="DerivativeH" value="-1.750000" />
  <attribute name="Loop Time for DT" value="6.000000" />
  <attribute name="Output H" value="2092630016"/>
  <attribute name="Output I" value="200"/>
  <attribute name="Output T" value="4"/>
  <attribute name="Target GC Util Change" value ="20.000000" />
  <attribute name="Current GC Util Change" value="17.000000"/>
  <attribute name="GC Util currently" value="17" />
  <attribute name="CPU Util currently" value="723149786495" />
<allocation-satisfied id="2583" threadId="00000000013F2400" bytesRequested="152" />
<af-end id="2584" timestamp="2019-06-17T03:12:54.269" threadId="00000000013F2D88" success="true" from="nursery"/>
<exclusive-end id="2585" timestamp="2019-06-17T03:12:54.269" durationms="1.498" />

<exclusive-start id="2586" timestamp="2019-06-17T03:12:54.273" intervalms="5.523">
  <response-info timems="0.032" idlems="0.032" threads="0" lastid="00000000013F6000" lastname="PmdThread 4" />
</exclusive-start>
<af-start id="2587" threadId="00000000013F6988" totalBytesRequested="16" timestamp="2019-06-17T03:12:54.273" intervalms="5.230" type="nursery" />
<cycle-start id="2588" type="scavenge" contextid="0" timestamp="2019-06-17T03:12:54.273" intervalms="5.253" />
<gc-start id="2589" type="scavenge" contextid="2588" timestamp="2019-06-17T03:12:54.273">
  <mem-info id="2590" free="2057170552" total="2092630016" percent="98">
    <mem type="nursery" free="0" total="2097152" percent="0">
      <mem type="allocate" free="0" total="1572864" percent="0" />
      <mem type="survivor" free="0" total="524288" percent="0" />
    </mem>
    <mem type="tenure" free="2057170552" total="2090532864" percent="98">
      <mem type="soa" free="1952644728" total="1986007040" percent="98" />
      <mem type="loa" free="104525824" total="104525824" percent="100" />
    </mem>
    <remembered-set count="418" />
  </mem-info>
</gc-start>
<allocation-stats totalBytes="1339264" >
  <allocated-bytes non-tlh="416" tlh="1338848" />
  <largest-consumer threadName="PmdThread 2" threadId="00000000013EA800" bytes="703040" />
</allocation-stats>
<gc-op id="2591" type="scavenge" timems="0.401" contextid="2588" timestamp="2019-06-17T03:12:54.274">
  <scavenger-info tenureage="4" tenuremask="7ff0" tiltratio="75" />
  <memory-copied type="nursery" objects="2673" bytes="214280" bytesdiscarded="78056" />
  <references type="weak" candidates="104" cleared="104" enqueued="104" />
</gc-op>
<gc-end id="2592" type="scavenge" contextid="2588" durationms="1.261" usertimems="4.000" systemtimems="0.000" timestamp="2019-06-17T03:12:54.275" activeThreads="4">
  <mem-info id="2593" free="2058516560" total="2092630016" percent="98">
    <mem type="nursery" free="1346008" total="2097152" percent="64">
      <mem type="allocate" free="1346008" total="1638400" percent="82" />
      <mem type="survivor" free="0" total="458752" percent="0" />
    </mem>
    <mem type="tenure" free="2057170552" total="2090532864" percent="98">
      <mem type="soa" free="1952644728" total="1986007040" percent="98" />
      <mem type="loa" free="104525824" total="104525824" percent="100" />
    </mem>
    <pending-finalizers system="0" default="0" reference="104" classloader="0" />
    <remembered-set count="175" />
  </mem-info>
</gc-end>
<cycle-end id="2594" type="scavenge" contextid="2588" timestamp="2019-06-17T03:12:54.275" />
  <attribute name="elasticGC enabled" value="1" />
  <attribute name= "numThreadsSpecified" value="4" />
  <attribute name="heapSize specified" value="8388608" />
  <attribute name="Current GC Util" value="16" />
  <attribute name= "Current Time Running" value="12843" />
  <attribute name ="GC Interval" value="200" />
  <attribute name="ProportionalT" value="-6.000000" />
  <attribute name="ProportionalI" value="-6.000000" />
  <attribute name="ProportionalH" value="-6.000000" />
  <attribute name="Current Error" value="-4.000000" />
  <attribute name="IntegralT" value="-20.000000" />
  <attribute name="IntegralI" value="-20.000000" />
  <attribute name="IntegralH" value="-20.000000" />
  <attribute name="DerivativeT" value="-1.200000" />
  <attribute name="DerivativeI" value="-1.200000" />
  <attribute name="DerivativeH" value="-1.200000" />
  <attribute name="Loop Time for DT" value="5.000000" />
  <attribute name="Output H" value="2092630016"/>
  <attribute name="Output I" value="200"/>
  <attribute name="Output T" value="4"/>
  <attribute name="Target GC Util Change" value ="20.000000" />
  <attribute name="Current GC Util Change" value="16.000000"/>
  <attribute name="GC Util currently" value="16" />
  <attribute name="CPU Util currently" value="871400034722" />
<allocation-satisfied id="2595" threadId="00000000013F6000" bytesRequested="16" />
<af-end id="2596" timestamp="2019-06-17T03:12:54.275" threadId="00000000013F6988" success="true" from="nursery"/>
<exclusive-end id="2597" timestamp="2019-06-17T03:12:54.275" durationms="1.992" />

<exclusive-start id="2598" timestamp="2019-06-17T03:12:54.279" intervalms="5.770">
  <response-info timems="0.034" idlems="0.034" threads="0" lastid="00000000013EA800" lastname="PmdThread 2" />
</exclusive-start>
<af-start id="2599" threadId="00000000013EB188" totalBytesRequested="24" timestamp="2019-06-17T03:12:54.279" intervalms="5.908" type="nursery" />
<cycle-start id="2600" type="scavenge" contextid="0" timestamp="2019-06-17T03:12:54.279" intervalms="5.958" />
<gc-start id="2601" type="scavenge" contextid="2600" timestamp="2019-06-17T03:12:54.279">
  <mem-info id="2602" free="2057170552" total="2092630016" percent="98">
    <mem type="nursery" free="0" total="2097152" percent="0">
      <mem type="allocate" free="0" total="1638400" percent="0" />
      <mem type="survivor" free="0" total="458752" percent="0" />
    </mem>
    <mem type="tenure" free="2057170552" total="2090532864" percent="98">
      <mem type="soa" free="1952644728" total="1986007040" percent="98" />
      <mem type="loa" free="104525824" total="104525824" percent="100" />
    </mem>
    <remembered-set count="301" />
  </mem-info>
</gc-start>
<allocation-stats totalBytes="1344488" >
  <allocated-bytes non-tlh="16408" tlh="1328080" />
  <largest-consumer threadName="PmdThread 2" threadId="00000000013EA800" bytes="907152" />
</allocation-stats>
<gc-op id="2603" type="scavenge" timems="0.525" contextid="2600" timestamp="2019-06-17T03:12:54.280">
  <scavenger-info tenureage="3" tenuremask="7ff8" tiltratio="78" />
  <memory-copied type="nursery" objects="3065" bytes="259016" bytesdiscarded="164120" />
  <memory-copied type="tenure" objects="431" bytes="47424" bytesdiscarded="8" />
  <references type="weak" candidates="50" cleared="50" enqueued="50" />
  <references type="phantom" candidates="2" cleared="2" enqueued="2" />
</gc-op>
<gc-end id="2604" type="scavenge" contextid="2600" durationms="0.837" usertimems="0.000" systemtimems="0.000" timestamp="2019-06-17T03:12:54.280" activeThreads="4">
  <mem-info id="2605" free="2058260536" total="2092630016" percent="98">
    <mem type="nursery" free="1215184" total="2097152" percent="57">
      <mem type="allocate" free="1215184" total="1638400" percent="74" />
      <mem type="survivor" free="0" total="458752" percent="0" />
    </mem>
    <mem type="tenure" free="2057045352" total="2090532864" percent="98">
      <mem type="soa" free="1952519528" total="1986007040" percent="98" />
      <mem type="loa" free="104525824" total="104525824" percent="100" />
    </mem>
    <pending-finalizers system="0" default="0" reference="52" classloader="0" />
    <remembered-set count="124" />
  </mem-info>
</gc-end>
<cycle-end id="2606" type="scavenge" contextid="2600" timestamp="2019-06-17T03:12:54.280" />
  <attribute name="elasticGC enabled" value="1" />
  <attribute name= "numThreadsSpecified" value="4" />
  <attribute name="heapSize specified" value="8388608" />
  <attribute name="Current GC Util" value="14" />
  <attribute name= "Current Time Running" value="12849" />
  <attribute name ="GC Interval" value="200" />
  <attribute name="ProportionalT" value="-9.000000" />
  <attribute name="ProportionalI" value="-9.000000" />
  <attribute name="ProportionalH" value="-9.000000" />
  <attribute name="Current Error" value="-6.000000" />
  <attribute name="IntegralT" value="-36.000000" />
  <attribute name="IntegralI" value="-36.000000" />
  <attribute name="IntegralH" value="-36.000000" />
  <attribute name="DerivativeT" value="-1.500000" />
  <attribute name="DerivativeI" value="-1.500000" />
  <attribute name="DerivativeH" value="-1.500000" />
  <attribute name="Loop Time for DT" value="6.000000" />
  <attribute name="Output H" value="2092630016"/>
  <attribute name="Output I" value="200"/>
  <attribute name="Output T" value="4"/>
  <attribute name="Target GC Util Change" value ="20.000000" />
  <attribute name="Current GC Util Change" value="14.000000"/>
  <attribute name="GC Util currently" value="14" />
  <attribute name="CPU Util currently" value="762707671644" />
<allocation-satisfied id="2607" threadId="00000000013EA800" bytesRequested="24" />
<af-end id="2608" timestamp="2019-06-17T03:12:54.280" threadId="00000000013EB188" success="true" from="nursery"/>
<exclusive-end id="2609" timestamp="2019-06-17T03:12:54.281" durationms="1.744" />

<exclusive-start id="2610" timestamp="2019-06-17T03:12:54.282" intervalms="3.650">
  <response-info timems="0.034" idlems="0.034" threads="0" lastid="00000000013F6000" lastname="PmdThread 4" />
</exclusive-start>
<af-start id="2611" threadId="00000000013F6988" totalBytesRequested="48" timestamp="2019-06-17T03:12:54.283" intervalms="3.489" type="nursery" />
<cycle-start id="2612" type="scavenge" contextid="0" timestamp="2019-06-17T03:12:54.283" intervalms="3.413" />
<gc-start id="2613" type="scavenge" contextid="2612" timestamp="2019-06-17T03:12:54.283">
  <mem-info id="2614" free="2057045352" total="2092630016" percent="98">
    <mem type="nursery" free="0" total="2097152" percent="0">
      <mem type="allocate" free="0" total="1638400" percent="0" />
      <mem type="survivor" free="0" total="458752" percent="0" />
    </mem>
    <mem type="tenure" free="2057045352" total="2090532864" percent="98">
      <mem type="soa" free="1952519528" total="1986007040" percent="98" />
      <mem type="loa" free="104525824" total="104525824" percent="100" />
    </mem>
    <remembered-set count="211" />
  </mem-info>
</gc-start>
<allocation-stats totalBytes="1213880" >
  <allocated-bytes non-tlh="32808" tlh="1181072" />
  <largest-consumer threadName="PmdThread 2" threadId="00000000013EA800" bytes="625200" />
</allocation-stats>
<gc-op id="2615" type="scavenge" timems="0.463" contextid="2612" timestamp="2019-06-17T03:12:54.283">
  <scavenger-info tenureage="3" tenuremask="7ff8" tiltratio="78" />
  <memory-copied type="nursery" objects="2342" bytes="265768" bytesdiscarded="161584" />
  <memory-copied type="tenure" objects="1601" bytes="82312" bytesdiscarded="24" />
  <references type="weak" candidates="67" cleared="67" enqueued="67" />
</gc-op>
<gc-end id="2616" type="scavenge" contextid="2612" durationms="1.299" usertimems="0.000" systemtimems="0.000" timestamp="2019-06-17T03:12:54.284" activeThreads="4">
  <mem-info id="2617" free="2058177808" total="2092630016" percent="98">
    <mem type="nursery" free="1210792" total="2097152" percent="57">
      <mem type="allocate" free="1210792" total="1638400" percent="73" />
      <mem type="survivor" free="0" total="458752" percent="0" />
    </mem>
    <mem type="tenure" free="2056967016" total="2090532864" percent="98">
      <mem type="soa" free="1952441192" total="1986007040" percent="98" />
      <mem type="loa" free="104525824" total="104525824" percent="100" />
    </mem>
    <pending-finalizers system="0" default="0" reference="67" classloader="0" />
    <remembered-set count="123" />
  </mem-info>
</gc-end>
<cycle-end id="2618" type="scavenge" contextid="2612" timestamp="2019-06-17T03:12:54.284" />
  <attribute name="elasticGC enabled" value="1" />
  <attribute name= "numThreadsSpecified" value="4" />
  <attribute name="heapSize specified" value="8388608" />
  <attribute name="Current GC Util" value="36" />
  <attribute name= "Current Time Running" value="12853" />
  <attribute name ="GC Interval" value="200" />
  <attribute name="ProportionalT" value="24.000000" />
  <attribute name="ProportionalI" value="24.000000" />
  <attribute name="ProportionalH" value="24.000000" />
  <attribute name="Current Error" value="16.000000" />
  <attribute name="IntegralT" value="64.000000" />
  <attribute name="IntegralI" value="64.000000" />
  <attribute name="IntegralH" value="64.000000" />
  <attribute name="DerivativeT" value="6.000000" />
  <attribute name="DerivativeI" value="6.000000" />
  <attribute name="DerivativeH" value="6.000000" />
  <attribute name="Loop Time for DT" value="4.000000" />
  <attribute name="Output H" value="8388608"/>
  <attribute name="Output I" value="200"/>
  <attribute name="Output T" value="4"/>
  <attribute name="Target GC Util Change" value ="20.000000" />
  <attribute name="Current GC Util Change" value="36.000000"/>
  <attribute name="GC Util currently" value="36" />
  <attribute name="CPU Util currently" value="1395154504295" />
<allocation-satisfied id="2619" threadId="00000000013F6000" bytesRequested="48" />
<af-end id="2620" timestamp="2019-06-17T03:12:54.284" threadId="00000000013F6988" success="true" from="nursery"/>
<exclusive-end id="2621" timestamp="2019-06-17T03:12:54.285" durationms="2.105" />

<exclusive-start id="2622" timestamp="2019-06-17T03:12:54.287" intervalms="4.646">
  <response-info timems="0.049" idlems="0.031" threads="1" lastid="00000000013F6000" lastname="PmdThread 4" />
</exclusive-start>
<af-start id="2623" threadId="00000000013EB188" totalBytesRequested="24" timestamp="2019-06-17T03:12:54.287" intervalms="4.629" type="nursery" />
<cycle-start id="2624" type="scavenge" contextid="0" timestamp="2019-06-17T03:12:54.287" intervalms="4.693" />
<gc-start id="2625" type="scavenge" contextid="2624" timestamp="2019-06-17T03:12:54.287">
  <mem-info id="2626" free="2056967016" total="2092630016" percent="98">
    <mem type="nursery" free="0" total="2097152" percent="0">
      <mem type="allocate" free="0" total="1638400" percent="0" />
      <mem type="survivor" free="0" total="458752" percent="0" />
    </mem>
    <mem type="tenure" free="2056967016" total="2090532864" percent="98">
      <mem type="soa" free="1952441192" total="1986007040" percent="98" />
      <mem type="loa" free="104525824" total="104525824" percent="100" />
    </mem>
    <remembered-set count="142" />
  </mem-info>
</gc-start>
<allocation-stats totalBytes="1209960" >
  <allocated-bytes non-tlh="16440" tlh="1193520" />
  <largest-consumer threadName="PmdThread 2" threadId="00000000013EA800" bytes="678176" />
</allocation-stats>
<gc-op id="2627" type="scavenge" timems="0.564" contextid="2624" timestamp="2019-06-17T03:12:54.288">
  <scavenger-info tenureage="3" tenuremask="7ff8" tiltratio="78" />
  <memory-copied type="nursery" objects="3403" bytes="306720" bytesdiscarded="2256" />
  <memory-copied type="tenure" objects="328" bytes="69528" bytesdiscarded="0" />
  <references type="weak" candidates="21" cleared="21" enqueued="21" />
  <references type="phantom" candidates="1" cleared="1" enqueued="1" />
</gc-op>
<gc-end id="2628" type="scavenge" contextid="2624" durationms="0.770" usertimems="0.000" systemtimems="0.000" timestamp="2019-06-17T03:12:54.288" activeThreads="1">
  <mem-info id="2629" free="2058361944" total="2092630016" percent="98">
    <mem type="nursery" free="1394928" total="2097152" percent="66">
      <mem type="allocate" free="1394928" total="1703936" percent="81" />
      <mem type="survivor" free="0" total="393216" percent="0" />
    </mem>
    <mem type="tenure" free="2056967016" total="2090532864" percent="98">
      <mem type="soa" free="1952441192" total="1986007040" percent="98" />
      <mem type="loa" free="104525824" total="104525824" percent="100" />
    </mem>
    <pending-finalizers system="0" default="0" reference="22" classloader="0" />
    <remembered-set count="115" />
  </mem-info>
</gc-end>
<cycle-end id="2630" type="scavenge" contextid="2624" timestamp="2019-06-17T03:12:54.288" />
  <attribute name="elasticGC enabled" value="1" />
  <attribute name= "numThreadsSpecified" value="1" />
  <attribute name="heapSize specified" value="8388608" />
  <attribute name="Current GC Util" value="21" />
  <attribute name= "Current Time Running" value="12857" />
  <attribute name ="GC Interval" value="200" />
  <attribute name="ProportionalT" value="1.500000" />
  <attribute name="ProportionalI" value="1.500000" />
  <attribute name="ProportionalH" value="1.500000" />
  <attribute name="Current Error" value="1.000000" />
  <attribute name="IntegralT" value="4.000000" />
  <attribute name="IntegralI" value="4.000000" />
  <attribute name="IntegralH" value="4.000000" />
  <attribute name="DerivativeT" value="-5.625000" />
  <attribute name="DerivativeI" value="-5.625000" />
  <attribute name="DerivativeH" value="-5.625000" />
  <attribute name="Loop Time for DT" value="4.000000" />
  <attribute name="Output H" value="8388608"/>
  <attribute name="Output I" value="200"/>
  <attribute name="Output T" value="1"/>
  <attribute name="Target GC Util Change" value ="20.000000" />
  <attribute name="Current GC Util Change" value="21.000000"/>
  <attribute name="GC Util currently" value="21" />
  <attribute name="CPU Util currently" value="987339274432" />
<allocation-satisfied id="2631" threadId="00000000013EA800" bytesRequested="24" />
<af-end id="2632" timestamp="2019-06-17T03:12:54.288" threadId="00000000013EB188" success="true" from="nursery"/>
<exclusive-end id="2633" timestamp="2019-06-17T03:12:54.288" durationms="1.377" />

<exclusive-start id="2634" timestamp="2019-06-17T03:12:54.297" intervalms="10.022">
  <response-info timems="0.079" idlems="0.037" threads="2" lastid="00000000013F6000" lastname="PmdThread 4" />
</exclusive-start>
<af-start id="2635" threadId="00000000013E7588" totalBytesRequested="32" timestamp="2019-06-17T03:12:54.297" intervalms="10.036" type="nursery" />
<cycle-start id="2636" type="scavenge" contextid="0" timestamp="2019-06-17T03:12:54.297" intervalms="10.001" />
<gc-start id="2637" type="scavenge" contextid="2636" timestamp="2019-06-17T03:12:54.297">
  <mem-info id="2638" free="2056967016" total="2092630016" percent="98">
    <mem type="nursery" free="0" total="2097152" percent="0">
      <mem type="allocate" free="0" total="1703936" percent="0" />
      <mem type="survivor" free="0" total="393216" percent="0" />
    </mem>
    <mem type="tenure" free="2056967016" total="2090532864" percent="98">
      <mem type="soa" free="1952441192" total="1986007040" percent="98" />
      <mem type="loa" free="104525824" total="104525824" percent="100" />
    </mem>
    <remembered-set count="175" />
  </mem-info>
</gc-start>
<allocation-stats totalBytes="1393792" >
  <allocated-bytes non-tlh="24" tlh="1393768" />
  <largest-consumer threadName="PmdThread 1" threadId="00000000013E6C00" bytes="661352" />
</allocation-stats>
<gc-op id="2639" type="scavenge" timems="0.706" contextid="2636" timestamp="2019-06-17T03:12:54.298">
  <scavenger-info tenureage="3" tenuremask="7ff8" tiltratio="81" />
  <memory-copied type="nursery" objects="4552" bytes="323416" bytesdiscarded="69136" />
  <memory-copied type="tenure" objects="2400" bytes="125952" bytesdiscarded="32" />
  <copy-failed type="nursery" objects="2331" bytes="117760" />
  <references type="weak" candidates="16" cleared="16" enqueued="16" />
  <references type="phantom" candidates="2" cleared="1" enqueued="1" />
</gc-op>
<gc-end id="2640" type="scavenge" contextid="2636" durationms="0.870" usertimems="4.000" systemtimems="0.000" timestamp="2019-06-17T03:12:54.298" activeThreads="4">
  <mem-info id="2641" free="2057828448" total="2092630016" percent="98">
    <mem type="nursery" free="1048576" total="2097152" percent="50">
      <mem type="allocate" free="1048576" total="1441792" percent="72" />
      <mem type="survivor" free="0" total="655360" percent="0" />
    </mem>
    <mem type="tenure" free="2056779872" total="2090532864" percent="98">
      <mem type="soa" free="1952254048" total="1986007040" percent="98" />
      <mem type="loa" free="104525824" total="104525824" percent="100" />
    </mem>
    <pending-finalizers system="0" default="0" reference="17" classloader="0" />
    <remembered-set count="858" />
  </mem-info>
</gc-end>
<cycle-end id="2642" type="scavenge" contextid="2636" timestamp="2019-06-17T03:12:54.298" />
  <attribute name="elasticGC enabled" value="1" />
  <attribute name= "numThreadsSpecified" value="4" />
  <attribute name="heapSize specified" value="8388608" />
  <attribute name="Current GC Util" value="8" />
  <attribute name= "Current Time Running" value="12867" />
  <attribute name ="GC Interval" value="200" />
  <attribute name="ProportionalT" value="-18.000000" />
  <attribute name="ProportionalI" value="-18.000000" />
  <attribute name="ProportionalH" value="-18.000000" />
  <attribute name="Current Error" value="-12.000000" />
  <attribute name="IntegralT" value="-120.000000" />
  <attribute name="IntegralI" value="-120.000000" />
  <attribute name="IntegralH" value="-120.000000" />
  <attribute name="DerivativeT" value="-1.950000" />
  <attribute name="DerivativeI" value="-1.950000" />
  <attribute name="DerivativeH" value="-1.950000" />
  <attribute name="Loop Time for DT" value="10.000000" />
  <attribute name="Output H" value="2092630016"/>
  <attribute name="Output I" value="200"/>
  <attribute name="Output T" value="4"/>
  <attribute name="Target GC Util Change" value ="20.000000" />
  <attribute name="Current GC Util Change" value="8.000000"/>
  <attribute name="GC Util currently" value="8" />
  <attribute name="CPU Util currently" value="462954493726" />
<allocation-satisfied id="2643" threadId="00000000013E6C00" bytesRequested="32" />
<af-end id="2644" timestamp="2019-06-17T03:12:54.298" threadId="00000000013E7588" success="true" from="nursery"/>
<exclusive-end id="2645" timestamp="2019-06-17T03:12:54.298" durationms="1.343" />

<exclusive-start id="2646" timestamp="2019-06-17T03:12:54.301" intervalms="3.571">
  <response-info timems="0.055" idlems="0.055" threads="0" lastid="00000000013F6000" lastname="PmdThread 4" />
</exclusive-start>
<af-start id="2647" threadId="00000000013F6988" totalBytesRequested="96" timestamp="2019-06-17T03:12:54.301" intervalms="3.551" type="nursery" />
<cycle-start id="2648" type="scavenge" contextid="0" timestamp="2019-06-17T03:12:54.301" intervalms="3.520" />
<gc-start id="2649" type="scavenge" contextid="2648" timestamp="2019-06-17T03:12:54.301">
  <mem-info id="2650" free="2056779872" total="2092630016" percent="98">
    <mem type="nursery" free="0" total="2097152" percent="0">
      <mem type="allocate" free="0" total="1441792" percent="0" />
      <mem type="survivor" free="0" total="655360" percent="0" />
    </mem>
    <mem type="tenure" free="2056779872" total="2090532864" percent="98">
      <mem type="soa" free="1952254048" total="1986007040" percent="98" />
      <mem type="loa" free="104525824" total="104525824" percent="100" />
    </mem>
    <remembered-set count="1053" />
  </mem-info>
</gc-start>
<allocation-stats totalBytes="1044728" >
  <allocated-bytes non-tlh="32" tlh="1044696" />
  <largest-consumer threadName="PmdThread 4" threadId="00000000013F6000" bytes="872688" />
</allocation-stats>
<gc-op id="2651" type="scavenge" timems="0.666" contextid="2648" timestamp="2019-06-17T03:12:54.302">
  <scavenger-info tenureage="3" tenuremask="7ff8" tiltratio="68" />
  <memory-copied type="nursery" objects="4575" bytes="296608" bytesdiscarded="143712" />
  <memory-copied type="tenure" objects="509" bytes="45864" bytesdiscarded="680" />
  <references type="weak" candidates="103" cleared="103" enqueued="103" />
  <references type="phantom" candidates="1" cleared="0" enqueued="0" />
</gc-op>
<gc-end id="2652" type="scavenge" contextid="2648" durationms="1.036" usertimems="4.000" systemtimems="0.000" timestamp="2019-06-17T03:12:54.302" activeThreads="4">
  <mem-info id="2653" free="2057764912" total="2092630016" percent="98">
    <mem type="nursery" free="1001432" total="2097152" percent="47">
      <mem type="allocate" free="1001432" total="1441792" percent="69" />
      <mem type="survivor" free="0" total="655360" percent="0" />
    </mem>
    <mem type="tenure" free="2056763480" total="2090532864" percent="98">
      <mem type="soa" free="1952237656" total="1986007040" percent="98" />
      <mem type="loa" free="104525824" total="104525824" percent="100" />
    </mem>
    <pending-finalizers system="0" default="0" reference="103" classloader="0" />
    <remembered-set count="824" />
  </mem-info>
</gc-end>
<cycle-end id="2654" type="scavenge" contextid="2648" timestamp="2019-06-17T03:12:54.302" />
  <attribute name="elasticGC enabled" value="1" />
  <attribute name= "numThreadsSpecified" value="4" />
  <attribute name="heapSize specified" value="8388608" />
  <attribute name="Current GC Util" value="43" />
  <attribute name= "Current Time Running" value="12871" />
  <attribute name ="GC Interval" value="200" />
  <attribute name="ProportionalT" value="34.500000" />
  <attribute name="ProportionalI" value="34.500000" />
  <attribute name="ProportionalH" value="34.500000" />
  <attribute name="Current Error" value="23.000000" />
  <attribute name="IntegralT" value="92.000000" />
  <attribute name="IntegralI" value="92.000000" />
  <attribute name="IntegralH" value="92.000000" />
  <attribute name="DerivativeT" value="8.625000" />
  <attribute name="DerivativeI" value="8.625000" />
  <attribute name="DerivativeH" value="8.625000" />
  <attribute name="Loop Time for DT" value="4.000000" />
  <attribute name="Output H" value="8388608"/>
  <attribute name="Output I" value="200"/>
  <attribute name="Output T" value="4"/>
  <attribute name="Target GC Util Change" value ="20.000000" />
  <attribute name="Current GC Util Change" value="43.000000"/>
  <attribute name="GC Util currently" value="43" />
  <attribute name="CPU Util currently" value="1291365214357" />
<allocation-satisfied id="2655" threadId="00000000013F6000" bytesRequested="96" />
<af-end id="2656" timestamp="2019-06-17T03:12:54.302" threadId="00000000013F6988" success="true" from="nursery"/>
<exclusive-end id="2657" timestamp="2019-06-17T03:12:54.302" durationms="1.693" />

<exclusive-start id="2658" timestamp="2019-06-17T03:12:54.304" intervalms="3.525">
  <response-info timems="0.049" idlems="0.027" threads="1" lastid="00000000013F6000" lastname="PmdThread 4" />
</exclusive-start>
<af-start id="2659" threadId="00000000013F2D88" totalBytesRequested="56" timestamp="2019-06-17T03:12:54.304" intervalms="3.528" type="nursery" />
<cycle-start id="2660" type="scavenge" contextid="0" timestamp="2019-06-17T03:12:54.304" intervalms="3.548" />
<gc-start id="2661" type="scavenge" contextid="2660" timestamp="2019-06-17T03:12:54.304">
  <mem-info id="2662" free="2056763480" total="2092630016" percent="98">
    <mem type="nursery" free="0" total="2097152" percent="0">
      <mem type="allocate" free="0" total="1441792" percent="0" />
      <mem type="survivor" free="0" total="655360" percent="0" />
    </mem>
    <mem type="tenure" free="2056763480" total="2090532864" percent="98">
      <mem type="soa" free="1952237656" total="1986007040" percent="98" />
      <mem type="loa" free="104525824" total="104525824" percent="100" />
    </mem>
    <remembered-set count="907" />
  </mem-info>
</gc-start>
<allocation-stats totalBytes="1000048" >
  <allocated-bytes non-tlh="49272" tlh="950776" />
  <largest-consumer threadName="PmdThread 3" threadId="00000000013F2400" bytes="374472" />
</allocation-stats>
<gc-op id="2663" type="scavenge" timems="0.627" contextid="2660" timestamp="2019-06-17T03:12:54.305">
  <scavenger-info tenureage="3" tenuremask="7ff8" tiltratio="68" />
  <memory-copied type="nursery" objects="6903" bytes="455536" bytesdiscarded="134840" />
  <memory-copied type="tenure" objects="1052" bytes="91776" bytesdiscarded="24" />
  <references type="weak" candidates="34" cleared="34" enqueued="34" />
  <references type="phantom" candidates="2" cleared="0" enqueued="0" />
</gc-op>
<gc-end id="2664" type="scavenge" contextid="2660" durationms="0.816" usertimems="0.000" systemtimems="0.000" timestamp="2019-06-17T03:12:54.305" activeThreads="4">
  <mem-info id="2665" free="2057544976" total="2092630016" percent="98">
    <mem type="nursery" free="851384" total="2097152" percent="40">
      <mem type="allocate" free="851384" total="1441792" percent="59" />
      <mem type="survivor" free="0" total="655360" percent="0" />
    </mem>
    <mem type="tenure" free="2056693592" total="2090532864" percent="98">
      <mem type="soa" free="1952167768" total="1986007040" percent="98" />
      <mem type="loa" free="104525824" total="104525824" percent="100" />
    </mem>
    <pending-finalizers system="0" default="0" reference="34" classloader="0" />
    <remembered-set count="659" />
  </mem-info>
</gc-end>
<cycle-end id="2666" type="scavenge" contextid="2660" timestamp="2019-06-17T03:12:54.305" />
  <attribute name="elasticGC enabled" value="1" />
  <attribute name= "numThreadsSpecified" value="4" />
  <attribute name="heapSize specified" value="8388608" />
  <attribute name="Current GC Util" value="34" />
  <attribute name= "Current Time Running" value="12874" />
  <attribute name ="GC Interval" value="200" />
  <attribute name="ProportionalT" value="21.000000" />
  <attribute name="ProportionalI" value="21.000000" />
  <attribute name="ProportionalH" value="21.000000" />
  <attribute name="Current Error" value="14.000000" />
  <attribute name="IntegralT" value="42.000000" />
  <attribute name="IntegralI" value="42.000000" />
  <attribute name="IntegralH" value="42.000000" />
  <attribute name="DerivativeT" value="-4.500000" />
  <attribute name="DerivativeI" value="-4.500000" />
  <attribute name="DerivativeH" value="-4.500000" />
  <attribute name="Loop Time for DT" value="3.000000" />
  <attribute name="Output H" value="8388608"/>
  <attribute name="Output I" value="200"/>
  <attribute name="Output T" value="4"/>
  <attribute name="Target GC Util Change" value ="20.000000" />
  <attribute name="Current GC Util Change" value="34.000000"/>
  <attribute name="GC Util currently" value="34" />
  <attribute name="CPU Util currently" value="1304319027877" />
<allocation-satisfied id="2667" threadId="00000000013F2400" bytesRequested="56" />
<af-end id="2668" timestamp="2019-06-17T03:12:54.306" threadId="00000000013F2D88" success="true" from="nursery"/>
<exclusive-end id="2669" timestamp="2019-06-17T03:12:54.306" durationms="1.349" />

<exclusive-start id="2670" timestamp="2019-06-17T03:12:54.307" intervalms="2.877">
  <response-info timems="0.028" idlems="0.028" threads="0" lastid="00000000013F2400" lastname="PmdThread 3" />
</exclusive-start>
<af-start id="2671" threadId="00000000013F2D88" totalBytesRequested="72" timestamp="2019-06-17T03:12:54.307" intervalms="2.851" type="nursery" />
<cycle-start id="2672" type="scavenge" contextid="0" timestamp="2019-06-17T03:12:54.307" intervalms="2.850" />
<gc-start id="2673" type="scavenge" contextid="2672" timestamp="2019-06-17T03:12:54.307">
  <mem-info id="2674" free="2056693592" total="2092630016" percent="98">
    <mem type="nursery" free="0" total="2097152" percent="0">
      <mem type="allocate" free="0" total="1441792" percent="0" />
      <mem type="survivor" free="0" total="655360" percent="0" />
    </mem>
    <mem type="tenure" free="2056693592" total="2090532864" percent="98">
      <mem type="soa" free="1952167768" total="1986007040" percent="98" />
      <mem type="loa" free="104525824" total="104525824" percent="100" />
    </mem>
    <remembered-set count="659" />
  </mem-info>
</gc-start>
<allocation-stats totalBytes="850944" >
  <allocated-bytes non-tlh="56" tlh="850888" />
  <largest-consumer threadName="PmdThread 3" threadId="00000000013F2400" bytes="564368" />
</allocation-stats>
<gc-op id="2675" type="scavenge" timems="0.761" contextid="2672" timestamp="2019-06-17T03:12:54.308">
  <scavenger-info tenureage="3" tenuremask="7ff8" tiltratio="68" />
  <memory-copied type="nursery" objects="10408" bytes="515328" bytesdiscarded="126240" />
  <memory-copied type="tenure" objects="2888" bytes="170128" bytesdiscarded="48" />
  <references type="phantom" candidates="1" cleared="0" enqueued="0" />
</gc-op>
<gc-end id="2676" type="scavenge" contextid="2672" durationms="0.949" usertimems="4.000" systemtimems="0.000" timestamp="2019-06-17T03:12:54.308" activeThreads="4">
  <mem-info id="2677" free="2057222696" total="2092630016" percent="98">
    <mem type="nursery" free="800208" total="2097152" percent="38">
      <mem type="allocate" free="800208" total="1441792" percent="55" />
      <mem type="survivor" free="0" total="655360" percent="0" />
    </mem>
    <mem type="tenure" free="2056422488" total="2090532864" percent="98">
      <mem type="soa" free="1951896664" total="1986007040" percent="98" />
      <mem type="loa" free="104525824" total="104525824" percent="100" />
    </mem>
    <remembered-set count="235" />
  </mem-info>
</gc-end>
<cycle-end id="2678" type="scavenge" contextid="2672" timestamp="2019-06-17T03:12:54.308" />
  <attribute name="elasticGC enabled" value="1" />
  <attribute name= "numThreadsSpecified" value="4" />
  <attribute name="heapSize specified" value="8388608" />
  <attribute name="Current GC Util" value="47" />
  <attribute name= "Current Time Running" value="12877" />
  <attribute name ="GC Interval" value="200" />
  <attribute name="ProportionalT" value="40.500000" />
  <attribute name="ProportionalI" value="40.500000" />
  <attribute name="ProportionalH" value="40.500000" />
  <attribute name="Current Error" value="27.000000" />
  <attribute name="IntegralT" value="81.000000" />
  <attribute name="IntegralI" value="81.000000" />
  <attribute name="IntegralH" value="81.000000" />
  <attribute name="DerivativeT" value="6.500000" />
  <attribute name="DerivativeI" value="6.500000" />
  <attribute name="DerivativeH" value="6.500000" />
  <attribute name="Loop Time for DT" value="3.000000" />
  <attribute name="Output H" value="8388608"/>
  <attribute name="Output I" value="200"/>
  <attribute name="Output T" value="4"/>
  <attribute name="Target GC Util Change" value ="20.000000" />
  <attribute name="Current GC Util Change" value="47.000000"/>
  <attribute name="GC Util currently" value="47" />
  <attribute name="CPU Util currently" value="1624605359628" />
<allocation-satisfied id="2679" threadId="00000000013F2400" bytesRequested="72" />
<af-end id="2680" timestamp="2019-06-17T03:12:54.308" threadId="00000000013F2D88" success="true" from="nursery"/>
<exclusive-end id="2681" timestamp="2019-06-17T03:12:54.309" durationms="1.439" />

<exclusive-start id="2682" timestamp="2019-06-17T03:12:54.310" intervalms="2.838">
  <response-info timems="0.024" idlems="0.024" threads="0" lastid="00000000013EA800" lastname="PmdThread 2" />
</exclusive-start>
<af-start id="2683" threadId="00000000013EB188" totalBytesRequested="40" timestamp="2019-06-17T03:12:54.310" intervalms="2.888" type="nursery" />
<cycle-start id="2684" type="scavenge" contextid="0" timestamp="2019-06-17T03:12:54.310" intervalms="2.950" />
<gc-start id="2685" type="scavenge" contextid="2684" timestamp="2019-06-17T03:12:54.310">
  <mem-info id="2686" free="2056422488" total="2092630016" percent="98">
    <mem type="nursery" free="0" total="2097152" percent="0">
      <mem type="allocate" free="0" total="1441792" percent="0" />
      <mem type="survivor" free="0" total="655360" percent="0" />
    </mem>
    <mem type="tenure" free="2056422488" total="2090532864" percent="98">
      <mem type="soa" free="1951896664" total="1986007040" percent="98" />
      <mem type="loa" free="104525824" total="104525824" percent="100" />
    </mem>
    <remembered-set count="268" />
  </mem-info>
</gc-start>
<allocation-stats totalBytes="788912" >
  <allocated-bytes non-tlh="72" tlh="788840" />
  <largest-consumer threadName="PmdThread 3" threadId="00000000013F2400" bytes="516056" />
</allocation-stats>
<gc-op id="2687" type="scavenge" timems="0.962" contextid="2684" timestamp="2019-06-17T03:12:54.311">
  <scavenger-info tenureage="2" tenuremask="7ffc" tiltratio="68" />
  <memory-copied type="nursery" objects="10464" bytes="392168" bytesdiscarded="77840" />
  <memory-copied type="tenure" objects="3701" bytes="266920" bytesdiscarded="576" />
  <references type="weak" candidates="13" cleared="13" enqueued="13" />
  <references type="phantom" candidates="1" cleared="1" enqueued="1" />
</gc-op>
<gc-end id="2688" type="scavenge" contextid="2684" durationms="1.251" usertimems="0.000" systemtimems="0.000" timestamp="2019-06-17T03:12:54.312" activeThreads="4">
  <mem-info id="2689" free="2057204800" total="2092630016" percent="98">
    <mem type="nursery" free="971776" total="2097152" percent="46">
      <mem type="allocate" free="971776" total="1441792" percent="67" />
      <mem type="survivor" free="0" total="655360" percent="0" />
    </mem>
    <mem type="tenure" free="2056233024" total="2090532864" percent="98">
      <mem type="soa" free="1951707200" total="1986007040" percent="98" />
      <mem type="loa" free="104525824" total="104525824" percent="100" />
    </mem>
    <pending-finalizers system="0" default="0" reference="14" classloader="0" />
    <remembered-set count="206" />
  </mem-info>
</gc-end>
<cycle-end id="2690" type="scavenge" contextid="2684" timestamp="2019-06-17T03:12:54.312" />
  <attribute name="elasticGC enabled" value="1" />
  <attribute name= "numThreadsSpecified" value="4" />
  <attribute name="heapSize specified" value="8388608" />
  <attribute name="Current GC Util" value="56" />
  <attribute name= "Current Time Running" value="12880" />
  <attribute name ="GC Interval" value="200" />
  <attribute name="ProportionalT" value="54.000000" />
  <attribute name="ProportionalI" value="54.000000" />
  <attribute name="ProportionalH" value="54.000000" />
  <attribute name="Current Error" value="36.000000" />
  <attribute name="IntegralT" value="108.000000" />
  <attribute name="IntegralI" value="108.000000" />
  <attribute name="IntegralH" value="108.000000" />
  <attribute name="DerivativeT" value="4.500000" />
  <attribute name="DerivativeI" value="4.500000" />
  <attribute name="DerivativeH" value="4.500000" />
  <attribute name="Loop Time for DT" value="3.000000" />
  <attribute name="Output H" value="8388608"/>
  <attribute name="Output I" value="200"/>
  <attribute name="Output T" value="4"/>
  <attribute name="Target GC Util Change" value ="20.000000" />
  <attribute name="Current GC Util Change" value="56.000000"/>
  <attribute name="GC Util currently" value="56" />
  <attribute name="CPU Util currently" value="1499870883958" />
<allocation-satisfied id="2691" threadId="00000000013EA800" bytesRequested="40" />
<af-end id="2692" timestamp="2019-06-17T03:12:54.312" threadId="00000000013EB188" success="true" from="nursery"/>
<exclusive-end id="2693" timestamp="2019-06-17T03:12:54.312" durationms="1.852" />

<exclusive-start id="2694" timestamp="2019-06-17T03:12:54.314" intervalms="3.827">
  <response-info timems="0.380" idlems="0.273" threads="1" lastid="00000000013EA800" lastname="PmdThread 2" />
</exclusive-start>
<af-start id="2695" threadId="00000000013E7588" totalBytesRequested="24" timestamp="2019-06-17T03:12:54.314" intervalms="3.849" type="nursery" />
<cycle-start id="2696" type="scavenge" contextid="0" timestamp="2019-06-17T03:12:54.314" intervalms="3.857" />
<gc-start id="2697" type="scavenge" contextid="2696" timestamp="2019-06-17T03:12:54.314">
  <mem-info id="2698" free="2056233024" total="2092630016" percent="98">
    <mem type="nursery" free="0" total="2097152" percent="0">
      <mem type="allocate" free="0" total="1441792" percent="0" />
      <mem type="survivor" free="0" total="655360" percent="0" />
    </mem>
    <mem type="tenure" free="2056233024" total="2090532864" percent="98">
      <mem type="soa" free="1951707200" total="1986007040" percent="98" />
      <mem type="loa" free="104525824" total="104525824" percent="100" />
    </mem>
    <remembered-set count="270" />
  </mem-info>
</gc-start>
<allocation-stats totalBytes="970288" >
  <allocated-bytes non-tlh="40" tlh="970248" />
  <largest-consumer threadName="PmdThread 3" threadId="00000000013F2400" bytes="442240" />
</allocation-stats>
<gc-op id="2699" type="scavenge" timems="1.178" contextid="2696" timestamp="2019-06-17T03:12:54.315">
  <scavenger-info tenureage="2" tenuremask="7ffc" tiltratio="68" />
  <memory-copied type="nursery" objects="7021" bytes="259616" bytesdiscarded="92888" />
  <memory-copied type="tenure" objects="6516" bytes="241336" bytesdiscarded="32" />
  <references type="weak" candidates="31" cleared="31" enqueued="31" />
</gc-op>
<gc-end id="2700" type="scavenge" contextid="2696" durationms="1.504" usertimems="0.000" systemtimems="0.000" timestamp="2019-06-17T03:12:54.316" activeThreads="4">
  <mem-info id="2701" free="2057192000" total="2092630016" percent="98">
    <mem type="nursery" free="1154816" total="2097152" percent="55">
      <mem type="allocate" free="1154816" total="1507328" percent="76" />
      <mem type="survivor" free="0" total="589824" percent="0" />
    </mem>
    <mem type="tenure" free="2056037184" total="2090532864" percent="98">
      <mem type="soa" free="1951511360" total="1986007040" percent="98" />
      <mem type="loa" free="104525824" total="104525824" percent="100" />
    </mem>
    <pending-finalizers system="0" default="0" reference="31" classloader="0" />
    <remembered-set count="297" />
  </mem-info>
</gc-end>
<cycle-end id="2702" type="scavenge" contextid="2696" timestamp="2019-06-17T03:12:54.316" />
  <attribute name="elasticGC enabled" value="1" />
  <attribute name= "numThreadsSpecified" value="4" />
  <attribute name="heapSize specified" value="8388608" />
  <attribute name="Current GC Util" value="46" />
  <attribute name= "Current Time Running" value="12884" />
  <attribute name ="GC Interval" value="200" />
  <attribute name="ProportionalT" value="39.000000" />
  <attribute name="ProportionalI" value="39.000000" />
  <attribute name="ProportionalH" value="39.000000" />
  <attribute name="Current Error" value="26.000000" />
  <attribute name="IntegralT" value="104.000000" />
  <attribute name="IntegralI" value="104.000000" />
  <attribute name="IntegralH" value="104.000000" />
  <attribute name="DerivativeT" value="-3.750000" />
  <attribute name="DerivativeI" value="-3.750000" />
  <attribute name="DerivativeH" value="-3.750000" />
  <attribute name="Loop Time for DT" value="4.000000" />
  <attribute name="Output H" value="8388608"/>
  <attribute name="Output I" value="200"/>
  <attribute name="Output T" value="4"/>
  <attribute name="Target GC Util Change" value ="20.000000" />
  <attribute name="Current GC Util Change" value="46.000000"/>
  <attribute name="GC Util currently" value="46" />
  <attribute name="CPU Util currently" value="1191453401821" />
<allocation-satisfied id="2703" threadId="00000000013E6C00" bytesRequested="24" />
<af-end id="2704" timestamp="2019-06-17T03:12:54.316" threadId="00000000013E7588" success="true" from="nursery"/>
<exclusive-end id="2705" timestamp="2019-06-17T03:12:54.316" durationms="2.134" />

<exclusive-start id="2706" timestamp="2019-06-17T03:12:54.318" intervalms="4.295">
  <response-info timems="0.049" idlems="0.029" threads="2" lastid="00000000013F6000" lastname="PmdThread 4" />
</exclusive-start>
<af-start id="2707" threadId="00000000013F2D88" totalBytesRequested="64" timestamp="2019-06-17T03:12:54.318" intervalms="4.307" type="nursery" />
<cycle-start id="2708" type="scavenge" contextid="0" timestamp="2019-06-17T03:12:54.318" intervalms="4.311" />
<gc-start id="2709" type="scavenge" contextid="2708" timestamp="2019-06-17T03:12:54.318">
  <mem-info id="2710" free="2056037184" total="2092630016" percent="98">
    <mem type="nursery" free="0" total="2097152" percent="0">
      <mem type="allocate" free="0" total="1507328" percent="0" />
      <mem type="survivor" free="0" total="589824" percent="0" />
    </mem>
    <mem type="tenure" free="2056037184" total="2090532864" percent="98">
      <mem type="soa" free="1951511360" total="1986007040" percent="98" />
      <mem type="loa" free="104525824" total="104525824" percent="100" />
    </mem>
    <remembered-set count="429" />
  </mem-info>
</gc-start>
<allocation-stats totalBytes="1153064" >
  <allocated-bytes non-tlh="16416" tlh="1136648" />
  <largest-consumer threadName="PmdThread 3" threadId="00000000013F2400" bytes="466544" />
</allocation-stats>
<gc-op id="2711" type="scavenge" timems="0.932" contextid="2708" timestamp="2019-06-17T03:12:54.320">
  <scavenger-info tenureage="2" tenuremask="7ffc" tiltratio="71" />
  <memory-copied type="nursery" objects="7326" bytes="344632" bytesdiscarded="123256" />
  <memory-copied type="tenure" objects="3788" bytes="138696" bytesdiscarded="744" />
  <references type="weak" candidates="40" cleared="39" enqueued="39" />
  <references type="phantom" candidates="2" cleared="0" enqueued="0" />
</gc-op>
<gc-end id="2712" type="scavenge" contextid="2708" durationms="1.474" usertimems="4.000" systemtimems="0.000" timestamp="2019-06-17T03:12:54.320" activeThreads="4">
  <mem-info id="2713" free="2056998256" total="2092630016" percent="98">
    <mem type="nursery" free="1039408" total="2097152" percent="49">
      <mem type="allocate" free="1039408" total="1507328" percent="68" />
      <mem type="survivor" free="0" total="589824" percent="0" />
    </mem>
    <mem type="tenure" free="2055958848" total="2090532864" percent="98">
      <mem type="soa" free="1951433024" total="1986007040" percent="98" />
      <mem type="loa" free="104525824" total="104525824" percent="100" />
    </mem>
    <pending-finalizers system="0" default="0" reference="39" classloader="0" />
    <remembered-set count="171" />
  </mem-info>
</gc-end>
<cycle-end id="2714" type="scavenge" contextid="2708" timestamp="2019-06-17T03:12:54.320" />
  <attribute name="elasticGC enabled" value="1" />
  <attribute name= "numThreadsSpecified" value="4" />
  <attribute name="heapSize specified" value="8388608" />
  <attribute name="Current GC Util" value="36" />
  <attribute name= "Current Time Running" value="12889" />
  <attribute name ="GC Interval" value="200" />
  <attribute name="ProportionalT" value="24.000000" />
  <attribute name="ProportionalI" value="24.000000" />
  <attribute name="ProportionalH" value="24.000000" />
  <attribute name="Current Error" value="16.000000" />
  <attribute name="IntegralT" value="80.000000" />
  <attribute name="IntegralI" value="80.000000" />
  <attribute name="IntegralH" value="80.000000" />
  <attribute name="DerivativeT" value="-3.000000" />
  <attribute name="DerivativeI" value="-3.000000" />
  <attribute name="DerivativeH" value="-3.000000" />
  <attribute name="Loop Time for DT" value="5.000000" />
  <attribute name="Output H" value="8388608"/>
  <attribute name="Output I" value="200"/>
  <attribute name="Output T" value="4"/>
  <attribute name="Target GC Util Change" value ="20.000000" />
  <attribute name="Current GC Util Change" value="36.000000"/>
  <attribute name="GC Util currently" value="36" />
  <attribute name="CPU Util currently" value="1053802425551" />
<allocation-satisfied id="2715" threadId="00000000013F2400" bytesRequested="64" />
<af-end id="2716" timestamp="2019-06-17T03:12:54.320" threadId="00000000013F2D88" success="true" from="nursery"/>
<exclusive-end id="2717" timestamp="2019-06-17T03:12:54.320" durationms="2.264" />

<exclusive-start id="2718" timestamp="2019-06-17T03:12:54.323" intervalms="4.959">
  <response-info timems="0.099" idlems="0.099" threads="0" lastid="00000000013F6000" lastname="PmdThread 4" />
</exclusive-start>
<af-start id="2719" threadId="00000000013F6988" totalBytesRequested="24" timestamp="2019-06-17T03:12:54.323" intervalms="4.929" type="nursery" />
<cycle-start id="2720" type="scavenge" contextid="0" timestamp="2019-06-17T03:12:54.323" intervalms="4.897" />
<gc-start id="2721" type="scavenge" contextid="2720" timestamp="2019-06-17T03:12:54.323">
  <mem-info id="2722" free="2055958640" total="2092630016" percent="98">
    <mem type="nursery" free="0" total="2097152" percent="0">
      <mem type="allocate" free="0" total="1507328" percent="0" />
      <mem type="survivor" free="0" total="589824" percent="0" />
    </mem>
    <mem type="tenure" free="2055958640" total="2090532864" percent="98">
      <mem type="soa" free="1951432816" total="1986007040" percent="98" />
      <mem type="loa" free="104525824" total="104525824" percent="100" />
    </mem>
    <remembered-set count="186" />
  </mem-info>
</gc-start>
<allocation-stats totalBytes="1039288" >
  <allocated-bytes non-tlh="272" tlh="1039016" />
  <largest-consumer threadName="PmdThread 1" threadId="00000000013E6C00" bytes="585536" />
</allocation-stats>
<gc-op id="2723" type="scavenge" timems="0.885" contextid="2720" timestamp="2019-06-17T03:12:54.324">
  <scavenger-info tenureage="2" tenuremask="7ffc" tiltratio="71" />
  <memory-copied type="nursery" objects="11336" bytes="492704" bytesdiscarded="88408" />
  <memory-copied type="tenure" objects="2989" bytes="111952" bytesdiscarded="56" />
  <references type="phantom" candidates="1" cleared="0" enqueued="0" />
</gc-op>
<gc-end id="2724" type="scavenge" contextid="2720" durationms="1.408" usertimems="0.000" systemtimems="0.000" timestamp="2019-06-17T03:12:54.325" activeThreads="4">
  <mem-info id="2725" free="2056636256" total="2092630016" percent="98">
    <mem type="nursery" free="795120" total="2097152" percent="37">
      <mem type="allocate" free="795120" total="1376256" percent="57" />
      <mem type="survivor" free="0" total="720896" percent="0" />
    </mem>
    <mem type="tenure" free="2055841136" total="2090532864" percent="98">
      <mem type="soa" free="1951315312" total="1986007040" percent="98" />
      <mem type="loa" free="104525824" total="104525824" percent="100" />
    </mem>
    <remembered-set count="156" />
  </mem-info>
</gc-end>
<cycle-end id="2726" type="scavenge" contextid="2720" timestamp="2019-06-17T03:12:54.325" />
  <attribute name="elasticGC enabled" value="1" />
  <attribute name= "numThreadsSpecified" value="4" />
  <attribute name="heapSize specified" value="8388608" />
  <attribute name="Current GC Util" value="28" />
  <attribute name= "Current Time Running" value="12893" />
  <attribute name ="GC Interval" value="200" />
  <attribute name="ProportionalT" value="12.000000" />
  <attribute name="ProportionalI" value="12.000000" />
  <attribute name="ProportionalH" value="12.000000" />
  <attribute name="Current Error" value="8.000000" />
  <attribute name="IntegralT" value="32.000000" />
  <attribute name="IntegralI" value="32.000000" />
  <attribute name="IntegralH" value="32.000000" />
  <attribute name="DerivativeT" value="-3.000000" />
  <attribute name="DerivativeI" value="-3.000000" />
  <attribute name="DerivativeH" value="-3.000000" />
  <attribute name="Loop Time for DT" value="4.000000" />
  <attribute name="Output H" value="8388608"/>
  <attribute name="Output I" value="200"/>
  <attribute name="Output T" value="4"/>
  <attribute name="Target GC Util Change" value ="20.000000" />
  <attribute name="Current GC Util Change" value="28.000000"/>
  <attribute name="GC Util currently" value="28" />
  <attribute name="CPU Util currently" value="946441552833" />
<allocation-satisfied id="2727" threadId="00000000013F6000" bytesRequested="24" />
<af-end id="2728" timestamp="2019-06-17T03:12:54.325" threadId="00000000013F6988" success="true" from="nursery"/>
<exclusive-end id="2729" timestamp="2019-06-17T03:12:54.325" durationms="2.128" />

<exclusive-start id="2730" timestamp="2019-06-17T03:12:54.328" intervalms="5.207">
  <response-info timems="0.080" idlems="0.042" threads="1" lastid="00000000013EA800" lastname="PmdThread 2" />
</exclusive-start>
<af-start id="2731" threadId="00000000013E7588" totalBytesRequested="72" timestamp="2019-06-17T03:12:54.328" intervalms="5.218" type="nursery" />
<cycle-start id="2732" type="scavenge" contextid="0" timestamp="2019-06-17T03:12:54.328" intervalms="5.215" />
<gc-start id="2733" type="scavenge" contextid="2732" timestamp="2019-06-17T03:12:54.329">
  <mem-info id="2734" free="2055841136" total="2092630016" percent="98">
    <mem type="nursery" free="0" total="2097152" percent="0">
      <mem type="allocate" free="0" total="1376256" percent="0" />
      <mem type="survivor" free="0" total="720896" percent="0" />
    </mem>
    <mem type="tenure" free="2055841136" total="2090532864" percent="98">
      <mem type="soa" free="1951315312" total="1986007040" percent="98" />
      <mem type="loa" free="104525824" total="104525824" percent="100" />
    </mem>
    <remembered-set count="178" />
  </mem-info>
</gc-start>
<allocation-stats totalBytes="794432" >
  <allocated-bytes non-tlh="24" tlh="794408" />
  <largest-consumer threadName="PmdThread 1" threadId="00000000013E6C00" bytes="524568" />
</allocation-stats>
<gc-op id="2735" type="scavenge" timems="1.018" contextid="2732" timestamp="2019-06-17T03:12:54.330">
  <scavenger-info tenureage="1" tenuremask="7ffe" tiltratio="65" />
  <memory-copied type="nursery" objects="3628" bytes="132928" bytesdiscarded="102072" />
  <memory-copied type="tenure" objects="11185" bytes="478744" bytesdiscarded="120" />
  <references type="weak" candidates="13" cleared="13" enqueued="13" />
  <references type="phantom" candidates="1" cleared="1" enqueued="1" />
</gc-op>
<gc-end id="2736" type="scavenge" contextid="2732" durationms="1.295" usertimems="4.000" systemtimems="0.000" timestamp="2019-06-17T03:12:54.330" activeThreads="4">
  <mem-info id="2737" free="2056584280" total="2092630016" percent="98">
    <mem type="nursery" free="1206784" total="2097152" percent="57">
      <mem type="allocate" free="1206784" total="1441792" percent="83" />
      <mem type="survivor" free="0" total="655360" percent="0" />
    </mem>
    <mem type="tenure" free="2055377496" total="2090532864" percent="98">
      <mem type="soa" free="1950851672" total="1986007040" percent="98" />
      <mem type="loa" free="104525824" total="104525824" percent="100" />
    </mem>
    <pending-finalizers system="0" default="0" reference="14" classloader="0" />
    <remembered-set count="377" />
  </mem-info>
</gc-end>
<cycle-end id="2738" type="scavenge" contextid="2732" timestamp="2019-06-17T03:12:54.330" />
  <attribute name="elasticGC enabled" value="1" />
  <attribute name= "numThreadsSpecified" value="4" />
  <attribute name="heapSize specified" value="8388608" />
  <attribute name="Current GC Util" value="31" />
  <attribute name= "Current Time Running" value="12899" />
  <attribute name ="GC Interval" value="200" />
  <attribute name="ProportionalT" value="16.500000" />
  <attribute name="ProportionalI" value="16.500000" />
  <attribute name="ProportionalH" value="16.500000" />
  <attribute name="Current Error" value="11.000000" />
  <attribute name="IntegralT" value="66.000000" />
  <attribute name="IntegralI" value="66.000000" />
  <attribute name="IntegralH" value="66.000000" />
  <attribute name="DerivativeT" value="0.750000" />
  <attribute name="DerivativeI" value="0.750000" />
  <attribute name="DerivativeH" value="0.750000" />
  <attribute name="Loop Time for DT" value="6.000000" />
  <attribute name="Output H" value="8388608"/>
  <attribute name="Output I" value="200"/>
  <attribute name="Output T" value="4"/>
  <attribute name="Target GC Util Change" value ="20.000000" />
  <attribute name="Current GC Util Change" value="31.000000"/>
  <attribute name="GC Util currently" value="31" />
  <attribute name="CPU Util currently" value="892367916619" />
<allocation-satisfied id="2739" threadId="00000000013E6C00" bytesRequested="72" />
<af-end id="2740" timestamp="2019-06-17T03:12:54.330" threadId="00000000013E7588" success="true" from="nursery"/>
<exclusive-end id="2741" timestamp="2019-06-17T03:12:54.330" durationms="1.855" />

<exclusive-start id="2742" timestamp="2019-06-17T03:12:54.332" intervalms="3.715">
  <response-info timems="0.033" idlems="0.018" threads="1" lastid="00000000013F6000" lastname="PmdThread 4" />
</exclusive-start>
<af-start id="2743" threadId="00000000013F2D88" totalBytesRequested="40" timestamp="2019-06-17T03:12:54.332" intervalms="3.672" type="nursery" />
<cycle-start id="2744" type="scavenge" contextid="0" timestamp="2019-06-17T03:12:54.332" intervalms="3.631" />
<gc-start id="2745" type="scavenge" contextid="2744" timestamp="2019-06-17T03:12:54.332">
  <mem-info id="2746" free="2055377496" total="2092630016" percent="98">
    <mem type="nursery" free="0" total="2097152" percent="0">
      <mem type="allocate" free="0" total="1441792" percent="0" />
      <mem type="survivor" free="0" total="655360" percent="0" />
    </mem>
    <mem type="tenure" free="2055377496" total="2090532864" percent="98">
      <mem type="soa" free="1950851672" total="1986007040" percent="98" />
      <mem type="loa" free="104525824" total="104525824" percent="100" />
    </mem>
    <remembered-set count="640" />
  </mem-info>
</gc-start>
<allocation-stats totalBytes="1205360" >
  <allocated-bytes non-tlh="72" tlh="1205288" />
  <largest-consumer threadName="PmdThread 1" threadId="00000000013E6C00" bytes="516040" />
</allocation-stats>
<gc-op id="2747" type="scavenge" timems="0.895" contextid="2744" timestamp="2019-06-17T03:12:54.333">
  <scavenger-info tenureage="2" tenuremask="7ffc" tiltratio="68" />
  <memory-copied type="nursery" objects="10911" bytes="359416" bytesdiscarded="110584" />
  <references type="weak" candidates="31" cleared="31" enqueued="31" />
</gc-op>
<gc-end id="2748" type="scavenge" contextid="2744" durationms="1.244" usertimems="0.000" systemtimems="0.000" timestamp="2019-06-17T03:12:54.333" activeThreads="4">
  <mem-info id="2749" free="2056349272" total="2092630016" percent="98">
    <mem type="nursery" free="971776" total="2097152" percent="46">
      <mem type="allocate" free="971776" total="1441792" percent="67" />
      <mem type="survivor" free="0" total="655360" percent="0" />
    </mem>
    <mem type="tenure" free="2055377496" total="2090532864" percent="98">
      <mem type="soa" free="1950851672" total="1986007040" percent="98" />
      <mem type="loa" free="104525824" total="104525824" percent="100" />
    </mem>
    <pending-finalizers system="0" default="0" reference="31" classloader="0" />
    <remembered-set count="573" />
  </mem-info>
</gc-end>
<cycle-end id="2750" type="scavenge" contextid="2744" timestamp="2019-06-17T03:12:54.333" />
  <attribute name="elasticGC enabled" value="1" />
  <attribute name= "numThreadsSpecified" value="4" />
  <attribute name="heapSize specified" value="8388608" />
  <attribute name="Current GC Util" value="56" />
  <attribute name= "Current Time Running" value="12902" />
  <attribute name ="GC Interval" value="200" />
  <attribute name="ProportionalT" value="54.000000" />
  <attribute name="ProportionalI" value="54.000000" />
  <attribute name="ProportionalH" value="54.000000" />
  <attribute name="Current Error" value="36.000000" />
  <attribute name="IntegralT" value="108.000000" />
  <attribute name="IntegralI" value="108.000000" />
  <attribute name="IntegralH" value="108.000000" />
  <attribute name="DerivativeT" value="12.500000" />
  <attribute name="DerivativeI" value="12.500000" />
  <attribute name="DerivativeH" value="12.500000" />
  <attribute name="Loop Time for DT" value="3.000000" />
  <attribute name="Output H" value="8388608"/>
  <attribute name="Output I" value="200"/>
  <attribute name="Output T" value="4"/>
  <attribute name="Target GC Util Change" value ="20.000000" />
  <attribute name="Current GC Util Change" value="56.000000"/>
  <attribute name="GC Util currently" value="56" />
  <attribute name="CPU Util currently" value="1316838231986" />
<allocation-satisfied id="2751" threadId="00000000013F2400" bytesRequested="40" />
<af-end id="2752" timestamp="2019-06-17T03:12:54.334" threadId="00000000013F2D88" success="true" from="nursery"/>
<exclusive-end id="2753" timestamp="2019-06-17T03:12:54.334" durationms="1.845" />

<exclusive-start id="2754" timestamp="2019-06-17T03:12:54.338" intervalms="5.735">
  <response-info timems="1.327" idlems="1.327" threads="0" lastid="00000000013F6000" lastname="PmdThread 4" />
</exclusive-start>
<af-start id="2755" threadId="00000000013F6988" totalBytesRequested="16" timestamp="2019-06-17T03:12:54.338" intervalms="5.843" type="nursery" />
<cycle-start id="2756" type="scavenge" contextid="0" timestamp="2019-06-17T03:12:54.338" intervalms="5.932" />
<gc-start id="2757" type="scavenge" contextid="2756" timestamp="2019-06-17T03:12:54.338">
  <mem-info id="2758" free="2055377496" total="2092630016" percent="98">
    <mem type="nursery" free="0" total="2097152" percent="0">
      <mem type="allocate" free="0" total="1441792" percent="0" />
      <mem type="survivor" free="0" total="655360" percent="0" />
    </mem>
    <mem type="tenure" free="2055377496" total="2090532864" percent="98">
      <mem type="soa" free="1950851672" total="1986007040" percent="98" />
      <mem type="loa" free="104525824" total="104525824" percent="100" />
    </mem>
    <remembered-set count="811" />
  </mem-info>
</gc-start>
<allocation-stats totalBytes="968920" >
  <allocated-bytes non-tlh="40" tlh="968880" />
  <largest-consumer threadName="PmdThread 4" threadId="00000000013F6000" bytes="968880" />
</allocation-stats>
<gc-op id="2759" type="scavenge" timems="1.031" contextid="2756" timestamp="2019-06-17T03:12:54.339">
  <scavenger-info tenureage="2" tenuremask="7ffc" tiltratio="68" />
  <memory-copied type="nursery" objects="7623" bytes="239816" bytesdiscarded="48168" />
  <memory-copied type="tenure" objects="3412" bytes="122928" bytesdiscarded="72" />
  <references type="weak" candidates="73" cleared="73" enqueued="73" />
</gc-op>
<gc-end id="2760" type="scavenge" contextid="2756" durationms="1.276" usertimems="0.000" systemtimems="0.000" timestamp="2019-06-17T03:12:54.339" activeThreads="1">
  <mem-info id="2761" free="2056448600" total="2092630016" percent="98">
    <mem type="nursery" free="1219328" total="2097152" percent="58">
      <mem type="allocate" free="1219328" total="1507328" percent="80" />
      <mem type="survivor" free="0" total="589824" percent="0" />
    </mem>
    <mem type="tenure" free="2055229272" total="2090532864" percent="98">
      <mem type="soa" free="1950703448" total="1986007040" percent="98" />
      <mem type="loa" free="104525824" total="104525824" percent="100" />
    </mem>
    <pending-finalizers system="0" default="0" reference="73" classloader="0" />
    <remembered-set count="356" />
  </mem-info>
</gc-end>
<cycle-end id="2762" type="scavenge" contextid="2756" timestamp="2019-06-17T03:12:54.340" />
  <attribute name="elasticGC enabled" value="1" />
  <attribute name= "numThreadsSpecified" value="1" />
  <attribute name="heapSize specified" value="8388608" />
  <attribute name="Current GC Util" value="21" />
  <attribute name= "Current Time Running" value="12908" />
  <attribute name ="GC Interval" value="200" />
  <attribute name="ProportionalT" value="1.500000" />
  <attribute name="ProportionalI" value="1.500000" />
  <attribute name="ProportionalH" value="1.500000" />
  <attribute name="Current Error" value="1.000000" />
  <attribute name="IntegralT" value="6.000000" />
  <attribute name="IntegralI" value="6.000000" />
  <attribute name="IntegralH" value="6.000000" />
  <attribute name="DerivativeT" value="-8.750000" />
  <attribute name="DerivativeI" value="-8.750000" />
  <attribute name="DerivativeH" value="-8.750000" />
  <attribute name="Loop Time for DT" value="6.000000" />
  <attribute name="Output H" value="8388608"/>
  <attribute name="Output I" value="200"/>
  <attribute name="Output T" value="1"/>
  <attribute name="Target GC Util Change" value ="20.000000" />
  <attribute name="Current GC Util Change" value="21.000000"/>
  <attribute name="GC Util currently" value="21" />
  <attribute name="CPU Util currently" value="768698762718" />
<allocation-satisfied id="2763" threadId="00000000013F6000" bytesRequested="16" />
<af-end id="2764" timestamp="2019-06-17T03:12:54.340" threadId="00000000013F6988" success="true" from="nursery"/>
<exclusive-end id="2765" timestamp="2019-06-17T03:12:54.340" durationms="2.128" />

<exclusive-start id="2766" timestamp="2019-06-17T03:12:54.342" intervalms="4.309">
  <response-info timems="0.073" idlems="0.040" threads="1" lastid="00000000010DDF00" lastname="JIT Compilation Thread-1" />
</exclusive-start>
<af-start id="2767" threadId="00000000013F2D88" totalBytesRequested="56" timestamp="2019-06-17T03:12:54.342" intervalms="4.260" type="nursery" />
<cycle-start id="2768" type="scavenge" contextid="0" timestamp="2019-06-17T03:12:54.342" intervalms="4.239" />
<gc-start id="2769" type="scavenge" contextid="2768" timestamp="2019-06-17T03:12:54.342">
  <mem-info id="2770" free="2055229272" total="2092630016" percent="98">
    <mem type="nursery" free="0" total="2097152" percent="0">
      <mem type="allocate" free="0" total="1507328" percent="0" />
      <mem type="survivor" free="0" total="589824" percent="0" />
    </mem>
    <mem type="tenure" free="2055229272" total="2090532864" percent="98">
      <mem type="soa" free="1950703448" total="1986007040" percent="98" />
      <mem type="loa" free="104525824" total="104525824" percent="100" />
    </mem>
    <remembered-set count="540" />
  </mem-info>
</gc-start>
<allocation-stats totalBytes="1218560" >
  <allocated-bytes non-tlh="16" tlh="1218544" />
  <largest-consumer threadName="PmdThread 4" threadId="00000000013F6000" bytes="716360" />
</allocation-stats>
<gc-op id="2771" type="scavenge" timems="1.408" contextid="2768" timestamp="2019-06-17T03:12:54.344">
  <scavenger-info tenureage="2" tenuremask="7ffc" tiltratio="71" />
  <memory-copied type="nursery" objects="12407" bytes="351424" bytesdiscarded="79424" />
  <memory-copied type="tenure" objects="7407" bytes="232552" bytesdiscarded="112" />
  <references type="weak" candidates="63" cleared="63" enqueued="63" />
</gc-op>
<gc-end id="2772" type="scavenge" contextid="2768" durationms="1.800" usertimems="0.000" systemtimems="0.000" timestamp="2019-06-17T03:12:54.344" activeThreads="4">
  <mem-info id="2773" free="2056070744" total="2092630016" percent="98">
    <mem type="nursery" free="1076480" total="2097152" percent="51">
      <mem type="allocate" free="1076480" total="1507328" percent="71" />
      <mem type="survivor" free="0" total="589824" percent="0" />
    </mem>
    <mem type="tenure" free="2054994264" total="2090532864" percent="98">
      <mem type="soa" free="1950468440" total="1986007040" percent="98" />
      <mem type="loa" free="104525824" total="104525824" percent="100" />
    </mem>
    <pending-finalizers system="0" default="0" reference="63" classloader="0" />
    <remembered-set count="144" />
  </mem-info>
</gc-end>
<cycle-end id="2774" type="scavenge" contextid="2768" timestamp="2019-06-17T03:12:54.344" />
  <attribute name="elasticGC enabled" value="1" />
  <attribute name= "numThreadsSpecified" value="4" />
  <attribute name="heapSize specified" value="8388608" />
  <attribute name="Current GC Util" value="30" />
  <attribute name= "Current Time Running" value="12912" />
  <attribute name ="GC Interval" value="200" />
  <attribute name="ProportionalT" value="15.000000" />
  <attribute name="ProportionalI" value="15.000000" />
  <attribute name="ProportionalH" value="15.000000" />
  <attribute name="Current Error" value="10.000000" />
  <attribute name="IntegralT" value="40.000000" />
  <attribute name="IntegralI" value="40.000000" />
  <attribute name="IntegralH" value="40.000000" />
  <attribute name="DerivativeT" value="3.375000" />
  <attribute name="DerivativeI" value="3.375000" />
  <attribute name="DerivativeH" value="3.375000" />
  <attribute name="Loop Time for DT" value="4.000000" />
  <attribute name="Output H" value="8388608"/>
  <attribute name="Output I" value="200"/>
  <attribute name="Output T" value="4"/>
  <attribute name="Target GC Util Change" value ="20.000000" />
  <attribute name="Current GC Util Change" value="30.000000"/>
  <attribute name="GC Util currently" value="30" />
  <attribute name="CPU Util currently" value="1101490171132" />
<allocation-satisfied id="2775" threadId="00000000013F2400" bytesRequested="56" />
<af-end id="2776" timestamp="2019-06-17T03:12:54.345" threadId="00000000013F2D88" success="true" from="nursery"/>
<exclusive-end id="2777" timestamp="2019-06-17T03:12:54.345" durationms="2.668" />

<exclusive-start id="2778" timestamp="2019-06-17T03:12:54.346" intervalms="4.172">
  <response-info timems="0.085" idlems="0.049" threads="1" lastid="00000000010DDF00" lastname="JIT Compilation Thread-1" />
</exclusive-start>
<af-start id="2779" threadId="00000000013F2D88" totalBytesRequested="64" timestamp="2019-06-17T03:12:54.346" intervalms="4.144" type="nursery" />
<cycle-start id="2780" type="scavenge" contextid="0" timestamp="2019-06-17T03:12:54.346" intervalms="4.117" />
<gc-start id="2781" type="scavenge" contextid="2780" timestamp="2019-06-17T03:12:54.346">
  <mem-info id="2782" free="2054994264" total="2092630016" percent="98">
    <mem type="nursery" free="0" total="2097152" percent="0">
      <mem type="allocate" free="0" total="1507328" percent="0" />
      <mem type="survivor" free="0" total="589824" percent="0" />
    </mem>
    <mem type="tenure" free="2054994264" total="2090532864" percent="98">
      <mem type="soa" free="1950468440" total="1986007040" percent="98" />
      <mem type="loa" free="104525824" total="104525824" percent="100" />
    </mem>
    <remembered-set count="260" />
  </mem-info>
</gc-start>
<allocation-stats totalBytes="1073816" >
  <allocated-bytes non-tlh="56" tlh="1073760" />
  <largest-consumer threadName="PmdThread 3" threadId="00000000013F2400" bytes="568392" />
</allocation-stats>
<gc-op id="2783" type="scavenge" timems="1.537" contextid="2780" timestamp="2019-06-17T03:12:54.348">
  <scavenger-info tenureage="2" tenuremask="7ffc" tiltratio="71" />
  <memory-copied type="nursery" objects="18940" bytes="554048" bytesdiscarded="35776" />
  <memory-copied type="tenure" objects="6527" bytes="163848" bytesdiscarded="32" />
  <copy-failed type="nursery" objects="6526" bytes="163808" />
  <references type="weak" candidates="88" cleared="88" enqueued="88" />
</gc-op>
<gc-end id="2784" type="scavenge" contextid="2780" durationms="1.908" usertimems="4.000" systemtimems="0.000" timestamp="2019-06-17T03:12:54.348" activeThreads="4">
  <mem-info id="2785" free="2055257176" total="2092630016" percent="98">
    <mem type="nursery" free="458752" total="2097152" percent="21">
      <mem type="allocate" free="458752" total="1048576" percent="43" />
      <mem type="survivor" free="0" total="1048576" percent="0" />
    </mem>
    <mem type="tenure" free="2054798424" total="2090532864" percent="98">
      <mem type="soa" free="1950272600" total="1986007040" percent="98" />
      <mem type="loa" free="104525824" total="104525824" percent="100" />
    </mem>
    <pending-finalizers system="0" default="0" reference="88" classloader="0" />
    <remembered-set count="246" />
  </mem-info>
</gc-end>
<cycle-end id="2786" type="scavenge" contextid="2780" timestamp="2019-06-17T03:12:54.348" />
  <attribute name="elasticGC enabled" value="1" />
  <attribute name= "numThreadsSpecified" value="4" />
  <attribute name="heapSize specified" value="8388608" />
  <attribute name="Current GC Util" value="46" />
  <attribute name= "Current Time Running" value="12916" />
  <attribute name ="GC Interval" value="200" />
  <attribute name="ProportionalT" value="39.000000" />
  <attribute name="ProportionalI" value="39.000000" />
  <attribute name="ProportionalH" value="39.000000" />
  <attribute name="Current Error" value="26.000000" />
  <attribute name="IntegralT" value="104.000000" />
  <attribute name="IntegralI" value="104.000000" />
  <attribute name="IntegralH" value="104.000000" />
  <attribute name="DerivativeT" value="6.000000" />
  <attribute name="DerivativeI" value="6.000000" />
  <attribute name="DerivativeH" value="6.000000" />
  <attribute name="Loop Time for DT" value="4.000000" />
  <attribute name="Output H" value="8388608"/>
  <attribute name="Output I" value="200"/>
  <attribute name="Output T" value="4"/>
  <attribute name="Target GC Util Change" value ="20.000000" />
  <attribute name="Current GC Util Change" value="46.000000"/>
  <attribute name="GC Util currently" value="46" />
  <attribute name="CPU Util currently" value="1120772424203" />
<allocation-satisfied id="2787" threadId="00000000013F2400" bytesRequested="64" />
<af-end id="2788" timestamp="2019-06-17T03:12:54.349" threadId="00000000013F2D88" success="true" from="nursery"/>
<exclusive-end id="2789" timestamp="2019-06-17T03:12:54.349" durationms="2.696" />

<exclusive-start id="2790" timestamp="2019-06-17T03:12:54.355" intervalms="9.243">
  <response-info timems="0.094" idlems="0.094" threads="0" lastid="00000000013EA800" lastname="PmdThread 2" />
</exclusive-start>
<af-start id="2791" threadId="00000000013EB188" totalBytesRequested="24" timestamp="2019-06-17T03:12:54.356" intervalms="9.303" type="nursery" />
<cycle-start id="2792" type="scavenge" contextid="0" timestamp="2019-06-17T03:12:54.356" intervalms="9.351" />
<gc-start id="2793" type="scavenge" contextid="2792" timestamp="2019-06-17T03:12:54.356">
  <mem-info id="2794" free="2054798424" total="2092630016" percent="98">
    <mem type="nursery" free="0" total="2097152" percent="0">
      <mem type="allocate" free="0" total="1048576" percent="0" />
      <mem type="survivor" free="0" total="1048576" percent="0" />
    </mem>
    <mem type="tenure" free="2054798424" total="2090532864" percent="98">
      <mem type="soa" free="1950272600" total="1986007040" percent="98" />
      <mem type="loa" free="104525824" total="104525824" percent="100" />
    </mem>
    <remembered-set count="319" />
  </mem-info>
</gc-start>
<allocation-stats totalBytes="450728" >
  <allocated-bytes non-tlh="64" tlh="450664" />
  <largest-consumer threadName="PmdThread 2" threadId="00000000013EA800" bytes="314912" />
</allocation-stats>
<gc-op id="2795" type="scavenge" timems="1.541" contextid="2792" timestamp="2019-06-17T03:12:54.358">
  <scavenger-info tenureage="1" tenuremask="7ffe" tiltratio="50" />
  <memory-copied type="nursery" objects="90" bytes="20120" bytesdiscarded="49768" />
  <memory-copied type="tenure" objects="18696" bytes="545920" bytesdiscarded="152" />
  <references type="weak" candidates="9" cleared="8" enqueued="8" />
  <references type="phantom" candidates="1" cleared="0" enqueued="0" />
</gc-op>
<gc-end id="2796" type="scavenge" contextid="2792" durationms="1.871" usertimems="0.000" systemtimems="0.000" timestamp="2019-06-17T03:12:54.358" activeThreads="1">
  <mem-info id="2797" free="2055187288" total="2092630016" percent="98">
    <mem type="nursery" free="978688" total="2097152" percent="46">
      <mem type="allocate" free="978688" total="1048576" percent="93" />
      <mem type="survivor" free="0" total="1048576" percent="0" />
    </mem>
    <mem type="tenure" free="2054208600" total="2090532864" percent="98">
      <mem type="soa" free="1949682776" total="1986007040" percent="98" />
      <mem type="loa" free="104525824" total="104525824" percent="100" />
    </mem>
    <pending-finalizers system="0" default="0" reference="8" classloader="0" />
    <remembered-set count="186" />
  </mem-info>
</gc-end>
<cycle-end id="2798" type="scavenge" contextid="2792" timestamp="2019-06-17T03:12:54.358" />
  <attribute name="elasticGC enabled" value="1" />
  <attribute name= "numThreadsSpecified" value="1" />
  <attribute name="heapSize specified" value="8388608" />
  <attribute name="Current GC Util" value="20" />
  <attribute name= "Current Time Running" value="12926" />
  <attribute name ="GC Interval" value="200" />
  <attribute name="ProportionalT" value="0.000000" />
  <attribute name="ProportionalI" value="0.000000" />
  <attribute name="ProportionalH" value="0.000000" />
  <attribute name="Current Error" value="0.000000" />
  <attribute name="IntegralT" value="0.000000" />
  <attribute name="IntegralI" value="0.000000" />
  <attribute name="IntegralH" value="0.000000" />
  <attribute name="DerivativeT" value="-3.900000" />
  <attribute name="DerivativeI" value="-3.900000" />
  <attribute name="DerivativeH" value="-3.900000" />
  <attribute name="Loop Time for DT" value="10.000000" />
  <attribute name="Output H" value="8388608"/>
  <attribute name="Output I" value="200"/>
  <attribute name="Output T" value="1"/>
  <attribute name="Target GC Util Change" value ="20.000000" />
  <attribute name="Current GC Util Change" value="20.000000"/>
  <attribute name="GC Util currently" value="20" />
  <attribute name="CPU Util currently" value="483623429658" />
<allocation-satisfied id="2799" threadId="00000000013EA800" bytesRequested="24" />
<af-end id="2800" timestamp="2019-06-17T03:12:54.358" threadId="00000000013EB188" success="true" from="nursery"/>
<exclusive-end id="2801" timestamp="2019-06-17T03:12:54.358" durationms="2.749" />

<exclusive-start id="2802" timestamp="2019-06-17T03:12:54.361" intervalms="5.388">
  <response-info timems="0.340" idlems="0.340" threads="0" lastid="00000000013F6000" lastname="PmdThread 4" />
</exclusive-start>
<af-start id="2803" threadId="00000000013F6988" totalBytesRequested="1000" timestamp="2019-06-17T03:12:54.361" intervalms="5.332" type="nursery" />
<cycle-start id="2804" type="scavenge" contextid="0" timestamp="2019-06-17T03:12:54.361" intervalms="5.275" />
<gc-start id="2805" type="scavenge" contextid="2804" timestamp="2019-06-17T03:12:54.361">
  <mem-info id="2806" free="2054208600" total="2092630016" percent="98">
    <mem type="nursery" free="0" total="2097152" percent="0">
      <mem type="allocate" free="0" total="1048576" percent="0" />
      <mem type="survivor" free="0" total="1048576" percent="0" />
    </mem>
    <mem type="tenure" free="2054208600" total="2090532864" percent="98">
      <mem type="soa" free="1949682776" total="1986007040" percent="98" />
      <mem type="loa" free="104525824" total="104525824" percent="100" />
    </mem>
    <remembered-set count="386" />
  </mem-info>
</gc-start>
<allocation-stats totalBytes="975600" >
  <allocated-bytes non-tlh="24" tlh="975576" />
  <largest-consumer threadName="PmdThread 4" threadId="00000000013F6000" bytes="975576" />
</allocation-stats>
<gc-op id="2807" type="scavenge" timems="0.284" contextid="2804" timestamp="2019-06-17T03:12:54.361">
  <scavenger-info tenureage="2" tenuremask="7ffc" tiltratio="50" />
  <memory-copied type="nursery" objects="453" bytes="33776" bytesdiscarded="83728" />
  <references type="weak" candidates="140" cleared="139" enqueued="139" />
  <references type="phantom" candidates="1" cleared="0" enqueued="0" />
</gc-op>
<gc-end id="2808" type="scavenge" contextid="2804" durationms="0.478" usertimems="0.000" systemtimems="0.000" timestamp="2019-06-17T03:12:54.362" activeThreads="4">
  <mem-info id="2809" free="2055270744" total="2092630016" percent="98">
    <mem type="nursery" free="1062144" total="2097152" percent="50">
      <mem type="allocate" free="1062144" total="1179648" percent="90" />
      <mem type="survivor" free="0" total="917504" percent="0" />
    </mem>
    <mem type="tenure" free="2054208600" total="2090532864" percent="98">
      <mem type="soa" free="1949682776" total="1986007040" percent="98" />
      <mem type="loa" free="104525824" total="104525824" percent="100" />
    </mem>
    <pending-finalizers system="0" default="0" reference="139" classloader="0" />
    <remembered-set count="179" />
  </mem-info>
</gc-end>
<cycle-end id="2810" type="scavenge" contextid="2804" timestamp="2019-06-17T03:12:54.362" />
  <attribute name="elasticGC enabled" value="1" />
  <attribute name= "numThreadsSpecified" value="4" />
  <attribute name="heapSize specified" value="8388608" />
  <attribute name="Current GC Util" value="35" />
  <attribute name= "Current Time Running" value="12931" />
  <attribute name ="GC Interval" value="200" />
  <attribute name="ProportionalT" value="22.500000" />
  <attribute name="ProportionalI" value="22.500000" />
  <attribute name="ProportionalH" value="22.500000" />
  <attribute name="Current Error" value="15.000000" />
  <attribute name="IntegralT" value="75.000000" />
  <attribute name="IntegralI" value="75.000000" />
  <attribute name="IntegralH" value="75.000000" />
  <attribute name="DerivativeT" value="4.500000" />
  <attribute name="DerivativeI" value="4.500000" />
  <attribute name="DerivativeH" value="4.500000" />
  <attribute name="Loop Time for DT" value="5.000000" />
  <attribute name="Output H" value="8388608"/>
  <attribute name="Output I" value="200"/>
  <attribute name="Output T" value="4"/>
  <attribute name="Target GC Util Change" value ="20.000000" />
  <attribute name="Current GC Util Change" value="35.000000"/>
  <attribute name="GC Util currently" value="35" />
  <attribute name="CPU Util currently" value="904407680232" />
<allocation-satisfied id="2811" threadId="00000000013F6000" bytesRequested="1000" />
<af-end id="2812" timestamp="2019-06-17T03:12:54.362" threadId="00000000013F6988" success="true" from="nursery"/>
<exclusive-end id="2813" timestamp="2019-06-17T03:12:54.362" durationms="1.004" />

<exclusive-start id="2814" timestamp="2019-06-17T03:12:54.366" intervalms="5.324">
  <response-info timems="0.296" idlems="0.296" threads="0" lastid="00000000013F2400" lastname="PmdThread 3" />
</exclusive-start>
<af-start id="2815" threadId="00000000013F2D88" totalBytesRequested="56" timestamp="2019-06-17T03:12:54.366" intervalms="5.297" type="nursery" />
<cycle-start id="2816" type="scavenge" contextid="0" timestamp="2019-06-17T03:12:54.366" intervalms="5.292" />
<gc-start id="2817" type="scavenge" contextid="2816" timestamp="2019-06-17T03:12:54.366">
  <mem-info id="2818" free="2054208600" total="2092630016" percent="98">
    <mem type="nursery" free="0" total="2097152" percent="0">
      <mem type="allocate" free="0" total="1179648" percent="0" />
      <mem type="survivor" free="0" total="917504" percent="0" />
    </mem>
    <mem type="tenure" free="2054208600" total="2090532864" percent="98">
      <mem type="soa" free="1949682776" total="1986007040" percent="98" />
      <mem type="loa" free="104525824" total="104525824" percent="100" />
    </mem>
    <remembered-set count="214" />
  </mem-info>
</gc-start>
<allocation-stats totalBytes="1061712" >
  <allocated-bytes non-tlh="17328" tlh="1044384" />
  <largest-consumer threadName="PmdThread 3" threadId="00000000013F2400" bytes="847888" />
</allocation-stats>
<gc-op id="2819" type="scavenge" timems="1.430" contextid="2816" timestamp="2019-06-17T03:12:54.368">
  <scavenger-info tenureage="3" tenuremask="7ff8" tiltratio="56" />
  <memory-copied type="nursery" objects="19646" bytes="566120" bytesdiscarded="99728" />
  <references type="weak" candidates="1" cleared="1" enqueued="1" />
  <references type="phantom" candidates="1" cleared="1" enqueued="1" />
</gc-op>
<gc-end id="2820" type="scavenge" contextid="2816" durationms="2.094" usertimems="0.000" systemtimems="0.000" timestamp="2019-06-17T03:12:54.368" activeThreads="4">
  <mem-info id="2821" free="2054591320" total="2092630016" percent="98">
    <mem type="nursery" free="382720" total="2097152" percent="18">
      <mem type="allocate" free="382720" total="1048576" percent="36" />
      <mem type="survivor" free="0" total="1048576" percent="0" />
    </mem>
    <mem type="tenure" free="2054208600" total="2090532864" percent="98">
      <mem type="soa" free="1949682776" total="1986007040" percent="98" />
      <mem type="loa" free="104525824" total="104525824" percent="100" />
    </mem>
    <pending-finalizers system="0" default="0" reference="2" classloader="0" />
    <remembered-set count="206" />
  </mem-info>
</gc-end>
<cycle-end id="2822" type="scavenge" contextid="2816" timestamp="2019-06-17T03:12:54.369" />
  <attribute name="elasticGC enabled" value="1" />
  <attribute name= "numThreadsSpecified" value="4" />
  <attribute name="heapSize specified" value="8388608" />
  <attribute name="Current GC Util" value="12" />
  <attribute name= "Current Time Running" value="12937" />
  <attribute name ="GC Interval" value="200" />
  <attribute name="ProportionalT" value="-12.000000" />
  <attribute name="ProportionalI" value="-12.000000" />
  <attribute name="ProportionalH" value="-12.000000" />
  <attribute name="Current Error" value="-8.000000" />
  <attribute name="IntegralT" value="-48.000000" />
  <attribute name="IntegralI" value="-48.000000" />
  <attribute name="IntegralH" value="-48.000000" />
  <attribute name="DerivativeT" value="-5.750000" />
  <attribute name="DerivativeI" value="-5.750000" />
  <attribute name="DerivativeH" value="-5.750000" />
  <attribute name="Loop Time for DT" value="6.000000" />
  <attribute name="Output H" value="2092630016"/>
  <attribute name="Output I" value="200"/>
  <attribute name="Output T" value="4"/>
  <attribute name="Target GC Util Change" value ="20.000000" />
  <attribute name="Current GC Util Change" value="12.000000"/>
  <attribute name="GC Util currently" value="12" />
  <attribute name="CPU Util currently" value="799507434457" />
<allocation-satisfied id="2823" threadId="00000000013F2400" bytesRequested="56" />
<af-end id="2824" timestamp="2019-06-17T03:12:54.369" threadId="00000000013F2D88" success="true" from="nursery"/>
<exclusive-end id="2825" timestamp="2019-06-17T03:12:54.369" durationms="2.682" />

<exclusive-start id="2826" timestamp="2019-06-17T03:12:54.371" intervalms="4.901">
  <response-info timems="0.210" idlems="0.210" threads="0" lastid="00000000013E6C00" lastname="PmdThread 1" />
</exclusive-start>
<af-start id="2827" threadId="00000000013E7588" totalBytesRequested="432" timestamp="2019-06-17T03:12:54.371" intervalms="4.941" type="nursery" />
<cycle-start id="2828" type="scavenge" contextid="0" timestamp="2019-06-17T03:12:54.371" intervalms="4.966" />
<gc-start id="2829" type="scavenge" contextid="2828" timestamp="2019-06-17T03:12:54.371">
  <mem-info id="2830" free="2054208600" total="2092630016" percent="98">
    <mem type="nursery" free="0" total="2097152" percent="0">
      <mem type="allocate" free="0" total="1048576" percent="0" />
      <mem type="survivor" free="0" total="1048576" percent="0" />
    </mem>
    <mem type="tenure" free="2054208600" total="2090532864" percent="98">
      <mem type="soa" free="1949682776" total="1986007040" percent="98" />
      <mem type="loa" free="104525824" total="104525824" percent="100" />
    </mem>
    <remembered-set count="409" />
  </mem-info>
</gc-start>
<allocation-stats totalBytes="380720" >
  <allocated-bytes non-tlh="56" tlh="380664" />
  <largest-consumer threadName="PmdThread 1" threadId="00000000013E6C00" bytes="352896" />
</allocation-stats>
<gc-op id="2831" type="scavenge" timems="1.211" contextid="2828" timestamp="2019-06-17T03:12:54.373">
  <scavenger-info tenureage="2" tenuremask="7ffc" tiltratio="50" />
  <memory-copied type="nursery" objects="19671" bytes="557216" bytesdiscarded="108632" />
  <memory-copied type="tenure" objects="11" bytes="936" bytesdiscarded="0" />
  <references type="weak" candidates="15" cleared="15" enqueued="15" />
</gc-op>
<gc-end id="2832" type="scavenge" contextid="2828" durationms="1.415" usertimems="0.000" systemtimems="0.000" timestamp="2019-06-17T03:12:54.373" activeThreads="4">
  <mem-info id="2833" free="2054787928" total="2092630016" percent="98">
    <mem type="nursery" free="579328" total="2097152" percent="27">
      <mem type="allocate" free="579328" total="1245184" percent="46" />
      <mem type="survivor" free="0" total="851968" percent="0" />
    </mem>
    <mem type="tenure" free="2054208600" total="2090532864" percent="98">
      <mem type="soa" free="1949682776" total="1986007040" percent="98" />
      <mem type="loa" free="104525824" total="104525824" percent="100" />
    </mem>
    <pending-finalizers system="0" default="0" reference="15" classloader="0" />
    <remembered-set count="170" />
  </mem-info>
</gc-end>
<cycle-end id="2834" type="scavenge" contextid="2828" timestamp="2019-06-17T03:12:54.373" />
  <attribute name="elasticGC enabled" value="1" />
  <attribute name= "numThreadsSpecified" value="4" />
  <attribute name="heapSize specified" value="8388608" />
  <attribute name="Current GC Util" value="38" />
  <attribute name= "Current Time Running" value="12941" />
  <attribute name ="GC Interval" value="200" />
  <attribute name="ProportionalT" value="27.000000" />
  <attribute name="ProportionalI" value="27.000000" />
  <attribute name="ProportionalH" value="27.000000" />
  <attribute name="Current Error" value="18.000000" />
  <attribute name="IntegralT" value="72.000000" />
  <attribute name="IntegralI" value="72.000000" />
  <attribute name="IntegralH" value="72.000000" />
  <attribute name="DerivativeT" value="6.750000" />
  <attribute name="DerivativeI" value="6.750000" />
  <attribute name="DerivativeH" value="6.750000" />
  <attribute name="Loop Time for DT" value="4.000000" />
  <attribute name="Output H" value="8388608"/>
  <attribute name="Output I" value="200"/>
  <attribute name="Output T" value="4"/>
  <attribute name="Target GC Util Change" value ="20.000000" />
  <attribute name="Current GC Util Change" value="38.000000"/>
  <attribute name="GC Util currently" value="38" />
  <attribute name="CPU Util currently" value="1019513337939" />
<allocation-satisfied id="2835" threadId="00000000013E6C00" bytesRequested="432" />
<af-end id="2836" timestamp="2019-06-17T03:12:54.373" threadId="00000000013E7588" success="true" from="nursery"/>
<exclusive-end id="2837" timestamp="2019-06-17T03:12:54.373" durationms="2.207" />

<exclusive-start id="2838" timestamp="2019-06-17T03:12:54.376" intervalms="4.700">
  <response-info timems="0.364" idlems="0.364" threads="0" lastid="00000000013F6000" lastname="PmdThread 4" />
</exclusive-start>
<af-start id="2839" threadId="00000000013F6988" totalBytesRequested="984" timestamp="2019-06-17T03:12:54.376" intervalms="4.688" type="nursery" />
<cycle-start id="2840" type="scavenge" contextid="0" timestamp="2019-06-17T03:12:54.376" intervalms="4.681" />
<gc-start id="2841" type="scavenge" contextid="2840" timestamp="2019-06-17T03:12:54.376">
  <mem-info id="2842" free="2054208600" total="2092630016" percent="98">
    <mem type="nursery" free="0" total="2097152" percent="0">
      <mem type="allocate" free="0" total="1245184" percent="0" />
      <mem type="survivor" free="0" total="851968" percent="0" />
    </mem>
    <mem type="tenure" free="2054208600" total="2090532864" percent="98">
      <mem type="soa" free="1949682776" total="1986007040" percent="98" />
      <mem type="loa" free="104525824" total="104525824" percent="100" />
    </mem>
    <remembered-set count="226" />
  </mem-info>
</gc-start>
<allocation-stats totalBytes="577384" >
  <allocated-bytes non-tlh="49616" tlh="527768" />
  <largest-consumer threadName="PmdThread 4" threadId="00000000013F6000" bytes="388528" />
</allocation-stats>
<gc-op id="2843" type="scavenge" timems="1.361" contextid="2840" timestamp="2019-06-17T03:12:54.378">
  <scavenger-info tenureage="1" tenuremask="7ffe" tiltratio="59" />
  <memory-copied type="nursery" objects="1231" bytes="108088" bytesdiscarded="104144" />
  <memory-copied type="tenure" objects="19625" bytes="554416" bytesdiscarded="304" />
  <references type="weak" candidates="82" cleared="82" enqueued="82" />
</gc-op>
<gc-end id="2844" type="scavenge" contextid="2840" durationms="1.587" usertimems="4.000" systemtimems="0.000" timestamp="2019-06-17T03:12:54.378" activeThreads="4">
  <mem-info id="2845" free="2054824272" total="2092630016" percent="98">
    <mem type="nursery" free="1164024" total="2097152" percent="55">
      <mem type="allocate" free="1164024" total="1376256" percent="84" />
      <mem type="survivor" free="0" total="720896" percent="0" />
    </mem>
    <mem type="tenure" free="2053660248" total="2090532864" percent="98">
      <mem type="soa" free="1949134424" total="1986007040" percent="98" />
      <mem type="loa" free="104525824" total="104525824" percent="100" />
    </mem>
    <pending-finalizers system="0" default="0" reference="82" classloader="0" />
    <remembered-set count="118" />
  </mem-info>
</gc-end>
<cycle-end id="2846" type="scavenge" contextid="2840" timestamp="2019-06-17T03:12:54.378" />
  <attribute name="elasticGC enabled" value="1" />
  <attribute name= "numThreadsSpecified" value="4" />
  <attribute name="heapSize specified" value="8388608" />
  <attribute name="Current GC Util" value="35" />
  <attribute name= "Current Time Running" value="12946" />
  <attribute name ="GC Interval" value="200" />
  <attribute name="ProportionalT" value="22.500000" />
  <attribute name="ProportionalI" value="22.500000" />
  <attribute name="ProportionalH" value="22.500000" />
  <attribute name="Current Error" value="15.000000" />
  <attribute name="IntegralT" value="75.000000" />
  <attribute name="IntegralI" value="75.000000" />
  <attribute name="IntegralH" value="75.000000" />
  <attribute name="DerivativeT" value="-0.900000" />
  <attribute name="DerivativeI" value="-0.900000" />
  <attribute name="DerivativeH" value="-0.900000" />
  <attribute name="Loop Time for DT" value="5.000000" />
  <attribute name="Output H" value="8388608"/>
  <attribute name="Output I" value="200"/>
  <attribute name="Output T" value="4"/>
  <attribute name="Target GC Util Change" value ="20.000000" />
  <attribute name="Current GC Util Change" value="35.000000"/>
  <attribute name="GC Util currently" value="35" />
  <attribute name="CPU Util currently" value="983149521022" />
<allocation-satisfied id="2847" threadId="00000000013F6000" bytesRequested="984" />
<af-end id="2848" timestamp="2019-06-17T03:12:54.378" threadId="00000000013F6988" success="true" from="nursery"/>
<exclusive-end id="2849" timestamp="2019-06-17T03:12:54.378" durationms="2.248" />

<exclusive-start id="2850" timestamp="2019-06-17T03:12:54.381" intervalms="4.981">
  <response-info timems="0.043" idlems="0.043" threads="0" lastid="00000000013E6C00" lastname="PmdThread 1" />
</exclusive-start>
<af-start id="2851" threadId="00000000013E7588" totalBytesRequested="24" timestamp="2019-06-17T03:12:54.381" intervalms="4.938" type="nursery" />
<cycle-start id="2852" type="scavenge" contextid="0" timestamp="2019-06-17T03:12:54.381" intervalms="4.897" />
<gc-start id="2853" type="scavenge" contextid="2852" timestamp="2019-06-17T03:12:54.381">
  <mem-info id="2854" free="2053660248" total="2092630016" percent="98">
    <mem type="nursery" free="0" total="2097152" percent="0">
      <mem type="allocate" free="0" total="1376256" percent="0" />
      <mem type="survivor" free="0" total="720896" percent="0" />
    </mem>
    <mem type="tenure" free="2053660248" total="2090532864" percent="98">
      <mem type="soa" free="1949134424" total="1986007040" percent="98" />
      <mem type="loa" free="104525824" total="104525824" percent="100" />
    </mem>
    <remembered-set count="178" />
  </mem-info>
</gc-start>
<allocation-stats totalBytes="1163568" >
  <allocated-bytes non-tlh="984" tlh="1162584" />
  <largest-consumer threadName="PmdThread 1" threadId="00000000013E6C00" bytes="560792" />
</allocation-stats>
<gc-op id="2855" type="scavenge" timems="0.666" contextid="2852" timestamp="2019-06-17T03:12:54.382">
  <scavenger-info tenureage="2" tenuremask="7ffc" tiltratio="65" />
  <memory-copied type="nursery" objects="8663" bytes="352712" bytesdiscarded="124736" />
  <references type="weak" candidates="1" cleared="1" enqueued="1" />
</gc-op>
<gc-end id="2856" type="scavenge" contextid="2852" durationms="0.965" usertimems="0.000" systemtimems="0.000" timestamp="2019-06-17T03:12:54.382" activeThreads="4">
  <mem-info id="2857" free="2054559040" total="2092630016" percent="98">
    <mem type="nursery" free="898792" total="2097152" percent="42">
      <mem type="allocate" free="898792" total="1376256" percent="65" />
      <mem type="survivor" free="0" total="720896" percent="0" />
    </mem>
    <mem type="tenure" free="2053660248" total="2090532864" percent="98">
      <mem type="soa" free="1949134424" total="1986007040" percent="98" />
      <mem type="loa" free="104525824" total="104525824" percent="100" />
    </mem>
    <pending-finalizers system="0" default="0" reference="1" classloader="0" />
    <remembered-set count="134" />
  </mem-info>
</gc-end>
<cycle-end id="2858" type="scavenge" contextid="2852" timestamp="2019-06-17T03:12:54.382" />
  <attribute name="elasticGC enabled" value="1" />
  <attribute name= "numThreadsSpecified" value="4" />
  <attribute name="heapSize specified" value="8388608" />
  <attribute name="Current GC Util" value="38" />
  <attribute name= "Current Time Running" value="12951" />
  <attribute name ="GC Interval" value="200" />
  <attribute name="ProportionalT" value="27.000000" />
  <attribute name="ProportionalI" value="27.000000" />
  <attribute name="ProportionalH" value="27.000000" />
  <attribute name="Current Error" value="18.000000" />
  <attribute name="IntegralT" value="90.000000" />
  <attribute name="IntegralI" value="90.000000" />
  <attribute name="IntegralH" value="90.000000" />
  <attribute name="DerivativeT" value="0.900000" />
  <attribute name="DerivativeI" value="0.900000" />
  <attribute name="DerivativeH" value="0.900000" />
  <attribute name="Loop Time for DT" value="5.000000" />
  <attribute name="Output H" value="8388608"/>
  <attribute name="Output I" value="200"/>
  <attribute name="Output T" value="4"/>
  <attribute name="Target GC Util Change" value ="20.000000" />
  <attribute name="Current GC Util Change" value="38.000000"/>
  <attribute name="GC Util currently" value="38" />
  <attribute name="CPU Util currently" value="930164722876" />
<allocation-satisfied id="2859" threadId="00000000013E6C00" bytesRequested="24" />
<af-end id="2860" timestamp="2019-06-17T03:12:54.382" threadId="00000000013E7588" success="true" from="nursery"/>
<exclusive-end id="2861" timestamp="2019-06-17T03:12:54.382" durationms="1.448" />

<exclusive-start id="2862" timestamp="2019-06-17T03:12:54.384" intervalms="3.284">
  <response-info timems="0.071" idlems="0.071" threads="0" lastid="00000000013F2400" lastname="PmdThread 3" />
</exclusive-start>
<af-start id="2863" threadId="00000000013F2D88" totalBytesRequested="40" timestamp="2019-06-17T03:12:54.384" intervalms="3.331" type="nursery" />
<cycle-start id="2864" type="scavenge" contextid="0" timestamp="2019-06-17T03:12:54.384" intervalms="3.353" />
<gc-start id="2865" type="scavenge" contextid="2864" timestamp="2019-06-17T03:12:54.384">
  <mem-info id="2866" free="2053660248" total="2092630016" percent="98">
    <mem type="nursery" free="0" total="2097152" percent="0">
      <mem type="allocate" free="0" total="1376256" percent="0" />
      <mem type="survivor" free="0" total="720896" percent="0" />
    </mem>
    <mem type="tenure" free="2053660248" total="2090532864" percent="98">
      <mem type="soa" free="1949134424" total="1986007040" percent="98" />
      <mem type="loa" free="104525824" total="104525824" percent="100" />
    </mem>
    <remembered-set count="181" />
  </mem-info>
</gc-start>
<allocation-stats totalBytes="898432" >
  <allocated-bytes non-tlh="24" tlh="898408" />
  <largest-consumer threadName="PmdThread 3" threadId="00000000013F2400" bytes="552800" />
</allocation-stats>
<gc-op id="2867" type="scavenge" timems="1.437" contextid="2864" timestamp="2019-06-17T03:12:54.386">
  <scavenger-info tenureage="2" tenuremask="7ffc" tiltratio="65" />
  <memory-copied type="nursery" objects="17572" bytes="570328" bytesdiscarded="150544" />
  <memory-copied type="tenure" objects="977" bytes="100328" bytesdiscarded="0" />
  <references type="weak" candidates="3" cleared="3" enqueued="3" />
  <references type="phantom" candidates="1" cleared="1" enqueued="1" />
</gc-op>
<gc-end id="2868" type="scavenge" contextid="2864" durationms="1.784" usertimems="4.000" systemtimems="0.000" timestamp="2019-06-17T03:12:54.386" activeThreads="4">
  <mem-info id="2869" free="2054104384" total="2092630016" percent="98">
    <mem type="nursery" free="524288" total="2097152" percent="25">
      <mem type="allocate" free="524288" total="1245184" percent="42" />
      <mem type="survivor" free="0" total="851968" percent="0" />
    </mem>
    <mem type="tenure" free="2053580096" total="2090532864" percent="98">
      <mem type="soa" free="1949054272" total="1986007040" percent="98" />
      <mem type="loa" free="104525824" total="104525824" percent="100" />
    </mem>
    <pending-finalizers system="0" default="0" reference="4" classloader="0" />
    <remembered-set count="183" />
  </mem-info>
</gc-end>
<cycle-end id="2870" type="scavenge" contextid="2864" timestamp="2019-06-17T03:12:54.386" />
  <attribute name="elasticGC enabled" value="1" />
  <attribute name= "numThreadsSpecified" value="4" />
  <attribute name="heapSize specified" value="8388608" />
  <attribute name="Current GC Util" value="34" />
  <attribute name= "Current Time Running" value="12954" />
  <attribute name ="GC Interval" value="200" />
  <attribute name="ProportionalT" value="21.000000" />
  <attribute name="ProportionalI" value="21.000000" />
  <attribute name="ProportionalH" value="21.000000" />
  <attribute name="Current Error" value="14.000000" />
  <attribute name="IntegralT" value="42.000000" />
  <attribute name="IntegralI" value="42.000000" />
  <attribute name="IntegralH" value="42.000000" />
  <attribute name="DerivativeT" value="-2.000000" />
  <attribute name="DerivativeI" value="-2.000000" />
  <attribute name="DerivativeH" value="-2.000000" />
  <attribute name="Loop Time for DT" value="3.000000" />
  <attribute name="Output H" value="8388608"/>
  <attribute name="Output I" value="200"/>
  <attribute name="Output T" value="4"/>
  <attribute name="Target GC Util Change" value ="20.000000" />
  <attribute name="Current GC Util Change" value="34.000000"/>
  <attribute name="GC Util currently" value="34" />
  <attribute name="CPU Util currently" value="1421852889013" />
<allocation-satisfied id="2871" threadId="00000000013F2400" bytesRequested="40" />
<af-end id="2872" timestamp="2019-06-17T03:12:54.386" threadId="00000000013F2D88" success="true" from="nursery"/>
<exclusive-end id="2873" timestamp="2019-06-17T03:12:54.386" durationms="2.446" />

<exclusive-start id="2874" timestamp="2019-06-17T03:12:54.389" intervalms="5.386">
  <response-info timems="0.073" idlems="0.073" threads="0" lastid="00000000013F6000" lastname="PmdThread 4" />
</exclusive-start>
<af-start id="2875" threadId="00000000013F6988" totalBytesRequested="936" timestamp="2019-06-17T03:12:54.390" intervalms="5.456" type="nursery" />
<cycle-start id="2876" type="scavenge" contextid="0" timestamp="2019-06-17T03:12:54.390" intervalms="5.503" />
<gc-start id="2877" type="scavenge" contextid="2876" timestamp="2019-06-17T03:12:54.390">
  <mem-info id="2878" free="2053580096" total="2092630016" percent="98">
    <mem type="nursery" free="0" total="2097152" percent="0">
      <mem type="allocate" free="0" total="1245184" percent="0" />
      <mem type="survivor" free="0" total="851968" percent="0" />
    </mem>
    <mem type="tenure" free="2053580096" total="2090532864" percent="98">
      <mem type="soa" free="1949054272" total="1986007040" percent="98" />
      <mem type="loa" free="104525824" total="104525824" percent="100" />
    </mem>
    <remembered-set count="690" />
  </mem-info>
</gc-start>
<allocation-stats totalBytes="518808" >
  <allocated-bytes non-tlh="32824" tlh="485984" />
  <largest-consumer threadName="PmdThread 3" threadId="00000000013F2400" bytes="245760" />
</allocation-stats>
<gc-op id="2879" type="scavenge" timems="1.711" contextid="2876" timestamp="2019-06-17T03:12:54.392">
  <scavenger-info tenureage="1" tenuremask="7ffe" tiltratio="59" />
  <memory-copied type="nursery" objects="5379" bytes="231512" bytesdiscarded="75432" />
  <memory-copied type="tenure" objects="17538" bytes="567320" bytesdiscarded="224" />
  <references type="weak" candidates="17" cleared="17" enqueued="17" />
  <references type="phantom" candidates="1" cleared="0" enqueued="0" />
</gc-op>
<gc-end id="2880" type="scavenge" contextid="2876" durationms="2.564" usertimems="4.000" systemtimems="0.000" timestamp="2019-06-17T03:12:54.392" activeThreads="4">
  <mem-info id="2881" free="2054035504" total="2092630016" percent="98">
    <mem type="nursery" free="1003760" total="2097152" percent="47">
      <mem type="allocate" free="1003760" total="1310720" percent="76" />
      <mem type="survivor" free="0" total="786432" percent="0" />
    </mem>
    <mem type="tenure" free="2053031744" total="2090532864" percent="98">
      <mem type="soa" free="1948505920" total="1986007040" percent="98" />
      <mem type="loa" free="104525824" total="104525824" percent="100" />
    </mem>
    <pending-finalizers system="0" default="0" reference="17" classloader="0" />
    <remembered-set count="707" />
  </mem-info>
</gc-end>
<cycle-end id="2882" type="scavenge" contextid="2876" timestamp="2019-06-17T03:12:54.392" />
  <attribute name="elasticGC enabled" value="1" />
  <attribute name= "numThreadsSpecified" value="4" />
  <attribute name="heapSize specified" value="8388608" />
  <attribute name="Current GC Util" value="34" />
  <attribute name= "Current Time Running" value="12960" />
  <attribute name ="GC Interval" value="200" />
  <attribute name="ProportionalT" value="21.000000" />
  <attribute name="ProportionalI" value="21.000000" />
  <attribute name="ProportionalH" value="21.000000" />
  <attribute name="Current Error" value="14.000000" />
  <attribute name="IntegralT" value="84.000000" />
  <attribute name="IntegralI" value="84.000000" />
  <attribute name="IntegralH" value="84.000000" />
  <attribute name="DerivativeT" value="0.000000" />
  <attribute name="DerivativeI" value="0.000000" />
  <attribute name="DerivativeH" value="0.000000" />
  <attribute name="Loop Time for DT" value="6.000000" />
  <attribute name="Output H" value="8388608"/>
  <attribute name="Output I" value="200"/>
  <attribute name="Output T" value="4"/>
  <attribute name="Target GC Util Change" value ="20.000000" />
  <attribute name="Current GC Util Change" value="34.000000"/>
  <attribute name="GC Util currently" value="34" />
  <attribute name="CPU Util currently" value="817484946523" />
<allocation-satisfied id="2883" threadId="00000000013F6000" bytesRequested="936" />
<af-end id="2884" timestamp="2019-06-17T03:12:54.393" threadId="00000000013F6988" success="true" from="nursery"/>
<exclusive-end id="2885" timestamp="2019-06-17T03:12:54.393" durationms="3.519" />

<exclusive-start id="2886" timestamp="2019-06-17T03:12:54.396" intervalms="6.670">
  <response-info timems="0.073" idlems="0.073" threads="0" lastid="00000000013F2400" lastname="PmdThread 3" />
</exclusive-start>
<af-start id="2887" threadId="00000000013F2D88" totalBytesRequested="32" timestamp="2019-06-17T03:12:54.396" intervalms="6.651" type="nursery" />
<cycle-start id="2888" type="scavenge" contextid="0" timestamp="2019-06-17T03:12:54.396" intervalms="6.652" />
<gc-start id="2889" type="scavenge" contextid="2888" timestamp="2019-06-17T03:12:54.396">
  <mem-info id="2890" free="2053031744" total="2092630016" percent="98">
    <mem type="nursery" free="0" total="2097152" percent="0">
      <mem type="allocate" free="0" total="1310720" percent="0" />
      <mem type="survivor" free="0" total="786432" percent="0" />
    </mem>
    <mem type="tenure" free="2053031744" total="2090532864" percent="98">
      <mem type="soa" free="1948505920" total="1986007040" percent="98" />
      <mem type="loa" free="104525824" total="104525824" percent="100" />
    </mem>
    <remembered-set count="926" />
  </mem-info>
</gc-start>
<allocation-stats totalBytes="1001224" >
  <allocated-bytes non-tlh="33720" tlh="967504" />
  <largest-consumer threadName="PmdThread 1" threadId="00000000013E6C00" bytes="323480" />
</allocation-stats>
<gc-op id="2891" type="scavenge" timems="0.606" contextid="2888" timestamp="2019-06-17T03:12:54.397">
  <scavenger-info tenureage="1" tenuremask="7ffe" tiltratio="62" />
  <memory-copied type="nursery" objects="4473" bytes="235800" bytesdiscarded="146680" />
  <memory-copied type="tenure" objects="5312" bytes="226776" bytesdiscarded="616" />
  <references type="weak" candidates="30" cleared="30" enqueued="30" />
  <references type="phantom" candidates="1" cleared="0" enqueued="0" />
</gc-op>
<gc-end id="2892" type="scavenge" contextid="2888" durationms="1.114" usertimems="0.000" systemtimems="4.000" timestamp="2019-06-17T03:12:54.398" activeThreads="4">
  <mem-info id="2893" free="2053752096" total="2092630016" percent="98">
    <mem type="nursery" free="993776" total="2097152" percent="47">
      <mem type="allocate" free="993776" total="1376256" percent="72" />
      <mem type="survivor" free="0" total="720896" percent="0" />
    </mem>
    <mem type="tenure" free="2052758320" total="2090532864" percent="98">
      <mem type="soa" free="1948232496" total="1986007040" percent="98" />
      <mem type="loa" free="104525824" total="104525824" percent="100" />
    </mem>
    <pending-finalizers system="0" default="0" reference="30" classloader="0" />
    <remembered-set count="207" />
  </mem-info>
</gc-end>
<cycle-end id="2894" type="scavenge" contextid="2888" timestamp="2019-06-17T03:12:54.398" />
  <attribute name="elasticGC enabled" value="1" />
  <attribute name= "numThreadsSpecified" value="4" />
  <attribute name="heapSize specified" value="8388608" />
  <attribute name="Current GC Util" value="32" />
  <attribute name= "Current Time Running" value="12967" />
  <attribute name ="GC Interval" value="200" />
  <attribute name="ProportionalT" value="18.000000" />
  <attribute name="ProportionalI" value="18.000000" />
  <attribute name="ProportionalH" value="18.000000" />
  <attribute name="Current Error" value="12.000000" />
  <attribute name="IntegralT" value="84.000000" />
  <attribute name="IntegralI" value="84.000000" />
  <attribute name="IntegralH" value="84.000000" />
  <attribute name="DerivativeT" value="-0.428571" />
  <attribute name="DerivativeI" value="-0.428571" />
  <attribute name="DerivativeH" value="-0.428571" />
  <attribute name="Loop Time for DT" value="7.000000" />
  <attribute name="Output H" value="8388608"/>
  <attribute name="Output I" value="200"/>
  <attribute name="Output T" value="4"/>
  <attribute name="Target GC Util Change" value ="20.000000" />
  <attribute name="Current GC Util Change" value="32.000000"/>
  <attribute name="GC Util currently" value="32" />
  <attribute name="CPU Util currently" value="685855061331" />
<allocation-satisfied id="2895" threadId="00000000013F2400" bytesRequested="32" />
<af-end id="2896" timestamp="2019-06-17T03:12:54.398" threadId="00000000013F2D88" success="true" from="nursery"/>
<exclusive-end id="2897" timestamp="2019-06-17T03:12:54.398" durationms="1.996" />

<exclusive-start id="2898" timestamp="2019-06-17T03:12:54.400" intervalms="3.554">
  <response-info timems="0.081" idlems="0.045" threads="1" lastid="00000000013EA800" lastname="PmdThread 2" />
</exclusive-start>
<af-start id="2899" threadId="00000000013F6988" totalBytesRequested="920" timestamp="2019-06-17T03:12:54.400" intervalms="3.523" type="nursery" />
<cycle-start id="2900" type="scavenge" contextid="0" timestamp="2019-06-17T03:12:54.400" intervalms="3.524" />
<gc-start id="2901" type="scavenge" contextid="2900" timestamp="2019-06-17T03:12:54.400">
  <mem-info id="2902" free="2052758320" total="2092630016" percent="98">
    <mem type="nursery" free="0" total="2097152" percent="0">
      <mem type="allocate" free="0" total="1376256" percent="0" />
      <mem type="survivor" free="0" total="720896" percent="0" />
    </mem>
    <mem type="tenure" free="2052758320" total="2090532864" percent="98">
      <mem type="soa" free="1948232496" total="1986007040" percent="98" />
      <mem type="loa" free="104525824" total="104525824" percent="100" />
    </mem>
    <remembered-set count="403" />
  </mem-info>
</gc-start>
<allocation-stats totalBytes="991128" >
  <allocated-bytes non-tlh="32" tlh="991096" />
  <largest-consumer threadName="PmdThread 3" threadId="00000000013F2400" bytes="600456" />
</allocation-stats>
<gc-op id="2903" type="scavenge" timems="0.501" contextid="2900" timestamp="2019-06-17T03:12:54.401">
  <scavenger-info tenureage="1" tenuremask="7ffe" tiltratio="65" />
  <memory-copied type="nursery" objects="2270" bytes="73968" bytesdiscarded="144128" />
  <memory-copied type="tenure" objects="4016" bytes="219560" bytesdiscarded="368" />
  <references type="weak" candidates="22" cleared="22" enqueued="22" />
</gc-op>
<gc-end id="2904" type="scavenge" contextid="2900" durationms="0.865" usertimems="0.000" systemtimems="0.000" timestamp="2019-06-17T03:12:54.401" activeThreads="4">
  <mem-info id="2905" free="2053874720" total="2092630016" percent="98">
    <mem type="nursery" free="1289216" total="2097152" percent="61">
      <mem type="allocate" free="1289216" total="1507328" percent="85" />
      <mem type="survivor" free="0" total="589824" percent="0" />
    </mem>
    <mem type="tenure" free="2052585504" total="2090532864" percent="98">
      <mem type="soa" free="1948059680" total="1986007040" percent="98" />
      <mem type="loa" free="104525824" total="104525824" percent="100" />
    </mem>
    <pending-finalizers system="0" default="0" reference="22" classloader="0" />
    <remembered-set count="439" />
  </mem-info>
</gc-end>
<cycle-end id="2906" type="scavenge" contextid="2900" timestamp="2019-06-17T03:12:54.401" />
  <attribute name="elasticGC enabled" value="1" />
  <attribute name= "numThreadsSpecified" value="4" />
  <attribute name="heapSize specified" value="8388608" />
  <attribute name="Current GC Util" value="45" />
  <attribute name= "Current Time Running" value="12970" />
  <attribute name ="GC Interval" value="200" />
  <attribute name="ProportionalT" value="37.500000" />
  <attribute name="ProportionalI" value="37.500000" />
  <attribute name="ProportionalH" value="37.500000" />
  <attribute name="Current Error" value="25.000000" />
  <attribute name="IntegralT" value="75.000000" />
  <attribute name="IntegralI" value="75.000000" />
  <attribute name="IntegralH" value="75.000000" />
  <attribute name="DerivativeT" value="6.500000" />
  <attribute name="DerivativeI" value="6.500000" />
  <attribute name="DerivativeH" value="6.500000" />
  <attribute name="Loop Time for DT" value="3.000000" />
  <attribute name="Output H" value="8388608"/>
  <attribute name="Output I" value="200"/>
  <attribute name="Output T" value="4"/>
  <attribute name="Target GC Util Change" value ="20.000000" />
  <attribute name="Current GC Util Change" value="45.000000"/>
  <attribute name="GC Util currently" value="45" />
  <attribute name="CPU Util currently" value="1313447060187" />
<allocation-satisfied id="2907" threadId="00000000013F6000" bytesRequested="920" />
<af-end id="2908" timestamp="2019-06-17T03:12:54.401" threadId="00000000013F6988" success="true" from="nursery"/>
<exclusive-end id="2909" timestamp="2019-06-17T03:12:54.401" durationms="1.574" />

<exclusive-start id="2910" timestamp="2019-06-17T03:12:54.403" intervalms="3.804">
  <response-info timems="0.141" idlems="0.141" threads="0" lastid="00000000013F2400" lastname="PmdThread 3" />
</exclusive-start>
<af-start id="2911" threadId="00000000013F2D88" totalBytesRequested="32" timestamp="2019-06-17T03:12:54.404" intervalms="3.804" type="nursery" />
<cycle-start id="2912" type="scavenge" contextid="0" timestamp="2019-06-17T03:12:54.404" intervalms="3.804" />
<gc-start id="2913" type="scavenge" contextid="2912" timestamp="2019-06-17T03:12:54.404">
  <mem-info id="2914" free="2052585504" total="2092630016" percent="98">
    <mem type="nursery" free="0" total="2097152" percent="0">
      <mem type="allocate" free="0" total="1507328" percent="0" />
      <mem type="survivor" free="0" total="589824" percent="0" />
    </mem>
    <mem type="tenure" free="2052585504" total="2090532864" percent="98">
      <mem type="soa" free="1948059680" total="1986007040" percent="98" />
      <mem type="loa" free="104525824" total="104525824" percent="100" />
    </mem>
    <remembered-set count="964" />
  </mem-info>
</gc-start>
<allocation-stats totalBytes="1288096" >
  <allocated-bytes non-tlh="920" tlh="1287176" />
  <largest-consumer threadName="PmdThread 3" threadId="00000000013F2400" bytes="706528" />
</allocation-stats>
<gc-op id="2915" type="scavenge" timems="0.464" contextid="2912" timestamp="2019-06-17T03:12:54.405">
  <scavenger-info tenureage="2" tenuremask="7ffc" tiltratio="71" />
  <memory-copied type="nursery" objects="3847" bytes="120384" bytesdiscarded="75424" />
  <references type="weak" candidates="62" cleared="62" enqueued="62" />
</gc-op>
<gc-end id="2916" type="scavenge" contextid="2912" durationms="0.998" usertimems="0.000" systemtimems="0.000" timestamp="2019-06-17T03:12:54.405" activeThreads="4">
  <mem-info id="2917" free="2053962528" total="2092630016" percent="98">
    <mem type="nursery" free="1377024" total="2097152" percent="65">
      <mem type="allocate" free="1377024" total="1572864" percent="87" />
      <mem type="survivor" free="0" total="524288" percent="0" />
    </mem>
    <mem type="tenure" free="2052585504" total="2090532864" percent="98">
      <mem type="soa" free="1948059680" total="1986007040" percent="98" />
      <mem type="loa" free="104525824" total="104525824" percent="100" />
    </mem>
    <pending-finalizers system="0" default="0" reference="62" classloader="0" />
    <remembered-set count="849" />
  </mem-info>
</gc-end>
<cycle-end id="2918" type="scavenge" contextid="2912" timestamp="2019-06-17T03:12:54.405" />
  <attribute name="elasticGC enabled" value="1" />
  <attribute name= "numThreadsSpecified" value="4" />
  <attribute name="heapSize specified" value="8388608" />
  <attribute name="Current GC Util" value="31" />
  <attribute name= "Current Time Running" value="12974" />
  <attribute name ="GC Interval" value="200" />
  <attribute name="ProportionalT" value="16.500000" />
  <attribute name="ProportionalI" value="16.500000" />
  <attribute name="ProportionalH" value="16.500000" />
  <attribute name="Current Error" value="11.000000" />
  <attribute name="IntegralT" value="44.000000" />
  <attribute name="IntegralI" value="44.000000" />
  <attribute name="IntegralH" value="44.000000" />
  <attribute name="DerivativeT" value="-5.250000" />
  <attribute name="DerivativeI" value="-5.250000" />
  <attribute name="DerivativeH" value="-5.250000" />
  <attribute name="Loop Time for DT" value="4.000000" />
  <attribute name="Output H" value="8388608"/>
  <attribute name="Output I" value="200"/>
  <attribute name="Output T" value="4"/>
  <attribute name="Target GC Util Change" value ="20.000000" />
  <attribute name="Current GC Util Change" value="31.000000"/>
  <attribute name="GC Util currently" value="31" />
  <attribute name="CPU Util currently" value="1206763675680" />
<allocation-satisfied id="2919" threadId="00000000013F2400" bytesRequested="32" />
<af-end id="2920" timestamp="2019-06-17T03:12:54.405" threadId="00000000013F2D88" success="true" from="nursery"/>
<exclusive-end id="2921" timestamp="2019-06-17T03:12:54.405" durationms="1.817" />

<exclusive-start id="2922" timestamp="2019-06-17T03:12:54.410" intervalms="6.426">
  <response-info timems="0.073" idlems="0.038" threads="1" lastid="00000000013E6C00" lastname="PmdThread 1" />
</exclusive-start>
<af-start id="2923" threadId="00000000013F6988" totalBytesRequested="760" timestamp="2019-06-17T03:12:54.410" intervalms="6.419" type="nursery" />
<cycle-start id="2924" type="scavenge" contextid="0" timestamp="2019-06-17T03:12:54.410" intervalms="6.786" />
<gc-start id="2925" type="scavenge" contextid="2924" timestamp="2019-06-17T03:12:54.411">
  <mem-info id="2926" free="2052585240" total="2092630016" percent="98">
    <mem type="nursery" free="0" total="2097152" percent="0">
      <mem type="allocate" free="0" total="1572864" percent="0" />
      <mem type="survivor" free="0" total="524288" percent="0" />
    </mem>
    <mem type="tenure" free="2052585240" total="2090532864" percent="98">
      <mem type="soa" free="1948059416" total="1986007040" percent="98" />
      <mem type="loa" free="104525824" total="104525824" percent="100" />
    </mem>
    <remembered-set count="1042" />
  </mem-info>
</gc-start>
<allocation-stats totalBytes="1375952" >
  <allocated-bytes non-tlh="296" tlh="1375656" />
  <largest-consumer threadName="PmdThread 3" threadId="00000000013F2400" bytes="647752" />
</allocation-stats>
<gc-op id="2927" type="scavenge" timems="0.426" contextid="2924" timestamp="2019-06-17T03:12:54.411">
  <scavenger-info tenureage="3" tenuremask="7ff8" tiltratio="75" />
  <memory-copied type="nursery" objects="4716" bytes="232872" bytesdiscarded="154136" />
  <references type="weak" candidates="38" cleared="38" enqueued="38" />
  <references type="phantom" candidates="3" cleared="3" enqueued="3" />
</gc-op>
<gc-end id="2928" type="scavenge" contextid="2924" durationms="0.611" usertimems="0.000" systemtimems="0.000" timestamp="2019-06-17T03:12:54.411" activeThreads="4">
  <mem-info id="2929" free="2053771040" total="2092630016" percent="98">
    <mem type="nursery" free="1185800" total="2097152" percent="56">
      <mem type="allocate" free="1185800" total="1572864" percent="75" />
      <mem type="survivor" free="0" total="524288" percent="0" />
    </mem>
    <mem type="tenure" free="2052585240" total="2090532864" percent="98">
      <mem type="soa" free="1948059416" total="1986007040" percent="98" />
      <mem type="loa" free="104525824" total="104525824" percent="100" />
    </mem>
    <pending-finalizers system="0" default="0" reference="41" classloader="0" />
    <remembered-set count="940" />
  </mem-info>
</gc-end>
<cycle-end id="2930" type="scavenge" contextid="2924" timestamp="2019-06-17T03:12:54.411" />
  <attribute name="elasticGC enabled" value="1" />
  <attribute name= "numThreadsSpecified" value="4" />
  <attribute name="heapSize specified" value="8388608" />
  <attribute name="Current GC Util" value="12" />
  <attribute name= "Current Time Running" value="12980" />
  <attribute name ="GC Interval" value="200" />
  <attribute name="ProportionalT" value="-12.000000" />
  <attribute name="ProportionalI" value="-12.000000" />
  <attribute name="ProportionalH" value="-12.000000" />
  <attribute name="Current Error" value="-8.000000" />
  <attribute name="IntegralT" value="-48.000000" />
  <attribute name="IntegralI" value="-48.000000" />
  <attribute name="IntegralH" value="-48.000000" />
  <attribute name="DerivativeT" value="-4.750000" />
  <attribute name="DerivativeI" value="-4.750000" />
  <attribute name="DerivativeH" value="-4.750000" />
  <attribute name="Loop Time for DT" value="6.000000" />
  <attribute name="Output H" value="2092630016"/>
  <attribute name="Output I" value="200"/>
  <attribute name="Output T" value="4"/>
  <attribute name="Target GC Util Change" value ="20.000000" />
  <attribute name="Current GC Util Change" value="12.000000"/>
  <attribute name="GC Util currently" value="12" />
  <attribute name="CPU Util currently" value="698144870576" />
<allocation-satisfied id="2931" threadId="00000000013F6000" bytesRequested="760" />
<af-end id="2932" timestamp="2019-06-17T03:12:54.411" threadId="00000000013F6988" success="true" from="nursery"/>
<exclusive-end id="2933" timestamp="2019-06-17T03:12:54.412" durationms="1.747" />

<exclusive-start id="2934" timestamp="2019-06-17T03:12:54.416" intervalms="6.499">
  <response-info timems="0.350" idlems="0.330" threads="1" lastid="00000000013F6000" lastname="PmdThread 4" />
</exclusive-start>
<af-start id="2935" threadId="00000000013E7588" totalBytesRequested="16" timestamp="2019-06-17T03:12:54.416" intervalms="6.484" type="nursery" />
<cycle-start id="2936" type="scavenge" contextid="0" timestamp="2019-06-17T03:12:54.417" intervalms="6.087" />
<gc-start id="2937" type="scavenge" contextid="2936" timestamp="2019-06-17T03:12:54.417">
  <mem-info id="2938" free="2052585168" total="2092630016" percent="98">
    <mem type="nursery" free="0" total="2097152" percent="0">
      <mem type="allocate" free="0" total="1572864" percent="0" />
      <mem type="survivor" free="0" total="524288" percent="0" />
    </mem>
    <mem type="tenure" free="2052585168" total="2090532864" percent="98">
      <mem type="soa" free="1948059344" total="1986007040" percent="98" />
      <mem type="loa" free="104525824" total="104525824" percent="100" />
    </mem>
    <remembered-set count="1811" />
  </mem-info>
</gc-start>
<allocation-stats totalBytes="1183688" >
  <allocated-bytes non-tlh="17224" tlh="1166464" />
  <largest-consumer threadName="PmdThread 1" threadId="00000000013E6C00" bytes="597912" />
</allocation-stats>
<gc-op id="2939" type="scavenge" timems="0.647" contextid="2936" timestamp="2019-06-17T03:12:54.417">
  <scavenger-info tenureage="3" tenuremask="7ff8" tiltratio="75" />
  <memory-copied type="nursery" objects="3159" bytes="178544" bytesdiscarded="119688" />
  <memory-copied type="tenure" objects="2171" bytes="69624" bytesdiscarded="656" />
  <references type="weak" candidates="41" cleared="41" enqueued="41" />
  <references type="phantom" candidates="1" cleared="0" enqueued="0" />
</gc-op>
<gc-end id="2940" type="scavenge" contextid="2936" durationms="0.949" usertimems="0.000" systemtimems="0.000" timestamp="2019-06-17T03:12:54.418" activeThreads="4">
  <mem-info id="2941" free="2053855408" total="2092630016" percent="98">
    <mem type="nursery" free="1340128" total="2097152" percent="63">
      <mem type="allocate" free="1340128" total="1638400" percent="81" />
      <mem type="survivor" free="0" total="458752" percent="0" />
    </mem>
    <mem type="tenure" free="2052515280" total="2090532864" percent="98">
      <mem type="soa" free="1947989456" total="1986007040" percent="98" />
      <mem type="loa" free="104525824" total="104525824" percent="100" />
    </mem>
    <pending-finalizers system="0" default="0" reference="41" classloader="0" />
    <remembered-set count="704" />
  </mem-info>
</gc-end>
<cycle-end id="2942" type="scavenge" contextid="2936" timestamp="2019-06-17T03:12:54.418" />
  <attribute name="elasticGC enabled" value="1" />
  <attribute name= "numThreadsSpecified" value="4" />
  <attribute name="heapSize specified" value="8388608" />
  <attribute name="Current GC Util" value="16" />
  <attribute name= "Current Time Running" value="12987" />
  <attribute name ="GC Interval" value="200" />
  <attribute name="ProportionalT" value="-6.000000" />
  <attribute name="ProportionalI" value="-6.000000" />
  <attribute name="ProportionalH" value="-6.000000" />
  <attribute name="Current Error" value="-4.000000" />
  <attribute name="IntegralT" value="-28.000000" />
  <attribute name="IntegralI" value="-28.000000" />
  <attribute name="IntegralH" value="-28.000000" />
  <attribute name="DerivativeT" value="-0.857143" />
  <attribute name="DerivativeI" value="-0.857143" />
  <attribute name="DerivativeH" value="-0.857143" />
  <attribute name="Loop Time for DT" value="7.000000" />
  <attribute name="Output H" value="2092630016"/>
  <attribute name="Output I" value="200"/>
  <attribute name="Output T" value="4"/>
  <attribute name="Target GC Util Change" value ="20.000000" />
  <attribute name="Current GC Util Change" value="16.000000"/>
  <attribute name="GC Util currently" value="16" />
  <attribute name="CPU Util currently" value="749640556568" />
<allocation-satisfied id="2943" threadId="00000000013E6C00" bytesRequested="16" />
<af-end id="2944" timestamp="2019-06-17T03:12:54.418" threadId="00000000013E7588" success="true" from="nursery"/>
<exclusive-end id="2945" timestamp="2019-06-17T03:12:54.418" durationms="1.594" />

<exclusive-start id="2946" timestamp="2019-06-17T03:12:54.422" intervalms="5.575">
  <response-info timems="0.073" idlems="0.041" threads="2" lastid="00000000010DDF00" lastname="JIT Compilation Thread-1" />
</exclusive-start>
<af-start id="2947" threadId="00000000013E7588" totalBytesRequested="16" timestamp="2019-06-17T03:12:54.422" intervalms="5.592" type="nursery" />
<cycle-start id="2948" type="scavenge" contextid="0" timestamp="2019-06-17T03:12:54.422" intervalms="5.597" />
<gc-start id="2949" type="scavenge" contextid="2948" timestamp="2019-06-17T03:12:54.422">
  <mem-info id="2950" free="2052515280" total="2092630016" percent="98">
    <mem type="nursery" free="0" total="2097152" percent="0">
      <mem type="allocate" free="0" total="1638400" percent="0" />
      <mem type="survivor" free="0" total="458752" percent="0" />
    </mem>
    <mem type="tenure" free="2052515280" total="2090532864" percent="98">
      <mem type="soa" free="1947989456" total="1986007040" percent="98" />
      <mem type="loa" free="104525824" total="104525824" percent="100" />
    </mem>
    <remembered-set count="1179" />
  </mem-info>
</gc-start>
<allocation-stats totalBytes="1336920" >
  <allocated-bytes non-tlh="16" tlh="1336904" />
  <largest-consumer threadName="PmdThread 4" threadId="00000000013F6000" bytes="1074872" />
</allocation-stats>
<gc-op id="2951" type="scavenge" timems="0.482" contextid="2948" timestamp="2019-06-17T03:12:54.423">
  <scavenger-info tenureage="3" tenuremask="7ff8" tiltratio="78" />
  <memory-copied type="nursery" objects="3611" bytes="198216" bytesdiscarded="55784" />
  <memory-copied type="tenure" objects="1464" bytes="42384" bytesdiscarded="0" />
  <references type="weak" candidates="124" cleared="123" enqueued="123" />
</gc-op>
<gc-end id="2952" type="scavenge" contextid="2948" durationms="0.806" usertimems="0.000" systemtimems="0.000" timestamp="2019-06-17T03:12:54.423" activeThreads="4">
  <mem-info id="2953" free="2053768328" total="2092630016" percent="98">
    <mem type="nursery" free="1384376" total="2097152" percent="66">
      <mem type="allocate" free="1384376" total="1638400" percent="84" />
      <mem type="survivor" free="0" total="458752" percent="0" />
    </mem>
    <mem type="tenure" free="2052383952" total="2090532864" percent="98">
      <mem type="soa" free="1947858128" total="1986007040" percent="98" />
      <mem type="loa" free="104525824" total="104525824" percent="100" />
    </mem>
    <pending-finalizers system="0" default="0" reference="123" classloader="0" />
    <remembered-set count="212" />
  </mem-info>
</gc-end>
<cycle-end id="2954" type="scavenge" contextid="2948" timestamp="2019-06-17T03:12:54.423" />
  <attribute name="elasticGC enabled" value="1" />
  <attribute name= "numThreadsSpecified" value="4" />
  <attribute name="heapSize specified" value="8388608" />
  <attribute name="Current GC Util" value="21" />
  <attribute name= "Current Time Running" value="12992" />
  <attribute name ="GC Interval" value="200" />
  <attribute name="ProportionalT" value="1.500000" />
  <attribute name="ProportionalI" value="1.500000" />
  <attribute name="ProportionalH" value="1.500000" />
  <attribute name="Current Error" value="1.000000" />
  <attribute name="IntegralT" value="5.000000" />
  <attribute name="IntegralI" value="5.000000" />
  <attribute name="IntegralH" value="5.000000" />
  <attribute name="DerivativeT" value="0.300000" />
  <attribute name="DerivativeI" value="0.300000" />
  <attribute name="DerivativeH" value="0.300000" />
  <attribute name="Loop Time for DT" value="5.000000" />
  <attribute name="Output H" value="8388608"/>
  <attribute name="Output I" value="200"/>
  <attribute name="Output T" value="4"/>
  <attribute name="Target GC Util Change" value ="20.000000" />
  <attribute name="Current GC Util Change" value="21.000000"/>
  <attribute name="GC Util currently" value="21" />
  <attribute name="CPU Util currently" value="820255720120" />
<allocation-satisfied id="2955" threadId="00000000013E6C00" bytesRequested="16" />
<af-end id="2956" timestamp="2019-06-17T03:12:54.423" threadId="00000000013E7588" success="true" from="nursery"/>
<exclusive-end id="2957" timestamp="2019-06-17T03:12:54.423" durationms="1.561" />

<exclusive-start id="2958" timestamp="2019-06-17T03:12:54.427" intervalms="5.342">
  <response-info timems="0.063" idlems="0.063" threads="0" lastid="00000000013F6000" lastname="PmdThread 4" />
</exclusive-start>
<af-start id="2959" threadId="00000000013F6988" totalBytesRequested="56" timestamp="2019-06-17T03:12:54.427" intervalms="5.319" type="nursery" />
<cycle-start id="2960" type="scavenge" contextid="0" timestamp="2019-06-17T03:12:54.427" intervalms="5.310" />
<gc-start id="2961" type="scavenge" contextid="2960" timestamp="2019-06-17T03:12:54.428">
  <mem-info id="2962" free="2052383952" total="2092630016" percent="98">
    <mem type="nursery" free="0" total="2097152" percent="0">
      <mem type="allocate" free="0" total="1638400" percent="0" />
      <mem type="survivor" free="0" total="458752" percent="0" />
    </mem>
    <mem type="tenure" free="2052383952" total="2090532864" percent="98">
      <mem type="soa" free="1947858128" total="1986007040" percent="98" />
      <mem type="loa" free="104525824" total="104525824" percent="100" />
    </mem>
    <remembered-set count="506" />
  </mem-info>
</gc-start>
<allocation-stats totalBytes="1381960" >
  <allocated-bytes non-tlh="16" tlh="1381944" />
  <largest-consumer threadName="PmdThread 4" threadId="00000000013F6000" bytes="1295944" />
</allocation-stats>
<gc-op id="2963" type="scavenge" timems="0.412" contextid="2960" timestamp="2019-06-17T03:12:54.428">
  <scavenger-info tenureage="3" tenuremask="7ff8" tiltratio="78" />
  <memory-copied type="nursery" objects="3308" bytes="188240" bytesdiscarded="104952" />
  <memory-copied type="tenure" objects="422" bytes="13216" bytesdiscarded="0" />
  <references type="weak" candidates="167" cleared="167" enqueued="167" />
</gc-op>
<gc-end id="2964" type="scavenge" contextid="2960" durationms="0.643" usertimems="0.000" systemtimems="0.000" timestamp="2019-06-17T03:12:54.428" activeThreads="4">
  <mem-info id="2965" free="2053794696" total="2092630016" percent="98">
    <mem type="nursery" free="1410744" total="2097152" percent="67">
      <mem type="allocate" free="1410744" total="1703936" percent="82" />
      <mem type="survivor" free="0" total="393216" percent="0" />
    </mem>
    <mem type="tenure" free="2052383952" total="2090532864" percent="98">
      <mem type="soa" free="1947858128" total="1986007040" percent="98" />
      <mem type="loa" free="104525824" total="104525824" percent="100" />
    </mem>
    <pending-finalizers system="0" default="0" reference="167" classloader="0" />
    <remembered-set count="104" />
  </mem-info>
</gc-end>
<cycle-end id="2966" type="scavenge" contextid="2960" timestamp="2019-06-17T03:12:54.428" />
  <attribute name="elasticGC enabled" value="1" />
  <attribute name= "numThreadsSpecified" value="4" />
  <attribute name="heapSize specified" value="8388608" />
  <attribute name="Current GC Util" value="21" />
  <attribute name= "Current Time Running" value="12997" />
  <attribute name ="GC Interval" value="200" />
  <attribute name="ProportionalT" value="1.500000" />
  <attribute name="ProportionalI" value="1.500000" />
  <attribute name="ProportionalH" value="1.500000" />
  <attribute name="Current Error" value="1.000000" />
  <attribute name="IntegralT" value="5.000000" />
  <attribute name="IntegralI" value="5.000000" />
  <attribute name="IntegralH" value="5.000000" />
  <attribute name="DerivativeT" value="0.000000" />
  <attribute name="DerivativeI" value="0.000000" />
  <attribute name="DerivativeH" value="0.000000" />
  <attribute name="Loop Time for DT" value="5.000000" />
  <attribute name="Output H" value="8388608"/>
  <attribute name="Output I" value="200"/>
  <attribute name="Output T" value="4"/>
  <attribute name="Target GC Util Change" value ="20.000000" />
  <attribute name="Current GC Util Change" value="21.000000"/>
  <attribute name="GC Util currently" value="21" />
  <attribute name="CPU Util currently" value="891758619233" />
<allocation-satisfied id="2967" threadId="00000000013F6000" bytesRequested="56" />
<af-end id="2968" timestamp="2019-06-17T03:12:54.428" threadId="00000000013F6988" success="true" from="nursery"/>
<exclusive-end id="2969" timestamp="2019-06-17T03:12:54.429" durationms="1.348" />

<exclusive-start id="2970" timestamp="2019-06-17T03:12:54.433" intervalms="5.395">
  <response-info timems="0.305" idlems="0.305" threads="0" lastid="00000000013EA800" lastname="PmdThread 2" />
</exclusive-start>
<af-start id="2971" threadId="00000000013EB188" totalBytesRequested="64" timestamp="2019-06-17T03:12:54.433" intervalms="5.461" type="nursery" />
<cycle-start id="2972" type="scavenge" contextid="0" timestamp="2019-06-17T03:12:54.433" intervalms="5.623" />
<gc-start id="2973" type="scavenge" contextid="2972" timestamp="2019-06-17T03:12:54.433">
  <mem-info id="2974" free="2052383784" total="2092630016" percent="98">
    <mem type="nursery" free="0" total="2097152" percent="0">
      <mem type="allocate" free="0" total="1703936" percent="0" />
      <mem type="survivor" free="0" total="393216" percent="0" />
    </mem>
    <mem type="tenure" free="2052383784" total="2090532864" percent="98">
      <mem type="soa" free="1947857960" total="1986007040" percent="98" />
      <mem type="loa" free="104525824" total="104525824" percent="100" />
    </mem>
    <remembered-set count="543" />
  </mem-info>
</gc-start>
<allocation-stats totalBytes="1406632" >
  <allocated-bytes non-tlh="224" tlh="1406408" />
  <largest-consumer threadName="PmdThread 4" threadId="00000000013F6000" bytes="1259088" />
</allocation-stats>
<gc-op id="2975" type="scavenge" timems="1.247" contextid="2972" timestamp="2019-06-17T03:12:54.435">
  <scavenger-info tenureage="3" tenuremask="7ff8" tiltratio="81" />
  <memory-copied type="nursery" objects="2450" bytes="87408" bytesdiscarded="69248" />
  <memory-copied type="tenure" objects="1038" bytes="106136" bytesdiscarded="32" />
  <references type="weak" candidates="136" cleared="136" enqueued="136" />
</gc-op>
<gc-end id="2976" type="scavenge" contextid="2972" durationms="1.787" usertimems="4.000" systemtimems="0.000" timestamp="2019-06-17T03:12:54.435" activeThreads="4">
  <mem-info id="2977" free="2053852848" total="2092630016" percent="98">
    <mem type="nursery" free="1547264" total="2097152" percent="73">
      <mem type="allocate" free="1547264" total="1703936" percent="90" />
      <mem type="survivor" free="0" total="393216" percent="0" />
    </mem>
    <mem type="tenure" free="2052305584" total="2090532864" percent="98">
      <mem type="soa" free="1947779760" total="1986007040" percent="98" />
      <mem type="loa" free="104525824" total="104525824" percent="100" />
    </mem>
    <pending-finalizers system="0" default="0" reference="136" classloader="0" />
    <remembered-set count="178" />
  </mem-info>
</gc-end>
<cycle-end id="2978" type="scavenge" contextid="2972" timestamp="2019-06-17T03:12:54.435" />
  <attribute name="elasticGC enabled" value="1" />
  <attribute name= "numThreadsSpecified" value="4" />
  <attribute name="heapSize specified" value="8388608" />
  <attribute name="Current GC Util" value="18" />
  <attribute name= "Current Time Running" value="13003" />
  <attribute name ="GC Interval" value="200" />
  <attribute name="ProportionalT" value="-3.000000" />
  <attribute name="ProportionalI" value="-3.000000" />
  <attribute name="ProportionalH" value="-3.000000" />
  <attribute name="Current Error" value="-2.000000" />
  <attribute name="IntegralT" value="-12.000000" />
  <attribute name="IntegralI" value="-12.000000" />
  <attribute name="IntegralH" value="-12.000000" />
  <attribute name="DerivativeT" value="-0.750000" />
  <attribute name="DerivativeI" value="-0.750000" />
  <attribute name="DerivativeH" value="-0.750000" />
  <attribute name="Loop Time for DT" value="6.000000" />
  <attribute name="Output H" value="2092630016"/>
  <attribute name="Output I" value="200"/>
  <attribute name="Output T" value="4"/>
  <attribute name="Target GC Util Change" value ="20.000000" />
  <attribute name="Current GC Util Change" value="18.000000"/>
  <attribute name="GC Util currently" value="18" />
  <attribute name="CPU Util currently" value="795642440160" />
<allocation-satisfied id="2979" threadId="00000000013EA800" bytesRequested="64" />
<af-end id="2980" timestamp="2019-06-17T03:12:54.435" threadId="00000000013EB188" success="true" from="nursery"/>
<exclusive-end id="2981" timestamp="2019-06-17T03:12:54.435" durationms="2.640" />

<exclusive-start id="2982" timestamp="2019-06-17T03:12:54.440" intervalms="7.588">
  <response-info timems="0.273" idlems="0.273" threads="0" lastid="00000000013E6C00" lastname="PmdThread 1" />
</exclusive-start>
<af-start id="2983" threadId="00000000013E7588" totalBytesRequested="24" timestamp="2019-06-17T03:12:54.440" intervalms="7.577" type="nursery" />
<cycle-start id="2984" type="scavenge" contextid="0" timestamp="2019-06-17T03:12:54.441" intervalms="7.455" />
<gc-start id="2985" type="scavenge" contextid="2984" timestamp="2019-06-17T03:12:54.441">
  <mem-info id="2986" free="2052305584" total="2092630016" percent="98">
    <mem type="nursery" free="0" total="2097152" percent="0">
      <mem type="allocate" free="0" total="1703936" percent="0" />
      <mem type="survivor" free="0" total="393216" percent="0" />
    </mem>
    <mem type="tenure" free="2052305584" total="2090532864" percent="98">
      <mem type="soa" free="1947779760" total="1986007040" percent="98" />
      <mem type="loa" free="104525824" total="104525824" percent="100" />
    </mem>
    <remembered-set count="472" />
  </mem-info>
</gc-start>
<allocation-stats totalBytes="1544328" >
  <allocated-bytes non-tlh="64" tlh="1544264" />
  <largest-consumer threadName="PmdThread 4" threadId="00000000013F6000" bytes="1288328" />
</allocation-stats>
<gc-op id="2987" type="scavenge" timems="0.829" contextid="2984" timestamp="2019-06-17T03:12:54.442">
  <scavenger-info tenureage="4" tenuremask="fff0" tiltratio="81" />
  <memory-copied type="nursery" objects="2760" bytes="102312" bytesdiscarded="93512" />
  <references type="weak" candidates="220" cleared="220" enqueued="220" />
  <references type="phantom" candidates="2" cleared="2" enqueued="2" />
</gc-op>
<gc-end id="2988" type="scavenge" contextid="2984" durationms="1.167" usertimems="4.000" systemtimems="0.000" timestamp="2019-06-17T03:12:54.442" activeThreads="4">
  <mem-info id="2989" free="2053879216" total="2092630016" percent="98">
    <mem type="nursery" free="1573632" total="2097152" percent="75">
      <mem type="allocate" free="1573632" total="1769472" percent="88" />
      <mem type="survivor" free="0" total="327680" percent="0" />
    </mem>
    <mem type="tenure" free="2052305584" total="2090532864" percent="98">
      <mem type="soa" free="1947779760" total="1986007040" percent="98" />
      <mem type="loa" free="104525824" total="104525824" percent="100" />
    </mem>
    <pending-finalizers system="0" default="0" reference="222" classloader="0" />
    <remembered-set count="189" />
  </mem-info>
</gc-end>
<cycle-end id="2990" type="scavenge" contextid="2984" timestamp="2019-06-17T03:12:54.442" />
  <attribute name="elasticGC enabled" value="1" />
  <attribute name= "numThreadsSpecified" value="4" />
  <attribute name="heapSize specified" value="8388608" />
  <attribute name="Current GC Util" value="24" />
  <attribute name= "Current Time Running" value="13011" />
  <attribute name ="GC Interval" value="200" />
  <attribute name="ProportionalT" value="6.000000" />
  <attribute name="ProportionalI" value="6.000000" />
  <attribute name="ProportionalH" value="6.000000" />
  <attribute name="Current Error" value="4.000000" />
  <attribute name="IntegralT" value="32.000000" />
  <attribute name="IntegralI" value="32.000000" />
  <attribute name="IntegralH" value="32.000000" />
  <attribute name="DerivativeT" value="0.750000" />
  <attribute name="DerivativeI" value="0.750000" />
  <attribute name="DerivativeH" value="0.750000" />
  <attribute name="Loop Time for DT" value="8.000000" />
  <attribute name="Output H" value="8388608"/>
  <attribute name="Output I" value="200"/>
  <attribute name="Output T" value="4"/>
  <attribute name="Target GC Util Change" value ="20.000000" />
  <attribute name="Current GC Util Change" value="24.000000"/>
  <attribute name="GC Util currently" value="24" />
  <attribute name="CPU Util currently" value="618310725428" />
<allocation-satisfied id="2991" threadId="00000000013E6C00" bytesRequested="24" />
<af-end id="2992" timestamp="2019-06-17T03:12:54.442" threadId="00000000013E7588" success="true" from="nursery"/>
<exclusive-end id="2993" timestamp="2019-06-17T03:12:54.442" durationms="2.055" />

<exclusive-start id="2994" timestamp="2019-06-17T03:12:54.453" intervalms="13.215">
  <response-info timems="0.101" idlems="0.052" threads="1" lastid="00000000013F2400" lastname="PmdThread 3" />
</exclusive-start>
<af-start id="2995" threadId="00000000013F6988" totalBytesRequested="1096" timestamp="2019-06-17T03:12:54.454" intervalms="13.200" type="nursery" />
<cycle-start id="2996" type="scavenge" contextid="0" timestamp="2019-06-17T03:12:54.454" intervalms="13.273" />
<gc-start id="2997" type="scavenge" contextid="2996" timestamp="2019-06-17T03:12:54.454">
  <mem-info id="2998" free="2052304088" total="2092630016" percent="98">
    <mem type="nursery" free="0" total="2097152" percent="0">
      <mem type="allocate" free="0" total="1769472" percent="0" />
      <mem type="survivor" free="0" total="327680" percent="0" />
    </mem>
    <mem type="tenure" free="2052304088" total="2090532864" percent="98">
      <mem type="soa" free="1947778264" total="1986007040" percent="98" />
      <mem type="loa" free="104525824" total="104525824" percent="100" />
    </mem>
    <remembered-set count="556" />
  </mem-info>
</gc-start>
<allocation-stats totalBytes="1572608" >
  <allocated-bytes non-tlh="1520" tlh="1571088" />
  <largest-consumer threadName="PmdThread 3" threadId="00000000013F2400" bytes="674640" />
</allocation-stats>
<gc-op id="2999" type="scavenge" timems="0.847" contextid="2996" timestamp="2019-06-17T03:12:54.455">
  <scavenger-info tenureage="4" tenuremask="7ff0" tiltratio="84" />
  <memory-copied type="nursery" objects="771" bytes="47056" bytesdiscarded="171040" />
  <memory-copied type="tenure" objects="1713" bytes="63024" bytesdiscarded="0" />
  <references type="weak" candidates="62" cleared="62" enqueued="62" />
</gc-op>
<gc-end id="3000" type="scavenge" contextid="2996" durationms="1.283" usertimems="0.000" systemtimems="0.000" timestamp="2019-06-17T03:12:54.455" activeThreads="4">
  <mem-info id="3001" free="2053881816" total="2092630016" percent="98">
    <mem type="nursery" free="1616896" total="2097152" percent="77">
      <mem type="allocate" free="1616896" total="1835008" percent="88" />
      <mem type="survivor" free="0" total="262144" percent="0" />
    </mem>
    <mem type="tenure" free="2052264920" total="2090532864" percent="98">
      <mem type="soa" free="1947739096" total="1986007040" percent="98" />
      <mem type="loa" free="104525824" total="104525824" percent="100" />
    </mem>
    <pending-finalizers system="0" default="0" reference="62" classloader="0" />
    <remembered-set count="252" />
  </mem-info>
</gc-end>
<cycle-end id="3002" type="scavenge" contextid="2996" timestamp="2019-06-17T03:12:54.455" />
  <attribute name="elasticGC enabled" value="1" />
  <attribute name= "numThreadsSpecified" value="4" />
  <attribute name="heapSize specified" value="8388608" />
  <attribute name="Current GC Util" value="13" />
  <attribute name= "Current Time Running" value="13024" />
  <attribute name ="GC Interval" value="200" />
  <attribute name="ProportionalT" value="-10.500000" />
  <attribute name="ProportionalI" value="-10.500000" />
  <attribute name="ProportionalH" value="-10.500000" />
  <attribute name="Current Error" value="-7.000000" />
  <attribute name="IntegralT" value="-91.000000" />
  <attribute name="IntegralI" value="-91.000000" />
  <attribute name="IntegralH" value="-91.000000" />
  <attribute name="DerivativeT" value="-1.269231" />
  <attribute name="DerivativeI" value="-1.269231" />
  <attribute name="DerivativeH" value="-1.269231" />
  <attribute name="Loop Time for DT" value="13.000000" />
  <attribute name="Output H" value="2092630016"/>
  <attribute name="Output I" value="200"/>
  <attribute name="Output T" value="4"/>
  <attribute name="Target GC Util Change" value ="20.000000" />
  <attribute name="Current GC Util Change" value="13.000000"/>
  <attribute name="GC Util currently" value="13" />
  <attribute name="CPU Util currently" value="344942449597" />
<allocation-satisfied id="3003" threadId="00000000013F6000" bytesRequested="1096" />
<af-end id="3004" timestamp="2019-06-17T03:12:54.456" threadId="00000000013F6988" success="true" from="nursery"/>
<exclusive-end id="3005" timestamp="2019-06-17T03:12:54.456" durationms="2.267" />

<exclusive-start id="3006" timestamp="2019-06-17T03:12:54.460" intervalms="6.396">
  <response-info timems="0.213" idlems="0.213" threads="0" lastid="00000000013F6000" lastname="PmdThread 4" />
</exclusive-start>
<af-start id="3007" threadId="00000000013F6988" totalBytesRequested="32" timestamp="2019-06-17T03:12:54.460" intervalms="6.366" type="nursery" />
<cycle-start id="3008" type="scavenge" contextid="0" timestamp="2019-06-17T03:12:54.460" intervalms="6.274" />
<gc-start id="3009" type="scavenge" contextid="3008" timestamp="2019-06-17T03:12:54.461">
  <mem-info id="3010" free="2052264920" total="2092630016" percent="98">
    <mem type="nursery" free="0" total="2097152" percent="0">
      <mem type="allocate" free="0" total="1835008" percent="0" />
      <mem type="survivor" free="0" total="262144" percent="0" />
    </mem>
    <mem type="tenure" free="2052264920" total="2090532864" percent="98">
      <mem type="soa" free="1947739096" total="1986007040" percent="98" />
      <mem type="loa" free="104525824" total="104525824" percent="100" />
    </mem>
    <remembered-set count="593" />
  </mem-info>
</gc-start>
<allocation-stats totalBytes="1611976" >
  <allocated-bytes non-tlh="1096" tlh="1610880" />
  <largest-consumer threadName="PmdThread 4" threadId="00000000013F6000" bytes="1611976" />
</allocation-stats>
<gc-op id="3011" type="scavenge" timems="0.769" contextid="3008" timestamp="2019-06-17T03:12:54.461">
  <scavenger-info tenureage="6" tenuremask="7fc0" tiltratio="87" />
  <memory-copied type="nursery" objects="1338" bytes="66104" bytesdiscarded="90544" />
  <references type="weak" candidates="262" cleared="262" enqueued="262" />
</gc-op>
<gc-end id="3012" type="scavenge" contextid="3008" durationms="1.061" usertimems="4.000" systemtimems="0.000" timestamp="2019-06-17T03:12:54.462" activeThreads="4">
  <mem-info id="3013" free="2053943256" total="2092630016" percent="98">
    <mem type="nursery" free="1678336" total="2097152" percent="80">
      <mem type="allocate" free="1678336" total="1835008" percent="91" />
      <mem type="survivor" free="0" total="262144" percent="0" />
    </mem>
    <mem type="tenure" free="2052264920" total="2090532864" percent="98">
      <mem type="soa" free="1947739096" total="1986007040" percent="98" />
      <mem type="loa" free="104525824" total="104525824" percent="100" />
    </mem>
    <pending-finalizers system="0" default="0" reference="262" classloader="0" />
    <remembered-set count="249" />
  </mem-info>
</gc-end>
<cycle-end id="3014" type="scavenge" contextid="3008" timestamp="2019-06-17T03:12:54.462" />
  <attribute name="elasticGC enabled" value="1" />
  <attribute name= "numThreadsSpecified" value="4" />
  <attribute name="heapSize specified" value="8388608" />
  <attribute name="Current GC Util" value="22" />
  <attribute name= "Current Time Running" value="13031" />
  <attribute name ="GC Interval" value="200" />
  <attribute name="ProportionalT" value="3.000000" />
  <attribute name="ProportionalI" value="3.000000" />
  <attribute name="ProportionalH" value="3.000000" />
  <attribute name="Current Error" value="2.000000" />
  <attribute name="IntegralT" value="14.000000" />
  <attribute name="IntegralI" value="14.000000" />
  <attribute name="IntegralH" value="14.000000" />
  <attribute name="DerivativeT" value="0.428571" />
  <attribute name="DerivativeI" value="0.428571" />
  <attribute name="DerivativeH" value="0.428571" />
  <attribute name="Loop Time for DT" value="7.000000" />
  <attribute name="Output H" value="8388608"/>
  <attribute name="Output I" value="200"/>
  <attribute name="Output T" value="4"/>
  <attribute name="Target GC Util Change" value ="20.000000" />
  <attribute name="Current GC Util Change" value="22.000000"/>
  <attribute name="GC Util currently" value="22" />
  <attribute name="CPU Util currently" value="709247591637" />
<allocation-satisfied id="3015" threadId="00000000013F6000" bytesRequested="32" />
<af-end id="3016" timestamp="2019-06-17T03:12:54.462" threadId="00000000013F6988" success="true" from="nursery"/>
<exclusive-end id="3017" timestamp="2019-06-17T03:12:54.462" durationms="1.993" />

<exclusive-start id="3018" timestamp="2019-06-17T03:12:54.469" intervalms="8.808">
  <response-info timems="0.174" idlems="0.174" threads="0" lastid="00000000013F6000" lastname="PmdThread 4" />
</exclusive-start>
<af-start id="3019" threadId="00000000013F6988" totalBytesRequested="936" timestamp="2019-06-17T03:12:54.469" intervalms="9.363" type="nursery" />
<cycle-start id="3020" type="scavenge" contextid="0" timestamp="2019-06-17T03:12:54.470" intervalms="9.514" />
<gc-start id="3021" type="scavenge" contextid="3020" timestamp="2019-06-17T03:12:54.470">
  <mem-info id="3022" free="2052264920" total="2092630016" percent="98">
    <mem type="nursery" free="0" total="2097152" percent="0">
      <mem type="allocate" free="0" total="1835008" percent="0" />
      <mem type="survivor" free="0" total="262144" percent="0" />
    </mem>
    <mem type="tenure" free="2052264920" total="2090532864" percent="98">
      <mem type="soa" free="1947739096" total="1986007040" percent="98" />
      <mem type="loa" free="104525824" total="104525824" percent="100" />
    </mem>
    <remembered-set count="318" />
  </mem-info>
</gc-start>
<allocation-stats totalBytes="1677088" >
  <allocated-bytes non-tlh="32" tlh="1677056" />
  <largest-consumer threadName="PmdThread 3" threadId="00000000013F2400" bytes="1396472" />
</allocation-stats>
<gc-op id="3023" type="scavenge" timems="0.603" contextid="3020" timestamp="2019-06-17T03:12:54.470">
  <scavenger-info tenureage="7" tenuremask="7f80" tiltratio="87" />
  <memory-copied type="nursery" objects="919" bytes="54304" bytesdiscarded="165336" />
  <references type="weak" candidates="39" cleared="39" enqueued="39" />
</gc-op>
<gc-end id="3024" type="scavenge" contextid="3020" durationms="1.801" usertimems="0.000" systemtimems="0.000" timestamp="2019-06-17T03:12:54.471" activeThreads="4">
  <mem-info id="3025" free="2053880272" total="2092630016" percent="98">
    <mem type="nursery" free="1615352" total="2097152" percent="77">
      <mem type="allocate" free="1615352" total="1835008" percent="88" />
      <mem type="survivor" free="0" total="262144" percent="0" />
    </mem>
    <mem type="tenure" free="2052264920" total="2090532864" percent="98">
      <mem type="soa" free="1947739096" total="1986007040" percent="98" />
      <mem type="loa" free="104525824" total="104525824" percent="100" />
    </mem>
    <pending-finalizers system="0" default="0" reference="39" classloader="0" />
    <remembered-set count="241" />
  </mem-info>
</gc-end>
<cycle-end id="3026" type="scavenge" contextid="3020" timestamp="2019-06-17T03:12:54.472" />
  <attribute name="elasticGC enabled" value="1" />
  <attribute name= "numThreadsSpecified" value="4" />
  <attribute name="heapSize specified" value="8388608" />
  <attribute name="Current GC Util" value="14" />
  <attribute name= "Current Time Running" value="13040" />
  <attribute name ="GC Interval" value="200" />
  <attribute name="ProportionalT" value="-9.000000" />
  <attribute name="ProportionalI" value="-9.000000" />
  <attribute name="ProportionalH" value="-9.000000" />
  <attribute name="Current Error" value="-6.000000" />
  <attribute name="IntegralT" value="-54.000000" />
  <attribute name="IntegralI" value="-54.000000" />
  <attribute name="IntegralH" value="-54.000000" />
  <attribute name="DerivativeT" value="-1.333333" />
  <attribute name="DerivativeI" value="-1.333333" />
  <attribute name="DerivativeH" value="-1.333333" />
  <attribute name="Loop Time for DT" value="9.000000" />
  <attribute name="Output H" value="2092630016"/>
  <attribute name="Output I" value="200"/>
  <attribute name="Output T" value="4"/>
  <attribute name="Target GC Util Change" value ="20.000000" />
  <attribute name="Current GC Util Change" value="14.000000"/>
  <attribute name="GC Util currently" value="14" />
  <attribute name="CPU Util currently" value="502880309309" />
<allocation-satisfied id="3027" threadId="00000000013F6000" bytesRequested="936" />
<af-end id="3028" timestamp="2019-06-17T03:12:54.472" threadId="00000000013F6988" success="true" from="nursery"/>
<exclusive-end id="3029" timestamp="2019-06-17T03:12:54.472" durationms="3.399" />

<exclusive-start id="3030" timestamp="2019-06-17T03:12:54.475" intervalms="6.025">
  <response-info timems="0.194" idlems="0.194" threads="0" lastid="00000000013F6000" lastname="PmdThread 4" />
</exclusive-start>
<af-start id="3031" threadId="00000000013F6988" totalBytesRequested="1056" timestamp="2019-06-17T03:12:54.475" intervalms="5.651" type="nursery" />
<cycle-start id="3032" type="scavenge" contextid="0" timestamp="2019-06-17T03:12:54.475" intervalms="5.487" />
<gc-start id="3033" type="scavenge" contextid="3032" timestamp="2019-06-17T03:12:54.475">
  <mem-info id="3034" free="2052264920" total="2092630016" percent="98">
    <mem type="nursery" free="0" total="2097152" percent="0">
      <mem type="allocate" free="0" total="1835008" percent="0" />
      <mem type="survivor" free="0" total="262144" percent="0" />
    </mem>
    <mem type="tenure" free="2052264920" total="2090532864" percent="98">
      <mem type="soa" free="1947739096" total="1986007040" percent="98" />
      <mem type="loa" free="104525824" total="104525824" percent="100" />
    </mem>
    <remembered-set count="405" />
  </mem-info>
</gc-start>
<allocation-stats totalBytes="1612072" >
  <allocated-bytes non-tlh="936" tlh="1611136" />
  <largest-consumer threadName="PmdThread 3" threadId="00000000013F2400" bytes="930304" />
</allocation-stats>
<gc-op id="3035" type="scavenge" timems="0.541" contextid="3032" timestamp="2019-06-17T03:12:54.476">
  <scavenger-info tenureage="5" tenuremask="7f20" tiltratio="87" />
  <memory-copied type="nursery" objects="697" bytes="46832" bytesdiscarded="133656" />
  <memory-copied type="tenure" objects="307" bytes="8496" bytesdiscarded="8" />
  <references type="weak" candidates="68" cleared="68" enqueued="68" />
</gc-op>
<gc-end id="3036" type="scavenge" contextid="3032" durationms="1.113" usertimems="4.000" systemtimems="0.000" timestamp="2019-06-17T03:12:54.476" activeThreads="4">
  <mem-info id="3037" free="2053849552" total="2092630016" percent="98">
    <mem type="nursery" free="1654520" total="2097152" percent="78">
      <mem type="allocate" free="1654520" total="1835008" percent="90" />
      <mem type="survivor" free="0" total="262144" percent="0" />
    </mem>
    <mem type="tenure" free="2052195032" total="2090532864" percent="98">
      <mem type="soa" free="1947669208" total="1986007040" percent="98" />
      <mem type="loa" free="104525824" total="104525824" percent="100" />
    </mem>
    <pending-finalizers system="0" default="0" reference="68" classloader="0" />
    <remembered-set count="134" />
  </mem-info>
</gc-end>
<cycle-end id="3038" type="scavenge" contextid="3032" timestamp="2019-06-17T03:12:54.476" />
  <attribute name="elasticGC enabled" value="1" />
  <attribute name= "numThreadsSpecified" value="4" />
  <attribute name="heapSize specified" value="8388608" />
  <attribute name="Current GC Util" value="22" />
  <attribute name= "Current Time Running" value="13045" />
  <attribute name ="GC Interval" value="200" />
  <attribute name="ProportionalT" value="3.000000" />
  <attribute name="ProportionalI" value="3.000000" />
  <attribute name="ProportionalH" value="3.000000" />
  <attribute name="Current Error" value="2.000000" />
  <attribute name="IntegralT" value="10.000000" />
  <attribute name="IntegralI" value="10.000000" />
  <attribute name="IntegralH" value="10.000000" />
  <attribute name="DerivativeT" value="0.600000" />
  <attribute name="DerivativeI" value="0.600000" />
  <attribute name="DerivativeH" value="0.600000" />
  <attribute name="Loop Time for DT" value="5.000000" />
  <attribute name="Output H" value="8388608"/>
  <attribute name="Output I" value="200"/>
  <attribute name="Output T" value="4"/>
  <attribute name="Target GC Util Change" value ="20.000000" />
  <attribute name="Current GC Util Change" value="22.000000"/>
  <attribute name="GC Util currently" value="22" />
  <attribute name="CPU Util currently" value="816530088575" />
<allocation-satisfied id="3039" threadId="00000000013F6000" bytesRequested="1056" />
<af-end id="3040" timestamp="2019-06-17T03:12:54.477" threadId="00000000013F6988" success="true" from="nursery"/>
<exclusive-end id="3041" timestamp="2019-06-17T03:12:54.477" durationms="2.001" />

<exclusive-start id="3042" timestamp="2019-06-17T03:12:54.480" intervalms="5.013">
  <response-info timems="0.173" idlems="0.173" threads="0" lastid="00000000013F6000" lastname="PmdThread 4" />
</exclusive-start>
<af-start id="3043" threadId="00000000013F6988" totalBytesRequested="16" timestamp="2019-06-17T03:12:54.481" intervalms="5.668" type="nursery" />
<cycle-start id="3044" type="scavenge" contextid="0" timestamp="2019-06-17T03:12:54.481" intervalms="5.675" />
<gc-start id="3045" type="scavenge" contextid="3044" timestamp="2019-06-17T03:12:54.481">
  <mem-info id="3046" free="2052195032" total="2092630016" percent="98">
    <mem type="nursery" free="0" total="2097152" percent="0">
      <mem type="allocate" free="0" total="1835008" percent="0" />
      <mem type="survivor" free="0" total="262144" percent="0" />
    </mem>
    <mem type="tenure" free="2052195032" total="2090532864" percent="98">
      <mem type="soa" free="1947669208" total="1986007040" percent="98" />
      <mem type="loa" free="104525824" total="104525824" percent="100" />
    </mem>
    <remembered-set count="246" />
  </mem-info>
</gc-start>
<allocation-stats totalBytes="1653208" >
  <allocated-bytes non-tlh="1056" tlh="1652152" />
  <largest-consumer threadName="PmdThread 3" threadId="00000000013F2400" bytes="990832" />
</allocation-stats>
<gc-op id="3047" type="scavenge" timems="0.492" contextid="3044" timestamp="2019-06-17T03:12:54.482">
  <scavenger-info tenureage="3" tenuremask="ffb8" tiltratio="87" />
  <memory-copied type="nursery" objects="423" bytes="14744" bytesdiscarded="102760" />
  <memory-copied type="tenure" objects="491" bytes="39480" bytesdiscarded="0" />
  <references type="weak" candidates="142" cleared="142" enqueued="142" />
</gc-op>
<gc-end id="3048" type="scavenge" contextid="3044" durationms="1.066" usertimems="0.000" systemtimems="0.000" timestamp="2019-06-17T03:12:54.482" activeThreads="4">
  <mem-info id="3049" free="2053912536" total="2092630016" percent="98">
    <mem type="nursery" free="1717504" total="2097152" percent="81">
      <mem type="allocate" free="1717504" total="1835008" percent="93" />
      <mem type="survivor" free="0" total="262144" percent="0" />
    </mem>
    <mem type="tenure" free="2052195032" total="2090532864" percent="98">
      <mem type="soa" free="1947669208" total="1986007040" percent="98" />
      <mem type="loa" free="104525824" total="104525824" percent="100" />
    </mem>
    <pending-finalizers system="0" default="0" reference="142" classloader="0" />
    <remembered-set count="111" />
  </mem-info>
</gc-end>
<cycle-end id="3050" type="scavenge" contextid="3044" timestamp="2019-06-17T03:12:54.482" />
  <attribute name="elasticGC enabled" value="1" />
  <attribute name= "numThreadsSpecified" value="4" />
  <attribute name="heapSize specified" value="8388608" />
  <attribute name="Current GC Util" value="23" />
  <attribute name= "Current Time Running" value="13051" />
  <attribute name ="GC Interval" value="200" />
  <attribute name="ProportionalT" value="4.500000" />
  <attribute name="ProportionalI" value="4.500000" />
  <attribute name="ProportionalH" value="4.500000" />
  <attribute name="Current Error" value="3.000000" />
  <attribute name="IntegralT" value="18.000000" />
  <attribute name="IntegralI" value="18.000000" />
  <attribute name="IntegralH" value="18.000000" />
  <attribute name="DerivativeT" value="0.250000" />
  <attribute name="DerivativeI" value="0.250000" />
  <attribute name="DerivativeH" value="0.250000" />
  <attribute name="Loop Time for DT" value="6.000000" />
  <attribute name="Output H" value="8388608"/>
  <attribute name="Output I" value="200"/>
  <attribute name="Output T" value="4"/>
  <attribute name="Target GC Util Change" value ="20.000000" />
  <attribute name="Current GC Util Change" value="23.000000"/>
  <attribute name="GC Util currently" value="23" />
  <attribute name="CPU Util currently" value="819831095285" />
<allocation-satisfied id="3051" threadId="00000000013F6000" bytesRequested="16" />
<af-end id="3052" timestamp="2019-06-17T03:12:54.482" threadId="00000000013F6988" success="true" from="nursery"/>
<exclusive-end id="3053" timestamp="2019-06-17T03:12:54.482" durationms="2.516" />

<exclusive-start id="3054" timestamp="2019-06-17T03:12:54.487" intervalms="7.553">
  <response-info timems="0.038" idlems="0.038" threads="0" lastid="00000000013F2400" lastname="PmdThread 3" />
</exclusive-start>
<af-start id="3055" threadId="00000000013F2D88" totalBytesRequested="24" timestamp="2019-06-17T03:12:54.487" intervalms="6.691" type="nursery" />
<cycle-start id="3056" type="scavenge" contextid="0" timestamp="2019-06-17T03:12:54.487" intervalms="6.655" />
<gc-start id="3057" type="scavenge" contextid="3056" timestamp="2019-06-17T03:12:54.488">
  <mem-info id="3058" free="2052195032" total="2092630016" percent="98">
    <mem type="nursery" free="0" total="2097152" percent="0">
      <mem type="allocate" free="0" total="1835008" percent="0" />
      <mem type="survivor" free="0" total="262144" percent="0" />
    </mem>
    <mem type="tenure" free="2052195032" total="2090532864" percent="98">
      <mem type="soa" free="1947669208" total="1986007040" percent="98" />
      <mem type="loa" free="104525824" total="104525824" percent="100" />
    </mem>
    <remembered-set count="247" />
  </mem-info>
</gc-start>
<allocation-stats totalBytes="1715872" >
  <allocated-bytes non-tlh="16" tlh="1715856" />
  <largest-consumer threadName="PmdThread 4" threadId="00000000013F6000" bytes="904984" />
</allocation-stats>
<gc-op id="3059" type="scavenge" timems="0.256" contextid="3056" timestamp="2019-06-17T03:12:54.488">
  <scavenger-info tenureage="3" tenuremask="fe88" tiltratio="87" />
  <memory-copied type="nursery" objects="418" bytes="14576" bytesdiscarded="63760" />
  <references type="weak" candidates="135" cleared="135" enqueued="135" />
</gc-op>
<gc-end id="3060" type="scavenge" contextid="3056" durationms="0.720" usertimems="0.000" systemtimems="0.000" timestamp="2019-06-17T03:12:54.488" activeThreads="4">
  <mem-info id="3061" free="2053951704" total="2092630016" percent="98">
    <mem type="nursery" free="1756672" total="2097152" percent="83">
      <mem type="allocate" free="1756672" total="1835008" percent="95" />
      <mem type="survivor" free="0" total="262144" percent="0" />
    </mem>
    <mem type="tenure" free="2052195032" total="2090532864" percent="98">
      <mem type="soa" free="1947669208" total="1986007040" percent="98" />
      <mem type="loa" free="104525824" total="104525824" percent="100" />
    </mem>
    <pending-finalizers system="0" default="0" reference="135" classloader="0" />
    <remembered-set count="111" />
  </mem-info>
</gc-end>
<cycle-end id="3062" type="scavenge" contextid="3056" timestamp="2019-06-17T03:12:54.488" />
  <attribute name="elasticGC enabled" value="1" />
  <attribute name= "numThreadsSpecified" value="4" />
  <attribute name="heapSize specified" value="8388608" />
  <attribute name="Current GC Util" value="16" />
  <attribute name= "Current Time Running" value="13058" />
  <attribute name ="GC Interval" value="200" />
  <attribute name="ProportionalT" value="-6.000000" />
  <attribute name="ProportionalI" value="-6.000000" />
  <attribute name="ProportionalH" value="-6.000000" />
  <attribute name="Current Error" value="-4.000000" />
  <attribute name="IntegralT" value="-28.000000" />
  <attribute name="IntegralI" value="-28.000000" />
  <attribute name="IntegralH" value="-28.000000" />
  <attribute name="DerivativeT" value="-1.500000" />
  <attribute name="DerivativeI" value="-1.500000" />
  <attribute name="DerivativeH" value="-1.500000" />
  <attribute name="Loop Time for DT" value="7.000000" />
  <attribute name="Output H" value="2092630016"/>
  <attribute name="Output I" value="200"/>
  <attribute name="Output T" value="4"/>
  <attribute name="Target GC Util Change" value ="20.000000" />
  <attribute name="Current GC Util Change" value="16.000000"/>
  <attribute name="GC Util currently" value="16" />
  <attribute name="CPU Util currently" value="707265749108" />
<allocation-satisfied id="3063" threadId="00000000013F2400" bytesRequested="24" />
<af-end id="3064" timestamp="2019-06-17T03:12:54.489" threadId="00000000013F2D88" success="true" from="nursery"/>
<exclusive-end id="3065" timestamp="2019-06-17T03:12:54.489" durationms="1.528" />

<exclusive-start id="3066" timestamp="2019-06-17T03:12:54.495" intervalms="8.001">
  <response-info timems="0.233" idlems="0.200" threads="1" lastid="00000000013F2400" lastname="PmdThread 3" />
</exclusive-start>
<af-start id="3067" threadId="00000000013EB188" totalBytesRequested="56" timestamp="2019-06-17T03:12:54.495" intervalms="8.044" type="nursery" />
<cycle-start id="3068" type="scavenge" contextid="0" timestamp="2019-06-17T03:12:54.495" intervalms="8.091" />
<gc-start id="3069" type="scavenge" contextid="3068" timestamp="2019-06-17T03:12:54.496">
  <mem-info id="3070" free="2052195032" total="2092630016" percent="98">
    <mem type="nursery" free="0" total="2097152" percent="0">
      <mem type="allocate" free="0" total="1835008" percent="0" />
      <mem type="survivor" free="0" total="262144" percent="0" />
    </mem>
    <mem type="tenure" free="2052195032" total="2090532864" percent="98">
      <mem type="soa" free="1947669208" total="1986007040" percent="98" />
      <mem type="loa" free="104525824" total="104525824" percent="100" />
    </mem>
    <remembered-set count="130" />
  </mem-info>
</gc-start>
<allocation-stats totalBytes="1756280" >
  <allocated-bytes non-tlh="98392" tlh="1657888" />
  <largest-consumer threadName="PmdThread 3" threadId="00000000013F2400" bytes="958424" />
</allocation-stats>
<gc-op id="3071" type="scavenge" timems="0.547" contextid="3068" timestamp="2019-06-17T03:12:54.496">
  <scavenger-info tenureage="3" tenuremask="ffe8" tiltratio="87" />
  <memory-copied type="nursery" objects="2567" bytes="224576" bytesdiscarded="37544" />
  <memory-copied type="tenure" objects="2145" bytes="80000" bytesdiscarded="24" />
  <copy-failed type="nursery" objects="2145" bytes="80000" />
  <references type="weak" candidates="8" cleared="8" enqueued="8" />
  <references type="phantom" candidates="1" cleared="0" enqueued="0" />
</gc-op>
<gc-end id="3072" type="scavenge" contextid="3068" durationms="1.022" usertimems="0.000" systemtimems="0.000" timestamp="2019-06-17T03:12:54.497" activeThreads="4">
  <mem-info id="3073" free="2053296344" total="2092630016" percent="98">
    <mem type="nursery" free="1179648" total="2097152" percent="56">
      <mem type="allocate" free="1179648" total="1441792" percent="81" />
      <mem type="survivor" free="0" total="655360" percent="0" />
    </mem>
    <mem type="tenure" free="2052116696" total="2090532864" percent="98">
      <mem type="soa" free="1947590872" total="1986007040" percent="98" />
      <mem type="loa" free="104525824" total="104525824" percent="100" />
    </mem>
    <pending-finalizers system="0" default="0" reference="8" classloader="0" />
    <remembered-set count="1036" />
  </mem-info>
</gc-end>
<cycle-end id="3074" type="scavenge" contextid="3068" timestamp="2019-06-17T03:12:54.497" />
  <attribute name="elasticGC enabled" value="1" />
  <attribute name= "numThreadsSpecified" value="4" />
  <attribute name="heapSize specified" value="8388608" />
  <attribute name="Current GC Util" value="8" />
  <attribute name= "Current Time Running" value="13066" />
  <attribute name ="GC Interval" value="200" />
  <attribute name="ProportionalT" value="-18.000000" />
  <attribute name="ProportionalI" value="-18.000000" />
  <attribute name="ProportionalH" value="-18.000000" />
  <attribute name="Current Error" value="-12.000000" />
  <attribute name="IntegralT" value="-96.000000" />
  <attribute name="IntegralI" value="-96.000000" />
  <attribute name="IntegralH" value="-96.000000" />
  <attribute name="DerivativeT" value="-2.250000" />
  <attribute name="DerivativeI" value="-2.250000" />
  <attribute name="DerivativeH" value="-2.250000" />
  <attribute name="Loop Time for DT" value="8.000000" />
  <attribute name="Output H" value="2092630016"/>
  <attribute name="Output I" value="200"/>
  <attribute name="Output T" value="4"/>
  <attribute name="Target GC Util Change" value ="20.000000" />
  <attribute name="Current GC Util Change" value="8.000000"/>
  <attribute name="GC Util currently" value="8" />
  <attribute name="CPU Util currently" value="568934879803" />
<allocation-satisfied id="3075" threadId="00000000013EA800" bytesRequested="56" />
<af-end id="3076" timestamp="2019-06-17T03:12:54.497" threadId="00000000013EB188" success="true" from="nursery"/>
<exclusive-end id="3077" timestamp="2019-06-17T03:12:54.497" durationms="1.837" />

<exclusive-start id="3078" timestamp="2019-06-17T03:12:54.503" intervalms="7.390">
  <response-info timems="0.059" idlems="0.059" threads="0" lastid="00000000013F6000" lastname="PmdThread 4" />
</exclusive-start>
<af-start id="3079" threadId="00000000013F6988" totalBytesRequested="992" timestamp="2019-06-17T03:12:54.503" intervalms="7.411" type="nursery" />
<cycle-start id="3080" type="scavenge" contextid="0" timestamp="2019-06-17T03:12:54.503" intervalms="7.399" />
<gc-start id="3081" type="scavenge" contextid="3080" timestamp="2019-06-17T03:12:54.503">
  <mem-info id="3082" free="2052115720" total="2092630016" percent="98">
    <mem type="nursery" free="0" total="2097152" percent="0">
      <mem type="allocate" free="0" total="1441792" percent="0" />
      <mem type="survivor" free="0" total="655360" percent="0" />
    </mem>
    <mem type="tenure" free="2052115720" total="2090532864" percent="98">
      <mem type="soa" free="1947589896" total="1986007040" percent="98" />
      <mem type="loa" free="104525824" total="104525824" percent="100" />
    </mem>
    <remembered-set count="1097" />
  </mem-info>
</gc-start>
<allocation-stats totalBytes="1177480" >
  <allocated-bytes non-tlh="1032" tlh="1176448" />
  <largest-consumer threadName="PmdThread 1" threadId="00000000013E6C00" bytes="611064" />
</allocation-stats>
<gc-op id="3083" type="scavenge" timems="0.767" contextid="3080" timestamp="2019-06-17T03:12:54.504">
  <scavenger-info tenureage="4" tenuremask="fff0" tiltratio="68" />
  <memory-copied type="nursery" objects="6299" bytes="347344" bytesdiscarded="62232" />
  <references type="weak" candidates="74" cleared="74" enqueued="74" />
  <references type="phantom" candidates="2" cleared="1" enqueued="1" />
</gc-op>
<gc-end id="3084" type="scavenge" contextid="3080" durationms="1.063" usertimems="4.000" systemtimems="0.000" timestamp="2019-06-17T03:12:54.504" activeThreads="4">
  <mem-info id="3085" free="2053278696" total="2092630016" percent="98">
    <mem type="nursery" free="1162976" total="2097152" percent="55">
      <mem type="allocate" free="1162976" total="1572864" percent="73" />
      <mem type="survivor" free="0" total="524288" percent="0" />
    </mem>
    <mem type="tenure" free="2052115720" total="2090532864" percent="98">
      <mem type="soa" free="1947589896" total="1986007040" percent="98" />
      <mem type="loa" free="104525824" total="104525824" percent="100" />
    </mem>
    <pending-finalizers system="0" default="0" reference="75" classloader="0" />
    <remembered-set count="1039" />
  </mem-info>
</gc-end>
<cycle-end id="3086" type="scavenge" contextid="3080" timestamp="2019-06-17T03:12:54.504" />
  <attribute name="elasticGC enabled" value="1" />
  <attribute name= "numThreadsSpecified" value="4" />
  <attribute name="heapSize specified" value="8388608" />
  <attribute name="Current GC Util" value="17" />
  <attribute name= "Current Time Running" value="13073" />
  <attribute name ="GC Interval" value="200" />
  <attribute name="ProportionalT" value="-4.500000" />
  <attribute name="ProportionalI" value="-4.500000" />
  <attribute name="ProportionalH" value="-4.500000" />
  <attribute name="Current Error" value="-3.000000" />
  <attribute name="IntegralT" value="-21.000000" />
  <attribute name="IntegralI" value="-21.000000" />
  <attribute name="IntegralH" value="-21.000000" />
  <attribute name="DerivativeT" value="-0.642857" />
  <attribute name="DerivativeI" value="-0.642857" />
  <attribute name="DerivativeH" value="-0.642857" />
  <attribute name="Loop Time for DT" value="7.000000" />
  <attribute name="Output H" value="2092630016"/>
  <attribute name="Output I" value="200"/>
  <attribute name="Output T" value="4"/>
  <attribute name="Target GC Util Change" value ="20.000000" />
  <attribute name="Current GC Util Change" value="17.000000"/>
  <attribute name="GC Util currently" value="17" />
  <attribute name="CPU Util currently" value="619284589354" />
<allocation-satisfied id="3087" threadId="00000000013F6000" bytesRequested="992" />
<af-end id="3088" timestamp="2019-06-17T03:12:54.504" threadId="00000000013F6988" success="true" from="nursery"/>
<exclusive-end id="3089" timestamp="2019-06-17T03:12:54.504" durationms="1.872" />

<exclusive-start id="3090" timestamp="2019-06-17T03:12:54.510" intervalms="7.065">
  <response-info timems="0.081" idlems="0.043" threads="1" lastid="00000000013F6000" lastname="PmdThread 4" />
</exclusive-start>
<af-start id="3091" threadId="00000000013E7588" totalBytesRequested="40" timestamp="2019-06-17T03:12:54.510" intervalms="7.009" type="nursery" />
<cycle-start id="3092" type="scavenge" contextid="0" timestamp="2019-06-17T03:12:54.510" intervalms="7.013" />
<gc-start id="3093" type="scavenge" contextid="3092" timestamp="2019-06-17T03:12:54.510">
  <mem-info id="3094" free="2052114968" total="2092630016" percent="98">
    <mem type="nursery" free="0" total="2097152" percent="0">
      <mem type="allocate" free="0" total="1572864" percent="0" />
      <mem type="survivor" free="0" total="524288" percent="0" />
    </mem>
    <mem type="tenure" free="2052114968" total="2090532864" percent="98">
      <mem type="soa" free="1947589144" total="1986007040" percent="98" />
      <mem type="loa" free="104525824" total="104525824" percent="100" />
    </mem>
    <remembered-set count="1086" />
  </mem-info>
</gc-start>
<allocation-stats totalBytes="1162160" >
  <allocated-bytes non-tlh="1744" tlh="1160416" />
  <largest-consumer threadName="PmdThread 2" threadId="00000000013EA800" bytes="670440" />
</allocation-stats>
<gc-op id="3095" type="scavenge" timems="0.742" contextid="3092" timestamp="2019-06-17T03:12:54.511">
  <scavenger-info tenureage="3" tenuremask="fff8" tiltratio="75" />
  <memory-copied type="nursery" objects="6893" bytes="495176" bytesdiscarded="28704" />
  <memory-copied type="tenure" objects="1914" bytes="61096" bytesdiscarded="0" />
  <copy-failed type="nursery" objects="1914" bytes="61096" />
  <references type="weak" candidates="36" cleared="36" enqueued="36" />
  <references type="phantom" candidates="4" cleared="3" enqueued="3" />
</gc-op>
<gc-end id="3096" type="scavenge" contextid="3092" durationms="1.071" usertimems="4.000" systemtimems="0.000" timestamp="2019-06-17T03:12:54.511" activeThreads="4">
  <mem-info id="3097" free="2052835864" total="2092630016" percent="98">
    <mem type="nursery" free="720896" total="2097152" percent="34">
      <mem type="allocate" free="720896" total="1245184" percent="57" />
      <mem type="survivor" free="0" total="851968" percent="0" />
    </mem>
    <mem type="tenure" free="2052114968" total="2090532864" percent="98">
      <mem type="soa" free="1947589144" total="1986007040" percent="98" />
      <mem type="loa" free="104525824" total="104525824" percent="100" />
    </mem>
    <pending-finalizers system="0" default="0" reference="39" classloader="0" />
    <remembered-set count="1119" />
  </mem-info>
</gc-end>
<cycle-end id="3098" type="scavenge" contextid="3092" timestamp="2019-06-17T03:12:54.511" />
  <attribute name="elasticGC enabled" value="1" />
  <attribute name= "numThreadsSpecified" value="4" />
  <attribute name="heapSize specified" value="8388608" />
  <attribute name="Current GC Util" value="18" />
  <attribute name= "Current Time Running" value="13080" />
  <attribute name ="GC Interval" value="200" />
  <attribute name="ProportionalT" value="-3.000000" />
  <attribute name="ProportionalI" value="-3.000000" />
  <attribute name="ProportionalH" value="-3.000000" />
  <attribute name="Current Error" value="-2.000000" />
  <attribute name="IntegralT" value="-14.000000" />
  <attribute name="IntegralI" value="-14.000000" />
  <attribute name="IntegralH" value="-14.000000" />
  <attribute name="DerivativeT" value="-0.428571" />
  <attribute name="DerivativeI" value="-0.428571" />
  <attribute name="DerivativeH" value="-0.428571" />
  <attribute name="Loop Time for DT" value="7.000000" />
  <attribute name="Output H" value="2092630016"/>
  <attribute name="Output I" value="200"/>
  <attribute name="Output T" value="4"/>
  <attribute name="Target GC Util Change" value ="20.000000" />
  <attribute name="Current GC Util Change" value="18.000000"/>
  <attribute name="GC Util currently" value="18" />
  <attribute name="CPU Util currently" value="662596469247" />
<allocation-satisfied id="3099" threadId="00000000013E6C00" bytesRequested="40" />
<af-end id="3100" timestamp="2019-06-17T03:12:54.511" threadId="00000000013E7588" success="true" from="nursery"/>
<exclusive-end id="3101" timestamp="2019-06-17T03:12:54.511" durationms="1.810" />

<exclusive-start id="3102" timestamp="2019-06-17T03:12:54.515" intervalms="5.335">
  <response-info timems="0.041" idlems="0.041" threads="0" lastid="00000000013EA800" lastname="PmdThread 2" />
</exclusive-start>
<af-start id="3103" threadId="00000000013EB188" totalBytesRequested="24" timestamp="2019-06-17T03:12:54.515" intervalms="5.385" type="nursery" />
<cycle-start id="3104" type="scavenge" contextid="0" timestamp="2019-06-17T03:12:54.515" intervalms="5.408" />
<gc-start id="3105" type="scavenge" contextid="3104" timestamp="2019-06-17T03:12:54.515">
  <mem-info id="3106" free="2052114968" total="2092630016" percent="98">
    <mem type="nursery" free="0" total="2097152" percent="0">
      <mem type="allocate" free="0" total="1245184" percent="0" />
      <mem type="survivor" free="0" total="851968" percent="0" />
    </mem>
    <mem type="tenure" free="2052114968" total="2090532864" percent="98">
      <mem type="soa" free="1947589144" total="1986007040" percent="98" />
      <mem type="loa" free="104525824" total="104525824" percent="100" />
    </mem>
    <remembered-set count="1129" />
  </mem-info>
</gc-start>
<allocation-stats totalBytes="720688" >
  <allocated-bytes non-tlh="40" tlh="720648" />
  <largest-consumer threadName="PmdThread 1" threadId="00000000013E6C00" bytes="372624" />
</allocation-stats>
<gc-op id="3107" type="scavenge" timems="0.725" contextid="3104" timestamp="2019-06-17T03:12:54.516">
  <scavenger-info tenureage="4" tenuremask="fff0" tiltratio="59" />
  <memory-copied type="nursery" objects="9906" bytes="597400" bytesdiscarded="202760" />
  <references type="soft" candidates="12" cleared="0" enqueued="0" dynamicThreshold="31" maxThreshold="32" />
  <references type="weak" candidates="8" cleared="8" enqueued="8" />
  <references type="phantom" candidates="1" cleared="0" enqueued="0" />
</gc-op>
<gc-end id="3108" type="scavenge" contextid="3104" durationms="1.306" usertimems="4.000" systemtimems="0.000" timestamp="2019-06-17T03:12:54.517" activeThreads="4">
  <mem-info id="3109" free="2052690168" total="2092630016" percent="98">
    <mem type="nursery" free="575200" total="2097152" percent="27">
      <mem type="allocate" free="575200" total="1376256" percent="41" />
      <mem type="survivor" free="0" total="720896" percent="0" />
    </mem>
    <mem type="tenure" free="2052114968" total="2090532864" percent="98">
      <mem type="soa" free="1947589144" total="1986007040" percent="98" />
      <mem type="loa" free="104525824" total="104525824" percent="100" />
    </mem>
    <pending-finalizers system="0" default="0" reference="8" classloader="0" />
    <remembered-set count="1113" />
  </mem-info>
</gc-end>
<cycle-end id="3110" type="scavenge" contextid="3104" timestamp="2019-06-17T03:12:54.517" />
  <attribute name="elasticGC enabled" value="1" />
  <attribute name= "numThreadsSpecified" value="4" />
  <attribute name="heapSize specified" value="8388608" />
  <attribute name="Current GC Util" value="26" />
  <attribute name= "Current Time Running" value="13086" />
  <attribute name ="GC Interval" value="200" />
  <attribute name="ProportionalT" value="9.000000" />
  <attribute name="ProportionalI" value="9.000000" />
  <attribute name="ProportionalH" value="9.000000" />
  <attribute name="Current Error" value="6.000000" />
  <attribute name="IntegralT" value="36.000000" />
  <attribute name="IntegralI" value="36.000000" />
  <attribute name="IntegralH" value="36.000000" />
  <attribute name="DerivativeT" value="1.500000" />
  <attribute name="DerivativeI" value="1.500000" />
  <attribute name="DerivativeH" value="1.500000" />
  <attribute name="Loop Time for DT" value="6.000000" />
  <attribute name="Output H" value="8388608"/>
  <attribute name="Output I" value="200"/>
  <attribute name="Output T" value="4"/>
  <attribute name="Target GC Util Change" value ="20.000000" />
  <attribute name="Current GC Util Change" value="26.000000"/>
  <attribute name="GC Util currently" value="26" />
  <attribute name="CPU Util currently" value="837829829898" />
<allocation-satisfied id="3111" threadId="00000000013EA800" bytesRequested="24" />
<af-end id="3112" timestamp="2019-06-17T03:12:54.517" threadId="00000000013EB188" success="true" from="nursery"/>
<exclusive-end id="3113" timestamp="2019-06-17T03:12:54.517" durationms="2.207" />

<exclusive-start id="3114" timestamp="2019-06-17T03:12:54.518" intervalms="3.482">
  <response-info timems="0.029" idlems="0.029" threads="0" lastid="00000000013F6000" lastname="PmdThread 4" />
</exclusive-start>
<af-start id="3115" threadId="00000000013F6988" totalBytesRequested="976" timestamp="2019-06-17T03:12:54.519" intervalms="3.468" type="nursery" />
<cycle-start id="3116" type="scavenge" contextid="0" timestamp="2019-06-17T03:12:54.519" intervalms="3.462" />
<gc-start id="3117" type="scavenge" contextid="3116" timestamp="2019-06-17T03:12:54.519">
  <mem-info id="3118" free="2052114968" total="2092630016" percent="98">
    <mem type="nursery" free="0" total="2097152" percent="0">
      <mem type="allocate" free="0" total="1376256" percent="0" />
      <mem type="survivor" free="0" total="720896" percent="0" />
    </mem>
    <mem type="tenure" free="2052114968" total="2090532864" percent="98">
      <mem type="soa" free="1947589144" total="1986007040" percent="98" />
      <mem type="loa" free="104525824" total="104525824" percent="100" />
    </mem>
    <remembered-set count="1197" />
  </mem-info>
</gc-start>
<allocation-stats totalBytes="570200" >
  <allocated-bytes non-tlh="24" tlh="570176" />
  <largest-consumer threadName="PmdThread 4" threadId="00000000013F6000" bytes="529216" />
</allocation-stats>
<gc-op id="3119" type="scavenge" timems="0.685" contextid="3116" timestamp="2019-06-17T03:12:54.520">
  <scavenger-info tenureage="3" tenuremask="fff8" tiltratio="65" />
  <memory-copied type="nursery" objects="6093" bytes="334264" bytesdiscarded="217920" />
  <memory-copied type="tenure" objects="4077" bytes="272392" bytesdiscarded="440" />
  <references type="soft" candidates="12" cleared="0" enqueued="0" dynamicThreshold="31" maxThreshold="32" />
  <references type="weak" candidates="113" cleared="113" enqueued="113" />
  <references type="phantom" candidates="1" cleared="0" enqueued="0" />
</gc-op>
<gc-end id="3120" type="scavenge" contextid="3116" durationms="0.878" usertimems="0.000" systemtimems="0.000" timestamp="2019-06-17T03:12:54.520" activeThreads="4">
  <mem-info id="3121" free="2052585920" total="2092630016" percent="98">
    <mem type="nursery" free="824032" total="2097152" percent="39">
      <mem type="allocate" free="824032" total="1376256" percent="59" />
      <mem type="survivor" free="0" total="720896" percent="0" />
    </mem>
    <mem type="tenure" free="2051761888" total="2090532864" percent="98">
      <mem type="soa" free="1947236064" total="1986007040" percent="98" />
      <mem type="loa" free="104525824" total="104525824" percent="100" />
    </mem>
    <pending-finalizers system="0" default="0" reference="113" classloader="0" />
    <remembered-set count="380" />
  </mem-info>
</gc-end>
<cycle-end id="3122" type="scavenge" contextid="3116" timestamp="2019-06-17T03:12:54.520" />
  <attribute name="elasticGC enabled" value="1" />
  <attribute name= "numThreadsSpecified" value="4" />
  <attribute name="heapSize specified" value="8388608" />
  <attribute name="Current GC Util" value="56" />
  <attribute name= "Current Time Running" value="13089" />
  <attribute name ="GC Interval" value="200" />
  <attribute name="ProportionalT" value="54.000000" />
  <attribute name="ProportionalI" value="54.000000" />
  <attribute name="ProportionalH" value="54.000000" />
  <attribute name="Current Error" value="36.000000" />
  <attribute name="IntegralT" value="108.000000" />
  <attribute name="IntegralI" value="108.000000" />
  <attribute name="IntegralH" value="108.000000" />
  <attribute name="DerivativeT" value="15.000000" />
  <attribute name="DerivativeI" value="15.000000" />
  <attribute name="DerivativeH" value="15.000000" />
  <attribute name="Loop Time for DT" value="3.000000" />
  <attribute name="Output H" value="8388608"/>
  <attribute name="Output I" value="200"/>
  <attribute name="Output T" value="4"/>
  <attribute name="Target GC Util Change" value ="20.000000" />
  <attribute name="Current GC Util Change" value="56.000000"/>
  <attribute name="GC Util currently" value="56" />
  <attribute name="CPU Util currently" value="1431732418716" />
<allocation-satisfied id="3123" threadId="00000000013F6000" bytesRequested="976" />
<af-end id="3124" timestamp="2019-06-17T03:12:54.520" threadId="00000000013F6988" success="true" from="nursery"/>
<exclusive-end id="3125" timestamp="2019-06-17T03:12:54.520" durationms="1.443" />

<exclusive-start id="3126" timestamp="2019-06-17T03:12:54.522" intervalms="3.815">
  <response-info timems="0.043" idlems="0.023" threads="1" lastid="00000000013E6C00" lastname="PmdThread 1" />
</exclusive-start>
<af-start id="3127" threadId="00000000013F6988" totalBytesRequested="40" timestamp="2019-06-17T03:12:54.522" intervalms="3.746" type="nursery" />
<cycle-start id="3128" type="scavenge" contextid="0" timestamp="2019-06-17T03:12:54.522" intervalms="3.680" />
<gc-start id="3129" type="scavenge" contextid="3128" timestamp="2019-06-17T03:12:54.523">
  <mem-info id="3130" free="2051761888" total="2092630016" percent="98">
    <mem type="nursery" free="0" total="2097152" percent="0">
      <mem type="allocate" free="0" total="1376256" percent="0" />
      <mem type="survivor" free="0" total="720896" percent="0" />
    </mem>
    <mem type="tenure" free="2051761888" total="2090532864" percent="98">
      <mem type="soa" free="1947236064" total="1986007040" percent="98" />
      <mem type="loa" free="104525824" total="104525824" percent="100" />
    </mem>
    <remembered-set count="495" />
  </mem-info>
</gc-start>
<allocation-stats totalBytes="822128" >
  <allocated-bytes non-tlh="976" tlh="821152" />
  <largest-consumer threadName="PmdThread 4" threadId="00000000013F6000" bytes="634008" />
</allocation-stats>
<gc-op id="3131" type="scavenge" timems="0.551" contextid="3128" timestamp="2019-06-17T03:12:54.523">
  <scavenger-info tenureage="3" tenuremask="ffc8" tiltratio="65" />
  <memory-copied type="nursery" objects="4406" bytes="160280" bytesdiscarded="119256" />
  <memory-copied type="tenure" objects="2241" bytes="183624" bytesdiscarded="200" />
  <references type="soft" candidates="12" cleared="0" enqueued="0" dynamicThreshold="31" maxThreshold="32" />
  <references type="weak" candidates="134" cleared="134" enqueued="134" />
</gc-op>
<gc-end id="3132" type="scavenge" contextid="3128" durationms="0.872" usertimems="0.000" systemtimems="0.000" timestamp="2019-06-17T03:12:54.523" activeThreads="4">
  <mem-info id="3133" free="2052775904" total="2092630016" percent="98">
    <mem type="nursery" free="1162240" total="2097152" percent="55">
      <mem type="allocate" free="1162240" total="1441792" percent="80" />
      <mem type="survivor" free="0" total="655360" percent="0" />
    </mem>
    <mem type="tenure" free="2051613664" total="2090532864" percent="98">
      <mem type="soa" free="1947087840" total="1986007040" percent="98" />
      <mem type="loa" free="104525824" total="104525824" percent="100" />
    </mem>
    <pending-finalizers system="0" default="0" reference="134" classloader="0" />
    <remembered-set count="156" />
  </mem-info>
</gc-end>
<cycle-end id="3134" type="scavenge" contextid="3128" timestamp="2019-06-17T03:12:54.524" />
  <attribute name="elasticGC enabled" value="1" />
  <attribute name= "numThreadsSpecified" value="4" />
  <attribute name="heapSize specified" value="8388608" />
  <attribute name="Current GC Util" value="43" />
  <attribute name= "Current Time Running" value="13093" />
  <attribute name ="GC Interval" value="200" />
  <attribute name="ProportionalT" value="34.500000" />
  <attribute name="ProportionalI" value="34.500000" />
  <attribute name="ProportionalH" value="34.500000" />
  <attribute name="Current Error" value="23.000000" />
  <attribute name="IntegralT" value="92.000000" />
  <attribute name="IntegralI" value="92.000000" />
  <attribute name="IntegralH" value="92.000000" />
  <attribute name="DerivativeT" value="-4.875000" />
  <attribute name="DerivativeI" value="-4.875000" />
  <attribute name="DerivativeH" value="-4.875000" />
  <attribute name="Loop Time for DT" value="4.000000" />
  <attribute name="Output H" value="8388608"/>
  <attribute name="Output I" value="200"/>
  <attribute name="Output T" value="4"/>
  <attribute name="Target GC Util Change" value ="20.000000" />
  <attribute name="Current GC Util Change" value="43.000000"/>
  <attribute name="GC Util currently" value="43" />
  <attribute name="CPU Util currently" value="1210533196569" />
<allocation-satisfied id="3135" threadId="00000000013F6000" bytesRequested="40" />
<af-end id="3136" timestamp="2019-06-17T03:12:54.524" threadId="00000000013F6988" success="true" from="nursery"/>
<exclusive-end id="3137" timestamp="2019-06-17T03:12:54.524" durationms="1.444" />

<exclusive-start id="3138" timestamp="2019-06-17T03:12:54.531" intervalms="8.250">
  <response-info timems="0.519" idlems="0.519" threads="0" lastid="00000000013F6000" lastname="PmdThread 4" />
</exclusive-start>
<af-start id="3139" threadId="00000000013F6988" totalBytesRequested="448" timestamp="2019-06-17T03:12:54.531" intervalms="8.278" type="nursery" />
<cycle-start id="3140" type="scavenge" contextid="0" timestamp="2019-06-17T03:12:54.531" intervalms="8.720" />
<gc-start id="3141" type="scavenge" contextid="3140" timestamp="2019-06-17T03:12:54.531">
  <mem-info id="3142" free="2051613456" total="2092630016" percent="98">
    <mem type="nursery" free="0" total="2097152" percent="0">
      <mem type="allocate" free="0" total="1441792" percent="0" />
      <mem type="survivor" free="0" total="655360" percent="0" />
    </mem>
    <mem type="tenure" free="2051613456" total="2090532864" percent="98">
      <mem type="soa" free="1947087632" total="1986007040" percent="98" />
      <mem type="loa" free="104525824" total="104525824" percent="100" />
    </mem>
    <remembered-set count="257" />
  </mem-info>
</gc-start>
<allocation-stats totalBytes="1160736" >
  <allocated-bytes non-tlh="248" tlh="1160488" />
  <largest-consumer threadName="PmdThread 4" threadId="00000000013F6000" bytes="392112" />
</allocation-stats>
<gc-op id="3143" type="scavenge" timems="0.521" contextid="3140" timestamp="2019-06-17T03:12:54.532">
  <scavenger-info tenureage="5" tenuremask="ffe0" tiltratio="68" />
  <memory-copied type="nursery" objects="4223" bytes="164136" bytesdiscarded="70848" />
  <references type="soft" candidates="12" cleared="0" enqueued="0" dynamicThreshold="31" maxThreshold="32" />
  <references type="weak" candidates="52" cleared="51" enqueued="51" />
  <references type="phantom" candidates="1" cleared="0" enqueued="0" />
</gc-op>
<gc-end id="3144" type="scavenge" contextid="3140" durationms="0.712" usertimems="0.000" systemtimems="0.000" timestamp="2019-06-17T03:12:54.532" activeThreads="4">
  <mem-info id="3145" free="2052885776" total="2092630016" percent="98">
    <mem type="nursery" free="1272320" total="2097152" percent="60">
      <mem type="allocate" free="1272320" total="1507328" percent="84" />
      <mem type="survivor" free="0" total="589824" percent="0" />
    </mem>
    <mem type="tenure" free="2051613456" total="2090532864" percent="98">
      <mem type="soa" free="1947087632" total="1986007040" percent="98" />
      <mem type="loa" free="104525824" total="104525824" percent="100" />
    </mem>
    <pending-finalizers system="0" default="0" reference="51" classloader="0" />
    <remembered-set count="171" />
  </mem-info>
</gc-end>
<cycle-end id="3146" type="scavenge" contextid="3140" timestamp="2019-06-17T03:12:54.532" />
  <attribute name="elasticGC enabled" value="1" />
  <attribute name= "numThreadsSpecified" value="4" />
  <attribute name="heapSize specified" value="8388608" />
  <attribute name="Current GC Util" value="13" />
  <attribute name= "Current Time Running" value="13101" />
  <attribute name ="GC Interval" value="200" />
  <attribute name="ProportionalT" value="-10.500000" />
  <attribute name="ProportionalI" value="-10.500000" />
  <attribute name="ProportionalH" value="-10.500000" />
  <attribute name="Current Error" value="-7.000000" />
  <attribute name="IntegralT" value="-56.000000" />
  <attribute name="IntegralI" value="-56.000000" />
  <attribute name="IntegralH" value="-56.000000" />
  <attribute name="DerivativeT" value="-5.625000" />
  <attribute name="DerivativeI" value="-5.625000" />
  <attribute name="DerivativeH" value="-5.625000" />
  <attribute name="Loop Time for DT" value="8.000000" />
  <attribute name="Output H" value="2092630016"/>
  <attribute name="Output I" value="200"/>
  <attribute name="Output T" value="4"/>
  <attribute name="Target GC Util Change" value ="20.000000" />
  <attribute name="Current GC Util Change" value="13.000000"/>
  <attribute name="GC Util currently" value="13" />
  <attribute name="CPU Util currently" value="536308911117" />
<allocation-satisfied id="3147" threadId="00000000013F6000" bytesRequested="448" />
<af-end id="3148" timestamp="2019-06-17T03:12:54.532" threadId="00000000013F6988" success="true" from="nursery"/>
<exclusive-end id="3149" timestamp="2019-06-17T03:12:54.532" durationms="1.755" />

<exclusive-start id="3150" timestamp="2019-06-17T03:12:54.536" intervalms="5.933">
  <response-info timems="0.068" idlems="0.068" threads="0" lastid="00000000013F6000" lastname="PmdThread 4" />
</exclusive-start>
<af-start id="3151" threadId="00000000013F6988" totalBytesRequested="944" timestamp="2019-06-17T03:12:54.537" intervalms="5.944" type="nursery" />
<cycle-start id="3152" type="scavenge" contextid="0" timestamp="2019-06-17T03:12:54.537" intervalms="5.566" />
<gc-start id="3153" type="scavenge" contextid="3152" timestamp="2019-06-17T03:12:54.537">
  <mem-info id="3154" free="2051613384" total="2092630016" percent="98">
    <mem type="nursery" free="0" total="2097152" percent="0">
      <mem type="allocate" free="0" total="1507328" percent="0" />
      <mem type="survivor" free="0" total="589824" percent="0" />
    </mem>
    <mem type="tenure" free="2051613384" total="2090532864" percent="98">
      <mem type="soa" free="1947087560" total="1986007040" percent="98" />
      <mem type="loa" free="104525824" total="104525824" percent="100" />
    </mem>
    <remembered-set count="222" />
  </mem-info>
</gc-start>
<allocation-stats totalBytes="1266952" >
  <allocated-bytes non-tlh="16912" tlh="1250040" />
  <largest-consumer threadName="PmdThread 1" threadId="00000000013E6C00" bytes="920576" />
</allocation-stats>
<gc-op id="3155" type="scavenge" timems="0.554" contextid="3152" timestamp="2019-06-17T03:12:54.538">
  <scavenger-info tenureage="4" tenuremask="fff0" tiltratio="71" />
  <memory-copied type="nursery" objects="868" bytes="99352" bytesdiscarded="50904" />
  <memory-copied type="tenure" objects="3390" bytes="127840" bytesdiscarded="16" />
  <references type="weak" candidates="54" cleared="54" enqueued="54" />
  <references type="phantom" candidates="2" cleared="1" enqueued="1" />
</gc-op>
<gc-end id="3156" type="scavenge" contextid="3152" durationms="0.895" usertimems="4.000" systemtimems="0.000" timestamp="2019-06-17T03:12:54.538" activeThreads="4">
  <mem-info id="3157" free="2052918456" total="2092630016" percent="98">
    <mem type="nursery" free="1422576" total="2097152" percent="67">
      <mem type="allocate" free="1422576" total="1572864" percent="90" />
      <mem type="survivor" free="0" total="524288" percent="0" />
    </mem>
    <mem type="tenure" free="2051495880" total="2090532864" percent="98">
      <mem type="soa" free="1946970056" total="1986007040" percent="98" />
      <mem type="loa" free="104525824" total="104525824" percent="100" />
    </mem>
    <pending-finalizers system="0" default="0" reference="55" classloader="0" />
    <remembered-set count="327" />
  </mem-info>
</gc-end>
<cycle-end id="3158" type="scavenge" contextid="3152" timestamp="2019-06-17T03:12:54.538" />
  <attribute name="elasticGC enabled" value="1" />
  <attribute name= "numThreadsSpecified" value="4" />
  <attribute name="heapSize specified" value="8388608" />
  <attribute name="Current GC Util" value="15" />
  <attribute name= "Current Time Running" value="13107" />
  <attribute name ="GC Interval" value="200" />
  <attribute name="ProportionalT" value="-7.500000" />
  <attribute name="ProportionalI" value="-7.500000" />
  <attribute name="ProportionalH" value="-7.500000" />
  <attribute name="Current Error" value="-5.000000" />
  <attribute name="IntegralT" value="-30.000000" />
  <attribute name="IntegralI" value="-30.000000" />
  <attribute name="IntegralH" value="-30.000000" />
  <attribute name="DerivativeT" value="-1.250000" />
  <attribute name="DerivativeI" value="-1.250000" />
  <attribute name="DerivativeH" value="-1.250000" />
  <attribute name="Loop Time for DT" value="6.000000" />
  <attribute name="Output H" value="2092630016"/>
  <attribute name="Output I" value="200"/>
  <attribute name="Output T" value="4"/>
  <attribute name="Target GC Util Change" value ="20.000000" />
  <attribute name="Current GC Util Change" value="15.000000"/>
  <attribute name="GC Util currently" value="15" />
  <attribute name="CPU Util currently" value="800066688790" />
<allocation-satisfied id="3159" threadId="00000000013F6000" bytesRequested="944" />
<af-end id="3160" timestamp="2019-06-17T03:12:54.538" threadId="00000000013F6988" success="true" from="nursery"/>
<exclusive-end id="3161" timestamp="2019-06-17T03:12:54.538" durationms="1.497" />

<exclusive-start id="3162" timestamp="2019-06-17T03:12:54.541" intervalms="4.195">
  <response-info timems="0.058" idlems="0.032" threads="1" lastid="00000000013EA800" lastname="PmdThread 2" />
</exclusive-start>
<af-start id="3163" threadId="00000000013E7588" totalBytesRequested="960" timestamp="2019-06-17T03:12:54.541" intervalms="4.174" type="nursery" />
<cycle-start id="3164" type="scavenge" contextid="0" timestamp="2019-06-17T03:12:54.541" intervalms="4.183" />
<gc-start id="3165" type="scavenge" contextid="3164" timestamp="2019-06-17T03:12:54.541">
  <mem-info id="3166" free="2051495880" total="2092630016" percent="98">
    <mem type="nursery" free="0" total="2097152" percent="0">
      <mem type="allocate" free="0" total="1572864" percent="0" />
      <mem type="survivor" free="0" total="524288" percent="0" />
    </mem>
    <mem type="tenure" free="2051495880" total="2090532864" percent="98">
      <mem type="soa" free="1946970056" total="1986007040" percent="98" />
      <mem type="loa" free="104525824" total="104525824" percent="100" />
    </mem>
    <remembered-set count="532" />
  </mem-info>
</gc-start>
<allocation-stats totalBytes="1418608" >
  <allocated-bytes non-tlh="944" tlh="1417664" />
  <largest-consumer threadName="PmdThread 4" threadId="00000000013F6000" bytes="1037888" />
</allocation-stats>
<gc-op id="3167" type="scavenge" timems="0.443" contextid="3164" timestamp="2019-06-17T03:12:54.542">
  <scavenger-info tenureage="4" tenuremask="ffd0" tiltratio="75" />
  <memory-copied type="nursery" objects="3992" bytes="264184" bytesdiscarded="198416" />
  <references type="weak" candidates="195" cleared="195" enqueued="195" />
  <references type="phantom" candidates="1" cleared="0" enqueued="0" />
</gc-op>
<gc-end id="3168" type="scavenge" contextid="3164" durationms="0.937" usertimems="0.000" systemtimems="0.000" timestamp="2019-06-17T03:12:54.542" activeThreads="4">
  <mem-info id="3169" free="2052606104" total="2092630016" percent="98">
    <mem type="nursery" free="1110224" total="2097152" percent="52">
      <mem type="allocate" free="1110224" total="1572864" percent="70" />
      <mem type="survivor" free="0" total="524288" percent="0" />
    </mem>
    <mem type="tenure" free="2051495880" total="2090532864" percent="98">
      <mem type="soa" free="1946970056" total="1986007040" percent="98" />
      <mem type="loa" free="104525824" total="104525824" percent="100" />
    </mem>
    <pending-finalizers system="0" default="0" reference="195" classloader="0" />
    <remembered-set count="323" />
  </mem-info>
</gc-end>
<cycle-end id="3170" type="scavenge" contextid="3164" timestamp="2019-06-17T03:12:54.542" />
  <attribute name="elasticGC enabled" value="1" />
  <attribute name= "numThreadsSpecified" value="4" />
  <attribute name="heapSize specified" value="8388608" />
  <attribute name="Current GC Util" value="23" />
  <attribute name= "Current Time Running" value="13111" />
  <attribute name ="GC Interval" value="200" />
  <attribute name="ProportionalT" value="4.500000" />
  <attribute name="ProportionalI" value="4.500000" />
  <attribute name="ProportionalH" value="4.500000" />
  <attribute name="Current Error" value="3.000000" />
  <attribute name="IntegralT" value="12.000000" />
  <attribute name="IntegralI" value="12.000000" />
  <attribute name="IntegralH" value="12.000000" />
  <attribute name="DerivativeT" value="1.125000" />
  <attribute name="DerivativeI" value="1.125000" />
  <attribute name="DerivativeH" value="1.125000" />
  <attribute name="Loop Time for DT" value="4.000000" />
  <attribute name="Output H" value="8388608"/>
  <attribute name="Output I" value="200"/>
  <attribute name="Output T" value="4"/>
  <attribute name="Target GC Util Change" value ="20.000000" />
  <attribute name="Current GC Util Change" value="23.000000"/>
  <attribute name="GC Util currently" value="23" />
  <attribute name="CPU Util currently" value="1112542601289" />
<allocation-satisfied id="3171" threadId="00000000013E6C00" bytesRequested="960" />
<af-end id="3172" timestamp="2019-06-17T03:12:54.542" threadId="00000000013E7588" success="true" from="nursery"/>
<exclusive-end id="3173" timestamp="2019-06-17T03:12:54.542" durationms="1.587" />

<exclusive-start id="3174" timestamp="2019-06-17T03:12:54.553" intervalms="11.976">
  <response-info timems="0.048" idlems="0.048" threads="0" lastid="00000000013F6000" lastname="PmdThread 4" />
</exclusive-start>
<af-start id="3175" threadId="00000000013F6988" totalBytesRequested="832" timestamp="2019-06-17T03:12:54.553" intervalms="12.381" type="nursery" />
<cycle-start id="3176" type="scavenge" contextid="0" timestamp="2019-06-17T03:12:54.553" intervalms="12.329" />
<gc-start id="3177" type="scavenge" contextid="3176" timestamp="2019-06-17T03:12:54.553">
  <mem-info id="3178" free="2051495664" total="2092630016" percent="98">
    <mem type="nursery" free="0" total="2097152" percent="0">
      <mem type="allocate" free="0" total="1572864" percent="0" />
      <mem type="survivor" free="0" total="524288" percent="0" />
    </mem>
    <mem type="tenure" free="2051495664" total="2090532864" percent="98">
      <mem type="soa" free="1946969840" total="1986007040" percent="98" />
      <mem type="loa" free="104525824" total="104525824" percent="100" />
    </mem>
    <remembered-set count="518" />
  </mem-info>
</gc-start>
<allocation-stats totalBytes="1107792" >
  <allocated-bytes non-tlh="1176" tlh="1106616" />
  <largest-consumer threadName="PmdThread 4" threadId="00000000013F6000" bytes="828152" />
</allocation-stats>
<gc-op id="3179" type="scavenge" timems="0.449" contextid="3176" timestamp="2019-06-17T03:12:54.554">
  <scavenger-info tenureage="4" tenuremask="fff0" tiltratio="75" />
  <memory-copied type="nursery" objects="3314" bytes="248536" bytesdiscarded="160232" />
  <memory-copied type="tenure" objects="584" bytes="16432" bytesdiscarded="0" />
  <references type="weak" candidates="84" cleared="84" enqueued="84" />
  <references type="phantom" candidates="2" cleared="1" enqueued="1" />
</gc-op>
<gc-end id="3180" type="scavenge" contextid="3176" durationms="1.076" usertimems="4.000" systemtimems="0.000" timestamp="2019-06-17T03:12:54.554" activeThreads="4">
  <mem-info id="3181" free="2052724680" total="2092630016" percent="98">
    <mem type="nursery" free="1229016" total="2097152" percent="58">
      <mem type="allocate" free="1229016" total="1638400" percent="75" />
      <mem type="survivor" free="0" total="458752" percent="0" />
    </mem>
    <mem type="tenure" free="2051495664" total="2090532864" percent="98">
      <mem type="soa" free="1946969840" total="1986007040" percent="98" />
      <mem type="loa" free="104525824" total="104525824" percent="100" />
    </mem>
    <pending-finalizers system="0" default="0" reference="85" classloader="0" />
    <remembered-set count="127" />
  </mem-info>
</gc-end>
<cycle-end id="3182" type="scavenge" contextid="3176" timestamp="2019-06-17T03:12:54.555" />
  <attribute name="elasticGC enabled" value="1" />
  <attribute name= "numThreadsSpecified" value="4" />
  <attribute name="heapSize specified" value="8388608" />
  <attribute name="Current GC Util" value="9" />
  <attribute name= "Current Time Running" value="13124" />
  <attribute name ="GC Interval" value="200" />
  <attribute name="ProportionalT" value="-16.500000" />
  <attribute name="ProportionalI" value="-16.500000" />
  <attribute name="ProportionalH" value="-16.500000" />
  <attribute name="Current Error" value="-11.000000" />
  <attribute name="IntegralT" value="-143.000000" />
  <attribute name="IntegralI" value="-143.000000" />
  <attribute name="IntegralH" value="-143.000000" />
  <attribute name="DerivativeT" value="-1.615385" />
  <attribute name="DerivativeI" value="-1.615385" />
  <attribute name="DerivativeH" value="-1.615385" />
  <attribute name="Loop Time for DT" value="13.000000" />
  <attribute name="Output H" value="2092630016"/>
  <attribute name="Output I" value="200"/>
  <attribute name="Output T" value="4"/>
  <attribute name="Target GC Util Change" value ="20.000000" />
  <attribute name="Current GC Util Change" value="9.000000"/>
  <attribute name="GC Util currently" value="9" />
  <attribute name="CPU Util currently" value="367472428177" />
<allocation-satisfied id="3183" threadId="00000000013F6000" bytesRequested="832" />
<af-end id="3184" timestamp="2019-06-17T03:12:54.555" threadId="00000000013F6988" success="true" from="nursery"/>
<exclusive-end id="3185" timestamp="2019-06-17T03:12:54.555" durationms="2.175" />

<exclusive-start id="3186" timestamp="2019-06-17T03:12:54.558" intervalms="5.793">
  <response-info timems="0.041" idlems="0.041" threads="0" lastid="00000000013F6000" lastname="PmdThread 4" />
</exclusive-start>
<af-start id="3187" threadId="00000000013F6988" totalBytesRequested="16" timestamp="2019-06-17T03:12:54.559" intervalms="5.441" type="nursery" />
<cycle-start id="3188" type="scavenge" contextid="0" timestamp="2019-06-17T03:12:54.559" intervalms="5.491" />
<gc-start id="3189" type="scavenge" contextid="3188" timestamp="2019-06-17T03:12:54.559">
  <mem-info id="3190" free="2051495664" total="2092630016" percent="98">
    <mem type="nursery" free="0" total="2097152" percent="0">
      <mem type="allocate" free="0" total="1638400" percent="0" />
      <mem type="survivor" free="0" total="458752" percent="0" />
    </mem>
    <mem type="tenure" free="2051495664" total="2090532864" percent="98">
      <mem type="soa" free="1946969840" total="1986007040" percent="98" />
      <mem type="loa" free="104525824" total="104525824" percent="100" />
    </mem>
    <remembered-set count="343" />
  </mem-info>
</gc-start>
<allocation-stats totalBytes="1226256" >
  <allocated-bytes non-tlh="66408" tlh="1159848" />
  <largest-consumer threadName="PmdThread 4" threadId="00000000013F6000" bytes="865888" />
</allocation-stats>
<gc-op id="3191" type="scavenge" timems="0.707" contextid="3188" timestamp="2019-06-17T03:12:54.560">
  <scavenger-info tenureage="3" tenuremask="ffc8" tiltratio="78" />
  <memory-copied type="nursery" objects="4658" bytes="355040" bytesdiscarded="96544" />
  <memory-copied type="tenure" objects="92" bytes="62040" bytesdiscarded="32" />
  <references type="weak" candidates="94" cleared="94" enqueued="94" />
  <references type="phantom" candidates="2" cleared="1" enqueued="1" />
</gc-op>
<gc-end id="3192" type="scavenge" contextid="3188" durationms="0.969" usertimems="0.000" systemtimems="0.000" timestamp="2019-06-17T03:12:54.560" activeThreads="1">
  <mem-info id="3193" free="2052553136" total="2092630016" percent="98">
    <mem type="nursery" free="1121240" total="2097152" percent="53">
      <mem type="allocate" free="1121240" total="1572864" percent="71" />
      <mem type="survivor" free="0" total="524288" percent="0" />
    </mem>
    <mem type="tenure" free="2051431896" total="2090532864" percent="98">
      <mem type="soa" free="1946906072" total="1986007040" percent="98" />
      <mem type="loa" free="104525824" total="104525824" percent="100" />
    </mem>
    <pending-finalizers system="0" default="0" reference="95" classloader="0" />
    <remembered-set count="132" />
  </mem-info>
</gc-end>
<cycle-end id="3194" type="scavenge" contextid="3188" timestamp="2019-06-17T03:12:54.560" />
  <attribute name="elasticGC enabled" value="1" />
  <attribute name= "numThreadsSpecified" value="1" />
  <attribute name="heapSize specified" value="8388608" />
  <attribute name="Current GC Util" value="20" />
  <attribute name= "Current Time Running" value="13129" />
  <attribute name ="GC Interval" value="200" />
  <attribute name="ProportionalT" value="0.000000" />
  <attribute name="ProportionalI" value="0.000000" />
  <attribute name="ProportionalH" value="0.000000" />
  <attribute name="Current Error" value="0.000000" />
  <attribute name="IntegralT" value="0.000000" />
  <attribute name="IntegralI" value="0.000000" />
  <attribute name="IntegralH" value="0.000000" />
  <attribute name="DerivativeT" value="0.000000" />
  <attribute name="DerivativeI" value="0.000000" />
  <attribute name="DerivativeH" value="0.000000" />
  <attribute name="Loop Time for DT" value="5.000000" />
  <attribute name="Output H" value="8388608"/>
  <attribute name="Output I" value="200"/>
  <attribute name="Output T" value="1"/>
  <attribute name="Target GC Util Change" value ="20.000000" />
  <attribute name="Current GC Util Change" value="20.000000"/>
  <attribute name="GC Util currently" value="20" />
  <attribute name="CPU Util currently" value="883810656705" />
<allocation-satisfied id="3195" threadId="00000000013F6000" bytesRequested="16" />
<af-end id="3196" timestamp="2019-06-17T03:12:54.560" threadId="00000000013F6988" success="true" from="nursery"/>
<exclusive-end id="3197" timestamp="2019-06-17T03:12:54.560" durationms="1.694" />

<exclusive-start id="3198" timestamp="2019-06-17T03:12:54.564" intervalms="5.710">
  <response-info timems="0.203" idlems="0.185" threads="1" lastid="00000000013F6000" lastname="PmdThread 4" />
</exclusive-start>
<af-start id="3199" threadId="00000000013EB188" totalBytesRequested="24" timestamp="2019-06-17T03:12:54.564" intervalms="5.693" type="nursery" />
<cycle-start id="3200" type="scavenge" contextid="0" timestamp="2019-06-17T03:12:54.564" intervalms="5.641" />
<gc-start id="3201" type="scavenge" contextid="3200" timestamp="2019-06-17T03:12:54.564">
  <mem-info id="3202" free="2051431816" total="2092630016" percent="98">
    <mem type="nursery" free="0" total="2097152" percent="0">
      <mem type="allocate" free="0" total="1572864" percent="0" />
      <mem type="survivor" free="0" total="524288" percent="0" />
    </mem>
    <mem type="tenure" free="2051431816" total="2090532864" percent="98">
      <mem type="soa" free="1946905992" total="1986007040" percent="98" />
      <mem type="loa" free="104525824" total="104525824" percent="100" />
    </mem>
    <remembered-set count="153" />
  </mem-info>
</gc-start>
<allocation-stats totalBytes="1116696" >
  <allocated-bytes non-tlh="96" tlh="1116600" />
  <largest-consumer threadName="PmdThread 2" threadId="00000000013EA800" bytes="547320" />
</allocation-stats>
<gc-op id="3203" type="scavenge" timems="0.554" contextid="3200" timestamp="2019-06-17T03:12:54.565">
  <scavenger-info tenureage="3" tenuremask="ffc8" tiltratio="75" />
  <memory-copied type="nursery" objects="4310" bytes="342944" bytesdiscarded="78184" />
  <memory-copied type="tenure" objects="1608" bytes="61120" bytesdiscarded="8" />
  <references type="weak" candidates="32" cleared="32" enqueued="32" />
  <references type="phantom" candidates="2" cleared="1" enqueued="1" />
</gc-op>
<gc-end id="3204" type="scavenge" contextid="3200" durationms="0.778" usertimems="0.000" systemtimems="4.000" timestamp="2019-06-17T03:12:54.565" activeThreads="4">
  <mem-info id="3205" free="2052543856" total="2092630016" percent="98">
    <mem type="nursery" free="1151208" total="2097152" percent="54">
      <mem type="allocate" free="1151208" total="1572864" percent="73" />
      <mem type="survivor" free="0" total="524288" percent="0" />
    </mem>
    <mem type="tenure" free="2051392648" total="2090532864" percent="98">
      <mem type="soa" free="1946866824" total="1986007040" percent="98" />
      <mem type="loa" free="104525824" total="104525824" percent="100" />
    </mem>
    <pending-finalizers system="0" default="0" reference="33" classloader="0" />
    <remembered-set count="281" />
  </mem-info>
</gc-end>
<cycle-end id="3206" type="scavenge" contextid="3200" timestamp="2019-06-17T03:12:54.565" />
  <attribute name="elasticGC enabled" value="1" />
  <attribute name= "numThreadsSpecified" value="4" />
  <attribute name="heapSize specified" value="8388608" />
  <attribute name="Current GC Util" value="17" />
  <attribute name= "Current Time Running" value="13134" />
  <attribute name ="GC Interval" value="200" />
  <attribute name="ProportionalT" value="-4.500000" />
  <attribute name="ProportionalI" value="-4.500000" />
  <attribute name="ProportionalH" value="-4.500000" />
  <attribute name="Current Error" value="-3.000000" />
  <attribute name="IntegralT" value="-15.000000" />
  <attribute name="IntegralI" value="-15.000000" />
  <attribute name="IntegralH" value="-15.000000" />
  <attribute name="DerivativeT" value="-0.900000" />
  <attribute name="DerivativeI" value="-0.900000" />
  <attribute name="DerivativeH" value="-0.900000" />
  <attribute name="Loop Time for DT" value="5.000000" />
  <attribute name="Output H" value="2092630016"/>
  <attribute name="Output I" value="200"/>
  <attribute name="Output T" value="4"/>
  <attribute name="Target GC Util Change" value ="20.000000" />
  <attribute name="Current GC Util Change" value="17.000000"/>
  <attribute name="GC Util currently" value="17" />
  <attribute name="CPU Util currently" value="825225933069" />
<allocation-satisfied id="3207" threadId="00000000013EA800" bytesRequested="24" />
<af-end id="3208" timestamp="2019-06-17T03:12:54.565" threadId="00000000013EB188" success="true" from="nursery"/>
<exclusive-end id="3209" timestamp="2019-06-17T03:12:54.565" durationms="1.316" />

<exclusive-start id="3210" timestamp="2019-06-17T03:12:54.570" intervalms="5.620">
  <response-info timems="0.079" idlems="0.079" threads="0" lastid="00000000013E6C00" lastname="PmdThread 1" />
</exclusive-start>
<af-start id="3211" threadId="00000000013E7588" totalBytesRequested="64" timestamp="2019-06-17T03:12:54.570" intervalms="5.655" type="nursery" />
<cycle-start id="3212" type="scavenge" contextid="0" timestamp="2019-06-17T03:12:54.570" intervalms="5.673" />
<gc-start id="3213" type="scavenge" contextid="3212" timestamp="2019-06-17T03:12:54.570">
  <mem-info id="3214" free="2051392648" total="2092630016" percent="98">
    <mem type="nursery" free="0" total="2097152" percent="0">
      <mem type="allocate" free="0" total="1572864" percent="0" />
      <mem type="survivor" free="0" total="524288" percent="0" />
    </mem>
    <mem type="tenure" free="2051392648" total="2090532864" percent="98">
      <mem type="soa" free="1946866824" total="1986007040" percent="98" />
      <mem type="loa" free="104525824" total="104525824" percent="100" />
    </mem>
    <remembered-set count="368" />
  </mem-info>
</gc-start>
<allocation-stats totalBytes="1150528" >
  <allocated-bytes non-tlh="24" tlh="1150504" />
  <largest-consumer threadName="PmdThread 3" threadId="00000000013F2400" bytes="532328" />
</allocation-stats>
<gc-op id="3215" type="scavenge" timems="0.740" contextid="3212" timestamp="2019-06-17T03:12:54.571">
  <scavenger-info tenureage="10" tenuremask="7c00" tiltratio="75" />
  <memory-copied type="nursery" objects="6026" bytes="392280" bytesdiscarded="123312" />
  <references type="weak" candidates="51" cleared="51" enqueued="51" />
  <references type="phantom" candidates="1" cleared="1" enqueued="1" />
</gc-op>
<gc-end id="3216" type="scavenge" contextid="3212" durationms="1.157" usertimems="0.000" systemtimems="0.000" timestamp="2019-06-17T03:12:54.571" activeThreads="4">
  <mem-info id="3217" free="2052449128" total="2092630016" percent="98">
    <mem type="nursery" free="1056480" total="2097152" percent="50">
      <mem type="allocate" free="1056480" total="1572864" percent="67" />
      <mem type="survivor" free="0" total="524288" percent="0" />
    </mem>
    <mem type="tenure" free="2051392648" total="2090532864" percent="98">
      <mem type="soa" free="1946866824" total="1986007040" percent="98" />
      <mem type="loa" free="104525824" total="104525824" percent="100" />
    </mem>
    <pending-finalizers system="0" default="0" reference="52" classloader="0" />
    <remembered-set count="301" />
  </mem-info>
</gc-end>
<cycle-end id="3218" type="scavenge" contextid="3212" timestamp="2019-06-17T03:12:54.571" />
  <attribute name="elasticGC enabled" value="1" />
  <attribute name= "numThreadsSpecified" value="4" />
  <attribute name="heapSize specified" value="8388608" />
  <attribute name="Current GC Util" value="22" />
  <attribute name= "Current Time Running" value="13140" />
  <attribute name ="GC Interval" value="200" />
  <attribute name="ProportionalT" value="3.000000" />
  <attribute name="ProportionalI" value="3.000000" />
  <attribute name="ProportionalH" value="3.000000" />
  <attribute name="Current Error" value="2.000000" />
  <attribute name="IntegralT" value="12.000000" />
  <attribute name="IntegralI" value="12.000000" />
  <attribute name="IntegralH" value="12.000000" />
  <attribute name="DerivativeT" value="0.500000" />
  <attribute name="DerivativeI" value="0.500000" />
  <attribute name="DerivativeH" value="0.500000" />
  <attribute name="Loop Time for DT" value="6.000000" />
  <attribute name="Output H" value="8388608"/>
  <attribute name="Output I" value="200"/>
  <attribute name="Output T" value="4"/>
  <attribute name="Target GC Util Change" value ="20.000000" />
  <attribute name="Current GC Util Change" value="22.000000"/>
  <attribute name="GC Util currently" value="22" />
  <attribute name="CPU Util currently" value="813992804626" />
<allocation-satisfied id="3219" threadId="00000000013E6C00" bytesRequested="64" />
<af-end id="3220" timestamp="2019-06-17T03:12:54.572" threadId="00000000013E7588" success="true" from="nursery"/>
<exclusive-end id="3221" timestamp="2019-06-17T03:12:54.572" durationms="1.965" />

<exclusive-start id="3222" timestamp="2019-06-17T03:12:54.574" intervalms="4.289">
  <response-info timems="0.090" idlems="0.054" threads="2" lastid="00000000013E6C00" lastname="PmdThread 1" />
</exclusive-start>
<af-start id="3223" threadId="00000000013EB188" totalBytesRequested="56" timestamp="2019-06-17T03:12:54.574" intervalms="4.201" type="nursery" />
<cycle-start id="3224" type="scavenge" contextid="0" timestamp="2019-06-17T03:12:54.574" intervalms="4.155" />
<gc-start id="3225" type="scavenge" contextid="3224" timestamp="2019-06-17T03:12:54.574">
  <mem-info id="3226" free="2051392576" total="2092630016" percent="98">
    <mem type="nursery" free="0" total="2097152" percent="0">
      <mem type="allocate" free="0" total="1572864" percent="0" />
      <mem type="survivor" free="0" total="524288" percent="0" />
    </mem>
    <mem type="tenure" free="2051392576" total="2090532864" percent="98">
      <mem type="soa" free="1946866752" total="1986007040" percent="98" />
      <mem type="loa" free="104525824" total="104525824" percent="100" />
    </mem>
    <remembered-set count="431" />
  </mem-info>
</gc-start>
<allocation-stats totalBytes="1035192" >
  <allocated-bytes non-tlh="16528" tlh="1018664" />
  <largest-consumer threadName="PmdThread 4" threadId="00000000013F6000" bytes="678640" />
</allocation-stats>
<gc-op id="3227" type="scavenge" timems="0.554" contextid="3224" timestamp="2019-06-17T03:12:54.575">
  <scavenger-info tenureage="3" tenuremask="7c18" tiltratio="75" />
  <memory-copied type="nursery" objects="5087" bytes="377328" bytesdiscarded="146912" />
  <memory-copied type="tenure" objects="2179" bytes="193976" bytesdiscarded="40" />
  <copy-failed type="nursery" objects="334" bytes="10456" />
  <references type="weak" candidates="111" cleared="111" enqueued="111" />
  <references type="phantom" candidates="3" cleared="1" enqueued="1" />
</gc-op>
<gc-end id="3228" type="scavenge" contextid="3224" durationms="0.754" usertimems="4.000" systemtimems="0.000" timestamp="2019-06-17T03:12:54.575" activeThreads="4">
  <mem-info id="3229" free="2052215048" total="2092630016" percent="98">
    <mem type="nursery" free="1114112" total="2097152" percent="53">
      <mem type="allocate" free="1114112" total="1638400" percent="68" />
      <mem type="survivor" free="0" total="458752" percent="0" />
    </mem>
    <mem type="tenure" free="2051100936" total="2090532864" percent="98">
      <mem type="soa" free="1946575112" total="1986007040" percent="98" />
      <mem type="loa" free="104525824" total="104525824" percent="100" />
    </mem>
    <pending-finalizers system="0" default="0" reference="112" classloader="0" />
    <remembered-set count="177" />
  </mem-info>
</gc-end>
<cycle-end id="3230" type="scavenge" contextid="3224" timestamp="2019-06-17T03:12:54.575" />
  <attribute name="elasticGC enabled" value="1" />
  <attribute name= "numThreadsSpecified" value="4" />
  <attribute name="heapSize specified" value="8388608" />
  <attribute name="Current GC Util" value="38" />
  <attribute name= "Current Time Running" value="13144" />
  <attribute name ="GC Interval" value="200" />
  <attribute name="ProportionalT" value="27.000000" />
  <attribute name="ProportionalI" value="27.000000" />
  <attribute name="ProportionalH" value="27.000000" />
  <attribute name="Current Error" value="18.000000" />
  <attribute name="IntegralT" value="72.000000" />
  <attribute name="IntegralI" value="72.000000" />
  <attribute name="IntegralH" value="72.000000" />
  <attribute name="DerivativeT" value="6.000000" />
  <attribute name="DerivativeI" value="6.000000" />
  <attribute name="DerivativeH" value="6.000000" />
  <attribute name="Loop Time for DT" value="4.000000" />
  <attribute name="Output H" value="8388608"/>
  <attribute name="Output I" value="200"/>
  <attribute name="Output T" value="4"/>
  <attribute name="Target GC Util Change" value ="20.000000" />
  <attribute name="Current GC Util Change" value="38.000000"/>
  <attribute name="GC Util currently" value="38" />
  <attribute name="CPU Util currently" value="1124338839722" />
<allocation-satisfied id="3231" threadId="00000000013EA800" bytesRequested="56" />
<af-end id="3232" timestamp="2019-06-17T03:12:54.575" threadId="00000000013EB188" success="true" from="nursery"/>
<exclusive-end id="3233" timestamp="2019-06-17T03:12:54.575" durationms="1.185" />

<exclusive-start id="3234" timestamp="2019-06-17T03:12:54.579" intervalms="4.572">
  <response-info timems="0.068" idlems="0.036" threads="1" lastid="00000000013EA800" lastname="PmdThread 2" />
</exclusive-start>
<af-start id="3235" threadId="00000000013F6988" totalBytesRequested="712" timestamp="2019-06-17T03:12:54.579" intervalms="4.645" type="nursery" />
<cycle-start id="3236" type="scavenge" contextid="0" timestamp="2019-06-17T03:12:54.579" intervalms="4.724" />
<gc-start id="3237" type="scavenge" contextid="3236" timestamp="2019-06-17T03:12:54.579">
  <mem-info id="3238" free="2051100720" total="2092630016" percent="98">
    <mem type="nursery" free="0" total="2097152" percent="0">
      <mem type="allocate" free="0" total="1638400" percent="0" />
      <mem type="survivor" free="0" total="458752" percent="0" />
    </mem>
    <mem type="tenure" free="2051100720" total="2090532864" percent="98">
      <mem type="soa" free="1946574896" total="1986007040" percent="98" />
      <mem type="loa" free="104525824" total="104525824" percent="100" />
    </mem>
    <remembered-set count="290" />
  </mem-info>
</gc-start>
<allocation-stats totalBytes="1111760" >
  <allocated-bytes non-tlh="272" tlh="1111488" />
  <largest-consumer threadName="PmdThread 4" threadId="00000000013F6000" bytes="538792" />
</allocation-stats>
<gc-op id="3239" type="scavenge" timems="0.535" contextid="3236" timestamp="2019-06-17T03:12:54.580">
  <scavenger-info tenureage="3" tenuremask="7c08" tiltratio="78" />
  <memory-copied type="nursery" objects="4490" bytes="278512" bytesdiscarded="179616" />
  <memory-copied type="tenure" objects="1968" bytes="128656" bytesdiscarded="40" />
  <references type="weak" candidates="135" cleared="134" enqueued="134" />
  <references type="phantom" candidates="1" cleared="0" enqueued="0" />
</gc-op>
<gc-end id="3240" type="scavenge" contextid="3236" durationms="0.906" usertimems="4.000" systemtimems="0.000" timestamp="2019-06-17T03:12:54.580" activeThreads="4">
  <mem-info id="3241" free="2052054560" total="2092630016" percent="98">
    <mem type="nursery" free="1179648" total="2097152" percent="56">
      <mem type="allocate" free="1179648" total="1638400" percent="72" />
      <mem type="survivor" free="0" total="458752" percent="0" />
    </mem>
    <mem type="tenure" free="2050874912" total="2090532864" percent="98">
      <mem type="soa" free="1946349088" total="1986007040" percent="98" />
      <mem type="loa" free="104525824" total="104525824" percent="100" />
    </mem>
    <pending-finalizers system="0" default="0" reference="134" classloader="0" />
    <remembered-set count="196" />
  </mem-info>
</gc-end>
<cycle-end id="3242" type="scavenge" contextid="3236" timestamp="2019-06-17T03:12:54.580" />
  <attribute name="elasticGC enabled" value="1" />
  <attribute name= "numThreadsSpecified" value="4" />
  <attribute name="heapSize specified" value="8388608" />
  <attribute name="Current GC Util" value="27" />
  <attribute name= "Current Time Running" value="13149" />
  <attribute name ="GC Interval" value="200" />
  <attribute name="ProportionalT" value="10.500000" />
  <attribute name="ProportionalI" value="10.500000" />
  <attribute name="ProportionalH" value="10.500000" />
  <attribute name="Current Error" value="7.000000" />
  <attribute name="IntegralT" value="35.000000" />
  <attribute name="IntegralI" value="35.000000" />
  <attribute name="IntegralH" value="35.000000" />
  <attribute name="DerivativeT" value="-3.300000" />
  <attribute name="DerivativeI" value="-3.300000" />
  <attribute name="DerivativeH" value="-3.300000" />
  <attribute name="Loop Time for DT" value="5.000000" />
  <attribute name="Output H" value="8388608"/>
  <attribute name="Output I" value="200"/>
  <attribute name="Output T" value="4"/>
  <attribute name="Target GC Util Change" value ="20.000000" />
  <attribute name="Current GC Util Change" value="27.000000"/>
  <attribute name="GC Util currently" value="27" />
  <attribute name="CPU Util currently" value="934472635980" />
<allocation-satisfied id="3243" threadId="00000000013F6000" bytesRequested="712" />
<af-end id="3244" timestamp="2019-06-17T03:12:54.580" threadId="00000000013F6988" success="true" from="nursery"/>
<exclusive-end id="3245" timestamp="2019-06-17T03:12:54.580" durationms="1.638" />

<exclusive-start id="3246" timestamp="2019-06-17T03:12:54.585" intervalms="6.653">
  <response-info timems="0.063" idlems="0.063" threads="0" lastid="00000000013F6000" lastname="PmdThread 4" />
</exclusive-start>
<af-start id="3247" threadId="00000000013F6988" totalBytesRequested="744" timestamp="2019-06-17T03:12:54.586" intervalms="6.970" type="nursery" />
<cycle-start id="3248" type="scavenge" contextid="0" timestamp="2019-06-17T03:12:54.586" intervalms="6.942" />
<gc-start id="3249" type="scavenge" contextid="3248" timestamp="2019-06-17T03:12:54.586">
  <mem-info id="3250" free="2050874912" total="2092630016" percent="98">
    <mem type="nursery" free="0" total="2097152" percent="0">
      <mem type="allocate" free="0" total="1638400" percent="0" />
      <mem type="survivor" free="0" total="458752" percent="0" />
    </mem>
    <mem type="tenure" free="2050874912" total="2090532864" percent="98">
      <mem type="soa" free="1946349088" total="1986007040" percent="98" />
      <mem type="loa" free="104525824" total="104525824" percent="100" />
    </mem>
    <remembered-set count="308" />
  </mem-info>
</gc-start>
<allocation-stats totalBytes="1176720" >
  <allocated-bytes non-tlh="712" tlh="1176008" />
  <largest-consumer threadName="PmdThread 4" threadId="00000000013F6000" bytes="567008" />
</allocation-stats>
<gc-op id="3251" type="scavenge" timems="0.562" contextid="3248" timestamp="2019-06-17T03:12:54.587">
  <scavenger-info tenureage="10" tenuremask="7c00" tiltratio="78" />
  <memory-copied type="nursery" objects="4709" bytes="288472" bytesdiscarded="44032" />
  <references type="weak" candidates="166" cleared="166" enqueued="166" />
  <references type="phantom" candidates="2" cleared="2" enqueued="2" />
</gc-op>
<gc-end id="3252" type="scavenge" contextid="3248" durationms="1.270" usertimems="0.000" systemtimems="0.000" timestamp="2019-06-17T03:12:54.588" activeThreads="4">
  <mem-info id="3253" free="2052179936" total="2092630016" percent="98">
    <mem type="nursery" free="1305024" total="2097152" percent="62">
      <mem type="allocate" free="1305024" total="1638400" percent="79" />
      <mem type="survivor" free="0" total="458752" percent="0" />
    </mem>
    <mem type="tenure" free="2050874912" total="2090532864" percent="98">
      <mem type="soa" free="1946349088" total="1986007040" percent="98" />
      <mem type="loa" free="104525824" total="104525824" percent="100" />
    </mem>
    <pending-finalizers system="0" default="0" reference="168" classloader="0" />
    <remembered-set count="222" />
  </mem-info>
</gc-end>
<cycle-end id="3254" type="scavenge" contextid="3248" timestamp="2019-06-17T03:12:54.588" />
  <attribute name="elasticGC enabled" value="1" />
  <attribute name= "numThreadsSpecified" value="4" />
  <attribute name="heapSize specified" value="8388608" />
  <attribute name="Current GC Util" value="17" />
  <attribute name= "Current Time Running" value="13157" />
  <attribute name ="GC Interval" value="200" />
  <attribute name="ProportionalT" value="-4.500000" />
  <attribute name="ProportionalI" value="-4.500000" />
  <attribute name="ProportionalH" value="-4.500000" />
  <attribute name="Current Error" value="-3.000000" />
  <attribute name="IntegralT" value="-24.000000" />
  <attribute name="IntegralI" value="-24.000000" />
  <attribute name="IntegralH" value="-24.000000" />
  <attribute name="DerivativeT" value="-1.875000" />
  <attribute name="DerivativeI" value="-1.875000" />
  <attribute name="DerivativeH" value="-1.875000" />
  <attribute name="Loop Time for DT" value="8.000000" />
  <attribute name="Output H" value="2092630016"/>
  <attribute name="Output I" value="200"/>
  <attribute name="Output T" value="4"/>
  <attribute name="Target GC Util Change" value ="20.000000" />
  <attribute name="Current GC Util Change" value="17.000000"/>
  <attribute name="GC Util currently" value="17" />
  <attribute name="CPU Util currently" value="604335736164" />
<allocation-satisfied id="3255" threadId="00000000013F6000" bytesRequested="744" />
<af-end id="3256" timestamp="2019-06-17T03:12:54.588" threadId="00000000013F6988" success="true" from="nursery"/>
<exclusive-end id="3257" timestamp="2019-06-17T03:12:54.588" durationms="2.673" />

<exclusive-start id="3258" timestamp="2019-06-17T03:12:54.593" intervalms="7.753">
  <response-info timems="0.035" idlems="0.020" threads="1" lastid="00000000013EA800" lastname="PmdThread 2" />
</exclusive-start>
<af-start id="3259" threadId="00000000013F6988" totalBytesRequested="168" timestamp="2019-06-17T03:12:54.593" intervalms="7.556" type="nursery" />
<cycle-start id="3260" type="scavenge" contextid="0" timestamp="2019-06-17T03:12:54.593" intervalms="7.510" />
<gc-start id="3261" type="scavenge" contextid="3260" timestamp="2019-06-17T03:12:54.593">
  <mem-info id="3262" free="2050874912" total="2092630016" percent="98">
    <mem type="nursery" free="0" total="2097152" percent="0">
      <mem type="allocate" free="0" total="1638400" percent="0" />
      <mem type="survivor" free="0" total="458752" percent="0" />
    </mem>
    <mem type="tenure" free="2050874912" total="2090532864" percent="98">
      <mem type="soa" free="1946349088" total="1986007040" percent="98" />
      <mem type="loa" free="104525824" total="104525824" percent="100" />
    </mem>
    <remembered-set count="338" />
  </mem-info>
</gc-start>
<allocation-stats totalBytes="1302696" >
  <allocated-bytes non-tlh="49920" tlh="1252776" />
  <largest-consumer threadName="PmdThread 4" threadId="00000000013F6000" bytes="430968" />
</allocation-stats>
<gc-op id="3263" type="scavenge" timems="0.588" contextid="3260" timestamp="2019-06-17T03:12:54.594">
  <scavenger-info tenureage="3" tenuremask="7c18" tiltratio="78" />
  <memory-copied type="nursery" objects="5039" bytes="353880" bytesdiscarded="55344" />
  <memory-copied type="tenure" objects="2495" bytes="207968" bytesdiscarded="272" />
  <references type="weak" candidates="74" cleared="74" enqueued="74" />
  <references type="phantom" candidates="3" cleared="3" enqueued="3" />
</gc-op>
<gc-end id="3264" type="scavenge" contextid="3260" durationms="0.809" usertimems="4.000" systemtimems="0.000" timestamp="2019-06-17T03:12:54.594" activeThreads="4">
  <mem-info id="3265" free="2051990720" total="2092630016" percent="98">
    <mem type="nursery" free="1228752" total="2097152" percent="58">
      <mem type="allocate" free="1228752" total="1638400" percent="74" />
      <mem type="survivor" free="0" total="458752" percent="0" />
    </mem>
    <mem type="tenure" free="2050761968" total="2090532864" percent="98">
      <mem type="soa" free="1946236144" total="1986007040" percent="97" />
      <mem type="loa" free="104525824" total="104525824" percent="100" />
    </mem>
    <pending-finalizers system="0" default="0" reference="77" classloader="0" />
    <remembered-set count="226" />
  </mem-info>
</gc-end>
<cycle-end id="3266" type="scavenge" contextid="3260" timestamp="2019-06-17T03:12:54.594" />
  <attribute name="elasticGC enabled" value="1" />
  <attribute name= "numThreadsSpecified" value="4" />
  <attribute name="heapSize specified" value="8388608" />
  <attribute name="Current GC Util" value="15" />
  <attribute name= "Current Time Running" value="13163" />
  <attribute name ="GC Interval" value="200" />
  <attribute name="ProportionalT" value="-7.500000" />
  <attribute name="ProportionalI" value="-7.500000" />
  <attribute name="ProportionalH" value="-7.500000" />
  <attribute name="Current Error" value="-5.000000" />
  <attribute name="IntegralT" value="-30.000000" />
  <attribute name="IntegralI" value="-30.000000" />
  <attribute name="IntegralH" value="-30.000000" />
  <attribute name="DerivativeT" value="-1.250000" />
  <attribute name="DerivativeI" value="-1.250000" />
  <attribute name="DerivativeH" value="-1.250000" />
  <attribute name="Loop Time for DT" value="6.000000" />
  <attribute name="Output H" value="2092630016"/>
  <attribute name="Output I" value="200"/>
  <attribute name="Output T" value="4"/>
  <attribute name="Target GC Util Change" value ="20.000000" />
  <attribute name="Current GC Util Change" value="15.000000"/>
  <attribute name="GC Util currently" value="15" />
  <attribute name="CPU Util currently" value="694536045199" />
<allocation-satisfied id="3267" threadId="00000000013F6000" bytesRequested="168" />
<af-end id="3268" timestamp="2019-06-17T03:12:54.594" threadId="00000000013F6988" success="true" from="nursery"/>
<exclusive-end id="3269" timestamp="2019-06-17T03:12:54.594" durationms="1.436" />

<exclusive-start id="3270" timestamp="2019-06-17T03:12:54.598" intervalms="4.531">
  <response-info timems="0.098" idlems="0.048" threads="2" lastid="00000000010DDF00" lastname="JIT Compilation Thread-1" />
</exclusive-start>
<af-start id="3271" threadId="00000000013F2D88" totalBytesRequested="64" timestamp="2019-06-17T03:12:54.598" intervalms="4.358" type="nursery" />
<cycle-start id="3272" type="scavenge" contextid="0" timestamp="2019-06-17T03:12:54.598" intervalms="4.413" />
<gc-start id="3273" type="scavenge" contextid="3272" timestamp="2019-06-17T03:12:54.598">
  <mem-info id="3274" free="2050761968" total="2092630016" percent="97">
    <mem type="nursery" free="0" total="2097152" percent="0">
      <mem type="allocate" free="0" total="1638400" percent="0" />
      <mem type="survivor" free="0" total="458752" percent="0" />
    </mem>
    <mem type="tenure" free="2050761968" total="2090532864" percent="98">
      <mem type="soa" free="1946236144" total="1986007040" percent="97" />
      <mem type="loa" free="104525824" total="104525824" percent="100" />
    </mem>
    <remembered-set count="228" />
  </mem-info>
</gc-start>
<allocation-stats totalBytes="1228400" >
  <allocated-bytes non-tlh="16560" tlh="1211840" />
  <largest-consumer threadName="PmdThread 3" threadId="00000000013F2400" bytes="695936" />
</allocation-stats>
<gc-op id="3275" type="scavenge" timems="1.376" contextid="3272" timestamp="2019-06-17T03:12:54.600">
  <scavenger-info tenureage="10" tenuremask="7c00" tiltratio="78" />
  <memory-copied type="nursery" objects="7173" bytes="437600" bytesdiscarded="21080" />
  <memory-copied type="tenure" objects="6640" bytes="367360" bytesdiscarded="192" />
  <copy-failed type="nursery" objects="6640" bytes="367392" />
  <references type="weak" candidates="2" cleared="2" enqueued="2" />
  <references type="phantom" candidates="1" cleared="0" enqueued="0" />
</gc-op>
<gc-end id="3276" type="scavenge" contextid="3272" durationms="1.754" usertimems="4.000" systemtimems="0.000" timestamp="2019-06-17T03:12:54.600" activeThreads="4">
  <mem-info id="3277" free="2050979240" total="2092630016" percent="98">
    <mem type="nursery" free="589824" total="2097152" percent="28">
      <mem type="allocate" free="589824" total="1048576" percent="56" />
      <mem type="survivor" free="0" total="1048576" percent="0" />
    </mem>
    <mem type="tenure" free="2050389416" total="2090532864" percent="98">
      <mem type="soa" free="1945863592" total="1986007040" percent="97" />
      <mem type="loa" free="104525824" total="104525824" percent="100" />
    </mem>
    <pending-finalizers system="0" default="0" reference="2" classloader="0" />
    <remembered-set count="3099" />
  </mem-info>
</gc-end>
<cycle-end id="3278" type="scavenge" contextid="3272" timestamp="2019-06-17T03:12:54.600" />
  <attribute name="elasticGC enabled" value="1" />
  <attribute name= "numThreadsSpecified" value="4" />
  <attribute name="heapSize specified" value="8388608" />
  <attribute name="Current GC Util" value="29" />
  <attribute name= "Current Time Running" value="13168" />
  <attribute name ="GC Interval" value="200" />
  <attribute name="ProportionalT" value="13.500000" />
  <attribute name="ProportionalI" value="13.500000" />
  <attribute name="ProportionalH" value="13.500000" />
  <attribute name="Current Error" value="9.000000" />
  <attribute name="IntegralT" value="45.000000" />
  <attribute name="IntegralI" value="45.000000" />
  <attribute name="IntegralH" value="45.000000" />
  <attribute name="DerivativeT" value="2.700000" />
  <attribute name="DerivativeI" value="2.700000" />
  <attribute name="DerivativeH" value="2.700000" />
  <attribute name="Loop Time for DT" value="5.000000" />
  <attribute name="Output H" value="8388608"/>
  <attribute name="Output I" value="200"/>
  <attribute name="Output T" value="4"/>
  <attribute name="Target GC Util Change" value ="20.000000" />
  <attribute name="Current GC Util Change" value="29.000000"/>
  <attribute name="GC Util currently" value="29" />
  <attribute name="CPU Util currently" value="1009246880872" />
<allocation-satisfied id="3279" threadId="00000000013F2400" bytesRequested="64" />
<af-end id="3280" timestamp="2019-06-17T03:12:54.600" threadId="00000000013F2D88" success="true" from="nursery"/>
<exclusive-end id="3281" timestamp="2019-06-17T03:12:54.600" durationms="2.334" />

<exclusive-start id="3282" timestamp="2019-06-17T03:12:54.602" intervalms="4.163">
  <response-info timems="0.068" idlems="0.068" threads="0" lastid="00000000013E6C00" lastname="PmdThread 1" />
</exclusive-start>
<af-start id="3283" threadId="00000000013E7588" totalBytesRequested="88" timestamp="2019-06-17T03:12:54.602" intervalms="4.180" type="nursery" />
<cycle-start id="3284" type="scavenge" contextid="0" timestamp="2019-06-17T03:12:54.602" intervalms="4.160" />
<gc-start id="3285" type="scavenge" contextid="3284" timestamp="2019-06-17T03:12:54.602">
  <mem-info id="3286" free="2050389416" total="2092630016" percent="97">
    <mem type="nursery" free="0" total="2097152" percent="0">
      <mem type="allocate" free="0" total="1048576" percent="0" />
      <mem type="survivor" free="0" total="1048576" percent="0" />
    </mem>
    <mem type="tenure" free="2050389416" total="2090532864" percent="98">
      <mem type="soa" free="1945863592" total="1986007040" percent="97" />
      <mem type="loa" free="104525824" total="104525824" percent="100" />
    </mem>
    <remembered-set count="3107" />
  </mem-info>
</gc-start>
<allocation-stats totalBytes="588984" >
  <allocated-bytes non-tlh="64" tlh="588920" />
  <largest-consumer threadName="PmdThread 3" threadId="00000000013F2400" bytes="266184" />
</allocation-stats>
<gc-op id="3287" type="scavenge" timems="0.608" contextid="3284" timestamp="2019-06-17T03:12:54.603">
  <scavenger-info tenureage="4" tenuremask="7e10" tiltratio="50" />
  <memory-copied type="nursery" objects="8498" bytes="500128" bytesdiscarded="182144" />
  <memory-copied type="tenure" objects="1343" bytes="46400" bytesdiscarded="0" />
  <references type="weak" candidates="38" cleared="38" enqueued="38" />
  <references type="phantom" candidates="2" cleared="1" enqueued="1" />
</gc-op>
<gc-end id="3288" type="scavenge" contextid="3284" durationms="1.028" usertimems="4.000" systemtimems="0.000" timestamp="2019-06-17T03:12:54.603" activeThreads="4">
  <mem-info id="3289" free="2050755680" total="2092630016" percent="97">
    <mem type="nursery" free="366264" total="2097152" percent="17">
      <mem type="allocate" free="366264" total="1048576" percent="34" />
      <mem type="survivor" free="0" total="1048576" percent="0" />
    </mem>
    <mem type="tenure" free="2050389416" total="2090532864" percent="98">
      <mem type="soa" free="1945863592" total="1986007040" percent="97" />
      <mem type="loa" free="104525824" total="104525824" percent="100" />
    </mem>
    <pending-finalizers system="0" default="0" reference="39" classloader="0" />
    <remembered-set count="2921" />
  </mem-info>
</gc-end>
<cycle-end id="3290" type="scavenge" contextid="3284" timestamp="2019-06-17T03:12:54.603" />
  <attribute name="elasticGC enabled" value="1" />
  <attribute name= "numThreadsSpecified" value="4" />
  <attribute name="heapSize specified" value="8388608" />
  <attribute name="Current GC Util" value="49" />
  <attribute name= "Current Time Running" value="13172" />
  <attribute name ="GC Interval" value="200" />
  <attribute name="ProportionalT" value="43.500000" />
  <attribute name="ProportionalI" value="43.500000" />
  <attribute name="ProportionalH" value="43.500000" />
  <attribute name="Current Error" value="29.000000" />
  <attribute name="IntegralT" value="116.000000" />
  <attribute name="IntegralI" value="116.000000" />
  <attribute name="IntegralH" value="116.000000" />
  <attribute name="DerivativeT" value="7.500000" />
  <attribute name="DerivativeI" value="7.500000" />
  <attribute name="DerivativeH" value="7.500000" />
  <attribute name="Loop Time for DT" value="4.000000" />
  <attribute name="Output H" value="8388608"/>
  <attribute name="Output I" value="200"/>
  <attribute name="Output T" value="4"/>
  <attribute name="Target GC Util Change" value ="20.000000" />
  <attribute name="Current GC Util Change" value="49.000000"/>
  <attribute name="GC Util currently" value="49" />
  <attribute name="CPU Util currently" value="1140575624869" />
<allocation-satisfied id="3291" threadId="00000000013E6C00" bytesRequested="88" />
<af-end id="3292" timestamp="2019-06-17T03:12:54.603" threadId="00000000013E7588" success="true" from="nursery"/>
<exclusive-end id="3293" timestamp="2019-06-17T03:12:54.604" durationms="1.812" />

<exclusive-start id="3294" timestamp="2019-06-17T03:12:54.604" intervalms="2.710">
  <response-info timems="0.075" idlems="0.075" threads="0" lastid="00000000013E6C00" lastname="PmdThread 1" />
</exclusive-start>
<af-start id="3295" threadId="00000000013E7588" totalBytesRequested="40" timestamp="2019-06-17T03:12:54.605" intervalms="2.677" type="nursery" />
<cycle-start id="3296" type="scavenge" contextid="0" timestamp="2019-06-17T03:12:54.605" intervalms="2.635" />
<gc-start id="3297" type="scavenge" contextid="3296" timestamp="2019-06-17T03:12:54.605">
  <mem-info id="3298" free="2050389416" total="2092630016" percent="97">
    <mem type="nursery" free="0" total="2097152" percent="0">
      <mem type="allocate" free="0" total="1048576" percent="0" />
      <mem type="survivor" free="0" total="1048576" percent="0" />
    </mem>
    <mem type="tenure" free="2050389416" total="2090532864" percent="98">
      <mem type="soa" free="1945863592" total="1986007040" percent="97" />
      <mem type="loa" free="104525824" total="104525824" percent="100" />
    </mem>
    <remembered-set count="2929" />
  </mem-info>
</gc-start>
<allocation-stats totalBytes="365616" >
  <allocated-bytes non-tlh="88" tlh="365528" />
  <largest-consumer threadName="PmdThread 1" threadId="00000000013E6C00" bytes="201848" />
</allocation-stats>
<gc-op id="3299" type="scavenge" timems="0.540" contextid="3296" timestamp="2019-06-17T03:12:54.605">
  <scavenger-info tenureage="4" tenuremask="7f10" tiltratio="50" />
  <memory-copied type="nursery" objects="8107" bytes="475864" bytesdiscarded="167568" />
  <memory-copied type="tenure" objects="159" bytes="4672" bytesdiscarded="0" />
  <references type="weak" candidates="18" cleared="18" enqueued="18" />
  <references type="phantom" candidates="1" cleared="0" enqueued="0" />
</gc-op>
<gc-end id="3300" type="scavenge" contextid="3296" durationms="0.885" usertimems="4.000" systemtimems="0.000" timestamp="2019-06-17T03:12:54.606" activeThreads="4">
  <mem-info id="3301" free="2050793792" total="2092630016" percent="98">
    <mem type="nursery" free="404376" total="2097152" percent="19">
      <mem type="allocate" free="404376" total="1048576" percent="38" />
      <mem type="survivor" free="0" total="1048576" percent="0" />
    </mem>
    <mem type="tenure" free="2050389416" total="2090532864" percent="98">
      <mem type="soa" free="1945863592" total="1986007040" percent="97" />
      <mem type="loa" free="104525824" total="104525824" percent="100" />
    </mem>
    <pending-finalizers system="0" default="0" reference="18" classloader="0" />
    <remembered-set count="2917" />
  </mem-info>
</gc-end>
<cycle-end id="3302" type="scavenge" contextid="3296" timestamp="2019-06-17T03:12:54.606" />
  <attribute name="elasticGC enabled" value="1" />
  <attribute name= "numThreadsSpecified" value="4" />
  <attribute name="heapSize specified" value="8388608" />
  <attribute name="Current GC Util" value="58" />
  <attribute name= "Current Time Running" value="13175" />
  <attribute name ="GC Interval" value="200" />
  <attribute name="ProportionalT" value="57.000000" />
  <attribute name="ProportionalI" value="57.000000" />
  <attribute name="ProportionalH" value="57.000000" />
  <attribute name="Current Error" value="38.000000" />
  <attribute name="IntegralT" value="114.000000" />
  <attribute name="IntegralI" value="114.000000" />
  <attribute name="IntegralH" value="114.000000" />
  <attribute name="DerivativeT" value="4.500000" />
  <attribute name="DerivativeI" value="4.500000" />
  <attribute name="DerivativeH" value="4.500000" />
  <attribute name="Loop Time for DT" value="3.000000" />
  <attribute name="Output H" value="8388608"/>
  <attribute name="Output I" value="200"/>
  <attribute name="Output T" value="4"/>
  <attribute name="Target GC Util Change" value ="20.000000" />
  <attribute name="Current GC Util Change" value="58.000000"/>
  <attribute name="GC Util currently" value="58" />
  <attribute name="CPU Util currently" value="1806148530199" />
<allocation-satisfied id="3303" threadId="00000000013E6C00" bytesRequested="40" />
<af-end id="3304" timestamp="2019-06-17T03:12:54.606" threadId="00000000013E7588" success="true" from="nursery"/>
<exclusive-end id="3305" timestamp="2019-06-17T03:12:54.606" durationms="1.387" />

<exclusive-start id="3306" timestamp="2019-06-17T03:12:54.607" intervalms="2.344">
  <response-info timems="0.061" idlems="0.061" threads="0" lastid="00000000013F2400" lastname="PmdThread 3" />
</exclusive-start>
<af-start id="3307" threadId="00000000013F2D88" totalBytesRequested="72" timestamp="2019-06-17T03:12:54.607" intervalms="2.393" type="nursery" />
<cycle-start id="3308" type="scavenge" contextid="0" timestamp="2019-06-17T03:12:54.607" intervalms="2.427" />
<gc-start id="3309" type="scavenge" contextid="3308" timestamp="2019-06-17T03:12:54.607">
  <mem-info id="3310" free="2050389416" total="2092630016" percent="97">
    <mem type="nursery" free="0" total="2097152" percent="0">
      <mem type="allocate" free="0" total="1048576" percent="0" />
      <mem type="survivor" free="0" total="1048576" percent="0" />
    </mem>
    <mem type="tenure" free="2050389416" total="2090532864" percent="98">
      <mem type="soa" free="1945863592" total="1986007040" percent="97" />
      <mem type="loa" free="104525824" total="104525824" percent="100" />
    </mem>
    <remembered-set count="2925" />
  </mem-info>
</gc-start>
<allocation-stats totalBytes="404144" >
  <allocated-bytes non-tlh="40" tlh="404104" />
  <largest-consumer threadName="PmdThread 1" threadId="00000000013E6C00" bytes="311208" />
</allocation-stats>
<gc-op id="3311" type="scavenge" timems="0.718" contextid="3308" timestamp="2019-06-17T03:12:54.608">
  <scavenger-info tenureage="3" tenuremask="7f98" tiltratio="50" />
  <memory-copied type="nursery" objects="3690" bytes="126280" bytesdiscarded="100264" />
  <memory-copied type="tenure" objects="5388" bytes="369384" bytesdiscarded="376" />
  <references type="weak" candidates="6" cleared="6" enqueued="6" />
</gc-op>
<gc-end id="3312" type="scavenge" contextid="3308" durationms="1.261" usertimems="0.000" systemtimems="0.000" timestamp="2019-06-17T03:12:54.608" activeThreads="4">
  <mem-info id="3313" free="2050751808" total="2092630016" percent="97">
    <mem type="nursery" free="822016" total="2097152" percent="39">
      <mem type="allocate" free="822016" total="1048576" percent="78" />
      <mem type="survivor" free="0" total="1048576" percent="0" />
    </mem>
    <mem type="tenure" free="2049929792" total="2090532864" percent="98">
      <mem type="soa" free="1945403968" total="1986007040" percent="97" />
      <mem type="loa" free="104525824" total="104525824" percent="100" />
    </mem>
    <pending-finalizers system="0" default="0" reference="6" classloader="0" />
    <remembered-set count="384" />
  </mem-info>
</gc-end>
<cycle-end id="3314" type="scavenge" contextid="3308" timestamp="2019-06-17T03:12:54.608" />
  <attribute name="elasticGC enabled" value="1" />
  <attribute name= "numThreadsSpecified" value="4" />
  <attribute name="heapSize specified" value="8388608" />
  <attribute name="Current GC Util" value="57" />
  <attribute name= "Current Time Running" value="13177" />
  <attribute name ="GC Interval" value="200" />
  <attribute name="ProportionalT" value="55.500000" />
  <attribute name="ProportionalI" value="55.500000" />
  <attribute name="ProportionalH" value="55.500000" />
  <attribute name="Current Error" value="37.000000" />
  <attribute name="IntegralT" value="74.000000" />
  <attribute name="IntegralI" value="74.000000" />
  <attribute name="IntegralH" value="74.000000" />
  <attribute name="DerivativeT" value="-0.750000" />
  <attribute name="DerivativeI" value="-0.750000" />
  <attribute name="DerivativeH" value="-0.750000" />
  <attribute name="Loop Time for DT" value="2.000000" />
  <attribute name="Output H" value="8388608"/>
  <attribute name="Output I" value="200"/>
  <attribute name="Output T" value="4"/>
  <attribute name="Target GC Util Change" value ="20.000000" />
  <attribute name="Current GC Util Change" value="57.000000"/>
  <attribute name="GC Util currently" value="57" />
  <attribute name="CPU Util currently" value="1873021456830" />
<allocation-satisfied id="3315" threadId="00000000013F2400" bytesRequested="72" />
<af-end id="3316" timestamp="2019-06-17T03:12:54.609" threadId="00000000013F2D88" success="true" from="nursery"/>
<exclusive-end id="3317" timestamp="2019-06-17T03:12:54.609" durationms="1.814" />

<exclusive-start id="3318" timestamp="2019-06-17T03:12:54.611" intervalms="4.062">
  <response-info timems="0.392" idlems="0.392" threads="0" lastid="00000000013F6000" lastname="PmdThread 4" />
</exclusive-start>
<af-start id="3319" threadId="00000000013F6988" totalBytesRequested="120" timestamp="2019-06-17T03:12:54.611" intervalms="4.011" type="nursery" />
<cycle-start id="3320" type="scavenge" contextid="0" timestamp="2019-06-17T03:12:54.611" intervalms="3.978" />
<gc-start id="3321" type="scavenge" contextid="3320" timestamp="2019-06-17T03:12:54.611">
  <mem-info id="3322" free="2049929792" total="2092630016" percent="97">
    <mem type="nursery" free="0" total="2097152" percent="0">
      <mem type="allocate" free="0" total="1048576" percent="0" />
      <mem type="survivor" free="0" total="1048576" percent="0" />
    </mem>
    <mem type="tenure" free="2049929792" total="2090532864" percent="98">
      <mem type="soa" free="1945403968" total="1986007040" percent="97" />
      <mem type="loa" free="104525824" total="104525824" percent="100" />
    </mem>
    <remembered-set count="518" />
  </mem-info>
</gc-start>
<allocation-stats totalBytes="819984" >
  <allocated-bytes non-tlh="72" tlh="819912" />
  <largest-consumer threadName="PmdThread 4" threadId="00000000013F6000" bytes="819912" />
</allocation-stats>
<gc-op id="3323" type="scavenge" timems="0.482" contextid="3320" timestamp="2019-06-17T03:12:54.612">
  <scavenger-info tenureage="3" tenuremask="7f88" tiltratio="50" />
  <memory-copied type="nursery" objects="1493" bytes="45200" bytesdiscarded="111456" />
  <memory-copied type="tenure" objects="2605" bytes="94320" bytesdiscarded="112" />
  <references type="weak" candidates="149" cleared="149" enqueued="149" />
</gc-op>
<gc-end id="3324" type="scavenge" contextid="3320" durationms="0.676" usertimems="0.000" systemtimems="0.000" timestamp="2019-06-17T03:12:54.612" activeThreads="4">
  <mem-info id="3325" free="2050900800" total="2092630016" percent="98">
    <mem type="nursery" free="1088512" total="2097152" percent="51">
      <mem type="allocate" free="1088512" total="1245184" percent="87" />
      <mem type="survivor" free="0" total="851968" percent="0" />
    </mem>
    <mem type="tenure" free="2049812288" total="2090532864" percent="98">
      <mem type="soa" free="1945286464" total="1986007040" percent="97" />
      <mem type="loa" free="104525824" total="104525824" percent="100" />
    </mem>
    <pending-finalizers system="0" default="0" reference="149" classloader="0" />
    <remembered-set count="418" />
  </mem-info>
</gc-end>
<cycle-end id="3326" type="scavenge" contextid="3320" timestamp="2019-06-17T03:12:54.612" />
  <attribute name="elasticGC enabled" value="1" />
  <attribute name= "numThreadsSpecified" value="4" />
  <attribute name="heapSize specified" value="8388608" />
  <attribute name="Current GC Util" value="40" />
  <attribute name= "Current Time Running" value="13181" />
  <attribute name ="GC Interval" value="200" />
  <attribute name="ProportionalT" value="30.000000" />
  <attribute name="ProportionalI" value="30.000000" />
  <attribute name="ProportionalH" value="30.000000" />
  <attribute name="Current Error" value="20.000000" />
  <attribute name="IntegralT" value="80.000000" />
  <attribute name="IntegralI" value="80.000000" />
  <attribute name="IntegralH" value="80.000000" />
  <attribute name="DerivativeT" value="-6.375000" />
  <attribute name="DerivativeI" value="-6.375000" />
  <attribute name="DerivativeH" value="-6.375000" />
  <attribute name="Loop Time for DT" value="4.000000" />
  <attribute name="Output H" value="8388608"/>
  <attribute name="Output I" value="200"/>
  <attribute name="Output T" value="4"/>
  <attribute name="Target GC Util Change" value ="20.000000" />
  <attribute name="Current GC Util Change" value="40.000000"/>
  <attribute name="GC Util currently" value="40" />
  <attribute name="CPU Util currently" value="1167860479841" />
<allocation-satisfied id="3327" threadId="00000000013F6000" bytesRequested="120" />
<af-end id="3328" timestamp="2019-06-17T03:12:54.612" threadId="00000000013F6988" success="true" from="nursery"/>
<exclusive-end id="3329" timestamp="2019-06-17T03:12:54.612" durationms="1.292" />

<exclusive-start id="3330" timestamp="2019-06-17T03:12:54.615" intervalms="4.162">
  <response-info timems="0.046" idlems="0.020" threads="2" lastid="00000000013F2400" lastname="PmdThread 3" />
</exclusive-start>
<af-start id="3331" threadId="00000000013EB188" totalBytesRequested="56" timestamp="2019-06-17T03:12:54.615" intervalms="4.209" type="nursery" />
<cycle-start id="3332" type="scavenge" contextid="0" timestamp="2019-06-17T03:12:54.615" intervalms="4.253" />
<gc-start id="3333" type="scavenge" contextid="3332" timestamp="2019-06-17T03:12:54.615">
  <mem-info id="3334" free="2049812288" total="2092630016" percent="97">
    <mem type="nursery" free="0" total="2097152" percent="0">
      <mem type="allocate" free="0" total="1245184" percent="0" />
      <mem type="survivor" free="0" total="851968" percent="0" />
    </mem>
    <mem type="tenure" free="2049812288" total="2090532864" percent="98">
      <mem type="soa" free="1945286464" total="1986007040" percent="97" />
      <mem type="loa" free="104525824" total="104525824" percent="100" />
    </mem>
    <remembered-set count="593" />
  </mem-info>
</gc-start>
<allocation-stats totalBytes="1088144" >
  <allocated-bytes non-tlh="82088" tlh="1006056" />
  <largest-consumer threadName="PmdThread 2" threadId="00000000013EA800" bytes="478056" />
</allocation-stats>
<gc-op id="3335" type="scavenge" timems="0.689" contextid="3332" timestamp="2019-06-17T03:12:54.616">
  <scavenger-info tenureage="8" tenuremask="7f00" tiltratio="59" />
  <memory-copied type="nursery" objects="5992" bytes="333640" bytesdiscarded="62632" />
  <references type="phantom" candidates="1" cleared="0" enqueued="0" />
</gc-op>
<gc-end id="3336" type="scavenge" contextid="3332" durationms="0.896" usertimems="4.000" systemtimems="0.000" timestamp="2019-06-17T03:12:54.616" activeThreads="1">
  <mem-info id="3337" free="2050661160" total="2092630016" percent="97">
    <mem type="nursery" free="848872" total="2097152" percent="40">
      <mem type="allocate" free="848872" total="1245184" percent="68" />
      <mem type="survivor" free="0" total="851968" percent="0" />
    </mem>
    <mem type="tenure" free="2049812288" total="2090532864" percent="98">
      <mem type="soa" free="1945286464" total="1986007040" percent="97" />
      <mem type="loa" free="104525824" total="104525824" percent="100" />
    </mem>
    <remembered-set count="588" />
  </mem-info>
</gc-end>
<cycle-end id="3338" type="scavenge" contextid="3332" timestamp="2019-06-17T03:12:54.616" />
  <attribute name="elasticGC enabled" value="1" />
  <attribute name= "numThreadsSpecified" value="1" />
  <attribute name="heapSize specified" value="8388608" />
  <attribute name="Current GC Util" value="21" />
  <attribute name= "Current Time Running" value="13185" />
  <attribute name ="GC Interval" value="200" />
  <attribute name="ProportionalT" value="1.500000" />
  <attribute name="ProportionalI" value="1.500000" />
  <attribute name="ProportionalH" value="1.500000" />
  <attribute name="Current Error" value="1.000000" />
  <attribute name="IntegralT" value="4.000000" />
  <attribute name="IntegralI" value="4.000000" />
  <attribute name="IntegralH" value="4.000000" />
  <attribute name="DerivativeT" value="-7.125000" />
  <attribute name="DerivativeI" value="-7.125000" />
  <attribute name="DerivativeH" value="-7.125000" />
  <attribute name="Loop Time for DT" value="4.000000" />
  <attribute name="Output H" value="8388608"/>
  <attribute name="Output I" value="200"/>
  <attribute name="Output T" value="1"/>
  <attribute name="Target GC Util Change" value ="20.000000" />
  <attribute name="Current GC Util Change" value="21.000000"/>
  <attribute name="GC Util currently" value="21" />
  <attribute name="CPU Util currently" value="1081415851271" />
<allocation-satisfied id="3339" threadId="00000000013EA800" bytesRequested="56" />
<af-end id="3340" timestamp="2019-06-17T03:12:54.617" threadId="00000000013EB188" success="true" from="nursery"/>
<exclusive-end id="3341" timestamp="2019-06-17T03:12:54.617" durationms="1.568" />

<exclusive-start id="3342" timestamp="2019-06-17T03:12:54.620" intervalms="5.380">
  <response-info timems="0.073" idlems="0.040" threads="1" lastid="00000000013EA800" lastname="PmdThread 2" />
</exclusive-start>
<af-start id="3343" threadId="00000000013F6988" totalBytesRequested="736" timestamp="2019-06-17T03:12:54.621" intervalms="5.382" type="nursery" />
<cycle-start id="3344" type="scavenge" contextid="0" timestamp="2019-06-17T03:12:54.621" intervalms="5.376" />
<gc-start id="3345" type="scavenge" contextid="3344" timestamp="2019-06-17T03:12:54.621">
  <mem-info id="3346" free="2049811616" total="2092630016" percent="97">
    <mem type="nursery" free="0" total="2097152" percent="0">
      <mem type="allocate" free="0" total="1245184" percent="0" />
      <mem type="survivor" free="0" total="851968" percent="0" />
    </mem>
    <mem type="tenure" free="2049811616" total="2090532864" percent="98">
      <mem type="soa" free="1945285792" total="1986007040" percent="97" />
      <mem type="loa" free="104525824" total="104525824" percent="100" />
    </mem>
    <remembered-set count="664" />
  </mem-info>
</gc-start>
<allocation-stats totalBytes="847992" >
  <allocated-bytes non-tlh="728" tlh="847264" />
  <largest-consumer threadName="PmdThread 2" threadId="00000000013EA800" bytes="479712" />
</allocation-stats>
<gc-op id="3347" type="scavenge" timems="0.726" contextid="3344" timestamp="2019-06-17T03:12:54.622">
  <scavenger-info tenureage="8" tenuremask="7f00" tiltratio="59" />
  <memory-copied type="nursery" objects="7186" bytes="368952" bytesdiscarded="140760" />
  <references type="weak" candidates="73" cleared="73" enqueued="73" />
  <references type="phantom" candidates="3" cleared="3" enqueued="3" />
</gc-op>
<gc-end id="3348" type="scavenge" contextid="3344" durationms="1.453" usertimems="0.000" systemtimems="0.000" timestamp="2019-06-17T03:12:54.622" activeThreads="4">
  <mem-info id="3349" free="2050612336" total="2092630016" percent="97">
    <mem type="nursery" free="800720" total="2097152" percent="38">
      <mem type="allocate" free="800720" total="1310720" percent="61" />
      <mem type="survivor" free="0" total="786432" percent="0" />
    </mem>
    <mem type="tenure" free="2049811616" total="2090532864" percent="98">
      <mem type="soa" free="1945285792" total="1986007040" percent="97" />
      <mem type="loa" free="104525824" total="104525824" percent="100" />
    </mem>
    <pending-finalizers system="0" default="0" reference="76" classloader="0" />
    <remembered-set count="617" />
  </mem-info>
</gc-end>
<cycle-end id="3350" type="scavenge" contextid="3344" timestamp="2019-06-17T03:12:54.622" />
  <attribute name="elasticGC enabled" value="1" />
  <attribute name= "numThreadsSpecified" value="4" />
  <attribute name="heapSize specified" value="8388608" />
  <attribute name="Current GC Util" value="17" />
  <attribute name= "Current Time Running" value="13191" />
  <attribute name ="GC Interval" value="200" />
  <attribute name="ProportionalT" value="-4.500000" />
  <attribute name="ProportionalI" value="-4.500000" />
  <attribute name="ProportionalH" value="-4.500000" />
  <attribute name="Current Error" value="-3.000000" />
  <attribute name="IntegralT" value="-18.000000" />
  <attribute name="IntegralI" value="-18.000000" />
  <attribute name="IntegralH" value="-18.000000" />
  <attribute name="DerivativeT" value="-1.000000" />
  <attribute name="DerivativeI" value="-1.000000" />
  <attribute name="DerivativeH" value="-1.000000" />
  <attribute name="Loop Time for DT" value="6.000000" />
  <attribute name="Output H" value="2092630016"/>
  <attribute name="Output I" value="200"/>
  <attribute name="Output T" value="4"/>
  <attribute name="Target GC Util Change" value ="20.000000" />
  <attribute name="Current GC Util Change" value="17.000000"/>
  <attribute name="GC Util currently" value="17" />
  <attribute name="CPU Util currently" value="837278268580" />
<allocation-satisfied id="3351" threadId="00000000013F6000" bytesRequested="736" />
<af-end id="3352" timestamp="2019-06-17T03:12:54.622" threadId="00000000013F6988" success="true" from="nursery"/>
<exclusive-end id="3353" timestamp="2019-06-17T03:12:54.622" durationms="2.072" />

<exclusive-start id="3354" timestamp="2019-06-17T03:12:54.627" intervalms="7.016">
  <response-info timems="0.037" idlems="0.037" threads="0" lastid="00000000013E6C00" lastname="PmdThread 1" />
</exclusive-start>
<af-start id="3355" threadId="00000000013E7588" totalBytesRequested="72" timestamp="2019-06-17T03:12:54.627" intervalms="6.968" type="nursery" />
<cycle-start id="3356" type="scavenge" contextid="0" timestamp="2019-06-17T03:12:54.628" intervalms="6.925" />
<gc-start id="3357" type="scavenge" contextid="3356" timestamp="2019-06-17T03:12:54.628">
  <mem-info id="3358" free="2049810032" total="2092630016" percent="97">
    <mem type="nursery" free="0" total="2097152" percent="0">
      <mem type="allocate" free="0" total="1310720" percent="0" />
      <mem type="survivor" free="0" total="786432" percent="0" />
    </mem>
    <mem type="tenure" free="2049810032" total="2090532864" percent="98">
      <mem type="soa" free="1945284208" total="1986007040" percent="97" />
      <mem type="loa" free="104525824" total="104525824" percent="100" />
    </mem>
    <remembered-set count="717" />
  </mem-info>
</gc-start>
<allocation-stats totalBytes="793640" >
  <allocated-bytes non-tlh="18712" tlh="774928" />
  <largest-consumer threadName="PmdThread 4" threadId="00000000013F6000" bytes="443480" />
</allocation-stats>
<gc-op id="3359" type="scavenge" timems="1.318" contextid="3356" timestamp="2019-06-17T03:12:54.629">
  <scavenger-info tenureage="4" tenuremask="7f30" tiltratio="62" />
  <memory-copied type="nursery" objects="7064" bytes="423680" bytesdiscarded="11728" />
  <memory-copied type="tenure" objects="1039" bytes="29144" bytesdiscarded="32" />
  <references type="weak" candidates="85" cleared="85" enqueued="85" />
  <references type="phantom" candidates="1" cleared="1" enqueued="1" />
</gc-op>
<gc-end id="3360" type="scavenge" contextid="3356" durationms="1.520" usertimems="0.000" systemtimems="0.000" timestamp="2019-06-17T03:12:54.629" activeThreads="1">
  <mem-info id="3361" free="2050711648" total="2092630016" percent="97">
    <mem type="nursery" free="940784" total="2097152" percent="44">
      <mem type="allocate" free="940784" total="1376256" percent="68" />
      <mem type="survivor" free="0" total="720896" percent="0" />
    </mem>
    <mem type="tenure" free="2049770864" total="2090532864" percent="98">
      <mem type="soa" free="1945245040" total="1986007040" percent="97" />
      <mem type="loa" free="104525824" total="104525824" percent="100" />
    </mem>
    <pending-finalizers system="0" default="0" reference="86" classloader="0" />
    <remembered-set count="397" />
  </mem-info>
</gc-end>
<cycle-end id="3362" type="scavenge" contextid="3356" timestamp="2019-06-17T03:12:54.629" />
  <attribute name="elasticGC enabled" value="1" />
  <attribute name= "numThreadsSpecified" value="1" />
  <attribute name="heapSize specified" value="8388608" />
  <attribute name="Current GC Util" value="20" />
  <attribute name= "Current Time Running" value="13198" />
  <attribute name ="GC Interval" value="200" />
  <attribute name="ProportionalT" value="0.000000" />
  <attribute name="ProportionalI" value="0.000000" />
  <attribute name="ProportionalH" value="0.000000" />
  <attribute name="Current Error" value="0.000000" />
  <attribute name="IntegralT" value="0.000000" />
  <attribute name="IntegralI" value="0.000000" />
  <attribute name="IntegralH" value="0.000000" />
  <attribute name="DerivativeT" value="0.000000" />
  <attribute name="DerivativeI" value="0.000000" />
  <attribute name="DerivativeH" value="0.000000" />
  <attribute name="Loop Time for DT" value="7.000000" />
  <attribute name="Output H" value="8388608"/>
  <attribute name="Output I" value="200"/>
  <attribute name="Output T" value="1"/>
  <attribute name="Target GC Util Change" value ="20.000000" />
  <attribute name="Current GC Util Change" value="20.000000"/>
  <attribute name="GC Util currently" value="20" />
  <attribute name="CPU Util currently" value="680937703042" />
<allocation-satisfied id="3363" threadId="00000000013E6C00" bytesRequested="72" />
<af-end id="3364" timestamp="2019-06-17T03:12:54.629" threadId="00000000013E7588" success="true" from="nursery"/>
<exclusive-end id="3365" timestamp="2019-06-17T03:12:54.629" durationms="1.927" />

<exclusive-start id="3366" timestamp="2019-06-17T03:12:54.632" intervalms="4.739">
  <response-info timems="0.057" idlems="0.054" threads="1" lastid="00000000013E6C00" lastname="PmdThread 1" />
</exclusive-start>
<af-start id="3367" threadId="00000000013F6988" totalBytesRequested="128" timestamp="2019-06-17T03:12:54.632" intervalms="4.747" type="nursery" />
<cycle-start id="3368" type="scavenge" contextid="0" timestamp="2019-06-17T03:12:54.632" intervalms="4.764" />
<gc-start id="3369" type="scavenge" contextid="3368" timestamp="2019-06-17T03:12:54.632">
  <mem-info id="3370" free="2049770864" total="2092630016" percent="97">
    <mem type="nursery" free="0" total="2097152" percent="0">
      <mem type="allocate" free="0" total="1376256" percent="0" />
      <mem type="survivor" free="0" total="720896" percent="0" />
    </mem>
    <mem type="tenure" free="2049770864" total="2090532864" percent="98">
      <mem type="soa" free="1945245040" total="1986007040" percent="97" />
      <mem type="loa" free="104525824" total="104525824" percent="100" />
    </mem>
    <remembered-set count="522" />
  </mem-info>
</gc-start>
<allocation-stats totalBytes="938032" >
  <allocated-bytes non-tlh="72" tlh="937960" />
  <largest-consumer threadName="PmdThread 4" threadId="00000000013F6000" bytes="463216" />
</allocation-stats>
<gc-op id="3371" type="scavenge" timems="0.685" contextid="3368" timestamp="2019-06-17T03:12:54.633">
  <scavenger-info tenureage="3" tenuremask="7f88" tiltratio="65" />
  <memory-copied type="nursery" objects="3655" bytes="266592" bytesdiscarded="205512" />
  <memory-copied type="tenure" objects="3576" bytes="192208" bytesdiscarded="8" />
  <references type="weak" candidates="56" cleared="55" enqueued="55" />
  <references type="phantom" candidates="4" cleared="2" enqueued="2" />
</gc-op>
<gc-end id="3372" type="scavenge" contextid="3368" durationms="0.905" usertimems="4.000" systemtimems="0.000" timestamp="2019-06-17T03:12:54.633" activeThreads="4">
  <mem-info id="3373" free="2050598744" total="2092630016" percent="97">
    <mem type="nursery" free="969472" total="2097152" percent="46">
      <mem type="allocate" free="969472" total="1441792" percent="67" />
      <mem type="survivor" free="0" total="655360" percent="0" />
    </mem>
    <mem type="tenure" free="2049629272" total="2090532864" percent="98">
      <mem type="soa" free="1945103448" total="1986007040" percent="97" />
      <mem type="loa" free="104525824" total="104525824" percent="100" />
    </mem>
    <pending-finalizers system="0" default="0" reference="57" classloader="0" />
    <remembered-set count="373" />
  </mem-info>
</gc-end>
<cycle-end id="3374" type="scavenge" contextid="3368" timestamp="2019-06-17T03:12:54.633" />
  <attribute name="elasticGC enabled" value="1" />
  <attribute name= "numThreadsSpecified" value="4" />
  <attribute name="heapSize specified" value="8388608" />
  <attribute name="Current GC Util" value="26" />
  <attribute name= "Current Time Running" value="13202" />
  <attribute name ="GC Interval" value="200" />
  <attribute name="ProportionalT" value="9.000000" />
  <attribute name="ProportionalI" value="9.000000" />
  <attribute name="ProportionalH" value="9.000000" />
  <attribute name="Current Error" value="6.000000" />
  <attribute name="IntegralT" value="24.000000" />
  <attribute name="IntegralI" value="24.000000" />
  <attribute name="IntegralH" value="24.000000" />
  <attribute name="DerivativeT" value="2.250000" />
  <attribute name="DerivativeI" value="2.250000" />
  <attribute name="DerivativeH" value="2.250000" />
  <attribute name="Loop Time for DT" value="4.000000" />
  <attribute name="Output H" value="8388608"/>
  <attribute name="Output I" value="200"/>
  <attribute name="Output T" value="4"/>
  <attribute name="Target GC Util Change" value ="20.000000" />
  <attribute name="Current GC Util Change" value="26.000000"/>
  <attribute name="GC Util currently" value="26" />
  <attribute name="CPU Util currently" value="960249782270" />
<allocation-satisfied id="3375" threadId="00000000013F6000" bytesRequested="128" />
<af-end id="3376" timestamp="2019-06-17T03:12:54.634" threadId="00000000013F6988" success="true" from="nursery"/>
<exclusive-end id="3377" timestamp="2019-06-17T03:12:54.634" durationms="1.415" />

<exclusive-start id="3378" timestamp="2019-06-17T03:12:54.636" intervalms="3.719">
  <response-info timems="0.035" idlems="0.035" threads="0" lastid="00000000013E6C00" lastname="PmdThread 1" />
</exclusive-start>
<af-start id="3379" threadId="00000000013E7588" totalBytesRequested="24" timestamp="2019-06-17T03:12:54.636" intervalms="3.718" type="nursery" />
<cycle-start id="3380" type="scavenge" contextid="0" timestamp="2019-06-17T03:12:54.636" intervalms="3.710" />
<gc-start id="3381" type="scavenge" contextid="3380" timestamp="2019-06-17T03:12:54.636">
  <mem-info id="3382" free="2049629272" total="2092630016" percent="97">
    <mem type="nursery" free="0" total="2097152" percent="0">
      <mem type="allocate" free="0" total="1441792" percent="0" />
      <mem type="survivor" free="0" total="655360" percent="0" />
    </mem>
    <mem type="tenure" free="2049629272" total="2090532864" percent="98">
      <mem type="soa" free="1945103448" total="1986007040" percent="97" />
      <mem type="loa" free="104525824" total="104525824" percent="100" />
    </mem>
    <remembered-set count="645" />
  </mem-info>
</gc-start>
<allocation-stats totalBytes="967960" >
  <allocated-bytes non-tlh="128" tlh="967832" />
  <largest-consumer threadName="PmdThread 4" threadId="00000000013F6000" bytes="566768" />
</allocation-stats>
<gc-op id="3383" type="scavenge" timems="3.428" contextid="3380" timestamp="2019-06-17T03:12:54.640">
  <scavenger-info tenureage="7" tenuremask="7f80" tiltratio="68" />
  <memory-copied type="nursery" objects="5983" bytes="331784" bytesdiscarded="63248" />
  <references type="weak" candidates="21" cleared="21" enqueued="21" />
  <references type="phantom" candidates="1" cleared="1" enqueued="1" />
</gc-op>
<gc-end id="3384" type="scavenge" contextid="3380" durationms="3.644" usertimems="12.000" systemtimems="0.000" timestamp="2019-06-17T03:12:54.640" activeThreads="4">
  <mem-info id="3385" free="2050675992" total="2092630016" percent="97">
    <mem type="nursery" free="1046720" total="2097152" percent="49">
      <mem type="allocate" free="1046720" total="1441792" percent="72" />
      <mem type="survivor" free="0" total="655360" percent="0" />
    </mem>
    <mem type="tenure" free="2049629272" total="2090532864" percent="98">
      <mem type="soa" free="1945103448" total="1986007040" percent="97" />
      <mem type="loa" free="104525824" total="104525824" percent="100" />
    </mem>
    <pending-finalizers system="0" default="0" reference="22" classloader="0" />
    <remembered-set count="364" />
  </mem-info>
</gc-end>
<cycle-end id="3386" type="scavenge" contextid="3380" timestamp="2019-06-17T03:12:54.640" />
  <attribute name="elasticGC enabled" value="1" />
  <attribute name= "numThreadsSpecified" value="4" />
  <attribute name="heapSize specified" value="8388608" />
  <attribute name="Current GC Util" value="55" />
  <attribute name= "Current Time Running" value="13206" />
  <attribute name ="GC Interval" value="208" />
  <attribute name="ProportionalT" value="52.500000" />
  <attribute name="ProportionalI" value="52.500000" />
  <attribute name="ProportionalH" value="52.500000" />
  <attribute name="Current Error" value="35.000000" />
  <attribute name="IntegralT" value="140.000000" />
  <attribute name="IntegralI" value="140.000000" />
  <attribute name="IntegralH" value="140.000000" />
  <attribute name="DerivativeT" value="10.875000" />
  <attribute name="DerivativeI" value="10.875000" />
  <attribute name="DerivativeH" value="10.875000" />
  <attribute name="Loop Time for DT" value="4.000000" />
  <attribute name="Output H" value="8388608"/>
  <attribute name="Output I" value="208"/>
  <attribute name="Output T" value="4"/>
  <attribute name="Target GC Util Change" value ="20.000000" />
  <attribute name="Current GC Util Change" value="55.000000"/>
  <attribute name="GC Util currently" value="55" />
  <attribute name="CPU Util currently" value="1242972697218" />
<allocation-satisfied id="3387" threadId="00000000013E6C00" bytesRequested="24" />
<af-end id="3388" timestamp="2019-06-17T03:12:54.640" threadId="00000000013E7588" success="true" from="nursery"/>
<exclusive-end id="3389" timestamp="2019-06-17T03:12:54.640" durationms="4.169" />

<exclusive-start id="3390" timestamp="2019-06-17T03:12:54.643" intervalms="6.625">
  <response-info timems="0.037" idlems="0.037" threads="0" lastid="00000000013E6C00" lastname="PmdThread 1" />
</exclusive-start>
<af-start id="3391" threadId="00000000013E7588" totalBytesRequested="16" timestamp="2019-06-17T03:12:54.643" intervalms="6.627" type="nursery" />
<cycle-start id="3392" type="scavenge" contextid="0" timestamp="2019-06-17T03:12:54.643" intervalms="6.634" />
<gc-start id="3393" type="scavenge" contextid="3392" timestamp="2019-06-17T03:12:54.643">
  <mem-info id="3394" free="2049629088" total="2092630016" percent="97">
    <mem type="nursery" free="0" total="2097152" percent="0">
      <mem type="allocate" free="0" total="1441792" percent="0" />
      <mem type="survivor" free="0" total="655360" percent="0" />
    </mem>
    <mem type="tenure" free="2049629088" total="2090532864" percent="98">
      <mem type="soa" free="1945103264" total="1986007040" percent="97" />
      <mem type="loa" free="104525824" total="104525824" percent="100" />
    </mem>
    <remembered-set count="508" />
  </mem-info>
</gc-start>
<allocation-stats totalBytes="1044544" >
  <allocated-bytes non-tlh="208" tlh="1044336" />
  <largest-consumer threadName="PmdThread 1" threadId="00000000013E6C00" bytes="448704" />
</allocation-stats>
<gc-op id="3395" type="scavenge" timems="2.727" contextid="3392" timestamp="2019-06-17T03:12:54.646">
  <scavenger-info tenureage="3" tenuremask="7f98" tiltratio="68" />
  <memory-copied type="nursery" objects="4967" bytes="256592" bytesdiscarded="127944" />
  <memory-copied type="tenure" objects="1917" bytes="119152" bytesdiscarded="8" />
  <references type="weak" candidates="51" cleared="51" enqueued="51" />
  <references type="phantom" candidates="1" cleared="1" enqueued="1" />
</gc-op>
<gc-end id="3396" type="scavenge" contextid="3392" durationms="2.916" usertimems="4.000" systemtimems="0.000" timestamp="2019-06-17T03:12:54.646" activeThreads="4">
  <mem-info id="3397" free="2050610016" total="2092630016" percent="97">
    <mem type="nursery" free="1122776" total="2097152" percent="53">
      <mem type="allocate" free="1122776" total="1507328" percent="74" />
      <mem type="survivor" free="0" total="589824" percent="0" />
    </mem>
    <mem type="tenure" free="2049487240" total="2090532864" percent="98">
      <mem type="soa" free="1944961416" total="1986007040" percent="97" />
      <mem type="loa" free="104525824" total="104525824" percent="100" />
    </mem>
    <pending-finalizers system="0" default="0" reference="52" classloader="0" />
    <remembered-set count="127" />
  </mem-info>
</gc-end>
<cycle-end id="3398" type="scavenge" contextid="3392" timestamp="2019-06-17T03:12:54.646" />
  <attribute name="elasticGC enabled" value="1" />
  <attribute name= "numThreadsSpecified" value="4" />
  <attribute name="heapSize specified" value="8388608" />
  <attribute name="Current GC Util" value="73" />
  <attribute name= "Current Time Running" value="13213" />
  <attribute name ="GC Interval" value="456" />
  <attribute name="ProportionalT" value="79.500000" />
  <attribute name="ProportionalI" value="79.500000" />
  <attribute name="ProportionalH" value="79.500000" />
  <attribute name="Current Error" value="53.000000" />
  <attribute name="IntegralT" value="371.000000" />
  <attribute name="IntegralI" value="371.000000" />
  <attribute name="IntegralH" value="371.000000" />
  <attribute name="DerivativeT" value="3.857143" />
  <attribute name="DerivativeI" value="3.857143" />
  <attribute name="DerivativeH" value="3.857143" />
  <attribute name="Loop Time for DT" value="7.000000" />
  <attribute name="Output H" value="8388608"/>
  <attribute name="Output I" value="456"/>
  <attribute name="Output T" value="4"/>
  <attribute name="Target GC Util Change" value ="20.000000" />
  <attribute name="Current GC Util Change" value="73.000000"/>
  <attribute name="GC Util currently" value="73" />
  <attribute name="CPU Util currently" value="696874580050" />
<allocation-satisfied id="3399" threadId="00000000013E6C00" bytesRequested="16" />
<af-end id="3400" timestamp="2019-06-17T03:12:54.646" threadId="00000000013E7588" success="true" from="nursery"/>
<exclusive-end id="3401" timestamp="2019-06-17T03:12:54.646" durationms="3.377" />

<exclusive-start id="3402" timestamp="2019-06-17T03:12:54.655" intervalms="12.394">
  <response-info timems="0.037" idlems="0.037" threads="0" lastid="00000000013E6C00" lastname="PmdThread 1" />
</exclusive-start>
<af-start id="3403" threadId="00000000013E7588" totalBytesRequested="984" timestamp="2019-06-17T03:12:54.655" intervalms="12.444" type="nursery" />
<cycle-start id="3404" type="scavenge" contextid="0" timestamp="2019-06-17T03:12:54.655" intervalms="12.433" />
<gc-start id="3405" type="scavenge" contextid="3404" timestamp="2019-06-17T03:12:54.655">
  <mem-info id="3406" free="2049487096" total="2092630016" percent="97">
    <mem type="nursery" free="0" total="2097152" percent="0">
      <mem type="allocate" free="0" total="1507328" percent="0" />
      <mem type="survivor" free="0" total="589824" percent="0" />
    </mem>
    <mem type="tenure" free="2049487096" total="2090532864" percent="98">
      <mem type="soa" free="1944961272" total="1986007040" percent="97" />
      <mem type="loa" free="104525824" total="104525824" percent="100" />
    </mem>
    <remembered-set count="222" />
  </mem-info>
</gc-start>
<allocation-stats totalBytes="1120624" >
  <allocated-bytes non-tlh="160" tlh="1120464" />
  <largest-consumer threadName="PmdThread 2" threadId="00000000013EA800" bytes="613768" />
</allocation-stats>
<gc-op id="3407" type="scavenge" timems="1.268" contextid="3404" timestamp="2019-06-17T03:12:54.657">
  <scavenger-info tenureage="7" tenuremask="7f80" tiltratio="71" />
  <memory-copied type="nursery" objects="4994" bytes="300592" bytesdiscarded="86496" />
  <references type="weak" candidates="26" cleared="26" enqueued="26" />
</gc-op>
<gc-end id="3408" type="scavenge" contextid="3404" durationms="1.522" usertimems="0.000" systemtimems="0.000" timestamp="2019-06-17T03:12:54.657" activeThreads="4">
  <mem-info id="3409" free="2050672840" total="2092630016" percent="97">
    <mem type="nursery" free="1185744" total="2097152" percent="56">
      <mem type="allocate" free="1185744" total="1572864" percent="75" />
      <mem type="survivor" free="0" total="524288" percent="0" />
    </mem>
    <mem type="tenure" free="2049487096" total="2090532864" percent="98">
      <mem type="soa" free="1944961272" total="1986007040" percent="97" />
      <mem type="loa" free="104525824" total="104525824" percent="100" />
    </mem>
    <pending-finalizers system="0" default="0" reference="26" classloader="0" />
    <remembered-set count="121" />
  </mem-info>
</gc-end>
<cycle-end id="3410" type="scavenge" contextid="3404" timestamp="2019-06-17T03:12:54.657" />
  <attribute name="elasticGC enabled" value="1" />
  <attribute name= "numThreadsSpecified" value="4" />
  <attribute name="heapSize specified" value="8388608" />
  <attribute name="Current GC Util" value="32" />
  <attribute name= "Current Time Running" value="13225" />
  <attribute name ="GC Interval" value="200" />
  <attribute name="ProportionalT" value="18.000000" />
  <attribute name="ProportionalI" value="18.000000" />
  <attribute name="ProportionalH" value="18.000000" />
  <attribute name="Current Error" value="12.000000" />
  <attribute name="IntegralT" value="144.000000" />
  <attribute name="IntegralI" value="144.000000" />
  <attribute name="IntegralH" value="144.000000" />
  <attribute name="DerivativeT" value="-5.125000" />
  <attribute name="DerivativeI" value="-5.125000" />
  <attribute name="DerivativeH" value="-5.125000" />
  <attribute name="Loop Time for DT" value="12.000000" />
  <attribute name="Output H" value="8388608"/>
  <attribute name="Output I" value="200"/>
  <attribute name="Output T" value="4"/>
  <attribute name="Target GC Util Change" value ="20.000000" />
  <attribute name="Current GC Util Change" value="32.000000"/>
  <attribute name="GC Util currently" value="32" />
  <attribute name="CPU Util currently" value="367887724545" />
<allocation-satisfied id="3411" threadId="00000000013E6C00" bytesRequested="984" />
<af-end id="3412" timestamp="2019-06-17T03:12:54.657" threadId="00000000013E7588" success="true" from="nursery"/>
<exclusive-end id="3413" timestamp="2019-06-17T03:12:54.657" durationms="2.068" />

<exclusive-start id="3414" timestamp="2019-06-17T03:12:54.660" intervalms="5.339">
  <response-info timems="0.044" idlems="0.043" threads="1" lastid="00000000013F2400" lastname="PmdThread 3" />
</exclusive-start>
<af-start id="3415" threadId="00000000013E7588" totalBytesRequested="24" timestamp="2019-06-17T03:12:54.660" intervalms="5.284" type="nursery" />
<cycle-start id="3416" type="scavenge" contextid="0" timestamp="2019-06-17T03:12:54.660" intervalms="5.282" />
<gc-start id="3417" type="scavenge" contextid="3416" timestamp="2019-06-17T03:12:54.660">
  <mem-info id="3418" free="2049486920" total="2092630016" percent="97">
    <mem type="nursery" free="0" total="2097152" percent="0">
      <mem type="allocate" free="0" total="1572864" percent="0" />
      <mem type="survivor" free="0" total="524288" percent="0" />
    </mem>
    <mem type="tenure" free="2049486920" total="2090532864" percent="98">
      <mem type="soa" free="1944961096" total="1986007040" percent="97" />
      <mem type="loa" free="104525824" total="104525824" percent="100" />
    </mem>
    <remembered-set count="331" />
  </mem-info>
</gc-start>
<allocation-stats totalBytes="1180504" >
  <allocated-bytes non-tlh="1160" tlh="1179344" />
  <largest-consumer threadName="PmdThread 3" threadId="00000000013F2400" bytes="653432" />
</allocation-stats>
<gc-op id="3419" type="scavenge" timems="2.422" contextid="3416" timestamp="2019-06-17T03:12:54.663">
  <scavenger-info tenureage="3" tenuremask="fff8" tiltratio="75" />
  <memory-copied type="nursery" objects="1197" bytes="100360" bytesdiscarded="128240" />
  <memory-copied type="tenure" objects="3875" bytes="202392" bytesdiscarded="304" />
  <references type="weak" candidates="30" cleared="30" enqueued="30" />
  <references type="phantom" candidates="1" cleared="1" enqueued="1" />
</gc-op>
<gc-end id="3420" type="scavenge" contextid="3416" durationms="2.610" usertimems="4.000" systemtimems="0.000" timestamp="2019-06-17T03:12:54.663" activeThreads="4">
  <mem-info id="3421" free="2050535200" total="2092630016" percent="97">
    <mem type="nursery" free="1344232" total="2097152" percent="64">
      <mem type="allocate" free="1344232" total="1572864" percent="85" />
      <mem type="survivor" free="0" total="524288" percent="0" />
    </mem>
    <mem type="tenure" free="2049190968" total="2090532864" percent="98">
      <mem type="soa" free="1944665144" total="1986007040" percent="97" />
      <mem type="loa" free="104525824" total="104525824" percent="100" />
    </mem>
    <pending-finalizers system="0" default="0" reference="31" classloader="0" />
    <remembered-set count="223" />
  </mem-info>
</gc-end>
<cycle-end id="3422" type="scavenge" contextid="3416" timestamp="2019-06-17T03:12:54.663" />
  <attribute name="elasticGC enabled" value="1" />
  <attribute name= "numThreadsSpecified" value="4" />
  <attribute name="heapSize specified" value="8388608" />
  <attribute name="Current GC Util" value="39" />
  <attribute name= "Current Time Running" value="13230" />
  <attribute name ="GC Interval" value="200" />
  <attribute name="ProportionalT" value="28.500000" />
  <attribute name="ProportionalI" value="28.500000" />
  <attribute name="ProportionalH" value="28.500000" />
  <attribute name="Current Error" value="19.000000" />
  <attribute name="IntegralT" value="95.000000" />
  <attribute name="IntegralI" value="95.000000" />
  <attribute name="IntegralH" value="95.000000" />
  <attribute name="DerivativeT" value="2.100000" />
  <attribute name="DerivativeI" value="2.100000" />
  <attribute name="DerivativeH" value="2.100000" />
  <attribute name="Loop Time for DT" value="5.000000" />
  <attribute name="Output H" value="8388608"/>
  <attribute name="Output I" value="200"/>
  <attribute name="Output T" value="4"/>
  <attribute name="Target GC Util Change" value ="20.000000" />
  <attribute name="Current GC Util Change" value="39.000000"/>
  <attribute name="GC Util currently" value="39" />
  <attribute name="CPU Util currently" value="893219149351" />
<allocation-satisfied id="3423" threadId="00000000013E6C00" bytesRequested="24" />
<af-end id="3424" timestamp="2019-06-17T03:12:54.663" threadId="00000000013E7588" success="true" from="nursery"/>
<exclusive-end id="3425" timestamp="2019-06-17T03:12:54.663" durationms="3.083" />

<exclusive-start id="3426" timestamp="2019-06-17T03:12:54.666" intervalms="5.668">
  <response-info timems="0.031" idlems="0.031" threads="0" lastid="00000000013F2400" lastname="PmdThread 3" />
</exclusive-start>
<af-start id="3427" threadId="00000000013F2D88" totalBytesRequested="16" timestamp="2019-06-17T03:12:54.666" intervalms="5.688" type="nursery" />
<cycle-start id="3428" type="scavenge" contextid="0" timestamp="2019-06-17T03:12:54.666" intervalms="5.700" />
<gc-start id="3429" type="scavenge" contextid="3428" timestamp="2019-06-17T03:12:54.666">
  <mem-info id="3430" free="2049190968" total="2092630016" percent="97">
    <mem type="nursery" free="0" total="2097152" percent="0">
      <mem type="allocate" free="0" total="1572864" percent="0" />
      <mem type="survivor" free="0" total="524288" percent="0" />
    </mem>
    <mem type="tenure" free="2049190968" total="2090532864" percent="98">
      <mem type="soa" free="1944665144" total="1986007040" percent="97" />
      <mem type="loa" free="104525824" total="104525824" percent="100" />
    </mem>
    <remembered-set count="372" />
  </mem-info>
</gc-start>
<allocation-stats totalBytes="1342240" >
  <allocated-bytes non-tlh="24" tlh="1342216" />
  <largest-consumer threadName="PmdThread 3" threadId="00000000013F2400" bytes="965472" />
</allocation-stats>
<gc-op id="3431" type="scavenge" timems="0.276" contextid="3428" timestamp="2019-06-17T03:12:54.667">
  <scavenger-info tenureage="6" tenuremask="ffc0" tiltratio="75" />
  <memory-copied type="nursery" objects="1140" bytes="97160" bytesdiscarded="92272" />
  <references type="weak" candidates="12" cleared="12" enqueued="12" />
</gc-op>
<gc-end id="3432" type="scavenge" contextid="3428" durationms="0.480" usertimems="0.000" systemtimems="0.000" timestamp="2019-06-17T03:12:54.667" activeThreads="4">
  <mem-info id="3433" free="2050639904" total="2092630016" percent="97">
    <mem type="nursery" free="1448936" total="2097152" percent="69">
      <mem type="allocate" free="1448936" total="1638400" percent="88" />
      <mem type="survivor" free="0" total="458752" percent="0" />
    </mem>
    <mem type="tenure" free="2049190968" total="2090532864" percent="98">
      <mem type="soa" free="1944665144" total="1986007040" percent="97" />
      <mem type="loa" free="104525824" total="104525824" percent="100" />
    </mem>
    <pending-finalizers system="0" default="0" reference="12" classloader="0" />
    <remembered-set count="219" />
  </mem-info>
</gc-end>
<cycle-end id="3434" type="scavenge" contextid="3428" timestamp="2019-06-17T03:12:54.667" />
  <attribute name="elasticGC enabled" value="1" />
  <attribute name= "numThreadsSpecified" value="4" />
  <attribute name="heapSize specified" value="8388608" />
  <attribute name="Current GC Util" value="66" />
  <attribute name= "Current Time Running" value="13236" />
  <attribute name ="GC Interval" value="352" />
  <attribute name="ProportionalT" value="69.000000" />
  <attribute name="ProportionalI" value="69.000000" />
  <attribute name="ProportionalH" value="69.000000" />
  <attribute name="Current Error" value="46.000000" />
  <attribute name="IntegralT" value="276.000000" />
  <attribute name="IntegralI" value="276.000000" />
  <attribute name="IntegralH" value="276.000000" />
  <attribute name="DerivativeT" value="6.750000" />
  <attribute name="DerivativeI" value="6.750000" />
  <attribute name="DerivativeH" value="6.750000" />
  <attribute name="Loop Time for DT" value="6.000000" />
  <attribute name="Output H" value="8388608"/>
  <attribute name="Output I" value="352"/>
  <attribute name="Output T" value="4"/>
  <attribute name="Target GC Util Change" value ="20.000000" />
  <attribute name="Current GC Util Change" value="66.000000"/>
  <attribute name="GC Util currently" value="66" />
  <attribute name="CPU Util currently" value="805819559947" />
<allocation-satisfied id="3435" threadId="00000000013F2400" bytesRequested="16" />
<af-end id="3436" timestamp="2019-06-17T03:12:54.667" threadId="00000000013F2D88" success="true" from="nursery"/>
<exclusive-end id="3437" timestamp="2019-06-17T03:12:54.667" durationms="0.972" />

<exclusive-start id="3438" timestamp="2019-06-17T03:12:54.670" intervalms="4.324">
  <response-info timems="0.081" idlems="0.042" threads="1" lastid="00000000013F6000" lastname="PmdThread 4" />
</exclusive-start>
<af-start id="3439" threadId="00000000013F2D88" totalBytesRequested="48" timestamp="2019-06-17T03:12:54.671" intervalms="4.534" type="nursery" />
<cycle-start id="3440" type="scavenge" contextid="0" timestamp="2019-06-17T03:12:54.671" intervalms="4.556" />
<gc-start id="3441" type="scavenge" contextid="3440" timestamp="2019-06-17T03:12:54.671">
  <mem-info id="3442" free="2049190968" total="2092630016" percent="97">
    <mem type="nursery" free="0" total="2097152" percent="0">
      <mem type="allocate" free="0" total="1638400" percent="0" />
      <mem type="survivor" free="0" total="458752" percent="0" />
    </mem>
    <mem type="tenure" free="2049190968" total="2090532864" percent="98">
      <mem type="soa" free="1944665144" total="1986007040" percent="97" />
      <mem type="loa" free="104525824" total="104525824" percent="100" />
    </mem>
    <remembered-set count="769" />
  </mem-info>
</gc-start>
<allocation-stats totalBytes="1445968" >
  <allocated-bytes non-tlh="16" tlh="1445952" />
  <largest-consumer threadName="PmdThread 4" threadId="00000000013F6000" bytes="1115320" />
</allocation-stats>
<gc-op id="3443" type="scavenge" timems="0.331" contextid="3440" timestamp="2019-06-17T03:12:54.671">
  <scavenger-info tenureage="3" tenuremask="fff8" tiltratio="78" />
  <memory-copied type="nursery" objects="163" bytes="7512" bytesdiscarded="109984" />
  <memory-copied type="tenure" objects="1030" bytes="91536" bytesdiscarded="8" />
  <references type="weak" candidates="5" cleared="5" enqueued="5" />
</gc-op>
<gc-end id="3444" type="scavenge" contextid="3440" durationms="0.639" usertimems="0.000" systemtimems="0.000" timestamp="2019-06-17T03:12:54.671" activeThreads="4">
  <mem-info id="3445" free="2050689048" total="2092630016" percent="97">
    <mem type="nursery" free="1586432" total="2097152" percent="75">
      <mem type="allocate" free="1586432" total="1703936" percent="93" />
      <mem type="survivor" free="0" total="393216" percent="0" />
    </mem>
    <mem type="tenure" free="2049102616" total="2090532864" percent="98">
      <mem type="soa" free="1944576792" total="1986007040" percent="97" />
      <mem type="loa" free="104525824" total="104525824" percent="100" />
    </mem>
    <pending-finalizers system="0" default="0" reference="5" classloader="0" />
    <remembered-set count="115" />
  </mem-info>
</gc-end>
<cycle-end id="3446" type="scavenge" contextid="3440" timestamp="2019-06-17T03:12:54.671" />
  <attribute name="elasticGC enabled" value="1" />
  <attribute name= "numThreadsSpecified" value="4" />
  <attribute name="heapSize specified" value="8388608" />
  <attribute name="Current GC Util" value="14" />
  <attribute name= "Current Time Running" value="13241" />
  <attribute name ="GC Interval" value="200" />
  <attribute name="ProportionalT" value="-9.000000" />
  <attribute name="ProportionalI" value="-9.000000" />
  <attribute name="ProportionalH" value="-9.000000" />
  <attribute name="Current Error" value="-6.000000" />
  <attribute name="IntegralT" value="-30.000000" />
  <attribute name="IntegralI" value="-30.000000" />
  <attribute name="IntegralH" value="-30.000000" />
  <attribute name="DerivativeT" value="-15.600000" />
  <attribute name="DerivativeI" value="-15.600000" />
  <attribute name="DerivativeH" value="-15.600000" />
  <attribute name="Loop Time for DT" value="5.000000" />
  <attribute name="Output H" value="2092630016"/>
  <attribute name="Output I" value="200"/>
  <attribute name="Output T" value="4"/>
  <attribute name="Target GC Util Change" value ="20.000000" />
  <attribute name="Current GC Util Change" value="14.000000"/>
  <attribute name="GC Util currently" value="14" />
  <attribute name="CPU Util currently" value="991048793488" />
<allocation-satisfied id="3447" threadId="00000000013F2400" bytesRequested="48" />
<af-end id="3448" timestamp="2019-06-17T03:12:54.672" threadId="00000000013F2D88" success="true" from="nursery"/>
<exclusive-end id="3449" timestamp="2019-06-17T03:12:54.672" durationms="1.459" />

<exclusive-start id="3450" timestamp="2019-06-17T03:12:54.674" intervalms="3.926">
  <response-info timems="0.065" idlems="0.065" threads="0" lastid="00000000013E6C00" lastname="PmdThread 1" />
</exclusive-start>
<af-start id="3451" threadId="00000000013E7588" totalBytesRequested="40" timestamp="2019-06-17T03:12:54.674" intervalms="3.725" type="nursery" />
<cycle-start id="3452" type="scavenge" contextid="0" timestamp="2019-06-17T03:12:54.674" intervalms="3.689" />
<gc-start id="3453" type="scavenge" contextid="3452" timestamp="2019-06-17T03:12:54.674">
  <mem-info id="3454" free="2049102616" total="2092630016" percent="97">
    <mem type="nursery" free="0" total="2097152" percent="0">
      <mem type="allocate" free="0" total="1703936" percent="0" />
      <mem type="survivor" free="0" total="393216" percent="0" />
    </mem>
    <mem type="tenure" free="2049102616" total="2090532864" percent="98">
      <mem type="soa" free="1944576792" total="1986007040" percent="97" />
      <mem type="loa" free="104525824" total="104525824" percent="100" />
    </mem>
    <remembered-set count="359" />
  </mem-info>
</gc-start>
<allocation-stats totalBytes="1569832" >
  <allocated-bytes non-tlh="49224" tlh="1520608" />
  <largest-consumer threadName="PmdThread 3" threadId="00000000013F2400" bytes="668840" />
</allocation-stats>
<gc-op id="3455" type="scavenge" timems="1.366" contextid="3452" timestamp="2019-06-17T03:12:54.676">
  <scavenger-info tenureage="6" tenuremask="ffc0" tiltratio="81" />
  <memory-copied type="nursery" objects="1176" bytes="178432" bytesdiscarded="66576" />
  <references type="weak" candidates="51" cleared="51" enqueued="51" />
  <references type="phantom" candidates="2" cleared="0" enqueued="0" />
</gc-op>
<gc-end id="3456" type="scavenge" contextid="3452" durationms="1.550" usertimems="4.000" systemtimems="0.000" timestamp="2019-06-17T03:12:54.676" activeThreads="4">
  <mem-info id="3457" free="2050561528" total="2092630016" percent="97">
    <mem type="nursery" free="1458912" total="2097152" percent="69">
      <mem type="allocate" free="1458912" total="1703936" percent="85" />
      <mem type="survivor" free="0" total="393216" percent="0" />
    </mem>
    <mem type="tenure" free="2049102616" total="2090532864" percent="98">
      <mem type="soa" free="1944576792" total="1986007040" percent="97" />
      <mem type="loa" free="104525824" total="104525824" percent="100" />
    </mem>
    <pending-finalizers system="0" default="0" reference="51" classloader="0" />
    <remembered-set count="117" />
  </mem-info>
</gc-end>
<cycle-end id="3458" type="scavenge" contextid="3452" timestamp="2019-06-17T03:12:54.676" />
  <attribute name="elasticGC enabled" value="1" />
  <attribute name= "numThreadsSpecified" value="4" />
  <attribute name="heapSize specified" value="8388608" />
  <attribute name="Current GC Util" value="22" />
  <attribute name= "Current Time Running" value="13244" />
  <attribute name ="GC Interval" value="200" />
  <attribute name="ProportionalT" value="3.000000" />
  <attribute name="ProportionalI" value="3.000000" />
  <attribute name="ProportionalH" value="3.000000" />
  <attribute name="Current Error" value="2.000000" />
  <attribute name="IntegralT" value="6.000000" />
  <attribute name="IntegralI" value="6.000000" />
  <attribute name="IntegralH" value="6.000000" />
  <attribute name="DerivativeT" value="1.000000" />
  <attribute name="DerivativeI" value="1.000000" />
  <attribute name="DerivativeH" value="1.000000" />
  <attribute name="Loop Time for DT" value="3.000000" />
  <attribute name="Output H" value="8388608"/>
  <attribute name="Output I" value="200"/>
  <attribute name="Output T" value="4"/>
  <attribute name="Target GC Util Change" value ="20.000000" />
  <attribute name="Current GC Util Change" value="22.000000"/>
  <attribute name="GC Util currently" value="22" />
  <attribute name="CPU Util currently" value="1292891193954" />
<allocation-satisfied id="3459" threadId="00000000013E6C00" bytesRequested="40" />
<af-end id="3460" timestamp="2019-06-17T03:12:54.676" threadId="00000000013E7588" success="true" from="nursery"/>
<exclusive-end id="3461" timestamp="2019-06-17T03:12:54.676" durationms="2.026" />

<exclusive-start id="3462" timestamp="2019-06-17T03:12:54.680" intervalms="5.788">
  <response-info timems="0.042" idlems="0.042" threads="0" lastid="00000000013EA800" lastname="PmdThread 2" />
</exclusive-start>
<af-start id="3463" threadId="00000000013EB188" totalBytesRequested="48" timestamp="2019-06-17T03:12:54.680" intervalms="5.729" type="nursery" />
<cycle-start id="3464" type="scavenge" contextid="0" timestamp="2019-06-17T03:12:54.680" intervalms="5.781" />
<gc-start id="3465" type="scavenge" contextid="3464" timestamp="2019-06-17T03:12:54.680">
  <mem-info id="3466" free="2049102424" total="2092630016" percent="97">
    <mem type="nursery" free="0" total="2097152" percent="0">
      <mem type="allocate" free="0" total="1703936" percent="0" />
      <mem type="survivor" free="0" total="393216" percent="0" />
    </mem>
    <mem type="tenure" free="2049102424" total="2090532864" percent="98">
      <mem type="soa" free="1944576600" total="1986007040" percent="97" />
      <mem type="loa" free="104525824" total="104525824" percent="100" />
    </mem>
    <remembered-set count="615" />
  </mem-info>
</gc-start>
<allocation-stats totalBytes="1455896" >
  <allocated-bytes non-tlh="232" tlh="1455664" />
  <largest-consumer threadName="PmdThread 4" threadId="00000000013F6000" bytes="776224" />
</allocation-stats>
<gc-op id="3467" type="scavenge" timems="0.701" contextid="3464" timestamp="2019-06-17T03:12:54.681">
  <scavenger-info tenureage="5" tenuremask="ffe0" tiltratio="81" />
  <memory-copied type="nursery" objects="5742" bytes="347968" bytesdiscarded="45216" />
  <memory-copied type="tenure" objects="194" bytes="7376" bytesdiscarded="0" />
  <copy-failed type="nursery" objects="194" bytes="7376" />
  <references type="weak" candidates="131" cleared="131" enqueued="131" />
  <references type="phantom" candidates="2" cleared="1" enqueued="1" />
</gc-op>
<gc-end id="3468" type="scavenge" contextid="3464" durationms="0.900" usertimems="0.000" systemtimems="0.000" timestamp="2019-06-17T03:12:54.681" activeThreads="4">
  <mem-info id="3469" free="2050216536" total="2092630016" percent="97">
    <mem type="nursery" free="1114112" total="2097152" percent="53">
      <mem type="allocate" free="1114112" total="1507328" percent="73" />
      <mem type="survivor" free="0" total="589824" percent="0" />
    </mem>
    <mem type="tenure" free="2049102424" total="2090532864" percent="98">
      <mem type="soa" free="1944576600" total="1986007040" percent="97" />
      <mem type="loa" free="104525824" total="104525824" percent="100" />
    </mem>
    <pending-finalizers system="0" default="0" reference="132" classloader="0" />
    <remembered-set count="200" />
  </mem-info>
</gc-end>
<cycle-end id="3470" type="scavenge" contextid="3464" timestamp="2019-06-17T03:12:54.681" />
  <attribute name="elasticGC enabled" value="1" />
  <attribute name= "numThreadsSpecified" value="4" />
  <attribute name="heapSize specified" value="8388608" />
  <attribute name="Current GC Util" value="38" />
  <attribute name= "Current Time Running" value="13250" />
  <attribute name ="GC Interval" value="200" />
  <attribute name="ProportionalT" value="27.000000" />
  <attribute name="ProportionalI" value="27.000000" />
  <attribute name="ProportionalH" value="27.000000" />
  <attribute name="Current Error" value="18.000000" />
  <attribute name="IntegralT" value="108.000000" />
  <attribute name="IntegralI" value="108.000000" />
  <attribute name="IntegralH" value="108.000000" />
  <attribute name="DerivativeT" value="4.000000" />
  <attribute name="DerivativeI" value="4.000000" />
  <attribute name="DerivativeH" value="4.000000" />
  <attribute name="Loop Time for DT" value="6.000000" />
  <attribute name="Output H" value="8388608"/>
  <attribute name="Output I" value="200"/>
  <attribute name="Output T" value="4"/>
  <attribute name="Target GC Util Change" value ="20.000000" />
  <attribute name="Current GC Util Change" value="38.000000"/>
  <attribute name="GC Util currently" value="38" />
  <attribute name="CPU Util currently" value="790967876802" />
<allocation-satisfied id="3471" threadId="00000000013EA800" bytesRequested="48" />
<af-end id="3472" timestamp="2019-06-17T03:12:54.681" threadId="00000000013EB188" success="true" from="nursery"/>
<exclusive-end id="3473" timestamp="2019-06-17T03:12:54.681" durationms="1.384" />

<exclusive-start id="3474" timestamp="2019-06-17T03:12:54.683" intervalms="3.305">
  <response-info timems="0.034" idlems="0.034" threads="0" lastid="00000000013E6C00" lastname="PmdThread 1" />
</exclusive-start>
<af-start id="3475" threadId="00000000013E7588" totalBytesRequested="72" timestamp="2019-06-17T03:12:54.683" intervalms="3.368" type="nursery" />
<cycle-start id="3476" type="scavenge" contextid="0" timestamp="2019-06-17T03:12:54.683" intervalms="3.364" />
<gc-start id="3477" type="scavenge" contextid="3476" timestamp="2019-06-17T03:12:54.684">
  <mem-info id="3478" free="2049102424" total="2092630016" percent="97">
    <mem type="nursery" free="0" total="2097152" percent="0">
      <mem type="allocate" free="0" total="1507328" percent="0" />
      <mem type="survivor" free="0" total="589824" percent="0" />
    </mem>
    <mem type="tenure" free="2049102424" total="2090532864" percent="98">
      <mem type="soa" free="1944576600" total="1986007040" percent="97" />
      <mem type="loa" free="104525824" total="104525824" percent="100" />
    </mem>
    <remembered-set count="586" />
  </mem-info>
</gc-start>
<allocation-stats totalBytes="1100088" >
  <allocated-bytes non-tlh="16440" tlh="1083648" />
  <largest-consumer threadName="PmdThread 4" threadId="00000000013F6000" bytes="595864" />
</allocation-stats>
<gc-op id="3479" type="scavenge" timems="2.371" contextid="3476" timestamp="2019-06-17T03:12:54.686">
  <scavenger-info tenureage="10" tenuremask="fc00" tiltratio="71" />
  <memory-copied type="nursery" objects="7644" bytes="469392" bytesdiscarded="54776" />
  <references type="weak" candidates="88" cleared="88" enqueued="88" />
  <references type="phantom" candidates="1" cleared="0" enqueued="0" />
</gc-op>
<gc-end id="3480" type="scavenge" contextid="3476" durationms="2.630" usertimems="8.000" systemtimems="0.000" timestamp="2019-06-17T03:12:54.686" activeThreads="4">
  <mem-info id="3481" free="2050019984" total="2092630016" percent="97">
    <mem type="nursery" free="917560" total="2097152" percent="43">
      <mem type="allocate" free="917560" total="1441792" percent="63" />
      <mem type="survivor" free="0" total="655360" percent="0" />
    </mem>
    <mem type="tenure" free="2049102424" total="2090532864" percent="98">
      <mem type="soa" free="1944576600" total="1986007040" percent="97" />
      <mem type="loa" free="104525824" total="104525824" percent="100" />
    </mem>
    <pending-finalizers system="0" default="0" reference="88" classloader="0" />
    <remembered-set count="201" />
  </mem-info>
</gc-end>
<cycle-end id="3482" type="scavenge" contextid="3476" timestamp="2019-06-17T03:12:54.686" />
  <attribute name="elasticGC enabled" value="1" />
  <attribute name= "numThreadsSpecified" value="4" />
  <attribute name="heapSize specified" value="8388608" />
  <attribute name="Current GC Util" value="42" />
  <attribute name= "Current Time Running" value="13254" />
  <attribute name ="GC Interval" value="200" />
  <attribute name="ProportionalT" value="33.000000" />
  <attribute name="ProportionalI" value="33.000000" />
  <attribute name="ProportionalH" value="33.000000" />
  <attribute name="Current Error" value="22.000000" />
  <attribute name="IntegralT" value="88.000000" />
  <attribute name="IntegralI" value="88.000000" />
  <attribute name="IntegralH" value="88.000000" />
  <attribute name="DerivativeT" value="1.500000" />
  <attribute name="DerivativeI" value="1.500000" />
  <attribute name="DerivativeH" value="1.500000" />
  <attribute name="Loop Time for DT" value="4.000000" />
  <attribute name="Output H" value="8388608"/>
  <attribute name="Output I" value="200"/>
  <attribute name="Output T" value="4"/>
  <attribute name="Target GC Util Change" value ="20.000000" />
  <attribute name="Current GC Util Change" value="42.000000"/>
  <attribute name="GC Util currently" value="42" />
  <attribute name="CPU Util currently" value="1340566646433" />
<allocation-satisfied id="3483" threadId="00000000013E6C00" bytesRequested="72" />
<af-end id="3484" timestamp="2019-06-17T03:12:54.686" threadId="00000000013E7588" success="true" from="nursery"/>
<exclusive-end id="3485" timestamp="2019-06-17T03:12:54.686" durationms="3.175" />

<exclusive-start id="3486" timestamp="2019-06-17T03:12:54.689" intervalms="5.359">
  <response-info timems="0.066" idlems="0.066" threads="0" lastid="00000000013E6C00" lastname="PmdThread 1" />
</exclusive-start>
<af-start id="3487" threadId="00000000013E7588" totalBytesRequested="16" timestamp="2019-06-17T03:12:54.689" intervalms="5.349" type="nursery" />
<cycle-start id="3488" type="scavenge" contextid="0" timestamp="2019-06-17T03:12:54.689" intervalms="5.327" />
<gc-start id="3489" type="scavenge" contextid="3488" timestamp="2019-06-17T03:12:54.689">
  <mem-info id="3490" free="2049102248" total="2092630016" percent="97">
    <mem type="nursery" free="0" total="2097152" percent="0">
      <mem type="allocate" free="0" total="1441792" percent="0" />
      <mem type="survivor" free="0" total="655360" percent="0" />
    </mem>
    <mem type="tenure" free="2049102248" total="2090532864" percent="98">
      <mem type="soa" free="1944576424" total="1986007040" percent="97" />
      <mem type="loa" free="104525824" total="104525824" percent="100" />
    </mem>
    <remembered-set count="498" />
  </mem-info>
</gc-start>
<allocation-stats totalBytes="917152" >
  <allocated-bytes non-tlh="248" tlh="916904" />
  <largest-consumer threadName="PmdThread 4" threadId="00000000013F6000" bytes="474768" />
</allocation-stats>
<gc-op id="3491" type="scavenge" timems="3.040" contextid="3488" timestamp="2019-06-17T03:12:54.692">
  <scavenger-info tenureage="9" tenuremask="7e00" tiltratio="68" />
  <memory-copied type="nursery" objects="9016" bytes="520112" bytesdiscarded="91120" />
  <references type="weak" candidates="53" cleared="53" enqueued="53" />
  <references type="phantom" candidates="1" cleared="1" enqueued="1" />
</gc-op>
<gc-end id="3492" type="scavenge" contextid="3488" durationms="3.325" usertimems="4.000" systemtimems="4.000" timestamp="2019-06-17T03:12:54.692" activeThreads="4">
  <mem-info id="3493" free="2049932760" total="2092630016" percent="97">
    <mem type="nursery" free="830512" total="2097152" percent="39">
      <mem type="allocate" free="830512" total="1441792" percent="57" />
      <mem type="survivor" free="0" total="655360" percent="0" />
    </mem>
    <mem type="tenure" free="2049102248" total="2090532864" percent="98">
      <mem type="soa" free="1944576424" total="1986007040" percent="97" />
      <mem type="loa" free="104525824" total="104525824" percent="100" />
    </mem>
    <pending-finalizers system="0" default="0" reference="54" classloader="0" />
    <remembered-set count="198" />
  </mem-info>
</gc-end>
<cycle-end id="3494" type="scavenge" contextid="3488" timestamp="2019-06-17T03:12:54.692" />
  <attribute name="elasticGC enabled" value="1" />
  <attribute name= "numThreadsSpecified" value="4" />
  <attribute name="heapSize specified" value="8388608" />
  <attribute name="Current GC Util" value="75" />
  <attribute name= "Current Time Running" value="13259" />
  <attribute name ="GC Interval" value="368" />
  <attribute name="ProportionalT" value="82.500000" />
  <attribute name="ProportionalI" value="82.500000" />
  <attribute name="ProportionalH" value="82.500000" />
  <attribute name="Current Error" value="55.000000" />
  <attribute name="IntegralT" value="275.000000" />
  <attribute name="IntegralI" value="275.000000" />
  <attribute name="IntegralH" value="275.000000" />
  <attribute name="DerivativeT" value="9.900000" />
  <attribute name="DerivativeI" value="9.900000" />
  <attribute name="DerivativeH" value="9.900000" />
  <attribute name="Loop Time for DT" value="5.000000" />
  <attribute name="Output H" value="8388608"/>
  <attribute name="Output I" value="368"/>
  <attribute name="Output T" value="4"/>
  <attribute name="Target GC Util Change" value ="20.000000" />
  <attribute name="Current GC Util Change" value="75.000000"/>
  <attribute name="GC Util currently" value="75" />
  <attribute name="CPU Util currently" value="868576484982" />
<allocation-satisfied id="3495" threadId="00000000013E6C00" bytesRequested="16" />
<af-end id="3496" timestamp="2019-06-17T03:12:54.692" threadId="00000000013E7588" success="true" from="nursery"/>
<exclusive-end id="3497" timestamp="2019-06-17T03:12:54.692" durationms="3.893" />

<exclusive-start id="3498" timestamp="2019-06-17T03:12:54.696" intervalms="7.814">
  <response-info timems="0.038" idlems="0.038" threads="0" lastid="00000000013E6C00" lastname="PmdThread 1" />
</exclusive-start>
<af-start id="3499" threadId="00000000013E7588" totalBytesRequested="904" timestamp="2019-06-17T03:12:54.697" intervalms="7.822" type="nursery" />
<cycle-start id="3500" type="scavenge" contextid="0" timestamp="2019-06-17T03:12:54.697" intervalms="7.833" />
<gc-start id="3501" type="scavenge" contextid="3500" timestamp="2019-06-17T03:12:54.697">
  <mem-info id="3502" free="2049101672" total="2092630016" percent="97">
    <mem type="nursery" free="0" total="2097152" percent="0">
      <mem type="allocate" free="0" total="1441792" percent="0" />
      <mem type="survivor" free="0" total="655360" percent="0" />
    </mem>
    <mem type="tenure" free="2049101672" total="2090532864" percent="98">
      <mem type="soa" free="1944575848" total="1986007040" percent="97" />
      <mem type="loa" free="104525824" total="104525824" percent="100" />
    </mem>
    <remembered-set count="496" />
  </mem-info>
</gc-start>
<allocation-stats totalBytes="828008" >
  <allocated-bytes non-tlh="592" tlh="827416" />
  <largest-consumer threadName="PmdThread 4" threadId="00000000013F6000" bytes="456256" />
</allocation-stats>
<gc-op id="3503" type="scavenge" timems="3.679" contextid="3500" timestamp="2019-06-17T03:12:54.701">
  <scavenger-info tenureage="3" tenuremask="7f18" tiltratio="68" />
  <memory-copied type="nursery" objects="3967" bytes="190744" bytesdiscarded="76392" />
  <memory-copied type="tenure" objects="4794" bytes="308912" bytesdiscarded="96" />
  <references type="weak" candidates="62" cleared="62" enqueued="62" />
  <references type="phantom" candidates="1" cleared="1" enqueued="1" />
</gc-op>
<gc-end id="3504" type="scavenge" contextid="3500" durationms="3.899" usertimems="4.000" systemtimems="0.000" timestamp="2019-06-17T03:12:54.701" activeThreads="4">
  <mem-info id="3505" free="2049943208" total="2092630016" percent="97">
    <mem type="nursery" free="1174248" total="2097152" percent="55">
      <mem type="allocate" free="1174248" total="1441792" percent="81" />
      <mem type="survivor" free="0" total="655360" percent="0" />
    </mem>
    <mem type="tenure" free="2048768960" total="2090532864" percent="98">
      <mem type="soa" free="1944243136" total="1986007040" percent="97" />
      <mem type="loa" free="104525824" total="104525824" percent="100" />
    </mem>
    <pending-finalizers system="0" default="0" reference="63" classloader="0" />
    <remembered-set count="484" />
  </mem-info>
</gc-end>
<cycle-end id="3506" type="scavenge" contextid="3500" timestamp="2019-06-17T03:12:54.701" />
  <attribute name="elasticGC enabled" value="1" />
  <attribute name= "numThreadsSpecified" value="4" />
  <attribute name="heapSize specified" value="8388608" />
  <attribute name="Current GC Util" value="61" />
  <attribute name= "Current Time Running" value="13267" />
  <attribute name ="GC Interval" value="392" />
  <attribute name="ProportionalT" value="61.500000" />
  <attribute name="ProportionalI" value="61.500000" />
  <attribute name="ProportionalH" value="61.500000" />
  <attribute name="Current Error" value="41.000000" />
  <attribute name="IntegralT" value="328.000000" />
  <attribute name="IntegralI" value="328.000000" />
  <attribute name="IntegralH" value="328.000000" />
  <attribute name="DerivativeT" value="-2.625000" />
  <attribute name="DerivativeI" value="-2.625000" />
  <attribute name="DerivativeH" value="-2.625000" />
  <attribute name="Loop Time for DT" value="8.000000" />
  <attribute name="Output H" value="8388608"/>
  <attribute name="Output I" value="392"/>
  <attribute name="Output T" value="4"/>
  <attribute name="Target GC Util Change" value ="20.000000" />
  <attribute name="Current GC Util Change" value="61.000000"/>
  <attribute name="GC Util currently" value="61" />
  <attribute name="CPU Util currently" value="591591668484" />
<allocation-satisfied id="3507" threadId="00000000013E6C00" bytesRequested="904" />
<af-end id="3508" timestamp="2019-06-17T03:12:54.701" threadId="00000000013E7588" success="true" from="nursery"/>
<exclusive-end id="3509" timestamp="2019-06-17T03:12:54.701" durationms="4.497" />

<exclusive-start id="3510" timestamp="2019-06-17T03:12:54.704" intervalms="7.703">
  <response-info timems="0.034" idlems="0.034" threads="0" lastid="00000000013F6000" lastname="PmdThread 4" />
</exclusive-start>
<af-start id="3511" threadId="00000000013F6988" totalBytesRequested="712" timestamp="2019-06-17T03:12:54.704" intervalms="7.724" type="nursery" />
<cycle-start id="3512" type="scavenge" contextid="0" timestamp="2019-06-17T03:12:54.704" intervalms="7.736" />
<gc-start id="3513" type="scavenge" contextid="3512" timestamp="2019-06-17T03:12:54.704">
  <mem-info id="3514" free="2048768960" total="2092630016" percent="97">
    <mem type="nursery" free="0" total="2097152" percent="0">
      <mem type="allocate" free="0" total="1441792" percent="0" />
      <mem type="survivor" free="0" total="655360" percent="0" />
    </mem>
    <mem type="tenure" free="2048768960" total="2090532864" percent="98">
      <mem type="soa" free="1944243136" total="1986007040" percent="97" />
      <mem type="loa" free="104525824" total="104525824" percent="100" />
    </mem>
    <remembered-set count="961" />
  </mem-info>
</gc-start>
<allocation-stats totalBytes="1170240" >
  <allocated-bytes non-tlh="904" tlh="1169336" />
  <largest-consumer threadName="PmdThread 4" threadId="00000000013F6000" bytes="759216" />
</allocation-stats>
<gc-op id="3515" type="scavenge" timems="0.444" contextid="3512" timestamp="2019-06-17T03:12:54.705">
  <scavenger-info tenureage="3" tenuremask="7f08" tiltratio="68" />
  <memory-copied type="nursery" objects="1625" bytes="54080" bytesdiscarded="286880" />
  <memory-copied type="tenure" objects="2432" bytes="138272" bytesdiscarded="32" />
  <references type="weak" candidates="94" cleared="94" enqueued="94" />
</gc-op>
<gc-end id="3516" type="scavenge" contextid="3512" durationms="0.654" usertimems="4.000" systemtimems="0.000" timestamp="2019-06-17T03:12:54.705" activeThreads="4">
  <mem-info id="3517" free="2049832368" total="2092630016" percent="97">
    <mem type="nursery" free="1166336" total="2097152" percent="55">
      <mem type="allocate" free="1166336" total="1507328" percent="77" />
      <mem type="survivor" free="0" total="589824" percent="0" />
    </mem>
    <mem type="tenure" free="2048666032" total="2090532864" percent="97">
      <mem type="soa" free="1944140208" total="1986007040" percent="97" />
      <mem type="loa" free="104525824" total="104525824" percent="100" />
    </mem>
    <pending-finalizers system="0" default="0" reference="94" classloader="0" />
    <remembered-set count="222" />
  </mem-info>
</gc-end>
<cycle-end id="3518" type="scavenge" contextid="3512" timestamp="2019-06-17T03:12:54.705" />
  <attribute name="elasticGC enabled" value="1" />
  <attribute name= "numThreadsSpecified" value="4" />
  <attribute name="heapSize specified" value="8388608" />
  <attribute name="Current GC Util" value="74" />
  <attribute name= "Current Time Running" value="13274" />
  <attribute name ="GC Interval" value="464" />
  <attribute name="ProportionalT" value="81.000000" />
  <attribute name="ProportionalI" value="81.000000" />
  <attribute name="ProportionalH" value="81.000000" />
  <attribute name="Current Error" value="54.000000" />
  <attribute name="IntegralT" value="378.000000" />
  <attribute name="IntegralI" value="378.000000" />
  <attribute name="IntegralH" value="378.000000" />
  <attribute name="DerivativeT" value="2.785714" />
  <attribute name="DerivativeI" value="2.785714" />
  <attribute name="DerivativeH" value="2.785714" />
  <attribute name="Loop Time for DT" value="7.000000" />
  <attribute name="Output H" value="8388608"/>
  <attribute name="Output I" value="464"/>
  <attribute name="Output T" value="4"/>
  <attribute name="Target GC Util Change" value ="20.000000" />
  <attribute name="Current GC Util Change" value="74.000000"/>
  <attribute name="GC Util currently" value="74" />
  <attribute name="CPU Util currently" value="599834657256" />
<allocation-satisfied id="3519" threadId="00000000013F6000" bytesRequested="712" />
<af-end id="3520" timestamp="2019-06-17T03:12:54.705" threadId="00000000013F6988" success="true" from="nursery"/>
<exclusive-end id="3521" timestamp="2019-06-17T03:12:54.705" durationms="1.285" />

<exclusive-start id="3522" timestamp="2019-06-17T03:12:54.708" intervalms="3.589">
  <response-info timems="0.044" idlems="0.044" threads="0" lastid="00000000013E6C00" lastname="PmdThread 1" />
</exclusive-start>
<af-start id="3523" threadId="00000000013E7588" totalBytesRequested="32" timestamp="2019-06-17T03:12:54.708" intervalms="3.549" type="nursery" />
<cycle-start id="3524" type="scavenge" contextid="0" timestamp="2019-06-17T03:12:54.708" intervalms="3.549" />
<gc-start id="3525" type="scavenge" contextid="3524" timestamp="2019-06-17T03:12:54.708">
  <mem-info id="3526" free="2048666032" total="2092630016" percent="97">
    <mem type="nursery" free="0" total="2097152" percent="0">
      <mem type="allocate" free="0" total="1507328" percent="0" />
      <mem type="survivor" free="0" total="589824" percent="0" />
    </mem>
    <mem type="tenure" free="2048666032" total="2090532864" percent="97">
      <mem type="soa" free="1944140208" total="1986007040" percent="97" />
      <mem type="loa" free="104525824" total="104525824" percent="100" />
    </mem>
    <remembered-set count="591" />
  </mem-info>
</gc-start>
<allocation-stats totalBytes="1165448" >
  <allocated-bytes non-tlh="712" tlh="1164736" />
  <largest-consumer threadName="PmdThread 4" threadId="00000000013F6000" bytes="802032" />
</allocation-stats>
<gc-op id="3527" type="scavenge" timems="2.269" contextid="3524" timestamp="2019-06-17T03:12:54.710">
  <scavenger-info tenureage="3" tenuremask="7e08" tiltratio="71" />
  <memory-copied type="nursery" objects="526" bytes="18728" bytesdiscarded="98776" />
  <memory-copied type="tenure" objects="1213" bytes="40312" bytesdiscarded="24" />
  <references type="weak" candidates="131" cleared="131" enqueued="131" />
</gc-op>
<gc-end id="3528" type="scavenge" contextid="3524" durationms="2.474" usertimems="8.000" systemtimems="0.000" timestamp="2019-06-17T03:12:54.710" activeThreads="4">
  <mem-info id="3529" free="2050147760" total="2092630016" percent="97">
    <mem type="nursery" free="1520896" total="2097152" percent="72">
      <mem type="allocate" free="1520896" total="1638400" percent="92" />
      <mem type="survivor" free="0" total="458752" percent="0" />
    </mem>
    <mem type="tenure" free="2048626864" total="2090532864" percent="97">
      <mem type="soa" free="1944101040" total="1986007040" percent="97" />
      <mem type="loa" free="104525824" total="104525824" percent="100" />
    </mem>
    <pending-finalizers system="0" default="0" reference="131" classloader="0" />
    <remembered-set count="118" />
  </mem-info>
</gc-end>
<cycle-end id="3530" type="scavenge" contextid="3524" timestamp="2019-06-17T03:12:54.711" />
  <attribute name="elasticGC enabled" value="1" />
  <attribute name= "numThreadsSpecified" value="4" />
  <attribute name="heapSize specified" value="8388608" />
  <attribute name="Current GC Util" value="32" />
  <attribute name= "Current Time Running" value="13278" />
  <attribute name ="GC Interval" value="200" />
  <attribute name="ProportionalT" value="18.000000" />
  <attribute name="ProportionalI" value="18.000000" />
  <attribute name="ProportionalH" value="18.000000" />
  <attribute name="Current Error" value="12.000000" />
  <attribute name="IntegralT" value="48.000000" />
  <attribute name="IntegralI" value="48.000000" />
  <attribute name="IntegralH" value="48.000000" />
  <attribute name="DerivativeT" value="-15.750000" />
  <attribute name="DerivativeI" value="-15.750000" />
  <attribute name="DerivativeH" value="-15.750000" />
  <attribute name="Loop Time for DT" value="4.000000" />
  <attribute name="Output H" value="8388608"/>
  <attribute name="Output I" value="200"/>
  <attribute name="Output T" value="4"/>
  <attribute name="Target GC Util Change" value ="20.000000" />
  <attribute name="Current GC Util Change" value="32.000000"/>
  <attribute name="GC Util currently" value="32" />
  <attribute name="CPU Util currently" value="1299908307065" />
<allocation-satisfied id="3531" threadId="00000000013E6C00" bytesRequested="32" />
<af-end id="3532" timestamp="2019-06-17T03:12:54.711" threadId="00000000013E7588" success="true" from="nursery"/>
<exclusive-end id="3533" timestamp="2019-06-17T03:12:54.711" durationms="2.998" />

<exclusive-start id="3534" timestamp="2019-06-17T03:12:54.714" intervalms="5.833">
  <response-info timems="0.031" idlems="0.031" threads="0" lastid="00000000013F6000" lastname="PmdThread 4" />
</exclusive-start>
<af-start id="3535" threadId="00000000013F6988" totalBytesRequested="24" timestamp="2019-06-17T03:12:54.714" intervalms="5.833" type="nursery" />
<cycle-start id="3536" type="scavenge" contextid="0" timestamp="2019-06-17T03:12:54.714" intervalms="5.799" />
<gc-start id="3537" type="scavenge" contextid="3536" timestamp="2019-06-17T03:12:54.714">
  <mem-info id="3538" free="2048626864" total="2092630016" percent="97">
    <mem type="nursery" free="0" total="2097152" percent="0">
      <mem type="allocate" free="0" total="1638400" percent="0" />
      <mem type="survivor" free="0" total="458752" percent="0" />
    </mem>
    <mem type="tenure" free="2048626864" total="2090532864" percent="97">
      <mem type="soa" free="1944101040" total="1986007040" percent="97" />
      <mem type="loa" free="104525824" total="104525824" percent="100" />
    </mem>
    <remembered-set count="558" />
  </mem-info>
</gc-start>
<allocation-stats totalBytes="1517552" >
  <allocated-bytes non-tlh="32" tlh="1517520" />
  <largest-consumer threadName="PmdThread 1" threadId="00000000013E6C00" bytes="844936" />
</allocation-stats>
<gc-op id="3539" type="scavenge" timems="0.289" contextid="3536" timestamp="2019-06-17T03:12:54.714">
  <scavenger-info tenureage="8" tenuremask="7d00" tiltratio="78" />
  <memory-copied type="nursery" objects="323" bytes="10992" bytesdiscarded="106512" />
  <memory-copied type="tenure" objects="48" bytes="1552" bytesdiscarded="0" />
  <references type="weak" candidates="77" cleared="77" enqueued="77" />
</gc-op>
<gc-end id="3540" type="scavenge" contextid="3536" durationms="0.501" usertimems="4.000" systemtimems="0.000" timestamp="2019-06-17T03:12:54.714" activeThreads="4">
  <mem-info id="3541" free="2050213296" total="2092630016" percent="97">
    <mem type="nursery" free="1586432" total="2097152" percent="75">
      <mem type="allocate" free="1586432" total="1703936" percent="93" />
      <mem type="survivor" free="0" total="393216" percent="0" />
    </mem>
    <mem type="tenure" free="2048626864" total="2090532864" percent="97">
      <mem type="soa" free="1944101040" total="1986007040" percent="97" />
      <mem type="loa" free="104525824" total="104525824" percent="100" />
    </mem>
    <pending-finalizers system="0" default="0" reference="77" classloader="0" />
    <remembered-set count="103" />
  </mem-info>
</gc-end>
<cycle-end id="3542" type="scavenge" contextid="3536" timestamp="2019-06-17T03:12:54.714" />
  <attribute name="elasticGC enabled" value="1" />
  <attribute name= "numThreadsSpecified" value="4" />
  <attribute name="heapSize specified" value="8388608" />
  <attribute name="Current GC Util" value="54" />
  <attribute name= "Current Time Running" value="13284" />
  <attribute name ="GC Interval" value="264" />
  <attribute name="ProportionalT" value="51.000000" />
  <attribute name="ProportionalI" value="51.000000" />
  <attribute name="ProportionalH" value="51.000000" />
  <attribute name="Current Error" value="34.000000" />
  <attribute name="IntegralT" value="204.000000" />
  <attribute name="IntegralI" value="204.000000" />
  <attribute name="IntegralH" value="204.000000" />
  <attribute name="DerivativeT" value="5.500000" />
  <attribute name="DerivativeI" value="5.500000" />
  <attribute name="DerivativeH" value="5.500000" />
  <attribute name="Loop Time for DT" value="6.000000" />
  <attribute name="Output H" value="8388608"/>
  <attribute name="Output I" value="264"/>
  <attribute name="Output T" value="4"/>
  <attribute name="Target GC Util Change" value ="20.000000" />
  <attribute name="Current GC Util Change" value="54.000000"/>
  <attribute name="GC Util currently" value="54" />
  <attribute name="CPU Util currently" value="794245291004" />
<allocation-satisfied id="3543" threadId="00000000013F6000" bytesRequested="24" />
<af-end id="3544" timestamp="2019-06-17T03:12:54.714" threadId="00000000013F6988" success="true" from="nursery"/>
<exclusive-end id="3545" timestamp="2019-06-17T03:12:54.715" durationms="1.015" />

<exclusive-start id="3546" timestamp="2019-06-17T03:12:54.719" intervalms="5.677">
  <response-info timems="0.033" idlems="0.033" threads="0" lastid="00000000013F6000" lastname="PmdThread 4" />
</exclusive-start>
<af-start id="3547" threadId="00000000013F6988" totalBytesRequested="736" timestamp="2019-06-17T03:12:54.719" intervalms="5.711" type="nursery" />
<cycle-start id="3548" type="scavenge" contextid="0" timestamp="2019-06-17T03:12:54.719" intervalms="5.745" />
<gc-start id="3549" type="scavenge" contextid="3548" timestamp="2019-06-17T03:12:54.720">
  <mem-info id="3550" free="2048626864" total="2092630016" percent="97">
    <mem type="nursery" free="0" total="2097152" percent="0">
      <mem type="allocate" free="0" total="1703936" percent="0" />
      <mem type="survivor" free="0" total="393216" percent="0" />
    </mem>
    <mem type="tenure" free="2048626864" total="2090532864" percent="97">
      <mem type="soa" free="1944101040" total="1986007040" percent="97" />
      <mem type="loa" free="104525824" total="104525824" percent="100" />
    </mem>
    <remembered-set count="1155" />
  </mem-info>
</gc-start>
<allocation-stats totalBytes="1584400" >
  <allocated-bytes non-tlh="24" tlh="1584376" />
  <largest-consumer threadName="PmdThread 4" threadId="00000000013F6000" bytes="1535248" />
</allocation-stats>
<gc-op id="3551" type="scavenge" timems="0.300" contextid="3548" timestamp="2019-06-17T03:12:54.720">
  <scavenger-info tenureage="4" tenuremask="7810" tiltratio="81" />
  <memory-copied type="nursery" objects="420" bytes="14296" bytesdiscarded="64040" />
  <memory-copied type="tenure" objects="94" bytes="2848" bytesdiscarded="0" />
  <references type="weak" candidates="147" cleared="147" enqueued="147" />
</gc-op>
<gc-end id="3552" type="scavenge" contextid="3548" durationms="0.512" usertimems="0.000" systemtimems="0.000" timestamp="2019-06-17T03:12:54.720" activeThreads="4">
  <mem-info id="3553" free="2050318000" total="2092630016" percent="97">
    <mem type="nursery" free="1691136" total="2097152" percent="80">
      <mem type="allocate" free="1691136" total="1769472" percent="95" />
      <mem type="survivor" free="0" total="327680" percent="0" />
    </mem>
    <mem type="tenure" free="2048626864" total="2090532864" percent="97">
      <mem type="soa" free="1944101040" total="1986007040" percent="97" />
      <mem type="loa" free="104525824" total="104525824" percent="100" />
    </mem>
    <pending-finalizers system="0" default="0" reference="147" classloader="0" />
    <remembered-set count="87" />
  </mem-info>
</gc-end>
<cycle-end id="3554" type="scavenge" contextid="3548" timestamp="2019-06-17T03:12:54.720" />
  <attribute name="elasticGC enabled" value="1" />
  <attribute name= "numThreadsSpecified" value="4" />
  <attribute name="heapSize specified" value="8388608" />
  <attribute name="Current GC Util" value="12" />
  <attribute name= "Current Time Running" value="13289" />
  <attribute name ="GC Interval" value="200" />
  <attribute name="ProportionalT" value="-12.000000" />
  <attribute name="ProportionalI" value="-12.000000" />
  <attribute name="ProportionalH" value="-12.000000" />
  <attribute name="Current Error" value="-8.000000" />
  <attribute name="IntegralT" value="-40.000000" />
  <attribute name="IntegralI" value="-40.000000" />
  <attribute name="IntegralH" value="-40.000000" />
  <attribute name="DerivativeT" value="-12.600000" />
  <attribute name="DerivativeI" value="-12.600000" />
  <attribute name="DerivativeH" value="-12.600000" />
  <attribute name="Loop Time for DT" value="5.000000" />
  <attribute name="Output H" value="2092630016"/>
  <attribute name="Output I" value="200"/>
  <attribute name="Output T" value="4"/>
  <attribute name="Target GC Util Change" value ="20.000000" />
  <attribute name="Current GC Util Change" value="12.000000"/>
  <attribute name="GC Util currently" value="12" />
  <attribute name="CPU Util currently" value="801862074338" />
<allocation-satisfied id="3555" threadId="00000000013F6000" bytesRequested="736" />
<af-end id="3556" timestamp="2019-06-17T03:12:54.720" threadId="00000000013F6988" success="true" from="nursery"/>
<exclusive-end id="3557" timestamp="2019-06-17T03:12:54.720" durationms="1.139" />

<exclusive-start id="3558" timestamp="2019-06-17T03:12:54.731" intervalms="12.265">
  <response-info timems="0.065" idlems="0.065" threads="0" lastid="00000000013F6000" lastname="PmdThread 4" />
</exclusive-start>
<af-start id="3559" threadId="00000000013F6988" totalBytesRequested="40" timestamp="2019-06-17T03:12:54.732" intervalms="12.299" type="nursery" />
<cycle-start id="3560" type="scavenge" contextid="0" timestamp="2019-06-17T03:12:54.732" intervalms="12.296" />
<gc-start id="3561" type="scavenge" contextid="3560" timestamp="2019-06-17T03:12:54.732">
  <mem-info id="3562" free="2048626864" total="2092630016" percent="97">
    <mem type="nursery" free="0" total="2097152" percent="0">
      <mem type="allocate" free="0" total="1769472" percent="0" />
      <mem type="survivor" free="0" total="327680" percent="0" />
    </mem>
    <mem type="tenure" free="2048626864" total="2090532864" percent="97">
      <mem type="soa" free="1944101040" total="1986007040" percent="97" />
      <mem type="loa" free="104525824" total="104525824" percent="100" />
    </mem>
    <remembered-set count="1019" />
  </mem-info>
</gc-start>
<allocation-stats totalBytes="1689024" >
  <allocated-bytes non-tlh="736" tlh="1688288" />
  <largest-consumer threadName="PmdThread 4" threadId="00000000013F6000" bytes="1689024" />
</allocation-stats>
<gc-op id="3563" type="scavenge" timems="0.339" contextid="3560" timestamp="2019-06-17T03:12:54.732">
  <scavenger-info tenureage="4" tenuremask="ffd0" tiltratio="84" />
  <memory-copied type="nursery" objects="420" bytes="77472" bytesdiscarded="134688" />
  <memory-copied type="tenure" objects="1" bytes="16" bytesdiscarded="0" />
  <references type="weak" candidates="130" cleared="130" enqueued="130" />
</gc-op>
<gc-end id="3564" type="scavenge" contextid="3560" durationms="0.657" usertimems="0.000" systemtimems="0.000" timestamp="2019-06-17T03:12:54.733" activeThreads="4">
  <mem-info id="3565" free="2050249712" total="2092630016" percent="97">
    <mem type="nursery" free="1622848" total="2097152" percent="77">
      <mem type="allocate" free="1622848" total="1835008" percent="88" />
      <mem type="survivor" free="0" total="262144" percent="0" />
    </mem>
    <mem type="tenure" free="2048626864" total="2090532864" percent="97">
      <mem type="soa" free="1944101040" total="1986007040" percent="97" />
      <mem type="loa" free="104525824" total="104525824" percent="100" />
    </mem>
    <pending-finalizers system="0" default="0" reference="130" classloader="0" />
    <remembered-set count="94" />
  </mem-info>
</gc-end>
<cycle-end id="3566" type="scavenge" contextid="3560" timestamp="2019-06-17T03:12:54.733" />
  <attribute name="elasticGC enabled" value="1" />
  <attribute name= "numThreadsSpecified" value="4" />
  <attribute name="heapSize specified" value="8388608" />
  <attribute name="Current GC Util" value="5" />
  <attribute name= "Current Time Running" value="13302" />
  <attribute name ="GC Interval" value="200" />
  <attribute name="ProportionalT" value="-22.500000" />
  <attribute name="ProportionalI" value="-22.500000" />
  <attribute name="ProportionalH" value="-22.500000" />
  <attribute name="Current Error" value="-15.000000" />
  <attribute name="IntegralT" value="-195.000000" />
  <attribute name="IntegralI" value="-195.000000" />
  <attribute name="IntegralH" value="-195.000000" />
  <attribute name="DerivativeT" value="-1.730769" />
  <attribute name="DerivativeI" value="-1.730769" />
  <attribute name="DerivativeH" value="-1.730769" />
  <attribute name="Loop Time for DT" value="13.000000" />
  <attribute name="Output H" value="2092630016"/>
  <attribute name="Output I" value="200"/>
  <attribute name="Output T" value="4"/>
  <attribute name="Target GC Util Change" value ="20.000000" />
  <attribute name="Current GC Util Change" value="5.000000"/>
  <attribute name="GC Util currently" value="5" />
  <attribute name="CPU Util currently" value="371770357769" />
<allocation-satisfied id="3567" threadId="00000000013F6000" bytesRequested="40" />
<af-end id="3568" timestamp="2019-06-17T03:12:54.733" threadId="00000000013F6988" success="true" from="nursery"/>
<exclusive-end id="3569" timestamp="2019-06-17T03:12:54.733" durationms="1.368" />

<exclusive-start id="3570" timestamp="2019-06-17T03:12:54.736" intervalms="4.747">
  <response-info timems="0.044" idlems="0.044" threads="0" lastid="00000000013F6000" lastname="PmdThread 4" />
</exclusive-start>
<af-start id="3571" threadId="00000000013F6988" totalBytesRequested="16" timestamp="2019-06-17T03:12:54.736" intervalms="4.703" type="nursery" />
<cycle-start id="3572" type="scavenge" contextid="0" timestamp="2019-06-17T03:12:54.736" intervalms="4.697" />
<gc-start id="3573" type="scavenge" contextid="3572" timestamp="2019-06-17T03:12:54.737">
  <mem-info id="3574" free="2048626864" total="2092630016" percent="97">
    <mem type="nursery" free="0" total="2097152" percent="0">
      <mem type="allocate" free="0" total="1835008" percent="0" />
      <mem type="survivor" free="0" total="262144" percent="0" />
    </mem>
    <mem type="tenure" free="2048626864" total="2090532864" percent="97">
      <mem type="soa" free="1944101040" total="1986007040" percent="97" />
      <mem type="loa" free="104525824" total="104525824" percent="100" />
    </mem>
    <remembered-set count="94" />
  </mem-info>
</gc-start>
<allocation-stats totalBytes="1622760" >
  <allocated-bytes non-tlh="40" tlh="1622720" />
  <largest-consumer threadName="PmdThread 4" threadId="00000000013F6000" bytes="1622760" />
</allocation-stats>
<gc-op id="3575" type="scavenge" timems="0.192" contextid="3572" timestamp="2019-06-17T03:12:54.737">
  <scavenger-info tenureage="3" tenuremask="eff8" tiltratio="87" />
  <memory-copied type="nursery" objects="70" bytes="67104" bytesdiscarded="6528" />
</gc-op>
<gc-end id="3576" type="scavenge" contextid="3572" durationms="0.508" usertimems="0.000" systemtimems="0.000" timestamp="2019-06-17T03:12:54.737" activeThreads="4">
  <mem-info id="3577" free="2050388240" total="2092630016" percent="97">
    <mem type="nursery" free="1761376" total="2097152" percent="83">
      <mem type="allocate" free="1761376" total="1835008" percent="95" />
      <mem type="survivor" free="0" total="262144" percent="0" />
    </mem>
    <mem type="tenure" free="2048626864" total="2090532864" percent="97">
      <mem type="soa" free="1944101040" total="1986007040" percent="97" />
      <mem type="loa" free="104525824" total="104525824" percent="100" />
    </mem>
    <remembered-set count="90" />
  </mem-info>
</gc-end>
<cycle-end id="3578" type="scavenge" contextid="3572" timestamp="2019-06-17T03:12:54.737" />
  <attribute name="elasticGC enabled" value="1" />
  <attribute name= "numThreadsSpecified" value="4" />
  <attribute name="heapSize specified" value="8388608" />
  <attribute name="Current GC Util" value="17" />
  <attribute name= "Current Time Running" value="13307" />
  <attribute name ="GC Interval" value="200" />
  <attribute name="ProportionalT" value="-4.500000" />
  <attribute name="ProportionalI" value="-4.500000" />
  <attribute name="ProportionalH" value="-4.500000" />
  <attribute name="Current Error" value="-3.000000" />
  <attribute name="IntegralT" value="-15.000000" />
  <attribute name="IntegralI" value="-15.000000" />
  <attribute name="IntegralH" value="-15.000000" />
  <attribute name="DerivativeT" value="-0.900000" />
  <attribute name="DerivativeI" value="-0.900000" />
  <attribute name="DerivativeH" value="-0.900000" />
  <attribute name="Loop Time for DT" value="5.000000" />
  <attribute name="Output H" value="2092630016"/>
  <attribute name="Output I" value="200"/>
  <attribute name="Output T" value="4"/>
  <attribute name="Target GC Util Change" value ="20.000000" />
  <attribute name="Current GC Util Change" value="17.000000"/>
  <attribute name="GC Util currently" value="17" />
  <attribute name="CPU Util currently" value="982313740836" />
<allocation-satisfied id="3579" threadId="00000000013F6000" bytesRequested="16" />
<af-end id="3580" timestamp="2019-06-17T03:12:54.737" threadId="00000000013F6988" success="true" from="nursery"/>
<exclusive-end id="3581" timestamp="2019-06-17T03:12:54.737" durationms="1.135" />

<exclusive-start id="3582" timestamp="2019-06-17T03:12:54.741" intervalms="5.090">
  <response-info timems="0.038" idlems="0.038" threads="0" lastid="00000000013F6000" lastname="PmdThread 4" />
</exclusive-start>
<af-start id="3583" threadId="00000000013F6988" totalBytesRequested="24" timestamp="2019-06-17T03:12:54.741" intervalms="5.071" type="nursery" />
<cycle-start id="3584" type="scavenge" contextid="0" timestamp="2019-06-17T03:12:54.741" intervalms="5.043" />
<gc-start id="3585" type="scavenge" contextid="3584" timestamp="2019-06-17T03:12:54.742">
  <mem-info id="3586" free="2048626864" total="2092630016" percent="97">
    <mem type="nursery" free="0" total="2097152" percent="0">
      <mem type="allocate" free="0" total="1835008" percent="0" />
      <mem type="survivor" free="0" total="262144" percent="0" />
    </mem>
    <mem type="tenure" free="2048626864" total="2090532864" percent="97">
      <mem type="soa" free="1944101040" total="1986007040" percent="97" />
      <mem type="loa" free="104525824" total="104525824" percent="100" />
    </mem>
    <remembered-set count="92" />
  </mem-info>
</gc-start>
<allocation-stats totalBytes="1761056" >
  <allocated-bytes non-tlh="16" tlh="1761040" />
  <largest-consumer threadName="PmdThread 4" threadId="00000000013F6000" bytes="1761056" />
</allocation-stats>
<gc-op id="3587" type="scavenge" timems="0.185" contextid="3584" timestamp="2019-06-17T03:12:54.742">
  <scavenger-info tenureage="3" tenuremask="fff8" tiltratio="87" />
  <memory-copied type="nursery" objects="106" bytes="68008" bytesdiscarded="5624" />
  <memory-copied type="tenure" objects="2" bytes="32" bytesdiscarded="0" />
</gc-op>
<gc-end id="3588" type="scavenge" contextid="3584" durationms="0.394" usertimems="0.000" systemtimems="0.000" timestamp="2019-06-17T03:12:54.742" activeThreads="4">
  <mem-info id="3589" free="2050388240" total="2092630016" percent="97">
    <mem type="nursery" free="1761376" total="2097152" percent="83">
      <mem type="allocate" free="1761376" total="1835008" percent="95" />
      <mem type="survivor" free="0" total="262144" percent="0" />
    </mem>
    <mem type="tenure" free="2048626864" total="2090532864" percent="97">
      <mem type="soa" free="1944101040" total="1986007040" percent="97" />
      <mem type="loa" free="104525824" total="104525824" percent="100" />
    </mem>
    <remembered-set count="90" />
  </mem-info>
</gc-end>
<cycle-end id="3590" type="scavenge" contextid="3584" timestamp="2019-06-17T03:12:54.742" />
  <attribute name="elasticGC enabled" value="1" />
  <attribute name= "numThreadsSpecified" value="4" />
  <attribute name="heapSize specified" value="8388608" />
  <attribute name="Current GC Util" value="11" />
  <attribute name= "Current Time Running" value="13312" />
  <attribute name ="GC Interval" value="200" />
  <attribute name="ProportionalT" value="-13.500000" />
  <attribute name="ProportionalI" value="-13.500000" />
  <attribute name="ProportionalH" value="-13.500000" />
  <attribute name="Current Error" value="-9.000000" />
  <attribute name="IntegralT" value="-45.000000" />
  <attribute name="IntegralI" value="-45.000000" />
  <attribute name="IntegralH" value="-45.000000" />
  <attribute name="DerivativeT" value="-2.700000" />
  <attribute name="DerivativeI" value="-2.700000" />
  <attribute name="DerivativeH" value="-2.700000" />
  <attribute name="Loop Time for DT" value="5.000000" />
  <attribute name="Output H" value="2092630016"/>
  <attribute name="Output I" value="200"/>
  <attribute name="Output T" value="4"/>
  <attribute name="Target GC Util Change" value ="20.000000" />
  <attribute name="Current GC Util Change" value="11.000000"/>
  <attribute name="GC Util currently" value="11" />
  <attribute name="CPU Util currently" value="934103542105" />
<allocation-satisfied id="3591" threadId="00000000013F6000" bytesRequested="24" />
<af-end id="3592" timestamp="2019-06-17T03:12:54.742" threadId="00000000013F6988" success="true" from="nursery"/>
<exclusive-end id="3593" timestamp="2019-06-17T03:12:54.742" durationms="0.863" />

<exclusive-start id="3594" timestamp="2019-06-17T03:12:54.787" intervalms="45.446">
  <response-info timems="0.072" idlems="0.072" threads="0" lastid="00000000013F6000" lastname="PmdThread 4" />
</exclusive-start>
<af-start id="3595" threadId="00000000013F6988" totalBytesRequested="24" timestamp="2019-06-17T03:12:54.787" intervalms="45.499" type="nursery" />
<cycle-start id="3596" type="scavenge" contextid="0" timestamp="2019-06-17T03:12:54.787" intervalms="45.501" />
<gc-start id="3597" type="scavenge" contextid="3596" timestamp="2019-06-17T03:12:54.787">
  <mem-info id="3598" free="2048626864" total="2092630016" percent="97">
    <mem type="nursery" free="0" total="2097152" percent="0">
      <mem type="allocate" free="0" total="1835008" percent="0" />
      <mem type="survivor" free="0" total="262144" percent="0" />
    </mem>
    <mem type="tenure" free="2048626864" total="2090532864" percent="97">
      <mem type="soa" free="1944101040" total="1986007040" percent="97" />
      <mem type="loa" free="104525824" total="104525824" percent="100" />
    </mem>
    <remembered-set count="91" />
  </mem-info>
</gc-start>
<allocation-stats totalBytes="1761064" >
  <allocated-bytes non-tlh="24" tlh="1761040" />
  <largest-consumer threadName="PmdThread 4" threadId="00000000013F6000" bytes="1761064" />
</allocation-stats>
<gc-op id="3599" type="scavenge" timems="0.361" contextid="3596" timestamp="2019-06-17T03:12:54.788">
  <scavenger-info tenureage="3" tenuremask="ffe8" tiltratio="87" />
  <memory-copied type="nursery" objects="1544" bytes="74448" bytesdiscarded="104496" />
  <memory-copied type="tenure" objects="43" bytes="66216" bytesdiscarded="0" />
</gc-op>
<gc-end id="3600" type="scavenge" contextid="3596" durationms="0.572" usertimems="0.000" systemtimems="0.000" timestamp="2019-06-17T03:12:54.788" activeThreads="4">
  <mem-info id="3601" free="2050238240" total="2092630016" percent="97">
    <mem type="nursery" free="1656064" total="2097152" percent="78">
      <mem type="allocate" free="1656064" total="1835008" percent="90" />
      <mem type="survivor" free="0" total="262144" percent="0" />
    </mem>
    <mem type="tenure" free="2048582176" total="2090532864" percent="97">
      <mem type="soa" free="1944056352" total="1986007040" percent="97" />
      <mem type="loa" free="104525824" total="104525824" percent="100" />
    </mem>
    <remembered-set count="87" />
  </mem-info>
</gc-end>
<cycle-end id="3602" type="scavenge" contextid="3596" timestamp="2019-06-17T03:12:54.788" />
  <attribute name="elasticGC enabled" value="1" />
  <attribute name= "numThreadsSpecified" value="4" />
  <attribute name="heapSize specified" value="8388608" />
  <attribute name="Current GC Util" value="1" />
  <attribute name= "Current Time Running" value="13357" />
  <attribute name ="GC Interval" value="200" />
  <attribute name="ProportionalT" value="-28.500000" />
  <attribute name="ProportionalI" value="-28.500000" />
  <attribute name="ProportionalH" value="-28.500000" />
  <attribute name="Current Error" value="-19.000000" />
  <attribute name="IntegralT" value="-855.000000" />
  <attribute name="IntegralI" value="-855.000000" />
  <attribute name="IntegralH" value="-855.000000" />
  <attribute name="DerivativeT" value="-0.633333" />
  <attribute name="DerivativeI" value="-0.633333" />
  <attribute name="DerivativeH" value="-0.633333" />
  <attribute name="Loop Time for DT" value="45.000000" />
  <attribute name="Output H" value="2092630016"/>
  <attribute name="Output I" value="200"/>
  <attribute name="Output T" value="4"/>
  <attribute name="Target GC Util Change" value ="20.000000" />
  <attribute name="Current GC Util Change" value="1.000000"/>
  <attribute name="GC Util currently" value="1" />
  <attribute name="CPU Util currently" value="101244818752" />
<allocation-satisfied id="3603" threadId="00000000013F6000" bytesRequested="24" />
<af-end id="3604" timestamp="2019-06-17T03:12:54.788" threadId="00000000013F6988" success="true" from="nursery"/>
<exclusive-end id="3605" timestamp="2019-06-17T03:12:54.788" durationms="1.341" />

<exclusive-start id="3606" timestamp="2019-06-17T03:12:54.801" intervalms="14.479">
  <response-info timems="0.074" idlems="0.074" threads="0" lastid="00000000013F6000" lastname="PmdThread 4" />
</exclusive-start>
<af-start id="3607" threadId="00000000013F6988" totalBytesRequested="72" timestamp="2019-06-17T03:12:54.801" intervalms="14.444" type="nursery" />
<cycle-start id="3608" type="scavenge" contextid="0" timestamp="2019-06-17T03:12:54.801" intervalms="14.513" />
<gc-start id="3609" type="scavenge" contextid="3608" timestamp="2019-06-17T03:12:54.802">
  <mem-info id="3610" free="2048582176" total="2092630016" percent="97">
    <mem type="nursery" free="0" total="2097152" percent="0">
      <mem type="allocate" free="0" total="1835008" percent="0" />
      <mem type="survivor" free="0" total="262144" percent="0" />
    </mem>
    <mem type="tenure" free="2048582176" total="2090532864" percent="97">
      <mem type="soa" free="1944056352" total="1986007040" percent="97" />
      <mem type="loa" free="104525824" total="104525824" percent="100" />
    </mem>
    <remembered-set count="88" />
  </mem-info>
</gc-start>
<allocation-stats totalBytes="1655944" >
  <allocated-bytes non-tlh="24" tlh="1655920" />
  <largest-consumer threadName="PmdThread 4" threadId="00000000013F6000" bytes="1655944" />
</allocation-stats>
<gc-op id="3611" type="scavenge" timems="0.269" contextid="3608" timestamp="2019-06-17T03:12:54.802">
  <scavenger-info tenureage="5" tenuremask="ffe0" tiltratio="87" />
  <memory-copied type="nursery" objects="2048" bytes="97472" bytesdiscarded="59200" />
</gc-op>
<gc-end id="3612" type="scavenge" contextid="3608" durationms="0.534" usertimems="0.000" systemtimems="0.000" timestamp="2019-06-17T03:12:54.802" activeThreads="4">
  <mem-info id="3613" free="2050260512" total="2092630016" percent="97">
    <mem type="nursery" free="1678336" total="2097152" percent="80">
      <mem type="allocate" free="1678336" total="1835008" percent="91" />
      <mem type="survivor" free="0" total="262144" percent="0" />
    </mem>
    <mem type="tenure" free="2048582176" total="2090532864" percent="97">
      <mem type="soa" free="1944056352" total="1986007040" percent="97" />
      <mem type="loa" free="104525824" total="104525824" percent="100" />
    </mem>
    <remembered-set count="88" />
  </mem-info>
</gc-end>
<cycle-end id="3614" type="scavenge" contextid="3608" timestamp="2019-06-17T03:12:54.802" />
  <attribute name="elasticGC enabled" value="1" />
  <attribute name= "numThreadsSpecified" value="4" />
  <attribute name="heapSize specified" value="8388608" />
  <attribute name="Current GC Util" value="6" />
  <attribute name= "Current Time Running" value="13372" />
  <attribute name ="GC Interval" value="200" />
  <attribute name="ProportionalT" value="-21.000000" />
  <attribute name="ProportionalI" value="-21.000000" />
  <attribute name="ProportionalH" value="-21.000000" />
  <attribute name="Current Error" value="-14.000000" />
  <attribute name="IntegralT" value="-210.000000" />
  <attribute name="IntegralI" value="-210.000000" />
  <attribute name="IntegralH" value="-210.000000" />
  <attribute name="DerivativeT" value="-1.400000" />
  <attribute name="DerivativeI" value="-1.400000" />
  <attribute name="DerivativeH" value="-1.400000" />
  <attribute name="Loop Time for DT" value="15.000000" />
  <attribute name="Output H" value="2092630016"/>
  <attribute name="Output I" value="200"/>
  <attribute name="Output T" value="4"/>
  <attribute name="Target GC Util Change" value ="20.000000" />
  <attribute name="Current GC Util Change" value="6.000000"/>
  <attribute name="GC Util currently" value="6" />
  <attribute name="CPU Util currently" value="315788010567" />
<allocation-satisfied id="3615" threadId="00000000013F6000" bytesRequested="72" />
<af-end id="3616" timestamp="2019-06-17T03:12:54.802" threadId="00000000013F6988" success="true" from="nursery"/>
<exclusive-end id="3617" timestamp="2019-06-17T03:12:54.802" durationms="1.208" />

<exclusive-start id="3618" timestamp="2019-06-17T03:12:54.815" intervalms="13.708">
  <response-info timems="0.027" idlems="0.027" threads="0" lastid="00000000013F6000" lastname="PmdThread 4" />
</exclusive-start>
<af-start id="3619" threadId="00000000013F6988" totalBytesRequested="24" timestamp="2019-06-17T03:12:54.815" intervalms="13.666" type="nursery" />
<cycle-start id="3620" type="scavenge" contextid="0" timestamp="2019-06-17T03:12:54.815" intervalms="13.592" />
<gc-start id="3621" type="scavenge" contextid="3620" timestamp="2019-06-17T03:12:54.815">
  <mem-info id="3622" free="2048582176" total="2092630016" percent="97">
    <mem type="nursery" free="0" total="2097152" percent="0">
      <mem type="allocate" free="0" total="1835008" percent="0" />
      <mem type="survivor" free="0" total="262144" percent="0" />
    </mem>
    <mem type="tenure" free="2048582176" total="2090532864" percent="97">
      <mem type="soa" free="1944056352" total="1986007040" percent="97" />
      <mem type="loa" free="104525824" total="104525824" percent="100" />
    </mem>
    <remembered-set count="88" />
  </mem-info>
</gc-start>
<allocation-stats totalBytes="1678136" >
  <allocated-bytes non-tlh="72" tlh="1678064" />
  <largest-consumer threadName="PmdThread 4" threadId="00000000013F6000" bytes="1678136" />
</allocation-stats>
<gc-op id="3623" type="scavenge" timems="0.268" contextid="3620" timestamp="2019-06-17T03:12:54.816">
  <scavenger-info tenureage="2" tenuremask="fffc" tiltratio="87" />
  <memory-copied type="nursery" objects="938" bytes="44064" bytesdiscarded="73440" />
  <memory-copied type="tenure" objects="1515" bytes="72264" bytesdiscarded="16" />
</gc-op>
<gc-end id="3624" type="scavenge" contextid="3620" durationms="0.456" usertimems="0.000" systemtimems="0.000" timestamp="2019-06-17T03:12:54.816" activeThreads="4">
  <mem-info id="3625" free="2050221344" total="2092630016" percent="97">
    <mem type="nursery" free="1717504" total="2097152" percent="81">
      <mem type="allocate" free="1717504" total="1835008" percent="93" />
      <mem type="survivor" free="0" total="262144" percent="0" />
    </mem>
    <mem type="tenure" free="2048503840" total="2090532864" percent="97">
      <mem type="soa" free="1943978016" total="1986007040" percent="97" />
      <mem type="loa" free="104525824" total="104525824" percent="100" />
    </mem>
    <remembered-set count="166" />
  </mem-info>
</gc-end>
<cycle-end id="3626" type="scavenge" contextid="3620" timestamp="2019-06-17T03:12:54.816" />
  <attribute name="elasticGC enabled" value="1" />
  <attribute name= "numThreadsSpecified" value="4" />
  <attribute name="heapSize specified" value="8388608" />
  <attribute name="Current GC Util" value="4" />
  <attribute name= "Current Time Running" value="13385" />
  <attribute name ="GC Interval" value="200" />
  <attribute name="ProportionalT" value="-24.000000" />
  <attribute name="ProportionalI" value="-24.000000" />
  <attribute name="ProportionalH" value="-24.000000" />
  <attribute name="Current Error" value="-16.000000" />
  <attribute name="IntegralT" value="-208.000000" />
  <attribute name="IntegralI" value="-208.000000" />
  <attribute name="IntegralH" value="-208.000000" />
  <attribute name="DerivativeT" value="-1.846154" />
  <attribute name="DerivativeI" value="-1.846154" />
  <attribute name="DerivativeH" value="-1.846154" />
  <attribute name="Loop Time for DT" value="13.000000" />
  <attribute name="Output H" value="2092630016"/>
  <attribute name="Output I" value="200"/>
  <attribute name="Output T" value="4"/>
  <attribute name="Target GC Util Change" value ="20.000000" />
  <attribute name="Current GC Util Change" value="4.000000"/>
  <attribute name="GC Util currently" value="4" />
  <attribute name="CPU Util currently" value="343604929441" />
<allocation-satisfied id="3627" threadId="00000000013F6000" bytesRequested="24" />
<af-end id="3628" timestamp="2019-06-17T03:12:54.816" threadId="00000000013F6988" success="true" from="nursery"/>
<exclusive-end id="3629" timestamp="2019-06-17T03:12:54.816" durationms="0.883" />

<exclusive-start id="3630" timestamp="2019-06-17T03:12:54.819" intervalms="3.901">
  <response-info timems="0.032" idlems="0.032" threads="0" lastid="00000000013F6000" lastname="PmdThread 4" />
</exclusive-start>
<af-start id="3631" threadId="00000000013F6988" totalBytesRequested="32" timestamp="2019-06-17T03:12:54.819" intervalms="3.900" type="nursery" />
<cycle-start id="3632" type="scavenge" contextid="0" timestamp="2019-06-17T03:12:54.819" intervalms="3.895" />
<gc-start id="3633" type="scavenge" contextid="3632" timestamp="2019-06-17T03:12:54.819">
  <mem-info id="3634" free="2048503840" total="2092630016" percent="97">
    <mem type="nursery" free="0" total="2097152" percent="0">
      <mem type="allocate" free="0" total="1835008" percent="0" />
      <mem type="survivor" free="0" total="262144" percent="0" />
    </mem>
    <mem type="tenure" free="2048503840" total="2090532864" percent="97">
      <mem type="soa" free="1943978016" total="1986007040" percent="97" />
      <mem type="loa" free="104525824" total="104525824" percent="100" />
    </mem>
    <remembered-set count="166" />
  </mem-info>
</gc-start>
<allocation-stats totalBytes="1717384" >
  <allocated-bytes non-tlh="24" tlh="1717360" />
  <largest-consumer threadName="PmdThread 4" threadId="00000000013F6000" bytes="1717384" />
</allocation-stats>
<gc-op id="3635" type="scavenge" timems="0.196" contextid="3632" timestamp="2019-06-17T03:12:54.819">
  <scavenger-info tenureage="6" tenuremask="ffc0" tiltratio="87" />
  <memory-copied type="nursery" objects="943" bytes="44168" bytesdiscarded="73336" />
</gc-op>
<gc-end id="3636" type="scavenge" contextid="3632" durationms="0.380" usertimems="0.000" systemtimems="0.000" timestamp="2019-06-17T03:12:54.819" activeThreads="4">
  <mem-info id="3637" free="2050221344" total="2092630016" percent="97">
    <mem type="nursery" free="1717504" total="2097152" percent="81">
      <mem type="allocate" free="1717504" total="1835008" percent="93" />
      <mem type="survivor" free="0" total="262144" percent="0" />
    </mem>
    <mem type="tenure" free="2048503840" total="2090532864" percent="97">
      <mem type="soa" free="1943978016" total="1986007040" percent="97" />
      <mem type="loa" free="104525824" total="104525824" percent="100" />
    </mem>
    <remembered-set count="166" />
  </mem-info>
</gc-end>
<cycle-end id="3638" type="scavenge" contextid="3632" timestamp="2019-06-17T03:12:54.819" />
  <attribute name="elasticGC enabled" value="1" />
  <attribute name= "numThreadsSpecified" value="4" />
  <attribute name="heapSize specified" value="8388608" />
  <attribute name="Current GC Util" value="16" />
  <attribute name= "Current Time Running" value="13389" />
  <attribute name ="GC Interval" value="200" />
  <attribute name="ProportionalT" value="-6.000000" />
  <attribute name="ProportionalI" value="-6.000000" />
  <attribute name="ProportionalH" value="-6.000000" />
  <attribute name="Current Error" value="-4.000000" />
  <attribute name="IntegralT" value="-16.000000" />
  <attribute name="IntegralI" value="-16.000000" />
  <attribute name="IntegralH" value="-16.000000" />
  <attribute name="DerivativeT" value="-1.500000" />
  <attribute name="DerivativeI" value="-1.500000" />
  <attribute name="DerivativeH" value="-1.500000" />
  <attribute name="Loop Time for DT" value="4.000000" />
  <attribute name="Output H" value="2092630016"/>
  <attribute name="Output I" value="200"/>
  <attribute name="Output T" value="4"/>
  <attribute name="Target GC Util Change" value ="20.000000" />
  <attribute name="Current GC Util Change" value="16.000000"/>
  <attribute name="GC Util currently" value="16" />
  <attribute name="CPU Util currently" value="1185144391015" />
<allocation-satisfied id="3639" threadId="00000000013F6000" bytesRequested="32" />
<af-end id="3640" timestamp="2019-06-17T03:12:54.820" threadId="00000000013F6988" success="true" from="nursery"/>
<exclusive-end id="3641" timestamp="2019-06-17T03:12:54.820" durationms="0.798" />

<exclusive-start id="3642" timestamp="2019-06-17T03:12:54.822" intervalms="3.538">
  <response-info timems="0.024" idlems="0.024" threads="0" lastid="00000000013F6000" lastname="PmdThread 4" />
</exclusive-start>
<af-start id="3643" threadId="00000000013F6988" totalBytesRequested="16" timestamp="2019-06-17T03:12:54.822" intervalms="3.534" type="nursery" />
<cycle-start id="3644" type="scavenge" contextid="0" timestamp="2019-06-17T03:12:54.823" intervalms="3.535" />
<gc-start id="3645" type="scavenge" contextid="3644" timestamp="2019-06-17T03:12:54.823">
  <mem-info id="3646" free="2048503840" total="2092630016" percent="97">
    <mem type="nursery" free="0" total="2097152" percent="0">
      <mem type="allocate" free="0" total="1835008" percent="0" />
      <mem type="survivor" free="0" total="262144" percent="0" />
    </mem>
    <mem type="tenure" free="2048503840" total="2090532864" percent="97">
      <mem type="soa" free="1943978016" total="1986007040" percent="97" />
      <mem type="loa" free="104525824" total="104525824" percent="100" />
    </mem>
    <remembered-set count="166" />
  </mem-info>
</gc-start>
<allocation-stats totalBytes="1717288" >
  <allocated-bytes non-tlh="32" tlh="1717256" />
  <largest-consumer threadName="PmdThread 4" threadId="00000000013F6000" bytes="1717288" />
</allocation-stats>
<gc-op id="3647" type="scavenge" timems="0.198" contextid="3644" timestamp="2019-06-17T03:12:54.823">
  <scavenger-info tenureage="3" tenuremask="fff8" tiltratio="87" />
  <memory-copied type="nursery" objects="434" bytes="21048" bytesdiscarded="18120" />
  <memory-copied type="tenure" objects="491" bytes="22648" bytesdiscarded="24" />
</gc-op>
<gc-end id="3648" type="scavenge" contextid="3644" durationms="0.382" usertimems="0.000" systemtimems="0.000" timestamp="2019-06-17T03:12:54.823" activeThreads="4">
  <mem-info id="3649" free="2050260512" total="2092630016" percent="97">
    <mem type="nursery" free="1795840" total="2097152" percent="85">
      <mem type="allocate" free="1795840" total="1835008" percent="97" />
      <mem type="survivor" free="0" total="262144" percent="0" />
    </mem>
    <mem type="tenure" free="2048464672" total="2090532864" percent="97">
      <mem type="soa" free="1943938848" total="1986007040" percent="97" />
      <mem type="loa" free="104525824" total="104525824" percent="100" />
    </mem>
    <remembered-set count="144" />
  </mem-info>
</gc-end>
<cycle-end id="3650" type="scavenge" contextid="3644" timestamp="2019-06-17T03:12:54.823" />
  <attribute name="elasticGC enabled" value="1" />
  <attribute name= "numThreadsSpecified" value="4" />
  <attribute name="heapSize specified" value="8388608" />
  <attribute name="Current GC Util" value="13" />
  <attribute name= "Current Time Running" value="13393" />
  <attribute name ="GC Interval" value="200" />
  <attribute name="ProportionalT" value="-10.500000" />
  <attribute name="ProportionalI" value="-10.500000" />
  <attribute name="ProportionalH" value="-10.500000" />
  <attribute name="Current Error" value="-7.000000" />
  <attribute name="IntegralT" value="-28.000000" />
  <attribute name="IntegralI" value="-28.000000" />
  <attribute name="IntegralH" value="-28.000000" />
  <attribute name="DerivativeT" value="-2.625000" />
  <attribute name="DerivativeI" value="-2.625000" />
  <attribute name="DerivativeH" value="-2.625000" />
  <attribute name="Loop Time for DT" value="4.000000" />
  <attribute name="Output H" value="2092630016"/>
  <attribute name="Output I" value="200"/>
  <attribute name="Output T" value="4"/>
  <attribute name="Target GC Util Change" value ="20.000000" />
  <attribute name="Current GC Util Change" value="13.000000"/>
  <attribute name="GC Util currently" value="13" />
  <attribute name="CPU Util currently" value="1306350764589" />
<allocation-satisfied id="3651" threadId="00000000013F6000" bytesRequested="16" />
<af-end id="3652" timestamp="2019-06-17T03:12:54.823" threadId="00000000013F6988" success="true" from="nursery"/>
<exclusive-end id="3653" timestamp="2019-06-17T03:12:54.823" durationms="0.793" />

<exclusive-start id="3654" timestamp="2019-06-17T03:12:54.827" intervalms="4.418">
  <response-info timems="0.028" idlems="0.028" threads="0" lastid="00000000013F6000" lastname="PmdThread 4" />
</exclusive-start>
<af-start id="3655" threadId="00000000013F6988" totalBytesRequested="24" timestamp="2019-06-17T03:12:54.827" intervalms="4.417" type="nursery" />
<cycle-start id="3656" type="scavenge" contextid="0" timestamp="2019-06-17T03:12:54.827" intervalms="4.417" />
<gc-start id="3657" type="scavenge" contextid="3656" timestamp="2019-06-17T03:12:54.827">
  <mem-info id="3658" free="2048464672" total="2092630016" percent="97">
    <mem type="nursery" free="0" total="2097152" percent="0">
      <mem type="allocate" free="0" total="1835008" percent="0" />
      <mem type="survivor" free="0" total="262144" percent="0" />
    </mem>
    <mem type="tenure" free="2048464672" total="2090532864" percent="97">
      <mem type="soa" free="1943938848" total="1986007040" percent="97" />
      <mem type="loa" free="104525824" total="104525824" percent="100" />
    </mem>
    <remembered-set count="144" />
  </mem-info>
</gc-start>
<allocation-stats totalBytes="1795680" >
  <allocated-bytes non-tlh="16" tlh="1795664" />
  <largest-consumer threadName="PmdThread 4" threadId="00000000013F6000" bytes="1795680" />
</allocation-stats>
<gc-op id="3659" type="scavenge" timems="0.169" contextid="3656" timestamp="2019-06-17T03:12:54.827">
  <scavenger-info tenureage="3" tenuremask="ffe8" tiltratio="87" />
  <memory-copied type="nursery" objects="9" bytes="232" bytesdiscarded="38936" />
  <memory-copied type="tenure" objects="425" bytes="20848" bytesdiscarded="0" />
</gc-op>
<gc-end id="3660" type="scavenge" contextid="3656" durationms="0.352" usertimems="0.000" systemtimems="0.000" timestamp="2019-06-17T03:12:54.827" activeThreads="4">
  <mem-info id="3661" free="2050260512" total="2092630016" percent="97">
    <mem type="nursery" free="1795840" total="2097152" percent="85">
      <mem type="allocate" free="1795840" total="1835008" percent="97" />
      <mem type="survivor" free="0" total="262144" percent="0" />
    </mem>
    <mem type="tenure" free="2048464672" total="2090532864" percent="97">
      <mem type="soa" free="1943938848" total="1986007040" percent="97" />
      <mem type="loa" free="104525824" total="104525824" percent="100" />
    </mem>
    <remembered-set count="77" />
  </mem-info>
</gc-end>
<cycle-end id="3662" type="scavenge" contextid="3656" timestamp="2019-06-17T03:12:54.827" />
  <attribute name="elasticGC enabled" value="1" />
  <attribute name= "numThreadsSpecified" value="4" />
  <attribute name="heapSize specified" value="8388608" />
  <attribute name="Current GC Util" value="11" />
  <attribute name= "Current Time Running" value="13397" />
  <attribute name ="GC Interval" value="200" />
  <attribute name="ProportionalT" value="-13.500000" />
  <attribute name="ProportionalI" value="-13.500000" />
  <attribute name="ProportionalH" value="-13.500000" />
  <attribute name="Current Error" value="-9.000000" />
  <attribute name="IntegralT" value="-36.000000" />
  <attribute name="IntegralI" value="-36.000000" />
  <attribute name="IntegralH" value="-36.000000" />
  <attribute name="DerivativeT" value="-3.375000" />
  <attribute name="DerivativeI" value="-3.375000" />
  <attribute name="DerivativeH" value="-3.375000" />
  <attribute name="Loop Time for DT" value="4.000000" />
  <attribute name="Output H" value="2092630016"/>
  <attribute name="Output I" value="200"/>
  <attribute name="Output T" value="4"/>
  <attribute name="Target GC Util Change" value ="20.000000" />
  <attribute name="Current GC Util Change" value="11.000000"/>
  <attribute name="GC Util currently" value="11" />
  <attribute name="CPU Util currently" value="1044197561647" />
<allocation-satisfied id="3663" threadId="00000000013F6000" bytesRequested="24" />
<af-end id="3664" timestamp="2019-06-17T03:12:54.828" threadId="00000000013F6988" success="true" from="nursery"/>
<exclusive-end id="3665" timestamp="2019-06-17T03:12:54.828" durationms="0.761" />

<exclusive-start id="3666" timestamp="2019-06-17T03:12:54.830" intervalms="2.866">
  <response-info timems="0.024" idlems="0.024" threads="0" lastid="00000000013F6000" lastname="PmdThread 4" />
</exclusive-start>
<af-start id="3667" threadId="00000000013F6988" totalBytesRequested="40" timestamp="2019-06-17T03:12:54.830" intervalms="2.862" type="nursery" />
<cycle-start id="3668" type="scavenge" contextid="0" timestamp="2019-06-17T03:12:54.830" intervalms="2.860" />
<gc-start id="3669" type="scavenge" contextid="3668" timestamp="2019-06-17T03:12:54.830">
  <mem-info id="3670" free="2048464672" total="2092630016" percent="97">
    <mem type="nursery" free="0" total="2097152" percent="0">
      <mem type="allocate" free="0" total="1835008" percent="0" />
      <mem type="survivor" free="0" total="262144" percent="0" />
    </mem>
    <mem type="tenure" free="2048464672" total="2090532864" percent="97">
      <mem type="soa" free="1943938848" total="1986007040" percent="97" />
      <mem type="loa" free="104525824" total="104525824" percent="100" />
    </mem>
    <remembered-set count="77" />
  </mem-info>
</gc-start>
<allocation-stats totalBytes="1795672" >
  <allocated-bytes non-tlh="24" tlh="1795648" />
  <largest-consumer threadName="PmdThread 4" threadId="00000000013F6000" bytes="1795672" />
</allocation-stats>
<gc-op id="3671" type="scavenge" timems="0.142" contextid="3668" timestamp="2019-06-17T03:12:54.830">
  <scavenger-info tenureage="3" tenuremask="ffe8" tiltratio="87" />
  <memory-copied type="nursery" objects="10" bytes="216" bytesdiscarded="38952" />
</gc-op>
<gc-end id="3672" type="scavenge" contextid="3668" durationms="0.312" usertimems="0.000" systemtimems="0.000" timestamp="2019-06-17T03:12:54.830" activeThreads="4">
  <mem-info id="3673" free="2050260512" total="2092630016" percent="97">
    <mem type="nursery" free="1795840" total="2097152" percent="85">
      <mem type="allocate" free="1795840" total="1835008" percent="97" />
      <mem type="survivor" free="0" total="262144" percent="0" />
    </mem>
    <mem type="tenure" free="2048464672" total="2090532864" percent="97">
      <mem type="soa" free="1943938848" total="1986007040" percent="97" />
      <mem type="loa" free="104525824" total="104525824" percent="100" />
    </mem>
    <remembered-set count="77" />
  </mem-info>
</gc-end>
<cycle-end id="3674" type="scavenge" contextid="3668" timestamp="2019-06-17T03:12:54.830" />
  <attribute name="elasticGC enabled" value="1" />
  <attribute name= "numThreadsSpecified" value="4" />
  <attribute name="heapSize specified" value="8388608" />
  <attribute name="Current GC Util" value="15" />
  <attribute name= "Current Time Running" value="13400" />
  <attribute name ="GC Interval" value="200" />
  <attribute name="ProportionalT" value="-7.500000" />
  <attribute name="ProportionalI" value="-7.500000" />
  <attribute name="ProportionalH" value="-7.500000" />
  <attribute name="Current Error" value="-5.000000" />
  <attribute name="IntegralT" value="-15.000000" />
  <attribute name="IntegralI" value="-15.000000" />
  <attribute name="IntegralH" value="-15.000000" />
  <attribute name="DerivativeT" value="-2.500000" />
  <attribute name="DerivativeI" value="-2.500000" />
  <attribute name="DerivativeH" value="-2.500000" />
  <attribute name="Loop Time for DT" value="3.000000" />
  <attribute name="Output H" value="2092630016"/>
  <attribute name="Output I" value="200"/>
  <attribute name="Output T" value="4"/>
  <attribute name="Target GC Util Change" value ="20.000000" />
  <attribute name="Current GC Util Change" value="15.000000"/>
  <attribute name="GC Util currently" value="15" />
  <attribute name="CPU Util currently" value="1613321513940" />
<allocation-satisfied id="3675" threadId="00000000013F6000" bytesRequested="40" />
<af-end id="3676" timestamp="2019-06-17T03:12:54.830" threadId="00000000013F6988" success="true" from="nursery"/>
<exclusive-end id="3677" timestamp="2019-06-17T03:12:54.830" durationms="0.723" />

<exclusive-start id="3678" timestamp="2019-06-17T03:12:54.832" intervalms="2.808">
  <response-info timems="0.025" idlems="0.025" threads="0" lastid="00000000013F6000" lastname="PmdThread 4" />
</exclusive-start>
<af-start id="3679" threadId="00000000013F6988" totalBytesRequested="24" timestamp="2019-06-17T03:12:54.833" intervalms="2.807" type="nursery" />
<cycle-start id="3680" type="scavenge" contextid="0" timestamp="2019-06-17T03:12:54.833" intervalms="2.807" />
<gc-start id="3681" type="scavenge" contextid="3680" timestamp="2019-06-17T03:12:54.833">
  <mem-info id="3682" free="2048464672" total="2092630016" percent="97">
    <mem type="nursery" free="0" total="2097152" percent="0">
      <mem type="allocate" free="0" total="1835008" percent="0" />
      <mem type="survivor" free="0" total="262144" percent="0" />
    </mem>
    <mem type="tenure" free="2048464672" total="2090532864" percent="97">
      <mem type="soa" free="1943938848" total="1986007040" percent="97" />
      <mem type="loa" free="104525824" total="104525824" percent="100" />
    </mem>
    <remembered-set count="77" />
  </mem-info>
</gc-start>
<allocation-stats totalBytes="1795688" >
  <allocated-bytes non-tlh="40" tlh="1795648" />
  <largest-consumer threadName="PmdThread 4" threadId="00000000013F6000" bytes="1795688" />
</allocation-stats>
<gc-op id="3683" type="scavenge" timems="0.143" contextid="3680" timestamp="2019-06-17T03:12:54.833">
  <scavenger-info tenureage="3" tenuremask="fff8" tiltratio="87" />
  <memory-copied type="nursery" objects="19" bytes="440" bytesdiscarded="38728" />
</gc-op>
<gc-end id="3684" type="scavenge" contextid="3680" durationms="0.321" usertimems="0.000" systemtimems="0.000" timestamp="2019-06-17T03:12:54.833" activeThreads="4">
  <mem-info id="3685" free="2050260512" total="2092630016" percent="97">
    <mem type="nursery" free="1795840" total="2097152" percent="85">
      <mem type="allocate" free="1795840" total="1835008" percent="97" />
      <mem type="survivor" free="0" total="262144" percent="0" />
    </mem>
    <mem type="tenure" free="2048464672" total="2090532864" percent="97">
      <mem type="soa" free="1943938848" total="1986007040" percent="97" />
      <mem type="loa" free="104525824" total="104525824" percent="100" />
    </mem>
    <remembered-set count="77" />
  </mem-info>
</gc-end>
<cycle-end id="3686" type="scavenge" contextid="3680" timestamp="2019-06-17T03:12:54.833" />
  <attribute name="elasticGC enabled" value="1" />
  <attribute name= "numThreadsSpecified" value="4" />
  <attribute name="heapSize specified" value="8388608" />
  <attribute name="Current GC Util" value="14" />
  <attribute name= "Current Time Running" value="13403" />
  <attribute name ="GC Interval" value="200" />
  <attribute name="ProportionalT" value="-9.000000" />
  <attribute name="ProportionalI" value="-9.000000" />
  <attribute name="ProportionalH" value="-9.000000" />
  <attribute name="Current Error" value="-6.000000" />
  <attribute name="IntegralT" value="-18.000000" />
  <attribute name="IntegralI" value="-18.000000" />
  <attribute name="IntegralH" value="-18.000000" />
  <attribute name="DerivativeT" value="-3.000000" />
  <attribute name="DerivativeI" value="-3.000000" />
  <attribute name="DerivativeH" value="-3.000000" />
  <attribute name="Loop Time for DT" value="3.000000" />
  <attribute name="Output H" value="2092630016"/>
  <attribute name="Output I" value="200"/>
  <attribute name="Output T" value="4"/>
  <attribute name="Target GC Util Change" value ="20.000000" />
  <attribute name="Current GC Util Change" value="14.000000"/>
  <attribute name="GC Util currently" value="14" />
  <attribute name="CPU Util currently" value="1641624493276" />
<allocation-satisfied id="3687" threadId="00000000013F6000" bytesRequested="24" />
<af-end id="3688" timestamp="2019-06-17T03:12:54.833" threadId="00000000013F6988" success="true" from="nursery"/>
<exclusive-end id="3689" timestamp="2019-06-17T03:12:54.833" durationms="0.724" />

<exclusive-start id="3690" timestamp="2019-06-17T03:12:54.835" intervalms="2.920">
  <response-info timems="0.055" idlems="0.055" threads="0" lastid="00000000013F6000" lastname="PmdThread 4" />
</exclusive-start>
<af-start id="3691" threadId="00000000013F6988" totalBytesRequested="24" timestamp="2019-06-17T03:12:54.835" intervalms="2.927" type="nursery" />
<cycle-start id="3692" type="scavenge" contextid="0" timestamp="2019-06-17T03:12:54.836" intervalms="2.963" />
<gc-start id="3693" type="scavenge" contextid="3692" timestamp="2019-06-17T03:12:54.836">
  <mem-info id="3694" free="2048464672" total="2092630016" percent="97">
    <mem type="nursery" free="0" total="2097152" percent="0">
      <mem type="allocate" free="0" total="1835008" percent="0" />
      <mem type="survivor" free="0" total="262144" percent="0" />
    </mem>
    <mem type="tenure" free="2048464672" total="2090532864" percent="97">
      <mem type="soa" free="1943938848" total="1986007040" percent="97" />
      <mem type="loa" free="104525824" total="104525824" percent="100" />
    </mem>
    <remembered-set count="77" />
  </mem-info>
</gc-start>
<allocation-stats totalBytes="1795592" >
  <allocated-bytes non-tlh="24" tlh="1795568" />
  <largest-consumer threadName="PmdThread 4" threadId="00000000013F6000" bytes="1795592" />
</allocation-stats>
<gc-op id="3695" type="scavenge" timems="0.167" contextid="3692" timestamp="2019-06-17T03:12:54.836">
  <scavenger-info tenureage="3" tenuremask="fff8" tiltratio="87" />
  <memory-copied type="nursery" objects="11" bytes="272" bytesdiscarded="38896" />
  <memory-copied type="tenure" objects="1" bytes="24" bytesdiscarded="0" />
</gc-op>
<gc-end id="3696" type="scavenge" contextid="3692" durationms="0.352" usertimems="0.000" systemtimems="0.000" timestamp="2019-06-17T03:12:54.836" activeThreads="4">
  <mem-info id="3697" free="2050260512" total="2092630016" percent="97">
    <mem type="nursery" free="1795840" total="2097152" percent="85">
      <mem type="allocate" free="1795840" total="1835008" percent="97" />
      <mem type="survivor" free="0" total="262144" percent="0" />
    </mem>
    <mem type="tenure" free="2048464672" total="2090532864" percent="97">
      <mem type="soa" free="1943938848" total="1986007040" percent="97" />
      <mem type="loa" free="104525824" total="104525824" percent="100" />
    </mem>
    <remembered-set count="78" />
  </mem-info>
</gc-end>
<cycle-end id="3698" type="scavenge" contextid="3692" timestamp="2019-06-17T03:12:54.836" />
  <attribute name="elasticGC enabled" value="1" />
  <attribute name= "numThreadsSpecified" value="4" />
  <attribute name="heapSize specified" value="8388608" />
  <attribute name="Current GC Util" value="13" />
  <attribute name= "Current Time Running" value="13406" />
  <attribute name ="GC Interval" value="200" />
  <attribute name="ProportionalT" value="-10.500000" />
  <attribute name="ProportionalI" value="-10.500000" />
  <attribute name="ProportionalH" value="-10.500000" />
  <attribute name="Current Error" value="-7.000000" />
  <attribute name="IntegralT" value="-21.000000" />
  <attribute name="IntegralI" value="-21.000000" />
  <attribute name="IntegralH" value="-21.000000" />
  <attribute name="DerivativeT" value="-3.500000" />
  <attribute name="DerivativeI" value="-3.500000" />
  <attribute name="DerivativeH" value="-3.500000" />
  <attribute name="Loop Time for DT" value="3.000000" />
  <attribute name="Output H" value="2092630016"/>
  <attribute name="Output I" value="200"/>
  <attribute name="Output T" value="4"/>
  <attribute name="Target GC Util Change" value ="20.000000" />
  <attribute name="Current GC Util Change" value="13.000000"/>
  <attribute name="GC Util currently" value="13" />
  <attribute name="CPU Util currently" value="1554256583919" />
<allocation-satisfied id="3699" threadId="00000000013F6000" bytesRequested="24" />
<af-end id="3700" timestamp="2019-06-17T03:12:54.836" threadId="00000000013F6988" success="true" from="nursery"/>
<exclusive-end id="3701" timestamp="2019-06-17T03:12:54.836" durationms="0.861" />

<exclusive-start id="3702" timestamp="2019-06-17T03:12:54.838" intervalms="3.063">
  <response-info timems="0.026" idlems="0.026" threads="0" lastid="00000000013F6000" lastname="PmdThread 4" />
</exclusive-start>
<af-start id="3703" threadId="00000000013F6988" totalBytesRequested="72" timestamp="2019-06-17T03:12:54.839" intervalms="3.095" type="nursery" />
<cycle-start id="3704" type="scavenge" contextid="0" timestamp="2019-06-17T03:12:54.839" intervalms="3.060" />
<gc-start id="3705" type="scavenge" contextid="3704" timestamp="2019-06-17T03:12:54.839">
  <mem-info id="3706" free="2048464672" total="2092630016" percent="97">
    <mem type="nursery" free="0" total="2097152" percent="0">
      <mem type="allocate" free="0" total="1835008" percent="0" />
      <mem type="survivor" free="0" total="262144" percent="0" />
    </mem>
    <mem type="tenure" free="2048464672" total="2090532864" percent="97">
      <mem type="soa" free="1943938848" total="1986007040" percent="97" />
      <mem type="loa" free="104525824" total="104525824" percent="100" />
    </mem>
    <remembered-set count="78" />
  </mem-info>
</gc-start>
<allocation-stats totalBytes="1795664" >
  <allocated-bytes non-tlh="24" tlh="1795640" />
  <largest-consumer threadName="PmdThread 4" threadId="00000000013F6000" bytes="1795664" />
</allocation-stats>
<gc-op id="3707" type="scavenge" timems="0.159" contextid="3704" timestamp="2019-06-17T03:12:54.839">
  <scavenger-info tenureage="3" tenuremask="ffe8" tiltratio="87" />
  <memory-copied type="nursery" objects="14" bytes="312" bytesdiscarded="38856" />
</gc-op>
<gc-end id="3708" type="scavenge" contextid="3704" durationms="0.332" usertimems="0.000" systemtimems="0.000" timestamp="2019-06-17T03:12:54.839" activeThreads="4">
  <mem-info id="3709" free="2050260512" total="2092630016" percent="97">
    <mem type="nursery" free="1795840" total="2097152" percent="85">
      <mem type="allocate" free="1795840" total="1835008" percent="97" />
      <mem type="survivor" free="0" total="262144" percent="0" />
    </mem>
    <mem type="tenure" free="2048464672" total="2090532864" percent="97">
      <mem type="soa" free="1943938848" total="1986007040" percent="97" />
      <mem type="loa" free="104525824" total="104525824" percent="100" />
    </mem>
    <remembered-set count="78" />
  </mem-info>
</gc-end>
<cycle-end id="3710" type="scavenge" contextid="3704" timestamp="2019-06-17T03:12:54.839" />
  <attribute name="elasticGC enabled" value="1" />
  <attribute name= "numThreadsSpecified" value="4" />
  <attribute name="heapSize specified" value="8388608" />
  <attribute name="Current GC Util" value="13" />
  <attribute name= "Current Time Running" value="13409" />
  <attribute name ="GC Interval" value="200" />
  <attribute name="ProportionalT" value="-10.500000" />
  <attribute name="ProportionalI" value="-10.500000" />
  <attribute name="ProportionalH" value="-10.500000" />
  <attribute name="Current Error" value="-7.000000" />
  <attribute name="IntegralT" value="-21.000000" />
  <attribute name="IntegralI" value="-21.000000" />
  <attribute name="IntegralH" value="-21.000000" />
  <attribute name="DerivativeT" value="-3.500000" />
  <attribute name="DerivativeI" value="-3.500000" />
  <attribute name="DerivativeH" value="-3.500000" />
  <attribute name="Loop Time for DT" value="3.000000" />
  <attribute name="Output H" value="2092630016"/>
  <attribute name="Output I" value="200"/>
  <attribute name="Output T" value="4"/>
  <attribute name="Target GC Util Change" value ="20.000000" />
  <attribute name="Current GC Util Change" value="13.000000"/>
  <attribute name="GC Util currently" value="13" />
  <attribute name="CPU Util currently" value="1507641208158" />
<allocation-satisfied id="3711" threadId="00000000013F6000" bytesRequested="72" />
<af-end id="3712" timestamp="2019-06-17T03:12:54.839" threadId="00000000013F6988" success="true" from="nursery"/>
<exclusive-end id="3713" timestamp="2019-06-17T03:12:54.839" durationms="0.788" />

<exclusive-start id="3714" timestamp="2019-06-17T03:12:54.842" intervalms="3.095">
  <response-info timems="0.024" idlems="0.024" threads="0" lastid="00000000013F6000" lastname="PmdThread 4" />
</exclusive-start>
<af-start id="3715" threadId="00000000013F6988" totalBytesRequested="24" timestamp="2019-06-17T03:12:54.842" intervalms="3.058" type="nursery" />
<cycle-start id="3716" type="scavenge" contextid="0" timestamp="2019-06-17T03:12:54.842" intervalms="3.055" />
<gc-start id="3717" type="scavenge" contextid="3716" timestamp="2019-06-17T03:12:54.842">
  <mem-info id="3718" free="2048464672" total="2092630016" percent="97">
    <mem type="nursery" free="0" total="2097152" percent="0">
      <mem type="allocate" free="0" total="1835008" percent="0" />
      <mem type="survivor" free="0" total="262144" percent="0" />
    </mem>
    <mem type="tenure" free="2048464672" total="2090532864" percent="97">
      <mem type="soa" free="1943938848" total="1986007040" percent="97" />
      <mem type="loa" free="104525824" total="104525824" percent="100" />
    </mem>
    <remembered-set count="78" />
  </mem-info>
</gc-start>
<allocation-stats totalBytes="1795656" >
  <allocated-bytes non-tlh="72" tlh="1795584" />
  <largest-consumer threadName="PmdThread 4" threadId="00000000013F6000" bytes="1795656" />
</allocation-stats>
<gc-op id="3719" type="scavenge" timems="0.155" contextid="3716" timestamp="2019-06-17T03:12:54.842">
  <scavenger-info tenureage="3" tenuremask="fff8" tiltratio="87" />
  <memory-copied type="nursery" objects="34" bytes="840" bytesdiscarded="38328" />
</gc-op>
<gc-end id="3720" type="scavenge" contextid="3716" durationms="0.327" usertimems="0.000" systemtimems="0.000" timestamp="2019-06-17T03:12:54.842" activeThreads="4">
  <mem-info id="3721" free="2050260512" total="2092630016" percent="97">
    <mem type="nursery" free="1795840" total="2097152" percent="85">
      <mem type="allocate" free="1795840" total="1835008" percent="97" />
      <mem type="survivor" free="0" total="262144" percent="0" />
    </mem>
    <mem type="tenure" free="2048464672" total="2090532864" percent="97">
      <mem type="soa" free="1943938848" total="1986007040" percent="97" />
      <mem type="loa" free="104525824" total="104525824" percent="100" />
    </mem>
    <remembered-set count="78" />
  </mem-info>
</gc-end>
<cycle-end id="3722" type="scavenge" contextid="3716" timestamp="2019-06-17T03:12:54.842" />
  <attribute name="elasticGC enabled" value="1" />
  <attribute name= "numThreadsSpecified" value="4" />
  <attribute name="heapSize specified" value="8388608" />
  <attribute name="Current GC Util" value="13" />
  <attribute name= "Current Time Running" value="13412" />
  <attribute name ="GC Interval" value="200" />
  <attribute name="ProportionalT" value="-10.500000" />
  <attribute name="ProportionalI" value="-10.500000" />
  <attribute name="ProportionalH" value="-10.500000" />
  <attribute name="Current Error" value="-7.000000" />
  <attribute name="IntegralT" value="-21.000000" />
  <attribute name="IntegralI" value="-21.000000" />
  <attribute name="IntegralH" value="-21.000000" />
  <attribute name="DerivativeT" value="-3.500000" />
  <attribute name="DerivativeI" value="-3.500000" />
  <attribute name="DerivativeH" value="-3.500000" />
  <attribute name="Loop Time for DT" value="3.000000" />
  <attribute name="Output H" value="2092630016"/>
  <attribute name="Output I" value="200"/>
  <attribute name="Output T" value="4"/>
  <attribute name="Target GC Util Change" value ="20.000000" />
  <attribute name="Current GC Util Change" value="13.000000"/>
  <attribute name="GC Util currently" value="13" />
  <attribute name="CPU Util currently" value="1511241360431" />
<allocation-satisfied id="3723" threadId="00000000013F6000" bytesRequested="24" />
<af-end id="3724" timestamp="2019-06-17T03:12:54.842" threadId="00000000013F6988" success="true" from="nursery"/>
<exclusive-end id="3725" timestamp="2019-06-17T03:12:54.842" durationms="0.737" />

<exclusive-start id="3726" timestamp="2019-06-17T03:12:54.845" intervalms="3.362">
  <response-info timems="0.023" idlems="0.023" threads="0" lastid="00000000013F6000" lastname="PmdThread 4" />
</exclusive-start>
<af-start id="3727" threadId="00000000013F6988" totalBytesRequested="16" timestamp="2019-06-17T03:12:54.845" intervalms="3.360" type="nursery" />
<cycle-start id="3728" type="scavenge" contextid="0" timestamp="2019-06-17T03:12:54.845" intervalms="3.360" />
<gc-start id="3729" type="scavenge" contextid="3728" timestamp="2019-06-17T03:12:54.845">
  <mem-info id="3730" free="2048464672" total="2092630016" percent="97">
    <mem type="nursery" free="0" total="2097152" percent="0">
      <mem type="allocate" free="0" total="1835008" percent="0" />
      <mem type="survivor" free="0" total="262144" percent="0" />
    </mem>
    <mem type="tenure" free="2048464672" total="2090532864" percent="97">
      <mem type="soa" free="1943938848" total="1986007040" percent="97" />
      <mem type="loa" free="104525824" total="104525824" percent="100" />
    </mem>
    <remembered-set count="78" />
  </mem-info>
</gc-start>
<allocation-stats totalBytes="1795736" >
  <allocated-bytes non-tlh="24" tlh="1795712" />
  <largest-consumer threadName="PmdThread 4" threadId="00000000013F6000" bytes="1795736" />
</allocation-stats>
<gc-op id="3731" type="scavenge" timems="0.146" contextid="3728" timestamp="2019-06-17T03:12:54.845">
  <scavenger-info tenureage="3" tenuremask="fff8" tiltratio="87" />
  <memory-copied type="nursery" objects="14" bytes="320" bytesdiscarded="38848" />
</gc-op>
<gc-end id="3732" type="scavenge" contextid="3728" durationms="0.309" usertimems="0.000" systemtimems="0.000" timestamp="2019-06-17T03:12:54.845" activeThreads="4">
  <mem-info id="3733" free="2050260512" total="2092630016" percent="97">
    <mem type="nursery" free="1795840" total="2097152" percent="85">
      <mem type="allocate" free="1795840" total="1835008" percent="97" />
      <mem type="survivor" free="0" total="262144" percent="0" />
    </mem>
    <mem type="tenure" free="2048464672" total="2090532864" percent="97">
      <mem type="soa" free="1943938848" total="1986007040" percent="97" />
      <mem type="loa" free="104525824" total="104525824" percent="100" />
    </mem>
    <remembered-set count="77" />
  </mem-info>
</gc-end>
<cycle-end id="3734" type="scavenge" contextid="3728" timestamp="2019-06-17T03:12:54.845" />
  <attribute name="elasticGC enabled" value="1" />
  <attribute name= "numThreadsSpecified" value="4" />
  <attribute name="heapSize specified" value="8388608" />
  <attribute name="Current GC Util" value="12" />
  <attribute name= "Current Time Running" value="13415" />
  <attribute name ="GC Interval" value="200" />
  <attribute name="ProportionalT" value="-12.000000" />
  <attribute name="ProportionalI" value="-12.000000" />
  <attribute name="ProportionalH" value="-12.000000" />
  <attribute name="Current Error" value="-8.000000" />
  <attribute name="IntegralT" value="-24.000000" />
  <attribute name="IntegralI" value="-24.000000" />
  <attribute name="IntegralH" value="-24.000000" />
  <attribute name="DerivativeT" value="-4.000000" />
  <attribute name="DerivativeI" value="-4.000000" />
  <attribute name="DerivativeH" value="-4.000000" />
  <attribute name="Loop Time for DT" value="3.000000" />
  <attribute name="Output H" value="2092630016"/>
  <attribute name="Output I" value="200"/>
  <attribute name="Output T" value="4"/>
  <attribute name="Target GC Util Change" value ="20.000000" />
  <attribute name="Current GC Util Change" value="12.000000"/>
  <attribute name="GC Util currently" value="12" />
  <attribute name="CPU Util currently" value="1383383094095" />
<allocation-satisfied id="3735" threadId="00000000013F6000" bytesRequested="16" />
<af-end id="3736" timestamp="2019-06-17T03:12:54.846" threadId="00000000013F6988" success="true" from="nursery"/>
<exclusive-end id="3737" timestamp="2019-06-17T03:12:54.846" durationms="0.694" />

<exclusive-start id="3738" timestamp="2019-06-17T03:12:54.848" intervalms="3.182">
  <response-info timems="0.030" idlems="0.030" threads="0" lastid="00000000013F6000" lastname="PmdThread 4" />
</exclusive-start>
<af-start id="3739" threadId="00000000013F6988" totalBytesRequested="72" timestamp="2019-06-17T03:12:54.848" intervalms="3.184" type="nursery" />
<cycle-start id="3740" type="scavenge" contextid="0" timestamp="2019-06-17T03:12:54.848" intervalms="3.186" />
<gc-start id="3741" type="scavenge" contextid="3740" timestamp="2019-06-17T03:12:54.848">
  <mem-info id="3742" free="2048464672" total="2092630016" percent="97">
    <mem type="nursery" free="0" total="2097152" percent="0">
      <mem type="allocate" free="0" total="1835008" percent="0" />
      <mem type="survivor" free="0" total="262144" percent="0" />
    </mem>
    <mem type="tenure" free="2048464672" total="2090532864" percent="97">
      <mem type="soa" free="1943938848" total="1986007040" percent="97" />
      <mem type="loa" free="104525824" total="104525824" percent="100" />
    </mem>
    <remembered-set count="77" />
  </mem-info>
</gc-start>
<allocation-stats totalBytes="1795712" >
  <allocated-bytes non-tlh="16" tlh="1795696" />
  <largest-consumer threadName="PmdThread 4" threadId="00000000013F6000" bytes="1795712" />
</allocation-stats>
<gc-op id="3743" type="scavenge" timems="0.147" contextid="3740" timestamp="2019-06-17T03:12:54.849">
  <scavenger-info tenureage="3" tenuremask="fff8" tiltratio="87" />
  <memory-copied type="nursery" objects="15" bytes="336" bytesdiscarded="38832" />
</gc-op>
<gc-end id="3744" type="scavenge" contextid="3740" durationms="0.317" usertimems="0.000" systemtimems="0.000" timestamp="2019-06-17T03:12:54.849" activeThreads="4">
  <mem-info id="3745" free="2050260512" total="2092630016" percent="97">
    <mem type="nursery" free="1795840" total="2097152" percent="85">
      <mem type="allocate" free="1795840" total="1835008" percent="97" />
      <mem type="survivor" free="0" total="262144" percent="0" />
    </mem>
    <mem type="tenure" free="2048464672" total="2090532864" percent="97">
      <mem type="soa" free="1943938848" total="1986007040" percent="97" />
      <mem type="loa" free="104525824" total="104525824" percent="100" />
    </mem>
    <remembered-set count="77" />
  </mem-info>
</gc-end>
<cycle-end id="3746" type="scavenge" contextid="3740" timestamp="2019-06-17T03:12:54.849" />
  <attribute name="elasticGC enabled" value="1" />
  <attribute name= "numThreadsSpecified" value="4" />
  <attribute name="heapSize specified" value="8388608" />
  <attribute name="Current GC Util" value="12" />
  <attribute name= "Current Time Running" value="13418" />
  <attribute name ="GC Interval" value="200" />
  <attribute name="ProportionalT" value="-12.000000" />
  <attribute name="ProportionalI" value="-12.000000" />
  <attribute name="ProportionalH" value="-12.000000" />
  <attribute name="Current Error" value="-8.000000" />
  <attribute name="IntegralT" value="-24.000000" />
  <attribute name="IntegralI" value="-24.000000" />
  <attribute name="IntegralH" value="-24.000000" />
  <attribute name="DerivativeT" value="-4.000000" />
  <attribute name="DerivativeI" value="-4.000000" />
  <attribute name="DerivativeH" value="-4.000000" />
  <attribute name="Loop Time for DT" value="3.000000" />
  <attribute name="Output H" value="2092630016"/>
  <attribute name="Output I" value="200"/>
  <attribute name="Output T" value="4"/>
  <attribute name="Target GC Util Change" value ="20.000000" />
  <attribute name="Current GC Util Change" value="12.000000"/>
  <attribute name="GC Util currently" value="12" />
  <attribute name="CPU Util currently" value="1435116760726" />
<allocation-satisfied id="3747" threadId="00000000013F6000" bytesRequested="72" />
<af-end id="3748" timestamp="2019-06-17T03:12:54.849" threadId="00000000013F6988" success="true" from="nursery"/>
<exclusive-end id="3749" timestamp="2019-06-17T03:12:54.849" durationms="0.735" />

<exclusive-start id="3750" timestamp="2019-06-17T03:12:54.851" intervalms="3.079">
  <response-info timems="0.024" idlems="0.024" threads="0" lastid="00000000013F6000" lastname="PmdThread 4" />
</exclusive-start>
<af-start id="3751" threadId="00000000013F6988" totalBytesRequested="24" timestamp="2019-06-17T03:12:54.851" intervalms="3.077" type="nursery" />
<cycle-start id="3752" type="scavenge" contextid="0" timestamp="2019-06-17T03:12:54.851" intervalms="3.077" />
<gc-start id="3753" type="scavenge" contextid="3752" timestamp="2019-06-17T03:12:54.851">
  <mem-info id="3754" free="2048464672" total="2092630016" percent="97">
    <mem type="nursery" free="0" total="2097152" percent="0">
      <mem type="allocate" free="0" total="1835008" percent="0" />
      <mem type="survivor" free="0" total="262144" percent="0" />
    </mem>
    <mem type="tenure" free="2048464672" total="2090532864" percent="97">
      <mem type="soa" free="1943938848" total="1986007040" percent="97" />
      <mem type="loa" free="104525824" total="104525824" percent="100" />
    </mem>
    <remembered-set count="77" />
  </mem-info>
</gc-start>
<allocation-stats totalBytes="1795688" >
  <allocated-bytes non-tlh="72" tlh="1795616" />
  <largest-consumer threadName="PmdThread 4" threadId="00000000013F6000" bytes="1795688" />
</allocation-stats>
<gc-op id="3755" type="scavenge" timems="0.146" contextid="3752" timestamp="2019-06-17T03:12:54.852">
  <scavenger-info tenureage="4" tenuremask="fff0" tiltratio="87" />
  <memory-copied type="nursery" objects="4" bytes="88" bytesdiscarded="39080" />
</gc-op>
<gc-end id="3756" type="scavenge" contextid="3752" durationms="0.317" usertimems="0.000" systemtimems="0.000" timestamp="2019-06-17T03:12:54.852" activeThreads="4">
  <mem-info id="3757" free="2050260512" total="2092630016" percent="97">
    <mem type="nursery" free="1795840" total="2097152" percent="85">
      <mem type="allocate" free="1795840" total="1835008" percent="97" />
      <mem type="survivor" free="0" total="262144" percent="0" />
    </mem>
    <mem type="tenure" free="2048464672" total="2090532864" percent="97">
      <mem type="soa" free="1943938848" total="1986007040" percent="97" />
      <mem type="loa" free="104525824" total="104525824" percent="100" />
    </mem>
    <remembered-set count="77" />
  </mem-info>
</gc-end>
<cycle-end id="3758" type="scavenge" contextid="3752" timestamp="2019-06-17T03:12:54.852" />
  <attribute name="elasticGC enabled" value="1" />
  <attribute name= "numThreadsSpecified" value="4" />
  <attribute name="heapSize specified" value="8388608" />
  <attribute name="Current GC Util" value="12" />
  <attribute name= "Current Time Running" value="13421" />
  <attribute name ="GC Interval" value="200" />
  <attribute name="ProportionalT" value="-12.000000" />
  <attribute name="ProportionalI" value="-12.000000" />
  <attribute name="ProportionalH" value="-12.000000" />
  <attribute name="Current Error" value="-8.000000" />
  <attribute name="IntegralT" value="-24.000000" />
  <attribute name="IntegralI" value="-24.000000" />
  <attribute name="IntegralH" value="-24.000000" />
  <attribute name="DerivativeT" value="-4.000000" />
  <attribute name="DerivativeI" value="-4.000000" />
  <attribute name="DerivativeH" value="-4.000000" />
  <attribute name="Loop Time for DT" value="3.000000" />
  <attribute name="Output H" value="2092630016"/>
  <attribute name="Output I" value="200"/>
  <attribute name="Output T" value="4"/>
  <attribute name="Target GC Util Change" value ="20.000000" />
  <attribute name="Current GC Util Change" value="12.000000"/>
  <attribute name="GC Util currently" value="12" />
  <attribute name="CPU Util currently" value="1498234614050" />
<allocation-satisfied id="3759" threadId="00000000013F6000" bytesRequested="24" />
<af-end id="3760" timestamp="2019-06-17T03:12:54.852" threadId="00000000013F6988" success="true" from="nursery"/>
<exclusive-end id="3761" timestamp="2019-06-17T03:12:54.852" durationms="0.727" />

<exclusive-start id="3762" timestamp="2019-06-17T03:12:55.377" intervalms="525.716">
  <response-info timems="0.026" idlems="0.026" threads="0" lastid="00000000010D6700" lastname="main" />
</exclusive-start>
<af-start id="3763" threadId="00000000010D7088" totalBytesRequested="240" timestamp="2019-06-17T03:12:55.377" intervalms="525.732" type="nursery" />
<cycle-start id="3764" type="scavenge" contextid="0" timestamp="2019-06-17T03:12:55.377" intervalms="525.728" />
<gc-start id="3765" type="scavenge" contextid="3764" timestamp="2019-06-17T03:12:55.377">
  <mem-info id="3766" free="2048464672" total="2092630016" percent="97">
    <mem type="nursery" free="0" total="2097152" percent="0">
      <mem type="allocate" free="0" total="1835008" percent="0" />
      <mem type="survivor" free="0" total="262144" percent="0" />
    </mem>
    <mem type="tenure" free="2048464672" total="2090532864" percent="97">
      <mem type="soa" free="1943938848" total="1986007040" percent="97" />
      <mem type="loa" free="104525824" total="104525824" percent="100" />
    </mem>
    <remembered-set count="190" />
  </mem-info>
</gc-start>
<allocation-stats totalBytes="1794824" >
  <allocated-bytes non-tlh="24" tlh="1794800" />
  <largest-consumer threadName="main" threadId="00000000010D6700" bytes="91096" />
</allocation-stats>
<gc-op id="3767" type="scavenge" timems="0.949" contextid="3764" timestamp="2019-06-17T03:12:55.378">
  <scavenger-info tenureage="3" tenuremask="fff8" tiltratio="87" />
  <memory-copied type="nursery" objects="123" bytes="2784" bytesdiscarded="75552" />
</gc-op>
<gc-end id="3768" type="scavenge" contextid="3764" durationms="1.110" usertimems="0.000" systemtimems="0.000" timestamp="2019-06-17T03:12:55.378" activeThreads="4">
  <mem-info id="3769" free="2050221344" total="2092630016" percent="97">
    <mem type="nursery" free="1756672" total="2097152" percent="83">
      <mem type="allocate" free="1756672" total="1835008" percent="95" />
      <mem type="survivor" free="0" total="262144" percent="0" />
    </mem>
    <mem type="tenure" free="2048464672" total="2090532864" percent="97">
      <mem type="soa" free="1943938848" total="1986007040" percent="97" />
      <mem type="loa" free="104525824" total="104525824" percent="100" />
    </mem>
    <remembered-set count="190" />
  </mem-info>
</gc-end>
<cycle-end id="3770" type="scavenge" contextid="3764" timestamp="2019-06-17T03:12:55.378" />
  <attribute name="elasticGC enabled" value="1" />
  <attribute name= "numThreadsSpecified" value="4" />
  <attribute name="heapSize specified" value="8388608" />
  <attribute name="Current GC Util" value="0" />
  <attribute name= "Current Time Running" value="13947" />
  <attribute name ="GC Interval" value="200" />
  <attribute name="ProportionalT" value="-30.000000" />
  <attribute name="ProportionalI" value="-30.000000" />
  <attribute name="ProportionalH" value="-30.000000" />
  <attribute name="Current Error" value="-20.000000" />
  <attribute name="IntegralT" value="-10520.000000" />
  <attribute name="IntegralI" value="-10520.000000" />
  <attribute name="IntegralH" value="-10520.000000" />
  <attribute name="DerivativeT" value="-0.057034" />
  <attribute name="DerivativeI" value="-0.057034" />
  <attribute name="DerivativeH" value="-0.057034" />
  <attribute name="Loop Time for DT" value="526.000000" />
  <attribute name="Output H" value="2092630016"/>
  <attribute name="Output I" value="200"/>
  <attribute name="Output T" value="4"/>
  <attribute name="Target GC Util Change" value ="20.000000" />
  <attribute name="Current GC Util Change" value="0.000000"/>
  <attribute name="GC Util currently" value="0" />
  <attribute name="CPU Util currently" value="8771974393" />
<allocation-satisfied id="3771" threadId="00000000010D6700" bytesRequested="240" />
<af-end id="3772" timestamp="2019-06-17T03:12:55.378" threadId="00000000010D7088" success="true" from="nursery"/>
<exclusive-end id="3773" timestamp="2019-06-17T03:12:55.378" durationms="1.501" />

</verbosegc>

