<?xml version="1.0" ?>

<verbosegc xmlns="http://www.ibm.com/j9/verbosegc" version="10b4217_CMPRSS">

<initialized id="1" timestamp="2019-06-16T06:07:12.343">
  <attribute name="gcPolicy" value="-Xgcpolicy:optavgpause" />
  <attribute name="elasticGC enabled" value="1" />
  <attribute name= "numThreadsSpecified" value="0" />
  <attribute name="heapSize specified" value="0" />
  <attribute name="Current GC Util" value="0" />
  <attribute name= "Current Time Running" value="0" />
  <attribute name ="GC Interval" value="0" />
  <attribute name="ProportionalT" value="0.000000" />
  <attribute name="ProportionalI" value="0.000000" />
  <attribute name="ProportionalH" value="0.000000" />
  <attribute name="IntegralT" value="0.000000" />
  <attribute name="IntegralI" value="0.000000" />
  <attribute name="IntegralH" value="0.000000" />
  <attribute name="DerivativeT" value="0.000000" />
  <attribute name="DerivativeI" value="0.000000" />
  <attribute name="DerivativeH" value="0.000000" />
  <attribute name="Target GC Util Change" value ="0.000000" />
  <attribute name="Current GC Util Change" value="0.000000"/>
  <attribute name="Current Error" value="0.000000" />
  <attribute name="Loop Time for DT" value="0.000000" />
  <attribute name="Output H" value="0"/>
  <attribute name="Output I" value="0"/>
  <attribute name="Output T" value="0"/>
  <attribute name="GC Util currently" value="0" />
  <attribute name="CPU Util currently" value="0" />
  <attribute name="maxHeapSize" value="0x7cbc0000" />
  <attribute name="initialHeapSize" value="0x800000" />
  <attribute name="compressedRefs" value="true" />
  <attribute name="compressedRefsDisplacement" value="0x0" />
  <attribute name="compressedRefsShift" value="0x0" />
  <attribute name="pageSize" value="0x1000" />
  <attribute name="pageType" value="not used" />
  <attribute name="requestedPageSize" value="0x1000" />
  <attribute name="requestedPageType" value="not used" />
  <attribute name="gcthreads" value="4" />
  <attribute name="packetListSplit" value="4" />
  <attribute name="cacheListSplit" value="4" />
  <attribute name="splitFreeListSplitAmount" value="1" />
  <attribute name="numaNodes" value="0" />
  <system>
    <attribute name="physicalMemory" value="8370958336" />
    <attribute name="numCPUs" value="4" />
    <attribute name="architecture" value="amd64" />
    <attribute name="os" value="Linux" />
    <attribute name="osVersion" value="4.4.0-150-generic" />
  </system>
  <vmargs>
    <vmarg name="-Xoptionsfile=/vagrant/jdk/lib/options.default" />
    <vmarg name="-Xlockword:mode=default,noLockword=java/lang/String,noLockword=java/util/MapEntry,noLockword=java/util/HashMap$Entry,noLockword..." />
    <vmarg name="-Xjcl:jclse29" />
    <vmarg name="-Dcom.ibm.oti.vm.bootstrap.library.path=/vagrant/jdk/lib/compressedrefs:/vagrant/jdk/lib" />
    <vmarg name="-Dsun.boot.library.path=/vagrant/jdk/lib/compressedrefs:/vagrant/jdk/lib" />
    <vmarg name="-Djava.library.path=/vagrant/jdk/lib/compressedrefs:/vagrant/jdk/lib:/usr/lib64:/usr/lib" />
    <vmarg name="-Djava.home=/vagrant/jdk" />
    <vmarg name="-Duser.dir=/vagrant" />
    <vmarg name="-Xgcpolicy:optavgpause" />
    <vmarg name="-Xgcelastic" />
    <vmarg name="-Xcheck:gc:::elasticGC" />
    <vmarg name="-verbose:gc" />
    <vmarg name="-Xloggc:jdk1.5-1-1-large-OAP-4CORE-elasticverbose15xalan.txt" />
    <vmarg name="-Djava.class.path=dacapo-9.12-MR1-bach.jar" />
    <vmarg name="-Dsun.java.command=dacapo-9.12-MR1-bach.jar xalan --size=large" />
    <vmarg name="-Dsun.java.launcher=SUN_STANDARD" />
    <vmarg name="-Dsun.java.launcher.pid=31068" />
  </vmargs>
</initialized>

<exclusive-start id="2" timestamp="2019-06-16T06:07:13.900" intervalms="1556.616">
  <response-info timems="0.048" idlems="0.048" threads="0" lastid="0000000002479700" lastname="main" />
</exclusive-start>
<af-start id="3" threadId="000000000247A088" totalBytesRequested="88" timestamp="2019-06-16T06:07:13.900" intervalms="1556.925" />
<cycle-start id="4" type="global" contextid="0" timestamp="2019-06-16T06:07:13.901" intervalms="1557.452" />
<gc-start id="5" type="global" contextid="4" timestamp="2019-06-16T06:07:13.901">
  <mem-info id="6" free="418816" total="8388608" percent="4">
    <mem type="tenure" free="418816" total="8388608" percent="4">
      <mem type="soa" free="0" total="7969792" percent="0" />
      <mem type="loa" free="418816" total="418816" percent="100" />
    </mem>
  </mem-info>
</gc-start>
<allocation-stats totalBytes="7881392" >
  <allocated-bytes non-tlh="758040" tlh="7123352" />
  <largest-consumer threadName="main" threadId="0000000002479700" bytes="7807744" />
</allocation-stats>
<gc-op id="7" type="mark" timems="13.594" contextid="4" timestamp="2019-06-16T06:07:13.915">
  <trace-info objectcount="21473" scancount="17496" scanbytes="560712" />
  <finalization candidates="15" enqueued="1" />
  <references type="soft" candidates="74" cleared="0" enqueued="0" dynamicThreshold="32" maxThreshold="32" />
  <references type="weak" candidates="575" cleared="432" enqueued="393" />
  <references type="phantom" candidates="127" cleared="44" enqueued="44" />
  <stringconstants candidates="2930" cleared="0"  />
</gc-op>
<gc-op id="8" type="classunload" timems="0.121" contextid="4" timestamp="2019-06-16T06:07:13.915">
  <classunload-info classloadercandidates="6" classloadersunloaded="0" classesunloaded="0" anonymousclassesunloaded="0" quiescems="0.000" setupms="0.121" scanms="0.000" postms="0.000" />
</gc-op>
<gc-op id="9" type="sweep" timems="2.495" contextid="4" timestamp="2019-06-16T06:07:13.918" />
<mem-info id="10" free="6520016" total="8388608" percent="77">
  <mem type="tenure" free="6520016" total="8388608" percent="77" micro-fragmented="327577">
    <mem type="soa" free="6101200" total="7969792" percent="76" />
    <mem type="loa" free="418816" total="418816" percent="100" />
  </mem>
  <pending-finalizers system="1" default="0" reference="437" classloader="0" />
</mem-info>
<gc-op id="11" type="compact" timems="7.983" contextid="4" timestamp="2019-06-16T06:07:13.926">
  <compact-info movecount="21472" movebytes="1537648" reason="compact to aid heap contraction" />
</gc-op>
<heap-resize id="12" type="expand" space="tenure" amount="2084241408" count="1" timems="0.244" reason="satisfy allocation request" timestamp="2019-06-16T06:07:13.927" />
<gc-end id="13" type="global" contextid="4" durationms="26.024" usertimems="12.000" systemtimems="12.000" timestamp="2019-06-16T06:07:13.927" activeThreads="4">
  <mem-info id="14" free="2091092192" total="2092630016" percent="99">
    <mem type="tenure" free="2091092192" total="2092630016" percent="99">
      <mem type="soa" free="1986460896" total="1987998720" percent="99" />
      <mem type="loa" free="104631296" total="104631296" percent="100" />
    </mem>
    <pending-finalizers system="1" default="0" reference="437" classloader="0" />
  </mem-info>
</gc-end>
<cycle-end id="15" type="global" contextid="4" timestamp="2019-06-16T06:07:13.927" />
  <attribute name="elasticGC enabled" value="1" />
  <attribute name= "numThreadsSpecified" value="4" />
  <attribute name="heapSize specified" value="8388608" />
  <attribute name="Current GC Util" value="96" />
  <attribute name= "Current Time Running" value="1413" />
  <attribute name ="GC Interval" value="0" />
  <attribute name="ProportionalT" value="114.000000" />
  <attribute name="ProportionalI" value="114.000000" />
  <attribute name="ProportionalH" value="114.000000" />
  <attribute name="Current Error" value="76.000000" />
  <attribute name="IntegralT" value="-25985.000000" />
  <attribute name="IntegralI" value="-25985.000000" />
  <attribute name="IntegralH" value="-25985.000000" />
  <attribute name="DerivativeT" value="5.375000" />
  <attribute name="DerivativeI" value="5.375000" />
  <attribute name="DerivativeH" value="5.375000" />
  <attribute name="Loop Time for DT" value="8.000000" />
  <attribute name="Output H" value="2092630016"/>
  <attribute name="Output I" value="200"/>
  <attribute name="Output T" value="4"/>
  <attribute name="Target GC Util Change" value ="20.000000" />
  <attribute name="Current GC Util Change" value="96.000000"/>
  <attribute name="GC Util currently" value="96" />
  <attribute name="CPU Util currently" value="567554684159" />
<allocation-satisfied id="16" threadId="0000000002479700" bytesRequested="88" />
<af-end id="17" timestamp="2019-06-16T06:07:13.927" threadId="000000000247A088" success="true" />
<exclusive-end id="18" timestamp="2019-06-16T06:07:13.927" durationms="27.363" />

<exclusive-start id="19" timestamp="2019-06-16T06:07:14.197" intervalms="296.897">
  <response-info timems="0.112" idlems="0.112" threads="0" lastid="0000000002479700" lastname="main" />
</exclusive-start>
<sys-start reason="explicit" id="20" timestamp="2019-06-16T06:07:14.197" intervalms="1853.870" />
<cycle-start id="21" type="global" contextid="0" timestamp="2019-06-16T06:07:14.197" intervalms="296.512" />
<gc-start id="22" type="global" contextid="21" timestamp="2019-06-16T06:07:14.204">
  <mem-info id="23" free="2084962504" total="2092630016" percent="99">
    <mem type="tenure" free="2084962504" total="2092630016" percent="99">
      <mem type="soa" free="1980331208" total="1987998720" percent="99" />
      <mem type="loa" free="104631296" total="104631296" percent="100" />
    </mem>
  </mem-info>
</gc-start>
<allocation-stats totalBytes="6095096" >
  <allocated-bytes non-tlh="137328" tlh="5957768" />
  <largest-consumer threadName="main" threadId="0000000002479700" bytes="6070784" />
</allocation-stats>
<gc-op id="24" type="mark" timems="17.713" contextid="21" timestamp="2019-06-16T06:07:14.229">
  <trace-info objectcount="29522" scancount="23889" scanbytes="871376" />
  <finalization candidates="15" enqueued="0" />
  <references type="soft" candidates="133" cleared="0" enqueued="0" dynamicThreshold="31" maxThreshold="32" />
  <references type="weak" candidates="179" cleared="33" enqueued="33" />
  <references type="phantom" candidates="85" cleared="2" enqueued="2" />
  <stringconstants candidates="3535" cleared="22"  />
</gc-op>
<gc-op id="25" type="classunload" timems="0.003" contextid="21" timestamp="2019-06-16T06:07:14.229">
  <classunload-info classloadercandidates="19" classloadersunloaded="0" classesunloaded="0" anonymousclassesunloaded="0" quiescems="0.000" setupms="0.002" scanms="0.001" postms="0.000" />
</gc-op>
<gc-op id="26" type="sweep" timems="2.750" contextid="21" timestamp="2019-06-16T06:07:14.232" />
<mem-info id="27" free="2090303840" total="2092630016" percent="99">
  <mem type="tenure" free="2090303840" total="2092630016" percent="99" micro-fragmented="216320">
    <mem type="soa" free="1985672544" total="1987998720" percent="99" />
    <mem type="loa" free="104631296" total="104631296" percent="100" />
  </mem>
  <pending-finalizers system="0" default="0" reference="35" classloader="0" />
</mem-info>
<gc-op id="28" type="compact" timems="17.267" contextid="21" timestamp="2019-06-16T06:07:14.250">
  <compact-info movecount="28774" movebytes="1934880" reason="compact to aid heap contraction" />
</gc-op>
<gc-end id="29" type="global" contextid="21" durationms="46.804" usertimems="44.000" systemtimems="20.000" timestamp="2019-06-16T06:07:14.251" activeThreads="4">
  <mem-info id="30" free="2090674224" total="2092630016" percent="99">
    <mem type="tenure" free="2090674224" total="2092630016" percent="99">
      <mem type="soa" free="1986042928" total="1987998720" percent="99" />
      <mem type="loa" free="104631296" total="104631296" percent="100" />
    </mem>
    <pending-finalizers system="0" default="0" reference="35" classloader="0" />
  </mem-info>
</gc-end>
<cycle-end id="31" type="global" contextid="21" timestamp="2019-06-16T06:07:14.251" />
  <attribute name="elasticGC enabled" value="1" />
  <attribute name= "numThreadsSpecified" value="4" />
  <attribute name="heapSize specified" value="2092630016" />
  <attribute name="Current GC Util" value="117" />
  <attribute name= "Current Time Running" value="1737" />
  <attribute name ="GC Interval" value="0" />
  <attribute name="ProportionalT" value="145.500000" />
  <attribute name="ProportionalI" value="145.500000" />
  <attribute name="ProportionalH" value="145.500000" />
  <attribute name="Current Error" value="97.000000" />
  <attribute name="IntegralT" value="1649.000000" />
  <attribute name="IntegralI" value="1649.000000" />
  <attribute name="IntegralH" value="1649.000000" />
  <attribute name="DerivativeT" value="5.705882" />
  <attribute name="DerivativeI" value="5.705882" />
  <attribute name="DerivativeH" value="5.705882" />
  <attribute name="Loop Time for DT" value="17.000000" />
  <attribute name="Output H" value="8388608"/>
  <attribute name="Output I" value="1800"/>
  <attribute name="Output T" value="4"/>
  <attribute name="Target GC Util Change" value ="20.000000" />
  <attribute name="Current GC Util Change" value="117.000000"/>
  <attribute name="GC Util currently" value="117" />
  <attribute name="CPU Util currently" value="263916491920" />
<sys-end id="32" timestamp="2019-06-16T06:07:14.251" />
<exclusive-end id="33" timestamp="2019-06-16T06:07:14.251" durationms="54.438" />

<exclusive-start id="34" timestamp="2019-06-16T06:07:29.823" intervalms="15626.580">
  <response-info timems="0.039" idlems="0.039" threads="0" lastid="00000000027B2100" lastname="Thread-5" />
</exclusive-start>
<af-start id="35" threadId="00000000027B2A88" totalBytesRequested="2056" timestamp="2019-06-16T06:07:29.823" intervalms="15923.257" />
<cycle-start id="36" type="global" contextid="0" timestamp="2019-06-16T06:07:29.823" intervalms="15626.278" />
<gc-start id="37" type="global" contextid="36" timestamp="2019-06-16T06:07:29.824">
  <mem-info id="38" free="104631296" total="2092630016" percent="4">
    <mem type="tenure" free="104631296" total="2092630016" percent="4">
      <mem type="soa" free="0" total="1987998720" percent="0" />
      <mem type="loa" free="104631296" total="104631296" percent="100" />
    </mem>
  </mem-info>
</gc-start>
<allocation-stats totalBytes="1985276664" >
  <allocated-bytes non-tlh="297184" tlh="1984979480" />
  <largest-consumer threadName="Thread-3" threadId="00000000027AA900" bytes="531920480" />
</allocation-stats>
<gc-op id="39" type="mark" timems="3.957" contextid="36" timestamp="2019-06-16T06:07:29.828">
  <trace-info objectcount="52348" scancount="44683" scanbytes="1854620" />
  <finalization candidates="27" enqueued="2" />
  <references type="soft" candidates="164" cleared="0" enqueued="0" dynamicThreshold="31" maxThreshold="32" />
  <references type="weak" candidates="294" cleared="29" enqueued="28" />
  <references type="phantom" candidates="98" cleared="2" enqueued="2" />
  <stringconstants candidates="3963" cleared="0"  />
</gc-op>
<gc-op id="40" type="classunload" timems="0.301" contextid="36" timestamp="2019-06-16T06:07:29.828">
  <classunload-info classloadercandidates="20" classloadersunloaded="0" classesunloaded="4" anonymousclassesunloaded="4" quiescems="0.000" setupms="0.296" scanms="0.004" postms="0.001" />
</gc-op>
<gc-op id="41" type="sweep" timems="220.477" contextid="36" timestamp="2019-06-16T06:07:30.049" />
<mem-info id="42" free="2088946080" total="2092630016" percent="99">
  <mem type="tenure" free="2088946080" total="2092630016" percent="99" micro-fragmented="139534">
    <mem type="soa" free="1984314784" total="1987998720" percent="99" />
    <mem type="loa" free="104631296" total="104631296" percent="100" />
  </mem>
  <pending-finalizers system="2" default="0" reference="30" classloader="0" />
</mem-info>
<gc-op id="43" type="compact" timems="13.292" contextid="36" timestamp="2019-06-16T06:07:30.062">
  <compact-info movecount="51656" movebytes="3412480" reason="compact to aid heap contraction" />
</gc-op>
<gc-end id="44" type="global" contextid="36" durationms="239.089" usertimems="188.000" systemtimems="72.000" timestamp="2019-06-16T06:07:30.063" activeThreads="4">
  <mem-info id="45" free="2089131120" total="2092630016" percent="99">
    <mem type="tenure" free="2089131120" total="2092630016" percent="99">
      <mem type="soa" free="1984499824" total="1987998720" percent="99" />
      <mem type="loa" free="104631296" total="104631296" percent="100" />
    </mem>
    <pending-finalizers system="2" default="0" reference="30" classloader="0" />
  </mem-info>
</gc-end>
<cycle-end id="46" type="global" contextid="36" timestamp="2019-06-16T06:07:30.064" />
  <attribute name="elasticGC enabled" value="1" />
  <attribute name= "numThreadsSpecified" value="4" />
  <attribute name="heapSize specified" value="2092630016" />
  <attribute name="Current GC Util" value="149" />
  <attribute name= "Current Time Running" value="17549" />
  <attribute name ="GC Interval" value="0" />
  <attribute name="ProportionalT" value="193.500000" />
  <attribute name="ProportionalI" value="193.500000" />
  <attribute name="ProportionalH" value="193.500000" />
  <attribute name="Current Error" value="129.000000" />
  <attribute name="IntegralT" value="1677.000000" />
  <attribute name="IntegralI" value="1677.000000" />
  <attribute name="IntegralH" value="1677.000000" />
  <attribute name="DerivativeT" value="9.923077" />
  <attribute name="DerivativeI" value="9.923077" />
  <attribute name="DerivativeH" value="9.923077" />
  <attribute name="Loop Time for DT" value="13.000000" />
  <attribute name="Output H" value="8388608"/>
  <attribute name="Output I" value="1880"/>
  <attribute name="Output T" value="4"/>
  <attribute name="Target GC Util Change" value ="20.000000" />
  <attribute name="Current GC Util Change" value="149.000000"/>
  <attribute name="GC Util currently" value="149" />
  <attribute name="CPU Util currently" value="341642509759" />
<allocation-satisfied id="47" threadId="00000000027B2100" bytesRequested="2056" />
<af-end id="48" timestamp="2019-06-16T06:07:30.064" threadId="00000000027B2A88" success="true" />
<exclusive-end id="49" timestamp="2019-06-16T06:07:30.064" durationms="241.201" />

<exclusive-start id="50" timestamp="2019-06-16T06:07:45.280" intervalms="15456.297">
  <response-info timems="0.042" idlems="0.042" threads="0" lastid="00000000027AE500" lastname="Thread-4" />
</exclusive-start>
<af-start id="51" threadId="00000000027AEE88" totalBytesRequested="16392" timestamp="2019-06-16T06:07:45.280" intervalms="15456.296" />
<cycle-start id="52" type="global" contextid="0" timestamp="2019-06-16T06:07:45.280" intervalms="15456.293" />
<gc-start id="53" type="global" contextid="52" timestamp="2019-06-16T06:07:45.280">
  <mem-info id="54" free="104631296" total="2092630016" percent="4">
    <mem type="tenure" free="104631296" total="2092630016" percent="4">
      <mem type="soa" free="0" total="1987998720" percent="0" />
      <mem type="loa" free="104631296" total="104631296" percent="100" />
    </mem>
  </mem-info>
</gc-start>
<allocation-stats totalBytes="1983904048" >
  <allocated-bytes non-tlh="32776" tlh="1983871272" />
  <largest-consumer threadName="Thread-6" threadId="00000000027B5D00" bytes="537536952" />
</allocation-stats>
<gc-op id="55" type="mark" timems="2.793" contextid="52" timestamp="2019-06-16T06:07:45.283">
  <trace-info objectcount="49395" scancount="41627" scanbytes="1862468" />
  <finalization candidates="25" enqueued="0" />
  <references type="soft" candidates="164" cleared="0" enqueued="0" dynamicThreshold="31" maxThreshold="32" />
  <references type="weak" candidates="266" cleared="0" enqueued="0" />
  <references type="phantom" candidates="96" cleared="0" enqueued="0" />
  <stringconstants candidates="3963" cleared="0"  />
</gc-op>
<gc-op id="56" type="sweep" timems="232.298" contextid="52" timestamp="2019-06-16T06:07:45.515" />
<mem-info id="57" free="2089017792" total="2092630016" percent="99">
  <mem type="tenure" free="2089017792" total="2092630016" percent="99" micro-fragmented="7250">
    <mem type="soa" free="1984386496" total="1987998720" percent="99" />
    <mem type="loa" free="104631296" total="104631296" percent="100" />
  </mem>
</mem-info>
<gc-op id="58" type="compact" timems="10.306" contextid="52" timestamp="2019-06-16T06:07:45.526">
  <compact-info movecount="24870" movebytes="2501328" reason="compact to aid heap contraction" />
</gc-op>
<gc-end id="59" type="global" contextid="52" durationms="246.233" usertimems="192.000" systemtimems="72.000" timestamp="2019-06-16T06:07:45.526" activeThreads="4">
  <mem-info id="60" free="2088975736" total="2092630016" percent="99">
    <mem type="tenure" free="2088975736" total="2092630016" percent="99">
      <mem type="soa" free="1984344440" total="1987998720" percent="99" />
      <mem type="loa" free="104631296" total="104631296" percent="100" />
    </mem>
  </mem-info>
</gc-end>
<cycle-end id="61" type="global" contextid="52" timestamp="2019-06-16T06:07:45.528" />
  <attribute name="elasticGC enabled" value="1" />
  <attribute name= "numThreadsSpecified" value="4" />
  <attribute name="heapSize specified" value="2092630016" />
  <attribute name="Current GC Util" value="110" />
  <attribute name= "Current Time Running" value="33013" />
  <attribute name ="GC Interval" value="0" />
  <attribute name="ProportionalT" value="135.000000" />
  <attribute name="ProportionalI" value="135.000000" />
  <attribute name="ProportionalH" value="135.000000" />
  <attribute name="Current Error" value="90.000000" />
  <attribute name="IntegralT" value="990.000000" />
  <attribute name="IntegralI" value="990.000000" />
  <attribute name="IntegralH" value="990.000000" />
  <attribute name="DerivativeT" value="8.181818" />
  <attribute name="DerivativeI" value="8.181818" />
  <attribute name="DerivativeH" value="8.181818" />
  <attribute name="Loop Time for DT" value="11.000000" />
  <attribute name="Output H" value="8388608"/>
  <attribute name="Output I" value="1136"/>
  <attribute name="Output T" value="4"/>
  <attribute name="Target GC Util Change" value ="20.000000" />
  <attribute name="Current GC Util Change" value="110.000000"/>
  <attribute name="GC Util currently" value="110" />
  <attribute name="CPU Util currently" value="441296068173" />
<allocation-satisfied id="62" threadId="00000000027AE500" bytesRequested="16392" />
<af-end id="63" timestamp="2019-06-16T06:07:45.528" threadId="00000000027AEE88" success="true" />
<exclusive-end id="64" timestamp="2019-06-16T06:07:45.528" durationms="248.610" />

<exclusive-start id="65" timestamp="2019-06-16T06:07:58.440" intervalms="13160.847">
  <response-info timems="0.028" idlems="0.028" threads="0" lastid="00000000027AA900" lastname="Thread-3" />
</exclusive-start>
<af-start id="66" threadId="00000000027AB288" totalBytesRequested="32776" timestamp="2019-06-16T06:07:58.441" intervalms="13160.842" />
<cycle-start id="67" type="global" contextid="0" timestamp="2019-06-16T06:07:58.441" intervalms="13160.856" />
<gc-start id="68" type="global" contextid="67" timestamp="2019-06-16T06:07:58.441">
  <mem-info id="69" free="104631296" total="2092630016" percent="4">
    <mem type="tenure" free="104631296" total="2092630016" percent="4">
      <mem type="soa" free="0" total="1987998720" percent="0" />
      <mem type="loa" free="104631296" total="104631296" percent="100" />
    </mem>
  </mem-info>
</gc-start>
<allocation-stats totalBytes="1983541840" >
  <allocated-bytes non-tlh="16392" tlh="1983525448" />
  <largest-consumer threadName="Thread-4" threadId="00000000027AE500" bytes="589275584" />
</allocation-stats>
<gc-op id="70" type="mark" timems="3.649" contextid="67" timestamp="2019-06-16T06:07:58.444">
  <trace-info objectcount="46095" scancount="38294" scanbytes="1783348" />
  <finalization candidates="25" enqueued="0" />
  <references type="soft" candidates="164" cleared="0" enqueued="0" dynamicThreshold="31" maxThreshold="32" />
  <references type="weak" candidates="265" cleared="0" enqueued="0" />
  <references type="phantom" candidates="95" cleared="0" enqueued="0" />
  <stringconstants candidates="3963" cleared="0"  />
</gc-op>
<gc-op id="71" type="sweep" timems="234.098" contextid="67" timestamp="2019-06-16T06:07:58.679" />
<mem-info id="72" free="2089023944" total="2092630016" percent="99">
  <mem type="tenure" free="2089023944" total="2092630016" percent="99" micro-fragmented="2857">
    <mem type="soa" free="1984392648" total="1987998720" percent="99" />
    <mem type="loa" free="104631296" total="104631296" percent="100" />
  </mem>
</mem-info>
<gc-op id="73" type="compact" timems="10.337" contextid="67" timestamp="2019-06-16T06:07:58.689">
  <compact-info movecount="10193" movebytes="1277472" reason="compact to aid heap contraction" />
</gc-op>
<gc-end id="74" type="global" contextid="67" durationms="249.069" usertimems="172.000" systemtimems="88.000" timestamp="2019-06-16T06:07:58.690" activeThreads="4">
  <mem-info id="75" free="2088985064" total="2092630016" percent="99">
    <mem type="tenure" free="2088985064" total="2092630016" percent="99">
      <mem type="soa" free="1984353768" total="1987998720" percent="99" />
      <mem type="loa" free="104631296" total="104631296" percent="100" />
    </mem>
  </mem-info>
</gc-end>
<cycle-end id="76" type="global" contextid="67" timestamp="2019-06-16T06:07:58.690" />
  <attribute name="elasticGC enabled" value="1" />
  <attribute name= "numThreadsSpecified" value="4" />
  <attribute name="heapSize specified" value="2092630016" />
  <attribute name="Current GC Util" value="131" />
  <attribute name= "Current Time Running" value="46177" />
  <attribute name ="GC Interval" value="0" />
  <attribute name="ProportionalT" value="166.500000" />
  <attribute name="ProportionalI" value="166.500000" />
  <attribute name="ProportionalH" value="166.500000" />
  <attribute name="Current Error" value="111.000000" />
  <attribute name="IntegralT" value="1221.000000" />
  <attribute name="IntegralI" value="1221.000000" />
  <attribute name="IntegralH" value="1221.000000" />
  <attribute name="DerivativeT" value="10.090909" />
  <attribute name="DerivativeI" value="10.090909" />
  <attribute name="DerivativeH" value="10.090909" />
  <attribute name="Loop Time for DT" value="11.000000" />
  <attribute name="Output H" value="8388608"/>
  <attribute name="Output I" value="1400"/>
  <attribute name="Output T" value="4"/>
  <attribute name="Target GC Util Change" value ="20.000000" />
  <attribute name="Current GC Util Change" value="131.000000"/>
  <attribute name="GC Util currently" value="131" />
  <attribute name="CPU Util currently" value="440772808281" />
<allocation-satisfied id="77" threadId="00000000027AA900" bytesRequested="32776" />
<af-end id="78" timestamp="2019-06-16T06:07:58.691" threadId="00000000027AB288" success="true" />
<exclusive-end id="79" timestamp="2019-06-16T06:07:58.691" durationms="250.543" />

<exclusive-start id="80" timestamp="2019-06-16T06:08:13.631" intervalms="15190.420">
  <response-info timems="0.032" idlems="0.032" threads="0" lastid="00000000027AE500" lastname="Thread-4" />
</exclusive-start>
<af-start id="81" threadId="00000000027AEE88" totalBytesRequested="16392" timestamp="2019-06-16T06:08:13.631" intervalms="15190.425" />
<cycle-start id="82" type="global" contextid="0" timestamp="2019-06-16T06:08:13.631" intervalms="15190.417" />
<gc-start id="83" type="global" contextid="82" timestamp="2019-06-16T06:08:13.631">
  <mem-info id="84" free="104631296" total="2092630016" percent="4">
    <mem type="tenure" free="104631296" total="2092630016" percent="4">
      <mem type="soa" free="0" total="1987998720" percent="0" />
      <mem type="loa" free="104631296" total="104631296" percent="100" />
    </mem>
  </mem-info>
</gc-start>
<allocation-stats totalBytes="1983818064" >
  <allocated-bytes non-tlh="8200" tlh="1983809864" />
  <largest-consumer threadName="Thread-5" threadId="00000000027B2100" bytes="517086824" />
</allocation-stats>
<gc-op id="85" type="mark" timems="2.365" contextid="82" timestamp="2019-06-16T06:08:13.634">
  <trace-info objectcount="41802" scancount="34110" scanbytes="1624788" />
  <finalization candidates="25" enqueued="0" />
  <references type="soft" candidates="164" cleared="0" enqueued="0" dynamicThreshold="31" maxThreshold="32" />
  <references type="weak" candidates="265" cleared="0" enqueued="0" />
  <references type="phantom" candidates="96" cleared="0" enqueued="0" />
  <stringconstants candidates="3963" cleared="0"  />
</gc-op>
<gc-op id="86" type="sweep" timems="235.204" contextid="82" timestamp="2019-06-16T06:08:13.869" />
<mem-info id="87" free="2089296896" total="2092630016" percent="99">
  <mem type="tenure" free="2089296896" total="2092630016" percent="99" micro-fragmented="1760">
    <mem type="soa" free="1984665600" total="1987998720" percent="99" />
    <mem type="loa" free="104631296" total="104631296" percent="100" />
  </mem>
</mem-info>
<gc-op id="88" type="compact" timems="8.747" contextid="82" timestamp="2019-06-16T06:08:13.878">
  <compact-info movecount="5713" movebytes="1013272" reason="compact to aid heap contraction" />
</gc-op>
<gc-end id="89" type="global" contextid="82" durationms="247.501" usertimems="164.000" systemtimems="96.000" timestamp="2019-06-16T06:08:13.879" activeThreads="4">
  <mem-info id="90" free="2089245296" total="2092630016" percent="99">
    <mem type="tenure" free="2089245296" total="2092630016" percent="99">
      <mem type="soa" free="1984614000" total="1987998720" percent="99" />
      <mem type="loa" free="104631296" total="104631296" percent="100" />
    </mem>
  </mem-info>
</gc-end>
<cycle-end id="91" type="global" contextid="82" timestamp="2019-06-16T06:08:13.879" />
  <attribute name="elasticGC enabled" value="1" />
  <attribute name= "numThreadsSpecified" value="4" />
  <attribute name="heapSize specified" value="2092630016" />
  <attribute name="Current GC Util" value="140" />
  <attribute name= "Current Time Running" value="61365" />
  <attribute name ="GC Interval" value="0" />
  <attribute name="ProportionalT" value="180.000000" />
  <attribute name="ProportionalI" value="180.000000" />
  <attribute name="ProportionalH" value="180.000000" />
  <attribute name="Current Error" value="120.000000" />
  <attribute name="IntegralT" value="1080.000000" />
  <attribute name="IntegralI" value="1080.000000" />
  <attribute name="IntegralH" value="1080.000000" />
  <attribute name="DerivativeT" value="13.333333" />
  <attribute name="DerivativeI" value="13.333333" />
  <attribute name="DerivativeH" value="13.333333" />
  <attribute name="Loop Time for DT" value="9.000000" />
  <attribute name="Output H" value="8388608"/>
  <attribute name="Output I" value="1280"/>
  <attribute name="Output T" value="4"/>
  <attribute name="Target GC Util Change" value ="20.000000" />
  <attribute name="Current GC Util Change" value="140.000000"/>
  <attribute name="GC Util currently" value="140" />
  <attribute name="CPU Util currently" value="513813980031" />
<allocation-satisfied id="92" threadId="00000000027AE500" bytesRequested="16392" />
<af-end id="93" timestamp="2019-06-16T06:08:13.880" threadId="00000000027AEE88" success="true" />
<exclusive-end id="94" timestamp="2019-06-16T06:08:13.880" durationms="248.885" />

</verbosegc>

