<?xml version="1.0" ?>

<verbosegc xmlns="http://www.ibm.com/j9/verbosegc" version="10b4217_CMPRSS">

<initialized id="1" timestamp="2019-06-16T05:52:54.564">
  <attribute name="gcPolicy" value="-Xgcpolicy:optavgpause" />
  <attribute name="elasticGC enabled" value="1" />
  <attribute name= "numThreadsSpecified" value="0" />
  <attribute name="heapSize specified" value="0" />
  <attribute name="Current GC Util" value="0" />
  <attribute name= "Current Time Running" value="0" />
  <attribute name ="GC Interval" value="0" />
  <attribute name="ProportionalT" value="0.000000" />
  <attribute name="ProportionalI" value="0.000000" />
  <attribute name="ProportionalH" value="0.000000" />
  <attribute name="IntegralT" value="0.000000" />
  <attribute name="IntegralI" value="0.000000" />
  <attribute name="IntegralH" value="0.000000" />
  <attribute name="DerivativeT" value="0.000000" />
  <attribute name="DerivativeI" value="0.000000" />
  <attribute name="DerivativeH" value="0.000000" />
  <attribute name="Target GC Util Change" value ="0.000000" />
  <attribute name="Current GC Util Change" value="0.000000"/>
  <attribute name="Current Error" value="0.000000" />
  <attribute name="Loop Time for DT" value="0.000000" />
  <attribute name="Output H" value="0"/>
  <attribute name="Output I" value="0"/>
  <attribute name="Output T" value="0"/>
  <attribute name="GC Util currently" value="0" />
  <attribute name="CPU Util currently" value="0" />
  <attribute name="maxHeapSize" value="0x7cbc0000" />
  <attribute name="initialHeapSize" value="0x800000" />
  <attribute name="compressedRefs" value="true" />
  <attribute name="compressedRefsDisplacement" value="0x0" />
  <attribute name="compressedRefsShift" value="0x0" />
  <attribute name="pageSize" value="0x1000" />
  <attribute name="pageType" value="not used" />
  <attribute name="requestedPageSize" value="0x1000" />
  <attribute name="requestedPageType" value="not used" />
  <attribute name="gcthreads" value="4" />
  <attribute name="packetListSplit" value="4" />
  <attribute name="cacheListSplit" value="4" />
  <attribute name="splitFreeListSplitAmount" value="1" />
  <attribute name="numaNodes" value="0" />
  <system>
    <attribute name="physicalMemory" value="8370958336" />
    <attribute name="numCPUs" value="4" />
    <attribute name="architecture" value="amd64" />
    <attribute name="os" value="Linux" />
    <attribute name="osVersion" value="4.4.0-150-generic" />
  </system>
  <vmargs>
    <vmarg name="-Xoptionsfile=/vagrant/jdk/lib/options.default" />
    <vmarg name="-Xlockword:mode=default,noLockword=java/lang/String,noLockword=java/util/MapEntry,noLockword=java/util/HashMap$Entry,noLockword..." />
    <vmarg name="-Xjcl:jclse29" />
    <vmarg name="-Dcom.ibm.oti.vm.bootstrap.library.path=/vagrant/jdk/lib/compressedrefs:/vagrant/jdk/lib" />
    <vmarg name="-Dsun.boot.library.path=/vagrant/jdk/lib/compressedrefs:/vagrant/jdk/lib" />
    <vmarg name="-Djava.library.path=/vagrant/jdk/lib/compressedrefs:/vagrant/jdk/lib:/usr/lib64:/usr/lib" />
    <vmarg name="-Djava.home=/vagrant/jdk" />
    <vmarg name="-Duser.dir=/vagrant" />
    <vmarg name="-Xgcpolicy:optavgpause" />
    <vmarg name="-Xgcelastic" />
    <vmarg name="-Xcheck:gc:::elasticGC" />
    <vmarg name="-verbose:gc" />
    <vmarg name="-Xloggc:jdk1.5-1-1-large-OAP-4CORE-elasticverbose3xalan.txt" />
    <vmarg name="-Djava.class.path=dacapo-9.12-MR1-bach.jar" />
    <vmarg name="-Dsun.java.command=dacapo-9.12-MR1-bach.jar xalan --size=large" />
    <vmarg name="-Dsun.java.launcher=SUN_STANDARD" />
    <vmarg name="-Dsun.java.launcher.pid=30717" />
  </vmargs>
</initialized>

<exclusive-start id="2" timestamp="2019-06-16T05:52:56.116" intervalms="1551.827">
  <response-info timems="0.037" idlems="0.037" threads="0" lastid="0000000000692700" lastname="main" />
</exclusive-start>
<af-start id="3" threadId="0000000000693088" totalBytesRequested="88" timestamp="2019-06-16T05:52:56.117" intervalms="1552.195" />
<cycle-start id="4" type="global" contextid="0" timestamp="2019-06-16T05:52:56.117" intervalms="1552.656" />
<gc-start id="5" type="global" contextid="4" timestamp="2019-06-16T05:52:56.117">
  <mem-info id="6" free="418816" total="8388608" percent="4">
    <mem type="tenure" free="418816" total="8388608" percent="4">
      <mem type="soa" free="0" total="7969792" percent="0" />
      <mem type="loa" free="418816" total="418816" percent="100" />
    </mem>
  </mem-info>
</gc-start>
<allocation-stats totalBytes="7881224" >
  <allocated-bytes non-tlh="758040" tlh="7123184" />
  <largest-consumer threadName="main" threadId="0000000000692700" bytes="7806832" />
</allocation-stats>
<gc-op id="7" type="mark" timems="2.430" contextid="4" timestamp="2019-06-16T05:52:56.120">
  <trace-info objectcount="21473" scancount="17496" scanbytes="560712" />
  <finalization candidates="15" enqueued="1" />
  <references type="soft" candidates="74" cleared="0" enqueued="0" dynamicThreshold="32" maxThreshold="32" />
  <references type="weak" candidates="575" cleared="432" enqueued="393" />
  <references type="phantom" candidates="127" cleared="44" enqueued="44" />
  <stringconstants candidates="2930" cleared="0"  />
</gc-op>
<gc-op id="8" type="classunload" timems="0.081" contextid="4" timestamp="2019-06-16T05:52:56.120">
  <classunload-info classloadercandidates="6" classloadersunloaded="0" classesunloaded="0" anonymousclassesunloaded="0" quiescems="0.000" setupms="0.081" scanms="0.000" postms="0.000" />
</gc-op>
<gc-op id="9" type="sweep" timems="0.699" contextid="4" timestamp="2019-06-16T05:52:56.121" />
<mem-info id="10" free="6520936" total="8388608" percent="77">
  <mem type="tenure" free="6520936" total="8388608" percent="77" micro-fragmented="223995">
    <mem type="soa" free="6102120" total="7969792" percent="76" />
    <mem type="loa" free="418816" total="418816" percent="100" />
  </mem>
  <pending-finalizers system="1" default="0" reference="437" classloader="0" />
</mem-info>
<gc-op id="11" type="compact" timems="4.502" contextid="4" timestamp="2019-06-16T05:52:56.126">
  <compact-info movecount="21472" movebytes="1537648" reason="compact to aid heap contraction" />
</gc-op>
<heap-resize id="12" type="expand" space="tenure" amount="2084241408" count="1" timems="0.236" reason="satisfy allocation request" timestamp="2019-06-16T05:52:56.126" />
<gc-end id="13" type="global" contextid="4" durationms="9.083" usertimems="8.000" systemtimems="4.000" timestamp="2019-06-16T05:52:56.126" activeThreads="4">
  <mem-info id="14" free="2091092192" total="2092630016" percent="99">
    <mem type="tenure" free="2091092192" total="2092630016" percent="99">
      <mem type="soa" free="1986460896" total="1987998720" percent="99" />
      <mem type="loa" free="104631296" total="104631296" percent="100" />
    </mem>
    <pending-finalizers system="1" default="0" reference="437" classloader="0" />
  </mem-info>
</gc-end>
<cycle-end id="15" type="global" contextid="4" timestamp="2019-06-16T05:52:56.127" />
  <attribute name="elasticGC enabled" value="1" />
  <attribute name= "numThreadsSpecified" value="4" />
  <attribute name="heapSize specified" value="8388608" />
  <attribute name="Current GC Util" value="32" />
  <attribute name= "Current Time Running" value="1394" />
  <attribute name ="GC Interval" value="0" />
  <attribute name="ProportionalT" value="18.000000" />
  <attribute name="ProportionalI" value="18.000000" />
  <attribute name="ProportionalH" value="18.000000" />
  <attribute name="Current Error" value="12.000000" />
  <attribute name="IntegralT" value="-27452.000000" />
  <attribute name="IntegralI" value="-27452.000000" />
  <attribute name="IntegralH" value="-27452.000000" />
  <attribute name="DerivativeT" value="2.400000" />
  <attribute name="DerivativeI" value="2.400000" />
  <attribute name="DerivativeH" value="2.400000" />
  <attribute name="Loop Time for DT" value="5.000000" />
  <attribute name="Output H" value="2092630016"/>
  <attribute name="Output I" value="200"/>
  <attribute name="Output T" value="4"/>
  <attribute name="Target GC Util Change" value ="20.000000" />
  <attribute name="Current GC Util Change" value="32.000000"/>
  <attribute name="GC Util currently" value="32" />
  <attribute name="CPU Util currently" value="1011974682745" />
<allocation-satisfied id="16" threadId="0000000000692700" bytesRequested="88" />
<af-end id="17" timestamp="2019-06-16T05:52:56.127" threadId="0000000000693088" success="true" />
<exclusive-end id="18" timestamp="2019-06-16T05:52:56.127" durationms="10.596" />

<exclusive-start id="19" timestamp="2019-06-16T05:52:56.327" intervalms="210.655">
  <response-info timems="0.067" idlems="0.067" threads="0" lastid="0000000000692700" lastname="main" />
</exclusive-start>
<sys-start reason="explicit" id="20" timestamp="2019-06-16T05:52:56.327" intervalms="1762.680" />
<cycle-start id="21" type="global" contextid="0" timestamp="2019-06-16T05:52:56.327" intervalms="210.341" />
<gc-start id="22" type="global" contextid="21" timestamp="2019-06-16T05:52:56.336">
  <mem-info id="23" free="2085097672" total="2092630016" percent="99">
    <mem type="tenure" free="2085097672" total="2092630016" percent="99">
      <mem type="soa" free="1980466376" total="1987998720" percent="99" />
      <mem type="loa" free="104631296" total="104631296" percent="100" />
    </mem>
  </mem-info>
</gc-start>
<allocation-stats totalBytes="5978088" >
  <allocated-bytes non-tlh="137328" tlh="5840760" />
  <largest-consumer threadName="main" threadId="0000000000692700" bytes="5957872" />
</allocation-stats>
<gc-op id="24" type="mark" timems="9.749" contextid="21" timestamp="2019-06-16T05:52:56.346">
  <trace-info objectcount="29514" scancount="23882" scanbytes="871144" />
  <finalization candidates="15" enqueued="0" />
  <references type="soft" candidates="133" cleared="0" enqueued="0" dynamicThreshold="31" maxThreshold="32" />
  <references type="weak" candidates="178" cleared="33" enqueued="33" />
  <references type="phantom" candidates="85" cleared="2" enqueued="2" />
  <stringconstants candidates="3535" cleared="22"  />
</gc-op>
<gc-op id="25" type="classunload" timems="0.002" contextid="21" timestamp="2019-06-16T05:52:56.346">
  <classunload-info classloadercandidates="19" classloadersunloaded="0" classesunloaded="0" anonymousclassesunloaded="0" quiescems="0.000" setupms="0.002" scanms="0.000" postms="0.000" />
</gc-op>
<gc-op id="26" type="sweep" timems="1.820" contextid="21" timestamp="2019-06-16T05:52:56.348" />
<mem-info id="27" free="2090303976" total="2092630016" percent="99">
  <mem type="tenure" free="2090303976" total="2092630016" percent="99" micro-fragmented="234320">
    <mem type="soa" free="1985672680" total="1987998720" percent="99" />
    <mem type="loa" free="104631296" total="104631296" percent="100" />
  </mem>
  <pending-finalizers system="0" default="0" reference="35" classloader="0" />
</mem-info>
<gc-op id="28" type="compact" timems="13.503" contextid="21" timestamp="2019-06-16T05:52:56.362">
  <compact-info movecount="28766" movebytes="1934584" reason="compact to aid heap contraction" />
</gc-op>
<gc-end id="29" type="global" contextid="21" durationms="26.739" usertimems="32.000" systemtimems="20.000" timestamp="2019-06-16T05:52:56.363" activeThreads="4">
  <mem-info id="30" free="2090674520" total="2092630016" percent="99">
    <mem type="tenure" free="2090674520" total="2092630016" percent="99">
      <mem type="soa" free="1986043224" total="1987998720" percent="99" />
      <mem type="loa" free="104631296" total="104631296" percent="100" />
    </mem>
    <pending-finalizers system="0" default="0" reference="35" classloader="0" />
  </mem-info>
</gc-end>
<cycle-end id="31" type="global" contextid="21" timestamp="2019-06-16T05:52:56.363" />
  <attribute name="elasticGC enabled" value="1" />
  <attribute name= "numThreadsSpecified" value="4" />
  <attribute name="heapSize specified" value="2092630016" />
  <attribute name="Current GC Util" value="124" />
  <attribute name= "Current Time Running" value="1630" />
  <attribute name ="GC Interval" value="0" />
  <attribute name="ProportionalT" value="156.000000" />
  <attribute name="ProportionalI" value="156.000000" />
  <attribute name="ProportionalH" value="156.000000" />
  <attribute name="Current Error" value="104.000000" />
  <attribute name="IntegralT" value="1352.000000" />
  <attribute name="IntegralI" value="1352.000000" />
  <attribute name="IntegralH" value="1352.000000" />
  <attribute name="DerivativeT" value="8.000000" />
  <attribute name="DerivativeI" value="8.000000" />
  <attribute name="DerivativeH" value="8.000000" />
  <attribute name="Loop Time for DT" value="13.000000" />
  <attribute name="Output H" value="8388608"/>
  <attribute name="Output I" value="1520"/>
  <attribute name="Output T" value="4"/>
  <attribute name="Target GC Util Change" value ="20.000000" />
  <attribute name="Current GC Util Change" value="124.000000"/>
  <attribute name="GC Util currently" value="124" />
  <attribute name="CPU Util currently" value="336125607127" />
<sys-end id="32" timestamp="2019-06-16T05:52:56.363" />
<exclusive-end id="33" timestamp="2019-06-16T05:52:56.363" durationms="36.243" />

<exclusive-start id="34" timestamp="2019-06-16T05:53:11.771" intervalms="15444.606">
  <response-info timems="0.042" idlems="0.042" threads="0" lastid="00000000009CB100" lastname="Thread-5" />
</exclusive-start>
<af-start id="35" threadId="00000000009CBA88" totalBytesRequested="2056" timestamp="2019-06-16T05:53:11.772" intervalms="15655.009" />
<cycle-start id="36" type="global" contextid="0" timestamp="2019-06-16T05:53:11.772" intervalms="15444.285" />
<gc-start id="37" type="global" contextid="36" timestamp="2019-06-16T05:53:11.772">
  <mem-info id="38" free="104631296" total="2092630016" percent="4">
    <mem type="tenure" free="104631296" total="2092630016" percent="4">
      <mem type="soa" free="0" total="1987998720" percent="0" />
      <mem type="loa" free="104631296" total="104631296" percent="100" />
    </mem>
  </mem-info>
</gc-start>
<allocation-stats totalBytes="1985233368" >
  <allocated-bytes non-tlh="338056" tlh="1984895312" />
  <largest-consumer threadName="Thread-3" threadId="00000000009C3900" bytes="521363568" />
</allocation-stats>
<gc-op id="39" type="mark" timems="3.708" contextid="36" timestamp="2019-06-16T05:53:11.776">
  <trace-info objectcount="53174" scancount="45403" scanbytes="1946284" />
  <finalization candidates="27" enqueued="2" />
  <references type="soft" candidates="164" cleared="0" enqueued="0" dynamicThreshold="31" maxThreshold="32" />
  <references type="weak" candidates="304" cleared="36" enqueued="33" />
  <references type="phantom" candidates="98" cleared="2" enqueued="2" />
  <stringconstants candidates="3963" cleared="0"  />
</gc-op>
<gc-op id="40" type="sweep" timems="208.348" contextid="36" timestamp="2019-06-16T05:53:11.984" />
<mem-info id="41" free="2088641152" total="2092630016" percent="99">
  <mem type="tenure" free="2088641152" total="2092630016" percent="99" micro-fragmented="216500">
    <mem type="soa" free="1984009856" total="1987998720" percent="99" />
    <mem type="loa" free="104631296" total="104631296" percent="100" />
  </mem>
  <pending-finalizers system="2" default="0" reference="35" classloader="0" />
</mem-info>
<gc-op id="42" type="compact" timems="13.733" contextid="36" timestamp="2019-06-16T05:53:11.998">
  <compact-info movecount="52406" movebytes="3702032" reason="compact to aid heap contraction" />
</gc-op>
<gc-end id="43" type="global" contextid="36" durationms="226.810" usertimems="192.000" systemtimems="60.000" timestamp="2019-06-16T05:53:11.999" activeThreads="4">
  <mem-info id="44" free="2088839656" total="2092630016" percent="99">
    <mem type="tenure" free="2088839656" total="2092630016" percent="99">
      <mem type="soa" free="1984208360" total="1987998720" percent="99" />
      <mem type="loa" free="104631296" total="104631296" percent="100" />
    </mem>
    <pending-finalizers system="2" default="0" reference="35" classloader="0" />
  </mem-info>
</gc-end>
<cycle-end id="45" type="global" contextid="36" timestamp="2019-06-16T05:53:12.000" />
  <attribute name="elasticGC enabled" value="1" />
  <attribute name= "numThreadsSpecified" value="4" />
  <attribute name="heapSize specified" value="2092630016" />
  <attribute name="Current GC Util" value="143" />
  <attribute name= "Current Time Running" value="17266" />
  <attribute name ="GC Interval" value="0" />
  <attribute name="ProportionalT" value="184.500000" />
  <attribute name="ProportionalI" value="184.500000" />
  <attribute name="ProportionalH" value="184.500000" />
  <attribute name="Current Error" value="123.000000" />
  <attribute name="IntegralT" value="1722.000000" />
  <attribute name="IntegralI" value="1722.000000" />
  <attribute name="IntegralH" value="1722.000000" />
  <attribute name="DerivativeT" value="8.785714" />
  <attribute name="DerivativeI" value="8.785714" />
  <attribute name="DerivativeH" value="8.785714" />
  <attribute name="Loop Time for DT" value="14.000000" />
  <attribute name="Output H" value="8388608"/>
  <attribute name="Output I" value="1920"/>
  <attribute name="Output T" value="4"/>
  <attribute name="Target GC Util Change" value ="20.000000" />
  <attribute name="Current GC Util Change" value="143.000000"/>
  <attribute name="GC Util currently" value="143" />
  <attribute name="CPU Util currently" value="332225480684" />
<allocation-satisfied id="46" threadId="00000000009CB100" bytesRequested="2056" />
<af-end id="47" timestamp="2019-06-16T05:53:12.000" threadId="00000000009CBA88" success="true" />
<exclusive-end id="48" timestamp="2019-06-16T05:53:12.000" durationms="228.802" />

<exclusive-start id="49" timestamp="2019-06-16T05:53:27.159" intervalms="15387.414">
  <response-info timems="0.043" idlems="0.043" threads="0" lastid="00000000009C3900" lastname="Thread-3" />
</exclusive-start>
<af-start id="50" threadId="00000000009C4288" totalBytesRequested="80" timestamp="2019-06-16T05:53:27.159" intervalms="15387.402" />
<cycle-start id="51" type="global" contextid="0" timestamp="2019-06-16T05:53:27.159" intervalms="15387.396" />
<gc-start id="52" type="global" contextid="51" timestamp="2019-06-16T05:53:27.159">
  <mem-info id="53" free="104631296" total="2092630016" percent="4">
    <mem type="tenure" free="104631296" total="2092630016" percent="4">
      <mem type="soa" free="0" total="1987998720" percent="0" />
      <mem type="loa" free="104631296" total="104631296" percent="100" />
    </mem>
  </mem-info>
</gc-start>
<allocation-stats totalBytes="1983593376" >
  <allocated-bytes non-tlh="0" tlh="1983593376" />
  <largest-consumer threadName="Thread-6" threadId="00000000009CED00" bytes="532918936" />
</allocation-stats>
<gc-op id="54" type="mark" timems="4.766" contextid="51" timestamp="2019-06-16T05:53:27.164">
  <trace-info objectcount="49109" scancount="41378" scanbytes="1780888" />
  <finalization candidates="25" enqueued="0" />
  <references type="soft" candidates="164" cleared="0" enqueued="0" dynamicThreshold="31" maxThreshold="32" />
  <references type="weak" candidates="264" cleared="0" enqueued="0" />
  <references type="phantom" candidates="95" cleared="0" enqueued="0" />
  <stringconstants candidates="3963" cleared="0"  />
</gc-op>
<gc-op id="55" type="classunload" timems="0.264" contextid="51" timestamp="2019-06-16T05:53:27.164">
  <classunload-info classloadercandidates="20" classloadersunloaded="0" classesunloaded="2" anonymousclassesunloaded="2" quiescems="0.000" setupms="0.260" scanms="0.004" postms="0.000" />
</gc-op>
<gc-op id="56" type="sweep" timems="226.019" contextid="51" timestamp="2019-06-16T05:53:27.390" />
<mem-info id="57" free="2089117928" total="2092630016" percent="99">
  <mem type="tenure" free="2089117928" total="2092630016" percent="99" micro-fragmented="2489">
    <mem type="soa" free="1984486632" total="1987998720" percent="99" />
    <mem type="loa" free="104631296" total="104631296" percent="100" />
  </mem>
</mem-info>
<gc-op id="58" type="compact" timems="9.973" contextid="51" timestamp="2019-06-16T05:53:27.401">
  <compact-info movecount="24596" movebytes="2399680" reason="compact to aid heap contraction" />
</gc-op>
<gc-end id="59" type="global" contextid="51" durationms="242.222" usertimems="184.000" systemtimems="80.000" timestamp="2019-06-16T05:53:27.401" activeThreads="4">
  <mem-info id="60" free="2089080144" total="2092630016" percent="99">
    <mem type="tenure" free="2089080144" total="2092630016" percent="99">
      <mem type="soa" free="1984448848" total="1987998720" percent="99" />
      <mem type="loa" free="104631296" total="104631296" percent="100" />
    </mem>
  </mem-info>
</gc-end>
<cycle-end id="61" type="global" contextid="51" timestamp="2019-06-16T05:53:27.403" />
  <attribute name="elasticGC enabled" value="1" />
  <attribute name= "numThreadsSpecified" value="4" />
  <attribute name="heapSize specified" value="2092630016" />
  <attribute name="Current GC Util" value="201" />
  <attribute name= "Current Time Running" value="32669" />
  <attribute name ="GC Interval" value="0" />
  <attribute name="ProportionalT" value="271.500000" />
  <attribute name="ProportionalI" value="271.500000" />
  <attribute name="ProportionalH" value="271.500000" />
  <attribute name="Current Error" value="181.000000" />
  <attribute name="IntegralT" value="1810.000000" />
  <attribute name="IntegralI" value="1810.000000" />
  <attribute name="IntegralH" value="1810.000000" />
  <attribute name="DerivativeT" value="18.100000" />
  <attribute name="DerivativeI" value="18.100000" />
  <attribute name="DerivativeH" value="18.100000" />
  <attribute name="Loop Time for DT" value="10.000000" />
  <attribute name="Output H" value="8388608"/>
  <attribute name="Output I" value="2104"/>
  <attribute name="Output T" value="4"/>
  <attribute name="Target GC Util Change" value ="20.000000" />
  <attribute name="Current GC Util Change" value="201.000000"/>
  <attribute name="GC Util currently" value="201" />
  <attribute name="CPU Util currently" value="454880873694" />
<allocation-satisfied id="62" threadId="00000000009C3900" bytesRequested="80" />
<af-end id="63" timestamp="2019-06-16T05:53:27.403" threadId="00000000009C4288" success="true" />
<exclusive-end id="64" timestamp="2019-06-16T05:53:27.404" durationms="244.666" />

<exclusive-start id="65" timestamp="2019-06-16T05:53:40.630" intervalms="13471.130">
  <response-info timems="0.037" idlems="0.037" threads="0" lastid="00000000009CB100" lastname="Thread-5" />
</exclusive-start>
<af-start id="66" threadId="00000000009CBA88" totalBytesRequested="16392" timestamp="2019-06-16T05:53:40.630" intervalms="13471.118" />
<cycle-start id="67" type="global" contextid="0" timestamp="2019-06-16T05:53:40.630" intervalms="13471.122" />
<gc-start id="68" type="global" contextid="67" timestamp="2019-06-16T05:53:40.630">
  <mem-info id="69" free="104631296" total="2092630016" percent="4">
    <mem type="tenure" free="104631296" total="2092630016" percent="4">
      <mem type="soa" free="0" total="1987998720" percent="0" />
      <mem type="loa" free="104631296" total="104631296" percent="100" />
    </mem>
  </mem-info>
</gc-start>
<allocation-stats totalBytes="1983854360" >
  <allocated-bytes non-tlh="0" tlh="1983854360" />
  <largest-consumer threadName="Thread-3" threadId="00000000009C3900" bytes="582701944" />
</allocation-stats>
<gc-op id="70" type="mark" timems="3.296" contextid="67" timestamp="2019-06-16T05:53:40.634">
  <trace-info objectcount="45563" scancount="37814" scanbytes="1714324" />
  <finalization candidates="25" enqueued="0" />
  <references type="soft" candidates="164" cleared="0" enqueued="0" dynamicThreshold="31" maxThreshold="32" />
  <references type="weak" candidates="264" cleared="0" enqueued="0" />
  <references type="phantom" candidates="95" cleared="0" enqueued="0" />
  <stringconstants candidates="3963" cleared="0"  />
</gc-op>
<gc-op id="71" type="sweep" timems="232.628" contextid="67" timestamp="2019-06-16T05:53:40.866" />
<mem-info id="72" free="2089161472" total="2092630016" percent="99">
  <mem type="tenure" free="2089161472" total="2092630016" percent="99" micro-fragmented="51840">
    <mem type="soa" free="1984530176" total="1987998720" percent="99" />
    <mem type="loa" free="104631296" total="104631296" percent="100" />
  </mem>
</mem-info>
<gc-op id="73" type="compact" timems="10.720" contextid="67" timestamp="2019-06-16T05:53:40.877">
  <compact-info movecount="9290" movebytes="1149208" reason="compact to aid heap contraction" />
</gc-op>
<gc-end id="74" type="global" contextid="67" durationms="247.684" usertimems="180.000" systemtimems="84.000" timestamp="2019-06-16T05:53:40.878" activeThreads="4">
  <mem-info id="75" free="2089117880" total="2092630016" percent="99">
    <mem type="tenure" free="2089117880" total="2092630016" percent="99">
      <mem type="soa" free="1984486584" total="1987998720" percent="99" />
      <mem type="loa" free="104631296" total="104631296" percent="100" />
    </mem>
  </mem-info>
</gc-end>
<cycle-end id="76" type="global" contextid="67" timestamp="2019-06-16T05:53:40.879" />
  <attribute name="elasticGC enabled" value="1" />
  <attribute name= "numThreadsSpecified" value="4" />
  <attribute name="heapSize specified" value="2092630016" />
  <attribute name="Current GC Util" value="139" />
  <attribute name= "Current Time Running" value="46146" />
  <attribute name ="GC Interval" value="0" />
  <attribute name="ProportionalT" value="178.500000" />
  <attribute name="ProportionalI" value="178.500000" />
  <attribute name="ProportionalH" value="178.500000" />
  <attribute name="Current Error" value="119.000000" />
  <attribute name="IntegralT" value="1309.000000" />
  <attribute name="IntegralI" value="1309.000000" />
  <attribute name="IntegralH" value="1309.000000" />
  <attribute name="DerivativeT" value="10.818182" />
  <attribute name="DerivativeI" value="10.818182" />
  <attribute name="DerivativeH" value="10.818182" />
  <attribute name="Loop Time for DT" value="11.000000" />
  <attribute name="Output H" value="8388608"/>
  <attribute name="Output I" value="1504"/>
  <attribute name="Output T" value="4"/>
  <attribute name="Target GC Util Change" value ="20.000000" />
  <attribute name="Current GC Util Change" value="139.000000"/>
  <attribute name="GC Util currently" value="139" />
  <attribute name="CPU Util currently" value="421404955260" />
<allocation-satisfied id="77" threadId="00000000009CB100" bytesRequested="16392" />
<af-end id="78" timestamp="2019-06-16T05:53:40.879" threadId="00000000009CBA88" success="true" />
<exclusive-end id="79" timestamp="2019-06-16T05:53:40.879" durationms="248.988" />

<exclusive-start id="80" timestamp="2019-06-16T05:53:55.555" intervalms="14925.271">
  <response-info timems="0.038" idlems="0.038" threads="0" lastid="00000000009CED00" lastname="Thread-6" />
</exclusive-start>
<af-start id="81" threadId="00000000009CF688" totalBytesRequested="520" timestamp="2019-06-16T05:53:55.555" intervalms="14925.276" />
<cycle-start id="82" type="global" contextid="0" timestamp="2019-06-16T05:53:55.555" intervalms="14925.269" />
<gc-start id="83" type="global" contextid="82" timestamp="2019-06-16T05:53:55.556">
  <mem-info id="84" free="104631296" total="2092630016" percent="4">
    <mem type="tenure" free="104631296" total="2092630016" percent="4">
      <mem type="soa" free="0" total="1987998720" percent="0" />
      <mem type="loa" free="104631296" total="104631296" percent="100" />
    </mem>
  </mem-info>
</gc-start>
<allocation-stats totalBytes="1983925672" >
  <allocated-bytes non-tlh="0" tlh="1983925672" />
  <largest-consumer threadName="Thread-3" threadId="00000000009C3900" bytes="590197824" />
</allocation-stats>
<gc-op id="85" type="mark" timems="3.025" contextid="82" timestamp="2019-06-16T05:53:55.559">
  <trace-info objectcount="42292" scancount="34537" scanbytes="1691708" />
  <finalization candidates="25" enqueued="0" />
  <references type="soft" candidates="164" cleared="0" enqueued="0" dynamicThreshold="31" maxThreshold="32" />
  <references type="weak" candidates="264" cleared="0" enqueued="0" />
  <references type="phantom" candidates="95" cleared="0" enqueued="0" />
  <stringconstants candidates="3963" cleared="0"  />
</gc-op>
<gc-op id="86" type="sweep" timems="230.712" contextid="82" timestamp="2019-06-16T05:53:55.789" />
<mem-info id="87" free="2089188448" total="2092630016" percent="99">
  <mem type="tenure" free="2089188448" total="2092630016" percent="99" micro-fragmented="10044">
    <mem type="soa" free="1984557152" total="1987998720" percent="99" />
    <mem type="loa" free="104631296" total="104631296" percent="100" />
  </mem>
</mem-info>
<gc-op id="88" type="compact" timems="5.989" contextid="82" timestamp="2019-06-16T05:53:55.796">
  <compact-info movecount="6009" movebytes="1120168" reason="compact to aid heap contraction" />
</gc-op>
<gc-end id="89" type="global" contextid="82" durationms="240.867" usertimems="172.000" systemtimems="84.000" timestamp="2019-06-16T05:53:55.796" activeThreads="4">
  <mem-info id="90" free="2089146256" total="2092630016" percent="99">
    <mem type="tenure" free="2089146256" total="2092630016" percent="99">
      <mem type="soa" free="1984514960" total="1987998720" percent="99" />
      <mem type="loa" free="104631296" total="104631296" percent="100" />
    </mem>
  </mem-info>
</gc-end>
<cycle-end id="91" type="global" contextid="82" timestamp="2019-06-16T05:53:55.797" />
  <attribute name="elasticGC enabled" value="1" />
  <attribute name= "numThreadsSpecified" value="4" />
  <attribute name="heapSize specified" value="2092630016" />
  <attribute name="Current GC Util" value="230" />
  <attribute name= "Current Time Running" value="61064" />
  <attribute name ="GC Interval" value="0" />
  <attribute name="ProportionalT" value="315.000000" />
  <attribute name="ProportionalI" value="315.000000" />
  <attribute name="ProportionalH" value="315.000000" />
  <attribute name="Current Error" value="210.000000" />
  <attribute name="IntegralT" value="1260.000000" />
  <attribute name="IntegralI" value="1260.000000" />
  <attribute name="IntegralH" value="1260.000000" />
  <attribute name="DerivativeT" value="35.000000" />
  <attribute name="DerivativeI" value="35.000000" />
  <attribute name="DerivativeH" value="35.000000" />
  <attribute name="Loop Time for DT" value="6.000000" />
  <attribute name="Output H" value="8388608"/>
  <attribute name="Output I" value="1616"/>
  <attribute name="Output T" value="4"/>
  <attribute name="Target GC Util Change" value ="20.000000" />
  <attribute name="Current GC Util Change" value="230.000000"/>
  <attribute name="GC Util currently" value="230" />
  <attribute name="CPU Util currently" value="743289828922" />
<allocation-satisfied id="92" threadId="00000000009CED00" bytesRequested="520" />
<af-end id="93" timestamp="2019-06-16T05:53:55.797" threadId="00000000009CF688" success="true" />
<exclusive-end id="94" timestamp="2019-06-16T05:53:55.798" durationms="242.239" />

</verbosegc>

