<?xml version="1.0" ?>

<verbosegc xmlns="http://www.ibm.com/j9/verbosegc" version="10b4217_CMPRSS">

<initialized id="1" timestamp="2019-06-16T06:00:04.360">
  <attribute name="gcPolicy" value="-Xgcpolicy:optavgpause" />
  <attribute name="elasticGC enabled" value="1" />
  <attribute name= "numThreadsSpecified" value="0" />
  <attribute name="heapSize specified" value="0" />
  <attribute name="Current GC Util" value="0" />
  <attribute name= "Current Time Running" value="0" />
  <attribute name ="GC Interval" value="0" />
  <attribute name="ProportionalT" value="0.000000" />
  <attribute name="ProportionalI" value="0.000000" />
  <attribute name="ProportionalH" value="0.000000" />
  <attribute name="IntegralT" value="0.000000" />
  <attribute name="IntegralI" value="0.000000" />
  <attribute name="IntegralH" value="0.000000" />
  <attribute name="DerivativeT" value="0.000000" />
  <attribute name="DerivativeI" value="0.000000" />
  <attribute name="DerivativeH" value="0.000000" />
  <attribute name="Target GC Util Change" value ="0.000000" />
  <attribute name="Current GC Util Change" value="0.000000"/>
  <attribute name="Current Error" value="0.000000" />
  <attribute name="Loop Time for DT" value="0.000000" />
  <attribute name="Output H" value="0"/>
  <attribute name="Output I" value="0"/>
  <attribute name="Output T" value="0"/>
  <attribute name="GC Util currently" value="0" />
  <attribute name="CPU Util currently" value="0" />
  <attribute name="maxHeapSize" value="0x7cbc0000" />
  <attribute name="initialHeapSize" value="0x800000" />
  <attribute name="compressedRefs" value="true" />
  <attribute name="compressedRefsDisplacement" value="0x0" />
  <attribute name="compressedRefsShift" value="0x0" />
  <attribute name="pageSize" value="0x1000" />
  <attribute name="pageType" value="not used" />
  <attribute name="requestedPageSize" value="0x1000" />
  <attribute name="requestedPageType" value="not used" />
  <attribute name="gcthreads" value="4" />
  <attribute name="packetListSplit" value="4" />
  <attribute name="cacheListSplit" value="4" />
  <attribute name="splitFreeListSplitAmount" value="1" />
  <attribute name="numaNodes" value="0" />
  <system>
    <attribute name="physicalMemory" value="8370958336" />
    <attribute name="numCPUs" value="4" />
    <attribute name="architecture" value="amd64" />
    <attribute name="os" value="Linux" />
    <attribute name="osVersion" value="4.4.0-150-generic" />
  </system>
  <vmargs>
    <vmarg name="-Xoptionsfile=/vagrant/jdk/lib/options.default" />
    <vmarg name="-Xlockword:mode=default,noLockword=java/lang/String,noLockword=java/util/MapEntry,noLockword=java/util/HashMap$Entry,noLockword..." />
    <vmarg name="-Xjcl:jclse29" />
    <vmarg name="-Dcom.ibm.oti.vm.bootstrap.library.path=/vagrant/jdk/lib/compressedrefs:/vagrant/jdk/lib" />
    <vmarg name="-Dsun.boot.library.path=/vagrant/jdk/lib/compressedrefs:/vagrant/jdk/lib" />
    <vmarg name="-Djava.library.path=/vagrant/jdk/lib/compressedrefs:/vagrant/jdk/lib:/usr/lib64:/usr/lib" />
    <vmarg name="-Djava.home=/vagrant/jdk" />
    <vmarg name="-Duser.dir=/vagrant" />
    <vmarg name="-Xgcpolicy:optavgpause" />
    <vmarg name="-Xgcelastic" />
    <vmarg name="-Xcheck:gc:::elasticGC" />
    <vmarg name="-verbose:gc" />
    <vmarg name="-Xloggc:jdk1.5-1-1-large-OAP-4CORE-elasticverbose9xalan.txt" />
    <vmarg name="-Djava.class.path=dacapo-9.12-MR1-bach.jar" />
    <vmarg name="-Dsun.java.command=dacapo-9.12-MR1-bach.jar xalan --size=large" />
    <vmarg name="-Dsun.java.launcher=SUN_STANDARD" />
    <vmarg name="-Dsun.java.launcher.pid=30906" />
  </vmargs>
</initialized>

<exclusive-start id="2" timestamp="2019-06-16T06:00:06.490" intervalms="2130.717">
  <response-info timems="0.021" idlems="0.021" threads="0" lastid="000000000259D700" lastname="main" />
</exclusive-start>
<af-start id="3" threadId="000000000259E088" totalBytesRequested="88" timestamp="2019-06-16T06:00:06.491" intervalms="2131.120" />
<cycle-start id="4" type="global" contextid="0" timestamp="2019-06-16T06:00:06.491" intervalms="2131.749" />
<gc-start id="5" type="global" contextid="4" timestamp="2019-06-16T06:00:06.491">
  <mem-info id="6" free="418816" total="8388608" percent="4">
    <mem type="tenure" free="418816" total="8388608" percent="4">
      <mem type="soa" free="0" total="7969792" percent="0" />
      <mem type="loa" free="418816" total="418816" percent="100" />
    </mem>
  </mem-info>
</gc-start>
<allocation-stats totalBytes="7881056" >
  <allocated-bytes non-tlh="758128" tlh="7122928" />
  <largest-consumer threadName="main" threadId="000000000259D700" bytes="7794376" />
</allocation-stats>
<gc-op id="7" type="mark" timems="2.266" contextid="4" timestamp="2019-06-16T06:00:06.494">
  <trace-info objectcount="21493" scancount="17514" scanbytes="561380" />
  <finalization candidates="15" enqueued="1" />
  <references type="soft" candidates="75" cleared="0" enqueued="0" dynamicThreshold="32" maxThreshold="32" />
  <references type="weak" candidates="579" cleared="432" enqueued="393" />
  <references type="phantom" candidates="128" cleared="44" enqueued="44" />
  <stringconstants candidates="2930" cleared="0"  />
</gc-op>
<gc-op id="8" type="classunload" timems="0.071" contextid="4" timestamp="2019-06-16T06:00:06.494">
  <classunload-info classloadercandidates="6" classloadersunloaded="0" classesunloaded="0" anonymousclassesunloaded="0" quiescems="0.000" setupms="0.071" scanms="0.000" postms="0.000" />
</gc-op>
<gc-op id="9" type="sweep" timems="0.684" contextid="4" timestamp="2019-06-16T06:00:06.495" />
<mem-info id="10" free="6515880" total="8388608" percent="77">
  <mem type="tenure" free="6515880" total="8388608" percent="77" micro-fragmented="271042">
    <mem type="soa" free="6097064" total="7969792" percent="76" />
    <mem type="loa" free="418816" total="418816" percent="100" />
  </mem>
  <pending-finalizers system="1" default="0" reference="437" classloader="0" />
</mem-info>
<gc-op id="11" type="compact" timems="4.698" contextid="4" timestamp="2019-06-16T06:00:06.500">
  <compact-info movecount="21492" movebytes="1538376" reason="compact to aid heap contraction" />
</gc-op>
<heap-resize id="12" type="expand" space="tenure" amount="2084241408" count="1" timems="0.271" reason="satisfy allocation request" timestamp="2019-06-16T06:00:06.501" />
<gc-end id="13" type="global" contextid="4" durationms="9.203" usertimems="8.000" systemtimems="0.000" timestamp="2019-06-16T06:00:06.501" activeThreads="4">
  <mem-info id="14" free="2091091464" total="2092630016" percent="99">
    <mem type="tenure" free="2091091464" total="2092630016" percent="99">
      <mem type="soa" free="1986460168" total="1987998720" percent="99" />
      <mem type="loa" free="104631296" total="104631296" percent="100" />
    </mem>
    <pending-finalizers system="1" default="0" reference="437" classloader="0" />
  </mem-info>
</gc-end>
<cycle-end id="15" type="global" contextid="4" timestamp="2019-06-16T06:00:06.501" />
  <attribute name="elasticGC enabled" value="1" />
  <attribute name= "numThreadsSpecified" value="4" />
  <attribute name="heapSize specified" value="8388608" />
  <attribute name="Current GC Util" value="31" />
  <attribute name= "Current Time Running" value="1977" />
  <attribute name ="GC Interval" value="0" />
  <attribute name="ProportionalT" value="16.500000" />
  <attribute name="ProportionalI" value="16.500000" />
  <attribute name="ProportionalH" value="16.500000" />
  <attribute name="Current Error" value="11.000000" />
  <attribute name="IntegralT" value="-39181.000000" />
  <attribute name="IntegralI" value="-39181.000000" />
  <attribute name="IntegralH" value="-39181.000000" />
  <attribute name="DerivativeT" value="2.200000" />
  <attribute name="DerivativeI" value="2.200000" />
  <attribute name="DerivativeH" value="2.200000" />
  <attribute name="Loop Time for DT" value="5.000000" />
  <attribute name="Output H" value="2092630016"/>
  <attribute name="Output I" value="200"/>
  <attribute name="Output T" value="4"/>
  <attribute name="Target GC Util Change" value ="20.000000" />
  <attribute name="Current GC Util Change" value="31.000000"/>
  <attribute name="GC Util currently" value="31" />
  <attribute name="CPU Util currently" value="958909434139" />
<allocation-satisfied id="16" threadId="000000000259D700" bytesRequested="88" />
<af-end id="17" timestamp="2019-06-16T06:00:06.501" threadId="000000000259E088" success="true" />
<exclusive-end id="18" timestamp="2019-06-16T06:00:06.501" durationms="11.085" />

<exclusive-start id="19" timestamp="2019-06-16T06:00:06.775" intervalms="284.590">
  <response-info timems="0.080" idlems="0.080" threads="0" lastid="000000000259D700" lastname="main" />
</exclusive-start>
<sys-start reason="explicit" id="20" timestamp="2019-06-16T06:00:06.775" intervalms="2415.635" />
<cycle-start id="21" type="global" contextid="0" timestamp="2019-06-16T06:00:06.781" intervalms="289.724" />
<gc-start id="22" type="global" contextid="21" timestamp="2019-06-16T06:00:06.781">
  <mem-info id="23" free="2084990456" total="2092630016" percent="99">
    <mem type="tenure" free="2084990456" total="2092630016" percent="99">
      <mem type="soa" free="1980359160" total="1987998720" percent="99" />
      <mem type="loa" free="104631296" total="104631296" percent="100" />
    </mem>
  </mem-info>
</gc-start>
<allocation-stats totalBytes="6086400" >
  <allocated-bytes non-tlh="71784" tlh="6014616" />
  <largest-consumer threadName="main" threadId="000000000259D700" bytes="6053896" />
</allocation-stats>
<gc-op id="24" type="mark" timems="9.601" contextid="21" timestamp="2019-06-16T06:00:06.791">
  <trace-info objectcount="29540" scancount="23908" scanbytes="871940" />
  <finalization candidates="15" enqueued="0" />
  <references type="soft" candidates="134" cleared="0" enqueued="0" dynamicThreshold="31" maxThreshold="32" />
  <references type="weak" candidates="182" cleared="33" enqueued="33" />
  <references type="phantom" candidates="86" cleared="2" enqueued="2" />
  <stringconstants candidates="3535" cleared="22"  />
</gc-op>
<gc-op id="25" type="classunload" timems="0.002" contextid="21" timestamp="2019-06-16T06:00:06.791">
  <classunload-info classloadercandidates="19" classloadersunloaded="0" classesunloaded="0" anonymousclassesunloaded="0" quiescems="0.000" setupms="0.002" scanms="0.000" postms="0.000" />
</gc-op>
<gc-op id="26" type="sweep" timems="2.367" contextid="21" timestamp="2019-06-16T06:00:06.794" />
<mem-info id="27" free="2090301072" total="2092630016" percent="99">
  <mem type="tenure" free="2090301072" total="2092630016" percent="99" micro-fragmented="253210">
    <mem type="soa" free="1985669776" total="1987998720" percent="99" />
    <mem type="loa" free="104631296" total="104631296" percent="100" />
  </mem>
  <pending-finalizers system="0" default="0" reference="35" classloader="0" />
</mem-info>
<gc-op id="28" type="compact" timems="15.558" contextid="21" timestamp="2019-06-16T06:00:06.809">
  <compact-info movecount="28790" movebytes="1935496" reason="compact to aid heap contraction" />
</gc-op>
<gc-end id="29" type="global" contextid="21" durationms="29.020" usertimems="28.000" systemtimems="16.000" timestamp="2019-06-16T06:00:06.810" activeThreads="4">
  <mem-info id="30" free="2090673600" total="2092630016" percent="99">
    <mem type="tenure" free="2090673600" total="2092630016" percent="99">
      <mem type="soa" free="1986042304" total="1987998720" percent="99" />
      <mem type="loa" free="104631296" total="104631296" percent="100" />
    </mem>
    <pending-finalizers system="0" default="0" reference="35" classloader="0" />
  </mem-info>
</gc-end>
<cycle-end id="31" type="global" contextid="21" timestamp="2019-06-16T06:00:06.810" />
  <attribute name="elasticGC enabled" value="1" />
  <attribute name= "numThreadsSpecified" value="4" />
  <attribute name="heapSize specified" value="2092630016" />
  <attribute name="Current GC Util" value="129" />
  <attribute name= "Current Time Running" value="2286" />
  <attribute name ="GC Interval" value="0" />
  <attribute name="ProportionalT" value="163.500000" />
  <attribute name="ProportionalI" value="163.500000" />
  <attribute name="ProportionalH" value="163.500000" />
  <attribute name="Current Error" value="109.000000" />
  <attribute name="IntegralT" value="1635.000000" />
  <attribute name="IntegralI" value="1635.000000" />
  <attribute name="IntegralH" value="1635.000000" />
  <attribute name="DerivativeT" value="4.466667" />
  <attribute name="DerivativeI" value="4.466667" />
  <attribute name="DerivativeH" value="4.466667" />
  <attribute name="Loop Time for DT" value="15.000000" />
  <attribute name="Output H" value="8388608"/>
  <attribute name="Output I" value="1808"/>
  <attribute name="Output T" value="4"/>
  <attribute name="Target GC Util Change" value ="20.000000" />
  <attribute name="Current GC Util Change" value="129.000000"/>
  <attribute name="GC Util currently" value="129" />
  <attribute name="CPU Util currently" value="292484693945" />
<sys-end id="32" timestamp="2019-06-16T06:00:06.810" />
<exclusive-end id="33" timestamp="2019-06-16T06:00:06.810" durationms="35.662" />

<exclusive-start id="34" timestamp="2019-06-16T06:00:22.447" intervalms="15672.048">
  <response-info timems="0.065" idlems="0.036" threads="1" lastid="00000000028CE900" lastname="Thread-3" />
</exclusive-start>
<af-start id="35" threadId="00000000028D6A88" totalBytesRequested="2056" timestamp="2019-06-16T06:00:22.447" intervalms="15956.321" />
<cycle-start id="36" type="global" contextid="0" timestamp="2019-06-16T06:00:22.447" intervalms="15666.015" />
<gc-start id="37" type="global" contextid="36" timestamp="2019-06-16T06:00:22.447">
  <mem-info id="38" free="104631296" total="2092630016" percent="4">
    <mem type="tenure" free="104631296" total="2092630016" percent="4">
      <mem type="soa" free="0" total="1987998720" percent="0" />
      <mem type="loa" free="104631296" total="104631296" percent="100" />
    </mem>
  </mem-info>
</gc-start>
<allocation-stats totalBytes="1985272256" >
  <allocated-bytes non-tlh="356256" tlh="1984916000" />
  <largest-consumer threadName="Thread-6" threadId="00000000028D9D00" bytes="510656904" />
</allocation-stats>
<gc-op id="39" type="mark" timems="3.772" contextid="36" timestamp="2019-06-16T06:00:22.451">
  <trace-info objectcount="53062" scancount="45307" scanbytes="1945848" />
  <finalization candidates="27" enqueued="2" />
  <references type="soft" candidates="165" cleared="0" enqueued="0" dynamicThreshold="31" maxThreshold="32" />
  <references type="weak" candidates="300" cleared="30" enqueued="29" />
  <references type="phantom" candidates="99" cleared="2" enqueued="2" />
  <stringconstants candidates="3963" cleared="0"  />
</gc-op>
<gc-op id="40" type="classunload" timems="0.239" contextid="36" timestamp="2019-06-16T06:00:22.451">
  <classunload-info classloadercandidates="20" classloadersunloaded="0" classesunloaded="2" anonymousclassesunloaded="2" quiescems="0.000" setupms="0.235" scanms="0.004" postms="0.000" />
</gc-op>
<gc-op id="41" type="sweep" timems="197.200" contextid="36" timestamp="2019-06-16T06:00:22.649" />
<mem-info id="42" free="2088653904" total="2092630016" percent="99">
  <mem type="tenure" free="2088653904" total="2092630016" percent="99" micro-fragmented="144284">
    <mem type="soa" free="1984022608" total="1987998720" percent="99" />
    <mem type="loa" free="104631296" total="104631296" percent="100" />
  </mem>
  <pending-finalizers system="2" default="0" reference="31" classloader="0" />
</mem-info>
<gc-op id="43" type="compact" timems="12.315" contextid="36" timestamp="2019-06-16T06:00:22.661">
  <compact-info movecount="52272" movebytes="3695720" reason="compact to aid heap contraction" />
</gc-op>
<gc-end id="44" type="global" contextid="36" durationms="214.426" usertimems="188.000" systemtimems="52.000" timestamp="2019-06-16T06:00:22.661" activeThreads="4">
  <mem-info id="45" free="2088845312" total="2092630016" percent="99">
    <mem type="tenure" free="2088845312" total="2092630016" percent="99">
      <mem type="soa" free="1984214016" total="1987998720" percent="99" />
      <mem type="loa" free="104631296" total="104631296" percent="100" />
    </mem>
    <pending-finalizers system="2" default="0" reference="31" classloader="0" />
  </mem-info>
</gc-end>
<cycle-end id="46" type="global" contextid="36" timestamp="2019-06-16T06:00:22.663" />
  <attribute name="elasticGC enabled" value="1" />
  <attribute name= "numThreadsSpecified" value="4" />
  <attribute name="heapSize specified" value="2092630016" />
  <attribute name="Current GC Util" value="171" />
  <attribute name= "Current Time Running" value="18138" />
  <attribute name ="GC Interval" value="0" />
  <attribute name="ProportionalT" value="226.500000" />
  <attribute name="ProportionalI" value="226.500000" />
  <attribute name="ProportionalH" value="226.500000" />
  <attribute name="Current Error" value="151.000000" />
  <attribute name="IntegralT" value="1963.000000" />
  <attribute name="IntegralI" value="1963.000000" />
  <attribute name="IntegralH" value="1963.000000" />
  <attribute name="DerivativeT" value="11.615385" />
  <attribute name="DerivativeI" value="11.615385" />
  <attribute name="DerivativeH" value="11.615385" />
  <attribute name="Loop Time for DT" value="13.000000" />
  <attribute name="Output H" value="8388608"/>
  <attribute name="Output I" value="2208"/>
  <attribute name="Output T" value="4"/>
  <attribute name="Target GC Util Change" value ="20.000000" />
  <attribute name="Current GC Util Change" value="171.000000"/>
  <attribute name="GC Util currently" value="171" />
  <attribute name="CPU Util currently" value="369987807464" />
<allocation-satisfied id="47" threadId="00000000028D6100" bytesRequested="2056" />
<af-end id="48" timestamp="2019-06-16T06:00:22.663" threadId="00000000028D6A88" success="true" />
<exclusive-end id="49" timestamp="2019-06-16T06:00:22.663" durationms="216.324" />

<exclusive-start id="50" timestamp="2019-06-16T06:00:36.633" intervalms="14186.352">
  <response-info timems="0.032" idlems="0.032" threads="0" lastid="00000000028CE900" lastname="Thread-3" />
</exclusive-start>
<af-start id="51" threadId="00000000028CF288" totalBytesRequested="16392" timestamp="2019-06-16T06:00:36.633" intervalms="14186.363" />
<cycle-start id="52" type="global" contextid="0" timestamp="2019-06-16T06:00:36.633" intervalms="14186.384" />
<gc-start id="53" type="global" contextid="52" timestamp="2019-06-16T06:00:36.633">
  <mem-info id="54" free="104631296" total="2092630016" percent="4">
    <mem type="tenure" free="104631296" total="2092630016" percent="4">
      <mem type="soa" free="0" total="1987998720" percent="0" />
      <mem type="loa" free="104631296" total="104631296" percent="100" />
    </mem>
  </mem-info>
</gc-start>
<allocation-stats totalBytes="1983439904" >
  <allocated-bytes non-tlh="16392" tlh="1983423512" />
  <largest-consumer threadName="Thread-6" threadId="00000000028D9D00" bytes="564342768" />
</allocation-stats>
<gc-op id="55" type="mark" timems="3.812" contextid="52" timestamp="2019-06-16T06:00:36.637">
  <trace-info objectcount="48698" scancount="41059" scanbytes="1807264" />
  <finalization candidates="25" enqueued="0" />
  <references type="soft" candidates="165" cleared="0" enqueued="0" dynamicThreshold="31" maxThreshold="32" />
  <references type="weak" candidates="270" cleared="0" enqueued="0" />
  <references type="phantom" candidates="97" cleared="0" enqueued="0" />
  <stringconstants candidates="3963" cleared="0"  />
</gc-op>
<gc-op id="56" type="sweep" timems="225.597" contextid="52" timestamp="2019-06-16T06:00:36.863" />
<mem-info id="57" free="2089193296" total="2092630016" percent="99">
  <mem type="tenure" free="2089193296" total="2092630016" percent="99" micro-fragmented="26401">
    <mem type="soa" free="1984562000" total="1987998720" percent="99" />
    <mem type="loa" free="104631296" total="104631296" percent="100" />
  </mem>
</mem-info>
<gc-op id="58" type="compact" timems="11.206" contextid="52" timestamp="2019-06-16T06:00:36.875">
  <compact-info movecount="24159" movebytes="2335896" reason="compact to aid heap contraction" />
</gc-op>
<gc-end id="59" type="global" contextid="52" durationms="241.809" usertimems="184.000" systemtimems="76.000" timestamp="2019-06-16T06:00:36.875" activeThreads="4">
  <mem-info id="60" free="2089141600" total="2092630016" percent="99">
    <mem type="tenure" free="2089141600" total="2092630016" percent="99">
      <mem type="soa" free="1984510304" total="1987998720" percent="99" />
      <mem type="loa" free="104631296" total="104631296" percent="100" />
    </mem>
  </mem-info>
</gc-end>
<cycle-end id="61" type="global" contextid="52" timestamp="2019-06-16T06:00:36.877" />
  <attribute name="elasticGC enabled" value="1" />
  <attribute name= "numThreadsSpecified" value="4" />
  <attribute name="heapSize specified" value="2092630016" />
  <attribute name="Current GC Util" value="181" />
  <attribute name= "Current Time Running" value="32352" />
  <attribute name ="GC Interval" value="0" />
  <attribute name="ProportionalT" value="241.500000" />
  <attribute name="ProportionalI" value="241.500000" />
  <attribute name="ProportionalH" value="241.500000" />
  <attribute name="Current Error" value="161.000000" />
  <attribute name="IntegralT" value="1932.000000" />
  <attribute name="IntegralI" value="1932.000000" />
  <attribute name="IntegralH" value="1932.000000" />
  <attribute name="DerivativeT" value="13.416667" />
  <attribute name="DerivativeI" value="13.416667" />
  <attribute name="DerivativeH" value="13.416667" />
  <attribute name="Loop Time for DT" value="12.000000" />
  <attribute name="Output H" value="8388608"/>
  <attribute name="Output I" value="2192"/>
  <attribute name="Output T" value="4"/>
  <attribute name="Target GC Util Change" value ="20.000000" />
  <attribute name="Current GC Util Change" value="181.000000"/>
  <attribute name="GC Util currently" value="181" />
  <attribute name="CPU Util currently" value="402760548292" />
<allocation-satisfied id="62" threadId="00000000028CE900" bytesRequested="16392" />
<af-end id="63" timestamp="2019-06-16T06:00:36.878" threadId="00000000028CF288" success="true" />
<exclusive-end id="64" timestamp="2019-06-16T06:00:36.878" durationms="244.673" />

<exclusive-start id="65" timestamp="2019-06-16T06:00:50.414" intervalms="13780.906">
  <response-info timems="0.040" idlems="0.040" threads="0" lastid="00000000028D2500" lastname="Thread-4" />
</exclusive-start>
<af-start id="66" threadId="00000000028D2E88" totalBytesRequested="8200" timestamp="2019-06-16T06:00:50.414" intervalms="13780.901" />
<cycle-start id="67" type="global" contextid="0" timestamp="2019-06-16T06:00:50.414" intervalms="13780.896" />
<gc-start id="68" type="global" contextid="67" timestamp="2019-06-16T06:00:50.414">
  <mem-info id="69" free="104631296" total="2092630016" percent="4">
    <mem type="tenure" free="104631296" total="2092630016" percent="4">
      <mem type="soa" free="0" total="1987998720" percent="0" />
      <mem type="loa" free="104631296" total="104631296" percent="100" />
    </mem>
  </mem-info>
</gc-start>
<allocation-stats totalBytes="1983878352" >
  <allocated-bytes non-tlh="0" tlh="1983878352" />
  <largest-consumer threadName="Thread-3" threadId="00000000028CE900" bytes="563407392" />
</allocation-stats>
<gc-op id="70" type="mark" timems="3.640" contextid="67" timestamp="2019-06-16T06:00:50.418">
  <trace-info objectcount="45676" scancount="37901" scanbytes="1766492" />
  <finalization candidates="25" enqueued="0" />
  <references type="soft" candidates="165" cleared="0" enqueued="0" dynamicThreshold="31" maxThreshold="32" />
  <references type="weak" candidates="270" cleared="0" enqueued="0" />
  <references type="phantom" candidates="97" cleared="0" enqueued="0" />
  <stringconstants candidates="3963" cleared="0"  />
</gc-op>
<gc-op id="71" type="sweep" timems="227.034" contextid="67" timestamp="2019-06-16T06:00:50.645" />
<mem-info id="72" free="2089021192" total="2092630016" percent="99">
  <mem type="tenure" free="2089021192" total="2092630016" percent="99" micro-fragmented="28224">
    <mem type="soa" free="1984389896" total="1987998720" percent="99" />
    <mem type="loa" free="104631296" total="104631296" percent="100" />
  </mem>
</mem-info>
<gc-op id="73" type="compact" timems="8.924" contextid="67" timestamp="2019-06-16T06:00:50.654">
  <compact-info movecount="9266" movebytes="1230016" reason="compact to aid heap contraction" />
</gc-op>
<gc-end id="74" type="global" contextid="67" durationms="240.459" usertimems="176.000" systemtimems="84.000" timestamp="2019-06-16T06:00:50.655" activeThreads="4">
  <mem-info id="75" free="2088981688" total="2092630016" percent="99">
    <mem type="tenure" free="2088981688" total="2092630016" percent="99">
      <mem type="soa" free="1984350392" total="1987998720" percent="99" />
      <mem type="loa" free="104631296" total="104631296" percent="100" />
    </mem>
  </mem-info>
</gc-end>
<cycle-end id="76" type="global" contextid="67" timestamp="2019-06-16T06:00:50.656" />
  <attribute name="elasticGC enabled" value="1" />
  <attribute name= "numThreadsSpecified" value="4" />
  <attribute name="heapSize specified" value="2092630016" />
  <attribute name="Current GC Util" value="192" />
  <attribute name= "Current Time Running" value="46131" />
  <attribute name ="GC Interval" value="0" />
  <attribute name="ProportionalT" value="258.000000" />
  <attribute name="ProportionalI" value="258.000000" />
  <attribute name="ProportionalH" value="258.000000" />
  <attribute name="Current Error" value="172.000000" />
  <attribute name="IntegralT" value="1548.000000" />
  <attribute name="IntegralI" value="1548.000000" />
  <attribute name="IntegralH" value="1548.000000" />
  <attribute name="DerivativeT" value="19.111111" />
  <attribute name="DerivativeI" value="19.111111" />
  <attribute name="DerivativeH" value="19.111111" />
  <attribute name="Loop Time for DT" value="9.000000" />
  <attribute name="Output H" value="8388608"/>
  <attribute name="Output I" value="1832"/>
  <attribute name="Output T" value="4"/>
  <attribute name="Target GC Util Change" value ="20.000000" />
  <attribute name="Current GC Util Change" value="192.000000"/>
  <attribute name="GC Util currently" value="192" />
  <attribute name="CPU Util currently" value="507218680033" />
<allocation-satisfied id="77" threadId="00000000028D2500" bytesRequested="8200" />
<af-end id="78" timestamp="2019-06-16T06:00:50.656" threadId="00000000028D2E88" success="true" />
<exclusive-end id="79" timestamp="2019-06-16T06:00:50.656" durationms="241.764" />

<exclusive-start id="80" timestamp="2019-06-16T06:01:04.737" intervalms="14322.741">
  <response-info timems="0.037" idlems="0.037" threads="0" lastid="00000000028CE900" lastname="Thread-3" />
</exclusive-start>
<af-start id="81" threadId="00000000028CF288" totalBytesRequested="48" timestamp="2019-06-16T06:01:04.737" intervalms="14322.741" />
<cycle-start id="82" type="global" contextid="0" timestamp="2019-06-16T06:01:04.737" intervalms="14322.750" />
<gc-start id="83" type="global" contextid="82" timestamp="2019-06-16T06:01:04.737">
  <mem-info id="84" free="104631296" total="2092630016" percent="4">
    <mem type="tenure" free="104631296" total="2092630016" percent="4">
      <mem type="soa" free="0" total="1987998720" percent="0" />
      <mem type="loa" free="104631296" total="104631296" percent="100" />
    </mem>
  </mem-info>
</gc-start>
<allocation-stats totalBytes="1983788512" >
  <allocated-bytes non-tlh="0" tlh="1983788512" />
  <largest-consumer threadName="Thread-3" threadId="00000000028CE900" bytes="590233008" />
</allocation-stats>
<gc-op id="85" type="mark" timems="3.231" contextid="82" timestamp="2019-06-16T06:01:04.740">
  <trace-info objectcount="42503" scancount="34693" scanbytes="1696324" />
  <finalization candidates="25" enqueued="0" />
  <references type="soft" candidates="165" cleared="0" enqueued="0" dynamicThreshold="31" maxThreshold="32" />
  <references type="weak" candidates="270" cleared="0" enqueued="0" />
  <references type="phantom" candidates="96" cleared="0" enqueued="0" />
  <stringconstants candidates="3963" cleared="0"  />
</gc-op>
<gc-op id="86" type="sweep" timems="223.562" contextid="82" timestamp="2019-06-16T06:01:04.964" />
<mem-info id="87" free="2089108720" total="2092630016" percent="99">
  <mem type="tenure" free="2089108720" total="2092630016" percent="99" micro-fragmented="31577">
    <mem type="soa" free="1984477424" total="1987998720" percent="99" />
    <mem type="loa" free="104631296" total="104631296" percent="100" />
  </mem>
</mem-info>
<gc-op id="88" type="compact" timems="7.980" contextid="82" timestamp="2019-06-16T06:01:04.972">
  <compact-info movecount="6081" movebytes="1136224" reason="compact to aid heap contraction" />
</gc-op>
<gc-end id="89" type="global" contextid="82" durationms="235.754" usertimems="160.000" systemtimems="92.000" timestamp="2019-06-16T06:01:04.973" activeThreads="4">
  <mem-info id="90" free="2089074112" total="2092630016" percent="99">
    <mem type="tenure" free="2089074112" total="2092630016" percent="99">
      <mem type="soa" free="1984442816" total="1987998720" percent="99" />
      <mem type="loa" free="104631296" total="104631296" percent="100" />
    </mem>
  </mem-info>
</gc-end>
<cycle-end id="91" type="global" contextid="82" timestamp="2019-06-16T06:01:04.974" />
  <attribute name="elasticGC enabled" value="1" />
  <attribute name= "numThreadsSpecified" value="4" />
  <attribute name="heapSize specified" value="2092630016" />
  <attribute name="Current GC Util" value="208" />
  <attribute name= "Current Time Running" value="60449" />
  <attribute name ="GC Interval" value="0" />
  <attribute name="ProportionalT" value="282.000000" />
  <attribute name="ProportionalI" value="282.000000" />
  <attribute name="ProportionalH" value="282.000000" />
  <attribute name="Current Error" value="188.000000" />
  <attribute name="IntegralT" value="1504.000000" />
  <attribute name="IntegralI" value="1504.000000" />
  <attribute name="IntegralH" value="1504.000000" />
  <attribute name="DerivativeT" value="23.500000" />
  <attribute name="DerivativeI" value="23.500000" />
  <attribute name="DerivativeH" value="23.500000" />
  <attribute name="Loop Time for DT" value="8.000000" />
  <attribute name="Output H" value="8388608"/>
  <attribute name="Output I" value="1816"/>
  <attribute name="Output T" value="4"/>
  <attribute name="Target GC Util Change" value ="20.000000" />
  <attribute name="Current GC Util Change" value="208.000000"/>
  <attribute name="GC Util currently" value="208" />
  <attribute name="CPU Util currently" value="566526982358" />
<allocation-satisfied id="92" threadId="00000000028CE900" bytesRequested="48" />
<af-end id="93" timestamp="2019-06-16T06:01:04.974" threadId="00000000028CF288" success="true" />
<exclusive-end id="94" timestamp="2019-06-16T06:01:04.974" durationms="237.256" />

</verbosegc>

