<?xml version="1.0" ?>

<verbosegc xmlns="http://www.ibm.com/j9/verbosegc" version="10b4217_CMPRSS">

<initialized id="1" timestamp="2019-06-16T05:50:32.580">
  <attribute name="gcPolicy" value="-Xgcpolicy:optavgpause" />
  <attribute name="elasticGC enabled" value="1" />
  <attribute name= "numThreadsSpecified" value="0" />
  <attribute name="heapSize specified" value="0" />
  <attribute name="Current GC Util" value="0" />
  <attribute name= "Current Time Running" value="0" />
  <attribute name ="GC Interval" value="0" />
  <attribute name="ProportionalT" value="0.000000" />
  <attribute name="ProportionalI" value="0.000000" />
  <attribute name="ProportionalH" value="0.000000" />
  <attribute name="IntegralT" value="0.000000" />
  <attribute name="IntegralI" value="0.000000" />
  <attribute name="IntegralH" value="0.000000" />
  <attribute name="DerivativeT" value="0.000000" />
  <attribute name="DerivativeI" value="0.000000" />
  <attribute name="DerivativeH" value="0.000000" />
  <attribute name="Target GC Util Change" value ="0.000000" />
  <attribute name="Current GC Util Change" value="0.000000"/>
  <attribute name="Current Error" value="0.000000" />
  <attribute name="Loop Time for DT" value="0.000000" />
  <attribute name="Output H" value="0"/>
  <attribute name="Output I" value="0"/>
  <attribute name="Output T" value="0"/>
  <attribute name="GC Util currently" value="0" />
  <attribute name="CPU Util currently" value="0" />
  <attribute name="maxHeapSize" value="0x7cbc0000" />
  <attribute name="initialHeapSize" value="0x800000" />
  <attribute name="compressedRefs" value="true" />
  <attribute name="compressedRefsDisplacement" value="0x0" />
  <attribute name="compressedRefsShift" value="0x0" />
  <attribute name="pageSize" value="0x1000" />
  <attribute name="pageType" value="not used" />
  <attribute name="requestedPageSize" value="0x1000" />
  <attribute name="requestedPageType" value="not used" />
  <attribute name="gcthreads" value="4" />
  <attribute name="packetListSplit" value="4" />
  <attribute name="cacheListSplit" value="4" />
  <attribute name="splitFreeListSplitAmount" value="1" />
  <attribute name="numaNodes" value="0" />
  <system>
    <attribute name="physicalMemory" value="8370958336" />
    <attribute name="numCPUs" value="4" />
    <attribute name="architecture" value="amd64" />
    <attribute name="os" value="Linux" />
    <attribute name="osVersion" value="4.4.0-150-generic" />
  </system>
  <vmargs>
    <vmarg name="-Xoptionsfile=/vagrant/jdk/lib/options.default" />
    <vmarg name="-Xlockword:mode=default,noLockword=java/lang/String,noLockword=java/util/MapEntry,noLockword=java/util/HashMap$Entry,noLockword..." />
    <vmarg name="-Xjcl:jclse29" />
    <vmarg name="-Dcom.ibm.oti.vm.bootstrap.library.path=/vagrant/jdk/lib/compressedrefs:/vagrant/jdk/lib" />
    <vmarg name="-Dsun.boot.library.path=/vagrant/jdk/lib/compressedrefs:/vagrant/jdk/lib" />
    <vmarg name="-Djava.library.path=/vagrant/jdk/lib/compressedrefs:/vagrant/jdk/lib:/usr/lib64:/usr/lib" />
    <vmarg name="-Djava.home=/vagrant/jdk" />
    <vmarg name="-Duser.dir=/vagrant" />
    <vmarg name="-Xgcpolicy:optavgpause" />
    <vmarg name="-Xgcelastic" />
    <vmarg name="-Xcheck:gc:::elasticGC" />
    <vmarg name="-verbose:gc" />
    <vmarg name="-Xloggc:jdk1.5-1-1-large-OAP-4CORE-elasticverbose1xalan.txt" />
    <vmarg name="-Djava.class.path=dacapo-9.12-MR1-bach.jar" />
    <vmarg name="-Dsun.java.command=dacapo-9.12-MR1-bach.jar xalan --size=large" />
    <vmarg name="-Dsun.java.launcher=SUN_STANDARD" />
    <vmarg name="-Dsun.java.launcher.pid=30661" />
  </vmargs>
</initialized>

<exclusive-start id="2" timestamp="2019-06-16T05:50:33.867" intervalms="1286.753">
  <response-info timems="0.025" idlems="0.025" threads="0" lastid="00000000024E8700" lastname="main" />
</exclusive-start>
<af-start id="3" threadId="00000000024E9088" totalBytesRequested="88" timestamp="2019-06-16T05:50:33.867" intervalms="1286.989" />
<cycle-start id="4" type="global" contextid="0" timestamp="2019-06-16T05:50:33.867" intervalms="1287.301" />
<gc-start id="5" type="global" contextid="4" timestamp="2019-06-16T05:50:33.868">
  <mem-info id="6" free="418816" total="8388608" percent="4">
    <mem type="tenure" free="418816" total="8388608" percent="4">
      <mem type="soa" free="0" total="7969792" percent="0" />
      <mem type="loa" free="418816" total="418816" percent="100" />
    </mem>
  </mem-info>
</gc-start>
<allocation-stats totalBytes="7881528" >
  <allocated-bytes non-tlh="758128" tlh="7123400" />
  <largest-consumer threadName="main" threadId="00000000024E8700" bytes="7795080" />
</allocation-stats>
<gc-op id="7" type="mark" timems="1.859" contextid="4" timestamp="2019-06-16T05:50:33.870">
  <trace-info objectcount="21493" scancount="17514" scanbytes="561380" />
  <finalization candidates="15" enqueued="1" />
  <references type="soft" candidates="75" cleared="0" enqueued="0" dynamicThreshold="32" maxThreshold="32" />
  <references type="weak" candidates="579" cleared="432" enqueued="393" />
  <references type="phantom" candidates="128" cleared="44" enqueued="44" />
  <stringconstants candidates="2930" cleared="0"  />
</gc-op>
<gc-op id="8" type="sweep" timems="0.696" contextid="4" timestamp="2019-06-16T05:50:33.870" />
<mem-info id="9" free="6513800" total="8388608" percent="77">
  <mem type="tenure" free="6513800" total="8388608" percent="77" micro-fragmented="270856">
    <mem type="soa" free="6094984" total="7969792" percent="76" />
    <mem type="loa" free="418816" total="418816" percent="100" />
  </mem>
  <pending-finalizers system="1" default="0" reference="437" classloader="0" />
</mem-info>
<gc-op id="10" type="compact" timems="4.853" contextid="4" timestamp="2019-06-16T05:50:33.876">
  <compact-info movecount="21492" movebytes="1538376" reason="compact to aid heap contraction" />
</gc-op>
<heap-resize id="11" type="expand" space="tenure" amount="2084241408" count="1" timems="0.242" reason="satisfy allocation request" timestamp="2019-06-16T05:50:33.876" />
<gc-end id="12" type="global" contextid="4" durationms="8.643" usertimems="12.000" systemtimems="0.000" timestamp="2019-06-16T05:50:33.876" activeThreads="4">
  <mem-info id="13" free="2091091464" total="2092630016" percent="99">
    <mem type="tenure" free="2091091464" total="2092630016" percent="99">
      <mem type="soa" free="1986460168" total="1987998720" percent="99" />
      <mem type="loa" free="104631296" total="104631296" percent="100" />
    </mem>
    <pending-finalizers system="1" default="0" reference="437" classloader="0" />
  </mem-info>
</gc-end>
<cycle-end id="14" type="global" contextid="4" timestamp="2019-06-16T05:50:33.876" />
  <attribute name="elasticGC enabled" value="1" />
  <attribute name= "numThreadsSpecified" value="4" />
  <attribute name="heapSize specified" value="8388608" />
  <attribute name="Current GC Util" value="37" />
  <attribute name= "Current Time Running" value="1169" />
  <attribute name ="GC Interval" value="0" />
  <attribute name="ProportionalT" value="25.500000" />
  <attribute name="ProportionalI" value="25.500000" />
  <attribute name="ProportionalH" value="25.500000" />
  <attribute name="Current Error" value="17.000000" />
  <attribute name="IntegralT" value="-23022.000000" />
  <attribute name="IntegralI" value="-23022.000000" />
  <attribute name="IntegralH" value="-23022.000000" />
  <attribute name="DerivativeT" value="3.400000" />
  <attribute name="DerivativeI" value="3.400000" />
  <attribute name="DerivativeH" value="3.400000" />
  <attribute name="Loop Time for DT" value="5.000000" />
  <attribute name="Output H" value="2092630016"/>
  <attribute name="Output I" value="200"/>
  <attribute name="Output T" value="4"/>
  <attribute name="Target GC Util Change" value ="20.000000" />
  <attribute name="Current GC Util Change" value="37.000000"/>
  <attribute name="GC Util currently" value="37" />
  <attribute name="CPU Util currently" value="932450562466" />
<allocation-satisfied id="15" threadId="00000000024E8700" bytesRequested="88" />
<af-end id="16" timestamp="2019-06-16T05:50:33.877" threadId="00000000024E9088" success="true" />
<exclusive-end id="17" timestamp="2019-06-16T05:50:33.877" durationms="9.822" />

<exclusive-start id="18" timestamp="2019-06-16T05:50:34.113" intervalms="246.309">
  <response-info timems="0.040" idlems="0.040" threads="0" lastid="00000000024E8700" lastname="main" />
</exclusive-start>
<sys-start reason="explicit" id="19" timestamp="2019-06-16T05:50:34.114" intervalms="1533.457" />
<cycle-start id="20" type="global" contextid="0" timestamp="2019-06-16T05:50:34.122" intervalms="254.878" />
<gc-start id="21" type="global" contextid="20" timestamp="2019-06-16T05:50:34.123">
  <mem-info id="22" free="2084957680" total="2092630016" percent="99">
    <mem type="tenure" free="2084957680" total="2092630016" percent="99">
      <mem type="soa" free="1980326384" total="1987998720" percent="99" />
      <mem type="loa" free="104631296" total="104631296" percent="100" />
    </mem>
  </mem-info>
</gc-start>
<allocation-stats totalBytes="6099912" >
  <allocated-bytes non-tlh="137328" tlh="5962584" />
  <largest-consumer threadName="main" threadId="00000000024E8700" bytes="6071504" />
</allocation-stats>
<gc-op id="23" type="mark" timems="9.260" contextid="20" timestamp="2019-06-16T05:50:34.143">
  <trace-info objectcount="29546" scancount="23910" scanbytes="872124" />
  <finalization candidates="15" enqueued="0" />
  <references type="soft" candidates="134" cleared="0" enqueued="0" dynamicThreshold="31" maxThreshold="32" />
  <references type="weak" candidates="183" cleared="33" enqueued="33" />
  <references type="phantom" candidates="86" cleared="2" enqueued="2" />
  <stringconstants candidates="3535" cleared="22"  />
</gc-op>
<gc-op id="24" type="classunload" timems="0.123" contextid="20" timestamp="2019-06-16T05:50:34.143">
  <classunload-info classloadercandidates="19" classloadersunloaded="0" classesunloaded="0" anonymousclassesunloaded="0" quiescems="0.000" setupms="0.122" scanms="0.000" postms="0.001" />
</gc-op>
<gc-op id="25" type="sweep" timems="2.248" contextid="20" timestamp="2019-06-16T05:50:34.146" />
<mem-info id="26" free="2090301640" total="2092630016" percent="99">
  <mem type="tenure" free="2090301640" total="2092630016" percent="99" micro-fragmented="236658">
    <mem type="soa" free="1985670344" total="1987998720" percent="99" />
    <mem type="loa" free="104631296" total="104631296" percent="100" />
  </mem>
  <pending-finalizers system="0" default="0" reference="35" classloader="0" />
</mem-info>
<gc-op id="27" type="compact" timems="13.136" contextid="20" timestamp="2019-06-16T05:50:34.159">
  <compact-info movecount="28799" movebytes="1935760" reason="compact to aid heap contraction" />
</gc-op>
<gc-end id="28" type="global" contextid="20" durationms="37.013" usertimems="32.000" systemtimems="8.000" timestamp="2019-06-16T05:50:34.160" activeThreads="4">
  <mem-info id="29" free="2090673360" total="2092630016" percent="99">
    <mem type="tenure" free="2090673360" total="2092630016" percent="99">
      <mem type="soa" free="1986042064" total="1987998720" percent="99" />
      <mem type="loa" free="104631296" total="104631296" percent="100" />
    </mem>
    <pending-finalizers system="0" default="0" reference="35" classloader="0" />
  </mem-info>
</gc-end>
<cycle-end id="30" type="global" contextid="20" timestamp="2019-06-16T05:50:34.160" />
  <attribute name="elasticGC enabled" value="1" />
  <attribute name= "numThreadsSpecified" value="4" />
  <attribute name="heapSize specified" value="2092630016" />
  <attribute name="Current GC Util" value="128" />
  <attribute name= "Current Time Running" value="1452" />
  <attribute name ="GC Interval" value="0" />
  <attribute name="ProportionalT" value="162.000000" />
  <attribute name="ProportionalI" value="162.000000" />
  <attribute name="ProportionalH" value="162.000000" />
  <attribute name="Current Error" value="108.000000" />
  <attribute name="IntegralT" value="1404.000000" />
  <attribute name="IntegralI" value="1404.000000" />
  <attribute name="IntegralH" value="1404.000000" />
  <attribute name="DerivativeT" value="7.615385" />
  <attribute name="DerivativeI" value="7.615385" />
  <attribute name="DerivativeH" value="7.615385" />
  <attribute name="Loop Time for DT" value="13.000000" />
  <attribute name="Output H" value="8388608"/>
  <attribute name="Output I" value="1576"/>
  <attribute name="Output T" value="4"/>
  <attribute name="Target GC Util Change" value ="20.000000" />
  <attribute name="Current GC Util Change" value="128.000000"/>
  <attribute name="GC Util currently" value="128" />
  <attribute name="CPU Util currently" value="347248883083" />
<sys-end id="31" timestamp="2019-06-16T05:50:34.160" />
<exclusive-end id="32" timestamp="2019-06-16T05:50:34.160" durationms="46.792" />

<exclusive-start id="33" timestamp="2019-06-16T05:50:49.699" intervalms="15585.444">
  <response-info timems="0.046" idlems="0.046" threads="0" lastid="0000000002819900" lastname="Thread-3" />
</exclusive-start>
<af-start id="34" threadId="000000000281A288" totalBytesRequested="272" timestamp="2019-06-16T05:50:49.699" intervalms="15831.609" />
<cycle-start id="35" type="global" contextid="0" timestamp="2019-06-16T05:50:49.699" intervalms="15576.484" />
<gc-start id="36" type="global" contextid="35" timestamp="2019-06-16T05:50:49.699">
  <mem-info id="37" free="104631296" total="2092630016" percent="4">
    <mem type="tenure" free="104631296" total="2092630016" percent="4">
      <mem type="soa" free="0" total="1987998720" percent="0" />
      <mem type="loa" free="104631296" total="104631296" percent="100" />
    </mem>
  </mem-info>
</gc-start>
<allocation-stats totalBytes="1985313872" >
  <allocated-bytes non-tlh="319736" tlh="1984994136" />
  <largest-consumer threadName="Thread-5" threadId="0000000002821100" bytes="532321776" />
</allocation-stats>
<gc-op id="38" type="mark" timems="5.525" contextid="35" timestamp="2019-06-16T05:50:49.704">
  <trace-info objectcount="52849" scancount="45080" scanbytes="1867380" />
  <finalization candidates="28" enqueued="3" />
  <references type="soft" candidates="165" cleared="0" enqueued="0" dynamicThreshold="31" maxThreshold="32" />
  <references type="weak" candidates="301" cleared="29" enqueued="28" />
  <references type="phantom" candidates="99" cleared="2" enqueued="2" />
  <stringconstants candidates="3963" cleared="0"  />
</gc-op>
<gc-op id="39" type="classunload" timems="0.253" contextid="35" timestamp="2019-06-16T05:50:49.705">
  <classunload-info classloadercandidates="20" classloadersunloaded="0" classesunloaded="3" anonymousclassesunloaded="3" quiescems="0.000" setupms="0.249" scanms="0.004" postms="0.000" />
</gc-op>
<gc-op id="40" type="sweep" timems="195.790" contextid="35" timestamp="2019-06-16T05:50:49.901" />
<mem-info id="41" free="2088797392" total="2092630016" percent="99">
  <mem type="tenure" free="2088797392" total="2092630016" percent="99" micro-fragmented="123385">
    <mem type="soa" free="1984166096" total="1987998720" percent="99" />
    <mem type="loa" free="104631296" total="104631296" percent="100" />
  </mem>
  <pending-finalizers system="3" default="0" reference="30" classloader="0" />
</mem-info>
<gc-op id="42" type="compact" timems="17.060" contextid="35" timestamp="2019-06-16T05:50:49.918">
  <compact-info movecount="52164" movebytes="3548464" reason="compact to aid heap contraction" />
</gc-op>
<gc-end id="43" type="global" contextid="35" durationms="219.822" usertimems="172.000" systemtimems="72.000" timestamp="2019-06-16T05:50:49.919" activeThreads="4">
  <mem-info id="44" free="2088997288" total="2092630016" percent="99">
    <mem type="tenure" free="2088997288" total="2092630016" percent="99">
      <mem type="soa" free="1984365992" total="1987998720" percent="99" />
      <mem type="loa" free="104631296" total="104631296" percent="100" />
    </mem>
    <pending-finalizers system="3" default="0" reference="30" classloader="0" />
  </mem-info>
</gc-end>
<cycle-end id="45" type="global" contextid="35" timestamp="2019-06-16T05:50:49.920" />
  <attribute name="elasticGC enabled" value="1" />
  <attribute name= "numThreadsSpecified" value="4" />
  <attribute name="heapSize specified" value="2092630016" />
  <attribute name="Current GC Util" value="132" />
  <attribute name= "Current Time Running" value="17211" />
  <attribute name ="GC Interval" value="0" />
  <attribute name="ProportionalT" value="168.000000" />
  <attribute name="ProportionalI" value="168.000000" />
  <attribute name="ProportionalH" value="168.000000" />
  <attribute name="Current Error" value="112.000000" />
  <attribute name="IntegralT" value="1904.000000" />
  <attribute name="IntegralI" value="1904.000000" />
  <attribute name="IntegralH" value="1904.000000" />
  <attribute name="DerivativeT" value="6.588235" />
  <attribute name="DerivativeI" value="6.588235" />
  <attribute name="DerivativeH" value="6.588235" />
  <attribute name="Loop Time for DT" value="17.000000" />
  <attribute name="Output H" value="8388608"/>
  <attribute name="Output I" value="2080"/>
  <attribute name="Output T" value="4"/>
  <attribute name="Target GC Util Change" value ="20.000000" />
  <attribute name="Current GC Util Change" value="132.000000"/>
  <attribute name="GC Util currently" value="132" />
  <attribute name="CPU Util currently" value="268538592145" />
<allocation-satisfied id="46" threadId="0000000002819900" bytesRequested="272" />
<af-end id="47" timestamp="2019-06-16T05:50:49.920" threadId="000000000281A288" success="true" />
<exclusive-end id="48" timestamp="2019-06-16T05:50:49.920" durationms="221.497" />

<exclusive-start id="49" timestamp="2019-06-16T05:51:04.635" intervalms="14936.104">
  <response-info timems="0.043" idlems="0.043" threads="0" lastid="0000000002819900" lastname="Thread-3" />
</exclusive-start>
<af-start id="50" threadId="000000000281A288" totalBytesRequested="16392" timestamp="2019-06-16T05:51:04.635" intervalms="14936.097" />
<cycle-start id="51" type="global" contextid="0" timestamp="2019-06-16T05:51:04.635" intervalms="14936.092" />
<gc-start id="52" type="global" contextid="51" timestamp="2019-06-16T05:51:04.635">
  <mem-info id="53" free="104631296" total="2092630016" percent="4">
    <mem type="tenure" free="104631296" total="2092630016" percent="4">
      <mem type="soa" free="0" total="1987998720" percent="0" />
      <mem type="loa" free="104631296" total="104631296" percent="100" />
    </mem>
  </mem-info>
</gc-start>
<allocation-stats totalBytes="1983621056" >
  <allocated-bytes non-tlh="0" tlh="1983621056" />
  <largest-consumer threadName="Thread-4" threadId="000000000281D500" bytes="526538960" />
</allocation-stats>
<gc-op id="54" type="mark" timems="3.547" contextid="51" timestamp="2019-06-16T05:51:04.639">
  <trace-info objectcount="49150" scancount="41393" scanbytes="1799248" />
  <finalization candidates="25" enqueued="0" />
  <references type="soft" candidates="165" cleared="0" enqueued="0" dynamicThreshold="31" maxThreshold="32" />
  <references type="weak" candidates="271" cleared="0" enqueued="0" />
  <references type="phantom" candidates="96" cleared="0" enqueued="0" />
  <stringconstants candidates="3963" cleared="0"  />
</gc-op>
<gc-op id="55" type="sweep" timems="231.538" contextid="51" timestamp="2019-06-16T05:51:04.870" />
<mem-info id="56" free="2089082304" total="2092630016" percent="99">
  <mem type="tenure" free="2089082304" total="2092630016" percent="99" micro-fragmented="12304">
    <mem type="soa" free="1984451008" total="1987998720" percent="99" />
    <mem type="loa" free="104631296" total="104631296" percent="100" />
  </mem>
</mem-info>
<gc-op id="57" type="compact" timems="12.210" contextid="51" timestamp="2019-06-16T05:51:04.883">
  <compact-info movecount="24680" movebytes="2437720" reason="compact to aid heap contraction" />
</gc-op>
<gc-end id="58" type="global" contextid="51" durationms="248.315" usertimems="424.000" systemtimems="32.000" timestamp="2019-06-16T05:51:04.883" activeThreads="4">
  <mem-info id="59" free="2089039768" total="2092630016" percent="99">
    <mem type="tenure" free="2089039768" total="2092630016" percent="99">
      <mem type="soa" free="1984408472" total="1987998720" percent="99" />
      <mem type="loa" free="104631296" total="104631296" percent="100" />
    </mem>
  </mem-info>
</gc-end>
<cycle-end id="60" type="global" contextid="51" timestamp="2019-06-16T05:51:04.885" />
  <attribute name="elasticGC enabled" value="1" />
  <attribute name= "numThreadsSpecified" value="4" />
  <attribute name="heapSize specified" value="2092630016" />
  <attribute name="Current GC Util" value="180" />
  <attribute name= "Current Time Running" value="32176" />
  <attribute name ="GC Interval" value="0" />
  <attribute name="ProportionalT" value="240.000000" />
  <attribute name="ProportionalI" value="240.000000" />
  <attribute name="ProportionalH" value="240.000000" />
  <attribute name="Current Error" value="160.000000" />
  <attribute name="IntegralT" value="1920.000000" />
  <attribute name="IntegralI" value="1920.000000" />
  <attribute name="IntegralH" value="1920.000000" />
  <attribute name="DerivativeT" value="13.333333" />
  <attribute name="DerivativeI" value="13.333333" />
  <attribute name="DerivativeH" value="13.333333" />
  <attribute name="Loop Time for DT" value="12.000000" />
  <attribute name="Output H" value="8388608"/>
  <attribute name="Output I" value="2176"/>
  <attribute name="Output T" value="4"/>
  <attribute name="Target GC Util Change" value ="20.000000" />
  <attribute name="Current GC Util Change" value="180.000000"/>
  <attribute name="GC Util currently" value="180" />
  <attribute name="CPU Util currently" value="372600554916" />
<allocation-satisfied id="61" threadId="0000000002819900" bytesRequested="16392" />
<af-end id="62" timestamp="2019-06-16T05:51:04.885" threadId="000000000281A288" success="true" />
<exclusive-end id="63" timestamp="2019-06-16T05:51:04.886" durationms="250.797" />

<exclusive-start id="64" timestamp="2019-06-16T05:51:20.146" intervalms="15510.873">
  <response-info timems="0.040" idlems="0.040" threads="0" lastid="0000000002819900" lastname="Thread-3" />
</exclusive-start>
<af-start id="65" threadId="000000000281A288" totalBytesRequested="32776" timestamp="2019-06-16T05:51:20.146" intervalms="15510.880" />
<cycle-start id="66" type="global" contextid="0" timestamp="2019-06-16T05:51:20.146" intervalms="15510.880" />
<gc-start id="67" type="global" contextid="66" timestamp="2019-06-16T05:51:20.146">
  <mem-info id="68" free="104631296" total="2092630016" percent="4">
    <mem type="tenure" free="104631296" total="2092630016" percent="4">
      <mem type="soa" free="0" total="1987998720" percent="0" />
      <mem type="loa" free="104631296" total="104631296" percent="100" />
    </mem>
  </mem-info>
</gc-start>
<allocation-stats totalBytes="1983608072" >
  <allocated-bytes non-tlh="0" tlh="1983608072" />
  <largest-consumer threadName="Thread-5" threadId="0000000002821100" bytes="609813584" />
</allocation-stats>
<gc-op id="69" type="mark" timems="3.562" contextid="66" timestamp="2019-06-16T05:51:20.150">
  <trace-info objectcount="46033" scancount="38264" scanbytes="1782004" />
  <finalization candidates="25" enqueued="0" />
  <references type="soft" candidates="165" cleared="0" enqueued="0" dynamicThreshold="31" maxThreshold="32" />
  <references type="weak" candidates="271" cleared="0" enqueued="0" />
  <references type="phantom" candidates="96" cleared="0" enqueued="0" />
  <stringconstants candidates="3963" cleared="0"  />
</gc-op>
<gc-op id="70" type="sweep" timems="228.627" contextid="66" timestamp="2019-06-16T05:51:20.378" />
<mem-info id="71" free="2089008760" total="2092630016" percent="99">
  <mem type="tenure" free="2089008760" total="2092630016" percent="99" micro-fragmented="12575">
    <mem type="soa" free="1984377464" total="1987998720" percent="99" />
    <mem type="loa" free="104631296" total="104631296" percent="100" />
  </mem>
</mem-info>
<gc-op id="72" type="compact" timems="7.671" contextid="66" timestamp="2019-06-16T05:51:20.386">
  <compact-info movecount="13498" movebytes="1408872" reason="compact to aid heap contraction" />
</gc-op>
<gc-end id="73" type="global" contextid="66" durationms="240.718" usertimems="176.000" systemtimems="84.000" timestamp="2019-06-16T05:51:20.387" activeThreads="4">
  <mem-info id="74" free="2088970672" total="2092630016" percent="99">
    <mem type="tenure" free="2088970672" total="2092630016" percent="99">
      <mem type="soa" free="1984339376" total="1987998720" percent="99" />
      <mem type="loa" free="104631296" total="104631296" percent="100" />
    </mem>
  </mem-info>
</gc-end>
<cycle-end id="75" type="global" contextid="66" timestamp="2019-06-16T05:51:20.387" />
  <attribute name="elasticGC enabled" value="1" />
  <attribute name= "numThreadsSpecified" value="4" />
  <attribute name="heapSize specified" value="2092630016" />
  <attribute name="Current GC Util" value="215" />
  <attribute name= "Current Time Running" value="47679" />
  <attribute name ="GC Interval" value="0" />
  <attribute name="ProportionalT" value="292.500000" />
  <attribute name="ProportionalI" value="292.500000" />
  <attribute name="ProportionalH" value="292.500000" />
  <attribute name="Current Error" value="195.000000" />
  <attribute name="IntegralT" value="1365.000000" />
  <attribute name="IntegralI" value="1365.000000" />
  <attribute name="IntegralH" value="1365.000000" />
  <attribute name="DerivativeT" value="27.857143" />
  <attribute name="DerivativeI" value="27.857143" />
  <attribute name="DerivativeH" value="27.857143" />
  <attribute name="Loop Time for DT" value="7.000000" />
  <attribute name="Output H" value="8388608"/>
  <attribute name="Output I" value="1688"/>
  <attribute name="Output T" value="4"/>
  <attribute name="Target GC Util Change" value ="20.000000" />
  <attribute name="Current GC Util Change" value="215.000000"/>
  <attribute name="GC Util currently" value="215" />
  <attribute name="CPU Util currently" value="589795737259" />
<allocation-satisfied id="76" threadId="0000000002819900" bytesRequested="32776" />
<af-end id="77" timestamp="2019-06-16T05:51:20.388" threadId="000000000281A288" success="true" />
<exclusive-end id="78" timestamp="2019-06-16T05:51:20.388" durationms="242.187" />

<exclusive-start id="79" timestamp="2019-06-16T05:51:33.847" intervalms="13701.737">
  <response-info timems="0.035" idlems="0.035" threads="0" lastid="0000000002821100" lastname="Thread-5" />
</exclusive-start>
<af-start id="80" threadId="0000000002821A88" totalBytesRequested="48" timestamp="2019-06-16T05:51:33.847" intervalms="13701.735" />
<cycle-start id="81" type="global" contextid="0" timestamp="2019-06-16T05:51:33.848" intervalms="13701.741" />
<gc-start id="82" type="global" contextid="81" timestamp="2019-06-16T05:51:33.848">
  <mem-info id="83" free="104631296" total="2092630016" percent="4">
    <mem type="tenure" free="104631296" total="2092630016" percent="4">
      <mem type="soa" free="0" total="1987998720" percent="0" />
      <mem type="loa" free="104631296" total="104631296" percent="100" />
    </mem>
  </mem-info>
</gc-start>
<allocation-stats totalBytes="1983633256" >
  <allocated-bytes non-tlh="0" tlh="1983633256" />
  <largest-consumer threadName="Thread-3" threadId="0000000002819900" bytes="549494344" />
</allocation-stats>
<gc-op id="84" type="mark" timems="2.536" contextid="81" timestamp="2019-06-16T05:51:33.850">
  <trace-info objectcount="42432" scancount="34635" scanbytes="1693984" />
  <finalization candidates="25" enqueued="0" />
  <references type="soft" candidates="165" cleared="0" enqueued="0" dynamicThreshold="31" maxThreshold="32" />
  <references type="weak" candidates="271" cleared="0" enqueued="0" />
  <references type="phantom" candidates="96" cleared="0" enqueued="0" />
  <stringconstants candidates="3963" cleared="0"  />
</gc-op>
<gc-op id="85" type="sweep" timems="227.916" contextid="81" timestamp="2019-06-16T05:51:34.078" />
<mem-info id="86" free="2089097408" total="2092630016" percent="99">
  <mem type="tenure" free="2089097408" total="2092630016" percent="99" micro-fragmented="41552">
    <mem type="soa" free="1984466112" total="1987998720" percent="99" />
    <mem type="loa" free="104631296" total="104631296" percent="100" />
  </mem>
</mem-info>
<gc-op id="87" type="compact" timems="7.757" contextid="81" timestamp="2019-06-16T05:51:34.086">
  <compact-info movecount="5830" movebytes="1158744" reason="compact to aid heap contraction" />
</gc-op>
<gc-end id="88" type="global" contextid="81" durationms="239.339" usertimems="196.000" systemtimems="60.000" timestamp="2019-06-16T05:51:34.087" activeThreads="4">
  <mem-info id="89" free="2089058656" total="2092630016" percent="99">
    <mem type="tenure" free="2089058656" total="2092630016" percent="99">
      <mem type="soa" free="1984427360" total="1987998720" percent="99" />
      <mem type="loa" free="104631296" total="104631296" percent="100" />
    </mem>
  </mem-info>
</gc-end>
<cycle-end id="90" type="global" contextid="81" timestamp="2019-06-16T05:51:34.088" />
  <attribute name="elasticGC enabled" value="1" />
  <attribute name= "numThreadsSpecified" value="4" />
  <attribute name="heapSize specified" value="2092630016" />
  <attribute name="Current GC Util" value="169" />
  <attribute name= "Current Time Running" value="61380" />
  <attribute name ="GC Interval" value="0" />
  <attribute name="ProportionalT" value="223.500000" />
  <attribute name="ProportionalI" value="223.500000" />
  <attribute name="ProportionalH" value="223.500000" />
  <attribute name="Current Error" value="149.000000" />
  <attribute name="IntegralT" value="1192.000000" />
  <attribute name="IntegralI" value="1192.000000" />
  <attribute name="IntegralH" value="1192.000000" />
  <attribute name="DerivativeT" value="18.625000" />
  <attribute name="DerivativeI" value="18.625000" />
  <attribute name="DerivativeH" value="18.625000" />
  <attribute name="Loop Time for DT" value="8.000000" />
  <attribute name="Output H" value="8388608"/>
  <attribute name="Output I" value="1440"/>
  <attribute name="Output T" value="4"/>
  <attribute name="Target GC Util Change" value ="20.000000" />
  <attribute name="Current GC Util Change" value="169.000000"/>
  <attribute name="GC Util currently" value="169" />
  <attribute name="CPU Util currently" value="577348784317" />
<allocation-satisfied id="91" threadId="0000000002821100" bytesRequested="48" />
<af-end id="92" timestamp="2019-06-16T05:51:34.088" threadId="0000000002821A88" success="true" />
<exclusive-end id="93" timestamp="2019-06-16T05:51:34.088" durationms="240.710" />

</verbosegc>

