<?xml version="1.0" ?>

<verbosegc xmlns="http://www.ibm.com/j9/verbosegc" version="10b4217_CMPRSS">

<initialized id="1" timestamp="2019-06-15T03:58:13.381">
  <attribute name="gcPolicy" value="-Xgcpolicy:gencon" />
  <attribute name="elasticGC enabled" value="1" />
  <attribute name= "numThreadsSpecified" value="0" />
  <attribute name="heapSize specified" value="0" />
  <attribute name="Current GC Util" value="0" />
  <attribute name= "Current Time Running" value="0" />
  <attribute name ="GC Interval" value="0" />
  <attribute name="ProportionalT" value="0.000000" />
  <attribute name="ProportionalI" value="0.000000" />
  <attribute name="ProportionalH" value="0.000000" />
  <attribute name="IntegralT" value="0.000000" />
  <attribute name="IntegralI" value="0.000000" />
  <attribute name="IntegralH" value="0.000000" />
  <attribute name="DerivativeT" value="0.000000" />
  <attribute name="DerivativeI" value="0.000000" />
  <attribute name="DerivativeH" value="0.000000" />
  <attribute name="Target GC Util Change" value ="0.000000" />
  <attribute name="Current GC Util Change" value="0.000000"/>
  <attribute name="Current Error" value="0.000000" />
  <attribute name="Loop Time for DT" value="0.000000" />
  <attribute name="Output H" value="0"/>
  <attribute name="Output I" value="0"/>
  <attribute name="Output T" value="0"/>
  <attribute name="GC Util currently" value="0" />
  <attribute name="CPU Util currently" value="0" />
  <attribute name="maxHeapSize" value="0x7cbc0000" />
  <attribute name="initialHeapSize" value="0x800000" />
  <attribute name="compressedRefs" value="true" />
  <attribute name="compressedRefsDisplacement" value="0x0" />
  <attribute name="compressedRefsShift" value="0x0" />
  <attribute name="pageSize" value="0x1000" />
  <attribute name="pageType" value="not used" />
  <attribute name="requestedPageSize" value="0x1000" />
  <attribute name="requestedPageType" value="not used" />
  <attribute name="gcthreads" value="4" />
  <attribute name="gcthreads Concurrent Mark" value="1" />
  <attribute name="packetListSplit" value="4" />
  <attribute name="cacheListSplit" value="4" />
  <attribute name="splitFreeListSplitAmount" value="1" />
  <attribute name="numaNodes" value="0" />
  <system>
    <attribute name="physicalMemory" value="8370962432" />
    <attribute name="numCPUs" value="4" />
    <attribute name="architecture" value="amd64" />
    <attribute name="os" value="Linux" />
    <attribute name="osVersion" value="4.4.0-148-generic" />
  </system>
  <vmargs>
    <vmarg name="-Xoptionsfile=/vagrant/jdk/lib/options.default" />
    <vmarg name="-Xlockword:mode=default,noLockword=java/lang/String,noLockword=java/util/MapEntry,noLockword=java/util/HashMap$Entry,noLockword..." />
    <vmarg name="-Xjcl:jclse29" />
    <vmarg name="-Dcom.ibm.oti.vm.bootstrap.library.path=/vagrant/jdk/lib/compressedrefs:/vagrant/jdk/lib" />
    <vmarg name="-Dsun.boot.library.path=/vagrant/jdk/lib/compressedrefs:/vagrant/jdk/lib" />
    <vmarg name="-Djava.library.path=/vagrant/jdk/lib/compressedrefs:/vagrant/jdk/lib:/usr/lib64:/usr/lib" />
    <vmarg name="-Djava.home=/vagrant/jdk" />
    <vmarg name="-Duser.dir=/vagrant" />
    <vmarg name="-verbose:gc" />
    <vmarg name="-Xgcelastic" />
    <vmarg name="-Xcheck:gc:::elasticGC" />
    <vmarg name="-Xloggc:default-jdk0.5-1-1.5-verbose10pmd.txt" />
    <vmarg name="-Djava.class.path=dacapo-9.12-MR1-bach.jar" />
    <vmarg name="-Dsun.java.command=dacapo-9.12-MR1-bach.jar pmd --size=default" />
    <vmarg name="-Dsun.java.launcher=SUN_STANDARD" />
    <vmarg name="-Dsun.java.launcher.pid=7218" />
  </vmargs>
</initialized>

<exclusive-start id="2" timestamp="2019-06-15T03:58:13.563" intervalms="181.476">
  <response-info timems="0.026" idlems="0.026" threads="0" lastid="0000000002209700" lastname="main" />
</exclusive-start>
<af-start id="3" threadId="000000000220A088" totalBytesRequested="3080" timestamp="2019-06-15T03:58:13.563" intervalms="181.722" type="nursery" />
<cycle-start id="4" type="scavenge" contextid="0" timestamp="2019-06-15T03:58:13.563" intervalms="182.086" />
<gc-start id="5" type="scavenge" contextid="4" timestamp="2019-06-15T03:58:13.569">
  <mem-info id="6" free="6062624" total="8388608" percent="72">
    <mem type="nursery" free="0" total="2097152" percent="0">
      <mem type="allocate" free="0" total="1048576" percent="0" />
      <mem type="survivor" free="0" total="1048576" percent="0" />
    </mem>
    <mem type="tenure" free="6062624" total="6291456" percent="96">
      <mem type="soa" free="5748256" total="5977088" percent="96" />
      <mem type="loa" free="314368" total="314368" percent="100" />
    </mem>
    <remembered-set count="3161" />
  </mem-info>
</gc-start>
<allocation-stats totalBytes="1273384" >
  <allocated-bytes non-tlh="344784" tlh="928600" />
  <largest-consumer threadName="main" threadId="0000000002209700" bytes="1197528" />
</allocation-stats>
<gc-op id="7" type="scavenge" timems="1.880" contextid="4" timestamp="2019-06-15T03:58:13.571">
  <scavenger-info tenureage="2" tenuremask="fffc" tiltratio="50" />
  <memory-copied type="nursery" objects="10578" bytes="477536" bytesdiscarded="123880" />
  <finalization candidates="11" enqueued="0" />
  <references type="soft" candidates="62" cleared="0" enqueued="0" dynamicThreshold="32" maxThreshold="32" />
  <references type="weak" candidates="309" cleared="177" enqueued="141" />
  <references type="phantom" candidates="25" cleared="6" enqueued="6" />
</gc-op>
<gc-end id="8" type="scavenge" contextid="4" durationms="5.695" usertimems="4.000" systemtimems="4.000" timestamp="2019-06-15T03:58:13.574" activeThreads="4">
  <mem-info id="9" free="6507688" total="8388608" percent="77">
    <mem type="nursery" free="445064" total="2097152" percent="21">
      <mem type="allocate" free="445064" total="1048576" percent="42" />
      <mem type="survivor" free="0" total="1048576" percent="0" />
    </mem>
    <mem type="tenure" free="6062624" total="6291456" percent="96">
      <mem type="soa" free="5748256" total="5977088" percent="96" />
      <mem type="loa" free="314368" total="314368" percent="100" />
    </mem>
    <pending-finalizers system="0" default="0" reference="147" classloader="0" />
    <remembered-set count="3161" />
  </mem-info>
</gc-end>
<cycle-end id="10" type="scavenge" contextid="4" timestamp="2019-06-15T03:58:13.574" />
  <attribute name="elasticGC enabled" value="1" />
  <attribute name= "numThreadsSpecified" value="0" />
  <attribute name="heapSize specified" value="0" />
  <attribute name="Current GC Util" value="0" />
  <attribute name= "Current Time Running" value="74" />
  <attribute name ="GC Interval" value="1" />
  <attribute name="ProportionalT" value="0.000000" />
  <attribute name="ProportionalI" value="0.000000" />
  <attribute name="ProportionalH" value="0.000000" />
  <attribute name="Current Error" value="0.000000" />
  <attribute name="IntegralT" value="0.000000" />
  <attribute name="IntegralI" value="0.000000" />
  <attribute name="IntegralH" value="0.000000" />
  <attribute name="DerivativeT" value="0.000000" />
  <attribute name="DerivativeI" value="0.000000" />
  <attribute name="DerivativeH" value="0.000000" />
  <attribute name="Loop Time for DT" value="0.000000" />
  <attribute name="Output H" value="0"/>
  <attribute name="Output I" value="0"/>
  <attribute name="Output T" value="0"/>
  <attribute name="Target GC Util Change" value ="20.000000" />
  <attribute name="Current GC Util Change" value="0.000000"/>
  <attribute name="GC Util currently" value="0" />
  <attribute name="CPU Util currently" value="26" />
<allocation-satisfied id="11" threadId="0000000002209700" bytesRequested="3080" />
<af-end id="12" timestamp="2019-06-15T03:58:13.575" threadId="000000000220A088" success="true" from="nursery"/>
<exclusive-end id="13" timestamp="2019-06-15T03:58:13.575" durationms="11.781" />

<exclusive-start id="14" timestamp="2019-06-15T03:58:13.595" intervalms="32.187">
  <response-info timems="0.025" idlems="0.025" threads="0" lastid="0000000002209700" lastname="main" />
</exclusive-start>
<af-start id="15" threadId="000000000220A088" totalBytesRequested="1032" timestamp="2019-06-15T03:58:13.595" intervalms="32.006" type="nursery" />
<cycle-start id="16" type="scavenge" contextid="0" timestamp="2019-06-15T03:58:13.595" intervalms="31.701" />
<gc-start id="17" type="scavenge" contextid="16" timestamp="2019-06-15T03:58:13.599">
  <mem-info id="18" free="6054888" total="8388608" percent="72">
    <mem type="nursery" free="0" total="2097152" percent="0">
      <mem type="allocate" free="0" total="1048576" percent="0" />
      <mem type="survivor" free="0" total="1048576" percent="0" />
    </mem>
    <mem type="tenure" free="6054888" total="6291456" percent="96">
      <mem type="soa" free="5740520" total="5977088" percent="96" />
      <mem type="loa" free="314368" total="314368" percent="100" />
    </mem>
    <remembered-set count="3262" />
  </mem-info>
</gc-start>
<allocation-stats totalBytes="449096" >
  <allocated-bytes non-tlh="10816" tlh="438280" />
  <largest-consumer threadName="main" threadId="0000000002209700" bytes="437120" />
</allocation-stats>
<gc-op id="19" type="scavenge" timems="0.782" contextid="16" timestamp="2019-06-15T03:58:13.600">
  <scavenger-info tenureage="5" tenuremask="7fe0" tiltratio="50" />
  <memory-copied type="nursery" objects="10895" bytes="500960" bytesdiscarded="119696" />
  <finalization candidates="11" enqueued="0" />
  <references type="soft" candidates="62" cleared="0" enqueued="0" dynamicThreshold="32" maxThreshold="32" />
  <references type="weak" candidates="242" cleared="96" enqueued="93" />
  <references type="phantom" candidates="38" cleared="12" enqueued="12" />
</gc-op>
<gc-end id="20" type="scavenge" contextid="16" durationms="1.053" usertimems="4.000" systemtimems="0.000" timestamp="2019-06-15T03:58:13.600" activeThreads="4">
  <mem-info id="21" free="6481344" total="8388608" percent="77">
    <mem type="nursery" free="426456" total="2097152" percent="20">
      <mem type="allocate" free="426456" total="1048576" percent="40" />
      <mem type="survivor" free="0" total="1048576" percent="0" />
    </mem>
    <mem type="tenure" free="6054888" total="6291456" percent="96">
      <mem type="soa" free="5740520" total="5977088" percent="96" />
      <mem type="loa" free="314368" total="314368" percent="100" />
    </mem>
    <pending-finalizers system="0" default="0" reference="105" classloader="0" />
    <remembered-set count="3262" />
  </mem-info>
</gc-end>
<cycle-end id="22" type="scavenge" contextid="16" timestamp="2019-06-15T03:58:13.600" />
  <attribute name="elasticGC enabled" value="1" />
  <attribute name= "numThreadsSpecified" value="4" />
  <attribute name="heapSize specified" value="0" />
  <attribute name="Current GC Util" value="36" />
  <attribute name= "Current Time Running" value="105" />
  <attribute name ="GC Interval" value="504" />
  <attribute name="ProportionalT" value="8.000000" />
  <attribute name="ProportionalI" value="8.000000" />
  <attribute name="ProportionalH" value="8.000000" />
  <attribute name="Current Error" value="16.000000" />
  <attribute name="IntegralT" value="496.000000" />
  <attribute name="IntegralI" value="496.000000" />
  <attribute name="IntegralH" value="496.000000" />
  <attribute name="DerivativeT" value="0.774194" />
  <attribute name="DerivativeI" value="0.774194" />
  <attribute name="DerivativeH" value="0.774194" />
  <attribute name="Loop Time for DT" value="31.000000" />
  <attribute name="Output H" value="8388608"/>
  <attribute name="Output I" value="504"/>
  <attribute name="Output T" value="4"/>
  <attribute name="Target GC Util Change" value ="20.000000" />
  <attribute name="Current GC Util Change" value="36.000000"/>
  <attribute name="GC Util currently" value="36" />
  <attribute name="CPU Util currently" value="15" />
<allocation-satisfied id="23" threadId="0000000002209700" bytesRequested="1032" />
<af-end id="24" timestamp="2019-06-15T03:58:13.600" threadId="000000000220A088" success="true" from="nursery"/>
<exclusive-end id="25" timestamp="2019-06-15T03:58:13.600" durationms="5.414" />

<exclusive-start id="26" timestamp="2019-06-15T03:58:13.610" intervalms="14.531">
  <response-info timems="0.048" idlems="0.048" threads="0" lastid="0000000002209700" lastname="main" />
</exclusive-start>
<af-start id="27" threadId="000000000220A088" totalBytesRequested="20232" timestamp="2019-06-15T03:58:13.610" intervalms="14.567" type="nursery" />
<cycle-start id="28" type="scavenge" contextid="0" timestamp="2019-06-15T03:58:13.610" intervalms="14.602" />
<gc-start id="29" type="scavenge" contextid="28" timestamp="2019-06-15T03:58:13.610">
  <mem-info id="30" free="6052200" total="8388608" percent="72">
    <mem type="nursery" free="0" total="2097152" percent="0">
      <mem type="allocate" free="0" total="1048576" percent="0" />
      <mem type="survivor" free="0" total="1048576" percent="0" />
    </mem>
    <mem type="tenure" free="6052200" total="6291456" percent="96">
      <mem type="soa" free="5737832" total="5977088" percent="95" />
      <mem type="loa" free="314368" total="314368" percent="100" />
    </mem>
    <remembered-set count="3295" />
  </mem-info>
</gc-start>
<allocation-stats totalBytes="419536" >
  <allocated-bytes non-tlh="3720" tlh="415816" />
  <largest-consumer threadName="main" threadId="0000000002209700" bytes="411344" />
</allocation-stats>
<gc-op id="31" type="scavenge" timems="0.974" contextid="28" timestamp="2019-06-15T03:58:13.611">
  <scavenger-info tenureage="4" tenuremask="7ff0" tiltratio="50" />
  <memory-copied type="nursery" objects="10928" bytes="540712" bytesdiscarded="96592" />
  <finalization candidates="11" enqueued="0" />
  <references type="soft" candidates="62" cleared="0" enqueued="0" dynamicThreshold="32" maxThreshold="32" />
  <references type="weak" candidates="223" cleared="76" enqueued="76" />
  <references type="phantom" candidates="37" cleared="10" enqueued="10" />
</gc-op>
<heap-resize id="32" type="expand" space="nursery" amount="131072" count="1" timems="0.150" reason="excessive time being spent scavenging" timestamp="2019-06-15T03:58:13.611" />
<gc-end id="33" type="scavenge" contextid="28" durationms="1.521" usertimems="0.000" systemtimems="0.000" timestamp="2019-06-15T03:58:13.611" activeThreads="4">
  <mem-info id="34" free="6527552" total="8519680" percent="76">
    <mem type="nursery" free="475352" total="2228224" percent="21">
      <mem type="allocate" free="475352" total="1114112" percent="42" />
      <mem type="survivor" free="0" total="1114112" percent="0" />
    </mem>
    <mem type="tenure" free="6052200" total="6291456" percent="96">
      <mem type="soa" free="5737832" total="5977088" percent="95" />
      <mem type="loa" free="314368" total="314368" percent="100" />
    </mem>
    <pending-finalizers system="0" default="0" reference="86" classloader="0" />
    <remembered-set count="1025" />
  </mem-info>
</gc-end>
<cycle-end id="35" type="scavenge" contextid="28" timestamp="2019-06-15T03:58:13.611" />
  <attribute name="elasticGC enabled" value="1" />
  <attribute name= "numThreadsSpecified" value="4" />
  <attribute name="heapSize specified" value="0" />
  <attribute name="Current GC Util" value="49" />
  <attribute name= "Current Time Running" value="115" />
  <attribute name ="GC Interval" value="808" />
  <attribute name="ProportionalT" value="14.500000" />
  <attribute name="ProportionalI" value="14.500000" />
  <attribute name="ProportionalH" value="14.500000" />
  <attribute name="Current Error" value="29.000000" />
  <attribute name="IntegralT" value="786.000000" />
  <attribute name="IntegralI" value="786.000000" />
  <attribute name="IntegralH" value="786.000000" />
  <attribute name="DerivativeT" value="1.950000" />
  <attribute name="DerivativeI" value="1.950000" />
  <attribute name="DerivativeH" value="1.950000" />
  <attribute name="Loop Time for DT" value="10.000000" />
  <attribute name="Output H" value="8388608"/>
  <attribute name="Output I" value="808"/>
  <attribute name="Output T" value="4"/>
  <attribute name="Target GC Util Change" value ="20.000000" />
  <attribute name="Current GC Util Change" value="49.000000"/>
  <attribute name="GC Util currently" value="49" />
  <attribute name="CPU Util currently" value="7" />
<allocation-satisfied id="36" threadId="0000000002209700" bytesRequested="20232" />
<af-end id="37" timestamp="2019-06-15T03:58:13.611" threadId="000000000220A088" success="true" from="nursery"/>
<exclusive-end id="38" timestamp="2019-06-15T03:58:13.612" durationms="1.980" />

<exclusive-start id="39" timestamp="2019-06-15T03:58:13.663" intervalms="53.537">
  <response-info timems="0.025" idlems="0.025" threads="0" lastid="0000000002209700" lastname="main" />
</exclusive-start>
<af-start id="40" threadId="000000000220A088" totalBytesRequested="8200" timestamp="2019-06-15T03:58:13.663" intervalms="53.505" type="nursery" />
<cycle-start id="41" type="scavenge" contextid="0" timestamp="2019-06-15T03:58:13.663" intervalms="53.496" />
<gc-start id="42" type="scavenge" contextid="41" timestamp="2019-06-15T03:58:13.663">
  <mem-info id="43" free="6048488" total="8519680" percent="70">
    <mem type="nursery" free="0" total="2228224" percent="0">
      <mem type="allocate" free="0" total="1114112" percent="0" />
      <mem type="survivor" free="0" total="1114112" percent="0" />
    </mem>
    <mem type="tenure" free="6048488" total="6291456" percent="96">
      <mem type="soa" free="5734120" total="5977088" percent="95" />
      <mem type="loa" free="314368" total="314368" percent="100" />
    </mem>
    <remembered-set count="1091" />
  </mem-info>
</gc-start>
<allocation-stats totalBytes="468120" >
  <allocated-bytes non-tlh="66992" tlh="401128" />
  <largest-consumer threadName="main" threadId="0000000002209700" bytes="468120" />
</allocation-stats>
<gc-op id="44" type="scavenge" timems="1.018" contextid="41" timestamp="2019-06-15T03:58:13.664">
  <scavenger-info tenureage="3" tenuremask="fff8" tiltratio="50" />
  <memory-copied type="nursery" objects="820" bytes="152072" bytesdiscarded="47344" />
  <memory-copied type="tenure" objects="10288" bytes="459816" bytesdiscarded="56" />
  <finalization candidates="13" enqueued="0" />
  <references type="soft" candidates="1" cleared="0" enqueued="0" dynamicThreshold="32" maxThreshold="32" />
  <references type="weak" candidates="62" cleared="47" enqueued="47" />
  <references type="phantom" candidates="20" cleared="11" enqueued="11" />
</gc-op>
<gc-end id="45" type="scavenge" contextid="41" durationms="1.166" usertimems="0.000" systemtimems="0.000" timestamp="2019-06-15T03:58:13.664" activeThreads="4">
  <mem-info id="46" free="6405664" total="8519680" percent="75">
    <mem type="nursery" free="914640" total="2228224" percent="41">
      <mem type="allocate" free="914640" total="1114112" percent="82" />
      <mem type="survivor" free="0" total="1114112" percent="0" />
    </mem>
    <mem type="tenure" free="5491024" total="6291456" percent="87">
      <mem type="soa" free="5176656" total="5977088" percent="86" />
      <mem type="loa" free="314368" total="314368" percent="100" />
    </mem>
    <pending-finalizers system="0" default="0" reference="58" classloader="0" />
    <remembered-set count="211" />
  </mem-info>
</gc-end>
<cycle-end id="47" type="scavenge" contextid="41" timestamp="2019-06-15T03:58:13.665" />
  <attribute name="elasticGC enabled" value="1" />
  <attribute name= "numThreadsSpecified" value="4" />
  <attribute name="heapSize specified" value="0" />
  <attribute name="Current GC Util" value="3" />
  <attribute name= "Current Time Running" value="169" />
  <attribute name ="GC Interval" value="200" />
  <attribute name="ProportionalT" value="-8.500000" />
  <attribute name="ProportionalI" value="-8.500000" />
  <attribute name="ProportionalH" value="-8.500000" />
  <attribute name="Current Error" value="-17.000000" />
  <attribute name="IntegralT" value="-132.000000" />
  <attribute name="IntegralI" value="-132.000000" />
  <attribute name="IntegralH" value="-132.000000" />
  <attribute name="DerivativeT" value="-1.277778" />
  <attribute name="DerivativeI" value="-1.277778" />
  <attribute name="DerivativeH" value="-1.277778" />
  <attribute name="Loop Time for DT" value="54.000000" />
  <attribute name="Output H" value="2092630016"/>
  <attribute name="Output I" value="200"/>
  <attribute name="Output T" value="4"/>
  <attribute name="Target GC Util Change" value ="20.000000" />
  <attribute name="Current GC Util Change" value="3.000000"/>
  <attribute name="GC Util currently" value="3" />
  <attribute name="CPU Util currently" value="0" />
<allocation-satisfied id="48" threadId="0000000002209700" bytesRequested="8200" />
<af-end id="49" timestamp="2019-06-15T03:58:13.665" threadId="000000000220A088" success="true" from="nursery"/>
<exclusive-end id="50" timestamp="2019-06-15T03:58:13.665" durationms="1.618" />

<exclusive-start id="51" timestamp="2019-06-15T03:58:13.790" intervalms="127.299">
  <response-info timems="0.026" idlems="0.026" threads="0" lastid="0000000002209700" lastname="main" />
</exclusive-start>
<af-start id="52" threadId="000000000220A088" totalBytesRequested="2056" timestamp="2019-06-15T03:58:13.790" intervalms="127.299" type="nursery" />
<cycle-start id="53" type="scavenge" contextid="0" timestamp="2019-06-15T03:58:13.791" intervalms="127.262" />
<gc-start id="54" type="scavenge" contextid="53" timestamp="2019-06-15T03:58:13.791">
  <mem-info id="55" free="5490104" total="8519680" percent="64">
    <mem type="nursery" free="0" total="2228224" percent="0">
      <mem type="allocate" free="0" total="1114112" percent="0" />
      <mem type="survivor" free="0" total="1114112" percent="0" />
    </mem>
    <mem type="tenure" free="5490104" total="6291456" percent="87">
      <mem type="soa" free="5175736" total="5977088" percent="86" />
      <mem type="loa" free="314368" total="314368" percent="100" />
    </mem>
    <remembered-set count="228" />
  </mem-info>
</gc-start>
<allocation-stats totalBytes="903968" >
  <allocated-bytes non-tlh="9120" tlh="894848" />
  <largest-consumer threadName="main" threadId="0000000002209700" bytes="903968" />
</allocation-stats>
<gc-op id="56" type="scavenge" timems="0.456" contextid="53" timestamp="2019-06-15T03:58:13.791">
  <scavenger-info tenureage="3" tenuremask="fff8" tiltratio="50" />
  <memory-copied type="nursery" objects="479" bytes="106008" bytesdiscarded="27808" />
  <memory-copied type="tenure" objects="303" bytes="15168" bytesdiscarded="0" />
  <finalization candidates="3" enqueued="1" />
  <references type="soft" candidates="1" cleared="0" enqueued="0" dynamicThreshold="32" maxThreshold="32" />
  <references type="weak" candidates="6" cleared="4" enqueued="4" />
  <references type="phantom" candidates="7" cleared="2" enqueued="2" />
</gc-op>
<gc-end id="57" type="scavenge" contextid="53" durationms="0.602" usertimems="0.000" systemtimems="0.000" timestamp="2019-06-15T03:58:13.791" activeThreads="4">
  <mem-info id="58" free="6431152" total="8519680" percent="75">
    <mem type="nursery" free="980216" total="2228224" percent="43">
      <mem type="allocate" free="980216" total="1114112" percent="87" />
      <mem type="survivor" free="0" total="1114112" percent="0" />
    </mem>
    <mem type="tenure" free="5450936" total="6291456" percent="86">
      <mem type="soa" free="5136568" total="5977088" percent="85" />
      <mem type="loa" free="314368" total="314368" percent="100" />
    </mem>
    <pending-finalizers system="1" default="0" reference="6" classloader="0" />
    <remembered-set count="173" />
  </mem-info>
</gc-end>
<cycle-end id="59" type="scavenge" contextid="53" timestamp="2019-06-15T03:58:13.791" />
  <attribute name="elasticGC enabled" value="1" />
  <attribute name= "numThreadsSpecified" value="4" />
  <attribute name="heapSize specified" value="0" />
  <attribute name="Current GC Util" value="1" />
  <attribute name= "Current Time Running" value="296" />
  <attribute name ="GC Interval" value="200" />
  <attribute name="ProportionalT" value="-9.500000" />
  <attribute name="ProportionalI" value="-9.500000" />
  <attribute name="ProportionalH" value="-9.500000" />
  <attribute name="Current Error" value="-19.000000" />
  <attribute name="IntegralT" value="-2545.000000" />
  <attribute name="IntegralI" value="-2545.000000" />
  <attribute name="IntegralH" value="-2545.000000" />
  <attribute name="DerivativeT" value="-0.224409" />
  <attribute name="DerivativeI" value="-0.224409" />
  <attribute name="DerivativeH" value="-0.224409" />
  <attribute name="Loop Time for DT" value="127.000000" />
  <attribute name="Output H" value="2092630016"/>
  <attribute name="Output I" value="200"/>
  <attribute name="Output T" value="4"/>
  <attribute name="Target GC Util Change" value ="20.000000" />
  <attribute name="Current GC Util Change" value="1.000000"/>
  <attribute name="GC Util currently" value="1" />
  <attribute name="CPU Util currently" value="3" />
<allocation-satisfied id="60" threadId="0000000002209700" bytesRequested="2056" />
<af-end id="61" timestamp="2019-06-15T03:58:13.791" threadId="000000000220A088" success="true" from="nursery"/>
<exclusive-end id="62" timestamp="2019-06-15T03:58:13.791" durationms="0.955" />

<exclusive-start id="63" timestamp="2019-06-15T03:58:13.890" intervalms="99.379">
  <response-info timems="0.026" idlems="0.026" threads="0" lastid="0000000002209700" lastname="main" />
</exclusive-start>
<af-start id="64" threadId="000000000220A088" totalBytesRequested="2056" timestamp="2019-06-15T03:58:13.890" intervalms="99.373" type="nursery" />
<cycle-start id="65" type="scavenge" contextid="0" timestamp="2019-06-15T03:58:13.890" intervalms="99.372" />
<gc-start id="66" type="scavenge" contextid="65" timestamp="2019-06-15T03:58:13.890">
  <mem-info id="67" free="5450936" total="8519680" percent="63">
    <mem type="nursery" free="0" total="2228224" percent="0">
      <mem type="allocate" free="0" total="1114112" percent="0" />
      <mem type="survivor" free="0" total="1114112" percent="0" />
    </mem>
    <mem type="tenure" free="5450936" total="6291456" percent="86">
      <mem type="soa" free="5136568" total="5977088" percent="85" />
      <mem type="loa" free="314368" total="314368" percent="100" />
    </mem>
    <remembered-set count="175" />
  </mem-info>
</gc-start>
<allocation-stats totalBytes="977624" >
  <allocated-bytes non-tlh="2056" tlh="975568" />
  <largest-consumer threadName="main" threadId="0000000002209700" bytes="977624" />
</allocation-stats>
<gc-op id="68" type="scavenge" timems="0.272" contextid="65" timestamp="2019-06-15T03:58:13.890">
  <scavenger-info tenureage="4" tenuremask="fff0" tiltratio="50" />
  <memory-copied type="nursery" objects="456" bytes="86784" bytesdiscarded="85952" />
  <finalization candidates="2" enqueued="0" />
  <references type="soft" candidates="1" cleared="0" enqueued="0" dynamicThreshold="32" maxThreshold="32" />
  <references type="weak" candidates="2" cleared="0" enqueued="0" />
  <references type="phantom" candidates="5" cleared="0" enqueued="0" />
</gc-op>
<gc-end id="69" type="scavenge" contextid="65" durationms="0.413" usertimems="0.000" systemtimems="0.000" timestamp="2019-06-15T03:58:13.890" activeThreads="4">
  <mem-info id="70" free="6588840" total="8519680" percent="77">
    <mem type="nursery" free="1137904" total="2228224" percent="51">
      <mem type="allocate" free="1137904" total="1310720" percent="86" />
      <mem type="survivor" free="0" total="917504" percent="0" />
    </mem>
    <mem type="tenure" free="5450936" total="6291456" percent="86">
      <mem type="soa" free="5136568" total="5977088" percent="85" />
      <mem type="loa" free="314368" total="314368" percent="100" />
    </mem>
    <remembered-set count="108" />
  </mem-info>
</gc-end>
<cycle-end id="71" type="scavenge" contextid="65" timestamp="2019-06-15T03:58:13.890" />
  <attribute name="elasticGC enabled" value="1" />
  <attribute name= "numThreadsSpecified" value="4" />
  <attribute name="heapSize specified" value="0" />
  <attribute name="Current GC Util" value="0" />
  <attribute name= "Current Time Running" value="395" />
  <attribute name ="GC Interval" value="200" />
  <attribute name="ProportionalT" value="-10.000000" />
  <attribute name="ProportionalI" value="-10.000000" />
  <attribute name="ProportionalH" value="-10.000000" />
  <attribute name="Current Error" value="-20.000000" />
  <attribute name="IntegralT" value="-4525.000000" />
  <attribute name="IntegralI" value="-4525.000000" />
  <attribute name="IntegralH" value="-4525.000000" />
  <attribute name="DerivativeT" value="-0.303030" />
  <attribute name="DerivativeI" value="-0.303030" />
  <attribute name="DerivativeH" value="-0.303030" />
  <attribute name="Loop Time for DT" value="99.000000" />
  <attribute name="Output H" value="2092630016"/>
  <attribute name="Output I" value="200"/>
  <attribute name="Output T" value="4"/>
  <attribute name="Target GC Util Change" value ="20.000000" />
  <attribute name="Current GC Util Change" value="0.000000"/>
  <attribute name="GC Util currently" value="0" />
  <attribute name="CPU Util currently" value="4" />
<allocation-satisfied id="72" threadId="0000000002209700" bytesRequested="2056" />
<af-end id="73" timestamp="2019-06-15T03:58:13.890" threadId="000000000220A088" success="true" from="nursery"/>
<exclusive-end id="74" timestamp="2019-06-15T03:58:13.891" durationms="0.754" />

<exclusive-start id="75" timestamp="2019-06-15T03:58:13.993" intervalms="103.612">
  <response-info timems="0.033" idlems="0.033" threads="0" lastid="0000000002209700" lastname="main" />
</exclusive-start>
<af-start id="76" threadId="000000000220A088" totalBytesRequested="2056" timestamp="2019-06-15T03:58:13.993" intervalms="103.614" type="nursery" />
<cycle-start id="77" type="scavenge" contextid="0" timestamp="2019-06-15T03:58:13.993" intervalms="103.616" />
<gc-start id="78" type="scavenge" contextid="77" timestamp="2019-06-15T03:58:13.994">
  <mem-info id="79" free="5450936" total="8519680" percent="63">
    <mem type="nursery" free="0" total="2228224" percent="0">
      <mem type="allocate" free="0" total="1310720" percent="0" />
      <mem type="survivor" free="0" total="917504" percent="0" />
    </mem>
    <mem type="tenure" free="5450936" total="6291456" percent="86">
      <mem type="soa" free="5136568" total="5977088" percent="85" />
      <mem type="loa" free="314368" total="314368" percent="100" />
    </mem>
    <remembered-set count="108" />
  </mem-info>
</gc-start>
<allocation-stats totalBytes="1131200" >
  <allocated-bytes non-tlh="2056" tlh="1129144" />
  <largest-consumer threadName="main" threadId="0000000002209700" bytes="1131200" />
</allocation-stats>
<gc-op id="80" type="scavenge" timems="0.302" contextid="77" timestamp="2019-06-15T03:58:13.994">
  <scavenger-info tenureage="3" tenuremask="fff8" tiltratio="58" />
  <memory-copied type="nursery" objects="105" bytes="23576" bytesdiscarded="54728" />
  <memory-copied type="tenure" objects="351" bytes="63200" bytesdiscarded="0" />
  <finalization candidates="2" enqueued="0" />
  <references type="weak" candidates="1" cleared="0" enqueued="0" />
  <references type="phantom" candidates="3" cleared="0" enqueued="0" />
</gc-op>
<gc-end id="81" type="scavenge" contextid="77" durationms="0.447" usertimems="0.000" systemtimems="0.000" timestamp="2019-06-15T03:58:13.994" activeThreads="4">
  <mem-info id="82" free="6765208" total="8519680" percent="79">
    <mem type="nursery" free="1363456" total="2228224" percent="61">
      <mem type="allocate" free="1363456" total="1441792" percent="94" />
      <mem type="survivor" free="0" total="786432" percent="0" />
    </mem>
    <mem type="tenure" free="5401752" total="6291456" percent="85">
      <mem type="soa" free="5087384" total="5977088" percent="85" />
      <mem type="loa" free="314368" total="314368" percent="100" />
    </mem>
    <remembered-set count="72" />
  </mem-info>
</gc-end>
<cycle-end id="83" type="scavenge" contextid="77" timestamp="2019-06-15T03:58:13.994" />
  <attribute name="elasticGC enabled" value="1" />
  <attribute name= "numThreadsSpecified" value="4" />
  <attribute name="heapSize specified" value="0" />
  <attribute name="Current GC Util" value="0" />
  <attribute name= "Current Time Running" value="499" />
  <attribute name ="GC Interval" value="200" />
  <attribute name="ProportionalT" value="-10.000000" />
  <attribute name="ProportionalI" value="-10.000000" />
  <attribute name="ProportionalH" value="-10.000000" />
  <attribute name="Current Error" value="-20.000000" />
  <attribute name="IntegralT" value="-2080.000000" />
  <attribute name="IntegralI" value="-2080.000000" />
  <attribute name="IntegralH" value="-2080.000000" />
  <attribute name="DerivativeT" value="-0.288462" />
  <attribute name="DerivativeI" value="-0.288462" />
  <attribute name="DerivativeH" value="-0.288462" />
  <attribute name="Loop Time for DT" value="104.000000" />
  <attribute name="Output H" value="2092630016"/>
  <attribute name="Output I" value="200"/>
  <attribute name="Output T" value="4"/>
  <attribute name="Target GC Util Change" value ="20.000000" />
  <attribute name="Current GC Util Change" value="0.000000"/>
  <attribute name="GC Util currently" value="0" />
  <attribute name="CPU Util currently" value="11" />
<allocation-satisfied id="84" threadId="0000000002209700" bytesRequested="2056" />
<af-end id="85" timestamp="2019-06-15T03:58:13.994" threadId="000000000220A088" success="true" from="nursery"/>
<exclusive-end id="86" timestamp="2019-06-15T03:58:13.994" durationms="0.791" />

<exclusive-start id="87" timestamp="2019-06-15T03:58:14.072" intervalms="78.464">
  <response-info timems="0.053" idlems="0.053" threads="0" lastid="0000000002209700" lastname="main" />
</exclusive-start>
<af-start id="88" threadId="000000000220A088" totalBytesRequested="680" timestamp="2019-06-15T03:58:14.072" intervalms="78.505" type="nursery" />
<cycle-start id="89" type="scavenge" contextid="0" timestamp="2019-06-15T03:58:14.072" intervalms="78.541" />
<gc-start id="90" type="scavenge" contextid="89" timestamp="2019-06-15T03:58:14.072">
  <mem-info id="91" free="5385944" total="8519680" percent="63">
    <mem type="nursery" free="0" total="2228224" percent="0">
      <mem type="allocate" free="0" total="1441792" percent="0" />
      <mem type="survivor" free="0" total="786432" percent="0" />
    </mem>
    <mem type="tenure" free="5385944" total="6291456" percent="85">
      <mem type="soa" free="5071576" total="5977088" percent="84" />
      <mem type="loa" free="314368" total="314368" percent="100" />
    </mem>
    <remembered-set count="342" />
  </mem-info>
</gc-start>
<allocation-stats totalBytes="1377480" >
  <allocated-bytes non-tlh="186000" tlh="1191480" />
  <largest-consumer threadName="main" threadId="0000000002209700" bytes="1377480" />
</allocation-stats>
<gc-op id="92" type="scavenge" timems="0.485" contextid="89" timestamp="2019-06-15T03:58:14.073">
  <scavenger-info tenureage="3" tenuremask="ffc8" tiltratio="64" />
  <memory-copied type="nursery" objects="2863" bytes="426328" bytesdiscarded="69608" />
  <memory-copied type="tenure" objects="48" bytes="2056" bytesdiscarded="0" />
  <finalization candidates="32" enqueued="0" />
  <ownableSynchronizers candidates="4" cleared="3" />
  <references type="soft" candidates="3" cleared="0" enqueued="0" dynamicThreshold="32" maxThreshold="32" />
  <references type="weak" candidates="487" cleared="236" enqueued="172" />
  <references type="phantom" candidates="27" cleared="3" enqueued="3" />
</gc-op>
<gc-end id="93" type="scavenge" contextid="89" durationms="0.731" usertimems="0.000" systemtimems="0.000" timestamp="2019-06-15T03:58:14.073" activeThreads="4">
  <mem-info id="94" free="6130712" total="8519680" percent="71">
    <mem type="nursery" free="814656" total="2228224" percent="36">
      <mem type="allocate" free="814656" total="1310720" percent="62" />
      <mem type="survivor" free="0" total="917504" percent="0" />
    </mem>
    <mem type="tenure" free="5316056" total="6291456" percent="84">
      <mem type="soa" free="5001688" total="5977088" percent="83" />
      <mem type="loa" free="314368" total="314368" percent="100" />
    </mem>
    <pending-finalizers system="0" default="0" reference="175" classloader="0" />
    <remembered-set count="337" />
  </mem-info>
</gc-end>
<cycle-end id="95" type="scavenge" contextid="89" timestamp="2019-06-15T03:58:14.073" />
  <attribute name="elasticGC enabled" value="1" />
  <attribute name= "numThreadsSpecified" value="4" />
  <attribute name="heapSize specified" value="0" />
  <attribute name="Current GC Util" value="0" />
  <attribute name= "Current Time Running" value="578" />
  <attribute name ="GC Interval" value="200" />
  <attribute name="ProportionalT" value="-10.000000" />
  <attribute name="ProportionalI" value="-10.000000" />
  <attribute name="ProportionalH" value="-10.000000" />
  <attribute name="Current Error" value="-20.000000" />
  <attribute name="IntegralT" value="-1580.000000" />
  <attribute name="IntegralI" value="-1580.000000" />
  <attribute name="IntegralH" value="-1580.000000" />
  <attribute name="DerivativeT" value="-0.379747" />
  <attribute name="DerivativeI" value="-0.379747" />
  <attribute name="DerivativeH" value="-0.379747" />
  <attribute name="Loop Time for DT" value="79.000000" />
  <attribute name="Output H" value="2092630016"/>
  <attribute name="Output I" value="200"/>
  <attribute name="Output T" value="4"/>
  <attribute name="Target GC Util Change" value ="20.000000" />
  <attribute name="Current GC Util Change" value="0.000000"/>
  <attribute name="GC Util currently" value="0" />
  <attribute name="CPU Util currently" value="21" />
<allocation-satisfied id="96" threadId="0000000002209700" bytesRequested="680" />
<af-end id="97" timestamp="2019-06-15T03:58:14.073" threadId="000000000220A088" success="true" from="nursery"/>
<exclusive-end id="98" timestamp="2019-06-15T03:58:14.073" durationms="1.204" />

<exclusive-start id="99" timestamp="2019-06-15T03:58:14.073" intervalms="1.381">
  <response-info timems="0.016" idlems="0.016" threads="0" lastid="0000000002209700" lastname="main" />
</exclusive-start>
<af-start id="100" threadId="000000000220A088" totalBytesRequested="5056" timestamp="2019-06-15T03:58:14.073" intervalms="1.354" type="nursery" />
<cycle-start id="101" type="scavenge" contextid="0" timestamp="2019-06-15T03:58:14.073" intervalms="1.314" />
<gc-start id="102" type="scavenge" contextid="101" timestamp="2019-06-15T03:58:14.073">
  <mem-info id="103" free="5316056" total="8519680" percent="62">
    <mem type="nursery" free="0" total="2228224" percent="0">
      <mem type="allocate" free="0" total="1310720" percent="0" />
      <mem type="survivor" free="0" total="917504" percent="0" />
    </mem>
    <mem type="tenure" free="5316056" total="6291456" percent="84">
      <mem type="soa" free="5001688" total="5977088" percent="83" />
      <mem type="loa" free="314368" total="314368" percent="100" />
    </mem>
    <pending-finalizers system="0" default="0" reference="41" classloader="0" />
    <remembered-set count="341" />
  </mem-info>
</gc-start>
<allocation-stats totalBytes="786568" >
  <allocated-bytes non-tlh="680" tlh="785888" />
  <largest-consumer threadName="main" threadId="0000000002209700" bytes="782472" />
</allocation-stats>
<gc-op id="104" type="scavenge" timems="0.415" contextid="101" timestamp="2019-06-15T03:58:14.074">
  <scavenger-info tenureage="3" tenuremask="ffe8" tiltratio="58" />
  <memory-copied type="nursery" objects="2731" bytes="427320" bytesdiscarded="95072" />
  <finalization candidates="32" enqueued="0" />
  <ownableSynchronizers candidates="1" cleared="0" />
  <references type="soft" candidates="3" cleared="0" enqueued="0" dynamicThreshold="32" maxThreshold="32" />
  <references type="weak" candidates="251" cleared="0" enqueued="0" />
  <references type="phantom" candidates="24" cleared="0" enqueued="0" />
</gc-op>
<gc-end id="105" type="scavenge" contextid="101" durationms="0.547" usertimems="0.000" systemtimems="0.000" timestamp="2019-06-15T03:58:14.074" activeThreads="4">
  <mem-info id="106" free="6300880" total="8519680" percent="73">
    <mem type="nursery" free="984824" total="2228224" percent="44">
      <mem type="allocate" free="984824" total="1507328" percent="65" />
      <mem type="survivor" free="0" total="720896" percent="0" />
    </mem>
    <mem type="tenure" free="5316056" total="6291456" percent="84">
      <mem type="soa" free="5001688" total="5977088" percent="83" />
      <mem type="loa" free="314368" total="314368" percent="100" />
    </mem>
    <pending-finalizers system="0" default="0" reference="41" classloader="0" />
    <remembered-set count="336" />
  </mem-info>
</gc-end>
<cycle-end id="107" type="scavenge" contextid="101" timestamp="2019-06-15T03:58:14.074" />
  <attribute name="elasticGC enabled" value="1" />
  <attribute name= "numThreadsSpecified" value="4" />
  <attribute name="heapSize specified" value="0" />
  <attribute name="Current GC Util" value="72" />
  <attribute name= "Current Time Running" value="579" />
  <attribute name ="GC Interval" value="200" />
  <attribute name="ProportionalT" value="26.000000" />
  <attribute name="ProportionalI" value="26.000000" />
  <attribute name="ProportionalH" value="26.000000" />
  <attribute name="Current Error" value="52.000000" />
  <attribute name="IntegralT" value="52.000000" />
  <attribute name="IntegralI" value="52.000000" />
  <attribute name="IntegralH" value="52.000000" />
  <attribute name="DerivativeT" value="78.000000" />
  <attribute name="DerivativeI" value="78.000000" />
  <attribute name="DerivativeH" value="78.000000" />
  <attribute name="Loop Time for DT" value="1.000000" />
  <attribute name="Output H" value="8388608"/>
  <attribute name="Output I" value="200"/>
  <attribute name="Output T" value="4"/>
  <attribute name="Target GC Util Change" value ="20.000000" />
  <attribute name="Current GC Util Change" value="72.000000"/>
  <attribute name="GC Util currently" value="72" />
  <attribute name="CPU Util currently" value="3875760491484" />
<allocation-satisfied id="108" threadId="0000000002209700" bytesRequested="5056" />
<af-end id="109" timestamp="2019-06-15T03:58:14.074" threadId="000000000220A088" success="true" from="nursery"/>
<exclusive-end id="110" timestamp="2019-06-15T03:58:14.074" durationms="0.890" />

<exclusive-start id="111" timestamp="2019-06-15T03:58:14.074" intervalms="1.081">
  <response-info timems="0.075" idlems="0.046" threads="1" lastid="000000000220D300" lastname="JIT Compilation Thread-0" />
</exclusive-start>
<af-start id="112" threadId="000000000220A088" totalBytesRequested="14496" timestamp="2019-06-15T03:58:14.074" intervalms="1.050" type="nursery" />
<cycle-start id="113" type="scavenge" contextid="0" timestamp="2019-06-15T03:58:14.074" intervalms="1.049" />
<gc-start id="114" type="scavenge" contextid="113" timestamp="2019-06-15T03:58:14.074">
  <mem-info id="115" free="5316056" total="8519680" percent="62">
    <mem type="nursery" free="0" total="2228224" percent="0">
      <mem type="allocate" free="0" total="1507328" percent="0" />
      <mem type="survivor" free="0" total="720896" percent="0" />
    </mem>
    <mem type="tenure" free="5316056" total="6291456" percent="84">
      <mem type="soa" free="5001688" total="5977088" percent="83" />
      <mem type="loa" free="314368" total="314368" percent="100" />
    </mem>
    <remembered-set count="336" />
  </mem-info>
</gc-start>
<allocation-stats totalBytes="903400" >
  <allocated-bytes non-tlh="5056" tlh="898344" />
  <largest-consumer threadName="main" threadId="0000000002209700" bytes="899304" />
</allocation-stats>
<gc-op id="116" type="scavenge" timems="0.390" contextid="113" timestamp="2019-06-15T03:58:14.075">
  <scavenger-info tenureage="3" tenuremask="fff8" tiltratio="67" />
  <memory-copied type="nursery" objects="2698" bytes="428936" bytesdiscarded="88976" />
  <finalization candidates="32" enqueued="0" />
  <ownableSynchronizers candidates="1" cleared="0" />
  <references type="soft" candidates="3" cleared="0" enqueued="0" dynamicThreshold="32" maxThreshold="32" />
  <references type="weak" candidates="251" cleared="0" enqueued="0" />
  <references type="phantom" candidates="24" cleared="0" enqueued="0" />
</gc-op>
<gc-end id="117" type="scavenge" contextid="113" durationms="0.523" usertimems="0.000" systemtimems="4.000" timestamp="2019-06-15T03:58:14.075" activeThreads="4">
  <mem-info id="118" free="6501968" total="8519680" percent="76">
    <mem type="nursery" free="1185912" total="2228224" percent="53">
      <mem type="allocate" free="1185912" total="1703936" percent="69" />
      <mem type="survivor" free="0" total="524288" percent="0" />
    </mem>
    <mem type="tenure" free="5316056" total="6291456" percent="84">
      <mem type="soa" free="5001688" total="5977088" percent="83" />
      <mem type="loa" free="314368" total="314368" percent="100" />
    </mem>
    <remembered-set count="211" />
  </mem-info>
</gc-end>
<cycle-end id="119" type="scavenge" contextid="113" timestamp="2019-06-15T03:58:14.075" />
  <attribute name="elasticGC enabled" value="1" />
  <attribute name= "numThreadsSpecified" value="4" />
  <attribute name="heapSize specified" value="0" />
  <attribute name="Current GC Util" value="66" />
  <attribute name= "Current Time Running" value="580" />
  <attribute name ="GC Interval" value="200" />
  <attribute name="ProportionalT" value="23.000000" />
  <attribute name="ProportionalI" value="23.000000" />
  <attribute name="ProportionalH" value="23.000000" />
  <attribute name="Current Error" value="46.000000" />
  <attribute name="IntegralT" value="46.000000" />
  <attribute name="IntegralI" value="46.000000" />
  <attribute name="IntegralH" value="46.000000" />
  <attribute name="DerivativeT" value="-9.000000" />
  <attribute name="DerivativeI" value="-9.000000" />
  <attribute name="DerivativeH" value="-9.000000" />
  <attribute name="Loop Time for DT" value="1.000000" />
  <attribute name="Output H" value="8388608"/>
  <attribute name="Output I" value="200"/>
  <attribute name="Output T" value="4"/>
  <attribute name="Target GC Util Change" value ="20.000000" />
  <attribute name="Current GC Util Change" value="66.000000"/>
  <attribute name="GC Util currently" value="66" />
  <attribute name="CPU Util currently" value="4387498030942" />
<allocation-satisfied id="120" threadId="0000000002209700" bytesRequested="14496" />
<af-end id="121" timestamp="2019-06-15T03:58:14.075" threadId="000000000220A088" success="true" from="nursery"/>
<exclusive-end id="122" timestamp="2019-06-15T03:58:14.075" durationms="0.831" />

<exclusive-start id="123" timestamp="2019-06-15T03:58:14.075" intervalms="0.969">
  <response-info timems="0.022" idlems="0.022" threads="0" lastid="0000000002209700" lastname="main" />
</exclusive-start>
<af-start id="124" threadId="000000000220A088" totalBytesRequested="9424" timestamp="2019-06-15T03:58:14.075" intervalms="0.969" type="nursery" />
<cycle-start id="125" type="scavenge" contextid="0" timestamp="2019-06-15T03:58:14.075" intervalms="0.968" />
<gc-start id="126" type="scavenge" contextid="125" timestamp="2019-06-15T03:58:14.075">
  <mem-info id="127" free="5316056" total="8519680" percent="62">
    <mem type="nursery" free="0" total="2228224" percent="0">
      <mem type="allocate" free="0" total="1703936" percent="0" />
      <mem type="survivor" free="0" total="524288" percent="0" />
    </mem>
    <mem type="tenure" free="5316056" total="6291456" percent="84">
      <mem type="soa" free="5001688" total="5977088" percent="83" />
      <mem type="loa" free="314368" total="314368" percent="100" />
    </mem>
    <remembered-set count="211" />
  </mem-info>
</gc-start>
<allocation-stats totalBytes="1082600" >
  <allocated-bytes non-tlh="14496" tlh="1068104" />
  <largest-consumer threadName="main" threadId="0000000002209700" bytes="1082600" />
</allocation-stats>
<gc-op id="128" type="scavenge" timems="0.421" contextid="125" timestamp="2019-06-15T03:58:14.076">
  <scavenger-info tenureage="3" tenuremask="fff8" tiltratio="76" />
  <memory-copied type="nursery" objects="6" bytes="20648" bytesdiscarded="106960" />
  <memory-copied type="tenure" objects="2692" bytes="419576" bytesdiscarded="312" />
  <finalization candidates="32" enqueued="0" />
  <ownableSynchronizers candidates="1" cleared="0" />
</gc-op>
<gc-end id="129" type="scavenge" contextid="125" durationms="0.560" usertimems="0.000" systemtimems="0.000" timestamp="2019-06-15T03:58:14.076" activeThreads="4">
  <mem-info id="130" free="6505680" total="8519680" percent="76">
    <mem type="nursery" free="1576328" total="2228224" percent="70">
      <mem type="allocate" free="1576328" total="1703936" percent="92" />
      <mem type="survivor" free="0" total="524288" percent="0" />
    </mem>
    <mem type="tenure" free="4929352" total="6291456" percent="78">
      <mem type="soa" free="4614984" total="5977088" percent="77" />
      <mem type="loa" free="314368" total="314368" percent="100" />
    </mem>
    <remembered-set count="61" />
  </mem-info>
</gc-end>
<cycle-end id="131" type="scavenge" contextid="125" timestamp="2019-06-15T03:58:14.076" />
  <attribute name="elasticGC enabled" value="1" />
  <attribute name= "numThreadsSpecified" value="4" />
  <attribute name="heapSize specified" value="0" />
  <attribute name="Current GC Util" value="67" />
  <attribute name= "Current Time Running" value="581" />
  <attribute name ="GC Interval" value="200" />
  <attribute name="ProportionalT" value="23.500000" />
  <attribute name="ProportionalI" value="23.500000" />
  <attribute name="ProportionalH" value="23.500000" />
  <attribute name="Current Error" value="47.000000" />
  <attribute name="IntegralT" value="47.000000" />
  <attribute name="IntegralI" value="47.000000" />
  <attribute name="IntegralH" value="47.000000" />
  <attribute name="DerivativeT" value="1.500000" />
  <attribute name="DerivativeI" value="1.500000" />
  <attribute name="DerivativeH" value="1.500000" />
  <attribute name="Loop Time for DT" value="1.000000" />
  <attribute name="Output H" value="8388608"/>
  <attribute name="Output I" value="200"/>
  <attribute name="Output T" value="4"/>
  <attribute name="Target GC Util Change" value ="20.000000" />
  <attribute name="Current GC Util Change" value="67.000000"/>
  <attribute name="GC Util currently" value="67" />
  <attribute name="CPU Util currently" value="4790724992222" />
<allocation-satisfied id="132" threadId="0000000002209700" bytesRequested="9424" />
<af-end id="133" timestamp="2019-06-15T03:58:14.076" threadId="000000000220A088" success="true" from="nursery"/>
<exclusive-end id="134" timestamp="2019-06-15T03:58:14.076" durationms="0.870" />

<exclusive-start id="135" timestamp="2019-06-15T03:58:14.076" intervalms="1.038">
  <response-info timems="0.034" idlems="0.034" threads="0" lastid="0000000002209700" lastname="main" />
</exclusive-start>
<af-start id="136" threadId="000000000220A088" totalBytesRequested="11504" timestamp="2019-06-15T03:58:14.076" intervalms="1.037" type="nursery" />
<cycle-start id="137" type="scavenge" contextid="0" timestamp="2019-06-15T03:58:14.076" intervalms="1.038" />
<gc-start id="138" type="scavenge" contextid="137" timestamp="2019-06-15T03:58:14.076">
  <mem-info id="139" free="4929352" total="8519680" percent="57">
    <mem type="nursery" free="0" total="2228224" percent="0">
      <mem type="allocate" free="0" total="1703936" percent="0" />
      <mem type="survivor" free="0" total="524288" percent="0" />
    </mem>
    <mem type="tenure" free="4929352" total="6291456" percent="78">
      <mem type="soa" free="4614984" total="5977088" percent="77" />
      <mem type="loa" free="314368" total="314368" percent="100" />
    </mem>
    <remembered-set count="61" />
  </mem-info>
</gc-start>
<allocation-stats totalBytes="1427872" >
  <allocated-bytes non-tlh="9424" tlh="1418448" />
  <largest-consumer threadName="main" threadId="0000000002209700" bytes="1427872" />
</allocation-stats>
<gc-op id="140" type="scavenge" timems="0.131" contextid="137" timestamp="2019-06-15T03:58:14.077">
  <scavenger-info tenureage="3" tenuremask="ffe8" tiltratio="76" />
  <memory-copied type="nursery" objects="5" bytes="12104" bytesdiscarded="27064" />
  <memory-copied type="tenure" objects="3" bytes="1560" bytesdiscarded="0" />
</gc-op>
<gc-end id="141" type="scavenge" contextid="137" durationms="0.265" usertimems="0.000" systemtimems="0.000" timestamp="2019-06-15T03:58:14.077" activeThreads="4">
  <mem-info id="142" free="6725192" total="8519680" percent="78">
    <mem type="nursery" free="1795840" total="2228224" percent="80">
      <mem type="allocate" free="1795840" total="1835008" percent="97" />
      <mem type="survivor" free="0" total="393216" percent="0" />
    </mem>
    <mem type="tenure" free="4929352" total="6291456" percent="78">
      <mem type="soa" free="4614984" total="5977088" percent="77" />
      <mem type="loa" free="314368" total="314368" percent="100" />
    </mem>
    <remembered-set count="58" />
  </mem-info>
</gc-end>
<cycle-end id="143" type="scavenge" contextid="137" timestamp="2019-06-15T03:58:14.077" />
  <attribute name="elasticGC enabled" value="1" />
  <attribute name= "numThreadsSpecified" value="4" />
  <attribute name="heapSize specified" value="0" />
  <attribute name="Current GC Util" value="74" />
  <attribute name= "Current Time Running" value="582" />
  <attribute name ="GC Interval" value="200" />
  <attribute name="ProportionalT" value="27.000000" />
  <attribute name="ProportionalI" value="27.000000" />
  <attribute name="ProportionalH" value="27.000000" />
  <attribute name="Current Error" value="54.000000" />
  <attribute name="IntegralT" value="54.000000" />
  <attribute name="IntegralI" value="54.000000" />
  <attribute name="IntegralH" value="54.000000" />
  <attribute name="DerivativeT" value="10.500000" />
  <attribute name="DerivativeI" value="10.500000" />
  <attribute name="DerivativeH" value="10.500000" />
  <attribute name="Loop Time for DT" value="1.000000" />
  <attribute name="Output H" value="8388608"/>
  <attribute name="Output I" value="200"/>
  <attribute name="Output T" value="4"/>
  <attribute name="Target GC Util Change" value ="20.000000" />
  <attribute name="Current GC Util Change" value="74.000000"/>
  <attribute name="GC Util currently" value="74" />
  <attribute name="CPU Util currently" value="4438384843205" />
<allocation-satisfied id="144" threadId="0000000002209700" bytesRequested="11504" />
<af-end id="145" timestamp="2019-06-15T03:58:14.077" threadId="000000000220A088" success="true" from="nursery"/>
<exclusive-end id="146" timestamp="2019-06-15T03:58:14.077" durationms="0.569" />

<exclusive-start id="147" timestamp="2019-06-15T03:58:14.077" intervalms="0.743">
  <response-info timems="0.031" idlems="0.017" threads="1" lastid="000000000220D300" lastname="JIT Compilation Thread-0" />
</exclusive-start>
<af-start id="148" threadId="000000000220A088" totalBytesRequested="26928" timestamp="2019-06-15T03:58:14.077" intervalms="0.744" type="nursery" />
<cycle-start id="149" type="scavenge" contextid="0" timestamp="2019-06-15T03:58:14.077" intervalms="0.744" />
<gc-start id="150" type="scavenge" contextid="149" timestamp="2019-06-15T03:58:14.077">
  <mem-info id="151" free="4929352" total="8519680" percent="57">
    <mem type="nursery" free="0" total="2228224" percent="0">
      <mem type="allocate" free="0" total="1835008" percent="0" />
      <mem type="survivor" free="0" total="393216" percent="0" />
    </mem>
    <mem type="tenure" free="4929352" total="6291456" percent="78">
      <mem type="soa" free="4614984" total="5977088" percent="77" />
      <mem type="loa" free="314368" total="314368" percent="100" />
    </mem>
    <remembered-set count="58" />
  </mem-info>
</gc-start>
<allocation-stats totalBytes="1610592" >
  <allocated-bytes non-tlh="37480" tlh="1573112" />
  <largest-consumer threadName="main" threadId="0000000002209700" bytes="1610592" />
</allocation-stats>
<gc-op id="152" type="scavenge" timems="0.091" contextid="149" timestamp="2019-06-15T03:58:14.077">
  <scavenger-info tenureage="3" tenuremask="ffe8" tiltratio="82" />
  <memory-copied type="nursery" objects="2" bytes="13488" bytesdiscarded="25680" />
  <memory-copied type="tenure" objects="1" bytes="520" bytesdiscarded="0" />
</gc-op>
<gc-end id="153" type="scavenge" contextid="149" durationms="0.223" usertimems="0.000" systemtimems="0.000" timestamp="2019-06-15T03:58:14.077" activeThreads="1">
  <mem-info id="154" free="6790728" total="8519680" percent="79">
    <mem type="nursery" free="1861376" total="2228224" percent="83">
      <mem type="allocate" free="1861376" total="1900544" percent="97" />
      <mem type="survivor" free="0" total="327680" percent="0" />
    </mem>
    <mem type="tenure" free="4929352" total="6291456" percent="78">
      <mem type="soa" free="4614984" total="5977088" percent="77" />
      <mem type="loa" free="314368" total="314368" percent="100" />
    </mem>
    <remembered-set count="57" />
  </mem-info>
</gc-end>
<cycle-end id="155" type="scavenge" contextid="149" timestamp="2019-06-15T03:58:14.077" />
  <attribute name="elasticGC enabled" value="1" />
  <attribute name= "numThreadsSpecified" value="1" />
  <attribute name="heapSize specified" value="0" />
  <attribute name="Current GC Util" value="45" />
  <attribute name= "Current Time Running" value="583" />
  <attribute name ="GC Interval" value="200" />
  <attribute name="ProportionalT" value="12.500000" />
  <attribute name="ProportionalI" value="12.500000" />
  <attribute name="ProportionalH" value="12.500000" />
  <attribute name="Current Error" value="25.000000" />
  <attribute name="IntegralT" value="25.000000" />
  <attribute name="IntegralI" value="25.000000" />
  <attribute name="IntegralH" value="25.000000" />
  <attribute name="DerivativeT" value="-43.500000" />
  <attribute name="DerivativeI" value="-43.500000" />
  <attribute name="DerivativeH" value="-43.500000" />
  <attribute name="Loop Time for DT" value="1.000000" />
  <attribute name="Output H" value="8388608"/>
  <attribute name="Output I" value="200"/>
  <attribute name="Output T" value="1"/>
  <attribute name="Target GC Util Change" value ="20.000000" />
  <attribute name="Current GC Util Change" value="45.000000"/>
  <attribute name="GC Util currently" value="45" />
  <attribute name="CPU Util currently" value="6213024822515" />
<allocation-satisfied id="156" threadId="0000000002209700" bytesRequested="26928" />
<af-end id="157" timestamp="2019-06-15T03:58:14.078" threadId="000000000220A088" success="true" from="nursery"/>
<exclusive-end id="158" timestamp="2019-06-15T03:58:14.078" durationms="0.529" />

<exclusive-start id="159" timestamp="2019-06-15T03:58:14.078" intervalms="0.701">
  <response-info timems="0.030" idlems="0.030" threads="0" lastid="0000000002209700" lastname="main" />
</exclusive-start>
<af-start id="160" threadId="000000000220A088" totalBytesRequested="30376" timestamp="2019-06-15T03:58:14.078" intervalms="0.700" type="nursery" />
<cycle-start id="161" type="scavenge" contextid="0" timestamp="2019-06-15T03:58:14.078" intervalms="0.699" />
<gc-start id="162" type="scavenge" contextid="161" timestamp="2019-06-15T03:58:14.078">
  <mem-info id="163" free="4929352" total="8519680" percent="57">
    <mem type="nursery" free="0" total="2228224" percent="0">
      <mem type="allocate" free="0" total="1900544" percent="0" />
      <mem type="survivor" free="0" total="327680" percent="0" />
    </mem>
    <mem type="tenure" free="4929352" total="6291456" percent="78">
      <mem type="soa" free="4614984" total="5977088" percent="77" />
      <mem type="loa" free="314368" total="314368" percent="100" />
    </mem>
    <remembered-set count="57" />
  </mem-info>
</gc-start>
<allocation-stats totalBytes="1666952" >
  <allocated-bytes non-tlh="26928" tlh="1640024" />
  <largest-consumer threadName="main" threadId="0000000002209700" bytes="1666952" />
</allocation-stats>
<gc-op id="164" type="scavenge" timems="0.129" contextid="161" timestamp="2019-06-15T03:58:14.078">
  <scavenger-info tenureage="3" tenuremask="ffe8" tiltratio="85" />
  <memory-copied type="nursery" objects="2" bytes="15216" bytesdiscarded="23952" />
</gc-op>
<gc-end id="165" type="scavenge" contextid="161" durationms="0.260" usertimems="0.000" systemtimems="0.000" timestamp="2019-06-15T03:58:14.078" activeThreads="4">
  <mem-info id="166" free="6856264" total="8519680" percent="80">
    <mem type="nursery" free="1926912" total="2228224" percent="86">
      <mem type="allocate" free="1926912" total="1966080" percent="98" />
      <mem type="survivor" free="0" total="262144" percent="0" />
    </mem>
    <mem type="tenure" free="4929352" total="6291456" percent="78">
      <mem type="soa" free="4614984" total="5977088" percent="77" />
      <mem type="loa" free="314368" total="314368" percent="100" />
    </mem>
    <remembered-set count="57" />
  </mem-info>
</gc-end>
<cycle-end id="167" type="scavenge" contextid="161" timestamp="2019-06-15T03:58:14.078" />
  <attribute name="elasticGC enabled" value="1" />
  <attribute name= "numThreadsSpecified" value="4" />
  <attribute name="heapSize specified" value="0" />
  <attribute name="Current GC Util" value="39" />
  <attribute name= "Current Time Running" value="583" />
  <attribute name ="GC Interval" value="200" />
  <attribute name="ProportionalT" value="9.500000" />
  <attribute name="ProportionalI" value="9.500000" />
  <attribute name="ProportionalH" value="9.500000" />
  <attribute name="Current Error" value="19.000000" />
  <attribute name="IntegralT" value="0.000000" />
  <attribute name="IntegralI" value="0.000000" />
  <attribute name="IntegralH" value="0.000000" />
  <attribute name="DerivativeT" value="-inf" />
  <attribute name="DerivativeI" value="-inf" />
  <attribute name="DerivativeH" value="-inf" />
  <attribute name="Loop Time for DT" value="0.000000" />
  <attribute name="Output H" value="2092630016"/>
  <attribute name="Output I" value="200"/>
  <attribute name="Output T" value="4"/>
  <attribute name="Target GC Util Change" value ="20.000000" />
  <attribute name="Current GC Util Change" value="39.000000"/>
  <attribute name="GC Util currently" value="39" />
  <attribute name="CPU Util currently" value="6592304286973" />
<allocation-satisfied id="168" threadId="0000000002209700" bytesRequested="30376" />
<af-end id="169" timestamp="2019-06-15T03:58:14.078" threadId="000000000220A088" success="true" from="nursery"/>
<exclusive-end id="170" timestamp="2019-06-15T03:58:14.078" durationms="0.563" />

<exclusive-start id="171" timestamp="2019-06-15T03:58:14.078" intervalms="0.739">
  <response-info timems="0.026" idlems="0.026" threads="0" lastid="0000000002209700" lastname="main" />
</exclusive-start>
<af-start id="172" threadId="000000000220A088" totalBytesRequested="33496" timestamp="2019-06-15T03:58:14.079" intervalms="0.746" type="nursery" />
<cycle-start id="173" type="scavenge" contextid="0" timestamp="2019-06-15T03:58:14.079" intervalms="0.748" />
<gc-start id="174" type="scavenge" contextid="173" timestamp="2019-06-15T03:58:14.079">
  <mem-info id="175" free="4929352" total="8519680" percent="57">
    <mem type="nursery" free="0" total="2228224" percent="0">
      <mem type="allocate" free="0" total="1966080" percent="0" />
      <mem type="survivor" free="0" total="262144" percent="0" />
    </mem>
    <mem type="tenure" free="4929352" total="6291456" percent="78">
      <mem type="soa" free="4614984" total="5977088" percent="77" />
      <mem type="loa" free="314368" total="314368" percent="100" />
    </mem>
    <remembered-set count="57" />
  </mem-info>
</gc-start>
<allocation-stats totalBytes="1665376" >
  <allocated-bytes non-tlh="30376" tlh="1635000" />
  <largest-consumer threadName="main" threadId="0000000002209700" bytes="1665376" />
</allocation-stats>
<gc-op id="176" type="scavenge" timems="0.127" contextid="173" timestamp="2019-06-15T03:58:14.079">
  <scavenger-info tenureage="3" tenuremask="fff8" tiltratio="88" />
  <memory-copied type="nursery" objects="2" bytes="16776" bytesdiscarded="22392" />
</gc-op>
<gc-end id="177" type="scavenge" contextid="173" durationms="0.260" usertimems="0.000" systemtimems="4.000" timestamp="2019-06-15T03:58:14.079" activeThreads="4">
  <mem-info id="178" free="6856264" total="8519680" percent="80">
    <mem type="nursery" free="1926912" total="2228224" percent="86">
      <mem type="allocate" free="1926912" total="1966080" percent="98" />
      <mem type="survivor" free="0" total="262144" percent="0" />
    </mem>
    <mem type="tenure" free="4929352" total="6291456" percent="78">
      <mem type="soa" free="4614984" total="5977088" percent="77" />
      <mem type="loa" free="314368" total="314368" percent="100" />
    </mem>
    <remembered-set count="57" />
  </mem-info>
</gc-end>
<cycle-end id="179" type="scavenge" contextid="173" timestamp="2019-06-15T03:58:14.079" />
  <attribute name="elasticGC enabled" value="1" />
  <attribute name= "numThreadsSpecified" value="4" />
  <attribute name="heapSize specified" value="0" />
  <attribute name="Current GC Util" value="44" />
  <attribute name= "Current Time Running" value="584" />
  <attribute name ="GC Interval" value="200" />
  <attribute name="ProportionalT" value="12.000000" />
  <attribute name="ProportionalI" value="12.000000" />
  <attribute name="ProportionalH" value="12.000000" />
  <attribute name="Current Error" value="24.000000" />
  <attribute name="IntegralT" value="24.000000" />
  <attribute name="IntegralI" value="24.000000" />
  <attribute name="IntegralH" value="24.000000" />
  <attribute name="DerivativeT" value="7.500000" />
  <attribute name="DerivativeI" value="7.500000" />
  <attribute name="DerivativeH" value="7.500000" />
  <attribute name="Loop Time for DT" value="1.000000" />
  <attribute name="Output H" value="8388608"/>
  <attribute name="Output I" value="200"/>
  <attribute name="Output T" value="4"/>
  <attribute name="Target GC Util Change" value ="20.000000" />
  <attribute name="Current GC Util Change" value="44.000000"/>
  <attribute name="GC Util currently" value="44" />
  <attribute name="CPU Util currently" value="6161591137192" />
<allocation-satisfied id="180" threadId="0000000002209700" bytesRequested="33496" />
<af-end id="181" timestamp="2019-06-15T03:58:14.079" threadId="000000000220A088" success="true" from="nursery"/>
<exclusive-end id="182" timestamp="2019-06-15T03:58:14.079" durationms="0.572" />

<exclusive-start id="183" timestamp="2019-06-15T03:58:14.079" intervalms="0.761">
  <response-info timems="0.021" idlems="0.021" threads="0" lastid="0000000002209700" lastname="main" />
</exclusive-start>
<af-start id="184" threadId="000000000220A088" totalBytesRequested="18152" timestamp="2019-06-15T03:58:14.079" intervalms="0.755" type="nursery" />
<cycle-start id="185" type="scavenge" contextid="0" timestamp="2019-06-15T03:58:14.079" intervalms="0.753" />
<gc-start id="186" type="scavenge" contextid="185" timestamp="2019-06-15T03:58:14.079">
  <mem-info id="187" free="4929352" total="8519680" percent="57">
    <mem type="nursery" free="0" total="2228224" percent="0">
      <mem type="allocate" free="0" total="1966080" percent="0" />
      <mem type="survivor" free="0" total="262144" percent="0" />
    </mem>
    <mem type="tenure" free="4929352" total="6291456" percent="78">
      <mem type="soa" free="4614984" total="5977088" percent="77" />
      <mem type="loa" free="314368" total="314368" percent="100" />
    </mem>
    <remembered-set count="57" />
  </mem-info>
</gc-start>
<allocation-stats totalBytes="1663080" >
  <allocated-bytes non-tlh="33496" tlh="1629584" />
  <largest-consumer threadName="main" threadId="0000000002209700" bytes="1663080" />
</allocation-stats>
<gc-op id="188" type="scavenge" timems="0.150" contextid="185" timestamp="2019-06-15T03:58:14.080">
  <scavenger-info tenureage="3" tenuremask="fff8" tiltratio="88" />
  <memory-copied type="nursery" objects="4" bytes="18232" bytesdiscarded="20936" />
</gc-op>
<gc-end id="189" type="scavenge" contextid="185" durationms="0.290" usertimems="0.000" systemtimems="0.000" timestamp="2019-06-15T03:58:14.080" activeThreads="4">
  <mem-info id="190" free="6856264" total="8519680" percent="80">
    <mem type="nursery" free="1926912" total="2228224" percent="86">
      <mem type="allocate" free="1926912" total="1966080" percent="98" />
      <mem type="survivor" free="0" total="262144" percent="0" />
    </mem>
    <mem type="tenure" free="4929352" total="6291456" percent="78">
      <mem type="soa" free="4614984" total="5977088" percent="77" />
      <mem type="loa" free="314368" total="314368" percent="100" />
    </mem>
    <remembered-set count="57" />
  </mem-info>
</gc-end>
<cycle-end id="191" type="scavenge" contextid="185" timestamp="2019-06-15T03:58:14.080" />
  <attribute name="elasticGC enabled" value="1" />
  <attribute name= "numThreadsSpecified" value="4" />
  <attribute name="heapSize specified" value="0" />
  <attribute name="Current GC Util" value="42" />
  <attribute name= "Current Time Running" value="585" />
  <attribute name ="GC Interval" value="200" />
  <attribute name="ProportionalT" value="11.000000" />
  <attribute name="ProportionalI" value="11.000000" />
  <attribute name="ProportionalH" value="11.000000" />
  <attribute name="Current Error" value="22.000000" />
  <attribute name="IntegralT" value="22.000000" />
  <attribute name="IntegralI" value="22.000000" />
  <attribute name="IntegralH" value="22.000000" />
  <attribute name="DerivativeT" value="-3.000000" />
  <attribute name="DerivativeI" value="-3.000000" />
  <attribute name="DerivativeH" value="-3.000000" />
  <attribute name="Loop Time for DT" value="1.000000" />
  <attribute name="Output H" value="8388608"/>
  <attribute name="Output I" value="200"/>
  <attribute name="Output T" value="4"/>
  <attribute name="Target GC Util Change" value ="20.000000" />
  <attribute name="Current GC Util Change" value="42.000000"/>
  <attribute name="GC Util currently" value="42" />
  <attribute name="CPU Util currently" value="6078060710625" />
<allocation-satisfied id="192" threadId="0000000002209700" bytesRequested="18152" />
<af-end id="193" timestamp="2019-06-15T03:58:14.080" threadId="000000000220A088" success="true" from="nursery"/>
<exclusive-end id="194" timestamp="2019-06-15T03:58:14.080" durationms="0.606" />

<exclusive-start id="195" timestamp="2019-06-15T03:58:14.080" intervalms="0.786">
  <response-info timems="0.016" idlems="0.016" threads="0" lastid="0000000002209700" lastname="main" />
</exclusive-start>
<af-start id="196" threadId="000000000220A088" totalBytesRequested="19448" timestamp="2019-06-15T03:58:14.080" intervalms="0.784" type="nursery" />
<cycle-start id="197" type="scavenge" contextid="0" timestamp="2019-06-15T03:58:14.080" intervalms="0.784" />
<gc-start id="198" type="scavenge" contextid="197" timestamp="2019-06-15T03:58:14.080">
  <mem-info id="199" free="4929352" total="8519680" percent="57">
    <mem type="nursery" free="0" total="2228224" percent="0">
      <mem type="allocate" free="0" total="1966080" percent="0" />
      <mem type="survivor" free="0" total="262144" percent="0" />
    </mem>
    <mem type="tenure" free="4929352" total="6291456" percent="78">
      <mem type="soa" free="4614984" total="5977088" percent="77" />
      <mem type="loa" free="314368" total="314368" percent="100" />
    </mem>
    <remembered-set count="57" />
  </mem-info>
</gc-start>
<allocation-stats totalBytes="1635816" >
  <allocated-bytes non-tlh="54440" tlh="1581376" />
  <largest-consumer threadName="main" threadId="0000000002209700" bytes="1635816" />
</allocation-stats>
<gc-op id="200" type="scavenge" timems="0.140" contextid="197" timestamp="2019-06-15T03:58:14.080">
  <scavenger-info tenureage="3" tenuremask="fff8" tiltratio="88" />
  <memory-copied type="nursery" objects="2" bytes="38904" bytesdiscarded="39152" />
</gc-op>
<gc-end id="201" type="scavenge" contextid="197" durationms="0.270" usertimems="0.000" systemtimems="0.000" timestamp="2019-06-15T03:58:14.080" activeThreads="4">
  <mem-info id="202" free="6817376" total="8519680" percent="80">
    <mem type="nursery" free="1888024" total="2228224" percent="84">
      <mem type="allocate" free="1888024" total="1966080" percent="96" />
      <mem type="survivor" free="0" total="262144" percent="0" />
    </mem>
    <mem type="tenure" free="4929352" total="6291456" percent="78">
      <mem type="soa" free="4614984" total="5977088" percent="77" />
      <mem type="loa" free="314368" total="314368" percent="100" />
    </mem>
    <remembered-set count="57" />
  </mem-info>
</gc-end>
<cycle-end id="203" type="scavenge" contextid="197" timestamp="2019-06-15T03:58:14.080" />
  <attribute name="elasticGC enabled" value="1" />
  <attribute name= "numThreadsSpecified" value="4" />
  <attribute name="heapSize specified" value="0" />
  <attribute name="Current GC Util" value="42" />
  <attribute name= "Current Time Running" value="586" />
  <attribute name ="GC Interval" value="200" />
  <attribute name="ProportionalT" value="11.000000" />
  <attribute name="ProportionalI" value="11.000000" />
  <attribute name="ProportionalH" value="11.000000" />
  <attribute name="Current Error" value="22.000000" />
  <attribute name="IntegralT" value="22.000000" />
  <attribute name="IntegralI" value="22.000000" />
  <attribute name="IntegralH" value="22.000000" />
  <attribute name="DerivativeT" value="0.000000" />
  <attribute name="DerivativeI" value="0.000000" />
  <attribute name="DerivativeH" value="0.000000" />
  <attribute name="Loop Time for DT" value="1.000000" />
  <attribute name="Output H" value="8388608"/>
  <attribute name="Output I" value="200"/>
  <attribute name="Output T" value="4"/>
  <attribute name="Target GC Util Change" value ="20.000000" />
  <attribute name="Current GC Util Change" value="42.000000"/>
  <attribute name="GC Util currently" value="42" />
  <attribute name="CPU Util currently" value="5934306432512" />
<allocation-satisfied id="204" threadId="0000000002209700" bytesRequested="19448" />
<af-end id="205" timestamp="2019-06-15T03:58:14.081" threadId="000000000220A088" success="true" from="nursery"/>
<exclusive-end id="206" timestamp="2019-06-15T03:58:14.081" durationms="0.571" />

<exclusive-start id="207" timestamp="2019-06-15T03:58:14.081" intervalms="0.759">
  <response-info timems="0.019" idlems="0.019" threads="0" lastid="0000000002209700" lastname="main" />
</exclusive-start>
<af-start id="208" threadId="000000000220A088" totalBytesRequested="41216" timestamp="2019-06-15T03:58:14.081" intervalms="0.760" type="nursery" />
<cycle-start id="209" type="scavenge" contextid="0" timestamp="2019-06-15T03:58:14.081" intervalms="0.762" />
<gc-start id="210" type="scavenge" contextid="209" timestamp="2019-06-15T03:58:14.081">
  <mem-info id="211" free="4929352" total="8519680" percent="57">
    <mem type="nursery" free="0" total="2228224" percent="0">
      <mem type="allocate" free="0" total="1966080" percent="0" />
      <mem type="survivor" free="0" total="262144" percent="0" />
    </mem>
    <mem type="tenure" free="4929352" total="6291456" percent="78">
      <mem type="soa" free="4614984" total="5977088" percent="77" />
      <mem type="loa" free="314368" total="314368" percent="100" />
    </mem>
    <remembered-set count="57" />
  </mem-info>
</gc-start>
<allocation-stats totalBytes="1645848" >
  <allocated-bytes non-tlh="58600" tlh="1587248" />
  <largest-consumer threadName="main" threadId="0000000002209700" bytes="1645848" />
</allocation-stats>
<gc-op id="212" type="scavenge" timems="0.087" contextid="209" timestamp="2019-06-15T03:58:14.081">
  <scavenger-info tenureage="3" tenuremask="fff8" tiltratio="88" />
  <memory-copied type="nursery" objects="2" bytes="20640" bytesdiscarded="18528" />
</gc-op>
<gc-end id="213" type="scavenge" contextid="209" durationms="0.215" usertimems="0.000" systemtimems="0.000" timestamp="2019-06-15T03:58:14.081" activeThreads="1">
  <mem-info id="214" free="6856264" total="8519680" percent="80">
    <mem type="nursery" free="1926912" total="2228224" percent="86">
      <mem type="allocate" free="1926912" total="1966080" percent="98" />
      <mem type="survivor" free="0" total="262144" percent="0" />
    </mem>
    <mem type="tenure" free="4929352" total="6291456" percent="78">
      <mem type="soa" free="4614984" total="5977088" percent="77" />
      <mem type="loa" free="314368" total="314368" percent="100" />
    </mem>
    <remembered-set count="57" />
  </mem-info>
</gc-end>
<cycle-end id="215" type="scavenge" contextid="209" timestamp="2019-06-15T03:58:14.081" />
  <attribute name="elasticGC enabled" value="1" />
  <attribute name= "numThreadsSpecified" value="1" />
  <attribute name="heapSize specified" value="0" />
  <attribute name="Current GC Util" value="43" />
  <attribute name= "Current Time Running" value="586" />
  <attribute name ="GC Interval" value="200" />
  <attribute name="ProportionalT" value="11.500000" />
  <attribute name="ProportionalI" value="11.500000" />
  <attribute name="ProportionalH" value="11.500000" />
  <attribute name="Current Error" value="23.000000" />
  <attribute name="IntegralT" value="0.000000" />
  <attribute name="IntegralI" value="0.000000" />
  <attribute name="IntegralH" value="0.000000" />
  <attribute name="DerivativeT" value="inf" />
  <attribute name="DerivativeI" value="inf" />
  <attribute name="DerivativeH" value="inf" />
  <attribute name="Loop Time for DT" value="0.000000" />
  <attribute name="Output H" value="8388608"/>
  <attribute name="Output I" value="200"/>
  <attribute name="Output T" value="1"/>
  <attribute name="Target GC Util Change" value ="20.000000" />
  <attribute name="Current GC Util Change" value="43.000000"/>
  <attribute name="GC Util currently" value="43" />
  <attribute name="CPU Util currently" value="6063332769398" />
<allocation-satisfied id="216" threadId="0000000002209700" bytesRequested="41216" />
<af-end id="217" timestamp="2019-06-15T03:58:14.081" threadId="000000000220A088" success="true" from="nursery"/>
<exclusive-end id="218" timestamp="2019-06-15T03:58:14.081" durationms="0.519" />

<exclusive-start id="219" timestamp="2019-06-15T03:58:14.081" intervalms="0.698">
  <response-info timems="0.016" idlems="0.016" threads="0" lastid="0000000002209700" lastname="main" />
</exclusive-start>
<af-start id="220" threadId="000000000220A088" totalBytesRequested="21704" timestamp="2019-06-15T03:58:14.082" intervalms="0.697" type="nursery" />
<cycle-start id="221" type="scavenge" contextid="0" timestamp="2019-06-15T03:58:14.082" intervalms="0.695" />
<gc-start id="222" type="scavenge" contextid="221" timestamp="2019-06-15T03:58:14.082">
  <mem-info id="223" free="4929352" total="8519680" percent="57">
    <mem type="nursery" free="0" total="2228224" percent="0">
      <mem type="allocate" free="0" total="1966080" percent="0" />
      <mem type="survivor" free="0" total="262144" percent="0" />
    </mem>
    <mem type="tenure" free="4929352" total="6291456" percent="78">
      <mem type="soa" free="4614984" total="5977088" percent="77" />
      <mem type="loa" free="314368" total="314368" percent="100" />
    </mem>
    <remembered-set count="57" />
  </mem-info>
</gc-start>
<allocation-stats totalBytes="1652608" >
  <allocated-bytes non-tlh="124288" tlh="1528320" />
  <largest-consumer threadName="main" threadId="0000000002209700" bytes="1652608" />
</allocation-stats>
<gc-op id="224" type="scavenge" timems="0.101" contextid="221" timestamp="2019-06-15T03:58:14.082">
  <scavenger-info tenureage="3" tenuremask="fff8" tiltratio="88" />
  <memory-copied type="nursery" objects="2" bytes="43416" bytesdiscarded="39152" />
</gc-op>
<gc-end id="225" type="scavenge" contextid="221" durationms="0.229" usertimems="0.000" systemtimems="0.000" timestamp="2019-06-15T03:58:14.082" activeThreads="4">
  <mem-info id="226" free="6812864" total="8519680" percent="79">
    <mem type="nursery" free="1883512" total="2228224" percent="84">
      <mem type="allocate" free="1883512" total="1966080" percent="95" />
      <mem type="survivor" free="0" total="262144" percent="0" />
    </mem>
    <mem type="tenure" free="4929352" total="6291456" percent="78">
      <mem type="soa" free="4614984" total="5977088" percent="77" />
      <mem type="loa" free="314368" total="314368" percent="100" />
    </mem>
    <remembered-set count="57" />
  </mem-info>
</gc-end>
<cycle-end id="227" type="scavenge" contextid="221" timestamp="2019-06-15T03:58:14.082" />
  <attribute name="elasticGC enabled" value="1" />
  <attribute name= "numThreadsSpecified" value="4" />
  <attribute name="heapSize specified" value="0" />
  <attribute name="Current GC Util" value="38" />
  <attribute name= "Current Time Running" value="587" />
  <attribute name ="GC Interval" value="200" />
  <attribute name="ProportionalT" value="9.000000" />
  <attribute name="ProportionalI" value="9.000000" />
  <attribute name="ProportionalH" value="9.000000" />
  <attribute name="Current Error" value="18.000000" />
  <attribute name="IntegralT" value="18.000000" />
  <attribute name="IntegralI" value="18.000000" />
  <attribute name="IntegralH" value="18.000000" />
  <attribute name="DerivativeT" value="-7.500000" />
  <attribute name="DerivativeI" value="-7.500000" />
  <attribute name="DerivativeH" value="-7.500000" />
  <attribute name="Loop Time for DT" value="1.000000" />
  <attribute name="Output H" value="8388608"/>
  <attribute name="Output I" value="200"/>
  <attribute name="Output T" value="4"/>
  <attribute name="Target GC Util Change" value ="20.000000" />
  <attribute name="Current GC Util Change" value="38.000000"/>
  <attribute name="GC Util currently" value="38" />
  <attribute name="CPU Util currently" value="6628995373961" />
<allocation-satisfied id="228" threadId="0000000002209700" bytesRequested="21704" />
<af-end id="229" timestamp="2019-06-15T03:58:14.082" threadId="000000000220A088" success="true" from="nursery"/>
<exclusive-end id="230" timestamp="2019-06-15T03:58:14.082" durationms="0.529" />

<exclusive-start id="231" timestamp="2019-06-15T03:58:14.082" intervalms="0.707">
  <response-info timems="0.016" idlems="0.016" threads="0" lastid="0000000002209700" lastname="main" />
</exclusive-start>
<af-start id="232" threadId="000000000220A088" totalBytesRequested="45416" timestamp="2019-06-15T03:58:14.082" intervalms="0.707" type="nursery" />
<cycle-start id="233" type="scavenge" contextid="0" timestamp="2019-06-15T03:58:14.082" intervalms="0.708" />
<gc-start id="234" type="scavenge" contextid="233" timestamp="2019-06-15T03:58:14.082">
  <mem-info id="235" free="4929352" total="8519680" percent="57">
    <mem type="nursery" free="0" total="2228224" percent="0">
      <mem type="allocate" free="0" total="1966080" percent="0" />
      <mem type="survivor" free="0" total="262144" percent="0" />
    </mem>
    <mem type="tenure" free="4929352" total="6291456" percent="78">
      <mem type="soa" free="4614984" total="5977088" percent="77" />
      <mem type="loa" free="314368" total="314368" percent="100" />
    </mem>
    <remembered-set count="57" />
  </mem-info>
</gc-start>
<allocation-stats totalBytes="1554896" >
  <allocated-bytes non-tlh="109184" tlh="1445712" />
  <largest-consumer threadName="main" threadId="0000000002209700" bytes="1554896" />
</allocation-stats>
<gc-op id="236" type="scavenge" timems="0.131" contextid="233" timestamp="2019-06-15T03:58:14.083">
  <scavenger-info tenureage="3" tenuremask="fff8" tiltratio="88" />
  <memory-copied type="nursery" objects="2" bytes="22736" bytesdiscarded="16432" />
</gc-op>
<gc-end id="237" type="scavenge" contextid="233" durationms="0.264" usertimems="0.000" systemtimems="0.000" timestamp="2019-06-15T03:58:14.083" activeThreads="4">
  <mem-info id="238" free="6856264" total="8519680" percent="80">
    <mem type="nursery" free="1926912" total="2228224" percent="86">
      <mem type="allocate" free="1926912" total="1966080" percent="98" />
      <mem type="survivor" free="0" total="262144" percent="0" />
    </mem>
    <mem type="tenure" free="4929352" total="6291456" percent="78">
      <mem type="soa" free="4614984" total="5977088" percent="77" />
      <mem type="loa" free="314368" total="314368" percent="100" />
    </mem>
    <remembered-set count="57" />
  </mem-info>
</gc-end>
<cycle-end id="239" type="scavenge" contextid="233" timestamp="2019-06-15T03:58:14.083" />
  <attribute name="elasticGC enabled" value="1" />
  <attribute name= "numThreadsSpecified" value="4" />
  <attribute name="heapSize specified" value="0" />
  <attribute name="Current GC Util" value="44" />
  <attribute name= "Current Time Running" value="588" />
  <attribute name ="GC Interval" value="200" />
  <attribute name="ProportionalT" value="12.000000" />
  <attribute name="ProportionalI" value="12.000000" />
  <attribute name="ProportionalH" value="12.000000" />
  <attribute name="Current Error" value="24.000000" />
  <attribute name="IntegralT" value="24.000000" />
  <attribute name="IntegralI" value="24.000000" />
  <attribute name="IntegralH" value="24.000000" />
  <attribute name="DerivativeT" value="9.000000" />
  <attribute name="DerivativeI" value="9.000000" />
  <attribute name="DerivativeH" value="9.000000" />
  <attribute name="Loop Time for DT" value="1.000000" />
  <attribute name="Output H" value="8388608"/>
  <attribute name="Output I" value="200"/>
  <attribute name="Output T" value="4"/>
  <attribute name="Target GC Util Change" value ="20.000000" />
  <attribute name="Current GC Util Change" value="44.000000"/>
  <attribute name="GC Util currently" value="44" />
  <attribute name="CPU Util currently" value="6513386425657" />
<allocation-satisfied id="240" threadId="0000000002209700" bytesRequested="45416" />
<af-end id="241" timestamp="2019-06-15T03:58:14.083" threadId="000000000220A088" success="true" from="nursery"/>
<exclusive-end id="242" timestamp="2019-06-15T03:58:14.083" durationms="0.568" />

<exclusive-start id="243" timestamp="2019-06-15T03:58:14.083" intervalms="0.758">
  <response-info timems="0.022" idlems="0.022" threads="0" lastid="0000000002209700" lastname="main" />
</exclusive-start>
<af-start id="244" threadId="000000000220A088" totalBytesRequested="23744" timestamp="2019-06-15T03:58:14.083" intervalms="0.759" type="nursery" />
<cycle-start id="245" type="scavenge" contextid="0" timestamp="2019-06-15T03:58:14.083" intervalms="0.758" />
<gc-start id="246" type="scavenge" contextid="245" timestamp="2019-06-15T03:58:14.083">
  <mem-info id="247" free="4929352" total="8519680" percent="57">
    <mem type="nursery" free="0" total="2228224" percent="0">
      <mem type="allocate" free="0" total="1966080" percent="0" />
      <mem type="survivor" free="0" total="262144" percent="0" />
    </mem>
    <mem type="tenure" free="4929352" total="6291456" percent="78">
      <mem type="soa" free="4614984" total="5977088" percent="77" />
      <mem type="loa" free="314368" total="314368" percent="100" />
    </mem>
    <remembered-set count="57" />
  </mem-info>
</gc-start>
<allocation-stats totalBytes="1647904" >
  <allocated-bytes non-tlh="182464" tlh="1465440" />
  <largest-consumer threadName="main" threadId="0000000002209700" bytes="1647904" />
</allocation-stats>
<gc-op id="248" type="scavenge" timems="0.100" contextid="245" timestamp="2019-06-15T03:58:14.083">
  <scavenger-info tenureage="3" tenuremask="fff8" tiltratio="88" />
  <memory-copied type="nursery" objects="4" bytes="23824" bytesdiscarded="15344" />
</gc-op>
<gc-end id="249" type="scavenge" contextid="245" durationms="0.229" usertimems="4.000" systemtimems="0.000" timestamp="2019-06-15T03:58:14.083" activeThreads="4">
  <mem-info id="250" free="6856264" total="8519680" percent="80">
    <mem type="nursery" free="1926912" total="2228224" percent="86">
      <mem type="allocate" free="1926912" total="1966080" percent="98" />
      <mem type="survivor" free="0" total="262144" percent="0" />
    </mem>
    <mem type="tenure" free="4929352" total="6291456" percent="78">
      <mem type="soa" free="4614984" total="5977088" percent="77" />
      <mem type="loa" free="314368" total="314368" percent="100" />
    </mem>
    <remembered-set count="57" />
  </mem-info>
</gc-end>
<cycle-end id="251" type="scavenge" contextid="245" timestamp="2019-06-15T03:58:14.083" />
  <attribute name="elasticGC enabled" value="1" />
  <attribute name= "numThreadsSpecified" value="4" />
  <attribute name="heapSize specified" value="0" />
  <attribute name="Current GC Util" value="41" />
  <attribute name= "Current Time Running" value="588" />
  <attribute name ="GC Interval" value="200" />
  <attribute name="ProportionalT" value="10.500000" />
  <attribute name="ProportionalI" value="10.500000" />
  <attribute name="ProportionalH" value="10.500000" />
  <attribute name="Current Error" value="21.000000" />
  <attribute name="IntegralT" value="0.000000" />
  <attribute name="IntegralI" value="0.000000" />
  <attribute name="IntegralH" value="0.000000" />
  <attribute name="DerivativeT" value="-inf" />
  <attribute name="DerivativeI" value="-inf" />
  <attribute name="DerivativeH" value="-inf" />
  <attribute name="Loop Time for DT" value="0.000000" />
  <attribute name="Output H" value="2092630016"/>
  <attribute name="Output I" value="200"/>
  <attribute name="Output T" value="4"/>
  <attribute name="Target GC Util Change" value ="20.000000" />
  <attribute name="Current GC Util Change" value="41.000000"/>
  <attribute name="GC Util currently" value="41" />
  <attribute name="CPU Util currently" value="6080769533063" />
<allocation-satisfied id="252" threadId="0000000002209700" bytesRequested="23744" />
<af-end id="253" timestamp="2019-06-15T03:58:14.083" threadId="000000000220A088" success="true" from="nursery"/>
<exclusive-end id="254" timestamp="2019-06-15T03:58:14.083" durationms="0.530" />

<exclusive-start id="255" timestamp="2019-06-15T03:58:14.084" intervalms="0.734">
  <response-info timems="0.019" idlems="0.019" threads="0" lastid="0000000002209700" lastname="main" />
</exclusive-start>
<af-start id="256" threadId="000000000220A088" totalBytesRequested="24696" timestamp="2019-06-15T03:58:14.084" intervalms="0.734" type="nursery" />
<cycle-start id="257" type="scavenge" contextid="0" timestamp="2019-06-15T03:58:14.084" intervalms="0.735" />
<gc-start id="258" type="scavenge" contextid="257" timestamp="2019-06-15T03:58:14.084">
  <mem-info id="259" free="4929352" total="8519680" percent="57">
    <mem type="nursery" free="0" total="2228224" percent="0">
      <mem type="allocate" free="0" total="1966080" percent="0" />
      <mem type="survivor" free="0" total="262144" percent="0" />
    </mem>
    <mem type="tenure" free="4929352" total="6291456" percent="78">
      <mem type="soa" free="4614984" total="5977088" percent="77" />
      <mem type="loa" free="314368" total="314368" percent="100" />
    </mem>
    <remembered-set count="57" />
  </mem-info>
</gc-start>
<allocation-stats totalBytes="1646512" >
  <allocated-bytes non-tlh="214320" tlh="1432192" />
  <largest-consumer threadName="main" threadId="0000000002209700" bytes="1646512" />
</allocation-stats>
<gc-op id="260" type="scavenge" timems="0.137" contextid="257" timestamp="2019-06-15T03:58:14.084">
  <scavenger-info tenureage="3" tenuremask="fff8" tiltratio="88" />
  <memory-copied type="nursery" objects="4" bytes="24776" bytesdiscarded="14392" />
</gc-op>
<gc-end id="261" type="scavenge" contextid="257" durationms="0.267" usertimems="0.000" systemtimems="0.000" timestamp="2019-06-15T03:58:14.084" activeThreads="4">
  <mem-info id="262" free="6856264" total="8519680" percent="80">
    <mem type="nursery" free="1926912" total="2228224" percent="86">
      <mem type="allocate" free="1926912" total="1966080" percent="98" />
      <mem type="survivor" free="0" total="262144" percent="0" />
    </mem>
    <mem type="tenure" free="4929352" total="6291456" percent="78">
      <mem type="soa" free="4614984" total="5977088" percent="77" />
      <mem type="loa" free="314368" total="314368" percent="100" />
    </mem>
    <remembered-set count="57" />
  </mem-info>
</gc-end>
<cycle-end id="263" type="scavenge" contextid="257" timestamp="2019-06-15T03:58:14.084" />
  <attribute name="elasticGC enabled" value="1" />
  <attribute name= "numThreadsSpecified" value="4" />
  <attribute name="heapSize specified" value="0" />
  <attribute name="Current GC Util" value="42" />
  <attribute name= "Current Time Running" value="589" />
  <attribute name ="GC Interval" value="200" />
  <attribute name="ProportionalT" value="11.000000" />
  <attribute name="ProportionalI" value="11.000000" />
  <attribute name="ProportionalH" value="11.000000" />
  <attribute name="Current Error" value="22.000000" />
  <attribute name="IntegralT" value="22.000000" />
  <attribute name="IntegralI" value="22.000000" />
  <attribute name="IntegralH" value="22.000000" />
  <attribute name="DerivativeT" value="1.500000" />
  <attribute name="DerivativeI" value="1.500000" />
  <attribute name="DerivativeH" value="1.500000" />
  <attribute name="Loop Time for DT" value="1.000000" />
  <attribute name="Output H" value="8388608"/>
  <attribute name="Output I" value="200"/>
  <attribute name="Output T" value="4"/>
  <attribute name="Target GC Util Change" value ="20.000000" />
  <attribute name="Current GC Util Change" value="42.000000"/>
  <attribute name="GC Util currently" value="42" />
  <attribute name="CPU Util currently" value="6282095106886" />
<allocation-satisfied id="264" threadId="0000000002209700" bytesRequested="24696" />
<af-end id="265" timestamp="2019-06-15T03:58:14.084" threadId="000000000220A088" success="true" from="nursery"/>
<exclusive-end id="266" timestamp="2019-06-15T03:58:14.084" durationms="0.569" />

<exclusive-start id="267" timestamp="2019-06-15T03:58:14.084" intervalms="0.757">
  <response-info timems="0.019" idlems="0.019" threads="0" lastid="0000000002209700" lastname="main" />
</exclusive-start>
<af-start id="268" threadId="000000000220A088" totalBytesRequested="25832" timestamp="2019-06-15T03:58:14.085" intervalms="0.759" type="nursery" />
<cycle-start id="269" type="scavenge" contextid="0" timestamp="2019-06-15T03:58:14.085" intervalms="0.759" />
<gc-start id="270" type="scavenge" contextid="269" timestamp="2019-06-15T03:58:14.085">
  <mem-info id="271" free="4929352" total="8519680" percent="57">
    <mem type="nursery" free="0" total="2228224" percent="0">
      <mem type="allocate" free="0" total="1966080" percent="0" />
      <mem type="survivor" free="0" total="262144" percent="0" />
    </mem>
    <mem type="tenure" free="4929352" total="6291456" percent="78">
      <mem type="soa" free="4614984" total="5977088" percent="77" />
      <mem type="loa" free="314368" total="314368" percent="100" />
    </mem>
    <remembered-set count="57" />
  </mem-info>
</gc-start>
<allocation-stats totalBytes="1719208" >
  <allocated-bytes non-tlh="223336" tlh="1495872" />
  <largest-consumer threadName="main" threadId="0000000002209700" bytes="1719208" />
</allocation-stats>
<gc-op id="272" type="scavenge" timems="0.134" contextid="269" timestamp="2019-06-15T03:58:14.085">
  <scavenger-info tenureage="3" tenuremask="fff8" tiltratio="88" />
  <memory-copied type="nursery" objects="4" bytes="25912" bytesdiscarded="13256" />
</gc-op>
<gc-end id="273" type="scavenge" contextid="269" durationms="0.265" usertimems="0.000" systemtimems="0.000" timestamp="2019-06-15T03:58:14.085" activeThreads="4">
  <mem-info id="274" free="6856264" total="8519680" percent="80">
    <mem type="nursery" free="1926912" total="2228224" percent="86">
      <mem type="allocate" free="1926912" total="1966080" percent="98" />
      <mem type="survivor" free="0" total="262144" percent="0" />
    </mem>
    <mem type="tenure" free="4929352" total="6291456" percent="78">
      <mem type="soa" free="4614984" total="5977088" percent="77" />
      <mem type="loa" free="314368" total="314368" percent="100" />
    </mem>
    <remembered-set count="57" />
  </mem-info>
</gc-end>
<cycle-end id="275" type="scavenge" contextid="269" timestamp="2019-06-15T03:58:14.085" />
  <attribute name="elasticGC enabled" value="1" />
  <attribute name= "numThreadsSpecified" value="4" />
  <attribute name="heapSize specified" value="0" />
  <attribute name="Current GC Util" value="42" />
  <attribute name= "Current Time Running" value="590" />
  <attribute name ="GC Interval" value="200" />
  <attribute name="ProportionalT" value="11.000000" />
  <attribute name="ProportionalI" value="11.000000" />
  <attribute name="ProportionalH" value="11.000000" />
  <attribute name="Current Error" value="22.000000" />
  <attribute name="IntegralT" value="22.000000" />
  <attribute name="IntegralI" value="22.000000" />
  <attribute name="IntegralH" value="22.000000" />
  <attribute name="DerivativeT" value="0.000000" />
  <attribute name="DerivativeI" value="0.000000" />
  <attribute name="DerivativeH" value="0.000000" />
  <attribute name="Loop Time for DT" value="1.000000" />
  <attribute name="Output H" value="8388608"/>
  <attribute name="Output I" value="200"/>
  <attribute name="Output T" value="4"/>
  <attribute name="Target GC Util Change" value ="20.000000" />
  <attribute name="Current GC Util Change" value="42.000000"/>
  <attribute name="GC Util currently" value="42" />
  <attribute name="CPU Util currently" value="6067441091302" />
<allocation-satisfied id="276" threadId="0000000002209700" bytesRequested="25832" />
<af-end id="277" timestamp="2019-06-15T03:58:14.085" threadId="000000000220A088" success="true" from="nursery"/>
<exclusive-end id="278" timestamp="2019-06-15T03:58:14.085" durationms="0.571" />

<exclusive-start id="279" timestamp="2019-06-15T03:58:14.085" intervalms="0.845">
  <response-info timems="0.018" idlems="0.018" threads="0" lastid="0000000002209700" lastname="main" />
</exclusive-start>
<sys-start reason="explicit" id="280" timestamp="2019-06-15T03:58:14.085" intervalms="703.992" />
<cycle-start id="281" type="global" contextid="0" timestamp="2019-06-15T03:58:14.085" intervalms="704.096" />
<gc-start id="282" type="global" contextid="281" timestamp="2019-06-15T03:58:14.085">
  <mem-info id="283" free="5182672" total="8519680" percent="60">
    <mem type="nursery" free="253320" total="2228224" percent="11">
      <mem type="allocate" free="253320" total="1966080" percent="12" />
      <mem type="survivor" free="0" total="262144" percent="0" />
    </mem>
    <mem type="tenure" free="4929352" total="6291456" percent="78">
      <mem type="soa" free="4614984" total="5977088" percent="77" />
      <mem type="loa" free="314368" total="314368" percent="100" />
    </mem>
    <remembered-set count="57" />
  </mem-info>
</gc-start>
<allocation-stats totalBytes="1492392" >
  <allocated-bytes non-tlh="285048" tlh="1207344" />
  <largest-consumer threadName="main" threadId="0000000002209700" bytes="1492392" />
</allocation-stats>
<gc-op id="284" type="mark" timems="1.449" contextid="281" timestamp="2019-06-15T03:58:14.087">
  <trace-info objectcount="18972" scancount="15687" scanbytes="514644" />
  <finalization candidates="45" enqueued="0" />
  <ownableSynchronizers candidates="1" cleared="0" />
  <references type="soft" candidates="66" cleared="0" enqueued="0" dynamicThreshold="32" maxThreshold="32" />
  <references type="weak" candidates="396" cleared="28" enqueued="14" />
  <references type="phantom" candidates="51" cleared="0" enqueued="0" />
  <stringconstants candidates="2485" cleared="0"  />
</gc-op>
<gc-op id="285" type="classunload" timems="0.062" contextid="281" timestamp="2019-06-15T03:58:14.087">
  <classunload-info classloadercandidates="6" classloadersunloaded="0" classesunloaded="0" anonymousclassesunloaded="0" quiescems="0.000" setupms="0.062" scanms="0.000" postms="0.000" />
</gc-op>
<gc-op id="286" type="sweep" timems="0.415" contextid="281" timestamp="2019-06-15T03:58:14.088" />
<mem-info id="287" free="7044072" total="8519680" percent="82">
  <mem type="nursery" free="1934584" total="2228224" percent="86">
    <mem type="allocate" free="1934584" total="1966080" percent="98" />
    <mem type="survivor" free="0" total="262144" percent="0" />
  </mem>
  <mem type="tenure" free="5109488" total="6291456" percent="81" micro-fragmented="18029" macro-fragmented="0">
    <mem type="soa" free="4795120" total="5977088" percent="80" />
    <mem type="loa" free="314368" total="314368" percent="100" />
  </mem>
  <pending-finalizers system="0" default="0" reference="14" classloader="0" />
  <remembered-set count="55" />
</mem-info>
<gc-op id="288" type="compact" timems="4.747" contextid="281" timestamp="2019-06-15T03:58:14.093">
  <compact-info movecount="15281" movebytes="1038416" reason="compact to aid heap contraction" />
</gc-op>
<heap-resize id="289" type="expand" space="tenure" amount="2084110336" count="1" timems="0.020" reason="satisfy allocation request" timestamp="2019-06-15T03:58:14.093" />
<gc-end id="290" type="global" contextid="281" durationms="7.679" usertimems="8.000" systemtimems="0.000" timestamp="2019-06-15T03:58:14.093" activeThreads="4">
  <mem-info id="291" free="2091162032" total="2092630016" percent="99">
    <mem type="nursery" free="1937672" total="2228224" percent="86">
      <mem type="allocate" free="1937672" total="1966080" percent="98" />
      <mem type="survivor" free="0" total="262144" percent="0" />
    </mem>
    <mem type="tenure" free="2089224360" total="2090401792" percent="99">
      <mem type="soa" free="1984704680" total="1985882112" percent="99" />
      <mem type="loa" free="104519680" total="104519680" percent="100" />
    </mem>
    <pending-finalizers system="0" default="0" reference="14" classloader="0" />
    <remembered-set count="55" />
  </mem-info>
</gc-end>
<cycle-end id="292" type="global" contextid="281" timestamp="2019-06-15T03:58:14.093" />
  <attribute name="elasticGC enabled" value="1" />
  <attribute name= "numThreadsSpecified" value="4" />
  <attribute name="heapSize specified" value="8519680" />
  <attribute name="Current GC Util" value="0" />
  <attribute name= "Current Time Running" value="598" />
  <attribute name ="GC Interval" value="200" />
  <attribute name="ProportionalT" value="-10.000000" />
  <attribute name="ProportionalI" value="-10.000000" />
  <attribute name="ProportionalH" value="-10.000000" />
  <attribute name="Current Error" value="-20.000000" />
  <attribute name="IntegralT" value="-100.000000" />
  <attribute name="IntegralI" value="-100.000000" />
  <attribute name="IntegralH" value="-100.000000" />
  <attribute name="DerivativeT" value="-8.400000" />
  <attribute name="DerivativeI" value="-8.400000" />
  <attribute name="DerivativeH" value="-8.400000" />
  <attribute name="Loop Time for DT" value="5.000000" />
  <attribute name="Output H" value="2092630016"/>
  <attribute name="Output I" value="200"/>
  <attribute name="Output T" value="4"/>
  <attribute name="Target GC Util Change" value ="20.000000" />
  <attribute name="Current GC Util Change" value="0.000000"/>
  <attribute name="GC Util currently" value="0" />
  <attribute name="CPU Util currently" value="953763323544" />
<sys-end id="293" timestamp="2019-06-15T03:58:14.093" />
<exclusive-end id="294" timestamp="2019-06-15T03:58:14.093" durationms="8.143" />

<exclusive-start id="295" timestamp="2019-06-15T03:58:14.262" intervalms="176.307">
  <response-info timems="0.029" idlems="0.029" threads="0" lastid="0000000002209700" lastname="main" />
</exclusive-start>
<af-start id="296" threadId="000000000220A088" totalBytesRequested="3080" timestamp="2019-06-15T03:58:14.262" intervalms="177.182" type="nursery" />
<cycle-start id="297" type="scavenge" contextid="0" timestamp="2019-06-15T03:58:14.262" intervalms="177.188" />
<gc-start id="298" type="scavenge" contextid="297" timestamp="2019-06-15T03:58:14.262">
  <mem-info id="299" free="2089192336" total="2092630016" percent="99">
    <mem type="nursery" free="0" total="2228224" percent="0">
      <mem type="allocate" free="0" total="1966080" percent="0" />
      <mem type="survivor" free="0" total="262144" percent="0" />
    </mem>
    <mem type="tenure" free="2089192336" total="2090401792" percent="99">
      <mem type="soa" free="1984672656" total="1985882112" percent="99" />
      <mem type="loa" free="104519680" total="104519680" percent="100" />
    </mem>
    <remembered-set count="507" />
  </mem-info>
</gc-start>
<allocation-stats totalBytes="1961152" >
  <allocated-bytes non-tlh="32024" tlh="1929128" />
  <largest-consumer threadName="main" threadId="0000000002209700" bytes="1957056" />
</allocation-stats>
<gc-op id="300" type="scavenge" timems="0.343" contextid="297" timestamp="2019-06-15T03:58:14.262">
  <scavenger-info tenureage="14" tenuremask="4000" tiltratio="88" />
  <memory-copied type="nursery" objects="2181" bytes="160448" bytesdiscarded="23776" />
  <ownableSynchronizers candidates="2" cleared="2" />
  <references type="soft" candidates="2" cleared="0" enqueued="0" dynamicThreshold="31" maxThreshold="32" />
  <references type="weak" candidates="51" cleared="46" enqueued="46" />
  <references type="phantom" candidates="8" cleared="2" enqueued="2" />
</gc-op>
<gc-end id="301" type="scavenge" contextid="297" durationms="0.489" usertimems="0.000" systemtimems="0.000" timestamp="2019-06-15T03:58:14.262" activeThreads="4">
  <mem-info id="302" free="2090908560" total="2092630016" percent="99">
    <mem type="nursery" free="1716224" total="2228224" percent="77">
      <mem type="allocate" free="1716224" total="1900544" percent="90" />
      <mem type="survivor" free="0" total="327680" percent="0" />
    </mem>
    <mem type="tenure" free="2089192336" total="2090401792" percent="99">
      <mem type="soa" free="1984672656" total="1985882112" percent="99" />
      <mem type="loa" free="104519680" total="104519680" percent="100" />
    </mem>
    <pending-finalizers system="0" default="0" reference="48" classloader="0" />
    <remembered-set count="504" />
  </mem-info>
</gc-end>
<cycle-end id="303" type="scavenge" contextid="297" timestamp="2019-06-15T03:58:14.262" />
  <attribute name="elasticGC enabled" value="1" />
  <attribute name= "numThreadsSpecified" value="4" />
  <attribute name="heapSize specified" value="8519680" />
  <attribute name="Current GC Util" value="3" />
  <attribute name= "Current Time Running" value="767" />
  <attribute name ="GC Interval" value="200" />
  <attribute name="ProportionalT" value="-8.500000" />
  <attribute name="ProportionalI" value="-8.500000" />
  <attribute name="ProportionalH" value="-8.500000" />
  <attribute name="Current Error" value="-17.000000" />
  <attribute name="IntegralT" value="-2873.000000" />
  <attribute name="IntegralI" value="-2873.000000" />
  <attribute name="IntegralH" value="-2873.000000" />
  <attribute name="DerivativeT" value="-0.150888" />
  <attribute name="DerivativeI" value="-0.150888" />
  <attribute name="DerivativeH" value="-0.150888" />
  <attribute name="Loop Time for DT" value="169.000000" />
  <attribute name="Output H" value="2092630016"/>
  <attribute name="Output I" value="200"/>
  <attribute name="Output T" value="4"/>
  <attribute name="Target GC Util Change" value ="20.000000" />
  <attribute name="Current GC Util Change" value="3.000000"/>
  <attribute name="GC Util currently" value="3" />
  <attribute name="CPU Util currently" value="2" />
<allocation-satisfied id="304" threadId="0000000002209700" bytesRequested="3080" />
<af-end id="305" timestamp="2019-06-15T03:58:14.262" threadId="000000000220A088" success="true" from="nursery"/>
<exclusive-end id="306" timestamp="2019-06-15T03:58:14.262" durationms="0.865" />

<exclusive-start id="307" timestamp="2019-06-15T03:58:14.302" intervalms="40.712">
  <response-info timems="0.030" idlems="0.030" threads="0" lastid="0000000002209700" lastname="main" />
</exclusive-start>
<af-start id="308" threadId="000000000220A088" totalBytesRequested="200" timestamp="2019-06-15T03:58:14.302" intervalms="40.711" type="nursery" />
<cycle-start id="309" type="scavenge" contextid="0" timestamp="2019-06-15T03:58:14.302" intervalms="40.714" />
<gc-start id="310" type="scavenge" contextid="309" timestamp="2019-06-15T03:58:14.303">
  <mem-info id="311" free="2089160328" total="2092630016" percent="99">
    <mem type="nursery" free="0" total="2228224" percent="0">
      <mem type="allocate" free="0" total="1900544" percent="0" />
      <mem type="survivor" free="0" total="327680" percent="0" />
    </mem>
    <mem type="tenure" free="2089160328" total="2090401792" percent="99">
      <mem type="soa" free="1984640648" total="1985882112" percent="99" />
      <mem type="loa" free="104519680" total="104519680" percent="100" />
    </mem>
    <remembered-set count="810" />
  </mem-info>
</gc-start>
<allocation-stats totalBytes="1746264" >
  <allocated-bytes non-tlh="35088" tlh="1711176" />
  <largest-consumer threadName="main" threadId="0000000002209700" bytes="1742168" />
</allocation-stats>
<gc-op id="312" type="scavenge" timems="0.372" contextid="309" timestamp="2019-06-15T03:58:14.303">
  <scavenger-info tenureage="3" tenuremask="fff8" tiltratio="85" />
  <memory-copied type="nursery" objects="2389" bytes="130024" bytesdiscarded="26488" />
  <references type="soft" candidates="2" cleared="0" enqueued="0" dynamicThreshold="31" maxThreshold="32" />
  <references type="weak" candidates="14" cleared="10" enqueued="10" />
  <references type="phantom" candidates="5" cleared="0" enqueued="0" />
</gc-op>
<gc-end id="313" type="scavenge" contextid="309" durationms="0.538" usertimems="0.000" systemtimems="4.000" timestamp="2019-06-15T03:58:14.303" activeThreads="4">
  <mem-info id="314" free="2090969736" total="2092630016" percent="99">
    <mem type="nursery" free="1809408" total="2228224" percent="81">
      <mem type="allocate" free="1809408" total="1966080" percent="92" />
      <mem type="survivor" free="0" total="262144" percent="0" />
    </mem>
    <mem type="tenure" free="2089160328" total="2090401792" percent="99">
      <mem type="soa" free="1984640648" total="1985882112" percent="99" />
      <mem type="loa" free="104519680" total="104519680" percent="100" />
    </mem>
    <pending-finalizers system="0" default="0" reference="10" classloader="0" />
    <remembered-set count="805" />
  </mem-info>
</gc-end>
<cycle-end id="315" type="scavenge" contextid="309" timestamp="2019-06-15T03:58:14.303" />
  <attribute name="elasticGC enabled" value="1" />
  <attribute name= "numThreadsSpecified" value="4" />
  <attribute name="heapSize specified" value="8519680" />
  <attribute name="Current GC Util" value="1" />
  <attribute name= "Current Time Running" value="808" />
  <attribute name ="GC Interval" value="200" />
  <attribute name="ProportionalT" value="-9.500000" />
  <attribute name="ProportionalI" value="-9.500000" />
  <attribute name="ProportionalH" value="-9.500000" />
  <attribute name="Current Error" value="-19.000000" />
  <attribute name="IntegralT" value="-779.000000" />
  <attribute name="IntegralI" value="-779.000000" />
  <attribute name="IntegralH" value="-779.000000" />
  <attribute name="DerivativeT" value="-0.695122" />
  <attribute name="DerivativeI" value="-0.695122" />
  <attribute name="DerivativeH" value="-0.695122" />
  <attribute name="Loop Time for DT" value="41.000000" />
  <attribute name="Output H" value="2092630016"/>
  <attribute name="Output I" value="200"/>
  <attribute name="Output T" value="4"/>
  <attribute name="Target GC Util Change" value ="20.000000" />
  <attribute name="Current GC Util Change" value="1.000000"/>
  <attribute name="GC Util currently" value="1" />
  <attribute name="CPU Util currently" value="8" />
<allocation-satisfied id="316" threadId="0000000002209700" bytesRequested="200" />
<af-end id="317" timestamp="2019-06-15T03:58:14.303" threadId="000000000220A088" success="true" from="nursery"/>
<exclusive-end id="318" timestamp="2019-06-15T03:58:14.303" durationms="0.918" />

<exclusive-start id="319" timestamp="2019-06-15T03:58:14.371" intervalms="68.526">
  <response-info timems="0.036" idlems="0.036" threads="0" lastid="0000000002209700" lastname="main" />
</exclusive-start>
<af-start id="320" threadId="000000000220A088" totalBytesRequested="112" timestamp="2019-06-15T03:58:14.371" intervalms="68.530" type="nursery" />
<cycle-start id="321" type="scavenge" contextid="0" timestamp="2019-06-15T03:58:14.371" intervalms="68.530" />
<gc-start id="322" type="scavenge" contextid="321" timestamp="2019-06-15T03:58:14.371">
  <mem-info id="323" free="2089117408" total="2092630016" percent="99">
    <mem type="nursery" free="0" total="2228224" percent="0">
      <mem type="allocate" free="0" total="1966080" percent="0" />
      <mem type="survivor" free="0" total="262144" percent="0" />
    </mem>
    <mem type="tenure" free="2089117408" total="2090401792" percent="99">
      <mem type="soa" free="1984597728" total="1985882112" percent="99" />
      <mem type="loa" free="104519680" total="104519680" percent="100" />
    </mem>
    <remembered-set count="1302" />
  </mem-info>
</gc-start>
<allocation-stats totalBytes="1850288" >
  <allocated-bytes non-tlh="108664" tlh="1741624" />
  <largest-consumer threadName="main" threadId="0000000002209700" bytes="1850288" />
</allocation-stats>
<gc-op id="324" type="scavenge" timems="0.487" contextid="321" timestamp="2019-06-15T03:58:14.372">
  <scavenger-info tenureage="3" tenuremask="fff8" tiltratio="88" />
  <memory-copied type="nursery" objects="3638" bytes="215552" bytesdiscarded="46440" />
  <memory-copied type="tenure" objects="1366" bytes="143048" bytesdiscarded="0" />
  <copy-failed type="nursery" objects="1366" bytes="143048" />
  <references type="soft" candidates="2" cleared="0" enqueued="0" dynamicThreshold="31" maxThreshold="32" />
  <references type="weak" candidates="10" cleared="6" enqueued="6" />
  <references type="phantom" candidates="4" cleared="0" enqueued="0" />
</gc-op>
<gc-end id="325" type="scavenge" contextid="321" durationms="0.668" usertimems="0.000" systemtimems="0.000" timestamp="2019-06-15T03:58:14.372" activeThreads="4">
  <mem-info id="326" free="2090157024" total="2092630016" percent="99">
    <mem type="nursery" free="1310720" total="2228224" percent="58">
      <mem type="allocate" free="1310720" total="1572864" percent="83" />
      <mem type="survivor" free="0" total="655360" percent="0" />
    </mem>
    <mem type="tenure" free="2088846304" total="2090401792" percent="99">
      <mem type="soa" free="1984326624" total="1985882112" percent="99" />
      <mem type="loa" free="104519680" total="104519680" percent="100" />
    </mem>
    <pending-finalizers system="0" default="0" reference="6" classloader="0" />
    <remembered-set count="1102" />
  </mem-info>
</gc-end>
<cycle-end id="327" type="scavenge" contextid="321" timestamp="2019-06-15T03:58:14.372" />
  <attribute name="elasticGC enabled" value="1" />
  <attribute name= "numThreadsSpecified" value="4" />
  <attribute name="heapSize specified" value="8519680" />
  <attribute name="Current GC Util" value="1" />
  <attribute name= "Current Time Running" value="876" />
  <attribute name ="GC Interval" value="200" />
  <attribute name="ProportionalT" value="-9.500000" />
  <attribute name="ProportionalI" value="-9.500000" />
  <attribute name="ProportionalH" value="-9.500000" />
  <attribute name="Current Error" value="-19.000000" />
  <attribute name="IntegralT" value="-1292.000000" />
  <attribute name="IntegralI" value="-1292.000000" />
  <attribute name="IntegralH" value="-1292.000000" />
  <attribute name="DerivativeT" value="-0.419118" />
  <attribute name="DerivativeI" value="-0.419118" />
  <attribute name="DerivativeH" value="-0.419118" />
  <attribute name="Loop Time for DT" value="68.000000" />
  <attribute name="Output H" value="2092630016"/>
  <attribute name="Output I" value="200"/>
  <attribute name="Output T" value="4"/>
  <attribute name="Target GC Util Change" value ="20.000000" />
  <attribute name="Current GC Util Change" value="1.000000"/>
  <attribute name="GC Util currently" value="1" />
  <attribute name="CPU Util currently" value="26" />
<allocation-satisfied id="328" threadId="0000000002209700" bytesRequested="112" />
<af-end id="329" timestamp="2019-06-15T03:58:14.372" threadId="000000000220A088" success="true" from="nursery"/>
<exclusive-end id="330" timestamp="2019-06-15T03:58:14.372" durationms="1.045" />

<exclusive-start id="331" timestamp="2019-06-15T03:58:14.598" intervalms="226.869">
  <response-info timems="0.023" idlems="0.023" threads="0" lastid="0000000002209700" lastname="main" />
</exclusive-start>
<af-start id="332" threadId="000000000220A088" totalBytesRequested="136" timestamp="2019-06-15T03:58:14.598" intervalms="226.868" type="nursery" />
<cycle-start id="333" type="scavenge" contextid="0" timestamp="2019-06-15T03:58:14.598" intervalms="226.868" />
<gc-start id="334" type="scavenge" contextid="333" timestamp="2019-06-15T03:58:14.598">
  <mem-info id="335" free="2088826608" total="2092630016" percent="99">
    <mem type="nursery" free="0" total="2228224" percent="0">
      <mem type="allocate" free="0" total="1572864" percent="0" />
      <mem type="survivor" free="0" total="655360" percent="0" />
    </mem>
    <mem type="tenure" free="2088826608" total="2090401792" percent="99">
      <mem type="soa" free="1984306928" total="1985882112" percent="99" />
      <mem type="loa" free="104519680" total="104519680" percent="100" />
    </mem>
    <remembered-set count="1390" />
  </mem-info>
</gc-start>
<allocation-stats totalBytes="1328752" >
  <allocated-bytes non-tlh="19808" tlh="1308944" />
  <largest-consumer threadName="main" threadId="0000000002209700" bytes="1328752" />
</allocation-stats>
<gc-op id="336" type="scavenge" timems="0.650" contextid="333" timestamp="2019-06-15T03:58:14.599">
  <scavenger-info tenureage="3" tenuremask="fff8" tiltratio="70" />
  <memory-copied type="nursery" objects="5108" bytes="309744" bytesdiscarded="156792" />
  <memory-copied type="tenure" objects="1501" bytes="67920" bytesdiscarded="48" />
  <finalization candidates="5" enqueued="0" />
  <references type="soft" candidates="1" cleared="0" enqueued="0" dynamicThreshold="31" maxThreshold="32" />
  <references type="weak" candidates="105" cleared="35" enqueued="24" />
  <references type="phantom" candidates="2" cleared="1" enqueued="1" />
</gc-op>
<gc-end id="337" type="scavenge" contextid="333" durationms="0.823" usertimems="0.000" systemtimems="0.000" timestamp="2019-06-15T03:58:14.599" activeThreads="4">
  <mem-info id="338" free="2089959224" total="2092630016" percent="99">
    <mem type="nursery" free="1171784" total="2228224" percent="52">
      <mem type="allocate" free="1171784" total="1638400" percent="71" />
      <mem type="survivor" free="0" total="589824" percent="0" />
    </mem>
    <mem type="tenure" free="2088787440" total="2090401792" percent="99">
      <mem type="soa" free="1984267760" total="1985882112" percent="99" />
      <mem type="loa" free="104519680" total="104519680" percent="100" />
    </mem>
    <pending-finalizers system="0" default="0" reference="25" classloader="0" />
    <remembered-set count="990" />
  </mem-info>
</gc-end>
<cycle-end id="339" type="scavenge" contextid="333" timestamp="2019-06-15T03:58:14.599" />
  <attribute name="elasticGC enabled" value="1" />
  <attribute name= "numThreadsSpecified" value="4" />
  <attribute name="heapSize specified" value="8519680" />
  <attribute name="Current GC Util" value="0" />
  <attribute name= "Current Time Running" value="1103" />
  <attribute name ="GC Interval" value="200" />
  <attribute name="ProportionalT" value="-10.000000" />
  <attribute name="ProportionalI" value="-10.000000" />
  <attribute name="ProportionalH" value="-10.000000" />
  <attribute name="Current Error" value="-20.000000" />
  <attribute name="IntegralT" value="-4540.000000" />
  <attribute name="IntegralI" value="-4540.000000" />
  <attribute name="IntegralH" value="-4540.000000" />
  <attribute name="DerivativeT" value="-0.132159" />
  <attribute name="DerivativeI" value="-0.132159" />
  <attribute name="DerivativeH" value="-0.132159" />
  <attribute name="Loop Time for DT" value="227.000000" />
  <attribute name="Output H" value="2092630016"/>
  <attribute name="Output I" value="200"/>
  <attribute name="Output T" value="4"/>
  <attribute name="Target GC Util Change" value ="20.000000" />
  <attribute name="Current GC Util Change" value="0.000000"/>
  <attribute name="GC Util currently" value="0" />
  <attribute name="CPU Util currently" value="4" />
<allocation-satisfied id="340" threadId="0000000002209700" bytesRequested="136" />
<af-end id="341" timestamp="2019-06-15T03:58:14.599" threadId="000000000220A088" success="true" from="nursery"/>
<exclusive-end id="342" timestamp="2019-06-15T03:58:14.599" durationms="1.280" />

<exclusive-start id="343" timestamp="2019-06-15T03:58:14.703" intervalms="105.025">
  <response-info timems="0.042" idlems="0.042" threads="0" lastid="0000000002519C00" lastname="PmdThread 1" />
</exclusive-start>
<af-start id="344" threadId="000000000251A588" totalBytesRequested="8208" timestamp="2019-06-15T03:58:14.703" intervalms="105.021" type="nursery" />
<cycle-start id="345" type="scavenge" contextid="0" timestamp="2019-06-15T03:58:14.703" intervalms="105.029" />
<gc-start id="346" type="scavenge" contextid="345" timestamp="2019-06-15T03:58:14.703">
  <mem-info id="347" free="2088784568" total="2092630016" percent="99">
    <mem type="nursery" free="0" total="2228224" percent="0">
      <mem type="allocate" free="0" total="1638400" percent="0" />
      <mem type="survivor" free="0" total="589824" percent="0" />
    </mem>
    <mem type="tenure" free="2088784568" total="2090401792" percent="99">
      <mem type="soa" free="1984264888" total="1985882112" percent="99" />
      <mem type="loa" free="104519680" total="104519680" percent="100" />
    </mem>
    <remembered-set count="1055" />
  </mem-info>
</gc-start>
<allocation-stats totalBytes="1156768" >
  <allocated-bytes non-tlh="3008" tlh="1153760" />
  <largest-consumer threadName="main" threadId="0000000002209700" bytes="981072" />
</allocation-stats>
<gc-op id="348" type="scavenge" timems="1.010" contextid="345" timestamp="2019-06-15T03:58:14.704">
  <scavenger-info tenureage="3" tenuremask="ffe8" tiltratio="73" />
  <memory-copied type="nursery" objects="6770" bytes="455152" bytesdiscarded="134544" />
  <memory-copied type="tenure" objects="1091" bytes="69888" bytesdiscarded="40" />
  <copy-failed type="nursery" objects="932" bytes="64552" />
  <finalization candidates="6" enqueued="0" />
  <ownableSynchronizers candidates="7" cleared="0" />
  <references type="soft" candidates="1" cleared="0" enqueued="0" dynamicThreshold="31" maxThreshold="32" />
  <references type="weak" candidates="256" cleared="17" enqueued="12" />
  <references type="phantom" candidates="5" cleared="0" enqueued="0" />
</gc-op>
<gc-end id="349" type="scavenge" contextid="345" durationms="1.185" usertimems="4.000" systemtimems="0.000" timestamp="2019-06-15T03:58:14.704" activeThreads="4">
  <mem-info id="350" free="2089492664" total="2092630016" percent="99">
    <mem type="nursery" free="786432" total="2228224" percent="35">
      <mem type="allocate" free="786432" total="1376256" percent="57" />
      <mem type="survivor" free="0" total="851968" percent="0" />
    </mem>
    <mem type="tenure" free="2088706232" total="2090401792" percent="99">
      <mem type="soa" free="1984186552" total="1985882112" percent="99" />
      <mem type="loa" free="104519680" total="104519680" percent="100" />
    </mem>
    <pending-finalizers system="0" default="0" reference="12" classloader="0" />
    <remembered-set count="796" />
  </mem-info>
</gc-end>
<cycle-end id="351" type="scavenge" contextid="345" timestamp="2019-06-15T03:58:14.704" />
  <attribute name="elasticGC enabled" value="1" />
  <attribute name= "numThreadsSpecified" value="4" />
  <attribute name="heapSize specified" value="8519680" />
  <attribute name="Current GC Util" value="1" />
  <attribute name= "Current Time Running" value="1208" />
  <attribute name ="GC Interval" value="200" />
  <attribute name="ProportionalT" value="-9.500000" />
  <attribute name="ProportionalI" value="-9.500000" />
  <attribute name="ProportionalH" value="-9.500000" />
  <attribute name="Current Error" value="-19.000000" />
  <attribute name="IntegralT" value="-1995.000000" />
  <attribute name="IntegralI" value="-1995.000000" />
  <attribute name="IntegralH" value="-1995.000000" />
  <attribute name="DerivativeT" value="-0.271429" />
  <attribute name="DerivativeI" value="-0.271429" />
  <attribute name="DerivativeH" value="-0.271429" />
  <attribute name="Loop Time for DT" value="105.000000" />
  <attribute name="Output H" value="2092630016"/>
  <attribute name="Output I" value="200"/>
  <attribute name="Output T" value="4"/>
  <attribute name="Target GC Util Change" value ="20.000000" />
  <attribute name="Current GC Util Change" value="1.000000"/>
  <attribute name="GC Util currently" value="1" />
  <attribute name="CPU Util currently" value="7" />
<allocation-satisfied id="352" threadId="0000000002519C00" bytesRequested="8208" />
<af-end id="353" timestamp="2019-06-15T03:58:14.704" threadId="000000000251A588" success="true" from="nursery"/>
<exclusive-end id="354" timestamp="2019-06-15T03:58:14.705" durationms="1.801" />

<exclusive-start id="355" timestamp="2019-06-15T03:58:14.723" intervalms="19.973">
  <response-info timems="0.036" idlems="0.036" threads="0" lastid="0000000002519C00" lastname="PmdThread 1" />
</exclusive-start>
<af-start id="356" threadId="000000000251A588" totalBytesRequested="200" timestamp="2019-06-15T03:58:14.723" intervalms="19.964" type="nursery" />
<cycle-start id="357" type="scavenge" contextid="0" timestamp="2019-06-15T03:58:14.723" intervalms="19.941" />
<gc-start id="358" type="scavenge" contextid="357" timestamp="2019-06-15T03:58:14.723">
  <mem-info id="359" free="2088706232" total="2092630016" percent="99">
    <mem type="nursery" free="0" total="2228224" percent="0">
      <mem type="allocate" free="0" total="1376256" percent="0" />
      <mem type="survivor" free="0" total="851968" percent="0" />
    </mem>
    <mem type="tenure" free="2088706232" total="2090401792" percent="99">
      <mem type="soa" free="1984186552" total="1985882112" percent="99" />
      <mem type="loa" free="104519680" total="104519680" percent="100" />
    </mem>
    <remembered-set count="800" />
  </mem-info>
</gc-start>
<allocation-stats totalBytes="784272" >
  <allocated-bytes non-tlh="24624" tlh="759648" />
  <largest-consumer threadName="PmdThread 4" threadId="0000000002529000" bytes="204408" />
</allocation-stats>
<gc-op id="360" type="scavenge" timems="1.474" contextid="357" timestamp="2019-06-15T03:58:14.724">
  <scavenger-info tenureage="3" tenuremask="ffe8" tiltratio="61" />
  <memory-copied type="nursery" objects="13026" bytes="850800" bytesdiscarded="1088" />
  <memory-copied type="tenure" objects="3691" bytes="197888" bytesdiscarded="216" />
  <copy-failed type="nursery" objects="1988" bytes="74680" />
  <finalization candidates="6" enqueued="0" />
  <ownableSynchronizers candidates="7" cleared="0" />
  <references type="soft" candidates="1" cleared="0" enqueued="0" dynamicThreshold="31" maxThreshold="32" />
  <references type="weak" candidates="239" cleared="0" enqueued="0" />
  <references type="phantom" candidates="4" cleared="0" enqueued="0" />
</gc-op>
<gc-end id="361" type="scavenge" contextid="357" durationms="1.671" usertimems="4.000" systemtimems="0.000" timestamp="2019-06-15T03:58:14.725" activeThreads="4">
  <mem-info id="362" free="2088728232" total="2092630016" percent="99">
    <mem type="nursery" free="262144" total="2228224" percent="11">
      <mem type="allocate" free="262144" total="1114112" percent="23" />
      <mem type="survivor" free="0" total="1114112" percent="0" />
    </mem>
    <mem type="tenure" free="2088466088" total="2090401792" percent="99">
      <mem type="soa" free="1983946408" total="1985882112" percent="99" />
      <mem type="loa" free="104519680" total="104519680" percent="100" />
    </mem>
    <remembered-set count="436" />
  </mem-info>
</gc-end>
<cycle-end id="363" type="scavenge" contextid="357" timestamp="2019-06-15T03:58:14.725" />
  <attribute name="elasticGC enabled" value="1" />
  <attribute name= "numThreadsSpecified" value="4" />
  <attribute name="heapSize specified" value="8519680" />
  <attribute name="Current GC Util" value="7" />
  <attribute name= "Current Time Running" value="1228" />
  <attribute name ="GC Interval" value="200" />
  <attribute name="ProportionalT" value="-6.500000" />
  <attribute name="ProportionalI" value="-6.500000" />
  <attribute name="ProportionalH" value="-6.500000" />
  <attribute name="Current Error" value="-13.000000" />
  <attribute name="IntegralT" value="-260.000000" />
  <attribute name="IntegralI" value="-260.000000" />
  <attribute name="IntegralH" value="-260.000000" />
  <attribute name="DerivativeT" value="-0.975000" />
  <attribute name="DerivativeI" value="-0.975000" />
  <attribute name="DerivativeH" value="-0.975000" />
  <attribute name="Loop Time for DT" value="20.000000" />
  <attribute name="Output H" value="2092630016"/>
  <attribute name="Output I" value="200"/>
  <attribute name="Output T" value="4"/>
  <attribute name="Target GC Util Change" value ="20.000000" />
  <attribute name="Current GC Util Change" value="7.000000"/>
  <attribute name="GC Util currently" value="7" />
  <attribute name="CPU Util currently" value="10" />
<allocation-satisfied id="364" threadId="0000000002519C00" bytesRequested="200" />
<af-end id="365" timestamp="2019-06-15T03:58:14.725" threadId="000000000251A588" success="true" from="nursery"/>
<exclusive-end id="366" timestamp="2019-06-15T03:58:14.725" durationms="2.165" />

<exclusive-start id="367" timestamp="2019-06-15T03:58:14.727" intervalms="4.336">
  <response-info timems="0.047" idlems="0.047" threads="0" lastid="0000000002519C00" lastname="PmdThread 1" />
</exclusive-start>
<af-start id="368" threadId="000000000251A588" totalBytesRequested="1384" timestamp="2019-06-15T03:58:14.727" intervalms="4.333" type="nursery" />
<cycle-start id="369" type="scavenge" contextid="0" timestamp="2019-06-15T03:58:14.727" intervalms="4.352" />
<gc-start id="370" type="scavenge" contextid="369" timestamp="2019-06-15T03:58:14.727">
  <mem-info id="371" free="2088466088" total="2092630016" percent="99">
    <mem type="nursery" free="0" total="2228224" percent="0">
      <mem type="allocate" free="0" total="1114112" percent="0" />
      <mem type="survivor" free="0" total="1114112" percent="0" />
    </mem>
    <mem type="tenure" free="2088466088" total="2090401792" percent="99">
      <mem type="soa" free="1983946408" total="1985882112" percent="99" />
      <mem type="loa" free="104519680" total="104519680" percent="100" />
    </mem>
    <remembered-set count="436" />
  </mem-info>
</gc-start>
<allocation-stats totalBytes="260192" >
  <allocated-bytes non-tlh="200" tlh="259992" />
  <largest-consumer threadName="PmdThread 1" threadId="0000000002519C00" bytes="88192" />
</allocation-stats>
<gc-op id="372" type="scavenge" timems="1.417" contextid="369" timestamp="2019-06-15T03:58:14.729">
  <scavenger-info tenureage="5" tenuremask="ffe0" tiltratio="50" />
  <memory-copied type="nursery" objects="14596" bytes="933896" bytesdiscarded="119736" />
  <finalization candidates="6" enqueued="0" />
  <ownableSynchronizers candidates="7" cleared="0" />
  <references type="soft" candidates="1" cleared="0" enqueued="0" dynamicThreshold="31" maxThreshold="32" />
  <references type="weak" candidates="239" cleared="0" enqueued="0" />
  <references type="phantom" candidates="3" cleared="0" enqueued="0" />
</gc-op>
<gc-end id="373" type="scavenge" contextid="369" durationms="1.591" usertimems="4.000" systemtimems="0.000" timestamp="2019-06-15T03:58:14.729" activeThreads="4">
  <mem-info id="374" free="2088526504" total="2092630016" percent="99">
    <mem type="nursery" free="60416" total="2228224" percent="2">
      <mem type="allocate" free="60416" total="1114112" percent="5" />
      <mem type="survivor" free="0" total="1114112" percent="0" />
    </mem>
    <mem type="tenure" free="2088466088" total="2090401792" percent="99">
      <mem type="soa" free="1983946408" total="1985882112" percent="99" />
      <mem type="loa" free="104519680" total="104519680" percent="100" />
    </mem>
    <remembered-set count="417" />
  </mem-info>
</gc-end>
<cycle-end id="375" type="scavenge" contextid="369" timestamp="2019-06-15T03:58:14.729" />
  <attribute name="elasticGC enabled" value="1" />
  <attribute name= "numThreadsSpecified" value="4" />
  <attribute name="heapSize specified" value="8519680" />
  <attribute name="Current GC Util" value="66" />
  <attribute name= "Current Time Running" value="1233" />
  <attribute name ="GC Interval" value="272" />
  <attribute name="ProportionalT" value="23.000000" />
  <attribute name="ProportionalI" value="23.000000" />
  <attribute name="ProportionalH" value="23.000000" />
  <attribute name="Current Error" value="46.000000" />
  <attribute name="IntegralT" value="230.000000" />
  <attribute name="IntegralI" value="230.000000" />
  <attribute name="IntegralH" value="230.000000" />
  <attribute name="DerivativeT" value="13.800000" />
  <attribute name="DerivativeI" value="13.800000" />
  <attribute name="DerivativeH" value="13.800000" />
  <attribute name="Loop Time for DT" value="5.000000" />
  <attribute name="Output H" value="8388608"/>
  <attribute name="Output I" value="272"/>
  <attribute name="Output T" value="4"/>
  <attribute name="Target GC Util Change" value ="20.000000" />
  <attribute name="Current GC Util Change" value="66.000000"/>
  <attribute name="GC Util currently" value="66" />
  <attribute name="CPU Util currently" value="1063462506605" />
<allocation-satisfied id="376" threadId="0000000002519C00" bytesRequested="1384" />
<af-end id="377" timestamp="2019-06-15T03:58:14.729" threadId="000000000251A588" success="true" from="nursery"/>
<exclusive-end id="378" timestamp="2019-06-15T03:58:14.729" durationms="1.996" />

<exclusive-start id="379" timestamp="2019-06-15T03:58:14.744" intervalms="16.643">
  <response-info timems="13.986" idlems="7.011" threads="1" lastid="0000000002519C00" lastname="PmdThread 1" />
</exclusive-start>
<af-start id="380" threadId="0000000002529988" totalBytesRequested="112" timestamp="2019-06-15T03:58:14.744" intervalms="16.656" type="nursery" />
<cycle-start id="381" type="scavenge" contextid="0" timestamp="2019-06-15T03:58:14.744" intervalms="16.662" />
<gc-start id="382" type="scavenge" contextid="381" timestamp="2019-06-15T03:58:14.744">
  <mem-info id="383" free="2088466088" total="2092630016" percent="99">
    <mem type="nursery" free="0" total="2228224" percent="0">
      <mem type="allocate" free="0" total="1114112" percent="0" />
      <mem type="survivor" free="0" total="1114112" percent="0" />
    </mem>
    <mem type="tenure" free="2088466088" total="2090401792" percent="99">
      <mem type="soa" free="1983946408" total="1985882112" percent="99" />
      <mem type="loa" free="104519680" total="104519680" percent="100" />
    </mem>
    <remembered-set count="417" />
  </mem-info>
</gc-start>
<allocation-stats totalBytes="60248" >
  <allocated-bytes non-tlh="1384" tlh="58864" />
  <largest-consumer threadName="main" threadId="0000000002209700" bytes="20384" />
</allocation-stats>
<gc-op id="384" type="scavenge" timems="5.759" contextid="381" timestamp="2019-06-15T03:58:14.750">
  <scavenger-info tenureage="4" tenuremask="fff0" tiltratio="50" />
  <memory-copied type="nursery" objects="12858" bytes="841016" bytesdiscarded="128112" />
  <memory-copied type="tenure" objects="2227" bytes="110688" bytesdiscarded="16" />
  <finalization candidates="6" enqueued="0" />
  <ownableSynchronizers candidates="7" cleared="0" />
  <references type="weak" candidates="180" cleared="0" enqueued="0" />
  <references type="phantom" candidates="1" cleared="0" enqueued="0" />
</gc-op>
<gc-end id="385" type="scavenge" contextid="381" durationms="6.014" usertimems="8.000" systemtimems="0.000" timestamp="2019-06-15T03:58:14.750" activeThreads="4">
  <mem-info id="386" free="2088493520" total="2092630016" percent="99">
    <mem type="nursery" free="144936" total="2228224" percent="6">
      <mem type="allocate" free="144936" total="1114112" percent="13" />
      <mem type="survivor" free="0" total="1114112" percent="0" />
    </mem>
    <mem type="tenure" free="2088348584" total="2090401792" percent="99">
      <mem type="soa" free="1983828904" total="1985882112" percent="99" />
      <mem type="loa" free="104519680" total="104519680" percent="100" />
    </mem>
    <remembered-set count="233" />
  </mem-info>
</gc-end>
<cycle-end id="387" type="scavenge" contextid="381" timestamp="2019-06-15T03:58:14.750" />
  <attribute name="elasticGC enabled" value="1" />
  <attribute name= "numThreadsSpecified" value="4" />
  <attribute name="heapSize specified" value="8519680" />
  <attribute name="Current GC Util" value="16" />
  <attribute name= "Current Time Running" value="1249" />
  <attribute name ="GC Interval" value="200" />
  <attribute name="ProportionalT" value="-2.000000" />
  <attribute name="ProportionalI" value="-2.000000" />
  <attribute name="ProportionalH" value="-2.000000" />
  <attribute name="Current Error" value="-4.000000" />
  <attribute name="IntegralT" value="-64.000000" />
  <attribute name="IntegralI" value="-64.000000" />
  <attribute name="IntegralH" value="-64.000000" />
  <attribute name="DerivativeT" value="-4.687500" />
  <attribute name="DerivativeI" value="-4.687500" />
  <attribute name="DerivativeH" value="-4.687500" />
  <attribute name="Loop Time for DT" value="16.000000" />
  <attribute name="Output H" value="2092630016"/>
  <attribute name="Output I" value="200"/>
  <attribute name="Output T" value="4"/>
  <attribute name="Target GC Util Change" value ="20.000000" />
  <attribute name="Current GC Util Change" value="16.000000"/>
  <attribute name="GC Util currently" value="16" />
  <attribute name="CPU Util currently" value="276714055939" />
<allocation-satisfied id="388" threadId="0000000002529000" bytesRequested="112" />
<af-end id="389" timestamp="2019-06-15T03:58:14.750" threadId="0000000002529988" success="true" from="nursery"/>
<exclusive-end id="390" timestamp="2019-06-15T03:58:14.750" durationms="6.688" />

<exclusive-start id="391" timestamp="2019-06-15T03:58:14.755" intervalms="11.682">
  <response-info timems="0.026" idlems="0.026" threads="0" lastid="0000000002529000" lastname="PmdThread 4" />
</exclusive-start>
<af-start id="392" threadId="0000000002529988" totalBytesRequested="32" timestamp="2019-06-15T03:58:14.755" intervalms="11.674" type="nursery" />
<cycle-start id="393" type="scavenge" contextid="0" timestamp="2019-06-15T03:58:14.756" intervalms="11.680" />
<gc-start id="394" type="scavenge" contextid="393" timestamp="2019-06-15T03:58:14.756">
  <mem-info id="395" free="2088348584" total="2092630016" percent="99">
    <mem type="nursery" free="0" total="2228224" percent="0">
      <mem type="allocate" free="0" total="1114112" percent="0" />
      <mem type="survivor" free="0" total="1114112" percent="0" />
    </mem>
    <mem type="tenure" free="2088348584" total="2090401792" percent="99">
      <mem type="soa" free="1983828904" total="1985882112" percent="99" />
      <mem type="loa" free="104519680" total="104519680" percent="100" />
    </mem>
    <remembered-set count="233" />
  </mem-info>
</gc-start>
<allocation-stats totalBytes="143672" >
  <allocated-bytes non-tlh="112" tlh="143560" />
  <largest-consumer threadName="PmdThread 1" threadId="0000000002519C00" bytes="52664" />
</allocation-stats>
<gc-op id="396" type="scavenge" timems="4.191" contextid="393" timestamp="2019-06-15T03:58:14.760">
  <scavenger-info tenureage="2" tenuremask="ffc4" tiltratio="50" />
  <memory-copied type="nursery" objects="11578" bytes="783344" bytesdiscarded="196192" />
  <memory-copied type="tenure" objects="2071" bytes="108912" bytesdiscarded="48" />
  <finalization candidates="1" enqueued="0" />
  <ownableSynchronizers candidates="7" cleared="0" />
  <references type="weak" candidates="180" cleared="0" enqueued="0" />
  <references type="phantom" candidates="1" cleared="0" enqueued="0" />
</gc-op>
<gc-end id="397" type="scavenge" contextid="393" durationms="4.439" usertimems="8.000" systemtimems="0.000" timestamp="2019-06-15T03:58:14.760" activeThreads="4">
  <mem-info id="398" free="2088439592" total="2092630016" percent="99">
    <mem type="nursery" free="200064" total="2228224" percent="8">
      <mem type="allocate" free="200064" total="1179648" percent="16" />
      <mem type="survivor" free="0" total="1048576" percent="0" />
    </mem>
    <mem type="tenure" free="2088239528" total="2090401792" percent="99">
      <mem type="soa" free="1983719848" total="1985882112" percent="99" />
      <mem type="loa" free="104519680" total="104519680" percent="100" />
    </mem>
    <remembered-set count="669" />
  </mem-info>
</gc-end>
<cycle-end id="399" type="scavenge" contextid="393" timestamp="2019-06-15T03:58:14.760" />
  <attribute name="elasticGC enabled" value="1" />
  <attribute name= "numThreadsSpecified" value="4" />
  <attribute name="heapSize specified" value="8519680" />
  <attribute name="Current GC Util" value="77" />
  <attribute name= "Current Time Running" value="1261" />
  <attribute name ="GC Interval" value="720" />
  <attribute name="ProportionalT" value="28.500000" />
  <attribute name="ProportionalI" value="28.500000" />
  <attribute name="ProportionalH" value="28.500000" />
  <attribute name="Current Error" value="57.000000" />
  <attribute name="IntegralT" value="684.000000" />
  <attribute name="IntegralI" value="684.000000" />
  <attribute name="IntegralH" value="684.000000" />
  <attribute name="DerivativeT" value="7.125000" />
  <attribute name="DerivativeI" value="7.125000" />
  <attribute name="DerivativeH" value="7.125000" />
  <attribute name="Loop Time for DT" value="12.000000" />
  <attribute name="Output H" value="8388608"/>
  <attribute name="Output I" value="720"/>
  <attribute name="Output T" value="4"/>
  <attribute name="Target GC Util Change" value ="20.000000" />
  <attribute name="Current GC Util Change" value="77.000000"/>
  <attribute name="GC Util currently" value="77" />
  <attribute name="CPU Util currently" value="393577693939" />
<allocation-satisfied id="400" threadId="0000000002529000" bytesRequested="32" />
<af-end id="401" timestamp="2019-06-15T03:58:14.760" threadId="0000000002529988" success="true" from="nursery"/>
<exclusive-end id="402" timestamp="2019-06-15T03:58:14.760" durationms="5.086" />

<exclusive-start id="403" timestamp="2019-06-15T03:58:14.762" intervalms="6.784">
  <response-info timems="0.037" idlems="0.037" threads="0" lastid="0000000002529000" lastname="PmdThread 4" />
</exclusive-start>
<af-start id="404" threadId="0000000002529988" totalBytesRequested="1560" timestamp="2019-06-15T03:58:14.762" intervalms="6.756" type="nursery" />
<cycle-start id="405" type="scavenge" contextid="0" timestamp="2019-06-15T03:58:14.762" intervalms="6.739" />
<gc-start id="406" type="scavenge" contextid="405" timestamp="2019-06-15T03:58:14.762">
  <mem-info id="407" free="2088239528" total="2092630016" percent="99">
    <mem type="nursery" free="0" total="2228224" percent="0">
      <mem type="allocate" free="0" total="1179648" percent="0" />
      <mem type="survivor" free="0" total="1048576" percent="0" />
    </mem>
    <mem type="tenure" free="2088239528" total="2090401792" percent="99">
      <mem type="soa" free="1983719848" total="1985882112" percent="99" />
      <mem type="loa" free="104519680" total="104519680" percent="100" />
    </mem>
    <remembered-set count="671" />
  </mem-info>
</gc-start>
<allocation-stats totalBytes="199416" >
  <allocated-bytes non-tlh="32" tlh="199384" />
  <largest-consumer threadName="PmdThread 1" threadId="0000000002519C00" bytes="134720" />
</allocation-stats>
<gc-op id="408" type="scavenge" timems="2.382" contextid="405" timestamp="2019-06-15T03:58:14.765">
  <scavenger-info tenureage="4" tenuremask="fff0" tiltratio="52" />
  <memory-copied type="nursery" objects="2492" bytes="151872" bytesdiscarded="240096" />
  <memory-copied type="tenure" objects="9262" bytes="648688" bytesdiscarded="408" />
  <finalization candidates="1" enqueued="0" />
  <ownableSynchronizers candidates="7" cleared="0" />
</gc-op>
<gc-end id="409" type="scavenge" contextid="405" durationms="2.553" usertimems="4.000" systemtimems="0.000" timestamp="2019-06-15T03:58:14.765" activeThreads="4">
  <mem-info id="410" free="2088354280" total="2092630016" percent="99">
    <mem type="nursery" free="787672" total="2228224" percent="35">
      <mem type="allocate" free="787672" total="1179648" percent="66" />
      <mem type="survivor" free="0" total="1048576" percent="0" />
    </mem>
    <mem type="tenure" free="2087566608" total="2090401792" percent="99">
      <mem type="soa" free="1983046928" total="1985882112" percent="99" />
      <mem type="loa" free="104519680" total="104519680" percent="100" />
    </mem>
    <remembered-set count="163" />
  </mem-info>
</gc-end>
<cycle-end id="411" type="scavenge" contextid="405" timestamp="2019-06-15T03:58:14.765" />
  <attribute name="elasticGC enabled" value="1" />
  <attribute name= "numThreadsSpecified" value="4" />
  <attribute name="heapSize specified" value="8519680" />
  <attribute name="Current GC Util" value="94" />
  <attribute name= "Current Time Running" value="1268" />
  <attribute name ="GC Interval" value="560" />
  <attribute name="ProportionalT" value="37.000000" />
  <attribute name="ProportionalI" value="37.000000" />
  <attribute name="ProportionalH" value="37.000000" />
  <attribute name="Current Error" value="74.000000" />
  <attribute name="IntegralT" value="518.000000" />
  <attribute name="IntegralI" value="518.000000" />
  <attribute name="IntegralH" value="518.000000" />
  <attribute name="DerivativeT" value="3.642857" />
  <attribute name="DerivativeI" value="3.642857" />
  <attribute name="DerivativeH" value="3.642857" />
  <attribute name="Loop Time for DT" value="7.000000" />
  <attribute name="Output H" value="8388608"/>
  <attribute name="Output I" value="560"/>
  <attribute name="Output T" value="4"/>
  <attribute name="Target GC Util Change" value ="20.000000" />
  <attribute name="Current GC Util Change" value="94.000000"/>
  <attribute name="GC Util currently" value="94" />
  <attribute name="CPU Util currently" value="691045099623" />
<allocation-satisfied id="412" threadId="0000000002529000" bytesRequested="1560" />
<af-end id="413" timestamp="2019-06-15T03:58:14.765" threadId="0000000002529988" success="true" from="nursery"/>
<exclusive-end id="414" timestamp="2019-06-15T03:58:14.765" durationms="3.048" />

<exclusive-start id="415" timestamp="2019-06-15T03:58:14.777" intervalms="14.720">
  <response-info timems="0.849" idlems="0.432" threads="1" lastid="0000000002519C00" lastname="PmdThread 1" />
</exclusive-start>
<af-start id="416" threadId="0000000002529988" totalBytesRequested="48" timestamp="2019-06-15T03:58:14.777" intervalms="14.757" type="nursery" />
<cycle-start id="417" type="scavenge" contextid="0" timestamp="2019-06-15T03:58:14.777" intervalms="14.766" />
<gc-start id="418" type="scavenge" contextid="417" timestamp="2019-06-15T03:58:14.777">
  <mem-info id="419" free="2087561368" total="2092630016" percent="99">
    <mem type="nursery" free="0" total="2228224" percent="0">
      <mem type="allocate" free="0" total="1179648" percent="0" />
      <mem type="survivor" free="0" total="1048576" percent="0" />
    </mem>
    <mem type="tenure" free="2087561368" total="2090401792" percent="99">
      <mem type="soa" free="1983041688" total="1985882112" percent="99" />
      <mem type="loa" free="104519680" total="104519680" percent="100" />
    </mem>
    <remembered-set count="235" />
  </mem-info>
</gc-start>
<allocation-stats totalBytes="783432" >
  <allocated-bytes non-tlh="348776" tlh="434656" />
  <largest-consumer threadName="PmdThread 1" threadId="0000000002519C00" bytes="646128" />
</allocation-stats>
<gc-op id="420" type="scavenge" timems="2.224" contextid="417" timestamp="2019-06-15T03:58:14.779">
  <scavenger-info tenureage="2" tenuremask="ff9c" tiltratio="52" />
  <memory-copied type="nursery" objects="1637" bytes="131976" bytesdiscarded="95952" />
  <memory-copied type="tenure" objects="1853" bytes="99104" bytesdiscarded="24" />
  <references type="phantom" candidates="1" cleared="0" enqueued="0" />
</gc-op>
<gc-end id="421" type="scavenge" contextid="417" durationms="2.416" usertimems="0.000" systemtimems="0.000" timestamp="2019-06-15T03:58:14.779" activeThreads="4">
  <mem-info id="422" free="2088561416" total="2092630016" percent="99">
    <mem type="nursery" free="1148272" total="2228224" percent="51">
      <mem type="allocate" free="1148272" total="1376256" percent="83" />
      <mem type="survivor" free="0" total="851968" percent="0" />
    </mem>
    <mem type="tenure" free="2087413144" total="2090401792" percent="99">
      <mem type="soa" free="1982893464" total="1985882112" percent="99" />
      <mem type="loa" free="104519680" total="104519680" percent="100" />
    </mem>
    <remembered-set count="223" />
  </mem-info>
</gc-end>
<cycle-end id="423" type="scavenge" contextid="417" timestamp="2019-06-15T03:58:14.780" />
  <attribute name="elasticGC enabled" value="1" />
  <attribute name= "numThreadsSpecified" value="4" />
  <attribute name="heapSize specified" value="8519680" />
  <attribute name="Current GC Util" value="24" />
  <attribute name= "Current Time Running" value="1282" />
  <attribute name ="GC Interval" value="200" />
  <attribute name="ProportionalT" value="2.000000" />
  <attribute name="ProportionalI" value="2.000000" />
  <attribute name="ProportionalH" value="2.000000" />
  <attribute name="Current Error" value="4.000000" />
  <attribute name="IntegralT" value="56.000000" />
  <attribute name="IntegralI" value="56.000000" />
  <attribute name="IntegralH" value="56.000000" />
  <attribute name="DerivativeT" value="-7.500000" />
  <attribute name="DerivativeI" value="-7.500000" />
  <attribute name="DerivativeH" value="-7.500000" />
  <attribute name="Loop Time for DT" value="14.000000" />
  <attribute name="Output H" value="8388608"/>
  <attribute name="Output I" value="200"/>
  <attribute name="Output T" value="4"/>
  <attribute name="Target GC Util Change" value ="20.000000" />
  <attribute name="Current GC Util Change" value="24.000000"/>
  <attribute name="GC Util currently" value="24" />
  <attribute name="CPU Util currently" value="311609544345" />
<allocation-satisfied id="424" threadId="0000000002529000" bytesRequested="48" />
<af-end id="425" timestamp="2019-06-15T03:58:14.780" threadId="0000000002529988" success="true" from="nursery"/>
<exclusive-end id="426" timestamp="2019-06-15T03:58:14.780" durationms="3.045" />

<exclusive-start id="427" timestamp="2019-06-15T03:58:14.789" intervalms="12.002">
  <response-info timems="0.229" idlems="0.198" threads="1" lastid="000000000220D300" lastname="JIT Compilation Thread-0" />
</exclusive-start>
<af-start id="428" threadId="000000000251E188" totalBytesRequested="176" timestamp="2019-06-15T03:58:14.789" intervalms="12.025" type="nursery" />
<cycle-start id="429" type="scavenge" contextid="0" timestamp="2019-06-15T03:58:14.789" intervalms="12.032" />
<gc-start id="430" type="scavenge" contextid="429" timestamp="2019-06-15T03:58:14.789">
  <mem-info id="431" free="2087407648" total="2092630016" percent="99">
    <mem type="nursery" free="0" total="2228224" percent="0">
      <mem type="allocate" free="0" total="1376256" percent="0" />
      <mem type="survivor" free="0" total="851968" percent="0" />
    </mem>
    <mem type="tenure" free="2087407648" total="2090401792" percent="99">
      <mem type="soa" free="1982887968" total="1985882112" percent="99" />
      <mem type="loa" free="104519680" total="104519680" percent="100" />
    </mem>
    <remembered-set count="372" />
  </mem-info>
</gc-start>
<allocation-stats totalBytes="1147016" >
  <allocated-bytes non-tlh="109440" tlh="1037576" />
  <largest-consumer threadName="PmdThread 1" threadId="0000000002519C00" bytes="362320" />
</allocation-stats>
<gc-op id="432" type="scavenge" timems="0.811" contextid="429" timestamp="2019-06-15T03:58:14.790">
  <scavenger-info tenureage="5" tenuremask="ffe0" tiltratio="61" />
  <memory-copied type="nursery" objects="5988" bytes="580328" bytesdiscarded="139024" />
  <references type="phantom" candidates="2" cleared="0" enqueued="0" />
</gc-op>
<gc-end id="433" type="scavenge" contextid="429" durationms="1.209" usertimems="0.000" systemtimems="0.000" timestamp="2019-06-15T03:58:14.790" activeThreads="4">
  <mem-info id="434" free="2087998952" total="2092630016" percent="99">
    <mem type="nursery" free="591304" total="2228224" percent="26">
      <mem type="allocate" free="591304" total="1310720" percent="45" />
      <mem type="survivor" free="0" total="917504" percent="0" />
    </mem>
    <mem type="tenure" free="2087407648" total="2090401792" percent="99">
      <mem type="soa" free="1982887968" total="1985882112" percent="99" />
      <mem type="loa" free="104519680" total="104519680" percent="100" />
    </mem>
    <remembered-set count="367" />
  </mem-info>
</gc-end>
<cycle-end id="435" type="scavenge" contextid="429" timestamp="2019-06-15T03:58:14.790" />
  <attribute name="elasticGC enabled" value="1" />
  <attribute name= "numThreadsSpecified" value="4" />
  <attribute name="heapSize specified" value="8519680" />
  <attribute name="Current GC Util" value="27" />
  <attribute name= "Current Time Running" value="1295" />
  <attribute name ="GC Interval" value="200" />
  <attribute name="ProportionalT" value="3.500000" />
  <attribute name="ProportionalI" value="3.500000" />
  <attribute name="ProportionalH" value="3.500000" />
  <attribute name="Current Error" value="7.000000" />
  <attribute name="IntegralT" value="91.000000" />
  <attribute name="IntegralI" value="91.000000" />
  <attribute name="IntegralH" value="91.000000" />
  <attribute name="DerivativeT" value="0.346154" />
  <attribute name="DerivativeI" value="0.346154" />
  <attribute name="DerivativeH" value="0.346154" />
  <attribute name="Loop Time for DT" value="13.000000" />
  <attribute name="Output H" value="8388608"/>
  <attribute name="Output I" value="200"/>
  <attribute name="Output T" value="4"/>
  <attribute name="Target GC Util Change" value ="20.000000" />
  <attribute name="Current GC Util Change" value="27.000000"/>
  <attribute name="GC Util currently" value="27" />
  <attribute name="CPU Util currently" value="382319362294" />
<allocation-satisfied id="436" threadId="000000000251D800" bytesRequested="176" />
<af-end id="437" timestamp="2019-06-15T03:58:14.790" threadId="000000000251E188" success="true" from="nursery"/>
<exclusive-end id="438" timestamp="2019-06-15T03:58:14.791" durationms="1.650" />

<exclusive-start id="439" timestamp="2019-06-15T03:58:14.807" intervalms="18.475">
  <response-info timems="0.219" idlems="0.192" threads="1" lastid="0000000002525400" lastname="PmdThread 3" />
</exclusive-start>
<af-start id="440" threadId="000000000220A088" totalBytesRequested="224" timestamp="2019-06-15T03:58:14.807" intervalms="18.454" type="nursery" />
<cycle-start id="441" type="scavenge" contextid="0" timestamp="2019-06-15T03:58:14.807" intervalms="18.445" />
<gc-start id="442" type="scavenge" contextid="441" timestamp="2019-06-15T03:58:14.808">
  <mem-info id="443" free="2087405288" total="2092630016" percent="99">
    <mem type="nursery" free="0" total="2228224" percent="0">
      <mem type="allocate" free="0" total="1310720" percent="0" />
      <mem type="survivor" free="0" total="917504" percent="0" />
    </mem>
    <mem type="tenure" free="2087405288" total="2090401792" percent="99">
      <mem type="soa" free="1982885608" total="1985882112" percent="99" />
      <mem type="loa" free="104519680" total="104519680" percent="100" />
    </mem>
    <remembered-set count="399" />
  </mem-info>
</gc-start>
<allocation-stats totalBytes="582784" >
  <allocated-bytes non-tlh="26784" tlh="556000" />
  <largest-consumer threadName="PmdThread 3" threadId="0000000002525400" bytes="214776" />
</allocation-stats>
<gc-op id="444" type="scavenge" timems="0.577" contextid="441" timestamp="2019-06-15T03:58:14.808">
  <scavenger-info tenureage="3" tenuremask="fff8" tiltratio="58" />
  <memory-copied type="nursery" objects="7882" bytes="645048" bytesdiscarded="92520" />
  <memory-copied type="tenure" objects="626" bytes="50728" bytesdiscarded="184" />
  <references type="phantom" candidates="1" cleared="0" enqueued="0" />
</gc-op>
<gc-end id="445" type="scavenge" contextid="441" durationms="0.758" usertimems="4.000" systemtimems="0.000" timestamp="2019-06-15T03:58:14.808" activeThreads="4">
  <mem-info id="446" free="2087934216" total="2092630016" percent="99">
    <mem type="nursery" free="638624" total="2228224" percent="28">
      <mem type="allocate" free="638624" total="1376256" percent="46" />
      <mem type="survivor" free="0" total="851968" percent="0" />
    </mem>
    <mem type="tenure" free="2087295592" total="2090401792" percent="99">
      <mem type="soa" free="1982775912" total="1985882112" percent="99" />
      <mem type="loa" free="104519680" total="104519680" percent="100" />
    </mem>
    <remembered-set count="337" />
  </mem-info>
</gc-end>
<cycle-end id="447" type="scavenge" contextid="441" timestamp="2019-06-15T03:58:14.808" />
  <attribute name="elasticGC enabled" value="1" />
  <attribute name= "numThreadsSpecified" value="4" />
  <attribute name="heapSize specified" value="8519680" />
  <attribute name="Current GC Util" value="11" />
  <attribute name= "Current Time Running" value="1313" />
  <attribute name ="GC Interval" value="200" />
  <attribute name="ProportionalT" value="-4.500000" />
  <attribute name="ProportionalI" value="-4.500000" />
  <attribute name="ProportionalH" value="-4.500000" />
  <attribute name="Current Error" value="-9.000000" />
  <attribute name="IntegralT" value="-162.000000" />
  <attribute name="IntegralI" value="-162.000000" />
  <attribute name="IntegralH" value="-162.000000" />
  <attribute name="DerivativeT" value="-1.333333" />
  <attribute name="DerivativeI" value="-1.333333" />
  <attribute name="DerivativeH" value="-1.333333" />
  <attribute name="Loop Time for DT" value="18.000000" />
  <attribute name="Output H" value="2092630016"/>
  <attribute name="Output I" value="200"/>
  <attribute name="Output T" value="4"/>
  <attribute name="Target GC Util Change" value ="20.000000" />
  <attribute name="Current GC Util Change" value="11.000000"/>
  <attribute name="GC Util currently" value="11" />
  <attribute name="CPU Util currently" value="250553421068" />
<allocation-satisfied id="448" threadId="0000000002209700" bytesRequested="224" />
<af-end id="449" timestamp="2019-06-15T03:58:14.809" threadId="000000000220A088" success="true" from="nursery"/>
<exclusive-end id="450" timestamp="2019-06-15T03:58:14.809" durationms="1.194" />

<exclusive-start id="451" timestamp="2019-06-15T03:58:14.819" intervalms="11.307">
  <response-info timems="0.180" idlems="0.098" threads="1" lastid="000000000251D800" lastname="PmdThread 2" />
</exclusive-start>
<af-start id="452" threadId="0000000002525D88" totalBytesRequested="22640" timestamp="2019-06-15T03:58:14.819" intervalms="11.281" type="nursery" />
<cycle-start id="453" type="scavenge" contextid="0" timestamp="2019-06-15T03:58:14.819" intervalms="11.268" />
<gc-start id="454" type="scavenge" contextid="453" timestamp="2019-06-15T03:58:14.819">
  <mem-info id="455" free="2087292928" total="2092630016" percent="99">
    <mem type="nursery" free="0" total="2228224" percent="0">
      <mem type="allocate" free="0" total="1376256" percent="0" />
      <mem type="survivor" free="0" total="851968" percent="0" />
    </mem>
    <mem type="tenure" free="2087292928" total="2090401792" percent="99">
      <mem type="soa" free="1982773248" total="1985882112" percent="99" />
      <mem type="loa" free="104519680" total="104519680" percent="100" />
    </mem>
    <remembered-set count="374" />
  </mem-info>
</gc-start>
<allocation-stats totalBytes="639800" >
  <allocated-bytes non-tlh="2888" tlh="636912" />
  <largest-consumer threadName="PmdThread 2" threadId="000000000251D800" bytes="335216" />
</allocation-stats>
<gc-op id="456" type="scavenge" timems="0.576" contextid="453" timestamp="2019-06-15T03:58:14.819">
  <scavenger-info tenureage="5" tenuremask="ffe0" tiltratio="61" />
  <memory-copied type="nursery" objects="10355" bytes="808608" bytesdiscarded="43296" />
  <memory-copied type="tenure" objects="254" bytes="22632" bytesdiscarded="0" />
  <copy-failed type="nursery" objects="254" bytes="22632" />
  <references type="weak" candidates="3" cleared="1" enqueued="1" />
  <references type="phantom" candidates="2" cleared="0" enqueued="0" />
</gc-op>
<gc-end id="457" type="scavenge" contextid="453" durationms="0.730" usertimems="4.000" systemtimems="0.000" timestamp="2019-06-15T03:58:14.820" activeThreads="4">
  <mem-info id="458" free="2087555072" total="2092630016" percent="99">
    <mem type="nursery" free="262144" total="2228224" percent="11">
      <mem type="allocate" free="262144" total="1114112" percent="23" />
      <mem type="survivor" free="0" total="1114112" percent="0" />
    </mem>
    <mem type="tenure" free="2087292928" total="2090401792" percent="99">
      <mem type="soa" free="1982773248" total="1985882112" percent="99" />
      <mem type="loa" free="104519680" total="104519680" percent="100" />
    </mem>
    <pending-finalizers system="0" default="0" reference="1" classloader="0" />
    <remembered-set count="316" />
  </mem-info>
</gc-end>
<cycle-end id="459" type="scavenge" contextid="453" timestamp="2019-06-15T03:58:14.820" />
  <attribute name="elasticGC enabled" value="1" />
  <attribute name= "numThreadsSpecified" value="4" />
  <attribute name="heapSize specified" value="8519680" />
  <attribute name="Current GC Util" value="14" />
  <attribute name= "Current Time Running" value="1324" />
  <attribute name ="GC Interval" value="200" />
  <attribute name="ProportionalT" value="-3.000000" />
  <attribute name="ProportionalI" value="-3.000000" />
  <attribute name="ProportionalH" value="-3.000000" />
  <attribute name="Current Error" value="-6.000000" />
  <attribute name="IntegralT" value="-66.000000" />
  <attribute name="IntegralI" value="-66.000000" />
  <attribute name="IntegralH" value="-66.000000" />
  <attribute name="DerivativeT" value="-0.818182" />
  <attribute name="DerivativeI" value="-0.818182" />
  <attribute name="DerivativeH" value="-0.818182" />
  <attribute name="Loop Time for DT" value="11.000000" />
  <attribute name="Output H" value="2092630016"/>
  <attribute name="Output I" value="200"/>
  <attribute name="Output T" value="4"/>
  <attribute name="Target GC Util Change" value ="20.000000" />
  <attribute name="Current GC Util Change" value="14.000000"/>
  <attribute name="GC Util currently" value="14" />
  <attribute name="CPU Util currently" value="410413027771" />
<allocation-satisfied id="460" threadId="0000000002525400" bytesRequested="22640" />
<af-end id="461" timestamp="2019-06-15T03:58:14.820" threadId="0000000002525D88" success="true" from="nursery"/>
<exclusive-end id="462" timestamp="2019-06-15T03:58:14.820" durationms="1.090" />

<exclusive-start id="463" timestamp="2019-06-15T03:58:14.822" intervalms="3.503">
  <response-info timems="0.029" idlems="0.029" threads="0" lastid="0000000002529000" lastname="PmdThread 4" />
</exclusive-start>
<af-start id="464" threadId="0000000002529988" totalBytesRequested="40" timestamp="2019-06-15T03:58:14.822" intervalms="3.559" type="nursery" />
<cycle-start id="465" type="scavenge" contextid="0" timestamp="2019-06-15T03:58:14.822" intervalms="3.587" />
<gc-start id="466" type="scavenge" contextid="465" timestamp="2019-06-15T03:58:14.822">
  <mem-info id="467" free="2087290008" total="2092630016" percent="99">
    <mem type="nursery" free="0" total="2228224" percent="0">
      <mem type="allocate" free="0" total="1114112" percent="0" />
      <mem type="survivor" free="0" total="1114112" percent="0" />
    </mem>
    <mem type="tenure" free="2087290008" total="2090401792" percent="99">
      <mem type="soa" free="1982770328" total="1985882112" percent="99" />
      <mem type="loa" free="104519680" total="104519680" percent="100" />
    </mem>
    <remembered-set count="368" />
  </mem-info>
</gc-start>
<allocation-stats totalBytes="264968" >
  <allocated-bytes non-tlh="63568" tlh="201400" />
  <largest-consumer threadName="PmdThread 3" threadId="0000000002525400" bytes="116760" />
</allocation-stats>
<gc-op id="468" type="scavenge" timems="1.864" contextid="465" timestamp="2019-06-15T03:58:14.824">
  <scavenger-info tenureage="3" tenuremask="7f98" tiltratio="50" />
  <memory-copied type="nursery" objects="5996" bytes="325344" bytesdiscarded="83520" />
  <memory-copied type="tenure" objects="4927" bytes="506696" bytesdiscarded="920" />
  <references type="weak" candidates="7" cleared="2" enqueued="2" />
  <references type="phantom" candidates="1" cleared="0" enqueued="0" />
</gc-op>
<gc-end id="469" type="scavenge" contextid="465" durationms="2.043" usertimems="4.000" systemtimems="0.000" timestamp="2019-06-15T03:58:14.824" activeThreads="4">
  <mem-info id="470" free="2087522824" total="2092630016" percent="99">
    <mem type="nursery" free="705224" total="2228224" percent="31">
      <mem type="allocate" free="705224" total="1114112" percent="63" />
      <mem type="survivor" free="0" total="1114112" percent="0" />
    </mem>
    <mem type="tenure" free="2086817600" total="2090401792" percent="99">
      <mem type="soa" free="1982297920" total="1985882112" percent="99" />
      <mem type="loa" free="104519680" total="104519680" percent="100" />
    </mem>
    <pending-finalizers system="0" default="0" reference="2" classloader="0" />
    <remembered-set count="338" />
  </mem-info>
</gc-end>
<cycle-end id="471" type="scavenge" contextid="465" timestamp="2019-06-15T03:58:14.825" />
  <attribute name="elasticGC enabled" value="1" />
  <attribute name= "numThreadsSpecified" value="4" />
  <attribute name="heapSize specified" value="8519680" />
  <attribute name="Current GC Util" value="42" />
  <attribute name= "Current Time Running" value="1328" />
  <attribute name ="GC Interval" value="200" />
  <attribute name="ProportionalT" value="11.000000" />
  <attribute name="ProportionalI" value="11.000000" />
  <attribute name="ProportionalH" value="11.000000" />
  <attribute name="Current Error" value="22.000000" />
  <attribute name="IntegralT" value="88.000000" />
  <attribute name="IntegralI" value="88.000000" />
  <attribute name="IntegralH" value="88.000000" />
  <attribute name="DerivativeT" value="8.250000" />
  <attribute name="DerivativeI" value="8.250000" />
  <attribute name="DerivativeH" value="8.250000" />
  <attribute name="Loop Time for DT" value="4.000000" />
  <attribute name="Output H" value="8388608"/>
  <attribute name="Output I" value="200"/>
  <attribute name="Output T" value="4"/>
  <attribute name="Target GC Util Change" value ="20.000000" />
  <attribute name="Current GC Util Change" value="42.000000"/>
  <attribute name="GC Util currently" value="42" />
  <attribute name="CPU Util currently" value="1271360844825" />
<allocation-satisfied id="472" threadId="0000000002529000" bytesRequested="40" />
<af-end id="473" timestamp="2019-06-15T03:58:14.825" threadId="0000000002529988" success="true" from="nursery"/>
<exclusive-end id="474" timestamp="2019-06-15T03:58:14.825" durationms="2.717" />

<exclusive-start id="475" timestamp="2019-06-15T03:58:14.834" intervalms="11.896">
  <response-info timems="0.090" idlems="0.090" threads="0" lastid="0000000002525400" lastname="PmdThread 3" />
</exclusive-start>
<af-start id="476" threadId="0000000002525D88" totalBytesRequested="1032" timestamp="2019-06-15T03:58:14.834" intervalms="11.950" type="nursery" />
<cycle-start id="477" type="scavenge" contextid="0" timestamp="2019-06-15T03:58:14.834" intervalms="11.927" />
<gc-start id="478" type="scavenge" contextid="477" timestamp="2019-06-15T03:58:14.834">
  <mem-info id="479" free="2086813376" total="2092630016" percent="99">
    <mem type="nursery" free="0" total="2228224" percent="0">
      <mem type="allocate" free="0" total="1114112" percent="0" />
      <mem type="survivor" free="0" total="1114112" percent="0" />
    </mem>
    <mem type="tenure" free="2086813376" total="2090401792" percent="99">
      <mem type="soa" free="1982293696" total="1985882112" percent="99" />
      <mem type="loa" free="104519680" total="104519680" percent="100" />
    </mem>
    <remembered-set count="442" />
  </mem-info>
</gc-start>
<allocation-stats totalBytes="704336" >
  <allocated-bytes non-tlh="4264" tlh="700072" />
  <largest-consumer threadName="PmdThread 2" threadId="000000000251D800" bytes="229344" />
</allocation-stats>
<gc-op id="480" type="scavenge" timems="0.696" contextid="477" timestamp="2019-06-15T03:58:14.835">
  <scavenger-info tenureage="3" tenuremask="7f88" tiltratio="50" />
  <memory-copied type="nursery" objects="6661" bytes="331976" bytesdiscarded="154128" />
  <memory-copied type="tenure" objects="2544" bytes="110912" bytesdiscarded="8" />
  <finalization candidates="1" enqueued="0" />
  <references type="soft" candidates="2" cleared="0" enqueued="0" dynamicThreshold="31" maxThreshold="32" />
  <references type="weak" candidates="14" cleared="2" enqueued="2" />
  <references type="phantom" candidates="7" cleared="2" enqueued="2" />
</gc-op>
<gc-end id="481" type="scavenge" contextid="477" durationms="0.848" usertimems="4.000" systemtimems="0.000" timestamp="2019-06-15T03:58:14.835" activeThreads="4">
  <mem-info id="482" free="2087454896" total="2092630016" percent="99">
    <mem type="nursery" free="759024" total="2228224" percent="34">
      <mem type="allocate" free="759024" total="1245184" percent="60" />
      <mem type="survivor" free="0" total="983040" percent="0" />
    </mem>
    <mem type="tenure" free="2086695872" total="2090401792" percent="99">
      <mem type="soa" free="1982176192" total="1985882112" percent="99" />
      <mem type="loa" free="104519680" total="104519680" percent="100" />
    </mem>
    <pending-finalizers system="0" default="0" reference="4" classloader="0" />
    <remembered-set count="463" />
  </mem-info>
</gc-end>
<cycle-end id="483" type="scavenge" contextid="477" timestamp="2019-06-15T03:58:14.835" />
  <attribute name="elasticGC enabled" value="1" />
  <attribute name= "numThreadsSpecified" value="4" />
  <attribute name="heapSize specified" value="8519680" />
  <attribute name="Current GC Util" value="34" />
  <attribute name= "Current Time Running" value="1340" />
  <attribute name ="GC Interval" value="200" />
  <attribute name="ProportionalT" value="7.000000" />
  <attribute name="ProportionalI" value="7.000000" />
  <attribute name="ProportionalH" value="7.000000" />
  <attribute name="Current Error" value="14.000000" />
  <attribute name="IntegralT" value="168.000000" />
  <attribute name="IntegralI" value="168.000000" />
  <attribute name="IntegralH" value="168.000000" />
  <attribute name="DerivativeT" value="-1.000000" />
  <attribute name="DerivativeI" value="-1.000000" />
  <attribute name="DerivativeH" value="-1.000000" />
  <attribute name="Loop Time for DT" value="12.000000" />
  <attribute name="Output H" value="8388608"/>
  <attribute name="Output I" value="200"/>
  <attribute name="Output T" value="4"/>
  <attribute name="Target GC Util Change" value ="20.000000" />
  <attribute name="Current GC Util Change" value="34.000000"/>
  <attribute name="GC Util currently" value="34" />
  <attribute name="CPU Util currently" value="387823727430" />
<allocation-satisfied id="484" threadId="0000000002525400" bytesRequested="1032" />
<af-end id="485" timestamp="2019-06-15T03:58:14.835" threadId="0000000002525D88" success="true" from="nursery"/>
<exclusive-end id="486" timestamp="2019-06-15T03:58:14.835" durationms="1.316" />

<exclusive-start id="487" timestamp="2019-06-15T03:58:14.848" intervalms="13.741">
  <response-info timems="0.191" idlems="0.179" threads="1" lastid="000000000220D300" lastname="JIT Compilation Thread-0" />
</exclusive-start>
<af-start id="488" threadId="000000000251A588" totalBytesRequested="16" timestamp="2019-06-15T03:58:14.848" intervalms="13.654" type="nursery" />
<cycle-start id="489" type="scavenge" contextid="0" timestamp="2019-06-15T03:58:14.848" intervalms="13.658" />
<gc-start id="490" type="scavenge" contextid="489" timestamp="2019-06-15T03:58:14.848">
  <mem-info id="491" free="2086693712" total="2092630016" percent="99">
    <mem type="nursery" free="0" total="2228224" percent="0">
      <mem type="allocate" free="0" total="1245184" percent="0" />
      <mem type="survivor" free="0" total="983040" percent="0" />
    </mem>
    <mem type="tenure" free="2086693712" total="2090401792" percent="99">
      <mem type="soa" free="1982174032" total="1985882112" percent="99" />
      <mem type="loa" free="104519680" total="104519680" percent="100" />
    </mem>
    <remembered-set count="492" />
  </mem-info>
</gc-start>
<allocation-stats totalBytes="760360" >
  <allocated-bytes non-tlh="21696" tlh="738664" />
  <largest-consumer threadName="PmdThread 2" threadId="000000000251D800" bytes="419808" />
</allocation-stats>
<gc-op id="492" type="scavenge" timems="1.000" contextid="489" timestamp="2019-06-15T03:58:14.849">
  <scavenger-info tenureage="3" tenuremask="7f88" tiltratio="55" />
  <memory-copied type="nursery" objects="8735" bytes="313704" bytesdiscarded="38760" />
  <memory-copied type="tenure" objects="2092" bytes="167960" bytesdiscarded="632" />
  <finalization candidates="1" enqueued="0" />
  <references type="soft" candidates="3" cleared="0" enqueued="0" dynamicThreshold="31" maxThreshold="32" />
  <references type="weak" candidates="11" cleared="1" enqueued="1" />
  <references type="phantom" candidates="5" cleared="1" enqueued="1" />
</gc-op>
<gc-end id="493" type="scavenge" contextid="489" durationms="1.183" usertimems="4.000" systemtimems="0.000" timestamp="2019-06-15T03:58:14.849" activeThreads="4">
  <mem-info id="494" free="2087553192" total="2092630016" percent="99">
    <mem type="nursery" free="1023744" total="2228224" percent="45">
      <mem type="allocate" free="1023744" total="1376256" percent="74" />
      <mem type="survivor" free="0" total="851968" percent="0" />
    </mem>
    <mem type="tenure" free="2086529448" total="2090401792" percent="99">
      <mem type="soa" free="1982009768" total="1985882112" percent="99" />
      <mem type="loa" free="104519680" total="104519680" percent="100" />
    </mem>
    <pending-finalizers system="0" default="0" reference="2" classloader="0" />
    <remembered-set count="509" />
  </mem-info>
</gc-end>
<cycle-end id="495" type="scavenge" contextid="489" timestamp="2019-06-15T03:58:14.849" />
  <attribute name="elasticGC enabled" value="1" />
  <attribute name= "numThreadsSpecified" value="4" />
  <attribute name="heapSize specified" value="8519680" />
  <attribute name="Current GC Util" value="11" />
  <attribute name= "Current Time Running" value="1353" />
  <attribute name ="GC Interval" value="200" />
  <attribute name="ProportionalT" value="-4.500000" />
  <attribute name="ProportionalI" value="-4.500000" />
  <attribute name="ProportionalH" value="-4.500000" />
  <attribute name="Current Error" value="-9.000000" />
  <attribute name="IntegralT" value="-117.000000" />
  <attribute name="IntegralI" value="-117.000000" />
  <attribute name="IntegralH" value="-117.000000" />
  <attribute name="DerivativeT" value="-2.653846" />
  <attribute name="DerivativeI" value="-2.653846" />
  <attribute name="DerivativeH" value="-2.653846" />
  <attribute name="Loop Time for DT" value="13.000000" />
  <attribute name="Output H" value="2092630016"/>
  <attribute name="Output I" value="200"/>
  <attribute name="Output T" value="4"/>
  <attribute name="Target GC Util Change" value ="20.000000" />
  <attribute name="Current GC Util Change" value="11.000000"/>
  <attribute name="GC Util currently" value="11" />
  <attribute name="CPU Util currently" value="336828546042" />
<allocation-satisfied id="496" threadId="0000000002519C00" bytesRequested="16" />
<af-end id="497" timestamp="2019-06-15T03:58:14.849" threadId="000000000251A588" success="true" from="nursery"/>
<exclusive-end id="498" timestamp="2019-06-15T03:58:14.849" durationms="1.604" />

<exclusive-start id="499" timestamp="2019-06-15T03:58:14.867" intervalms="19.309">
  <response-info timems="0.053" idlems="0.049" threads="1" lastid="0000000002525400" lastname="PmdThread 3" />
</exclusive-start>
<af-start id="500" threadId="0000000002529988" totalBytesRequested="16392" timestamp="2019-06-15T03:58:14.867" intervalms="19.321" type="nursery" />
<cycle-start id="501" type="scavenge" contextid="0" timestamp="2019-06-15T03:58:14.867" intervalms="19.330" />
<gc-start id="502" type="scavenge" contextid="501" timestamp="2019-06-15T03:58:14.867">
  <mem-info id="503" free="2086520872" total="2092630016" percent="99">
    <mem type="nursery" free="0" total="2228224" percent="0">
      <mem type="allocate" free="0" total="1376256" percent="0" />
      <mem type="survivor" free="0" total="851968" percent="0" />
    </mem>
    <mem type="tenure" free="2086520872" total="2090401792" percent="99">
      <mem type="soa" free="1982001192" total="1985882112" percent="99" />
      <mem type="loa" free="104519680" total="104519680" percent="100" />
    </mem>
    <remembered-set count="715" />
  </mem-info>
</gc-start>
<allocation-stats totalBytes="1003656" >
  <allocated-bytes non-tlh="8592" tlh="995064" />
  <largest-consumer threadName="PmdThread 2" threadId="000000000251D800" bytes="442304" />
</allocation-stats>
<gc-op id="504" type="scavenge" timems="1.963" contextid="501" timestamp="2019-06-15T03:58:14.869">
  <scavenger-info tenureage="3" tenuremask="7f88" tiltratio="61" />
  <memory-copied type="nursery" objects="12705" bytes="494432" bytesdiscarded="101056" />
  <memory-copied type="tenure" objects="1231" bytes="42688" bytesdiscarded="32" />
  <finalization candidates="6" enqueued="0" />
  <references type="soft" candidates="6" cleared="0" enqueued="0" dynamicThreshold="31" maxThreshold="32" />
  <references type="weak" candidates="34" cleared="9" enqueued="6" />
  <references type="phantom" candidates="6" cleared="0" enqueued="0" />
</gc-op>
<gc-end id="505" type="scavenge" contextid="501" durationms="2.166" usertimems="4.000" systemtimems="0.000" timestamp="2019-06-15T03:58:14.869" activeThreads="4">
  <mem-info id="506" free="2087262240" total="2092630016" percent="99">
    <mem type="nursery" free="780536" total="2228224" percent="35">
      <mem type="allocate" free="780536" total="1376256" percent="56" />
      <mem type="survivor" free="0" total="851968" percent="0" />
    </mem>
    <mem type="tenure" free="2086481704" total="2090401792" percent="99">
      <mem type="soa" free="1981962024" total="1985882112" percent="99" />
      <mem type="loa" free="104519680" total="104519680" percent="100" />
    </mem>
    <pending-finalizers system="0" default="0" reference="6" classloader="0" />
    <remembered-set count="657" />
  </mem-info>
</gc-end>
<cycle-end id="507" type="scavenge" contextid="501" timestamp="2019-06-15T03:58:14.870" />
  <attribute name="elasticGC enabled" value="1" />
  <attribute name= "numThreadsSpecified" value="4" />
  <attribute name="heapSize specified" value="8519680" />
  <attribute name="Current GC Util" value="10" />
  <attribute name= "Current Time Running" value="1373" />
  <attribute name ="GC Interval" value="200" />
  <attribute name="ProportionalT" value="-5.000000" />
  <attribute name="ProportionalI" value="-5.000000" />
  <attribute name="ProportionalH" value="-5.000000" />
  <attribute name="Current Error" value="-10.000000" />
  <attribute name="IntegralT" value="-200.000000" />
  <attribute name="IntegralI" value="-200.000000" />
  <attribute name="IntegralH" value="-200.000000" />
  <attribute name="DerivativeT" value="-0.750000" />
  <attribute name="DerivativeI" value="-0.750000" />
  <attribute name="DerivativeH" value="-0.750000" />
  <attribute name="Loop Time for DT" value="20.000000" />
  <attribute name="Output H" value="2092630016"/>
  <attribute name="Output I" value="200"/>
  <attribute name="Output T" value="4"/>
  <attribute name="Target GC Util Change" value ="20.000000" />
  <attribute name="Current GC Util Change" value="10.000000"/>
  <attribute name="GC Util currently" value="10" />
  <attribute name="CPU Util currently" value="238410741428" />
<allocation-satisfied id="508" threadId="0000000002529000" bytesRequested="16392" />
<af-end id="509" timestamp="2019-06-15T03:58:14.870" threadId="0000000002529988" success="true" from="nursery"/>
<exclusive-end id="510" timestamp="2019-06-15T03:58:14.870" durationms="2.754" />

<exclusive-start id="511" timestamp="2019-06-15T03:58:14.878" intervalms="10.744">
  <response-info timems="0.079" idlems="0.079" threads="0" lastid="0000000002525400" lastname="PmdThread 3" />
</exclusive-start>
<af-start id="512" threadId="0000000002525D88" totalBytesRequested="8368" timestamp="2019-06-15T03:58:14.878" intervalms="10.726" type="nursery" />
<cycle-start id="513" type="scavenge" contextid="0" timestamp="2019-06-15T03:58:14.878" intervalms="10.713" />
<gc-start id="514" type="scavenge" contextid="513" timestamp="2019-06-15T03:58:14.878">
  <mem-info id="515" free="2086454048" total="2092630016" percent="99">
    <mem type="nursery" free="0" total="2228224" percent="0">
      <mem type="allocate" free="0" total="1376256" percent="0" />
      <mem type="survivor" free="0" total="851968" percent="0" />
    </mem>
    <mem type="tenure" free="2086454048" total="2090401792" percent="99">
      <mem type="soa" free="1981934368" total="1985882112" percent="99" />
      <mem type="loa" free="104519680" total="104519680" percent="100" />
    </mem>
    <remembered-set count="1116" />
  </mem-info>
</gc-start>
<allocation-stats totalBytes="803888" >
  <allocated-bytes non-tlh="44048" tlh="759840" />
  <largest-consumer threadName="PmdThread 4" threadId="0000000002529000" bytes="446208" />
</allocation-stats>
<gc-op id="516" type="scavenge" timems="0.957" contextid="513" timestamp="2019-06-15T03:58:14.879">
  <scavenger-info tenureage="3" tenuremask="7fc8" tiltratio="61" />
  <memory-copied type="nursery" objects="14094" bytes="578960" bytesdiscarded="110760" />
  <memory-copied type="tenure" objects="3190" bytes="109264" bytesdiscarded="8" />
  <finalization candidates="6" enqueued="0" />
  <references type="soft" candidates="21" cleared="0" enqueued="0" dynamicThreshold="31" maxThreshold="32" />
  <references type="weak" candidates="92" cleared="29" enqueued="22" />
  <references type="phantom" candidates="3" cleared="1" enqueued="1" />
</gc-op>
<gc-end id="517" type="scavenge" contextid="513" durationms="1.125" usertimems="0.000" systemtimems="0.000" timestamp="2019-06-15T03:58:14.879" activeThreads="4">
  <mem-info id="518" free="2087096832" total="2092630016" percent="99">
    <mem type="nursery" free="751840" total="2228224" percent="33">
      <mem type="allocate" free="751840" total="1441792" percent="52" />
      <mem type="survivor" free="0" total="786432" percent="0" />
    </mem>
    <mem type="tenure" free="2086344992" total="2090401792" percent="99">
      <mem type="soa" free="1981825312" total="1985882112" percent="99" />
      <mem type="loa" free="104519680" total="104519680" percent="100" />
    </mem>
    <pending-finalizers system="0" default="0" reference="23" classloader="0" />
    <remembered-set count="1005" />
  </mem-info>
</gc-end>
<cycle-end id="519" type="scavenge" contextid="513" timestamp="2019-06-15T03:58:14.879" />
  <attribute name="elasticGC enabled" value="1" />
  <attribute name= "numThreadsSpecified" value="4" />
  <attribute name="heapSize specified" value="8519680" />
  <attribute name="Current GC Util" value="32" />
  <attribute name= "Current Time Running" value="1383" />
  <attribute name ="GC Interval" value="200" />
  <attribute name="ProportionalT" value="6.000000" />
  <attribute name="ProportionalI" value="6.000000" />
  <attribute name="ProportionalH" value="6.000000" />
  <attribute name="Current Error" value="12.000000" />
  <attribute name="IntegralT" value="120.000000" />
  <attribute name="IntegralI" value="120.000000" />
  <attribute name="IntegralH" value="120.000000" />
  <attribute name="DerivativeT" value="1.800000" />
  <attribute name="DerivativeI" value="1.800000" />
  <attribute name="DerivativeH" value="1.800000" />
  <attribute name="Loop Time for DT" value="10.000000" />
  <attribute name="Output H" value="8388608"/>
  <attribute name="Output I" value="200"/>
  <attribute name="Output T" value="4"/>
  <attribute name="Target GC Util Change" value ="20.000000" />
  <attribute name="Current GC Util Change" value="32.000000"/>
  <attribute name="GC Util currently" value="32" />
  <attribute name="CPU Util currently" value="432200979385" />
<allocation-satisfied id="520" threadId="0000000002525400" bytesRequested="8368" />
<af-end id="521" timestamp="2019-06-15T03:58:14.879" threadId="0000000002525D88" success="true" from="nursery"/>
<exclusive-end id="522" timestamp="2019-06-15T03:58:14.879" durationms="1.572" />

<exclusive-start id="523" timestamp="2019-06-15T03:58:14.896" intervalms="18.303">
  <response-info timems="0.043" idlems="0.043" threads="0" lastid="0000000002519C00" lastname="PmdThread 1" />
</exclusive-start>
<af-start id="524" threadId="000000000251A588" totalBytesRequested="6848" timestamp="2019-06-15T03:58:14.896" intervalms="18.306" type="nursery" />
<cycle-start id="525" type="scavenge" contextid="0" timestamp="2019-06-15T03:58:14.896" intervalms="18.293" />
<gc-start id="526" type="scavenge" contextid="525" timestamp="2019-06-15T03:58:14.896">
  <mem-info id="527" free="2086314952" total="2092630016" percent="99">
    <mem type="nursery" free="0" total="2228224" percent="0">
      <mem type="allocate" free="0" total="1441792" percent="0" />
      <mem type="survivor" free="0" total="786432" percent="0" />
    </mem>
    <mem type="tenure" free="2086314952" total="2090401792" percent="99">
      <mem type="soa" free="1981795272" total="1985882112" percent="99" />
      <mem type="loa" free="104519680" total="104519680" percent="100" />
    </mem>
    <remembered-set count="1650" />
  </mem-info>
</gc-start>
<allocation-stats totalBytes="767560" >
  <allocated-bytes non-tlh="38408" tlh="729152" />
  <largest-consumer threadName="PmdThread 3" threadId="0000000002525400" bytes="347952" />
</allocation-stats>
<gc-op id="528" type="scavenge" timems="1.313" contextid="525" timestamp="2019-06-15T03:58:14.898">
  <scavenger-info tenureage="3" tenuremask="7fe8" tiltratio="64" />
  <memory-copied type="nursery" objects="15212" bytes="592568" bytesdiscarded="85984" />
  <memory-copied type="tenure" objects="3949" bytes="145344" bytesdiscarded="56" />
  <finalization candidates="5" enqueued="0" />
  <references type="soft" candidates="29" cleared="0" enqueued="0" dynamicThreshold="31" maxThreshold="32" />
  <references type="weak" candidates="100" cleared="15" enqueued="10" />
  <references type="phantom" candidates="2" cleared="0" enqueued="0" />
</gc-op>
<gc-end id="529" type="scavenge" contextid="525" durationms="1.488" usertimems="4.000" systemtimems="0.000" timestamp="2019-06-15T03:58:14.898" activeThreads="4">
  <mem-info id="530" free="2087025848" total="2092630016" percent="99">
    <mem type="nursery" free="828400" total="2228224" percent="37">
      <mem type="allocate" free="828400" total="1507328" percent="54" />
      <mem type="survivor" free="0" total="720896" percent="0" />
    </mem>
    <mem type="tenure" free="2086197448" total="2090401792" percent="99">
      <mem type="soa" free="1981677768" total="1985882112" percent="99" />
      <mem type="loa" free="104519680" total="104519680" percent="100" />
    </mem>
    <pending-finalizers system="0" default="0" reference="10" classloader="0" />
    <remembered-set count="1747" />
  </mem-info>
</gc-end>
<cycle-end id="531" type="scavenge" contextid="525" timestamp="2019-06-15T03:58:14.898" />
  <attribute name="elasticGC enabled" value="1" />
  <attribute name= "numThreadsSpecified" value="4" />
  <attribute name="heapSize specified" value="8519680" />
  <attribute name="Current GC Util" value="12" />
  <attribute name= "Current Time Running" value="1402" />
  <attribute name ="GC Interval" value="200" />
  <attribute name="ProportionalT" value="-4.000000" />
  <attribute name="ProportionalI" value="-4.000000" />
  <attribute name="ProportionalH" value="-4.000000" />
  <attribute name="Current Error" value="-8.000000" />
  <attribute name="IntegralT" value="-152.000000" />
  <attribute name="IntegralI" value="-152.000000" />
  <attribute name="IntegralH" value="-152.000000" />
  <attribute name="DerivativeT" value="-1.578947" />
  <attribute name="DerivativeI" value="-1.578947" />
  <attribute name="DerivativeH" value="-1.578947" />
  <attribute name="Loop Time for DT" value="19.000000" />
  <attribute name="Output H" value="2092630016"/>
  <attribute name="Output I" value="200"/>
  <attribute name="Output T" value="4"/>
  <attribute name="Target GC Util Change" value ="20.000000" />
  <attribute name="Current GC Util Change" value="12.000000"/>
  <attribute name="GC Util currently" value="12" />
  <attribute name="CPU Util currently" value="252102951719" />
<allocation-satisfied id="532" threadId="0000000002519C00" bytesRequested="6848" />
<af-end id="533" timestamp="2019-06-15T03:58:14.898" threadId="000000000251A588" success="true" from="nursery"/>
<exclusive-end id="534" timestamp="2019-06-15T03:58:14.898" durationms="1.973" />

<exclusive-start id="535" timestamp="2019-06-15T03:58:14.911" intervalms="14.679">
  <response-info timems="0.049" idlems="0.049" threads="0" lastid="000000000251D800" lastname="PmdThread 2" />
</exclusive-start>
<af-start id="536" threadId="000000000251E188" totalBytesRequested="27656" timestamp="2019-06-15T03:58:14.911" intervalms="14.706" type="nursery" />
<cycle-start id="537" type="scavenge" contextid="0" timestamp="2019-06-15T03:58:14.911" intervalms="14.706" />
<gc-start id="538" type="scavenge" contextid="537" timestamp="2019-06-15T03:58:14.911">
  <mem-info id="539" free="2086203784" total="2092630016" percent="99">
    <mem type="nursery" free="11552" total="2228224" percent="0">
      <mem type="allocate" free="11552" total="1507328" percent="0" />
      <mem type="survivor" free="0" total="720896" percent="0" />
    </mem>
    <mem type="tenure" free="2086192232" total="2090401792" percent="99">
      <mem type="soa" free="1981672552" total="1985882112" percent="99" />
      <mem type="loa" free="104519680" total="104519680" percent="100" />
    </mem>
    <remembered-set count="1910" />
  </mem-info>
</gc-start>
<allocation-stats totalBytes="820624" >
  <allocated-bytes non-tlh="39728" tlh="780896" />
  <largest-consumer threadName="PmdThread 1" threadId="0000000002519C00" bytes="367264" />
</allocation-stats>
<gc-op id="540" type="scavenge" timems="2.343" contextid="537" timestamp="2019-06-15T03:58:14.913">
  <scavenger-info tenureage="3" tenuremask="7ff8" tiltratio="67" />
  <memory-copied type="nursery" objects="11320" bytes="437568" bytesdiscarded="79608" />
  <memory-copied type="tenure" objects="5206" bytes="218808" bytesdiscarded="88" />
  <finalization candidates="5" enqueued="0" />
  <references type="soft" candidates="27" cleared="0" enqueued="0" dynamicThreshold="31" maxThreshold="32" />
  <references type="weak" candidates="71" cleared="1" enqueued="1" />
  <references type="phantom" candidates="2" cleared="0" enqueued="0" />
</gc-op>
<gc-end id="541" type="scavenge" contextid="537" durationms="2.706" usertimems="4.000" systemtimems="0.000" timestamp="2019-06-15T03:58:14.914" activeThreads="4">
  <mem-info id="542" free="2086953544" total="2092630016" percent="99">
    <mem type="nursery" free="989944" total="2228224" percent="44">
      <mem type="allocate" free="989944" total="1507328" percent="65" />
      <mem type="survivor" free="0" total="720896" percent="0" />
    </mem>
    <mem type="tenure" free="2085963600" total="2090401792" percent="99">
      <mem type="soa" free="1981443920" total="1985882112" percent="99" />
      <mem type="loa" free="104519680" total="104519680" percent="100" />
    </mem>
    <pending-finalizers system="0" default="0" reference="1" classloader="0" />
    <remembered-set count="1681" />
  </mem-info>
</gc-end>
<cycle-end id="543" type="scavenge" contextid="537" timestamp="2019-06-15T03:58:14.914" />
  <attribute name="elasticGC enabled" value="1" />
  <attribute name= "numThreadsSpecified" value="4" />
  <attribute name="heapSize specified" value="8519680" />
  <attribute name="Current GC Util" value="14" />
  <attribute name= "Current Time Running" value="1416" />
  <attribute name ="GC Interval" value="200" />
  <attribute name="ProportionalT" value="-3.000000" />
  <attribute name="ProportionalI" value="-3.000000" />
  <attribute name="ProportionalH" value="-3.000000" />
  <attribute name="Current Error" value="-6.000000" />
  <attribute name="IntegralT" value="-84.000000" />
  <attribute name="IntegralI" value="-84.000000" />
  <attribute name="IntegralH" value="-84.000000" />
  <attribute name="DerivativeT" value="-0.642857" />
  <attribute name="DerivativeI" value="-0.642857" />
  <attribute name="DerivativeH" value="-0.642857" />
  <attribute name="Loop Time for DT" value="14.000000" />
  <attribute name="Output H" value="2092630016"/>
  <attribute name="Output I" value="200"/>
  <attribute name="Output T" value="4"/>
  <attribute name="Target GC Util Change" value ="20.000000" />
  <attribute name="Current GC Util Change" value="14.000000"/>
  <attribute name="GC Util currently" value="14" />
  <attribute name="CPU Util currently" value="312751437497" />
<allocation-satisfied id="544" threadId="000000000251D800" bytesRequested="27656" />
<af-end id="545" timestamp="2019-06-15T03:58:14.914" threadId="000000000251E188" success="true" from="nursery"/>
<exclusive-end id="546" timestamp="2019-06-15T03:58:14.914" durationms="3.276" />

<exclusive-start id="547" timestamp="2019-06-15T03:58:14.924" intervalms="13.476">
  <response-info timems="0.257" idlems="0.257" threads="0" lastid="0000000002529000" lastname="PmdThread 4" />
</exclusive-start>
<af-start id="548" threadId="0000000002529988" totalBytesRequested="40" timestamp="2019-06-15T03:58:14.924" intervalms="13.455" type="nursery" />
<cycle-start id="549" type="scavenge" contextid="0" timestamp="2019-06-15T03:58:14.924" intervalms="13.481" />
<gc-start id="550" type="scavenge" contextid="549" timestamp="2019-06-15T03:58:14.925">
  <mem-info id="551" free="2085958080" total="2092630016" percent="99">
    <mem type="nursery" free="0" total="2228224" percent="0">
      <mem type="allocate" free="0" total="1507328" percent="0" />
      <mem type="survivor" free="0" total="720896" percent="0" />
    </mem>
    <mem type="tenure" free="2085958080" total="2090401792" percent="99">
      <mem type="soa" free="1981438400" total="1985882112" percent="99" />
      <mem type="loa" free="104519680" total="104519680" percent="100" />
    </mem>
    <remembered-set count="1748" />
  </mem-info>
</gc-start>
<allocation-stats totalBytes="992136" >
  <allocated-bytes non-tlh="61832" tlh="930304" />
  <largest-consumer threadName="PmdThread 4" threadId="0000000002529000" bytes="340816" />
</allocation-stats>
<gc-op id="552" type="scavenge" timems="2.013" contextid="549" timestamp="2019-06-15T03:58:14.927">
  <scavenger-info tenureage="3" tenuremask="7ff8" tiltratio="67" />
  <memory-copied type="nursery" objects="8247" bytes="336776" bytesdiscarded="124584" />
  <memory-copied type="tenure" objects="4425" bytes="186768" bytesdiscarded="40" />
  <references type="soft" candidates="10" cleared="0" enqueued="0" dynamicThreshold="31" maxThreshold="32" />
  <references type="weak" candidates="24" cleared="1" enqueued="1" />
  <references type="phantom" candidates="1" cleared="1" enqueued="1" />
</gc-op>
<gc-end id="553" type="scavenge" contextid="549" durationms="2.256" usertimems="4.000" systemtimems="0.000" timestamp="2019-06-15T03:58:14.927" activeThreads="4">
  <mem-info id="554" free="2086935728" total="2092630016" percent="99">
    <mem type="nursery" free="1111296" total="2228224" percent="49">
      <mem type="allocate" free="1111296" total="1572864" percent="70" />
      <mem type="survivor" free="0" total="655360" percent="0" />
    </mem>
    <mem type="tenure" free="2085824432" total="2090401792" percent="99">
      <mem type="soa" free="1981304752" total="1985882112" percent="99" />
      <mem type="loa" free="104519680" total="104519680" percent="100" />
    </mem>
    <pending-finalizers system="0" default="0" reference="2" classloader="0" />
    <remembered-set count="1211" />
  </mem-info>
</gc-end>
<cycle-end id="555" type="scavenge" contextid="549" timestamp="2019-06-15T03:58:14.927" />
  <attribute name="elasticGC enabled" value="1" />
  <attribute name= "numThreadsSpecified" value="4" />
  <attribute name="heapSize specified" value="8519680" />
  <attribute name="Current GC Util" value="28" />
  <attribute name= "Current Time Running" value="1430" />
  <attribute name ="GC Interval" value="200" />
  <attribute name="ProportionalT" value="4.000000" />
  <attribute name="ProportionalI" value="4.000000" />
  <attribute name="ProportionalH" value="4.000000" />
  <attribute name="Current Error" value="8.000000" />
  <attribute name="IntegralT" value="112.000000" />
  <attribute name="IntegralI" value="112.000000" />
  <attribute name="IntegralH" value="112.000000" />
  <attribute name="DerivativeT" value="0.857143" />
  <attribute name="DerivativeI" value="0.857143" />
  <attribute name="DerivativeH" value="0.857143" />
  <attribute name="Loop Time for DT" value="14.000000" />
  <attribute name="Output H" value="8388608"/>
  <attribute name="Output I" value="200"/>
  <attribute name="Output T" value="4"/>
  <attribute name="Target GC Util Change" value ="20.000000" />
  <attribute name="Current GC Util Change" value="28.000000"/>
  <attribute name="GC Util currently" value="28" />
  <attribute name="CPU Util currently" value="341904334949" />
<allocation-satisfied id="556" threadId="0000000002529000" bytesRequested="40" />
<af-end id="557" timestamp="2019-06-15T03:58:14.927" threadId="0000000002529988" success="true" from="nursery"/>
<exclusive-end id="558" timestamp="2019-06-15T03:58:14.927" durationms="2.857" />

<exclusive-start id="559" timestamp="2019-06-15T03:58:14.941" intervalms="16.432">
  <response-info timems="0.069" idlems="0.069" threads="0" lastid="0000000002529000" lastname="PmdThread 4" />
</exclusive-start>
<af-start id="560" threadId="0000000002529988" totalBytesRequested="6176" timestamp="2019-06-15T03:58:14.941" intervalms="16.427" type="nursery" />
<cycle-start id="561" type="scavenge" contextid="0" timestamp="2019-06-15T03:58:14.941" intervalms="16.406" />
<gc-start id="562" type="scavenge" contextid="561" timestamp="2019-06-15T03:58:14.941">
  <mem-info id="563" free="2085818816" total="2092630016" percent="99">
    <mem type="nursery" free="0" total="2228224" percent="0">
      <mem type="allocate" free="0" total="1572864" percent="0" />
      <mem type="survivor" free="0" total="655360" percent="0" />
    </mem>
    <mem type="tenure" free="2085818816" total="2090401792" percent="99">
      <mem type="soa" free="1981299136" total="1985882112" percent="99" />
      <mem type="loa" free="104519680" total="104519680" percent="100" />
    </mem>
    <remembered-set count="1291" />
  </mem-info>
</gc-start>
<allocation-stats totalBytes="1103952" >
  <allocated-bytes non-tlh="5656" tlh="1098296" />
  <largest-consumer threadName="PmdThread 4" threadId="0000000002529000" bytes="499928" />
</allocation-stats>
<gc-op id="564" type="scavenge" timems="1.381" contextid="561" timestamp="2019-06-15T03:58:14.942">
  <scavenger-info tenureage="3" tenuremask="7ff8" tiltratio="70" />
  <memory-copied type="nursery" objects="2911" bytes="109832" bytesdiscarded="85952" />
  <memory-copied type="tenure" objects="5164" bytes="157136" bytesdiscarded="128" />
  <references type="soft" candidates="1" cleared="0" enqueued="0" dynamicThreshold="31" maxThreshold="32" />
  <references type="weak" candidates="25" cleared="24" enqueued="24" />
  <references type="phantom" candidates="1" cleared="1" enqueued="1" />
</gc-op>
<gc-end id="565" type="scavenge" contextid="561" durationms="1.580" usertimems="4.000" systemtimems="0.000" timestamp="2019-06-15T03:58:14.942" activeThreads="4">
  <mem-info id="566" free="2086999992" total="2092630016" percent="99">
    <mem type="nursery" free="1442560" total="2228224" percent="64">
      <mem type="allocate" free="1442560" total="1638400" percent="88" />
      <mem type="survivor" free="0" total="589824" percent="0" />
    </mem>
    <mem type="tenure" free="2085557432" total="2090401792" percent="99">
      <mem type="soa" free="1981037752" total="1985882112" percent="99" />
      <mem type="loa" free="104519680" total="104519680" percent="100" />
    </mem>
    <pending-finalizers system="0" default="0" reference="25" classloader="0" />
    <remembered-set count="957" />
  </mem-info>
</gc-end>
<cycle-end id="567" type="scavenge" contextid="561" timestamp="2019-06-15T03:58:14.943" />
  <attribute name="elasticGC enabled" value="1" />
  <attribute name= "numThreadsSpecified" value="4" />
  <attribute name="heapSize specified" value="8519680" />
  <attribute name="Current GC Util" value="26" />
  <attribute name= "Current Time Running" value="1446" />
  <attribute name ="GC Interval" value="200" />
  <attribute name="ProportionalT" value="3.000000" />
  <attribute name="ProportionalI" value="3.000000" />
  <attribute name="ProportionalH" value="3.000000" />
  <attribute name="Current Error" value="6.000000" />
  <attribute name="IntegralT" value="96.000000" />
  <attribute name="IntegralI" value="96.000000" />
  <attribute name="IntegralH" value="96.000000" />
  <attribute name="DerivativeT" value="-0.187500" />
  <attribute name="DerivativeI" value="-0.187500" />
  <attribute name="DerivativeH" value="-0.187500" />
  <attribute name="Loop Time for DT" value="16.000000" />
  <attribute name="Output H" value="8388608"/>
  <attribute name="Output I" value="200"/>
  <attribute name="Output T" value="4"/>
  <attribute name="Target GC Util Change" value ="20.000000" />
  <attribute name="Current GC Util Change" value="26.000000"/>
  <attribute name="GC Util currently" value="26" />
  <attribute name="CPU Util currently" value="281493910125" />
<allocation-satisfied id="568" threadId="0000000002529000" bytesRequested="6176" />
<af-end id="569" timestamp="2019-06-15T03:58:14.943" threadId="0000000002529988" success="true" from="nursery"/>
<exclusive-end id="570" timestamp="2019-06-15T03:58:14.943" durationms="1.993" />

<exclusive-start id="571" timestamp="2019-06-15T03:58:14.960" intervalms="18.989">
  <response-info timems="0.035" idlems="0.035" threads="0" lastid="0000000002529000" lastname="PmdThread 4" />
</exclusive-start>
<af-start id="572" threadId="0000000002529988" totalBytesRequested="656" timestamp="2019-06-15T03:58:14.960" intervalms="19.012" type="nursery" />
<cycle-start id="573" type="scavenge" contextid="0" timestamp="2019-06-15T03:58:14.960" intervalms="19.039" />
<gc-start id="574" type="scavenge" contextid="573" timestamp="2019-06-15T03:58:14.960">
  <mem-info id="575" free="2085554840" total="2092630016" percent="99">
    <mem type="nursery" free="0" total="2228224" percent="0">
      <mem type="allocate" free="0" total="1638400" percent="0" />
      <mem type="survivor" free="0" total="589824" percent="0" />
    </mem>
    <mem type="tenure" free="2085554840" total="2090401792" percent="99">
      <mem type="soa" free="1981035160" total="1985882112" percent="99" />
      <mem type="loa" free="104519680" total="104519680" percent="100" />
    </mem>
    <remembered-set count="1032" />
  </mem-info>
</gc-start>
<allocation-stats totalBytes="1441992" >
  <allocated-bytes non-tlh="8768" tlh="1433224" />
  <largest-consumer threadName="PmdThread 2" threadId="000000000251D800" bytes="570112" />
</allocation-stats>
<gc-op id="576" type="scavenge" timems="0.929" contextid="573" timestamp="2019-06-15T03:58:14.961">
  <scavenger-info tenureage="5" tenuremask="7fe0" tiltratio="73" />
  <memory-copied type="nursery" objects="5282" bytes="178224" bytesdiscarded="134856" />
  <references type="soft" candidates="1" cleared="0" enqueued="0" dynamicThreshold="31" maxThreshold="32" />
  <references type="weak" candidates="68" cleared="65" enqueued="65" />
</gc-op>
<gc-end id="577" type="scavenge" contextid="573" durationms="1.130" usertimems="0.000" systemtimems="0.000" timestamp="2019-06-15T03:58:14.961" activeThreads="4">
  <mem-info id="578" free="2086945432" total="2092630016" percent="99">
    <mem type="nursery" free="1390592" total="2228224" percent="62">
      <mem type="allocate" free="1390592" total="1703936" percent="81" />
      <mem type="survivor" free="0" total="524288" percent="0" />
    </mem>
    <mem type="tenure" free="2085554840" total="2090401792" percent="99">
      <mem type="soa" free="1981035160" total="1985882112" percent="99" />
      <mem type="loa" free="104519680" total="104519680" percent="100" />
    </mem>
    <pending-finalizers system="0" default="0" reference="65" classloader="0" />
    <remembered-set count="964" />
  </mem-info>
</gc-end>
<cycle-end id="579" type="scavenge" contextid="573" timestamp="2019-06-15T03:58:14.961" />
  <attribute name="elasticGC enabled" value="1" />
  <attribute name= "numThreadsSpecified" value="4" />
  <attribute name="heapSize specified" value="8519680" />
  <attribute name="Current GC Util" value="16" />
  <attribute name= "Current Time Running" value="1465" />
  <attribute name ="GC Interval" value="200" />
  <attribute name="ProportionalT" value="-2.000000" />
  <attribute name="ProportionalI" value="-2.000000" />
  <attribute name="ProportionalH" value="-2.000000" />
  <attribute name="Current Error" value="-4.000000" />
  <attribute name="IntegralT" value="-76.000000" />
  <attribute name="IntegralI" value="-76.000000" />
  <attribute name="IntegralH" value="-76.000000" />
  <attribute name="DerivativeT" value="-0.789474" />
  <attribute name="DerivativeI" value="-0.789474" />
  <attribute name="DerivativeH" value="-0.789474" />
  <attribute name="Loop Time for DT" value="19.000000" />
  <attribute name="Output H" value="2092630016"/>
  <attribute name="Output I" value="200"/>
  <attribute name="Output T" value="4"/>
  <attribute name="Target GC Util Change" value ="20.000000" />
  <attribute name="Current GC Util Change" value="16.000000"/>
  <attribute name="GC Util currently" value="16" />
  <attribute name="CPU Util currently" value="241897305681" />
<allocation-satisfied id="580" threadId="0000000002529000" bytesRequested="656" />
<af-end id="581" timestamp="2019-06-15T03:58:14.961" threadId="0000000002529988" success="true" from="nursery"/>
<exclusive-end id="582" timestamp="2019-06-15T03:58:14.961" durationms="1.602" />

<exclusive-start id="583" timestamp="2019-06-15T03:58:14.982" intervalms="21.986">
  <response-info timems="0.094" idlems="0.094" threads="0" lastid="000000000251D800" lastname="PmdThread 2" />
</exclusive-start>
<af-start id="584" threadId="000000000251E188" totalBytesRequested="128" timestamp="2019-06-15T03:58:14.982" intervalms="21.996" type="nursery" />
<cycle-start id="585" type="scavenge" contextid="0" timestamp="2019-06-15T03:58:14.982" intervalms="21.977" />
<gc-start id="586" type="scavenge" contextid="585" timestamp="2019-06-15T03:58:14.982">
  <mem-info id="587" free="2085554288" total="2092630016" percent="99">
    <mem type="nursery" free="0" total="2228224" percent="0">
      <mem type="allocate" free="0" total="1703936" percent="0" />
      <mem type="survivor" free="0" total="524288" percent="0" />
    </mem>
    <mem type="tenure" free="2085554288" total="2090401792" percent="99">
      <mem type="soa" free="1981034608" total="1985882112" percent="99" />
      <mem type="loa" free="104519680" total="104519680" percent="100" />
    </mem>
    <remembered-set count="1010" />
  </mem-info>
</gc-start>
<allocation-stats totalBytes="1386336" >
  <allocated-bytes non-tlh="1208" tlh="1385128" />
  <largest-consumer threadName="PmdThread 2" threadId="000000000251D800" bytes="835928" />
</allocation-stats>
<gc-op id="588" type="scavenge" timems="1.075" contextid="585" timestamp="2019-06-15T03:58:14.983">
  <scavenger-info tenureage="4" tenuremask="7ff0" tiltratio="76" />
  <memory-copied type="nursery" objects="6472" bytes="190592" bytesdiscarded="83120" />
  <memory-copied type="tenure" objects="1546" bytes="58488" bytesdiscarded="232" />
  <references type="weak" candidates="84" cleared="82" enqueued="82" />
</gc-op>
<gc-end id="589" type="scavenge" contextid="585" durationms="1.445" usertimems="4.000" systemtimems="0.000" timestamp="2019-06-15T03:58:14.983" activeThreads="4">
  <mem-info id="590" free="2087010416" total="2092630016" percent="99">
    <mem type="nursery" free="1495296" total="2228224" percent="67">
      <mem type="allocate" free="1495296" total="1769472" percent="84" />
      <mem type="survivor" free="0" total="458752" percent="0" />
    </mem>
    <mem type="tenure" free="2085515120" total="2090401792" percent="99">
      <mem type="soa" free="1980995440" total="1985882112" percent="99" />
      <mem type="loa" free="104519680" total="104519680" percent="100" />
    </mem>
    <pending-finalizers system="0" default="0" reference="82" classloader="0" />
    <remembered-set count="463" />
  </mem-info>
</gc-end>
<cycle-end id="591" type="scavenge" contextid="585" timestamp="2019-06-15T03:58:14.983" />
  <attribute name="elasticGC enabled" value="1" />
  <attribute name= "numThreadsSpecified" value="4" />
  <attribute name="heapSize specified" value="8519680" />
  <attribute name="Current GC Util" value="8" />
  <attribute name= "Current Time Running" value="1487" />
  <attribute name ="GC Interval" value="200" />
  <attribute name="ProportionalT" value="-6.000000" />
  <attribute name="ProportionalI" value="-6.000000" />
  <attribute name="ProportionalH" value="-6.000000" />
  <attribute name="Current Error" value="-12.000000" />
  <attribute name="IntegralT" value="-264.000000" />
  <attribute name="IntegralI" value="-264.000000" />
  <attribute name="IntegralH" value="-264.000000" />
  <attribute name="DerivativeT" value="-0.818182" />
  <attribute name="DerivativeI" value="-0.818182" />
  <attribute name="DerivativeH" value="-0.818182" />
  <attribute name="Loop Time for DT" value="22.000000" />
  <attribute name="Output H" value="2092630016"/>
  <attribute name="Output I" value="200"/>
  <attribute name="Output T" value="4"/>
  <attribute name="Target GC Util Change" value ="20.000000" />
  <attribute name="Current GC Util Change" value="8.000000"/>
  <attribute name="GC Util currently" value="8" />
  <attribute name="CPU Util currently" value="209777699072" />
<allocation-satisfied id="592" threadId="000000000251D800" bytesRequested="128" />
<af-end id="593" timestamp="2019-06-15T03:58:14.984" threadId="000000000251E188" success="true" from="nursery"/>
<exclusive-end id="594" timestamp="2019-06-15T03:58:14.984" durationms="2.089" />

<exclusive-start id="595" timestamp="2019-06-15T03:58:14.990" intervalms="8.566">
  <response-info timems="0.096" idlems="0.096" threads="0" lastid="0000000002519C00" lastname="PmdThread 1" />
</exclusive-start>
<af-start id="596" threadId="000000000251A588" totalBytesRequested="24" timestamp="2019-06-15T03:58:14.991" intervalms="8.735" type="nursery" />
<cycle-start id="597" type="scavenge" contextid="0" timestamp="2019-06-15T03:58:14.991" intervalms="8.889" />
<gc-start id="598" type="scavenge" contextid="597" timestamp="2019-06-15T03:58:14.991">
  <mem-info id="599" free="2085514880" total="2092630016" percent="99">
    <mem type="nursery" free="0" total="2228224" percent="0">
      <mem type="allocate" free="0" total="1769472" percent="0" />
      <mem type="survivor" free="0" total="458752" percent="0" />
    </mem>
    <mem type="tenure" free="2085514880" total="2090401792" percent="99">
      <mem type="soa" free="1980995200" total="1985882112" percent="99" />
      <mem type="loa" free="104519680" total="104519680" percent="100" />
    </mem>
    <remembered-set count="504" />
  </mem-info>
</gc-start>
<allocation-stats totalBytes="1493232" >
  <allocated-bytes non-tlh="368" tlh="1492864" />
  <largest-consumer threadName="PmdThread 2" threadId="000000000251D800" bytes="1039008" />
</allocation-stats>
<gc-op id="600" type="scavenge" timems="0.905" contextid="597" timestamp="2019-06-15T03:58:14.992">
  <scavenger-info tenureage="5" tenuremask="7fe0" tiltratio="79" />
  <memory-copied type="nursery" objects="9237" bytes="259736" bytesdiscarded="131248" />
  <references type="weak" candidates="99" cleared="96" enqueued="96" />
</gc-op>
<gc-end id="601" type="scavenge" contextid="597" durationms="1.167" usertimems="0.000" systemtimems="0.000" timestamp="2019-06-15T03:58:14.992" activeThreads="4">
  <mem-info id="602" free="2086892672" total="2092630016" percent="99">
    <mem type="nursery" free="1377792" total="2228224" percent="61">
      <mem type="allocate" free="1377792" total="1769472" percent="77" />
      <mem type="survivor" free="0" total="458752" percent="0" />
    </mem>
    <mem type="tenure" free="2085514880" total="2090401792" percent="99">
      <mem type="soa" free="1980995200" total="1985882112" percent="99" />
      <mem type="loa" free="104519680" total="104519680" percent="100" />
    </mem>
    <pending-finalizers system="0" default="0" reference="96" classloader="0" />
    <remembered-set count="468" />
  </mem-info>
</gc-end>
<cycle-end id="603" type="scavenge" contextid="597" timestamp="2019-06-15T03:58:14.992" />
  <attribute name="elasticGC enabled" value="1" />
  <attribute name= "numThreadsSpecified" value="4" />
  <attribute name="heapSize specified" value="8519680" />
  <attribute name="Current GC Util" value="25" />
  <attribute name= "Current Time Running" value="1496" />
  <attribute name ="GC Interval" value="200" />
  <attribute name="ProportionalT" value="2.500000" />
  <attribute name="ProportionalI" value="2.500000" />
  <attribute name="ProportionalH" value="2.500000" />
  <attribute name="Current Error" value="5.000000" />
  <attribute name="IntegralT" value="45.000000" />
  <attribute name="IntegralI" value="45.000000" />
  <attribute name="IntegralH" value="45.000000" />
  <attribute name="DerivativeT" value="0.833333" />
  <attribute name="DerivativeI" value="0.833333" />
  <attribute name="DerivativeH" value="0.833333" />
  <attribute name="Loop Time for DT" value="9.000000" />
  <attribute name="Output H" value="8388608"/>
  <attribute name="Output I" value="200"/>
  <attribute name="Output T" value="4"/>
  <attribute name="Target GC Util Change" value ="20.000000" />
  <attribute name="Current GC Util Change" value="25.000000"/>
  <attribute name="GC Util currently" value="25" />
  <attribute name="CPU Util currently" value="506719435911" />
<allocation-satisfied id="604" threadId="0000000002519C00" bytesRequested="24" />
<af-end id="605" timestamp="2019-06-15T03:58:14.992" threadId="000000000251A588" success="true" from="nursery"/>
<exclusive-end id="606" timestamp="2019-06-15T03:58:14.992" durationms="2.056" />

<exclusive-start id="607" timestamp="2019-06-15T03:58:14.997" intervalms="7.052">
  <response-info timems="0.059" idlems="0.059" threads="0" lastid="000000000251D800" lastname="PmdThread 2" />
</exclusive-start>
<af-start id="608" threadId="000000000251E188" totalBytesRequested="152" timestamp="2019-06-15T03:58:14.997" intervalms="6.843" type="nursery" />
<cycle-start id="609" type="scavenge" contextid="0" timestamp="2019-06-15T03:58:14.997" intervalms="6.687" />
<gc-start id="610" type="scavenge" contextid="609" timestamp="2019-06-15T03:58:14.997">
  <mem-info id="611" free="2085514880" total="2092630016" percent="99">
    <mem type="nursery" free="0" total="2228224" percent="0">
      <mem type="allocate" free="0" total="1769472" percent="0" />
      <mem type="survivor" free="0" total="458752" percent="0" />
    </mem>
    <mem type="tenure" free="2085514880" total="2090401792" percent="99">
      <mem type="soa" free="1980995200" total="1985882112" percent="99" />
      <mem type="loa" free="104519680" total="104519680" percent="100" />
    </mem>
    <remembered-set count="492" />
  </mem-info>
</gc-start>
<allocation-stats totalBytes="1376560" >
  <allocated-bytes non-tlh="24" tlh="1376536" />
  <largest-consumer threadName="PmdThread 2" threadId="000000000251D800" bytes="877008" />
</allocation-stats>
<gc-op id="612" type="scavenge" timems="1.243" contextid="609" timestamp="2019-06-15T03:58:14.999">
  <scavenger-info tenureage="3" tenuremask="7fe8" tiltratio="79" />
  <memory-copied type="nursery" objects="9435" bytes="239600" bytesdiscarded="112232" />
  <memory-copied type="tenure" objects="2917" bytes="94624" bytesdiscarded="96" />
  <references type="weak" candidates="85" cleared="84" enqueued="84" />
</gc-op>
<gc-end id="613" type="scavenge" contextid="609" durationms="1.610" usertimems="0.000" systemtimems="0.000" timestamp="2019-06-15T03:58:14.999" activeThreads="4">
  <mem-info id="614" free="2086814336" total="2092630016" percent="99">
    <mem type="nursery" free="1416960" total="2228224" percent="63">
      <mem type="allocate" free="1416960" total="1769472" percent="80" />
      <mem type="survivor" free="0" total="458752" percent="0" />
    </mem>
    <mem type="tenure" free="2085397376" total="2090401792" percent="99">
      <mem type="soa" free="1980877696" total="1985882112" percent="99" />
      <mem type="loa" free="104519680" total="104519680" percent="100" />
    </mem>
    <pending-finalizers system="0" default="0" reference="84" classloader="0" />
    <remembered-set count="338" />
  </mem-info>
</gc-end>
<cycle-end id="615" type="scavenge" contextid="609" timestamp="2019-06-15T03:58:14.999" />
  <attribute name="elasticGC enabled" value="1" />
  <attribute name= "numThreadsSpecified" value="4" />
  <attribute name="heapSize specified" value="8519680" />
  <attribute name="Current GC Util" value="23" />
  <attribute name= "Current Time Running" value="1503" />
  <attribute name ="GC Interval" value="200" />
  <attribute name="ProportionalT" value="1.500000" />
  <attribute name="ProportionalI" value="1.500000" />
  <attribute name="ProportionalH" value="1.500000" />
  <attribute name="Current Error" value="3.000000" />
  <attribute name="IntegralT" value="21.000000" />
  <attribute name="IntegralI" value="21.000000" />
  <attribute name="IntegralH" value="21.000000" />
  <attribute name="DerivativeT" value="-0.428571" />
  <attribute name="DerivativeI" value="-0.428571" />
  <attribute name="DerivativeH" value="-0.428571" />
  <attribute name="Loop Time for DT" value="7.000000" />
  <attribute name="Output H" value="8388608"/>
  <attribute name="Output I" value="200"/>
  <attribute name="Output T" value="4"/>
  <attribute name="Target GC Util Change" value ="20.000000" />
  <attribute name="Current GC Util Change" value="23.000000"/>
  <attribute name="GC Util currently" value="23" />
  <attribute name="CPU Util currently" value="717852363305" />
<allocation-satisfied id="616" threadId="000000000251D800" bytesRequested="152" />
<af-end id="617" timestamp="2019-06-15T03:58:14.999" threadId="000000000251E188" success="true" from="nursery"/>
<exclusive-end id="618" timestamp="2019-06-15T03:58:15.000" durationms="2.193" />

<exclusive-start id="619" timestamp="2019-06-15T03:58:15.008" intervalms="10.291">
  <response-info timems="0.091" idlems="0.052" threads="3" lastid="000000000220D300" lastname="JIT Compilation Thread-0" />
</exclusive-start>
<af-start id="620" threadId="0000000002529988" totalBytesRequested="24" timestamp="2019-06-15T03:58:15.008" intervalms="10.297" type="nursery" />
<cycle-start id="621" type="scavenge" contextid="0" timestamp="2019-06-15T03:58:15.008" intervalms="10.325" />
<gc-start id="622" type="scavenge" contextid="621" timestamp="2019-06-15T03:58:15.008">
  <mem-info id="623" free="2085390816" total="2092630016" percent="99">
    <mem type="nursery" free="0" total="2228224" percent="0">
      <mem type="allocate" free="0" total="1769472" percent="0" />
      <mem type="survivor" free="0" total="458752" percent="0" />
    </mem>
    <mem type="tenure" free="2085390816" total="2090401792" percent="99">
      <mem type="soa" free="1980871136" total="1985882112" percent="99" />
      <mem type="loa" free="104519680" total="104519680" percent="100" />
    </mem>
    <remembered-set count="505" />
  </mem-info>
</gc-start>
<allocation-stats totalBytes="1417952" >
  <allocated-bytes non-tlh="6712" tlh="1411240" />
  <largest-consumer threadName="PmdThread 2" threadId="000000000251D800" bytes="626464" />
</allocation-stats>
<gc-op id="624" type="scavenge" timems="1.506" contextid="621" timestamp="2019-06-15T03:58:15.009">
  <scavenger-info tenureage="3" tenuremask="7fe8" tiltratio="79" />
  <memory-copied type="nursery" objects="9549" bytes="246760" bytesdiscarded="105136" />
  <memory-copied type="tenure" objects="3147" bytes="83520" bytesdiscarded="8" />
  <references type="weak" candidates="59" cleared="58" enqueued="58" />
</gc-op>
<gc-end id="625" type="scavenge" contextid="621" durationms="1.736" usertimems="4.000" systemtimems="0.000" timestamp="2019-06-15T03:58:15.010" activeThreads="4">
  <mem-info id="626" free="2086755808" total="2092630016" percent="99">
    <mem type="nursery" free="1482496" total="2228224" percent="66">
      <mem type="allocate" free="1482496" total="1835008" percent="80" />
      <mem type="survivor" free="0" total="393216" percent="0" />
    </mem>
    <mem type="tenure" free="2085273312" total="2090401792" percent="99">
      <mem type="soa" free="1980753632" total="1985882112" percent="99" />
      <mem type="loa" free="104519680" total="104519680" percent="100" />
    </mem>
    <pending-finalizers system="0" default="0" reference="58" classloader="0" />
    <remembered-set count="349" />
  </mem-info>
</gc-end>
<cycle-end id="627" type="scavenge" contextid="621" timestamp="2019-06-15T03:58:15.010" />
  <attribute name="elasticGC enabled" value="1" />
  <attribute name= "numThreadsSpecified" value="4" />
  <attribute name="heapSize specified" value="8519680" />
  <attribute name="Current GC Util" value="22" />
  <attribute name= "Current Time Running" value="1513" />
  <attribute name ="GC Interval" value="200" />
  <attribute name="ProportionalT" value="1.000000" />
  <attribute name="ProportionalI" value="1.000000" />
  <attribute name="ProportionalH" value="1.000000" />
  <attribute name="Current Error" value="2.000000" />
  <attribute name="IntegralT" value="20.000000" />
  <attribute name="IntegralI" value="20.000000" />
  <attribute name="IntegralH" value="20.000000" />
  <attribute name="DerivativeT" value="-0.150000" />
  <attribute name="DerivativeI" value="-0.150000" />
  <attribute name="DerivativeH" value="-0.150000" />
  <attribute name="Loop Time for DT" value="10.000000" />
  <attribute name="Output H" value="8388608"/>
  <attribute name="Output I" value="200"/>
  <attribute name="Output T" value="4"/>
  <attribute name="Target GC Util Change" value ="20.000000" />
  <attribute name="Current GC Util Change" value="22.000000"/>
  <attribute name="GC Util currently" value="22" />
  <attribute name="CPU Util currently" value="444429562170" />
<allocation-satisfied id="628" threadId="0000000002529000" bytesRequested="24" />
<af-end id="629" timestamp="2019-06-15T03:58:15.010" threadId="0000000002529988" success="true" from="nursery"/>
<exclusive-end id="630" timestamp="2019-06-15T03:58:15.010" durationms="2.177" />

<exclusive-start id="631" timestamp="2019-06-15T03:58:15.029" intervalms="21.691">
  <response-info timems="0.047" idlems="0.047" threads="0" lastid="000000000251D800" lastname="PmdThread 2" />
</exclusive-start>
<af-start id="632" threadId="000000000251E188" totalBytesRequested="152" timestamp="2019-06-15T03:58:15.029" intervalms="21.699" type="nursery" />
<cycle-start id="633" type="scavenge" contextid="0" timestamp="2019-06-15T03:58:15.029" intervalms="21.694" />
<gc-start id="634" type="scavenge" contextid="633" timestamp="2019-06-15T03:58:15.030">
  <mem-info id="635" free="2085261384" total="2092630016" percent="99">
    <mem type="nursery" free="0" total="2228224" percent="0">
      <mem type="allocate" free="0" total="1835008" percent="0" />
      <mem type="survivor" free="0" total="393216" percent="0" />
    </mem>
    <mem type="tenure" free="2085261384" total="2090401792" percent="99">
      <mem type="soa" free="1980741704" total="1985882112" percent="99" />
      <mem type="loa" free="104519680" total="104519680" percent="100" />
    </mem>
    <remembered-set count="593" />
  </mem-info>
</gc-start>
<allocation-stats totalBytes="1491328" >
  <allocated-bytes non-tlh="11952" tlh="1479376" />
  <largest-consumer threadName="PmdThread 4" threadId="0000000002529000" bytes="511584" />
</allocation-stats>
<gc-op id="636" type="scavenge" timems="1.817" contextid="633" timestamp="2019-06-15T03:58:15.031">
  <scavenger-info tenureage="3" tenuremask="7fe8" tiltratio="82" />
  <memory-copied type="nursery" objects="9894" bytes="282416" bytesdiscarded="110312" />
  <memory-copied type="tenure" objects="3700" bytes="90192" bytesdiscarded="0" />
  <copy-failed type="nursery" objects="906" bytes="20512" />
  <references type="soft" candidates="87" cleared="0" enqueued="0" dynamicThreshold="31" maxThreshold="32" />
  <references type="weak" candidates="43" cleared="43" enqueued="43" />
</gc-op>
<gc-end id="637" type="scavenge" contextid="633" durationms="2.157" usertimems="0.000" systemtimems="0.000" timestamp="2019-06-15T03:58:15.032" activeThreads="4">
  <mem-info id="638" free="2086624840" total="2092630016" percent="99">
    <mem type="nursery" free="1441792" total="2228224" percent="64">
      <mem type="allocate" free="1441792" total="1835008" percent="78" />
      <mem type="survivor" free="0" total="393216" percent="0" />
    </mem>
    <mem type="tenure" free="2085183048" total="2090401792" percent="99">
      <mem type="soa" free="1980663368" total="1985882112" percent="99" />
      <mem type="loa" free="104519680" total="104519680" percent="100" />
    </mem>
    <pending-finalizers system="0" default="0" reference="43" classloader="0" />
    <remembered-set count="560" />
  </mem-info>
</gc-end>
<cycle-end id="639" type="scavenge" contextid="633" timestamp="2019-06-15T03:58:15.032" />
  <attribute name="elasticGC enabled" value="1" />
  <attribute name= "numThreadsSpecified" value="4" />
  <attribute name="heapSize specified" value="8519680" />
  <attribute name="Current GC Util" value="15" />
  <attribute name= "Current Time Running" value="1535" />
  <attribute name ="GC Interval" value="200" />
  <attribute name="ProportionalT" value="-2.500000" />
  <attribute name="ProportionalI" value="-2.500000" />
  <attribute name="ProportionalH" value="-2.500000" />
  <attribute name="Current Error" value="-5.000000" />
  <attribute name="IntegralT" value="-110.000000" />
  <attribute name="IntegralI" value="-110.000000" />
  <attribute name="IntegralH" value="-110.000000" />
  <attribute name="DerivativeT" value="-0.477273" />
  <attribute name="DerivativeI" value="-0.477273" />
  <attribute name="DerivativeH" value="-0.477273" />
  <attribute name="Loop Time for DT" value="22.000000" />
  <attribute name="Output H" value="2092630016"/>
  <attribute name="Output I" value="200"/>
  <attribute name="Output T" value="4"/>
  <attribute name="Target GC Util Change" value ="20.000000" />
  <attribute name="Current GC Util Change" value="15.000000"/>
  <attribute name="GC Util currently" value="15" />
  <attribute name="CPU Util currently" value="212959977969" />
<allocation-satisfied id="640" threadId="000000000251D800" bytesRequested="152" />
<af-end id="641" timestamp="2019-06-15T03:58:15.032" threadId="000000000251E188" success="true" from="nursery"/>
<exclusive-end id="642" timestamp="2019-06-15T03:58:15.032" durationms="2.781" />

<exclusive-start id="643" timestamp="2019-06-15T03:58:15.041" intervalms="11.650">
  <response-info timems="0.090" idlems="0.090" threads="0" lastid="000000000251D800" lastname="PmdThread 2" />
</exclusive-start>
<af-start id="644" threadId="000000000251E188" totalBytesRequested="560" timestamp="2019-06-15T03:58:15.041" intervalms="11.686" type="nursery" />
<cycle-start id="645" type="scavenge" contextid="0" timestamp="2019-06-15T03:58:15.041" intervalms="11.709" />
<gc-start id="646" type="scavenge" contextid="645" timestamp="2019-06-15T03:58:15.041">
  <mem-info id="647" free="2085182032" total="2092630016" percent="99">
    <mem type="nursery" free="0" total="2228224" percent="0">
      <mem type="allocate" free="0" total="1835008" percent="0" />
      <mem type="survivor" free="0" total="393216" percent="0" />
    </mem>
    <mem type="tenure" free="2085182032" total="2090401792" percent="99">
      <mem type="soa" free="1980662352" total="1985882112" percent="99" />
      <mem type="loa" free="104519680" total="104519680" percent="100" />
    </mem>
    <remembered-set count="623" />
  </mem-info>
</gc-start>
<allocation-stats totalBytes="1441216" >
  <allocated-bytes non-tlh="1168" tlh="1440048" />
  <largest-consumer threadName="PmdThread 2" threadId="000000000251D800" bytes="789128" />
</allocation-stats>
<gc-op id="648" type="scavenge" timems="1.420" contextid="645" timestamp="2019-06-15T03:58:15.043">
  <scavenger-info tenureage="3" tenuremask="7fe8" tiltratio="82" />
  <memory-copied type="nursery" objects="6181" bytes="321776" bytesdiscarded="71112" />
  <memory-copied type="tenure" objects="7553" bytes="171936" bytesdiscarded="632" />
  <copy-failed type="nursery" objects="4745" bytes="105184" />
  <references type="soft" candidates="102" cleared="0" enqueued="0" dynamicThreshold="31" maxThreshold="32" />
  <references type="weak" candidates="79" cleared="79" enqueued="79" />
  <references type="phantom" candidates="1" cleared="0" enqueued="0" />
</gc-op>
<gc-end id="649" type="scavenge" contextid="645" durationms="2.028" usertimems="4.000" systemtimems="0.000" timestamp="2019-06-15T03:58:15.043" activeThreads="4">
  <mem-info id="650" free="2086205008" total="2092630016" percent="99">
    <mem type="nursery" free="1179648" total="2228224" percent="52">
      <mem type="allocate" free="1179648" total="1572864" percent="75" />
      <mem type="survivor" free="0" total="655360" percent="0" />
    </mem>
    <mem type="tenure" free="2085025360" total="2090401792" percent="99">
      <mem type="soa" free="1980505680" total="1985882112" percent="99" />
      <mem type="loa" free="104519680" total="104519680" percent="100" />
    </mem>
    <pending-finalizers system="0" default="0" reference="79" classloader="0" />
    <remembered-set count="468" />
  </mem-info>
</gc-end>
<cycle-end id="651" type="scavenge" contextid="645" timestamp="2019-06-15T03:58:15.043" />
  <attribute name="elasticGC enabled" value="1" />
  <attribute name= "numThreadsSpecified" value="4" />
  <attribute name="heapSize specified" value="8519680" />
  <attribute name="Current GC Util" value="30" />
  <attribute name= "Current Time Running" value="1547" />
  <attribute name ="GC Interval" value="200" />
  <attribute name="ProportionalT" value="5.000000" />
  <attribute name="ProportionalI" value="5.000000" />
  <attribute name="ProportionalH" value="5.000000" />
  <attribute name="Current Error" value="10.000000" />
  <attribute name="IntegralT" value="120.000000" />
  <attribute name="IntegralI" value="120.000000" />
  <attribute name="IntegralH" value="120.000000" />
  <attribute name="DerivativeT" value="1.250000" />
  <attribute name="DerivativeI" value="1.250000" />
  <attribute name="DerivativeH" value="1.250000" />
  <attribute name="Loop Time for DT" value="12.000000" />
  <attribute name="Output H" value="8388608"/>
  <attribute name="Output I" value="200"/>
  <attribute name="Output T" value="4"/>
  <attribute name="Target GC Util Change" value ="20.000000" />
  <attribute name="Current GC Util Change" value="30.000000"/>
  <attribute name="GC Util currently" value="30" />
  <attribute name="CPU Util currently" value="386744269262" />
<allocation-satisfied id="652" threadId="000000000251D800" bytesRequested="560" />
<af-end id="653" timestamp="2019-06-15T03:58:15.044" threadId="000000000251E188" success="true" from="nursery"/>
<exclusive-end id="654" timestamp="2019-06-15T03:58:15.044" durationms="2.924" />

<exclusive-start id="655" timestamp="2019-06-15T03:58:15.052" intervalms="11.112">
  <response-info timems="0.070" idlems="0.037" threads="1" lastid="0000000002529000" lastname="PmdThread 4" />
</exclusive-start>
<af-start id="656" threadId="0000000002525D88" totalBytesRequested="56" timestamp="2019-06-15T03:58:15.052" intervalms="11.113" type="nursery" />
<cycle-start id="657" type="scavenge" contextid="0" timestamp="2019-06-15T03:58:15.052" intervalms="11.148" />
<gc-start id="658" type="scavenge" contextid="657" timestamp="2019-06-15T03:58:15.052">
  <mem-info id="659" free="2085022856" total="2092630016" percent="99">
    <mem type="nursery" free="0" total="2228224" percent="0">
      <mem type="allocate" free="0" total="1572864" percent="0" />
      <mem type="survivor" free="0" total="655360" percent="0" />
    </mem>
    <mem type="tenure" free="2085022856" total="2090401792" percent="99">
      <mem type="soa" free="1980503176" total="1985882112" percent="99" />
      <mem type="loa" free="104519680" total="104519680" percent="100" />
    </mem>
    <remembered-set count="574" />
  </mem-info>
</gc-start>
<allocation-stats totalBytes="1173936" >
  <allocated-bytes non-tlh="3064" tlh="1170872" />
  <largest-consumer threadName="PmdThread 2" threadId="000000000251D800" bytes="674808" />
</allocation-stats>
<gc-op id="660" type="scavenge" timems="1.433" contextid="657" timestamp="2019-06-15T03:58:15.054">
  <scavenger-info tenureage="5" tenuremask="7fe0" tiltratio="70" />
  <memory-copied type="nursery" objects="10847" bytes="518816" bytesdiscarded="94232" />
  <references type="soft" candidates="109" cleared="0" enqueued="0" dynamicThreshold="31" maxThreshold="32" />
  <references type="weak" candidates="27" cleared="25" enqueued="25" />
  <references type="phantom" candidates="2" cleared="0" enqueued="0" />
</gc-op>
<gc-end id="661" type="scavenge" contextid="657" durationms="1.634" usertimems="4.000" systemtimems="0.000" timestamp="2019-06-15T03:58:15.054" activeThreads="4">
  <mem-info id="662" free="2085982032" total="2092630016" percent="99">
    <mem type="nursery" free="959176" total="2228224" percent="43">
      <mem type="allocate" free="959176" total="1572864" percent="60" />
      <mem type="survivor" free="0" total="655360" percent="0" />
    </mem>
    <mem type="tenure" free="2085022856" total="2090401792" percent="99">
      <mem type="soa" free="1980503176" total="1985882112" percent="99" />
      <mem type="loa" free="104519680" total="104519680" percent="100" />
    </mem>
    <pending-finalizers system="0" default="0" reference="25" classloader="0" />
    <remembered-set count="376" />
  </mem-info>
</gc-end>
<cycle-end id="663" type="scavenge" contextid="657" timestamp="2019-06-15T03:58:15.054" />
  <attribute name="elasticGC enabled" value="1" />
  <attribute name= "numThreadsSpecified" value="4" />
  <attribute name="heapSize specified" value="8519680" />
  <attribute name="Current GC Util" value="23" />
  <attribute name= "Current Time Running" value="1558" />
  <attribute name ="GC Interval" value="200" />
  <attribute name="ProportionalT" value="1.500000" />
  <attribute name="ProportionalI" value="1.500000" />
  <attribute name="ProportionalH" value="1.500000" />
  <attribute name="Current Error" value="3.000000" />
  <attribute name="IntegralT" value="33.000000" />
  <attribute name="IntegralI" value="33.000000" />
  <attribute name="IntegralH" value="33.000000" />
  <attribute name="DerivativeT" value="-0.954545" />
  <attribute name="DerivativeI" value="-0.954545" />
  <attribute name="DerivativeH" value="-0.954545" />
  <attribute name="Loop Time for DT" value="11.000000" />
  <attribute name="Output H" value="8388608"/>
  <attribute name="Output I" value="200"/>
  <attribute name="Output T" value="4"/>
  <attribute name="Target GC Util Change" value ="20.000000" />
  <attribute name="Current GC Util Change" value="23.000000"/>
  <attribute name="GC Util currently" value="23" />
  <attribute name="CPU Util currently" value="421151463408" />
<allocation-satisfied id="664" threadId="0000000002525400" bytesRequested="56" />
<af-end id="665" timestamp="2019-06-15T03:58:15.054" threadId="0000000002525D88" success="true" from="nursery"/>
<exclusive-end id="666" timestamp="2019-06-15T03:58:15.054" durationms="2.181" />

<exclusive-start id="667" timestamp="2019-06-15T03:58:15.058" intervalms="6.372">
  <response-info timems="0.063" idlems="0.063" threads="0" lastid="000000000251D800" lastname="PmdThread 2" />
</exclusive-start>
<af-start id="668" threadId="000000000251E188" totalBytesRequested="24" timestamp="2019-06-15T03:58:15.059" intervalms="6.337" type="nursery" />
<cycle-start id="669" type="scavenge" contextid="0" timestamp="2019-06-15T03:58:15.059" intervalms="6.269" />
<gc-start id="670" type="scavenge" contextid="669" timestamp="2019-06-15T03:58:15.059">
  <mem-info id="671" free="2085022312" total="2092630016" percent="99">
    <mem type="nursery" free="0" total="2228224" percent="0">
      <mem type="allocate" free="0" total="1572864" percent="0" />
      <mem type="survivor" free="0" total="655360" percent="0" />
    </mem>
    <mem type="tenure" free="2085022312" total="2090401792" percent="99">
      <mem type="soa" free="1980502632" total="1985882112" percent="99" />
      <mem type="loa" free="104519680" total="104519680" percent="100" />
    </mem>
    <remembered-set count="397" />
  </mem-info>
</gc-start>
<allocation-stats totalBytes="958560" >
  <allocated-bytes non-tlh="600" tlh="957960" />
  <largest-consumer threadName="PmdThread 2" threadId="000000000251D800" bytes="425336" />
</allocation-stats>
<gc-op id="672" type="scavenge" timems="1.907" contextid="669" timestamp="2019-06-15T03:58:15.061">
  <scavenger-info tenureage="3" tenuremask="7ff8" tiltratio="70" />
  <memory-copied type="nursery" objects="13909" bytes="608480" bytesdiscarded="46432" />
  <memory-copied type="tenure" objects="2532" bytes="149200" bytesdiscarded="112" />
  <copy-failed type="nursery" objects="352" bytes="44360" />
  <references type="soft" candidates="22" cleared="0" enqueued="0" dynamicThreshold="31" maxThreshold="32" />
  <references type="weak" candidates="4" cleared="3" enqueued="3" />
  <references type="phantom" candidates="2" cleared="1" enqueued="1" />
</gc-op>
<gc-end id="673" type="scavenge" contextid="669" durationms="2.256" usertimems="0.000" systemtimems="4.000" timestamp="2019-06-15T03:58:15.061" activeThreads="4">
  <mem-info id="674" free="2085570136" total="2092630016" percent="99">
    <mem type="nursery" free="720896" total="2228224" percent="32">
      <mem type="allocate" free="720896" total="1376256" percent="52" />
      <mem type="survivor" free="0" total="851968" percent="0" />
    </mem>
    <mem type="tenure" free="2084849240" total="2090401792" percent="99">
      <mem type="soa" free="1980329560" total="1985882112" percent="99" />
      <mem type="loa" free="104519680" total="104519680" percent="100" />
    </mem>
    <pending-finalizers system="0" default="0" reference="4" classloader="0" />
    <remembered-set count="285" />
  </mem-info>
</gc-end>
<cycle-end id="675" type="scavenge" contextid="669" timestamp="2019-06-15T03:58:15.061" />
  <attribute name="elasticGC enabled" value="1" />
  <attribute name= "numThreadsSpecified" value="4" />
  <attribute name="heapSize specified" value="8519680" />
  <attribute name="Current GC Util" value="50" />
  <attribute name= "Current Time Running" value="1564" />
  <attribute name ="GC Interval" value="208" />
  <attribute name="ProportionalT" value="15.000000" />
  <attribute name="ProportionalI" value="15.000000" />
  <attribute name="ProportionalH" value="15.000000" />
  <attribute name="Current Error" value="30.000000" />
  <attribute name="IntegralT" value="180.000000" />
  <attribute name="IntegralI" value="180.000000" />
  <attribute name="IntegralH" value="180.000000" />
  <attribute name="DerivativeT" value="6.750000" />
  <attribute name="DerivativeI" value="6.750000" />
  <attribute name="DerivativeH" value="6.750000" />
  <attribute name="Loop Time for DT" value="6.000000" />
  <attribute name="Output H" value="8388608"/>
  <attribute name="Output I" value="208"/>
  <attribute name="Output T" value="4"/>
  <attribute name="Target GC Util Change" value ="20.000000" />
  <attribute name="Current GC Util Change" value="50.000000"/>
  <attribute name="GC Util currently" value="50" />
  <attribute name="CPU Util currently" value="736506459620" />
<allocation-satisfied id="676" threadId="000000000251D800" bytesRequested="24" />
<af-end id="677" timestamp="2019-06-15T03:58:15.061" threadId="000000000251E188" success="true" from="nursery"/>
<exclusive-end id="678" timestamp="2019-06-15T03:58:15.061" durationms="2.843" />

<exclusive-start id="679" timestamp="2019-06-15T03:58:15.066" intervalms="7.989">
  <response-info timems="0.273" idlems="0.153" threads="2" lastid="0000000002519C00" lastname="PmdThread 1" />
</exclusive-start>
<af-start id="680" threadId="0000000002529988" totalBytesRequested="16" timestamp="2019-06-15T03:58:15.067" intervalms="7.977" type="nursery" />
<cycle-start id="681" type="scavenge" contextid="0" timestamp="2019-06-15T03:58:15.067" intervalms="7.981" />
<gc-start id="682" type="scavenge" contextid="681" timestamp="2019-06-15T03:58:15.067">
  <mem-info id="683" free="2084849240" total="2092630016" percent="99">
    <mem type="nursery" free="0" total="2228224" percent="0">
      <mem type="allocate" free="0" total="1376256" percent="0" />
      <mem type="survivor" free="0" total="851968" percent="0" />
    </mem>
    <mem type="tenure" free="2084849240" total="2090401792" percent="99">
      <mem type="soa" free="1980329560" total="1985882112" percent="99" />
      <mem type="loa" free="104519680" total="104519680" percent="100" />
    </mem>
    <remembered-set count="295" />
  </mem-info>
</gc-start>
<allocation-stats totalBytes="720624" >
  <allocated-bytes non-tlh="24" tlh="720600" />
  <largest-consumer threadName="PmdThread 1" threadId="0000000002519C00" bytes="290720" />
</allocation-stats>
<gc-op id="684" type="scavenge" timems="1.812" contextid="681" timestamp="2019-06-15T03:58:15.069">
  <scavenger-info tenureage="3" tenuremask="7ff8" tiltratio="61" />
  <memory-copied type="nursery" objects="13700" bytes="561304" bytesdiscarded="150736" />
  <memory-copied type="tenure" objects="3548" bytes="193528" bytesdiscarded="80" />
  <references type="soft" candidates="7" cleared="0" enqueued="0" dynamicThreshold="31" maxThreshold="32" />
  <references type="weak" candidates="2" cleared="0" enqueued="0" />
  <references type="phantom" candidates="2" cleared="0" enqueued="0" />
</gc-op>
<gc-end id="685" type="scavenge" contextid="681" durationms="1.983" usertimems="4.000" systemtimems="0.000" timestamp="2019-06-15T03:58:15.069" activeThreads="4">
  <mem-info id="686" free="2085346584" total="2092630016" percent="99">
    <mem type="nursery" free="663784" total="2228224" percent="29">
      <mem type="allocate" free="663784" total="1376256" percent="48" />
      <mem type="survivor" free="0" total="851968" percent="0" />
    </mem>
    <mem type="tenure" free="2084682800" total="2090401792" percent="99">
      <mem type="soa" free="1980163120" total="1985882112" percent="99" />
      <mem type="loa" free="104519680" total="104519680" percent="100" />
    </mem>
    <remembered-set count="523" />
  </mem-info>
</gc-end>
<cycle-end id="687" type="scavenge" contextid="681" timestamp="2019-06-15T03:58:15.069" />
  <attribute name="elasticGC enabled" value="1" />
  <attribute name= "numThreadsSpecified" value="4" />
  <attribute name="heapSize specified" value="8519680" />
  <attribute name="Current GC Util" value="50" />
  <attribute name= "Current Time Running" value="1572" />
  <attribute name ="GC Interval" value="256" />
  <attribute name="ProportionalT" value="15.000000" />
  <attribute name="ProportionalI" value="15.000000" />
  <attribute name="ProportionalH" value="15.000000" />
  <attribute name="Current Error" value="30.000000" />
  <attribute name="IntegralT" value="240.000000" />
  <attribute name="IntegralI" value="240.000000" />
  <attribute name="IntegralH" value="240.000000" />
  <attribute name="DerivativeT" value="0.000000" />
  <attribute name="DerivativeI" value="0.000000" />
  <attribute name="DerivativeH" value="0.000000" />
  <attribute name="Loop Time for DT" value="8.000000" />
  <attribute name="Output H" value="8388608"/>
  <attribute name="Output I" value="256"/>
  <attribute name="Output T" value="4"/>
  <attribute name="Target GC Util Change" value ="20.000000" />
  <attribute name="Current GC Util Change" value="50.000000"/>
  <attribute name="GC Util currently" value="50" />
  <attribute name="CPU Util currently" value="580477657358" />
<allocation-satisfied id="688" threadId="0000000002529000" bytesRequested="16" />
<af-end id="689" timestamp="2019-06-15T03:58:15.069" threadId="0000000002529988" success="true" from="nursery"/>
<exclusive-end id="690" timestamp="2019-06-15T03:58:15.069" durationms="2.551" />

<exclusive-start id="691" timestamp="2019-06-15T03:58:15.075" intervalms="8.274">
  <response-info timems="0.057" idlems="0.030" threads="1" lastid="0000000002525400" lastname="PmdThread 3" />
</exclusive-start>
<af-start id="692" threadId="0000000002529988" totalBytesRequested="24" timestamp="2019-06-15T03:58:15.075" intervalms="8.269" type="nursery" />
<cycle-start id="693" type="scavenge" contextid="0" timestamp="2019-06-15T03:58:15.075" intervalms="8.272" />
<gc-start id="694" type="scavenge" contextid="693" timestamp="2019-06-15T03:58:15.075">
  <mem-info id="695" free="2084682288" total="2092630016" percent="99">
    <mem type="nursery" free="0" total="2228224" percent="0">
      <mem type="allocate" free="0" total="1376256" percent="0" />
      <mem type="survivor" free="0" total="851968" percent="0" />
    </mem>
    <mem type="tenure" free="2084682288" total="2090401792" percent="99">
      <mem type="soa" free="1980162608" total="1985882112" percent="99" />
      <mem type="loa" free="104519680" total="104519680" percent="100" />
    </mem>
    <remembered-set count="536" />
  </mem-info>
</gc-start>
<allocation-stats totalBytes="663680" >
  <allocated-bytes non-tlh="528" tlh="663152" />
  <largest-consumer threadName="PmdThread 1" threadId="0000000002519C00" bytes="258240" />
</allocation-stats>
<gc-op id="696" type="scavenge" timems="1.659" contextid="693" timestamp="2019-06-15T03:58:15.077">
  <scavenger-info tenureage="2" tenuremask="7ffc" tiltratio="61" />
  <memory-copied type="nursery" objects="4522" bytes="183712" bytesdiscarded="90400" />
  <memory-copied type="tenure" objects="9859" bytes="391360" bytesdiscarded="128" />
  <references type="weak" candidates="1" cleared="1" enqueued="1" />
  <references type="phantom" candidates="1" cleared="1" enqueued="1" />
</gc-op>
<gc-end id="697" type="scavenge" contextid="693" durationms="1.827" usertimems="4.000" systemtimems="0.000" timestamp="2019-06-15T03:58:15.077" activeThreads="4">
  <mem-info id="698" free="2085503768" total="2092630016" percent="99">
    <mem type="nursery" free="1167616" total="2228224" percent="52">
      <mem type="allocate" free="1167616" total="1441792" percent="80" />
      <mem type="survivor" free="0" total="786432" percent="0" />
    </mem>
    <mem type="tenure" free="2084336152" total="2090401792" percent="99">
      <mem type="soa" free="1979816472" total="1985882112" percent="99" />
      <mem type="loa" free="104519680" total="104519680" percent="100" />
    </mem>
    <pending-finalizers system="0" default="0" reference="2" classloader="0" />
    <remembered-set count="468" />
  </mem-info>
</gc-end>
<cycle-end id="699" type="scavenge" contextid="693" timestamp="2019-06-15T03:58:15.077" />
  <attribute name="elasticGC enabled" value="1" />
  <attribute name= "numThreadsSpecified" value="4" />
  <attribute name="heapSize specified" value="8519680" />
  <attribute name="Current GC Util" value="50" />
  <attribute name= "Current Time Running" value="1580" />
  <attribute name ="GC Interval" value="256" />
  <attribute name="ProportionalT" value="15.000000" />
  <attribute name="ProportionalI" value="15.000000" />
  <attribute name="ProportionalH" value="15.000000" />
  <attribute name="Current Error" value="30.000000" />
  <attribute name="IntegralT" value="240.000000" />
  <attribute name="IntegralI" value="240.000000" />
  <attribute name="IntegralH" value="240.000000" />
  <attribute name="DerivativeT" value="0.000000" />
  <attribute name="DerivativeI" value="0.000000" />
  <attribute name="DerivativeH" value="0.000000" />
  <attribute name="Loop Time for DT" value="8.000000" />
  <attribute name="Output H" value="8388608"/>
  <attribute name="Output I" value="256"/>
  <attribute name="Output T" value="4"/>
  <attribute name="Target GC Util Change" value ="20.000000" />
  <attribute name="Current GC Util Change" value="50.000000"/>
  <attribute name="GC Util currently" value="50" />
  <attribute name="CPU Util currently" value="555974750331" />
<allocation-satisfied id="700" threadId="0000000002529000" bytesRequested="24" />
<af-end id="701" timestamp="2019-06-15T03:58:15.077" threadId="0000000002529988" success="true" from="nursery"/>
<exclusive-end id="702" timestamp="2019-06-15T03:58:15.077" durationms="2.275" />

<exclusive-start id="703" timestamp="2019-06-15T03:58:15.084" intervalms="9.161">
  <response-info timems="0.044" idlems="0.041" threads="1" lastid="0000000002529000" lastname="PmdThread 4" />
</exclusive-start>
<af-start id="704" threadId="000000000251E188" totalBytesRequested="40" timestamp="2019-06-15T03:58:15.084" intervalms="9.205" type="nursery" />
<cycle-start id="705" type="scavenge" contextid="0" timestamp="2019-06-15T03:58:15.084" intervalms="9.224" />
<gc-start id="706" type="scavenge" contextid="705" timestamp="2019-06-15T03:58:15.084">
  <mem-info id="707" free="2084336080" total="2092630016" percent="99">
    <mem type="nursery" free="0" total="2228224" percent="0">
      <mem type="allocate" free="0" total="1441792" percent="0" />
      <mem type="survivor" free="0" total="786432" percent="0" />
    </mem>
    <mem type="tenure" free="2084336080" total="2090401792" percent="99">
      <mem type="soa" free="1979816400" total="1985882112" percent="99" />
      <mem type="loa" free="104519680" total="104519680" percent="100" />
    </mem>
    <remembered-set count="659" />
  </mem-info>
</gc-start>
<allocation-stats totalBytes="1166448" >
  <allocated-bytes non-tlh="96" tlh="1166352" />
  <largest-consumer threadName="PmdThread 3" threadId="0000000002525400" bytes="659160" />
</allocation-stats>
<gc-op id="708" type="scavenge" timems="1.454" contextid="705" timestamp="2019-06-15T03:58:15.086">
  <scavenger-info tenureage="2" tenuremask="7ffc" tiltratio="64" />
  <memory-copied type="nursery" objects="1678" bytes="60072" bytesdiscarded="135752" />
  <memory-copied type="tenure" objects="3326" bytes="121376" bytesdiscarded="48" />
  <references type="weak" candidates="41" cleared="41" enqueued="41" />
  <references type="phantom" candidates="8" cleared="5" enqueued="5" />
</gc-op>
<gc-end id="709" type="scavenge" contextid="705" durationms="1.813" usertimems="4.000" systemtimems="0.000" timestamp="2019-06-15T03:58:15.086" activeThreads="4">
  <mem-info id="710" free="2085567200" total="2092630016" percent="99">
    <mem type="nursery" free="1311488" total="2228224" percent="58">
      <mem type="allocate" free="1311488" total="1507328" percent="87" />
      <mem type="survivor" free="0" total="720896" percent="0" />
    </mem>
    <mem type="tenure" free="2084255712" total="2090401792" percent="99">
      <mem type="soa" free="1979736032" total="1985882112" percent="99" />
      <mem type="loa" free="104519680" total="104519680" percent="100" />
    </mem>
    <pending-finalizers system="0" default="0" reference="46" classloader="0" />
    <remembered-set count="431" />
  </mem-info>
</gc-end>
<cycle-end id="711" type="scavenge" contextid="705" timestamp="2019-06-15T03:58:15.086" />
  <attribute name="elasticGC enabled" value="1" />
  <attribute name= "numThreadsSpecified" value="4" />
  <attribute name="heapSize specified" value="8519680" />
  <attribute name="Current GC Util" value="31" />
  <attribute name= "Current Time Running" value="1590" />
  <attribute name ="GC Interval" value="200" />
  <attribute name="ProportionalT" value="5.500000" />
  <attribute name="ProportionalI" value="5.500000" />
  <attribute name="ProportionalH" value="5.500000" />
  <attribute name="Current Error" value="11.000000" />
  <attribute name="IntegralT" value="110.000000" />
  <attribute name="IntegralI" value="110.000000" />
  <attribute name="IntegralH" value="110.000000" />
  <attribute name="DerivativeT" value="-2.850000" />
  <attribute name="DerivativeI" value="-2.850000" />
  <attribute name="DerivativeH" value="-2.850000" />
  <attribute name="Loop Time for DT" value="10.000000" />
  <attribute name="Output H" value="8388608"/>
  <attribute name="Output I" value="200"/>
  <attribute name="Output T" value="4"/>
  <attribute name="Target GC Util Change" value ="20.000000" />
  <attribute name="Current GC Util Change" value="31.000000"/>
  <attribute name="GC Util currently" value="31" />
  <attribute name="CPU Util currently" value="497215909828" />
<allocation-satisfied id="712" threadId="000000000251D800" bytesRequested="40" />
<af-end id="713" timestamp="2019-06-15T03:58:15.086" threadId="000000000251E188" success="true" from="nursery"/>
<exclusive-end id="714" timestamp="2019-06-15T03:58:15.086" durationms="2.539" />

<exclusive-start id="715" timestamp="2019-06-15T03:58:15.099" intervalms="14.745">
  <response-info timems="0.147" idlems="0.147" threads="0" lastid="0000000002519C00" lastname="PmdThread 1" />
</exclusive-start>
<af-start id="716" threadId="000000000251A588" totalBytesRequested="80" timestamp="2019-06-15T03:58:15.099" intervalms="14.712" type="nursery" />
<cycle-start id="717" type="scavenge" contextid="0" timestamp="2019-06-15T03:58:15.099" intervalms="14.742" />
<gc-start id="718" type="scavenge" contextid="717" timestamp="2019-06-15T03:58:15.099">
  <mem-info id="719" free="2084255440" total="2092630016" percent="99">
    <mem type="nursery" free="0" total="2228224" percent="0">
      <mem type="allocate" free="0" total="1507328" percent="0" />
      <mem type="survivor" free="0" total="720896" percent="0" />
    </mem>
    <mem type="tenure" free="2084255440" total="2090401792" percent="99">
      <mem type="soa" free="1979735760" total="1985882112" percent="99" />
      <mem type="loa" free="104519680" total="104519680" percent="100" />
    </mem>
    <remembered-set count="519" />
  </mem-info>
</gc-start>
<allocation-stats totalBytes="1310848" >
  <allocated-bytes non-tlh="312" tlh="1310536" />
  <largest-consumer threadName="PmdThread 2" threadId="000000000251D800" bytes="450472" />
</allocation-stats>
<gc-op id="720" type="scavenge" timems="0.435" contextid="717" timestamp="2019-06-15T03:58:15.100">
  <scavenger-info tenureage="3" tenuremask="7ff8" tiltratio="67" />
  <memory-copied type="nursery" objects="1514" bytes="53864" bytesdiscarded="141960" />
  <references type="weak" candidates="17" cleared="17" enqueued="17" />
  <references type="phantom" candidates="12" cleared="7" enqueued="7" />
</gc-op>
<gc-end id="721" type="scavenge" contextid="717" durationms="0.707" usertimems="0.000" systemtimems="0.000" timestamp="2019-06-15T03:58:15.100" activeThreads="4">
  <mem-info id="722" free="2085698000" total="2092630016" percent="99">
    <mem type="nursery" free="1442560" total="2228224" percent="64">
      <mem type="allocate" free="1442560" total="1638400" percent="88" />
      <mem type="survivor" free="0" total="589824" percent="0" />
    </mem>
    <mem type="tenure" free="2084255440" total="2090401792" percent="99">
      <mem type="soa" free="1979735760" total="1985882112" percent="99" />
      <mem type="loa" free="104519680" total="104519680" percent="100" />
    </mem>
    <pending-finalizers system="0" default="0" reference="24" classloader="0" />
    <remembered-set count="439" />
  </mem-info>
</gc-end>
<cycle-end id="723" type="scavenge" contextid="717" timestamp="2019-06-15T03:58:15.100" />
  <attribute name="elasticGC enabled" value="1" />
  <attribute name= "numThreadsSpecified" value="4" />
  <attribute name="heapSize specified" value="8519680" />
  <attribute name="Current GC Util" value="19" />
  <attribute name= "Current Time Running" value="1605" />
  <attribute name ="GC Interval" value="200" />
  <attribute name="ProportionalT" value="-0.500000" />
  <attribute name="ProportionalI" value="-0.500000" />
  <attribute name="ProportionalH" value="-0.500000" />
  <attribute name="Current Error" value="-1.000000" />
  <attribute name="IntegralT" value="-15.000000" />
  <attribute name="IntegralI" value="-15.000000" />
  <attribute name="IntegralH" value="-15.000000" />
  <attribute name="DerivativeT" value="-1.200000" />
  <attribute name="DerivativeI" value="-1.200000" />
  <attribute name="DerivativeH" value="-1.200000" />
  <attribute name="Loop Time for DT" value="15.000000" />
  <attribute name="Output H" value="2092630016"/>
  <attribute name="Output I" value="200"/>
  <attribute name="Output T" value="4"/>
  <attribute name="Target GC Util Change" value ="20.000000" />
  <attribute name="Current GC Util Change" value="19.000000"/>
  <attribute name="GC Util currently" value="19" />
  <attribute name="CPU Util currently" value="308447180158" />
<allocation-satisfied id="724" threadId="0000000002519C00" bytesRequested="80" />
<af-end id="725" timestamp="2019-06-15T03:58:15.100" threadId="000000000251A588" success="true" from="nursery"/>
<exclusive-end id="726" timestamp="2019-06-15T03:58:15.100" durationms="1.272" />

<exclusive-start id="727" timestamp="2019-06-15T03:58:15.109" intervalms="10.348">
  <response-info timems="0.054" idlems="0.054" threads="0" lastid="000000000251D800" lastname="PmdThread 2" />
</exclusive-start>
<af-start id="728" threadId="000000000251E188" totalBytesRequested="16" timestamp="2019-06-15T03:58:15.109" intervalms="10.351" type="nursery" />
<cycle-start id="729" type="scavenge" contextid="0" timestamp="2019-06-15T03:58:15.109" intervalms="10.319" />
<gc-start id="730" type="scavenge" contextid="729" timestamp="2019-06-15T03:58:15.109">
  <mem-info id="731" free="2084255176" total="2092630016" percent="99">
    <mem type="nursery" free="0" total="2228224" percent="0">
      <mem type="allocate" free="0" total="1638400" percent="0" />
      <mem type="survivor" free="0" total="589824" percent="0" />
    </mem>
    <mem type="tenure" free="2084255176" total="2090401792" percent="99">
      <mem type="soa" free="1979735496" total="1985882112" percent="99" />
      <mem type="loa" free="104519680" total="104519680" percent="100" />
    </mem>
    <remembered-set count="537" />
  </mem-info>
</gc-start>
<allocation-stats totalBytes="1442376" >
  <allocated-bytes non-tlh="344" tlh="1442032" />
  <largest-consumer threadName="PmdThread 1" threadId="0000000002519C00" bytes="520672" />
</allocation-stats>
<gc-op id="732" type="scavenge" timems="0.996" contextid="729" timestamp="2019-06-15T03:58:15.110">
  <scavenger-info tenureage="4" tenuremask="7ff0" tiltratio="73" />
  <memory-copied type="nursery" objects="1697" bytes="55120" bytesdiscarded="140664" />
  <references type="soft" candidates="5" cleared="0" enqueued="0" dynamicThreshold="31" maxThreshold="32" />
  <references type="weak" candidates="12" cleared="12" enqueued="12" />
  <references type="phantom" candidates="5" cleared="0" enqueued="0" />
</gc-op>
<gc-end id="733" type="scavenge" contextid="729" durationms="1.428" usertimems="4.000" systemtimems="0.000" timestamp="2019-06-15T03:58:15.111" activeThreads="4">
  <mem-info id="734" free="2085828808" total="2092630016" percent="99">
    <mem type="nursery" free="1573632" total="2228224" percent="70">
      <mem type="allocate" free="1573632" total="1769472" percent="88" />
      <mem type="survivor" free="0" total="458752" percent="0" />
    </mem>
    <mem type="tenure" free="2084255176" total="2090401792" percent="99">
      <mem type="soa" free="1979735496" total="1985882112" percent="99" />
      <mem type="loa" free="104519680" total="104519680" percent="100" />
    </mem>
    <pending-finalizers system="0" default="0" reference="12" classloader="0" />
    <remembered-set count="460" />
  </mem-info>
</gc-end>
<cycle-end id="735" type="scavenge" contextid="729" timestamp="2019-06-15T03:58:15.111" />
  <attribute name="elasticGC enabled" value="1" />
  <attribute name= "numThreadsSpecified" value="4" />
  <attribute name="heapSize specified" value="8519680" />
  <attribute name="Current GC Util" value="9" />
  <attribute name= "Current Time Running" value="1615" />
  <attribute name ="GC Interval" value="200" />
  <attribute name="ProportionalT" value="-5.500000" />
  <attribute name="ProportionalI" value="-5.500000" />
  <attribute name="ProportionalH" value="-5.500000" />
  <attribute name="Current Error" value="-11.000000" />
  <attribute name="IntegralT" value="-110.000000" />
  <attribute name="IntegralI" value="-110.000000" />
  <attribute name="IntegralH" value="-110.000000" />
  <attribute name="DerivativeT" value="-1.650000" />
  <attribute name="DerivativeI" value="-1.650000" />
  <attribute name="DerivativeH" value="-1.650000" />
  <attribute name="Loop Time for DT" value="10.000000" />
  <attribute name="Output H" value="2092630016"/>
  <attribute name="Output I" value="200"/>
  <attribute name="Output T" value="4"/>
  <attribute name="Target GC Util Change" value ="20.000000" />
  <attribute name="Current GC Util Change" value="9.000000"/>
  <attribute name="GC Util currently" value="9" />
  <attribute name="CPU Util currently" value="454290462258" />
<allocation-satisfied id="736" threadId="000000000251D800" bytesRequested="16" />
<af-end id="737" timestamp="2019-06-15T03:58:15.111" threadId="000000000251E188" success="true" from="nursery"/>
<exclusive-end id="738" timestamp="2019-06-15T03:58:15.111" durationms="2.129" />

<exclusive-start id="739" timestamp="2019-06-15T03:58:15.127" intervalms="17.921">
  <response-info timems="0.077" idlems="0.052" threads="1" lastid="0000000002210F00" lastname="JIT Compilation Thread-1" />
</exclusive-start>
<af-start id="740" threadId="0000000002525D88" totalBytesRequested="16" timestamp="2019-06-15T03:58:15.127" intervalms="17.958" type="nursery" />
<cycle-start id="741" type="scavenge" contextid="0" timestamp="2019-06-15T03:58:15.127" intervalms="17.945" />
<gc-start id="742" type="scavenge" contextid="741" timestamp="2019-06-15T03:58:15.127">
  <mem-info id="743" free="2084254792" total="2092630016" percent="99">
    <mem type="nursery" free="0" total="2228224" percent="0">
      <mem type="allocate" free="0" total="1769472" percent="0" />
      <mem type="survivor" free="0" total="458752" percent="0" />
    </mem>
    <mem type="tenure" free="2084254792" total="2090401792" percent="99">
      <mem type="soa" free="1979735112" total="1985882112" percent="99" />
      <mem type="loa" free="104519680" total="104519680" percent="100" />
    </mem>
    <remembered-set count="496" />
  </mem-info>
</gc-start>
<allocation-stats totalBytes="1573664" >
  <allocated-bytes non-tlh="400" tlh="1573264" />
  <largest-consumer threadName="PmdThread 1" threadId="0000000002519C00" bytes="581696" />
</allocation-stats>
<gc-op id="744" type="scavenge" timems="1.225" contextid="741" timestamp="2019-06-15T03:58:15.128">
  <scavenger-info tenureage="4" tenuremask="7ff0" tiltratio="79" />
  <memory-copied type="nursery" objects="3631" bytes="201752" bytesdiscarded="119528" />
  <memory-copied type="tenure" objects="1071" bytes="31392" bytesdiscarded="0" />
  <references type="soft" candidates="7" cleared="0" enqueued="0" dynamicThreshold="31" maxThreshold="32" />
  <references type="weak" candidates="2" cleared="2" enqueued="2" />
  <references type="phantom" candidates="6" cleared="0" enqueued="0" />
</gc-op>
<gc-end id="745" type="scavenge" contextid="741" durationms="1.423" usertimems="0.000" systemtimems="0.000" timestamp="2019-06-15T03:58:15.129" activeThreads="4">
  <mem-info id="746" free="2085663800" total="2092630016" percent="99">
    <mem type="nursery" free="1448176" total="2228224" percent="64">
      <mem type="allocate" free="1448176" total="1769472" percent="81" />
      <mem type="survivor" free="0" total="458752" percent="0" />
    </mem>
    <mem type="tenure" free="2084215624" total="2090401792" percent="99">
      <mem type="soa" free="1979695944" total="1985882112" percent="99" />
      <mem type="loa" free="104519680" total="104519680" percent="100" />
    </mem>
    <pending-finalizers system="0" default="0" reference="2" classloader="0" />
    <remembered-set count="205" />
  </mem-info>
</gc-end>
<cycle-end id="747" type="scavenge" contextid="741" timestamp="2019-06-15T03:58:15.129" />
  <attribute name="elasticGC enabled" value="1" />
  <attribute name= "numThreadsSpecified" value="4" />
  <attribute name="heapSize specified" value="8519680" />
  <attribute name="Current GC Util" value="13" />
  <attribute name= "Current Time Running" value="1633" />
  <attribute name ="GC Interval" value="200" />
  <attribute name="ProportionalT" value="-3.500000" />
  <attribute name="ProportionalI" value="-3.500000" />
  <attribute name="ProportionalH" value="-3.500000" />
  <attribute name="Current Error" value="-7.000000" />
  <attribute name="IntegralT" value="-126.000000" />
  <attribute name="IntegralI" value="-126.000000" />
  <attribute name="IntegralH" value="-126.000000" />
  <attribute name="DerivativeT" value="-0.583333" />
  <attribute name="DerivativeI" value="-0.583333" />
  <attribute name="DerivativeH" value="-0.583333" />
  <attribute name="Loop Time for DT" value="18.000000" />
  <attribute name="Output H" value="2092630016"/>
  <attribute name="Output I" value="200"/>
  <attribute name="Output T" value="4"/>
  <attribute name="Target GC Util Change" value ="20.000000" />
  <attribute name="Current GC Util Change" value="13.000000"/>
  <attribute name="GC Util currently" value="13" />
  <attribute name="CPU Util currently" value="257877111759" />
<allocation-satisfied id="748" threadId="0000000002525400" bytesRequested="16" />
<af-end id="749" timestamp="2019-06-15T03:58:15.129" threadId="0000000002525D88" success="true" from="nursery"/>
<exclusive-end id="750" timestamp="2019-06-15T03:58:15.129" durationms="1.926" />

<exclusive-start id="751" timestamp="2019-06-15T03:58:15.143" intervalms="15.898">
  <response-info timems="0.101" idlems="0.101" threads="0" lastid="0000000002519C00" lastname="PmdThread 1" />
</exclusive-start>
<af-start id="752" threadId="000000000251A588" totalBytesRequested="40" timestamp="2019-06-15T03:58:15.143" intervalms="16.058" type="nursery" />
<cycle-start id="753" type="scavenge" contextid="0" timestamp="2019-06-15T03:58:15.143" intervalms="16.040" />
<gc-start id="754" type="scavenge" contextid="753" timestamp="2019-06-15T03:58:15.143">
  <mem-info id="755" free="2084215240" total="2092630016" percent="99">
    <mem type="nursery" free="0" total="2228224" percent="0">
      <mem type="allocate" free="0" total="1769472" percent="0" />
      <mem type="survivor" free="0" total="458752" percent="0" />
    </mem>
    <mem type="tenure" free="2084215240" total="2090401792" percent="99">
      <mem type="soa" free="1979695560" total="1985882112" percent="99" />
      <mem type="loa" free="104519680" total="104519680" percent="100" />
    </mem>
    <remembered-set count="240" />
  </mem-info>
</gc-start>
<allocation-stats totalBytes="1440288" >
  <allocated-bytes non-tlh="33184" tlh="1407104" />
  <largest-consumer threadName="PmdThread 2" threadId="000000000251D800" bytes="510128" />
</allocation-stats>
<gc-op id="756" type="scavenge" timems="0.783" contextid="753" timestamp="2019-06-15T03:58:15.144">
  <scavenger-info tenureage="5" tenuremask="7fe0" tiltratio="79" />
  <memory-copied type="nursery" objects="5553" bytes="397216" bytesdiscarded="61264" />
  <memory-copied type="tenure" objects="4546" bytes="266600" bytesdiscarded="112" />
  <copy-failed type="nursery" objects="4546" bytes="266616" />
  <references type="soft" candidates="7" cleared="0" enqueued="0" dynamicThreshold="31" maxThreshold="32" />
  <references type="weak" candidates="15" cleared="15" enqueued="15" />
  <references type="phantom" candidates="9" cleared="3" enqueued="3" />
</gc-op>
<gc-end id="757" type="scavenge" contextid="753" durationms="0.950" usertimems="0.000" systemtimems="0.000" timestamp="2019-06-15T03:58:15.144" activeThreads="4">
  <mem-info id="758" free="2084545672" total="2092630016" percent="99">
    <mem type="nursery" free="655360" total="2228224" percent="29">
      <mem type="allocate" free="655360" total="1114112" percent="58" />
      <mem type="survivor" free="0" total="1114112" percent="0" />
    </mem>
    <mem type="tenure" free="2083890312" total="2090401792" percent="99">
      <mem type="soa" free="1979370632" total="1985882112" percent="99" />
      <mem type="loa" free="104519680" total="104519680" percent="100" />
    </mem>
    <pending-finalizers system="0" default="0" reference="18" classloader="0" />
    <remembered-set count="1578" />
  </mem-info>
</gc-end>
<cycle-end id="759" type="scavenge" contextid="753" timestamp="2019-06-15T03:58:15.144" />
  <attribute name="elasticGC enabled" value="1" />
  <attribute name= "numThreadsSpecified" value="4" />
  <attribute name="heapSize specified" value="8519680" />
  <attribute name="Current GC Util" value="17" />
  <attribute name= "Current Time Running" value="1649" />
  <attribute name ="GC Interval" value="200" />
  <attribute name="ProportionalT" value="-1.500000" />
  <attribute name="ProportionalI" value="-1.500000" />
  <attribute name="ProportionalH" value="-1.500000" />
  <attribute name="Current Error" value="-3.000000" />
  <attribute name="IntegralT" value="-48.000000" />
  <attribute name="IntegralI" value="-48.000000" />
  <attribute name="IntegralH" value="-48.000000" />
  <attribute name="DerivativeT" value="-0.281250" />
  <attribute name="DerivativeI" value="-0.281250" />
  <attribute name="DerivativeH" value="-0.281250" />
  <attribute name="Loop Time for DT" value="16.000000" />
  <attribute name="Output H" value="2092630016"/>
  <attribute name="Output I" value="200"/>
  <attribute name="Output T" value="4"/>
  <attribute name="Target GC Util Change" value ="20.000000" />
  <attribute name="Current GC Util Change" value="17.000000"/>
  <attribute name="GC Util currently" value="17" />
  <attribute name="CPU Util currently" value="288108074113" />
<allocation-satisfied id="760" threadId="0000000002519C00" bytesRequested="40" />
<af-end id="761" timestamp="2019-06-15T03:58:15.144" threadId="000000000251A588" success="true" from="nursery"/>
<exclusive-end id="762" timestamp="2019-06-15T03:58:15.144" durationms="1.524" />

<exclusive-start id="763" timestamp="2019-06-15T03:58:15.147" intervalms="4.440">
  <response-info timems="0.064" idlems="0.064" threads="0" lastid="000000000251D800" lastname="PmdThread 2" />
</exclusive-start>
<af-start id="764" threadId="000000000251E188" totalBytesRequested="544" timestamp="2019-06-15T03:58:15.147" intervalms="4.250" type="nursery" />
<cycle-start id="765" type="scavenge" contextid="0" timestamp="2019-06-15T03:58:15.147" intervalms="4.257" />
<gc-start id="766" type="scavenge" contextid="765" timestamp="2019-06-15T03:58:15.147">
  <mem-info id="767" free="2083890256" total="2092630016" percent="99">
    <mem type="nursery" free="0" total="2228224" percent="0">
      <mem type="allocate" free="0" total="1114112" percent="0" />
      <mem type="survivor" free="0" total="1114112" percent="0" />
    </mem>
    <mem type="tenure" free="2083890256" total="2090401792" percent="99">
      <mem type="soa" free="1979370576" total="1985882112" percent="99" />
      <mem type="loa" free="104519680" total="104519680" percent="100" />
    </mem>
    <remembered-set count="1585" />
  </mem-info>
</gc-start>
<allocation-stats totalBytes="654848" >
  <allocated-bytes non-tlh="16488" tlh="638360" />
  <largest-consumer threadName="PmdThread 2" threadId="000000000251D800" bytes="278112" />
</allocation-stats>
<gc-op id="768" type="scavenge" timems="1.048" contextid="765" timestamp="2019-06-15T03:58:15.149">
  <scavenger-info tenureage="4" tenuremask="7ff0" tiltratio="50" />
  <memory-copied type="nursery" objects="9175" bytes="562800" bytesdiscarded="106128" />
  <memory-copied type="tenure" objects="345" bytes="13984" bytesdiscarded="16" />
  <references type="soft" candidates="7" cleared="0" enqueued="0" dynamicThreshold="31" maxThreshold="32" />
  <references type="weak" candidates="23" cleared="23" enqueued="23" />
  <references type="phantom" candidates="2" cleared="1" enqueued="1" />
</gc-op>
<gc-end id="769" type="scavenge" contextid="765" durationms="1.364" usertimems="0.000" systemtimems="4.000" timestamp="2019-06-15T03:58:15.149" activeThreads="4">
  <mem-info id="770" free="2084296200" total="2092630016" percent="99">
    <mem type="nursery" free="445112" total="2228224" percent="19">
      <mem type="allocate" free="445112" total="1114112" percent="39" />
      <mem type="survivor" free="0" total="1114112" percent="0" />
    </mem>
    <mem type="tenure" free="2083851088" total="2090401792" percent="99">
      <mem type="soa" free="1979331408" total="1985882112" percent="99" />
      <mem type="loa" free="104519680" total="104519680" percent="100" />
    </mem>
    <pending-finalizers system="0" default="0" reference="24" classloader="0" />
    <remembered-set count="1547" />
  </mem-info>
</gc-end>
<cycle-end id="771" type="scavenge" contextid="765" timestamp="2019-06-15T03:58:15.149" />
  <attribute name="elasticGC enabled" value="1" />
  <attribute name= "numThreadsSpecified" value="4" />
  <attribute name="heapSize specified" value="8519680" />
  <attribute name="Current GC Util" value="40" />
  <attribute name= "Current Time Running" value="1653" />
  <attribute name ="GC Interval" value="200" />
  <attribute name="ProportionalT" value="10.000000" />
  <attribute name="ProportionalI" value="10.000000" />
  <attribute name="ProportionalH" value="10.000000" />
  <attribute name="Current Error" value="20.000000" />
  <attribute name="IntegralT" value="80.000000" />
  <attribute name="IntegralI" value="80.000000" />
  <attribute name="IntegralH" value="80.000000" />
  <attribute name="DerivativeT" value="7.500000" />
  <attribute name="DerivativeI" value="7.500000" />
  <attribute name="DerivativeH" value="7.500000" />
  <attribute name="Loop Time for DT" value="4.000000" />
  <attribute name="Output H" value="8388608"/>
  <attribute name="Output I" value="200"/>
  <attribute name="Output T" value="4"/>
  <attribute name="Target GC Util Change" value ="20.000000" />
  <attribute name="Current GC Util Change" value="40.000000"/>
  <attribute name="GC Util currently" value="40" />
  <attribute name="CPU Util currently" value="1086150407523" />
<allocation-satisfied id="772" threadId="000000000251D800" bytesRequested="544" />
<af-end id="773" timestamp="2019-06-15T03:58:15.149" threadId="000000000251E188" success="true" from="nursery"/>
<exclusive-end id="774" timestamp="2019-06-15T03:58:15.149" durationms="1.816" />

<exclusive-start id="775" timestamp="2019-06-15T03:58:15.151" intervalms="3.557">
  <response-info timems="0.079" idlems="0.079" threads="0" lastid="0000000002519C00" lastname="PmdThread 1" />
</exclusive-start>
<af-start id="776" threadId="000000000251A588" totalBytesRequested="56" timestamp="2019-06-15T03:58:15.151" intervalms="3.624" type="nursery" />
<cycle-start id="777" type="scavenge" contextid="0" timestamp="2019-06-15T03:58:15.151" intervalms="3.698" />
<gc-start id="778" type="scavenge" contextid="777" timestamp="2019-06-15T03:58:15.151">
  <mem-info id="779" free="2083851088" total="2092630016" percent="99">
    <mem type="nursery" free="0" total="2228224" percent="0">
      <mem type="allocate" free="0" total="1114112" percent="0" />
      <mem type="survivor" free="0" total="1114112" percent="0" />
    </mem>
    <mem type="tenure" free="2083851088" total="2090401792" percent="99">
      <mem type="soa" free="1979331408" total="1985882112" percent="99" />
      <mem type="loa" free="104519680" total="104519680" percent="100" />
    </mem>
    <remembered-set count="1559" />
  </mem-info>
</gc-start>
<allocation-stats totalBytes="440672" >
  <allocated-bytes non-tlh="544" tlh="440128" />
  <largest-consumer threadName="PmdThread 4" threadId="0000000002529000" bytes="149456" />
</allocation-stats>
<gc-op id="780" type="scavenge" timems="0.886" contextid="777" timestamp="2019-06-15T03:58:15.152">
  <scavenger-info tenureage="3" tenuremask="7ff8" tiltratio="50" />
  <memory-copied type="nursery" objects="8979" bytes="537648" bytesdiscarded="169496" />
  <memory-copied type="tenure" objects="1783" bytes="137592" bytesdiscarded="224" />
  <references type="weak" candidates="14" cleared="14" enqueued="14" />
  <references type="phantom" candidates="3" cleared="2" enqueued="2" />
</gc-op>
<gc-end id="781" type="scavenge" contextid="777" durationms="1.102" usertimems="4.000" systemtimems="0.000" timestamp="2019-06-15T03:58:15.152" activeThreads="4">
  <mem-info id="782" free="2084197616" total="2092630016" percent="99">
    <mem type="nursery" free="471984" total="2228224" percent="21">
      <mem type="allocate" free="471984" total="1179648" percent="40" />
      <mem type="survivor" free="0" total="1048576" percent="0" />
    </mem>
    <mem type="tenure" free="2083725632" total="2090401792" percent="99">
      <mem type="soa" free="1979205952" total="1985882112" percent="99" />
      <mem type="loa" free="104519680" total="104519680" percent="100" />
    </mem>
    <pending-finalizers system="0" default="0" reference="16" classloader="0" />
    <remembered-set count="479" />
  </mem-info>
</gc-end>
<cycle-end id="783" type="scavenge" contextid="777" timestamp="2019-06-15T03:58:15.152" />
  <attribute name="elasticGC enabled" value="1" />
  <attribute name= "numThreadsSpecified" value="4" />
  <attribute name="heapSize specified" value="8519680" />
  <attribute name="Current GC Util" value="60" />
  <attribute name= "Current Time Running" value="1657" />
  <attribute name ="GC Interval" value="200" />
  <attribute name="ProportionalT" value="20.000000" />
  <attribute name="ProportionalI" value="20.000000" />
  <attribute name="ProportionalH" value="20.000000" />
  <attribute name="Current Error" value="40.000000" />
  <attribute name="IntegralT" value="160.000000" />
  <attribute name="IntegralI" value="160.000000" />
  <attribute name="IntegralH" value="160.000000" />
  <attribute name="DerivativeT" value="7.500000" />
  <attribute name="DerivativeI" value="7.500000" />
  <attribute name="DerivativeH" value="7.500000" />
  <attribute name="Loop Time for DT" value="4.000000" />
  <attribute name="Output H" value="8388608"/>
  <attribute name="Output I" value="200"/>
  <attribute name="Output T" value="4"/>
  <attribute name="Target GC Util Change" value ="20.000000" />
  <attribute name="Current GC Util Change" value="60.000000"/>
  <attribute name="GC Util currently" value="60" />
  <attribute name="CPU Util currently" value="1186687815524" />
<allocation-satisfied id="784" threadId="0000000002519C00" bytesRequested="56" />
<af-end id="785" timestamp="2019-06-15T03:58:15.153" threadId="000000000251A588" success="true" from="nursery"/>
<exclusive-end id="786" timestamp="2019-06-15T03:58:15.153" durationms="1.762" />

<exclusive-start id="787" timestamp="2019-06-15T03:58:15.155" intervalms="3.952">
  <response-info timems="0.077" idlems="0.077" threads="0" lastid="0000000002519C00" lastname="PmdThread 1" />
</exclusive-start>
<af-start id="788" threadId="000000000251A588" totalBytesRequested="40" timestamp="2019-06-15T03:58:15.155" intervalms="3.962" type="nursery" />
<cycle-start id="789" type="scavenge" contextid="0" timestamp="2019-06-15T03:58:15.155" intervalms="4.012" />
<gc-start id="790" type="scavenge" contextid="789" timestamp="2019-06-15T03:58:15.155">
  <mem-info id="791" free="2083725632" total="2092630016" percent="99">
    <mem type="nursery" free="0" total="2228224" percent="0">
      <mem type="allocate" free="0" total="1179648" percent="0" />
      <mem type="survivor" free="0" total="1048576" percent="0" />
    </mem>
    <mem type="tenure" free="2083725632" total="2090401792" percent="99">
      <mem type="soa" free="1979205952" total="1985882112" percent="99" />
      <mem type="loa" free="104519680" total="104519680" percent="100" />
    </mem>
    <remembered-set count="497" />
  </mem-info>
</gc-start>
<allocation-stats totalBytes="463992" >
  <allocated-bytes non-tlh="32840" tlh="431152" />
  <largest-consumer threadName="PmdThread 2" threadId="000000000251D800" bytes="185792" />
</allocation-stats>
<gc-op id="792" type="scavenge" timems="1.009" contextid="789" timestamp="2019-06-15T03:58:15.156">
  <scavenger-info tenureage="2" tenuremask="7ffc" tiltratio="52" />
  <memory-copied type="nursery" objects="5040" bytes="342768" bytesdiscarded="161320" />
  <memory-copied type="tenure" objects="7303" bytes="418832" bytesdiscarded="32" />
  <references type="weak" candidates="1" cleared="0" enqueued="0" />
  <references type="phantom" candidates="2" cleared="0" enqueued="0" />
</gc-op>
<gc-end id="793" type="scavenge" contextid="789" durationms="1.157" usertimems="0.000" systemtimems="0.000" timestamp="2019-06-15T03:58:15.156" activeThreads="4">
  <mem-info id="794" free="2084071872" total="2092630016" percent="99">
    <mem type="nursery" free="741056" total="2228224" percent="33">
      <mem type="allocate" free="741056" total="1245184" percent="59" />
      <mem type="survivor" free="0" total="983040" percent="0" />
    </mem>
    <mem type="tenure" free="2083330816" total="2090401792" percent="99">
      <mem type="soa" free="1978811136" total="1985882112" percent="99" />
      <mem type="loa" free="104519680" total="104519680" percent="100" />
    </mem>
    <remembered-set count="152" />
  </mem-info>
</gc-end>
<cycle-end id="795" type="scavenge" contextid="789" timestamp="2019-06-15T03:58:15.156" />
  <attribute name="elasticGC enabled" value="1" />
  <attribute name= "numThreadsSpecified" value="4" />
  <attribute name="heapSize specified" value="8519680" />
  <attribute name="Current GC Util" value="46" />
  <attribute name= "Current Time Running" value="1661" />
  <attribute name ="GC Interval" value="200" />
  <attribute name="ProportionalT" value="13.000000" />
  <attribute name="ProportionalI" value="13.000000" />
  <attribute name="ProportionalH" value="13.000000" />
  <attribute name="Current Error" value="26.000000" />
  <attribute name="IntegralT" value="104.000000" />
  <attribute name="IntegralI" value="104.000000" />
  <attribute name="IntegralH" value="104.000000" />
  <attribute name="DerivativeT" value="-5.250000" />
  <attribute name="DerivativeI" value="-5.250000" />
  <attribute name="DerivativeH" value="-5.250000" />
  <attribute name="Loop Time for DT" value="4.000000" />
  <attribute name="Output H" value="8388608"/>
  <attribute name="Output I" value="200"/>
  <attribute name="Output T" value="4"/>
  <attribute name="Target GC Util Change" value ="20.000000" />
  <attribute name="Current GC Util Change" value="46.000000"/>
  <attribute name="GC Util currently" value="46" />
  <attribute name="CPU Util currently" value="1202874161185" />
<allocation-satisfied id="796" threadId="0000000002519C00" bytesRequested="40" />
<af-end id="797" timestamp="2019-06-15T03:58:15.156" threadId="000000000251A588" success="true" from="nursery"/>
<exclusive-end id="798" timestamp="2019-06-15T03:58:15.156" durationms="1.758" />

<exclusive-start id="799" timestamp="2019-06-15T03:58:15.170" intervalms="15.636">
  <response-info timems="0.056" idlems="0.056" threads="0" lastid="0000000002529000" lastname="PmdThread 4" />
</exclusive-start>
<af-start id="800" threadId="0000000002529988" totalBytesRequested="16392" timestamp="2019-06-15T03:58:15.170" intervalms="15.537" type="nursery" />
<cycle-start id="801" type="scavenge" contextid="0" timestamp="2019-06-15T03:58:15.171" intervalms="15.412" />
<gc-start id="802" type="scavenge" contextid="801" timestamp="2019-06-15T03:58:15.171">
  <mem-info id="803" free="2083330608" total="2092630016" percent="99">
    <mem type="nursery" free="0" total="2228224" percent="0">
      <mem type="allocate" free="0" total="1245184" percent="0" />
      <mem type="survivor" free="0" total="983040" percent="0" />
    </mem>
    <mem type="tenure" free="2083330608" total="2090401792" percent="99">
      <mem type="soa" free="1978810928" total="1985882112" percent="99" />
      <mem type="loa" free="104519680" total="104519680" percent="100" />
    </mem>
    <remembered-set count="447" />
  </mem-info>
</gc-start>
<allocation-stats totalBytes="739488" >
  <allocated-bytes non-tlh="248" tlh="739240" />
  <largest-consumer threadName="PmdThread 4" threadId="0000000002529000" bytes="297144" />
</allocation-stats>
<gc-op id="804" type="scavenge" timems="1.138" contextid="801" timestamp="2019-06-15T03:58:15.172">
  <scavenger-info tenureage="2" tenuremask="7ffc" tiltratio="55" />
  <memory-copied type="nursery" objects="5705" bytes="398056" bytesdiscarded="189744" />
  <memory-copied type="tenure" objects="1564" bytes="46344" bytesdiscarded="0" />
  <references type="weak" candidates="21" cleared="21" enqueued="21" />
  <references type="phantom" candidates="5" cleared="4" enqueued="4" />
</gc-op>
<gc-end id="805" type="scavenge" contextid="801" durationms="1.324" usertimems="0.000" systemtimems="0.000" timestamp="2019-06-15T03:58:15.172" activeThreads="4">
  <mem-info id="806" free="2084040432" total="2092630016" percent="99">
    <mem type="nursery" free="788160" total="2228224" percent="35">
      <mem type="allocate" free="788160" total="1376256" percent="57" />
      <mem type="survivor" free="0" total="851968" percent="0" />
    </mem>
    <mem type="tenure" free="2083252272" total="2090401792" percent="99">
      <mem type="soa" free="1978732592" total="1985882112" percent="99" />
      <mem type="loa" free="104519680" total="104519680" percent="100" />
    </mem>
    <pending-finalizers system="0" default="0" reference="25" classloader="0" />
    <remembered-set count="455" />
  </mem-info>
</gc-end>
<cycle-end id="807" type="scavenge" contextid="801" timestamp="2019-06-15T03:58:15.172" />
  <attribute name="elasticGC enabled" value="1" />
  <attribute name= "numThreadsSpecified" value="4" />
  <attribute name="heapSize specified" value="8519680" />
  <attribute name="Current GC Util" value="11" />
  <attribute name= "Current Time Running" value="1676" />
  <attribute name ="GC Interval" value="200" />
  <attribute name="ProportionalT" value="-4.500000" />
  <attribute name="ProportionalI" value="-4.500000" />
  <attribute name="ProportionalH" value="-4.500000" />
  <attribute name="Current Error" value="-9.000000" />
  <attribute name="IntegralT" value="-135.000000" />
  <attribute name="IntegralI" value="-135.000000" />
  <attribute name="IntegralH" value="-135.000000" />
  <attribute name="DerivativeT" value="-3.500000" />
  <attribute name="DerivativeI" value="-3.500000" />
  <attribute name="DerivativeH" value="-3.500000" />
  <attribute name="Loop Time for DT" value="15.000000" />
  <attribute name="Output H" value="2092630016"/>
  <attribute name="Output I" value="200"/>
  <attribute name="Output T" value="4"/>
  <attribute name="Target GC Util Change" value ="20.000000" />
  <attribute name="Current GC Util Change" value="11.000000"/>
  <attribute name="GC Util currently" value="11" />
  <attribute name="CPU Util currently" value="298744695538" />
<allocation-satisfied id="808" threadId="0000000002529000" bytesRequested="16392" />
<af-end id="809" timestamp="2019-06-15T03:58:15.172" threadId="0000000002529988" success="true" from="nursery"/>
<exclusive-end id="810" timestamp="2019-06-15T03:58:15.172" durationms="1.888" />

<exclusive-start id="811" timestamp="2019-06-15T03:58:15.177" intervalms="6.286">
  <response-info timems="0.072" idlems="0.048" threads="2" lastid="0000000002525400" lastname="PmdThread 3" />
</exclusive-start>
<af-start id="812" threadId="000000000251E188" totalBytesRequested="16392" timestamp="2019-06-15T03:58:15.177" intervalms="6.297" type="nursery" />
<cycle-start id="813" type="scavenge" contextid="0" timestamp="2019-06-15T03:58:15.177" intervalms="6.293" />
<gc-start id="814" type="scavenge" contextid="813" timestamp="2019-06-15T03:58:15.177">
  <mem-info id="815" free="2083252272" total="2092630016" percent="99">
    <mem type="nursery" free="0" total="2228224" percent="0">
      <mem type="allocate" free="0" total="1376256" percent="0" />
      <mem type="survivor" free="0" total="851968" percent="0" />
    </mem>
    <mem type="tenure" free="2083252272" total="2090401792" percent="99">
      <mem type="soa" free="1978732592" total="1985882112" percent="99" />
      <mem type="loa" free="104519680" total="104519680" percent="100" />
    </mem>
    <remembered-set count="559" />
  </mem-info>
</gc-start>
<allocation-stats totalBytes="783632" >
  <allocated-bytes non-tlh="65568" tlh="718064" />
  <largest-consumer threadName="PmdThread 1" threadId="0000000002519C00" bytes="311144" />
</allocation-stats>
<gc-op id="816" type="scavenge" timems="1.735" contextid="813" timestamp="2019-06-15T03:58:15.179">
  <scavenger-info tenureage="2" tenuremask="7ffc" tiltratio="61" />
  <memory-copied type="nursery" objects="4592" bytes="445736" bytesdiscarded="115304" />
  <memory-copied type="tenure" objects="2374" bytes="132296" bytesdiscarded="760" />
  <references type="weak" candidates="11" cleared="10" enqueued="10" />
  <references type="phantom" candidates="5" cleared="2" enqueued="2" />
</gc-op>
<gc-end id="817" type="scavenge" contextid="813" durationms="2.060" usertimems="4.000" systemtimems="0.000" timestamp="2019-06-15T03:58:15.179" activeThreads="4">
  <mem-info id="818" free="2083998912" total="2092630016" percent="99">
    <mem type="nursery" free="880536" total="2228224" percent="39">
      <mem type="allocate" free="880536" total="1441792" percent="61" />
      <mem type="survivor" free="0" total="786432" percent="0" />
    </mem>
    <mem type="tenure" free="2083118376" total="2090401792" percent="99">
      <mem type="soa" free="1978598696" total="1985882112" percent="99" />
      <mem type="loa" free="104519680" total="104519680" percent="100" />
    </mem>
    <pending-finalizers system="0" default="0" reference="12" classloader="0" />
    <remembered-set count="578" />
  </mem-info>
</gc-end>
<cycle-end id="819" type="scavenge" contextid="813" timestamp="2019-06-15T03:58:15.179" />
  <attribute name="elasticGC enabled" value="1" />
  <attribute name= "numThreadsSpecified" value="4" />
  <attribute name="heapSize specified" value="8519680" />
  <attribute name="Current GC Util" value="41" />
  <attribute name= "Current Time Running" value="1682" />
  <attribute name ="GC Interval" value="200" />
  <attribute name="ProportionalT" value="10.500000" />
  <attribute name="ProportionalI" value="10.500000" />
  <attribute name="ProportionalH" value="10.500000" />
  <attribute name="Current Error" value="21.000000" />
  <attribute name="IntegralT" value="126.000000" />
  <attribute name="IntegralI" value="126.000000" />
  <attribute name="IntegralH" value="126.000000" />
  <attribute name="DerivativeT" value="5.250000" />
  <attribute name="DerivativeI" value="5.250000" />
  <attribute name="DerivativeH" value="5.250000" />
  <attribute name="Loop Time for DT" value="6.000000" />
  <attribute name="Output H" value="8388608"/>
  <attribute name="Output I" value="200"/>
  <attribute name="Output T" value="4"/>
  <attribute name="Target GC Util Change" value ="20.000000" />
  <attribute name="Current GC Util Change" value="41.000000"/>
  <attribute name="GC Util currently" value="41" />
  <attribute name="CPU Util currently" value="739355926977" />
<allocation-satisfied id="820" threadId="000000000251D800" bytesRequested="16392" />
<af-end id="821" timestamp="2019-06-15T03:58:15.179" threadId="000000000251E188" success="true" from="nursery"/>
<exclusive-end id="822" timestamp="2019-06-15T03:58:15.179" durationms="2.606" />

<exclusive-start id="823" timestamp="2019-06-15T03:58:15.186" intervalms="9.621">
  <response-info timems="0.048" idlems="0.048" threads="0" lastid="0000000002529000" lastname="PmdThread 4" />
</exclusive-start>
<af-start id="824" threadId="0000000002529988" totalBytesRequested="24" timestamp="2019-06-15T03:58:15.186" intervalms="9.593" type="nursery" />
<cycle-start id="825" type="scavenge" contextid="0" timestamp="2019-06-15T03:58:15.187" intervalms="9.876" />
<gc-start id="826" type="scavenge" contextid="825" timestamp="2019-06-15T03:58:15.187">
  <mem-info id="827" free="2083114360" total="2092630016" percent="99">
    <mem type="nursery" free="0" total="2228224" percent="0">
      <mem type="allocate" free="0" total="1441792" percent="0" />
      <mem type="survivor" free="0" total="786432" percent="0" />
    </mem>
    <mem type="tenure" free="2083114360" total="2090401792" percent="99">
      <mem type="soa" free="1978594680" total="1985882112" percent="99" />
      <mem type="loa" free="104519680" total="104519680" percent="100" />
    </mem>
    <remembered-set count="681" />
  </mem-info>
</gc-start>
<allocation-stats totalBytes="870264" >
  <allocated-bytes non-tlh="20408" tlh="849856" />
  <largest-consumer threadName="PmdThread 4" threadId="0000000002529000" bytes="360384" />
</allocation-stats>
<gc-op id="828" type="scavenge" timems="1.444" contextid="825" timestamp="2019-06-15T03:58:15.188">
  <scavenger-info tenureage="1" tenuremask="7ffe" tiltratio="64" />
  <memory-copied type="nursery" objects="3060" bytes="314560" bytesdiscarded="73896" />
  <memory-copied type="tenure" objects="2982" bytes="181792" bytesdiscarded="8" />
  <references type="weak" candidates="20" cleared="20" enqueued="20" />
  <references type="phantom" candidates="5" cleared="4" enqueued="4" />
</gc-op>
<gc-end id="829" type="scavenge" contextid="825" durationms="1.636" usertimems="4.000" systemtimems="0.000" timestamp="2019-06-15T03:58:15.188" activeThreads="4">
  <mem-info id="830" free="2084099352" total="2092630016" percent="99">
    <mem type="nursery" free="1118640" total="2228224" percent="50">
      <mem type="allocate" free="1118640" total="1507328" percent="74" />
      <mem type="survivor" free="0" total="720896" percent="0" />
    </mem>
    <mem type="tenure" free="2082980712" total="2090401792" percent="99">
      <mem type="soa" free="1978461032" total="1985882112" percent="99" />
      <mem type="loa" free="104519680" total="104519680" percent="100" />
    </mem>
    <pending-finalizers system="0" default="0" reference="24" classloader="0" />
    <remembered-set count="215" />
  </mem-info>
</gc-end>
<cycle-end id="831" type="scavenge" contextid="825" timestamp="2019-06-15T03:58:15.188" />
  <attribute name="elasticGC enabled" value="1" />
  <attribute name= "numThreadsSpecified" value="4" />
  <attribute name="heapSize specified" value="8519680" />
  <attribute name="Current GC Util" value="39" />
  <attribute name= "Current Time Running" value="1692" />
  <attribute name ="GC Interval" value="200" />
  <attribute name="ProportionalT" value="9.500000" />
  <attribute name="ProportionalI" value="9.500000" />
  <attribute name="ProportionalH" value="9.500000" />
  <attribute name="Current Error" value="19.000000" />
  <attribute name="IntegralT" value="190.000000" />
  <attribute name="IntegralI" value="190.000000" />
  <attribute name="IntegralH" value="190.000000" />
  <attribute name="DerivativeT" value="-0.300000" />
  <attribute name="DerivativeI" value="-0.300000" />
  <attribute name="DerivativeH" value="-0.300000" />
  <attribute name="Loop Time for DT" value="10.000000" />
  <attribute name="Output H" value="8388608"/>
  <attribute name="Output I" value="200"/>
  <attribute name="Output T" value="4"/>
  <attribute name="Target GC Util Change" value ="20.000000" />
  <attribute name="Current GC Util Change" value="39.000000"/>
  <attribute name="GC Util currently" value="39" />
  <attribute name="CPU Util currently" value="465123500108" />
<allocation-satisfied id="832" threadId="0000000002529000" bytesRequested="24" />
<af-end id="833" timestamp="2019-06-15T03:58:15.189" threadId="0000000002529988" success="true" from="nursery"/>
<exclusive-end id="834" timestamp="2019-06-15T03:58:15.189" durationms="2.379" />

<exclusive-start id="835" timestamp="2019-06-15T03:58:15.199" intervalms="12.459">
  <response-info timems="0.037" idlems="0.037" threads="0" lastid="0000000002529000" lastname="PmdThread 4" />
</exclusive-start>
<af-start id="836" threadId="0000000002529988" totalBytesRequested="8200" timestamp="2019-06-15T03:58:15.199" intervalms="12.488" type="nursery" />
<cycle-start id="837" type="scavenge" contextid="0" timestamp="2019-06-15T03:58:15.199" intervalms="12.205" />
<gc-start id="838" type="scavenge" contextid="837" timestamp="2019-06-15T03:58:15.199">
  <mem-info id="839" free="2082979608" total="2092630016" percent="99">
    <mem type="nursery" free="0" total="2228224" percent="0">
      <mem type="allocate" free="0" total="1507328" percent="0" />
      <mem type="survivor" free="0" total="720896" percent="0" />
    </mem>
    <mem type="tenure" free="2082979608" total="2090401792" percent="99">
      <mem type="soa" free="1978459928" total="1985882112" percent="99" />
      <mem type="loa" free="104519680" total="104519680" percent="100" />
    </mem>
    <remembered-set count="328" />
  </mem-info>
</gc-start>
<allocation-stats totalBytes="1117176" >
  <allocated-bytes non-tlh="1128" tlh="1116048" />
  <largest-consumer threadName="PmdThread 1" threadId="0000000002519C00" bytes="471008" />
</allocation-stats>
<gc-op id="840" type="scavenge" timems="1.673" contextid="837" timestamp="2019-06-15T03:58:15.201">
  <scavenger-info tenureage="1" tenuremask="7ffe" tiltratio="67" />
  <memory-copied type="nursery" objects="2134" bytes="134928" bytesdiscarded="116056" />
  <memory-copied type="tenure" objects="1837" bytes="203560" bytesdiscarded="48" />
  <references type="weak" candidates="71" cleared="71" enqueued="71" />
  <references type="phantom" candidates="3" cleared="2" enqueued="2" />
</gc-op>
<gc-end id="841" type="scavenge" contextid="837" durationms="1.861" usertimems="4.000" systemtimems="0.000" timestamp="2019-06-15T03:58:15.201" activeThreads="4">
  <mem-info id="842" free="2084007104" total="2092630016" percent="99">
    <mem type="nursery" free="1321456" total="2228224" percent="59">
      <mem type="allocate" free="1321456" total="1572864" percent="84" />
      <mem type="survivor" free="0" total="655360" percent="0" />
    </mem>
    <mem type="tenure" free="2082685648" total="2090401792" percent="99">
      <mem type="soa" free="1978165968" total="1985882112" percent="99" />
      <mem type="loa" free="104519680" total="104519680" percent="100" />
    </mem>
    <pending-finalizers system="0" default="0" reference="73" classloader="0" />
    <remembered-set count="267" />
  </mem-info>
</gc-end>
<cycle-end id="843" type="scavenge" contextid="837" timestamp="2019-06-15T03:58:15.201" />
  <attribute name="elasticGC enabled" value="1" />
  <attribute name= "numThreadsSpecified" value="4" />
  <attribute name="heapSize specified" value="8519680" />
  <attribute name="Current GC Util" value="27" />
  <attribute name= "Current Time Running" value="1704" />
  <attribute name ="GC Interval" value="200" />
  <attribute name="ProportionalT" value="3.500000" />
  <attribute name="ProportionalI" value="3.500000" />
  <attribute name="ProportionalH" value="3.500000" />
  <attribute name="Current Error" value="7.000000" />
  <attribute name="IntegralT" value="84.000000" />
  <attribute name="IntegralI" value="84.000000" />
  <attribute name="IntegralH" value="84.000000" />
  <attribute name="DerivativeT" value="-1.500000" />
  <attribute name="DerivativeI" value="-1.500000" />
  <attribute name="DerivativeH" value="-1.500000" />
  <attribute name="Loop Time for DT" value="12.000000" />
  <attribute name="Output H" value="8388608"/>
  <attribute name="Output I" value="200"/>
  <attribute name="Output T" value="4"/>
  <attribute name="Target GC Util Change" value ="20.000000" />
  <attribute name="Current GC Util Change" value="27.000000"/>
  <attribute name="GC Util currently" value="27" />
  <attribute name="CPU Util currently" value="378100738827" />
<allocation-satisfied id="844" threadId="0000000002529000" bytesRequested="8200" />
<af-end id="845" timestamp="2019-06-15T03:58:15.201" threadId="0000000002529988" success="true" from="nursery"/>
<exclusive-end id="846" timestamp="2019-06-15T03:58:15.201" durationms="2.492" />

<exclusive-start id="847" timestamp="2019-06-15T03:58:15.207" intervalms="8.718">
  <response-info timems="0.039" idlems="0.039" threads="0" lastid="000000000251D800" lastname="PmdThread 2" />
</exclusive-start>
<af-start id="848" threadId="000000000251E188" totalBytesRequested="16392" timestamp="2019-06-15T03:58:15.208" intervalms="8.694" type="nursery" />
<cycle-start id="849" type="scavenge" contextid="0" timestamp="2019-06-15T03:58:15.208" intervalms="8.748" />
<gc-start id="850" type="scavenge" contextid="849" timestamp="2019-06-15T03:58:15.208">
  <mem-info id="851" free="2082685648" total="2092630016" percent="99">
    <mem type="nursery" free="0" total="2228224" percent="0">
      <mem type="allocate" free="0" total="1572864" percent="0" />
      <mem type="survivor" free="0" total="655360" percent="0" />
    </mem>
    <mem type="tenure" free="2082685648" total="2090401792" percent="99">
      <mem type="soa" free="1978165968" total="1985882112" percent="99" />
      <mem type="loa" free="104519680" total="104519680" percent="100" />
    </mem>
    <remembered-set count="439" />
  </mem-info>
</gc-start>
<allocation-stats totalBytes="1309184" >
  <allocated-bytes non-tlh="24592" tlh="1284592" />
  <largest-consumer threadName="PmdThread 1" threadId="0000000002519C00" bytes="796400" />
</allocation-stats>
<gc-op id="852" type="scavenge" timems="1.388" contextid="849" timestamp="2019-06-15T03:58:15.209">
  <scavenger-info tenureage="2" tenuremask="7ffc" tiltratio="70" />
  <memory-copied type="nursery" objects="2878" bytes="256488" bytesdiscarded="105512" />
  <references type="weak" candidates="74" cleared="74" enqueued="74" />
  <references type="phantom" candidates="3" cleared="2" enqueued="2" />
</gc-op>
<gc-end id="853" type="scavenge" contextid="849" durationms="1.743" usertimems="4.000" systemtimems="0.000" timestamp="2019-06-15T03:58:15.209" activeThreads="4">
  <mem-info id="854" free="2083896232" total="2092630016" percent="99">
    <mem type="nursery" free="1210584" total="2228224" percent="54">
      <mem type="allocate" free="1210584" total="1572864" percent="76" />
      <mem type="survivor" free="0" total="655360" percent="0" />
    </mem>
    <mem type="tenure" free="2082685648" total="2090401792" percent="99">
      <mem type="soa" free="1978165968" total="1985882112" percent="99" />
      <mem type="loa" free="104519680" total="104519680" percent="100" />
    </mem>
    <pending-finalizers system="0" default="0" reference="76" classloader="0" />
    <remembered-set count="185" />
  </mem-info>
</gc-end>
<cycle-end id="855" type="scavenge" contextid="849" timestamp="2019-06-15T03:58:15.210" />
  <attribute name="elasticGC enabled" value="1" />
  <attribute name= "numThreadsSpecified" value="4" />
  <attribute name="heapSize specified" value="8519680" />
  <attribute name="Current GC Util" value="38" />
  <attribute name= "Current Time Running" value="1713" />
  <attribute name ="GC Interval" value="200" />
  <attribute name="ProportionalT" value="9.000000" />
  <attribute name="ProportionalI" value="9.000000" />
  <attribute name="ProportionalH" value="9.000000" />
  <attribute name="Current Error" value="18.000000" />
  <attribute name="IntegralT" value="162.000000" />
  <attribute name="IntegralI" value="162.000000" />
  <attribute name="IntegralH" value="162.000000" />
  <attribute name="DerivativeT" value="1.833333" />
  <attribute name="DerivativeI" value="1.833333" />
  <attribute name="DerivativeH" value="1.833333" />
  <attribute name="Loop Time for DT" value="9.000000" />
  <attribute name="Output H" value="8388608"/>
  <attribute name="Output I" value="200"/>
  <attribute name="Output T" value="4"/>
  <attribute name="Target GC Util Change" value ="20.000000" />
  <attribute name="Current GC Util Change" value="38.000000"/>
  <attribute name="GC Util currently" value="38" />
  <attribute name="CPU Util currently" value="523106978699" />
<allocation-satisfied id="856" threadId="000000000251D800" bytesRequested="16392" />
<af-end id="857" timestamp="2019-06-15T03:58:15.210" threadId="000000000251E188" success="true" from="nursery"/>
<exclusive-end id="858" timestamp="2019-06-15T03:58:15.210" durationms="2.455" />

<exclusive-start id="859" timestamp="2019-06-15T03:58:15.213" intervalms="5.981">
  <response-info timems="0.035" idlems="0.035" threads="0" lastid="0000000002529000" lastname="PmdThread 4" />
</exclusive-start>
<af-start id="860" threadId="0000000002529988" totalBytesRequested="696" timestamp="2019-06-15T03:58:15.214" intervalms="6.063" type="nursery" />
<cycle-start id="861" type="scavenge" contextid="0" timestamp="2019-06-15T03:58:15.214" intervalms="6.016" />
<gc-start id="862" type="scavenge" contextid="861" timestamp="2019-06-15T03:58:15.214">
  <mem-info id="863" free="2082685648" total="2092630016" percent="99">
    <mem type="nursery" free="0" total="2228224" percent="0">
      <mem type="allocate" free="0" total="1572864" percent="0" />
      <mem type="survivor" free="0" total="655360" percent="0" />
    </mem>
    <mem type="tenure" free="2082685648" total="2090401792" percent="99">
      <mem type="soa" free="1978165968" total="1985882112" percent="99" />
      <mem type="loa" free="104519680" total="104519680" percent="100" />
    </mem>
    <remembered-set count="334" />
  </mem-info>
</gc-start>
<allocation-stats totalBytes="1209728" >
  <allocated-bytes non-tlh="49176" tlh="1160552" />
  <largest-consumer threadName="PmdThread 1" threadId="0000000002519C00" bytes="644880" />
</allocation-stats>
<gc-op id="864" type="scavenge" timems="1.889" contextid="861" timestamp="2019-06-15T03:58:15.216">
  <scavenger-info tenureage="2" tenuremask="7ffc" tiltratio="70" />
  <memory-copied type="nursery" objects="4281" bytes="440512" bytesdiscarded="184176" />
  <memory-copied type="tenure" objects="1085" bytes="37304" bytesdiscarded="0" />
  <references type="weak" candidates="60" cleared="59" enqueued="59" />
  <references type="phantom" candidates="3" cleared="2" enqueued="2" />
</gc-op>
<gc-end id="865" type="scavenge" contextid="861" durationms="2.140" usertimems="4.000" systemtimems="0.000" timestamp="2019-06-15T03:58:15.216" activeThreads="4">
  <mem-info id="866" free="2083568208" total="2092630016" percent="99">
    <mem type="nursery" free="882560" total="2228224" percent="39">
      <mem type="allocate" free="882560" total="1507328" percent="58" />
      <mem type="survivor" free="0" total="720896" percent="0" />
    </mem>
    <mem type="tenure" free="2082685648" total="2090401792" percent="99">
      <mem type="soa" free="1978165968" total="1985882112" percent="99" />
      <mem type="loa" free="104519680" total="104519680" percent="100" />
    </mem>
    <pending-finalizers system="0" default="0" reference="61" classloader="0" />
    <remembered-set count="120" />
  </mem-info>
</gc-end>
<cycle-end id="867" type="scavenge" contextid="861" timestamp="2019-06-15T03:58:15.216" />
  <attribute name="elasticGC enabled" value="1" />
  <attribute name= "numThreadsSpecified" value="4" />
  <attribute name="heapSize specified" value="8519680" />
  <attribute name="Current GC Util" value="54" />
  <attribute name= "Current Time Running" value="1719" />
  <attribute name ="GC Interval" value="232" />
  <attribute name="ProportionalT" value="17.000000" />
  <attribute name="ProportionalI" value="17.000000" />
  <attribute name="ProportionalH" value="17.000000" />
  <attribute name="Current Error" value="34.000000" />
  <attribute name="IntegralT" value="204.000000" />
  <attribute name="IntegralI" value="204.000000" />
  <attribute name="IntegralH" value="204.000000" />
  <attribute name="DerivativeT" value="4.000000" />
  <attribute name="DerivativeI" value="4.000000" />
  <attribute name="DerivativeH" value="4.000000" />
  <attribute name="Loop Time for DT" value="6.000000" />
  <attribute name="Output H" value="8388608"/>
  <attribute name="Output I" value="232"/>
  <attribute name="Output T" value="4"/>
  <attribute name="Target GC Util Change" value ="20.000000" />
  <attribute name="Current GC Util Change" value="54.000000"/>
  <attribute name="GC Util currently" value="54" />
  <attribute name="CPU Util currently" value="766166561280" />
<allocation-satisfied id="868" threadId="0000000002529000" bytesRequested="696" />
<af-end id="869" timestamp="2019-06-15T03:58:15.216" threadId="0000000002529988" success="true" from="nursery"/>
<exclusive-end id="870" timestamp="2019-06-15T03:58:15.216" durationms="2.937" />

<exclusive-start id="871" timestamp="2019-06-15T03:58:15.220" intervalms="6.777">
  <response-info timems="0.029" idlems="0.029" threads="0" lastid="0000000002525400" lastname="PmdThread 3" />
</exclusive-start>
<af-start id="872" threadId="0000000002525D88" totalBytesRequested="16392" timestamp="2019-06-15T03:58:15.220" intervalms="6.726" type="nursery" />
<cycle-start id="873" type="scavenge" contextid="0" timestamp="2019-06-15T03:58:15.220" intervalms="6.722" />
<gc-start id="874" type="scavenge" contextid="873" timestamp="2019-06-15T03:58:15.220">
  <mem-info id="875" free="2082685320" total="2092630016" percent="99">
    <mem type="nursery" free="0" total="2228224" percent="0">
      <mem type="allocate" free="0" total="1507328" percent="0" />
      <mem type="survivor" free="0" total="720896" percent="0" />
    </mem>
    <mem type="tenure" free="2082685320" total="2090401792" percent="99">
      <mem type="soa" free="1978165640" total="1985882112" percent="99" />
      <mem type="loa" free="104519680" total="104519680" percent="100" />
    </mem>
    <remembered-set count="228" />
  </mem-info>
</gc-start>
<allocation-stats totalBytes="869784" >
  <allocated-bytes non-tlh="1024" tlh="868760" />
  <largest-consumer threadName="PmdThread 1" threadId="0000000002519C00" bytes="421200" />
</allocation-stats>
<gc-op id="876" type="scavenge" timems="1.121" contextid="873" timestamp="2019-06-15T03:58:15.222">
  <scavenger-info tenureage="2" tenuremask="7ffc" tiltratio="67" />
  <memory-copied type="nursery" objects="2912" bytes="284368" bytesdiscarded="110272" />
  <memory-copied type="tenure" objects="57" bytes="34632" bytesdiscarded="0" />
  <references type="soft" candidates="11" cleared="0" enqueued="0" dynamicThreshold="31" maxThreshold="32" />
  <references type="weak" candidates="63" cleared="63" enqueued="63" />
  <references type="phantom" candidates="3" cleared="1" enqueued="1" />
</gc-op>
<gc-end id="877" type="scavenge" contextid="873" durationms="1.470" usertimems="0.000" systemtimems="0.000" timestamp="2019-06-15T03:58:15.222" activeThreads="4">
  <mem-info id="878" free="2083854664" total="2092630016" percent="99">
    <mem type="nursery" free="1177544" total="2228224" percent="52">
      <mem type="allocate" free="1177544" total="1572864" percent="74" />
      <mem type="survivor" free="0" total="655360" percent="0" />
    </mem>
    <mem type="tenure" free="2082677120" total="2090401792" percent="99">
      <mem type="soa" free="1978157440" total="1985882112" percent="99" />
      <mem type="loa" free="104519680" total="104519680" percent="100" />
    </mem>
    <pending-finalizers system="0" default="0" reference="64" classloader="0" />
    <remembered-set count="140" />
  </mem-info>
</gc-end>
<cycle-end id="879" type="scavenge" contextid="873" timestamp="2019-06-15T03:58:15.222" />
  <attribute name="elasticGC enabled" value="1" />
  <attribute name= "numThreadsSpecified" value="4" />
  <attribute name="heapSize specified" value="8519680" />
  <attribute name="Current GC Util" value="64" />
  <attribute name= "Current Time Running" value="1726" />
  <attribute name ="GC Interval" value="336" />
  <attribute name="ProportionalT" value="22.000000" />
  <attribute name="ProportionalI" value="22.000000" />
  <attribute name="ProportionalH" value="22.000000" />
  <attribute name="Current Error" value="44.000000" />
  <attribute name="IntegralT" value="308.000000" />
  <attribute name="IntegralI" value="308.000000" />
  <attribute name="IntegralH" value="308.000000" />
  <attribute name="DerivativeT" value="2.142857" />
  <attribute name="DerivativeI" value="2.142857" />
  <attribute name="DerivativeH" value="2.142857" />
  <attribute name="Loop Time for DT" value="7.000000" />
  <attribute name="Output H" value="8388608"/>
  <attribute name="Output I" value="336"/>
  <attribute name="Output T" value="4"/>
  <attribute name="Target GC Util Change" value ="20.000000" />
  <attribute name="Current GC Util Change" value="64.000000"/>
  <attribute name="GC Util currently" value="64" />
  <attribute name="CPU Util currently" value="691782752584" />
<allocation-satisfied id="880" threadId="0000000002525400" bytesRequested="16392" />
<af-end id="881" timestamp="2019-06-15T03:58:15.222" threadId="0000000002525D88" success="true" from="nursery"/>
<exclusive-end id="882" timestamp="2019-06-15T03:58:15.222" durationms="2.046" />

<exclusive-start id="883" timestamp="2019-06-15T03:58:15.228" intervalms="7.376">
  <response-info timems="0.053" idlems="0.053" threads="0" lastid="000000000251D800" lastname="PmdThread 2" />
</exclusive-start>
<af-start id="884" threadId="000000000251E188" totalBytesRequested="64" timestamp="2019-06-15T03:58:15.228" intervalms="7.406" type="nursery" />
<cycle-start id="885" type="scavenge" contextid="0" timestamp="2019-06-15T03:58:15.228" intervalms="7.412" />
<gc-start id="886" type="scavenge" contextid="885" timestamp="2019-06-15T03:58:15.228">
  <mem-info id="887" free="2082677120" total="2092630016" percent="99">
    <mem type="nursery" free="0" total="2228224" percent="0">
      <mem type="allocate" free="0" total="1572864" percent="0" />
      <mem type="survivor" free="0" total="655360" percent="0" />
    </mem>
    <mem type="tenure" free="2082677120" total="2090401792" percent="99">
      <mem type="soa" free="1978157440" total="1985882112" percent="99" />
      <mem type="loa" free="104519680" total="104519680" percent="100" />
    </mem>
    <remembered-set count="150" />
  </mem-info>
</gc-start>
<allocation-stats totalBytes="1172024" >
  <allocated-bytes non-tlh="65568" tlh="1106456" />
  <largest-consumer threadName="PmdThread 1" threadId="0000000002519C00" bytes="540448" />
</allocation-stats>
<gc-op id="888" type="scavenge" timems="1.410" contextid="885" timestamp="2019-06-15T03:58:15.229">
  <scavenger-info tenureage="2" tenuremask="7ffc" tiltratio="70" />
  <memory-copied type="nursery" objects="2912" bytes="346712" bytesdiscarded="120024" />
  <memory-copied type="tenure" objects="1485" bytes="131600" bytesdiscarded="8" />
  <references type="soft" candidates="11" cleared="0" enqueued="0" dynamicThreshold="31" maxThreshold="32" />
  <references type="weak" candidates="17" cleared="17" enqueued="17" />
  <references type="phantom" candidates="2" cleared="1" enqueued="1" />
</gc-op>
<gc-end id="889" type="scavenge" contextid="885" durationms="1.757" usertimems="4.000" systemtimems="0.000" timestamp="2019-06-15T03:58:15.230" activeThreads="4">
  <mem-info id="890" free="2083698208" total="2092630016" percent="99">
    <mem type="nursery" free="1171384" total="2228224" percent="52">
      <mem type="allocate" free="1171384" total="1638400" percent="71" />
      <mem type="survivor" free="0" total="589824" percent="0" />
    </mem>
    <mem type="tenure" free="2082526824" total="2090401792" percent="99">
      <mem type="soa" free="1978007144" total="1985882112" percent="99" />
      <mem type="loa" free="104519680" total="104519680" percent="100" />
    </mem>
    <pending-finalizers system="0" default="0" reference="18" classloader="0" />
    <remembered-set count="122" />
  </mem-info>
</gc-end>
<cycle-end id="891" type="scavenge" contextid="885" timestamp="2019-06-15T03:58:15.230" />
  <attribute name="elasticGC enabled" value="1" />
  <attribute name= "numThreadsSpecified" value="4" />
  <attribute name="heapSize specified" value="8519680" />
  <attribute name="Current GC Util" value="34" />
  <attribute name= "Current Time Running" value="1733" />
  <attribute name ="GC Interval" value="200" />
  <attribute name="ProportionalT" value="7.000000" />
  <attribute name="ProportionalI" value="7.000000" />
  <attribute name="ProportionalH" value="7.000000" />
  <attribute name="Current Error" value="14.000000" />
  <attribute name="IntegralT" value="98.000000" />
  <attribute name="IntegralI" value="98.000000" />
  <attribute name="IntegralH" value="98.000000" />
  <attribute name="DerivativeT" value="-6.428571" />
  <attribute name="DerivativeI" value="-6.428571" />
  <attribute name="DerivativeH" value="-6.428571" />
  <attribute name="Loop Time for DT" value="7.000000" />
  <attribute name="Output H" value="8388608"/>
  <attribute name="Output I" value="200"/>
  <attribute name="Output T" value="4"/>
  <attribute name="Target GC Util Change" value ="20.000000" />
  <attribute name="Current GC Util Change" value="34.000000"/>
  <attribute name="GC Util currently" value="34" />
  <attribute name="CPU Util currently" value="622084926959" />
<allocation-satisfied id="892" threadId="000000000251D800" bytesRequested="64" />
<af-end id="893" timestamp="2019-06-15T03:58:15.230" threadId="000000000251E188" success="true" from="nursery"/>
<exclusive-end id="894" timestamp="2019-06-15T03:58:15.230" durationms="2.398" />

<exclusive-start id="895" timestamp="2019-06-15T03:58:15.236" intervalms="8.195">
  <response-info timems="0.039" idlems="0.022" threads="1" lastid="0000000002519C00" lastname="PmdThread 1" />
</exclusive-start>
<af-start id="896" threadId="0000000002529988" totalBytesRequested="16392" timestamp="2019-06-15T03:58:15.236" intervalms="8.147" type="nursery" />
<cycle-start id="897" type="scavenge" contextid="0" timestamp="2019-06-15T03:58:15.236" intervalms="8.150" />
<gc-start id="898" type="scavenge" contextid="897" timestamp="2019-06-15T03:58:15.236">
  <mem-info id="899" free="2082526824" total="2092630016" percent="99">
    <mem type="nursery" free="0" total="2228224" percent="0">
      <mem type="allocate" free="0" total="1638400" percent="0" />
      <mem type="survivor" free="0" total="589824" percent="0" />
    </mem>
    <mem type="tenure" free="2082526824" total="2090401792" percent="99">
      <mem type="soa" free="1978007144" total="1985882112" percent="99" />
      <mem type="loa" free="104519680" total="104519680" percent="100" />
    </mem>
    <remembered-set count="149" />
  </mem-info>
</gc-start>
<allocation-stats totalBytes="1151912" >
  <allocated-bytes non-tlh="64" tlh="1151848" />
  <largest-consumer threadName="PmdThread 1" threadId="0000000002519C00" bytes="442304" />
</allocation-stats>
<gc-op id="900" type="scavenge" timems="1.455" contextid="897" timestamp="2019-06-15T03:58:15.238">
  <scavenger-info tenureage="2" tenuremask="7ffc" tiltratio="73" />
  <memory-copied type="nursery" objects="3133" bytes="290144" bytesdiscarded="133032" />
  <memory-copied type="tenure" objects="194" bytes="41840" bytesdiscarded="0" />
  <references type="weak" candidates="38" cleared="38" enqueued="38" />
  <references type="phantom" candidates="5" cleared="4" enqueued="4" />
</gc-op>
<gc-end id="901" type="scavenge" contextid="897" durationms="1.645" usertimems="0.000" systemtimems="0.000" timestamp="2019-06-15T03:58:15.238" activeThreads="4">
  <mem-info id="902" free="2083725096" total="2092630016" percent="99">
    <mem type="nursery" free="1214672" total="2228224" percent="54">
      <mem type="allocate" free="1214672" total="1638400" percent="74" />
      <mem type="survivor" free="0" total="589824" percent="0" />
    </mem>
    <mem type="tenure" free="2082510424" total="2090401792" percent="99">
      <mem type="soa" free="1977990744" total="1985882112" percent="99" />
      <mem type="loa" free="104519680" total="104519680" percent="100" />
    </mem>
    <pending-finalizers system="0" default="0" reference="42" classloader="0" />
    <remembered-set count="134" />
  </mem-info>
</gc-end>
<cycle-end id="903" type="scavenge" contextid="897" timestamp="2019-06-15T03:58:15.238" />
  <attribute name="elasticGC enabled" value="1" />
  <attribute name= "numThreadsSpecified" value="4" />
  <attribute name="heapSize specified" value="8519680" />
  <attribute name="Current GC Util" value="37" />
  <attribute name= "Current Time Running" value="1741" />
  <attribute name ="GC Interval" value="200" />
  <attribute name="ProportionalT" value="8.500000" />
  <attribute name="ProportionalI" value="8.500000" />
  <attribute name="ProportionalH" value="8.500000" />
  <attribute name="Current Error" value="17.000000" />
  <attribute name="IntegralT" value="136.000000" />
  <attribute name="IntegralI" value="136.000000" />
  <attribute name="IntegralH" value="136.000000" />
  <attribute name="DerivativeT" value="0.562500" />
  <attribute name="DerivativeI" value="0.562500" />
  <attribute name="DerivativeH" value="0.562500" />
  <attribute name="Loop Time for DT" value="8.000000" />
  <attribute name="Output H" value="8388608"/>
  <attribute name="Output I" value="200"/>
  <attribute name="Output T" value="4"/>
  <attribute name="Target GC Util Change" value ="20.000000" />
  <attribute name="Current GC Util Change" value="37.000000"/>
  <attribute name="GC Util currently" value="37" />
  <attribute name="CPU Util currently" value="565361712022" />
<allocation-satisfied id="904" threadId="0000000002529000" bytesRequested="16392" />
<af-end id="905" timestamp="2019-06-15T03:58:15.238" threadId="0000000002529988" success="true" from="nursery"/>
<exclusive-end id="906" timestamp="2019-06-15T03:58:15.238" durationms="2.184" />

<exclusive-start id="907" timestamp="2019-06-15T03:58:15.245" intervalms="8.749">
  <response-info timems="0.029" idlems="0.022" threads="1" lastid="0000000002529000" lastname="PmdThread 4" />
</exclusive-start>
<af-start id="908" threadId="000000000251E188" totalBytesRequested="8200" timestamp="2019-06-15T03:58:15.245" intervalms="8.753" type="nursery" />
<cycle-start id="909" type="scavenge" contextid="0" timestamp="2019-06-15T03:58:15.245" intervalms="8.745" />
<gc-start id="910" type="scavenge" contextid="909" timestamp="2019-06-15T03:58:15.245">
  <mem-info id="911" free="2082510304" total="2092630016" percent="99">
    <mem type="nursery" free="0" total="2228224" percent="0">
      <mem type="allocate" free="0" total="1638400" percent="0" />
      <mem type="survivor" free="0" total="589824" percent="0" />
    </mem>
    <mem type="tenure" free="2082510304" total="2090401792" percent="99">
      <mem type="soa" free="1977990624" total="1985882112" percent="99" />
      <mem type="loa" free="104519680" total="104519680" percent="100" />
    </mem>
    <remembered-set count="205" />
  </mem-info>
</gc-start>
<allocation-stats totalBytes="1206088" >
  <allocated-bytes non-tlh="65688" tlh="1140400" />
  <largest-consumer threadName="PmdThread 4" threadId="0000000002529000" bytes="515088" />
</allocation-stats>
<gc-op id="912" type="scavenge" timems="1.387" contextid="909" timestamp="2019-06-15T03:58:15.246">
  <scavenger-info tenureage="2" tenuremask="7ffc" tiltratio="73" />
  <memory-copied type="nursery" objects="3564" bytes="363624" bytesdiscarded="225504" />
  <memory-copied type="tenure" objects="1817" bytes="222104" bytesdiscarded="8" />
  <copy-failed type="nursery" objects="855" bytes="163056" />
  <finalization candidates="1" enqueued="0" />
  <references type="weak" candidates="40" cleared="33" enqueued="33" />
  <references type="phantom" candidates="6" cleared="3" enqueued="3" />
</gc-op>
<gc-end id="913" type="scavenge" contextid="909" durationms="1.735" usertimems="0.000" systemtimems="0.000" timestamp="2019-06-15T03:58:15.246" activeThreads="4">
  <mem-info id="914" free="2083103640" total="2092630016" percent="99">
    <mem type="nursery" free="786432" total="2228224" percent="35">
      <mem type="allocate" free="786432" total="1376256" percent="57" />
      <mem type="survivor" free="0" total="851968" percent="0" />
    </mem>
    <mem type="tenure" free="2082317208" total="2090401792" percent="99">
      <mem type="soa" free="1977797528" total="1985882112" percent="99" />
      <mem type="loa" free="104519680" total="104519680" percent="100" />
    </mem>
    <pending-finalizers system="0" default="0" reference="36" classloader="0" />
    <remembered-set count="364" />
  </mem-info>
</gc-end>
<cycle-end id="915" type="scavenge" contextid="909" timestamp="2019-06-15T03:58:15.247" />
  <attribute name="elasticGC enabled" value="1" />
  <attribute name= "numThreadsSpecified" value="4" />
  <attribute name="heapSize specified" value="8519680" />
  <attribute name="Current GC Util" value="39" />
  <attribute name= "Current Time Running" value="1750" />
  <attribute name ="GC Interval" value="200" />
  <attribute name="ProportionalT" value="9.500000" />
  <attribute name="ProportionalI" value="9.500000" />
  <attribute name="ProportionalH" value="9.500000" />
  <attribute name="Current Error" value="19.000000" />
  <attribute name="IntegralT" value="171.000000" />
  <attribute name="IntegralI" value="171.000000" />
  <attribute name="IntegralH" value="171.000000" />
  <attribute name="DerivativeT" value="0.333333" />
  <attribute name="DerivativeI" value="0.333333" />
  <attribute name="DerivativeH" value="0.333333" />
  <attribute name="Loop Time for DT" value="9.000000" />
  <attribute name="Output H" value="8388608"/>
  <attribute name="Output I" value="200"/>
  <attribute name="Output T" value="4"/>
  <attribute name="Target GC Util Change" value ="20.000000" />
  <attribute name="Current GC Util Change" value="39.000000"/>
  <attribute name="GC Util currently" value="39" />
  <attribute name="CPU Util currently" value="527735645306" />
<allocation-satisfied id="916" threadId="000000000251D800" bytesRequested="8200" />
<af-end id="917" timestamp="2019-06-15T03:58:15.247" threadId="000000000251E188" success="true" from="nursery"/>
<exclusive-end id="918" timestamp="2019-06-15T03:58:15.247" durationms="2.304" />

<exclusive-start id="919" timestamp="2019-06-15T03:58:15.250" intervalms="5.169">
  <response-info timems="0.061" idlems="0.061" threads="0" lastid="0000000002529000" lastname="PmdThread 4" />
</exclusive-start>
<af-start id="920" threadId="0000000002529988" totalBytesRequested="32" timestamp="2019-06-15T03:58:15.250" intervalms="5.145" type="nursery" />
<cycle-start id="921" type="scavenge" contextid="0" timestamp="2019-06-15T03:58:15.250" intervalms="5.133" />
<gc-start id="922" type="scavenge" contextid="921" timestamp="2019-06-15T03:58:15.250">
  <mem-info id="923" free="2082317208" total="2092630016" percent="99">
    <mem type="nursery" free="0" total="2228224" percent="0">
      <mem type="allocate" free="0" total="1376256" percent="0" />
      <mem type="survivor" free="0" total="851968" percent="0" />
    </mem>
    <mem type="tenure" free="2082317208" total="2090401792" percent="99">
      <mem type="soa" free="1977797528" total="1985882112" percent="99" />
      <mem type="loa" free="104519680" total="104519680" percent="100" />
    </mem>
    <remembered-set count="385" />
  </mem-info>
</gc-start>
<allocation-stats totalBytes="786232" >
  <allocated-bytes non-tlh="40984" tlh="745248" />
  <largest-consumer threadName="PmdThread 4" threadId="0000000002529000" bytes="253904" />
</allocation-stats>
<gc-op id="924" type="scavenge" timems="1.258" contextid="921" timestamp="2019-06-15T03:58:15.251">
  <scavenger-info tenureage="2" tenuremask="7ffc" tiltratio="61" />
  <memory-copied type="nursery" objects="6624" bytes="612168" bytesdiscarded="86448" />
  <memory-copied type="tenure" objects="241" bytes="7624" bytesdiscarded="0" />
  <finalization candidates="1" enqueued="0" />
  <references type="weak" candidates="28" cleared="21" enqueued="21" />
  <references type="phantom" candidates="6" cleared="5" enqueued="5" />
</gc-op>
<gc-end id="925" type="scavenge" contextid="921" durationms="1.456" usertimems="0.000" systemtimems="0.000" timestamp="2019-06-15T03:58:15.251" activeThreads="4">
  <mem-info id="926" free="2083020784" total="2092630016" percent="99">
    <mem type="nursery" free="742744" total="2228224" percent="33">
      <mem type="allocate" free="742744" total="1441792" percent="51" />
      <mem type="survivor" free="0" total="786432" percent="0" />
    </mem>
    <mem type="tenure" free="2082278040" total="2090401792" percent="99">
      <mem type="soa" free="1977758360" total="1985882112" percent="99" />
      <mem type="loa" free="104519680" total="104519680" percent="100" />
    </mem>
    <pending-finalizers system="0" default="0" reference="26" classloader="0" />
    <remembered-set count="335" />
  </mem-info>
</gc-end>
<cycle-end id="927" type="scavenge" contextid="921" timestamp="2019-06-15T03:58:15.251" />
  <attribute name="elasticGC enabled" value="1" />
  <attribute name= "numThreadsSpecified" value="4" />
  <attribute name="heapSize specified" value="8519680" />
  <attribute name="Current GC Util" value="55" />
  <attribute name= "Current Time Running" value="1755" />
  <attribute name ="GC Interval" value="200" />
  <attribute name="ProportionalT" value="17.500000" />
  <attribute name="ProportionalI" value="17.500000" />
  <attribute name="ProportionalH" value="17.500000" />
  <attribute name="Current Error" value="35.000000" />
  <attribute name="IntegralT" value="175.000000" />
  <attribute name="IntegralI" value="175.000000" />
  <attribute name="IntegralH" value="175.000000" />
  <attribute name="DerivativeT" value="4.800000" />
  <attribute name="DerivativeI" value="4.800000" />
  <attribute name="DerivativeH" value="4.800000" />
  <attribute name="Loop Time for DT" value="5.000000" />
  <attribute name="Output H" value="8388608"/>
  <attribute name="Output I" value="200"/>
  <attribute name="Output T" value="4"/>
  <attribute name="Target GC Util Change" value ="20.000000" />
  <attribute name="Current GC Util Change" value="55.000000"/>
  <attribute name="GC Util currently" value="55" />
  <attribute name="CPU Util currently" value="898978154452" />
<allocation-satisfied id="928" threadId="0000000002529000" bytesRequested="32" />
<af-end id="929" timestamp="2019-06-15T03:58:15.252" threadId="0000000002529988" success="true" from="nursery"/>
<exclusive-end id="930" timestamp="2019-06-15T03:58:15.252" durationms="2.025" />

<exclusive-start id="931" timestamp="2019-06-15T03:58:15.255" intervalms="4.803">
  <response-info timems="0.029" idlems="0.029" threads="0" lastid="000000000251D800" lastname="PmdThread 2" />
</exclusive-start>
<af-start id="932" threadId="000000000251E188" totalBytesRequested="16392" timestamp="2019-06-15T03:58:15.255" intervalms="4.849" type="nursery" />
<cycle-start id="933" type="scavenge" contextid="0" timestamp="2019-06-15T03:58:15.255" intervalms="4.898" />
<gc-start id="934" type="scavenge" contextid="933" timestamp="2019-06-15T03:58:15.255">
  <mem-info id="935" free="2082278040" total="2092630016" percent="99">
    <mem type="nursery" free="0" total="2228224" percent="0">
      <mem type="allocate" free="0" total="1441792" percent="0" />
      <mem type="survivor" free="0" total="786432" percent="0" />
    </mem>
    <mem type="tenure" free="2082278040" total="2090401792" percent="99">
      <mem type="soa" free="1977758360" total="1985882112" percent="99" />
      <mem type="loa" free="104519680" total="104519680" percent="100" />
    </mem>
    <remembered-set count="347" />
  </mem-info>
</gc-start>
<allocation-stats totalBytes="721952" >
  <allocated-bytes non-tlh="16424" tlh="705528" />
  <largest-consumer threadName="PmdThread 4" threadId="0000000002529000" bytes="253256" />
</allocation-stats>
<gc-op id="936" type="scavenge" timems="2.110" contextid="933" timestamp="2019-06-15T03:58:15.257">
  <scavenger-info tenureage="1" tenuremask="7ffe" tiltratio="64" />
  <memory-copied type="nursery" objects="2648" bytes="287808" bytesdiscarded="260696" />
  <memory-copied type="tenure" objects="4259" bytes="355168" bytesdiscarded="184" />
  <finalization candidates="1" enqueued="0" />
  <references type="weak" candidates="25" cleared="25" enqueued="25" />
  <references type="phantom" candidates="2" cleared="1" enqueued="1" />
</gc-op>
<gc-end id="937" type="scavenge" contextid="933" durationms="2.494" usertimems="4.000" systemtimems="0.000" timestamp="2019-06-15T03:58:15.257" activeThreads="4">
  <mem-info id="938" free="2082827768" total="2092630016" percent="99">
    <mem type="nursery" free="893120" total="2228224" percent="40">
      <mem type="allocate" free="893120" total="1441792" percent="61" />
      <mem type="survivor" free="0" total="786432" percent="0" />
    </mem>
    <mem type="tenure" free="2081934648" total="2090401792" percent="99">
      <mem type="soa" free="1977414968" total="1985882112" percent="99" />
      <mem type="loa" free="104519680" total="104519680" percent="100" />
    </mem>
    <pending-finalizers system="0" default="0" reference="26" classloader="0" />
    <remembered-set count="117" />
  </mem-info>
</gc-end>
<cycle-end id="939" type="scavenge" contextid="933" timestamp="2019-06-15T03:58:15.257" />
  <attribute name="elasticGC enabled" value="1" />
  <attribute name= "numThreadsSpecified" value="4" />
  <attribute name="heapSize specified" value="8519680" />
  <attribute name="Current GC Util" value="55" />
  <attribute name= "Current Time Running" value="1760" />
  <attribute name ="GC Interval" value="200" />
  <attribute name="ProportionalT" value="17.500000" />
  <attribute name="ProportionalI" value="17.500000" />
  <attribute name="ProportionalH" value="17.500000" />
  <attribute name="Current Error" value="35.000000" />
  <attribute name="IntegralT" value="175.000000" />
  <attribute name="IntegralI" value="175.000000" />
  <attribute name="IntegralH" value="175.000000" />
  <attribute name="DerivativeT" value="0.000000" />
  <attribute name="DerivativeI" value="0.000000" />
  <attribute name="DerivativeH" value="0.000000" />
  <attribute name="Loop Time for DT" value="5.000000" />
  <attribute name="Output H" value="8388608"/>
  <attribute name="Output I" value="200"/>
  <attribute name="Output T" value="4"/>
  <attribute name="Target GC Util Change" value ="20.000000" />
  <attribute name="Current GC Util Change" value="55.000000"/>
  <attribute name="GC Util currently" value="55" />
  <attribute name="CPU Util currently" value="933106936392" />
<allocation-satisfied id="940" threadId="000000000251D800" bytesRequested="16392" />
<af-end id="941" timestamp="2019-06-15T03:58:15.258" threadId="000000000251E188" success="true" from="nursery"/>
<exclusive-end id="942" timestamp="2019-06-15T03:58:15.258" durationms="3.080" />

<exclusive-start id="943" timestamp="2019-06-15T03:58:15.261" intervalms="6.135">
  <response-info timems="0.106" idlems="0.106" threads="0" lastid="0000000002519C00" lastname="PmdThread 1" />
</exclusive-start>
<af-start id="944" threadId="000000000251A588" totalBytesRequested="40" timestamp="2019-06-15T03:58:15.261" intervalms="6.094" type="nursery" />
<cycle-start id="945" type="scavenge" contextid="0" timestamp="2019-06-15T03:58:15.261" intervalms="6.044" />
<gc-start id="946" type="scavenge" contextid="945" timestamp="2019-06-15T03:58:15.261">
  <mem-info id="947" free="2081934648" total="2092630016" percent="99">
    <mem type="nursery" free="0" total="2228224" percent="0">
      <mem type="allocate" free="0" total="1441792" percent="0" />
      <mem type="survivor" free="0" total="786432" percent="0" />
    </mem>
    <mem type="tenure" free="2081934648" total="2090401792" percent="99">
      <mem type="soa" free="1977414968" total="1985882112" percent="99" />
      <mem type="loa" free="104519680" total="104519680" percent="100" />
    </mem>
    <remembered-set count="148" />
  </mem-info>
</gc-start>
<allocation-stats totalBytes="890440" >
  <allocated-bytes non-tlh="49176" tlh="841264" />
  <largest-consumer threadName="PmdThread 4" threadId="0000000002529000" bytes="273656" />
</allocation-stats>
<gc-op id="948" type="scavenge" timems="0.534" contextid="945" timestamp="2019-06-15T03:58:15.261">
  <scavenger-info tenureage="1" tenuremask="7ffe" tiltratio="64" />
  <memory-copied type="nursery" objects="3451" bytes="344584" bytesdiscarded="81288" />
  <memory-copied type="tenure" objects="1784" bytes="192056" bytesdiscarded="24" />
  <references type="weak" candidates="22" cleared="22" enqueued="22" />
  <references type="phantom" candidates="5" cleared="4" enqueued="4" />
</gc-op>
<gc-end id="949" type="scavenge" contextid="945" durationms="0.693" usertimems="0.000" systemtimems="0.000" timestamp="2019-06-15T03:58:15.261" activeThreads="4">
  <mem-info id="950" free="2082824648" total="2092630016" percent="99">
    <mem type="nursery" free="1081280" total="2228224" percent="48">
      <mem type="allocate" free="1081280" total="1507328" percent="71" />
      <mem type="survivor" free="0" total="720896" percent="0" />
    </mem>
    <mem type="tenure" free="2081743368" total="2090401792" percent="99">
      <mem type="soa" free="1977223688" total="1985882112" percent="99" />
      <mem type="loa" free="104519680" total="104519680" percent="100" />
    </mem>
    <pending-finalizers system="0" default="0" reference="26" classloader="0" />
    <remembered-set count="129" />
  </mem-info>
</gc-end>
<cycle-end id="951" type="scavenge" contextid="945" timestamp="2019-06-15T03:58:15.262" />
  <attribute name="elasticGC enabled" value="1" />
  <attribute name= "numThreadsSpecified" value="4" />
  <attribute name="heapSize specified" value="8519680" />
  <attribute name="Current GC Util" value="67" />
  <attribute name= "Current Time Running" value="1766" />
  <attribute name ="GC Interval" value="312" />
  <attribute name="ProportionalT" value="23.500000" />
  <attribute name="ProportionalI" value="23.500000" />
  <attribute name="ProportionalH" value="23.500000" />
  <attribute name="Current Error" value="47.000000" />
  <attribute name="IntegralT" value="282.000000" />
  <attribute name="IntegralI" value="282.000000" />
  <attribute name="IntegralH" value="282.000000" />
  <attribute name="DerivativeT" value="3.000000" />
  <attribute name="DerivativeI" value="3.000000" />
  <attribute name="DerivativeH" value="3.000000" />
  <attribute name="Loop Time for DT" value="6.000000" />
  <attribute name="Output H" value="8388608"/>
  <attribute name="Output I" value="312"/>
  <attribute name="Output T" value="4"/>
  <attribute name="Target GC Util Change" value ="20.000000" />
  <attribute name="Current GC Util Change" value="67.000000"/>
  <attribute name="GC Util currently" value="67" />
  <attribute name="CPU Util currently" value="771355217902" />
<allocation-satisfied id="952" threadId="0000000002519C00" bytesRequested="40" />
<af-end id="953" timestamp="2019-06-15T03:58:15.262" threadId="000000000251A588" success="true" from="nursery"/>
<exclusive-end id="954" timestamp="2019-06-15T03:58:15.262" durationms="1.028" />

<exclusive-start id="955" timestamp="2019-06-15T03:58:15.268" intervalms="7.139">
  <response-info timems="0.028" idlems="0.028" threads="0" lastid="0000000002529000" lastname="PmdThread 4" />
</exclusive-start>
<af-start id="956" threadId="0000000002529988" totalBytesRequested="40" timestamp="2019-06-15T03:58:15.268" intervalms="7.165" type="nursery" />
<cycle-start id="957" type="scavenge" contextid="0" timestamp="2019-06-15T03:58:15.268" intervalms="7.215" />
<gc-start id="958" type="scavenge" contextid="957" timestamp="2019-06-15T03:58:15.268">
  <mem-info id="959" free="2081743368" total="2092630016" percent="99">
    <mem type="nursery" free="0" total="2228224" percent="0">
      <mem type="allocate" free="0" total="1507328" percent="0" />
      <mem type="survivor" free="0" total="720896" percent="0" />
    </mem>
    <mem type="tenure" free="2081743368" total="2090401792" percent="99">
      <mem type="soa" free="1977223688" total="1985882112" percent="99" />
      <mem type="loa" free="104519680" total="104519680" percent="100" />
    </mem>
    <remembered-set count="153" />
  </mem-info>
</gc-start>
<allocation-stats totalBytes="1080696" >
  <allocated-bytes non-tlh="16432" tlh="1064264" />
  <largest-consumer threadName="PmdThread 4" threadId="0000000002529000" bytes="413360" />
</allocation-stats>
<gc-op id="960" type="scavenge" timems="2.023" contextid="957" timestamp="2019-06-15T03:58:15.270">
  <scavenger-info tenureage="1" tenuremask="7ffe" tiltratio="67" />
  <memory-copied type="nursery" objects="4951" bytes="415696" bytesdiscarded="73936" />
  <memory-copied type="tenure" objects="2402" bytes="240408" bytesdiscarded="48" />
  <references type="weak" candidates="22" cleared="22" enqueued="22" />
  <references type="phantom" candidates="5" cleared="4" enqueued="4" />
</gc-op>
<gc-end id="961" type="scavenge" contextid="957" durationms="2.392" usertimems="4.000" systemtimems="0.000" timestamp="2019-06-15T03:58:15.270" activeThreads="4">
  <mem-info id="962" free="2082571624" total="2092630016" percent="99">
    <mem type="nursery" free="1083056" total="2228224" percent="48">
      <mem type="allocate" free="1083056" total="1572864" percent="68" />
      <mem type="survivor" free="0" total="655360" percent="0" />
    </mem>
    <mem type="tenure" free="2081488568" total="2090401792" percent="99">
      <mem type="soa" free="1976968888" total="1985882112" percent="99" />
      <mem type="loa" free="104519680" total="104519680" percent="100" />
    </mem>
    <pending-finalizers system="0" default="0" reference="26" classloader="0" />
    <remembered-set count="224" />
  </mem-info>
</gc-end>
<cycle-end id="963" type="scavenge" contextid="957" timestamp="2019-06-15T03:58:15.271" />
  <attribute name="elasticGC enabled" value="1" />
  <attribute name= "numThreadsSpecified" value="4" />
  <attribute name="heapSize specified" value="8519680" />
  <attribute name="Current GC Util" value="16" />
  <attribute name= "Current Time Running" value="1774" />
  <attribute name ="GC Interval" value="200" />
  <attribute name="ProportionalT" value="-2.000000" />
  <attribute name="ProportionalI" value="-2.000000" />
  <attribute name="ProportionalH" value="-2.000000" />
  <attribute name="Current Error" value="-4.000000" />
  <attribute name="IntegralT" value="-32.000000" />
  <attribute name="IntegralI" value="-32.000000" />
  <attribute name="IntegralH" value="-32.000000" />
  <attribute name="DerivativeT" value="-9.562500" />
  <attribute name="DerivativeI" value="-9.562500" />
  <attribute name="DerivativeH" value="-9.562500" />
  <attribute name="Loop Time for DT" value="8.000000" />
  <attribute name="Output H" value="2092630016"/>
  <attribute name="Output I" value="200"/>
  <attribute name="Output T" value="4"/>
  <attribute name="Target GC Util Change" value ="20.000000" />
  <attribute name="Current GC Util Change" value="16.000000"/>
  <attribute name="GC Util currently" value="16" />
  <attribute name="CPU Util currently" value="621441126624" />
<allocation-satisfied id="964" threadId="0000000002529000" bytesRequested="40" />
<af-end id="965" timestamp="2019-06-15T03:58:15.271" threadId="0000000002529988" success="true" from="nursery"/>
<exclusive-end id="966" timestamp="2019-06-15T03:58:15.271" durationms="3.039" />

<exclusive-start id="967" timestamp="2019-06-15T03:58:15.274" intervalms="6.713">
  <response-info timems="0.032" idlems="0.032" threads="0" lastid="0000000002529000" lastname="PmdThread 4" />
</exclusive-start>
<af-start id="968" threadId="0000000002529988" totalBytesRequested="816" timestamp="2019-06-15T03:58:15.275" intervalms="6.713" type="nursery" />
<cycle-start id="969" type="scavenge" contextid="0" timestamp="2019-06-15T03:58:15.275" intervalms="6.713" />
<gc-start id="970" type="scavenge" contextid="969" timestamp="2019-06-15T03:58:15.275">
  <mem-info id="971" free="2081488568" total="2092630016" percent="99">
    <mem type="nursery" free="0" total="2228224" percent="0">
      <mem type="allocate" free="0" total="1572864" percent="0" />
      <mem type="survivor" free="0" total="655360" percent="0" />
    </mem>
    <mem type="tenure" free="2081488568" total="2090401792" percent="99">
      <mem type="soa" free="1976968888" total="1985882112" percent="99" />
      <mem type="loa" free="104519680" total="104519680" percent="100" />
    </mem>
    <remembered-set count="270" />
  </mem-info>
</gc-start>
<allocation-stats totalBytes="1069656" >
  <allocated-bytes non-tlh="40" tlh="1069616" />
  <largest-consumer threadName="PmdThread 1" threadId="0000000002519C00" bytes="441776" />
</allocation-stats>
<gc-op id="972" type="scavenge" timems="1.994" contextid="969" timestamp="2019-06-15T03:58:15.277">
  <scavenger-info tenureage="1" tenuremask="7ffe" tiltratio="70" />
  <memory-copied type="nursery" objects="2043" bytes="204424" bytesdiscarded="180088" />
  <memory-copied type="tenure" objects="4721" bytes="393472" bytesdiscarded="64" />
  <references type="weak" candidates="58" cleared="58" enqueued="58" />
  <references type="phantom" candidates="4" cleared="2" enqueued="2" />
</gc-op>
<gc-end id="973" type="scavenge" contextid="969" durationms="2.343" usertimems="8.000" systemtimems="0.000" timestamp="2019-06-15T03:58:15.277" activeThreads="4">
  <mem-info id="974" free="2082257472" total="2092630016" percent="99">
    <mem type="nursery" free="1188320" total="2228224" percent="53">
      <mem type="allocate" free="1188320" total="1572864" percent="75" />
      <mem type="survivor" free="0" total="655360" percent="0" />
    </mem>
    <mem type="tenure" free="2081069152" total="2090401792" percent="99">
      <mem type="soa" free="1976549472" total="1985882112" percent="99" />
      <mem type="loa" free="104519680" total="104519680" percent="100" />
    </mem>
    <pending-finalizers system="0" default="0" reference="60" classloader="0" />
    <remembered-set count="201" />
  </mem-info>
</gc-end>
<cycle-end id="975" type="scavenge" contextid="969" timestamp="2019-06-15T03:58:15.277" />
  <attribute name="elasticGC enabled" value="1" />
  <attribute name= "numThreadsSpecified" value="4" />
  <attribute name="heapSize specified" value="8519680" />
  <attribute name="Current GC Util" value="70" />
  <attribute name= "Current Time Running" value="1780" />
  <attribute name ="GC Interval" value="344" />
  <attribute name="ProportionalT" value="25.000000" />
  <attribute name="ProportionalI" value="25.000000" />
  <attribute name="ProportionalH" value="25.000000" />
  <attribute name="Current Error" value="50.000000" />
  <attribute name="IntegralT" value="300.000000" />
  <attribute name="IntegralI" value="300.000000" />
  <attribute name="IntegralH" value="300.000000" />
  <attribute name="DerivativeT" value="12.500000" />
  <attribute name="DerivativeI" value="12.500000" />
  <attribute name="DerivativeH" value="12.500000" />
  <attribute name="Loop Time for DT" value="6.000000" />
  <attribute name="Output H" value="8388608"/>
  <attribute name="Output I" value="344"/>
  <attribute name="Output T" value="4"/>
  <attribute name="Target GC Util Change" value ="20.000000" />
  <attribute name="Current GC Util Change" value="70.000000"/>
  <attribute name="GC Util currently" value="70" />
  <attribute name="CPU Util currently" value="686433488747" />
<allocation-satisfied id="976" threadId="0000000002529000" bytesRequested="816" />
<af-end id="977" timestamp="2019-06-15T03:58:15.277" threadId="0000000002529988" success="true" from="nursery"/>
<exclusive-end id="978" timestamp="2019-06-15T03:58:15.277" durationms="2.964" />

<exclusive-start id="979" timestamp="2019-06-15T03:58:15.281" intervalms="6.799">
  <response-info timems="0.073" idlems="0.073" threads="0" lastid="0000000002519C00" lastname="PmdThread 1" />
</exclusive-start>
<af-start id="980" threadId="000000000251A588" totalBytesRequested="24" timestamp="2019-06-15T03:58:15.281" intervalms="6.775" type="nursery" />
<cycle-start id="981" type="scavenge" contextid="0" timestamp="2019-06-15T03:58:15.281" intervalms="6.723" />
<gc-start id="982" type="scavenge" contextid="981" timestamp="2019-06-15T03:58:15.281">
  <mem-info id="983" free="2081069152" total="2092630016" percent="99">
    <mem type="nursery" free="0" total="2228224" percent="0">
      <mem type="allocate" free="0" total="1572864" percent="0" />
      <mem type="survivor" free="0" total="655360" percent="0" />
    </mem>
    <mem type="tenure" free="2081069152" total="2090401792" percent="99">
      <mem type="soa" free="1976549472" total="1985882112" percent="99" />
      <mem type="loa" free="104519680" total="104519680" percent="100" />
    </mem>
    <remembered-set count="244" />
  </mem-info>
</gc-start>
<allocation-stats totalBytes="1186968" >
  <allocated-bytes non-tlh="816" tlh="1186152" />
  <largest-consumer threadName="PmdThread 4" threadId="0000000002529000" bytes="503048" />
</allocation-stats>
<gc-op id="984" type="scavenge" timems="0.530" contextid="981" timestamp="2019-06-15T03:58:15.282">
  <scavenger-info tenureage="1" tenuremask="7ffe" tiltratio="70" />
  <memory-copied type="nursery" objects="3485" bytes="244360" bytesdiscarded="80560" />
  <memory-copied type="tenure" objects="1278" bytes="161680" bytesdiscarded="8" />
  <references type="weak" candidates="43" cleared="43" enqueued="43" />
  <references type="phantom" candidates="4" cleared="3" enqueued="3" />
</gc-op>
<gc-end id="985" type="scavenge" contextid="981" durationms="0.686" usertimems="4.000" systemtimems="0.000" timestamp="2019-06-15T03:58:15.282" activeThreads="4">
  <mem-info id="986" free="2082244840" total="2092630016" percent="99">
    <mem type="nursery" free="1313224" total="2228224" percent="58">
      <mem type="allocate" free="1313224" total="1638400" percent="80" />
      <mem type="survivor" free="0" total="589824" percent="0" />
    </mem>
    <mem type="tenure" free="2080931616" total="2090401792" percent="99">
      <mem type="soa" free="1976411936" total="1985882112" percent="99" />
      <mem type="loa" free="104519680" total="104519680" percent="100" />
    </mem>
    <pending-finalizers system="0" default="0" reference="46" classloader="0" />
    <remembered-set count="204" />
  </mem-info>
</gc-end>
<cycle-end id="987" type="scavenge" contextid="981" timestamp="2019-06-15T03:58:15.282" />
  <attribute name="elasticGC enabled" value="1" />
  <attribute name= "numThreadsSpecified" value="4" />
  <attribute name="heapSize specified" value="8519680" />
  <attribute name="Current GC Util" value="73" />
  <attribute name= "Current Time Running" value="1787" />
  <attribute name ="GC Interval" value="400" />
  <attribute name="ProportionalT" value="26.500000" />
  <attribute name="ProportionalI" value="26.500000" />
  <attribute name="ProportionalH" value="26.500000" />
  <attribute name="Current Error" value="53.000000" />
  <attribute name="IntegralT" value="371.000000" />
  <attribute name="IntegralI" value="371.000000" />
  <attribute name="IntegralH" value="371.000000" />
  <attribute name="DerivativeT" value="0.642857" />
  <attribute name="DerivativeI" value="0.642857" />
  <attribute name="DerivativeH" value="0.642857" />
  <attribute name="Loop Time for DT" value="7.000000" />
  <attribute name="Output H" value="8388608"/>
  <attribute name="Output I" value="400"/>
  <attribute name="Output T" value="4"/>
  <attribute name="Target GC Util Change" value ="20.000000" />
  <attribute name="Current GC Util Change" value="73.000000"/>
  <attribute name="GC Util currently" value="73" />
  <attribute name="CPU Util currently" value="708794882689" />
<allocation-satisfied id="988" threadId="0000000002519C00" bytesRequested="24" />
<af-end id="989" timestamp="2019-06-15T03:58:15.282" threadId="000000000251A588" success="true" from="nursery"/>
<exclusive-end id="990" timestamp="2019-06-15T03:58:15.282" durationms="1.035" />

<exclusive-start id="991" timestamp="2019-06-15T03:58:15.289" intervalms="7.999">
  <response-info timems="0.086" idlems="0.042" threads="2" lastid="0000000002525400" lastname="PmdThread 3" />
</exclusive-start>
<af-start id="992" threadId="000000000251A588" totalBytesRequested="8200" timestamp="2019-06-15T03:58:15.289" intervalms="8.015" type="nursery" />
<cycle-start id="993" type="scavenge" contextid="0" timestamp="2019-06-15T03:58:15.289" intervalms="8.029" />
<gc-start id="994" type="scavenge" contextid="993" timestamp="2019-06-15T03:58:15.289">
  <mem-info id="995" free="2080931616" total="2092630016" percent="99">
    <mem type="nursery" free="0" total="2228224" percent="0">
      <mem type="allocate" free="0" total="1638400" percent="0" />
      <mem type="survivor" free="0" total="589824" percent="0" />
    </mem>
    <mem type="tenure" free="2080931616" total="2090401792" percent="99">
      <mem type="soa" free="1976411936" total="1985882112" percent="99" />
      <mem type="loa" free="104519680" total="104519680" percent="100" />
    </mem>
    <remembered-set count="237" />
  </mem-info>
</gc-start>
<allocation-stats totalBytes="1306976" >
  <allocated-bytes non-tlh="32808" tlh="1274168" />
  <largest-consumer threadName="PmdThread 4" threadId="0000000002529000" bytes="513648" />
</allocation-stats>
<gc-op id="996" type="scavenge" timems="0.533" contextid="993" timestamp="2019-06-15T03:58:15.290">
  <scavenger-info tenureage="1" tenuremask="7ffe" tiltratio="73" />
  <memory-copied type="nursery" objects="2881" bytes="398608" bytesdiscarded="191032" />
  <memory-copied type="tenure" objects="2942" bytes="163336" bytesdiscarded="80" />
  <copy-failed type="nursery" objects="419" bytes="19472" />
  <references type="weak" candidates="33" cleared="33" enqueued="33" />
  <references type="phantom" candidates="6" cleared="4" enqueued="4" />
</gc-op>
<gc-end id="997" type="scavenge" contextid="993" durationms="0.684" usertimems="0.000" systemtimems="4.000" timestamp="2019-06-15T03:58:15.290" activeThreads="4">
  <mem-info id="998" free="2081725192" total="2092630016" percent="99">
    <mem type="nursery" free="983040" total="2228224" percent="44">
      <mem type="allocate" free="983040" total="1572864" percent="62" />
      <mem type="survivor" free="0" total="655360" percent="0" />
    </mem>
    <mem type="tenure" free="2080742152" total="2090401792" percent="99">
      <mem type="soa" free="1976222472" total="1985882112" percent="99" />
      <mem type="loa" free="104519680" total="104519680" percent="100" />
    </mem>
    <pending-finalizers system="0" default="0" reference="37" classloader="0" />
    <remembered-set count="243" />
  </mem-info>
</gc-end>
<cycle-end id="999" type="scavenge" contextid="993" timestamp="2019-06-15T03:58:15.290" />
  <attribute name="elasticGC enabled" value="1" />
  <attribute name= "numThreadsSpecified" value="4" />
  <attribute name="heapSize specified" value="8519680" />
  <attribute name="Current GC Util" value="15" />
  <attribute name= "Current Time Running" value="1795" />
  <attribute name ="GC Interval" value="200" />
  <attribute name="ProportionalT" value="-2.500000" />
  <attribute name="ProportionalI" value="-2.500000" />
  <attribute name="ProportionalH" value="-2.500000" />
  <attribute name="Current Error" value="-5.000000" />
  <attribute name="IntegralT" value="-40.000000" />
  <attribute name="IntegralI" value="-40.000000" />
  <attribute name="IntegralH" value="-40.000000" />
  <attribute name="DerivativeT" value="-10.875000" />
  <attribute name="DerivativeI" value="-10.875000" />
  <attribute name="DerivativeH" value="-10.875000" />
  <attribute name="Loop Time for DT" value="8.000000" />
  <attribute name="Output H" value="2092630016"/>
  <attribute name="Output I" value="200"/>
  <attribute name="Output T" value="4"/>
  <attribute name="Target GC Util Change" value ="20.000000" />
  <attribute name="Current GC Util Change" value="15.000000"/>
  <attribute name="GC Util currently" value="15" />
  <attribute name="CPU Util currently" value="574488031675" />
<allocation-satisfied id="1000" threadId="0000000002519C00" bytesRequested="8200" />
<af-end id="1001" timestamp="2019-06-15T03:58:15.290" threadId="000000000251A588" success="true" from="nursery"/>
<exclusive-end id="1002" timestamp="2019-06-15T03:58:15.290" durationms="1.051" />

<exclusive-start id="1003" timestamp="2019-06-15T03:58:15.297" intervalms="7.374">
  <response-info timems="0.040" idlems="0.040" threads="0" lastid="000000000251D800" lastname="PmdThread 2" />
</exclusive-start>
<af-start id="1004" threadId="000000000251E188" totalBytesRequested="8200" timestamp="2019-06-15T03:58:15.297" intervalms="7.437" type="nursery" />
<cycle-start id="1005" type="scavenge" contextid="0" timestamp="2019-06-15T03:58:15.297" intervalms="7.415" />
<gc-start id="1006" type="scavenge" contextid="1005" timestamp="2019-06-15T03:58:15.297">
  <mem-info id="1007" free="2080742152" total="2092630016" percent="99">
    <mem type="nursery" free="0" total="2228224" percent="0">
      <mem type="allocate" free="0" total="1572864" percent="0" />
      <mem type="survivor" free="0" total="655360" percent="0" />
    </mem>
    <mem type="tenure" free="2080742152" total="2090401792" percent="99">
      <mem type="soa" free="1976222472" total="1985882112" percent="99" />
      <mem type="loa" free="104519680" total="104519680" percent="100" />
    </mem>
    <remembered-set count="267" />
  </mem-info>
</gc-start>
<allocation-stats totalBytes="975200" >
  <allocated-bytes non-tlh="8200" tlh="967000" />
  <largest-consumer threadName="PmdThread 1" threadId="0000000002519C00" bytes="315224" />
</allocation-stats>
<gc-op id="1008" type="scavenge" timems="1.664" contextid="1005" timestamp="2019-06-15T03:58:15.299">
  <scavenger-info tenureage="1" tenuremask="7ffe" tiltratio="70" />
  <memory-copied type="nursery" objects="3609" bytes="229488" bytesdiscarded="46232" />
  <memory-copied type="tenure" objects="2529" bytes="361936" bytesdiscarded="32" />
  <references type="weak" candidates="29" cleared="28" enqueued="28" />
  <references type="phantom" candidates="5" cleared="2" enqueued="2" />
</gc-op>
<gc-end id="1009" type="scavenge" contextid="1005" durationms="2.019" usertimems="0.000" systemtimems="0.000" timestamp="2019-06-15T03:58:15.299" activeThreads="4">
  <mem-info id="1010" free="2081679488" total="2092630016" percent="99">
    <mem type="nursery" free="1296872" total="2228224" percent="58">
      <mem type="allocate" free="1296872" total="1572864" percent="82" />
      <mem type="survivor" free="0" total="655360" percent="0" />
    </mem>
    <mem type="tenure" free="2080382616" total="2090401792" percent="99">
      <mem type="soa" free="1975862936" total="1985882112" percent="99" />
      <mem type="loa" free="104519680" total="104519680" percent="100" />
    </mem>
    <pending-finalizers system="0" default="0" reference="30" classloader="0" />
    <remembered-set count="189" />
  </mem-info>
</gc-end>
<cycle-end id="1011" type="scavenge" contextid="1005" timestamp="2019-06-15T03:58:15.299" />
  <attribute name="elasticGC enabled" value="1" />
  <attribute name= "numThreadsSpecified" value="4" />
  <attribute name="heapSize specified" value="8519680" />
  <attribute name="Current GC Util" value="18" />
  <attribute name= "Current Time Running" value="1802" />
  <attribute name ="GC Interval" value="200" />
  <attribute name="ProportionalT" value="-1.000000" />
  <attribute name="ProportionalI" value="-1.000000" />
  <attribute name="ProportionalH" value="-1.000000" />
  <attribute name="Current Error" value="-2.000000" />
  <attribute name="IntegralT" value="-14.000000" />
  <attribute name="IntegralI" value="-14.000000" />
  <attribute name="IntegralH" value="-14.000000" />
  <attribute name="DerivativeT" value="-0.428571" />
  <attribute name="DerivativeI" value="-0.428571" />
  <attribute name="DerivativeH" value="-0.428571" />
  <attribute name="Loop Time for DT" value="7.000000" />
  <attribute name="Output H" value="2092630016"/>
  <attribute name="Output I" value="200"/>
  <attribute name="Output T" value="4"/>
  <attribute name="Target GC Util Change" value ="20.000000" />
  <attribute name="Current GC Util Change" value="18.000000"/>
  <attribute name="GC Util currently" value="18" />
  <attribute name="CPU Util currently" value="616718765164" />
<allocation-satisfied id="1012" threadId="000000000251D800" bytesRequested="8200" />
<af-end id="1013" timestamp="2019-06-15T03:58:15.299" threadId="000000000251E188" success="true" from="nursery"/>
<exclusive-end id="1014" timestamp="2019-06-15T03:58:15.299" durationms="2.789" />

<exclusive-start id="1015" timestamp="2019-06-15T03:58:15.304" intervalms="7.355">
  <response-info timems="0.026" idlems="0.026" threads="0" lastid="0000000002519C00" lastname="PmdThread 1" />
</exclusive-start>
<af-start id="1016" threadId="000000000251A588" totalBytesRequested="24" timestamp="2019-06-15T03:58:15.304" intervalms="7.286" type="nursery" />
<cycle-start id="1017" type="scavenge" contextid="0" timestamp="2019-06-15T03:58:15.304" intervalms="7.298" />
<gc-start id="1018" type="scavenge" contextid="1017" timestamp="2019-06-15T03:58:15.304">
  <mem-info id="1019" free="2080382616" total="2092630016" percent="99">
    <mem type="nursery" free="0" total="2228224" percent="0">
      <mem type="allocate" free="0" total="1572864" percent="0" />
      <mem type="survivor" free="0" total="655360" percent="0" />
    </mem>
    <mem type="tenure" free="2080382616" total="2090401792" percent="99">
      <mem type="soa" free="1975862936" total="1985882112" percent="99" />
      <mem type="loa" free="104519680" total="104519680" percent="100" />
    </mem>
    <remembered-set count="217" />
  </mem-info>
</gc-start>
<allocation-stats totalBytes="1294936" >
  <allocated-bytes non-tlh="40984" tlh="1253952" />
  <largest-consumer threadName="PmdThread 1" threadId="0000000002519C00" bytes="591040" />
</allocation-stats>
<gc-op id="1020" type="scavenge" timems="0.567" contextid="1017" timestamp="2019-06-15T03:58:15.305">
  <scavenger-info tenureage="1" tenuremask="7ffe" tiltratio="70" />
  <memory-copied type="nursery" objects="3100" bytes="328568" bytesdiscarded="158480" />
  <memory-copied type="tenure" objects="3473" bytes="201496" bytesdiscarded="160" />
  <references type="weak" candidates="56" cleared="56" enqueued="56" />
  <references type="phantom" candidates="2" cleared="2" enqueued="2" />
</gc-op>
<gc-end id="1021" type="scavenge" contextid="1017" durationms="0.720" usertimems="0.000" systemtimems="0.000" timestamp="2019-06-15T03:58:15.305" activeThreads="4">
  <mem-info id="1022" free="2081321792" total="2092630016" percent="99">
    <mem type="nursery" free="1151168" total="2228224" percent="51">
      <mem type="allocate" free="1151168" total="1638400" percent="70" />
      <mem type="survivor" free="0" total="589824" percent="0" />
    </mem>
    <mem type="tenure" free="2080170624" total="2090401792" percent="99">
      <mem type="soa" free="1975650944" total="1985882112" percent="99" />
      <mem type="loa" free="104519680" total="104519680" percent="100" />
    </mem>
    <pending-finalizers system="0" default="0" reference="58" classloader="0" />
    <remembered-set count="143" />
  </mem-info>
</gc-end>
<cycle-end id="1023" type="scavenge" contextid="1017" timestamp="2019-06-15T03:58:15.305" />
  <attribute name="elasticGC enabled" value="1" />
  <attribute name= "numThreadsSpecified" value="4" />
  <attribute name="heapSize specified" value="8519680" />
  <attribute name="Current GC Util" value="50" />
  <attribute name= "Current Time Running" value="1810" />
  <attribute name ="GC Interval" value="264" />
  <attribute name="ProportionalT" value="15.000000" />
  <attribute name="ProportionalI" value="15.000000" />
  <attribute name="ProportionalH" value="15.000000" />
  <attribute name="Current Error" value="30.000000" />
  <attribute name="IntegralT" value="240.000000" />
  <attribute name="IntegralI" value="240.000000" />
  <attribute name="IntegralH" value="240.000000" />
  <attribute name="DerivativeT" value="5.625000" />
  <attribute name="DerivativeI" value="5.625000" />
  <attribute name="DerivativeH" value="5.625000" />
  <attribute name="Loop Time for DT" value="8.000000" />
  <attribute name="Output H" value="8388608"/>
  <attribute name="Output I" value="264"/>
  <attribute name="Output T" value="4"/>
  <attribute name="Target GC Util Change" value ="20.000000" />
  <attribute name="Current GC Util Change" value="50.000000"/>
  <attribute name="GC Util currently" value="50" />
  <attribute name="CPU Util currently" value="637232764214" />
<allocation-satisfied id="1024" threadId="0000000002519C00" bytesRequested="24" />
<af-end id="1025" timestamp="2019-06-15T03:58:15.305" threadId="000000000251A588" success="true" from="nursery"/>
<exclusive-end id="1026" timestamp="2019-06-15T03:58:15.305" durationms="1.091" />

<exclusive-start id="1027" timestamp="2019-06-15T03:58:15.309" intervalms="5.412">
  <response-info timems="0.030" idlems="0.030" threads="0" lastid="0000000002529000" lastname="PmdThread 4" />
</exclusive-start>
<af-start id="1028" threadId="0000000002529988" totalBytesRequested="8200" timestamp="2019-06-15T03:58:15.310" intervalms="5.422" type="nursery" />
<cycle-start id="1029" type="scavenge" contextid="0" timestamp="2019-06-15T03:58:15.310" intervalms="5.435" />
<gc-start id="1030" type="scavenge" contextid="1029" timestamp="2019-06-15T03:58:15.310">
  <mem-info id="1031" free="2080170624" total="2092630016" percent="99">
    <mem type="nursery" free="0" total="2228224" percent="0">
      <mem type="allocate" free="0" total="1638400" percent="0" />
      <mem type="survivor" free="0" total="589824" percent="0" />
    </mem>
    <mem type="tenure" free="2080170624" total="2090401792" percent="99">
      <mem type="soa" free="1975650944" total="1985882112" percent="99" />
      <mem type="loa" free="104519680" total="104519680" percent="100" />
    </mem>
    <remembered-set count="179" />
  </mem-info>
</gc-start>
<allocation-stats totalBytes="1146720" >
  <allocated-bytes non-tlh="24" tlh="1146696" />
  <largest-consumer threadName="PmdThread 3" threadId="0000000002525400" bytes="356256" />
</allocation-stats>
<gc-op id="1032" type="scavenge" timems="1.254" contextid="1029" timestamp="2019-06-15T03:58:15.311">
  <scavenger-info tenureage="1" tenuremask="7ffe" tiltratio="73" />
  <memory-copied type="nursery" objects="3580" bytes="428360" bytesdiscarded="161168" />
  <memory-copied type="tenure" objects="1202" bytes="88784" bytesdiscarded="8" />
  <copy-failed type="nursery" objects="289" bytes="9520" />
  <references type="weak" candidates="31" cleared="31" enqueued="31" />
  <references type="phantom" candidates="7" cleared="5" enqueued="5" />
</gc-op>
<gc-end id="1033" type="scavenge" contextid="1029" durationms="1.452" usertimems="0.000" systemtimems="4.000" timestamp="2019-06-15T03:58:15.311" activeThreads="4">
  <mem-info id="1034" free="2081050736" total="2092630016" percent="99">
    <mem type="nursery" free="983040" total="2228224" percent="44">
      <mem type="allocate" free="983040" total="1572864" percent="62" />
      <mem type="survivor" free="0" total="655360" percent="0" />
    </mem>
    <mem type="tenure" free="2080067696" total="2090401792" percent="99">
      <mem type="soa" free="1975548016" total="1985882112" percent="99" />
      <mem type="loa" free="104519680" total="104519680" percent="100" />
    </mem>
    <pending-finalizers system="0" default="0" reference="36" classloader="0" />
    <remembered-set count="237" />
  </mem-info>
</gc-end>
<cycle-end id="1035" type="scavenge" contextid="1029" timestamp="2019-06-15T03:58:15.311" />
  <attribute name="elasticGC enabled" value="1" />
  <attribute name= "numThreadsSpecified" value="4" />
  <attribute name="heapSize specified" value="8519680" />
  <attribute name="Current GC Util" value="25" />
  <attribute name= "Current Time Running" value="1815" />
  <attribute name ="GC Interval" value="200" />
  <attribute name="ProportionalT" value="2.500000" />
  <attribute name="ProportionalI" value="2.500000" />
  <attribute name="ProportionalH" value="2.500000" />
  <attribute name="Current Error" value="5.000000" />
  <attribute name="IntegralT" value="25.000000" />
  <attribute name="IntegralI" value="25.000000" />
  <attribute name="IntegralH" value="25.000000" />
  <attribute name="DerivativeT" value="-7.500000" />
  <attribute name="DerivativeI" value="-7.500000" />
  <attribute name="DerivativeH" value="-7.500000" />
  <attribute name="Loop Time for DT" value="5.000000" />
  <attribute name="Output H" value="8388608"/>
  <attribute name="Output I" value="200"/>
  <attribute name="Output T" value="4"/>
  <attribute name="Target GC Util Change" value ="20.000000" />
  <attribute name="Current GC Util Change" value="25.000000"/>
  <attribute name="GC Util currently" value="25" />
  <attribute name="CPU Util currently" value="842652294092" />
<allocation-satisfied id="1036" threadId="0000000002529000" bytesRequested="8200" />
<af-end id="1037" timestamp="2019-06-15T03:58:15.311" threadId="0000000002529988" success="true" from="nursery"/>
<exclusive-end id="1038" timestamp="2019-06-15T03:58:15.312" durationms="2.080" />

<exclusive-start id="1039" timestamp="2019-06-15T03:58:15.317" intervalms="7.377">
  <response-info timems="0.098" idlems="0.051" threads="3" lastid="0000000002529000" lastname="PmdThread 4" />
</exclusive-start>
<af-start id="1040" threadId="000000000251E188" totalBytesRequested="56" timestamp="2019-06-15T03:58:15.317" intervalms="7.362" type="nursery" />
<cycle-start id="1041" type="scavenge" contextid="0" timestamp="2019-06-15T03:58:15.317" intervalms="7.389" />
<gc-start id="1042" type="scavenge" contextid="1041" timestamp="2019-06-15T03:58:15.317">
  <mem-info id="1043" free="2080067696" total="2092630016" percent="99">
    <mem type="nursery" free="0" total="2228224" percent="0">
      <mem type="allocate" free="0" total="1572864" percent="0" />
      <mem type="survivor" free="0" total="655360" percent="0" />
    </mem>
    <mem type="tenure" free="2080067696" total="2090401792" percent="99">
      <mem type="soa" free="1975548016" total="1985882112" percent="99" />
      <mem type="loa" free="104519680" total="104519680" percent="100" />
    </mem>
    <remembered-set count="252" />
  </mem-info>
</gc-start>
<allocation-stats totalBytes="972368" >
  <allocated-bytes non-tlh="8200" tlh="964168" />
  <largest-consumer threadName="PmdThread 2" threadId="000000000251D800" bytes="306936" />
</allocation-stats>
<gc-op id="1044" type="scavenge" timems="0.494" contextid="1041" timestamp="2019-06-15T03:58:15.318">
  <scavenger-info tenureage="1" tenuremask="7ffe" tiltratio="70" />
  <memory-copied type="nursery" objects="3514" bytes="305056" bytesdiscarded="196032" />
  <memory-copied type="tenure" objects="2470" bytes="312320" bytesdiscarded="8" />
  <references type="weak" candidates="44" cleared="44" enqueued="44" />
  <references type="phantom" candidates="4" cleared="4" enqueued="4" />
</gc-op>
<gc-end id="1045" type="scavenge" contextid="1041" durationms="0.647" usertimems="0.000" systemtimems="0.000" timestamp="2019-06-15T03:58:15.318" activeThreads="4">
  <mem-info id="1046" free="2080874240" total="2092630016" percent="99">
    <mem type="nursery" free="1137096" total="2228224" percent="51">
      <mem type="allocate" free="1137096" total="1638400" percent="69" />
      <mem type="survivor" free="0" total="589824" percent="0" />
    </mem>
    <mem type="tenure" free="2079737144" total="2090401792" percent="99">
      <mem type="soa" free="1975217464" total="1985882112" percent="99" />
      <mem type="loa" free="104519680" total="104519680" percent="100" />
    </mem>
    <pending-finalizers system="0" default="0" reference="48" classloader="0" />
    <remembered-set count="222" />
  </mem-info>
</gc-end>
<cycle-end id="1047" type="scavenge" contextid="1041" timestamp="2019-06-15T03:58:15.318" />
  <attribute name="elasticGC enabled" value="1" />
  <attribute name= "numThreadsSpecified" value="4" />
  <attribute name="heapSize specified" value="8519680" />
  <attribute name="Current GC Util" value="41" />
  <attribute name= "Current Time Running" value="1822" />
  <attribute name ="GC Interval" value="200" />
  <attribute name="ProportionalT" value="10.500000" />
  <attribute name="ProportionalI" value="10.500000" />
  <attribute name="ProportionalH" value="10.500000" />
  <attribute name="Current Error" value="21.000000" />
  <attribute name="IntegralT" value="147.000000" />
  <attribute name="IntegralI" value="147.000000" />
  <attribute name="IntegralH" value="147.000000" />
  <attribute name="DerivativeT" value="3.428571" />
  <attribute name="DerivativeI" value="3.428571" />
  <attribute name="DerivativeH" value="3.428571" />
  <attribute name="Loop Time for DT" value="7.000000" />
  <attribute name="Output H" value="8388608"/>
  <attribute name="Output I" value="200"/>
  <attribute name="Output T" value="4"/>
  <attribute name="Target GC Util Change" value ="20.000000" />
  <attribute name="Current GC Util Change" value="41.000000"/>
  <attribute name="GC Util currently" value="41" />
  <attribute name="CPU Util currently" value="627338619501" />
<allocation-satisfied id="1048" threadId="000000000251D800" bytesRequested="56" />
<af-end id="1049" timestamp="2019-06-15T03:58:15.318" threadId="000000000251E188" success="true" from="nursery"/>
<exclusive-end id="1050" timestamp="2019-06-15T03:58:15.318" durationms="1.116" />

<exclusive-start id="1051" timestamp="2019-06-15T03:58:15.324" intervalms="7.391">
  <response-info timems="0.031" idlems="0.031" threads="0" lastid="0000000002525400" lastname="PmdThread 3" />
</exclusive-start>
<af-start id="1052" threadId="0000000002525D88" totalBytesRequested="8200" timestamp="2019-06-15T03:58:15.324" intervalms="7.406" type="nursery" />
<cycle-start id="1053" type="scavenge" contextid="0" timestamp="2019-06-15T03:58:15.324" intervalms="7.378" />
<gc-start id="1054" type="scavenge" contextid="1053" timestamp="2019-06-15T03:58:15.324">
  <mem-info id="1055" free="2079736552" total="2092630016" percent="99">
    <mem type="nursery" free="0" total="2228224" percent="0">
      <mem type="allocate" free="0" total="1638400" percent="0" />
      <mem type="survivor" free="0" total="589824" percent="0" />
    </mem>
    <mem type="tenure" free="2079736552" total="2090401792" percent="99">
      <mem type="soa" free="1975216872" total="1985882112" percent="99" />
      <mem type="loa" free="104519680" total="104519680" percent="100" />
    </mem>
    <remembered-set count="267" />
  </mem-info>
</gc-start>
<allocation-stats totalBytes="1121304" >
  <allocated-bytes non-tlh="648" tlh="1120656" />
  <largest-consumer threadName="PmdThread 4" threadId="0000000002529000" bytes="391080" />
</allocation-stats>
<gc-op id="1056" type="scavenge" timems="1.987" contextid="1053" timestamp="2019-06-15T03:58:15.326">
  <scavenger-info tenureage="1" tenuremask="7ffe" tiltratio="73" />
  <memory-copied type="nursery" objects="3401" bytes="371864" bytesdiscarded="142152" />
  <memory-copied type="tenure" objects="1340" bytes="108032" bytesdiscarded="8" />
  <references type="weak" candidates="33" cleared="33" enqueued="33" />
  <references type="phantom" candidates="6" cleared="4" enqueued="4" />
</gc-op>
<gc-end id="1057" type="scavenge" contextid="1053" durationms="2.327" usertimems="4.000" systemtimems="0.000" timestamp="2019-06-15T03:58:15.327" activeThreads="4">
  <mem-info id="1058" free="2080749424" total="2092630016" percent="99">
    <mem type="nursery" free="1124000" total="2228224" percent="50">
      <mem type="allocate" free="1124000" total="1638400" percent="68" />
      <mem type="survivor" free="0" total="589824" percent="0" />
    </mem>
    <mem type="tenure" free="2079625424" total="2090401792" percent="99">
      <mem type="soa" free="1975105744" total="1985882112" percent="99" />
      <mem type="loa" free="104519680" total="104519680" percent="100" />
    </mem>
    <pending-finalizers system="0" default="0" reference="37" classloader="0" />
    <remembered-set count="175" />
  </mem-info>
</gc-end>
<cycle-end id="1059" type="scavenge" contextid="1053" timestamp="2019-06-15T03:58:15.327" />
  <attribute name="elasticGC enabled" value="1" />
  <attribute name= "numThreadsSpecified" value="4" />
  <attribute name="heapSize specified" value="8519680" />
  <attribute name="Current GC Util" value="18" />
  <attribute name= "Current Time Running" value="1830" />
  <attribute name ="GC Interval" value="200" />
  <attribute name="ProportionalT" value="-1.000000" />
  <attribute name="ProportionalI" value="-1.000000" />
  <attribute name="ProportionalH" value="-1.000000" />
  <attribute name="Current Error" value="-2.000000" />
  <attribute name="IntegralT" value="-16.000000" />
  <attribute name="IntegralI" value="-16.000000" />
  <attribute name="IntegralH" value="-16.000000" />
  <attribute name="DerivativeT" value="-4.312500" />
  <attribute name="DerivativeI" value="-4.312500" />
  <attribute name="DerivativeH" value="-4.312500" />
  <attribute name="Loop Time for DT" value="8.000000" />
  <attribute name="Output H" value="2092630016"/>
  <attribute name="Output I" value="200"/>
  <attribute name="Output T" value="4"/>
  <attribute name="Target GC Util Change" value ="20.000000" />
  <attribute name="Current GC Util Change" value="18.000000"/>
  <attribute name="GC Util currently" value="18" />
  <attribute name="CPU Util currently" value="621883679889" />
<allocation-satisfied id="1060" threadId="0000000002525400" bytesRequested="8200" />
<af-end id="1061" timestamp="2019-06-15T03:58:15.327" threadId="0000000002525D88" success="true" from="nursery"/>
<exclusive-end id="1062" timestamp="2019-06-15T03:58:15.327" durationms="2.947" />

<exclusive-start id="1063" timestamp="2019-06-15T03:58:15.333" intervalms="9.269">
  <response-info timems="0.048" idlems="0.026" threads="1" lastid="000000000251D800" lastname="PmdThread 2" />
</exclusive-start>
<af-start id="1064" threadId="000000000251A588" totalBytesRequested="24" timestamp="2019-06-15T03:58:15.334" intervalms="9.254" type="nursery" />
<cycle-start id="1065" type="scavenge" contextid="0" timestamp="2019-06-15T03:58:15.334" intervalms="9.240" />
<gc-start id="1066" type="scavenge" contextid="1065" timestamp="2019-06-15T03:58:15.334">
  <mem-info id="1067" free="2079625424" total="2092630016" percent="99">
    <mem type="nursery" free="0" total="2228224" percent="0">
      <mem type="allocate" free="0" total="1638400" percent="0" />
      <mem type="survivor" free="0" total="589824" percent="0" />
    </mem>
    <mem type="tenure" free="2079625424" total="2090401792" percent="99">
      <mem type="soa" free="1975105744" total="1985882112" percent="99" />
      <mem type="loa" free="104519680" total="104519680" percent="100" />
    </mem>
    <remembered-set count="196" />
  </mem-info>
</gc-start>
<allocation-stats totalBytes="1123624" >
  <allocated-bytes non-tlh="40984" tlh="1082640" />
  <largest-consumer threadName="PmdThread 4" threadId="0000000002529000" bytes="546272" />
</allocation-stats>
<gc-op id="1068" type="scavenge" timems="0.481" contextid="1065" timestamp="2019-06-15T03:58:15.334">
  <scavenger-info tenureage="1" tenuremask="7ffe" tiltratio="73" />
  <memory-copied type="nursery" objects="3645" bytes="364784" bytesdiscarded="101848" />
  <memory-copied type="tenure" objects="850" bytes="94176" bytesdiscarded="0" />
  <references type="weak" candidates="34" cleared="34" enqueued="34" />
  <references type="phantom" candidates="5" cleared="4" enqueued="4" />
</gc-op>
<gc-end id="1069" type="scavenge" contextid="1065" durationms="0.632" usertimems="4.000" systemtimems="0.000" timestamp="2019-06-15T03:58:15.334" activeThreads="4">
  <mem-info id="1070" free="2080704344" total="2092630016" percent="99">
    <mem type="nursery" free="1236912" total="2228224" percent="55">
      <mem type="allocate" free="1236912" total="1703936" percent="72" />
      <mem type="survivor" free="0" total="524288" percent="0" />
    </mem>
    <mem type="tenure" free="2079467432" total="2090401792" percent="99">
      <mem type="soa" free="1974947752" total="1985882112" percent="99" />
      <mem type="loa" free="104519680" total="104519680" percent="100" />
    </mem>
    <pending-finalizers system="0" default="0" reference="38" classloader="0" />
    <remembered-set count="180" />
  </mem-info>
</gc-end>
<cycle-end id="1071" type="scavenge" contextid="1065" timestamp="2019-06-15T03:58:15.334" />
  <attribute name="elasticGC enabled" value="1" />
  <attribute name= "numThreadsSpecified" value="4" />
  <attribute name="heapSize specified" value="8519680" />
  <attribute name="Current GC Util" value="46" />
  <attribute name= "Current Time Running" value="1839" />
  <attribute name ="GC Interval" value="256" />
  <attribute name="ProportionalT" value="13.000000" />
  <attribute name="ProportionalI" value="13.000000" />
  <attribute name="ProportionalH" value="13.000000" />
  <attribute name="Current Error" value="26.000000" />
  <attribute name="IntegralT" value="234.000000" />
  <attribute name="IntegralI" value="234.000000" />
  <attribute name="IntegralH" value="234.000000" />
  <attribute name="DerivativeT" value="4.333333" />
  <attribute name="DerivativeI" value="4.333333" />
  <attribute name="DerivativeH" value="4.333333" />
  <attribute name="Loop Time for DT" value="9.000000" />
  <attribute name="Output H" value="8388608"/>
  <attribute name="Output I" value="256"/>
  <attribute name="Output T" value="4"/>
  <attribute name="Target GC Util Change" value ="20.000000" />
  <attribute name="Current GC Util Change" value="46.000000"/>
  <attribute name="GC Util currently" value="46" />
  <attribute name="CPU Util currently" value="501256924652" />
<allocation-satisfied id="1072" threadId="0000000002519C00" bytesRequested="24" />
<af-end id="1073" timestamp="2019-06-15T03:58:15.334" threadId="000000000251A588" success="true" from="nursery"/>
<exclusive-end id="1074" timestamp="2019-06-15T03:58:15.334" durationms="0.992" />

<exclusive-start id="1075" timestamp="2019-06-15T03:58:15.339" intervalms="5.703">
  <response-info timems="0.033" idlems="0.033" threads="0" lastid="0000000002529000" lastname="PmdThread 4" />
</exclusive-start>
<af-start id="1076" threadId="0000000002529988" totalBytesRequested="8200" timestamp="2019-06-15T03:58:15.339" intervalms="5.715" type="nursery" />
<cycle-start id="1077" type="scavenge" contextid="0" timestamp="2019-06-15T03:58:15.339" intervalms="5.729" />
<gc-start id="1078" type="scavenge" contextid="1077" timestamp="2019-06-15T03:58:15.339">
  <mem-info id="1079" free="2079467432" total="2092630016" percent="99">
    <mem type="nursery" free="0" total="2228224" percent="0">
      <mem type="allocate" free="0" total="1703936" percent="0" />
      <mem type="survivor" free="0" total="524288" percent="0" />
    </mem>
    <mem type="tenure" free="2079467432" total="2090401792" percent="99">
      <mem type="soa" free="1974947752" total="1985882112" percent="99" />
      <mem type="loa" free="104519680" total="104519680" percent="100" />
    </mem>
    <remembered-set count="216" />
  </mem-info>
</gc-start>
<allocation-stats totalBytes="1222976" >
  <allocated-bytes non-tlh="32808" tlh="1190168" />
  <largest-consumer threadName="PmdThread 3" threadId="0000000002525400" bytes="523304" />
</allocation-stats>
<gc-op id="1080" type="scavenge" timems="1.013" contextid="1077" timestamp="2019-06-15T03:58:15.340">
  <scavenger-info tenureage="1" tenuremask="7ffe" tiltratio="76" />
  <memory-copied type="nursery" objects="3617" bytes="378192" bytesdiscarded="3216" />
  <memory-copied type="tenure" objects="1968" bytes="236568" bytesdiscarded="24" />
  <references type="weak" candidates="27" cleared="26" enqueued="26" />
  <references type="phantom" candidates="6" cleared="4" enqueued="4" />
</gc-op>
<gc-end id="1081" type="scavenge" contextid="1077" durationms="1.210" usertimems="0.000" systemtimems="0.000" timestamp="2019-06-15T03:58:15.341" activeThreads="1">
  <mem-info id="1082" free="2080524912" total="2092630016" percent="99">
    <mem type="nursery" free="1322208" total="2228224" percent="59">
      <mem type="allocate" free="1322208" total="1703936" percent="77" />
      <mem type="survivor" free="0" total="524288" percent="0" />
    </mem>
    <mem type="tenure" free="2079202704" total="2090401792" percent="99">
      <mem type="soa" free="1974683024" total="1985882112" percent="99" />
      <mem type="loa" free="104519680" total="104519680" percent="100" />
    </mem>
    <pending-finalizers system="0" default="0" reference="30" classloader="0" />
    <remembered-set count="229" />
  </mem-info>
</gc-end>
<cycle-end id="1083" type="scavenge" contextid="1077" timestamp="2019-06-15T03:58:15.341" />
  <attribute name="elasticGC enabled" value="1" />
  <attribute name= "numThreadsSpecified" value="1" />
  <attribute name="heapSize specified" value="8519680" />
  <attribute name="Current GC Util" value="20" />
  <attribute name= "Current Time Running" value="1845" />
  <attribute name ="GC Interval" value="200" />
  <attribute name="ProportionalT" value="0.000000" />
  <attribute name="ProportionalI" value="0.000000" />
  <attribute name="ProportionalH" value="0.000000" />
  <attribute name="Current Error" value="0.000000" />
  <attribute name="IntegralT" value="0.000000" />
  <attribute name="IntegralI" value="0.000000" />
  <attribute name="IntegralH" value="0.000000" />
  <attribute name="DerivativeT" value="-6.500000" />
  <attribute name="DerivativeI" value="-6.500000" />
  <attribute name="DerivativeH" value="-6.500000" />
  <attribute name="Loop Time for DT" value="6.000000" />
  <attribute name="Output H" value="8388608"/>
  <attribute name="Output I" value="200"/>
  <attribute name="Output T" value="1"/>
  <attribute name="Target GC Util Change" value ="20.000000" />
  <attribute name="Current GC Util Change" value="20.000000"/>
  <attribute name="GC Util currently" value="20" />
  <attribute name="CPU Util currently" value="799734816309" />
<allocation-satisfied id="1084" threadId="0000000002529000" bytesRequested="8200" />
<af-end id="1085" timestamp="2019-06-15T03:58:15.341" threadId="0000000002529988" success="true" from="nursery"/>
<exclusive-end id="1086" timestamp="2019-06-15T03:58:15.341" durationms="1.769" />

<exclusive-start id="1087" timestamp="2019-06-15T03:58:15.346" intervalms="7.084">
  <response-info timems="0.051" idlems="0.031" threads="1" lastid="0000000002519C00" lastname="PmdThread 1" />
</exclusive-start>
<af-start id="1088" threadId="0000000002529988" totalBytesRequested="8200" timestamp="2019-06-15T03:58:15.346" intervalms="7.076" type="nursery" />
<cycle-start id="1089" type="scavenge" contextid="0" timestamp="2019-06-15T03:58:15.346" intervalms="7.073" />
<gc-start id="1090" type="scavenge" contextid="1089" timestamp="2019-06-15T03:58:15.346">
  <mem-info id="1091" free="2079202704" total="2092630016" percent="99">
    <mem type="nursery" free="0" total="2228224" percent="0">
      <mem type="allocate" free="0" total="1703936" percent="0" />
      <mem type="survivor" free="0" total="524288" percent="0" />
    </mem>
    <mem type="tenure" free="2079202704" total="2090401792" percent="99">
      <mem type="soa" free="1974683024" total="1985882112" percent="99" />
      <mem type="loa" free="104519680" total="104519680" percent="100" />
    </mem>
    <remembered-set count="267" />
  </mem-info>
</gc-start>
<allocation-stats totalBytes="1320848" >
  <allocated-bytes non-tlh="8200" tlh="1312648" />
  <largest-consumer threadName="PmdThread 4" threadId="0000000002529000" bytes="420328" />
</allocation-stats>
<gc-op id="1092" type="scavenge" timems="1.435" contextid="1089" timestamp="2019-06-15T03:58:15.348">
  <scavenger-info tenureage="1" tenuremask="7ffe" tiltratio="76" />
  <memory-copied type="nursery" objects="2560" bytes="321400" bytesdiscarded="67024" />
  <memory-copied type="tenure" objects="1652" bytes="112936" bytesdiscarded="24" />
  <references type="weak" candidates="47" cleared="47" enqueued="47" />
  <references type="phantom" candidates="7" cleared="5" enqueued="5" />
</gc-op>
<gc-end id="1093" type="scavenge" contextid="1089" durationms="1.637" usertimems="4.000" systemtimems="0.000" timestamp="2019-06-15T03:58:15.348" activeThreads="4">
  <mem-info id="1094" free="2080454176" total="2092630016" percent="99">
    <mem type="nursery" free="1315232" total="2228224" percent="59">
      <mem type="allocate" free="1315232" total="1703936" percent="77" />
      <mem type="survivor" free="0" total="524288" percent="0" />
    </mem>
    <mem type="tenure" free="2079138944" total="2090401792" percent="99">
      <mem type="soa" free="1974619264" total="1985882112" percent="99" />
      <mem type="loa" free="104519680" total="104519680" percent="100" />
    </mem>
    <pending-finalizers system="0" default="0" reference="52" classloader="0" />
    <remembered-set count="151" />
  </mem-info>
</gc-end>
<cycle-end id="1095" type="scavenge" contextid="1089" timestamp="2019-06-15T03:58:15.348" />
  <attribute name="elasticGC enabled" value="1" />
  <attribute name= "numThreadsSpecified" value="4" />
  <attribute name="heapSize specified" value="8519680" />
  <attribute name="Current GC Util" value="15" />
  <attribute name= "Current Time Running" value="1852" />
  <attribute name ="GC Interval" value="200" />
  <attribute name="ProportionalT" value="-2.500000" />
  <attribute name="ProportionalI" value="-2.500000" />
  <attribute name="ProportionalH" value="-2.500000" />
  <attribute name="Current Error" value="-5.000000" />
  <attribute name="IntegralT" value="-35.000000" />
  <attribute name="IntegralI" value="-35.000000" />
  <attribute name="IntegralH" value="-35.000000" />
  <attribute name="DerivativeT" value="-1.071429" />
  <attribute name="DerivativeI" value="-1.071429" />
  <attribute name="DerivativeH" value="-1.071429" />
  <attribute name="Loop Time for DT" value="7.000000" />
  <attribute name="Output H" value="2092630016"/>
  <attribute name="Output I" value="200"/>
  <attribute name="Output T" value="4"/>
  <attribute name="Target GC Util Change" value ="20.000000" />
  <attribute name="Current GC Util Change" value="15.000000"/>
  <attribute name="GC Util currently" value="15" />
  <attribute name="CPU Util currently" value="654201290026" />
<allocation-satisfied id="1096" threadId="0000000002529000" bytesRequested="8200" />
<af-end id="1097" timestamp="2019-06-15T03:58:15.348" threadId="0000000002529988" success="true" from="nursery"/>
<exclusive-end id="1098" timestamp="2019-06-15T03:58:15.349" durationms="2.269" />

<exclusive-start id="1099" timestamp="2019-06-15T03:58:15.355" intervalms="8.746">
  <response-info timems="0.040" idlems="0.040" threads="0" lastid="0000000002525400" lastname="PmdThread 3" />
</exclusive-start>
<af-start id="1100" threadId="0000000002525D88" totalBytesRequested="32" timestamp="2019-06-15T03:58:15.355" intervalms="8.798" type="nursery" />
<cycle-start id="1101" type="scavenge" contextid="0" timestamp="2019-06-15T03:58:15.355" intervalms="8.863" />
<gc-start id="1102" type="scavenge" contextid="1101" timestamp="2019-06-15T03:58:15.355">
  <mem-info id="1103" free="2079138944" total="2092630016" percent="99">
    <mem type="nursery" free="0" total="2228224" percent="0">
      <mem type="allocate" free="0" total="1703936" percent="0" />
      <mem type="survivor" free="0" total="524288" percent="0" />
    </mem>
    <mem type="tenure" free="2079138944" total="2090401792" percent="99">
      <mem type="soa" free="1974619264" total="1985882112" percent="99" />
      <mem type="loa" free="104519680" total="104519680" percent="100" />
    </mem>
    <remembered-set count="183" />
  </mem-info>
</gc-start>
<allocation-stats totalBytes="1303192" >
  <allocated-bytes non-tlh="8200" tlh="1294992" />
  <largest-consumer threadName="PmdThread 4" threadId="0000000002529000" bytes="456120" />
</allocation-stats>
<gc-op id="1104" type="scavenge" timems="1.174" contextid="1101" timestamp="2019-06-15T03:58:15.357">
  <scavenger-info tenureage="1" tenuremask="7ffe" tiltratio="76" />
  <memory-copied type="nursery" objects="3607" bytes="417664" bytesdiscarded="106256" />
  <memory-copied type="tenure" objects="1247" bytes="109392" bytesdiscarded="120" />
  <copy-failed type="nursery" objects="1045" bytes="103128" />
  <references type="weak" candidates="27" cleared="27" enqueued="27" />
  <references type="phantom" candidates="10" cleared="7" enqueued="7" />
</gc-op>
<gc-end id="1105" type="scavenge" contextid="1101" durationms="1.530" usertimems="4.000" systemtimems="0.000" timestamp="2019-06-15T03:58:15.357" activeThreads="4">
  <mem-info id="1106" free="2079945320" total="2092630016" percent="99">
    <mem type="nursery" free="917504" total="2228224" percent="41">
      <mem type="allocate" free="917504" total="1441792" percent="63" />
      <mem type="survivor" free="0" total="786432" percent="0" />
    </mem>
    <mem type="tenure" free="2079027816" total="2090401792" percent="99">
      <mem type="soa" free="1974508136" total="1985882112" percent="99" />
      <mem type="loa" free="104519680" total="104519680" percent="100" />
    </mem>
    <pending-finalizers system="0" default="0" reference="34" classloader="0" />
    <remembered-set count="231" />
  </mem-info>
</gc-end>
<cycle-end id="1107" type="scavenge" contextid="1101" timestamp="2019-06-15T03:58:15.357" />
  <attribute name="elasticGC enabled" value="1" />
  <attribute name= "numThreadsSpecified" value="4" />
  <attribute name="heapSize specified" value="8519680" />
  <attribute name="Current GC Util" value="38" />
  <attribute name= "Current Time Running" value="1861" />
  <attribute name ="GC Interval" value="200" />
  <attribute name="ProportionalT" value="9.000000" />
  <attribute name="ProportionalI" value="9.000000" />
  <attribute name="ProportionalH" value="9.000000" />
  <attribute name="Current Error" value="18.000000" />
  <attribute name="IntegralT" value="162.000000" />
  <attribute name="IntegralI" value="162.000000" />
  <attribute name="IntegralH" value="162.000000" />
  <attribute name="DerivativeT" value="3.000000" />
  <attribute name="DerivativeI" value="3.000000" />
  <attribute name="DerivativeH" value="3.000000" />
  <attribute name="Loop Time for DT" value="9.000000" />
  <attribute name="Output H" value="8388608"/>
  <attribute name="Output I" value="200"/>
  <attribute name="Output T" value="4"/>
  <attribute name="Target GC Util Change" value ="20.000000" />
  <attribute name="Current GC Util Change" value="38.000000"/>
  <attribute name="GC Util currently" value="38" />
  <attribute name="CPU Util currently" value="518889623621" />
<allocation-satisfied id="1108" threadId="0000000002525400" bytesRequested="32" />
<af-end id="1109" timestamp="2019-06-15T03:58:15.357" threadId="0000000002525D88" success="true" from="nursery"/>
<exclusive-end id="1110" timestamp="2019-06-15T03:58:15.357" durationms="2.271" />

<exclusive-start id="1111" timestamp="2019-06-15T03:58:15.361" intervalms="6.233">
  <response-info timems="0.038" idlems="0.038" threads="0" lastid="0000000002529000" lastname="PmdThread 4" />
</exclusive-start>
<af-start id="1112" threadId="0000000002529988" totalBytesRequested="16" timestamp="2019-06-15T03:58:15.361" intervalms="6.188" type="nursery" />
<cycle-start id="1113" type="scavenge" contextid="0" timestamp="2019-06-15T03:58:15.361" intervalms="6.126" />
<gc-start id="1114" type="scavenge" contextid="1113" timestamp="2019-06-15T03:58:15.361">
  <mem-info id="1115" free="2079027816" total="2092630016" percent="99">
    <mem type="nursery" free="0" total="2228224" percent="0">
      <mem type="allocate" free="0" total="1441792" percent="0" />
      <mem type="survivor" free="0" total="786432" percent="0" />
    </mem>
    <mem type="tenure" free="2079027816" total="2090401792" percent="99">
      <mem type="soa" free="1974508136" total="1985882112" percent="99" />
      <mem type="loa" free="104519680" total="104519680" percent="100" />
    </mem>
    <remembered-set count="251" />
  </mem-info>
</gc-start>
<allocation-stats totalBytes="870184" >
  <allocated-bytes non-tlh="32" tlh="870152" />
  <largest-consumer threadName="PmdThread 4" threadId="0000000002529000" bytes="376648" />
</allocation-stats>
<gc-op id="1116" type="scavenge" timems="1.664" contextid="1113" timestamp="2019-06-15T03:58:15.363">
  <scavenger-info tenureage="1" tenuremask="7ffe" tiltratio="64" />
  <memory-copied type="nursery" objects="3093" bytes="369048" bytesdiscarded="167656" />
  <memory-copied type="tenure" objects="3311" bytes="393232" bytesdiscarded="104" />
  <references type="weak" candidates="27" cleared="27" enqueued="27" />
  <references type="phantom" candidates="5" cleared="1" enqueued="1" />
</gc-op>
<gc-end id="1117" type="scavenge" contextid="1113" durationms="1.862" usertimems="4.000" systemtimems="0.000" timestamp="2019-06-15T03:58:15.363" activeThreads="4">
  <mem-info id="1118" free="2079570664" total="2092630016" percent="99">
    <mem type="nursery" free="904880" total="2228224" percent="40">
      <mem type="allocate" free="904880" total="1441792" percent="62" />
      <mem type="survivor" free="0" total="786432" percent="0" />
    </mem>
    <mem type="tenure" free="2078665784" total="2090401792" percent="99">
      <mem type="soa" free="1974146104" total="1985882112" percent="99" />
      <mem type="loa" free="104519680" total="104519680" percent="100" />
    </mem>
    <pending-finalizers system="0" default="0" reference="28" classloader="0" />
    <remembered-set count="183" />
  </mem-info>
</gc-end>
<cycle-end id="1119" type="scavenge" contextid="1113" timestamp="2019-06-15T03:58:15.363" />
  <attribute name="elasticGC enabled" value="1" />
  <attribute name= "numThreadsSpecified" value="4" />
  <attribute name="heapSize specified" value="8519680" />
  <attribute name="Current GC Util" value="42" />
  <attribute name= "Current Time Running" value="1867" />
  <attribute name ="GC Interval" value="200" />
  <attribute name="ProportionalT" value="11.000000" />
  <attribute name="ProportionalI" value="11.000000" />
  <attribute name="ProportionalH" value="11.000000" />
  <attribute name="Current Error" value="22.000000" />
  <attribute name="IntegralT" value="132.000000" />
  <attribute name="IntegralI" value="132.000000" />
  <attribute name="IntegralH" value="132.000000" />
  <attribute name="DerivativeT" value="1.000000" />
  <attribute name="DerivativeI" value="1.000000" />
  <attribute name="DerivativeH" value="1.000000" />
  <attribute name="Loop Time for DT" value="6.000000" />
  <attribute name="Output H" value="8388608"/>
  <attribute name="Output I" value="200"/>
  <attribute name="Output T" value="4"/>
  <attribute name="Target GC Util Change" value ="20.000000" />
  <attribute name="Current GC Util Change" value="42.000000"/>
  <attribute name="GC Util currently" value="42" />
  <attribute name="CPU Util currently" value="753064556541" />
<allocation-satisfied id="1120" threadId="0000000002529000" bytesRequested="16" />
<af-end id="1121" timestamp="2019-06-15T03:58:15.364" threadId="0000000002529988" success="true" from="nursery"/>
<exclusive-end id="1122" timestamp="2019-06-15T03:58:15.364" durationms="2.543" />

<exclusive-start id="1123" timestamp="2019-06-15T03:58:15.368" intervalms="6.920">
  <response-info timems="0.042" idlems="0.023" threads="1" lastid="000000000251D800" lastname="PmdThread 2" />
</exclusive-start>
<af-start id="1124" threadId="000000000251A588" totalBytesRequested="40" timestamp="2019-06-15T03:58:15.368" intervalms="6.915" type="nursery" />
<cycle-start id="1125" type="scavenge" contextid="0" timestamp="2019-06-15T03:58:15.368" intervalms="6.903" />
<gc-start id="1126" type="scavenge" contextid="1125" timestamp="2019-06-15T03:58:15.368">
  <mem-info id="1127" free="2078665784" total="2092630016" percent="99">
    <mem type="nursery" free="0" total="2228224" percent="0">
      <mem type="allocate" free="0" total="1441792" percent="0" />
      <mem type="survivor" free="0" total="786432" percent="0" />
    </mem>
    <mem type="tenure" free="2078665784" total="2090401792" percent="99">
      <mem type="soa" free="1974146104" total="1985882112" percent="99" />
      <mem type="loa" free="104519680" total="104519680" percent="100" />
    </mem>
    <remembered-set count="214" />
  </mem-info>
</gc-start>
<allocation-stats totalBytes="904256" >
  <allocated-bytes non-tlh="16" tlh="904240" />
  <largest-consumer threadName="PmdThread 1" threadId="0000000002519C00" bytes="290520" />
</allocation-stats>
<gc-op id="1128" type="scavenge" timems="0.493" contextid="1125" timestamp="2019-06-15T03:58:15.369">
  <scavenger-info tenureage="1" tenuremask="7ffe" tiltratio="64" />
  <memory-copied type="nursery" objects="3108" bytes="222248" bytesdiscarded="162104" />
  <memory-copied type="tenure" objects="2774" bytes="325408" bytesdiscarded="80" />
  <references type="weak" candidates="44" cleared="44" enqueued="44" />
  <references type="phantom" candidates="4" cleared="4" enqueued="4" />
</gc-op>
<gc-end id="1129" type="scavenge" contextid="1125" durationms="0.666" usertimems="0.000" systemtimems="0.000" timestamp="2019-06-15T03:58:15.369" activeThreads="4">
  <mem-info id="1130" free="2079465952" total="2092630016" percent="99">
    <mem type="nursery" free="1122776" total="2228224" percent="50">
      <mem type="allocate" free="1122776" total="1507328" percent="74" />
      <mem type="survivor" free="0" total="720896" percent="0" />
    </mem>
    <mem type="tenure" free="2078343176" total="2090401792" percent="99">
      <mem type="soa" free="1973823496" total="1985882112" percent="99" />
      <mem type="loa" free="104519680" total="104519680" percent="100" />
    </mem>
    <pending-finalizers system="0" default="0" reference="48" classloader="0" />
    <remembered-set count="311" />
  </mem-info>
</gc-end>
<cycle-end id="1131" type="scavenge" contextid="1125" timestamp="2019-06-15T03:58:15.369" />
  <attribute name="elasticGC enabled" value="1" />
  <attribute name= "numThreadsSpecified" value="4" />
  <attribute name="heapSize specified" value="8519680" />
  <attribute name="Current GC Util" value="56" />
  <attribute name= "Current Time Running" value="1874" />
  <attribute name ="GC Interval" value="280" />
  <attribute name="ProportionalT" value="18.000000" />
  <attribute name="ProportionalI" value="18.000000" />
  <attribute name="ProportionalH" value="18.000000" />
  <attribute name="Current Error" value="36.000000" />
  <attribute name="IntegralT" value="252.000000" />
  <attribute name="IntegralI" value="252.000000" />
  <attribute name="IntegralH" value="252.000000" />
  <attribute name="DerivativeT" value="3.000000" />
  <attribute name="DerivativeI" value="3.000000" />
  <attribute name="DerivativeH" value="3.000000" />
  <attribute name="Loop Time for DT" value="7.000000" />
  <attribute name="Output H" value="8388608"/>
  <attribute name="Output I" value="280"/>
  <attribute name="Output T" value="4"/>
  <attribute name="Target GC Util Change" value ="20.000000" />
  <attribute name="Current GC Util Change" value="56.000000"/>
  <attribute name="GC Util currently" value="56" />
  <attribute name="CPU Util currently" value="671536757955" />
<allocation-satisfied id="1132" threadId="0000000002519C00" bytesRequested="40" />
<af-end id="1133" timestamp="2019-06-15T03:58:15.369" threadId="000000000251A588" success="true" from="nursery"/>
<exclusive-end id="1134" timestamp="2019-06-15T03:58:15.369" durationms="1.026" />

<exclusive-start id="1135" timestamp="2019-06-15T03:58:15.375" intervalms="6.918">
  <response-info timems="0.031" idlems="0.031" threads="0" lastid="0000000002529000" lastname="PmdThread 4" />
</exclusive-start>
<af-start id="1136" threadId="0000000002529988" totalBytesRequested="8200" timestamp="2019-06-15T03:58:15.375" intervalms="6.925" type="nursery" />
<cycle-start id="1137" type="scavenge" contextid="0" timestamp="2019-06-15T03:58:15.375" intervalms="6.937" />
<gc-start id="1138" type="scavenge" contextid="1137" timestamp="2019-06-15T03:58:15.375">
  <mem-info id="1139" free="2078343176" total="2092630016" percent="99">
    <mem type="nursery" free="0" total="2228224" percent="0">
      <mem type="allocate" free="0" total="1507328" percent="0" />
      <mem type="survivor" free="0" total="720896" percent="0" />
    </mem>
    <mem type="tenure" free="2078343176" total="2090401792" percent="99">
      <mem type="soa" free="1973823496" total="1985882112" percent="99" />
      <mem type="loa" free="104519680" total="104519680" percent="100" />
    </mem>
    <remembered-set count="341" />
  </mem-info>
</gc-start>
<allocation-stats totalBytes="1118072" >
  <allocated-bytes non-tlh="16432" tlh="1101640" />
  <largest-consumer threadName="PmdThread 4" threadId="0000000002529000" bytes="430176" />
</allocation-stats>
<gc-op id="1140" type="scavenge" timems="1.610" contextid="1137" timestamp="2019-06-15T03:58:15.377">
  <scavenger-info tenureage="1" tenuremask="7ffe" tiltratio="67" />
  <memory-copied type="nursery" objects="3213" bytes="360248" bytesdiscarded="161920" />
  <memory-copied type="tenure" objects="2170" bytes="126048" bytesdiscarded="40" />
  <references type="weak" candidates="30" cleared="29" enqueued="29" />
  <references type="phantom" candidates="5" cleared="3" enqueued="3" />
</gc-op>
<gc-end id="1141" type="scavenge" contextid="1137" durationms="1.806" usertimems="4.000" systemtimems="0.000" timestamp="2019-06-15T03:58:15.377" activeThreads="4">
  <mem-info id="1142" free="2079298960" total="2092630016" percent="99">
    <mem type="nursery" free="1050520" total="2228224" percent="47">
      <mem type="allocate" free="1050520" total="1572864" percent="66" />
      <mem type="survivor" free="0" total="655360" percent="0" />
    </mem>
    <mem type="tenure" free="2078248440" total="2090401792" percent="99">
      <mem type="soa" free="1973728760" total="1985882112" percent="99" />
      <mem type="loa" free="104519680" total="104519680" percent="100" />
    </mem>
    <pending-finalizers system="0" default="0" reference="32" classloader="0" />
    <remembered-set count="136" />
  </mem-info>
</gc-end>
<cycle-end id="1143" type="scavenge" contextid="1137" timestamp="2019-06-15T03:58:15.377" />
  <attribute name="elasticGC enabled" value="1" />
  <attribute name= "numThreadsSpecified" value="4" />
  <attribute name="heapSize specified" value="8519680" />
  <attribute name="Current GC Util" value="19" />
  <attribute name= "Current Time Running" value="1881" />
  <attribute name ="GC Interval" value="200" />
  <attribute name="ProportionalT" value="-0.500000" />
  <attribute name="ProportionalI" value="-0.500000" />
  <attribute name="ProportionalH" value="-0.500000" />
  <attribute name="Current Error" value="-1.000000" />
  <attribute name="IntegralT" value="-7.000000" />
  <attribute name="IntegralI" value="-7.000000" />
  <attribute name="IntegralH" value="-7.000000" />
  <attribute name="DerivativeT" value="-7.928571" />
  <attribute name="DerivativeI" value="-7.928571" />
  <attribute name="DerivativeH" value="-7.928571" />
  <attribute name="Loop Time for DT" value="7.000000" />
  <attribute name="Output H" value="2092630016"/>
  <attribute name="Output I" value="200"/>
  <attribute name="Output T" value="4"/>
  <attribute name="Target GC Util Change" value ="20.000000" />
  <attribute name="Current GC Util Change" value="19.000000"/>
  <attribute name="GC Util currently" value="19" />
  <attribute name="CPU Util currently" value="661321530393" />
<allocation-satisfied id="1144" threadId="0000000002529000" bytesRequested="8200" />
<af-end id="1145" timestamp="2019-06-15T03:58:15.377" threadId="0000000002529988" success="true" from="nursery"/>
<exclusive-end id="1146" timestamp="2019-06-15T03:58:15.377" durationms="2.369" />

<exclusive-start id="1147" timestamp="2019-06-15T03:58:15.381" intervalms="5.960">
  <response-info timems="0.037" idlems="0.037" threads="0" lastid="0000000002525400" lastname="PmdThread 3" />
</exclusive-start>
<af-start id="1148" threadId="0000000002525D88" totalBytesRequested="16392" timestamp="2019-06-15T03:58:15.381" intervalms="5.965" type="nursery" />
<cycle-start id="1149" type="scavenge" contextid="0" timestamp="2019-06-15T03:58:15.381" intervalms="5.939" />
<gc-start id="1150" type="scavenge" contextid="1149" timestamp="2019-06-15T03:58:15.381">
  <mem-info id="1151" free="2078247568" total="2092630016" percent="99">
    <mem type="nursery" free="0" total="2228224" percent="0">
      <mem type="allocate" free="0" total="1572864" percent="0" />
      <mem type="survivor" free="0" total="655360" percent="0" />
    </mem>
    <mem type="tenure" free="2078247568" total="2090401792" percent="99">
      <mem type="soa" free="1973727888" total="1985882112" percent="99" />
      <mem type="loa" free="104519680" total="104519680" percent="100" />
    </mem>
    <remembered-set count="199" />
  </mem-info>
</gc-start>
<allocation-stats totalBytes="1048264" >
  <allocated-bytes non-tlh="9072" tlh="1039192" />
  <largest-consumer threadName="PmdThread 4" threadId="0000000002529000" bytes="491352" />
</allocation-stats>
<gc-op id="1152" type="scavenge" timems="2.719" contextid="1149" timestamp="2019-06-15T03:58:15.384">
  <scavenger-info tenureage="1" tenuremask="7ffe" tiltratio="70" />
  <memory-copied type="nursery" objects="2999" bytes="271160" bytesdiscarded="57696" />
  <memory-copied type="tenure" objects="2337" bytes="259352" bytesdiscarded="16" />
  <finalization candidates="1" enqueued="0" />
  <references type="weak" candidates="211" cleared="51" enqueued="46" />
  <references type="phantom" candidates="5" cleared="4" enqueued="4" />
</gc-op>
<gc-end id="1153" type="scavenge" contextid="1149" durationms="3.090" usertimems="8.000" systemtimems="0.000" timestamp="2019-06-15T03:58:15.384" activeThreads="4">
  <mem-info id="1154" free="2079281912" total="2092630016" percent="99">
    <mem type="nursery" free="1243848" total="2228224" percent="55">
      <mem type="allocate" free="1243848" total="1572864" percent="79" />
      <mem type="survivor" free="0" total="655360" percent="0" />
    </mem>
    <mem type="tenure" free="2078038064" total="2090401792" percent="99">
      <mem type="soa" free="1973518384" total="1985882112" percent="99" />
      <mem type="loa" free="104519680" total="104519680" percent="100" />
    </mem>
    <pending-finalizers system="0" default="0" reference="50" classloader="0" />
    <remembered-set count="163" />
  </mem-info>
</gc-end>
<cycle-end id="1155" type="scavenge" contextid="1149" timestamp="2019-06-15T03:58:15.384" />
  <attribute name="elasticGC enabled" value="1" />
  <attribute name= "numThreadsSpecified" value="4" />
  <attribute name="heapSize specified" value="8519680" />
  <attribute name="Current GC Util" value="65" />
  <attribute name= "Current Time Running" value="1887" />
  <attribute name ="GC Interval" value="304" />
  <attribute name="ProportionalT" value="22.500000" />
  <attribute name="ProportionalI" value="22.500000" />
  <attribute name="ProportionalH" value="22.500000" />
  <attribute name="Current Error" value="45.000000" />
  <attribute name="IntegralT" value="270.000000" />
  <attribute name="IntegralI" value="270.000000" />
  <attribute name="IntegralH" value="270.000000" />
  <attribute name="DerivativeT" value="11.250000" />
  <attribute name="DerivativeI" value="11.250000" />
  <attribute name="DerivativeH" value="11.250000" />
  <attribute name="Loop Time for DT" value="6.000000" />
  <attribute name="Output H" value="8388608"/>
  <attribute name="Output I" value="304"/>
  <attribute name="Output T" value="4"/>
  <attribute name="Target GC Util Change" value ="20.000000" />
  <attribute name="Current GC Util Change" value="65.000000"/>
  <attribute name="GC Util currently" value="65" />
  <attribute name="CPU Util currently" value="776809415910" />
<allocation-satisfied id="1156" threadId="0000000002525400" bytesRequested="16392" />
<af-end id="1157" timestamp="2019-06-15T03:58:15.385" threadId="0000000002525D88" success="true" from="nursery"/>
<exclusive-end id="1158" timestamp="2019-06-15T03:58:15.385" durationms="3.786" />

<exclusive-start id="1159" timestamp="2019-06-15T03:58:15.390" intervalms="8.711">
  <response-info timems="0.148" idlems="0.062" threads="2" lastid="0000000002519C00" lastname="PmdThread 1" />
</exclusive-start>
<af-start id="1160" threadId="0000000002529988" totalBytesRequested="24" timestamp="2019-06-15T03:58:15.390" intervalms="8.700" type="nursery" />
<cycle-start id="1161" type="scavenge" contextid="0" timestamp="2019-06-15T03:58:15.390" intervalms="8.724" />
<gc-start id="1162" type="scavenge" contextid="1161" timestamp="2019-06-15T03:58:15.390">
  <mem-info id="1163" free="2078038064" total="2092630016" percent="99">
    <mem type="nursery" free="0" total="2228224" percent="0">
      <mem type="allocate" free="0" total="1572864" percent="0" />
      <mem type="survivor" free="0" total="655360" percent="0" />
    </mem>
    <mem type="tenure" free="2078038064" total="2090401792" percent="99">
      <mem type="soa" free="1973518384" total="1985882112" percent="99" />
      <mem type="loa" free="104519680" total="104519680" percent="100" />
    </mem>
    <remembered-set count="200" />
  </mem-info>
</gc-start>
<allocation-stats totalBytes="1228056" >
  <allocated-bytes non-tlh="65568" tlh="1162488" />
  <largest-consumer threadName="PmdThread 4" threadId="0000000002529000" bytes="575184" />
</allocation-stats>
<gc-op id="1164" type="scavenge" timems="1.684" contextid="1161" timestamp="2019-06-15T03:58:15.392">
  <scavenger-info tenureage="1" tenuremask="7ffe" tiltratio="70" />
  <memory-copied type="nursery" objects="2357" bytes="356928" bytesdiscarded="235704" />
  <memory-copied type="tenure" objects="2115" bytes="167592" bytesdiscarded="176" />
  <finalization candidates="1" enqueued="0" />
  <references type="weak" candidates="43" cleared="43" enqueued="43" />
  <references type="phantom" candidates="5" cleared="3" enqueued="3" />
</gc-op>
<gc-end id="1165" type="scavenge" contextid="1161" durationms="1.889" usertimems="0.000" systemtimems="4.000" timestamp="2019-06-15T03:58:15.392" activeThreads="4">
  <mem-info id="1166" free="2078902480" total="2092630016" percent="99">
    <mem type="nursery" free="1045432" total="2228224" percent="46">
      <mem type="allocate" free="1045432" total="1638400" percent="63" />
      <mem type="survivor" free="0" total="589824" percent="0" />
    </mem>
    <mem type="tenure" free="2077857048" total="2090401792" percent="99">
      <mem type="soa" free="1973337368" total="1985882112" percent="99" />
      <mem type="loa" free="104519680" total="104519680" percent="100" />
    </mem>
    <pending-finalizers system="0" default="0" reference="46" classloader="0" />
    <remembered-set count="154" />
  </mem-info>
</gc-end>
<cycle-end id="1167" type="scavenge" contextid="1161" timestamp="2019-06-15T03:58:15.392" />
  <attribute name="elasticGC enabled" value="1" />
  <attribute name= "numThreadsSpecified" value="4" />
  <attribute name="heapSize specified" value="8519680" />
  <attribute name="Current GC Util" value="65" />
  <attribute name= "Current Time Running" value="1895" />
  <attribute name ="GC Interval" value="384" />
  <attribute name="ProportionalT" value="22.500000" />
  <attribute name="ProportionalI" value="22.500000" />
  <attribute name="ProportionalH" value="22.500000" />
  <attribute name="Current Error" value="45.000000" />
  <attribute name="IntegralT" value="360.000000" />
  <attribute name="IntegralI" value="360.000000" />
  <attribute name="IntegralH" value="360.000000" />
  <attribute name="DerivativeT" value="0.000000" />
  <attribute name="DerivativeI" value="0.000000" />
  <attribute name="DerivativeH" value="0.000000" />
  <attribute name="Loop Time for DT" value="8.000000" />
  <attribute name="Output H" value="8388608"/>
  <attribute name="Output I" value="384"/>
  <attribute name="Output T" value="4"/>
  <attribute name="Target GC Util Change" value ="20.000000" />
  <attribute name="Current GC Util Change" value="65.000000"/>
  <attribute name="GC Util currently" value="65" />
  <attribute name="CPU Util currently" value="528099087520" />
<allocation-satisfied id="1168" threadId="0000000002529000" bytesRequested="24" />
<af-end id="1169" timestamp="2019-06-15T03:58:15.392" threadId="0000000002529988" success="true" from="nursery"/>
<exclusive-end id="1170" timestamp="2019-06-15T03:58:15.392" durationms="2.465" />

<exclusive-start id="1171" timestamp="2019-06-15T03:58:15.399" intervalms="9.515">
  <response-info timems="0.039" idlems="0.039" threads="0" lastid="0000000002529000" lastname="PmdThread 4" />
</exclusive-start>
<af-start id="1172" threadId="0000000002529988" totalBytesRequested="48" timestamp="2019-06-15T03:58:15.399" intervalms="9.525" type="nursery" />
<cycle-start id="1173" type="scavenge" contextid="0" timestamp="2019-06-15T03:58:15.399" intervalms="9.532" />
<gc-start id="1174" type="scavenge" contextid="1173" timestamp="2019-06-15T03:58:15.399">
  <mem-info id="1175" free="2077857048" total="2092630016" percent="99">
    <mem type="nursery" free="0" total="2228224" percent="0">
      <mem type="allocate" free="0" total="1638400" percent="0" />
      <mem type="survivor" free="0" total="589824" percent="0" />
    </mem>
    <mem type="tenure" free="2077857048" total="2090401792" percent="99">
      <mem type="soa" free="1973337368" total="1985882112" percent="99" />
      <mem type="loa" free="104519680" total="104519680" percent="100" />
    </mem>
    <remembered-set count="183" />
  </mem-info>
</gc-start>
<allocation-stats totalBytes="1020312" >
  <allocated-bytes non-tlh="32808" tlh="987504" />
  <largest-consumer threadName="PmdThread 4" threadId="0000000002529000" bytes="339760" />
</allocation-stats>
<gc-op id="1176" type="scavenge" timems="1.955" contextid="1173" timestamp="2019-06-15T03:58:15.402">
  <scavenger-info tenureage="1" tenuremask="7ffe" tiltratio="73" />
  <memory-copied type="nursery" objects="3845" bytes="496088" bytesdiscarded="20640" />
  <memory-copied type="tenure" objects="615" bytes="105256" bytesdiscarded="320" />
  <references type="weak" candidates="24" cleared="24" enqueued="24" />
  <references type="phantom" candidates="7" cleared="6" enqueued="6" />
</gc-op>
<gc-end id="1177" type="scavenge" contextid="1173" durationms="2.154" usertimems="0.000" systemtimems="4.000" timestamp="2019-06-15T03:58:15.402" activeThreads="4">
  <mem-info id="1178" free="2078719776" total="2092630016" percent="99">
    <mem type="nursery" free="990256" total="2228224" percent="44">
      <mem type="allocate" free="990256" total="1507328" percent="65" />
      <mem type="survivor" free="0" total="720896" percent="0" />
    </mem>
    <mem type="tenure" free="2077729520" total="2090401792" percent="99">
      <mem type="soa" free="1973209840" total="1985882112" percent="99" />
      <mem type="loa" free="104519680" total="104519680" percent="100" />
    </mem>
    <pending-finalizers system="0" default="0" reference="30" classloader="0" />
    <remembered-set count="149" />
  </mem-info>
</gc-end>
<cycle-end id="1179" type="scavenge" contextid="1173" timestamp="2019-06-15T03:58:15.402" />
  <attribute name="elasticGC enabled" value="1" />
  <attribute name= "numThreadsSpecified" value="4" />
  <attribute name="heapSize specified" value="8519680" />
  <attribute name="Current GC Util" value="33" />
  <attribute name= "Current Time Running" value="1905" />
  <attribute name ="GC Interval" value="200" />
  <attribute name="ProportionalT" value="6.500000" />
  <attribute name="ProportionalI" value="6.500000" />
  <attribute name="ProportionalH" value="6.500000" />
  <attribute name="Current Error" value="13.000000" />
  <attribute name="IntegralT" value="130.000000" />
  <attribute name="IntegralI" value="130.000000" />
  <attribute name="IntegralH" value="130.000000" />
  <attribute name="DerivativeT" value="-4.800000" />
  <attribute name="DerivativeI" value="-4.800000" />
  <attribute name="DerivativeH" value="-4.800000" />
  <attribute name="Loop Time for DT" value="10.000000" />
  <attribute name="Output H" value="8388608"/>
  <attribute name="Output I" value="200"/>
  <attribute name="Output T" value="4"/>
  <attribute name="Target GC Util Change" value ="20.000000" />
  <attribute name="Current GC Util Change" value="33.000000"/>
  <attribute name="GC Util currently" value="33" />
  <attribute name="CPU Util currently" value="484074117148" />
<allocation-satisfied id="1180" threadId="0000000002529000" bytesRequested="48" />
<af-end id="1181" timestamp="2019-06-15T03:58:15.402" threadId="0000000002529988" success="true" from="nursery"/>
<exclusive-end id="1182" timestamp="2019-06-15T03:58:15.402" durationms="2.712" />

<exclusive-start id="1183" timestamp="2019-06-15T03:58:15.406" intervalms="7.095">
  <response-info timems="0.029" idlems="0.029" threads="0" lastid="0000000002525400" lastname="PmdThread 3" />
</exclusive-start>
<af-start id="1184" threadId="0000000002525D88" totalBytesRequested="8200" timestamp="2019-06-15T03:58:15.406" intervalms="7.093" type="nursery" />
<cycle-start id="1185" type="scavenge" contextid="0" timestamp="2019-06-15T03:58:15.406" intervalms="7.086" />
<gc-start id="1186" type="scavenge" contextid="1185" timestamp="2019-06-15T03:58:15.407">
  <mem-info id="1187" free="2077729520" total="2092630016" percent="99">
    <mem type="nursery" free="0" total="2228224" percent="0">
      <mem type="allocate" free="0" total="1507328" percent="0" />
      <mem type="survivor" free="0" total="720896" percent="0" />
    </mem>
    <mem type="tenure" free="2077729520" total="2090401792" percent="99">
      <mem type="soa" free="1973209840" total="1985882112" percent="99" />
      <mem type="loa" free="104519680" total="104519680" percent="100" />
    </mem>
    <remembered-set count="170" />
  </mem-info>
</gc-start>
<allocation-stats totalBytes="916120" >
  <allocated-bytes non-tlh="48" tlh="916072" />
  <largest-consumer threadName="PmdThread 4" threadId="0000000002529000" bytes="392920" />
</allocation-stats>
<gc-op id="1188" type="scavenge" timems="2.098" contextid="1185" timestamp="2019-06-15T03:58:15.409">
  <scavenger-info tenureage="1" tenuremask="7ffe" tiltratio="67" />
  <memory-copied type="nursery" objects="4644" bytes="417336" bytesdiscarded="58072" />
  <memory-copied type="tenure" objects="2784" bytes="332720" bytesdiscarded="400" />
  <references type="weak" candidates="12" cleared="12" enqueued="12" />
  <references type="phantom" candidates="5" cleared="2" enqueued="2" />
</gc-op>
<gc-end id="1189" type="scavenge" contextid="1185" durationms="2.461" usertimems="0.000" systemtimems="4.000" timestamp="2019-06-15T03:58:15.409" activeThreads="4">
  <mem-info id="1190" free="2078448480" total="2092630016" percent="99">
    <mem type="nursery" free="1097384" total="2228224" percent="49">
      <mem type="allocate" free="1097384" total="1572864" percent="69" />
      <mem type="survivor" free="0" total="655360" percent="0" />
    </mem>
    <mem type="tenure" free="2077351096" total="2090401792" percent="99">
      <mem type="soa" free="1972831416" total="1985882112" percent="99" />
      <mem type="loa" free="104519680" total="104519680" percent="100" />
    </mem>
    <pending-finalizers system="0" default="0" reference="14" classloader="0" />
    <remembered-set count="167" />
  </mem-info>
</gc-end>
<cycle-end id="1191" type="scavenge" contextid="1185" timestamp="2019-06-15T03:58:15.409" />
  <attribute name="elasticGC enabled" value="1" />
  <attribute name= "numThreadsSpecified" value="4" />
  <attribute name="heapSize specified" value="8519680" />
  <attribute name="Current GC Util" value="62" />
  <attribute name= "Current Time Running" value="1912" />
  <attribute name ="GC Interval" value="328" />
  <attribute name="ProportionalT" value="21.000000" />
  <attribute name="ProportionalI" value="21.000000" />
  <attribute name="ProportionalH" value="21.000000" />
  <attribute name="Current Error" value="42.000000" />
  <attribute name="IntegralT" value="294.000000" />
  <attribute name="IntegralI" value="294.000000" />
  <attribute name="IntegralH" value="294.000000" />
  <attribute name="DerivativeT" value="6.214286" />
  <attribute name="DerivativeI" value="6.214286" />
  <attribute name="DerivativeH" value="6.214286" />
  <attribute name="Loop Time for DT" value="7.000000" />
  <attribute name="Output H" value="8388608"/>
  <attribute name="Output I" value="328"/>
  <attribute name="Output T" value="4"/>
  <attribute name="Target GC Util Change" value ="20.000000" />
  <attribute name="Current GC Util Change" value="62.000000"/>
  <attribute name="GC Util currently" value="62" />
  <attribute name="CPU Util currently" value="650144468598" />
<allocation-satisfied id="1192" threadId="0000000002525400" bytesRequested="8200" />
<af-end id="1193" timestamp="2019-06-15T03:58:15.409" threadId="0000000002525D88" success="true" from="nursery"/>
<exclusive-end id="1194" timestamp="2019-06-15T03:58:15.409" durationms="3.112" />

<exclusive-start id="1195" timestamp="2019-06-15T03:58:15.413" intervalms="6.709">
  <response-info timems="0.030" idlems="0.029" threads="1" lastid="0000000002529000" lastname="PmdThread 4" />
</exclusive-start>
<af-start id="1196" threadId="000000000251E188" totalBytesRequested="16" timestamp="2019-06-15T03:58:15.413" intervalms="6.738" type="nursery" />
<cycle-start id="1197" type="scavenge" contextid="0" timestamp="2019-06-15T03:58:15.413" intervalms="6.777" />
<gc-start id="1198" type="scavenge" contextid="1197" timestamp="2019-06-15T03:58:15.413">
  <mem-info id="1199" free="2077351096" total="2092630016" percent="99">
    <mem type="nursery" free="0" total="2228224" percent="0">
      <mem type="allocate" free="0" total="1572864" percent="0" />
      <mem type="survivor" free="0" total="655360" percent="0" />
    </mem>
    <mem type="tenure" free="2077351096" total="2090401792" percent="99">
      <mem type="soa" free="1972831416" total="1985882112" percent="99" />
      <mem type="loa" free="104519680" total="104519680" percent="100" />
    </mem>
    <remembered-set count="169" />
  </mem-info>
</gc-start>
<allocation-stats totalBytes="1096984" >
  <allocated-bytes non-tlh="8200" tlh="1088784" />
  <largest-consumer threadName="PmdThread 3" threadId="0000000002525400" bytes="413608" />
</allocation-stats>
<gc-op id="1200" type="scavenge" timems="0.648" contextid="1197" timestamp="2019-06-15T03:58:15.414">
  <scavenger-info tenureage="1" tenuremask="7ffe" tiltratio="70" />
  <memory-copied type="nursery" objects="9436" bytes="353488" bytesdiscarded="130104" />
  <memory-copied type="tenure" objects="4379" bytes="409128" bytesdiscarded="784" />
</gc-op>
<gc-end id="1201" type="scavenge" contextid="1197" durationms="0.889" usertimems="0.000" systemtimems="4.000" timestamp="2019-06-15T03:58:15.414" activeThreads="4">
  <mem-info id="1202" free="2078054248" total="2092630016" percent="99">
    <mem type="nursery" free="1089272" total="2228224" percent="48">
      <mem type="allocate" free="1089272" total="1572864" percent="69" />
      <mem type="survivor" free="0" total="655360" percent="0" />
    </mem>
    <mem type="tenure" free="2076964976" total="2090401792" percent="99">
      <mem type="soa" free="1972445296" total="1985882112" percent="99" />
      <mem type="loa" free="104519680" total="104519680" percent="100" />
    </mem>
    <remembered-set count="168" />
  </mem-info>
</gc-end>
<cycle-end id="1203" type="scavenge" contextid="1197" timestamp="2019-06-15T03:58:15.414" />
  <attribute name="elasticGC enabled" value="1" />
  <attribute name= "numThreadsSpecified" value="4" />
  <attribute name="heapSize specified" value="8519680" />
  <attribute name="Current GC Util" value="69" />
  <attribute name= "Current Time Running" value="1919" />
  <attribute name ="GC Interval" value="376" />
  <attribute name="ProportionalT" value="24.500000" />
  <attribute name="ProportionalI" value="24.500000" />
  <attribute name="ProportionalH" value="24.500000" />
  <attribute name="Current Error" value="49.000000" />
  <attribute name="IntegralT" value="343.000000" />
  <attribute name="IntegralI" value="343.000000" />
  <attribute name="IntegralH" value="343.000000" />
  <attribute name="DerivativeT" value="1.500000" />
  <attribute name="DerivativeI" value="1.500000" />
  <attribute name="DerivativeH" value="1.500000" />
  <attribute name="Loop Time for DT" value="7.000000" />
  <attribute name="Output H" value="8388608"/>
  <attribute name="Output I" value="376"/>
  <attribute name="Output T" value="4"/>
  <attribute name="Target GC Util Change" value ="20.000000" />
  <attribute name="Current GC Util Change" value="69.000000"/>
  <attribute name="GC Util currently" value="69" />
  <attribute name="CPU Util currently" value="676290136578" />
<allocation-satisfied id="1204" threadId="000000000251D800" bytesRequested="16" />
<af-end id="1205" timestamp="2019-06-15T03:58:15.414" threadId="000000000251E188" success="true" from="nursery"/>
<exclusive-end id="1206" timestamp="2019-06-15T03:58:15.414" durationms="1.360" />

<exclusive-start id="1207" timestamp="2019-06-15T03:58:15.419" intervalms="6.027">
  <response-info timems="0.051" idlems="0.028" threads="1" lastid="000000000251D800" lastname="PmdThread 2" />
</exclusive-start>
<af-start id="1208" threadId="000000000251A588" totalBytesRequested="24" timestamp="2019-06-15T03:58:15.419" intervalms="6.040" type="nursery" />
<cycle-start id="1209" type="scavenge" contextid="0" timestamp="2019-06-15T03:58:15.419" intervalms="6.041" />
<gc-start id="1210" type="scavenge" contextid="1209" timestamp="2019-06-15T03:58:15.419">
  <mem-info id="1211" free="2076964976" total="2092630016" percent="99">
    <mem type="nursery" free="0" total="2228224" percent="0">
      <mem type="allocate" free="0" total="1572864" percent="0" />
      <mem type="survivor" free="0" total="655360" percent="0" />
    </mem>
    <mem type="tenure" free="2076964976" total="2090401792" percent="99">
      <mem type="soa" free="1972445296" total="1985882112" percent="99" />
      <mem type="loa" free="104519680" total="104519680" percent="100" />
    </mem>
    <remembered-set count="345" />
  </mem-info>
</gc-start>
<allocation-stats totalBytes="1088656" >
  <allocated-bytes non-tlh="16" tlh="1088640" />
  <largest-consumer threadName="PmdThread 1" threadId="0000000002519C00" bytes="421336" />
</allocation-stats>
<gc-op id="1212" type="scavenge" timems="0.816" contextid="1209" timestamp="2019-06-15T03:58:15.420">
  <scavenger-info tenureage="1" tenuremask="7ffe" tiltratio="70" />
  <memory-copied type="nursery" objects="5222" bytes="188552" bytesdiscarded="107880" />
  <memory-copied type="tenure" objects="8156" bytes="319968" bytesdiscarded="232" />
  <references type="weak" candidates="9" cleared="9" enqueued="9" />
  <references type="phantom" candidates="1" cleared="1" enqueued="1" />
</gc-op>
<gc-end id="1213" type="scavenge" contextid="1209" durationms="1.112" usertimems="4.000" systemtimems="0.000" timestamp="2019-06-15T03:58:15.421" activeThreads="4">
  <mem-info id="1214" free="2078032752" total="2092630016" percent="99">
    <mem type="nursery" free="1341952" total="2228224" percent="60">
      <mem type="allocate" free="1341952" total="1638400" percent="81" />
      <mem type="survivor" free="0" total="589824" percent="0" />
    </mem>
    <mem type="tenure" free="2076690800" total="2090401792" percent="99">
      <mem type="soa" free="1972171120" total="1985882112" percent="99" />
      <mem type="loa" free="104519680" total="104519680" percent="100" />
    </mem>
    <pending-finalizers system="0" default="0" reference="10" classloader="0" />
    <remembered-set count="329" />
  </mem-info>
</gc-end>
<cycle-end id="1215" type="scavenge" contextid="1209" timestamp="2019-06-15T03:58:15.421" />
  <attribute name="elasticGC enabled" value="1" />
  <attribute name= "numThreadsSpecified" value="4" />
  <attribute name="heapSize specified" value="8519680" />
  <attribute name="Current GC Util" value="30" />
  <attribute name= "Current Time Running" value="1925" />
  <attribute name ="GC Interval" value="200" />
  <attribute name="ProportionalT" value="5.000000" />
  <attribute name="ProportionalI" value="5.000000" />
  <attribute name="ProportionalH" value="5.000000" />
  <attribute name="Current Error" value="10.000000" />
  <attribute name="IntegralT" value="60.000000" />
  <attribute name="IntegralI" value="60.000000" />
  <attribute name="IntegralH" value="60.000000" />
  <attribute name="DerivativeT" value="-9.750000" />
  <attribute name="DerivativeI" value="-9.750000" />
  <attribute name="DerivativeH" value="-9.750000" />
  <attribute name="Loop Time for DT" value="6.000000" />
  <attribute name="Output H" value="8388608"/>
  <attribute name="Output I" value="200"/>
  <attribute name="Output T" value="4"/>
  <attribute name="Target GC Util Change" value ="20.000000" />
  <attribute name="Current GC Util Change" value="30.000000"/>
  <attribute name="GC Util currently" value="30" />
  <attribute name="CPU Util currently" value="755510756818" />
<allocation-satisfied id="1216" threadId="0000000002519C00" bytesRequested="24" />
<af-end id="1217" timestamp="2019-06-15T03:58:15.421" threadId="000000000251A588" success="true" from="nursery"/>
<exclusive-end id="1218" timestamp="2019-06-15T03:58:15.421" durationms="1.658" />

<exclusive-start id="1219" timestamp="2019-06-15T03:58:15.429" intervalms="9.663">
  <response-info timems="0.086" idlems="0.045" threads="1" lastid="000000000251D800" lastname="PmdThread 2" />
</exclusive-start>
<af-start id="1220" threadId="000000000251A588" totalBytesRequested="56" timestamp="2019-06-15T03:58:15.429" intervalms="9.627" type="nursery" />
<cycle-start id="1221" type="scavenge" contextid="0" timestamp="2019-06-15T03:58:15.429" intervalms="9.578" />
<gc-start id="1222" type="scavenge" contextid="1221" timestamp="2019-06-15T03:58:15.429">
  <mem-info id="1223" free="2076690800" total="2092630016" percent="99">
    <mem type="nursery" free="0" total="2228224" percent="0">
      <mem type="allocate" free="0" total="1638400" percent="0" />
      <mem type="survivor" free="0" total="589824" percent="0" />
    </mem>
    <mem type="tenure" free="2076690800" total="2090401792" percent="99">
      <mem type="soa" free="1972171120" total="1985882112" percent="99" />
      <mem type="loa" free="104519680" total="104519680" percent="100" />
    </mem>
    <remembered-set count="434" />
  </mem-info>
</gc-start>
<allocation-stats totalBytes="1340768" >
  <allocated-bytes non-tlh="24" tlh="1340744" />
  <largest-consumer threadName="PmdThread 1" threadId="0000000002519C00" bytes="694544" />
</allocation-stats>
<gc-op id="1224" type="scavenge" timems="0.753" contextid="1221" timestamp="2019-06-15T03:58:15.430">
  <scavenger-info tenureage="1" tenuremask="7ffe" tiltratio="73" />
  <memory-copied type="nursery" objects="5700" bytes="279408" bytesdiscarded="114064" />
  <memory-copied type="tenure" objects="5045" bytes="179920" bytesdiscarded="24" />
  <references type="weak" candidates="3" cleared="3" enqueued="3" />
  <references type="phantom" candidates="2" cleared="1" enqueued="1" />
</gc-op>
<gc-end id="1225" type="scavenge" contextid="1221" durationms="0.909" usertimems="0.000" systemtimems="0.000" timestamp="2019-06-15T03:58:15.430" activeThreads="4">
  <mem-info id="1226" free="2077779024" total="2092630016" percent="99">
    <mem type="nursery" free="1244896" total="2228224" percent="55">
      <mem type="allocate" free="1244896" total="1638400" percent="75" />
      <mem type="survivor" free="0" total="589824" percent="0" />
    </mem>
    <mem type="tenure" free="2076534128" total="2090401792" percent="99">
      <mem type="soa" free="1972014448" total="1985882112" percent="99" />
      <mem type="loa" free="104519680" total="104519680" percent="100" />
    </mem>
    <pending-finalizers system="0" default="0" reference="4" classloader="0" />
    <remembered-set count="281" />
  </mem-info>
</gc-end>
<cycle-end id="1227" type="scavenge" contextid="1221" timestamp="2019-06-15T03:58:15.430" />
  <attribute name="elasticGC enabled" value="1" />
  <attribute name= "numThreadsSpecified" value="4" />
  <attribute name="heapSize specified" value="8519680" />
  <attribute name="Current GC Util" value="21" />
  <attribute name= "Current Time Running" value="1934" />
  <attribute name ="GC Interval" value="200" />
  <attribute name="ProportionalT" value="0.500000" />
  <attribute name="ProportionalI" value="0.500000" />
  <attribute name="ProportionalH" value="0.500000" />
  <attribute name="Current Error" value="1.000000" />
  <attribute name="IntegralT" value="9.000000" />
  <attribute name="IntegralI" value="9.000000" />
  <attribute name="IntegralH" value="9.000000" />
  <attribute name="DerivativeT" value="-1.500000" />
  <attribute name="DerivativeI" value="-1.500000" />
  <attribute name="DerivativeH" value="-1.500000" />
  <attribute name="Loop Time for DT" value="9.000000" />
  <attribute name="Output H" value="8388608"/>
  <attribute name="Output I" value="200"/>
  <attribute name="Output T" value="4"/>
  <attribute name="Target GC Util Change" value ="20.000000" />
  <attribute name="Current GC Util Change" value="21.000000"/>
  <attribute name="GC Util currently" value="21" />
  <attribute name="CPU Util currently" value="488716111186" />
<allocation-satisfied id="1228" threadId="0000000002519C00" bytesRequested="56" />
<af-end id="1229" timestamp="2019-06-15T03:58:15.430" threadId="000000000251A588" success="true" from="nursery"/>
<exclusive-end id="1230" timestamp="2019-06-15T03:58:15.430" durationms="1.287" />

<exclusive-start id="1231" timestamp="2019-06-15T03:58:15.437" intervalms="8.743">
  <response-info timems="0.060" idlems="0.060" threads="0" lastid="000000000251D800" lastname="PmdThread 2" />
</exclusive-start>
<af-start id="1232" threadId="000000000251E188" totalBytesRequested="56" timestamp="2019-06-15T03:58:15.438" intervalms="8.768" type="nursery" />
<cycle-start id="1233" type="scavenge" contextid="0" timestamp="2019-06-15T03:58:15.438" intervalms="8.814" />
<gc-start id="1234" type="scavenge" contextid="1233" timestamp="2019-06-15T03:58:15.438">
  <mem-info id="1235" free="2076534128" total="2092630016" percent="99">
    <mem type="nursery" free="0" total="2228224" percent="0">
      <mem type="allocate" free="0" total="1638400" percent="0" />
      <mem type="survivor" free="0" total="589824" percent="0" />
    </mem>
    <mem type="tenure" free="2076534128" total="2090401792" percent="99">
      <mem type="soa" free="1972014448" total="1985882112" percent="99" />
      <mem type="loa" free="104519680" total="104519680" percent="100" />
    </mem>
    <remembered-set count="324" />
  </mem-info>
</gc-start>
<allocation-stats totalBytes="1244312" >
  <allocated-bytes non-tlh="56" tlh="1244256" />
  <largest-consumer threadName="PmdThread 2" threadId="000000000251D800" bytes="659128" />
</allocation-stats>
<gc-op id="1236" type="scavenge" timems="0.841" contextid="1233" timestamp="2019-06-15T03:58:15.439">
  <scavenger-info tenureage="1" tenuremask="7ffe" tiltratio="73" />
  <memory-copied type="nursery" objects="9701" bytes="424248" bytesdiscarded="101088" />
  <memory-copied type="tenure" objects="5062" bytes="255200" bytesdiscarded="112" />
  <references type="phantom" candidates="1" cleared="0" enqueued="0" />
</gc-op>
<gc-end id="1237" type="scavenge" contextid="1233" durationms="1.056" usertimems="0.000" systemtimems="4.000" timestamp="2019-06-15T03:58:15.439" activeThreads="4">
  <mem-info id="1238" free="2077361480" total="2092630016" percent="99">
    <mem type="nursery" free="1047528" total="2228224" percent="47">
      <mem type="allocate" free="1047528" total="1572864" percent="66" />
      <mem type="survivor" free="0" total="655360" percent="0" />
    </mem>
    <mem type="tenure" free="2076313952" total="2090401792" percent="99">
      <mem type="soa" free="1971794272" total="1985882112" percent="99" />
      <mem type="loa" free="104519680" total="104519680" percent="100" />
    </mem>
    <remembered-set count="238" />
  </mem-info>
</gc-end>
<cycle-end id="1239" type="scavenge" contextid="1233" timestamp="2019-06-15T03:58:15.439" />
  <attribute name="elasticGC enabled" value="1" />
  <attribute name= "numThreadsSpecified" value="4" />
  <attribute name="heapSize specified" value="8519680" />
  <attribute name="Current GC Util" value="18" />
  <attribute name= "Current Time Running" value="1943" />
  <attribute name ="GC Interval" value="200" />
  <attribute name="ProportionalT" value="-1.000000" />
  <attribute name="ProportionalI" value="-1.000000" />
  <attribute name="ProportionalH" value="-1.000000" />
  <attribute name="Current Error" value="-2.000000" />
  <attribute name="IntegralT" value="-18.000000" />
  <attribute name="IntegralI" value="-18.000000" />
  <attribute name="IntegralH" value="-18.000000" />
  <attribute name="DerivativeT" value="-0.500000" />
  <attribute name="DerivativeI" value="-0.500000" />
  <attribute name="DerivativeH" value="-0.500000" />
  <attribute name="Loop Time for DT" value="9.000000" />
  <attribute name="Output H" value="2092630016"/>
  <attribute name="Output I" value="200"/>
  <attribute name="Output T" value="4"/>
  <attribute name="Target GC Util Change" value ="20.000000" />
  <attribute name="Current GC Util Change" value="18.000000"/>
  <attribute name="GC Util currently" value="18" />
  <attribute name="CPU Util currently" value="517475759621" />
<allocation-satisfied id="1240" threadId="000000000251D800" bytesRequested="56" />
<af-end id="1241" timestamp="2019-06-15T03:58:15.439" threadId="000000000251E188" success="true" from="nursery"/>
<exclusive-end id="1242" timestamp="2019-06-15T03:58:15.439" durationms="1.602" />

<exclusive-start id="1243" timestamp="2019-06-15T03:58:15.444" intervalms="6.032">
  <response-info timems="0.067" idlems="0.035" threads="2" lastid="0000000002529000" lastname="PmdThread 4" />
</exclusive-start>
<af-start id="1244" threadId="000000000251E188" totalBytesRequested="56" timestamp="2019-06-15T03:58:15.444" intervalms="6.046" type="nursery" />
<cycle-start id="1245" type="scavenge" contextid="0" timestamp="2019-06-15T03:58:15.444" intervalms="6.040" />
<gc-start id="1246" type="scavenge" contextid="1245" timestamp="2019-06-15T03:58:15.444">
  <mem-info id="1247" free="2076313952" total="2092630016" percent="99">
    <mem type="nursery" free="0" total="2228224" percent="0">
      <mem type="allocate" free="0" total="1572864" percent="0" />
      <mem type="survivor" free="0" total="655360" percent="0" />
    </mem>
    <mem type="tenure" free="2076313952" total="2090401792" percent="99">
      <mem type="soa" free="1971794272" total="1985882112" percent="99" />
      <mem type="loa" free="104519680" total="104519680" percent="100" />
    </mem>
    <remembered-set count="258" />
  </mem-info>
</gc-start>
<allocation-stats totalBytes="1047216" >
  <allocated-bytes non-tlh="56" tlh="1047160" />
  <largest-consumer threadName="PmdThread 2" threadId="000000000251D800" bytes="515992" />
</allocation-stats>
<gc-op id="1248" type="scavenge" timems="1.488" contextid="1245" timestamp="2019-06-15T03:58:15.445">
  <scavenger-info tenureage="1" tenuremask="7ffe" tiltratio="70" />
  <memory-copied type="nursery" objects="6695" bytes="256824" bytesdiscarded="95672" />
  <memory-copied type="tenure" objects="9390" bytes="407200" bytesdiscarded="240" />
  <references type="weak" candidates="3" cleared="3" enqueued="3" />
  <references type="phantom" candidates="1" cleared="1" enqueued="1" />
</gc-op>
<gc-end id="1249" type="scavenge" contextid="1245" durationms="1.769" usertimems="4.000" systemtimems="0.000" timestamp="2019-06-15T03:58:15.446" activeThreads="4">
  <mem-info id="1250" free="2077198144" total="2092630016" percent="99">
    <mem type="nursery" free="1285888" total="2228224" percent="57">
      <mem type="allocate" free="1285888" total="1638400" percent="78" />
      <mem type="survivor" free="0" total="589824" percent="0" />
    </mem>
    <mem type="tenure" free="2075912256" total="2090401792" percent="99">
      <mem type="soa" free="1971392576" total="1985882112" percent="99" />
      <mem type="loa" free="104519680" total="104519680" percent="100" />
    </mem>
    <pending-finalizers system="0" default="0" reference="4" classloader="0" />
    <remembered-set count="267" />
  </mem-info>
</gc-end>
<cycle-end id="1251" type="scavenge" contextid="1245" timestamp="2019-06-15T03:58:15.446" />
  <attribute name="elasticGC enabled" value="1" />
  <attribute name= "numThreadsSpecified" value="4" />
  <attribute name="heapSize specified" value="8519680" />
  <attribute name="Current GC Util" value="32" />
  <attribute name= "Current Time Running" value="1949" />
  <attribute name ="GC Interval" value="200" />
  <attribute name="ProportionalT" value="6.000000" />
  <attribute name="ProportionalI" value="6.000000" />
  <attribute name="ProportionalH" value="6.000000" />
  <attribute name="Current Error" value="12.000000" />
  <attribute name="IntegralT" value="72.000000" />
  <attribute name="IntegralI" value="72.000000" />
  <attribute name="IntegralH" value="72.000000" />
  <attribute name="DerivativeT" value="3.000000" />
  <attribute name="DerivativeI" value="3.000000" />
  <attribute name="DerivativeH" value="3.000000" />
  <attribute name="Loop Time for DT" value="6.000000" />
  <attribute name="Output H" value="8388608"/>
  <attribute name="Output I" value="200"/>
  <attribute name="Output T" value="4"/>
  <attribute name="Target GC Util Change" value ="20.000000" />
  <attribute name="Current GC Util Change" value="32.000000"/>
  <attribute name="GC Util currently" value="32" />
  <attribute name="CPU Util currently" value="760568910703" />
<allocation-satisfied id="1252" threadId="000000000251D800" bytesRequested="56" />
<af-end id="1253" timestamp="2019-06-15T03:58:15.446" threadId="000000000251E188" success="true" from="nursery"/>
<exclusive-end id="1254" timestamp="2019-06-15T03:58:15.446" durationms="2.319" />

<exclusive-start id="1255" timestamp="2019-06-15T03:58:15.453" intervalms="9.380">
  <response-info timems="0.097" idlems="0.057" threads="1" lastid="0000000002529000" lastname="PmdThread 4" />
</exclusive-start>
<af-start id="1256" threadId="000000000251A588" totalBytesRequested="40" timestamp="2019-06-15T03:58:15.453" intervalms="9.340" type="nursery" />
<cycle-start id="1257" type="scavenge" contextid="0" timestamp="2019-06-15T03:58:15.453" intervalms="9.300" />
<gc-start id="1258" type="scavenge" contextid="1257" timestamp="2019-06-15T03:58:15.453">
  <mem-info id="1259" free="2075912256" total="2092630016" percent="99">
    <mem type="nursery" free="0" total="2228224" percent="0">
      <mem type="allocate" free="0" total="1638400" percent="0" />
      <mem type="survivor" free="0" total="589824" percent="0" />
    </mem>
    <mem type="tenure" free="2075912256" total="2090401792" percent="99">
      <mem type="soa" free="1971392576" total="1985882112" percent="99" />
      <mem type="loa" free="104519680" total="104519680" percent="100" />
    </mem>
    <remembered-set count="323" />
  </mem-info>
</gc-start>
<allocation-stats totalBytes="1280152" >
  <allocated-bytes non-tlh="56" tlh="1280096" />
  <largest-consumer threadName="PmdThread 1" threadId="0000000002519C00" bytes="740720" />
</allocation-stats>
<gc-op id="1260" type="scavenge" timems="1.148" contextid="1257" timestamp="2019-06-15T03:58:15.454">
  <scavenger-info tenureage="1" tenuremask="7ffe" tiltratio="73" />
  <memory-copied type="nursery" objects="14619" bytes="520232" bytesdiscarded="60896" />
  <memory-copied type="tenure" objects="6687" bytes="248592" bytesdiscarded="136" />
  <references type="phantom" candidates="1" cleared="0" enqueued="0" />
</gc-op>
<gc-end id="1261" type="scavenge" contextid="1257" durationms="1.305" usertimems="4.000" systemtimems="0.000" timestamp="2019-06-15T03:58:15.454" activeThreads="4">
  <mem-info id="1262" free="2076433200" total="2092630016" percent="99">
    <mem type="nursery" free="795120" total="2228224" percent="35">
      <mem type="allocate" free="795120" total="1376256" percent="57" />
      <mem type="survivor" free="0" total="851968" percent="0" />
    </mem>
    <mem type="tenure" free="2075638080" total="2090401792" percent="99">
      <mem type="soa" free="1971118400" total="1985882112" percent="99" />
      <mem type="loa" free="104519680" total="104519680" percent="100" />
    </mem>
    <remembered-set count="182" />
  </mem-info>
</gc-end>
<cycle-end id="1263" type="scavenge" contextid="1257" timestamp="2019-06-15T03:58:15.454" />
  <attribute name="elasticGC enabled" value="1" />
  <attribute name= "numThreadsSpecified" value="4" />
  <attribute name="heapSize specified" value="8519680" />
  <attribute name="Current GC Util" value="22" />
  <attribute name= "Current Time Running" value="1958" />
  <attribute name ="GC Interval" value="200" />
  <attribute name="ProportionalT" value="1.000000" />
  <attribute name="ProportionalI" value="1.000000" />
  <attribute name="ProportionalH" value="1.000000" />
  <attribute name="Current Error" value="2.000000" />
  <attribute name="IntegralT" value="18.000000" />
  <attribute name="IntegralI" value="18.000000" />
  <attribute name="IntegralH" value="18.000000" />
  <attribute name="DerivativeT" value="-1.666667" />
  <attribute name="DerivativeI" value="-1.666667" />
  <attribute name="DerivativeH" value="-1.666667" />
  <attribute name="Loop Time for DT" value="9.000000" />
  <attribute name="Output H" value="8388608"/>
  <attribute name="Output I" value="200"/>
  <attribute name="Output T" value="4"/>
  <attribute name="Target GC Util Change" value ="20.000000" />
  <attribute name="Current GC Util Change" value="22.000000"/>
  <attribute name="GC Util currently" value="22" />
  <attribute name="CPU Util currently" value="502508465192" />
<allocation-satisfied id="1264" threadId="0000000002519C00" bytesRequested="40" />
<af-end id="1265" timestamp="2019-06-15T03:58:15.455" threadId="000000000251A588" success="true" from="nursery"/>
<exclusive-end id="1266" timestamp="2019-06-15T03:58:15.455" durationms="1.710" />

<exclusive-start id="1267" timestamp="2019-06-15T03:58:15.457" intervalms="3.982">
  <response-info timems="0.213" idlems="0.191" threads="1" lastid="0000000002210F00" lastname="JIT Compilation Thread-1" />
</exclusive-start>
<af-start id="1268" threadId="0000000002529988" totalBytesRequested="40" timestamp="2019-06-15T03:58:15.457" intervalms="4.019" type="nursery" />
<cycle-start id="1269" type="scavenge" contextid="0" timestamp="2019-06-15T03:58:15.457" intervalms="4.067" />
<gc-start id="1270" type="scavenge" contextid="1269" timestamp="2019-06-15T03:58:15.457">
  <mem-info id="1271" free="2075638080" total="2092630016" percent="99">
    <mem type="nursery" free="0" total="2228224" percent="0">
      <mem type="allocate" free="0" total="1376256" percent="0" />
      <mem type="survivor" free="0" total="851968" percent="0" />
    </mem>
    <mem type="tenure" free="2075638080" total="2090401792" percent="99">
      <mem type="soa" free="1971118400" total="1985882112" percent="99" />
      <mem type="loa" free="104519680" total="104519680" percent="100" />
    </mem>
    <remembered-set count="235" />
  </mem-info>
</gc-start>
<allocation-stats totalBytes="794816" >
  <allocated-bytes non-tlh="40" tlh="794776" />
  <largest-consumer threadName="PmdThread 1" threadId="0000000002519C00" bytes="331696" />
</allocation-stats>
<gc-op id="1272" type="scavenge" timems="2.103" contextid="1269" timestamp="2019-06-15T03:58:15.459">
  <scavenger-info tenureage="1" tenuremask="7ffe" tiltratio="61" />
  <memory-copied type="nursery" objects="12560" bytes="401656" bytesdiscarded="99080" />
  <memory-copied type="tenure" objects="14601" bytes="519256" bytesdiscarded="192" />
</gc-op>
<gc-end id="1273" type="scavenge" contextid="1269" durationms="2.440" usertimems="8.000" systemtimems="0.000" timestamp="2019-06-15T03:58:15.460" activeThreads="4">
  <mem-info id="1274" free="2076099104" total="2092630016" percent="99">
    <mem type="nursery" free="941056" total="2228224" percent="42">
      <mem type="allocate" free="941056" total="1441792" percent="65" />
      <mem type="survivor" free="0" total="786432" percent="0" />
    </mem>
    <mem type="tenure" free="2075158048" total="2090401792" percent="99">
      <mem type="soa" free="1970638368" total="1985882112" percent="99" />
      <mem type="loa" free="104519680" total="104519680" percent="100" />
    </mem>
    <remembered-set count="197" />
  </mem-info>
</gc-end>
<cycle-end id="1275" type="scavenge" contextid="1269" timestamp="2019-06-15T03:58:15.460" />
  <attribute name="elasticGC enabled" value="1" />
  <attribute name= "numThreadsSpecified" value="4" />
  <attribute name="heapSize specified" value="8519680" />
  <attribute name="Current GC Util" value="53" />
  <attribute name= "Current Time Running" value="1963" />
  <attribute name ="GC Interval" value="200" />
  <attribute name="ProportionalT" value="16.500000" />
  <attribute name="ProportionalI" value="16.500000" />
  <attribute name="ProportionalH" value="16.500000" />
  <attribute name="Current Error" value="33.000000" />
  <attribute name="IntegralT" value="165.000000" />
  <attribute name="IntegralI" value="165.000000" />
  <attribute name="IntegralH" value="165.000000" />
  <attribute name="DerivativeT" value="9.300000" />
  <attribute name="DerivativeI" value="9.300000" />
  <attribute name="DerivativeH" value="9.300000" />
  <attribute name="Loop Time for DT" value="5.000000" />
  <attribute name="Output H" value="8388608"/>
  <attribute name="Output I" value="200"/>
  <attribute name="Output T" value="4"/>
  <attribute name="Target GC Util Change" value ="20.000000" />
  <attribute name="Current GC Util Change" value="53.000000"/>
  <attribute name="GC Util currently" value="53" />
  <attribute name="CPU Util currently" value="1095183692539" />
<allocation-satisfied id="1276" threadId="0000000002529000" bytesRequested="40" />
<af-end id="1277" timestamp="2019-06-15T03:58:15.460" threadId="0000000002529988" success="true" from="nursery"/>
<exclusive-end id="1278" timestamp="2019-06-15T03:58:15.460" durationms="3.247" />

<exclusive-start id="1279" timestamp="2019-06-15T03:58:15.465" intervalms="8.164">
  <response-info timems="0.079" idlems="0.079" threads="0" lastid="0000000002525400" lastname="PmdThread 3" />
</exclusive-start>
<af-start id="1280" threadId="0000000002525D88" totalBytesRequested="176" timestamp="2019-06-15T03:58:15.465" intervalms="8.172" type="nursery" />
<cycle-start id="1281" type="scavenge" contextid="0" timestamp="2019-06-15T03:58:15.465" intervalms="8.208" />
<gc-start id="1282" type="scavenge" contextid="1281" timestamp="2019-06-15T03:58:15.465">
  <mem-info id="1283" free="2075158048" total="2092630016" percent="99">
    <mem type="nursery" free="0" total="2228224" percent="0">
      <mem type="allocate" free="0" total="1441792" percent="0" />
      <mem type="survivor" free="0" total="786432" percent="0" />
    </mem>
    <mem type="tenure" free="2075158048" total="2090401792" percent="99">
      <mem type="soa" free="1970638368" total="1985882112" percent="99" />
      <mem type="loa" free="104519680" total="104519680" percent="100" />
    </mem>
    <remembered-set count="241" />
  </mem-info>
</gc-start>
<allocation-stats totalBytes="940696" >
  <allocated-bytes non-tlh="40" tlh="940656" />
  <largest-consumer threadName="PmdThread 1" threadId="0000000002519C00" bytes="343984" />
</allocation-stats>
<gc-op id="1284" type="scavenge" timems="2.133" contextid="1281" timestamp="2019-06-15T03:58:15.468">
  <scavenger-info tenureage="1" tenuremask="7ffe" tiltratio="64" />
  <memory-copied type="nursery" objects="15729" bytes="513688" bytesdiscarded="65368" />
  <memory-copied type="tenure" objects="12445" bytes="397944" bytesdiscarded="1056" />
  <references type="weak" candidates="1" cleared="1" enqueued="1" />
  <references type="phantom" candidates="1" cleared="1" enqueued="1" />
</gc-op>
<gc-end id="1285" type="scavenge" contextid="1281" durationms="2.742" usertimems="0.000" systemtimems="8.000" timestamp="2019-06-15T03:58:15.468" activeThreads="4">
  <mem-info id="1286" free="2075655456" total="2092630016" percent="99">
    <mem type="nursery" free="928256" total="2228224" percent="41">
      <mem type="allocate" free="928256" total="1507328" percent="61" />
      <mem type="survivor" free="0" total="720896" percent="0" />
    </mem>
    <mem type="tenure" free="2074727200" total="2090401792" percent="99">
      <mem type="soa" free="1970207520" total="1985882112" percent="99" />
      <mem type="loa" free="104519680" total="104519680" percent="100" />
    </mem>
    <pending-finalizers system="0" default="0" reference="2" classloader="0" />
    <remembered-set count="402" />
  </mem-info>
</gc-end>
<cycle-end id="1287" type="scavenge" contextid="1281" timestamp="2019-06-15T03:58:15.468" />
  <attribute name="elasticGC enabled" value="1" />
  <attribute name= "numThreadsSpecified" value="4" />
  <attribute name="heapSize specified" value="8519680" />
  <attribute name="Current GC Util" value="40" />
  <attribute name= "Current Time Running" value="1971" />
  <attribute name ="GC Interval" value="200" />
  <attribute name="ProportionalT" value="10.000000" />
  <attribute name="ProportionalI" value="10.000000" />
  <attribute name="ProportionalH" value="10.000000" />
  <attribute name="Current Error" value="20.000000" />
  <attribute name="IntegralT" value="160.000000" />
  <attribute name="IntegralI" value="160.000000" />
  <attribute name="IntegralH" value="160.000000" />
  <attribute name="DerivativeT" value="-2.437500" />
  <attribute name="DerivativeI" value="-2.437500" />
  <attribute name="DerivativeH" value="-2.437500" />
  <attribute name="Loop Time for DT" value="8.000000" />
  <attribute name="Output H" value="8388608"/>
  <attribute name="Output I" value="200"/>
  <attribute name="Output T" value="4"/>
  <attribute name="Target GC Util Change" value ="20.000000" />
  <attribute name="Current GC Util Change" value="40.000000"/>
  <attribute name="GC Util currently" value="40" />
  <attribute name="CPU Util currently" value="553529876861" />
<allocation-satisfied id="1288" threadId="0000000002525400" bytesRequested="176" />
<af-end id="1289" timestamp="2019-06-15T03:58:15.469" threadId="0000000002525D88" success="true" from="nursery"/>
<exclusive-end id="1290" timestamp="2019-06-15T03:58:15.469" durationms="3.731" />

<exclusive-start id="1291" timestamp="2019-06-15T03:58:15.472" intervalms="6.616">
  <response-info timems="0.575" idlems="0.387" threads="2" lastid="000000000220D300" lastname="JIT Compilation Thread-0" />
</exclusive-start>
<af-start id="1292" threadId="0000000002525D88" totalBytesRequested="104" timestamp="2019-06-15T03:58:15.472" intervalms="6.664" type="nursery" />
<cycle-start id="1293" type="scavenge" contextid="0" timestamp="2019-06-15T03:58:15.472" intervalms="6.684" />
<gc-start id="1294" type="scavenge" contextid="1293" timestamp="2019-06-15T03:58:15.472">
  <mem-info id="1295" free="2074727200" total="2092630016" percent="99">
    <mem type="nursery" free="0" total="2228224" percent="0">
      <mem type="allocate" free="0" total="1507328" percent="0" />
      <mem type="survivor" free="0" total="720896" percent="0" />
    </mem>
    <mem type="tenure" free="2074727200" total="2090401792" percent="99">
      <mem type="soa" free="1970207520" total="1985882112" percent="99" />
      <mem type="loa" free="104519680" total="104519680" percent="100" />
    </mem>
    <remembered-set count="435" />
  </mem-info>
</gc-start>
<allocation-stats totalBytes="926768" >
  <allocated-bytes non-tlh="176" tlh="926592" />
  <largest-consumer threadName="PmdThread 3" threadId="0000000002525400" bytes="498456" />
</allocation-stats>
<gc-op id="1296" type="scavenge" timems="2.580" contextid="1293" timestamp="2019-06-15T03:58:15.475">
  <scavenger-info tenureage="1" tenuremask="7ffe" tiltratio="67" />
  <memory-copied type="nursery" objects="7912" bytes="241080" bytesdiscarded="150600" />
  <memory-copied type="tenure" objects="15666" bytes="489248" bytesdiscarded="312" />
  <references type="weak" candidates="54" cleared="54" enqueued="54" />
</gc-op>
<gc-end id="1297" type="scavenge" contextid="1293" durationms="3.196" usertimems="4.000" systemtimems="0.000" timestamp="2019-06-15T03:58:15.475" activeThreads="4">
  <mem-info id="1298" free="2075333664" total="2092630016" percent="99">
    <mem type="nursery" free="1115648" total="2228224" percent="50">
      <mem type="allocate" free="1115648" total="1507328" percent="74" />
      <mem type="survivor" free="0" total="720896" percent="0" />
    </mem>
    <mem type="tenure" free="2074218016" total="2090401792" percent="99">
      <mem type="soa" free="1969698336" total="1985882112" percent="99" />
      <mem type="loa" free="104519680" total="104519680" percent="100" />
    </mem>
    <pending-finalizers system="0" default="0" reference="54" classloader="0" />
    <remembered-set count="194" />
  </mem-info>
</gc-end>
<cycle-end id="1299" type="scavenge" contextid="1293" timestamp="2019-06-15T03:58:15.476" />
  <attribute name="elasticGC enabled" value="1" />
  <attribute name= "numThreadsSpecified" value="4" />
  <attribute name="heapSize specified" value="8519680" />
  <attribute name="Current GC Util" value="59" />
  <attribute name= "Current Time Running" value="1978" />
  <attribute name ="GC Interval" value="296" />
  <attribute name="ProportionalT" value="19.500000" />
  <attribute name="ProportionalI" value="19.500000" />
  <attribute name="ProportionalH" value="19.500000" />
  <attribute name="Current Error" value="39.000000" />
  <attribute name="IntegralT" value="273.000000" />
  <attribute name="IntegralI" value="273.000000" />
  <attribute name="IntegralH" value="273.000000" />
  <attribute name="DerivativeT" value="4.071429" />
  <attribute name="DerivativeI" value="4.071429" />
  <attribute name="DerivativeH" value="4.071429" />
  <attribute name="Loop Time for DT" value="7.000000" />
  <attribute name="Output H" value="8388608"/>
  <attribute name="Output I" value="296"/>
  <attribute name="Output T" value="4"/>
  <attribute name="Target GC Util Change" value ="20.000000" />
  <attribute name="Current GC Util Change" value="59.000000"/>
  <attribute name="GC Util currently" value="59" />
  <attribute name="CPU Util currently" value="685168161680" />
<allocation-satisfied id="1300" threadId="0000000002525400" bytesRequested="104" />
<af-end id="1301" timestamp="2019-06-15T03:58:15.476" threadId="0000000002525D88" success="true" from="nursery"/>
<exclusive-end id="1302" timestamp="2019-06-15T03:58:15.476" durationms="4.208" />

<exclusive-start id="1303" timestamp="2019-06-15T03:58:15.478" intervalms="6.690">
  <response-info timems="0.036" idlems="0.020" threads="1" lastid="0000000002519C00" lastname="PmdThread 1" />
</exclusive-start>
<af-start id="1304" threadId="000000000251E188" totalBytesRequested="56" timestamp="2019-06-15T03:58:15.478" intervalms="6.629" type="nursery" />
<cycle-start id="1305" type="scavenge" contextid="0" timestamp="2019-06-15T03:58:15.479" intervalms="6.534" />
<gc-start id="1306" type="scavenge" contextid="1305" timestamp="2019-06-15T03:58:15.479">
  <mem-info id="1307" free="2074218016" total="2092630016" percent="99">
    <mem type="nursery" free="0" total="2228224" percent="0">
      <mem type="allocate" free="0" total="1507328" percent="0" />
      <mem type="survivor" free="0" total="720896" percent="0" />
    </mem>
    <mem type="tenure" free="2074218016" total="2090401792" percent="99">
      <mem type="soa" free="1969698336" total="1985882112" percent="99" />
      <mem type="loa" free="104519680" total="104519680" percent="100" />
    </mem>
    <remembered-set count="606" />
  </mem-info>
</gc-start>
<allocation-stats totalBytes="1114560" >
  <allocated-bytes non-tlh="104" tlh="1114456" />
  <largest-consumer threadName="PmdThread 3" threadId="0000000002525400" bytes="504416" />
</allocation-stats>
<gc-op id="1308" type="scavenge" timems="1.201" contextid="1305" timestamp="2019-06-15T03:58:15.480">
  <scavenger-info tenureage="1" tenuremask="7ffe" tiltratio="67" />
  <memory-copied type="nursery" objects="6488" bytes="191984" bytesdiscarded="121352" />
  <memory-copied type="tenure" objects="7800" bytes="237400" bytesdiscarded="168" />
  <references type="weak" candidates="86" cleared="86" enqueued="86" />
</gc-op>
<gc-end id="1309" type="scavenge" contextid="1305" durationms="1.355" usertimems="0.000" systemtimems="0.000" timestamp="2019-06-15T03:58:15.480" activeThreads="4">
  <mem-info id="1310" free="2075308064" total="2092630016" percent="99">
    <mem type="nursery" free="1325056" total="2228224" percent="59">
      <mem type="allocate" free="1325056" total="1638400" percent="80" />
      <mem type="survivor" free="0" total="589824" percent="0" />
    </mem>
    <mem type="tenure" free="2073983008" total="2090401792" percent="99">
      <mem type="soa" free="1969463328" total="1985882112" percent="99" />
      <mem type="loa" free="104519680" total="104519680" percent="100" />
    </mem>
    <pending-finalizers system="0" default="0" reference="86" classloader="0" />
    <remembered-set count="587" />
  </mem-info>
</gc-end>
<cycle-end id="1311" type="scavenge" contextid="1305" timestamp="2019-06-15T03:58:15.480" />
  <attribute name="elasticGC enabled" value="1" />
  <attribute name= "numThreadsSpecified" value="4" />
  <attribute name="heapSize specified" value="8519680" />
  <attribute name="Current GC Util" value="66" />
  <attribute name= "Current Time Running" value="1984" />
  <attribute name ="GC Interval" value="304" />
  <attribute name="ProportionalT" value="23.000000" />
  <attribute name="ProportionalI" value="23.000000" />
  <attribute name="ProportionalH" value="23.000000" />
  <attribute name="Current Error" value="46.000000" />
  <attribute name="IntegralT" value="276.000000" />
  <attribute name="IntegralI" value="276.000000" />
  <attribute name="IntegralH" value="276.000000" />
  <attribute name="DerivativeT" value="1.750000" />
  <attribute name="DerivativeI" value="1.750000" />
  <attribute name="DerivativeH" value="1.750000" />
  <attribute name="Loop Time for DT" value="6.000000" />
  <attribute name="Output H" value="8388608"/>
  <attribute name="Output I" value="304"/>
  <attribute name="Output T" value="4"/>
  <attribute name="Target GC Util Change" value ="20.000000" />
  <attribute name="Current GC Util Change" value="66.000000"/>
  <attribute name="GC Util currently" value="66" />
  <attribute name="CPU Util currently" value="742279734821" />
<allocation-satisfied id="1312" threadId="000000000251D800" bytesRequested="56" />
<af-end id="1313" timestamp="2019-06-15T03:58:15.480" threadId="000000000251E188" success="true" from="nursery"/>
<exclusive-end id="1314" timestamp="2019-06-15T03:58:15.480" durationms="1.779" />

<exclusive-start id="1315" timestamp="2019-06-15T03:58:15.482" intervalms="4.079">
  <response-info timems="0.032" idlems="0.018" threads="1" lastid="000000000251D800" lastname="PmdThread 2" />
</exclusive-start>
<af-start id="1316" threadId="000000000251A588" totalBytesRequested="40" timestamp="2019-06-15T03:58:15.482" intervalms="4.024" type="nursery" />
<cycle-start id="1317" type="scavenge" contextid="0" timestamp="2019-06-15T03:58:15.483" intervalms="4.021" />
<gc-start id="1318" type="scavenge" contextid="1317" timestamp="2019-06-15T03:58:15.483">
  <mem-info id="1319" free="2073983008" total="2092630016" percent="99">
    <mem type="nursery" free="0" total="2228224" percent="0">
      <mem type="allocate" free="0" total="1638400" percent="0" />
      <mem type="survivor" free="0" total="589824" percent="0" />
    </mem>
    <mem type="tenure" free="2073983008" total="2090401792" percent="99">
      <mem type="soa" free="1969463328" total="1985882112" percent="99" />
      <mem type="loa" free="104519680" total="104519680" percent="100" />
    </mem>
    <remembered-set count="909" />
  </mem-info>
</gc-start>
<allocation-stats totalBytes="1324304" >
  <allocated-bytes non-tlh="56" tlh="1324248" />
  <largest-consumer threadName="PmdThread 3" threadId="0000000002525400" bytes="515568" />
</allocation-stats>
<gc-op id="1320" type="scavenge" timems="1.055" contextid="1317" timestamp="2019-06-15T03:58:15.484">
  <scavenger-info tenureage="1" tenuremask="7ffe" tiltratio="73" />
  <memory-copied type="nursery" objects="6684" bytes="205296" bytesdiscarded="147200" />
  <memory-copied type="tenure" objects="6300" bytes="185720" bytesdiscarded="56" />
  <references type="weak" candidates="84" cleared="84" enqueued="84" />
</gc-op>
<gc-end id="1321" type="scavenge" contextid="1317" durationms="1.204" usertimems="4.000" systemtimems="0.000" timestamp="2019-06-15T03:58:15.484" activeThreads="4">
  <mem-info id="1322" free="2075138592" total="2092630016" percent="99">
    <mem type="nursery" free="1351424" total="2228224" percent="60">
      <mem type="allocate" free="1351424" total="1703936" percent="79" />
      <mem type="survivor" free="0" total="524288" percent="0" />
    </mem>
    <mem type="tenure" free="2073787168" total="2090401792" percent="99">
      <mem type="soa" free="1969267488" total="1985882112" percent="99" />
      <mem type="loa" free="104519680" total="104519680" percent="100" />
    </mem>
    <pending-finalizers system="0" default="0" reference="84" classloader="0" />
    <remembered-set count="373" />
  </mem-info>
</gc-end>
<cycle-end id="1323" type="scavenge" contextid="1317" timestamp="2019-06-15T03:58:15.484" />
  <attribute name="elasticGC enabled" value="1" />
  <attribute name= "numThreadsSpecified" value="4" />
  <attribute name="heapSize specified" value="8519680" />
  <attribute name="Current GC Util" value="40" />
  <attribute name= "Current Time Running" value="1988" />
  <attribute name ="GC Interval" value="200" />
  <attribute name="ProportionalT" value="10.000000" />
  <attribute name="ProportionalI" value="10.000000" />
  <attribute name="ProportionalH" value="10.000000" />
  <attribute name="Current Error" value="20.000000" />
  <attribute name="IntegralT" value="80.000000" />
  <attribute name="IntegralI" value="80.000000" />
  <attribute name="IntegralH" value="80.000000" />
  <attribute name="DerivativeT" value="-9.750000" />
  <attribute name="DerivativeI" value="-9.750000" />
  <attribute name="DerivativeH" value="-9.750000" />
  <attribute name="Loop Time for DT" value="4.000000" />
  <attribute name="Output H" value="8388608"/>
  <attribute name="Output I" value="200"/>
  <attribute name="Output T" value="4"/>
  <attribute name="Target GC Util Change" value ="20.000000" />
  <attribute name="Current GC Util Change" value="40.000000"/>
  <attribute name="GC Util currently" value="40" />
  <attribute name="CPU Util currently" value="1148290447557" />
<allocation-satisfied id="1324" threadId="0000000002519C00" bytesRequested="40" />
<af-end id="1325" timestamp="2019-06-15T03:58:15.484" threadId="000000000251A588" success="true" from="nursery"/>
<exclusive-end id="1326" timestamp="2019-06-15T03:58:15.484" durationms="1.636" />

<exclusive-start id="1327" timestamp="2019-06-15T03:58:15.488" intervalms="5.090">
  <response-info timems="0.062" idlems="0.062" threads="0" lastid="0000000002525400" lastname="PmdThread 3" />
</exclusive-start>
<af-start id="1328" threadId="0000000002525D88" totalBytesRequested="56" timestamp="2019-06-15T03:58:15.488" intervalms="5.121" type="nursery" />
<cycle-start id="1329" type="scavenge" contextid="0" timestamp="2019-06-15T03:58:15.488" intervalms="5.166" />
<gc-start id="1330" type="scavenge" contextid="1329" timestamp="2019-06-15T03:58:15.488">
  <mem-info id="1331" free="2073787168" total="2092630016" percent="99">
    <mem type="nursery" free="0" total="2228224" percent="0">
      <mem type="allocate" free="0" total="1703936" percent="0" />
      <mem type="survivor" free="0" total="524288" percent="0" />
    </mem>
    <mem type="tenure" free="2073787168" total="2090401792" percent="99">
      <mem type="soa" free="1969267488" total="1985882112" percent="99" />
      <mem type="loa" free="104519680" total="104519680" percent="100" />
    </mem>
    <remembered-set count="451" />
  </mem-info>
</gc-start>
<allocation-stats totalBytes="1350888" >
  <allocated-bytes non-tlh="40" tlh="1350848" />
  <largest-consumer threadName="PmdThread 3" threadId="0000000002525400" bytes="630320" />
</allocation-stats>
<gc-op id="1332" type="scavenge" timems="1.700" contextid="1329" timestamp="2019-06-15T03:58:15.490">
  <scavenger-info tenureage="1" tenuremask="7ffe" tiltratio="76" />
  <memory-copied type="nursery" objects="10938" bytes="417760" bytesdiscarded="106520" />
  <memory-copied type="tenure" objects="6481" bytes="198400" bytesdiscarded="96" />
  <references type="weak" candidates="13" cleared="13" enqueued="13" />
  <references type="phantom" candidates="2" cleared="1" enqueued="1" />
</gc-op>
<gc-end id="1333" type="scavenge" contextid="1329" durationms="2.264" usertimems="0.000" systemtimems="4.000" timestamp="2019-06-15T03:58:15.490" activeThreads="4">
  <mem-info id="1334" free="2074639904" total="2092630016" percent="99">
    <mem type="nursery" free="1048576" total="2228224" percent="47">
      <mem type="allocate" free="1048576" total="1572864" percent="66" />
      <mem type="survivor" free="0" total="655360" percent="0" />
    </mem>
    <mem type="tenure" free="2073591328" total="2090401792" percent="99">
      <mem type="soa" free="1969071648" total="1985882112" percent="99" />
      <mem type="loa" free="104519680" total="104519680" percent="100" />
    </mem>
    <pending-finalizers system="0" default="0" reference="14" classloader="0" />
    <remembered-set count="178" />
  </mem-info>
</gc-end>
<cycle-end id="1335" type="scavenge" contextid="1329" timestamp="2019-06-15T03:58:15.490" />
  <attribute name="elasticGC enabled" value="1" />
  <attribute name= "numThreadsSpecified" value="4" />
  <attribute name="heapSize specified" value="8519680" />
  <attribute name="Current GC Util" value="26" />
  <attribute name= "Current Time Running" value="1993" />
  <attribute name ="GC Interval" value="200" />
  <attribute name="ProportionalT" value="3.000000" />
  <attribute name="ProportionalI" value="3.000000" />
  <attribute name="ProportionalH" value="3.000000" />
  <attribute name="Current Error" value="6.000000" />
  <attribute name="IntegralT" value="30.000000" />
  <attribute name="IntegralI" value="30.000000" />
  <attribute name="IntegralH" value="30.000000" />
  <attribute name="DerivativeT" value="-4.200000" />
  <attribute name="DerivativeI" value="-4.200000" />
  <attribute name="DerivativeH" value="-4.200000" />
  <attribute name="Loop Time for DT" value="5.000000" />
  <attribute name="Output H" value="8388608"/>
  <attribute name="Output I" value="200"/>
  <attribute name="Output T" value="4"/>
  <attribute name="Target GC Util Change" value ="20.000000" />
  <attribute name="Current GC Util Change" value="26.000000"/>
  <attribute name="GC Util currently" value="26" />
  <attribute name="CPU Util currently" value="859181678332" />
<allocation-satisfied id="1336" threadId="0000000002525400" bytesRequested="56" />
<af-end id="1337" timestamp="2019-06-15T03:58:15.490" threadId="0000000002525D88" success="true" from="nursery"/>
<exclusive-end id="1338" timestamp="2019-06-15T03:58:15.490" durationms="2.950" />

<exclusive-start id="1339" timestamp="2019-06-15T03:58:15.494" intervalms="6.224">
  <response-info timems="0.045" idlems="0.045" threads="0" lastid="0000000002519C00" lastname="PmdThread 1" />
</exclusive-start>
<af-start id="1340" threadId="000000000251A588" totalBytesRequested="24" timestamp="2019-06-15T03:58:15.494" intervalms="6.282" type="nursery" />
<cycle-start id="1341" type="scavenge" contextid="0" timestamp="2019-06-15T03:58:15.494" intervalms="6.297" />
<gc-start id="1342" type="scavenge" contextid="1341" timestamp="2019-06-15T03:58:15.494">
  <mem-info id="1343" free="2073591328" total="2092630016" percent="99">
    <mem type="nursery" free="0" total="2228224" percent="0">
      <mem type="allocate" free="0" total="1572864" percent="0" />
      <mem type="survivor" free="0" total="655360" percent="0" />
    </mem>
    <mem type="tenure" free="2073591328" total="2090401792" percent="99">
      <mem type="soa" free="1969071648" total="1985882112" percent="99" />
      <mem type="loa" free="104519680" total="104519680" percent="100" />
    </mem>
    <remembered-set count="210" />
  </mem-info>
</gc-start>
<allocation-stats totalBytes="1048072" >
  <allocated-bytes non-tlh="56" tlh="1048016" />
  <largest-consumer threadName="PmdThread 3" threadId="0000000002525400" bytes="475064" />
</allocation-stats>
<gc-op id="1344" type="scavenge" timems="1.479" contextid="1341" timestamp="2019-06-15T03:58:15.496">
  <scavenger-info tenureage="1" tenuremask="7ffe" tiltratio="70" />
  <memory-copied type="nursery" objects="13926" bytes="450840" bytesdiscarded="97512" />
  <memory-copied type="tenure" objects="10772" bytes="412600" bytesdiscarded="80" />
  <references type="weak" candidates="4" cleared="4" enqueued="4" />
</gc-op>
<gc-end id="1345" type="scavenge" contextid="1341" durationms="1.702" usertimems="0.000" systemtimems="0.000" timestamp="2019-06-15T03:58:15.496" activeThreads="4">
  <mem-info id="1346" free="2074271480" total="2092630016" percent="99">
    <mem type="nursery" free="1090048" total="2228224" percent="48">
      <mem type="allocate" free="1090048" total="1638400" percent="66" />
      <mem type="survivor" free="0" total="589824" percent="0" />
    </mem>
    <mem type="tenure" free="2073181432" total="2090401792" percent="99">
      <mem type="soa" free="1968661752" total="1985882112" percent="99" />
      <mem type="loa" free="104519680" total="104519680" percent="100" />
    </mem>
    <pending-finalizers system="0" default="0" reference="4" classloader="0" />
    <remembered-set count="218" />
  </mem-info>
</gc-end>
<cycle-end id="1347" type="scavenge" contextid="1341" timestamp="2019-06-15T03:58:15.496" />
  <attribute name="elasticGC enabled" value="1" />
  <attribute name= "numThreadsSpecified" value="4" />
  <attribute name="heapSize specified" value="8519680" />
  <attribute name="Current GC Util" value="43" />
  <attribute name= "Current Time Running" value="2000" />
  <attribute name ="GC Interval" value="200" />
  <attribute name="ProportionalT" value="11.500000" />
  <attribute name="ProportionalI" value="11.500000" />
  <attribute name="ProportionalH" value="11.500000" />
  <attribute name="Current Error" value="23.000000" />
  <attribute name="IntegralT" value="161.000000" />
  <attribute name="IntegralI" value="161.000000" />
  <attribute name="IntegralH" value="161.000000" />
  <attribute name="DerivativeT" value="3.642857" />
  <attribute name="DerivativeI" value="3.642857" />
  <attribute name="DerivativeH" value="3.642857" />
  <attribute name="Loop Time for DT" value="7.000000" />
  <attribute name="Output H" value="8388608"/>
  <attribute name="Output I" value="200"/>
  <attribute name="Output T" value="4"/>
  <attribute name="Target GC Util Change" value ="20.000000" />
  <attribute name="Current GC Util Change" value="43.000000"/>
  <attribute name="GC Util currently" value="43" />
  <attribute name="CPU Util currently" value="747798491860" />
<allocation-satisfied id="1348" threadId="0000000002519C00" bytesRequested="24" />
<af-end id="1349" timestamp="2019-06-15T03:58:15.496" threadId="000000000251A588" success="true" from="nursery"/>
<exclusive-end id="1350" timestamp="2019-06-15T03:58:15.496" durationms="2.332" />

<exclusive-start id="1351" timestamp="2019-06-15T03:58:15.499" intervalms="5.137">
  <response-info timems="0.045" idlems="0.024" threads="1" lastid="0000000002519C00" lastname="PmdThread 1" />
</exclusive-start>
<af-start id="1352" threadId="000000000251E188" totalBytesRequested="40" timestamp="2019-06-15T03:58:15.499" intervalms="5.094" type="nursery" />
<cycle-start id="1353" type="scavenge" contextid="0" timestamp="2019-06-15T03:58:15.499" intervalms="5.066" />
<gc-start id="1354" type="scavenge" contextid="1353" timestamp="2019-06-15T03:58:15.499">
  <mem-info id="1355" free="2073181432" total="2092630016" percent="99">
    <mem type="nursery" free="0" total="2228224" percent="0">
      <mem type="allocate" free="0" total="1638400" percent="0" />
      <mem type="survivor" free="0" total="589824" percent="0" />
    </mem>
    <mem type="tenure" free="2073181432" total="2090401792" percent="99">
      <mem type="soa" free="1968661752" total="1985882112" percent="99" />
      <mem type="loa" free="104519680" total="104519680" percent="100" />
    </mem>
    <remembered-set count="478" />
  </mem-info>
</gc-start>
<allocation-stats totalBytes="1088152" >
  <allocated-bytes non-tlh="24" tlh="1088128" />
  <largest-consumer threadName="PmdThread 4" threadId="0000000002529000" bytes="387432" />
</allocation-stats>
<gc-op id="1356" type="scavenge" timems="1.933" contextid="1353" timestamp="2019-06-15T03:58:15.501">
  <scavenger-info tenureage="1" tenuremask="7ffe" tiltratio="73" />
  <memory-copied type="nursery" objects="11388" bytes="362568" bytesdiscarded="146616" />
  <memory-copied type="tenure" objects="13847" bytes="448056" bytesdiscarded="736" />
  <references type="weak" candidates="12" cleared="12" enqueued="12" />
</gc-op>
<gc-end id="1357" type="scavenge" contextid="1353" durationms="2.206" usertimems="4.000" systemtimems="0.000" timestamp="2019-06-15T03:58:15.501" activeThreads="4">
  <mem-info id="1358" free="2073879800" total="2092630016" percent="99">
    <mem type="nursery" free="1129216" total="2228224" percent="50">
      <mem type="allocate" free="1129216" total="1638400" percent="68" />
      <mem type="survivor" free="0" total="589824" percent="0" />
    </mem>
    <mem type="tenure" free="2072750584" total="2090401792" percent="99">
      <mem type="soa" free="1968230904" total="1985882112" percent="99" />
      <mem type="loa" free="104519680" total="104519680" percent="100" />
    </mem>
    <pending-finalizers system="0" default="0" reference="12" classloader="0" />
    <remembered-set count="223" />
  </mem-info>
</gc-end>
<cycle-end id="1359" type="scavenge" contextid="1353" timestamp="2019-06-15T03:58:15.501" />
  <attribute name="elasticGC enabled" value="1" />
  <attribute name= "numThreadsSpecified" value="4" />
  <attribute name="heapSize specified" value="8519680" />
  <attribute name="Current GC Util" value="46" />
  <attribute name= "Current Time Running" value="2005" />
  <attribute name ="GC Interval" value="200" />
  <attribute name="ProportionalT" value="13.000000" />
  <attribute name="ProportionalI" value="13.000000" />
  <attribute name="ProportionalH" value="13.000000" />
  <attribute name="Current Error" value="26.000000" />
  <attribute name="IntegralT" value="130.000000" />
  <attribute name="IntegralI" value="130.000000" />
  <attribute name="IntegralH" value="130.000000" />
  <attribute name="DerivativeT" value="0.900000" />
  <attribute name="DerivativeI" value="0.900000" />
  <attribute name="DerivativeH" value="0.900000" />
  <attribute name="Loop Time for DT" value="5.000000" />
  <attribute name="Output H" value="8388608"/>
  <attribute name="Output I" value="200"/>
  <attribute name="Output T" value="4"/>
  <attribute name="Target GC Util Change" value ="20.000000" />
  <attribute name="Current GC Util Change" value="46.000000"/>
  <attribute name="GC Util currently" value="46" />
  <attribute name="CPU Util currently" value="901705636330" />
<allocation-satisfied id="1360" threadId="000000000251D800" bytesRequested="40" />
<af-end id="1361" timestamp="2019-06-15T03:58:15.502" threadId="000000000251E188" success="true" from="nursery"/>
<exclusive-end id="1362" timestamp="2019-06-15T03:58:15.502" durationms="2.756" />

<exclusive-start id="1363" timestamp="2019-06-15T03:58:15.513" intervalms="13.916">
  <response-info timems="9.077" idlems="4.622" threads="1" lastid="0000000002210F00" lastname="JIT Compilation Thread-1" />
</exclusive-start>
<af-start id="1364" threadId="0000000002529988" totalBytesRequested="16" timestamp="2019-06-15T03:58:15.513" intervalms="13.976" type="nursery" />
<cycle-start id="1365" type="scavenge" contextid="0" timestamp="2019-06-15T03:58:15.513" intervalms="14.021" />
<gc-start id="1366" type="scavenge" contextid="1365" timestamp="2019-06-15T03:58:15.513">
  <mem-info id="1367" free="2072750584" total="2092630016" percent="99">
    <mem type="nursery" free="0" total="2228224" percent="0">
      <mem type="allocate" free="0" total="1638400" percent="0" />
      <mem type="survivor" free="0" total="589824" percent="0" />
    </mem>
    <mem type="tenure" free="2072750584" total="2090401792" percent="99">
      <mem type="soa" free="1968230904" total="1985882112" percent="99" />
      <mem type="loa" free="104519680" total="104519680" percent="100" />
    </mem>
    <remembered-set count="483" />
  </mem-info>
</gc-start>
<allocation-stats totalBytes="1128952" >
  <allocated-bytes non-tlh="40" tlh="1128912" />
  <largest-consumer threadName="PmdThread 4" threadId="0000000002529000" bytes="678544" />
</allocation-stats>
<gc-op id="1368" type="scavenge" timems="1.202" contextid="1365" timestamp="2019-06-15T03:58:15.515">
  <scavenger-info tenureage="1" tenuremask="7ffe" tiltratio="73" />
  <memory-copied type="nursery" objects="7404" bytes="246296" bytesdiscarded="106216" />
  <memory-copied type="tenure" objects="11183" bytes="354824" bytesdiscarded="144" />
</gc-op>
<gc-end id="1369" type="scavenge" contextid="1365" durationms="1.626" usertimems="0.000" systemtimems="0.000" timestamp="2019-06-15T03:58:15.515" activeThreads="4">
  <mem-info id="1370" free="2073710328" total="2092630016" percent="99">
    <mem type="nursery" free="1351424" total="2228224" percent="60">
      <mem type="allocate" free="1351424" total="1703936" percent="79" />
      <mem type="survivor" free="0" total="524288" percent="0" />
    </mem>
    <mem type="tenure" free="2072358904" total="2090401792" percent="99">
      <mem type="soa" free="1967839224" total="1985882112" percent="99" />
      <mem type="loa" free="104519680" total="104519680" percent="100" />
    </mem>
    <remembered-set count="523" />
  </mem-info>
</gc-end>
<cycle-end id="1371" type="scavenge" contextid="1365" timestamp="2019-06-15T03:58:15.515" />
  <attribute name="elasticGC enabled" value="1" />
  <attribute name= "numThreadsSpecified" value="4" />
  <attribute name="heapSize specified" value="8519680" />
  <attribute name="Current GC Util" value="16" />
  <attribute name= "Current Time Running" value="2019" />
  <attribute name ="GC Interval" value="200" />
  <attribute name="ProportionalT" value="-2.000000" />
  <attribute name="ProportionalI" value="-2.000000" />
  <attribute name="ProportionalH" value="-2.000000" />
  <attribute name="Current Error" value="-4.000000" />
  <attribute name="IntegralT" value="-56.000000" />
  <attribute name="IntegralI" value="-56.000000" />
  <attribute name="IntegralH" value="-56.000000" />
  <attribute name="DerivativeT" value="-3.214286" />
  <attribute name="DerivativeI" value="-3.214286" />
  <attribute name="DerivativeH" value="-3.214286" />
  <attribute name="Loop Time for DT" value="14.000000" />
  <attribute name="Output H" value="2092630016"/>
  <attribute name="Output I" value="200"/>
  <attribute name="Output T" value="4"/>
  <attribute name="Target GC Util Change" value ="20.000000" />
  <attribute name="Current GC Util Change" value="16.000000"/>
  <attribute name="GC Util currently" value="16" />
  <attribute name="CPU Util currently" value="325211977755" />
<allocation-satisfied id="1372" threadId="0000000002529000" bytesRequested="16" />
<af-end id="1373" timestamp="2019-06-15T03:58:15.515" threadId="0000000002529988" success="true" from="nursery"/>
<exclusive-end id="1374" timestamp="2019-06-15T03:58:15.515" durationms="2.461" />

<exclusive-start id="1375" timestamp="2019-06-15T03:58:15.519" intervalms="5.728">
  <response-info timems="0.035" idlems="0.035" threads="0" lastid="0000000002525400" lastname="PmdThread 3" />
</exclusive-start>
<af-start id="1376" threadId="0000000002525D88" totalBytesRequested="25248" timestamp="2019-06-15T03:58:15.519" intervalms="5.696" type="nursery" />
<cycle-start id="1377" type="scavenge" contextid="0" timestamp="2019-06-15T03:58:15.519" intervalms="5.683" />
<gc-start id="1378" type="scavenge" contextid="1377" timestamp="2019-06-15T03:58:15.519">
  <mem-info id="1379" free="2072358904" total="2092630016" percent="99">
    <mem type="nursery" free="0" total="2228224" percent="0">
      <mem type="allocate" free="0" total="1703936" percent="0" />
      <mem type="survivor" free="0" total="524288" percent="0" />
    </mem>
    <mem type="tenure" free="2072358904" total="2090401792" percent="99">
      <mem type="soa" free="1967839224" total="1985882112" percent="99" />
      <mem type="loa" free="104519680" total="104519680" percent="100" />
    </mem>
    <remembered-set count="870" />
  </mem-info>
</gc-start>
<allocation-stats totalBytes="1347744" >
  <allocated-bytes non-tlh="16" tlh="1347728" />
  <largest-consumer threadName="PmdThread 2" threadId="000000000251D800" bytes="532240" />
</allocation-stats>
<gc-op id="1380" type="scavenge" timems="2.067" contextid="1377" timestamp="2019-06-15T03:58:15.521">
  <scavenger-info tenureage="1" tenuremask="7ffe" tiltratio="76" />
  <memory-copied type="nursery" objects="13358" bytes="450480" bytesdiscarded="43760" />
  <memory-copied type="tenure" objects="7308" bytes="243328" bytesdiscarded="176" />
  <references type="weak" candidates="1" cleared="0" enqueued="0" />
  <references type="phantom" candidates="1" cleared="0" enqueued="0" />
</gc-op>
<gc-end id="1381" type="scavenge" contextid="1377" durationms="2.644" usertimems="4.000" systemtimems="0.000" timestamp="2019-06-15T03:58:15.522" activeThreads="4">
  <mem-info id="1382" free="2073097792" total="2092630016" percent="99">
    <mem type="nursery" free="1013064" total="2228224" percent="45">
      <mem type="allocate" free="1013064" total="1507328" percent="67" />
      <mem type="survivor" free="0" total="720896" percent="0" />
    </mem>
    <mem type="tenure" free="2072084728" total="2090401792" percent="99">
      <mem type="soa" free="1967565048" total="1985882112" percent="99" />
      <mem type="loa" free="104519680" total="104519680" percent="100" />
    </mem>
    <remembered-set count="685" />
  </mem-info>
</gc-end>
<cycle-end id="1383" type="scavenge" contextid="1377" timestamp="2019-06-15T03:58:15.522" />
  <attribute name="elasticGC enabled" value="1" />
  <attribute name= "numThreadsSpecified" value="4" />
  <attribute name="heapSize specified" value="8519680" />
  <attribute name="Current GC Util" value="33" />
  <attribute name= "Current Time Running" value="2024" />
  <attribute name ="GC Interval" value="200" />
  <attribute name="ProportionalT" value="6.500000" />
  <attribute name="ProportionalI" value="6.500000" />
  <attribute name="ProportionalH" value="6.500000" />
  <attribute name="Current Error" value="13.000000" />
  <attribute name="IntegralT" value="65.000000" />
  <attribute name="IntegralI" value="65.000000" />
  <attribute name="IntegralH" value="65.000000" />
  <attribute name="DerivativeT" value="3.900000" />
  <attribute name="DerivativeI" value="3.900000" />
  <attribute name="DerivativeH" value="3.900000" />
  <attribute name="Loop Time for DT" value="5.000000" />
  <attribute name="Output H" value="8388608"/>
  <attribute name="Output I" value="200"/>
  <attribute name="Output T" value="4"/>
  <attribute name="Target GC Util Change" value ="20.000000" />
  <attribute name="Current GC Util Change" value="33.000000"/>
  <attribute name="GC Util currently" value="33" />
  <attribute name="CPU Util currently" value="815371833051" />
<allocation-satisfied id="1384" threadId="0000000002525400" bytesRequested="25248" />
<af-end id="1385" timestamp="2019-06-15T03:58:15.522" threadId="0000000002525D88" success="true" from="nursery"/>
<exclusive-end id="1386" timestamp="2019-06-15T03:58:15.522" durationms="3.575" />

<exclusive-start id="1387" timestamp="2019-06-15T03:58:15.526" intervalms="7.335">
  <response-info timems="0.266" idlems="0.178" threads="2" lastid="0000000002525400" lastname="PmdThread 3" />
</exclusive-start>
<af-start id="1388" threadId="000000000251A588" totalBytesRequested="56" timestamp="2019-06-15T03:58:15.526" intervalms="7.361" type="nursery" />
<cycle-start id="1389" type="scavenge" contextid="0" timestamp="2019-06-15T03:58:15.526" intervalms="7.335" />
<gc-start id="1390" type="scavenge" contextid="1389" timestamp="2019-06-15T03:58:15.526">
  <mem-info id="1391" free="2072084728" total="2092630016" percent="99">
    <mem type="nursery" free="0" total="2228224" percent="0">
      <mem type="allocate" free="0" total="1507328" percent="0" />
      <mem type="survivor" free="0" total="720896" percent="0" />
    </mem>
    <mem type="tenure" free="2072084728" total="2090401792" percent="99">
      <mem type="soa" free="1967565048" total="1985882112" percent="99" />
      <mem type="loa" free="104519680" total="104519680" percent="100" />
    </mem>
    <remembered-set count="724" />
  </mem-info>
</gc-start>
<allocation-stats totalBytes="1012672" >
  <allocated-bytes non-tlh="49496" tlh="963176" />
  <largest-consumer threadName="PmdThread 1" threadId="0000000002519C00" bytes="664248" />
</allocation-stats>
<gc-op id="1392" type="scavenge" timems="1.661" contextid="1389" timestamp="2019-06-15T03:58:15.528">
  <scavenger-info tenureage="1" tenuremask="7ffe" tiltratio="67" />
  <memory-copied type="nursery" objects="15900" bytes="565840" bytesdiscarded="76984" />
  <memory-copied type="tenure" objects="13337" bytes="425136" bytesdiscarded="216" />
</gc-op>
<gc-end id="1393" type="scavenge" contextid="1389" durationms="1.897" usertimems="4.000" systemtimems="0.000" timestamp="2019-06-15T03:58:15.528" activeThreads="4">
  <mem-info id="1394" free="2072467760" total="2092630016" percent="99">
    <mem type="nursery" free="798960" total="2228224" percent="35">
      <mem type="allocate" free="798960" total="1441792" percent="55" />
      <mem type="survivor" free="0" total="786432" percent="0" />
    </mem>
    <mem type="tenure" free="2071668800" total="2090401792" percent="99">
      <mem type="soa" free="1967149120" total="1985882112" percent="99" />
      <mem type="loa" free="104519680" total="104519680" percent="100" />
    </mem>
    <remembered-set count="164" />
  </mem-info>
</gc-end>
<cycle-end id="1395" type="scavenge" contextid="1389" timestamp="2019-06-15T03:58:15.528" />
  <attribute name="elasticGC enabled" value="1" />
  <attribute name= "numThreadsSpecified" value="4" />
  <attribute name="heapSize specified" value="8519680" />
  <attribute name="Current GC Util" value="41" />
  <attribute name= "Current Time Running" value="2032" />
  <attribute name ="GC Interval" value="200" />
  <attribute name="ProportionalT" value="10.500000" />
  <attribute name="ProportionalI" value="10.500000" />
  <attribute name="ProportionalH" value="10.500000" />
  <attribute name="Current Error" value="21.000000" />
  <attribute name="IntegralT" value="168.000000" />
  <attribute name="IntegralI" value="168.000000" />
  <attribute name="IntegralH" value="168.000000" />
  <attribute name="DerivativeT" value="1.500000" />
  <attribute name="DerivativeI" value="1.500000" />
  <attribute name="DerivativeH" value="1.500000" />
  <attribute name="Loop Time for DT" value="8.000000" />
  <attribute name="Output H" value="8388608"/>
  <attribute name="Output I" value="200"/>
  <attribute name="Output T" value="4"/>
  <attribute name="Target GC Util Change" value ="20.000000" />
  <attribute name="Current GC Util Change" value="41.000000"/>
  <attribute name="GC Util currently" value="41" />
  <attribute name="CPU Util currently" value="644321406889" />
<allocation-satisfied id="1396" threadId="0000000002519C00" bytesRequested="56" />
<af-end id="1397" timestamp="2019-06-15T03:58:15.528" threadId="000000000251A588" success="true" from="nursery"/>
<exclusive-end id="1398" timestamp="2019-06-15T03:58:15.528" durationms="2.501" />

<exclusive-start id="1399" timestamp="2019-06-15T03:58:15.530" intervalms="3.811">
  <response-info timems="0.089" idlems="0.089" threads="0" lastid="000000000251D800" lastname="PmdThread 2" />
</exclusive-start>
<af-start id="1400" threadId="000000000251E188" totalBytesRequested="40" timestamp="2019-06-15T03:58:15.530" intervalms="3.747" type="nursery" />
<cycle-start id="1401" type="scavenge" contextid="0" timestamp="2019-06-15T03:58:15.530" intervalms="3.746" />
<gc-start id="1402" type="scavenge" contextid="1401" timestamp="2019-06-15T03:58:15.530">
  <mem-info id="1403" free="2071668800" total="2092630016" percent="98">
    <mem type="nursery" free="0" total="2228224" percent="0">
      <mem type="allocate" free="0" total="1441792" percent="0" />
      <mem type="survivor" free="0" total="786432" percent="0" />
    </mem>
    <mem type="tenure" free="2071668800" total="2090401792" percent="99">
      <mem type="soa" free="1967149120" total="1985882112" percent="99" />
      <mem type="loa" free="104519680" total="104519680" percent="100" />
    </mem>
    <remembered-set count="199" />
  </mem-info>
</gc-start>
<allocation-stats totalBytes="798392" >
  <allocated-bytes non-tlh="56" tlh="798336" />
  <largest-consumer threadName="PmdThread 3" threadId="0000000002525400" bytes="450224" />
</allocation-stats>
<gc-op id="1404" type="scavenge" timems="1.793" contextid="1401" timestamp="2019-06-15T03:58:15.532">
  <scavenger-info tenureage="1" tenuremask="7ffe" tiltratio="64" />
  <memory-copied type="nursery" objects="6416" bytes="216328" bytesdiscarded="97000" />
  <memory-copied type="tenure" objects="15856" bytes="564216" bytesdiscarded="208" />
  <references type="weak" candidates="3" cleared="2" enqueued="2" />
  <references type="phantom" candidates="1" cleared="0" enqueued="0" />
</gc-op>
<gc-end id="1405" type="scavenge" contextid="1401" durationms="2.049" usertimems="4.000" systemtimems="0.000" timestamp="2019-06-15T03:58:15.532" activeThreads="4">
  <mem-info id="1406" free="2072273448" total="2092630016" percent="99">
    <mem type="nursery" free="1193984" total="2228224" percent="53">
      <mem type="allocate" free="1193984" total="1507328" percent="79" />
      <mem type="survivor" free="0" total="720896" percent="0" />
    </mem>
    <mem type="tenure" free="2071079464" total="2090401792" percent="99">
      <mem type="soa" free="1966559784" total="1985882112" percent="99" />
      <mem type="loa" free="104519680" total="104519680" percent="100" />
    </mem>
    <pending-finalizers system="0" default="0" reference="2" classloader="0" />
    <remembered-set count="247" />
  </mem-info>
</gc-end>
<cycle-end id="1407" type="scavenge" contextid="1401" timestamp="2019-06-15T03:58:15.532" />
  <attribute name="elasticGC enabled" value="1" />
  <attribute name= "numThreadsSpecified" value="4" />
  <attribute name="heapSize specified" value="8519680" />
  <attribute name="Current GC Util" value="67" />
  <attribute name= "Current Time Running" value="2035" />
  <attribute name ="GC Interval" value="200" />
  <attribute name="ProportionalT" value="23.500000" />
  <attribute name="ProportionalI" value="23.500000" />
  <attribute name="ProportionalH" value="23.500000" />
  <attribute name="Current Error" value="47.000000" />
  <attribute name="IntegralT" value="141.000000" />
  <attribute name="IntegralI" value="141.000000" />
  <attribute name="IntegralH" value="141.000000" />
  <attribute name="DerivativeT" value="13.000000" />
  <attribute name="DerivativeI" value="13.000000" />
  <attribute name="DerivativeH" value="13.000000" />
  <attribute name="Loop Time for DT" value="3.000000" />
  <attribute name="Output H" value="8388608"/>
  <attribute name="Output I" value="200"/>
  <attribute name="Output T" value="4"/>
  <attribute name="Target GC Util Change" value ="20.000000" />
  <attribute name="Current GC Util Change" value="67.000000"/>
  <attribute name="GC Util currently" value="67" />
  <attribute name="CPU Util currently" value="1225973917057" />
<allocation-satisfied id="1408" threadId="000000000251D800" bytesRequested="40" />
<af-end id="1409" timestamp="2019-06-15T03:58:15.532" threadId="000000000251E188" success="true" from="nursery"/>
<exclusive-end id="1410" timestamp="2019-06-15T03:58:15.532" durationms="2.544" />

<exclusive-start id="1411" timestamp="2019-06-15T03:58:15.535" intervalms="4.879">
  <response-info timems="0.096" idlems="0.048" threads="2" lastid="0000000002525400" lastname="PmdThread 3" />
</exclusive-start>
<af-start id="1412" threadId="000000000251A588" totalBytesRequested="40" timestamp="2019-06-15T03:58:15.535" intervalms="4.849" type="nursery" />
<cycle-start id="1413" type="scavenge" contextid="0" timestamp="2019-06-15T03:58:15.535" intervalms="4.836" />
<gc-start id="1414" type="scavenge" contextid="1413" timestamp="2019-06-15T03:58:15.535">
  <mem-info id="1415" free="2071079464" total="2092630016" percent="98">
    <mem type="nursery" free="0" total="2228224" percent="0">
      <mem type="allocate" free="0" total="1507328" percent="0" />
      <mem type="survivor" free="0" total="720896" percent="0" />
    </mem>
    <mem type="tenure" free="2071079464" total="2090401792" percent="99">
      <mem type="soa" free="1966559784" total="1985882112" percent="99" />
      <mem type="loa" free="104519680" total="104519680" percent="100" />
    </mem>
    <remembered-set count="292" />
  </mem-info>
</gc-start>
<allocation-stats totalBytes="1193184" >
  <allocated-bytes non-tlh="40" tlh="1193144" />
  <largest-consumer threadName="PmdThread 1" threadId="0000000002519C00" bytes="587528" />
</allocation-stats>
<gc-op id="1416" type="scavenge" timems="1.682" contextid="1413" timestamp="2019-06-15T03:58:15.537">
  <scavenger-info tenureage="1" tenuremask="7ffe" tiltratio="67" />
  <memory-copied type="nursery" objects="15747" bytes="447296" bytesdiscarded="101048" />
  <memory-copied type="tenure" objects="6335" bytes="209288" bytesdiscarded="232" />
  <references type="weak" candidates="33" cleared="33" enqueued="33" />
  <references type="phantom" candidates="1" cleared="1" enqueued="1" />
</gc-op>
<gc-end id="1417" type="scavenge" contextid="1413" durationms="1.860" usertimems="4.000" systemtimems="0.000" timestamp="2019-06-15T03:58:15.537" activeThreads="4">
  <mem-info id="1418" free="2071803432" total="2092630016" percent="99">
    <mem type="nursery" free="958976" total="2228224" percent="43">
      <mem type="allocate" free="958976" total="1507328" percent="63" />
      <mem type="survivor" free="0" total="720896" percent="0" />
    </mem>
    <mem type="tenure" free="2070844456" total="2090401792" percent="99">
      <mem type="soa" free="1966324776" total="1985882112" percent="99" />
      <mem type="loa" free="104519680" total="104519680" percent="100" />
    </mem>
    <pending-finalizers system="0" default="0" reference="34" classloader="0" />
    <remembered-set count="211" />
  </mem-info>
</gc-end>
<cycle-end id="1419" type="scavenge" contextid="1413" timestamp="2019-06-15T03:58:15.537" />
  <attribute name="elasticGC enabled" value="1" />
  <attribute name= "numThreadsSpecified" value="4" />
  <attribute name="heapSize specified" value="8519680" />
  <attribute name="Current GC Util" value="44" />
  <attribute name= "Current Time Running" value="2040" />
  <attribute name ="GC Interval" value="200" />
  <attribute name="ProportionalT" value="12.000000" />
  <attribute name="ProportionalI" value="12.000000" />
  <attribute name="ProportionalH" value="12.000000" />
  <attribute name="Current Error" value="24.000000" />
  <attribute name="IntegralT" value="120.000000" />
  <attribute name="IntegralI" value="120.000000" />
  <attribute name="IntegralH" value="120.000000" />
  <attribute name="DerivativeT" value="-6.900000" />
  <attribute name="DerivativeI" value="-6.900000" />
  <attribute name="DerivativeH" value="-6.900000" />
  <attribute name="Loop Time for DT" value="5.000000" />
  <attribute name="Output H" value="8388608"/>
  <attribute name="Output I" value="200"/>
  <attribute name="Output T" value="4"/>
  <attribute name="Target GC Util Change" value ="20.000000" />
  <attribute name="Current GC Util Change" value="44.000000"/>
  <attribute name="GC Util currently" value="44" />
  <attribute name="CPU Util currently" value="957141548970" />
<allocation-satisfied id="1420" threadId="0000000002519C00" bytesRequested="40" />
<af-end id="1421" timestamp="2019-06-15T03:58:15.537" threadId="000000000251A588" success="true" from="nursery"/>
<exclusive-end id="1422" timestamp="2019-06-15T03:58:15.537" durationms="2.283" />

<exclusive-start id="1423" timestamp="2019-06-15T03:58:15.540" intervalms="5.219">
  <response-info timems="0.093" idlems="0.048" threads="3" lastid="0000000002210F00" lastname="JIT Compilation Thread-1" />
</exclusive-start>
<af-start id="1424" threadId="000000000251A588" totalBytesRequested="40" timestamp="2019-06-15T03:58:15.540" intervalms="5.261" type="nursery" />
<cycle-start id="1425" type="scavenge" contextid="0" timestamp="2019-06-15T03:58:15.540" intervalms="5.271" />
<gc-start id="1426" type="scavenge" contextid="1425" timestamp="2019-06-15T03:58:15.540">
  <mem-info id="1427" free="2070844456" total="2092630016" percent="98">
    <mem type="nursery" free="0" total="2228224" percent="0">
      <mem type="allocate" free="0" total="1507328" percent="0" />
      <mem type="survivor" free="0" total="720896" percent="0" />
    </mem>
    <mem type="tenure" free="2070844456" total="2090401792" percent="99">
      <mem type="soa" free="1966324776" total="1985882112" percent="99" />
      <mem type="loa" free="104519680" total="104519680" percent="100" />
    </mem>
    <remembered-set count="244" />
  </mem-info>
</gc-start>
<allocation-stats totalBytes="957944" >
  <allocated-bytes non-tlh="16432" tlh="941512" />
  <largest-consumer threadName="PmdThread 1" threadId="0000000002519C00" bytes="372624" />
</allocation-stats>
<gc-op id="1428" type="scavenge" timems="2.062" contextid="1425" timestamp="2019-06-15T03:58:15.542">
  <scavenger-info tenureage="1" tenuremask="7ffe" tiltratio="67" />
  <memory-copied type="nursery" objects="16011" bytes="525968" bytesdiscarded="77936" />
  <memory-copied type="tenure" objects="15668" bytes="442616" bytesdiscarded="64" />
  <references type="weak" candidates="22" cleared="22" enqueued="22" />
</gc-op>
<gc-end id="1429" type="scavenge" contextid="1425" durationms="2.334" usertimems="0.000" systemtimems="0.000" timestamp="2019-06-15T03:58:15.542" activeThreads="4">
  <mem-info id="1430" free="2071317016" total="2092630016" percent="98">
    <mem type="nursery" free="903408" total="2228224" percent="40">
      <mem type="allocate" free="903408" total="1507328" percent="59" />
      <mem type="survivor" free="0" total="720896" percent="0" />
    </mem>
    <mem type="tenure" free="2070413608" total="2090401792" percent="99">
      <mem type="soa" free="1965893928" total="1985882112" percent="98" />
      <mem type="loa" free="104519680" total="104519680" percent="100" />
    </mem>
    <pending-finalizers system="0" default="0" reference="22" classloader="0" />
    <remembered-set count="191" />
  </mem-info>
</gc-end>
<cycle-end id="1431" type="scavenge" contextid="1425" timestamp="2019-06-15T03:58:15.542" />
  <attribute name="elasticGC enabled" value="1" />
  <attribute name= "numThreadsSpecified" value="4" />
  <attribute name="heapSize specified" value="8519680" />
  <attribute name="Current GC Util" value="39" />
  <attribute name= "Current Time Running" value="2046" />
  <attribute name ="GC Interval" value="200" />
  <attribute name="ProportionalT" value="9.500000" />
  <attribute name="ProportionalI" value="9.500000" />
  <attribute name="ProportionalH" value="9.500000" />
  <attribute name="Current Error" value="19.000000" />
  <attribute name="IntegralT" value="114.000000" />
  <attribute name="IntegralI" value="114.000000" />
  <attribute name="IntegralH" value="114.000000" />
  <attribute name="DerivativeT" value="-1.250000" />
  <attribute name="DerivativeI" value="-1.250000" />
  <attribute name="DerivativeH" value="-1.250000" />
  <attribute name="Loop Time for DT" value="6.000000" />
  <attribute name="Output H" value="8388608"/>
  <attribute name="Output I" value="200"/>
  <attribute name="Output T" value="4"/>
  <attribute name="Target GC Util Change" value ="20.000000" />
  <attribute name="Current GC Util Change" value="39.000000"/>
  <attribute name="GC Util currently" value="39" />
  <attribute name="CPU Util currently" value="866666856702" />
<allocation-satisfied id="1432" threadId="0000000002519C00" bytesRequested="40" />
<af-end id="1433" timestamp="2019-06-15T03:58:15.543" threadId="000000000251A588" success="true" from="nursery"/>
<exclusive-end id="1434" timestamp="2019-06-15T03:58:15.543" durationms="2.832" />

<exclusive-start id="1435" timestamp="2019-06-15T03:58:15.545" intervalms="4.929">
  <response-info timems="0.038" idlems="0.022" threads="1" lastid="0000000002529000" lastname="PmdThread 4" />
</exclusive-start>
<af-start id="1436" threadId="0000000002525D88" totalBytesRequested="152" timestamp="2019-06-15T03:58:15.545" intervalms="4.898" type="nursery" />
<cycle-start id="1437" type="scavenge" contextid="0" timestamp="2019-06-15T03:58:15.545" intervalms="4.908" />
<gc-start id="1438" type="scavenge" contextid="1437" timestamp="2019-06-15T03:58:15.545">
  <mem-info id="1439" free="2070413608" total="2092630016" percent="98">
    <mem type="nursery" free="0" total="2228224" percent="0">
      <mem type="allocate" free="0" total="1507328" percent="0" />
      <mem type="survivor" free="0" total="720896" percent="0" />
    </mem>
    <mem type="tenure" free="2070413608" total="2090401792" percent="99">
      <mem type="soa" free="1965893928" total="1985882112" percent="98" />
      <mem type="loa" free="104519680" total="104519680" percent="100" />
    </mem>
    <remembered-set count="257" />
  </mem-info>
</gc-start>
<allocation-stats totalBytes="901440" >
  <allocated-bytes non-tlh="40" tlh="901400" />
  <largest-consumer threadName="PmdThread 3" threadId="0000000002525400" bytes="411824" />
</allocation-stats>
<gc-op id="1440" type="scavenge" timems="1.838" contextid="1437" timestamp="2019-06-15T03:58:15.547">
  <scavenger-info tenureage="1" tenuremask="7ffe" tiltratio="67" />
  <memory-copied type="nursery" objects="8763" bytes="267008" bytesdiscarded="46336" />
  <memory-copied type="tenure" objects="15960" bytes="523992" bytesdiscarded="168" />
  <references type="weak" candidates="47" cleared="47" enqueued="47" />
  <references type="phantom" candidates="1" cleared="1" enqueued="1" />
</gc-op>
<gc-end id="1441" type="scavenge" contextid="1437" durationms="2.036" usertimems="4.000" systemtimems="0.000" timestamp="2019-06-15T03:58:15.547" activeThreads="4">
  <mem-info id="1442" free="2071153928" total="2092630016" percent="98">
    <mem type="nursery" free="1259520" total="2228224" percent="56">
      <mem type="allocate" free="1259520" total="1572864" percent="80" />
      <mem type="survivor" free="0" total="655360" percent="0" />
    </mem>
    <mem type="tenure" free="2069894408" total="2090401792" percent="99">
      <mem type="soa" free="1965374728" total="1985882112" percent="98" />
      <mem type="loa" free="104519680" total="104519680" percent="100" />
    </mem>
    <pending-finalizers system="0" default="0" reference="48" classloader="0" />
    <remembered-set count="206" />
  </mem-info>
</gc-end>
<cycle-end id="1443" type="scavenge" contextid="1437" timestamp="2019-06-15T03:58:15.547" />
  <attribute name="elasticGC enabled" value="1" />
  <attribute name= "numThreadsSpecified" value="4" />
  <attribute name="heapSize specified" value="8519680" />
  <attribute name="Current GC Util" value="51" />
  <attribute name= "Current Time Running" value="2050" />
  <attribute name ="GC Interval" value="200" />
  <attribute name="ProportionalT" value="15.500000" />
  <attribute name="ProportionalI" value="15.500000" />
  <attribute name="ProportionalH" value="15.500000" />
  <attribute name="Current Error" value="31.000000" />
  <attribute name="IntegralT" value="124.000000" />
  <attribute name="IntegralI" value="124.000000" />
  <attribute name="IntegralH" value="124.000000" />
  <attribute name="DerivativeT" value="4.500000" />
  <attribute name="DerivativeI" value="4.500000" />
  <attribute name="DerivativeH" value="4.500000" />
  <attribute name="Loop Time for DT" value="4.000000" />
  <attribute name="Output H" value="8388608"/>
  <attribute name="Output I" value="200"/>
  <attribute name="Output T" value="4"/>
  <attribute name="Target GC Util Change" value ="20.000000" />
  <attribute name="Current GC Util Change" value="51.000000"/>
  <attribute name="GC Util currently" value="51" />
  <attribute name="CPU Util currently" value="956383498441" />
<allocation-satisfied id="1444" threadId="0000000002525400" bytesRequested="152" />
<af-end id="1445" timestamp="2019-06-15T03:58:15.547" threadId="0000000002525D88" success="true" from="nursery"/>
<exclusive-end id="1446" timestamp="2019-06-15T03:58:15.547" durationms="2.690" />

<exclusive-start id="1447" timestamp="2019-06-15T03:58:15.553" intervalms="7.912">
  <response-info timems="0.193" idlems="0.179" threads="1" lastid="0000000002525400" lastname="PmdThread 3" />
</exclusive-start>
<af-start id="1448" threadId="0000000002529988" totalBytesRequested="56" timestamp="2019-06-15T03:58:15.553" intervalms="7.921" type="nursery" />
<cycle-start id="1449" type="scavenge" contextid="0" timestamp="2019-06-15T03:58:15.553" intervalms="7.883" />
<gc-start id="1450" type="scavenge" contextid="1449" timestamp="2019-06-15T03:58:15.553">
  <mem-info id="1451" free="2069894408" total="2092630016" percent="98">
    <mem type="nursery" free="0" total="2228224" percent="0">
      <mem type="allocate" free="0" total="1572864" percent="0" />
      <mem type="survivor" free="0" total="655360" percent="0" />
    </mem>
    <mem type="tenure" free="2069894408" total="2090401792" percent="99">
      <mem type="soa" free="1965374728" total="1985882112" percent="98" />
      <mem type="loa" free="104519680" total="104519680" percent="100" />
    </mem>
    <remembered-set count="252" />
  </mem-info>
</gc-start>
<allocation-stats totalBytes="1258144" >
  <allocated-bytes non-tlh="32936" tlh="1225208" />
  <largest-consumer threadName="PmdThread 2" threadId="000000000251D800" bytes="442304" />
</allocation-stats>
<gc-op id="1452" type="scavenge" timems="1.604" contextid="1449" timestamp="2019-06-15T03:58:15.555">
  <scavenger-info tenureage="1" tenuremask="7ffe" tiltratio="70" />
  <memory-copied type="nursery" objects="15361" bytes="600504" bytesdiscarded="54760" />
  <memory-copied type="tenure" objects="8909" bytes="272536" bytesdiscarded="96" />
  <copy-failed type="nursery" objects="249" bytes="9728" />
  <references type="weak" candidates="29" cleared="28" enqueued="28" />
  <references type="phantom" candidates="2" cleared="1" enqueued="1" />
</gc-op>
<gc-end id="1453" type="scavenge" contextid="1449" durationms="1.829" usertimems="4.000" systemtimems="0.000" timestamp="2019-06-15T03:58:15.555" activeThreads="4">
  <mem-info id="1454" free="2070161416" total="2092630016" percent="98">
    <mem type="nursery" free="524288" total="2228224" percent="23">
      <mem type="allocate" free="524288" total="1179648" percent="44" />
      <mem type="survivor" free="0" total="1048576" percent="0" />
    </mem>
    <mem type="tenure" free="2069637128" total="2090401792" percent="99">
      <mem type="soa" free="1965117448" total="1985882112" percent="98" />
      <mem type="loa" free="104519680" total="104519680" percent="100" />
    </mem>
    <pending-finalizers system="0" default="0" reference="29" classloader="0" />
    <remembered-set count="274" />
  </mem-info>
</gc-end>
<cycle-end id="1455" type="scavenge" contextid="1449" timestamp="2019-06-15T03:58:15.555" />
  <attribute name="elasticGC enabled" value="1" />
  <attribute name= "numThreadsSpecified" value="4" />
  <attribute name="heapSize specified" value="8519680" />
  <attribute name="Current GC Util" value="28" />
  <attribute name= "Current Time Running" value="2058" />
  <attribute name ="GC Interval" value="200" />
  <attribute name="ProportionalT" value="4.000000" />
  <attribute name="ProportionalI" value="4.000000" />
  <attribute name="ProportionalH" value="4.000000" />
  <attribute name="Current Error" value="8.000000" />
  <attribute name="IntegralT" value="64.000000" />
  <attribute name="IntegralI" value="64.000000" />
  <attribute name="IntegralH" value="64.000000" />
  <attribute name="DerivativeT" value="-4.312500" />
  <attribute name="DerivativeI" value="-4.312500" />
  <attribute name="DerivativeH" value="-4.312500" />
  <attribute name="Loop Time for DT" value="8.000000" />
  <attribute name="Output H" value="8388608"/>
  <attribute name="Output I" value="200"/>
  <attribute name="Output T" value="4"/>
  <attribute name="Target GC Util Change" value ="20.000000" />
  <attribute name="Current GC Util Change" value="28.000000"/>
  <attribute name="GC Util currently" value="28" />
  <attribute name="CPU Util currently" value="581872162529" />
<allocation-satisfied id="1456" threadId="0000000002529000" bytesRequested="56" />
<af-end id="1457" timestamp="2019-06-15T03:58:15.555" threadId="0000000002529988" success="true" from="nursery"/>
<exclusive-end id="1458" timestamp="2019-06-15T03:58:15.555" durationms="2.322" />

<exclusive-start id="1459" timestamp="2019-06-15T03:58:15.556" intervalms="3.376">
  <response-info timems="0.022" idlems="0.022" threads="0" lastid="0000000002525400" lastname="PmdThread 3" />
</exclusive-start>
<af-start id="1460" threadId="0000000002525D88" totalBytesRequested="112" timestamp="2019-06-15T03:58:15.556" intervalms="3.435" type="nursery" />
<cycle-start id="1461" type="scavenge" contextid="0" timestamp="2019-06-15T03:58:15.556" intervalms="3.437" />
<gc-start id="1462" type="scavenge" contextid="1461" timestamp="2019-06-15T03:58:15.556">
  <mem-info id="1463" free="2069637128" total="2092630016" percent="98">
    <mem type="nursery" free="0" total="2228224" percent="0">
      <mem type="allocate" free="0" total="1179648" percent="0" />
      <mem type="survivor" free="0" total="1048576" percent="0" />
    </mem>
    <mem type="tenure" free="2069637128" total="2090401792" percent="99">
      <mem type="soa" free="1965117448" total="1985882112" percent="98" />
      <mem type="loa" free="104519680" total="104519680" percent="100" />
    </mem>
    <remembered-set count="298" />
  </mem-info>
</gc-start>
<allocation-stats totalBytes="523736" >
  <allocated-bytes non-tlh="56" tlh="523680" />
  <largest-consumer threadName="PmdThread 3" threadId="0000000002525400" bytes="183872" />
</allocation-stats>
<gc-op id="1464" type="scavenge" timems="2.965" contextid="1461" timestamp="2019-06-15T03:58:15.559">
  <scavenger-info tenureage="1" tenuremask="7ffe" tiltratio="52" />
  <memory-copied type="nursery" objects="4909" bytes="156792" bytesdiscarded="78216" />
  <memory-copied type="tenure" objects="15146" bytes="593448" bytesdiscarded="992" />
  <references type="weak" candidates="23" cleared="23" enqueued="23" />
</gc-op>
<gc-end id="1465" type="scavenge" contextid="1461" durationms="3.184" usertimems="0.000" systemtimems="4.000" timestamp="2019-06-15T03:58:15.559" activeThreads="4">
  <mem-info id="1466" free="2070072800" total="2092630016" percent="98">
    <mem type="nursery" free="1010176" total="2228224" percent="45">
      <mem type="allocate" free="1010176" total="1245184" percent="81" />
      <mem type="survivor" free="0" total="983040" percent="0" />
    </mem>
    <mem type="tenure" free="2069062624" total="2090401792" percent="98">
      <mem type="soa" free="1964542944" total="1985882112" percent="98" />
      <mem type="loa" free="104519680" total="104519680" percent="100" />
    </mem>
    <pending-finalizers system="0" default="0" reference="23" classloader="0" />
    <remembered-set count="253" />
  </mem-info>
</gc-end>
<cycle-end id="1467" type="scavenge" contextid="1461" timestamp="2019-06-15T03:58:15.560" />
  <attribute name="elasticGC enabled" value="1" />
  <attribute name= "numThreadsSpecified" value="4" />
  <attribute name="heapSize specified" value="8519680" />
  <attribute name="Current GC Util" value="65" />
  <attribute name= "Current Time Running" value="2062" />
  <attribute name ="GC Interval" value="216" />
  <attribute name="ProportionalT" value="22.500000" />
  <attribute name="ProportionalI" value="22.500000" />
  <attribute name="ProportionalH" value="22.500000" />
  <attribute name="Current Error" value="45.000000" />
  <attribute name="IntegralT" value="180.000000" />
  <attribute name="IntegralI" value="180.000000" />
  <attribute name="IntegralH" value="180.000000" />
  <attribute name="DerivativeT" value="13.875000" />
  <attribute name="DerivativeI" value="13.875000" />
  <attribute name="DerivativeH" value="13.875000" />
  <attribute name="Loop Time for DT" value="4.000000" />
  <attribute name="Output H" value="8388608"/>
  <attribute name="Output I" value="216"/>
  <attribute name="Output T" value="4"/>
  <attribute name="Target GC Util Change" value ="20.000000" />
  <attribute name="Current GC Util Change" value="65.000000"/>
  <attribute name="GC Util currently" value="65" />
  <attribute name="CPU Util currently" value="1358653183489" />
<allocation-satisfied id="1468" threadId="0000000002525400" bytesRequested="112" />
<af-end id="1469" timestamp="2019-06-15T03:58:15.560" threadId="0000000002525D88" success="true" from="nursery"/>
<exclusive-end id="1470" timestamp="2019-06-15T03:58:15.560" durationms="3.945" />

<exclusive-start id="1471" timestamp="2019-06-15T03:58:15.562" intervalms="5.563">
  <response-info timems="0.030" idlems="0.017" threads="1" lastid="0000000002519C00" lastname="PmdThread 1" />
</exclusive-start>
<af-start id="1472" threadId="000000000251E188" totalBytesRequested="56" timestamp="2019-06-15T03:58:15.562" intervalms="5.484" type="nursery" />
<cycle-start id="1473" type="scavenge" contextid="0" timestamp="2019-06-15T03:58:15.562" intervalms="5.534" />
<gc-start id="1474" type="scavenge" contextid="1473" timestamp="2019-06-15T03:58:15.562">
  <mem-info id="1475" free="2069062624" total="2092630016" percent="98">
    <mem type="nursery" free="0" total="2228224" percent="0">
      <mem type="allocate" free="0" total="1245184" percent="0" />
      <mem type="survivor" free="0" total="983040" percent="0" />
    </mem>
    <mem type="tenure" free="2069062624" total="2090401792" percent="98">
      <mem type="soa" free="1964542944" total="1985882112" percent="98" />
      <mem type="loa" free="104519680" total="104519680" percent="100" />
    </mem>
    <remembered-set count="406" />
  </mem-info>
</gc-start>
<allocation-stats totalBytes="1008440" >
  <allocated-bytes non-tlh="112" tlh="1008328" />
  <largest-consumer threadName="PmdThread 3" threadId="0000000002525400" bytes="428608" />
</allocation-stats>
<gc-op id="1476" type="scavenge" timems="1.094" contextid="1473" timestamp="2019-06-15T03:58:15.563">
  <scavenger-info tenureage="1" tenuremask="7ffe" tiltratio="55" />
  <memory-copied type="nursery" objects="7489" bytes="236632" bytesdiscarded="115864" />
  <memory-copied type="tenure" objects="4821" bytes="153432" bytesdiscarded="112" />
  <references type="weak" candidates="47" cleared="47" enqueued="47" />
  <references type="phantom" candidates="1" cleared="1" enqueued="1" />
</gc-op>
<gc-end id="1477" type="scavenge" contextid="1473" durationms="1.378" usertimems="4.000" systemtimems="0.000" timestamp="2019-06-15T03:58:15.563" activeThreads="4">
  <mem-info id="1478" free="2069929696" total="2092630016" percent="98">
    <mem type="nursery" free="1023744" total="2228224" percent="45">
      <mem type="allocate" free="1023744" total="1376256" percent="74" />
      <mem type="survivor" free="0" total="851968" percent="0" />
    </mem>
    <mem type="tenure" free="2068905952" total="2090401792" percent="98">
      <mem type="soa" free="1964386272" total="1985882112" percent="98" />
      <mem type="loa" free="104519680" total="104519680" percent="100" />
    </mem>
    <pending-finalizers system="0" default="0" reference="48" classloader="0" />
    <remembered-set count="384" />
  </mem-info>
</gc-end>
<cycle-end id="1479" type="scavenge" contextid="1473" timestamp="2019-06-15T03:58:15.563" />
  <attribute name="elasticGC enabled" value="1" />
  <attribute name= "numThreadsSpecified" value="4" />
  <attribute name="heapSize specified" value="8519680" />
  <attribute name="Current GC Util" value="76" />
  <attribute name= "Current Time Running" value="2067" />
  <attribute name ="GC Interval" value="312" />
  <attribute name="ProportionalT" value="28.000000" />
  <attribute name="ProportionalI" value="28.000000" />
  <attribute name="ProportionalH" value="28.000000" />
  <attribute name="Current Error" value="56.000000" />
  <attribute name="IntegralT" value="280.000000" />
  <attribute name="IntegralI" value="280.000000" />
  <attribute name="IntegralH" value="280.000000" />
  <attribute name="DerivativeT" value="3.300000" />
  <attribute name="DerivativeI" value="3.300000" />
  <attribute name="DerivativeH" value="3.300000" />
  <attribute name="Loop Time for DT" value="5.000000" />
  <attribute name="Output H" value="8388608"/>
  <attribute name="Output I" value="312"/>
  <attribute name="Output T" value="4"/>
  <attribute name="Target GC Util Change" value ="20.000000" />
  <attribute name="Current GC Util Change" value="76.000000"/>
  <attribute name="GC Util currently" value="76" />
  <attribute name="CPU Util currently" value="819276772150" />
<allocation-satisfied id="1480" threadId="000000000251D800" bytesRequested="56" />
<af-end id="1481" timestamp="2019-06-15T03:58:15.563" threadId="000000000251E188" success="true" from="nursery"/>
<exclusive-end id="1482" timestamp="2019-06-15T03:58:15.563" durationms="1.922" />

<exclusive-start id="1483" timestamp="2019-06-15T03:58:15.565" intervalms="3.597">
  <response-info timems="0.113" idlems="0.113" threads="0" lastid="0000000002529000" lastname="PmdThread 4" />
</exclusive-start>
<af-start id="1484" threadId="0000000002529988" totalBytesRequested="24" timestamp="2019-06-15T03:58:15.565" intervalms="3.601" type="nursery" />
<cycle-start id="1485" type="scavenge" contextid="0" timestamp="2019-06-15T03:58:15.565" intervalms="3.575" />
<gc-start id="1486" type="scavenge" contextid="1485" timestamp="2019-06-15T03:58:15.565">
  <mem-info id="1487" free="2068905952" total="2092630016" percent="98">
    <mem type="nursery" free="0" total="2228224" percent="0">
      <mem type="allocate" free="0" total="1376256" percent="0" />
      <mem type="survivor" free="0" total="851968" percent="0" />
    </mem>
    <mem type="tenure" free="2068905952" total="2090401792" percent="98">
      <mem type="soa" free="1964386272" total="1985882112" percent="98" />
      <mem type="loa" free="104519680" total="104519680" percent="100" />
    </mem>
    <remembered-set count="515" />
  </mem-info>
</gc-start>
<allocation-stats totalBytes="1022504" >
  <allocated-bytes non-tlh="56" tlh="1022448" />
  <largest-consumer threadName="PmdThread 1" threadId="0000000002519C00" bytes="425776" />
</allocation-stats>
<gc-op id="1488" type="scavenge" timems="1.201" contextid="1485" timestamp="2019-06-15T03:58:15.567">
  <scavenger-info tenureage="1" tenuremask="7ffe" tiltratio="61" />
  <memory-copied type="nursery" objects="8363" bytes="251040" bytesdiscarded="101472" />
  <memory-copied type="tenure" objects="7174" bytes="215080" bytesdiscarded="40" />
  <references type="weak" candidates="50" cleared="50" enqueued="50" />
</gc-op>
<gc-end id="1489" type="scavenge" contextid="1485" durationms="1.391" usertimems="0.000" systemtimems="4.000" timestamp="2019-06-15T03:58:15.567" activeThreads="4">
  <mem-info id="1490" free="2069760224" total="2092630016" percent="98">
    <mem type="nursery" free="1089280" total="2228224" percent="48">
      <mem type="allocate" free="1089280" total="1441792" percent="75" />
      <mem type="survivor" free="0" total="786432" percent="0" />
    </mem>
    <mem type="tenure" free="2068670944" total="2090401792" percent="98">
      <mem type="soa" free="1964151264" total="1985882112" percent="98" />
      <mem type="loa" free="104519680" total="104519680" percent="100" />
    </mem>
    <pending-finalizers system="0" default="0" reference="50" classloader="0" />
    <remembered-set count="198" />
  </mem-info>
</gc-end>
<cycle-end id="1491" type="scavenge" contextid="1485" timestamp="2019-06-15T03:58:15.567" />
  <attribute name="elasticGC enabled" value="1" />
  <attribute name= "numThreadsSpecified" value="4" />
  <attribute name="heapSize specified" value="8519680" />
  <attribute name="Current GC Util" value="40" />
  <attribute name= "Current Time Running" value="2071" />
  <attribute name ="GC Interval" value="200" />
  <attribute name="ProportionalT" value="10.000000" />
  <attribute name="ProportionalI" value="10.000000" />
  <attribute name="ProportionalH" value="10.000000" />
  <attribute name="Current Error" value="20.000000" />
  <attribute name="IntegralT" value="80.000000" />
  <attribute name="IntegralI" value="80.000000" />
  <attribute name="IntegralH" value="80.000000" />
  <attribute name="DerivativeT" value="-13.500000" />
  <attribute name="DerivativeI" value="-13.500000" />
  <attribute name="DerivativeH" value="-13.500000" />
  <attribute name="Loop Time for DT" value="4.000000" />
  <attribute name="Output H" value="8388608"/>
  <attribute name="Output I" value="200"/>
  <attribute name="Output T" value="4"/>
  <attribute name="Target GC Util Change" value ="20.000000" />
  <attribute name="Current GC Util Change" value="40.000000"/>
  <attribute name="GC Util currently" value="40" />
  <attribute name="CPU Util currently" value="1327071809170" />
<allocation-satisfied id="1492" threadId="0000000002529000" bytesRequested="24" />
<af-end id="1493" timestamp="2019-06-15T03:58:15.567" threadId="0000000002529988" success="true" from="nursery"/>
<exclusive-end id="1494" timestamp="2019-06-15T03:58:15.567" durationms="1.900" />

<exclusive-start id="1495" timestamp="2019-06-15T03:58:15.569" intervalms="3.872">
  <response-info timems="0.037" idlems="0.037" threads="0" lastid="0000000002525400" lastname="PmdThread 3" />
</exclusive-start>
<af-start id="1496" threadId="0000000002525D88" totalBytesRequested="24" timestamp="2019-06-15T03:58:15.569" intervalms="3.884" type="nursery" />
<cycle-start id="1497" type="scavenge" contextid="0" timestamp="2019-06-15T03:58:15.569" intervalms="3.836" />
<gc-start id="1498" type="scavenge" contextid="1497" timestamp="2019-06-15T03:58:15.569">
  <mem-info id="1499" free="2068670944" total="2092630016" percent="98">
    <mem type="nursery" free="0" total="2228224" percent="0">
      <mem type="allocate" free="0" total="1441792" percent="0" />
      <mem type="survivor" free="0" total="786432" percent="0" />
    </mem>
    <mem type="tenure" free="2068670944" total="2090401792" percent="98">
      <mem type="soa" free="1964151264" total="1985882112" percent="98" />
      <mem type="loa" free="104519680" total="104519680" percent="100" />
    </mem>
    <remembered-set count="267" />
  </mem-info>
</gc-start>
<allocation-stats totalBytes="1088512" >
  <allocated-bytes non-tlh="24" tlh="1088488" />
  <largest-consumer threadName="PmdThread 1" threadId="0000000002519C00" bytes="511816" />
</allocation-stats>
<gc-op id="1500" type="scavenge" timems="2.456" contextid="1497" timestamp="2019-06-15T03:58:15.572">
  <scavenger-info tenureage="1" tenuremask="7ffe" tiltratio="64" />
  <memory-copied type="nursery" objects="8718" bytes="272592" bytesdiscarded="79912" />
  <memory-copied type="tenure" objects="8211" bytes="245336" bytesdiscarded="120" />
  <references type="weak" candidates="20" cleared="20" enqueued="20" />
</gc-op>
<gc-end id="1501" type="scavenge" contextid="1497" durationms="2.669" usertimems="0.000" systemtimems="0.000" timestamp="2019-06-15T03:58:15.572" activeThreads="4">
  <mem-info id="1502" free="2069656288" total="2092630016" percent="98">
    <mem type="nursery" free="1220352" total="2228224" percent="54">
      <mem type="allocate" free="1220352" total="1572864" percent="77" />
      <mem type="survivor" free="0" total="655360" percent="0" />
    </mem>
    <mem type="tenure" free="2068435936" total="2090401792" percent="98">
      <mem type="soa" free="1963916256" total="1985882112" percent="98" />
      <mem type="loa" free="104519680" total="104519680" percent="100" />
    </mem>
    <pending-finalizers system="0" default="0" reference="20" classloader="0" />
    <remembered-set count="195" />
  </mem-info>
</gc-end>
<cycle-end id="1503" type="scavenge" contextid="1497" timestamp="2019-06-15T03:58:15.572" />
  <attribute name="elasticGC enabled" value="1" />
  <attribute name= "numThreadsSpecified" value="4" />
  <attribute name="heapSize specified" value="8519680" />
  <attribute name="Current GC Util" value="40" />
  <attribute name= "Current Time Running" value="2075" />
  <attribute name ="GC Interval" value="200" />
  <attribute name="ProportionalT" value="10.000000" />
  <attribute name="ProportionalI" value="10.000000" />
  <attribute name="ProportionalH" value="10.000000" />
  <attribute name="Current Error" value="20.000000" />
  <attribute name="IntegralT" value="80.000000" />
  <attribute name="IntegralI" value="80.000000" />
  <attribute name="IntegralH" value="80.000000" />
  <attribute name="DerivativeT" value="0.000000" />
  <attribute name="DerivativeI" value="0.000000" />
  <attribute name="DerivativeH" value="0.000000" />
  <attribute name="Loop Time for DT" value="4.000000" />
  <attribute name="Output H" value="8388608"/>
  <attribute name="Output I" value="200"/>
  <attribute name="Output T" value="4"/>
  <attribute name="Target GC Util Change" value ="20.000000" />
  <attribute name="Current GC Util Change" value="40.000000"/>
  <attribute name="GC Util currently" value="40" />
  <attribute name="CPU Util currently" value="1191159509715" />
<allocation-satisfied id="1504" threadId="0000000002525400" bytesRequested="24" />
<af-end id="1505" timestamp="2019-06-15T03:58:15.572" threadId="0000000002525D88" success="true" from="nursery"/>
<exclusive-end id="1506" timestamp="2019-06-15T03:58:15.572" durationms="3.240" />

<exclusive-start id="1507" timestamp="2019-06-15T03:58:15.574" intervalms="4.788">
  <response-info timems="0.030" idlems="0.030" threads="0" lastid="0000000002529000" lastname="PmdThread 4" />
</exclusive-start>
<af-start id="1508" threadId="0000000002529988" totalBytesRequested="56" timestamp="2019-06-15T03:58:15.574" intervalms="4.783" type="nursery" />
<cycle-start id="1509" type="scavenge" contextid="0" timestamp="2019-06-15T03:58:15.574" intervalms="4.805" />
<gc-start id="1510" type="scavenge" contextid="1509" timestamp="2019-06-15T03:58:15.574">
  <mem-info id="1511" free="2068435936" total="2092630016" percent="98">
    <mem type="nursery" free="0" total="2228224" percent="0">
      <mem type="allocate" free="0" total="1572864" percent="0" />
      <mem type="survivor" free="0" total="655360" percent="0" />
    </mem>
    <mem type="tenure" free="2068435936" total="2090401792" percent="98">
      <mem type="soa" free="1963916256" total="1985882112" percent="98" />
      <mem type="loa" free="104519680" total="104519680" percent="100" />
    </mem>
    <remembered-set count="209" />
  </mem-info>
</gc-start>
<allocation-stats totalBytes="1220000" >
  <allocated-bytes non-tlh="16416" tlh="1203584" />
  <largest-consumer threadName="PmdThread 1" threadId="0000000002519C00" bytes="593720" />
</allocation-stats>
<gc-op id="1512" type="scavenge" timems="1.205" contextid="1509" timestamp="2019-06-15T03:58:15.575">
  <scavenger-info tenureage="1" tenuremask="7ffe" tiltratio="70" />
  <memory-copied type="nursery" objects="9509" bytes="381576" bytesdiscarded="42896" />
  <memory-copied type="tenure" objects="8624" bytes="268728" bytesdiscarded="648" />
  <references type="phantom" candidates="1" cleared="0" enqueued="0" />
</gc-op>
<gc-end id="1513" type="scavenge" contextid="1509" durationms="1.405" usertimems="0.000" systemtimems="0.000" timestamp="2019-06-15T03:58:15.575" activeThreads="4">
  <mem-info id="1514" free="2069349320" total="2092630016" percent="98">
    <mem type="nursery" free="1148392" total="2228224" percent="51">
      <mem type="allocate" free="1148392" total="1572864" percent="73" />
      <mem type="survivor" free="0" total="655360" percent="0" />
    </mem>
    <mem type="tenure" free="2068200928" total="2090401792" percent="98">
      <mem type="soa" free="1963681248" total="1985882112" percent="98" />
      <mem type="loa" free="104519680" total="104519680" percent="100" />
    </mem>
    <remembered-set count="147" />
  </mem-info>
</gc-end>
<cycle-end id="1515" type="scavenge" contextid="1509" timestamp="2019-06-15T03:58:15.575" />
  <attribute name="elasticGC enabled" value="1" />
  <attribute name= "numThreadsSpecified" value="4" />
  <attribute name="heapSize specified" value="8519680" />
  <attribute name="Current GC Util" value="67" />
  <attribute name= "Current Time Running" value="2079" />
  <attribute name ="GC Interval" value="224" />
  <attribute name="ProportionalT" value="23.500000" />
  <attribute name="ProportionalI" value="23.500000" />
  <attribute name="ProportionalH" value="23.500000" />
  <attribute name="Current Error" value="47.000000" />
  <attribute name="IntegralT" value="188.000000" />
  <attribute name="IntegralI" value="188.000000" />
  <attribute name="IntegralH" value="188.000000" />
  <attribute name="DerivativeT" value="10.125000" />
  <attribute name="DerivativeI" value="10.125000" />
  <attribute name="DerivativeH" value="10.125000" />
  <attribute name="Loop Time for DT" value="4.000000" />
  <attribute name="Output H" value="8388608"/>
  <attribute name="Output I" value="224"/>
  <attribute name="Output T" value="4"/>
  <attribute name="Target GC Util Change" value ="20.000000" />
  <attribute name="Current GC Util Change" value="67.000000"/>
  <attribute name="GC Util currently" value="67" />
  <attribute name="CPU Util currently" value="964612099087" />
<allocation-satisfied id="1516" threadId="0000000002529000" bytesRequested="56" />
<af-end id="1517" timestamp="2019-06-15T03:58:15.576" threadId="0000000002529988" success="true" from="nursery"/>
<exclusive-end id="1518" timestamp="2019-06-15T03:58:15.576" durationms="1.828" />

<exclusive-start id="1519" timestamp="2019-06-15T03:58:15.577" intervalms="3.164">
  <response-info timems="0.023" idlems="0.023" threads="0" lastid="0000000002525400" lastname="PmdThread 3" />
</exclusive-start>
<af-start id="1520" threadId="0000000002525D88" totalBytesRequested="16" timestamp="2019-06-15T03:58:15.577" intervalms="3.169" type="nursery" />
<cycle-start id="1521" type="scavenge" contextid="0" timestamp="2019-06-15T03:58:15.577" intervalms="3.171" />
<gc-start id="1522" type="scavenge" contextid="1521" timestamp="2019-06-15T03:58:15.577">
  <mem-info id="1523" free="2068200928" total="2092630016" percent="98">
    <mem type="nursery" free="0" total="2228224" percent="0">
      <mem type="allocate" free="0" total="1572864" percent="0" />
      <mem type="survivor" free="0" total="655360" percent="0" />
    </mem>
    <mem type="tenure" free="2068200928" total="2090401792" percent="98">
      <mem type="soa" free="1963681248" total="1985882112" percent="98" />
      <mem type="loa" free="104519680" total="104519680" percent="100" />
    </mem>
    <remembered-set count="178" />
  </mem-info>
</gc-start>
<allocation-stats totalBytes="1148024" >
  <allocated-bytes non-tlh="56" tlh="1147968" />
  <largest-consumer threadName="PmdThread 3" threadId="0000000002525400" bytes="619808" />
</allocation-stats>
<gc-op id="1524" type="scavenge" timems="1.962" contextid="1521" timestamp="2019-06-15T03:58:15.579">
  <scavenger-info tenureage="1" tenuremask="7ffe" tiltratio="70" />
  <memory-copied type="nursery" objects="5955" bytes="202640" bytesdiscarded="32360" />
  <memory-copied type="tenure" objects="9280" bytes="366160" bytesdiscarded="624" />
</gc-op>
<gc-end id="1525" type="scavenge" contextid="1521" durationms="2.156" usertimems="0.000" systemtimems="4.000" timestamp="2019-06-15T03:58:15.579" activeThreads="4">
  <mem-info id="1526" free="2069266384" total="2092630016" percent="98">
    <mem type="nursery" free="1403392" total="2228224" percent="62">
      <mem type="allocate" free="1403392" total="1638400" percent="85" />
      <mem type="survivor" free="0" total="589824" percent="0" />
    </mem>
    <mem type="tenure" free="2067862992" total="2090401792" percent="98">
      <mem type="soa" free="1963343312" total="1985882112" percent="98" />
      <mem type="loa" free="104519680" total="104519680" percent="100" />
    </mem>
    <remembered-set count="293" />
  </mem-info>
</gc-end>
<cycle-end id="1527" type="scavenge" contextid="1521" timestamp="2019-06-15T03:58:15.579" />
  <attribute name="elasticGC enabled" value="1" />
  <attribute name= "numThreadsSpecified" value="4" />
  <attribute name="heapSize specified" value="8519680" />
  <attribute name="Current GC Util" value="55" />
  <attribute name= "Current Time Running" value="2083" />
  <attribute name ="GC Interval" value="200" />
  <attribute name="ProportionalT" value="17.500000" />
  <attribute name="ProportionalI" value="17.500000" />
  <attribute name="ProportionalH" value="17.500000" />
  <attribute name="Current Error" value="35.000000" />
  <attribute name="IntegralT" value="140.000000" />
  <attribute name="IntegralI" value="140.000000" />
  <attribute name="IntegralH" value="140.000000" />
  <attribute name="DerivativeT" value="-4.500000" />
  <attribute name="DerivativeI" value="-4.500000" />
  <attribute name="DerivativeH" value="-4.500000" />
  <attribute name="Loop Time for DT" value="4.000000" />
  <attribute name="Output H" value="8388608"/>
  <attribute name="Output I" value="200"/>
  <attribute name="Output T" value="4"/>
  <attribute name="Target GC Util Change" value ="20.000000" />
  <attribute name="Current GC Util Change" value="55.000000"/>
  <attribute name="GC Util currently" value="55" />
  <attribute name="CPU Util currently" value="1453080305320" />
<allocation-satisfied id="1528" threadId="0000000002525400" bytesRequested="16" />
<af-end id="1529" timestamp="2019-06-15T03:58:15.580" threadId="0000000002525D88" success="true" from="nursery"/>
<exclusive-end id="1530" timestamp="2019-06-15T03:58:15.580" durationms="2.656" />

<exclusive-start id="1531" timestamp="2019-06-15T03:58:15.582" intervalms="4.685">
  <response-info timems="0.046" idlems="0.046" threads="0" lastid="000000000251D800" lastname="PmdThread 2" />
</exclusive-start>
<af-start id="1532" threadId="000000000251E188" totalBytesRequested="40" timestamp="2019-06-15T03:58:15.582" intervalms="4.672" type="nursery" />
<cycle-start id="1533" type="scavenge" contextid="0" timestamp="2019-06-15T03:58:15.582" intervalms="4.663" />
<gc-start id="1534" type="scavenge" contextid="1533" timestamp="2019-06-15T03:58:15.582">
  <mem-info id="1535" free="2067862992" total="2092630016" percent="98">
    <mem type="nursery" free="0" total="2228224" percent="0">
      <mem type="allocate" free="0" total="1638400" percent="0" />
      <mem type="survivor" free="0" total="589824" percent="0" />
    </mem>
    <mem type="tenure" free="2067862992" total="2090401792" percent="98">
      <mem type="soa" free="1963343312" total="1985882112" percent="98" />
      <mem type="loa" free="104519680" total="104519680" percent="100" />
    </mem>
    <remembered-set count="460" />
  </mem-info>
</gc-start>
<allocation-stats totalBytes="1401512" >
  <allocated-bytes non-tlh="16" tlh="1401496" />
  <largest-consumer threadName="PmdThread 3" threadId="0000000002525400" bytes="530848" />
</allocation-stats>
<gc-op id="1536" type="scavenge" timems="1.216" contextid="1533" timestamp="2019-06-15T03:58:15.583">
  <scavenger-info tenureage="1" tenuremask="7ffe" tiltratio="73" />
  <memory-copied type="nursery" objects="8971" bytes="279408" bytesdiscarded="73080" />
  <memory-copied type="tenure" objects="5906" bytes="201320" bytesdiscarded="56" />
  <references type="weak" candidates="41" cleared="40" enqueued="40" />
  <references type="phantom" candidates="1" cleared="1" enqueued="1" />
</gc-op>
<gc-end id="1537" type="scavenge" contextid="1533" durationms="1.396" usertimems="0.000" systemtimems="0.000" timestamp="2019-06-15T03:58:15.583" activeThreads="4">
  <mem-info id="1538" free="2068953040" total="2092630016" percent="98">
    <mem type="nursery" free="1285888" total="2228224" percent="57">
      <mem type="allocate" free="1285888" total="1638400" percent="78" />
      <mem type="survivor" free="0" total="589824" percent="0" />
    </mem>
    <mem type="tenure" free="2067667152" total="2090401792" percent="98">
      <mem type="soa" free="1963147472" total="1985882112" percent="98" />
      <mem type="loa" free="104519680" total="104519680" percent="100" />
    </mem>
    <pending-finalizers system="0" default="0" reference="41" classloader="0" />
    <remembered-set count="245" />
  </mem-info>
</gc-end>
<cycle-end id="1539" type="scavenge" contextid="1533" timestamp="2019-06-15T03:58:15.583" />
  <attribute name="elasticGC enabled" value="1" />
  <attribute name= "numThreadsSpecified" value="4" />
  <attribute name="heapSize specified" value="8519680" />
  <attribute name="Current GC Util" value="56" />
  <attribute name= "Current Time Running" value="2087" />
  <attribute name ="GC Interval" value="200" />
  <attribute name="ProportionalT" value="18.000000" />
  <attribute name="ProportionalI" value="18.000000" />
  <attribute name="ProportionalH" value="18.000000" />
  <attribute name="Current Error" value="36.000000" />
  <attribute name="IntegralT" value="144.000000" />
  <attribute name="IntegralI" value="144.000000" />
  <attribute name="IntegralH" value="144.000000" />
  <attribute name="DerivativeT" value="0.375000" />
  <attribute name="DerivativeI" value="0.375000" />
  <attribute name="DerivativeH" value="0.375000" />
  <attribute name="Loop Time for DT" value="4.000000" />
  <attribute name="Output H" value="8388608"/>
  <attribute name="Output I" value="200"/>
  <attribute name="Output T" value="4"/>
  <attribute name="Target GC Util Change" value ="20.000000" />
  <attribute name="Current GC Util Change" value="56.000000"/>
  <attribute name="GC Util currently" value="56" />
  <attribute name="CPU Util currently" value="991304006138" />
<allocation-satisfied id="1540" threadId="000000000251D800" bytesRequested="40" />
<af-end id="1541" timestamp="2019-06-15T03:58:15.583" threadId="000000000251E188" success="true" from="nursery"/>
<exclusive-end id="1542" timestamp="2019-06-15T03:58:15.583" durationms="1.798" />

<exclusive-start id="1543" timestamp="2019-06-15T03:58:15.587" intervalms="5.116">
  <response-info timems="0.101" idlems="0.101" threads="0" lastid="000000000251D800" lastname="PmdThread 2" />
</exclusive-start>
<af-start id="1544" threadId="000000000251E188" totalBytesRequested="72" timestamp="2019-06-15T03:58:15.587" intervalms="5.124" type="nursery" />
<cycle-start id="1545" type="scavenge" contextid="0" timestamp="2019-06-15T03:58:15.587" intervalms="5.142" />
<gc-start id="1546" type="scavenge" contextid="1545" timestamp="2019-06-15T03:58:15.587">
  <mem-info id="1547" free="2067667152" total="2092630016" percent="98">
    <mem type="nursery" free="0" total="2228224" percent="0">
      <mem type="allocate" free="0" total="1638400" percent="0" />
      <mem type="survivor" free="0" total="589824" percent="0" />
    </mem>
    <mem type="tenure" free="2067667152" total="2090401792" percent="98">
      <mem type="soa" free="1963147472" total="1985882112" percent="98" />
      <mem type="loa" free="104519680" total="104519680" percent="100" />
    </mem>
    <remembered-set count="330" />
  </mem-info>
</gc-start>
<allocation-stats totalBytes="1285216" >
  <allocated-bytes non-tlh="40" tlh="1285176" />
  <largest-consumer threadName="PmdThread 4" threadId="0000000002529000" bytes="589608" />
</allocation-stats>
<gc-op id="1548" type="scavenge" timems="1.749" contextid="1545" timestamp="2019-06-15T03:58:15.589">
  <scavenger-info tenureage="1" tenuremask="7ffe" tiltratio="73" />
  <memory-copied type="nursery" objects="13435" bytes="530800" bytesdiscarded="45656" />
  <memory-copied type="tenure" objects="8858" bytes="269504" bytesdiscarded="96" />
  <references type="weak" candidates="25" cleared="25" enqueued="25" />
  <references type="phantom" candidates="2" cleared="1" enqueued="1" />
</gc-op>
<gc-end id="1549" type="scavenge" contextid="1545" durationms="1.923" usertimems="0.000" systemtimems="0.000" timestamp="2019-06-15T03:58:15.589" activeThreads="4">
  <mem-info id="1550" free="2068219016" total="2092630016" percent="98">
    <mem type="nursery" free="865208" total="2228224" percent="38">
      <mem type="allocate" free="865208" total="1441792" percent="60" />
      <mem type="survivor" free="0" total="786432" percent="0" />
    </mem>
    <mem type="tenure" free="2067353808" total="2090401792" percent="98">
      <mem type="soa" free="1962834128" total="1985882112" percent="98" />
      <mem type="loa" free="104519680" total="104519680" percent="100" />
    </mem>
    <pending-finalizers system="0" default="0" reference="26" classloader="0" />
    <remembered-set count="194" />
  </mem-info>
</gc-end>
<cycle-end id="1551" type="scavenge" contextid="1545" timestamp="2019-06-15T03:58:15.589" />
  <attribute name="elasticGC enabled" value="1" />
  <attribute name= "numThreadsSpecified" value="4" />
  <attribute name="heapSize specified" value="8519680" />
  <attribute name="Current GC Util" value="30" />
  <attribute name= "Current Time Running" value="2092" />
  <attribute name ="GC Interval" value="200" />
  <attribute name="ProportionalT" value="5.000000" />
  <attribute name="ProportionalI" value="5.000000" />
  <attribute name="ProportionalH" value="5.000000" />
  <attribute name="Current Error" value="10.000000" />
  <attribute name="IntegralT" value="50.000000" />
  <attribute name="IntegralI" value="50.000000" />
  <attribute name="IntegralH" value="50.000000" />
  <attribute name="DerivativeT" value="-7.800000" />
  <attribute name="DerivativeI" value="-7.800000" />
  <attribute name="DerivativeH" value="-7.800000" />
  <attribute name="Loop Time for DT" value="5.000000" />
  <attribute name="Output H" value="8388608"/>
  <attribute name="Output I" value="200"/>
  <attribute name="Output T" value="4"/>
  <attribute name="Target GC Util Change" value ="20.000000" />
  <attribute name="Current GC Util Change" value="30.000000"/>
  <attribute name="GC Util currently" value="30" />
  <attribute name="CPU Util currently" value="899711438853" />
<allocation-satisfied id="1552" threadId="000000000251D800" bytesRequested="72" />
<af-end id="1553" timestamp="2019-06-15T03:58:15.589" threadId="000000000251E188" success="true" from="nursery"/>
<exclusive-end id="1554" timestamp="2019-06-15T03:58:15.589" durationms="2.345" />

<exclusive-start id="1555" timestamp="2019-06-15T03:58:15.591" intervalms="4.266">
  <response-info timems="0.120" idlems="0.120" threads="0" lastid="0000000002529000" lastname="PmdThread 4" />
</exclusive-start>
<af-start id="1556" threadId="0000000002529988" totalBytesRequested="744" timestamp="2019-06-15T03:58:15.591" intervalms="4.265" type="nursery" />
<cycle-start id="1557" type="scavenge" contextid="0" timestamp="2019-06-15T03:58:15.591" intervalms="4.254" />
<gc-start id="1558" type="scavenge" contextid="1557" timestamp="2019-06-15T03:58:15.591">
  <mem-info id="1559" free="2067353808" total="2092630016" percent="98">
    <mem type="nursery" free="0" total="2228224" percent="0">
      <mem type="allocate" free="0" total="1441792" percent="0" />
      <mem type="survivor" free="0" total="786432" percent="0" />
    </mem>
    <mem type="tenure" free="2067353808" total="2090401792" percent="98">
      <mem type="soa" free="1962834128" total="1985882112" percent="98" />
      <mem type="loa" free="104519680" total="104519680" percent="100" />
    </mem>
    <remembered-set count="235" />
  </mem-info>
</gc-start>
<allocation-stats totalBytes="864608" >
  <allocated-bytes non-tlh="72" tlh="864536" />
  <largest-consumer threadName="PmdThread 1" threadId="0000000002519C00" bytes="405240" />
</allocation-stats>
<gc-op id="1560" type="scavenge" timems="1.641" contextid="1557" timestamp="2019-06-15T03:58:15.593">
  <scavenger-info tenureage="1" tenuremask="7ffe" tiltratio="64" />
  <memory-copied type="nursery" objects="9519" bytes="354432" bytesdiscarded="78096" />
  <memory-copied type="tenure" objects="12127" bytes="423392" bytesdiscarded="368" />
  <references type="weak" candidates="26" cleared="26" enqueued="26" />
  <references type="phantom" candidates="2" cleared="2" enqueued="2" />
</gc-op>
<gc-end id="1561" type="scavenge" contextid="1557" durationms="1.851" usertimems="0.000" systemtimems="4.000" timestamp="2019-06-15T03:58:15.593" activeThreads="4">
  <mem-info id="1562" free="2067946912" total="2092630016" percent="98">
    <mem type="nursery" free="1009128" total="2228224" percent="45">
      <mem type="allocate" free="1009128" total="1441792" percent="69" />
      <mem type="survivor" free="0" total="786432" percent="0" />
    </mem>
    <mem type="tenure" free="2066937784" total="2090401792" percent="98">
      <mem type="soa" free="1962418104" total="1985882112" percent="98" />
      <mem type="loa" free="104519680" total="104519680" percent="100" />
    </mem>
    <pending-finalizers system="0" default="0" reference="28" classloader="0" />
    <remembered-set count="293" />
  </mem-info>
</gc-end>
<cycle-end id="1563" type="scavenge" contextid="1557" timestamp="2019-06-15T03:58:15.593" />
  <attribute name="elasticGC enabled" value="1" />
  <attribute name= "numThreadsSpecified" value="4" />
  <attribute name="heapSize specified" value="8519680" />
  <attribute name="Current GC Util" value="50" />
  <attribute name= "Current Time Running" value="2097" />
  <attribute name ="GC Interval" value="200" />
  <attribute name="ProportionalT" value="15.000000" />
  <attribute name="ProportionalI" value="15.000000" />
  <attribute name="ProportionalH" value="15.000000" />
  <attribute name="Current Error" value="30.000000" />
  <attribute name="IntegralT" value="150.000000" />
  <attribute name="IntegralI" value="150.000000" />
  <attribute name="IntegralH" value="150.000000" />
  <attribute name="DerivativeT" value="6.000000" />
  <attribute name="DerivativeI" value="6.000000" />
  <attribute name="DerivativeH" value="6.000000" />
  <attribute name="Loop Time for DT" value="5.000000" />
  <attribute name="Output H" value="8388608"/>
  <attribute name="Output I" value="200"/>
  <attribute name="Output T" value="4"/>
  <attribute name="Target GC Util Change" value ="20.000000" />
  <attribute name="Current GC Util Change" value="50.000000"/>
  <attribute name="GC Util currently" value="50" />
  <attribute name="CPU Util currently" value="1075307425623" />
<allocation-satisfied id="1564" threadId="0000000002529000" bytesRequested="744" />
<af-end id="1565" timestamp="2019-06-15T03:58:15.593" threadId="0000000002529988" success="true" from="nursery"/>
<exclusive-end id="1566" timestamp="2019-06-15T03:58:15.593" durationms="2.335" />

<exclusive-start id="1567" timestamp="2019-06-15T03:58:15.597" intervalms="5.688">
  <response-info timems="0.027" idlems="0.027" threads="0" lastid="000000000251D800" lastname="PmdThread 2" />
</exclusive-start>
<af-start id="1568" threadId="000000000251E188" totalBytesRequested="56" timestamp="2019-06-15T03:58:15.597" intervalms="5.687" type="nursery" />
<cycle-start id="1569" type="scavenge" contextid="0" timestamp="2019-06-15T03:58:15.597" intervalms="5.681" />
<gc-start id="1570" type="scavenge" contextid="1569" timestamp="2019-06-15T03:58:15.597">
  <mem-info id="1571" free="2066937784" total="2092630016" percent="98">
    <mem type="nursery" free="0" total="2228224" percent="0">
      <mem type="allocate" free="0" total="1441792" percent="0" />
      <mem type="survivor" free="0" total="786432" percent="0" />
    </mem>
    <mem type="tenure" free="2066937784" total="2090401792" percent="98">
      <mem type="soa" free="1962418104" total="1985882112" percent="98" />
      <mem type="loa" free="104519680" total="104519680" percent="100" />
    </mem>
    <remembered-set count="374" />
  </mem-info>
</gc-start>
<allocation-stats totalBytes="1008040" >
  <allocated-bytes non-tlh="744" tlh="1007296" />
  <largest-consumer threadName="PmdThread 4" threadId="0000000002529000" bytes="376736" />
</allocation-stats>
<gc-op id="1572" type="scavenge" timems="1.362" contextid="1569" timestamp="2019-06-15T03:58:15.598">
  <scavenger-info tenureage="1" tenuremask="7ffe" tiltratio="64" />
  <memory-copied type="nursery" objects="8450" bytes="339496" bytesdiscarded="60136" />
  <memory-copied type="tenure" objects="9385" bytes="345856" bytesdiscarded="216" />
  <references type="weak" candidates="34" cleared="34" enqueued="34" />
  <references type="phantom" candidates="1" cleared="0" enqueued="0" />
</gc-op>
<gc-end id="1573" type="scavenge" contextid="1569" durationms="1.539" usertimems="0.000" systemtimems="0.000" timestamp="2019-06-15T03:58:15.598" activeThreads="4">
  <mem-info id="1574" free="2067676568" total="2092630016" percent="98">
    <mem type="nursery" free="1107696" total="2228224" percent="49">
      <mem type="allocate" free="1107696" total="1507328" percent="73" />
      <mem type="survivor" free="0" total="720896" percent="0" />
    </mem>
    <mem type="tenure" free="2066568872" total="2090401792" percent="98">
      <mem type="soa" free="1962049192" total="1985882112" percent="98" />
      <mem type="loa" free="104519680" total="104519680" percent="100" />
    </mem>
    <pending-finalizers system="0" default="0" reference="34" classloader="0" />
    <remembered-set count="231" />
  </mem-info>
</gc-end>
<cycle-end id="1575" type="scavenge" contextid="1569" timestamp="2019-06-15T03:58:15.599" />
  <attribute name="elasticGC enabled" value="1" />
  <attribute name= "numThreadsSpecified" value="4" />
  <attribute name="heapSize specified" value="8519680" />
  <attribute name="Current GC Util" value="39" />
  <attribute name= "Current Time Running" value="2102" />
  <attribute name ="GC Interval" value="200" />
  <attribute name="ProportionalT" value="9.500000" />
  <attribute name="ProportionalI" value="9.500000" />
  <attribute name="ProportionalH" value="9.500000" />
  <attribute name="Current Error" value="19.000000" />
  <attribute name="IntegralT" value="95.000000" />
  <attribute name="IntegralI" value="95.000000" />
  <attribute name="IntegralH" value="95.000000" />
  <attribute name="DerivativeT" value="-3.300000" />
  <attribute name="DerivativeI" value="-3.300000" />
  <attribute name="DerivativeH" value="-3.300000" />
  <attribute name="Loop Time for DT" value="5.000000" />
  <attribute name="Output H" value="8388608"/>
  <attribute name="Output I" value="200"/>
  <attribute name="Output T" value="4"/>
  <attribute name="Target GC Util Change" value ="20.000000" />
  <attribute name="Current GC Util Change" value="39.000000"/>
  <attribute name="GC Util currently" value="39" />
  <attribute name="CPU Util currently" value="815941960588" />
<allocation-satisfied id="1576" threadId="000000000251D800" bytesRequested="56" />
<af-end id="1577" timestamp="2019-06-15T03:58:15.599" threadId="000000000251E188" success="true" from="nursery"/>
<exclusive-end id="1578" timestamp="2019-06-15T03:58:15.599" durationms="1.956" />

<exclusive-start id="1579" timestamp="2019-06-15T03:58:15.602" intervalms="5.733">
  <response-info timems="0.117" idlems="0.068" threads="1" lastid="000000000251D800" lastname="PmdThread 2" />
</exclusive-start>
<af-start id="1580" threadId="0000000002529988" totalBytesRequested="40" timestamp="2019-06-15T03:58:15.603" intervalms="5.752" type="nursery" />
<cycle-start id="1581" type="scavenge" contextid="0" timestamp="2019-06-15T03:58:15.603" intervalms="5.766" />
<gc-start id="1582" type="scavenge" contextid="1581" timestamp="2019-06-15T03:58:15.603">
  <mem-info id="1583" free="2066568872" total="2092630016" percent="98">
    <mem type="nursery" free="0" total="2228224" percent="0">
      <mem type="allocate" free="0" total="1507328" percent="0" />
      <mem type="survivor" free="0" total="720896" percent="0" />
    </mem>
    <mem type="tenure" free="2066568872" total="2090401792" percent="98">
      <mem type="soa" free="1962049192" total="1985882112" percent="98" />
      <mem type="loa" free="104519680" total="104519680" percent="100" />
    </mem>
    <remembered-set count="921" />
  </mem-info>
</gc-start>
<allocation-stats totalBytes="1107384" >
  <allocated-bytes non-tlh="56" tlh="1107328" />
  <largest-consumer threadName="PmdThread 3" threadId="0000000002525400" bytes="685720" />
</allocation-stats>
<gc-op id="1584" type="scavenge" timems="0.764" contextid="1581" timestamp="2019-06-15T03:58:15.604">
  <scavenger-info tenureage="1" tenuremask="7ffe" tiltratio="67" />
  <memory-copied type="nursery" objects="7893" bytes="390528" bytesdiscarded="279384" />
  <memory-copied type="tenure" objects="7785" bytes="312592" bytesdiscarded="64" />
  <references type="weak" candidates="8" cleared="8" enqueued="8" />
  <references type="phantom" candidates="2" cleared="2" enqueued="2" />
</gc-op>
<gc-end id="1585" type="scavenge" contextid="1581" durationms="0.962" usertimems="0.000" systemtimems="0.000" timestamp="2019-06-15T03:58:15.604" activeThreads="4">
  <mem-info id="1586" free="2067050608" total="2092630016" percent="98">
    <mem type="nursery" free="902880" total="2228224" percent="40">
      <mem type="allocate" free="902880" total="1572864" percent="57" />
      <mem type="survivor" free="0" total="655360" percent="0" />
    </mem>
    <mem type="tenure" free="2066147728" total="2090401792" percent="98">
      <mem type="soa" free="1961628048" total="1985882112" percent="98" />
      <mem type="loa" free="104519680" total="104519680" percent="100" />
    </mem>
    <pending-finalizers system="0" default="0" reference="10" classloader="0" />
    <remembered-set count="1047" />
  </mem-info>
</gc-end>
<cycle-end id="1587" type="scavenge" contextid="1581" timestamp="2019-06-15T03:58:15.604" />
  <attribute name="elasticGC enabled" value="1" />
  <attribute name= "numThreadsSpecified" value="4" />
  <attribute name="heapSize specified" value="8519680" />
  <attribute name="Current GC Util" value="33" />
  <attribute name= "Current Time Running" value="2108" />
  <attribute name ="GC Interval" value="200" />
  <attribute name="ProportionalT" value="6.500000" />
  <attribute name="ProportionalI" value="6.500000" />
  <attribute name="ProportionalH" value="6.500000" />
  <attribute name="Current Error" value="13.000000" />
  <attribute name="IntegralT" value="78.000000" />
  <attribute name="IntegralI" value="78.000000" />
  <attribute name="IntegralH" value="78.000000" />
  <attribute name="DerivativeT" value="-1.500000" />
  <attribute name="DerivativeI" value="-1.500000" />
  <attribute name="DerivativeH" value="-1.500000" />
  <attribute name="Loop Time for DT" value="6.000000" />
  <attribute name="Output H" value="8388608"/>
  <attribute name="Output I" value="200"/>
  <attribute name="Output T" value="4"/>
  <attribute name="Target GC Util Change" value ="20.000000" />
  <attribute name="Current GC Util Change" value="33.000000"/>
  <attribute name="GC Util currently" value="33" />
  <attribute name="CPU Util currently" value="796856248709" />
<allocation-satisfied id="1588" threadId="0000000002529000" bytesRequested="40" />
<af-end id="1589" timestamp="2019-06-15T03:58:15.604" threadId="0000000002529988" success="true" from="nursery"/>
<exclusive-end id="1590" timestamp="2019-06-15T03:58:15.604" durationms="1.442" />

<exclusive-start id="1591" timestamp="2019-06-15T03:58:15.606" intervalms="3.493">
  <response-info timems="0.028" idlems="0.028" threads="0" lastid="0000000002529000" lastname="PmdThread 4" />
</exclusive-start>
<af-start id="1592" threadId="0000000002529988" totalBytesRequested="8200" timestamp="2019-06-15T03:58:15.606" intervalms="3.475" type="nursery" />
<cycle-start id="1593" type="scavenge" contextid="0" timestamp="2019-06-15T03:58:15.606" intervalms="3.465" />
<gc-start id="1594" type="scavenge" contextid="1593" timestamp="2019-06-15T03:58:15.606">
  <mem-info id="1595" free="2066147728" total="2092630016" percent="98">
    <mem type="nursery" free="0" total="2228224" percent="0">
      <mem type="allocate" free="0" total="1572864" percent="0" />
      <mem type="survivor" free="0" total="655360" percent="0" />
    </mem>
    <mem type="tenure" free="2066147728" total="2090401792" percent="98">
      <mem type="soa" free="1961628048" total="1985882112" percent="98" />
      <mem type="loa" free="104519680" total="104519680" percent="100" />
    </mem>
    <remembered-set count="1343" />
  </mem-info>
</gc-start>
<allocation-stats totalBytes="899320" >
  <allocated-bytes non-tlh="40" tlh="899280" />
  <largest-consumer threadName="PmdThread 3" threadId="0000000002525400" bytes="353560" />
</allocation-stats>
<gc-op id="1596" type="scavenge" timems="0.935" contextid="1593" timestamp="2019-06-15T03:58:15.607">
  <scavenger-info tenureage="1" tenuremask="7ffe" tiltratio="70" />
  <memory-copied type="nursery" objects="684" bytes="32336" bytesdiscarded="85144" />
  <memory-copied type="tenure" objects="7370" bytes="312160" bytesdiscarded="32" />
  <references type="weak" candidates="24" cleared="24" enqueued="24" />
  <references type="phantom" candidates="3" cleared="2" enqueued="2" />
</gc-op>
<gc-end id="1597" type="scavenge" contextid="1593" durationms="1.134" usertimems="0.000" systemtimems="4.000" timestamp="2019-06-15T03:58:15.607" activeThreads="4">
  <mem-info id="1598" free="2067423600" total="2092630016" percent="98">
    <mem type="nursery" free="1520896" total="2228224" percent="68">
      <mem type="allocate" free="1520896" total="1638400" percent="92" />
      <mem type="survivor" free="0" total="589824" percent="0" />
    </mem>
    <mem type="tenure" free="2065902704" total="2090401792" percent="98">
      <mem type="soa" free="1961383024" total="1985882112" percent="98" />
      <mem type="loa" free="104519680" total="104519680" percent="100" />
    </mem>
    <pending-finalizers system="0" default="0" reference="26" classloader="0" />
    <remembered-set count="300" />
  </mem-info>
</gc-end>
<cycle-end id="1599" type="scavenge" contextid="1593" timestamp="2019-06-15T03:58:15.607" />
  <attribute name="elasticGC enabled" value="1" />
  <attribute name= "numThreadsSpecified" value="4" />
  <attribute name="heapSize specified" value="8519680" />
  <attribute name="Current GC Util" value="57" />
  <attribute name= "Current Time Running" value="2112" />
  <attribute name ="GC Interval" value="200" />
  <attribute name="ProportionalT" value="18.500000" />
  <attribute name="ProportionalI" value="18.500000" />
  <attribute name="ProportionalH" value="18.500000" />
  <attribute name="Current Error" value="37.000000" />
  <attribute name="IntegralT" value="148.000000" />
  <attribute name="IntegralI" value="148.000000" />
  <attribute name="IntegralH" value="148.000000" />
  <attribute name="DerivativeT" value="9.000000" />
  <attribute name="DerivativeI" value="9.000000" />
  <attribute name="DerivativeH" value="9.000000" />
  <attribute name="Loop Time for DT" value="4.000000" />
  <attribute name="Output H" value="8388608"/>
  <attribute name="Output I" value="200"/>
  <attribute name="Output T" value="4"/>
  <attribute name="Target GC Util Change" value ="20.000000" />
  <attribute name="Current GC Util Change" value="57.000000"/>
  <attribute name="GC Util currently" value="57" />
  <attribute name="CPU Util currently" value="1332995150993" />
<allocation-satisfied id="1600" threadId="0000000002529000" bytesRequested="8200" />
<af-end id="1601" timestamp="2019-06-15T03:58:15.607" threadId="0000000002529988" success="true" from="nursery"/>
<exclusive-end id="1602" timestamp="2019-06-15T03:58:15.608" durationms="1.582" />

<exclusive-start id="1603" timestamp="2019-06-15T03:58:15.610" intervalms="4.350">
  <response-info timems="0.028" idlems="0.028" threads="0" lastid="0000000002525400" lastname="PmdThread 3" />
</exclusive-start>
<af-start id="1604" threadId="0000000002525D88" totalBytesRequested="24" timestamp="2019-06-15T03:58:15.610" intervalms="4.358" type="nursery" />
<cycle-start id="1605" type="scavenge" contextid="0" timestamp="2019-06-15T03:58:15.610" intervalms="4.362" />
<gc-start id="1606" type="scavenge" contextid="1605" timestamp="2019-06-15T03:58:15.611">
  <mem-info id="1607" free="2065902704" total="2092630016" percent="98">
    <mem type="nursery" free="0" total="2228224" percent="0">
      <mem type="allocate" free="0" total="1638400" percent="0" />
      <mem type="survivor" free="0" total="589824" percent="0" />
    </mem>
    <mem type="tenure" free="2065902704" total="2090401792" percent="98">
      <mem type="soa" free="1961383024" total="1985882112" percent="98" />
      <mem type="loa" free="104519680" total="104519680" percent="100" />
    </mem>
    <remembered-set count="517" />
  </mem-info>
</gc-start>
<allocation-stats totalBytes="1520368" >
  <allocated-bytes non-tlh="24592" tlh="1495776" />
  <largest-consumer threadName="PmdThread 3" threadId="0000000002525400" bytes="515904" />
</allocation-stats>
<gc-op id="1608" type="scavenge" timems="2.019" contextid="1605" timestamp="2019-06-15T03:58:15.613">
  <scavenger-info tenureage="2" tenuremask="7ffc" tiltratio="73" />
  <memory-copied type="nursery" objects="13839" bytes="491808" bytesdiscarded="50136" />
  <references type="weak" candidates="31" cleared="31" enqueued="31" />
  <references type="phantom" candidates="1" cleared="1" enqueued="1" />
</gc-op>
<gc-end id="1609" type="scavenge" contextid="1605" durationms="2.215" usertimems="4.000" systemtimems="0.000" timestamp="2019-06-15T03:58:15.613" activeThreads="4">
  <mem-info id="1610" free="2066605912" total="2092630016" percent="98">
    <mem type="nursery" free="703208" total="2228224" percent="31">
      <mem type="allocate" free="703208" total="1245184" percent="56" />
      <mem type="survivor" free="0" total="983040" percent="0" />
    </mem>
    <mem type="tenure" free="2065902704" total="2090401792" percent="98">
      <mem type="soa" free="1961383024" total="1985882112" percent="98" />
      <mem type="loa" free="104519680" total="104519680" percent="100" />
    </mem>
    <pending-finalizers system="0" default="0" reference="32" classloader="0" />
    <remembered-set count="324" />
  </mem-info>
</gc-end>
<cycle-end id="1611" type="scavenge" contextid="1605" timestamp="2019-06-15T03:58:15.613" />
  <attribute name="elasticGC enabled" value="1" />
  <attribute name= "numThreadsSpecified" value="4" />
  <attribute name="heapSize specified" value="8519680" />
  <attribute name="Current GC Util" value="32" />
  <attribute name= "Current Time Running" value="2116" />
  <attribute name ="GC Interval" value="200" />
  <attribute name="ProportionalT" value="6.000000" />
  <attribute name="ProportionalI" value="6.000000" />
  <attribute name="ProportionalH" value="6.000000" />
  <attribute name="Current Error" value="12.000000" />
  <attribute name="IntegralT" value="48.000000" />
  <attribute name="IntegralI" value="48.000000" />
  <attribute name="IntegralH" value="48.000000" />
  <attribute name="DerivativeT" value="-9.375000" />
  <attribute name="DerivativeI" value="-9.375000" />
  <attribute name="DerivativeH" value="-9.375000" />
  <attribute name="Loop Time for DT" value="4.000000" />
  <attribute name="Output H" value="8388608"/>
  <attribute name="Output I" value="200"/>
  <attribute name="Output T" value="4"/>
  <attribute name="Target GC Util Change" value ="20.000000" />
  <attribute name="Current GC Util Change" value="32.000000"/>
  <attribute name="GC Util currently" value="32" />
  <attribute name="CPU Util currently" value="1053863112356" />
<allocation-satisfied id="1612" threadId="0000000002525400" bytesRequested="24" />
<af-end id="1613" timestamp="2019-06-15T03:58:15.613" threadId="0000000002525D88" success="true" from="nursery"/>
<exclusive-end id="1614" timestamp="2019-06-15T03:58:15.613" durationms="2.688" />

<exclusive-start id="1615" timestamp="2019-06-15T03:58:15.614" intervalms="3.551">
  <response-info timems="0.025" idlems="0.025" threads="0" lastid="0000000002519C00" lastname="PmdThread 1" />
</exclusive-start>
<af-start id="1616" threadId="000000000251A588" totalBytesRequested="72" timestamp="2019-06-15T03:58:15.614" intervalms="3.539" type="nursery" />
<cycle-start id="1617" type="scavenge" contextid="0" timestamp="2019-06-15T03:58:15.614" intervalms="3.529" />
<gc-start id="1618" type="scavenge" contextid="1617" timestamp="2019-06-15T03:58:15.614">
  <mem-info id="1619" free="2065902704" total="2092630016" percent="98">
    <mem type="nursery" free="0" total="2228224" percent="0">
      <mem type="allocate" free="0" total="1245184" percent="0" />
      <mem type="survivor" free="0" total="983040" percent="0" />
    </mem>
    <mem type="tenure" free="2065902704" total="2090401792" percent="98">
      <mem type="soa" free="1961383024" total="1985882112" percent="98" />
      <mem type="loa" free="104519680" total="104519680" percent="100" />
    </mem>
    <remembered-set count="389" />
  </mem-info>
</gc-start>
<allocation-stats totalBytes="702920" >
  <allocated-bytes non-tlh="24" tlh="702896" />
  <largest-consumer threadName="PmdThread 3" threadId="0000000002525400" bytes="372704" />
</allocation-stats>
<gc-op id="1620" type="scavenge" timems="1.153" contextid="1617" timestamp="2019-06-15T03:58:15.615">
  <scavenger-info tenureage="1" tenuremask="7ffe" tiltratio="55" />
  <memory-copied type="nursery" objects="300" bytes="9200" bytesdiscarded="69136" />
  <memory-copied type="tenure" objects="13716" bytes="485264" bytesdiscarded="152" />
  <references type="weak" candidates="4" cleared="4" enqueued="4" />
</gc-op>
<gc-end id="1621" type="scavenge" contextid="1617" durationms="1.325" usertimems="0.000" systemtimems="0.000" timestamp="2019-06-15T03:58:15.615" activeThreads="4">
  <mem-info id="1622" free="2066710616" total="2092630016" percent="98">
    <mem type="nursery" free="1232384" total="2228224" percent="55">
      <mem type="allocate" free="1232384" total="1310720" percent="94" />
      <mem type="survivor" free="0" total="917504" percent="0" />
    </mem>
    <mem type="tenure" free="2065478232" total="2090401792" percent="98">
      <mem type="soa" free="1960958552" total="1985882112" percent="98" />
      <mem type="loa" free="104519680" total="104519680" percent="100" />
    </mem>
    <pending-finalizers system="0" default="0" reference="4" classloader="0" />
    <remembered-set count="192" />
  </mem-info>
</gc-end>
<cycle-end id="1623" type="scavenge" contextid="1617" timestamp="2019-06-15T03:58:15.615" />
  <attribute name="elasticGC enabled" value="1" />
  <attribute name= "numThreadsSpecified" value="4" />
  <attribute name="heapSize specified" value="8519680" />
  <attribute name="Current GC Util" value="85" />
  <attribute name= "Current Time Running" value="2119" />
  <attribute name ="GC Interval" value="256" />
  <attribute name="ProportionalT" value="32.500000" />
  <attribute name="ProportionalI" value="32.500000" />
  <attribute name="ProportionalH" value="32.500000" />
  <attribute name="Current Error" value="65.000000" />
  <attribute name="IntegralT" value="195.000000" />
  <attribute name="IntegralI" value="195.000000" />
  <attribute name="IntegralH" value="195.000000" />
  <attribute name="DerivativeT" value="26.500000" />
  <attribute name="DerivativeI" value="26.500000" />
  <attribute name="DerivativeH" value="26.500000" />
  <attribute name="Loop Time for DT" value="3.000000" />
  <attribute name="Output H" value="8388608"/>
  <attribute name="Output I" value="256"/>
  <attribute name="Output T" value="4"/>
  <attribute name="Target GC Util Change" value ="20.000000" />
  <attribute name="Current GC Util Change" value="85.000000"/>
  <attribute name="GC Util currently" value="85" />
  <attribute name="CPU Util currently" value="1320345618001" />
<allocation-satisfied id="1624" threadId="0000000002519C00" bytesRequested="72" />
<af-end id="1625" timestamp="2019-06-15T03:58:15.616" threadId="000000000251A588" success="true" from="nursery"/>
<exclusive-end id="1626" timestamp="2019-06-15T03:58:15.616" durationms="1.752" />

<exclusive-start id="1627" timestamp="2019-06-15T03:58:15.619" intervalms="5.029">
  <response-info timems="0.027" idlems="0.027" threads="0" lastid="0000000002519C00" lastname="PmdThread 1" />
</exclusive-start>
<af-start id="1628" threadId="000000000251A588" totalBytesRequested="16" timestamp="2019-06-15T03:58:15.619" intervalms="5.030" type="nursery" />
<cycle-start id="1629" type="scavenge" contextid="0" timestamp="2019-06-15T03:58:15.619" intervalms="5.031" />
<gc-start id="1630" type="scavenge" contextid="1629" timestamp="2019-06-15T03:58:15.619">
  <mem-info id="1631" free="2065477976" total="2092630016" percent="98">
    <mem type="nursery" free="0" total="2228224" percent="0">
      <mem type="allocate" free="0" total="1310720" percent="0" />
      <mem type="survivor" free="0" total="917504" percent="0" />
    </mem>
    <mem type="tenure" free="2065477976" total="2090401792" percent="98">
      <mem type="soa" free="1960958296" total="1985882112" percent="98" />
      <mem type="loa" free="104519680" total="104519680" percent="100" />
    </mem>
    <remembered-set count="442" />
  </mem-info>
</gc-start>
<allocation-stats totalBytes="1220200" >
  <allocated-bytes non-tlh="328" tlh="1219872" />
  <largest-consumer threadName="PmdThread 1" threadId="0000000002519C00" bytes="565104" />
</allocation-stats>
<gc-op id="1632" type="scavenge" timems="0.383" contextid="1629" timestamp="2019-06-15T03:58:15.620">
  <scavenger-info tenureage="2" tenuremask="7ffc" tiltratio="58" />
  <memory-copied type="nursery" objects="2704" bytes="271416" bytesdiscarded="90568" />
  <references type="weak" candidates="3" cleared="3" enqueued="3" />
  <references type="phantom" candidates="2" cleared="1" enqueued="1" />
</gc-op>
<gc-end id="1633" type="scavenge" contextid="1629" durationms="0.563" usertimems="4.000" systemtimems="0.000" timestamp="2019-06-15T03:58:15.620" activeThreads="4">
  <mem-info id="1634" free="2066492192" total="2092630016" percent="98">
    <mem type="nursery" free="1014216" total="2228224" percent="45">
      <mem type="allocate" free="1014216" total="1376256" percent="73" />
      <mem type="survivor" free="0" total="851968" percent="0" />
    </mem>
    <mem type="tenure" free="2065477976" total="2090401792" percent="98">
      <mem type="soa" free="1960958296" total="1985882112" percent="98" />
      <mem type="loa" free="104519680" total="104519680" percent="100" />
    </mem>
    <pending-finalizers system="0" default="0" reference="4" classloader="0" />
    <remembered-set count="442" />
  </mem-info>
</gc-end>
<cycle-end id="1635" type="scavenge" contextid="1629" timestamp="2019-06-15T03:58:15.620" />
  <attribute name="elasticGC enabled" value="1" />
  <attribute name= "numThreadsSpecified" value="4" />
  <attribute name="heapSize specified" value="8519680" />
  <attribute name="Current GC Util" value="32" />
  <attribute name= "Current Time Running" value="2124" />
  <attribute name ="GC Interval" value="200" />
  <attribute name="ProportionalT" value="6.000000" />
  <attribute name="ProportionalI" value="6.000000" />
  <attribute name="ProportionalH" value="6.000000" />
  <attribute name="Current Error" value="12.000000" />
  <attribute name="IntegralT" value="60.000000" />
  <attribute name="IntegralI" value="60.000000" />
  <attribute name="IntegralH" value="60.000000" />
  <attribute name="DerivativeT" value="-15.900000" />
  <attribute name="DerivativeI" value="-15.900000" />
  <attribute name="DerivativeH" value="-15.900000" />
  <attribute name="Loop Time for DT" value="5.000000" />
  <attribute name="Output H" value="8388608"/>
  <attribute name="Output I" value="200"/>
  <attribute name="Output T" value="4"/>
  <attribute name="Target GC Util Change" value ="20.000000" />
  <attribute name="Current GC Util Change" value="32.000000"/>
  <attribute name="GC Util currently" value="32" />
  <attribute name="CPU Util currently" value="916121318855" />
<allocation-satisfied id="1636" threadId="0000000002519C00" bytesRequested="16" />
<af-end id="1637" timestamp="2019-06-15T03:58:15.620" threadId="000000000251A588" success="true" from="nursery"/>
<exclusive-end id="1638" timestamp="2019-06-15T03:58:15.620" durationms="0.969" />

<exclusive-start id="1639" timestamp="2019-06-15T03:58:15.624" intervalms="4.728">
  <response-info timems="0.097" idlems="0.097" threads="0" lastid="0000000002519C00" lastname="PmdThread 1" />
</exclusive-start>
<af-start id="1640" threadId="000000000251A588" totalBytesRequested="24" timestamp="2019-06-15T03:58:15.624" intervalms="4.727" type="nursery" />
<cycle-start id="1641" type="scavenge" contextid="0" timestamp="2019-06-15T03:58:15.624" intervalms="4.728" />
<gc-start id="1642" type="scavenge" contextid="1641" timestamp="2019-06-15T03:58:15.624">
  <mem-info id="1643" free="2065477976" total="2092630016" percent="98">
    <mem type="nursery" free="0" total="2228224" percent="0">
      <mem type="allocate" free="0" total="1376256" percent="0" />
      <mem type="survivor" free="0" total="851968" percent="0" />
    </mem>
    <mem type="tenure" free="2065477976" total="2090401792" percent="98">
      <mem type="soa" free="1960958296" total="1985882112" percent="98" />
      <mem type="loa" free="104519680" total="104519680" percent="100" />
    </mem>
    <remembered-set count="529" />
  </mem-info>
</gc-start>
<allocation-stats totalBytes="1013832" >
  <allocated-bytes non-tlh="16" tlh="1013816" />
  <largest-consumer threadName="PmdThread 2" threadId="000000000251D800" bytes="696040" />
</allocation-stats>
<gc-op id="1644" type="scavenge" timems="1.311" contextid="1641" timestamp="2019-06-15T03:58:15.625">
  <scavenger-info tenureage="2" tenuremask="7ffc" tiltratio="61" />
  <memory-copied type="nursery" objects="15622" bytes="678928" bytesdiscarded="173008" />
  <memory-copied type="tenure" objects="3815" bytes="100432" bytesdiscarded="32" />
  <copy-failed type="nursery" objects="3570" bytes="92832" />
  <references type="phantom" candidates="1" cleared="0" enqueued="0" />
</gc-op>
<gc-end id="1645" type="scavenge" contextid="1641" durationms="1.482" usertimems="0.000" systemtimems="4.000" timestamp="2019-06-15T03:58:15.625" activeThreads="4">
  <mem-info id="1646" free="2065661784" total="2092630016" percent="98">
    <mem type="nursery" free="262144" total="2228224" percent="11">
      <mem type="allocate" free="262144" total="1114112" percent="23" />
      <mem type="survivor" free="0" total="1114112" percent="0" />
    </mem>
    <mem type="tenure" free="2065399640" total="2090401792" percent="98">
      <mem type="soa" free="1960879960" total="1985882112" percent="98" />
      <mem type="loa" free="104519680" total="104519680" percent="100" />
    </mem>
    <remembered-set count="457" />
  </mem-info>
</gc-end>
<cycle-end id="1647" type="scavenge" contextid="1641" timestamp="2019-06-15T03:58:15.625" />
  <attribute name="elasticGC enabled" value="1" />
  <attribute name= "numThreadsSpecified" value="4" />
  <attribute name="heapSize specified" value="8519680" />
  <attribute name="Current GC Util" value="18" />
  <attribute name= "Current Time Running" value="2129" />
  <attribute name ="GC Interval" value="200" />
  <attribute name="ProportionalT" value="-1.000000" />
  <attribute name="ProportionalI" value="-1.000000" />
  <attribute name="ProportionalH" value="-1.000000" />
  <attribute name="Current Error" value="-2.000000" />
  <attribute name="IntegralT" value="-10.000000" />
  <attribute name="IntegralI" value="-10.000000" />
  <attribute name="IntegralH" value="-10.000000" />
  <attribute name="DerivativeT" value="-4.200000" />
  <attribute name="DerivativeI" value="-4.200000" />
  <attribute name="DerivativeH" value="-4.200000" />
  <attribute name="Loop Time for DT" value="5.000000" />
  <attribute name="Output H" value="2092630016"/>
  <attribute name="Output I" value="200"/>
  <attribute name="Output T" value="4"/>
  <attribute name="Target GC Util Change" value ="20.000000" />
  <attribute name="Current GC Util Change" value="18.000000"/>
  <attribute name="GC Util currently" value="18" />
  <attribute name="CPU Util currently" value="976416209019" />
<allocation-satisfied id="1648" threadId="0000000002519C00" bytesRequested="24" />
<af-end id="1649" timestamp="2019-06-15T03:58:15.625" threadId="000000000251A588" success="true" from="nursery"/>
<exclusive-end id="1650" timestamp="2019-06-15T03:58:15.626" durationms="1.886" />

<exclusive-start id="1651" timestamp="2019-06-15T03:58:15.626" intervalms="2.424">
  <response-info timems="0.033" idlems="0.033" threads="0" lastid="0000000002529000" lastname="PmdThread 4" />
</exclusive-start>
<af-start id="1652" threadId="0000000002529988" totalBytesRequested="40" timestamp="2019-06-15T03:58:15.626" intervalms="2.431" type="nursery" />
<cycle-start id="1653" type="scavenge" contextid="0" timestamp="2019-06-15T03:58:15.626" intervalms="2.436" />
<gc-start id="1654" type="scavenge" contextid="1653" timestamp="2019-06-15T03:58:15.626">
  <mem-info id="1655" free="2065399640" total="2092630016" percent="98">
    <mem type="nursery" free="0" total="2228224" percent="0">
      <mem type="allocate" free="0" total="1114112" percent="0" />
      <mem type="survivor" free="0" total="1114112" percent="0" />
    </mem>
    <mem type="tenure" free="2065399640" total="2090401792" percent="98">
      <mem type="soa" free="1960879960" total="1985882112" percent="98" />
      <mem type="loa" free="104519680" total="104519680" percent="100" />
    </mem>
    <remembered-set count="512" />
  </mem-info>
</gc-start>
<allocation-stats totalBytes="262064" >
  <allocated-bytes non-tlh="24" tlh="262040" />
  <largest-consumer threadName="PmdThread 1" threadId="0000000002519C00" bytes="139208" />
</allocation-stats>
<gc-op id="1656" type="scavenge" timems="0.806" contextid="1653" timestamp="2019-06-15T03:58:15.627">
  <scavenger-info tenureage="1" tenuremask="7ffe" tiltratio="50" />
  <memory-copied type="nursery" objects="1254" bytes="41344" bytesdiscarded="137600" />
  <memory-copied type="tenure" objects="15307" bytes="669976" bytesdiscarded="288" />
</gc-op>
<gc-end id="1657" type="scavenge" contextid="1653" durationms="1.000" usertimems="4.000" systemtimems="0.000" timestamp="2019-06-15T03:58:15.627" activeThreads="4">
  <mem-info id="1658" free="2065607192" total="2092630016" percent="98">
    <mem type="nursery" free="935168" total="2228224" percent="41">
      <mem type="allocate" free="935168" total="1114112" percent="83" />
      <mem type="survivor" free="0" total="1114112" percent="0" />
    </mem>
    <mem type="tenure" free="2064672024" total="2090401792" percent="98">
      <mem type="soa" free="1960152344" total="1985882112" percent="98" />
      <mem type="loa" free="104519680" total="104519680" percent="100" />
    </mem>
    <remembered-set count="245" />
  </mem-info>
</gc-end>
<cycle-end id="1659" type="scavenge" contextid="1653" timestamp="2019-06-15T03:58:15.627" />
  <attribute name="elasticGC enabled" value="1" />
  <attribute name= "numThreadsSpecified" value="4" />
  <attribute name="heapSize specified" value="8519680" />
  <attribute name="Current GC Util" value="75" />
  <attribute name= "Current Time Running" value="2132" />
  <attribute name ="GC Interval" value="224" />
  <attribute name="ProportionalT" value="27.500000" />
  <attribute name="ProportionalI" value="27.500000" />
  <attribute name="ProportionalH" value="27.500000" />
  <attribute name="Current Error" value="55.000000" />
  <attribute name="IntegralT" value="165.000000" />
  <attribute name="IntegralI" value="165.000000" />
  <attribute name="IntegralH" value="165.000000" />
  <attribute name="DerivativeT" value="27.500000" />
  <attribute name="DerivativeI" value="27.500000" />
  <attribute name="DerivativeH" value="27.500000" />
  <attribute name="Loop Time for DT" value="3.000000" />
  <attribute name="Output H" value="8388608"/>
  <attribute name="Output I" value="224"/>
  <attribute name="Output T" value="4"/>
  <attribute name="Target GC Util Change" value ="20.000000" />
  <attribute name="Current GC Util Change" value="75.000000"/>
  <attribute name="GC Util currently" value="75" />
  <attribute name="CPU Util currently" value="1875478004925" />
<allocation-satisfied id="1660" threadId="0000000002529000" bytesRequested="40" />
<af-end id="1661" timestamp="2019-06-15T03:58:15.627" threadId="0000000002529988" success="true" from="nursery"/>
<exclusive-end id="1662" timestamp="2019-06-15T03:58:15.627" durationms="1.448" />

<exclusive-start id="1663" timestamp="2019-06-15T03:58:15.630" intervalms="4.219">
  <response-info timems="0.025" idlems="0.025" threads="0" lastid="000000000251D800" lastname="PmdThread 2" />
</exclusive-start>
<af-start id="1664" threadId="000000000251E188" totalBytesRequested="56" timestamp="2019-06-15T03:58:15.630" intervalms="4.214" type="nursery" />
<cycle-start id="1665" type="scavenge" contextid="0" timestamp="2019-06-15T03:58:15.630" intervalms="4.209" />
<gc-start id="1666" type="scavenge" contextid="1665" timestamp="2019-06-15T03:58:15.630">
  <mem-info id="1667" free="2064671568" total="2092630016" percent="98">
    <mem type="nursery" free="0" total="2228224" percent="0">
      <mem type="allocate" free="0" total="1114112" percent="0" />
      <mem type="survivor" free="0" total="1114112" percent="0" />
    </mem>
    <mem type="tenure" free="2064671568" total="2090401792" percent="98">
      <mem type="soa" free="1960151888" total="1985882112" percent="98" />
      <mem type="loa" free="104519680" total="104519680" percent="100" />
    </mem>
    <remembered-set count="364" />
  </mem-info>
</gc-start>
<allocation-stats totalBytes="935064" >
  <allocated-bytes non-tlh="496" tlh="934568" />
  <largest-consumer threadName="PmdThread 2" threadId="000000000251D800" bytes="541640" />
</allocation-stats>
<gc-op id="1668" type="scavenge" timems="1.230" contextid="1665" timestamp="2019-06-15T03:58:15.632">
  <scavenger-info tenureage="2" tenuremask="7ffc" tiltratio="50" />
  <memory-copied type="nursery" objects="14946" bytes="458048" bytesdiscarded="90288" />
  <references type="weak" candidates="1" cleared="1" enqueued="1" />
  <references type="phantom" candidates="1" cleared="1" enqueued="1" />
</gc-op>
<gc-end id="1669" type="scavenge" contextid="1665" durationms="1.411" usertimems="0.000" systemtimems="4.000" timestamp="2019-06-15T03:58:15.632" activeThreads="4">
  <mem-info id="1670" free="2065237328" total="2092630016" percent="98">
    <mem type="nursery" free="565760" total="2228224" percent="25">
      <mem type="allocate" free="565760" total="1114112" percent="50" />
      <mem type="survivor" free="0" total="1114112" percent="0" />
    </mem>
    <mem type="tenure" free="2064671568" total="2090401792" percent="98">
      <mem type="soa" free="1960151888" total="1985882112" percent="98" />
      <mem type="loa" free="104519680" total="104519680" percent="100" />
    </mem>
    <pending-finalizers system="0" default="0" reference="2" classloader="0" />
    <remembered-set count="346" />
  </mem-info>
</gc-end>
<cycle-end id="1671" type="scavenge" contextid="1665" timestamp="2019-06-15T03:58:15.632" />
  <attribute name="elasticGC enabled" value="1" />
  <attribute name= "numThreadsSpecified" value="4" />
  <attribute name="heapSize specified" value="8519680" />
  <attribute name="Current GC Util" value="45" />
  <attribute name= "Current Time Running" value="2136" />
  <attribute name ="GC Interval" value="200" />
  <attribute name="ProportionalT" value="12.500000" />
  <attribute name="ProportionalI" value="12.500000" />
  <attribute name="ProportionalH" value="12.500000" />
  <attribute name="Current Error" value="25.000000" />
  <attribute name="IntegralT" value="100.000000" />
  <attribute name="IntegralI" value="100.000000" />
  <attribute name="IntegralH" value="100.000000" />
  <attribute name="DerivativeT" value="-11.250000" />
  <attribute name="DerivativeI" value="-11.250000" />
  <attribute name="DerivativeH" value="-11.250000" />
  <attribute name="Loop Time for DT" value="4.000000" />
  <attribute name="Output H" value="8388608"/>
  <attribute name="Output I" value="200"/>
  <attribute name="Output T" value="4"/>
  <attribute name="Target GC Util Change" value ="20.000000" />
  <attribute name="Current GC Util Change" value="45.000000"/>
  <attribute name="GC Util currently" value="45" />
  <attribute name="CPU Util currently" value="1097465213470" />
<allocation-satisfied id="1672" threadId="000000000251D800" bytesRequested="56" />
<af-end id="1673" timestamp="2019-06-15T03:58:15.632" threadId="000000000251E188" success="true" from="nursery"/>
<exclusive-end id="1674" timestamp="2019-06-15T03:58:15.632" durationms="1.824" />

<exclusive-start id="1675" timestamp="2019-06-15T03:58:15.634" intervalms="3.816">
  <response-info timems="0.033" idlems="0.033" threads="0" lastid="0000000002519C00" lastname="PmdThread 1" />
</exclusive-start>
<af-start id="1676" threadId="000000000251A588" totalBytesRequested="16" timestamp="2019-06-15T03:58:15.634" intervalms="3.814" type="nursery" />
<cycle-start id="1677" type="scavenge" contextid="0" timestamp="2019-06-15T03:58:15.634" intervalms="3.813" />
<gc-start id="1678" type="scavenge" contextid="1677" timestamp="2019-06-15T03:58:15.634">
  <mem-info id="1679" free="2064670856" total="2092630016" percent="98">
    <mem type="nursery" free="0" total="2228224" percent="0">
      <mem type="allocate" free="0" total="1114112" percent="0" />
      <mem type="survivor" free="0" total="1114112" percent="0" />
    </mem>
    <mem type="tenure" free="2064670856" total="2090401792" percent="98">
      <mem type="soa" free="1960151176" total="1985882112" percent="98" />
      <mem type="loa" free="104519680" total="104519680" percent="100" />
    </mem>
    <remembered-set count="467" />
  </mem-info>
</gc-start>
<allocation-stats totalBytes="566208" >
  <allocated-bytes non-tlh="768" tlh="565440" />
  <largest-consumer threadName="PmdThread 1" threadId="0000000002519C00" bytes="332088" />
</allocation-stats>
<gc-op id="1680" type="scavenge" timems="1.432" contextid="1677" timestamp="2019-06-15T03:58:15.636">
  <scavenger-info tenureage="1" tenuremask="7ffe" tiltratio="50" />
  <memory-copied type="nursery" objects="3089" bytes="94376" bytesdiscarded="101464" />
  <memory-copied type="tenure" objects="14836" bytes="450592" bytesdiscarded="136" />
  <references type="weak" candidates="12" cleared="12" enqueued="12" />
</gc-op>
<gc-end id="1681" type="scavenge" contextid="1677" durationms="1.612" usertimems="0.000" systemtimems="0.000" timestamp="2019-06-15T03:58:15.636" activeThreads="4">
  <mem-info id="1682" free="2065158280" total="2092630016" percent="98">
    <mem type="nursery" free="918272" total="2228224" percent="41">
      <mem type="allocate" free="918272" total="1114112" percent="82" />
      <mem type="survivor" free="0" total="1114112" percent="0" />
    </mem>
    <mem type="tenure" free="2064240008" total="2090401792" percent="98">
      <mem type="soa" free="1959720328" total="1985882112" percent="98" />
      <mem type="loa" free="104519680" total="104519680" percent="100" />
    </mem>
    <pending-finalizers system="0" default="0" reference="12" classloader="0" />
    <remembered-set count="260" />
  </mem-info>
</gc-end>
<cycle-end id="1683" type="scavenge" contextid="1677" timestamp="2019-06-15T03:58:15.636" />
  <attribute name="elasticGC enabled" value="1" />
  <attribute name= "numThreadsSpecified" value="4" />
  <attribute name="heapSize specified" value="8519680" />
  <attribute name="Current GC Util" value="39" />
  <attribute name= "Current Time Running" value="2140" />
  <attribute name ="GC Interval" value="200" />
  <attribute name="ProportionalT" value="9.500000" />
  <attribute name="ProportionalI" value="9.500000" />
  <attribute name="ProportionalH" value="9.500000" />
  <attribute name="Current Error" value="19.000000" />
  <attribute name="IntegralT" value="76.000000" />
  <attribute name="IntegralI" value="76.000000" />
  <attribute name="IntegralH" value="76.000000" />
  <attribute name="DerivativeT" value="-2.250000" />
  <attribute name="DerivativeI" value="-2.250000" />
  <attribute name="DerivativeH" value="-2.250000" />
  <attribute name="Loop Time for DT" value="4.000000" />
  <attribute name="Output H" value="8388608"/>
  <attribute name="Output I" value="200"/>
  <attribute name="Output T" value="4"/>
  <attribute name="Target GC Util Change" value ="20.000000" />
  <attribute name="Current GC Util Change" value="39.000000"/>
  <attribute name="GC Util currently" value="39" />
  <attribute name="CPU Util currently" value="1213383811147" />
<allocation-satisfied id="1684" threadId="0000000002519C00" bytesRequested="16" />
<af-end id="1685" timestamp="2019-06-15T03:58:15.636" threadId="000000000251A588" success="true" from="nursery"/>
<exclusive-end id="1686" timestamp="2019-06-15T03:58:15.636" durationms="2.019" />

<exclusive-start id="1687" timestamp="2019-06-15T03:58:15.638" intervalms="4.284">
  <response-info timems="0.039" idlems="0.039" threads="0" lastid="0000000002519C00" lastname="PmdThread 1" />
</exclusive-start>
<af-start id="1688" threadId="000000000251A588" totalBytesRequested="72" timestamp="2019-06-15T03:58:15.638" intervalms="4.273" type="nursery" />
<cycle-start id="1689" type="scavenge" contextid="0" timestamp="2019-06-15T03:58:15.638" intervalms="4.252" />
<gc-start id="1690" type="scavenge" contextid="1689" timestamp="2019-06-15T03:58:15.639">
  <mem-info id="1691" free="2064240008" total="2092630016" percent="98">
    <mem type="nursery" free="0" total="2228224" percent="0">
      <mem type="allocate" free="0" total="1114112" percent="0" />
      <mem type="survivor" free="0" total="1114112" percent="0" />
    </mem>
    <mem type="tenure" free="2064240008" total="2090401792" percent="98">
      <mem type="soa" free="1959720328" total="1985882112" percent="98" />
      <mem type="loa" free="104519680" total="104519680" percent="100" />
    </mem>
    <remembered-set count="396" />
  </mem-info>
</gc-start>
<allocation-stats totalBytes="917408" >
  <allocated-bytes non-tlh="16" tlh="917392" />
  <largest-consumer threadName="PmdThread 1" threadId="0000000002519C00" bytes="470856" />
</allocation-stats>
<gc-op id="1692" type="scavenge" timems="0.486" contextid="1689" timestamp="2019-06-15T03:58:15.639">
  <scavenger-info tenureage="2" tenuremask="7ffc" tiltratio="50" />
  <memory-copied type="nursery" objects="3654" bytes="113960" bytesdiscarded="81856" />
  <references type="weak" candidates="1" cleared="0" enqueued="0" />
  <references type="phantom" candidates="1" cleared="0" enqueued="0" />
</gc-op>
<gc-end id="1693" type="scavenge" contextid="1689" durationms="0.719" usertimems="4.000" systemtimems="0.000" timestamp="2019-06-15T03:58:15.639" activeThreads="4">
  <mem-info id="1694" free="2065354888" total="2092630016" percent="98">
    <mem type="nursery" free="1114880" total="2228224" percent="50">
      <mem type="allocate" free="1114880" total="1310720" percent="85" />
      <mem type="survivor" free="0" total="917504" percent="0" />
    </mem>
    <mem type="tenure" free="2064240008" total="2090401792" percent="98">
      <mem type="soa" free="1959720328" total="1985882112" percent="98" />
      <mem type="loa" free="104519680" total="104519680" percent="100" />
    </mem>
    <remembered-set count="389" />
  </mem-info>
</gc-end>
<cycle-end id="1695" type="scavenge" contextid="1689" timestamp="2019-06-15T03:58:15.639" />
  <attribute name="elasticGC enabled" value="1" />
  <attribute name= "numThreadsSpecified" value="4" />
  <attribute name="heapSize specified" value="8519680" />
  <attribute name="Current GC Util" value="43" />
  <attribute name= "Current Time Running" value="2144" />
  <attribute name ="GC Interval" value="200" />
  <attribute name="ProportionalT" value="11.500000" />
  <attribute name="ProportionalI" value="11.500000" />
  <attribute name="ProportionalH" value="11.500000" />
  <attribute name="Current Error" value="23.000000" />
  <attribute name="IntegralT" value="92.000000" />
  <attribute name="IntegralI" value="92.000000" />
  <attribute name="IntegralH" value="92.000000" />
  <attribute name="DerivativeT" value="1.500000" />
  <attribute name="DerivativeI" value="1.500000" />
  <attribute name="DerivativeH" value="1.500000" />
  <attribute name="Loop Time for DT" value="4.000000" />
  <attribute name="Output H" value="8388608"/>
  <attribute name="Output I" value="200"/>
  <attribute name="Output T" value="4"/>
  <attribute name="Target GC Util Change" value ="20.000000" />
  <attribute name="Current GC Util Change" value="43.000000"/>
  <attribute name="GC Util currently" value="43" />
  <attribute name="CPU Util currently" value="1068678634385" />
<allocation-satisfied id="1696" threadId="0000000002519C00" bytesRequested="72" />
<af-end id="1697" timestamp="2019-06-15T03:58:15.639" threadId="000000000251A588" success="true" from="nursery"/>
<exclusive-end id="1698" timestamp="2019-06-15T03:58:15.639" durationms="1.096" />

<exclusive-start id="1699" timestamp="2019-06-15T03:58:15.644" intervalms="5.671">
  <response-info timems="0.045" idlems="0.045" threads="0" lastid="000000000251D800" lastname="PmdThread 2" />
</exclusive-start>
<af-start id="1700" threadId="000000000251E188" totalBytesRequested="56" timestamp="2019-06-15T03:58:15.644" intervalms="5.677" type="nursery" />
<cycle-start id="1701" type="scavenge" contextid="0" timestamp="2019-06-15T03:58:15.644" intervalms="5.697" />
<gc-start id="1702" type="scavenge" contextid="1701" timestamp="2019-06-15T03:58:15.644">
  <mem-info id="1703" free="2064240008" total="2092630016" percent="98">
    <mem type="nursery" free="0" total="2228224" percent="0">
      <mem type="allocate" free="0" total="1310720" percent="0" />
      <mem type="survivor" free="0" total="917504" percent="0" />
    </mem>
    <mem type="tenure" free="2064240008" total="2090401792" percent="98">
      <mem type="soa" free="1959720328" total="1985882112" percent="98" />
      <mem type="loa" free="104519680" total="104519680" percent="100" />
    </mem>
    <remembered-set count="427" />
  </mem-info>
</gc-start>
<allocation-stats totalBytes="1102712" >
  <allocated-bytes non-tlh="72" tlh="1102640" />
  <largest-consumer threadName="PmdThread 2" threadId="000000000251D800" bytes="925984" />
</allocation-stats>
<gc-op id="1704" type="scavenge" timems="1.701" contextid="1701" timestamp="2019-06-15T03:58:15.646">
  <scavenger-info tenureage="2" tenuremask="7ffc" tiltratio="58" />
  <memory-copied type="nursery" objects="22274" bytes="726640" bytesdiscarded="142704" />
  <memory-copied type="tenure" objects="3055" bytes="92664" bytesdiscarded="8" />
  <references type="weak" candidates="1" cleared="0" enqueued="0" />
  <references type="phantom" candidates="1" cleared="0" enqueued="0" />
</gc-op>
<gc-end id="1705" type="scavenge" contextid="1701" durationms="1.873" usertimems="0.000" systemtimems="0.000" timestamp="2019-06-15T03:58:15.646" activeThreads="4">
  <mem-info id="1706" free="2064406392" total="2092630016" percent="98">
    <mem type="nursery" free="244720" total="2228224" percent="10">
      <mem type="allocate" free="244720" total="1114112" percent="21" />
      <mem type="survivor" free="0" total="1114112" percent="0" />
    </mem>
    <mem type="tenure" free="2064161672" total="2090401792" percent="98">
      <mem type="soa" free="1959641992" total="1985882112" percent="98" />
      <mem type="loa" free="104519680" total="104519680" percent="100" />
    </mem>
    <remembered-set count="303" />
  </mem-info>
</gc-end>
<cycle-end id="1707" type="scavenge" contextid="1701" timestamp="2019-06-15T03:58:15.646" />
  <attribute name="elasticGC enabled" value="1" />
  <attribute name= "numThreadsSpecified" value="4" />
  <attribute name="heapSize specified" value="8519680" />
  <attribute name="Current GC Util" value="15" />
  <attribute name= "Current Time Running" value="2150" />
  <attribute name ="GC Interval" value="200" />
  <attribute name="ProportionalT" value="-2.500000" />
  <attribute name="ProportionalI" value="-2.500000" />
  <attribute name="ProportionalH" value="-2.500000" />
  <attribute name="Current Error" value="-5.000000" />
  <attribute name="IntegralT" value="-30.000000" />
  <attribute name="IntegralI" value="-30.000000" />
  <attribute name="IntegralH" value="-30.000000" />
  <attribute name="DerivativeT" value="-7.000000" />
  <attribute name="DerivativeI" value="-7.000000" />
  <attribute name="DerivativeH" value="-7.000000" />
  <attribute name="Loop Time for DT" value="6.000000" />
  <attribute name="Output H" value="2092630016"/>
  <attribute name="Output I" value="200"/>
  <attribute name="Output T" value="4"/>
  <attribute name="Target GC Util Change" value ="20.000000" />
  <attribute name="Current GC Util Change" value="15.000000"/>
  <attribute name="GC Util currently" value="15" />
  <attribute name="CPU Util currently" value="818459616960" />
<allocation-satisfied id="1708" threadId="000000000251D800" bytesRequested="56" />
<af-end id="1709" timestamp="2019-06-15T03:58:15.646" threadId="000000000251E188" success="true" from="nursery"/>
<exclusive-end id="1710" timestamp="2019-06-15T03:58:15.646" durationms="2.272" />

<exclusive-start id="1711" timestamp="2019-06-15T03:58:15.648" intervalms="3.649">
  <response-info timems="0.069" idlems="0.069" threads="0" lastid="000000000251D800" lastname="PmdThread 2" />
</exclusive-start>
<af-start id="1712" threadId="000000000251E188" totalBytesRequested="64" timestamp="2019-06-15T03:58:15.648" intervalms="3.647" type="nursery" />
<cycle-start id="1713" type="scavenge" contextid="0" timestamp="2019-06-15T03:58:15.648" intervalms="3.648" />
<gc-start id="1714" type="scavenge" contextid="1713" timestamp="2019-06-15T03:58:15.648">
  <mem-info id="1715" free="2064161672" total="2092630016" percent="98">
    <mem type="nursery" free="0" total="2228224" percent="0">
      <mem type="allocate" free="0" total="1114112" percent="0" />
      <mem type="survivor" free="0" total="1114112" percent="0" />
    </mem>
    <mem type="tenure" free="2064161672" total="2090401792" percent="98">
      <mem type="soa" free="1959641992" total="1985882112" percent="98" />
      <mem type="loa" free="104519680" total="104519680" percent="100" />
    </mem>
    <remembered-set count="318" />
  </mem-info>
</gc-start>
<allocation-stats totalBytes="244424" >
  <allocated-bytes non-tlh="56" tlh="244368" />
  <largest-consumer threadName="PmdThread 2" threadId="000000000251D800" bytes="232392" />
</allocation-stats>
<gc-op id="1716" type="scavenge" timems="1.657" contextid="1713" timestamp="2019-06-15T03:58:15.650">
  <scavenger-info tenureage="2" tenuremask="7ffc" tiltratio="50" />
  <memory-copied type="nursery" objects="26884" bytes="869512" bytesdiscarded="125800" />
  <memory-copied type="tenure" objects="580" bytes="19032" bytesdiscarded="480" />
  <references type="weak" candidates="1" cleared="0" enqueued="0" />
  <references type="phantom" candidates="1" cleared="0" enqueued="0" />
</gc-op>
<gc-end id="1717" type="scavenge" contextid="1713" durationms="1.830" usertimems="4.000" systemtimems="0.000" timestamp="2019-06-15T03:58:15.650" activeThreads="4">
  <mem-info id="1718" free="2064280440" total="2092630016" percent="98">
    <mem type="nursery" free="118768" total="2228224" percent="5">
      <mem type="allocate" free="118768" total="1114112" percent="10" />
      <mem type="survivor" free="0" total="1114112" percent="0" />
    </mem>
    <mem type="tenure" free="2064161672" total="2090401792" percent="98">
      <mem type="soa" free="1959641992" total="1985882112" percent="98" />
      <mem type="loa" free="104519680" total="104519680" percent="100" />
    </mem>
    <remembered-set count="192" />
  </mem-info>
</gc-end>
<cycle-end id="1719" type="scavenge" contextid="1713" timestamp="2019-06-15T03:58:15.650" />
  <attribute name="elasticGC enabled" value="1" />
  <attribute name= "numThreadsSpecified" value="4" />
  <attribute name="heapSize specified" value="8519680" />
  <attribute name="Current GC Util" value="56" />
  <attribute name= "Current Time Running" value="2153" />
  <attribute name ="GC Interval" value="200" />
  <attribute name="ProportionalT" value="18.000000" />
  <attribute name="ProportionalI" value="18.000000" />
  <attribute name="ProportionalH" value="18.000000" />
  <attribute name="Current Error" value="36.000000" />
  <attribute name="IntegralT" value="108.000000" />
  <attribute name="IntegralI" value="108.000000" />
  <attribute name="IntegralH" value="108.000000" />
  <attribute name="DerivativeT" value="18.000000" />
  <attribute name="DerivativeI" value="18.000000" />
  <attribute name="DerivativeH" value="18.000000" />
  <attribute name="Loop Time for DT" value="3.000000" />
  <attribute name="Output H" value="8388608"/>
  <attribute name="Output I" value="200"/>
  <attribute name="Output T" value="4"/>
  <attribute name="Target GC Util Change" value ="20.000000" />
  <attribute name="Current GC Util Change" value="56.000000"/>
  <attribute name="GC Util currently" value="56" />
  <attribute name="CPU Util currently" value="1264147522244" />
<allocation-satisfied id="1720" threadId="000000000251D800" bytesRequested="64" />
<af-end id="1721" timestamp="2019-06-15T03:58:15.650" threadId="000000000251E188" success="true" from="nursery"/>
<exclusive-end id="1722" timestamp="2019-06-15T03:58:15.650" durationms="2.230" />

<exclusive-start id="1723" timestamp="2019-06-15T03:58:15.650" intervalms="2.757">
  <response-info timems="0.025" idlems="0.025" threads="0" lastid="0000000002525400" lastname="PmdThread 3" />
</exclusive-start>
<af-start id="1724" threadId="0000000002525D88" totalBytesRequested="1120" timestamp="2019-06-15T03:58:15.651" intervalms="2.784" type="nursery" />
<cycle-start id="1725" type="scavenge" contextid="0" timestamp="2019-06-15T03:58:15.651" intervalms="2.795" />
<gc-start id="1726" type="scavenge" contextid="1725" timestamp="2019-06-15T03:58:15.651">
  <mem-info id="1727" free="2064161120" total="2092630016" percent="98">
    <mem type="nursery" free="0" total="2228224" percent="0">
      <mem type="allocate" free="0" total="1114112" percent="0" />
      <mem type="survivor" free="0" total="1114112" percent="0" />
    </mem>
    <mem type="tenure" free="2064161120" total="2090401792" percent="98">
      <mem type="soa" free="1959641440" total="1985882112" percent="98" />
      <mem type="loa" free="104519680" total="104519680" percent="100" />
    </mem>
    <remembered-set count="203" />
  </mem-info>
</gc-start>
<allocation-stats totalBytes="118232" >
  <allocated-bytes non-tlh="616" tlh="117616" />
  <largest-consumer threadName="PmdThread 2" threadId="000000000251D800" bytes="77880" />
</allocation-stats>
<gc-op id="1728" type="scavenge" timems="3.112" contextid="1725" timestamp="2019-06-15T03:58:15.654">
  <scavenger-info tenureage="1" tenuremask="7ffe" tiltratio="50" />
  <memory-copied type="nursery" objects="1669" bytes="53552" bytesdiscarded="103120" />
  <memory-copied type="tenure" objects="26862" bytes="866008" bytesdiscarded="344" />
</gc-op>
<gc-end id="1729" type="scavenge" contextid="1725" durationms="3.306" usertimems="4.000" systemtimems="0.000" timestamp="2019-06-15T03:58:15.654" activeThreads="4">
  <mem-info id="1730" free="2064185160" total="2092630016" percent="98">
    <mem type="nursery" free="957440" total="2228224" percent="42">
      <mem type="allocate" free="957440" total="1114112" percent="85" />
      <mem type="survivor" free="0" total="1114112" percent="0" />
    </mem>
    <mem type="tenure" free="2063227720" total="2090401792" percent="98">
      <mem type="soa" free="1958708040" total="1985882112" percent="98" />
      <mem type="loa" free="104519680" total="104519680" percent="100" />
    </mem>
    <remembered-set count="175" />
  </mem-info>
</gc-end>
<cycle-end id="1731" type="scavenge" contextid="1725" timestamp="2019-06-15T03:58:15.654" />
  <attribute name="elasticGC enabled" value="1" />
  <attribute name= "numThreadsSpecified" value="4" />
  <attribute name="heapSize specified" value="8519680" />
  <attribute name="Current GC Util" value="74" />
  <attribute name= "Current Time Running" value="2156" />
  <attribute name ="GC Interval" value="200" />
  <attribute name="ProportionalT" value="27.000000" />
  <attribute name="ProportionalI" value="27.000000" />
  <attribute name="ProportionalH" value="27.000000" />
  <attribute name="Current Error" value="54.000000" />
  <attribute name="IntegralT" value="162.000000" />
  <attribute name="IntegralI" value="162.000000" />
  <attribute name="IntegralH" value="162.000000" />
  <attribute name="DerivativeT" value="9.000000" />
  <attribute name="DerivativeI" value="9.000000" />
  <attribute name="DerivativeH" value="9.000000" />
  <attribute name="Loop Time for DT" value="3.000000" />
  <attribute name="Output H" value="8388608"/>
  <attribute name="Output I" value="200"/>
  <attribute name="Output T" value="4"/>
  <attribute name="Target GC Util Change" value ="20.000000" />
  <attribute name="Current GC Util Change" value="74.000000"/>
  <attribute name="GC Util currently" value="74" />
  <attribute name="CPU Util currently" value="1636312868459" />
<allocation-satisfied id="1732" threadId="0000000002525400" bytesRequested="1120" />
<af-end id="1733" timestamp="2019-06-15T03:58:15.654" threadId="0000000002525D88" success="true" from="nursery"/>
<exclusive-end id="1734" timestamp="2019-06-15T03:58:15.654" durationms="3.777" />

<exclusive-start id="1735" timestamp="2019-06-15T03:58:15.658" intervalms="7.282">
  <response-info timems="0.073" idlems="0.073" threads="0" lastid="000000000251D800" lastname="PmdThread 2" />
</exclusive-start>
<af-start id="1736" threadId="000000000251E188" totalBytesRequested="80" timestamp="2019-06-15T03:58:15.658" intervalms="7.260" type="nursery" />
<cycle-start id="1737" type="scavenge" contextid="0" timestamp="2019-06-15T03:58:15.658" intervalms="7.249" />
<gc-start id="1738" type="scavenge" contextid="1737" timestamp="2019-06-15T03:58:15.658">
  <mem-info id="1739" free="2063227720" total="2092630016" percent="98">
    <mem type="nursery" free="0" total="2228224" percent="0">
      <mem type="allocate" free="0" total="1114112" percent="0" />
      <mem type="survivor" free="0" total="1114112" percent="0" />
    </mem>
    <mem type="tenure" free="2063227720" total="2090401792" percent="98">
      <mem type="soa" free="1958708040" total="1985882112" percent="98" />
      <mem type="loa" free="104519680" total="104519680" percent="100" />
    </mem>
    <remembered-set count="185" />
  </mem-info>
</gc-start>
<allocation-stats totalBytes="956896" >
  <allocated-bytes non-tlh="1120" tlh="955776" />
  <largest-consumer threadName="PmdThread 2" threadId="000000000251D800" bytes="914864" />
</allocation-stats>
<gc-op id="1740" type="scavenge" timems="1.386" contextid="1737" timestamp="2019-06-15T03:58:15.659">
  <scavenger-info tenureage="2" tenuremask="7ffc" tiltratio="50" />
  <memory-copied type="nursery" objects="21115" bytes="627512" bytesdiscarded="77512" />
  <references type="weak" candidates="1" cleared="0" enqueued="0" />
  <references type="phantom" candidates="1" cleared="0" enqueued="0" />
</gc-op>
<gc-end id="1741" type="scavenge" contextid="1737" durationms="1.562" usertimems="0.000" systemtimems="0.000" timestamp="2019-06-15T03:58:15.659" activeThreads="4">
  <mem-info id="1742" free="2063636808" total="2092630016" percent="98">
    <mem type="nursery" free="409088" total="2228224" percent="18">
      <mem type="allocate" free="409088" total="1114112" percent="36" />
      <mem type="survivor" free="0" total="1114112" percent="0" />
    </mem>
    <mem type="tenure" free="2063227720" total="2090401792" percent="98">
      <mem type="soa" free="1958708040" total="1985882112" percent="98" />
      <mem type="loa" free="104519680" total="104519680" percent="100" />
    </mem>
    <remembered-set count="179" />
  </mem-info>
</gc-end>
<cycle-end id="1743" type="scavenge" contextid="1737" timestamp="2019-06-15T03:58:15.660" />
  <attribute name="elasticGC enabled" value="1" />
  <attribute name= "numThreadsSpecified" value="4" />
  <attribute name="heapSize specified" value="8519680" />
  <attribute name="Current GC Util" value="53" />
  <attribute name= "Current Time Running" value="2163" />
  <attribute name ="GC Interval" value="248" />
  <attribute name="ProportionalT" value="16.500000" />
  <attribute name="ProportionalI" value="16.500000" />
  <attribute name="ProportionalH" value="16.500000" />
  <attribute name="Current Error" value="33.000000" />
  <attribute name="IntegralT" value="231.000000" />
  <attribute name="IntegralI" value="231.000000" />
  <attribute name="IntegralH" value="231.000000" />
  <attribute name="DerivativeT" value="-4.500000" />
  <attribute name="DerivativeI" value="-4.500000" />
  <attribute name="DerivativeH" value="-4.500000" />
  <attribute name="Loop Time for DT" value="7.000000" />
  <attribute name="Output H" value="8388608"/>
  <attribute name="Output I" value="248"/>
  <attribute name="Output T" value="4"/>
  <attribute name="Target GC Util Change" value ="20.000000" />
  <attribute name="Current GC Util Change" value="53.000000"/>
  <attribute name="GC Util currently" value="53" />
  <attribute name="CPU Util currently" value="638028243643" />
<allocation-satisfied id="1744" threadId="000000000251D800" bytesRequested="80" />
<af-end id="1745" timestamp="2019-06-15T03:58:15.660" threadId="000000000251E188" success="true" from="nursery"/>
<exclusive-end id="1746" timestamp="2019-06-15T03:58:15.660" durationms="1.988" />

<exclusive-start id="1747" timestamp="2019-06-15T03:58:15.661" intervalms="3.564">
  <response-info timems="0.042" idlems="0.042" threads="0" lastid="0000000002525400" lastname="PmdThread 3" />
</exclusive-start>
<af-start id="1748" threadId="0000000002525D88" totalBytesRequested="16" timestamp="2019-06-15T03:58:15.661" intervalms="3.570" type="nursery" />
<cycle-start id="1749" type="scavenge" contextid="0" timestamp="2019-06-15T03:58:15.661" intervalms="3.578" />
<gc-start id="1750" type="scavenge" contextid="1749" timestamp="2019-06-15T03:58:15.661">
  <mem-info id="1751" free="2063227648" total="2092630016" percent="98">
    <mem type="nursery" free="0" total="2228224" percent="0">
      <mem type="allocate" free="0" total="1114112" percent="0" />
      <mem type="survivor" free="0" total="1114112" percent="0" />
    </mem>
    <mem type="tenure" free="2063227648" total="2090401792" percent="98">
      <mem type="soa" free="1958707968" total="1985882112" percent="98" />
      <mem type="loa" free="104519680" total="104519680" percent="100" />
    </mem>
    <remembered-set count="190" />
  </mem-info>
</gc-start>
<allocation-stats totalBytes="408928" >
  <allocated-bytes non-tlh="16544" tlh="392384" />
  <largest-consumer threadName="PmdThread 2" threadId="000000000251D800" bytes="237000" />
</allocation-stats>
<gc-op id="1752" type="scavenge" timems="3.509" contextid="1749" timestamp="2019-06-15T03:58:15.665">
  <scavenger-info tenureage="1" tenuremask="7ffe" tiltratio="50" />
  <memory-copied type="nursery" objects="5678" bytes="245688" bytesdiscarded="75600" />
  <memory-copied type="tenure" objects="21092" bytes="625192" bytesdiscarded="472" />
  <references type="weak" candidates="7" cleared="6" enqueued="6" />
  <references type="phantom" candidates="2" cleared="0" enqueued="0" />
</gc-op>
<gc-end id="1753" type="scavenge" contextid="1749" durationms="3.706" usertimems="4.000" systemtimems="0.000" timestamp="2019-06-15T03:58:15.665" activeThreads="4">
  <mem-info id="1754" free="2063498480" total="2092630016" percent="98">
    <mem type="nursery" free="858352" total="2228224" percent="38">
      <mem type="allocate" free="858352" total="1179648" percent="72" />
      <mem type="survivor" free="0" total="1048576" percent="0" />
    </mem>
    <mem type="tenure" free="2062640128" total="2090401792" percent="98">
      <mem type="soa" free="1958120448" total="1985882112" percent="98" />
      <mem type="loa" free="104519680" total="104519680" percent="100" />
    </mem>
    <pending-finalizers system="0" default="0" reference="6" classloader="0" />
    <remembered-set count="156" />
  </mem-info>
</gc-end>
<cycle-end id="1755" type="scavenge" contextid="1749" timestamp="2019-06-15T03:58:15.665" />
  <attribute name="elasticGC enabled" value="1" />
  <attribute name= "numThreadsSpecified" value="4" />
  <attribute name="heapSize specified" value="8519680" />
  <attribute name="Current GC Util" value="49" />
  <attribute name= "Current Time Running" value="2167" />
  <attribute name ="GC Interval" value="200" />
  <attribute name="ProportionalT" value="14.500000" />
  <attribute name="ProportionalI" value="14.500000" />
  <attribute name="ProportionalH" value="14.500000" />
  <attribute name="Current Error" value="29.000000" />
  <attribute name="IntegralT" value="116.000000" />
  <attribute name="IntegralI" value="116.000000" />
  <attribute name="IntegralH" value="116.000000" />
  <attribute name="DerivativeT" value="-1.500000" />
  <attribute name="DerivativeI" value="-1.500000" />
  <attribute name="DerivativeH" value="-1.500000" />
  <attribute name="Loop Time for DT" value="4.000000" />
  <attribute name="Output H" value="8388608"/>
  <attribute name="Output I" value="200"/>
  <attribute name="Output T" value="4"/>
  <attribute name="Target GC Util Change" value ="20.000000" />
  <attribute name="Current GC Util Change" value="49.000000"/>
  <attribute name="GC Util currently" value="49" />
  <attribute name="CPU Util currently" value="1280876235046" />
<allocation-satisfied id="1756" threadId="0000000002525400" bytesRequested="16" />
<af-end id="1757" timestamp="2019-06-15T03:58:15.665" threadId="0000000002525D88" success="true" from="nursery"/>
<exclusive-end id="1758" timestamp="2019-06-15T03:58:15.666" durationms="4.226" />

<exclusive-start id="1759" timestamp="2019-06-15T03:58:15.668" intervalms="6.704">
  <response-info timems="0.023" idlems="0.023" threads="0" lastid="000000000251D800" lastname="PmdThread 2" />
</exclusive-start>
<af-start id="1760" threadId="000000000251E188" totalBytesRequested="16" timestamp="2019-06-15T03:58:15.668" intervalms="6.698" type="nursery" />
<cycle-start id="1761" type="scavenge" contextid="0" timestamp="2019-06-15T03:58:15.668" intervalms="6.691" />
<gc-start id="1762" type="scavenge" contextid="1761" timestamp="2019-06-15T03:58:15.668">
  <mem-info id="1763" free="2062640128" total="2092630016" percent="98">
    <mem type="nursery" free="0" total="2228224" percent="0">
      <mem type="allocate" free="0" total="1179648" percent="0" />
      <mem type="survivor" free="0" total="1048576" percent="0" />
    </mem>
    <mem type="tenure" free="2062640128" total="2090401792" percent="98">
      <mem type="soa" free="1958120448" total="1985882112" percent="98" />
      <mem type="loa" free="104519680" total="104519680" percent="100" />
    </mem>
    <remembered-set count="180" />
  </mem-info>
</gc-start>
<allocation-stats totalBytes="858192" >
  <allocated-bytes non-tlh="145304" tlh="712888" />
  <largest-consumer threadName="PmdThread 2" threadId="000000000251D800" bytes="479136" />
</allocation-stats>
<gc-op id="1764" type="scavenge" timems="0.937" contextid="1761" timestamp="2019-06-15T03:58:15.669">
  <scavenger-info tenureage="1" tenuremask="7ffe" tiltratio="52" />
  <memory-copied type="nursery" objects="11884" bytes="458416" bytesdiscarded="170728" />
  <memory-copied type="tenure" objects="5317" bytes="226024" bytesdiscarded="16" />
  <references type="weak" candidates="2" cleared="1" enqueued="1" />
  <references type="phantom" candidates="2" cleared="1" enqueued="1" />
</gc-op>
<gc-end id="1765" type="scavenge" contextid="1761" durationms="1.126" usertimems="0.000" systemtimems="4.000" timestamp="2019-06-15T03:58:15.669" activeThreads="4">
  <mem-info id="1766" free="2062911064" total="2092630016" percent="98">
    <mem type="nursery" free="550488" total="2228224" percent="24">
      <mem type="allocate" free="550488" total="1179648" percent="46" />
      <mem type="survivor" free="0" total="1048576" percent="0" />
    </mem>
    <mem type="tenure" free="2062360576" total="2090401792" percent="98">
      <mem type="soa" free="1957840896" total="1985882112" percent="98" />
      <mem type="loa" free="104519680" total="104519680" percent="100" />
    </mem>
    <pending-finalizers system="0" default="0" reference="2" classloader="0" />
    <remembered-set count="200" />
  </mem-info>
</gc-end>
<cycle-end id="1767" type="scavenge" contextid="1761" timestamp="2019-06-15T03:58:15.669" />
  <attribute name="elasticGC enabled" value="1" />
  <attribute name= "numThreadsSpecified" value="4" />
  <attribute name="heapSize specified" value="8519680" />
  <attribute name="Current GC Util" value="65" />
  <attribute name= "Current Time Running" value="2174" />
  <attribute name ="GC Interval" value="344" />
  <attribute name="ProportionalT" value="22.500000" />
  <attribute name="ProportionalI" value="22.500000" />
  <attribute name="ProportionalH" value="22.500000" />
  <attribute name="Current Error" value="45.000000" />
  <attribute name="IntegralT" value="315.000000" />
  <attribute name="IntegralI" value="315.000000" />
  <attribute name="IntegralH" value="315.000000" />
  <attribute name="DerivativeT" value="3.428571" />
  <attribute name="DerivativeI" value="3.428571" />
  <attribute name="DerivativeH" value="3.428571" />
  <attribute name="Loop Time for DT" value="7.000000" />
  <attribute name="Output H" value="8388608"/>
  <attribute name="Output I" value="344"/>
  <attribute name="Output T" value="4"/>
  <attribute name="Target GC Util Change" value ="20.000000" />
  <attribute name="Current GC Util Change" value="65.000000"/>
  <attribute name="GC Util currently" value="65" />
  <attribute name="CPU Util currently" value="691382424219" />
<allocation-satisfied id="1768" threadId="000000000251D800" bytesRequested="16" />
<af-end id="1769" timestamp="2019-06-15T03:58:15.669" threadId="000000000251E188" success="true" from="nursery"/>
<exclusive-end id="1770" timestamp="2019-06-15T03:58:15.670" durationms="1.523" />

<exclusive-start id="1771" timestamp="2019-06-15T03:58:15.671" intervalms="2.942">
  <response-info timems="0.023" idlems="0.023" threads="0" lastid="0000000002529000" lastname="PmdThread 4" />
</exclusive-start>
<af-start id="1772" threadId="0000000002529988" totalBytesRequested="8200" timestamp="2019-06-15T03:58:15.671" intervalms="2.944" type="nursery" />
<cycle-start id="1773" type="scavenge" contextid="0" timestamp="2019-06-15T03:58:15.671" intervalms="2.943" />
<gc-start id="1774" type="scavenge" contextid="1773" timestamp="2019-06-15T03:58:15.671">
  <mem-info id="1775" free="2062360392" total="2092630016" percent="98">
    <mem type="nursery" free="0" total="2228224" percent="0">
      <mem type="allocate" free="0" total="1179648" percent="0" />
      <mem type="survivor" free="0" total="1048576" percent="0" />
    </mem>
    <mem type="tenure" free="2062360392" total="2090401792" percent="98">
      <mem type="soa" free="1957840712" total="1985882112" percent="98" />
      <mem type="loa" free="104519680" total="104519680" percent="100" />
    </mem>
    <remembered-set count="218" />
  </mem-info>
</gc-start>
<allocation-stats totalBytes="547160" >
  <allocated-bytes non-tlh="200" tlh="546960" />
  <largest-consumer threadName="PmdThread 2" threadId="000000000251D800" bytes="259584" />
</allocation-stats>
<gc-op id="1776" type="scavenge" timems="1.394" contextid="1773" timestamp="2019-06-15T03:58:15.673">
  <scavenger-info tenureage="1" tenuremask="7ffe" tiltratio="52" />
  <memory-copied type="nursery" objects="5594" bytes="200544" bytesdiscarded="73624" />
  <memory-copied type="tenure" objects="11828" bytes="413744" bytesdiscarded="136" />
  <references type="weak" candidates="6" cleared="6" enqueued="6" />
  <references type="phantom" candidates="1" cleared="0" enqueued="0" />
</gc-op>
<gc-end id="1777" type="scavenge" contextid="1773" durationms="1.606" usertimems="0.000" systemtimems="0.000" timestamp="2019-06-15T03:58:15.673" activeThreads="4">
  <mem-info id="1778" free="2063052872" total="2092630016" percent="98">
    <mem type="nursery" free="1036544" total="2228224" percent="46">
      <mem type="allocate" free="1036544" total="1310720" percent="79" />
      <mem type="survivor" free="0" total="917504" percent="0" />
    </mem>
    <mem type="tenure" free="2062016328" total="2090401792" percent="98">
      <mem type="soa" free="1957496648" total="1985882112" percent="98" />
      <mem type="loa" free="104519680" total="104519680" percent="100" />
    </mem>
    <pending-finalizers system="0" default="0" reference="6" classloader="0" />
    <remembered-set count="187" />
  </mem-info>
</gc-end>
<cycle-end id="1779" type="scavenge" contextid="1773" timestamp="2019-06-15T03:58:15.673" />
  <attribute name="elasticGC enabled" value="1" />
  <attribute name= "numThreadsSpecified" value="4" />
  <attribute name="heapSize specified" value="8519680" />
  <attribute name="Current GC Util" value="61" />
  <attribute name= "Current Time Running" value="2177" />
  <attribute name ="GC Interval" value="200" />
  <attribute name="ProportionalT" value="20.500000" />
  <attribute name="ProportionalI" value="20.500000" />
  <attribute name="ProportionalH" value="20.500000" />
  <attribute name="Current Error" value="41.000000" />
  <attribute name="IntegralT" value="123.000000" />
  <attribute name="IntegralI" value="123.000000" />
  <attribute name="IntegralH" value="123.000000" />
  <attribute name="DerivativeT" value="-2.000000" />
  <attribute name="DerivativeI" value="-2.000000" />
  <attribute name="DerivativeH" value="-2.000000" />
  <attribute name="Loop Time for DT" value="3.000000" />
  <attribute name="Output H" value="8388608"/>
  <attribute name="Output I" value="200"/>
  <attribute name="Output T" value="4"/>
  <attribute name="Target GC Util Change" value ="20.000000" />
  <attribute name="Current GC Util Change" value="61.000000"/>
  <attribute name="GC Util currently" value="61" />
  <attribute name="CPU Util currently" value="1554581425869" />
<allocation-satisfied id="1780" threadId="0000000002529000" bytesRequested="8200" />
<af-end id="1781" timestamp="2019-06-15T03:58:15.673" threadId="0000000002529988" success="true" from="nursery"/>
<exclusive-end id="1782" timestamp="2019-06-15T03:58:15.673" durationms="2.035" />

<exclusive-start id="1783" timestamp="2019-06-15T03:58:15.675" intervalms="4.437">
  <response-info timems="0.043" idlems="0.024" threads="1" lastid="0000000002525400" lastname="PmdThread 3" />
</exclusive-start>
<af-start id="1784" threadId="000000000251A588" totalBytesRequested="416" timestamp="2019-06-15T03:58:15.675" intervalms="4.449" type="nursery" />
<cycle-start id="1785" type="scavenge" contextid="0" timestamp="2019-06-15T03:58:15.676" intervalms="4.457" />
<gc-start id="1786" type="scavenge" contextid="1785" timestamp="2019-06-15T03:58:15.676">
  <mem-info id="1787" free="2062016328" total="2092630016" percent="98">
    <mem type="nursery" free="0" total="2228224" percent="0">
      <mem type="allocate" free="0" total="1310720" percent="0" />
      <mem type="survivor" free="0" total="917504" percent="0" />
    </mem>
    <mem type="tenure" free="2062016328" total="2090401792" percent="98">
      <mem type="soa" free="1957496648" total="1985882112" percent="98" />
      <mem type="loa" free="104519680" total="104519680" percent="100" />
    </mem>
    <remembered-set count="211" />
  </mem-info>
</gc-start>
<allocation-stats totalBytes="1031912" >
  <allocated-bytes non-tlh="40984" tlh="990928" />
  <largest-consumer threadName="PmdThread 2" threadId="000000000251D800" bytes="585496" />
</allocation-stats>
<gc-op id="1788" type="scavenge" timems="2.938" contextid="1785" timestamp="2019-06-15T03:58:15.679">
  <scavenger-info tenureage="1" tenuremask="7ffe" tiltratio="58" />
  <memory-copied type="nursery" objects="11894" bytes="417392" bytesdiscarded="46240" />
  <memory-copied type="tenure" objects="5250" bytes="168704" bytesdiscarded="48" />
  <references type="weak" candidates="31" cleared="31" enqueued="31" />
  <references type="phantom" candidates="1" cleared="1" enqueued="1" />
</gc-op>
<gc-end id="1789" type="scavenge" contextid="1785" durationms="3.141" usertimems="0.000" systemtimems="4.000" timestamp="2019-06-15T03:58:15.679" activeThreads="4">
  <mem-info id="1790" free="2062772280" total="2092630016" percent="98">
    <mem type="nursery" free="912624" total="2228224" percent="40">
      <mem type="allocate" free="912624" total="1376256" percent="66" />
      <mem type="survivor" free="0" total="851968" percent="0" />
    </mem>
    <mem type="tenure" free="2061859656" total="2090401792" percent="98">
      <mem type="soa" free="1957339976" total="1985882112" percent="98" />
      <mem type="loa" free="104519680" total="104519680" percent="100" />
    </mem>
    <pending-finalizers system="0" default="0" reference="32" classloader="0" />
    <remembered-set count="190" />
  </mem-info>
</gc-end>
<cycle-end id="1791" type="scavenge" contextid="1785" timestamp="2019-06-15T03:58:15.679" />
  <attribute name="elasticGC enabled" value="1" />
  <attribute name= "numThreadsSpecified" value="4" />
  <attribute name="heapSize specified" value="8519680" />
  <attribute name="Current GC Util" value="41" />
  <attribute name= "Current Time Running" value="2181" />
  <attribute name ="GC Interval" value="200" />
  <attribute name="ProportionalT" value="10.500000" />
  <attribute name="ProportionalI" value="10.500000" />
  <attribute name="ProportionalH" value="10.500000" />
  <attribute name="Current Error" value="21.000000" />
  <attribute name="IntegralT" value="84.000000" />
  <attribute name="IntegralI" value="84.000000" />
  <attribute name="IntegralH" value="84.000000" />
  <attribute name="DerivativeT" value="-7.500000" />
  <attribute name="DerivativeI" value="-7.500000" />
  <attribute name="DerivativeH" value="-7.500000" />
  <attribute name="Loop Time for DT" value="4.000000" />
  <attribute name="Output H" value="8388608"/>
  <attribute name="Output I" value="200"/>
  <attribute name="Output T" value="4"/>
  <attribute name="Target GC Util Change" value ="20.000000" />
  <attribute name="Current GC Util Change" value="41.000000"/>
  <attribute name="GC Util currently" value="41" />
  <attribute name="CPU Util currently" value="1030841979316" />
<allocation-satisfied id="1792" threadId="0000000002519C00" bytesRequested="416" />
<af-end id="1793" timestamp="2019-06-15T03:58:15.679" threadId="000000000251A588" success="true" from="nursery"/>
<exclusive-end id="1794" timestamp="2019-06-15T03:58:15.679" durationms="3.603" />

<exclusive-start id="1795" timestamp="2019-06-15T03:58:15.681" intervalms="5.365">
  <response-info timems="0.029" idlems="0.029" threads="0" lastid="0000000002519C00" lastname="PmdThread 1" />
</exclusive-start>
<af-start id="1796" threadId="000000000251A588" totalBytesRequested="16" timestamp="2019-06-15T03:58:15.681" intervalms="5.359" type="nursery" />
<cycle-start id="1797" type="scavenge" contextid="0" timestamp="2019-06-15T03:58:15.681" intervalms="5.356" />
<gc-start id="1798" type="scavenge" contextid="1797" timestamp="2019-06-15T03:58:15.681">
  <mem-info id="1799" free="2061859656" total="2092630016" percent="98">
    <mem type="nursery" free="0" total="2228224" percent="0">
      <mem type="allocate" free="0" total="1376256" percent="0" />
      <mem type="survivor" free="0" total="851968" percent="0" />
    </mem>
    <mem type="tenure" free="2061859656" total="2090401792" percent="98">
      <mem type="soa" free="1957339976" total="1985882112" percent="98" />
      <mem type="loa" free="104519680" total="104519680" percent="100" />
    </mem>
    <remembered-set count="676" />
  </mem-info>
</gc-start>
<allocation-stats totalBytes="912336" >
  <allocated-bytes non-tlh="416" tlh="911920" />
  <largest-consumer threadName="PmdThread 2" threadId="000000000251D800" bytes="511512" />
</allocation-stats>
<gc-op id="1800" type="scavenge" timems="3.015" contextid="1797" timestamp="2019-06-15T03:58:15.684">
  <scavenger-info tenureage="1" tenuremask="7ffe" tiltratio="61" />
  <memory-copied type="nursery" objects="12449" bytes="389776" bytesdiscarded="71792" />
  <memory-copied type="tenure" objects="11803" bytes="413384" bytesdiscarded="128" />
  <references type="weak" candidates="5" cleared="5" enqueued="5" />
</gc-op>
<gc-end id="1801" type="scavenge" contextid="1797" durationms="3.218" usertimems="4.000" systemtimems="4.000" timestamp="2019-06-15T03:58:15.684" activeThreads="4">
  <mem-info id="1802" free="2062409280" total="2092630016" percent="98">
    <mem type="nursery" free="980224" total="2228224" percent="43">
      <mem type="allocate" free="980224" total="1441792" percent="67" />
      <mem type="survivor" free="0" total="786432" percent="0" />
    </mem>
    <mem type="tenure" free="2061429056" total="2090401792" percent="98">
      <mem type="soa" free="1956909376" total="1985882112" percent="98" />
      <mem type="loa" free="104519680" total="104519680" percent="100" />
    </mem>
    <pending-finalizers system="0" default="0" reference="5" classloader="0" />
    <remembered-set count="158" />
  </mem-info>
</gc-end>
<cycle-end id="1803" type="scavenge" contextid="1797" timestamp="2019-06-15T03:58:15.684" />
  <attribute name="elasticGC enabled" value="1" />
  <attribute name= "numThreadsSpecified" value="4" />
  <attribute name="heapSize specified" value="8519680" />
  <attribute name="Current GC Util" value="71" />
  <attribute name= "Current Time Running" value="2186" />
  <attribute name ="GC Interval" value="296" />
  <attribute name="ProportionalT" value="25.500000" />
  <attribute name="ProportionalI" value="25.500000" />
  <attribute name="ProportionalH" value="25.500000" />
  <attribute name="Current Error" value="51.000000" />
  <attribute name="IntegralT" value="255.000000" />
  <attribute name="IntegralI" value="255.000000" />
  <attribute name="IntegralH" value="255.000000" />
  <attribute name="DerivativeT" value="9.000000" />
  <attribute name="DerivativeI" value="9.000000" />
  <attribute name="DerivativeH" value="9.000000" />
  <attribute name="Loop Time for DT" value="5.000000" />
  <attribute name="Output H" value="8388608"/>
  <attribute name="Output I" value="296"/>
  <attribute name="Output T" value="4"/>
  <attribute name="Target GC Util Change" value ="20.000000" />
  <attribute name="Current GC Util Change" value="71.000000"/>
  <attribute name="GC Util currently" value="71" />
  <attribute name="CPU Util currently" value="863837439433" />
<allocation-satisfied id="1804" threadId="0000000002519C00" bytesRequested="16" />
<af-end id="1805" timestamp="2019-06-15T03:58:15.684" threadId="000000000251A588" success="true" from="nursery"/>
<exclusive-end id="1806" timestamp="2019-06-15T03:58:15.684" durationms="3.756" />

<exclusive-start id="1807" timestamp="2019-06-15T03:58:15.687" intervalms="6.364">
  <response-info timems="0.032" idlems="0.018" threads="1" lastid="0000000002525400" lastname="PmdThread 3" />
</exclusive-start>
<af-start id="1808" threadId="000000000251E188" totalBytesRequested="16" timestamp="2019-06-15T03:58:15.687" intervalms="6.361" type="nursery" />
<cycle-start id="1809" type="scavenge" contextid="0" timestamp="2019-06-15T03:58:15.687" intervalms="6.357" />
<gc-start id="1810" type="scavenge" contextid="1809" timestamp="2019-06-15T03:58:15.687">
  <mem-info id="1811" free="2061429056" total="2092630016" percent="98">
    <mem type="nursery" free="0" total="2228224" percent="0">
      <mem type="allocate" free="0" total="1441792" percent="0" />
      <mem type="survivor" free="0" total="786432" percent="0" />
    </mem>
    <mem type="tenure" free="2061429056" total="2090401792" percent="98">
      <mem type="soa" free="1956909376" total="1985882112" percent="98" />
      <mem type="loa" free="104519680" total="104519680" percent="100" />
    </mem>
    <remembered-set count="580" />
  </mem-info>
</gc-start>
<allocation-stats totalBytes="979640" >
  <allocated-bytes non-tlh="16" tlh="979624" />
  <largest-consumer threadName="PmdThread 2" threadId="000000000251D800" bytes="554008" />
</allocation-stats>
<gc-op id="1812" type="scavenge" timems="1.769" contextid="1809" timestamp="2019-06-15T03:58:15.689">
  <scavenger-info tenureage="1" tenuremask="7ffe" tiltratio="64" />
  <memory-copied type="nursery" objects="12033" bytes="390264" bytesdiscarded="40584" />
  <memory-copied type="tenure" objects="12156" bytes="380296" bytesdiscarded="152" />
  <references type="weak" candidates="5" cleared="5" enqueued="5" />
</gc-op>
<gc-end id="1813" type="scavenge" contextid="1809" durationms="1.965" usertimems="4.000" systemtimems="0.000" timestamp="2019-06-15T03:58:15.689" activeThreads="4">
  <mem-info id="1814" free="2062113856" total="2092630016" percent="98">
    <mem type="nursery" free="1076480" total="2228224" percent="48">
      <mem type="allocate" free="1076480" total="1507328" percent="71" />
      <mem type="survivor" free="0" total="720896" percent="0" />
    </mem>
    <mem type="tenure" free="2061037376" total="2090401792" percent="98">
      <mem type="soa" free="1956517696" total="1985882112" percent="98" />
      <mem type="loa" free="104519680" total="104519680" percent="100" />
    </mem>
    <pending-finalizers system="0" default="0" reference="5" classloader="0" />
    <remembered-set count="204" />
  </mem-info>
</gc-end>
<cycle-end id="1815" type="scavenge" contextid="1809" timestamp="2019-06-15T03:58:15.689" />
  <attribute name="elasticGC enabled" value="1" />
  <attribute name= "numThreadsSpecified" value="4" />
  <attribute name="heapSize specified" value="8519680" />
  <attribute name="Current GC Util" value="65" />
  <attribute name= "Current Time Running" value="2193" />
  <attribute name ="GC Interval" value="336" />
  <attribute name="ProportionalT" value="22.500000" />
  <attribute name="ProportionalI" value="22.500000" />
  <attribute name="ProportionalH" value="22.500000" />
  <attribute name="Current Error" value="45.000000" />
  <attribute name="IntegralT" value="315.000000" />
  <attribute name="IntegralI" value="315.000000" />
  <attribute name="IntegralH" value="315.000000" />
  <attribute name="DerivativeT" value="-1.285714" />
  <attribute name="DerivativeI" value="-1.285714" />
  <attribute name="DerivativeH" value="-1.285714" />
  <attribute name="Loop Time for DT" value="7.000000" />
  <attribute name="Output H" value="8388608"/>
  <attribute name="Output I" value="336"/>
  <attribute name="Output T" value="4"/>
  <attribute name="Target GC Util Change" value ="20.000000" />
  <attribute name="Current GC Util Change" value="65.000000"/>
  <attribute name="GC Util currently" value="65" />
  <attribute name="CPU Util currently" value="726391497396" />
<allocation-satisfied id="1816" threadId="000000000251D800" bytesRequested="16" />
<af-end id="1817" timestamp="2019-06-15T03:58:15.689" threadId="000000000251E188" success="true" from="nursery"/>
<exclusive-end id="1818" timestamp="2019-06-15T03:58:15.689" durationms="2.369" />

<exclusive-start id="1819" timestamp="2019-06-15T03:58:15.694" intervalms="7.327">
  <response-info timems="0.099" idlems="0.099" threads="0" lastid="000000000251D800" lastname="PmdThread 2" />
</exclusive-start>
<af-start id="1820" threadId="000000000251E188" totalBytesRequested="40" timestamp="2019-06-15T03:58:15.694" intervalms="7.328" type="nursery" />
<cycle-start id="1821" type="scavenge" contextid="0" timestamp="2019-06-15T03:58:15.695" intervalms="7.334" />
<gc-start id="1822" type="scavenge" contextid="1821" timestamp="2019-06-15T03:58:15.695">
  <mem-info id="1823" free="2061036976" total="2092630016" percent="98">
    <mem type="nursery" free="0" total="2228224" percent="0">
      <mem type="allocate" free="0" total="1507328" percent="0" />
      <mem type="survivor" free="0" total="720896" percent="0" />
    </mem>
    <mem type="tenure" free="2061036976" total="2090401792" percent="98">
      <mem type="soa" free="1956517296" total="1985882112" percent="98" />
      <mem type="loa" free="104519680" total="104519680" percent="100" />
    </mem>
    <remembered-set count="775" />
  </mem-info>
</gc-start>
<allocation-stats totalBytes="1076456" >
  <allocated-bytes non-tlh="416" tlh="1076040" />
  <largest-consumer threadName="PmdThread 3" threadId="0000000002525400" bytes="392664" />
</allocation-stats>
<gc-op id="1824" type="scavenge" timems="1.774" contextid="1821" timestamp="2019-06-15T03:58:15.696">
  <scavenger-info tenureage="1" tenuremask="7ffe" tiltratio="67" />
  <memory-copied type="nursery" objects="8558" bytes="354608" bytesdiscarded="69832" />
  <memory-copied type="tenure" objects="11952" bytes="387672" bytesdiscarded="152" />
  <references type="weak" candidates="24" cleared="22" enqueued="22" />
  <references type="phantom" candidates="3" cleared="1" enqueued="1" />
</gc-op>
<gc-end id="1825" type="scavenge" contextid="1821" durationms="1.959" usertimems="0.000" systemtimems="0.000" timestamp="2019-06-15T03:58:15.697" activeThreads="4">
  <mem-info id="1826" free="2061793688" total="2092630016" percent="98">
    <mem type="nursery" free="1148392" total="2228224" percent="51">
      <mem type="allocate" free="1148392" total="1572864" percent="73" />
      <mem type="survivor" free="0" total="655360" percent="0" />
    </mem>
    <mem type="tenure" free="2060645296" total="2090401792" percent="98">
      <mem type="soa" free="1956125616" total="1985882112" percent="98" />
      <mem type="loa" free="104519680" total="104519680" percent="100" />
    </mem>
    <pending-finalizers system="0" default="0" reference="23" classloader="0" />
    <remembered-set count="454" />
  </mem-info>
</gc-end>
<cycle-end id="1827" type="scavenge" contextid="1821" timestamp="2019-06-15T03:58:15.697" />
  <attribute name="elasticGC enabled" value="1" />
  <attribute name= "numThreadsSpecified" value="4" />
  <attribute name="heapSize specified" value="8519680" />
  <attribute name="Current GC Util" value="30" />
  <attribute name= "Current Time Running" value="2200" />
  <attribute name ="GC Interval" value="200" />
  <attribute name="ProportionalT" value="5.000000" />
  <attribute name="ProportionalI" value="5.000000" />
  <attribute name="ProportionalH" value="5.000000" />
  <attribute name="Current Error" value="10.000000" />
  <attribute name="IntegralT" value="70.000000" />
  <attribute name="IntegralI" value="70.000000" />
  <attribute name="IntegralH" value="70.000000" />
  <attribute name="DerivativeT" value="-7.500000" />
  <attribute name="DerivativeI" value="-7.500000" />
  <attribute name="DerivativeH" value="-7.500000" />
  <attribute name="Loop Time for DT" value="7.000000" />
  <attribute name="Output H" value="8388608"/>
  <attribute name="Output I" value="200"/>
  <attribute name="Output T" value="4"/>
  <attribute name="Target GC Util Change" value ="20.000000" />
  <attribute name="Current GC Util Change" value="30.000000"/>
  <attribute name="GC Util currently" value="30" />
  <attribute name="CPU Util currently" value="628892630320" />
<allocation-satisfied id="1828" threadId="000000000251D800" bytesRequested="40" />
<af-end id="1829" timestamp="2019-06-15T03:58:15.697" threadId="000000000251E188" success="true" from="nursery"/>
<exclusive-end id="1830" timestamp="2019-06-15T03:58:15.697" durationms="2.370" />

<exclusive-start id="1831" timestamp="2019-06-15T03:58:15.702" intervalms="7.823">
  <response-info timems="0.135" idlems="0.135" threads="0" lastid="000000000251D800" lastname="PmdThread 2" />
</exclusive-start>
<af-start id="1832" threadId="000000000251E188" totalBytesRequested="16" timestamp="2019-06-15T03:58:15.702" intervalms="7.836" type="nursery" />
<cycle-start id="1833" type="scavenge" contextid="0" timestamp="2019-06-15T03:58:15.702" intervalms="7.832" />
<gc-start id="1834" type="scavenge" contextid="1833" timestamp="2019-06-15T03:58:15.702">
  <mem-info id="1835" free="2060645112" total="2092630016" percent="98">
    <mem type="nursery" free="0" total="2228224" percent="0">
      <mem type="allocate" free="0" total="1572864" percent="0" />
      <mem type="survivor" free="0" total="655360" percent="0" />
    </mem>
    <mem type="tenure" free="2060645112" total="2090401792" percent="98">
      <mem type="soa" free="1956125432" total="1985882112" percent="98" />
      <mem type="loa" free="104519680" total="104519680" percent="100" />
    </mem>
    <remembered-set count="823" />
  </mem-info>
</gc-start>
<allocation-stats totalBytes="1125944" >
  <allocated-bytes non-tlh="224" tlh="1125720" />
  <largest-consumer threadName="PmdThread 2" threadId="000000000251D800" bytes="722208" />
</allocation-stats>
<gc-op id="1836" type="scavenge" timems="1.750" contextid="1833" timestamp="2019-06-15T03:58:15.704">
  <scavenger-info tenureage="1" tenuremask="7ffe" tiltratio="70" />
  <memory-copied type="nursery" objects="13612" bytes="495944" bytesdiscarded="85184" />
  <memory-copied type="tenure" objects="8450" bytes="337840" bytesdiscarded="88" />
  <references type="weak" candidates="10" cleared="8" enqueued="8" />
  <references type="phantom" candidates="4" cleared="1" enqueued="1" />
</gc-op>
<gc-end id="1837" type="scavenge" contextid="1833" durationms="1.948" usertimems="0.000" systemtimems="0.000" timestamp="2019-06-15T03:58:15.704" activeThreads="4">
  <mem-info id="1838" free="2061225160" total="2092630016" percent="98">
    <mem type="nursery" free="926184" total="2228224" percent="41">
      <mem type="allocate" free="926184" total="1507328" percent="61" />
      <mem type="survivor" free="0" total="720896" percent="0" />
    </mem>
    <mem type="tenure" free="2060298976" total="2090401792" percent="98">
      <mem type="soa" free="1955779296" total="1985882112" percent="98" />
      <mem type="loa" free="104519680" total="104519680" percent="100" />
    </mem>
    <pending-finalizers system="0" default="0" reference="9" classloader="0" />
    <remembered-set count="174" />
  </mem-info>
</gc-end>
<cycle-end id="1839" type="scavenge" contextid="1833" timestamp="2019-06-15T03:58:15.705" />
  <attribute name="elasticGC enabled" value="1" />
  <attribute name= "numThreadsSpecified" value="4" />
  <attribute name="heapSize specified" value="8519680" />
  <attribute name="Current GC Util" value="26" />
  <attribute name= "Current Time Running" value="2208" />
  <attribute name ="GC Interval" value="200" />
  <attribute name="ProportionalT" value="3.000000" />
  <attribute name="ProportionalI" value="3.000000" />
  <attribute name="ProportionalH" value="3.000000" />
  <attribute name="Current Error" value="6.000000" />
  <attribute name="IntegralT" value="48.000000" />
  <attribute name="IntegralI" value="48.000000" />
  <attribute name="IntegralH" value="48.000000" />
  <attribute name="DerivativeT" value="-0.750000" />
  <attribute name="DerivativeI" value="-0.750000" />
  <attribute name="DerivativeH" value="-0.750000" />
  <attribute name="Loop Time for DT" value="8.000000" />
  <attribute name="Output H" value="8388608"/>
  <attribute name="Output I" value="200"/>
  <attribute name="Output T" value="4"/>
  <attribute name="Target GC Util Change" value ="20.000000" />
  <attribute name="Current GC Util Change" value="26.000000"/>
  <attribute name="GC Util currently" value="26" />
  <attribute name="CPU Util currently" value="588001230850" />
<allocation-satisfied id="1840" threadId="000000000251D800" bytesRequested="16" />
<af-end id="1841" timestamp="2019-06-15T03:58:15.705" threadId="000000000251E188" success="true" from="nursery"/>
<exclusive-end id="1842" timestamp="2019-06-15T03:58:15.705" durationms="2.413" />

<exclusive-start id="1843" timestamp="2019-06-15T03:58:15.708" intervalms="5.495">
  <response-info timems="0.228" idlems="0.204" threads="1" lastid="000000000251D800" lastname="PmdThread 2" />
</exclusive-start>
<af-start id="1844" threadId="0000000002525D88" totalBytesRequested="56" timestamp="2019-06-15T03:58:15.708" intervalms="5.479" type="nursery" />
<cycle-start id="1845" type="scavenge" contextid="0" timestamp="2019-06-15T03:58:15.708" intervalms="5.496" />
<gc-start id="1846" type="scavenge" contextid="1845" timestamp="2019-06-15T03:58:15.708">
  <mem-info id="1847" free="2060298080" total="2092630016" percent="98">
    <mem type="nursery" free="0" total="2228224" percent="0">
      <mem type="allocate" free="0" total="1507328" percent="0" />
      <mem type="survivor" free="0" total="720896" percent="0" />
    </mem>
    <mem type="tenure" free="2060298080" total="2090401792" percent="98">
      <mem type="soa" free="1955778400" total="1985882112" percent="98" />
      <mem type="loa" free="104519680" total="104519680" percent="100" />
    </mem>
    <remembered-set count="386" />
  </mem-info>
</gc-start>
<allocation-stats totalBytes="925576" >
  <allocated-bytes non-tlh="912" tlh="924664" />
  <largest-consumer threadName="PmdThread 4" threadId="0000000002529000" bytes="299552" />
</allocation-stats>
<gc-op id="1848" type="scavenge" timems="1.389" contextid="1845" timestamp="2019-06-15T03:58:15.709">
  <scavenger-info tenureage="1" tenuremask="7ffe" tiltratio="67" />
  <memory-copied type="nursery" objects="2966" bytes="175040" bytesdiscarded="109144" />
  <memory-copied type="tenure" objects="13224" bytes="479160" bytesdiscarded="152" />
  <references type="weak" candidates="44" cleared="44" enqueued="44" />
  <references type="phantom" candidates="4" cleared="2" enqueued="2" />
</gc-op>
<gc-end id="1849" type="scavenge" contextid="1845" durationms="1.567" usertimems="4.000" systemtimems="0.000" timestamp="2019-06-15T03:58:15.710" activeThreads="4">
  <mem-info id="1850" free="2061114920" total="2092630016" percent="98">
    <mem type="nursery" free="1288672" total="2228224" percent="57">
      <mem type="allocate" free="1288672" total="1572864" percent="81" />
      <mem type="survivor" free="0" total="655360" percent="0" />
    </mem>
    <mem type="tenure" free="2059826248" total="2090401792" percent="98">
      <mem type="soa" free="1955306568" total="1985882112" percent="98" />
      <mem type="loa" free="104519680" total="104519680" percent="100" />
    </mem>
    <pending-finalizers system="0" default="0" reference="46" classloader="0" />
    <remembered-set count="177" />
  </mem-info>
</gc-end>
<cycle-end id="1851" type="scavenge" contextid="1845" timestamp="2019-06-15T03:58:15.710" />
  <attribute name="elasticGC enabled" value="1" />
  <attribute name= "numThreadsSpecified" value="4" />
  <attribute name="heapSize specified" value="8519680" />
  <attribute name="Current GC Util" value="44" />
  <attribute name= "Current Time Running" value="2213" />
  <attribute name ="GC Interval" value="200" />
  <attribute name="ProportionalT" value="12.000000" />
  <attribute name="ProportionalI" value="12.000000" />
  <attribute name="ProportionalH" value="12.000000" />
  <attribute name="Current Error" value="24.000000" />
  <attribute name="IntegralT" value="120.000000" />
  <attribute name="IntegralI" value="120.000000" />
  <attribute name="IntegralH" value="120.000000" />
  <attribute name="DerivativeT" value="5.400000" />
  <attribute name="DerivativeI" value="5.400000" />
  <attribute name="DerivativeH" value="5.400000" />
  <attribute name="Loop Time for DT" value="5.000000" />
  <attribute name="Output H" value="8388608"/>
  <attribute name="Output I" value="200"/>
  <attribute name="Output T" value="4"/>
  <attribute name="Target GC Util Change" value ="20.000000" />
  <attribute name="Current GC Util Change" value="44.000000"/>
  <attribute name="GC Util currently" value="44" />
  <attribute name="CPU Util currently" value="842024562286" />
<allocation-satisfied id="1852" threadId="0000000002525400" bytesRequested="56" />
<af-end id="1853" timestamp="2019-06-15T03:58:15.710" threadId="0000000002525D88" success="true" from="nursery"/>
<exclusive-end id="1854" timestamp="2019-06-15T03:58:15.710" durationms="1.989" />

<exclusive-start id="1855" timestamp="2019-06-15T03:58:15.714" intervalms="6.492">
  <response-info timems="0.033" idlems="0.033" threads="0" lastid="000000000251D800" lastname="PmdThread 2" />
</exclusive-start>
<af-start id="1856" threadId="000000000251E188" totalBytesRequested="40" timestamp="2019-06-15T03:58:15.714" intervalms="6.513" type="nursery" />
<cycle-start id="1857" type="scavenge" contextid="0" timestamp="2019-06-15T03:58:15.714" intervalms="6.497" />
<gc-start id="1858" type="scavenge" contextid="1857" timestamp="2019-06-15T03:58:15.714">
  <mem-info id="1859" free="2059825504" total="2092630016" percent="98">
    <mem type="nursery" free="0" total="2228224" percent="0">
      <mem type="allocate" free="0" total="1572864" percent="0" />
      <mem type="survivor" free="0" total="655360" percent="0" />
    </mem>
    <mem type="tenure" free="2059825504" total="2090401792" percent="98">
      <mem type="soa" free="1955305824" total="1985882112" percent="98" />
      <mem type="loa" free="104519680" total="104519680" percent="100" />
    </mem>
    <remembered-set count="289" />
  </mem-info>
</gc-start>
<allocation-stats totalBytes="1284408" >
  <allocated-bytes non-tlh="800" tlh="1283608" />
  <largest-consumer threadName="PmdThread 2" threadId="000000000251D800" bytes="429904" />
</allocation-stats>
<gc-op id="1860" type="scavenge" timems="0.891" contextid="1857" timestamp="2019-06-15T03:58:15.715">
  <scavenger-info tenureage="1" tenuremask="7ffe" tiltratio="70" />
  <memory-copied type="nursery" objects="10382" bytes="365152" bytesdiscarded="71056" />
  <memory-copied type="tenure" objects="2364" bytes="145072" bytesdiscarded="72" />
  <references type="weak" candidates="46" cleared="45" enqueued="45" />
  <references type="phantom" candidates="1" cleared="0" enqueued="0" />
</gc-op>
<gc-end id="1861" type="scavenge" contextid="1857" durationms="1.085" usertimems="0.000" systemtimems="0.000" timestamp="2019-06-15T03:58:15.716" activeThreads="4">
  <mem-info id="1862" free="2060728136" total="2092630016" percent="98">
    <mem type="nursery" free="1136640" total="2228224" percent="51">
      <mem type="allocate" free="1136640" total="1572864" percent="72" />
      <mem type="survivor" free="0" total="655360" percent="0" />
    </mem>
    <mem type="tenure" free="2059591496" total="2090401792" percent="98">
      <mem type="soa" free="1955071816" total="1985882112" percent="98" />
      <mem type="loa" free="104519680" total="104519680" percent="100" />
    </mem>
    <pending-finalizers system="0" default="0" reference="45" classloader="0" />
    <remembered-set count="289" />
  </mem-info>
</gc-end>
<cycle-end id="1863" type="scavenge" contextid="1857" timestamp="2019-06-15T03:58:15.716" />
  <attribute name="elasticGC enabled" value="1" />
  <attribute name= "numThreadsSpecified" value="4" />
  <attribute name="heapSize specified" value="8519680" />
  <attribute name="Current GC Util" value="27" />
  <attribute name= "Current Time Running" value="2220" />
  <attribute name ="GC Interval" value="200" />
  <attribute name="ProportionalT" value="3.500000" />
  <attribute name="ProportionalI" value="3.500000" />
  <attribute name="ProportionalH" value="3.500000" />
  <attribute name="Current Error" value="7.000000" />
  <attribute name="IntegralT" value="49.000000" />
  <attribute name="IntegralI" value="49.000000" />
  <attribute name="IntegralH" value="49.000000" />
  <attribute name="DerivativeT" value="-3.642857" />
  <attribute name="DerivativeI" value="-3.642857" />
  <attribute name="DerivativeH" value="-3.642857" />
  <attribute name="Loop Time for DT" value="7.000000" />
  <attribute name="Output H" value="8388608"/>
  <attribute name="Output I" value="200"/>
  <attribute name="Output T" value="4"/>
  <attribute name="Target GC Util Change" value ="20.000000" />
  <attribute name="Current GC Util Change" value="27.000000"/>
  <attribute name="GC Util currently" value="27" />
  <attribute name="CPU Util currently" value="709011081925" />
<allocation-satisfied id="1864" threadId="000000000251D800" bytesRequested="40" />
<af-end id="1865" timestamp="2019-06-15T03:58:15.716" threadId="000000000251E188" success="true" from="nursery"/>
<exclusive-end id="1866" timestamp="2019-06-15T03:58:15.716" durationms="1.568" />

<exclusive-start id="1867" timestamp="2019-06-15T03:58:15.718" intervalms="4.031">
  <response-info timems="0.046" idlems="0.046" threads="0" lastid="0000000002519C00" lastname="PmdThread 1" />
</exclusive-start>
<af-start id="1868" threadId="000000000251A588" totalBytesRequested="16" timestamp="2019-06-15T03:58:15.718" intervalms="4.019" type="nursery" />
<cycle-start id="1869" type="scavenge" contextid="0" timestamp="2019-06-15T03:58:15.718" intervalms="4.023" />
<gc-start id="1870" type="scavenge" contextid="1869" timestamp="2019-06-15T03:58:15.718">
  <mem-info id="1871" free="2059591304" total="2092630016" percent="98">
    <mem type="nursery" free="0" total="2228224" percent="0">
      <mem type="allocate" free="0" total="1572864" percent="0" />
      <mem type="survivor" free="0" total="655360" percent="0" />
    </mem>
    <mem type="tenure" free="2059591304" total="2090401792" percent="98">
      <mem type="soa" free="1955071624" total="1985882112" percent="98" />
      <mem type="loa" free="104519680" total="104519680" percent="100" />
    </mem>
    <remembered-set count="364" />
  </mem-info>
</gc-start>
<allocation-stats totalBytes="1135464" >
  <allocated-bytes non-tlh="232" tlh="1135232" />
  <largest-consumer threadName="PmdThread 1" threadId="0000000002519C00" bytes="554768" />
</allocation-stats>
<gc-op id="1872" type="scavenge" timems="2.239" contextid="1869" timestamp="2019-06-15T03:58:15.721">
  <scavenger-info tenureage="1" tenuremask="7ffe" tiltratio="70" />
  <memory-copied type="nursery" objects="2422" bytes="77968" bytesdiscarded="78704" />
  <memory-copied type="tenure" objects="10242" bytes="351272" bytesdiscarded="240" />
  <references type="weak" candidates="20" cleared="20" enqueued="20" />
</gc-op>
<gc-end id="1873" type="scavenge" contextid="1869" durationms="2.443" usertimems="4.000" systemtimems="0.000" timestamp="2019-06-15T03:58:15.721" activeThreads="4">
  <mem-info id="1874" free="2060639656" total="2092630016" percent="98">
    <mem type="nursery" free="1416192" total="2228224" percent="63">
      <mem type="allocate" free="1416192" total="1572864" percent="90" />
      <mem type="survivor" free="0" total="655360" percent="0" />
    </mem>
    <mem type="tenure" free="2059223464" total="2090401792" percent="98">
      <mem type="soa" free="1954703784" total="1985882112" percent="98" />
      <mem type="loa" free="104519680" total="104519680" percent="100" />
    </mem>
    <pending-finalizers system="0" default="0" reference="20" classloader="0" />
    <remembered-set count="169" />
  </mem-info>
</gc-end>
<cycle-end id="1875" type="scavenge" contextid="1869" timestamp="2019-06-15T03:58:15.721" />
  <attribute name="elasticGC enabled" value="1" />
  <attribute name= "numThreadsSpecified" value="4" />
  <attribute name="heapSize specified" value="8519680" />
  <attribute name="Current GC Util" value="43" />
  <attribute name= "Current Time Running" value="2224" />
  <attribute name ="GC Interval" value="200" />
  <attribute name="ProportionalT" value="11.500000" />
  <attribute name="ProportionalI" value="11.500000" />
  <attribute name="ProportionalH" value="11.500000" />
  <attribute name="Current Error" value="23.000000" />
  <attribute name="IntegralT" value="92.000000" />
  <attribute name="IntegralI" value="92.000000" />
  <attribute name="IntegralH" value="92.000000" />
  <attribute name="DerivativeT" value="6.000000" />
  <attribute name="DerivativeI" value="6.000000" />
  <attribute name="DerivativeH" value="6.000000" />
  <attribute name="Loop Time for DT" value="4.000000" />
  <attribute name="Output H" value="8388608"/>
  <attribute name="Output I" value="200"/>
  <attribute name="Output T" value="4"/>
  <attribute name="Target GC Util Change" value ="20.000000" />
  <attribute name="Current GC Util Change" value="43.000000"/>
  <attribute name="GC Util currently" value="43" />
  <attribute name="CPU Util currently" value="1140009188154" />
<allocation-satisfied id="1876" threadId="0000000002519C00" bytesRequested="16" />
<af-end id="1877" timestamp="2019-06-15T03:58:15.721" threadId="000000000251A588" success="true" from="nursery"/>
<exclusive-end id="1878" timestamp="2019-06-15T03:58:15.721" durationms="2.935" />

<exclusive-start id="1879" timestamp="2019-06-15T03:58:15.723" intervalms="4.274">
  <response-info timems="0.036" idlems="0.014" threads="2" lastid="0000000002214B00" lastname="JIT Compilation Thread-2" />
</exclusive-start>
<af-start id="1880" threadId="000000000251A588" totalBytesRequested="24" timestamp="2019-06-15T03:58:15.723" intervalms="4.270" type="nursery" />
<cycle-start id="1881" type="scavenge" contextid="0" timestamp="2019-06-15T03:58:15.723" intervalms="4.267" />
<gc-start id="1882" type="scavenge" contextid="1881" timestamp="2019-06-15T03:58:15.723">
  <mem-info id="1883" free="2059223464" total="2092630016" percent="98">
    <mem type="nursery" free="0" total="2228224" percent="0">
      <mem type="allocate" free="0" total="1572864" percent="0" />
      <mem type="survivor" free="0" total="655360" percent="0" />
    </mem>
    <mem type="tenure" free="2059223464" total="2090401792" percent="98">
      <mem type="soa" free="1954703784" total="1985882112" percent="98" />
      <mem type="loa" free="104519680" total="104519680" percent="100" />
    </mem>
    <remembered-set count="170" />
  </mem-info>
</gc-start>
<allocation-stats totalBytes="1415960" >
  <allocated-bytes non-tlh="16" tlh="1415944" />
  <largest-consumer threadName="PmdThread 1" threadId="0000000002519C00" bytes="605128" />
</allocation-stats>
<gc-op id="1884" type="scavenge" timems="1.468" contextid="1881" timestamp="2019-06-15T03:58:15.724">
  <scavenger-info tenureage="2" tenuremask="7ffc" tiltratio="70" />
  <memory-copied type="nursery" objects="8362" bytes="268104" bytesdiscarded="84408" />
</gc-op>
<gc-end id="1885" type="scavenge" contextid="1881" durationms="1.652" usertimems="4.000" systemtimems="0.000" timestamp="2019-06-15T03:58:15.724" activeThreads="4">
  <mem-info id="1886" free="2060509352" total="2092630016" percent="98">
    <mem type="nursery" free="1285888" total="2228224" percent="57">
      <mem type="allocate" free="1285888" total="1638400" percent="78" />
      <mem type="survivor" free="0" total="589824" percent="0" />
    </mem>
    <mem type="tenure" free="2059223464" total="2090401792" percent="98">
      <mem type="soa" free="1954703784" total="1985882112" percent="98" />
      <mem type="loa" free="104519680" total="104519680" percent="100" />
    </mem>
    <remembered-set count="151" />
  </mem-info>
</gc-end>
<cycle-end id="1887" type="scavenge" contextid="1881" timestamp="2019-06-15T03:58:15.724" />
  <attribute name="elasticGC enabled" value="1" />
  <attribute name= "numThreadsSpecified" value="4" />
  <attribute name="heapSize specified" value="8519680" />
  <attribute name="Current GC Util" value="72" />
  <attribute name= "Current Time Running" value="2228" />
  <attribute name ="GC Interval" value="248" />
  <attribute name="ProportionalT" value="26.000000" />
  <attribute name="ProportionalI" value="26.000000" />
  <attribute name="ProportionalH" value="26.000000" />
  <attribute name="Current Error" value="52.000000" />
  <attribute name="IntegralT" value="208.000000" />
  <attribute name="IntegralI" value="208.000000" />
  <attribute name="IntegralH" value="208.000000" />
  <attribute name="DerivativeT" value="10.875000" />
  <attribute name="DerivativeI" value="10.875000" />
  <attribute name="DerivativeH" value="10.875000" />
  <attribute name="Loop Time for DT" value="4.000000" />
  <attribute name="Output H" value="8388608"/>
  <attribute name="Output I" value="248"/>
  <attribute name="Output T" value="4"/>
  <attribute name="Target GC Util Change" value ="20.000000" />
  <attribute name="Current GC Util Change" value="72.000000"/>
  <attribute name="GC Util currently" value="72" />
  <attribute name="CPU Util currently" value="1086081341319" />
<allocation-satisfied id="1888" threadId="0000000002519C00" bytesRequested="24" />
<af-end id="1889" timestamp="2019-06-15T03:58:15.725" threadId="000000000251A588" success="true" from="nursery"/>
<exclusive-end id="1890" timestamp="2019-06-15T03:58:15.725" durationms="2.093" />

<exclusive-start id="1891" timestamp="2019-06-15T03:58:15.726" intervalms="3.409">
  <response-info timems="0.054" idlems="0.054" threads="0" lastid="0000000002519C00" lastname="PmdThread 1" />
</exclusive-start>
<af-start id="1892" threadId="000000000251A588" totalBytesRequested="72" timestamp="2019-06-15T03:58:15.726" intervalms="3.426" type="nursery" />
<cycle-start id="1893" type="scavenge" contextid="0" timestamp="2019-06-15T03:58:15.726" intervalms="3.428" />
<gc-start id="1894" type="scavenge" contextid="1893" timestamp="2019-06-15T03:58:15.726">
  <mem-info id="1895" free="2059223464" total="2092630016" percent="98">
    <mem type="nursery" free="0" total="2228224" percent="0">
      <mem type="allocate" free="0" total="1638400" percent="0" />
      <mem type="survivor" free="0" total="589824" percent="0" />
    </mem>
    <mem type="tenure" free="2059223464" total="2090401792" percent="98">
      <mem type="soa" free="1954703784" total="1985882112" percent="98" />
      <mem type="loa" free="104519680" total="104519680" percent="100" />
    </mem>
    <remembered-set count="163" />
  </mem-info>
</gc-start>
<allocation-stats totalBytes="1285616" >
  <allocated-bytes non-tlh="24" tlh="1285592" />
  <largest-consumer threadName="PmdThread 1" threadId="0000000002519C00" bytes="933384" />
</allocation-stats>
<gc-op id="1896" type="scavenge" timems="1.716" contextid="1893" timestamp="2019-06-15T03:58:15.728">
  <scavenger-info tenureage="2" tenuremask="7ffc" tiltratio="73" />
  <memory-copied type="nursery" objects="11052" bytes="351848" bytesdiscarded="78992" />
  <memory-copied type="tenure" objects="2326" bytes="75416" bytesdiscarded="40" />
</gc-op>
<gc-end id="1897" type="scavenge" contextid="1893" durationms="1.904" usertimems="0.000" systemtimems="0.000" timestamp="2019-06-15T03:58:15.728" activeThreads="4">
  <mem-info id="1898" free="2060418216" total="2092630016" percent="98">
    <mem type="nursery" free="1273088" total="2228224" percent="57">
      <mem type="allocate" free="1273088" total="1703936" percent="74" />
      <mem type="survivor" free="0" total="524288" percent="0" />
    </mem>
    <mem type="tenure" free="2059145128" total="2090401792" percent="98">
      <mem type="soa" free="1954625448" total="1985882112" percent="98" />
      <mem type="loa" free="104519680" total="104519680" percent="100" />
    </mem>
    <remembered-set count="160" />
  </mem-info>
</gc-end>
<cycle-end id="1899" type="scavenge" contextid="1893" timestamp="2019-06-15T03:58:15.728" />
  <attribute name="elasticGC enabled" value="1" />
  <attribute name= "numThreadsSpecified" value="4" />
  <attribute name="heapSize specified" value="8519680" />
  <attribute name="Current GC Util" value="58" />
  <attribute name= "Current Time Running" value="2232" />
  <attribute name ="GC Interval" value="200" />
  <attribute name="ProportionalT" value="19.000000" />
  <attribute name="ProportionalI" value="19.000000" />
  <attribute name="ProportionalH" value="19.000000" />
  <attribute name="Current Error" value="38.000000" />
  <attribute name="IntegralT" value="152.000000" />
  <attribute name="IntegralI" value="152.000000" />
  <attribute name="IntegralH" value="152.000000" />
  <attribute name="DerivativeT" value="-5.250000" />
  <attribute name="DerivativeI" value="-5.250000" />
  <attribute name="DerivativeH" value="-5.250000" />
  <attribute name="Loop Time for DT" value="4.000000" />
  <attribute name="Output H" value="8388608"/>
  <attribute name="Output I" value="200"/>
  <attribute name="Output T" value="4"/>
  <attribute name="Target GC Util Change" value ="20.000000" />
  <attribute name="Current GC Util Change" value="58.000000"/>
  <attribute name="GC Util currently" value="58" />
  <attribute name="CPU Util currently" value="1346018644961" />
<allocation-satisfied id="1900" threadId="0000000002519C00" bytesRequested="72" />
<af-end id="1901" timestamp="2019-06-15T03:58:15.728" threadId="000000000251A588" success="true" from="nursery"/>
<exclusive-end id="1902" timestamp="2019-06-15T03:58:15.728" durationms="2.372" />

<exclusive-start id="1903" timestamp="2019-06-15T03:58:15.729" intervalms="3.473">
  <response-info timems="0.045" idlems="0.045" threads="0" lastid="000000000251D800" lastname="PmdThread 2" />
</exclusive-start>
<af-start id="1904" threadId="000000000251E188" totalBytesRequested="56" timestamp="2019-06-15T03:58:15.729" intervalms="3.443" type="nursery" />
<cycle-start id="1905" type="scavenge" contextid="0" timestamp="2019-06-15T03:58:15.730" intervalms="3.435" />
<gc-start id="1906" type="scavenge" contextid="1905" timestamp="2019-06-15T03:58:15.730">
  <mem-info id="1907" free="2059144944" total="2092630016" percent="98">
    <mem type="nursery" free="0" total="2228224" percent="0">
      <mem type="allocate" free="0" total="1703936" percent="0" />
      <mem type="survivor" free="0" total="524288" percent="0" />
    </mem>
    <mem type="tenure" free="2059144944" total="2090401792" percent="98">
      <mem type="soa" free="1954625264" total="1985882112" percent="98" />
      <mem type="loa" free="104519680" total="104519680" percent="100" />
    </mem>
    <remembered-set count="170" />
  </mem-info>
</gc-start>
<allocation-stats totalBytes="1273048" >
  <allocated-bytes non-tlh="33040" tlh="1240008" />
  <largest-consumer threadName="PmdThread 1" threadId="0000000002519C00" bytes="949392" />
</allocation-stats>
<gc-op id="1908" type="scavenge" timems="1.020" contextid="1905" timestamp="2019-06-15T03:58:15.731">
  <scavenger-info tenureage="2" tenuremask="7ffc" tiltratio="76" />
  <memory-copied type="nursery" objects="8671" bytes="336048" bytesdiscarded="88408" />
  <memory-copied type="tenure" objects="6002" bytes="191856" bytesdiscarded="40" />
</gc-op>
<gc-end id="1909" type="scavenge" contextid="1905" durationms="1.191" usertimems="4.000" systemtimems="0.000" timestamp="2019-06-15T03:58:15.731" activeThreads="4">
  <mem-info id="1910" free="2060228568" total="2092630016" percent="98">
    <mem type="nursery" free="1279464" total="2228224" percent="57">
      <mem type="allocate" free="1279464" total="1703936" percent="75" />
      <mem type="survivor" free="0" total="524288" percent="0" />
    </mem>
    <mem type="tenure" free="2058949104" total="2090401792" percent="98">
      <mem type="soa" free="1954429424" total="1985882112" percent="98" />
      <mem type="loa" free="104519680" total="104519680" percent="100" />
    </mem>
    <remembered-set count="148" />
  </mem-info>
</gc-end>
<cycle-end id="1911" type="scavenge" contextid="1905" timestamp="2019-06-15T03:58:15.731" />
  <attribute name="elasticGC enabled" value="1" />
  <attribute name= "numThreadsSpecified" value="4" />
  <attribute name="heapSize specified" value="8519680" />
  <attribute name="Current GC Util" value="68" />
  <attribute name= "Current Time Running" value="2235" />
  <attribute name ="GC Interval" value="200" />
  <attribute name="ProportionalT" value="24.000000" />
  <attribute name="ProportionalI" value="24.000000" />
  <attribute name="ProportionalH" value="24.000000" />
  <attribute name="Current Error" value="48.000000" />
  <attribute name="IntegralT" value="144.000000" />
  <attribute name="IntegralI" value="144.000000" />
  <attribute name="IntegralH" value="144.000000" />
  <attribute name="DerivativeT" value="5.000000" />
  <attribute name="DerivativeI" value="5.000000" />
  <attribute name="DerivativeH" value="5.000000" />
  <attribute name="Loop Time for DT" value="3.000000" />
  <attribute name="Output H" value="8388608"/>
  <attribute name="Output I" value="200"/>
  <attribute name="Output T" value="4"/>
  <attribute name="Target GC Util Change" value ="20.000000" />
  <attribute name="Current GC Util Change" value="68.000000"/>
  <attribute name="GC Util currently" value="68" />
  <attribute name="CPU Util currently" value="1349462638733" />
<allocation-satisfied id="1912" threadId="000000000251D800" bytesRequested="56" />
<af-end id="1913" timestamp="2019-06-15T03:58:15.731" threadId="000000000251E188" success="true" from="nursery"/>
<exclusive-end id="1914" timestamp="2019-06-15T03:58:15.731" durationms="1.583" />

<exclusive-start id="1915" timestamp="2019-06-15T03:58:15.733" intervalms="3.382">
  <response-info timems="0.055" idlems="0.055" threads="0" lastid="000000000251D800" lastname="PmdThread 2" />
</exclusive-start>
<af-start id="1916" threadId="000000000251E188" totalBytesRequested="64" timestamp="2019-06-15T03:58:15.733" intervalms="3.410" type="nursery" />
<cycle-start id="1917" type="scavenge" contextid="0" timestamp="2019-06-15T03:58:15.733" intervalms="3.409" />
<gc-start id="1918" type="scavenge" contextid="1917" timestamp="2019-06-15T03:58:15.733">
  <mem-info id="1919" free="2058948920" total="2092630016" percent="98">
    <mem type="nursery" free="0" total="2228224" percent="0">
      <mem type="allocate" free="0" total="1703936" percent="0" />
      <mem type="survivor" free="0" total="524288" percent="0" />
    </mem>
    <mem type="tenure" free="2058948920" total="2090401792" percent="98">
      <mem type="soa" free="1954429240" total="1985882112" percent="98" />
      <mem type="loa" free="104519680" total="104519680" percent="100" />
    </mem>
    <remembered-set count="177" />
  </mem-info>
</gc-start>
<allocation-stats totalBytes="1279184" >
  <allocated-bytes non-tlh="240" tlh="1278944" />
  <largest-consumer threadName="PmdThread 1" threadId="0000000002519C00" bytes="939296" />
</allocation-stats>
<gc-op id="1920" type="scavenge" timems="0.980" contextid="1917" timestamp="2019-06-15T03:58:15.734">
  <scavenger-info tenureage="2" tenuremask="7ffc" tiltratio="76" />
  <memory-copied type="nursery" objects="8666" bytes="336832" bytesdiscarded="87544" />
  <memory-copied type="tenure" objects="4992" bytes="158296" bytesdiscarded="80" />
  <references type="weak" candidates="7" cleared="7" enqueued="7" />
  <references type="phantom" candidates="1" cleared="1" enqueued="1" />
</gc-op>
<gc-end id="1921" type="scavenge" contextid="1917" durationms="1.173" usertimems="4.000" systemtimems="0.000" timestamp="2019-06-15T03:58:15.734" activeThreads="4">
  <mem-info id="1922" free="2060137248" total="2092630016" percent="98">
    <mem type="nursery" free="1345000" total="2228224" percent="60">
      <mem type="allocate" free="1345000" total="1769472" percent="76" />
      <mem type="survivor" free="0" total="458752" percent="0" />
    </mem>
    <mem type="tenure" free="2058792248" total="2090401792" percent="98">
      <mem type="soa" free="1954272568" total="1985882112" percent="98" />
      <mem type="loa" free="104519680" total="104519680" percent="100" />
    </mem>
    <pending-finalizers system="0" default="0" reference="8" classloader="0" />
    <remembered-set count="168" />
  </mem-info>
</gc-end>
<cycle-end id="1923" type="scavenge" contextid="1917" timestamp="2019-06-15T03:58:15.734" />
  <attribute name="elasticGC enabled" value="1" />
  <attribute name= "numThreadsSpecified" value="4" />
  <attribute name="heapSize specified" value="8519680" />
  <attribute name="Current GC Util" value="41" />
  <attribute name= "Current Time Running" value="2238" />
  <attribute name ="GC Interval" value="200" />
  <attribute name="ProportionalT" value="10.500000" />
  <attribute name="ProportionalI" value="10.500000" />
  <attribute name="ProportionalH" value="10.500000" />
  <attribute name="Current Error" value="21.000000" />
  <attribute name="IntegralT" value="63.000000" />
  <attribute name="IntegralI" value="63.000000" />
  <attribute name="IntegralH" value="63.000000" />
  <attribute name="DerivativeT" value="-13.500000" />
  <attribute name="DerivativeI" value="-13.500000" />
  <attribute name="DerivativeH" value="-13.500000" />
  <attribute name="Loop Time for DT" value="3.000000" />
  <attribute name="Output H" value="8388608"/>
  <attribute name="Output I" value="200"/>
  <attribute name="Output T" value="4"/>
  <attribute name="Target GC Util Change" value ="20.000000" />
  <attribute name="Current GC Util Change" value="41.000000"/>
  <attribute name="GC Util currently" value="41" />
  <attribute name="CPU Util currently" value="1343403332512" />
<allocation-satisfied id="1924" threadId="000000000251D800" bytesRequested="64" />
<af-end id="1925" timestamp="2019-06-15T03:58:15.734" threadId="000000000251E188" success="true" from="nursery"/>
<exclusive-end id="1926" timestamp="2019-06-15T03:58:15.734" durationms="1.598" />

<exclusive-start id="1927" timestamp="2019-06-15T03:58:15.736" intervalms="3.096">
  <response-info timems="0.043" idlems="0.043" threads="0" lastid="0000000002519C00" lastname="PmdThread 1" />
</exclusive-start>
<af-start id="1928" threadId="000000000251A588" totalBytesRequested="24" timestamp="2019-06-15T03:58:15.736" intervalms="3.081" type="nursery" />
<cycle-start id="1929" type="scavenge" contextid="0" timestamp="2019-06-15T03:58:15.736" intervalms="3.088" />
<gc-start id="1930" type="scavenge" contextid="1929" timestamp="2019-06-15T03:58:15.736">
  <mem-info id="1931" free="2058792248" total="2092630016" percent="98">
    <mem type="nursery" free="0" total="2228224" percent="0">
      <mem type="allocate" free="0" total="1769472" percent="0" />
      <mem type="survivor" free="0" total="458752" percent="0" />
    </mem>
    <mem type="tenure" free="2058792248" total="2090401792" percent="98">
      <mem type="soa" free="1954272568" total="1985882112" percent="98" />
      <mem type="loa" free="104519680" total="104519680" percent="100" />
    </mem>
    <remembered-set count="173" />
  </mem-info>
</gc-start>
<allocation-stats totalBytes="1344736" >
  <allocated-bytes non-tlh="32848" tlh="1311888" />
  <largest-consumer threadName="PmdThread 1" threadId="0000000002519C00" bytes="810936" />
</allocation-stats>
<gc-op id="1932" type="scavenge" timems="1.925" contextid="1929" timestamp="2019-06-15T03:58:15.738">
  <scavenger-info tenureage="2" tenuremask="7ffc" tiltratio="79" />
  <memory-copied type="nursery" objects="10043" bytes="381912" bytesdiscarded="76824" />
  <memory-copied type="tenure" objects="3637" bytes="176112" bytesdiscarded="48" />
</gc-op>
<gc-end id="1933" type="scavenge" contextid="1929" durationms="2.113" usertimems="4.000" systemtimems="0.000" timestamp="2019-06-15T03:58:15.738" activeThreads="4">
  <mem-info id="1934" free="2059969320" total="2092630016" percent="98">
    <mem type="nursery" free="1310720" total="2228224" percent="58">
      <mem type="allocate" free="1310720" total="1769472" percent="74" />
      <mem type="survivor" free="0" total="458752" percent="0" />
    </mem>
    <mem type="tenure" free="2058658600" total="2090401792" percent="98">
      <mem type="soa" free="1954138920" total="1985882112" percent="98" />
      <mem type="loa" free="104519680" total="104519680" percent="100" />
    </mem>
    <remembered-set count="153" />
  </mem-info>
</gc-end>
<cycle-end id="1935" type="scavenge" contextid="1929" timestamp="2019-06-15T03:58:15.738" />
  <attribute name="elasticGC enabled" value="1" />
  <attribute name= "numThreadsSpecified" value="4" />
  <attribute name="heapSize specified" value="8519680" />
  <attribute name="Current GC Util" value="50" />
  <attribute name= "Current Time Running" value="2242" />
  <attribute name ="GC Interval" value="200" />
  <attribute name="ProportionalT" value="15.000000" />
  <attribute name="ProportionalI" value="15.000000" />
  <attribute name="ProportionalH" value="15.000000" />
  <attribute name="Current Error" value="30.000000" />
  <attribute name="IntegralT" value="120.000000" />
  <attribute name="IntegralI" value="120.000000" />
  <attribute name="IntegralH" value="120.000000" />
  <attribute name="DerivativeT" value="3.375000" />
  <attribute name="DerivativeI" value="3.375000" />
  <attribute name="DerivativeH" value="3.375000" />
  <attribute name="Loop Time for DT" value="4.000000" />
  <attribute name="Output H" value="8388608"/>
  <attribute name="Output I" value="200"/>
  <attribute name="Output T" value="4"/>
  <attribute name="Target GC Util Change" value ="20.000000" />
  <attribute name="Current GC Util Change" value="50.000000"/>
  <attribute name="GC Util currently" value="50" />
  <attribute name="CPU Util currently" value="1495984865628" />
<allocation-satisfied id="1936" threadId="0000000002519C00" bytesRequested="24" />
<af-end id="1937" timestamp="2019-06-15T03:58:15.738" threadId="000000000251A588" success="true" from="nursery"/>
<exclusive-end id="1938" timestamp="2019-06-15T03:58:15.738" durationms="2.555" />

<exclusive-start id="1939" timestamp="2019-06-15T03:58:15.740" intervalms="3.964">
  <response-info timems="0.042" idlems="0.042" threads="0" lastid="0000000002519C00" lastname="PmdThread 1" />
</exclusive-start>
<af-start id="1940" threadId="000000000251A588" totalBytesRequested="24" timestamp="2019-06-15T03:58:15.740" intervalms="3.961" type="nursery" />
<cycle-start id="1941" type="scavenge" contextid="0" timestamp="2019-06-15T03:58:15.740" intervalms="3.960" />
<gc-start id="1942" type="scavenge" contextid="1941" timestamp="2019-06-15T03:58:15.740">
  <mem-info id="1943" free="2058658208" total="2092630016" percent="98">
    <mem type="nursery" free="0" total="2228224" percent="0">
      <mem type="allocate" free="0" total="1769472" percent="0" />
      <mem type="survivor" free="0" total="458752" percent="0" />
    </mem>
    <mem type="tenure" free="2058658208" total="2090401792" percent="98">
      <mem type="soa" free="1954138528" total="1985882112" percent="98" />
      <mem type="loa" free="104519680" total="104519680" percent="100" />
    </mem>
    <remembered-set count="166" />
  </mem-info>
</gc-start>
<allocation-stats totalBytes="1300576" >
  <allocated-bytes non-tlh="26136" tlh="1274440" />
  <largest-consumer threadName="PmdThread 1" threadId="0000000002519C00" bytes="809736" />
</allocation-stats>
<gc-op id="1944" type="scavenge" timems="2.752" contextid="1941" timestamp="2019-06-15T03:58:15.743">
  <scavenger-info tenureage="2" tenuremask="7ffc" tiltratio="79" />
  <memory-copied type="nursery" objects="9534" bytes="421152" bytesdiscarded="37576" />
  <memory-copied type="tenure" objects="5179" bytes="163608" bytesdiscarded="112" />
  <copy-failed type="nursery" objects="233" bytes="6432" />
  <references type="weak" candidates="1" cleared="1" enqueued="1" />
  <references type="phantom" candidates="1" cleared="1" enqueued="1" />
</gc-op>
<gc-end id="1945" type="scavenge" contextid="1941" durationms="2.941" usertimems="0.000" systemtimems="4.000" timestamp="2019-06-15T03:58:15.743" activeThreads="4">
  <mem-info id="1946" free="2059707552" total="2092630016" percent="98">
    <mem type="nursery" free="1245184" total="2228224" percent="55">
      <mem type="allocate" free="1245184" total="1703936" percent="73" />
      <mem type="survivor" free="0" total="524288" percent="0" />
    </mem>
    <mem type="tenure" free="2058462368" total="2090401792" percent="98">
      <mem type="soa" free="1953942688" total="1985882112" percent="98" />
      <mem type="loa" free="104519680" total="104519680" percent="100" />
    </mem>
    <pending-finalizers system="0" default="0" reference="2" classloader="0" />
    <remembered-set count="151" />
  </mem-info>
</gc-end>
<cycle-end id="1947" type="scavenge" contextid="1941" timestamp="2019-06-15T03:58:15.743" />
  <attribute name="elasticGC enabled" value="1" />
  <attribute name= "numThreadsSpecified" value="4" />
  <attribute name="heapSize specified" value="8519680" />
  <attribute name="Current GC Util" value="68" />
  <attribute name= "Current Time Running" value="2245" />
  <attribute name ="GC Interval" value="200" />
  <attribute name="ProportionalT" value="24.000000" />
  <attribute name="ProportionalI" value="24.000000" />
  <attribute name="ProportionalH" value="24.000000" />
  <attribute name="Current Error" value="48.000000" />
  <attribute name="IntegralT" value="144.000000" />
  <attribute name="IntegralI" value="144.000000" />
  <attribute name="IntegralH" value="144.000000" />
  <attribute name="DerivativeT" value="9.000000" />
  <attribute name="DerivativeI" value="9.000000" />
  <attribute name="DerivativeH" value="9.000000" />
  <attribute name="Loop Time for DT" value="3.000000" />
  <attribute name="Output H" value="8388608"/>
  <attribute name="Output I" value="200"/>
  <attribute name="Output T" value="4"/>
  <attribute name="Target GC Util Change" value ="20.000000" />
  <attribute name="Current GC Util Change" value="68.000000"/>
  <attribute name="GC Util currently" value="68" />
  <attribute name="CPU Util currently" value="1164515417703" />
<allocation-satisfied id="1948" threadId="0000000002519C00" bytesRequested="24" />
<af-end id="1949" timestamp="2019-06-15T03:58:15.743" threadId="000000000251A588" success="true" from="nursery"/>
<exclusive-end id="1950" timestamp="2019-06-15T03:58:15.743" durationms="3.384" />

<exclusive-start id="1951" timestamp="2019-06-15T03:58:15.745" intervalms="5.233">
  <response-info timems="0.050" idlems="0.050" threads="0" lastid="000000000251D800" lastname="PmdThread 2" />
</exclusive-start>
<af-start id="1952" threadId="000000000251E188" totalBytesRequested="56" timestamp="2019-06-15T03:58:15.745" intervalms="5.225" type="nursery" />
<cycle-start id="1953" type="scavenge" contextid="0" timestamp="2019-06-15T03:58:15.745" intervalms="5.221" />
<gc-start id="1954" type="scavenge" contextid="1953" timestamp="2019-06-15T03:58:15.745">
  <mem-info id="1955" free="2058461584" total="2092630016" percent="98">
    <mem type="nursery" free="0" total="2228224" percent="0">
      <mem type="allocate" free="0" total="1703936" percent="0" />
      <mem type="survivor" free="0" total="524288" percent="0" />
    </mem>
    <mem type="tenure" free="2058461584" total="2090401792" percent="98">
      <mem type="soa" free="1953941904" total="1985882112" percent="98" />
      <mem type="loa" free="104519680" total="104519680" percent="100" />
    </mem>
    <remembered-set count="189" />
  </mem-info>
</gc-start>
<allocation-stats totalBytes="1245160" >
  <allocated-bytes non-tlh="808" tlh="1244352" />
  <largest-consumer threadName="PmdThread 1" threadId="0000000002519C00" bytes="589800" />
</allocation-stats>
<gc-op id="1956" type="scavenge" timems="1.211" contextid="1953" timestamp="2019-06-15T03:58:15.747">
  <scavenger-info tenureage="2" tenuremask="7ffc" tiltratio="76" />
  <memory-copied type="nursery" objects="12266" bytes="390976" bytesdiscarded="79040" />
  <memory-copied type="tenure" objects="5049" bytes="222984" bytesdiscarded="152" />
  <references type="weak" candidates="10" cleared="10" enqueued="10" />
</gc-op>
<gc-end id="1957" type="scavenge" contextid="1953" durationms="1.390" usertimems="0.000" systemtimems="0.000" timestamp="2019-06-15T03:58:15.747" activeThreads="4">
  <mem-info id="1958" free="2059499664" total="2092630016" percent="98">
    <mem type="nursery" free="1233920" total="2228224" percent="55">
      <mem type="allocate" free="1233920" total="1703936" percent="72" />
      <mem type="survivor" free="0" total="524288" percent="0" />
    </mem>
    <mem type="tenure" free="2058265744" total="2090401792" percent="98">
      <mem type="soa" free="1953746064" total="1985882112" percent="98" />
      <mem type="loa" free="104519680" total="104519680" percent="100" />
    </mem>
    <pending-finalizers system="0" default="0" reference="10" classloader="0" />
    <remembered-set count="199" />
  </mem-info>
</gc-end>
<cycle-end id="1959" type="scavenge" contextid="1953" timestamp="2019-06-15T03:58:15.747" />
  <attribute name="elasticGC enabled" value="1" />
  <attribute name= "numThreadsSpecified" value="4" />
  <attribute name="heapSize specified" value="8519680" />
  <attribute name="Current GC Util" value="69" />
  <attribute name= "Current Time Running" value="2251" />
  <attribute name ="GC Interval" value="320" />
  <attribute name="ProportionalT" value="24.500000" />
  <attribute name="ProportionalI" value="24.500000" />
  <attribute name="ProportionalH" value="24.500000" />
  <attribute name="Current Error" value="49.000000" />
  <attribute name="IntegralT" value="294.000000" />
  <attribute name="IntegralI" value="294.000000" />
  <attribute name="IntegralH" value="294.000000" />
  <attribute name="DerivativeT" value="0.250000" />
  <attribute name="DerivativeI" value="0.250000" />
  <attribute name="DerivativeH" value="0.250000" />
  <attribute name="Loop Time for DT" value="6.000000" />
  <attribute name="Output H" value="8388608"/>
  <attribute name="Output I" value="320"/>
  <attribute name="Output T" value="4"/>
  <attribute name="Target GC Util Change" value ="20.000000" />
  <attribute name="Current GC Util Change" value="69.000000"/>
  <attribute name="GC Util currently" value="69" />
  <attribute name="CPU Util currently" value="886331236189" />
<allocation-satisfied id="1960" threadId="000000000251D800" bytesRequested="56" />
<af-end id="1961" timestamp="2019-06-15T03:58:15.747" threadId="000000000251E188" success="true" from="nursery"/>
<exclusive-end id="1962" timestamp="2019-06-15T03:58:15.747" durationms="1.792" />

<exclusive-start id="1963" timestamp="2019-06-15T03:58:15.751" intervalms="5.856">
  <response-info timems="0.042" idlems="0.042" threads="0" lastid="0000000002529000" lastname="PmdThread 4" />
</exclusive-start>
<af-start id="1964" threadId="0000000002529988" totalBytesRequested="48" timestamp="2019-06-15T03:58:15.751" intervalms="5.886" type="nursery" />
<cycle-start id="1965" type="scavenge" contextid="0" timestamp="2019-06-15T03:58:15.751" intervalms="5.902" />
<gc-start id="1966" type="scavenge" contextid="1965" timestamp="2019-06-15T03:58:15.751">
  <mem-info id="1967" free="2058265568" total="2092630016" percent="98">
    <mem type="nursery" free="0" total="2228224" percent="0">
      <mem type="allocate" free="0" total="1703936" percent="0" />
      <mem type="survivor" free="0" total="524288" percent="0" />
    </mem>
    <mem type="tenure" free="2058265568" total="2090401792" percent="98">
      <mem type="soa" free="1953745888" total="1985882112" percent="98" />
      <mem type="loa" free="104519680" total="104519680" percent="100" />
    </mem>
    <remembered-set count="260" />
  </mem-info>
</gc-start>
<allocation-stats totalBytes="1232448" >
  <allocated-bytes non-tlh="16624" tlh="1215824" />
  <largest-consumer threadName="PmdThread 4" threadId="0000000002529000" bytes="466944" />
</allocation-stats>
<gc-op id="1968" type="scavenge" timems="1.624" contextid="1965" timestamp="2019-06-15T03:58:15.753">
  <scavenger-info tenureage="2" tenuremask="7ffc" tiltratio="76" />
  <memory-copied type="nursery" objects="11505" bytes="450040" bytesdiscarded="73976" />
  <memory-copied type="tenure" objects="8197" bytes="243920" bytesdiscarded="136" />
  <copy-failed type="nursery" objects="3760" bytes="102064" />
  <references type="weak" candidates="41" cleared="41" enqueued="41" />
  <references type="phantom" candidates="1" cleared="1" enqueued="1" />
</gc-op>
<gc-end id="1969" type="scavenge" contextid="1965" durationms="1.834" usertimems="0.000" systemtimems="0.000" timestamp="2019-06-15T03:58:15.753" activeThreads="4">
  <mem-info id="1970" free="2058908896" total="2092630016" percent="98">
    <mem type="nursery" free="917504" total="2228224" percent="41">
      <mem type="allocate" free="917504" total="1441792" percent="63" />
      <mem type="survivor" free="0" total="786432" percent="0" />
    </mem>
    <mem type="tenure" free="2057991392" total="2090401792" percent="98">
      <mem type="soa" free="1953471712" total="1985882112" percent="98" />
      <mem type="loa" free="104519680" total="104519680" percent="100" />
    </mem>
    <pending-finalizers system="0" default="0" reference="42" classloader="0" />
    <remembered-set count="232" />
  </mem-info>
</gc-end>
<cycle-end id="1971" type="scavenge" contextid="1965" timestamp="2019-06-15T03:58:15.753" />
  <attribute name="elasticGC enabled" value="1" />
  <attribute name= "numThreadsSpecified" value="4" />
  <attribute name="heapSize specified" value="8519680" />
  <attribute name="Current GC Util" value="29" />
  <attribute name= "Current Time Running" value="2257" />
  <attribute name ="GC Interval" value="200" />
  <attribute name="ProportionalT" value="4.500000" />
  <attribute name="ProportionalI" value="4.500000" />
  <attribute name="ProportionalH" value="4.500000" />
  <attribute name="Current Error" value="9.000000" />
  <attribute name="IntegralT" value="54.000000" />
  <attribute name="IntegralI" value="54.000000" />
  <attribute name="IntegralH" value="54.000000" />
  <attribute name="DerivativeT" value="-10.000000" />
  <attribute name="DerivativeI" value="-10.000000" />
  <attribute name="DerivativeH" value="-10.000000" />
  <attribute name="Loop Time for DT" value="6.000000" />
  <attribute name="Output H" value="8388608"/>
  <attribute name="Output I" value="200"/>
  <attribute name="Output T" value="4"/>
  <attribute name="Target GC Util Change" value ="20.000000" />
  <attribute name="Current GC Util Change" value="29.000000"/>
  <attribute name="GC Util currently" value="29" />
  <attribute name="CPU Util currently" value="776592136365" />
<allocation-satisfied id="1972" threadId="0000000002529000" bytesRequested="48" />
<af-end id="1973" timestamp="2019-06-15T03:58:15.753" threadId="0000000002529988" success="true" from="nursery"/>
<exclusive-end id="1974" timestamp="2019-06-15T03:58:15.753" durationms="2.352" />

<exclusive-start id="1975" timestamp="2019-06-15T03:58:15.757" intervalms="6.349">
  <response-info timems="0.227" idlems="0.197" threads="1" lastid="000000000251D800" lastname="PmdThread 2" />
</exclusive-start>
<af-start id="1976" threadId="0000000002525D88" totalBytesRequested="80" timestamp="2019-06-15T03:58:15.757" intervalms="6.326" type="nursery" />
<cycle-start id="1977" type="scavenge" contextid="0" timestamp="2019-06-15T03:58:15.757" intervalms="6.312" />
<gc-start id="1978" type="scavenge" contextid="1977" timestamp="2019-06-15T03:58:15.757">
  <mem-info id="1979" free="2057990640" total="2092630016" percent="98">
    <mem type="nursery" free="0" total="2228224" percent="0">
      <mem type="allocate" free="0" total="1441792" percent="0" />
      <mem type="survivor" free="0" total="786432" percent="0" />
    </mem>
    <mem type="tenure" free="2057990640" total="2090401792" percent="98">
      <mem type="soa" free="1953470960" total="1985882112" percent="98" />
      <mem type="loa" free="104519680" total="104519680" percent="100" />
    </mem>
    <remembered-set count="324" />
  </mem-info>
</gc-start>
<allocation-stats totalBytes="916584" >
  <allocated-bytes non-tlh="800" tlh="915784" />
  <largest-consumer threadName="PmdThread 3" threadId="0000000002525400" bytes="449880" />
</allocation-stats>
<gc-op id="1980" type="scavenge" timems="1.130" contextid="1977" timestamp="2019-06-15T03:58:15.759">
  <scavenger-info tenureage="1" tenuremask="7ffe" tiltratio="64" />
  <memory-copied type="nursery" objects="3016" bytes="227016" bytesdiscarded="233016" />
  <memory-copied type="tenure" objects="11332" bytes="440928" bytesdiscarded="176" />
  <references type="weak" candidates="51" cleared="51" enqueued="51" />
  <references type="phantom" candidates="2" cleared="1" enqueued="1" />
</gc-op>
<gc-end id="1981" type="scavenge" contextid="1977" durationms="1.315" usertimems="0.000" systemtimems="0.000" timestamp="2019-06-15T03:58:15.759" activeThreads="4">
  <mem-info id="1982" free="2058603960" total="2092630016" percent="98">
    <mem type="nursery" free="981728" total="2228224" percent="44">
      <mem type="allocate" free="981728" total="1441792" percent="68" />
      <mem type="survivor" free="0" total="786432" percent="0" />
    </mem>
    <mem type="tenure" free="2057622232" total="2090401792" percent="98">
      <mem type="soa" free="1953102552" total="1985882112" percent="98" />
      <mem type="loa" free="104519680" total="104519680" percent="100" />
    </mem>
    <pending-finalizers system="0" default="0" reference="52" classloader="0" />
    <remembered-set count="173" />
  </mem-info>
</gc-end>
<cycle-end id="1983" type="scavenge" contextid="1977" timestamp="2019-06-15T03:58:15.759" />
  <attribute name="elasticGC enabled" value="1" />
  <attribute name= "numThreadsSpecified" value="4" />
  <attribute name="heapSize specified" value="8519680" />
  <attribute name="Current GC Util" value="32" />
  <attribute name= "Current Time Running" value="2263" />
  <attribute name ="GC Interval" value="200" />
  <attribute name="ProportionalT" value="6.000000" />
  <attribute name="ProportionalI" value="6.000000" />
  <attribute name="ProportionalH" value="6.000000" />
  <attribute name="Current Error" value="12.000000" />
  <attribute name="IntegralT" value="72.000000" />
  <attribute name="IntegralI" value="72.000000" />
  <attribute name="IntegralH" value="72.000000" />
  <attribute name="DerivativeT" value="0.750000" />
  <attribute name="DerivativeI" value="0.750000" />
  <attribute name="DerivativeH" value="0.750000" />
  <attribute name="Loop Time for DT" value="6.000000" />
  <attribute name="Output H" value="8388608"/>
  <attribute name="Output I" value="200"/>
  <attribute name="Output T" value="4"/>
  <attribute name="Target GC Util Change" value ="20.000000" />
  <attribute name="Current GC Util Change" value="32.000000"/>
  <attribute name="GC Util currently" value="32" />
  <attribute name="CPU Util currently" value="734235588950" />
<allocation-satisfied id="1984" threadId="0000000002525400" bytesRequested="80" />
<af-end id="1985" timestamp="2019-06-15T03:58:15.759" threadId="0000000002525D88" success="true" from="nursery"/>
<exclusive-end id="1986" timestamp="2019-06-15T03:58:15.759" durationms="1.737" />

<exclusive-start id="1987" timestamp="2019-06-15T03:58:15.761" intervalms="3.368">
  <response-info timems="0.145" idlems="0.145" threads="0" lastid="0000000002525400" lastname="PmdThread 3" />
</exclusive-start>
<af-start id="1988" threadId="0000000002525D88" totalBytesRequested="40" timestamp="2019-06-15T03:58:15.761" intervalms="3.357" type="nursery" />
<cycle-start id="1989" type="scavenge" contextid="0" timestamp="2019-06-15T03:58:15.761" intervalms="3.375" />
<gc-start id="1990" type="scavenge" contextid="1989" timestamp="2019-06-15T03:58:15.761">
  <mem-info id="1991" free="2057622232" total="2092630016" percent="98">
    <mem type="nursery" free="0" total="2228224" percent="0">
      <mem type="allocate" free="0" total="1441792" percent="0" />
      <mem type="survivor" free="0" total="786432" percent="0" />
    </mem>
    <mem type="tenure" free="2057622232" total="2090401792" percent="98">
      <mem type="soa" free="1953102552" total="1985882112" percent="98" />
      <mem type="loa" free="104519680" total="104519680" percent="100" />
    </mem>
    <remembered-set count="215" />
  </mem-info>
</gc-start>
<allocation-stats totalBytes="980640" >
  <allocated-bytes non-tlh="80" tlh="980560" />
  <largest-consumer threadName="PmdThread 3" threadId="0000000002525400" bytes="552576" />
</allocation-stats>
<gc-op id="1992" type="scavenge" timems="0.537" contextid="1989" timestamp="2019-06-15T03:58:15.761">
  <scavenger-info tenureage="1" tenuremask="7ffe" tiltratio="64" />
  <memory-copied type="nursery" objects="373" bytes="14056" bytesdiscarded="94984" />
  <memory-copied type="tenure" objects="2604" bytes="144992" bytesdiscarded="88" />
  <references type="weak" candidates="58" cleared="58" enqueued="58" />
  <references type="phantom" candidates="1" cleared="1" enqueued="1" />
</gc-op>
<gc-end id="1993" type="scavenge" contextid="1989" durationms="0.704" usertimems="0.000" systemtimems="0.000" timestamp="2019-06-15T03:58:15.762" activeThreads="4">
  <mem-info id="1994" free="2058927552" total="2092630016" percent="98">
    <mem type="nursery" free="1463808" total="2228224" percent="65">
      <mem type="allocate" free="1463808" total="1572864" percent="93" />
      <mem type="survivor" free="0" total="655360" percent="0" />
    </mem>
    <mem type="tenure" free="2057463744" total="2090401792" percent="98">
      <mem type="soa" free="1952944064" total="1985882112" percent="98" />
      <mem type="loa" free="104519680" total="104519680" percent="100" />
    </mem>
    <pending-finalizers system="0" default="0" reference="59" classloader="0" />
    <remembered-set count="226" />
  </mem-info>
</gc-end>
<cycle-end id="1995" type="scavenge" contextid="1989" timestamp="2019-06-15T03:58:15.762" />
  <attribute name="elasticGC enabled" value="1" />
  <attribute name= "numThreadsSpecified" value="4" />
  <attribute name="heapSize specified" value="8519680" />
  <attribute name="Current GC Util" value="56" />
  <attribute name= "Current Time Running" value="2266" />
  <attribute name ="GC Interval" value="200" />
  <attribute name="ProportionalT" value="18.000000" />
  <attribute name="ProportionalI" value="18.000000" />
  <attribute name="ProportionalH" value="18.000000" />
  <attribute name="Current Error" value="36.000000" />
  <attribute name="IntegralT" value="108.000000" />
  <attribute name="IntegralI" value="108.000000" />
  <attribute name="IntegralH" value="108.000000" />
  <attribute name="DerivativeT" value="12.000000" />
  <attribute name="DerivativeI" value="12.000000" />
  <attribute name="DerivativeH" value="12.000000" />
  <attribute name="Loop Time for DT" value="3.000000" />
  <attribute name="Output H" value="8388608"/>
  <attribute name="Output I" value="200"/>
  <attribute name="Output T" value="4"/>
  <attribute name="Target GC Util Change" value ="20.000000" />
  <attribute name="Current GC Util Change" value="56.000000"/>
  <attribute name="GC Util currently" value="56" />
  <attribute name="CPU Util currently" value="1369391891171" />
<allocation-satisfied id="1996" threadId="0000000002525400" bytesRequested="40" />
<af-end id="1997" timestamp="2019-06-15T03:58:15.762" threadId="0000000002525D88" success="true" from="nursery"/>
<exclusive-end id="1998" timestamp="2019-06-15T03:58:15.762" durationms="1.119" />

<exclusive-start id="1999" timestamp="2019-06-15T03:58:15.767" intervalms="6.526">
  <response-info timems="0.027" idlems="0.027" threads="0" lastid="0000000002519C00" lastname="PmdThread 1" />
</exclusive-start>
<af-start id="2000" threadId="000000000251A588" totalBytesRequested="88" timestamp="2019-06-15T03:58:15.767" intervalms="6.552" type="nursery" />
<cycle-start id="2001" type="scavenge" contextid="0" timestamp="2019-06-15T03:58:15.767" intervalms="6.541" />
<gc-start id="2002" type="scavenge" contextid="2001" timestamp="2019-06-15T03:58:15.767">
  <mem-info id="2003" free="2057463272" total="2092630016" percent="98">
    <mem type="nursery" free="0" total="2228224" percent="0">
      <mem type="allocate" free="0" total="1572864" percent="0" />
      <mem type="survivor" free="0" total="655360" percent="0" />
    </mem>
    <mem type="tenure" free="2057463272" total="2090401792" percent="98">
      <mem type="soa" free="1952943592" total="1985882112" percent="98" />
      <mem type="loa" free="104519680" total="104519680" percent="100" />
    </mem>
    <remembered-set count="281" />
  </mem-info>
</gc-start>
<allocation-stats totalBytes="1463584" >
  <allocated-bytes non-tlh="512" tlh="1463072" />
  <largest-consumer threadName="PmdThread 4" threadId="0000000002529000" bytes="632472" />
</allocation-stats>
<gc-op id="2004" type="scavenge" timems="2.432" contextid="2001" timestamp="2019-06-15T03:58:15.770">
  <scavenger-info tenureage="2" tenuremask="7ffc" tiltratio="70" />
  <memory-copied type="nursery" objects="9975" bytes="450448" bytesdiscarded="82656" />
  <references type="weak" candidates="12" cleared="12" enqueued="12" />
  <references type="phantom" candidates="3" cleared="2" enqueued="2" />
</gc-op>
<gc-end id="2005" type="scavenge" contextid="2001" durationms="2.636" usertimems="0.000" systemtimems="4.000" timestamp="2019-06-15T03:58:15.770" activeThreads="4">
  <mem-info id="2006" free="2058240712" total="2092630016" percent="98">
    <mem type="nursery" free="777440" total="2228224" percent="34">
      <mem type="allocate" free="777440" total="1310720" percent="59" />
      <mem type="survivor" free="0" total="917504" percent="0" />
    </mem>
    <mem type="tenure" free="2057463272" total="2090401792" percent="98">
      <mem type="soa" free="1952943592" total="1985882112" percent="98" />
      <mem type="loa" free="104519680" total="104519680" percent="100" />
    </mem>
    <pending-finalizers system="0" default="0" reference="14" classloader="0" />
    <remembered-set count="255" />
  </mem-info>
</gc-end>
<cycle-end id="2007" type="scavenge" contextid="2001" timestamp="2019-06-15T03:58:15.770" />
  <attribute name="elasticGC enabled" value="1" />
  <attribute name= "numThreadsSpecified" value="4" />
  <attribute name="heapSize specified" value="8519680" />
  <attribute name="Current GC Util" value="14" />
  <attribute name= "Current Time Running" value="2273" />
  <attribute name ="GC Interval" value="200" />
  <attribute name="ProportionalT" value="-3.000000" />
  <attribute name="ProportionalI" value="-3.000000" />
  <attribute name="ProportionalH" value="-3.000000" />
  <attribute name="Current Error" value="-6.000000" />
  <attribute name="IntegralT" value="-42.000000" />
  <attribute name="IntegralI" value="-42.000000" />
  <attribute name="IntegralH" value="-42.000000" />
  <attribute name="DerivativeT" value="-9.000000" />
  <attribute name="DerivativeI" value="-9.000000" />
  <attribute name="DerivativeH" value="-9.000000" />
  <attribute name="Loop Time for DT" value="7.000000" />
  <attribute name="Output H" value="2092630016"/>
  <attribute name="Output I" value="200"/>
  <attribute name="Output T" value="4"/>
  <attribute name="Target GC Util Change" value ="20.000000" />
  <attribute name="Current GC Util Change" value="14.000000"/>
  <attribute name="GC Util currently" value="14" />
  <attribute name="CPU Util currently" value="699820997639" />
<allocation-satisfied id="2008" threadId="0000000002519C00" bytesRequested="88" />
<af-end id="2009" timestamp="2019-06-15T03:58:15.770" threadId="000000000251A588" success="true" from="nursery"/>
<exclusive-end id="2010" timestamp="2019-06-15T03:58:15.770" durationms="3.108" />

<exclusive-start id="2011" timestamp="2019-06-15T03:58:15.774" intervalms="6.562">
  <response-info timems="0.035" idlems="0.035" threads="0" lastid="0000000002519C00" lastname="PmdThread 1" />
</exclusive-start>
<af-start id="2012" threadId="000000000251A588" totalBytesRequested="8200" timestamp="2019-06-15T03:58:15.774" intervalms="6.558" type="nursery" />
<cycle-start id="2013" type="scavenge" contextid="0" timestamp="2019-06-15T03:58:15.774" intervalms="6.556" />
<gc-start id="2014" type="scavenge" contextid="2013" timestamp="2019-06-15T03:58:15.774">
  <mem-info id="2015" free="2057463272" total="2092630016" percent="98">
    <mem type="nursery" free="0" total="2228224" percent="0">
      <mem type="allocate" free="0" total="1310720" percent="0" />
      <mem type="survivor" free="0" total="917504" percent="0" />
    </mem>
    <mem type="tenure" free="2057463272" total="2090401792" percent="98">
      <mem type="soa" free="1952943592" total="1985882112" percent="98" />
      <mem type="loa" free="104519680" total="104519680" percent="100" />
    </mem>
    <remembered-set count="262" />
  </mem-info>
</gc-start>
<allocation-stats totalBytes="774024" >
  <allocated-bytes non-tlh="24680" tlh="749344" />
  <largest-consumer threadName="PmdThread 2" threadId="000000000251D800" bytes="409432" />
</allocation-stats>
<gc-op id="2016" type="scavenge" timems="3.115" contextid="2013" timestamp="2019-06-15T03:58:15.777">
  <scavenger-info tenureage="1" tenuremask="7ffe" tiltratio="58" />
  <memory-copied type="nursery" objects="8677" bytes="345992" bytesdiscarded="39296" />
  <memory-copied type="tenure" objects="9881" bytes="446264" bytesdiscarded="680" />
  <references type="phantom" candidates="1" cleared="0" enqueued="0" />
</gc-op>
<gc-end id="2017" type="scavenge" contextid="2013" durationms="3.312" usertimems="8.000" systemtimems="0.000" timestamp="2019-06-15T03:58:15.777" activeThreads="4">
  <mem-info id="2018" free="2058021808" total="2092630016" percent="98">
    <mem type="nursery" free="990952" total="2228224" percent="44">
      <mem type="allocate" free="990952" total="1376256" percent="72" />
      <mem type="survivor" free="0" total="851968" percent="0" />
    </mem>
    <mem type="tenure" free="2057030856" total="2090401792" percent="98">
      <mem type="soa" free="1952511176" total="1985882112" percent="98" />
      <mem type="loa" free="104519680" total="104519680" percent="100" />
    </mem>
    <remembered-set count="169" />
  </mem-info>
</gc-end>
<cycle-end id="2019" type="scavenge" contextid="2013" timestamp="2019-06-15T03:58:15.777" />
  <attribute name="elasticGC enabled" value="1" />
  <attribute name= "numThreadsSpecified" value="4" />
  <attribute name="heapSize specified" value="8519680" />
  <attribute name="Current GC Util" value="49" />
  <attribute name= "Current Time Running" value="2279" />
  <attribute name ="GC Interval" value="200" />
  <attribute name="ProportionalT" value="14.500000" />
  <attribute name="ProportionalI" value="14.500000" />
  <attribute name="ProportionalH" value="14.500000" />
  <attribute name="Current Error" value="29.000000" />
  <attribute name="IntegralT" value="174.000000" />
  <attribute name="IntegralI" value="174.000000" />
  <attribute name="IntegralH" value="174.000000" />
  <attribute name="DerivativeT" value="7.250000" />
  <attribute name="DerivativeI" value="7.250000" />
  <attribute name="DerivativeH" value="7.250000" />
  <attribute name="Loop Time for DT" value="6.000000" />
  <attribute name="Output H" value="8388608"/>
  <attribute name="Output I" value="200"/>
  <attribute name="Output T" value="4"/>
  <attribute name="Target GC Util Change" value ="20.000000" />
  <attribute name="Current GC Util Change" value="49.000000"/>
  <attribute name="GC Util currently" value="49" />
  <attribute name="CPU Util currently" value="705811789899" />
<allocation-satisfied id="2020" threadId="0000000002519C00" bytesRequested="8200" />
<af-end id="2021" timestamp="2019-06-15T03:58:15.777" threadId="000000000251A588" success="true" from="nursery"/>
<exclusive-end id="2022" timestamp="2019-06-15T03:58:15.778" durationms="3.789" />

<exclusive-start id="2023" timestamp="2019-06-15T03:58:15.780" intervalms="6.738">
  <response-info timems="0.063" idlems="0.063" threads="0" lastid="000000000251D800" lastname="PmdThread 2" />
</exclusive-start>
<af-start id="2024" threadId="000000000251E188" totalBytesRequested="64" timestamp="2019-06-15T03:58:15.781" intervalms="6.740" type="nursery" />
<cycle-start id="2025" type="scavenge" contextid="0" timestamp="2019-06-15T03:58:15.781" intervalms="6.743" />
<gc-start id="2026" type="scavenge" contextid="2025" timestamp="2019-06-15T03:58:15.781">
  <mem-info id="2027" free="2057030856" total="2092630016" percent="98">
    <mem type="nursery" free="0" total="2228224" percent="0">
      <mem type="allocate" free="0" total="1376256" percent="0" />
      <mem type="survivor" free="0" total="851968" percent="0" />
    </mem>
    <mem type="tenure" free="2057030856" total="2090401792" percent="98">
      <mem type="soa" free="1952511176" total="1985882112" percent="98" />
      <mem type="loa" free="104519680" total="104519680" percent="100" />
    </mem>
    <remembered-set count="171" />
  </mem-info>
</gc-start>
<allocation-stats totalBytes="985296" >
  <allocated-bytes non-tlh="40984" tlh="944312" />
  <largest-consumer threadName="PmdThread 2" threadId="000000000251D800" bytes="798144" />
</allocation-stats>
<gc-op id="2028" type="scavenge" timems="1.853" contextid="2025" timestamp="2019-06-15T03:58:15.783">
  <scavenger-info tenureage="1" tenuremask="7ffe" tiltratio="61" />
  <memory-copied type="nursery" objects="14153" bytes="512432" bytesdiscarded="97328" />
  <memory-copied type="tenure" objects="8647" bytes="345256" bytesdiscarded="448" />
  <references type="weak" candidates="1" cleared="0" enqueued="0" />
  <references type="phantom" candidates="1" cleared="0" enqueued="0" />
</gc-op>
<gc-end id="2029" type="scavenge" contextid="2025" durationms="2.064" usertimems="4.000" systemtimems="0.000" timestamp="2019-06-15T03:58:15.783" activeThreads="4">
  <mem-info id="2030" free="2057547696" total="2092630016" percent="98">
    <mem type="nursery" free="832000" total="2228224" percent="37">
      <mem type="allocate" free="832000" total="1441792" percent="57" />
      <mem type="survivor" free="0" total="786432" percent="0" />
    </mem>
    <mem type="tenure" free="2056715696" total="2090401792" percent="98">
      <mem type="soa" free="1952196016" total="1985882112" percent="98" />
      <mem type="loa" free="104519680" total="104519680" percent="100" />
    </mem>
    <remembered-set count="231" />
  </mem-info>
</gc-end>
<cycle-end id="2031" type="scavenge" contextid="2025" timestamp="2019-06-15T03:58:15.783" />
  <attribute name="elasticGC enabled" value="1" />
  <attribute name= "numThreadsSpecified" value="4" />
  <attribute name="heapSize specified" value="8519680" />
  <attribute name="Current GC Util" value="65" />
  <attribute name= "Current Time Running" value="2286" />
  <attribute name ="GC Interval" value="344" />
  <attribute name="ProportionalT" value="22.500000" />
  <attribute name="ProportionalI" value="22.500000" />
  <attribute name="ProportionalH" value="22.500000" />
  <attribute name="Current Error" value="45.000000" />
  <attribute name="IntegralT" value="315.000000" />
  <attribute name="IntegralI" value="315.000000" />
  <attribute name="IntegralH" value="315.000000" />
  <attribute name="DerivativeT" value="3.428571" />
  <attribute name="DerivativeI" value="3.428571" />
  <attribute name="DerivativeH" value="3.428571" />
  <attribute name="Loop Time for DT" value="7.000000" />
  <attribute name="Output H" value="8388608"/>
  <attribute name="Output I" value="344"/>
  <attribute name="Output T" value="4"/>
  <attribute name="Target GC Util Change" value ="20.000000" />
  <attribute name="Current GC Util Change" value="65.000000"/>
  <attribute name="GC Util currently" value="65" />
  <attribute name="CPU Util currently" value="682909833530" />
<allocation-satisfied id="2032" threadId="000000000251D800" bytesRequested="64" />
<af-end id="2033" timestamp="2019-06-15T03:58:15.783" threadId="000000000251E188" success="true" from="nursery"/>
<exclusive-end id="2034" timestamp="2019-06-15T03:58:15.783" durationms="2.536" />

<exclusive-start id="2035" timestamp="2019-06-15T03:58:15.788" intervalms="7.128">
  <response-info timems="0.229" idlems="0.121" threads="3" lastid="0000000002214B00" lastname="JIT Compilation Thread-2" />
</exclusive-start>
<af-start id="2036" threadId="0000000002529988" totalBytesRequested="64" timestamp="2019-06-15T03:58:15.788" intervalms="7.130" type="nursery" />
<cycle-start id="2037" type="scavenge" contextid="0" timestamp="2019-06-15T03:58:15.788" intervalms="7.132" />
<gc-start id="2038" type="scavenge" contextid="2037" timestamp="2019-06-15T03:58:15.788">
  <mem-info id="2039" free="2056714672" total="2092630016" percent="98">
    <mem type="nursery" free="0" total="2228224" percent="0">
      <mem type="allocate" free="0" total="1441792" percent="0" />
      <mem type="survivor" free="0" total="786432" percent="0" />
    </mem>
    <mem type="tenure" free="2056714672" total="2090401792" percent="98">
      <mem type="soa" free="1952194992" total="1985882112" percent="98" />
      <mem type="loa" free="104519680" total="104519680" percent="100" />
    </mem>
    <remembered-set count="303" />
  </mem-info>
</gc-start>
<allocation-stats totalBytes="832584" >
  <allocated-bytes non-tlh="1088" tlh="831496" />
  <largest-consumer threadName="PmdThread 4" threadId="0000000002529000" bytes="532656" />
</allocation-stats>
<gc-op id="2040" type="scavenge" timems="2.073" contextid="2037" timestamp="2019-06-15T03:58:15.790">
  <scavenger-info tenureage="1" tenuremask="7ffe" tiltratio="64" />
  <memory-copied type="nursery" objects="14165" bytes="437888" bytesdiscarded="171896" />
  <memory-copied type="tenure" objects="14073" bytes="506824" bytesdiscarded="136" />
  <references type="weak" candidates="14" cleared="13" enqueued="13" />
  <references type="phantom" candidates="2" cleared="2" enqueued="2" />
</gc-op>
<gc-end id="2041" type="scavenge" contextid="2037" durationms="2.283" usertimems="0.000" systemtimems="0.000" timestamp="2019-06-15T03:58:15.790" activeThreads="4">
  <mem-info id="2042" free="2057086880" total="2092630016" percent="98">
    <mem type="nursery" free="897536" total="2228224" percent="40">
      <mem type="allocate" free="897536" total="1507328" percent="59" />
      <mem type="survivor" free="0" total="720896" percent="0" />
    </mem>
    <mem type="tenure" free="2056189344" total="2090401792" percent="98">
      <mem type="soa" free="1951669664" total="1985882112" percent="98" />
      <mem type="loa" free="104519680" total="104519680" percent="100" />
    </mem>
    <pending-finalizers system="0" default="0" reference="15" classloader="0" />
    <remembered-set count="334" />
  </mem-info>
</gc-end>
<cycle-end id="2043" type="scavenge" contextid="2037" timestamp="2019-06-15T03:58:15.790" />
  <attribute name="elasticGC enabled" value="1" />
  <attribute name= "numThreadsSpecified" value="4" />
  <attribute name="heapSize specified" value="8519680" />
  <attribute name="Current GC Util" value="33" />
  <attribute name= "Current Time Running" value="2293" />
  <attribute name ="GC Interval" value="200" />
  <attribute name="ProportionalT" value="6.500000" />
  <attribute name="ProportionalI" value="6.500000" />
  <attribute name="ProportionalH" value="6.500000" />
  <attribute name="Current Error" value="13.000000" />
  <attribute name="IntegralT" value="91.000000" />
  <attribute name="IntegralI" value="91.000000" />
  <attribute name="IntegralH" value="91.000000" />
  <attribute name="DerivativeT" value="-6.857143" />
  <attribute name="DerivativeI" value="-6.857143" />
  <attribute name="DerivativeH" value="-6.857143" />
  <attribute name="Loop Time for DT" value="7.000000" />
  <attribute name="Output H" value="8388608"/>
  <attribute name="Output I" value="200"/>
  <attribute name="Output T" value="4"/>
  <attribute name="Target GC Util Change" value ="20.000000" />
  <attribute name="Current GC Util Change" value="33.000000"/>
  <attribute name="GC Util currently" value="33" />
  <attribute name="CPU Util currently" value="646256537880" />
<allocation-satisfied id="2044" threadId="0000000002529000" bytesRequested="64" />
<af-end id="2045" timestamp="2019-06-15T03:58:15.790" threadId="0000000002529988" success="true" from="nursery"/>
<exclusive-end id="2046" timestamp="2019-06-15T03:58:15.790" durationms="2.759" />

<exclusive-start id="2047" timestamp="2019-06-15T03:58:15.796" intervalms="7.926">
  <response-info timems="0.222" idlems="0.113" threads="1" lastid="0000000002529000" lastname="PmdThread 4" />
</exclusive-start>
<af-start id="2048" threadId="000000000251E188" totalBytesRequested="56" timestamp="2019-06-15T03:58:15.796" intervalms="7.924" type="nursery" />
<cycle-start id="2049" type="scavenge" contextid="0" timestamp="2019-06-15T03:58:15.796" intervalms="7.915" />
<gc-start id="2050" type="scavenge" contextid="2049" timestamp="2019-06-15T03:58:15.796">
  <mem-info id="2051" free="2056189080" total="2092630016" percent="98">
    <mem type="nursery" free="0" total="2228224" percent="0">
      <mem type="allocate" free="0" total="1507328" percent="0" />
      <mem type="survivor" free="0" total="720896" percent="0" />
    </mem>
    <mem type="tenure" free="2056189080" total="2090401792" percent="98">
      <mem type="soa" free="1951669400" total="1985882112" percent="98" />
      <mem type="loa" free="104519680" total="104519680" percent="100" />
    </mem>
    <remembered-set count="340" />
  </mem-info>
</gc-start>
<allocation-stats totalBytes="897448" >
  <allocated-bytes non-tlh="328" tlh="897120" />
  <largest-consumer threadName="PmdThread 2" threadId="000000000251D800" bytes="876640" />
</allocation-stats>
<gc-op id="2052" type="scavenge" timems="1.974" contextid="2049" timestamp="2019-06-15T03:58:15.798">
  <scavenger-info tenureage="1" tenuremask="7ffe" tiltratio="67" />
  <memory-copied type="nursery" objects="14867" bytes="471296" bytesdiscarded="138496" />
  <memory-copied type="tenure" objects="14121" bytes="434168" bytesdiscarded="136" />
</gc-op>
<gc-end id="2053" type="scavenge" contextid="2049" durationms="2.154" usertimems="0.000" systemtimems="4.000" timestamp="2019-06-15T03:58:15.798" activeThreads="4">
  <mem-info id="2054" free="2056655768" total="2092630016" percent="98">
    <mem type="nursery" free="897536" total="2228224" percent="40">
      <mem type="allocate" free="897536" total="1507328" percent="59" />
      <mem type="survivor" free="0" total="720896" percent="0" />
    </mem>
    <mem type="tenure" free="2055758232" total="2090401792" percent="98">
      <mem type="soa" free="1951238552" total="1985882112" percent="98" />
      <mem type="loa" free="104519680" total="104519680" percent="100" />
    </mem>
    <remembered-set count="244" />
  </mem-info>
</gc-end>
<cycle-end id="2055" type="scavenge" contextid="2049" timestamp="2019-06-15T03:58:15.798" />
  <attribute name="elasticGC enabled" value="1" />
  <attribute name= "numThreadsSpecified" value="4" />
  <attribute name="heapSize specified" value="8519680" />
  <attribute name="Current GC Util" value="32" />
  <attribute name= "Current Time Running" value="2301" />
  <attribute name ="GC Interval" value="200" />
  <attribute name="ProportionalT" value="6.000000" />
  <attribute name="ProportionalI" value="6.000000" />
  <attribute name="ProportionalH" value="6.000000" />
  <attribute name="Current Error" value="12.000000" />
  <attribute name="IntegralT" value="96.000000" />
  <attribute name="IntegralI" value="96.000000" />
  <attribute name="IntegralH" value="96.000000" />
  <attribute name="DerivativeT" value="-0.187500" />
  <attribute name="DerivativeI" value="-0.187500" />
  <attribute name="DerivativeH" value="-0.187500" />
  <attribute name="Loop Time for DT" value="8.000000" />
  <attribute name="Output H" value="8388608"/>
  <attribute name="Output I" value="200"/>
  <attribute name="Output T" value="4"/>
  <attribute name="Target GC Util Change" value ="20.000000" />
  <attribute name="Current GC Util Change" value="32.000000"/>
  <attribute name="GC Util currently" value="32" />
  <attribute name="CPU Util currently" value="584818316489" />
<allocation-satisfied id="2056" threadId="000000000251D800" bytesRequested="56" />
<af-end id="2057" timestamp="2019-06-15T03:58:15.798" threadId="000000000251E188" success="true" from="nursery"/>
<exclusive-end id="2058" timestamp="2019-06-15T03:58:15.798" durationms="2.592" />

<exclusive-start id="2059" timestamp="2019-06-15T03:58:15.802" intervalms="6.853">
  <response-info timems="0.091" idlems="0.091" threads="0" lastid="0000000002529000" lastname="PmdThread 4" />
</exclusive-start>
<af-start id="2060" threadId="0000000002529988" totalBytesRequested="16" timestamp="2019-06-15T03:58:15.802" intervalms="6.838" type="nursery" />
<cycle-start id="2061" type="scavenge" contextid="0" timestamp="2019-06-15T03:58:15.803" intervalms="6.842" />
<gc-start id="2062" type="scavenge" contextid="2061" timestamp="2019-06-15T03:58:15.803">
  <mem-info id="2063" free="2055758160" total="2092630016" percent="98">
    <mem type="nursery" free="0" total="2228224" percent="0">
      <mem type="allocate" free="0" total="1507328" percent="0" />
      <mem type="survivor" free="0" total="720896" percent="0" />
    </mem>
    <mem type="tenure" free="2055758160" total="2090401792" percent="98">
      <mem type="soa" free="1951238480" total="1985882112" percent="98" />
      <mem type="loa" free="104519680" total="104519680" percent="100" />
    </mem>
    <remembered-set count="287" />
  </mem-info>
</gc-start>
<allocation-stats totalBytes="897280" >
  <allocated-bytes non-tlh="128" tlh="897152" />
  <largest-consumer threadName="PmdThread 4" threadId="0000000002529000" bytes="884864" />
</allocation-stats>
<gc-op id="2064" type="scavenge" timems="2.255" contextid="2061" timestamp="2019-06-15T03:58:15.805">
  <scavenger-info tenureage="1" tenuremask="7ffe" tiltratio="67" />
  <memory-copied type="nursery" objects="18746" bytes="585320" bytesdiscarded="135576" />
  <memory-copied type="tenure" objects="15529" bytes="487864" bytesdiscarded="232" />
  <copy-failed type="nursery" objects="662" bytes="16568" />
</gc-op>
<gc-end id="2065" type="scavenge" contextid="2061" durationms="2.434" usertimems="0.000" systemtimems="0.000" timestamp="2019-06-15T03:58:15.805" activeThreads="4">
  <mem-info id="2066" free="2055943504" total="2092630016" percent="98">
    <mem type="nursery" free="655360" total="2228224" percent="29">
      <mem type="allocate" free="655360" total="1376256" percent="47" />
      <mem type="survivor" free="0" total="851968" percent="0" />
    </mem>
    <mem type="tenure" free="2055288144" total="2090401792" percent="98">
      <mem type="soa" free="1950768464" total="1985882112" percent="98" />
      <mem type="loa" free="104519680" total="104519680" percent="100" />
    </mem>
    <remembered-set count="257" />
  </mem-info>
</gc-end>
<cycle-end id="2067" type="scavenge" contextid="2061" timestamp="2019-06-15T03:58:15.805" />
  <attribute name="elasticGC enabled" value="1" />
  <attribute name= "numThreadsSpecified" value="4" />
  <attribute name="heapSize specified" value="8519680" />
  <attribute name="Current GC Util" value="35" />
  <attribute name= "Current Time Running" value="2308" />
  <attribute name ="GC Interval" value="200" />
  <attribute name="ProportionalT" value="7.500000" />
  <attribute name="ProportionalI" value="7.500000" />
  <attribute name="ProportionalH" value="7.500000" />
  <attribute name="Current Error" value="15.000000" />
  <attribute name="IntegralT" value="105.000000" />
  <attribute name="IntegralI" value="105.000000" />
  <attribute name="IntegralH" value="105.000000" />
  <attribute name="DerivativeT" value="0.642857" />
  <attribute name="DerivativeI" value="0.642857" />
  <attribute name="DerivativeH" value="0.642857" />
  <attribute name="Loop Time for DT" value="7.000000" />
  <attribute name="Output H" value="8388608"/>
  <attribute name="Output I" value="200"/>
  <attribute name="Output T" value="4"/>
  <attribute name="Target GC Util Change" value ="20.000000" />
  <attribute name="Current GC Util Change" value="35.000000"/>
  <attribute name="GC Util currently" value="35" />
  <attribute name="CPU Util currently" value="673835743536" />
<allocation-satisfied id="2068" threadId="0000000002529000" bytesRequested="16" />
<af-end id="2069" timestamp="2019-06-15T03:58:15.805" threadId="0000000002529988" success="true" from="nursery"/>
<exclusive-end id="2070" timestamp="2019-06-15T03:58:15.805" durationms="2.870" />

<exclusive-start id="2071" timestamp="2019-06-15T03:58:15.809" intervalms="6.111">
  <response-info timems="0.209" idlems="0.188" threads="1" lastid="000000000251D800" lastname="PmdThread 2" />
</exclusive-start>
<af-start id="2072" threadId="0000000002525D88" totalBytesRequested="24" timestamp="2019-06-15T03:58:15.809" intervalms="6.108" type="nursery" />
<cycle-start id="2073" type="scavenge" contextid="0" timestamp="2019-06-15T03:58:15.809" intervalms="6.101" />
<gc-start id="2074" type="scavenge" contextid="2073" timestamp="2019-06-15T03:58:15.809">
  <mem-info id="2075" free="2055287376" total="2092630016" percent="98">
    <mem type="nursery" free="0" total="2228224" percent="0">
      <mem type="allocate" free="0" total="1376256" percent="0" />
      <mem type="survivor" free="0" total="851968" percent="0" />
    </mem>
    <mem type="tenure" free="2055287376" total="2090401792" percent="98">
      <mem type="soa" free="1950767696" total="1985882112" percent="98" />
      <mem type="loa" free="104519680" total="104519680" percent="100" />
    </mem>
    <remembered-set count="328" />
  </mem-info>
</gc-start>
<allocation-stats totalBytes="649160" >
  <allocated-bytes non-tlh="33568" tlh="615592" />
  <largest-consumer threadName="PmdThread 4" threadId="0000000002529000" bytes="430056" />
</allocation-stats>
<gc-op id="2076" type="scavenge" timems="2.014" contextid="2073" timestamp="2019-06-15T03:58:15.811">
  <scavenger-info tenureage="1" tenuremask="7ffe" tiltratio="61" />
  <memory-copied type="nursery" objects="9757" bytes="363760" bytesdiscarded="89352" />
  <memory-copied type="tenure" objects="18715" bytes="583568" bytesdiscarded="136" />
  <references type="weak" candidates="20" cleared="20" enqueued="20" />
  <references type="phantom" candidates="1" cleared="0" enqueued="0" />
</gc-op>
<gc-end id="2077" type="scavenge" contextid="2073" durationms="2.187" usertimems="0.000" systemtimems="0.000" timestamp="2019-06-15T03:58:15.811" activeThreads="4">
  <mem-info id="2078" free="2055688528" total="2092630016" percent="98">
    <mem type="nursery" free="988672" total="2228224" percent="44">
      <mem type="allocate" free="988672" total="1441792" percent="68" />
      <mem type="survivor" free="0" total="786432" percent="0" />
    </mem>
    <mem type="tenure" free="2054699856" total="2090401792" percent="98">
      <mem type="soa" free="1950180176" total="1985882112" percent="98" />
      <mem type="loa" free="104519680" total="104519680" percent="100" />
    </mem>
    <pending-finalizers system="0" default="0" reference="20" classloader="0" />
    <remembered-set count="233" />
  </mem-info>
</gc-end>
<cycle-end id="2079" type="scavenge" contextid="2073" timestamp="2019-06-15T03:58:15.811" />
  <attribute name="elasticGC enabled" value="1" />
  <attribute name= "numThreadsSpecified" value="4" />
  <attribute name="heapSize specified" value="8519680" />
  <attribute name="Current GC Util" value="43" />
  <attribute name= "Current Time Running" value="2314" />
  <attribute name ="GC Interval" value="200" />
  <attribute name="ProportionalT" value="11.500000" />
  <attribute name="ProportionalI" value="11.500000" />
  <attribute name="ProportionalH" value="11.500000" />
  <attribute name="Current Error" value="23.000000" />
  <attribute name="IntegralT" value="138.000000" />
  <attribute name="IntegralI" value="138.000000" />
  <attribute name="IntegralH" value="138.000000" />
  <attribute name="DerivativeT" value="2.000000" />
  <attribute name="DerivativeI" value="2.000000" />
  <attribute name="DerivativeH" value="2.000000" />
  <attribute name="Loop Time for DT" value="6.000000" />
  <attribute name="Output H" value="8388608"/>
  <attribute name="Output I" value="200"/>
  <attribute name="Output T" value="4"/>
  <attribute name="Target GC Util Change" value ="20.000000" />
  <attribute name="Current GC Util Change" value="43.000000"/>
  <attribute name="GC Util currently" value="43" />
  <attribute name="CPU Util currently" value="757511986508" />
<allocation-satisfied id="2080" threadId="0000000002525400" bytesRequested="24" />
<af-end id="2081" timestamp="2019-06-15T03:58:15.811" threadId="0000000002525D88" success="true" from="nursery"/>
<exclusive-end id="2082" timestamp="2019-06-15T03:58:15.811" durationms="2.594" />

<exclusive-start id="2083" timestamp="2019-06-15T03:58:15.813" intervalms="4.252">
  <response-info timems="0.045" idlems="0.029" threads="1" lastid="0000000002525400" lastname="PmdThread 3" />
</exclusive-start>
<af-start id="2084" threadId="0000000002529988" totalBytesRequested="24" timestamp="2019-06-15T03:58:15.813" intervalms="4.267" type="nursery" />
<cycle-start id="2085" type="scavenge" contextid="0" timestamp="2019-06-15T03:58:15.813" intervalms="4.273" />
<gc-start id="2086" type="scavenge" contextid="2085" timestamp="2019-06-15T03:58:15.813">
  <mem-info id="2087" free="2054699768" total="2092630016" percent="98">
    <mem type="nursery" free="0" total="2228224" percent="0">
      <mem type="allocate" free="0" total="1441792" percent="0" />
      <mem type="survivor" free="0" total="786432" percent="0" />
    </mem>
    <mem type="tenure" free="2054699768" total="2090401792" percent="98">
      <mem type="soa" free="1950180088" total="1985882112" percent="98" />
      <mem type="loa" free="104519680" total="104519680" percent="100" />
    </mem>
    <remembered-set count="711" />
  </mem-info>
</gc-start>
<allocation-stats totalBytes="960864" >
  <allocated-bytes non-tlh="112" tlh="960752" />
  <largest-consumer threadName="PmdThread 2" threadId="000000000251D800" bytes="554248" />
</allocation-stats>
<gc-op id="2088" type="scavenge" timems="1.327" contextid="2085" timestamp="2019-06-15T03:58:15.814">
  <scavenger-info tenureage="1" tenuremask="7ffe" tiltratio="64" />
  <memory-copied type="nursery" objects="10972" bytes="406928" bytesdiscarded="135248" />
  <memory-copied type="tenure" objects="9687" bytes="360904" bytesdiscarded="792" />
</gc-op>
<gc-end id="2089" type="scavenge" contextid="2085" durationms="1.523" usertimems="0.000" systemtimems="0.000" timestamp="2019-06-15T03:58:15.814" activeThreads="4">
  <mem-info id="2090" free="2055175920" total="2092630016" percent="98">
    <mem type="nursery" free="965120" total="2228224" percent="43">
      <mem type="allocate" free="965120" total="1507328" percent="64" />
      <mem type="survivor" free="0" total="720896" percent="0" />
    </mem>
    <mem type="tenure" free="2054210800" total="2090401792" percent="98">
      <mem type="soa" free="1949691120" total="1985882112" percent="98" />
      <mem type="loa" free="104519680" total="104519680" percent="100" />
    </mem>
    <remembered-set count="775" />
  </mem-info>
</gc-end>
<cycle-end id="2091" type="scavenge" contextid="2085" timestamp="2019-06-15T03:58:15.815" />
  <attribute name="elasticGC enabled" value="1" />
  <attribute name= "numThreadsSpecified" value="4" />
  <attribute name="heapSize specified" value="8519680" />
  <attribute name="Current GC Util" value="54" />
  <attribute name= "Current Time Running" value="2318" />
  <attribute name ="GC Interval" value="200" />
  <attribute name="ProportionalT" value="17.000000" />
  <attribute name="ProportionalI" value="17.000000" />
  <attribute name="ProportionalH" value="17.000000" />
  <attribute name="Current Error" value="34.000000" />
  <attribute name="IntegralT" value="136.000000" />
  <attribute name="IntegralI" value="136.000000" />
  <attribute name="IntegralH" value="136.000000" />
  <attribute name="DerivativeT" value="4.125000" />
  <attribute name="DerivativeI" value="4.125000" />
  <attribute name="DerivativeH" value="4.125000" />
  <attribute name="Loop Time for DT" value="4.000000" />
  <attribute name="Output H" value="8388608"/>
  <attribute name="Output I" value="200"/>
  <attribute name="Output T" value="4"/>
  <attribute name="Target GC Util Change" value ="20.000000" />
  <attribute name="Current GC Util Change" value="54.000000"/>
  <attribute name="GC Util currently" value="54" />
  <attribute name="CPU Util currently" value="1072924518287" />
<allocation-satisfied id="2092" threadId="0000000002529000" bytesRequested="24" />
<af-end id="2093" timestamp="2019-06-15T03:58:15.815" threadId="0000000002529988" success="true" from="nursery"/>
<exclusive-end id="2094" timestamp="2019-06-15T03:58:15.815" durationms="1.975" />

<exclusive-start id="2095" timestamp="2019-06-15T03:58:15.817" intervalms="3.898">
  <response-info timems="0.027" idlems="0.027" threads="0" lastid="000000000251D800" lastname="PmdThread 2" />
</exclusive-start>
<af-start id="2096" threadId="000000000251E188" totalBytesRequested="16" timestamp="2019-06-15T03:58:15.817" intervalms="3.895" type="nursery" />
<cycle-start id="2097" type="scavenge" contextid="0" timestamp="2019-06-15T03:58:15.817" intervalms="3.897" />
<gc-start id="2098" type="scavenge" contextid="2097" timestamp="2019-06-15T03:58:15.817">
  <mem-info id="2099" free="2054210312" total="2092630016" percent="98">
    <mem type="nursery" free="0" total="2228224" percent="0">
      <mem type="allocate" free="0" total="1507328" percent="0" />
      <mem type="survivor" free="0" total="720896" percent="0" />
    </mem>
    <mem type="tenure" free="2054210312" total="2090401792" percent="98">
      <mem type="soa" free="1949690632" total="1985882112" percent="98" />
      <mem type="loa" free="104519680" total="104519680" percent="100" />
    </mem>
    <remembered-set count="863" />
  </mem-info>
</gc-start>
<allocation-stats totalBytes="948728" >
  <allocated-bytes non-tlh="512" tlh="948216" />
  <largest-consumer threadName="PmdThread 2" threadId="000000000251D800" bytes="485736" />
</allocation-stats>
<gc-op id="2100" type="scavenge" timems="3.114" contextid="2097" timestamp="2019-06-15T03:58:15.820">
  <scavenger-info tenureage="1" tenuremask="7ffe" tiltratio="67" />
  <memory-copied type="nursery" objects="10418" bytes="401800" bytesdiscarded="90216" />
  <memory-copied type="tenure" objects="10902" bytes="402152" bytesdiscarded="96" />
  <references type="weak" candidates="12" cleared="12" enqueued="12" />
  <references type="phantom" candidates="3" cleared="2" enqueued="2" />
</gc-op>
<gc-end id="2101" type="scavenge" contextid="2097" durationms="3.489" usertimems="4.000" systemtimems="0.000" timestamp="2019-06-15T03:58:15.820" activeThreads="4">
  <mem-info id="2102" free="2054883312" total="2092630016" percent="98">
    <mem type="nursery" free="1080824" total="2228224" percent="48">
      <mem type="allocate" free="1080824" total="1572864" percent="68" />
      <mem type="survivor" free="0" total="655360" percent="0" />
    </mem>
    <mem type="tenure" free="2053802488" total="2090401792" percent="98">
      <mem type="soa" free="1949282808" total="1985882112" percent="98" />
      <mem type="loa" free="104519680" total="104519680" percent="100" />
    </mem>
    <pending-finalizers system="0" default="0" reference="14" classloader="0" />
    <remembered-set count="234" />
  </mem-info>
</gc-end>
<cycle-end id="2103" type="scavenge" contextid="2097" timestamp="2019-06-15T03:58:15.820" />
  <attribute name="elasticGC enabled" value="1" />
  <attribute name= "numThreadsSpecified" value="4" />
  <attribute name="heapSize specified" value="8519680" />
  <attribute name="Current GC Util" value="65" />
  <attribute name= "Current Time Running" value="2322" />
  <attribute name ="GC Interval" value="208" />
  <attribute name="ProportionalT" value="22.500000" />
  <attribute name="ProportionalI" value="22.500000" />
  <attribute name="ProportionalH" value="22.500000" />
  <attribute name="Current Error" value="45.000000" />
  <attribute name="IntegralT" value="180.000000" />
  <attribute name="IntegralI" value="180.000000" />
  <attribute name="IntegralH" value="180.000000" />
  <attribute name="DerivativeT" value="4.125000" />
  <attribute name="DerivativeI" value="4.125000" />
  <attribute name="DerivativeH" value="4.125000" />
  <attribute name="Loop Time for DT" value="4.000000" />
  <attribute name="Output H" value="8388608"/>
  <attribute name="Output I" value="208"/>
  <attribute name="Output T" value="4"/>
  <attribute name="Target GC Util Change" value ="20.000000" />
  <attribute name="Current GC Util Change" value="65.000000"/>
  <attribute name="GC Util currently" value="65" />
  <attribute name="CPU Util currently" value="1181677021478" />
<allocation-satisfied id="2104" threadId="000000000251D800" bytesRequested="16" />
<af-end id="2105" timestamp="2019-06-15T03:58:15.821" threadId="000000000251E188" success="true" from="nursery"/>
<exclusive-end id="2106" timestamp="2019-06-15T03:58:15.821" durationms="4.134" />

<exclusive-start id="2107" timestamp="2019-06-15T03:58:15.822" intervalms="5.555">
  <response-info timems="0.092" idlems="0.044" threads="2" lastid="000000000220D300" lastname="JIT Compilation Thread-0" />
</exclusive-start>
<af-start id="2108" threadId="000000000251E188" totalBytesRequested="16" timestamp="2019-06-15T03:58:15.822" intervalms="5.551" type="nursery" />
<cycle-start id="2109" type="scavenge" contextid="0" timestamp="2019-06-15T03:58:15.822" intervalms="5.549" />
<gc-start id="2110" type="scavenge" contextid="2109" timestamp="2019-06-15T03:58:15.822">
  <mem-info id="2111" free="2053802488" total="2092630016" percent="98">
    <mem type="nursery" free="0" total="2228224" percent="0">
      <mem type="allocate" free="0" total="1572864" percent="0" />
      <mem type="survivor" free="0" total="655360" percent="0" />
    </mem>
    <mem type="tenure" free="2053802488" total="2090401792" percent="98">
      <mem type="soa" free="1949282808" total="1985882112" percent="98" />
      <mem type="loa" free="104519680" total="104519680" percent="100" />
    </mem>
    <remembered-set count="303" />
  </mem-info>
</gc-start>
<allocation-stats totalBytes="1080488" >
  <allocated-bytes non-tlh="133056" tlh="947432" />
  <largest-consumer threadName="PmdThread 2" threadId="000000000251D800" bytes="431552" />
</allocation-stats>
<gc-op id="2112" type="scavenge" timems="2.697" contextid="2109" timestamp="2019-06-15T03:58:15.825">
  <scavenger-info tenureage="1" tenuremask="7ffe" tiltratio="70" />
  <memory-copied type="nursery" objects="6939" bytes="326072" bytesdiscarded="103888" />
  <memory-copied type="tenure" objects="10144" bytes="382992" bytesdiscarded="144" />
</gc-op>
<gc-end id="2113" type="scavenge" contextid="2109" durationms="3.067" usertimems="4.000" systemtimems="0.000" timestamp="2019-06-15T03:58:15.825" activeThreads="4">
  <mem-info id="2114" free="2054560064" total="2092630016" percent="98">
    <mem type="nursery" free="1142880" total="2228224" percent="51">
      <mem type="allocate" free="1142880" total="1572864" percent="72" />
      <mem type="survivor" free="0" total="655360" percent="0" />
    </mem>
    <mem type="tenure" free="2053417184" total="2090401792" percent="98">
      <mem type="soa" free="1948897504" total="1985882112" percent="98" />
      <mem type="loa" free="104519680" total="104519680" percent="100" />
    </mem>
    <remembered-set count="228" />
  </mem-info>
</gc-end>
<cycle-end id="2115" type="scavenge" contextid="2109" timestamp="2019-06-15T03:58:15.826" />
  <attribute name="elasticGC enabled" value="1" />
  <attribute name= "numThreadsSpecified" value="4" />
  <attribute name="heapSize specified" value="8519680" />
  <attribute name="Current GC Util" value="75" />
  <attribute name= "Current Time Running" value="2328" />
  <attribute name ="GC Interval" value="360" />
  <attribute name="ProportionalT" value="27.500000" />
  <attribute name="ProportionalI" value="27.500000" />
  <attribute name="ProportionalH" value="27.500000" />
  <attribute name="Current Error" value="55.000000" />
  <attribute name="IntegralT" value="330.000000" />
  <attribute name="IntegralI" value="330.000000" />
  <attribute name="IntegralH" value="330.000000" />
  <attribute name="DerivativeT" value="2.500000" />
  <attribute name="DerivativeI" value="2.500000" />
  <attribute name="DerivativeH" value="2.500000" />
  <attribute name="Loop Time for DT" value="6.000000" />
  <attribute name="Output H" value="8388608"/>
  <attribute name="Output I" value="360"/>
  <attribute name="Output T" value="4"/>
  <attribute name="Target GC Util Change" value ="20.000000" />
  <attribute name="Current GC Util Change" value="75.000000"/>
  <attribute name="GC Util currently" value="75" />
  <attribute name="CPU Util currently" value="831617990840" />
<allocation-satisfied id="2116" threadId="000000000251D800" bytesRequested="16" />
<af-end id="2117" timestamp="2019-06-15T03:58:15.826" threadId="000000000251E188" success="true" from="nursery"/>
<exclusive-end id="2118" timestamp="2019-06-15T03:58:15.826" durationms="3.559" />

<exclusive-start id="2119" timestamp="2019-06-15T03:58:15.828" intervalms="5.554">
  <response-info timems="0.048" idlems="0.048" threads="0" lastid="0000000002529000" lastname="PmdThread 4" />
</exclusive-start>
<af-start id="2120" threadId="0000000002529988" totalBytesRequested="72" timestamp="2019-06-15T03:58:15.828" intervalms="5.637" type="nursery" />
<cycle-start id="2121" type="scavenge" contextid="0" timestamp="2019-06-15T03:58:15.828" intervalms="5.708" />
<gc-start id="2122" type="scavenge" contextid="2121" timestamp="2019-06-15T03:58:15.828">
  <mem-info id="2123" free="2053416576" total="2092630016" percent="98">
    <mem type="nursery" free="0" total="2228224" percent="0">
      <mem type="allocate" free="0" total="1572864" percent="0" />
      <mem type="survivor" free="0" total="655360" percent="0" />
    </mem>
    <mem type="tenure" free="2053416576" total="2090401792" percent="98">
      <mem type="soa" free="1948896896" total="1985882112" percent="98" />
      <mem type="loa" free="104519680" total="104519680" percent="100" />
    </mem>
    <remembered-set count="370" />
  </mem-info>
</gc-start>
<allocation-stats totalBytes="1142552" >
  <allocated-bytes non-tlh="624" tlh="1141928" />
  <largest-consumer threadName="PmdThread 2" threadId="000000000251D800" bytes="761696" />
</allocation-stats>
<gc-op id="2124" type="scavenge" timems="1.325" contextid="2121" timestamp="2019-06-15T03:58:15.830">
  <scavenger-info tenureage="1" tenuremask="7ffe" tiltratio="70" />
  <memory-copied type="nursery" objects="7346" bytes="271928" bytesdiscarded="69056" />
  <memory-copied type="tenure" objects="6848" bytes="280232" bytesdiscarded="48" />
  <references type="weak" candidates="11" cleared="10" enqueued="10" />
  <references type="phantom" candidates="1" cleared="0" enqueued="0" />
</gc-op>
<gc-end id="2125" type="scavenge" contextid="2121" durationms="1.561" usertimems="4.000" systemtimems="0.000" timestamp="2019-06-15T03:58:15.830" activeThreads="4">
  <mem-info id="2126" free="2054504320" total="2092630016" percent="98">
    <mem type="nursery" free="1297408" total="2228224" percent="58">
      <mem type="allocate" free="1297408" total="1638400" percent="79" />
      <mem type="survivor" free="0" total="589824" percent="0" />
    </mem>
    <mem type="tenure" free="2053206912" total="2090401792" percent="98">
      <mem type="soa" free="1948687232" total="1985882112" percent="98" />
      <mem type="loa" free="104519680" total="104519680" percent="100" />
    </mem>
    <pending-finalizers system="0" default="0" reference="10" classloader="0" />
    <remembered-set count="272" />
  </mem-info>
</gc-end>
<cycle-end id="2127" type="scavenge" contextid="2121" timestamp="2019-06-15T03:58:15.830" />
  <attribute name="elasticGC enabled" value="1" />
  <attribute name= "numThreadsSpecified" value="4" />
  <attribute name="heapSize specified" value="8519680" />
  <attribute name="Current GC Util" value="63" />
  <attribute name= "Current Time Running" value="2334" />
  <attribute name ="GC Interval" value="280" />
  <attribute name="ProportionalT" value="21.500000" />
  <attribute name="ProportionalI" value="21.500000" />
  <attribute name="ProportionalH" value="21.500000" />
  <attribute name="Current Error" value="43.000000" />
  <attribute name="IntegralT" value="258.000000" />
  <attribute name="IntegralI" value="258.000000" />
  <attribute name="IntegralH" value="258.000000" />
  <attribute name="DerivativeT" value="-3.000000" />
  <attribute name="DerivativeI" value="-3.000000" />
  <attribute name="DerivativeH" value="-3.000000" />
  <attribute name="Loop Time for DT" value="6.000000" />
  <attribute name="Output H" value="8388608"/>
  <attribute name="Output I" value="280"/>
  <attribute name="Output T" value="4"/>
  <attribute name="Target GC Util Change" value ="20.000000" />
  <attribute name="Current GC Util Change" value="63.000000"/>
  <attribute name="GC Util currently" value="63" />
  <attribute name="CPU Util currently" value="797777489656" />
<allocation-satisfied id="2128" threadId="0000000002529000" bytesRequested="72" />
<af-end id="2129" timestamp="2019-06-15T03:58:15.830" threadId="0000000002529988" success="true" from="nursery"/>
<exclusive-end id="2130" timestamp="2019-06-15T03:58:15.830" durationms="2.180" />

<exclusive-start id="2131" timestamp="2019-06-15T03:58:15.833" intervalms="4.810">
  <response-info timems="0.209" idlems="0.128" threads="1" lastid="0000000002529000" lastname="PmdThread 4" />
</exclusive-start>
<af-start id="2132" threadId="000000000251E188" totalBytesRequested="40" timestamp="2019-06-15T03:58:15.833" intervalms="4.760" type="nursery" />
<cycle-start id="2133" type="scavenge" contextid="0" timestamp="2019-06-15T03:58:15.833" intervalms="4.693" />
<gc-start id="2134" type="scavenge" contextid="2133" timestamp="2019-06-15T03:58:15.833">
  <mem-info id="2135" free="2053206824" total="2092630016" percent="98">
    <mem type="nursery" free="0" total="2228224" percent="0">
      <mem type="allocate" free="0" total="1638400" percent="0" />
      <mem type="survivor" free="0" total="589824" percent="0" />
    </mem>
    <mem type="tenure" free="2053206824" total="2090401792" percent="98">
      <mem type="soa" free="1948687144" total="1985882112" percent="98" />
      <mem type="loa" free="104519680" total="104519680" percent="100" />
    </mem>
    <remembered-set count="452" />
  </mem-info>
</gc-start>
<allocation-stats totalBytes="1276288" >
  <allocated-bytes non-tlh="32944" tlh="1243344" />
  <largest-consumer threadName="PmdThread 2" threadId="000000000251D800" bytes="408456" />
</allocation-stats>
<gc-op id="2136" type="scavenge" timems="2.976" contextid="2133" timestamp="2019-06-15T03:58:15.836">
  <scavenger-info tenureage="1" tenuremask="7ffe" tiltratio="73" />
  <memory-copied type="nursery" objects="8428" bytes="434224" bytesdiscarded="57768" />
  <memory-copied type="tenure" objects="7283" bytes="265904" bytesdiscarded="128" />
  <references type="weak" candidates="10" cleared="10" enqueued="10" />
  <references type="phantom" candidates="1" cleared="0" enqueued="0" />
</gc-op>
<gc-end id="2137" type="scavenge" contextid="2133" durationms="3.394" usertimems="0.000" systemtimems="4.000" timestamp="2019-06-15T03:58:15.836" activeThreads="4">
  <mem-info id="2138" free="2054049632" total="2092630016" percent="98">
    <mem type="nursery" free="1080824" total="2228224" percent="48">
      <mem type="allocate" free="1080824" total="1572864" percent="68" />
      <mem type="survivor" free="0" total="655360" percent="0" />
    </mem>
    <mem type="tenure" free="2052968808" total="2090401792" percent="98">
      <mem type="soa" free="1948449128" total="1985882112" percent="98" />
      <mem type="loa" free="104519680" total="104519680" percent="100" />
    </mem>
    <pending-finalizers system="0" default="0" reference="10" classloader="0" />
    <remembered-set count="298" />
  </mem-info>
</gc-end>
<cycle-end id="2139" type="scavenge" contextid="2133" timestamp="2019-06-15T03:58:15.836" />
  <attribute name="elasticGC enabled" value="1" />
  <attribute name= "numThreadsSpecified" value="4" />
  <attribute name="heapSize specified" value="8519680" />
  <attribute name="Current GC Util" value="56" />
  <attribute name= "Current Time Running" value="2338" />
  <attribute name ="GC Interval" value="200" />
  <attribute name="ProportionalT" value="18.000000" />
  <attribute name="ProportionalI" value="18.000000" />
  <attribute name="ProportionalH" value="18.000000" />
  <attribute name="Current Error" value="36.000000" />
  <attribute name="IntegralT" value="144.000000" />
  <attribute name="IntegralI" value="144.000000" />
  <attribute name="IntegralH" value="144.000000" />
  <attribute name="DerivativeT" value="-2.625000" />
  <attribute name="DerivativeI" value="-2.625000" />
  <attribute name="DerivativeH" value="-2.625000" />
  <attribute name="Loop Time for DT" value="4.000000" />
  <attribute name="Output H" value="8388608"/>
  <attribute name="Output I" value="200"/>
  <attribute name="Output T" value="4"/>
  <attribute name="Target GC Util Change" value ="20.000000" />
  <attribute name="Current GC Util Change" value="56.000000"/>
  <attribute name="GC Util currently" value="56" />
  <attribute name="CPU Util currently" value="995560905239" />
<allocation-satisfied id="2140" threadId="000000000251D800" bytesRequested="40" />
<af-end id="2141" timestamp="2019-06-15T03:58:15.837" threadId="000000000251E188" success="true" from="nursery"/>
<exclusive-end id="2142" timestamp="2019-06-15T03:58:15.837" durationms="4.072" />

<exclusive-start id="2143" timestamp="2019-06-15T03:58:15.839" intervalms="6.137">
  <response-info timems="0.130" idlems="0.130" threads="0" lastid="0000000002529000" lastname="PmdThread 4" />
</exclusive-start>
<af-start id="2144" threadId="0000000002529988" totalBytesRequested="16" timestamp="2019-06-15T03:58:15.839" intervalms="6.139" type="nursery" />
<cycle-start id="2145" type="scavenge" contextid="0" timestamp="2019-06-15T03:58:15.839" intervalms="6.144" />
<gc-start id="2146" type="scavenge" contextid="2145" timestamp="2019-06-15T03:58:15.839">
  <mem-info id="2147" free="2052968728" total="2092630016" percent="98">
    <mem type="nursery" free="0" total="2228224" percent="0">
      <mem type="allocate" free="0" total="1572864" percent="0" />
      <mem type="survivor" free="0" total="655360" percent="0" />
    </mem>
    <mem type="tenure" free="2052968728" total="2090401792" percent="98">
      <mem type="soa" free="1948449048" total="1985882112" percent="98" />
      <mem type="loa" free="104519680" total="104519680" percent="100" />
    </mem>
    <remembered-set count="330" />
  </mem-info>
</gc-start>
<allocation-stats totalBytes="1080520" >
  <allocated-bytes non-tlh="70080" tlh="1010440" />
  <largest-consumer threadName="PmdThread 2" threadId="000000000251D800" bytes="515976" />
</allocation-stats>
<gc-op id="2148" type="scavenge" timems="1.508" contextid="2145" timestamp="2019-06-15T03:58:15.841">
  <scavenger-info tenureage="1" tenuremask="7ffe" tiltratio="70" />
  <memory-copied type="nursery" objects="11890" bytes="441496" bytesdiscarded="197384" />
  <memory-copied type="tenure" objects="8364" bytes="376720" bytesdiscarded="0" />
  <references type="weak" candidates="9" cleared="9" enqueued="9" />
  <references type="phantom" candidates="5" cleared="3" enqueued="3" />
</gc-op>
<gc-end id="2149" type="scavenge" contextid="2145" durationms="1.756" usertimems="0.000" systemtimems="4.000" timestamp="2019-06-15T03:58:15.841" activeThreads="4">
  <mem-info id="2150" free="2053697320" total="2092630016" percent="98">
    <mem type="nursery" free="1065032" total="2228224" percent="47">
      <mem type="allocate" free="1065032" total="1703936" percent="62" />
      <mem type="survivor" free="0" total="524288" percent="0" />
    </mem>
    <mem type="tenure" free="2052632288" total="2090401792" percent="98">
      <mem type="soa" free="1948112608" total="1985882112" percent="98" />
      <mem type="loa" free="104519680" total="104519680" percent="100" />
    </mem>
    <pending-finalizers system="0" default="0" reference="12" classloader="0" />
    <remembered-set count="167" />
  </mem-info>
</gc-end>
<cycle-end id="2151" type="scavenge" contextid="2145" timestamp="2019-06-15T03:58:15.841" />
  <attribute name="elasticGC enabled" value="1" />
  <attribute name= "numThreadsSpecified" value="4" />
  <attribute name="heapSize specified" value="8519680" />
  <attribute name="Current GC Util" value="65" />
  <attribute name= "Current Time Running" value="2344" />
  <attribute name ="GC Interval" value="296" />
  <attribute name="ProportionalT" value="22.500000" />
  <attribute name="ProportionalI" value="22.500000" />
  <attribute name="ProportionalH" value="22.500000" />
  <attribute name="Current Error" value="45.000000" />
  <attribute name="IntegralT" value="270.000000" />
  <attribute name="IntegralI" value="270.000000" />
  <attribute name="IntegralH" value="270.000000" />
  <attribute name="DerivativeT" value="2.250000" />
  <attribute name="DerivativeI" value="2.250000" />
  <attribute name="DerivativeH" value="2.250000" />
  <attribute name="Loop Time for DT" value="6.000000" />
  <attribute name="Output H" value="8388608"/>
  <attribute name="Output I" value="296"/>
  <attribute name="Output T" value="4"/>
  <attribute name="Target GC Util Change" value ="20.000000" />
  <attribute name="Current GC Util Change" value="65.000000"/>
  <attribute name="GC Util currently" value="65" />
  <attribute name="CPU Util currently" value="750619483521" />
<allocation-satisfied id="2152" threadId="0000000002529000" bytesRequested="16" />
<af-end id="2153" timestamp="2019-06-15T03:58:15.841" threadId="0000000002529988" success="true" from="nursery"/>
<exclusive-end id="2154" timestamp="2019-06-15T03:58:15.841" durationms="2.302" />

<exclusive-start id="2155" timestamp="2019-06-15T03:58:15.843" intervalms="4.664">
  <response-info timems="0.026" idlems="0.026" threads="0" lastid="0000000002525400" lastname="PmdThread 3" />
</exclusive-start>
<af-start id="2156" threadId="0000000002525D88" totalBytesRequested="48" timestamp="2019-06-15T03:58:15.843" intervalms="4.620" type="nursery" />
<cycle-start id="2157" type="scavenge" contextid="0" timestamp="2019-06-15T03:58:15.844" intervalms="4.621" />
<gc-start id="2158" type="scavenge" contextid="2157" timestamp="2019-06-15T03:58:15.844">
  <mem-info id="2159" free="2052632288" total="2092630016" percent="98">
    <mem type="nursery" free="0" total="2228224" percent="0">
      <mem type="allocate" free="0" total="1703936" percent="0" />
      <mem type="survivor" free="0" total="524288" percent="0" />
    </mem>
    <mem type="tenure" free="2052632288" total="2090401792" percent="98">
      <mem type="soa" free="1948112608" total="1985882112" percent="98" />
      <mem type="loa" free="104519680" total="104519680" percent="100" />
    </mem>
    <remembered-set count="182" />
  </mem-info>
</gc-start>
<allocation-stats totalBytes="1064240" >
  <allocated-bytes non-tlh="32800" tlh="1031440" />
  <largest-consumer threadName="PmdThread 4" threadId="0000000002529000" bytes="376592" />
</allocation-stats>
<gc-op id="2160" type="scavenge" timems="0.813" contextid="2157" timestamp="2019-06-15T03:58:15.845">
  <scavenger-info tenureage="1" tenuremask="7ffe" tiltratio="76" />
  <memory-copied type="nursery" objects="3139" bytes="188384" bytesdiscarded="79160" />
  <memory-copied type="tenure" objects="11396" bytes="360640" bytesdiscarded="88" />
  <references type="weak" candidates="21" cleared="20" enqueued="20" />
  <references type="phantom" candidates="3" cleared="0" enqueued="0" />
</gc-op>
<gc-end id="2161" type="scavenge" contextid="2157" durationms="0.996" usertimems="0.000" systemtimems="0.000" timestamp="2019-06-15T03:58:15.845" activeThreads="4">
  <mem-info id="2162" free="2053693888" total="2092630016" percent="98">
    <mem type="nursery" free="1436384" total="2228224" percent="64">
      <mem type="allocate" free="1436384" total="1703936" percent="84" />
      <mem type="survivor" free="0" total="524288" percent="0" />
    </mem>
    <mem type="tenure" free="2052257504" total="2090401792" percent="98">
      <mem type="soa" free="1947737824" total="1985882112" percent="98" />
      <mem type="loa" free="104519680" total="104519680" percent="100" />
    </mem>
    <pending-finalizers system="0" default="0" reference="20" classloader="0" />
    <remembered-set count="201" />
  </mem-info>
</gc-end>
<cycle-end id="2163" type="scavenge" contextid="2157" timestamp="2019-06-15T03:58:15.845" />
  <attribute name="elasticGC enabled" value="1" />
  <attribute name= "numThreadsSpecified" value="4" />
  <attribute name="heapSize specified" value="8519680" />
  <attribute name="Current GC Util" value="64" />
  <attribute name= "Current Time Running" value="2349" />
  <attribute name ="GC Interval" value="248" />
  <attribute name="ProportionalT" value="22.000000" />
  <attribute name="ProportionalI" value="22.000000" />
  <attribute name="ProportionalH" value="22.000000" />
  <attribute name="Current Error" value="44.000000" />
  <attribute name="IntegralT" value="220.000000" />
  <attribute name="IntegralI" value="220.000000" />
  <attribute name="IntegralH" value="220.000000" />
  <attribute name="DerivativeT" value="-0.300000" />
  <attribute name="DerivativeI" value="-0.300000" />
  <attribute name="DerivativeH" value="-0.300000" />
  <attribute name="Loop Time for DT" value="5.000000" />
  <attribute name="Output H" value="8388608"/>
  <attribute name="Output I" value="248"/>
  <attribute name="Output T" value="4"/>
  <attribute name="Target GC Util Change" value ="20.000000" />
  <attribute name="Current GC Util Change" value="64.000000"/>
  <attribute name="GC Util currently" value="64" />
  <attribute name="CPU Util currently" value="999622408231" />
<allocation-satisfied id="2164" threadId="0000000002525400" bytesRequested="48" />
<af-end id="2165" timestamp="2019-06-15T03:58:15.845" threadId="0000000002525D88" success="true" from="nursery"/>
<exclusive-end id="2166" timestamp="2019-06-15T03:58:15.845" durationms="1.424" />

<exclusive-start id="2167" timestamp="2019-06-15T03:58:15.849" intervalms="5.219">
  <response-info timems="0.034" idlems="0.034" threads="0" lastid="000000000251D800" lastname="PmdThread 2" />
</exclusive-start>
<af-start id="2168" threadId="000000000251E188" totalBytesRequested="40" timestamp="2019-06-15T03:58:15.849" intervalms="5.247" type="nursery" />
<cycle-start id="2169" type="scavenge" contextid="0" timestamp="2019-06-15T03:58:15.849" intervalms="5.242" />
<gc-start id="2170" type="scavenge" contextid="2169" timestamp="2019-06-15T03:58:15.849">
  <mem-info id="2171" free="2052257504" total="2092630016" percent="98">
    <mem type="nursery" free="0" total="2228224" percent="0">
      <mem type="allocate" free="0" total="1703936" percent="0" />
      <mem type="survivor" free="0" total="524288" percent="0" />
    </mem>
    <mem type="tenure" free="2052257504" total="2090401792" percent="98">
      <mem type="soa" free="1947737824" total="1985882112" percent="98" />
      <mem type="loa" free="104519680" total="104519680" percent="100" />
    </mem>
    <remembered-set count="3007" />
  </mem-info>
</gc-start>
<allocation-stats totalBytes="1435512" >
  <allocated-bytes non-tlh="48" tlh="1435464" />
  <largest-consumer threadName="PmdThread 3" threadId="0000000002525400" bytes="866440" />
</allocation-stats>
<gc-op id="2172" type="scavenge" timems="2.143" contextid="2169" timestamp="2019-06-15T03:58:15.851">
  <scavenger-info tenureage="1" tenuremask="7ffe" tiltratio="76" />
  <memory-copied type="nursery" objects="12107" bytes="453704" bytesdiscarded="70552" />
  <memory-copied type="tenure" objects="2803" bytes="160544" bytesdiscarded="24" />
  <references type="weak" candidates="18" cleared="16" enqueued="16" />
  <references type="phantom" candidates="9" cleared="4" enqueued="4" />
</gc-op>
<gc-end id="2173" type="scavenge" contextid="2169" durationms="2.517" usertimems="4.000" systemtimems="0.000" timestamp="2019-06-15T03:58:15.851" activeThreads="4">
  <mem-info id="2174" free="2053008320" total="2092630016" percent="98">
    <mem type="nursery" free="917504" total="2228224" percent="41">
      <mem type="allocate" free="917504" total="1441792" percent="63" />
      <mem type="survivor" free="0" total="786432" percent="0" />
    </mem>
    <mem type="tenure" free="2052090816" total="2090401792" percent="98">
      <mem type="soa" free="1947571136" total="1985882112" percent="98" />
      <mem type="loa" free="104519680" total="104519680" percent="100" />
    </mem>
    <pending-finalizers system="0" default="0" reference="20" classloader="0" />
    <remembered-set count="3119" />
  </mem-info>
</gc-end>
<cycle-end id="2175" type="scavenge" contextid="2169" timestamp="2019-06-15T03:58:15.851" />
  <attribute name="elasticGC enabled" value="1" />
  <attribute name= "numThreadsSpecified" value="4" />
  <attribute name="heapSize specified" value="8519680" />
  <attribute name="Current GC Util" value="34" />
  <attribute name= "Current Time Running" value="2354" />
  <attribute name ="GC Interval" value="200" />
  <attribute name="ProportionalT" value="7.000000" />
  <attribute name="ProportionalI" value="7.000000" />
  <attribute name="ProportionalH" value="7.000000" />
  <attribute name="Current Error" value="14.000000" />
  <attribute name="IntegralT" value="70.000000" />
  <attribute name="IntegralI" value="70.000000" />
  <attribute name="IntegralH" value="70.000000" />
  <attribute name="DerivativeT" value="-9.000000" />
  <attribute name="DerivativeI" value="-9.000000" />
  <attribute name="DerivativeH" value="-9.000000" />
  <attribute name="Loop Time for DT" value="5.000000" />
  <attribute name="Output H" value="8388608"/>
  <attribute name="Output I" value="200"/>
  <attribute name="Output T" value="4"/>
  <attribute name="Target GC Util Change" value ="20.000000" />
  <attribute name="Current GC Util Change" value="34.000000"/>
  <attribute name="GC Util currently" value="34" />
  <attribute name="CPU Util currently" value="878138556071" />
<allocation-satisfied id="2176" threadId="000000000251D800" bytesRequested="40" />
<af-end id="2177" timestamp="2019-06-15T03:58:15.852" threadId="000000000251E188" success="true" from="nursery"/>
<exclusive-end id="2178" timestamp="2019-06-15T03:58:15.852" durationms="3.166" />

<exclusive-start id="2179" timestamp="2019-06-15T03:58:15.855" intervalms="6.121">
  <response-info timems="0.030" idlems="0.030" threads="0" lastid="0000000002519C00" lastname="PmdThread 1" />
</exclusive-start>
<af-start id="2180" threadId="000000000251A588" totalBytesRequested="1880" timestamp="2019-06-15T03:58:15.855" intervalms="6.109" type="nursery" />
<cycle-start id="2181" type="scavenge" contextid="0" timestamp="2019-06-15T03:58:15.855" intervalms="6.122" />
<gc-start id="2182" type="scavenge" contextid="2181" timestamp="2019-06-15T03:58:15.855">
  <mem-info id="2183" free="2052090624" total="2092630016" percent="98">
    <mem type="nursery" free="0" total="2228224" percent="0">
      <mem type="allocate" free="0" total="1441792" percent="0" />
      <mem type="survivor" free="0" total="786432" percent="0" />
    </mem>
    <mem type="tenure" free="2052090624" total="2090401792" percent="98">
      <mem type="soa" free="1947570944" total="1985882112" percent="98" />
      <mem type="loa" free="104519680" total="104519680" percent="100" />
    </mem>
    <remembered-set count="5548" />
  </mem-info>
</gc-start>
<allocation-stats totalBytes="916608" >
  <allocated-bytes non-tlh="232" tlh="916376" />
  <largest-consumer threadName="PmdThread 3" threadId="0000000002525400" bytes="557168" />
</allocation-stats>
<gc-op id="2184" type="scavenge" timems="1.654" contextid="2181" timestamp="2019-06-15T03:58:15.857">
  <scavenger-info tenureage="1" tenuremask="7ffe" tiltratio="64" />
  <memory-copied type="nursery" objects="6604" bytes="197800" bytesdiscarded="81744" />
  <memory-copied type="tenure" objects="11960" bytes="425536" bytesdiscarded="80" />
  <references type="weak" candidates="19" cleared="18" enqueued="18" />
  <references type="phantom" candidates="4" cleared="3" enqueued="3" />
</gc-op>
<gc-end id="2185" type="scavenge" contextid="2181" durationms="1.856" usertimems="4.000" systemtimems="0.000" timestamp="2019-06-15T03:58:15.857" activeThreads="4">
  <mem-info id="2186" free="2052837632" total="2092630016" percent="98">
    <mem type="nursery" free="1227776" total="2228224" percent="55">
      <mem type="allocate" free="1227776" total="1507328" percent="81" />
      <mem type="survivor" free="0" total="720896" percent="0" />
    </mem>
    <mem type="tenure" free="2051609856" total="2090401792" percent="98">
      <mem type="soa" free="1947090176" total="1985882112" percent="98" />
      <mem type="loa" free="104519680" total="104519680" percent="100" />
    </mem>
    <pending-finalizers system="0" default="0" reference="21" classloader="0" />
    <remembered-set count="2637" />
  </mem-info>
</gc-end>
<cycle-end id="2187" type="scavenge" contextid="2181" timestamp="2019-06-15T03:58:15.857" />
  <attribute name="elasticGC enabled" value="1" />
  <attribute name= "numThreadsSpecified" value="4" />
  <attribute name="heapSize specified" value="8519680" />
  <attribute name="Current GC Util" value="59" />
  <attribute name= "Current Time Running" value="2360" />
  <attribute name ="GC Interval" value="264" />
  <attribute name="ProportionalT" value="19.500000" />
  <attribute name="ProportionalI" value="19.500000" />
  <attribute name="ProportionalH" value="19.500000" />
  <attribute name="Current Error" value="39.000000" />
  <attribute name="IntegralT" value="234.000000" />
  <attribute name="IntegralI" value="234.000000" />
  <attribute name="IntegralH" value="234.000000" />
  <attribute name="DerivativeT" value="6.250000" />
  <attribute name="DerivativeI" value="6.250000" />
  <attribute name="DerivativeH" value="6.250000" />
  <attribute name="Loop Time for DT" value="6.000000" />
  <attribute name="Output H" value="8388608"/>
  <attribute name="Output I" value="264"/>
  <attribute name="Output T" value="4"/>
  <attribute name="Target GC Util Change" value ="20.000000" />
  <attribute name="Current GC Util Change" value="59.000000"/>
  <attribute name="GC Util currently" value="59" />
  <attribute name="CPU Util currently" value="754029395279" />
<allocation-satisfied id="2188" threadId="0000000002519C00" bytesRequested="1880" />
<af-end id="2189" timestamp="2019-06-15T03:58:15.857" threadId="000000000251A588" success="true" from="nursery"/>
<exclusive-end id="2190" timestamp="2019-06-15T03:58:15.857" durationms="2.487" />

<exclusive-start id="2191" timestamp="2019-06-15T03:58:15.859" intervalms="4.480">
  <response-info timems="0.031" idlems="0.031" threads="0" lastid="0000000002525400" lastname="PmdThread 3" />
</exclusive-start>
<af-start id="2192" threadId="0000000002525D88" totalBytesRequested="16" timestamp="2019-06-15T03:58:15.859" intervalms="4.488" type="nursery" />
<cycle-start id="2193" type="scavenge" contextid="0" timestamp="2019-06-15T03:58:15.859" intervalms="4.467" />
<gc-start id="2194" type="scavenge" contextid="2193" timestamp="2019-06-15T03:58:15.859">
  <mem-info id="2195" free="2051609792" total="2092630016" percent="98">
    <mem type="nursery" free="0" total="2228224" percent="0">
      <mem type="allocate" free="0" total="1507328" percent="0" />
      <mem type="survivor" free="0" total="720896" percent="0" />
    </mem>
    <mem type="tenure" free="2051609792" total="2090401792" percent="98">
      <mem type="soa" free="1947090112" total="1985882112" percent="98" />
      <mem type="loa" free="104519680" total="104519680" percent="100" />
    </mem>
    <remembered-set count="3462" />
  </mem-info>
</gc-start>
<allocation-stats totalBytes="1225032" >
  <allocated-bytes non-tlh="1944" tlh="1223088" />
  <largest-consumer threadName="PmdThread 1" threadId="0000000002519C00" bytes="565072" />
</allocation-stats>
<gc-op id="2196" type="scavenge" timems="0.646" contextid="2193" timestamp="2019-06-15T03:58:15.860">
  <scavenger-info tenureage="1" tenuremask="7ffe" tiltratio="67" />
  <memory-copied type="nursery" objects="4815" bytes="225120" bytesdiscarded="257704" />
  <memory-copied type="tenure" objects="6527" bytes="190456" bytesdiscarded="64" />
  <references type="weak" candidates="8" cleared="8" enqueued="8" />
  <references type="phantom" candidates="1" cleared="0" enqueued="0" />
</gc-op>
<gc-end id="2197" type="scavenge" contextid="2193" durationms="0.832" usertimems="0.000" systemtimems="0.000" timestamp="2019-06-15T03:58:15.860" activeThreads="4">
  <mem-info id="2198" free="2052428712" total="2092630016" percent="98">
    <mem type="nursery" free="1090024" total="2228224" percent="48">
      <mem type="allocate" free="1090024" total="1572864" percent="69" />
      <mem type="survivor" free="0" total="655360" percent="0" />
    </mem>
    <mem type="tenure" free="2051338688" total="2090401792" percent="98">
      <mem type="soa" free="1946819008" total="1985882112" percent="98" />
      <mem type="loa" free="104519680" total="104519680" percent="100" />
    </mem>
    <pending-finalizers system="0" default="0" reference="8" classloader="0" />
    <remembered-set count="936" />
  </mem-info>
</gc-end>
<cycle-end id="2199" type="scavenge" contextid="2193" timestamp="2019-06-15T03:58:15.860" />
  <attribute name="elasticGC enabled" value="1" />
  <attribute name= "numThreadsSpecified" value="4" />
  <attribute name="heapSize specified" value="8519680" />
  <attribute name="Current GC Util" value="73" />
  <attribute name= "Current Time Running" value="2365" />
  <attribute name ="GC Interval" value="296" />
  <attribute name="ProportionalT" value="26.500000" />
  <attribute name="ProportionalI" value="26.500000" />
  <attribute name="ProportionalH" value="26.500000" />
  <attribute name="Current Error" value="53.000000" />
  <attribute name="IntegralT" value="265.000000" />
  <attribute name="IntegralI" value="265.000000" />
  <attribute name="IntegralH" value="265.000000" />
  <attribute name="DerivativeT" value="4.200000" />
  <attribute name="DerivativeI" value="4.200000" />
  <attribute name="DerivativeH" value="4.200000" />
  <attribute name="Loop Time for DT" value="5.000000" />
  <attribute name="Output H" value="8388608"/>
  <attribute name="Output I" value="296"/>
  <attribute name="Output T" value="4"/>
  <attribute name="Target GC Util Change" value ="20.000000" />
  <attribute name="Current GC Util Change" value="73.000000"/>
  <attribute name="GC Util currently" value="73" />
  <attribute name="CPU Util currently" value="1037260709196" />
<allocation-satisfied id="2200" threadId="0000000002525400" bytesRequested="16" />
<af-end id="2201" timestamp="2019-06-15T03:58:15.860" threadId="0000000002525D88" success="true" from="nursery"/>
<exclusive-end id="2202" timestamp="2019-06-15T03:58:15.860" durationms="1.264" />

<exclusive-start id="2203" timestamp="2019-06-15T03:58:15.863" intervalms="3.528">
  <response-info timems="0.061" idlems="0.035" threads="2" lastid="0000000002525400" lastname="PmdThread 3" />
</exclusive-start>
<af-start id="2204" threadId="000000000251A588" totalBytesRequested="16392" timestamp="2019-06-15T03:58:15.863" intervalms="3.517" type="nursery" />
<cycle-start id="2205" type="scavenge" contextid="0" timestamp="2019-06-15T03:58:15.863" intervalms="3.522" />
<gc-start id="2206" type="scavenge" contextid="2205" timestamp="2019-06-15T03:58:15.863">
  <mem-info id="2207" free="2051338688" total="2092630016" percent="98">
    <mem type="nursery" free="0" total="2228224" percent="0">
      <mem type="allocate" free="0" total="1572864" percent="0" />
      <mem type="survivor" free="0" total="655360" percent="0" />
    </mem>
    <mem type="tenure" free="2051338688" total="2090401792" percent="98">
      <mem type="soa" free="1946819008" total="1985882112" percent="98" />
      <mem type="loa" free="104519680" total="104519680" percent="100" />
    </mem>
    <remembered-set count="1137" />
  </mem-info>
</gc-start>
<allocation-stats totalBytes="1084768" >
  <allocated-bytes non-tlh="16" tlh="1084752" />
  <largest-consumer threadName="PmdThread 3" threadId="0000000002525400" bytes="541400" />
</allocation-stats>
<gc-op id="2208" type="scavenge" timems="1.283" contextid="2205" timestamp="2019-06-15T03:58:15.864">
  <scavenger-info tenureage="1" tenuremask="7ffe" tiltratio="70" />
  <memory-copied type="nursery" objects="3017" bytes="145944" bytesdiscarded="66480" />
  <memory-copied type="tenure" objects="4399" bytes="206272" bytesdiscarded="0" />
  <references type="weak" candidates="4" cleared="3" enqueued="3" />
  <references type="phantom" candidates="6" cleared="3" enqueued="3" />
</gc-op>
<gc-end id="2209" type="scavenge" contextid="2205" durationms="1.477" usertimems="4.000" systemtimems="0.000" timestamp="2019-06-15T03:58:15.864" activeThreads="4">
  <mem-info id="2210" free="2052614840" total="2092630016" percent="98">
    <mem type="nursery" free="1425944" total="2228224" percent="63">
      <mem type="allocate" free="1425944" total="1638400" percent="87" />
      <mem type="survivor" free="0" total="589824" percent="0" />
    </mem>
    <mem type="tenure" free="2051188896" total="2090401792" percent="98">
      <mem type="soa" free="1946669216" total="1985882112" percent="98" />
      <mem type="loa" free="104519680" total="104519680" percent="100" />
    </mem>
    <pending-finalizers system="0" default="0" reference="6" classloader="0" />
    <remembered-set count="489" />
  </mem-info>
</gc-end>
<cycle-end id="2211" type="scavenge" contextid="2205" timestamp="2019-06-15T03:58:15.864" />
  <attribute name="elasticGC enabled" value="1" />
  <attribute name= "numThreadsSpecified" value="4" />
  <attribute name="heapSize specified" value="8519680" />
  <attribute name="Current GC Util" value="46" />
  <attribute name= "Current Time Running" value="2368" />
  <attribute name ="GC Interval" value="200" />
  <attribute name="ProportionalT" value="13.000000" />
  <attribute name="ProportionalI" value="13.000000" />
  <attribute name="ProportionalH" value="13.000000" />
  <attribute name="Current Error" value="26.000000" />
  <attribute name="IntegralT" value="78.000000" />
  <attribute name="IntegralI" value="78.000000" />
  <attribute name="IntegralH" value="78.000000" />
  <attribute name="DerivativeT" value="-13.500000" />
  <attribute name="DerivativeI" value="-13.500000" />
  <attribute name="DerivativeH" value="-13.500000" />
  <attribute name="Loop Time for DT" value="3.000000" />
  <attribute name="Output H" value="8388608"/>
  <attribute name="Output I" value="200"/>
  <attribute name="Output T" value="4"/>
  <attribute name="Target GC Util Change" value ="20.000000" />
  <attribute name="Current GC Util Change" value="46.000000"/>
  <attribute name="GC Util currently" value="46" />
  <attribute name="CPU Util currently" value="1304627501593" />
<allocation-satisfied id="2212" threadId="0000000002519C00" bytesRequested="16392" />
<af-end id="2213" timestamp="2019-06-15T03:58:15.865" threadId="000000000251A588" success="true" from="nursery"/>
<exclusive-end id="2214" timestamp="2019-06-15T03:58:15.865" durationms="1.928" />

<exclusive-start id="2215" timestamp="2019-06-15T03:58:15.868" intervalms="5.448">
  <response-info timems="0.035" idlems="0.035" threads="0" lastid="000000000251D800" lastname="PmdThread 2" />
</exclusive-start>
<af-start id="2216" threadId="000000000251E188" totalBytesRequested="16" timestamp="2019-06-15T03:58:15.868" intervalms="5.459" type="nursery" />
<cycle-start id="2217" type="scavenge" contextid="0" timestamp="2019-06-15T03:58:15.868" intervalms="5.434" />
<gc-start id="2218" type="scavenge" contextid="2217" timestamp="2019-06-15T03:58:15.868">
  <mem-info id="2219" free="2051188528" total="2092630016" percent="98">
    <mem type="nursery" free="0" total="2228224" percent="0">
      <mem type="allocate" free="0" total="1638400" percent="0" />
      <mem type="survivor" free="0" total="589824" percent="0" />
    </mem>
    <mem type="tenure" free="2051188528" total="2090401792" percent="98">
      <mem type="soa" free="1946668848" total="1985882112" percent="98" />
      <mem type="loa" free="104519680" total="104519680" percent="100" />
    </mem>
    <remembered-set count="874" />
  </mem-info>
</gc-start>
<allocation-stats totalBytes="1425096" >
  <allocated-bytes non-tlh="33152" tlh="1391944" />
  <largest-consumer threadName="PmdThread 2" threadId="000000000251D800" bytes="663280" />
</allocation-stats>
<gc-op id="2220" type="scavenge" timems="2.493" contextid="2217" timestamp="2019-06-15T03:58:15.871">
  <scavenger-info tenureage="2" tenuremask="7ffc" tiltratio="73" />
  <memory-copied type="nursery" objects="4311" bytes="217680" bytesdiscarded="91496" />
  <references type="weak" candidates="26" cleared="26" enqueued="26" />
  <references type="phantom" candidates="13" cleared="8" enqueued="8" />
</gc-op>
<gc-end id="2221" type="scavenge" contextid="2217" durationms="2.842" usertimems="4.000" systemtimems="0.000" timestamp="2019-06-15T03:58:15.871" activeThreads="4">
  <mem-info id="2222" free="2052583208" total="2092630016" percent="98">
    <mem type="nursery" free="1394680" total="2228224" percent="62">
      <mem type="allocate" free="1394680" total="1703936" percent="81" />
      <mem type="survivor" free="0" total="524288" percent="0" />
    </mem>
    <mem type="tenure" free="2051188528" total="2090401792" percent="98">
      <mem type="soa" free="1946668848" total="1985882112" percent="98" />
      <mem type="loa" free="104519680" total="104519680" percent="100" />
    </mem>
    <pending-finalizers system="0" default="0" reference="34" classloader="0" />
    <remembered-set count="814" />
  </mem-info>
</gc-end>
<cycle-end id="2223" type="scavenge" contextid="2217" timestamp="2019-06-15T03:58:15.871" />
  <attribute name="elasticGC enabled" value="1" />
  <attribute name= "numThreadsSpecified" value="4" />
  <attribute name="heapSize specified" value="8519680" />
  <attribute name="Current GC Util" value="41" />
  <attribute name= "Current Time Running" value="2374" />
  <attribute name ="GC Interval" value="200" />
  <attribute name="ProportionalT" value="10.500000" />
  <attribute name="ProportionalI" value="10.500000" />
  <attribute name="ProportionalH" value="10.500000" />
  <attribute name="Current Error" value="21.000000" />
  <attribute name="IntegralT" value="126.000000" />
  <attribute name="IntegralI" value="126.000000" />
  <attribute name="IntegralH" value="126.000000" />
  <attribute name="DerivativeT" value="-1.250000" />
  <attribute name="DerivativeI" value="-1.250000" />
  <attribute name="DerivativeH" value="-1.250000" />
  <attribute name="Loop Time for DT" value="6.000000" />
  <attribute name="Output H" value="8388608"/>
  <attribute name="Output I" value="200"/>
  <attribute name="Output T" value="4"/>
  <attribute name="Target GC Util Change" value ="20.000000" />
  <attribute name="Current GC Util Change" value="41.000000"/>
  <attribute name="GC Util currently" value="41" />
  <attribute name="CPU Util currently" value="854302276734" />
<allocation-satisfied id="2224" threadId="000000000251D800" bytesRequested="16" />
<af-end id="2225" timestamp="2019-06-15T03:58:15.871" threadId="000000000251E188" success="true" from="nursery"/>
<exclusive-end id="2226" timestamp="2019-06-15T03:58:15.872" durationms="3.414" />

<exclusive-start id="2227" timestamp="2019-06-15T03:58:15.873" intervalms="5.269">
  <response-info timems="0.022" idlems="0.022" threads="0" lastid="000000000251D800" lastname="PmdThread 2" />
</exclusive-start>
<af-start id="2228" threadId="000000000251E188" totalBytesRequested="32" timestamp="2019-06-15T03:58:15.874" intervalms="5.260" type="nursery" />
<cycle-start id="2229" type="scavenge" contextid="0" timestamp="2019-06-15T03:58:15.874" intervalms="5.286" />
<gc-start id="2230" type="scavenge" contextid="2229" timestamp="2019-06-15T03:58:15.874">
  <mem-info id="2231" free="2051188528" total="2092630016" percent="98">
    <mem type="nursery" free="0" total="2228224" percent="0">
      <mem type="allocate" free="0" total="1703936" percent="0" />
      <mem type="survivor" free="0" total="524288" percent="0" />
    </mem>
    <mem type="tenure" free="2051188528" total="2090401792" percent="98">
      <mem type="soa" free="1946668848" total="1985882112" percent="98" />
      <mem type="loa" free="104519680" total="104519680" percent="100" />
    </mem>
    <remembered-set count="984" />
  </mem-info>
</gc-start>
<allocation-stats totalBytes="1394336" >
  <allocated-bytes non-tlh="32800" tlh="1361536" />
  <largest-consumer threadName="PmdThread 3" threadId="0000000002525400" bytes="679808" />
</allocation-stats>
<gc-op id="2232" type="scavenge" timems="2.727" contextid="2229" timestamp="2019-06-15T03:58:15.876">
  <scavenger-info tenureage="2" tenuremask="7ffc" tiltratio="76" />
  <memory-copied type="nursery" objects="2802" bytes="192512" bytesdiscarded="36080" />
  <memory-copied type="tenure" objects="2900" bytes="115504" bytesdiscarded="96" />
  <references type="weak" candidates="5" cleared="4" enqueued="4" />
  <references type="phantom" candidates="7" cleared="2" enqueued="2" />
</gc-op>
<gc-end id="2233" type="scavenge" contextid="2229" durationms="3.097" usertimems="4.000" systemtimems="0.000" timestamp="2019-06-15T03:58:15.877" activeThreads="4">
  <mem-info id="2234" free="2052603672" total="2092630016" percent="98">
    <mem type="nursery" free="1540848" total="2228224" percent="69">
      <mem type="allocate" free="1540848" total="1769472" percent="87" />
      <mem type="survivor" free="0" total="458752" percent="0" />
    </mem>
    <mem type="tenure" free="2051062824" total="2090401792" percent="98">
      <mem type="soa" free="1946543144" total="1985882112" percent="98" />
      <mem type="loa" free="104519680" total="104519680" percent="100" />
    </mem>
    <pending-finalizers system="0" default="0" reference="6" classloader="0" />
    <remembered-set count="637" />
  </mem-info>
</gc-end>
<cycle-end id="2235" type="scavenge" contextid="2229" timestamp="2019-06-15T03:58:15.877" />
  <attribute name="elasticGC enabled" value="1" />
  <attribute name= "numThreadsSpecified" value="4" />
  <attribute name="heapSize specified" value="8519680" />
  <attribute name="Current GC Util" value="69" />
  <attribute name= "Current Time Running" value="2379" />
  <attribute name ="GC Interval" value="280" />
  <attribute name="ProportionalT" value="24.500000" />
  <attribute name="ProportionalI" value="24.500000" />
  <attribute name="ProportionalH" value="24.500000" />
  <attribute name="Current Error" value="49.000000" />
  <attribute name="IntegralT" value="245.000000" />
  <attribute name="IntegralI" value="245.000000" />
  <attribute name="IntegralH" value="245.000000" />
  <attribute name="DerivativeT" value="8.400000" />
  <attribute name="DerivativeI" value="8.400000" />
  <attribute name="DerivativeH" value="8.400000" />
  <attribute name="Loop Time for DT" value="5.000000" />
  <attribute name="Output H" value="8388608"/>
  <attribute name="Output I" value="280"/>
  <attribute name="Output T" value="4"/>
  <attribute name="Target GC Util Change" value ="20.000000" />
  <attribute name="Current GC Util Change" value="69.000000"/>
  <attribute name="GC Util currently" value="69" />
  <attribute name="CPU Util currently" value="865867407167" />
<allocation-satisfied id="2236" threadId="000000000251D800" bytesRequested="32" />
<af-end id="2237" timestamp="2019-06-15T03:58:15.877" threadId="000000000251E188" success="true" from="nursery"/>
<exclusive-end id="2238" timestamp="2019-06-15T03:58:15.877" durationms="3.697" />

<exclusive-start id="2239" timestamp="2019-06-15T03:58:15.881" intervalms="7.876">
  <response-info timems="0.025" idlems="0.025" threads="0" lastid="000000000251D800" lastname="PmdThread 2" />
</exclusive-start>
<af-start id="2240" threadId="000000000251E188" totalBytesRequested="72" timestamp="2019-06-15T03:58:15.881" intervalms="7.878" type="nursery" />
<cycle-start id="2241" type="scavenge" contextid="0" timestamp="2019-06-15T03:58:15.881" intervalms="7.878" />
<gc-start id="2242" type="scavenge" contextid="2241" timestamp="2019-06-15T03:58:15.882">
  <mem-info id="2243" free="2051062640" total="2092630016" percent="98">
    <mem type="nursery" free="0" total="2228224" percent="0">
      <mem type="allocate" free="0" total="1769472" percent="0" />
      <mem type="survivor" free="0" total="458752" percent="0" />
    </mem>
    <mem type="tenure" free="2051062640" total="2090401792" percent="98">
      <mem type="soa" free="1946542960" total="1985882112" percent="98" />
      <mem type="loa" free="104519680" total="104519680" percent="100" />
    </mem>
    <remembered-set count="1010" />
  </mem-info>
</gc-start>
<allocation-stats totalBytes="1526384" >
  <allocated-bytes non-tlh="216" tlh="1526168" />
  <largest-consumer threadName="PmdThread 2" threadId="000000000251D800" bytes="745952" />
</allocation-stats>
<gc-op id="2244" type="scavenge" timems="3.177" contextid="2241" timestamp="2019-06-15T03:58:15.885">
  <scavenger-info tenureage="2" tenuremask="7ffc" tiltratio="79" />
  <memory-copied type="nursery" objects="3556" bytes="357912" bytesdiscarded="46696" />
  <memory-copied type="tenure" objects="974" bytes="66856" bytesdiscarded="8" />
  <references type="weak" candidates="21" cleared="20" enqueued="20" />
  <references type="phantom" candidates="10" cleared="8" enqueued="8" />
</gc-op>
<gc-end id="2245" type="scavenge" contextid="2241" durationms="3.543" usertimems="4.000" systemtimems="0.000" timestamp="2019-06-15T03:58:15.885" activeThreads="4">
  <mem-info id="2246" free="2052224008" total="2092630016" percent="98">
    <mem type="nursery" free="1233320" total="2228224" percent="55">
      <mem type="allocate" free="1233320" total="1638400" percent="75" />
      <mem type="survivor" free="0" total="589824" percent="0" />
    </mem>
    <mem type="tenure" free="2050990688" total="2090401792" percent="98">
      <mem type="soa" free="1946471008" total="1985882112" percent="98" />
      <mem type="loa" free="104519680" total="104519680" percent="100" />
    </mem>
    <pending-finalizers system="0" default="0" reference="28" classloader="0" />
    <remembered-set count="685" />
  </mem-info>
</gc-end>
<cycle-end id="2247" type="scavenge" contextid="2241" timestamp="2019-06-15T03:58:15.885" />
  <attribute name="elasticGC enabled" value="1" />
  <attribute name= "numThreadsSpecified" value="4" />
  <attribute name="heapSize specified" value="8519680" />
  <attribute name="Current GC Util" value="52" />
  <attribute name= "Current Time Running" value="2387" />
  <attribute name ="GC Interval" value="272" />
  <attribute name="ProportionalT" value="16.000000" />
  <attribute name="ProportionalI" value="16.000000" />
  <attribute name="ProportionalH" value="16.000000" />
  <attribute name="Current Error" value="32.000000" />
  <attribute name="IntegralT" value="256.000000" />
  <attribute name="IntegralI" value="256.000000" />
  <attribute name="IntegralH" value="256.000000" />
  <attribute name="DerivativeT" value="-3.187500" />
  <attribute name="DerivativeI" value="-3.187500" />
  <attribute name="DerivativeH" value="-3.187500" />
  <attribute name="Loop Time for DT" value="8.000000" />
  <attribute name="Output H" value="8388608"/>
  <attribute name="Output I" value="272"/>
  <attribute name="Output T" value="4"/>
  <attribute name="Target GC Util Change" value ="20.000000" />
  <attribute name="Current GC Util Change" value="52.000000"/>
  <attribute name="GC Util currently" value="52" />
  <attribute name="CPU Util currently" value="585464462515" />
<allocation-satisfied id="2248" threadId="000000000251D800" bytesRequested="72" />
<af-end id="2249" timestamp="2019-06-15T03:58:15.885" threadId="000000000251E188" success="true" from="nursery"/>
<exclusive-end id="2250" timestamp="2019-06-15T03:58:15.885" durationms="4.141" />

<exclusive-start id="2251" timestamp="2019-06-15T03:58:15.889" intervalms="7.462">
  <response-info timems="0.040" idlems="0.040" threads="0" lastid="000000000251D800" lastname="PmdThread 2" />
</exclusive-start>
<af-start id="2252" threadId="000000000251E188" totalBytesRequested="32" timestamp="2019-06-15T03:58:15.889" intervalms="7.461" type="nursery" />
<cycle-start id="2253" type="scavenge" contextid="0" timestamp="2019-06-15T03:58:15.889" intervalms="7.461" />
<gc-start id="2254" type="scavenge" contextid="2253" timestamp="2019-06-15T03:58:15.889">
  <mem-info id="2255" free="2050990496" total="2092630016" percent="98">
    <mem type="nursery" free="0" total="2228224" percent="0">
      <mem type="allocate" free="0" total="1638400" percent="0" />
      <mem type="survivor" free="0" total="589824" percent="0" />
    </mem>
    <mem type="tenure" free="2050990496" total="2090401792" percent="98">
      <mem type="soa" free="1946470816" total="1985882112" percent="98" />
      <mem type="loa" free="104519680" total="104519680" percent="100" />
    </mem>
    <remembered-set count="928" />
  </mem-info>
</gc-start>
<allocation-stats totalBytes="1233024" >
  <allocated-bytes non-tlh="264" tlh="1232760" />
  <largest-consumer threadName="PmdThread 2" threadId="000000000251D800" bytes="475088" />
</allocation-stats>
<gc-op id="2256" type="scavenge" timems="3.221" contextid="2253" timestamp="2019-06-15T03:58:15.892">
  <scavenger-info tenureage="2" tenuremask="7ffc" tiltratio="73" />
  <memory-copied type="nursery" objects="4025" bytes="322568" bytesdiscarded="181112" />
  <memory-copied type="tenure" objects="1406" bytes="104016" bytesdiscarded="16" />
  <references type="weak" candidates="24" cleared="23" enqueued="23" />
  <references type="phantom" candidates="13" cleared="9" enqueued="9" />
</gc-op>
<gc-end id="2257" type="scavenge" contextid="2253" durationms="3.594" usertimems="0.000" systemtimems="4.000" timestamp="2019-06-15T03:58:15.893" activeThreads="4">
  <mem-info id="2258" free="2052110400" total="2092630016" percent="98">
    <mem type="nursery" free="1200056" total="2228224" percent="53">
      <mem type="allocate" free="1200056" total="1703936" percent="70" />
      <mem type="survivor" free="0" total="524288" percent="0" />
    </mem>
    <mem type="tenure" free="2050910344" total="2090401792" percent="98">
      <mem type="soa" free="1946390664" total="1985882112" percent="98" />
      <mem type="loa" free="104519680" total="104519680" percent="100" />
    </mem>
    <pending-finalizers system="0" default="0" reference="32" classloader="0" />
    <remembered-set count="752" />
  </mem-info>
</gc-end>
<cycle-end id="2259" type="scavenge" contextid="2253" timestamp="2019-06-15T03:58:15.893" />
  <attribute name="elasticGC enabled" value="1" />
  <attribute name= "numThreadsSpecified" value="4" />
  <attribute name="heapSize specified" value="8519680" />
  <attribute name="Current GC Util" value="63" />
  <attribute name= "Current Time Running" value="2394" />
  <attribute name ="GC Interval" value="328" />
  <attribute name="ProportionalT" value="21.500000" />
  <attribute name="ProportionalI" value="21.500000" />
  <attribute name="ProportionalH" value="21.500000" />
  <attribute name="Current Error" value="43.000000" />
  <attribute name="IntegralT" value="301.000000" />
  <attribute name="IntegralI" value="301.000000" />
  <attribute name="IntegralH" value="301.000000" />
  <attribute name="DerivativeT" value="2.357143" />
  <attribute name="DerivativeI" value="2.357143" />
  <attribute name="DerivativeH" value="2.357143" />
  <attribute name="Loop Time for DT" value="7.000000" />
  <attribute name="Output H" value="8388608"/>
  <attribute name="Output I" value="328"/>
  <attribute name="Output T" value="4"/>
  <attribute name="Target GC Util Change" value ="20.000000" />
  <attribute name="Current GC Util Change" value="63.000000"/>
  <attribute name="GC Util currently" value="63" />
  <attribute name="CPU Util currently" value="618271848379" />
<allocation-satisfied id="2260" threadId="000000000251D800" bytesRequested="32" />
<af-end id="2261" timestamp="2019-06-15T03:58:15.893" threadId="000000000251E188" success="true" from="nursery"/>
<exclusive-end id="2262" timestamp="2019-06-15T03:58:15.893" durationms="4.259" />

<exclusive-start id="2263" timestamp="2019-06-15T03:58:15.896" intervalms="6.904">
  <response-info timems="0.080" idlems="0.039" threads="2" lastid="000000000220D300" lastname="JIT Compilation Thread-0" />
</exclusive-start>
<af-start id="2264" threadId="000000000251E188" totalBytesRequested="48" timestamp="2019-06-15T03:58:15.896" intervalms="6.905" type="nursery" />
<cycle-start id="2265" type="scavenge" contextid="0" timestamp="2019-06-15T03:58:15.896" intervalms="6.903" />
<gc-start id="2266" type="scavenge" contextid="2265" timestamp="2019-06-15T03:58:15.896">
  <mem-info id="2267" free="2050910344" total="2092630016" percent="98">
    <mem type="nursery" free="0" total="2228224" percent="0">
      <mem type="allocate" free="0" total="1703936" percent="0" />
      <mem type="survivor" free="0" total="524288" percent="0" />
    </mem>
    <mem type="tenure" free="2050910344" total="2090401792" percent="98">
      <mem type="soa" free="1946390664" total="1985882112" percent="98" />
      <mem type="loa" free="104519680" total="104519680" percent="100" />
    </mem>
    <remembered-set count="880" />
  </mem-info>
</gc-start>
<allocation-stats totalBytes="1199400" >
  <allocated-bytes non-tlh="32" tlh="1199368" />
  <largest-consumer threadName="PmdThread 3" threadId="0000000002525400" bytes="466784" />
</allocation-stats>
<gc-op id="2268" type="scavenge" timems="2.741" contextid="2265" timestamp="2019-06-15T03:58:15.899">
  <scavenger-info tenureage="2" tenuremask="7ffc" tiltratio="76" />
  <memory-copied type="nursery" objects="6799" bytes="410472" bytesdiscarded="113760" />
  <memory-copied type="tenure" objects="1486" bytes="109424" bytesdiscarded="24" />
  <copy-failed type="nursery" objects="119" bytes="11536" />
  <references type="weak" candidates="11" cleared="9" enqueued="9" />
  <references type="phantom" candidates="5" cleared="3" enqueued="3" />
</gc-op>
<gc-end id="2269" type="scavenge" contextid="2265" durationms="3.105" usertimems="4.000" systemtimems="0.000" timestamp="2019-06-15T03:58:15.899" activeThreads="4">
  <mem-info id="2270" free="2051913328" total="2092630016" percent="98">
    <mem type="nursery" free="1114112" total="2228224" percent="50">
      <mem type="allocate" free="1114112" total="1638400" percent="68" />
      <mem type="survivor" free="0" total="589824" percent="0" />
    </mem>
    <mem type="tenure" free="2050799216" total="2090401792" percent="98">
      <mem type="soa" free="1946279536" total="1985882112" percent="98" />
      <mem type="loa" free="104519680" total="104519680" percent="100" />
    </mem>
    <pending-finalizers system="0" default="0" reference="12" classloader="0" />
    <remembered-set count="526" />
  </mem-info>
</gc-end>
<cycle-end id="2271" type="scavenge" contextid="2265" timestamp="2019-06-15T03:58:15.899" />
  <attribute name="elasticGC enabled" value="1" />
  <attribute name= "numThreadsSpecified" value="4" />
  <attribute name="heapSize specified" value="8519680" />
  <attribute name="Current GC Util" value="69" />
  <attribute name= "Current Time Running" value="2401" />
  <attribute name ="GC Interval" value="368" />
  <attribute name="ProportionalT" value="24.500000" />
  <attribute name="ProportionalI" value="24.500000" />
  <attribute name="ProportionalH" value="24.500000" />
  <attribute name="Current Error" value="49.000000" />
  <attribute name="IntegralT" value="343.000000" />
  <attribute name="IntegralI" value="343.000000" />
  <attribute name="IntegralH" value="343.000000" />
  <attribute name="DerivativeT" value="1.285714" />
  <attribute name="DerivativeI" value="1.285714" />
  <attribute name="DerivativeH" value="1.285714" />
  <attribute name="Loop Time for DT" value="7.000000" />
  <attribute name="Output H" value="8388608"/>
  <attribute name="Output I" value="368"/>
  <attribute name="Output T" value="4"/>
  <attribute name="Target GC Util Change" value ="20.000000" />
  <attribute name="Current GC Util Change" value="69.000000"/>
  <attribute name="GC Util currently" value="69" />
  <attribute name="CPU Util currently" value="667957580149" />
<allocation-satisfied id="2272" threadId="000000000251D800" bytesRequested="48" />
<af-end id="2273" timestamp="2019-06-15T03:58:15.899" threadId="000000000251E188" success="true" from="nursery"/>
<exclusive-end id="2274" timestamp="2019-06-15T03:58:15.899" durationms="3.723" />

<exclusive-start id="2275" timestamp="2019-06-15T03:58:15.904" intervalms="8.318">
  <response-info timems="0.317" idlems="0.167" threads="1" lastid="0000000002529000" lastname="PmdThread 4" />
</exclusive-start>
<af-start id="2276" threadId="000000000251E188" totalBytesRequested="72" timestamp="2019-06-15T03:58:15.904" intervalms="8.316" type="nursery" />
<cycle-start id="2277" type="scavenge" contextid="0" timestamp="2019-06-15T03:58:15.904" intervalms="8.350" />
<gc-start id="2278" type="scavenge" contextid="2277" timestamp="2019-06-15T03:58:15.904">
  <mem-info id="2279" free="2050796312" total="2092630016" percent="98">
    <mem type="nursery" free="0" total="2228224" percent="0">
      <mem type="allocate" free="0" total="1638400" percent="0" />
      <mem type="survivor" free="0" total="589824" percent="0" />
    </mem>
    <mem type="tenure" free="2050796312" total="2090401792" percent="98">
      <mem type="soa" free="1946276632" total="1985882112" percent="98" />
      <mem type="loa" free="104519680" total="104519680" percent="100" />
    </mem>
    <remembered-set count="923" />
  </mem-info>
</gc-start>
<allocation-stats totalBytes="1116728" >
  <allocated-bytes non-tlh="2952" tlh="1113776" />
  <largest-consumer threadName="PmdThread 2" threadId="000000000251D800" bytes="720688" />
</allocation-stats>
<gc-op id="2280" type="scavenge" timems="2.474" contextid="2277" timestamp="2019-06-15T03:58:15.907">
  <scavenger-info tenureage="2" tenuremask="7ffc" tiltratio="73" />
  <memory-copied type="nursery" objects="5990" bytes="265432" bytesdiscarded="119584" />
  <memory-copied type="tenure" objects="1965" bytes="176152" bytesdiscarded="72" />
  <references type="weak" candidates="24" cleared="24" enqueued="24" />
  <references type="phantom" candidates="5" cleared="5" enqueued="5" />
</gc-op>
<gc-end id="2281" type="scavenge" contextid="2277" durationms="2.838" usertimems="4.000" systemtimems="0.000" timestamp="2019-06-15T03:58:15.907" activeThreads="4">
  <mem-info id="2282" free="2051835864" total="2092630016" percent="98">
    <mem type="nursery" free="1253352" total="2228224" percent="56">
      <mem type="allocate" free="1253352" total="1638400" percent="76" />
      <mem type="survivor" free="0" total="589824" percent="0" />
    </mem>
    <mem type="tenure" free="2050582512" total="2090401792" percent="98">
      <mem type="soa" free="1946062832" total="1985882112" percent="97" />
      <mem type="loa" free="104519680" total="104519680" percent="100" />
    </mem>
    <pending-finalizers system="0" default="0" reference="29" classloader="0" />
    <remembered-set count="709" />
  </mem-info>
</gc-end>
<cycle-end id="2283" type="scavenge" contextid="2277" timestamp="2019-06-15T03:58:15.907" />
  <attribute name="elasticGC enabled" value="1" />
  <attribute name= "numThreadsSpecified" value="4" />
  <attribute name="heapSize specified" value="8519680" />
  <attribute name="Current GC Util" value="51" />
  <attribute name= "Current Time Running" value="2410" />
  <attribute name ="GC Interval" value="296" />
  <attribute name="ProportionalT" value="15.500000" />
  <attribute name="ProportionalI" value="15.500000" />
  <attribute name="ProportionalH" value="15.500000" />
  <attribute name="Current Error" value="31.000000" />
  <attribute name="IntegralT" value="279.000000" />
  <attribute name="IntegralI" value="279.000000" />
  <attribute name="IntegralH" value="279.000000" />
  <attribute name="DerivativeT" value="-3.000000" />
  <attribute name="DerivativeI" value="-3.000000" />
  <attribute name="DerivativeH" value="-3.000000" />
  <attribute name="Loop Time for DT" value="9.000000" />
  <attribute name="Output H" value="8388608"/>
  <attribute name="Output I" value="296"/>
  <attribute name="Output T" value="4"/>
  <attribute name="Target GC Util Change" value ="20.000000" />
  <attribute name="Current GC Util Change" value="51.000000"/>
  <attribute name="GC Util currently" value="51" />
  <attribute name="CPU Util currently" value="552075374547" />
<allocation-satisfied id="2284" threadId="000000000251D800" bytesRequested="72" />
<af-end id="2285" timestamp="2019-06-15T03:58:15.907" threadId="000000000251E188" success="true" from="nursery"/>
<exclusive-end id="2286" timestamp="2019-06-15T03:58:15.908" durationms="3.527" />

<exclusive-start id="2287" timestamp="2019-06-15T03:58:15.912" intervalms="8.480">
  <response-info timems="0.155" idlems="0.078" threads="2" lastid="000000000220D300" lastname="JIT Compilation Thread-0" />
</exclusive-start>
<af-start id="2288" threadId="000000000251A588" totalBytesRequested="40" timestamp="2019-06-15T03:58:15.913" intervalms="8.479" type="nursery" />
<cycle-start id="2289" type="scavenge" contextid="0" timestamp="2019-06-15T03:58:15.913" intervalms="8.477" />
<gc-start id="2290" type="scavenge" contextid="2289" timestamp="2019-06-15T03:58:15.913">
  <mem-info id="2291" free="2050580808" total="2092630016" percent="97">
    <mem type="nursery" free="0" total="2228224" percent="0">
      <mem type="allocate" free="0" total="1638400" percent="0" />
      <mem type="survivor" free="0" total="589824" percent="0" />
    </mem>
    <mem type="tenure" free="2050580808" total="2090401792" percent="98">
      <mem type="soa" free="1946061128" total="1985882112" percent="97" />
      <mem type="loa" free="104519680" total="104519680" percent="100" />
    </mem>
    <remembered-set count="1058" />
  </mem-info>
</gc-start>
<allocation-stats totalBytes="1254472" >
  <allocated-bytes non-tlh="1776" tlh="1252696" />
  <largest-consumer threadName="PmdThread 2" threadId="000000000251D800" bytes="757536" />
</allocation-stats>
<gc-op id="2292" type="scavenge" timems="1.005" contextid="2289" timestamp="2019-06-15T03:58:15.914">
  <scavenger-info tenureage="2" tenuremask="7ffc" tiltratio="73" />
  <memory-copied type="nursery" objects="2637" bytes="137288" bytesdiscarded="236480" />
  <memory-copied type="tenure" objects="4735" bytes="219480" bytesdiscarded="24" />
  <references type="weak" candidates="23" cleared="22" enqueued="22" />
</gc-op>
<gc-end id="2293" type="scavenge" contextid="2289" durationms="1.195" usertimems="4.000" systemtimems="0.000" timestamp="2019-06-15T03:58:15.914" activeThreads="4">
  <mem-info id="2294" free="2051709744" total="2092630016" percent="98">
    <mem type="nursery" free="1330152" total="2228224" percent="59">
      <mem type="allocate" free="1330152" total="1703936" percent="78" />
      <mem type="survivor" free="0" total="524288" percent="0" />
    </mem>
    <mem type="tenure" free="2050379592" total="2090401792" percent="98">
      <mem type="soa" free="1945859912" total="1985882112" percent="97" />
      <mem type="loa" free="104519680" total="104519680" percent="100" />
    </mem>
    <pending-finalizers system="0" default="0" reference="22" classloader="0" />
    <remembered-set count="889" />
  </mem-info>
</gc-end>
<cycle-end id="2295" type="scavenge" contextid="2289" timestamp="2019-06-15T03:58:15.914" />
  <attribute name="elasticGC enabled" value="1" />
  <attribute name= "numThreadsSpecified" value="4" />
  <attribute name="heapSize specified" value="8519680" />
  <attribute name="Current GC Util" value="44" />
  <attribute name= "Current Time Running" value="2418" />
  <attribute name ="GC Interval" value="208" />
  <attribute name="ProportionalT" value="12.000000" />
  <attribute name="ProportionalI" value="12.000000" />
  <attribute name="ProportionalH" value="12.000000" />
  <attribute name="Current Error" value="24.000000" />
  <attribute name="IntegralT" value="192.000000" />
  <attribute name="IntegralI" value="192.000000" />
  <attribute name="IntegralH" value="192.000000" />
  <attribute name="DerivativeT" value="-1.312500" />
  <attribute name="DerivativeI" value="-1.312500" />
  <attribute name="DerivativeH" value="-1.312500" />
  <attribute name="Loop Time for DT" value="8.000000" />
  <attribute name="Output H" value="8388608"/>
  <attribute name="Output I" value="208"/>
  <attribute name="Output T" value="4"/>
  <attribute name="Target GC Util Change" value ="20.000000" />
  <attribute name="Current GC Util Change" value="44.000000"/>
  <attribute name="GC Util currently" value="44" />
  <attribute name="CPU Util currently" value="544226102736" />
<allocation-satisfied id="2296" threadId="0000000002519C00" bytesRequested="40" />
<af-end id="2297" timestamp="2019-06-15T03:58:15.914" threadId="000000000251A588" success="true" from="nursery"/>
<exclusive-end id="2298" timestamp="2019-06-15T03:58:15.914" durationms="1.689" />

<exclusive-start id="2299" timestamp="2019-06-15T03:58:15.917" intervalms="5.000">
  <response-info timems="0.037" idlems="0.022" threads="1" lastid="0000000002519C00" lastname="PmdThread 1" />
</exclusive-start>
<af-start id="2300" threadId="0000000002529988" totalBytesRequested="816" timestamp="2019-06-15T03:58:15.918" intervalms="4.992" type="nursery" />
<cycle-start id="2301" type="scavenge" contextid="0" timestamp="2019-06-15T03:58:15.918" intervalms="4.985" />
<gc-start id="2302" type="scavenge" contextid="2301" timestamp="2019-06-15T03:58:15.918">
  <mem-info id="2303" free="2050378744" total="2092630016" percent="97">
    <mem type="nursery" free="0" total="2228224" percent="0">
      <mem type="allocate" free="0" total="1703936" percent="0" />
      <mem type="survivor" free="0" total="524288" percent="0" />
    </mem>
    <mem type="tenure" free="2050378744" total="2090401792" percent="98">
      <mem type="soa" free="1945859064" total="1985882112" percent="97" />
      <mem type="loa" free="104519680" total="104519680" percent="100" />
    </mem>
    <remembered-set count="1180" />
  </mem-info>
</gc-start>
<allocation-stats totalBytes="1328432" >
  <allocated-bytes non-tlh="888" tlh="1327544" />
  <largest-consumer threadName="PmdThread 4" threadId="0000000002529000" bytes="701792" />
</allocation-stats>
<gc-op id="2304" type="scavenge" timems="0.691" contextid="2301" timestamp="2019-06-15T03:58:15.918">
  <scavenger-info tenureage="3" tenuremask="7ff8" tiltratio="76" />
  <memory-copied type="nursery" objects="3359" bytes="158864" bytesdiscarded="30584" />
  <references type="weak" candidates="44" cleared="44" enqueued="44" />
</gc-op>
<gc-end id="2305" type="scavenge" contextid="2301" durationms="0.881" usertimems="4.000" systemtimems="0.000" timestamp="2019-06-15T03:58:15.919" activeThreads="4">
  <mem-info id="2306" free="2051958752" total="2092630016" percent="98">
    <mem type="nursery" free="1580008" total="2228224" percent="70">
      <mem type="allocate" free="1580008" total="1769472" percent="89" />
      <mem type="survivor" free="0" total="458752" percent="0" />
    </mem>
    <mem type="tenure" free="2050378744" total="2090401792" percent="98">
      <mem type="soa" free="1945859064" total="1985882112" percent="97" />
      <mem type="loa" free="104519680" total="104519680" percent="100" />
    </mem>
    <pending-finalizers system="0" default="0" reference="44" classloader="0" />
    <remembered-set count="1082" />
  </mem-info>
</gc-end>
<cycle-end id="2307" type="scavenge" contextid="2301" timestamp="2019-06-15T03:58:15.919" />
  <attribute name="elasticGC enabled" value="1" />
  <attribute name= "numThreadsSpecified" value="4" />
  <attribute name="heapSize specified" value="8519680" />
  <attribute name="Current GC Util" value="38" />
  <attribute name= "Current Time Running" value="2423" />
  <attribute name ="GC Interval" value="200" />
  <attribute name="ProportionalT" value="9.000000" />
  <attribute name="ProportionalI" value="9.000000" />
  <attribute name="ProportionalH" value="9.000000" />
  <attribute name="Current Error" value="18.000000" />
  <attribute name="IntegralT" value="90.000000" />
  <attribute name="IntegralI" value="90.000000" />
  <attribute name="IntegralH" value="90.000000" />
  <attribute name="DerivativeT" value="-1.800000" />
  <attribute name="DerivativeI" value="-1.800000" />
  <attribute name="DerivativeH" value="-1.800000" />
  <attribute name="Loop Time for DT" value="5.000000" />
  <attribute name="Output H" value="8388608"/>
  <attribute name="Output I" value="200"/>
  <attribute name="Output T" value="4"/>
  <attribute name="Target GC Util Change" value ="20.000000" />
  <attribute name="Current GC Util Change" value="38.000000"/>
  <attribute name="GC Util currently" value="38" />
  <attribute name="CPU Util currently" value="928255012669" />
<allocation-satisfied id="2308" threadId="0000000002529000" bytesRequested="816" />
<af-end id="2309" timestamp="2019-06-15T03:58:15.919" threadId="0000000002529988" success="true" from="nursery"/>
<exclusive-end id="2310" timestamp="2019-06-15T03:58:15.919" durationms="1.346" />

<exclusive-start id="2311" timestamp="2019-06-15T03:58:15.923" intervalms="5.676">
  <response-info timems="0.062" idlems="0.062" threads="0" lastid="000000000251D800" lastname="PmdThread 2" />
</exclusive-start>
<af-start id="2312" threadId="000000000251E188" totalBytesRequested="16" timestamp="2019-06-15T03:58:15.923" intervalms="5.732" type="nursery" />
<cycle-start id="2313" type="scavenge" contextid="0" timestamp="2019-06-15T03:58:15.923" intervalms="5.724" />
<gc-start id="2314" type="scavenge" contextid="2313" timestamp="2019-06-15T03:58:15.923">
  <mem-info id="2315" free="2050378352" total="2092630016" percent="97">
    <mem type="nursery" free="0" total="2228224" percent="0">
      <mem type="allocate" free="0" total="1769472" percent="0" />
      <mem type="survivor" free="0" total="458752" percent="0" />
    </mem>
    <mem type="tenure" free="2050378352" total="2090401792" percent="98">
      <mem type="soa" free="1945858672" total="1985882112" percent="97" />
      <mem type="loa" free="104519680" total="104519680" percent="100" />
    </mem>
    <remembered-set count="1565" />
  </mem-info>
</gc-start>
<allocation-stats totalBytes="1578744" >
  <allocated-bytes non-tlh="1208" tlh="1577536" />
  <largest-consumer threadName="PmdThread 2" threadId="000000000251D800" bytes="649224" />
</allocation-stats>
<gc-op id="2316" type="scavenge" timems="1.961" contextid="2313" timestamp="2019-06-15T03:58:15.926">
  <scavenger-info tenureage="4" tenuremask="7ff0" tiltratio="79" />
  <memory-copied type="nursery" objects="4356" bytes="186328" bytesdiscarded="42048" />
  <references type="weak" candidates="72" cleared="72" enqueued="72" />
  <references type="phantom" candidates="1" cleared="1" enqueued="1" />
</gc-op>
<gc-end id="2317" type="scavenge" contextid="2313" durationms="2.329" usertimems="0.000" systemtimems="4.000" timestamp="2019-06-15T03:58:15.926" activeThreads="4">
  <mem-info id="2318" free="2051984736" total="2092630016" percent="98">
    <mem type="nursery" free="1606384" total="2228224" percent="72">
      <mem type="allocate" free="1606384" total="1835008" percent="87" />
      <mem type="survivor" free="0" total="393216" percent="0" />
    </mem>
    <mem type="tenure" free="2050378352" total="2090401792" percent="98">
      <mem type="soa" free="1945858672" total="1985882112" percent="97" />
      <mem type="loa" free="104519680" total="104519680" percent="100" />
    </mem>
    <pending-finalizers system="0" default="0" reference="73" classloader="0" />
    <remembered-set count="1417" />
  </mem-info>
</gc-end>
<cycle-end id="2319" type="scavenge" contextid="2313" timestamp="2019-06-15T03:58:15.926" />
  <attribute name="elasticGC enabled" value="1" />
  <attribute name= "numThreadsSpecified" value="4" />
  <attribute name="heapSize specified" value="8519680" />
  <attribute name="Current GC Util" value="23" />
  <attribute name= "Current Time Running" value="2429" />
  <attribute name ="GC Interval" value="200" />
  <attribute name="ProportionalT" value="1.500000" />
  <attribute name="ProportionalI" value="1.500000" />
  <attribute name="ProportionalH" value="1.500000" />
  <attribute name="Current Error" value="3.000000" />
  <attribute name="IntegralT" value="18.000000" />
  <attribute name="IntegralI" value="18.000000" />
  <attribute name="IntegralH" value="18.000000" />
  <attribute name="DerivativeT" value="-3.750000" />
  <attribute name="DerivativeI" value="-3.750000" />
  <attribute name="DerivativeH" value="-3.750000" />
  <attribute name="Loop Time for DT" value="6.000000" />
  <attribute name="Output H" value="8388608"/>
  <attribute name="Output I" value="200"/>
  <attribute name="Output T" value="4"/>
  <attribute name="Target GC Util Change" value ="20.000000" />
  <attribute name="Current GC Util Change" value="23.000000"/>
  <attribute name="GC Util currently" value="23" />
  <attribute name="CPU Util currently" value="801727413726" />
<allocation-satisfied id="2320" threadId="000000000251D800" bytesRequested="16" />
<af-end id="2321" timestamp="2019-06-15T03:58:15.926" threadId="000000000251E188" success="true" from="nursery"/>
<exclusive-end id="2322" timestamp="2019-06-15T03:58:15.926" durationms="2.909" />

<exclusive-start id="2323" timestamp="2019-06-15T03:58:15.930" intervalms="7.176">
  <response-info timems="0.034" idlems="0.019" threads="1" lastid="0000000002529000" lastname="PmdThread 4" />
</exclusive-start>
<af-start id="2324" threadId="000000000251A588" totalBytesRequested="56" timestamp="2019-06-15T03:58:15.930" intervalms="7.135" type="nursery" />
<cycle-start id="2325" type="scavenge" contextid="0" timestamp="2019-06-15T03:58:15.930" intervalms="7.120" />
<gc-start id="2326" type="scavenge" contextid="2325" timestamp="2019-06-15T03:58:15.931">
  <mem-info id="2327" free="2050378000" total="2092630016" percent="97">
    <mem type="nursery" free="0" total="2228224" percent="0">
      <mem type="allocate" free="0" total="1835008" percent="0" />
      <mem type="survivor" free="0" total="393216" percent="0" />
    </mem>
    <mem type="tenure" free="2050378000" total="2090401792" percent="98">
      <mem type="soa" free="1945858320" total="1985882112" percent="97" />
      <mem type="loa" free="104519680" total="104519680" percent="100" />
    </mem>
    <remembered-set count="1809" />
  </mem-info>
</gc-start>
<allocation-stats totalBytes="1606176" >
  <allocated-bytes non-tlh="33152" tlh="1573024" />
  <largest-consumer threadName="PmdThread 2" threadId="000000000251D800" bytes="941920" />
</allocation-stats>
<gc-op id="2328" type="scavenge" timems="1.462" contextid="2325" timestamp="2019-06-15T03:58:15.932">
  <scavenger-info tenureage="3" tenuremask="7ff8" tiltratio="82" />
  <memory-copied type="nursery" objects="4632" bytes="280856" bytesdiscarded="112280" />
  <memory-copied type="tenure" objects="2533" bytes="129824" bytesdiscarded="16" />
  <references type="weak" candidates="39" cleared="39" enqueued="39" />
  <references type="phantom" candidates="3" cleared="2" enqueued="2" />
</gc-op>
<gc-end id="2329" type="scavenge" contextid="2325" durationms="1.661" usertimems="4.000" systemtimems="0.000" timestamp="2019-06-15T03:58:15.932" activeThreads="4">
  <mem-info id="2330" free="2051634936" total="2092630016" percent="98">
    <mem type="nursery" free="1376256" total="2228224" percent="61">
      <mem type="allocate" free="1376256" total="1769472" percent="77" />
      <mem type="survivor" free="0" total="458752" percent="0" />
    </mem>
    <mem type="tenure" free="2050258680" total="2090401792" percent="98">
      <mem type="soa" free="1945739000" total="1985882112" percent="97" />
      <mem type="loa" free="104519680" total="104519680" percent="100" />
    </mem>
    <pending-finalizers system="0" default="0" reference="41" classloader="0" />
    <remembered-set count="1049" />
  </mem-info>
</gc-end>
<cycle-end id="2331" type="scavenge" contextid="2325" timestamp="2019-06-15T03:58:15.932" />
  <attribute name="elasticGC enabled" value="1" />
  <attribute name= "numThreadsSpecified" value="4" />
  <attribute name="heapSize specified" value="8519680" />
  <attribute name="Current GC Util" value="37" />
  <attribute name= "Current Time Running" value="2436" />
  <attribute name ="GC Interval" value="200" />
  <attribute name="ProportionalT" value="8.500000" />
  <attribute name="ProportionalI" value="8.500000" />
  <attribute name="ProportionalH" value="8.500000" />
  <attribute name="Current Error" value="17.000000" />
  <attribute name="IntegralT" value="119.000000" />
  <attribute name="IntegralI" value="119.000000" />
  <attribute name="IntegralH" value="119.000000" />
  <attribute name="DerivativeT" value="3.000000" />
  <attribute name="DerivativeI" value="3.000000" />
  <attribute name="DerivativeH" value="3.000000" />
  <attribute name="Loop Time for DT" value="7.000000" />
  <attribute name="Output H" value="8388608"/>
  <attribute name="Output I" value="200"/>
  <attribute name="Output T" value="4"/>
  <attribute name="Target GC Util Change" value ="20.000000" />
  <attribute name="Current GC Util Change" value="37.000000"/>
  <attribute name="GC Util currently" value="37" />
  <attribute name="CPU Util currently" value="647859208650" />
<allocation-satisfied id="2332" threadId="0000000002519C00" bytesRequested="56" />
<af-end id="2333" timestamp="2019-06-15T03:58:15.932" threadId="000000000251A588" success="true" from="nursery"/>
<exclusive-end id="2334" timestamp="2019-06-15T03:58:15.932" durationms="2.139" />

<exclusive-start id="2335" timestamp="2019-06-15T03:58:15.936" intervalms="5.606">
  <response-info timems="0.240" idlems="0.084" threads="2" lastid="0000000002529000" lastname="PmdThread 4" />
</exclusive-start>
<af-start id="2336" threadId="000000000251A588" totalBytesRequested="16392" timestamp="2019-06-15T03:58:15.936" intervalms="5.610" type="nursery" />
<cycle-start id="2337" type="scavenge" contextid="0" timestamp="2019-06-15T03:58:15.936" intervalms="5.653" />
<gc-start id="2338" type="scavenge" contextid="2337" timestamp="2019-06-15T03:58:15.936">
  <mem-info id="2339" free="2050258416" total="2092630016" percent="97">
    <mem type="nursery" free="0" total="2228224" percent="0">
      <mem type="allocate" free="0" total="1769472" percent="0" />
      <mem type="survivor" free="0" total="458752" percent="0" />
    </mem>
    <mem type="tenure" free="2050258416" total="2090401792" percent="98">
      <mem type="soa" free="1945738736" total="1985882112" percent="97" />
      <mem type="loa" free="104519680" total="104519680" percent="100" />
    </mem>
    <remembered-set count="1333" />
  </mem-info>
</gc-start>
<allocation-stats totalBytes="1372520" >
  <allocated-bytes non-tlh="16712" tlh="1355808" />
  <largest-consumer threadName="PmdThread 2" threadId="000000000251D800" bytes="540560" />
</allocation-stats>
<gc-op id="2340" type="scavenge" timems="1.018" contextid="2337" timestamp="2019-06-15T03:58:15.937">
  <scavenger-info tenureage="4" tenuremask="7ff0" tiltratio="79" />
  <memory-copied type="nursery" objects="5318" bytes="324392" bytesdiscarded="133584" />
  <memory-copied type="tenure" objects="499" bytes="16720" bytesdiscarded="0" />
  <copy-failed type="nursery" objects="499" bytes="16728" />
  <references type="weak" candidates="27" cleared="27" enqueued="27" />
  <references type="phantom" candidates="2" cleared="1" enqueued="1" />
</gc-op>
<gc-end id="2341" type="scavenge" contextid="2337" durationms="1.326" usertimems="0.000" systemtimems="0.000" timestamp="2019-06-15T03:58:15.938" activeThreads="4">
  <mem-info id="2342" free="2051569136" total="2092630016" percent="98">
    <mem type="nursery" free="1310720" total="2228224" percent="58">
      <mem type="allocate" free="1310720" total="1769472" percent="74" />
      <mem type="survivor" free="0" total="458752" percent="0" />
    </mem>
    <mem type="tenure" free="2050258416" total="2090401792" percent="98">
      <mem type="soa" free="1945738736" total="1985882112" percent="97" />
      <mem type="loa" free="104519680" total="104519680" percent="100" />
    </mem>
    <pending-finalizers system="0" default="0" reference="28" classloader="0" />
    <remembered-set count="1590" />
  </mem-info>
</gc-end>
<cycle-end id="2343" type="scavenge" contextid="2337" timestamp="2019-06-15T03:58:15.938" />
  <attribute name="elasticGC enabled" value="1" />
  <attribute name= "numThreadsSpecified" value="4" />
  <attribute name="heapSize specified" value="8519680" />
  <attribute name="Current GC Util" value="46" />
  <attribute name= "Current Time Running" value="2442" />
  <attribute name ="GC Interval" value="200" />
  <attribute name="ProportionalT" value="13.000000" />
  <attribute name="ProportionalI" value="13.000000" />
  <attribute name="ProportionalH" value="13.000000" />
  <attribute name="Current Error" value="26.000000" />
  <attribute name="IntegralT" value="156.000000" />
  <attribute name="IntegralI" value="156.000000" />
  <attribute name="IntegralH" value="156.000000" />
  <attribute name="DerivativeT" value="2.250000" />
  <attribute name="DerivativeI" value="2.250000" />
  <attribute name="DerivativeH" value="2.250000" />
  <attribute name="Loop Time for DT" value="6.000000" />
  <attribute name="Output H" value="8388608"/>
  <attribute name="Output I" value="200"/>
  <attribute name="Output T" value="4"/>
  <attribute name="Target GC Util Change" value ="20.000000" />
  <attribute name="Current GC Util Change" value="46.000000"/>
  <attribute name="GC Util currently" value="46" />
  <attribute name="CPU Util currently" value="800215372997" />
<allocation-satisfied id="2344" threadId="0000000002519C00" bytesRequested="16392" />
<af-end id="2345" timestamp="2019-06-15T03:58:15.938" threadId="000000000251A588" success="true" from="nursery"/>
<exclusive-end id="2346" timestamp="2019-06-15T03:58:15.938" durationms="1.901" />

<exclusive-start id="2347" timestamp="2019-06-15T03:58:15.941" intervalms="4.876">
  <response-info timems="0.095" idlems="0.056" threads="1" lastid="0000000002529000" lastname="PmdThread 4" />
</exclusive-start>
<af-start id="2348" threadId="000000000251E188" totalBytesRequested="72" timestamp="2019-06-15T03:58:15.941" intervalms="4.867" type="nursery" />
<cycle-start id="2349" type="scavenge" contextid="0" timestamp="2019-06-15T03:58:15.941" intervalms="4.823" />
<gc-start id="2350" type="scavenge" contextid="2349" timestamp="2019-06-15T03:58:15.941">
  <mem-info id="2351" free="2050257976" total="2092630016" percent="97">
    <mem type="nursery" free="0" total="2228224" percent="0">
      <mem type="allocate" free="0" total="1769472" percent="0" />
      <mem type="survivor" free="0" total="458752" percent="0" />
    </mem>
    <mem type="tenure" free="2050257976" total="2090401792" percent="98">
      <mem type="soa" free="1945738296" total="1985882112" percent="97" />
      <mem type="loa" free="104519680" total="104519680" percent="100" />
    </mem>
    <remembered-set count="1880" />
  </mem-info>
</gc-start>
<allocation-stats totalBytes="1310368" >
  <allocated-bytes non-tlh="16832" tlh="1293536" />
  <largest-consumer threadName="PmdThread 2" threadId="000000000251D800" bytes="552840" />
</allocation-stats>
<gc-op id="2352" type="scavenge" timems="2.318" contextid="2349" timestamp="2019-06-15T03:58:15.943">
  <scavenger-info tenureage="4" tenuremask="7ff0" tiltratio="79" />
  <memory-copied type="nursery" objects="6816" bytes="401152" bytesdiscarded="57560" />
  <memory-copied type="tenure" objects="1927" bytes="121344" bytesdiscarded="0" />
  <copy-failed type="nursery" objects="1252" bytes="103616" />
  <references type="weak" candidates="21" cleared="20" enqueued="20" />
  <references type="phantom" candidates="1" cleared="1" enqueued="1" />
</gc-op>
<gc-end id="2353" type="scavenge" contextid="2349" durationms="2.684" usertimems="4.000" systemtimems="0.000" timestamp="2019-06-15T03:58:15.944" activeThreads="4">
  <mem-info id="2354" free="2051162928" total="2092630016" percent="98">
    <mem type="nursery" free="983040" total="2228224" percent="44">
      <mem type="allocate" free="983040" total="1441792" percent="68" />
      <mem type="survivor" free="0" total="786432" percent="0" />
    </mem>
    <mem type="tenure" free="2050179888" total="2090401792" percent="98">
      <mem type="soa" free="1945660208" total="1985882112" percent="97" />
      <mem type="loa" free="104519680" total="104519680" percent="100" />
    </mem>
    <pending-finalizers system="0" default="0" reference="21" classloader="0" />
    <remembered-set count="1927" />
  </mem-info>
</gc-end>
<cycle-end id="2355" type="scavenge" contextid="2349" timestamp="2019-06-15T03:58:15.944" />
  <attribute name="elasticGC enabled" value="1" />
  <attribute name= "numThreadsSpecified" value="4" />
  <attribute name="heapSize specified" value="8519680" />
  <attribute name="Current GC Util" value="42" />
  <attribute name= "Current Time Running" value="2446" />
  <attribute name ="GC Interval" value="200" />
  <attribute name="ProportionalT" value="11.000000" />
  <attribute name="ProportionalI" value="11.000000" />
  <attribute name="ProportionalH" value="11.000000" />
  <attribute name="Current Error" value="22.000000" />
  <attribute name="IntegralT" value="88.000000" />
  <attribute name="IntegralI" value="88.000000" />
  <attribute name="IntegralH" value="88.000000" />
  <attribute name="DerivativeT" value="-1.500000" />
  <attribute name="DerivativeI" value="-1.500000" />
  <attribute name="DerivativeH" value="-1.500000" />
  <attribute name="Loop Time for DT" value="4.000000" />
  <attribute name="Output H" value="8388608"/>
  <attribute name="Output I" value="200"/>
  <attribute name="Output T" value="4"/>
  <attribute name="Target GC Util Change" value ="20.000000" />
  <attribute name="Current GC Util Change" value="42.000000"/>
  <attribute name="GC Util currently" value="42" />
  <attribute name="CPU Util currently" value="980247477550" />
<allocation-satisfied id="2356" threadId="000000000251D800" bytesRequested="72" />
<af-end id="2357" timestamp="2019-06-15T03:58:15.944" threadId="000000000251E188" success="true" from="nursery"/>
<exclusive-end id="2358" timestamp="2019-06-15T03:58:15.944" durationms="3.330" />

<exclusive-start id="2359" timestamp="2019-06-15T03:58:15.946" intervalms="5.293">
  <response-info timems="0.030" idlems="0.030" threads="0" lastid="000000000251D800" lastname="PmdThread 2" />
</exclusive-start>
<af-start id="2360" threadId="000000000251E188" totalBytesRequested="40" timestamp="2019-06-15T03:58:15.946" intervalms="5.283" type="nursery" />
<cycle-start id="2361" type="scavenge" contextid="0" timestamp="2019-06-15T03:58:15.946" intervalms="5.284" />
<gc-start id="2362" type="scavenge" contextid="2361" timestamp="2019-06-15T03:58:15.946">
  <mem-info id="2363" free="2050179624" total="2092630016" percent="97">
    <mem type="nursery" free="0" total="2228224" percent="0">
      <mem type="allocate" free="0" total="1441792" percent="0" />
      <mem type="survivor" free="0" total="786432" percent="0" />
    </mem>
    <mem type="tenure" free="2050179624" total="2090401792" percent="98">
      <mem type="soa" free="1945659944" total="1985882112" percent="97" />
      <mem type="loa" free="104519680" total="104519680" percent="100" />
    </mem>
    <remembered-set count="2245" />
  </mem-info>
</gc-start>
<allocation-stats totalBytes="981048" >
  <allocated-bytes non-tlh="336" tlh="980712" />
  <largest-consumer threadName="PmdThread 2" threadId="000000000251D800" bytes="372696" />
</allocation-stats>
<gc-op id="2364" type="scavenge" timems="2.613" contextid="2361" timestamp="2019-06-15T03:58:15.949">
  <scavenger-info tenureage="3" tenuremask="7ff8" tiltratio="64" />
  <memory-copied type="nursery" objects="5012" bytes="285768" bytesdiscarded="45312" />
  <memory-copied type="tenure" objects="2345" bytes="124736" bytesdiscarded="520" />
  <references type="weak" candidates="43" cleared="43" enqueued="43" />
  <references type="phantom" candidates="1" cleared="1" enqueued="1" />
</gc-op>
<gc-end id="2365" type="scavenge" contextid="2361" durationms="2.985" usertimems="4.000" systemtimems="0.000" timestamp="2019-06-15T03:58:15.949" activeThreads="4">
  <mem-info id="2366" free="2051229944" total="2092630016" percent="98">
    <mem type="nursery" free="1175768" total="2228224" percent="52">
      <mem type="allocate" free="1175768" total="1507328" percent="78" />
      <mem type="survivor" free="0" total="720896" percent="0" />
    </mem>
    <mem type="tenure" free="2050054176" total="2090401792" percent="98">
      <mem type="soa" free="1945534496" total="1985882112" percent="97" />
      <mem type="loa" free="104519680" total="104519680" percent="100" />
    </mem>
    <pending-finalizers system="0" default="0" reference="44" classloader="0" />
    <remembered-set count="1145" />
  </mem-info>
</gc-end>
<cycle-end id="2367" type="scavenge" contextid="2361" timestamp="2019-06-15T03:58:15.949" />
  <attribute name="elasticGC enabled" value="1" />
  <attribute name= "numThreadsSpecified" value="4" />
  <attribute name="heapSize specified" value="8519680" />
  <attribute name="Current GC Util" value="66" />
  <attribute name= "Current Time Running" value="2452" />
  <attribute name ="GC Interval" value="312" />
  <attribute name="ProportionalT" value="23.000000" />
  <attribute name="ProportionalI" value="23.000000" />
  <attribute name="ProportionalH" value="23.000000" />
  <attribute name="Current Error" value="46.000000" />
  <attribute name="IntegralT" value="276.000000" />
  <attribute name="IntegralI" value="276.000000" />
  <attribute name="IntegralH" value="276.000000" />
  <attribute name="DerivativeT" value="6.000000" />
  <attribute name="DerivativeI" value="6.000000" />
  <attribute name="DerivativeH" value="6.000000" />
  <attribute name="Loop Time for DT" value="6.000000" />
  <attribute name="Output H" value="8388608"/>
  <attribute name="Output I" value="312"/>
  <attribute name="Output T" value="4"/>
  <attribute name="Target GC Util Change" value ="20.000000" />
  <attribute name="Current GC Util Change" value="66.000000"/>
  <attribute name="GC Util currently" value="66" />
  <attribute name="CPU Util currently" value="871980831425" />
<allocation-satisfied id="2368" threadId="000000000251D800" bytesRequested="40" />
<af-end id="2369" timestamp="2019-06-15T03:58:15.950" threadId="000000000251E188" success="true" from="nursery"/>
<exclusive-end id="2370" timestamp="2019-06-15T03:58:15.950" durationms="3.559" />

<exclusive-start id="2371" timestamp="2019-06-15T03:58:15.953" intervalms="7.111">
  <response-info timems="0.364" idlems="0.270" threads="1" lastid="0000000002529000" lastname="PmdThread 4" />
</exclusive-start>
<af-start id="2372" threadId="000000000251A588" totalBytesRequested="8200" timestamp="2019-06-15T03:58:15.953" intervalms="7.122" type="nursery" />
<cycle-start id="2373" type="scavenge" contextid="0" timestamp="2019-06-15T03:58:15.953" intervalms="7.124" />
<gc-start id="2374" type="scavenge" contextid="2373" timestamp="2019-06-15T03:58:15.953">
  <mem-info id="2375" free="2050053648" total="2092630016" percent="97">
    <mem type="nursery" free="0" total="2228224" percent="0">
      <mem type="allocate" free="0" total="1507328" percent="0" />
      <mem type="survivor" free="0" total="720896" percent="0" />
    </mem>
    <mem type="tenure" free="2050053648" total="2090401792" percent="98">
      <mem type="soa" free="1945533968" total="1985882112" percent="97" />
      <mem type="loa" free="104519680" total="104519680" percent="100" />
    </mem>
    <remembered-set count="1497" />
  </mem-info>
</gc-start>
<allocation-stats totalBytes="1172504" >
  <allocated-bytes non-tlh="568" tlh="1171936" />
  <largest-consumer threadName="PmdThread 3" threadId="0000000002525400" bytes="540728" />
</allocation-stats>
<gc-op id="2376" type="scavenge" timems="1.167" contextid="2373" timestamp="2019-06-15T03:58:15.955">
  <scavenger-info tenureage="3" tenuremask="7ff8" tiltratio="67" />
  <memory-copied type="nursery" objects="8410" bytes="455808" bytesdiscarded="176576" />
  <memory-copied type="tenure" objects="971" bytes="64888" bytesdiscarded="96" />
  <references type="weak" candidates="23" cleared="22" enqueued="22" />
  <references type="phantom" candidates="2" cleared="0" enqueued="0" />
</gc-op>
<gc-end id="2377" type="scavenge" contextid="2373" durationms="1.370" usertimems="4.000" systemtimems="0.000" timestamp="2019-06-15T03:58:15.955" activeThreads="4">
  <mem-info id="2378" free="2050797016" total="2092630016" percent="98">
    <mem type="nursery" free="874696" total="2228224" percent="39">
      <mem type="allocate" free="874696" total="1507328" percent="58" />
      <mem type="survivor" free="0" total="720896" percent="0" />
    </mem>
    <mem type="tenure" free="2049922320" total="2090401792" percent="98">
      <mem type="soa" free="1945402640" total="1985882112" percent="97" />
      <mem type="loa" free="104519680" total="104519680" percent="100" />
    </mem>
    <pending-finalizers system="0" default="0" reference="22" classloader="0" />
    <remembered-set count="1080" />
  </mem-info>
</gc-end>
<cycle-end id="2379" type="scavenge" contextid="2373" timestamp="2019-06-15T03:58:15.955" />
  <attribute name="elasticGC enabled" value="1" />
  <attribute name= "numThreadsSpecified" value="4" />
  <attribute name="heapSize specified" value="8519680" />
  <attribute name="Current GC Util" value="51" />
  <attribute name= "Current Time Running" value="2459" />
  <attribute name ="GC Interval" value="232" />
  <attribute name="ProportionalT" value="15.500000" />
  <attribute name="ProportionalI" value="15.500000" />
  <attribute name="ProportionalH" value="15.500000" />
  <attribute name="Current Error" value="31.000000" />
  <attribute name="IntegralT" value="217.000000" />
  <attribute name="IntegralI" value="217.000000" />
  <attribute name="IntegralH" value="217.000000" />
  <attribute name="DerivativeT" value="-3.214286" />
  <attribute name="DerivativeI" value="-3.214286" />
  <attribute name="DerivativeH" value="-3.214286" />
  <attribute name="Loop Time for DT" value="7.000000" />
  <attribute name="Output H" value="8388608"/>
  <attribute name="Output I" value="232"/>
  <attribute name="Output T" value="4"/>
  <attribute name="Target GC Util Change" value ="20.000000" />
  <attribute name="Current GC Util Change" value="51.000000"/>
  <attribute name="GC Util currently" value="51" />
  <attribute name="CPU Util currently" value="647443275210" />
<allocation-satisfied id="2380" threadId="0000000002519C00" bytesRequested="8200" />
<af-end id="2381" timestamp="2019-06-15T03:58:15.955" threadId="000000000251A588" success="true" from="nursery"/>
<exclusive-end id="2382" timestamp="2019-06-15T03:58:15.955" durationms="1.903" />

<exclusive-start id="2383" timestamp="2019-06-15T03:58:15.957" intervalms="3.387">
  <response-info timems="0.171" idlems="0.072" threads="2" lastid="000000000220D300" lastname="JIT Compilation Thread-0" />
</exclusive-start>
<af-start id="2384" threadId="000000000251E188" totalBytesRequested="40" timestamp="2019-06-15T03:58:15.957" intervalms="3.382" type="nursery" />
<cycle-start id="2385" type="scavenge" contextid="0" timestamp="2019-06-15T03:58:15.957" intervalms="3.380" />
<gc-start id="2386" type="scavenge" contextid="2385" timestamp="2019-06-15T03:58:15.957">
  <mem-info id="2387" free="2049922320" total="2092630016" percent="97">
    <mem type="nursery" free="0" total="2228224" percent="0">
      <mem type="allocate" free="0" total="1507328" percent="0" />
      <mem type="survivor" free="0" total="720896" percent="0" />
    </mem>
    <mem type="tenure" free="2049922320" total="2090401792" percent="98">
      <mem type="soa" free="1945402640" total="1985882112" percent="97" />
      <mem type="loa" free="104519680" total="104519680" percent="100" />
    </mem>
    <remembered-set count="1185" />
  </mem-info>
</gc-start>
<allocation-stats totalBytes="874328" >
  <allocated-bytes non-tlh="40984" tlh="833344" />
  <largest-consumer threadName="PmdThread 1" threadId="0000000002519C00" bytes="503680" />
</allocation-stats>
<gc-op id="2388" type="scavenge" timems="2.804" contextid="2385" timestamp="2019-06-15T03:58:15.960">
  <scavenger-info tenureage="3" tenuremask="7ff8" tiltratio="67" />
  <memory-copied type="nursery" objects="10132" bytes="489440" bytesdiscarded="147720" />
  <memory-copied type="tenure" objects="3163" bytes="191440" bytesdiscarded="40" />
  <references type="weak" candidates="1" cleared="0" enqueued="0" />
  <references type="phantom" candidates="1" cleared="0" enqueued="0" />
</gc-op>
<gc-end id="2389" type="scavenge" contextid="2385" durationms="3.220" usertimems="4.000" systemtimems="0.000" timestamp="2019-06-15T03:58:15.960" activeThreads="4">
  <mem-info id="2390" free="2050758904" total="2092630016" percent="97">
    <mem type="nursery" free="1001208" total="2228224" percent="44">
      <mem type="allocate" free="1001208" total="1638400" percent="61" />
      <mem type="survivor" free="0" total="589824" percent="0" />
    </mem>
    <mem type="tenure" free="2049757696" total="2090401792" percent="98">
      <mem type="soa" free="1945238016" total="1985882112" percent="97" />
      <mem type="loa" free="104519680" total="104519680" percent="100" />
    </mem>
    <remembered-set count="886" />
  </mem-info>
</gc-end>
<cycle-end id="2391" type="scavenge" contextid="2385" timestamp="2019-06-15T03:58:15.960" />
  <attribute name="elasticGC enabled" value="1" />
  <attribute name= "numThreadsSpecified" value="4" />
  <attribute name="heapSize specified" value="8519680" />
  <attribute name="Current GC Util" value="69" />
  <attribute name= "Current Time Running" value="2462" />
  <attribute name ="GC Interval" value="200" />
  <attribute name="ProportionalT" value="24.500000" />
  <attribute name="ProportionalI" value="24.500000" />
  <attribute name="ProportionalH" value="24.500000" />
  <attribute name="Current Error" value="49.000000" />
  <attribute name="IntegralT" value="147.000000" />
  <attribute name="IntegralI" value="147.000000" />
  <attribute name="IntegralH" value="147.000000" />
  <attribute name="DerivativeT" value="9.000000" />
  <attribute name="DerivativeI" value="9.000000" />
  <attribute name="DerivativeH" value="9.000000" />
  <attribute name="Loop Time for DT" value="3.000000" />
  <attribute name="Output H" value="8388608"/>
  <attribute name="Output I" value="200"/>
  <attribute name="Output T" value="4"/>
  <attribute name="Target GC Util Change" value ="20.000000" />
  <attribute name="Current GC Util Change" value="69.000000"/>
  <attribute name="GC Util currently" value="69" />
  <attribute name="CPU Util currently" value="1364679906060" />
<allocation-satisfied id="2392" threadId="000000000251D800" bytesRequested="40" />
<af-end id="2393" timestamp="2019-06-15T03:58:15.960" threadId="000000000251E188" success="true" from="nursery"/>
<exclusive-end id="2394" timestamp="2019-06-15T03:58:15.960" durationms="3.861" />

<exclusive-start id="2395" timestamp="2019-06-15T03:58:15.963" intervalms="5.917">
  <response-info timems="0.047" idlems="0.032" threads="1" lastid="0000000002525400" lastname="PmdThread 3" />
</exclusive-start>
<af-start id="2396" threadId="000000000251E188" totalBytesRequested="24" timestamp="2019-06-15T03:58:15.963" intervalms="5.923" type="nursery" />
<cycle-start id="2397" type="scavenge" contextid="0" timestamp="2019-06-15T03:58:15.963" intervalms="5.923" />
<gc-start id="2398" type="scavenge" contextid="2397" timestamp="2019-06-15T03:58:16.082">
  <mem-info id="2399" free="2049757432" total="2092630016" percent="97">
    <mem type="nursery" free="0" total="2228224" percent="0">
      <mem type="allocate" free="0" total="1638400" percent="0" />
      <mem type="survivor" free="0" total="589824" percent="0" />
    </mem>
    <mem type="tenure" free="2049757432" total="2090401792" percent="98">
      <mem type="soa" free="1945237752" total="1985882112" percent="97" />
      <mem type="loa" free="104519680" total="104519680" percent="100" />
    </mem>
    <remembered-set count="1093" />
  </mem-info>
</gc-start>
<allocation-stats totalBytes="995968" >
  <allocated-bytes non-tlh="304" tlh="995664" />
  <largest-consumer threadName="PmdThread 1" threadId="0000000002519C00" bytes="646952" />
</allocation-stats>
<gc-op id="2400" type="scavenge" timems="1.602" contextid="2397" timestamp="2019-06-15T03:58:16.084">
  <scavenger-info tenureage="3" tenuremask="7ff8" tiltratio="73" />
  <memory-copied type="nursery" objects="12119" bytes="584064" bytesdiscarded="5728" />
  <memory-copied type="tenure" objects="2229" bytes="77768" bytesdiscarded="48" />
  <copy-failed type="nursery" objects="1499" bytes="55952" />
  <references type="weak" candidates="11" cleared="10" enqueued="10" />
  <references type="phantom" candidates="2" cleared="0" enqueued="0" />
</gc-op>
<gc-end id="2401" type="scavenge" contextid="2397" durationms="116.657" usertimems="104.000" systemtimems="12.000" timestamp="2019-06-15T03:58:16.199" activeThreads="4">
  <mem-info id="2402" free="2050330104" total="2092630016" percent="97">
    <mem type="nursery" free="720896" total="2228224" percent="32">
      <mem type="allocate" free="720896" total="1310720" percent="55" />
      <mem type="survivor" free="0" total="917504" percent="0" />
    </mem>
    <mem type="tenure" free="2049609208" total="2090401792" percent="98">
      <mem type="soa" free="1945089528" total="1985882112" percent="97" />
      <mem type="loa" free="104519680" total="104519680" percent="100" />
    </mem>
    <pending-finalizers system="0" default="0" reference="10" classloader="0" />
    <remembered-set count="1418" />
  </mem-info>
</gc-end>
<cycle-end id="2403" type="scavenge" contextid="2397" timestamp="2019-06-15T03:58:16.199" />
  <attribute name="elasticGC enabled" value="1" />
  <attribute name= "numThreadsSpecified" value="4" />
  <attribute name="heapSize specified" value="8519680" />
  <attribute name="Current GC Util" value="3" />
  <attribute name= "Current Time Running" value="2588" />
  <attribute name ="GC Interval" value="200" />
  <attribute name="ProportionalT" value="-8.500000" />
  <attribute name="ProportionalI" value="-8.500000" />
  <attribute name="ProportionalH" value="-8.500000" />
  <attribute name="Current Error" value="-17.000000" />
  <attribute name="IntegralT" value="-2142.000000" />
  <attribute name="IntegralI" value="-2142.000000" />
  <attribute name="IntegralH" value="-2142.000000" />
  <attribute name="DerivativeT" value="-0.785714" />
  <attribute name="DerivativeI" value="-0.785714" />
  <attribute name="DerivativeH" value="-0.785714" />
  <attribute name="Loop Time for DT" value="126.000000" />
  <attribute name="Output H" value="2092630016"/>
  <attribute name="Output I" value="200"/>
  <attribute name="Output T" value="4"/>
  <attribute name="Target GC Util Change" value ="20.000000" />
  <attribute name="Current GC Util Change" value="3.000000"/>
  <attribute name="GC Util currently" value="3" />
  <attribute name="CPU Util currently" value="36634901046" />
<allocation-satisfied id="2404" threadId="000000000251D800" bytesRequested="24" />
<af-end id="2405" timestamp="2019-06-15T03:58:16.200" threadId="000000000251E188" success="true" from="nursery"/>
<exclusive-end id="2406" timestamp="2019-06-15T03:58:16.200" durationms="237.069" />

<exclusive-start id="2407" timestamp="2019-06-15T03:58:16.202" intervalms="239.128">
  <response-info timems="0.056" idlems="0.056" threads="0" lastid="0000000002519C00" lastname="PmdThread 1" />
</exclusive-start>
<af-start id="2408" threadId="000000000251A588" totalBytesRequested="16" timestamp="2019-06-15T03:58:16.202" intervalms="239.230" type="nursery" />
<cycle-start id="2409" type="scavenge" contextid="0" timestamp="2019-06-15T03:58:16.202" intervalms="239.294" />
<gc-start id="2410" type="scavenge" contextid="2409" timestamp="2019-06-15T03:58:16.202">
  <mem-info id="2411" free="2049609208" total="2092630016" percent="97">
    <mem type="nursery" free="0" total="2228224" percent="0">
      <mem type="allocate" free="0" total="1310720" percent="0" />
      <mem type="survivor" free="0" total="917504" percent="0" />
    </mem>
    <mem type="tenure" free="2049609208" total="2090401792" percent="98">
      <mem type="soa" free="1945089528" total="1985882112" percent="97" />
      <mem type="loa" free="104519680" total="104519680" percent="100" />
    </mem>
    <remembered-set count="1522" />
  </mem-info>
</gc-start>
<allocation-stats totalBytes="720528" >
  <allocated-bytes non-tlh="24" tlh="720504" />
  <largest-consumer threadName="PmdThread 1" threadId="0000000002519C00" bytes="475032" />
</allocation-stats>
<gc-op id="2412" type="scavenge" timems="1.796" contextid="2409" timestamp="2019-06-15T03:58:16.204">
  <scavenger-info tenureage="2" tenuremask="7ffc" tiltratio="58" />
  <memory-copied type="nursery" objects="6754" bytes="255128" bytesdiscarded="128104" />
  <memory-copied type="tenure" objects="8745" bytes="445488" bytesdiscarded="424" />
  <references type="weak" candidates="1" cleared="1" enqueued="1" />
  <references type="phantom" candidates="1" cleared="1" enqueued="1" />
</gc-op>
<gc-end id="2413" type="scavenge" contextid="2409" durationms="2.151" usertimems="4.000" systemtimems="0.000" timestamp="2019-06-15T03:58:16.204" activeThreads="4">
  <mem-info id="2414" free="2050077904" total="2092630016" percent="97">
    <mem type="nursery" free="993024" total="2228224" percent="44">
      <mem type="allocate" free="993024" total="1376256" percent="72" />
      <mem type="survivor" free="0" total="851968" percent="0" />
    </mem>
    <mem type="tenure" free="2049084880" total="2090401792" percent="98">
      <mem type="soa" free="1944565200" total="1985882112" percent="97" />
      <mem type="loa" free="104519680" total="104519680" percent="100" />
    </mem>
    <pending-finalizers system="0" default="0" reference="2" classloader="0" />
    <remembered-set count="550" />
  </mem-info>
</gc-end>
<cycle-end id="2415" type="scavenge" contextid="2409" timestamp="2019-06-15T03:58:16.204" />
  <attribute name="elasticGC enabled" value="1" />
  <attribute name= "numThreadsSpecified" value="4" />
  <attribute name="heapSize specified" value="8519680" />
  <attribute name="Current GC Util" value="198" />
  <attribute name= "Current Time Running" value="2708" />
  <attribute name ="GC Interval" value="4000" />
  <attribute name="ProportionalT" value="89.000000" />
  <attribute name="ProportionalI" value="89.000000" />
  <attribute name="ProportionalH" value="89.000000" />
  <attribute name="Current Error" value="178.000000" />
  <attribute name="IntegralT" value="21360.000000" />
  <attribute name="IntegralI" value="21360.000000" />
  <attribute name="IntegralH" value="21360.000000" />
  <attribute name="DerivativeT" value="2.225000" />
  <attribute name="DerivativeI" value="2.225000" />
  <attribute name="DerivativeH" value="2.225000" />
  <attribute name="Loop Time for DT" value="120.000000" />
  <attribute name="Output H" value="8388608"/>
  <attribute name="Output I" value="4000"/>
  <attribute name="Output T" value="4"/>
  <attribute name="Target GC Util Change" value ="20.000000" />
  <attribute name="Current GC Util Change" value="198.000000"/>
  <attribute name="GC Util currently" value="198" />
  <attribute name="CPU Util currently" value="38596921133" />
<allocation-satisfied id="2416" threadId="0000000002519C00" bytesRequested="16" />
<af-end id="2417" timestamp="2019-06-15T03:58:16.205" threadId="000000000251A588" success="true" from="nursery"/>
<exclusive-end id="2418" timestamp="2019-06-15T03:58:16.205" durationms="2.983" />

<exclusive-start id="2419" timestamp="2019-06-15T03:58:16.206" intervalms="4.807">
  <response-info timems="0.032" idlems="0.032" threads="0" lastid="0000000002529000" lastname="PmdThread 4" />
</exclusive-start>
<af-start id="2420" threadId="0000000002529988" totalBytesRequested="56" timestamp="2019-06-15T03:58:16.207" intervalms="4.710" type="nursery" />
<cycle-start id="2421" type="scavenge" contextid="0" timestamp="2019-06-15T03:58:16.207" intervalms="4.649" />
<gc-start id="2422" type="scavenge" contextid="2421" timestamp="2019-06-15T03:58:16.207">
  <mem-info id="2423" free="2049084880" total="2092630016" percent="97">
    <mem type="nursery" free="0" total="2228224" percent="0">
      <mem type="allocate" free="0" total="1376256" percent="0" />
      <mem type="survivor" free="0" total="851968" percent="0" />
    </mem>
    <mem type="tenure" free="2049084880" total="2090401792" percent="98">
      <mem type="soa" free="1944565200" total="1985882112" percent="97" />
      <mem type="loa" free="104519680" total="104519680" percent="100" />
    </mem>
    <remembered-set count="599" />
  </mem-info>
</gc-start>
<allocation-stats totalBytes="991512" >
  <allocated-bytes non-tlh="16" tlh="991496" />
  <largest-consumer threadName="PmdThread 1" threadId="0000000002519C00" bytes="372576" />
</allocation-stats>
<gc-op id="2424" type="scavenge" timems="1.167" contextid="2421" timestamp="2019-06-15T03:58:16.208">
  <scavenger-info tenureage="2" tenuremask="7ffc" tiltratio="61" />
  <memory-copied type="nursery" objects="5791" bytes="214624" bytesdiscarded="137888" />
  <memory-copied type="tenure" objects="3231" bytes="118888" bytesdiscarded="408" />
  <references type="weak" candidates="31" cleared="31" enqueued="31" />
</gc-op>
<gc-end id="2425" type="scavenge" contextid="2421" durationms="1.435" usertimems="0.000" systemtimems="0.000" timestamp="2019-06-15T03:58:16.208" activeThreads="4">
  <mem-info id="2426" free="2050122192" total="2092630016" percent="97">
    <mem type="nursery" free="1154816" total="2228224" percent="51">
      <mem type="allocate" free="1154816" total="1507328" percent="76" />
      <mem type="survivor" free="0" total="720896" percent="0" />
    </mem>
    <mem type="tenure" free="2048967376" total="2090401792" percent="98">
      <mem type="soa" free="1944447696" total="1985882112" percent="97" />
      <mem type="loa" free="104519680" total="104519680" percent="100" />
    </mem>
    <pending-finalizers system="0" default="0" reference="31" classloader="0" />
    <remembered-set count="275" />
  </mem-info>
</gc-end>
<cycle-end id="2427" type="scavenge" contextid="2421" timestamp="2019-06-15T03:58:16.208" />
  <attribute name="elasticGC enabled" value="1" />
  <attribute name= "numThreadsSpecified" value="4" />
  <attribute name="heapSize specified" value="8519680" />
  <attribute name="Current GC Util" value="91" />
  <attribute name= "Current Time Running" value="2712" />
  <attribute name ="GC Interval" value="280" />
  <attribute name="ProportionalT" value="35.500000" />
  <attribute name="ProportionalI" value="35.500000" />
  <attribute name="ProportionalH" value="35.500000" />
  <attribute name="Current Error" value="71.000000" />
  <attribute name="IntegralT" value="284.000000" />
  <attribute name="IntegralI" value="284.000000" />
  <attribute name="IntegralH" value="284.000000" />
  <attribute name="DerivativeT" value="-40.125000" />
  <attribute name="DerivativeI" value="-40.125000" />
  <attribute name="DerivativeH" value="-40.125000" />
  <attribute name="Loop Time for DT" value="4.000000" />
  <attribute name="Output H" value="8388608"/>
  <attribute name="Output I" value="280"/>
  <attribute name="Output T" value="4"/>
  <attribute name="Target GC Util Change" value ="20.000000" />
  <attribute name="Current GC Util Change" value="91.000000"/>
  <attribute name="GC Util currently" value="91" />
  <attribute name="CPU Util currently" value="1024833458718" />
<allocation-satisfied id="2428" threadId="0000000002529000" bytesRequested="56" />
<af-end id="2429" timestamp="2019-06-15T03:58:16.208" threadId="0000000002529988" success="true" from="nursery"/>
<exclusive-end id="2430" timestamp="2019-06-15T03:58:16.209" durationms="2.060" />

<exclusive-start id="2431" timestamp="2019-06-15T03:58:16.211" intervalms="4.241">
  <response-info timems="0.210" idlems="0.106" threads="3" lastid="000000000220D300" lastname="JIT Compilation Thread-0" />
</exclusive-start>
<af-start id="2432" threadId="0000000002525D88" totalBytesRequested="56" timestamp="2019-06-15T03:58:16.211" intervalms="4.233" type="nursery" />
<cycle-start id="2433" type="scavenge" contextid="0" timestamp="2019-06-15T03:58:16.211" intervalms="4.236" />
<gc-start id="2434" type="scavenge" contextid="2433" timestamp="2019-06-15T03:58:16.211">
  <mem-info id="2435" free="2048967288" total="2092630016" percent="97">
    <mem type="nursery" free="0" total="2228224" percent="0">
      <mem type="allocate" free="0" total="1507328" percent="0" />
      <mem type="survivor" free="0" total="720896" percent="0" />
    </mem>
    <mem type="tenure" free="2048967288" total="2090401792" percent="98">
      <mem type="soa" free="1944447608" total="1985882112" percent="97" />
      <mem type="loa" free="104519680" total="104519680" percent="100" />
    </mem>
    <remembered-set count="299" />
  </mem-info>
</gc-start>
<allocation-stats totalBytes="1153768" >
  <allocated-bytes non-tlh="144" tlh="1153624" />
  <largest-consumer threadName="PmdThread 1" threadId="0000000002519C00" bytes="876016" />
</allocation-stats>
<gc-op id="2436" type="scavenge" timems="1.236" contextid="2433" timestamp="2019-06-15T03:58:16.212">
  <scavenger-info tenureage="2" tenuremask="7ffc" tiltratio="67" />
  <memory-copied type="nursery" objects="9067" bytes="408728" bytesdiscarded="109472" />
  <memory-copied type="tenure" objects="3456" bytes="127288" bytesdiscarded="0" />
  <references type="weak" candidates="3" cleared="3" enqueued="3" />
  <references type="phantom" candidates="1" cleared="0" enqueued="0" />
</gc-op>
<gc-end id="2437" type="scavenge" contextid="2433" durationms="1.514" usertimems="0.000" systemtimems="0.000" timestamp="2019-06-15T03:58:16.212" activeThreads="4">
  <mem-info id="2438" free="2049878072" total="2092630016" percent="97">
    <mem type="nursery" free="989120" total="2228224" percent="44">
      <mem type="allocate" free="989120" total="1507328" percent="65" />
      <mem type="survivor" free="0" total="720896" percent="0" />
    </mem>
    <mem type="tenure" free="2048888952" total="2090401792" percent="98">
      <mem type="soa" free="1944369272" total="1985882112" percent="97" />
      <mem type="loa" free="104519680" total="104519680" percent="100" />
    </mem>
    <pending-finalizers system="0" default="0" reference="3" classloader="0" />
    <remembered-set count="149" />
  </mem-info>
</gc-end>
<cycle-end id="2439" type="scavenge" contextid="2433" timestamp="2019-06-15T03:58:16.213" />
  <attribute name="elasticGC enabled" value="1" />
  <attribute name= "numThreadsSpecified" value="4" />
  <attribute name="heapSize specified" value="8519680" />
  <attribute name="Current GC Util" value="51" />
  <attribute name= "Current Time Running" value="2716" />
  <attribute name ="GC Interval" value="200" />
  <attribute name="ProportionalT" value="15.500000" />
  <attribute name="ProportionalI" value="15.500000" />
  <attribute name="ProportionalH" value="15.500000" />
  <attribute name="Current Error" value="31.000000" />
  <attribute name="IntegralT" value="124.000000" />
  <attribute name="IntegralI" value="124.000000" />
  <attribute name="IntegralH" value="124.000000" />
  <attribute name="DerivativeT" value="-15.000000" />
  <attribute name="DerivativeI" value="-15.000000" />
  <attribute name="DerivativeH" value="-15.000000" />
  <attribute name="Loop Time for DT" value="4.000000" />
  <attribute name="Output H" value="8388608"/>
  <attribute name="Output I" value="200"/>
  <attribute name="Output T" value="4"/>
  <attribute name="Target GC Util Change" value ="20.000000" />
  <attribute name="Current GC Util Change" value="51.000000"/>
  <attribute name="GC Util currently" value="51" />
  <attribute name="CPU Util currently" value="1062712853655" />
<allocation-satisfied id="2440" threadId="0000000002525400" bytesRequested="56" />
<af-end id="2441" timestamp="2019-06-15T03:58:16.213" threadId="0000000002525D88" success="true" from="nursery"/>
<exclusive-end id="2442" timestamp="2019-06-15T03:58:16.213" durationms="2.046" />

<exclusive-start id="2443" timestamp="2019-06-15T03:58:16.215" intervalms="3.925">
  <response-info timems="0.033" idlems="0.019" threads="1" lastid="0000000002529000" lastname="PmdThread 4" />
</exclusive-start>
<af-start id="2444" threadId="000000000251A588" totalBytesRequested="56" timestamp="2019-06-15T03:58:16.215" intervalms="3.988" type="nursery" />
<cycle-start id="2445" type="scavenge" contextid="0" timestamp="2019-06-15T03:58:16.215" intervalms="4.011" />
<gc-start id="2446" type="scavenge" contextid="2445" timestamp="2019-06-15T03:58:16.215">
  <mem-info id="2447" free="2048888864" total="2092630016" percent="97">
    <mem type="nursery" free="0" total="2228224" percent="0">
      <mem type="allocate" free="0" total="1507328" percent="0" />
      <mem type="survivor" free="0" total="720896" percent="0" />
    </mem>
    <mem type="tenure" free="2048888864" total="2090401792" percent="98">
      <mem type="soa" free="1944369184" total="1985882112" percent="97" />
      <mem type="loa" free="104519680" total="104519680" percent="100" />
    </mem>
    <remembered-set count="201" />
  </mem-info>
</gc-start>
<allocation-stats totalBytes="987832" >
  <allocated-bytes non-tlh="144" tlh="987688" />
  <largest-consumer threadName="PmdThread 3" threadId="0000000002525400" bytes="442296" />
</allocation-stats>
<gc-op id="2448" type="scavenge" timems="1.306" contextid="2445" timestamp="2019-06-15T03:58:16.216">
  <scavenger-info tenureage="2" tenuremask="7ffc" tiltratio="67" />
  <memory-copied type="nursery" objects="10332" bytes="448384" bytesdiscarded="68232" />
  <memory-copied type="tenure" objects="2160" bytes="80976" bytesdiscarded="0" />
  <references type="weak" candidates="43" cleared="42" enqueued="42" />
  <references type="phantom" candidates="1" cleared="0" enqueued="0" />
</gc-op>
<gc-end id="2449" type="scavenge" contextid="2445" durationms="1.558" usertimems="4.000" systemtimems="0.000" timestamp="2019-06-15T03:58:16.217" activeThreads="4">
  <mem-info id="2450" free="2049840392" total="2092630016" percent="97">
    <mem type="nursery" free="990696" total="2228224" percent="44">
      <mem type="allocate" free="990696" total="1507328" percent="65" />
      <mem type="survivor" free="0" total="720896" percent="0" />
    </mem>
    <mem type="tenure" free="2048849696" total="2090401792" percent="98">
      <mem type="soa" free="1944330016" total="1985882112" percent="97" />
      <mem type="loa" free="104519680" total="104519680" percent="100" />
    </mem>
    <pending-finalizers system="0" default="0" reference="42" classloader="0" />
    <remembered-set count="145" />
  </mem-info>
</gc-end>
<cycle-end id="2451" type="scavenge" contextid="2445" timestamp="2019-06-15T03:58:16.217" />
  <attribute name="elasticGC enabled" value="1" />
  <attribute name= "numThreadsSpecified" value="4" />
  <attribute name="heapSize specified" value="8519680" />
  <attribute name="Current GC Util" value="44" />
  <attribute name= "Current Time Running" value="2720" />
  <attribute name ="GC Interval" value="200" />
  <attribute name="ProportionalT" value="12.000000" />
  <attribute name="ProportionalI" value="12.000000" />
  <attribute name="ProportionalH" value="12.000000" />
  <attribute name="Current Error" value="24.000000" />
  <attribute name="IntegralT" value="96.000000" />
  <attribute name="IntegralI" value="96.000000" />
  <attribute name="IntegralH" value="96.000000" />
  <attribute name="DerivativeT" value="-2.625000" />
  <attribute name="DerivativeI" value="-2.625000" />
  <attribute name="DerivativeH" value="-2.625000" />
  <attribute name="Loop Time for DT" value="4.000000" />
  <attribute name="Output H" value="8388608"/>
  <attribute name="Output I" value="200"/>
  <attribute name="Output T" value="4"/>
  <attribute name="Target GC Util Change" value ="20.000000" />
  <attribute name="Current GC Util Change" value="44.000000"/>
  <attribute name="GC Util currently" value="44" />
  <attribute name="CPU Util currently" value="1169302551677" />
<allocation-satisfied id="2452" threadId="0000000002519C00" bytesRequested="56" />
<af-end id="2453" timestamp="2019-06-15T03:58:16.217" threadId="000000000251A588" success="true" from="nursery"/>
<exclusive-end id="2454" timestamp="2019-06-15T03:58:16.217" durationms="2.158" />

<exclusive-start id="2455" timestamp="2019-06-15T03:58:16.219" intervalms="4.194">
  <response-info timems="0.064" idlems="0.064" threads="0" lastid="000000000251D800" lastname="PmdThread 2" />
</exclusive-start>
<af-start id="2456" threadId="000000000251E188" totalBytesRequested="40" timestamp="2019-06-15T03:58:16.219" intervalms="4.138" type="nursery" />
<cycle-start id="2457" type="scavenge" contextid="0" timestamp="2019-06-15T03:58:16.219" intervalms="4.113" />
<gc-start id="2458" type="scavenge" contextid="2457" timestamp="2019-06-15T03:58:16.219">
  <mem-info id="2459" free="2048849696" total="2092630016" percent="97">
    <mem type="nursery" free="0" total="2228224" percent="0">
      <mem type="allocate" free="0" total="1507328" percent="0" />
      <mem type="survivor" free="0" total="720896" percent="0" />
    </mem>
    <mem type="tenure" free="2048849696" total="2090401792" percent="98">
      <mem type="soa" free="1944330016" total="1985882112" percent="97" />
      <mem type="loa" free="104519680" total="104519680" percent="100" />
    </mem>
    <remembered-set count="376" />
  </mem-info>
</gc-start>
<allocation-stats totalBytes="990392" >
  <allocated-bytes non-tlh="56" tlh="990336" />
  <largest-consumer threadName="PmdThread 1" threadId="0000000002519C00" bytes="724304" />
</allocation-stats>
<gc-op id="2460" type="scavenge" timems="1.261" contextid="2457" timestamp="2019-06-15T03:58:16.220">
  <scavenger-info tenureage="2" tenuremask="7ffc" tiltratio="67" />
  <memory-copied type="nursery" objects="9122" bytes="335320" bytesdiscarded="95512" />
  <memory-copied type="tenure" objects="6210" bytes="298024" bytesdiscarded="112" />
  <references type="weak" candidates="1" cleared="0" enqueued="0" />
  <references type="phantom" candidates="1" cleared="0" enqueued="0" />
</gc-op>
<gc-end id="2461" type="scavenge" contextid="2457" durationms="1.433" usertimems="0.000" systemtimems="0.000" timestamp="2019-06-15T03:58:16.220" activeThreads="4">
  <mem-info id="2462" free="2049754888" total="2092630016" percent="97">
    <mem type="nursery" free="1142016" total="2228224" percent="51">
      <mem type="allocate" free="1142016" total="1572864" percent="72" />
      <mem type="survivor" free="0" total="655360" percent="0" />
    </mem>
    <mem type="tenure" free="2048612872" total="2090401792" percent="98">
      <mem type="soa" free="1944093192" total="1985882112" percent="97" />
      <mem type="loa" free="104519680" total="104519680" percent="100" />
    </mem>
    <remembered-set count="451" />
  </mem-info>
</gc-end>
<cycle-end id="2463" type="scavenge" contextid="2457" timestamp="2019-06-15T03:58:16.221" />
  <attribute name="elasticGC enabled" value="1" />
  <attribute name= "numThreadsSpecified" value="4" />
  <attribute name="heapSize specified" value="8519680" />
  <attribute name="Current GC Util" value="60" />
  <attribute name= "Current Time Running" value="2724" />
  <attribute name ="GC Interval" value="200" />
  <attribute name="ProportionalT" value="20.000000" />
  <attribute name="ProportionalI" value="20.000000" />
  <attribute name="ProportionalH" value="20.000000" />
  <attribute name="Current Error" value="40.000000" />
  <attribute name="IntegralT" value="160.000000" />
  <attribute name="IntegralI" value="160.000000" />
  <attribute name="IntegralH" value="160.000000" />
  <attribute name="DerivativeT" value="6.000000" />
  <attribute name="DerivativeI" value="6.000000" />
  <attribute name="DerivativeH" value="6.000000" />
  <attribute name="Loop Time for DT" value="4.000000" />
  <attribute name="Output H" value="8388608"/>
  <attribute name="Output I" value="200"/>
  <attribute name="Output T" value="4"/>
  <attribute name="Target GC Util Change" value ="20.000000" />
  <attribute name="Current GC Util Change" value="60.000000"/>
  <attribute name="GC Util currently" value="60" />
  <attribute name="CPU Util currently" value="1140902943124" />
<allocation-satisfied id="2464" threadId="000000000251D800" bytesRequested="40" />
<af-end id="2465" timestamp="2019-06-15T03:58:16.221" threadId="000000000251E188" success="true" from="nursery"/>
<exclusive-end id="2466" timestamp="2019-06-15T03:58:16.221" durationms="1.870" />

<exclusive-start id="2467" timestamp="2019-06-15T03:58:16.248" intervalms="29.064">
  <response-info timems="23.112" idlems="23.112" threads="0" lastid="0000000002529000" lastname="PmdThread 4" />
</exclusive-start>
<af-start id="2468" threadId="0000000002529988" totalBytesRequested="40" timestamp="2019-06-15T03:58:16.248" intervalms="29.250" type="nursery" />
<cycle-start id="2469" type="scavenge" contextid="0" timestamp="2019-06-15T03:58:16.248" intervalms="29.329" />
<gc-start id="2470" type="scavenge" contextid="2469" timestamp="2019-06-15T03:58:16.248">
  <mem-info id="2471" free="2048612400" total="2092630016" percent="97">
    <mem type="nursery" free="0" total="2228224" percent="0">
      <mem type="allocate" free="0" total="1572864" percent="0" />
      <mem type="survivor" free="0" total="655360" percent="0" />
    </mem>
    <mem type="tenure" free="2048612400" total="2090401792" percent="98">
      <mem type="soa" free="1944092720" total="1985882112" percent="97" />
      <mem type="loa" free="104519680" total="104519680" percent="100" />
    </mem>
    <remembered-set count="631" />
  </mem-info>
</gc-start>
<allocation-stats totalBytes="1131392" >
  <allocated-bytes non-tlh="512" tlh="1130880" />
  <largest-consumer threadName="PmdThread 4" threadId="0000000002529000" bytes="627208" />
</allocation-stats>
<gc-op id="2472" type="scavenge" timems="1.555" contextid="2469" timestamp="2019-06-15T03:58:16.250">
  <scavenger-info tenureage="2" tenuremask="7ffc" tiltratio="70" />
  <memory-copied type="nursery" objects="5448" bytes="212280" bytesdiscarded="61888" />
  <memory-copied type="tenure" objects="3900" bytes="136872" bytesdiscarded="104" />
  <references type="weak" candidates="66" cleared="66" enqueued="66" />
  <references type="phantom" candidates="2" cleared="1" enqueued="1" />
</gc-op>
<gc-end id="2473" type="scavenge" contextid="2469" durationms="1.966" usertimems="4.000" systemtimems="0.000" timestamp="2019-06-15T03:58:16.250" activeThreads="4">
  <mem-info id="2474" free="2049819952" total="2092630016" percent="97">
    <mem type="nursery" free="1364224" total="2228224" percent="61">
      <mem type="allocate" free="1364224" total="1638400" percent="83" />
      <mem type="survivor" free="0" total="589824" percent="0" />
    </mem>
    <mem type="tenure" free="2048455728" total="2090401792" percent="97">
      <mem type="soa" free="1943936048" total="1985882112" percent="97" />
      <mem type="loa" free="104519680" total="104519680" percent="100" />
    </mem>
    <pending-finalizers system="0" default="0" reference="67" classloader="0" />
    <remembered-set count="370" />
  </mem-info>
</gc-end>
<cycle-end id="2475" type="scavenge" contextid="2469" timestamp="2019-06-15T03:58:16.251" />
  <attribute name="elasticGC enabled" value="1" />
  <attribute name= "numThreadsSpecified" value="4" />
  <attribute name="heapSize specified" value="8519680" />
  <attribute name="Current GC Util" value="6" />
  <attribute name= "Current Time Running" value="2754" />
  <attribute name ="GC Interval" value="200" />
  <attribute name="ProportionalT" value="-7.000000" />
  <attribute name="ProportionalI" value="-7.000000" />
  <attribute name="ProportionalH" value="-7.000000" />
  <attribute name="Current Error" value="-14.000000" />
  <attribute name="IntegralT" value="-420.000000" />
  <attribute name="IntegralI" value="-420.000000" />
  <attribute name="IntegralH" value="-420.000000" />
  <attribute name="DerivativeT" value="-2.700000" />
  <attribute name="DerivativeI" value="-2.700000" />
  <attribute name="DerivativeH" value="-2.700000" />
  <attribute name="Loop Time for DT" value="30.000000" />
  <attribute name="Output H" value="2092630016"/>
  <attribute name="Output I" value="200"/>
  <attribute name="Output T" value="4"/>
  <attribute name="Target GC Util Change" value ="20.000000" />
  <attribute name="Current GC Util Change" value="6.000000"/>
  <attribute name="GC Util currently" value="6" />
  <attribute name="CPU Util currently" value="155434438197" />
<allocation-satisfied id="2476" threadId="0000000002529000" bytesRequested="40" />
<af-end id="2477" timestamp="2019-06-15T03:58:16.251" threadId="0000000002529988" success="true" from="nursery"/>
<exclusive-end id="2478" timestamp="2019-06-15T03:58:16.251" durationms="2.858" />

<exclusive-start id="2479" timestamp="2019-06-15T03:58:16.253" intervalms="5.411">
  <response-info timems="0.199" idlems="0.070" threads="4" lastid="000000000220D300" lastname="JIT Compilation Thread-0" />
</exclusive-start>
<af-start id="2480" threadId="000000000251E188" totalBytesRequested="32" timestamp="2019-06-15T03:58:16.253" intervalms="5.271" type="nursery" />
<cycle-start id="2481" type="scavenge" contextid="0" timestamp="2019-06-15T03:58:16.254" intervalms="5.194" />
<gc-start id="2482" type="scavenge" contextid="2481" timestamp="2019-06-15T03:58:16.254">
  <mem-info id="2483" free="2048455640" total="2092630016" percent="97">
    <mem type="nursery" free="0" total="2228224" percent="0">
      <mem type="allocate" free="0" total="1638400" percent="0" />
      <mem type="survivor" free="0" total="589824" percent="0" />
    </mem>
    <mem type="tenure" free="2048455640" total="2090401792" percent="97">
      <mem type="soa" free="1943935960" total="1985882112" percent="97" />
      <mem type="loa" free="104519680" total="104519680" percent="100" />
    </mem>
    <remembered-set count="626" />
  </mem-info>
</gc-start>
<allocation-stats totalBytes="1363592" >
  <allocated-bytes non-tlh="128" tlh="1363464" />
  <largest-consumer threadName="PmdThread 1" threadId="0000000002519C00" bytes="565096" />
</allocation-stats>
<gc-op id="2484" type="scavenge" timems="2.882" contextid="2481" timestamp="2019-06-15T03:58:16.257">
  <scavenger-info tenureage="2" tenuremask="7ffc" tiltratio="73" />
  <memory-copied type="nursery" objects="6360" bytes="295864" bytesdiscarded="64592" />
  <memory-copied type="tenure" objects="5078" bytes="188384" bytesdiscarded="80" />
  <references type="weak" candidates="32" cleared="32" enqueued="32" />
  <references type="phantom" candidates="1" cleared="0" enqueued="0" />
</gc-op>
<gc-end id="2485" type="scavenge" contextid="2481" durationms="3.330" usertimems="4.000" systemtimems="0.000" timestamp="2019-06-15T03:58:16.257" activeThreads="4">
  <mem-info id="2486" free="2049576904" total="2092630016" percent="97">
    <mem type="nursery" free="1277936" total="2228224" percent="57">
      <mem type="allocate" free="1277936" total="1638400" percent="77" />
      <mem type="survivor" free="0" total="589824" percent="0" />
    </mem>
    <mem type="tenure" free="2048298968" total="2090401792" percent="97">
      <mem type="soa" free="1943779288" total="1985882112" percent="97" />
      <mem type="loa" free="104519680" total="104519680" percent="100" />
    </mem>
    <pending-finalizers system="0" default="0" reference="32" classloader="0" />
    <remembered-set count="368" />
  </mem-info>
</gc-end>
<cycle-end id="2487" type="scavenge" contextid="2481" timestamp="2019-06-15T03:58:16.257" />
  <attribute name="elasticGC enabled" value="1" />
  <attribute name= "numThreadsSpecified" value="4" />
  <attribute name="heapSize specified" value="8519680" />
  <attribute name="Current GC Util" value="51" />
  <attribute name= "Current Time Running" value="2759" />
  <attribute name ="GC Interval" value="200" />
  <attribute name="ProportionalT" value="15.500000" />
  <attribute name="ProportionalI" value="15.500000" />
  <attribute name="ProportionalH" value="15.500000" />
  <attribute name="Current Error" value="31.000000" />
  <attribute name="IntegralT" value="155.000000" />
  <attribute name="IntegralI" value="155.000000" />
  <attribute name="IntegralH" value="155.000000" />
  <attribute name="DerivativeT" value="9.300000" />
  <attribute name="DerivativeI" value="9.300000" />
  <attribute name="DerivativeH" value="9.300000" />
  <attribute name="Loop Time for DT" value="5.000000" />
  <attribute name="Output H" value="8388608"/>
  <attribute name="Output I" value="200"/>
  <attribute name="Output T" value="4"/>
  <attribute name="Target GC Util Change" value ="20.000000" />
  <attribute name="Current GC Util Change" value="51.000000"/>
  <attribute name="GC Util currently" value="51" />
  <attribute name="CPU Util currently" value="929712984934" />
<allocation-satisfied id="2488" threadId="000000000251D800" bytesRequested="32" />
<af-end id="2489" timestamp="2019-06-15T03:58:16.257" threadId="000000000251E188" success="true" from="nursery"/>
<exclusive-end id="2490" timestamp="2019-06-15T03:58:16.257" durationms="4.196" />

<exclusive-start id="2491" timestamp="2019-06-15T03:58:16.259" intervalms="5.961">
  <response-info timems="0.030" idlems="0.030" threads="0" lastid="0000000002529000" lastname="PmdThread 4" />
</exclusive-start>
<af-start id="2492" threadId="0000000002529988" totalBytesRequested="72" timestamp="2019-06-15T03:58:16.259" intervalms="6.029" type="nursery" />
<cycle-start id="2493" type="scavenge" contextid="0" timestamp="2019-06-15T03:58:16.260" intervalms="6.015" />
<gc-start id="2494" type="scavenge" contextid="2493" timestamp="2019-06-15T03:58:16.260">
  <mem-info id="2495" free="2048298968" total="2092630016" percent="97">
    <mem type="nursery" free="0" total="2228224" percent="0">
      <mem type="allocate" free="0" total="1638400" percent="0" />
      <mem type="survivor" free="0" total="589824" percent="0" />
    </mem>
    <mem type="tenure" free="2048298968" total="2090401792" percent="97">
      <mem type="soa" free="1943779288" total="1985882112" percent="97" />
      <mem type="loa" free="104519680" total="104519680" percent="100" />
    </mem>
    <remembered-set count="551" />
  </mem-info>
</gc-start>
<allocation-stats totalBytes="1276968" >
  <allocated-bytes non-tlh="32" tlh="1276936" />
  <largest-consumer threadName="PmdThread 1" threadId="0000000002519C00" bytes="479008" />
</allocation-stats>
<gc-op id="2496" type="scavenge" timems="1.120" contextid="2493" timestamp="2019-06-15T03:58:16.261">
  <scavenger-info tenureage="2" tenuremask="7ffc" tiltratio="73" />
  <memory-copied type="nursery" objects="11189" bytes="471408" bytesdiscarded="76696" />
  <memory-copied type="tenure" objects="76" bytes="10600" bytesdiscarded="0" />
  <references type="weak" candidates="15" cleared="15" enqueued="15" />
</gc-op>
<gc-end id="2497" type="scavenge" contextid="2493" durationms="1.454" usertimems="4.000" systemtimems="0.000" timestamp="2019-06-15T03:58:16.261" activeThreads="4">
  <mem-info id="2498" free="2049258192" total="2092630016" percent="97">
    <mem type="nursery" free="959224" total="2228224" percent="43">
      <mem type="allocate" free="959224" total="1507328" percent="63" />
      <mem type="survivor" free="0" total="720896" percent="0" />
    </mem>
    <mem type="tenure" free="2048298968" total="2090401792" percent="97">
      <mem type="soa" free="1943779288" total="1985882112" percent="97" />
      <mem type="loa" free="104519680" total="104519680" percent="100" />
    </mem>
    <pending-finalizers system="0" default="0" reference="15" classloader="0" />
    <remembered-set count="516" />
  </mem-info>
</gc-end>
<cycle-end id="2499" type="scavenge" contextid="2493" timestamp="2019-06-15T03:58:16.261" />
  <attribute name="elasticGC enabled" value="1" />
  <attribute name= "numThreadsSpecified" value="4" />
  <attribute name="heapSize specified" value="8519680" />
  <attribute name="Current GC Util" value="62" />
  <attribute name= "Current Time Running" value="2765" />
  <attribute name ="GC Interval" value="280" />
  <attribute name="ProportionalT" value="21.000000" />
  <attribute name="ProportionalI" value="21.000000" />
  <attribute name="ProportionalH" value="21.000000" />
  <attribute name="Current Error" value="42.000000" />
  <attribute name="IntegralT" value="252.000000" />
  <attribute name="IntegralI" value="252.000000" />
  <attribute name="IntegralH" value="252.000000" />
  <attribute name="DerivativeT" value="2.750000" />
  <attribute name="DerivativeI" value="2.750000" />
  <attribute name="DerivativeH" value="2.750000" />
  <attribute name="Loop Time for DT" value="6.000000" />
  <attribute name="Output H" value="8388608"/>
  <attribute name="Output I" value="280"/>
  <attribute name="Output T" value="4"/>
  <attribute name="Target GC Util Change" value ="20.000000" />
  <attribute name="Current GC Util Change" value="62.000000"/>
  <attribute name="GC Util currently" value="62" />
  <attribute name="CPU Util currently" value="765759581547" />
<allocation-satisfied id="2500" threadId="0000000002529000" bytesRequested="72" />
<af-end id="2501" timestamp="2019-06-15T03:58:16.261" threadId="0000000002529988" success="true" from="nursery"/>
<exclusive-end id="2502" timestamp="2019-06-15T03:58:16.261" durationms="2.160" />

<exclusive-start id="2503" timestamp="2019-06-15T03:58:16.263" intervalms="3.410">
  <response-info timems="0.036" idlems="0.020" threads="1" lastid="0000000002529000" lastname="PmdThread 4" />
</exclusive-start>
<af-start id="2504" threadId="000000000251A588" totalBytesRequested="56" timestamp="2019-06-15T03:58:16.263" intervalms="3.290" type="nursery" />
<cycle-start id="2505" type="scavenge" contextid="0" timestamp="2019-06-15T03:58:16.263" intervalms="3.297" />
<gc-start id="2506" type="scavenge" contextid="2505" timestamp="2019-06-15T03:58:16.263">
  <mem-info id="2507" free="2048298968" total="2092630016" percent="97">
    <mem type="nursery" free="0" total="2228224" percent="0">
      <mem type="allocate" free="0" total="1507328" percent="0" />
      <mem type="survivor" free="0" total="720896" percent="0" />
    </mem>
    <mem type="tenure" free="2048298968" total="2090401792" percent="97">
      <mem type="soa" free="1943779288" total="1985882112" percent="97" />
      <mem type="loa" free="104519680" total="104519680" percent="100" />
    </mem>
    <remembered-set count="685" />
  </mem-info>
</gc-start>
<allocation-stats totalBytes="958192" >
  <allocated-bytes non-tlh="72" tlh="958120" />
  <largest-consumer threadName="PmdThread 3" threadId="0000000002525400" bytes="328208" />
</allocation-stats>
<gc-op id="2508" type="scavenge" timems="1.411" contextid="2505" timestamp="2019-06-15T03:58:16.264">
  <scavenger-info tenureage="1" tenuremask="7ffe" tiltratio="67" />
  <memory-copied type="nursery" objects="4603" bytes="169160" bytesdiscarded="110392" />
  <memory-copied type="tenure" objects="10832" bytes="461320" bytesdiscarded="72" />
  <references type="weak" candidates="18" cleared="18" enqueued="18" />
</gc-op>
<gc-end id="2509" type="scavenge" contextid="2505" durationms="1.602" usertimems="0.000" systemtimems="4.000" timestamp="2019-06-15T03:58:16.264" activeThreads="4">
  <mem-info id="2510" free="2049056448" total="2092630016" percent="97">
    <mem type="nursery" free="1293312" total="2228224" percent="58">
      <mem type="allocate" free="1293312" total="1572864" percent="82" />
      <mem type="survivor" free="0" total="655360" percent="0" />
    </mem>
    <mem type="tenure" free="2047763136" total="2090401792" percent="97">
      <mem type="soa" free="1943243456" total="1985882112" percent="97" />
      <mem type="loa" free="104519680" total="104519680" percent="100" />
    </mem>
    <pending-finalizers system="0" default="0" reference="18" classloader="0" />
    <remembered-set count="331" />
  </mem-info>
</gc-end>
<cycle-end id="2511" type="scavenge" contextid="2505" timestamp="2019-06-15T03:58:16.265" />
  <attribute name="elasticGC enabled" value="1" />
  <attribute name= "numThreadsSpecified" value="4" />
  <attribute name="heapSize specified" value="8519680" />
  <attribute name="Current GC Util" value="67" />
  <attribute name= "Current Time Running" value="2768" />
  <attribute name ="GC Interval" value="200" />
  <attribute name="ProportionalT" value="23.500000" />
  <attribute name="ProportionalI" value="23.500000" />
  <attribute name="ProportionalH" value="23.500000" />
  <attribute name="Current Error" value="47.000000" />
  <attribute name="IntegralT" value="141.000000" />
  <attribute name="IntegralI" value="141.000000" />
  <attribute name="IntegralH" value="141.000000" />
  <attribute name="DerivativeT" value="2.500000" />
  <attribute name="DerivativeI" value="2.500000" />
  <attribute name="DerivativeH" value="2.500000" />
  <attribute name="Loop Time for DT" value="3.000000" />
  <attribute name="Output H" value="8388608"/>
  <attribute name="Output I" value="200"/>
  <attribute name="Output T" value="4"/>
  <attribute name="Target GC Util Change" value ="20.000000" />
  <attribute name="Current GC Util Change" value="67.000000"/>
  <attribute name="GC Util currently" value="67" />
  <attribute name="CPU Util currently" value="1438320181923" />
<allocation-satisfied id="2512" threadId="0000000002519C00" bytesRequested="56" />
<af-end id="2513" timestamp="2019-06-15T03:58:16.265" threadId="000000000251A588" success="true" from="nursery"/>
<exclusive-end id="2514" timestamp="2019-06-15T03:58:16.265" durationms="2.057" />

<exclusive-start id="2515" timestamp="2019-06-15T03:58:16.268" intervalms="4.948">
  <response-info timems="0.106" idlems="0.061" threads="1" lastid="000000000220D300" lastname="JIT Compilation Thread-0" />
</exclusive-start>
<af-start id="2516" threadId="000000000251E188" totalBytesRequested="40" timestamp="2019-06-15T03:58:16.268" intervalms="4.963" type="nursery" />
<cycle-start id="2517" type="scavenge" contextid="0" timestamp="2019-06-15T03:58:16.268" intervalms="4.968" />
<gc-start id="2518" type="scavenge" contextid="2517" timestamp="2019-06-15T03:58:16.268">
  <mem-info id="2519" free="2047763136" total="2092630016" percent="97">
    <mem type="nursery" free="0" total="2228224" percent="0">
      <mem type="allocate" free="0" total="1572864" percent="0" />
      <mem type="survivor" free="0" total="655360" percent="0" />
    </mem>
    <mem type="tenure" free="2047763136" total="2090401792" percent="97">
      <mem type="soa" free="1943243456" total="1985882112" percent="97" />
      <mem type="loa" free="104519680" total="104519680" percent="100" />
    </mem>
    <remembered-set count="691" />
  </mem-info>
</gc-start>
<allocation-stats totalBytes="1292672" >
  <allocated-bytes non-tlh="56" tlh="1292616" />
  <largest-consumer threadName="PmdThread 1" threadId="0000000002519C00" bytes="732880" />
</allocation-stats>
<gc-op id="2520" type="scavenge" timems="1.644" contextid="2517" timestamp="2019-06-15T03:58:16.270">
  <scavenger-info tenureage="1" tenuremask="7ffe" tiltratio="70" />
  <memory-copied type="nursery" objects="5631" bytes="204528" bytesdiscarded="69648" />
  <memory-copied type="tenure" objects="4162" bytes="156856" bytesdiscarded="704" />
  <references type="weak" candidates="18" cleared="18" enqueued="18" />
</gc-op>
<gc-end id="2521" type="scavenge" contextid="2517" durationms="2.014" usertimems="0.000" systemtimems="0.000" timestamp="2019-06-15T03:58:16.270" activeThreads="4">
  <mem-info id="2522" free="2049046816" total="2092630016" percent="97">
    <mem type="nursery" free="1364224" total="2228224" percent="61">
      <mem type="allocate" free="1364224" total="1638400" percent="83" />
      <mem type="survivor" free="0" total="589824" percent="0" />
    </mem>
    <mem type="tenure" free="2047682592" total="2090401792" percent="97">
      <mem type="soa" free="1943162912" total="1985882112" percent="97" />
      <mem type="loa" free="104519680" total="104519680" percent="100" />
    </mem>
    <pending-finalizers system="0" default="0" reference="18" classloader="0" />
    <remembered-set count="484" />
  </mem-info>
</gc-end>
<cycle-end id="2523" type="scavenge" contextid="2517" timestamp="2019-06-15T03:58:16.270" />
  <attribute name="elasticGC enabled" value="1" />
  <attribute name= "numThreadsSpecified" value="4" />
  <attribute name="heapSize specified" value="8519680" />
  <attribute name="Current GC Util" value="57" />
  <attribute name= "Current Time Running" value="2773" />
  <attribute name ="GC Interval" value="200" />
  <attribute name="ProportionalT" value="18.500000" />
  <attribute name="ProportionalI" value="18.500000" />
  <attribute name="ProportionalH" value="18.500000" />
  <attribute name="Current Error" value="37.000000" />
  <attribute name="IntegralT" value="185.000000" />
  <attribute name="IntegralI" value="185.000000" />
  <attribute name="IntegralH" value="185.000000" />
  <attribute name="DerivativeT" value="-3.000000" />
  <attribute name="DerivativeI" value="-3.000000" />
  <attribute name="DerivativeH" value="-3.000000" />
  <attribute name="Loop Time for DT" value="5.000000" />
  <attribute name="Output H" value="8388608"/>
  <attribute name="Output I" value="200"/>
  <attribute name="Output T" value="4"/>
  <attribute name="Target GC Util Change" value ="20.000000" />
  <attribute name="Current GC Util Change" value="57.000000"/>
  <attribute name="GC Util currently" value="57" />
  <attribute name="CPU Util currently" value="924376374227" />
<allocation-satisfied id="2524" threadId="000000000251D800" bytesRequested="40" />
<af-end id="2525" timestamp="2019-06-15T03:58:16.270" threadId="000000000251E188" success="true" from="nursery"/>
<exclusive-end id="2526" timestamp="2019-06-15T03:58:16.270" durationms="2.511" />

<exclusive-start id="2527" timestamp="2019-06-15T03:58:16.273" intervalms="5.245">
  <response-info timems="0.031" idlems="0.031" threads="0" lastid="0000000002519C00" lastname="PmdThread 1" />
</exclusive-start>
<af-start id="2528" threadId="000000000251A588" totalBytesRequested="16" timestamp="2019-06-15T03:58:16.273" intervalms="5.251" type="nursery" />
<cycle-start id="2529" type="scavenge" contextid="0" timestamp="2019-06-15T03:58:16.273" intervalms="5.251" />
<gc-start id="2530" type="scavenge" contextid="2529" timestamp="2019-06-15T03:58:16.273">
  <mem-info id="2531" free="2047682592" total="2092630016" percent="97">
    <mem type="nursery" free="0" total="2228224" percent="0">
      <mem type="allocate" free="0" total="1638400" percent="0" />
      <mem type="survivor" free="0" total="589824" percent="0" />
    </mem>
    <mem type="tenure" free="2047682592" total="2090401792" percent="97">
      <mem type="soa" free="1943162912" total="1985882112" percent="97" />
      <mem type="loa" free="104519680" total="104519680" percent="100" />
    </mem>
    <remembered-set count="779" />
  </mem-info>
</gc-start>
<allocation-stats totalBytes="1363968" >
  <allocated-bytes non-tlh="40" tlh="1363928" />
  <largest-consumer threadName="PmdThread 1" threadId="0000000002519C00" bytes="749680" />
</allocation-stats>
<gc-op id="2532" type="scavenge" timems="1.513" contextid="2529" timestamp="2019-06-15T03:58:16.275">
  <scavenger-info tenureage="1" tenuremask="7ffe" tiltratio="73" />
  <memory-copied type="nursery" objects="7006" bytes="254656" bytesdiscarded="58688" />
  <memory-copied type="tenure" objects="5518" bytes="200744" bytesdiscarded="80" />
  <references type="weak" candidates="5" cleared="5" enqueued="5" />
</gc-op>
<gc-end id="2533" type="scavenge" contextid="2529" durationms="1.743" usertimems="4.000" systemtimems="0.000" timestamp="2019-06-15T03:58:16.275" activeThreads="4">
  <mem-info id="2534" free="2048855072" total="2092630016" percent="97">
    <mem type="nursery" free="1390592" total="2228224" percent="62">
      <mem type="allocate" free="1390592" total="1703936" percent="81" />
      <mem type="survivor" free="0" total="524288" percent="0" />
    </mem>
    <mem type="tenure" free="2047464480" total="2090401792" percent="97">
      <mem type="soa" free="1942944800" total="1985882112" percent="97" />
      <mem type="loa" free="104519680" total="104519680" percent="100" />
    </mem>
    <pending-finalizers system="0" default="0" reference="5" classloader="0" />
    <remembered-set count="413" />
  </mem-info>
</gc-end>
<cycle-end id="2535" type="scavenge" contextid="2529" timestamp="2019-06-15T03:58:16.275" />
  <attribute name="elasticGC enabled" value="1" />
  <attribute name= "numThreadsSpecified" value="4" />
  <attribute name="heapSize specified" value="8519680" />
  <attribute name="Current GC Util" value="49" />
  <attribute name= "Current Time Running" value="2779" />
  <attribute name ="GC Interval" value="200" />
  <attribute name="ProportionalT" value="14.500000" />
  <attribute name="ProportionalI" value="14.500000" />
  <attribute name="ProportionalH" value="14.500000" />
  <attribute name="Current Error" value="29.000000" />
  <attribute name="IntegralT" value="174.000000" />
  <attribute name="IntegralI" value="174.000000" />
  <attribute name="IntegralH" value="174.000000" />
  <attribute name="DerivativeT" value="-2.000000" />
  <attribute name="DerivativeI" value="-2.000000" />
  <attribute name="DerivativeH" value="-2.000000" />
  <attribute name="Loop Time for DT" value="6.000000" />
  <attribute name="Output H" value="8388608"/>
  <attribute name="Output I" value="200"/>
  <attribute name="Output T" value="4"/>
  <attribute name="Target GC Util Change" value ="20.000000" />
  <attribute name="Current GC Util Change" value="49.000000"/>
  <attribute name="GC Util currently" value="49" />
  <attribute name="CPU Util currently" value="879068901128" />
<allocation-satisfied id="2536" threadId="0000000002519C00" bytesRequested="16" />
<af-end id="2537" timestamp="2019-06-15T03:58:16.275" threadId="000000000251A588" success="true" from="nursery"/>
<exclusive-end id="2538" timestamp="2019-06-15T03:58:16.275" durationms="2.385" />

<exclusive-start id="2539" timestamp="2019-06-15T03:58:16.277" intervalms="4.201">
  <response-info timems="0.033" idlems="0.033" threads="0" lastid="000000000251D800" lastname="PmdThread 2" />
</exclusive-start>
<af-start id="2540" threadId="000000000251E188" totalBytesRequested="147400" timestamp="2019-06-15T03:58:16.277" intervalms="4.175" type="nursery" />
<cycle-start id="2541" type="scavenge" contextid="0" timestamp="2019-06-15T03:58:16.277" intervalms="4.170" />
<gc-start id="2542" type="scavenge" contextid="2541" timestamp="2019-06-15T03:58:16.277">
  <mem-info id="2543" free="2047633560" total="2092630016" percent="97">
    <mem type="nursery" free="169080" total="2228224" percent="7">
      <mem type="allocate" free="169080" total="1703936" percent="9" />
      <mem type="survivor" free="0" total="524288" percent="0" />
    </mem>
    <mem type="tenure" free="2047464480" total="2090401792" percent="97">
      <mem type="soa" free="1942944800" total="1985882112" percent="97" />
      <mem type="loa" free="104519680" total="104519680" percent="100" />
    </mem>
    <remembered-set count="1247" />
  </mem-info>
</gc-start>
<allocation-stats totalBytes="1221112" >
  <allocated-bytes non-tlh="295816" tlh="925296" />
  <largest-consumer threadName="PmdThread 3" threadId="0000000002525400" bytes="687808" />
</allocation-stats>
<gc-op id="2544" type="scavenge" timems="2.635" contextid="2541" timestamp="2019-06-15T03:58:16.280">
  <scavenger-info tenureage="1" tenuremask="7ffe" tiltratio="76" />
  <memory-copied type="nursery" objects="2824" bytes="248000" bytesdiscarded="96200" />
  <memory-copied type="tenure" objects="6558" bytes="242848" bytesdiscarded="88" />
  <references type="weak" candidates="1" cleared="0" enqueued="0" />
  <references type="phantom" candidates="1" cleared="0" enqueued="0" />
</gc-op>
<gc-end id="2545" type="scavenge" contextid="2541" durationms="3.062" usertimems="4.000" systemtimems="0.000" timestamp="2019-06-15T03:58:16.280" activeThreads="4">
  <mem-info id="2546" free="2048589168" total="2092630016" percent="97">
    <mem type="nursery" free="1359696" total="2228224" percent="61">
      <mem type="allocate" free="1359696" total="1703936" percent="79" />
      <mem type="survivor" free="0" total="524288" percent="0" />
    </mem>
    <mem type="tenure" free="2047229472" total="2090401792" percent="97">
      <mem type="soa" free="1942709792" total="1985882112" percent="97" />
      <mem type="loa" free="104519680" total="104519680" percent="100" />
    </mem>
    <remembered-set count="990" />
  </mem-info>
</gc-end>
<cycle-end id="2547" type="scavenge" contextid="2541" timestamp="2019-06-15T03:58:16.281" />
  <attribute name="elasticGC enabled" value="1" />
  <attribute name= "numThreadsSpecified" value="4" />
  <attribute name="heapSize specified" value="8519680" />
  <attribute name="Current GC Util" value="54" />
  <attribute name= "Current Time Running" value="2783" />
  <attribute name ="GC Interval" value="200" />
  <attribute name="ProportionalT" value="17.000000" />
  <attribute name="ProportionalI" value="17.000000" />
  <attribute name="ProportionalH" value="17.000000" />
  <attribute name="Current Error" value="34.000000" />
  <attribute name="IntegralT" value="136.000000" />
  <attribute name="IntegralI" value="136.000000" />
  <attribute name="IntegralH" value="136.000000" />
  <attribute name="DerivativeT" value="1.875000" />
  <attribute name="DerivativeI" value="1.875000" />
  <attribute name="DerivativeH" value="1.875000" />
  <attribute name="Loop Time for DT" value="4.000000" />
  <attribute name="Output H" value="8388608"/>
  <attribute name="Output I" value="200"/>
  <attribute name="Output T" value="4"/>
  <attribute name="Target GC Util Change" value ="20.000000" />
  <attribute name="Current GC Util Change" value="54.000000"/>
  <attribute name="GC Util currently" value="54" />
  <attribute name="CPU Util currently" value="1100715131569" />
<allocation-satisfied id="2548" threadId="000000000251D800" bytesRequested="147400" />
<af-end id="2549" timestamp="2019-06-15T03:58:16.281" threadId="000000000251E188" success="true" from="nursery"/>
<exclusive-end id="2550" timestamp="2019-06-15T03:58:16.281" durationms="3.859" />

<exclusive-start id="2551" timestamp="2019-06-15T03:58:16.282" intervalms="5.325">
  <response-info timems="0.029" idlems="0.029" threads="0" lastid="0000000002519C00" lastname="PmdThread 1" />
</exclusive-start>
<af-start id="2552" threadId="000000000251A588" totalBytesRequested="32" timestamp="2019-06-15T03:58:16.282" intervalms="5.335" type="nursery" />
<cycle-start id="2553" type="scavenge" contextid="0" timestamp="2019-06-15T03:58:16.283" intervalms="5.352" />
<gc-start id="2554" type="scavenge" contextid="2553" timestamp="2019-06-15T03:58:16.283">
  <mem-info id="2555" free="2047229472" total="2092630016" percent="97">
    <mem type="nursery" free="0" total="2228224" percent="0">
      <mem type="allocate" free="0" total="1703936" percent="0" />
      <mem type="survivor" free="0" total="524288" percent="0" />
    </mem>
    <mem type="tenure" free="2047229472" total="2090401792" percent="97">
      <mem type="soa" free="1942709792" total="1985882112" percent="97" />
      <mem type="loa" free="104519680" total="104519680" percent="100" />
    </mem>
    <remembered-set count="1591" />
  </mem-info>
</gc-start>
<allocation-stats totalBytes="1359264" >
  <allocated-bytes non-tlh="147400" tlh="1211864" />
  <largest-consumer threadName="PmdThread 2" threadId="000000000251D800" bytes="1031856" />
</allocation-stats>
<gc-op id="2556" type="scavenge" timems="0.942" contextid="2553" timestamp="2019-06-15T03:58:16.284">
  <scavenger-info tenureage="1" tenuremask="7ffe" tiltratio="76" />
  <memory-copied type="nursery" objects="2434" bytes="252240" bytesdiscarded="74096" />
  <memory-copied type="tenure" objects="2802" bytes="98384" bytesdiscarded="640" />
</gc-op>
<gc-end id="2557" type="scavenge" contextid="2553" durationms="1.211" usertimems="0.000" systemtimems="0.000" timestamp="2019-06-15T03:58:16.284" activeThreads="4">
  <mem-info id="2558" free="2048633432" total="2092630016" percent="97">
    <mem type="nursery" free="1443128" total="2228224" percent="64">
      <mem type="allocate" free="1443128" total="1769472" percent="81" />
      <mem type="survivor" free="0" total="458752" percent="0" />
    </mem>
    <mem type="tenure" free="2047190304" total="2090401792" percent="97">
      <mem type="soa" free="1942670624" total="1985882112" percent="97" />
      <mem type="loa" free="104519680" total="104519680" percent="100" />
    </mem>
    <remembered-set count="693" />
  </mem-info>
</gc-end>
<cycle-end id="2559" type="scavenge" contextid="2553" timestamp="2019-06-15T03:58:16.284" />
  <attribute name="elasticGC enabled" value="1" />
  <attribute name= "numThreadsSpecified" value="4" />
  <attribute name="heapSize specified" value="8519680" />
  <attribute name="Current GC Util" value="73" />
  <attribute name= "Current Time Running" value="2788" />
  <attribute name ="GC Interval" value="304" />
  <attribute name="ProportionalT" value="26.500000" />
  <attribute name="ProportionalI" value="26.500000" />
  <attribute name="ProportionalH" value="26.500000" />
  <attribute name="Current Error" value="53.000000" />
  <attribute name="IntegralT" value="265.000000" />
  <attribute name="IntegralI" value="265.000000" />
  <attribute name="IntegralH" value="265.000000" />
  <attribute name="DerivativeT" value="5.700000" />
  <attribute name="DerivativeI" value="5.700000" />
  <attribute name="DerivativeH" value="5.700000" />
  <attribute name="Loop Time for DT" value="5.000000" />
  <attribute name="Output H" value="8388608"/>
  <attribute name="Output I" value="304"/>
  <attribute name="Output T" value="4"/>
  <attribute name="Target GC Util Change" value ="20.000000" />
  <attribute name="Current GC Util Change" value="73.000000"/>
  <attribute name="GC Util currently" value="73" />
  <attribute name="CPU Util currently" value="855035476377" />
<allocation-satisfied id="2560" threadId="0000000002519C00" bytesRequested="32" />
<af-end id="2561" timestamp="2019-06-15T03:58:16.284" threadId="000000000251A588" success="true" from="nursery"/>
<exclusive-end id="2562" timestamp="2019-06-15T03:58:16.284" durationms="1.839" />

<exclusive-start id="2563" timestamp="2019-06-15T03:58:16.285" intervalms="2.955">
  <response-info timems="0.045" idlems="0.045" threads="0" lastid="000000000251D800" lastname="PmdThread 2" />
</exclusive-start>
<af-start id="2564" threadId="000000000251E188" totalBytesRequested="96" timestamp="2019-06-15T03:58:16.285" intervalms="2.944" type="nursery" />
<cycle-start id="2565" type="scavenge" contextid="0" timestamp="2019-06-15T03:58:16.285" intervalms="2.929" />
<gc-start id="2566" type="scavenge" contextid="2565" timestamp="2019-06-15T03:58:16.286">
  <mem-info id="2567" free="2047190304" total="2092630016" percent="97">
    <mem type="nursery" free="0" total="2228224" percent="0">
      <mem type="allocate" free="0" total="1769472" percent="0" />
      <mem type="survivor" free="0" total="458752" percent="0" />
    </mem>
    <mem type="tenure" free="2047190304" total="2090401792" percent="97">
      <mem type="soa" free="1942670624" total="1985882112" percent="97" />
      <mem type="loa" free="104519680" total="104519680" percent="100" />
    </mem>
    <remembered-set count="893" />
  </mem-info>
</gc-start>
<allocation-stats totalBytes="1442608" >
  <allocated-bytes non-tlh="32" tlh="1442576" />
  <largest-consumer threadName="PmdThread 2" threadId="000000000251D800" bytes="955304" />
</allocation-stats>
<gc-op id="2568" type="scavenge" timems="2.623" contextid="2565" timestamp="2019-06-15T03:58:16.288">
  <scavenger-info tenureage="1" tenuremask="7ffe" tiltratio="79" />
  <memory-copied type="nursery" objects="1348" bytes="68776" bytesdiscarded="79448" />
  <memory-copied type="tenure" objects="2307" bytes="242808" bytesdiscarded="8" />
  <references type="weak" candidates="1" cleared="0" enqueued="0" />
  <references type="phantom" candidates="1" cleared="0" enqueued="0" />
</gc-op>
<gc-end id="2569" type="scavenge" contextid="2565" durationms="3.024" usertimems="0.000" systemtimems="0.000" timestamp="2019-06-15T03:58:16.289" activeThreads="4">
  <mem-info id="2570" free="2048563672" total="2092630016" percent="97">
    <mem type="nursery" free="1621248" total="2228224" percent="72">
      <mem type="allocate" free="1621248" total="1769472" percent="91" />
      <mem type="survivor" free="0" total="458752" percent="0" />
    </mem>
    <mem type="tenure" free="2046942424" total="2090401792" percent="97">
      <mem type="soa" free="1942422744" total="1985882112" percent="97" />
      <mem type="loa" free="104519680" total="104519680" percent="100" />
    </mem>
    <remembered-set count="327" />
  </mem-info>
</gc-end>
<cycle-end id="2571" type="scavenge" contextid="2565" timestamp="2019-06-15T03:58:16.289" />
  <attribute name="elasticGC enabled" value="1" />
  <attribute name= "numThreadsSpecified" value="4" />
  <attribute name="heapSize specified" value="8519680" />
  <attribute name="Current GC Util" value="63" />
  <attribute name= "Current Time Running" value="2791" />
  <attribute name ="GC Interval" value="200" />
  <attribute name="ProportionalT" value="21.500000" />
  <attribute name="ProportionalI" value="21.500000" />
  <attribute name="ProportionalH" value="21.500000" />
  <attribute name="Current Error" value="43.000000" />
  <attribute name="IntegralT" value="129.000000" />
  <attribute name="IntegralI" value="129.000000" />
  <attribute name="IntegralH" value="129.000000" />
  <attribute name="DerivativeT" value="-5.000000" />
  <attribute name="DerivativeI" value="-5.000000" />
  <attribute name="DerivativeH" value="-5.000000" />
  <attribute name="Loop Time for DT" value="3.000000" />
  <attribute name="Output H" value="8388608"/>
  <attribute name="Output I" value="200"/>
  <attribute name="Output T" value="4"/>
  <attribute name="Target GC Util Change" value ="20.000000" />
  <attribute name="Current GC Util Change" value="63.000000"/>
  <attribute name="GC Util currently" value="63" />
  <attribute name="CPU Util currently" value="1615216713294" />
<allocation-satisfied id="2572" threadId="000000000251D800" bytesRequested="96" />
<af-end id="2573" timestamp="2019-06-15T03:58:16.289" threadId="000000000251E188" success="true" from="nursery"/>
<exclusive-end id="2574" timestamp="2019-06-15T03:58:16.289" durationms="3.725" />

<exclusive-start id="2575" timestamp="2019-06-15T03:58:16.290" intervalms="5.079">
  <response-info timems="0.082" idlems="0.082" threads="0" lastid="000000000251D800" lastname="PmdThread 2" />
</exclusive-start>
<af-start id="2576" threadId="000000000251E188" totalBytesRequested="72" timestamp="2019-06-15T03:58:16.290" intervalms="5.078" type="nursery" />
<cycle-start id="2577" type="scavenge" contextid="0" timestamp="2019-06-15T03:58:16.291" intervalms="5.124" />
<gc-start id="2578" type="scavenge" contextid="2577" timestamp="2019-06-15T03:58:16.291">
  <mem-info id="2579" free="2046942424" total="2092630016" percent="97">
    <mem type="nursery" free="0" total="2228224" percent="0">
      <mem type="allocate" free="0" total="1769472" percent="0" />
      <mem type="survivor" free="0" total="458752" percent="0" />
    </mem>
    <mem type="tenure" free="2046942424" total="2090401792" percent="97">
      <mem type="soa" free="1942422744" total="1985882112" percent="97" />
      <mem type="loa" free="104519680" total="104519680" percent="100" />
    </mem>
    <remembered-set count="597" />
  </mem-info>
</gc-start>
<allocation-stats totalBytes="1620712" >
  <allocated-bytes non-tlh="96" tlh="1620616" />
  <largest-consumer threadName="PmdThread 2" threadId="000000000251D800" bytes="909056" />
</allocation-stats>
<gc-op id="2580" type="scavenge" timems="1.854" contextid="2577" timestamp="2019-06-15T03:58:16.293">
  <scavenger-info tenureage="2" tenuremask="7ffc" tiltratio="79" />
  <memory-copied type="nursery" objects="2802" bytes="110328" bytesdiscarded="54008" />
  <references type="weak" candidates="1" cleared="0" enqueued="0" />
  <references type="phantom" candidates="1" cleared="0" enqueued="0" />
</gc-op>
<gc-end id="2581" type="scavenge" contextid="2577" durationms="2.252" usertimems="4.000" systemtimems="0.000" timestamp="2019-06-15T03:58:16.293" activeThreads="4">
  <mem-info id="2582" free="2048613096" total="2092630016" percent="97">
    <mem type="nursery" free="1670672" total="2228224" percent="74">
      <mem type="allocate" free="1670672" total="1835008" percent="91" />
      <mem type="survivor" free="0" total="393216" percent="0" />
    </mem>
    <mem type="tenure" free="2046942424" total="2090401792" percent="97">
      <mem type="soa" free="1942422744" total="1985882112" percent="97" />
      <mem type="loa" free="104519680" total="104519680" percent="100" />
    </mem>
    <remembered-set count="591" />
  </mem-info>
</gc-end>
<cycle-end id="2583" type="scavenge" contextid="2577" timestamp="2019-06-15T03:58:16.293" />
  <attribute name="elasticGC enabled" value="1" />
  <attribute name= "numThreadsSpecified" value="4" />
  <attribute name="heapSize specified" value="8519680" />
  <attribute name="Current GC Util" value="73" />
  <attribute name= "Current Time Running" value="2796" />
  <attribute name ="GC Interval" value="296" />
  <attribute name="ProportionalT" value="26.500000" />
  <attribute name="ProportionalI" value="26.500000" />
  <attribute name="ProportionalH" value="26.500000" />
  <attribute name="Current Error" value="53.000000" />
  <attribute name="IntegralT" value="265.000000" />
  <attribute name="IntegralI" value="265.000000" />
  <attribute name="IntegralH" value="265.000000" />
  <attribute name="DerivativeT" value="3.000000" />
  <attribute name="DerivativeI" value="3.000000" />
  <attribute name="DerivativeH" value="3.000000" />
  <attribute name="Loop Time for DT" value="5.000000" />
  <attribute name="Output H" value="8388608"/>
  <attribute name="Output I" value="296"/>
  <attribute name="Output T" value="4"/>
  <attribute name="Target GC Util Change" value ="20.000000" />
  <attribute name="Current GC Util Change" value="73.000000"/>
  <attribute name="GC Util currently" value="73" />
  <attribute name="CPU Util currently" value="899169030695" />
<allocation-satisfied id="2584" threadId="000000000251D800" bytesRequested="72" />
<af-end id="2585" timestamp="2019-06-15T03:58:16.293" threadId="000000000251E188" success="true" from="nursery"/>
<exclusive-end id="2586" timestamp="2019-06-15T03:58:16.293" durationms="2.999" />

<exclusive-start id="2587" timestamp="2019-06-15T03:58:16.296" intervalms="5.265">
  <response-info timems="0.027" idlems="0.027" threads="1" lastid="0000000002525400" lastname="PmdThread 3" />
</exclusive-start>
<af-start id="2588" threadId="000000000251A588" totalBytesRequested="13056" timestamp="2019-06-15T03:58:16.296" intervalms="5.301" type="nursery" />
<cycle-start id="2589" type="scavenge" contextid="0" timestamp="2019-06-15T03:58:16.296" intervalms="5.255" />
<gc-start id="2590" type="scavenge" contextid="2589" timestamp="2019-06-15T03:58:16.296">
  <mem-info id="2591" free="2046942424" total="2092630016" percent="97">
    <mem type="nursery" free="0" total="2228224" percent="0">
      <mem type="allocate" free="0" total="1835008" percent="0" />
      <mem type="survivor" free="0" total="393216" percent="0" />
    </mem>
    <mem type="tenure" free="2046942424" total="2090401792" percent="97">
      <mem type="soa" free="1942422744" total="1985882112" percent="97" />
      <mem type="loa" free="104519680" total="104519680" percent="100" />
    </mem>
    <remembered-set count="902" />
  </mem-info>
</gc-start>
<allocation-stats totalBytes="1633864" >
  <allocated-bytes non-tlh="16400" tlh="1617464" />
  <largest-consumer threadName="PmdThread 1" threadId="0000000002519C00" bytes="657312" />
</allocation-stats>
<gc-op id="2592" type="scavenge" timems="0.893" contextid="2589" timestamp="2019-06-15T03:58:16.297">
  <scavenger-info tenureage="3" tenuremask="7ff8" tiltratio="82" />
  <memory-copied type="nursery" objects="4133" bytes="208280" bytesdiscarded="96984" />
  <references type="weak" candidates="14" cleared="14" enqueued="14" />
  <references type="phantom" candidates="4" cleared="4" enqueued="4" />
</gc-op>
<gc-end id="2593" type="scavenge" contextid="2589" durationms="1.082" usertimems="0.000" systemtimems="0.000" timestamp="2019-06-15T03:58:16.297" activeThreads="4">
  <mem-info id="2594" free="2048472152" total="2092630016" percent="97">
    <mem type="nursery" free="1529728" total="2228224" percent="68">
      <mem type="allocate" free="1529728" total="1835008" percent="83" />
      <mem type="survivor" free="0" total="393216" percent="0" />
    </mem>
    <mem type="tenure" free="2046942424" total="2090401792" percent="97">
      <mem type="soa" free="1942422744" total="1985882112" percent="97" />
      <mem type="loa" free="104519680" total="104519680" percent="100" />
    </mem>
    <pending-finalizers system="0" default="0" reference="18" classloader="0" />
    <remembered-set count="710" />
  </mem-info>
</gc-end>
<cycle-end id="2595" type="scavenge" contextid="2589" timestamp="2019-06-15T03:58:16.297" />
  <attribute name="elasticGC enabled" value="1" />
  <attribute name= "numThreadsSpecified" value="4" />
  <attribute name="heapSize specified" value="8519680" />
  <attribute name="Current GC Util" value="48" />
  <attribute name= "Current Time Running" value="2801" />
  <attribute name ="GC Interval" value="200" />
  <attribute name="ProportionalT" value="14.000000" />
  <attribute name="ProportionalI" value="14.000000" />
  <attribute name="ProportionalH" value="14.000000" />
  <attribute name="Current Error" value="28.000000" />
  <attribute name="IntegralT" value="140.000000" />
  <attribute name="IntegralI" value="140.000000" />
  <attribute name="IntegralH" value="140.000000" />
  <attribute name="DerivativeT" value="-7.500000" />
  <attribute name="DerivativeI" value="-7.500000" />
  <attribute name="DerivativeH" value="-7.500000" />
  <attribute name="Loop Time for DT" value="5.000000" />
  <attribute name="Output H" value="8388608"/>
  <attribute name="Output I" value="200"/>
  <attribute name="Output T" value="4"/>
  <attribute name="Target GC Util Change" value ="20.000000" />
  <attribute name="Current GC Util Change" value="48.000000"/>
  <attribute name="GC Util currently" value="48" />
  <attribute name="CPU Util currently" value="879775088757" />
<allocation-satisfied id="2596" threadId="0000000002519C00" bytesRequested="13056" />
<af-end id="2597" timestamp="2019-06-15T03:58:16.297" threadId="000000000251A588" success="true" from="nursery"/>
<exclusive-end id="2598" timestamp="2019-06-15T03:58:16.297" durationms="1.576" />

<exclusive-start id="2599" timestamp="2019-06-15T03:58:16.303" intervalms="6.925">
  <response-info timems="0.052" idlems="0.052" threads="0" lastid="000000000251D800" lastname="PmdThread 2" />
</exclusive-start>
<af-start id="2600" threadId="000000000251E188" totalBytesRequested="40" timestamp="2019-06-15T03:58:16.303" intervalms="6.917" type="nursery" />
<cycle-start id="2601" type="scavenge" contextid="0" timestamp="2019-06-15T03:58:16.303" intervalms="6.898" />
<gc-start id="2602" type="scavenge" contextid="2601" timestamp="2019-06-15T03:58:16.303">
  <mem-info id="2603" free="2046942424" total="2092630016" percent="97">
    <mem type="nursery" free="0" total="2228224" percent="0">
      <mem type="allocate" free="0" total="1835008" percent="0" />
      <mem type="survivor" free="0" total="393216" percent="0" />
    </mem>
    <mem type="tenure" free="2046942424" total="2090401792" percent="97">
      <mem type="soa" free="1942422744" total="1985882112" percent="97" />
      <mem type="loa" free="104519680" total="104519680" percent="100" />
    </mem>
    <remembered-set count="1591" />
  </mem-info>
</gc-start>
<allocation-stats totalBytes="1527968" >
  <allocated-bytes non-tlh="13056" tlh="1514912" />
  <largest-consumer threadName="PmdThread 3" threadId="0000000002525400" bytes="921384" />
</allocation-stats>
<gc-op id="2604" type="scavenge" timems="1.968" contextid="2601" timestamp="2019-06-15T03:58:16.305">
  <scavenger-info tenureage="3" tenuremask="7ff8" tiltratio="82" />
  <memory-copied type="nursery" objects="2818" bytes="98320" bytesdiscarded="58328" />
  <memory-copied type="tenure" objects="1253" bytes="44984" bytesdiscarded="0" />
  <references type="weak" candidates="49" cleared="49" enqueued="49" />
  <references type="phantom" candidates="2" cleared="2" enqueued="2" />
</gc-op>
<gc-end id="2605" type="scavenge" contextid="2601" durationms="2.347" usertimems="4.000" systemtimems="0.000" timestamp="2019-06-15T03:58:16.305" activeThreads="4">
  <mem-info id="2606" free="2048686296" total="2092630016" percent="97">
    <mem type="nursery" free="1743872" total="2228224" percent="78">
      <mem type="allocate" free="1743872" total="1900544" percent="91" />
      <mem type="survivor" free="0" total="327680" percent="0" />
    </mem>
    <mem type="tenure" free="2046942424" total="2090401792" percent="97">
      <mem type="soa" free="1942422744" total="1985882112" percent="97" />
      <mem type="loa" free="104519680" total="104519680" percent="100" />
    </mem>
    <pending-finalizers system="0" default="0" reference="51" classloader="0" />
    <remembered-set count="553" />
  </mem-info>
</gc-end>
<cycle-end id="2607" type="scavenge" contextid="2601" timestamp="2019-06-15T03:58:16.305" />
  <attribute name="elasticGC enabled" value="1" />
  <attribute name= "numThreadsSpecified" value="4" />
  <attribute name="heapSize specified" value="8519680" />
  <attribute name="Current GC Util" value="26" />
  <attribute name= "Current Time Running" value="2808" />
  <attribute name ="GC Interval" value="200" />
  <attribute name="ProportionalT" value="3.000000" />
  <attribute name="ProportionalI" value="3.000000" />
  <attribute name="ProportionalH" value="3.000000" />
  <attribute name="Current Error" value="6.000000" />
  <attribute name="IntegralT" value="42.000000" />
  <attribute name="IntegralI" value="42.000000" />
  <attribute name="IntegralH" value="42.000000" />
  <attribute name="DerivativeT" value="-4.714286" />
  <attribute name="DerivativeI" value="-4.714286" />
  <attribute name="DerivativeH" value="-4.714286" />
  <attribute name="Loop Time for DT" value="7.000000" />
  <attribute name="Output H" value="8388608"/>
  <attribute name="Output I" value="200"/>
  <attribute name="Output T" value="4"/>
  <attribute name="Target GC Util Change" value ="20.000000" />
  <attribute name="Current GC Util Change" value="26.000000"/>
  <attribute name="GC Util currently" value="26" />
  <attribute name="CPU Util currently" value="665089974832" />
<allocation-satisfied id="2608" threadId="000000000251D800" bytesRequested="40" />
<af-end id="2609" timestamp="2019-06-15T03:58:16.305" threadId="000000000251E188" success="true" from="nursery"/>
<exclusive-end id="2610" timestamp="2019-06-15T03:58:16.306" durationms="2.946" />

<exclusive-start id="2611" timestamp="2019-06-15T03:58:16.310" intervalms="7.452">
  <response-info timems="0.032" idlems="0.032" threads="0" lastid="0000000002519C00" lastname="PmdThread 1" />
</exclusive-start>
<af-start id="2612" threadId="000000000251A588" totalBytesRequested="952" timestamp="2019-06-15T03:58:16.310" intervalms="7.507" type="nursery" />
<cycle-start id="2613" type="scavenge" contextid="0" timestamp="2019-06-15T03:58:16.310" intervalms="7.590" />
<gc-start id="2614" type="scavenge" contextid="2613" timestamp="2019-06-15T03:58:16.310">
  <mem-info id="2615" free="2046942424" total="2092630016" percent="97">
    <mem type="nursery" free="0" total="2228224" percent="0">
      <mem type="allocate" free="0" total="1900544" percent="0" />
      <mem type="survivor" free="0" total="327680" percent="0" />
    </mem>
    <mem type="tenure" free="2046942424" total="2090401792" percent="97">
      <mem type="soa" free="1942422744" total="1985882112" percent="97" />
      <mem type="loa" free="104519680" total="104519680" percent="100" />
    </mem>
    <remembered-set count="1525" />
  </mem-info>
</gc-start>
<allocation-stats totalBytes="1738464" >
  <allocated-bytes non-tlh="40" tlh="1738424" />
  <largest-consumer threadName="PmdThread 2" threadId="000000000251D800" bytes="1513256" />
</allocation-stats>
<gc-op id="2616" type="scavenge" timems="0.726" contextid="2613" timestamp="2019-06-15T03:58:16.311">
  <scavenger-info tenureage="4" tenuremask="7ff0" tiltratio="85" />
  <memory-copied type="nursery" objects="3090" bytes="107008" bytesdiscarded="41192" />
  <references type="weak" candidates="144" cleared="144" enqueued="144" />
</gc-op>
<gc-end id="2617" type="scavenge" contextid="2613" durationms="0.975" usertimems="0.000" systemtimems="0.000" timestamp="2019-06-15T03:58:16.311" activeThreads="4">
  <mem-info id="2618" free="2048694744" total="2092630016" percent="97">
    <mem type="nursery" free="1752320" total="2228224" percent="78">
      <mem type="allocate" free="1752320" total="1900544" percent="92" />
      <mem type="survivor" free="0" total="327680" percent="0" />
    </mem>
    <mem type="tenure" free="2046942424" total="2090401792" percent="97">
      <mem type="soa" free="1942422744" total="1985882112" percent="97" />
      <mem type="loa" free="104519680" total="104519680" percent="100" />
    </mem>
    <pending-finalizers system="0" default="0" reference="144" classloader="0" />
    <remembered-set count="541" />
  </mem-info>
</gc-end>
<cycle-end id="2619" type="scavenge" contextid="2613" timestamp="2019-06-15T03:58:16.311" />
  <attribute name="elasticGC enabled" value="1" />
  <attribute name= "numThreadsSpecified" value="4" />
  <attribute name="heapSize specified" value="8519680" />
  <attribute name="Current GC Util" value="36" />
  <attribute name= "Current Time Running" value="2816" />
  <attribute name ="GC Interval" value="200" />
  <attribute name="ProportionalT" value="8.000000" />
  <attribute name="ProportionalI" value="8.000000" />
  <attribute name="ProportionalH" value="8.000000" />
  <attribute name="Current Error" value="16.000000" />
  <attribute name="IntegralT" value="128.000000" />
  <attribute name="IntegralI" value="128.000000" />
  <attribute name="IntegralH" value="128.000000" />
  <attribute name="DerivativeT" value="1.875000" />
  <attribute name="DerivativeI" value="1.875000" />
  <attribute name="DerivativeH" value="1.875000" />
  <attribute name="Loop Time for DT" value="8.000000" />
  <attribute name="Output H" value="8388608"/>
  <attribute name="Output I" value="200"/>
  <attribute name="Output T" value="4"/>
  <attribute name="Target GC Util Change" value ="20.000000" />
  <attribute name="Current GC Util Change" value="36.000000"/>
  <attribute name="GC Util currently" value="36" />
  <attribute name="CPU Util currently" value="607361079963" />
<allocation-satisfied id="2620" threadId="0000000002519C00" bytesRequested="952" />
<af-end id="2621" timestamp="2019-06-15T03:58:16.312" threadId="000000000251A588" success="true" from="nursery"/>
<exclusive-end id="2622" timestamp="2019-06-15T03:58:16.312" durationms="1.717" />

<exclusive-start id="2623" timestamp="2019-06-15T03:58:16.315" intervalms="4.968">
  <response-info timems="0.034" idlems="0.034" threads="0" lastid="000000000251D800" lastname="PmdThread 2" />
</exclusive-start>
<af-start id="2624" threadId="000000000251E188" totalBytesRequested="744" timestamp="2019-06-15T03:58:16.315" intervalms="4.918" type="nursery" />
<cycle-start id="2625" type="scavenge" contextid="0" timestamp="2019-06-15T03:58:16.315" intervalms="4.859" />
<gc-start id="2626" type="scavenge" contextid="2625" timestamp="2019-06-15T03:58:16.315">
  <mem-info id="2627" free="2046942424" total="2092630016" percent="97">
    <mem type="nursery" free="0" total="2228224" percent="0">
      <mem type="allocate" free="0" total="1900544" percent="0" />
      <mem type="survivor" free="0" total="327680" percent="0" />
    </mem>
    <mem type="tenure" free="2046942424" total="2090401792" percent="97">
      <mem type="soa" free="1942422744" total="1985882112" percent="97" />
      <mem type="loa" free="104519680" total="104519680" percent="100" />
    </mem>
    <remembered-set count="835" />
  </mem-info>
</gc-start>
<allocation-stats totalBytes="1750184" >
  <allocated-bytes non-tlh="952" tlh="1749232" />
  <largest-consumer threadName="PmdThread 2" threadId="000000000251D800" bytes="1134960" />
</allocation-stats>
<gc-op id="2628" type="scavenge" timems="1.703" contextid="2625" timestamp="2019-06-15T03:58:16.317">
  <scavenger-info tenureage="4" tenuremask="7ff0" tiltratio="85" />
  <memory-copied type="nursery" objects="1736" bytes="67248" bytesdiscarded="206640" />
  <memory-copied type="tenure" objects="1461" bytes="43232" bytesdiscarded="32" />
  <references type="weak" candidates="120" cleared="120" enqueued="120" />
</gc-op>
<gc-end id="2629" type="scavenge" contextid="2625" durationms="2.112" usertimems="0.000" systemtimems="0.000" timestamp="2019-06-15T03:58:16.317" activeThreads="4">
  <mem-info id="2630" free="2048595424" total="2092630016" percent="97">
    <mem type="nursery" free="1692168" total="2228224" percent="75">
      <mem type="allocate" free="1692168" total="1966080" percent="86" />
      <mem type="survivor" free="0" total="262144" percent="0" />
    </mem>
    <mem type="tenure" free="2046903256" total="2090401792" percent="97">
      <mem type="soa" free="1942383576" total="1985882112" percent="97" />
      <mem type="loa" free="104519680" total="104519680" percent="100" />
    </mem>
    <pending-finalizers system="0" default="0" reference="120" classloader="0" />
    <remembered-set count="275" />
  </mem-info>
</gc-end>
<cycle-end id="2631" type="scavenge" contextid="2625" timestamp="2019-06-15T03:58:16.317" />
  <attribute name="elasticGC enabled" value="1" />
  <attribute name= "numThreadsSpecified" value="4" />
  <attribute name="heapSize specified" value="8519680" />
  <attribute name="Current GC Util" value="30" />
  <attribute name= "Current Time Running" value="2821" />
  <attribute name ="GC Interval" value="200" />
  <attribute name="ProportionalT" value="5.000000" />
  <attribute name="ProportionalI" value="5.000000" />
  <attribute name="ProportionalH" value="5.000000" />
  <attribute name="Current Error" value="10.000000" />
  <attribute name="IntegralT" value="50.000000" />
  <attribute name="IntegralI" value="50.000000" />
  <attribute name="IntegralH" value="50.000000" />
  <attribute name="DerivativeT" value="-1.800000" />
  <attribute name="DerivativeI" value="-1.800000" />
  <attribute name="DerivativeH" value="-1.800000" />
  <attribute name="Loop Time for DT" value="5.000000" />
  <attribute name="Output H" value="8388608"/>
  <attribute name="Output I" value="200"/>
  <attribute name="Output T" value="4"/>
  <attribute name="Target GC Util Change" value ="20.000000" />
  <attribute name="Current GC Util Change" value="30.000000"/>
  <attribute name="GC Util currently" value="30" />
  <attribute name="CPU Util currently" value="952657427681" />
<allocation-satisfied id="2632" threadId="000000000251D800" bytesRequested="744" />
<af-end id="2633" timestamp="2019-06-15T03:58:16.318" threadId="000000000251E188" success="true" from="nursery"/>
<exclusive-end id="2634" timestamp="2019-06-15T03:58:16.318" durationms="2.723" />

<exclusive-start id="2635" timestamp="2019-06-15T03:58:16.320" intervalms="4.642">
  <response-info timems="0.030" idlems="0.030" threads="0" lastid="0000000002529000" lastname="PmdThread 4" />
</exclusive-start>
<af-start id="2636" threadId="0000000002529988" totalBytesRequested="16" timestamp="2019-06-15T03:58:16.320" intervalms="4.613" type="nursery" />
<cycle-start id="2637" type="scavenge" contextid="0" timestamp="2019-06-15T03:58:16.320" intervalms="4.606" />
<gc-start id="2638" type="scavenge" contextid="2637" timestamp="2019-06-15T03:58:16.320">
  <mem-info id="2639" free="2046903256" total="2092630016" percent="97">
    <mem type="nursery" free="0" total="2228224" percent="0">
      <mem type="allocate" free="0" total="1966080" percent="0" />
      <mem type="survivor" free="0" total="262144" percent="0" />
    </mem>
    <mem type="tenure" free="2046903256" total="2090401792" percent="97">
      <mem type="soa" free="1942383576" total="1985882112" percent="97" />
      <mem type="loa" free="104519680" total="104519680" percent="100" />
    </mem>
    <remembered-set count="442" />
  </mem-info>
</gc-start>
<allocation-stats totalBytes="1690576" >
  <allocated-bytes non-tlh="744" tlh="1689832" />
  <largest-consumer threadName="PmdThread 1" threadId="0000000002519C00" bytes="815544" />
</allocation-stats>
<gc-op id="2640" type="scavenge" timems="0.280" contextid="2637" timestamp="2019-06-15T03:58:16.320">
  <scavenger-info tenureage="4" tenuremask="7fd0" tiltratio="88" />
  <memory-copied type="nursery" objects="462" bytes="26824" bytesdiscarded="90672" />
  <memory-copied type="tenure" objects="1109" bytes="42656" bytesdiscarded="24" />
  <references type="weak" candidates="56" cleared="56" enqueued="56" />
</gc-op>
<gc-end id="2641" type="scavenge" contextid="2637" durationms="0.472" usertimems="0.000" systemtimems="0.000" timestamp="2019-06-15T03:58:16.320" activeThreads="4">
  <mem-info id="2642" free="2048673496" total="2092630016" percent="97">
    <mem type="nursery" free="1848576" total="2228224" percent="82">
      <mem type="allocate" free="1848576" total="1966080" percent="94" />
      <mem type="survivor" free="0" total="262144" percent="0" />
    </mem>
    <mem type="tenure" free="2046824920" total="2090401792" percent="97">
      <mem type="soa" free="1942305240" total="1985882112" percent="97" />
      <mem type="loa" free="104519680" total="104519680" percent="100" />
    </mem>
    <pending-finalizers system="0" default="0" reference="56" classloader="0" />
    <remembered-set count="136" />
  </mem-info>
</gc-end>
<cycle-end id="2643" type="scavenge" contextid="2637" timestamp="2019-06-15T03:58:16.320" />
  <attribute name="elasticGC enabled" value="1" />
  <attribute name= "numThreadsSpecified" value="4" />
  <attribute name="heapSize specified" value="8519680" />
  <attribute name="Current GC Util" value="50" />
  <attribute name= "Current Time Running" value="2825" />
  <attribute name ="GC Interval" value="200" />
  <attribute name="ProportionalT" value="15.000000" />
  <attribute name="ProportionalI" value="15.000000" />
  <attribute name="ProportionalH" value="15.000000" />
  <attribute name="Current Error" value="30.000000" />
  <attribute name="IntegralT" value="120.000000" />
  <attribute name="IntegralI" value="120.000000" />
  <attribute name="IntegralH" value="120.000000" />
  <attribute name="DerivativeT" value="7.500000" />
  <attribute name="DerivativeI" value="7.500000" />
  <attribute name="DerivativeH" value="7.500000" />
  <attribute name="Loop Time for DT" value="4.000000" />
  <attribute name="Output H" value="8388608"/>
  <attribute name="Output I" value="200"/>
  <attribute name="Output T" value="4"/>
  <attribute name="Target GC Util Change" value ="20.000000" />
  <attribute name="Current GC Util Change" value="50.000000"/>
  <attribute name="GC Util currently" value="50" />
  <attribute name="CPU Util currently" value="1004525683061" />
<allocation-satisfied id="2644" threadId="0000000002529000" bytesRequested="16" />
<af-end id="2645" timestamp="2019-06-15T03:58:16.321" threadId="0000000002529988" success="true" from="nursery"/>
<exclusive-end id="2646" timestamp="2019-06-15T03:58:16.321" durationms="0.891" />

<exclusive-start id="2647" timestamp="2019-06-15T03:58:16.322" intervalms="2.009">
  <response-info timems="0.034" idlems="0.034" threads="0" lastid="0000000002519C00" lastname="PmdThread 1" />
</exclusive-start>
<af-start id="2648" threadId="000000000251A588" totalBytesRequested="32" timestamp="2019-06-15T03:58:16.322" intervalms="2.009" type="nursery" />
<cycle-start id="2649" type="scavenge" contextid="0" timestamp="2019-06-15T03:58:16.322" intervalms="2.008" />
<gc-start id="2650" type="scavenge" contextid="2649" timestamp="2019-06-15T03:58:16.322">
  <mem-info id="2651" free="2046824920" total="2092630016" percent="97">
    <mem type="nursery" free="0" total="2228224" percent="0">
      <mem type="allocate" free="0" total="1966080" percent="0" />
      <mem type="survivor" free="0" total="262144" percent="0" />
    </mem>
    <mem type="tenure" free="2046824920" total="2090401792" percent="97">
      <mem type="soa" free="1942305240" total="1985882112" percent="97" />
      <mem type="loa" free="104519680" total="104519680" percent="100" />
    </mem>
    <remembered-set count="254" />
  </mem-info>
</gc-start>
<allocation-stats totalBytes="1847184" >
  <allocated-bytes non-tlh="16" tlh="1847168" />
  <largest-consumer threadName="PmdThread 4" threadId="0000000002529000" bytes="798640" />
</allocation-stats>
<gc-op id="2652" type="scavenge" timems="0.555" contextid="2649" timestamp="2019-06-15T03:58:16.323">
  <scavenger-info tenureage="7" tenuremask="7f80" tiltratio="88" />
  <memory-copied type="nursery" objects="470" bytes="27040" bytesdiscarded="51288" />
  <references type="weak" candidates="46" cleared="46" enqueued="46" />
</gc-op>
<gc-end id="2653" type="scavenge" contextid="2649" durationms="0.756" usertimems="0.000" systemtimems="0.000" timestamp="2019-06-15T03:58:16.323" activeThreads="4">
  <mem-info id="2654" free="2048712664" total="2092630016" percent="97">
    <mem type="nursery" free="1887744" total="2228224" percent="84">
      <mem type="allocate" free="1887744" total="1966080" percent="96" />
      <mem type="survivor" free="0" total="262144" percent="0" />
    </mem>
    <mem type="tenure" free="2046824920" total="2090401792" percent="97">
      <mem type="soa" free="1942305240" total="1985882112" percent="97" />
      <mem type="loa" free="104519680" total="104519680" percent="100" />
    </mem>
    <pending-finalizers system="0" default="0" reference="46" classloader="0" />
    <remembered-set count="130" />
  </mem-info>
</gc-end>
<cycle-end id="2655" type="scavenge" contextid="2649" timestamp="2019-06-15T03:58:16.323" />
  <attribute name="elasticGC enabled" value="1" />
  <attribute name= "numThreadsSpecified" value="4" />
  <attribute name="heapSize specified" value="8519680" />
  <attribute name="Current GC Util" value="35" />
  <attribute name= "Current Time Running" value="2827" />
  <attribute name ="GC Interval" value="200" />
  <attribute name="ProportionalT" value="7.500000" />
  <attribute name="ProportionalI" value="7.500000" />
  <attribute name="ProportionalH" value="7.500000" />
  <attribute name="Current Error" value="15.000000" />
  <attribute name="IntegralT" value="30.000000" />
  <attribute name="IntegralI" value="30.000000" />
  <attribute name="IntegralH" value="30.000000" />
  <attribute name="DerivativeT" value="-11.250000" />
  <attribute name="DerivativeI" value="-11.250000" />
  <attribute name="DerivativeH" value="-11.250000" />
  <attribute name="Loop Time for DT" value="2.000000" />
  <attribute name="Output H" value="8388608"/>
  <attribute name="Output I" value="200"/>
  <attribute name="Output T" value="4"/>
  <attribute name="Target GC Util Change" value ="20.000000" />
  <attribute name="Current GC Util Change" value="35.000000"/>
  <attribute name="GC Util currently" value="35" />
  <attribute name="CPU Util currently" value="2290956364831" />
<allocation-satisfied id="2656" threadId="0000000002519C00" bytesRequested="32" />
<af-end id="2657" timestamp="2019-06-15T03:58:16.323" threadId="000000000251A588" success="true" from="nursery"/>
<exclusive-end id="2658" timestamp="2019-06-15T03:58:16.323" durationms="1.208" />

<exclusive-start id="2659" timestamp="2019-06-15T03:58:16.324" intervalms="2.313">
  <response-info timems="0.030" idlems="0.028" threads="2" lastid="000000000251D800" lastname="PmdThread 2" />
</exclusive-start>
<af-start id="2660" threadId="000000000251A588" totalBytesRequested="24" timestamp="2019-06-15T03:58:16.324" intervalms="2.304" type="nursery" />
<cycle-start id="2661" type="scavenge" contextid="0" timestamp="2019-06-15T03:58:16.324" intervalms="2.301" />
<gc-start id="2662" type="scavenge" contextid="2661" timestamp="2019-06-15T03:58:16.324">
  <mem-info id="2663" free="2046824920" total="2092630016" percent="97">
    <mem type="nursery" free="0" total="2228224" percent="0">
      <mem type="allocate" free="0" total="1966080" percent="0" />
      <mem type="survivor" free="0" total="262144" percent="0" />
    </mem>
    <mem type="tenure" free="2046824920" total="2090401792" percent="97">
      <mem type="soa" free="1942305240" total="1985882112" percent="97" />
      <mem type="loa" free="104519680" total="104519680" percent="100" />
    </mem>
    <remembered-set count="197" />
  </mem-info>
</gc-start>
<allocation-stats totalBytes="1884776" >
  <allocated-bytes non-tlh="32" tlh="1884744" />
  <largest-consumer threadName="PmdThread 1" threadId="0000000002519C00" bytes="860008" />
</allocation-stats>
<gc-op id="2664" type="scavenge" timems="0.761" contextid="2661" timestamp="2019-06-15T03:58:16.325">
  <scavenger-info tenureage="5" tenuremask="7f20" tiltratio="88" />
  <memory-copied type="nursery" objects="429" bytes="24488" bytesdiscarded="53848" />
  <memory-copied type="tenure" objects="118" bytes="6256" bytesdiscarded="0" />
  <references type="weak" candidates="73" cleared="73" enqueued="73" />
</gc-op>
<gc-end id="2665" type="scavenge" contextid="2661" durationms="0.954" usertimems="4.000" systemtimems="0.000" timestamp="2019-06-15T03:58:16.325" activeThreads="4">
  <mem-info id="2666" free="2048673496" total="2092630016" percent="97">
    <mem type="nursery" free="1887744" total="2228224" percent="84">
      <mem type="allocate" free="1887744" total="1966080" percent="96" />
      <mem type="survivor" free="0" total="262144" percent="0" />
    </mem>
    <mem type="tenure" free="2046785752" total="2090401792" percent="97">
      <mem type="soa" free="1942266072" total="1985882112" percent="97" />
      <mem type="loa" free="104519680" total="104519680" percent="100" />
    </mem>
    <pending-finalizers system="0" default="0" reference="73" classloader="0" />
    <remembered-set count="116" />
  </mem-info>
</gc-end>
<cycle-end id="2667" type="scavenge" contextid="2661" timestamp="2019-06-15T03:58:16.325" />
  <attribute name="elasticGC enabled" value="1" />
  <attribute name= "numThreadsSpecified" value="4" />
  <attribute name="heapSize specified" value="8519680" />
  <attribute name="Current GC Util" value="51" />
  <attribute name= "Current Time Running" value="2830" />
  <attribute name ="GC Interval" value="200" />
  <attribute name="ProportionalT" value="15.500000" />
  <attribute name="ProportionalI" value="15.500000" />
  <attribute name="ProportionalH" value="15.500000" />
  <attribute name="Current Error" value="31.000000" />
  <attribute name="IntegralT" value="93.000000" />
  <attribute name="IntegralI" value="93.000000" />
  <attribute name="IntegralH" value="93.000000" />
  <attribute name="DerivativeT" value="8.000000" />
  <attribute name="DerivativeI" value="8.000000" />
  <attribute name="DerivativeH" value="8.000000" />
  <attribute name="Loop Time for DT" value="3.000000" />
  <attribute name="Output H" value="8388608"/>
  <attribute name="Output I" value="200"/>
  <attribute name="Output T" value="4"/>
  <attribute name="Target GC Util Change" value ="20.000000" />
  <attribute name="Current GC Util Change" value="51.000000"/>
  <attribute name="GC Util currently" value="51" />
  <attribute name="CPU Util currently" value="2005278781340" />
<allocation-satisfied id="2668" threadId="0000000002519C00" bytesRequested="24" />
<af-end id="2669" timestamp="2019-06-15T03:58:16.325" threadId="000000000251A588" success="true" from="nursery"/>
<exclusive-end id="2670" timestamp="2019-06-15T03:58:16.325" durationms="1.386" />

<exclusive-start id="2671" timestamp="2019-06-15T03:58:16.327" intervalms="2.807">
  <response-info timems="0.033" idlems="0.033" threads="0" lastid="000000000251D800" lastname="PmdThread 2" />
</exclusive-start>
<af-start id="2672" threadId="000000000251E188" totalBytesRequested="40" timestamp="2019-06-15T03:58:16.327" intervalms="2.816" type="nursery" />
<cycle-start id="2673" type="scavenge" contextid="0" timestamp="2019-06-15T03:58:16.327" intervalms="2.821" />
<gc-start id="2674" type="scavenge" contextid="2673" timestamp="2019-06-15T03:58:16.327">
  <mem-info id="2675" free="2046785752" total="2092630016" percent="97">
    <mem type="nursery" free="0" total="2228224" percent="0">
      <mem type="allocate" free="0" total="1966080" percent="0" />
      <mem type="survivor" free="0" total="262144" percent="0" />
    </mem>
    <mem type="tenure" free="2046785752" total="2090401792" percent="97">
      <mem type="soa" free="1942266072" total="1985882112" percent="97" />
      <mem type="loa" free="104519680" total="104519680" percent="100" />
    </mem>
    <remembered-set count="203" />
  </mem-info>
</gc-start>
<allocation-stats totalBytes="1886216" >
  <allocated-bytes non-tlh="24" tlh="1886192" />
  <largest-consumer threadName="PmdThread 1" threadId="0000000002519C00" bytes="818568" />
</allocation-stats>
<gc-op id="2676" type="scavenge" timems="1.074" contextid="2673" timestamp="2019-06-15T03:58:16.328">
  <scavenger-info tenureage="5" tenuremask="7e20" tiltratio="88" />
  <memory-copied type="nursery" objects="361" bytes="21392" bytesdiscarded="96112" />
  <memory-copied type="tenure" objects="114" bytes="4416" bytesdiscarded="0" />
  <references type="weak" candidates="97" cleared="97" enqueued="97" />
</gc-op>
<gc-end id="2677" type="scavenge" contextid="2673" durationms="1.444" usertimems="4.000" systemtimems="0.000" timestamp="2019-06-15T03:58:16.328" activeThreads="4">
  <mem-info id="2678" free="2048634328" total="2092630016" percent="97">
    <mem type="nursery" free="1848576" total="2228224" percent="82">
      <mem type="allocate" free="1848576" total="1966080" percent="94" />
      <mem type="survivor" free="0" total="262144" percent="0" />
    </mem>
    <mem type="tenure" free="2046785752" total="2090401792" percent="97">
      <mem type="soa" free="1942266072" total="1985882112" percent="97" />
      <mem type="loa" free="104519680" total="104519680" percent="100" />
    </mem>
    <pending-finalizers system="0" default="0" reference="97" classloader="0" />
    <remembered-set count="116" />
  </mem-info>
</gc-end>
<cycle-end id="2679" type="scavenge" contextid="2673" timestamp="2019-06-15T03:58:16.329" />
  <attribute name="elasticGC enabled" value="1" />
  <attribute name= "numThreadsSpecified" value="4" />
  <attribute name="heapSize specified" value="8519680" />
  <attribute name="Current GC Util" value="54" />
  <attribute name= "Current Time Running" value="2832" />
  <attribute name ="GC Interval" value="200" />
  <attribute name="ProportionalT" value="17.000000" />
  <attribute name="ProportionalI" value="17.000000" />
  <attribute name="ProportionalH" value="17.000000" />
  <attribute name="Current Error" value="34.000000" />
  <attribute name="IntegralT" value="68.000000" />
  <attribute name="IntegralI" value="68.000000" />
  <attribute name="IntegralH" value="68.000000" />
  <attribute name="DerivativeT" value="2.250000" />
  <attribute name="DerivativeI" value="2.250000" />
  <attribute name="DerivativeH" value="2.250000" />
  <attribute name="Loop Time for DT" value="2.000000" />
  <attribute name="Output H" value="8388608"/>
  <attribute name="Output I" value="200"/>
  <attribute name="Output T" value="4"/>
  <attribute name="Target GC Util Change" value ="20.000000" />
  <attribute name="Current GC Util Change" value="54.000000"/>
  <attribute name="GC Util currently" value="54" />
  <attribute name="CPU Util currently" value="1636371506643" />
<allocation-satisfied id="2680" threadId="000000000251D800" bytesRequested="40" />
<af-end id="2681" timestamp="2019-06-15T03:58:16.329" threadId="000000000251E188" success="true" from="nursery"/>
<exclusive-end id="2682" timestamp="2019-06-15T03:58:16.329" durationms="1.968" />

<exclusive-start id="2683" timestamp="2019-06-15T03:58:16.331" intervalms="3.795">
  <response-info timems="0.030" idlems="0.030" threads="0" lastid="0000000002519C00" lastname="PmdThread 1" />
</exclusive-start>
<af-start id="2684" threadId="000000000251A588" totalBytesRequested="24" timestamp="2019-06-15T03:58:16.331" intervalms="3.938" type="nursery" />
<cycle-start id="2685" type="scavenge" contextid="0" timestamp="2019-06-15T03:58:16.331" intervalms="4.001" />
<gc-start id="2686" type="scavenge" contextid="2685" timestamp="2019-06-15T03:58:16.331">
  <mem-info id="2687" free="2046785752" total="2092630016" percent="97">
    <mem type="nursery" free="0" total="2228224" percent="0">
      <mem type="allocate" free="0" total="1966080" percent="0" />
      <mem type="survivor" free="0" total="262144" percent="0" />
    </mem>
    <mem type="tenure" free="2046785752" total="2090401792" percent="97">
      <mem type="soa" free="1942266072" total="1985882112" percent="97" />
      <mem type="loa" free="104519680" total="104519680" percent="100" />
    </mem>
    <remembered-set count="278" />
  </mem-info>
</gc-start>
<allocation-stats totalBytes="1847152" >
  <allocated-bytes non-tlh="40" tlh="1847112" />
  <largest-consumer threadName="PmdThread 1" threadId="0000000002519C00" bytes="1225672" />
</allocation-stats>
<gc-op id="2688" type="scavenge" timems="0.798" contextid="2685" timestamp="2019-06-15T03:58:16.332">
  <scavenger-info tenureage="3" tenuremask="ffb8" tiltratio="88" />
  <memory-copied type="nursery" objects="246" bytes="9256" bytesdiscarded="69080" />
  <memory-copied type="tenure" objects="54" bytes="10368" bytesdiscarded="0" />
  <references type="weak" candidates="74" cleared="74" enqueued="74" />
</gc-op>
<gc-end id="2689" type="scavenge" contextid="2685" durationms="0.994" usertimems="0.000" systemtimems="4.000" timestamp="2019-06-15T03:58:16.332" activeThreads="4">
  <mem-info id="2690" free="2048673496" total="2092630016" percent="97">
    <mem type="nursery" free="1887744" total="2228224" percent="84">
      <mem type="allocate" free="1887744" total="1966080" percent="96" />
      <mem type="survivor" free="0" total="262144" percent="0" />
    </mem>
    <mem type="tenure" free="2046785752" total="2090401792" percent="97">
      <mem type="soa" free="1942266072" total="1985882112" percent="97" />
      <mem type="loa" free="104519680" total="104519680" percent="100" />
    </mem>
    <pending-finalizers system="0" default="0" reference="74" classloader="0" />
    <remembered-set count="113" />
  </mem-info>
</gc-end>
<cycle-end id="2691" type="scavenge" contextid="2685" timestamp="2019-06-15T03:58:16.332" />
  <attribute name="elasticGC enabled" value="1" />
  <attribute name= "numThreadsSpecified" value="4" />
  <attribute name="heapSize specified" value="8519680" />
  <attribute name="Current GC Util" value="41" />
  <attribute name= "Current Time Running" value="2836" />
  <attribute name ="GC Interval" value="200" />
  <attribute name="ProportionalT" value="10.500000" />
  <attribute name="ProportionalI" value="10.500000" />
  <attribute name="ProportionalH" value="10.500000" />
  <attribute name="Current Error" value="21.000000" />
  <attribute name="IntegralT" value="84.000000" />
  <attribute name="IntegralI" value="84.000000" />
  <attribute name="IntegralH" value="84.000000" />
  <attribute name="DerivativeT" value="-4.875000" />
  <attribute name="DerivativeI" value="-4.875000" />
  <attribute name="DerivativeH" value="-4.875000" />
  <attribute name="Loop Time for DT" value="4.000000" />
  <attribute name="Output H" value="8388608"/>
  <attribute name="Output I" value="200"/>
  <attribute name="Output T" value="4"/>
  <attribute name="Target GC Util Change" value ="20.000000" />
  <attribute name="Current GC Util Change" value="41.000000"/>
  <attribute name="GC Util currently" value="41" />
  <attribute name="CPU Util currently" value="1149064377829" />
<allocation-satisfied id="2692" threadId="0000000002519C00" bytesRequested="24" />
<af-end id="2693" timestamp="2019-06-15T03:58:16.332" threadId="000000000251A588" success="true" from="nursery"/>
<exclusive-end id="2694" timestamp="2019-06-15T03:58:16.332" durationms="1.656" />

<exclusive-start id="2695" timestamp="2019-06-15T03:58:16.337" intervalms="5.914">
  <response-info timems="0.034" idlems="0.034" threads="0" lastid="000000000251D800" lastname="PmdThread 2" />
</exclusive-start>
<af-start id="2696" threadId="000000000251E188" totalBytesRequested="72" timestamp="2019-06-15T03:58:16.337" intervalms="5.822" type="nursery" />
<cycle-start id="2697" type="scavenge" contextid="0" timestamp="2019-06-15T03:58:16.337" intervalms="5.765" />
<gc-start id="2698" type="scavenge" contextid="2697" timestamp="2019-06-15T03:58:16.337">
  <mem-info id="2699" free="2046785752" total="2092630016" percent="97">
    <mem type="nursery" free="0" total="2228224" percent="0">
      <mem type="allocate" free="0" total="1966080" percent="0" />
      <mem type="survivor" free="0" total="262144" percent="0" />
    </mem>
    <mem type="tenure" free="2046785752" total="2090401792" percent="97">
      <mem type="soa" free="1942266072" total="1985882112" percent="97" />
      <mem type="loa" free="104519680" total="104519680" percent="100" />
    </mem>
    <remembered-set count="341" />
  </mem-info>
</gc-start>
<allocation-stats totalBytes="1884752" >
  <allocated-bytes non-tlh="24" tlh="1884728" />
  <largest-consumer threadName="PmdThread 2" threadId="000000000251D800" bytes="1397352" />
</allocation-stats>
<gc-op id="2700" type="scavenge" timems="1.464" contextid="2697" timestamp="2019-06-15T03:58:16.338">
  <scavenger-info tenureage="7" tenuremask="ff80" tiltratio="88" />
  <memory-copied type="nursery" objects="490" bytes="16744" bytesdiscarded="100752" />
  <references type="weak" candidates="170" cleared="169" enqueued="169" />
</gc-op>
<gc-end id="2701" type="scavenge" contextid="2697" durationms="1.892" usertimems="0.000" systemtimems="0.000" timestamp="2019-06-15T03:58:16.339" activeThreads="4">
  <mem-info id="2702" free="2048634328" total="2092630016" percent="97">
    <mem type="nursery" free="1848576" total="2228224" percent="82">
      <mem type="allocate" free="1848576" total="1966080" percent="94" />
      <mem type="survivor" free="0" total="262144" percent="0" />
    </mem>
    <mem type="tenure" free="2046785752" total="2090401792" percent="97">
      <mem type="soa" free="1942266072" total="1985882112" percent="97" />
      <mem type="loa" free="104519680" total="104519680" percent="100" />
    </mem>
    <pending-finalizers system="0" default="0" reference="169" classloader="0" />
    <remembered-set count="114" />
  </mem-info>
</gc-end>
<cycle-end id="2703" type="scavenge" contextid="2697" timestamp="2019-06-15T03:58:16.339" />
  <attribute name="elasticGC enabled" value="1" />
  <attribute name= "numThreadsSpecified" value="4" />
  <attribute name="heapSize specified" value="8519680" />
  <attribute name="Current GC Util" value="28" />
  <attribute name= "Current Time Running" value="2842" />
  <attribute name ="GC Interval" value="200" />
  <attribute name="ProportionalT" value="4.000000" />
  <attribute name="ProportionalI" value="4.000000" />
  <attribute name="ProportionalH" value="4.000000" />
  <attribute name="Current Error" value="8.000000" />
  <attribute name="IntegralT" value="48.000000" />
  <attribute name="IntegralI" value="48.000000" />
  <attribute name="IntegralH" value="48.000000" />
  <attribute name="DerivativeT" value="-3.250000" />
  <attribute name="DerivativeI" value="-3.250000" />
  <attribute name="DerivativeH" value="-3.250000" />
  <attribute name="Loop Time for DT" value="6.000000" />
  <attribute name="Output H" value="8388608"/>
  <attribute name="Output I" value="200"/>
  <attribute name="Output T" value="4"/>
  <attribute name="Target GC Util Change" value ="20.000000" />
  <attribute name="Current GC Util Change" value="28.000000"/>
  <attribute name="GC Util currently" value="28" />
  <attribute name="CPU Util currently" value="793710944108" />
<allocation-satisfied id="2704" threadId="000000000251D800" bytesRequested="72" />
<af-end id="2705" timestamp="2019-06-15T03:58:16.339" threadId="000000000251E188" success="true" from="nursery"/>
<exclusive-end id="2706" timestamp="2019-06-15T03:58:16.339" durationms="2.573" />

<exclusive-start id="2707" timestamp="2019-06-15T03:58:16.343" intervalms="6.382">
  <response-info timems="0.035" idlems="0.035" threads="0" lastid="0000000002519C00" lastname="PmdThread 1" />
</exclusive-start>
<af-start id="2708" threadId="000000000251A588" totalBytesRequested="80" timestamp="2019-06-15T03:58:16.343" intervalms="6.398" type="nursery" />
<cycle-start id="2709" type="scavenge" contextid="0" timestamp="2019-06-15T03:58:16.343" intervalms="6.407" />
<gc-start id="2710" type="scavenge" contextid="2709" timestamp="2019-06-15T03:58:16.343">
  <mem-info id="2711" free="2046785752" total="2092630016" percent="97">
    <mem type="nursery" free="0" total="2228224" percent="0">
      <mem type="allocate" free="0" total="1966080" percent="0" />
      <mem type="survivor" free="0" total="262144" percent="0" />
    </mem>
    <mem type="tenure" free="2046785752" total="2090401792" percent="97">
      <mem type="soa" free="1942266072" total="1985882112" percent="97" />
      <mem type="loa" free="104519680" total="104519680" percent="100" />
    </mem>
    <remembered-set count="450" />
  </mem-info>
</gc-start>
<allocation-stats totalBytes="1841976" >
  <allocated-bytes non-tlh="57456" tlh="1784520" />
  <largest-consumer threadName="PmdThread 2" threadId="000000000251D800" bytes="1395224" />
</allocation-stats>
<gc-op id="2712" type="scavenge" timems="0.810" contextid="2709" timestamp="2019-06-15T03:58:16.344">
  <scavenger-info tenureage="4" tenuremask="fff0" tiltratio="88" />
  <memory-copied type="nursery" objects="522" bytes="83928" bytesdiscarded="27192" />
  <references type="weak" candidates="159" cleared="159" enqueued="159" />
  <references type="phantom" candidates="1" cleared="0" enqueued="0" />
</gc-op>
<gc-end id="2713" type="scavenge" contextid="2709" durationms="1.061" usertimems="4.000" systemtimems="0.000" timestamp="2019-06-15T03:58:16.344" activeThreads="4">
  <mem-info id="2714" free="2048640712" total="2092630016" percent="97">
    <mem type="nursery" free="1854960" total="2228224" percent="83">
      <mem type="allocate" free="1854960" total="1966080" percent="94" />
      <mem type="survivor" free="0" total="262144" percent="0" />
    </mem>
    <mem type="tenure" free="2046785752" total="2090401792" percent="97">
      <mem type="soa" free="1942266072" total="1985882112" percent="97" />
      <mem type="loa" free="104519680" total="104519680" percent="100" />
    </mem>
    <pending-finalizers system="0" default="0" reference="159" classloader="0" />
    <remembered-set count="146" />
  </mem-info>
</gc-end>
<cycle-end id="2715" type="scavenge" contextid="2709" timestamp="2019-06-15T03:58:16.344" />
  <attribute name="elasticGC enabled" value="1" />
  <attribute name= "numThreadsSpecified" value="4" />
  <attribute name="heapSize specified" value="8519680" />
  <attribute name="Current GC Util" value="36" />
  <attribute name= "Current Time Running" value="2849" />
  <attribute name ="GC Interval" value="200" />
  <attribute name="ProportionalT" value="8.000000" />
  <attribute name="ProportionalI" value="8.000000" />
  <attribute name="ProportionalH" value="8.000000" />
  <attribute name="Current Error" value="16.000000" />
  <attribute name="IntegralT" value="112.000000" />
  <attribute name="IntegralI" value="112.000000" />
  <attribute name="IntegralH" value="112.000000" />
  <attribute name="DerivativeT" value="1.714286" />
  <attribute name="DerivativeI" value="1.714286" />
  <attribute name="DerivativeH" value="1.714286" />
  <attribute name="Loop Time for DT" value="7.000000" />
  <attribute name="Output H" value="8388608"/>
  <attribute name="Output I" value="200"/>
  <attribute name="Output T" value="4"/>
  <attribute name="Target GC Util Change" value ="20.000000" />
  <attribute name="Current GC Util Change" value="36.000000"/>
  <attribute name="GC Util currently" value="36" />
  <attribute name="CPU Util currently" value="723214653789" />
<allocation-satisfied id="2716" threadId="0000000002519C00" bytesRequested="80" />
<af-end id="2717" timestamp="2019-06-15T03:58:16.344" threadId="000000000251A588" success="true" from="nursery"/>
<exclusive-end id="2718" timestamp="2019-06-15T03:58:16.345" durationms="1.642" />

<exclusive-start id="2719" timestamp="2019-06-15T03:58:16.348" intervalms="5.220">
  <response-info timems="0.033" idlems="0.033" threads="0" lastid="000000000251D800" lastname="PmdThread 2" />
</exclusive-start>
<af-start id="2720" threadId="000000000251E188" totalBytesRequested="960" timestamp="2019-06-15T03:58:16.348" intervalms="5.170" type="nursery" />
<cycle-start id="2721" type="scavenge" contextid="0" timestamp="2019-06-15T03:58:16.348" intervalms="5.159" />
<gc-start id="2722" type="scavenge" contextid="2721" timestamp="2019-06-15T03:58:16.348">
  <mem-info id="2723" free="2046785752" total="2092630016" percent="97">
    <mem type="nursery" free="0" total="2228224" percent="0">
      <mem type="allocate" free="0" total="1966080" percent="0" />
      <mem type="survivor" free="0" total="262144" percent="0" />
    </mem>
    <mem type="tenure" free="2046785752" total="2090401792" percent="97">
      <mem type="soa" free="1942266072" total="1985882112" percent="97" />
      <mem type="loa" free="104519680" total="104519680" percent="100" />
    </mem>
    <remembered-set count="413" />
  </mem-info>
</gc-start>
<allocation-stats totalBytes="1852184" >
  <allocated-bytes non-tlh="80" tlh="1852104" />
  <largest-consumer threadName="PmdThread 2" threadId="000000000251D800" bytes="1332096" />
</allocation-stats>
<gc-op id="2724" type="scavenge" timems="1.543" contextid="2721" timestamp="2019-06-15T03:58:16.350">
  <scavenger-info tenureage="3" tenuremask="ffe8" tiltratio="88" />
  <memory-copied type="nursery" objects="1330" bytes="175544" bytesdiscarded="86584" />
  <memory-copied type="tenure" objects="1444" bytes="52320" bytesdiscarded="32" />
  <copy-failed type="nursery" objects="1444" bytes="52320" />
  <references type="weak" candidates="191" cleared="191" enqueued="191" />
  <references type="phantom" candidates="1" cleared="0" enqueued="0" />
</gc-op>
<gc-end id="2725" type="scavenge" contextid="2721" durationms="1.922" usertimems="4.000" systemtimems="0.000" timestamp="2019-06-15T03:58:16.350" activeThreads="4">
  <mem-info id="2726" free="2048192472" total="2092630016" percent="97">
    <mem type="nursery" free="1507328" total="2228224" percent="67">
      <mem type="allocate" free="1507328" total="1769472" percent="85" />
      <mem type="survivor" free="0" total="458752" percent="0" />
    </mem>
    <mem type="tenure" free="2046685144" total="2090401792" percent="97">
      <mem type="soa" free="1942165464" total="1985882112" percent="97" />
      <mem type="loa" free="104519680" total="104519680" percent="100" />
    </mem>
    <pending-finalizers system="0" default="0" reference="191" classloader="0" />
    <remembered-set count="755" />
  </mem-info>
</gc-end>
<cycle-end id="2727" type="scavenge" contextid="2721" timestamp="2019-06-15T03:58:16.350" />
  <attribute name="elasticGC enabled" value="1" />
  <attribute name= "numThreadsSpecified" value="4" />
  <attribute name="heapSize specified" value="8519680" />
  <attribute name="Current GC Util" value="32" />
  <attribute name= "Current Time Running" value="2854" />
  <attribute name ="GC Interval" value="200" />
  <attribute name="ProportionalT" value="6.000000" />
  <attribute name="ProportionalI" value="6.000000" />
  <attribute name="ProportionalH" value="6.000000" />
  <attribute name="Current Error" value="12.000000" />
  <attribute name="IntegralT" value="60.000000" />
  <attribute name="IntegralI" value="60.000000" />
  <attribute name="IntegralH" value="60.000000" />
  <attribute name="DerivativeT" value="-1.200000" />
  <attribute name="DerivativeI" value="-1.200000" />
  <attribute name="DerivativeH" value="-1.200000" />
  <attribute name="Loop Time for DT" value="5.000000" />
  <attribute name="Output H" value="8388608"/>
  <attribute name="Output I" value="200"/>
  <attribute name="Output T" value="4"/>
  <attribute name="Target GC Util Change" value ="20.000000" />
  <attribute name="Current GC Util Change" value="32.000000"/>
  <attribute name="GC Util currently" value="32" />
  <attribute name="CPU Util currently" value="893871850681" />
<allocation-satisfied id="2728" threadId="000000000251D800" bytesRequested="960" />
<af-end id="2729" timestamp="2019-06-15T03:58:16.350" threadId="000000000251E188" success="true" from="nursery"/>
<exclusive-end id="2730" timestamp="2019-06-15T03:58:16.351" durationms="2.433" />

<exclusive-start id="2731" timestamp="2019-06-15T03:58:16.354" intervalms="5.777">
  <response-info timems="0.066" idlems="0.042" threads="1" lastid="0000000002214B00" lastname="JIT Compilation Thread-2" />
</exclusive-start>
<af-start id="2732" threadId="000000000251A588" totalBytesRequested="16" timestamp="2019-06-15T03:58:16.354" intervalms="5.766" type="nursery" />
<cycle-start id="2733" type="scavenge" contextid="0" timestamp="2019-06-15T03:58:16.354" intervalms="5.769" />
<gc-start id="2734" type="scavenge" contextid="2733" timestamp="2019-06-15T03:58:16.354">
  <mem-info id="2735" free="2046685144" total="2092630016" percent="97">
    <mem type="nursery" free="0" total="2228224" percent="0">
      <mem type="allocate" free="0" total="1769472" percent="0" />
      <mem type="survivor" free="0" total="458752" percent="0" />
    </mem>
    <mem type="tenure" free="2046685144" total="2090401792" percent="97">
      <mem type="soa" free="1942165464" total="1985882112" percent="97" />
      <mem type="loa" free="104519680" total="104519680" percent="100" />
    </mem>
    <remembered-set count="1048" />
  </mem-info>
</gc-start>
<allocation-stats totalBytes="1503744" >
  <allocated-bytes non-tlh="960" tlh="1502784" />
  <largest-consumer threadName="PmdThread 2" threadId="000000000251D800" bytes="1131072" />
</allocation-stats>
<gc-op id="2736" type="scavenge" timems="0.967" contextid="2733" timestamp="2019-06-15T03:58:16.355">
  <scavenger-info tenureage="4" tenuremask="fff0" tiltratio="79" />
  <memory-copied type="nursery" objects="1978" bytes="268000" bytesdiscarded="17928" />
  <memory-copied type="tenure" objects="7" bytes="184" bytesdiscarded="0" />
  <references type="weak" candidates="140" cleared="140" enqueued="140" />
  <references type="phantom" candidates="3" cleared="1" enqueued="1" />
</gc-op>
<gc-end id="2737" type="scavenge" contextid="2733" durationms="1.176" usertimems="4.000" systemtimems="0.000" timestamp="2019-06-15T03:58:16.355" activeThreads="4">
  <mem-info id="2738" free="2048234128" total="2092630016" percent="97">
    <mem type="nursery" free="1548984" total="2228224" percent="69">
      <mem type="allocate" free="1548984" total="1835008" percent="84" />
      <mem type="survivor" free="0" total="393216" percent="0" />
    </mem>
    <mem type="tenure" free="2046685144" total="2090401792" percent="97">
      <mem type="soa" free="1942165464" total="1985882112" percent="97" />
      <mem type="loa" free="104519680" total="104519680" percent="100" />
    </mem>
    <pending-finalizers system="0" default="0" reference="141" classloader="0" />
    <remembered-set count="762" />
  </mem-info>
</gc-end>
<cycle-end id="2739" type="scavenge" contextid="2733" timestamp="2019-06-15T03:58:16.355" />
  <attribute name="elasticGC enabled" value="1" />
  <attribute name= "numThreadsSpecified" value="4" />
  <attribute name="heapSize specified" value="8519680" />
  <attribute name="Current GC Util" value="43" />
  <attribute name= "Current Time Running" value="2860" />
  <attribute name ="GC Interval" value="200" />
  <attribute name="ProportionalT" value="11.500000" />
  <attribute name="ProportionalI" value="11.500000" />
  <attribute name="ProportionalH" value="11.500000" />
  <attribute name="Current Error" value="23.000000" />
  <attribute name="IntegralT" value="138.000000" />
  <attribute name="IntegralI" value="138.000000" />
  <attribute name="IntegralH" value="138.000000" />
  <attribute name="DerivativeT" value="2.750000" />
  <attribute name="DerivativeI" value="2.750000" />
  <attribute name="DerivativeH" value="2.750000" />
  <attribute name="Loop Time for DT" value="6.000000" />
  <attribute name="Output H" value="8388608"/>
  <attribute name="Output I" value="200"/>
  <attribute name="Output T" value="4"/>
  <attribute name="Target GC Util Change" value ="20.000000" />
  <attribute name="Current GC Util Change" value="43.000000"/>
  <attribute name="GC Util currently" value="43" />
  <attribute name="CPU Util currently" value="801686158615" />
<allocation-satisfied id="2740" threadId="0000000002519C00" bytesRequested="16" />
<af-end id="2741" timestamp="2019-06-15T03:58:16.356" threadId="000000000251A588" success="true" from="nursery"/>
<exclusive-end id="2742" timestamp="2019-06-15T03:58:16.356" durationms="1.733" />

<exclusive-start id="2743" timestamp="2019-06-15T03:58:16.359" intervalms="4.633">
  <response-info timems="0.053" idlems="0.033" threads="1" lastid="0000000002214B00" lastname="JIT Compilation Thread-2" />
</exclusive-start>
<af-start id="2744" threadId="0000000002529988" totalBytesRequested="88" timestamp="2019-06-15T03:58:16.359" intervalms="4.664" type="nursery" />
<cycle-start id="2745" type="scavenge" contextid="0" timestamp="2019-06-15T03:58:16.359" intervalms="4.664" />
<gc-start id="2746" type="scavenge" contextid="2745" timestamp="2019-06-15T03:58:16.359">
  <mem-info id="2747" free="2046684880" total="2092630016" percent="97">
    <mem type="nursery" free="0" total="2228224" percent="0">
      <mem type="allocate" free="0" total="1835008" percent="0" />
      <mem type="survivor" free="0" total="393216" percent="0" />
    </mem>
    <mem type="tenure" free="2046684880" total="2090401792" percent="97">
      <mem type="soa" free="1942165200" total="1985882112" percent="97" />
      <mem type="loa" free="104519680" total="104519680" percent="100" />
    </mem>
    <remembered-set count="957" />
  </mem-info>
</gc-start>
<allocation-stats totalBytes="1547960" >
  <allocated-bytes non-tlh="280" tlh="1547680" />
  <largest-consumer threadName="PmdThread 2" threadId="000000000251D800" bytes="900552" />
</allocation-stats>
<gc-op id="2748" type="scavenge" timems="0.733" contextid="2745" timestamp="2019-06-15T03:58:16.360">
  <scavenger-info tenureage="3" tenuremask="ffb8" tiltratio="82" />
  <memory-copied type="nursery" objects="4981" bytes="313584" bytesdiscarded="79592" />
  <memory-copied type="tenure" objects="1287" bytes="99776" bytesdiscarded="8" />
  <copy-failed type="nursery" objects="1222" bytes="38816" />
  <references type="weak" candidates="161" cleared="159" enqueued="159" />
  <references type="phantom" candidates="1" cleared="0" enqueued="0" />
</gc-op>
<gc-end id="2749" type="scavenge" contextid="2745" durationms="0.932" usertimems="0.000" systemtimems="0.000" timestamp="2019-06-15T03:58:16.360" activeThreads="4">
  <mem-info id="2750" free="2047909064" total="2092630016" percent="97">
    <mem type="nursery" free="1310720" total="2228224" percent="58">
      <mem type="allocate" free="1310720" total="1703936" percent="76" />
      <mem type="survivor" free="0" total="524288" percent="0" />
    </mem>
    <mem type="tenure" free="2046598344" total="2090401792" percent="97">
      <mem type="soa" free="1942078664" total="1985882112" percent="97" />
      <mem type="loa" free="104519680" total="104519680" percent="100" />
    </mem>
    <pending-finalizers system="0" default="0" reference="159" classloader="0" />
    <remembered-set count="932" />
  </mem-info>
</gc-end>
<cycle-end id="2751" type="scavenge" contextid="2745" timestamp="2019-06-15T03:58:16.360" />
  <attribute name="elasticGC enabled" value="1" />
  <attribute name= "numThreadsSpecified" value="4" />
  <attribute name="heapSize specified" value="8519680" />
  <attribute name="Current GC Util" value="40" />
  <attribute name= "Current Time Running" value="2864" />
  <attribute name ="GC Interval" value="200" />
  <attribute name="ProportionalT" value="10.000000" />
  <attribute name="ProportionalI" value="10.000000" />
  <attribute name="ProportionalH" value="10.000000" />
  <attribute name="Current Error" value="20.000000" />
  <attribute name="IntegralT" value="80.000000" />
  <attribute name="IntegralI" value="80.000000" />
  <attribute name="IntegralH" value="80.000000" />
  <attribute name="DerivativeT" value="-1.125000" />
  <attribute name="DerivativeI" value="-1.125000" />
  <attribute name="DerivativeH" value="-1.125000" />
  <attribute name="Loop Time for DT" value="4.000000" />
  <attribute name="Output H" value="8388608"/>
  <attribute name="Output I" value="200"/>
  <attribute name="Output T" value="4"/>
  <attribute name="Target GC Util Change" value ="20.000000" />
  <attribute name="Current GC Util Change" value="40.000000"/>
  <attribute name="GC Util currently" value="40" />
  <attribute name="CPU Util currently" value="988991890490" />
<allocation-satisfied id="2752" threadId="0000000002529000" bytesRequested="88" />
<af-end id="2753" timestamp="2019-06-15T03:58:16.360" threadId="0000000002529988" success="true" from="nursery"/>
<exclusive-end id="2754" timestamp="2019-06-15T03:58:16.360" durationms="1.439" />

<exclusive-start id="2755" timestamp="2019-06-15T03:58:16.367" intervalms="8.602">
  <response-info timems="0.064" idlems="0.038" threads="1" lastid="000000000251D800" lastname="PmdThread 2" />
</exclusive-start>
<af-start id="2756" threadId="000000000251A588" totalBytesRequested="552" timestamp="2019-06-15T03:58:16.367" intervalms="8.599" type="nursery" />
<cycle-start id="2757" type="scavenge" contextid="0" timestamp="2019-06-15T03:58:16.367" intervalms="8.643" />
<gc-start id="2758" type="scavenge" contextid="2757" timestamp="2019-06-15T03:58:16.367">
  <mem-info id="2759" free="2046598272" total="2092630016" percent="97">
    <mem type="nursery" free="0" total="2228224" percent="0">
      <mem type="allocate" free="0" total="1703936" percent="0" />
      <mem type="survivor" free="0" total="524288" percent="0" />
    </mem>
    <mem type="tenure" free="2046598272" total="2090401792" percent="97">
      <mem type="soa" free="1942078592" total="1985882112" percent="97" />
      <mem type="loa" free="104519680" total="104519680" percent="100" />
    </mem>
    <remembered-set count="1155" />
  </mem-info>
</gc-start>
<allocation-stats totalBytes="1281800" >
  <allocated-bytes non-tlh="41144" tlh="1240656" />
  <largest-consumer threadName="PmdThread 2" threadId="000000000251D800" bytes="716056" />
</allocation-stats>
<gc-op id="2760" type="scavenge" timems="1.009" contextid="2757" timestamp="2019-06-15T03:58:16.369">
  <scavenger-info tenureage="3" tenuremask="ffc8" tiltratio="76" />
  <memory-copied type="nursery" objects="4311" bytes="356816" bytesdiscarded="19232" />
  <memory-copied type="tenure" objects="823" bytes="92072" bytesdiscarded="288" />
  <references type="weak" candidates="114" cleared="114" enqueued="114" />
  <references type="phantom" candidates="4" cleared="2" enqueued="2" />
</gc-op>
<gc-end id="2761" type="scavenge" contextid="2757" durationms="1.300" usertimems="0.000" systemtimems="4.000" timestamp="2019-06-15T03:58:16.369" activeThreads="4">
  <mem-info id="2762" free="2047857024" total="2092630016" percent="97">
    <mem type="nursery" free="1393368" total="2228224" percent="62">
      <mem type="allocate" free="1393368" total="1769472" percent="78" />
      <mem type="survivor" free="0" total="458752" percent="0" />
    </mem>
    <mem type="tenure" free="2046463656" total="2090401792" percent="97">
      <mem type="soa" free="1941943976" total="1985882112" percent="97" />
      <mem type="loa" free="104519680" total="104519680" percent="100" />
    </mem>
    <pending-finalizers system="0" default="0" reference="116" classloader="0" />
    <remembered-set count="354" />
  </mem-info>
</gc-end>
<cycle-end id="2763" type="scavenge" contextid="2757" timestamp="2019-06-15T03:58:16.369" />
  <attribute name="elasticGC enabled" value="1" />
  <attribute name= "numThreadsSpecified" value="4" />
  <attribute name="heapSize specified" value="8519680" />
  <attribute name="Current GC Util" value="15" />
  <attribute name= "Current Time Running" value="2873" />
  <attribute name ="GC Interval" value="200" />
  <attribute name="ProportionalT" value="-2.500000" />
  <attribute name="ProportionalI" value="-2.500000" />
  <attribute name="ProportionalH" value="-2.500000" />
  <attribute name="Current Error" value="-5.000000" />
  <attribute name="IntegralT" value="-45.000000" />
  <attribute name="IntegralI" value="-45.000000" />
  <attribute name="IntegralH" value="-45.000000" />
  <attribute name="DerivativeT" value="-4.166667" />
  <attribute name="DerivativeI" value="-4.166667" />
  <attribute name="DerivativeH" value="-4.166667" />
  <attribute name="Loop Time for DT" value="9.000000" />
  <attribute name="Output H" value="2092630016"/>
  <attribute name="Output I" value="200"/>
  <attribute name="Output T" value="4"/>
  <attribute name="Target GC Util Change" value ="20.000000" />
  <attribute name="Current GC Util Change" value="15.000000"/>
  <attribute name="GC Util currently" value="15" />
  <attribute name="CPU Util currently" value="524959888084" />
<allocation-satisfied id="2764" threadId="0000000002519C00" bytesRequested="552" />
<af-end id="2765" timestamp="2019-06-15T03:58:16.369" threadId="000000000251A588" success="true" from="nursery"/>
<exclusive-end id="2766" timestamp="2019-06-15T03:58:16.369" durationms="1.915" />

<exclusive-start id="2767" timestamp="2019-06-15T03:58:16.377" intervalms="10.352">
  <response-info timems="0.034" idlems="0.034" threads="0" lastid="0000000002525400" lastname="PmdThread 3" />
</exclusive-start>
<af-start id="2768" threadId="0000000002525D88" totalBytesRequested="400" timestamp="2019-06-15T03:58:16.378" intervalms="10.348" type="nursery" />
<cycle-start id="2769" type="scavenge" contextid="0" timestamp="2019-06-15T03:58:16.378" intervalms="10.303" />
<gc-start id="2770" type="scavenge" contextid="2769" timestamp="2019-06-15T03:58:16.378">
  <mem-info id="2771" free="2046461584" total="2092630016" percent="97">
    <mem type="nursery" free="0" total="2228224" percent="0">
      <mem type="allocate" free="0" total="1769472" percent="0" />
      <mem type="survivor" free="0" total="458752" percent="0" />
    </mem>
    <mem type="tenure" free="2046461584" total="2090401792" percent="97">
      <mem type="soa" free="1941941904" total="1985882112" percent="97" />
      <mem type="loa" free="104519680" total="104519680" percent="100" />
    </mem>
    <remembered-set count="469" />
  </mem-info>
</gc-start>
<allocation-stats totalBytes="1393064" >
  <allocated-bytes non-tlh="2624" tlh="1390440" />
  <largest-consumer threadName="PmdThread 3" threadId="0000000002525400" bytes="693728" />
</allocation-stats>
<gc-op id="2772" type="scavenge" timems="1.179" contextid="2769" timestamp="2019-06-15T03:58:16.379">
  <scavenger-info tenureage="3" tenuremask="ffe8" tiltratio="79" />
  <memory-copied type="nursery" objects="7344" bytes="407048" bytesdiscarded="51648" />
  <memory-copied type="tenure" objects="1439" bytes="111264" bytesdiscarded="0" />
  <copy-failed type="nursery" objects="1132" bytes="40816" />
  <references type="weak" candidates="83" cleared="83" enqueued="83" />
  <references type="phantom" candidates="2" cleared="1" enqueued="1" />
</gc-op>
<gc-end id="2773" type="scavenge" contextid="2769" durationms="1.386" usertimems="0.000" systemtimems="4.000" timestamp="2019-06-15T03:58:16.379" activeThreads="4">
  <mem-info id="2774" free="2047600248" total="2092630016" percent="97">
    <mem type="nursery" free="1179648" total="2228224" percent="52">
      <mem type="allocate" free="1179648" total="1638400" percent="72" />
      <mem type="survivor" free="0" total="589824" percent="0" />
    </mem>
    <mem type="tenure" free="2046420600" total="2090401792" percent="97">
      <mem type="soa" free="1941900920" total="1985882112" percent="97" />
      <mem type="loa" free="104519680" total="104519680" percent="100" />
    </mem>
    <pending-finalizers system="0" default="0" reference="84" classloader="0" />
    <remembered-set count="805" />
  </mem-info>
</gc-end>
<cycle-end id="2775" type="scavenge" contextid="2769" timestamp="2019-06-15T03:58:16.379" />
  <attribute name="elasticGC enabled" value="1" />
  <attribute name= "numThreadsSpecified" value="4" />
  <attribute name="heapSize specified" value="8519680" />
  <attribute name="Current GC Util" value="17" />
  <attribute name= "Current Time Running" value="2883" />
  <attribute name ="GC Interval" value="200" />
  <attribute name="ProportionalT" value="-1.500000" />
  <attribute name="ProportionalI" value="-1.500000" />
  <attribute name="ProportionalH" value="-1.500000" />
  <attribute name="Current Error" value="-3.000000" />
  <attribute name="IntegralT" value="-30.000000" />
  <attribute name="IntegralI" value="-30.000000" />
  <attribute name="IntegralH" value="-30.000000" />
  <attribute name="DerivativeT" value="-0.450000" />
  <attribute name="DerivativeI" value="-0.450000" />
  <attribute name="DerivativeH" value="-0.450000" />
  <attribute name="Loop Time for DT" value="10.000000" />
  <attribute name="Output H" value="2092630016"/>
  <attribute name="Output I" value="200"/>
  <attribute name="Output T" value="4"/>
  <attribute name="Target GC Util Change" value ="20.000000" />
  <attribute name="Current GC Util Change" value="17.000000"/>
  <attribute name="GC Util currently" value="17" />
  <attribute name="CPU Util currently" value="453219937948" />
<allocation-satisfied id="2776" threadId="0000000002525400" bytesRequested="400" />
<af-end id="2777" timestamp="2019-06-15T03:58:16.379" threadId="0000000002525D88" success="true" from="nursery"/>
<exclusive-end id="2778" timestamp="2019-06-15T03:58:16.379" durationms="1.911" />

<exclusive-start id="2779" timestamp="2019-06-15T03:58:16.382" intervalms="5.017">
  <response-info timems="0.053" idlems="0.053" threads="0" lastid="0000000002529000" lastname="PmdThread 4" />
</exclusive-start>
<af-start id="2780" threadId="0000000002529988" totalBytesRequested="16" timestamp="2019-06-15T03:58:16.383" intervalms="5.007" type="nursery" />
<cycle-start id="2781" type="scavenge" contextid="0" timestamp="2019-06-15T03:58:16.383" intervalms="5.005" />
<gc-start id="2782" type="scavenge" contextid="2781" timestamp="2019-06-15T03:58:16.383">
  <mem-info id="2783" free="2046420432" total="2092630016" percent="97">
    <mem type="nursery" free="0" total="2228224" percent="0">
      <mem type="allocate" free="0" total="1638400" percent="0" />
      <mem type="survivor" free="0" total="589824" percent="0" />
    </mem>
    <mem type="tenure" free="2046420432" total="2090401792" percent="97">
      <mem type="soa" free="1941900752" total="1985882112" percent="97" />
      <mem type="loa" free="104519680" total="104519680" percent="100" />
    </mem>
    <remembered-set count="856" />
  </mem-info>
</gc-start>
<allocation-stats totalBytes="1177512" >
  <allocated-bytes non-tlh="568" tlh="1176944" />
  <largest-consumer threadName="PmdThread 3" threadId="0000000002525400" bytes="332104" />
</allocation-stats>
<gc-op id="2784" type="scavenge" timems="2.439" contextid="2781" timestamp="2019-06-15T03:58:16.385">
  <scavenger-info tenureage="5" tenuremask="ffe0" tiltratio="73" />
  <memory-copied type="nursery" objects="8598" bytes="451000" bytesdiscarded="138408" />
  <references type="weak" candidates="51" cleared="51" enqueued="51" />
  <references type="phantom" candidates="1" cleared="1" enqueued="1" />
</gc-op>
<gc-end id="2785" type="scavenge" contextid="2781" durationms="2.809" usertimems="4.000" systemtimems="0.000" timestamp="2019-06-15T03:58:16.386" activeThreads="4">
  <mem-info id="2786" free="2047534544" total="2092630016" percent="97">
    <mem type="nursery" free="1114112" total="2228224" percent="50">
      <mem type="allocate" free="1114112" total="1703936" percent="65" />
      <mem type="survivor" free="0" total="524288" percent="0" />
    </mem>
    <mem type="tenure" free="2046420432" total="2090401792" percent="97">
      <mem type="soa" free="1941900752" total="1985882112" percent="97" />
      <mem type="loa" free="104519680" total="104519680" percent="100" />
    </mem>
    <pending-finalizers system="0" default="0" reference="52" classloader="0" />
    <remembered-set count="807" />
  </mem-info>
</gc-end>
<cycle-end id="2787" type="scavenge" contextid="2781" timestamp="2019-06-15T03:58:16.386" />
  <attribute name="elasticGC enabled" value="1" />
  <attribute name= "numThreadsSpecified" value="4" />
  <attribute name="heapSize specified" value="8519680" />
  <attribute name="Current GC Util" value="45" />
  <attribute name= "Current Time Running" value="2888" />
  <attribute name ="GC Interval" value="200" />
  <attribute name="ProportionalT" value="12.500000" />
  <attribute name="ProportionalI" value="12.500000" />
  <attribute name="ProportionalH" value="12.500000" />
  <attribute name="Current Error" value="25.000000" />
  <attribute name="IntegralT" value="125.000000" />
  <attribute name="IntegralI" value="125.000000" />
  <attribute name="IntegralH" value="125.000000" />
  <attribute name="DerivativeT" value="7.500000" />
  <attribute name="DerivativeI" value="7.500000" />
  <attribute name="DerivativeH" value="7.500000" />
  <attribute name="Loop Time for DT" value="5.000000" />
  <attribute name="Output H" value="8388608"/>
  <attribute name="Output I" value="200"/>
  <attribute name="Output T" value="4"/>
  <attribute name="Target GC Util Change" value ="20.000000" />
  <attribute name="Current GC Util Change" value="45.000000"/>
  <attribute name="GC Util currently" value="45" />
  <attribute name="CPU Util currently" value="922592388771" />
<allocation-satisfied id="2788" threadId="0000000002529000" bytesRequested="16" />
<af-end id="2789" timestamp="2019-06-15T03:58:16.386" threadId="0000000002529988" success="true" from="nursery"/>
<exclusive-end id="2790" timestamp="2019-06-15T03:58:16.386" durationms="3.483" />

<exclusive-start id="2791" timestamp="2019-06-15T03:58:16.388" intervalms="5.658">
  <response-info timems="0.029" idlems="0.029" threads="0" lastid="0000000002519C00" lastname="PmdThread 1" />
</exclusive-start>
<af-start id="2792" threadId="000000000251A588" totalBytesRequested="16" timestamp="2019-06-15T03:58:16.388" intervalms="5.649" type="nursery" />
<cycle-start id="2793" type="scavenge" contextid="0" timestamp="2019-06-15T03:58:16.388" intervalms="5.648" />
<gc-start id="2794" type="scavenge" contextid="2793" timestamp="2019-06-15T03:58:16.388">
  <mem-info id="2795" free="2046420432" total="2092630016" percent="97">
    <mem type="nursery" free="0" total="2228224" percent="0">
      <mem type="allocate" free="0" total="1703936" percent="0" />
      <mem type="survivor" free="0" total="524288" percent="0" />
    </mem>
    <mem type="tenure" free="2046420432" total="2090401792" percent="97">
      <mem type="soa" free="1941900752" total="1985882112" percent="97" />
      <mem type="loa" free="104519680" total="104519680" percent="100" />
    </mem>
    <remembered-set count="937" />
  </mem-info>
</gc-start>
<allocation-stats totalBytes="1111456" >
  <allocated-bytes non-tlh="16" tlh="1111440" />
  <largest-consumer threadName="PmdThread 2" threadId="000000000251D800" bytes="583192" />
</allocation-stats>
<gc-op id="2796" type="scavenge" timems="1.199" contextid="2793" timestamp="2019-06-15T03:58:16.390">
  <scavenger-info tenureage="4" tenuremask="4010" tiltratio="76" />
  <memory-copied type="nursery" objects="5255" bytes="316120" bytesdiscarded="208120" />
  <memory-copied type="tenure" objects="3316" bytes="122984" bytesdiscarded="16" />
  <references type="weak" candidates="101" cleared="100" enqueued="100" />
  <references type="phantom" candidates="1" cleared="0" enqueued="0" />
</gc-op>
<gc-end id="2797" type="scavenge" contextid="2793" durationms="1.404" usertimems="4.000" systemtimems="0.000" timestamp="2019-06-15T03:58:16.390" activeThreads="4">
  <mem-info id="2798" free="2047429584" total="2092630016" percent="97">
    <mem type="nursery" free="1179648" total="2228224" percent="52">
      <mem type="allocate" free="1179648" total="1703936" percent="69" />
      <mem type="survivor" free="0" total="524288" percent="0" />
    </mem>
    <mem type="tenure" free="2046249936" total="2090401792" percent="97">
      <mem type="soa" free="1941730256" total="1985882112" percent="97" />
      <mem type="loa" free="104519680" total="104519680" percent="100" />
    </mem>
    <pending-finalizers system="0" default="0" reference="100" classloader="0" />
    <remembered-set count="665" />
  </mem-info>
</gc-end>
<cycle-end id="2799" type="scavenge" contextid="2793" timestamp="2019-06-15T03:58:16.390" />
  <attribute name="elasticGC enabled" value="1" />
  <attribute name= "numThreadsSpecified" value="4" />
  <attribute name="heapSize specified" value="8519680" />
  <attribute name="Current GC Util" value="62" />
  <attribute name= "Current Time Running" value="2894" />
  <attribute name ="GC Interval" value="280" />
  <attribute name="ProportionalT" value="21.000000" />
  <attribute name="ProportionalI" value="21.000000" />
  <attribute name="ProportionalH" value="21.000000" />
  <attribute name="Current Error" value="42.000000" />
  <attribute name="IntegralT" value="252.000000" />
  <attribute name="IntegralI" value="252.000000" />
  <attribute name="IntegralH" value="252.000000" />
  <attribute name="DerivativeT" value="4.250000" />
  <attribute name="DerivativeI" value="4.250000" />
  <attribute name="DerivativeH" value="4.250000" />
  <attribute name="Loop Time for DT" value="6.000000" />
  <attribute name="Output H" value="8388608"/>
  <attribute name="Output I" value="280"/>
  <attribute name="Output T" value="4"/>
  <attribute name="Target GC Util Change" value ="20.000000" />
  <attribute name="Current GC Util Change" value="62.000000"/>
  <attribute name="GC Util currently" value="62" />
  <attribute name="CPU Util currently" value="816877353198" />
<allocation-satisfied id="2800" threadId="0000000002519C00" bytesRequested="16" />
<af-end id="2801" timestamp="2019-06-15T03:58:16.390" threadId="000000000251A588" success="true" from="nursery"/>
<exclusive-end id="2802" timestamp="2019-06-15T03:58:16.390" durationms="1.884" />

<exclusive-start id="2803" timestamp="2019-06-15T03:58:16.393" intervalms="5.268">
  <response-info timems="0.042" idlems="0.023" threads="1" lastid="0000000002529000" lastname="PmdThread 4" />
</exclusive-start>
<af-start id="2804" threadId="000000000251E188" totalBytesRequested="72" timestamp="2019-06-15T03:58:16.394" intervalms="5.276" type="nursery" />
<cycle-start id="2805" type="scavenge" contextid="0" timestamp="2019-06-15T03:58:16.394" intervalms="5.279" />
<gc-start id="2806" type="scavenge" contextid="2805" timestamp="2019-06-15T03:58:16.394">
  <mem-info id="2807" free="2046249936" total="2092630016" percent="97">
    <mem type="nursery" free="0" total="2228224" percent="0">
      <mem type="allocate" free="0" total="1703936" percent="0" />
      <mem type="survivor" free="0" total="524288" percent="0" />
    </mem>
    <mem type="tenure" free="2046249936" total="2090401792" percent="97">
      <mem type="soa" free="1941730256" total="1985882112" percent="97" />
      <mem type="loa" free="104519680" total="104519680" percent="100" />
    </mem>
    <remembered-set count="936" />
  </mem-info>
</gc-start>
<allocation-stats totalBytes="1177512" >
  <allocated-bytes non-tlh="16" tlh="1177496" />
  <largest-consumer threadName="PmdThread 2" threadId="000000000251D800" bytes="1120152" />
</allocation-stats>
<gc-op id="2808" type="scavenge" timems="2.609" contextid="2805" timestamp="2019-06-15T03:58:16.396">
  <scavenger-info tenureage="3" tenuremask="4018" tiltratio="76" />
  <memory-copied type="nursery" objects="1472" bytes="51576" bytesdiscarded="65912" />
  <memory-copied type="tenure" objects="3633" bytes="257800" bytesdiscarded="64" />
  <references type="weak" candidates="99" cleared="99" enqueued="99" />
  <references type="phantom" candidates="1" cleared="1" enqueued="1" />
</gc-op>
<gc-end id="2809" type="scavenge" contextid="2805" durationms="2.990" usertimems="12.000" systemtimems="0.000" timestamp="2019-06-15T03:58:16.397" activeThreads="4">
  <mem-info id="2810" free="2047538240" total="2092630016" percent="97">
    <mem type="nursery" free="1586432" total="2228224" percent="71">
      <mem type="allocate" free="1586432" total="1703936" percent="93" />
      <mem type="survivor" free="0" total="524288" percent="0" />
    </mem>
    <mem type="tenure" free="2045951808" total="2090401792" percent="97">
      <mem type="soa" free="1941432128" total="1985882112" percent="97" />
      <mem type="loa" free="104519680" total="104519680" percent="100" />
    </mem>
    <pending-finalizers system="0" default="0" reference="100" classloader="0" />
    <remembered-set count="268" />
  </mem-info>
</gc-end>
<cycle-end id="2811" type="scavenge" contextid="2805" timestamp="2019-06-15T03:58:16.397" />
  <attribute name="elasticGC enabled" value="1" />
  <attribute name= "numThreadsSpecified" value="4" />
  <attribute name="heapSize specified" value="8519680" />
  <attribute name="Current GC Util" value="44" />
  <attribute name= "Current Time Running" value="2899" />
  <attribute name ="GC Interval" value="200" />
  <attribute name="ProportionalT" value="12.000000" />
  <attribute name="ProportionalI" value="12.000000" />
  <attribute name="ProportionalH" value="12.000000" />
  <attribute name="Current Error" value="24.000000" />
  <attribute name="IntegralT" value="120.000000" />
  <attribute name="IntegralI" value="120.000000" />
  <attribute name="IntegralH" value="120.000000" />
  <attribute name="DerivativeT" value="-5.400000" />
  <attribute name="DerivativeI" value="-5.400000" />
  <attribute name="DerivativeH" value="-5.400000" />
  <attribute name="Loop Time for DT" value="5.000000" />
  <attribute name="Output H" value="8388608"/>
  <attribute name="Output I" value="200"/>
  <attribute name="Output T" value="4"/>
  <attribute name="Target GC Util Change" value ="20.000000" />
  <attribute name="Current GC Util Change" value="44.000000"/>
  <attribute name="GC Util currently" value="44" />
  <attribute name="CPU Util currently" value="873945939046" />
<allocation-satisfied id="2812" threadId="000000000251D800" bytesRequested="72" />
<af-end id="2813" timestamp="2019-06-15T03:58:16.397" threadId="000000000251E188" success="true" from="nursery"/>
<exclusive-end id="2814" timestamp="2019-06-15T03:58:16.397" durationms="3.504" />

<exclusive-start id="2815" timestamp="2019-06-15T03:58:16.411" intervalms="17.666">
  <response-info timems="0.078" idlems="0.078" threads="0" lastid="000000000251D800" lastname="PmdThread 2" />
</exclusive-start>
<af-start id="2816" threadId="000000000251E188" totalBytesRequested="744" timestamp="2019-06-15T03:58:16.412" intervalms="18.732" type="nursery" />
<cycle-start id="2817" type="scavenge" contextid="0" timestamp="2019-06-15T03:58:16.412" intervalms="18.775" />
<gc-start id="2818" type="scavenge" contextid="2817" timestamp="2019-06-15T03:58:16.412">
  <mem-info id="2819" free="2045951408" total="2092630016" percent="97">
    <mem type="nursery" free="0" total="2228224" percent="0">
      <mem type="allocate" free="0" total="1703936" percent="0" />
      <mem type="survivor" free="0" total="524288" percent="0" />
    </mem>
    <mem type="tenure" free="2045951408" total="2090401792" percent="97">
      <mem type="soa" free="1941431728" total="1985882112" percent="97" />
      <mem type="loa" free="104519680" total="104519680" percent="100" />
    </mem>
    <remembered-set count="570" />
  </mem-info>
</gc-start>
<allocation-stats totalBytes="1583920" >
  <allocated-bytes non-tlh="472" tlh="1583448" />
  <largest-consumer threadName="PmdThread 2" threadId="000000000251D800" bytes="1133296" />
</allocation-stats>
<gc-op id="2820" type="scavenge" timems="0.703" contextid="2817" timestamp="2019-06-15T03:58:16.413">
  <scavenger-info tenureage="14" tenuremask="4000" tiltratio="76" />
  <memory-copied type="nursery" objects="1555" bytes="53184" bytesdiscarded="24928" />
  <references type="weak" candidates="135" cleared="135" enqueued="135" />
</gc-op>
<gc-end id="2821" type="scavenge" contextid="2817" durationms="0.945" usertimems="0.000" systemtimems="0.000" timestamp="2019-06-15T03:58:16.413" activeThreads="1">
  <mem-info id="2822" free="2047708080" total="2092630016" percent="97">
    <mem type="nursery" free="1756672" total="2228224" percent="78">
      <mem type="allocate" free="1756672" total="1835008" percent="95" />
      <mem type="survivor" free="0" total="393216" percent="0" />
    </mem>
    <mem type="tenure" free="2045951408" total="2090401792" percent="97">
      <mem type="soa" free="1941431728" total="1985882112" percent="97" />
      <mem type="loa" free="104519680" total="104519680" percent="100" />
    </mem>
    <pending-finalizers system="0" default="0" reference="135" classloader="0" />
    <remembered-set count="273" />
  </mem-info>
</gc-end>
<cycle-end id="2823" type="scavenge" contextid="2817" timestamp="2019-06-15T03:58:16.414" />
  <attribute name="elasticGC enabled" value="1" />
  <attribute name= "numThreadsSpecified" value="1" />
  <attribute name="heapSize specified" value="8519680" />
  <attribute name="Current GC Util" value="20" />
  <attribute name= "Current Time Running" value="2918" />
  <attribute name ="GC Interval" value="200" />
  <attribute name="ProportionalT" value="0.000000" />
  <attribute name="ProportionalI" value="0.000000" />
  <attribute name="ProportionalH" value="0.000000" />
  <attribute name="Current Error" value="0.000000" />
  <attribute name="IntegralT" value="0.000000" />
  <attribute name="IntegralI" value="0.000000" />
  <attribute name="IntegralH" value="0.000000" />
  <attribute name="DerivativeT" value="-1.894737" />
  <attribute name="DerivativeI" value="-1.894737" />
  <attribute name="DerivativeH" value="-1.894737" />
  <attribute name="Loop Time for DT" value="19.000000" />
  <attribute name="Output H" value="8388608"/>
  <attribute name="Output I" value="200"/>
  <attribute name="Output T" value="1"/>
  <attribute name="Target GC Util Change" value ="20.000000" />
  <attribute name="Current GC Util Change" value="20.000000"/>
  <attribute name="GC Util currently" value="20" />
  <attribute name="CPU Util currently" value="245123610832" />
<allocation-satisfied id="2824" threadId="000000000251D800" bytesRequested="744" />
<af-end id="2825" timestamp="2019-06-15T03:58:16.414" threadId="000000000251E188" success="true" from="nursery"/>
<exclusive-end id="2826" timestamp="2019-06-15T03:58:16.414" durationms="2.742" />

<exclusive-start id="2827" timestamp="2019-06-15T03:58:16.419" intervalms="7.648">
  <response-info timems="0.033" idlems="0.033" threads="0" lastid="000000000251D800" lastname="PmdThread 2" />
</exclusive-start>
<af-start id="2828" threadId="000000000251E188" totalBytesRequested="976" timestamp="2019-06-15T03:58:16.419" intervalms="6.609" type="nursery" />
<cycle-start id="2829" type="scavenge" contextid="0" timestamp="2019-06-15T03:58:16.419" intervalms="6.563" />
<gc-start id="2830" type="scavenge" contextid="2829" timestamp="2019-06-15T03:58:16.419">
  <mem-info id="2831" free="2045951408" total="2092630016" percent="97">
    <mem type="nursery" free="0" total="2228224" percent="0">
      <mem type="allocate" free="0" total="1835008" percent="0" />
      <mem type="survivor" free="0" total="393216" percent="0" />
    </mem>
    <mem type="tenure" free="2045951408" total="2090401792" percent="97">
      <mem type="soa" free="1941431728" total="1985882112" percent="97" />
      <mem type="loa" free="104519680" total="104519680" percent="100" />
    </mem>
    <remembered-set count="704" />
  </mem-info>
</gc-start>
<allocation-stats totalBytes="1752488" >
  <allocated-bytes non-tlh="744" tlh="1751744" />
  <largest-consumer threadName="PmdThread 2" threadId="000000000251D800" bytes="1752488" />
</allocation-stats>
<gc-op id="2832" type="scavenge" timems="1.683" contextid="2829" timestamp="2019-06-15T03:58:16.421">
  <scavenger-info tenureage="4" tenuremask="c010" tiltratio="82" />
  <memory-copied type="nursery" objects="549" bytes="20192" bytesdiscarded="97312" />
  <memory-copied type="tenure" objects="1041" bytes="34504" bytesdiscarded="40" />
  <references type="weak" candidates="147" cleared="147" enqueued="147" />
</gc-op>
<gc-end id="2833" type="scavenge" contextid="2829" durationms="1.891" usertimems="0.000" systemtimems="4.000" timestamp="2019-06-15T03:58:16.421" activeThreads="4">
  <mem-info id="2834" free="2047695280" total="2092630016" percent="97">
    <mem type="nursery" free="1783040" total="2228224" percent="80">
      <mem type="allocate" free="1783040" total="1900544" percent="93" />
      <mem type="survivor" free="0" total="327680" percent="0" />
    </mem>
    <mem type="tenure" free="2045912240" total="2090401792" percent="97">
      <mem type="soa" free="1941392560" total="1985882112" percent="97" />
      <mem type="loa" free="104519680" total="104519680" percent="100" />
    </mem>
    <pending-finalizers system="0" default="0" reference="147" classloader="0" />
    <remembered-set count="130" />
  </mem-info>
</gc-end>
<cycle-end id="2835" type="scavenge" contextid="2829" timestamp="2019-06-15T03:58:16.421" />
  <attribute name="elasticGC enabled" value="1" />
  <attribute name= "numThreadsSpecified" value="4" />
  <attribute name="heapSize specified" value="8519680" />
  <attribute name="Current GC Util" value="10" />
  <attribute name= "Current Time Running" value="2924" />
  <attribute name ="GC Interval" value="200" />
  <attribute name="ProportionalT" value="-5.000000" />
  <attribute name="ProportionalI" value="-5.000000" />
  <attribute name="ProportionalH" value="-5.000000" />
  <attribute name="Current Error" value="-10.000000" />
  <attribute name="IntegralT" value="-60.000000" />
  <attribute name="IntegralI" value="-60.000000" />
  <attribute name="IntegralH" value="-60.000000" />
  <attribute name="DerivativeT" value="-2.500000" />
  <attribute name="DerivativeI" value="-2.500000" />
  <attribute name="DerivativeH" value="-2.500000" />
  <attribute name="Loop Time for DT" value="6.000000" />
  <attribute name="Output H" value="2092630016"/>
  <attribute name="Output I" value="200"/>
  <attribute name="Output T" value="4"/>
  <attribute name="Target GC Util Change" value ="20.000000" />
  <attribute name="Current GC Util Change" value="10.000000"/>
  <attribute name="GC Util currently" value="10" />
  <attribute name="CPU Util currently" value="705114214771" />
<allocation-satisfied id="2836" threadId="000000000251D800" bytesRequested="976" />
<af-end id="2837" timestamp="2019-06-15T03:58:16.421" threadId="000000000251E188" success="true" from="nursery"/>
<exclusive-end id="2838" timestamp="2019-06-15T03:58:16.421" durationms="2.422" />

<exclusive-start id="2839" timestamp="2019-06-15T03:58:16.428" intervalms="9.082">
  <response-info timems="0.038" idlems="0.038" threads="0" lastid="000000000251D800" lastname="PmdThread 2" />
</exclusive-start>
<af-start id="2840" threadId="000000000251E188" totalBytesRequested="832" timestamp="2019-06-15T03:58:16.428" intervalms="9.054" type="nursery" />
<cycle-start id="2841" type="scavenge" contextid="0" timestamp="2019-06-15T03:58:16.428" intervalms="9.056" />
<gc-start id="2842" type="scavenge" contextid="2841" timestamp="2019-06-15T03:58:16.428">
  <mem-info id="2843" free="2045911968" total="2092630016" percent="97">
    <mem type="nursery" free="0" total="2228224" percent="0">
      <mem type="allocate" free="0" total="1900544" percent="0" />
      <mem type="survivor" free="0" total="327680" percent="0" />
    </mem>
    <mem type="tenure" free="2045911968" total="2090401792" percent="97">
      <mem type="soa" free="1941392288" total="1985882112" percent="97" />
      <mem type="loa" free="104519680" total="104519680" percent="100" />
    </mem>
    <remembered-set count="295" />
  </mem-info>
</gc-start>
<allocation-stats totalBytes="1778872" >
  <allocated-bytes non-tlh="132400" tlh="1646472" />
  <largest-consumer threadName="PmdThread 3" threadId="0000000002525400" bytes="794408" />
</allocation-stats>
<gc-op id="2844" type="scavenge" timems="2.632" contextid="2841" timestamp="2019-06-15T03:58:16.431">
  <scavenger-info tenureage="4" tenuremask="c010" tiltratio="85" />
  <memory-copied type="nursery" objects="2659" bytes="313840" bytesdiscarded="13616" />
  <memory-copied type="tenure" objects="3321" bytes="171488" bytesdiscarded="744" />
  <copy-failed type="nursery" objects="3260" bytes="168536" />
  <references type="weak" candidates="54" cleared="53" enqueued="53" />
  <references type="phantom" candidates="4" cleared="1" enqueued="1" />
</gc-op>
<gc-end id="2845" type="scavenge" contextid="2841" durationms="2.850" usertimems="8.000" systemtimems="0.000" timestamp="2019-06-15T03:58:16.431" activeThreads="4">
  <mem-info id="2846" free="2046576792" total="2092630016" percent="97">
    <mem type="nursery" free="851968" total="2228224" percent="38">
      <mem type="allocate" free="851968" total="1179648" percent="72" />
      <mem type="survivor" free="0" total="1048576" percent="0" />
    </mem>
    <mem type="tenure" free="2045724824" total="2090401792" percent="97">
      <mem type="soa" free="1941205144" total="1985882112" percent="97" />
      <mem type="loa" free="104519680" total="104519680" percent="100" />
    </mem>
    <pending-finalizers system="0" default="0" reference="54" classloader="0" />
    <remembered-set count="1497" />
  </mem-info>
</gc-end>
<cycle-end id="2847" type="scavenge" contextid="2841" timestamp="2019-06-15T03:58:16.431" />
  <attribute name="elasticGC enabled" value="1" />
  <attribute name= "numThreadsSpecified" value="4" />
  <attribute name="heapSize specified" value="8519680" />
  <attribute name="Current GC Util" value="33" />
  <attribute name= "Current Time Running" value="2933" />
  <attribute name ="GC Interval" value="200" />
  <attribute name="ProportionalT" value="6.500000" />
  <attribute name="ProportionalI" value="6.500000" />
  <attribute name="ProportionalH" value="6.500000" />
  <attribute name="Current Error" value="13.000000" />
  <attribute name="IntegralT" value="117.000000" />
  <attribute name="IntegralI" value="117.000000" />
  <attribute name="IntegralH" value="117.000000" />
  <attribute name="DerivativeT" value="2.166667" />
  <attribute name="DerivativeI" value="2.166667" />
  <attribute name="DerivativeH" value="2.166667" />
  <attribute name="Loop Time for DT" value="9.000000" />
  <attribute name="Output H" value="8388608"/>
  <attribute name="Output I" value="200"/>
  <attribute name="Output T" value="4"/>
  <attribute name="Target GC Util Change" value ="20.000000" />
  <attribute name="Current GC Util Change" value="33.000000"/>
  <attribute name="GC Util currently" value="33" />
  <attribute name="CPU Util currently" value="509608858349" />
<allocation-satisfied id="2848" threadId="000000000251D800" bytesRequested="832" />
<af-end id="2849" timestamp="2019-06-15T03:58:16.431" threadId="000000000251E188" success="true" from="nursery"/>
<exclusive-end id="2850" timestamp="2019-06-15T03:58:16.431" durationms="3.618" />

<exclusive-start id="2851" timestamp="2019-06-15T03:58:16.435" intervalms="7.062">
  <response-info timems="0.071" idlems="0.037" threads="1" lastid="000000000251D800" lastname="PmdThread 2" />
</exclusive-start>
<af-start id="2852" threadId="000000000251A588" totalBytesRequested="32" timestamp="2019-06-15T03:58:16.435" intervalms="7.088" type="nursery" />
<cycle-start id="2853" type="scavenge" contextid="0" timestamp="2019-06-15T03:58:16.435" intervalms="7.085" />
<gc-start id="2854" type="scavenge" contextid="2853" timestamp="2019-06-15T03:58:16.435">
  <mem-info id="2855" free="2045724824" total="2092630016" percent="97">
    <mem type="nursery" free="0" total="2228224" percent="0">
      <mem type="allocate" free="0" total="1179648" percent="0" />
      <mem type="survivor" free="0" total="1048576" percent="0" />
    </mem>
    <mem type="tenure" free="2045724824" total="2090401792" percent="97">
      <mem type="soa" free="1941205144" total="1985882112" percent="97" />
      <mem type="loa" free="104519680" total="104519680" percent="100" />
    </mem>
    <remembered-set count="1504" />
  </mem-info>
</gc-start>
<allocation-stats totalBytes="851712" >
  <allocated-bytes non-tlh="832" tlh="850880" />
  <largest-consumer threadName="PmdThread 1" threadId="0000000002519C00" bytes="405352" />
</allocation-stats>
<gc-op id="2856" type="scavenge" timems="2.664" contextid="2853" timestamp="2019-06-15T03:58:16.438">
  <scavenger-info tenureage="6" tenuremask="ffc0" tiltratio="52" />
  <memory-copied type="nursery" objects="8294" bytes="505896" bytesdiscarded="248584" />
  <references type="weak" candidates="2" cleared="2" enqueued="2" />
  <references type="phantom" candidates="3" cleared="2" enqueued="2" />
</gc-op>
<gc-end id="2857" type="scavenge" contextid="2853" durationms="2.860" usertimems="8.000" systemtimems="0.000" timestamp="2019-06-15T03:58:16.438" activeThreads="4">
  <mem-info id="2858" free="2046346552" total="2092630016" percent="97">
    <mem type="nursery" free="621728" total="2228224" percent="27">
      <mem type="allocate" free="621728" total="1376256" percent="45" />
      <mem type="survivor" free="0" total="851968" percent="0" />
    </mem>
    <mem type="tenure" free="2045724824" total="2090401792" percent="97">
      <mem type="soa" free="1941205144" total="1985882112" percent="97" />
      <mem type="loa" free="104519680" total="104519680" percent="100" />
    </mem>
    <pending-finalizers system="0" default="0" reference="4" classloader="0" />
    <remembered-set count="1481" />
  </mem-info>
</gc-end>
<cycle-end id="2859" type="scavenge" contextid="2853" timestamp="2019-06-15T03:58:16.438" />
  <attribute name="elasticGC enabled" value="1" />
  <attribute name= "numThreadsSpecified" value="4" />
  <attribute name="heapSize specified" value="8519680" />
  <attribute name="Current GC Util" value="56" />
  <attribute name= "Current Time Running" value="2941" />
  <attribute name ="GC Interval" value="312" />
  <attribute name="ProportionalT" value="18.000000" />
  <attribute name="ProportionalI" value="18.000000" />
  <attribute name="ProportionalH" value="18.000000" />
  <attribute name="Current Error" value="36.000000" />
  <attribute name="IntegralT" value="288.000000" />
  <attribute name="IntegralI" value="288.000000" />
  <attribute name="IntegralH" value="288.000000" />
  <attribute name="DerivativeT" value="4.312500" />
  <attribute name="DerivativeI" value="4.312500" />
  <attribute name="DerivativeH" value="4.312500" />
  <attribute name="Loop Time for DT" value="8.000000" />
  <attribute name="Output H" value="8388608"/>
  <attribute name="Output I" value="312"/>
  <attribute name="Output T" value="4"/>
  <attribute name="Target GC Util Change" value ="20.000000" />
  <attribute name="Current GC Util Change" value="56.000000"/>
  <attribute name="GC Util currently" value="56" />
  <attribute name="CPU Util currently" value="652130463487" />
<allocation-satisfied id="2860" threadId="0000000002519C00" bytesRequested="32" />
<af-end id="2861" timestamp="2019-06-15T03:58:16.438" threadId="000000000251A588" success="true" from="nursery"/>
<exclusive-end id="2862" timestamp="2019-06-15T03:58:16.438" durationms="3.370" />

<exclusive-start id="2863" timestamp="2019-06-15T03:58:16.440" intervalms="5.274">
  <response-info timems="0.063" idlems="0.063" threads="0" lastid="0000000002529000" lastname="PmdThread 4" />
</exclusive-start>
<af-start id="2864" threadId="0000000002529988" totalBytesRequested="5056" timestamp="2019-06-15T03:58:16.440" intervalms="5.237" type="nursery" />
<cycle-start id="2865" type="scavenge" contextid="0" timestamp="2019-06-15T03:58:16.440" intervalms="5.237" />
<gc-start id="2866" type="scavenge" contextid="2865" timestamp="2019-06-15T03:58:16.440">
  <mem-info id="2867" free="2045724344" total="2092630016" percent="97">
    <mem type="nursery" free="0" total="2228224" percent="0">
      <mem type="allocate" free="0" total="1376256" percent="0" />
      <mem type="survivor" free="0" total="851968" percent="0" />
    </mem>
    <mem type="tenure" free="2045724344" total="2090401792" percent="97">
      <mem type="soa" free="1941204664" total="1985882112" percent="97" />
      <mem type="loa" free="104519680" total="104519680" percent="100" />
    </mem>
    <remembered-set count="1503" />
  </mem-info>
</gc-start>
<allocation-stats totalBytes="614408" >
  <allocated-bytes non-tlh="512" tlh="613896" />
  <largest-consumer threadName="PmdThread 3" threadId="0000000002525400" bytes="213360" />
</allocation-stats>
<gc-op id="2868" type="scavenge" timems="0.698" contextid="2865" timestamp="2019-06-15T03:58:16.441">
  <scavenger-info tenureage="4" tenuremask="fff0" tiltratio="61" />
  <memory-copied type="nursery" objects="9224" bytes="536528" bytesdiscarded="113352" />
  <memory-copied type="tenure" objects="70" bytes="2096" bytesdiscarded="0" />
  <references type="soft" candidates="1" cleared="0" enqueued="0" dynamicThreshold="31" maxThreshold="32" />
  <references type="weak" candidates="10" cleared="9" enqueued="9" />
  <references type="phantom" candidates="1" cleared="0" enqueued="0" />
</gc-op>
<gc-end id="2869" type="scavenge" contextid="2865" durationms="1.075" usertimems="0.000" systemtimems="0.000" timestamp="2019-06-15T03:58:16.441" activeThreads="4">
  <mem-info id="2870" free="2046647176" total="2092630016" percent="97">
    <mem type="nursery" free="922832" total="2228224" percent="41">
      <mem type="allocate" free="922832" total="1572864" percent="58" />
      <mem type="survivor" free="0" total="655360" percent="0" />
    </mem>
    <mem type="tenure" free="2045724344" total="2090401792" percent="97">
      <mem type="soa" free="1941204664" total="1985882112" percent="97" />
      <mem type="loa" free="104519680" total="104519680" percent="100" />
    </mem>
    <pending-finalizers system="0" default="0" reference="9" classloader="0" />
    <remembered-set count="1491" />
  </mem-info>
</gc-end>
<cycle-end id="2871" type="scavenge" contextid="2865" timestamp="2019-06-15T03:58:16.442" />
  <attribute name="elasticGC enabled" value="1" />
  <attribute name= "numThreadsSpecified" value="4" />
  <attribute name="heapSize specified" value="8519680" />
  <attribute name="Current GC Util" value="73" />
  <attribute name= "Current Time Running" value="2946" />
  <attribute name ="GC Interval" value="296" />
  <attribute name="ProportionalT" value="26.500000" />
  <attribute name="ProportionalI" value="26.500000" />
  <attribute name="ProportionalH" value="26.500000" />
  <attribute name="Current Error" value="53.000000" />
  <attribute name="IntegralT" value="265.000000" />
  <attribute name="IntegralI" value="265.000000" />
  <attribute name="IntegralH" value="265.000000" />
  <attribute name="DerivativeT" value="5.100000" />
  <attribute name="DerivativeI" value="5.100000" />
  <attribute name="DerivativeH" value="5.100000" />
  <attribute name="Loop Time for DT" value="5.000000" />
  <attribute name="Output H" value="8388608"/>
  <attribute name="Output I" value="296"/>
  <attribute name="Output T" value="4"/>
  <attribute name="Target GC Util Change" value ="20.000000" />
  <attribute name="Current GC Util Change" value="73.000000"/>
  <attribute name="GC Util currently" value="73" />
  <attribute name="CPU Util currently" value="878849444107" />
<allocation-satisfied id="2872" threadId="0000000002529000" bytesRequested="5056" />
<af-end id="2873" timestamp="2019-06-15T03:58:16.442" threadId="0000000002529988" success="true" from="nursery"/>
<exclusive-end id="2874" timestamp="2019-06-15T03:58:16.442" durationms="1.558" />

<exclusive-start id="2875" timestamp="2019-06-15T03:58:16.444" intervalms="3.733">
  <response-info timems="0.030" idlems="0.030" threads="0" lastid="0000000002525400" lastname="PmdThread 3" />
</exclusive-start>
<af-start id="2876" threadId="0000000002525D88" totalBytesRequested="24" timestamp="2019-06-15T03:58:16.444" intervalms="3.744" type="nursery" />
<cycle-start id="2877" type="scavenge" contextid="0" timestamp="2019-06-15T03:58:16.444" intervalms="3.745" />
<gc-start id="2878" type="scavenge" contextid="2877" timestamp="2019-06-15T03:58:16.444">
  <mem-info id="2879" free="2045724264" total="2092630016" percent="97">
    <mem type="nursery" free="0" total="2228224" percent="0">
      <mem type="allocate" free="0" total="1572864" percent="0" />
      <mem type="survivor" free="0" total="655360" percent="0" />
    </mem>
    <mem type="tenure" free="2045724264" total="2090401792" percent="97">
      <mem type="soa" free="1941204584" total="1985882112" percent="97" />
      <mem type="loa" free="104519680" total="104519680" percent="100" />
    </mem>
    <remembered-set count="1501" />
  </mem-info>
</gc-start>
<allocation-stats totalBytes="921800" >
  <allocated-bytes non-tlh="5136" tlh="916664" />
  <largest-consumer threadName="PmdThread 4" threadId="0000000002529000" bytes="560176" />
</allocation-stats>
<gc-op id="2880" type="scavenge" timems="2.741" contextid="2877" timestamp="2019-06-15T03:58:16.447">
  <scavenger-info tenureage="4" tenuremask="ff90" tiltratio="70" />
  <memory-copied type="nursery" objects="9157" bytes="526728" bytesdiscarded="39408" />
  <references type="soft" candidates="12" cleared="0" enqueued="0" dynamicThreshold="31" maxThreshold="32" />
  <references type="weak" candidates="14" cleared="14" enqueued="14" />
  <references type="phantom" candidates="1" cleared="1" enqueued="1" />
</gc-op>
<gc-end id="2881" type="scavenge" contextid="2877" durationms="2.987" usertimems="8.000" systemtimems="0.000" timestamp="2019-06-15T03:58:16.447" activeThreads="4">
  <mem-info id="2882" free="2046729736" total="2092630016" percent="97">
    <mem type="nursery" free="1005472" total="2228224" percent="45">
      <mem type="allocate" free="1005472" total="1572864" percent="63" />
      <mem type="survivor" free="0" total="655360" percent="0" />
    </mem>
    <mem type="tenure" free="2045724264" total="2090401792" percent="97">
      <mem type="soa" free="1941204584" total="1985882112" percent="97" />
      <mem type="loa" free="104519680" total="104519680" percent="100" />
    </mem>
    <pending-finalizers system="0" default="0" reference="15" classloader="0" />
    <remembered-set count="1501" />
  </mem-info>
</gc-end>
<cycle-end id="2883" type="scavenge" contextid="2877" timestamp="2019-06-15T03:58:16.447" />
  <attribute name="elasticGC enabled" value="1" />
  <attribute name= "numThreadsSpecified" value="4" />
  <attribute name="heapSize specified" value="8519680" />
  <attribute name="Current GC Util" value="38" />
  <attribute name= "Current Time Running" value="2950" />
  <attribute name ="GC Interval" value="200" />
  <attribute name="ProportionalT" value="9.000000" />
  <attribute name="ProportionalI" value="9.000000" />
  <attribute name="ProportionalH" value="9.000000" />
  <attribute name="Current Error" value="18.000000" />
  <attribute name="IntegralT" value="72.000000" />
  <attribute name="IntegralI" value="72.000000" />
  <attribute name="IntegralH" value="72.000000" />
  <attribute name="DerivativeT" value="-13.125000" />
  <attribute name="DerivativeI" value="-13.125000" />
  <attribute name="DerivativeH" value="-13.125000" />
  <attribute name="Loop Time for DT" value="4.000000" />
  <attribute name="Output H" value="8388608"/>
  <attribute name="Output I" value="200"/>
  <attribute name="Output T" value="4"/>
  <attribute name="Target GC Util Change" value ="20.000000" />
  <attribute name="Current GC Util Change" value="38.000000"/>
  <attribute name="GC Util currently" value="38" />
  <attribute name="CPU Util currently" value="1236032643458" />
<allocation-satisfied id="2884" threadId="0000000002525400" bytesRequested="24" />
<af-end id="2885" timestamp="2019-06-15T03:58:16.447" threadId="0000000002525D88" success="true" from="nursery"/>
<exclusive-end id="2886" timestamp="2019-06-15T03:58:16.447" durationms="3.510" />

<exclusive-start id="2887" timestamp="2019-06-15T03:58:16.451" intervalms="7.225">
  <response-info timems="0.053" idlems="0.028" threads="1" lastid="0000000002519C00" lastname="PmdThread 1" />
</exclusive-start>
<af-start id="2888" threadId="000000000251E188" totalBytesRequested="1128" timestamp="2019-06-15T03:58:16.451" intervalms="7.233" type="nursery" />
<cycle-start id="2889" type="scavenge" contextid="0" timestamp="2019-06-15T03:58:16.451" intervalms="7.208" />
<gc-start id="2890" type="scavenge" contextid="2889" timestamp="2019-06-15T03:58:16.451">
  <mem-info id="2891" free="2045723768" total="2092630016" percent="97">
    <mem type="nursery" free="0" total="2228224" percent="0">
      <mem type="allocate" free="0" total="1572864" percent="0" />
      <mem type="survivor" free="0" total="655360" percent="0" />
    </mem>
    <mem type="tenure" free="2045723768" total="2090401792" percent="97">
      <mem type="soa" free="1941204088" total="1985882112" percent="97" />
      <mem type="loa" free="104519680" total="104519680" percent="100" />
    </mem>
    <remembered-set count="1580" />
  </mem-info>
</gc-start>
<allocation-stats totalBytes="1003024" >
  <allocated-bytes non-tlh="520" tlh="1002504" />
  <largest-consumer threadName="PmdThread 4" threadId="0000000002529000" bytes="323760" />
</allocation-stats>
<gc-op id="2892" type="scavenge" timems="3.325" contextid="2889" timestamp="2019-06-15T03:58:16.455">
  <scavenger-info tenureage="3" tenuremask="fff8" tiltratio="70" />
  <memory-copied type="nursery" objects="2343" bytes="147504" bytesdiscarded="80952" />
  <memory-copied type="tenure" objects="7673" bytes="471256" bytesdiscarded="792" />
  <references type="soft" candidates="12" cleared="0" enqueued="0" dynamicThreshold="31" maxThreshold="32" />
  <references type="weak" candidates="29" cleared="29" enqueued="29" />
  <references type="phantom" candidates="2" cleared="2" enqueued="2" />
</gc-op>
<gc-end id="2893" type="scavenge" contextid="2889" durationms="3.549" usertimems="4.000" systemtimems="0.000" timestamp="2019-06-15T03:58:16.455" activeThreads="4">
  <mem-info id="2894" free="2046611232" total="2092630016" percent="97">
    <mem type="nursery" free="1344232" total="2228224" percent="60">
      <mem type="allocate" free="1344232" total="1572864" percent="85" />
      <mem type="survivor" free="0" total="655360" percent="0" />
    </mem>
    <mem type="tenure" free="2045267000" total="2090401792" percent="97">
      <mem type="soa" free="1940747320" total="1985882112" percent="97" />
      <mem type="loa" free="104519680" total="104519680" percent="100" />
    </mem>
    <pending-finalizers system="0" default="0" reference="31" classloader="0" />
    <remembered-set count="410" />
  </mem-info>
</gc-end>
<cycle-end id="2895" type="scavenge" contextid="2889" timestamp="2019-06-15T03:58:16.455" />
  <attribute name="elasticGC enabled" value="1" />
  <attribute name= "numThreadsSpecified" value="4" />
  <attribute name="heapSize specified" value="8519680" />
  <attribute name="Current GC Util" value="53" />
  <attribute name= "Current Time Running" value="2957" />
  <attribute name ="GC Interval" value="256" />
  <attribute name="ProportionalT" value="16.500000" />
  <attribute name="ProportionalI" value="16.500000" />
  <attribute name="ProportionalH" value="16.500000" />
  <attribute name="Current Error" value="33.000000" />
  <attribute name="IntegralT" value="231.000000" />
  <attribute name="IntegralI" value="231.000000" />
  <attribute name="IntegralH" value="231.000000" />
  <attribute name="DerivativeT" value="3.214286" />
  <attribute name="DerivativeI" value="3.214286" />
  <attribute name="DerivativeH" value="3.214286" />
  <attribute name="Loop Time for DT" value="7.000000" />
  <attribute name="Output H" value="8388608"/>
  <attribute name="Output I" value="256"/>
  <attribute name="Output T" value="4"/>
  <attribute name="Target GC Util Change" value ="20.000000" />
  <attribute name="Current GC Util Change" value="53.000000"/>
  <attribute name="GC Util currently" value="53" />
  <attribute name="CPU Util currently" value="638747227509" />
<allocation-satisfied id="2896" threadId="000000000251D800" bytesRequested="1128" />
<af-end id="2897" timestamp="2019-06-15T03:58:16.455" threadId="000000000251E188" success="true" from="nursery"/>
<exclusive-end id="2898" timestamp="2019-06-15T03:58:16.455" durationms="4.250" />

<exclusive-start id="2899" timestamp="2019-06-15T03:58:16.458" intervalms="6.871">
  <response-info timems="0.035" idlems="0.035" threads="0" lastid="0000000002529000" lastname="PmdThread 4" />
</exclusive-start>
<af-start id="2900" threadId="0000000002529988" totalBytesRequested="72" timestamp="2019-06-15T03:58:16.458" intervalms="6.852" type="nursery" />
<cycle-start id="2901" type="scavenge" contextid="0" timestamp="2019-06-15T03:58:16.458" intervalms="6.881" />
<gc-start id="2902" type="scavenge" contextid="2901" timestamp="2019-06-15T03:58:16.458">
  <mem-info id="2903" free="2045267000" total="2092630016" percent="97">
    <mem type="nursery" free="0" total="2228224" percent="0">
      <mem type="allocate" free="0" total="1572864" percent="0" />
      <mem type="survivor" free="0" total="655360" percent="0" />
    </mem>
    <mem type="tenure" free="2045267000" total="2090401792" percent="97">
      <mem type="soa" free="1940747320" total="1985882112" percent="97" />
      <mem type="loa" free="104519680" total="104519680" percent="100" />
    </mem>
    <remembered-set count="581" />
  </mem-info>
</gc-start>
<allocation-stats totalBytes="1331384" >
  <allocated-bytes non-tlh="1128" tlh="1330256" />
  <largest-consumer threadName="PmdThread 1" threadId="0000000002519C00" bytes="883816" />
</allocation-stats>
<gc-op id="2904" type="scavenge" timems="0.412" contextid="2901" timestamp="2019-06-15T03:58:16.459">
  <scavenger-info tenureage="12" tenuremask="f000" tiltratio="70" />
  <memory-copied type="nursery" objects="3280" bytes="304600" bytesdiscarded="120656" />
  <references type="soft" candidates="12" cleared="0" enqueued="0" dynamicThreshold="31" maxThreshold="32" />
  <references type="weak" candidates="24" cleared="24" enqueued="24" />
  <references type="phantom" candidates="2" cleared="1" enqueued="1" />
</gc-op>
<gc-end id="2905" type="scavenge" contextid="2901" durationms="0.782" usertimems="4.000" systemtimems="0.000" timestamp="2019-06-15T03:58:16.459" activeThreads="4">
  <mem-info id="2906" free="2046479616" total="2092630016" percent="97">
    <mem type="nursery" free="1212616" total="2228224" percent="54">
      <mem type="allocate" free="1212616" total="1638400" percent="74" />
      <mem type="survivor" free="0" total="589824" percent="0" />
    </mem>
    <mem type="tenure" free="2045267000" total="2090401792" percent="97">
      <mem type="soa" free="1940747320" total="1985882112" percent="97" />
      <mem type="loa" free="104519680" total="104519680" percent="100" />
    </mem>
    <pending-finalizers system="0" default="0" reference="25" classloader="0" />
    <remembered-set count="414" />
  </mem-info>
</gc-end>
<cycle-end id="2907" type="scavenge" contextid="2901" timestamp="2019-06-15T03:58:16.459" />
  <attribute name="elasticGC enabled" value="1" />
  <attribute name= "numThreadsSpecified" value="4" />
  <attribute name="heapSize specified" value="8519680" />
  <attribute name="Current GC Util" value="72" />
  <attribute name= "Current Time Running" value="2964" />
  <attribute name ="GC Interval" value="400" />
  <attribute name="ProportionalT" value="26.000000" />
  <attribute name="ProportionalI" value="26.000000" />
  <attribute name="ProportionalH" value="26.000000" />
  <attribute name="Current Error" value="52.000000" />
  <attribute name="IntegralT" value="364.000000" />
  <attribute name="IntegralI" value="364.000000" />
  <attribute name="IntegralH" value="364.000000" />
  <attribute name="DerivativeT" value="4.071429" />
  <attribute name="DerivativeI" value="4.071429" />
  <attribute name="DerivativeH" value="4.071429" />
  <attribute name="Loop Time for DT" value="7.000000" />
  <attribute name="Output H" value="8388608"/>
  <attribute name="Output I" value="400"/>
  <attribute name="Output T" value="4"/>
  <attribute name="Target GC Util Change" value ="20.000000" />
  <attribute name="Current GC Util Change" value="72.000000"/>
  <attribute name="GC Util currently" value="72" />
  <attribute name="CPU Util currently" value="669830713566" />
<allocation-satisfied id="2908" threadId="0000000002529000" bytesRequested="72" />
<af-end id="2909" timestamp="2019-06-15T03:58:16.459" threadId="0000000002529988" success="true" from="nursery"/>
<exclusive-end id="2910" timestamp="2019-06-15T03:58:16.459" durationms="1.267" />

<exclusive-start id="2911" timestamp="2019-06-15T03:58:16.462" intervalms="4.385">
  <response-info timems="0.041" idlems="0.041" threads="0" lastid="000000000251D800" lastname="PmdThread 2" />
</exclusive-start>
<af-start id="2912" threadId="000000000251E188" totalBytesRequested="48" timestamp="2019-06-15T03:58:16.462" intervalms="4.398" type="nursery" />
<cycle-start id="2913" type="scavenge" contextid="0" timestamp="2019-06-15T03:58:16.463" intervalms="4.394" />
<gc-start id="2914" type="scavenge" contextid="2913" timestamp="2019-06-15T03:58:16.463">
  <mem-info id="2915" free="2045266784" total="2092630016" percent="97">
    <mem type="nursery" free="0" total="2228224" percent="0">
      <mem type="allocate" free="0" total="1638400" percent="0" />
      <mem type="survivor" free="0" total="589824" percent="0" />
    </mem>
    <mem type="tenure" free="2045266784" total="2090401792" percent="97">
      <mem type="soa" free="1940747104" total="1985882112" percent="97" />
      <mem type="loa" free="104519680" total="104519680" percent="100" />
    </mem>
    <remembered-set count="596" />
  </mem-info>
</gc-start>
<allocation-stats totalBytes="1211632" >
  <allocated-bytes non-tlh="288" tlh="1211344" />
  <largest-consumer threadName="PmdThread 2" threadId="000000000251D800" bytes="749032" />
</allocation-stats>
<gc-op id="2916" type="scavenge" timems="2.821" contextid="2913" timestamp="2019-06-15T03:58:16.466">
  <scavenger-info tenureage="3" tenuremask="f018" tiltratio="73" />
  <memory-copied type="nursery" objects="2275" bytes="265848" bytesdiscarded="112200" />
  <memory-copied type="tenure" objects="1425" bytes="47008" bytesdiscarded="24" />
  <references type="weak" candidates="126" cleared="126" enqueued="126" />
  <references type="phantom" candidates="1" cleared="0" enqueued="0" />
</gc-op>
<gc-end id="2917" type="scavenge" contextid="2913" durationms="3.039" usertimems="4.000" systemtimems="0.000" timestamp="2019-06-15T03:58:16.466" activeThreads="4">
  <mem-info id="2918" free="2046487600" total="2092630016" percent="97">
    <mem type="nursery" free="1259984" total="2228224" percent="56">
      <mem type="allocate" free="1259984" total="1638400" percent="76" />
      <mem type="survivor" free="0" total="589824" percent="0" />
    </mem>
    <mem type="tenure" free="2045227616" total="2090401792" percent="97">
      <mem type="soa" free="1940707936" total="1985882112" percent="97" />
      <mem type="loa" free="104519680" total="104519680" percent="100" />
    </mem>
    <pending-finalizers system="0" default="0" reference="126" classloader="0" />
    <remembered-set count="140" />
  </mem-info>
</gc-end>
<cycle-end id="2919" type="scavenge" contextid="2913" timestamp="2019-06-15T03:58:16.466" />
  <attribute name="elasticGC enabled" value="1" />
  <attribute name= "numThreadsSpecified" value="4" />
  <attribute name="heapSize specified" value="8519680" />
  <attribute name="Current GC Util" value="21" />
  <attribute name= "Current Time Running" value="2968" />
  <attribute name ="GC Interval" value="200" />
  <attribute name="ProportionalT" value="0.500000" />
  <attribute name="ProportionalI" value="0.500000" />
  <attribute name="ProportionalH" value="0.500000" />
  <attribute name="Current Error" value="1.000000" />
  <attribute name="IntegralT" value="4.000000" />
  <attribute name="IntegralI" value="4.000000" />
  <attribute name="IntegralH" value="4.000000" />
  <attribute name="DerivativeT" value="-19.125000" />
  <attribute name="DerivativeI" value="-19.125000" />
  <attribute name="DerivativeH" value="-19.125000" />
  <attribute name="Loop Time for DT" value="4.000000" />
  <attribute name="Output H" value="2092630016"/>
  <attribute name="Output I" value="200"/>
  <attribute name="Output T" value="4"/>
  <attribute name="Target GC Util Change" value ="20.000000" />
  <attribute name="Current GC Util Change" value="21.000000"/>
  <attribute name="GC Util currently" value="21" />
  <attribute name="CPU Util currently" value="1049269419806" />
<allocation-satisfied id="2920" threadId="000000000251D800" bytesRequested="48" />
<af-end id="2921" timestamp="2019-06-15T03:58:16.466" threadId="000000000251E188" success="true" from="nursery"/>
<exclusive-end id="2922" timestamp="2019-06-15T03:58:16.466" durationms="3.518" />

<exclusive-start id="2923" timestamp="2019-06-15T03:58:16.468" intervalms="5.768">
  <response-info timems="0.037" idlems="0.037" threads="0" lastid="0000000002529000" lastname="PmdThread 4" />
</exclusive-start>
<af-start id="2924" threadId="0000000002529988" totalBytesRequested="40" timestamp="2019-06-15T03:58:16.468" intervalms="5.752" type="nursery" />
<cycle-start id="2925" type="scavenge" contextid="0" timestamp="2019-06-15T03:58:16.468" intervalms="5.748" />
<gc-start id="2926" type="scavenge" contextid="2925" timestamp="2019-06-15T03:58:16.468">
  <mem-info id="2927" free="2045227616" total="2092630016" percent="97">
    <mem type="nursery" free="0" total="2228224" percent="0">
      <mem type="allocate" free="0" total="1638400" percent="0" />
      <mem type="survivor" free="0" total="589824" percent="0" />
    </mem>
    <mem type="tenure" free="2045227616" total="2090401792" percent="97">
      <mem type="soa" free="1940707936" total="1985882112" percent="97" />
      <mem type="loa" free="104519680" total="104519680" percent="100" />
    </mem>
    <remembered-set count="247" />
  </mem-info>
</gc-start>
<allocation-stats totalBytes="1256944" >
  <allocated-bytes non-tlh="16440" tlh="1240504" />
  <largest-consumer threadName="PmdThread 2" threadId="000000000251D800" bytes="583600" />
</allocation-stats>
<gc-op id="2928" type="scavenge" timems="0.520" contextid="2925" timestamp="2019-06-15T03:58:16.469">
  <scavenger-info tenureage="12" tenuremask="7000" tiltratio="73" />
  <memory-copied type="nursery" objects="4327" bytes="412200" bytesdiscarded="93432" />
  <references type="weak" candidates="111" cleared="110" enqueued="110" />
  <references type="phantom" candidates="4" cleared="1" enqueued="1" />
</gc-op>
<gc-end id="2929" type="scavenge" contextid="2925" durationms="0.898" usertimems="0.000" systemtimems="0.000" timestamp="2019-06-15T03:58:16.469" activeThreads="4">
  <mem-info id="2930" free="2046360056" total="2092630016" percent="97">
    <mem type="nursery" free="1132440" total="2228224" percent="50">
      <mem type="allocate" free="1132440" total="1638400" percent="69" />
      <mem type="survivor" free="0" total="589824" percent="0" />
    </mem>
    <mem type="tenure" free="2045227616" total="2090401792" percent="97">
      <mem type="soa" free="1940707936" total="1985882112" percent="97" />
      <mem type="loa" free="104519680" total="104519680" percent="100" />
    </mem>
    <pending-finalizers system="0" default="0" reference="111" classloader="0" />
    <remembered-set count="138" />
  </mem-info>
</gc-end>
<cycle-end id="2931" type="scavenge" contextid="2925" timestamp="2019-06-15T03:58:16.469" />
  <attribute name="elasticGC enabled" value="1" />
  <attribute name= "numThreadsSpecified" value="4" />
  <attribute name="heapSize specified" value="8519680" />
  <attribute name="Current GC Util" value="72" />
  <attribute name= "Current Time Running" value="2974" />
  <attribute name ="GC Interval" value="352" />
  <attribute name="ProportionalT" value="26.000000" />
  <attribute name="ProportionalI" value="26.000000" />
  <attribute name="ProportionalH" value="26.000000" />
  <attribute name="Current Error" value="52.000000" />
  <attribute name="IntegralT" value="312.000000" />
  <attribute name="IntegralI" value="312.000000" />
  <attribute name="IntegralH" value="312.000000" />
  <attribute name="DerivativeT" value="12.750000" />
  <attribute name="DerivativeI" value="12.750000" />
  <attribute name="DerivativeH" value="12.750000" />
  <attribute name="Loop Time for DT" value="6.000000" />
  <attribute name="Output H" value="8388608"/>
  <attribute name="Output I" value="352"/>
  <attribute name="Output T" value="4"/>
  <attribute name="Target GC Util Change" value ="20.000000" />
  <attribute name="Current GC Util Change" value="72.000000"/>
  <attribute name="GC Util currently" value="72" />
  <attribute name="CPU Util currently" value="802212042917" />
<allocation-satisfied id="2932" threadId="0000000002529000" bytesRequested="40" />
<af-end id="2933" timestamp="2019-06-15T03:58:16.469" threadId="0000000002529988" success="true" from="nursery"/>
<exclusive-end id="2934" timestamp="2019-06-15T03:58:16.470" durationms="1.374" />

<exclusive-start id="2935" timestamp="2019-06-15T03:58:16.473" intervalms="4.866">
  <response-info timems="0.733" idlems="0.484" threads="2" lastid="0000000002525400" lastname="PmdThread 3" />
</exclusive-start>
<af-start id="2936" threadId="000000000251A588" totalBytesRequested="72" timestamp="2019-06-15T03:58:16.473" intervalms="4.905" type="nursery" />
<cycle-start id="2937" type="scavenge" contextid="0" timestamp="2019-06-15T03:58:16.473" intervalms="4.908" />
<gc-start id="2938" type="scavenge" contextid="2937" timestamp="2019-06-15T03:58:16.473">
  <mem-info id="2939" free="2045227616" total="2092630016" percent="97">
    <mem type="nursery" free="0" total="2228224" percent="0">
      <mem type="allocate" free="0" total="1638400" percent="0" />
      <mem type="survivor" free="0" total="589824" percent="0" />
    </mem>
    <mem type="tenure" free="2045227616" total="2090401792" percent="97">
      <mem type="soa" free="1940707936" total="1985882112" percent="97" />
      <mem type="loa" free="104519680" total="104519680" percent="100" />
    </mem>
    <remembered-set count="263" />
  </mem-info>
</gc-start>
<allocation-stats totalBytes="1128768" >
  <allocated-bytes non-tlh="40" tlh="1128728" />
  <largest-consumer threadName="PmdThread 2" threadId="000000000251D800" bytes="549672" />
</allocation-stats>
<gc-op id="2940" type="scavenge" timems="2.288" contextid="2937" timestamp="2019-06-15T03:58:16.476">
  <scavenger-info tenureage="12" tenuremask="7000" tiltratio="73" />
  <memory-copied type="nursery" objects="6709" bytes="463392" bytesdiscarded="126376" />
  <memory-copied type="tenure" objects="2" bytes="16400" bytesdiscarded="0" />
  <copy-failed type="nursery" objects="2" bytes="16400" />
  <references type="weak" candidates="109" cleared="109" enqueued="109" />
  <references type="phantom" candidates="2" cleared="2" enqueued="2" />
</gc-op>
<gc-end id="2941" type="scavenge" contextid="2937" durationms="2.540" usertimems="4.000" systemtimems="0.000" timestamp="2019-06-15T03:58:16.476" activeThreads="4">
  <mem-info id="2942" free="2046210656" total="2092630016" percent="97">
    <mem type="nursery" free="983040" total="2228224" percent="44">
      <mem type="allocate" free="983040" total="1572864" percent="62" />
      <mem type="survivor" free="0" total="655360" percent="0" />
    </mem>
    <mem type="tenure" free="2045227616" total="2090401792" percent="97">
      <mem type="soa" free="1940707936" total="1985882112" percent="97" />
      <mem type="loa" free="104519680" total="104519680" percent="100" />
    </mem>
    <pending-finalizers system="0" default="0" reference="111" classloader="0" />
    <remembered-set count="138" />
  </mem-info>
</gc-end>
<cycle-end id="2943" type="scavenge" contextid="2937" timestamp="2019-06-15T03:58:16.476" />
  <attribute name="elasticGC enabled" value="1" />
  <attribute name= "numThreadsSpecified" value="4" />
  <attribute name="heapSize specified" value="8519680" />
  <attribute name="Current GC Util" value="21" />
  <attribute name= "Current Time Running" value="2979" />
  <attribute name ="GC Interval" value="200" />
  <attribute name="ProportionalT" value="0.500000" />
  <attribute name="ProportionalI" value="0.500000" />
  <attribute name="ProportionalH" value="0.500000" />
  <attribute name="Current Error" value="1.000000" />
  <attribute name="IntegralT" value="5.000000" />
  <attribute name="IntegralI" value="5.000000" />
  <attribute name="IntegralH" value="5.000000" />
  <attribute name="DerivativeT" value="-15.300000" />
  <attribute name="DerivativeI" value="-15.300000" />
  <attribute name="DerivativeH" value="-15.300000" />
  <attribute name="Loop Time for DT" value="5.000000" />
  <attribute name="Output H" value="2092630016"/>
  <attribute name="Output I" value="200"/>
  <attribute name="Output T" value="4"/>
  <attribute name="Target GC Util Change" value ="20.000000" />
  <attribute name="Current GC Util Change" value="21.000000"/>
  <attribute name="GC Util currently" value="21" />
  <attribute name="CPU Util currently" value="936501789037" />
<allocation-satisfied id="2944" threadId="0000000002519C00" bytesRequested="72" />
<af-end id="2945" timestamp="2019-06-15T03:58:16.476" threadId="000000000251A588" success="true" from="nursery"/>
<exclusive-end id="2946" timestamp="2019-06-15T03:58:16.476" durationms="3.163" />

<exclusive-start id="2947" timestamp="2019-06-15T03:58:16.478" intervalms="4.549">
  <response-info timems="0.030" idlems="0.030" threads="0" lastid="000000000251D800" lastname="PmdThread 2" />
</exclusive-start>
<af-start id="2948" threadId="000000000251E188" totalBytesRequested="104" timestamp="2019-06-15T03:58:16.478" intervalms="4.518" type="nursery" />
<cycle-start id="2949" type="scavenge" contextid="0" timestamp="2019-06-15T03:58:16.478" intervalms="4.520" />
<gc-start id="2950" type="scavenge" contextid="2949" timestamp="2019-06-15T03:58:16.478">
  <mem-info id="2951" free="2045227616" total="2092630016" percent="97">
    <mem type="nursery" free="0" total="2228224" percent="0">
      <mem type="allocate" free="0" total="1572864" percent="0" />
      <mem type="survivor" free="0" total="655360" percent="0" />
    </mem>
    <mem type="tenure" free="2045227616" total="2090401792" percent="97">
      <mem type="soa" free="1940707936" total="1985882112" percent="97" />
      <mem type="loa" free="104519680" total="104519680" percent="100" />
    </mem>
    <remembered-set count="205" />
  </mem-info>
</gc-start>
<allocation-stats totalBytes="981792" >
  <allocated-bytes non-tlh="72" tlh="981720" />
  <largest-consumer threadName="PmdThread 3" threadId="0000000002525400" bytes="335616" />
</allocation-stats>
<gc-op id="2952" type="scavenge" timems="2.149" contextid="2949" timestamp="2019-06-15T03:58:16.480">
  <scavenger-info tenureage="3" tenuremask="fff8" tiltratio="70" />
  <memory-copied type="nursery" objects="5713" bytes="331400" bytesdiscarded="78848" />
  <memory-copied type="tenure" objects="203" bytes="65544" bytesdiscarded="16" />
  <references type="weak" candidates="80" cleared="79" enqueued="79" />
  <references type="phantom" candidates="1" cleared="0" enqueued="0" />
</gc-op>
<gc-end id="2953" type="scavenge" contextid="2949" durationms="2.539" usertimems="4.000" systemtimems="0.000" timestamp="2019-06-15T03:58:16.480" activeThreads="4">
  <mem-info id="2954" free="2046358000" total="2092630016" percent="97">
    <mem type="nursery" free="1226936" total="2228224" percent="55">
      <mem type="allocate" free="1226936" total="1638400" percent="74" />
      <mem type="survivor" free="0" total="589824" percent="0" />
    </mem>
    <mem type="tenure" free="2045131064" total="2090401792" percent="97">
      <mem type="soa" free="1940611384" total="1985882112" percent="97" />
      <mem type="loa" free="104519680" total="104519680" percent="100" />
    </mem>
    <pending-finalizers system="0" default="0" reference="79" classloader="0" />
    <remembered-set count="144" />
  </mem-info>
</gc-end>
<cycle-end id="2955" type="scavenge" contextid="2949" timestamp="2019-06-15T03:58:16.480" />
  <attribute name="elasticGC enabled" value="1" />
  <attribute name= "numThreadsSpecified" value="4" />
  <attribute name="heapSize specified" value="8519680" />
  <attribute name="Current GC Util" value="71" />
  <attribute name= "Current Time Running" value="2983" />
  <attribute name ="GC Interval" value="248" />
  <attribute name="ProportionalT" value="25.500000" />
  <attribute name="ProportionalI" value="25.500000" />
  <attribute name="ProportionalH" value="25.500000" />
  <attribute name="Current Error" value="51.000000" />
  <attribute name="IntegralT" value="204.000000" />
  <attribute name="IntegralI" value="204.000000" />
  <attribute name="IntegralH" value="204.000000" />
  <attribute name="DerivativeT" value="18.750000" />
  <attribute name="DerivativeI" value="18.750000" />
  <attribute name="DerivativeH" value="18.750000" />
  <attribute name="Loop Time for DT" value="4.000000" />
  <attribute name="Output H" value="8388608"/>
  <attribute name="Output I" value="248"/>
  <attribute name="Output T" value="4"/>
  <attribute name="Target GC Util Change" value ="20.000000" />
  <attribute name="Current GC Util Change" value="71.000000"/>
  <attribute name="GC Util currently" value="71" />
  <attribute name="CPU Util currently" value="995458182039" />
<allocation-satisfied id="2956" threadId="000000000251D800" bytesRequested="104" />
<af-end id="2957" timestamp="2019-06-15T03:58:16.481" threadId="000000000251E188" success="true" from="nursery"/>
<exclusive-end id="2958" timestamp="2019-06-15T03:58:16.481" durationms="3.092" />

<exclusive-start id="2959" timestamp="2019-06-15T03:58:16.484" intervalms="6.411">
  <response-info timems="0.037" idlems="0.037" threads="0" lastid="000000000251D800" lastname="PmdThread 2" />
</exclusive-start>
<af-start id="2960" threadId="000000000251E188" totalBytesRequested="1160" timestamp="2019-06-15T03:58:16.484" intervalms="6.429" type="nursery" />
<cycle-start id="2961" type="scavenge" contextid="0" timestamp="2019-06-15T03:58:16.484" intervalms="6.445" />
<gc-start id="2962" type="scavenge" contextid="2961" timestamp="2019-06-15T03:58:16.484">
  <mem-info id="2963" free="2045130992" total="2092630016" percent="97">
    <mem type="nursery" free="0" total="2228224" percent="0">
      <mem type="allocate" free="0" total="1638400" percent="0" />
      <mem type="survivor" free="0" total="589824" percent="0" />
    </mem>
    <mem type="tenure" free="2045130992" total="2090401792" percent="97">
      <mem type="soa" free="1940611312" total="1985882112" percent="97" />
      <mem type="loa" free="104519680" total="104519680" percent="100" />
    </mem>
    <remembered-set count="240" />
  </mem-info>
</gc-start>
<allocation-stats totalBytes="1218984" >
  <allocated-bytes non-tlh="16568" tlh="1202416" />
  <largest-consumer threadName="PmdThread 4" threadId="0000000002529000" bytes="425088" />
</allocation-stats>
<gc-op id="2964" type="scavenge" timems="3.490" contextid="2961" timestamp="2019-06-15T03:58:16.488">
  <scavenger-info tenureage="7" tenuremask="ff80" tiltratio="73" />
  <memory-copied type="nursery" objects="6284" bytes="538304" bytesdiscarded="50472" />
  <memory-copied type="tenure" objects="930" bytes="34816" bytesdiscarded="0" />
  <copy-failed type="nursery" objects="930" bytes="34816" />
  <references type="weak" candidates="66" cleared="65" enqueued="65" />
  <references type="phantom" candidates="4" cleared="2" enqueued="2" />
</gc-op>
<gc-end id="2965" type="scavenge" contextid="2961" durationms="3.727" usertimems="8.000" systemtimems="0.000" timestamp="2019-06-15T03:58:16.488" activeThreads="4">
  <mem-info id="2966" free="2045851888" total="2092630016" percent="97">
    <mem type="nursery" free="720896" total="2228224" percent="32">
      <mem type="allocate" free="720896" total="1310720" percent="55" />
      <mem type="survivor" free="0" total="917504" percent="0" />
    </mem>
    <mem type="tenure" free="2045130992" total="2090401792" percent="97">
      <mem type="soa" free="1940611312" total="1985882112" percent="97" />
      <mem type="loa" free="104519680" total="104519680" percent="100" />
    </mem>
    <pending-finalizers system="0" default="0" reference="67" classloader="0" />
    <remembered-set count="576" />
  </mem-info>
</gc-end>
<cycle-end id="2967" type="scavenge" contextid="2961" timestamp="2019-06-15T03:58:16.488" />
  <attribute name="elasticGC enabled" value="1" />
  <attribute name= "numThreadsSpecified" value="4" />
  <attribute name="heapSize specified" value="8519680" />
  <attribute name="Current GC Util" value="53" />
  <attribute name= "Current Time Running" value="2990" />
  <attribute name ="GC Interval" value="248" />
  <attribute name="ProportionalT" value="16.500000" />
  <attribute name="ProportionalI" value="16.500000" />
  <attribute name="ProportionalH" value="16.500000" />
  <attribute name="Current Error" value="33.000000" />
  <attribute name="IntegralT" value="231.000000" />
  <attribute name="IntegralI" value="231.000000" />
  <attribute name="IntegralH" value="231.000000" />
  <attribute name="DerivativeT" value="-3.857143" />
  <attribute name="DerivativeI" value="-3.857143" />
  <attribute name="DerivativeH" value="-3.857143" />
  <attribute name="Loop Time for DT" value="7.000000" />
  <attribute name="Output H" value="8388608"/>
  <attribute name="Output I" value="248"/>
  <attribute name="Output T" value="4"/>
  <attribute name="Target GC Util Change" value ="20.000000" />
  <attribute name="Current GC Util Change" value="53.000000"/>
  <attribute name="GC Util currently" value="53" />
  <attribute name="CPU Util currently" value="726201616746" />
<allocation-satisfied id="2968" threadId="000000000251D800" bytesRequested="1160" />
<af-end id="2969" timestamp="2019-06-15T03:58:16.488" threadId="000000000251E188" success="true" from="nursery"/>
<exclusive-end id="2970" timestamp="2019-06-15T03:58:16.488" durationms="4.263" />

<exclusive-start id="2971" timestamp="2019-06-15T03:58:16.490" intervalms="5.793">
  <response-info timems="0.060" idlems="0.060" threads="0" lastid="0000000002529000" lastname="PmdThread 4" />
</exclusive-start>
<af-start id="2972" threadId="0000000002529988" totalBytesRequested="24" timestamp="2019-06-15T03:58:16.490" intervalms="5.735" type="nursery" />
<cycle-start id="2973" type="scavenge" contextid="0" timestamp="2019-06-15T03:58:16.490" intervalms="5.712" />
<gc-start id="2974" type="scavenge" contextid="2973" timestamp="2019-06-15T03:58:16.621">
  <mem-info id="2975" free="2045130992" total="2092630016" percent="97">
    <mem type="nursery" free="0" total="2228224" percent="0">
      <mem type="allocate" free="0" total="1310720" percent="0" />
      <mem type="survivor" free="0" total="917504" percent="0" />
    </mem>
    <mem type="tenure" free="2045130992" total="2090401792" percent="97">
      <mem type="soa" free="1940611312" total="1985882112" percent="97" />
      <mem type="loa" free="104519680" total="104519680" percent="100" />
    </mem>
    <remembered-set count="605" />
  </mem-info>
</gc-start>
<allocation-stats totalBytes="719880" >
  <allocated-bytes non-tlh="1160" tlh="718720" />
  <largest-consumer threadName="PmdThread 4" threadId="0000000002529000" bytes="289552" />
</allocation-stats>
<gc-op id="2976" type="scavenge" timems="1.161" contextid="2973" timestamp="2019-06-15T03:58:16.622">
  <scavenger-info tenureage="3" tenuremask="fff8" tiltratio="58" />
  <memory-copied type="nursery" objects="5708" bytes="445400" bytesdiscarded="125936" />
  <memory-copied type="tenure" objects="4372" bytes="273232" bytesdiscarded="104" />
  <references type="weak" candidates="21" cleared="21" enqueued="21" />
  <references type="phantom" candidates="1" cleared="1" enqueued="1" />
</gc-op>
<gc-end id="2977" type="scavenge" contextid="2973" durationms="1.758" usertimems="0.000" systemtimems="4.000" timestamp="2019-06-15T03:58:16.622" activeThreads="4">
  <mem-info id="2978" free="2045715376" total="2092630016" percent="97">
    <mem type="nursery" free="804816" total="2228224" percent="36">
      <mem type="allocate" free="804816" total="1376256" percent="58" />
      <mem type="survivor" free="0" total="851968" percent="0" />
    </mem>
    <mem type="tenure" free="2044910560" total="2090401792" percent="97">
      <mem type="soa" free="1940390880" total="1985882112" percent="97" />
      <mem type="loa" free="104519680" total="104519680" percent="100" />
    </mem>
    <pending-finalizers system="0" default="0" reference="22" classloader="0" />
    <remembered-set count="160" />
  </mem-info>
</gc-end>
<cycle-end id="2979" type="scavenge" contextid="2973" timestamp="2019-06-15T03:58:16.623" />
  <attribute name="elasticGC enabled" value="1" />
  <attribute name= "numThreadsSpecified" value="4" />
  <attribute name="heapSize specified" value="8519680" />
  <attribute name="Current GC Util" value="3" />
  <attribute name= "Current Time Running" value="3126" />
  <attribute name ="GC Interval" value="200" />
  <attribute name="ProportionalT" value="-8.500000" />
  <attribute name="ProportionalI" value="-8.500000" />
  <attribute name="ProportionalH" value="-8.500000" />
  <attribute name="Current Error" value="-17.000000" />
  <attribute name="IntegralT" value="-2312.000000" />
  <attribute name="IntegralI" value="-2312.000000" />
  <attribute name="IntegralH" value="-2312.000000" />
  <attribute name="DerivativeT" value="-0.551471" />
  <attribute name="DerivativeI" value="-0.551471" />
  <attribute name="DerivativeH" value="-0.551471" />
  <attribute name="Loop Time for DT" value="136.000000" />
  <attribute name="Output H" value="2092630016"/>
  <attribute name="Output I" value="200"/>
  <attribute name="Output T" value="4"/>
  <attribute name="Target GC Util Change" value ="20.000000" />
  <attribute name="Current GC Util Change" value="3.000000"/>
  <attribute name="GC Util currently" value="3" />
  <attribute name="CPU Util currently" value="33782375020" />
<allocation-satisfied id="2980" threadId="0000000002529000" bytesRequested="24" />
<af-end id="2981" timestamp="2019-06-15T03:58:16.623" threadId="0000000002529988" success="true" from="nursery"/>
<exclusive-end id="2982" timestamp="2019-06-15T03:58:16.623" durationms="133.251" />

<exclusive-start id="2983" timestamp="2019-06-15T03:58:16.625" intervalms="135.407">
  <response-info timems="0.130" idlems="0.092" threads="2" lastid="0000000002519C00" lastname="PmdThread 1" />
</exclusive-start>
<af-start id="2984" threadId="0000000002525D88" totalBytesRequested="16" timestamp="2019-06-15T03:58:16.625" intervalms="135.441" type="nursery" />
<cycle-start id="2985" type="scavenge" contextid="0" timestamp="2019-06-15T03:58:16.625" intervalms="135.450" />
<gc-start id="2986" type="scavenge" contextid="2985" timestamp="2019-06-15T03:58:16.625">
  <mem-info id="2987" free="2044910560" total="2092630016" percent="97">
    <mem type="nursery" free="0" total="2228224" percent="0">
      <mem type="allocate" free="0" total="1376256" percent="0" />
      <mem type="survivor" free="0" total="851968" percent="0" />
    </mem>
    <mem type="tenure" free="2044910560" total="2090401792" percent="97">
      <mem type="soa" free="1940390880" total="1985882112" percent="97" />
      <mem type="loa" free="104519680" total="104519680" percent="100" />
    </mem>
    <remembered-set count="170" />
  </mem-info>
</gc-start>
<allocation-stats totalBytes="804464" >
  <allocated-bytes non-tlh="32808" tlh="771656" />
  <largest-consumer threadName="PmdThread 3" threadId="0000000002525400" bytes="530160" />
</allocation-stats>
<gc-op id="2988" type="scavenge" timems="0.688" contextid="2985" timestamp="2019-06-15T03:58:16.626">
  <scavenger-info tenureage="10" tenuremask="7c00" tiltratio="61" />
  <memory-copied type="nursery" objects="10870" bytes="701696" bytesdiscarded="58856" />
  <references type="weak" candidates="1" cleared="1" enqueued="1" />
  <references type="phantom" candidates="2" cleared="1" enqueued="1" />
</gc-op>
<gc-end id="2989" type="scavenge" contextid="2985" durationms="0.892" usertimems="4.000" systemtimems="0.000" timestamp="2019-06-15T03:58:16.626" activeThreads="4">
  <mem-info id="2990" free="2045329568" total="2092630016" percent="97">
    <mem type="nursery" free="419008" total="2228224" percent="18">
      <mem type="allocate" free="419008" total="1179648" percent="35" />
      <mem type="survivor" free="0" total="1048576" percent="0" />
    </mem>
    <mem type="tenure" free="2044910560" total="2090401792" percent="97">
      <mem type="soa" free="1940390880" total="1985882112" percent="97" />
      <mem type="loa" free="104519680" total="104519680" percent="100" />
    </mem>
    <pending-finalizers system="0" default="0" reference="2" classloader="0" />
    <remembered-set count="156" />
  </mem-info>
</gc-end>
<cycle-end id="2991" type="scavenge" contextid="2985" timestamp="2019-06-15T03:58:16.626" />
  <attribute name="elasticGC enabled" value="1" />
  <attribute name= "numThreadsSpecified" value="4" />
  <attribute name="heapSize specified" value="8519680" />
  <attribute name="Current GC Util" value="2874" />
  <attribute name= "Current Time Running" value="3131" />
  <attribute name ="GC Interval" value="4000" />
  <attribute name="ProportionalT" value="1427.000000" />
  <attribute name="ProportionalI" value="1427.000000" />
  <attribute name="ProportionalH" value="1427.000000" />
  <attribute name="Current Error" value="2854.000000" />
  <attribute name="IntegralT" value="14270.000000" />
  <attribute name="IntegralI" value="14270.000000" />
  <attribute name="IntegralH" value="14270.000000" />
  <attribute name="DerivativeT" value="856.200000" />
  <attribute name="DerivativeI" value="856.200000" />
  <attribute name="DerivativeH" value="856.200000" />
  <attribute name="Loop Time for DT" value="5.000000" />
  <attribute name="Output H" value="8388608"/>
  <attribute name="Output I" value="4000"/>
  <attribute name="Output T" value="4"/>
  <attribute name="Target GC Util Change" value ="20.000000" />
  <attribute name="Current GC Util Change" value="2874.000000"/>
  <attribute name="GC Util currently" value="2874" />
  <attribute name="CPU Util currently" value="1002160266167" />
<allocation-satisfied id="2992" threadId="0000000002525400" bytesRequested="16" />
<af-end id="2993" timestamp="2019-06-15T03:58:16.626" threadId="0000000002525D88" success="true" from="nursery"/>
<exclusive-end id="2994" timestamp="2019-06-15T03:58:16.627" durationms="1.376" />

<exclusive-start id="2995" timestamp="2019-06-15T03:58:16.628" intervalms="2.425">
  <response-info timems="0.038" idlems="0.021" threads="1" lastid="000000000251D800" lastname="PmdThread 2" />
</exclusive-start>
<af-start id="2996" threadId="000000000251A588" totalBytesRequested="24" timestamp="2019-06-15T03:58:16.628" intervalms="2.474" type="nursery" />
<cycle-start id="2997" type="scavenge" contextid="0" timestamp="2019-06-15T03:58:16.628" intervalms="2.536" />
<gc-start id="2998" type="scavenge" contextid="2997" timestamp="2019-06-15T03:58:16.628">
  <mem-info id="2999" free="2044910560" total="2092630016" percent="97">
    <mem type="nursery" free="0" total="2228224" percent="0">
      <mem type="allocate" free="0" total="1179648" percent="0" />
      <mem type="survivor" free="0" total="1048576" percent="0" />
    </mem>
    <mem type="tenure" free="2044910560" total="2090401792" percent="97">
      <mem type="soa" free="1940390880" total="1985882112" percent="97" />
      <mem type="loa" free="104519680" total="104519680" percent="100" />
    </mem>
    <remembered-set count="169" />
  </mem-info>
</gc-start>
<allocation-stats totalBytes="417432" >
  <allocated-bytes non-tlh="16" tlh="417416" />
  <largest-consumer threadName="PmdThread 4" threadId="0000000002529000" bytes="138752" />
</allocation-stats>
<gc-op id="3000" type="scavenge" timems="2.677" contextid="2997" timestamp="2019-06-15T03:58:16.631">
  <scavenger-info tenureage="3" tenuremask="7e08" tiltratio="52" />
  <memory-copied type="nursery" objects="10434" bytes="512952" bytesdiscarded="73256" />
  <memory-copied type="tenure" objects="1392" bytes="230496" bytesdiscarded="48" />
  <references type="weak" candidates="26" cleared="26" enqueued="26" />
  <references type="phantom" candidates="2" cleared="1" enqueued="1" />
</gc-op>
<gc-end id="3001" type="scavenge" contextid="2997" durationms="3.002" usertimems="0.000" systemtimems="4.000" timestamp="2019-06-15T03:58:16.631" activeThreads="4">
  <mem-info id="3002" free="2045329784" total="2092630016" percent="97">
    <mem type="nursery" free="658920" total="2228224" percent="29">
      <mem type="allocate" free="658920" total="1245184" percent="52" />
      <mem type="survivor" free="0" total="983040" percent="0" />
    </mem>
    <mem type="tenure" free="2044670864" total="2090401792" percent="97">
      <mem type="soa" free="1940151184" total="1985882112" percent="97" />
      <mem type="loa" free="104519680" total="104519680" percent="100" />
    </mem>
    <pending-finalizers system="0" default="0" reference="27" classloader="0" />
    <remembered-set count="182" />
  </mem-info>
</gc-end>
<cycle-end id="3003" type="scavenge" contextid="2997" timestamp="2019-06-15T03:58:16.631" />
  <attribute name="elasticGC enabled" value="1" />
  <attribute name= "numThreadsSpecified" value="4" />
  <attribute name="heapSize specified" value="8519680" />
  <attribute name="Current GC Util" value="53" />
  <attribute name= "Current Time Running" value="3133" />
  <attribute name ="GC Interval" value="200" />
  <attribute name="ProportionalT" value="16.500000" />
  <attribute name="ProportionalI" value="16.500000" />
  <attribute name="ProportionalH" value="16.500000" />
  <attribute name="Current Error" value="33.000000" />
  <attribute name="IntegralT" value="66.000000" />
  <attribute name="IntegralI" value="66.000000" />
  <attribute name="IntegralH" value="66.000000" />
  <attribute name="DerivativeT" value="-2115.750000" />
  <attribute name="DerivativeI" value="-2115.750000" />
  <attribute name="DerivativeH" value="-2115.750000" />
  <attribute name="Loop Time for DT" value="2.000000" />
  <attribute name="Output H" value="2092630016"/>
  <attribute name="Output I" value="200"/>
  <attribute name="Output T" value="4"/>
  <attribute name="Target GC Util Change" value ="20.000000" />
  <attribute name="Current GC Util Change" value="53.000000"/>
  <attribute name="GC Util currently" value="53" />
  <attribute name="CPU Util currently" value="1756623303107" />
<allocation-satisfied id="3004" threadId="0000000002519C00" bytesRequested="24" />
<af-end id="3005" timestamp="2019-06-15T03:58:16.631" threadId="000000000251A588" success="true" from="nursery"/>
<exclusive-end id="3006" timestamp="2019-06-15T03:58:16.631" durationms="3.801" />

<exclusive-start id="3007" timestamp="2019-06-15T03:58:16.633" intervalms="5.192">
  <response-info timems="0.042" idlems="0.023" threads="1" lastid="0000000002519C00" lastname="PmdThread 1" />
</exclusive-start>
<af-start id="3008" threadId="000000000251E188" totalBytesRequested="16" timestamp="2019-06-15T03:58:16.633" intervalms="5.147" type="nursery" />
<cycle-start id="3009" type="scavenge" contextid="0" timestamp="2019-06-15T03:58:16.633" intervalms="5.077" />
<gc-start id="3010" type="scavenge" contextid="3009" timestamp="2019-06-15T03:58:16.633">
  <mem-info id="3011" free="2044670864" total="2092630016" percent="97">
    <mem type="nursery" free="0" total="2228224" percent="0">
      <mem type="allocate" free="0" total="1245184" percent="0" />
      <mem type="survivor" free="0" total="983040" percent="0" />
    </mem>
    <mem type="tenure" free="2044670864" total="2090401792" percent="97">
      <mem type="soa" free="1940151184" total="1985882112" percent="97" />
      <mem type="loa" free="104519680" total="104519680" percent="100" />
    </mem>
    <remembered-set count="256" />
  </mem-info>
</gc-start>
<allocation-stats totalBytes="656912" >
  <allocated-bytes non-tlh="24" tlh="656888" />
  <largest-consumer threadName="PmdThread 2" threadId="000000000251D800" bytes="309688" />
</allocation-stats>
<gc-op id="3012" type="scavenge" timems="2.734" contextid="3009" timestamp="2019-06-15T03:58:16.636">
  <scavenger-info tenureage="3" tenuremask="7f08" tiltratio="55" />
  <memory-copied type="nursery" objects="6452" bytes="305264" bytesdiscarded="77416" />
  <memory-copied type="tenure" objects="4022" bytes="202384" bytesdiscarded="16" />
  <references type="weak" candidates="78" cleared="78" enqueued="78" />
  <references type="phantom" candidates="1" cleared="0" enqueued="0" />
</gc-op>
<gc-end id="3013" type="scavenge" contextid="3009" durationms="2.996" usertimems="4.000" systemtimems="0.000" timestamp="2019-06-15T03:58:16.636" activeThreads="4">
  <mem-info id="3014" free="2045442688" total="2092630016" percent="97">
    <mem type="nursery" free="927992" total="2228224" percent="41">
      <mem type="allocate" free="927992" total="1310720" percent="70" />
      <mem type="survivor" free="0" total="917504" percent="0" />
    </mem>
    <mem type="tenure" free="2044514696" total="2090401792" percent="97">
      <mem type="soa" free="1939995016" total="1985882112" percent="97" />
      <mem type="loa" free="104519680" total="104519680" percent="100" />
    </mem>
    <pending-finalizers system="0" default="0" reference="78" classloader="0" />
    <remembered-set count="299" />
  </mem-info>
</gc-end>
<cycle-end id="3015" type="scavenge" contextid="3009" timestamp="2019-06-15T03:58:16.636" />
  <attribute name="elasticGC enabled" value="1" />
  <attribute name= "numThreadsSpecified" value="4" />
  <attribute name="heapSize specified" value="8519680" />
  <attribute name="Current GC Util" value="80" />
  <attribute name= "Current Time Running" value="3138" />
  <attribute name ="GC Interval" value="344" />
  <attribute name="ProportionalT" value="30.000000" />
  <attribute name="ProportionalI" value="30.000000" />
  <attribute name="ProportionalH" value="30.000000" />
  <attribute name="Current Error" value="60.000000" />
  <attribute name="IntegralT" value="300.000000" />
  <attribute name="IntegralI" value="300.000000" />
  <attribute name="IntegralH" value="300.000000" />
  <attribute name="DerivativeT" value="8.100000" />
  <attribute name="DerivativeI" value="8.100000" />
  <attribute name="DerivativeH" value="8.100000" />
  <attribute name="Loop Time for DT" value="5.000000" />
  <attribute name="Output H" value="8388608"/>
  <attribute name="Output I" value="344"/>
  <attribute name="Output T" value="4"/>
  <attribute name="Target GC Util Change" value ="20.000000" />
  <attribute name="Current GC Util Change" value="80.000000"/>
  <attribute name="GC Util currently" value="80" />
  <attribute name="CPU Util currently" value="926451011853" />
<allocation-satisfied id="3016" threadId="000000000251D800" bytesRequested="16" />
<af-end id="3017" timestamp="2019-06-15T03:58:16.636" threadId="000000000251E188" success="true" from="nursery"/>
<exclusive-end id="3018" timestamp="2019-06-15T03:58:16.636" durationms="3.622" />

<exclusive-start id="3019" timestamp="2019-06-15T03:58:16.638" intervalms="4.955">
  <response-info timems="0.067" idlems="0.039" threads="1" lastid="0000000002214B00" lastname="JIT Compilation Thread-2" />
</exclusive-start>
<af-start id="3020" threadId="0000000002525D88" totalBytesRequested="24" timestamp="2019-06-15T03:58:16.638" intervalms="4.997" type="nursery" />
<cycle-start id="3021" type="scavenge" contextid="0" timestamp="2019-06-15T03:58:16.638" intervalms="5.005" />
<gc-start id="3022" type="scavenge" contextid="3021" timestamp="2019-06-15T03:58:16.638">
  <mem-info id="3023" free="2044514696" total="2092630016" percent="97">
    <mem type="nursery" free="0" total="2228224" percent="0">
      <mem type="allocate" free="0" total="1310720" percent="0" />
      <mem type="survivor" free="0" total="917504" percent="0" />
    </mem>
    <mem type="tenure" free="2044514696" total="2090401792" percent="97">
      <mem type="soa" free="1939995016" total="1985882112" percent="97" />
      <mem type="loa" free="104519680" total="104519680" percent="100" />
    </mem>
    <remembered-set count="425" />
  </mem-info>
</gc-start>
<allocation-stats totalBytes="924832" >
  <allocated-bytes non-tlh="16" tlh="924816" />
  <largest-consumer threadName="PmdThread 2" threadId="000000000251D800" bytes="490736" />
</allocation-stats>
<gc-op id="3024" type="scavenge" timems="0.923" contextid="3021" timestamp="2019-06-15T03:58:16.639">
  <scavenger-info tenureage="3" tenuremask="7f08" tiltratio="58" />
  <memory-copied type="nursery" objects="4532" bytes="167152" bytesdiscarded="107000" />
  <memory-copied type="tenure" objects="4872" bytes="246016" bytesdiscarded="448" />
  <references type="weak" candidates="39" cleared="39" enqueued="39" />
</gc-op>
<gc-end id="3025" type="scavenge" contextid="3021" durationms="1.165" usertimems="0.000" systemtimems="0.000" timestamp="2019-06-15T03:58:16.639" activeThreads="4">
  <mem-info id="3026" free="2045297760" total="2092630016" percent="97">
    <mem type="nursery" free="1167616" total="2228224" percent="52">
      <mem type="allocate" free="1167616" total="1441792" percent="80" />
      <mem type="survivor" free="0" total="786432" percent="0" />
    </mem>
    <mem type="tenure" free="2044130144" total="2090401792" percent="97">
      <mem type="soa" free="1939610464" total="1985882112" percent="97" />
      <mem type="loa" free="104519680" total="104519680" percent="100" />
    </mem>
    <pending-finalizers system="0" default="0" reference="39" classloader="0" />
    <remembered-set count="217" />
  </mem-info>
</gc-end>
<cycle-end id="3027" type="scavenge" contextid="3021" timestamp="2019-06-15T03:58:16.639" />
  <attribute name="elasticGC enabled" value="1" />
  <attribute name= "numThreadsSpecified" value="4" />
  <attribute name="heapSize specified" value="8519680" />
  <attribute name="Current GC Util" value="76" />
  <attribute name= "Current Time Running" value="3143" />
  <attribute name ="GC Interval" value="312" />
  <attribute name="ProportionalT" value="28.000000" />
  <attribute name="ProportionalI" value="28.000000" />
  <attribute name="ProportionalH" value="28.000000" />
  <attribute name="Current Error" value="56.000000" />
  <attribute name="IntegralT" value="280.000000" />
  <attribute name="IntegralI" value="280.000000" />
  <attribute name="IntegralH" value="280.000000" />
  <attribute name="DerivativeT" value="-1.200000" />
  <attribute name="DerivativeI" value="-1.200000" />
  <attribute name="DerivativeH" value="-1.200000" />
  <attribute name="Loop Time for DT" value="5.000000" />
  <attribute name="Output H" value="8388608"/>
  <attribute name="Output I" value="312"/>
  <attribute name="Output T" value="4"/>
  <attribute name="Target GC Util Change" value ="20.000000" />
  <attribute name="Current GC Util Change" value="76.000000"/>
  <attribute name="GC Util currently" value="76" />
  <attribute name="CPU Util currently" value="920662881145" />
<allocation-satisfied id="3028" threadId="0000000002525400" bytesRequested="24" />
<af-end id="3029" timestamp="2019-06-15T03:58:16.639" threadId="0000000002525D88" success="true" from="nursery"/>
<exclusive-end id="3030" timestamp="2019-06-15T03:58:16.640" durationms="1.780" />

<exclusive-start id="3031" timestamp="2019-06-15T03:58:16.642" intervalms="4.144">
  <response-info timems="0.043" idlems="0.043" threads="0" lastid="000000000251D800" lastname="PmdThread 2" />
</exclusive-start>
<af-start id="3032" threadId="000000000251E188" totalBytesRequested="800" timestamp="2019-06-15T03:58:16.642" intervalms="4.176" type="nursery" />
<cycle-start id="3033" type="scavenge" contextid="0" timestamp="2019-06-15T03:58:16.642" intervalms="4.204" />
<gc-start id="3034" type="scavenge" contextid="3033" timestamp="2019-06-15T03:58:16.642">
  <mem-info id="3035" free="2044130144" total="2092630016" percent="97">
    <mem type="nursery" free="0" total="2228224" percent="0">
      <mem type="allocate" free="0" total="1441792" percent="0" />
      <mem type="survivor" free="0" total="786432" percent="0" />
    </mem>
    <mem type="tenure" free="2044130144" total="2090401792" percent="97">
      <mem type="soa" free="1939610464" total="1985882112" percent="97" />
      <mem type="loa" free="104519680" total="104519680" percent="100" />
    </mem>
    <remembered-set count="297" />
  </mem-info>
</gc-start>
<allocation-stats totalBytes="1164368" >
  <allocated-bytes non-tlh="16416" tlh="1147952" />
  <largest-consumer threadName="PmdThread 4" threadId="0000000002529000" bytes="536424" />
</allocation-stats>
<gc-op id="3036" type="scavenge" timems="1.598" contextid="3033" timestamp="2019-06-15T03:58:16.644">
  <scavenger-info tenureage="8" tenuremask="7f00" tiltratio="64" />
  <memory-copied type="nursery" objects="8421" bytes="366272" bytesdiscarded="105528" />
  <references type="weak" candidates="64" cleared="64" enqueued="64" />
</gc-op>
<gc-end id="3037" type="scavenge" contextid="3033" durationms="1.839" usertimems="4.000" systemtimems="0.000" timestamp="2019-06-15T03:58:16.644" activeThreads="4">
  <mem-info id="3038" free="2045100104" total="2092630016" percent="97">
    <mem type="nursery" free="969960" total="2228224" percent="43">
      <mem type="allocate" free="969960" total="1441792" percent="67" />
      <mem type="survivor" free="0" total="786432" percent="0" />
    </mem>
    <mem type="tenure" free="2044130144" total="2090401792" percent="97">
      <mem type="soa" free="1939610464" total="1985882112" percent="97" />
      <mem type="loa" free="104519680" total="104519680" percent="100" />
    </mem>
    <pending-finalizers system="0" default="0" reference="64" classloader="0" />
    <remembered-set count="210" />
  </mem-info>
</gc-end>
<cycle-end id="3039" type="scavenge" contextid="3033" timestamp="2019-06-15T03:58:16.644" />
  <attribute name="elasticGC enabled" value="1" />
  <attribute name= "numThreadsSpecified" value="4" />
  <attribute name="heapSize specified" value="8519680" />
  <attribute name="Current GC Util" value="33" />
  <attribute name= "Current Time Running" value="3148" />
  <attribute name ="GC Interval" value="200" />
  <attribute name="ProportionalT" value="6.500000" />
  <attribute name="ProportionalI" value="6.500000" />
  <attribute name="ProportionalH" value="6.500000" />
  <attribute name="Current Error" value="13.000000" />
  <attribute name="IntegralT" value="65.000000" />
  <attribute name="IntegralI" value="65.000000" />
  <attribute name="IntegralH" value="65.000000" />
  <attribute name="DerivativeT" value="-12.900000" />
  <attribute name="DerivativeI" value="-12.900000" />
  <attribute name="DerivativeH" value="-12.900000" />
  <attribute name="Loop Time for DT" value="5.000000" />
  <attribute name="Output H" value="8388608"/>
  <attribute name="Output I" value="200"/>
  <attribute name="Output T" value="4"/>
  <attribute name="Target GC Util Change" value ="20.000000" />
  <attribute name="Current GC Util Change" value="33.000000"/>
  <attribute name="GC Util currently" value="33" />
  <attribute name="CPU Util currently" value="1086867915939" />
<allocation-satisfied id="3040" threadId="000000000251D800" bytesRequested="800" />
<af-end id="3041" timestamp="2019-06-15T03:58:16.644" threadId="000000000251E188" success="true" from="nursery"/>
<exclusive-end id="3042" timestamp="2019-06-15T03:58:16.644" durationms="2.565" />

<exclusive-start id="3043" timestamp="2019-06-15T03:58:16.648" intervalms="5.721">
  <response-info timems="0.074" idlems="0.074" threads="0" lastid="0000000002529000" lastname="PmdThread 4" />
</exclusive-start>
<af-start id="3044" threadId="0000000002529988" totalBytesRequested="88" timestamp="2019-06-15T03:58:16.648" intervalms="5.644" type="nursery" />
<cycle-start id="3045" type="scavenge" contextid="0" timestamp="2019-06-15T03:58:16.648" intervalms="5.655" />
<gc-start id="3046" type="scavenge" contextid="3045" timestamp="2019-06-15T03:58:16.648">
  <mem-info id="3047" free="2044129472" total="2092630016" percent="97">
    <mem type="nursery" free="0" total="2228224" percent="0">
      <mem type="allocate" free="0" total="1441792" percent="0" />
      <mem type="survivor" free="0" total="786432" percent="0" />
    </mem>
    <mem type="tenure" free="2044129472" total="2090401792" percent="97">
      <mem type="soa" free="1939609792" total="1985882112" percent="97" />
      <mem type="loa" free="104519680" total="104519680" percent="100" />
    </mem>
    <remembered-set count="478" />
  </mem-info>
</gc-start>
<allocation-stats totalBytes="970184" >
  <allocated-bytes non-tlh="17864" tlh="952320" />
  <largest-consumer threadName="PmdThread 3" threadId="0000000002525400" bytes="429048" />
</allocation-stats>
<gc-op id="3048" type="scavenge" timems="0.812" contextid="3045" timestamp="2019-06-15T03:58:16.649">
  <scavenger-info tenureage="8" tenuremask="7f00" tiltratio="64" />
  <memory-copied type="nursery" objects="11395" bytes="539968" bytesdiscarded="73400" />
  <memory-copied type="tenure" objects="107" bytes="3320" bytesdiscarded="0" />
  <references type="weak" candidates="7" cleared="4" enqueued="4" />
  <references type="phantom" candidates="2" cleared="1" enqueued="1" />
</gc-op>
<gc-end id="3049" type="scavenge" contextid="3045" durationms="1.186" usertimems="4.000" systemtimems="0.000" timestamp="2019-06-15T03:58:16.649" activeThreads="4">
  <mem-info id="3050" free="2044957832" total="2092630016" percent="97">
    <mem type="nursery" free="828360" total="2228224" percent="37">
      <mem type="allocate" free="828360" total="1441792" percent="57" />
      <mem type="survivor" free="0" total="786432" percent="0" />
    </mem>
    <mem type="tenure" free="2044129472" total="2090401792" percent="97">
      <mem type="soa" free="1939609792" total="1985882112" percent="97" />
      <mem type="loa" free="104519680" total="104519680" percent="100" />
    </mem>
    <pending-finalizers system="0" default="0" reference="5" classloader="0" />
    <remembered-set count="416" />
  </mem-info>
</gc-end>
<cycle-end id="3051" type="scavenge" contextid="3045" timestamp="2019-06-15T03:58:16.649" />
  <attribute name="elasticGC enabled" value="1" />
  <attribute name= "numThreadsSpecified" value="4" />
  <attribute name="heapSize specified" value="8519680" />
  <attribute name="Current GC Util" value="48" />
  <attribute name= "Current Time Running" value="3153" />
  <attribute name ="GC Interval" value="200" />
  <attribute name="ProportionalT" value="14.000000" />
  <attribute name="ProportionalI" value="14.000000" />
  <attribute name="ProportionalH" value="14.000000" />
  <attribute name="Current Error" value="28.000000" />
  <attribute name="IntegralT" value="140.000000" />
  <attribute name="IntegralI" value="140.000000" />
  <attribute name="IntegralH" value="140.000000" />
  <attribute name="DerivativeT" value="4.500000" />
  <attribute name="DerivativeI" value="4.500000" />
  <attribute name="DerivativeH" value="4.500000" />
  <attribute name="Loop Time for DT" value="5.000000" />
  <attribute name="Output H" value="8388608"/>
  <attribute name="Output I" value="200"/>
  <attribute name="Output T" value="4"/>
  <attribute name="Target GC Util Change" value ="20.000000" />
  <attribute name="Current GC Util Change" value="48.000000"/>
  <attribute name="GC Util currently" value="48" />
  <attribute name="CPU Util currently" value="819191924308" />
<allocation-satisfied id="3052" threadId="0000000002529000" bytesRequested="88" />
<af-end id="3053" timestamp="2019-06-15T03:58:16.649" threadId="0000000002529988" success="true" from="nursery"/>
<exclusive-end id="3054" timestamp="2019-06-15T03:58:16.649" durationms="1.748" />

<exclusive-start id="3055" timestamp="2019-06-15T03:58:16.652" intervalms="3.935">
  <response-info timems="0.031" idlems="0.031" threads="0" lastid="0000000002525400" lastname="PmdThread 3" />
</exclusive-start>
<af-start id="3056" threadId="0000000002525D88" totalBytesRequested="56" timestamp="2019-06-15T03:58:16.652" intervalms="3.924" type="nursery" />
<cycle-start id="3057" type="scavenge" contextid="0" timestamp="2019-06-15T03:58:16.652" intervalms="3.875" />
<gc-start id="3058" type="scavenge" contextid="3057" timestamp="2019-06-15T03:58:16.652">
  <mem-info id="3059" free="2044128952" total="2092630016" percent="97">
    <mem type="nursery" free="0" total="2228224" percent="0">
      <mem type="allocate" free="0" total="1441792" percent="0" />
      <mem type="survivor" free="0" total="786432" percent="0" />
    </mem>
    <mem type="tenure" free="2044128952" total="2090401792" percent="97">
      <mem type="soa" free="1939609272" total="1985882112" percent="97" />
      <mem type="loa" free="104519680" total="104519680" percent="100" />
    </mem>
    <remembered-set count="504" />
  </mem-info>
</gc-start>
<allocation-stats totalBytes="819784" >
  <allocated-bytes non-tlh="608" tlh="819176" />
  <largest-consumer threadName="PmdThread 2" threadId="000000000251D800" bytes="387672" />
</allocation-stats>
<gc-op id="3060" type="scavenge" timems="0.708" contextid="3057" timestamp="2019-06-15T03:58:16.653">
  <scavenger-info tenureage="7" tenuremask="7f80" tiltratio="64" />
  <memory-copied type="nursery" objects="11739" bytes="550592" bytesdiscarded="75296" />
  <references type="weak" candidates="74" cleared="74" enqueued="74" />
  <references type="phantom" candidates="6" cleared="5" enqueued="5" />
</gc-op>
<gc-end id="3061" type="scavenge" contextid="3057" durationms="0.900" usertimems="0.000" systemtimems="0.000" timestamp="2019-06-15T03:58:16.653" activeThreads="4">
  <mem-info id="3062" free="2045075880" total="2092630016" percent="97">
    <mem type="nursery" free="946928" total="2228224" percent="42">
      <mem type="allocate" free="946928" total="1572864" percent="60" />
      <mem type="survivor" free="0" total="655360" percent="0" />
    </mem>
    <mem type="tenure" free="2044128952" total="2090401792" percent="97">
      <mem type="soa" free="1939609272" total="1985882112" percent="97" />
      <mem type="loa" free="104519680" total="104519680" percent="100" />
    </mem>
    <pending-finalizers system="0" default="0" reference="79" classloader="0" />
    <remembered-set count="432" />
  </mem-info>
</gc-end>
<cycle-end id="3063" type="scavenge" contextid="3057" timestamp="2019-06-15T03:58:16.653" />
  <attribute name="elasticGC enabled" value="1" />
  <attribute name= "numThreadsSpecified" value="4" />
  <attribute name="heapSize specified" value="8519680" />
  <attribute name="Current GC Util" value="40" />
  <attribute name= "Current Time Running" value="3157" />
  <attribute name ="GC Interval" value="200" />
  <attribute name="ProportionalT" value="10.000000" />
  <attribute name="ProportionalI" value="10.000000" />
  <attribute name="ProportionalH" value="10.000000" />
  <attribute name="Current Error" value="20.000000" />
  <attribute name="IntegralT" value="80.000000" />
  <attribute name="IntegralI" value="80.000000" />
  <attribute name="IntegralH" value="80.000000" />
  <attribute name="DerivativeT" value="-3.000000" />
  <attribute name="DerivativeI" value="-3.000000" />
  <attribute name="DerivativeH" value="-3.000000" />
  <attribute name="Loop Time for DT" value="4.000000" />
  <attribute name="Output H" value="8388608"/>
  <attribute name="Output I" value="200"/>
  <attribute name="Output T" value="4"/>
  <attribute name="Target GC Util Change" value ="20.000000" />
  <attribute name="Current GC Util Change" value="40.000000"/>
  <attribute name="GC Util currently" value="40" />
  <attribute name="CPU Util currently" value="1199149615388" />
<allocation-satisfied id="3064" threadId="0000000002525400" bytesRequested="56" />
<af-end id="3065" timestamp="2019-06-15T03:58:16.653" threadId="0000000002525D88" success="true" from="nursery"/>
<exclusive-end id="3066" timestamp="2019-06-15T03:58:16.653" durationms="1.350" />

<exclusive-start id="3067" timestamp="2019-06-15T03:58:16.656" intervalms="4.057">
  <response-info timems="0.064" idlems="0.064" threads="0" lastid="0000000002529000" lastname="PmdThread 4" />
</exclusive-start>
<af-start id="3068" threadId="0000000002529988" totalBytesRequested="24" timestamp="2019-06-15T03:58:16.656" intervalms="4.068" type="nursery" />
<cycle-start id="3069" type="scavenge" contextid="0" timestamp="2019-06-15T03:58:16.656" intervalms="4.074" />
<gc-start id="3070" type="scavenge" contextid="3069" timestamp="2019-06-15T03:58:16.656">
  <mem-info id="3071" free="2044128432" total="2092630016" percent="97">
    <mem type="nursery" free="0" total="2228224" percent="0">
      <mem type="allocate" free="0" total="1572864" percent="0" />
      <mem type="survivor" free="0" total="655360" percent="0" />
    </mem>
    <mem type="tenure" free="2044128432" total="2090401792" percent="97">
      <mem type="soa" free="1939608752" total="1985882112" percent="97" />
      <mem type="loa" free="104519680" total="104519680" percent="100" />
    </mem>
    <remembered-set count="457" />
  </mem-info>
</gc-start>
<allocation-stats totalBytes="946184" >
  <allocated-bytes non-tlh="16968" tlh="929216" />
  <largest-consumer threadName="PmdThread 4" threadId="0000000002529000" bytes="667592" />
</allocation-stats>
<gc-op id="3072" type="scavenge" timems="0.662" contextid="3069" timestamp="2019-06-15T03:58:16.657">
  <scavenger-info tenureage="3" tenuremask="7fd8" tiltratio="70" />
  <memory-copied type="nursery" objects="4299" bytes="256976" bytesdiscarded="190776" />
  <memory-copied type="tenure" objects="7873" bytes="348896" bytesdiscarded="152" />
  <references type="weak" candidates="26" cleared="26" enqueued="26" />
</gc-op>
<gc-end id="3073" type="scavenge" contextid="3069" durationms="1.038" usertimems="0.000" systemtimems="0.000" timestamp="2019-06-15T03:58:16.657" activeThreads="4">
  <mem-info id="3074" free="2044809568" total="2092630016" percent="97">
    <mem type="nursery" free="1124808" total="2228224" percent="50">
      <mem type="allocate" free="1124808" total="1572864" percent="71" />
      <mem type="survivor" free="0" total="655360" percent="0" />
    </mem>
    <mem type="tenure" free="2043684760" total="2090401792" percent="97">
      <mem type="soa" free="1939165080" total="1985882112" percent="97" />
      <mem type="loa" free="104519680" total="104519680" percent="100" />
    </mem>
    <pending-finalizers system="0" default="0" reference="26" classloader="0" />
    <remembered-set count="748" />
  </mem-info>
</gc-end>
<cycle-end id="3075" type="scavenge" contextid="3069" timestamp="2019-06-15T03:58:16.657" />
  <attribute name="elasticGC enabled" value="1" />
  <attribute name= "numThreadsSpecified" value="4" />
  <attribute name="heapSize specified" value="8519680" />
  <attribute name="Current GC Util" value="34" />
  <attribute name= "Current Time Running" value="3161" />
  <attribute name ="GC Interval" value="200" />
  <attribute name="ProportionalT" value="7.000000" />
  <attribute name="ProportionalI" value="7.000000" />
  <attribute name="ProportionalH" value="7.000000" />
  <attribute name="Current Error" value="14.000000" />
  <attribute name="IntegralT" value="56.000000" />
  <attribute name="IntegralI" value="56.000000" />
  <attribute name="IntegralH" value="56.000000" />
  <attribute name="DerivativeT" value="-2.250000" />
  <attribute name="DerivativeI" value="-2.250000" />
  <attribute name="DerivativeH" value="-2.250000" />
  <attribute name="Loop Time for DT" value="4.000000" />
  <attribute name="Output H" value="8388608"/>
  <attribute name="Output I" value="200"/>
  <attribute name="Output T" value="4"/>
  <attribute name="Target GC Util Change" value ="20.000000" />
  <attribute name="Current GC Util Change" value="34.000000"/>
  <attribute name="GC Util currently" value="34" />
  <attribute name="CPU Util currently" value="1124107531028" />
<allocation-satisfied id="3076" threadId="0000000002529000" bytesRequested="24" />
<af-end id="3077" timestamp="2019-06-15T03:58:16.657" threadId="0000000002529988" success="true" from="nursery"/>
<exclusive-end id="3078" timestamp="2019-06-15T03:58:16.657" durationms="1.552" />

<exclusive-start id="3079" timestamp="2019-06-15T03:58:16.660" intervalms="4.398">
  <response-info timems="0.032" idlems="0.032" threads="0" lastid="0000000002529000" lastname="PmdThread 4" />
</exclusive-start>
<af-start id="3080" threadId="0000000002529988" totalBytesRequested="56" timestamp="2019-06-15T03:58:16.660" intervalms="4.394" type="nursery" />
<cycle-start id="3081" type="scavenge" contextid="0" timestamp="2019-06-15T03:58:16.660" intervalms="4.394" />
<gc-start id="3082" type="scavenge" contextid="3081" timestamp="2019-06-15T03:58:16.660">
  <mem-info id="3083" free="2043684216" total="2092630016" percent="97">
    <mem type="nursery" free="0" total="2228224" percent="0">
      <mem type="allocate" free="0" total="1572864" percent="0" />
      <mem type="survivor" free="0" total="655360" percent="0" />
    </mem>
    <mem type="tenure" free="2043684216" total="2090401792" percent="97">
      <mem type="soa" free="1939164536" total="1985882112" percent="97" />
      <mem type="loa" free="104519680" total="104519680" percent="100" />
    </mem>
    <remembered-set count="883" />
  </mem-info>
</gc-start>
<allocation-stats totalBytes="1112192" >
  <allocated-bytes non-tlh="568" tlh="1111624" />
  <largest-consumer threadName="PmdThread 4" threadId="0000000002529000" bytes="457008" />
</allocation-stats>
<gc-op id="3084" type="scavenge" timems="0.444" contextid="3081" timestamp="2019-06-15T03:58:16.661">
  <scavenger-info tenureage="6" tenuremask="7fc0" tiltratio="70" />
  <memory-copied type="nursery" objects="5687" bytes="316072" bytesdiscarded="85072" />
  <memory-copied type="tenure" objects="39" bytes="1184" bytesdiscarded="0" />
  <references type="weak" candidates="67" cleared="67" enqueued="67" />
  <references type="phantom" candidates="2" cleared="1" enqueued="1" />
</gc-op>
<gc-end id="3085" type="scavenge" contextid="3081" durationms="0.811" usertimems="0.000" systemtimems="0.000" timestamp="2019-06-15T03:58:16.661" activeThreads="4">
  <mem-info id="3086" free="2044921416" total="2092630016" percent="97">
    <mem type="nursery" free="1237200" total="2228224" percent="55">
      <mem type="allocate" free="1237200" total="1638400" percent="75" />
      <mem type="survivor" free="0" total="589824" percent="0" />
    </mem>
    <mem type="tenure" free="2043684216" total="2090401792" percent="97">
      <mem type="soa" free="1939164536" total="1985882112" percent="97" />
      <mem type="loa" free="104519680" total="104519680" percent="100" />
    </mem>
    <pending-finalizers system="0" default="0" reference="68" classloader="0" />
    <remembered-set count="753" />
  </mem-info>
</gc-end>
<cycle-end id="3087" type="scavenge" contextid="3081" timestamp="2019-06-15T03:58:16.661" />
  <attribute name="elasticGC enabled" value="1" />
  <attribute name= "numThreadsSpecified" value="4" />
  <attribute name="heapSize specified" value="8519680" />
  <attribute name="Current GC Util" value="39" />
  <attribute name= "Current Time Running" value="3166" />
  <attribute name ="GC Interval" value="200" />
  <attribute name="ProportionalT" value="9.500000" />
  <attribute name="ProportionalI" value="9.500000" />
  <attribute name="ProportionalH" value="9.500000" />
  <attribute name="Current Error" value="19.000000" />
  <attribute name="IntegralT" value="95.000000" />
  <attribute name="IntegralI" value="95.000000" />
  <attribute name="IntegralH" value="95.000000" />
  <attribute name="DerivativeT" value="1.500000" />
  <attribute name="DerivativeI" value="1.500000" />
  <attribute name="DerivativeH" value="1.500000" />
  <attribute name="Loop Time for DT" value="5.000000" />
  <attribute name="Output H" value="8388608"/>
  <attribute name="Output I" value="200"/>
  <attribute name="Output T" value="4"/>
  <attribute name="Target GC Util Change" value ="20.000000" />
  <attribute name="Current GC Util Change" value="39.000000"/>
  <attribute name="GC Util currently" value="39" />
  <attribute name="CPU Util currently" value="1051155219683" />
<allocation-satisfied id="3088" threadId="0000000002529000" bytesRequested="56" />
<af-end id="3089" timestamp="2019-06-15T03:58:16.661" threadId="0000000002529988" success="true" from="nursery"/>
<exclusive-end id="3090" timestamp="2019-06-15T03:58:16.661" durationms="1.283" />

<exclusive-start id="3091" timestamp="2019-06-15T03:58:16.663" intervalms="3.498">
  <response-info timems="0.075" idlems="0.042" threads="1" lastid="0000000002525400" lastname="PmdThread 3" />
</exclusive-start>
<af-start id="3092" threadId="000000000251E188" totalBytesRequested="1216" timestamp="2019-06-15T03:58:16.664" intervalms="3.509" type="nursery" />
<cycle-start id="3093" type="scavenge" contextid="0" timestamp="2019-06-15T03:58:16.664" intervalms="3.509" />
<gc-start id="3094" type="scavenge" contextid="3093" timestamp="2019-06-15T03:58:16.664">
  <mem-info id="3095" free="2043684032" total="2092630016" percent="97">
    <mem type="nursery" free="0" total="2228224" percent="0">
      <mem type="allocate" free="0" total="1638400" percent="0" />
      <mem type="survivor" free="0" total="589824" percent="0" />
    </mem>
    <mem type="tenure" free="2043684032" total="2090401792" percent="97">
      <mem type="soa" free="1939164352" total="1985882112" percent="97" />
      <mem type="loa" free="104519680" total="104519680" percent="100" />
    </mem>
    <remembered-set count="883" />
  </mem-info>
</gc-start>
<allocation-stats totalBytes="1203832" >
  <allocated-bytes non-tlh="240" tlh="1203592" />
  <largest-consumer threadName="PmdThread 4" threadId="0000000002529000" bytes="509744" />
</allocation-stats>
<gc-op id="3096" type="scavenge" timems="2.291" contextid="3093" timestamp="2019-06-15T03:58:16.666">
  <scavenger-info tenureage="6" tenuremask="7fc0" tiltratio="73" />
  <memory-copied type="nursery" objects="7299" bytes="450056" bytesdiscarded="39240" />
  <references type="weak" candidates="55" cleared="54" enqueued="54" />
  <references type="phantom" candidates="2" cleared="0" enqueued="0" />
</gc-op>
<gc-end id="3097" type="scavenge" contextid="3093" durationms="2.485" usertimems="4.000" systemtimems="0.000" timestamp="2019-06-15T03:58:16.666" activeThreads="4">
  <mem-info id="3098" free="2044767352" total="2092630016" percent="97">
    <mem type="nursery" free="1083320" total="2228224" percent="48">
      <mem type="allocate" free="1083320" total="1572864" percent="68" />
      <mem type="survivor" free="0" total="655360" percent="0" />
    </mem>
    <mem type="tenure" free="2043684032" total="2090401792" percent="97">
      <mem type="soa" free="1939164352" total="1985882112" percent="97" />
      <mem type="loa" free="104519680" total="104519680" percent="100" />
    </mem>
    <pending-finalizers system="0" default="0" reference="54" classloader="0" />
    <remembered-set count="749" />
  </mem-info>
</gc-end>
<cycle-end id="3099" type="scavenge" contextid="3093" timestamp="2019-06-15T03:58:16.666" />
  <attribute name="elasticGC enabled" value="1" />
  <attribute name= "numThreadsSpecified" value="4" />
  <attribute name="heapSize specified" value="8519680" />
  <attribute name="Current GC Util" value="30" />
  <attribute name= "Current Time Running" value="3169" />
  <attribute name ="GC Interval" value="200" />
  <attribute name="ProportionalT" value="5.000000" />
  <attribute name="ProportionalI" value="5.000000" />
  <attribute name="ProportionalH" value="5.000000" />
  <attribute name="Current Error" value="10.000000" />
  <attribute name="IntegralT" value="30.000000" />
  <attribute name="IntegralI" value="30.000000" />
  <attribute name="IntegralH" value="30.000000" />
  <attribute name="DerivativeT" value="-4.500000" />
  <attribute name="DerivativeI" value="-4.500000" />
  <attribute name="DerivativeH" value="-4.500000" />
  <attribute name="Loop Time for DT" value="3.000000" />
  <attribute name="Output H" value="8388608"/>
  <attribute name="Output I" value="200"/>
  <attribute name="Output T" value="4"/>
  <attribute name="Target GC Util Change" value ="20.000000" />
  <attribute name="Current GC Util Change" value="30.000000"/>
  <attribute name="GC Util currently" value="30" />
  <attribute name="CPU Util currently" value="1318066686742" />
<allocation-satisfied id="3100" threadId="000000000251D800" bytesRequested="1216" />
<af-end id="3101" timestamp="2019-06-15T03:58:16.666" threadId="000000000251E188" success="true" from="nursery"/>
<exclusive-end id="3102" timestamp="2019-06-15T03:58:16.666" durationms="2.960" />

<exclusive-start id="3103" timestamp="2019-06-15T03:58:16.669" intervalms="5.937">
  <response-info timems="0.028" idlems="0.028" threads="0" lastid="0000000002529000" lastname="PmdThread 4" />
</exclusive-start>
<af-start id="3104" threadId="0000000002529988" totalBytesRequested="24" timestamp="2019-06-15T03:58:16.670" intervalms="5.934" type="nursery" />
<cycle-start id="3105" type="scavenge" contextid="0" timestamp="2019-06-15T03:58:16.670" intervalms="5.935" />
<gc-start id="3106" type="scavenge" contextid="3105" timestamp="2019-06-15T03:58:16.670">
  <mem-info id="3107" free="2043683712" total="2092630016" percent="97">
    <mem type="nursery" free="0" total="2228224" percent="0">
      <mem type="allocate" free="0" total="1572864" percent="0" />
      <mem type="survivor" free="0" total="655360" percent="0" />
    </mem>
    <mem type="tenure" free="2043683712" total="2090401792" percent="97">
      <mem type="soa" free="1939164032" total="1985882112" percent="97" />
      <mem type="loa" free="104519680" total="104519680" percent="100" />
    </mem>
    <remembered-set count="835" />
  </mem-info>
</gc-start>
<allocation-stats totalBytes="1081192" >
  <allocated-bytes non-tlh="1536" tlh="1079656" />
  <largest-consumer threadName="PmdThread 4" threadId="0000000002529000" bytes="512232" />
</allocation-stats>
<gc-op id="3108" type="scavenge" timems="0.575" contextid="3105" timestamp="2019-06-15T03:58:16.670">
  <scavenger-info tenureage="3" tenuremask="7fc8" tiltratio="70" />
  <memory-copied type="nursery" objects="6989" bytes="365208" bytesdiscarded="192320" />
  <memory-copied type="tenure" objects="925" bytes="90576" bytesdiscarded="0" />
  <references type="weak" candidates="63" cleared="63" enqueued="63" />
  <references type="phantom" candidates="2" cleared="2" enqueued="2" />
</gc-op>
<gc-end id="3109" type="scavenge" contextid="3105" durationms="0.954" usertimems="0.000" systemtimems="0.000" timestamp="2019-06-15T03:58:16.671" activeThreads="4">
  <mem-info id="3110" free="2044684344" total="2092630016" percent="97">
    <mem type="nursery" free="1080784" total="2228224" percent="48">
      <mem type="allocate" free="1080784" total="1638400" percent="65" />
      <mem type="survivor" free="0" total="589824" percent="0" />
    </mem>
    <mem type="tenure" free="2043603560" total="2090401792" percent="97">
      <mem type="soa" free="1939083880" total="1985882112" percent="97" />
      <mem type="loa" free="104519680" total="104519680" percent="100" />
    </mem>
    <pending-finalizers system="0" default="0" reference="65" classloader="0" />
    <remembered-set count="748" />
  </mem-info>
</gc-end>
<cycle-end id="3111" type="scavenge" contextid="3105" timestamp="2019-06-15T03:58:16.671" />
  <attribute name="elasticGC enabled" value="1" />
  <attribute name= "numThreadsSpecified" value="4" />
  <attribute name="heapSize specified" value="8519680" />
  <attribute name="Current GC Util" value="61" />
  <attribute name= "Current Time Running" value="3175" />
  <attribute name ="GC Interval" value="280" />
  <attribute name="ProportionalT" value="20.500000" />
  <attribute name="ProportionalI" value="20.500000" />
  <attribute name="ProportionalH" value="20.500000" />
  <attribute name="Current Error" value="41.000000" />
  <attribute name="IntegralT" value="246.000000" />
  <attribute name="IntegralI" value="246.000000" />
  <attribute name="IntegralH" value="246.000000" />
  <attribute name="DerivativeT" value="7.750000" />
  <attribute name="DerivativeI" value="7.750000" />
  <attribute name="DerivativeH" value="7.750000" />
  <attribute name="Loop Time for DT" value="6.000000" />
  <attribute name="Output H" value="8388608"/>
  <attribute name="Output I" value="280"/>
  <attribute name="Output T" value="4"/>
  <attribute name="Target GC Util Change" value ="20.000000" />
  <attribute name="Current GC Util Change" value="61.000000"/>
  <attribute name="GC Util currently" value="61" />
  <attribute name="CPU Util currently" value="774994864925" />
<allocation-satisfied id="3112" threadId="0000000002529000" bytesRequested="24" />
<af-end id="3113" timestamp="2019-06-15T03:58:16.671" threadId="0000000002529988" success="true" from="nursery"/>
<exclusive-end id="3114" timestamp="2019-06-15T03:58:16.671" durationms="1.448" />

<exclusive-start id="3115" timestamp="2019-06-15T03:58:16.672" intervalms="2.840">
  <response-info timems="0.040" idlems="0.040" threads="0" lastid="0000000002525400" lastname="PmdThread 3" />
</exclusive-start>
<af-start id="3116" threadId="0000000002525D88" totalBytesRequested="32" timestamp="2019-06-15T03:58:16.672" intervalms="2.812" type="nursery" />
<cycle-start id="3117" type="scavenge" contextid="0" timestamp="2019-06-15T03:58:16.672" intervalms="2.799" />
<gc-start id="3118" type="scavenge" contextid="3117" timestamp="2019-06-15T03:58:16.672">
  <mem-info id="3119" free="2043603560" total="2092630016" percent="97">
    <mem type="nursery" free="0" total="2228224" percent="0">
      <mem type="allocate" free="0" total="1638400" percent="0" />
      <mem type="survivor" free="0" total="589824" percent="0" />
    </mem>
    <mem type="tenure" free="2043603560" total="2090401792" percent="97">
      <mem type="soa" free="1939083880" total="1985882112" percent="97" />
      <mem type="loa" free="104519680" total="104519680" percent="100" />
    </mem>
    <remembered-set count="860" />
  </mem-info>
</gc-start>
<allocation-stats totalBytes="1079400" >
  <allocated-bytes non-tlh="24" tlh="1079376" />
  <largest-consumer threadName="PmdThread 4" threadId="0000000002529000" bytes="556400" />
</allocation-stats>
<gc-op id="3120" type="scavenge" timems="0.576" contextid="3117" timestamp="2019-06-15T03:58:16.673">
  <scavenger-info tenureage="6" tenuremask="7fc0" tiltratio="73" />
  <memory-copied type="nursery" objects="5230" bytes="306576" bytesdiscarded="177080" />
  <memory-copied type="tenure" objects="1758" bytes="50536" bytesdiscarded="0" />
  <references type="weak" candidates="58" cleared="58" enqueued="58" />
</gc-op>
<gc-end id="3121" type="scavenge" contextid="3117" durationms="0.790" usertimems="0.000" systemtimems="0.000" timestamp="2019-06-15T03:58:16.673" activeThreads="4">
  <mem-info id="3122" free="2044756544" total="2092630016" percent="97">
    <mem type="nursery" free="1152984" total="2228224" percent="51">
      <mem type="allocate" free="1152984" total="1638400" percent="70" />
      <mem type="survivor" free="0" total="589824" percent="0" />
    </mem>
    <mem type="tenure" free="2043603560" total="2090401792" percent="97">
      <mem type="soa" free="1939083880" total="1985882112" percent="97" />
      <mem type="loa" free="104519680" total="104519680" percent="100" />
    </mem>
    <pending-finalizers system="0" default="0" reference="58" classloader="0" />
    <remembered-set count="181" />
  </mem-info>
</gc-end>
<cycle-end id="3123" type="scavenge" contextid="3117" timestamp="2019-06-15T03:58:16.673" />
  <attribute name="elasticGC enabled" value="1" />
  <attribute name= "numThreadsSpecified" value="4" />
  <attribute name="heapSize specified" value="8519680" />
  <attribute name="Current GC Util" value="49" />
  <attribute name= "Current Time Running" value="3178" />
  <attribute name ="GC Interval" value="200" />
  <attribute name="ProportionalT" value="14.500000" />
  <attribute name="ProportionalI" value="14.500000" />
  <attribute name="ProportionalH" value="14.500000" />
  <attribute name="Current Error" value="29.000000" />
  <attribute name="IntegralT" value="87.000000" />
  <attribute name="IntegralI" value="87.000000" />
  <attribute name="IntegralH" value="87.000000" />
  <attribute name="DerivativeT" value="-6.000000" />
  <attribute name="DerivativeI" value="-6.000000" />
  <attribute name="DerivativeH" value="-6.000000" />
  <attribute name="Loop Time for DT" value="3.000000" />
  <attribute name="Output H" value="8388608"/>
  <attribute name="Output I" value="200"/>
  <attribute name="Output T" value="4"/>
  <attribute name="Target GC Util Change" value ="20.000000" />
  <attribute name="Current GC Util Change" value="49.000000"/>
  <attribute name="GC Util currently" value="49" />
  <attribute name="CPU Util currently" value="1666099819408" />
<allocation-satisfied id="3124" threadId="0000000002525400" bytesRequested="32" />
<af-end id="3125" timestamp="2019-06-15T03:58:16.673" threadId="0000000002525D88" success="true" from="nursery"/>
<exclusive-end id="3126" timestamp="2019-06-15T03:58:16.673" durationms="1.196" />

<exclusive-start id="3127" timestamp="2019-06-15T03:58:16.677" intervalms="4.547">
  <response-info timems="0.068" idlems="0.068" threads="0" lastid="000000000251D800" lastname="PmdThread 2" />
</exclusive-start>
<af-start id="3128" threadId="000000000251E188" totalBytesRequested="760" timestamp="2019-06-15T03:58:16.677" intervalms="4.571" type="nursery" />
<cycle-start id="3129" type="scavenge" contextid="0" timestamp="2019-06-15T03:58:16.677" intervalms="4.590" />
<gc-start id="3130" type="scavenge" contextid="3129" timestamp="2019-06-15T03:58:16.677">
  <mem-info id="3131" free="2043603560" total="2092630016" percent="97">
    <mem type="nursery" free="0" total="2228224" percent="0">
      <mem type="allocate" free="0" total="1638400" percent="0" />
      <mem type="survivor" free="0" total="589824" percent="0" />
    </mem>
    <mem type="tenure" free="2043603560" total="2090401792" percent="97">
      <mem type="soa" free="1939083880" total="1985882112" percent="97" />
      <mem type="loa" free="104519680" total="104519680" percent="100" />
    </mem>
    <remembered-set count="306" />
  </mem-info>
</gc-start>
<allocation-stats totalBytes="1149544" >
  <allocated-bytes non-tlh="41016" tlh="1108528" />
  <largest-consumer threadName="PmdThread 2" threadId="000000000251D800" bytes="629432" />
</allocation-stats>
<gc-op id="3132" type="scavenge" timems="2.866" contextid="3129" timestamp="2019-06-15T03:58:16.680">
  <scavenger-info tenureage="4" tenuremask="7fd0" tiltratio="73" />
  <memory-copied type="nursery" objects="5505" bytes="334848" bytesdiscarded="78472" />
  <memory-copied type="tenure" objects="2114" bytes="139168" bytesdiscarded="72" />
  <references type="weak" candidates="126" cleared="126" enqueued="126" />
  <references type="phantom" candidates="1" cleared="0" enqueued="0" />
</gc-op>
<gc-end id="3133" type="scavenge" contextid="3129" durationms="3.090" usertimems="4.000" systemtimems="0.000" timestamp="2019-06-15T03:58:16.680" activeThreads="4">
  <mem-info id="3134" free="2044815800" total="2092630016" percent="97">
    <mem type="nursery" free="1290576" total="2228224" percent="57">
      <mem type="allocate" free="1290576" total="1703936" percent="75" />
      <mem type="survivor" free="0" total="524288" percent="0" />
    </mem>
    <mem type="tenure" free="2043525224" total="2090401792" percent="97">
      <mem type="soa" free="1939005544" total="1985882112" percent="97" />
      <mem type="loa" free="104519680" total="104519680" percent="100" />
    </mem>
    <pending-finalizers system="0" default="0" reference="126" classloader="0" />
    <remembered-set count="295" />
  </mem-info>
</gc-end>
<cycle-end id="3135" type="scavenge" contextid="3129" timestamp="2019-06-15T03:58:16.680" />
  <attribute name="elasticGC enabled" value="1" />
  <attribute name= "numThreadsSpecified" value="4" />
  <attribute name="heapSize specified" value="8519680" />
  <attribute name="Current GC Util" value="26" />
  <attribute name= "Current Time Running" value="3182" />
  <attribute name ="GC Interval" value="200" />
  <attribute name="ProportionalT" value="3.000000" />
  <attribute name="ProportionalI" value="3.000000" />
  <attribute name="ProportionalH" value="3.000000" />
  <attribute name="Current Error" value="6.000000" />
  <attribute name="IntegralT" value="24.000000" />
  <attribute name="IntegralI" value="24.000000" />
  <attribute name="IntegralH" value="24.000000" />
  <attribute name="DerivativeT" value="-8.625000" />
  <attribute name="DerivativeI" value="-8.625000" />
  <attribute name="DerivativeH" value="-8.625000" />
  <attribute name="Loop Time for DT" value="4.000000" />
  <attribute name="Output H" value="8388608"/>
  <attribute name="Output I" value="200"/>
  <attribute name="Output T" value="4"/>
  <attribute name="Target GC Util Change" value ="20.000000" />
  <attribute name="Current GC Util Change" value="26.000000"/>
  <attribute name="GC Util currently" value="26" />
  <attribute name="CPU Util currently" value="997233848480" />
<allocation-satisfied id="3136" threadId="000000000251D800" bytesRequested="760" />
<af-end id="3137" timestamp="2019-06-15T03:58:16.680" threadId="000000000251E188" success="true" from="nursery"/>
<exclusive-end id="3138" timestamp="2019-06-15T03:58:16.680" durationms="3.581" />

<exclusive-start id="3139" timestamp="2019-06-15T03:58:16.683" intervalms="5.963">
  <response-info timems="0.058" idlems="0.058" threads="0" lastid="0000000002525400" lastname="PmdThread 3" />
</exclusive-start>
<af-start id="3140" threadId="0000000002525D88" totalBytesRequested="32" timestamp="2019-06-15T03:58:16.683" intervalms="5.955" type="nursery" />
<cycle-start id="3141" type="scavenge" contextid="0" timestamp="2019-06-15T03:58:16.683" intervalms="5.940" />
<gc-start id="3142" type="scavenge" contextid="3141" timestamp="2019-06-15T03:58:16.683">
  <mem-info id="3143" free="2043525224" total="2092630016" percent="97">
    <mem type="nursery" free="0" total="2228224" percent="0">
      <mem type="allocate" free="0" total="1703936" percent="0" />
      <mem type="survivor" free="0" total="524288" percent="0" />
    </mem>
    <mem type="tenure" free="2043525224" total="2090401792" percent="97">
      <mem type="soa" free="1939005544" total="1985882112" percent="97" />
      <mem type="loa" free="104519680" total="104519680" percent="100" />
    </mem>
    <remembered-set count="393" />
  </mem-info>
</gc-start>
<allocation-stats totalBytes="1288536" >
  <allocated-bytes non-tlh="760" tlh="1287776" />
  <largest-consumer threadName="PmdThread 3" threadId="0000000002525400" bytes="607984" />
</allocation-stats>
<gc-op id="3144" type="scavenge" timems="0.704" contextid="3141" timestamp="2019-06-15T03:58:16.684">
  <scavenger-info tenureage="4" tenuremask="7fd0" tiltratio="76" />
  <memory-copied type="nursery" objects="7443" bytes="342568" bytesdiscarded="46432" />
  <memory-copied type="tenure" objects="2275" bytes="138312" bytesdiscarded="16" />
  <references type="weak" candidates="20" cleared="20" enqueued="20" />
</gc-op>
<gc-end id="3145" type="scavenge" contextid="3141" durationms="0.918" usertimems="4.000" systemtimems="0.000" timestamp="2019-06-15T03:58:16.684" activeThreads="4">
  <mem-info id="3146" free="2044720816" total="2092630016" percent="97">
    <mem type="nursery" free="1314912" total="2228224" percent="59">
      <mem type="allocate" free="1314912" total="1703936" percent="77" />
      <mem type="survivor" free="0" total="524288" percent="0" />
    </mem>
    <mem type="tenure" free="2043405904" total="2090401792" percent="97">
      <mem type="soa" free="1938886224" total="1985882112" percent="97" />
      <mem type="loa" free="104519680" total="104519680" percent="100" />
    </mem>
    <pending-finalizers system="0" default="0" reference="20" classloader="0" />
    <remembered-set count="129" />
  </mem-info>
</gc-end>
<cycle-end id="3147" type="scavenge" contextid="3141" timestamp="2019-06-15T03:58:16.684" />
  <attribute name="elasticGC enabled" value="1" />
  <attribute name= "numThreadsSpecified" value="4" />
  <attribute name="heapSize specified" value="8519680" />
  <attribute name="Current GC Util" value="70" />
  <attribute name= "Current Time Running" value="3188" />
  <attribute name ="GC Interval" value="336" />
  <attribute name="ProportionalT" value="25.000000" />
  <attribute name="ProportionalI" value="25.000000" />
  <attribute name="ProportionalH" value="25.000000" />
  <attribute name="Current Error" value="50.000000" />
  <attribute name="IntegralT" value="300.000000" />
  <attribute name="IntegralI" value="300.000000" />
  <attribute name="IntegralH" value="300.000000" />
  <attribute name="DerivativeT" value="11.000000" />
  <attribute name="DerivativeI" value="11.000000" />
  <attribute name="DerivativeH" value="11.000000" />
  <attribute name="Loop Time for DT" value="6.000000" />
  <attribute name="Output H" value="8388608"/>
  <attribute name="Output I" value="336"/>
  <attribute name="Output T" value="4"/>
  <attribute name="Target GC Util Change" value ="20.000000" />
  <attribute name="Current GC Util Change" value="70.000000"/>
  <attribute name="GC Util currently" value="70" />
  <attribute name="CPU Util currently" value="778883653518" />
<allocation-satisfied id="3148" threadId="0000000002525400" bytesRequested="32" />
<af-end id="3149" timestamp="2019-06-15T03:58:16.684" threadId="0000000002525D88" success="true" from="nursery"/>
<exclusive-end id="3150" timestamp="2019-06-15T03:58:16.684" durationms="1.368" />

<exclusive-start id="3151" timestamp="2019-06-15T03:58:16.688" intervalms="4.942">
  <response-info timems="0.026" idlems="0.026" threads="0" lastid="0000000002525400" lastname="PmdThread 3" />
</exclusive-start>
<af-start id="3152" threadId="0000000002525D88" totalBytesRequested="64" timestamp="2019-06-15T03:58:16.688" intervalms="4.946" type="nursery" />
<cycle-start id="3153" type="scavenge" contextid="0" timestamp="2019-06-15T03:58:16.688" intervalms="4.956" />
<gc-start id="3154" type="scavenge" contextid="3153" timestamp="2019-06-15T03:58:16.688">
  <mem-info id="3155" free="2043404960" total="2092630016" percent="97">
    <mem type="nursery" free="0" total="2228224" percent="0">
      <mem type="allocate" free="0" total="1703936" percent="0" />
      <mem type="survivor" free="0" total="524288" percent="0" />
    </mem>
    <mem type="tenure" free="2043404960" total="2090401792" percent="97">
      <mem type="soa" free="1938885280" total="1985882112" percent="97" />
      <mem type="loa" free="104519680" total="104519680" percent="100" />
    </mem>
    <remembered-set count="261" />
  </mem-info>
</gc-start>
<allocation-stats totalBytes="1312136" >
  <allocated-bytes non-tlh="976" tlh="1311160" />
  <largest-consumer threadName="PmdThread 1" threadId="0000000002519C00" bytes="656088" />
</allocation-stats>
<gc-op id="3156" type="scavenge" timems="0.541" contextid="3153" timestamp="2019-06-15T03:58:16.689">
  <scavenger-info tenureage="6" tenuremask="7fc0" tiltratio="76" />
  <memory-copied type="nursery" objects="8276" bytes="372752" bytesdiscarded="108400" />
  <references type="weak" candidates="84" cleared="84" enqueued="84" />
  <references type="phantom" candidates="1" cleared="1" enqueued="1" />
</gc-op>
<gc-end id="3157" type="scavenge" contextid="3153" durationms="0.751" usertimems="0.000" systemtimems="0.000" timestamp="2019-06-15T03:58:16.689" activeThreads="4">
  <mem-info id="3158" free="2044627712" total="2092630016" percent="97">
    <mem type="nursery" free="1222752" total="2228224" percent="54">
      <mem type="allocate" free="1222752" total="1703936" percent="71" />
      <mem type="survivor" free="0" total="524288" percent="0" />
    </mem>
    <mem type="tenure" free="2043404960" total="2090401792" percent="97">
      <mem type="soa" free="1938885280" total="1985882112" percent="97" />
      <mem type="loa" free="104519680" total="104519680" percent="100" />
    </mem>
    <pending-finalizers system="0" default="0" reference="85" classloader="0" />
    <remembered-set count="141" />
  </mem-info>
</gc-end>
<cycle-end id="3159" type="scavenge" contextid="3153" timestamp="2019-06-15T03:58:16.689" />
  <attribute name="elasticGC enabled" value="1" />
  <attribute name= "numThreadsSpecified" value="4" />
  <attribute name="heapSize specified" value="8519680" />
  <attribute name="Current GC Util" value="27" />
  <attribute name= "Current Time Running" value="3193" />
  <attribute name ="GC Interval" value="200" />
  <attribute name="ProportionalT" value="3.500000" />
  <attribute name="ProportionalI" value="3.500000" />
  <attribute name="ProportionalH" value="3.500000" />
  <attribute name="Current Error" value="7.000000" />
  <attribute name="IntegralT" value="35.000000" />
  <attribute name="IntegralI" value="35.000000" />
  <attribute name="IntegralH" value="35.000000" />
  <attribute name="DerivativeT" value="-12.900000" />
  <attribute name="DerivativeI" value="-12.900000" />
  <attribute name="DerivativeH" value="-12.900000" />
  <attribute name="Loop Time for DT" value="5.000000" />
  <attribute name="Output H" value="8388608"/>
  <attribute name="Output I" value="200"/>
  <attribute name="Output T" value="4"/>
  <attribute name="Target GC Util Change" value ="20.000000" />
  <attribute name="Current GC Util Change" value="27.000000"/>
  <attribute name="GC Util currently" value="27" />
  <attribute name="CPU Util currently" value="925963456741" />
<allocation-satisfied id="3160" threadId="0000000002525400" bytesRequested="64" />
<af-end id="3161" timestamp="2019-06-15T03:58:16.689" threadId="0000000002525D88" success="true" from="nursery"/>
<exclusive-end id="3162" timestamp="2019-06-15T03:58:16.689" durationms="1.232" />

<exclusive-start id="3163" timestamp="2019-06-15T03:58:16.693" intervalms="5.046">
  <response-info timems="0.712" idlems="0.365" threads="1" lastid="0000000002525400" lastname="PmdThread 3" />
</exclusive-start>
<af-start id="3164" threadId="000000000251E188" totalBytesRequested="992" timestamp="2019-06-15T03:58:16.693" intervalms="5.080" type="nursery" />
<cycle-start id="3165" type="scavenge" contextid="0" timestamp="2019-06-15T03:58:16.693" intervalms="5.120" />
<gc-start id="3166" type="scavenge" contextid="3165" timestamp="2019-06-15T03:58:16.693">
  <mem-info id="3167" free="2043404960" total="2092630016" percent="97">
    <mem type="nursery" free="0" total="2228224" percent="0">
      <mem type="allocate" free="0" total="1703936" percent="0" />
      <mem type="survivor" free="0" total="524288" percent="0" />
    </mem>
    <mem type="tenure" free="2043404960" total="2090401792" percent="97">
      <mem type="soa" free="1938885280" total="1985882112" percent="97" />
      <mem type="loa" free="104519680" total="104519680" percent="100" />
    </mem>
    <remembered-set count="426" />
  </mem-info>
</gc-start>
<allocation-stats totalBytes="1220456" >
  <allocated-bytes non-tlh="64" tlh="1220392" />
  <largest-consumer threadName="PmdThread 2" threadId="000000000251D800" bytes="1191720" />
</allocation-stats>
<gc-op id="3168" type="scavenge" timems="0.788" contextid="3165" timestamp="2019-06-15T03:58:16.694">
  <scavenger-info tenureage="3" tenuremask="7fc8" tiltratio="76" />
  <memory-copied type="nursery" objects="6431" bytes="226112" bytesdiscarded="148640" />
  <memory-copied type="tenure" objects="2069" bytes="149152" bytesdiscarded="56" />
  <references type="weak" candidates="163" cleared="163" enqueued="163" />
</gc-op>
<gc-end id="3169" type="scavenge" contextid="3165" durationms="1.197" usertimems="0.000" systemtimems="0.000" timestamp="2019-06-15T03:58:16.694" activeThreads="4">
  <mem-info id="3170" free="2044627080" total="2092630016" percent="97">
    <mem type="nursery" free="1394688" total="2228224" percent="62">
      <mem type="allocate" free="1394688" total="1769472" percent="78" />
      <mem type="survivor" free="0" total="458752" percent="0" />
    </mem>
    <mem type="tenure" free="2043232392" total="2090401792" percent="97">
      <mem type="soa" free="1938712712" total="1985882112" percent="97" />
      <mem type="loa" free="104519680" total="104519680" percent="100" />
    </mem>
    <pending-finalizers system="0" default="0" reference="163" classloader="0" />
    <remembered-set count="318" />
  </mem-info>
</gc-end>
<cycle-end id="3171" type="scavenge" contextid="3165" timestamp="2019-06-15T03:58:16.694" />
  <attribute name="elasticGC enabled" value="1" />
  <attribute name= "numThreadsSpecified" value="4" />
  <attribute name="heapSize specified" value="8519680" />
  <attribute name="Current GC Util" value="23" />
  <attribute name= "Current Time Running" value="3198" />
  <attribute name ="GC Interval" value="200" />
  <attribute name="ProportionalT" value="1.500000" />
  <attribute name="ProportionalI" value="1.500000" />
  <attribute name="ProportionalH" value="1.500000" />
  <attribute name="Current Error" value="3.000000" />
  <attribute name="IntegralT" value="15.000000" />
  <attribute name="IntegralI" value="15.000000" />
  <attribute name="IntegralH" value="15.000000" />
  <attribute name="DerivativeT" value="-1.200000" />
  <attribute name="DerivativeI" value="-1.200000" />
  <attribute name="DerivativeH" value="-1.200000" />
  <attribute name="Loop Time for DT" value="5.000000" />
  <attribute name="Output H" value="8388608"/>
  <attribute name="Output I" value="200"/>
  <attribute name="Output T" value="4"/>
  <attribute name="Target GC Util Change" value ="20.000000" />
  <attribute name="Current GC Util Change" value="23.000000"/>
  <attribute name="GC Util currently" value="23" />
  <attribute name="CPU Util currently" value="901184065500" />
<allocation-satisfied id="3172" threadId="000000000251D800" bytesRequested="992" />
<af-end id="3173" timestamp="2019-06-15T03:58:16.694" threadId="000000000251E188" success="true" from="nursery"/>
<exclusive-end id="3174" timestamp="2019-06-15T03:58:16.695" durationms="1.766" />

<exclusive-start id="3175" timestamp="2019-06-15T03:58:16.697" intervalms="4.526">
  <response-info timems="0.033" idlems="0.033" threads="0" lastid="0000000002525400" lastname="PmdThread 3" />
</exclusive-start>
<af-start id="3176" threadId="0000000002525D88" totalBytesRequested="144" timestamp="2019-06-15T03:58:16.697" intervalms="4.503" type="nursery" />
<cycle-start id="3177" type="scavenge" contextid="0" timestamp="2019-06-15T03:58:16.697" intervalms="4.466" />
<gc-start id="3178" type="scavenge" contextid="3177" timestamp="2019-06-15T03:58:16.698">
  <mem-info id="3179" free="2043232392" total="2092630016" percent="97">
    <mem type="nursery" free="0" total="2228224" percent="0">
      <mem type="allocate" free="0" total="1769472" percent="0" />
      <mem type="survivor" free="0" total="458752" percent="0" />
    </mem>
    <mem type="tenure" free="2043232392" total="2090401792" percent="97">
      <mem type="soa" free="1938712712" total="1985882112" percent="97" />
      <mem type="loa" free="104519680" total="104519680" percent="100" />
    </mem>
    <remembered-set count="545" />
  </mem-info>
</gc-start>
<allocation-stats totalBytes="1390744" >
  <allocated-bytes non-tlh="992" tlh="1389752" />
  <largest-consumer threadName="PmdThread 2" threadId="000000000251D800" bytes="619504" />
</allocation-stats>
<gc-op id="3180" type="scavenge" timems="0.616" contextid="3177" timestamp="2019-06-15T03:58:16.698">
  <scavenger-info tenureage="3" tenuremask="7fc8" tiltratio="79" />
  <memory-copied type="nursery" objects="1135" bytes="36216" bytesdiscarded="81272" />
  <memory-copied type="tenure" objects="5163" bytes="184120" bytesdiscarded="392" />
  <references type="weak" candidates="120" cleared="120" enqueued="120" />
</gc-op>
<gc-end id="3181" type="scavenge" contextid="3177" durationms="0.824" usertimems="0.000" systemtimems="0.000" timestamp="2019-06-15T03:58:16.698" activeThreads="4">
  <mem-info id="3182" free="2044727688" total="2092630016" percent="97">
    <mem type="nursery" free="1651968" total="2228224" percent="74">
      <mem type="allocate" free="1651968" total="1769472" percent="93" />
      <mem type="survivor" free="0" total="458752" percent="0" />
    </mem>
    <mem type="tenure" free="2043075720" total="2090401792" percent="97">
      <mem type="soa" free="1938556040" total="1985882112" percent="97" />
      <mem type="loa" free="104519680" total="104519680" percent="100" />
    </mem>
    <pending-finalizers system="0" default="0" reference="120" classloader="0" />
    <remembered-set count="279" />
  </mem-info>
</gc-end>
<cycle-end id="3183" type="scavenge" contextid="3177" timestamp="2019-06-15T03:58:16.698" />
  <attribute name="elasticGC enabled" value="1" />
  <attribute name= "numThreadsSpecified" value="4" />
  <attribute name="heapSize specified" value="8519680" />
  <attribute name="Current GC Util" value="32" />
  <attribute name= "Current Time Running" value="3203" />
  <attribute name ="GC Interval" value="200" />
  <attribute name="ProportionalT" value="6.000000" />
  <attribute name="ProportionalI" value="6.000000" />
  <attribute name="ProportionalH" value="6.000000" />
  <attribute name="Current Error" value="12.000000" />
  <attribute name="IntegralT" value="60.000000" />
  <attribute name="IntegralI" value="60.000000" />
  <attribute name="IntegralH" value="60.000000" />
  <attribute name="DerivativeT" value="2.700000" />
  <attribute name="DerivativeI" value="2.700000" />
  <attribute name="DerivativeH" value="2.700000" />
  <attribute name="Loop Time for DT" value="5.000000" />
  <attribute name="Output H" value="8388608"/>
  <attribute name="Output I" value="200"/>
  <attribute name="Output T" value="4"/>
  <attribute name="Target GC Util Change" value ="20.000000" />
  <attribute name="Current GC Util Change" value="32.000000"/>
  <attribute name="GC Util currently" value="32" />
  <attribute name="CPU Util currently" value="1035222404617" />
<allocation-satisfied id="3184" threadId="0000000002525400" bytesRequested="144" />
<af-end id="3185" timestamp="2019-06-15T03:58:16.699" threadId="0000000002525D88" success="true" from="nursery"/>
<exclusive-end id="3186" timestamp="2019-06-15T03:58:16.699" durationms="1.298" />

<exclusive-start id="3187" timestamp="2019-06-15T03:58:16.702" intervalms="4.281">
  <response-info timems="0.039" idlems="0.039" threads="0" lastid="0000000002525400" lastname="PmdThread 3" />
</exclusive-start>
<af-start id="3188" threadId="0000000002525D88" totalBytesRequested="16" timestamp="2019-06-15T03:58:16.702" intervalms="4.283" type="nursery" />
<cycle-start id="3189" type="scavenge" contextid="0" timestamp="2019-06-15T03:58:16.702" intervalms="4.282" />
<gc-start id="3190" type="scavenge" contextid="3189" timestamp="2019-06-15T03:58:16.702">
  <mem-info id="3191" free="2043075720" total="2092630016" percent="97">
    <mem type="nursery" free="0" total="2228224" percent="0">
      <mem type="allocate" free="0" total="1769472" percent="0" />
      <mem type="survivor" free="0" total="458752" percent="0" />
    </mem>
    <mem type="tenure" free="2043075720" total="2090401792" percent="97">
      <mem type="soa" free="1938556040" total="1985882112" percent="97" />
      <mem type="loa" free="104519680" total="104519680" percent="100" />
    </mem>
    <remembered-set count="514" />
  </mem-info>
</gc-start>
<allocation-stats totalBytes="1649488" >
  <allocated-bytes non-tlh="144" tlh="1649344" />
  <largest-consumer threadName="PmdThread 3" threadId="0000000002525400" bytes="771176" />
</allocation-stats>
<gc-op id="3192" type="scavenge" timems="0.283" contextid="3189" timestamp="2019-06-15T03:58:16.702">
  <scavenger-info tenureage="7" tenuremask="7f80" tiltratio="79" />
  <memory-copied type="nursery" objects="1063" bytes="34712" bytesdiscarded="82776" />
  <references type="weak" candidates="79" cleared="79" enqueued="79" />
</gc-op>
<gc-end id="3193" type="scavenge" contextid="3189" durationms="0.491" usertimems="0.000" systemtimems="0.000" timestamp="2019-06-15T03:58:16.702" activeThreads="4">
  <mem-info id="3194" free="2044793224" total="2092630016" percent="97">
    <mem type="nursery" free="1717504" total="2228224" percent="77">
      <mem type="allocate" free="1717504" total="1835008" percent="93" />
      <mem type="survivor" free="0" total="393216" percent="0" />
    </mem>
    <mem type="tenure" free="2043075720" total="2090401792" percent="97">
      <mem type="soa" free="1938556040" total="1985882112" percent="97" />
      <mem type="loa" free="104519680" total="104519680" percent="100" />
    </mem>
    <pending-finalizers system="0" default="0" reference="79" classloader="0" />
    <remembered-set count="264" />
  </mem-info>
</gc-end>
<cycle-end id="3195" type="scavenge" contextid="3189" timestamp="2019-06-15T03:58:16.702" />
  <attribute name="elasticGC enabled" value="1" />
  <attribute name= "numThreadsSpecified" value="4" />
  <attribute name="heapSize specified" value="8519680" />
  <attribute name="Current GC Util" value="27" />
  <attribute name= "Current Time Running" value="3207" />
  <attribute name ="GC Interval" value="200" />
  <attribute name="ProportionalT" value="3.500000" />
  <attribute name="ProportionalI" value="3.500000" />
  <attribute name="ProportionalH" value="3.500000" />
  <attribute name="Current Error" value="7.000000" />
  <attribute name="IntegralT" value="28.000000" />
  <attribute name="IntegralI" value="28.000000" />
  <attribute name="IntegralH" value="28.000000" />
  <attribute name="DerivativeT" value="-1.875000" />
  <attribute name="DerivativeI" value="-1.875000" />
  <attribute name="DerivativeH" value="-1.875000" />
  <attribute name="Loop Time for DT" value="4.000000" />
  <attribute name="Output H" value="8388608"/>
  <attribute name="Output I" value="200"/>
  <attribute name="Output T" value="4"/>
  <attribute name="Target GC Util Change" value ="20.000000" />
  <attribute name="Current GC Util Change" value="27.000000"/>
  <attribute name="GC Util currently" value="27" />
  <attribute name="CPU Util currently" value="1076211057483" />
<allocation-satisfied id="3196" threadId="0000000002525400" bytesRequested="16" />
<af-end id="3197" timestamp="2019-06-15T03:58:16.703" threadId="0000000002525D88" success="true" from="nursery"/>
<exclusive-end id="3198" timestamp="2019-06-15T03:58:16.703" durationms="1.024" />

<exclusive-start id="3199" timestamp="2019-06-15T03:58:16.706" intervalms="4.038">
  <response-info timems="0.030" idlems="0.030" threads="0" lastid="0000000002519C00" lastname="PmdThread 1" />
</exclusive-start>
<af-start id="3200" threadId="000000000251A588" totalBytesRequested="32" timestamp="2019-06-15T03:58:16.706" intervalms="4.070" type="nursery" />
<cycle-start id="3201" type="scavenge" contextid="0" timestamp="2019-06-15T03:58:16.706" intervalms="4.075" />
<gc-start id="3202" type="scavenge" contextid="3201" timestamp="2019-06-15T03:58:16.706">
  <mem-info id="3203" free="2043075720" total="2092630016" percent="97">
    <mem type="nursery" free="0" total="2228224" percent="0">
      <mem type="allocate" free="0" total="1835008" percent="0" />
      <mem type="survivor" free="0" total="393216" percent="0" />
    </mem>
    <mem type="tenure" free="2043075720" total="2090401792" percent="97">
      <mem type="soa" free="1938556040" total="1985882112" percent="97" />
      <mem type="loa" free="104519680" total="104519680" percent="100" />
    </mem>
    <remembered-set count="404" />
  </mem-info>
</gc-start>
<allocation-stats totalBytes="1698664" >
  <allocated-bytes non-tlh="49200" tlh="1649464" />
  <largest-consumer threadName="PmdThread 2" threadId="000000000251D800" bytes="682480" />
</allocation-stats>
<gc-op id="3204" type="scavenge" timems="1.635" contextid="3201" timestamp="2019-06-15T03:58:16.708">
  <scavenger-info tenureage="8" tenuremask="7f00" tiltratio="82" />
  <memory-copied type="nursery" objects="1642" bytes="187656" bytesdiscarded="42760" />
  <references type="weak" candidates="133" cleared="133" enqueued="133" />
  <references type="phantom" candidates="2" cleared="0" enqueued="0" />
</gc-op>
<gc-end id="3205" type="scavenge" contextid="3201" durationms="1.947" usertimems="4.000" systemtimems="0.000" timestamp="2019-06-15T03:58:16.708" activeThreads="4">
  <mem-info id="3206" free="2044680280" total="2092630016" percent="97">
    <mem type="nursery" free="1604560" total="2228224" percent="72">
      <mem type="allocate" free="1604560" total="1835008" percent="87" />
      <mem type="survivor" free="0" total="393216" percent="0" />
    </mem>
    <mem type="tenure" free="2043075720" total="2090401792" percent="97">
      <mem type="soa" free="1938556040" total="1985882112" percent="97" />
      <mem type="loa" free="104519680" total="104519680" percent="100" />
    </mem>
    <pending-finalizers system="0" default="0" reference="133" classloader="0" />
    <remembered-set count="254" />
  </mem-info>
</gc-end>
<cycle-end id="3207" type="scavenge" contextid="3201" timestamp="2019-06-15T03:58:16.708" />
  <attribute name="elasticGC enabled" value="1" />
  <attribute name= "numThreadsSpecified" value="4" />
  <attribute name="heapSize specified" value="8519680" />
  <attribute name="Current GC Util" value="17" />
  <attribute name= "Current Time Running" value="3211" />
  <attribute name ="GC Interval" value="200" />
  <attribute name="ProportionalT" value="-1.500000" />
  <attribute name="ProportionalI" value="-1.500000" />
  <attribute name="ProportionalH" value="-1.500000" />
  <attribute name="Current Error" value="-3.000000" />
  <attribute name="IntegralT" value="-12.000000" />
  <attribute name="IntegralI" value="-12.000000" />
  <attribute name="IntegralH" value="-12.000000" />
  <attribute name="DerivativeT" value="-3.750000" />
  <attribute name="DerivativeI" value="-3.750000" />
  <attribute name="DerivativeH" value="-3.750000" />
  <attribute name="Loop Time for DT" value="4.000000" />
  <attribute name="Output H" value="2092630016"/>
  <attribute name="Output I" value="200"/>
  <attribute name="Output T" value="4"/>
  <attribute name="Target GC Util Change" value ="20.000000" />
  <attribute name="Current GC Util Change" value="17.000000"/>
  <attribute name="GC Util currently" value="17" />
  <attribute name="CPU Util currently" value="1093818907728" />
<allocation-satisfied id="3208" threadId="0000000002519C00" bytesRequested="32" />
<af-end id="3209" timestamp="2019-06-15T03:58:16.708" threadId="000000000251A588" success="true" from="nursery"/>
<exclusive-end id="3210" timestamp="2019-06-15T03:58:16.708" durationms="2.508" />

<exclusive-start id="3211" timestamp="2019-06-15T03:58:16.711" intervalms="5.598">
  <response-info timems="0.028" idlems="0.028" threads="0" lastid="000000000251D800" lastname="PmdThread 2" />
</exclusive-start>
<af-start id="3212" threadId="000000000251E188" totalBytesRequested="944" timestamp="2019-06-15T03:58:16.711" intervalms="5.557" type="nursery" />
<cycle-start id="3213" type="scavenge" contextid="0" timestamp="2019-06-15T03:58:16.711" intervalms="5.552" />
<gc-start id="3214" type="scavenge" contextid="3213" timestamp="2019-06-15T03:58:16.711">
  <mem-info id="3215" free="2043075720" total="2092630016" percent="97">
    <mem type="nursery" free="0" total="2228224" percent="0">
      <mem type="allocate" free="0" total="1835008" percent="0" />
      <mem type="survivor" free="0" total="393216" percent="0" />
    </mem>
    <mem type="tenure" free="2043075720" total="2090401792" percent="97">
      <mem type="soa" free="1938556040" total="1985882112" percent="97" />
      <mem type="loa" free="104519680" total="104519680" percent="100" />
    </mem>
    <remembered-set count="348" />
  </mem-info>
</gc-start>
<allocation-stats totalBytes="1602544" >
  <allocated-bytes non-tlh="32" tlh="1602512" />
  <largest-consumer threadName="PmdThread 2" threadId="000000000251D800" bytes="451776" />
</allocation-stats>
<gc-op id="3216" type="scavenge" timems="0.425" contextid="3213" timestamp="2019-06-15T03:58:16.712">
  <scavenger-info tenureage="5" tenuremask="7f20" tiltratio="82" />
  <memory-copied type="nursery" objects="1618" bytes="175152" bytesdiscarded="46664" />
  <memory-copied type="tenure" objects="783" bytes="21696" bytesdiscarded="0" />
  <references type="weak" candidates="92" cleared="92" enqueued="92" />
  <references type="phantom" candidates="2" cleared="2" enqueued="2" />
</gc-op>
<gc-end id="3217" type="scavenge" contextid="3213" durationms="0.811" usertimems="4.000" systemtimems="0.000" timestamp="2019-06-15T03:58:16.712" activeThreads="4">
  <mem-info id="3218" free="2044754008" total="2092630016" percent="97">
    <mem type="nursery" free="1678288" total="2228224" percent="75">
      <mem type="allocate" free="1678288" total="1900544" percent="88" />
      <mem type="survivor" free="0" total="327680" percent="0" />
    </mem>
    <mem type="tenure" free="2043075720" total="2090401792" percent="97">
      <mem type="soa" free="1938556040" total="1985882112" percent="97" />
      <mem type="loa" free="104519680" total="104519680" percent="100" />
    </mem>
    <pending-finalizers system="0" default="0" reference="94" classloader="0" />
    <remembered-set count="124" />
  </mem-info>
</gc-end>
<cycle-end id="3219" type="scavenge" contextid="3213" timestamp="2019-06-15T03:58:16.712" />
  <attribute name="elasticGC enabled" value="1" />
  <attribute name= "numThreadsSpecified" value="4" />
  <attribute name="heapSize specified" value="8519680" />
  <attribute name="Current GC Util" value="43" />
  <attribute name= "Current Time Running" value="3217" />
  <attribute name ="GC Interval" value="200" />
  <attribute name="ProportionalT" value="11.500000" />
  <attribute name="ProportionalI" value="11.500000" />
  <attribute name="ProportionalH" value="11.500000" />
  <attribute name="Current Error" value="23.000000" />
  <attribute name="IntegralT" value="138.000000" />
  <attribute name="IntegralI" value="138.000000" />
  <attribute name="IntegralH" value="138.000000" />
  <attribute name="DerivativeT" value="5.750000" />
  <attribute name="DerivativeI" value="5.750000" />
  <attribute name="DerivativeH" value="5.750000" />
  <attribute name="Loop Time for DT" value="6.000000" />
  <attribute name="Output H" value="8388608"/>
  <attribute name="Output I" value="200"/>
  <attribute name="Output T" value="4"/>
  <attribute name="Target GC Util Change" value ="20.000000" />
  <attribute name="Current GC Util Change" value="43.000000"/>
  <attribute name="GC Util currently" value="43" />
  <attribute name="CPU Util currently" value="848968336192" />
<allocation-satisfied id="3220" threadId="000000000251D800" bytesRequested="944" />
<af-end id="3221" timestamp="2019-06-15T03:58:16.712" threadId="000000000251E188" success="true" from="nursery"/>
<exclusive-end id="3222" timestamp="2019-06-15T03:58:16.712" durationms="1.292" />

<exclusive-start id="3223" timestamp="2019-06-15T03:58:16.716" intervalms="5.263">
  <response-info timems="0.050" idlems="0.050" threads="0" lastid="000000000251D800" lastname="PmdThread 2" />
</exclusive-start>
<af-start id="3224" threadId="000000000251E188" totalBytesRequested="112" timestamp="2019-06-15T03:58:16.717" intervalms="5.269" type="nursery" />
<cycle-start id="3225" type="scavenge" contextid="0" timestamp="2019-06-15T03:58:16.717" intervalms="5.280" />
<gc-start id="3226" type="scavenge" contextid="3225" timestamp="2019-06-15T03:58:16.717">
  <mem-info id="3227" free="2043075720" total="2092630016" percent="97">
    <mem type="nursery" free="0" total="2228224" percent="0">
      <mem type="allocate" free="0" total="1900544" percent="0" />
      <mem type="survivor" free="0" total="327680" percent="0" />
    </mem>
    <mem type="tenure" free="2043075720" total="2090401792" percent="97">
      <mem type="soa" free="1938556040" total="1985882112" percent="97" />
      <mem type="loa" free="104519680" total="104519680" percent="100" />
    </mem>
    <remembered-set count="493" />
  </mem-info>
</gc-start>
<allocation-stats totalBytes="1675344" >
  <allocated-bytes non-tlh="944" tlh="1674400" />
  <largest-consumer threadName="PmdThread 2" threadId="000000000251D800" bytes="1675344" />
</allocation-stats>
<gc-op id="3228" type="scavenge" timems="0.391" contextid="3225" timestamp="2019-06-15T03:58:16.717">
  <scavenger-info tenureage="9" tenuremask="7e00" tiltratio="85" />
  <memory-copied type="nursery" objects="1936" bytes="183264" bytesdiscarded="45096" />
  <references type="weak" candidates="206" cleared="206" enqueued="206" />
</gc-op>
<gc-end id="3229" type="scavenge" contextid="3225" durationms="0.782" usertimems="0.000" systemtimems="0.000" timestamp="2019-06-15T03:58:16.718" activeThreads="4">
  <mem-info id="3230" free="2044747872" total="2092630016" percent="97">
    <mem type="nursery" free="1672152" total="2228224" percent="75">
      <mem type="allocate" free="1672152" total="1900544" percent="87" />
      <mem type="survivor" free="0" total="327680" percent="0" />
    </mem>
    <mem type="tenure" free="2043075720" total="2090401792" percent="97">
      <mem type="soa" free="1938556040" total="1985882112" percent="97" />
      <mem type="loa" free="104519680" total="104519680" percent="100" />
    </mem>
    <pending-finalizers system="0" default="0" reference="206" classloader="0" />
    <remembered-set count="105" />
  </mem-info>
</gc-end>
<cycle-end id="3231" type="scavenge" contextid="3225" timestamp="2019-06-15T03:58:16.718" />
  <attribute name="elasticGC enabled" value="1" />
  <attribute name= "numThreadsSpecified" value="4" />
  <attribute name="heapSize specified" value="8519680" />
  <attribute name="Current GC Util" value="15" />
  <attribute name= "Current Time Running" value="3222" />
  <attribute name ="GC Interval" value="200" />
  <attribute name="ProportionalT" value="-2.500000" />
  <attribute name="ProportionalI" value="-2.500000" />
  <attribute name="ProportionalH" value="-2.500000" />
  <attribute name="Current Error" value="-5.000000" />
  <attribute name="IntegralT" value="-25.000000" />
  <attribute name="IntegralI" value="-25.000000" />
  <attribute name="IntegralH" value="-25.000000" />
  <attribute name="DerivativeT" value="-8.400000" />
  <attribute name="DerivativeI" value="-8.400000" />
  <attribute name="DerivativeH" value="-8.400000" />
  <attribute name="Loop Time for DT" value="5.000000" />
  <attribute name="Output H" value="2092630016"/>
  <attribute name="Output I" value="200"/>
  <attribute name="Output T" value="4"/>
  <attribute name="Target GC Util Change" value ="20.000000" />
  <attribute name="Current GC Util Change" value="15.000000"/>
  <attribute name="GC Util currently" value="15" />
  <attribute name="CPU Util currently" value="873890790430" />
<allocation-satisfied id="3232" threadId="000000000251D800" bytesRequested="112" />
<af-end id="3233" timestamp="2019-06-15T03:58:16.718" threadId="000000000251E188" success="true" from="nursery"/>
<exclusive-end id="3234" timestamp="2019-06-15T03:58:16.718" durationms="1.312" />

<exclusive-start id="3235" timestamp="2019-06-15T03:58:16.722" intervalms="5.043">
  <response-info timems="0.067" idlems="0.067" threads="0" lastid="000000000251D800" lastname="PmdThread 2" />
</exclusive-start>
<af-start id="3236" threadId="000000000251E188" totalBytesRequested="1024" timestamp="2019-06-15T03:58:16.722" intervalms="5.047" type="nursery" />
<cycle-start id="3237" type="scavenge" contextid="0" timestamp="2019-06-15T03:58:16.722" intervalms="5.032" />
<gc-start id="3238" type="scavenge" contextid="3237" timestamp="2019-06-15T03:58:16.722">
  <mem-info id="3239" free="2043075720" total="2092630016" percent="97">
    <mem type="nursery" free="0" total="2228224" percent="0">
      <mem type="allocate" free="0" total="1900544" percent="0" />
      <mem type="survivor" free="0" total="327680" percent="0" />
    </mem>
    <mem type="tenure" free="2043075720" total="2090401792" percent="97">
      <mem type="soa" free="1938556040" total="1985882112" percent="97" />
      <mem type="loa" free="104519680" total="104519680" percent="100" />
    </mem>
    <remembered-set count="355" />
  </mem-info>
</gc-start>
<allocation-stats totalBytes="1670208" >
  <allocated-bytes non-tlh="112" tlh="1670096" />
  <largest-consumer threadName="PmdThread 2" threadId="000000000251D800" bytes="1670208" />
</allocation-stats>
<gc-op id="3240" type="scavenge" timems="0.391" contextid="3237" timestamp="2019-06-15T03:58:16.722">
  <scavenger-info tenureage="3" tenuremask="7c08" tiltratio="85" />
  <memory-copied type="nursery" objects="1406" bytes="49624" bytesdiscarded="98568" />
  <memory-copied type="tenure" objects="398" bytes="130752" bytesdiscarded="16" />
  <references type="weak" candidates="155" cleared="155" enqueued="155" />
</gc-op>
<gc-end id="3241" type="scavenge" contextid="3237" durationms="0.754" usertimems="0.000" systemtimems="0.000" timestamp="2019-06-15T03:58:16.722" activeThreads="4">
  <mem-info id="3242" free="2044700504" total="2092630016" percent="97">
    <mem type="nursery" free="1752320" total="2228224" percent="78">
      <mem type="allocate" free="1752320" total="1900544" percent="92" />
      <mem type="survivor" free="0" total="327680" percent="0" />
    </mem>
    <mem type="tenure" free="2042948184" total="2090401792" percent="97">
      <mem type="soa" free="1938428504" total="1985882112" percent="97" />
      <mem type="loa" free="104519680" total="104519680" percent="100" />
    </mem>
    <pending-finalizers system="0" default="0" reference="155" classloader="0" />
    <remembered-set count="120" />
  </mem-info>
</gc-end>
<cycle-end id="3243" type="scavenge" contextid="3237" timestamp="2019-06-15T03:58:16.723" />
  <attribute name="elasticGC enabled" value="1" />
  <attribute name= "numThreadsSpecified" value="4" />
  <attribute name="heapSize specified" value="8519680" />
  <attribute name="Current GC Util" value="15" />
  <attribute name= "Current Time Running" value="3227" />
  <attribute name ="GC Interval" value="200" />
  <attribute name="ProportionalT" value="-2.500000" />
  <attribute name="ProportionalI" value="-2.500000" />
  <attribute name="ProportionalH" value="-2.500000" />
  <attribute name="Current Error" value="-5.000000" />
  <attribute name="IntegralT" value="-25.000000" />
  <attribute name="IntegralI" value="-25.000000" />
  <attribute name="IntegralH" value="-25.000000" />
  <attribute name="DerivativeT" value="-1.500000" />
  <attribute name="DerivativeI" value="-1.500000" />
  <attribute name="DerivativeH" value="-1.500000" />
  <attribute name="Loop Time for DT" value="5.000000" />
  <attribute name="Output H" value="2092630016"/>
  <attribute name="Output I" value="200"/>
  <attribute name="Output T" value="4"/>
  <attribute name="Target GC Util Change" value ="20.000000" />
  <attribute name="Current GC Util Change" value="15.000000"/>
  <attribute name="GC Util currently" value="15" />
  <attribute name="CPU Util currently" value="921227855976" />
<allocation-satisfied id="3244" threadId="000000000251D800" bytesRequested="1024" />
<af-end id="3245" timestamp="2019-06-15T03:58:16.723" threadId="000000000251E188" success="true" from="nursery"/>
<exclusive-end id="3246" timestamp="2019-06-15T03:58:16.723" durationms="1.436" />

<exclusive-start id="3247" timestamp="2019-06-15T03:58:16.727" intervalms="5.516">
  <response-info timems="0.080" idlems="0.080" threads="0" lastid="000000000251D800" lastname="PmdThread 2" />
</exclusive-start>
<af-start id="3248" threadId="000000000251E188" totalBytesRequested="848" timestamp="2019-06-15T03:58:16.727" intervalms="5.508" type="nursery" />
<cycle-start id="3249" type="scavenge" contextid="0" timestamp="2019-06-15T03:58:16.727" intervalms="5.506" />
<gc-start id="3250" type="scavenge" contextid="3249" timestamp="2019-06-15T03:58:16.727">
  <mem-info id="3251" free="2042948184" total="2092630016" percent="97">
    <mem type="nursery" free="0" total="2228224" percent="0">
      <mem type="allocate" free="0" total="1900544" percent="0" />
      <mem type="survivor" free="0" total="327680" percent="0" />
    </mem>
    <mem type="tenure" free="2042948184" total="2090401792" percent="97">
      <mem type="soa" free="1938428504" total="1985882112" percent="97" />
      <mem type="loa" free="104519680" total="104519680" percent="100" />
    </mem>
    <remembered-set count="435" />
  </mem-info>
</gc-start>
<allocation-stats totalBytes="1748008" >
  <allocated-bytes non-tlh="1024" tlh="1746984" />
  <largest-consumer threadName="PmdThread 2" threadId="000000000251D800" bytes="1748008" />
</allocation-stats>
<gc-op id="3252" type="scavenge" timems="0.268" contextid="3249" timestamp="2019-06-15T03:58:16.728">
  <scavenger-info tenureage="3" tenuremask="7808" tiltratio="85" />
  <memory-copied type="nursery" objects="576" bytes="19656" bytesdiscarded="150840" />
  <memory-copied type="tenure" objects="929" bytes="32888" bytesdiscarded="56" />
  <references type="weak" candidates="194" cleared="194" enqueued="194" />
</gc-op>
<gc-end id="3253" type="scavenge" contextid="3249" durationms="0.628" usertimems="0.000" systemtimems="0.000" timestamp="2019-06-15T03:58:16.728" activeThreads="4">
  <mem-info id="3254" free="2044673880" total="2092630016" percent="97">
    <mem type="nursery" free="1795584" total="2228224" percent="80">
      <mem type="allocate" free="1795584" total="1966080" percent="91" />
      <mem type="survivor" free="0" total="262144" percent="0" />
    </mem>
    <mem type="tenure" free="2042878296" total="2090401792" percent="97">
      <mem type="soa" free="1938358616" total="1985882112" percent="97" />
      <mem type="loa" free="104519680" total="104519680" percent="100" />
    </mem>
    <pending-finalizers system="0" default="0" reference="194" classloader="0" />
    <remembered-set count="84" />
  </mem-info>
</gc-end>
<cycle-end id="3255" type="scavenge" contextid="3249" timestamp="2019-06-15T03:58:16.728" />
  <attribute name="elasticGC enabled" value="1" />
  <attribute name= "numThreadsSpecified" value="4" />
  <attribute name="heapSize specified" value="8519680" />
  <attribute name="Current GC Util" value="14" />
  <attribute name= "Current Time Running" value="3233" />
  <attribute name ="GC Interval" value="200" />
  <attribute name="ProportionalT" value="-3.000000" />
  <attribute name="ProportionalI" value="-3.000000" />
  <attribute name="ProportionalH" value="-3.000000" />
  <attribute name="Current Error" value="-6.000000" />
  <attribute name="IntegralT" value="-36.000000" />
  <attribute name="IntegralI" value="-36.000000" />
  <attribute name="IntegralH" value="-36.000000" />
  <attribute name="DerivativeT" value="-1.500000" />
  <attribute name="DerivativeI" value="-1.500000" />
  <attribute name="DerivativeH" value="-1.500000" />
  <attribute name="Loop Time for DT" value="6.000000" />
  <attribute name="Output H" value="2092630016"/>
  <attribute name="Output I" value="200"/>
  <attribute name="Output T" value="4"/>
  <attribute name="Target GC Util Change" value ="20.000000" />
  <attribute name="Current GC Util Change" value="14.000000"/>
  <attribute name="GC Util currently" value="14" />
  <attribute name="CPU Util currently" value="838153710406" />
<allocation-satisfied id="3256" threadId="000000000251D800" bytesRequested="848" />
<af-end id="3257" timestamp="2019-06-15T03:58:16.728" threadId="000000000251E188" success="true" from="nursery"/>
<exclusive-end id="3258" timestamp="2019-06-15T03:58:16.728" durationms="1.101" />

<exclusive-start id="3259" timestamp="2019-06-15T03:58:16.732" intervalms="5.239">
  <response-info timems="0.024" idlems="0.024" threads="0" lastid="000000000251D800" lastname="PmdThread 2" />
</exclusive-start>
<af-start id="3260" threadId="000000000251E188" totalBytesRequested="120" timestamp="2019-06-15T03:58:16.732" intervalms="5.240" type="nursery" />
<cycle-start id="3261" type="scavenge" contextid="0" timestamp="2019-06-15T03:58:16.732" intervalms="5.241" />
<gc-start id="3262" type="scavenge" contextid="3261" timestamp="2019-06-15T03:58:16.732">
  <mem-info id="3263" free="2042878296" total="2092630016" percent="97">
    <mem type="nursery" free="0" total="2228224" percent="0">
      <mem type="allocate" free="0" total="1966080" percent="0" />
      <mem type="survivor" free="0" total="262144" percent="0" />
    </mem>
    <mem type="tenure" free="2042878296" total="2090401792" percent="97">
      <mem type="soa" free="1938358616" total="1985882112" percent="97" />
      <mem type="loa" free="104519680" total="104519680" percent="100" />
    </mem>
    <remembered-set count="449" />
  </mem-info>
</gc-start>
<allocation-stats totalBytes="1792896" >
  <allocated-bytes non-tlh="848" tlh="1792048" />
  <largest-consumer threadName="PmdThread 2" threadId="000000000251D800" bytes="1792896" />
</allocation-stats>
<gc-op id="3264" type="scavenge" timems="0.233" contextid="3261" timestamp="2019-06-15T03:58:16.733">
  <scavenger-info tenureage="6" tenuremask="7040" tiltratio="88" />
  <memory-copied type="nursery" objects="680" bytes="23424" bytesdiscarded="54912" />
  <memory-copied type="tenure" objects="36" bytes="1232" bytesdiscarded="0" />
  <references type="weak" candidates="245" cleared="245" enqueued="245" />
</gc-op>
<gc-end id="3265" type="scavenge" contextid="3261" durationms="0.591" usertimems="0.000" systemtimems="0.000" timestamp="2019-06-15T03:58:16.733" activeThreads="4">
  <mem-info id="3266" free="2044766040" total="2092630016" percent="97">
    <mem type="nursery" free="1887744" total="2228224" percent="84">
      <mem type="allocate" free="1887744" total="1966080" percent="96" />
      <mem type="survivor" free="0" total="262144" percent="0" />
    </mem>
    <mem type="tenure" free="2042878296" total="2090401792" percent="97">
      <mem type="soa" free="1938358616" total="1985882112" percent="97" />
      <mem type="loa" free="104519680" total="104519680" percent="100" />
    </mem>
    <pending-finalizers system="0" default="0" reference="245" classloader="0" />
    <remembered-set count="81" />
  </mem-info>
</gc-end>
<cycle-end id="3267" type="scavenge" contextid="3261" timestamp="2019-06-15T03:58:16.733" />
  <attribute name="elasticGC enabled" value="1" />
  <attribute name= "numThreadsSpecified" value="4" />
  <attribute name="heapSize specified" value="8519680" />
  <attribute name="Current GC Util" value="12" />
  <attribute name= "Current Time Running" value="3238" />
  <attribute name ="GC Interval" value="200" />
  <attribute name="ProportionalT" value="-4.000000" />
  <attribute name="ProportionalI" value="-4.000000" />
  <attribute name="ProportionalH" value="-4.000000" />
  <attribute name="Current Error" value="-8.000000" />
  <attribute name="IntegralT" value="-40.000000" />
  <attribute name="IntegralI" value="-40.000000" />
  <attribute name="IntegralH" value="-40.000000" />
  <attribute name="DerivativeT" value="-2.400000" />
  <attribute name="DerivativeI" value="-2.400000" />
  <attribute name="DerivativeH" value="-2.400000" />
  <attribute name="Loop Time for DT" value="5.000000" />
  <attribute name="Output H" value="2092630016"/>
  <attribute name="Output I" value="200"/>
  <attribute name="Output T" value="4"/>
  <attribute name="Target GC Util Change" value ="20.000000" />
  <attribute name="Current GC Util Change" value="12.000000"/>
  <attribute name="GC Util currently" value="12" />
  <attribute name="CPU Util currently" value="879669363860" />
<allocation-satisfied id="3268" threadId="000000000251D800" bytesRequested="120" />
<af-end id="3269" timestamp="2019-06-15T03:58:16.733" threadId="000000000251E188" success="true" from="nursery"/>
<exclusive-end id="3270" timestamp="2019-06-15T03:58:16.733" durationms="1.090" />

<exclusive-start id="3271" timestamp="2019-06-15T03:58:16.738" intervalms="5.551">
  <response-info timems="0.081" idlems="0.081" threads="0" lastid="000000000251D800" lastname="PmdThread 2" />
</exclusive-start>
<af-start id="3272" threadId="000000000251E188" totalBytesRequested="32" timestamp="2019-06-15T03:58:16.738" intervalms="5.544" type="nursery" />
<cycle-start id="3273" type="scavenge" contextid="0" timestamp="2019-06-15T03:58:16.738" intervalms="5.545" />
<gc-start id="3274" type="scavenge" contextid="3273" timestamp="2019-06-15T03:58:16.738">
  <mem-info id="3275" free="2042878296" total="2092630016" percent="97">
    <mem type="nursery" free="0" total="2228224" percent="0">
      <mem type="allocate" free="0" total="1966080" percent="0" />
      <mem type="survivor" free="0" total="262144" percent="0" />
    </mem>
    <mem type="tenure" free="2042878296" total="2090401792" percent="97">
      <mem type="soa" free="1938358616" total="1985882112" percent="97" />
      <mem type="loa" free="104519680" total="104519680" percent="100" />
    </mem>
    <remembered-set count="484" />
  </mem-info>
</gc-start>
<allocation-stats totalBytes="1884776" >
  <allocated-bytes non-tlh="120" tlh="1884656" />
  <largest-consumer threadName="PmdThread 2" threadId="000000000251D800" bytes="1884776" />
</allocation-stats>
<gc-op id="3276" type="scavenge" timems="0.233" contextid="3273" timestamp="2019-06-15T03:58:16.738">
  <scavenger-info tenureage="4" tenuremask="ff70" tiltratio="88" />
  <memory-copied type="nursery" objects="808" bytes="27672" bytesdiscarded="122088" />
  <references type="weak" candidates="210" cleared="210" enqueued="210" />
</gc-op>
<gc-end id="3277" type="scavenge" contextid="3273" durationms="0.594" usertimems="0.000" systemtimems="0.000" timestamp="2019-06-15T03:58:16.739" activeThreads="4">
  <mem-info id="3278" free="2044694608" total="2092630016" percent="97">
    <mem type="nursery" free="1816312" total="2228224" percent="81">
      <mem type="allocate" free="1816312" total="1966080" percent="92" />
      <mem type="survivor" free="0" total="262144" percent="0" />
    </mem>
    <mem type="tenure" free="2042878296" total="2090401792" percent="97">
      <mem type="soa" free="1938358616" total="1985882112" percent="97" />
      <mem type="loa" free="104519680" total="104519680" percent="100" />
    </mem>
    <pending-finalizers system="0" default="0" reference="210" classloader="0" />
    <remembered-set count="81" />
  </mem-info>
</gc-end>
<cycle-end id="3279" type="scavenge" contextid="3273" timestamp="2019-06-15T03:58:16.739" />
  <attribute name="elasticGC enabled" value="1" />
  <attribute name= "numThreadsSpecified" value="4" />
  <attribute name="heapSize specified" value="8519680" />
  <attribute name="Current GC Util" value="10" />
  <attribute name= "Current Time Running" value="3243" />
  <attribute name ="GC Interval" value="200" />
  <attribute name="ProportionalT" value="-5.000000" />
  <attribute name="ProportionalI" value="-5.000000" />
  <attribute name="ProportionalH" value="-5.000000" />
  <attribute name="Current Error" value="-10.000000" />
  <attribute name="IntegralT" value="-50.000000" />
  <attribute name="IntegralI" value="-50.000000" />
  <attribute name="IntegralH" value="-50.000000" />
  <attribute name="DerivativeT" value="-3.000000" />
  <attribute name="DerivativeI" value="-3.000000" />
  <attribute name="DerivativeH" value="-3.000000" />
  <attribute name="Loop Time for DT" value="5.000000" />
  <attribute name="Output H" value="2092630016"/>
  <attribute name="Output I" value="200"/>
  <attribute name="Output T" value="4"/>
  <attribute name="Target GC Util Change" value ="20.000000" />
  <attribute name="Current GC Util Change" value="10.000000"/>
  <attribute name="GC Util currently" value="10" />
  <attribute name="CPU Util currently" value="832112264270" />
<allocation-satisfied id="3280" threadId="000000000251D800" bytesRequested="32" />
<af-end id="3281" timestamp="2019-06-15T03:58:16.739" threadId="000000000251E188" success="true" from="nursery"/>
<exclusive-end id="3282" timestamp="2019-06-15T03:58:16.739" durationms="1.059" />

<exclusive-start id="3283" timestamp="2019-06-15T03:58:16.743" intervalms="5.075">
  <response-info timems="0.072" idlems="0.072" threads="0" lastid="000000000251D800" lastname="PmdThread 2" />
</exclusive-start>
<af-start id="3284" threadId="000000000251E188" totalBytesRequested="48" timestamp="2019-06-15T03:58:16.743" intervalms="5.079" type="nursery" />
<cycle-start id="3285" type="scavenge" contextid="0" timestamp="2019-06-15T03:58:16.743" intervalms="5.081" />
<gc-start id="3286" type="scavenge" contextid="3285" timestamp="2019-06-15T03:58:16.743">
  <mem-info id="3287" free="2042878296" total="2092630016" percent="97">
    <mem type="nursery" free="0" total="2228224" percent="0">
      <mem type="allocate" free="0" total="1966080" percent="0" />
      <mem type="survivor" free="0" total="262144" percent="0" />
    </mem>
    <mem type="tenure" free="2042878296" total="2090401792" percent="97">
      <mem type="soa" free="1938358616" total="1985882112" percent="97" />
      <mem type="loa" free="104519680" total="104519680" percent="100" />
    </mem>
    <remembered-set count="404" />
  </mem-info>
</gc-start>
<allocation-stats totalBytes="1812440" >
  <allocated-bytes non-tlh="32" tlh="1812408" />
  <largest-consumer threadName="PmdThread 2" threadId="000000000251D800" bytes="1812440" />
</allocation-stats>
<gc-op id="3288" type="scavenge" timems="0.206" contextid="3285" timestamp="2019-06-15T03:58:16.743">
  <scavenger-info tenureage="4" tenuremask="fff0" tiltratio="88" />
  <memory-copied type="nursery" objects="866" bytes="29792" bytesdiscarded="119976" />
  <references type="weak" candidates="226" cleared="226" enqueued="226" />
</gc-op>
<gc-end id="3289" type="scavenge" contextid="3285" durationms="0.561" usertimems="4.000" systemtimems="0.000" timestamp="2019-06-15T03:58:16.744" activeThreads="4">
  <mem-info id="3290" free="2044694608" total="2092630016" percent="97">
    <mem type="nursery" free="1816312" total="2228224" percent="81">
      <mem type="allocate" free="1816312" total="1966080" percent="92" />
      <mem type="survivor" free="0" total="262144" percent="0" />
    </mem>
    <mem type="tenure" free="2042878296" total="2090401792" percent="97">
      <mem type="soa" free="1938358616" total="1985882112" percent="97" />
      <mem type="loa" free="104519680" total="104519680" percent="100" />
    </mem>
    <pending-finalizers system="0" default="0" reference="226" classloader="0" />
    <remembered-set count="81" />
  </mem-info>
</gc-end>
<cycle-end id="3291" type="scavenge" contextid="3285" timestamp="2019-06-15T03:58:16.744" />
  <attribute name="elasticGC enabled" value="1" />
  <attribute name= "numThreadsSpecified" value="4" />
  <attribute name="heapSize specified" value="8519680" />
  <attribute name="Current GC Util" value="11" />
  <attribute name= "Current Time Running" value="3249" />
  <attribute name ="GC Interval" value="200" />
  <attribute name="ProportionalT" value="-4.500000" />
  <attribute name="ProportionalI" value="-4.500000" />
  <attribute name="ProportionalH" value="-4.500000" />
  <attribute name="Current Error" value="-9.000000" />
  <attribute name="IntegralT" value="-54.000000" />
  <attribute name="IntegralI" value="-54.000000" />
  <attribute name="IntegralH" value="-54.000000" />
  <attribute name="DerivativeT" value="-2.250000" />
  <attribute name="DerivativeI" value="-2.250000" />
  <attribute name="DerivativeH" value="-2.250000" />
  <attribute name="Loop Time for DT" value="6.000000" />
  <attribute name="Output H" value="2092630016"/>
  <attribute name="Output I" value="200"/>
  <attribute name="Output T" value="4"/>
  <attribute name="Target GC Util Change" value ="20.000000" />
  <attribute name="Current GC Util Change" value="11.000000"/>
  <attribute name="GC Util currently" value="11" />
  <attribute name="CPU Util currently" value="908713224606" />
<allocation-satisfied id="3292" threadId="000000000251D800" bytesRequested="48" />
<af-end id="3293" timestamp="2019-06-15T03:58:16.744" threadId="000000000251E188" success="true" from="nursery"/>
<exclusive-end id="3294" timestamp="2019-06-15T03:58:16.744" durationms="1.036" />

<exclusive-start id="3295" timestamp="2019-06-15T03:58:16.748" intervalms="5.104">
  <response-info timems="0.092" idlems="0.092" threads="0" lastid="000000000251D800" lastname="PmdThread 2" />
</exclusive-start>
<af-start id="3296" threadId="000000000251E188" totalBytesRequested="16" timestamp="2019-06-15T03:58:16.748" intervalms="5.104" type="nursery" />
<cycle-start id="3297" type="scavenge" contextid="0" timestamp="2019-06-15T03:58:16.748" intervalms="5.104" />
<gc-start id="3298" type="scavenge" contextid="3297" timestamp="2019-06-15T03:58:16.748">
  <mem-info id="3299" free="2042878296" total="2092630016" percent="97">
    <mem type="nursery" free="0" total="2228224" percent="0">
      <mem type="allocate" free="0" total="1966080" percent="0" />
      <mem type="survivor" free="0" total="262144" percent="0" />
    </mem>
    <mem type="tenure" free="2042878296" total="2090401792" percent="97">
      <mem type="soa" free="1938358616" total="1985882112" percent="97" />
      <mem type="loa" free="104519680" total="104519680" percent="100" />
    </mem>
    <remembered-set count="458" />
  </mem-info>
</gc-start>
<allocation-stats totalBytes="1812536" >
  <allocated-bytes non-tlh="48" tlh="1812488" />
  <largest-consumer threadName="PmdThread 2" threadId="000000000251D800" bytes="1812536" />
</allocation-stats>
<gc-op id="3300" type="scavenge" timems="0.223" contextid="3297" timestamp="2019-06-15T03:58:16.749">
  <scavenger-info tenureage="4" tenuremask="fff0" tiltratio="88" />
  <memory-copied type="nursery" objects="734" bytes="25264" bytesdiscarded="124504" />
  <references type="weak" candidates="179" cleared="179" enqueued="179" />
</gc-op>
<gc-end id="3301" type="scavenge" contextid="3297" durationms="0.577" usertimems="0.000" systemtimems="0.000" timestamp="2019-06-15T03:58:16.749" activeThreads="4">
  <mem-info id="3302" free="2044694608" total="2092630016" percent="97">
    <mem type="nursery" free="1816312" total="2228224" percent="81">
      <mem type="allocate" free="1816312" total="1966080" percent="92" />
      <mem type="survivor" free="0" total="262144" percent="0" />
    </mem>
    <mem type="tenure" free="2042878296" total="2090401792" percent="97">
      <mem type="soa" free="1938358616" total="1985882112" percent="97" />
      <mem type="loa" free="104519680" total="104519680" percent="100" />
    </mem>
    <pending-finalizers system="0" default="0" reference="179" classloader="0" />
    <remembered-set count="81" />
  </mem-info>
</gc-end>
<cycle-end id="3303" type="scavenge" contextid="3297" timestamp="2019-06-15T03:58:16.749" />
  <attribute name="elasticGC enabled" value="1" />
  <attribute name= "numThreadsSpecified" value="4" />
  <attribute name="heapSize specified" value="8519680" />
  <attribute name="Current GC Util" value="11" />
  <attribute name= "Current Time Running" value="3254" />
  <attribute name ="GC Interval" value="200" />
  <attribute name="ProportionalT" value="-4.500000" />
  <attribute name="ProportionalI" value="-4.500000" />
  <attribute name="ProportionalH" value="-4.500000" />
  <attribute name="Current Error" value="-9.000000" />
  <attribute name="IntegralT" value="-45.000000" />
  <attribute name="IntegralI" value="-45.000000" />
  <attribute name="IntegralH" value="-45.000000" />
  <attribute name="DerivativeT" value="-2.700000" />
  <attribute name="DerivativeI" value="-2.700000" />
  <attribute name="DerivativeH" value="-2.700000" />
  <attribute name="Loop Time for DT" value="5.000000" />
  <attribute name="Output H" value="2092630016"/>
  <attribute name="Output I" value="200"/>
  <attribute name="Output T" value="4"/>
  <attribute name="Target GC Util Change" value ="20.000000" />
  <attribute name="Current GC Util Change" value="11.000000"/>
  <attribute name="GC Util currently" value="11" />
  <attribute name="CPU Util currently" value="901657503421" />
<allocation-satisfied id="3304" threadId="000000000251D800" bytesRequested="16" />
<af-end id="3305" timestamp="2019-06-15T03:58:16.749" threadId="000000000251E188" success="true" from="nursery"/>
<exclusive-end id="3306" timestamp="2019-06-15T03:58:16.749" durationms="1.049" />

<exclusive-start id="3307" timestamp="2019-06-15T03:58:16.753" intervalms="5.043">
  <response-info timems="0.060" idlems="0.060" threads="0" lastid="000000000251D800" lastname="PmdThread 2" />
</exclusive-start>
<af-start id="3308" threadId="000000000251E188" totalBytesRequested="56" timestamp="2019-06-15T03:58:16.753" intervalms="5.041" type="nursery" />
<cycle-start id="3309" type="scavenge" contextid="0" timestamp="2019-06-15T03:58:16.753" intervalms="5.041" />
<gc-start id="3310" type="scavenge" contextid="3309" timestamp="2019-06-15T03:58:16.753">
  <mem-info id="3311" free="2042878296" total="2092630016" percent="97">
    <mem type="nursery" free="0" total="2228224" percent="0">
      <mem type="allocate" free="0" total="1966080" percent="0" />
      <mem type="survivor" free="0" total="262144" percent="0" />
    </mem>
    <mem type="tenure" free="2042878296" total="2090401792" percent="97">
      <mem type="soa" free="1938358616" total="1985882112" percent="97" />
      <mem type="loa" free="104519680" total="104519680" percent="100" />
    </mem>
    <remembered-set count="1026" />
  </mem-info>
</gc-start>
<allocation-stats totalBytes="1813416" >
  <allocated-bytes non-tlh="16" tlh="1813400" />
  <largest-consumer threadName="PmdThread 2" threadId="000000000251D800" bytes="1813416" />
</allocation-stats>
<gc-op id="3312" type="scavenge" timems="0.197" contextid="3309" timestamp="2019-06-15T03:58:16.754">
  <scavenger-info tenureage="4" tenuremask="fff0" tiltratio="88" />
  <memory-copied type="nursery" objects="27" bytes="1600" bytesdiscarded="76736" />
  <memory-copied type="tenure" objects="233" bytes="9136" bytesdiscarded="0" />
  <references type="weak" candidates="5" cleared="5" enqueued="5" />
</gc-op>
<gc-end id="3313" type="scavenge" contextid="3309" durationms="0.556" usertimems="0.000" systemtimems="0.000" timestamp="2019-06-15T03:58:16.754" activeThreads="4">
  <mem-info id="3314" free="2044766040" total="2092630016" percent="97">
    <mem type="nursery" free="1887744" total="2228224" percent="84">
      <mem type="allocate" free="1887744" total="1966080" percent="96" />
      <mem type="survivor" free="0" total="262144" percent="0" />
    </mem>
    <mem type="tenure" free="2042878296" total="2090401792" percent="97">
      <mem type="soa" free="1938358616" total="1985882112" percent="97" />
      <mem type="loa" free="104519680" total="104519680" percent="100" />
    </mem>
    <pending-finalizers system="0" default="0" reference="5" classloader="0" />
    <remembered-set count="80" />
  </mem-info>
</gc-end>
<cycle-end id="3315" type="scavenge" contextid="3309" timestamp="2019-06-15T03:58:16.754" />
  <attribute name="elasticGC enabled" value="1" />
  <attribute name= "numThreadsSpecified" value="4" />
  <attribute name="heapSize specified" value="8519680" />
  <attribute name="Current GC Util" value="10" />
  <attribute name= "Current Time Running" value="3259" />
  <attribute name ="GC Interval" value="200" />
  <attribute name="ProportionalT" value="-5.000000" />
  <attribute name="ProportionalI" value="-5.000000" />
  <attribute name="ProportionalH" value="-5.000000" />
  <attribute name="Current Error" value="-10.000000" />
  <attribute name="IntegralT" value="-50.000000" />
  <attribute name="IntegralI" value="-50.000000" />
  <attribute name="IntegralH" value="-50.000000" />
  <attribute name="DerivativeT" value="-3.000000" />
  <attribute name="DerivativeI" value="-3.000000" />
  <attribute name="DerivativeH" value="-3.000000" />
  <attribute name="Loop Time for DT" value="5.000000" />
  <attribute name="Output H" value="2092630016"/>
  <attribute name="Output I" value="200"/>
  <attribute name="Output T" value="4"/>
  <attribute name="Target GC Util Change" value ="20.000000" />
  <attribute name="Current GC Util Change" value="10.000000"/>
  <attribute name="GC Util currently" value="10" />
  <attribute name="CPU Util currently" value="915578398801" />
<allocation-satisfied id="3316" threadId="000000000251D800" bytesRequested="56" />
<af-end id="3317" timestamp="2019-06-15T03:58:16.754" threadId="000000000251E188" success="true" from="nursery"/>
<exclusive-end id="3318" timestamp="2019-06-15T03:58:16.754" durationms="1.027" />

<exclusive-start id="3319" timestamp="2019-06-15T03:58:16.759" intervalms="6.079">
  <response-info timems="0.070" idlems="0.070" threads="0" lastid="000000000251D800" lastname="PmdThread 2" />
</exclusive-start>
<af-start id="3320" threadId="000000000251E188" totalBytesRequested="48" timestamp="2019-06-15T03:58:16.759" intervalms="6.091" type="nursery" />
<cycle-start id="3321" type="scavenge" contextid="0" timestamp="2019-06-15T03:58:16.759" intervalms="6.093" />
<gc-start id="3322" type="scavenge" contextid="3321" timestamp="2019-06-15T03:58:16.759">
  <mem-info id="3323" free="2042878296" total="2092630016" percent="97">
    <mem type="nursery" free="0" total="2228224" percent="0">
      <mem type="allocate" free="0" total="1966080" percent="0" />
      <mem type="survivor" free="0" total="262144" percent="0" />
    </mem>
    <mem type="tenure" free="2042878296" total="2090401792" percent="97">
      <mem type="soa" free="1938358616" total="1985882112" percent="97" />
      <mem type="loa" free="104519680" total="104519680" percent="100" />
    </mem>
    <remembered-set count="1225" />
  </mem-info>
</gc-start>
<allocation-stats totalBytes="1885792" >
  <allocated-bytes non-tlh="56" tlh="1885736" />
  <largest-consumer threadName="PmdThread 2" threadId="000000000251D800" bytes="1885792" />
</allocation-stats>
<gc-op id="3324" type="scavenge" timems="0.288" contextid="3321" timestamp="2019-06-15T03:58:16.760">
  <scavenger-info tenureage="4" tenuremask="ffd0" tiltratio="88" />
  <memory-copied type="nursery" objects="599" bytes="18824" bytesdiscarded="59512" />
  <references type="weak" candidates="212" cleared="212" enqueued="212" />
</gc-op>
<gc-end id="3325" type="scavenge" contextid="3321" durationms="0.650" usertimems="0.000" systemtimems="0.000" timestamp="2019-06-15T03:58:16.760" activeThreads="4">
  <mem-info id="3326" free="2044766040" total="2092630016" percent="97">
    <mem type="nursery" free="1887744" total="2228224" percent="84">
      <mem type="allocate" free="1887744" total="1966080" percent="96" />
      <mem type="survivor" free="0" total="262144" percent="0" />
    </mem>
    <mem type="tenure" free="2042878296" total="2090401792" percent="97">
      <mem type="soa" free="1938358616" total="1985882112" percent="97" />
      <mem type="loa" free="104519680" total="104519680" percent="100" />
    </mem>
    <pending-finalizers system="0" default="0" reference="212" classloader="0" />
    <remembered-set count="80" />
  </mem-info>
</gc-end>
<cycle-end id="3327" type="scavenge" contextid="3321" timestamp="2019-06-15T03:58:16.760" />
  <attribute name="elasticGC enabled" value="1" />
  <attribute name= "numThreadsSpecified" value="4" />
  <attribute name="heapSize specified" value="8519680" />
  <attribute name="Current GC Util" value="8" />
  <attribute name= "Current Time Running" value="3265" />
  <attribute name ="GC Interval" value="200" />
  <attribute name="ProportionalT" value="-6.000000" />
  <attribute name="ProportionalI" value="-6.000000" />
  <attribute name="ProportionalH" value="-6.000000" />
  <attribute name="Current Error" value="-12.000000" />
  <attribute name="IntegralT" value="-72.000000" />
  <attribute name="IntegralI" value="-72.000000" />
  <attribute name="IntegralH" value="-72.000000" />
  <attribute name="DerivativeT" value="-3.000000" />
  <attribute name="DerivativeI" value="-3.000000" />
  <attribute name="DerivativeH" value="-3.000000" />
  <attribute name="Loop Time for DT" value="6.000000" />
  <attribute name="Output H" value="2092630016"/>
  <attribute name="Output I" value="200"/>
  <attribute name="Output T" value="4"/>
  <attribute name="Target GC Util Change" value ="20.000000" />
  <attribute name="Current GC Util Change" value="8.000000"/>
  <attribute name="GC Util currently" value="8" />
  <attribute name="CPU Util currently" value="756061939771" />
<allocation-satisfied id="3328" threadId="000000000251D800" bytesRequested="48" />
<af-end id="3329" timestamp="2019-06-15T03:58:16.760" threadId="000000000251E188" success="true" from="nursery"/>
<exclusive-end id="3330" timestamp="2019-06-15T03:58:16.760" durationms="1.267" />

<exclusive-start id="3331" timestamp="2019-06-15T03:58:16.765" intervalms="6.269">
  <response-info timems="0.073" idlems="0.073" threads="0" lastid="000000000251D800" lastname="PmdThread 2" />
</exclusive-start>
<af-start id="3332" threadId="000000000251E188" totalBytesRequested="80" timestamp="2019-06-15T03:58:16.765" intervalms="6.265" type="nursery" />
<cycle-start id="3333" type="scavenge" contextid="0" timestamp="2019-06-15T03:58:16.766" intervalms="6.266" />
<gc-start id="3334" type="scavenge" contextid="3333" timestamp="2019-06-15T03:58:16.766">
  <mem-info id="3335" free="2042878296" total="2092630016" percent="97">
    <mem type="nursery" free="0" total="2228224" percent="0">
      <mem type="allocate" free="0" total="1966080" percent="0" />
      <mem type="survivor" free="0" total="262144" percent="0" />
    </mem>
    <mem type="tenure" free="2042878296" total="2090401792" percent="97">
      <mem type="soa" free="1938358616" total="1985882112" percent="97" />
      <mem type="loa" free="104519680" total="104519680" percent="100" />
    </mem>
    <remembered-set count="1145" />
  </mem-info>
</gc-start>
<allocation-stats totalBytes="1884312" >
  <allocated-bytes non-tlh="48" tlh="1884264" />
  <largest-consumer threadName="PmdThread 2" threadId="000000000251D800" bytes="1884312" />
</allocation-stats>
<gc-op id="3336" type="scavenge" timems="0.245" contextid="3333" timestamp="2019-06-15T03:58:16.766">
  <scavenger-info tenureage="4" tenuremask="fff0" tiltratio="88" />
  <memory-copied type="nursery" objects="398" bytes="12920" bytesdiscarded="65416" />
  <references type="weak" candidates="140" cleared="140" enqueued="140" />
</gc-op>
<gc-end id="3337" type="scavenge" contextid="3333" durationms="0.604" usertimems="0.000" systemtimems="0.000" timestamp="2019-06-15T03:58:16.766" activeThreads="4">
  <mem-info id="3338" free="2044766040" total="2092630016" percent="97">
    <mem type="nursery" free="1887744" total="2228224" percent="84">
      <mem type="allocate" free="1887744" total="1966080" percent="96" />
      <mem type="survivor" free="0" total="262144" percent="0" />
    </mem>
    <mem type="tenure" free="2042878296" total="2090401792" percent="97">
      <mem type="soa" free="1938358616" total="1985882112" percent="97" />
      <mem type="loa" free="104519680" total="104519680" percent="100" />
    </mem>
    <pending-finalizers system="0" default="0" reference="140" classloader="0" />
    <remembered-set count="80" />
  </mem-info>
</gc-end>
<cycle-end id="3339" type="scavenge" contextid="3333" timestamp="2019-06-15T03:58:16.766" />
  <attribute name="elasticGC enabled" value="1" />
  <attribute name= "numThreadsSpecified" value="4" />
  <attribute name="heapSize specified" value="8519680" />
  <attribute name="Current GC Util" value="11" />
  <attribute name= "Current Time Running" value="3271" />
  <attribute name ="GC Interval" value="200" />
  <attribute name="ProportionalT" value="-4.500000" />
  <attribute name="ProportionalI" value="-4.500000" />
  <attribute name="ProportionalH" value="-4.500000" />
  <attribute name="Current Error" value="-9.000000" />
  <attribute name="IntegralT" value="-54.000000" />
  <attribute name="IntegralI" value="-54.000000" />
  <attribute name="IntegralH" value="-54.000000" />
  <attribute name="DerivativeT" value="-2.250000" />
  <attribute name="DerivativeI" value="-2.250000" />
  <attribute name="DerivativeH" value="-2.250000" />
  <attribute name="Loop Time for DT" value="6.000000" />
  <attribute name="Output H" value="2092630016"/>
  <attribute name="Output I" value="200"/>
  <attribute name="Output T" value="4"/>
  <attribute name="Target GC Util Change" value ="20.000000" />
  <attribute name="Current GC Util Change" value="11.000000"/>
  <attribute name="GC Util currently" value="11" />
  <attribute name="CPU Util currently" value="736326888918" />
<allocation-satisfied id="3340" threadId="000000000251D800" bytesRequested="80" />
<af-end id="3341" timestamp="2019-06-15T03:58:16.766" threadId="000000000251E188" success="true" from="nursery"/>
<exclusive-end id="3342" timestamp="2019-06-15T03:58:16.767" durationms="1.135" />

<exclusive-start id="3343" timestamp="2019-06-15T03:58:16.771" intervalms="6.109">
  <response-info timems="0.078" idlems="0.078" threads="0" lastid="000000000251D800" lastname="PmdThread 2" />
</exclusive-start>
<af-start id="3344" threadId="000000000251E188" totalBytesRequested="744" timestamp="2019-06-15T03:58:16.772" intervalms="6.134" type="nursery" />
<cycle-start id="3345" type="scavenge" contextid="0" timestamp="2019-06-15T03:58:16.772" intervalms="6.133" />
<gc-start id="3346" type="scavenge" contextid="3345" timestamp="2019-06-15T03:58:16.772">
  <mem-info id="3347" free="2042878296" total="2092630016" percent="97">
    <mem type="nursery" free="0" total="2228224" percent="0">
      <mem type="allocate" free="0" total="1966080" percent="0" />
      <mem type="survivor" free="0" total="262144" percent="0" />
    </mem>
    <mem type="tenure" free="2042878296" total="2090401792" percent="97">
      <mem type="soa" free="1938358616" total="1985882112" percent="97" />
      <mem type="loa" free="104519680" total="104519680" percent="100" />
    </mem>
    <remembered-set count="1292" />
  </mem-info>
</gc-start>
<allocation-stats totalBytes="1884088" >
  <allocated-bytes non-tlh="80" tlh="1884008" />
  <largest-consumer threadName="PmdThread 2" threadId="000000000251D800" bytes="1884088" />
</allocation-stats>
<gc-op id="3348" type="scavenge" timems="0.252" contextid="3345" timestamp="2019-06-15T03:58:16.772">
  <scavenger-info tenureage="5" tenuremask="ffe0" tiltratio="88" />
  <memory-copied type="nursery" objects="587" bytes="18768" bytesdiscarded="59568" />
  <references type="weak" candidates="208" cleared="208" enqueued="208" />
</gc-op>
<gc-end id="3349" type="scavenge" contextid="3345" durationms="0.613" usertimems="0.000" systemtimems="0.000" timestamp="2019-06-15T03:58:16.772" activeThreads="4">
  <mem-info id="3350" free="2044766040" total="2092630016" percent="97">
    <mem type="nursery" free="1887744" total="2228224" percent="84">
      <mem type="allocate" free="1887744" total="1966080" percent="96" />
      <mem type="survivor" free="0" total="262144" percent="0" />
    </mem>
    <mem type="tenure" free="2042878296" total="2090401792" percent="97">
      <mem type="soa" free="1938358616" total="1985882112" percent="97" />
      <mem type="loa" free="104519680" total="104519680" percent="100" />
    </mem>
    <pending-finalizers system="0" default="0" reference="208" classloader="0" />
    <remembered-set count="80" />
  </mem-info>
</gc-end>
<cycle-end id="3351" type="scavenge" contextid="3345" timestamp="2019-06-15T03:58:16.772" />
  <attribute name="elasticGC enabled" value="1" />
  <attribute name= "numThreadsSpecified" value="4" />
  <attribute name="heapSize specified" value="8519680" />
  <attribute name="Current GC Util" value="9" />
  <attribute name= "Current Time Running" value="3277" />
  <attribute name ="GC Interval" value="200" />
  <attribute name="ProportionalT" value="-5.500000" />
  <attribute name="ProportionalI" value="-5.500000" />
  <attribute name="ProportionalH" value="-5.500000" />
  <attribute name="Current Error" value="-11.000000" />
  <attribute name="IntegralT" value="-66.000000" />
  <attribute name="IntegralI" value="-66.000000" />
  <attribute name="IntegralH" value="-66.000000" />
  <attribute name="DerivativeT" value="-2.750000" />
  <attribute name="DerivativeI" value="-2.750000" />
  <attribute name="DerivativeH" value="-2.750000" />
  <attribute name="Loop Time for DT" value="6.000000" />
  <attribute name="Output H" value="2092630016"/>
  <attribute name="Output I" value="200"/>
  <attribute name="Output T" value="4"/>
  <attribute name="Target GC Util Change" value ="20.000000" />
  <attribute name="Current GC Util Change" value="9.000000"/>
  <attribute name="GC Util currently" value="9" />
  <attribute name="CPU Util currently" value="751742106971" />
<allocation-satisfied id="3352" threadId="000000000251D800" bytesRequested="744" />
<af-end id="3353" timestamp="2019-06-15T03:58:16.773" threadId="000000000251E188" success="true" from="nursery"/>
<exclusive-end id="3354" timestamp="2019-06-15T03:58:16.773" durationms="1.199" />

<exclusive-start id="3355" timestamp="2019-06-15T03:58:16.778" intervalms="6.369">
  <response-info timems="0.056" idlems="0.056" threads="0" lastid="000000000251D800" lastname="PmdThread 2" />
</exclusive-start>
<af-start id="3356" threadId="000000000251E188" totalBytesRequested="48" timestamp="2019-06-15T03:58:16.778" intervalms="6.365" type="nursery" />
<cycle-start id="3357" type="scavenge" contextid="0" timestamp="2019-06-15T03:58:16.778" intervalms="6.406" />
<gc-start id="3358" type="scavenge" contextid="3357" timestamp="2019-06-15T03:58:16.778">
  <mem-info id="3359" free="2042878296" total="2092630016" percent="97">
    <mem type="nursery" free="0" total="2228224" percent="0">
      <mem type="allocate" free="0" total="1966080" percent="0" />
      <mem type="survivor" free="0" total="262144" percent="0" />
    </mem>
    <mem type="tenure" free="2042878296" total="2090401792" percent="97">
      <mem type="soa" free="1938358616" total="1985882112" percent="97" />
      <mem type="loa" free="104519680" total="104519680" percent="100" />
    </mem>
    <remembered-set count="1194" />
  </mem-info>
</gc-start>
<allocation-stats totalBytes="1885296" >
  <allocated-bytes non-tlh="744" tlh="1884552" />
  <largest-consumer threadName="PmdThread 2" threadId="000000000251D800" bytes="1885296" />
</allocation-stats>
<gc-op id="3360" type="scavenge" timems="0.241" contextid="3357" timestamp="2019-06-15T03:58:16.779">
  <scavenger-info tenureage="4" tenuremask="fff0" tiltratio="88" />
  <memory-copied type="nursery" objects="530" bytes="16432" bytesdiscarded="61904" />
  <references type="weak" candidates="189" cleared="189" enqueued="189" />
</gc-op>
<gc-end id="3361" type="scavenge" contextid="3357" durationms="0.604" usertimems="0.000" systemtimems="0.000" timestamp="2019-06-15T03:58:16.779" activeThreads="4">
  <mem-info id="3362" free="2044766040" total="2092630016" percent="97">
    <mem type="nursery" free="1887744" total="2228224" percent="84">
      <mem type="allocate" free="1887744" total="1966080" percent="96" />
      <mem type="survivor" free="0" total="262144" percent="0" />
    </mem>
    <mem type="tenure" free="2042878296" total="2090401792" percent="97">
      <mem type="soa" free="1938358616" total="1985882112" percent="97" />
      <mem type="loa" free="104519680" total="104519680" percent="100" />
    </mem>
    <pending-finalizers system="0" default="0" reference="189" classloader="0" />
    <remembered-set count="80" />
  </mem-info>
</gc-end>
<cycle-end id="3363" type="scavenge" contextid="3357" timestamp="2019-06-15T03:58:16.779" />
  <attribute name="elasticGC enabled" value="1" />
  <attribute name= "numThreadsSpecified" value="4" />
  <attribute name="heapSize specified" value="8519680" />
  <attribute name="Current GC Util" value="9" />
  <attribute name= "Current Time Running" value="3284" />
  <attribute name ="GC Interval" value="200" />
  <attribute name="ProportionalT" value="-5.500000" />
  <attribute name="ProportionalI" value="-5.500000" />
  <attribute name="ProportionalH" value="-5.500000" />
  <attribute name="Current Error" value="-11.000000" />
  <attribute name="IntegralT" value="-77.000000" />
  <attribute name="IntegralI" value="-77.000000" />
  <attribute name="IntegralH" value="-77.000000" />
  <attribute name="DerivativeT" value="-2.357143" />
  <attribute name="DerivativeI" value="-2.357143" />
  <attribute name="DerivativeH" value="-2.357143" />
  <attribute name="Loop Time for DT" value="7.000000" />
  <attribute name="Output H" value="2092630016"/>
  <attribute name="Output I" value="200"/>
  <attribute name="Output T" value="4"/>
  <attribute name="Target GC Util Change" value ="20.000000" />
  <attribute name="Current GC Util Change" value="9.000000"/>
  <attribute name="GC Util currently" value="9" />
  <attribute name="CPU Util currently" value="720400676374" />
<allocation-satisfied id="3364" threadId="000000000251D800" bytesRequested="48" />
<af-end id="3365" timestamp="2019-06-15T03:58:16.779" threadId="000000000251E188" success="true" from="nursery"/>
<exclusive-end id="3366" timestamp="2019-06-15T03:58:16.779" durationms="1.145" />

<exclusive-start id="3367" timestamp="2019-06-15T03:58:16.789" intervalms="11.317">
  <response-info timems="0.116" idlems="0.116" threads="0" lastid="000000000251D800" lastname="PmdThread 2" />
</exclusive-start>
<af-start id="3368" threadId="000000000251E188" totalBytesRequested="24" timestamp="2019-06-15T03:58:16.789" intervalms="11.330" type="nursery" />
<cycle-start id="3369" type="scavenge" contextid="0" timestamp="2019-06-15T03:58:16.789" intervalms="11.330" />
<gc-start id="3370" type="scavenge" contextid="3369" timestamp="2019-06-15T03:58:16.790">
  <mem-info id="3371" free="2042878296" total="2092630016" percent="97">
    <mem type="nursery" free="0" total="2228224" percent="0">
      <mem type="allocate" free="0" total="1966080" percent="0" />
      <mem type="survivor" free="0" total="262144" percent="0" />
    </mem>
    <mem type="tenure" free="2042878296" total="2090401792" percent="97">
      <mem type="soa" free="1938358616" total="1985882112" percent="97" />
      <mem type="loa" free="104519680" total="104519680" percent="100" />
    </mem>
    <remembered-set count="362" />
  </mem-info>
</gc-start>
<allocation-stats totalBytes="1887328" >
  <allocated-bytes non-tlh="48" tlh="1887280" />
  <largest-consumer threadName="PmdThread 2" threadId="000000000251D800" bytes="1887328" />
</allocation-stats>
<gc-op id="3372" type="scavenge" timems="0.220" contextid="3369" timestamp="2019-06-15T03:58:16.790">
  <scavenger-info tenureage="4" tenuremask="fff0" tiltratio="88" />
  <memory-copied type="nursery" objects="130" bytes="68992" bytesdiscarded="4640" />
  <references type="weak" candidates="24" cleared="24" enqueued="24" />
</gc-op>
<gc-end id="3373" type="scavenge" contextid="3369" durationms="0.665" usertimems="0.000" systemtimems="0.000" timestamp="2019-06-15T03:58:16.790" activeThreads="4">
  <mem-info id="3374" free="2044770744" total="2092630016" percent="97">
    <mem type="nursery" free="1892448" total="2228224" percent="84">
      <mem type="allocate" free="1892448" total="1966080" percent="96" />
      <mem type="survivor" free="0" total="262144" percent="0" />
    </mem>
    <mem type="tenure" free="2042878296" total="2090401792" percent="97">
      <mem type="soa" free="1938358616" total="1985882112" percent="97" />
      <mem type="loa" free="104519680" total="104519680" percent="100" />
    </mem>
    <pending-finalizers system="0" default="0" reference="24" classloader="0" />
    <remembered-set count="95" />
  </mem-info>
</gc-end>
<cycle-end id="3375" type="scavenge" contextid="3369" timestamp="2019-06-15T03:58:16.790" />
  <attribute name="elasticGC enabled" value="1" />
  <attribute name= "numThreadsSpecified" value="4" />
  <attribute name="heapSize specified" value="8519680" />
  <attribute name="Current GC Util" value="4" />
  <attribute name= "Current Time Running" value="3295" />
  <attribute name ="GC Interval" value="200" />
  <attribute name="ProportionalT" value="-8.000000" />
  <attribute name="ProportionalI" value="-8.000000" />
  <attribute name="ProportionalH" value="-8.000000" />
  <attribute name="Current Error" value="-16.000000" />
  <attribute name="IntegralT" value="-176.000000" />
  <attribute name="IntegralI" value="-176.000000" />
  <attribute name="IntegralH" value="-176.000000" />
  <attribute name="DerivativeT" value="-2.181818" />
  <attribute name="DerivativeI" value="-2.181818" />
  <attribute name="DerivativeH" value="-2.181818" />
  <attribute name="Loop Time for DT" value="11.000000" />
  <attribute name="Output H" value="2092630016"/>
  <attribute name="Output I" value="200"/>
  <attribute name="Output T" value="4"/>
  <attribute name="Target GC Util Change" value ="20.000000" />
  <attribute name="Current GC Util Change" value="4.000000"/>
  <attribute name="GC Util currently" value="4" />
  <attribute name="CPU Util currently" value="402347909867" />
<allocation-satisfied id="3376" threadId="000000000251D800" bytesRequested="24" />
<af-end id="3377" timestamp="2019-06-15T03:58:16.790" threadId="000000000251E188" success="true" from="nursery"/>
<exclusive-end id="3378" timestamp="2019-06-15T03:58:16.790" durationms="1.288" />

<exclusive-start id="3379" timestamp="2019-06-15T03:58:16.794" intervalms="4.586">
  <response-info timems="0.069" idlems="0.069" threads="0" lastid="000000000251D800" lastname="PmdThread 2" />
</exclusive-start>
<af-start id="3380" threadId="000000000251E188" totalBytesRequested="24" timestamp="2019-06-15T03:58:16.794" intervalms="4.544" type="nursery" />
<cycle-start id="3381" type="scavenge" contextid="0" timestamp="2019-06-15T03:58:16.794" intervalms="4.542" />
<gc-start id="3382" type="scavenge" contextid="3381" timestamp="2019-06-15T03:58:16.794">
  <mem-info id="3383" free="2042878296" total="2092630016" percent="97">
    <mem type="nursery" free="0" total="2228224" percent="0">
      <mem type="allocate" free="0" total="1966080" percent="0" />
      <mem type="survivor" free="0" total="262144" percent="0" />
    </mem>
    <mem type="tenure" free="2042878296" total="2090401792" percent="97">
      <mem type="soa" free="1938358616" total="1985882112" percent="97" />
      <mem type="loa" free="104519680" total="104519680" percent="100" />
    </mem>
    <remembered-set count="100" />
  </mem-info>
</gc-start>
<allocation-stats totalBytes="1892152" >
  <allocated-bytes non-tlh="24" tlh="1892128" />
  <largest-consumer threadName="PmdThread 2" threadId="000000000251D800" bytes="1892152" />
</allocation-stats>
<gc-op id="3384" type="scavenge" timems="0.175" contextid="3381" timestamp="2019-06-15T03:58:16.794">
  <scavenger-info tenureage="4" tenuremask="fff0" tiltratio="88" />
  <memory-copied type="nursery" objects="102" bytes="68288" bytesdiscarded="5344" />
</gc-op>
<gc-end id="3385" type="scavenge" contextid="3381" durationms="0.535" usertimems="0.000" systemtimems="0.000" timestamp="2019-06-15T03:58:16.795" activeThreads="4">
  <mem-info id="3386" free="2044770744" total="2092630016" percent="97">
    <mem type="nursery" free="1892448" total="2228224" percent="84">
      <mem type="allocate" free="1892448" total="1966080" percent="96" />
      <mem type="survivor" free="0" total="262144" percent="0" />
    </mem>
    <mem type="tenure" free="2042878296" total="2090401792" percent="97">
      <mem type="soa" free="1938358616" total="1985882112" percent="97" />
      <mem type="loa" free="104519680" total="104519680" percent="100" />
    </mem>
    <remembered-set count="93" />
  </mem-info>
</gc-end>
<cycle-end id="3387" type="scavenge" contextid="3381" timestamp="2019-06-15T03:58:16.795" />
  <attribute name="elasticGC enabled" value="1" />
  <attribute name= "numThreadsSpecified" value="4" />
  <attribute name="heapSize specified" value="8519680" />
  <attribute name="Current GC Util" value="13" />
  <attribute name= "Current Time Running" value="3299" />
  <attribute name ="GC Interval" value="200" />
  <attribute name="ProportionalT" value="-3.500000" />
  <attribute name="ProportionalI" value="-3.500000" />
  <attribute name="ProportionalH" value="-3.500000" />
  <attribute name="Current Error" value="-7.000000" />
  <attribute name="IntegralT" value="-28.000000" />
  <attribute name="IntegralI" value="-28.000000" />
  <attribute name="IntegralH" value="-28.000000" />
  <attribute name="DerivativeT" value="-2.625000" />
  <attribute name="DerivativeI" value="-2.625000" />
  <attribute name="DerivativeH" value="-2.625000" />
  <attribute name="Loop Time for DT" value="4.000000" />
  <attribute name="Output H" value="2092630016"/>
  <attribute name="Output I" value="200"/>
  <attribute name="Output T" value="4"/>
  <attribute name="Target GC Util Change" value ="20.000000" />
  <attribute name="Current GC Util Change" value="13.000000"/>
  <attribute name="GC Util currently" value="13" />
  <attribute name="CPU Util currently" value="1045561184598" />
<allocation-satisfied id="3388" threadId="000000000251D800" bytesRequested="24" />
<af-end id="3389" timestamp="2019-06-15T03:58:16.795" threadId="000000000251E188" success="true" from="nursery"/>
<exclusive-end id="3390" timestamp="2019-06-15T03:58:16.795" durationms="1.046" />

<exclusive-start id="3391" timestamp="2019-06-15T03:58:16.835" intervalms="40.818">
  <response-info timems="0.086" idlems="0.086" threads="0" lastid="000000000251D800" lastname="PmdThread 2" />
</exclusive-start>
<af-start id="3392" threadId="000000000251E188" totalBytesRequested="24" timestamp="2019-06-15T03:58:16.835" intervalms="40.876" type="nursery" />
<cycle-start id="3393" type="scavenge" contextid="0" timestamp="2019-06-15T03:58:16.835" intervalms="40.880" />
<gc-start id="3394" type="scavenge" contextid="3393" timestamp="2019-06-15T03:58:16.835">
  <mem-info id="3395" free="2042878296" total="2092630016" percent="97">
    <mem type="nursery" free="0" total="2228224" percent="0">
      <mem type="allocate" free="0" total="1966080" percent="0" />
      <mem type="survivor" free="0" total="262144" percent="0" />
    </mem>
    <mem type="tenure" free="2042878296" total="2090401792" percent="97">
      <mem type="soa" free="1938358616" total="1985882112" percent="97" />
      <mem type="loa" free="104519680" total="104519680" percent="100" />
    </mem>
    <remembered-set count="94" />
  </mem-info>
</gc-start>
<allocation-stats totalBytes="1891768" >
  <allocated-bytes non-tlh="24" tlh="1891744" />
  <largest-consumer threadName="PmdThread 2" threadId="000000000251D800" bytes="1891768" />
</allocation-stats>
<gc-op id="3396" type="scavenge" timems="0.313" contextid="3393" timestamp="2019-06-15T03:58:16.835">
  <scavenger-info tenureage="14" tenuremask="4000" tiltratio="88" />
  <memory-copied type="nursery" objects="1402" bytes="131504" bytesdiscarded="20464" />
</gc-op>
<gc-end id="3397" type="scavenge" contextid="3393" durationms="0.766" usertimems="0.000" systemtimems="0.000" timestamp="2019-06-15T03:58:16.836" activeThreads="4">
  <mem-info id="3398" free="2044692408" total="2092630016" percent="97">
    <mem type="nursery" free="1814112" total="2228224" percent="81">
      <mem type="allocate" free="1814112" total="1966080" percent="92" />
      <mem type="survivor" free="0" total="262144" percent="0" />
    </mem>
    <mem type="tenure" free="2042878296" total="2090401792" percent="97">
      <mem type="soa" free="1938358616" total="1985882112" percent="97" />
      <mem type="loa" free="104519680" total="104519680" percent="100" />
    </mem>
    <remembered-set count="94" />
  </mem-info>
</gc-end>
<cycle-end id="3399" type="scavenge" contextid="3393" timestamp="2019-06-15T03:58:16.836" />
  <attribute name="elasticGC enabled" value="1" />
  <attribute name= "numThreadsSpecified" value="4" />
  <attribute name="heapSize specified" value="8519680" />
  <attribute name="Current GC Util" value="1" />
  <attribute name= "Current Time Running" value="3340" />
  <attribute name ="GC Interval" value="200" />
  <attribute name="ProportionalT" value="-9.500000" />
  <attribute name="ProportionalI" value="-9.500000" />
  <attribute name="ProportionalH" value="-9.500000" />
  <attribute name="Current Error" value="-19.000000" />
  <attribute name="IntegralT" value="-779.000000" />
  <attribute name="IntegralI" value="-779.000000" />
  <attribute name="IntegralH" value="-779.000000" />
  <attribute name="DerivativeT" value="-0.695122" />
  <attribute name="DerivativeI" value="-0.695122" />
  <attribute name="DerivativeH" value="-0.695122" />
  <attribute name="Loop Time for DT" value="41.000000" />
  <attribute name="Output H" value="2092630016"/>
  <attribute name="Output I" value="200"/>
  <attribute name="Output T" value="4"/>
  <attribute name="Target GC Util Change" value ="20.000000" />
  <attribute name="Current GC Util Change" value="1.000000"/>
  <attribute name="GC Util currently" value="1" />
  <attribute name="CPU Util currently" value="112410695561" />
<allocation-satisfied id="3400" threadId="000000000251D800" bytesRequested="24" />
<af-end id="3401" timestamp="2019-06-15T03:58:16.836" threadId="000000000251E188" success="true" from="nursery"/>
<exclusive-end id="3402" timestamp="2019-06-15T03:58:16.836" durationms="1.367" />

<exclusive-start id="3403" timestamp="2019-06-15T03:58:16.852" intervalms="17.415">
  <response-info timems="0.077" idlems="0.077" threads="0" lastid="000000000251D800" lastname="PmdThread 2" />
</exclusive-start>
<af-start id="3404" threadId="000000000251E188" totalBytesRequested="48" timestamp="2019-06-15T03:58:16.852" intervalms="17.385" type="nursery" />
<cycle-start id="3405" type="scavenge" contextid="0" timestamp="2019-06-15T03:58:16.852" intervalms="17.347" />
<gc-start id="3406" type="scavenge" contextid="3405" timestamp="2019-06-15T03:58:16.852">
  <mem-info id="3407" free="2042878296" total="2092630016" percent="97">
    <mem type="nursery" free="0" total="2228224" percent="0">
      <mem type="allocate" free="0" total="1966080" percent="0" />
      <mem type="survivor" free="0" total="262144" percent="0" />
    </mem>
    <mem type="tenure" free="2042878296" total="2090401792" percent="97">
      <mem type="soa" free="1938358616" total="1985882112" percent="97" />
      <mem type="loa" free="104519680" total="104519680" percent="100" />
    </mem>
    <remembered-set count="95" />
  </mem-info>
</gc-start>
<allocation-stats totalBytes="1813784" >
  <allocated-bytes non-tlh="24" tlh="1813760" />
  <largest-consumer threadName="PmdThread 2" threadId="000000000251D800" bytes="1813784" />
</allocation-stats>
<gc-op id="3408" type="scavenge" timems="0.318" contextid="3405" timestamp="2019-06-15T03:58:16.853">
  <scavenger-info tenureage="3" tenuremask="4008" tiltratio="88" />
  <memory-copied type="nursery" objects="1798" bytes="77712" bytesdiscarded="184432" />
  <memory-copied type="tenure" objects="294" bytes="85792" bytesdiscarded="328" />
  <copy-failed type="nursery" objects="239" bytes="19104" />
</gc-op>
<gc-end id="3409" type="scavenge" contextid="3405" durationms="0.696" usertimems="0.000" systemtimems="0.000" timestamp="2019-06-15T03:58:16.853" activeThreads="4">
  <mem-info id="3410" free="2044435912" total="2092630016" percent="97">
    <mem type="nursery" free="1703936" total="2228224" percent="76">
      <mem type="allocate" free="1703936" total="1966080" percent="86" />
      <mem type="survivor" free="0" total="262144" percent="0" />
    </mem>
    <mem type="tenure" free="2042731976" total="2090401792" percent="97">
      <mem type="soa" free="1938212296" total="1985882112" percent="97" />
      <mem type="loa" free="104519680" total="104519680" percent="100" />
    </mem>
    <remembered-set count="117" />
  </mem-info>
</gc-end>
<cycle-end id="3411" type="scavenge" contextid="3405" timestamp="2019-06-15T03:58:16.853" />
  <attribute name="elasticGC enabled" value="1" />
  <attribute name= "numThreadsSpecified" value="4" />
  <attribute name="heapSize specified" value="8519680" />
  <attribute name="Current GC Util" value="3" />
  <attribute name= "Current Time Running" value="3358" />
  <attribute name ="GC Interval" value="200" />
  <attribute name="ProportionalT" value="-8.500000" />
  <attribute name="ProportionalI" value="-8.500000" />
  <attribute name="ProportionalH" value="-8.500000" />
  <attribute name="Current Error" value="-17.000000" />
  <attribute name="IntegralT" value="-306.000000" />
  <attribute name="IntegralI" value="-306.000000" />
  <attribute name="IntegralH" value="-306.000000" />
  <attribute name="DerivativeT" value="-1.416667" />
  <attribute name="DerivativeI" value="-1.416667" />
  <attribute name="DerivativeH" value="-1.416667" />
  <attribute name="Loop Time for DT" value="18.000000" />
  <attribute name="Output H" value="2092630016"/>
  <attribute name="Output I" value="200"/>
  <attribute name="Output T" value="4"/>
  <attribute name="Target GC Util Change" value ="20.000000" />
  <attribute name="Current GC Util Change" value="3.000000"/>
  <attribute name="GC Util currently" value="3" />
  <attribute name="CPU Util currently" value="267797990457" />
<allocation-satisfied id="3412" threadId="000000000251D800" bytesRequested="48" />
<af-end id="3413" timestamp="2019-06-15T03:58:16.853" threadId="000000000251E188" success="true" from="nursery"/>
<exclusive-end id="3414" timestamp="2019-06-15T03:58:16.853" durationms="1.322" />

<exclusive-start id="3415" timestamp="2019-06-15T03:58:16.864" intervalms="11.536">
  <response-info timems="0.073" idlems="0.073" threads="0" lastid="000000000251D800" lastname="PmdThread 2" />
</exclusive-start>
<af-start id="3416" threadId="000000000251E188" totalBytesRequested="24" timestamp="2019-06-15T03:58:16.864" intervalms="11.551" type="nursery" />
<cycle-start id="3417" type="scavenge" contextid="0" timestamp="2019-06-15T03:58:16.864" intervalms="11.588" />
<gc-start id="3418" type="scavenge" contextid="3417" timestamp="2019-06-15T03:58:16.864">
  <mem-info id="3419" free="2042731976" total="2092630016" percent="97">
    <mem type="nursery" free="0" total="2228224" percent="0">
      <mem type="allocate" free="0" total="1966080" percent="0" />
      <mem type="survivor" free="0" total="262144" percent="0" />
    </mem>
    <mem type="tenure" free="2042731976" total="2090401792" percent="97">
      <mem type="soa" free="1938212296" total="1985882112" percent="97" />
      <mem type="loa" free="104519680" total="104519680" percent="100" />
    </mem>
    <remembered-set count="117" />
  </mem-info>
</gc-start>
<allocation-stats totalBytes="1703632" >
  <allocated-bytes non-tlh="48" tlh="1703584" />
  <largest-consumer threadName="PmdThread 2" threadId="000000000251D800" bytes="1703632" />
</allocation-stats>
<gc-op id="3420" type="scavenge" timems="0.290" contextid="3417" timestamp="2019-06-15T03:58:16.864">
  <scavenger-info tenureage="14" tenuremask="4000" tiltratio="88" />
  <memory-copied type="nursery" objects="2211" bytes="97040" bytesdiscarded="20464" />
</gc-op>
<gc-end id="3421" type="scavenge" contextid="3417" durationms="0.656" usertimems="0.000" systemtimems="0.000" timestamp="2019-06-15T03:58:16.865" activeThreads="4">
  <mem-info id="3422" free="2044580552" total="2092630016" percent="97">
    <mem type="nursery" free="1848576" total="2228224" percent="82">
      <mem type="allocate" free="1848576" total="1966080" percent="94" />
      <mem type="survivor" free="0" total="262144" percent="0" />
    </mem>
    <mem type="tenure" free="2042731976" total="2090401792" percent="97">
      <mem type="soa" free="1938212296" total="1985882112" percent="97" />
      <mem type="loa" free="104519680" total="104519680" percent="100" />
    </mem>
    <remembered-set count="117" />
  </mem-info>
</gc-end>
<cycle-end id="3423" type="scavenge" contextid="3417" timestamp="2019-06-15T03:58:16.865" />
  <attribute name="elasticGC enabled" value="1" />
  <attribute name= "numThreadsSpecified" value="4" />
  <attribute name="heapSize specified" value="8519680" />
  <attribute name="Current GC Util" value="6" />
  <attribute name= "Current Time Running" value="3369" />
  <attribute name ="GC Interval" value="200" />
  <attribute name="ProportionalT" value="-7.000000" />
  <attribute name="ProportionalI" value="-7.000000" />
  <attribute name="ProportionalH" value="-7.000000" />
  <attribute name="Current Error" value="-14.000000" />
  <attribute name="IntegralT" value="-154.000000" />
  <attribute name="IntegralI" value="-154.000000" />
  <attribute name="IntegralH" value="-154.000000" />
  <attribute name="DerivativeT" value="-1.909091" />
  <attribute name="DerivativeI" value="-1.909091" />
  <attribute name="DerivativeH" value="-1.909091" />
  <attribute name="Loop Time for DT" value="11.000000" />
  <attribute name="Output H" value="2092630016"/>
  <attribute name="Output I" value="200"/>
  <attribute name="Output T" value="4"/>
  <attribute name="Target GC Util Change" value ="20.000000" />
  <attribute name="Current GC Util Change" value="6.000000"/>
  <attribute name="GC Util currently" value="6" />
  <attribute name="CPU Util currently" value="398156509371" />
<allocation-satisfied id="3424" threadId="000000000251D800" bytesRequested="24" />
<af-end id="3425" timestamp="2019-06-15T03:58:16.865" threadId="000000000251E188" success="true" from="nursery"/>
<exclusive-end id="3426" timestamp="2019-06-15T03:58:16.865" durationms="1.308" />

<exclusive-start id="3427" timestamp="2019-06-15T03:58:16.868" intervalms="4.569">
  <response-info timems="0.066" idlems="0.066" threads="0" lastid="000000000251D800" lastname="PmdThread 2" />
</exclusive-start>
<af-start id="3428" threadId="000000000251E188" totalBytesRequested="72" timestamp="2019-06-15T03:58:16.868" intervalms="4.522" type="nursery" />
<cycle-start id="3429" type="scavenge" contextid="0" timestamp="2019-06-15T03:58:16.868" intervalms="4.479" />
<gc-start id="3430" type="scavenge" contextid="3429" timestamp="2019-06-15T03:58:16.868">
  <mem-info id="3431" free="2042731976" total="2092630016" percent="97">
    <mem type="nursery" free="0" total="2228224" percent="0">
      <mem type="allocate" free="0" total="1966080" percent="0" />
      <mem type="survivor" free="0" total="262144" percent="0" />
    </mem>
    <mem type="tenure" free="2042731976" total="2090401792" percent="97">
      <mem type="soa" free="1938212296" total="1985882112" percent="97" />
      <mem type="loa" free="104519680" total="104519680" percent="100" />
    </mem>
    <remembered-set count="117" />
  </mem-info>
</gc-start>
<allocation-stats totalBytes="1848360" >
  <allocated-bytes non-tlh="24" tlh="1848336" />
  <largest-consumer threadName="PmdThread 2" threadId="000000000251D800" bytes="1848360" />
</allocation-stats>
<gc-op id="3432" type="scavenge" timems="0.294" contextid="3429" timestamp="2019-06-15T03:58:16.869">
  <scavenger-info tenureage="3" tenuremask="4008" tiltratio="88" />
  <memory-copied type="nursery" objects="990" bytes="42408" bytesdiscarded="35928" />
  <memory-copied type="tenure" objects="1220" bytes="54560" bytesdiscarded="0" />
</gc-op>
<gc-end id="3433" type="scavenge" contextid="3429" durationms="0.651" usertimems="0.000" systemtimems="0.000" timestamp="2019-06-15T03:58:16.869" activeThreads="4">
  <mem-info id="3434" free="2044619720" total="2092630016" percent="97">
    <mem type="nursery" free="1887744" total="2228224" percent="84">
      <mem type="allocate" free="1887744" total="1966080" percent="96" />
      <mem type="survivor" free="0" total="262144" percent="0" />
    </mem>
    <mem type="tenure" free="2042731976" total="2090401792" percent="97">
      <mem type="soa" free="1938212296" total="1985882112" percent="97" />
      <mem type="loa" free="104519680" total="104519680" percent="100" />
    </mem>
    <remembered-set count="191" />
  </mem-info>
</gc-end>
<cycle-end id="3435" type="scavenge" contextid="3429" timestamp="2019-06-15T03:58:16.869" />
  <attribute name="elasticGC enabled" value="1" />
  <attribute name= "numThreadsSpecified" value="4" />
  <attribute name="heapSize specified" value="8519680" />
  <attribute name="Current GC Util" value="13" />
  <attribute name= "Current Time Running" value="3374" />
  <attribute name ="GC Interval" value="200" />
  <attribute name="ProportionalT" value="-3.500000" />
  <attribute name="ProportionalI" value="-3.500000" />
  <attribute name="ProportionalH" value="-3.500000" />
  <attribute name="Current Error" value="-7.000000" />
  <attribute name="IntegralT" value="-35.000000" />
  <attribute name="IntegralI" value="-35.000000" />
  <attribute name="IntegralH" value="-35.000000" />
  <attribute name="DerivativeT" value="-2.100000" />
  <attribute name="DerivativeI" value="-2.100000" />
  <attribute name="DerivativeH" value="-2.100000" />
  <attribute name="Loop Time for DT" value="5.000000" />
  <attribute name="Output H" value="2092630016"/>
  <attribute name="Output I" value="200"/>
  <attribute name="Output T" value="4"/>
  <attribute name="Target GC Util Change" value ="20.000000" />
  <attribute name="Current GC Util Change" value="13.000000"/>
  <attribute name="GC Util currently" value="13" />
  <attribute name="CPU Util currently" value="1033441919176" />
<allocation-satisfied id="3436" threadId="000000000251D800" bytesRequested="72" />
<af-end id="3437" timestamp="2019-06-15T03:58:16.869" threadId="000000000251E188" success="true" from="nursery"/>
<exclusive-end id="3438" timestamp="2019-06-15T03:58:16.869" durationms="1.207" />

<exclusive-start id="3439" timestamp="2019-06-15T03:58:16.873" intervalms="4.481">
  <response-info timems="0.072" idlems="0.072" threads="0" lastid="000000000251D800" lastname="PmdThread 2" />
</exclusive-start>
<af-start id="3440" threadId="000000000251E188" totalBytesRequested="24" timestamp="2019-06-15T03:58:16.873" intervalms="4.485" type="nursery" />
<cycle-start id="3441" type="scavenge" contextid="0" timestamp="2019-06-15T03:58:16.873" intervalms="4.483" />
<gc-start id="3442" type="scavenge" contextid="3441" timestamp="2019-06-15T03:58:16.873">
  <mem-info id="3443" free="2042731976" total="2092630016" percent="97">
    <mem type="nursery" free="0" total="2228224" percent="0">
      <mem type="allocate" free="0" total="1966080" percent="0" />
      <mem type="survivor" free="0" total="262144" percent="0" />
    </mem>
    <mem type="tenure" free="2042731976" total="2090401792" percent="97">
      <mem type="soa" free="1938212296" total="1985882112" percent="97" />
      <mem type="loa" free="104519680" total="104519680" percent="100" />
    </mem>
    <remembered-set count="191" />
  </mem-info>
</gc-start>
<allocation-stats totalBytes="1887528" >
  <allocated-bytes non-tlh="72" tlh="1887456" />
  <largest-consumer threadName="PmdThread 2" threadId="000000000251D800" bytes="1887528" />
</allocation-stats>
<gc-op id="3444" type="scavenge" timems="0.209" contextid="3441" timestamp="2019-06-15T03:58:16.873">
  <scavenger-info tenureage="3" tenuremask="4008" tiltratio="88" />
  <memory-copied type="nursery" objects="466" bytes="22208" bytesdiscarded="16960" />
  <memory-copied type="tenure" objects="511" bytes="19912" bytesdiscarded="0" />
</gc-op>
<gc-end id="3445" type="scavenge" contextid="3441" durationms="0.563" usertimems="4.000" systemtimems="0.000" timestamp="2019-06-15T03:58:16.873" activeThreads="4">
  <mem-info id="3446" free="2044658888" total="2092630016" percent="97">
    <mem type="nursery" free="1926912" total="2228224" percent="86">
      <mem type="allocate" free="1926912" total="1966080" percent="98" />
      <mem type="survivor" free="0" total="262144" percent="0" />
    </mem>
    <mem type="tenure" free="2042731976" total="2090401792" percent="97">
      <mem type="soa" free="1938212296" total="1985882112" percent="97" />
      <mem type="loa" free="104519680" total="104519680" percent="100" />
    </mem>
    <remembered-set count="147" />
  </mem-info>
</gc-end>
<cycle-end id="3447" type="scavenge" contextid="3441" timestamp="2019-06-15T03:58:16.873" />
  <attribute name="elasticGC enabled" value="1" />
  <attribute name= "numThreadsSpecified" value="4" />
  <attribute name="heapSize specified" value="8519680" />
  <attribute name="Current GC Util" value="12" />
  <attribute name= "Current Time Running" value="3378" />
  <attribute name ="GC Interval" value="200" />
  <attribute name="ProportionalT" value="-4.000000" />
  <attribute name="ProportionalI" value="-4.000000" />
  <attribute name="ProportionalH" value="-4.000000" />
  <attribute name="Current Error" value="-8.000000" />
  <attribute name="IntegralT" value="-32.000000" />
  <attribute name="IntegralI" value="-32.000000" />
  <attribute name="IntegralH" value="-32.000000" />
  <attribute name="DerivativeT" value="-3.000000" />
  <attribute name="DerivativeI" value="-3.000000" />
  <attribute name="DerivativeH" value="-3.000000" />
  <attribute name="Loop Time for DT" value="4.000000" />
  <attribute name="Output H" value="2092630016"/>
  <attribute name="Output I" value="200"/>
  <attribute name="Output T" value="4"/>
  <attribute name="Target GC Util Change" value ="20.000000" />
  <attribute name="Current GC Util Change" value="12.000000"/>
  <attribute name="GC Util currently" value="12" />
  <attribute name="CPU Util currently" value="1029137369801" />
<allocation-satisfied id="3448" threadId="000000000251D800" bytesRequested="24" />
<af-end id="3449" timestamp="2019-06-15T03:58:16.874" threadId="000000000251E188" success="true" from="nursery"/>
<exclusive-end id="3450" timestamp="2019-06-15T03:58:16.874" durationms="1.031" />

<exclusive-start id="3451" timestamp="2019-06-15T03:58:16.877" intervalms="4.527">
  <response-info timems="0.066" idlems="0.066" threads="0" lastid="000000000251D800" lastname="PmdThread 2" />
</exclusive-start>
<af-start id="3452" threadId="000000000251E188" totalBytesRequested="24" timestamp="2019-06-15T03:58:16.877" intervalms="4.526" type="nursery" />
<cycle-start id="3453" type="scavenge" contextid="0" timestamp="2019-06-15T03:58:16.877" intervalms="4.523" />
<gc-start id="3454" type="scavenge" contextid="3453" timestamp="2019-06-15T03:58:16.877">
  <mem-info id="3455" free="2042731976" total="2092630016" percent="97">
    <mem type="nursery" free="0" total="2228224" percent="0">
      <mem type="allocate" free="0" total="1966080" percent="0" />
      <mem type="survivor" free="0" total="262144" percent="0" />
    </mem>
    <mem type="tenure" free="2042731976" total="2090401792" percent="97">
      <mem type="soa" free="1938212296" total="1985882112" percent="97" />
      <mem type="loa" free="104519680" total="104519680" percent="100" />
    </mem>
    <remembered-set count="147" />
  </mem-info>
</gc-start>
<allocation-stats totalBytes="1926728" >
  <allocated-bytes non-tlh="24" tlh="1926704" />
  <largest-consumer threadName="PmdThread 2" threadId="000000000251D800" bytes="1926728" />
</allocation-stats>
<gc-op id="3456" type="scavenge" timems="0.200" contextid="3453" timestamp="2019-06-15T03:58:16.878">
  <scavenger-info tenureage="3" tenuremask="c048" tiltratio="88" />
  <memory-copied type="nursery" objects="16" bytes="408" bytesdiscarded="38760" />
  <memory-copied type="tenure" objects="464" bytes="22160" bytesdiscarded="0" />
</gc-op>
<gc-end id="3457" type="scavenge" contextid="3453" durationms="0.563" usertimems="0.000" systemtimems="0.000" timestamp="2019-06-15T03:58:16.878" activeThreads="4">
  <mem-info id="3458" free="2044658888" total="2092630016" percent="97">
    <mem type="nursery" free="1926912" total="2228224" percent="86">
      <mem type="allocate" free="1926912" total="1966080" percent="98" />
      <mem type="survivor" free="0" total="262144" percent="0" />
    </mem>
    <mem type="tenure" free="2042731976" total="2090401792" percent="97">
      <mem type="soa" free="1938212296" total="1985882112" percent="97" />
      <mem type="loa" free="104519680" total="104519680" percent="100" />
    </mem>
    <remembered-set count="77" />
  </mem-info>
</gc-end>
<cycle-end id="3459" type="scavenge" contextid="3453" timestamp="2019-06-15T03:58:16.878" />
  <attribute name="elasticGC enabled" value="1" />
  <attribute name= "numThreadsSpecified" value="4" />
  <attribute name="heapSize specified" value="8519680" />
  <attribute name="Current GC Util" value="10" />
  <attribute name= "Current Time Running" value="3383" />
  <attribute name ="GC Interval" value="200" />
  <attribute name="ProportionalT" value="-5.000000" />
  <attribute name="ProportionalI" value="-5.000000" />
  <attribute name="ProportionalH" value="-5.000000" />
  <attribute name="Current Error" value="-10.000000" />
  <attribute name="IntegralT" value="-50.000000" />
  <attribute name="IntegralI" value="-50.000000" />
  <attribute name="IntegralH" value="-50.000000" />
  <attribute name="DerivativeT" value="-3.000000" />
  <attribute name="DerivativeI" value="-3.000000" />
  <attribute name="DerivativeH" value="-3.000000" />
  <attribute name="Loop Time for DT" value="5.000000" />
  <attribute name="Output H" value="2092630016"/>
  <attribute name="Output I" value="200"/>
  <attribute name="Output T" value="4"/>
  <attribute name="Target GC Util Change" value ="20.000000" />
  <attribute name="Current GC Util Change" value="10.000000"/>
  <attribute name="GC Util currently" value="10" />
  <attribute name="CPU Util currently" value="1017499893550" />
<allocation-satisfied id="3460" threadId="000000000251D800" bytesRequested="24" />
<af-end id="3461" timestamp="2019-06-15T03:58:16.878" threadId="000000000251E188" success="true" from="nursery"/>
<exclusive-end id="3462" timestamp="2019-06-15T03:58:16.878" durationms="1.024" />

<exclusive-start id="3463" timestamp="2019-06-15T03:58:16.880" intervalms="3.220">
  <response-info timems="0.058" idlems="0.058" threads="0" lastid="000000000251D800" lastname="PmdThread 2" />
</exclusive-start>
<af-start id="3464" threadId="000000000251E188" totalBytesRequested="16" timestamp="2019-06-15T03:58:16.880" intervalms="3.219" type="nursery" />
<cycle-start id="3465" type="scavenge" contextid="0" timestamp="2019-06-15T03:58:16.880" intervalms="3.220" />
<gc-start id="3466" type="scavenge" contextid="3465" timestamp="2019-06-15T03:58:16.881">
  <mem-info id="3467" free="2042731976" total="2092630016" percent="97">
    <mem type="nursery" free="0" total="2228224" percent="0">
      <mem type="allocate" free="0" total="1966080" percent="0" />
      <mem type="survivor" free="0" total="262144" percent="0" />
    </mem>
    <mem type="tenure" free="2042731976" total="2090401792" percent="97">
      <mem type="soa" free="1938212296" total="1985882112" percent="97" />
      <mem type="loa" free="104519680" total="104519680" percent="100" />
    </mem>
    <remembered-set count="77" />
  </mem-info>
</gc-start>
<allocation-stats totalBytes="1926664" >
  <allocated-bytes non-tlh="24" tlh="1926640" />
  <largest-consumer threadName="PmdThread 2" threadId="000000000251D800" bytes="1926664" />
</allocation-stats>
<gc-op id="3468" type="scavenge" timems="0.152" contextid="3465" timestamp="2019-06-15T03:58:16.881">
  <scavenger-info tenureage="3" tenuremask="ff68" tiltratio="88" />
  <memory-copied type="nursery" objects="8" bytes="184" bytesdiscarded="38984" />
</gc-op>
<gc-end id="3469" type="scavenge" contextid="3465" durationms="0.502" usertimems="0.000" systemtimems="0.000" timestamp="2019-06-15T03:58:16.881" activeThreads="4">
  <mem-info id="3470" free="2044658888" total="2092630016" percent="97">
    <mem type="nursery" free="1926912" total="2228224" percent="86">
      <mem type="allocate" free="1926912" total="1966080" percent="98" />
      <mem type="survivor" free="0" total="262144" percent="0" />
    </mem>
    <mem type="tenure" free="2042731976" total="2090401792" percent="97">
      <mem type="soa" free="1938212296" total="1985882112" percent="97" />
      <mem type="loa" free="104519680" total="104519680" percent="100" />
    </mem>
    <remembered-set count="77" />
  </mem-info>
</gc-end>
<cycle-end id="3471" type="scavenge" contextid="3465" timestamp="2019-06-15T03:58:16.881" />
  <attribute name="elasticGC enabled" value="1" />
  <attribute name= "numThreadsSpecified" value="4" />
  <attribute name="heapSize specified" value="8519680" />
  <attribute name="Current GC Util" value="14" />
  <attribute name= "Current Time Running" value="3386" />
  <attribute name ="GC Interval" value="200" />
  <attribute name="ProportionalT" value="-3.000000" />
  <attribute name="ProportionalI" value="-3.000000" />
  <attribute name="ProportionalH" value="-3.000000" />
  <attribute name="Current Error" value="-6.000000" />
  <attribute name="IntegralT" value="-18.000000" />
  <attribute name="IntegralI" value="-18.000000" />
  <attribute name="IntegralH" value="-18.000000" />
  <attribute name="DerivativeT" value="-3.000000" />
  <attribute name="DerivativeI" value="-3.000000" />
  <attribute name="DerivativeH" value="-3.000000" />
  <attribute name="Loop Time for DT" value="3.000000" />
  <attribute name="Output H" value="2092630016"/>
  <attribute name="Output I" value="200"/>
  <attribute name="Output T" value="4"/>
  <attribute name="Target GC Util Change" value ="20.000000" />
  <attribute name="Current GC Util Change" value="14.000000"/>
  <attribute name="GC Util currently" value="14" />
  <attribute name="CPU Util currently" value="1437032529102" />
<allocation-satisfied id="3472" threadId="000000000251D800" bytesRequested="16" />
<af-end id="3473" timestamp="2019-06-15T03:58:16.881" threadId="000000000251E188" success="true" from="nursery"/>
<exclusive-end id="3474" timestamp="2019-06-15T03:58:16.881" durationms="0.969" />

<exclusive-start id="3475" timestamp="2019-06-15T03:58:16.884" intervalms="3.278">
  <response-info timems="0.079" idlems="0.079" threads="0" lastid="000000000251D800" lastname="PmdThread 2" />
</exclusive-start>
<af-start id="3476" threadId="000000000251E188" totalBytesRequested="24" timestamp="2019-06-15T03:58:16.884" intervalms="3.277" type="nursery" />
<cycle-start id="3477" type="scavenge" contextid="0" timestamp="2019-06-15T03:58:16.884" intervalms="3.278" />
<gc-start id="3478" type="scavenge" contextid="3477" timestamp="2019-06-15T03:58:16.884">
  <mem-info id="3479" free="2042731976" total="2092630016" percent="97">
    <mem type="nursery" free="0" total="2228224" percent="0">
      <mem type="allocate" free="0" total="1966080" percent="0" />
      <mem type="survivor" free="0" total="262144" percent="0" />
    </mem>
    <mem type="tenure" free="2042731976" total="2090401792" percent="97">
      <mem type="soa" free="1938212296" total="1985882112" percent="97" />
      <mem type="loa" free="104519680" total="104519680" percent="100" />
    </mem>
    <remembered-set count="77" />
  </mem-info>
</gc-start>
<allocation-stats totalBytes="1926720" >
  <allocated-bytes non-tlh="16" tlh="1926704" />
  <largest-consumer threadName="PmdThread 2" threadId="000000000251D800" bytes="1926720" />
</allocation-stats>
<gc-op id="3480" type="scavenge" timems="0.161" contextid="3477" timestamp="2019-06-15T03:58:16.884">
  <scavenger-info tenureage="3" tenuremask="fff8" tiltratio="88" />
  <memory-copied type="nursery" objects="11" bytes="272" bytesdiscarded="38896" />
</gc-op>
<gc-end id="3481" type="scavenge" contextid="3477" durationms="0.508" usertimems="4.000" systemtimems="0.000" timestamp="2019-06-15T03:58:16.884" activeThreads="4">
  <mem-info id="3482" free="2044658888" total="2092630016" percent="97">
    <mem type="nursery" free="1926912" total="2228224" percent="86">
      <mem type="allocate" free="1926912" total="1966080" percent="98" />
      <mem type="survivor" free="0" total="262144" percent="0" />
    </mem>
    <mem type="tenure" free="2042731976" total="2090401792" percent="97">
      <mem type="soa" free="1938212296" total="1985882112" percent="97" />
      <mem type="loa" free="104519680" total="104519680" percent="100" />
    </mem>
    <remembered-set count="77" />
  </mem-info>
</gc-end>
<cycle-end id="3483" type="scavenge" contextid="3477" timestamp="2019-06-15T03:58:16.884" />
  <attribute name="elasticGC enabled" value="1" />
  <attribute name= "numThreadsSpecified" value="4" />
  <attribute name="heapSize specified" value="8519680" />
  <attribute name="Current GC Util" value="12" />
  <attribute name= "Current Time Running" value="3389" />
  <attribute name ="GC Interval" value="200" />
  <attribute name="ProportionalT" value="-4.000000" />
  <attribute name="ProportionalI" value="-4.000000" />
  <attribute name="ProportionalH" value="-4.000000" />
  <attribute name="Current Error" value="-8.000000" />
  <attribute name="IntegralT" value="-24.000000" />
  <attribute name="IntegralI" value="-24.000000" />
  <attribute name="IntegralH" value="-24.000000" />
  <attribute name="DerivativeT" value="-4.000000" />
  <attribute name="DerivativeI" value="-4.000000" />
  <attribute name="DerivativeH" value="-4.000000" />
  <attribute name="Loop Time for DT" value="3.000000" />
  <attribute name="Output H" value="2092630016"/>
  <attribute name="Output I" value="200"/>
  <attribute name="Output T" value="4"/>
  <attribute name="Target GC Util Change" value ="20.000000" />
  <attribute name="Current GC Util Change" value="12.000000"/>
  <attribute name="GC Util currently" value="12" />
  <attribute name="CPU Util currently" value="1407927855043" />
<allocation-satisfied id="3484" threadId="000000000251D800" bytesRequested="24" />
<af-end id="3485" timestamp="2019-06-15T03:58:16.885" threadId="000000000251E188" success="true" from="nursery"/>
<exclusive-end id="3486" timestamp="2019-06-15T03:58:16.885" durationms="0.979" />

<exclusive-start id="3487" timestamp="2019-06-15T03:58:16.887" intervalms="3.259">
  <response-info timems="0.052" idlems="0.052" threads="0" lastid="000000000251D800" lastname="PmdThread 2" />
</exclusive-start>
<af-start id="3488" threadId="000000000251E188" totalBytesRequested="16" timestamp="2019-06-15T03:58:16.887" intervalms="3.258" type="nursery" />
<cycle-start id="3489" type="scavenge" contextid="0" timestamp="2019-06-15T03:58:16.887" intervalms="3.260" />
<gc-start id="3490" type="scavenge" contextid="3489" timestamp="2019-06-15T03:58:16.887">
  <mem-info id="3491" free="2042731976" total="2092630016" percent="97">
    <mem type="nursery" free="0" total="2228224" percent="0">
      <mem type="allocate" free="0" total="1966080" percent="0" />
      <mem type="survivor" free="0" total="262144" percent="0" />
    </mem>
    <mem type="tenure" free="2042731976" total="2090401792" percent="97">
      <mem type="soa" free="1938212296" total="1985882112" percent="97" />
      <mem type="loa" free="104519680" total="104519680" percent="100" />
    </mem>
    <remembered-set count="77" />
  </mem-info>
</gc-start>
<allocation-stats totalBytes="1926760" >
  <allocated-bytes non-tlh="24" tlh="1926736" />
  <largest-consumer threadName="PmdThread 2" threadId="000000000251D800" bytes="1926760" />
</allocation-stats>
<gc-op id="3492" type="scavenge" timems="0.173" contextid="3489" timestamp="2019-06-15T03:58:16.887">
  <scavenger-info tenureage="3" tenuremask="fff8" tiltratio="88" />
  <memory-copied type="nursery" objects="22" bytes="512" bytesdiscarded="38656" />
  <memory-copied type="tenure" objects="1" bytes="24" bytesdiscarded="0" />
</gc-op>
<gc-end id="3493" type="scavenge" contextid="3489" durationms="0.528" usertimems="0.000" systemtimems="0.000" timestamp="2019-06-15T03:58:16.888" activeThreads="4">
  <mem-info id="3494" free="2044658888" total="2092630016" percent="97">
    <mem type="nursery" free="1926912" total="2228224" percent="86">
      <mem type="allocate" free="1926912" total="1966080" percent="98" />
      <mem type="survivor" free="0" total="262144" percent="0" />
    </mem>
    <mem type="tenure" free="2042731976" total="2090401792" percent="97">
      <mem type="soa" free="1938212296" total="1985882112" percent="97" />
      <mem type="loa" free="104519680" total="104519680" percent="100" />
    </mem>
    <remembered-set count="78" />
  </mem-info>
</gc-end>
<cycle-end id="3495" type="scavenge" contextid="3489" timestamp="2019-06-15T03:58:16.888" />
  <attribute name="elasticGC enabled" value="1" />
  <attribute name= "numThreadsSpecified" value="4" />
  <attribute name="heapSize specified" value="8519680" />
  <attribute name="Current GC Util" value="12" />
  <attribute name= "Current Time Running" value="3393" />
  <attribute name ="GC Interval" value="200" />
  <attribute name="ProportionalT" value="-4.000000" />
  <attribute name="ProportionalI" value="-4.000000" />
  <attribute name="ProportionalH" value="-4.000000" />
  <attribute name="Current Error" value="-8.000000" />
  <attribute name="IntegralT" value="-32.000000" />
  <attribute name="IntegralI" value="-32.000000" />
  <attribute name="IntegralH" value="-32.000000" />
  <attribute name="DerivativeT" value="-3.000000" />
  <attribute name="DerivativeI" value="-3.000000" />
  <attribute name="DerivativeH" value="-3.000000" />
  <attribute name="Loop Time for DT" value="4.000000" />
  <attribute name="Output H" value="2092630016"/>
  <attribute name="Output I" value="200"/>
  <attribute name="Output T" value="4"/>
  <attribute name="Target GC Util Change" value ="20.000000" />
  <attribute name="Current GC Util Change" value="12.000000"/>
  <attribute name="GC Util currently" value="12" />
  <attribute name="CPU Util currently" value="1413644991624" />
<allocation-satisfied id="3496" threadId="000000000251D800" bytesRequested="16" />
<af-end id="3497" timestamp="2019-06-15T03:58:16.888" threadId="000000000251E188" success="true" from="nursery"/>
<exclusive-end id="3498" timestamp="2019-06-15T03:58:16.888" durationms="0.978" />

<exclusive-start id="3499" timestamp="2019-06-15T03:58:16.890" intervalms="3.092">
  <response-info timems="0.030" idlems="0.030" threads="0" lastid="000000000251D800" lastname="PmdThread 2" />
</exclusive-start>
<af-start id="3500" threadId="000000000251E188" totalBytesRequested="24" timestamp="2019-06-15T03:58:16.890" intervalms="3.092" type="nursery" />
<cycle-start id="3501" type="scavenge" contextid="0" timestamp="2019-06-15T03:58:16.890" intervalms="3.089" />
<gc-start id="3502" type="scavenge" contextid="3501" timestamp="2019-06-15T03:58:16.890">
  <mem-info id="3503" free="2042731976" total="2092630016" percent="97">
    <mem type="nursery" free="0" total="2228224" percent="0">
      <mem type="allocate" free="0" total="1966080" percent="0" />
      <mem type="survivor" free="0" total="262144" percent="0" />
    </mem>
    <mem type="tenure" free="2042731976" total="2090401792" percent="97">
      <mem type="soa" free="1938212296" total="1985882112" percent="97" />
      <mem type="loa" free="104519680" total="104519680" percent="100" />
    </mem>
    <remembered-set count="78" />
  </mem-info>
</gc-start>
<allocation-stats totalBytes="1926656" >
  <allocated-bytes non-tlh="16" tlh="1926640" />
  <largest-consumer threadName="PmdThread 2" threadId="000000000251D800" bytes="1926656" />
</allocation-stats>
<gc-op id="3504" type="scavenge" timems="0.148" contextid="3501" timestamp="2019-06-15T03:58:16.890">
  <scavenger-info tenureage="3" tenuremask="ffe8" tiltratio="88" />
  <memory-copied type="nursery" objects="16" bytes="376" bytesdiscarded="38792" />
</gc-op>
<gc-end id="3505" type="scavenge" contextid="3501" durationms="0.503" usertimems="0.000" systemtimems="0.000" timestamp="2019-06-15T03:58:16.891" activeThreads="4">
  <mem-info id="3506" free="2044658888" total="2092630016" percent="97">
    <mem type="nursery" free="1926912" total="2228224" percent="86">
      <mem type="allocate" free="1926912" total="1966080" percent="98" />
      <mem type="survivor" free="0" total="262144" percent="0" />
    </mem>
    <mem type="tenure" free="2042731976" total="2090401792" percent="97">
      <mem type="soa" free="1938212296" total="1985882112" percent="97" />
      <mem type="loa" free="104519680" total="104519680" percent="100" />
    </mem>
    <remembered-set count="78" />
  </mem-info>
</gc-end>
<cycle-end id="3507" type="scavenge" contextid="3501" timestamp="2019-06-15T03:58:16.891" />
  <attribute name="elasticGC enabled" value="1" />
  <attribute name= "numThreadsSpecified" value="4" />
  <attribute name="heapSize specified" value="8519680" />
  <attribute name="Current GC Util" value="15" />
  <attribute name= "Current Time Running" value="3396" />
  <attribute name ="GC Interval" value="200" />
  <attribute name="ProportionalT" value="-2.500000" />
  <attribute name="ProportionalI" value="-2.500000" />
  <attribute name="ProportionalH" value="-2.500000" />
  <attribute name="Current Error" value="-5.000000" />
  <attribute name="IntegralT" value="-15.000000" />
  <attribute name="IntegralI" value="-15.000000" />
  <attribute name="IntegralH" value="-15.000000" />
  <attribute name="DerivativeT" value="-2.500000" />
  <attribute name="DerivativeI" value="-2.500000" />
  <attribute name="DerivativeH" value="-2.500000" />
  <attribute name="Loop Time for DT" value="3.000000" />
  <attribute name="Output H" value="2092630016"/>
  <attribute name="Output I" value="200"/>
  <attribute name="Output T" value="4"/>
  <attribute name="Target GC Util Change" value ="20.000000" />
  <attribute name="Current GC Util Change" value="15.000000"/>
  <attribute name="GC Util currently" value="15" />
  <attribute name="CPU Util currently" value="1493324911756" />
<allocation-satisfied id="3508" threadId="000000000251D800" bytesRequested="24" />
<af-end id="3509" timestamp="2019-06-15T03:58:16.891" threadId="000000000251E188" success="true" from="nursery"/>
<exclusive-end id="3510" timestamp="2019-06-15T03:58:16.891" durationms="0.969" />

<exclusive-start id="3511" timestamp="2019-06-15T03:58:16.894" intervalms="3.814">
  <response-info timems="0.070" idlems="0.070" threads="0" lastid="000000000251D800" lastname="PmdThread 2" />
</exclusive-start>
<af-start id="3512" threadId="000000000251E188" totalBytesRequested="16" timestamp="2019-06-15T03:58:16.894" intervalms="3.811" type="nursery" />
<cycle-start id="3513" type="scavenge" contextid="0" timestamp="2019-06-15T03:58:16.894" intervalms="3.810" />
<gc-start id="3514" type="scavenge" contextid="3513" timestamp="2019-06-15T03:58:16.894">
  <mem-info id="3515" free="2042731976" total="2092630016" percent="97">
    <mem type="nursery" free="0" total="2228224" percent="0">
      <mem type="allocate" free="0" total="1966080" percent="0" />
      <mem type="survivor" free="0" total="262144" percent="0" />
    </mem>
    <mem type="tenure" free="2042731976" total="2090401792" percent="97">
      <mem type="soa" free="1938212296" total="1985882112" percent="97" />
      <mem type="loa" free="104519680" total="104519680" percent="100" />
    </mem>
    <remembered-set count="78" />
  </mem-info>
</gc-start>
<allocation-stats totalBytes="1926744" >
  <allocated-bytes non-tlh="24" tlh="1926720" />
  <largest-consumer threadName="PmdThread 2" threadId="000000000251D800" bytes="1926744" />
</allocation-stats>
<gc-op id="3516" type="scavenge" timems="0.154" contextid="3513" timestamp="2019-06-15T03:58:16.894">
  <scavenger-info tenureage="3" tenuremask="fff8" tiltratio="88" />
  <memory-copied type="nursery" objects="31" bytes="776" bytesdiscarded="38392" />
</gc-op>
<gc-end id="3517" type="scavenge" contextid="3513" durationms="0.509" usertimems="0.000" systemtimems="0.000" timestamp="2019-06-15T03:58:16.894" activeThreads="4">
  <mem-info id="3518" free="2044658888" total="2092630016" percent="97">
    <mem type="nursery" free="1926912" total="2228224" percent="86">
      <mem type="allocate" free="1926912" total="1966080" percent="98" />
      <mem type="survivor" free="0" total="262144" percent="0" />
    </mem>
    <mem type="tenure" free="2042731976" total="2090401792" percent="97">
      <mem type="soa" free="1938212296" total="1985882112" percent="97" />
      <mem type="loa" free="104519680" total="104519680" percent="100" />
    </mem>
    <remembered-set count="78" />
  </mem-info>
</gc-end>
<cycle-end id="3519" type="scavenge" contextid="3513" timestamp="2019-06-15T03:58:16.895" />
  <attribute name="elasticGC enabled" value="1" />
  <attribute name= "numThreadsSpecified" value="4" />
  <attribute name="heapSize specified" value="8519680" />
  <attribute name="Current GC Util" value="10" />
  <attribute name= "Current Time Running" value="3399" />
  <attribute name ="GC Interval" value="200" />
  <attribute name="ProportionalT" value="-5.000000" />
  <attribute name="ProportionalI" value="-5.000000" />
  <attribute name="ProportionalH" value="-5.000000" />
  <attribute name="Current Error" value="-10.000000" />
  <attribute name="IntegralT" value="-30.000000" />
  <attribute name="IntegralI" value="-30.000000" />
  <attribute name="IntegralH" value="-30.000000" />
  <attribute name="DerivativeT" value="-5.000000" />
  <attribute name="DerivativeI" value="-5.000000" />
  <attribute name="DerivativeH" value="-5.000000" />
  <attribute name="Loop Time for DT" value="3.000000" />
  <attribute name="Output H" value="2092630016"/>
  <attribute name="Output I" value="200"/>
  <attribute name="Output T" value="4"/>
  <attribute name="Target GC Util Change" value ="20.000000" />
  <attribute name="Current GC Util Change" value="10.000000"/>
  <attribute name="GC Util currently" value="10" />
  <attribute name="CPU Util currently" value="1209127170055" />
<allocation-satisfied id="3520" threadId="000000000251D800" bytesRequested="16" />
<af-end id="3521" timestamp="2019-06-15T03:58:16.895" threadId="000000000251E188" success="true" from="nursery"/>
<exclusive-end id="3522" timestamp="2019-06-15T03:58:16.895" durationms="0.977" />

<exclusive-start id="3523" timestamp="2019-06-15T03:58:16.898" intervalms="3.853">
  <response-info timems="0.070" idlems="0.070" threads="0" lastid="000000000251D800" lastname="PmdThread 2" />
</exclusive-start>
<af-start id="3524" threadId="000000000251E188" totalBytesRequested="16" timestamp="2019-06-15T03:58:16.898" intervalms="3.846" type="nursery" />
<cycle-start id="3525" type="scavenge" contextid="0" timestamp="2019-06-15T03:58:16.898" intervalms="3.850" />
<gc-start id="3526" type="scavenge" contextid="3525" timestamp="2019-06-15T03:58:16.898">
  <mem-info id="3527" free="2042731976" total="2092630016" percent="97">
    <mem type="nursery" free="0" total="2228224" percent="0">
      <mem type="allocate" free="0" total="1966080" percent="0" />
      <mem type="survivor" free="0" total="262144" percent="0" />
    </mem>
    <mem type="tenure" free="2042731976" total="2090401792" percent="97">
      <mem type="soa" free="1938212296" total="1985882112" percent="97" />
      <mem type="loa" free="104519680" total="104519680" percent="100" />
    </mem>
    <remembered-set count="78" />
  </mem-info>
</gc-start>
<allocation-stats totalBytes="1926592" >
  <allocated-bytes non-tlh="16" tlh="1926576" />
  <largest-consumer threadName="PmdThread 2" threadId="000000000251D800" bytes="1926592" />
</allocation-stats>
<gc-op id="3528" type="scavenge" timems="0.145" contextid="3525" timestamp="2019-06-15T03:58:16.898">
  <scavenger-info tenureage="3" tenuremask="fff8" tiltratio="88" />
  <memory-copied type="nursery" objects="8" bytes="184" bytesdiscarded="38984" />
</gc-op>
<gc-end id="3529" type="scavenge" contextid="3525" durationms="0.499" usertimems="0.000" systemtimems="0.000" timestamp="2019-06-15T03:58:16.898" activeThreads="4">
  <mem-info id="3530" free="2044658888" total="2092630016" percent="97">
    <mem type="nursery" free="1926912" total="2228224" percent="86">
      <mem type="allocate" free="1926912" total="1966080" percent="98" />
      <mem type="survivor" free="0" total="262144" percent="0" />
    </mem>
    <mem type="tenure" free="2042731976" total="2090401792" percent="97">
      <mem type="soa" free="1938212296" total="1985882112" percent="97" />
      <mem type="loa" free="104519680" total="104519680" percent="100" />
    </mem>
    <remembered-set count="77" />
  </mem-info>
</gc-end>
<cycle-end id="3531" type="scavenge" contextid="3525" timestamp="2019-06-15T03:58:16.898" />
  <attribute name="elasticGC enabled" value="1" />
  <attribute name= "numThreadsSpecified" value="4" />
  <attribute name="heapSize specified" value="8519680" />
  <attribute name="Current GC Util" value="10" />
  <attribute name= "Current Time Running" value="3403" />
  <attribute name ="GC Interval" value="200" />
  <attribute name="ProportionalT" value="-5.000000" />
  <attribute name="ProportionalI" value="-5.000000" />
  <attribute name="ProportionalH" value="-5.000000" />
  <attribute name="Current Error" value="-10.000000" />
  <attribute name="IntegralT" value="-40.000000" />
  <attribute name="IntegralI" value="-40.000000" />
  <attribute name="IntegralH" value="-40.000000" />
  <attribute name="DerivativeT" value="-3.750000" />
  <attribute name="DerivativeI" value="-3.750000" />
  <attribute name="DerivativeH" value="-3.750000" />
  <attribute name="Loop Time for DT" value="4.000000" />
  <attribute name="Output H" value="2092630016"/>
  <attribute name="Output I" value="200"/>
  <attribute name="Output T" value="4"/>
  <attribute name="Target GC Util Change" value ="20.000000" />
  <attribute name="Current GC Util Change" value="10.000000"/>
  <attribute name="GC Util currently" value="10" />
  <attribute name="CPU Util currently" value="1198154216082" />
<allocation-satisfied id="3532" threadId="000000000251D800" bytesRequested="16" />
<af-end id="3533" timestamp="2019-06-15T03:58:16.899" threadId="000000000251E188" success="true" from="nursery"/>
<exclusive-end id="3534" timestamp="2019-06-15T03:58:16.899" durationms="0.964" />

<exclusive-start id="3535" timestamp="2019-06-15T03:58:16.901" intervalms="3.452">
  <response-info timems="0.026" idlems="0.026" threads="0" lastid="000000000251D800" lastname="PmdThread 2" />
</exclusive-start>
<af-start id="3536" threadId="000000000251E188" totalBytesRequested="32" timestamp="2019-06-15T03:58:16.901" intervalms="3.460" type="nursery" />
<cycle-start id="3537" type="scavenge" contextid="0" timestamp="2019-06-15T03:58:16.901" intervalms="3.459" />
<gc-start id="3538" type="scavenge" contextid="3537" timestamp="2019-06-15T03:58:16.901">
  <mem-info id="3539" free="2042731976" total="2092630016" percent="97">
    <mem type="nursery" free="0" total="2228224" percent="0">
      <mem type="allocate" free="0" total="1966080" percent="0" />
      <mem type="survivor" free="0" total="262144" percent="0" />
    </mem>
    <mem type="tenure" free="2042731976" total="2090401792" percent="97">
      <mem type="soa" free="1938212296" total="1985882112" percent="97" />
      <mem type="loa" free="104519680" total="104519680" percent="100" />
    </mem>
    <remembered-set count="77" />
  </mem-info>
</gc-start>
<allocation-stats totalBytes="1926736" >
  <allocated-bytes non-tlh="16" tlh="1926720" />
  <largest-consumer threadName="PmdThread 2" threadId="000000000251D800" bytes="1926736" />
</allocation-stats>
<gc-op id="3540" type="scavenge" timems="0.142" contextid="3537" timestamp="2019-06-15T03:58:16.902">
  <scavenger-info tenureage="3" tenuremask="fff8" tiltratio="88" />
  <memory-copied type="nursery" objects="7" bytes="152" bytesdiscarded="39016" />
</gc-op>
<gc-end id="3541" type="scavenge" contextid="3537" durationms="0.499" usertimems="4.000" systemtimems="0.000" timestamp="2019-06-15T03:58:16.902" activeThreads="4">
  <mem-info id="3542" free="2044658888" total="2092630016" percent="97">
    <mem type="nursery" free="1926912" total="2228224" percent="86">
      <mem type="allocate" free="1926912" total="1966080" percent="98" />
      <mem type="survivor" free="0" total="262144" percent="0" />
    </mem>
    <mem type="tenure" free="2042731976" total="2090401792" percent="97">
      <mem type="soa" free="1938212296" total="1985882112" percent="97" />
      <mem type="loa" free="104519680" total="104519680" percent="100" />
    </mem>
    <remembered-set count="77" />
  </mem-info>
</gc-end>
<cycle-end id="3543" type="scavenge" contextid="3537" timestamp="2019-06-15T03:58:16.902" />
  <attribute name="elasticGC enabled" value="1" />
  <attribute name= "numThreadsSpecified" value="4" />
  <attribute name="heapSize specified" value="8519680" />
  <attribute name="Current GC Util" value="11" />
  <attribute name= "Current Time Running" value="3407" />
  <attribute name ="GC Interval" value="200" />
  <attribute name="ProportionalT" value="-4.500000" />
  <attribute name="ProportionalI" value="-4.500000" />
  <attribute name="ProportionalH" value="-4.500000" />
  <attribute name="Current Error" value="-9.000000" />
  <attribute name="IntegralT" value="-36.000000" />
  <attribute name="IntegralI" value="-36.000000" />
  <attribute name="IntegralH" value="-36.000000" />
  <attribute name="DerivativeT" value="-3.375000" />
  <attribute name="DerivativeI" value="-3.375000" />
  <attribute name="DerivativeH" value="-3.375000" />
  <attribute name="Loop Time for DT" value="4.000000" />
  <attribute name="Output H" value="2092630016"/>
  <attribute name="Output I" value="200"/>
  <attribute name="Output T" value="4"/>
  <attribute name="Target GC Util Change" value ="20.000000" />
  <attribute name="Current GC Util Change" value="11.000000"/>
  <attribute name="GC Util currently" value="11" />
  <attribute name="CPU Util currently" value="1331415369672" />
<allocation-satisfied id="3544" threadId="000000000251D800" bytesRequested="32" />
<af-end id="3545" timestamp="2019-06-15T03:58:16.902" threadId="000000000251E188" success="true" from="nursery"/>
<exclusive-end id="3546" timestamp="2019-06-15T03:58:16.902" durationms="0.960" />

<exclusive-start id="3547" timestamp="2019-06-15T03:58:16.933" intervalms="31.754">
  <response-info timems="0.089" idlems="0.089" threads="0" lastid="000000000251D800" lastname="PmdThread 2" />
</exclusive-start>
<af-start id="3548" threadId="000000000251E188" totalBytesRequested="80" timestamp="2019-06-15T03:58:16.933" intervalms="31.865" type="nursery" />
<cycle-start id="3549" type="scavenge" contextid="0" timestamp="2019-06-15T03:58:16.933" intervalms="31.921" />
<gc-start id="3550" type="scavenge" contextid="3549" timestamp="2019-06-15T03:58:16.933">
  <mem-info id="3551" free="2042731976" total="2092630016" percent="97">
    <mem type="nursery" free="0" total="2228224" percent="0">
      <mem type="allocate" free="0" total="1966080" percent="0" />
      <mem type="survivor" free="0" total="262144" percent="0" />
    </mem>
    <mem type="tenure" free="2042731976" total="2090401792" percent="97">
      <mem type="soa" free="1938212296" total="1985882112" percent="97" />
      <mem type="loa" free="104519680" total="104519680" percent="100" />
    </mem>
    <remembered-set count="189" />
  </mem-info>
</gc-start>
<allocation-stats totalBytes="1926656" >
  <allocated-bytes non-tlh="32" tlh="1926624" />
  <largest-consumer threadName="PmdThread 2" threadId="000000000251D800" bytes="1926656" />
</allocation-stats>
<gc-op id="3552" type="scavenge" timems="0.262" contextid="3549" timestamp="2019-06-15T03:58:16.934">
  <scavenger-info tenureage="3" tenuremask="fff8" tiltratio="88" />
  <memory-copied type="nursery" objects="119" bytes="1984" bytesdiscarded="76352" />
</gc-op>
<gc-end id="3553" type="scavenge" contextid="3549" durationms="0.733" usertimems="0.000" systemtimems="0.000" timestamp="2019-06-15T03:58:16.934" activeThreads="4">
  <mem-info id="3554" free="2044619720" total="2092630016" percent="97">
    <mem type="nursery" free="1887744" total="2228224" percent="84">
      <mem type="allocate" free="1887744" total="1966080" percent="96" />
      <mem type="survivor" free="0" total="262144" percent="0" />
    </mem>
    <mem type="tenure" free="2042731976" total="2090401792" percent="97">
      <mem type="soa" free="1938212296" total="1985882112" percent="97" />
      <mem type="loa" free="104519680" total="104519680" percent="100" />
    </mem>
    <remembered-set count="189" />
  </mem-info>
</gc-end>
<cycle-end id="3555" type="scavenge" contextid="3549" timestamp="2019-06-15T03:58:16.934" />
  <attribute name="elasticGC enabled" value="1" />
  <attribute name= "numThreadsSpecified" value="4" />
  <attribute name="heapSize specified" value="8519680" />
  <attribute name="Current GC Util" value="1" />
  <attribute name= "Current Time Running" value="3439" />
  <attribute name ="GC Interval" value="200" />
  <attribute name="ProportionalT" value="-9.500000" />
  <attribute name="ProportionalI" value="-9.500000" />
  <attribute name="ProportionalH" value="-9.500000" />
  <attribute name="Current Error" value="-19.000000" />
  <attribute name="IntegralT" value="-608.000000" />
  <attribute name="IntegralI" value="-608.000000" />
  <attribute name="IntegralH" value="-608.000000" />
  <attribute name="DerivativeT" value="-0.890625" />
  <attribute name="DerivativeI" value="-0.890625" />
  <attribute name="DerivativeH" value="-0.890625" />
  <attribute name="Loop Time for DT" value="32.000000" />
  <attribute name="Output H" value="2092630016"/>
  <attribute name="Output I" value="200"/>
  <attribute name="Output T" value="4"/>
  <attribute name="Target GC Util Change" value ="20.000000" />
  <attribute name="Current GC Util Change" value="1.000000"/>
  <attribute name="GC Util currently" value="1" />
  <attribute name="CPU Util currently" value="143725623484" />
<allocation-satisfied id="3556" threadId="000000000251D800" bytesRequested="80" />
<af-end id="3557" timestamp="2019-06-15T03:58:16.934" threadId="000000000251E188" success="true" from="nursery"/>
<exclusive-end id="3558" timestamp="2019-06-15T03:58:16.934" durationms="1.503" />

</verbosegc>

