<?xml version="1.0" ?>

<verbosegc xmlns="http://www.ibm.com/j9/verbosegc" version="10b4217_CMPRSS">

<initialized id="1" timestamp="2019-06-14T22:14:52.962">
  <attribute name="gcPolicy" value="-Xgcpolicy:optavgpause" />
  <attribute name="elasticGC enabled" value="1" />
  <attribute name= "numThreadsSpecified" value="0" />
  <attribute name="heapSize specified" value="0" />
  <attribute name="Current GC Util" value="0" />
  <attribute name= "Current Time Running" value="0" />
  <attribute name ="GC Interval" value="0" />
  <attribute name="ProportionalT" value="0.000000" />
  <attribute name="ProportionalI" value="0.000000" />
  <attribute name="ProportionalH" value="0.000000" />
  <attribute name="IntegralT" value="0.000000" />
  <attribute name="IntegralI" value="0.000000" />
  <attribute name="IntegralH" value="0.000000" />
  <attribute name="DerivativeT" value="0.000000" />
  <attribute name="DerivativeI" value="0.000000" />
  <attribute name="DerivativeH" value="0.000000" />
  <attribute name="Target GC Util Change" value ="0.000000" />
  <attribute name="Current GC Util Change" value="0.000000"/>
  <attribute name="Current Error" value="0.000000" />
  <attribute name="Loop Time for DT" value="0.000000" />
  <attribute name="Output H" value="0"/>
  <attribute name="Output I" value="0"/>
  <attribute name="Output T" value="0"/>
  <attribute name="GC Util currently" value="0" />
  <attribute name="CPU Util currently" value="0" />
  <attribute name="maxHeapSize" value="0x7cbc0000" />
  <attribute name="initialHeapSize" value="0x800000" />
  <attribute name="compressedRefs" value="true" />
  <attribute name="compressedRefsDisplacement" value="0x0" />
  <attribute name="compressedRefsShift" value="0x0" />
  <attribute name="pageSize" value="0x1000" />
  <attribute name="pageType" value="not used" />
  <attribute name="requestedPageSize" value="0x1000" />
  <attribute name="requestedPageType" value="not used" />
  <attribute name="gcthreads" value="4" />
  <attribute name="packetListSplit" value="4" />
  <attribute name="cacheListSplit" value="4" />
  <attribute name="splitFreeListSplitAmount" value="1" />
  <attribute name="numaNodes" value="0" />
  <system>
    <attribute name="physicalMemory" value="8370962432" />
    <attribute name="numCPUs" value="4" />
    <attribute name="architecture" value="amd64" />
    <attribute name="os" value="Linux" />
    <attribute name="osVersion" value="4.4.0-148-generic" />
  </system>
  <vmargs>
    <vmarg name="-Xoptionsfile=/vagrant/jdk/lib/options.default" />
    <vmarg name="-Xlockword:mode=default,noLockword=java/lang/String,noLockword=java/util/MapEntry,noLockword=java/util/HashMap$Entry,noLockword..." />
    <vmarg name="-Xjcl:jclse29" />
    <vmarg name="-Dcom.ibm.oti.vm.bootstrap.library.path=/vagrant/jdk/lib/compressedrefs:/vagrant/jdk/lib" />
    <vmarg name="-Dsun.boot.library.path=/vagrant/jdk/lib/compressedrefs:/vagrant/jdk/lib" />
    <vmarg name="-Djava.library.path=/vagrant/jdk/lib/compressedrefs:/vagrant/jdk/lib:/usr/lib64:/usr/lib" />
    <vmarg name="-Djava.home=/vagrant/jdk" />
    <vmarg name="-Duser.dir=/vagrant" />
    <vmarg name="-Xgcpolicy:optavgpause" />
    <vmarg name="-Xgcelastic" />
    <vmarg name="-Xcheck:gc:::elasticGC" />
    <vmarg name="-verbose:gc" />
    <vmarg name="-Xloggc:large-OPTAVGPAUSE-jdk0.5-1-0.5-verbose10jython.txt" />
    <vmarg name="-Djava.class.path=dacapo-9.12-MR1-bach.jar" />
    <vmarg name="-Dsun.java.command=dacapo-9.12-MR1-bach.jar jython --size=large" />
    <vmarg name="-Dsun.java.launcher=SUN_STANDARD" />
    <vmarg name="-Dsun.java.launcher.pid=25390" />
  </vmargs>
</initialized>

<exclusive-start id="2" timestamp="2019-06-14T22:14:54.267" intervalms="1305.902">
  <response-info timems="0.024" idlems="0.024" threads="0" lastid="0000000000B14700" lastname="main" />
</exclusive-start>
<af-start id="3" threadId="0000000000B15088" totalBytesRequested="2056" timestamp="2019-06-14T22:14:54.268" intervalms="1306.089" />
<cycle-start id="4" type="global" contextid="0" timestamp="2019-06-14T22:14:54.268" intervalms="1306.309" />
<gc-start id="5" type="global" contextid="4" timestamp="2019-06-14T22:14:54.268">
  <mem-info id="6" free="418816" total="8388608" percent="4">
    <mem type="tenure" free="418816" total="8388608" percent="4">
      <mem type="soa" free="0" total="7969792" percent="0" />
      <mem type="loa" free="418816" total="418816" percent="100" />
    </mem>
  </mem-info>
</gc-start>
<allocation-stats totalBytes="7880872" >
  <allocated-bytes non-tlh="357688" tlh="7523184" />
  <largest-consumer threadName="main" threadId="0000000000B14700" bytes="7804960" />
</allocation-stats>
<gc-op id="7" type="mark" timems="1.653" contextid="4" timestamp="2019-06-14T22:14:54.270">
  <trace-info objectcount="17675" scancount="14638" scanbytes="461016" />
  <finalization candidates="14" enqueued="1" />
  <references type="soft" candidates="63" cleared="0" enqueued="0" dynamicThreshold="32" maxThreshold="32" />
  <references type="weak" candidates="544" cleared="401" enqueued="362" />
  <references type="phantom" candidates="105" cleared="44" enqueued="44" />
  <stringconstants candidates="2406" cleared="0"  />
</gc-op>
<gc-op id="8" type="classunload" timems="0.039" contextid="4" timestamp="2019-06-14T22:14:54.270">
  <classunload-info classloadercandidates="5" classloadersunloaded="0" classesunloaded="0" anonymousclassesunloaded="0" quiescems="0.000" setupms="0.039" scanms="0.000" postms="0.000" />
</gc-op>
<gc-op id="9" type="sweep" timems="0.616" contextid="4" timestamp="2019-06-14T22:14:54.270" />
<mem-info id="10" free="7185064" total="8388608" percent="85">
  <mem type="tenure" free="7185064" total="8388608" percent="85" micro-fragmented="207494">
    <mem type="soa" free="6766248" total="7969792" percent="84" />
    <mem type="loa" free="418816" total="418816" percent="100" />
  </mem>
  <pending-finalizers system="1" default="0" reference="406" classloader="0" />
</mem-info>
<gc-op id="11" type="compact" timems="3.987" contextid="4" timestamp="2019-06-14T22:14:54.275">
  <compact-info movecount="17674" movebytes="963800" reason="compact to aid heap contraction" />
</gc-op>
<heap-resize id="12" type="expand" space="tenure" amount="2084241408" count="1" timems="0.266" reason="satisfy allocation request" timestamp="2019-06-14T22:14:54.275" />
<gc-end id="13" type="global" contextid="4" durationms="7.519" usertimems="8.000" systemtimems="0.000" timestamp="2019-06-14T22:14:54.275" activeThreads="4">
  <mem-info id="14" free="2091600592" total="2092630016" percent="99">
    <mem type="tenure" free="2091600592" total="2092630016" percent="99">
      <mem type="soa" free="1986969296" total="1987998720" percent="99" />
      <mem type="loa" free="104631296" total="104631296" percent="100" />
    </mem>
    <pending-finalizers system="1" default="0" reference="406" classloader="0" />
  </mem-info>
</gc-end>
<cycle-end id="15" type="global" contextid="4" timestamp="2019-06-14T22:14:54.276" />
  <attribute name="elasticGC enabled" value="1" />
  <attribute name= "numThreadsSpecified" value="4" />
  <attribute name="heapSize specified" value="8388608" />
  <attribute name="Current GC Util" value="32" />
  <attribute name= "Current Time Running" value="1200" />
  <attribute name ="GC Interval" value="0" />
  <attribute name="ProportionalT" value="6.000000" />
  <attribute name="ProportionalI" value="6.000000" />
  <attribute name="ProportionalH" value="6.000000" />
  <attribute name="Current Error" value="12.000000" />
  <attribute name="IntegralT" value="-23659.000000" />
  <attribute name="IntegralI" value="-23659.000000" />
  <attribute name="IntegralH" value="-23659.000000" />
  <attribute name="DerivativeT" value="1.500000" />
  <attribute name="DerivativeI" value="1.500000" />
  <attribute name="DerivativeH" value="1.500000" />
  <attribute name="Loop Time for DT" value="4.000000" />
  <attribute name="Output H" value="2092630016"/>
  <attribute name="Output I" value="200"/>
  <attribute name="Output T" value="4"/>
  <attribute name="Target GC Util Change" value ="20.000000" />
  <attribute name="Current GC Util Change" value="32.000000"/>
  <attribute name="GC Util currently" value="32" />
  <attribute name="CPU Util currently" value="1129200115462" />
<allocation-satisfied id="16" threadId="0000000000B14700" bytesRequested="2056" />
<af-end id="17" timestamp="2019-06-14T22:14:54.276" threadId="0000000000B15088" success="true" />
<exclusive-end id="18" timestamp="2019-06-14T22:14:54.276" durationms="8.435" />

<exclusive-start id="19" timestamp="2019-06-14T22:14:58.210" intervalms="3942.921">
  <response-info timems="0.027" idlems="0.027" threads="0" lastid="0000000000B14700" lastname="main" />
</exclusive-start>
<sys-start reason="explicit" id="20" timestamp="2019-06-14T22:14:58.210" intervalms="5248.914" />
<cycle-start id="21" type="global" contextid="0" timestamp="2019-06-14T22:14:58.210" intervalms="3942.650" />
<gc-start id="22" type="global" contextid="21" timestamp="2019-06-14T22:14:58.211">
  <mem-info id="23" free="2021076968" total="2092630016" percent="96">
    <mem type="tenure" free="2021076968" total="2092630016" percent="96">
      <mem type="soa" free="1916445672" total="1987998720" percent="96" />
      <mem type="loa" free="104631296" total="104631296" percent="100" />
    </mem>
  </mem-info>
</gc-start>
<allocation-stats totalBytes="70545872" >
  <allocated-bytes non-tlh="3463912" tlh="67081960" />
  <largest-consumer threadName="main" threadId="0000000000B14700" bytes="70476784" />
</allocation-stats>
<gc-op id="24" type="mark" timems="9.471" contextid="21" timestamp="2019-06-14T22:14:58.220">
  <trace-info objectcount="75486" scancount="63019" scanbytes="2110540" />
  <finalization candidates="81" enqueued="1" />
  <ownableSynchronizers candidates="21" cleared="0" />
  <references type="soft" candidates="1640" cleared="0" enqueued="0" dynamicThreshold="31" maxThreshold="32" />
  <references type="weak" candidates="5225" cleared="734" enqueued="570" />
  <references type="phantom" candidates="115" cleared="15" enqueued="15" />
  <stringconstants candidates="8680" cleared="15"  />
</gc-op>
<gc-op id="25" type="classunload" timems="0.432" contextid="21" timestamp="2019-06-14T22:14:58.221">
  <classunload-info classloadercandidates="17" classloadersunloaded="1" classesunloaded="1" anonymousclassesunloaded="0" quiescems="0.000" setupms="0.422" scanms="0.008" postms="0.002" />
</gc-op>
<gc-op id="26" type="sweep" timems="1.998" contextid="21" timestamp="2019-06-14T22:14:58.223" />
<mem-info id="27" free="2087387944" total="2092630016" percent="99">
  <mem type="tenure" free="2087387944" total="2092630016" percent="99" micro-fragmented="651872">
    <mem type="soa" free="1982756648" total="1987998720" percent="99" />
    <mem type="loa" free="104631296" total="104631296" percent="100" />
  </mem>
  <pending-finalizers system="1" default="0" reference="585" classloader="0" />
</mem-info>
<gc-op id="28" type="compact" timems="20.967" contextid="21" timestamp="2019-06-14T22:14:58.244">
  <compact-info movecount="74820" movebytes="4257176" reason="compact to aid heap contraction" />
</gc-op>
<gc-end id="29" type="global" contextid="21" durationms="33.942" usertimems="56.000" systemtimems="0.000" timestamp="2019-06-14T22:14:58.244" activeThreads="4">
  <mem-info id="30" free="2088354392" total="2092630016" percent="99">
    <mem type="tenure" free="2088354392" total="2092630016" percent="99">
      <mem type="soa" free="1983723096" total="1987998720" percent="99" />
      <mem type="loa" free="104631296" total="104631296" percent="100" />
    </mem>
    <pending-finalizers system="1" default="0" reference="585" classloader="0" />
  </mem-info>
</gc-end>
<cycle-end id="31" type="global" contextid="21" timestamp="2019-06-14T22:14:58.245" />
  <attribute name="elasticGC enabled" value="1" />
  <attribute name= "numThreadsSpecified" value="4" />
  <attribute name="heapSize specified" value="2092630016" />
  <attribute name="Current GC Util" value="131" />
  <attribute name= "Current Time Running" value="5169" />
  <attribute name ="GC Interval" value="0" />
  <attribute name="ProportionalT" value="55.500000" />
  <attribute name="ProportionalI" value="55.500000" />
  <attribute name="ProportionalH" value="55.500000" />
  <attribute name="Current Error" value="111.000000" />
  <attribute name="IntegralT" value="2331.000000" />
  <attribute name="IntegralI" value="2331.000000" />
  <attribute name="IntegralH" value="2331.000000" />
  <attribute name="DerivativeT" value="1.904762" />
  <attribute name="DerivativeI" value="1.904762" />
  <attribute name="DerivativeH" value="1.904762" />
  <attribute name="Loop Time for DT" value="21.000000" />
  <attribute name="Output H" value="8388608"/>
  <attribute name="Output I" value="2392"/>
  <attribute name="Output T" value="4"/>
  <attribute name="Target GC Util Change" value ="20.000000" />
  <attribute name="Current GC Util Change" value="131.000000"/>
  <attribute name="GC Util currently" value="131" />
  <attribute name="CPU Util currently" value="217859683237" />
<sys-end id="32" timestamp="2019-06-14T22:14:58.245" />
<exclusive-end id="33" timestamp="2019-06-14T22:14:58.245" durationms="34.510" />

<exclusive-start id="34" timestamp="2019-06-14T22:15:02.943" intervalms="4732.951">
  <response-info timems="0.074" idlems="0.074" threads="0" lastid="0000000000B14700" lastname="main" />
</exclusive-start>
<af-start id="35" threadId="0000000000B15088" totalBytesRequested="152" timestamp="2019-06-14T22:15:02.944" intervalms="8675.961" />
<cycle-start id="36" type="global" contextid="0" timestamp="2019-06-14T22:15:02.944" intervalms="4733.908" />
<gc-start id="37" type="global" contextid="36" timestamp="2019-06-14T22:15:02.945">
  <mem-info id="38" free="104631296" total="2092630016" percent="4">
    <mem type="tenure" free="104631296" total="2092630016" percent="4">
      <mem type="soa" free="0" total="1987998720" percent="0" />
      <mem type="loa" free="104631296" total="104631296" percent="100" />
    </mem>
  </mem-info>
</gc-start>
<allocation-stats totalBytes="1981168296" >
  <allocated-bytes non-tlh="14386576" tlh="1966781720" />
  <largest-consumer threadName="main" threadId="0000000000B14700" bytes="1981140416" />
</allocation-stats>
<gc-op id="39" type="mark" timems="19.342" contextid="36" timestamp="2019-06-14T22:15:02.964">
  <trace-info objectcount="608077" scancount="528663" scanbytes="13643400" />
  <finalization candidates="85" enqueued="5" />
  <ownableSynchronizers candidates="21" cleared="0" />
  <references type="soft" candidates="4854" cleared="0" enqueued="0" dynamicThreshold="31" maxThreshold="32" />
  <references type="weak" candidates="5667" cleared="80" enqueued="73" />
  <references type="phantom" candidates="107" cleared="5" enqueued="5" />
  <stringconstants candidates="13790" cleared="24"  />
</gc-op>
<gc-op id="40" type="classunload" timems="0.433" contextid="36" timestamp="2019-06-14T22:15:02.965">
  <classunload-info classloadercandidates="59" classloadersunloaded="3" classesunloaded="3" anonymousclassesunloaded="0" quiescems="0.000" setupms="0.417" scanms="0.013" postms="0.003" />
</gc-op>
<gc-op id="41" type="sweep" timems="149.845" contextid="36" timestamp="2019-06-14T22:15:03.115" />
<mem-info id="42" free="2063211072" total="2092630016" percent="98">
  <mem type="tenure" free="2063211072" total="2092630016" percent="98" micro-fragmented="1653537">
    <mem type="soa" free="1958579776" total="1987998720" percent="98" />
    <mem type="loa" free="104631296" total="104631296" percent="100" />
  </mem>
  <pending-finalizers system="0" default="5" reference="78" classloader="0" />
</mem-info>
<gc-op id="43" type="compact" timems="39.082" contextid="36" timestamp="2019-06-14T22:15:03.154">
  <compact-info movecount="606247" movebytes="18116752" reason="compact to aid heap contraction" />
</gc-op>
<gc-end id="44" type="global" contextid="36" durationms="210.399" usertimems="304.000" systemtimems="12.000" timestamp="2019-06-14T22:15:03.155" activeThreads="4">
  <mem-info id="45" free="2074332520" total="2092630016" percent="99">
    <mem type="tenure" free="2074332520" total="2092630016" percent="99">
      <mem type="soa" free="1969701224" total="1987998720" percent="99" />
      <mem type="loa" free="104631296" total="104631296" percent="100" />
    </mem>
    <pending-finalizers system="0" default="5" reference="78" classloader="0" />
  </mem-info>
</gc-end>
<cycle-end id="46" type="global" contextid="36" timestamp="2019-06-14T22:15:03.156" />
  <attribute name="elasticGC enabled" value="1" />
  <attribute name= "numThreadsSpecified" value="4" />
  <attribute name="heapSize specified" value="2092630016" />
  <attribute name="Current GC Util" value="235" />
  <attribute name= "Current Time Running" value="10080" />
  <attribute name ="GC Interval" value="0" />
  <attribute name="ProportionalT" value="107.500000" />
  <attribute name="ProportionalI" value="107.500000" />
  <attribute name="ProportionalH" value="107.500000" />
  <attribute name="Current Error" value="215.000000" />
  <attribute name="IntegralT" value="8385.000000" />
  <attribute name="IntegralI" value="8385.000000" />
  <attribute name="IntegralH" value="8385.000000" />
  <attribute name="DerivativeT" value="2.756410" />
  <attribute name="DerivativeI" value="2.756410" />
  <attribute name="DerivativeH" value="2.756410" />
  <attribute name="Loop Time for DT" value="39.000000" />
  <attribute name="Output H" value="8388608"/>
  <attribute name="Output I" value="4000"/>
  <attribute name="Output T" value="4"/>
  <attribute name="Target GC Util Change" value ="20.000000" />
  <attribute name="Current GC Util Change" value="235.000000"/>
  <attribute name="GC Util currently" value="235" />
  <attribute name="CPU Util currently" value="117099493248" />
<allocation-satisfied id="47" threadId="0000000000B14700" bytesRequested="152" />
<af-end id="48" timestamp="2019-06-14T22:15:03.156" threadId="0000000000B15088" success="true" />
<exclusive-end id="49" timestamp="2019-06-14T22:15:03.156" durationms="212.723" />

<exclusive-start id="50" timestamp="2019-06-14T22:15:10.500" intervalms="7556.524">
  <response-info timems="0.129" idlems="0.129" threads="0" lastid="0000000000B14700" lastname="main" />
</exclusive-start>
<af-start id="51" threadId="0000000000B15088" totalBytesRequested="1168" timestamp="2019-06-14T22:15:10.500" intervalms="7556.505" />
<cycle-start id="52" type="global" contextid="0" timestamp="2019-06-14T22:15:10.500" intervalms="7555.827" />
<gc-start id="53" type="global" contextid="52" timestamp="2019-06-14T22:15:10.500">
  <mem-info id="54" free="104631296" total="2092630016" percent="4">
    <mem type="tenure" free="104631296" total="2092630016" percent="4">
      <mem type="soa" free="0" total="1987998720" percent="0" />
      <mem type="loa" free="104631296" total="104631296" percent="100" />
    </mem>
  </mem-info>
</gc-start>
<allocation-stats totalBytes="1967765872" >
  <allocated-bytes non-tlh="29440" tlh="1967736432" />
  <largest-consumer threadName="main" threadId="0000000000B14700" bytes="1967753464" />
</allocation-stats>
<gc-op id="55" type="mark" timems="9.709" contextid="52" timestamp="2019-06-14T22:15:10.510">
  <trace-info objectcount="610264" scancount="530271" scanbytes="13682956" />
  <finalization candidates="80" enqueued="0" />
  <ownableSynchronizers candidates="21" cleared="0" />
  <references type="soft" candidates="4867" cleared="0" enqueued="0" dynamicThreshold="31" maxThreshold="32" />
  <references type="weak" candidates="5708" cleared="12" enqueued="9" />
  <references type="phantom" candidates="102" cleared="1" enqueued="1" />
  <stringconstants candidates="13843" cleared="0"  />
</gc-op>
<gc-op id="56" type="sweep" timems="333.201" contextid="52" timestamp="2019-06-14T22:15:10.844" />
<mem-info id="57" free="2074254800" total="2092630016" percent="99">
  <mem type="tenure" free="2074254800" total="2092630016" percent="99" micro-fragmented="21470">
    <mem type="soa" free="1969623504" total="1987998720" percent="99" />
    <mem type="loa" free="104631296" total="104631296" percent="100" />
  </mem>
  <pending-finalizers system="0" default="0" reference="10" classloader="0" />
</mem-info>
<gc-op id="58" type="compact" timems="47.470" contextid="52" timestamp="2019-06-14T22:15:10.892">
  <compact-info movecount="491645" movebytes="14998136" reason="compact to aid heap contraction" />
</gc-op>
<gc-end id="59" type="global" contextid="52" durationms="391.996" usertimems="488.000" systemtimems="20.000" timestamp="2019-06-14T22:15:10.892" activeThreads="4">
  <mem-info id="60" free="2074280072" total="2092630016" percent="99">
    <mem type="tenure" free="2074280072" total="2092630016" percent="99">
      <mem type="soa" free="1969648776" total="1987998720" percent="99" />
      <mem type="loa" free="104631296" total="104631296" percent="100" />
    </mem>
    <pending-finalizers system="0" default="0" reference="10" classloader="0" />
  </mem-info>
</gc-end>
<cycle-end id="61" type="global" contextid="52" timestamp="2019-06-14T22:15:10.893" />
  <attribute name="elasticGC enabled" value="1" />
  <attribute name= "numThreadsSpecified" value="4" />
  <attribute name="heapSize specified" value="2092630016" />
  <attribute name="Current GC Util" value="240" />
  <attribute name= "Current Time Running" value="17817" />
  <attribute name ="GC Interval" value="0" />
  <attribute name="ProportionalT" value="110.000000" />
  <attribute name="ProportionalI" value="110.000000" />
  <attribute name="ProportionalH" value="110.000000" />
  <attribute name="Current Error" value="220.000000" />
  <attribute name="IntegralT" value="10340.000000" />
  <attribute name="IntegralI" value="10340.000000" />
  <attribute name="IntegralH" value="10340.000000" />
  <attribute name="DerivativeT" value="2.340426" />
  <attribute name="DerivativeI" value="2.340426" />
  <attribute name="DerivativeH" value="2.340426" />
  <attribute name="Loop Time for DT" value="47.000000" />
  <attribute name="Output H" value="8388608"/>
  <attribute name="Output I" value="4000"/>
  <attribute name="Output T" value="4"/>
  <attribute name="Target GC Util Change" value ="20.000000" />
  <attribute name="Current GC Util Change" value="240.000000"/>
  <attribute name="GC Util currently" value="240" />
  <attribute name="CPU Util currently" value="96627447513" />
<allocation-satisfied id="62" threadId="0000000000B14700" bytesRequested="1168" />
<af-end id="63" timestamp="2019-06-14T22:15:10.893" threadId="0000000000B15088" success="true" />
<exclusive-end id="64" timestamp="2019-06-14T22:15:10.893" durationms="393.330" />

<exclusive-start id="65" timestamp="2019-06-14T22:15:12.012" intervalms="1512.199">
  <response-info timems="0.019" idlems="0.019" threads="0" lastid="0000000000B14700" lastname="main" />
</exclusive-start>
<af-start id="66" threadId="0000000000B15088" totalBytesRequested="32" timestamp="2019-06-14T22:15:12.012" intervalms="1512.193" />
<cycle-start id="67" type="global" contextid="0" timestamp="2019-06-14T22:15:12.012" intervalms="1512.215" />
<gc-start id="68" type="global" contextid="67" timestamp="2019-06-14T22:15:12.013">
  <mem-info id="69" free="104631296" total="2092630016" percent="4">
    <mem type="tenure" free="104631296" total="2092630016" percent="4">
      <mem type="soa" free="0" total="1987998720" percent="0" />
      <mem type="loa" free="104631296" total="104631296" percent="100" />
    </mem>
  </mem-info>
</gc-start>
<allocation-stats totalBytes="1967994688" >
  <allocated-bytes non-tlh="0" tlh="1967994688" />
  <largest-consumer threadName="main" threadId="0000000000B14700" bytes="1967994688" />
</allocation-stats>
<gc-op id="70" type="mark" timems="7.816" contextid="67" timestamp="2019-06-14T22:15:12.021">
  <trace-info objectcount="610302" scancount="530327" scanbytes="13684132" />
  <finalization candidates="80" enqueued="0" />
  <ownableSynchronizers candidates="21" cleared="0" />
  <references type="soft" candidates="4867" cleared="0" enqueued="0" dynamicThreshold="31" maxThreshold="32" />
  <references type="weak" candidates="5719" cleared="7" enqueued="3" />
  <references type="phantom" candidates="101" cleared="0" enqueued="0" />
  <stringconstants candidates="13843" cleared="0"  />
</gc-op>
<gc-op id="71" type="sweep" timems="247.644" contextid="67" timestamp="2019-06-14T22:15:12.269" />
<mem-info id="72" free="2074279712" total="2092630016" percent="99">
  <mem type="tenure" free="2074279712" total="2092630016" percent="99" micro-fragmented="12288">
    <mem type="soa" free="1969648416" total="1987998720" percent="99" />
    <mem type="loa" free="104631296" total="104631296" percent="100" />
  </mem>
  <pending-finalizers system="0" default="0" reference="3" classloader="0" />
</mem-info>
<gc-op id="73" type="compact" timems="32.675" contextid="67" timestamp="2019-06-14T22:15:12.302">
  <compact-info movecount="305998" movebytes="9520128" reason="compact to aid heap contraction" />
</gc-op>
<gc-end id="74" type="global" contextid="67" durationms="289.497" usertimems="376.000" systemtimems="8.000" timestamp="2019-06-14T22:15:12.302" activeThreads="4">
  <mem-info id="75" free="2074225416" total="2092630016" percent="99">
    <mem type="tenure" free="2074225416" total="2092630016" percent="99">
      <mem type="soa" free="1969594120" total="1987998720" percent="99" />
      <mem type="loa" free="104631296" total="104631296" percent="100" />
    </mem>
    <pending-finalizers system="0" default="0" reference="3" classloader="0" />
  </mem-info>
</gc-end>
<cycle-end id="76" type="global" contextid="67" timestamp="2019-06-14T22:15:12.303" />
  <attribute name="elasticGC enabled" value="1" />
  <attribute name= "numThreadsSpecified" value="4" />
  <attribute name="heapSize specified" value="2092630016" />
  <attribute name="Current GC Util" value="218" />
  <attribute name= "Current Time Running" value="19227" />
  <attribute name ="GC Interval" value="0" />
  <attribute name="ProportionalT" value="99.000000" />
  <attribute name="ProportionalI" value="99.000000" />
  <attribute name="ProportionalH" value="99.000000" />
  <attribute name="Current Error" value="198.000000" />
  <attribute name="IntegralT" value="6534.000000" />
  <attribute name="IntegralI" value="6534.000000" />
  <attribute name="IntegralH" value="6534.000000" />
  <attribute name="DerivativeT" value="3.000000" />
  <attribute name="DerivativeI" value="3.000000" />
  <attribute name="DerivativeH" value="3.000000" />
  <attribute name="Loop Time for DT" value="33.000000" />
  <attribute name="Output H" value="8388608"/>
  <attribute name="Output I" value="4000"/>
  <attribute name="Output T" value="4"/>
  <attribute name="Target GC Util Change" value ="20.000000" />
  <attribute name="Current GC Util Change" value="218.000000"/>
  <attribute name="GC Util currently" value="218" />
  <attribute name="CPU Util currently" value="140184846744" />
<allocation-satisfied id="77" threadId="0000000000B14700" bytesRequested="32" />
<af-end id="78" timestamp="2019-06-14T22:15:12.303" threadId="0000000000B15088" success="true" />
<exclusive-end id="79" timestamp="2019-06-14T22:15:12.303" durationms="291.129" />

<exclusive-start id="80" timestamp="2019-06-14T22:15:13.192" intervalms="1179.664">
  <response-info timems="0.254" idlems="0.254" threads="0" lastid="0000000000B14700" lastname="main" />
</exclusive-start>
<af-start id="81" threadId="0000000000B15088" totalBytesRequested="192" timestamp="2019-06-14T22:15:13.192" intervalms="1179.672" />
<cycle-start id="82" type="global" contextid="0" timestamp="2019-06-14T22:15:13.192" intervalms="1179.693" />
<gc-start id="83" type="global" contextid="82" timestamp="2019-06-14T22:15:13.192">
  <mem-info id="84" free="104631296" total="2092630016" percent="4">
    <mem type="tenure" free="104631296" total="2092630016" percent="4">
      <mem type="soa" free="0" total="1987998720" percent="0" />
      <mem type="loa" free="104631296" total="104631296" percent="100" />
    </mem>
  </mem-info>
</gc-start>
<allocation-stats totalBytes="1966736544" >
  <allocated-bytes non-tlh="0" tlh="1966736544" />
  <largest-consumer threadName="main" threadId="0000000000B14700" bytes="1966736544" />
</allocation-stats>
<gc-op id="85" type="mark" timems="8.441" contextid="82" timestamp="2019-06-14T22:15:13.201">
  <trace-info objectcount="610342" scancount="530368" scanbytes="13685340" />
  <finalization candidates="80" enqueued="0" />
  <ownableSynchronizers candidates="21" cleared="0" />
  <references type="soft" candidates="4867" cleared="0" enqueued="0" dynamicThreshold="31" maxThreshold="32" />
  <references type="weak" candidates="5735" cleared="7" enqueued="3" />
  <references type="phantom" candidates="101" cleared="0" enqueued="0" />
  <stringconstants candidates="13843" cleared="0"  />
</gc-op>
<gc-op id="86" type="sweep" timems="230.309" contextid="82" timestamp="2019-06-14T22:15:13.432" />
<mem-info id="87" free="2074282384" total="2092630016" percent="99">
  <mem type="tenure" free="2074282384" total="2092630016" percent="99" micro-fragmented="0">
    <mem type="soa" free="1969651088" total="1987998720" percent="99" />
    <mem type="loa" free="104631296" total="104631296" percent="100" />
  </mem>
  <pending-finalizers system="0" default="0" reference="3" classloader="0" />
</mem-info>
<gc-op id="88" type="compact" timems="28.801" contextid="82" timestamp="2019-06-14T22:15:13.461">
  <compact-info movecount="295639" movebytes="8597512" reason="compact to aid heap contraction" />
</gc-op>
<gc-end id="89" type="global" contextid="82" durationms="268.963" usertimems="356.000" systemtimems="8.000" timestamp="2019-06-14T22:15:13.461" activeThreads="4">
  <mem-info id="90" free="2074224808" total="2092630016" percent="99">
    <mem type="tenure" free="2074224808" total="2092630016" percent="99">
      <mem type="soa" free="1969593512" total="1987998720" percent="99" />
      <mem type="loa" free="104631296" total="104631296" percent="100" />
    </mem>
    <pending-finalizers system="0" default="0" reference="3" classloader="0" />
  </mem-info>
</gc-end>
<cycle-end id="91" type="global" contextid="82" timestamp="2019-06-14T22:15:13.461" />
  <attribute name="elasticGC enabled" value="1" />
  <attribute name= "numThreadsSpecified" value="4" />
  <attribute name="heapSize specified" value="2092630016" />
  <attribute name="Current GC Util" value="263" />
  <attribute name= "Current Time Running" value="20386" />
  <attribute name ="GC Interval" value="0" />
  <attribute name="ProportionalT" value="121.500000" />
  <attribute name="ProportionalI" value="121.500000" />
  <attribute name="ProportionalH" value="121.500000" />
  <attribute name="Current Error" value="243.000000" />
  <attribute name="IntegralT" value="7047.000000" />
  <attribute name="IntegralI" value="7047.000000" />
  <attribute name="IntegralH" value="7047.000000" />
  <attribute name="DerivativeT" value="4.189655" />
  <attribute name="DerivativeI" value="4.189655" />
  <attribute name="DerivativeH" value="4.189655" />
  <attribute name="Loop Time for DT" value="29.000000" />
  <attribute name="Output H" value="8388608"/>
  <attribute name="Output I" value="4000"/>
  <attribute name="Output T" value="4"/>
  <attribute name="Target GC Util Change" value ="20.000000" />
  <attribute name="Current GC Util Change" value="263.000000"/>
  <attribute name="GC Util currently" value="263" />
  <attribute name="CPU Util currently" value="158851580099" />
<allocation-satisfied id="92" threadId="0000000000B14700" bytesRequested="192" />
<af-end id="93" timestamp="2019-06-14T22:15:13.462" threadId="0000000000B15088" success="true" />
<exclusive-end id="94" timestamp="2019-06-14T22:15:13.462" durationms="270.292" />

<exclusive-start id="95" timestamp="2019-06-14T22:15:15.126" intervalms="1933.952">
  <response-info timems="0.104" idlems="0.104" threads="0" lastid="0000000000B14700" lastname="main" />
</exclusive-start>
<af-start id="96" threadId="0000000000B15088" totalBytesRequested="1168" timestamp="2019-06-14T22:15:15.126" intervalms="1933.971" />
<cycle-start id="97" type="global" contextid="0" timestamp="2019-06-14T22:15:15.126" intervalms="1933.956" />
<gc-start id="98" type="global" contextid="97" timestamp="2019-06-14T22:15:15.126">
  <mem-info id="99" free="104631296" total="2092630016" percent="4">
    <mem type="tenure" free="104631296" total="2092630016" percent="4">
      <mem type="soa" free="0" total="1987998720" percent="0" />
      <mem type="loa" free="104631296" total="104631296" percent="100" />
    </mem>
  </mem-info>
</gc-start>
<allocation-stats totalBytes="1968004936" >
  <allocated-bytes non-tlh="0" tlh="1968004936" />
  <largest-consumer threadName="main" threadId="0000000000B14700" bytes="1968004936" />
</allocation-stats>
<gc-op id="100" type="mark" timems="8.480" contextid="97" timestamp="2019-06-14T22:15:15.135">
  <trace-info objectcount="610395" scancount="530400" scanbytes="13686780" />
  <finalization candidates="80" enqueued="0" />
  <ownableSynchronizers candidates="21" cleared="0" />
  <references type="soft" candidates="4867" cleared="0" enqueued="0" dynamicThreshold="31" maxThreshold="32" />
  <references type="weak" candidates="5728" cleared="0" enqueued="0" />
  <references type="phantom" candidates="101" cleared="0" enqueued="0" />
  <stringconstants candidates="13843" cleared="0"  />
</gc-op>
<gc-op id="101" type="sweep" timems="301.169" contextid="97" timestamp="2019-06-14T22:15:15.436" />
<mem-info id="102" free="2074277448" total="2092630016" percent="99">
  <mem type="tenure" free="2074277448" total="2092630016" percent="99" micro-fragmented="0">
    <mem type="soa" free="1969646152" total="1987998720" percent="99" />
    <mem type="loa" free="104631296" total="104631296" percent="100" />
  </mem>
</mem-info>
<gc-op id="103" type="compact" timems="17.333" contextid="97" timestamp="2019-06-14T22:15:15.454">
  <compact-info movecount="57013" movebytes="1405072" reason="compact to aid heap contraction" />
</gc-op>
<gc-end id="104" type="global" contextid="97" durationms="328.120" usertimems="380.000" systemtimems="8.000" timestamp="2019-06-14T22:15:15.454" activeThreads="4">
  <mem-info id="105" free="2074221752" total="2092630016" percent="99">
    <mem type="tenure" free="2074221752" total="2092630016" percent="99">
      <mem type="soa" free="1969590456" total="1987998720" percent="99" />
      <mem type="loa" free="104631296" total="104631296" percent="100" />
    </mem>
  </mem-info>
</gc-end>
<cycle-end id="106" type="global" contextid="97" timestamp="2019-06-14T22:15:15.455" />
  <attribute name="elasticGC enabled" value="1" />
  <attribute name= "numThreadsSpecified" value="4" />
  <attribute name="heapSize specified" value="2092630016" />
  <attribute name="Current GC Util" value="226" />
  <attribute name= "Current Time Running" value="22379" />
  <attribute name ="GC Interval" value="0" />
  <attribute name="ProportionalT" value="103.000000" />
  <attribute name="ProportionalI" value="103.000000" />
  <attribute name="ProportionalH" value="103.000000" />
  <attribute name="Current Error" value="206.000000" />
  <attribute name="IntegralT" value="3502.000000" />
  <attribute name="IntegralI" value="3502.000000" />
  <attribute name="IntegralH" value="3502.000000" />
  <attribute name="DerivativeT" value="6.058824" />
  <attribute name="DerivativeI" value="6.058824" />
  <attribute name="DerivativeH" value="6.058824" />
  <attribute name="Loop Time for DT" value="17.000000" />
  <attribute name="Output H" value="8388608"/>
  <attribute name="Output I" value="3616"/>
  <attribute name="Output T" value="4"/>
  <attribute name="Target GC Util Change" value ="20.000000" />
  <attribute name="Current GC Util Change" value="226.000000"/>
  <attribute name="GC Util currently" value="226" />
  <attribute name="CPU Util currently" value="264240067401" />
<allocation-satisfied id="107" threadId="0000000000B14700" bytesRequested="1168" />
<af-end id="108" timestamp="2019-06-14T22:15:15.455" threadId="0000000000B15088" success="true" />
<exclusive-end id="109" timestamp="2019-06-14T22:15:15.455" durationms="329.420" />

<exclusive-start id="110" timestamp="2019-06-14T22:15:16.488" intervalms="1362.399">
  <response-info timems="0.077" idlems="0.077" threads="0" lastid="0000000000B14700" lastname="main" />
</exclusive-start>
<af-start id="111" threadId="0000000000B15088" totalBytesRequested="520" timestamp="2019-06-14T22:15:16.488" intervalms="1362.387" />
<cycle-start id="112" type="global" contextid="0" timestamp="2019-06-14T22:15:16.488" intervalms="1362.401" />
<gc-start id="113" type="global" contextid="112" timestamp="2019-06-14T22:15:16.489">
  <mem-info id="114" free="104631296" total="2092630016" percent="4">
    <mem type="tenure" free="104631296" total="2092630016" percent="4">
      <mem type="soa" free="0" total="1987998720" percent="0" />
      <mem type="loa" free="104631296" total="104631296" percent="100" />
    </mem>
  </mem-info>
</gc-start>
<allocation-stats totalBytes="1967697384" >
  <allocated-bytes non-tlh="0" tlh="1967697384" />
  <largest-consumer threadName="main" threadId="0000000000B14700" bytes="1967697384" />
</allocation-stats>
<gc-op id="115" type="mark" timems="8.385" contextid="112" timestamp="2019-06-14T22:15:16.497">
  <trace-info objectcount="610466" scancount="530475" scanbytes="13688728" />
  <finalization candidates="80" enqueued="0" />
  <ownableSynchronizers candidates="21" cleared="0" />
  <references type="soft" candidates="4867" cleared="0" enqueued="0" dynamicThreshold="31" maxThreshold="32" />
  <references type="weak" candidates="5757" cleared="7" enqueued="3" />
  <references type="phantom" candidates="101" cleared="0" enqueued="0" />
  <stringconstants candidates="13843" cleared="0"  />
</gc-op>
<gc-op id="116" type="sweep" timems="250.722" contextid="112" timestamp="2019-06-14T22:15:16.748" />
<mem-info id="117" free="2074275272" total="2092630016" percent="99">
  <mem type="tenure" free="2074275272" total="2092630016" percent="99" micro-fragmented="0">
    <mem type="soa" free="1969643976" total="1987998720" percent="99" />
    <mem type="loa" free="104631296" total="104631296" percent="100" />
  </mem>
  <pending-finalizers system="0" default="0" reference="3" classloader="0" />
</mem-info>
<gc-op id="118" type="compact" timems="13.707" contextid="112" timestamp="2019-06-14T22:15:16.762">
  <compact-info movecount="21405" movebytes="715552" reason="compact to aid heap contraction" />
</gc-op>
<gc-end id="119" type="global" contextid="112" durationms="274.180" usertimems="332.000" systemtimems="0.000" timestamp="2019-06-14T22:15:16.763" activeThreads="4">
  <mem-info id="120" free="2074220736" total="2092630016" percent="99">
    <mem type="tenure" free="2074220736" total="2092630016" percent="99">
      <mem type="soa" free="1969589440" total="1987998720" percent="99" />
      <mem type="loa" free="104631296" total="104631296" percent="100" />
    </mem>
    <pending-finalizers system="0" default="0" reference="3" classloader="0" />
  </mem-info>
</gc-end>
<cycle-end id="121" type="global" contextid="112" timestamp="2019-06-14T22:15:16.763" />
  <attribute name="elasticGC enabled" value="1" />
  <attribute name= "numThreadsSpecified" value="4" />
  <attribute name="heapSize specified" value="2092630016" />
  <attribute name="Current GC Util" value="252" />
  <attribute name= "Current Time Running" value="23688" />
  <attribute name ="GC Interval" value="0" />
  <attribute name="ProportionalT" value="116.000000" />
  <attribute name="ProportionalI" value="116.000000" />
  <attribute name="ProportionalH" value="116.000000" />
  <attribute name="Current Error" value="232.000000" />
  <attribute name="IntegralT" value="3248.000000" />
  <attribute name="IntegralI" value="3248.000000" />
  <attribute name="IntegralH" value="3248.000000" />
  <attribute name="DerivativeT" value="8.285714" />
  <attribute name="DerivativeI" value="8.285714" />
  <attribute name="DerivativeH" value="8.285714" />
  <attribute name="Loop Time for DT" value="14.000000" />
  <attribute name="Output H" value="8388608"/>
  <attribute name="Output I" value="3376"/>
  <attribute name="Output T" value="4"/>
  <attribute name="Target GC Util Change" value ="20.000000" />
  <attribute name="Current GC Util Change" value="252.000000"/>
  <attribute name="GC Util currently" value="252" />
  <attribute name="CPU Util currently" value="331765586284" />
<allocation-satisfied id="122" threadId="0000000000B14700" bytesRequested="520" />
<af-end id="123" timestamp="2019-06-14T22:15:16.763" threadId="0000000000B15088" success="true" />
<exclusive-end id="124" timestamp="2019-06-14T22:15:16.763" durationms="275.473" />

</verbosegc>

