<?xml version="1.0" ?>

<verbosegc xmlns="http://www.ibm.com/j9/verbosegc" version="25b0271_CMPRSS">

<initialized id="1" timestamp="2019-07-02T19:09:33.283">
  <attribute name="gcPolicy" value="-Xgcpolicy:optthruput" />
  <attribute name="GC Util" value="0" />
  <attribute name="CPU Util" value="0" />
  <attribute name="Time Running"value="0"/>
  <attribute name="Number of cores"value="0"/>
  <attribute name="maxHeapSize" value="0x7cbc0000" />
  <attribute name="initialHeapSize" value="0x800000" />
  <attribute name="compressedRefs" value="true" />
  <attribute name="compressedRefsDisplacement" value="0x0" />
  <attribute name="compressedRefsShift" value="0x0" />
  <attribute name="pageSize" value="0x1000" />
  <attribute name="pageType" value="not used" />
  <attribute name="requestedPageSize" value="0x1000" />
  <attribute name="requestedPageType" value="not used" />
  <attribute name="gcthreads" value="4" />
  <attribute name="packetListSplit" value="4" />
  <attribute name="cacheListSplit" value="4" />
  <attribute name="splitFreeListSplitAmount" value="1" />
  <attribute name="numaNodes" value="0" />
  <system>
    <attribute name="physicalMemory" value="8370962432" />
    <attribute name="numCPUs" value="4" />
    <attribute name="architecture" value="amd64" />
    <attribute name="os" value="Linux" />
    <attribute name="osVersion" value="4.4.0-148-generic" />
  </system>
  <vmargs>
    <vmarg name="-Xoptionsfile=/vagrant/jdk/lib/options.default" />
    <vmarg name="-Xlockword:mode=default,noLockword=java/lang/String,noLockword=java/util/MapEntry,noLockword=java/util/HashMap$Entry,noLockword..." />
    <vmarg name="-Xjcl:jclse11_29" />
    <vmarg name="-Dcom.ibm.oti.vm.bootstrap.library.path=/vagrant/jdk/lib/compressedrefs:/vagrant/jdk/lib" />
    <vmarg name="-Dsun.boot.library.path=/vagrant/jdk/lib/compressedrefs:/vagrant/jdk/lib" />
    <vmarg name="-Djava.library.path=/vagrant/jdk/lib/compressedrefs:/vagrant/jdk/lib:/usr/lib64:/usr/lib" />
    <vmarg name="-Djava.home=/vagrant/jdk" />
    <vmarg name="-Duser.dir=/vagrant" />
    <vmarg name="-Xgcpolicy:optthruput" />
    <vmarg name="-verbose:gc" />
    <vmarg name="-Xloggc:small-OPTTHRUPUT-jdkF-verbose14xalan.txt" />
    <vmarg name="-Djava.class.path=dacapo-9.12-MR1-bach.jar" />
    <vmarg name="-Dsun.java.command=dacapo-9.12-MR1-bach.jar xalan --size=small" />
    <vmarg name="-Dsun.java.launcher=SUN_STANDARD" />
    <vmarg name="-Dsun.java.launcher.pid=7641" />
  </vmargs>
</initialized>

<exclusive-start id="2" timestamp="2019-07-02T19:09:33.766" intervalms="483.515">
  <response-info timems="0.020" idlems="0.020" threads="0" lastid="00000000012CC700" lastname="main" />
</exclusive-start>
<af-start id="3" threadId="00000000012CD088" totalBytesRequested="88" timestamp="2019-07-02T19:09:33.766" intervalms="483.733" />
<cycle-start id="4" type="global" contextid="0" timestamp="2019-07-02T19:09:33.770" intervalms="487.857" />
  <attribute name="GC Util" value="0" />
  <attribute name="CPU Util" value="63" />
  <attribute name="Time Running"value="0"/>
  <attribute name="Number of cores"value="4"/>
<gc-start id="5" type="global" contextid="4" timestamp="2019-07-02T19:09:33.771">
  <mem-info id="6" free="418816" total="8388608" percent="4">
    <mem type="tenure" free="418816" total="8388608" percent="4">
      <mem type="soa" free="0" total="7969792" percent="0" />
      <mem type="loa" free="418816" total="418816" percent="100" />
    </mem>
  </mem-info>
</gc-start>
<allocation-stats totalBytes="7919264" >
  <allocated-bytes non-tlh="714952" tlh="7204312" />
  <largest-consumer threadName="main" threadId="00000000012CC700" bytes="7847728" />
</allocation-stats>
<gc-op id="7" type="mark" timems="2.183" contextid="4" timestamp="2019-07-02T19:09:33.773">
  <trace-info objectcount="21399" scancount="17425" scanbytes="558524" />
  <finalization candidates="20" enqueued="1" />
  <references type="soft" candidates="74" cleared="0" enqueued="0" dynamicThreshold="32" maxThreshold="32" />
  <references type="weak" candidates="598" cleared="433" enqueued="393" />
  <references type="phantom" candidates="127" cleared="44" enqueued="44" />
  <stringconstants candidates="2917" cleared="0"  />
</gc-op>
<gc-op id="8" type="classunload" timems="0.047" contextid="4" timestamp="2019-07-02T19:09:33.773">
  <classunload-info classloadercandidates="6" classloadersunloaded="0" classesunloaded="0" anonymousclassesunloaded="0" quiescems="0.000" setupms="0.047" scanms="0.000" postms="0.000" />
</gc-op>
<gc-op id="9" type="sweep" timems="0.464" contextid="4" timestamp="2019-07-02T19:09:33.774" />
<gc-end id="10" type="global" contextid="4" durationms="3.120" usertimems="0.000" systemtimems="0.000" timestamp="2019-07-02T19:09:33.774" activeThreads="4">
  <mem-info id="11" free="6515888" total="8388608" percent="77">
    <mem type="tenure" free="6515888" total="8388608" percent="77" micro-fragmented="248911" macro-fragmented="0">
      <mem type="soa" free="6097072" total="7969792" percent="76" />
      <mem type="loa" free="418816" total="418816" percent="100" />
    </mem>
    <pending-finalizers system="1" default="0" reference="437" classloader="0" />
  </mem-info>
</gc-end>
<cycle-end id="12" type="global" contextid="4" timestamp="2019-07-02T19:09:33.774">
  <attribute name="GC Util" value="79" />
  <attribute name="CPU Util" value="7519740897577" />
  <attribute name="Time Running"value="371"/>
  <attribute name="Number of cores"value="4"/>
</cycle-end>
<allocation-satisfied id="13" threadId="00000000012CC700" bytesRequested="88" />
<af-end id="14" timestamp="2019-07-02T19:09:33.774" threadId="00000000012CD088" success="true" />
<exclusive-end id="15" timestamp="2019-07-02T19:09:33.774" durationms="7.985" />

<exclusive-start id="16" timestamp="2019-07-02T19:09:33.961" intervalms="194.794">
  <response-info timems="0.018" idlems="0.018" threads="0" lastid="00000000012CC700" lastname="main" />
</exclusive-start>
<af-start id="17" threadId="00000000012CD088" totalBytesRequested="88" timestamp="2019-07-02T19:09:33.961" intervalms="194.693" />
<cycle-start id="18" type="global" contextid="0" timestamp="2019-07-02T19:09:33.961" intervalms="190.666" />
  <attribute name="GC Util" value="79" />
  <attribute name="CPU Util" value="7519740897577" />
  <attribute name="Time Running"value="371"/>
  <attribute name="Number of cores"value="4"/>
<gc-start id="19" type="global" contextid="18" timestamp="2019-07-02T19:09:33.961">
  <mem-info id="20" free="418816" total="8388608" percent="4">
    <mem type="tenure" free="418816" total="8388608" percent="4">
      <mem type="soa" free="0" total="7969792" percent="0" />
      <mem type="loa" free="418816" total="418816" percent="100" />
    </mem>
  </mem-info>
</gc-start>
<allocation-stats totalBytes="6002480" >
  <allocated-bytes non-tlh="1364456" tlh="4638024" />
  <largest-consumer threadName="main" threadId="00000000012CC700" bytes="5990880" />
</allocation-stats>
<gc-op id="21" type="mark" timems="1.369" contextid="18" timestamp="2019-07-02T19:09:33.963">
  <trace-info objectcount="29384" scancount="23766" scanbytes="867496" />
  <finalization candidates="20" enqueued="0" />
  <references type="soft" candidates="133" cleared="0" enqueued="0" dynamicThreshold="24" maxThreshold="32" />
  <references type="weak" candidates="193" cleared="26" enqueued="26" />
  <references type="phantom" candidates="84" cleared="1" enqueued="1" />
  <stringconstants candidates="3514" cleared="22"  />
</gc-op>
<gc-op id="22" type="sweep" timems="0.287" contextid="18" timestamp="2019-07-02T19:09:33.963" />
<gc-end id="23" type="global" contextid="18" durationms="1.935" usertimems="4.000" systemtimems="0.000" timestamp="2019-07-02T19:09:33.963" activeThreads="4">
  <mem-info id="24" free="5728656" total="8388608" percent="68">
    <mem type="tenure" free="5728656" total="8388608" percent="68" micro-fragmented="481705" macro-fragmented="0">
      <mem type="soa" free="5309840" total="7969792" percent="66" />
      <mem type="loa" free="418816" total="418816" percent="100" />
    </mem>
    <pending-finalizers system="0" default="0" reference="27" classloader="0" />
  </mem-info>
</gc-end>
<cycle-end id="25" type="global" contextid="18" timestamp="2019-07-02T19:09:33.963">
  <attribute name="GC Util" value="81" />
  <attribute name="CPU Util" value="13046101584639" />
  <attribute name="Time Running"value="561"/>
  <attribute name="Number of cores"value="4"/>
</cycle-end>
<allocation-satisfied id="26" threadId="00000000012CC700" bytesRequested="88" />
<af-end id="27" timestamp="2019-07-02T19:09:33.963" threadId="00000000012CD088" success="true" />
<exclusive-end id="28" timestamp="2019-07-02T19:09:33.963" durationms="2.469" />

<exclusive-start id="29" timestamp="2019-07-02T19:09:33.965" intervalms="4.405">
  <response-info timems="0.182" idlems="0.182" threads="0" lastid="00000000012CC700" lastname="main" />
</exclusive-start>
<sys-start reason="explicit" id="30" timestamp="2019-07-02T19:09:33.965" intervalms="682.775" />
<cycle-start id="31" type="global" contextid="0" timestamp="2019-07-02T19:09:33.965" intervalms="4.308" />
  <attribute name="GC Util" value="81" />
  <attribute name="CPU Util" value="13046101584639" />
  <attribute name="Time Running"value="561"/>
  <attribute name="Number of cores"value="4"/>
<gc-start id="32" type="global" contextid="31" timestamp="2019-07-02T19:09:33.965">
  <mem-info id="33" free="5686024" total="8388608" percent="67">
    <mem type="tenure" free="5686024" total="8388608" percent="67">
      <mem type="soa" free="5267208" total="7969792" percent="66" />
      <mem type="loa" free="418816" total="418816" percent="100" />
    </mem>
  </mem-info>
</gc-start>
<allocation-stats totalBytes="41600" >
  <allocated-bytes non-tlh="10624" tlh="30976" />
  <largest-consumer threadName="main" threadId="00000000012CC700" bytes="37984" />
</allocation-stats>
<gc-op id="34" type="mark" timems="2.045" contextid="31" timestamp="2019-07-02T19:09:33.973">
  <trace-info objectcount="29361" scancount="23755" scanbytes="867668" />
  <finalization candidates="20" enqueued="0" />
  <references type="soft" candidates="133" cleared="0" enqueued="0" dynamicThreshold="21" maxThreshold="32" />
  <references type="weak" candidates="177" cleared="8" enqueued="8" />
  <references type="phantom" candidates="84" cleared="1" enqueued="1" />
  <stringconstants candidates="3499" cleared="0"  />
</gc-op>
<gc-op id="35" type="classunload" timems="0.002" contextid="31" timestamp="2019-07-02T19:09:33.973">
  <classunload-info classloadercandidates="19" classloadersunloaded="0" classesunloaded="0" anonymousclassesunloaded="0" quiescems="5.152" setupms="0.002" scanms="0.000" postms="0.000" />
</gc-op>
<gc-op id="36" type="sweep" timems="0.371" contextid="31" timestamp="2019-07-02T19:09:33.973" />
<mem-info id="37" free="5730280" total="8388608" percent="68">
  <mem type="tenure" free="5730280" total="8388608" percent="68" micro-fragmented="500615" macro-fragmented="0">
    <mem type="soa" free="5311464" total="7969792" percent="66" />
    <mem type="loa" free="418816" total="418816" percent="100" />
  </mem>
  <pending-finalizers system="0" default="0" reference="9" classloader="0" />
</mem-info>
<gc-op id="38" type="compact" timems="6.275" contextid="31" timestamp="2019-07-02T19:09:33.980">
  <compact-info movecount="29360" movebytes="1949848" reason="compact on aggressive collection" />
</gc-op>
<gc-end id="39" type="global" contextid="31" durationms="14.970" usertimems="8.000" systemtimems="8.000" timestamp="2019-07-02T19:09:33.980" activeThreads="4">
  <mem-info id="40" free="6438672" total="8388608" percent="76">
    <mem type="tenure" free="6438672" total="8388608" percent="76">
      <mem type="soa" free="6019856" total="7969792" percent="75" />
      <mem type="loa" free="418816" total="418816" percent="100" />
    </mem>
    <pending-finalizers system="0" default="0" reference="9" classloader="0" />
  </mem-info>
</gc-end>
<cycle-end id="41" type="global" contextid="31" timestamp="2019-07-02T19:09:33.981">
  <attribute name="GC Util" value="6" />
  <attribute name="CPU Util" value="232" />
  <attribute name="Time Running"value="572"/>
  <attribute name="Number of cores"value="4"/>
</cycle-end>
<sys-end id="42" timestamp="2019-07-02T19:09:33.981" />
<exclusive-end id="43" timestamp="2019-07-02T19:09:33.981" durationms="15.561" />

<exclusive-start id="44" timestamp="2019-07-02T19:09:34.099" intervalms="133.420">
  <response-info timems="0.026" idlems="0.026" threads="0" lastid="0000000001605A00" lastname="Thread-6" />
</exclusive-start>
<af-start id="45" threadId="0000000001606388" totalBytesRequested="32776" timestamp="2019-07-02T19:09:34.099" intervalms="137.797" />
<cycle-start id="46" type="global" contextid="0" timestamp="2019-07-02T19:09:34.099" intervalms="133.463" />
  <attribute name="GC Util" value="6" />
  <attribute name="CPU Util" value="232" />
  <attribute name="Time Running"value="572"/>
  <attribute name="Number of cores"value="4"/>
<gc-start id="47" type="global" contextid="46" timestamp="2019-07-02T19:09:34.099">
  <mem-info id="48" free="418816" total="8388608" percent="4">
    <mem type="tenure" free="418816" total="8388608" percent="4">
      <mem type="soa" free="0" total="7969792" percent="0" />
      <mem type="loa" free="418816" total="418816" percent="100" />
    </mem>
  </mem-info>
</gc-start>
<allocation-stats totalBytes="5919624" >
  <allocated-bytes non-tlh="354696" tlh="5564928" />
  <largest-consumer threadName="Thread-4" threadId="00000000015FE200" bytes="2280064" />
</allocation-stats>
<gc-op id="49" type="mark" timems="13.007" contextid="46" timestamp="2019-07-02T19:09:34.112">
  <trace-info objectcount="38629" scancount="31133" scanbytes="1554480" />
  <finalization candidates="28" enqueued="3" />
  <references type="soft" candidates="164" cleared="0" enqueued="0" dynamicThreshold="24" maxThreshold="32" />
  <references type="weak" candidates="308" cleared="27" enqueued="26" />
  <references type="phantom" candidates="99" cleared="2" enqueued="2" />
  <stringconstants candidates="3927" cleared="0"  />
</gc-op>
<gc-op id="50" type="classunload" timems="0.526" contextid="46" timestamp="2019-07-02T19:09:34.113">
  <classunload-info classloadercandidates="19" classloadersunloaded="0" classesunloaded="2" anonymousclassesunloaded="2" quiescems="0.000" setupms="0.522" scanms="0.003" postms="0.001" />
</gc-op>
<gc-op id="51" type="sweep" timems="1.591" contextid="46" timestamp="2019-07-02T19:09:34.115" />
<gc-end id="52" type="global" contextid="46" durationms="15.845" usertimems="12.000" systemtimems="4.000" timestamp="2019-07-02T19:09:34.115" activeThreads="4">
  <mem-info id="53" free="5040064" total="8388608" percent="60">
    <mem type="tenure" free="5040064" total="8388608" percent="60" micro-fragmented="120110" macro-fragmented="0">
      <mem type="soa" free="4621248" total="7969792" percent="57" />
      <mem type="loa" free="418816" total="418816" percent="100" />
    </mem>
    <pending-finalizers system="3" default="0" reference="28" classloader="0" />
  </mem-info>
</gc-end>
<cycle-end id="54" type="global" contextid="46" timestamp="2019-07-02T19:09:34.115">
  <attribute name="GC Util" value="91" />
  <attribute name="CPU Util" value="1320092678398" />
  <attribute name="Time Running"value="711"/>
  <attribute name="Number of cores"value="4"/>
</cycle-end>
<allocation-satisfied id="55" threadId="0000000001605A00" bytesRequested="32776" />
<af-end id="56" timestamp="2019-07-02T19:09:34.115" threadId="0000000001606388" success="true" />
<exclusive-end id="57" timestamp="2019-07-02T19:09:34.115" durationms="16.530" />

<exclusive-start id="58" timestamp="2019-07-02T19:09:34.210" intervalms="111.297">
  <response-info timems="0.027" idlems="0.027" threads="0" lastid="0000000001601E00" lastname="Thread-5" />
</exclusive-start>
<af-start id="59" threadId="0000000001602788" totalBytesRequested="16392" timestamp="2019-07-02T19:09:34.210" intervalms="111.293" />
<cycle-start id="60" type="global" contextid="0" timestamp="2019-07-02T19:09:34.210" intervalms="111.289" />
  <attribute name="GC Util" value="91" />
  <attribute name="CPU Util" value="1320092678398" />
  <attribute name="Time Running"value="711"/>
  <attribute name="Number of cores"value="4"/>
<gc-start id="61" type="global" contextid="60" timestamp="2019-07-02T19:09:34.210">
  <mem-info id="62" free="433808" total="8388608" percent="5">
    <mem type="tenure" free="433808" total="8388608" percent="5">
      <mem type="soa" free="14992" total="7969792" percent="0" />
      <mem type="loa" free="418816" total="418816" percent="100" />
    </mem>
  </mem-info>
</gc-start>
<allocation-stats totalBytes="4568760" >
  <allocated-bytes non-tlh="1620696" tlh="2948064" />
  <largest-consumer threadName="Thread-6" threadId="0000000001605A00" bytes="1662056" />
</allocation-stats>
<gc-op id="63" type="mark" timems="1.630" contextid="60" timestamp="2019-07-02T19:09:34.212">
  <trace-info objectcount="38980" scancount="31384" scanbytes="1532244" />
  <finalization candidates="25" enqueued="0" />
  <references type="soft" candidates="164" cleared="0" enqueued="0" dynamicThreshold="19" maxThreshold="32" />
  <references type="weak" candidates="283" cleared="1" enqueued="1" />
  <references type="phantom" candidates="98" cleared="0" enqueued="0" />
  <stringconstants candidates="3945" cleared="0"  />
</gc-op>
<gc-op id="64" type="sweep" timems="0.396" contextid="60" timestamp="2019-07-02T19:09:34.212" />
<gc-end id="65" type="global" contextid="60" durationms="2.371" usertimems="0.000" systemtimems="0.000" timestamp="2019-07-02T19:09:34.213" activeThreads="4">
  <mem-info id="66" free="4924424" total="8388608" percent="58">
    <mem type="tenure" free="4924424" total="8388608" percent="58" micro-fragmented="217549" macro-fragmented="0">
      <mem type="soa" free="4505608" total="7969792" percent="56" />
      <mem type="loa" free="418816" total="418816" percent="100" />
    </mem>
    <pending-finalizers system="0" default="0" reference="1" classloader="0" />
  </mem-info>
</gc-end>
<cycle-end id="67" type="global" contextid="60" timestamp="2019-07-02T19:09:34.213">
  <attribute name="GC Util" value="85" />
  <attribute name="CPU Util" value="10783199598259" />
  <attribute name="Time Running"value="810"/>
  <attribute name="Number of cores"value="4"/>
</cycle-end>
<allocation-satisfied id="68" threadId="0000000001601E00" bytesRequested="16392" />
<af-end id="69" timestamp="2019-07-02T19:09:34.213" threadId="0000000001602788" success="true" />
<exclusive-end id="70" timestamp="2019-07-02T19:09:34.213" durationms="3.112" />

<exclusive-start id="71" timestamp="2019-07-02T19:09:34.319" intervalms="108.719">
  <response-info timems="0.031" idlems="0.031" threads="0" lastid="0000000001605A00" lastname="Thread-6" />
</exclusive-start>
<af-start id="72" threadId="0000000001606388" totalBytesRequested="16392" timestamp="2019-07-02T19:09:34.319" intervalms="108.723" />
<cycle-start id="73" type="global" contextid="0" timestamp="2019-07-02T19:09:34.319" intervalms="108.726" />
  <attribute name="GC Util" value="85" />
  <attribute name="CPU Util" value="10783199598259" />
  <attribute name="Time Running"value="810"/>
  <attribute name="Number of cores"value="4"/>
<gc-start id="74" type="global" contextid="73" timestamp="2019-07-02T19:09:34.319">
  <mem-info id="75" free="418816" total="8388608" percent="4">
    <mem type="tenure" free="418816" total="8388608" percent="4">
      <mem type="soa" free="0" total="7969792" percent="0" />
      <mem type="loa" free="418816" total="418816" percent="100" />
    </mem>
  </mem-info>
</gc-start>
<allocation-stats totalBytes="4447456" >
  <allocated-bytes non-tlh="1639232" tlh="2808224" />
  <largest-consumer threadName="Thread-5" threadId="0000000001601E00" bytes="1277816" />
</allocation-stats>
<gc-op id="76" type="mark" timems="3.329" contextid="73" timestamp="2019-07-02T19:09:34.322">
  <trace-info objectcount="39068" scancount="31459" scanbytes="1553540" />
  <finalization candidates="25" enqueued="0" />
  <references type="soft" candidates="164" cleared="0" enqueued="0" dynamicThreshold="18" maxThreshold="32" />
  <references type="weak" candidates="281" cleared="0" enqueued="0" />
  <references type="phantom" candidates="97" cleared="0" enqueued="0" />
  <stringconstants candidates="3947" cleared="0"  />
</gc-op>
<gc-op id="77" type="sweep" timems="0.783" contextid="73" timestamp="2019-07-02T19:09:34.323" />
<gc-end id="78" type="global" contextid="73" durationms="4.491" usertimems="8.000" systemtimems="0.000" timestamp="2019-07-02T19:09:34.323" activeThreads="4">
  <mem-info id="79" free="4824728" total="8388608" percent="57">
    <mem type="tenure" free="4824728" total="8388608" percent="57" micro-fragmented="167009" macro-fragmented="0">
      <mem type="soa" free="4405912" total="7969792" percent="55" />
      <mem type="loa" free="418816" total="418816" percent="100" />
    </mem>
  </mem-info>
</gc-end>
<cycle-end id="80" type="global" contextid="73" timestamp="2019-07-02T19:09:34.324">
  <attribute name="GC Util" value="153" />
  <attribute name="CPU Util" value="5381073210280" />
  <attribute name="Time Running"value="921"/>
  <attribute name="Number of cores"value="4"/>
</cycle-end>
<allocation-satisfied id="81" threadId="0000000001605A00" bytesRequested="16392" />
<af-end id="82" timestamp="2019-07-02T19:09:34.324" threadId="0000000001606388" success="true" />
<exclusive-end id="83" timestamp="2019-07-02T19:09:34.324" durationms="5.293" />

<exclusive-start id="84" timestamp="2019-07-02T19:09:34.439" intervalms="120.633">
  <response-info timems="0.034" idlems="0.034" threads="0" lastid="0000000001605A00" lastname="Thread-6" />
</exclusive-start>
<af-start id="85" threadId="0000000001606388" totalBytesRequested="2056" timestamp="2019-07-02T19:09:34.439" intervalms="120.630" />
<cycle-start id="86" type="global" contextid="0" timestamp="2019-07-02T19:09:34.440" intervalms="120.661" />
  <attribute name="GC Util" value="153" />
  <attribute name="CPU Util" value="5381073210280" />
  <attribute name="Time Running"value="921"/>
  <attribute name="Number of cores"value="4"/>
<gc-start id="87" type="global" contextid="86" timestamp="2019-07-02T19:09:34.440">
  <mem-info id="88" free="418816" total="8388608" percent="4">
    <mem type="tenure" free="418816" total="8388608" percent="4">
      <mem type="soa" free="0" total="7969792" percent="0" />
      <mem type="loa" free="418816" total="418816" percent="100" />
    </mem>
  </mem-info>
</gc-start>
<allocation-stats totalBytes="4378648" >
  <allocated-bytes non-tlh="1309496" tlh="3069152" />
  <largest-consumer threadName="Thread-6" threadId="0000000001605A00" bytes="1879264" />
</allocation-stats>
<gc-op id="89" type="mark" timems="2.105" contextid="86" timestamp="2019-07-02T19:09:34.442">
  <trace-info objectcount="39456" scancount="31789" scanbytes="1618176" />
  <finalization candidates="25" enqueued="0" />
  <references type="soft" candidates="164" cleared="0" enqueued="0" dynamicThreshold="18" maxThreshold="32" />
  <references type="weak" candidates="281" cleared="0" enqueued="0" />
  <references type="phantom" candidates="98" cleared="0" enqueued="0" />
  <stringconstants candidates="3947" cleared="0"  />
</gc-op>
<gc-op id="90" type="sweep" timems="0.706" contextid="86" timestamp="2019-07-02T19:09:34.443" />
<gc-end id="91" type="global" contextid="86" durationms="3.147" usertimems="8.000" systemtimems="0.000" timestamp="2019-07-02T19:09:34.443" activeThreads="4">
  <mem-info id="92" free="4753648" total="8388608" percent="56">
    <mem type="tenure" free="4753648" total="8388608" percent="56" micro-fragmented="206885" macro-fragmented="0">
      <mem type="soa" free="4334832" total="7969792" percent="54" />
      <mem type="loa" free="418816" total="418816" percent="100" />
    </mem>
  </mem-info>
</gc-end>
<cycle-end id="93" type="global" contextid="86" timestamp="2019-07-02T19:09:34.443">
  <attribute name="GC Util" value="234" />
  <attribute name="CPU Util" value="8494251010932" />
  <attribute name="Time Running"value="1040"/>
  <attribute name="Number of cores"value="4"/>
</cycle-end>
<allocation-satisfied id="94" threadId="0000000001605A00" bytesRequested="2056" />
<af-end id="95" timestamp="2019-07-02T19:09:34.443" threadId="0000000001606388" success="true" />
<exclusive-end id="96" timestamp="2019-07-02T19:09:34.443" durationms="3.656" />

<exclusive-start id="97" timestamp="2019-07-02T19:09:34.536" intervalms="96.191">
  <response-info timems="0.050" idlems="0.050" threads="0" lastid="00000000015FA600" lastname="Thread-3" />
</exclusive-start>
<af-start id="98" threadId="00000000015FAF88" totalBytesRequested="32776" timestamp="2019-07-02T19:09:34.536" intervalms="96.219" />
<cycle-start id="99" type="global" contextid="0" timestamp="2019-07-02T19:09:34.536" intervalms="96.183" />
  <attribute name="GC Util" value="234" />
  <attribute name="CPU Util" value="8494251010932" />
  <attribute name="Time Running"value="1040"/>
  <attribute name="Number of cores"value="4"/>
<gc-start id="100" type="global" contextid="99" timestamp="2019-07-02T19:09:34.536">
  <mem-info id="101" free="509424" total="8388608" percent="6">
    <mem type="tenure" free="509424" total="8388608" percent="6">
      <mem type="soa" free="90608" total="7969792" percent="1" />
      <mem type="loa" free="418816" total="418816" percent="100" />
    </mem>
  </mem-info>
</gc-start>
<allocation-stats totalBytes="4201608" >
  <allocated-bytes non-tlh="1517488" tlh="2684120" />
  <largest-consumer threadName="Thread-3" threadId="00000000015FA600" bytes="1747184" />
</allocation-stats>
<gc-op id="102" type="mark" timems="2.056" contextid="99" timestamp="2019-07-02T19:09:34.538">
  <trace-info objectcount="39617" scancount="31934" scanbytes="1626784" />
  <finalization candidates="25" enqueued="0" />
  <references type="soft" candidates="164" cleared="0" enqueued="0" dynamicThreshold="18" maxThreshold="32" />
  <references type="weak" candidates="281" cleared="0" enqueued="0" />
  <references type="phantom" candidates="96" cleared="0" enqueued="0" />
  <stringconstants candidates="3947" cleared="0"  />
</gc-op>
<gc-op id="103" type="sweep" timems="0.722" contextid="99" timestamp="2019-07-02T19:09:34.539" />
<gc-end id="104" type="global" contextid="99" durationms="3.008" usertimems="8.000" systemtimems="0.000" timestamp="2019-07-02T19:09:34.539" activeThreads="4">
  <mem-info id="105" free="4656568" total="8388608" percent="55">
    <mem type="tenure" free="4656568" total="8388608" percent="55" micro-fragmented="213034" macro-fragmented="0">
      <mem type="soa" free="4237752" total="7969792" percent="53" />
      <mem type="loa" free="418816" total="418816" percent="100" />
    </mem>
  </mem-info>
</gc-end>
<cycle-end id="106" type="global" contextid="99" timestamp="2019-07-02T19:09:34.539">
  <attribute name="GC Util" value="231" />
  <attribute name="CPU Util" value="8836094834131" />
  <attribute name="Time Running"value="1136"/>
  <attribute name="Number of cores"value="4"/>
</cycle-end>
<allocation-satisfied id="107" threadId="00000000015FA600" bytesRequested="32776" />
<af-end id="108" timestamp="2019-07-02T19:09:34.539" threadId="00000000015FAF88" success="true" />
<exclusive-end id="109" timestamp="2019-07-02T19:09:34.539" durationms="3.449" />

<exclusive-start id="110" timestamp="2019-07-02T19:09:34.578" intervalms="42.268">
  <response-info timems="0.030" idlems="0.030" threads="0" lastid="0000000001601E00" lastname="Thread-5" />
</exclusive-start>
<af-start id="111" threadId="0000000001602788" totalBytesRequested="16" timestamp="2019-07-02T19:09:34.578" intervalms="42.234" />
<cycle-start id="112" type="global" contextid="0" timestamp="2019-07-02T19:09:34.578" intervalms="42.238" />
  <attribute name="GC Util" value="231" />
  <attribute name="CPU Util" value="8836094834131" />
  <attribute name="Time Running"value="1136"/>
  <attribute name="Number of cores"value="4"/>
<gc-start id="113" type="global" contextid="112" timestamp="2019-07-02T19:09:34.578">
  <mem-info id="114" free="418816" total="8388608" percent="4">
    <mem type="tenure" free="418816" total="8388608" percent="4">
      <mem type="soa" free="0" total="7969792" percent="0" />
      <mem type="loa" free="418816" total="418816" percent="100" />
    </mem>
  </mem-info>
</gc-start>
<allocation-stats totalBytes="4214160" >
  <allocated-bytes non-tlh="1814448" tlh="2399712" />
  <largest-consumer threadName="Thread-5" threadId="0000000001601E00" bytes="1698744" />
</allocation-stats>
<gc-op id="115" type="mark" timems="1.929" contextid="112" timestamp="2019-07-02T19:09:34.580">
  <trace-info objectcount="39803" scancount="32023" scanbytes="1626408" />
  <finalization candidates="25" enqueued="0" />
  <references type="soft" candidates="164" cleared="0" enqueued="0" dynamicThreshold="17" maxThreshold="32" />
  <references type="weak" candidates="281" cleared="0" enqueued="0" />
  <references type="phantom" candidates="96" cleared="0" enqueued="0" />
  <stringconstants candidates="3947" cleared="0"  />
</gc-op>
<gc-op id="116" type="sweep" timems="0.707" contextid="112" timestamp="2019-07-02T19:09:34.581" />
<gc-end id="117" type="global" contextid="112" durationms="2.964" usertimems="4.000" systemtimems="0.000" timestamp="2019-07-02T19:09:34.581" activeThreads="4">
  <mem-info id="118" free="4728680" total="8388608" percent="56">
    <mem type="tenure" free="4728680" total="8388608" percent="56" micro-fragmented="272062" macro-fragmented="0">
      <mem type="soa" free="4309864" total="7969792" percent="54" />
      <mem type="loa" free="418816" total="418816" percent="100" />
    </mem>
  </mem-info>
</gc-end>
<cycle-end id="119" type="global" contextid="112" timestamp="2019-07-02T19:09:34.581">
  <attribute name="GC Util" value="237" />
  <attribute name="CPU Util" value="9187957053310" />
  <attribute name="Time Running"value="1178"/>
  <attribute name="Number of cores"value="4"/>
</cycle-end>
<allocation-satisfied id="120" threadId="0000000001601E00" bytesRequested="16" />
<af-end id="121" timestamp="2019-07-02T19:09:34.581" threadId="0000000001602788" success="true" />
<exclusive-end id="122" timestamp="2019-07-02T19:09:34.581" durationms="3.692" />

<exclusive-start id="123" timestamp="2019-07-02T19:09:34.618" intervalms="39.856">
  <response-info timems="0.027" idlems="0.027" threads="0" lastid="0000000001605A00" lastname="Thread-6" />
</exclusive-start>
<af-start id="124" threadId="0000000001606388" totalBytesRequested="16392" timestamp="2019-07-02T19:09:34.618" intervalms="39.862" />
<cycle-start id="125" type="global" contextid="0" timestamp="2019-07-02T19:09:34.618" intervalms="39.856" />
  <attribute name="GC Util" value="237" />
  <attribute name="CPU Util" value="9187957053310" />
  <attribute name="Time Running"value="1178"/>
  <attribute name="Number of cores"value="4"/>
<gc-start id="126" type="global" contextid="125" timestamp="2019-07-02T19:09:34.618">
  <mem-info id="127" free="418816" total="8388608" percent="4">
    <mem type="tenure" free="418816" total="8388608" percent="4">
      <mem type="soa" free="0" total="7969792" percent="0" />
      <mem type="loa" free="418816" total="418816" percent="100" />
    </mem>
  </mem-info>
</gc-start>
<allocation-stats totalBytes="4236776" >
  <allocated-bytes non-tlh="1729712" tlh="2507064" />
  <largest-consumer threadName="Thread-4" threadId="00000000015FE200" bytes="1416720" />
</allocation-stats>
<gc-op id="128" type="mark" timems="1.754" contextid="125" timestamp="2019-07-02T19:09:34.620">
  <trace-info objectcount="38555" scancount="31001" scanbytes="1471424" />
  <finalization candidates="25" enqueued="0" />
  <references type="soft" candidates="164" cleared="0" enqueued="0" dynamicThreshold="18" maxThreshold="32" />
  <references type="weak" candidates="281" cleared="0" enqueued="0" />
  <references type="phantom" candidates="96" cleared="0" enqueued="0" />
  <stringconstants candidates="3947" cleared="0"  />
</gc-op>
<gc-op id="129" type="sweep" timems="0.707" contextid="125" timestamp="2019-07-02T19:09:34.620" />
<gc-end id="130" type="global" contextid="125" durationms="2.734" usertimems="4.000" systemtimems="0.000" timestamp="2019-07-02T19:09:34.621" activeThreads="4">
  <mem-info id="131" free="5145824" total="8388608" percent="61">
    <mem type="tenure" free="5145824" total="8388608" percent="61" micro-fragmented="197107" macro-fragmented="0">
      <mem type="soa" free="4727008" total="7969792" percent="59" />
      <mem type="loa" free="418816" total="418816" percent="100" />
    </mem>
  </mem-info>
</gc-end>
<cycle-end id="132" type="global" contextid="125" timestamp="2019-07-02T19:09:34.621">
  <attribute name="GC Util" value="234" />
  <attribute name="CPU Util" value="10276852147060" />
  <attribute name="Time Running"value="1218"/>
  <attribute name="Number of cores"value="4"/>
</cycle-end>
<allocation-satisfied id="133" threadId="0000000001605A00" bytesRequested="16392" />
<af-end id="134" timestamp="2019-07-02T19:09:34.621" threadId="0000000001606388" success="true" />
<exclusive-end id="135" timestamp="2019-07-02T19:09:34.621" durationms="3.494" />

<exclusive-start id="136" timestamp="2019-07-02T19:09:34.662" intervalms="44.210">
  <response-info timems="0.062" idlems="0.062" threads="0" lastid="0000000001605A00" lastname="Thread-6" />
</exclusive-start>
<af-start id="137" threadId="0000000001606388" totalBytesRequested="32776" timestamp="2019-07-02T19:09:34.662" intervalms="44.184" />
<cycle-start id="138" type="global" contextid="0" timestamp="2019-07-02T19:09:34.662" intervalms="44.175" />
  <attribute name="GC Util" value="234" />
  <attribute name="CPU Util" value="10276852147060" />
  <attribute name="Time Running"value="1218"/>
  <attribute name="Number of cores"value="4"/>
<gc-start id="139" type="global" contextid="138" timestamp="2019-07-02T19:09:34.662">
  <mem-info id="140" free="504144" total="8388608" percent="6">
    <mem type="tenure" free="504144" total="8388608" percent="6">
      <mem type="soa" free="85328" total="7969792" percent="1" />
      <mem type="loa" free="418816" total="418816" percent="100" />
    </mem>
  </mem-info>
</gc-start>
<allocation-stats totalBytes="4567816" >
  <allocated-bytes non-tlh="1642536" tlh="2925280" />
  <largest-consumer threadName="Thread-4" threadId="00000000015FE200" bytes="1294688" />
</allocation-stats>
<gc-op id="141" type="mark" timems="0.996" contextid="138" timestamp="2019-07-02T19:09:34.663">
  <trace-info objectcount="39279" scancount="31584" scanbytes="1576172" />
  <finalization candidates="25" enqueued="0" />
  <references type="soft" candidates="164" cleared="0" enqueued="0" dynamicThreshold="19" maxThreshold="32" />
  <references type="weak" candidates="281" cleared="0" enqueued="0" />
  <references type="phantom" candidates="96" cleared="0" enqueued="0" />
  <stringconstants candidates="3947" cleared="0"  />
</gc-op>
<gc-op id="142" type="sweep" timems="0.281" contextid="138" timestamp="2019-07-02T19:09:34.663" />
<gc-end id="143" type="global" contextid="138" durationms="1.472" usertimems="4.000" systemtimems="0.000" timestamp="2019-07-02T19:09:34.664" activeThreads="4">
  <mem-info id="144" free="4796072" total="8388608" percent="57">
    <mem type="tenure" free="4796072" total="8388608" percent="57" micro-fragmented="192139" macro-fragmented="0">
      <mem type="soa" free="4377256" total="7969792" percent="54" />
      <mem type="loa" free="418816" total="418816" percent="100" />
    </mem>
  </mem-info>
</gc-end>
<cycle-end id="145" type="global" contextid="138" timestamp="2019-07-02T19:09:34.664">
  <attribute name="GC Util" value="228" />
  <attribute name="CPU Util" value="17887387569799" />
  <attribute name="Time Running"value="1261"/>
  <attribute name="Number of cores"value="4"/>
</cycle-end>
<allocation-satisfied id="146" threadId="0000000001605A00" bytesRequested="32776" />
<af-end id="147" timestamp="2019-07-02T19:09:34.664" threadId="0000000001606388" success="true" />
<exclusive-end id="148" timestamp="2019-07-02T19:09:34.664" durationms="1.972" />

<exclusive-start id="149" timestamp="2019-07-02T19:09:34.700" intervalms="38.247">
  <response-info timems="0.041" idlems="0.041" threads="0" lastid="0000000001601E00" lastname="Thread-5" />
</exclusive-start>
<af-start id="150" threadId="0000000001602788" totalBytesRequested="32" timestamp="2019-07-02T19:09:34.700" intervalms="38.261" />
<cycle-start id="151" type="global" contextid="0" timestamp="2019-07-02T19:09:34.700" intervalms="38.276" />
  <attribute name="GC Util" value="228" />
  <attribute name="CPU Util" value="17887387569799" />
  <attribute name="Time Running"value="1261"/>
  <attribute name="Number of cores"value="4"/>
<gc-start id="152" type="global" contextid="151" timestamp="2019-07-02T19:09:34.700">
  <mem-info id="153" free="418816" total="8388608" percent="4">
    <mem type="tenure" free="418816" total="8388608" percent="4">
      <mem type="soa" free="0" total="7969792" percent="0" />
      <mem type="loa" free="418816" total="418816" percent="100" />
    </mem>
  </mem-info>
</gc-start>
<allocation-stats totalBytes="4354592" >
  <allocated-bytes non-tlh="1831976" tlh="2522616" />
  <largest-consumer threadName="Thread-4" threadId="00000000015FE200" bytes="1863352" />
</allocation-stats>
<gc-op id="154" type="mark" timems="1.914" contextid="151" timestamp="2019-07-02T19:09:34.702">
  <trace-info objectcount="39659" scancount="31936" scanbytes="1625124" />
  <finalization candidates="25" enqueued="0" />
  <references type="soft" candidates="164" cleared="0" enqueued="0" dynamicThreshold="18" maxThreshold="32" />
  <references type="weak" candidates="281" cleared="0" enqueued="0" />
  <references type="phantom" candidates="96" cleared="0" enqueued="0" />
  <stringconstants candidates="3947" cleared="0"  />
</gc-op>
<gc-op id="155" type="sweep" timems="0.706" contextid="151" timestamp="2019-07-02T19:09:34.703" />
<gc-end id="156" type="global" contextid="151" durationms="2.855" usertimems="4.000" systemtimems="0.000" timestamp="2019-07-02T19:09:34.703" activeThreads="4">
  <mem-info id="157" free="4662400" total="8388608" percent="55">
    <mem type="tenure" free="4662400" total="8388608" percent="55" micro-fragmented="132352" macro-fragmented="0">
      <mem type="soa" free="4243584" total="7969792" percent="53" />
      <mem type="loa" free="418816" total="418816" percent="100" />
    </mem>
  </mem-info>
</gc-end>
<cycle-end id="158" type="global" contextid="151" timestamp="2019-07-02T19:09:34.703">
  <attribute name="GC Util" value="226" />
  <attribute name="CPU Util" value="9431294348672" />
  <attribute name="Time Running"value="1301"/>
  <attribute name="Number of cores"value="4"/>
</cycle-end>
<allocation-satisfied id="159" threadId="0000000001601E00" bytesRequested="32" />
<af-end id="160" timestamp="2019-07-02T19:09:34.703" threadId="0000000001602788" success="true" />
<exclusive-end id="161" timestamp="2019-07-02T19:09:34.703" durationms="3.351" />

<exclusive-start id="162" timestamp="2019-07-02T19:09:34.748" intervalms="47.503">
  <response-info timems="0.031" idlems="0.031" threads="0" lastid="00000000015FE200" lastname="Thread-4" />
</exclusive-start>
<af-start id="163" threadId="00000000015FEB88" totalBytesRequested="16392" timestamp="2019-07-02T19:09:34.748" intervalms="47.508" />
<cycle-start id="164" type="global" contextid="0" timestamp="2019-07-02T19:09:34.748" intervalms="47.504" />
  <attribute name="GC Util" value="226" />
  <attribute name="CPU Util" value="9431294348672" />
  <attribute name="Time Running"value="1301"/>
  <attribute name="Number of cores"value="4"/>
<gc-start id="165" type="global" contextid="164" timestamp="2019-07-02T19:09:34.748">
  <mem-info id="166" free="418816" total="8388608" percent="4">
    <mem type="tenure" free="418816" total="8388608" percent="4">
      <mem type="soa" free="0" total="7969792" percent="0" />
      <mem type="loa" free="418816" total="418816" percent="100" />
    </mem>
  </mem-info>
</gc-start>
<allocation-stats totalBytes="4166552" >
  <allocated-bytes non-tlh="1706096" tlh="2460456" />
  <largest-consumer threadName="Thread-4" threadId="00000000015FE200" bytes="1607064" />
</allocation-stats>
<gc-op id="167" type="mark" timems="1.968" contextid="164" timestamp="2019-07-02T19:09:34.750">
  <trace-info objectcount="39042" scancount="31380" scanbytes="1570880" />
  <finalization candidates="25" enqueued="0" />
  <references type="soft" candidates="164" cleared="0" enqueued="0" dynamicThreshold="17" maxThreshold="32" />
  <references type="weak" candidates="281" cleared="0" enqueued="0" />
  <references type="phantom" candidates="97" cleared="0" enqueued="0" />
  <stringconstants candidates="3947" cleared="0"  />
</gc-op>
<gc-op id="168" type="sweep" timems="0.743" contextid="164" timestamp="2019-07-02T19:09:34.751" />
<gc-end id="169" type="global" contextid="164" durationms="2.978" usertimems="4.000" systemtimems="4.000" timestamp="2019-07-02T19:09:34.751" activeThreads="4">
  <mem-info id="170" free="4907712" total="8388608" percent="58">
    <mem type="tenure" free="4907712" total="8388608" percent="58" micro-fragmented="198556" macro-fragmented="0">
      <mem type="soa" free="4488896" total="7969792" percent="56" />
      <mem type="loa" free="418816" total="418816" percent="100" />
    </mem>
  </mem-info>
</gc-end>
<cycle-end id="171" type="global" contextid="164" timestamp="2019-07-02T19:09:34.751">
  <attribute name="GC Util" value="239" />
  <attribute name="CPU Util" value="9163930200375" />
  <attribute name="Time Running"value="1348"/>
  <attribute name="Number of cores"value="4"/>
</cycle-end>
<allocation-satisfied id="172" threadId="00000000015FE200" bytesRequested="16392" />
<af-end id="173" timestamp="2019-07-02T19:09:34.751" threadId="00000000015FEB88" success="true" />
<exclusive-end id="174" timestamp="2019-07-02T19:09:34.751" durationms="3.394" />

<exclusive-start id="175" timestamp="2019-07-02T19:09:34.786" intervalms="38.465">
  <response-info timems="0.039" idlems="0.039" threads="0" lastid="0000000001601E00" lastname="Thread-5" />
</exclusive-start>
<af-start id="176" threadId="0000000001602788" totalBytesRequested="2056" timestamp="2019-07-02T19:09:34.786" intervalms="38.462" />
<cycle-start id="177" type="global" contextid="0" timestamp="2019-07-02T19:09:34.786" intervalms="38.465" />
  <attribute name="GC Util" value="239" />
  <attribute name="CPU Util" value="9163930200375" />
  <attribute name="Time Running"value="1348"/>
  <attribute name="Number of cores"value="4"/>
<gc-start id="178" type="global" contextid="177" timestamp="2019-07-02T19:09:34.786">
  <mem-info id="179" free="418816" total="8388608" percent="4">
    <mem type="tenure" free="418816" total="8388608" percent="4">
      <mem type="soa" free="0" total="7969792" percent="0" />
      <mem type="loa" free="418816" total="418816" percent="100" />
    </mem>
  </mem-info>
</gc-start>
<allocation-stats totalBytes="4407880" >
  <allocated-bytes non-tlh="1771600" tlh="2636280" />
  <largest-consumer threadName="Thread-3" threadId="00000000015FA600" bytes="1663072" />
</allocation-stats>
<gc-op id="180" type="mark" timems="2.268" contextid="177" timestamp="2019-07-02T19:09:34.789">
  <trace-info objectcount="39591" scancount="31861" scanbytes="1621608" />
  <finalization candidates="25" enqueued="0" />
  <references type="soft" candidates="164" cleared="0" enqueued="0" dynamicThreshold="18" maxThreshold="32" />
  <references type="weak" candidates="281" cleared="0" enqueued="0" />
  <references type="phantom" candidates="97" cleared="0" enqueued="0" />
  <stringconstants candidates="3947" cleared="0"  />
</gc-op>
<gc-op id="181" type="sweep" timems="0.761" contextid="177" timestamp="2019-07-02T19:09:34.789" />
<gc-end id="182" type="global" contextid="177" durationms="3.271" usertimems="4.000" systemtimems="4.000" timestamp="2019-07-02T19:09:34.790" activeThreads="4">
  <mem-info id="183" free="4717384" total="8388608" percent="56">
    <mem type="tenure" free="4717384" total="8388608" percent="56" micro-fragmented="273375" macro-fragmented="0">
      <mem type="soa" free="4298568" total="7969792" percent="53" />
      <mem type="loa" free="418816" total="418816" percent="100" />
    </mem>
  </mem-info>
</gc-end>
<cycle-end id="184" type="global" contextid="177" timestamp="2019-07-02T19:09:34.790">
  <attribute name="GC Util" value="239" />
  <attribute name="CPU Util" value="7969405932308" />
  <attribute name="Time Running"value="1387"/>
  <attribute name="Number of cores"value="4"/>
</cycle-end>
<allocation-satisfied id="185" threadId="0000000001601E00" bytesRequested="2056" />
<af-end id="186" timestamp="2019-07-02T19:09:34.790" threadId="0000000001602788" success="true" />
<exclusive-end id="187" timestamp="2019-07-02T19:09:34.790" durationms="3.958" />

<exclusive-start id="188" timestamp="2019-07-02T19:09:34.828" intervalms="42.039">
  <response-info timems="0.045" idlems="0.045" threads="0" lastid="00000000015FE200" lastname="Thread-4" />
</exclusive-start>
<af-start id="189" threadId="00000000015FEB88" totalBytesRequested="16392" timestamp="2019-07-02T19:09:34.828" intervalms="42.039" />
<cycle-start id="190" type="global" contextid="0" timestamp="2019-07-02T19:09:34.828" intervalms="42.036" />
  <attribute name="GC Util" value="239" />
  <attribute name="CPU Util" value="7969405932308" />
  <attribute name="Time Running"value="1387"/>
  <attribute name="Number of cores"value="4"/>
<gc-start id="191" type="global" contextid="190" timestamp="2019-07-02T19:09:34.828">
  <mem-info id="192" free="427432" total="8388608" percent="5">
    <mem type="tenure" free="427432" total="8388608" percent="5">
      <mem type="soa" free="8616" total="7969792" percent="0" />
      <mem type="loa" free="418816" total="418816" percent="100" />
    </mem>
  </mem-info>
</gc-start>
<allocation-stats totalBytes="4215640" >
  <allocated-bytes non-tlh="1777736" tlh="2437904" />
  <largest-consumer threadName="Thread-3" threadId="00000000015FA600" bytes="1374520" />
</allocation-stats>
<gc-op id="193" type="mark" timems="2.106" contextid="190" timestamp="2019-07-02T19:09:34.831">
  <trace-info objectcount="39186" scancount="31496" scanbytes="1573992" />
  <finalization candidates="25" enqueued="0" />
  <references type="soft" candidates="164" cleared="0" enqueued="0" dynamicThreshold="17" maxThreshold="32" />
  <references type="weak" candidates="281" cleared="0" enqueued="0" />
  <references type="phantom" candidates="96" cleared="0" enqueued="0" />
  <stringconstants candidates="3947" cleared="0"  />
</gc-op>
<gc-op id="194" type="sweep" timems="0.731" contextid="190" timestamp="2019-07-02T19:09:34.831" />
<gc-end id="195" type="global" contextid="190" durationms="3.085" usertimems="12.000" systemtimems="0.000" timestamp="2019-07-02T19:09:34.831" activeThreads="4">
  <mem-info id="196" free="4860472" total="8388608" percent="57">
    <mem type="tenure" free="4860472" total="8388608" percent="57" micro-fragmented="296273" macro-fragmented="0">
      <mem type="soa" free="4441656" total="7969792" percent="55" />
      <mem type="loa" free="418816" total="418816" percent="100" />
    </mem>
  </mem-info>
</gc-end>
<cycle-end id="197" type="global" contextid="190" timestamp="2019-07-02T19:09:34.831">
  <attribute name="GC Util" value="248" />
  <attribute name="CPU Util" value="8551335410002" />
  <attribute name="Time Running"value="1429"/>
  <attribute name="Number of cores"value="4"/>
</cycle-end>
<allocation-satisfied id="198" threadId="00000000015FE200" bytesRequested="16392" />
<af-end id="199" timestamp="2019-07-02T19:09:34.832" threadId="00000000015FEB88" success="true" />
<exclusive-end id="200" timestamp="2019-07-02T19:09:34.832" durationms="3.494" />

<exclusive-start id="201" timestamp="2019-07-02T19:09:34.869" intervalms="40.560">
  <response-info timems="0.038" idlems="0.038" threads="0" lastid="0000000001601E00" lastname="Thread-5" />
</exclusive-start>
<af-start id="202" threadId="0000000001602788" totalBytesRequested="16" timestamp="2019-07-02T19:09:34.869" intervalms="40.559" />
<cycle-start id="203" type="global" contextid="0" timestamp="2019-07-02T19:09:34.869" intervalms="40.560" />
  <attribute name="GC Util" value="248" />
  <attribute name="CPU Util" value="8551335410002" />
  <attribute name="Time Running"value="1429"/>
  <attribute name="Number of cores"value="4"/>
<gc-start id="204" type="global" contextid="203" timestamp="2019-07-02T19:09:34.869">
  <mem-info id="205" free="418816" total="8388608" percent="4">
    <mem type="tenure" free="418816" total="8388608" percent="4">
      <mem type="soa" free="0" total="7969792" percent="0" />
      <mem type="loa" free="418816" total="418816" percent="100" />
    </mem>
  </mem-info>
</gc-start>
<allocation-stats totalBytes="4393320" >
  <allocated-bytes non-tlh="1752752" tlh="2640568" />
  <largest-consumer threadName="Thread-6" threadId="0000000001605A00" bytes="1724560" />
</allocation-stats>
<heap-resize id="206" type="loa contract" space="tenure" amount="83968" count="1" timems="0.000" reason="contract underutilized loa" timestamp="2019-07-02T19:09:34.869" />
<gc-op id="207" type="mark" timems="2.053" contextid="203" timestamp="2019-07-02T19:09:34.871">
  <trace-info objectcount="39771" scancount="31988" scanbytes="1625908" />
  <finalization candidates="25" enqueued="0" />
  <references type="soft" candidates="164" cleared="0" enqueued="0" dynamicThreshold="18" maxThreshold="32" />
  <references type="weak" candidates="281" cleared="0" enqueued="0" />
  <references type="phantom" candidates="96" cleared="0" enqueued="0" />
  <stringconstants candidates="3947" cleared="0"  />
</gc-op>
<gc-op id="208" type="sweep" timems="0.759" contextid="203" timestamp="2019-07-02T19:09:34.872" />
<gc-end id="209" type="global" contextid="203" durationms="3.122" usertimems="4.000" systemtimems="0.000" timestamp="2019-07-02T19:09:34.872" activeThreads="4">
  <mem-info id="210" free="4665816" total="8388608" percent="55">
    <mem type="tenure" free="4665816" total="8388608" percent="55" micro-fragmented="209154" macro-fragmented="0">
      <mem type="soa" free="4330968" total="8053760" percent="53" />
      <mem type="loa" free="334848" total="334848" percent="100" />
    </mem>
  </mem-info>
</gc-end>
<cycle-end id="211" type="global" contextid="203" timestamp="2019-07-02T19:09:34.872">
  <attribute name="GC Util" value="252" />
  <attribute name="CPU Util" value="8807259829948" />
  <attribute name="Time Running"value="1469"/>
  <attribute name="Number of cores"value="4"/>
</cycle-end>
<allocation-satisfied id="212" threadId="0000000001601E00" bytesRequested="16" />
<af-end id="213" timestamp="2019-07-02T19:09:34.872" threadId="0000000001602788" success="true" />
<exclusive-end id="214" timestamp="2019-07-02T19:09:34.873" durationms="3.858" />

<exclusive-start id="215" timestamp="2019-07-02T19:09:34.908" intervalms="39.616">
  <response-info timems="0.049" idlems="0.049" threads="0" lastid="00000000015FA600" lastname="Thread-3" />
</exclusive-start>
<af-start id="216" threadId="00000000015FAF88" totalBytesRequested="16392" timestamp="2019-07-02T19:09:34.908" intervalms="39.604" />
<cycle-start id="217" type="global" contextid="0" timestamp="2019-07-02T19:09:34.908" intervalms="39.592" />
  <attribute name="GC Util" value="252" />
  <attribute name="CPU Util" value="8807259829948" />
  <attribute name="Time Running"value="1469"/>
  <attribute name="Number of cores"value="4"/>
<gc-start id="218" type="global" contextid="217" timestamp="2019-07-02T19:09:34.908">
  <mem-info id="219" free="334848" total="8388608" percent="3">
    <mem type="tenure" free="334848" total="8388608" percent="3">
      <mem type="soa" free="0" total="8053760" percent="0" />
      <mem type="loa" free="334848" total="334848" percent="100" />
    </mem>
  </mem-info>
</gc-start>
<allocation-stats totalBytes="4217264" >
  <allocated-bytes non-tlh="1641248" tlh="2576016" />
  <largest-consumer threadName="Thread-4" threadId="00000000015FE200" bytes="1477152" />
</allocation-stats>
<heap-resize id="220" type="loa contract" space="tenure" amount="83968" count="1" timems="0.000" reason="contract underutilized loa" timestamp="2019-07-02T19:09:34.909" />
<gc-op id="221" type="mark" timems="1.158" contextid="217" timestamp="2019-07-02T19:09:34.910">
  <trace-info objectcount="38753" scancount="31099" scanbytes="1541428" />
  <finalization candidates="25" enqueued="0" />
  <references type="soft" candidates="164" cleared="0" enqueued="0" dynamicThreshold="17" maxThreshold="32" />
  <references type="weak" candidates="281" cleared="0" enqueued="0" />
  <references type="phantom" candidates="96" cleared="0" enqueued="0" />
  <stringconstants candidates="3947" cleared="0"  />
</gc-op>
<gc-op id="222" type="sweep" timems="0.243" contextid="217" timestamp="2019-07-02T19:09:34.910" />
<gc-end id="223" type="global" contextid="217" durationms="1.630" usertimems="4.000" systemtimems="0.000" timestamp="2019-07-02T19:09:34.910" activeThreads="4">
  <mem-info id="224" free="4877880" total="8388608" percent="58">
    <mem type="tenure" free="4877880" total="8388608" percent="58" micro-fragmented="209006" macro-fragmented="0">
      <mem type="soa" free="4627000" total="8137728" percent="56" />
      <mem type="loa" free="250880" total="250880" percent="100" />
    </mem>
  </mem-info>
</gc-end>
<cycle-end id="225" type="global" contextid="217" timestamp="2019-07-02T19:09:34.910">
  <attribute name="GC Util" value="181" />
  <attribute name="CPU Util" value="15467579902334" />
  <attribute name="Time Running"value="1508"/>
  <attribute name="Number of cores"value="4"/>
</cycle-end>
<allocation-satisfied id="226" threadId="00000000015FA600" bytesRequested="16392" />
<af-end id="227" timestamp="2019-07-02T19:09:34.910" threadId="00000000015FAF88" success="true" />
<exclusive-end id="228" timestamp="2019-07-02T19:09:34.910" durationms="2.067" />

<exclusive-start id="229" timestamp="2019-07-02T19:09:34.945" intervalms="37.206">
  <response-info timems="0.036" idlems="0.036" threads="0" lastid="00000000015FA600" lastname="Thread-3" />
</exclusive-start>
<af-start id="230" threadId="00000000015FAF88" totalBytesRequested="48" timestamp="2019-07-02T19:09:34.946" intervalms="37.206" />
<cycle-start id="231" type="global" contextid="0" timestamp="2019-07-02T19:09:34.946" intervalms="37.208" />
  <attribute name="GC Util" value="181" />
  <attribute name="CPU Util" value="15467579902334" />
  <attribute name="Time Running"value="1508"/>
  <attribute name="Number of cores"value="4"/>
<gc-start id="232" type="global" contextid="231" timestamp="2019-07-02T19:09:34.946">
  <mem-info id="233" free="250880" total="8388608" percent="2">
    <mem type="tenure" free="250880" total="8388608" percent="2">
      <mem type="soa" free="0" total="8137728" percent="0" />
      <mem type="loa" free="250880" total="250880" percent="100" />
    </mem>
  </mem-info>
</gc-start>
<allocation-stats totalBytes="4532064" >
  <allocated-bytes non-tlh="1825800" tlh="2706264" />
  <largest-consumer threadName="Thread-6" threadId="0000000001605A00" bytes="1898000" />
</allocation-stats>
<heap-resize id="234" type="loa contract" space="tenure" amount="83968" count="1" timems="0.000" reason="contract underutilized loa" timestamp="2019-07-02T19:09:34.946" />
<gc-op id="235" type="mark" timems="1.080" contextid="231" timestamp="2019-07-02T19:09:34.947">
  <trace-info objectcount="38981" scancount="31340" scanbytes="1603272" />
  <finalization candidates="25" enqueued="0" />
  <references type="soft" candidates="164" cleared="0" enqueued="0" dynamicThreshold="18" maxThreshold="32" />
  <references type="weak" candidates="281" cleared="0" enqueued="0" />
  <references type="phantom" candidates="98" cleared="0" enqueued="0" />
  <stringconstants candidates="3947" cleared="0"  />
</gc-op>
<gc-op id="236" type="sweep" timems="0.280" contextid="231" timestamp="2019-07-02T19:09:34.947" />
<gc-end id="237" type="global" contextid="231" durationms="1.593" usertimems="4.000" systemtimems="0.000" timestamp="2019-07-02T19:09:34.947" activeThreads="4">
  <mem-info id="238" free="4872592" total="8388608" percent="58">
    <mem type="tenure" free="4872592" total="8388608" percent="58" micro-fragmented="199536" macro-fragmented="0">
      <mem type="soa" free="4705680" total="8221696" percent="57" />
      <mem type="loa" free="166912" total="166912" percent="100" />
    </mem>
  </mem-info>
</gc-end>
<cycle-end id="239" type="global" contextid="231" timestamp="2019-07-02T19:09:34.947">
  <attribute name="GC Util" value="209" />
  <attribute name="CPU Util" value="16544639901956" />
  <attribute name="Time Running"value="1545"/>
  <attribute name="Number of cores"value="4"/>
</cycle-end>
<allocation-satisfied id="240" threadId="00000000015FA600" bytesRequested="48" />
<af-end id="241" timestamp="2019-07-02T19:09:34.947" threadId="00000000015FAF88" success="true" />
<exclusive-end id="242" timestamp="2019-07-02T19:09:34.947" durationms="1.922" />

<exclusive-start id="243" timestamp="2019-07-02T19:09:34.987" intervalms="41.064">
  <response-info timems="0.037" idlems="0.037" threads="0" lastid="00000000015FE200" lastname="Thread-4" />
</exclusive-start>
<af-start id="244" threadId="00000000015FEB88" totalBytesRequested="8200" timestamp="2019-07-02T19:09:34.987" intervalms="41.073" />
<cycle-start id="245" type="global" contextid="0" timestamp="2019-07-02T19:09:34.987" intervalms="41.081" />
  <attribute name="GC Util" value="209" />
  <attribute name="CPU Util" value="16544639901956" />
  <attribute name="Time Running"value="1545"/>
  <attribute name="Number of cores"value="4"/>
<gc-start id="246" type="global" contextid="245" timestamp="2019-07-02T19:09:34.987">
  <mem-info id="247" free="166912" total="8388608" percent="1">
    <mem type="tenure" free="166912" total="8388608" percent="1">
      <mem type="soa" free="0" total="8221696" percent="0" />
      <mem type="loa" free="166912" total="166912" percent="100" />
    </mem>
  </mem-info>
</gc-start>
<allocation-stats totalBytes="4640504" >
  <allocated-bytes non-tlh="1642488" tlh="2998016" />
  <largest-consumer threadName="Thread-4" threadId="00000000015FE200" bytes="1585648" />
</allocation-stats>
<heap-resize id="248" type="loa contract" space="tenure" amount="83968" count="1" timems="0.000" reason="contract underutilized loa" timestamp="2019-07-02T19:09:34.987" />
<gc-op id="249" type="mark" timems="2.147" contextid="245" timestamp="2019-07-02T19:09:34.989">
  <trace-info objectcount="39052" scancount="31387" scanbytes="1604804" />
  <finalization candidates="25" enqueued="0" />
  <references type="soft" candidates="164" cleared="15" enqueued="14" dynamicThreshold="18" maxThreshold="32" />
  <references type="weak" candidates="281" cleared="0" enqueued="0" />
  <references type="phantom" candidates="97" cleared="0" enqueued="0" />
  <stringconstants candidates="3947" cleared="0"  />
</gc-op>
<gc-op id="250" type="sweep" timems="0.913" contextid="245" timestamp="2019-07-02T19:09:34.990" />
<gc-end id="251" type="global" contextid="245" durationms="3.346" usertimems="8.000" systemtimems="0.000" timestamp="2019-07-02T19:09:34.990" activeThreads="4">
  <mem-info id="252" free="4813200" total="8388608" percent="57">
    <mem type="tenure" free="4813200" total="8388608" percent="57" micro-fragmented="209238" macro-fragmented="0">
      <mem type="soa" free="4730256" total="8305664" percent="56" />
      <mem type="loa" free="82944" total="82944" percent="100" />
    </mem>
    <pending-finalizers system="0" default="0" reference="14" classloader="0" />
  </mem-info>
</gc-end>
<cycle-end id="253" type="global" contextid="245" timestamp="2019-07-02T19:09:34.990">
  <attribute name="GC Util" value="216" />
  <attribute name="CPU Util" value="8358398937549" />
  <attribute name="Time Running"value="1587"/>
  <attribute name="Number of cores"value="4"/>
</cycle-end>
<allocation-satisfied id="254" threadId="00000000015FE200" bytesRequested="8200" />
<af-end id="255" timestamp="2019-07-02T19:09:34.990" threadId="00000000015FEB88" success="true" />
<exclusive-end id="256" timestamp="2019-07-02T19:09:34.991" durationms="4.012" />

<exclusive-start id="257" timestamp="2019-07-02T19:09:35.023" intervalms="36.258">
  <response-info timems="0.036" idlems="0.036" threads="0" lastid="00000000015FE200" lastname="Thread-4" />
</exclusive-start>
<af-start id="258" threadId="00000000015FEB88" totalBytesRequested="8200" timestamp="2019-07-02T19:09:35.023" intervalms="36.263" />
<cycle-start id="259" type="global" contextid="0" timestamp="2019-07-02T19:09:35.023" intervalms="36.264" />
  <attribute name="GC Util" value="216" />
  <attribute name="CPU Util" value="8358398937549" />
  <attribute name="Time Running"value="1587"/>
  <attribute name="Number of cores"value="4"/>
<gc-start id="260" type="global" contextid="259" timestamp="2019-07-02T19:09:35.023">
  <mem-info id="261" free="82944" total="8388608" percent="0">
    <mem type="tenure" free="82944" total="8388608" percent="0">
      <mem type="soa" free="0" total="8305664" percent="0" />
      <mem type="loa" free="82944" total="82944" percent="100" />
    </mem>
  </mem-info>
</gc-start>
<allocation-stats totalBytes="4549656" >
  <allocated-bytes non-tlh="1854552" tlh="2695104" />
  <largest-consumer threadName="Thread-5" threadId="0000000001601E00" bytes="1818320" />
</allocation-stats>
<gc-op id="262" type="mark" timems="1.891" contextid="259" timestamp="2019-07-02T19:09:35.025">
  <trace-info objectcount="38640" scancount="31029" scanbytes="1594072" />
  <finalization candidates="25" enqueued="0" />
  <references type="soft" candidates="149" cleared="59" enqueued="59" dynamicThreshold="18" maxThreshold="32" />
  <references type="weak" candidates="281" cleared="0" enqueued="0" />
  <references type="phantom" candidates="97" cleared="0" enqueued="0" />
  <stringconstants candidates="3947" cleared="0"  />
</gc-op>
<gc-op id="263" type="sweep" timems="0.756" contextid="259" timestamp="2019-07-02T19:09:35.026" />
<gc-end id="264" type="global" contextid="259" durationms="2.886" usertimems="8.000" systemtimems="0.000" timestamp="2019-07-02T19:09:35.026" activeThreads="4">
  <mem-info id="265" free="4861056" total="8388608" percent="57">
    <mem type="tenure" free="4861056" total="8388608" percent="57" micro-fragmented="156682" macro-fragmented="0">
      <mem type="soa" free="4778112" total="8305664" percent="57" />
      <mem type="loa" free="82944" total="82944" percent="100" />
    </mem>
    <pending-finalizers system="0" default="0" reference="59" classloader="0" />
  </mem-info>
</gc-end>
<cycle-end id="266" type="global" contextid="259" timestamp="2019-07-02T19:09:35.026">
  <attribute name="GC Util" value="244" />
  <attribute name="CPU Util" value="9461435951136" />
  <attribute name="Time Running"value="1623"/>
  <attribute name="Number of cores"value="4"/>
</cycle-end>
<allocation-satisfied id="267" threadId="00000000015FE200" bytesRequested="8200" />
<af-end id="268" timestamp="2019-07-02T19:09:35.026" threadId="00000000015FEB88" success="true" />
<exclusive-end id="269" timestamp="2019-07-02T19:09:35.026" durationms="3.559" />

<exclusive-start id="270" timestamp="2019-07-02T19:09:35.067" intervalms="44.325">
  <response-info timems="0.038" idlems="0.038" threads="0" lastid="0000000001605A00" lastname="Thread-6" />
</exclusive-start>
<af-start id="271" threadId="0000000001606388" totalBytesRequested="48" timestamp="2019-07-02T19:09:35.067" intervalms="44.322" />
<cycle-start id="272" type="global" contextid="0" timestamp="2019-07-02T19:09:35.067" intervalms="44.319" />
  <attribute name="GC Util" value="244" />
  <attribute name="CPU Util" value="9461435951136" />
  <attribute name="Time Running"value="1623"/>
  <attribute name="Number of cores"value="4"/>
<gc-start id="273" type="global" contextid="272" timestamp="2019-07-02T19:09:35.067">
  <mem-info id="274" free="82944" total="8388608" percent="0">
    <mem type="tenure" free="82944" total="8388608" percent="0">
      <mem type="soa" free="0" total="8305664" percent="0" />
      <mem type="loa" free="82944" total="82944" percent="100" />
    </mem>
  </mem-info>
</gc-start>
<allocation-stats totalBytes="4708152" >
  <allocated-bytes non-tlh="1790976" tlh="2917176" />
  <largest-consumer threadName="Thread-3" threadId="00000000015FA600" bytes="1847080" />
</allocation-stats>
<gc-op id="275" type="mark" timems="2.106" contextid="272" timestamp="2019-07-02T19:09:35.070">
  <trace-info objectcount="39152" scancount="31427" scanbytes="1607684" />
  <finalization candidates="25" enqueued="0" />
  <references type="soft" candidates="90" cleared="2" enqueued="0" dynamicThreshold="18" maxThreshold="32" />
  <references type="weak" candidates="281" cleared="0" enqueued="0" />
  <references type="phantom" candidates="96" cleared="0" enqueued="0" />
  <stringconstants candidates="3947" cleared="18"  />
</gc-op>
<gc-op id="276" type="sweep" timems="0.752" contextid="272" timestamp="2019-07-02T19:09:35.070" />
<gc-end id="277" type="global" contextid="272" durationms="3.086" usertimems="0.000" systemtimems="8.000" timestamp="2019-07-02T19:09:35.070" activeThreads="4">
  <mem-info id="278" free="4665000" total="8388608" percent="55">
    <mem type="tenure" free="4665000" total="8388608" percent="55" micro-fragmented="326267" macro-fragmented="0">
      <mem type="soa" free="4582056" total="8305664" percent="55" />
      <mem type="loa" free="82944" total="82944" percent="100" />
    </mem>
  </mem-info>
</gc-end>
<cycle-end id="279" type="global" contextid="272" timestamp="2019-07-02T19:09:35.071">
  <attribute name="GC Util" value="239" />
  <attribute name="CPU Util" value="8574656400603" />
  <attribute name="Time Running"value="1668"/>
  <attribute name="Number of cores"value="4"/>
</cycle-end>
<allocation-satisfied id="280" threadId="0000000001605A00" bytesRequested="48" />
<af-end id="281" timestamp="2019-07-02T19:09:35.071" threadId="0000000001606388" success="true" />
<exclusive-end id="282" timestamp="2019-07-02T19:09:35.071" durationms="3.619" />

<exclusive-start id="283" timestamp="2019-07-02T19:09:35.107" intervalms="40.270">
  <response-info timems="0.051" idlems="0.051" threads="0" lastid="0000000001601E00" lastname="Thread-5" />
</exclusive-start>
<af-start id="284" threadId="0000000001602788" totalBytesRequested="16392" timestamp="2019-07-02T19:09:35.107" intervalms="40.274" />
<cycle-start id="285" type="global" contextid="0" timestamp="2019-07-02T19:09:35.108" intervalms="40.283" />
  <attribute name="GC Util" value="239" />
  <attribute name="CPU Util" value="8574656400603" />
  <attribute name="Time Running"value="1668"/>
  <attribute name="Number of cores"value="4"/>
<gc-start id="286" type="global" contextid="285" timestamp="2019-07-02T19:09:35.108">
  <mem-info id="287" free="99360" total="8388608" percent="1">
    <mem type="tenure" free="99360" total="8388608" percent="1">
      <mem type="soa" free="16416" total="8305664" percent="0" />
      <mem type="loa" free="82944" total="82944" percent="100" />
    </mem>
  </mem-info>
</gc-start>
<allocation-stats totalBytes="4502760" >
  <allocated-bytes non-tlh="1799936" tlh="2702824" />
  <largest-consumer threadName="Thread-5" threadId="0000000001601E00" bytes="1782928" />
</allocation-stats>
<gc-op id="288" type="mark" timems="1.732" contextid="285" timestamp="2019-07-02T19:09:35.109">
  <trace-info objectcount="36698" scancount="29624" scanbytes="1471320" />
  <finalization candidates="25" enqueued="0" />
  <references type="soft" candidates="88" cleared="27" enqueued="23" dynamicThreshold="17" maxThreshold="32" />
  <references type="weak" candidates="281" cleared="0" enqueued="0" />
  <references type="phantom" candidates="96" cleared="0" enqueued="0" />
  <stringconstants candidates="3929" cleared="1"  />
</gc-op>
<gc-op id="289" type="sweep" timems="0.753" contextid="285" timestamp="2019-07-02T19:09:35.110" />
<gc-end id="290" type="global" contextid="285" durationms="2.900" usertimems="8.000" systemtimems="0.000" timestamp="2019-07-02T19:09:35.111" activeThreads="4">
  <mem-info id="291" free="4931568" total="8388608" percent="58">
    <mem type="tenure" free="4931568" total="8388608" percent="58" micro-fragmented="265472" macro-fragmented="0">
      <mem type="soa" free="4848624" total="8305664" percent="58" />
      <mem type="loa" free="82944" total="82944" percent="100" />
    </mem>
    <pending-finalizers system="0" default="0" reference="23" classloader="0" />
  </mem-info>
</gc-end>
<cycle-end id="292" type="global" contextid="285" timestamp="2019-07-02T19:09:35.111">
  <attribute name="GC Util" value="216" />
  <attribute name="CPU Util" value="9470008943196" />
  <attribute name="Time Running"value="1708"/>
  <attribute name="Number of cores"value="4"/>
</cycle-end>
<allocation-satisfied id="293" threadId="0000000001601E00" bytesRequested="16392" />
<af-end id="294" timestamp="2019-07-02T19:09:35.111" threadId="0000000001602788" success="true" />
<exclusive-end id="295" timestamp="2019-07-02T19:09:35.111" durationms="3.331" />

<exclusive-start id="296" timestamp="2019-07-02T19:09:35.151" intervalms="43.999">
  <response-info timems="0.040" idlems="0.040" threads="0" lastid="00000000015FA600" lastname="Thread-3" />
</exclusive-start>
<af-start id="297" threadId="00000000015FAF88" totalBytesRequested="48" timestamp="2019-07-02T19:09:35.152" intervalms="44.031" />
<cycle-start id="298" type="global" contextid="0" timestamp="2019-07-02T19:09:35.152" intervalms="44.031" />
  <attribute name="GC Util" value="216" />
  <attribute name="CPU Util" value="9470008943196" />
  <attribute name="Time Running"value="1708"/>
  <attribute name="Number of cores"value="4"/>
<gc-start id="299" type="global" contextid="298" timestamp="2019-07-02T19:09:35.152">
  <mem-info id="300" free="82944" total="8388608" percent="0">
    <mem type="tenure" free="82944" total="8388608" percent="0">
      <mem type="soa" free="0" total="8305664" percent="0" />
      <mem type="loa" free="82944" total="82944" percent="100" />
    </mem>
  </mem-info>
</gc-start>
<allocation-stats totalBytes="4793072" >
  <allocated-bytes non-tlh="2024560" tlh="2768512" />
  <largest-consumer threadName="Thread-5" threadId="0000000001601E00" bytes="1457328" />
</allocation-stats>
<gc-op id="301" type="mark" timems="2.225" contextid="298" timestamp="2019-07-02T19:09:35.154">
  <trace-info objectcount="37173" scancount="30044" scanbytes="1572372" />
  <finalization candidates="25" enqueued="0" />
  <references type="soft" candidates="61" cleared="0" enqueued="0" dynamicThreshold="18" maxThreshold="32" />
  <references type="weak" candidates="281" cleared="0" enqueued="0" />
  <references type="phantom" candidates="96" cleared="0" enqueued="0" />
  <stringconstants candidates="3928" cleared="0"  />
</gc-op>
<gc-op id="302" type="sweep" timems="0.722" contextid="298" timestamp="2019-07-02T19:09:35.155" />
<gc-end id="303" type="global" contextid="298" durationms="3.183" usertimems="4.000" systemtimems="4.000" timestamp="2019-07-02T19:09:35.155" activeThreads="4">
  <mem-info id="304" free="4710056" total="8388608" percent="56">
    <mem type="tenure" free="4710056" total="8388608" percent="56" micro-fragmented="222389" macro-fragmented="0">
      <mem type="soa" free="4627112" total="8305664" percent="55" />
      <mem type="loa" free="82944" total="82944" percent="100" />
    </mem>
  </mem-info>
</gc-end>
<cycle-end id="305" type="global" contextid="298" timestamp="2019-07-02T19:09:35.155">
  <attribute name="GC Util" value="230" />
  <attribute name="CPU Util" value="8142489162986" />
  <attribute name="Time Running"value="1752"/>
  <attribute name="Number of cores"value="4"/>
</cycle-end>
<allocation-satisfied id="306" threadId="00000000015FA600" bytesRequested="48" />
<af-end id="307" timestamp="2019-07-02T19:09:35.155" threadId="00000000015FAF88" success="true" />
<exclusive-end id="308" timestamp="2019-07-02T19:09:35.155" durationms="3.637" />

<exclusive-start id="309" timestamp="2019-07-02T19:09:35.195" intervalms="43.797">
  <response-info timems="0.033" idlems="0.033" threads="0" lastid="00000000015FE200" lastname="Thread-4" />
</exclusive-start>
<af-start id="310" threadId="00000000015FEB88" totalBytesRequested="16392" timestamp="2019-07-02T19:09:35.195" intervalms="43.767" />
<cycle-start id="311" type="global" contextid="0" timestamp="2019-07-02T19:09:35.195" intervalms="43.763" />
  <attribute name="GC Util" value="230" />
  <attribute name="CPU Util" value="8142489162986" />
  <attribute name="Time Running"value="1752"/>
  <attribute name="Number of cores"value="4"/>
<gc-start id="312" type="global" contextid="311" timestamp="2019-07-02T19:09:35.196">
  <mem-info id="313" free="82944" total="8388608" percent="0">
    <mem type="tenure" free="82944" total="8388608" percent="0">
      <mem type="soa" free="0" total="8305664" percent="0" />
      <mem type="loa" free="82944" total="82944" percent="100" />
    </mem>
  </mem-info>
</gc-start>
<allocation-stats totalBytes="4578136" >
  <allocated-bytes non-tlh="1893272" tlh="2684864" />
  <largest-consumer threadName="Thread-6" threadId="0000000001605A00" bytes="1880416" />
</allocation-stats>
<gc-op id="314" type="mark" timems="2.139" contextid="311" timestamp="2019-07-02T19:09:35.198">
  <trace-info objectcount="36650" scancount="29570" scanbytes="1487436" />
  <finalization candidates="25" enqueued="0" />
  <references type="soft" candidates="61" cleared="0" enqueued="0" dynamicThreshold="17" maxThreshold="32" />
  <references type="weak" candidates="282" cleared="0" enqueued="0" />
  <references type="phantom" candidates="97" cleared="0" enqueued="0" />
  <stringconstants candidates="3928" cleared="0"  />
</gc-op>
<gc-op id="315" type="sweep" timems="0.927" contextid="311" timestamp="2019-07-02T19:09:35.199" />
<gc-end id="316" type="global" contextid="311" durationms="3.373" usertimems="8.000" systemtimems="0.000" timestamp="2019-07-02T19:09:35.199" activeThreads="4">
  <mem-info id="317" free="4909192" total="8388608" percent="58">
    <mem type="tenure" free="4909192" total="8388608" percent="58" micro-fragmented="197942" macro-fragmented="0">
      <mem type="soa" free="4826248" total="8305664" percent="58" />
      <mem type="loa" free="82944" total="82944" percent="100" />
    </mem>
  </mem-info>
</gc-end>
<cycle-end id="318" type="global" contextid="311" timestamp="2019-07-02T19:09:35.199">
  <attribute name="GC Util" value="238" />
  <attribute name="CPU Util" value="8438529697479" />
  <attribute name="Time Running"value="1796"/>
  <attribute name="Number of cores"value="4"/>
</cycle-end>
<allocation-satisfied id="319" threadId="00000000015FE200" bytesRequested="16392" />
<af-end id="320" timestamp="2019-07-02T19:09:35.199" threadId="00000000015FEB88" success="true" />
<exclusive-end id="321" timestamp="2019-07-02T19:09:35.199" durationms="4.052" />

</verbosegc>

