<?xml version="1.0" ?>

<verbosegc xmlns="http://www.ibm.com/j9/verbosegc" version="08cc62e_CMPRSS">

<initialized id="1" timestamp="2019-08-02T21:49:53.721">
  <attribute name="gcPolicy" value="-Xgcpolicy:balanced" />
  <attribute name="elasticGC enabled" value="1" />
  <attribute name= "numThreadsSpecified" value="0" />
  <attribute name="heapSize specified" value="0" />
  <attribute name= "numCores" value="0" />
  <attribute name ="GC Interval" value="0" />
  <attribute name="GC Util Range Max" value="0" />
  <attribute name="Current GC Util" value="0" />
  <attribute name= "Current Time Running" value="0" />
  <attribute name="maxHeapSize" value="0x7cb00000" />
  <attribute name="initialHeapSize" value="0x800000" />
  <attribute name="compressedRefs" value="true" />
  <attribute name="compressedRefsDisplacement" value="0x0" />
  <attribute name="compressedRefsShift" value="0x0" />
  <attribute name="pageSize" value="0x1000" />
  <attribute name="pageType" value="not used" />
  <attribute name="requestedPageSize" value="0x1000" />
  <attribute name="requestedPageType" value="not used" />
  <attribute name="gcthreads" value="8" />
  <attribute name="packetListSplit" value="8" />
  <attribute name="cacheListSplit" value="8" />
  <attribute name="splitFreeListSplitAmount" value="1" />
  <attribute name="numaNodes" value="0" />
  <region>
    <attribute name="regionSize" value="1048576" />
    <attribute name="regionCount" value="1995" />
    <attribute name="arrayletLeafSize" value="1048576" />
  </region>
  <system>
    <attribute name="physicalMemory" value="8370401280" />
    <attribute name="numCPUs" value="8" />
    <attribute name="architecture" value="amd64" />
    <attribute name="os" value="Linux" />
    <attribute name="osVersion" value="4.4.0-154-generic" />
  </system>
  <vmargs>
    <vmarg name="-Xoptionsfile=/vagrant/jdk/lib/options.default" />
    <vmarg name="-Xlockword:mode=default,noLockword=java/lang/String,noLockword=java/util/MapEntry,noLockword=java/util/HashMap$Entry,noLockword..." />
    <vmarg name="-Xjcl:jclse29" />
    <vmarg name="-Dcom.ibm.oti.vm.bootstrap.library.path=/vagrant/jdk/lib/compressedrefs:/vagrant/jdk/lib" />
    <vmarg name="-Dsun.boot.library.path=/vagrant/jdk/lib/compressedrefs:/vagrant/jdk/lib" />
    <vmarg name="-Djava.library.path=/vagrant/jdk/lib/compressedrefs:/vagrant/jdk/lib:/usr/lib64:/usr/lib" />
    <vmarg name="-Djava.home=/vagrant/jdk" />
    <vmarg name="-Duser.dir=/vagrant" />
    <vmarg name="-Xgcpolicy:balanced" />
    <vmarg name="-Xgcelastic" />
    <vmarg name="-Xcheck:gc:::elasticGC" />
    <vmarg name="-verbose:gc" />
    <vmarg name="-Xloggc:jdkD-small-BAL-8core-verbose7jython.txt" />
    <vmarg name="-Djava.class.path=dacapo-9.12-MR1-bach.jar" />
    <vmarg name="-Dsun.java.command=dacapo-9.12-MR1-bach.jar jython --size=small" />
    <vmarg name="-Dsun.java.launcher=SUN_STANDARD" />
    <vmarg name="-Dsun.java.launcher.pid=1452" />
  </vmargs>
</initialized>

<exclusive-start id="2" timestamp="2019-08-02T21:49:55.180" intervalms="1458.380">
  <response-info timems="0.022" idlems="0.022" threads="0" lastid="000000000199DA00" lastname="main" />
</exclusive-start>
<allocation-taxation id="3" taxation-threshold="8388608" timestamp="2019-08-02T21:49:55.180" intervalms="1458.600" />
<cycle-start id="4" type="partial gc" contextid="0" timestamp="2019-08-02T21:49:55.180" intervalms="1458.825" />
<gc-start id="5" type="partial gc" contextid="4" timestamp="2019-08-02T21:49:55.181">
  <mem-info id="6" free="0" total="8388608" percent="0">
    <mem type="eden" free="264" total="8388608" percent="0" />
    <remembered-set count="0" freebytes="334848" totalbytes="334848" percent="100" regionsoverflowed="0" regionsstable="0" regionsrebuilding="0"/>
  </mem-info>
</gc-start>
<allocation-stats totalBytes="8329608" >
  <allocated-bytes non-tlh="357600" tlh="7972008" arrayletleaf="0"/>
  <largest-consumer threadName="main" threadId="000000000199DA00" bytes="8237008" />
</allocation-stats>
<gc-op id="7" type="mark" timems="3.666" contextid="4" timestamp="2019-08-02T21:49:55.186">
  <trace-info objectcount="17744" scancount="14048" scanbytes="461824" />
  <remembered-set-cleared processed="0" cleared="0" durationms="0.470" />
  <finalization candidates="14" enqueued="1" />
  <references type="soft" candidates="63" cleared="0" enqueued="0" dynamicThreshold="32" maxThreshold="32" />
  <references type="weak" candidates="544" cleared="401" enqueued="362" />
  <references type="phantom" candidates="105" cleared="44" enqueued="44" />
  <stringconstants candidates="2406" cleared="0"  />
  <warning details="Mark for calibration purposes" />
</gc-op>
<gc-op id="8" type="classunload" timems="0.044" contextid="4" timestamp="2019-08-02T21:49:55.186">
  <classunload-info classloadercandidates="5" classloadersunloaded="0" classesunloaded="0" anonymousclassesunloaded="0" quiescems="0.000" setupms="0.044" scanms="0.000" postms="0.000" />
</gc-op>
<gc-op id="9" type="sweep" timems="0.602" contextid="4" timestamp="2019-08-02T21:49:55.187" />
<gc-op id="10" type="compact" timems="5.451" contextid="4" timestamp="2019-08-02T21:49:55.193">
  <compact-info movecount="17645" movebytes="962992" />
  <remembered-set-cleared processed="0" cleared="0" durationms="0.470" />
</gc-op>
<gc-end id="11" type="partial gc" contextid="4" durationms="13.160" usertimems="8.000" systemtimems="4.000" timestamp="2019-08-02T21:49:55.194" activeThreads="8">
  <mem-info id="12" free="7340032" total="8388608" percent="87">
    <mem type="eden" free="81096" total="1048576" percent="7" />
    <pending-finalizers system="1" default="0" reference="406" classloader="0" />
    <remembered-set count="0" freebytes="334848" totalbytes="334848" percent="100" regionsoverflowed="0" regionsstable="0" regionsrebuilding="0"/>
  </mem-info>
</gc-end>
<cycle-end id="13" type="partial gc" contextid="4" timestamp="2019-08-02T21:49:55.194" />
  <attribute name="elasticGC enabled" value="1" />
  <attribute name= "numThreadsSpecified" value="0" />
  <attribute name="heapSize specified" value="0" />
  <attribute name= "numCores" value="8" />
  <attribute name ="GC Interval" value="0" />
  <attribute name ="Control flow" value="1" />
  <attribute name="GC Util Range Max" value="148" />
  <attribute name="Current GC Util" value="37" />
  <attribute name= "Current Time Running" value="5" />
<exclusive-end id="14" timestamp="2019-08-02T21:49:55.194" durationms="14.321" />

<exclusive-start id="15" timestamp="2019-08-02T21:49:55.696" intervalms="515.903">
  <response-info timems="0.060" idlems="0.060" threads="0" lastid="000000000199DA00" lastname="main" />
</exclusive-start>
<allocation-taxation id="16" taxation-threshold="7340032" timestamp="2019-08-02T21:49:55.696" intervalms="515.779" />
<cycle-start id="17" type="partial gc" contextid="0" timestamp="2019-08-02T21:49:55.696" intervalms="515.711" />
<gc-start id="18" type="partial gc" contextid="17" timestamp="2019-08-02T21:49:55.696">
  <mem-info id="19" free="0" total="8388608" percent="0">
    <mem type="eden" free="0" total="7340032" percent="0" />
    <remembered-set count="0" freebytes="334848" totalbytes="334848" percent="100" regionsoverflowed="0" regionsstable="0" regionsrebuilding="0"/>
  </mem-info>
</gc-start>
<allocation-stats totalBytes="7329208" >
  <allocated-bytes non-tlh="569856" tlh="6759352" arrayletleaf="0"/>
  <largest-consumer threadName="main" threadId="000000000199DA00" bytes="7320928" />
</allocation-stats>
<gc-op id="20" type="mark" timems="1.306" contextid="17" timestamp="2019-08-02T21:49:55.698">
  <trace-info objectcount="19052" scancount="15088" scanbytes="512200" />
  <remembered-set-cleared processed="0" cleared="0" durationms="0.061" />
  <finalization candidates="22" enqueued="0" />
  <ownableSynchronizers candidates="16" cleared="0" />
  <references type="soft" candidates="67" cleared="0" enqueued="0" dynamicThreshold="28" maxThreshold="32" />
  <references type="weak" candidates="682" cleared="364" enqueued="256" />
  <references type="phantom" candidates="88" cleared="2" enqueued="2" />
  <stringconstants candidates="2592" cleared="0"  />
  <warning details="Mark invoked due to insufficient free space for Copy-Forward" />
</gc-op>
<gc-op id="21" type="classunload" timems="0.002" contextid="17" timestamp="2019-08-02T21:49:55.698">
  <classunload-info classloadercandidates="6" classloadersunloaded="0" classesunloaded="0" anonymousclassesunloaded="0" quiescems="0.000" setupms="0.002" scanms="0.000" postms="0.000" />
</gc-op>
<gc-op id="22" type="sweep" timems="0.394" contextid="17" timestamp="2019-08-02T21:49:55.699" />
<gc-op id="23" type="compact" timems="2.957" contextid="17" timestamp="2019-08-02T21:49:55.702">
  <compact-info movecount="18453" movebytes="1485664" />
  <remembered-set-cleared processed="0" cleared="0" durationms="0.061" />
</gc-op>
<gc-end id="24" type="partial gc" contextid="17" durationms="6.006" usertimems="4.000" systemtimems="4.000" timestamp="2019-08-02T21:49:55.702" activeThreads="2">
  <mem-info id="25" free="6291456" total="8388608" percent="75">
    <mem type="eden" free="318296" total="1048576" percent="30" />
    <pending-finalizers system="0" default="0" reference="258" classloader="0" />
    <remembered-set count="1024" freebytes="330752" totalbytes="334848" percent="98" regionsoverflowed="0" regionsstable="0" regionsrebuilding="0"/>
  </mem-info>
</gc-end>
<cycle-end id="26" type="partial gc" contextid="17" timestamp="2019-08-02T21:49:55.702" />
  <attribute name="elasticGC enabled" value="1" />
  <attribute name= "numThreadsSpecified" value="2" />
  <attribute name="heapSize specified" value="0" />
  <attribute name= "numCores" value="8" />
  <attribute name ="GC Interval" value="0" />
  <attribute name ="Control flow" value="1" />
  <attribute name="GC Util Range Max" value="148" />
  <attribute name="Current GC Util" value="8" />
  <attribute name= "Current Time Running" value="517" />
<exclusive-end id="27" timestamp="2019-08-02T21:49:55.703" durationms="7.018" />

<exclusive-start id="28" timestamp="2019-08-02T21:49:55.823" intervalms="127.183">
  <response-info timems="0.041" idlems="0.041" threads="0" lastid="000000000199DA00" lastname="main" />
</exclusive-start>
<allocation-taxation id="29" taxation-threshold="3145728" timestamp="2019-08-02T21:49:55.823" intervalms="127.211" />
<cycle-start id="30" type="global mark phase" contextid="0" timestamp="2019-08-02T21:49:55.823" intervalms="2101.809" />
<gc-start id="31" type="global mark phase" contextid="30" timestamp="2019-08-02T21:49:55.823">
  <mem-info id="32" free="3145728" total="8388608" percent="37">
    <remembered-set count="704" freebytes="332032" totalbytes="334848" percent="99" regionsoverflowed="0" regionsstable="0" regionsrebuilding="0"/>
  </mem-info>
</gc-start>
<gc-op id="33" type="mark increment" timems="1.237" contextid="30" timestamp="2019-08-02T21:49:55.825">
  <trace-info objectcount="140" scancount="0" scanbytes="0" />
</gc-op>
<gc-end id="34" type="global mark phase" contextid="30" durationms="1.363" usertimems="4.000" systemtimems="0.000" timestamp="2019-08-02T21:49:55.825" activeThreads="3">
  <mem-info id="35" free="3145728" total="8388608" percent="37">
    <remembered-set count="704" freebytes="332032" totalbytes="334848" percent="99" regionsoverflowed="0" regionsstable="0" regionsrebuilding="0"/>
  </mem-info>
</gc-end>
<concurrent-start id="36" type="GMP work packet processing" contextid="30" timestamp="2019-08-02T21:49:55.825">
  <concurrent-mark-start scanTarget="18446744073709551615" />
</concurrent-start>
<exclusive-end id="37" timestamp="2019-08-02T21:49:55.825" durationms="1.996" />

<concurrent-end id="38" type="GMP work packet processing" contextid="30" timestamp="2019-08-02T21:49:55.826">
  <concurrent-mark-end bytesScanned="771884" reasonForTermination="Completed all work in GC phase" />
</concurrent-end>

<exclusive-start id="39" timestamp="2019-08-02T21:49:55.911" intervalms="88.452">
  <response-info timems="0.041" idlems="0.041" threads="0" lastid="000000000199DA00" lastname="main" />
</exclusive-start>
<allocation-taxation id="40" taxation-threshold="3145728" timestamp="2019-08-02T21:49:55.911" intervalms="88.417" />
<cycle-start id="41" type="partial gc" contextid="0" timestamp="2019-08-02T21:49:55.912" intervalms="215.544" />
<gc-start id="42" type="partial gc" contextid="41" timestamp="2019-08-02T21:49:55.912">
  <mem-info id="43" free="0" total="8388608" percent="0">
    <mem type="eden" free="0" total="6291456" percent="0" />
    <remembered-set count="704" freebytes="332032" totalbytes="334848" percent="99" regionsoverflowed="0" regionsstable="0" regionsrebuilding="0"/>
  </mem-info>
</gc-start>
<allocation-stats totalBytes="6287600" >
  <allocated-bytes non-tlh="317712" tlh="5969888" arrayletleaf="0"/>
  <largest-consumer threadName="main" threadId="000000000199DA00" bytes="3144056" />
</allocation-stats>
<gc-op id="44" type="mark" timems="1.478" contextid="41" timestamp="2019-08-02T21:49:55.914">
  <trace-info objectcount="20281" scancount="16260" scanbytes="547608" />
  <cardclean-info objects="753" bytes="34260" />
  <remembered-set-cleared processed="210" cleared="210" durationms="0.050" />
  <finalization candidates="50" enqueued="1" />
  <ownableSynchronizers candidates="17" cleared="0" />
  <references type="soft" candidates="358" cleared="0" enqueued="0" dynamicThreshold="12" maxThreshold="32" />
  <references type="weak" candidates="1254" cleared="157" enqueued="143" />
  <references type="phantom" candidates="41" cleared="4" enqueued="4" />
  <stringconstants candidates="4540" cleared="0"  />
  <warning details="Mark invoked due to insufficient free space for Copy-Forward" />
</gc-op>
<gc-op id="45" type="classunload" timems="0.002" contextid="41" timestamp="2019-08-02T21:49:55.914">
  <classunload-info classloadercandidates="10" classloadersunloaded="0" classesunloaded="0" anonymousclassesunloaded="0" quiescems="0.000" setupms="0.002" scanms="0.000" postms="0.000" />
</gc-op>
<gc-op id="46" type="sweep" timems="0.458" contextid="41" timestamp="2019-08-02T21:49:55.914" />
<gc-op id="47" type="compact" timems="2.016" contextid="41" timestamp="2019-08-02T21:49:55.917">
  <compact-info movecount="20235" movebytes="1378008" />
  <remembered-set-cleared processed="3259" cleared="3259" durationms="0.057" />
</gc-op>
<heap-resize id="48" type="contract" space="default" amount="1048576" count="1" timems="0.157" reason="insufficient time being spent in gc" timestamp="2019-08-02T21:49:55.917" />
<gc-end id="49" type="partial gc" contextid="41" durationms="5.547" usertimems="12.000" systemtimems="0.000" timestamp="2019-08-02T21:49:55.917" activeThreads="3">
  <mem-info id="50" free="4194304" total="7340032" percent="57">
    <mem type="eden" free="372944" total="1048576" percent="35" />
    <pending-finalizers system="1" default="0" reference="147" classloader="0" />
    <remembered-set count="2560" freebytes="324608" totalbytes="334848" percent="96" regionsoverflowed="0" regionsstable="0" regionsrebuilding="0"/>
  </mem-info>
</gc-end>
<cycle-end id="51" type="partial gc" contextid="41" timestamp="2019-08-02T21:49:55.917" />
  <attribute name="elasticGC enabled" value="1" />
  <attribute name= "numThreadsSpecified" value="3" />
  <attribute name="heapSize specified" value="0" />
  <attribute name= "numCores" value="8" />
  <attribute name ="GC Interval" value="0" />
  <attribute name ="Control flow" value="1" />
  <attribute name="GC Util Range Max" value="148" />
  <attribute name="Current GC Util" value="32" />
  <attribute name= "Current Time Running" value="733" />
<exclusive-end id="52" timestamp="2019-08-02T21:49:55.918" durationms="6.249" />

<exclusive-start id="53" timestamp="2019-08-02T21:49:58.522" intervalms="2611.047">
  <response-info timems="0.068" idlems="0.068" threads="0" lastid="000000000199DA00" lastname="main" />
</exclusive-start>
<allocation-taxation id="54" taxation-threshold="2097152" timestamp="2019-08-02T21:49:58.522" intervalms="2611.055" />
<gc-start id="55" type="global mark phase" contextid="30" timestamp="2019-08-02T21:49:58.523">
  <mem-info id="56" free="2097152" total="7340032" percent="28">
    <remembered-set count="2336" freebytes="325504" totalbytes="334848" percent="97" regionsoverflowed="0" regionsstable="0" regionsrebuilding="0"/>
  </mem-info>
</gc-start>
<gc-op id="57" type="mark increment" timems="1.859" contextid="30" timestamp="2019-08-02T21:49:58.525">
  <trace-info objectcount="22556" scancount="18246" scanbytes="621160" />
  <cardclean-info objects="811" bytes="36176" />
  <finalization candidates="62" enqueued="0" />
  <ownableSynchronizers candidates="17" cleared="0" />
  <references type="soft" candidates="584" cleared="0" enqueued="0" dynamicThreshold="18" maxThreshold="32" />
  <references type="weak" candidates="1415" cleared="6" enqueued="6" />
  <references type="phantom" candidates="96" cleared="2" enqueued="2" />
  <stringconstants candidates="4893" cleared="0"  />
</gc-op>
<gc-op id="58" type="classunload" timems="0.003" contextid="30" timestamp="2019-08-02T21:49:58.525">
  <classunload-info classloadercandidates="10" classloadersunloaded="0" classesunloaded="0" anonymousclassesunloaded="0" quiescems="0.000" setupms="0.003" scanms="0.000" postms="0.000" />
</gc-op>
<gc-end id="59" type="global mark phase" contextid="30" durationms="2.183" usertimems="4.000" systemtimems="4.000" timestamp="2019-08-02T21:49:58.525" activeThreads="2">
  <mem-info id="60" free="2097152" total="7340032" percent="28">
    <pending-finalizers system="0" default="0" reference="8" classloader="0" />
    <remembered-set count="2336" freebytes="325504" totalbytes="334848" percent="97" regionsoverflowed="0" regionsstable="0" regionsrebuilding="0"/>
  </mem-info>
</gc-end>
<cycle-end id="61" type="global mark phase" contextid="30" timestamp="2019-08-02T21:49:58.525" />
  <attribute name="elasticGC enabled" value="1" />
  <attribute name= "numThreadsSpecified" value="2" />
  <attribute name="heapSize specified" value="0" />
  <attribute name= "numCores" value="8" />
  <attribute name ="GC Interval" value="0" />
  <attribute name ="Control flow" value="1" />
  <attribute name="GC Util Range Max" value="148" />
  <attribute name="Current GC Util" value="165" />
  <attribute name= "Current Time Running" value="3342" />
<exclusive-end id="62" timestamp="2019-08-02T21:49:58.525" durationms="2.648" />

<exclusive-start id="63" timestamp="2019-08-02T21:49:58.569" intervalms="46.734">
  <response-info timems="0.028" idlems="0.028" threads="0" lastid="000000000199DA00" lastname="main" />
</exclusive-start>
<allocation-taxation id="64" taxation-threshold="2097152" timestamp="2019-08-02T21:49:58.569" intervalms="46.714" />
<cycle-start id="65" type="partial gc" contextid="0" timestamp="2019-08-02T21:49:58.569" intervalms="2657.764" />
<gc-start id="66" type="partial gc" contextid="65" timestamp="2019-08-02T21:49:58.569">
  <mem-info id="67" free="0" total="7340032" percent="0">
    <mem type="eden" free="372944" total="5242880" percent="7" />
    <remembered-set count="2336" freebytes="325504" totalbytes="334848" percent="97" regionsoverflowed="0" regionsstable="0" regionsrebuilding="0"/>
  </mem-info>
</gc-start>
<allocation-stats totalBytes="4185144" >
  <allocated-bytes non-tlh="79016" tlh="4106128" arrayletleaf="0"/>
  <largest-consumer threadName="main" threadId="000000000199DA00" bytes="2094128" />
</allocation-stats>
<gc-op id="68" type="sweep" timems="0.364" contextid="65" timestamp="2019-08-02T21:49:58.570" />
<gc-op id="69" type="mark" timems="1.478" contextid="65" timestamp="2019-08-02T21:49:58.572">
  <trace-info objectcount="22608" scancount="18109" scanbytes="605176" />
  <cardclean-info objects="1016" bytes="57284" />
  <remembered-set-cleared processed="0" cleared="0" durationms="0.046" />
  <finalization candidates="43" enqueued="0" />
  <ownableSynchronizers candidates="1" cleared="0" />
  <references type="soft" candidates="562" cleared="0" enqueued="0" dynamicThreshold="9" maxThreshold="32" />
  <references type="weak" candidates="1222" cleared="24" enqueued="24" />
  <references type="phantom" candidates="10" cleared="1" enqueued="1" />
  <stringconstants candidates="5083" cleared="0"  />
  <warning details="Mark invoked due to insufficient free space for Copy-Forward" />
</gc-op>
<gc-op id="70" type="classunload" timems="0.002" contextid="65" timestamp="2019-08-02T21:49:58.572">
  <classunload-info classloadercandidates="10" classloadersunloaded="0" classesunloaded="0" anonymousclassesunloaded="0" quiescems="0.000" setupms="0.001" scanms="0.000" postms="0.000" />
</gc-op>
<gc-op id="71" type="sweep" timems="0.267" contextid="65" timestamp="2019-08-02T21:49:58.572" />
<gc-op id="72" type="compact" timems="3.041" contextid="65" timestamp="2019-08-02T21:49:58.576">
  <compact-info movecount="22536" movebytes="882464" />
  <remembered-set-cleared processed="5787" cleared="5666" durationms="0.061" />
</gc-op>
<heap-resize id="73" type="expand" space="default" amount="1048576" count="1" timems="0.059" reason="insufficient free space following gc" timestamp="2019-08-02T21:49:58.576" />
<gc-end id="74" type="partial gc" contextid="65" durationms="6.994" usertimems="12.000" systemtimems="0.000" timestamp="2019-08-02T21:49:58.576" activeThreads="3">
  <mem-info id="75" free="4194304" total="8388608" percent="50">
    <mem type="eden" free="1211632" total="2097152" percent="57" />
    <pending-finalizers system="0" default="0" reference="25" classloader="0" />
    <remembered-set count="3232" freebytes="321920" totalbytes="334848" percent="96" regionsoverflowed="0" regionsstable="0" regionsrebuilding="0"/>
  </mem-info>
</gc-end>
<cycle-end id="76" type="partial gc" contextid="65" timestamp="2019-08-02T21:49:58.577" />
  <attribute name="elasticGC enabled" value="1" />
  <attribute name= "numThreadsSpecified" value="3" />
  <attribute name="heapSize specified" value="0" />
  <attribute name= "numCores" value="8" />
  <attribute name ="GC Interval" value="0" />
  <attribute name ="Control flow" value="1" />
  <attribute name="GC Util Range Max" value="148" />
  <attribute name="Current GC Util" value="25" />
  <attribute name= "Current Time Running" value="3391" />
<exclusive-end id="77" timestamp="2019-08-02T21:49:58.577" durationms="7.867" />

<exclusive-start id="78" timestamp="2019-08-02T21:49:58.638" intervalms="68.938">
  <response-info timems="0.034" idlems="0.034" threads="0" lastid="000000000199DA00" lastname="main" />
</exclusive-start>
<allocation-taxation id="79" taxation-threshold="2097152" timestamp="2019-08-02T21:49:58.638" intervalms="68.949" />
<cycle-start id="80" type="global mark phase" contextid="0" timestamp="2019-08-02T21:49:58.638" intervalms="2814.987" />
<gc-start id="81" type="global mark phase" contextid="80" timestamp="2019-08-02T21:49:58.638">
  <mem-info id="82" free="2097152" total="8388608" percent="25">
    <remembered-set count="2976" freebytes="322944" totalbytes="334848" percent="96" regionsoverflowed="0" regionsstable="0" regionsrebuilding="0"/>
  </mem-info>
</gc-start>
<gc-op id="83" type="mark increment" timems="0.378" contextid="80" timestamp="2019-08-02T21:49:58.639">
  <trace-info objectcount="137" scancount="0" scanbytes="0" />
</gc-op>
<gc-end id="84" type="global mark phase" contextid="80" durationms="0.488" usertimems="0.000" systemtimems="0.000" timestamp="2019-08-02T21:49:58.639" activeThreads="3">
  <mem-info id="85" free="2097152" total="8388608" percent="25">
    <remembered-set count="2976" freebytes="322944" totalbytes="334848" percent="96" regionsoverflowed="0" regionsstable="0" regionsrebuilding="0"/>
  </mem-info>
</gc-end>
<concurrent-start id="86" type="GMP work packet processing" contextid="80" timestamp="2019-08-02T21:49:58.639">
  <concurrent-mark-start scanTarget="18446744073709551615" />
</concurrent-start>
<exclusive-end id="87" timestamp="2019-08-02T21:49:58.639" durationms="0.846" />

<concurrent-end id="88" type="GMP work packet processing" contextid="80" timestamp="2019-08-02T21:49:58.640">
  <concurrent-mark-end bytesScanned="1169552" reasonForTermination="Completed all work in GC phase" />
</concurrent-end>

<exclusive-start id="89" timestamp="2019-08-02T21:49:58.700" intervalms="61.603">
  <response-info timems="0.126" idlems="0.126" threads="0" lastid="000000000199DA00" lastname="main" />
</exclusive-start>
<allocation-taxation id="90" taxation-threshold="2097152" timestamp="2019-08-02T21:49:58.700" intervalms="61.659" />
<cycle-start id="91" type="partial gc" contextid="0" timestamp="2019-08-02T21:49:58.700" intervalms="130.715" />
<gc-start id="92" type="partial gc" contextid="91" timestamp="2019-08-02T21:49:58.700">
  <mem-info id="93" free="0" total="8388608" percent="0">
    <mem type="eden" free="792408" total="5242880" percent="15" />
    <remembered-set count="2976" freebytes="322944" totalbytes="334848" percent="96" regionsoverflowed="0" regionsstable="0" regionsrebuilding="0"/>
  </mem-info>
</gc-start>
<allocation-stats totalBytes="4181688" >
  <allocated-bytes non-tlh="123536" tlh="4058152" arrayletleaf="0"/>
  <largest-consumer threadName="main" threadId="000000000199DA00" bytes="2031680" />
</allocation-stats>
<gc-op id="94" type="mark" timems="1.611" contextid="91" timestamp="2019-08-02T21:49:58.702">
  <trace-info objectcount="15823" scancount="13649" scanbytes="497436" />
  <cardclean-info objects="1787" bytes="80992" />
  <remembered-set-cleared processed="2451" cleared="1085" durationms="0.063" />
  <finalization candidates="14" enqueued="0" />
  <ownableSynchronizers candidates="4" cleared="0" />
  <references type="soft" candidates="441" cleared="0" enqueued="0" dynamicThreshold="8" maxThreshold="32" />
  <references type="weak" candidates="2166" cleared="437" enqueued="288" />
  <references type="phantom" candidates="3" cleared="1" enqueued="1" />
  <stringconstants candidates="6051" cleared="0"  />
  <warning details="Mark invoked due to insufficient free space for Copy-Forward" />
</gc-op>
<gc-op id="95" type="classunload" timems="0.003" contextid="91" timestamp="2019-08-02T21:49:58.702">
  <classunload-info classloadercandidates="11" classloadersunloaded="0" classesunloaded="0" anonymousclassesunloaded="0" quiescems="0.000" setupms="0.003" scanms="0.000" postms="0.000" />
</gc-op>
<gc-op id="96" type="sweep" timems="0.286" contextid="91" timestamp="2019-08-02T21:49:58.703" />
<gc-op id="97" type="compact" timems="1.908" contextid="91" timestamp="2019-08-02T21:49:58.705">
  <compact-info movecount="15793" movebytes="696456" />
  <remembered-set-cleared processed="12282" cleared="9506" durationms="0.067" />
</gc-op>
<heap-resize id="98" type="expand" space="default" amount="1048576" count="1" timems="0.053" reason="insufficient free space following gc" timestamp="2019-08-02T21:49:58.705" />
<gc-end id="99" type="partial gc" contextid="91" durationms="5.284" usertimems="12.000" systemtimems="0.000" timestamp="2019-08-02T21:49:58.706" activeThreads="3">
  <mem-info id="100" free="4194304" total="9437184" percent="44">
    <mem type="eden" free="1399472" total="2097152" percent="66" />
    <pending-finalizers system="0" default="0" reference="289" classloader="0" />
    <remembered-set count="5184" freebytes="355968" totalbytes="376704" percent="94" regionsoverflowed="0" regionsstable="0" regionsrebuilding="0"/>
  </mem-info>
</gc-end>
<cycle-end id="101" type="partial gc" contextid="91" timestamp="2019-08-02T21:49:58.706" />
  <attribute name="elasticGC enabled" value="1" />
  <attribute name= "numThreadsSpecified" value="3" />
  <attribute name="heapSize specified" value="0" />
  <attribute name= "numCores" value="8" />
  <attribute name ="GC Interval" value="0" />
  <attribute name ="Control flow" value="1" />
  <attribute name="GC Util Range Max" value="148" />
  <attribute name="Current GC Util" value="21" />
  <attribute name= "Current Time Running" value="3522" />
<exclusive-end id="102" timestamp="2019-08-02T21:49:58.706" durationms="6.320" />

<exclusive-start id="103" timestamp="2019-08-02T21:49:58.750" intervalms="50.511">
  <response-info timems="0.054" idlems="0.054" threads="0" lastid="000000000199DA00" lastname="main" />
</exclusive-start>
<allocation-taxation id="104" taxation-threshold="2097152" timestamp="2019-08-02T21:49:58.750" intervalms="50.441" />
<gc-start id="105" type="global mark phase" contextid="80" timestamp="2019-08-02T21:49:58.750">
  <mem-info id="106" free="2097152" total="9437184" percent="22">
    <remembered-set count="5056" freebytes="356480" totalbytes="376704" percent="94" regionsoverflowed="0" regionsstable="0" regionsrebuilding="0"/>
  </mem-info>
</gc-start>
<gc-op id="107" type="mark increment" timems="1.666" contextid="80" timestamp="2019-08-02T21:49:58.752">
  <trace-info objectcount="17896" scancount="15463" scanbytes="563912" />
  <cardclean-info objects="2464" bytes="108048" />
  <finalization candidates="80" enqueued="0" />
  <ownableSynchronizers candidates="21" cleared="0" />
  <references type="soft" candidates="967" cleared="0" enqueued="0" dynamicThreshold="14" maxThreshold="32" />
  <references type="weak" candidates="2998" cleared="20" enqueued="20" />
  <references type="phantom" candidates="103" cleared="2" enqueued="2" />
  <stringconstants candidates="6211" cleared="0"  />
</gc-op>
<gc-op id="108" type="classunload" timems="0.004" contextid="80" timestamp="2019-08-02T21:49:58.752">
  <classunload-info classloadercandidates="11" classloadersunloaded="0" classesunloaded="0" anonymousclassesunloaded="0" quiescems="0.000" setupms="0.004" scanms="0.000" postms="0.000" />
</gc-op>
<gc-end id="109" type="global mark phase" contextid="80" durationms="1.904" usertimems="0.000" systemtimems="0.000" timestamp="2019-08-02T21:49:58.752" activeThreads="3">
  <mem-info id="110" free="2097152" total="9437184" percent="22">
    <pending-finalizers system="0" default="0" reference="22" classloader="0" />
    <remembered-set count="5056" freebytes="356480" totalbytes="376704" percent="94" regionsoverflowed="0" regionsstable="0" regionsrebuilding="0"/>
  </mem-info>
</gc-end>
<cycle-end id="111" type="global mark phase" contextid="80" timestamp="2019-08-02T21:49:58.752" />
  <attribute name="elasticGC enabled" value="1" />
  <attribute name= "numThreadsSpecified" value="3" />
  <attribute name="heapSize specified" value="0" />
  <attribute name= "numCores" value="8" />
  <attribute name ="GC Interval" value="0" />
  <attribute name ="Control flow" value="1" />
  <attribute name="GC Util Range Max" value="148" />
  <attribute name="Current GC Util" value="146" />
  <attribute name= "Current Time Running" value="3570" />
<exclusive-end id="112" timestamp="2019-08-02T21:49:58.752" durationms="2.314" />

<exclusive-start id="113" timestamp="2019-08-02T21:49:58.783" intervalms="33.050">
  <response-info timems="0.066" idlems="0.066" threads="0" lastid="000000000199DA00" lastname="main" />
</exclusive-start>
<allocation-taxation id="114" taxation-threshold="2097152" timestamp="2019-08-02T21:49:58.783" intervalms="33.088" />
<cycle-start id="115" type="partial gc" contextid="0" timestamp="2019-08-02T21:49:58.783" intervalms="83.469" />
<gc-start id="116" type="partial gc" contextid="115" timestamp="2019-08-02T21:49:58.784">
  <mem-info id="117" free="0" total="9437184" percent="0">
    <mem type="eden" free="0" total="4194304" percent="0" />
    <remembered-set count="5056" freebytes="356480" totalbytes="376704" percent="94" regionsoverflowed="0" regionsstable="0" regionsrebuilding="0"/>
  </mem-info>
</gc-start>
<allocation-stats totalBytes="3966552" >
  <allocated-bytes non-tlh="1446240" tlh="2520312" arrayletleaf="0"/>
  <largest-consumer threadName="main" threadId="000000000199DA00" bytes="2007712" />
</allocation-stats>
<gc-op id="118" type="sweep" timems="0.403" contextid="115" timestamp="2019-08-02T21:49:58.784" />
<gc-op id="119" type="mark" timems="1.383" contextid="115" timestamp="2019-08-02T21:49:58.786">
  <trace-info objectcount="13368" scancount="11314" scanbytes="419840" />
  <cardclean-info objects="1212" bytes="67832" />
  <remembered-set-cleared processed="4142" cleared="1927" durationms="0.067" />
  <finalization candidates="15" enqueued="0" />
  <ownableSynchronizers candidates="4" cleared="0" />
  <references type="soft" candidates="338" cleared="0" enqueued="0" dynamicThreshold="7" maxThreshold="32" />
  <references type="weak" candidates="1506" cleared="1" enqueued="1" />
  <references type="phantom" candidates="5" cleared="0" enqueued="0" />
  <stringconstants candidates="6426" cleared="0"  />
  <warning details="Mark invoked due to insufficient free space for Copy-Forward" />
</gc-op>
<gc-op id="120" type="classunload" timems="0.002" contextid="115" timestamp="2019-08-02T21:49:58.786">
  <classunload-info classloadercandidates="11" classloadersunloaded="0" classesunloaded="0" anonymousclassesunloaded="0" quiescems="0.000" setupms="0.002" scanms="0.000" postms="0.000" />
</gc-op>
<gc-op id="121" type="sweep" timems="0.376" contextid="115" timestamp="2019-08-02T21:49:58.787" />
<gc-op id="122" type="compact" timems="2.311" contextid="115" timestamp="2019-08-02T21:49:58.789">
  <compact-info movecount="13088" movebytes="1385352" />
  <remembered-set-cleared processed="12539" cleared="8087" durationms="0.078" />
</gc-op>
<heap-resize id="123" type="expand" space="default" amount="2097152" count="1" timems="0.060" reason="insufficient free space following gc" timestamp="2019-08-02T21:49:58.790" />
<gc-end id="124" type="partial gc" contextid="115" durationms="6.188" usertimems="8.000" systemtimems="0.000" timestamp="2019-08-02T21:49:58.790" activeThreads="3">
  <mem-info id="125" free="5242880" total="11534336" percent="45">
    <mem type="eden" free="93056" total="1048576" percent="8" />
    <pending-finalizers system="0" default="0" reference="1" classloader="0" />
    <remembered-set count="5504" freebytes="438400" totalbytes="460416" percent="95" regionsoverflowed="0" regionsstable="0" regionsrebuilding="0"/>
  </mem-info>
</gc-end>
<cycle-end id="126" type="partial gc" contextid="115" timestamp="2019-08-02T21:49:58.790" />
  <attribute name="elasticGC enabled" value="1" />
  <attribute name= "numThreadsSpecified" value="3" />
  <attribute name="heapSize specified" value="0" />
  <attribute name= "numCores" value="8" />
  <attribute name ="GC Interval" value="0" />
  <attribute name ="Control flow" value="1" />
  <attribute name="GC Util Range Max" value="148" />
  <attribute name="Current GC Util" value="23" />
  <attribute name= "Current Time Running" value="3605" />
<exclusive-end id="127" timestamp="2019-08-02T21:49:58.790" durationms="7.136" />

<exclusive-start id="128" timestamp="2019-08-02T21:49:58.856" intervalms="72.337">
  <response-info timems="0.037" idlems="0.037" threads="0" lastid="000000000199DA00" lastname="main" />
</exclusive-start>
<allocation-taxation id="129" taxation-threshold="2097152" timestamp="2019-08-02T21:49:58.856" intervalms="72.314" />
<cycle-start id="130" type="global mark phase" contextid="0" timestamp="2019-08-02T21:49:58.856" intervalms="217.501" />
<gc-start id="131" type="global mark phase" contextid="130" timestamp="2019-08-02T21:49:58.856">
  <mem-info id="132" free="3145728" total="11534336" percent="27">
    <remembered-set count="5376" freebytes="438912" totalbytes="460416" percent="95" regionsoverflowed="0" regionsstable="0" regionsrebuilding="0"/>
  </mem-info>
</gc-start>
<gc-op id="133" type="mark increment" timems="0.427" contextid="130" timestamp="2019-08-02T21:49:58.856">
  <trace-info objectcount="181" scancount="0" scanbytes="0" />
</gc-op>
<gc-end id="134" type="global mark phase" contextid="130" durationms="0.539" usertimems="0.000" systemtimems="0.000" timestamp="2019-08-02T21:49:58.856" activeThreads="3">
  <mem-info id="135" free="3145728" total="11534336" percent="27">
    <remembered-set count="5376" freebytes="438912" totalbytes="460416" percent="95" regionsoverflowed="0" regionsstable="0" regionsrebuilding="0"/>
  </mem-info>
</gc-end>
<concurrent-start id="136" type="GMP work packet processing" contextid="130" timestamp="2019-08-02T21:49:58.856">
  <concurrent-mark-start scanTarget="18446744073709551615" />
</concurrent-start>
<exclusive-end id="137" timestamp="2019-08-02T21:49:58.856" durationms="0.899" />

<concurrent-end id="138" type="GMP work packet processing" contextid="130" timestamp="2019-08-02T21:49:58.859">
  <concurrent-mark-end bytesScanned="1726488" reasonForTermination="Completed all work in GC phase" />
</concurrent-end>

<exclusive-start id="139" timestamp="2019-08-02T21:49:58.899" intervalms="43.159">
  <response-info timems="0.036" idlems="0.036" threads="0" lastid="000000000199DA00" lastname="main" />
</exclusive-start>
<allocation-taxation id="140" taxation-threshold="2097152" timestamp="2019-08-02T21:49:58.899" intervalms="43.155" />
<cycle-start id="141" type="partial gc" contextid="0" timestamp="2019-08-02T21:49:58.899" intervalms="115.423" />
<gc-start id="142" type="partial gc" contextid="141" timestamp="2019-08-02T21:49:58.899">
  <mem-info id="143" free="1048576" total="11534336" percent="9">
    <mem type="eden" free="0" total="4194304" percent="0" />
    <remembered-set count="5376" freebytes="438912" totalbytes="460416" percent="95" regionsoverflowed="0" regionsstable="0" regionsrebuilding="0"/>
  </mem-info>
</gc-start>
<allocation-stats totalBytes="4167912" >
  <allocated-bytes non-tlh="69752" tlh="4098160" arrayletleaf="0"/>
  <largest-consumer threadName="main" threadId="000000000199DA00" bytes="2095488" />
</allocation-stats>
<gc-op id="144" type="copy forward" timems="3.209" contextid="141" timestamp="2019-08-02T21:49:58.903">
  <memory-copied type="eden" objects="8379" bytes="372824" bytesdiscarded="15016" />
  <memory-copied type="other" objects="2988" bytes="931024" bytesdiscarded="76096" />
  <memory-cardclean objects="745" bytes="47360" />
  <regions eden="4" other="1" />
  <remembered-set-cleared processed="4650" cleared="618" durationms="0.085" />
  <finalization candidates="4" enqueued="0" />
  <references type="soft" candidates="159" cleared="0" enqueued="0" dynamicThreshold="8" maxThreshold="32" />
  <references type="weak" candidates="447" cleared="0" enqueued="0" />
  <references type="phantom" candidates="4" cleared="0" enqueued="0" />
  <stringconstants candidates="7071" cleared="0"  />
  <heap-resize type="expand" space="default" amount="1048576" count="1" timems="0.103" reason="continue current collection" />
</gc-op>
<gc-op id="145" type="classunload" timems="0.003" contextid="141" timestamp="2019-08-02T21:49:58.903">
  <classunload-info classloadercandidates="11" classloadersunloaded="0" classesunloaded="0" anonymousclassesunloaded="0" quiescems="0.000" setupms="0.003" scanms="0.000" postms="0.000" />
</gc-op>
<gc-op id="146" type="compact" timems="0.600" contextid="141" timestamp="2019-08-02T21:49:58.904">
  <compact-info movecount="0" movebytes="0" />
  <remembered-set-cleared processed="10354" cleared="618" durationms="0.085" />
</gc-op>
<gc-end id="147" type="partial gc" contextid="141" durationms="4.810" usertimems="4.000" systemtimems="0.000" timestamp="2019-08-02T21:49:58.904" activeThreads="2">
  <mem-info id="148" free="5242880" total="12582912" percent="41">
    <mem type="eden" free="660424" total="1048576" percent="62" />
    <remembered-set count="7232" freebytes="473344" totalbytes="502272" percent="94" regionsoverflowed="0" regionsstable="0" regionsrebuilding="0"/>
  </mem-info>
</gc-end>
<cycle-end id="149" type="partial gc" contextid="141" timestamp="2019-08-02T21:49:58.904" />
  <attribute name="elasticGC enabled" value="1" />
  <attribute name= "numThreadsSpecified" value="2" />
  <attribute name="heapSize specified" value="0" />
  <attribute name= "numCores" value="8" />
  <attribute name ="GC Interval" value="0" />
  <attribute name ="Control flow" value="1" />
  <attribute name="GC Util Range Max" value="148" />
  <attribute name="Current GC Util" value="67" />
  <attribute name= "Current Time Running" value="3721" />
<exclusive-end id="150" timestamp="2019-08-02T21:49:58.904" durationms="5.492" />

<exclusive-start id="151" timestamp="2019-08-02T21:49:58.947" intervalms="47.896">
  <response-info timems="0.041" idlems="0.041" threads="0" lastid="000000000199DA00" lastname="main" />
</exclusive-start>
<allocation-taxation id="152" taxation-threshold="2097152" timestamp="2019-08-02T21:49:58.947" intervalms="47.894" />
<gc-start id="153" type="global mark phase" contextid="130" timestamp="2019-08-02T21:49:58.947">
  <mem-info id="154" free="3145728" total="12582912" percent="25">
    <remembered-set count="6752" freebytes="475264" totalbytes="502272" percent="94" regionsoverflowed="0" regionsstable="0" regionsrebuilding="0"/>
  </mem-info>
</gc-start>
<gc-op id="155" type="mark increment" timems="1.317" contextid="130" timestamp="2019-08-02T21:49:58.948">
  <trace-info objectcount="3548" scancount="3071" scanbytes="116100" />
  <cardclean-info objects="2574" bytes="123000" />
  <finalization candidates="80" enqueued="0" />
  <ownableSynchronizers candidates="21" cleared="0" />
  <references type="soft" candidates="1021" cleared="0" enqueued="0" dynamicThreshold="13" maxThreshold="32" />
  <references type="weak" candidates="3532" cleared="2" enqueued="2" />
  <references type="phantom" candidates="101" cleared="0" enqueued="0" />
  <stringconstants candidates="7223" cleared="0"  />
</gc-op>
<gc-op id="156" type="classunload" timems="0.004" contextid="130" timestamp="2019-08-02T21:49:58.948">
  <classunload-info classloadercandidates="11" classloadersunloaded="0" classesunloaded="0" anonymousclassesunloaded="0" quiescems="0.000" setupms="0.004" scanms="0.000" postms="0.000" />
</gc-op>
<gc-end id="157" type="global mark phase" contextid="130" durationms="1.569" usertimems="4.000" systemtimems="0.000" timestamp="2019-08-02T21:49:58.948" activeThreads="2">
  <mem-info id="158" free="3145728" total="12582912" percent="25">
    <pending-finalizers system="0" default="0" reference="2" classloader="0" />
    <remembered-set count="6752" freebytes="475264" totalbytes="502272" percent="94" regionsoverflowed="0" regionsstable="0" regionsrebuilding="0"/>
  </mem-info>
</gc-end>
<cycle-end id="159" type="global mark phase" contextid="130" timestamp="2019-08-02T21:49:58.948" />
  <attribute name="elasticGC enabled" value="1" />
  <attribute name= "numThreadsSpecified" value="2" />
  <attribute name="heapSize specified" value="0" />
  <attribute name= "numCores" value="8" />
  <attribute name ="GC Interval" value="0" />
  <attribute name ="Control flow" value="1" />
  <attribute name="GC Util Range Max" value="148" />
  <attribute name="Current GC Util" value="55" />
  <attribute name= "Current Time Running" value="3766" />
<exclusive-end id="160" timestamp="2019-08-02T21:49:58.949" durationms="1.969" />

<exclusive-start id="161" timestamp="2019-08-02T21:49:58.985" intervalms="38.755">
  <response-info timems="0.078" idlems="0.078" threads="0" lastid="000000000199DA00" lastname="main" />
</exclusive-start>
<allocation-taxation id="162" taxation-threshold="2097152" timestamp="2019-08-02T21:49:58.985" intervalms="38.750" />
<cycle-start id="163" type="partial gc" contextid="0" timestamp="2019-08-02T21:49:58.986" intervalms="86.690" />
<gc-start id="164" type="partial gc" contextid="163" timestamp="2019-08-02T21:49:58.986">
  <mem-info id="165" free="1048576" total="12582912" percent="8">
    <mem type="eden" free="0" total="4194304" percent="0" />
    <remembered-set count="6752" freebytes="475264" totalbytes="502272" percent="94" regionsoverflowed="0" regionsstable="0" regionsrebuilding="0"/>
  </mem-info>
</gc-start>
<allocation-stats totalBytes="4164120" >
  <allocated-bytes non-tlh="72144" tlh="4091976" arrayletleaf="0"/>
  <largest-consumer threadName="main" threadId="000000000199DA00" bytes="2096752" />
</allocation-stats>
<gc-op id="166" type="sweep" timems="0.383" contextid="163" timestamp="2019-08-02T21:49:58.986" />
<gc-op id="167" type="copy forward" timems="2.066" contextid="163" timestamp="2019-08-02T21:49:58.989">
  <memory-copied type="eden" objects="1096" bytes="43192" bytesdiscarded="1083" />
  <memory-copied type="other" objects="10221" bytes="446872" bytesdiscarded="29261" />
  <memory-cardclean objects="599" bytes="28616" />
  <memory-traced type="eden" objects="949" bytes="35456" />
  <memory-traced type="other" objects="0" bytes="0" />
  <regions eden="2" other="3" evacuated="4" marked="1" />
  <remembered-set-cleared processed="5686" cleared="1169" durationms="0.080" />
  <references type="soft" candidates="54" cleared="0" enqueued="0" dynamicThreshold="8" maxThreshold="32" />
  <references type="weak" candidates="772" cleared="0" enqueued="0" />
  <stringconstants candidates="7354" cleared="0"  />
  <heap-resize type="expand" space="default" amount="1048576" count="1" timems="0.053" reason="continue current collection" />
</gc-op>
<gc-op id="168" type="classunload" timems="0.003" contextid="163" timestamp="2019-08-02T21:49:58.989">
  <classunload-info classloadercandidates="11" classloadersunloaded="0" classesunloaded="0" anonymousclassesunloaded="0" quiescems="0.000" setupms="0.002" scanms="0.000" postms="0.000" />
</gc-op>
<gc-op id="169" type="sweep" timems="0.351" contextid="163" timestamp="2019-08-02T21:49:58.990" />
<gc-op id="170" type="compact" timems="0.784" contextid="163" timestamp="2019-08-02T21:49:58.991">
  <compact-info movecount="1218" movebytes="50624" />
  <remembered-set-cleared processed="12881" cleared="1995" durationms="0.080" />
</gc-op>
<heap-resize id="171" type="expand" space="default" amount="2097152" count="1" timems="0.059" reason="insufficient free space following gc" timestamp="2019-08-02T21:49:58.991" />
<gc-end id="172" type="partial gc" contextid="163" durationms="5.421" usertimems="8.000" systemtimems="0.000" timestamp="2019-08-02T21:49:58.991" activeThreads="3">
  <mem-info id="173" free="6291456" total="15728640" percent="40">
    <mem type="eden" free="1916656" total="2097152" percent="91" />
    <remembered-set count="8288" freebytes="594688" totalbytes="627840" percent="94" regionsoverflowed="0" regionsstable="0" regionsrebuilding="0"/>
  </mem-info>
</gc-end>
<cycle-end id="174" type="partial gc" contextid="163" timestamp="2019-08-02T21:49:58.991" />
  <attribute name="elasticGC enabled" value="1" />
  <attribute name= "numThreadsSpecified" value="3" />
  <attribute name="heapSize specified" value="0" />
  <attribute name= "numCores" value="8" />
  <attribute name ="GC Interval" value="0" />
  <attribute name ="Control flow" value="1" />
  <attribute name="GC Util Range Max" value="148" />
  <attribute name="Current GC Util" value="21" />
  <attribute name= "Current Time Running" value="3808" />
<exclusive-end id="175" timestamp="2019-08-02T21:49:58.992" durationms="6.283" />

<exclusive-start id="176" timestamp="2019-08-02T21:49:59.075" intervalms="89.736">
  <response-info timems="0.040" idlems="0.040" threads="0" lastid="000000000199DA00" lastname="main" />
</exclusive-start>
<allocation-taxation id="177" taxation-threshold="6291456" timestamp="2019-08-02T21:49:59.075" intervalms="89.749" />
<cycle-start id="178" type="partial gc" contextid="0" timestamp="2019-08-02T21:49:59.075" intervalms="89.700" />
<gc-start id="179" type="partial gc" contextid="178" timestamp="2019-08-02T21:49:59.075">
  <mem-info id="180" free="0" total="15728640" percent="0">
    <mem type="eden" free="997688" total="7340032" percent="13" />
    <remembered-set count="7840" freebytes="596480" totalbytes="627840" percent="95" regionsoverflowed="0" regionsstable="0" regionsrebuilding="0"/>
  </mem-info>
</gc-start>
<allocation-stats totalBytes="6284128" >
  <allocated-bytes non-tlh="58472" tlh="6225656" arrayletleaf="0"/>
  <largest-consumer threadName="main" threadId="000000000199DA00" bytes="6284128" />
</allocation-stats>
<gc-op id="181" type="mark" timems="1.359" contextid="178" timestamp="2019-08-02T21:49:59.077">
  <trace-info objectcount="12075" scancount="10551" scanbytes="394236" />
  <cardclean-info objects="3083" bytes="154028" />
  <remembered-set-cleared processed="6694" cleared="1469" durationms="0.079" />
  <references type="soft" candidates="2" cleared="0" enqueued="0" dynamicThreshold="12" maxThreshold="32" />
  <references type="weak" candidates="641" cleared="1" enqueued="1" />
  <stringconstants candidates="7569" cleared="0"  />
  <warning details="Mark invoked due to insufficient free space for Copy-Forward" />
</gc-op>
<gc-op id="182" type="classunload" timems="0.003" contextid="178" timestamp="2019-08-02T21:49:59.077">
  <classunload-info classloadercandidates="11" classloadersunloaded="0" classesunloaded="0" anonymousclassesunloaded="0" quiescems="0.000" setupms="0.003" scanms="0.000" postms="0.000" />
</gc-op>
<gc-op id="183" type="sweep" timems="0.321" contextid="178" timestamp="2019-08-02T21:49:59.078" />
<gc-op id="184" type="compact" timems="1.657" contextid="178" timestamp="2019-08-02T21:49:59.080">
  <compact-info movecount="11730" movebytes="469800" />
  <remembered-set-cleared processed="17302" cleared="6834" durationms="0.079" />
</gc-op>
<gc-end id="185" type="partial gc" contextid="178" durationms="4.374" usertimems="8.000" systemtimems="0.000" timestamp="2019-08-02T21:49:59.080" activeThreads="3">
  <mem-info id="186" free="6291456" total="15728640" percent="40">
    <mem type="eden" free="1612480" total="2097152" percent="76" />
    <pending-finalizers system="0" default="0" reference="1" classloader="0" />
    <remembered-set count="9696" freebytes="589056" totalbytes="627840" percent="93" regionsoverflowed="0" regionsstable="0" regionsrebuilding="0"/>
  </mem-info>
</gc-end>
<cycle-end id="187" type="partial gc" contextid="178" timestamp="2019-08-02T21:49:59.080" />
  <attribute name="elasticGC enabled" value="1" />
  <attribute name= "numThreadsSpecified" value="3" />
  <attribute name="heapSize specified" value="0" />
  <attribute name= "numCores" value="8" />
  <attribute name ="GC Interval" value="0" />
  <attribute name ="Control flow" value="1" />
  <attribute name="GC Util Range Max" value="148" />
  <attribute name="Current GC Util" value="30" />
  <attribute name= "Current Time Running" value="3896" />
<exclusive-end id="188" timestamp="2019-08-02T21:49:59.080" durationms="5.190" />

<exclusive-start id="189" timestamp="2019-08-02T21:49:59.171" intervalms="96.169">
  <response-info timems="0.043" idlems="0.043" threads="0" lastid="000000000199DA00" lastname="main" />
</exclusive-start>
<allocation-taxation id="190" taxation-threshold="6291456" timestamp="2019-08-02T21:49:59.171" intervalms="96.204" />
<cycle-start id="191" type="partial gc" contextid="0" timestamp="2019-08-02T21:49:59.171" intervalms="96.210" />
<gc-start id="192" type="partial gc" contextid="191" timestamp="2019-08-02T21:49:59.172">
  <mem-info id="193" free="0" total="15728640" percent="0">
    <mem type="eden" free="0" total="6291456" percent="0" />
    <remembered-set count="9376" freebytes="590336" totalbytes="627840" percent="94" regionsoverflowed="0" regionsstable="0" regionsrebuilding="0"/>
  </mem-info>
</gc-start>
<allocation-stats totalBytes="6288472" >
  <allocated-bytes non-tlh="409784" tlh="5878688" arrayletleaf="0"/>
  <largest-consumer threadName="main" threadId="000000000199DA00" bytes="6288472" />
</allocation-stats>
<gc-op id="194" type="mark" timems="1.510" contextid="191" timestamp="2019-08-02T21:49:59.174">
  <trace-info objectcount="16136" scancount="14326" scanbytes="613620" />
  <cardclean-info objects="2565" bytes="134752" />
  <remembered-set-cleared processed="8071" cleared="1790" durationms="0.093" />
  <references type="soft" candidates="74" cleared="0" enqueued="0" dynamicThreshold="12" maxThreshold="32" />
  <references type="weak" candidates="268" cleared="6" enqueued="6" />
  <references type="phantom" candidates="3" cleared="1" enqueued="1" />
  <stringconstants candidates="7820" cleared="0"  />
  <warning details="Mark invoked due to insufficient free space for Copy-Forward" />
</gc-op>
<gc-op id="195" type="classunload" timems="0.002" contextid="191" timestamp="2019-08-02T21:49:59.174">
  <classunload-info classloadercandidates="12" classloadersunloaded="0" classesunloaded="0" anonymousclassesunloaded="0" quiescems="0.000" setupms="0.002" scanms="0.000" postms="0.000" />
</gc-op>
<gc-op id="196" type="sweep" timems="0.340" contextid="191" timestamp="2019-08-02T21:49:59.174" />
<gc-op id="197" type="compact" timems="2.128" contextid="191" timestamp="2019-08-02T21:49:59.177">
  <compact-info movecount="10267" movebytes="823520" />
  <remembered-set-cleared processed="19291" cleared="6699" durationms="0.093" />
</gc-op>
<heap-resize id="198" type="expand" space="default" amount="1048576" count="1" timems="0.056" reason="insufficient free space following gc" timestamp="2019-08-02T21:49:59.177" />
<gc-end id="199" type="partial gc" contextid="191" durationms="5.472" usertimems="8.000" systemtimems="0.000" timestamp="2019-08-02T21:49:59.177" activeThreads="3">
  <mem-info id="200" free="6291456" total="16777216" percent="37">
    <mem type="eden" free="299968" total="1048576" percent="28" />
    <pending-finalizers system="0" default="0" reference="7" classloader="0" />
    <remembered-set count="10240" freebytes="628736" totalbytes="669696" percent="93" regionsoverflowed="0" regionsstable="0" regionsrebuilding="0"/>
  </mem-info>
</gc-end>
<cycle-end id="201" type="partial gc" contextid="191" timestamp="2019-08-02T21:49:59.177" />
  <attribute name="elasticGC enabled" value="1" />
  <attribute name= "numThreadsSpecified" value="3" />
  <attribute name="heapSize specified" value="0" />
  <attribute name= "numCores" value="8" />
  <attribute name ="GC Interval" value="0" />
  <attribute name ="Control flow" value="1" />
  <attribute name="GC Util Range Max" value="148" />
  <attribute name="Current GC Util" value="21" />
  <attribute name= "Current Time Running" value="3993" />
<exclusive-end id="202" timestamp="2019-08-02T21:49:59.178" durationms="6.353" />

<exclusive-start id="203" timestamp="2019-08-02T21:49:59.224" intervalms="53.171">
  <response-info timems="0.093" idlems="0.093" threads="0" lastid="000000000199DA00" lastname="main" />
</exclusive-start>
<allocation-taxation id="204" taxation-threshold="6291456" timestamp="2019-08-02T21:49:59.225" intervalms="53.173" />
<cycle-start id="205" type="partial gc" contextid="0" timestamp="2019-08-02T21:49:59.225" intervalms="53.250" />
<gc-start id="206" type="partial gc" contextid="205" timestamp="2019-08-02T21:49:59.225">
  <mem-info id="207" free="0" total="16777216" percent="0">
    <mem type="eden" free="299968" total="7340032" percent="4" />
    <remembered-set count="10240" freebytes="628736" totalbytes="669696" percent="93" regionsoverflowed="0" regionsstable="0" regionsrebuilding="0"/>
  </mem-info>
</gc-start>
<allocation-stats totalBytes="6290696" >
  <allocated-bytes non-tlh="4760" tlh="6285936" arrayletleaf="0"/>
  <largest-consumer threadName="main" threadId="000000000199DA00" bytes="6286600" />
</allocation-stats>
<gc-op id="208" type="mark" timems="1.848" contextid="205" timestamp="2019-08-02T21:49:59.227">
  <trace-info objectcount="17233" scancount="15438" scanbytes="657444" />
  <cardclean-info objects="838" bytes="55588" />
  <remembered-set-cleared processed="8948" cleared="1115" durationms="0.117" />
  <references type="soft" candidates="72" cleared="0" enqueued="0" dynamicThreshold="12" maxThreshold="32" />
  <references type="weak" candidates="98" cleared="0" enqueued="0" />
  <references type="phantom" candidates="2" cleared="0" enqueued="0" />
  <stringconstants candidates="7846" cleared="0"  />
  <warning details="Mark invoked due to insufficient free space for Copy-Forward" />
</gc-op>
<gc-op id="209" type="classunload" timems="0.003" contextid="205" timestamp="2019-08-02T21:49:59.227">
  <classunload-info classloadercandidates="12" classloadersunloaded="0" classesunloaded="0" anonymousclassesunloaded="0" quiescems="0.000" setupms="0.002" scanms="0.000" postms="0.000" />
</gc-op>
<gc-op id="210" type="sweep" timems="0.413" contextid="205" timestamp="2019-08-02T21:49:59.228" />
<gc-op id="211" type="compact" timems="2.157" contextid="205" timestamp="2019-08-02T21:49:59.230">
  <compact-info movecount="16859" movebytes="1090840" />
  <remembered-set-cleared processed="20845" cleared="5159" durationms="0.117" />
</gc-op>
<heap-resize id="212" type="expand" space="default" amount="2097152" count="1" timems="0.061" reason="insufficient free space following gc" timestamp="2019-08-02T21:49:59.231" />
<gc-end id="213" type="partial gc" contextid="205" durationms="6.018" usertimems="8.000" systemtimems="0.000" timestamp="2019-08-02T21:49:59.231" activeThreads="3">
  <mem-info id="214" free="7340032" total="18874368" percent="38">
    <mem type="eden" free="993336" total="2097152" percent="47" />
    <remembered-set count="11872" freebytes="705920" totalbytes="753408" percent="93" regionsoverflowed="0" regionsstable="0" regionsrebuilding="0"/>
  </mem-info>
</gc-end>
<cycle-end id="215" type="partial gc" contextid="205" timestamp="2019-08-02T21:49:59.231" />
  <attribute name="elasticGC enabled" value="1" />
  <attribute name= "numThreadsSpecified" value="3" />
  <attribute name="heapSize specified" value="0" />
  <attribute name= "numCores" value="8" />
  <attribute name ="GC Interval" value="0" />
  <attribute name ="Control flow" value="1" />
  <attribute name="GC Util Range Max" value="148" />
  <attribute name="Current GC Util" value="27" />
  <attribute name= "Current Time Running" value="4047" />
<exclusive-end id="216" timestamp="2019-08-02T21:49:59.231" durationms="7.036" />

<exclusive-start id="217" timestamp="2019-08-02T21:49:59.326" intervalms="101.660">
  <response-info timems="0.064" idlems="0.064" threads="0" lastid="000000000199DA00" lastname="main" />
</exclusive-start>
<allocation-taxation id="218" taxation-threshold="7340032" timestamp="2019-08-02T21:49:59.326" intervalms="101.667" />
<cycle-start id="219" type="partial gc" contextid="0" timestamp="2019-08-02T21:49:59.326" intervalms="101.634" />
<gc-start id="220" type="partial gc" contextid="219" timestamp="2019-08-02T21:49:59.327">
  <mem-info id="221" free="0" total="18874368" percent="0">
    <mem type="eden" free="0" total="7340032" percent="0" />
    <remembered-set count="11808" freebytes="706176" totalbytes="753408" percent="93" regionsoverflowed="0" regionsstable="0" regionsrebuilding="0"/>
  </mem-info>
</gc-start>
<allocation-stats totalBytes="7337904" >
  <allocated-bytes non-tlh="258912" tlh="7078992" arrayletleaf="0"/>
  <largest-consumer threadName="main" threadId="000000000199DA00" bytes="7337904" />
</allocation-stats>
<gc-op id="222" type="mark" timems="1.611" contextid="219" timestamp="2019-08-02T21:49:59.329">
  <trace-info objectcount="22097" scancount="19878" scanbytes="788744" />
  <cardclean-info objects="2754" bytes="158392" />
  <remembered-set-cleared processed="10690" cleared="2024" durationms="0.121" />
  <references type="soft" candidates="224" cleared="0" enqueued="0" dynamicThreshold="12" maxThreshold="32" />
  <references type="weak" candidates="448" cleared="8" enqueued="7" />
  <references type="phantom" candidates="1" cleared="0" enqueued="0" />
  <stringconstants candidates="8296" cleared="0"  />
  <warning details="Mark invoked due to insufficient free space for Copy-Forward" />
</gc-op>
<gc-op id="223" type="classunload" timems="0.003" contextid="219" timestamp="2019-08-02T21:49:59.329">
  <classunload-info classloadercandidates="14" classloadersunloaded="0" classesunloaded="0" anonymousclassesunloaded="0" quiescems="0.000" setupms="0.003" scanms="0.000" postms="0.000" />
</gc-op>
<gc-op id="224" type="sweep" timems="0.401" contextid="219" timestamp="2019-08-02T21:49:59.329" />
<gc-op id="225" type="compact" timems="1.736" contextid="219" timestamp="2019-08-02T21:49:59.331">
  <compact-info movecount="13541" movebytes="916792" />
  <remembered-set-cleared processed="26392" cleared="9032" durationms="0.121" />
</gc-op>
<heap-resize id="226" type="expand" space="default" amount="1048576" count="1" timems="0.054" reason="insufficient free space following gc" timestamp="2019-08-02T21:49:59.332" />
<gc-end id="227" type="partial gc" contextid="219" durationms="5.224" usertimems="12.000" systemtimems="0.000" timestamp="2019-08-02T21:49:59.332" activeThreads="3">
  <mem-info id="228" free="7340032" total="19922944" percent="36">
    <mem type="eden" free="144720" total="1048576" percent="13" />
    <pending-finalizers system="0" default="0" reference="7" classloader="0" />
    <remembered-set count="14240" freebytes="738304" totalbytes="795264" percent="92" regionsoverflowed="0" regionsstable="0" regionsrebuilding="0"/>
  </mem-info>
</gc-end>
<cycle-end id="229" type="partial gc" contextid="219" timestamp="2019-08-02T21:49:59.332" />
  <attribute name="elasticGC enabled" value="1" />
  <attribute name= "numThreadsSpecified" value="3" />
  <attribute name="heapSize specified" value="0" />
  <attribute name= "numCores" value="8" />
  <attribute name ="GC Interval" value="0" />
  <attribute name ="Control flow" value="1" />
  <attribute name="GC Util Range Max" value="148" />
  <attribute name="Current GC Util" value="27" />
  <attribute name= "Current Time Running" value="4148" />
<exclusive-end id="230" timestamp="2019-08-02T21:49:59.332" durationms="6.159" />

<exclusive-start id="231" timestamp="2019-08-02T21:49:59.373" intervalms="46.637">
  <response-info timems="0.024" idlems="0.024" threads="0" lastid="000000000199DA00" lastname="main" />
</exclusive-start>
<allocation-taxation id="232" taxation-threshold="7340032" timestamp="2019-08-02T21:49:59.373" intervalms="46.574" />
<cycle-start id="233" type="partial gc" contextid="0" timestamp="2019-08-02T21:49:59.373" intervalms="46.520" />
<gc-start id="234" type="partial gc" contextid="233" timestamp="2019-08-02T21:49:59.373">
  <mem-info id="235" free="0" total="19922944" percent="0">
    <mem type="eden" free="120576" total="7340032" percent="1" />
    <remembered-set count="14080" freebytes="738944" totalbytes="795264" percent="92" regionsoverflowed="0" regionsstable="0" regionsrebuilding="0"/>
  </mem-info>
</gc-start>
<allocation-stats totalBytes="7214952" >
  <allocated-bytes non-tlh="13048" tlh="7201904" arrayletleaf="0"/>
  <largest-consumer threadName="main" threadId="000000000199DA00" bytes="7214952" />
</allocation-stats>
<gc-op id="236" type="mark" timems="1.230" contextid="233" timestamp="2019-08-02T21:49:59.375">
  <trace-info objectcount="9182" scancount="8227" scanbytes="284872" />
  <cardclean-info objects="1363" bytes="82580" />
  <remembered-set-cleared processed="12554" cleared="2290" durationms="0.104" />
  <references type="soft" candidates="225" cleared="0" enqueued="0" dynamicThreshold="11" maxThreshold="32" />
  <references type="weak" candidates="420" cleared="0" enqueued="0" />
  <references type="phantom" candidates="1" cleared="0" enqueued="0" />
  <stringconstants candidates="8408" cleared="0"  />
  <warning details="Mark invoked due to insufficient free space for Copy-Forward" />
</gc-op>
<gc-op id="237" type="classunload" timems="0.003" contextid="233" timestamp="2019-08-02T21:49:59.375">
  <classunload-info classloadercandidates="15" classloadersunloaded="0" classesunloaded="0" anonymousclassesunloaded="0" quiescems="0.000" setupms="0.003" scanms="0.000" postms="0.000" />
</gc-op>
<gc-op id="238" type="sweep" timems="0.277" contextid="233" timestamp="2019-08-02T21:49:59.375" />
<gc-op id="239" type="compact" timems="1.741" contextid="233" timestamp="2019-08-02T21:49:59.377">
  <compact-info movecount="5033" movebytes="224520" />
  <remembered-set-cleared processed="27248" cleared="6704" durationms="0.104" />
</gc-op>
<heap-resize id="240" type="expand" space="default" amount="3145728" count="1" timems="0.083" reason="insufficient free space following gc" timestamp="2019-08-02T21:49:59.377" />
<gc-end id="241" type="partial gc" contextid="233" durationms="4.564" usertimems="8.000" systemtimems="0.000" timestamp="2019-08-02T21:49:59.378" activeThreads="3">
  <mem-info id="242" free="9437184" total="23068672" percent="40">
    <mem type="eden" free="984240" total="1048576" percent="93" />
    <remembered-set count="13920" freebytes="865152" totalbytes="920832" percent="93" regionsoverflowed="0" regionsstable="0" regionsrebuilding="0"/>
  </mem-info>
</gc-end>
<cycle-end id="243" type="partial gc" contextid="233" timestamp="2019-08-02T21:49:59.378" />
  <attribute name="elasticGC enabled" value="1" />
  <attribute name= "numThreadsSpecified" value="3" />
  <attribute name="heapSize specified" value="0" />
  <attribute name= "numCores" value="8" />
  <attribute name ="GC Interval" value="0" />
  <attribute name ="Control flow" value="1" />
  <attribute name="GC Util Range Max" value="148" />
  <attribute name="Current GC Util" value="23" />
  <attribute name= "Current Time Running" value="4194" />
<exclusive-end id="244" timestamp="2019-08-02T21:49:59.378" durationms="5.395" />

<exclusive-start id="245" timestamp="2019-08-02T21:49:59.440" intervalms="67.462">
  <response-info timems="0.020" idlems="0.020" threads="0" lastid="000000000199DA00" lastname="main" />
</exclusive-start>
<sys-start reason="explicit" id="246" timestamp="2019-08-02T21:49:59.440" intervalms="5718.876" />
<cycle-start id="247" type="global garbage collect" contextid="0" timestamp="2019-08-02T21:49:59.440" intervalms="5718.939" />
<gc-start id="248" type="global garbage collect" contextid="247" timestamp="2019-08-02T21:49:59.441">
  <mem-info id="249" free="5826224" total="23068672" percent="25">
    <mem type="eden" free="583344" total="4194304" percent="13" />
    <remembered-set count="13888" freebytes="865280" totalbytes="920832" percent="93" regionsoverflowed="0" regionsstable="0" regionsrebuilding="0"/>
  </mem-info>
</gc-start>
<allocation-stats totalBytes="3610312" >
  <allocated-bytes non-tlh="421744" tlh="3188568" arrayletleaf="0"/>
  <largest-consumer threadName="main" threadId="000000000199DA00" bytes="3610312" />
</allocation-stats>
<gc-op id="250" type="global mark" timems="3.011" contextid="247" timestamp="2019-08-02T21:49:59.444">
  <trace-info objectcount="74601" scancount="60857" scanbytes="2101804" />
  <finalization candidates="80" enqueued="0" />
  <ownableSynchronizers candidates="21" cleared="0" />
  <references type="soft" candidates="1640" cleared="0" enqueued="0" dynamicThreshold="13" maxThreshold="32" />
  <references type="weak" candidates="4527" cleared="32" enqueued="30" />
  <references type="phantom" candidates="102" cleared="2" enqueued="2" />
  <stringconstants candidates="8680" cleared="15"  />
</gc-op>
<gc-op id="251" type="classunload" timems="0.381" contextid="247" timestamp="2019-08-02T21:49:59.444">
  <classunload-info classloadercandidates="17" classloadersunloaded="1" classesunloaded="1" anonymousclassesunloaded="0" quiescems="0.000" setupms="0.371" scanms="0.007" postms="0.003" />
</gc-op>
<gc-op id="252" type="sweep" timems="0.449" contextid="247" timestamp="2019-08-02T21:49:59.445" />
<gc-op id="253" type="compact" timems="5.020" contextid="247" timestamp="2019-08-02T21:49:59.450">
  <compact-info movecount="73419" movebytes="4207976" />
  <remembered-set-cleared processed="26710" cleared="26710" durationms="0.112" />
</gc-op>
<gc-end id="254" type="global garbage collect" contextid="247" durationms="9.970" usertimems="24.000" systemtimems="0.000" timestamp="2019-08-02T21:49:59.451" activeThreads="3">
  <mem-info id="255" free="8388608" total="23068672" percent="36">
    <pending-finalizers system="0" default="0" reference="32" classloader="0" />
    <remembered-set count="10240" freebytes="879872" totalbytes="920832" percent="95" regionsoverflowed="0" regionsstable="0" regionsrebuilding="0"/>
  </mem-info>
</gc-end>
<cycle-end id="256" type="global garbage collect" contextid="247" timestamp="2019-08-02T21:49:59.451" />
  <attribute name="elasticGC enabled" value="1" />
  <attribute name= "numThreadsSpecified" value="3" />
  <attribute name="heapSize specified" value="0" />
  <attribute name= "numCores" value="8" />
  <attribute name ="GC Interval" value="0" />
  <attribute name ="Control flow" value="1" />
  <attribute name="GC Util Range Max" value="148" />
  <attribute name="Current GC Util" value="34" />
  <attribute name= "Current Time Running" value="4264" />
<sys-end id="257" timestamp="2019-08-02T21:49:59.451" />
<exclusive-end id="258" timestamp="2019-08-02T21:49:59.451" durationms="10.720" />

<exclusive-start id="259" timestamp="2019-08-02T21:49:59.617" intervalms="176.412">
  <response-info timems="0.074" idlems="0.074" threads="0" lastid="000000000199DA00" lastname="main" />
</exclusive-start>
<allocation-taxation id="260" taxation-threshold="8388608" timestamp="2019-08-02T21:49:59.617" intervalms="243.973" />
<cycle-start id="261" type="partial gc" contextid="0" timestamp="2019-08-02T21:49:59.617" intervalms="244.045" />
<gc-start id="262" type="partial gc" contextid="261" timestamp="2019-08-02T21:49:59.617">
  <mem-info id="263" free="0" total="23068672" percent="0">
    <mem type="eden" free="0" total="8388608" percent="0" />
    <remembered-set count="10080" freebytes="880512" totalbytes="920832" percent="95" regionsoverflowed="0" regionsstable="0" regionsrebuilding="0"/>
  </mem-info>
</gc-start>
<allocation-stats totalBytes="8387408" >
  <allocated-bytes non-tlh="463952" tlh="7923456" arrayletleaf="0"/>
  <largest-consumer threadName="main" threadId="000000000199DA00" bytes="8379160" />
</allocation-stats>
<gc-op id="264" type="mark" timems="1.011" contextid="261" timestamp="2019-08-02T21:49:59.619">
  <trace-info objectcount="599" scancount="552" scanbytes="52812" />
  <cardclean-info objects="642" bytes="35532" />
  <remembered-set-cleared processed="9179" cleared="138" durationms="0.121" />
  <references type="soft" candidates="34" cleared="0" enqueued="0" dynamicThreshold="11" maxThreshold="32" />
  <references type="weak" candidates="22" cleared="11" enqueued="11" />
  <references type="phantom" candidates="5" cleared="2" enqueued="2" />
  <stringconstants candidates="8698" cleared="12"  />
  <warning details="Mark invoked due to insufficient free space for Copy-Forward" />
</gc-op>
<gc-op id="265" type="classunload" timems="0.003" contextid="261" timestamp="2019-08-02T21:49:59.619">
  <classunload-info classloadercandidates="17" classloadersunloaded="0" classesunloaded="0" anonymousclassesunloaded="0" quiescems="0.000" setupms="0.003" scanms="0.000" postms="0.000" />
</gc-op>
<gc-op id="266" type="sweep" timems="0.379" contextid="261" timestamp="2019-08-02T21:49:59.620" />
<gc-op id="267" type="compact" timems="0.992" contextid="261" timestamp="2019-08-02T21:49:59.621">
  <compact-info movecount="599" movebytes="333624" />
  <remembered-set-cleared processed="18672" cleared="562" durationms="0.121" />
</gc-op>
<heap-resize id="268" type="expand" space="default" amount="1048576" count="1" timems="0.065" reason="insufficient free space following gc" timestamp="2019-08-02T21:49:59.621" />
<gc-end id="269" type="partial gc" contextid="261" durationms="4.114" usertimems="8.000" systemtimems="0.000" timestamp="2019-08-02T21:49:59.621" activeThreads="3">
  <mem-info id="270" free="8388608" total="24117248" percent="34">
    <mem type="eden" free="714952" total="1048576" percent="68" />
    <pending-finalizers system="0" default="0" reference="13" classloader="0" />
    <remembered-set count="11232" freebytes="917760" totalbytes="962688" percent="95" regionsoverflowed="0" regionsstable="0" regionsrebuilding="0"/>
  </mem-info>
</gc-end>
<cycle-end id="271" type="partial gc" contextid="261" timestamp="2019-08-02T21:49:59.622" />
  <attribute name="elasticGC enabled" value="1" />
  <attribute name= "numThreadsSpecified" value="3" />
  <attribute name="heapSize specified" value="0" />
  <attribute name= "numCores" value="8" />
  <attribute name ="GC Interval" value="0" />
  <attribute name ="Control flow" value="1" />
  <attribute name="GC Util Range Max" value="148" />
  <attribute name="Current GC Util" value="18" />
  <attribute name= "Current Time Running" value="4438" />
<exclusive-end id="272" timestamp="2019-08-02T21:49:59.622" durationms="5.373" />

<exclusive-start id="273" timestamp="2019-08-02T21:49:59.659" intervalms="42.169">
  <response-info timems="0.085" idlems="0.085" threads="0" lastid="000000000199DA00" lastname="main" />
</exclusive-start>
<allocation-taxation id="274" taxation-threshold="8388608" timestamp="2019-08-02T21:49:59.659" intervalms="42.148" />
<cycle-start id="275" type="partial gc" contextid="0" timestamp="2019-08-02T21:49:59.659" intervalms="42.250" />
<gc-start id="276" type="partial gc" contextid="275" timestamp="2019-08-02T21:49:59.659">
  <mem-info id="277" free="0" total="24117248" percent="0">
    <mem type="eden" free="714952" total="9437184" percent="7" />
    <remembered-set count="10976" freebytes="918784" totalbytes="962688" percent="95" regionsoverflowed="0" regionsstable="0" regionsrebuilding="0"/>
  </mem-info>
</gc-start>
<allocation-stats totalBytes="8388088" >
  <allocated-bytes non-tlh="0" tlh="8388088" arrayletleaf="0"/>
  <largest-consumer threadName="main" threadId="000000000199DA00" bytes="8383992" />
</allocation-stats>
<gc-op id="278" type="mark" timems="1.071" contextid="275" timestamp="2019-08-02T21:49:59.661">
  <trace-info objectcount="568" scancount="525" scanbytes="52068" />
  <cardclean-info objects="225" bytes="22360" />
  <remembered-set-cleared processed="9369" cleared="240" durationms="0.130" />
  <references type="soft" candidates="34" cleared="0" enqueued="0" dynamicThreshold="11" maxThreshold="32" />
  <references type="weak" candidates="10" cleared="0" enqueued="0" />
  <references type="phantom" candidates="3" cleared="0" enqueued="0" />
  <stringconstants candidates="8686" cleared="0"  />
  <warning details="Mark invoked due to insufficient free space for Copy-Forward" />
</gc-op>
<gc-op id="279" type="classunload" timems="0.003" contextid="275" timestamp="2019-08-02T21:49:59.661">
  <classunload-info classloadercandidates="17" classloadersunloaded="0" classesunloaded="0" anonymousclassesunloaded="0" quiescems="0.000" setupms="0.003" scanms="0.000" postms="0.000" />
</gc-op>
<gc-op id="280" type="sweep" timems="0.350" contextid="275" timestamp="2019-08-02T21:49:59.662" />
<gc-op id="281" type="compact" timems="0.889" contextid="275" timestamp="2019-08-02T21:49:59.663">
  <compact-info movecount="568" movebytes="332656" />
  <remembered-set-cleared processed="18873" cleared="600" durationms="0.130" />
</gc-op>
<heap-resize id="282" type="expand" space="default" amount="2097152" count="1" timems="0.067" reason="insufficient free space following gc" timestamp="2019-08-02T21:49:59.663" />
<gc-end id="283" type="partial gc" contextid="275" durationms="4.051" usertimems="4.000" systemtimems="0.000" timestamp="2019-08-02T21:49:59.664" activeThreads="3">
  <mem-info id="284" free="9437184" total="26214400" percent="36">
    <mem type="eden" free="1764496" total="2097152" percent="84" />
    <remembered-set count="11328" freebytes="1001088" totalbytes="1046400" percent="95" regionsoverflowed="0" regionsstable="0" regionsrebuilding="0"/>
  </mem-info>
</gc-end>
<cycle-end id="285" type="partial gc" contextid="275" timestamp="2019-08-02T21:49:59.664" />
  <attribute name="elasticGC enabled" value="1" />
  <attribute name= "numThreadsSpecified" value="3" />
  <attribute name="heapSize specified" value="0" />
  <attribute name= "numCores" value="8" />
  <attribute name ="GC Interval" value="0" />
  <attribute name ="Control flow" value="1" />
  <attribute name="GC Util Range Max" value="148" />
  <attribute name="Current GC Util" value="20" />
  <attribute name= "Current Time Running" value="4481" />
<exclusive-end id="286" timestamp="2019-08-02T21:49:59.664" durationms="5.256" />

<exclusive-start id="287" timestamp="2019-08-02T21:49:59.704" intervalms="44.871">
  <response-info timems="0.093" idlems="0.093" threads="0" lastid="000000000199DA00" lastname="main" />
</exclusive-start>
<allocation-taxation id="288" taxation-threshold="9437184" timestamp="2019-08-02T21:49:59.704" intervalms="44.902" />
<cycle-start id="289" type="partial gc" contextid="0" timestamp="2019-08-02T21:49:59.704" intervalms="44.891" />
<gc-start id="290" type="partial gc" contextid="289" timestamp="2019-08-02T21:49:59.704">
  <mem-info id="291" free="0" total="26214400" percent="0">
    <mem type="eden" free="1015616" total="10485760" percent="9" />
    <remembered-set count="10880" freebytes="1002880" totalbytes="1046400" percent="95" regionsoverflowed="0" regionsstable="0" regionsrebuilding="0"/>
  </mem-info>
</gc-start>
<allocation-stats totalBytes="9436544" >
  <allocated-bytes non-tlh="0" tlh="9436544" arrayletleaf="0"/>
  <largest-consumer threadName="main" threadId="000000000199DA00" bytes="9436544" />
</allocation-stats>
<gc-op id="292" type="mark" timems="1.019" contextid="289" timestamp="2019-08-02T21:49:59.706">
  <trace-info objectcount="8" scancount="8" scanbytes="32956" />
  <cardclean-info objects="14" bytes="544" />
  <remembered-set-cleared processed="9463" cleared="9" durationms="0.109" />
  <stringconstants candidates="8686" cleared="0"  />
  <warning details="Mark invoked due to insufficient free space for Copy-Forward" />
</gc-op>
<gc-op id="293" type="classunload" timems="0.002" contextid="289" timestamp="2019-08-02T21:49:59.706">
  <classunload-info classloadercandidates="17" classloadersunloaded="0" classesunloaded="0" anonymousclassesunloaded="0" quiescems="0.000" setupms="0.002" scanms="0.000" postms="0.000" />
</gc-op>
<gc-op id="294" type="sweep" timems="0.281" contextid="289" timestamp="2019-08-02T21:49:59.707" />
<gc-op id="295" type="compact" timems="0.884" contextid="289" timestamp="2019-08-02T21:49:59.708">
  <compact-info movecount="8" movebytes="32960" />
  <remembered-set-cleared processed="18929" cleared="21" durationms="0.109" />
</gc-op>
<gc-end id="296" type="partial gc" contextid="289" durationms="3.626" usertimems="4.000" systemtimems="0.000" timestamp="2019-08-02T21:49:59.708" activeThreads="3">
  <mem-info id="297" free="9437184" total="26214400" percent="36">
    <mem type="eden" free="1015616" total="1048576" percent="96" />
    <remembered-set count="11264" freebytes="1001344" totalbytes="1046400" percent="95" regionsoverflowed="0" regionsstable="0" regionsrebuilding="0"/>
  </mem-info>
</gc-end>
<cycle-end id="298" type="partial gc" contextid="289" timestamp="2019-08-02T21:49:59.708" />
  <attribute name="elasticGC enabled" value="1" />
  <attribute name= "numThreadsSpecified" value="3" />
  <attribute name="heapSize specified" value="0" />
  <attribute name= "numCores" value="8" />
  <attribute name ="GC Interval" value="0" />
  <attribute name ="Control flow" value="1" />
  <attribute name="GC Util Range Max" value="148" />
  <attribute name="Current GC Util" value="19" />
  <attribute name= "Current Time Running" value="4525" />
<exclusive-end id="299" timestamp="2019-08-02T21:49:59.708" durationms="4.822" />

<exclusive-start id="300" timestamp="2019-08-02T21:49:59.767" intervalms="63.472">
  <response-info timems="0.070" idlems="0.070" threads="0" lastid="000000000199DA00" lastname="main" />
</exclusive-start>
<allocation-taxation id="301" taxation-threshold="9437184" timestamp="2019-08-02T21:49:59.767" intervalms="63.357" />
<cycle-start id="302" type="partial gc" contextid="0" timestamp="2019-08-02T21:49:59.767" intervalms="63.245" />
<gc-start id="303" type="partial gc" contextid="302" timestamp="2019-08-02T21:49:59.768">
  <mem-info id="304" free="0" total="26214400" percent="0">
    <mem type="eden" free="1015616" total="10485760" percent="9" />
    <remembered-set count="10816" freebytes="1003136" totalbytes="1046400" percent="95" regionsoverflowed="0" regionsstable="0" regionsrebuilding="0"/>
  </mem-info>
</gc-start>
<allocation-stats totalBytes="9435088" >
  <allocated-bytes non-tlh="35352" tlh="9399736" arrayletleaf="0"/>
  <largest-consumer threadName="main" threadId="000000000199DA00" bytes="9435088" />
</allocation-stats>
<gc-op id="305" type="mark" timems="1.004" contextid="302" timestamp="2019-08-02T21:49:59.769">
  <trace-info objectcount="2173" scancount="1597" scanbytes="78488" />
  <cardclean-info objects="317" bytes="16116" />
  <remembered-set-cleared processed="9538" cleared="159" durationms="0.087" />
  <references type="soft" candidates="3" cleared="0" enqueued="0" dynamicThreshold="11" maxThreshold="32" />
  <references type="weak" candidates="27" cleared="17" enqueued="17" />
  <references type="phantom" candidates="4" cleared="2" enqueued="2" />
  <stringconstants candidates="9087" cleared="0"  />
  <warning details="Mark invoked due to insufficient free space for Copy-Forward" />
</gc-op>
<gc-op id="306" type="classunload" timems="0.003" contextid="302" timestamp="2019-08-02T21:49:59.769">
  <classunload-info classloadercandidates="17" classloadersunloaded="0" classesunloaded="0" anonymousclassesunloaded="0" quiescems="0.000" setupms="0.003" scanms="0.000" postms="0.000" />
</gc-op>
<gc-op id="307" type="sweep" timems="0.262" contextid="302" timestamp="2019-08-02T21:49:59.769" />
<gc-op id="308" type="compact" timems="1.172" contextid="302" timestamp="2019-08-02T21:49:59.771">
  <compact-info movecount="2173" movebytes="112752" />
  <remembered-set-cleared processed="19200" cleared="411" durationms="0.087" />
</gc-op>
<gc-end id="309" type="partial gc" contextid="302" durationms="3.488" usertimems="4.000" systemtimems="0.000" timestamp="2019-08-02T21:49:59.771" activeThreads="3">
  <mem-info id="310" free="9437184" total="26214400" percent="36">
    <mem type="eden" free="935824" total="1048576" percent="89" />
    <pending-finalizers system="0" default="0" reference="19" classloader="0" />
    <remembered-set count="11712" freebytes="999552" totalbytes="1046400" percent="95" regionsoverflowed="0" regionsstable="0" regionsrebuilding="0"/>
  </mem-info>
</gc-end>
<cycle-end id="311" type="partial gc" contextid="302" timestamp="2019-08-02T21:49:59.771" />
  <attribute name="elasticGC enabled" value="1" />
  <attribute name= "numThreadsSpecified" value="3" />
  <attribute name="heapSize specified" value="0" />
  <attribute name= "numCores" value="8" />
  <attribute name ="GC Interval" value="0" />
  <attribute name ="Control flow" value="1" />
  <attribute name="GC Util Range Max" value="148" />
  <attribute name="Current GC Util" value="23" />
  <attribute name= "Current Time Running" value="4588" />
<exclusive-end id="312" timestamp="2019-08-02T21:49:59.771" durationms="4.352" />

</verbosegc>

