<?xml version="1.0" ?>

<verbosegc xmlns="http://www.ibm.com/j9/verbosegc" version="10b4217_CMPRSS">

<initialized id="1" timestamp="2019-07-07T05:37:29.083">
  <attribute name="gcPolicy" value="-Xgcpolicy:balanced" />
  <attribute name="elasticGC enabled" value="1" />
  <attribute name= "numThreadsSpecified" value="0" />
  <attribute name="heapSize specified" value="0" />
  <attribute name="Current GC Util" value="0" />
  <attribute name= "Current Time Running" value="0" />
  <attribute name ="GC Interval" value="0" />
  <attribute name="ProportionalT" value="0.000000" />
  <attribute name="ProportionalI" value="0.000000" />
  <attribute name="ProportionalH" value="0.000000" />
  <attribute name="IntegralT" value="0.000000" />
  <attribute name="IntegralI" value="0.000000" />
  <attribute name="IntegralH" value="0.000000" />
  <attribute name="DerivativeT" value="0.000000" />
  <attribute name="DerivativeI" value="0.000000" />
  <attribute name="DerivativeH" value="0.000000" />
  <attribute name="Target GC Util Change" value ="0.000000" />
  <attribute name="Current GC Util Change" value="0.000000"/>
  <attribute name="Current Error" value="0.000000" />
  <attribute name="Loop Time for DT" value="0.000000" />
  <attribute name="Output H" value="0"/>
  <attribute name="Output I" value="0"/>
  <attribute name="Output T" value="0"/>
  <attribute name="GC Util currently" value="0" />
  <attribute name="CPU Util currently" value="0" />
  <attribute name="maxHeapSize" value="0x7cb00000" />
  <attribute name="initialHeapSize" value="0x800000" />
  <attribute name="compressedRefs" value="true" />
  <attribute name="compressedRefsDisplacement" value="0x0" />
  <attribute name="compressedRefsShift" value="0x0" />
  <attribute name="pageSize" value="0x1000" />
  <attribute name="pageType" value="not used" />
  <attribute name="requestedPageSize" value="0x1000" />
  <attribute name="requestedPageType" value="not used" />
  <attribute name="gcthreads" value="4" />
  <attribute name="packetListSplit" value="4" />
  <attribute name="cacheListSplit" value="4" />
  <attribute name="splitFreeListSplitAmount" value="1" />
  <attribute name="numaNodes" value="0" />
  <region>
    <attribute name="regionSize" value="1048576" />
    <attribute name="regionCount" value="1995" />
    <attribute name="arrayletLeafSize" value="1048576" />
  </region>
  <system>
    <attribute name="physicalMemory" value="8370962432" />
    <attribute name="numCPUs" value="4" />
    <attribute name="architecture" value="amd64" />
    <attribute name="os" value="Linux" />
    <attribute name="osVersion" value="4.4.0-148-generic" />
  </system>
  <vmargs>
    <vmarg name="-Xoptionsfile=/vagrant/jdk/lib/options.default" />
    <vmarg name="-Xlockword:mode=default,noLockword=java/lang/String,noLockword=java/util/MapEntry,noLockword=java/util/HashMap$Entry,noLockword..." />
    <vmarg name="-Xjcl:jclse29" />
    <vmarg name="-Dcom.ibm.oti.vm.bootstrap.library.path=/vagrant/jdk/lib/compressedrefs:/vagrant/jdk/lib" />
    <vmarg name="-Dsun.boot.library.path=/vagrant/jdk/lib/compressedrefs:/vagrant/jdk/lib" />
    <vmarg name="-Djava.library.path=/vagrant/jdk/lib/compressedrefs:/vagrant/jdk/lib:/usr/lib64:/usr/lib" />
    <vmarg name="-Djava.home=/vagrant/jdk" />
    <vmarg name="-Duser.dir=/vagrant" />
    <vmarg name="-Xgcpolicy:balanced" />
    <vmarg name="-Xgcelastic" />
    <vmarg name="-Xcheck:gc:::elasticGC" />
    <vmarg name="-verbose:gc" />
    <vmarg name="-Xloggc:large-Balanced-jdk0.5-0.5-1-verbose8jython.txt" />
    <vmarg name="-Djava.class.path=dacapo-9.12-MR1-bach.jar" />
    <vmarg name="-Dsun.java.command=dacapo-9.12-MR1-bach.jar jython --size=large" />
    <vmarg name="-Dsun.java.launcher=SUN_STANDARD" />
    <vmarg name="-Dsun.java.launcher.pid=6515" />
  </vmargs>
</initialized>

<exclusive-start id="2" timestamp="2019-07-07T05:37:30.897" intervalms="1814.019">
  <response-info timems="0.024" idlems="0.024" threads="0" lastid="000000000202A700" lastname="main" />
</exclusive-start>
<allocation-taxation id="3" taxation-threshold="8388608" timestamp="2019-07-07T05:37:30.898" intervalms="1814.340" />
<cycle-start id="4" type="partial gc" contextid="0" timestamp="2019-07-07T05:37:30.898" intervalms="1814.632" />
<gc-start id="5" type="partial gc" contextid="4" timestamp="2019-07-07T05:37:30.898">
  <mem-info id="6" free="0" total="8388608" percent="0">
    <mem type="eden" free="80" total="8388608" percent="0" />
    <remembered-set count="0" freebytes="334848" totalbytes="334848" percent="100" regionsoverflowed="0" regionsstable="0" regionsrebuilding="0"/>
  </mem-info>
</gc-start>
<allocation-stats totalBytes="8316096" >
  <allocated-bytes non-tlh="357600" tlh="7958496" arrayletleaf="0"/>
  <largest-consumer threadName="main" threadId="000000000202A700" bytes="8239880" />
</allocation-stats>
<gc-op id="7" type="mark" timems="2.296" contextid="4" timestamp="2019-07-07T05:37:30.901">
  <trace-info objectcount="17715" scancount="14028" scanbytes="460928" />
  <remembered-set-cleared processed="0" cleared="0" durationms="0.072" />
  <finalization candidates="14" enqueued="1" />
  <references type="soft" candidates="63" cleared="0" enqueued="0" dynamicThreshold="32" maxThreshold="32" />
  <references type="weak" candidates="544" cleared="401" enqueued="362" />
  <references type="phantom" candidates="105" cleared="44" enqueued="44" />
  <stringconstants candidates="2406" cleared="0"  />
  <warning details="Mark for calibration purposes" />
</gc-op>
<gc-op id="8" type="classunload" timems="0.034" contextid="4" timestamp="2019-07-07T05:37:30.902">
  <classunload-info classloadercandidates="5" classloadersunloaded="0" classesunloaded="0" anonymousclassesunloaded="0" quiescems="0.000" setupms="0.034" scanms="0.000" postms="0.000" />
</gc-op>
<gc-op id="9" type="sweep" timems="0.523" contextid="4" timestamp="2019-07-07T05:37:30.902" />
<gc-op id="10" type="compact" timems="4.344" contextid="4" timestamp="2019-07-07T05:37:30.907">
  <compact-info movecount="17715" movebytes="963328" />
  <remembered-set-cleared processed="0" cleared="0" durationms="0.072" />
</gc-op>
<gc-end id="11" type="partial gc" contextid="4" durationms="9.343" usertimems="4.000" systemtimems="4.000" timestamp="2019-07-07T05:37:30.908" activeThreads="1">
  <mem-info id="12" free="7340032" total="8388608" percent="87">
    <mem type="eden" free="85248" total="1048576" percent="8" />
    <pending-finalizers system="1" default="0" reference="406" classloader="0" />
    <remembered-set count="0" freebytes="334848" totalbytes="334848" percent="100" regionsoverflowed="0" regionsstable="0" regionsrebuilding="0"/>
  </mem-info>
</gc-end>
<cycle-end id="13" type="partial gc" contextid="4" timestamp="2019-07-07T05:37:30.908" />
  <attribute name="elasticGC enabled" value="1" />
  <attribute name= "numThreadsSpecified" value="1" />
  <attribute name="heapSize specified" value="0" />
  <attribute name="Current GC Util" value="49" />
  <attribute name= "Current Time Running" value="1704" />
  <attribute name ="GC Interval" value="0" />
  <attribute name="ProportionalT" value="14.500000" />
  <attribute name="ProportionalI" value="14.500000" />
  <attribute name="ProportionalH" value="14.500000" />
  <attribute name="Current Error" value="29.000000" />
  <attribute name="IntegralT" value="-17040.000000" />
  <attribute name="IntegralI" value="-17040.000000" />
  <attribute name="IntegralH" value="-17040.000000" />
  <attribute name="DerivativeT" value="inf" />
  <attribute name="DerivativeI" value="inf" />
  <attribute name="DerivativeH" value="inf" />
  <attribute name="Loop Time for DT" value="0.000000" />
  <attribute name="Output H" value="8388608"/>
  <attribute name="Output I" value="200"/>
  <attribute name="Output T" value="1"/>
  <attribute name="Target GC Util Change" value ="20.000000" />
  <attribute name="Current GC Util Change" value="49.000000"/>
  <attribute name="GC Util currently" value="49" />
  <attribute name="CPU Util currently" value="5573095077044" />
<exclusive-end id="14" timestamp="2019-07-07T05:37:30.908" durationms="10.540" />

<exclusive-start id="15" timestamp="2019-07-07T05:37:31.506" intervalms="608.082">
  <response-info timems="0.074" idlems="0.074" threads="0" lastid="000000000202A700" lastname="main" />
</exclusive-start>
<allocation-taxation id="16" taxation-threshold="7340032" timestamp="2019-07-07T05:37:31.506" intervalms="607.933" />
<cycle-start id="17" type="partial gc" contextid="0" timestamp="2019-07-07T05:37:31.506" intervalms="607.807" />
<gc-start id="18" type="partial gc" contextid="17" timestamp="2019-07-07T05:37:31.506">
  <mem-info id="19" free="0" total="8388608" percent="0">
    <mem type="eden" free="85248" total="8388608" percent="1" />
    <remembered-set count="0" freebytes="334848" totalbytes="334848" percent="100" regionsoverflowed="0" regionsstable="0" regionsrebuilding="0"/>
  </mem-info>
</gc-start>
<allocation-stats totalBytes="7330104" >
  <allocated-bytes non-tlh="569856" tlh="6760248" arrayletleaf="0"/>
  <largest-consumer threadName="main" threadId="000000000202A700" bytes="7321824" />
</allocation-stats>
<gc-op id="20" type="mark" timems="2.370" contextid="17" timestamp="2019-07-07T05:37:31.509">
  <trace-info objectcount="19024" scancount="15068" scanbytes="511304" />
  <remembered-set-cleared processed="0" cleared="0" durationms="0.052" />
  <finalization candidates="22" enqueued="0" />
  <ownableSynchronizers candidates="16" cleared="0" />
  <references type="soft" candidates="67" cleared="0" enqueued="0" dynamicThreshold="28" maxThreshold="32" />
  <references type="weak" candidates="682" cleared="364" enqueued="256" />
  <references type="phantom" candidates="88" cleared="2" enqueued="2" />
  <stringconstants candidates="2592" cleared="0"  />
  <warning details="Mark invoked due to insufficient free space for Copy-Forward" />
</gc-op>
<gc-op id="21" type="classunload" timems="0.002" contextid="17" timestamp="2019-07-07T05:37:31.509">
  <classunload-info classloadercandidates="6" classloadersunloaded="0" classesunloaded="0" anonymousclassesunloaded="0" quiescems="0.000" setupms="0.001" scanms="0.000" postms="0.000" />
</gc-op>
<gc-op id="22" type="sweep" timems="0.806" contextid="17" timestamp="2019-07-07T05:37:31.510" />
<gc-op id="23" type="compact" timems="3.988" contextid="17" timestamp="2019-07-07T05:37:31.515">
  <compact-info movecount="19020" movebytes="1506424" />
  <remembered-set-cleared processed="0" cleared="0" durationms="0.052" />
</gc-op>
<gc-end id="24" type="partial gc" contextid="17" durationms="8.766" usertimems="12.000" systemtimems="0.000" timestamp="2019-07-07T05:37:31.515" activeThreads="4">
  <mem-info id="25" free="6291456" total="8388608" percent="75">
    <mem type="eden" free="590464" total="2097152" percent="28" />
    <pending-finalizers system="0" default="0" reference="258" classloader="0" />
    <remembered-set count="1536" freebytes="328704" totalbytes="334848" percent="98" regionsoverflowed="0" regionsstable="0" regionsrebuilding="0"/>
  </mem-info>
</gc-end>
<cycle-end id="26" type="partial gc" contextid="17" timestamp="2019-07-07T05:37:31.515" />
  <attribute name="elasticGC enabled" value="1" />
  <attribute name= "numThreadsSpecified" value="4" />
  <attribute name="heapSize specified" value="0" />
  <attribute name="Current GC Util" value="101" />
  <attribute name= "Current Time Running" value="2312" />
  <attribute name ="GC Interval" value="0" />
  <attribute name="ProportionalT" value="40.500000" />
  <attribute name="ProportionalI" value="40.500000" />
  <attribute name="ProportionalH" value="40.500000" />
  <attribute name="Current Error" value="81.000000" />
  <attribute name="IntegralT" value="40.500000" />
  <attribute name="IntegralI" value="40.500000" />
  <attribute name="IntegralH" value="40.500000" />
  <attribute name="DerivativeT" value="-37.000000" />
  <attribute name="DerivativeI" value="-37.000000" />
  <attribute name="DerivativeH" value="-37.000000" />
  <attribute name="Loop Time for DT" value="1.000000" />
  <attribute name="Output H" value="8388608"/>
  <attribute name="Output I" value="200"/>
  <attribute name="Output T" value="4"/>
  <attribute name="Target GC Util Change" value ="20.000000" />
  <attribute name="Current GC Util Change" value="101.000000"/>
  <attribute name="GC Util currently" value="101" />
  <attribute name="CPU Util currently" value="4237108663762" />
<exclusive-end id="27" timestamp="2019-07-07T05:37:31.515" durationms="9.682" />

<exclusive-start id="28" timestamp="2019-07-07T05:37:31.659" intervalms="153.342">
  <response-info timems="0.059" idlems="0.059" threads="0" lastid="000000000202A700" lastname="main" />
</exclusive-start>
<allocation-taxation id="29" taxation-threshold="3145728" timestamp="2019-07-07T05:37:31.659" intervalms="153.286" />
<cycle-start id="30" type="global mark phase" contextid="0" timestamp="2019-07-07T05:37:31.659" intervalms="2575.699" />
<gc-start id="31" type="global mark phase" contextid="30" timestamp="2019-07-07T05:37:31.659">
  <mem-info id="32" free="3145728" total="8388608" percent="37">
    <remembered-set count="1056" freebytes="330624" totalbytes="334848" percent="98" regionsoverflowed="0" regionsstable="0" regionsrebuilding="0"/>
  </mem-info>
</gc-start>
<gc-op id="33" type="mark increment" timems="0.737" contextid="30" timestamp="2019-07-07T05:37:31.660">
  <trace-info objectcount="138" scancount="0" scanbytes="0" />
</gc-op>
<gc-end id="34" type="global mark phase" contextid="30" durationms="0.853" usertimems="0.000" systemtimems="0.000" timestamp="2019-07-07T05:37:31.660" activeThreads="1">
  <mem-info id="35" free="3145728" total="8388608" percent="37">
    <remembered-set count="1056" freebytes="330624" totalbytes="334848" percent="98" regionsoverflowed="0" regionsstable="0" regionsrebuilding="0"/>
  </mem-info>
</gc-end>
<concurrent-start id="36" type="GMP work packet processing" contextid="30" timestamp="2019-07-07T05:37:31.660">
  <concurrent-mark-start scanTarget="18446744073709551615" />
</concurrent-start>
<exclusive-end id="37" timestamp="2019-07-07T05:37:31.660" durationms="1.277" />

<concurrent-end id="38" type="GMP work packet processing" contextid="30" timestamp="2019-07-07T05:37:31.661">
  <concurrent-mark-end bytesScanned="771116" reasonForTermination="Completed all work in GC phase" />
</concurrent-end>

<exclusive-start id="39" timestamp="2019-07-07T05:37:31.752" intervalms="93.478">
  <response-info timems="0.035" idlems="0.035" threads="0" lastid="000000000202A700" lastname="main" />
</exclusive-start>
<allocation-taxation id="40" taxation-threshold="3145728" timestamp="2019-07-07T05:37:31.752" intervalms="93.455" />
<cycle-start id="41" type="partial gc" contextid="0" timestamp="2019-07-07T05:37:31.752" intervalms="246.655" />
<gc-start id="42" type="partial gc" contextid="41" timestamp="2019-07-07T05:37:31.753">
  <mem-info id="43" free="0" total="8388608" percent="0">
    <mem type="eden" free="0" total="6291456" percent="0" />
    <remembered-set count="1056" freebytes="330624" totalbytes="334848" percent="98" regionsoverflowed="0" regionsstable="0" regionsrebuilding="0"/>
  </mem-info>
</gc-start>
<allocation-stats totalBytes="6285264" >
  <allocated-bytes non-tlh="317712" tlh="5967552" arrayletleaf="0"/>
  <largest-consumer threadName="main" threadId="000000000202A700" bytes="3144280" />
</allocation-stats>
<gc-op id="44" type="mark" timems="2.270" contextid="41" timestamp="2019-07-07T05:37:31.755">
  <trace-info objectcount="20281" scancount="16260" scanbytes="547608" />
  <cardclean-info objects="848" bytes="36096" />
  <remembered-set-cleared processed="203" cleared="203" durationms="0.052" />
  <finalization candidates="50" enqueued="1" />
  <ownableSynchronizers candidates="17" cleared="0" />
  <references type="soft" candidates="358" cleared="0" enqueued="0" dynamicThreshold="12" maxThreshold="32" />
  <references type="weak" candidates="1254" cleared="157" enqueued="143" />
  <references type="phantom" candidates="41" cleared="4" enqueued="4" />
  <stringconstants candidates="4540" cleared="0"  />
  <warning details="Mark invoked due to insufficient free space for Copy-Forward" />
</gc-op>
<gc-op id="45" type="classunload" timems="0.002" contextid="41" timestamp="2019-07-07T05:37:31.755">
  <classunload-info classloadercandidates="10" classloadersunloaded="0" classesunloaded="0" anonymousclassesunloaded="0" quiescems="0.000" setupms="0.002" scanms="0.000" postms="0.000" />
</gc-op>
<gc-op id="46" type="sweep" timems="0.525" contextid="41" timestamp="2019-07-07T05:37:31.756" />
<gc-op id="47" type="compact" timems="2.862" contextid="41" timestamp="2019-07-07T05:37:31.759">
  <compact-info movecount="20269" movebytes="1379528" />
  <remembered-set-cleared processed="3245" cleared="3245" durationms="0.052" />
</gc-op>
<heap-resize id="48" type="contract" space="default" amount="1048576" count="1" timems="0.164" reason="insufficient time being spent in gc" timestamp="2019-07-07T05:37:31.760" />
<gc-end id="49" type="partial gc" contextid="41" durationms="6.938" usertimems="12.000" systemtimems="0.000" timestamp="2019-07-07T05:37:31.760" activeThreads="4">
  <mem-info id="50" free="4194304" total="7340032" percent="57">
    <mem type="eden" free="372896" total="1048576" percent="35" />
    <pending-finalizers system="1" default="0" reference="147" classloader="0" />
    <remembered-set count="3584" freebytes="320512" totalbytes="334848" percent="95" regionsoverflowed="0" regionsstable="0" regionsrebuilding="0"/>
  </mem-info>
</gc-end>
<cycle-end id="51" type="partial gc" contextid="41" timestamp="2019-07-07T05:37:31.760" />
  <attribute name="elasticGC enabled" value="1" />
  <attribute name= "numThreadsSpecified" value="4" />
  <attribute name="heapSize specified" value="0" />
  <attribute name="Current GC Util" value="45" />
  <attribute name= "Current Time Running" value="2558" />
  <attribute name ="GC Interval" value="0" />
  <attribute name="ProportionalT" value="12.500000" />
  <attribute name="ProportionalI" value="12.500000" />
  <attribute name="ProportionalH" value="12.500000" />
  <attribute name="Current Error" value="25.000000" />
  <attribute name="IntegralT" value="12.500000" />
  <attribute name="IntegralI" value="12.500000" />
  <attribute name="IntegralH" value="12.500000" />
  <attribute name="DerivativeT" value="25.000000" />
  <attribute name="DerivativeI" value="25.000000" />
  <attribute name="DerivativeH" value="25.000000" />
  <attribute name="Loop Time for DT" value="1.000000" />
  <attribute name="Output H" value="8388608"/>
  <attribute name="Output I" value="200"/>
  <attribute name="Output T" value="4"/>
  <attribute name="Target GC Util Change" value ="20.000000" />
  <attribute name="Current GC Util Change" value="45.000000"/>
  <attribute name="GC Util currently" value="45" />
  <attribute name="CPU Util currently" value="6304622042563" />
<exclusive-end id="52" timestamp="2019-07-07T05:37:31.760" durationms="7.635" />

<exclusive-start id="53" timestamp="2019-07-07T05:37:35.003" intervalms="3250.506">
  <response-info timems="0.065" idlems="0.065" threads="0" lastid="000000000202A700" lastname="main" />
</exclusive-start>
<allocation-taxation id="54" taxation-threshold="2097152" timestamp="2019-07-07T05:37:35.003" intervalms="3250.566" />
<gc-start id="55" type="global mark phase" contextid="30" timestamp="2019-07-07T05:37:35.003">
  <mem-info id="56" free="2097152" total="7340032" percent="28">
    <remembered-set count="3136" freebytes="322304" totalbytes="334848" percent="96" regionsoverflowed="0" regionsstable="0" regionsrebuilding="0"/>
  </mem-info>
</gc-start>
<gc-op id="57" type="mark increment" timems="2.350" contextid="30" timestamp="2019-07-07T05:37:35.006">
  <trace-info objectcount="22556" scancount="18246" scanbytes="621416" />
  <cardclean-info objects="898" bytes="38336" />
  <finalization candidates="62" enqueued="0" />
  <ownableSynchronizers candidates="17" cleared="0" />
  <references type="soft" candidates="584" cleared="0" enqueued="0" dynamicThreshold="18" maxThreshold="32" />
  <references type="weak" candidates="1415" cleared="6" enqueued="6" />
  <references type="phantom" candidates="96" cleared="2" enqueued="2" />
  <stringconstants candidates="4893" cleared="0"  />
</gc-op>
<gc-op id="58" type="classunload" timems="0.003" contextid="30" timestamp="2019-07-07T05:37:35.006">
  <classunload-info classloadercandidates="10" classloadersunloaded="0" classesunloaded="0" anonymousclassesunloaded="0" quiescems="0.000" setupms="0.003" scanms="0.000" postms="0.000" />
</gc-op>
<gc-end id="59" type="global mark phase" contextid="30" durationms="2.655" usertimems="0.000" systemtimems="4.000" timestamp="2019-07-07T05:37:35.006" activeThreads="4">
  <mem-info id="60" free="2097152" total="7340032" percent="28">
    <pending-finalizers system="0" default="0" reference="8" classloader="0" />
    <remembered-set count="3136" freebytes="322304" totalbytes="334848" percent="96" regionsoverflowed="0" regionsstable="0" regionsrebuilding="0"/>
  </mem-info>
</gc-end>
<cycle-end id="61" type="global mark phase" contextid="30" timestamp="2019-07-07T05:37:35.006" />
  <attribute name="elasticGC enabled" value="1" />
  <attribute name= "numThreadsSpecified" value="4" />
  <attribute name="heapSize specified" value="0" />
  <attribute name="Current GC Util" value="91" />
  <attribute name= "Current Time Running" value="5807" />
  <attribute name ="GC Interval" value="0" />
  <attribute name="ProportionalT" value="35.500000" />
  <attribute name="ProportionalI" value="35.500000" />
  <attribute name="ProportionalH" value="35.500000" />
  <attribute name="Current Error" value="71.000000" />
  <attribute name="IntegralT" value="35.500000" />
  <attribute name="IntegralI" value="35.500000" />
  <attribute name="IntegralH" value="35.500000" />
  <attribute name="DerivativeT" value="27.000000" />
  <attribute name="DerivativeI" value="27.000000" />
  <attribute name="DerivativeH" value="27.000000" />
  <attribute name="Loop Time for DT" value="1.000000" />
  <attribute name="Output H" value="8388608"/>
  <attribute name="Output I" value="200"/>
  <attribute name="Output T" value="4"/>
  <attribute name="Target GC Util Change" value ="20.000000" />
  <attribute name="Current GC Util Change" value="91.000000"/>
  <attribute name="GC Util currently" value="91" />
  <attribute name="CPU Util currently" value="4951380422858" />
<exclusive-end id="62" timestamp="2019-07-07T05:37:35.006" durationms="3.262" />

<exclusive-start id="63" timestamp="2019-07-07T05:37:35.108" intervalms="104.756">
  <response-info timems="0.053" idlems="0.053" threads="0" lastid="000000000202A700" lastname="main" />
</exclusive-start>
<allocation-taxation id="64" taxation-threshold="2097152" timestamp="2019-07-07T05:37:35.108" intervalms="104.714" />
<cycle-start id="65" type="partial gc" contextid="0" timestamp="2019-07-07T05:37:35.108" intervalms="3355.279" />
<gc-start id="66" type="partial gc" contextid="65" timestamp="2019-07-07T05:37:35.108">
  <mem-info id="67" free="0" total="7340032" percent="0">
    <mem type="eden" free="372896" total="5242880" percent="7" />
    <remembered-set count="3136" freebytes="322304" totalbytes="334848" percent="96" regionsoverflowed="0" regionsstable="0" regionsrebuilding="0"/>
  </mem-info>
</gc-start>
<allocation-stats totalBytes="4158776" >
  <allocated-bytes non-tlh="78416" tlh="4080360" arrayletleaf="0"/>
  <largest-consumer threadName="main" threadId="000000000202A700" bytes="2068832" />
</allocation-stats>
<gc-op id="68" type="sweep" timems="0.362" contextid="65" timestamp="2019-07-07T05:37:35.109" />
<gc-op id="69" type="mark" timems="2.299" contextid="65" timestamp="2019-07-07T05:37:35.111">
  <trace-info objectcount="22589" scancount="18093" scanbytes="604528" />
  <cardclean-info objects="1033" bytes="57780" />
  <remembered-set-cleared processed="0" cleared="0" durationms="0.045" />
  <finalization candidates="43" enqueued="0" />
  <ownableSynchronizers candidates="1" cleared="0" />
  <references type="soft" candidates="562" cleared="0" enqueued="0" dynamicThreshold="9" maxThreshold="32" />
  <references type="weak" candidates="1216" cleared="24" enqueued="24" />
  <references type="phantom" candidates="10" cleared="1" enqueued="1" />
  <stringconstants candidates="5080" cleared="0"  />
  <warning details="Mark invoked due to insufficient free space for Copy-Forward" />
</gc-op>
<gc-op id="70" type="classunload" timems="0.002" contextid="65" timestamp="2019-07-07T05:37:35.111">
  <classunload-info classloadercandidates="10" classloadersunloaded="0" classesunloaded="0" anonymousclassesunloaded="0" quiescems="0.000" setupms="0.002" scanms="0.000" postms="0.000" />
</gc-op>
<gc-op id="71" type="sweep" timems="1.551" contextid="65" timestamp="2019-07-07T05:37:35.113" />
<gc-op id="72" type="compact" timems="3.554" contextid="65" timestamp="2019-07-07T05:37:35.117">
  <compact-info movecount="22573" movebytes="883856" />
  <remembered-set-cleared processed="5726" cleared="5601" durationms="0.068" />
</gc-op>
<heap-resize id="73" type="expand" space="default" amount="1048576" count="1" timems="0.050" reason="insufficient free space following gc" timestamp="2019-07-07T05:37:35.117" />
<gc-end id="74" type="partial gc" contextid="65" durationms="9.468" usertimems="12.000" systemtimems="0.000" timestamp="2019-07-07T05:37:35.117" activeThreads="4">
  <mem-info id="75" free="4194304" total="8388608" percent="50">
    <mem type="eden" free="1212584" total="2097152" percent="57" />
    <pending-finalizers system="0" default="0" reference="25" classloader="0" />
    <remembered-set count="3744" freebytes="319872" totalbytes="334848" percent="95" regionsoverflowed="0" regionsstable="0" regionsrebuilding="0"/>
  </mem-info>
</gc-end>
<cycle-end id="76" type="partial gc" contextid="65" timestamp="2019-07-07T05:37:35.118" />
  <attribute name="elasticGC enabled" value="1" />
  <attribute name= "numThreadsSpecified" value="4" />
  <attribute name="heapSize specified" value="0" />
  <attribute name="Current GC Util" value="99" />
  <attribute name= "Current Time Running" value="5915" />
  <attribute name ="GC Interval" value="0" />
  <attribute name="ProportionalT" value="39.500000" />
  <attribute name="ProportionalI" value="39.500000" />
  <attribute name="ProportionalH" value="39.500000" />
  <attribute name="Current Error" value="79.000000" />
  <attribute name="IntegralT" value="79.000000" />
  <attribute name="IntegralI" value="79.000000" />
  <attribute name="IntegralH" value="79.000000" />
  <attribute name="DerivativeT" value="39.500000" />
  <attribute name="DerivativeI" value="39.500000" />
  <attribute name="DerivativeH" value="39.500000" />
  <attribute name="Loop Time for DT" value="2.000000" />
  <attribute name="Output H" value="8388608"/>
  <attribute name="Output I" value="200"/>
  <attribute name="Output T" value="4"/>
  <attribute name="Target GC Util Change" value ="20.000000" />
  <attribute name="Current GC Util Change" value="99.000000"/>
  <attribute name="GC Util currently" value="99" />
  <attribute name="CPU Util currently" value="2641526930263" />
<exclusive-end id="77" timestamp="2019-07-07T05:37:35.118" durationms="10.185" />

<exclusive-start id="78" timestamp="2019-07-07T05:37:35.255" intervalms="147.709">
  <response-info timems="0.052" idlems="0.052" threads="0" lastid="000000000202A700" lastname="main" />
</exclusive-start>
<allocation-taxation id="79" taxation-threshold="2097152" timestamp="2019-07-07T05:37:35.255" intervalms="147.753" />
<cycle-start id="80" type="global mark phase" contextid="0" timestamp="2019-07-07T05:37:35.256" intervalms="3596.511" />
<gc-start id="81" type="global mark phase" contextid="80" timestamp="2019-07-07T05:37:35.256">
  <mem-info id="82" free="2097152" total="8388608" percent="25">
    <remembered-set count="3744" freebytes="319872" totalbytes="334848" percent="95" regionsoverflowed="0" regionsstable="0" regionsrebuilding="0"/>
  </mem-info>
</gc-start>
<gc-op id="83" type="mark increment" timems="0.470" contextid="80" timestamp="2019-07-07T05:37:35.256">
  <trace-info objectcount="124" scancount="0" scanbytes="0" />
</gc-op>
<gc-end id="84" type="global mark phase" contextid="80" durationms="0.608" usertimems="0.000" systemtimems="4.000" timestamp="2019-07-07T05:37:35.256" activeThreads="1">
  <mem-info id="85" free="2097152" total="8388608" percent="25">
    <remembered-set count="3744" freebytes="319872" totalbytes="334848" percent="95" regionsoverflowed="0" regionsstable="0" regionsrebuilding="0"/>
  </mem-info>
</gc-end>
<concurrent-start id="86" type="GMP work packet processing" contextid="80" timestamp="2019-07-07T05:37:35.256">
  <concurrent-mark-start scanTarget="18446744073709551615" />
</concurrent-start>
<exclusive-end id="87" timestamp="2019-07-07T05:37:35.257" durationms="1.245" />

<concurrent-end id="88" type="GMP work packet processing" contextid="80" timestamp="2019-07-07T05:37:35.259">
  <concurrent-mark-end bytesScanned="1169028" reasonForTermination="Completed all work in GC phase" />
</concurrent-end>

<exclusive-start id="89" timestamp="2019-07-07T05:37:35.319" intervalms="63.462">
  <response-info timems="0.037" idlems="0.037" threads="0" lastid="0000000002791900" lastname="process reaper" />
</exclusive-start>
<allocation-taxation id="90" taxation-threshold="2097152" timestamp="2019-07-07T05:37:35.319" intervalms="63.413" />
<cycle-start id="91" type="partial gc" contextid="0" timestamp="2019-07-07T05:37:35.319" intervalms="211.174" />
<gc-start id="92" type="partial gc" contextid="91" timestamp="2019-07-07T05:37:35.319">
  <mem-info id="93" free="0" total="8388608" percent="0">
    <mem type="eden" free="0" total="4194304" percent="0" />
    <remembered-set count="3744" freebytes="319872" totalbytes="334848" percent="95" regionsoverflowed="0" regionsstable="0" regionsrebuilding="0"/>
  </mem-info>
</gc-start>
<allocation-stats totalBytes="4190088" >
  <allocated-bytes non-tlh="122992" tlh="4067096" arrayletleaf="0"/>
  <largest-consumer threadName="main" threadId="000000000202A700" bytes="2071784" />
</allocation-stats>
<gc-op id="94" type="mark" timems="2.147" contextid="91" timestamp="2019-07-07T05:37:35.322">
  <trace-info objectcount="15605" scancount="13433" scanbytes="488108" />
  <cardclean-info objects="1743" bytes="79552" />
  <remembered-set-cleared processed="2447" cleared="1076" durationms="0.067" />
  <finalization candidates="13" enqueued="0" />
  <ownableSynchronizers candidates="3" cleared="0" />
  <references type="soft" candidates="441" cleared="0" enqueued="0" dynamicThreshold="8" maxThreshold="32" />
  <references type="weak" candidates="2041" cleared="424" enqueued="281" />
  <references type="phantom" candidates="3" cleared="1" enqueued="1" />
  <stringconstants candidates="6041" cleared="0"  />
  <warning details="Mark invoked due to insufficient free space for Copy-Forward" />
</gc-op>
<gc-op id="95" type="classunload" timems="0.002" contextid="91" timestamp="2019-07-07T05:37:35.322">
  <classunload-info classloadercandidates="11" classloadersunloaded="0" classesunloaded="0" anonymousclassesunloaded="0" quiescems="0.000" setupms="0.002" scanms="0.000" postms="0.000" />
</gc-op>
<gc-op id="96" type="sweep" timems="0.403" contextid="91" timestamp="2019-07-07T05:37:35.322" />
<gc-op id="97" type="compact" timems="3.379" contextid="91" timestamp="2019-07-07T05:37:35.326">
  <compact-info movecount="15528" movebytes="709544" />
  <remembered-set-cleared processed="12269" cleared="9483" durationms="0.089" />
</gc-op>
<heap-resize id="98" type="expand" space="default" amount="3145728" count="1" timems="0.068" reason="insufficient free space following gc" timestamp="2019-07-07T05:37:35.327" />
<gc-end id="99" type="partial gc" contextid="91" durationms="7.594" usertimems="8.000" systemtimems="0.000" timestamp="2019-07-07T05:37:35.327" activeThreads="1">
  <mem-info id="100" free="6291456" total="11534336" percent="54">
    <mem type="eden" free="583312" total="1048576" percent="55" />
    <pending-finalizers system="0" default="0" reference="282" classloader="0" />
    <remembered-set count="5568" freebytes="438144" totalbytes="460416" percent="95" regionsoverflowed="0" regionsstable="0" regionsrebuilding="0"/>
  </mem-info>
</gc-end>
<cycle-end id="101" type="partial gc" contextid="91" timestamp="2019-07-07T05:37:35.327" />
  <attribute name="elasticGC enabled" value="1" />
  <attribute name= "numThreadsSpecified" value="1" />
  <attribute name="heapSize specified" value="0" />
  <attribute name="Current GC Util" value="26" />
  <attribute name= "Current Time Running" value="6124" />
  <attribute name ="GC Interval" value="0" />
  <attribute name="ProportionalT" value="3.000000" />
  <attribute name="ProportionalI" value="3.000000" />
  <attribute name="ProportionalH" value="3.000000" />
  <attribute name="Current Error" value="6.000000" />
  <attribute name="IntegralT" value="0.000000" />
  <attribute name="IntegralI" value="0.000000" />
  <attribute name="IntegralH" value="0.000000" />
  <attribute name="DerivativeT" value="inf" />
  <attribute name="DerivativeI" value="inf" />
  <attribute name="DerivativeH" value="inf" />
  <attribute name="Loop Time for DT" value="0.000000" />
  <attribute name="Output H" value="8388608"/>
  <attribute name="Output I" value="200"/>
  <attribute name="Output T" value="1"/>
  <attribute name="Target GC Util Change" value ="20.000000" />
  <attribute name="Current GC Util Change" value="26.000000"/>
  <attribute name="GC Util currently" value="26" />
  <attribute name="CPU Util currently" value="7821932103324" />
<exclusive-end id="102" timestamp="2019-07-07T05:37:35.327" durationms="8.282" />

<exclusive-start id="103" timestamp="2019-07-07T05:37:35.392" intervalms="72.844">
  <response-info timems="0.031" idlems="0.031" threads="0" lastid="000000000202A700" lastname="main" />
</exclusive-start>
<allocation-taxation id="104" taxation-threshold="3145728" timestamp="2019-07-07T05:37:35.392" intervalms="72.845" />
<gc-start id="105" type="global mark phase" contextid="80" timestamp="2019-07-07T05:37:35.392">
  <mem-info id="106" free="3145728" total="11534336" percent="27">
    <remembered-set count="5376" freebytes="438912" totalbytes="460416" percent="95" regionsoverflowed="0" regionsstable="0" regionsrebuilding="0"/>
  </mem-info>
</gc-start>
<gc-op id="107" type="mark increment" timems="2.724" contextid="80" timestamp="2019-07-07T05:37:35.395">
  <trace-info objectcount="18663" scancount="15729" scanbytes="577256" />
  <cardclean-info objects="3123" bytes="140916" />
  <finalization candidates="80" enqueued="0" />
  <ownableSynchronizers candidates="22" cleared="0" />
  <references type="soft" candidates="967" cleared="0" enqueued="0" dynamicThreshold="17" maxThreshold="32" />
  <references type="weak" candidates="3192" cleared="230" enqueued="157" />
  <references type="phantom" candidates="103" cleared="2" enqueued="2" />
  <stringconstants candidates="6398" cleared="0"  />
</gc-op>
<gc-op id="108" type="classunload" timems="0.004" contextid="80" timestamp="2019-07-07T05:37:35.395">
  <classunload-info classloadercandidates="11" classloadersunloaded="0" classesunloaded="0" anonymousclassesunloaded="0" quiescems="0.000" setupms="0.004" scanms="0.000" postms="0.000" />
</gc-op>
<gc-end id="109" type="global mark phase" contextid="80" durationms="3.021" usertimems="4.000" systemtimems="0.000" timestamp="2019-07-07T05:37:35.395" activeThreads="4">
  <mem-info id="110" free="3145728" total="11534336" percent="27">
    <pending-finalizers system="0" default="0" reference="159" classloader="0" />
    <remembered-set count="5376" freebytes="438912" totalbytes="460416" percent="95" regionsoverflowed="0" regionsstable="0" regionsrebuilding="0"/>
  </mem-info>
</gc-end>
<cycle-end id="111" type="global mark phase" contextid="80" timestamp="2019-07-07T05:37:35.395" />
  <attribute name="elasticGC enabled" value="1" />
  <attribute name= "numThreadsSpecified" value="4" />
  <attribute name="heapSize specified" value="0" />
  <attribute name="Current GC Util" value="0" />
  <attribute name= "Current Time Running" value="6195" />
  <attribute name ="GC Interval" value="0" />
  <attribute name="ProportionalT" value="-10.000000" />
  <attribute name="ProportionalI" value="-10.000000" />
  <attribute name="ProportionalH" value="-10.000000" />
  <attribute name="Current Error" value="-20.000000" />
  <attribute name="IntegralT" value="-10.000000" />
  <attribute name="IntegralI" value="-10.000000" />
  <attribute name="IntegralH" value="-10.000000" />
  <attribute name="DerivativeT" value="-172.000000" />
  <attribute name="DerivativeI" value="-172.000000" />
  <attribute name="DerivativeH" value="-172.000000" />
  <attribute name="Loop Time for DT" value="1.000000" />
  <attribute name="Output H" value="2091843584"/>
  <attribute name="Output I" value="200"/>
  <attribute name="Output T" value="4"/>
  <attribute name="Target GC Util Change" value ="20.000000" />
  <attribute name="Current GC Util Change" value="0.000000"/>
  <attribute name="GC Util currently" value="0" />
  <attribute name="CPU Util currently" value="3848144818434" />
<exclusive-end id="112" timestamp="2019-07-07T05:37:35.395" durationms="3.564" />

<exclusive-start id="113" timestamp="2019-07-07T05:37:35.487" intervalms="94.922">
  <response-info timems="0.026" idlems="0.026" threads="0" lastid="000000000202A700" lastname="main" />
</exclusive-start>
<allocation-taxation id="114" taxation-threshold="3145728" timestamp="2019-07-07T05:37:35.487" intervalms="94.993" />
<cycle-start id="115" type="partial gc" contextid="0" timestamp="2019-07-07T05:37:35.487" intervalms="167.865" />
<gc-start id="116" type="partial gc" contextid="115" timestamp="2019-07-07T05:37:35.487">
  <mem-info id="117" free="0" total="11534336" percent="0">
    <mem type="eden" free="119096" total="6291456" percent="1" />
    <remembered-set count="5376" freebytes="438912" totalbytes="460416" percent="95" regionsoverflowed="0" regionsstable="0" regionsrebuilding="0"/>
  </mem-info>
</gc-start>
<allocation-stats totalBytes="6099920" >
  <allocated-bytes non-tlh="1450688" tlh="4649232" arrayletleaf="0"/>
  <largest-consumer threadName="main" threadId="000000000202A700" bytes="3129416" />
</allocation-stats>
<gc-op id="118" type="sweep" timems="0.358" contextid="115" timestamp="2019-07-07T05:37:35.488" />
<gc-op id="119" type="mark" timems="2.192" contextid="115" timestamp="2019-07-07T05:37:35.490">
  <trace-info objectcount="20107" scancount="16430" scanbytes="650536" />
  <cardclean-info objects="1327" bytes="70656" />
  <remembered-set-cleared processed="4097" cleared="1849" durationms="0.078" />
  <finalization candidates="15" enqueued="0" />
  <ownableSynchronizers candidates="5" cleared="0" />
  <references type="soft" candidates="392" cleared="0" enqueued="0" dynamicThreshold="8" maxThreshold="32" />
  <references type="weak" candidates="1583" cleared="2" enqueued="2" />
  <references type="phantom" candidates="5" cleared="0" enqueued="0" />
  <stringconstants candidates="6855" cleared="0"  />
  <warning details="Mark invoked due to insufficient free space for Copy-Forward" />
</gc-op>
<gc-op id="120" type="classunload" timems="0.002" contextid="115" timestamp="2019-07-07T05:37:35.490">
  <classunload-info classloadercandidates="11" classloadersunloaded="0" classesunloaded="0" anonymousclassesunloaded="0" quiescems="0.000" setupms="0.002" scanms="0.000" postms="0.000" />
</gc-op>
<gc-op id="121" type="sweep" timems="1.131" contextid="115" timestamp="2019-07-07T05:37:35.492" />
<gc-op id="122" type="compact" timems="3.498" contextid="115" timestamp="2019-07-07T05:37:35.495">
  <compact-info movecount="19906" movebytes="1670184" />
  <remembered-set-cleared processed="13556" cleared="9037" durationms="0.078" />
</gc-op>
<heap-resize id="123" type="expand" space="default" amount="1048576" count="1" timems="0.063" reason="insufficient free space following gc" timestamp="2019-07-07T05:37:35.496" />
<gc-end id="124" type="partial gc" contextid="115" durationms="8.995" usertimems="12.000" systemtimems="0.000" timestamp="2019-07-07T05:37:35.496" activeThreads="4">
  <mem-info id="125" free="5242880" total="12582912" percent="41">
    <mem type="eden" free="778280" total="2097152" percent="37" />
    <pending-finalizers system="0" default="0" reference="2" classloader="0" />
    <remembered-set count="6560" freebytes="476032" totalbytes="502272" percent="94" regionsoverflowed="0" regionsstable="0" regionsrebuilding="0"/>
  </mem-info>
</gc-end>
<cycle-end id="126" type="partial gc" contextid="115" timestamp="2019-07-07T05:37:35.496" />
  <attribute name="elasticGC enabled" value="1" />
  <attribute name= "numThreadsSpecified" value="4" />
  <attribute name="heapSize specified" value="0" />
  <attribute name="Current GC Util" value="85" />
  <attribute name= "Current Time Running" value="6294" />
  <attribute name ="GC Interval" value="0" />
  <attribute name="ProportionalT" value="32.500000" />
  <attribute name="ProportionalI" value="32.500000" />
  <attribute name="ProportionalH" value="32.500000" />
  <attribute name="Current Error" value="65.000000" />
  <attribute name="IntegralT" value="65.000000" />
  <attribute name="IntegralI" value="65.000000" />
  <attribute name="IntegralH" value="65.000000" />
  <attribute name="DerivativeT" value="32.500000" />
  <attribute name="DerivativeI" value="32.500000" />
  <attribute name="DerivativeH" value="32.500000" />
  <attribute name="Loop Time for DT" value="2.000000" />
  <attribute name="Output H" value="8388608"/>
  <attribute name="Output I" value="200"/>
  <attribute name="Output T" value="4"/>
  <attribute name="Target GC Util Change" value ="20.000000" />
  <attribute name="Current GC Util Change" value="85.000000"/>
  <attribute name="GC Util currently" value="85" />
  <attribute name="CPU Util currently" value="3347108326032" />
<exclusive-end id="127" timestamp="2019-07-07T05:37:35.496" durationms="9.886" />

<exclusive-start id="128" timestamp="2019-07-07T05:37:35.543" intervalms="56.567">
  <response-info timems="0.037" idlems="0.022" threads="1" lastid="000000000202E300" lastname="JIT Compilation Thread-0" />
</exclusive-start>
<allocation-taxation id="129" taxation-threshold="2097152" timestamp="2019-07-07T05:37:35.543" intervalms="56.515" />
<cycle-start id="130" type="global mark phase" contextid="0" timestamp="2019-07-07T05:37:35.543" intervalms="287.681" />
<gc-start id="131" type="global mark phase" contextid="130" timestamp="2019-07-07T05:37:35.543">
  <mem-info id="132" free="3145728" total="12582912" percent="25">
    <remembered-set count="6336" freebytes="476928" totalbytes="502272" percent="94" regionsoverflowed="0" regionsstable="0" regionsrebuilding="0"/>
  </mem-info>
</gc-start>
<gc-op id="133" type="mark increment" timems="0.514" contextid="130" timestamp="2019-07-07T05:37:35.544">
  <trace-info objectcount="201" scancount="0" scanbytes="0" />
</gc-op>
<gc-end id="134" type="global mark phase" contextid="130" durationms="0.680" usertimems="4.000" systemtimems="0.000" timestamp="2019-07-07T05:37:35.544" activeThreads="4">
  <mem-info id="135" free="3145728" total="12582912" percent="25">
    <remembered-set count="6336" freebytes="476928" totalbytes="502272" percent="94" regionsoverflowed="0" regionsstable="0" regionsrebuilding="0"/>
  </mem-info>
</gc-end>
<concurrent-start id="136" type="GMP work packet processing" contextid="130" timestamp="2019-07-07T05:37:35.544">
  <concurrent-mark-start scanTarget="18446744073709551615" />
</concurrent-start>
<exclusive-end id="137" timestamp="2019-07-07T05:37:35.544" durationms="1.110" />

<concurrent-end id="138" type="GMP work packet processing" contextid="130" timestamp="2019-07-07T05:37:35.548">
  <concurrent-mark-end bytesScanned="1769028" reasonForTermination="Completed all work in GC phase" />
</concurrent-end>

<exclusive-start id="139" timestamp="2019-07-07T05:37:35.591" intervalms="47.963">
  <response-info timems="0.030" idlems="0.030" threads="0" lastid="000000000202A700" lastname="main" />
</exclusive-start>
<allocation-taxation id="140" taxation-threshold="2097152" timestamp="2019-07-07T05:37:35.591" intervalms="47.961" />
<cycle-start id="141" type="partial gc" contextid="0" timestamp="2019-07-07T05:37:35.591" intervalms="104.508" />
<gc-start id="142" type="partial gc" contextid="141" timestamp="2019-07-07T05:37:35.592">
  <mem-info id="143" free="1048576" total="12582912" percent="8">
    <mem type="eden" free="0" total="4194304" percent="0" />
    <remembered-set count="6336" freebytes="476928" totalbytes="502272" percent="94" regionsoverflowed="0" regionsstable="0" regionsrebuilding="0"/>
  </mem-info>
</gc-start>
<allocation-stats totalBytes="4144792" >
  <allocated-bytes non-tlh="59200" tlh="4085592" arrayletleaf="0"/>
  <largest-consumer threadName="main" threadId="000000000202A700" bytes="2094560" />
</allocation-stats>
<gc-op id="144" type="copy forward" timems="5.080" contextid="141" timestamp="2019-07-07T05:37:35.598">
  <memory-copied type="eden" objects="3546" bytes="195544" bytesdiscarded="0" />
  <memory-copied type="other" objects="10240" bytes="1254296" bytesdiscarded="0" />
  <memory-cardclean objects="901" bytes="56664" />
  <regions eden="4" other="2" />
  <remembered-set-cleared processed="4943" cleared="1051" durationms="0.088" />
  <finalization candidates="5" enqueued="0" />
  <ownableSynchronizers candidates="2" cleared="0" />
  <references type="soft" candidates="159" cleared="0" enqueued="0" dynamicThreshold="8" maxThreshold="32" />
  <references type="weak" candidates="799" cleared="0" enqueued="0" />
  <references type="phantom" candidates="4" cleared="0" enqueued="0" />
  <stringconstants candidates="7210" cleared="0"  />
  <heap-resize type="expand" space="default" amount="2097152" count="2" timems="0.113" reason="continue current collection" />
</gc-op>
<gc-op id="145" type="classunload" timems="0.002" contextid="141" timestamp="2019-07-07T05:37:35.598">
  <classunload-info classloadercandidates="11" classloadersunloaded="0" classesunloaded="0" anonymousclassesunloaded="0" quiescems="0.000" setupms="0.002" scanms="0.000" postms="0.000" />
</gc-op>
<gc-op id="146" type="compact" timems="0.943" contextid="141" timestamp="2019-07-07T05:37:35.599">
  <compact-info movecount="0" movebytes="0" />
  <remembered-set-cleared processed="11159" cleared="1051" durationms="0.088" />
</gc-op>
<gc-end id="147" type="partial gc" contextid="141" durationms="7.400" usertimems="4.000" systemtimems="0.000" timestamp="2019-07-07T05:37:35.599" activeThreads="4">
  <mem-info id="148" free="6291456" total="14680064" percent="42">
    <mem type="eden" free="852664" total="1048576" percent="81" />
    <remembered-set count="7520" freebytes="555904" totalbytes="585984" percent="94" regionsoverflowed="0" regionsstable="0" regionsrebuilding="0"/>
  </mem-info>
</gc-end>
<cycle-end id="149" type="partial gc" contextid="141" timestamp="2019-07-07T05:37:35.599" />
  <attribute name="elasticGC enabled" value="1" />
  <attribute name= "numThreadsSpecified" value="4" />
  <attribute name="heapSize specified" value="0" />
  <attribute name="Current GC Util" value="0" />
  <attribute name= "Current Time Running" value="6400" />
  <attribute name ="GC Interval" value="0" />
  <attribute name="ProportionalT" value="-10.000000" />
  <attribute name="ProportionalI" value="-10.000000" />
  <attribute name="ProportionalH" value="-10.000000" />
  <attribute name="Current Error" value="-20.000000" />
  <attribute name="IntegralT" value="-60.000000" />
  <attribute name="IntegralI" value="-60.000000" />
  <attribute name="IntegralH" value="-60.000000" />
  <attribute name="DerivativeT" value="-4.833333" />
  <attribute name="DerivativeI" value="-4.833333" />
  <attribute name="DerivativeH" value="-4.833333" />
  <attribute name="Loop Time for DT" value="6.000000" />
  <attribute name="Output H" value="2091843584"/>
  <attribute name="Output I" value="200"/>
  <attribute name="Output T" value="4"/>
  <attribute name="Target GC Util Change" value ="20.000000" />
  <attribute name="Current GC Util Change" value="0.000000"/>
  <attribute name="GC Util currently" value="0" />
  <attribute name="CPU Util currently" value="870335197478" />
<exclusive-end id="150" timestamp="2019-07-07T05:37:35.599" durationms="8.179" />

<exclusive-start id="151" timestamp="2019-07-07T05:37:35.656" intervalms="64.713">
  <response-info timems="0.047" idlems="0.047" threads="0" lastid="000000000202A700" lastname="main" />
</exclusive-start>
<allocation-taxation id="152" taxation-threshold="3145728" timestamp="2019-07-07T05:37:35.656" intervalms="64.764" />
<gc-start id="153" type="global mark phase" contextid="130" timestamp="2019-07-07T05:37:35.656">
  <mem-info id="154" free="3145728" total="14680064" percent="21">
    <remembered-set count="7520" freebytes="555904" totalbytes="585984" percent="94" regionsoverflowed="0" regionsstable="0" regionsrebuilding="0"/>
  </mem-info>
</gc-start>
<gc-op id="155" type="mark increment" timems="1.743" contextid="130" timestamp="2019-07-07T05:37:35.658">
  <trace-info objectcount="5846" scancount="5143" scanbytes="192536" />
  <cardclean-info objects="4225" bytes="194368" />
  <finalization candidates="80" enqueued="0" />
  <ownableSynchronizers candidates="22" cleared="0" />
  <references type="soft" candidates="1021" cleared="0" enqueued="0" dynamicThreshold="13" maxThreshold="32" />
  <references type="weak" candidates="3659" cleared="0" enqueued="0" />
  <references type="phantom" candidates="100" cleared="0" enqueued="0" />
  <stringconstants candidates="7369" cleared="0"  />
</gc-op>
<gc-op id="156" type="classunload" timems="0.005" contextid="130" timestamp="2019-07-07T05:37:35.658">
  <classunload-info classloadercandidates="11" classloadersunloaded="0" classesunloaded="0" anonymousclassesunloaded="0" quiescems="0.000" setupms="0.004" scanms="0.000" postms="0.000" />
</gc-op>
<gc-end id="157" type="global mark phase" contextid="130" durationms="2.039" usertimems="4.000" systemtimems="0.000" timestamp="2019-07-07T05:37:35.658" activeThreads="4">
  <mem-info id="158" free="3145728" total="14680064" percent="21">
    <remembered-set count="7520" freebytes="555904" totalbytes="585984" percent="94" regionsoverflowed="0" regionsstable="0" regionsrebuilding="0"/>
  </mem-info>
</gc-end>
<cycle-end id="159" type="global mark phase" contextid="130" timestamp="2019-07-07T05:37:35.658" />
  <attribute name="elasticGC enabled" value="1" />
  <attribute name= "numThreadsSpecified" value="4" />
  <attribute name="heapSize specified" value="0" />
  <attribute name="Current GC Util" value="38" />
  <attribute name= "Current Time Running" value="6459" />
  <attribute name ="GC Interval" value="0" />
  <attribute name="ProportionalT" value="9.000000" />
  <attribute name="ProportionalI" value="9.000000" />
  <attribute name="ProportionalH" value="9.000000" />
  <attribute name="Current Error" value="18.000000" />
  <attribute name="IntegralT" value="0.000000" />
  <attribute name="IntegralI" value="0.000000" />
  <attribute name="IntegralH" value="0.000000" />
  <attribute name="DerivativeT" value="-inf" />
  <attribute name="DerivativeI" value="-inf" />
  <attribute name="DerivativeH" value="-inf" />
  <attribute name="Loop Time for DT" value="0.000000" />
  <attribute name="Output H" value="2091843584"/>
  <attribute name="Output I" value="200"/>
  <attribute name="Output T" value="4"/>
  <attribute name="Target GC Util Change" value ="20.000000" />
  <attribute name="Current GC Util Change" value="38.000000"/>
  <attribute name="GC Util currently" value="38" />
  <attribute name="CPU Util currently" value="10748948844497" />
<exclusive-end id="160" timestamp="2019-07-07T05:37:35.658" durationms="2.519" />

<exclusive-start id="161" timestamp="2019-07-07T05:37:35.708" intervalms="52.195">
  <response-info timems="0.034" idlems="0.034" threads="0" lastid="000000000202A700" lastname="main" />
</exclusive-start>
<allocation-taxation id="162" taxation-threshold="3145728" timestamp="2019-07-07T05:37:35.708" intervalms="52.154" />
<cycle-start id="163" type="partial gc" contextid="0" timestamp="2019-07-07T05:37:35.708" intervalms="116.893" />
<gc-start id="164" type="partial gc" contextid="163" timestamp="2019-07-07T05:37:35.708">
  <mem-info id="165" free="0" total="14680064" percent="0">
    <mem type="eden" free="0" total="6291456" percent="0" />
    <remembered-set count="7520" freebytes="555904" totalbytes="585984" percent="94" regionsoverflowed="0" regionsstable="0" regionsrebuilding="0"/>
  </mem-info>
</gc-start>
<allocation-stats totalBytes="6289240" >
  <allocated-bytes non-tlh="69560" tlh="6219680" arrayletleaf="0"/>
  <largest-consumer threadName="main" threadId="000000000202A700" bytes="3144840" />
</allocation-stats>
<gc-op id="166" type="sweep" timems="0.412" contextid="163" timestamp="2019-07-07T05:37:35.709" />
<gc-op id="167" type="mark" timems="1.794" contextid="163" timestamp="2019-07-07T05:37:35.711">
  <trace-info objectcount="11291" scancount="9861" scanbytes="368760" />
  <cardclean-info objects="2385" bytes="117480" />
  <remembered-set-cleared processed="6170" cleared="1181" durationms="0.101" />
  <references type="weak" candidates="838" cleared="0" enqueued="0" />
  <stringconstants candidates="7477" cleared="0"  />
  <warning details="Mark invoked due to insufficient free space for Copy-Forward" />
</gc-op>
<gc-op id="168" type="classunload" timems="0.002" contextid="163" timestamp="2019-07-07T05:37:35.711">
  <classunload-info classloadercandidates="11" classloadersunloaded="0" classesunloaded="0" anonymousclassesunloaded="0" quiescems="0.000" setupms="0.002" scanms="0.000" postms="0.000" />
</gc-op>
<gc-op id="169" type="sweep" timems="0.495" contextid="163" timestamp="2019-07-07T05:37:35.712" />
<gc-op id="170" type="compact" timems="1.602" contextid="163" timestamp="2019-07-07T05:37:35.714">
  <compact-info movecount="11291" movebytes="443912" />
  <remembered-set-cleared processed="16500" cleared="6509" durationms="0.101" />
</gc-op>
<heap-resize id="171" type="expand" space="default" amount="1048576" count="1" timems="0.057" reason="insufficient free space following gc" timestamp="2019-07-07T05:37:35.714" />
<gc-end id="172" type="partial gc" contextid="163" durationms="5.716" usertimems="8.000" systemtimems="0.000" timestamp="2019-07-07T05:37:35.714" activeThreads="4">
  <mem-info id="173" free="6291456" total="15728640" percent="40">
    <mem type="eden" free="748440" total="1048576" percent="71" />
    <remembered-set count="10080" freebytes="587520" totalbytes="627840" percent="93" regionsoverflowed="0" regionsstable="0" regionsrebuilding="0"/>
  </mem-info>
</gc-end>
<cycle-end id="174" type="partial gc" contextid="163" timestamp="2019-07-07T05:37:35.714" />
  <attribute name="elasticGC enabled" value="1" />
  <attribute name= "numThreadsSpecified" value="4" />
  <attribute name="heapSize specified" value="0" />
  <attribute name="Current GC Util" value="42" />
  <attribute name= "Current Time Running" value="6514" />
  <attribute name ="GC Interval" value="0" />
  <attribute name="ProportionalT" value="11.000000" />
  <attribute name="ProportionalI" value="11.000000" />
  <attribute name="ProportionalH" value="11.000000" />
  <attribute name="Current Error" value="22.000000" />
  <attribute name="IntegralT" value="11.000000" />
  <attribute name="IntegralI" value="11.000000" />
  <attribute name="IntegralH" value="11.000000" />
  <attribute name="DerivativeT" value="22.000000" />
  <attribute name="DerivativeI" value="22.000000" />
  <attribute name="DerivativeH" value="22.000000" />
  <attribute name="Loop Time for DT" value="1.000000" />
  <attribute name="Output H" value="8388608"/>
  <attribute name="Output I" value="200"/>
  <attribute name="Output T" value="4"/>
  <attribute name="Target GC Util Change" value ="20.000000" />
  <attribute name="Current GC Util Change" value="42.000000"/>
  <attribute name="GC Util currently" value="42" />
  <attribute name="CPU Util currently" value="6481119596004" />
<exclusive-end id="175" timestamp="2019-07-07T05:37:35.714" durationms="6.436" />

<exclusive-start id="176" timestamp="2019-07-07T05:37:35.801" intervalms="93.472">
  <response-info timems="0.029" idlems="0.029" threads="0" lastid="000000000202A700" lastname="main" />
</exclusive-start>
<allocation-taxation id="177" taxation-threshold="6291456" timestamp="2019-07-07T05:37:35.802" intervalms="93.423" />
<cycle-start id="178" type="partial gc" contextid="0" timestamp="2019-07-07T05:37:35.802" intervalms="93.378" />
<gc-start id="179" type="partial gc" contextid="178" timestamp="2019-07-07T05:37:35.802">
  <mem-info id="180" free="0" total="15728640" percent="0">
    <mem type="eden" free="0" total="6291456" percent="0" />
    <remembered-set count="9728" freebytes="588928" totalbytes="627840" percent="93" regionsoverflowed="0" regionsstable="0" regionsrebuilding="0"/>
  </mem-info>
</gc-start>
<allocation-stats totalBytes="6221216" >
  <allocated-bytes non-tlh="38296" tlh="6182920" arrayletleaf="0"/>
  <largest-consumer threadName="main" threadId="000000000202A700" bytes="6221216" />
</allocation-stats>
<gc-op id="181" type="mark" timems="1.876" contextid="178" timestamp="2019-07-07T05:37:35.804">
  <trace-info objectcount="11927" scancount="10376" scanbytes="383348" />
  <cardclean-info objects="2042" bytes="111024" />
  <remembered-set-cleared processed="7898" cleared="2159" durationms="0.154" />
  <references type="soft" candidates="74" cleared="0" enqueued="0" dynamicThreshold="12" maxThreshold="32" />
  <references type="weak" candidates="419" cleared="7" enqueued="7" />
  <references type="phantom" candidates="3" cleared="1" enqueued="1" />
  <stringconstants candidates="7790" cleared="0"  />
  <warning details="Mark invoked due to insufficient free space for Copy-Forward" />
</gc-op>
<gc-op id="182" type="classunload" timems="0.003" contextid="178" timestamp="2019-07-07T05:37:35.804">
  <classunload-info classloadercandidates="12" classloadersunloaded="0" classesunloaded="0" anonymousclassesunloaded="0" quiescems="0.000" setupms="0.003" scanms="0.000" postms="0.000" />
</gc-op>
<gc-op id="183" type="sweep" timems="0.439" contextid="178" timestamp="2019-07-07T05:37:35.805" />
<gc-op id="184" type="compact" timems="1.666" contextid="178" timestamp="2019-07-07T05:37:35.807">
  <compact-info movecount="9123" movebytes="424696" />
  <remembered-set-cleared processed="19582" cleared="8072" durationms="0.154" />
</gc-op>
<heap-resize id="185" type="expand" space="default" amount="3145728" count="1" timems="0.067" reason="insufficient free space following gc" timestamp="2019-07-07T05:37:35.807" />
<gc-end id="186" type="partial gc" contextid="178" durationms="5.403" usertimems="8.000" systemtimems="0.000" timestamp="2019-07-07T05:37:35.807" activeThreads="4">
  <mem-info id="187" free="8388608" total="18874368" percent="44">
    <mem type="eden" free="812232" total="1048576" percent="77" />
    <pending-finalizers system="0" default="0" reference="8" classloader="0" />
    <remembered-set count="10912" freebytes="709760" totalbytes="753408" percent="94" regionsoverflowed="0" regionsstable="0" regionsrebuilding="0"/>
  </mem-info>
</gc-end>
<cycle-end id="188" type="partial gc" contextid="178" timestamp="2019-07-07T05:37:35.807" />
  <attribute name="elasticGC enabled" value="1" />
  <attribute name= "numThreadsSpecified" value="4" />
  <attribute name="heapSize specified" value="0" />
  <attribute name="Current GC Util" value="40" />
  <attribute name= "Current Time Running" value="6607" />
  <attribute name ="GC Interval" value="0" />
  <attribute name="ProportionalT" value="10.000000" />
  <attribute name="ProportionalI" value="10.000000" />
  <attribute name="ProportionalH" value="10.000000" />
  <attribute name="Current Error" value="20.000000" />
  <attribute name="IntegralT" value="10.000000" />
  <attribute name="IntegralI" value="10.000000" />
  <attribute name="IntegralH" value="10.000000" />
  <attribute name="DerivativeT" value="20.000000" />
  <attribute name="DerivativeI" value="20.000000" />
  <attribute name="DerivativeH" value="20.000000" />
  <attribute name="Loop Time for DT" value="1.000000" />
  <attribute name="Output H" value="8388608"/>
  <attribute name="Output I" value="200"/>
  <attribute name="Output T" value="4"/>
  <attribute name="Target GC Util Change" value ="20.000000" />
  <attribute name="Current GC Util Change" value="40.000000"/>
  <attribute name="GC Util currently" value="40" />
  <attribute name="CPU Util currently" value="7060576300117" />
<exclusive-end id="189" timestamp="2019-07-07T05:37:35.808" durationms="6.087" />

<exclusive-start id="190" timestamp="2019-07-07T05:37:35.891" intervalms="89.541">
  <response-info timems="0.032" idlems="0.032" threads="0" lastid="000000000202A700" lastname="main" />
</exclusive-start>
<allocation-taxation id="191" taxation-threshold="8388608" timestamp="2019-07-07T05:37:35.891" intervalms="89.632" />
<cycle-start id="192" type="partial gc" contextid="0" timestamp="2019-07-07T05:37:35.891" intervalms="89.717" />
<gc-start id="193" type="partial gc" contextid="192" timestamp="2019-07-07T05:37:35.892">
  <mem-info id="194" free="0" total="18874368" percent="0">
    <mem type="eden" free="0" total="8388608" percent="0" />
    <remembered-set count="10432" freebytes="711680" totalbytes="753408" percent="94" regionsoverflowed="0" regionsstable="0" regionsrebuilding="0"/>
  </mem-info>
</gc-start>
<allocation-stats totalBytes="8387456" >
  <allocated-bytes non-tlh="275648" tlh="8111808" arrayletleaf="0"/>
  <largest-consumer threadName="main" threadId="000000000202A700" bytes="8383360" />
</allocation-stats>
<gc-op id="195" type="mark" timems="2.402" contextid="192" timestamp="2019-07-07T05:37:35.895">
  <trace-info objectcount="19650" scancount="17532" scanbytes="735696" />
  <cardclean-info objects="1043" bytes="64200" />
  <remembered-set-cleared processed="8930" cleared="1347" durationms="0.143" />
  <references type="soft" candidates="74" cleared="0" enqueued="0" dynamicThreshold="14" maxThreshold="32" />
  <references type="weak" candidates="136" cleared="0" enqueued="0" />
  <references type="phantom" candidates="2" cleared="0" enqueued="0" />
  <stringconstants candidates="7846" cleared="0"  />
  <warning details="Mark invoked due to insufficient free space for Copy-Forward" />
</gc-op>
<gc-op id="196" type="classunload" timems="0.002" contextid="192" timestamp="2019-07-07T05:37:35.895">
  <classunload-info classloadercandidates="12" classloadersunloaded="0" classesunloaded="0" anonymousclassesunloaded="0" quiescems="0.000" setupms="0.002" scanms="0.000" postms="0.000" />
</gc-op>
<gc-op id="197" type="sweep" timems="0.514" contextid="192" timestamp="2019-07-07T05:37:35.896" />
<gc-op id="198" type="compact" timems="1.934" contextid="192" timestamp="2019-07-07T05:37:35.898">
  <compact-info movecount="19548" movebytes="1190496" />
  <remembered-set-cleared processed="22474" cleared="7287" durationms="0.143" />
</gc-op>
<gc-end id="199" type="partial gc" contextid="192" durationms="6.527" usertimems="4.000" systemtimems="4.000" timestamp="2019-07-07T05:37:35.898" activeThreads="4">
  <mem-info id="200" free="7340032" total="18874368" percent="38">
    <mem type="eden" free="62472" total="1048576" percent="5" />
    <remembered-set count="13344" freebytes="700032" totalbytes="753408" percent="92" regionsoverflowed="0" regionsstable="0" regionsrebuilding="0"/>
  </mem-info>
</gc-end>
<cycle-end id="201" type="partial gc" contextid="192" timestamp="2019-07-07T05:37:35.898" />
  <attribute name="elasticGC enabled" value="1" />
  <attribute name= "numThreadsSpecified" value="4" />
  <attribute name="heapSize specified" value="0" />
  <attribute name="Current GC Util" value="31" />
  <attribute name= "Current Time Running" value="6698" />
  <attribute name ="GC Interval" value="0" />
  <attribute name="ProportionalT" value="5.500000" />
  <attribute name="ProportionalI" value="5.500000" />
  <attribute name="ProportionalH" value="5.500000" />
  <attribute name="Current Error" value="11.000000" />
  <attribute name="IntegralT" value="5.500000" />
  <attribute name="IntegralI" value="5.500000" />
  <attribute name="IntegralH" value="5.500000" />
  <attribute name="DerivativeT" value="11.000000" />
  <attribute name="DerivativeI" value="11.000000" />
  <attribute name="DerivativeH" value="11.000000" />
  <attribute name="Loop Time for DT" value="1.000000" />
  <attribute name="Output H" value="8388608"/>
  <attribute name="Output I" value="200"/>
  <attribute name="Output T" value="4"/>
  <attribute name="Target GC Util Change" value ="20.000000" />
  <attribute name="Current GC Util Change" value="31.000000"/>
  <attribute name="GC Util currently" value="31" />
  <attribute name="CPU Util currently" value="5639447042220" />
<exclusive-end id="202" timestamp="2019-07-07T05:37:35.899" durationms="7.622" />

<exclusive-start id="203" timestamp="2019-07-07T05:37:36.002" intervalms="111.478">
  <response-info timems="0.032" idlems="0.032" threads="0" lastid="000000000202A700" lastname="main" />
</exclusive-start>
<allocation-taxation id="204" taxation-threshold="7340032" timestamp="2019-07-07T05:37:36.003" intervalms="111.449" />
<cycle-start id="205" type="partial gc" contextid="0" timestamp="2019-07-07T05:37:36.003" intervalms="111.407" />
<gc-start id="206" type="partial gc" contextid="205" timestamp="2019-07-07T05:37:36.003">
  <mem-info id="207" free="0" total="18874368" percent="0">
    <mem type="eden" free="0" total="7340032" percent="0" />
    <remembered-set count="13088" freebytes="701056" totalbytes="753408" percent="93" regionsoverflowed="0" regionsstable="0" regionsrebuilding="0"/>
  </mem-info>
</gc-start>
<allocation-stats totalBytes="7338096" >
  <allocated-bytes non-tlh="324456" tlh="7013640" arrayletleaf="0"/>
  <largest-consumer threadName="main" threadId="000000000202A700" bytes="7338096" />
</allocation-stats>
<gc-op id="208" type="mark" timems="1.747" contextid="205" timestamp="2019-07-07T05:37:36.005">
  <trace-info objectcount="11120" scancount="10092" scanbytes="414284" />
  <cardclean-info objects="871" bytes="54640" />
  <remembered-set-cleared processed="11499" cleared="2697" durationms="0.144" />
  <references type="soft" candidates="224" cleared="0" enqueued="0" dynamicThreshold="12" maxThreshold="32" />
  <references type="weak" candidates="482" cleared="8" enqueued="7" />
  <references type="phantom" candidates="1" cleared="0" enqueued="0" />
  <stringconstants candidates="8296" cleared="0"  />
  <warning details="Mark invoked due to insufficient free space for Copy-Forward" />
</gc-op>
<gc-op id="209" type="classunload" timems="0.003" contextid="205" timestamp="2019-07-07T05:37:36.005">
  <classunload-info classloadercandidates="14" classloadersunloaded="0" classesunloaded="0" anonymousclassesunloaded="0" quiescems="0.000" setupms="0.003" scanms="0.000" postms="0.000" />
</gc-op>
<gc-op id="210" type="sweep" timems="0.354" contextid="205" timestamp="2019-07-07T05:37:36.006" />
<gc-op id="211" type="compact" timems="1.798" contextid="205" timestamp="2019-07-07T05:37:36.008">
  <compact-info movecount="11118" movebytes="901208" />
  <remembered-set-cleared processed="24513" cleared="6878" durationms="0.144" />
</gc-op>
<heap-resize id="212" type="expand" space="default" amount="1048576" count="1" timems="0.056" reason="insufficient free space following gc" timestamp="2019-07-07T05:37:36.008" />
<gc-end id="213" type="partial gc" contextid="205" durationms="5.244" usertimems="12.000" systemtimems="0.000" timestamp="2019-07-07T05:37:36.008" activeThreads="4">
  <mem-info id="214" free="7340032" total="19922944" percent="36">
    <mem type="eden" free="240296" total="1048576" percent="22" />
    <pending-finalizers system="0" default="0" reference="7" classloader="0" />
    <remembered-set count="12544" freebytes="745088" totalbytes="795264" percent="93" regionsoverflowed="0" regionsstable="0" regionsrebuilding="0"/>
  </mem-info>
</gc-end>
<cycle-end id="215" type="partial gc" contextid="205" timestamp="2019-07-07T05:37:36.008" />
  <attribute name="elasticGC enabled" value="1" />
  <attribute name= "numThreadsSpecified" value="4" />
  <attribute name="heapSize specified" value="0" />
  <attribute name="Current GC Util" value="32" />
  <attribute name= "Current Time Running" value="6808" />
  <attribute name ="GC Interval" value="0" />
  <attribute name="ProportionalT" value="6.000000" />
  <attribute name="ProportionalI" value="6.000000" />
  <attribute name="ProportionalH" value="6.000000" />
  <attribute name="Current Error" value="12.000000" />
  <attribute name="IntegralT" value="6.000000" />
  <attribute name="IntegralI" value="6.000000" />
  <attribute name="IntegralH" value="6.000000" />
  <attribute name="DerivativeT" value="12.000000" />
  <attribute name="DerivativeI" value="12.000000" />
  <attribute name="DerivativeH" value="12.000000" />
  <attribute name="Loop Time for DT" value="1.000000" />
  <attribute name="Output H" value="8388608"/>
  <attribute name="Output I" value="200"/>
  <attribute name="Output T" value="4"/>
  <attribute name="Target GC Util Change" value ="20.000000" />
  <attribute name="Current GC Util Change" value="32.000000"/>
  <attribute name="GC Util currently" value="32" />
  <attribute name="CPU Util currently" value="8171300721134" />
<exclusive-end id="216" timestamp="2019-07-07T05:37:36.009" durationms="6.087" />

<exclusive-start id="217" timestamp="2019-07-07T05:37:36.055" intervalms="52.163">
  <response-info timems="0.027" idlems="0.027" threads="0" lastid="000000000202A700" lastname="main" />
</exclusive-start>
<allocation-taxation id="218" taxation-threshold="7340032" timestamp="2019-07-07T05:37:36.055" intervalms="52.158" />
<cycle-start id="219" type="partial gc" contextid="0" timestamp="2019-07-07T05:37:36.055" intervalms="52.177" />
<gc-start id="220" type="partial gc" contextid="219" timestamp="2019-07-07T05:37:36.055">
  <mem-info id="221" free="0" total="19922944" percent="0">
    <mem type="eden" free="240296" total="8388608" percent="2" />
    <remembered-set count="12288" freebytes="746112" totalbytes="795264" percent="93" regionsoverflowed="0" regionsstable="0" regionsrebuilding="0"/>
  </mem-info>
</gc-start>
<allocation-stats totalBytes="7338256" >
  <allocated-bytes non-tlh="213056" tlh="7125200" arrayletleaf="0"/>
  <largest-consumer threadName="main" threadId="000000000202A700" bytes="7338256" />
</allocation-stats>
<gc-op id="222" type="mark" timems="1.434" contextid="219" timestamp="2019-07-07T05:37:36.057">
  <trace-info objectcount="6985" scancount="6318" scanbytes="221548" />
  <cardclean-info objects="480" bytes="42444" />
  <remembered-set-cleared processed="10539" cleared="1532" durationms="0.137" />
  <references type="soft" candidates="225" cleared="0" enqueued="0" dynamicThreshold="11" maxThreshold="32" />
  <references type="weak" candidates="416" cleared="0" enqueued="0" />
  <references type="phantom" candidates="1" cleared="0" enqueued="0" />
  <stringconstants candidates="8408" cleared="0"  />
  <warning details="Mark invoked due to insufficient free space for Copy-Forward" />
</gc-op>
<gc-op id="223" type="classunload" timems="0.002" contextid="219" timestamp="2019-07-07T05:37:36.057">
  <classunload-info classloadercandidates="15" classloadersunloaded="0" classesunloaded="0" anonymousclassesunloaded="0" quiescems="0.000" setupms="0.002" scanms="0.000" postms="0.000" />
</gc-op>
<gc-op id="224" type="sweep" timems="0.394" contextid="219" timestamp="2019-07-07T05:37:36.058" />
<gc-op id="225" type="compact" timems="1.774" contextid="219" timestamp="2019-07-07T05:37:36.060">
  <compact-info movecount="6983" movebytes="561936" />
  <remembered-set-cleared processed="22879" cleared="4848" durationms="0.137" />
</gc-op>
<heap-resize id="226" type="expand" space="default" amount="2097152" count="1" timems="0.067" reason="insufficient free space following gc" timestamp="2019-07-07T05:37:36.060" />
<gc-end id="227" type="partial gc" contextid="219" durationms="5.177" usertimems="8.000" systemtimems="0.000" timestamp="2019-07-07T05:37:36.060" activeThreads="4">
  <mem-info id="228" free="8388608" total="22020096" percent="38">
    <mem type="eden" free="1535184" total="2097152" percent="73" />
    <remembered-set count="11808" freebytes="831744" totalbytes="878976" percent="94" regionsoverflowed="0" regionsstable="0" regionsrebuilding="0"/>
  </mem-info>
</gc-end>
<cycle-end id="229" type="partial gc" contextid="219" timestamp="2019-07-07T05:37:36.061" />
  <attribute name="elasticGC enabled" value="1" />
  <attribute name= "numThreadsSpecified" value="4" />
  <attribute name="heapSize specified" value="0" />
  <attribute name="Current GC Util" value="24" />
  <attribute name= "Current Time Running" value="6860" />
  <attribute name ="GC Interval" value="0" />
  <attribute name="ProportionalT" value="2.000000" />
  <attribute name="ProportionalI" value="2.000000" />
  <attribute name="ProportionalH" value="2.000000" />
  <attribute name="Current Error" value="4.000000" />
  <attribute name="IntegralT" value="2.000000" />
  <attribute name="IntegralI" value="2.000000" />
  <attribute name="IntegralH" value="2.000000" />
  <attribute name="DerivativeT" value="-81.000000" />
  <attribute name="DerivativeI" value="-81.000000" />
  <attribute name="DerivativeH" value="-81.000000" />
  <attribute name="Loop Time for DT" value="1.000000" />
  <attribute name="Output H" value="2091843584"/>
  <attribute name="Output I" value="200"/>
  <attribute name="Output T" value="4"/>
  <attribute name="Target GC Util Change" value ="20.000000" />
  <attribute name="Current GC Util Change" value="24.000000"/>
  <attribute name="GC Util currently" value="24" />
  <attribute name="CPU Util currently" value="7349522958585" />
<exclusive-end id="230" timestamp="2019-07-07T05:37:36.061" durationms="6.241" />

<exclusive-start id="231" timestamp="2019-07-07T05:37:36.145" intervalms="90.216">
  <response-info timems="0.025" idlems="0.025" threads="0" lastid="000000000202A700" lastname="main" />
</exclusive-start>
<sys-start reason="explicit" id="232" timestamp="2019-07-07T05:37:36.145" intervalms="7061.582" />
<cycle-start id="233" type="global garbage collect" contextid="0" timestamp="2019-07-07T05:37:36.145" intervalms="7061.719" />
<gc-start id="234" type="global garbage collect" contextid="233" timestamp="2019-07-07T05:37:36.145">
  <mem-info id="235" free="5110776" total="22020096" percent="23">
    <mem type="eden" free="916472" total="4194304" percent="21" />
    <remembered-set count="11808" freebytes="831744" totalbytes="878976" percent="94" regionsoverflowed="0" regionsstable="0" regionsrebuilding="0"/>
  </mem-info>
</gc-start>
<allocation-stats totalBytes="3277296" >
  <allocated-bytes non-tlh="221736" tlh="3055560" arrayletleaf="0"/>
  <largest-consumer threadName="main" threadId="000000000202A700" bytes="3277296" />
</allocation-stats>
<gc-op id="236" type="global mark" timems="3.396" contextid="233" timestamp="2019-07-07T05:37:36.149">
  <trace-info objectcount="74560" scancount="60823" scanbytes="2100540" />
  <finalization candidates="80" enqueued="0" />
  <ownableSynchronizers candidates="22" cleared="0" />
  <references type="soft" candidates="1640" cleared="0" enqueued="0" dynamicThreshold="12" maxThreshold="32" />
  <references type="weak" candidates="4507" cleared="32" enqueued="30" />
  <references type="phantom" candidates="102" cleared="2" enqueued="2" />
  <stringconstants candidates="8680" cleared="15"  />
</gc-op>
<gc-op id="237" type="classunload" timems="0.340" contextid="233" timestamp="2019-07-07T05:37:36.150">
  <classunload-info classloadercandidates="17" classloadersunloaded="1" classesunloaded="1" anonymousclassesunloaded="0" quiescems="0.000" setupms="0.329" scanms="0.007" postms="0.004" />
</gc-op>
<gc-op id="238" type="sweep" timems="0.433" contextid="233" timestamp="2019-07-07T05:37:36.150" />
<gc-op id="239" type="compact" timems="6.889" contextid="233" timestamp="2019-07-07T05:37:36.157">
  <compact-info movecount="72938" movebytes="3905544" />
  <remembered-set-cleared processed="26946" cleared="26946" durationms="0.113" />
</gc-op>
<gc-end id="240" type="global garbage collect" contextid="233" durationms="12.133" usertimems="28.000" systemtimems="0.000" timestamp="2019-07-07T05:37:36.158" activeThreads="4">
  <mem-info id="241" free="8388608" total="22020096" percent="38">
    <pending-finalizers system="0" default="0" reference="32" classloader="0" />
    <remembered-set count="11264" freebytes="833920" totalbytes="878976" percent="94" regionsoverflowed="0" regionsstable="0" regionsrebuilding="0"/>
  </mem-info>
</gc-end>
<cycle-end id="242" type="global garbage collect" contextid="233" timestamp="2019-07-07T05:37:36.158" />
  <attribute name="elasticGC enabled" value="1" />
  <attribute name= "numThreadsSpecified" value="4" />
  <attribute name="heapSize specified" value="0" />
  <attribute name="Current GC Util" value="35" />
  <attribute name= "Current Time Running" value="6952" />
  <attribute name ="GC Interval" value="0" />
  <attribute name="ProportionalT" value="7.500000" />
  <attribute name="ProportionalI" value="7.500000" />
  <attribute name="ProportionalH" value="7.500000" />
  <attribute name="Current Error" value="15.000000" />
  <attribute name="IntegralT" value="0.000000" />
  <attribute name="IntegralI" value="0.000000" />
  <attribute name="IntegralH" value="0.000000" />
  <attribute name="DerivativeT" value="-inf" />
  <attribute name="DerivativeI" value="-inf" />
  <attribute name="DerivativeH" value="-inf" />
  <attribute name="Loop Time for DT" value="0.000000" />
  <attribute name="Output H" value="2091843584"/>
  <attribute name="Output I" value="200"/>
  <attribute name="Output T" value="4"/>
  <attribute name="Target GC Util Change" value ="20.000000" />
  <attribute name="Current GC Util Change" value="35.000000"/>
  <attribute name="GC Util currently" value="35" />
  <attribute name="CPU Util currently" value="7080772697083" />
<sys-end id="243" timestamp="2019-07-07T05:37:36.158" />
<exclusive-end id="244" timestamp="2019-07-07T05:37:36.158" durationms="13.104" />

<exclusive-start id="245" timestamp="2019-07-07T05:37:36.226" intervalms="81.226">
  <response-info timems="0.058" idlems="0.058" threads="0" lastid="000000000202A700" lastname="main" />
</exclusive-start>
<allocation-taxation id="246" taxation-threshold="8388608" timestamp="2019-07-07T05:37:36.226" intervalms="171.497" />
<cycle-start id="247" type="partial gc" contextid="0" timestamp="2019-07-07T05:37:36.226" intervalms="171.527" />
<gc-start id="248" type="partial gc" contextid="247" timestamp="2019-07-07T05:37:36.227">
  <mem-info id="249" free="0" total="22020096" percent="0">
    <mem type="eden" free="0" total="8388608" percent="0" />
    <remembered-set count="10784" freebytes="835840" totalbytes="878976" percent="95" regionsoverflowed="0" regionsstable="0" regionsrebuilding="0"/>
  </mem-info>
</gc-start>
<allocation-stats totalBytes="8386768" >
  <allocated-bytes non-tlh="529840" tlh="7856928" arrayletleaf="0"/>
  <largest-consumer threadName="main" threadId="000000000202A700" bytes="8378520" />
</allocation-stats>
<gc-op id="250" type="mark" timems="1.885" contextid="247" timestamp="2019-07-07T05:37:36.229">
  <trace-info objectcount="17914" scancount="16131" scanbytes="701264" />
  <cardclean-info objects="542" bytes="22836" />
  <remembered-set-cleared processed="9266" cleared="114" durationms="0.138" />
  <references type="soft" candidates="2" cleared="0" enqueued="0" dynamicThreshold="12" maxThreshold="32" />
  <references type="weak" candidates="12" cleared="10" enqueued="10" />
  <references type="phantom" candidates="6" cleared="2" enqueued="2" />
  <stringconstants candidates="8688" cleared="0"  />
  <warning details="Mark invoked due to insufficient free space for Copy-Forward" />
</gc-op>
<gc-op id="251" type="classunload" timems="0.002" contextid="247" timestamp="2019-07-07T05:37:36.229">
  <classunload-info classloadercandidates="16" classloadersunloaded="0" classesunloaded="0" anonymousclassesunloaded="0" quiescems="0.000" setupms="0.002" scanms="0.000" postms="0.000" />
</gc-op>
<gc-op id="252" type="sweep" timems="0.382" contextid="247" timestamp="2019-07-07T05:37:36.230" />
<gc-op id="253" type="compact" timems="2.431" contextid="247" timestamp="2019-07-07T05:37:36.233">
  <compact-info movecount="17914" movebytes="1360104" />
  <remembered-set-cleared processed="21998" cleared="3676" durationms="0.138" />
</gc-op>
<heap-resize id="254" type="expand" space="default" amount="2097152" count="1" timems="0.061" reason="insufficient free space following gc" timestamp="2019-07-07T05:37:36.233" />
<gc-end id="255" type="partial gc" contextid="247" durationms="6.238" usertimems="4.000" systemtimems="4.000" timestamp="2019-07-07T05:37:36.233" activeThreads="4">
  <mem-info id="256" free="8388608" total="24117248" percent="34">
    <mem type="eden" free="736520" total="2097152" percent="35" />
    <pending-finalizers system="0" default="0" reference="12" classloader="0" />
    <remembered-set count="13632" freebytes="908160" totalbytes="962688" percent="94" regionsoverflowed="0" regionsstable="0" regionsrebuilding="0"/>
  </mem-info>
</gc-end>
<cycle-end id="257" type="partial gc" contextid="247" timestamp="2019-07-07T05:37:36.233" />
  <attribute name="elasticGC enabled" value="1" />
  <attribute name= "numThreadsSpecified" value="4" />
  <attribute name="heapSize specified" value="0" />
  <attribute name="Current GC Util" value="39" />
  <attribute name= "Current Time Running" value="7032" />
  <attribute name ="GC Interval" value="0" />
  <attribute name="ProportionalT" value="9.500000" />
  <attribute name="ProportionalI" value="9.500000" />
  <attribute name="ProportionalH" value="9.500000" />
  <attribute name="Current Error" value="19.000000" />
  <attribute name="IntegralT" value="9.500000" />
  <attribute name="IntegralI" value="9.500000" />
  <attribute name="IntegralH" value="9.500000" />
  <attribute name="DerivativeT" value="19.000000" />
  <attribute name="DerivativeI" value="19.000000" />
  <attribute name="DerivativeH" value="19.000000" />
  <attribute name="Loop Time for DT" value="1.000000" />
  <attribute name="Output H" value="8388608"/>
  <attribute name="Output I" value="200"/>
  <attribute name="Output T" value="4"/>
  <attribute name="Target GC Util Change" value ="20.000000" />
  <attribute name="Current GC Util Change" value="39.000000"/>
  <attribute name="GC Util currently" value="39" />
  <attribute name="CPU Util currently" value="7279509933412" />
<exclusive-end id="258" timestamp="2019-07-07T05:37:36.233" durationms="7.394" />

<exclusive-start id="259" timestamp="2019-07-07T05:37:36.308" intervalms="82.316">
  <response-info timems="0.035" idlems="0.035" threads="0" lastid="000000000202A700" lastname="main" />
</exclusive-start>
<allocation-taxation id="260" taxation-threshold="8388608" timestamp="2019-07-07T05:37:36.308" intervalms="82.239" />
<cycle-start id="261" type="partial gc" contextid="0" timestamp="2019-07-07T05:37:36.309" intervalms="82.184" />
<gc-start id="262" type="partial gc" contextid="261" timestamp="2019-07-07T05:37:36.309">
  <mem-info id="263" free="0" total="24117248" percent="0">
    <mem type="eden" free="15904" total="8388608" percent="0" />
    <remembered-set count="13472" freebytes="908800" totalbytes="962688" percent="94" regionsoverflowed="0" regionsstable="0" regionsrebuilding="0"/>
  </mem-info>
</gc-start>
<allocation-stats totalBytes="8360064" >
  <allocated-bytes non-tlh="140552" tlh="8219512" arrayletleaf="0"/>
  <largest-consumer threadName="main" threadId="000000000202A700" bytes="8360064" />
</allocation-stats>
<gc-op id="264" type="mark" timems="1.549" contextid="261" timestamp="2019-07-07T05:37:36.311">
  <trace-info objectcount="12412" scancount="8374" scanbytes="223688" />
  <cardclean-info objects="794" bytes="42984" />
  <remembered-set-cleared processed="11270" cleared="2349" durationms="0.152" />
  <references type="soft" candidates="59" cleared="0" enqueued="0" dynamicThreshold="11" maxThreshold="32" />
  <references type="weak" candidates="123" cleared="18" enqueued="15" />
  <references type="phantom" candidates="4" cleared="0" enqueued="0" />
  <stringconstants candidates="10895" cleared="12"  />
  <warning details="Mark invoked due to insufficient free space for Copy-Forward" />
</gc-op>
<gc-op id="265" type="classunload" timems="0.003" contextid="261" timestamp="2019-07-07T05:37:36.311">
  <classunload-info classloadercandidates="17" classloadersunloaded="0" classesunloaded="0" anonymousclassesunloaded="0" quiescems="0.000" setupms="0.003" scanms="0.000" postms="0.000" />
</gc-op>
<gc-op id="266" type="sweep" timems="0.397" contextid="261" timestamp="2019-07-07T05:37:36.312" />
<gc-op id="267" type="compact" timems="2.160" contextid="261" timestamp="2019-07-07T05:37:36.314">
  <compact-info movecount="12412" movebytes="781384" />
  <remembered-set-cleared processed="22439" cleared="4539" durationms="0.152" />
</gc-op>
<heap-resize id="268" type="expand" space="default" amount="2097152" count="1" timems="0.058" reason="insufficient free space following gc" timestamp="2019-07-07T05:37:36.314" />
<gc-end id="269" type="partial gc" contextid="261" durationms="5.576" usertimems="4.000" systemtimems="4.000" timestamp="2019-07-07T05:37:36.314" activeThreads="4">
  <mem-info id="270" free="10485760" total="26214400" percent="40">
    <mem type="eden" free="556408" total="1048576" percent="53" />
    <pending-finalizers system="0" default="0" reference="15" classloader="0" />
    <remembered-set count="12448" freebytes="996608" totalbytes="1046400" percent="95" regionsoverflowed="0" regionsstable="0" regionsrebuilding="0"/>
  </mem-info>
</gc-end>
<cycle-end id="271" type="partial gc" contextid="261" timestamp="2019-07-07T05:37:36.315" />
  <attribute name="elasticGC enabled" value="1" />
  <attribute name= "numThreadsSpecified" value="4" />
  <attribute name="heapSize specified" value="0" />
  <attribute name="Current GC Util" value="32" />
  <attribute name= "Current Time Running" value="7114" />
  <attribute name ="GC Interval" value="0" />
  <attribute name="ProportionalT" value="6.000000" />
  <attribute name="ProportionalI" value="6.000000" />
  <attribute name="ProportionalH" value="6.000000" />
  <attribute name="Current Error" value="12.000000" />
  <attribute name="IntegralT" value="6.000000" />
  <attribute name="IntegralI" value="6.000000" />
  <attribute name="IntegralH" value="6.000000" />
  <attribute name="DerivativeT" value="12.000000" />
  <attribute name="DerivativeI" value="12.000000" />
  <attribute name="DerivativeH" value="12.000000" />
  <attribute name="Loop Time for DT" value="1.000000" />
  <attribute name="Output H" value="8388608"/>
  <attribute name="Output I" value="200"/>
  <attribute name="Output T" value="4"/>
  <attribute name="Target GC Util Change" value ="20.000000" />
  <attribute name="Current GC Util Change" value="32.000000"/>
  <attribute name="GC Util currently" value="32" />
  <attribute name="CPU Util currently" value="8026060392342" />
<exclusive-end id="272" timestamp="2019-07-07T05:37:36.315" durationms="6.436" />

<exclusive-start id="273" timestamp="2019-07-07T05:37:36.378" intervalms="69.172">
  <response-info timems="0.027" idlems="0.027" threads="0" lastid="000000000202A700" lastname="main" />
</exclusive-start>
<allocation-taxation id="274" taxation-threshold="10485760" timestamp="2019-07-07T05:37:36.378" intervalms="69.245" />
<cycle-start id="275" type="partial gc" contextid="0" timestamp="2019-07-07T05:37:36.378" intervalms="69.246" />
<gc-start id="276" type="partial gc" contextid="275" timestamp="2019-07-07T05:37:36.378">
  <mem-info id="277" free="0" total="26214400" percent="0">
    <mem type="eden" free="0" total="10485760" percent="0" />
    <remembered-set count="12224" freebytes="997504" totalbytes="1046400" percent="95" regionsoverflowed="0" regionsstable="0" regionsrebuilding="0"/>
  </mem-info>
</gc-start>
<allocation-stats totalBytes="10484248" >
  <allocated-bytes non-tlh="485784" tlh="9998464" arrayletleaf="0"/>
  <largest-consumer threadName="main" threadId="000000000202A700" bytes="10480152" />
</allocation-stats>
<gc-op id="278" type="mark" timems="1.964" contextid="275" timestamp="2019-07-07T05:37:36.381">
  <trace-info objectcount="19366" scancount="14664" scanbytes="486896" />
  <cardclean-info objects="436" bytes="38880" />
  <remembered-set-cleared processed="9919" cleared="861" durationms="0.148" />
  <references type="soft" candidates="89" cleared="0" enqueued="0" dynamicThreshold="12" maxThreshold="32" />
  <references type="weak" candidates="114" cleared="2" enqueued="2" />
  <references type="phantom" candidates="1" cleared="0" enqueued="0" />
  <stringconstants candidates="11004" cleared="0"  />
  <warning details="Mark invoked due to insufficient free space for Copy-Forward" />
</gc-op>
<gc-op id="279" type="classunload" timems="0.003" contextid="275" timestamp="2019-07-07T05:37:36.381">
  <classunload-info classloadercandidates="18" classloadersunloaded="0" classesunloaded="0" anonymousclassesunloaded="0" quiescems="0.000" setupms="0.003" scanms="0.000" postms="0.000" />
</gc-op>
<gc-op id="280" type="sweep" timems="0.418" contextid="275" timestamp="2019-07-07T05:37:36.381" />
<gc-op id="281" type="compact" timems="3.339" contextid="275" timestamp="2019-07-07T05:37:36.385">
  <compact-info movecount="18316" movebytes="812200" />
  <remembered-set-cleared processed="22797" cleared="4671" durationms="0.148" />
</gc-op>
<gc-end id="282" type="partial gc" contextid="275" durationms="7.074" usertimems="8.000" systemtimems="0.000" timestamp="2019-07-07T05:37:36.385" activeThreads="1">
  <mem-info id="283" free="9437184" total="26214400" percent="36">
    <mem type="eden" free="447704" total="1048576" percent="42" />
    <pending-finalizers system="0" default="0" reference="2" classloader="0" />
    <remembered-set count="13312" freebytes="993152" totalbytes="1046400" percent="94" regionsoverflowed="0" regionsstable="0" regionsrebuilding="0"/>
  </mem-info>
</gc-end>
<cycle-end id="284" type="partial gc" contextid="275" timestamp="2019-07-07T05:37:36.385" />
  <attribute name="elasticGC enabled" value="1" />
  <attribute name= "numThreadsSpecified" value="1" />
  <attribute name="heapSize specified" value="0" />
  <attribute name="Current GC Util" value="49" />
  <attribute name= "Current Time Running" value="7183" />
  <attribute name ="GC Interval" value="0" />
  <attribute name="ProportionalT" value="14.500000" />
  <attribute name="ProportionalI" value="14.500000" />
  <attribute name="ProportionalH" value="14.500000" />
  <attribute name="Current Error" value="29.000000" />
  <attribute name="IntegralT" value="0.000000" />
  <attribute name="IntegralI" value="0.000000" />
  <attribute name="IntegralH" value="0.000000" />
  <attribute name="DerivativeT" value="inf" />
  <attribute name="DerivativeI" value="inf" />
  <attribute name="DerivativeH" value="inf" />
  <attribute name="Loop Time for DT" value="0.000000" />
  <attribute name="Output H" value="8388608"/>
  <attribute name="Output I" value="200"/>
  <attribute name="Output T" value="1"/>
  <attribute name="Target GC Util Change" value ="20.000000" />
  <attribute name="Current GC Util Change" value="49.000000"/>
  <attribute name="GC Util currently" value="49" />
  <attribute name="CPU Util currently" value="7342525406216" />
<exclusive-end id="285" timestamp="2019-07-07T05:37:36.386" durationms="8.081" />

<exclusive-start id="286" timestamp="2019-07-07T05:37:36.431" intervalms="53.225">
  <response-info timems="0.025" idlems="0.025" threads="0" lastid="000000000202A700" lastname="main" />
</exclusive-start>
<allocation-taxation id="287" taxation-threshold="9437184" timestamp="2019-07-07T05:37:36.431" intervalms="53.207" />
<cycle-start id="288" type="partial gc" contextid="0" timestamp="2019-07-07T05:37:36.431" intervalms="53.246" />
<gc-start id="289" type="partial gc" contextid="288" timestamp="2019-07-07T05:37:36.431">
  <mem-info id="290" free="0" total="26214400" percent="0">
    <mem type="eden" free="0" total="9437184" percent="0" />
    <remembered-set count="13152" freebytes="993792" totalbytes="1046400" percent="94" regionsoverflowed="0" regionsstable="0" regionsrebuilding="0"/>
  </mem-info>
</gc-start>
<allocation-stats totalBytes="9435984" >
  <allocated-bytes non-tlh="217744" tlh="9218240" arrayletleaf="0"/>
  <largest-consumer threadName="main" threadId="000000000202A700" bytes="9431888" />
</allocation-stats>
<gc-op id="291" type="mark" timems="1.685" contextid="288" timestamp="2019-07-07T05:37:36.434">
  <trace-info objectcount="12107" scancount="11060" scanbytes="501288" />
  <cardclean-info objects="580" bytes="32448" />
  <remembered-set-cleared processed="10916" cleared="1174" durationms="0.092" />
  <references type="soft" candidates="33" cleared="0" enqueued="0" dynamicThreshold="11" maxThreshold="32" />
  <references type="weak" candidates="26" cleared="0" enqueued="0" />
  <references type="phantom" candidates="1" cleared="0" enqueued="0" />
  <stringconstants candidates="11067" cleared="0"  />
  <warning details="Mark invoked due to insufficient free space for Copy-Forward" />
</gc-op>
<gc-op id="292" type="classunload" timems="0.003" contextid="288" timestamp="2019-07-07T05:37:36.434">
  <classunload-info classloadercandidates="19" classloadersunloaded="0" classesunloaded="0" anonymousclassesunloaded="0" quiescems="0.000" setupms="0.002" scanms="0.000" postms="0.000" />
</gc-op>
<gc-op id="293" type="sweep" timems="0.304" contextid="288" timestamp="2019-07-07T05:37:36.434" />
<gc-op id="294" type="compact" timems="1.537" contextid="288" timestamp="2019-07-07T05:37:36.436">
  <compact-info movecount="12107" movebytes="875416" />
  <remembered-set-cleared processed="23343" cleared="3768" durationms="0.092" />
</gc-op>
<heap-resize id="295" type="expand" space="default" amount="1048576" count="1" timems="0.055" reason="insufficient free space following gc" timestamp="2019-07-07T05:37:36.436" />
<gc-end id="296" type="partial gc" contextid="288" durationms="4.701" usertimems="8.000" systemtimems="0.000" timestamp="2019-07-07T05:37:36.436" activeThreads="4">
  <mem-info id="297" free="9437184" total="27262976" percent="34">
    <mem type="eden" free="224032" total="1048576" percent="21" />
    <remembered-set count="12960" freebytes="1036416" totalbytes="1088256" percent="95" regionsoverflowed="0" regionsstable="0" regionsrebuilding="0"/>
  </mem-info>
</gc-end>
<cycle-end id="298" type="partial gc" contextid="288" timestamp="2019-07-07T05:37:36.436" />
  <attribute name="elasticGC enabled" value="1" />
  <attribute name= "numThreadsSpecified" value="4" />
  <attribute name="heapSize specified" value="0" />
  <attribute name="Current GC Util" value="48" />
  <attribute name= "Current Time Running" value="7236" />
  <attribute name ="GC Interval" value="0" />
  <attribute name="ProportionalT" value="14.000000" />
  <attribute name="ProportionalI" value="14.000000" />
  <attribute name="ProportionalH" value="14.000000" />
  <attribute name="Current Error" value="28.000000" />
  <attribute name="IntegralT" value="0.000000" />
  <attribute name="IntegralI" value="0.000000" />
  <attribute name="IntegralH" value="0.000000" />
  <attribute name="DerivativeT" value="-inf" />
  <attribute name="DerivativeI" value="-inf" />
  <attribute name="DerivativeH" value="-inf" />
  <attribute name="Loop Time for DT" value="0.000000" />
  <attribute name="Output H" value="2091843584"/>
  <attribute name="Output I" value="200"/>
  <attribute name="Output T" value="4"/>
  <attribute name="Target GC Util Change" value ="20.000000" />
  <attribute name="Current GC Util Change" value="48.000000"/>
  <attribute name="GC Util currently" value="48" />
  <attribute name="CPU Util currently" value="9705441298023" />
<exclusive-end id="299" timestamp="2019-07-07T05:37:36.436" durationms="5.632" />

<exclusive-start id="300" timestamp="2019-07-07T05:37:36.460" intervalms="29.424">
  <response-info timems="0.072" idlems="0.072" threads="0" lastid="000000000202A700" lastname="main" />
</exclusive-start>
<allocation-taxation id="301" taxation-threshold="9437184" timestamp="2019-07-07T05:37:36.460" intervalms="29.378" />
<cycle-start id="302" type="partial gc" contextid="0" timestamp="2019-07-07T05:37:36.460" intervalms="29.336" />
<gc-start id="303" type="partial gc" contextid="302" timestamp="2019-07-07T05:37:36.461">
  <mem-info id="304" free="0" total="27262976" percent="0">
    <mem type="eden" free="0" total="9437184" percent="0" />
    <remembered-set count="12928" freebytes="1036544" totalbytes="1088256" percent="95" regionsoverflowed="0" regionsstable="0" regionsrebuilding="0"/>
  </mem-info>
</gc-start>
<allocation-stats totalBytes="9436080" >
  <allocated-bytes non-tlh="168" tlh="9435912" arrayletleaf="0"/>
  <largest-consumer threadName="main" threadId="000000000202A700" bytes="9436080" />
</allocation-stats>
<gc-op id="305" type="mark" timems="1.976" contextid="302" timestamp="2019-07-07T05:37:36.463">
  <trace-info objectcount="17107" scancount="15276" scanbytes="599944" />
  <cardclean-info objects="153" bytes="8856" />
  <remembered-set-cleared processed="11418" cleared="1316" durationms="0.163" />
  <references type="soft" candidates="1" cleared="0" enqueued="0" dynamicThreshold="11" maxThreshold="32" />
  <references type="weak" candidates="20" cleared="0" enqueued="0" />
  <stringconstants candidates="11068" cleared="0"  />
  <warning details="Mark invoked due to insufficient free space for Copy-Forward" />
</gc-op>
<gc-op id="306" type="classunload" timems="0.003" contextid="302" timestamp="2019-07-07T05:37:36.463">
  <classunload-info classloadercandidates="19" classloadersunloaded="0" classesunloaded="0" anonymousclassesunloaded="0" quiescems="0.000" setupms="0.002" scanms="0.000" postms="0.000" />
</gc-op>
<gc-op id="307" type="sweep" timems="0.415" contextid="302" timestamp="2019-07-07T05:37:36.464" />
<gc-op id="308" type="compact" timems="1.722" contextid="302" timestamp="2019-07-07T05:37:36.466">
  <compact-info movecount="17093" movebytes="747056" />
  <remembered-set-cleared processed="26215" cleared="5997" durationms="0.163" />
</gc-op>
<heap-resize id="309" type="expand" space="default" amount="3145728" count="1" timems="0.066" reason="insufficient free space following gc" timestamp="2019-07-07T05:37:36.466" />
<gc-end id="310" type="partial gc" contextid="302" durationms="5.558" usertimems="8.000" systemtimems="0.000" timestamp="2019-07-07T05:37:36.466" activeThreads="4">
  <mem-info id="311" free="11534336" total="30408704" percent="37">
    <mem type="eden" free="589184" total="1048576" percent="56" />
    <remembered-set count="16352" freebytes="1148416" totalbytes="1213824" percent="94" regionsoverflowed="0" regionsstable="0" regionsrebuilding="0"/>
  </mem-info>
</gc-end>
<cycle-end id="312" type="partial gc" contextid="302" timestamp="2019-07-07T05:37:36.466" />
  <attribute name="elasticGC enabled" value="1" />
  <attribute name= "numThreadsSpecified" value="4" />
  <attribute name="heapSize specified" value="0" />
  <attribute name="Current GC Util" value="47" />
  <attribute name= "Current Time Running" value="7266" />
  <attribute name ="GC Interval" value="0" />
  <attribute name="ProportionalT" value="13.500000" />
  <attribute name="ProportionalI" value="13.500000" />
  <attribute name="ProportionalH" value="13.500000" />
  <attribute name="Current Error" value="27.000000" />
  <attribute name="IntegralT" value="13.500000" />
  <attribute name="IntegralI" value="13.500000" />
  <attribute name="IntegralH" value="13.500000" />
  <attribute name="DerivativeT" value="27.000000" />
  <attribute name="DerivativeI" value="27.000000" />
  <attribute name="DerivativeH" value="27.000000" />
  <attribute name="Loop Time for DT" value="1.000000" />
  <attribute name="Output H" value="8388608"/>
  <attribute name="Output I" value="200"/>
  <attribute name="Output T" value="4"/>
  <attribute name="Target GC Util Change" value ="20.000000" />
  <attribute name="Current GC Util Change" value="47.000000"/>
  <attribute name="GC Util currently" value="47" />
  <attribute name="CPU Util currently" value="7381614836929" />
<exclusive-end id="313" timestamp="2019-07-07T05:37:36.467" durationms="6.486" />

<exclusive-start id="314" timestamp="2019-07-07T05:37:36.535" intervalms="74.579">
  <response-info timems="0.057" idlems="0.057" threads="0" lastid="000000000202A700" lastname="main" />
</exclusive-start>
<allocation-taxation id="315" taxation-threshold="11534336" timestamp="2019-07-07T05:37:36.535" intervalms="74.627" />
<cycle-start id="316" type="partial gc" contextid="0" timestamp="2019-07-07T05:37:36.535" intervalms="74.671" />
<gc-start id="317" type="partial gc" contextid="316" timestamp="2019-07-07T05:37:36.535">
  <mem-info id="318" free="0" total="30408704" percent="0">
    <mem type="eden" free="0" total="11534336" percent="0" />
    <remembered-set count="15936" freebytes="1150080" totalbytes="1213824" percent="94" regionsoverflowed="0" regionsstable="0" regionsrebuilding="0"/>
  </mem-info>
</gc-start>
<allocation-stats totalBytes="11531392" >
  <allocated-bytes non-tlh="416936" tlh="11114456" arrayletleaf="0"/>
  <largest-consumer threadName="main" threadId="000000000202A700" bytes="11531392" />
</allocation-stats>
<gc-op id="319" type="mark" timems="2.334" contextid="316" timestamp="2019-07-07T05:37:36.538">
  <trace-info objectcount="23243" scancount="21076" scanbytes="926472" />
  <cardclean-info objects="891" bytes="52868" />
  <remembered-set-cleared processed="13667" cleared="2792" durationms="0.186" />
  <references type="soft" candidates="11" cleared="0" enqueued="0" dynamicThreshold="12" maxThreshold="32" />
  <references type="weak" candidates="231" cleared="0" enqueued="0" />
  <references type="phantom" candidates="1" cleared="0" enqueued="0" />
  <stringconstants candidates="11317" cleared="0"  />
  <warning details="Mark invoked due to insufficient free space for Copy-Forward" />
</gc-op>
<gc-op id="320" type="classunload" timems="0.004" contextid="316" timestamp="2019-07-07T05:37:36.538">
  <classunload-info classloadercandidates="21" classloadersunloaded="0" classesunloaded="0" anonymousclassesunloaded="0" quiescems="0.000" setupms="0.003" scanms="0.000" postms="0.000" />
</gc-op>
<gc-op id="321" type="sweep" timems="0.462" contextid="316" timestamp="2019-07-07T05:37:36.539" />
<gc-op id="322" type="compact" timems="2.308" contextid="316" timestamp="2019-07-07T05:37:36.542">
  <compact-info movecount="13936" movebytes="988672" />
  <remembered-set-cleared processed="30268" cleared="8477" durationms="0.186" />
</gc-op>
<gc-end id="323" type="partial gc" contextid="316" durationms="6.491" usertimems="4.000" systemtimems="4.000" timestamp="2019-07-07T05:37:36.542" activeThreads="4">
  <mem-info id="324" free="10485760" total="30408704" percent="34">
    <mem type="eden" free="59600" total="1048576" percent="5" />
    <remembered-set count="17632" freebytes="1143296" totalbytes="1213824" percent="94" regionsoverflowed="0" regionsstable="0" regionsrebuilding="0"/>
  </mem-info>
</gc-end>
<cycle-end id="325" type="partial gc" contextid="316" timestamp="2019-07-07T05:37:36.542" />
  <attribute name="elasticGC enabled" value="1" />
  <attribute name= "numThreadsSpecified" value="4" />
  <attribute name="heapSize specified" value="0" />
  <attribute name="Current GC Util" value="39" />
  <attribute name= "Current Time Running" value="7341" />
  <attribute name ="GC Interval" value="0" />
  <attribute name="ProportionalT" value="9.500000" />
  <attribute name="ProportionalI" value="9.500000" />
  <attribute name="ProportionalH" value="9.500000" />
  <attribute name="Current Error" value="19.000000" />
  <attribute name="IntegralT" value="9.500000" />
  <attribute name="IntegralI" value="9.500000" />
  <attribute name="IntegralH" value="9.500000" />
  <attribute name="DerivativeT" value="19.000000" />
  <attribute name="DerivativeI" value="19.000000" />
  <attribute name="DerivativeH" value="19.000000" />
  <attribute name="Loop Time for DT" value="1.000000" />
  <attribute name="Output H" value="8388608"/>
  <attribute name="Output I" value="200"/>
  <attribute name="Output T" value="4"/>
  <attribute name="Target GC Util Change" value ="20.000000" />
  <attribute name="Current GC Util Change" value="39.000000"/>
  <attribute name="GC Util currently" value="39" />
  <attribute name="CPU Util currently" value="6430170335841" />
<exclusive-end id="326" timestamp="2019-07-07T05:37:36.542" durationms="7.546" />

<exclusive-start id="327" timestamp="2019-07-07T05:37:36.563" intervalms="28.134">
  <response-info timems="0.074" idlems="0.074" threads="0" lastid="000000000202A700" lastname="main" />
</exclusive-start>
<allocation-taxation id="328" taxation-threshold="10485760" timestamp="2019-07-07T05:37:36.563" intervalms="28.132" />
<cycle-start id="329" type="partial gc" contextid="0" timestamp="2019-07-07T05:37:36.563" intervalms="28.128" />
<gc-start id="330" type="partial gc" contextid="329" timestamp="2019-07-07T05:37:36.564">
  <mem-info id="331" free="0" total="30408704" percent="0">
    <mem type="eden" free="0" total="10485760" percent="0" />
    <remembered-set count="17440" freebytes="1144064" totalbytes="1213824" percent="94" regionsoverflowed="0" regionsstable="0" regionsrebuilding="0"/>
  </mem-info>
</gc-start>
<allocation-stats totalBytes="10484704" >
  <allocated-bytes non-tlh="0" tlh="10484704" arrayletleaf="0"/>
  <largest-consumer threadName="main" threadId="000000000202A700" bytes="10484704" />
</allocation-stats>
<gc-op id="332" type="mark" timems="2.533" contextid="329" timestamp="2019-07-07T05:37:36.567">
  <trace-info objectcount="28913" scancount="26014" scanbytes="1110852" />
  <cardclean-info objects="446" bytes="34336" />
  <remembered-set-cleared processed="14699" cleared="1537" durationms="0.192" />
  <references type="soft" candidates="11" cleared="0" enqueued="0" dynamicThreshold="11" maxThreshold="32" />
  <references type="weak" candidates="231" cleared="0" enqueued="0" />
  <references type="phantom" candidates="1" cleared="0" enqueued="0" />
  <stringconstants candidates="11317" cleared="0"  />
  <warning details="Mark invoked due to insufficient free space for Copy-Forward" />
</gc-op>
<gc-op id="333" type="classunload" timems="0.003" contextid="329" timestamp="2019-07-07T05:37:36.567">
  <classunload-info classloadercandidates="21" classloadersunloaded="0" classesunloaded="0" anonymousclassesunloaded="0" quiescems="0.000" setupms="0.003" scanms="0.000" postms="0.000" />
</gc-op>
<gc-op id="334" type="sweep" timems="0.461" contextid="329" timestamp="2019-07-07T05:37:36.567" />
<gc-op id="335" type="compact" timems="4.441" contextid="329" timestamp="2019-07-07T05:37:36.572">
  <compact-info movecount="24670" movebytes="1021560" />
  <remembered-set-cleared processed="34495" cleared="8171" durationms="0.192" />
</gc-op>
<heap-resize id="336" type="expand" space="default" amount="2097152" count="1" timems="0.061" reason="insufficient free space following gc" timestamp="2019-07-07T05:37:36.572" />
<gc-end id="337" type="partial gc" contextid="329" durationms="8.997" usertimems="4.000" systemtimems="4.000" timestamp="2019-07-07T05:37:36.573" activeThreads="1">
  <mem-info id="338" free="11534336" total="32505856" percent="35">
    <mem type="eden" free="493184" total="1048576" percent="47" />
    <remembered-set count="21696" freebytes="1210752" totalbytes="1297536" percent="93" regionsoverflowed="0" regionsstable="0" regionsrebuilding="0"/>
  </mem-info>
</gc-end>
<cycle-end id="339" type="partial gc" contextid="329" timestamp="2019-07-07T05:37:36.573" />
  <attribute name="elasticGC enabled" value="1" />
  <attribute name= "numThreadsSpecified" value="1" />
  <attribute name="heapSize specified" value="0" />
  <attribute name="Current GC Util" value="49" />
  <attribute name= "Current Time Running" value="7369" />
  <attribute name ="GC Interval" value="0" />
  <attribute name="ProportionalT" value="14.500000" />
  <attribute name="ProportionalI" value="14.500000" />
  <attribute name="ProportionalH" value="14.500000" />
  <attribute name="Current Error" value="29.000000" />
  <attribute name="IntegralT" value="0.000000" />
  <attribute name="IntegralI" value="0.000000" />
  <attribute name="IntegralH" value="0.000000" />
  <attribute name="DerivativeT" value="inf" />
  <attribute name="DerivativeI" value="inf" />
  <attribute name="DerivativeH" value="inf" />
  <attribute name="Loop Time for DT" value="0.000000" />
  <attribute name="Output H" value="8388608"/>
  <attribute name="Output I" value="200"/>
  <attribute name="Output T" value="1"/>
  <attribute name="Target GC Util Change" value ="20.000000" />
  <attribute name="Current GC Util Change" value="49.000000"/>
  <attribute name="GC Util currently" value="49" />
  <attribute name="CPU Util currently" value="6533632382772" />
<exclusive-end id="340" timestamp="2019-07-07T05:37:36.573" durationms="10.010" />

<exclusive-start id="341" timestamp="2019-07-07T05:37:36.651" intervalms="87.824">
  <response-info timems="0.028" idlems="0.028" threads="0" lastid="000000000202A700" lastname="main" />
</exclusive-start>
<allocation-taxation id="342" taxation-threshold="11534336" timestamp="2019-07-07T05:37:36.651" intervalms="87.772" />
<cycle-start id="343" type="partial gc" contextid="0" timestamp="2019-07-07T05:37:36.651" intervalms="87.736" />
<gc-start id="344" type="partial gc" contextid="343" timestamp="2019-07-07T05:37:36.651">
  <mem-info id="345" free="0" total="32505856" percent="0">
    <mem type="eden" free="0" total="11534336" percent="0" />
    <remembered-set count="21344" freebytes="1212160" totalbytes="1297536" percent="93" regionsoverflowed="0" regionsstable="0" regionsrebuilding="0"/>
  </mem-info>
</gc-start>
<allocation-stats totalBytes="11531336" >
  <allocated-bytes non-tlh="428112" tlh="11103224" arrayletleaf="0"/>
  <largest-consumer threadName="main" threadId="000000000202A700" bytes="11531336" />
</allocation-stats>
<gc-op id="346" type="mark" timems="2.553" contextid="343" timestamp="2019-07-07T05:37:36.654">
  <trace-info objectcount="22484" scancount="20133" scanbytes="771100" />
  <cardclean-info objects="3779" bytes="185396" />
  <remembered-set-cleared processed="18227" cleared="4031" durationms="0.222" />
  <references type="soft" candidates="25" cleared="0" enqueued="0" dynamicThreshold="11" maxThreshold="32" />
  <references type="weak" candidates="242" cleared="2" enqueued="2" />
  <references type="phantom" candidates="1" cleared="0" enqueued="0" />
  <stringconstants candidates="11570" cleared="0"  />
  <warning details="Mark invoked due to insufficient free space for Copy-Forward" />
</gc-op>
<gc-op id="347" type="classunload" timems="0.003" contextid="343" timestamp="2019-07-07T05:37:36.654">
  <classunload-info classloadercandidates="23" classloadersunloaded="0" classesunloaded="0" anonymousclassesunloaded="0" quiescems="0.000" setupms="0.003" scanms="0.000" postms="0.000" />
</gc-op>
<gc-op id="348" type="sweep" timems="0.414" contextid="343" timestamp="2019-07-07T05:37:36.655" />
<gc-op id="349" type="compact" timems="2.372" contextid="343" timestamp="2019-07-07T05:37:36.658">
  <compact-info movecount="17645" movebytes="944696" />
  <remembered-set-cleared processed="41135" cleared="12684" durationms="0.222" />
</gc-op>
<heap-resize id="350" type="expand" space="default" amount="1048576" count="1" timems="0.051" reason="insufficient free space following gc" timestamp="2019-07-07T05:37:36.658" />
<gc-end id="351" type="partial gc" contextid="343" durationms="6.734" usertimems="4.000" systemtimems="4.000" timestamp="2019-07-07T05:37:36.658" activeThreads="4">
  <mem-info id="352" free="11534336" total="33554432" percent="34">
    <mem type="eden" free="480528" total="1048576" percent="45" />
    <pending-finalizers system="0" default="0" reference="2" classloader="0" />
    <remembered-set count="23648" freebytes="1244800" totalbytes="1339392" percent="92" regionsoverflowed="0" regionsstable="0" regionsrebuilding="0"/>
  </mem-info>
</gc-end>
<cycle-end id="353" type="partial gc" contextid="343" timestamp="2019-07-07T05:37:36.658" />
  <attribute name="elasticGC enabled" value="1" />
  <attribute name= "numThreadsSpecified" value="4" />
  <attribute name="heapSize specified" value="0" />
  <attribute name="Current GC Util" value="45" />
  <attribute name= "Current Time Running" value="7457" />
  <attribute name ="GC Interval" value="0" />
  <attribute name="ProportionalT" value="12.500000" />
  <attribute name="ProportionalI" value="12.500000" />
  <attribute name="ProportionalH" value="12.500000" />
  <attribute name="Current Error" value="25.000000" />
  <attribute name="IntegralT" value="12.500000" />
  <attribute name="IntegralI" value="12.500000" />
  <attribute name="IntegralH" value="12.500000" />
  <attribute name="DerivativeT" value="25.000000" />
  <attribute name="DerivativeI" value="25.000000" />
  <attribute name="DerivativeH" value="25.000000" />
  <attribute name="Loop Time for DT" value="1.000000" />
  <attribute name="Output H" value="8388608"/>
  <attribute name="Output I" value="200"/>
  <attribute name="Output T" value="4"/>
  <attribute name="Target GC Util Change" value ="20.000000" />
  <attribute name="Current GC Util Change" value="45.000000"/>
  <attribute name="GC Util currently" value="45" />
  <attribute name="CPU Util currently" value="7065671420188" />
<exclusive-end id="354" timestamp="2019-07-07T05:37:36.658" durationms="7.614" />

<exclusive-start id="355" timestamp="2019-07-07T05:37:36.755" intervalms="104.117">
  <response-info timems="0.068" idlems="0.068" threads="0" lastid="000000000202A700" lastname="main" />
</exclusive-start>
<allocation-taxation id="356" taxation-threshold="11534336" timestamp="2019-07-07T05:37:36.755" intervalms="104.154" />
<cycle-start id="357" type="partial gc" contextid="0" timestamp="2019-07-07T05:37:36.755" intervalms="104.167" />
<gc-start id="358" type="partial gc" contextid="357" timestamp="2019-07-07T05:37:36.755">
  <mem-info id="359" free="0" total="33554432" percent="0">
    <mem type="eden" free="0" total="11534336" percent="0" />
    <remembered-set count="23328" freebytes="1246080" totalbytes="1339392" percent="93" regionsoverflowed="0" regionsstable="0" regionsrebuilding="0"/>
  </mem-info>
</gc-start>
<allocation-stats totalBytes="11532352" >
  <allocated-bytes non-tlh="210360" tlh="11321992" arrayletleaf="0"/>
  <largest-consumer threadName="main" threadId="000000000202A700" bytes="11528256" />
</allocation-stats>
<gc-op id="360" type="mark" timems="2.641" contextid="357" timestamp="2019-07-07T05:37:36.759">
  <trace-info objectcount="22917" scancount="19975" scanbytes="783996" />
  <cardclean-info objects="1785" bytes="95548" />
  <remembered-set-cleared processed="20403" cleared="2606" durationms="0.242" />
  <finalization candidates="1" enqueued="1" />
  <references type="soft" candidates="25" cleared="0" enqueued="0" dynamicThreshold="11" maxThreshold="32" />
  <references type="weak" candidates="414" cleared="13" enqueued="13" />
  <stringconstants candidates="11667" cleared="0"  />
  <warning details="Mark invoked due to insufficient free space for Copy-Forward" />
</gc-op>
<gc-op id="361" type="classunload" timems="0.003" contextid="357" timestamp="2019-07-07T05:37:36.759">
  <classunload-info classloadercandidates="26" classloadersunloaded="0" classesunloaded="0" anonymousclassesunloaded="0" quiescems="0.000" setupms="0.003" scanms="0.000" postms="0.000" />
</gc-op>
<gc-op id="362" type="sweep" timems="0.466" contextid="357" timestamp="2019-07-07T05:37:36.759" />
<gc-op id="363" type="compact" timems="4.363" contextid="357" timestamp="2019-07-07T05:37:36.764">
  <compact-info movecount="22249" movebytes="1015648" />
  <remembered-set-cleared processed="46154" cleared="10493" durationms="0.242" />
</gc-op>
<heap-resize id="364" type="expand" space="default" amount="3145728" count="1" timems="0.066" reason="insufficient free space following gc" timestamp="2019-07-07T05:37:36.764" />
<gc-end id="365" type="partial gc" contextid="357" durationms="8.975" usertimems="4.000" systemtimems="4.000" timestamp="2019-07-07T05:37:36.764" activeThreads="1">
  <mem-info id="366" free="13631488" total="36700160" percent="37">
    <mem type="eden" free="264472" total="1048576" percent="25" />
    <pending-finalizers system="0" default="1" reference="13" classloader="0" />
    <remembered-set count="25920" freebytes="1361280" totalbytes="1464960" percent="92" regionsoverflowed="0" regionsstable="0" regionsrebuilding="0"/>
  </mem-info>
</gc-end>
<cycle-end id="367" type="partial gc" contextid="357" timestamp="2019-07-07T05:37:36.765" />
  <attribute name="elasticGC enabled" value="1" />
  <attribute name= "numThreadsSpecified" value="1" />
  <attribute name="heapSize specified" value="0" />
  <attribute name="Current GC Util" value="45" />
  <attribute name= "Current Time Running" value="7561" />
  <attribute name ="GC Interval" value="0" />
  <attribute name="ProportionalT" value="12.500000" />
  <attribute name="ProportionalI" value="12.500000" />
  <attribute name="ProportionalH" value="12.500000" />
  <attribute name="Current Error" value="25.000000" />
  <attribute name="IntegralT" value="0.000000" />
  <attribute name="IntegralI" value="0.000000" />
  <attribute name="IntegralH" value="0.000000" />
  <attribute name="DerivativeT" value="inf" />
  <attribute name="DerivativeI" value="inf" />
  <attribute name="DerivativeH" value="inf" />
  <attribute name="Loop Time for DT" value="0.000000" />
  <attribute name="Output H" value="8388608"/>
  <attribute name="Output I" value="200"/>
  <attribute name="Output T" value="1"/>
  <attribute name="Target GC Util Change" value ="20.000000" />
  <attribute name="Current GC Util Change" value="45.000000"/>
  <attribute name="GC Util currently" value="45" />
  <attribute name="CPU Util currently" value="6787261117389" />
<exclusive-end id="368" timestamp="2019-07-07T05:37:36.765" durationms="9.978" />

<exclusive-start id="369" timestamp="2019-07-07T05:37:36.828" intervalms="73.062">
  <response-info timems="0.074" idlems="0.074" threads="0" lastid="000000000202A700" lastname="main" />
</exclusive-start>
<allocation-taxation id="370" taxation-threshold="13631488" timestamp="2019-07-07T05:37:36.828" intervalms="73.087" />
<cycle-start id="371" type="partial gc" contextid="0" timestamp="2019-07-07T05:37:36.828" intervalms="73.124" />
<gc-start id="372" type="partial gc" contextid="371" timestamp="2019-07-07T05:37:36.829">
  <mem-info id="373" free="0" total="36700160" percent="0">
    <mem type="eden" free="0" total="13631488" percent="0" />
    <remembered-set count="25664" freebytes="1362304" totalbytes="1464960" percent="92" regionsoverflowed="0" regionsstable="0" regionsrebuilding="0"/>
  </mem-info>
</gc-start>
<allocation-stats totalBytes="13629152" >
  <allocated-bytes non-tlh="813296" tlh="12815856" arrayletleaf="0"/>
  <largest-consumer threadName="main" threadId="000000000202A700" bytes="13620840" />
</allocation-stats>
<gc-op id="374" type="mark" timems="2.459" contextid="371" timestamp="2019-07-07T05:37:36.832">
  <trace-info objectcount="23008" scancount="20707" scanbytes="885316" />
  <cardclean-info objects="558" bytes="42356" />
  <remembered-set-cleared processed="23050" cleared="2896" durationms="0.254" />
  <references type="soft" candidates="25" cleared="0" enqueued="0" dynamicThreshold="11" maxThreshold="32" />
  <references type="weak" candidates="175" cleared="2" enqueued="2" />
  <references type="phantom" candidates="2" cleared="0" enqueued="0" />
  <stringconstants candidates="11795" cleared="6"  />
  <warning details="Mark invoked due to insufficient free space for Copy-Forward" />
</gc-op>
<gc-op id="375" type="classunload" timems="0.379" contextid="371" timestamp="2019-07-07T05:37:36.832">
  <classunload-info classloadercandidates="28" classloadersunloaded="1" classesunloaded="1" anonymousclassesunloaded="0" quiescems="0.000" setupms="0.367" scanms="0.008" postms="0.003" />
</gc-op>
<gc-op id="376" type="sweep" timems="0.533" contextid="371" timestamp="2019-07-07T05:37:36.833" />
<gc-op id="377" type="compact" timems="2.318" contextid="371" timestamp="2019-07-07T05:37:36.836">
  <compact-info movecount="23008" movebytes="1689888" />
  <remembered-set-cleared processed="49380" cleared="9042" durationms="0.254" />
</gc-op>
<heap-resize id="378" type="expand" space="default" amount="3145728" count="1" timems="0.066" reason="insufficient free space following gc" timestamp="2019-07-07T05:37:36.836" />
<gc-end id="379" type="partial gc" contextid="371" durationms="7.423" usertimems="12.000" systemtimems="0.000" timestamp="2019-07-07T05:37:36.836" activeThreads="4">
  <mem-info id="380" free="14680064" total="39845888" percent="36">
    <mem type="eden" free="440816" total="2097152" percent="21" />
    <pending-finalizers system="0" default="0" reference="2" classloader="0" />
    <remembered-set count="27552" freebytes="1480320" totalbytes="1590528" percent="93" regionsoverflowed="0" regionsstable="0" regionsrebuilding="0"/>
  </mem-info>
</gc-end>
<cycle-end id="381" type="partial gc" contextid="371" timestamp="2019-07-07T05:37:36.836" />
  <attribute name="elasticGC enabled" value="1" />
  <attribute name= "numThreadsSpecified" value="4" />
  <attribute name="heapSize specified" value="0" />
  <attribute name="Current GC Util" value="50" />
  <attribute name= "Current Time Running" value="7635" />
  <attribute name ="GC Interval" value="0" />
  <attribute name="ProportionalT" value="15.000000" />
  <attribute name="ProportionalI" value="15.000000" />
  <attribute name="ProportionalH" value="15.000000" />
  <attribute name="Current Error" value="30.000000" />
  <attribute name="IntegralT" value="15.000000" />
  <attribute name="IntegralI" value="15.000000" />
  <attribute name="IntegralH" value="15.000000" />
  <attribute name="DerivativeT" value="30.000000" />
  <attribute name="DerivativeI" value="30.000000" />
  <attribute name="DerivativeH" value="30.000000" />
  <attribute name="Loop Time for DT" value="1.000000" />
  <attribute name="Output H" value="8388608"/>
  <attribute name="Output I" value="200"/>
  <attribute name="Output T" value="4"/>
  <attribute name="Target GC Util Change" value ="20.000000" />
  <attribute name="Current GC Util Change" value="50.000000"/>
  <attribute name="GC Util currently" value="50" />
  <attribute name="CPU Util currently" value="5668170677533" />
<exclusive-end id="382" timestamp="2019-07-07T05:37:36.836" durationms="8.484" />

<exclusive-start id="383" timestamp="2019-07-07T05:37:36.921" intervalms="92.882">
  <response-info timems="0.058" idlems="0.058" threads="0" lastid="000000000202A700" lastname="main" />
</exclusive-start>
<allocation-taxation id="384" taxation-threshold="14680064" timestamp="2019-07-07T05:37:36.921" intervalms="92.796" />
<cycle-start id="385" type="partial gc" contextid="0" timestamp="2019-07-07T05:37:36.921" intervalms="92.758" />
<gc-start id="386" type="partial gc" contextid="385" timestamp="2019-07-07T05:37:36.921">
  <mem-info id="387" free="0" total="39845888" percent="0">
    <mem type="eden" free="0" total="14680064" percent="0" />
    <remembered-set count="27360" freebytes="1481088" totalbytes="1590528" percent="93" regionsoverflowed="0" regionsstable="0" regionsrebuilding="0"/>
  </mem-info>
</gc-start>
<allocation-stats totalBytes="14676384" >
  <allocated-bytes non-tlh="453208" tlh="14223176" arrayletleaf="0"/>
  <largest-consumer threadName="main" threadId="000000000202A700" bytes="14676384" />
</allocation-stats>
<gc-op id="388" type="mark" timems="2.161" contextid="385" timestamp="2019-07-07T05:37:36.924">
  <trace-info objectcount="11751" scancount="10556" scanbytes="388316" />
  <cardclean-info objects="811" bytes="56848" />
  <remembered-set-cleared processed="23895" cleared="3780" durationms="0.274" />
  <references type="soft" candidates="116" cleared="0" enqueued="0" dynamicThreshold="11" maxThreshold="32" />
  <references type="weak" candidates="422" cleared="10" enqueued="10" />
  <references type="phantom" candidates="1" cleared="0" enqueued="0" />
  <stringconstants candidates="12255" cleared="3"  />
  <warning details="Mark invoked due to insufficient free space for Copy-Forward" />
</gc-op>
<gc-op id="389" type="classunload" timems="0.367" contextid="385" timestamp="2019-07-07T05:37:36.925">
  <classunload-info classloadercandidates="31" classloadersunloaded="1" classesunloaded="1" anonymousclassesunloaded="0" quiescems="0.000" setupms="0.356" scanms="0.007" postms="0.004" />
</gc-op>
<gc-op id="390" type="sweep" timems="0.474" contextid="385" timestamp="2019-07-07T05:37:36.925" />
<gc-op id="391" type="compact" timems="2.894" contextid="385" timestamp="2019-07-07T05:37:36.929">
  <compact-info movecount="11095" movebytes="711536" />
  <remembered-set-cleared processed="48756" cleared="8485" durationms="0.274" />
</gc-op>
<gc-end id="392" type="partial gc" contextid="385" durationms="7.461" usertimems="8.000" systemtimems="0.000" timestamp="2019-07-07T05:37:36.929" activeThreads="1">
  <mem-info id="393" free="14680064" total="39845888" percent="36">
    <mem type="eden" free="737352" total="1048576" percent="70" />
    <pending-finalizers system="0" default="0" reference="10" classloader="0" />
    <remembered-set count="25440" freebytes="1488768" totalbytes="1590528" percent="93" regionsoverflowed="0" regionsstable="0" regionsrebuilding="0"/>
  </mem-info>
</gc-end>
<cycle-end id="394" type="partial gc" contextid="385" timestamp="2019-07-07T05:37:36.929" />
  <attribute name="elasticGC enabled" value="1" />
  <attribute name= "numThreadsSpecified" value="1" />
  <attribute name="heapSize specified" value="0" />
  <attribute name="Current GC Util" value="34" />
  <attribute name= "Current Time Running" value="7727" />
  <attribute name ="GC Interval" value="0" />
  <attribute name="ProportionalT" value="7.000000" />
  <attribute name="ProportionalI" value="7.000000" />
  <attribute name="ProportionalH" value="7.000000" />
  <attribute name="Current Error" value="14.000000" />
  <attribute name="IntegralT" value="0.000000" />
  <attribute name="IntegralI" value="0.000000" />
  <attribute name="IntegralH" value="0.000000" />
  <attribute name="DerivativeT" value="inf" />
  <attribute name="DerivativeI" value="inf" />
  <attribute name="DerivativeH" value="inf" />
  <attribute name="Loop Time for DT" value="0.000000" />
  <attribute name="Output H" value="8388608"/>
  <attribute name="Output I" value="200"/>
  <attribute name="Output T" value="1"/>
  <attribute name="Target GC Util Change" value ="20.000000" />
  <attribute name="Current GC Util Change" value="34.000000"/>
  <attribute name="GC Util currently" value="34" />
  <attribute name="CPU Util currently" value="6054544516599" />
<exclusive-end id="395" timestamp="2019-07-07T05:37:36.929" durationms="8.482" />

<exclusive-start id="396" timestamp="2019-07-07T05:37:37.001" intervalms="80.518">
  <response-info timems="0.053" idlems="0.053" threads="0" lastid="000000000202A700" lastname="main" />
</exclusive-start>
<allocation-taxation id="397" taxation-threshold="14680064" timestamp="2019-07-07T05:37:37.001" intervalms="80.598" />
<cycle-start id="398" type="partial gc" contextid="0" timestamp="2019-07-07T05:37:37.002" intervalms="80.631" />
<gc-start id="399" type="partial gc" contextid="398" timestamp="2019-07-07T05:37:37.002">
  <mem-info id="400" free="0" total="39845888" percent="0">
    <mem type="eden" free="0" total="14680064" percent="0" />
    <remembered-set count="25280" freebytes="1489408" totalbytes="1590528" percent="93" regionsoverflowed="0" regionsstable="0" regionsrebuilding="0"/>
  </mem-info>
</gc-start>
<allocation-stats totalBytes="14678264" >
  <allocated-bytes non-tlh="824472" tlh="13853792" arrayletleaf="0"/>
  <largest-consumer threadName="main" threadId="000000000202A700" bytes="14678264" />
</allocation-stats>
<gc-op id="401" type="mark" timems="2.661" contextid="398" timestamp="2019-07-07T05:37:37.005">
  <trace-info objectcount="18175" scancount="16353" scanbytes="608168" />
  <cardclean-info objects="3229" bytes="167864" />
  <remembered-set-cleared processed="22431" cleared="4441" durationms="0.293" />
  <references type="soft" candidates="96" cleared="0" enqueued="0" dynamicThreshold="11" maxThreshold="32" />
  <references type="weak" candidates="282" cleared="0" enqueued="0" />
  <references type="phantom" candidates="1" cleared="0" enqueued="0" />
  <stringconstants candidates="12387" cleared="0"  />
  <warning details="Mark invoked due to insufficient free space for Copy-Forward" />
</gc-op>
<gc-op id="402" type="classunload" timems="0.004" contextid="398" timestamp="2019-07-07T05:37:37.005">
  <classunload-info classloadercandidates="34" classloadersunloaded="0" classesunloaded="0" anonymousclassesunloaded="0" quiescems="0.000" setupms="0.003" scanms="0.000" postms="0.000" />
</gc-op>
<gc-op id="403" type="sweep" timems="0.496" contextid="398" timestamp="2019-07-07T05:37:37.006" />
<gc-op id="404" type="compact" timems="1.905" contextid="398" timestamp="2019-07-07T05:37:37.008">
  <compact-info movecount="12358" movebytes="853240" />
  <remembered-set-cleared processed="48236" cleared="12230" durationms="0.293" />
</gc-op>
<gc-end id="405" type="partial gc" contextid="398" durationms="6.614" usertimems="0.000" systemtimems="8.000" timestamp="2019-07-07T05:37:37.009" activeThreads="4">
  <mem-info id="406" free="13631488" total="39845888" percent="34">
    <mem type="eden" free="586408" total="1048576" percent="55" />
    <remembered-set count="26848" freebytes="1483136" totalbytes="1590528" percent="93" regionsoverflowed="0" regionsstable="0" regionsrebuilding="0"/>
  </mem-info>
</gc-end>
<cycle-end id="407" type="partial gc" contextid="398" timestamp="2019-07-07T05:37:37.009" />
  <attribute name="elasticGC enabled" value="1" />
  <attribute name= "numThreadsSpecified" value="4" />
  <attribute name="heapSize specified" value="0" />
  <attribute name="Current GC Util" value="38" />
  <attribute name= "Current Time Running" value="7808" />
  <attribute name ="GC Interval" value="0" />
  <attribute name="ProportionalT" value="9.000000" />
  <attribute name="ProportionalI" value="9.000000" />
  <attribute name="ProportionalH" value="9.000000" />
  <attribute name="Current Error" value="18.000000" />
  <attribute name="IntegralT" value="9.000000" />
  <attribute name="IntegralI" value="9.000000" />
  <attribute name="IntegralH" value="9.000000" />
  <attribute name="DerivativeT" value="18.000000" />
  <attribute name="DerivativeI" value="18.000000" />
  <attribute name="DerivativeH" value="18.000000" />
  <attribute name="Loop Time for DT" value="1.000000" />
  <attribute name="Output H" value="8388608"/>
  <attribute name="Output I" value="200"/>
  <attribute name="Output T" value="4"/>
  <attribute name="Target GC Util Change" value ="20.000000" />
  <attribute name="Current GC Util Change" value="38.000000"/>
  <attribute name="GC Util currently" value="38" />
  <attribute name="CPU Util currently" value="6252701186308" />
<exclusive-end id="408" timestamp="2019-07-07T05:37:37.009" durationms="7.797" />

<exclusive-start id="409" timestamp="2019-07-07T05:37:37.053" intervalms="51.399">
  <response-info timems="0.063" idlems="0.063" threads="0" lastid="000000000202A700" lastname="main" />
</exclusive-start>
<allocation-taxation id="410" taxation-threshold="13631488" timestamp="2019-07-07T05:37:37.053" intervalms="51.403" />
<cycle-start id="411" type="partial gc" contextid="0" timestamp="2019-07-07T05:37:37.053" intervalms="51.398" />
<gc-start id="412" type="partial gc" contextid="411" timestamp="2019-07-07T05:37:37.053">
  <mem-info id="413" free="0" total="39845888" percent="0">
    <mem type="eden" free="0" total="13631488" percent="0" />
    <remembered-set count="26624" freebytes="1484032" totalbytes="1590528" percent="93" regionsoverflowed="0" regionsstable="0" regionsrebuilding="0"/>
  </mem-info>
</gc-start>
<allocation-stats totalBytes="13629608" >
  <allocated-bytes non-tlh="406288" tlh="13223320" arrayletleaf="0"/>
  <largest-consumer threadName="main" threadId="000000000202A700" bytes="13629608" />
</allocation-stats>
<gc-op id="414" type="mark" timems="2.536" contextid="411" timestamp="2019-07-07T05:37:37.057">
  <trace-info objectcount="20743" scancount="18713" scanbytes="831728" />
  <cardclean-info objects="765" bytes="46484" />
  <remembered-set-cleared processed="23787" cleared="1417" durationms="0.291" />
  <references type="soft" candidates="39" cleared="0" enqueued="0" dynamicThreshold="10" maxThreshold="32" />
  <references type="weak" candidates="124" cleared="2" enqueued="2" />
  <references type="phantom" candidates="1" cleared="0" enqueued="0" />
  <stringconstants candidates="12470" cleared="0"  />
  <warning details="Mark invoked due to insufficient free space for Copy-Forward" />
</gc-op>
<gc-op id="415" type="classunload" timems="0.003" contextid="411" timestamp="2019-07-07T05:37:37.057">
  <classunload-info classloadercandidates="36" classloadersunloaded="0" classesunloaded="0" anonymousclassesunloaded="0" quiescems="0.000" setupms="0.003" scanms="0.000" postms="0.000" />
</gc-op>
<gc-op id="416" type="sweep" timems="0.506" contextid="411" timestamp="2019-07-07T05:37:37.057" />
<gc-op id="417" type="compact" timems="4.009" contextid="411" timestamp="2019-07-07T05:37:37.062">
  <compact-info movecount="20540" movebytes="1173840" />
  <remembered-set-cleared processed="51511" cleared="6705" durationms="0.291" />
</gc-op>
<heap-resize id="418" type="expand" space="default" amount="3145728" count="1" timems="0.077" reason="insufficient free space following gc" timestamp="2019-07-07T05:37:37.062" />
<gc-end id="419" type="partial gc" contextid="411" durationms="8.786" usertimems="8.000" systemtimems="0.000" timestamp="2019-07-07T05:37:37.062" activeThreads="1">
  <mem-info id="420" free="14680064" total="42991616" percent="34">
    <mem type="eden" free="1010520" total="2097152" percent="48" />
    <pending-finalizers system="0" default="0" reference="2" classloader="0" />
    <remembered-set count="28576" freebytes="1601792" totalbytes="1716096" percent="93" regionsoverflowed="0" regionsstable="0" regionsrebuilding="0"/>
  </mem-info>
</gc-end>
<cycle-end id="421" type="partial gc" contextid="411" timestamp="2019-07-07T05:37:37.062" />
  <attribute name="elasticGC enabled" value="1" />
  <attribute name= "numThreadsSpecified" value="1" />
  <attribute name="heapSize specified" value="0" />
  <attribute name="Current GC Util" value="41" />
  <attribute name= "Current Time Running" value="7859" />
  <attribute name ="GC Interval" value="0" />
  <attribute name="ProportionalT" value="10.500000" />
  <attribute name="ProportionalI" value="10.500000" />
  <attribute name="ProportionalH" value="10.500000" />
  <attribute name="Current Error" value="21.000000" />
  <attribute name="IntegralT" value="0.000000" />
  <attribute name="IntegralI" value="0.000000" />
  <attribute name="IntegralH" value="0.000000" />
  <attribute name="DerivativeT" value="inf" />
  <attribute name="DerivativeI" value="inf" />
  <attribute name="DerivativeH" value="inf" />
  <attribute name="Loop Time for DT" value="0.000000" />
  <attribute name="Output H" value="8388608"/>
  <attribute name="Output I" value="200"/>
  <attribute name="Output T" value="1"/>
  <attribute name="Target GC Util Change" value ="20.000000" />
  <attribute name="Current GC Util Change" value="41.000000"/>
  <attribute name="GC Util currently" value="41" />
  <attribute name="CPU Util currently" value="6153049532526" />
<exclusive-end id="422" timestamp="2019-07-07T05:37:37.063" durationms="9.956" />

<exclusive-start id="423" timestamp="2019-07-07T05:37:37.101" intervalms="48.022">
  <response-info timems="0.073" idlems="0.073" threads="0" lastid="000000000202A700" lastname="main" />
</exclusive-start>
<allocation-taxation id="424" taxation-threshold="14680064" timestamp="2019-07-07T05:37:37.101" intervalms="48.033" />
<cycle-start id="425" type="partial gc" contextid="0" timestamp="2019-07-07T05:37:37.101" intervalms="48.043" />
<gc-start id="426" type="partial gc" contextid="425" timestamp="2019-07-07T05:37:37.101">
  <mem-info id="427" free="0" total="42991616" percent="0">
    <mem type="eden" free="0" total="14680064" percent="0" />
    <remembered-set count="28416" freebytes="1602432" totalbytes="1716096" percent="93" regionsoverflowed="0" regionsstable="0" regionsrebuilding="0"/>
  </mem-info>
</gc-start>
<allocation-stats totalBytes="14678512" >
  <allocated-bytes non-tlh="266328" tlh="14412184" arrayletleaf="0"/>
  <largest-consumer threadName="main" threadId="000000000202A700" bytes="14674416" />
</allocation-stats>
<gc-op id="428" type="mark" timems="2.874" contextid="425" timestamp="2019-07-07T05:37:37.105">
  <trace-info objectcount="22769" scancount="20537" scanbytes="862228" />
  <cardclean-info objects="4221" bytes="201772" />
  <remembered-set-cleared processed="25091" cleared="6741" durationms="0.311" />
  <references type="soft" candidates="47" cleared="0" enqueued="0" dynamicThreshold="10" maxThreshold="32" />
  <references type="weak" candidates="312" cleared="0" enqueued="0" />
  <references type="phantom" candidates="1" cleared="0" enqueued="0" />
  <stringconstants candidates="12481" cleared="0"  />
  <warning details="Mark invoked due to insufficient free space for Copy-Forward" />
</gc-op>
<gc-op id="429" type="classunload" timems="0.003" contextid="425" timestamp="2019-07-07T05:37:37.105">
  <classunload-info classloadercandidates="37" classloadersunloaded="0" classesunloaded="0" anonymousclassesunloaded="0" quiescems="0.000" setupms="0.003" scanms="0.000" postms="0.000" />
</gc-op>
<gc-op id="430" type="sweep" timems="0.474" contextid="425" timestamp="2019-07-07T05:37:37.106" />
<gc-op id="431" type="compact" timems="2.086" contextid="425" timestamp="2019-07-07T05:37:37.108">
  <compact-info movecount="22639" movebytes="1317264" />
  <remembered-set-cleared processed="51982" cleared="15273" durationms="0.311" />
</gc-op>
<heap-resize id="432" type="expand" space="default" amount="7340032" count="1" timems="0.088" reason="excessive time being spent in gc" timestamp="2019-07-07T05:37:37.108" />
<gc-end id="433" type="partial gc" contextid="425" durationms="7.056" usertimems="12.000" systemtimems="0.000" timestamp="2019-07-07T05:37:37.108" activeThreads="4">
  <mem-info id="434" free="22020096" total="50331648" percent="43">
    <mem type="eden" free="46584" total="1048576" percent="4" />
    <remembered-set count="28032" freebytes="1896960" totalbytes="2009088" percent="94" regionsoverflowed="0" regionsstable="0" regionsrebuilding="0"/>
  </mem-info>
</gc-end>
<cycle-end id="435" type="partial gc" contextid="425" timestamp="2019-07-07T05:37:37.109" />
  <attribute name="elasticGC enabled" value="1" />
  <attribute name= "numThreadsSpecified" value="4" />
  <attribute name="heapSize specified" value="0" />
  <attribute name="Current GC Util" value="45" />
  <attribute name= "Current Time Running" value="7908" />
  <attribute name ="GC Interval" value="0" />
  <attribute name="ProportionalT" value="12.500000" />
  <attribute name="ProportionalI" value="12.500000" />
  <attribute name="ProportionalH" value="12.500000" />
  <attribute name="Current Error" value="25.000000" />
  <attribute name="IntegralT" value="12.500000" />
  <attribute name="IntegralI" value="12.500000" />
  <attribute name="IntegralH" value="12.500000" />
  <attribute name="DerivativeT" value="25.000000" />
  <attribute name="DerivativeI" value="25.000000" />
  <attribute name="DerivativeH" value="25.000000" />
  <attribute name="Loop Time for DT" value="1.000000" />
  <attribute name="Output H" value="8388608"/>
  <attribute name="Output I" value="200"/>
  <attribute name="Output T" value="4"/>
  <attribute name="Target GC Util Change" value ="20.000000" />
  <attribute name="Current GC Util Change" value="45.000000"/>
  <attribute name="GC Util currently" value="45" />
  <attribute name="CPU Util currently" value="6206577929635" />
<exclusive-end id="436" timestamp="2019-07-07T05:37:37.109" durationms="8.215" />

<exclusive-start id="437" timestamp="2019-07-07T05:37:37.149" intervalms="48.320">
  <response-info timems="0.077" idlems="0.077" threads="0" lastid="000000000202A700" lastname="main" />
</exclusive-start>
<allocation-taxation id="438" taxation-threshold="18874368" timestamp="2019-07-07T05:37:37.149" intervalms="48.320" />
<cycle-start id="439" type="partial gc" contextid="0" timestamp="2019-07-07T05:37:37.149" intervalms="48.316" />
<gc-start id="440" type="partial gc" contextid="439" timestamp="2019-07-07T05:37:37.150">
  <mem-info id="441" free="3145728" total="50331648" percent="6">
    <mem type="eden" free="0" total="18874368" percent="0" />
    <remembered-set count="27680" freebytes="1898368" totalbytes="2009088" percent="94" regionsoverflowed="0" regionsstable="0" regionsrebuilding="0"/>
  </mem-info>
</gc-start>
<allocation-stats totalBytes="18871640" >
  <allocated-bytes non-tlh="200400" tlh="18671240" arrayletleaf="0"/>
  <largest-consumer threadName="main" threadId="000000000202A700" bytes="18871640" />
</allocation-stats>
<gc-op id="442" type="copy forward" timems="3.643" contextid="439" timestamp="2019-07-07T05:37:37.154">
  <memory-copied type="eden" objects="11719" bytes="736760" bytesdiscarded="0" />
  <memory-copied type="other" objects="5818" bytes="281400" bytesdiscarded="0" />
  <memory-cardclean objects="4193" bytes="200672" />
  <regions eden="18" other="2" />
  <remembered-set-cleared processed="24436" cleared="5546" durationms="0.301" />
  <references type="soft" candidates="13" cleared="0" enqueued="0" dynamicThreshold="14" maxThreshold="32" />
  <references type="weak" candidates="229" cleared="0" enqueued="0" />
  <references type="phantom" candidates="1" cleared="0" enqueued="0" />
  <stringconstants candidates="12486" cleared="0"  />
</gc-op>
<gc-op id="443" type="classunload" timems="0.004" contextid="439" timestamp="2019-07-07T05:37:37.154">
  <classunload-info classloadercandidates="38" classloadersunloaded="0" classesunloaded="0" anonymousclassesunloaded="0" quiescems="0.000" setupms="0.004" scanms="0.000" postms="0.000" />
</gc-op>
<heap-resize id="444" type="expand" space="default" amount="9437184" count="1" timems="0.099" reason="excessive time being spent in gc" timestamp="2019-07-07T05:37:37.155" />
<gc-end id="445" type="partial gc" contextid="439" durationms="4.911" usertimems="0.000" systemtimems="4.000" timestamp="2019-07-07T05:37:37.155" activeThreads="1">
  <mem-info id="446" free="30408704" total="59768832" percent="50">
    <mem type="eden" free="311760" total="1048576" percent="29" />
    <remembered-set count="26752" freebytes="2278784" totalbytes="2385792" percent="95" regionsoverflowed="0" regionsstable="0" regionsrebuilding="0"/>
  </mem-info>
</gc-end>
<cycle-end id="447" type="partial gc" contextid="439" timestamp="2019-07-07T05:37:37.155" />
  <attribute name="elasticGC enabled" value="1" />
  <attribute name= "numThreadsSpecified" value="1" />
  <attribute name="heapSize specified" value="0" />
  <attribute name="Current GC Util" value="55" />
  <attribute name= "Current Time Running" value="7952" />
  <attribute name ="GC Interval" value="0" />
  <attribute name="ProportionalT" value="17.500000" />
  <attribute name="ProportionalI" value="17.500000" />
  <attribute name="ProportionalH" value="17.500000" />
  <attribute name="Current Error" value="35.000000" />
  <attribute name="IntegralT" value="0.000000" />
  <attribute name="IntegralI" value="0.000000" />
  <attribute name="IntegralH" value="0.000000" />
  <attribute name="DerivativeT" value="inf" />
  <attribute name="DerivativeI" value="inf" />
  <attribute name="DerivativeH" value="inf" />
  <attribute name="Loop Time for DT" value="0.000000" />
  <attribute name="Output H" value="8388608"/>
  <attribute name="Output I" value="200"/>
  <attribute name="Output T" value="1"/>
  <attribute name="Target GC Util Change" value ="20.000000" />
  <attribute name="Current GC Util Change" value="55.000000"/>
  <attribute name="GC Util currently" value="55" />
  <attribute name="CPU Util currently" value="18781123164658" />
<exclusive-end id="448" timestamp="2019-07-07T05:37:37.155" durationms="6.054" />

<exclusive-start id="449" timestamp="2019-07-07T05:37:37.207" intervalms="57.869">
  <response-info timems="0.063" idlems="0.063" threads="0" lastid="000000000202A700" lastname="main" />
</exclusive-start>
<allocation-taxation id="450" taxation-threshold="22020096" timestamp="2019-07-07T05:37:37.207" intervalms="57.852" />
<cycle-start id="451" type="partial gc" contextid="0" timestamp="2019-07-07T05:37:37.207" intervalms="57.845" />
<gc-start id="452" type="partial gc" contextid="451" timestamp="2019-07-07T05:37:37.208">
  <mem-info id="453" free="8388608" total="59768832" percent="14">
    <mem type="eden" free="0" total="22020096" percent="0" />
    <remembered-set count="26720" freebytes="2278912" totalbytes="2385792" percent="95" regionsoverflowed="0" regionsstable="0" regionsrebuilding="0"/>
  </mem-info>
</gc-start>
<allocation-stats totalBytes="22017568" >
  <allocated-bytes non-tlh="402496" tlh="21615072" arrayletleaf="0"/>
  <largest-consumer threadName="main" threadId="000000000202A700" bytes="22017568" />
</allocation-stats>
<gc-op id="454" type="copy forward" timems="2.557" contextid="451" timestamp="2019-07-07T05:37:37.211">
  <memory-copied type="eden" objects="14223" bytes="875280" bytesdiscarded="0" />
  <memory-copied type="other" objects="843" bytes="25952" bytesdiscarded="0" />
  <memory-cardclean objects="143" bytes="12976" />
  <regions eden="21" other="1" />
  <remembered-set-cleared processed="24391" cleared="1164" durationms="0.269" />
  <references type="soft" candidates="3" cleared="0" enqueued="0" dynamicThreshold="16" maxThreshold="32" />
  <references type="weak" candidates="30" cleared="0" enqueued="0" />
  <references type="phantom" candidates="1" cleared="0" enqueued="0" />
  <stringconstants candidates="12505" cleared="0"  />
</gc-op>
<gc-op id="455" type="classunload" timems="0.003" contextid="451" timestamp="2019-07-07T05:37:37.211">
  <classunload-info classloadercandidates="40" classloadersunloaded="0" classesunloaded="0" anonymousclassesunloaded="0" quiescems="0.000" setupms="0.003" scanms="0.000" postms="0.000" />
</gc-op>
<heap-resize id="456" type="expand" space="default" amount="10485760" count="1" timems="0.104" reason="excessive time being spent in gc" timestamp="2019-07-07T05:37:37.211" />
<gc-end id="457" type="partial gc" contextid="451" durationms="3.793" usertimems="0.000" systemtimems="4.000" timestamp="2019-07-07T05:37:37.211" activeThreads="1">
  <mem-info id="458" free="39845888" total="70254592" percent="56">
    <mem type="eden" free="173216" total="1048576" percent="16" />
    <remembered-set count="26976" freebytes="2696448" totalbytes="2804352" percent="96" regionsoverflowed="0" regionsstable="0" regionsrebuilding="0"/>
  </mem-info>
</gc-end>
<cycle-end id="459" type="partial gc" contextid="451" timestamp="2019-07-07T05:37:37.212" />
  <attribute name="elasticGC enabled" value="1" />
  <attribute name= "numThreadsSpecified" value="1" />
  <attribute name="heapSize specified" value="0" />
  <attribute name="Current GC Util" value="77" />
  <attribute name= "Current Time Running" value="8010" />
  <attribute name ="GC Interval" value="0" />
  <attribute name="ProportionalT" value="28.500000" />
  <attribute name="ProportionalI" value="28.500000" />
  <attribute name="ProportionalH" value="28.500000" />
  <attribute name="Current Error" value="57.000000" />
  <attribute name="IntegralT" value="0.000000" />
  <attribute name="IntegralI" value="0.000000" />
  <attribute name="IntegralH" value="0.000000" />
  <attribute name="DerivativeT" value="inf" />
  <attribute name="DerivativeI" value="inf" />
  <attribute name="DerivativeH" value="inf" />
  <attribute name="Loop Time for DT" value="0.000000" />
  <attribute name="Output H" value="8388608"/>
  <attribute name="Output I" value="200"/>
  <attribute name="Output T" value="1"/>
  <attribute name="Target GC Util Change" value ="20.000000" />
  <attribute name="Current GC Util Change" value="77.000000"/>
  <attribute name="GC Util currently" value="77" />
  <attribute name="CPU Util currently" value="18732070952088" />
<exclusive-end id="460" timestamp="2019-07-07T05:37:37.212" durationms="4.800" />

<exclusive-start id="461" timestamp="2019-07-07T05:37:37.262" intervalms="55.397">
  <response-info timems="0.063" idlems="0.063" threads="0" lastid="000000000202A700" lastname="main" />
</exclusive-start>
<allocation-taxation id="462" taxation-threshold="24117248" timestamp="2019-07-07T05:37:37.262" intervalms="55.401" />
<cycle-start id="463" type="partial gc" contextid="0" timestamp="2019-07-07T05:37:37.263" intervalms="55.405" />
<gc-start id="464" type="partial gc" contextid="463" timestamp="2019-07-07T05:37:37.263">
  <mem-info id="465" free="15728640" total="70254592" percent="22">
    <mem type="eden" free="0" total="24117248" percent="0" />
    <remembered-set count="26816" freebytes="2697088" totalbytes="2804352" percent="96" regionsoverflowed="0" regionsstable="0" regionsrebuilding="0"/>
  </mem-info>
</gc-start>
<allocation-stats totalBytes="24113544" >
  <allocated-bytes non-tlh="601736" tlh="23511808" arrayletleaf="0"/>
  <largest-consumer threadName="main" threadId="000000000202A700" bytes="24113544" />
</allocation-stats>
<gc-op id="466" type="copy forward" timems="3.689" contextid="463" timestamp="2019-07-07T05:37:37.267">
  <memory-copied type="eden" objects="7841" bytes="571880" bytesdiscarded="0" />
  <memory-copied type="other" objects="15693" bytes="572256" bytesdiscarded="0" />
  <memory-cardclean objects="752" bytes="41680" />
  <regions eden="23" other="2" />
  <remembered-set-cleared processed="24366" cleared="4607" durationms="0.295" />
  <references type="soft" candidates="5" cleared="0" enqueued="0" dynamicThreshold="18" maxThreshold="32" />
  <references type="weak" candidates="31" cleared="0" enqueued="0" />
  <references type="phantom" candidates="1" cleared="0" enqueued="0" />
  <stringconstants candidates="12532" cleared="0"  />
</gc-op>
<gc-op id="467" type="classunload" timems="0.004" contextid="463" timestamp="2019-07-07T05:37:37.268">
  <classunload-info classloadercandidates="43" classloadersunloaded="0" classesunloaded="0" anonymousclassesunloaded="0" quiescems="0.000" setupms="0.003" scanms="0.000" postms="0.000" />
</gc-op>
<gc-end id="468" type="partial gc" contextid="463" durationms="4.819" usertimems="4.000" systemtimems="0.000" timestamp="2019-07-07T05:37:37.268" activeThreads="1">
  <mem-info id="469" free="38797312" total="70254592" percent="55">
    <mem type="eden" free="476576" total="1048576" percent="45" />
    <remembered-set count="26720" freebytes="2697472" totalbytes="2804352" percent="96" regionsoverflowed="0" regionsstable="0" regionsrebuilding="0"/>
  </mem-info>
</gc-end>
<cycle-end id="470" type="partial gc" contextid="463" timestamp="2019-07-07T05:37:37.268" />
  <attribute name="elasticGC enabled" value="1" />
  <attribute name= "numThreadsSpecified" value="1" />
  <attribute name="heapSize specified" value="0" />
  <attribute name="Current GC Util" value="69" />
  <attribute name= "Current Time Running" value="8065" />
  <attribute name ="GC Interval" value="0" />
  <attribute name="ProportionalT" value="24.500000" />
  <attribute name="ProportionalI" value="24.500000" />
  <attribute name="ProportionalH" value="24.500000" />
  <attribute name="Current Error" value="49.000000" />
  <attribute name="IntegralT" value="0.000000" />
  <attribute name="IntegralI" value="0.000000" />
  <attribute name="IntegralH" value="0.000000" />
  <attribute name="DerivativeT" value="inf" />
  <attribute name="DerivativeI" value="inf" />
  <attribute name="DerivativeH" value="inf" />
  <attribute name="Loop Time for DT" value="0.000000" />
  <attribute name="Output H" value="8388608"/>
  <attribute name="Output I" value="200"/>
  <attribute name="Output T" value="1"/>
  <attribute name="Target GC Util Change" value ="20.000000" />
  <attribute name="Current GC Util Change" value="69.000000"/>
  <attribute name="GC Util currently" value="69" />
  <attribute name="CPU Util currently" value="19792643827222" />
<exclusive-end id="471" timestamp="2019-07-07T05:37:37.268" durationms="5.957" />

<exclusive-start id="472" timestamp="2019-07-07T05:37:37.316" intervalms="54.069">
  <response-info timems="0.064" idlems="0.064" threads="0" lastid="000000000202A700" lastname="main" />
</exclusive-start>
<allocation-taxation id="473" taxation-threshold="24117248" timestamp="2019-07-07T05:37:37.317" intervalms="54.064" />
<cycle-start id="474" type="partial gc" contextid="0" timestamp="2019-07-07T05:37:37.317" intervalms="54.066" />
<gc-start id="475" type="partial gc" contextid="474" timestamp="2019-07-07T05:37:37.317">
  <mem-info id="476" free="14680064" total="70254592" percent="20">
    <mem type="eden" free="0" total="24117248" percent="0" />
    <remembered-set count="26304" freebytes="2699136" totalbytes="2804352" percent="96" regionsoverflowed="0" regionsstable="0" regionsrebuilding="0"/>
  </mem-info>
</gc-start>
<allocation-stats totalBytes="24114328" >
  <allocated-bytes non-tlh="400832" tlh="23713496" arrayletleaf="0"/>
  <largest-consumer threadName="main" threadId="000000000202A700" bytes="24114328" />
</allocation-stats>
<gc-op id="477" type="copy forward" timems="1.959" contextid="474" timestamp="2019-07-07T05:37:37.320">
  <memory-copied type="eden" objects="8841" bytes="648632" bytesdiscarded="53472" />
  <memory-copied type="other" objects="615" bytes="21984" bytesdiscarded="1776" />
  <memory-cardclean objects="190" bytes="14880" />
  <regions eden="23" other="1" />
  <remembered-set-cleared processed="23885" cleared="1002" durationms="0.143" />
  <references type="soft" candidates="5" cleared="0" enqueued="0" dynamicThreshold="17" maxThreshold="32" />
  <references type="weak" candidates="27" cleared="0" enqueued="0" />
  <references type="phantom" candidates="1" cleared="0" enqueued="0" />
  <stringconstants candidates="12543" cleared="0"  />
</gc-op>
<gc-op id="478" type="classunload" timems="0.004" contextid="474" timestamp="2019-07-07T05:37:37.320">
  <classunload-info classloadercandidates="45" classloadersunloaded="0" classesunloaded="0" anonymousclassesunloaded="0" quiescems="0.000" setupms="0.004" scanms="0.000" postms="0.000" />
</gc-op>
<gc-end id="479" type="partial gc" contextid="474" durationms="3.034" usertimems="8.000" systemtimems="0.000" timestamp="2019-07-07T05:37:37.320" activeThreads="4">
  <mem-info id="480" free="37748736" total="70254592" percent="53">
    <mem type="eden" free="346392" total="1048576" percent="33" />
    <remembered-set count="26656" freebytes="2697728" totalbytes="2804352" percent="96" regionsoverflowed="0" regionsstable="0" regionsrebuilding="0"/>
  </mem-info>
</gc-end>
<cycle-end id="481" type="partial gc" contextid="474" timestamp="2019-07-07T05:37:37.320" />
  <attribute name="elasticGC enabled" value="1" />
  <attribute name= "numThreadsSpecified" value="4" />
  <attribute name="heapSize specified" value="0" />
  <attribute name="Current GC Util" value="67" />
  <attribute name= "Current Time Running" value="8120" />
  <attribute name ="GC Interval" value="0" />
  <attribute name="ProportionalT" value="23.500000" />
  <attribute name="ProportionalI" value="23.500000" />
  <attribute name="ProportionalH" value="23.500000" />
  <attribute name="Current Error" value="47.000000" />
  <attribute name="IntegralT" value="23.500000" />
  <attribute name="IntegralI" value="23.500000" />
  <attribute name="IntegralH" value="23.500000" />
  <attribute name="DerivativeT" value="47.000000" />
  <attribute name="DerivativeI" value="47.000000" />
  <attribute name="DerivativeH" value="47.000000" />
  <attribute name="Loop Time for DT" value="1.000000" />
  <attribute name="Output H" value="8388608"/>
  <attribute name="Output I" value="200"/>
  <attribute name="Output T" value="4"/>
  <attribute name="Target GC Util Change" value ="20.000000" />
  <attribute name="Current GC Util Change" value="67.000000"/>
  <attribute name="GC Util currently" value="67" />
  <attribute name="CPU Util currently" value="19019457964710" />
<exclusive-end id="482" timestamp="2019-07-07T05:37:37.320" durationms="4.096" />

<exclusive-start id="483" timestamp="2019-07-07T05:37:37.382" intervalms="65.945">
  <response-info timems="0.032" idlems="0.032" threads="0" lastid="000000000202A700" lastname="main" />
</exclusive-start>
<allocation-taxation id="484" taxation-threshold="24117248" timestamp="2019-07-07T05:37:37.382" intervalms="65.927" />
<cycle-start id="485" type="partial gc" contextid="0" timestamp="2019-07-07T05:37:37.383" intervalms="65.887" />
<gc-start id="486" type="partial gc" contextid="485" timestamp="2019-07-07T05:37:37.383">
  <mem-info id="487" free="13631488" total="70254592" percent="19">
    <mem type="eden" free="0" total="24117248" percent="0" />
    <remembered-set count="26464" freebytes="2698496" totalbytes="2804352" percent="96" regionsoverflowed="0" regionsstable="0" regionsrebuilding="0"/>
  </mem-info>
</gc-start>
<allocation-stats totalBytes="24114824" >
  <allocated-bytes non-tlh="1002488" tlh="23112336" arrayletleaf="0"/>
  <largest-consumer threadName="main" threadId="000000000202A700" bytes="24114824" />
</allocation-stats>
<gc-op id="488" type="copy forward" timems="2.040" contextid="485" timestamp="2019-07-07T05:37:37.386">
  <memory-copied type="eden" objects="9120" bytes="663824" bytesdiscarded="0" />
  <memory-copied type="other" objects="313" bytes="10968" bytesdiscarded="0" />
  <memory-cardclean objects="158" bytes="13616" />
  <regions eden="23" other="1" />
  <remembered-set-cleared processed="23760" cleared="605" durationms="0.294" />
  <references type="soft" candidates="5" cleared="0" enqueued="0" dynamicThreshold="17" maxThreshold="32" />
  <references type="weak" candidates="34" cleared="0" enqueued="0" />
  <references type="phantom" candidates="1" cleared="0" enqueued="0" />
  <stringconstants candidates="12578" cleared="4"  />
</gc-op>
<gc-op id="489" type="classunload" timems="0.432" contextid="485" timestamp="2019-07-07T05:37:37.386">
  <classunload-info classloadercandidates="50" classloadersunloaded="2" classesunloaded="2" anonymousclassesunloaded="0" quiescems="0.000" setupms="0.417" scanms="0.010" postms="0.005" />
</gc-op>
<gc-end id="490" type="partial gc" contextid="485" durationms="3.593" usertimems="4.000" systemtimems="0.000" timestamp="2019-07-07T05:37:37.387" activeThreads="1">
  <mem-info id="491" free="36700160" total="70254592" percent="52">
    <mem type="eden" free="384648" total="1048576" percent="36" />
    <remembered-set count="26560" freebytes="2698112" totalbytes="2804352" percent="96" regionsoverflowed="0" regionsstable="0" regionsrebuilding="0"/>
  </mem-info>
</gc-end>
<cycle-end id="492" type="partial gc" contextid="485" timestamp="2019-07-07T05:37:37.387" />
  <attribute name="elasticGC enabled" value="1" />
  <attribute name= "numThreadsSpecified" value="1" />
  <attribute name="heapSize specified" value="0" />
  <attribute name="Current GC Util" value="64" />
  <attribute name= "Current Time Running" value="8185" />
  <attribute name ="GC Interval" value="0" />
  <attribute name="ProportionalT" value="22.000000" />
  <attribute name="ProportionalI" value="22.000000" />
  <attribute name="ProportionalH" value="22.000000" />
  <attribute name="Current Error" value="44.000000" />
  <attribute name="IntegralT" value="0.000000" />
  <attribute name="IntegralI" value="0.000000" />
  <attribute name="IntegralH" value="0.000000" />
  <attribute name="DerivativeT" value="inf" />
  <attribute name="DerivativeI" value="inf" />
  <attribute name="DerivativeH" value="inf" />
  <attribute name="Loop Time for DT" value="0.000000" />
  <attribute name="Output H" value="8388608"/>
  <attribute name="Output I" value="200"/>
  <attribute name="Output T" value="1"/>
  <attribute name="Target GC Util Change" value ="20.000000" />
  <attribute name="Current GC Util Change" value="64.000000"/>
  <attribute name="GC Util currently" value="64" />
  <attribute name="CPU Util currently" value="18939395604458" />
<exclusive-end id="493" timestamp="2019-07-07T05:37:37.387" durationms="4.683" />

<exclusive-start id="494" timestamp="2019-07-07T05:37:37.429" intervalms="46.915">
  <response-info timems="0.034" idlems="0.034" threads="0" lastid="000000000202A700" lastname="main" />
</exclusive-start>
<allocation-taxation id="495" taxation-threshold="24117248" timestamp="2019-07-07T05:37:37.429" intervalms="46.943" />
<cycle-start id="496" type="partial gc" contextid="0" timestamp="2019-07-07T05:37:37.430" intervalms="46.945" />
<gc-start id="497" type="partial gc" contextid="496" timestamp="2019-07-07T05:37:37.430">
  <mem-info id="498" free="12582912" total="70254592" percent="17">
    <mem type="eden" free="0" total="24117248" percent="0" />
    <remembered-set count="26464" freebytes="2698496" totalbytes="2804352" percent="96" regionsoverflowed="0" regionsstable="0" regionsrebuilding="0"/>
  </mem-info>
</gc-start>
<allocation-stats totalBytes="24114928" >
  <allocated-bytes non-tlh="201184" tlh="23913744" arrayletleaf="0"/>
  <largest-consumer threadName="main" threadId="000000000202A700" bytes="24114928" />
</allocation-stats>
<gc-op id="499" type="copy forward" timems="3.275" contextid="496" timestamp="2019-07-07T05:37:37.434">
  <memory-copied type="eden" objects="16947" bytes="1016784" bytesdiscarded="0" />
  <memory-copied type="other" objects="1798" bytes="106344" bytesdiscarded="0" />
  <memory-cardclean objects="1728" bytes="78952" />
  <regions eden="23" other="2" />
  <remembered-set-cleared processed="23778" cleared="2199" durationms="0.293" />
  <references type="soft" candidates="29" cleared="0" enqueued="0" dynamicThreshold="16" maxThreshold="32" />
  <references type="weak" candidates="51" cleared="0" enqueued="0" />
  <references type="phantom" candidates="1" cleared="0" enqueued="0" />
  <stringconstants candidates="12597" cleared="0"  />
</gc-op>
<gc-op id="500" type="classunload" timems="0.004" contextid="496" timestamp="2019-07-07T05:37:37.434">
  <classunload-info classloadercandidates="49" classloadersunloaded="0" classesunloaded="0" anonymousclassesunloaded="0" quiescems="0.000" setupms="0.004" scanms="0.000" postms="0.000" />
</gc-op>
<gc-end id="501" type="partial gc" contextid="496" durationms="4.373" usertimems="4.000" systemtimems="0.000" timestamp="2019-07-07T05:37:37.434" activeThreads="1">
  <mem-info id="502" free="35651584" total="70254592" percent="50">
    <mem type="eden" free="31736" total="1048576" percent="3" />
    <remembered-set count="27072" freebytes="2696064" totalbytes="2804352" percent="96" regionsoverflowed="0" regionsstable="0" regionsrebuilding="0"/>
  </mem-info>
</gc-end>
<cycle-end id="503" type="partial gc" contextid="496" timestamp="2019-07-07T05:37:37.434" />
  <attribute name="elasticGC enabled" value="1" />
  <attribute name= "numThreadsSpecified" value="1" />
  <attribute name="heapSize specified" value="0" />
  <attribute name="Current GC Util" value="73" />
  <attribute name= "Current Time Running" value="8232" />
  <attribute name ="GC Interval" value="0" />
  <attribute name="ProportionalT" value="26.500000" />
  <attribute name="ProportionalI" value="26.500000" />
  <attribute name="ProportionalH" value="26.500000" />
  <attribute name="Current Error" value="53.000000" />
  <attribute name="IntegralT" value="0.000000" />
  <attribute name="IntegralI" value="0.000000" />
  <attribute name="IntegralH" value="0.000000" />
  <attribute name="DerivativeT" value="inf" />
  <attribute name="DerivativeI" value="inf" />
  <attribute name="DerivativeH" value="inf" />
  <attribute name="Loop Time for DT" value="0.000000" />
  <attribute name="Output H" value="8388608"/>
  <attribute name="Output I" value="200"/>
  <attribute name="Output T" value="1"/>
  <attribute name="Target GC Util Change" value ="20.000000" />
  <attribute name="Current GC Util Change" value="73.000000"/>
  <attribute name="GC Util currently" value="73" />
  <attribute name="CPU Util currently" value="19043805433580" />
<exclusive-end id="504" timestamp="2019-07-07T05:37:37.435" durationms="5.389" />

<exclusive-start id="505" timestamp="2019-07-07T05:37:37.486" intervalms="56.875">
  <response-info timems="0.025" idlems="0.025" threads="0" lastid="000000000202A700" lastname="main" />
</exclusive-start>
<allocation-taxation id="506" taxation-threshold="24117248" timestamp="2019-07-07T05:37:37.486" intervalms="56.838" />
<cycle-start id="507" type="partial gc" contextid="0" timestamp="2019-07-07T05:37:37.486" intervalms="56.880" />
<gc-start id="508" type="partial gc" contextid="507" timestamp="2019-07-07T05:37:37.487">
  <mem-info id="509" free="11534336" total="70254592" percent="16">
    <mem type="eden" free="0" total="24117248" percent="0" />
    <remembered-set count="27072" freebytes="2696064" totalbytes="2804352" percent="96" regionsoverflowed="0" regionsstable="0" regionsrebuilding="0"/>
  </mem-info>
</gc-start>
<allocation-stats totalBytes="24113448" >
  <allocated-bytes non-tlh="401832" tlh="23711616" arrayletleaf="0"/>
  <largest-consumer threadName="main" threadId="000000000202A700" bytes="24113448" />
</allocation-stats>
<gc-op id="510" type="copy forward" timems="1.621" contextid="507" timestamp="2019-07-07T05:37:37.489">
  <memory-copied type="eden" objects="4105" bytes="428808" bytesdiscarded="0" />
  <memory-copied type="other" objects="380" bytes="12976" bytesdiscarded="0" />
  <memory-cardclean objects="146" bytes="13600" />
  <regions eden="23" other="1" />
  <remembered-set-cleared processed="24626" cleared="1303" durationms="0.310" />
  <references type="soft" candidates="3" cleared="0" enqueued="0" dynamicThreshold="16" maxThreshold="32" />
  <references type="weak" candidates="24" cleared="0" enqueued="0" />
  <references type="phantom" candidates="1" cleared="0" enqueued="0" />
  <stringconstants candidates="12627" cleared="0"  />
</gc-op>
<gc-op id="511" type="classunload" timems="0.003" contextid="507" timestamp="2019-07-07T05:37:37.489">
  <classunload-info classloadercandidates="51" classloadersunloaded="0" classesunloaded="0" anonymousclassesunloaded="0" quiescems="0.000" setupms="0.003" scanms="0.000" postms="0.000" />
</gc-op>
<gc-end id="512" type="partial gc" contextid="507" durationms="2.745" usertimems="0.000" systemtimems="0.000" timestamp="2019-07-07T05:37:37.490" activeThreads="1">
  <mem-info id="513" free="34603008" total="70254592" percent="49">
    <mem type="eden" free="619688" total="1048576" percent="59" />
    <remembered-set count="26720" freebytes="2697472" totalbytes="2804352" percent="96" regionsoverflowed="0" regionsstable="0" regionsrebuilding="0"/>
  </mem-info>
</gc-end>
<cycle-end id="514" type="partial gc" contextid="507" timestamp="2019-07-07T05:37:37.490" />
  <attribute name="elasticGC enabled" value="1" />
  <attribute name= "numThreadsSpecified" value="1" />
  <attribute name="heapSize specified" value="0" />
  <attribute name="Current GC Util" value="78" />
  <attribute name= "Current Time Running" value="8289" />
  <attribute name ="GC Interval" value="0" />
  <attribute name="ProportionalT" value="29.000000" />
  <attribute name="ProportionalI" value="29.000000" />
  <attribute name="ProportionalH" value="29.000000" />
  <attribute name="Current Error" value="58.000000" />
  <attribute name="IntegralT" value="0.000000" />
  <attribute name="IntegralI" value="0.000000" />
  <attribute name="IntegralH" value="0.000000" />
  <attribute name="DerivativeT" value="inf" />
  <attribute name="DerivativeI" value="inf" />
  <attribute name="DerivativeH" value="inf" />
  <attribute name="Loop Time for DT" value="0.000000" />
  <attribute name="Output H" value="8388608"/>
  <attribute name="Output I" value="200"/>
  <attribute name="Output T" value="1"/>
  <attribute name="Target GC Util Change" value ="20.000000" />
  <attribute name="Current GC Util Change" value="78.000000"/>
  <attribute name="GC Util currently" value="78" />
  <attribute name="CPU Util currently" value="22606636427485" />
<exclusive-end id="515" timestamp="2019-07-07T05:37:37.490" durationms="3.847" />

<exclusive-start id="516" timestamp="2019-07-07T05:37:37.602" intervalms="116.111">
  <response-info timems="0.033" idlems="0.033" threads="0" lastid="000000000202A700" lastname="main" />
</exclusive-start>
<allocation-taxation id="517" taxation-threshold="24117248" timestamp="2019-07-07T05:37:37.602" intervalms="116.166" />
<cycle-start id="518" type="partial gc" contextid="0" timestamp="2019-07-07T05:37:37.603" intervalms="116.168" />
<gc-start id="519" type="partial gc" contextid="518" timestamp="2019-07-07T05:37:37.603">
  <mem-info id="520" free="10485760" total="70254592" percent="14">
    <mem type="eden" free="0" total="24117248" percent="0" />
    <remembered-set count="26400" freebytes="2698752" totalbytes="2804352" percent="96" regionsoverflowed="0" regionsstable="0" regionsrebuilding="0"/>
  </mem-info>
</gc-start>
<allocation-stats totalBytes="24113000" >
  <allocated-bytes non-tlh="651320" tlh="23461680" arrayletleaf="0"/>
  <largest-consumer threadName="main" threadId="000000000202A700" bytes="24113000" />
</allocation-stats>
<gc-op id="521" type="copy forward" timems="3.648" contextid="518" timestamp="2019-07-07T05:37:37.607">
  <memory-copied type="eden" objects="18357" bytes="782008" bytesdiscarded="0" />
  <memory-copied type="other" objects="559" bytes="19048" bytesdiscarded="0" />
  <memory-cardclean objects="563" bytes="38176" />
  <regions eden="23" other="1" />
  <remembered-set-cleared processed="24012" cleared="837" durationms="0.315" />
  <references type="soft" candidates="779" cleared="0" enqueued="0" dynamicThreshold="15" maxThreshold="32" />
  <references type="weak" candidates="110" cleared="0" enqueued="0" />
  <stringconstants candidates="13257" cleared="0"  />
</gc-op>
<gc-op id="522" type="classunload" timems="0.004" contextid="518" timestamp="2019-07-07T05:37:37.607">
  <classunload-info classloadercandidates="54" classloadersunloaded="0" classesunloaded="0" anonymousclassesunloaded="0" quiescems="0.000" setupms="0.004" scanms="0.000" postms="0.000" />
</gc-op>
<gc-end id="523" type="partial gc" contextid="518" durationms="4.768" usertimems="4.000" systemtimems="0.000" timestamp="2019-07-07T05:37:37.608" activeThreads="1">
  <mem-info id="524" free="33554432" total="70254592" percent="47">
    <mem type="eden" free="266056" total="1048576" percent="25" />
    <remembered-set count="28576" freebytes="2690048" totalbytes="2804352" percent="95" regionsoverflowed="0" regionsstable="0" regionsrebuilding="0"/>
  </mem-info>
</gc-end>
<cycle-end id="525" type="partial gc" contextid="518" timestamp="2019-07-07T05:37:37.608" />
  <attribute name="elasticGC enabled" value="1" />
  <attribute name= "numThreadsSpecified" value="1" />
  <attribute name="heapSize specified" value="0" />
  <attribute name="Current GC Util" value="67" />
  <attribute name= "Current Time Running" value="8405" />
  <attribute name ="GC Interval" value="0" />
  <attribute name="ProportionalT" value="23.500000" />
  <attribute name="ProportionalI" value="23.500000" />
  <attribute name="ProportionalH" value="23.500000" />
  <attribute name="Current Error" value="47.000000" />
  <attribute name="IntegralT" value="0.000000" />
  <attribute name="IntegralI" value="0.000000" />
  <attribute name="IntegralH" value="0.000000" />
  <attribute name="DerivativeT" value="inf" />
  <attribute name="DerivativeI" value="inf" />
  <attribute name="DerivativeH" value="inf" />
  <attribute name="Loop Time for DT" value="0.000000" />
  <attribute name="Output H" value="8388608"/>
  <attribute name="Output I" value="200"/>
  <attribute name="Output T" value="1"/>
  <attribute name="Target GC Util Change" value ="20.000000" />
  <attribute name="Current GC Util Change" value="67.000000"/>
  <attribute name="GC Util currently" value="67" />
  <attribute name="CPU Util currently" value="19735132430503" />
<exclusive-end id="526" timestamp="2019-07-07T05:37:37.608" durationms="6.001" />

<exclusive-start id="527" timestamp="2019-07-07T05:37:37.967" intervalms="365.193">
  <response-info timems="0.334" idlems="0.178" threads="1" lastid="0000000002035B00" lastname="JIT Compilation Thread-2" />
</exclusive-start>
<allocation-taxation id="528" taxation-threshold="24117248" timestamp="2019-07-07T05:37:37.968" intervalms="365.208" />
<cycle-start id="529" type="partial gc" contextid="0" timestamp="2019-07-07T05:37:37.968" intervalms="365.201" />
<gc-start id="530" type="partial gc" contextid="529" timestamp="2019-07-07T05:37:37.968">
  <mem-info id="531" free="9437184" total="70254592" percent="13">
    <mem type="eden" free="0" total="24117248" percent="0" />
    <arraylet-primitive objects="1" leaves="1" largest="1" />
    <remembered-set count="28512" freebytes="2690304" totalbytes="2804352" percent="95" regionsoverflowed="0" regionsstable="0" regionsrebuilding="0"/>
  </mem-info>
</gc-start>
<allocation-stats totalBytes="24086720" >
  <allocated-bytes non-tlh="1865600" tlh="21172544" arrayletleaf="1048576"/>
  <largest-consumer threadName="main" threadId="000000000202A700" bytes="24086720" />
</allocation-stats>
<gc-op id="532" type="copy forward" timems="3.629" contextid="529" timestamp="2019-07-07T05:37:37.973">
  <memory-copied type="eden" objects="38848" bytes="1909844" bytesdiscarded="106808" />
  <memory-copied type="other" objects="8764" bytes="335296" bytesdiscarded="23408" />
  <memory-cardclean objects="495" bytes="35944" />
  <regions eden="22" other="1" />
  <remembered-set-cleared processed="26228" cleared="2864" durationms="0.157" />
  <finalization candidates="3" enqueued="2" />
  <references type="soft" candidates="778" cleared="0" enqueued="0" dynamicThreshold="15" maxThreshold="32" />
  <references type="weak" candidates="148" cleared="0" enqueued="0" />
  <references type="phantom" candidates="2" cleared="0" enqueued="0" />
  <stringconstants candidates="13319" cleared="0"  />
</gc-op>
<gc-op id="533" type="classunload" timems="0.004" contextid="529" timestamp="2019-07-07T05:37:37.973">
  <classunload-info classloadercandidates="55" classloadersunloaded="0" classesunloaded="0" anonymousclassesunloaded="0" quiescems="0.000" setupms="0.004" scanms="0.000" postms="0.000" />
</gc-op>
<heap-resize id="534" type="contract" space="default" amount="4194304" count="1" timems="0.049" reason="insufficient time being spent in gc" timestamp="2019-07-07T05:37:37.973" />
<gc-end id="535" type="partial gc" contextid="529" durationms="4.926" usertimems="4.000" systemtimems="4.000" timestamp="2019-07-07T05:37:37.973" activeThreads="4">
  <mem-info id="536" free="26214400" total="66060288" percent="39">
    <mem type="eden" free="80392" total="3145728" percent="2" />
    <arraylet-primitive objects="1" leaves="1" largest="1" />
    <pending-finalizers system="0" default="2" reference="0" classloader="0" />
    <remembered-set count="30912" freebytes="2680704" totalbytes="2804352" percent="95" regionsoverflowed="0" regionsstable="0" regionsrebuilding="0"/>
  </mem-info>
</gc-end>
<cycle-end id="537" type="partial gc" contextid="529" timestamp="2019-07-07T05:37:37.973" />
  <attribute name="elasticGC enabled" value="1" />
  <attribute name= "numThreadsSpecified" value="4" />
  <attribute name="heapSize specified" value="0" />
  <attribute name="Current GC Util" value="75" />
  <attribute name= "Current Time Running" value="8771" />
  <attribute name ="GC Interval" value="0" />
  <attribute name="ProportionalT" value="27.500000" />
  <attribute name="ProportionalI" value="27.500000" />
  <attribute name="ProportionalH" value="27.500000" />
  <attribute name="Current Error" value="55.000000" />
  <attribute name="IntegralT" value="27.500000" />
  <attribute name="IntegralI" value="27.500000" />
  <attribute name="IntegralH" value="27.500000" />
  <attribute name="DerivativeT" value="55.000000" />
  <attribute name="DerivativeI" value="55.000000" />
  <attribute name="DerivativeH" value="55.000000" />
  <attribute name="Loop Time for DT" value="1.000000" />
  <attribute name="Output H" value="8388608"/>
  <attribute name="Output I" value="200"/>
  <attribute name="Output T" value="4"/>
  <attribute name="Target GC Util Change" value ="20.000000" />
  <attribute name="Current GC Util Change" value="75.000000"/>
  <attribute name="GC Util currently" value="75" />
  <attribute name="CPU Util currently" value="15805895092384" />
<exclusive-end id="538" timestamp="2019-07-07T05:37:37.973" durationms="6.040" />

<exclusive-start id="539" timestamp="2019-07-07T05:37:38.109" intervalms="141.484">
  <response-info timems="0.037" idlems="0.037" threads="0" lastid="000000000202A700" lastname="main" />
</exclusive-start>
<allocation-taxation id="540" taxation-threshold="23068672" timestamp="2019-07-07T05:37:38.109" intervalms="141.498" />
<cycle-start id="541" type="partial gc" contextid="0" timestamp="2019-07-07T05:37:38.109" intervalms="141.516" />
<gc-start id="542" type="partial gc" contextid="541" timestamp="2019-07-07T05:37:38.110">
  <mem-info id="543" free="3145728" total="66060288" percent="4">
    <mem type="eden" free="0" total="23068672" percent="0" />
    <arraylet-primitive objects="1" leaves="1" largest="1" />
    <remembered-set count="30880" freebytes="2680832" totalbytes="2804352" percent="95" regionsoverflowed="0" regionsstable="0" regionsrebuilding="0"/>
  </mem-info>
</gc-start>
<allocation-stats totalBytes="23044568" >
  <allocated-bytes non-tlh="0" tlh="23044568" arrayletleaf="0"/>
  <largest-consumer threadName="main" threadId="000000000202A700" bytes="23040472" />
</allocation-stats>
<gc-op id="544" type="copy forward" timems="10.092" contextid="541" timestamp="2019-07-07T05:37:38.121">
  <memory-copied type="eden" objects="48656" bytes="1245768" bytesdiscarded="8" />
  <memory-copied type="other" objects="46895" bytes="2193020" bytesdiscarded="0" />
  <memory-cardclean objects="282" bytes="28624" />
  <regions eden="22" other="3" />
  <remembered-set-cleared processed="27431" cleared="4040" durationms="0.291" />
  <finalization candidates="1" enqueued="0" />
  <references type="soft" candidates="778" cleared="0" enqueued="0" dynamicThreshold="12" maxThreshold="32" />
  <references type="weak" candidates="148" cleared="0" enqueued="0" />
  <references type="phantom" candidates="2" cleared="0" enqueued="0" />
  <stringconstants candidates="13319" cleared="0"  />
  <heap-resize type="expand" space="default" amount="2097152" count="2" timems="0.099" reason="continue current collection" />
</gc-op>
<gc-op id="545" type="classunload" timems="0.005" contextid="541" timestamp="2019-07-07T05:37:38.121">
  <classunload-info classloadercandidates="55" classloadersunloaded="0" classesunloaded="0" anonymousclassesunloaded="0" quiescems="0.000" setupms="0.005" scanms="0.000" postms="0.000" />
</gc-op>
<heap-resize id="546" type="contract" space="default" amount="3145728" count="1" timems="0.220" reason="insufficient time being spent in gc" timestamp="2019-07-07T05:37:38.121" />
<gc-end id="547" type="partial gc" contextid="541" durationms="11.833" usertimems="12.000" systemtimems="0.000" timestamp="2019-07-07T05:37:38.121" activeThreads="1">
  <mem-info id="548" free="23068672" total="65011712" percent="35">
    <mem type="eden" free="851376" total="2097152" percent="40" />
    <arraylet-primitive objects="1" leaves="1" largest="1" />
    <remembered-set count="32448" freebytes="2590848" totalbytes="2720640" percent="95" regionsoverflowed="0" regionsstable="0" regionsrebuilding="0"/>
  </mem-info>
</gc-end>
<cycle-end id="549" type="partial gc" contextid="541" timestamp="2019-07-07T05:37:38.122" />
  <attribute name="elasticGC enabled" value="1" />
  <attribute name= "numThreadsSpecified" value="1" />
  <attribute name="heapSize specified" value="0" />
  <attribute name="Current GC Util" value="46" />
  <attribute name= "Current Time Running" value="8912" />
  <attribute name ="GC Interval" value="0" />
  <attribute name="ProportionalT" value="13.000000" />
  <attribute name="ProportionalI" value="13.000000" />
  <attribute name="ProportionalH" value="13.000000" />
  <attribute name="Current Error" value="26.000000" />
  <attribute name="IntegralT" value="0.000000" />
  <attribute name="IntegralI" value="0.000000" />
  <attribute name="IntegralH" value="0.000000" />
  <attribute name="DerivativeT" value="inf" />
  <attribute name="DerivativeI" value="inf" />
  <attribute name="DerivativeH" value="inf" />
  <attribute name="Loop Time for DT" value="0.000000" />
  <attribute name="Output H" value="8388608"/>
  <attribute name="Output I" value="200"/>
  <attribute name="Output T" value="1"/>
  <attribute name="Target GC Util Change" value ="20.000000" />
  <attribute name="Current GC Util Change" value="46.000000"/>
  <attribute name="GC Util currently" value="46" />
  <attribute name="CPU Util currently" value="10546034587605" />
<exclusive-end id="550" timestamp="2019-07-07T05:37:38.122" durationms="13.086" />

<exclusive-start id="551" timestamp="2019-07-07T05:37:38.157" intervalms="47.781">
  <response-info timems="0.036" idlems="0.036" threads="0" lastid="000000000202A700" lastname="main" />
</exclusive-start>
<allocation-taxation id="552" taxation-threshold="11534336" timestamp="2019-07-07T05:37:38.157" intervalms="47.739" />
<cycle-start id="553" type="global mark phase" contextid="0" timestamp="2019-07-07T05:37:38.157" intervalms="2613.716" />
<gc-start id="554" type="global mark phase" contextid="553" timestamp="2019-07-07T05:37:38.157">
  <mem-info id="555" free="11534336" total="65011712" percent="17">
    <remembered-set count="32384" freebytes="2591104" totalbytes="2720640" percent="95" regionsoverflowed="0" regionsstable="0" regionsrebuilding="0"/>
  </mem-info>
</gc-start>
<gc-op id="556" type="mark increment" timems="3.960" contextid="553" timestamp="2019-07-07T05:37:38.161">
  <trace-info objectcount="222711" scancount="187412" scanbytes="5405428" />
</gc-op>
<gc-end id="557" type="global mark phase" contextid="553" durationms="4.284" usertimems="12.000" systemtimems="0.000" timestamp="2019-07-07T05:37:38.161" activeThreads="4">
  <mem-info id="558" free="11534336" total="65011712" percent="17">
    <remembered-set count="32384" freebytes="2591104" totalbytes="2720640" percent="95" regionsoverflowed="0" regionsstable="0" regionsrebuilding="0"/>
  </mem-info>
</gc-end>
<exclusive-end id="559" timestamp="2019-07-07T05:37:38.162" durationms="4.959" />

<exclusive-start id="560" timestamp="2019-07-07T05:37:38.191" intervalms="33.919">
  <response-info timems="0.040" idlems="0.040" threads="0" lastid="000000000202A700" lastname="main" />
</exclusive-start>
<allocation-taxation id="561" taxation-threshold="11534336" timestamp="2019-07-07T05:37:38.191" intervalms="33.942" />
<cycle-start id="562" type="partial gc" contextid="0" timestamp="2019-07-07T05:37:38.191" intervalms="81.665" />
<gc-start id="563" type="partial gc" contextid="562" timestamp="2019-07-07T05:37:38.191">
  <mem-info id="564" free="0" total="65011712" percent="0">
    <mem type="eden" free="0" total="23068672" percent="0" />
    <arraylet-primitive objects="1" leaves="1" largest="1" />
    <remembered-set count="32384" freebytes="2591104" totalbytes="2720640" percent="95" regionsoverflowed="0" regionsstable="0" regionsrebuilding="0"/>
  </mem-info>
</gc-start>
<allocation-stats totalBytes="23042232" >
  <allocated-bytes non-tlh="0" tlh="23042232" arrayletleaf="0"/>
  <largest-consumer threadName="main" threadId="000000000202A700" bytes="11522248" />
</allocation-stats>
<gc-op id="565" type="mark" timems="6.973" contextid="562" timestamp="2019-07-07T05:37:38.199">
  <trace-info objectcount="100839" scancount="88235" scanbytes="2161772" />
  <cardclean-info objects="15973" bytes="612948" />
  <remembered-set-cleared processed="26685" cleared="8797" durationms="0.347" />
  <references type="soft" candidates="1" cleared="0" enqueued="0" dynamicThreshold="5" maxThreshold="32" />
  <stringconstants candidates="13319" cleared="0"  />
  <warning details="Mark invoked due to insufficient free space for Copy-Forward" />
</gc-op>
<gc-op id="566" type="classunload" timems="0.005" contextid="562" timestamp="2019-07-07T05:37:38.199">
  <classunload-info classloadercandidates="55" classloadersunloaded="0" classesunloaded="0" anonymousclassesunloaded="0" quiescems="0.000" setupms="0.005" scanms="0.000" postms="0.000" />
</gc-op>
<gc-op id="567" type="sweep" timems="0.495" contextid="562" timestamp="2019-07-07T05:37:38.200" />
<gc-op id="568" type="compact" timems="5.448" contextid="562" timestamp="2019-07-07T05:37:38.206">
  <compact-info movecount="86046" movebytes="2199856" />
  <remembered-set-cleared processed="75916" cleared="32911" durationms="0.347" />
</gc-op>
<gc-end id="569" type="partial gc" contextid="562" durationms="14.644" usertimems="20.000" systemtimems="0.000" timestamp="2019-07-07T05:37:38.206" activeThreads="4">
  <mem-info id="570" free="20971520" total="65011712" percent="32">
    <mem type="eden" free="944200" total="2097152" percent="45" />
    <arraylet-primitive objects="1" leaves="1" largest="1" />
    <remembered-set count="42336" freebytes="2425728" totalbytes="2595072" percent="93" regionsoverflowed="0" regionsstable="0" regionsrebuilding="0"/>
  </mem-info>
</gc-end>
<cycle-end id="571" type="partial gc" contextid="562" timestamp="2019-07-07T05:37:38.206" />
  <attribute name="elasticGC enabled" value="1" />
  <attribute name= "numThreadsSpecified" value="4" />
  <attribute name="heapSize specified" value="0" />
  <attribute name="Current GC Util" value="58" />
  <attribute name= "Current Time Running" value="9002" />
  <attribute name ="GC Interval" value="0" />
  <attribute name="ProportionalT" value="19.000000" />
  <attribute name="ProportionalI" value="19.000000" />
  <attribute name="ProportionalH" value="19.000000" />
  <attribute name="Current Error" value="38.000000" />
  <attribute name="IntegralT" value="19.000000" />
  <attribute name="IntegralI" value="19.000000" />
  <attribute name="IntegralH" value="19.000000" />
  <attribute name="DerivativeT" value="38.000000" />
  <attribute name="DerivativeI" value="38.000000" />
  <attribute name="DerivativeH" value="38.000000" />
  <attribute name="Loop Time for DT" value="1.000000" />
  <attribute name="Output H" value="8388608"/>
  <attribute name="Output I" value="200"/>
  <attribute name="Output T" value="4"/>
  <attribute name="Target GC Util Change" value ="20.000000" />
  <attribute name="Current GC Util Change" value="58.000000"/>
  <attribute name="GC Util currently" value="58" />
  <attribute name="CPU Util currently" value="6085672372969" />
<exclusive-end id="572" timestamp="2019-07-07T05:37:38.206" durationms="15.751" />

<exclusive-start id="573" timestamp="2019-07-07T05:37:38.230" intervalms="39.212">
  <response-info timems="0.070" idlems="0.070" threads="0" lastid="000000000202A700" lastname="main" />
</exclusive-start>
<allocation-taxation id="574" taxation-threshold="10485760" timestamp="2019-07-07T05:37:38.230" intervalms="39.242" />
<gc-start id="575" type="global mark phase" contextid="553" timestamp="2019-07-07T05:37:38.230">
  <mem-info id="576" free="10485760" total="65011712" percent="16">
    <remembered-set count="42080" freebytes="2426752" totalbytes="2595072" percent="93" regionsoverflowed="0" regionsstable="0" regionsrebuilding="0"/>
  </mem-info>
</gc-start>
<gc-op id="577" type="mark increment" timems="3.150" contextid="553" timestamp="2019-07-07T05:37:38.234">
  <trace-info objectcount="122711" scancount="106550" scanbytes="2656444" />
  <cardclean-info objects="20228" bytes="642300" />
  <finalization candidates="81" enqueued="0" />
  <ownableSynchronizers candidates="22" cleared="0" />
  <references type="soft" candidates="2716" cleared="0" enqueued="0" dynamicThreshold="10" maxThreshold="32" />
  <references type="weak" candidates="5536" cleared="24" enqueued="24" />
  <references type="phantom" candidates="105" cleared="3" enqueued="3" />
  <stringconstants candidates="13319" cleared="12"  />
</gc-op>
<gc-op id="578" type="classunload" timems="0.007" contextid="553" timestamp="2019-07-07T05:37:38.234">
  <classunload-info classloadercandidates="55" classloadersunloaded="0" classesunloaded="0" anonymousclassesunloaded="0" quiescems="0.000" setupms="0.007" scanms="0.000" postms="0.000" />
</gc-op>
<gc-end id="579" type="global mark phase" contextid="553" durationms="3.541" usertimems="12.000" systemtimems="0.000" timestamp="2019-07-07T05:37:38.234" activeThreads="4">
  <mem-info id="580" free="10485760" total="65011712" percent="16">
    <pending-finalizers system="0" default="0" reference="27" classloader="0" />
    <remembered-set count="42080" freebytes="2426752" totalbytes="2595072" percent="93" regionsoverflowed="0" regionsstable="0" regionsrebuilding="0"/>
  </mem-info>
</gc-end>
<cycle-end id="581" type="global mark phase" contextid="553" timestamp="2019-07-07T05:37:38.234" />
  <attribute name="elasticGC enabled" value="1" />
  <attribute name= "numThreadsSpecified" value="4" />
  <attribute name="heapSize specified" value="0" />
  <attribute name="Current GC Util" value="252" />
  <attribute name= "Current Time Running" value="9034" />
  <attribute name ="GC Interval" value="0" />
  <attribute name="ProportionalT" value="116.000000" />
  <attribute name="ProportionalI" value="116.000000" />
  <attribute name="ProportionalH" value="116.000000" />
  <attribute name="Current Error" value="232.000000" />
  <attribute name="IntegralT" value="116.000000" />
  <attribute name="IntegralI" value="116.000000" />
  <attribute name="IntegralH" value="116.000000" />
  <attribute name="DerivativeT" value="21.000000" />
  <attribute name="DerivativeI" value="21.000000" />
  <attribute name="DerivativeH" value="21.000000" />
  <attribute name="Loop Time for DT" value="1.000000" />
  <attribute name="Output H" value="8388608"/>
  <attribute name="Output I" value="256"/>
  <attribute name="Output T" value="4"/>
  <attribute name="Target GC Util Change" value ="20.000000" />
  <attribute name="Current GC Util Change" value="252.000000"/>
  <attribute name="GC Util currently" value="252" />
  <attribute name="CPU Util currently" value="3196672523620" />
<exclusive-end id="582" timestamp="2019-07-07T05:37:38.234" durationms="4.329" />

<exclusive-start id="583" timestamp="2019-07-07T05:37:38.256" intervalms="26.557">
  <response-info timems="0.146" idlems="0.146" threads="0" lastid="000000000202A700" lastname="main" />
</exclusive-start>
<allocation-taxation id="584" taxation-threshold="10485760" timestamp="2019-07-07T05:37:38.257" intervalms="26.477" />
<cycle-start id="585" type="partial gc" contextid="0" timestamp="2019-07-07T05:37:38.257" intervalms="65.689" />
<gc-start id="586" type="partial gc" contextid="585" timestamp="2019-07-07T05:37:38.257">
  <mem-info id="587" free="0" total="65011712" percent="0">
    <mem type="eden" free="0" total="20971520" percent="0" />
    <arraylet-primitive objects="1" leaves="1" largest="1" />
    <remembered-set count="42080" freebytes="2426752" totalbytes="2595072" percent="93" regionsoverflowed="0" regionsstable="0" regionsrebuilding="0"/>
  </mem-info>
</gc-start>
<allocation-stats totalBytes="20948616" >
  <allocated-bytes non-tlh="0" tlh="20948616" arrayletleaf="0"/>
  <largest-consumer threadName="main" threadId="000000000202A700" bytes="10469904" />
</allocation-stats>
<gc-op id="588" type="sweep" timems="0.633" contextid="585" timestamp="2019-07-07T05:37:38.258" />
<gc-op id="589" type="copy forward" timems="4.065" contextid="585" timestamp="2019-07-07T05:37:38.263">
  <memory-copied type="eden" objects="18096" bytes="445456" bytesdiscarded="6771" />
  <memory-copied type="other" objects="69642" bytes="1852760" bytesdiscarded="50421" />
  <memory-cardclean objects="4195" bytes="122296" />
  <memory-traced type="eden" objects="3480" bytes="78752" />
  <memory-traced type="other" objects="0" bytes="0" />
  <regions eden="10" other="13" evacuated="21" marked="2" />
  <remembered-set-cleared processed="38379" cleared="14335" durationms="0.168" />
  <stringconstants candidates="13307" cleared="0"  />
  <heap-resize type="expand" space="default" amount="4194304" count="4" timems="0.274" reason="continue current collection" />
</gc-op>
<gc-op id="590" type="classunload" timems="0.007" contextid="585" timestamp="2019-07-07T05:37:38.263">
  <classunload-info classloadercandidates="55" classloadersunloaded="0" classesunloaded="0" anonymousclassesunloaded="0" quiescems="0.000" setupms="0.007" scanms="0.000" postms="0.000" />
</gc-op>
<gc-op id="591" type="compact" timems="1.330" contextid="585" timestamp="2019-07-07T05:37:38.264">
  <compact-info movecount="4345" movebytes="106336" />
  <remembered-set-cleared processed="70150" cleared="15919" durationms="0.168" />
</gc-op>
<heap-resize id="592" type="expand" space="default" amount="12582912" count="1" timems="0.120" reason="excessive time being spent in gc" timestamp="2019-07-07T05:37:38.265" />
<gc-end id="593" type="partial gc" contextid="585" durationms="7.817" usertimems="20.000" systemtimems="0.000" timestamp="2019-07-07T05:37:38.265" activeThreads="4">
  <mem-info id="594" free="35651584" total="81788928" percent="43">
    <mem type="eden" free="1870576" total="3145728" percent="59" />
    <arraylet-primitive objects="1" leaves="1" largest="1" />
    <remembered-set count="34912" freebytes="3125120" totalbytes="3264768" percent="95" regionsoverflowed="0" regionsstable="0" regionsrebuilding="0"/>
  </mem-info>
</gc-end>
<cycle-end id="595" type="partial gc" contextid="585" timestamp="2019-07-07T05:37:38.265" />
  <attribute name="elasticGC enabled" value="1" />
  <attribute name= "numThreadsSpecified" value="4" />
  <attribute name="heapSize specified" value="0" />
  <attribute name="Current GC Util" value="213" />
  <attribute name= "Current Time Running" value="9065" />
  <attribute name ="GC Interval" value="0" />
  <attribute name="ProportionalT" value="96.500000" />
  <attribute name="ProportionalI" value="96.500000" />
  <attribute name="ProportionalH" value="96.500000" />
  <attribute name="Current Error" value="193.000000" />
  <attribute name="IntegralT" value="482.500000" />
  <attribute name="IntegralI" value="482.500000" />
  <attribute name="IntegralH" value="482.500000" />
  <attribute name="DerivativeT" value="30.000000" />
  <attribute name="DerivativeI" value="30.000000" />
  <attribute name="DerivativeH" value="30.000000" />
  <attribute name="Loop Time for DT" value="5.000000" />
  <attribute name="Output H" value="8388608"/>
  <attribute name="Output I" value="616"/>
  <attribute name="Output T" value="4"/>
  <attribute name="Target GC Util Change" value ="20.000000" />
  <attribute name="Current GC Util Change" value="213.000000"/>
  <attribute name="GC Util currently" value="213" />
  <attribute name="CPU Util currently" value="1044806256847" />
<exclusive-end id="596" timestamp="2019-07-07T05:37:38.265" durationms="8.824" />

<exclusive-start id="597" timestamp="2019-07-07T05:37:38.293" intervalms="36.473">
  <response-info timems="0.080" idlems="0.080" threads="0" lastid="000000000202A700" lastname="main" />
</exclusive-start>
<allocation-taxation id="598" taxation-threshold="13631488" timestamp="2019-07-07T05:37:38.293" intervalms="36.565" />
<cycle-start id="599" type="global mark phase" contextid="0" timestamp="2019-07-07T05:37:38.293" intervalms="136.332" />
<gc-start id="600" type="global mark phase" contextid="599" timestamp="2019-07-07T05:37:38.294">
  <mem-info id="601" free="22020096" total="81788928" percent="26">
    <remembered-set count="34816" freebytes="3125504" totalbytes="3264768" percent="95" regionsoverflowed="0" regionsstable="0" regionsrebuilding="0"/>
  </mem-info>
</gc-start>
<gc-op id="602" type="mark increment" timems="1.127" contextid="599" timestamp="2019-07-07T05:37:38.295">
  <trace-info objectcount="3243" scancount="199" scanbytes="12836" />
</gc-op>
<gc-end id="603" type="global mark phase" contextid="599" durationms="1.475" usertimems="4.000" systemtimems="0.000" timestamp="2019-07-07T05:37:38.295" activeThreads="4">
  <mem-info id="604" free="22020096" total="81788928" percent="26">
    <remembered-set count="34816" freebytes="3125504" totalbytes="3264768" percent="95" regionsoverflowed="0" regionsstable="0" regionsrebuilding="0"/>
  </mem-info>
</gc-end>
<concurrent-start id="605" type="GMP work packet processing" contextid="599" timestamp="2019-07-07T05:37:38.295">
  <concurrent-mark-start scanTarget="1650767" />
</concurrent-start>
<exclusive-end id="606" timestamp="2019-07-07T05:37:38.297" durationms="3.760" />

<concurrent-end id="607" type="GMP work packet processing" contextid="599" timestamp="2019-07-07T05:37:38.306">
  <concurrent-mark-end bytesScanned="1737176" reasonForTermination="Work target met" />
</concurrent-end>

<exclusive-start id="608" timestamp="2019-07-07T05:37:38.331" intervalms="38.338">
  <response-info timems="0.089" idlems="0.089" threads="0" lastid="000000000202A700" lastname="main" />
</exclusive-start>
<allocation-taxation id="609" taxation-threshold="13631488" timestamp="2019-07-07T05:37:38.331" intervalms="38.275" />
<cycle-start id="610" type="partial gc" contextid="0" timestamp="2019-07-07T05:37:38.332" intervalms="74.923" />
<gc-start id="611" type="partial gc" contextid="610" timestamp="2019-07-07T05:37:38.332">
  <mem-info id="612" free="8388608" total="81788928" percent="10">
    <mem type="eden" free="0" total="27262976" percent="0" />
    <arraylet-primitive objects="1" leaves="1" largest="1" />
    <remembered-set count="34816" freebytes="3125504" totalbytes="3264768" percent="95" regionsoverflowed="0" regionsstable="0" regionsrebuilding="0"/>
  </mem-info>
</gc-start>
<allocation-stats totalBytes="27237976" >
  <allocated-bytes non-tlh="0" tlh="27237976" arrayletleaf="0"/>
  <largest-consumer threadName="main" threadId="000000000202A700" bytes="13619712" />
</allocation-stats>
<gc-op id="613" type="copy forward" timems="5.472" contextid="610" timestamp="2019-07-07T05:37:38.338">
  <memory-copied type="eden" objects="55913" bytes="1368064" bytesdiscarded="129048" />
  <memory-copied type="other" objects="59155" bytes="1820208" bytesdiscarded="66160" />
  <memory-cardclean objects="10893" bytes="397424" />
  <regions eden="26" other="12" />
  <remembered-set-cleared processed="28137" cleared="12392" durationms="0.162" />
  <references type="soft" candidates="430" cleared="0" enqueued="0" dynamicThreshold="8" maxThreshold="32" />
  <references type="weak" candidates="1145" cleared="0" enqueued="0" />
  <references type="phantom" candidates="1" cleared="0" enqueued="0" />
  <stringconstants candidates="13307" cleared="0"  />
</gc-op>
<gc-op id="614" type="classunload" timems="0.007" contextid="610" timestamp="2019-07-07T05:37:38.338">
  <classunload-info classloadercandidates="55" classloadersunloaded="0" classesunloaded="0" anonymousclassesunloaded="0" quiescems="0.000" setupms="0.007" scanms="0.000" postms="0.000" />
</gc-op>
<heap-resize id="615" type="expand" space="default" amount="14680064" count="1" timems="0.140" reason="excessive time being spent in gc" timestamp="2019-07-07T05:37:38.339" />
<gc-end id="616" type="partial gc" contextid="610" durationms="6.991" usertimems="20.000" systemtimems="0.000" timestamp="2019-07-07T05:37:38.339" activeThreads="4">
  <mem-info id="617" free="55574528" total="96468992" percent="57">
    <mem type="eden" free="600040" total="2097152" percent="28" />
    <arraylet-primitive objects="1" leaves="1" largest="1" />
    <remembered-set count="33536" freebytes="3716608" totalbytes="3850752" percent="96" regionsoverflowed="0" regionsstable="0" regionsrebuilding="0"/>
  </mem-info>
</gc-end>
<cycle-end id="618" type="partial gc" contextid="610" timestamp="2019-07-07T05:37:38.339" />
  <attribute name="elasticGC enabled" value="1" />
  <attribute name= "numThreadsSpecified" value="4" />
  <attribute name="heapSize specified" value="0" />
  <attribute name="Current GC Util" value="61" />
  <attribute name= "Current Time Running" value="9135" />
  <attribute name ="GC Interval" value="0" />
  <attribute name="ProportionalT" value="20.500000" />
  <attribute name="ProportionalI" value="20.500000" />
  <attribute name="ProportionalH" value="20.500000" />
  <attribute name="Current Error" value="41.000000" />
  <attribute name="IntegralT" value="20.500000" />
  <attribute name="IntegralI" value="20.500000" />
  <attribute name="IntegralH" value="20.500000" />
  <attribute name="DerivativeT" value="41.000000" />
  <attribute name="DerivativeI" value="41.000000" />
  <attribute name="DerivativeH" value="41.000000" />
  <attribute name="Loop Time for DT" value="1.000000" />
  <attribute name="Output H" value="8388608"/>
  <attribute name="Output I" value="200"/>
  <attribute name="Output T" value="4"/>
  <attribute name="Target GC Util Change" value ="20.000000" />
  <attribute name="Current GC Util Change" value="61.000000"/>
  <attribute name="GC Util currently" value="61" />
  <attribute name="CPU Util currently" value="16186977261724" />
<exclusive-end id="619" timestamp="2019-07-07T05:37:38.339" durationms="8.268" />

<exclusive-start id="620" timestamp="2019-07-07T05:37:38.370" intervalms="39.053">
  <response-info timems="0.281" idlems="0.281" threads="0" lastid="000000000202A700" lastname="main" />
</exclusive-start>
<allocation-taxation id="621" taxation-threshold="14680064" timestamp="2019-07-07T05:37:38.370" intervalms="39.110" />
<gc-start id="622" type="global mark phase" contextid="599" timestamp="2019-07-07T05:37:38.371">
  <mem-info id="623" free="40894464" total="96468992" percent="42">
    <remembered-set count="33408" freebytes="3717120" totalbytes="3850752" percent="96" regionsoverflowed="0" regionsstable="0" regionsrebuilding="0"/>
  </mem-info>
</gc-start>
<gc-end id="624" type="global mark phase" contextid="599" durationms="0.189" usertimems="0.000" systemtimems="0.000" timestamp="2019-07-07T05:37:38.371" activeThreads="4">
  <mem-info id="625" free="40894464" total="96468992" percent="42">
    <remembered-set count="33408" freebytes="3717120" totalbytes="3850752" percent="96" regionsoverflowed="0" regionsstable="0" regionsrebuilding="0"/>
  </mem-info>
</gc-end>
<concurrent-start id="626" type="GMP work packet processing" contextid="599" timestamp="2019-07-07T05:37:38.371">
  <concurrent-mark-start scanTarget="1650767" />
</concurrent-start>
<concurrent-end id="627" type="GMP work packet processing" contextid="599" timestamp="2019-07-07T05:37:38.372">
  <concurrent-mark-end bytesScanned="1688812" reasonForTermination="Work target met" />
</concurrent-end>

<exclusive-end id="628" timestamp="2019-07-07T05:37:38.372" durationms="2.014" />

<exclusive-start id="629" timestamp="2019-07-07T05:37:38.402" intervalms="32.029">
  <response-info timems="0.084" idlems="0.084" threads="0" lastid="000000000202A700" lastname="main" />
</exclusive-start>
<allocation-taxation id="630" taxation-threshold="14680064" timestamp="2019-07-07T05:37:38.403" intervalms="32.032" />
<cycle-start id="631" type="partial gc" contextid="0" timestamp="2019-07-07T05:37:38.403" intervalms="71.196" />
<gc-start id="632" type="partial gc" contextid="631" timestamp="2019-07-07T05:37:38.403">
  <mem-info id="633" free="26214400" total="96468992" percent="27">
    <mem type="eden" free="0" total="29360128" percent="0" />
    <arraylet-primitive objects="1" leaves="1" largest="1" />
    <remembered-set count="33408" freebytes="3717120" totalbytes="3850752" percent="96" regionsoverflowed="0" regionsstable="0" regionsrebuilding="0"/>
  </mem-info>
</gc-start>
<allocation-stats totalBytes="29331192" >
  <allocated-bytes non-tlh="0" tlh="29331192" arrayletleaf="0"/>
  <largest-consumer threadName="main" threadId="000000000202A700" bytes="14665440" />
</allocation-stats>
<gc-op id="634" type="copy forward" timems="13.899" contextid="631" timestamp="2019-07-07T05:37:38.418">
  <memory-copied type="eden" objects="59460" bytes="1445080" bytesdiscarded="16" />
  <memory-copied type="other" objects="62802" bytes="1643464" bytesdiscarded="344" />
  <memory-cardclean objects="12815" bytes="540752" />
  <regions eden="28" other="6" />
  <remembered-set-cleared processed="28656" cleared="7355" durationms="0.384" />
  <references type="soft" candidates="558" cleared="0" enqueued="0" dynamicThreshold="13" maxThreshold="32" />
  <references type="weak" candidates="1497" cleared="0" enqueued="0" />
  <references type="phantom" candidates="1" cleared="0" enqueued="0" />
  <stringconstants candidates="13307" cleared="0"  />
</gc-op>
<gc-op id="635" type="classunload" timems="0.006" contextid="631" timestamp="2019-07-07T05:37:38.418">
  <classunload-info classloadercandidates="55" classloadersunloaded="0" classesunloaded="0" anonymousclassesunloaded="0" quiescems="0.000" setupms="0.006" scanms="0.000" postms="0.000" />
</gc-op>
<gc-end id="636" type="partial gc" contextid="631" durationms="15.140" usertimems="16.000" systemtimems="0.000" timestamp="2019-07-07T05:37:38.418" activeThreads="1">
  <mem-info id="637" free="55574528" total="96468992" percent="57">
    <mem type="eden" free="652056" total="2097152" percent="31" />
    <arraylet-primitive objects="1" leaves="1" largest="1" />
    <remembered-set count="36672" freebytes="3704064" totalbytes="3850752" percent="96" regionsoverflowed="0" regionsstable="0" regionsrebuilding="0"/>
  </mem-info>
</gc-end>
<cycle-end id="638" type="partial gc" contextid="631" timestamp="2019-07-07T05:37:38.419" />
  <attribute name="elasticGC enabled" value="1" />
  <attribute name= "numThreadsSpecified" value="1" />
  <attribute name="heapSize specified" value="0" />
  <attribute name="Current GC Util" value="64" />
  <attribute name= "Current Time Running" value="9206" />
  <attribute name ="GC Interval" value="0" />
  <attribute name="ProportionalT" value="22.000000" />
  <attribute name="ProportionalI" value="22.000000" />
  <attribute name="ProportionalH" value="22.000000" />
  <attribute name="Current Error" value="44.000000" />
  <attribute name="IntegralT" value="0.000000" />
  <attribute name="IntegralI" value="0.000000" />
  <attribute name="IntegralH" value="0.000000" />
  <attribute name="DerivativeT" value="inf" />
  <attribute name="DerivativeI" value="inf" />
  <attribute name="DerivativeH" value="inf" />
  <attribute name="Loop Time for DT" value="0.000000" />
  <attribute name="Output H" value="8388608"/>
  <attribute name="Output I" value="200"/>
  <attribute name="Output T" value="1"/>
  <attribute name="Target GC Util Change" value ="20.000000" />
  <attribute name="Current GC Util Change" value="64.000000"/>
  <attribute name="GC Util currently" value="64" />
  <attribute name="CPU Util currently" value="17721440900079" />
<exclusive-end id="639" timestamp="2019-07-07T05:37:38.419" durationms="16.568" />

<exclusive-start id="640" timestamp="2019-07-07T05:37:38.450" intervalms="47.419">
  <response-info timems="0.093" idlems="0.093" threads="0" lastid="000000000202A700" lastname="main" />
</exclusive-start>
<allocation-taxation id="641" taxation-threshold="14680064" timestamp="2019-07-07T05:37:38.450" intervalms="47.408" />
<gc-start id="642" type="global mark phase" contextid="599" timestamp="2019-07-07T05:37:38.450">
  <mem-info id="643" free="40894464" total="96468992" percent="42">
    <remembered-set count="36320" freebytes="3705472" totalbytes="3850752" percent="96" regionsoverflowed="0" regionsstable="0" regionsrebuilding="0"/>
  </mem-info>
</gc-start>
<gc-end id="644" type="global mark phase" contextid="599" durationms="0.146" usertimems="0.000" systemtimems="0.000" timestamp="2019-07-07T05:37:38.450" activeThreads="1">
  <mem-info id="645" free="40894464" total="96468992" percent="42">
    <remembered-set count="36320" freebytes="3705472" totalbytes="3850752" percent="96" regionsoverflowed="0" regionsstable="0" regionsrebuilding="0"/>
  </mem-info>
</gc-end>
<concurrent-start id="646" type="GMP work packet processing" contextid="599" timestamp="2019-07-07T05:37:38.450">
  <concurrent-mark-start scanTarget="1048576" />
</concurrent-start>
<concurrent-end id="647" type="GMP work packet processing" contextid="599" timestamp="2019-07-07T05:37:38.451">
  <concurrent-mark-end bytesScanned="1128040" reasonForTermination="Work target met" />
</concurrent-end>

<exclusive-end id="648" timestamp="2019-07-07T05:37:38.451" durationms="1.688" />

<exclusive-start id="649" timestamp="2019-07-07T05:37:38.482" intervalms="32.661">
  <response-info timems="0.082" idlems="0.082" threads="0" lastid="000000000202A700" lastname="main" />
</exclusive-start>
<allocation-taxation id="650" taxation-threshold="14680064" timestamp="2019-07-07T05:37:38.483" intervalms="32.648" />
<cycle-start id="651" type="partial gc" contextid="0" timestamp="2019-07-07T05:37:38.483" intervalms="80.028" />
<gc-start id="652" type="partial gc" contextid="651" timestamp="2019-07-07T05:37:38.483">
  <mem-info id="653" free="26214400" total="96468992" percent="27">
    <mem type="eden" free="0" total="29360128" percent="0" />
    <arraylet-primitive objects="1" leaves="1" largest="1" />
    <remembered-set count="36320" freebytes="3705472" totalbytes="3850752" percent="96" regionsoverflowed="0" regionsstable="0" regionsrebuilding="0"/>
  </mem-info>
</gc-start>
<allocation-stats totalBytes="29330224" >
  <allocated-bytes non-tlh="262160" tlh="29068064" arrayletleaf="0"/>
  <largest-consumer threadName="main" threadId="000000000202A700" bytes="14665944" />
</allocation-stats>
<gc-op id="654" type="copy forward" timems="15.691" contextid="651" timestamp="2019-07-07T05:37:38.500">
  <memory-copied type="eden" objects="62574" bytes="1844384" bytesdiscarded="16" />
  <memory-copied type="other" objects="65779" bytes="1726088" bytesdiscarded="728" />
  <memory-cardclean objects="19321" bytes="754088" />
  <regions eden="28" other="5" />
  <remembered-set-cleared processed="31299" cleared="8391" durationms="0.413" />
  <finalization candidates="3" enqueued="0" />
  <references type="soft" candidates="863" cleared="0" enqueued="0" dynamicThreshold="13" maxThreshold="32" />
  <references type="weak" candidates="1787" cleared="0" enqueued="0" />
  <references type="phantom" candidates="2" cleared="0" enqueued="0" />
  <stringconstants candidates="13307" cleared="0"  />
</gc-op>
<gc-op id="655" type="classunload" timems="0.010" contextid="651" timestamp="2019-07-07T05:37:38.500">
  <classunload-info classloadercandidates="55" classloadersunloaded="0" classesunloaded="0" anonymousclassesunloaded="0" quiescems="0.000" setupms="0.009" scanms="0.000" postms="0.000" />
</gc-op>
<heap-resize id="656" type="expand" space="default" amount="8388608" count="1" timems="0.110" reason="excessive time being spent in gc" timestamp="2019-07-07T05:37:38.500" />
<gc-end id="657" type="partial gc" contextid="651" durationms="17.249" usertimems="36.000" systemtimems="0.000" timestamp="2019-07-07T05:37:38.500" activeThreads="1">
  <mem-info id="658" free="62914560" total="104857600" percent="60">
    <mem type="eden" free="252752" total="2097152" percent="12" />
    <arraylet-primitive objects="1" leaves="1" largest="1" />
    <remembered-set count="41696" freebytes="4018816" totalbytes="4185600" percent="96" regionsoverflowed="0" regionsstable="0" regionsrebuilding="0"/>
  </mem-info>
</gc-end>
<cycle-end id="659" type="partial gc" contextid="651" timestamp="2019-07-07T05:37:38.501" />
  <attribute name="elasticGC enabled" value="1" />
  <attribute name= "numThreadsSpecified" value="1" />
  <attribute name="heapSize specified" value="0" />
  <attribute name="Current GC Util" value="58" />
  <attribute name= "Current Time Running" value="9286" />
  <attribute name ="GC Interval" value="0" />
  <attribute name="ProportionalT" value="19.000000" />
  <attribute name="ProportionalI" value="19.000000" />
  <attribute name="ProportionalH" value="19.000000" />
  <attribute name="Current Error" value="38.000000" />
  <attribute name="IntegralT" value="0.000000" />
  <attribute name="IntegralI" value="0.000000" />
  <attribute name="IntegralH" value="0.000000" />
  <attribute name="DerivativeT" value="inf" />
  <attribute name="DerivativeI" value="inf" />
  <attribute name="DerivativeH" value="inf" />
  <attribute name="Loop Time for DT" value="0.000000" />
  <attribute name="Output H" value="8388608"/>
  <attribute name="Output I" value="200"/>
  <attribute name="Output T" value="1"/>
  <attribute name="Target GC Util Change" value ="20.000000" />
  <attribute name="Current GC Util Change" value="58.000000"/>
  <attribute name="GC Util currently" value="58" />
  <attribute name="CPU Util currently" value="18771720049011" />
<exclusive-end id="660" timestamp="2019-07-07T05:37:38.501" durationms="18.631" />

<exclusive-start id="661" timestamp="2019-07-07T05:37:38.535" intervalms="52.808">
  <response-info timems="0.058" idlems="0.058" threads="0" lastid="000000000202A700" lastname="main" />
</exclusive-start>
<allocation-taxation id="662" taxation-threshold="15728640" timestamp="2019-07-07T05:37:38.535" intervalms="52.832" />
<gc-start id="663" type="global mark phase" contextid="599" timestamp="2019-07-07T05:37:38.536">
  <mem-info id="664" free="47185920" total="104857600" percent="45">
    <remembered-set count="41632" freebytes="4019072" totalbytes="4185600" percent="96" regionsoverflowed="0" regionsstable="0" regionsrebuilding="0"/>
  </mem-info>
</gc-start>
<gc-end id="665" type="global mark phase" contextid="599" durationms="0.209" usertimems="0.000" systemtimems="0.000" timestamp="2019-07-07T05:37:38.536" activeThreads="1">
  <mem-info id="666" free="47185920" total="104857600" percent="45">
    <remembered-set count="41632" freebytes="4019072" totalbytes="4185600" percent="96" regionsoverflowed="0" regionsstable="0" regionsrebuilding="0"/>
  </mem-info>
</gc-end>
<concurrent-start id="667" type="GMP work packet processing" contextid="599" timestamp="2019-07-07T05:37:38.536">
  <concurrent-mark-start scanTarget="1048576" />
</concurrent-start>
<exclusive-end id="668" timestamp="2019-07-07T05:37:38.537" durationms="1.786" />

<concurrent-end id="669" type="GMP work packet processing" contextid="599" timestamp="2019-07-07T05:37:38.537">
  <concurrent-mark-end bytesScanned="1085132" reasonForTermination="Work target met" />
</concurrent-end>

<exclusive-start id="670" timestamp="2019-07-07T05:37:38.584" intervalms="49.081">
  <response-info timems="0.082" idlems="0.082" threads="0" lastid="000000000202A700" lastname="main" />
</exclusive-start>
<allocation-taxation id="671" taxation-threshold="15728640" timestamp="2019-07-07T05:37:38.584" intervalms="48.973" />
<cycle-start id="672" type="partial gc" contextid="0" timestamp="2019-07-07T05:37:38.585" intervalms="101.692" />
<gc-start id="673" type="partial gc" contextid="672" timestamp="2019-07-07T05:37:38.585">
  <mem-info id="674" free="31457280" total="104857600" percent="30">
    <mem type="eden" free="0" total="31457280" percent="0" />
    <arraylet-primitive objects="2" leaves="2" largest="1" />
    <remembered-set count="41632" freebytes="4019072" totalbytes="4185600" percent="96" regionsoverflowed="0" regionsstable="0" regionsrebuilding="0"/>
  </mem-info>
</gc-start>
<allocation-stats totalBytes="31433168" >
  <allocated-bytes non-tlh="760960" tlh="29623632" arrayletleaf="1048576"/>
  <largest-consumer threadName="main" threadId="000000000202A700" bytes="15720040" />
</allocation-stats>
<gc-op id="675" type="copy forward" timems="5.473" contextid="672" timestamp="2019-07-07T05:37:38.591">
  <memory-copied type="eden" objects="63103" bytes="1728308" bytesdiscarded="95128" />
  <memory-copied type="other" objects="65868" bytes="2233768" bytesdiscarded="95456" />
  <memory-cardclean objects="30453" bytes="1143056" />
  <regions eden="29" other="6" />
  <remembered-set-cleared processed="33738" cleared="10750" durationms="0.216" />
  <finalization candidates="1" enqueued="1" />
  <references type="soft" candidates="17" cleared="0" enqueued="0" dynamicThreshold="14" maxThreshold="32" />
  <references type="weak" candidates="248" cleared="0" enqueued="0" />
  <references type="phantom" candidates="3" cleared="0" enqueued="0" />
  <stringconstants candidates="13307" cleared="0"  />
</gc-op>
<gc-op id="676" type="classunload" timems="0.006" contextid="672" timestamp="2019-07-07T05:37:38.591">
  <classunload-info classloadercandidates="55" classloadersunloaded="0" classesunloaded="0" anonymousclassesunloaded="0" quiescems="0.000" setupms="0.006" scanms="0.000" postms="0.000" />
</gc-op>
<heap-resize id="677" type="expand" space="default" amount="3145728" count="1" timems="0.079" reason="excessive time being spent in gc" timestamp="2019-07-07T05:37:38.592" />
<gc-end id="678" type="partial gc" contextid="672" durationms="6.926" usertimems="12.000" systemtimems="4.000" timestamp="2019-07-07T05:37:38.592" activeThreads="4">
  <mem-info id="679" free="65011712" total="108003328" percent="60">
    <mem type="eden" free="273688" total="3145728" percent="8" />
    <arraylet-primitive objects="2" leaves="2" largest="1" />
    <pending-finalizers system="0" default="1" reference="0" classloader="0" />
    <remembered-set count="44896" freebytes="4131584" totalbytes="4311168" percent="95" regionsoverflowed="0" regionsstable="0" regionsrebuilding="0"/>
  </mem-info>
</gc-end>
<cycle-end id="680" type="partial gc" contextid="672" timestamp="2019-07-07T05:37:38.592" />
  <attribute name="elasticGC enabled" value="1" />
  <attribute name= "numThreadsSpecified" value="4" />
  <attribute name="heapSize specified" value="0" />
  <attribute name="Current GC Util" value="71" />
  <attribute name= "Current Time Running" value="9388" />
  <attribute name ="GC Interval" value="0" />
  <attribute name="ProportionalT" value="25.500000" />
  <attribute name="ProportionalI" value="25.500000" />
  <attribute name="ProportionalH" value="25.500000" />
  <attribute name="Current Error" value="51.000000" />
  <attribute name="IntegralT" value="25.500000" />
  <attribute name="IntegralI" value="25.500000" />
  <attribute name="IntegralH" value="25.500000" />
  <attribute name="DerivativeT" value="51.000000" />
  <attribute name="DerivativeI" value="51.000000" />
  <attribute name="DerivativeH" value="51.000000" />
  <attribute name="Loop Time for DT" value="1.000000" />
  <attribute name="Output H" value="8388608"/>
  <attribute name="Output I" value="200"/>
  <attribute name="Output T" value="4"/>
  <attribute name="Target GC Util Change" value ="20.000000" />
  <attribute name="Current GC Util Change" value="71.000000"/>
  <attribute name="GC Util currently" value="71" />
  <attribute name="CPU Util currently" value="17928467880146" />
<exclusive-end id="681" timestamp="2019-07-07T05:37:38.592" durationms="8.126" />

<exclusive-start id="682" timestamp="2019-07-07T05:37:38.648" intervalms="64.204">
  <response-info timems="0.088" idlems="0.088" threads="0" lastid="000000000202A700" lastname="main" />
</exclusive-start>
<allocation-taxation id="683" taxation-threshold="16777216" timestamp="2019-07-07T05:37:38.649" intervalms="64.321" />
<gc-start id="684" type="global mark phase" contextid="599" timestamp="2019-07-07T05:37:38.649">
  <mem-info id="685" free="48234496" total="108003328" percent="44">
    <remembered-set count="44672" freebytes="4132480" totalbytes="4311168" percent="95" regionsoverflowed="0" regionsstable="0" regionsrebuilding="0"/>
  </mem-info>
</gc-start>
<gc-end id="686" type="global mark phase" contextid="599" durationms="0.206" usertimems="4.000" systemtimems="0.000" timestamp="2019-07-07T05:37:38.649" activeThreads="4">
  <mem-info id="687" free="48234496" total="108003328" percent="44">
    <remembered-set count="44672" freebytes="4132480" totalbytes="4311168" percent="95" regionsoverflowed="0" regionsstable="0" regionsrebuilding="0"/>
  </mem-info>
</gc-end>
<concurrent-start id="688" type="GMP work packet processing" contextid="599" timestamp="2019-07-07T05:37:38.649">
  <concurrent-mark-start scanTarget="3301535" />
</concurrent-start>
<concurrent-end id="689" type="GMP work packet processing" contextid="599" timestamp="2019-07-07T05:37:38.651">
  <concurrent-mark-end bytesScanned="3353588" reasonForTermination="Work target met" />
</concurrent-end>

<exclusive-end id="690" timestamp="2019-07-07T05:37:38.651" durationms="2.680" />

<exclusive-start id="691" timestamp="2019-07-07T05:37:38.775" intervalms="126.822">
  <response-info timems="0.031" idlems="0.031" threads="0" lastid="000000000202A700" lastname="main" />
</exclusive-start>
<allocation-taxation id="692" taxation-threshold="16777216" timestamp="2019-07-07T05:37:38.775" intervalms="126.711" />
<cycle-start id="693" type="partial gc" contextid="0" timestamp="2019-07-07T05:37:38.776" intervalms="191.018" />
<gc-start id="694" type="partial gc" contextid="693" timestamp="2019-07-07T05:37:38.776">
  <mem-info id="695" free="31457280" total="108003328" percent="29">
    <mem type="eden" free="0" total="33554432" percent="0" />
    <arraylet-primitive objects="2" leaves="2" largest="1" />
    <remembered-set count="44672" freebytes="4132480" totalbytes="4311168" percent="95" regionsoverflowed="0" regionsstable="0" regionsrebuilding="0"/>
  </mem-info>
</gc-start>
<allocation-stats totalBytes="33551128" >
  <allocated-bytes non-tlh="214920" tlh="33336208" arrayletleaf="0"/>
  <largest-consumer threadName="main" threadId="000000000202A700" bytes="16775904" />
</allocation-stats>
<gc-op id="696" type="copy forward" timems="22.254" contextid="693" timestamp="2019-07-07T05:37:38.799">
  <memory-copied type="eden" objects="78899" bytes="1958248" bytesdiscarded="0" />
  <memory-copied type="other" objects="104949" bytes="3067560" bytesdiscarded="824" />
  <memory-cardclean objects="46317" bytes="1733696" />
  <regions eden="32" other="6" />
  <remembered-set-cleared processed="35020" cleared="17294" durationms="0.414" />
  <finalization candidates="10" enqueued="0" />
  <ownableSynchronizers candidates="3" cleared="0" />
  <references type="soft" candidates="2410" cleared="0" enqueued="0" dynamicThreshold="14" maxThreshold="32" />
  <references type="weak" candidates="1542" cleared="0" enqueued="0" />
  <references type="phantom" candidates="4" cleared="0" enqueued="0" />
  <stringconstants candidates="13766" cleared="5"  />
</gc-op>
<gc-op id="697" type="classunload" timems="0.008" contextid="693" timestamp="2019-07-07T05:37:38.799">
  <classunload-info classloadercandidates="55" classloadersunloaded="0" classesunloaded="0" anonymousclassesunloaded="0" quiescems="0.000" setupms="0.008" scanms="0.000" postms="0.000" />
</gc-op>
<gc-end id="698" type="partial gc" contextid="693" durationms="23.450" usertimems="24.000" systemtimems="0.000" timestamp="2019-07-07T05:37:38.799" activeThreads="1">
  <mem-info id="699" free="65011712" total="108003328" percent="60">
    <mem type="eden" free="138864" total="2097152" percent="6" />
    <arraylet-primitive objects="1" leaves="1" largest="1" />
    <remembered-set count="47136" freebytes="4122624" totalbytes="4311168" percent="95" regionsoverflowed="0" regionsstable="0" regionsrebuilding="0"/>
  </mem-info>
</gc-end>
<cycle-end id="700" type="partial gc" contextid="693" timestamp="2019-07-07T05:37:38.800" />
  <attribute name="elasticGC enabled" value="1" />
  <attribute name= "numThreadsSpecified" value="1" />
  <attribute name="heapSize specified" value="0" />
  <attribute name="Current GC Util" value="71" />
  <attribute name= "Current Time Running" value="9578" />
  <attribute name ="GC Interval" value="0" />
  <attribute name="ProportionalT" value="25.500000" />
  <attribute name="ProportionalI" value="25.500000" />
  <attribute name="ProportionalH" value="25.500000" />
  <attribute name="Current Error" value="51.000000" />
  <attribute name="IntegralT" value="0.000000" />
  <attribute name="IntegralI" value="0.000000" />
  <attribute name="IntegralH" value="0.000000" />
  <attribute name="DerivativeT" value="inf" />
  <attribute name="DerivativeI" value="inf" />
  <attribute name="DerivativeH" value="inf" />
  <attribute name="Loop Time for DT" value="0.000000" />
  <attribute name="Output H" value="8388608"/>
  <attribute name="Output I" value="200"/>
  <attribute name="Output T" value="1"/>
  <attribute name="Target GC Util Change" value ="20.000000" />
  <attribute name="Current GC Util Change" value="71.000000"/>
  <attribute name="GC Util currently" value="71" />
  <attribute name="CPU Util currently" value="19516811783741" />
<exclusive-end id="701" timestamp="2019-07-07T05:37:38.800" durationms="24.480" />

<exclusive-start id="702" timestamp="2019-07-07T05:37:38.869" intervalms="94.041">
  <response-info timems="0.241" idlems="0.241" threads="0" lastid="000000000202A700" lastname="main" />
</exclusive-start>
<allocation-taxation id="703" taxation-threshold="16777216" timestamp="2019-07-07T05:37:38.870" intervalms="94.112" />
<gc-start id="704" type="global mark phase" contextid="599" timestamp="2019-07-07T05:37:38.870">
  <mem-info id="705" free="48234496" total="108003328" percent="44">
    <remembered-set count="46720" freebytes="4124288" totalbytes="4311168" percent="95" regionsoverflowed="0" regionsstable="0" regionsrebuilding="0"/>
  </mem-info>
</gc-start>
<gc-end id="706" type="global mark phase" contextid="599" durationms="0.204" usertimems="0.000" systemtimems="0.000" timestamp="2019-07-07T05:37:38.870" activeThreads="1">
  <mem-info id="707" free="48234496" total="108003328" percent="44">
    <remembered-set count="46720" freebytes="4124288" totalbytes="4311168" percent="95" regionsoverflowed="0" regionsstable="0" regionsrebuilding="0"/>
  </mem-info>
</gc-end>
<concurrent-start id="708" type="GMP work packet processing" contextid="599" timestamp="2019-07-07T05:37:38.870">
  <concurrent-mark-start scanTarget="1238075" />
</concurrent-start>
<exclusive-end id="709" timestamp="2019-07-07T05:37:38.871" durationms="1.927" />

<concurrent-end id="710" type="GMP work packet processing" contextid="599" timestamp="2019-07-07T05:37:38.871">
  <concurrent-mark-end bytesScanned="1279912" reasonForTermination="Work target met" />
</concurrent-end>

<exclusive-start id="711" timestamp="2019-07-07T05:37:39.029" intervalms="159.326">
  <response-info timems="0.753" idlems="0.404" threads="1" lastid="000000000202E300" lastname="JIT Compilation Thread-0" />
</exclusive-start>
<allocation-taxation id="712" taxation-threshold="16777216" timestamp="2019-07-07T05:37:39.029" intervalms="159.389" />
<cycle-start id="713" type="partial gc" contextid="0" timestamp="2019-07-07T05:37:39.029" intervalms="253.633" />
<gc-start id="714" type="partial gc" contextid="713" timestamp="2019-07-07T05:37:39.030">
  <mem-info id="715" free="31457280" total="108003328" percent="29">
    <mem type="eden" free="0" total="33554432" percent="0" />
    <arraylet-primitive objects="1" leaves="1" largest="1" />
    <remembered-set count="46720" freebytes="4124288" totalbytes="4311168" percent="95" regionsoverflowed="0" regionsstable="0" regionsrebuilding="0"/>
  </mem-info>
</gc-start>
<allocation-stats totalBytes="33551816" >
  <allocated-bytes non-tlh="0" tlh="33551816" arrayletleaf="0"/>
  <largest-consumer threadName="main" threadId="000000000202A700" bytes="16775232" />
</allocation-stats>
<gc-op id="716" type="copy forward" timems="11.824" contextid="713" timestamp="2019-07-07T05:37:39.042">
  <memory-copied type="eden" objects="26" bytes="816" bytesdiscarded="0" />
  <memory-copied type="other" objects="124817" bytes="3192576" bytesdiscarded="264" />
  <memory-cardclean objects="9711" bytes="425800" />
  <regions eden="32" other="6" />
  <remembered-set-cleared processed="40107" cleared="8790" durationms="0.440" />
  <references type="soft" candidates="2449" cleared="0" enqueued="0" dynamicThreshold="14" maxThreshold="32" />
  <references type="weak" candidates="1636" cleared="0" enqueued="0" />
  <references type="phantom" candidates="4" cleared="0" enqueued="0" />
  <stringconstants candidates="13761" cleared="0"  />
</gc-op>
<gc-op id="717" type="classunload" timems="0.005" contextid="713" timestamp="2019-07-07T05:37:39.042">
  <classunload-info classloadercandidates="55" classloadersunloaded="0" classesunloaded="0" anonymousclassesunloaded="0" quiescems="0.000" setupms="0.005" scanms="0.000" postms="0.000" />
</gc-op>
<gc-end id="718" type="partial gc" contextid="713" durationms="13.119" usertimems="12.000" systemtimems="0.000" timestamp="2019-07-07T05:37:39.043" activeThreads="1">
  <mem-info id="719" free="65011712" total="108003328" percent="60">
    <mem type="eden" free="1047760" total="1048576" percent="99" />
    <arraylet-primitive objects="1" leaves="1" largest="1" />
    <remembered-set count="46688" freebytes="4124416" totalbytes="4311168" percent="95" regionsoverflowed="0" regionsstable="0" regionsrebuilding="0"/>
  </mem-info>
</gc-end>
<cycle-end id="720" type="partial gc" contextid="713" timestamp="2019-07-07T05:37:39.043" />
  <attribute name="elasticGC enabled" value="1" />
  <attribute name= "numThreadsSpecified" value="1" />
  <attribute name="heapSize specified" value="0" />
  <attribute name="Current GC Util" value="69" />
  <attribute name= "Current Time Running" value="9832" />
  <attribute name ="GC Interval" value="0" />
  <attribute name="ProportionalT" value="24.500000" />
  <attribute name="ProportionalI" value="24.500000" />
  <attribute name="ProportionalH" value="24.500000" />
  <attribute name="Current Error" value="49.000000" />
  <attribute name="IntegralT" value="0.000000" />
  <attribute name="IntegralI" value="0.000000" />
  <attribute name="IntegralH" value="0.000000" />
  <attribute name="DerivativeT" value="inf" />
  <attribute name="DerivativeI" value="inf" />
  <attribute name="DerivativeH" value="inf" />
  <attribute name="Loop Time for DT" value="0.000000" />
  <attribute name="Output H" value="8388608"/>
  <attribute name="Output I" value="200"/>
  <attribute name="Output T" value="1"/>
  <attribute name="Target GC Util Change" value ="20.000000" />
  <attribute name="Current GC Util Change" value="69.000000"/>
  <attribute name="GC Util currently" value="69" />
  <attribute name="CPU Util currently" value="16059527396269" />
<exclusive-end id="721" timestamp="2019-07-07T05:37:39.043" durationms="14.574" />

<exclusive-start id="722" timestamp="2019-07-07T05:37:39.638" intervalms="609.529">
  <response-info timems="0.126" idlems="0.126" threads="0" lastid="000000000202A700" lastname="main" />
</exclusive-start>
<allocation-taxation id="723" taxation-threshold="16777216" timestamp="2019-07-07T05:37:39.638" intervalms="609.544" />
<gc-start id="724" type="global mark phase" contextid="599" timestamp="2019-07-07T05:37:39.639">
  <mem-info id="725" free="48234496" total="108003328" percent="44">
    <remembered-set count="46528" freebytes="4125056" totalbytes="4311168" percent="95" regionsoverflowed="0" regionsstable="0" regionsrebuilding="0"/>
  </mem-info>
</gc-start>
<gc-end id="726" type="global mark phase" contextid="599" durationms="0.159" usertimems="0.000" systemtimems="0.000" timestamp="2019-07-07T05:37:39.639" activeThreads="1">
  <mem-info id="727" free="48234496" total="108003328" percent="44">
    <remembered-set count="46528" freebytes="4125056" totalbytes="4311168" percent="95" regionsoverflowed="0" regionsstable="0" regionsrebuilding="0"/>
  </mem-info>
</gc-end>
<concurrent-start id="728" type="GMP work packet processing" contextid="599" timestamp="2019-07-07T05:37:39.639">
  <concurrent-mark-start scanTarget="1238075" />
</concurrent-start>
<exclusive-end id="729" timestamp="2019-07-07T05:37:39.640" durationms="1.716" />

<concurrent-end id="730" type="GMP work packet processing" contextid="599" timestamp="2019-07-07T05:37:39.640">
  <concurrent-mark-end bytesScanned="864748" reasonForTermination="Completed all work in GC phase" />
</concurrent-end>

<exclusive-start id="731" timestamp="2019-07-07T05:37:40.736" intervalms="1097.641">
  <response-info timems="0.068" idlems="0.068" threads="0" lastid="000000000202A700" lastname="main" />
</exclusive-start>
<allocation-taxation id="732" taxation-threshold="16777216" timestamp="2019-07-07T05:37:40.736" intervalms="1097.560" />
<cycle-start id="733" type="partial gc" contextid="0" timestamp="2019-07-07T05:37:40.737" intervalms="1707.697" />
<gc-start id="734" type="partial gc" contextid="733" timestamp="2019-07-07T05:37:40.737">
  <mem-info id="735" free="31457280" total="108003328" percent="29">
    <mem type="eden" free="0" total="33554432" percent="0" />
    <arraylet-primitive objects="1" leaves="1" largest="1" />
    <remembered-set count="46528" freebytes="4125056" totalbytes="4311168" percent="95" regionsoverflowed="0" regionsstable="0" regionsrebuilding="0"/>
  </mem-info>
</gc-start>
<allocation-stats totalBytes="33497064" >
  <allocated-bytes non-tlh="64" tlh="33497000" arrayletleaf="0"/>
  <largest-consumer threadName="main" threadId="000000000202A700" bytes="16722288" />
</allocation-stats>
<gc-op id="736" type="copy forward" timems="4.963" contextid="733" timestamp="2019-07-07T05:37:40.743">
  <memory-copied type="eden" objects="84" bytes="3272" bytesdiscarded="0" />
  <memory-copied type="other" objects="24020" bytes="816168" bytesdiscarded="800" />
  <memory-cardclean objects="9570" bytes="412472" />
  <regions eden="32" other="4" />
  <remembered-set-cleared processed="40566" cleared="4151" durationms="0.483" />
  <references type="soft" candidates="419" cleared="0" enqueued="0" dynamicThreshold="14" maxThreshold="32" />
  <references type="weak" candidates="1976" cleared="0" enqueued="0" />
  <references type="phantom" candidates="4" cleared="0" enqueued="0" />
  <stringconstants candidates="13762" cleared="0"  />
</gc-op>
<gc-op id="737" type="classunload" timems="0.004" contextid="733" timestamp="2019-07-07T05:37:40.743">
  <classunload-info classloadercandidates="55" classloadersunloaded="0" classesunloaded="0" anonymousclassesunloaded="0" quiescems="0.000" setupms="0.004" scanms="0.000" postms="0.000" />
</gc-op>
<gc-end id="738" type="partial gc" contextid="733" durationms="6.152" usertimems="0.000" systemtimems="4.000" timestamp="2019-07-07T05:37:40.743" activeThreads="1">
  <mem-info id="739" free="65011712" total="108003328" percent="60">
    <mem type="eden" free="1045304" total="1048576" percent="99" />
    <arraylet-primitive objects="1" leaves="1" largest="1" />
    <remembered-set count="47040" freebytes="4123008" totalbytes="4311168" percent="95" regionsoverflowed="0" regionsstable="0" regionsrebuilding="0"/>
  </mem-info>
</gc-end>
<cycle-end id="740" type="partial gc" contextid="733" timestamp="2019-07-07T05:37:40.744" />
  <attribute name="elasticGC enabled" value="1" />
  <attribute name= "numThreadsSpecified" value="1" />
  <attribute name="heapSize specified" value="0" />
  <attribute name="Current GC Util" value="65" />
  <attribute name= "Current Time Running" value="11540" />
  <attribute name ="GC Interval" value="0" />
  <attribute name="ProportionalT" value="22.500000" />
  <attribute name="ProportionalI" value="22.500000" />
  <attribute name="ProportionalH" value="22.500000" />
  <attribute name="Current Error" value="45.000000" />
  <attribute name="IntegralT" value="0.000000" />
  <attribute name="IntegralI" value="0.000000" />
  <attribute name="IntegralH" value="0.000000" />
  <attribute name="DerivativeT" value="inf" />
  <attribute name="DerivativeI" value="inf" />
  <attribute name="DerivativeH" value="inf" />
  <attribute name="Loop Time for DT" value="0.000000" />
  <attribute name="Output H" value="8388608"/>
  <attribute name="Output I" value="200"/>
  <attribute name="Output T" value="1"/>
  <attribute name="Target GC Util Change" value ="20.000000" />
  <attribute name="Current GC Util Change" value="65.000000"/>
  <attribute name="GC Util currently" value="65" />
  <attribute name="CPU Util currently" value="14554562830959" />
<exclusive-end id="741" timestamp="2019-07-07T05:37:40.744" durationms="8.059" />

<exclusive-start id="742" timestamp="2019-07-07T05:37:40.758" intervalms="21.698">
  <response-info timems="0.064" idlems="0.064" threads="0" lastid="000000000202A700" lastname="main" />
</exclusive-start>
<allocation-taxation id="743" taxation-threshold="16777216" timestamp="2019-07-07T05:37:40.758" intervalms="21.653" />
<gc-start id="744" type="global mark phase" contextid="599" timestamp="2019-07-07T05:37:40.758">
  <mem-info id="745" free="48234496" total="108003328" percent="44">
    <remembered-set count="46720" freebytes="4124288" totalbytes="4311168" percent="95" regionsoverflowed="0" regionsstable="0" regionsrebuilding="0"/>
  </mem-info>
</gc-start>
<gc-op id="746" type="mark increment" timems="4.659" contextid="599" timestamp="2019-07-07T05:37:40.763">
  <trace-info objectcount="111809" scancount="108416" scanbytes="2967736" />
  <cardclean-info objects="120655" bytes="3506596" />
  <finalization candidates="81" enqueued="0" />
  <ownableSynchronizers candidates="22" cleared="0" />
  <references type="soft" candidates="4855" cleared="0" enqueued="0" dynamicThreshold="19" maxThreshold="32" />
  <references type="weak" candidates="5591" cleared="4" enqueued="3" />
  <references type="phantom" candidates="102" cleared="0" enqueued="0" />
  <stringconstants candidates="13762" cleared="0"  />
</gc-op>
<gc-op id="747" type="classunload" timems="0.006" contextid="599" timestamp="2019-07-07T05:37:40.763">
  <classunload-info classloadercandidates="55" classloadersunloaded="0" classesunloaded="0" anonymousclassesunloaded="0" quiescems="0.000" setupms="0.006" scanms="0.000" postms="0.000" />
</gc-op>
<gc-end id="748" type="global mark phase" contextid="599" durationms="5.039" usertimems="12.000" systemtimems="0.000" timestamp="2019-07-07T05:37:40.763" activeThreads="4">
  <mem-info id="749" free="48234496" total="108003328" percent="44">
    <pending-finalizers system="0" default="0" reference="3" classloader="0" />
    <remembered-set count="46720" freebytes="4124288" totalbytes="4311168" percent="95" regionsoverflowed="0" regionsstable="0" regionsrebuilding="0"/>
  </mem-info>
</gc-end>
<cycle-end id="750" type="global mark phase" contextid="599" timestamp="2019-07-07T05:37:40.763" />
  <attribute name="elasticGC enabled" value="1" />
  <attribute name= "numThreadsSpecified" value="4" />
  <attribute name="heapSize specified" value="0" />
  <attribute name="Current GC Util" value="229" />
  <attribute name= "Current Time Running" value="11563" />
  <attribute name ="GC Interval" value="0" />
  <attribute name="ProportionalT" value="104.500000" />
  <attribute name="ProportionalI" value="104.500000" />
  <attribute name="ProportionalH" value="104.500000" />
  <attribute name="Current Error" value="209.000000" />
  <attribute name="IntegralT" value="104.500000" />
  <attribute name="IntegralI" value="104.500000" />
  <attribute name="IntegralH" value="104.500000" />
  <attribute name="DerivativeT" value="-2.000000" />
  <attribute name="DerivativeI" value="-2.000000" />
  <attribute name="DerivativeH" value="-2.000000" />
  <attribute name="Loop Time for DT" value="1.000000" />
  <attribute name="Output H" value="8388608"/>
  <attribute name="Output I" value="208"/>
  <attribute name="Output T" value="4"/>
  <attribute name="Target GC Util Change" value ="20.000000" />
  <attribute name="Current GC Util Change" value="229.000000"/>
  <attribute name="GC Util currently" value="229" />
  <attribute name="CPU Util currently" value="3464375059496" />
<exclusive-end id="751" timestamp="2019-07-07T05:37:40.763" durationms="5.655" />

<exclusive-start id="752" timestamp="2019-07-07T05:37:40.777" intervalms="19.312">
  <response-info timems="0.069" idlems="0.069" threads="0" lastid="000000000202A700" lastname="main" />
</exclusive-start>
<allocation-taxation id="753" taxation-threshold="16777216" timestamp="2019-07-07T05:37:40.777" intervalms="19.319" />
<cycle-start id="754" type="partial gc" contextid="0" timestamp="2019-07-07T05:37:40.777" intervalms="40.283" />
<gc-start id="755" type="partial gc" contextid="754" timestamp="2019-07-07T05:37:40.777">
  <mem-info id="756" free="31457280" total="108003328" percent="29">
    <mem type="eden" free="0" total="33554432" percent="0" />
    <arraylet-primitive objects="1" leaves="1" largest="1" />
    <remembered-set count="46720" freebytes="4124288" totalbytes="4311168" percent="95" regionsoverflowed="0" regionsstable="0" regionsrebuilding="0"/>
  </mem-info>
</gc-start>
<allocation-stats totalBytes="33429088" >
  <allocated-bytes non-tlh="0" tlh="33429088" arrayletleaf="0"/>
  <largest-consumer threadName="main" threadId="000000000202A700" bytes="16715776" />
</allocation-stats>
<gc-op id="757" type="sweep" timems="0.692" contextid="754" timestamp="2019-07-07T05:37:40.779" />
<gc-op id="758" type="copy forward" timems="2.119" contextid="754" timestamp="2019-07-07T05:37:40.781">
  <memory-copied type="eden" objects="1" bytes="32" bytesdiscarded="0" />
  <memory-copied type="other" objects="6464" bytes="504992" bytesdiscarded="559416" />
  <memory-cardclean objects="4221" bytes="208144" />
  <regions eden="16" other="4" />
  <remembered-set-cleared processed="41025" cleared="2269" durationms="0.178" />
  <finalization candidates="5" enqueued="0" />
  <ownableSynchronizers candidates="2" cleared="0" />
  <references type="soft" candidates="159" cleared="0" enqueued="0" dynamicThreshold="14" maxThreshold="32" />
  <references type="weak" candidates="303" cleared="0" enqueued="0" />
  <references type="phantom" candidates="2" cleared="0" enqueued="0" />
  <stringconstants candidates="13762" cleared="0"  />
</gc-op>
<gc-op id="759" type="classunload" timems="0.004" contextid="754" timestamp="2019-07-07T05:37:40.781">
  <classunload-info classloadercandidates="55" classloadersunloaded="0" classesunloaded="0" anonymousclassesunloaded="0" quiescems="0.000" setupms="0.004" scanms="0.000" postms="0.000" />
</gc-op>
<heap-resize id="760" type="contract" space="default" amount="6291456" count="1" timems="0.110" reason="insufficient time being spent in gc" timestamp="2019-07-07T05:37:40.782" />
<gc-end id="761" type="partial gc" contextid="754" durationms="4.155" usertimems="12.000" systemtimems="0.000" timestamp="2019-07-07T05:37:40.782" activeThreads="4">
  <mem-info id="762" free="56623104" total="101711872" percent="55">
    <mem type="eden" free="1048544" total="1048576" percent="99" />
    <arraylet-primitive objects="1" leaves="1" largest="1" />
    <remembered-set count="45536" freebytes="4129024" totalbytes="4311168" percent="95" regionsoverflowed="0" regionsstable="0" regionsrebuilding="0"/>
  </mem-info>
</gc-end>
<cycle-end id="763" type="partial gc" contextid="754" timestamp="2019-07-07T05:37:40.782" />
  <attribute name="elasticGC enabled" value="1" />
  <attribute name= "numThreadsSpecified" value="4" />
  <attribute name="heapSize specified" value="0" />
  <attribute name="Current GC Util" value="60" />
  <attribute name= "Current Time Running" value="11581" />
  <attribute name ="GC Interval" value="0" />
  <attribute name="ProportionalT" value="20.000000" />
  <attribute name="ProportionalI" value="20.000000" />
  <attribute name="ProportionalH" value="20.000000" />
  <attribute name="Current Error" value="40.000000" />
  <attribute name="IntegralT" value="0.000000" />
  <attribute name="IntegralI" value="0.000000" />
  <attribute name="IntegralH" value="0.000000" />
  <attribute name="DerivativeT" value="-inf" />
  <attribute name="DerivativeI" value="-inf" />
  <attribute name="DerivativeH" value="-inf" />
  <attribute name="Loop Time for DT" value="0.000000" />
  <attribute name="Output H" value="2091843584"/>
  <attribute name="Output I" value="200"/>
  <attribute name="Output T" value="4"/>
  <attribute name="Target GC Util Change" value ="20.000000" />
  <attribute name="Current GC Util Change" value="60.000000"/>
  <attribute name="GC Util currently" value="60" />
  <attribute name="CPU Util currently" value="22788950684678" />
<exclusive-end id="764" timestamp="2019-07-07T05:37:40.782" durationms="5.163" />

<exclusive-start id="765" timestamp="2019-07-07T05:37:40.807" intervalms="30.132">
  <response-info timems="0.060" idlems="0.060" threads="0" lastid="000000000202A700" lastname="main" />
</exclusive-start>
<allocation-taxation id="766" taxation-threshold="31457280" timestamp="2019-07-07T05:37:40.807" intervalms="30.141" />
<cycle-start id="767" type="partial gc" contextid="0" timestamp="2019-07-07T05:37:40.807" intervalms="30.196" />
<gc-start id="768" type="partial gc" contextid="767" timestamp="2019-07-07T05:37:40.808">
  <mem-info id="769" free="25165824" total="101711872" percent="24">
    <mem type="eden" free="1048544" total="32505856" percent="3" />
    <arraylet-primitive objects="1" leaves="1" largest="1" />
    <remembered-set count="39520" freebytes="4153088" totalbytes="4311168" percent="96" regionsoverflowed="0" regionsstable="2" regionsrebuilding="0"/>
  </mem-info>
</gc-start>
<allocation-stats totalBytes="31348976" >
  <allocated-bytes non-tlh="0" tlh="31348976" arrayletleaf="0"/>
  <largest-consumer threadName="main" threadId="000000000202A700" bytes="31348976" />
</allocation-stats>
<gc-op id="770" type="copy forward" timems="3.845" contextid="767" timestamp="2019-07-07T05:37:40.812">
  <memory-copied type="eden" objects="2" bytes="56" bytesdiscarded="0" />
  <memory-copied type="other" objects="5931" bytes="226128" bytesdiscarded="40" />
  <memory-cardclean objects="21081" bytes="931040" />
  <regions eden="30" other="5" />
  <remembered-set-cleared processed="33786" cleared="3056" durationms="0.400" />
  <references type="soft" candidates="119" cleared="0" enqueued="0" dynamicThreshold="17" maxThreshold="32" />
  <references type="weak" candidates="230" cleared="0" enqueued="0" />
  <stringconstants candidates="13762" cleared="0"  />
</gc-op>
<gc-op id="771" type="classunload" timems="0.004" contextid="767" timestamp="2019-07-07T05:37:40.812">
  <classunload-info classloadercandidates="55" classloadersunloaded="0" classesunloaded="0" anonymousclassesunloaded="0" quiescems="0.000" setupms="0.004" scanms="0.000" postms="0.000" />
</gc-op>
<heap-resize id="772" type="expand" space="default" amount="6291456" count="1" timems="0.056" reason="excessive time being spent in gc" timestamp="2019-07-07T05:37:40.813" />
<gc-end id="773" type="partial gc" contextid="767" durationms="5.344" usertimems="12.000" systemtimems="0.000" timestamp="2019-07-07T05:37:40.813" activeThreads="1">
  <mem-info id="774" free="65011712" total="108003328" percent="60">
    <mem type="eden" free="1048520" total="1048576" percent="99" />
    <arraylet-primitive objects="1" leaves="1" largest="1" />
    <remembered-set count="37376" freebytes="4161664" totalbytes="4311168" percent="96" regionsoverflowed="0" regionsstable="2" regionsrebuilding="0"/>
  </mem-info>
</gc-end>
<cycle-end id="775" type="partial gc" contextid="767" timestamp="2019-07-07T05:37:40.813" />
  <attribute name="elasticGC enabled" value="1" />
  <attribute name= "numThreadsSpecified" value="1" />
  <attribute name="heapSize specified" value="0" />
  <attribute name="Current GC Util" value="38" />
  <attribute name= "Current Time Running" value="11610" />
  <attribute name ="GC Interval" value="0" />
  <attribute name="ProportionalT" value="9.000000" />
  <attribute name="ProportionalI" value="9.000000" />
  <attribute name="ProportionalH" value="9.000000" />
  <attribute name="Current Error" value="18.000000" />
  <attribute name="IntegralT" value="0.000000" />
  <attribute name="IntegralI" value="0.000000" />
  <attribute name="IntegralH" value="0.000000" />
  <attribute name="DerivativeT" value="inf" />
  <attribute name="DerivativeI" value="inf" />
  <attribute name="DerivativeH" value="inf" />
  <attribute name="Loop Time for DT" value="0.000000" />
  <attribute name="Output H" value="8388608"/>
  <attribute name="Output I" value="200"/>
  <attribute name="Output T" value="1"/>
  <attribute name="Target GC Util Change" value ="20.000000" />
  <attribute name="Current GC Util Change" value="38.000000"/>
  <attribute name="GC Util currently" value="38" />
  <attribute name="CPU Util currently" value="8292102556369" />
<exclusive-end id="776" timestamp="2019-07-07T05:37:40.813" durationms="6.466" />

<exclusive-start id="777" timestamp="2019-07-07T05:37:40.836" intervalms="28.939">
  <response-info timems="0.128" idlems="0.128" threads="0" lastid="000000000202A700" lastname="main" />
</exclusive-start>
<allocation-taxation id="778" taxation-threshold="33554432" timestamp="2019-07-07T05:37:40.836" intervalms="28.974" />
<cycle-start id="779" type="partial gc" contextid="0" timestamp="2019-07-07T05:37:40.836" intervalms="28.967" />
<gc-start id="780" type="partial gc" contextid="779" timestamp="2019-07-07T05:37:40.837">
  <mem-info id="781" free="31457280" total="108003328" percent="29">
    <mem type="eden" free="1048520" total="34603008" percent="3" />
    <arraylet-primitive objects="1" leaves="1" largest="1" />
    <remembered-set count="36960" freebytes="4163328" totalbytes="4311168" percent="96" regionsoverflowed="0" regionsstable="2" regionsrebuilding="0"/>
  </mem-info>
</gc-start>
<allocation-stats totalBytes="33442120" >
  <allocated-bytes non-tlh="0" tlh="33442120" arrayletleaf="0"/>
  <largest-consumer threadName="main" threadId="000000000202A700" bytes="33442120" />
</allocation-stats>
<gc-op id="782" type="copy forward" timems="2.841" contextid="779" timestamp="2019-07-07T05:37:40.840">
  <memory-copied type="eden" objects="2" bytes="56" bytesdiscarded="0" />
  <memory-copied type="other" objects="11189" bytes="408032" bytesdiscarded="272" />
  <memory-cardclean objects="3185" bytes="103992" />
  <regions eden="32" other="5" />
  <remembered-set-cleared processed="35091" cleared="1125" durationms="0.392" />
  <references type="soft" candidates="58" cleared="0" enqueued="0" dynamicThreshold="19" maxThreshold="32" />
  <references type="weak" candidates="231" cleared="0" enqueued="0" />
  <stringconstants candidates="13762" cleared="0"  />
</gc-op>
<gc-op id="783" type="classunload" timems="0.004" contextid="779" timestamp="2019-07-07T05:37:40.841">
  <classunload-info classloadercandidates="55" classloadersunloaded="0" classesunloaded="0" anonymousclassesunloaded="0" quiescems="0.000" setupms="0.004" scanms="0.000" postms="0.000" />
</gc-op>
<gc-end id="784" type="partial gc" contextid="779" durationms="4.113" usertimems="8.000" systemtimems="0.000" timestamp="2019-07-07T05:37:40.841" activeThreads="1">
  <mem-info id="785" free="67108864" total="108003328" percent="62">
    <mem type="eden" free="1048520" total="1048576" percent="99" />
    <arraylet-primitive objects="1" leaves="1" largest="1" />
    <remembered-set count="36928" freebytes="4163456" totalbytes="4311168" percent="96" regionsoverflowed="0" regionsstable="2" regionsrebuilding="0"/>
  </mem-info>
</gc-end>
<cycle-end id="786" type="partial gc" contextid="779" timestamp="2019-07-07T05:37:40.841" />
  <attribute name="elasticGC enabled" value="1" />
  <attribute name= "numThreadsSpecified" value="1" />
  <attribute name="heapSize specified" value="0" />
  <attribute name="Current GC Util" value="76" />
  <attribute name= "Current Time Running" value="11639" />
  <attribute name ="GC Interval" value="0" />
  <attribute name="ProportionalT" value="28.000000" />
  <attribute name="ProportionalI" value="28.000000" />
  <attribute name="ProportionalH" value="28.000000" />
  <attribute name="Current Error" value="56.000000" />
  <attribute name="IntegralT" value="0.000000" />
  <attribute name="IntegralI" value="0.000000" />
  <attribute name="IntegralH" value="0.000000" />
  <attribute name="DerivativeT" value="inf" />
  <attribute name="DerivativeI" value="inf" />
  <attribute name="DerivativeH" value="inf" />
  <attribute name="Loop Time for DT" value="0.000000" />
  <attribute name="Output H" value="8388608"/>
  <attribute name="Output I" value="200"/>
  <attribute name="Output T" value="1"/>
  <attribute name="Target GC Util Change" value ="20.000000" />
  <attribute name="Current GC Util Change" value="76.000000"/>
  <attribute name="GC Util currently" value="76" />
  <attribute name="CPU Util currently" value="15232553393534" />
<exclusive-end id="787" timestamp="2019-07-07T05:37:40.841" durationms="5.294" />

<exclusive-start id="788" timestamp="2019-07-07T05:37:40.863" intervalms="27.102">
  <response-info timems="0.070" idlems="0.070" threads="0" lastid="000000000202A700" lastname="main" />
</exclusive-start>
<allocation-taxation id="789" taxation-threshold="33554432" timestamp="2019-07-07T05:37:40.863" intervalms="27.113" />
<cycle-start id="790" type="partial gc" contextid="0" timestamp="2019-07-07T05:37:40.863" intervalms="27.140" />
<gc-start id="791" type="partial gc" contextid="790" timestamp="2019-07-07T05:37:40.864">
  <mem-info id="792" free="33554432" total="108003328" percent="31">
    <mem type="eden" free="1048520" total="34603008" percent="3" />
    <arraylet-primitive objects="1" leaves="1" largest="1" />
    <remembered-set count="36672" freebytes="4164480" totalbytes="4311168" percent="96" regionsoverflowed="0" regionsstable="2" regionsrebuilding="0"/>
  </mem-info>
</gc-start>
<allocation-stats totalBytes="33442096" >
  <allocated-bytes non-tlh="0" tlh="33442096" arrayletleaf="0"/>
  <largest-consumer threadName="main" threadId="000000000202A700" bytes="33442096" />
</allocation-stats>
<gc-op id="793" type="copy forward" timems="3.595" contextid="790" timestamp="2019-07-07T05:37:40.868">
  <memory-copied type="eden" objects="2" bytes="56" bytesdiscarded="0" />
  <memory-copied type="other" objects="8480" bytes="576360" bytesdiscarded="376" />
  <memory-cardclean objects="6078" bytes="396600" />
  <regions eden="32" other="5" />
  <remembered-set-cleared processed="34507" cleared="2318" durationms="0.383" />
  <finalization candidates="5" enqueued="0" />
  <ownableSynchronizers candidates="2" cleared="0" />
  <references type="soft" candidates="185" cleared="0" enqueued="0" dynamicThreshold="19" maxThreshold="32" />
  <references type="weak" candidates="406" cleared="0" enqueued="0" />
  <references type="phantom" candidates="2" cleared="0" enqueued="0" />
  <stringconstants candidates="13762" cleared="0"  />
</gc-op>
<gc-op id="794" type="classunload" timems="0.004" contextid="790" timestamp="2019-07-07T05:37:40.868">
  <classunload-info classloadercandidates="55" classloadersunloaded="0" classesunloaded="0" anonymousclassesunloaded="0" quiescems="0.000" setupms="0.003" scanms="0.000" postms="0.000" />
</gc-op>
<gc-end id="795" type="partial gc" contextid="790" durationms="4.930" usertimems="4.000" systemtimems="0.000" timestamp="2019-07-07T05:37:40.869" activeThreads="1">
  <mem-info id="796" free="68157440" total="108003328" percent="63">
    <mem type="eden" free="1048520" total="1048576" percent="99" />
    <arraylet-primitive objects="1" leaves="1" largest="1" />
    <remembered-set count="36480" freebytes="4165248" totalbytes="4311168" percent="96" regionsoverflowed="0" regionsstable="2" regionsrebuilding="0"/>
  </mem-info>
</gc-end>
<cycle-end id="797" type="partial gc" contextid="790" timestamp="2019-07-07T05:37:40.869" />
  <attribute name="elasticGC enabled" value="1" />
  <attribute name= "numThreadsSpecified" value="1" />
  <attribute name="heapSize specified" value="0" />
  <attribute name="Current GC Util" value="75" />
  <attribute name= "Current Time Running" value="11666" />
  <attribute name ="GC Interval" value="0" />
  <attribute name="ProportionalT" value="27.500000" />
  <attribute name="ProportionalI" value="27.500000" />
  <attribute name="ProportionalH" value="27.500000" />
  <attribute name="Current Error" value="55.000000" />
  <attribute name="IntegralT" value="0.000000" />
  <attribute name="IntegralI" value="0.000000" />
  <attribute name="IntegralH" value="0.000000" />
  <attribute name="DerivativeT" value="inf" />
  <attribute name="DerivativeI" value="inf" />
  <attribute name="DerivativeH" value="inf" />
  <attribute name="Loop Time for DT" value="0.000000" />
  <attribute name="Output H" value="8388608"/>
  <attribute name="Output I" value="200"/>
  <attribute name="Output T" value="1"/>
  <attribute name="Target GC Util Change" value ="20.000000" />
  <attribute name="Current GC Util Change" value="75.000000"/>
  <attribute name="GC Util currently" value="75" />
  <attribute name="CPU Util currently" value="14515622998986" />
<exclusive-end id="798" timestamp="2019-07-07T05:37:40.869" durationms="6.143" />

<exclusive-start id="799" timestamp="2019-07-07T05:37:40.891" intervalms="27.905">
  <response-info timems="0.082" idlems="0.082" threads="0" lastid="000000000202A700" lastname="main" />
</exclusive-start>
<allocation-taxation id="800" taxation-threshold="33554432" timestamp="2019-07-07T05:37:40.891" intervalms="27.881" />
<cycle-start id="801" type="partial gc" contextid="0" timestamp="2019-07-07T05:37:40.891" intervalms="27.829" />
<gc-start id="802" type="partial gc" contextid="801" timestamp="2019-07-07T05:37:40.892">
  <mem-info id="803" free="34603008" total="108003328" percent="32">
    <mem type="eden" free="1048520" total="34603008" percent="3" />
    <arraylet-primitive objects="1" leaves="1" largest="1" />
    <remembered-set count="35552" freebytes="4168960" totalbytes="4311168" percent="96" regionsoverflowed="0" regionsstable="3" regionsrebuilding="0"/>
  </mem-info>
</gc-start>
<allocation-stats totalBytes="33442120" >
  <allocated-bytes non-tlh="0" tlh="33442120" arrayletleaf="0"/>
  <largest-consumer threadName="main" threadId="000000000202A700" bytes="33442120" />
</allocation-stats>
<gc-op id="804" type="copy forward" timems="12.384" contextid="801" timestamp="2019-07-07T05:37:40.905">
  <memory-copied type="eden" objects="2" bytes="56" bytesdiscarded="0" />
  <memory-copied type="other" objects="18351" bytes="667640" bytesdiscarded="424" />
  <memory-cardclean objects="189868" bytes="6246272" />
  <regions eden="32" other="4" />
  <remembered-set-cleared processed="19147" cleared="7572" durationms="0.282" />
  <finalization candidates="40" enqueued="0" />
  <ownableSynchronizers candidates="1" cleared="0" />
  <references type="soft" candidates="358" cleared="0" enqueued="0" dynamicThreshold="20" maxThreshold="32" />
  <references type="weak" candidates="838" cleared="0" enqueued="0" />
  <references type="phantom" candidates="8" cleared="0" enqueued="0" />
  <stringconstants candidates="13762" cleared="0"  />
</gc-op>
<gc-op id="805" type="classunload" timems="0.004" contextid="801" timestamp="2019-07-07T05:37:40.905">
  <classunload-info classloadercandidates="55" classloadersunloaded="0" classesunloaded="0" anonymousclassesunloaded="0" quiescems="0.000" setupms="0.004" scanms="0.000" postms="0.000" />
</gc-op>
<heap-resize id="806" type="contract" space="default" amount="6291456" count="1" timems="0.053" reason="excess free space following gc" timestamp="2019-07-07T05:37:40.905" />
<gc-end id="807" type="partial gc" contextid="801" durationms="13.529" usertimems="12.000" systemtimems="0.000" timestamp="2019-07-07T05:37:40.905" activeThreads="1">
  <mem-info id="808" free="62914560" total="101711872" percent="61">
    <mem type="eden" free="1048520" total="1048576" percent="99" />
    <arraylet-primitive objects="1" leaves="1" largest="1" />
    <remembered-set count="34720" freebytes="4172288" totalbytes="4311168" percent="96" regionsoverflowed="0" regionsstable="3" regionsrebuilding="0"/>
  </mem-info>
</gc-end>
<cycle-end id="809" type="partial gc" contextid="801" timestamp="2019-07-07T05:37:40.905" />
  <attribute name="elasticGC enabled" value="1" />
  <attribute name= "numThreadsSpecified" value="1" />
  <attribute name="heapSize specified" value="0" />
  <attribute name="Current GC Util" value="93" />
  <attribute name= "Current Time Running" value="11694" />
  <attribute name ="GC Interval" value="0" />
  <attribute name="ProportionalT" value="36.500000" />
  <attribute name="ProportionalI" value="36.500000" />
  <attribute name="ProportionalH" value="36.500000" />
  <attribute name="Current Error" value="73.000000" />
  <attribute name="IntegralT" value="0.000000" />
  <attribute name="IntegralI" value="0.000000" />
  <attribute name="IntegralH" value="0.000000" />
  <attribute name="DerivativeT" value="inf" />
  <attribute name="DerivativeI" value="inf" />
  <attribute name="DerivativeH" value="inf" />
  <attribute name="Loop Time for DT" value="0.000000" />
  <attribute name="Output H" value="8388608"/>
  <attribute name="Output I" value="200"/>
  <attribute name="Output T" value="1"/>
  <attribute name="Target GC Util Change" value ="20.000000" />
  <attribute name="Current GC Util Change" value="93.000000"/>
  <attribute name="GC Util currently" value="93" />
  <attribute name="CPU Util currently" value="18517183384677" />
<exclusive-end id="810" timestamp="2019-07-07T05:37:40.905" durationms="14.560" />

<exclusive-start id="811" timestamp="2019-07-07T05:37:40.926" intervalms="35.122">
  <response-info timems="0.245" idlems="0.245" threads="0" lastid="000000000202A700" lastname="main" />
</exclusive-start>
<allocation-taxation id="812" taxation-threshold="31457280" timestamp="2019-07-07T05:37:40.926" intervalms="35.096" />
<cycle-start id="813" type="partial gc" contextid="0" timestamp="2019-07-07T05:37:40.926" intervalms="35.116" />
<gc-start id="814" type="partial gc" contextid="813" timestamp="2019-07-07T05:37:40.927">
  <mem-info id="815" free="31457280" total="101711872" percent="30">
    <mem type="eden" free="1048520" total="32505856" percent="3" />
    <arraylet-primitive objects="1" leaves="1" largest="1" />
    <remembered-set count="34720" freebytes="4172288" totalbytes="4311168" percent="96" regionsoverflowed="0" regionsstable="3" regionsrebuilding="0"/>
  </mem-info>
</gc-start>
<allocation-stats totalBytes="31351832" >
  <allocated-bytes non-tlh="0" tlh="31351832" arrayletleaf="0"/>
  <largest-consumer threadName="main" threadId="000000000202A700" bytes="31351832" />
</allocation-stats>
<gc-op id="816" type="copy forward" timems="1.723" contextid="813" timestamp="2019-07-07T05:37:40.929">
  <memory-copied type="eden" objects="2" bytes="56" bytesdiscarded="0" />
  <memory-copied type="other" objects="12902" bytes="308784" bytesdiscarded="16640" />
  <memory-cardclean objects="7951" bytes="451072" />
  <regions eden="30" other="3" />
  <remembered-set-cleared processed="33069" cleared="2055" durationms="0.184" />
  <stringconstants candidates="13762" cleared="0"  />
</gc-op>
<gc-op id="817" type="classunload" timems="0.005" contextid="813" timestamp="2019-07-07T05:37:40.929">
  <classunload-info classloadercandidates="55" classloadersunloaded="0" classesunloaded="0" anonymousclassesunloaded="0" quiescems="0.000" setupms="0.004" scanms="0.000" postms="0.000" />
</gc-op>
<heap-resize id="818" type="contract" space="default" amount="2097152" count="1" timems="0.047" reason="excess free space following gc" timestamp="2019-07-07T05:37:40.930" />
<gc-end id="819" type="partial gc" contextid="813" durationms="3.079" usertimems="4.000" systemtimems="0.000" timestamp="2019-07-07T05:37:40.930" activeThreads="4">
  <mem-info id="820" free="60817408" total="99614720" percent="61">
    <mem type="eden" free="1048520" total="1048576" percent="99" />
    <arraylet-primitive objects="1" leaves="1" largest="1" />
    <remembered-set count="35872" freebytes="3916544" totalbytes="4060032" percent="96" regionsoverflowed="0" regionsstable="3" regionsrebuilding="0"/>
  </mem-info>
</gc-end>
<cycle-end id="821" type="partial gc" contextid="813" timestamp="2019-07-07T05:37:40.930" />
  <attribute name="elasticGC enabled" value="1" />
  <attribute name= "numThreadsSpecified" value="4" />
  <attribute name="heapSize specified" value="0" />
  <attribute name="Current GC Util" value="38" />
  <attribute name= "Current Time Running" value="11729" />
  <attribute name ="GC Interval" value="0" />
  <attribute name="ProportionalT" value="9.000000" />
  <attribute name="ProportionalI" value="9.000000" />
  <attribute name="ProportionalH" value="9.000000" />
  <attribute name="Current Error" value="18.000000" />
  <attribute name="IntegralT" value="0.000000" />
  <attribute name="IntegralI" value="0.000000" />
  <attribute name="IntegralH" value="0.000000" />
  <attribute name="DerivativeT" value="-nan" />
  <attribute name="DerivativeI" value="-nan" />
  <attribute name="DerivativeH" value="-nan" />
  <attribute name="Loop Time for DT" value="0.000000" />
  <attribute name="Output H" value="2091843584"/>
  <attribute name="Output I" value="200"/>
  <attribute name="Output T" value="4"/>
  <attribute name="Target GC Util Change" value ="20.000000" />
  <attribute name="Current GC Util Change" value="38.000000"/>
  <attribute name="GC Util currently" value="38" />
  <attribute name="CPU Util currently" value="9209484106825" />
<exclusive-end id="822" timestamp="2019-07-07T05:37:40.930" durationms="3.967" />

<exclusive-start id="823" timestamp="2019-07-07T05:37:40.951" intervalms="24.599">
  <response-info timems="0.084" idlems="0.084" threads="0" lastid="000000000202A700" lastname="main" />
</exclusive-start>
<allocation-taxation id="824" taxation-threshold="31457280" timestamp="2019-07-07T05:37:40.951" intervalms="24.628" />
<cycle-start id="825" type="partial gc" contextid="0" timestamp="2019-07-07T05:37:40.951" intervalms="24.652" />
<gc-start id="826" type="partial gc" contextid="825" timestamp="2019-07-07T05:37:40.951">
  <mem-info id="827" free="29360128" total="99614720" percent="29">
    <mem type="eden" free="1048520" total="32505856" percent="3" />
    <arraylet-primitive objects="1" leaves="1" largest="1" />
    <remembered-set count="35872" freebytes="3916544" totalbytes="4060032" percent="96" regionsoverflowed="0" regionsstable="3" regionsrebuilding="0"/>
  </mem-info>
</gc-start>
<allocation-stats totalBytes="31351832" >
  <allocated-bytes non-tlh="0" tlh="31351832" arrayletleaf="0"/>
  <largest-consumer threadName="main" threadId="000000000202A700" bytes="31351832" />
</allocation-stats>
<gc-op id="828" type="copy forward" timems="3.362" contextid="825" timestamp="2019-07-07T05:37:40.956">
  <memory-copied type="eden" objects="2" bytes="56" bytesdiscarded="0" />
  <memory-copied type="other" objects="22900" bytes="527000" bytesdiscarded="0" />
  <memory-cardclean objects="8052" bytes="434272" />
  <regions eden="30" other="3" />
  <remembered-set-cleared processed="33102" cleared="2088" durationms="0.351" />
  <stringconstants candidates="13762" cleared="0"  />
</gc-op>
<gc-op id="829" type="classunload" timems="0.004" contextid="825" timestamp="2019-07-07T05:37:40.956">
  <classunload-info classloadercandidates="55" classloadersunloaded="0" classesunloaded="0" anonymousclassesunloaded="0" quiescems="0.000" setupms="0.004" scanms="0.000" postms="0.000" />
</gc-op>
<gc-end id="830" type="partial gc" contextid="825" durationms="4.724" usertimems="8.000" systemtimems="0.000" timestamp="2019-07-07T05:37:40.956" activeThreads="1">
  <mem-info id="831" free="60817408" total="99614720" percent="61">
    <mem type="eden" free="1048520" total="1048576" percent="99" />
    <arraylet-primitive objects="1" leaves="1" largest="1" />
    <remembered-set count="34624" freebytes="3837824" totalbytes="3976320" percent="96" regionsoverflowed="0" regionsstable="3" regionsrebuilding="0"/>
  </mem-info>
</gc-end>
<cycle-end id="832" type="partial gc" contextid="825" timestamp="2019-07-07T05:37:40.956" />
  <attribute name="elasticGC enabled" value="1" />
  <attribute name= "numThreadsSpecified" value="1" />
  <attribute name="heapSize specified" value="0" />
  <attribute name="Current GC Util" value="33" />
  <attribute name= "Current Time Running" value="11754" />
  <attribute name ="GC Interval" value="0" />
  <attribute name="ProportionalT" value="6.500000" />
  <attribute name="ProportionalI" value="6.500000" />
  <attribute name="ProportionalH" value="6.500000" />
  <attribute name="Current Error" value="13.000000" />
  <attribute name="IntegralT" value="0.000000" />
  <attribute name="IntegralI" value="0.000000" />
  <attribute name="IntegralH" value="0.000000" />
  <attribute name="DerivativeT" value="inf" />
  <attribute name="DerivativeI" value="inf" />
  <attribute name="DerivativeH" value="inf" />
  <attribute name="Loop Time for DT" value="0.000000" />
  <attribute name="Output H" value="8388608"/>
  <attribute name="Output I" value="200"/>
  <attribute name="Output T" value="1"/>
  <attribute name="Target GC Util Change" value ="20.000000" />
  <attribute name="Current GC Util Change" value="33.000000"/>
  <attribute name="GC Util currently" value="33" />
  <attribute name="CPU Util currently" value="8827257648843" />
<exclusive-end id="833" timestamp="2019-07-07T05:37:40.956" durationms="5.852" />

<exclusive-start id="834" timestamp="2019-07-07T05:37:40.977" intervalms="26.448">
  <response-info timems="0.077" idlems="0.077" threads="0" lastid="000000000202A700" lastname="main" />
</exclusive-start>
<allocation-taxation id="835" taxation-threshold="31457280" timestamp="2019-07-07T05:37:40.977" intervalms="26.483" />
<cycle-start id="836" type="partial gc" contextid="0" timestamp="2019-07-07T05:37:40.977" intervalms="26.447" />
<gc-start id="837" type="partial gc" contextid="836" timestamp="2019-07-07T05:37:40.978">
  <mem-info id="838" free="29360128" total="99614720" percent="29">
    <mem type="eden" free="1048520" total="32505856" percent="3" />
    <arraylet-primitive objects="1" leaves="1" largest="1" />
    <remembered-set count="34592" freebytes="3837952" totalbytes="3976320" percent="96" regionsoverflowed="0" regionsstable="3" regionsrebuilding="0"/>
  </mem-info>
</gc-start>
<allocation-stats totalBytes="31351808" >
  <allocated-bytes non-tlh="0" tlh="31351808" arrayletleaf="0"/>
  <largest-consumer threadName="main" threadId="000000000202A700" bytes="31351808" />
</allocation-stats>
<gc-op id="839" type="copy forward" timems="3.888" contextid="836" timestamp="2019-07-07T05:37:40.982">
  <memory-copied type="eden" objects="2" bytes="56" bytesdiscarded="0" />
  <memory-copied type="other" objects="25025" bytes="727760" bytesdiscarded="0" />
  <memory-cardclean objects="2275" bytes="327856" />
  <regions eden="30" other="3" />
  <remembered-set-cleared processed="33332" cleared="1906" durationms="0.355" />
  <references type="soft" candidates="777" cleared="0" enqueued="0" dynamicThreshold="19" maxThreshold="32" />
  <references type="weak" candidates="78" cleared="0" enqueued="0" />
  <stringconstants candidates="13762" cleared="0"  />
</gc-op>
<gc-op id="840" type="classunload" timems="0.004" contextid="836" timestamp="2019-07-07T05:37:40.982">
  <classunload-info classloadercandidates="55" classloadersunloaded="0" classesunloaded="0" anonymousclassesunloaded="0" quiescems="0.000" setupms="0.004" scanms="0.000" postms="0.000" />
</gc-op>
<gc-end id="841" type="partial gc" contextid="836" durationms="4.807" usertimems="4.000" systemtimems="0.000" timestamp="2019-07-07T05:37:40.983" activeThreads="1">
  <mem-info id="842" free="60817408" total="99614720" percent="61">
    <mem type="eden" free="1048520" total="1048576" percent="99" />
    <arraylet-primitive objects="1" leaves="1" largest="1" />
    <remembered-set count="34944" freebytes="3836544" totalbytes="3976320" percent="96" regionsoverflowed="0" regionsstable="3" regionsrebuilding="0"/>
  </mem-info>
</gc-end>
<cycle-end id="843" type="partial gc" contextid="836" timestamp="2019-07-07T05:37:40.983" />
  <attribute name="elasticGC enabled" value="1" />
  <attribute name= "numThreadsSpecified" value="1" />
  <attribute name="heapSize specified" value="0" />
  <attribute name="Current GC Util" value="96" />
  <attribute name= "Current Time Running" value="11780" />
  <attribute name ="GC Interval" value="0" />
  <attribute name="ProportionalT" value="38.000000" />
  <attribute name="ProportionalI" value="38.000000" />
  <attribute name="ProportionalH" value="38.000000" />
  <attribute name="Current Error" value="76.000000" />
  <attribute name="IntegralT" value="0.000000" />
  <attribute name="IntegralI" value="0.000000" />
  <attribute name="IntegralH" value="0.000000" />
  <attribute name="DerivativeT" value="inf" />
  <attribute name="DerivativeI" value="inf" />
  <attribute name="DerivativeH" value="inf" />
  <attribute name="Loop Time for DT" value="0.000000" />
  <attribute name="Output H" value="8388608"/>
  <attribute name="Output I" value="200"/>
  <attribute name="Output T" value="1"/>
  <attribute name="Target GC Util Change" value ="20.000000" />
  <attribute name="Current GC Util Change" value="96.000000"/>
  <attribute name="GC Util currently" value="96" />
  <attribute name="CPU Util currently" value="21091827982267" />
<exclusive-end id="844" timestamp="2019-07-07T05:37:40.983" durationms="6.009" />

<exclusive-start id="845" timestamp="2019-07-07T05:37:41.004" intervalms="26.618">
  <response-info timems="0.077" idlems="0.077" threads="0" lastid="000000000202A700" lastname="main" />
</exclusive-start>
<allocation-taxation id="846" taxation-threshold="31457280" timestamp="2019-07-07T05:37:41.004" intervalms="26.625" />
<cycle-start id="847" type="partial gc" contextid="0" timestamp="2019-07-07T05:37:41.004" intervalms="26.675" />
<gc-start id="848" type="partial gc" contextid="847" timestamp="2019-07-07T05:37:41.004">
  <mem-info id="849" free="29360128" total="99614720" percent="29">
    <mem type="eden" free="1048520" total="32505856" percent="3" />
    <arraylet-primitive objects="1" leaves="1" largest="1" />
    <remembered-set count="34560" freebytes="3838080" totalbytes="3976320" percent="96" regionsoverflowed="0" regionsstable="3" regionsrebuilding="0"/>
  </mem-info>
</gc-start>
<allocation-stats totalBytes="31351832" >
  <allocated-bytes non-tlh="0" tlh="31351832" arrayletleaf="0"/>
  <largest-consumer threadName="main" threadId="000000000202A700" bytes="31351832" />
</allocation-stats>
<gc-op id="850" type="copy forward" timems="5.946" contextid="847" timestamp="2019-07-07T05:37:41.011">
  <memory-copied type="eden" objects="2" bytes="56" bytesdiscarded="0" />
  <memory-copied type="other" objects="52938" bytes="1289896" bytesdiscarded="0" />
  <memory-cardclean objects="8958" bytes="525352" />
  <regions eden="30" other="3" />
  <remembered-set-cleared processed="32935" cleared="4197" durationms="0.379" />
  <finalization candidates="1" enqueued="0" />
  <references type="weak" candidates="45" cleared="0" enqueued="0" />
  <references type="phantom" candidates="2" cleared="0" enqueued="0" />
  <stringconstants candidates="13762" cleared="0"  />
</gc-op>
<gc-op id="851" type="classunload" timems="0.003" contextid="847" timestamp="2019-07-07T05:37:41.011">
  <classunload-info classloadercandidates="55" classloadersunloaded="0" classesunloaded="0" anonymousclassesunloaded="0" quiescems="0.000" setupms="0.003" scanms="0.000" postms="0.000" />
</gc-op>
<gc-end id="852" type="partial gc" contextid="847" durationms="6.954" usertimems="8.000" systemtimems="0.000" timestamp="2019-07-07T05:37:41.011" activeThreads="1">
  <mem-info id="853" free="60817408" total="99614720" percent="61">
    <mem type="eden" free="1048520" total="1048576" percent="99" />
    <arraylet-primitive objects="1" leaves="1" largest="1" />
    <remembered-set count="34912" freebytes="3836672" totalbytes="3976320" percent="96" regionsoverflowed="0" regionsstable="3" regionsrebuilding="0"/>
  </mem-info>
</gc-end>
<cycle-end id="854" type="partial gc" contextid="847" timestamp="2019-07-07T05:37:41.012" />
  <attribute name="elasticGC enabled" value="1" />
  <attribute name= "numThreadsSpecified" value="1" />
  <attribute name="heapSize specified" value="0" />
  <attribute name="Current GC Util" value="59" />
  <attribute name= "Current Time Running" value="11807" />
  <attribute name ="GC Interval" value="0" />
  <attribute name="ProportionalT" value="19.500000" />
  <attribute name="ProportionalI" value="19.500000" />
  <attribute name="ProportionalH" value="19.500000" />
  <attribute name="Current Error" value="39.000000" />
  <attribute name="IntegralT" value="0.000000" />
  <attribute name="IntegralI" value="0.000000" />
  <attribute name="IntegralH" value="0.000000" />
  <attribute name="DerivativeT" value="inf" />
  <attribute name="DerivativeI" value="inf" />
  <attribute name="DerivativeH" value="inf" />
  <attribute name="Loop Time for DT" value="0.000000" />
  <attribute name="Output H" value="8388608"/>
  <attribute name="Output I" value="200"/>
  <attribute name="Output T" value="1"/>
  <attribute name="Target GC Util Change" value ="20.000000" />
  <attribute name="Current GC Util Change" value="59.000000"/>
  <attribute name="GC Util currently" value="59" />
  <attribute name="CPU Util currently" value="16343585995866" />
<exclusive-end id="855" timestamp="2019-07-07T05:37:41.012" durationms="8.138" />

<exclusive-start id="856" timestamp="2019-07-07T05:37:41.032" intervalms="28.690">
  <response-info timems="0.220" idlems="0.220" threads="0" lastid="000000000202A700" lastname="main" />
</exclusive-start>
<allocation-taxation id="857" taxation-threshold="31457280" timestamp="2019-07-07T05:37:41.033" intervalms="28.626" />
<cycle-start id="858" type="partial gc" contextid="0" timestamp="2019-07-07T05:37:41.033" intervalms="28.604" />
<gc-start id="859" type="partial gc" contextid="858" timestamp="2019-07-07T05:37:41.033">
  <mem-info id="860" free="29360128" total="99614720" percent="29">
    <mem type="eden" free="1048520" total="32505856" percent="3" />
    <arraylet-primitive objects="1" leaves="1" largest="1" />
    <remembered-set count="34624" freebytes="3837824" totalbytes="3976320" percent="96" regionsoverflowed="0" regionsstable="3" regionsrebuilding="0"/>
  </mem-info>
</gc-start>
<allocation-stats totalBytes="31351832" >
  <allocated-bytes non-tlh="0" tlh="31351832" arrayletleaf="0"/>
  <largest-consumer threadName="main" threadId="000000000202A700" bytes="31351832" />
</allocation-stats>
<gc-op id="861" type="copy forward" timems="2.735" contextid="858" timestamp="2019-07-07T05:37:41.037">
  <memory-copied type="eden" objects="2" bytes="56" bytesdiscarded="0" />
  <memory-copied type="other" objects="64945" bytes="1821704" bytesdiscarded="67016" />
  <memory-cardclean objects="8442" bytes="503360" />
  <regions eden="30" other="3" />
  <remembered-set-cleared processed="32892" cleared="4499" durationms="0.186" />
  <references type="soft" candidates="2139" cleared="0" enqueued="0" dynamicThreshold="19" maxThreshold="32" />
  <references type="weak" candidates="37" cleared="0" enqueued="0" />
  <stringconstants candidates="13762" cleared="0"  />
</gc-op>
<gc-op id="862" type="classunload" timems="0.005" contextid="858" timestamp="2019-07-07T05:37:41.037">
  <classunload-info classloadercandidates="55" classloadersunloaded="0" classesunloaded="0" anonymousclassesunloaded="0" quiescems="0.000" setupms="0.005" scanms="0.000" postms="0.000" />
</gc-op>
<gc-end id="863" type="partial gc" contextid="858" durationms="3.658" usertimems="12.000" systemtimems="0.000" timestamp="2019-07-07T05:37:41.037" activeThreads="4">
  <mem-info id="864" free="60817408" total="99614720" percent="61">
    <mem type="eden" free="1048520" total="1048576" percent="99" />
    <arraylet-primitive objects="1" leaves="1" largest="1" />
    <remembered-set count="36640" freebytes="3829760" totalbytes="3976320" percent="96" regionsoverflowed="0" regionsstable="3" regionsrebuilding="0"/>
  </mem-info>
</gc-end>
<cycle-end id="865" type="partial gc" contextid="858" timestamp="2019-07-07T05:37:41.037" />
  <attribute name="elasticGC enabled" value="1" />
  <attribute name= "numThreadsSpecified" value="4" />
  <attribute name="heapSize specified" value="0" />
  <attribute name="Current GC Util" value="59" />
  <attribute name= "Current Time Running" value="11836" />
  <attribute name ="GC Interval" value="0" />
  <attribute name="ProportionalT" value="19.500000" />
  <attribute name="ProportionalI" value="19.500000" />
  <attribute name="ProportionalH" value="19.500000" />
  <attribute name="Current Error" value="39.000000" />
  <attribute name="IntegralT" value="19.500000" />
  <attribute name="IntegralI" value="19.500000" />
  <attribute name="IntegralH" value="19.500000" />
  <attribute name="DerivativeT" value="35.000000" />
  <attribute name="DerivativeI" value="35.000000" />
  <attribute name="DerivativeH" value="35.000000" />
  <attribute name="Loop Time for DT" value="1.000000" />
  <attribute name="Output H" value="8388608"/>
  <attribute name="Output I" value="200"/>
  <attribute name="Output T" value="4"/>
  <attribute name="Target GC Util Change" value ="20.000000" />
  <attribute name="Current GC Util Change" value="59.000000"/>
  <attribute name="GC Util currently" value="59" />
  <attribute name="CPU Util currently" value="17759384786663" />
<exclusive-end id="866" timestamp="2019-07-07T05:37:41.037" durationms="4.691" />

<exclusive-start id="867" timestamp="2019-07-07T05:37:41.057" intervalms="25.081">
  <response-info timems="0.081" idlems="0.081" threads="0" lastid="000000000202A700" lastname="main" />
</exclusive-start>
<allocation-taxation id="868" taxation-threshold="31457280" timestamp="2019-07-07T05:37:41.058" intervalms="25.122" />
<cycle-start id="869" type="partial gc" contextid="0" timestamp="2019-07-07T05:37:41.058" intervalms="25.107" />
<gc-start id="870" type="partial gc" contextid="869" timestamp="2019-07-07T05:37:41.058">
  <mem-info id="871" free="29360128" total="99614720" percent="29">
    <mem type="eden" free="1048520" total="32505856" percent="3" />
    <arraylet-primitive objects="1" leaves="1" largest="1" />
    <remembered-set count="36576" freebytes="3830016" totalbytes="3976320" percent="96" regionsoverflowed="0" regionsstable="3" regionsrebuilding="0"/>
  </mem-info>
</gc-start>
<allocation-stats totalBytes="31351832" >
  <allocated-bytes non-tlh="0" tlh="31351832" arrayletleaf="0"/>
  <largest-consumer threadName="main" threadId="000000000202A700" bytes="31351832" />
</allocation-stats>
<gc-op id="872" type="copy forward" timems="3.094" contextid="869" timestamp="2019-07-07T05:37:41.062">
  <memory-copied type="eden" objects="2" bytes="56" bytesdiscarded="0" />
  <memory-copied type="other" objects="76973" bytes="1884416" bytesdiscarded="71544" />
  <memory-cardclean objects="13912" bytes="649448" />
  <regions eden="30" other="3" />
  <remembered-set-cleared processed="32239" cleared="5840" durationms="0.175" />
  <stringconstants candidates="13762" cleared="0"  />
</gc-op>
<gc-op id="873" type="classunload" timems="0.005" contextid="869" timestamp="2019-07-07T05:37:41.062">
  <classunload-info classloadercandidates="55" classloadersunloaded="0" classesunloaded="0" anonymousclassesunloaded="0" quiescems="0.000" setupms="0.005" scanms="0.000" postms="0.000" />
</gc-op>
<gc-end id="874" type="partial gc" contextid="869" durationms="4.104" usertimems="8.000" systemtimems="0.000" timestamp="2019-07-07T05:37:41.062" activeThreads="4">
  <mem-info id="875" free="60817408" total="99614720" percent="61">
    <mem type="eden" free="1048520" total="1048576" percent="99" />
    <arraylet-primitive objects="1" leaves="1" largest="1" />
    <remembered-set count="35968" freebytes="3832448" totalbytes="3976320" percent="96" regionsoverflowed="0" regionsstable="3" regionsrebuilding="0"/>
  </mem-info>
</gc-end>
<cycle-end id="876" type="partial gc" contextid="869" timestamp="2019-07-07T05:37:41.062" />
  <attribute name="elasticGC enabled" value="1" />
  <attribute name= "numThreadsSpecified" value="4" />
  <attribute name="heapSize specified" value="0" />
  <attribute name="Current GC Util" value="46" />
  <attribute name= "Current Time Running" value="11861" />
  <attribute name ="GC Interval" value="0" />
  <attribute name="ProportionalT" value="13.000000" />
  <attribute name="ProportionalI" value="13.000000" />
  <attribute name="ProportionalH" value="13.000000" />
  <attribute name="Current Error" value="26.000000" />
  <attribute name="IntegralT" value="13.000000" />
  <attribute name="IntegralI" value="13.000000" />
  <attribute name="IntegralH" value="13.000000" />
  <attribute name="DerivativeT" value="9.000000" />
  <attribute name="DerivativeI" value="9.000000" />
  <attribute name="DerivativeH" value="9.000000" />
  <attribute name="Loop Time for DT" value="1.000000" />
  <attribute name="Output H" value="8388608"/>
  <attribute name="Output I" value="200"/>
  <attribute name="Output T" value="4"/>
  <attribute name="Target GC Util Change" value ="20.000000" />
  <attribute name="Current GC Util Change" value="46.000000"/>
  <attribute name="GC Util currently" value="46" />
  <attribute name="CPU Util currently" value="16242391597468" />
<exclusive-end id="877" timestamp="2019-07-07T05:37:41.063" durationms="5.069" />

<exclusive-start id="878" timestamp="2019-07-07T05:37:41.083" intervalms="25.433">
  <response-info timems="0.079" idlems="0.079" threads="0" lastid="000000000202A700" lastname="main" />
</exclusive-start>
<allocation-taxation id="879" taxation-threshold="31457280" timestamp="2019-07-07T05:37:41.083" intervalms="25.374" />
<cycle-start id="880" type="partial gc" contextid="0" timestamp="2019-07-07T05:37:41.083" intervalms="25.426" />
<gc-start id="881" type="partial gc" contextid="880" timestamp="2019-07-07T05:37:41.084">
  <mem-info id="882" free="29360128" total="99614720" percent="29">
    <mem type="eden" free="1048520" total="32505856" percent="3" />
    <arraylet-primitive objects="1" leaves="1" largest="1" />
    <remembered-set count="35488" freebytes="3834368" totalbytes="3976320" percent="96" regionsoverflowed="0" regionsstable="3" regionsrebuilding="0"/>
  </mem-info>
</gc-start>
<allocation-stats totalBytes="31351808" >
  <allocated-bytes non-tlh="0" tlh="31351808" arrayletleaf="0"/>
  <largest-consumer threadName="main" threadId="000000000202A700" bytes="31351808" />
</allocation-stats>
<gc-op id="883" type="copy forward" timems="5.221" contextid="880" timestamp="2019-07-07T05:37:41.090">
  <memory-copied type="eden" objects="2" bytes="56" bytesdiscarded="0" />
  <memory-copied type="other" objects="45744" bytes="1177872" bytesdiscarded="312" />
  <memory-cardclean objects="12077" bytes="577096" />
  <regions eden="30" other="3" />
  <remembered-set-cleared processed="31849" cleared="4710" durationms="0.353" />
  <references type="soft" candidates="1" cleared="0" enqueued="0" dynamicThreshold="19" maxThreshold="32" />
  <stringconstants candidates="13762" cleared="0"  />
</gc-op>
<gc-op id="884" type="classunload" timems="0.005" contextid="880" timestamp="2019-07-07T05:37:41.090">
  <classunload-info classloadercandidates="55" classloadersunloaded="0" classesunloaded="0" anonymousclassesunloaded="0" quiescems="0.000" setupms="0.004" scanms="0.000" postms="0.000" />
</gc-op>
<heap-resize id="885" type="contract" space="default" amount="5242880" count="1" timems="0.174" reason="excess free space following gc" timestamp="2019-07-07T05:37:41.090" />
<gc-end id="886" type="partial gc" contextid="880" durationms="6.485" usertimems="12.000" systemtimems="0.000" timestamp="2019-07-07T05:37:41.090" activeThreads="1">
  <mem-info id="887" free="57671680" total="94371840" percent="61">
    <mem type="eden" free="1048520" total="1048576" percent="99" />
    <remembered-set count="35296" freebytes="3835136" totalbytes="3976320" percent="96" regionsoverflowed="0" regionsstable="3" regionsrebuilding="0"/>
  </mem-info>
</gc-end>
<cycle-end id="888" type="partial gc" contextid="880" timestamp="2019-07-07T05:37:41.090" />
  <attribute name="elasticGC enabled" value="1" />
  <attribute name= "numThreadsSpecified" value="1" />
  <attribute name="heapSize specified" value="0" />
  <attribute name="Current GC Util" value="61" />
  <attribute name= "Current Time Running" value="11886" />
  <attribute name ="GC Interval" value="0" />
  <attribute name="ProportionalT" value="20.500000" />
  <attribute name="ProportionalI" value="20.500000" />
  <attribute name="ProportionalH" value="20.500000" />
  <attribute name="Current Error" value="41.000000" />
  <attribute name="IntegralT" value="0.000000" />
  <attribute name="IntegralI" value="0.000000" />
  <attribute name="IntegralH" value="0.000000" />
  <attribute name="DerivativeT" value="inf" />
  <attribute name="DerivativeI" value="inf" />
  <attribute name="DerivativeH" value="inf" />
  <attribute name="Loop Time for DT" value="0.000000" />
  <attribute name="Output H" value="8388608"/>
  <attribute name="Output I" value="200"/>
  <attribute name="Output T" value="1"/>
  <attribute name="Target GC Util Change" value ="20.000000" />
  <attribute name="Current GC Util Change" value="61.000000"/>
  <attribute name="GC Util currently" value="61" />
  <attribute name="CPU Util currently" value="21347235610352" />
<exclusive-end id="889" timestamp="2019-07-07T05:37:41.090" durationms="7.553" />

<exclusive-start id="890" timestamp="2019-07-07T05:37:41.110" intervalms="27.287">
  <response-info timems="0.095" idlems="0.095" threads="0" lastid="000000000202A700" lastname="main" />
</exclusive-start>
<allocation-taxation id="891" taxation-threshold="30408704" timestamp="2019-07-07T05:37:41.110" intervalms="27.261" />
<cycle-start id="892" type="partial gc" contextid="0" timestamp="2019-07-07T05:37:41.111" intervalms="27.219" />
<gc-start id="893" type="partial gc" contextid="892" timestamp="2019-07-07T05:37:41.111">
  <mem-info id="894" free="27262976" total="94371840" percent="28">
    <mem type="eden" free="1048520" total="31457280" percent="3" />
    <remembered-set count="34816" freebytes="3837056" totalbytes="3976320" percent="96" regionsoverflowed="0" regionsstable="3" regionsrebuilding="0"/>
  </mem-info>
</gc-start>
<allocation-stats totalBytes="30306688" >
  <allocated-bytes non-tlh="0" tlh="30306688" arrayletleaf="0"/>
  <largest-consumer threadName="main" threadId="000000000202A700" bytes="30306688" />
</allocation-stats>
<gc-op id="895" type="copy forward" timems="4.011" contextid="892" timestamp="2019-07-07T05:37:41.116">
  <memory-copied type="eden" objects="2" bytes="56" bytesdiscarded="0" />
  <memory-copied type="other" objects="74664" bytes="1947616" bytesdiscarded="99872" />
  <memory-cardclean objects="61103" bytes="2181784" />
  <regions eden="29" other="3" />
  <remembered-set-cleared processed="25413" cleared="7494" durationms="0.196" />
  <references type="weak" candidates="37" cleared="0" enqueued="0" />
  <stringconstants candidates="13762" cleared="0"  />
</gc-op>
<gc-op id="896" type="classunload" timems="0.005" contextid="892" timestamp="2019-07-07T05:37:41.116">
  <classunload-info classloadercandidates="55" classloadersunloaded="0" classesunloaded="0" anonymousclassesunloaded="0" quiescems="0.000" setupms="0.004" scanms="0.000" postms="0.000" />
</gc-op>
<gc-end id="897" type="partial gc" contextid="892" durationms="5.225" usertimems="16.000" systemtimems="0.000" timestamp="2019-07-07T05:37:41.116" activeThreads="4">
  <mem-info id="898" free="57671680" total="94371840" percent="61">
    <mem type="eden" free="1048520" total="1048576" percent="99" />
    <remembered-set count="34304" freebytes="3629824" totalbytes="3767040" percent="96" regionsoverflowed="0" regionsstable="3" regionsrebuilding="0"/>
  </mem-info>
</gc-end>
<cycle-end id="899" type="partial gc" contextid="892" timestamp="2019-07-07T05:37:41.116" />
  <attribute name="elasticGC enabled" value="1" />
  <attribute name= "numThreadsSpecified" value="4" />
  <attribute name="heapSize specified" value="0" />
  <attribute name="Current GC Util" value="37" />
  <attribute name= "Current Time Running" value="11914" />
  <attribute name ="GC Interval" value="0" />
  <attribute name="ProportionalT" value="8.500000" />
  <attribute name="ProportionalI" value="8.500000" />
  <attribute name="ProportionalH" value="8.500000" />
  <attribute name="Current Error" value="17.000000" />
  <attribute name="IntegralT" value="8.500000" />
  <attribute name="IntegralI" value="8.500000" />
  <attribute name="IntegralH" value="8.500000" />
  <attribute name="DerivativeT" value="14.000000" />
  <attribute name="DerivativeI" value="14.000000" />
  <attribute name="DerivativeH" value="14.000000" />
  <attribute name="Loop Time for DT" value="1.000000" />
  <attribute name="Output H" value="8388608"/>
  <attribute name="Output I" value="200"/>
  <attribute name="Output T" value="4"/>
  <attribute name="Target GC Util Change" value ="20.000000" />
  <attribute name="Current GC Util Change" value="37.000000"/>
  <attribute name="GC Util currently" value="37" />
  <attribute name="CPU Util currently" value="9188016518858" />
<exclusive-end id="900" timestamp="2019-07-07T05:37:41.116" durationms="6.192" />

<exclusive-start id="901" timestamp="2019-07-07T05:37:41.136" intervalms="25.955">
  <response-info timems="0.130" idlems="0.130" threads="0" lastid="000000000202A700" lastname="main" />
</exclusive-start>
<allocation-taxation id="902" taxation-threshold="30408704" timestamp="2019-07-07T05:37:41.136" intervalms="26.039" />
<cycle-start id="903" type="partial gc" contextid="0" timestamp="2019-07-07T05:37:41.137" intervalms="26.021" />
<gc-start id="904" type="partial gc" contextid="903" timestamp="2019-07-07T05:37:41.137">
  <mem-info id="905" free="27262976" total="94371840" percent="28">
    <mem type="eden" free="1048520" total="31457280" percent="3" />
    <remembered-set count="34304" freebytes="3629824" totalbytes="3767040" percent="96" regionsoverflowed="0" regionsstable="3" regionsrebuilding="0"/>
  </mem-info>
</gc-start>
<allocation-stats totalBytes="30306688" >
  <allocated-bytes non-tlh="0" tlh="30306688" arrayletleaf="0"/>
  <largest-consumer threadName="main" threadId="000000000202A700" bytes="30306688" />
</allocation-stats>
<gc-op id="906" type="copy forward" timems="8.074" contextid="903" timestamp="2019-07-07T05:37:41.146">
  <memory-copied type="eden" objects="2" bytes="56" bytesdiscarded="0" />
  <memory-copied type="other" objects="85261" bytes="2094728" bytesdiscarded="328" />
  <memory-cardclean objects="16011" bytes="837528" />
  <regions eden="29" other="3" />
  <remembered-set-cleared processed="30117" cleared="5233" durationms="0.360" />
  <references type="weak" candidates="6" cleared="0" enqueued="0" />
  <stringconstants candidates="13762" cleared="0"  />
</gc-op>
<gc-op id="907" type="classunload" timems="0.004" contextid="903" timestamp="2019-07-07T05:37:41.146">
  <classunload-info classloadercandidates="55" classloadersunloaded="0" classesunloaded="0" anonymousclassesunloaded="0" quiescems="0.000" setupms="0.004" scanms="0.000" postms="0.000" />
</gc-op>
<gc-end id="908" type="partial gc" contextid="903" durationms="9.097" usertimems="12.000" systemtimems="0.000" timestamp="2019-07-07T05:37:41.146" activeThreads="1">
  <mem-info id="909" free="57671680" total="94371840" percent="61">
    <mem type="eden" free="1048520" total="1048576" percent="99" />
    <remembered-set count="34592" freebytes="3628672" totalbytes="3767040" percent="96" regionsoverflowed="0" regionsstable="3" regionsrebuilding="0"/>
  </mem-info>
</gc-end>
<cycle-end id="910" type="partial gc" contextid="903" timestamp="2019-07-07T05:37:41.146" />
  <attribute name="elasticGC enabled" value="1" />
  <attribute name= "numThreadsSpecified" value="1" />
  <attribute name="heapSize specified" value="0" />
  <attribute name="Current GC Util" value="55" />
  <attribute name= "Current Time Running" value="11939" />
  <attribute name ="GC Interval" value="0" />
  <attribute name="ProportionalT" value="17.500000" />
  <attribute name="ProportionalI" value="17.500000" />
  <attribute name="ProportionalH" value="17.500000" />
  <attribute name="Current Error" value="35.000000" />
  <attribute name="IntegralT" value="0.000000" />
  <attribute name="IntegralI" value="0.000000" />
  <attribute name="IntegralH" value="0.000000" />
  <attribute name="DerivativeT" value="inf" />
  <attribute name="DerivativeI" value="inf" />
  <attribute name="DerivativeH" value="inf" />
  <attribute name="Loop Time for DT" value="0.000000" />
  <attribute name="Output H" value="8388608"/>
  <attribute name="Output I" value="200"/>
  <attribute name="Output T" value="1"/>
  <attribute name="Target GC Util Change" value ="20.000000" />
  <attribute name="Current GC Util Change" value="55.000000"/>
  <attribute name="GC Util currently" value="55" />
  <attribute name="CPU Util currently" value="15995858562542" />
<exclusive-end id="911" timestamp="2019-07-07T05:37:41.146" durationms="10.236" />

<exclusive-start id="912" timestamp="2019-07-07T05:37:41.165" intervalms="29.341">
  <response-info timems="0.028" idlems="0.028" threads="0" lastid="000000000202A700" lastname="main" />
</exclusive-start>
<allocation-taxation id="913" taxation-threshold="30408704" timestamp="2019-07-07T05:37:41.166" intervalms="29.359" />
<cycle-start id="914" type="partial gc" contextid="0" timestamp="2019-07-07T05:37:41.166" intervalms="29.438" />
<gc-start id="915" type="partial gc" contextid="914" timestamp="2019-07-07T05:37:41.166">
  <mem-info id="916" free="27262976" total="94371840" percent="28">
    <mem type="eden" free="1048520" total="31457280" percent="3" />
    <remembered-set count="33824" freebytes="3631744" totalbytes="3767040" percent="96" regionsoverflowed="0" regionsstable="4" regionsrebuilding="0"/>
  </mem-info>
</gc-start>
<allocation-stats totalBytes="30306688" >
  <allocated-bytes non-tlh="0" tlh="30306688" arrayletleaf="0"/>
  <largest-consumer threadName="main" threadId="000000000202A700" bytes="30306688" />
</allocation-stats>
<gc-op id="917" type="copy forward" timems="7.170" contextid="914" timestamp="2019-07-07T05:37:41.174">
  <memory-copied type="eden" objects="2" bytes="56" bytesdiscarded="0" />
  <memory-copied type="other" objects="70904" bytes="2048168" bytesdiscarded="312" />
  <memory-cardclean objects="13890" bytes="385120" />
  <regions eden="29" other="3" />
  <remembered-set-cleared processed="30001" cleared="4976" durationms="0.358" />
  <stringconstants candidates="13762" cleared="0"  />
</gc-op>
<gc-op id="918" type="classunload" timems="0.004" contextid="914" timestamp="2019-07-07T05:37:41.174">
  <classunload-info classloadercandidates="55" classloadersunloaded="0" classesunloaded="0" anonymousclassesunloaded="0" quiescems="0.000" setupms="0.004" scanms="0.000" postms="0.000" />
</gc-op>
<gc-end id="919" type="partial gc" contextid="914" durationms="8.255" usertimems="4.000" systemtimems="4.000" timestamp="2019-07-07T05:37:41.175" activeThreads="1">
  <mem-info id="920" free="57671680" total="94371840" percent="61">
    <mem type="eden" free="1048520" total="1048576" percent="99" />
    <remembered-set count="34880" freebytes="3627520" totalbytes="3767040" percent="96" regionsoverflowed="0" regionsstable="4" regionsrebuilding="0"/>
  </mem-info>
</gc-end>
<cycle-end id="921" type="partial gc" contextid="914" timestamp="2019-07-07T05:37:41.175" />
  <attribute name="elasticGC enabled" value="1" />
  <attribute name= "numThreadsSpecified" value="1" />
  <attribute name="heapSize specified" value="0" />
  <attribute name="Current GC Util" value="69" />
  <attribute name= "Current Time Running" value="11969" />
  <attribute name ="GC Interval" value="0" />
  <attribute name="ProportionalT" value="24.500000" />
  <attribute name="ProportionalI" value="24.500000" />
  <attribute name="ProportionalH" value="24.500000" />
  <attribute name="Current Error" value="49.000000" />
  <attribute name="IntegralT" value="0.000000" />
  <attribute name="IntegralI" value="0.000000" />
  <attribute name="IntegralH" value="0.000000" />
  <attribute name="DerivativeT" value="inf" />
  <attribute name="DerivativeI" value="inf" />
  <attribute name="DerivativeH" value="inf" />
  <attribute name="Loop Time for DT" value="0.000000" />
  <attribute name="Output H" value="8388608"/>
  <attribute name="Output I" value="200"/>
  <attribute name="Output T" value="1"/>
  <attribute name="Target GC Util Change" value ="20.000000" />
  <attribute name="Current GC Util Change" value="69.000000"/>
  <attribute name="GC Util currently" value="69" />
  <attribute name="CPU Util currently" value="16872227719757" />
<exclusive-end id="922" timestamp="2019-07-07T05:37:41.175" durationms="9.649" />

<exclusive-start id="923" timestamp="2019-07-07T05:37:41.190" intervalms="24.472">
  <response-info timems="0.080" idlems="0.080" threads="0" lastid="000000000202A700" lastname="main" />
</exclusive-start>
<allocation-taxation id="924" taxation-threshold="30408704" timestamp="2019-07-07T05:37:41.190" intervalms="24.441" />
<cycle-start id="925" type="partial gc" contextid="0" timestamp="2019-07-07T05:37:41.190" intervalms="24.412" />
<gc-start id="926" type="partial gc" contextid="925" timestamp="2019-07-07T05:37:41.191">
  <mem-info id="927" free="27262976" total="94371840" percent="28">
    <mem type="eden" free="1048520" total="31457280" percent="3" />
    <remembered-set count="34048" freebytes="3630848" totalbytes="3767040" percent="96" regionsoverflowed="0" regionsstable="5" regionsrebuilding="0"/>
  </mem-info>
</gc-start>
<allocation-stats totalBytes="30306688" >
  <allocated-bytes non-tlh="0" tlh="30306688" arrayletleaf="0"/>
  <largest-consumer threadName="main" threadId="000000000202A700" bytes="30306688" />
</allocation-stats>
<gc-op id="928" type="copy forward" timems="7.947" contextid="925" timestamp="2019-07-07T05:37:41.199">
  <memory-copied type="eden" objects="2" bytes="56" bytesdiscarded="0" />
  <memory-copied type="other" objects="84195" bytes="2044408" bytesdiscarded="248" />
  <memory-cardclean objects="9377" bytes="640640" />
  <regions eden="29" other="3" />
  <remembered-set-cleared processed="30361" cleared="5035" durationms="0.360" />
  <references type="soft" candidates="2139" cleared="0" enqueued="0" dynamicThreshold="19" maxThreshold="32" />
  <references type="weak" candidates="67" cleared="0" enqueued="0" />
  <stringconstants candidates="13762" cleared="0"  />
</gc-op>
<gc-op id="929" type="classunload" timems="0.004" contextid="925" timestamp="2019-07-07T05:37:41.199">
  <classunload-info classloadercandidates="55" classloadersunloaded="0" classesunloaded="0" anonymousclassesunloaded="0" quiescems="0.000" setupms="0.004" scanms="0.000" postms="0.000" />
</gc-op>
<gc-end id="930" type="partial gc" contextid="925" durationms="9.096" usertimems="8.000" systemtimems="0.000" timestamp="2019-07-07T05:37:41.200" activeThreads="1">
  <mem-info id="931" free="57671680" total="94371840" percent="61">
    <mem type="eden" free="1048520" total="1048576" percent="99" />
    <remembered-set count="33728" freebytes="3632128" totalbytes="3767040" percent="96" regionsoverflowed="0" regionsstable="5" regionsrebuilding="0"/>
  </mem-info>
</gc-end>
<cycle-end id="932" type="partial gc" contextid="925" timestamp="2019-07-07T05:37:41.200" />
  <attribute name="elasticGC enabled" value="1" />
  <attribute name= "numThreadsSpecified" value="1" />
  <attribute name="heapSize specified" value="0" />
  <attribute name="Current GC Util" value="58" />
  <attribute name= "Current Time Running" value="11993" />
  <attribute name ="GC Interval" value="0" />
  <attribute name="ProportionalT" value="19.000000" />
  <attribute name="ProportionalI" value="19.000000" />
  <attribute name="ProportionalH" value="19.000000" />
  <attribute name="Current Error" value="38.000000" />
  <attribute name="IntegralT" value="0.000000" />
  <attribute name="IntegralI" value="0.000000" />
  <attribute name="IntegralH" value="0.000000" />
  <attribute name="DerivativeT" value="inf" />
  <attribute name="DerivativeI" value="inf" />
  <attribute name="DerivativeH" value="inf" />
  <attribute name="Loop Time for DT" value="0.000000" />
  <attribute name="Output H" value="8388608"/>
  <attribute name="Output I" value="200"/>
  <attribute name="Output T" value="1"/>
  <attribute name="Target GC Util Change" value ="20.000000" />
  <attribute name="Current GC Util Change" value="58.000000"/>
  <attribute name="GC Util currently" value="58" />
  <attribute name="CPU Util currently" value="16648926347058" />
<exclusive-end id="933" timestamp="2019-07-07T05:37:41.200" durationms="10.131" />

<exclusive-start id="934" timestamp="2019-07-07T05:37:41.215" intervalms="24.970">
  <response-info timems="0.068" idlems="0.068" threads="0" lastid="000000000202A700" lastname="main" />
</exclusive-start>
<allocation-taxation id="935" taxation-threshold="30408704" timestamp="2019-07-07T05:37:41.215" intervalms="24.976" />
<cycle-start id="936" type="partial gc" contextid="0" timestamp="2019-07-07T05:37:41.215" intervalms="24.954" />
<gc-start id="937" type="partial gc" contextid="936" timestamp="2019-07-07T05:37:41.216">
  <mem-info id="938" free="27262976" total="94371840" percent="28">
    <mem type="eden" free="1048520" total="31457280" percent="3" />
    <remembered-set count="33728" freebytes="3632128" totalbytes="3767040" percent="96" regionsoverflowed="0" regionsstable="5" regionsrebuilding="0"/>
  </mem-info>
</gc-start>
<allocation-stats totalBytes="30306664" >
  <allocated-bytes non-tlh="0" tlh="30306664" arrayletleaf="0"/>
  <largest-consumer threadName="main" threadId="000000000202A700" bytes="30306664" />
</allocation-stats>
<gc-op id="939" type="copy forward" timems="7.176" contextid="936" timestamp="2019-07-07T05:37:41.224">
  <memory-copied type="eden" objects="2" bytes="56" bytesdiscarded="0" />
  <memory-copied type="other" objects="74587" bytes="1925224" bytesdiscarded="640" />
  <memory-cardclean objects="11231" bytes="448440" />
  <regions eden="29" other="3" />
  <remembered-set-cleared processed="29971" cleared="4739" durationms="0.345" />
  <references type="soft" candidates="25" cleared="0" enqueued="0" dynamicThreshold="19" maxThreshold="32" />
  <references type="weak" candidates="36" cleared="0" enqueued="0" />
  <stringconstants candidates="13762" cleared="0"  />
</gc-op>
<gc-op id="940" type="classunload" timems="0.004" contextid="936" timestamp="2019-07-07T05:37:41.224">
  <classunload-info classloadercandidates="55" classloadersunloaded="0" classesunloaded="0" anonymousclassesunloaded="0" quiescems="0.000" setupms="0.004" scanms="0.000" postms="0.000" />
</gc-op>
<gc-end id="941" type="partial gc" contextid="936" durationms="8.367" usertimems="8.000" systemtimems="0.000" timestamp="2019-07-07T05:37:41.224" activeThreads="1">
  <mem-info id="942" free="57671680" total="94371840" percent="61">
    <mem type="eden" free="1048520" total="1048576" percent="99" />
    <remembered-set count="34176" freebytes="3630336" totalbytes="3767040" percent="96" regionsoverflowed="0" regionsstable="5" regionsrebuilding="0"/>
  </mem-info>
</gc-end>
<cycle-end id="943" type="partial gc" contextid="936" timestamp="2019-07-07T05:37:41.224" />
  <attribute name="elasticGC enabled" value="1" />
  <attribute name= "numThreadsSpecified" value="1" />
  <attribute name="heapSize specified" value="0" />
  <attribute name="Current GC Util" value="73" />
  <attribute name= "Current Time Running" value="12018" />
  <attribute name ="GC Interval" value="0" />
  <attribute name="ProportionalT" value="26.500000" />
  <attribute name="ProportionalI" value="26.500000" />
  <attribute name="ProportionalH" value="26.500000" />
  <attribute name="Current Error" value="53.000000" />
  <attribute name="IntegralT" value="0.000000" />
  <attribute name="IntegralI" value="0.000000" />
  <attribute name="IntegralH" value="0.000000" />
  <attribute name="DerivativeT" value="inf" />
  <attribute name="DerivativeI" value="inf" />
  <attribute name="DerivativeH" value="inf" />
  <attribute name="Loop Time for DT" value="0.000000" />
  <attribute name="Output H" value="8388608"/>
  <attribute name="Output I" value="200"/>
  <attribute name="Output T" value="1"/>
  <attribute name="Target GC Util Change" value ="20.000000" />
  <attribute name="Current GC Util Change" value="73.000000"/>
  <attribute name="GC Util currently" value="73" />
  <attribute name="CPU Util currently" value="18247698117743" />
<exclusive-end id="944" timestamp="2019-07-07T05:37:41.224" durationms="9.500" />

<exclusive-start id="945" timestamp="2019-07-07T05:37:41.239" intervalms="24.355">
  <response-info timems="0.087" idlems="0.087" threads="0" lastid="000000000202A700" lastname="main" />
</exclusive-start>
<allocation-taxation id="946" taxation-threshold="30408704" timestamp="2019-07-07T05:37:41.240" intervalms="24.372" />
<cycle-start id="947" type="partial gc" contextid="0" timestamp="2019-07-07T05:37:41.240" intervalms="24.343" />
<gc-start id="948" type="partial gc" contextid="947" timestamp="2019-07-07T05:37:41.240">
  <mem-info id="949" free="27262976" total="94371840" percent="28">
    <mem type="eden" free="1048520" total="31457280" percent="3" />
    <remembered-set count="33344" freebytes="3633664" totalbytes="3767040" percent="96" regionsoverflowed="0" regionsstable="6" regionsrebuilding="0"/>
  </mem-info>
</gc-start>
<allocation-stats totalBytes="30306688" >
  <allocated-bytes non-tlh="0" tlh="30306688" arrayletleaf="0"/>
  <largest-consumer threadName="main" threadId="000000000202A700" bytes="30306688" />
</allocation-stats>
<gc-op id="950" type="copy forward" timems="4.792" contextid="947" timestamp="2019-07-07T05:37:41.245">
  <memory-copied type="eden" objects="2" bytes="56" bytesdiscarded="0" />
  <memory-copied type="other" objects="42553" bytes="1048280" bytesdiscarded="160" />
  <memory-cardclean objects="10705" bytes="533296" />
  <regions eden="29" other="2" />
  <remembered-set-cleared processed="29803" cleared="2652" durationms="0.328" />
  <stringconstants candidates="13762" cleared="0"  />
</gc-op>
<gc-op id="951" type="classunload" timems="0.004" contextid="947" timestamp="2019-07-07T05:37:41.246">
  <classunload-info classloadercandidates="55" classloadersunloaded="0" classesunloaded="0" anonymousclassesunloaded="0" quiescems="0.000" setupms="0.004" scanms="0.000" postms="0.000" />
</gc-op>
<gc-end id="952" type="partial gc" contextid="947" durationms="5.788" usertimems="4.000" systemtimems="0.000" timestamp="2019-07-07T05:37:41.246" activeThreads="1">
  <mem-info id="953" free="57671680" total="94371840" percent="61">
    <mem type="eden" free="1048520" total="1048576" percent="99" />
    <remembered-set count="33664" freebytes="3632384" totalbytes="3767040" percent="96" regionsoverflowed="0" regionsstable="6" regionsrebuilding="0"/>
  </mem-info>
</gc-end>
<cycle-end id="954" type="partial gc" contextid="947" timestamp="2019-07-07T05:37:41.246" />
  <attribute name="elasticGC enabled" value="1" />
  <attribute name= "numThreadsSpecified" value="1" />
  <attribute name="heapSize specified" value="0" />
  <attribute name="Current GC Util" value="77" />
  <attribute name= "Current Time Running" value="12042" />
  <attribute name ="GC Interval" value="0" />
  <attribute name="ProportionalT" value="28.500000" />
  <attribute name="ProportionalI" value="28.500000" />
  <attribute name="ProportionalH" value="28.500000" />
  <attribute name="Current Error" value="57.000000" />
  <attribute name="IntegralT" value="0.000000" />
  <attribute name="IntegralI" value="0.000000" />
  <attribute name="IntegralH" value="0.000000" />
  <attribute name="DerivativeT" value="inf" />
  <attribute name="DerivativeI" value="inf" />
  <attribute name="DerivativeH" value="inf" />
  <attribute name="Loop Time for DT" value="0.000000" />
  <attribute name="Output H" value="8388608"/>
  <attribute name="Output I" value="200"/>
  <attribute name="Output T" value="1"/>
  <attribute name="Target GC Util Change" value ="20.000000" />
  <attribute name="Current GC Util Change" value="77.000000"/>
  <attribute name="GC Util currently" value="77" />
  <attribute name="CPU Util currently" value="19552226917922" />
<exclusive-end id="955" timestamp="2019-07-07T05:37:41.246" durationms="6.782" />

<exclusive-start id="956" timestamp="2019-07-07T05:37:41.261" intervalms="21.620">
  <response-info timems="0.157" idlems="0.157" threads="0" lastid="000000000202A700" lastname="main" />
</exclusive-start>
<allocation-taxation id="957" taxation-threshold="30408704" timestamp="2019-07-07T05:37:41.261" intervalms="21.574" />
<cycle-start id="958" type="partial gc" contextid="0" timestamp="2019-07-07T05:37:41.261" intervalms="21.583" />
<gc-start id="959" type="partial gc" contextid="958" timestamp="2019-07-07T05:37:41.262">
  <mem-info id="960" free="27262976" total="94371840" percent="28">
    <mem type="eden" free="1048520" total="31457280" percent="3" />
    <remembered-set count="32768" freebytes="3635968" totalbytes="3767040" percent="96" regionsoverflowed="0" regionsstable="7" regionsrebuilding="0"/>
  </mem-info>
</gc-start>
<allocation-stats totalBytes="30306688" >
  <allocated-bytes non-tlh="0" tlh="30306688" arrayletleaf="0"/>
  <largest-consumer threadName="main" threadId="000000000202A700" bytes="30306688" />
</allocation-stats>
<gc-op id="961" type="copy forward" timems="5.054" contextid="958" timestamp="2019-07-07T05:37:41.267">
  <memory-copied type="eden" objects="2" bytes="56" bytesdiscarded="0" />
  <memory-copied type="other" objects="44199" bytes="1048520" bytesdiscarded="216" />
  <memory-cardclean objects="12233" bytes="698208" />
  <regions eden="29" other="2" />
  <remembered-set-cleared processed="29192" cleared="2788" durationms="0.342" />
  <references type="weak" candidates="6" cleared="0" enqueued="0" />
  <stringconstants candidates="13762" cleared="0"  />
</gc-op>
<gc-op id="962" type="classunload" timems="0.005" contextid="958" timestamp="2019-07-07T05:37:41.268">
  <classunload-info classloadercandidates="55" classloadersunloaded="0" classesunloaded="0" anonymousclassesunloaded="0" quiescems="0.000" setupms="0.004" scanms="0.000" postms="0.000" />
</gc-op>
<gc-end id="963" type="partial gc" contextid="958" durationms="6.152" usertimems="4.000" systemtimems="0.000" timestamp="2019-07-07T05:37:41.268" activeThreads="1">
  <mem-info id="964" free="57671680" total="94371840" percent="61">
    <mem type="eden" free="1048520" total="1048576" percent="99" />
    <remembered-set count="32896" freebytes="3635456" totalbytes="3767040" percent="96" regionsoverflowed="0" regionsstable="7" regionsrebuilding="0"/>
  </mem-info>
</gc-end>
<cycle-end id="965" type="partial gc" contextid="958" timestamp="2019-07-07T05:37:41.268" />
  <attribute name="elasticGC enabled" value="1" />
  <attribute name= "numThreadsSpecified" value="1" />
  <attribute name="heapSize specified" value="0" />
  <attribute name="Current GC Util" value="69" />
  <attribute name= "Current Time Running" value="12064" />
  <attribute name ="GC Interval" value="0" />
  <attribute name="ProportionalT" value="24.500000" />
  <attribute name="ProportionalI" value="24.500000" />
  <attribute name="ProportionalH" value="24.500000" />
  <attribute name="Current Error" value="49.000000" />
  <attribute name="IntegralT" value="0.000000" />
  <attribute name="IntegralI" value="0.000000" />
  <attribute name="IntegralH" value="0.000000" />
  <attribute name="DerivativeT" value="inf" />
  <attribute name="DerivativeI" value="inf" />
  <attribute name="DerivativeH" value="inf" />
  <attribute name="Loop Time for DT" value="0.000000" />
  <attribute name="Output H" value="8388608"/>
  <attribute name="Output I" value="200"/>
  <attribute name="Output T" value="1"/>
  <attribute name="Target GC Util Change" value ="20.000000" />
  <attribute name="Current GC Util Change" value="69.000000"/>
  <attribute name="GC Util currently" value="69" />
  <attribute name="CPU Util currently" value="18073206965827" />
<exclusive-end id="966" timestamp="2019-07-07T05:37:41.268" durationms="7.179" />

<exclusive-start id="967" timestamp="2019-07-07T05:37:41.294" intervalms="32.675">
  <response-info timems="0.084" idlems="0.084" threads="0" lastid="000000000202A700" lastname="main" />
</exclusive-start>
<allocation-taxation id="968" taxation-threshold="30408704" timestamp="2019-07-07T05:37:41.294" intervalms="32.651" />
<cycle-start id="969" type="partial gc" contextid="0" timestamp="2019-07-07T05:37:41.294" intervalms="32.628" />
<gc-start id="970" type="partial gc" contextid="969" timestamp="2019-07-07T05:37:41.294">
  <mem-info id="971" free="27262976" total="94371840" percent="28">
    <mem type="eden" free="1048520" total="31457280" percent="3" />
    <remembered-set count="31840" freebytes="3639680" totalbytes="3767040" percent="96" regionsoverflowed="0" regionsstable="8" regionsrebuilding="0"/>
  </mem-info>
</gc-start>
<allocation-stats totalBytes="30220568" >
  <allocated-bytes non-tlh="0" tlh="30220568" arrayletleaf="0"/>
  <largest-consumer threadName="main" threadId="000000000202A700" bytes="30220568" />
</allocation-stats>
<gc-op id="972" type="copy forward" timems="1.256" contextid="969" timestamp="2019-07-07T05:37:41.296">
  <memory-copied type="eden" objects="28" bytes="1960" bytesdiscarded="968" />
  <memory-copied type="other" objects="0" bytes="0" bytesdiscarded="0" />
  <memory-cardclean objects="78" bytes="2520" />
  <regions eden="29" other="1" />
  <remembered-set-cleared processed="28945" cleared="15" durationms="0.176" />
  <stringconstants candidates="13762" cleared="0"  />
</gc-op>
<gc-op id="973" type="classunload" timems="0.005" contextid="969" timestamp="2019-07-07T05:37:41.296">
  <classunload-info classloadercandidates="55" classloadersunloaded="0" classesunloaded="0" anonymousclassesunloaded="0" quiescems="0.000" setupms="0.005" scanms="0.000" postms="0.000" />
</gc-op>
<gc-end id="974" type="partial gc" contextid="969" durationms="2.163" usertimems="0.000" systemtimems="4.000" timestamp="2019-07-07T05:37:41.296" activeThreads="4">
  <mem-info id="975" free="57671680" total="94371840" percent="61">
    <mem type="eden" free="1045648" total="1048576" percent="99" />
    <remembered-set count="31872" freebytes="3639552" totalbytes="3767040" percent="96" regionsoverflowed="0" regionsstable="8" regionsrebuilding="0"/>
  </mem-info>
</gc-end>
<cycle-end id="976" type="partial gc" contextid="969" timestamp="2019-07-07T05:37:41.296" />
  <attribute name="elasticGC enabled" value="1" />
  <attribute name= "numThreadsSpecified" value="4" />
  <attribute name="heapSize specified" value="0" />
  <attribute name="Current GC Util" value="63" />
  <attribute name= "Current Time Running" value="12097" />
  <attribute name ="GC Interval" value="0" />
  <attribute name="ProportionalT" value="21.500000" />
  <attribute name="ProportionalI" value="21.500000" />
  <attribute name="ProportionalH" value="21.500000" />
  <attribute name="Current Error" value="43.000000" />
  <attribute name="IntegralT" value="21.500000" />
  <attribute name="IntegralI" value="21.500000" />
  <attribute name="IntegralH" value="21.500000" />
  <attribute name="DerivativeT" value="43.000000" />
  <attribute name="DerivativeI" value="43.000000" />
  <attribute name="DerivativeH" value="43.000000" />
  <attribute name="Loop Time for DT" value="1.000000" />
  <attribute name="Output H" value="8388608"/>
  <attribute name="Output I" value="200"/>
  <attribute name="Output T" value="4"/>
  <attribute name="Target GC Util Change" value ="20.000000" />
  <attribute name="Current GC Util Change" value="63.000000"/>
  <attribute name="GC Util currently" value="63" />
  <attribute name="CPU Util currently" value="19412312427946" />
<exclusive-end id="977" timestamp="2019-07-07T05:37:41.297" durationms="3.090" />

<exclusive-start id="978" timestamp="2019-07-07T05:37:41.322" intervalms="28.727">
  <response-info timems="0.094" idlems="0.094" threads="0" lastid="000000000202A700" lastname="main" />
</exclusive-start>
<allocation-taxation id="979" taxation-threshold="30408704" timestamp="2019-07-07T05:37:41.322" intervalms="28.713" />
<cycle-start id="980" type="partial gc" contextid="0" timestamp="2019-07-07T05:37:41.323" intervalms="28.748" />
<gc-start id="981" type="partial gc" contextid="980" timestamp="2019-07-07T05:37:41.323">
  <mem-info id="982" free="27262976" total="94371840" percent="28">
    <mem type="eden" free="0" total="30408704" percent="0" />
    <remembered-set count="30784" freebytes="3643904" totalbytes="3767040" percent="96" regionsoverflowed="0" regionsstable="9" regionsrebuilding="0"/>
  </mem-info>
</gc-start>
<allocation-stats totalBytes="30206400" >
  <allocated-bytes non-tlh="0" tlh="30206400" arrayletleaf="0"/>
  <largest-consumer threadName="main" threadId="000000000202A700" bytes="30206400" />
</allocation-stats>
<gc-op id="983" type="copy forward" timems="1.272" contextid="980" timestamp="2019-07-07T05:37:41.325">
  <memory-copied type="eden" objects="1" bytes="40" bytesdiscarded="0" />
  <memory-copied type="other" objects="27" bytes="1920" bytesdiscarded="968" />
  <memory-cardclean objects="36" bytes="1592" />
  <regions eden="29" other="1" />
  <remembered-set-cleared processed="28362" cleared="20" durationms="0.166" />
  <stringconstants candidates="13762" cleared="0"  />
</gc-op>
<gc-op id="984" type="classunload" timems="0.005" contextid="980" timestamp="2019-07-07T05:37:41.325">
  <classunload-info classloadercandidates="55" classloadersunloaded="0" classesunloaded="0" anonymousclassesunloaded="0" quiescems="0.000" setupms="0.005" scanms="0.000" postms="0.000" />
</gc-op>
<gc-end id="985" type="partial gc" contextid="980" durationms="2.315" usertimems="4.000" systemtimems="0.000" timestamp="2019-07-07T05:37:41.325" activeThreads="4">
  <mem-info id="986" free="56623104" total="94371840" percent="60">
    <mem type="eden" free="1048536" total="1048576" percent="99" />
    <remembered-set count="30752" freebytes="3644032" totalbytes="3767040" percent="96" regionsoverflowed="0" regionsstable="9" regionsrebuilding="0"/>
  </mem-info>
</gc-end>
<cycle-end id="987" type="partial gc" contextid="980" timestamp="2019-07-07T05:37:41.325" />
  <attribute name="elasticGC enabled" value="1" />
  <attribute name= "numThreadsSpecified" value="4" />
  <attribute name="heapSize specified" value="0" />
  <attribute name="Current GC Util" value="53" />
  <attribute name= "Current Time Running" value="12126" />
  <attribute name ="GC Interval" value="0" />
  <attribute name="ProportionalT" value="16.500000" />
  <attribute name="ProportionalI" value="16.500000" />
  <attribute name="ProportionalH" value="16.500000" />
  <attribute name="Current Error" value="33.000000" />
  <attribute name="IntegralT" value="16.500000" />
  <attribute name="IntegralI" value="16.500000" />
  <attribute name="IntegralH" value="16.500000" />
  <attribute name="DerivativeT" value="33.000000" />
  <attribute name="DerivativeI" value="33.000000" />
  <attribute name="DerivativeH" value="33.000000" />
  <attribute name="Loop Time for DT" value="1.000000" />
  <attribute name="Output H" value="8388608"/>
  <attribute name="Output I" value="200"/>
  <attribute name="Output T" value="4"/>
  <attribute name="Target GC Util Change" value ="20.000000" />
  <attribute name="Current GC Util Change" value="53.000000"/>
  <attribute name="GC Util currently" value="53" />
  <attribute name="CPU Util currently" value="18694104395802" />
<exclusive-end id="988" timestamp="2019-07-07T05:37:41.326" durationms="3.317" />

<exclusive-start id="989" timestamp="2019-07-07T05:37:41.347" intervalms="24.838">
  <response-info timems="0.086" idlems="0.086" threads="0" lastid="000000000202A700" lastname="main" />
</exclusive-start>
<allocation-taxation id="990" taxation-threshold="30408704" timestamp="2019-07-07T05:37:41.347" intervalms="24.894" />
<cycle-start id="991" type="partial gc" contextid="0" timestamp="2019-07-07T05:37:41.348" intervalms="24.886" />
<gc-start id="992" type="partial gc" contextid="991" timestamp="2019-07-07T05:37:41.348">
  <mem-info id="993" free="26214400" total="94371840" percent="27">
    <mem type="eden" free="1048536" total="31457280" percent="3" />
    <remembered-set count="30272" freebytes="3645952" totalbytes="3767040" percent="96" regionsoverflowed="0" regionsstable="9" regionsrebuilding="0"/>
  </mem-info>
</gc-start>
<allocation-stats totalBytes="30217992" >
  <allocated-bytes non-tlh="0" tlh="30217992" arrayletleaf="0"/>
  <largest-consumer threadName="main" threadId="000000000202A700" bytes="30217992" />
</allocation-stats>
<gc-op id="994" type="copy forward" timems="1.069" contextid="991" timestamp="2019-07-07T05:37:41.350">
  <memory-copied type="eden" objects="2" bytes="64" bytesdiscarded="0" />
  <memory-copied type="other" objects="0" bytes="0" bytesdiscarded="0" />
  <memory-cardclean objects="10" bytes="424" />
  <regions eden="29" other="1" />
  <remembered-set-cleared processed="28365" cleared="4" durationms="0.302" />
  <stringconstants candidates="13762" cleared="0"  />
</gc-op>
<gc-op id="995" type="classunload" timems="0.004" contextid="991" timestamp="2019-07-07T05:37:41.350">
  <classunload-info classloadercandidates="55" classloadersunloaded="0" classesunloaded="0" anonymousclassesunloaded="0" quiescems="0.000" setupms="0.004" scanms="0.000" postms="0.000" />
</gc-op>
<gc-end id="996" type="partial gc" contextid="991" durationms="1.983" usertimems="4.000" systemtimems="0.000" timestamp="2019-07-07T05:37:41.350" activeThreads="1">
  <mem-info id="997" free="56623104" total="94371840" percent="60">
    <mem type="eden" free="1048512" total="1048576" percent="99" />
    <remembered-set count="30784" freebytes="3643904" totalbytes="3767040" percent="96" regionsoverflowed="0" regionsstable="9" regionsrebuilding="0"/>
  </mem-info>
</gc-end>
<cycle-end id="998" type="partial gc" contextid="991" timestamp="2019-07-07T05:37:41.350" />
  <attribute name="elasticGC enabled" value="1" />
  <attribute name= "numThreadsSpecified" value="1" />
  <attribute name="heapSize specified" value="0" />
  <attribute name="Current GC Util" value="55" />
  <attribute name= "Current Time Running" value="12150" />
  <attribute name ="GC Interval" value="0" />
  <attribute name="ProportionalT" value="17.500000" />
  <attribute name="ProportionalI" value="17.500000" />
  <attribute name="ProportionalH" value="17.500000" />
  <attribute name="Current Error" value="35.000000" />
  <attribute name="IntegralT" value="0.000000" />
  <attribute name="IntegralI" value="0.000000" />
  <attribute name="IntegralH" value="0.000000" />
  <attribute name="DerivativeT" value="inf" />
  <attribute name="DerivativeI" value="inf" />
  <attribute name="DerivativeH" value="inf" />
  <attribute name="Loop Time for DT" value="0.000000" />
  <attribute name="Output H" value="8388608"/>
  <attribute name="Output I" value="200"/>
  <attribute name="Output T" value="1"/>
  <attribute name="Target GC Util Change" value ="20.000000" />
  <attribute name="Current GC Util Change" value="55.000000"/>
  <attribute name="GC Util currently" value="55" />
  <attribute name="CPU Util currently" value="19331670557515" />
<exclusive-end id="999" timestamp="2019-07-07T05:37:41.350" durationms="3.049" />

<exclusive-start id="1000" timestamp="2019-07-07T05:37:41.372" intervalms="24.701">
  <response-info timems="0.189" idlems="0.189" threads="0" lastid="000000000202A700" lastname="main" />
</exclusive-start>
<allocation-taxation id="1001" taxation-threshold="30408704" timestamp="2019-07-07T05:37:41.372" intervalms="24.690" />
<cycle-start id="1002" type="partial gc" contextid="0" timestamp="2019-07-07T05:37:41.372" intervalms="24.696" />
<gc-start id="1003" type="partial gc" contextid="1002" timestamp="2019-07-07T05:37:41.373">
  <mem-info id="1004" free="26214400" total="94371840" percent="27">
    <mem type="eden" free="1048512" total="31457280" percent="3" />
    <remembered-set count="30304" freebytes="3645824" totalbytes="3767040" percent="96" regionsoverflowed="0" regionsstable="9" regionsrebuilding="0"/>
  </mem-info>
</gc-start>
<allocation-stats totalBytes="30218088" >
  <allocated-bytes non-tlh="0" tlh="30218088" arrayletleaf="0"/>
  <largest-consumer threadName="main" threadId="000000000202A700" bytes="30218088" />
</allocation-stats>
<gc-op id="1005" type="copy forward" timems="4.025" contextid="1002" timestamp="2019-07-07T05:37:41.377">
  <memory-copied type="eden" objects="2" bytes="64" bytesdiscarded="0" />
  <memory-copied type="other" objects="1696" bytes="695424" bytesdiscarded="608" />
  <memory-cardclean objects="15832" bytes="779312" />
  <regions eden="29" other="3" />
  <remembered-set-cleared processed="26306" cleared="3249" durationms="0.367" />
  <finalization candidates="9" enqueued="0" />
  <ownableSynchronizers candidates="16" cleared="0" />
  <references type="soft" candidates="4" cleared="0" enqueued="0" dynamicThreshold="19" maxThreshold="32" />
  <references type="weak" candidates="178" cleared="0" enqueued="0" />
  <references type="phantom" candidates="29" cleared="0" enqueued="0" />
  <stringconstants candidates="13762" cleared="0"  />
</gc-op>
<gc-op id="1006" type="classunload" timems="0.005" contextid="1002" timestamp="2019-07-07T05:37:41.378">
  <classunload-info classloadercandidates="55" classloadersunloaded="0" classesunloaded="0" anonymousclassesunloaded="0" quiescems="0.000" setupms="0.005" scanms="0.000" postms="0.000" />
</gc-op>
<heap-resize id="1007" type="contract" space="default" amount="2097152" count="1" timems="0.049" reason="excess free space following gc" timestamp="2019-07-07T05:37:41.378" />
<gc-end id="1008" type="partial gc" contextid="1002" durationms="5.255" usertimems="12.000" systemtimems="0.000" timestamp="2019-07-07T05:37:41.378" activeThreads="1">
  <mem-info id="1009" free="56623104" total="92274688" percent="61">
    <mem type="eden" free="1048512" total="1048576" percent="99" />
    <remembered-set count="30432" freebytes="3645312" totalbytes="3767040" percent="96" regionsoverflowed="0" regionsstable="9" regionsrebuilding="0"/>
  </mem-info>
</gc-end>
<cycle-end id="1010" type="partial gc" contextid="1002" timestamp="2019-07-07T05:37:41.378" />
  <attribute name="elasticGC enabled" value="1" />
  <attribute name= "numThreadsSpecified" value="1" />
  <attribute name="heapSize specified" value="0" />
  <attribute name="Current GC Util" value="79" />
  <attribute name= "Current Time Running" value="12175" />
  <attribute name ="GC Interval" value="0" />
  <attribute name="ProportionalT" value="29.500000" />
  <attribute name="ProportionalI" value="29.500000" />
  <attribute name="ProportionalH" value="29.500000" />
  <attribute name="Current Error" value="59.000000" />
  <attribute name="IntegralT" value="0.000000" />
  <attribute name="IntegralI" value="0.000000" />
  <attribute name="IntegralH" value="0.000000" />
  <attribute name="DerivativeT" value="inf" />
  <attribute name="DerivativeI" value="inf" />
  <attribute name="DerivativeH" value="inf" />
  <attribute name="Loop Time for DT" value="0.000000" />
  <attribute name="Output H" value="8388608"/>
  <attribute name="Output I" value="200"/>
  <attribute name="Output T" value="1"/>
  <attribute name="Target GC Util Change" value ="20.000000" />
  <attribute name="Current GC Util Change" value="79.000000"/>
  <attribute name="GC Util currently" value="79" />
  <attribute name="CPU Util currently" value="20535993879142" />
<exclusive-end id="1011" timestamp="2019-07-07T05:37:41.378" durationms="6.423" />

<exclusive-start id="1012" timestamp="2019-07-07T05:37:41.399" intervalms="27.450">
  <response-info timems="0.219" idlems="0.219" threads="0" lastid="000000000202A700" lastname="main" />
</exclusive-start>
<allocation-taxation id="1013" taxation-threshold="29360128" timestamp="2019-07-07T05:37:41.399" intervalms="27.437" />
<cycle-start id="1014" type="partial gc" contextid="0" timestamp="2019-07-07T05:37:41.400" intervalms="27.429" />
<gc-start id="1015" type="partial gc" contextid="1014" timestamp="2019-07-07T05:37:41.400">
  <mem-info id="1016" free="27262976" total="92274688" percent="29">
    <mem type="eden" free="1048512" total="30408704" percent="3" />
    <remembered-set count="27904" freebytes="3655424" totalbytes="3767040" percent="97" regionsoverflowed="0" regionsstable="10" regionsrebuilding="0"/>
  </mem-info>
</gc-start>
<allocation-stats totalBytes="29176104" >
  <allocated-bytes non-tlh="0" tlh="29176104" arrayletleaf="0"/>
  <largest-consumer threadName="main" threadId="000000000202A700" bytes="29176104" />
</allocation-stats>
<gc-op id="1017" type="copy forward" timems="3.951" contextid="1014" timestamp="2019-07-07T05:37:41.405">
  <memory-copied type="eden" objects="2" bytes="64" bytesdiscarded="0" />
  <memory-copied type="other" objects="16201" bytes="760064" bytesdiscarded="112968" />
  <memory-cardclean objects="94322" bytes="2444176" />
  <regions eden="28" other="3" />
  <remembered-set-cleared processed="17210" cleared="3021" durationms="0.211" />
  <finalization candidates="13" enqueued="0" />
  <references type="soft" candidates="63" cleared="0" enqueued="0" dynamicThreshold="19" maxThreshold="32" />
  <references type="weak" candidates="144" cleared="0" enqueued="0" />
  <references type="phantom" candidates="55" cleared="0" enqueued="0" />
  <stringconstants candidates="13762" cleared="0"  />
</gc-op>
<gc-op id="1018" type="classunload" timems="0.006" contextid="1014" timestamp="2019-07-07T05:37:41.405">
  <classunload-info classloadercandidates="55" classloadersunloaded="0" classesunloaded="0" anonymousclassesunloaded="0" quiescems="0.000" setupms="0.006" scanms="0.000" postms="0.000" />
</gc-op>
<heap-resize id="1019" type="contract" space="default" amount="5242880" count="1" timems="0.052" reason="excess free space following gc" timestamp="2019-07-07T05:37:41.405" />
<gc-end id="1020" type="partial gc" contextid="1014" durationms="5.331" usertimems="12.000" systemtimems="0.000" timestamp="2019-07-07T05:37:41.405" activeThreads="4">
  <mem-info id="1021" free="53477376" total="87031808" percent="61">
    <mem type="eden" free="1048512" total="1048576" percent="99" />
    <remembered-set count="28352" freebytes="3569920" totalbytes="3683328" percent="96" regionsoverflowed="0" regionsstable="10" regionsrebuilding="0"/>
  </mem-info>
</gc-end>
<cycle-end id="1022" type="partial gc" contextid="1014" timestamp="2019-07-07T05:37:41.406" />
  <attribute name="elasticGC enabled" value="1" />
  <attribute name= "numThreadsSpecified" value="4" />
  <attribute name="heapSize specified" value="0" />
  <attribute name="Current GC Util" value="42" />
  <attribute name= "Current Time Running" value="12203" />
  <attribute name ="GC Interval" value="0" />
  <attribute name="ProportionalT" value="11.000000" />
  <attribute name="ProportionalI" value="11.000000" />
  <attribute name="ProportionalH" value="11.000000" />
  <attribute name="Current Error" value="22.000000" />
  <attribute name="IntegralT" value="11.000000" />
  <attribute name="IntegralI" value="11.000000" />
  <attribute name="IntegralH" value="11.000000" />
  <attribute name="DerivativeT" value="22.000000" />
  <attribute name="DerivativeI" value="22.000000" />
  <attribute name="DerivativeH" value="22.000000" />
  <attribute name="Loop Time for DT" value="1.000000" />
  <attribute name="Output H" value="8388608"/>
  <attribute name="Output I" value="200"/>
  <attribute name="Output T" value="4"/>
  <attribute name="Target GC Util Change" value ="20.000000" />
  <attribute name="Current GC Util Change" value="42.000000"/>
  <attribute name="GC Util currently" value="42" />
  <attribute name="CPU Util currently" value="9783081671231" />
<exclusive-end id="1023" timestamp="2019-07-07T05:37:41.406" durationms="6.359" />

<exclusive-start id="1024" timestamp="2019-07-07T05:37:41.426" intervalms="26.398">
  <response-info timems="0.087" idlems="0.087" threads="0" lastid="000000000202A700" lastname="main" />
</exclusive-start>
<allocation-taxation id="1025" taxation-threshold="28311552" timestamp="2019-07-07T05:37:41.426" intervalms="26.404" />
<cycle-start id="1026" type="partial gc" contextid="0" timestamp="2019-07-07T05:37:41.426" intervalms="26.346" />
<gc-start id="1027" type="partial gc" contextid="1026" timestamp="2019-07-07T05:37:41.426">
  <mem-info id="1028" free="25165824" total="87031808" percent="28">
    <mem type="eden" free="1048512" total="29360128" percent="3" />
    <remembered-set count="27680" freebytes="3572608" totalbytes="3683328" percent="96" regionsoverflowed="0" regionsstable="12" regionsrebuilding="0"/>
  </mem-info>
</gc-start>
<allocation-stats totalBytes="28134072" >
  <allocated-bytes non-tlh="0" tlh="28134072" arrayletleaf="0"/>
  <largest-consumer threadName="main" threadId="000000000202A700" bytes="28134072" />
</allocation-stats>
<gc-op id="1029" type="copy forward" timems="1.106" contextid="1026" timestamp="2019-07-07T05:37:41.428">
  <memory-copied type="eden" objects="2" bytes="64" bytesdiscarded="0" />
  <memory-copied type="other" objects="0" bytes="0" bytesdiscarded="0" />
  <memory-cardclean objects="10" bytes="424" />
  <regions eden="27" other="1" />
  <remembered-set-cleared processed="25444" cleared="4" durationms="0.172" />
  <stringconstants candidates="13762" cleared="0"  />
</gc-op>
<gc-op id="1030" type="classunload" timems="0.005" contextid="1026" timestamp="2019-07-07T05:37:41.428">
  <classunload-info classloadercandidates="55" classloadersunloaded="0" classesunloaded="0" anonymousclassesunloaded="0" quiescems="0.000" setupms="0.004" scanms="0.000" postms="0.000" />
</gc-op>
<gc-end id="1031" type="partial gc" contextid="1026" durationms="2.353" usertimems="4.000" systemtimems="0.000" timestamp="2019-07-07T05:37:41.429" activeThreads="4">
  <mem-info id="1032" free="53477376" total="87031808" percent="61">
    <mem type="eden" free="1048512" total="1048576" percent="99" />
    <remembered-set count="27168" freebytes="3365376" totalbytes="3474048" percent="96" regionsoverflowed="0" regionsstable="12" regionsrebuilding="0"/>
  </mem-info>
</gc-end>
<cycle-end id="1033" type="partial gc" contextid="1026" timestamp="2019-07-07T05:37:41.429" />
  <attribute name="elasticGC enabled" value="1" />
  <attribute name= "numThreadsSpecified" value="4" />
  <attribute name="heapSize specified" value="0" />
  <attribute name="Current GC Util" value="36" />
  <attribute name= "Current Time Running" value="12229" />
  <attribute name ="GC Interval" value="0" />
  <attribute name="ProportionalT" value="8.000000" />
  <attribute name="ProportionalI" value="8.000000" />
  <attribute name="ProportionalH" value="8.000000" />
  <attribute name="Current Error" value="16.000000" />
  <attribute name="IntegralT" value="0.000000" />
  <attribute name="IntegralI" value="0.000000" />
  <attribute name="IntegralH" value="0.000000" />
  <attribute name="DerivativeT" value="-inf" />
  <attribute name="DerivativeI" value="-inf" />
  <attribute name="DerivativeH" value="-inf" />
  <attribute name="Loop Time for DT" value="0.000000" />
  <attribute name="Output H" value="2091843584"/>
  <attribute name="Output I" value="200"/>
  <attribute name="Output T" value="4"/>
  <attribute name="Target GC Util Change" value ="20.000000" />
  <attribute name="Current GC Util Change" value="36.000000"/>
  <attribute name="GC Util currently" value="36" />
  <attribute name="CPU Util currently" value="9502694195231" />
<exclusive-end id="1034" timestamp="2019-07-07T05:37:41.429" durationms="3.208" />

<exclusive-start id="1035" timestamp="2019-07-07T05:37:41.449" intervalms="23.284">
  <response-info timems="0.134" idlems="0.134" threads="0" lastid="000000000202A700" lastname="main" />
</exclusive-start>
<allocation-taxation id="1036" taxation-threshold="28311552" timestamp="2019-07-07T05:37:41.449" intervalms="23.340" />
<cycle-start id="1037" type="partial gc" contextid="0" timestamp="2019-07-07T05:37:41.449" intervalms="23.366" />
<gc-start id="1038" type="partial gc" contextid="1037" timestamp="2019-07-07T05:37:41.450">
  <mem-info id="1039" free="25165824" total="87031808" percent="28">
    <mem type="eden" free="1048512" total="29360128" percent="3" />
    <remembered-set count="27168" freebytes="3365376" totalbytes="3474048" percent="96" regionsoverflowed="0" regionsstable="12" regionsrebuilding="0"/>
  </mem-info>
</gc-start>
<allocation-stats totalBytes="28134096" >
  <allocated-bytes non-tlh="0" tlh="28134096" arrayletleaf="0"/>
  <largest-consumer threadName="main" threadId="000000000202A700" bytes="28134096" />
</allocation-stats>
<gc-op id="1040" type="copy forward" timems="1.043" contextid="1037" timestamp="2019-07-07T05:37:41.452">
  <memory-copied type="eden" objects="2" bytes="64" bytesdiscarded="0" />
  <memory-copied type="other" objects="0" bytes="0" bytesdiscarded="0" />
  <memory-cardclean objects="10" bytes="424" />
  <regions eden="27" other="1" />
  <remembered-set-cleared processed="25444" cleared="4" durationms="0.282" />
  <stringconstants candidates="13762" cleared="0"  />
</gc-op>
<gc-op id="1041" type="classunload" timems="0.004" contextid="1037" timestamp="2019-07-07T05:37:41.452">
  <classunload-info classloadercandidates="55" classloadersunloaded="0" classesunloaded="0" anonymousclassesunloaded="0" quiescems="0.000" setupms="0.004" scanms="0.000" postms="0.000" />
</gc-op>
<gc-end id="1042" type="partial gc" contextid="1037" durationms="2.029" usertimems="4.000" systemtimems="0.000" timestamp="2019-07-07T05:37:41.452" activeThreads="1">
  <mem-info id="1043" free="53477376" total="87031808" percent="61">
    <mem type="eden" free="1048512" total="1048576" percent="99" />
    <remembered-set count="27648" freebytes="3363456" totalbytes="3474048" percent="96" regionsoverflowed="0" regionsstable="12" regionsrebuilding="0"/>
  </mem-info>
</gc-end>
<cycle-end id="1044" type="partial gc" contextid="1037" timestamp="2019-07-07T05:37:41.452" />
  <attribute name="elasticGC enabled" value="1" />
  <attribute name= "numThreadsSpecified" value="1" />
  <attribute name="heapSize specified" value="0" />
  <attribute name="Current GC Util" value="70" />
  <attribute name= "Current Time Running" value="12252" />
  <attribute name ="GC Interval" value="0" />
  <attribute name="ProportionalT" value="25.000000" />
  <attribute name="ProportionalI" value="25.000000" />
  <attribute name="ProportionalH" value="25.000000" />
  <attribute name="Current Error" value="50.000000" />
  <attribute name="IntegralT" value="0.000000" />
  <attribute name="IntegralI" value="0.000000" />
  <attribute name="IntegralH" value="0.000000" />
  <attribute name="DerivativeT" value="inf" />
  <attribute name="DerivativeI" value="inf" />
  <attribute name="DerivativeH" value="inf" />
  <attribute name="Loop Time for DT" value="0.000000" />
  <attribute name="Output H" value="8388608"/>
  <attribute name="Output I" value="200"/>
  <attribute name="Output T" value="1"/>
  <attribute name="Target GC Util Change" value ="20.000000" />
  <attribute name="Current GC Util Change" value="70.000000"/>
  <attribute name="GC Util currently" value="70" />
  <attribute name="CPU Util currently" value="17916418031016" />
<exclusive-end id="1045" timestamp="2019-07-07T05:37:41.452" durationms="3.233" />

<exclusive-start id="1046" timestamp="2019-07-07T05:37:41.472" intervalms="23.284">
  <response-info timems="0.086" idlems="0.086" threads="0" lastid="000000000202A700" lastname="main" />
</exclusive-start>
<allocation-taxation id="1047" taxation-threshold="28311552" timestamp="2019-07-07T05:37:41.472" intervalms="23.235" />
<cycle-start id="1048" type="partial gc" contextid="0" timestamp="2019-07-07T05:37:41.473" intervalms="23.280" />
<gc-start id="1049" type="partial gc" contextid="1048" timestamp="2019-07-07T05:37:41.473">
  <mem-info id="1050" free="25165824" total="87031808" percent="28">
    <mem type="eden" free="1048512" total="29360128" percent="3" />
    <remembered-set count="27168" freebytes="3365376" totalbytes="3474048" percent="96" regionsoverflowed="0" regionsstable="12" regionsrebuilding="0"/>
  </mem-info>
</gc-start>
<allocation-stats totalBytes="28134096" >
  <allocated-bytes non-tlh="0" tlh="28134096" arrayletleaf="0"/>
  <largest-consumer threadName="main" threadId="000000000202A700" bytes="28134096" />
</allocation-stats>
<gc-op id="1051" type="copy forward" timems="1.170" contextid="1048" timestamp="2019-07-07T05:37:41.475">
  <memory-copied type="eden" objects="2" bytes="64" bytesdiscarded="0" />
  <memory-copied type="other" objects="0" bytes="0" bytesdiscarded="0" />
  <memory-cardclean objects="10" bytes="424" />
  <regions eden="27" other="1" />
  <remembered-set-cleared processed="25444" cleared="4" durationms="0.298" />
  <stringconstants candidates="13762" cleared="0"  />
</gc-op>
<gc-op id="1052" type="classunload" timems="0.006" contextid="1048" timestamp="2019-07-07T05:37:41.475">
  <classunload-info classloadercandidates="55" classloadersunloaded="0" classesunloaded="0" anonymousclassesunloaded="0" quiescems="0.000" setupms="0.005" scanms="0.000" postms="0.000" />
</gc-op>
<gc-end id="1053" type="partial gc" contextid="1048" durationms="2.298" usertimems="4.000" systemtimems="0.000" timestamp="2019-07-07T05:37:41.475" activeThreads="1">
  <mem-info id="1054" free="53477376" total="87031808" percent="61">
    <mem type="eden" free="1048512" total="1048576" percent="99" />
    <remembered-set count="27648" freebytes="3363456" totalbytes="3474048" percent="96" regionsoverflowed="0" regionsstable="12" regionsrebuilding="0"/>
  </mem-info>
</gc-end>
<cycle-end id="1055" type="partial gc" contextid="1048" timestamp="2019-07-07T05:37:41.475" />
  <attribute name="elasticGC enabled" value="1" />
  <attribute name= "numThreadsSpecified" value="1" />
  <attribute name="heapSize specified" value="0" />
  <attribute name="Current GC Util" value="55" />
  <attribute name= "Current Time Running" value="12275" />
  <attribute name ="GC Interval" value="0" />
  <attribute name="ProportionalT" value="17.500000" />
  <attribute name="ProportionalI" value="17.500000" />
  <attribute name="ProportionalH" value="17.500000" />
  <attribute name="Current Error" value="35.000000" />
  <attribute name="IntegralT" value="0.000000" />
  <attribute name="IntegralI" value="0.000000" />
  <attribute name="IntegralH" value="0.000000" />
  <attribute name="DerivativeT" value="inf" />
  <attribute name="DerivativeI" value="inf" />
  <attribute name="DerivativeH" value="inf" />
  <attribute name="Loop Time for DT" value="0.000000" />
  <attribute name="Output H" value="8388608"/>
  <attribute name="Output I" value="200"/>
  <attribute name="Output T" value="1"/>
  <attribute name="Target GC Util Change" value ="20.000000" />
  <attribute name="Current GC Util Change" value="55.000000"/>
  <attribute name="GC Util currently" value="55" />
  <attribute name="CPU Util currently" value="16360052080720" />
<exclusive-end id="1056" timestamp="2019-07-07T05:37:41.476" durationms="3.340" />

<exclusive-start id="1057" timestamp="2019-07-07T05:37:41.496" intervalms="23.533">
  <response-info timems="0.133" idlems="0.133" threads="0" lastid="000000000202A700" lastname="main" />
</exclusive-start>
<allocation-taxation id="1058" taxation-threshold="28311552" timestamp="2019-07-07T05:37:41.496" intervalms="23.585" />
<cycle-start id="1059" type="partial gc" contextid="0" timestamp="2019-07-07T05:37:41.496" intervalms="23.562" />
<gc-start id="1060" type="partial gc" contextid="1059" timestamp="2019-07-07T05:37:41.496">
  <mem-info id="1061" free="25165824" total="87031808" percent="28">
    <mem type="eden" free="1048512" total="29360128" percent="3" />
    <remembered-set count="27168" freebytes="3365376" totalbytes="3474048" percent="96" regionsoverflowed="0" regionsstable="12" regionsrebuilding="0"/>
  </mem-info>
</gc-start>
<allocation-stats totalBytes="28134072" >
  <allocated-bytes non-tlh="0" tlh="28134072" arrayletleaf="0"/>
  <largest-consumer threadName="main" threadId="000000000202A700" bytes="28134072" />
</allocation-stats>
<gc-op id="1062" type="copy forward" timems="1.158" contextid="1059" timestamp="2019-07-07T05:37:41.498">
  <memory-copied type="eden" objects="2" bytes="64" bytesdiscarded="0" />
  <memory-copied type="other" objects="0" bytes="0" bytesdiscarded="0" />
  <memory-cardclean objects="10" bytes="424" />
  <regions eden="27" other="1" />
  <remembered-set-cleared processed="25444" cleared="4" durationms="0.308" />
  <stringconstants candidates="13762" cleared="0"  />
</gc-op>
<gc-op id="1063" type="classunload" timems="0.004" contextid="1059" timestamp="2019-07-07T05:37:41.499">
  <classunload-info classloadercandidates="55" classloadersunloaded="0" classesunloaded="0" anonymousclassesunloaded="0" quiescems="0.000" setupms="0.004" scanms="0.000" postms="0.000" />
</gc-op>
<gc-end id="1064" type="partial gc" contextid="1059" durationms="2.288" usertimems="4.000" systemtimems="0.000" timestamp="2019-07-07T05:37:41.499" activeThreads="1">
  <mem-info id="1065" free="53477376" total="87031808" percent="61">
    <mem type="eden" free="1048512" total="1048576" percent="99" />
    <remembered-set count="27648" freebytes="3363456" totalbytes="3474048" percent="96" regionsoverflowed="0" regionsstable="12" regionsrebuilding="0"/>
  </mem-info>
</gc-end>
<cycle-end id="1066" type="partial gc" contextid="1059" timestamp="2019-07-07T05:37:41.499" />
  <attribute name="elasticGC enabled" value="1" />
  <attribute name= "numThreadsSpecified" value="1" />
  <attribute name="heapSize specified" value="0" />
  <attribute name="Current GC Util" value="54" />
  <attribute name= "Current Time Running" value="12299" />
  <attribute name ="GC Interval" value="0" />
  <attribute name="ProportionalT" value="17.000000" />
  <attribute name="ProportionalI" value="17.000000" />
  <attribute name="ProportionalH" value="17.000000" />
  <attribute name="Current Error" value="34.000000" />
  <attribute name="IntegralT" value="0.000000" />
  <attribute name="IntegralI" value="0.000000" />
  <attribute name="IntegralH" value="0.000000" />
  <attribute name="DerivativeT" value="inf" />
  <attribute name="DerivativeI" value="inf" />
  <attribute name="DerivativeH" value="inf" />
  <attribute name="Loop Time for DT" value="0.000000" />
  <attribute name="Output H" value="8388608"/>
  <attribute name="Output I" value="200"/>
  <attribute name="Output T" value="1"/>
  <attribute name="Target GC Util Change" value ="20.000000" />
  <attribute name="Current GC Util Change" value="54.000000"/>
  <attribute name="GC Util currently" value="54" />
  <attribute name="CPU Util currently" value="17075764984223" />
<exclusive-end id="1067" timestamp="2019-07-07T05:37:41.499" durationms="3.431" />

<exclusive-start id="1068" timestamp="2019-07-07T05:37:41.519" intervalms="23.237">
  <response-info timems="0.040" idlems="0.040" threads="0" lastid="000000000202A700" lastname="main" />
</exclusive-start>
<allocation-taxation id="1069" taxation-threshold="28311552" timestamp="2019-07-07T05:37:41.519" intervalms="23.168" />
<cycle-start id="1070" type="partial gc" contextid="0" timestamp="2019-07-07T05:37:41.519" intervalms="23.176" />
<gc-start id="1071" type="partial gc" contextid="1070" timestamp="2019-07-07T05:37:41.520">
  <mem-info id="1072" free="25165824" total="87031808" percent="28">
    <mem type="eden" free="1048512" total="29360128" percent="3" />
    <remembered-set count="27168" freebytes="3365376" totalbytes="3474048" percent="96" regionsoverflowed="0" regionsstable="12" regionsrebuilding="0"/>
  </mem-info>
</gc-start>
<allocation-stats totalBytes="28134096" >
  <allocated-bytes non-tlh="0" tlh="28134096" arrayletleaf="0"/>
  <largest-consumer threadName="main" threadId="000000000202A700" bytes="28134096" />
</allocation-stats>
<gc-op id="1073" type="copy forward" timems="1.101" contextid="1070" timestamp="2019-07-07T05:37:41.522">
  <memory-copied type="eden" objects="2" bytes="64" bytesdiscarded="0" />
  <memory-copied type="other" objects="0" bytes="0" bytesdiscarded="0" />
  <memory-cardclean objects="10" bytes="424" />
  <regions eden="27" other="1" />
  <remembered-set-cleared processed="25444" cleared="4" durationms="0.295" />
  <stringconstants candidates="13762" cleared="0"  />
</gc-op>
<gc-op id="1074" type="classunload" timems="0.003" contextid="1070" timestamp="2019-07-07T05:37:41.522">
  <classunload-info classloadercandidates="55" classloadersunloaded="0" classesunloaded="0" anonymousclassesunloaded="0" quiescems="0.000" setupms="0.003" scanms="0.000" postms="0.000" />
</gc-op>
<gc-end id="1075" type="partial gc" contextid="1070" durationms="2.215" usertimems="4.000" systemtimems="0.000" timestamp="2019-07-07T05:37:41.522" activeThreads="1">
  <mem-info id="1076" free="53477376" total="87031808" percent="61">
    <mem type="eden" free="1048512" total="1048576" percent="99" />
    <remembered-set count="27648" freebytes="3363456" totalbytes="3474048" percent="96" regionsoverflowed="0" regionsstable="12" regionsrebuilding="0"/>
  </mem-info>
</gc-end>
<cycle-end id="1077" type="partial gc" contextid="1070" timestamp="2019-07-07T05:37:41.522" />
  <attribute name="elasticGC enabled" value="1" />
  <attribute name= "numThreadsSpecified" value="1" />
  <attribute name="heapSize specified" value="0" />
  <attribute name="Current GC Util" value="70" />
  <attribute name= "Current Time Running" value="12322" />
  <attribute name ="GC Interval" value="0" />
  <attribute name="ProportionalT" value="25.000000" />
  <attribute name="ProportionalI" value="25.000000" />
  <attribute name="ProportionalH" value="25.000000" />
  <attribute name="Current Error" value="50.000000" />
  <attribute name="IntegralT" value="0.000000" />
  <attribute name="IntegralI" value="0.000000" />
  <attribute name="IntegralH" value="0.000000" />
  <attribute name="DerivativeT" value="inf" />
  <attribute name="DerivativeI" value="inf" />
  <attribute name="DerivativeH" value="inf" />
  <attribute name="Loop Time for DT" value="0.000000" />
  <attribute name="Output H" value="8388608"/>
  <attribute name="Output I" value="200"/>
  <attribute name="Output T" value="1"/>
  <attribute name="Target GC Util Change" value ="20.000000" />
  <attribute name="Current GC Util Change" value="70.000000"/>
  <attribute name="GC Util currently" value="70" />
  <attribute name="CPU Util currently" value="17917253332553" />
<exclusive-end id="1078" timestamp="2019-07-07T05:37:41.522" durationms="3.278" />

<exclusive-start id="1079" timestamp="2019-07-07T05:37:41.536" intervalms="16.842">
  <response-info timems="0.059" idlems="0.059" threads="0" lastid="000000000202A700" lastname="main" />
</exclusive-start>
<allocation-taxation id="1080" taxation-threshold="28311552" timestamp="2019-07-07T05:37:41.536" intervalms="16.852" />
<cycle-start id="1081" type="partial gc" contextid="0" timestamp="2019-07-07T05:37:41.536" intervalms="16.861" />
<gc-start id="1082" type="partial gc" contextid="1081" timestamp="2019-07-07T05:37:41.537">
  <mem-info id="1083" free="25165824" total="87031808" percent="28">
    <mem type="eden" free="1048512" total="29360128" percent="3" />
    <remembered-set count="27168" freebytes="3365376" totalbytes="3474048" percent="96" regionsoverflowed="0" regionsstable="12" regionsrebuilding="0"/>
  </mem-info>
</gc-start>
<allocation-stats totalBytes="28134072" >
  <allocated-bytes non-tlh="0" tlh="28134072" arrayletleaf="0"/>
  <largest-consumer threadName="main" threadId="000000000202A700" bytes="28134072" />
</allocation-stats>
<gc-op id="1084" type="copy forward" timems="1.084" contextid="1081" timestamp="2019-07-07T05:37:41.538">
  <memory-copied type="eden" objects="2" bytes="64" bytesdiscarded="0" />
  <memory-copied type="other" objects="0" bytes="0" bytesdiscarded="0" />
  <memory-cardclean objects="10" bytes="424" />
  <regions eden="27" other="1" />
  <remembered-set-cleared processed="25444" cleared="4" durationms="0.293" />
  <stringconstants candidates="13762" cleared="0"  />
</gc-op>
<gc-op id="1085" type="classunload" timems="0.004" contextid="1081" timestamp="2019-07-07T05:37:41.538">
  <classunload-info classloadercandidates="55" classloadersunloaded="0" classesunloaded="0" anonymousclassesunloaded="0" quiescems="0.000" setupms="0.004" scanms="0.000" postms="0.000" />
</gc-op>
<gc-end id="1086" type="partial gc" contextid="1081" durationms="2.066" usertimems="4.000" systemtimems="0.000" timestamp="2019-07-07T05:37:41.539" activeThreads="1">
  <mem-info id="1087" free="53477376" total="87031808" percent="61">
    <mem type="eden" free="1048512" total="1048576" percent="99" />
    <remembered-set count="27648" freebytes="3363456" totalbytes="3474048" percent="96" regionsoverflowed="0" regionsstable="12" regionsrebuilding="0"/>
  </mem-info>
</gc-end>
<cycle-end id="1088" type="partial gc" contextid="1081" timestamp="2019-07-07T05:37:41.539" />
  <attribute name="elasticGC enabled" value="1" />
  <attribute name= "numThreadsSpecified" value="1" />
  <attribute name="heapSize specified" value="0" />
  <attribute name="Current GC Util" value="75" />
  <attribute name= "Current Time Running" value="12339" />
  <attribute name ="GC Interval" value="0" />
  <attribute name="ProportionalT" value="27.500000" />
  <attribute name="ProportionalI" value="27.500000" />
  <attribute name="ProportionalH" value="27.500000" />
  <attribute name="Current Error" value="55.000000" />
  <attribute name="IntegralT" value="0.000000" />
  <attribute name="IntegralI" value="0.000000" />
  <attribute name="IntegralH" value="0.000000" />
  <attribute name="DerivativeT" value="inf" />
  <attribute name="DerivativeI" value="inf" />
  <attribute name="DerivativeH" value="inf" />
  <attribute name="Loop Time for DT" value="0.000000" />
  <attribute name="Output H" value="8388608"/>
  <attribute name="Output I" value="200"/>
  <attribute name="Output T" value="1"/>
  <attribute name="Target GC Util Change" value ="20.000000" />
  <attribute name="Current GC Util Change" value="75.000000"/>
  <attribute name="GC Util currently" value="75" />
  <attribute name="CPU Util currently" value="18418011904240" />
<exclusive-end id="1089" timestamp="2019-07-07T05:37:41.539" durationms="3.130" />

<exclusive-start id="1090" timestamp="2019-07-07T05:37:41.553" intervalms="16.863">
  <response-info timems="0.079" idlems="0.079" threads="0" lastid="000000000202A700" lastname="main" />
</exclusive-start>
<allocation-taxation id="1091" taxation-threshold="28311552" timestamp="2019-07-07T05:37:41.553" intervalms="16.889" />
<cycle-start id="1092" type="partial gc" contextid="0" timestamp="2019-07-07T05:37:41.553" intervalms="16.909" />
<gc-start id="1093" type="partial gc" contextid="1092" timestamp="2019-07-07T05:37:41.553">
  <mem-info id="1094" free="25165824" total="87031808" percent="28">
    <mem type="eden" free="1048512" total="29360128" percent="3" />
    <remembered-set count="27168" freebytes="3365376" totalbytes="3474048" percent="96" regionsoverflowed="0" regionsstable="12" regionsrebuilding="0"/>
  </mem-info>
</gc-start>
<allocation-stats totalBytes="28134096" >
  <allocated-bytes non-tlh="0" tlh="28134096" arrayletleaf="0"/>
  <largest-consumer threadName="main" threadId="000000000202A700" bytes="28134096" />
</allocation-stats>
<gc-op id="1095" type="copy forward" timems="0.997" contextid="1092" timestamp="2019-07-07T05:37:41.555">
  <memory-copied type="eden" objects="2" bytes="64" bytesdiscarded="0" />
  <memory-copied type="other" objects="0" bytes="0" bytesdiscarded="0" />
  <memory-cardclean objects="10" bytes="424" />
  <regions eden="27" other="1" />
  <remembered-set-cleared processed="25444" cleared="4" durationms="0.264" />
  <stringconstants candidates="13762" cleared="0"  />
</gc-op>
<gc-op id="1096" type="classunload" timems="0.004" contextid="1092" timestamp="2019-07-07T05:37:41.555">
  <classunload-info classloadercandidates="55" classloadersunloaded="0" classesunloaded="0" anonymousclassesunloaded="0" quiescems="0.000" setupms="0.003" scanms="0.000" postms="0.000" />
</gc-op>
<gc-end id="1097" type="partial gc" contextid="1092" durationms="1.984" usertimems="0.000" systemtimems="0.000" timestamp="2019-07-07T05:37:41.555" activeThreads="1">
  <mem-info id="1098" free="53477376" total="87031808" percent="61">
    <mem type="eden" free="1048512" total="1048576" percent="99" />
    <remembered-set count="27648" freebytes="3363456" totalbytes="3474048" percent="96" regionsoverflowed="0" regionsstable="12" regionsrebuilding="0"/>
  </mem-info>
</gc-end>
<cycle-end id="1099" type="partial gc" contextid="1092" timestamp="2019-07-07T05:37:41.556" />
  <attribute name="elasticGC enabled" value="1" />
  <attribute name= "numThreadsSpecified" value="1" />
  <attribute name="heapSize specified" value="0" />
  <attribute name="Current GC Util" value="78" />
  <attribute name= "Current Time Running" value="12356" />
  <attribute name ="GC Interval" value="0" />
  <attribute name="ProportionalT" value="29.000000" />
  <attribute name="ProportionalI" value="29.000000" />
  <attribute name="ProportionalH" value="29.000000" />
  <attribute name="Current Error" value="58.000000" />
  <attribute name="IntegralT" value="0.000000" />
  <attribute name="IntegralI" value="0.000000" />
  <attribute name="IntegralH" value="0.000000" />
  <attribute name="DerivativeT" value="inf" />
  <attribute name="DerivativeI" value="inf" />
  <attribute name="DerivativeH" value="inf" />
  <attribute name="Loop Time for DT" value="0.000000" />
  <attribute name="Output H" value="8388608"/>
  <attribute name="Output I" value="200"/>
  <attribute name="Output T" value="1"/>
  <attribute name="Target GC Util Change" value ="20.000000" />
  <attribute name="Current GC Util Change" value="78.000000"/>
  <attribute name="GC Util currently" value="78" />
  <attribute name="CPU Util currently" value="19702755243878" />
<exclusive-end id="1100" timestamp="2019-07-07T05:37:41.556" durationms="3.072" />

<exclusive-start id="1101" timestamp="2019-07-07T05:37:41.569" intervalms="16.766">
  <response-info timems="0.085" idlems="0.085" threads="0" lastid="000000000202A700" lastname="main" />
</exclusive-start>
<allocation-taxation id="1102" taxation-threshold="28311552" timestamp="2019-07-07T05:37:41.570" intervalms="16.749" />
<cycle-start id="1103" type="partial gc" contextid="0" timestamp="2019-07-07T05:37:41.570" intervalms="16.758" />
<gc-start id="1104" type="partial gc" contextid="1103" timestamp="2019-07-07T05:37:41.570">
  <mem-info id="1105" free="25165824" total="87031808" percent="28">
    <mem type="eden" free="1048512" total="29360128" percent="3" />
    <remembered-set count="27168" freebytes="3365376" totalbytes="3474048" percent="96" regionsoverflowed="0" regionsstable="12" regionsrebuilding="0"/>
  </mem-info>
</gc-start>
<allocation-stats totalBytes="28134096" >
  <allocated-bytes non-tlh="0" tlh="28134096" arrayletleaf="0"/>
  <largest-consumer threadName="main" threadId="000000000202A700" bytes="28134096" />
</allocation-stats>
<gc-op id="1106" type="copy forward" timems="1.359" contextid="1103" timestamp="2019-07-07T05:37:41.572">
  <memory-copied type="eden" objects="2" bytes="64" bytesdiscarded="0" />
  <memory-copied type="other" objects="0" bytes="0" bytesdiscarded="0" />
  <memory-cardclean objects="10" bytes="424" />
  <regions eden="27" other="1" />
  <remembered-set-cleared processed="25444" cleared="4" durationms="0.188" />
  <stringconstants candidates="13762" cleared="0"  />
</gc-op>
<gc-op id="1107" type="classunload" timems="0.004" contextid="1103" timestamp="2019-07-07T05:37:41.572">
  <classunload-info classloadercandidates="55" classloadersunloaded="0" classesunloaded="0" anonymousclassesunloaded="0" quiescems="0.000" setupms="0.004" scanms="0.000" postms="0.000" />
</gc-op>
<gc-end id="1108" type="partial gc" contextid="1103" durationms="2.313" usertimems="4.000" systemtimems="0.000" timestamp="2019-07-07T05:37:41.572" activeThreads="4">
  <mem-info id="1109" free="53477376" total="87031808" percent="61">
    <mem type="eden" free="1048512" total="1048576" percent="99" />
    <remembered-set count="27168" freebytes="3365376" totalbytes="3474048" percent="96" regionsoverflowed="0" regionsstable="12" regionsrebuilding="0"/>
  </mem-info>
</gc-end>
<cycle-end id="1110" type="partial gc" contextid="1103" timestamp="2019-07-07T05:37:41.573" />
  <attribute name="elasticGC enabled" value="1" />
  <attribute name= "numThreadsSpecified" value="4" />
  <attribute name="heapSize specified" value="0" />
  <attribute name="Current GC Util" value="62" />
  <attribute name= "Current Time Running" value="12373" />
  <attribute name ="GC Interval" value="0" />
  <attribute name="ProportionalT" value="21.000000" />
  <attribute name="ProportionalI" value="21.000000" />
  <attribute name="ProportionalH" value="21.000000" />
  <attribute name="Current Error" value="42.000000" />
  <attribute name="IntegralT" value="21.000000" />
  <attribute name="IntegralI" value="21.000000" />
  <attribute name="IntegralH" value="21.000000" />
  <attribute name="DerivativeT" value="42.000000" />
  <attribute name="DerivativeI" value="42.000000" />
  <attribute name="DerivativeH" value="42.000000" />
  <attribute name="Loop Time for DT" value="1.000000" />
  <attribute name="Output H" value="8388608"/>
  <attribute name="Output I" value="200"/>
  <attribute name="Output T" value="4"/>
  <attribute name="Target GC Util Change" value ="20.000000" />
  <attribute name="Current GC Util Change" value="62.000000"/>
  <attribute name="GC Util currently" value="62" />
  <attribute name="CPU Util currently" value="15911253874916" />
<exclusive-end id="1111" timestamp="2019-07-07T05:37:41.573" durationms="3.258" />

<exclusive-start id="1112" timestamp="2019-07-07T05:37:41.691" intervalms="121.158">
  <response-info timems="0.098" idlems="0.098" threads="0" lastid="000000000202A700" lastname="main" />
</exclusive-start>
<allocation-taxation id="1113" taxation-threshold="28311552" timestamp="2019-07-07T05:37:41.691" intervalms="121.177" />
<cycle-start id="1114" type="partial gc" contextid="0" timestamp="2019-07-07T05:37:41.691" intervalms="121.116" />
<gc-start id="1115" type="partial gc" contextid="1114" timestamp="2019-07-07T05:37:41.691">
  <mem-info id="1116" free="25165824" total="87031808" percent="28">
    <mem type="eden" free="1048512" total="29360128" percent="3" />
    <remembered-set count="27168" freebytes="3365376" totalbytes="3474048" percent="96" regionsoverflowed="0" regionsstable="12" regionsrebuilding="0"/>
  </mem-info>
</gc-start>
<allocation-stats totalBytes="28303392" >
  <allocated-bytes non-tlh="0" tlh="28303392" arrayletleaf="0"/>
  <largest-consumer threadName="main" threadId="000000000202A700" bytes="28303392" />
</allocation-stats>
<gc-op id="1117" type="copy forward" timems="1.166" contextid="1114" timestamp="2019-07-07T05:37:41.693">
  <memory-copied type="eden" objects="158" bytes="5232" bytesdiscarded="0" />
  <memory-copied type="other" objects="0" bytes="0" bytesdiscarded="0" />
  <memory-cardclean objects="80" bytes="3128" />
  <regions eden="27" other="1" />
  <remembered-set-cleared processed="25444" cleared="15" durationms="0.304" />
  <stringconstants candidates="13762" cleared="0"  />
</gc-op>
<gc-op id="1118" type="classunload" timems="0.004" contextid="1114" timestamp="2019-07-07T05:37:41.693">
  <classunload-info classloadercandidates="55" classloadersunloaded="0" classesunloaded="0" anonymousclassesunloaded="0" quiescems="0.000" setupms="0.004" scanms="0.000" postms="0.000" />
</gc-op>
<gc-end id="1119" type="partial gc" contextid="1114" durationms="2.193" usertimems="4.000" systemtimems="0.000" timestamp="2019-07-07T05:37:41.694" activeThreads="1">
  <mem-info id="1120" free="53477376" total="87031808" percent="61">
    <mem type="eden" free="1043344" total="1048576" percent="99" />
    <remembered-set count="27584" freebytes="3363712" totalbytes="3474048" percent="96" regionsoverflowed="0" regionsstable="12" regionsrebuilding="0"/>
  </mem-info>
</gc-end>
<cycle-end id="1121" type="partial gc" contextid="1114" timestamp="2019-07-07T05:37:41.694" />
  <attribute name="elasticGC enabled" value="1" />
  <attribute name= "numThreadsSpecified" value="1" />
  <attribute name="heapSize specified" value="0" />
  <attribute name="Current GC Util" value="49" />
  <attribute name= "Current Time Running" value="12494" />
  <attribute name ="GC Interval" value="0" />
  <attribute name="ProportionalT" value="14.500000" />
  <attribute name="ProportionalI" value="14.500000" />
  <attribute name="ProportionalH" value="14.500000" />
  <attribute name="Current Error" value="29.000000" />
  <attribute name="IntegralT" value="0.000000" />
  <attribute name="IntegralI" value="0.000000" />
  <attribute name="IntegralH" value="0.000000" />
  <attribute name="DerivativeT" value="inf" />
  <attribute name="DerivativeI" value="inf" />
  <attribute name="DerivativeH" value="inf" />
  <attribute name="Loop Time for DT" value="0.000000" />
  <attribute name="Output H" value="8388608"/>
  <attribute name="Output I" value="200"/>
  <attribute name="Output T" value="1"/>
  <attribute name="Target GC Util Change" value ="20.000000" />
  <attribute name="Current GC Util Change" value="49.000000"/>
  <attribute name="GC Util currently" value="49" />
  <attribute name="CPU Util currently" value="16873153689012" />
<exclusive-end id="1122" timestamp="2019-07-07T05:37:41.694" durationms="3.282" />

<exclusive-start id="1123" timestamp="2019-07-07T05:37:41.797" intervalms="106.599">
  <response-info timems="0.077" idlems="0.077" threads="0" lastid="000000000202A700" lastname="main" />
</exclusive-start>
<allocation-taxation id="1124" taxation-threshold="28311552" timestamp="2019-07-07T05:37:41.797" intervalms="106.565" />
<cycle-start id="1125" type="partial gc" contextid="0" timestamp="2019-07-07T05:37:41.798" intervalms="106.581" />
<gc-start id="1126" type="partial gc" contextid="1125" timestamp="2019-07-07T05:37:41.798">
  <mem-info id="1127" free="25165824" total="87031808" percent="28">
    <mem type="eden" free="0" total="28311552" percent="0" />
    <remembered-set count="27136" freebytes="3365504" totalbytes="3474048" percent="96" regionsoverflowed="0" regionsstable="12" regionsrebuilding="0"/>
  </mem-info>
</gc-start>
<allocation-stats totalBytes="28307568" >
  <allocated-bytes non-tlh="0" tlh="28307568" arrayletleaf="0"/>
  <largest-consumer threadName="main" threadId="000000000202A700" bytes="28307568" />
</allocation-stats>
<gc-op id="1128" type="copy forward" timems="1.187" contextid="1125" timestamp="2019-07-07T05:37:41.800">
  <memory-copied type="eden" objects="230" bytes="7480" bytesdiscarded="0" />
  <memory-copied type="other" objects="8" bytes="184" bytesdiscarded="0" />
  <memory-cardclean objects="102" bytes="12120" />
  <regions eden="27" other="1" />
  <remembered-set-cleared processed="25465" cleared="51" durationms="0.304" />
  <references type="weak" candidates="37" cleared="0" enqueued="0" />
  <stringconstants candidates="13762" cleared="0"  />
</gc-op>
<gc-op id="1129" type="classunload" timems="0.003" contextid="1125" timestamp="2019-07-07T05:37:41.800">
  <classunload-info classloadercandidates="55" classloadersunloaded="0" classesunloaded="0" anonymousclassesunloaded="0" quiescems="0.000" setupms="0.003" scanms="0.000" postms="0.000" />
</gc-op>
<heap-resize id="1130" type="contract" space="default" amount="5242880" count="1" timems="0.123" reason="insufficient time being spent in gc" timestamp="2019-07-07T05:37:41.800" />
<gc-end id="1131" type="partial gc" contextid="1125" durationms="2.660" usertimems="0.000" systemtimems="0.000" timestamp="2019-07-07T05:37:41.801" activeThreads="1">
  <mem-info id="1132" free="47185920" total="81788928" percent="57">
    <mem type="eden" free="1041048" total="1048576" percent="99" />
    <remembered-set count="27584" freebytes="3363712" totalbytes="3474048" percent="96" regionsoverflowed="0" regionsstable="12" regionsrebuilding="0"/>
  </mem-info>
</gc-end>
<cycle-end id="1133" type="partial gc" contextid="1125" timestamp="2019-07-07T05:37:41.801" />
  <attribute name="elasticGC enabled" value="1" />
  <attribute name= "numThreadsSpecified" value="1" />
  <attribute name="heapSize specified" value="0" />
  <attribute name="Current GC Util" value="62" />
  <attribute name= "Current Time Running" value="12600" />
  <attribute name ="GC Interval" value="0" />
  <attribute name="ProportionalT" value="21.000000" />
  <attribute name="ProportionalI" value="21.000000" />
  <attribute name="ProportionalH" value="21.000000" />
  <attribute name="Current Error" value="42.000000" />
  <attribute name="IntegralT" value="0.000000" />
  <attribute name="IntegralI" value="0.000000" />
  <attribute name="IntegralH" value="0.000000" />
  <attribute name="DerivativeT" value="inf" />
  <attribute name="DerivativeI" value="inf" />
  <attribute name="DerivativeH" value="inf" />
  <attribute name="Loop Time for DT" value="0.000000" />
  <attribute name="Output H" value="8388608"/>
  <attribute name="Output I" value="200"/>
  <attribute name="Output T" value="1"/>
  <attribute name="Target GC Util Change" value ="20.000000" />
  <attribute name="Current GC Util Change" value="62.000000"/>
  <attribute name="GC Util currently" value="62" />
  <attribute name="CPU Util currently" value="14972034284959" />
<exclusive-end id="1134" timestamp="2019-07-07T05:37:41.801" durationms="3.660" />

<exclusive-start id="1135" timestamp="2019-07-07T05:37:41.861" intervalms="63.650">
  <response-info timems="0.064" idlems="0.064" threads="0" lastid="000000000202A700" lastname="main" />
</exclusive-start>
<allocation-taxation id="1136" taxation-threshold="27262976" timestamp="2019-07-07T05:37:41.861" intervalms="63.580" />
<cycle-start id="1137" type="partial gc" contextid="0" timestamp="2019-07-07T05:37:41.861" intervalms="63.575" />
<gc-start id="1138" type="partial gc" contextid="1137" timestamp="2019-07-07T05:37:41.861">
  <mem-info id="1139" free="19922944" total="81788928" percent="24">
    <mem type="eden" free="0" total="27262976" percent="0" />
    <remembered-set count="27200" freebytes="3365248" totalbytes="3474048" percent="96" regionsoverflowed="0" regionsstable="12" regionsrebuilding="0"/>
  </mem-info>
</gc-start>
<allocation-stats totalBytes="27259800" >
  <allocated-bytes non-tlh="0" tlh="27259800" arrayletleaf="0"/>
  <largest-consumer threadName="main" threadId="000000000202A700" bytes="27259800" />
</allocation-stats>
<gc-op id="1140" type="copy forward" timems="1.089" contextid="1137" timestamp="2019-07-07T05:37:41.863">
  <memory-copied type="eden" objects="125" bytes="3864" bytesdiscarded="0" />
  <memory-copied type="other" objects="114" bytes="3992" bytesdiscarded="0" />
  <memory-cardclean objects="50" bytes="10416" />
  <regions eden="26" other="1" />
  <remembered-set-cleared processed="25481" cleared="59" durationms="0.291" />
  <references type="weak" candidates="37" cleared="0" enqueued="0" />
  <stringconstants candidates="13762" cleared="0"  />
</gc-op>
<gc-op id="1141" type="classunload" timems="0.003" contextid="1137" timestamp="2019-07-07T05:37:41.863">
  <classunload-info classloadercandidates="55" classloadersunloaded="0" classesunloaded="0" anonymousclassesunloaded="0" quiescems="0.000" setupms="0.003" scanms="0.000" postms="0.000" />
</gc-op>
<heap-resize id="1142" type="contract" space="default" amount="4194304" count="1" timems="0.290" reason="insufficient time being spent in gc" timestamp="2019-07-07T05:37:41.864" />
<gc-end id="1143" type="partial gc" contextid="1137" durationms="2.628" usertimems="4.000" systemtimems="0.000" timestamp="2019-07-07T05:37:41.864" activeThreads="1">
  <mem-info id="1144" free="41943040" total="77594624" percent="54">
    <mem type="eden" free="1044712" total="1048576" percent="99" />
    <remembered-set count="27168" freebytes="3156096" totalbytes="3264768" percent="96" regionsoverflowed="0" regionsstable="12" regionsrebuilding="0"/>
  </mem-info>
</gc-end>
<cycle-end id="1145" type="partial gc" contextid="1137" timestamp="2019-07-07T05:37:41.864" />
  <attribute name="elasticGC enabled" value="1" />
  <attribute name= "numThreadsSpecified" value="1" />
  <attribute name="heapSize specified" value="0" />
  <attribute name="Current GC Util" value="41" />
  <attribute name= "Current Time Running" value="12664" />
  <attribute name ="GC Interval" value="0" />
  <attribute name="ProportionalT" value="10.500000" />
  <attribute name="ProportionalI" value="10.500000" />
  <attribute name="ProportionalH" value="10.500000" />
  <attribute name="Current Error" value="21.000000" />
  <attribute name="IntegralT" value="0.000000" />
  <attribute name="IntegralI" value="0.000000" />
  <attribute name="IntegralH" value="0.000000" />
  <attribute name="DerivativeT" value="inf" />
  <attribute name="DerivativeI" value="inf" />
  <attribute name="DerivativeH" value="inf" />
  <attribute name="Loop Time for DT" value="0.000000" />
  <attribute name="Output H" value="8388608"/>
  <attribute name="Output I" value="200"/>
  <attribute name="Output T" value="1"/>
  <attribute name="Target GC Util Change" value ="20.000000" />
  <attribute name="Current GC Util Change" value="41.000000"/>
  <attribute name="GC Util currently" value="41" />
  <attribute name="CPU Util currently" value="10282007492175" />
<exclusive-end id="1146" timestamp="2019-07-07T05:37:41.864" durationms="3.480" />

<exclusive-start id="1147" timestamp="2019-07-07T05:37:41.892" intervalms="31.573">
  <response-info timems="0.061" idlems="0.061" threads="0" lastid="000000000202A700" lastname="main" />
</exclusive-start>
<allocation-taxation id="1148" taxation-threshold="12582912" timestamp="2019-07-07T05:37:41.893" intervalms="31.582" />
<cycle-start id="1149" type="global mark phase" contextid="0" timestamp="2019-07-07T05:37:41.893" intervalms="3599.439" />
<gc-start id="1150" type="global mark phase" contextid="1149" timestamp="2019-07-07T05:37:41.893">
  <mem-info id="1151" free="29360128" total="77594624" percent="37">
    <remembered-set count="26752" freebytes="3157760" totalbytes="3264768" percent="96" regionsoverflowed="0" regionsstable="12" regionsrebuilding="0"/>
  </mem-info>
</gc-start>
<gc-op id="1152" type="mark increment" timems="0.529" contextid="1149" timestamp="2019-07-07T05:37:41.894">
  <trace-info objectcount="208" scancount="0" scanbytes="0" />
</gc-op>
<gc-end id="1153" type="global mark phase" contextid="1149" durationms="0.800" usertimems="0.000" systemtimems="0.000" timestamp="2019-07-07T05:37:41.894" activeThreads="1">
  <mem-info id="1154" free="29360128" total="77594624" percent="37">
    <remembered-set count="26752" freebytes="3157760" totalbytes="3264768" percent="96" regionsoverflowed="0" regionsstable="0" regionsrebuilding="12"/>
  </mem-info>
</gc-end>
<concurrent-start id="1155" type="GMP work packet processing" contextid="1149" timestamp="2019-07-07T05:37:41.894">
  <concurrent-mark-start scanTarget="1048576" />
</concurrent-start>
<exclusive-end id="1156" timestamp="2019-07-07T05:37:41.894" durationms="1.505" />

<concurrent-end id="1157" type="GMP work packet processing" contextid="1149" timestamp="2019-07-07T05:37:41.895">
  <concurrent-mark-end bytesScanned="1125868" reasonForTermination="Work target met" />
</concurrent-end>

<exclusive-start id="1158" timestamp="2019-07-07T05:37:41.913" intervalms="21.011">
  <response-info timems="0.070" idlems="0.070" threads="0" lastid="000000000202A700" lastname="main" />
</exclusive-start>
<allocation-taxation id="1159" taxation-threshold="12582912" timestamp="2019-07-07T05:37:41.914" intervalms="21.025" />
<cycle-start id="1160" type="partial gc" contextid="0" timestamp="2019-07-07T05:37:41.914" intervalms="52.602" />
<gc-start id="1161" type="partial gc" contextid="1160" timestamp="2019-07-07T05:37:41.914">
  <mem-info id="1162" free="16777216" total="77594624" percent="21">
    <mem type="eden" free="1044712" total="26214400" percent="3" />
    <remembered-set count="31776" freebytes="3137664" totalbytes="3264768" percent="96" regionsoverflowed="0" regionsstable="0" regionsrebuilding="12"/>
  </mem-info>
</gc-start>
<allocation-stats totalBytes="25156000" >
  <allocated-bytes non-tlh="0" tlh="25156000" arrayletleaf="0"/>
  <largest-consumer threadName="main" threadId="000000000202A700" bytes="12574632" />
</allocation-stats>
<gc-op id="1163" type="copy forward" timems="1.915" contextid="1160" timestamp="2019-07-07T05:37:41.917">
  <memory-copied type="eden" objects="136" bytes="4312" bytesdiscarded="584" />
  <memory-copied type="other" objects="0" bytes="0" bytesdiscarded="0" />
  <memory-cardclean objects="19635" bytes="677496" />
  <regions eden="24" other="1" />
  <remembered-set-cleared processed="27840" cleared="1529" durationms="0.177" />
  <stringconstants candidates="13762" cleared="0"  />
</gc-op>
<gc-op id="1164" type="classunload" timems="0.004" contextid="1160" timestamp="2019-07-07T05:37:41.917">
  <classunload-info classloadercandidates="55" classloadersunloaded="0" classesunloaded="0" anonymousclassesunloaded="0" quiescems="0.000" setupms="0.004" scanms="0.000" postms="0.000" />
</gc-op>
<gc-end id="1165" type="partial gc" contextid="1160" durationms="3.090" usertimems="4.000" systemtimems="4.000" timestamp="2019-07-07T05:37:41.917" activeThreads="4">
  <mem-info id="1166" free="41943040" total="77594624" percent="54">
    <mem type="eden" free="1043680" total="1048576" percent="99" />
    <remembered-set count="32864" freebytes="2965888" totalbytes="3097344" percent="95" regionsoverflowed="0" regionsstable="0" regionsrebuilding="12"/>
  </mem-info>
</gc-end>
<cycle-end id="1167" type="partial gc" contextid="1160" timestamp="2019-07-07T05:37:41.917" />
  <attribute name="elasticGC enabled" value="1" />
  <attribute name= "numThreadsSpecified" value="4" />
  <attribute name="heapSize specified" value="0" />
  <attribute name="Current GC Util" value="29" />
  <attribute name= "Current Time Running" value="12717" />
  <attribute name ="GC Interval" value="0" />
  <attribute name="ProportionalT" value="4.500000" />
  <attribute name="ProportionalI" value="4.500000" />
  <attribute name="ProportionalH" value="4.500000" />
  <attribute name="Current Error" value="9.000000" />
  <attribute name="IntegralT" value="4.500000" />
  <attribute name="IntegralI" value="4.500000" />
  <attribute name="IntegralH" value="4.500000" />
  <attribute name="DerivativeT" value="9.000000" />
  <attribute name="DerivativeI" value="9.000000" />
  <attribute name="DerivativeH" value="9.000000" />
  <attribute name="Loop Time for DT" value="1.000000" />
  <attribute name="Output H" value="8388608"/>
  <attribute name="Output I" value="200"/>
  <attribute name="Output T" value="4"/>
  <attribute name="Target GC Util Change" value ="20.000000" />
  <attribute name="Current GC Util Change" value="29.000000"/>
  <attribute name="GC Util currently" value="29" />
  <attribute name="CPU Util currently" value="9530029282732" />
<exclusive-end id="1168" timestamp="2019-07-07T05:37:41.917" durationms="3.808" />

<exclusive-start id="1169" timestamp="2019-07-07T05:37:41.931" intervalms="17.396">
  <response-info timems="0.074" idlems="0.074" threads="0" lastid="000000000202A700" lastname="main" />
</exclusive-start>
<allocation-taxation id="1170" taxation-threshold="12582912" timestamp="2019-07-07T05:37:41.931" intervalms="17.458" />
<gc-start id="1171" type="global mark phase" contextid="1149" timestamp="2019-07-07T05:37:41.931">
  <mem-info id="1172" free="29360128" total="77594624" percent="37">
    <remembered-set count="32416" freebytes="2967680" totalbytes="3097344" percent="95" regionsoverflowed="0" regionsstable="0" regionsrebuilding="12"/>
  </mem-info>
</gc-start>
<gc-end id="1173" type="global mark phase" contextid="1149" durationms="0.121" usertimems="0.000" systemtimems="0.000" timestamp="2019-07-07T05:37:41.931" activeThreads="4">
  <mem-info id="1174" free="29360128" total="77594624" percent="37">
    <remembered-set count="32416" freebytes="2967680" totalbytes="3097344" percent="95" regionsoverflowed="0" regionsstable="0" regionsrebuilding="12"/>
  </mem-info>
</gc-end>
<concurrent-start id="1175" type="GMP work packet processing" contextid="1149" timestamp="2019-07-07T05:37:41.932">
  <concurrent-mark-start scanTarget="2285549" />
</concurrent-start>
<exclusive-end id="1176" timestamp="2019-07-07T05:37:41.932" durationms="0.811" />

<concurrent-end id="1177" type="GMP work packet processing" contextid="1149" timestamp="2019-07-07T05:37:41.933">
  <concurrent-mark-end bytesScanned="2338488" reasonForTermination="Work target met" />
</concurrent-end>

<exclusive-start id="1178" timestamp="2019-07-07T05:37:41.944" intervalms="13.613">
  <response-info timems="0.056" idlems="0.056" threads="0" lastid="000000000202A700" lastname="main" />
</exclusive-start>
<allocation-taxation id="1179" taxation-threshold="12582912" timestamp="2019-07-07T05:37:41.945" intervalms="13.634" />
<cycle-start id="1180" type="partial gc" contextid="0" timestamp="2019-07-07T05:37:41.945" intervalms="31.142" />
<gc-start id="1181" type="partial gc" contextid="1180" timestamp="2019-07-07T05:37:41.945">
  <mem-info id="1182" free="16777216" total="77594624" percent="21">
    <mem type="eden" free="0" total="25165824" percent="0" />
    <remembered-set count="38848" freebytes="2941952" totalbytes="3097344" percent="94" regionsoverflowed="0" regionsstable="0" regionsrebuilding="12"/>
  </mem-info>
</gc-start>
<allocation-stats totalBytes="25152584" >
  <allocated-bytes non-tlh="0" tlh="25152584" arrayletleaf="0"/>
  <largest-consumer threadName="main" threadId="000000000202A700" bytes="12576632" />
</allocation-stats>
<gc-op id="1183" type="copy forward" timems="1.521" contextid="1180" timestamp="2019-07-07T05:37:41.947">
  <memory-copied type="eden" objects="6" bytes="400" bytesdiscarded="0" />
  <memory-copied type="other" objects="131" bytes="4032" bytesdiscarded="336" />
  <memory-cardclean objects="43" bytes="2080" />
  <regions eden="24" other="1" />
  <remembered-set-cleared processed="35731" cleared="64" durationms="0.206" />
  <stringconstants candidates="13762" cleared="0"  />
</gc-op>
<gc-op id="1184" type="classunload" timems="0.004" contextid="1180" timestamp="2019-07-07T05:37:41.948">
  <classunload-info classloadercandidates="55" classloadersunloaded="0" classesunloaded="0" anonymousclassesunloaded="0" quiescems="0.000" setupms="0.003" scanms="0.000" postms="0.000" />
</gc-op>
<gc-end id="1185" type="partial gc" contextid="1180" durationms="2.525" usertimems="4.000" systemtimems="0.000" timestamp="2019-07-07T05:37:41.948" activeThreads="4">
  <mem-info id="1186" free="40894464" total="77594624" percent="52">
    <mem type="eden" free="1048176" total="1048576" percent="99" />
    <remembered-set count="40096" freebytes="2936960" totalbytes="3097344" percent="94" regionsoverflowed="0" regionsstable="0" regionsrebuilding="12"/>
  </mem-info>
</gc-end>
<cycle-end id="1187" type="partial gc" contextid="1180" timestamp="2019-07-07T05:37:41.948" />
  <attribute name="elasticGC enabled" value="1" />
  <attribute name= "numThreadsSpecified" value="4" />
  <attribute name="heapSize specified" value="0" />
  <attribute name="Current GC Util" value="70" />
  <attribute name= "Current Time Running" value="12748" />
  <attribute name ="GC Interval" value="0" />
  <attribute name="ProportionalT" value="25.000000" />
  <attribute name="ProportionalI" value="25.000000" />
  <attribute name="ProportionalH" value="25.000000" />
  <attribute name="Current Error" value="50.000000" />
  <attribute name="IntegralT" value="25.000000" />
  <attribute name="IntegralI" value="25.000000" />
  <attribute name="IntegralH" value="25.000000" />
  <attribute name="DerivativeT" value="38.000000" />
  <attribute name="DerivativeI" value="38.000000" />
  <attribute name="DerivativeH" value="38.000000" />
  <attribute name="Loop Time for DT" value="1.000000" />
  <attribute name="Output H" value="8388608"/>
  <attribute name="Output I" value="200"/>
  <attribute name="Output T" value="4"/>
  <attribute name="Target GC Util Change" value ="20.000000" />
  <attribute name="Current GC Util Change" value="70.000000"/>
  <attribute name="GC Util currently" value="70" />
  <attribute name="CPU Util currently" value="19585524751040" />
<exclusive-end id="1188" timestamp="2019-07-07T05:37:41.948" durationms="3.578" />

<exclusive-start id="1189" timestamp="2019-07-07T05:37:41.959" intervalms="14.937">
  <response-info timems="0.067" idlems="0.067" threads="0" lastid="000000000202A700" lastname="main" />
</exclusive-start>
<allocation-taxation id="1190" taxation-threshold="12582912" timestamp="2019-07-07T05:37:41.960" intervalms="14.931" />
<gc-start id="1191" type="global mark phase" contextid="1149" timestamp="2019-07-07T05:37:41.960">
  <mem-info id="1192" free="28311552" total="77594624" percent="36">
    <remembered-set count="39712" freebytes="2938496" totalbytes="3097344" percent="94" regionsoverflowed="0" regionsstable="0" regionsrebuilding="12"/>
  </mem-info>
</gc-start>
<gc-end id="1193" type="global mark phase" contextid="1149" durationms="0.111" usertimems="4.000" systemtimems="0.000" timestamp="2019-07-07T05:37:41.960" activeThreads="4">
  <mem-info id="1194" free="28311552" total="77594624" percent="36">
    <remembered-set count="39712" freebytes="2938496" totalbytes="3097344" percent="94" regionsoverflowed="0" regionsstable="0" regionsrebuilding="12"/>
  </mem-info>
</gc-end>
<concurrent-start id="1195" type="GMP work packet processing" contextid="1149" timestamp="2019-07-07T05:37:41.960">
  <concurrent-mark-start scanTarget="2285549" />
</concurrent-start>
<exclusive-end id="1196" timestamp="2019-07-07T05:37:41.960" durationms="0.780" />

<concurrent-end id="1197" type="GMP work packet processing" contextid="1149" timestamp="2019-07-07T05:37:41.971">
  <concurrent-mark-end bytesScanned="2338692" reasonForTermination="Work target met" />
</concurrent-end>

<exclusive-start id="1198" timestamp="2019-07-07T05:37:41.973" intervalms="13.500">
  <response-info timems="0.066" idlems="0.066" threads="0" lastid="000000000202A700" lastname="main" />
</exclusive-start>
<allocation-taxation id="1199" taxation-threshold="12582912" timestamp="2019-07-07T05:37:41.973" intervalms="13.427" />
<cycle-start id="1200" type="partial gc" contextid="0" timestamp="2019-07-07T05:37:41.973" intervalms="28.441" />
<gc-start id="1201" type="partial gc" contextid="1200" timestamp="2019-07-07T05:37:41.974">
  <mem-info id="1202" free="15728640" total="77594624" percent="20">
    <mem type="eden" free="1048176" total="26214400" percent="3" />
    <remembered-set count="42464" freebytes="2927488" totalbytes="3097344" percent="94" regionsoverflowed="0" regionsstable="0" regionsrebuilding="12"/>
  </mem-info>
</gc-start>
<allocation-stats totalBytes="25152584" >
  <allocated-bytes non-tlh="0" tlh="25152584" arrayletleaf="0"/>
  <largest-consumer threadName="main" threadId="000000000202A700" bytes="12576616" />
</allocation-stats>
<gc-op id="1203" type="copy forward" timems="1.365" contextid="1200" timestamp="2019-07-07T05:37:41.976">
  <memory-copied type="eden" objects="8" bytes="192" bytesdiscarded="0" />
  <memory-copied type="other" objects="0" bytes="0" bytesdiscarded="0" />
  <memory-cardclean objects="16" bytes="528" />
  <regions eden="24" other="1" />
  <remembered-set-cleared processed="39531" cleared="11" durationms="0.359" />
  <stringconstants candidates="13762" cleared="0"  />
</gc-op>
<gc-op id="1204" type="classunload" timems="0.004" contextid="1200" timestamp="2019-07-07T05:37:41.976">
  <classunload-info classloadercandidates="55" classloadersunloaded="0" classesunloaded="0" anonymousclassesunloaded="0" quiescems="0.000" setupms="0.003" scanms="0.000" postms="0.000" />
</gc-op>
<gc-end id="1205" type="partial gc" contextid="1200" durationms="2.421" usertimems="0.000" systemtimems="0.000" timestamp="2019-07-07T05:37:41.976" activeThreads="1">
  <mem-info id="1206" free="40894464" total="77594624" percent="52">
    <mem type="eden" free="1048384" total="1048576" percent="99" />
    <remembered-set count="42880" freebytes="2925824" totalbytes="3097344" percent="94" regionsoverflowed="0" regionsstable="0" regionsrebuilding="12"/>
  </mem-info>
</gc-end>
<cycle-end id="1207" type="partial gc" contextid="1200" timestamp="2019-07-07T05:37:41.976" />
  <attribute name="elasticGC enabled" value="1" />
  <attribute name= "numThreadsSpecified" value="1" />
  <attribute name="heapSize specified" value="0" />
  <attribute name="Current GC Util" value="68" />
  <attribute name= "Current Time Running" value="12776" />
  <attribute name ="GC Interval" value="0" />
  <attribute name="ProportionalT" value="24.000000" />
  <attribute name="ProportionalI" value="24.000000" />
  <attribute name="ProportionalH" value="24.000000" />
  <attribute name="Current Error" value="48.000000" />
  <attribute name="IntegralT" value="0.000000" />
  <attribute name="IntegralI" value="0.000000" />
  <attribute name="IntegralH" value="0.000000" />
  <attribute name="DerivativeT" value="inf" />
  <attribute name="DerivativeI" value="inf" />
  <attribute name="DerivativeH" value="inf" />
  <attribute name="Loop Time for DT" value="0.000000" />
  <attribute name="Output H" value="8388608"/>
  <attribute name="Output I" value="200"/>
  <attribute name="Output T" value="1"/>
  <attribute name="Target GC Util Change" value ="20.000000" />
  <attribute name="Current GC Util Change" value="68.000000"/>
  <attribute name="GC Util currently" value="68" />
  <attribute name="CPU Util currently" value="19669812969551" />
<exclusive-end id="1208" timestamp="2019-07-07T05:37:41.976" durationms="3.519" />

<exclusive-start id="1209" timestamp="2019-07-07T05:37:41.988" intervalms="14.848">
  <response-info timems="0.066" idlems="0.066" threads="0" lastid="000000000202A700" lastname="main" />
</exclusive-start>
<allocation-taxation id="1210" taxation-threshold="12582912" timestamp="2019-07-07T05:37:41.988" intervalms="14.832" />
<gc-start id="1211" type="global mark phase" contextid="1149" timestamp="2019-07-07T05:37:41.988">
  <mem-info id="1212" free="28311552" total="77594624" percent="36">
    <remembered-set count="42400" freebytes="2927744" totalbytes="3097344" percent="94" regionsoverflowed="0" regionsstable="0" regionsrebuilding="12"/>
  </mem-info>
</gc-start>
<gc-end id="1213" type="global mark phase" contextid="1149" durationms="0.135" usertimems="0.000" systemtimems="0.000" timestamp="2019-07-07T05:37:41.988" activeThreads="1">
  <mem-info id="1214" free="28311552" total="77594624" percent="36">
    <remembered-set count="42400" freebytes="2927744" totalbytes="3097344" percent="94" regionsoverflowed="0" regionsstable="0" regionsrebuilding="12"/>
  </mem-info>
</gc-end>
<concurrent-start id="1215" type="GMP work packet processing" contextid="1149" timestamp="2019-07-07T05:37:41.988">
  <concurrent-mark-start scanTarget="1048576" />
</concurrent-start>
<concurrent-end id="1217" type="GMP work packet processing" contextid="1149" timestamp="2019-07-07T05:37:41.989">
  <concurrent-mark-end bytesScanned="1086280" reasonForTermination="Work target met" />
</concurrent-end>

<exclusive-end id="1216" timestamp="2019-07-07T05:37:41.989" durationms="1.423" />

<exclusive-start id="1218" timestamp="2019-07-07T05:37:42.001" intervalms="12.920">
  <response-info timems="0.063" idlems="0.063" threads="0" lastid="000000000202A700" lastname="main" />
</exclusive-start>
<allocation-taxation id="1219" taxation-threshold="12582912" timestamp="2019-07-07T05:37:42.001" intervalms="12.915" />
<cycle-start id="1220" type="partial gc" contextid="0" timestamp="2019-07-07T05:37:42.001" intervalms="27.541" />
<gc-start id="1221" type="partial gc" contextid="1220" timestamp="2019-07-07T05:37:42.001">
  <mem-info id="1222" free="15728640" total="77594624" percent="20">
    <mem type="eden" free="1048384" total="26214400" percent="3" />
    <remembered-set count="42944" freebytes="2925568" totalbytes="3097344" percent="94" regionsoverflowed="0" regionsstable="0" regionsrebuilding="12"/>
  </mem-info>
</gc-start>
<allocation-stats totalBytes="25152568" >
  <allocated-bytes non-tlh="0" tlh="25152568" arrayletleaf="0"/>
  <largest-consumer threadName="main" threadId="000000000202A700" bytes="12576808" />
</allocation-stats>
<gc-op id="1223" type="copy forward" timems="1.343" contextid="1220" timestamp="2019-07-07T05:37:42.003">
  <memory-copied type="eden" objects="6" bytes="240" bytesdiscarded="0" />
  <memory-copied type="other" objects="0" bytes="0" bytesdiscarded="0" />
  <memory-cardclean objects="16" bytes="528" />
  <regions eden="24" other="1" />
  <remembered-set-cleared processed="40054" cleared="9" durationms="0.177" />
  <stringconstants candidates="13762" cleared="0"  />
</gc-op>
<gc-op id="1224" type="classunload" timems="0.004" contextid="1220" timestamp="2019-07-07T05:37:42.003">
  <classunload-info classloadercandidates="55" classloadersunloaded="0" classesunloaded="0" anonymousclassesunloaded="0" quiescems="0.000" setupms="0.004" scanms="0.000" postms="0.000" />
</gc-op>
<gc-end id="1225" type="partial gc" contextid="1220" durationms="2.284" usertimems="0.000" systemtimems="4.000" timestamp="2019-07-07T05:37:42.003" activeThreads="4">
  <mem-info id="1226" free="40894464" total="77594624" percent="52">
    <mem type="eden" free="1048336" total="1048576" percent="99" />
    <remembered-set count="42976" freebytes="2925440" totalbytes="3097344" percent="94" regionsoverflowed="0" regionsstable="0" regionsrebuilding="12"/>
  </mem-info>
</gc-end>
<cycle-end id="1227" type="partial gc" contextid="1220" timestamp="2019-07-07T05:37:42.004" />
  <attribute name="elasticGC enabled" value="1" />
  <attribute name= "numThreadsSpecified" value="4" />
  <attribute name="heapSize specified" value="0" />
  <attribute name="Current GC Util" value="71" />
  <attribute name= "Current Time Running" value="12804" />
  <attribute name ="GC Interval" value="0" />
  <attribute name="ProportionalT" value="25.500000" />
  <attribute name="ProportionalI" value="25.500000" />
  <attribute name="ProportionalH" value="25.500000" />
  <attribute name="Current Error" value="51.000000" />
  <attribute name="IntegralT" value="25.500000" />
  <attribute name="IntegralI" value="25.500000" />
  <attribute name="IntegralH" value="25.500000" />
  <attribute name="DerivativeT" value="51.000000" />
  <attribute name="DerivativeI" value="51.000000" />
  <attribute name="DerivativeH" value="51.000000" />
  <attribute name="Loop Time for DT" value="1.000000" />
  <attribute name="Output H" value="8388608"/>
  <attribute name="Output I" value="200"/>
  <attribute name="Output T" value="4"/>
  <attribute name="Target GC Util Change" value ="20.000000" />
  <attribute name="Current GC Util Change" value="71.000000"/>
  <attribute name="GC Util currently" value="71" />
  <attribute name="CPU Util currently" value="22824592052779" />
<exclusive-end id="1228" timestamp="2019-07-07T05:37:42.004" durationms="3.061" />

<exclusive-start id="1229" timestamp="2019-07-07T05:37:42.015" intervalms="14.464">
  <response-info timems="0.073" idlems="0.073" threads="0" lastid="000000000202A700" lastname="main" />
</exclusive-start>
<allocation-taxation id="1230" taxation-threshold="12582912" timestamp="2019-07-07T05:37:42.015" intervalms="14.523" />
<gc-start id="1231" type="global mark phase" contextid="1149" timestamp="2019-07-07T05:37:42.015">
  <mem-info id="1232" free="28311552" total="77594624" percent="36">
    <remembered-set count="42976" freebytes="2925440" totalbytes="3097344" percent="94" regionsoverflowed="0" regionsstable="0" regionsrebuilding="12"/>
  </mem-info>
</gc-start>
<gc-end id="1233" type="global mark phase" contextid="1149" durationms="0.131" usertimems="0.000" systemtimems="0.000" timestamp="2019-07-07T05:37:42.016" activeThreads="4">
  <mem-info id="1234" free="28311552" total="77594624" percent="36">
    <remembered-set count="42976" freebytes="2925440" totalbytes="3097344" percent="94" regionsoverflowed="0" regionsstable="0" regionsrebuilding="12"/>
  </mem-info>
</gc-end>
<concurrent-start id="1235" type="GMP work packet processing" contextid="1149" timestamp="2019-07-07T05:37:42.016">
  <concurrent-mark-start scanTarget="2285549" />
</concurrent-start>
<concurrent-end id="1236" type="GMP work packet processing" contextid="1149" timestamp="2019-07-07T05:37:42.017">
  <concurrent-mark-end bytesScanned="2342012" reasonForTermination="Work target met" />
</concurrent-end>

<exclusive-end id="1237" timestamp="2019-07-07T05:37:42.017" durationms="2.145" />

<exclusive-start id="1238" timestamp="2019-07-07T05:37:42.029" intervalms="13.583">
  <response-info timems="0.090" idlems="0.090" threads="0" lastid="000000000202A700" lastname="main" />
</exclusive-start>
<allocation-taxation id="1239" taxation-threshold="12582912" timestamp="2019-07-07T05:37:42.029" intervalms="13.583" />
<cycle-start id="1240" type="partial gc" contextid="0" timestamp="2019-07-07T05:37:42.029" intervalms="28.157" />
<gc-start id="1241" type="partial gc" contextid="1240" timestamp="2019-07-07T05:37:42.029">
  <mem-info id="1242" free="15728640" total="77594624" percent="20">
    <mem type="eden" free="1048336" total="26214400" percent="3" />
    <remembered-set count="45664" freebytes="2914688" totalbytes="3097344" percent="94" regionsoverflowed="0" regionsstable="0" regionsrebuilding="12"/>
  </mem-info>
</gc-start>
<allocation-stats totalBytes="25152392" >
  <allocated-bytes non-tlh="0" tlh="25152392" arrayletleaf="0"/>
  <largest-consumer threadName="main" threadId="000000000202A700" bytes="12576552" />
</allocation-stats>
<gc-op id="1243" type="copy forward" timems="1.370" contextid="1240" timestamp="2019-07-07T05:37:42.031">
  <memory-copied type="eden" objects="5" bytes="256" bytesdiscarded="0" />
  <memory-copied type="other" objects="0" bytes="0" bytesdiscarded="0" />
  <memory-cardclean objects="16" bytes="528" />
  <regions eden="24" other="1" />
  <remembered-set-cleared processed="42978" cleared="9" durationms="0.393" />
  <stringconstants candidates="13762" cleared="0"  />
</gc-op>
<gc-op id="1244" type="classunload" timems="0.004" contextid="1240" timestamp="2019-07-07T05:37:42.032">
  <classunload-info classloadercandidates="55" classloadersunloaded="0" classesunloaded="0" anonymousclassesunloaded="0" quiescems="0.000" setupms="0.003" scanms="0.000" postms="0.000" />
</gc-op>
<heap-resize id="1245" type="expand" space="default" amount="13631488" count="1" timems="0.088" reason="excessive time being spent in gc" timestamp="2019-07-07T05:37:42.032" />
<gc-end id="1246" type="partial gc" contextid="1240" durationms="2.644" usertimems="4.000" systemtimems="0.000" timestamp="2019-07-07T05:37:42.032" activeThreads="1">
  <mem-info id="1247" free="54525952" total="91226112" percent="59">
    <mem type="eden" free="1048320" total="1048576" percent="99" />
    <remembered-set count="46144" freebytes="3456896" totalbytes="3641472" percent="94" regionsoverflowed="0" regionsstable="0" regionsrebuilding="12"/>
  </mem-info>
</gc-end>
<cycle-end id="1248" type="partial gc" contextid="1240" timestamp="2019-07-07T05:37:42.032" />
  <attribute name="elasticGC enabled" value="1" />
  <attribute name= "numThreadsSpecified" value="1" />
  <attribute name="heapSize specified" value="0" />
  <attribute name="Current GC Util" value="69" />
  <attribute name= "Current Time Running" value="12832" />
  <attribute name ="GC Interval" value="0" />
  <attribute name="ProportionalT" value="24.500000" />
  <attribute name="ProportionalI" value="24.500000" />
  <attribute name="ProportionalH" value="24.500000" />
  <attribute name="Current Error" value="49.000000" />
  <attribute name="IntegralT" value="0.000000" />
  <attribute name="IntegralI" value="0.000000" />
  <attribute name="IntegralH" value="0.000000" />
  <attribute name="DerivativeT" value="inf" />
  <attribute name="DerivativeI" value="inf" />
  <attribute name="DerivativeH" value="inf" />
  <attribute name="Loop Time for DT" value="0.000000" />
  <attribute name="Output H" value="8388608"/>
  <attribute name="Output I" value="200"/>
  <attribute name="Output T" value="1"/>
  <attribute name="Target GC Util Change" value ="20.000000" />
  <attribute name="Current GC Util Change" value="69.000000"/>
  <attribute name="GC Util currently" value="69" />
  <attribute name="CPU Util currently" value="18883713119479" />
<exclusive-end id="1249" timestamp="2019-07-07T05:37:42.032" durationms="3.644" />

<exclusive-start id="1250" timestamp="2019-07-07T05:37:42.046" intervalms="16.977">
  <response-info timems="0.074" idlems="0.074" threads="0" lastid="000000000202A700" lastname="main" />
</exclusive-start>
<allocation-taxation id="1251" taxation-threshold="14680064" timestamp="2019-07-07T05:37:42.046" intervalms="16.979" />
<gc-start id="1252" type="global mark phase" contextid="1149" timestamp="2019-07-07T05:37:42.046">
  <mem-info id="1253" free="39845888" total="91226112" percent="43">
    <remembered-set count="45664" freebytes="3458816" totalbytes="3641472" percent="94" regionsoverflowed="0" regionsstable="0" regionsrebuilding="12"/>
  </mem-info>
</gc-start>
<gc-end id="1254" type="global mark phase" contextid="1149" durationms="0.138" usertimems="0.000" systemtimems="0.000" timestamp="2019-07-07T05:37:42.046" activeThreads="1">
  <mem-info id="1255" free="39845888" total="91226112" percent="43">
    <remembered-set count="45664" freebytes="3458816" totalbytes="3641472" percent="94" regionsoverflowed="0" regionsstable="0" regionsrebuilding="12"/>
  </mem-info>
</gc-end>
<concurrent-start id="1256" type="GMP work packet processing" contextid="1149" timestamp="2019-07-07T05:37:42.046">
  <concurrent-mark-start scanTarget="1048576" />
</concurrent-start>
<concurrent-end id="1257" type="GMP work packet processing" contextid="1149" timestamp="2019-07-07T05:37:42.047">
  <concurrent-mark-end bytesScanned="1099940" reasonForTermination="Work target met" />
</concurrent-end>

<exclusive-end id="1258" timestamp="2019-07-07T05:37:42.047" durationms="1.440" />

<exclusive-start id="1259" timestamp="2019-07-07T05:37:42.060" intervalms="14.754">
  <response-info timems="0.134" idlems="0.134" threads="0" lastid="000000000202A700" lastname="main" />
</exclusive-start>
<allocation-taxation id="1260" taxation-threshold="14680064" timestamp="2019-07-07T05:37:42.061" intervalms="14.748" />
<cycle-start id="1261" type="partial gc" contextid="0" timestamp="2019-07-07T05:37:42.061" intervalms="31.712" />
<gc-start id="1262" type="partial gc" contextid="1261" timestamp="2019-07-07T05:37:42.061">
  <mem-info id="1263" free="25165824" total="91226112" percent="27">
    <mem type="eden" free="1048320" total="30408704" percent="3" />
    <remembered-set count="47264" freebytes="3452416" totalbytes="3641472" percent="94" regionsoverflowed="0" regionsstable="0" regionsrebuilding="12"/>
  </mem-info>
</gc-start>
<allocation-stats totalBytes="29344744" >
  <allocated-bytes non-tlh="0" tlh="29344744" arrayletleaf="0"/>
  <largest-consumer threadName="main" threadId="000000000202A700" bytes="14672744" />
</allocation-stats>
<gc-op id="1264" type="copy forward" timems="1.321" contextid="1261" timestamp="2019-07-07T05:37:42.063">
  <memory-copied type="eden" objects="6" bytes="256" bytesdiscarded="0" />
  <memory-copied type="other" objects="0" bytes="0" bytesdiscarded="0" />
  <memory-cardclean objects="16" bytes="528" />
  <regions eden="28" other="1" />
  <remembered-set-cleared processed="44422" cleared="9" durationms="0.220" />
  <stringconstants candidates="13762" cleared="0"  />
</gc-op>
<gc-op id="1265" type="classunload" timems="0.004" contextid="1261" timestamp="2019-07-07T05:37:42.063">
  <classunload-info classloadercandidates="55" classloadersunloaded="0" classesunloaded="0" anonymousclassesunloaded="0" quiescems="0.000" setupms="0.004" scanms="0.000" postms="0.000" />
</gc-op>
<heap-resize id="1266" type="expand" space="default" amount="1048576" count="1" timems="0.053" reason="excessive time being spent in gc" timestamp="2019-07-07T05:37:42.063" />
<gc-end id="1267" type="partial gc" contextid="1261" durationms="2.422" usertimems="4.000" systemtimems="0.000" timestamp="2019-07-07T05:37:42.064" activeThreads="4">
  <mem-info id="1268" free="55574528" total="92274688" percent="60">
    <mem type="eden" free="1048320" total="1048576" percent="99" />
    <remembered-set count="47360" freebytes="3493888" totalbytes="3683328" percent="94" regionsoverflowed="0" regionsstable="0" regionsrebuilding="12"/>
  </mem-info>
</gc-end>
<cycle-end id="1269" type="partial gc" contextid="1261" timestamp="2019-07-07T05:37:42.064" />
  <attribute name="elasticGC enabled" value="1" />
  <attribute name= "numThreadsSpecified" value="4" />
  <attribute name="heapSize specified" value="0" />
  <attribute name="Current GC Util" value="66" />
  <attribute name= "Current Time Running" value="12864" />
  <attribute name ="GC Interval" value="0" />
  <attribute name="ProportionalT" value="23.000000" />
  <attribute name="ProportionalI" value="23.000000" />
  <attribute name="ProportionalH" value="23.000000" />
  <attribute name="Current Error" value="46.000000" />
  <attribute name="IntegralT" value="23.000000" />
  <attribute name="IntegralI" value="23.000000" />
  <attribute name="IntegralH" value="23.000000" />
  <attribute name="DerivativeT" value="46.000000" />
  <attribute name="DerivativeI" value="46.000000" />
  <attribute name="DerivativeH" value="46.000000" />
  <attribute name="Loop Time for DT" value="1.000000" />
  <attribute name="Output H" value="8388608"/>
  <attribute name="Output I" value="200"/>
  <attribute name="Output T" value="4"/>
  <attribute name="Target GC Util Change" value ="20.000000" />
  <attribute name="Current GC Util Change" value="66.000000"/>
  <attribute name="GC Util currently" value="66" />
  <attribute name="CPU Util currently" value="21107370229665" />
<exclusive-end id="1270" timestamp="2019-07-07T05:37:42.064" durationms="3.334" />

<exclusive-start id="1271" timestamp="2019-07-07T05:37:42.077" intervalms="16.558">
  <response-info timems="0.114" idlems="0.114" threads="0" lastid="000000000202A700" lastname="main" />
</exclusive-start>
<allocation-taxation id="1272" taxation-threshold="14680064" timestamp="2019-07-07T05:37:42.077" intervalms="16.548" />
<gc-start id="1273" type="global mark phase" contextid="1149" timestamp="2019-07-07T05:37:42.077">
  <mem-info id="1274" free="40894464" total="92274688" percent="44">
    <remembered-set count="46880" freebytes="3495808" totalbytes="3683328" percent="94" regionsoverflowed="0" regionsstable="0" regionsrebuilding="12"/>
  </mem-info>
</gc-start>
<gc-end id="1275" type="global mark phase" contextid="1149" durationms="0.130" usertimems="0.000" systemtimems="0.000" timestamp="2019-07-07T05:37:42.077" activeThreads="4">
  <mem-info id="1276" free="40894464" total="92274688" percent="44">
    <remembered-set count="46880" freebytes="3495808" totalbytes="3683328" percent="94" regionsoverflowed="0" regionsstable="0" regionsrebuilding="12"/>
  </mem-info>
</gc-end>
<concurrent-start id="1277" type="GMP work packet processing" contextid="1149" timestamp="2019-07-07T05:37:42.078">
  <concurrent-mark-start scanTarget="2285549" />
</concurrent-start>
<exclusive-end id="1278" timestamp="2019-07-07T05:37:42.079" durationms="2.103" />

<concurrent-end id="1279" type="GMP work packet processing" contextid="1149" timestamp="2019-07-07T05:37:42.079">
  <concurrent-mark-end bytesScanned="2328272" reasonForTermination="Work target met" />
</concurrent-end>

<exclusive-start id="1280" timestamp="2019-07-07T05:37:42.093" intervalms="15.528">
  <response-info timems="0.210" idlems="0.210" threads="0" lastid="000000000202A700" lastname="main" />
</exclusive-start>
<allocation-taxation id="1281" taxation-threshold="14680064" timestamp="2019-07-07T05:37:42.093" intervalms="15.568" />
<cycle-start id="1282" type="partial gc" contextid="0" timestamp="2019-07-07T05:37:42.093" intervalms="32.139" />
<gc-start id="1283" type="partial gc" contextid="1282" timestamp="2019-07-07T05:37:42.093">
  <mem-info id="1284" free="26214400" total="92274688" percent="28">
    <mem type="eden" free="1048320" total="30408704" percent="3" />
    <remembered-set count="54144" freebytes="3466752" totalbytes="3683328" percent="94" regionsoverflowed="0" regionsstable="0" regionsrebuilding="12"/>
  </mem-info>
</gc-start>
<allocation-stats totalBytes="29345456" >
  <allocated-bytes non-tlh="0" tlh="29345456" arrayletleaf="0"/>
  <largest-consumer threadName="main" threadId="000000000202A700" bytes="14672856" />
</allocation-stats>
<gc-op id="1285" type="copy forward" timems="1.333" contextid="1282" timestamp="2019-07-07T05:37:42.095">
  <memory-copied type="eden" objects="6" bytes="240" bytesdiscarded="0" />
  <memory-copied type="other" objects="0" bytes="0" bytesdiscarded="0" />
  <memory-cardclean objects="16" bytes="528" />
  <regions eden="28" other="1" />
  <remembered-set-cleared processed="50811" cleared="9" durationms="0.187" />
  <stringconstants candidates="13762" cleared="0"  />
</gc-op>
<gc-op id="1286" type="classunload" timems="0.006" contextid="1282" timestamp="2019-07-07T05:37:42.095">
  <classunload-info classloadercandidates="55" classloadersunloaded="0" classesunloaded="0" anonymousclassesunloaded="0" quiescems="0.000" setupms="0.006" scanms="0.000" postms="0.000" />
</gc-op>
<gc-end id="1287" type="partial gc" contextid="1282" durationms="2.303" usertimems="4.000" systemtimems="0.000" timestamp="2019-07-07T05:37:42.096" activeThreads="4">
  <mem-info id="1288" free="55574528" total="92274688" percent="60">
    <mem type="eden" free="1048336" total="1048576" percent="99" />
    <remembered-set count="53664" freebytes="3468672" totalbytes="3683328" percent="94" regionsoverflowed="0" regionsstable="0" regionsrebuilding="12"/>
  </mem-info>
</gc-end>
<cycle-end id="1289" type="partial gc" contextid="1282" timestamp="2019-07-07T05:37:42.096" />
  <attribute name="elasticGC enabled" value="1" />
  <attribute name= "numThreadsSpecified" value="4" />
  <attribute name="heapSize specified" value="0" />
  <attribute name="Current GC Util" value="67" />
  <attribute name= "Current Time Running" value="12896" />
  <attribute name ="GC Interval" value="0" />
  <attribute name="ProportionalT" value="23.500000" />
  <attribute name="ProportionalI" value="23.500000" />
  <attribute name="ProportionalH" value="23.500000" />
  <attribute name="Current Error" value="47.000000" />
  <attribute name="IntegralT" value="23.500000" />
  <attribute name="IntegralI" value="23.500000" />
  <attribute name="IntegralH" value="23.500000" />
  <attribute name="DerivativeT" value="46.000000" />
  <attribute name="DerivativeI" value="46.000000" />
  <attribute name="DerivativeH" value="46.000000" />
  <attribute name="Loop Time for DT" value="1.000000" />
  <attribute name="Output H" value="8388608"/>
  <attribute name="Output I" value="200"/>
  <attribute name="Output T" value="4"/>
  <attribute name="Target GC Util Change" value ="20.000000" />
  <attribute name="Current GC Util Change" value="67.000000"/>
  <attribute name="GC Util currently" value="67" />
  <attribute name="CPU Util currently" value="21697763261726" />
<exclusive-end id="1290" timestamp="2019-07-07T05:37:42.096" durationms="3.345" />

<exclusive-start id="1291" timestamp="2019-07-07T05:37:42.109" intervalms="16.563">
  <response-info timems="0.067" idlems="0.067" threads="0" lastid="000000000202A700" lastname="main" />
</exclusive-start>
<allocation-taxation id="1292" taxation-threshold="14680064" timestamp="2019-07-07T05:37:42.109" intervalms="16.587" />
<gc-start id="1293" type="global mark phase" contextid="1149" timestamp="2019-07-07T05:37:42.110">
  <mem-info id="1294" free="40894464" total="92274688" percent="44">
    <remembered-set count="53184" freebytes="3470592" totalbytes="3683328" percent="94" regionsoverflowed="0" regionsstable="0" regionsrebuilding="12"/>
  </mem-info>
</gc-start>
<gc-end id="1295" type="global mark phase" contextid="1149" durationms="0.138" usertimems="0.000" systemtimems="0.000" timestamp="2019-07-07T05:37:42.110" activeThreads="4">
  <mem-info id="1296" free="40894464" total="92274688" percent="44">
    <remembered-set count="53184" freebytes="3470592" totalbytes="3683328" percent="94" regionsoverflowed="0" regionsstable="0" regionsrebuilding="12"/>
  </mem-info>
</gc-end>
<concurrent-start id="1297" type="GMP work packet processing" contextid="1149" timestamp="2019-07-07T05:37:42.110">
  <concurrent-mark-start scanTarget="2285549" />
</concurrent-start>
<exclusive-end id="1298" timestamp="2019-07-07T05:37:42.111" durationms="1.578" />

<concurrent-end id="1299" type="GMP work packet processing" contextid="1149" timestamp="2019-07-07T05:37:42.111">
  <concurrent-mark-end bytesScanned="977480" reasonForTermination="Completed all work in GC phase" />
</concurrent-end>

<exclusive-start id="1300" timestamp="2019-07-07T05:37:42.124" intervalms="14.830">
  <response-info timems="0.069" idlems="0.069" threads="0" lastid="000000000202A700" lastname="main" />
</exclusive-start>
<allocation-taxation id="1301" taxation-threshold="14680064" timestamp="2019-07-07T05:37:42.124" intervalms="14.824" />
<cycle-start id="1302" type="partial gc" contextid="0" timestamp="2019-07-07T05:37:42.124" intervalms="31.420" />
<gc-start id="1303" type="partial gc" contextid="1302" timestamp="2019-07-07T05:37:42.125">
  <mem-info id="1304" free="26214400" total="92274688" percent="28">
    <mem type="eden" free="1048336" total="30408704" percent="3" />
    <remembered-set count="64128" freebytes="3426816" totalbytes="3683328" percent="93" regionsoverflowed="0" regionsstable="0" regionsrebuilding="12"/>
  </mem-info>
</gc-start>
<allocation-stats totalBytes="29344488" >
  <allocated-bytes non-tlh="0" tlh="29344488" arrayletleaf="0"/>
  <largest-consumer threadName="main" threadId="000000000202A700" bytes="14672520" />
</allocation-stats>
<gc-op id="1305" type="copy forward" timems="1.360" contextid="1302" timestamp="2019-07-07T05:37:42.127">
  <memory-copied type="eden" objects="6" bytes="176" bytesdiscarded="0" />
  <memory-copied type="other" objects="0" bytes="0" bytesdiscarded="0" />
  <memory-cardclean objects="16" bytes="528" />
  <regions eden="28" other="1" />
  <remembered-set-cleared processed="61334" cleared="9" durationms="0.500" />
  <stringconstants candidates="13762" cleared="0"  />
</gc-op>
<gc-op id="1306" type="classunload" timems="0.005" contextid="1302" timestamp="2019-07-07T05:37:42.127">
  <classunload-info classloadercandidates="55" classloadersunloaded="0" classesunloaded="0" anonymousclassesunloaded="0" quiescems="0.000" setupms="0.003" scanms="0.000" postms="0.000" />
</gc-op>
<gc-end id="1307" type="partial gc" contextid="1302" durationms="2.475" usertimems="4.000" systemtimems="0.000" timestamp="2019-07-07T05:37:42.127" activeThreads="1">
  <mem-info id="1308" free="55574528" total="92274688" percent="60">
    <mem type="eden" free="1048400" total="1048576" percent="99" />
    <remembered-set count="64608" freebytes="3424896" totalbytes="3683328" percent="92" regionsoverflowed="0" regionsstable="0" regionsrebuilding="12"/>
  </mem-info>
</gc-end>
<cycle-end id="1309" type="partial gc" contextid="1302" timestamp="2019-07-07T05:37:42.127" />
  <attribute name="elasticGC enabled" value="1" />
  <attribute name= "numThreadsSpecified" value="1" />
  <attribute name="heapSize specified" value="0" />
  <attribute name="Current GC Util" value="68" />
  <attribute name= "Current Time Running" value="12927" />
  <attribute name ="GC Interval" value="0" />
  <attribute name="ProportionalT" value="24.000000" />
  <attribute name="ProportionalI" value="24.000000" />
  <attribute name="ProportionalH" value="24.000000" />
  <attribute name="Current Error" value="48.000000" />
  <attribute name="IntegralT" value="0.000000" />
  <attribute name="IntegralI" value="0.000000" />
  <attribute name="IntegralH" value="0.000000" />
  <attribute name="DerivativeT" value="inf" />
  <attribute name="DerivativeI" value="inf" />
  <attribute name="DerivativeH" value="inf" />
  <attribute name="Loop Time for DT" value="0.000000" />
  <attribute name="Output H" value="8388608"/>
  <attribute name="Output I" value="200"/>
  <attribute name="Output T" value="1"/>
  <attribute name="Target GC Util Change" value ="20.000000" />
  <attribute name="Current GC Util Change" value="68.000000"/>
  <attribute name="GC Util currently" value="68" />
  <attribute name="CPU Util currently" value="18608488982305" />
<exclusive-end id="1310" timestamp="2019-07-07T05:37:42.128" durationms="3.587" />

<exclusive-start id="1311" timestamp="2019-07-07T05:37:42.141" intervalms="16.892">
  <response-info timems="0.087" idlems="0.087" threads="0" lastid="000000000202A700" lastname="main" />
</exclusive-start>
<allocation-taxation id="1312" taxation-threshold="14680064" timestamp="2019-07-07T05:37:42.141" intervalms="16.886" />
<gc-start id="1313" type="global mark phase" contextid="1149" timestamp="2019-07-07T05:37:42.141">
  <mem-info id="1314" free="40894464" total="92274688" percent="44">
    <remembered-set count="64128" freebytes="3426816" totalbytes="3683328" percent="93" regionsoverflowed="0" regionsstable="0" regionsrebuilding="12"/>
  </mem-info>
</gc-start>
<gc-op id="1315" type="mark increment" timems="1.967" contextid="1149" timestamp="2019-07-07T05:37:42.143">
  <trace-info objectcount="163" scancount="155" scanbytes="119428" />
  <cardclean-info objects="29529" bytes="731920" />
  <finalization candidates="81" enqueued="1" />
  <ownableSynchronizers candidates="22" cleared="0" />
  <references type="soft" candidates="4854" cleared="0" enqueued="0" dynamicThreshold="19" maxThreshold="32" />
  <references type="weak" candidates="5600" cleared="0" enqueued="0" />
  <references type="phantom" candidates="102" cleared="0" enqueued="0" />
  <stringconstants candidates="13762" cleared="2"  />
</gc-op>
<gc-op id="1316" type="classunload" timems="1.897" contextid="1149" timestamp="2019-07-07T05:37:42.145">
  <classunload-info classloadercandidates="55" classloadersunloaded="1" classesunloaded="1" anonymousclassesunloaded="0" quiescems="1.429" setupms="0.449" scanms="1.443" postms="0.005" />
</gc-op>
<gc-end id="1317" type="global mark phase" contextid="1149" durationms="4.292" usertimems="8.000" systemtimems="0.000" timestamp="2019-07-07T05:37:42.146" activeThreads="4">
  <mem-info id="1318" free="40894464" total="92274688" percent="44">
    <pending-finalizers system="0" default="1" reference="0" classloader="0" />
    <remembered-set count="65664" freebytes="3420672" totalbytes="3683328" percent="92" regionsoverflowed="0" regionsstable="0" regionsrebuilding="0"/>
  </mem-info>
</gc-end>
<cycle-end id="1319" type="global mark phase" contextid="1149" timestamp="2019-07-07T05:37:42.146" />
  <attribute name="elasticGC enabled" value="1" />
  <attribute name= "numThreadsSpecified" value="4" />
  <attribute name="heapSize specified" value="0" />
  <attribute name="Current GC Util" value="121" />
  <attribute name= "Current Time Running" value="12944" />
  <attribute name ="GC Interval" value="0" />
  <attribute name="ProportionalT" value="50.500000" />
  <attribute name="ProportionalI" value="50.500000" />
  <attribute name="ProportionalH" value="50.500000" />
  <attribute name="Current Error" value="101.000000" />
  <attribute name="IntegralT" value="0.000000" />
  <attribute name="IntegralI" value="0.000000" />
  <attribute name="IntegralH" value="0.000000" />
  <attribute name="DerivativeT" value="-inf" />
  <attribute name="DerivativeI" value="-inf" />
  <attribute name="DerivativeH" value="-inf" />
  <attribute name="Loop Time for DT" value="0.000000" />
  <attribute name="Output H" value="2091843584"/>
  <attribute name="Output I" value="200"/>
  <attribute name="Output T" value="4"/>
  <attribute name="Target GC Util Change" value ="20.000000" />
  <attribute name="Current GC Util Change" value="121.000000"/>
  <attribute name="GC Util currently" value="121" />
  <attribute name="CPU Util currently" value="17519207096133" />
<exclusive-end id="1320" timestamp="2019-07-07T05:37:42.146" durationms="5.038" />

<exclusive-start id="1321" timestamp="2019-07-07T05:37:42.160" intervalms="18.840">
  <response-info timems="0.032" idlems="0.032" threads="0" lastid="000000000202A700" lastname="main" />
</exclusive-start>
<allocation-taxation id="1322" taxation-threshold="14680064" timestamp="2019-07-07T05:37:42.160" intervalms="18.841" />
<cycle-start id="1323" type="partial gc" contextid="0" timestamp="2019-07-07T05:37:42.160" intervalms="35.788" />
<gc-start id="1324" type="partial gc" contextid="1323" timestamp="2019-07-07T05:37:42.160">
  <mem-info id="1325" free="26214400" total="92274688" percent="28">
    <mem type="eden" free="1048400" total="30408704" percent="3" />
    <remembered-set count="27712" freebytes="3572480" totalbytes="3683328" percent="96" regionsoverflowed="0" regionsstable="12" regionsrebuilding="0"/>
  </mem-info>
</gc-start>
<allocation-stats totalBytes="29344624" >
  <allocated-bytes non-tlh="0" tlh="29344624" arrayletleaf="0"/>
  <largest-consumer threadName="main" threadId="000000000202A700" bytes="14672528" />
</allocation-stats>
<gc-op id="1326" type="sweep" timems="0.648" contextid="1323" timestamp="2019-07-07T05:37:42.161" />
<gc-op id="1327" type="copy forward" timems="1.381" contextid="1323" timestamp="2019-07-07T05:37:42.163">
  <memory-copied type="eden" objects="27" bytes="1256" bytesdiscarded="584" />
  <memory-copied type="other" objects="7" bytes="160" bytesdiscarded="0" />
  <memory-cardclean objects="66" bytes="2616" />
  <regions eden="14" other="2" />
  <remembered-set-cleared processed="25485" cleared="23" durationms="0.224" />
  <stringconstants candidates="13760" cleared="0"  />
</gc-op>
<gc-op id="1328" type="classunload" timems="0.004" contextid="1323" timestamp="2019-07-07T05:37:42.164">
  <classunload-info classloadercandidates="54" classloadersunloaded="0" classesunloaded="0" anonymousclassesunloaded="0" quiescems="0.000" setupms="0.004" scanms="0.000" postms="0.000" />
</gc-op>
<gc-end id="1329" type="partial gc" contextid="1323" durationms="3.333" usertimems="4.000" systemtimems="0.000" timestamp="2019-07-07T05:37:42.164" activeThreads="4">
  <mem-info id="1330" free="55574528" total="92274688" percent="60">
    <mem type="eden" free="1046736" total="1048576" percent="99" />
    <remembered-set count="28928" freebytes="3567616" totalbytes="3683328" percent="96" regionsoverflowed="0" regionsstable="12" regionsrebuilding="0"/>
  </mem-info>
</gc-end>
<cycle-end id="1331" type="partial gc" contextid="1323" timestamp="2019-07-07T05:37:42.164" />
  <attribute name="elasticGC enabled" value="1" />
  <attribute name= "numThreadsSpecified" value="4" />
  <attribute name="heapSize specified" value="0" />
  <attribute name="Current GC Util" value="72" />
  <attribute name= "Current Time Running" value="12964" />
  <attribute name ="GC Interval" value="0" />
  <attribute name="ProportionalT" value="26.000000" />
  <attribute name="ProportionalI" value="26.000000" />
  <attribute name="ProportionalH" value="26.000000" />
  <attribute name="Current Error" value="52.000000" />
  <attribute name="IntegralT" value="0.000000" />
  <attribute name="IntegralI" value="0.000000" />
  <attribute name="IntegralH" value="0.000000" />
  <attribute name="DerivativeT" value="-inf" />
  <attribute name="DerivativeI" value="-inf" />
  <attribute name="DerivativeH" value="-inf" />
  <attribute name="Loop Time for DT" value="0.000000" />
  <attribute name="Output H" value="2091843584"/>
  <attribute name="Output I" value="200"/>
  <attribute name="Output T" value="4"/>
  <attribute name="Target GC Util Change" value ="20.000000" />
  <attribute name="Current GC Util Change" value="72.000000"/>
  <attribute name="GC Util currently" value="72" />
  <attribute name="CPU Util currently" value="20134146549205" />
<exclusive-end id="1332" timestamp="2019-07-07T05:37:42.164" durationms="4.488" />

<exclusive-start id="1333" timestamp="2019-07-07T05:37:42.197" intervalms="37.333">
  <response-info timems="0.048" idlems="0.048" threads="0" lastid="000000000202A700" lastname="main" />
</exclusive-start>
<allocation-taxation id="1334" taxation-threshold="29360128" timestamp="2019-07-07T05:37:42.197" intervalms="37.350" />
<cycle-start id="1335" type="partial gc" contextid="0" timestamp="2019-07-07T05:37:42.197" intervalms="37.267" />
<gc-start id="1336" type="partial gc" contextid="1335" timestamp="2019-07-07T05:37:42.198">
  <mem-info id="1337" free="26214400" total="92274688" percent="28">
    <mem type="eden" free="0" total="29360128" percent="0" />
    <remembered-set count="27744" freebytes="3572352" totalbytes="3683328" percent="96" regionsoverflowed="0" regionsstable="14" regionsrebuilding="0"/>
  </mem-info>
</gc-start>
<allocation-stats totalBytes="29335536" >
  <allocated-bytes non-tlh="0" tlh="29335536" arrayletleaf="0"/>
  <largest-consumer threadName="main" threadId="000000000202A700" bytes="29335536" />
</allocation-stats>
<gc-op id="1338" type="copy forward" timems="1.183" contextid="1335" timestamp="2019-07-07T05:37:42.200">
  <memory-copied type="eden" objects="6" bytes="288" bytesdiscarded="0" />
  <memory-copied type="other" objects="448" bytes="15376" bytesdiscarded="0" />
  <memory-cardclean objects="363" bytes="21872" />
  <regions eden="28" other="5" />
  <remembered-set-cleared processed="24890" cleared="199" durationms="0.283" />
  <references type="soft" candidates="2" cleared="0" enqueued="0" dynamicThreshold="19" maxThreshold="32" />
  <references type="weak" candidates="47" cleared="0" enqueued="0" />
  <stringconstants candidates="13760" cleared="0"  />
</gc-op>
<gc-op id="1339" type="classunload" timems="0.005" contextid="1335" timestamp="2019-07-07T05:37:42.200">
  <classunload-info classloadercandidates="54" classloadersunloaded="0" classesunloaded="0" anonymousclassesunloaded="0" quiescems="0.000" setupms="0.004" scanms="0.000" postms="0.000" />
</gc-op>
<gc-end id="1340" type="partial gc" contextid="1335" durationms="2.292" usertimems="4.000" systemtimems="0.000" timestamp="2019-07-07T05:37:42.200" activeThreads="1">
  <mem-info id="1341" free="55574528" total="92274688" percent="60">
    <mem type="eden" free="1048288" total="1048576" percent="99" />
    <remembered-set count="27712" freebytes="3572480" totalbytes="3683328" percent="96" regionsoverflowed="0" regionsstable="14" regionsrebuilding="0"/>
  </mem-info>
</gc-end>
<cycle-end id="1342" type="partial gc" contextid="1335" timestamp="2019-07-07T05:37:42.200" />
  <attribute name="elasticGC enabled" value="1" />
  <attribute name= "numThreadsSpecified" value="1" />
  <attribute name="heapSize specified" value="0" />
  <attribute name="Current GC Util" value="68" />
  <attribute name= "Current Time Running" value="13000" />
  <attribute name ="GC Interval" value="0" />
  <attribute name="ProportionalT" value="24.000000" />
  <attribute name="ProportionalI" value="24.000000" />
  <attribute name="ProportionalH" value="24.000000" />
  <attribute name="Current Error" value="48.000000" />
  <attribute name="IntegralT" value="0.000000" />
  <attribute name="IntegralI" value="0.000000" />
  <attribute name="IntegralH" value="0.000000" />
  <attribute name="DerivativeT" value="inf" />
  <attribute name="DerivativeI" value="inf" />
  <attribute name="DerivativeH" value="inf" />
  <attribute name="Loop Time for DT" value="0.000000" />
  <attribute name="Output H" value="8388608"/>
  <attribute name="Output I" value="200"/>
  <attribute name="Output T" value="1"/>
  <attribute name="Target GC Util Change" value ="20.000000" />
  <attribute name="Current GC Util Change" value="68.000000"/>
  <attribute name="GC Util currently" value="68" />
  <attribute name="CPU Util currently" value="20567683519286" />
<exclusive-end id="1343" timestamp="2019-07-07T05:37:42.200" durationms="3.377" />

<exclusive-start id="1344" timestamp="2019-07-07T05:37:42.226" intervalms="29.317">
  <response-info timems="0.073" idlems="0.073" threads="0" lastid="000000000202A700" lastname="main" />
</exclusive-start>
<allocation-taxation id="1345" taxation-threshold="29360128" timestamp="2019-07-07T05:37:42.227" intervalms="29.274" />
<cycle-start id="1346" type="partial gc" contextid="0" timestamp="2019-07-07T05:37:42.227" intervalms="29.287" />
<gc-start id="1347" type="partial gc" contextid="1346" timestamp="2019-07-07T05:37:42.227">
  <mem-info id="1348" free="26214400" total="92274688" percent="28">
    <mem type="eden" free="1048288" total="30408704" percent="3" />
    <remembered-set count="27552" freebytes="3573120" totalbytes="3683328" percent="97" regionsoverflowed="0" regionsstable="14" regionsrebuilding="0"/>
  </mem-info>
</gc-start>
<allocation-stats totalBytes="29334280" >
  <allocated-bytes non-tlh="0" tlh="29334280" arrayletleaf="0"/>
  <largest-consumer threadName="main" threadId="000000000202A700" bytes="29334280" />
</allocation-stats>
<gc-op id="1349" type="copy forward" timems="1.159" contextid="1346" timestamp="2019-07-07T05:37:42.229">
  <memory-copied type="eden" objects="6" bytes="328" bytesdiscarded="0" />
  <memory-copied type="other" objects="378" bytes="12920" bytesdiscarded="88" />
  <memory-cardclean objects="328" bytes="19480" />
  <regions eden="28" other="2" />
  <remembered-set-cleared processed="24865" cleared="137" durationms="0.291" />
  <references type="soft" candidates="1" cleared="0" enqueued="0" dynamicThreshold="19" maxThreshold="32" />
  <references type="weak" candidates="16" cleared="0" enqueued="0" />
  <stringconstants candidates="13760" cleared="0"  />
</gc-op>
<gc-op id="1350" type="classunload" timems="0.004" contextid="1346" timestamp="2019-07-07T05:37:42.229">
  <classunload-info classloadercandidates="54" classloadersunloaded="0" classesunloaded="0" anonymousclassesunloaded="0" quiescems="0.000" setupms="0.004" scanms="0.000" postms="0.000" />
</gc-op>
<gc-end id="1351" type="partial gc" contextid="1346" durationms="2.248" usertimems="4.000" systemtimems="0.000" timestamp="2019-07-07T05:37:42.229" activeThreads="1">
  <mem-info id="1352" free="56623104" total="92274688" percent="61">
    <mem type="eden" free="1048248" total="1048576" percent="99" />
    <remembered-set count="27840" freebytes="3571968" totalbytes="3683328" percent="96" regionsoverflowed="0" regionsstable="14" regionsrebuilding="0"/>
  </mem-info>
</gc-end>
<cycle-end id="1353" type="partial gc" contextid="1346" timestamp="2019-07-07T05:37:42.229" />
  <attribute name="elasticGC enabled" value="1" />
  <attribute name= "numThreadsSpecified" value="1" />
  <attribute name="heapSize specified" value="0" />
  <attribute name="Current GC Util" value="65" />
  <attribute name= "Current Time Running" value="13029" />
  <attribute name ="GC Interval" value="0" />
  <attribute name="ProportionalT" value="22.500000" />
  <attribute name="ProportionalI" value="22.500000" />
  <attribute name="ProportionalH" value="22.500000" />
  <attribute name="Current Error" value="45.000000" />
  <attribute name="IntegralT" value="0.000000" />
  <attribute name="IntegralI" value="0.000000" />
  <attribute name="IntegralH" value="0.000000" />
  <attribute name="DerivativeT" value="inf" />
  <attribute name="DerivativeI" value="inf" />
  <attribute name="DerivativeH" value="inf" />
  <attribute name="Loop Time for DT" value="0.000000" />
  <attribute name="Output H" value="8388608"/>
  <attribute name="Output I" value="200"/>
  <attribute name="Output T" value="1"/>
  <attribute name="Target GC Util Change" value ="20.000000" />
  <attribute name="Current GC Util Change" value="65.000000"/>
  <attribute name="GC Util currently" value="65" />
  <attribute name="CPU Util currently" value="20388819864261" />
<exclusive-end id="1354" timestamp="2019-07-07T05:37:42.230" durationms="3.320" />

<exclusive-start id="1355" timestamp="2019-07-07T05:37:42.255" intervalms="29.166">
  <response-info timems="0.068" idlems="0.068" threads="0" lastid="000000000202A700" lastname="main" />
</exclusive-start>
<allocation-taxation id="1356" taxation-threshold="29360128" timestamp="2019-07-07T05:37:42.256" intervalms="29.187" />
<cycle-start id="1357" type="partial gc" contextid="0" timestamp="2019-07-07T05:37:42.256" intervalms="29.195" />
<gc-start id="1358" type="partial gc" contextid="1357" timestamp="2019-07-07T05:37:42.256">
  <mem-info id="1359" free="27262976" total="92274688" percent="29">
    <mem type="eden" free="1048248" total="30408704" percent="3" />
    <remembered-set count="27456" freebytes="3573504" totalbytes="3683328" percent="97" regionsoverflowed="0" regionsstable="14" regionsrebuilding="0"/>
  </mem-info>
</gc-start>
<allocation-stats totalBytes="29334192" >
  <allocated-bytes non-tlh="0" tlh="29334192" arrayletleaf="0"/>
  <largest-consumer threadName="main" threadId="000000000202A700" bytes="29334192" />
</allocation-stats>
<gc-op id="1360" type="copy forward" timems="1.231" contextid="1357" timestamp="2019-07-07T05:37:42.258">
  <memory-copied type="eden" objects="6" bytes="352" bytesdiscarded="0" />
  <memory-copied type="other" objects="492" bytes="18824" bytesdiscarded="2296" />
  <memory-cardclean objects="282" bytes="18512" />
  <regions eden="28" other="2" />
  <remembered-set-cleared processed="24871" cleared="145" durationms="0.198" />
  <references type="soft" candidates="2" cleared="0" enqueued="0" dynamicThreshold="19" maxThreshold="32" />
  <references type="weak" candidates="14" cleared="0" enqueued="0" />
  <stringconstants candidates="13760" cleared="0"  />
</gc-op>
<gc-op id="1361" type="classunload" timems="0.005" contextid="1357" timestamp="2019-07-07T05:37:42.258">
  <classunload-info classloadercandidates="54" classloadersunloaded="0" classesunloaded="0" anonymousclassesunloaded="0" quiescems="0.000" setupms="0.004" scanms="0.000" postms="0.000" />
</gc-op>
<heap-resize id="1362" type="contract" space="default" amount="3145728" count="1" timems="0.069" reason="excess free space following gc" timestamp="2019-07-07T05:37:42.258" />
<gc-end id="1363" type="partial gc" contextid="1357" durationms="2.445" usertimems="4.000" systemtimems="0.000" timestamp="2019-07-07T05:37:42.259" activeThreads="4">
  <mem-info id="1364" free="54525952" total="89128960" percent="61">
    <mem type="eden" free="1048224" total="1048576" percent="99" />
    <remembered-set count="27744" freebytes="3572352" totalbytes="3683328" percent="96" regionsoverflowed="0" regionsstable="14" regionsrebuilding="0"/>
  </mem-info>
</gc-end>
<cycle-end id="1365" type="partial gc" contextid="1357" timestamp="2019-07-07T05:37:42.259" />
  <attribute name="elasticGC enabled" value="1" />
  <attribute name= "numThreadsSpecified" value="4" />
  <attribute name="heapSize specified" value="0" />
  <attribute name="Current GC Util" value="71" />
  <attribute name= "Current Time Running" value="13059" />
  <attribute name ="GC Interval" value="0" />
  <attribute name="ProportionalT" value="25.500000" />
  <attribute name="ProportionalI" value="25.500000" />
  <attribute name="ProportionalH" value="25.500000" />
  <attribute name="Current Error" value="51.000000" />
  <attribute name="IntegralT" value="25.500000" />
  <attribute name="IntegralI" value="25.500000" />
  <attribute name="IntegralH" value="25.500000" />
  <attribute name="DerivativeT" value="51.000000" />
  <attribute name="DerivativeI" value="51.000000" />
  <attribute name="DerivativeH" value="51.000000" />
  <attribute name="Loop Time for DT" value="1.000000" />
  <attribute name="Output H" value="8388608"/>
  <attribute name="Output I" value="200"/>
  <attribute name="Output T" value="4"/>
  <attribute name="Target GC Util Change" value ="20.000000" />
  <attribute name="Current GC Util Change" value="71.000000"/>
  <attribute name="GC Util currently" value="71" />
  <attribute name="CPU Util currently" value="20695240482234" />
<exclusive-end id="1366" timestamp="2019-07-07T05:37:42.259" durationms="3.567" />

<exclusive-start id="1367" timestamp="2019-07-07T05:37:42.357" intervalms="101.659">
  <response-info timems="0.057" idlems="0.057" threads="0" lastid="000000000202A700" lastname="main" />
</exclusive-start>
<allocation-taxation id="1368" taxation-threshold="28311552" timestamp="2019-07-07T05:37:42.357" intervalms="101.625" />
<cycle-start id="1369" type="partial gc" contextid="0" timestamp="2019-07-07T05:37:42.358" intervalms="101.621" />
<gc-start id="1370" type="partial gc" contextid="1369" timestamp="2019-07-07T05:37:42.358">
  <mem-info id="1371" free="26214400" total="89128960" percent="29">
    <mem type="eden" free="1048224" total="29360128" percent="3" />
    <remembered-set count="27296" freebytes="3574144" totalbytes="3683328" percent="97" regionsoverflowed="0" regionsstable="14" regionsrebuilding="0"/>
  </mem-info>
</gc-start>
<allocation-stats totalBytes="28304440" >
  <allocated-bytes non-tlh="0" tlh="28304440" arrayletleaf="0"/>
  <largest-consumer threadName="main" threadId="000000000202A700" bytes="28304440" />
</allocation-stats>
<gc-op id="1372" type="copy forward" timems="1.246" contextid="1369" timestamp="2019-07-07T05:37:42.360">
  <memory-copied type="eden" objects="54" bytes="2496" bytesdiscarded="0" />
  <memory-copied type="other" objects="553" bytes="18768" bytesdiscarded="192" />
  <memory-cardclean objects="944" bytes="40048" />
  <regions eden="27" other="2" />
  <remembered-set-cleared processed="24807" cleared="231" durationms="0.274" />
  <references type="soft" candidates="2" cleared="0" enqueued="0" dynamicThreshold="19" maxThreshold="32" />
  <references type="weak" candidates="8" cleared="0" enqueued="0" />
  <stringconstants candidates="13760" cleared="0"  />
</gc-op>
<gc-op id="1373" type="classunload" timems="0.004" contextid="1369" timestamp="2019-07-07T05:37:42.360">
  <classunload-info classloadercandidates="54" classloadersunloaded="0" classesunloaded="0" anonymousclassesunloaded="0" quiescems="0.000" setupms="0.004" scanms="0.000" postms="0.000" />
</gc-op>
<heap-resize id="1374" type="contract" space="default" amount="2097152" count="1" timems="0.049" reason="excess free space following gc" timestamp="2019-07-07T05:37:42.360" />
<gc-end id="1375" type="partial gc" contextid="1369" durationms="2.729" usertimems="4.000" systemtimems="0.000" timestamp="2019-07-07T05:37:42.361" activeThreads="1">
  <mem-info id="1376" free="53477376" total="87031808" percent="61">
    <mem type="eden" free="1046080" total="1048576" percent="99" />
    <remembered-set count="25984" freebytes="3453824" totalbytes="3557760" percent="97" regionsoverflowed="0" regionsstable="14" regionsrebuilding="0"/>
  </mem-info>
</gc-end>
<cycle-end id="1377" type="partial gc" contextid="1369" timestamp="2019-07-07T05:37:42.361" />
  <attribute name="elasticGC enabled" value="1" />
  <attribute name= "numThreadsSpecified" value="1" />
  <attribute name="heapSize specified" value="0" />
  <attribute name="Current GC Util" value="41" />
  <attribute name= "Current Time Running" value="13160" />
  <attribute name ="GC Interval" value="0" />
  <attribute name="ProportionalT" value="10.500000" />
  <attribute name="ProportionalI" value="10.500000" />
  <attribute name="ProportionalH" value="10.500000" />
  <attribute name="Current Error" value="21.000000" />
  <attribute name="IntegralT" value="0.000000" />
  <attribute name="IntegralI" value="0.000000" />
  <attribute name="IntegralH" value="0.000000" />
  <attribute name="DerivativeT" value="inf" />
  <attribute name="DerivativeI" value="inf" />
  <attribute name="DerivativeH" value="inf" />
  <attribute name="Loop Time for DT" value="0.000000" />
  <attribute name="Output H" value="8388608"/>
  <attribute name="Output I" value="200"/>
  <attribute name="Output T" value="1"/>
  <attribute name="Target GC Util Change" value ="20.000000" />
  <attribute name="Current GC Util Change" value="41.000000"/>
  <attribute name="GC Util currently" value="41" />
  <attribute name="CPU Util currently" value="9958788708428" />
<exclusive-end id="1378" timestamp="2019-07-07T05:37:42.361" durationms="3.709" />

<exclusive-start id="1379" timestamp="2019-07-07T05:37:42.455" intervalms="98.004">
  <response-info timems="0.084" idlems="0.084" threads="0" lastid="000000000202A700" lastname="main" />
</exclusive-start>
<allocation-taxation id="1380" taxation-threshold="28311552" timestamp="2019-07-07T05:37:42.455" intervalms="98.038" />
<cycle-start id="1381" type="partial gc" contextid="0" timestamp="2019-07-07T05:37:42.456" intervalms="98.050" />
<gc-start id="1382" type="partial gc" contextid="1381" timestamp="2019-07-07T05:37:42.456">
  <mem-info id="1383" free="25165824" total="87031808" percent="28">
    <mem type="eden" free="0" total="28311552" percent="0" />
    <remembered-set count="25888" freebytes="3454208" totalbytes="3557760" percent="97" regionsoverflowed="0" regionsstable="14" regionsrebuilding="0"/>
  </mem-info>
</gc-start>
<allocation-stats totalBytes="28305608" >
  <allocated-bytes non-tlh="0" tlh="28305608" arrayletleaf="0"/>
  <largest-consumer threadName="main" threadId="000000000202A700" bytes="28305608" />
</allocation-stats>
<gc-op id="1384" type="copy forward" timems="1.291" contextid="1381" timestamp="2019-07-07T05:37:42.458">
  <memory-copied type="eden" objects="19" bytes="880" bytesdiscarded="0" />
  <memory-copied type="other" objects="632" bytes="22592" bytesdiscarded="1720" />
  <memory-cardclean objects="375" bytes="21232" />
  <regions eden="27" other="2" />
  <remembered-set-cleared processed="24870" cleared="174" durationms="0.218" />
  <references type="soft" candidates="3" cleared="0" enqueued="0" dynamicThreshold="19" maxThreshold="32" />
  <references type="weak" candidates="17" cleared="0" enqueued="0" />
  <stringconstants candidates="13760" cleared="0"  />
</gc-op>
<gc-op id="1385" type="classunload" timems="0.005" contextid="1381" timestamp="2019-07-07T05:37:42.458">
  <classunload-info classloadercandidates="54" classloadersunloaded="0" classesunloaded="0" anonymousclassesunloaded="0" quiescems="0.000" setupms="0.005" scanms="0.000" postms="0.000" />
</gc-op>
<heap-resize id="1386" type="contract" space="default" amount="5242880" count="1" timems="0.053" reason="insufficient time being spent in gc" timestamp="2019-07-07T05:37:42.458" />
<gc-end id="1387" type="partial gc" contextid="1381" durationms="2.650" usertimems="0.000" systemtimems="4.000" timestamp="2019-07-07T05:37:42.459" activeThreads="4">
  <mem-info id="1388" free="48234496" total="81788928" percent="58">
    <mem type="eden" free="1047696" total="1048576" percent="99" />
    <remembered-set count="27616" freebytes="3363584" totalbytes="3474048" percent="96" regionsoverflowed="0" regionsstable="14" regionsrebuilding="0"/>
  </mem-info>
</gc-end>
<cycle-end id="1389" type="partial gc" contextid="1381" timestamp="2019-07-07T05:37:42.459" />
  <attribute name="elasticGC enabled" value="1" />
  <attribute name= "numThreadsSpecified" value="4" />
  <attribute name="heapSize specified" value="0" />
  <attribute name="Current GC Util" value="40" />
  <attribute name= "Current Time Running" value="13259" />
  <attribute name ="GC Interval" value="0" />
  <attribute name="ProportionalT" value="10.000000" />
  <attribute name="ProportionalI" value="10.000000" />
  <attribute name="ProportionalH" value="10.000000" />
  <attribute name="Current Error" value="20.000000" />
  <attribute name="IntegralT" value="10.000000" />
  <attribute name="IntegralI" value="10.000000" />
  <attribute name="IntegralH" value="10.000000" />
  <attribute name="DerivativeT" value="20.000000" />
  <attribute name="DerivativeI" value="20.000000" />
  <attribute name="DerivativeH" value="20.000000" />
  <attribute name="Loop Time for DT" value="1.000000" />
  <attribute name="Output H" value="8388608"/>
  <attribute name="Output I" value="200"/>
  <attribute name="Output T" value="4"/>
  <attribute name="Target GC Util Change" value ="20.000000" />
  <attribute name="Current GC Util Change" value="40.000000"/>
  <attribute name="GC Util currently" value="40" />
  <attribute name="CPU Util currently" value="10302588776329" />
<exclusive-end id="1390" timestamp="2019-07-07T05:37:42.459" durationms="3.714" />

<exclusive-start id="1391" timestamp="2019-07-07T05:37:42.543" intervalms="87.454">
  <response-info timems="0.120" idlems="0.120" threads="0" lastid="000000000202A700" lastname="main" />
</exclusive-start>
<allocation-taxation id="1392" taxation-threshold="27262976" timestamp="2019-07-07T05:37:42.543" intervalms="87.476" />
<cycle-start id="1393" type="partial gc" contextid="0" timestamp="2019-07-07T05:37:42.543" intervalms="87.468" />
<gc-start id="1394" type="partial gc" contextid="1393" timestamp="2019-07-07T05:37:42.543">
  <mem-info id="1395" free="20971520" total="81788928" percent="25">
    <mem type="eden" free="1047696" total="28311552" percent="3" />
    <remembered-set count="27168" freebytes="3365376" totalbytes="3474048" percent="96" regionsoverflowed="0" regionsstable="14" regionsrebuilding="0"/>
  </mem-info>
</gc-start>
<allocation-stats totalBytes="27256952" >
  <allocated-bytes non-tlh="0" tlh="27256952" arrayletleaf="0"/>
  <largest-consumer threadName="main" threadId="000000000202A700" bytes="27256952" />
</allocation-stats>
<gc-op id="1396" type="copy forward" timems="1.608" contextid="1393" timestamp="2019-07-07T05:37:42.546">
  <memory-copied type="eden" objects="14" bytes="584" bytesdiscarded="0" />
  <memory-copied type="other" objects="3701" bytes="132440" bytesdiscarded="88" />
  <memory-cardclean objects="1064" bytes="46168" />
  <regions eden="26" other="4" />
  <remembered-set-cleared processed="24762" cleared="541" durationms="0.262" />
  <references type="soft" candidates="175" cleared="0" enqueued="0" dynamicThreshold="18" maxThreshold="32" />
  <references type="weak" candidates="218" cleared="0" enqueued="0" />
  <stringconstants candidates="13760" cleared="0"  />
</gc-op>
<gc-op id="1397" type="classunload" timems="0.005" contextid="1393" timestamp="2019-07-07T05:37:42.546">
  <classunload-info classloadercandidates="54" classloadersunloaded="0" classesunloaded="0" anonymousclassesunloaded="0" quiescems="0.000" setupms="0.005" scanms="0.000" postms="0.000" />
</gc-op>
<heap-resize id="1398" type="contract" space="default" amount="4194304" count="1" timems="0.068" reason="insufficient time being spent in gc" timestamp="2019-07-07T05:37:42.546" />
<gc-end id="1399" type="partial gc" contextid="1393" durationms="3.146" usertimems="4.000" systemtimems="0.000" timestamp="2019-07-07T05:37:42.546" activeThreads="1">
  <mem-info id="1400" free="47185920" total="77594624" percent="60">
    <mem type="eden" free="1047992" total="1048576" percent="99" />
    <remembered-set count="26144" freebytes="3160192" totalbytes="3264768" percent="96" regionsoverflowed="0" regionsstable="14" regionsrebuilding="0"/>
  </mem-info>
</gc-end>
<cycle-end id="1401" type="partial gc" contextid="1393" timestamp="2019-07-07T05:37:42.547" />
  <attribute name="elasticGC enabled" value="1" />
  <attribute name= "numThreadsSpecified" value="1" />
  <attribute name="heapSize specified" value="0" />
  <attribute name="Current GC Util" value="33" />
  <attribute name= "Current Time Running" value="13346" />
  <attribute name ="GC Interval" value="0" />
  <attribute name="ProportionalT" value="6.500000" />
  <attribute name="ProportionalI" value="6.500000" />
  <attribute name="ProportionalH" value="6.500000" />
  <attribute name="Current Error" value="13.000000" />
  <attribute name="IntegralT" value="0.000000" />
  <attribute name="IntegralI" value="0.000000" />
  <attribute name="IntegralH" value="0.000000" />
  <attribute name="DerivativeT" value="inf" />
  <attribute name="DerivativeI" value="inf" />
  <attribute name="DerivativeH" value="inf" />
  <attribute name="Loop Time for DT" value="0.000000" />
  <attribute name="Output H" value="8388608"/>
  <attribute name="Output I" value="200"/>
  <attribute name="Output T" value="1"/>
  <attribute name="Target GC Util Change" value ="20.000000" />
  <attribute name="Current GC Util Change" value="33.000000"/>
  <attribute name="GC Util currently" value="33" />
  <attribute name="CPU Util currently" value="10751730485077" />
<exclusive-end id="1402" timestamp="2019-07-07T05:37:42.547" durationms="4.272" />

<exclusive-start id="1403" timestamp="2019-07-07T05:37:43.691" intervalms="1148.653">
  <response-info timems="0.076" idlems="0.076" threads="0" lastid="000000000202A700" lastname="main" />
</exclusive-start>
<allocation-taxation id="1404" taxation-threshold="12582912" timestamp="2019-07-07T05:37:43.692" intervalms="1148.672" />
<cycle-start id="1405" type="global mark phase" contextid="0" timestamp="2019-07-07T05:37:43.692" intervalms="1798.938" />
<gc-start id="1406" type="global mark phase" contextid="1405" timestamp="2019-07-07T05:37:43.692">
  <mem-info id="1407" free="34603008" total="77594624" percent="44">
    <remembered-set count="25760" freebytes="3161728" totalbytes="3264768" percent="96" regionsoverflowed="0" regionsstable="14" regionsrebuilding="0"/>
  </mem-info>
</gc-start>
<gc-op id="1408" type="mark increment" timems="0.594" contextid="1405" timestamp="2019-07-07T05:37:43.693">
  <trace-info objectcount="180" scancount="0" scanbytes="0" />
</gc-op>
<gc-end id="1409" type="global mark phase" contextid="1405" durationms="0.983" usertimems="4.000" systemtimems="0.000" timestamp="2019-07-07T05:37:43.693" activeThreads="1">
  <mem-info id="1410" free="34603008" total="77594624" percent="44">
    <remembered-set count="25760" freebytes="3161728" totalbytes="3264768" percent="96" regionsoverflowed="0" regionsstable="0" regionsrebuilding="14"/>
  </mem-info>
</gc-end>
<concurrent-start id="1411" type="GMP work packet processing" contextid="1405" timestamp="2019-07-07T05:37:43.693">
  <concurrent-mark-start scanTarget="1048576" />
</concurrent-start>
<exclusive-end id="1412" timestamp="2019-07-07T05:37:43.694" durationms="3.068" />

<concurrent-end id="1413" type="GMP work packet processing" contextid="1405" timestamp="2019-07-07T05:37:43.694">
  <concurrent-mark-end bytesScanned="1144616" reasonForTermination="Work target met" />
</concurrent-end>

<exclusive-start id="1414" timestamp="2019-07-07T05:37:43.702" intervalms="10.357">
  <response-info timems="0.058" idlems="0.058" threads="0" lastid="000000000202A700" lastname="main" />
</exclusive-start>
<allocation-taxation id="1415" taxation-threshold="12582912" timestamp="2019-07-07T05:37:43.702" intervalms="10.305" />
<cycle-start id="1416" type="partial gc" contextid="0" timestamp="2019-07-07T05:37:43.702" intervalms="1158.997" />
<gc-start id="1417" type="partial gc" contextid="1416" timestamp="2019-07-07T05:37:43.702">
  <mem-info id="1418" free="22020096" total="77594624" percent="28">
    <mem type="eden" free="1047992" total="26214400" percent="3" />
    <remembered-set count="32352" freebytes="3135360" totalbytes="3264768" percent="96" regionsoverflowed="0" regionsstable="0" regionsrebuilding="14"/>
  </mem-info>
</gc-start>
<allocation-stats totalBytes="23956616" >
  <allocated-bytes non-tlh="0" tlh="23956616" arrayletleaf="0"/>
  <largest-consumer threadName="main" threadId="000000000202A700" bytes="11763576" />
</allocation-stats>
<gc-op id="1419" type="copy forward" timems="2.567" contextid="1416" timestamp="2019-07-07T05:37:43.706">
  <memory-copied type="eden" objects="104" bytes="42872" bytesdiscarded="0" />
  <memory-copied type="other" objects="9910" bytes="220272" bytesdiscarded="8" />
  <memory-cardclean objects="2815" bytes="205912" />
  <regions eden="24" other="3" />
  <remembered-set-cleared processed="29511" cleared="165" durationms="0.337" />
  <references type="soft" candidates="34" cleared="0" enqueued="0" dynamicThreshold="14" maxThreshold="32" />
  <references type="weak" candidates="18" cleared="0" enqueued="0" />
  <stringconstants candidates="13760" cleared="0"  />
</gc-op>
<gc-op id="1420" type="classunload" timems="0.004" contextid="1416" timestamp="2019-07-07T05:37:43.706">
  <classunload-info classloadercandidates="54" classloadersunloaded="0" classesunloaded="0" anonymousclassesunloaded="0" quiescems="0.000" setupms="0.004" scanms="0.000" postms="0.000" />
</gc-op>
<heap-resize id="1421" type="contract" space="default" amount="4194304" count="1" timems="0.282" reason="excess free space following gc" timestamp="2019-07-07T05:37:43.707" />
<gc-end id="1422" type="partial gc" contextid="1416" durationms="4.599" usertimems="0.000" systemtimems="4.000" timestamp="2019-07-07T05:37:43.707" activeThreads="1">
  <mem-info id="1423" free="45088768" total="73400320" percent="61">
    <mem type="eden" free="1005704" total="1048576" percent="95" />
    <remembered-set count="32384" freebytes="2967808" totalbytes="3097344" percent="95" regionsoverflowed="0" regionsstable="0" regionsrebuilding="14"/>
  </mem-info>
</gc-end>
<cycle-end id="1424" type="partial gc" contextid="1416" timestamp="2019-07-07T05:37:43.707" />
  <attribute name="elasticGC enabled" value="1" />
  <attribute name= "numThreadsSpecified" value="1" />
  <attribute name="heapSize specified" value="0" />
  <attribute name="Current GC Util" value="44" />
  <attribute name= "Current Time Running" value="14505" />
  <attribute name ="GC Interval" value="0" />
  <attribute name="ProportionalT" value="12.000000" />
  <attribute name="ProportionalI" value="12.000000" />
  <attribute name="ProportionalH" value="12.000000" />
  <attribute name="Current Error" value="24.000000" />
  <attribute name="IntegralT" value="0.000000" />
  <attribute name="IntegralI" value="0.000000" />
  <attribute name="IntegralH" value="0.000000" />
  <attribute name="DerivativeT" value="inf" />
  <attribute name="DerivativeI" value="inf" />
  <attribute name="DerivativeH" value="inf" />
  <attribute name="Loop Time for DT" value="0.000000" />
  <attribute name="Output H" value="8388608"/>
  <attribute name="Output I" value="200"/>
  <attribute name="Output T" value="1"/>
  <attribute name="Target GC Util Change" value ="20.000000" />
  <attribute name="Current GC Util Change" value="44.000000"/>
  <attribute name="GC Util currently" value="44" />
  <attribute name="CPU Util currently" value="9238430638203" />
<exclusive-end id="1425" timestamp="2019-07-07T05:37:43.707" durationms="5.859" />

<exclusive-start id="1426" timestamp="2019-07-07T05:37:43.715" intervalms="13.174">
  <response-info timems="0.034" idlems="0.034" threads="0" lastid="000000000202A700" lastname="main" />
</exclusive-start>
<allocation-taxation id="1427" taxation-threshold="12582912" timestamp="2019-07-07T05:37:43.715" intervalms="13.240" />
<gc-start id="1428" type="global mark phase" contextid="1405" timestamp="2019-07-07T05:37:43.715">
  <mem-info id="1429" free="32505856" total="73400320" percent="44">
    <remembered-set count="32224" freebytes="2968448" totalbytes="3097344" percent="95" regionsoverflowed="0" regionsstable="0" regionsrebuilding="14"/>
  </mem-info>
</gc-start>
<gc-end id="1430" type="global mark phase" contextid="1405" durationms="0.093" usertimems="0.000" systemtimems="0.000" timestamp="2019-07-07T05:37:43.715" activeThreads="1">
  <mem-info id="1431" free="32505856" total="73400320" percent="44">
    <remembered-set count="32224" freebytes="2968448" totalbytes="3097344" percent="95" regionsoverflowed="0" regionsstable="0" regionsrebuilding="14"/>
  </mem-info>
</gc-end>
<concurrent-start id="1432" type="GMP work packet processing" contextid="1405" timestamp="2019-07-07T05:37:43.716">
  <concurrent-mark-start scanTarget="1048576" />
</concurrent-start>
<exclusive-end id="1433" timestamp="2019-07-07T05:37:43.717" durationms="2.077" />

<concurrent-end id="1434" type="GMP work packet processing" contextid="1405" timestamp="2019-07-07T05:37:43.717">
  <concurrent-mark-end bytesScanned="1145268" reasonForTermination="Work target met" />
</concurrent-end>

<exclusive-start id="1435" timestamp="2019-07-07T05:37:43.724" intervalms="9.282">
  <response-info timems="0.034" idlems="0.034" threads="0" lastid="000000000202A700" lastname="main" />
</exclusive-start>
<allocation-taxation id="1436" taxation-threshold="12582912" timestamp="2019-07-07T05:37:43.724" intervalms="9.278" />
<cycle-start id="1437" type="partial gc" contextid="0" timestamp="2019-07-07T05:37:43.724" intervalms="22.474" />
<gc-start id="1438" type="partial gc" contextid="1437" timestamp="2019-07-07T05:37:43.725">
  <mem-info id="1439" free="19922944" total="73400320" percent="27">
    <mem type="eden" free="0" total="25165824" percent="0" />
    <remembered-set count="38176" freebytes="2944640" totalbytes="3097344" percent="95" regionsoverflowed="0" regionsstable="0" regionsrebuilding="14"/>
  </mem-info>
</gc-start>
<allocation-stats totalBytes="23559800" >
  <allocated-bytes non-tlh="0" tlh="23559800" arrayletleaf="0"/>
  <largest-consumer threadName="main" threadId="000000000202A700" bytes="11773264" />
</allocation-stats>
<gc-op id="1440" type="copy forward" timems="2.662" contextid="1437" timestamp="2019-07-07T05:37:43.729">
  <memory-copied type="eden" objects="12" bytes="13784" bytesdiscarded="0" />
  <memory-copied type="other" objects="14960" bytes="315400" bytesdiscarded="5896" />
  <memory-cardclean objects="26863" bytes="1118376" />
  <regions eden="24" other="2" />
  <remembered-set-cleared processed="30504" cleared="6751" durationms="0.184" />
  <references type="soft" candidates="54" cleared="0" enqueued="0" dynamicThreshold="14" maxThreshold="32" />
  <references type="weak" candidates="182" cleared="0" enqueued="0" />
  <stringconstants candidates="13760" cleared="0"  />
</gc-op>
<gc-op id="1441" type="classunload" timems="0.004" contextid="1437" timestamp="2019-07-07T05:37:43.729">
  <classunload-info classloadercandidates="54" classloadersunloaded="0" classesunloaded="0" anonymousclassesunloaded="0" quiescems="0.000" setupms="0.004" scanms="0.000" postms="0.000" />
</gc-op>
<gc-end id="1442" type="partial gc" contextid="1437" durationms="4.106" usertimems="8.000" systemtimems="0.000" timestamp="2019-07-07T05:37:43.729" activeThreads="4">
  <mem-info id="1443" free="45088768" total="73400320" percent="61">
    <mem type="eden" free="1034792" total="1048576" percent="98" />
    <remembered-set count="35392" freebytes="2788352" totalbytes="2929920" percent="95" regionsoverflowed="0" regionsstable="0" regionsrebuilding="14"/>
  </mem-info>
</gc-end>
<cycle-end id="1444" type="partial gc" contextid="1437" timestamp="2019-07-07T05:37:43.729" />
  <attribute name="elasticGC enabled" value="1" />
  <attribute name= "numThreadsSpecified" value="4" />
  <attribute name="heapSize specified" value="0" />
  <attribute name="Current GC Util" value="61" />
  <attribute name= "Current Time Running" value="14528" />
  <attribute name ="GC Interval" value="0" />
  <attribute name="ProportionalT" value="20.500000" />
  <attribute name="ProportionalI" value="20.500000" />
  <attribute name="ProportionalH" value="20.500000" />
  <attribute name="Current Error" value="41.000000" />
  <attribute name="IntegralT" value="20.500000" />
  <attribute name="IntegralI" value="20.500000" />
  <attribute name="IntegralH" value="20.500000" />
  <attribute name="DerivativeT" value="35.000000" />
  <attribute name="DerivativeI" value="35.000000" />
  <attribute name="DerivativeH" value="35.000000" />
  <attribute name="Loop Time for DT" value="1.000000" />
  <attribute name="Output H" value="8388608"/>
  <attribute name="Output I" value="200"/>
  <attribute name="Output T" value="4"/>
  <attribute name="Target GC Util Change" value ="20.000000" />
  <attribute name="Current GC Util Change" value="61.000000"/>
  <attribute name="GC Util currently" value="61" />
  <attribute name="CPU Util currently" value="9411969031351" />
<exclusive-end id="1445" timestamp="2019-07-07T05:37:43.729" durationms="5.352" />

<exclusive-start id="1446" timestamp="2019-07-07T05:37:43.735" intervalms="10.835">
  <response-info timems="0.032" idlems="0.032" threads="0" lastid="000000000202A700" lastname="main" />
</exclusive-start>
<allocation-taxation id="1447" taxation-threshold="12582912" timestamp="2019-07-07T05:37:43.735" intervalms="10.794" />
<gc-start id="1448" type="global mark phase" contextid="1405" timestamp="2019-07-07T05:37:43.735">
  <mem-info id="1449" free="32505856" total="73400320" percent="44">
    <remembered-set count="35360" freebytes="2788480" totalbytes="2929920" percent="95" regionsoverflowed="0" regionsstable="0" regionsrebuilding="14"/>
  </mem-info>
</gc-start>
<gc-end id="1450" type="global mark phase" contextid="1405" durationms="0.130" usertimems="0.000" systemtimems="0.000" timestamp="2019-07-07T05:37:43.735" activeThreads="4">
  <mem-info id="1451" free="32505856" total="73400320" percent="44">
    <remembered-set count="35360" freebytes="2788480" totalbytes="2929920" percent="95" regionsoverflowed="0" regionsstable="0" regionsrebuilding="14"/>
  </mem-info>
</gc-end>
<concurrent-start id="1452" type="GMP work packet processing" contextid="1405" timestamp="2019-07-07T05:37:43.736">
  <concurrent-mark-start scanTarget="2035359" />
</concurrent-start>
<exclusive-end id="1453" timestamp="2019-07-07T05:37:43.737" durationms="1.978" />

<concurrent-end id="1454" type="GMP work packet processing" contextid="1405" timestamp="2019-07-07T05:37:43.737">
  <concurrent-mark-end bytesScanned="2085140" reasonForTermination="Work target met" />
</concurrent-end>

<exclusive-start id="1455" timestamp="2019-07-07T05:37:43.742" intervalms="6.756">
  <response-info timems="0.037" idlems="0.037" threads="0" lastid="000000000202A700" lastname="main" />
</exclusive-start>
<allocation-taxation id="1456" taxation-threshold="12582912" timestamp="2019-07-07T05:37:43.742" intervalms="6.675" />
<cycle-start id="1457" type="partial gc" contextid="0" timestamp="2019-07-07T05:37:43.742" intervalms="17.458" />
<gc-start id="1458" type="partial gc" contextid="1457" timestamp="2019-07-07T05:37:43.742">
  <mem-info id="1459" free="19922944" total="73400320" percent="27">
    <mem type="eden" free="1034792" total="26214400" percent="3" />
    <remembered-set count="37824" freebytes="2778624" totalbytes="2929920" percent="94" regionsoverflowed="0" regionsstable="0" regionsrebuilding="14"/>
  </mem-info>
</gc-start>
<allocation-stats totalBytes="23548584" >
  <allocated-bytes non-tlh="0" tlh="23548584" arrayletleaf="0"/>
  <largest-consumer threadName="main" threadId="000000000202A700" bytes="11777256" />
</allocation-stats>
<gc-op id="1460" type="copy forward" timems="2.952" contextid="1457" timestamp="2019-07-07T05:37:43.746">
  <memory-copied type="eden" objects="12" bytes="37752" bytesdiscarded="0" />
  <memory-copied type="other" objects="8669" bytes="332840" bytesdiscarded="344" />
  <memory-cardclean objects="386" bytes="30224" />
  <regions eden="24" other="2" />
  <remembered-set-cleared processed="35171" cleared="1292" durationms="0.376" />
  <references type="soft" candidates="960" cleared="0" enqueued="0" dynamicThreshold="14" maxThreshold="32" />
  <references type="weak" candidates="338" cleared="0" enqueued="0" />
  <stringconstants candidates="13760" cleared="0"  />
</gc-op>
<gc-op id="1461" type="classunload" timems="0.004" contextid="1457" timestamp="2019-07-07T05:37:43.746">
  <classunload-info classloadercandidates="54" classloadersunloaded="0" classesunloaded="0" anonymousclassesunloaded="0" quiescems="0.000" setupms="0.004" scanms="0.000" postms="0.000" />
</gc-op>
<gc-end id="1462" type="partial gc" contextid="1457" durationms="4.239" usertimems="4.000" systemtimems="0.000" timestamp="2019-07-07T05:37:43.747" activeThreads="1">
  <mem-info id="1463" free="45088768" total="73400320" percent="61">
    <mem type="eden" free="1010824" total="1048576" percent="96" />
    <remembered-set count="38240" freebytes="2776960" totalbytes="2929920" percent="94" regionsoverflowed="0" regionsstable="0" regionsrebuilding="14"/>
  </mem-info>
</gc-end>
<cycle-end id="1464" type="partial gc" contextid="1457" timestamp="2019-07-07T05:37:43.747" />
  <attribute name="elasticGC enabled" value="1" />
  <attribute name= "numThreadsSpecified" value="1" />
  <attribute name="heapSize specified" value="0" />
  <attribute name="Current GC Util" value="70" />
  <attribute name= "Current Time Running" value="14545" />
  <attribute name ="GC Interval" value="0" />
  <attribute name="ProportionalT" value="25.000000" />
  <attribute name="ProportionalI" value="25.000000" />
  <attribute name="ProportionalH" value="25.000000" />
  <attribute name="Current Error" value="50.000000" />
  <attribute name="IntegralT" value="0.000000" />
  <attribute name="IntegralI" value="0.000000" />
  <attribute name="IntegralH" value="0.000000" />
  <attribute name="DerivativeT" value="inf" />
  <attribute name="DerivativeI" value="inf" />
  <attribute name="DerivativeH" value="inf" />
  <attribute name="Loop Time for DT" value="0.000000" />
  <attribute name="Output H" value="8388608"/>
  <attribute name="Output I" value="200"/>
  <attribute name="Output T" value="1"/>
  <attribute name="Target GC Util Change" value ="20.000000" />
  <attribute name="Current GC Util Change" value="70.000000"/>
  <attribute name="GC Util currently" value="70" />
  <attribute name="CPU Util currently" value="17271714696392" />
<exclusive-end id="1465" timestamp="2019-07-07T05:37:43.747" durationms="5.381" />

<exclusive-start id="1466" timestamp="2019-07-07T05:37:43.863" intervalms="120.939">
  <response-info timems="0.111" idlems="0.111" threads="0" lastid="000000000202A700" lastname="main" />
</exclusive-start>
<allocation-taxation id="1467" taxation-threshold="12582912" timestamp="2019-07-07T05:37:43.863" intervalms="120.973" />
<gc-start id="1468" type="global mark phase" contextid="1405" timestamp="2019-07-07T05:37:43.863">
  <mem-info id="1469" free="32505856" total="73400320" percent="44">
    <remembered-set count="37856" freebytes="2778496" totalbytes="2929920" percent="94" regionsoverflowed="0" regionsstable="0" regionsrebuilding="14"/>
  </mem-info>
</gc-start>
<gc-end id="1470" type="global mark phase" contextid="1405" durationms="0.193" usertimems="0.000" systemtimems="0.000" timestamp="2019-07-07T05:37:43.863" activeThreads="1">
  <mem-info id="1471" free="32505856" total="73400320" percent="44">
    <remembered-set count="37856" freebytes="2778496" totalbytes="2929920" percent="94" regionsoverflowed="0" regionsstable="0" regionsrebuilding="14"/>
  </mem-info>
</gc-end>
<concurrent-start id="1472" type="GMP work packet processing" contextid="1405" timestamp="2019-07-07T05:37:43.863">
  <concurrent-mark-start scanTarget="1048576" />
</concurrent-start>
<concurrent-end id="1473" type="GMP work packet processing" contextid="1405" timestamp="2019-07-07T05:37:43.864">
  <concurrent-mark-end bytesScanned="1087828" reasonForTermination="Work target met" />
</concurrent-end>

<exclusive-end id="1474" timestamp="2019-07-07T05:37:43.864" durationms="1.740" />

<exclusive-start id="1475" timestamp="2019-07-07T05:37:44.401" intervalms="538.355">
  <response-info timems="0.033" idlems="0.033" threads="0" lastid="000000000202A700" lastname="main" />
</exclusive-start>
<allocation-taxation id="1476" taxation-threshold="12582912" timestamp="2019-07-07T05:37:44.401" intervalms="538.434" />
<cycle-start id="1477" type="partial gc" contextid="0" timestamp="2019-07-07T05:37:44.401" intervalms="659.513" />
<gc-start id="1478" type="partial gc" contextid="1477" timestamp="2019-07-07T05:37:44.402">
  <mem-info id="1479" free="19922944" total="73400320" percent="27">
    <mem type="eden" free="1010824" total="26214400" percent="3" />
    <remembered-set count="40896" freebytes="2766336" totalbytes="2929920" percent="94" regionsoverflowed="0" regionsstable="0" regionsrebuilding="14"/>
  </mem-info>
</gc-start>
<allocation-stats totalBytes="25162784" >
  <allocated-bytes non-tlh="0" tlh="25162784" arrayletleaf="0"/>
  <largest-consumer threadName="main" threadId="000000000202A700" bytes="12580960" />
</allocation-stats>
<gc-op id="1480" type="copy forward" timems="2.641" contextid="1477" timestamp="2019-07-07T05:37:44.406">
  <memory-copied type="eden" objects="59" bytes="41528" bytesdiscarded="816" />
  <memory-copied type="other" objects="22309" bytes="485840" bytesdiscarded="26152" />
  <memory-cardclean objects="5354" bytes="154352" />
  <regions eden="24" other="2" />
  <remembered-set-cleared processed="38019" cleared="1185" durationms="0.177" />
  <references type="soft" candidates="12" cleared="0" enqueued="0" dynamicThreshold="14" maxThreshold="32" />
  <references type="weak" candidates="3" cleared="0" enqueued="0" />
  <stringconstants candidates="13760" cleared="0"  />
</gc-op>
<gc-op id="1481" type="classunload" timems="0.004" contextid="1477" timestamp="2019-07-07T05:37:44.406">
  <classunload-info classloadercandidates="54" classloadersunloaded="0" classesunloaded="0" anonymousclassesunloaded="0" quiescems="0.000" setupms="0.004" scanms="0.000" postms="0.000" />
</gc-op>
<heap-resize id="1482" type="contract" space="default" amount="4194304" count="1" timems="0.246" reason="insufficient time being spent in gc" timestamp="2019-07-07T05:37:44.406" />
<gc-end id="1483" type="partial gc" contextid="1477" durationms="4.281" usertimems="8.000" systemtimems="0.000" timestamp="2019-07-07T05:37:44.406" activeThreads="4">
  <mem-info id="1484" free="41943040" total="69206016" percent="60">
    <mem type="eden" free="1006232" total="1048576" percent="95" />
    <remembered-set count="41088" freebytes="2765568" totalbytes="2929920" percent="94" regionsoverflowed="0" regionsstable="0" regionsrebuilding="14"/>
  </mem-info>
</gc-end>
<cycle-end id="1485" type="partial gc" contextid="1477" timestamp="2019-07-07T05:37:44.406" />
  <attribute name="elasticGC enabled" value="1" />
  <attribute name= "numThreadsSpecified" value="4" />
  <attribute name="heapSize specified" value="0" />
  <attribute name="Current GC Util" value="74" />
  <attribute name= "Current Time Running" value="15205" />
  <attribute name ="GC Interval" value="0" />
  <attribute name="ProportionalT" value="27.000000" />
  <attribute name="ProportionalI" value="27.000000" />
  <attribute name="ProportionalH" value="27.000000" />
  <attribute name="Current Error" value="54.000000" />
  <attribute name="IntegralT" value="27.000000" />
  <attribute name="IntegralI" value="27.000000" />
  <attribute name="IntegralH" value="27.000000" />
  <attribute name="DerivativeT" value="54.000000" />
  <attribute name="DerivativeI" value="54.000000" />
  <attribute name="DerivativeH" value="54.000000" />
  <attribute name="Loop Time for DT" value="1.000000" />
  <attribute name="Output H" value="8388608"/>
  <attribute name="Output I" value="200"/>
  <attribute name="Output T" value="4"/>
  <attribute name="Target GC Util Change" value ="20.000000" />
  <attribute name="Current GC Util Change" value="74.000000"/>
  <attribute name="GC Util currently" value="74" />
  <attribute name="CPU Util currently" value="13406414696169" />
<exclusive-end id="1486" timestamp="2019-07-07T05:37:44.407" durationms="5.713" />

<exclusive-start id="1487" timestamp="2019-07-07T05:37:44.464" intervalms="63.363">
  <response-info timems="0.074" idlems="0.074" threads="0" lastid="000000000202A700" lastname="main" />
</exclusive-start>
<allocation-taxation id="1488" taxation-threshold="11534336" timestamp="2019-07-07T05:37:44.465" intervalms="63.306" />
<gc-start id="1489" type="global mark phase" contextid="1405" timestamp="2019-07-07T05:37:44.465">
  <mem-info id="1490" free="30408704" total="69206016" percent="43">
    <remembered-set count="40064" freebytes="2769664" totalbytes="2929920" percent="94" regionsoverflowed="0" regionsstable="1" regionsrebuilding="14"/>
  </mem-info>
</gc-start>
<gc-end id="1491" type="global mark phase" contextid="1405" durationms="0.163" usertimems="0.000" systemtimems="0.000" timestamp="2019-07-07T05:37:44.465" activeThreads="4">
  <mem-info id="1492" free="30408704" total="69206016" percent="43">
    <remembered-set count="40064" freebytes="2769664" totalbytes="2929920" percent="94" regionsoverflowed="0" regionsstable="1" regionsrebuilding="14"/>
  </mem-info>
</gc-end>
<concurrent-start id="1493" type="GMP work packet processing" contextid="1405" timestamp="2019-07-07T05:37:44.465">
  <concurrent-mark-start scanTarget="2035359" />
</concurrent-start>
<concurrent-end id="1494" type="GMP work packet processing" contextid="1405" timestamp="2019-07-07T05:37:44.466">
  <concurrent-mark-end bytesScanned="2072992" reasonForTermination="Work target met" />
</concurrent-end>

<exclusive-end id="1495" timestamp="2019-07-07T05:37:44.466" durationms="2.146" />

<exclusive-start id="1496" timestamp="2019-07-07T05:37:44.516" intervalms="51.322">
  <response-info timems="0.235" idlems="0.235" threads="0" lastid="000000000202A700" lastname="main" />
</exclusive-start>
<allocation-taxation id="1497" taxation-threshold="11534336" timestamp="2019-07-07T05:37:44.516" intervalms="51.364" />
<cycle-start id="1498" type="partial gc" contextid="0" timestamp="2019-07-07T05:37:44.516" intervalms="114.632" />
<gc-start id="1499" type="partial gc" contextid="1498" timestamp="2019-07-07T05:37:44.517">
  <mem-info id="1500" free="18874368" total="69206016" percent="27">
    <mem type="eden" free="0" total="23068672" percent="0" />
    <remembered-set count="41664" freebytes="2763264" totalbytes="2929920" percent="94" regionsoverflowed="0" regionsstable="1" regionsrebuilding="14"/>
  </mem-info>
</gc-start>
<allocation-stats totalBytes="23066088" >
  <allocated-bytes non-tlh="0" tlh="23066088" arrayletleaf="0"/>
  <largest-consumer threadName="main" threadId="000000000202A700" bytes="11533048" />
</allocation-stats>
<gc-op id="1501" type="copy forward" timems="5.527" contextid="1498" timestamp="2019-07-07T05:37:44.523">
  <memory-copied type="eden" objects="1" bytes="24" bytesdiscarded="0" />
  <memory-copied type="other" objects="58" bytes="41504" bytesdiscarded="0" />
  <memory-cardclean objects="66451" bytes="2161576" />
  <regions eden="22" other="1" />
  <remembered-set-cleared processed="33328" cleared="6466" durationms="0.422" />
  <stringconstants candidates="13760" cleared="0"  />
</gc-op>
<gc-op id="1502" type="classunload" timems="0.005" contextid="1498" timestamp="2019-07-07T05:37:44.523">
  <classunload-info classloadercandidates="54" classloadersunloaded="0" classesunloaded="0" anonymousclassesunloaded="0" quiescems="0.000" setupms="0.004" scanms="0.000" postms="0.000" />
</gc-op>
<heap-resize id="1503" type="contract" space="default" amount="4194304" count="1" timems="0.275" reason="insufficient time being spent in gc" timestamp="2019-07-07T05:37:44.524" />
<gc-end id="1504" type="partial gc" contextid="1498" durationms="7.451" usertimems="8.000" systemtimems="0.000" timestamp="2019-07-07T05:37:44.524" activeThreads="1">
  <mem-info id="1505" free="36700160" total="65011712" percent="56">
    <mem type="eden" free="1048552" total="1048576" percent="99" />
    <remembered-set count="38688" freebytes="2607744" totalbytes="2762496" percent="94" regionsoverflowed="0" regionsstable="1" regionsrebuilding="14"/>
  </mem-info>
</gc-end>
<cycle-end id="1506" type="partial gc" contextid="1498" timestamp="2019-07-07T05:37:44.524" />
  <attribute name="elasticGC enabled" value="1" />
  <attribute name= "numThreadsSpecified" value="1" />
  <attribute name="heapSize specified" value="0" />
  <attribute name="Current GC Util" value="50" />
  <attribute name= "Current Time Running" value="15319" />
  <attribute name ="GC Interval" value="0" />
  <attribute name="ProportionalT" value="15.000000" />
  <attribute name="ProportionalI" value="15.000000" />
  <attribute name="ProportionalH" value="15.000000" />
  <attribute name="Current Error" value="30.000000" />
  <attribute name="IntegralT" value="0.000000" />
  <attribute name="IntegralI" value="0.000000" />
  <attribute name="IntegralH" value="0.000000" />
  <attribute name="DerivativeT" value="inf" />
  <attribute name="DerivativeI" value="inf" />
  <attribute name="DerivativeH" value="inf" />
  <attribute name="Loop Time for DT" value="0.000000" />
  <attribute name="Output H" value="8388608"/>
  <attribute name="Output I" value="200"/>
  <attribute name="Output T" value="1"/>
  <attribute name="Target GC Util Change" value ="20.000000" />
  <attribute name="Current GC Util Change" value="50.000000"/>
  <attribute name="GC Util currently" value="50" />
  <attribute name="CPU Util currently" value="9662817613930" />
<exclusive-end id="1507" timestamp="2019-07-07T05:37:44.524" durationms="8.832" />

<exclusive-start id="1508" timestamp="2019-07-07T05:37:44.571" intervalms="55.751">
  <response-info timems="0.067" idlems="0.067" threads="0" lastid="000000000202A700" lastname="main" />
</exclusive-start>
<allocation-taxation id="1509" taxation-threshold="11534336" timestamp="2019-07-07T05:37:44.572" intervalms="55.745" />
<gc-start id="1510" type="global mark phase" contextid="1405" timestamp="2019-07-07T05:37:44.572">
  <mem-info id="1511" free="25165824" total="65011712" percent="38">
    <remembered-set count="38400" freebytes="2608896" totalbytes="2762496" percent="94" regionsoverflowed="0" regionsstable="1" regionsrebuilding="14"/>
  </mem-info>
</gc-start>
<gc-end id="1512" type="global mark phase" contextid="1405" durationms="0.123" usertimems="0.000" systemtimems="0.000" timestamp="2019-07-07T05:37:44.572" activeThreads="1">
  <mem-info id="1513" free="25165824" total="65011712" percent="38">
    <remembered-set count="38400" freebytes="2608896" totalbytes="2762496" percent="94" regionsoverflowed="0" regionsstable="1" regionsrebuilding="14"/>
  </mem-info>
</gc-end>
<concurrent-start id="1514" type="GMP work packet processing" contextid="1405" timestamp="2019-07-07T05:37:44.572">
  <concurrent-mark-start scanTarget="1048576" />
</concurrent-start>
<concurrent-end id="1515" type="GMP work packet processing" contextid="1405" timestamp="2019-07-07T05:37:44.573">
  <concurrent-mark-end bytesScanned="1093164" reasonForTermination="Work target met" />
</concurrent-end>

<exclusive-end id="1516" timestamp="2019-07-07T05:37:44.573" durationms="1.605" />

<exclusive-start id="1517" timestamp="2019-07-07T05:37:44.637" intervalms="65.900">
  <response-info timems="0.040" idlems="0.040" threads="0" lastid="000000000202A700" lastname="main" />
</exclusive-start>
<allocation-taxation id="1518" taxation-threshold="11534336" timestamp="2019-07-07T05:37:44.638" intervalms="65.908" />
<cycle-start id="1519" type="partial gc" contextid="0" timestamp="2019-07-07T05:37:44.638" intervalms="121.613" />
<gc-start id="1520" type="partial gc" contextid="1519" timestamp="2019-07-07T05:37:44.638">
  <mem-info id="1521" free="13631488" total="65011712" percent="20">
    <mem type="eden" free="1048552" total="24117248" percent="4" />
    <remembered-set count="42144" freebytes="2593920" totalbytes="2762496" percent="93" regionsoverflowed="0" regionsstable="1" regionsrebuilding="14"/>
  </mem-info>
</gc-start>
<allocation-stats totalBytes="23065576" >
  <allocated-bytes non-tlh="32" tlh="23065544" arrayletleaf="0"/>
  <largest-consumer threadName="main" threadId="000000000202A700" bytes="11532792" />
</allocation-stats>
<gc-op id="1522" type="copy forward" timems="1.291" contextid="1519" timestamp="2019-07-07T05:37:44.640">
  <memory-copied type="eden" objects="47" bytes="1488" bytesdiscarded="696" />
  <memory-copied type="other" objects="0" bytes="0" bytesdiscarded="0" />
  <memory-cardclean objects="74" bytes="3040" />
  <regions eden="22" other="1" />
  <remembered-set-cleared processed="39676" cleared="29" durationms="0.161" />
  <stringconstants candidates="13761" cleared="0"  />
</gc-op>
<gc-op id="1523" type="classunload" timems="0.004" contextid="1519" timestamp="2019-07-07T05:37:44.640">
  <classunload-info classloadercandidates="54" classloadersunloaded="0" classesunloaded="0" anonymousclassesunloaded="0" quiescems="0.000" setupms="0.004" scanms="0.000" postms="0.000" />
</gc-op>
<gc-end id="1524" type="partial gc" contextid="1519" durationms="2.475" usertimems="0.000" systemtimems="4.000" timestamp="2019-07-07T05:37:44.640" activeThreads="4">
  <mem-info id="1525" free="36700160" total="65011712" percent="56">
    <mem type="eden" free="1046392" total="1048576" percent="99" />
    <remembered-set count="42432" freebytes="2425344" totalbytes="2595072" percent="93" regionsoverflowed="0" regionsstable="1" regionsrebuilding="14"/>
  </mem-info>
</gc-end>
<cycle-end id="1526" type="partial gc" contextid="1519" timestamp="2019-07-07T05:37:44.641" />
  <attribute name="elasticGC enabled" value="1" />
  <attribute name= "numThreadsSpecified" value="4" />
  <attribute name="heapSize specified" value="0" />
  <attribute name="Current GC Util" value="42" />
  <attribute name= "Current Time Running" value="15441" />
  <attribute name ="GC Interval" value="0" />
  <attribute name="ProportionalT" value="11.000000" />
  <attribute name="ProportionalI" value="11.000000" />
  <attribute name="ProportionalH" value="11.000000" />
  <attribute name="Current Error" value="22.000000" />
  <attribute name="IntegralT" value="11.000000" />
  <attribute name="IntegralI" value="11.000000" />
  <attribute name="IntegralH" value="11.000000" />
  <attribute name="DerivativeT" value="22.000000" />
  <attribute name="DerivativeI" value="22.000000" />
  <attribute name="DerivativeH" value="22.000000" />
  <attribute name="Loop Time for DT" value="1.000000" />
  <attribute name="Output H" value="8388608"/>
  <attribute name="Output I" value="200"/>
  <attribute name="Output T" value="4"/>
  <attribute name="Target GC Util Change" value ="20.000000" />
  <attribute name="Current GC Util Change" value="42.000000"/>
  <attribute name="GC Util currently" value="42" />
  <attribute name="CPU Util currently" value="11342489263662" />
<exclusive-end id="1527" timestamp="2019-07-07T05:37:44.641" durationms="3.542" />

<exclusive-start id="1528" timestamp="2019-07-07T05:37:44.723" intervalms="85.473">
  <response-info timems="0.180" idlems="0.180" threads="0" lastid="000000000202A700" lastname="main" />
</exclusive-start>
<allocation-taxation id="1529" taxation-threshold="11534336" timestamp="2019-07-07T05:37:44.723" intervalms="85.444" />
<gc-start id="1530" type="global mark phase" contextid="1405" timestamp="2019-07-07T05:37:44.723">
  <mem-info id="1531" free="25165824" total="65011712" percent="38">
    <remembered-set count="41952" freebytes="2427264" totalbytes="2595072" percent="93" regionsoverflowed="0" regionsstable="1" regionsrebuilding="14"/>
  </mem-info>
</gc-start>
<gc-end id="1532" type="global mark phase" contextid="1405" durationms="0.147" usertimems="0.000" systemtimems="0.000" timestamp="2019-07-07T05:37:44.723" activeThreads="4">
  <mem-info id="1533" free="25165824" total="65011712" percent="38">
    <remembered-set count="41952" freebytes="2427264" totalbytes="2595072" percent="93" regionsoverflowed="0" regionsstable="1" regionsrebuilding="14"/>
  </mem-info>
</gc-end>
<concurrent-start id="1534" type="GMP work packet processing" contextid="1405" timestamp="2019-07-07T05:37:44.723">
  <concurrent-mark-start scanTarget="2035359" />
</concurrent-start>
<concurrent-end id="1535" type="GMP work packet processing" contextid="1405" timestamp="2019-07-07T05:37:44.725">
  <concurrent-mark-end bytesScanned="2081664" reasonForTermination="Work target met" />
</concurrent-end>

<exclusive-end id="1536" timestamp="2019-07-07T05:37:44.725" durationms="1.893" />

<exclusive-start id="1537" timestamp="2019-07-07T05:37:44.768" intervalms="45.274">
  <response-info timems="0.064" idlems="0.064" threads="0" lastid="000000000202A700" lastname="main" />
</exclusive-start>
<allocation-taxation id="1538" taxation-threshold="11534336" timestamp="2019-07-07T05:37:44.768" intervalms="45.263" />
<cycle-start id="1539" type="partial gc" contextid="0" timestamp="2019-07-07T05:37:44.768" intervalms="130.703" />
<gc-start id="1540" type="partial gc" contextid="1539" timestamp="2019-07-07T05:37:44.769">
  <mem-info id="1541" free="13631488" total="65011712" percent="20">
    <mem type="eden" free="0" total="23068672" percent="0" />
    <remembered-set count="44640" freebytes="2416512" totalbytes="2595072" percent="93" regionsoverflowed="0" regionsstable="1" regionsrebuilding="14"/>
  </mem-info>
</gc-start>
<allocation-stats totalBytes="23064240" >
  <allocated-bytes non-tlh="0" tlh="23064240" arrayletleaf="0"/>
  <largest-consumer threadName="main" threadId="000000000202A700" bytes="11532104" />
</allocation-stats>
<gc-op id="1542" type="copy forward" timems="12.724" contextid="1539" timestamp="2019-07-07T05:37:44.782">
  <memory-copied type="eden" objects="2" bytes="56" bytesdiscarded="0" />
  <memory-copied type="other" objects="17118" bytes="627616" bytesdiscarded="256" />
  <memory-cardclean objects="190919" bytes="6299320" />
  <regions eden="22" other="3" />
  <remembered-set-cleared processed="27965" cleared="13147" durationms="0.365" />
  <finalization candidates="40" enqueued="0" />
  <ownableSynchronizers candidates="1" cleared="0" />
  <references type="soft" candidates="367" cleared="0" enqueued="0" dynamicThreshold="12" maxThreshold="32" />
  <references type="weak" candidates="810" cleared="0" enqueued="0" />
  <references type="phantom" candidates="8" cleared="0" enqueued="0" />
  <stringconstants candidates="13761" cleared="0"  />
</gc-op>
<gc-op id="1543" type="classunload" timems="0.007" contextid="1539" timestamp="2019-07-07T05:37:44.782">
  <classunload-info classloadercandidates="54" classloadersunloaded="0" classesunloaded="0" anonymousclassesunloaded="0" quiescems="0.000" setupms="0.007" scanms="0.000" postms="0.000" />
</gc-op>
<heap-resize id="1544" type="contract" space="default" amount="4194304" count="1" timems="0.296" reason="insufficient time being spent in gc" timestamp="2019-07-07T05:37:44.783" />
<gc-end id="1545" type="partial gc" contextid="1539" durationms="14.256" usertimems="20.000" systemtimems="4.000" timestamp="2019-07-07T05:37:44.783" activeThreads="1">
  <mem-info id="1546" free="32505856" total="60817408" percent="53">
    <mem type="eden" free="1048520" total="1048576" percent="99" />
    <remembered-set count="41376" freebytes="2429568" totalbytes="2595072" percent="93" regionsoverflowed="0" regionsstable="1" regionsrebuilding="14"/>
  </mem-info>
</gc-end>
<cycle-end id="1547" type="partial gc" contextid="1539" timestamp="2019-07-07T05:37:44.783" />
  <attribute name="elasticGC enabled" value="1" />
  <attribute name= "numThreadsSpecified" value="1" />
  <attribute name="heapSize specified" value="0" />
  <attribute name="Current GC Util" value="64" />
  <attribute name= "Current Time Running" value="15571" />
  <attribute name ="GC Interval" value="0" />
  <attribute name="ProportionalT" value="22.000000" />
  <attribute name="ProportionalI" value="22.000000" />
  <attribute name="ProportionalH" value="22.000000" />
  <attribute name="Current Error" value="44.000000" />
  <attribute name="IntegralT" value="0.000000" />
  <attribute name="IntegralI" value="0.000000" />
  <attribute name="IntegralH" value="0.000000" />
  <attribute name="DerivativeT" value="inf" />
  <attribute name="DerivativeI" value="inf" />
  <attribute name="DerivativeH" value="inf" />
  <attribute name="Loop Time for DT" value="0.000000" />
  <attribute name="Output H" value="8388608"/>
  <attribute name="Output I" value="200"/>
  <attribute name="Output T" value="1"/>
  <attribute name="Target GC Util Change" value ="20.000000" />
  <attribute name="Current GC Util Change" value="64.000000"/>
  <attribute name="GC Util currently" value="64" />
  <attribute name="CPU Util currently" value="18892919166415" />
<exclusive-end id="1548" timestamp="2019-07-07T05:37:44.783" durationms="15.336" />

<exclusive-start id="1549" timestamp="2019-07-07T05:37:44.849" intervalms="80.496">
  <response-info timems="0.160" idlems="0.160" threads="0" lastid="000000000202A700" lastname="main" />
</exclusive-start>
<allocation-taxation id="1550" taxation-threshold="10485760" timestamp="2019-07-07T05:37:44.849" intervalms="80.522" />
<gc-start id="1551" type="global mark phase" contextid="1405" timestamp="2019-07-07T05:37:44.849">
  <mem-info id="1552" free="22020096" total="60817408" percent="36">
    <remembered-set count="41344" freebytes="2429696" totalbytes="2595072" percent="93" regionsoverflowed="0" regionsstable="1" regionsrebuilding="14"/>
  </mem-info>
</gc-start>
<gc-end id="1553" type="global mark phase" contextid="1405" durationms="0.129" usertimems="4.000" systemtimems="0.000" timestamp="2019-07-07T05:37:44.849" activeThreads="1">
  <mem-info id="1554" free="22020096" total="60817408" percent="36">
    <remembered-set count="41344" freebytes="2429696" totalbytes="2595072" percent="93" regionsoverflowed="0" regionsstable="1" regionsrebuilding="14"/>
  </mem-info>
</gc-end>
<concurrent-start id="1555" type="GMP work packet processing" contextid="1405" timestamp="2019-07-07T05:37:44.849">
  <concurrent-mark-start scanTarget="1048576" />
</concurrent-start>
<concurrent-end id="1556" type="GMP work packet processing" contextid="1405" timestamp="2019-07-07T05:37:44.850">
  <concurrent-mark-end bytesScanned="1089600" reasonForTermination="Work target met" />
</concurrent-end>

<exclusive-end id="1557" timestamp="2019-07-07T05:37:44.850" durationms="1.520" />

<exclusive-start id="1558" timestamp="2019-07-07T05:37:44.925" intervalms="76.257">
  <response-info timems="0.095" idlems="0.095" threads="0" lastid="000000000202A700" lastname="main" />
</exclusive-start>
<allocation-taxation id="1559" taxation-threshold="10485760" timestamp="2019-07-07T05:37:44.925" intervalms="76.200" />
<cycle-start id="1560" type="partial gc" contextid="0" timestamp="2019-07-07T05:37:44.925" intervalms="156.697" />
<gc-start id="1561" type="partial gc" contextid="1560" timestamp="2019-07-07T05:37:44.926">
  <mem-info id="1562" free="11534336" total="60817408" percent="18">
    <mem type="eden" free="1048520" total="22020096" percent="4" />
    <remembered-set count="44896" freebytes="2415488" totalbytes="2595072" percent="93" regionsoverflowed="0" regionsstable="1" regionsrebuilding="14"/>
  </mem-info>
</gc-start>
<allocation-stats totalBytes="20964368" >
  <allocated-bytes non-tlh="0" tlh="20964368" arrayletleaf="0"/>
  <largest-consumer threadName="main" threadId="000000000202A700" bytes="10481592" />
</allocation-stats>
<gc-op id="1563" type="copy forward" timems="3.474" contextid="1560" timestamp="2019-07-07T05:37:44.930">
  <memory-copied type="eden" objects="35" bytes="1328" bytesdiscarded="0" />
  <memory-copied type="other" objects="0" bytes="0" bytesdiscarded="0" />
  <memory-cardclean objects="29615" bytes="1094016" />
  <regions eden="20" other="1" />
  <remembered-set-cleared processed="37223" cleared="4644" durationms="0.410" />
  <stringconstants candidates="13761" cleared="0"  />
</gc-op>
<gc-op id="1564" type="classunload" timems="0.005" contextid="1560" timestamp="2019-07-07T05:37:44.930">
  <classunload-info classloadercandidates="54" classloadersunloaded="0" classesunloaded="0" anonymousclassesunloaded="0" quiescems="0.000" setupms="0.005" scanms="0.000" postms="0.000" />
</gc-op>
<gc-end id="1565" type="partial gc" contextid="1560" durationms="4.702" usertimems="0.000" systemtimems="8.000" timestamp="2019-07-07T05:37:44.930" activeThreads="1">
  <mem-info id="1566" free="32505856" total="60817408" percent="53">
    <mem type="eden" free="1047248" total="1048576" percent="99" />
    <remembered-set count="38336" freebytes="2274304" totalbytes="2427648" percent="93" regionsoverflowed="0" regionsstable="1" regionsrebuilding="14"/>
  </mem-info>
</gc-end>
<cycle-end id="1567" type="partial gc" contextid="1560" timestamp="2019-07-07T05:37:44.930" />
  <attribute name="elasticGC enabled" value="1" />
  <attribute name= "numThreadsSpecified" value="1" />
  <attribute name="heapSize specified" value="0" />
  <attribute name="Current GC Util" value="48" />
  <attribute name= "Current Time Running" value="15728" />
  <attribute name ="GC Interval" value="0" />
  <attribute name="ProportionalT" value="14.000000" />
  <attribute name="ProportionalI" value="14.000000" />
  <attribute name="ProportionalH" value="14.000000" />
  <attribute name="Current Error" value="28.000000" />
  <attribute name="IntegralT" value="0.000000" />
  <attribute name="IntegralI" value="0.000000" />
  <attribute name="IntegralH" value="0.000000" />
  <attribute name="DerivativeT" value="inf" />
  <attribute name="DerivativeI" value="inf" />
  <attribute name="DerivativeH" value="inf" />
  <attribute name="Loop Time for DT" value="0.000000" />
  <attribute name="Output H" value="8388608"/>
  <attribute name="Output I" value="200"/>
  <attribute name="Output T" value="1"/>
  <attribute name="Target GC Util Change" value ="20.000000" />
  <attribute name="Current GC Util Change" value="48.000000"/>
  <attribute name="GC Util currently" value="48" />
  <attribute name="CPU Util currently" value="11360987173544" />
<exclusive-end id="1568" timestamp="2019-07-07T05:37:44.931" durationms="5.796" />

<exclusive-start id="1569" timestamp="2019-07-07T05:37:45.003" intervalms="78.510">
  <response-info timems="0.096" idlems="0.096" threads="0" lastid="000000000202A700" lastname="main" />
</exclusive-start>
<allocation-taxation id="1570" taxation-threshold="10485760" timestamp="2019-07-07T05:37:45.004" intervalms="78.593" />
<gc-start id="1571" type="global mark phase" contextid="1405" timestamp="2019-07-07T05:37:45.004">
  <mem-info id="1572" free="22020096" total="60817408" percent="36">
    <remembered-set count="38304" freebytes="2274432" totalbytes="2427648" percent="93" regionsoverflowed="0" regionsstable="1" regionsrebuilding="14"/>
  </mem-info>
</gc-start>
<gc-end id="1573" type="global mark phase" contextid="1405" durationms="0.160" usertimems="0.000" systemtimems="0.000" timestamp="2019-07-07T05:37:45.004" activeThreads="1">
  <mem-info id="1574" free="22020096" total="60817408" percent="36">
    <remembered-set count="38304" freebytes="2274432" totalbytes="2427648" percent="93" regionsoverflowed="0" regionsstable="1" regionsrebuilding="14"/>
  </mem-info>
</gc-end>
<concurrent-start id="1575" type="GMP work packet processing" contextid="1405" timestamp="2019-07-07T05:37:45.004">
  <concurrent-mark-start scanTarget="1048576" />
</concurrent-start>
<concurrent-end id="1576" type="GMP work packet processing" contextid="1405" timestamp="2019-07-07T05:37:45.005">
  <concurrent-mark-end bytesScanned="1106988" reasonForTermination="Work target met" />
</concurrent-end>

<exclusive-end id="1577" timestamp="2019-07-07T05:37:45.005" durationms="1.501" />

<exclusive-start id="1578" timestamp="2019-07-07T05:37:45.077" intervalms="73.977">
  <response-info timems="0.102" idlems="0.102" threads="0" lastid="000000000202A700" lastname="main" />
</exclusive-start>
<allocation-taxation id="1579" taxation-threshold="10485760" timestamp="2019-07-07T05:37:45.077" intervalms="73.913" />
<cycle-start id="1580" type="partial gc" contextid="0" timestamp="2019-07-07T05:37:45.078" intervalms="152.506" />
<gc-start id="1581" type="partial gc" contextid="1580" timestamp="2019-07-07T05:37:45.078">
  <mem-info id="1582" free="11534336" total="60817408" percent="18">
    <mem type="eden" free="0" total="20971520" percent="0" />
    <remembered-set count="46848" freebytes="2240256" totalbytes="2427648" percent="92" regionsoverflowed="0" regionsstable="1" regionsrebuilding="14"/>
  </mem-info>
</gc-start>
<allocation-stats totalBytes="20963472" >
  <allocated-bytes non-tlh="0" tlh="20963472" arrayletleaf="0"/>
  <largest-consumer threadName="main" threadId="000000000202A700" bytes="10481592" />
</allocation-stats>
<gc-op id="1583" type="copy forward" timems="1.375" contextid="1580" timestamp="2019-07-07T05:37:45.080">
  <memory-copied type="eden" objects="1" bytes="24" bytesdiscarded="0" />
  <memory-copied type="other" objects="20" bytes="632" bytesdiscarded="696" />
  <memory-cardclean objects="71" bytes="22344" />
  <regions eden="20" other="1" />
  <remembered-set-cleared processed="44881" cleared="46" durationms="0.168" />
  <stringconstants candidates="13761" cleared="0"  />
</gc-op>
<gc-op id="1584" type="classunload" timems="0.004" contextid="1580" timestamp="2019-07-07T05:37:45.080">
  <classunload-info classloadercandidates="54" classloadersunloaded="0" classesunloaded="0" anonymousclassesunloaded="0" quiescems="0.000" setupms="0.004" scanms="0.000" postms="0.000" />
</gc-op>
<heap-resize id="1585" type="contract" space="default" amount="3145728" count="1" timems="0.193" reason="insufficient time being spent in gc" timestamp="2019-07-07T05:37:45.081" />
<gc-end id="1586" type="partial gc" contextid="1580" durationms="2.831" usertimems="4.000" systemtimems="0.000" timestamp="2019-07-07T05:37:45.081" activeThreads="4">
  <mem-info id="1587" free="28311552" total="57671680" percent="49">
    <mem type="eden" free="1048552" total="1048576" percent="99" />
    <remembered-set count="47616" freebytes="2237184" totalbytes="2427648" percent="92" regionsoverflowed="0" regionsstable="1" regionsrebuilding="14"/>
  </mem-info>
</gc-end>
<cycle-end id="1588" type="partial gc" contextid="1580" timestamp="2019-07-07T05:37:45.081" />
  <attribute name="elasticGC enabled" value="1" />
  <attribute name= "numThreadsSpecified" value="4" />
  <attribute name="heapSize specified" value="0" />
  <attribute name="Current GC Util" value="53" />
  <attribute name= "Current Time Running" value="15881" />
  <attribute name ="GC Interval" value="0" />
  <attribute name="ProportionalT" value="16.500000" />
  <attribute name="ProportionalI" value="16.500000" />
  <attribute name="ProportionalH" value="16.500000" />
  <attribute name="Current Error" value="33.000000" />
  <attribute name="IntegralT" value="16.500000" />
  <attribute name="IntegralI" value="16.500000" />
  <attribute name="IntegralH" value="16.500000" />
  <attribute name="DerivativeT" value="33.000000" />
  <attribute name="DerivativeI" value="33.000000" />
  <attribute name="DerivativeH" value="33.000000" />
  <attribute name="Loop Time for DT" value="1.000000" />
  <attribute name="Output H" value="8388608"/>
  <attribute name="Output I" value="200"/>
  <attribute name="Output T" value="4"/>
  <attribute name="Target GC Util Change" value ="20.000000" />
  <attribute name="Current GC Util Change" value="53.000000"/>
  <attribute name="GC Util currently" value="53" />
  <attribute name="CPU Util currently" value="16621862901836" />
<exclusive-end id="1589" timestamp="2019-07-07T05:37:45.081" durationms="4.094" />

<exclusive-start id="1590" timestamp="2019-07-07T05:37:45.162" intervalms="85.034">
  <response-info timems="0.037" idlems="0.037" threads="0" lastid="000000000202A700" lastname="main" />
</exclusive-start>
<allocation-taxation id="1591" taxation-threshold="10485760" timestamp="2019-07-07T05:37:45.163" intervalms="85.102" />
<gc-start id="1592" type="global mark phase" contextid="1405" timestamp="2019-07-07T05:37:45.163">
  <mem-info id="1593" free="17825792" total="57671680" percent="30">
    <remembered-set count="47168" freebytes="2238976" totalbytes="2427648" percent="92" regionsoverflowed="0" regionsstable="1" regionsrebuilding="14"/>
  </mem-info>
</gc-start>
<gc-end id="1594" type="global mark phase" contextid="1405" durationms="0.140" usertimems="0.000" systemtimems="0.000" timestamp="2019-07-07T05:37:45.163" activeThreads="4">
  <mem-info id="1595" free="17825792" total="57671680" percent="30">
    <remembered-set count="47168" freebytes="2238976" totalbytes="2427648" percent="92" regionsoverflowed="0" regionsstable="1" regionsrebuilding="14"/>
  </mem-info>
</gc-end>
<concurrent-start id="1596" type="GMP work packet processing" contextid="1405" timestamp="2019-07-07T05:37:45.163">
  <concurrent-mark-start scanTarget="2035359" />
</concurrent-start>
<concurrent-end id="1597" type="GMP work packet processing" contextid="1405" timestamp="2019-07-07T05:37:45.164">
  <concurrent-mark-end bytesScanned="744088" reasonForTermination="Completed all work in GC phase" />
</concurrent-end>

<exclusive-end id="1598" timestamp="2019-07-07T05:37:45.164" durationms="1.434" />

<exclusive-start id="1599" timestamp="2019-07-07T05:37:45.300" intervalms="137.212">
  <response-info timems="0.032" idlems="0.032" threads="0" lastid="000000000202A700" lastname="main" />
</exclusive-start>
<allocation-taxation id="1600" taxation-threshold="10485760" timestamp="2019-07-07T05:37:45.300" intervalms="137.123" />
<cycle-start id="1601" type="partial gc" contextid="0" timestamp="2019-07-07T05:37:45.300" intervalms="222.234" />
<gc-start id="1602" type="partial gc" contextid="1601" timestamp="2019-07-07T05:37:45.300">
  <mem-info id="1603" free="7340032" total="57671680" percent="12">
    <mem type="eden" free="1048552" total="22020096" percent="4" />
    <remembered-set count="50336" freebytes="2226304" totalbytes="2427648" percent="91" regionsoverflowed="0" regionsstable="1" regionsrebuilding="14"/>
  </mem-info>
</gc-start>
<allocation-stats totalBytes="20966064" >
  <allocated-bytes non-tlh="0" tlh="20966064" arrayletleaf="0"/>
  <largest-consumer threadName="main" threadId="000000000202A700" bytes="10484192" />
</allocation-stats>
<gc-op id="1604" type="copy forward" timems="1.553" contextid="1601" timestamp="2019-07-07T05:37:45.303">
  <memory-copied type="eden" objects="26" bytes="816" bytesdiscarded="0" />
  <memory-copied type="other" objects="0" bytes="0" bytesdiscarded="0" />
  <memory-cardclean objects="3597" bytes="122912" />
  <regions eden="20" other="1" />
  <remembered-set-cleared processed="47703" cleared="1460" durationms="0.204" />
  <stringconstants candidates="13761" cleared="0"  />
</gc-op>
<gc-op id="1605" type="classunload" timems="0.005" contextid="1601" timestamp="2019-07-07T05:37:45.303">
  <classunload-info classloadercandidates="54" classloadersunloaded="0" classesunloaded="0" anonymousclassesunloaded="0" quiescems="0.000" setupms="0.005" scanms="0.000" postms="0.000" />
</gc-op>
<heap-resize id="1606" type="contract" space="default" amount="3145728" count="1" timems="0.199" reason="insufficient time being spent in gc" timestamp="2019-07-07T05:37:45.303" />
<gc-end id="1607" type="partial gc" contextid="1601" durationms="3.038" usertimems="4.000" systemtimems="0.000" timestamp="2019-07-07T05:37:45.303" activeThreads="4">
  <mem-info id="1608" free="25165824" total="54525952" percent="46">
    <mem type="eden" free="1047760" total="1048576" percent="99" />
    <remembered-set count="49568" freebytes="2103808" totalbytes="2302080" percent="91" regionsoverflowed="0" regionsstable="1" regionsrebuilding="14"/>
  </mem-info>
</gc-end>
<cycle-end id="1609" type="partial gc" contextid="1601" timestamp="2019-07-07T05:37:45.303" />
  <attribute name="elasticGC enabled" value="1" />
  <attribute name= "numThreadsSpecified" value="4" />
  <attribute name="heapSize specified" value="0" />
  <attribute name="Current GC Util" value="42" />
  <attribute name= "Current Time Running" value="16103" />
  <attribute name ="GC Interval" value="0" />
  <attribute name="ProportionalT" value="11.000000" />
  <attribute name="ProportionalI" value="11.000000" />
  <attribute name="ProportionalH" value="11.000000" />
  <attribute name="Current Error" value="22.000000" />
  <attribute name="IntegralT" value="11.000000" />
  <attribute name="IntegralI" value="11.000000" />
  <attribute name="IntegralH" value="11.000000" />
  <attribute name="DerivativeT" value="22.000000" />
  <attribute name="DerivativeI" value="22.000000" />
  <attribute name="DerivativeH" value="22.000000" />
  <attribute name="Loop Time for DT" value="1.000000" />
  <attribute name="Output H" value="8388608"/>
  <attribute name="Output I" value="200"/>
  <attribute name="Output T" value="4"/>
  <attribute name="Target GC Util Change" value ="20.000000" />
  <attribute name="Current GC Util Change" value="42.000000"/>
  <attribute name="GC Util currently" value="42" />
  <attribute name="CPU Util currently" value="11987995581216" />
<exclusive-end id="1610" timestamp="2019-07-07T05:37:45.304" durationms="4.052" />

<exclusive-start id="1611" timestamp="2019-07-07T05:37:45.382" intervalms="82.395">
  <response-info timems="0.042" idlems="0.042" threads="0" lastid="000000000202A700" lastname="main" />
</exclusive-start>
<allocation-taxation id="1612" taxation-threshold="9437184" timestamp="2019-07-07T05:37:45.382" intervalms="82.427" />
<gc-start id="1613" type="global mark phase" contextid="1405" timestamp="2019-07-07T05:37:45.382">
  <mem-info id="1614" free="15728640" total="54525952" percent="28">
    <remembered-set count="49472" freebytes="2104192" totalbytes="2302080" percent="91" regionsoverflowed="0" regionsstable="1" regionsrebuilding="14"/>
  </mem-info>
</gc-start>
<gc-op id="1615" type="mark increment" timems="4.871" contextid="1405" timestamp="2019-07-07T05:37:45.387">
  <trace-info objectcount="94" scancount="93" scanbytes="271680" />
  <cardclean-info objects="314547" bytes="8967080" />
  <finalization candidates="80" enqueued="0" />
  <ownableSynchronizers candidates="22" cleared="0" />
  <references type="soft" candidates="4854" cleared="0" enqueued="0" dynamicThreshold="14" maxThreshold="32" />
  <references type="weak" candidates="5600" cleared="7" enqueued="3" />
  <references type="phantom" candidates="102" cleared="1" enqueued="1" />
  <stringconstants candidates="13761" cleared="0"  />
</gc-op>
<gc-op id="1616" type="classunload" timems="0.007" contextid="1405" timestamp="2019-07-07T05:37:45.387">
  <classunload-info classloadercandidates="54" classloadersunloaded="0" classesunloaded="0" anonymousclassesunloaded="0" quiescems="0.000" setupms="0.007" scanms="0.000" postms="0.000" />
</gc-op>
<gc-end id="1617" type="global mark phase" contextid="1405" durationms="5.264" usertimems="16.000" systemtimems="0.000" timestamp="2019-07-07T05:37:45.388" activeThreads="4">
  <mem-info id="1618" free="15728640" total="54525952" percent="28">
    <pending-finalizers system="0" default="0" reference="4" classloader="0" />
    <remembered-set count="60736" freebytes="2059136" totalbytes="2302080" percent="89" regionsoverflowed="0" regionsstable="1" regionsrebuilding="0"/>
  </mem-info>
</gc-end>
<cycle-end id="1619" type="global mark phase" contextid="1405" timestamp="2019-07-07T05:37:45.388" />
  <attribute name="elasticGC enabled" value="1" />
  <attribute name= "numThreadsSpecified" value="4" />
  <attribute name="heapSize specified" value="0" />
  <attribute name="Current GC Util" value="123" />
  <attribute name= "Current Time Running" value="16188" />
  <attribute name ="GC Interval" value="0" />
  <attribute name="ProportionalT" value="51.500000" />
  <attribute name="ProportionalI" value="51.500000" />
  <attribute name="ProportionalH" value="51.500000" />
  <attribute name="Current Error" value="103.000000" />
  <attribute name="IntegralT" value="0.000000" />
  <attribute name="IntegralI" value="0.000000" />
  <attribute name="IntegralH" value="0.000000" />
  <attribute name="DerivativeT" value="-inf" />
  <attribute name="DerivativeI" value="-inf" />
  <attribute name="DerivativeH" value="-inf" />
  <attribute name="Loop Time for DT" value="0.000000" />
  <attribute name="Output H" value="2091843584"/>
  <attribute name="Output I" value="200"/>
  <attribute name="Output T" value="4"/>
  <attribute name="Target GC Util Change" value ="20.000000" />
  <attribute name="Current GC Util Change" value="123.000000"/>
  <attribute name="GC Util currently" value="123" />
  <attribute name="CPU Util currently" value="15003842299329" />
<exclusive-end id="1620" timestamp="2019-07-07T05:37:45.388" durationms="5.879" />

<exclusive-start id="1621" timestamp="2019-07-07T05:37:45.427" intervalms="45.393">
  <response-info timems="0.163" idlems="0.163" threads="0" lastid="000000000202A700" lastname="main" />
</exclusive-start>
<allocation-taxation id="1622" taxation-threshold="9437184" timestamp="2019-07-07T05:37:45.427" intervalms="45.354" />
<cycle-start id="1623" type="partial gc" contextid="0" timestamp="2019-07-07T05:37:45.428" intervalms="127.750" />
<gc-start id="1624" type="partial gc" contextid="1623" timestamp="2019-07-07T05:37:45.428">
  <mem-info id="1625" free="6291456" total="54525952" percent="11">
    <mem type="eden" free="0" total="18874368" percent="0" />
    <remembered-set count="45184" freebytes="2121344" totalbytes="2302080" percent="92" regionsoverflowed="0" regionsstable="9" regionsrebuilding="0"/>
  </mem-info>
</gc-start>
<allocation-stats totalBytes="18873240" >
  <allocated-bytes non-tlh="0" tlh="18873240" arrayletleaf="0"/>
  <largest-consumer threadName="main" threadId="000000000202A700" bytes="9432408" />
</allocation-stats>
<gc-op id="1626" type="sweep" timems="0.622" contextid="1623" timestamp="2019-07-07T05:37:45.429" />
<gc-op id="1627" type="copy forward" timems="2.830" contextid="1623" timestamp="2019-07-07T05:37:45.432">
  <memory-copied type="eden" objects="31" bytes="1432" bytesdiscarded="248" />
  <memory-copied type="other" objects="7" bytes="160" bytesdiscarded="0" />
  <memory-cardclean objects="85628" bytes="2704944" />
  <regions eden="9" other="2" />
  <remembered-set-cleared processed="35640" cleared="8155" durationms="0.224" />
  <stringconstants candidates="13761" cleared="0"  />
</gc-op>
<gc-op id="1628" type="classunload" timems="0.005" contextid="1623" timestamp="2019-07-07T05:37:45.433">
  <classunload-info classloadercandidates="54" classloadersunloaded="0" classesunloaded="0" anonymousclassesunloaded="0" quiescems="0.000" setupms="0.005" scanms="0.000" postms="0.000" />
</gc-op>
<heap-resize id="1629" type="contract" space="default" amount="3145728" count="1" timems="0.177" reason="insufficient time being spent in gc" timestamp="2019-07-07T05:37:45.433" />
<gc-end id="1630" type="partial gc" contextid="1623" durationms="5.163" usertimems="16.000" systemtimems="0.000" timestamp="2019-07-07T05:37:45.433" activeThreads="4">
  <mem-info id="1631" free="20971520" total="51380224" percent="40">
    <mem type="eden" free="1046896" total="1048576" percent="99" />
    <remembered-set count="40384" freebytes="2014976" totalbytes="2176512" percent="92" regionsoverflowed="0" regionsstable="9" regionsrebuilding="0"/>
  </mem-info>
</gc-end>
<cycle-end id="1632" type="partial gc" contextid="1623" timestamp="2019-07-07T05:37:45.433" />
  <attribute name="elasticGC enabled" value="1" />
  <attribute name= "numThreadsSpecified" value="4" />
  <attribute name="heapSize specified" value="0" />
  <attribute name="Current GC Util" value="48" />
  <attribute name= "Current Time Running" value="16231" />
  <attribute name ="GC Interval" value="0" />
  <attribute name="ProportionalT" value="14.000000" />
  <attribute name="ProportionalI" value="14.000000" />
  <attribute name="ProportionalH" value="14.000000" />
  <attribute name="Current Error" value="28.000000" />
  <attribute name="IntegralT" value="0.000000" />
  <attribute name="IntegralI" value="0.000000" />
  <attribute name="IntegralH" value="0.000000" />
  <attribute name="DerivativeT" value="-inf" />
  <attribute name="DerivativeI" value="-inf" />
  <attribute name="DerivativeH" value="-inf" />
  <attribute name="Loop Time for DT" value="0.000000" />
  <attribute name="Output H" value="2091843584"/>
  <attribute name="Output I" value="200"/>
  <attribute name="Output T" value="4"/>
  <attribute name="Target GC Util Change" value ="20.000000" />
  <attribute name="Current GC Util Change" value="48.000000"/>
  <attribute name="GC Util currently" value="48" />
  <attribute name="CPU Util currently" value="12750982228738" />
<exclusive-end id="1633" timestamp="2019-07-07T05:37:45.434" durationms="6.269" />

<exclusive-start id="1634" timestamp="2019-07-07T05:37:45.458" intervalms="30.668">
  <response-info timems="0.070" idlems="0.070" threads="0" lastid="000000000202A700" lastname="main" />
</exclusive-start>
<allocation-taxation id="1635" taxation-threshold="9437184" timestamp="2019-07-07T05:37:45.458" intervalms="30.755" />
<cycle-start id="1636" type="global mark phase" contextid="0" timestamp="2019-07-07T05:37:45.458" intervalms="1766.706" />
<gc-start id="1637" type="global mark phase" contextid="1636" timestamp="2019-07-07T05:37:45.459">
  <mem-info id="1638" free="11534336" total="51380224" percent="22">
    <remembered-set count="40160" freebytes="2015872" totalbytes="2176512" percent="92" regionsoverflowed="0" regionsstable="9" regionsrebuilding="0"/>
  </mem-info>
</gc-start>
<gc-op id="1639" type="mark increment" timems="1.101" contextid="1636" timestamp="2019-07-07T05:37:45.460">
  <trace-info objectcount="14451" scancount="3215" scanbytes="186164" />
</gc-op>
<gc-end id="1640" type="global mark phase" contextid="1636" durationms="1.291" usertimems="4.000" systemtimems="0.000" timestamp="2019-07-07T05:37:45.460" activeThreads="4">
  <mem-info id="1641" free="11534336" total="51380224" percent="22">
    <remembered-set count="40672" freebytes="2013824" totalbytes="2176512" percent="92" regionsoverflowed="0" regionsstable="0" regionsrebuilding="9"/>
  </mem-info>
</gc-end>
<concurrent-start id="1642" type="GMP work packet processing" contextid="1636" timestamp="2019-07-07T05:37:45.460">
  <concurrent-mark-start scanTarget="4430921" />
</concurrent-start>
<exclusive-end id="1643" timestamp="2019-07-07T05:37:45.462" durationms="4.358" />

<concurrent-end id="1644" type="GMP work packet processing" contextid="1636" timestamp="2019-07-07T05:37:45.462">
  <concurrent-mark-end bytesScanned="4470928" reasonForTermination="Work target met" />
</concurrent-end>

<exclusive-start id="1645" timestamp="2019-07-07T05:37:45.486" intervalms="27.802">
  <response-info timems="0.075" idlems="0.075" threads="0" lastid="000000000202A700" lastname="main" />
</exclusive-start>
<allocation-taxation id="1646" taxation-threshold="9437184" timestamp="2019-07-07T05:37:45.486" intervalms="27.720" />
<cycle-start id="1647" type="partial gc" contextid="0" timestamp="2019-07-07T05:37:45.486" intervalms="58.537" />
<gc-start id="1648" type="partial gc" contextid="1647" timestamp="2019-07-07T05:37:45.486">
  <mem-info id="1649" free="2097152" total="51380224" percent="4">
    <mem type="eden" free="0" total="18874368" percent="0" />
    <remembered-set count="49056" freebytes="1980288" totalbytes="2176512" percent="90" regionsoverflowed="0" regionsstable="0" regionsrebuilding="9"/>
  </mem-info>
</gc-start>
<allocation-stats totalBytes="18872688" >
  <allocated-bytes non-tlh="0" tlh="18872688" arrayletleaf="0"/>
  <largest-consumer threadName="main" threadId="000000000202A700" bytes="9436600" />
</allocation-stats>
<gc-op id="1650" type="copy forward" timems="5.010" contextid="1647" timestamp="2019-07-07T05:37:45.492">
  <memory-copied type="eden" objects="7" bytes="168" bytesdiscarded="0" />
  <memory-copied type="other" objects="37311" bytes="933160" bytesdiscarded="0" />
  <memory-cardclean objects="6595" bytes="325584" />
  <regions eden="18" other="6" />
  <remembered-set-cleared processed="46647" cleared="3376" durationms="0.408" />
  <references type="soft" candidates="254" cleared="0" enqueued="0" dynamicThreshold="7" maxThreshold="32" />
  <references type="weak" candidates="142" cleared="0" enqueued="0" />
  <stringconstants candidates="13761" cleared="0"  />
  <heap-resize type="expand" space="default" amount="2097152" count="2" timems="0.094" reason="continue current collection" />
</gc-op>
<gc-op id="1651" type="classunload" timems="0.006" contextid="1647" timestamp="2019-07-07T05:37:45.492">
  <classunload-info classloadercandidates="54" classloadersunloaded="0" classesunloaded="0" anonymousclassesunloaded="0" quiescems="0.000" setupms="0.006" scanms="0.000" postms="0.000" />
</gc-op>
<heap-resize id="1652" type="expand" space="default" amount="9437184" count="1" timems="0.072" reason="excessive time being spent in gc" timestamp="2019-07-07T05:37:45.493" />
<gc-end id="1653" type="partial gc" contextid="1647" durationms="6.288" usertimems="0.000" systemtimems="8.000" timestamp="2019-07-07T05:37:45.493" activeThreads="1">
  <mem-info id="1654" free="34603008" total="62914560" percent="55">
    <mem type="eden" free="1048408" total="1048576" percent="99" />
    <remembered-set count="48544" freebytes="2317184" totalbytes="2511360" percent="92" regionsoverflowed="0" regionsstable="0" regionsrebuilding="9"/>
  </mem-info>
</gc-end>
<cycle-end id="1655" type="partial gc" contextid="1647" timestamp="2019-07-07T05:37:45.493" />
  <attribute name="elasticGC enabled" value="1" />
  <attribute name= "numThreadsSpecified" value="1" />
  <attribute name="heapSize specified" value="0" />
  <attribute name="Current GC Util" value="52" />
  <attribute name= "Current Time Running" value="16289" />
  <attribute name ="GC Interval" value="0" />
  <attribute name="ProportionalT" value="16.000000" />
  <attribute name="ProportionalI" value="16.000000" />
  <attribute name="ProportionalH" value="16.000000" />
  <attribute name="Current Error" value="32.000000" />
  <attribute name="IntegralT" value="0.000000" />
  <attribute name="IntegralI" value="0.000000" />
  <attribute name="IntegralH" value="0.000000" />
  <attribute name="DerivativeT" value="inf" />
  <attribute name="DerivativeI" value="inf" />
  <attribute name="DerivativeH" value="inf" />
  <attribute name="Loop Time for DT" value="0.000000" />
  <attribute name="Output H" value="8388608"/>
  <attribute name="Output I" value="200"/>
  <attribute name="Output T" value="1"/>
  <attribute name="Target GC Util Change" value ="20.000000" />
  <attribute name="Current GC Util Change" value="52.000000"/>
  <attribute name="GC Util currently" value="52" />
  <attribute name="CPU Util currently" value="12750735443282" />
<exclusive-end id="1656" timestamp="2019-07-07T05:37:45.493" durationms="7.328" />

<exclusive-start id="1657" timestamp="2019-07-07T05:37:45.517" intervalms="31.545">
  <response-info timems="0.064" idlems="0.064" threads="0" lastid="000000000202A700" lastname="main" />
</exclusive-start>
<allocation-taxation id="1658" taxation-threshold="10485760" timestamp="2019-07-07T05:37:45.518" intervalms="31.622" />
<gc-start id="1659" type="global mark phase" contextid="1636" timestamp="2019-07-07T05:37:45.518">
  <mem-info id="1660" free="24117248" total="62914560" percent="38">
    <remembered-set count="48544" freebytes="2317184" totalbytes="2511360" percent="92" regionsoverflowed="0" regionsstable="0" regionsrebuilding="9"/>
  </mem-info>
</gc-start>
<gc-end id="1661" type="global mark phase" contextid="1636" durationms="0.154" usertimems="0.000" systemtimems="0.000" timestamp="2019-07-07T05:37:45.518" activeThreads="1">
  <mem-info id="1662" free="24117248" total="62914560" percent="38">
    <remembered-set count="48544" freebytes="2317184" totalbytes="2511360" percent="92" regionsoverflowed="0" regionsstable="0" regionsrebuilding="9"/>
  </mem-info>
</gc-end>
<concurrent-start id="1663" type="GMP work packet processing" contextid="1636" timestamp="2019-07-07T05:37:45.518">
  <concurrent-mark-start scanTarget="9969573" />
</concurrent-start>
<exclusive-end id="1664" timestamp="2019-07-07T05:37:45.518" durationms="0.975" />

<concurrent-end id="1665" type="GMP work packet processing" contextid="1636" timestamp="2019-07-07T05:37:45.531">
  <concurrent-mark-end bytesScanned="8860868" reasonForTermination="Completed all work in GC phase" />
</concurrent-end>

<exclusive-start id="1666" timestamp="2019-07-07T05:37:45.543" intervalms="25.584">
  <response-info timems="0.071" idlems="0.071" threads="0" lastid="000000000202A700" lastname="main" />
</exclusive-start>
<allocation-taxation id="1667" taxation-threshold="10485760" timestamp="2019-07-07T05:37:45.543" intervalms="25.501" />
<cycle-start id="1668" type="partial gc" contextid="0" timestamp="2019-07-07T05:37:45.543" intervalms="57.157" />
<gc-start id="1669" type="partial gc" contextid="1668" timestamp="2019-07-07T05:37:45.544">
  <mem-info id="1670" free="13631488" total="62914560" percent="21">
    <mem type="eden" free="1048408" total="22020096" percent="4" />
    <remembered-set count="57440" freebytes="2281600" totalbytes="2511360" percent="90" regionsoverflowed="0" regionsstable="0" regionsrebuilding="9"/>
  </mem-info>
</gc-start>
<allocation-stats totalBytes="20967808" >
  <allocated-bytes non-tlh="0" tlh="20967808" arrayletleaf="0"/>
  <largest-consumer threadName="main" threadId="000000000202A700" bytes="10483344" />
</allocation-stats>
<gc-op id="1671" type="copy forward" timems="1.412" contextid="1668" timestamp="2019-07-07T05:37:45.546">
  <memory-copied type="eden" objects="32" bytes="952" bytesdiscarded="0" />
  <memory-copied type="other" objects="7" bytes="160" bytesdiscarded="0" />
  <memory-cardclean objects="99" bytes="4352" />
  <regions eden="20" other="2" />
  <remembered-set-cleared processed="56193" cleared="59" durationms="0.467" />
  <stringconstants candidates="13761" cleared="0"  />
</gc-op>
<gc-op id="1672" type="classunload" timems="0.004" contextid="1668" timestamp="2019-07-07T05:37:45.546">
  <classunload-info classloadercandidates="54" classloadersunloaded="0" classesunloaded="0" anonymousclassesunloaded="0" quiescems="0.000" setupms="0.004" scanms="0.000" postms="0.000" />
</gc-op>
<heap-resize id="1673" type="expand" space="default" amount="8388608" count="1" timems="0.082" reason="excessive time being spent in gc" timestamp="2019-07-07T05:37:45.546" />
<gc-end id="1674" type="partial gc" contextid="1668" durationms="2.761" usertimems="4.000" systemtimems="0.000" timestamp="2019-07-07T05:37:45.546" activeThreads="1">
  <mem-info id="1675" free="42991616" total="71303168" percent="60">
    <mem type="eden" free="1047624" total="1048576" percent="99" />
    <remembered-set count="57792" freebytes="2615040" totalbytes="2846208" percent="91" regionsoverflowed="0" regionsstable="0" regionsrebuilding="9"/>
  </mem-info>
</gc-end>
<cycle-end id="1676" type="partial gc" contextid="1668" timestamp="2019-07-07T05:37:45.547" />
  <attribute name="elasticGC enabled" value="1" />
  <attribute name= "numThreadsSpecified" value="1" />
  <attribute name="heapSize specified" value="0" />
  <attribute name="Current GC Util" value="81" />
  <attribute name= "Current Time Running" value="16346" />
  <attribute name ="GC Interval" value="0" />
  <attribute name="ProportionalT" value="30.500000" />
  <attribute name="ProportionalI" value="30.500000" />
  <attribute name="ProportionalH" value="30.500000" />
  <attribute name="Current Error" value="61.000000" />
  <attribute name="IntegralT" value="0.000000" />
  <attribute name="IntegralI" value="0.000000" />
  <attribute name="IntegralH" value="0.000000" />
  <attribute name="DerivativeT" value="inf" />
  <attribute name="DerivativeI" value="inf" />
  <attribute name="DerivativeH" value="inf" />
  <attribute name="Loop Time for DT" value="0.000000" />
  <attribute name="Output H" value="8388608"/>
  <attribute name="Output I" value="200"/>
  <attribute name="Output T" value="1"/>
  <attribute name="Target GC Util Change" value ="20.000000" />
  <attribute name="Current GC Util Change" value="81.000000"/>
  <attribute name="GC Util currently" value="81" />
  <attribute name="CPU Util currently" value="18574312357121" />
<exclusive-end id="1677" timestamp="2019-07-07T05:37:45.547" durationms="3.998" />

<exclusive-start id="1678" timestamp="2019-07-07T05:37:45.574" intervalms="30.990">
  <response-info timems="0.077" idlems="0.077" threads="0" lastid="000000000202A700" lastname="main" />
</exclusive-start>
<allocation-taxation id="1679" taxation-threshold="11534336" timestamp="2019-07-07T05:37:45.574" intervalms="31.037" />
<gc-start id="1680" type="global mark phase" contextid="1636" timestamp="2019-07-07T05:37:45.574">
  <mem-info id="1681" free="31457280" total="71303168" percent="44">
    <remembered-set count="57440" freebytes="2616448" totalbytes="2846208" percent="91" regionsoverflowed="0" regionsstable="0" regionsrebuilding="9"/>
  </mem-info>
</gc-start>
<gc-op id="1682" type="mark increment" timems="1.742" contextid="1636" timestamp="2019-07-07T05:37:45.576">
  <trace-info objectcount="32" scancount="32" scanbytes="115632" />
  <cardclean-info objects="8535" bytes="244464" />
  <finalization candidates="80" enqueued="0" />
  <ownableSynchronizers candidates="22" cleared="0" />
  <references type="soft" candidates="4854" cleared="1247" enqueued="1238" dynamicThreshold="19" maxThreshold="32" />
  <references type="weak" candidates="5593" cleared="0" enqueued="0" />
  <references type="phantom" candidates="101" cleared="0" enqueued="0" />
  <stringconstants candidates="13761" cleared="0"  />
</gc-op>
<gc-op id="1683" type="classunload" timems="0.009" contextid="1636" timestamp="2019-07-07T05:37:45.576">
  <classunload-info classloadercandidates="54" classloadersunloaded="0" classesunloaded="0" anonymousclassesunloaded="0" quiescems="0.000" setupms="0.009" scanms="0.000" postms="0.000" />
</gc-op>
<gc-end id="1684" type="global mark phase" contextid="1636" durationms="2.134" usertimems="8.000" systemtimems="0.000" timestamp="2019-07-07T05:37:45.576" activeThreads="4">
  <mem-info id="1685" free="31457280" total="71303168" percent="44">
    <pending-finalizers system="0" default="0" reference="1238" classloader="0" />
    <remembered-set count="59488" freebytes="2608256" totalbytes="2846208" percent="91" regionsoverflowed="0" regionsstable="0" regionsrebuilding="0"/>
  </mem-info>
</gc-end>
<cycle-end id="1686" type="global mark phase" contextid="1636" timestamp="2019-07-07T05:37:45.577" />
  <attribute name="elasticGC enabled" value="1" />
  <attribute name= "numThreadsSpecified" value="4" />
  <attribute name="heapSize specified" value="0" />
  <attribute name="Current GC Util" value="83" />
  <attribute name= "Current Time Running" value="16377" />
  <attribute name ="GC Interval" value="0" />
  <attribute name="ProportionalT" value="31.500000" />
  <attribute name="ProportionalI" value="31.500000" />
  <attribute name="ProportionalH" value="31.500000" />
  <attribute name="Current Error" value="63.000000" />
  <attribute name="IntegralT" value="0.000000" />
  <attribute name="IntegralI" value="0.000000" />
  <attribute name="IntegralH" value="0.000000" />
  <attribute name="DerivativeT" value="-inf" />
  <attribute name="DerivativeI" value="-inf" />
  <attribute name="DerivativeH" value="-inf" />
  <attribute name="Loop Time for DT" value="0.000000" />
  <attribute name="Output H" value="2091843584"/>
  <attribute name="Output I" value="200"/>
  <attribute name="Output T" value="4"/>
  <attribute name="Target GC Util Change" value ="20.000000" />
  <attribute name="Current GC Util Change" value="83.000000"/>
  <attribute name="GC Util currently" value="83" />
  <attribute name="CPU Util currently" value="16582237225816" />
<exclusive-end id="1687" timestamp="2019-07-07T05:37:45.577" durationms="2.775" />

<exclusive-start id="1688" timestamp="2019-07-07T05:37:45.603" intervalms="29.580">
  <response-info timems="0.038" idlems="0.038" threads="0" lastid="000000000202A700" lastname="main" />
</exclusive-start>
<allocation-taxation id="1689" taxation-threshold="11534336" timestamp="2019-07-07T05:37:45.604" intervalms="29.550" />
<cycle-start id="1690" type="partial gc" contextid="0" timestamp="2019-07-07T05:37:45.604" intervalms="60.556" />
<gc-start id="1691" type="partial gc" contextid="1690" timestamp="2019-07-07T05:37:45.604">
  <mem-info id="1692" free="19922944" total="71303168" percent="27">
    <mem type="eden" free="0" total="23068672" percent="0" />
    <remembered-set count="43680" freebytes="2671488" totalbytes="2846208" percent="93" regionsoverflowed="0" regionsstable="6" regionsrebuilding="0"/>
  </mem-info>
</gc-start>
<allocation-stats totalBytes="23062904" >
  <allocated-bytes non-tlh="0" tlh="23062904" arrayletleaf="0"/>
  <largest-consumer threadName="main" threadId="000000000202A700" bytes="11492080" />
</allocation-stats>
<gc-op id="1693" type="sweep" timems="0.697" contextid="1690" timestamp="2019-07-07T05:37:45.606" />
<gc-op id="1694" type="copy forward" timems="1.342" contextid="1690" timestamp="2019-07-07T05:37:45.608">
  <memory-copied type="eden" objects="11" bytes="4296" bytesdiscarded="0" />
  <memory-copied type="other" objects="25" bytes="792" bytesdiscarded="0" />
  <memory-cardclean objects="1445" bytes="55216" />
  <regions eden="11" other="2" />
  <remembered-set-cleared processed="41593" cleared="175" durationms="0.418" />
  <stringconstants candidates="13761" cleared="0"  />
</gc-op>
<gc-op id="1695" type="classunload" timems="0.004" contextid="1690" timestamp="2019-07-07T05:37:45.608">
  <classunload-info classloadercandidates="54" classloadersunloaded="0" classesunloaded="0" anonymousclassesunloaded="0" quiescems="0.000" setupms="0.004" scanms="0.000" postms="0.000" />
</gc-op>
<gc-end id="1696" type="partial gc" contextid="1690" durationms="3.695" usertimems="4.000" systemtimems="0.000" timestamp="2019-07-07T05:37:45.608" activeThreads="1">
  <mem-info id="1697" free="41943040" total="71303168" percent="58">
    <mem type="eden" free="1044280" total="1048576" percent="99" />
    <remembered-set count="43968" freebytes="2670336" totalbytes="2846208" percent="93" regionsoverflowed="0" regionsstable="6" regionsrebuilding="0"/>
  </mem-info>
</gc-end>
<cycle-end id="1698" type="partial gc" contextid="1690" timestamp="2019-07-07T05:37:45.608" />
  <attribute name="elasticGC enabled" value="1" />
  <attribute name= "numThreadsSpecified" value="1" />
  <attribute name="heapSize specified" value="0" />
  <attribute name="Current GC Util" value="76" />
  <attribute name= "Current Time Running" value="16408" />
  <attribute name ="GC Interval" value="0" />
  <attribute name="ProportionalT" value="28.000000" />
  <attribute name="ProportionalI" value="28.000000" />
  <attribute name="ProportionalH" value="28.000000" />
  <attribute name="Current Error" value="56.000000" />
  <attribute name="IntegralT" value="0.000000" />
  <attribute name="IntegralI" value="0.000000" />
  <attribute name="IntegralH" value="0.000000" />
  <attribute name="DerivativeT" value="inf" />
  <attribute name="DerivativeI" value="inf" />
  <attribute name="DerivativeH" value="inf" />
  <attribute name="Loop Time for DT" value="0.000000" />
  <attribute name="Output H" value="8388608"/>
  <attribute name="Output I" value="200"/>
  <attribute name="Output T" value="1"/>
  <attribute name="Target GC Util Change" value ="20.000000" />
  <attribute name="Current GC Util Change" value="76.000000"/>
  <attribute name="GC Util currently" value="76" />
  <attribute name="CPU Util currently" value="18844051970916" />
<exclusive-end id="1699" timestamp="2019-07-07T05:37:45.608" durationms="4.999" />

<exclusive-start id="1700" timestamp="2019-07-07T05:37:45.709" intervalms="105.581">
  <response-info timems="0.066" idlems="0.066" threads="0" lastid="000000000202A700" lastname="main" />
</exclusive-start>
<allocation-taxation id="1701" taxation-threshold="24117248" timestamp="2019-07-07T05:37:45.709" intervalms="105.612" />
<cycle-start id="1702" type="partial gc" contextid="0" timestamp="2019-07-07T05:37:45.709" intervalms="105.636" />
<gc-start id="1703" type="partial gc" contextid="1702" timestamp="2019-07-07T05:37:45.710">
  <mem-info id="1704" free="17825792" total="71303168" percent="25">
    <mem type="eden" free="0" total="24117248" percent="0" />
    <remembered-set count="43680" freebytes="2671488" totalbytes="2846208" percent="93" regionsoverflowed="0" regionsstable="6" regionsrebuilding="0"/>
  </mem-info>
</gc-start>
<allocation-stats totalBytes="24114848" >
  <allocated-bytes non-tlh="0" tlh="24114848" arrayletleaf="0"/>
  <largest-consumer threadName="main" threadId="000000000202A700" bytes="24114848" />
</allocation-stats>
<gc-op id="1705" type="copy forward" timems="1.279" contextid="1702" timestamp="2019-07-07T05:37:45.712">
  <memory-copied type="eden" objects="23" bytes="720" bytesdiscarded="0" />
  <memory-copied type="other" objects="10" bytes="4248" bytesdiscarded="0" />
  <memory-cardclean objects="121" bytes="4712" />
  <regions eden="23" other="2" />
  <remembered-set-cleared processed="41578" cleared="57" durationms="0.403" />
  <stringconstants candidates="13761" cleared="0"  />
</gc-op>
<gc-op id="1706" type="classunload" timems="0.004" contextid="1702" timestamp="2019-07-07T05:37:45.712">
  <classunload-info classloadercandidates="54" classloadersunloaded="0" classesunloaded="0" anonymousclassesunloaded="0" quiescems="0.000" setupms="0.003" scanms="0.000" postms="0.000" />
</gc-op>
<gc-end id="1707" type="partial gc" contextid="1702" durationms="2.429" usertimems="8.000" systemtimems="0.000" timestamp="2019-07-07T05:37:45.712" activeThreads="1">
  <mem-info id="1708" free="40894464" total="71303168" percent="57">
    <mem type="eden" free="1047856" total="1048576" percent="99" />
    <remembered-set count="44000" freebytes="2670208" totalbytes="2846208" percent="93" regionsoverflowed="0" regionsstable="6" regionsrebuilding="0"/>
  </mem-info>
</gc-end>
<cycle-end id="1709" type="partial gc" contextid="1702" timestamp="2019-07-07T05:37:45.712" />
  <attribute name="elasticGC enabled" value="1" />
  <attribute name= "numThreadsSpecified" value="1" />
  <attribute name="heapSize specified" value="0" />
  <attribute name="Current GC Util" value="77" />
  <attribute name= "Current Time Running" value="16512" />
  <attribute name ="GC Interval" value="0" />
  <attribute name="ProportionalT" value="28.500000" />
  <attribute name="ProportionalI" value="28.500000" />
  <attribute name="ProportionalH" value="28.500000" />
  <attribute name="Current Error" value="57.000000" />
  <attribute name="IntegralT" value="0.000000" />
  <attribute name="IntegralI" value="0.000000" />
  <attribute name="IntegralH" value="0.000000" />
  <attribute name="DerivativeT" value="inf" />
  <attribute name="DerivativeI" value="inf" />
  <attribute name="DerivativeH" value="inf" />
  <attribute name="Loop Time for DT" value="0.000000" />
  <attribute name="Output H" value="8388608"/>
  <attribute name="Output I" value="200"/>
  <attribute name="Output T" value="1"/>
  <attribute name="Target GC Util Change" value ="20.000000" />
  <attribute name="Current GC Util Change" value="77.000000"/>
  <attribute name="GC Util currently" value="77" />
  <attribute name="CPU Util currently" value="18341391028759" />
<exclusive-end id="1710" timestamp="2019-07-07T05:37:45.713" durationms="3.665" />

<exclusive-start id="1711" timestamp="2019-07-07T05:37:45.824" intervalms="115.314">
  <response-info timems="0.160" idlems="0.160" threads="0" lastid="000000000202A700" lastname="main" />
</exclusive-start>
<allocation-taxation id="1712" taxation-threshold="24117248" timestamp="2019-07-07T05:37:45.825" intervalms="115.328" />
<cycle-start id="1713" type="partial gc" contextid="0" timestamp="2019-07-07T05:37:45.825" intervalms="115.547" />
<gc-start id="1714" type="partial gc" contextid="1713" timestamp="2019-07-07T05:37:45.825">
  <mem-info id="1715" free="16777216" total="71303168" percent="23">
    <mem type="eden" free="0" total="24117248" percent="0" />
    <remembered-set count="43712" freebytes="2671360" totalbytes="2846208" percent="93" regionsoverflowed="0" regionsstable="6" regionsrebuilding="0"/>
  </mem-info>
</gc-start>
<allocation-stats totalBytes="24116216" >
  <allocated-bytes non-tlh="0" tlh="24116216" arrayletleaf="0"/>
  <largest-consumer threadName="main" threadId="000000000202A700" bytes="24116216" />
</allocation-stats>
<gc-op id="1716" type="copy forward" timems="1.269" contextid="1713" timestamp="2019-07-07T05:37:45.828">
  <memory-copied type="eden" objects="4" bytes="120" bytesdiscarded="0" />
  <memory-copied type="other" objects="26" bytes="760" bytesdiscarded="0" />
  <memory-cardclean objects="75" bytes="3016" />
  <regions eden="23" other="2" />
  <remembered-set-cleared processed="41581" cleared="43" durationms="0.378" />
  <stringconstants candidates="13761" cleared="0"  />
</gc-op>
<gc-op id="1717" type="classunload" timems="0.004" contextid="1713" timestamp="2019-07-07T05:37:45.828">
  <classunload-info classloadercandidates="54" classloadersunloaded="0" classesunloaded="0" anonymousclassesunloaded="0" quiescems="0.000" setupms="0.004" scanms="0.000" postms="0.000" />
</gc-op>
<heap-resize id="1718" type="contract" space="default" amount="4194304" count="1" timems="0.052" reason="insufficient time being spent in gc" timestamp="2019-07-07T05:37:45.828" />
<gc-end id="1719" type="partial gc" contextid="1713" durationms="2.849" usertimems="0.000" systemtimems="0.000" timestamp="2019-07-07T05:37:45.828" activeThreads="1">
  <mem-info id="1720" free="35651584" total="67108864" percent="53">
    <mem type="eden" free="1048456" total="1048576" percent="99" />
    <remembered-set count="44128" freebytes="2669696" totalbytes="2846208" percent="93" regionsoverflowed="0" regionsstable="6" regionsrebuilding="0"/>
  </mem-info>
</gc-end>
<cycle-end id="1721" type="partial gc" contextid="1713" timestamp="2019-07-07T05:37:45.828" />
  <attribute name="elasticGC enabled" value="1" />
  <attribute name= "numThreadsSpecified" value="1" />
  <attribute name="heapSize specified" value="0" />
  <attribute name="Current GC Util" value="77" />
  <attribute name= "Current Time Running" value="16628" />
  <attribute name ="GC Interval" value="0" />
  <attribute name="ProportionalT" value="28.500000" />
  <attribute name="ProportionalI" value="28.500000" />
  <attribute name="ProportionalH" value="28.500000" />
  <attribute name="Current Error" value="57.000000" />
  <attribute name="IntegralT" value="0.000000" />
  <attribute name="IntegralI" value="0.000000" />
  <attribute name="IntegralH" value="0.000000" />
  <attribute name="DerivativeT" value="inf" />
  <attribute name="DerivativeI" value="inf" />
  <attribute name="DerivativeH" value="inf" />
  <attribute name="Loop Time for DT" value="0.000000" />
  <attribute name="Output H" value="8388608"/>
  <attribute name="Output I" value="200"/>
  <attribute name="Output T" value="1"/>
  <attribute name="Target GC Util Change" value ="20.000000" />
  <attribute name="Current GC Util Change" value="77.000000"/>
  <attribute name="GC Util currently" value="77" />
  <attribute name="CPU Util currently" value="15937593075185" />
<exclusive-end id="1722" timestamp="2019-07-07T05:37:45.829" durationms="4.375" />

<exclusive-start id="1723" timestamp="2019-07-07T05:37:46.424" intervalms="599.965">
  <response-info timems="0.245" idlems="0.245" threads="0" lastid="000000000202A700" lastname="main" />
</exclusive-start>
<allocation-taxation id="1724" taxation-threshold="23068672" timestamp="2019-07-07T05:37:46.425" intervalms="600.006" />
<cycle-start id="1725" type="partial gc" contextid="0" timestamp="2019-07-07T05:37:46.425" intervalms="599.737" />
<gc-start id="1726" type="partial gc" contextid="1725" timestamp="2019-07-07T05:37:46.425">
  <mem-info id="1727" free="12582912" total="67108864" percent="18">
    <mem type="eden" free="1048456" total="24117248" percent="4" />
    <remembered-set count="43744" freebytes="2671232" totalbytes="2846208" percent="93" regionsoverflowed="0" regionsstable="6" regionsrebuilding="0"/>
  </mem-info>
</gc-start>
<allocation-stats totalBytes="23067208" >
  <allocated-bytes non-tlh="0" tlh="23067208" arrayletleaf="0"/>
  <largest-consumer threadName="main" threadId="000000000202A700" bytes="23067208" />
</allocation-stats>
<gc-op id="1728" type="copy forward" timems="1.434" contextid="1725" timestamp="2019-07-07T05:37:46.428">
  <memory-copied type="eden" objects="31" bytes="904" bytesdiscarded="600" />
  <memory-copied type="other" objects="9" bytes="192" bytesdiscarded="736" />
  <memory-cardclean objects="94" bytes="3880" />
  <regions eden="22" other="2" />
  <remembered-set-cleared processed="41590" cleared="42" durationms="0.191" />
  <stringconstants candidates="13761" cleared="0"  />
</gc-op>
<gc-op id="1729" type="classunload" timems="0.005" contextid="1725" timestamp="2019-07-07T05:37:46.428">
  <classunload-info classloadercandidates="54" classloadersunloaded="0" classesunloaded="0" anonymousclassesunloaded="0" quiescems="0.000" setupms="0.005" scanms="0.000" postms="0.000" />
</gc-op>
<heap-resize id="1730" type="contract" space="default" amount="4194304" count="1" timems="0.065" reason="insufficient time being spent in gc" timestamp="2019-07-07T05:37:46.428" />
<gc-end id="1731" type="partial gc" contextid="1725" durationms="2.956" usertimems="8.000" systemtimems="0.000" timestamp="2019-07-07T05:37:46.428" activeThreads="4">
  <mem-info id="1732" free="31457280" total="62914560" percent="50">
    <mem type="eden" free="1047072" total="1048576" percent="99" />
    <remembered-set count="44544" freebytes="2500608" totalbytes="2678784" percent="93" regionsoverflowed="0" regionsstable="6" regionsrebuilding="0"/>
  </mem-info>
</gc-end>
<cycle-end id="1733" type="partial gc" contextid="1725" timestamp="2019-07-07T05:37:46.428" />
  <attribute name="elasticGC enabled" value="1" />
  <attribute name= "numThreadsSpecified" value="4" />
  <attribute name="heapSize specified" value="0" />
  <attribute name="Current GC Util" value="55" />
  <attribute name= "Current Time Running" value="17228" />
  <attribute name ="GC Interval" value="0" />
  <attribute name="ProportionalT" value="17.500000" />
  <attribute name="ProportionalI" value="17.500000" />
  <attribute name="ProportionalH" value="17.500000" />
  <attribute name="Current Error" value="35.000000" />
  <attribute name="IntegralT" value="17.500000" />
  <attribute name="IntegralI" value="17.500000" />
  <attribute name="IntegralH" value="17.500000" />
  <attribute name="DerivativeT" value="35.000000" />
  <attribute name="DerivativeI" value="35.000000" />
  <attribute name="DerivativeH" value="35.000000" />
  <attribute name="Loop Time for DT" value="1.000000" />
  <attribute name="Output H" value="8388608"/>
  <attribute name="Output I" value="200"/>
  <attribute name="Output T" value="4"/>
  <attribute name="Target GC Util Change" value ="20.000000" />
  <attribute name="Current GC Util Change" value="55.000000"/>
  <attribute name="GC Util currently" value="55" />
  <attribute name="CPU Util currently" value="9336852089444" />
<exclusive-end id="1734" timestamp="2019-07-07T05:37:46.429" durationms="4.198" />

<exclusive-start id="1735" timestamp="2019-07-07T05:37:46.512" intervalms="87.265">
  <response-info timems="0.213" idlems="0.213" threads="0" lastid="000000000202A700" lastname="main" />
</exclusive-start>
<allocation-taxation id="1736" taxation-threshold="10485760" timestamp="2019-07-07T05:37:46.512" intervalms="87.207" />
<cycle-start id="1737" type="global mark phase" contextid="0" timestamp="2019-07-07T05:37:46.512" intervalms="1053.529" />
<gc-start id="1738" type="global mark phase" contextid="1737" timestamp="2019-07-07T05:37:46.512">
  <mem-info id="1739" free="20971520" total="62914560" percent="33">
    <remembered-set count="42848" freebytes="2507392" totalbytes="2678784" percent="93" regionsoverflowed="0" regionsstable="7" regionsrebuilding="0"/>
  </mem-info>
</gc-start>
<gc-op id="1740" type="mark increment" timems="0.548" contextid="1737" timestamp="2019-07-07T05:37:46.513">
  <trace-info objectcount="178" scancount="0" scanbytes="0" />
</gc-op>
<gc-end id="1741" type="global mark phase" contextid="1737" durationms="0.730" usertimems="0.000" systemtimems="0.000" timestamp="2019-07-07T05:37:46.513" activeThreads="1">
  <mem-info id="1742" free="20971520" total="62914560" percent="33">
    <remembered-set count="42848" freebytes="2507392" totalbytes="2678784" percent="93" regionsoverflowed="0" regionsstable="0" regionsrebuilding="7"/>
  </mem-info>
</gc-end>
<concurrent-start id="1743" type="GMP work packet processing" contextid="1737" timestamp="2019-07-07T05:37:46.513">
  <concurrent-mark-start scanTarget="1048576" />
</concurrent-start>
<exclusive-end id="1744" timestamp="2019-07-07T05:37:46.513" durationms="1.533" />

<concurrent-end id="1745" type="GMP work packet processing" contextid="1737" timestamp="2019-07-07T05:37:46.514">
  <concurrent-mark-end bytesScanned="1099664" reasonForTermination="Work target met" />
</concurrent-end>

<exclusive-start id="1746" timestamp="2019-07-07T05:37:47.516" intervalms="1004.724">
  <response-info timems="0.155" idlems="0.155" threads="0" lastid="000000000202A700" lastname="main" />
</exclusive-start>
<allocation-taxation id="1747" taxation-threshold="10485760" timestamp="2019-07-07T05:37:47.517" intervalms="1004.716" />
<cycle-start id="1748" type="partial gc" contextid="0" timestamp="2019-07-07T05:37:47.517" intervalms="1091.902" />
<gc-start id="1749" type="partial gc" contextid="1748" timestamp="2019-07-07T05:37:47.517">
  <mem-info id="1750" free="10485760" total="62914560" percent="16">
    <mem type="eden" free="0" total="20971520" percent="0" />
    <remembered-set count="46112" freebytes="2494336" totalbytes="2678784" percent="93" regionsoverflowed="0" regionsstable="0" regionsrebuilding="7"/>
  </mem-info>
</gc-start>
<allocation-stats totalBytes="20970208" >
  <allocated-bytes non-tlh="0" tlh="20970208" arrayletleaf="0"/>
  <largest-consumer threadName="main" threadId="000000000202A700" bytes="10485160" />
</allocation-stats>
<gc-op id="1751" type="copy forward" timems="1.909" contextid="1748" timestamp="2019-07-07T05:37:47.520">
  <memory-copied type="eden" objects="48" bytes="1280" bytesdiscarded="0" />
  <memory-copied type="other" objects="26" bytes="1120" bytesdiscarded="600" />
  <memory-cardclean objects="16991" bytes="633096" />
  <regions eden="20" other="2" />
  <remembered-set-cleared processed="40946" cleared="3540" durationms="0.180" />
  <references type="weak" candidates="2" cleared="0" enqueued="0" />
  <stringconstants candidates="13761" cleared="0"  />
</gc-op>
<gc-op id="1752" type="classunload" timems="0.004" contextid="1748" timestamp="2019-07-07T05:37:47.520">
  <classunload-info classloadercandidates="54" classloadersunloaded="0" classesunloaded="0" anonymousclassesunloaded="0" quiescems="0.000" setupms="0.004" scanms="0.000" postms="0.000" />
</gc-op>
<gc-end id="1753" type="partial gc" contextid="1748" durationms="3.104" usertimems="8.000" systemtimems="0.000" timestamp="2019-07-07T05:37:47.520" activeThreads="4">
  <mem-info id="1754" free="30408704" total="62914560" percent="48">
    <mem type="eden" free="1047296" total="1048576" percent="99" />
    <remembered-set count="44416" freebytes="2333696" totalbytes="2511360" percent="92" regionsoverflowed="0" regionsstable="0" regionsrebuilding="7"/>
  </mem-info>
</gc-end>
<cycle-end id="1755" type="partial gc" contextid="1748" timestamp="2019-07-07T05:37:47.520" />
  <attribute name="elasticGC enabled" value="1" />
  <attribute name= "numThreadsSpecified" value="4" />
  <attribute name="heapSize specified" value="0" />
  <attribute name="Current GC Util" value="61" />
  <attribute name= "Current Time Running" value="18320" />
  <attribute name ="GC Interval" value="0" />
  <attribute name="ProportionalT" value="20.500000" />
  <attribute name="ProportionalI" value="20.500000" />
  <attribute name="ProportionalH" value="20.500000" />
  <attribute name="Current Error" value="41.000000" />
  <attribute name="IntegralT" value="20.500000" />
  <attribute name="IntegralI" value="20.500000" />
  <attribute name="IntegralH" value="20.500000" />
  <attribute name="DerivativeT" value="41.000000" />
  <attribute name="DerivativeI" value="41.000000" />
  <attribute name="DerivativeH" value="41.000000" />
  <attribute name="Loop Time for DT" value="1.000000" />
  <attribute name="Output H" value="8388608"/>
  <attribute name="Output I" value="200"/>
  <attribute name="Output T" value="4"/>
  <attribute name="Target GC Util Change" value ="20.000000" />
  <attribute name="Current GC Util Change" value="61.000000"/>
  <attribute name="GC Util currently" value="61" />
  <attribute name="CPU Util currently" value="10377471330295" />
<exclusive-end id="1756" timestamp="2019-07-07T05:37:47.520" durationms="4.070" />

<exclusive-start id="1757" timestamp="2019-07-07T05:37:47.565" intervalms="48.712">
  <response-info timems="0.130" idlems="0.130" threads="0" lastid="000000000202A700" lastname="main" />
</exclusive-start>
<allocation-taxation id="1758" taxation-threshold="10485760" timestamp="2019-07-07T05:37:47.565" intervalms="48.736" />
<gc-start id="1759" type="global mark phase" contextid="1737" timestamp="2019-07-07T05:37:47.565">
  <mem-info id="1760" free="19922944" total="62914560" percent="31">
    <remembered-set count="43616" freebytes="2336896" totalbytes="2511360" percent="93" regionsoverflowed="0" regionsstable="1" regionsrebuilding="7"/>
  </mem-info>
</gc-start>
<gc-end id="1761" type="global mark phase" contextid="1737" durationms="0.102" usertimems="0.000" systemtimems="0.000" timestamp="2019-07-07T05:37:47.566" activeThreads="4">
  <mem-info id="1762" free="19922944" total="62914560" percent="31">
    <remembered-set count="43616" freebytes="2336896" totalbytes="2511360" percent="93" regionsoverflowed="0" regionsstable="1" regionsrebuilding="7"/>
  </mem-info>
</gc-end>
<concurrent-start id="1763" type="GMP work packet processing" contextid="1737" timestamp="2019-07-07T05:37:47.566">
  <concurrent-mark-start scanTarget="2067294" />
</concurrent-start>
<concurrent-end id="1764" type="GMP work packet processing" contextid="1737" timestamp="2019-07-07T05:37:47.567">
  <concurrent-mark-end bytesScanned="2115224" reasonForTermination="Work target met" />
</concurrent-end>

<exclusive-end id="1765" timestamp="2019-07-07T05:37:47.567" durationms="2.087" />

<exclusive-start id="1766" timestamp="2019-07-07T05:37:47.595" intervalms="29.561">
  <response-info timems="0.086" idlems="0.086" threads="0" lastid="000000000202A700" lastname="main" />
</exclusive-start>
<allocation-taxation id="1767" taxation-threshold="10485760" timestamp="2019-07-07T05:37:47.595" intervalms="29.505" />
<cycle-start id="1768" type="partial gc" contextid="0" timestamp="2019-07-07T05:37:47.595" intervalms="78.227" />
<gc-start id="1769" type="partial gc" contextid="1768" timestamp="2019-07-07T05:37:47.595">
  <mem-info id="1770" free="9437184" total="62914560" percent="15">
    <mem type="eden" free="0" total="20971520" percent="0" />
    <remembered-set count="47296" freebytes="2322176" totalbytes="2511360" percent="92" regionsoverflowed="0" regionsstable="1" regionsrebuilding="7"/>
  </mem-info>
</gc-start>
<allocation-stats totalBytes="20969944" >
  <allocated-bytes non-tlh="0" tlh="20969944" arrayletleaf="0"/>
  <largest-consumer threadName="main" threadId="000000000202A700" bytes="10484936" />
</allocation-stats>
<gc-op id="1771" type="copy forward" timems="1.064" contextid="1768" timestamp="2019-07-07T05:37:47.597">
  <memory-copied type="eden" objects="2" bytes="48" bytesdiscarded="0" />
  <memory-copied type="other" objects="48" bytes="1280" bytesdiscarded="704" />
  <memory-cardclean objects="72" bytes="11408" />
  <regions eden="20" other="2" />
  <remembered-set-cleared processed="44824" cleared="64" durationms="0.163" />
  <references type="weak" candidates="2" cleared="0" enqueued="0" />
  <stringconstants candidates="13761" cleared="0"  />
</gc-op>
<gc-op id="1772" type="classunload" timems="0.005" contextid="1768" timestamp="2019-07-07T05:37:47.597">
  <classunload-info classloadercandidates="54" classloadersunloaded="0" classesunloaded="0" anonymousclassesunloaded="0" quiescems="0.000" setupms="0.004" scanms="0.000" postms="0.000" />
</gc-op>
<gc-end id="1773" type="partial gc" contextid="1768" durationms="2.029" usertimems="8.000" systemtimems="0.000" timestamp="2019-07-07T05:37:47.597" activeThreads="4">
  <mem-info id="1774" free="29360128" total="62914560" percent="46">
    <mem type="eden" free="1048528" total="1048576" percent="99" />
    <remembered-set count="47712" freebytes="2320512" totalbytes="2511360" percent="92" regionsoverflowed="0" regionsstable="1" regionsrebuilding="7"/>
  </mem-info>
</gc-end>
<cycle-end id="1775" type="partial gc" contextid="1768" timestamp="2019-07-07T05:37:47.597" />
  <attribute name="elasticGC enabled" value="1" />
  <attribute name= "numThreadsSpecified" value="4" />
  <attribute name="heapSize specified" value="0" />
  <attribute name="Current GC Util" value="74" />
  <attribute name= "Current Time Running" value="18398" />
  <attribute name ="GC Interval" value="0" />
  <attribute name="ProportionalT" value="27.000000" />
  <attribute name="ProportionalI" value="27.000000" />
  <attribute name="ProportionalH" value="27.000000" />
  <attribute name="Current Error" value="54.000000" />
  <attribute name="IntegralT" value="27.000000" />
  <attribute name="IntegralI" value="27.000000" />
  <attribute name="IntegralH" value="27.000000" />
  <attribute name="DerivativeT" value="54.000000" />
  <attribute name="DerivativeI" value="54.000000" />
  <attribute name="DerivativeH" value="54.000000" />
  <attribute name="Loop Time for DT" value="1.000000" />
  <attribute name="Output H" value="8388608"/>
  <attribute name="Output I" value="200"/>
  <attribute name="Output T" value="4"/>
  <attribute name="Target GC Util Change" value ="20.000000" />
  <attribute name="Current GC Util Change" value="74.000000"/>
  <attribute name="GC Util currently" value="74" />
  <attribute name="CPU Util currently" value="21319800259401" />
<exclusive-end id="1776" timestamp="2019-07-07T05:37:47.598" durationms="3.010" />

<exclusive-start id="1777" timestamp="2019-07-07T05:37:47.623" intervalms="28.482">
  <response-info timems="0.070" idlems="0.070" threads="0" lastid="000000000202A700" lastname="main" />
</exclusive-start>
<allocation-taxation id="1778" taxation-threshold="10485760" timestamp="2019-07-07T05:37:47.623" intervalms="28.494" />
<gc-start id="1779" type="global mark phase" contextid="1737" timestamp="2019-07-07T05:37:47.623">
  <mem-info id="1780" free="18874368" total="62914560" percent="30">
    <remembered-set count="46784" freebytes="2324224" totalbytes="2511360" percent="92" regionsoverflowed="0" regionsstable="2" regionsrebuilding="7"/>
  </mem-info>
</gc-start>
<gc-end id="1781" type="global mark phase" contextid="1737" durationms="0.102" usertimems="4.000" systemtimems="0.000" timestamp="2019-07-07T05:37:47.624" activeThreads="4">
  <mem-info id="1782" free="18874368" total="62914560" percent="30">
    <remembered-set count="46784" freebytes="2324224" totalbytes="2511360" percent="92" regionsoverflowed="0" regionsstable="2" regionsrebuilding="7"/>
  </mem-info>
</gc-end>
<concurrent-start id="1783" type="GMP work packet processing" contextid="1737" timestamp="2019-07-07T05:37:47.624">
  <concurrent-mark-start scanTarget="2067294" />
</concurrent-start>
<concurrent-end id="1784" type="GMP work packet processing" contextid="1737" timestamp="2019-07-07T05:37:47.625">
  <concurrent-mark-end bytesScanned="2123460" reasonForTermination="Work target met" />
</concurrent-end>

<exclusive-end id="1785" timestamp="2019-07-07T05:37:47.625" durationms="1.724" />

<exclusive-start id="1786" timestamp="2019-07-07T05:37:47.650" intervalms="27.318">
  <response-info timems="0.035" idlems="0.035" threads="0" lastid="000000000202A700" lastname="main" />
</exclusive-start>
<allocation-taxation id="1787" taxation-threshold="10485760" timestamp="2019-07-07T05:37:47.651" intervalms="27.316" />
<cycle-start id="1788" type="partial gc" contextid="0" timestamp="2019-07-07T05:37:47.651" intervalms="55.815" />
<gc-start id="1789" type="partial gc" contextid="1788" timestamp="2019-07-07T05:37:47.651">
  <mem-info id="1790" free="8388608" total="62914560" percent="13">
    <mem type="eden" free="1048528" total="22020096" percent="4" />
    <remembered-set count="47328" freebytes="2322048" totalbytes="2511360" percent="92" regionsoverflowed="0" regionsstable="2" regionsrebuilding="7"/>
  </mem-info>
</gc-start>
<allocation-stats totalBytes="20970144" >
  <allocated-bytes non-tlh="0" tlh="20970144" arrayletleaf="0"/>
  <largest-consumer threadName="main" threadId="000000000202A700" bytes="10484904" />
</allocation-stats>
<gc-op id="1791" type="copy forward" timems="1.358" contextid="1788" timestamp="2019-07-07T05:37:47.653">
  <memory-copied type="eden" objects="4" bytes="96" bytesdiscarded="0" />
  <memory-copied type="other" objects="8" bytes="208" bytesdiscarded="0" />
  <memory-cardclean objects="42" bytes="1600" />
  <regions eden="20" other="2" />
  <remembered-set-cleared processed="44896" cleared="32" durationms="0.395" />
  <stringconstants candidates="13761" cleared="0"  />
</gc-op>
<gc-op id="1792" type="classunload" timems="0.004" contextid="1788" timestamp="2019-07-07T05:37:47.653">
  <classunload-info classloadercandidates="54" classloadersunloaded="0" classesunloaded="0" anonymousclassesunloaded="0" quiescems="0.000" setupms="0.004" scanms="0.000" postms="0.000" />
</gc-op>
<gc-end id="1793" type="partial gc" contextid="1788" durationms="2.307" usertimems="0.000" systemtimems="4.000" timestamp="2019-07-07T05:37:47.653" activeThreads="1">
  <mem-info id="1794" free="29360128" total="62914560" percent="46">
    <mem type="eden" free="1048480" total="1048576" percent="99" />
    <remembered-set count="47584" freebytes="2321024" totalbytes="2511360" percent="92" regionsoverflowed="0" regionsstable="2" regionsrebuilding="7"/>
  </mem-info>
</gc-end>
<cycle-end id="1795" type="partial gc" contextid="1788" timestamp="2019-07-07T05:37:47.653" />
  <attribute name="elasticGC enabled" value="1" />
  <attribute name= "numThreadsSpecified" value="1" />
  <attribute name="heapSize specified" value="0" />
  <attribute name="Current GC Util" value="64" />
  <attribute name= "Current Time Running" value="18453" />
  <attribute name ="GC Interval" value="0" />
  <attribute name="ProportionalT" value="22.000000" />
  <attribute name="ProportionalI" value="22.000000" />
  <attribute name="ProportionalH" value="22.000000" />
  <attribute name="Current Error" value="44.000000" />
  <attribute name="IntegralT" value="0.000000" />
  <attribute name="IntegralI" value="0.000000" />
  <attribute name="IntegralH" value="0.000000" />
  <attribute name="DerivativeT" value="inf" />
  <attribute name="DerivativeI" value="inf" />
  <attribute name="DerivativeH" value="inf" />
  <attribute name="Loop Time for DT" value="0.000000" />
  <attribute name="Output H" value="8388608"/>
  <attribute name="Output I" value="200"/>
  <attribute name="Output T" value="1"/>
  <attribute name="Target GC Util Change" value ="20.000000" />
  <attribute name="Current GC Util Change" value="64.000000"/>
  <attribute name="GC Util currently" value="64" />
  <attribute name="CPU Util currently" value="20908606998169" />
<exclusive-end id="1796" timestamp="2019-07-07T05:37:47.654" durationms="3.237" />

<exclusive-start id="1797" timestamp="2019-07-07T05:37:47.700" intervalms="49.729">
  <response-info timems="0.055" idlems="0.055" threads="0" lastid="000000000202A700" lastname="main" />
</exclusive-start>
<allocation-taxation id="1798" taxation-threshold="10485760" timestamp="2019-07-07T05:37:47.700" intervalms="49.745" />
<gc-start id="1799" type="global mark phase" contextid="1737" timestamp="2019-07-07T05:37:47.700">
  <mem-info id="1800" free="18874368" total="62914560" percent="30">
    <remembered-set count="47264" freebytes="2322304" totalbytes="2511360" percent="92" regionsoverflowed="0" regionsstable="2" regionsrebuilding="7"/>
  </mem-info>
</gc-start>
<gc-end id="1801" type="global mark phase" contextid="1737" durationms="0.114" usertimems="0.000" systemtimems="0.000" timestamp="2019-07-07T05:37:47.701" activeThreads="1">
  <mem-info id="1802" free="18874368" total="62914560" percent="30">
    <remembered-set count="47264" freebytes="2322304" totalbytes="2511360" percent="92" regionsoverflowed="0" regionsstable="2" regionsrebuilding="7"/>
  </mem-info>
</gc-end>
<concurrent-start id="1803" type="GMP work packet processing" contextid="1737" timestamp="2019-07-07T05:37:47.701">
  <concurrent-mark-start scanTarget="1550470" />
</concurrent-start>
<concurrent-end id="1804" type="GMP work packet processing" contextid="1737" timestamp="2019-07-07T05:37:47.702">
  <concurrent-mark-end bytesScanned="1588312" reasonForTermination="Work target met" />
</concurrent-end>

<exclusive-end id="1805" timestamp="2019-07-07T05:37:47.702" durationms="1.510" />

<exclusive-start id="1806" timestamp="2019-07-07T05:37:47.737" intervalms="36.603">
  <response-info timems="0.045" idlems="0.045" threads="0" lastid="000000000202A700" lastname="main" />
</exclusive-start>
<allocation-taxation id="1807" taxation-threshold="10485760" timestamp="2019-07-07T05:37:47.737" intervalms="36.610" />
<cycle-start id="1808" type="partial gc" contextid="0" timestamp="2019-07-07T05:37:47.737" intervalms="86.355" />
<gc-start id="1809" type="partial gc" contextid="1808" timestamp="2019-07-07T05:37:47.737">
  <mem-info id="1810" free="8388608" total="62914560" percent="13">
    <mem type="eden" free="1048480" total="22020096" percent="4" />
    <remembered-set count="47392" freebytes="2321792" totalbytes="2511360" percent="92" regionsoverflowed="0" regionsstable="2" regionsrebuilding="7"/>
  </mem-info>
</gc-start>
<allocation-stats totalBytes="20970048" >
  <allocated-bytes non-tlh="0" tlh="20970048" arrayletleaf="0"/>
  <largest-consumer threadName="main" threadId="000000000202A700" bytes="10485104" />
</allocation-stats>
<gc-op id="1811" type="copy forward" timems="1.083" contextid="1808" timestamp="2019-07-07T05:37:47.739">
  <memory-copied type="eden" objects="34" bytes="1008" bytesdiscarded="672" />
  <memory-copied type="other" objects="42" bytes="960" bytesdiscarded="0" />
  <memory-cardclean objects="106" bytes="4392" />
  <regions eden="20" other="2" />
  <remembered-set-cleared processed="45282" cleared="59" durationms="0.149" />
  <stringconstants candidates="13761" cleared="0"  />
</gc-op>
<gc-op id="1812" type="classunload" timems="0.005" contextid="1808" timestamp="2019-07-07T05:37:47.739">
  <classunload-info classloadercandidates="54" classloadersunloaded="0" classesunloaded="0" anonymousclassesunloaded="0" quiescems="0.000" setupms="0.004" scanms="0.000" postms="0.000" />
</gc-op>
<gc-end id="1813" type="partial gc" contextid="1808" durationms="1.971" usertimems="4.000" systemtimems="0.000" timestamp="2019-07-07T05:37:47.739" activeThreads="4">
  <mem-info id="1814" free="29360128" total="62914560" percent="46">
    <mem type="eden" free="1046896" total="1048576" percent="99" />
    <remembered-set count="48160" freebytes="2318720" totalbytes="2511360" percent="92" regionsoverflowed="0" regionsstable="2" regionsrebuilding="7"/>
  </mem-info>
</gc-end>
<cycle-end id="1815" type="partial gc" contextid="1808" timestamp="2019-07-07T05:37:47.739" />
  <attribute name="elasticGC enabled" value="1" />
  <attribute name= "numThreadsSpecified" value="4" />
  <attribute name="heapSize specified" value="0" />
  <attribute name="Current GC Util" value="78" />
  <attribute name= "Current Time Running" value="18540" />
  <attribute name ="GC Interval" value="0" />
  <attribute name="ProportionalT" value="29.000000" />
  <attribute name="ProportionalI" value="29.000000" />
  <attribute name="ProportionalH" value="29.000000" />
  <attribute name="Current Error" value="58.000000" />
  <attribute name="IntegralT" value="29.000000" />
  <attribute name="IntegralI" value="29.000000" />
  <attribute name="IntegralH" value="29.000000" />
  <attribute name="DerivativeT" value="58.000000" />
  <attribute name="DerivativeI" value="58.000000" />
  <attribute name="DerivativeH" value="58.000000" />
  <attribute name="Loop Time for DT" value="1.000000" />
  <attribute name="Output H" value="8388608"/>
  <attribute name="Output I" value="200"/>
  <attribute name="Output T" value="4"/>
  <attribute name="Target GC Util Change" value ="20.000000" />
  <attribute name="Current GC Util Change" value="78.000000"/>
  <attribute name="GC Util currently" value="78" />
  <attribute name="CPU Util currently" value="22243430669410" />
<exclusive-end id="1816" timestamp="2019-07-07T05:37:47.740" durationms="2.893" />

<exclusive-start id="1817" timestamp="2019-07-07T05:37:47.775" intervalms="38.650">
  <response-info timems="0.112" idlems="0.112" threads="0" lastid="000000000202A700" lastname="main" />
</exclusive-start>
<allocation-taxation id="1818" taxation-threshold="10485760" timestamp="2019-07-07T05:37:47.776" intervalms="38.623" />
<gc-start id="1819" type="global mark phase" contextid="1737" timestamp="2019-07-07T05:37:47.776">
  <mem-info id="1820" free="18874368" total="62914560" percent="30">
    <remembered-set count="33824" freebytes="2376064" totalbytes="2511360" percent="94" regionsoverflowed="0" regionsstable="3" regionsrebuilding="7"/>
  </mem-info>
</gc-start>
<gc-end id="1821" type="global mark phase" contextid="1737" durationms="0.099" usertimems="0.000" systemtimems="0.000" timestamp="2019-07-07T05:37:47.776" activeThreads="4">
  <mem-info id="1822" free="18874368" total="62914560" percent="30">
    <remembered-set count="33824" freebytes="2376064" totalbytes="2511360" percent="94" regionsoverflowed="0" regionsstable="3" regionsrebuilding="7"/>
  </mem-info>
</gc-end>
<concurrent-start id="1823" type="GMP work packet processing" contextid="1737" timestamp="2019-07-07T05:37:47.776">
  <concurrent-mark-start scanTarget="2067294" />
</concurrent-start>
<concurrent-end id="1824" type="GMP work packet processing" contextid="1737" timestamp="2019-07-07T05:37:47.777">
  <concurrent-mark-end bytesScanned="2117308" reasonForTermination="Work target met" />
</concurrent-end>

<exclusive-end id="1825" timestamp="2019-07-07T05:37:47.777" durationms="1.635" />

<exclusive-start id="1826" timestamp="2019-07-07T05:37:47.812" intervalms="36.746">
  <response-info timems="0.038" idlems="0.038" threads="0" lastid="000000000202A700" lastname="main" />
</exclusive-start>
<allocation-taxation id="1827" taxation-threshold="10485760" timestamp="2019-07-07T05:37:47.812" intervalms="36.768" />
<cycle-start id="1828" type="partial gc" contextid="0" timestamp="2019-07-07T05:37:47.812" intervalms="75.394" />
<gc-start id="1829" type="partial gc" contextid="1828" timestamp="2019-07-07T05:37:47.813">
  <mem-info id="1830" free="8388608" total="62914560" percent="13">
    <mem type="eden" free="0" total="20971520" percent="0" />
    <remembered-set count="35392" freebytes="2369792" totalbytes="2511360" percent="94" regionsoverflowed="0" regionsstable="3" regionsrebuilding="7"/>
  </mem-info>
</gc-start>
<allocation-stats totalBytes="20970144" >
  <allocated-bytes non-tlh="0" tlh="20970144" arrayletleaf="0"/>
  <largest-consumer threadName="main" threadId="000000000202A700" bytes="10485144" />
</allocation-stats>
<gc-op id="1831" type="copy forward" timems="1.344" contextid="1828" timestamp="2019-07-07T05:37:47.815">
  <memory-copied type="eden" objects="10" bytes="280" bytesdiscarded="0" />
  <memory-copied type="other" objects="57" bytes="1664" bytesdiscarded="0" />
  <memory-cardclean objects="98" bytes="4040" />
  <regions eden="20" other="2" />
  <remembered-set-cleared processed="32869" cleared="53" durationms="0.339" />
  <stringconstants candidates="13761" cleared="0"  />
</gc-op>
<gc-op id="1832" type="classunload" timems="0.006" contextid="1828" timestamp="2019-07-07T05:37:47.815">
  <classunload-info classloadercandidates="54" classloadersunloaded="0" classesunloaded="0" anonymousclassesunloaded="0" quiescems="0.000" setupms="0.005" scanms="0.000" postms="0.000" />
</gc-op>
<heap-resize id="1833" type="contract" space="default" amount="3145728" count="1" timems="0.129" reason="insufficient time being spent in gc" timestamp="2019-07-07T05:37:47.815" />
<gc-end id="1834" type="partial gc" contextid="1828" durationms="2.541" usertimems="4.000" systemtimems="4.000" timestamp="2019-07-07T05:37:47.815" activeThreads="1">
  <mem-info id="1835" free="25165824" total="59768832" percent="42">
    <mem type="eden" free="1048296" total="1048576" percent="99" />
    <remembered-set count="35584" freebytes="2369024" totalbytes="2511360" percent="94" regionsoverflowed="0" regionsstable="3" regionsrebuilding="7"/>
  </mem-info>
</gc-end>
<cycle-end id="1836" type="partial gc" contextid="1828" timestamp="2019-07-07T05:37:47.815" />
  <attribute name="elasticGC enabled" value="1" />
  <attribute name= "numThreadsSpecified" value="1" />
  <attribute name="heapSize specified" value="0" />
  <attribute name="Current GC Util" value="89" />
  <attribute name= "Current Time Running" value="18615" />
  <attribute name ="GC Interval" value="0" />
  <attribute name="ProportionalT" value="34.500000" />
  <attribute name="ProportionalI" value="34.500000" />
  <attribute name="ProportionalH" value="34.500000" />
  <attribute name="Current Error" value="69.000000" />
  <attribute name="IntegralT" value="0.000000" />
  <attribute name="IntegralI" value="0.000000" />
  <attribute name="IntegralH" value="0.000000" />
  <attribute name="DerivativeT" value="inf" />
  <attribute name="DerivativeI" value="inf" />
  <attribute name="DerivativeH" value="inf" />
  <attribute name="Loop Time for DT" value="0.000000" />
  <attribute name="Output H" value="8388608"/>
  <attribute name="Output I" value="200"/>
  <attribute name="Output T" value="1"/>
  <attribute name="Target GC Util Change" value ="20.000000" />
  <attribute name="Current GC Util Change" value="89.000000"/>
  <attribute name="GC Util currently" value="89" />
  <attribute name="CPU Util currently" value="23542583191637" />
<exclusive-end id="1837" timestamp="2019-07-07T05:37:47.816" durationms="3.536" />

<exclusive-start id="1838" timestamp="2019-07-07T05:37:47.874" intervalms="61.438">
  <response-info timems="0.040" idlems="0.040" threads="0" lastid="000000000202A700" lastname="main" />
</exclusive-start>
<allocation-taxation id="1839" taxation-threshold="10485760" timestamp="2019-07-07T05:37:47.874" intervalms="61.464" />
<gc-start id="1840" type="global mark phase" contextid="1737" timestamp="2019-07-07T05:37:47.874">
  <mem-info id="1841" free="14680064" total="59768832" percent="24">
    <remembered-set count="35360" freebytes="2369920" totalbytes="2511360" percent="94" regionsoverflowed="0" regionsstable="3" regionsrebuilding="7"/>
  </mem-info>
</gc-start>
<gc-end id="1842" type="global mark phase" contextid="1737" durationms="0.116" usertimems="4.000" systemtimems="0.000" timestamp="2019-07-07T05:37:47.874" activeThreads="1">
  <mem-info id="1843" free="14680064" total="59768832" percent="24">
    <remembered-set count="35360" freebytes="2369920" totalbytes="2511360" percent="94" regionsoverflowed="0" regionsstable="3" regionsrebuilding="7"/>
  </mem-info>
</gc-end>
<concurrent-start id="1844" type="GMP work packet processing" contextid="1737" timestamp="2019-07-07T05:37:47.874">
  <concurrent-mark-start scanTarget="1048576" />
</concurrent-start>
<concurrent-end id="1845" type="GMP work packet processing" contextid="1737" timestamp="2019-07-07T05:37:47.875">
  <concurrent-mark-end bytesScanned="1084656" reasonForTermination="Work target met" />
</concurrent-end>

<exclusive-end id="1846" timestamp="2019-07-07T05:37:47.875" durationms="1.384" />

<exclusive-start id="1847" timestamp="2019-07-07T05:37:47.938" intervalms="63.960">
  <response-info timems="0.038" idlems="0.038" threads="0" lastid="000000000202A700" lastname="main" />
</exclusive-start>
<allocation-taxation id="1848" taxation-threshold="10485760" timestamp="2019-07-07T05:37:47.938" intervalms="63.927" />
<cycle-start id="1849" type="partial gc" contextid="0" timestamp="2019-07-07T05:37:47.938" intervalms="125.388" />
<gc-start id="1850" type="partial gc" contextid="1849" timestamp="2019-07-07T05:37:47.938">
  <mem-info id="1851" free="4194304" total="59768832" percent="7">
    <mem type="eden" free="1048296" total="22020096" percent="4" />
    <remembered-set count="36736" freebytes="2364416" totalbytes="2511360" percent="94" regionsoverflowed="0" regionsstable="3" regionsrebuilding="7"/>
  </mem-info>
</gc-start>
<allocation-stats totalBytes="20970104" >
  <allocated-bytes non-tlh="0" tlh="20970104" arrayletleaf="0"/>
  <largest-consumer threadName="main" threadId="000000000202A700" bytes="10484968" />
</allocation-stats>
<gc-op id="1852" type="copy forward" timems="1.481" contextid="1849" timestamp="2019-07-07T05:37:47.941">
  <memory-copied type="eden" objects="37" bytes="1128" bytesdiscarded="440" />
  <memory-copied type="other" objects="0" bytes="0" bytesdiscarded="0" />
  <memory-cardclean objects="78" bytes="3032" />
  <regions eden="20" other="1" />
  <remembered-set-cleared processed="34490" cleared="22" durationms="0.168" />
  <stringconstants candidates="13761" cleared="0"  />
</gc-op>
<gc-op id="1853" type="classunload" timems="0.005" contextid="1849" timestamp="2019-07-07T05:37:47.941">
  <classunload-info classloadercandidates="54" classloadersunloaded="0" classesunloaded="0" anonymousclassesunloaded="0" quiescems="0.000" setupms="0.004" scanms="0.000" postms="0.000" />
</gc-op>
<heap-resize id="1854" type="contract" space="default" amount="3145728" count="1" timems="0.159" reason="insufficient time being spent in gc" timestamp="2019-07-07T05:37:47.941" />
<gc-end id="1855" type="partial gc" contextid="1849" durationms="2.967" usertimems="4.000" systemtimems="0.000" timestamp="2019-07-07T05:37:47.941" activeThreads="4">
  <mem-info id="1856" free="22020096" total="56623104" percent="38">
    <mem type="eden" free="1047008" total="1048576" percent="99" />
    <remembered-set count="37024" freebytes="2237696" totalbytes="2385792" percent="93" regionsoverflowed="0" regionsstable="3" regionsrebuilding="7"/>
  </mem-info>
</gc-end>
<cycle-end id="1857" type="partial gc" contextid="1849" timestamp="2019-07-07T05:37:47.941" />
  <attribute name="elasticGC enabled" value="1" />
  <attribute name= "numThreadsSpecified" value="4" />
  <attribute name="heapSize specified" value="0" />
  <attribute name="Current GC Util" value="47" />
  <attribute name= "Current Time Running" value="18741" />
  <attribute name ="GC Interval" value="0" />
  <attribute name="ProportionalT" value="13.500000" />
  <attribute name="ProportionalI" value="13.500000" />
  <attribute name="ProportionalH" value="13.500000" />
  <attribute name="Current Error" value="27.000000" />
  <attribute name="IntegralT" value="13.500000" />
  <attribute name="IntegralI" value="13.500000" />
  <attribute name="IntegralH" value="13.500000" />
  <attribute name="DerivativeT" value="27.000000" />
  <attribute name="DerivativeI" value="27.000000" />
  <attribute name="DerivativeH" value="27.000000" />
  <attribute name="Loop Time for DT" value="1.000000" />
  <attribute name="Output H" value="8388608"/>
  <attribute name="Output I" value="200"/>
  <attribute name="Output T" value="4"/>
  <attribute name="Target GC Util Change" value ="20.000000" />
  <attribute name="Current GC Util Change" value="47.000000"/>
  <attribute name="GC Util currently" value="47" />
  <attribute name="CPU Util currently" value="11132803676943" />
<exclusive-end id="1858" timestamp="2019-07-07T05:37:47.942" durationms="4.003" />

<exclusive-start id="1859" timestamp="2019-07-07T05:37:48.004" intervalms="66.427">
  <response-info timems="0.034" idlems="0.034" threads="0" lastid="000000000202A700" lastname="main" />
</exclusive-start>
<allocation-taxation id="1860" taxation-threshold="10485760" timestamp="2019-07-07T05:37:48.004" intervalms="66.492" />
<gc-start id="1861" type="global mark phase" contextid="1737" timestamp="2019-07-07T05:37:48.004">
  <mem-info id="1862" free="11534336" total="56623104" percent="20">
    <remembered-set count="26368" freebytes="2280320" totalbytes="2385792" percent="95" regionsoverflowed="0" regionsstable="5" regionsrebuilding="7"/>
  </mem-info>
</gc-start>
<gc-end id="1863" type="global mark phase" contextid="1737" durationms="0.144" usertimems="0.000" systemtimems="0.000" timestamp="2019-07-07T05:37:48.005" activeThreads="4">
  <mem-info id="1864" free="11534336" total="56623104" percent="20">
    <remembered-set count="26368" freebytes="2280320" totalbytes="2385792" percent="95" regionsoverflowed="0" regionsstable="5" regionsrebuilding="7"/>
  </mem-info>
</gc-end>
<concurrent-start id="1865" type="GMP work packet processing" contextid="1737" timestamp="2019-07-07T05:37:48.005">
  <concurrent-mark-start scanTarget="2067294" />
</concurrent-start>
<concurrent-end id="1866" type="GMP work packet processing" contextid="1737" timestamp="2019-07-07T05:37:48.006">
  <concurrent-mark-end bytesScanned="2108664" reasonForTermination="Work target met" />
</concurrent-end>

<exclusive-end id="1867" timestamp="2019-07-07T05:37:48.006" durationms="1.825" />

<exclusive-start id="1868" timestamp="2019-07-07T05:37:48.051" intervalms="46.557">
  <response-info timems="0.097" idlems="0.097" threads="0" lastid="000000000202A700" lastname="main" />
</exclusive-start>
<allocation-taxation id="1869" taxation-threshold="10485760" timestamp="2019-07-07T05:37:48.051" intervalms="46.485" />
<cycle-start id="1870" type="partial gc" contextid="0" timestamp="2019-07-07T05:37:48.051" intervalms="112.976" />
<gc-start id="1871" type="partial gc" contextid="1870" timestamp="2019-07-07T05:37:48.051">
  <mem-info id="1872" free="1048576" total="56623104" percent="1">
    <mem type="eden" free="0" total="20971520" percent="0" />
    <remembered-set count="28096" freebytes="2273408" totalbytes="2385792" percent="95" regionsoverflowed="0" regionsstable="5" regionsrebuilding="7"/>
  </mem-info>
</gc-start>
<allocation-stats totalBytes="20969928" >
  <allocated-bytes non-tlh="0" tlh="20969928" arrayletleaf="0"/>
  <largest-consumer threadName="main" threadId="000000000202A700" bytes="10484952" />
</allocation-stats>
<gc-op id="1873" type="copy forward" timems="2.083" contextid="1870" timestamp="2019-07-07T05:37:48.054">
  <memory-copied type="eden" objects="14" bytes="360" bytesdiscarded="0" />
  <memory-copied type="other" objects="28" bytes="872" bytesdiscarded="440" />
  <memory-cardclean objects="8013" bytes="424944" />
  <regions eden="20" other="1" />
  <remembered-set-cleared processed="24411" cleared="2505" durationms="0.173" />
  <stringconstants candidates="13761" cleared="0"  />
  <heap-resize type="expand" space="default" amount="1048576" count="1" timems="0.063" reason="continue current collection" />
</gc-op>
<gc-op id="1874" type="classunload" timems="0.004" contextid="1870" timestamp="2019-07-07T05:37:48.054">
  <classunload-info classloadercandidates="54" classloadersunloaded="0" classesunloaded="0" anonymousclassesunloaded="0" quiescems="0.000" setupms="0.004" scanms="0.000" postms="0.000" />
</gc-op>
<heap-resize id="1875" type="contract" space="default" amount="2097152" count="1" timems="0.177" reason="insufficient time being spent in gc" timestamp="2019-07-07T05:37:48.054" />
<gc-end id="1876" type="partial gc" contextid="1870" durationms="3.489" usertimems="4.000" systemtimems="4.000" timestamp="2019-07-07T05:37:48.055" activeThreads="4">
  <mem-info id="1877" free="19922944" total="55574528" percent="35">
    <mem type="eden" free="1048216" total="1048576" percent="99" />
    <remembered-set count="26144" freebytes="2197504" totalbytes="2302080" percent="95" regionsoverflowed="0" regionsstable="5" regionsrebuilding="7"/>
  </mem-info>
</gc-end>
<cycle-end id="1878" type="partial gc" contextid="1870" timestamp="2019-07-07T05:37:48.055" />
  <attribute name="elasticGC enabled" value="1" />
  <attribute name= "numThreadsSpecified" value="4" />
  <attribute name="heapSize specified" value="0" />
  <attribute name="Current GC Util" value="39" />
  <attribute name= "Current Time Running" value="18854" />
  <attribute name ="GC Interval" value="0" />
  <attribute name="ProportionalT" value="9.500000" />
  <attribute name="ProportionalI" value="9.500000" />
  <attribute name="ProportionalH" value="9.500000" />
  <attribute name="Current Error" value="19.000000" />
  <attribute name="IntegralT" value="9.500000" />
  <attribute name="IntegralI" value="9.500000" />
  <attribute name="IntegralH" value="9.500000" />
  <attribute name="DerivativeT" value="19.000000" />
  <attribute name="DerivativeI" value="19.000000" />
  <attribute name="DerivativeH" value="19.000000" />
  <attribute name="Loop Time for DT" value="1.000000" />
  <attribute name="Output H" value="8388608"/>
  <attribute name="Output I" value="200"/>
  <attribute name="Output T" value="4"/>
  <attribute name="Target GC Util Change" value ="20.000000" />
  <attribute name="Current GC Util Change" value="39.000000"/>
  <attribute name="GC Util currently" value="39" />
  <attribute name="CPU Util currently" value="11910099980819" />
<exclusive-end id="1879" timestamp="2019-07-07T05:37:48.055" durationms="4.545" />

<exclusive-start id="1880" timestamp="2019-07-07T05:37:48.090" intervalms="39.966">
  <response-info timems="0.160" idlems="0.160" threads="0" lastid="000000000202A700" lastname="main" />
</exclusive-start>
<allocation-taxation id="1881" taxation-threshold="9437184" timestamp="2019-07-07T05:37:48.091" intervalms="39.939" />
<gc-start id="1882" type="global mark phase" contextid="1737" timestamp="2019-07-07T05:37:48.091">
  <mem-info id="1883" free="10485760" total="55574528" percent="18">
    <remembered-set count="23360" freebytes="2208640" totalbytes="2302080" percent="95" regionsoverflowed="0" regionsstable="7" regionsrebuilding="7"/>
  </mem-info>
</gc-start>
<gc-end id="1884" type="global mark phase" contextid="1737" durationms="0.097" usertimems="0.000" systemtimems="0.000" timestamp="2019-07-07T05:37:48.091" activeThreads="4">
  <mem-info id="1885" free="10485760" total="55574528" percent="18">
    <remembered-set count="23360" freebytes="2208640" totalbytes="2302080" percent="95" regionsoverflowed="0" regionsstable="7" regionsrebuilding="7"/>
  </mem-info>
</gc-end>
<concurrent-start id="1886" type="GMP work packet processing" contextid="1737" timestamp="2019-07-07T05:37:48.091">
  <concurrent-mark-start scanTarget="18446744073709551615" />
</concurrent-start>
<concurrent-end id="1887" type="GMP work packet processing" contextid="1737" timestamp="2019-07-07T05:37:48.092">
  <concurrent-mark-end bytesScanned="1215804" reasonForTermination="Completed all work in GC phase" />
</concurrent-end>

<exclusive-end id="1888" timestamp="2019-07-07T05:37:48.092" durationms="1.311" />

<exclusive-start id="1889" timestamp="2019-07-07T05:37:48.127" intervalms="36.609">
  <response-info timems="0.116" idlems="0.116" threads="0" lastid="000000000202A700" lastname="main" />
</exclusive-start>
<allocation-taxation id="1890" taxation-threshold="9437184" timestamp="2019-07-07T05:37:48.127" intervalms="36.654" />
<cycle-start id="1891" type="partial gc" contextid="0" timestamp="2019-07-07T05:37:48.127" intervalms="76.625" />
<gc-start id="1892" type="partial gc" contextid="1891" timestamp="2019-07-07T05:37:48.128">
  <mem-info id="1893" free="1048576" total="55574528" percent="1">
    <mem type="eden" free="1048216" total="19922944" percent="5" />
    <remembered-set count="25120" freebytes="2201600" totalbytes="2302080" percent="95" regionsoverflowed="0" regionsstable="7" regionsrebuilding="7"/>
  </mem-info>
</gc-start>
<allocation-stats totalBytes="18872944" >
  <allocated-bytes non-tlh="0" tlh="18872944" arrayletleaf="0"/>
  <largest-consumer threadName="main" threadId="000000000202A700" bytes="9436488" />
</allocation-stats>
<gc-op id="1894" type="copy forward" timems="1.093" contextid="1891" timestamp="2019-07-07T05:37:48.130">
  <memory-copied type="eden" objects="12" bytes="312" bytesdiscarded="0" />
  <memory-copied type="other" objects="0" bytes="0" bytesdiscarded="0" />
  <memory-cardclean objects="14" bytes="528" />
  <regions eden="18" other="1" />
  <remembered-set-cleared processed="23317" cleared="1" durationms="0.250" />
  <stringconstants candidates="13761" cleared="0"  />
</gc-op>
<gc-op id="1895" type="classunload" timems="0.004" contextid="1891" timestamp="2019-07-07T05:37:48.130">
  <classunload-info classloadercandidates="54" classloadersunloaded="0" classesunloaded="0" anonymousclassesunloaded="0" quiescems="0.000" setupms="0.004" scanms="0.000" postms="0.000" />
</gc-op>
<gc-end id="1896" type="partial gc" contextid="1891" durationms="2.207" usertimems="4.000" systemtimems="0.000" timestamp="2019-07-07T05:37:48.130" activeThreads="1">
  <mem-info id="1897" free="19922944" total="55574528" percent="35">
    <mem type="eden" free="1048264" total="1048576" percent="99" />
    <remembered-set count="25216" freebytes="2117504" totalbytes="2218368" percent="95" regionsoverflowed="0" regionsstable="7" regionsrebuilding="7"/>
  </mem-info>
</gc-end>
<cycle-end id="1898" type="partial gc" contextid="1891" timestamp="2019-07-07T05:37:48.130" />
  <attribute name="elasticGC enabled" value="1" />
  <attribute name= "numThreadsSpecified" value="1" />
  <attribute name="heapSize specified" value="0" />
  <attribute name="Current GC Util" value="53" />
  <attribute name= "Current Time Running" value="18930" />
  <attribute name ="GC Interval" value="0" />
  <attribute name="ProportionalT" value="16.500000" />
  <attribute name="ProportionalI" value="16.500000" />
  <attribute name="ProportionalH" value="16.500000" />
  <attribute name="Current Error" value="33.000000" />
  <attribute name="IntegralT" value="0.000000" />
  <attribute name="IntegralI" value="0.000000" />
  <attribute name="IntegralH" value="0.000000" />
  <attribute name="DerivativeT" value="inf" />
  <attribute name="DerivativeI" value="inf" />
  <attribute name="DerivativeH" value="inf" />
  <attribute name="Loop Time for DT" value="0.000000" />
  <attribute name="Output H" value="8388608"/>
  <attribute name="Output I" value="200"/>
  <attribute name="Output T" value="1"/>
  <attribute name="Target GC Util Change" value ="20.000000" />
  <attribute name="Current GC Util Change" value="53.000000"/>
  <attribute name="GC Util currently" value="53" />
  <attribute name="CPU Util currently" value="13293302720480" />
<exclusive-end id="1899" timestamp="2019-07-07T05:37:48.130" durationms="3.300" />

<exclusive-start id="1900" timestamp="2019-07-07T05:37:48.646" intervalms="518.673">
  <response-info timems="0.052" idlems="0.052" threads="0" lastid="000000000202A700" lastname="main" />
</exclusive-start>
<allocation-taxation id="1901" taxation-threshold="9437184" timestamp="2019-07-07T05:37:48.646" intervalms="518.675" />
<gc-start id="1902" type="global mark phase" contextid="1737" timestamp="2019-07-07T05:37:48.646">
  <mem-info id="1903" free="10485760" total="55574528" percent="18">
    <remembered-set count="24736" freebytes="2119424" totalbytes="2218368" percent="95" regionsoverflowed="0" regionsstable="7" regionsrebuilding="7"/>
  </mem-info>
</gc-start>
<gc-op id="1904" type="mark increment" timems="2.127" contextid="1737" timestamp="2019-07-07T05:37:48.648">
  <trace-info objectcount="87" scancount="76" scanbytes="116528" />
  <cardclean-info objects="28087" bytes="853656" />
  <finalization candidates="80" enqueued="0" />
  <ownableSynchronizers candidates="22" cleared="0" />
  <references type="soft" candidates="3607" cleared="31" enqueued="30" dynamicThreshold="11" maxThreshold="32" />
  <references type="weak" candidates="5599" cleared="0" enqueued="0" />
  <references type="phantom" candidates="101" cleared="0" enqueued="0" />
  <stringconstants candidates="13767" cleared="120"  />
</gc-op>
<gc-op id="1905" type="classunload" timems="0.008" contextid="1737" timestamp="2019-07-07T05:37:48.648">
  <classunload-info classloadercandidates="54" classloadersunloaded="0" classesunloaded="0" anonymousclassesunloaded="0" quiescems="0.000" setupms="0.008" scanms="0.000" postms="0.000" />
</gc-op>
<gc-end id="1906" type="global mark phase" contextid="1737" durationms="2.475" usertimems="4.000" systemtimems="0.000" timestamp="2019-07-07T05:37:48.649" activeThreads="4">
  <mem-info id="1907" free="10485760" total="55574528" percent="18">
    <pending-finalizers system="0" default="0" reference="30" classloader="0" />
    <remembered-set count="27808" freebytes="2107136" totalbytes="2218368" percent="94" regionsoverflowed="0" regionsstable="7" regionsrebuilding="0"/>
  </mem-info>
</gc-end>
<cycle-end id="1908" type="global mark phase" contextid="1737" timestamp="2019-07-07T05:37:48.649" />
  <attribute name="elasticGC enabled" value="1" />
  <attribute name= "numThreadsSpecified" value="4" />
  <attribute name="heapSize specified" value="0" />
  <attribute name="Current GC Util" value="82" />
  <attribute name= "Current Time Running" value="19449" />
  <attribute name ="GC Interval" value="0" />
  <attribute name="ProportionalT" value="31.000000" />
  <attribute name="ProportionalI" value="31.000000" />
  <attribute name="ProportionalH" value="31.000000" />
  <attribute name="Current Error" value="62.000000" />
  <attribute name="IntegralT" value="0.000000" />
  <attribute name="IntegralI" value="0.000000" />
  <attribute name="IntegralH" value="0.000000" />
  <attribute name="DerivativeT" value="-inf" />
  <attribute name="DerivativeI" value="-inf" />
  <attribute name="DerivativeH" value="-inf" />
  <attribute name="Loop Time for DT" value="0.000000" />
  <attribute name="Output H" value="2091843584"/>
  <attribute name="Output I" value="200"/>
  <attribute name="Output T" value="4"/>
  <attribute name="Target GC Util Change" value ="20.000000" />
  <attribute name="Current GC Util Change" value="82.000000"/>
  <attribute name="GC Util currently" value="82" />
  <attribute name="CPU Util currently" value="11337024081929" />
<exclusive-end id="1909" timestamp="2019-07-07T05:37:48.649" durationms="3.216" />

<exclusive-start id="1910" timestamp="2019-07-07T05:37:48.750" intervalms="104.303">
  <response-info timems="0.040" idlems="0.040" threads="0" lastid="000000000202A700" lastname="main" />
</exclusive-start>
<allocation-taxation id="1911" taxation-threshold="9437184" timestamp="2019-07-07T05:37:48.750" intervalms="104.314" />
<cycle-start id="1912" type="partial gc" contextid="0" timestamp="2019-07-07T05:37:48.750" intervalms="623.013" />
<gc-start id="1913" type="partial gc" contextid="1912" timestamp="2019-07-07T05:37:48.751">
  <mem-info id="1914" free="1048576" total="55574528" percent="1">
    <mem type="eden" free="1048264" total="19922944" percent="5" />
    <remembered-set count="11776" freebytes="2171264" totalbytes="2218368" percent="97" regionsoverflowed="0" regionsstable="14" regionsrebuilding="0"/>
  </mem-info>
</gc-start>
<allocation-stats totalBytes="18861496" >
  <allocated-bytes non-tlh="360" tlh="18861136" arrayletleaf="0"/>
  <largest-consumer threadName="main" threadId="000000000202A700" bytes="9427632" />
</allocation-stats>
<gc-op id="1915" type="sweep" timems="0.569" contextid="1912" timestamp="2019-07-07T05:37:48.752" />
<gc-op id="1916" type="copy forward" timems="1.064" contextid="1912" timestamp="2019-07-07T05:37:48.753">
  <memory-copied type="eden" objects="2" bytes="56" bytesdiscarded="0" />
  <memory-copied type="other" objects="64" bytes="2528" bytesdiscarded="1200" />
  <memory-cardclean objects="295" bytes="21472" />
  <regions eden="9" other="2" />
  <remembered-set-cleared processed="10112" cleared="24" durationms="0.142" />
  <references type="weak" candidates="4" cleared="0" enqueued="0" />
  <stringconstants candidates="13647" cleared="0"  />
</gc-op>
<gc-op id="1917" type="classunload" timems="0.005" contextid="1912" timestamp="2019-07-07T05:37:48.753">
  <classunload-info classloadercandidates="54" classloadersunloaded="0" classesunloaded="0" anonymousclassesunloaded="0" quiescems="0.000" setupms="0.005" scanms="0.000" postms="0.000" />
</gc-op>
<gc-end id="1918" type="partial gc" contextid="1912" durationms="2.789" usertimems="4.000" systemtimems="0.000" timestamp="2019-07-07T05:37:48.754" activeThreads="4">
  <mem-info id="1919" free="19922944" total="55574528" percent="35">
    <mem type="eden" free="1044792" total="1048576" percent="99" />
    <remembered-set count="11968" freebytes="2170496" totalbytes="2218368" percent="97" regionsoverflowed="0" regionsstable="14" regionsrebuilding="0"/>
  </mem-info>
</gc-end>
<cycle-end id="1920" type="partial gc" contextid="1912" timestamp="2019-07-07T05:37:48.754" />
  <attribute name="elasticGC enabled" value="1" />
  <attribute name= "numThreadsSpecified" value="4" />
  <attribute name="heapSize specified" value="0" />
  <attribute name="Current GC Util" value="57" />
  <attribute name= "Current Time Running" value="19554" />
  <attribute name ="GC Interval" value="0" />
  <attribute name="ProportionalT" value="18.500000" />
  <attribute name="ProportionalI" value="18.500000" />
  <attribute name="ProportionalH" value="18.500000" />
  <attribute name="Current Error" value="37.000000" />
  <attribute name="IntegralT" value="0.000000" />
  <attribute name="IntegralI" value="0.000000" />
  <attribute name="IntegralH" value="0.000000" />
  <attribute name="DerivativeT" value="-inf" />
  <attribute name="DerivativeI" value="-inf" />
  <attribute name="DerivativeH" value="-inf" />
  <attribute name="Loop Time for DT" value="0.000000" />
  <attribute name="Output H" value="2091843584"/>
  <attribute name="Output I" value="200"/>
  <attribute name="Output T" value="4"/>
  <attribute name="Target GC Util Change" value ="20.000000" />
  <attribute name="Current GC Util Change" value="57.000000"/>
  <attribute name="GC Util currently" value="57" />
  <attribute name="CPU Util currently" value="24239244774059" />
<exclusive-end id="1921" timestamp="2019-07-07T05:37:48.754" durationms="3.845" />

<exclusive-start id="1922" timestamp="2019-07-07T05:37:48.779" intervalms="28.684">
  <response-info timems="0.038" idlems="0.038" threads="0" lastid="000000000202A700" lastname="main" />
</exclusive-start>
<allocation-taxation id="1923" taxation-threshold="9437184" timestamp="2019-07-07T05:37:48.779" intervalms="28.604" />
<cycle-start id="1924" type="global mark phase" contextid="0" timestamp="2019-07-07T05:37:48.779" intervalms="2267.011" />
<gc-start id="1925" type="global mark phase" contextid="1924" timestamp="2019-07-07T05:37:48.779">
  <mem-info id="1926" free="10485760" total="55574528" percent="18">
    <remembered-set count="10144" freebytes="2177792" totalbytes="2218368" percent="98" regionsoverflowed="0" regionsstable="17" regionsrebuilding="0"/>
  </mem-info>
</gc-start>
<gc-op id="1927" type="mark increment" timems="8.257" contextid="1924" timestamp="2019-07-07T05:37:48.787">
  <trace-info objectcount="602412" scancount="521501" scanbytes="13450748" />
</gc-op>
<gc-end id="1928" type="global mark phase" contextid="1924" durationms="8.495" usertimems="28.000" systemtimems="4.000" timestamp="2019-07-07T05:37:48.788" activeThreads="4">
  <mem-info id="1929" free="10485760" total="55574528" percent="18">
    <remembered-set count="105888" freebytes="1794816" totalbytes="2218368" percent="80" regionsoverflowed="0" regionsstable="0" regionsrebuilding="17"/>
  </mem-info>
</gc-end>
<concurrent-start id="1930" type="GMP work packet processing" contextid="1924" timestamp="2019-07-07T05:37:48.788">
  <concurrent-mark-start scanTarget="2025325" />
</concurrent-start>
<exclusive-end id="1931" timestamp="2019-07-07T05:37:48.788" durationms="9.149" />

<concurrent-end id="1932" type="GMP work packet processing" contextid="1924" timestamp="2019-07-07T05:37:48.788">
  <concurrent-mark-end bytesScanned="0" reasonForTermination="Completed all work in GC phase" />
</concurrent-end>

<exclusive-start id="1933" timestamp="2019-07-07T05:37:48.812" intervalms="33.369">
  <response-info timems="0.035" idlems="0.035" threads="0" lastid="000000000202A700" lastname="main" />
</exclusive-start>
<allocation-taxation id="1934" taxation-threshold="9437184" timestamp="2019-07-07T05:37:48.812" intervalms="33.413" />
<cycle-start id="1935" type="partial gc" contextid="0" timestamp="2019-07-07T05:37:48.812" intervalms="61.955" />
<gc-start id="1936" type="partial gc" contextid="1935" timestamp="2019-07-07T05:37:48.813">
  <mem-info id="1937" free="1048576" total="55574528" percent="1">
    <mem type="eden" free="0" total="18874368" percent="0" />
    <remembered-set count="105568" freebytes="1796096" totalbytes="2218368" percent="80" regionsoverflowed="0" regionsstable="0" regionsrebuilding="17"/>
  </mem-info>
</gc-start>
<allocation-stats totalBytes="18860112" >
  <allocated-bytes non-tlh="0" tlh="18860112" arrayletleaf="0"/>
  <largest-consumer threadName="main" threadId="000000000202A700" bytes="9430680" />
</allocation-stats>
<gc-op id="1938" type="copy forward" timems="10.225" contextid="1935" timestamp="2019-07-07T05:37:48.824">
  <memory-copied type="eden" objects="1" bytes="24" bytesdiscarded="0" />
  <memory-copied type="other" objects="21066" bytes="896344" bytesdiscarded="0" />
  <memory-cardclean objects="93217" bytes="2516688" />
  <regions eden="18" other="6" />
  <remembered-set-cleared processed="94605" cleared="17138" durationms="0.889" />
  <finalization candidates="13" enqueued="0" />
  <references type="soft" candidates="49" cleared="0" enqueued="0" dynamicThreshold="6" maxThreshold="32" />
  <references type="weak" candidates="267" cleared="0" enqueued="0" />
  <references type="phantom" candidates="76" cleared="0" enqueued="0" />
  <stringconstants candidates="13647" cleared="0"  />
  <heap-resize type="expand" space="default" amount="3145728" count="3" timems="0.431" reason="continue current collection" />
</gc-op>
<gc-op id="1939" type="classunload" timems="0.009" contextid="1935" timestamp="2019-07-07T05:37:48.824">
  <classunload-info classloadercandidates="54" classloadersunloaded="0" classesunloaded="0" anonymousclassesunloaded="0" quiescems="0.000" setupms="0.008" scanms="0.000" postms="0.000" />
</gc-op>
<gc-end id="1940" type="partial gc" contextid="1935" durationms="11.191" usertimems="28.000" systemtimems="0.000" timestamp="2019-07-07T05:37:48.824" activeThreads="1">
  <mem-info id="1941" free="25165824" total="58720256" percent="42">
    <mem type="eden" free="1048552" total="1048576" percent="99" />
    <remembered-set count="96512" freebytes="1957888" totalbytes="2343936" percent="83" regionsoverflowed="0" regionsstable="0" regionsrebuilding="17"/>
  </mem-info>
</gc-end>
<cycle-end id="1942" type="partial gc" contextid="1935" timestamp="2019-07-07T05:37:48.824" />
  <attribute name="elasticGC enabled" value="1" />
  <attribute name= "numThreadsSpecified" value="1" />
  <attribute name="heapSize specified" value="0" />
  <attribute name="Current GC Util" value="50" />
  <attribute name= "Current Time Running" value="19615" />
  <attribute name ="GC Interval" value="0" />
  <attribute name="ProportionalT" value="15.000000" />
  <attribute name="ProportionalI" value="15.000000" />
  <attribute name="ProportionalH" value="15.000000" />
  <attribute name="Current Error" value="30.000000" />
  <attribute name="IntegralT" value="0.000000" />
  <attribute name="IntegralI" value="0.000000" />
  <attribute name="IntegralH" value="0.000000" />
  <attribute name="DerivativeT" value="inf" />
  <attribute name="DerivativeI" value="inf" />
  <attribute name="DerivativeH" value="inf" />
  <attribute name="Loop Time for DT" value="0.000000" />
  <attribute name="Output H" value="8388608"/>
  <attribute name="Output I" value="200"/>
  <attribute name="Output T" value="1"/>
  <attribute name="Target GC Util Change" value ="20.000000" />
  <attribute name="Current GC Util Change" value="50.000000"/>
  <attribute name="GC Util currently" value="50" />
  <attribute name="CPU Util currently" value="18845669092147" />
<exclusive-end id="1943" timestamp="2019-07-07T05:37:48.824" durationms="12.103" />

<exclusive-start id="1944" timestamp="2019-07-07T05:37:48.849" intervalms="36.911">
  <response-info timems="0.104" idlems="0.104" threads="0" lastid="000000000202A700" lastname="main" />
</exclusive-start>
<allocation-taxation id="1945" taxation-threshold="10485760" timestamp="2019-07-07T05:37:48.849" intervalms="36.974" />
<gc-start id="1946" type="global mark phase" contextid="1924" timestamp="2019-07-07T05:37:48.849">
  <mem-info id="1947" free="14680064" total="58720256" percent="25">
    <remembered-set count="96256" freebytes="1958912" totalbytes="2343936" percent="83" regionsoverflowed="0" regionsstable="0" regionsrebuilding="17"/>
  </mem-info>
</gc-start>
<gc-op id="1948" type="mark increment" timems="3.763" contextid="1924" timestamp="2019-07-07T05:37:48.853">
  <trace-info objectcount="1" scancount="1" scanbytes="114712" />
  <cardclean-info objects="189142" bytes="4100412" />
  <finalization candidates="80" enqueued="0" />
  <ownableSynchronizers candidates="22" cleared="0" />
  <references type="soft" candidates="3576" cleared="0" enqueued="0" dynamicThreshold="13" maxThreshold="32" />
  <references type="weak" candidates="5597" cleared="0" enqueued="0" />
  <references type="phantom" candidates="101" cleared="0" enqueued="0" />
  <stringconstants candidates="13647" cleared="1"  />
</gc-op>
<gc-op id="1949" type="classunload" timems="0.008" contextid="1924" timestamp="2019-07-07T05:37:48.853">
  <classunload-info classloadercandidates="54" classloadersunloaded="0" classesunloaded="0" anonymousclassesunloaded="0" quiescems="0.000" setupms="0.008" scanms="0.000" postms="0.000" />
</gc-op>
<gc-end id="1950" type="global mark phase" contextid="1924" durationms="4.119" usertimems="12.000" systemtimems="4.000" timestamp="2019-07-07T05:37:48.854" activeThreads="4">
  <mem-info id="1951" free="14680064" total="58720256" percent="25">
    <remembered-set count="105472" freebytes="1922048" totalbytes="2343936" percent="82" regionsoverflowed="0" regionsstable="0" regionsrebuilding="0"/>
  </mem-info>
</gc-end>
<cycle-end id="1952" type="global mark phase" contextid="1924" timestamp="2019-07-07T05:37:48.854" />
  <attribute name="elasticGC enabled" value="1" />
  <attribute name= "numThreadsSpecified" value="4" />
  <attribute name="heapSize specified" value="0" />
  <attribute name="Current GC Util" value="87" />
  <attribute name= "Current Time Running" value="19654" />
  <attribute name ="GC Interval" value="0" />
  <attribute name="ProportionalT" value="33.500000" />
  <attribute name="ProportionalI" value="33.500000" />
  <attribute name="ProportionalH" value="33.500000" />
  <attribute name="Current Error" value="67.000000" />
  <attribute name="IntegralT" value="0.000000" />
  <attribute name="IntegralI" value="0.000000" />
  <attribute name="IntegralH" value="0.000000" />
  <attribute name="DerivativeT" value="-inf" />
  <attribute name="DerivativeI" value="-inf" />
  <attribute name="DerivativeH" value="-inf" />
  <attribute name="Loop Time for DT" value="0.000000" />
  <attribute name="Output H" value="2091843584"/>
  <attribute name="Output I" value="200"/>
  <attribute name="Output T" value="4"/>
  <attribute name="Target GC Util Change" value ="20.000000" />
  <attribute name="Current GC Util Change" value="87.000000"/>
  <attribute name="GC Util currently" value="87" />
  <attribute name="CPU Util currently" value="23597756688058" />
<exclusive-end id="1953" timestamp="2019-07-07T05:37:48.860" durationms="10.920" />

<exclusive-start id="1954" timestamp="2019-07-07T05:37:48.884" intervalms="34.525">
  <response-info timems="0.077" idlems="0.077" threads="0" lastid="000000000202A700" lastname="main" />
</exclusive-start>
<allocation-taxation id="1955" taxation-threshold="10485760" timestamp="2019-07-07T05:37:48.884" intervalms="34.467" />
<cycle-start id="1956" type="partial gc" contextid="0" timestamp="2019-07-07T05:37:48.884" intervalms="71.484" />
<gc-start id="1957" type="partial gc" contextid="1956" timestamp="2019-07-07T05:37:48.884">
  <mem-info id="1958" free="4194304" total="58720256" percent="7">
    <mem type="eden" free="1048552" total="22020096" percent="4" />
    <remembered-set count="93888" freebytes="1968384" totalbytes="2343936" percent="83" regionsoverflowed="0" regionsstable="5" regionsrebuilding="0"/>
  </mem-info>
</gc-start>
<allocation-stats totalBytes="20954432" >
  <allocated-bytes non-tlh="0" tlh="20954432" arrayletleaf="0"/>
  <largest-consumer threadName="main" threadId="000000000202A700" bytes="10478336" />
</allocation-stats>
<gc-op id="1959" type="sweep" timems="0.618" contextid="1956" timestamp="2019-07-07T05:37:48.885" />
<gc-op id="1960" type="copy forward" timems="1.264" contextid="1956" timestamp="2019-07-07T05:37:48.887">
  <memory-copied type="eden" objects="1" bytes="24" bytesdiscarded="0" />
  <memory-copied type="other" objects="0" bytes="0" bytesdiscarded="0" />
  <memory-cardclean objects="17" bytes="512" />
  <regions eden="10" other="1" />
  <remembered-set-cleared processed="91834" cleared="12" durationms="0.406" />
  <stringconstants candidates="13646" cleared="0"  />
</gc-op>
<gc-op id="1961" type="classunload" timems="0.010" contextid="1956" timestamp="2019-07-07T05:37:48.887">
  <classunload-info classloadercandidates="54" classloadersunloaded="0" classesunloaded="0" anonymousclassesunloaded="0" quiescems="0.000" setupms="0.009" scanms="0.000" postms="0.000" />
</gc-op>
<heap-resize id="1962" type="expand" space="default" amount="10485760" count="1" timems="0.083" reason="excessive time being spent in gc" timestamp="2019-07-07T05:37:48.888" />
<gc-end id="1963" type="partial gc" contextid="1956" durationms="3.347" usertimems="4.000" systemtimems="8.000" timestamp="2019-07-07T05:37:48.888" activeThreads="4">
  <mem-info id="1964" free="35651584" total="69206016" percent="51">
    <mem type="eden" free="1048552" total="1048576" percent="99" />
    <remembered-set count="93568" freebytes="2388224" totalbytes="2762496" percent="86" regionsoverflowed="0" regionsstable="5" regionsrebuilding="0"/>
  </mem-info>
</gc-end>
<cycle-end id="1965" type="partial gc" contextid="1956" timestamp="2019-07-07T05:37:48.888" />
  <attribute name="elasticGC enabled" value="1" />
  <attribute name= "numThreadsSpecified" value="4" />
  <attribute name="heapSize specified" value="0" />
  <attribute name="Current GC Util" value="43" />
  <attribute name= "Current Time Running" value="19688" />
  <attribute name ="GC Interval" value="0" />
  <attribute name="ProportionalT" value="11.500000" />
  <attribute name="ProportionalI" value="11.500000" />
  <attribute name="ProportionalH" value="11.500000" />
  <attribute name="Current Error" value="23.000000" />
  <attribute name="IntegralT" value="11.500000" />
  <attribute name="IntegralI" value="11.500000" />
  <attribute name="IntegralH" value="11.500000" />
  <attribute name="DerivativeT" value="-22.000000" />
  <attribute name="DerivativeI" value="-22.000000" />
  <attribute name="DerivativeH" value="-22.000000" />
  <attribute name="Loop Time for DT" value="1.000000" />
  <attribute name="Output H" value="8388608"/>
  <attribute name="Output I" value="200"/>
  <attribute name="Output T" value="4"/>
  <attribute name="Target GC Util Change" value ="20.000000" />
  <attribute name="Current GC Util Change" value="43.000000"/>
  <attribute name="GC Util currently" value="43" />
  <attribute name="CPU Util currently" value="26600253744418" />
<exclusive-end id="1966" timestamp="2019-07-07T05:37:48.888" durationms="4.381" />

<exclusive-start id="1967" timestamp="2019-07-07T05:37:48.914" intervalms="30.111">
  <response-info timems="0.101" idlems="0.101" threads="0" lastid="000000000202A700" lastname="main" />
</exclusive-start>
<allocation-taxation id="1968" taxation-threshold="11534336" timestamp="2019-07-07T05:37:48.914" intervalms="30.107" />
<cycle-start id="1969" type="global mark phase" contextid="0" timestamp="2019-07-07T05:37:48.914" intervalms="134.998" />
<gc-start id="1970" type="global mark phase" contextid="1969" timestamp="2019-07-07T05:37:48.914">
  <mem-info id="1971" free="24117248" total="69206016" percent="34">
    <remembered-set count="93568" freebytes="2388224" totalbytes="2762496" percent="86" regionsoverflowed="0" regionsstable="5" regionsrebuilding="0"/>
  </mem-info>
</gc-start>
<gc-op id="1972" type="mark increment" timems="2.693" contextid="1969" timestamp="2019-07-07T05:37:48.917">
  <trace-info objectcount="102857" scancount="73964" scanbytes="2331264" />
</gc-op>
<gc-end id="1973" type="global mark phase" contextid="1969" durationms="2.873" usertimems="4.000" systemtimems="4.000" timestamp="2019-07-07T05:37:48.917" activeThreads="4">
  <mem-info id="1974" free="24117248" total="69206016" percent="34">
    <remembered-set count="96640" freebytes="2375936" totalbytes="2762496" percent="86" regionsoverflowed="0" regionsstable="0" regionsrebuilding="5"/>
  </mem-info>
</gc-end>
<concurrent-start id="1975" type="GMP work packet processing" contextid="1969" timestamp="2019-07-07T05:37:48.917">
  <concurrent-mark-start scanTarget="5357631" />
</concurrent-start>
<concurrent-end id="1976" type="GMP work packet processing" contextid="1969" timestamp="2019-07-07T05:37:48.920">
  <concurrent-mark-end bytesScanned="5387028" reasonForTermination="Work target met" />
</concurrent-end>

<exclusive-end id="1977" timestamp="2019-07-07T05:37:48.921" durationms="6.927" />

<exclusive-start id="1978" timestamp="2019-07-07T05:37:48.947" intervalms="33.091">
  <response-info timems="0.039" idlems="0.039" threads="0" lastid="000000000202A700" lastname="main" />
</exclusive-start>
<allocation-taxation id="1979" taxation-threshold="11534336" timestamp="2019-07-07T05:37:48.947" intervalms="33.072" />
<cycle-start id="1980" type="partial gc" contextid="0" timestamp="2019-07-07T05:37:48.947" intervalms="63.136" />
<gc-start id="1981" type="partial gc" contextid="1980" timestamp="2019-07-07T05:37:48.947">
  <mem-info id="1982" free="12582912" total="69206016" percent="18">
    <mem type="eden" free="1048552" total="24117248" percent="4" />
    <remembered-set count="101696" freebytes="2355712" totalbytes="2762496" percent="85" regionsoverflowed="0" regionsstable="0" regionsrebuilding="5"/>
  </mem-info>
</gc-start>
<allocation-stats totalBytes="23052432" >
  <allocated-bytes non-tlh="0" tlh="23052432" arrayletleaf="0"/>
  <largest-consumer threadName="main" threadId="000000000202A700" bytes="11526400" />
</allocation-stats>
<gc-op id="1983" type="copy forward" timems="4.389" contextid="1980" timestamp="2019-07-07T05:37:48.952">
  <memory-copied type="eden" objects="1" bytes="24" bytesdiscarded="0" />
  <memory-copied type="other" objects="21035" bytes="894728" bytesdiscarded="114880" />
  <memory-cardclean objects="92858" bytes="2505616" />
  <regions eden="22" other="4" />
  <remembered-set-cleared processed="90109" cleared="15997" durationms="0.463" />
  <finalization candidates="13" enqueued="0" />
  <references type="soft" candidates="49" cleared="0" enqueued="0" dynamicThreshold="11" maxThreshold="32" />
  <references type="weak" candidates="263" cleared="0" enqueued="0" />
  <references type="phantom" candidates="76" cleared="0" enqueued="0" />
  <stringconstants candidates="13646" cleared="0"  />
</gc-op>
<gc-op id="1984" type="classunload" timems="0.005" contextid="1980" timestamp="2019-07-07T05:37:48.952">
  <classunload-info classloadercandidates="54" classloadersunloaded="0" classesunloaded="0" anonymousclassesunloaded="0" quiescems="0.000" setupms="0.005" scanms="0.000" postms="0.000" />
</gc-op>
<heap-resize id="1985" type="expand" space="default" amount="12582912" count="1" timems="0.078" reason="excessive time being spent in gc" timestamp="2019-07-07T05:37:48.953" />
<gc-end id="1986" type="partial gc" contextid="1980" durationms="5.474" usertimems="16.000" systemtimems="0.000" timestamp="2019-07-07T05:37:48.953" activeThreads="4">
  <mem-info id="1987" free="49283072" total="81788928" percent="60">
    <mem type="eden" free="1048552" total="1048576" percent="99" />
    <remembered-set count="93760" freebytes="2889728" totalbytes="3264768" percent="88" regionsoverflowed="0" regionsstable="0" regionsrebuilding="5"/>
  </mem-info>
</gc-end>
<cycle-end id="1988" type="partial gc" contextid="1980" timestamp="2019-07-07T05:37:48.953" />
  <attribute name="elasticGC enabled" value="1" />
  <attribute name= "numThreadsSpecified" value="4" />
  <attribute name="heapSize specified" value="0" />
  <attribute name="Current GC Util" value="62" />
  <attribute name= "Current Time Running" value="19750" />
  <attribute name ="GC Interval" value="0" />
  <attribute name="ProportionalT" value="21.000000" />
  <attribute name="ProportionalI" value="21.000000" />
  <attribute name="ProportionalH" value="21.000000" />
  <attribute name="Current Error" value="42.000000" />
  <attribute name="IntegralT" value="21.000000" />
  <attribute name="IntegralI" value="21.000000" />
  <attribute name="IntegralH" value="21.000000" />
  <attribute name="DerivativeT" value="41.000000" />
  <attribute name="DerivativeI" value="41.000000" />
  <attribute name="DerivativeH" value="41.000000" />
  <attribute name="Loop Time for DT" value="1.000000" />
  <attribute name="Output H" value="8388608"/>
  <attribute name="Output I" value="200"/>
  <attribute name="Output T" value="4"/>
  <attribute name="Target GC Util Change" value ="20.000000" />
  <attribute name="Current GC Util Change" value="62.000000"/>
  <attribute name="GC Util currently" value="62" />
  <attribute name="CPU Util currently" value="23182223027123" />
<exclusive-end id="1989" timestamp="2019-07-07T05:37:48.953" durationms="6.345" />

<exclusive-start id="1990" timestamp="2019-07-07T05:37:49.187" intervalms="240.698">
  <response-info timems="0.075" idlems="0.075" threads="0" lastid="000000000202A700" lastname="main" />
</exclusive-start>
<allocation-taxation id="1991" taxation-threshold="13631488" timestamp="2019-07-07T05:37:49.188" intervalms="240.730" />
<gc-start id="1992" type="global mark phase" contextid="1969" timestamp="2019-07-07T05:37:49.188">
  <mem-info id="1993" free="35651584" total="81788928" percent="43">
    <remembered-set count="19776" freebytes="3185664" totalbytes="3264768" percent="97" regionsoverflowed="0" regionsstable="8" regionsrebuilding="5"/>
  </mem-info>
</gc-start>
<gc-end id="1994" type="global mark phase" contextid="1969" durationms="0.134" usertimems="0.000" systemtimems="0.000" timestamp="2019-07-07T05:37:49.188" activeThreads="4">
  <mem-info id="1995" free="35651584" total="81788928" percent="43">
    <remembered-set count="19776" freebytes="3185664" totalbytes="3264768" percent="97" regionsoverflowed="0" regionsstable="8" regionsrebuilding="5"/>
  </mem-info>
</gc-end>
<concurrent-start id="1996" type="GMP work packet processing" contextid="1969" timestamp="2019-07-07T05:37:49.188">
  <concurrent-mark-start scanTarget="1785877" />
</concurrent-start>
<concurrent-end id="1997" type="GMP work packet processing" contextid="1969" timestamp="2019-07-07T05:37:49.189">
  <concurrent-mark-end bytesScanned="1830732" reasonForTermination="Work target met" />
</concurrent-end>

<exclusive-end id="1998" timestamp="2019-07-07T05:37:49.189" durationms="1.954" />

<exclusive-start id="1999" timestamp="2019-07-07T05:37:49.251" intervalms="63.191">
  <response-info timems="0.182" idlems="0.182" threads="0" lastid="000000000202A700" lastname="main" />
</exclusive-start>
<allocation-taxation id="2000" taxation-threshold="13631488" timestamp="2019-07-07T05:37:49.251" intervalms="63.159" />
<cycle-start id="2001" type="partial gc" contextid="0" timestamp="2019-07-07T05:37:49.251" intervalms="303.876" />
<gc-start id="2002" type="partial gc" contextid="2001" timestamp="2019-07-07T05:37:49.251">
  <mem-info id="2003" free="22020096" total="81788928" percent="26">
    <mem type="eden" free="1048552" total="28311552" percent="3" />
    <remembered-set count="20288" freebytes="3183616" totalbytes="3264768" percent="97" regionsoverflowed="0" regionsstable="8" regionsrebuilding="5"/>
  </mem-info>
</gc-start>
<allocation-stats totalBytes="27256840" >
  <allocated-bytes non-tlh="0" tlh="27256840" arrayletleaf="0"/>
  <largest-consumer threadName="main" threadId="000000000202A700" bytes="13628392" />
</allocation-stats>
<gc-op id="2004" type="copy forward" timems="1.600" contextid="2001" timestamp="2019-07-07T05:37:49.253">
  <memory-copied type="eden" objects="46" bytes="1904" bytesdiscarded="0" />
  <memory-copied type="other" objects="17" bytes="400" bytesdiscarded="1728" />
  <memory-cardclean objects="127" bytes="13168" />
  <regions eden="26" other="3" />
  <remembered-set-cleared processed="18330" cleared="42" durationms="0.134" />
  <references type="soft" candidates="49" cleared="0" enqueued="0" dynamicThreshold="13" maxThreshold="32" />
  <references type="weak" candidates="148" cleared="0" enqueued="0" />
  <references type="phantom" candidates="76" cleared="0" enqueued="0" />
  <stringconstants candidates="13646" cleared="0"  />
</gc-op>
<gc-op id="2005" type="classunload" timems="0.005" contextid="2001" timestamp="2019-07-07T05:37:49.253">
  <classunload-info classloadercandidates="54" classloadersunloaded="0" classesunloaded="0" anonymousclassesunloaded="0" quiescems="0.000" setupms="0.004" scanms="0.000" postms="0.000" />
</gc-op>
<gc-end id="2006" type="partial gc" contextid="2001" durationms="2.591" usertimems="4.000" systemtimems="0.000" timestamp="2019-07-07T05:37:49.254" activeThreads="4">
  <mem-info id="2007" free="50331648" total="81788928" percent="61">
    <mem type="eden" free="1046672" total="1048576" percent="99" />
    <remembered-set count="20224" freebytes="3183872" totalbytes="3264768" percent="97" regionsoverflowed="0" regionsstable="8" regionsrebuilding="5"/>
  </mem-info>
</gc-end>
<cycle-end id="2008" type="partial gc" contextid="2001" timestamp="2019-07-07T05:37:49.254" />
  <attribute name="elasticGC enabled" value="1" />
  <attribute name= "numThreadsSpecified" value="4" />
  <attribute name="heapSize specified" value="0" />
  <attribute name="Current GC Util" value="46" />
  <attribute name= "Current Time Running" value="20054" />
  <attribute name ="GC Interval" value="0" />
  <attribute name="ProportionalT" value="13.000000" />
  <attribute name="ProportionalI" value="13.000000" />
  <attribute name="ProportionalH" value="13.000000" />
  <attribute name="Current Error" value="26.000000" />
  <attribute name="IntegralT" value="13.000000" />
  <attribute name="IntegralI" value="13.000000" />
  <attribute name="IntegralH" value="13.000000" />
  <attribute name="DerivativeT" value="26.000000" />
  <attribute name="DerivativeI" value="26.000000" />
  <attribute name="DerivativeH" value="26.000000" />
  <attribute name="Loop Time for DT" value="1.000000" />
  <attribute name="Output H" value="8388608"/>
  <attribute name="Output I" value="200"/>
  <attribute name="Output T" value="4"/>
  <attribute name="Target GC Util Change" value ="20.000000" />
  <attribute name="Current GC Util Change" value="46.000000"/>
  <attribute name="GC Util currently" value="46" />
  <attribute name="CPU Util currently" value="16901723605293" />
<exclusive-end id="2009" timestamp="2019-07-07T05:37:49.254" durationms="3.436" />

<exclusive-start id="2010" timestamp="2019-07-07T05:37:49.264" intervalms="13.810">
  <response-info timems="0.036" idlems="0.036" threads="0" lastid="000000000202A700" lastname="main" />
</exclusive-start>
<allocation-taxation id="2011" taxation-threshold="13631488" timestamp="2019-07-07T05:37:49.265" intervalms="13.824" />
<gc-start id="2012" type="global mark phase" contextid="1969" timestamp="2019-07-07T05:37:49.265">
  <mem-info id="2013" free="36700160" total="81788928" percent="44">
    <remembered-set count="19776" freebytes="3185664" totalbytes="3264768" percent="97" regionsoverflowed="0" regionsstable="8" regionsrebuilding="5"/>
  </mem-info>
</gc-start>
<gc-end id="2014" type="global mark phase" contextid="1969" durationms="0.086" usertimems="0.000" systemtimems="0.000" timestamp="2019-07-07T05:37:49.265" activeThreads="4">
  <mem-info id="2015" free="36700160" total="81788928" percent="44">
    <remembered-set count="19776" freebytes="3185664" totalbytes="3264768" percent="97" regionsoverflowed="0" regionsstable="8" regionsrebuilding="5"/>
  </mem-info>
</gc-end>
<concurrent-start id="2016" type="GMP work packet processing" contextid="1969" timestamp="2019-07-07T05:37:49.265">
  <concurrent-mark-start scanTarget="1785877" />
</concurrent-start>
<concurrent-end id="2017" type="GMP work packet processing" contextid="1969" timestamp="2019-07-07T05:37:49.266">
  <concurrent-mark-end bytesScanned="1814624" reasonForTermination="Work target met" />
</concurrent-end>

<exclusive-end id="2018" timestamp="2019-07-07T05:37:49.266" durationms="1.752" />

<exclusive-start id="2019" timestamp="2019-07-07T05:37:49.276" intervalms="11.781">
  <response-info timems="0.119" idlems="0.119" threads="0" lastid="000000000202A700" lastname="main" />
</exclusive-start>
<allocation-taxation id="2020" taxation-threshold="13631488" timestamp="2019-07-07T05:37:49.276" intervalms="11.747" />
<cycle-start id="2021" type="partial gc" contextid="0" timestamp="2019-07-07T05:37:49.276" intervalms="25.575" />
<gc-start id="2022" type="partial gc" contextid="2021" timestamp="2019-07-07T05:37:49.277">
  <mem-info id="2023" free="23068672" total="81788928" percent="28">
    <mem type="eden" free="0" total="27262976" percent="0" />
    <remembered-set count="21504" freebytes="3178752" totalbytes="3264768" percent="97" regionsoverflowed="0" regionsstable="8" regionsrebuilding="5"/>
  </mem-info>
</gc-start>
<allocation-stats totalBytes="27221656" >
  <allocated-bytes non-tlh="0" tlh="27221656" arrayletleaf="0"/>
  <largest-consumer threadName="main" threadId="000000000202A700" bytes="13606960" />
</allocation-stats>
<gc-op id="2024" type="copy forward" timems="1.220" contextid="2021" timestamp="2019-07-07T05:37:49.279">
  <memory-copied type="eden" objects="3" bytes="72" bytesdiscarded="0" />
  <memory-copied type="other" objects="51" bytes="2016" bytesdiscarded="0" />
  <memory-cardclean objects="82" bytes="11816" />
  <regions eden="26" other="2" />
  <remembered-set-cleared processed="20064" cleared="31" durationms="0.246" />
  <references type="weak" candidates="14" cleared="0" enqueued="0" />
  <stringconstants candidates="13646" cleared="0"  />
</gc-op>
<gc-op id="2025" type="classunload" timems="0.003" contextid="2021" timestamp="2019-07-07T05:37:49.279">
  <classunload-info classloadercandidates="54" classloadersunloaded="0" classesunloaded="0" anonymousclassesunloaded="0" quiescems="0.000" setupms="0.003" scanms="0.000" postms="0.000" />
</gc-op>
<gc-end id="2026" type="partial gc" contextid="2021" durationms="2.135" usertimems="4.000" systemtimems="0.000" timestamp="2019-07-07T05:37:49.279" activeThreads="1">
  <mem-info id="2027" free="49283072" total="81788928" percent="60">
    <mem type="eden" free="1048504" total="1048576" percent="99" />
    <remembered-set count="21664" freebytes="3178112" totalbytes="3264768" percent="97" regionsoverflowed="0" regionsstable="8" regionsrebuilding="5"/>
  </mem-info>
</gc-end>
<cycle-end id="2028" type="partial gc" contextid="2021" timestamp="2019-07-07T05:37:49.279" />
  <attribute name="elasticGC enabled" value="1" />
  <attribute name= "numThreadsSpecified" value="1" />
  <attribute name="heapSize specified" value="0" />
  <attribute name="Current GC Util" value="54" />
  <attribute name= "Current Time Running" value="20079" />
  <attribute name ="GC Interval" value="0" />
  <attribute name="ProportionalT" value="17.000000" />
  <attribute name="ProportionalI" value="17.000000" />
  <attribute name="ProportionalH" value="17.000000" />
  <attribute name="Current Error" value="34.000000" />
  <attribute name="IntegralT" value="0.000000" />
  <attribute name="IntegralI" value="0.000000" />
  <attribute name="IntegralH" value="0.000000" />
  <attribute name="DerivativeT" value="inf" />
  <attribute name="DerivativeI" value="inf" />
  <attribute name="DerivativeH" value="inf" />
  <attribute name="Loop Time for DT" value="0.000000" />
  <attribute name="Output H" value="8388608"/>
  <attribute name="Output I" value="200"/>
  <attribute name="Output T" value="1"/>
  <attribute name="Target GC Util Change" value ="20.000000" />
  <attribute name="Current GC Util Change" value="54.000000"/>
  <attribute name="GC Util currently" value="54" />
  <attribute name="CPU Util currently" value="17374068946150" />
<exclusive-end id="2029" timestamp="2019-07-07T05:37:49.279" durationms="2.910" />

<exclusive-start id="2030" timestamp="2019-07-07T05:37:49.288" intervalms="11.545">
  <response-info timems="0.090" idlems="0.090" threads="0" lastid="000000000202A700" lastname="main" />
</exclusive-start>
<allocation-taxation id="2031" taxation-threshold="13631488" timestamp="2019-07-07T05:37:49.288" intervalms="11.522" />
<gc-start id="2032" type="global mark phase" contextid="1969" timestamp="2019-07-07T05:37:49.288">
  <mem-info id="2033" free="35651584" total="81788928" percent="43">
    <remembered-set count="21440" freebytes="3179008" totalbytes="3264768" percent="97" regionsoverflowed="0" regionsstable="8" regionsrebuilding="5"/>
  </mem-info>
</gc-start>
<gc-end id="2034" type="global mark phase" contextid="1969" durationms="0.095" usertimems="0.000" systemtimems="0.000" timestamp="2019-07-07T05:37:49.288" activeThreads="1">
  <mem-info id="2035" free="35651584" total="81788928" percent="43">
    <remembered-set count="21440" freebytes="3179008" totalbytes="3264768" percent="97" regionsoverflowed="0" regionsstable="8" regionsrebuilding="5"/>
  </mem-info>
</gc-end>
<concurrent-start id="2036" type="GMP work packet processing" contextid="1969" timestamp="2019-07-07T05:37:49.288">
  <concurrent-mark-start scanTarget="1048576" />
</concurrent-start>
<concurrent-end id="2037" type="GMP work packet processing" contextid="1969" timestamp="2019-07-07T05:37:49.290">
  <concurrent-mark-end bytesScanned="1060584" reasonForTermination="Work target met" />
</concurrent-end>

<exclusive-end id="2038" timestamp="2019-07-07T05:37:49.290" durationms="2.008" />

<exclusive-start id="2039" timestamp="2019-07-07T05:37:49.298" intervalms="10.510">
  <response-info timems="0.135" idlems="0.135" threads="0" lastid="000000000202A700" lastname="main" />
</exclusive-start>
<allocation-taxation id="2040" taxation-threshold="13631488" timestamp="2019-07-07T05:37:49.298" intervalms="10.524" />
<cycle-start id="2041" type="partial gc" contextid="0" timestamp="2019-07-07T05:37:49.299" intervalms="22.038" />
<gc-start id="2042" type="partial gc" contextid="2041" timestamp="2019-07-07T05:37:49.299">
  <mem-info id="2043" free="22020096" total="81788928" percent="26">
    <mem type="eden" free="1048504" total="28311552" percent="3" />
    <remembered-set count="21728" freebytes="3177856" totalbytes="3264768" percent="97" regionsoverflowed="0" regionsstable="8" regionsrebuilding="5"/>
  </mem-info>
</gc-start>
<allocation-stats totalBytes="27214616" >
  <allocated-bytes non-tlh="0" tlh="27214616" arrayletleaf="0"/>
  <largest-consumer threadName="main" threadId="000000000202A700" bytes="13607256" />
</allocation-stats>
<gc-op id="2044" type="copy forward" timems="1.162" contextid="2041" timestamp="2019-07-07T05:37:49.301">
  <memory-copied type="eden" objects="4" bytes="104" bytesdiscarded="0" />
  <memory-copied type="other" objects="7" bytes="160" bytesdiscarded="0" />
  <memory-cardclean objects="35" bytes="1392" />
  <regions eden="26" other="2" />
  <remembered-set-cleared processed="20370" cleared="10" durationms="0.246" />
  <stringconstants candidates="13646" cleared="0"  />
</gc-op>
<gc-op id="2045" type="classunload" timems="0.003" contextid="2041" timestamp="2019-07-07T05:37:49.301">
  <classunload-info classloadercandidates="54" classloadersunloaded="0" classesunloaded="0" anonymousclassesunloaded="0" quiescems="0.000" setupms="0.003" scanms="0.000" postms="0.000" />
</gc-op>
<gc-end id="2046" type="partial gc" contextid="2041" durationms="2.069" usertimems="0.000" systemtimems="0.000" timestamp="2019-07-07T05:37:49.301" activeThreads="1">
  <mem-info id="2047" free="49283072" total="81788928" percent="60">
    <mem type="eden" free="1048472" total="1048576" percent="99" />
    <remembered-set count="22048" freebytes="3176576" totalbytes="3264768" percent="97" regionsoverflowed="0" regionsstable="8" regionsrebuilding="5"/>
  </mem-info>
</gc-end>
<cycle-end id="2048" type="partial gc" contextid="2041" timestamp="2019-07-07T05:37:49.301" />
  <attribute name="elasticGC enabled" value="1" />
  <attribute name= "numThreadsSpecified" value="1" />
  <attribute name="heapSize specified" value="0" />
  <attribute name="Current GC Util" value="77" />
  <attribute name= "Current Time Running" value="20101" />
  <attribute name ="GC Interval" value="0" />
  <attribute name="ProportionalT" value="28.500000" />
  <attribute name="ProportionalI" value="28.500000" />
  <attribute name="ProportionalH" value="28.500000" />
  <attribute name="Current Error" value="57.000000" />
  <attribute name="IntegralT" value="0.000000" />
  <attribute name="IntegralI" value="0.000000" />
  <attribute name="IntegralH" value="0.000000" />
  <attribute name="DerivativeT" value="inf" />
  <attribute name="DerivativeI" value="inf" />
  <attribute name="DerivativeH" value="inf" />
  <attribute name="Loop Time for DT" value="0.000000" />
  <attribute name="Output H" value="8388608"/>
  <attribute name="Output I" value="200"/>
  <attribute name="Output T" value="1"/>
  <attribute name="Target GC Util Change" value ="20.000000" />
  <attribute name="Current GC Util Change" value="77.000000"/>
  <attribute name="GC Util currently" value="77" />
  <attribute name="CPU Util currently" value="18084617580220" />
<exclusive-end id="2049" timestamp="2019-07-07T05:37:49.301" durationms="2.796" />

<exclusive-start id="2050" timestamp="2019-07-07T05:37:49.310" intervalms="11.212">
  <response-info timems="0.074" idlems="0.074" threads="0" lastid="000000000202A700" lastname="main" />
</exclusive-start>
<allocation-taxation id="2051" taxation-threshold="13631488" timestamp="2019-07-07T05:37:49.310" intervalms="11.211" />
<gc-start id="2052" type="global mark phase" contextid="1969" timestamp="2019-07-07T05:37:49.310">
  <mem-info id="2053" free="35651584" total="81788928" percent="43">
    <remembered-set count="21696" freebytes="3177984" totalbytes="3264768" percent="97" regionsoverflowed="0" regionsstable="8" regionsrebuilding="5"/>
  </mem-info>
</gc-start>
<gc-end id="2054" type="global mark phase" contextid="1969" durationms="0.087" usertimems="0.000" systemtimems="0.000" timestamp="2019-07-07T05:37:49.310" activeThreads="1">
  <mem-info id="2055" free="35651584" total="81788928" percent="43">
    <remembered-set count="21696" freebytes="3177984" totalbytes="3264768" percent="97" regionsoverflowed="0" regionsstable="8" regionsrebuilding="5"/>
  </mem-info>
</gc-end>
<concurrent-start id="2056" type="GMP work packet processing" contextid="1969" timestamp="2019-07-07T05:37:49.310">
  <concurrent-mark-start scanTarget="1048576" />
</concurrent-start>
<exclusive-end id="2057" timestamp="2019-07-07T05:37:49.311" durationms="1.239" />

<concurrent-end id="2058" type="GMP work packet processing" contextid="1969" timestamp="2019-07-07T05:37:49.311">
  <concurrent-mark-end bytesScanned="1026516" reasonForTermination="Completed all work in GC phase" />
</concurrent-end>

<exclusive-start id="2059" timestamp="2019-07-07T05:37:49.319" intervalms="9.730">
  <response-info timems="0.079" idlems="0.079" threads="0" lastid="000000000202A700" lastname="main" />
</exclusive-start>
<allocation-taxation id="2060" taxation-threshold="13631488" timestamp="2019-07-07T05:37:49.319" intervalms="9.716" />
<cycle-start id="2061" type="partial gc" contextid="0" timestamp="2019-07-07T05:37:49.319" intervalms="20.929" />
<gc-start id="2062" type="partial gc" contextid="2061" timestamp="2019-07-07T05:37:49.320">
  <mem-info id="2063" free="22020096" total="81788928" percent="26">
    <mem type="eden" free="1048472" total="28311552" percent="3" />
    <remembered-set count="23776" freebytes="3169664" totalbytes="3264768" percent="97" regionsoverflowed="0" regionsstable="8" regionsrebuilding="5"/>
  </mem-info>
</gc-start>
<allocation-stats totalBytes="27215008" >
  <allocated-bytes non-tlh="0" tlh="27215008" arrayletleaf="0"/>
  <largest-consumer threadName="main" threadId="000000000202A700" bytes="13606960" />
</allocation-stats>
<gc-op id="2064" type="copy forward" timems="1.124" contextid="2061" timestamp="2019-07-07T05:37:49.321">
  <memory-copied type="eden" objects="3" bytes="72" bytesdiscarded="0" />
  <memory-copied type="other" objects="8" bytes="680" bytesdiscarded="0" />
  <memory-cardclean objects="36" bytes="1480" />
  <regions eden="26" other="2" />
  <remembered-set-cleared processed="21963" cleared="14" durationms="0.256" />
  <stringconstants candidates="13646" cleared="0"  />
</gc-op>
<gc-op id="2065" type="classunload" timems="0.004" contextid="2061" timestamp="2019-07-07T05:37:49.322">
  <classunload-info classloadercandidates="54" classloadersunloaded="0" classesunloaded="0" anonymousclassesunloaded="0" quiescems="0.000" setupms="0.004" scanms="0.000" postms="0.000" />
</gc-op>
<gc-end id="2066" type="partial gc" contextid="2061" durationms="1.997" usertimems="4.000" systemtimems="0.000" timestamp="2019-07-07T05:37:49.322" activeThreads="1">
  <mem-info id="2067" free="49283072" total="81788928" percent="60">
    <mem type="eden" free="1048504" total="1048576" percent="99" />
    <remembered-set count="24128" freebytes="3168256" totalbytes="3264768" percent="97" regionsoverflowed="0" regionsstable="8" regionsrebuilding="5"/>
  </mem-info>
</gc-end>
<cycle-end id="2068" type="partial gc" contextid="2061" timestamp="2019-07-07T05:37:49.322" />
  <attribute name="elasticGC enabled" value="1" />
  <attribute name= "numThreadsSpecified" value="1" />
  <attribute name="heapSize specified" value="0" />
  <attribute name="Current GC Util" value="59" />
  <attribute name= "Current Time Running" value="20122" />
  <attribute name ="GC Interval" value="0" />
  <attribute name="ProportionalT" value="19.500000" />
  <attribute name="ProportionalI" value="19.500000" />
  <attribute name="ProportionalH" value="19.500000" />
  <attribute name="Current Error" value="39.000000" />
  <attribute name="IntegralT" value="0.000000" />
  <attribute name="IntegralI" value="0.000000" />
  <attribute name="IntegralH" value="0.000000" />
  <attribute name="DerivativeT" value="inf" />
  <attribute name="DerivativeI" value="inf" />
  <attribute name="DerivativeH" value="inf" />
  <attribute name="Loop Time for DT" value="0.000000" />
  <attribute name="Output H" value="8388608"/>
  <attribute name="Output I" value="200"/>
  <attribute name="Output T" value="1"/>
  <attribute name="Target GC Util Change" value ="20.000000" />
  <attribute name="Current GC Util Change" value="59.000000"/>
  <attribute name="GC Util currently" value="59" />
  <attribute name="CPU Util currently" value="20892125463529" />
<exclusive-end id="2069" timestamp="2019-07-07T05:37:49.322" durationms="2.624" />

<exclusive-start id="2070" timestamp="2019-07-07T05:37:49.330" intervalms="10.963">
  <response-info timems="0.029" idlems="0.029" threads="0" lastid="000000000202A700" lastname="main" />
</exclusive-start>
<allocation-taxation id="2071" taxation-threshold="13631488" timestamp="2019-07-07T05:37:49.330" intervalms="10.919" />
<gc-start id="2072" type="global mark phase" contextid="1969" timestamp="2019-07-07T05:37:49.330">
  <mem-info id="2073" free="35651584" total="81788928" percent="43">
    <remembered-set count="23744" freebytes="3169792" totalbytes="3264768" percent="97" regionsoverflowed="0" regionsstable="8" regionsrebuilding="5"/>
  </mem-info>
</gc-start>
<gc-op id="2074" type="mark increment" timems="3.322" contextid="1969" timestamp="2019-07-07T05:37:49.334">
  <trace-info objectcount="47" scancount="46" scanbytes="116004" />
  <cardclean-info objects="188106" bytes="4071348" />
  <finalization candidates="80" enqueued="0" />
  <ownableSynchronizers candidates="22" cleared="0" />
  <references type="soft" candidates="3576" cleared="0" enqueued="0" dynamicThreshold="19" maxThreshold="32" />
  <references type="weak" candidates="5611" cleared="0" enqueued="0" />
  <references type="phantom" candidates="101" cleared="0" enqueued="0" />
  <stringconstants candidates="13646" cleared="0"  />
</gc-op>
<gc-op id="2075" type="classunload" timems="0.006" contextid="1969" timestamp="2019-07-07T05:37:49.334">
  <classunload-info classloadercandidates="54" classloadersunloaded="0" classesunloaded="0" anonymousclassesunloaded="0" quiescems="0.000" setupms="0.006" scanms="0.000" postms="0.000" />
</gc-op>
<gc-end id="2076" type="global mark phase" contextid="1969" durationms="3.638" usertimems="4.000" systemtimems="4.000" timestamp="2019-07-07T05:37:49.334" activeThreads="4">
  <mem-info id="2077" free="35651584" total="81788928" percent="43">
    <remembered-set count="26816" freebytes="3157504" totalbytes="3264768" percent="96" regionsoverflowed="0" regionsstable="8" regionsrebuilding="0"/>
  </mem-info>
</gc-end>
<cycle-end id="2078" type="global mark phase" contextid="1969" timestamp="2019-07-07T05:37:49.334" />
  <attribute name="elasticGC enabled" value="1" />
  <attribute name= "numThreadsSpecified" value="4" />
  <attribute name="heapSize specified" value="0" />
  <attribute name="Current GC Util" value="70" />
  <attribute name= "Current Time Running" value="20135" />
  <attribute name ="GC Interval" value="0" />
  <attribute name="ProportionalT" value="25.000000" />
  <attribute name="ProportionalI" value="25.000000" />
  <attribute name="ProportionalH" value="25.000000" />
  <attribute name="Current Error" value="50.000000" />
  <attribute name="IntegralT" value="0.000000" />
  <attribute name="IntegralI" value="0.000000" />
  <attribute name="IntegralH" value="0.000000" />
  <attribute name="DerivativeT" value="-inf" />
  <attribute name="DerivativeI" value="-inf" />
  <attribute name="DerivativeH" value="-inf" />
  <attribute name="Loop Time for DT" value="0.000000" />
  <attribute name="Output H" value="2091843584"/>
  <attribute name="Output I" value="200"/>
  <attribute name="Output T" value="4"/>
  <attribute name="Target GC Util Change" value ="20.000000" />
  <attribute name="Current GC Util Change" value="70.000000"/>
  <attribute name="GC Util currently" value="70" />
  <attribute name="CPU Util currently" value="16251893271429" />
<exclusive-end id="2079" timestamp="2019-07-07T05:37:49.334" durationms="4.074" />

<exclusive-start id="2080" timestamp="2019-07-07T05:37:49.343" intervalms="12.471">
  <response-info timems="0.071" idlems="0.071" threads="0" lastid="000000000202A700" lastname="main" />
</exclusive-start>
<allocation-taxation id="2081" taxation-threshold="13631488" timestamp="2019-07-07T05:37:49.343" intervalms="12.506" />
<cycle-start id="2082" type="partial gc" contextid="0" timestamp="2019-07-07T05:37:49.343" intervalms="23.424" />
<gc-start id="2083" type="partial gc" contextid="2082" timestamp="2019-07-07T05:37:49.343">
  <mem-info id="2084" free="22020096" total="81788928" percent="26">
    <mem type="eden" free="1048504" total="28311552" percent="3" />
    <remembered-set count="14496" freebytes="3206784" totalbytes="3264768" percent="98" regionsoverflowed="0" regionsstable="13" regionsrebuilding="0"/>
  </mem-info>
</gc-start>
<allocation-stats totalBytes="27214616" >
  <allocated-bytes non-tlh="0" tlh="27214616" arrayletleaf="0"/>
  <largest-consumer threadName="main" threadId="000000000202A700" bytes="13607256" />
</allocation-stats>
<gc-op id="2085" type="sweep" timems="0.617" contextid="2082" timestamp="2019-07-07T05:37:49.344" />
<gc-op id="2086" type="copy forward" timems="1.350" contextid="2082" timestamp="2019-07-07T05:37:49.346">
  <memory-copied type="eden" objects="4" bytes="104" bytesdiscarded="0" />
  <memory-copied type="other" objects="0" bytes="0" bytesdiscarded="0" />
  <memory-cardclean objects="12" bytes="432" />
  <regions eden="13" other="1" />
  <remembered-set-cleared processed="12594" cleared="1" durationms="0.133" />
  <stringconstants candidates="13646" cleared="0"  />
</gc-op>
<gc-op id="2087" type="classunload" timems="0.003" contextid="2082" timestamp="2019-07-07T05:37:49.346">
  <classunload-info classloadercandidates="54" classloadersunloaded="0" classesunloaded="0" anonymousclassesunloaded="0" quiescems="0.000" setupms="0.003" scanms="0.000" postms="0.000" />
</gc-op>
<gc-end id="2088" type="partial gc" contextid="2082" durationms="3.093" usertimems="4.000" systemtimems="0.000" timestamp="2019-07-07T05:37:49.346" activeThreads="4">
  <mem-info id="2089" free="49283072" total="81788928" percent="60">
    <mem type="eden" free="1048472" total="1048576" percent="99" />
    <remembered-set count="13824" freebytes="3209472" totalbytes="3264768" percent="98" regionsoverflowed="0" regionsstable="13" regionsrebuilding="0"/>
  </mem-info>
</gc-end>
<cycle-end id="2090" type="partial gc" contextid="2082" timestamp="2019-07-07T05:37:49.346" />
  <attribute name="elasticGC enabled" value="1" />
  <attribute name= "numThreadsSpecified" value="4" />
  <attribute name="heapSize specified" value="0" />
  <attribute name="Current GC Util" value="71" />
  <attribute name= "Current Time Running" value="20146" />
  <attribute name ="GC Interval" value="0" />
  <attribute name="ProportionalT" value="25.500000" />
  <attribute name="ProportionalI" value="25.500000" />
  <attribute name="ProportionalH" value="25.500000" />
  <attribute name="Current Error" value="51.000000" />
  <attribute name="IntegralT" value="0.000000" />
  <attribute name="IntegralI" value="0.000000" />
  <attribute name="IntegralH" value="0.000000" />
  <attribute name="DerivativeT" value="-inf" />
  <attribute name="DerivativeI" value="-inf" />
  <attribute name="DerivativeH" value="-inf" />
  <attribute name="Loop Time for DT" value="0.000000" />
  <attribute name="Output H" value="2091843584"/>
  <attribute name="Output I" value="200"/>
  <attribute name="Output T" value="4"/>
  <attribute name="Target GC Util Change" value ="20.000000" />
  <attribute name="Current GC Util Change" value="71.000000"/>
  <attribute name="GC Util currently" value="71" />
  <attribute name="CPU Util currently" value="20857447774898" />
<exclusive-end id="2091" timestamp="2019-07-07T05:37:49.346" durationms="3.764" />

<exclusive-start id="2092" timestamp="2019-07-07T05:37:49.363" intervalms="20.372">
  <response-info timems="0.091" idlems="0.091" threads="0" lastid="000000000202A700" lastname="main" />
</exclusive-start>
<allocation-taxation id="2093" taxation-threshold="27262976" timestamp="2019-07-07T05:37:49.363" intervalms="20.412" />
<cycle-start id="2094" type="partial gc" contextid="0" timestamp="2019-07-07T05:37:49.363" intervalms="20.425" />
<gc-start id="2095" type="partial gc" contextid="2094" timestamp="2019-07-07T05:37:49.364">
  <mem-info id="2096" free="22020096" total="81788928" percent="26">
    <mem type="eden" free="1048472" total="28311552" percent="3" />
    <remembered-set count="13344" freebytes="3211392" totalbytes="3264768" percent="98" regionsoverflowed="0" regionsstable="13" regionsrebuilding="0"/>
  </mem-info>
</gc-start>
<allocation-stats totalBytes="27215008" >
  <allocated-bytes non-tlh="0" tlh="27215008" arrayletleaf="0"/>
  <largest-consumer threadName="main" threadId="000000000202A700" bytes="27215008" />
</allocation-stats>
<gc-op id="2097" type="copy forward" timems="0.957" contextid="2094" timestamp="2019-07-07T05:37:49.365">
  <memory-copied type="eden" objects="3" bytes="72" bytesdiscarded="0" />
  <memory-copied type="other" objects="22" bytes="1000" bytesdiscarded="0" />
  <memory-cardclean objects="58" bytes="2400" />
  <regions eden="26" other="4" />
  <remembered-set-cleared processed="12588" cleared="20" durationms="0.198" />
  <stringconstants candidates="13646" cleared="0"  />
</gc-op>
<gc-op id="2098" type="classunload" timems="0.003" contextid="2094" timestamp="2019-07-07T05:37:49.365">
  <classunload-info classloadercandidates="54" classloadersunloaded="0" classesunloaded="0" anonymousclassesunloaded="0" quiescems="0.000" setupms="0.003" scanms="0.000" postms="0.000" />
</gc-op>
<heap-resize id="2099" type="contract" space="default" amount="1048576" count="1" timems="0.046" reason="excess free space following gc" timestamp="2019-07-07T05:37:49.365" />
<gc-end id="2100" type="partial gc" contextid="2094" durationms="2.014" usertimems="4.000" systemtimems="0.000" timestamp="2019-07-07T05:37:49.366" activeThreads="1">
  <mem-info id="2101" free="49283072" total="80740352" percent="61">
    <mem type="eden" free="1048504" total="1048576" percent="99" />
    <remembered-set count="13632" freebytes="3210240" totalbytes="3264768" percent="98" regionsoverflowed="0" regionsstable="13" regionsrebuilding="0"/>
  </mem-info>
</gc-end>
<cycle-end id="2102" type="partial gc" contextid="2094" timestamp="2019-07-07T05:37:49.366" />
  <attribute name="elasticGC enabled" value="1" />
  <attribute name= "numThreadsSpecified" value="1" />
  <attribute name="heapSize specified" value="0" />
  <attribute name="Current GC Util" value="71" />
  <attribute name= "Current Time Running" value="20166" />
  <attribute name ="GC Interval" value="0" />
  <attribute name="ProportionalT" value="25.500000" />
  <attribute name="ProportionalI" value="25.500000" />
  <attribute name="ProportionalH" value="25.500000" />
  <attribute name="Current Error" value="51.000000" />
  <attribute name="IntegralT" value="0.000000" />
  <attribute name="IntegralI" value="0.000000" />
  <attribute name="IntegralH" value="0.000000" />
  <attribute name="DerivativeT" value="inf" />
  <attribute name="DerivativeI" value="inf" />
  <attribute name="DerivativeH" value="inf" />
  <attribute name="Loop Time for DT" value="0.000000" />
  <attribute name="Output H" value="8388608"/>
  <attribute name="Output I" value="200"/>
  <attribute name="Output T" value="1"/>
  <attribute name="Target GC Util Change" value ="20.000000" />
  <attribute name="Current GC Util Change" value="71.000000"/>
  <attribute name="GC Util currently" value="71" />
  <attribute name="CPU Util currently" value="20868396120037" />
<exclusive-end id="2103" timestamp="2019-07-07T05:37:49.366" durationms="2.785" />

<exclusive-start id="2104" timestamp="2019-07-07T05:37:49.383" intervalms="19.684">
  <response-info timems="0.081" idlems="0.081" threads="0" lastid="000000000202A700" lastname="main" />
</exclusive-start>
<allocation-taxation id="2105" taxation-threshold="27262976" timestamp="2019-07-07T05:37:49.383" intervalms="19.663" />
<cycle-start id="2106" type="partial gc" contextid="0" timestamp="2019-07-07T05:37:49.383" intervalms="19.655" />
<gc-start id="2107" type="partial gc" contextid="2106" timestamp="2019-07-07T05:37:49.383">
  <mem-info id="2108" free="22020096" total="80740352" percent="27">
    <mem type="eden" free="1048504" total="28311552" percent="3" />
    <remembered-set count="13344" freebytes="3211392" totalbytes="3264768" percent="98" regionsoverflowed="0" regionsstable="13" regionsrebuilding="0"/>
  </mem-info>
</gc-start>
<allocation-stats totalBytes="27214616" >
  <allocated-bytes non-tlh="0" tlh="27214616" arrayletleaf="0"/>
  <largest-consumer threadName="main" threadId="000000000202A700" bytes="27214616" />
</allocation-stats>
<gc-op id="2109" type="copy forward" timems="1.069" contextid="2106" timestamp="2019-07-07T05:37:49.385">
  <memory-copied type="eden" objects="4" bytes="104" bytesdiscarded="0" />
  <memory-copied type="other" objects="15" bytes="368" bytesdiscarded="904" />
  <memory-cardclean objects="63" bytes="2464" />
  <regions eden="26" other="3" />
  <remembered-set-cleared processed="12586" cleared="17" durationms="0.124" />
  <stringconstants candidates="13646" cleared="0"  />
</gc-op>
<gc-op id="2110" type="classunload" timems="0.004" contextid="2106" timestamp="2019-07-07T05:37:49.385">
  <classunload-info classloadercandidates="54" classloadersunloaded="0" classesunloaded="0" anonymousclassesunloaded="0" quiescems="0.000" setupms="0.003" scanms="0.000" postms="0.000" />
</gc-op>
<heap-resize id="2111" type="contract" space="default" amount="2097152" count="1" timems="0.047" reason="excess free space following gc" timestamp="2019-07-07T05:37:49.385" />
<gc-end id="2112" type="partial gc" contextid="2106" durationms="2.270" usertimems="4.000" systemtimems="0.000" timestamp="2019-07-07T05:37:49.385" activeThreads="4">
  <mem-info id="2113" free="48234496" total="78643200" percent="61">
    <mem type="eden" free="1048472" total="1048576" percent="99" />
    <remembered-set count="14656" freebytes="3164288" totalbytes="3222912" percent="98" regionsoverflowed="0" regionsstable="13" regionsrebuilding="0"/>
  </mem-info>
</gc-end>
<cycle-end id="2114" type="partial gc" contextid="2106" timestamp="2019-07-07T05:37:49.386" />
  <attribute name="elasticGC enabled" value="1" />
  <attribute name= "numThreadsSpecified" value="4" />
  <attribute name="heapSize specified" value="0" />
  <attribute name="Current GC Util" value="34" />
  <attribute name= "Current Time Running" value="20186" />
  <attribute name ="GC Interval" value="0" />
  <attribute name="ProportionalT" value="7.000000" />
  <attribute name="ProportionalI" value="7.000000" />
  <attribute name="ProportionalH" value="7.000000" />
  <attribute name="Current Error" value="14.000000" />
  <attribute name="IntegralT" value="7.000000" />
  <attribute name="IntegralI" value="7.000000" />
  <attribute name="IntegralH" value="7.000000" />
  <attribute name="DerivativeT" value="14.000000" />
  <attribute name="DerivativeI" value="14.000000" />
  <attribute name="DerivativeH" value="14.000000" />
  <attribute name="Loop Time for DT" value="1.000000" />
  <attribute name="Output H" value="8388608"/>
  <attribute name="Output I" value="200"/>
  <attribute name="Output T" value="4"/>
  <attribute name="Target GC Util Change" value ="20.000000" />
  <attribute name="Current GC Util Change" value="34.000000"/>
  <attribute name="GC Util currently" value="34" />
  <attribute name="CPU Util currently" value="10258905946475" />
<exclusive-end id="2115" timestamp="2019-07-07T05:37:49.386" durationms="2.892" />

<exclusive-start id="2116" timestamp="2019-07-07T05:37:49.402" intervalms="19.210">
  <response-info timems="0.152" idlems="0.152" threads="0" lastid="000000000202A700" lastname="main" />
</exclusive-start>
<allocation-taxation id="2117" taxation-threshold="26214400" timestamp="2019-07-07T05:37:49.402" intervalms="19.220" />
<cycle-start id="2118" type="partial gc" contextid="0" timestamp="2019-07-07T05:37:49.402" intervalms="19.219" />
<gc-start id="2119" type="partial gc" contextid="2118" timestamp="2019-07-07T05:37:49.402">
  <mem-info id="2120" free="22020096" total="78643200" percent="28">
    <mem type="eden" free="1048472" total="27262976" percent="3" />
    <remembered-set count="14208" freebytes="3166080" totalbytes="3222912" percent="98" regionsoverflowed="0" regionsstable="13" regionsrebuilding="0"/>
  </mem-info>
</gc-start>
<allocation-stats totalBytes="26168520" >
  <allocated-bytes non-tlh="0" tlh="26168520" arrayletleaf="0"/>
  <largest-consumer threadName="main" threadId="000000000202A700" bytes="26168520" />
</allocation-stats>
<gc-op id="2121" type="copy forward" timems="0.934" contextid="2118" timestamp="2019-07-07T05:37:49.404">
  <memory-copied type="eden" objects="4" bytes="104" bytesdiscarded="0" />
  <memory-copied type="other" objects="21" bytes="480" bytesdiscarded="96" />
  <memory-cardclean objects="54" bytes="2224" />
  <regions eden="25" other="3" />
  <remembered-set-cleared processed="12585" cleared="15" durationms="0.184" />
  <stringconstants candidates="13646" cleared="0"  />
</gc-op>
<gc-op id="2122" type="classunload" timems="0.003" contextid="2118" timestamp="2019-07-07T05:37:49.404">
  <classunload-info classloadercandidates="54" classloadersunloaded="0" classesunloaded="0" anonymousclassesunloaded="0" quiescems="0.000" setupms="0.003" scanms="0.000" postms="0.000" />
</gc-op>
<heap-resize id="2123" type="contract" space="default" amount="3145728" count="1" timems="0.049" reason="excess free space following gc" timestamp="2019-07-07T05:37:49.404" />
<gc-end id="2124" type="partial gc" contextid="2118" durationms="2.135" usertimems="4.000" systemtimems="0.000" timestamp="2019-07-07T05:37:49.405" activeThreads="1">
  <mem-info id="2125" free="46137344" total="75497472" percent="61">
    <mem type="eden" free="1048472" total="1048576" percent="99" />
    <remembered-set count="13632" freebytes="3084672" totalbytes="3139200" percent="98" regionsoverflowed="0" regionsstable="13" regionsrebuilding="0"/>
  </mem-info>
</gc-end>
<cycle-end id="2126" type="partial gc" contextid="2118" timestamp="2019-07-07T05:37:49.405" />
  <attribute name="elasticGC enabled" value="1" />
  <attribute name= "numThreadsSpecified" value="1" />
  <attribute name="heapSize specified" value="0" />
  <attribute name="Current GC Util" value="34" />
  <attribute name= "Current Time Running" value="20205" />
  <attribute name ="GC Interval" value="0" />
  <attribute name="ProportionalT" value="7.000000" />
  <attribute name="ProportionalI" value="7.000000" />
  <attribute name="ProportionalH" value="7.000000" />
  <attribute name="Current Error" value="14.000000" />
  <attribute name="IntegralT" value="0.000000" />
  <attribute name="IntegralI" value="0.000000" />
  <attribute name="IntegralH" value="0.000000" />
  <attribute name="DerivativeT" value="inf" />
  <attribute name="DerivativeI" value="inf" />
  <attribute name="DerivativeH" value="inf" />
  <attribute name="Loop Time for DT" value="0.000000" />
  <attribute name="Output H" value="8388608"/>
  <attribute name="Output I" value="200"/>
  <attribute name="Output T" value="1"/>
  <attribute name="Target GC Util Change" value ="20.000000" />
  <attribute name="Current GC Util Change" value="34.000000"/>
  <attribute name="GC Util currently" value="34" />
  <attribute name="CPU Util currently" value="10433348242438" />
<exclusive-end id="2127" timestamp="2019-07-07T05:37:49.405" durationms="2.893" />

<exclusive-start id="2128" timestamp="2019-07-07T05:37:49.539" intervalms="137.313">
  <response-info timems="0.033" idlems="0.033" threads="0" lastid="000000000202A700" lastname="main" />
</exclusive-start>
<allocation-taxation id="2129" taxation-threshold="25165824" timestamp="2019-07-07T05:37:49.539" intervalms="137.341" />
<cycle-start id="2130" type="partial gc" contextid="0" timestamp="2019-07-07T05:37:49.540" intervalms="137.346" />
<gc-start id="2131" type="partial gc" contextid="2130" timestamp="2019-07-07T05:37:49.540">
  <mem-info id="2132" free="20971520" total="75497472" percent="27">
    <mem type="eden" free="1048472" total="26214400" percent="3" />
    <remembered-set count="13248" freebytes="3086208" totalbytes="3139200" percent="98" regionsoverflowed="0" regionsstable="13" regionsrebuilding="0"/>
  </mem-info>
</gc-start>
<allocation-stats totalBytes="25134888" >
  <allocated-bytes non-tlh="0" tlh="25134888" arrayletleaf="0"/>
  <largest-consumer threadName="main" threadId="000000000202A700" bytes="25134888" />
</allocation-stats>
<gc-op id="2133" type="copy forward" timems="0.951" contextid="2130" timestamp="2019-07-07T05:37:49.542">
  <memory-copied type="eden" objects="36" bytes="1496" bytesdiscarded="0" />
  <memory-copied type="other" objects="10" bytes="4248" bytesdiscarded="352" />
  <memory-cardclean objects="112" bytes="4392" />
  <regions eden="24" other="3" />
  <remembered-set-cleared processed="12581" cleared="21" durationms="0.182" />
  <stringconstants candidates="13646" cleared="0"  />
</gc-op>
<gc-op id="2134" type="classunload" timems="0.004" contextid="2130" timestamp="2019-07-07T05:37:49.542">
  <classunload-info classloadercandidates="54" classloadersunloaded="0" classesunloaded="0" anonymousclassesunloaded="0" quiescems="0.000" setupms="0.003" scanms="0.000" postms="0.000" />
</gc-op>
<heap-resize id="2135" type="contract" space="default" amount="4194304" count="1" timems="0.119" reason="insufficient time being spent in gc" timestamp="2019-07-07T05:37:49.542" />
<gc-end id="2136" type="partial gc" contextid="2130" durationms="2.204" usertimems="0.000" systemtimems="0.000" timestamp="2019-07-07T05:37:49.542" activeThreads="1">
  <mem-info id="2137" free="42991616" total="71303168" percent="60">
    <mem type="eden" free="1047080" total="1048576" percent="99" />
    <remembered-set count="13568" freebytes="2959360" totalbytes="3013632" percent="98" regionsoverflowed="0" regionsstable="13" regionsrebuilding="0"/>
  </mem-info>
</gc-end>
<cycle-end id="2138" type="partial gc" contextid="2130" timestamp="2019-07-07T05:37:49.542" />
  <attribute name="elasticGC enabled" value="1" />
  <attribute name= "numThreadsSpecified" value="1" />
  <attribute name="heapSize specified" value="0" />
  <attribute name="Current GC Util" value="41" />
  <attribute name= "Current Time Running" value="20342" />
  <attribute name ="GC Interval" value="0" />
  <attribute name="ProportionalT" value="10.500000" />
  <attribute name="ProportionalI" value="10.500000" />
  <attribute name="ProportionalH" value="10.500000" />
  <attribute name="Current Error" value="21.000000" />
  <attribute name="IntegralT" value="0.000000" />
  <attribute name="IntegralI" value="0.000000" />
  <attribute name="IntegralH" value="0.000000" />
  <attribute name="DerivativeT" value="inf" />
  <attribute name="DerivativeI" value="inf" />
  <attribute name="DerivativeH" value="inf" />
  <attribute name="Loop Time for DT" value="0.000000" />
  <attribute name="Output H" value="8388608"/>
  <attribute name="Output I" value="200"/>
  <attribute name="Output T" value="1"/>
  <attribute name="Target GC Util Change" value ="20.000000" />
  <attribute name="Current GC Util Change" value="41.000000"/>
  <attribute name="GC Util currently" value="41" />
  <attribute name="CPU Util currently" value="10834990073456" />
<exclusive-end id="2139" timestamp="2019-07-07T05:37:49.542" durationms="2.968" />

<exclusive-start id="2140" timestamp="2019-07-07T05:37:49.611" intervalms="71.282">
  <response-info timems="0.076" idlems="0.076" threads="0" lastid="000000000202A700" lastname="main" />
</exclusive-start>
<allocation-taxation id="2141" taxation-threshold="24117248" timestamp="2019-07-07T05:37:49.611" intervalms="71.306" />
<cycle-start id="2142" type="partial gc" contextid="0" timestamp="2019-07-07T05:37:49.611" intervalms="71.335" />
<gc-start id="2143" type="partial gc" contextid="2142" timestamp="2019-07-07T05:37:49.611">
  <mem-info id="2144" free="18874368" total="71303168" percent="26">
    <mem type="eden" free="0" total="24117248" percent="0" />
    <remembered-set count="13216" freebytes="2960768" totalbytes="3013632" percent="98" regionsoverflowed="0" regionsstable="13" regionsrebuilding="0"/>
  </mem-info>
</gc-start>
<allocation-stats totalBytes="24091536" >
  <allocated-bytes non-tlh="0" tlh="24091536" arrayletleaf="0"/>
  <largest-consumer threadName="main" threadId="000000000202A700" bytes="24091536" />
</allocation-stats>
<gc-op id="2145" type="copy forward" timems="1.192" contextid="2142" timestamp="2019-07-07T05:37:49.613">
  <memory-copied type="eden" objects="7" bytes="680" bytesdiscarded="0" />
  <memory-copied type="other" objects="56" bytes="1456" bytesdiscarded="1400" />
  <memory-cardclean objects="94" bytes="11904" />
  <regions eden="23" other="2" />
  <remembered-set-cleared processed="12584" cleared="28" durationms="0.127" />
  <references type="weak" candidates="2" cleared="0" enqueued="0" />
  <stringconstants candidates="13646" cleared="0"  />
</gc-op>
<gc-op id="2146" type="classunload" timems="0.003" contextid="2142" timestamp="2019-07-07T05:37:49.613">
  <classunload-info classloadercandidates="54" classloadersunloaded="0" classesunloaded="0" anonymousclassesunloaded="0" quiescems="0.000" setupms="0.003" scanms="0.000" postms="0.000" />
</gc-op>
<heap-resize id="2147" type="contract" space="default" amount="4194304" count="1" timems="0.094" reason="insufficient time being spent in gc" timestamp="2019-07-07T05:37:49.614" />
<gc-end id="2148" type="partial gc" contextid="2142" durationms="2.575" usertimems="8.000" systemtimems="0.000" timestamp="2019-07-07T05:37:49.614" activeThreads="4">
  <mem-info id="2149" free="37748736" total="67108864" percent="56">
    <mem type="eden" free="1047896" total="1048576" percent="99" />
    <remembered-set count="14592" freebytes="2787840" totalbytes="2846208" percent="97" regionsoverflowed="0" regionsstable="13" regionsrebuilding="0"/>
  </mem-info>
</gc-end>
<cycle-end id="2150" type="partial gc" contextid="2142" timestamp="2019-07-07T05:37:49.614" />
  <attribute name="elasticGC enabled" value="1" />
  <attribute name= "numThreadsSpecified" value="4" />
  <attribute name="heapSize specified" value="0" />
  <attribute name="Current GC Util" value="40" />
  <attribute name= "Current Time Running" value="20414" />
  <attribute name ="GC Interval" value="0" />
  <attribute name="ProportionalT" value="10.000000" />
  <attribute name="ProportionalI" value="10.000000" />
  <attribute name="ProportionalH" value="10.000000" />
  <attribute name="Current Error" value="20.000000" />
  <attribute name="IntegralT" value="10.000000" />
  <attribute name="IntegralI" value="10.000000" />
  <attribute name="IntegralH" value="10.000000" />
  <attribute name="DerivativeT" value="20.000000" />
  <attribute name="DerivativeI" value="20.000000" />
  <attribute name="DerivativeH" value="20.000000" />
  <attribute name="Loop Time for DT" value="1.000000" />
  <attribute name="Output H" value="8388608"/>
  <attribute name="Output I" value="200"/>
  <attribute name="Output T" value="4"/>
  <attribute name="Target GC Util Change" value ="20.000000" />
  <attribute name="Current GC Util Change" value="40.000000"/>
  <attribute name="GC Util currently" value="40" />
  <attribute name="CPU Util currently" value="9997108163230" />
<exclusive-end id="2151" timestamp="2019-07-07T05:37:49.614" durationms="3.470" />

<exclusive-start id="2152" timestamp="2019-07-07T05:37:49.658" intervalms="47.442">
  <response-info timems="0.070" idlems="0.070" threads="0" lastid="000000000202A700" lastname="main" />
</exclusive-start>
<allocation-taxation id="2153" taxation-threshold="23068672" timestamp="2019-07-07T05:37:49.658" intervalms="47.432" />
<cycle-start id="2154" type="partial gc" contextid="0" timestamp="2019-07-07T05:37:49.658" intervalms="47.428" />
<gc-start id="2155" type="partial gc" contextid="2154" timestamp="2019-07-07T05:37:49.659">
  <mem-info id="2156" free="14680064" total="67108864" percent="21">
    <mem type="eden" free="1047896" total="24117248" percent="4" />
    <remembered-set count="11488" freebytes="2800256" totalbytes="2846208" percent="98" regionsoverflowed="0" regionsstable="16" regionsrebuilding="0"/>
  </mem-info>
</gc-start>
<allocation-stats totalBytes="23045216" >
  <allocated-bytes non-tlh="0" tlh="23045216" arrayletleaf="0"/>
  <largest-consumer threadName="main" threadId="000000000202A700" bytes="23045216" />
</allocation-stats>
<gc-op id="2157" type="copy forward" timems="1.013" contextid="2154" timestamp="2019-07-07T05:37:49.660">
  <memory-copied type="eden" objects="31" bytes="1760" bytesdiscarded="0" />
  <memory-copied type="other" objects="29" bytes="792" bytesdiscarded="0" />
  <memory-cardclean objects="118" bytes="12864" />
  <regions eden="22" other="2" />
  <remembered-set-cleared processed="10156" cleared="22" durationms="0.203" />
  <references type="weak" candidates="14" cleared="0" enqueued="0" />
  <stringconstants candidates="13646" cleared="0"  />
</gc-op>
<gc-op id="2158" type="classunload" timems="0.004" contextid="2154" timestamp="2019-07-07T05:37:49.661">
  <classunload-info classloadercandidates="54" classloadersunloaded="0" classesunloaded="0" anonymousclassesunloaded="0" quiescems="0.000" setupms="0.003" scanms="0.000" postms="0.000" />
</gc-op>
<heap-resize id="2159" type="contract" space="default" amount="4194304" count="1" timems="0.160" reason="insufficient time being spent in gc" timestamp="2019-07-07T05:37:49.661" />
<gc-end id="2160" type="partial gc" contextid="2154" durationms="2.510" usertimems="0.000" systemtimems="4.000" timestamp="2019-07-07T05:37:49.661" activeThreads="1">
  <mem-info id="2161" free="33554432" total="62914560" percent="53">
    <mem type="eden" free="1046816" total="1048576" percent="99" />
    <remembered-set count="10912" freebytes="2635136" totalbytes="2678784" percent="98" regionsoverflowed="0" regionsstable="16" regionsrebuilding="0"/>
  </mem-info>
</gc-end>
<cycle-end id="2162" type="partial gc" contextid="2154" timestamp="2019-07-07T05:37:49.661" />
  <attribute name="elasticGC enabled" value="1" />
  <attribute name= "numThreadsSpecified" value="1" />
  <attribute name="heapSize specified" value="0" />
  <attribute name="Current GC Util" value="38" />
  <attribute name= "Current Time Running" value="20461" />
  <attribute name ="GC Interval" value="0" />
  <attribute name="ProportionalT" value="9.000000" />
  <attribute name="ProportionalI" value="9.000000" />
  <attribute name="ProportionalH" value="9.000000" />
  <attribute name="Current Error" value="18.000000" />
  <attribute name="IntegralT" value="0.000000" />
  <attribute name="IntegralI" value="0.000000" />
  <attribute name="IntegralH" value="0.000000" />
  <attribute name="DerivativeT" value="inf" />
  <attribute name="DerivativeI" value="inf" />
  <attribute name="DerivativeH" value="inf" />
  <attribute name="Loop Time for DT" value="0.000000" />
  <attribute name="Output H" value="8388608"/>
  <attribute name="Output I" value="200"/>
  <attribute name="Output T" value="1"/>
  <attribute name="Target GC Util Change" value ="20.000000" />
  <attribute name="Current GC Util Change" value="38.000000"/>
  <attribute name="GC Util currently" value="38" />
  <attribute name="CPU Util currently" value="10471703788231" />
<exclusive-end id="2163" timestamp="2019-07-07T05:37:49.661" durationms="3.390" />

<exclusive-start id="2164" timestamp="2019-07-07T05:37:49.672" intervalms="13.965">
  <response-info timems="0.057" idlems="0.057" threads="0" lastid="000000000202A700" lastname="main" />
</exclusive-start>
<allocation-taxation id="2165" taxation-threshold="10485760" timestamp="2019-07-07T05:37:49.672" intervalms="13.930" />
<cycle-start id="2166" type="global mark phase" contextid="0" timestamp="2019-07-07T05:37:49.672" intervalms="758.224" />
<gc-start id="2167" type="global mark phase" contextid="2166" timestamp="2019-07-07T05:37:49.672">
  <mem-info id="2168" free="23068672" total="62914560" percent="36">
    <remembered-set count="10624" freebytes="2636288" totalbytes="2678784" percent="98" regionsoverflowed="0" regionsstable="16" regionsrebuilding="0"/>
  </mem-info>
</gc-start>
<gc-op id="2169" type="mark increment" timems="1.425" contextid="2166" timestamp="2019-07-07T05:37:49.674">
  <trace-info objectcount="31484" scancount="15806" scanbytes="547308" />
</gc-op>
<gc-end id="2170" type="global mark phase" contextid="2166" durationms="1.604" usertimems="4.000" systemtimems="0.000" timestamp="2019-07-07T05:37:49.674" activeThreads="4">
  <mem-info id="2171" free="23068672" total="62914560" percent="36">
    <remembered-set count="16256" freebytes="2613760" totalbytes="2678784" percent="97" regionsoverflowed="0" regionsstable="0" regionsrebuilding="16"/>
  </mem-info>
</gc-end>
<concurrent-start id="2172" type="GMP work packet processing" contextid="2166" timestamp="2019-07-07T05:37:49.674">
  <concurrent-mark-start scanTarget="1780056" />
</concurrent-start>
<exclusive-end id="2173" timestamp="2019-07-07T05:37:49.675" durationms="3.442" />

<concurrent-end id="2174" type="GMP work packet processing" contextid="2166" timestamp="2019-07-07T05:37:49.675">
  <concurrent-mark-end bytesScanned="1845684" reasonForTermination="Work target met" />
</concurrent-end>

<exclusive-start id="2175" timestamp="2019-07-07T05:37:49.686" intervalms="13.632">
  <response-info timems="0.065" idlems="0.065" threads="0" lastid="000000000202A700" lastname="main" />
</exclusive-start>
<allocation-taxation id="2176" taxation-threshold="10485760" timestamp="2019-07-07T05:37:49.686" intervalms="13.635" />
<cycle-start id="2177" type="partial gc" contextid="0" timestamp="2019-07-07T05:37:49.686" intervalms="27.659" />
<gc-start id="2178" type="partial gc" contextid="2177" timestamp="2019-07-07T05:37:49.686">
  <mem-info id="2179" free="12582912" total="62914560" percent="20">
    <mem type="eden" free="0" total="20971520" percent="0" />
    <remembered-set count="30112" freebytes="2558336" totalbytes="2678784" percent="95" regionsoverflowed="0" regionsstable="0" regionsrebuilding="16"/>
  </mem-info>
</gc-start>
<allocation-stats totalBytes="20955368" >
  <allocated-bytes non-tlh="0" tlh="20955368" arrayletleaf="0"/>
  <largest-consumer threadName="main" threadId="000000000202A700" bytes="10478144" />
</allocation-stats>
<gc-op id="2180" type="copy forward" timems="1.498" contextid="2177" timestamp="2019-07-07T05:37:49.689">
  <memory-copied type="eden" objects="4" bytes="288" bytesdiscarded="0" />
  <memory-copied type="other" objects="63" bytes="2208" bytesdiscarded="0" />
  <memory-cardclean objects="89" bytes="11904" />
  <regions eden="20" other="2" />
  <remembered-set-cleared processed="27987" cleared="116" durationms="0.298" />
  <references type="weak" candidates="4" cleared="0" enqueued="0" />
  <stringconstants candidates="13646" cleared="0"  />
</gc-op>
<gc-op id="2181" type="classunload" timems="0.004" contextid="2177" timestamp="2019-07-07T05:37:49.689">
  <classunload-info classloadercandidates="54" classloadersunloaded="0" classesunloaded="0" anonymousclassesunloaded="0" quiescems="0.000" setupms="0.004" scanms="0.000" postms="0.000" />
</gc-op>
<heap-resize id="2182" type="expand" space="default" amount="11534336" count="1" timems="0.079" reason="excessive time being spent in gc" timestamp="2019-07-07T05:37:49.689" />
<gc-end id="2183" type="partial gc" contextid="2177" durationms="2.941" usertimems="4.000" systemtimems="0.000" timestamp="2019-07-07T05:37:49.689" activeThreads="1">
  <mem-info id="2184" free="44040192" total="74448896" percent="59">
    <mem type="eden" free="1048288" total="1048576" percent="99" />
    <remembered-set count="29472" freebytes="2853888" totalbytes="2971776" percent="96" regionsoverflowed="0" regionsstable="0" regionsrebuilding="16"/>
  </mem-info>
</gc-end>
<cycle-end id="2185" type="partial gc" contextid="2177" timestamp="2019-07-07T05:37:49.689" />
  <attribute name="elasticGC enabled" value="1" />
  <attribute name= "numThreadsSpecified" value="1" />
  <attribute name="heapSize specified" value="0" />
  <attribute name="Current GC Util" value="32" />
  <attribute name= "Current Time Running" value="20489" />
  <attribute name ="GC Interval" value="0" />
  <attribute name="ProportionalT" value="6.000000" />
  <attribute name="ProportionalI" value="6.000000" />
  <attribute name="ProportionalH" value="6.000000" />
  <attribute name="Current Error" value="12.000000" />
  <attribute name="IntegralT" value="0.000000" />
  <attribute name="IntegralI" value="0.000000" />
  <attribute name="IntegralH" value="0.000000" />
  <attribute name="DerivativeT" value="inf" />
  <attribute name="DerivativeI" value="inf" />
  <attribute name="DerivativeH" value="inf" />
  <attribute name="Loop Time for DT" value="0.000000" />
  <attribute name="Output H" value="8388608"/>
  <attribute name="Output I" value="200"/>
  <attribute name="Output T" value="1"/>
  <attribute name="Target GC Util Change" value ="20.000000" />
  <attribute name="Current GC Util Change" value="32.000000"/>
  <attribute name="GC Util currently" value="32" />
  <attribute name="CPU Util currently" value="9892458287914" />
<exclusive-end id="2186" timestamp="2019-07-07T05:37:49.690" durationms="3.949" />

<exclusive-start id="2187" timestamp="2019-07-07T05:37:49.700" intervalms="14.909">
  <response-info timems="0.073" idlems="0.073" threads="0" lastid="000000000202A700" lastname="main" />
</exclusive-start>
<allocation-taxation id="2188" taxation-threshold="12582912" timestamp="2019-07-07T05:37:49.701" intervalms="14.986" />
<gc-start id="2189" type="global mark phase" contextid="2166" timestamp="2019-07-07T05:37:49.701">
  <mem-info id="2190" free="31457280" total="74448896" percent="42">
    <remembered-set count="29280" freebytes="2854656" totalbytes="2971776" percent="96" regionsoverflowed="0" regionsstable="0" regionsrebuilding="16"/>
  </mem-info>
</gc-start>
<gc-end id="2191" type="global mark phase" contextid="2166" durationms="0.140" usertimems="0.000" systemtimems="0.000" timestamp="2019-07-07T05:37:49.701" activeThreads="1">
  <mem-info id="2192" free="31457280" total="74448896" percent="42">
    <remembered-set count="29280" freebytes="2854656" totalbytes="2971776" percent="96" regionsoverflowed="0" regionsstable="0" regionsrebuilding="16"/>
  </mem-info>
</gc-end>
<concurrent-start id="2193" type="GMP work packet processing" contextid="2166" timestamp="2019-07-07T05:37:49.701">
  <concurrent-mark-start scanTarget="4005126" />
</concurrent-start>
<exclusive-end id="2194" timestamp="2019-07-07T05:37:49.701" durationms="0.937" />

<concurrent-end id="2195" type="GMP work packet processing" contextid="2166" timestamp="2019-07-07T05:37:49.708">
  <concurrent-mark-end bytesScanned="4012104" reasonForTermination="Work target met" />
</concurrent-end>

<exclusive-start id="2196" timestamp="2019-07-07T05:37:49.712" intervalms="11.662">
  <response-info timems="0.087" idlems="0.087" threads="0" lastid="000000000202A700" lastname="main" />
</exclusive-start>
<allocation-taxation id="2197" taxation-threshold="12582912" timestamp="2019-07-07T05:37:49.712" intervalms="11.641" />
<cycle-start id="2198" type="partial gc" contextid="0" timestamp="2019-07-07T05:37:49.713" intervalms="26.645" />
<gc-start id="2199" type="partial gc" contextid="2198" timestamp="2019-07-07T05:37:49.713">
  <mem-info id="2200" free="18874368" total="74448896" percent="25">
    <mem type="eden" free="0" total="25165824" percent="0" />
    <remembered-set count="53408" freebytes="2758144" totalbytes="2971776" percent="92" regionsoverflowed="0" regionsstable="0" regionsrebuilding="16"/>
  </mem-info>
</gc-start>
<allocation-stats totalBytes="25147552" >
  <allocated-bytes non-tlh="0" tlh="25147552" arrayletleaf="0"/>
  <largest-consumer threadName="main" threadId="000000000202A700" bytes="12573760" />
</allocation-stats>
<gc-op id="2201" type="copy forward" timems="1.367" contextid="2198" timestamp="2019-07-07T05:37:49.715">
  <memory-copied type="eden" objects="4" bytes="288" bytesdiscarded="0" />
  <memory-copied type="other" objects="0" bytes="0" bytesdiscarded="0" />
  <memory-cardclean objects="8" bytes="288" />
  <regions eden="24" other="1" />
  <remembered-set-cleared processed="51977" cleared="9" durationms="0.420" />
  <stringconstants candidates="13646" cleared="0"  />
</gc-op>
<gc-op id="2202" type="classunload" timems="0.003" contextid="2198" timestamp="2019-07-07T05:37:49.715">
  <classunload-info classloadercandidates="54" classloadersunloaded="0" classesunloaded="0" anonymousclassesunloaded="0" quiescems="0.000" setupms="0.003" scanms="0.000" postms="0.000" />
</gc-op>
<heap-resize id="2203" type="expand" space="default" amount="2097152" count="1" timems="0.057" reason="excessive time being spent in gc" timestamp="2019-07-07T05:37:49.715" />
<gc-end id="2204" type="partial gc" contextid="2198" durationms="2.598" usertimems="0.000" systemtimems="0.000" timestamp="2019-07-07T05:37:49.716" activeThreads="1">
  <mem-info id="2205" free="46137344" total="76546048" percent="60">
    <mem type="eden" free="1048288" total="1048576" percent="99" />
    <remembered-set count="53888" freebytes="2839936" totalbytes="3055488" percent="92" regionsoverflowed="0" regionsstable="0" regionsrebuilding="16"/>
  </mem-info>
</gc-end>
<cycle-end id="2206" type="partial gc" contextid="2198" timestamp="2019-07-07T05:37:49.716" />
  <attribute name="elasticGC enabled" value="1" />
  <attribute name= "numThreadsSpecified" value="1" />
  <attribute name="heapSize specified" value="0" />
  <attribute name="Current GC Util" value="67" />
  <attribute name= "Current Time Running" value="20515" />
  <attribute name ="GC Interval" value="0" />
  <attribute name="ProportionalT" value="23.500000" />
  <attribute name="ProportionalI" value="23.500000" />
  <attribute name="ProportionalH" value="23.500000" />
  <attribute name="Current Error" value="47.000000" />
  <attribute name="IntegralT" value="0.000000" />
  <attribute name="IntegralI" value="0.000000" />
  <attribute name="IntegralH" value="0.000000" />
  <attribute name="DerivativeT" value="inf" />
  <attribute name="DerivativeI" value="inf" />
  <attribute name="DerivativeH" value="inf" />
  <attribute name="Loop Time for DT" value="0.000000" />
  <attribute name="Output H" value="8388608"/>
  <attribute name="Output I" value="200"/>
  <attribute name="Output T" value="1"/>
  <attribute name="Target GC Util Change" value ="20.000000" />
  <attribute name="Current GC Util Change" value="67.000000"/>
  <attribute name="GC Util currently" value="67" />
  <attribute name="CPU Util currently" value="15157853530386" />
<exclusive-end id="2207" timestamp="2019-07-07T05:37:49.716" durationms="3.647" />

<exclusive-start id="2208" timestamp="2019-07-07T05:37:49.726" intervalms="14.323">
  <response-info timems="0.052" idlems="0.052" threads="0" lastid="000000000202A700" lastname="main" />
</exclusive-start>
<allocation-taxation id="2209" taxation-threshold="12582912" timestamp="2019-07-07T05:37:49.727" intervalms="14.291" />
<gc-start id="2210" type="global mark phase" contextid="2166" timestamp="2019-07-07T05:37:49.727">
  <mem-info id="2211" free="33554432" total="76546048" percent="43">
    <remembered-set count="53408" freebytes="2841856" totalbytes="3055488" percent="93" regionsoverflowed="0" regionsstable="0" regionsrebuilding="16"/>
  </mem-info>
</gc-start>
<gc-end id="2212" type="global mark phase" contextid="2166" durationms="0.146" usertimems="0.000" systemtimems="0.000" timestamp="2019-07-07T05:37:49.727" activeThreads="1">
  <mem-info id="2213" free="33554432" total="76546048" percent="43">
    <remembered-set count="53408" freebytes="2841856" totalbytes="3055488" percent="93" regionsoverflowed="0" regionsstable="0" regionsrebuilding="16"/>
  </mem-info>
</gc-end>
<concurrent-start id="2214" type="GMP work packet processing" contextid="2166" timestamp="2019-07-07T05:37:49.727">
  <concurrent-mark-start scanTarget="1048576" />
</concurrent-start>
<concurrent-end id="2215" type="GMP work packet processing" contextid="2166" timestamp="2019-07-07T05:37:49.728">
  <concurrent-mark-end bytesScanned="1088864" reasonForTermination="Work target met" />
</concurrent-end>

<exclusive-end id="2216" timestamp="2019-07-07T05:37:49.728" durationms="1.533" />

<exclusive-start id="2217" timestamp="2019-07-07T05:37:49.850" intervalms="123.924">
  <response-info timems="0.035" idlems="0.035" threads="0" lastid="000000000202A700" lastname="main" />
</exclusive-start>
<allocation-taxation id="2218" taxation-threshold="12582912" timestamp="2019-07-07T05:37:49.851" intervalms="123.935" />
<cycle-start id="2219" type="partial gc" contextid="0" timestamp="2019-07-07T05:37:49.851" intervalms="138.094" />
<gc-start id="2220" type="partial gc" contextid="2219" timestamp="2019-07-07T05:37:49.851">
  <mem-info id="2221" free="20971520" total="76546048" percent="27">
    <mem type="eden" free="1048288" total="26214400" percent="3" />
    <remembered-set count="61920" freebytes="2807808" totalbytes="3055488" percent="91" regionsoverflowed="0" regionsstable="0" regionsrebuilding="16"/>
  </mem-info>
</gc-start>
<allocation-stats totalBytes="25146560" >
  <allocated-bytes non-tlh="25864" tlh="25120696" arrayletleaf="0"/>
  <largest-consumer threadName="main" threadId="000000000202A700" bytes="12572816" />
</allocation-stats>
<gc-op id="2222" type="copy forward" timems="1.800" contextid="2219" timestamp="2019-07-07T05:37:49.853">
  <memory-copied type="eden" objects="1361" bytes="101736" bytesdiscarded="0" />
  <memory-copied type="other" objects="0" bytes="0" bytesdiscarded="0" />
  <memory-cardclean objects="296" bytes="28776" />
  <regions eden="24" other="1" />
  <remembered-set-cleared processed="59527" cleared="147" durationms="0.494" />
  <references type="soft" candidates="11" cleared="0" enqueued="0" dynamicThreshold="14" maxThreshold="32" />
  <references type="weak" candidates="62" cleared="0" enqueued="0" />
  <stringconstants candidates="13688" cleared="0"  />
</gc-op>
<gc-op id="2223" type="classunload" timems="0.005" contextid="2219" timestamp="2019-07-07T05:37:49.854">
  <classunload-info classloadercandidates="54" classloadersunloaded="0" classesunloaded="0" anonymousclassesunloaded="0" quiescems="0.000" setupms="0.005" scanms="0.000" postms="0.000" />
</gc-op>
<gc-end id="2224" type="partial gc" contextid="2219" durationms="2.751" usertimems="4.000" systemtimems="0.000" timestamp="2019-07-07T05:37:49.854" activeThreads="1">
  <mem-info id="2225" free="46137344" total="76546048" percent="60">
    <mem type="eden" free="946800" total="1048576" percent="90" />
    <remembered-set count="62208" freebytes="2806656" totalbytes="3055488" percent="91" regionsoverflowed="0" regionsstable="0" regionsrebuilding="16"/>
  </mem-info>
</gc-end>
<cycle-end id="2226" type="partial gc" contextid="2219" timestamp="2019-07-07T05:37:49.854" />
  <attribute name="elasticGC enabled" value="1" />
  <attribute name= "numThreadsSpecified" value="1" />
  <attribute name="heapSize specified" value="0" />
  <attribute name="Current GC Util" value="69" />
  <attribute name= "Current Time Running" value="20653" />
  <attribute name ="GC Interval" value="0" />
  <attribute name="ProportionalT" value="24.500000" />
  <attribute name="ProportionalI" value="24.500000" />
  <attribute name="ProportionalH" value="24.500000" />
  <attribute name="Current Error" value="49.000000" />
  <attribute name="IntegralT" value="0.000000" />
  <attribute name="IntegralI" value="0.000000" />
  <attribute name="IntegralH" value="0.000000" />
  <attribute name="DerivativeT" value="inf" />
  <attribute name="DerivativeI" value="inf" />
  <attribute name="DerivativeH" value="inf" />
  <attribute name="Loop Time for DT" value="0.000000" />
  <attribute name="Output H" value="8388608"/>
  <attribute name="Output I" value="200"/>
  <attribute name="Output T" value="1"/>
  <attribute name="Target GC Util Change" value ="20.000000" />
  <attribute name="Current GC Util Change" value="69.000000"/>
  <attribute name="GC Util currently" value="69" />
  <attribute name="CPU Util currently" value="23341917535413" />
<exclusive-end id="2227" timestamp="2019-07-07T05:37:49.854" durationms="3.726" />

<exclusive-start id="2228" timestamp="2019-07-07T05:37:49.962" intervalms="111.932">
  <response-info timems="0.105" idlems="0.105" threads="0" lastid="000000000202A700" lastname="main" />
</exclusive-start>
<allocation-taxation id="2229" taxation-threshold="12582912" timestamp="2019-07-07T05:37:49.963" intervalms="111.995" />
<gc-start id="2230" type="global mark phase" contextid="2166" timestamp="2019-07-07T05:37:49.963">
  <mem-info id="2231" free="33554432" total="76546048" percent="43">
    <remembered-set count="62016" freebytes="2807424" totalbytes="3055488" percent="91" regionsoverflowed="0" regionsstable="0" regionsrebuilding="16"/>
  </mem-info>
</gc-start>
<gc-end id="2232" type="global mark phase" contextid="2166" durationms="0.138" usertimems="0.000" systemtimems="0.000" timestamp="2019-07-07T05:37:49.963" activeThreads="1">
  <mem-info id="2233" free="33554432" total="76546048" percent="43">
    <remembered-set count="62016" freebytes="2807424" totalbytes="3055488" percent="91" regionsoverflowed="0" regionsstable="0" regionsrebuilding="16"/>
  </mem-info>
</gc-end>
<concurrent-start id="2234" type="GMP work packet processing" contextid="2166" timestamp="2019-07-07T05:37:49.963">
  <concurrent-mark-start scanTarget="1048576" />
</concurrent-start>
<concurrent-end id="2235" type="GMP work packet processing" contextid="2166" timestamp="2019-07-07T05:37:49.964">
  <concurrent-mark-end bytesScanned="1096160" reasonForTermination="Work target met" />
</concurrent-end>

<exclusive-end id="2236" timestamp="2019-07-07T05:37:49.964" durationms="1.385" />

<exclusive-start id="2237" timestamp="2019-07-07T05:37:49.990" intervalms="27.603">
  <response-info timems="0.037" idlems="0.037" threads="0" lastid="000000000202A700" lastname="main" />
</exclusive-start>
<allocation-taxation id="2238" taxation-threshold="12582912" timestamp="2019-07-07T05:37:49.990" intervalms="27.528" />
<cycle-start id="2239" type="partial gc" contextid="0" timestamp="2019-07-07T05:37:49.990" intervalms="139.525" />
<gc-start id="2240" type="partial gc" contextid="2239" timestamp="2019-07-07T05:37:49.991">
  <mem-info id="2241" free="20971520" total="76546048" percent="27">
    <mem type="eden" free="0" total="25165824" percent="0" />
    <remembered-set count="69280" freebytes="2778368" totalbytes="3055488" percent="90" regionsoverflowed="0" regionsstable="0" regionsrebuilding="16"/>
  </mem-info>
</gc-start>
<allocation-stats totalBytes="25123600" >
  <allocated-bytes non-tlh="0" tlh="25123600" arrayletleaf="0"/>
  <largest-consumer threadName="main" threadId="000000000202A700" bytes="12562400" />
</allocation-stats>
<gc-op id="2242" type="copy forward" timems="1.819" contextid="2239" timestamp="2019-07-07T05:37:49.993">
  <memory-copied type="eden" objects="1" bytes="32" bytesdiscarded="0" />
  <memory-copied type="other" objects="1359" bytes="101664" bytesdiscarded="0" />
  <memory-cardclean objects="155" bytes="19032" />
  <regions eden="24" other="1" />
  <remembered-set-cleared processed="66845" cleared="213" durationms="0.533" />
  <references type="soft" candidates="11" cleared="0" enqueued="0" dynamicThreshold="14" maxThreshold="32" />
  <references type="weak" candidates="62" cleared="0" enqueued="0" />
  <stringconstants candidates="13688" cleared="0"  />
</gc-op>
<gc-op id="2243" type="classunload" timems="0.004" contextid="2239" timestamp="2019-07-07T05:37:49.993">
  <classunload-info classloadercandidates="54" classloadersunloaded="0" classesunloaded="0" anonymousclassesunloaded="0" quiescems="0.000" setupms="0.004" scanms="0.000" postms="0.000" />
</gc-op>
<heap-resize id="2244" type="contract" space="default" amount="4194304" count="1" timems="0.053" reason="insufficient time being spent in gc" timestamp="2019-07-07T05:37:49.993" />
<gc-end id="2245" type="partial gc" contextid="2239" durationms="2.844" usertimems="0.000" systemtimems="0.000" timestamp="2019-07-07T05:37:49.993" activeThreads="1">
  <mem-info id="2246" free="40894464" total="72351744" percent="56">
    <mem type="eden" free="1048544" total="1048576" percent="99" />
    <remembered-set count="69472" freebytes="2777600" totalbytes="3055488" percent="90" regionsoverflowed="0" regionsstable="0" regionsrebuilding="16"/>
  </mem-info>
</gc-end>
<cycle-end id="2247" type="partial gc" contextid="2239" timestamp="2019-07-07T05:37:49.993" />
  <attribute name="elasticGC enabled" value="1" />
  <attribute name= "numThreadsSpecified" value="1" />
  <attribute name="heapSize specified" value="0" />
  <attribute name="Current GC Util" value="59" />
  <attribute name= "Current Time Running" value="20793" />
  <attribute name ="GC Interval" value="0" />
  <attribute name="ProportionalT" value="19.500000" />
  <attribute name="ProportionalI" value="19.500000" />
  <attribute name="ProportionalH" value="19.500000" />
  <attribute name="Current Error" value="39.000000" />
  <attribute name="IntegralT" value="0.000000" />
  <attribute name="IntegralI" value="0.000000" />
  <attribute name="IntegralH" value="0.000000" />
  <attribute name="DerivativeT" value="inf" />
  <attribute name="DerivativeI" value="inf" />
  <attribute name="DerivativeH" value="inf" />
  <attribute name="Loop Time for DT" value="0.000000" />
  <attribute name="Output H" value="8388608"/>
  <attribute name="Output I" value="200"/>
  <attribute name="Output T" value="1"/>
  <attribute name="Target GC Util Change" value ="20.000000" />
  <attribute name="Current GC Util Change" value="59.000000"/>
  <attribute name="GC Util currently" value="59" />
  <attribute name="CPU Util currently" value="19988843235004" />
<exclusive-end id="2248" timestamp="2019-07-07T05:37:49.994" durationms="3.736" />

<exclusive-start id="2249" timestamp="2019-07-07T05:37:50.017" intervalms="27.553">
  <response-info timems="0.036" idlems="0.036" threads="0" lastid="000000000202A700" lastname="main" />
</exclusive-start>
<allocation-taxation id="2250" taxation-threshold="12582912" timestamp="2019-07-07T05:37:50.018" intervalms="27.565" />
<gc-start id="2251" type="global mark phase" contextid="2166" timestamp="2019-07-07T05:37:50.018">
  <mem-info id="2252" free="28311552" total="72351744" percent="39">
    <remembered-set count="69280" freebytes="2778368" totalbytes="3055488" percent="90" regionsoverflowed="0" regionsstable="0" regionsrebuilding="16"/>
  </mem-info>
</gc-start>
<gc-end id="2253" type="global mark phase" contextid="2166" durationms="0.060" usertimems="0.000" systemtimems="0.000" timestamp="2019-07-07T05:37:50.018" activeThreads="1">
  <mem-info id="2254" free="28311552" total="72351744" percent="39">
    <remembered-set count="69280" freebytes="2778368" totalbytes="3055488" percent="90" regionsoverflowed="0" regionsstable="0" regionsrebuilding="16"/>
  </mem-info>
</gc-end>
<concurrent-start id="2255" type="GMP work packet processing" contextid="2166" timestamp="2019-07-07T05:37:50.018">
  <concurrent-mark-start scanTarget="1048576" />
</concurrent-start>
<concurrent-end id="2256" type="GMP work packet processing" contextid="2166" timestamp="2019-07-07T05:37:50.019">
  <concurrent-mark-end bytesScanned="1099304" reasonForTermination="Work target met" />
</concurrent-end>

<exclusive-end id="2257" timestamp="2019-07-07T05:37:50.019" durationms="1.244" />

<exclusive-start id="2258" timestamp="2019-07-07T05:37:50.041" intervalms="23.720">
  <response-info timems="0.111" idlems="0.111" threads="0" lastid="000000000202A700" lastname="main" />
</exclusive-start>
<allocation-taxation id="2259" taxation-threshold="12582912" timestamp="2019-07-07T05:37:50.041" intervalms="23.702" />
<cycle-start id="2260" type="partial gc" contextid="0" timestamp="2019-07-07T05:37:50.041" intervalms="51.267" />
<gc-start id="2261" type="partial gc" contextid="2260" timestamp="2019-07-07T05:37:50.042">
  <mem-info id="2262" free="15728640" total="72351744" percent="21">
    <mem type="eden" free="1048544" total="26214400" percent="3" />
    <remembered-set count="76000" freebytes="2751488" totalbytes="3055488" percent="90" regionsoverflowed="0" regionsstable="0" regionsrebuilding="16"/>
  </mem-info>
</gc-start>
<allocation-stats totalBytes="25121232" >
  <allocated-bytes non-tlh="0" tlh="25121232" arrayletleaf="0"/>
  <largest-consumer threadName="main" threadId="000000000202A700" bytes="12560128" />
</allocation-stats>
<gc-op id="2263" type="copy forward" timems="7.823" contextid="2260" timestamp="2019-07-07T05:37:50.050">
  <memory-copied type="eden" objects="4" bytes="2096" bytesdiscarded="0" />
  <memory-copied type="other" objects="0" bytes="0" bytesdiscarded="0" />
  <memory-cardclean objects="138526" bytes="4740544" />
  <regions eden="24" other="1" />
  <remembered-set-cleared processed="33086" cleared="8961" durationms="0.421" />
  <stringconstants candidates="13688" cleared="0"  />
</gc-op>
<gc-op id="2264" type="classunload" timems="0.004" contextid="2260" timestamp="2019-07-07T05:37:50.051">
  <classunload-info classloadercandidates="54" classloadersunloaded="0" classesunloaded="0" anonymousclassesunloaded="0" quiescems="0.000" setupms="0.003" scanms="0.000" postms="0.000" />
</gc-op>
<gc-end id="2265" type="partial gc" contextid="2260" durationms="8.971" usertimems="8.000" systemtimems="0.000" timestamp="2019-07-07T05:37:50.051" activeThreads="1">
  <mem-info id="2266" free="40894464" total="72351744" percent="56">
    <mem type="eden" free="1046480" total="1048576" percent="99" />
    <remembered-set count="43232" freebytes="2715136" totalbytes="2888064" percent="94" regionsoverflowed="0" regionsstable="0" regionsrebuilding="16"/>
  </mem-info>
</gc-end>
<cycle-end id="2267" type="partial gc" contextid="2260" timestamp="2019-07-07T05:37:50.051" />
  <attribute name="elasticGC enabled" value="1" />
  <attribute name= "numThreadsSpecified" value="1" />
  <attribute name="heapSize specified" value="0" />
  <attribute name="Current GC Util" value="50" />
  <attribute name= "Current Time Running" value="20844" />
  <attribute name ="GC Interval" value="0" />
  <attribute name="ProportionalT" value="15.000000" />
  <attribute name="ProportionalI" value="15.000000" />
  <attribute name="ProportionalH" value="15.000000" />
  <attribute name="Current Error" value="30.000000" />
  <attribute name="IntegralT" value="0.000000" />
  <attribute name="IntegralI" value="0.000000" />
  <attribute name="IntegralH" value="0.000000" />
  <attribute name="DerivativeT" value="inf" />
  <attribute name="DerivativeI" value="inf" />
  <attribute name="DerivativeH" value="inf" />
  <attribute name="Loop Time for DT" value="0.000000" />
  <attribute name="Output H" value="8388608"/>
  <attribute name="Output I" value="200"/>
  <attribute name="Output T" value="1"/>
  <attribute name="Target GC Util Change" value ="20.000000" />
  <attribute name="Current GC Util Change" value="50.000000"/>
  <attribute name="GC Util currently" value="50" />
  <attribute name="CPU Util currently" value="8801129012796" />
<exclusive-end id="2268" timestamp="2019-07-07T05:37:50.051" durationms="9.854" />

<exclusive-start id="2269" timestamp="2019-07-07T05:37:50.073" intervalms="31.674">
  <response-info timems="0.107" idlems="0.107" threads="0" lastid="000000000202A700" lastname="main" />
</exclusive-start>
<allocation-taxation id="2270" taxation-threshold="12582912" timestamp="2019-07-07T05:37:50.073" intervalms="31.668" />
<gc-start id="2271" type="global mark phase" contextid="2166" timestamp="2019-07-07T05:37:50.073">
  <mem-info id="2272" free="28311552" total="72351744" percent="39">
    <remembered-set count="43136" freebytes="2715520" totalbytes="2888064" percent="94" regionsoverflowed="0" regionsstable="0" regionsrebuilding="16"/>
  </mem-info>
</gc-start>
<gc-end id="2273" type="global mark phase" contextid="2166" durationms="0.095" usertimems="0.000" systemtimems="0.000" timestamp="2019-07-07T05:37:50.073" activeThreads="1">
  <mem-info id="2274" free="28311552" total="72351744" percent="39">
    <remembered-set count="43136" freebytes="2715520" totalbytes="2888064" percent="94" regionsoverflowed="0" regionsstable="0" regionsrebuilding="16"/>
  </mem-info>
</gc-end>
<concurrent-start id="2275" type="GMP work packet processing" contextid="2166" timestamp="2019-07-07T05:37:50.073">
  <concurrent-mark-start scanTarget="1048576" />
</concurrent-start>
<concurrent-end id="2276" type="GMP work packet processing" contextid="2166" timestamp="2019-07-07T05:37:50.074">
  <concurrent-mark-end bytesScanned="1088748" reasonForTermination="Work target met" />
</concurrent-end>

<exclusive-end id="2277" timestamp="2019-07-07T05:37:50.074" durationms="1.221" />

<exclusive-start id="2278" timestamp="2019-07-07T05:37:50.192" intervalms="119.281">
  <response-info timems="0.069" idlems="0.069" threads="0" lastid="000000000202A700" lastname="main" />
</exclusive-start>
<allocation-taxation id="2279" taxation-threshold="12582912" timestamp="2019-07-07T05:37:50.192" intervalms="119.298" />
<cycle-start id="2280" type="partial gc" contextid="0" timestamp="2019-07-07T05:37:50.192" intervalms="150.964" />
<gc-start id="2281" type="partial gc" contextid="2280" timestamp="2019-07-07T05:37:50.193">
  <mem-info id="2282" free="15728640" total="72351744" percent="21">
    <mem type="eden" free="1046480" total="26214400" percent="3" />
    <remembered-set count="50912" freebytes="2684416" totalbytes="2888064" percent="92" regionsoverflowed="0" regionsstable="0" regionsrebuilding="16"/>
  </mem-info>
</gc-start>
<allocation-stats totalBytes="25135896" >
  <allocated-bytes non-tlh="0" tlh="25135896" arrayletleaf="0"/>
  <largest-consumer threadName="main" threadId="000000000202A700" bytes="12573600" />
</allocation-stats>
<gc-op id="2283" type="copy forward" timems="1.437" contextid="2280" timestamp="2019-07-07T05:37:50.195">
  <memory-copied type="eden" objects="45" bytes="1384" bytesdiscarded="0" />
  <memory-copied type="other" objects="0" bytes="0" bytesdiscarded="0" />
  <memory-cardclean objects="110" bytes="12496" />
  <regions eden="24" other="1" />
  <remembered-set-cleared processed="48494" cleared="61" durationms="0.419" />
  <references type="weak" candidates="18" cleared="0" enqueued="0" />
  <stringconstants candidates="13688" cleared="0"  />
</gc-op>
<gc-op id="2284" type="classunload" timems="0.004" contextid="2280" timestamp="2019-07-07T05:37:50.195">
  <classunload-info classloadercandidates="54" classloadersunloaded="0" classesunloaded="0" anonymousclassesunloaded="0" quiescems="0.000" setupms="0.003" scanms="0.000" postms="0.000" />
</gc-op>
<gc-end id="2285" type="partial gc" contextid="2280" durationms="2.286" usertimems="0.000" systemtimems="0.000" timestamp="2019-07-07T05:37:50.195" activeThreads="1">
  <mem-info id="2286" free="40894464" total="72351744" percent="56">
    <mem type="eden" free="1047192" total="1048576" percent="99" />
    <remembered-set count="51360" freebytes="2682624" totalbytes="2888064" percent="92" regionsoverflowed="0" regionsstable="0" regionsrebuilding="16"/>
  </mem-info>
</gc-end>
<cycle-end id="2287" type="partial gc" contextid="2280" timestamp="2019-07-07T05:37:50.195" />
  <attribute name="elasticGC enabled" value="1" />
  <attribute name= "numThreadsSpecified" value="1" />
  <attribute name="heapSize specified" value="0" />
  <attribute name="Current GC Util" value="69" />
  <attribute name= "Current Time Running" value="20995" />
  <attribute name ="GC Interval" value="0" />
  <attribute name="ProportionalT" value="24.500000" />
  <attribute name="ProportionalI" value="24.500000" />
  <attribute name="ProportionalH" value="24.500000" />
  <attribute name="Current Error" value="49.000000" />
  <attribute name="IntegralT" value="0.000000" />
  <attribute name="IntegralI" value="0.000000" />
  <attribute name="IntegralH" value="0.000000" />
  <attribute name="DerivativeT" value="inf" />
  <attribute name="DerivativeI" value="inf" />
  <attribute name="DerivativeH" value="inf" />
  <attribute name="Loop Time for DT" value="0.000000" />
  <attribute name="Output H" value="8388608"/>
  <attribute name="Output I" value="200"/>
  <attribute name="Output T" value="1"/>
  <attribute name="Target GC Util Change" value ="20.000000" />
  <attribute name="Current GC Util Change" value="69.000000"/>
  <attribute name="GC Util currently" value="69" />
  <attribute name="CPU Util currently" value="22163575580368" />
<exclusive-end id="2288" timestamp="2019-07-07T05:37:50.195" durationms="3.119" />

<exclusive-start id="2289" timestamp="2019-07-07T05:37:50.316" intervalms="123.562">
  <response-info timems="0.039" idlems="0.039" threads="0" lastid="000000000202A700" lastname="main" />
</exclusive-start>
<allocation-taxation id="2290" taxation-threshold="12582912" timestamp="2019-07-07T05:37:50.316" intervalms="123.589" />
<gc-start id="2291" type="global mark phase" contextid="2166" timestamp="2019-07-07T05:37:50.316">
  <mem-info id="2292" free="28311552" total="72351744" percent="39">
    <remembered-set count="50944" freebytes="2684288" totalbytes="2888064" percent="92" regionsoverflowed="0" regionsstable="0" regionsrebuilding="16"/>
  </mem-info>
</gc-start>
<gc-end id="2293" type="global mark phase" contextid="2166" durationms="0.102" usertimems="0.000" systemtimems="0.000" timestamp="2019-07-07T05:37:50.316" activeThreads="1">
  <mem-info id="2294" free="28311552" total="72351744" percent="39">
    <remembered-set count="50944" freebytes="2684288" totalbytes="2888064" percent="92" regionsoverflowed="0" regionsstable="0" regionsrebuilding="16"/>
  </mem-info>
</gc-end>
<concurrent-start id="2295" type="GMP work packet processing" contextid="2166" timestamp="2019-07-07T05:37:50.316">
  <concurrent-mark-start scanTarget="1048576" />
</concurrent-start>
<concurrent-end id="2296" type="GMP work packet processing" contextid="2166" timestamp="2019-07-07T05:37:50.317">
  <concurrent-mark-end bytesScanned="1109592" reasonForTermination="Work target met" />
</concurrent-end>

<exclusive-end id="2297" timestamp="2019-07-07T05:37:50.317" durationms="1.307" />

<exclusive-start id="2298" timestamp="2019-07-07T05:37:50.513" intervalms="197.228">
  <response-info timems="0.090" idlems="0.090" threads="0" lastid="000000000202A700" lastname="main" />
</exclusive-start>
<allocation-taxation id="2299" taxation-threshold="12582912" timestamp="2019-07-07T05:37:50.513" intervalms="197.210" />
<cycle-start id="2300" type="partial gc" contextid="0" timestamp="2019-07-07T05:37:50.513" intervalms="320.809" />
<gc-start id="2301" type="partial gc" contextid="2300" timestamp="2019-07-07T05:37:50.514">
  <mem-info id="2302" free="15728640" total="72351744" percent="21">
    <mem type="eden" free="0" total="25165824" percent="0" />
    <remembered-set count="57696" freebytes="2657280" totalbytes="2888064" percent="92" regionsoverflowed="0" regionsstable="0" regionsrebuilding="16"/>
  </mem-info>
</gc-start>
<allocation-stats totalBytes="25161984" >
  <allocated-bytes non-tlh="0" tlh="25161984" arrayletleaf="0"/>
  <largest-consumer threadName="main" threadId="000000000202A700" bytes="12580504" />
</allocation-stats>
<gc-op id="2303" type="copy forward" timems="1.498" contextid="2300" timestamp="2019-07-07T05:37:50.516">
  <memory-copied type="eden" objects="42" bytes="1432" bytesdiscarded="0" />
  <memory-copied type="other" objects="26" bytes="760" bytesdiscarded="0" />
  <memory-cardclean objects="118" bytes="12872" />
  <regions eden="24" other="1" />
  <remembered-set-cleared processed="54870" cleared="81" durationms="0.515" />
  <references type="weak" candidates="34" cleared="0" enqueued="0" />
  <stringconstants candidates="13688" cleared="0"  />
</gc-op>
<gc-op id="2304" type="classunload" timems="0.004" contextid="2300" timestamp="2019-07-07T05:37:50.516">
  <classunload-info classloadercandidates="54" classloadersunloaded="0" classesunloaded="0" anonymousclassesunloaded="0" quiescems="0.000" setupms="0.004" scanms="0.000" postms="0.000" />
</gc-op>
<heap-resize id="2305" type="contract" space="default" amount="4194304" count="1" timems="0.047" reason="insufficient time being spent in gc" timestamp="2019-07-07T05:37:50.516" />
<gc-end id="2306" type="partial gc" contextid="2300" durationms="2.656" usertimems="0.000" systemtimems="0.000" timestamp="2019-07-07T05:37:50.516" activeThreads="1">
  <mem-info id="2307" free="35651584" total="68157440" percent="52">
    <mem type="eden" free="1047144" total="1048576" percent="99" />
    <remembered-set count="58048" freebytes="2655872" totalbytes="2888064" percent="91" regionsoverflowed="0" regionsstable="0" regionsrebuilding="16"/>
  </mem-info>
</gc-end>
<cycle-end id="2308" type="partial gc" contextid="2300" timestamp="2019-07-07T05:37:50.516" />
  <attribute name="elasticGC enabled" value="1" />
  <attribute name= "numThreadsSpecified" value="1" />
  <attribute name="heapSize specified" value="0" />
  <attribute name="Current GC Util" value="65" />
  <attribute name= "Current Time Running" value="21316" />
  <attribute name ="GC Interval" value="0" />
  <attribute name="ProportionalT" value="22.500000" />
  <attribute name="ProportionalI" value="22.500000" />
  <attribute name="ProportionalH" value="22.500000" />
  <attribute name="Current Error" value="45.000000" />
  <attribute name="IntegralT" value="0.000000" />
  <attribute name="IntegralI" value="0.000000" />
  <attribute name="IntegralH" value="0.000000" />
  <attribute name="DerivativeT" value="inf" />
  <attribute name="DerivativeI" value="inf" />
  <attribute name="DerivativeH" value="inf" />
  <attribute name="Loop Time for DT" value="0.000000" />
  <attribute name="Output H" value="8388608"/>
  <attribute name="Output I" value="200"/>
  <attribute name="Output T" value="1"/>
  <attribute name="Target GC Util Change" value ="20.000000" />
  <attribute name="Current GC Util Change" value="65.000000"/>
  <attribute name="GC Util currently" value="65" />
  <attribute name="CPU Util currently" value="19468448112056" />
<exclusive-end id="2309" timestamp="2019-07-07T05:37:50.517" durationms="3.703" />

<exclusive-start id="2310" timestamp="2019-07-07T05:37:50.619" intervalms="106.299">
  <response-info timems="0.106" idlems="0.106" threads="0" lastid="000000000202A700" lastname="main" />
</exclusive-start>
<allocation-taxation id="2311" taxation-threshold="11534336" timestamp="2019-07-07T05:37:50.619" intervalms="106.282" />
<gc-start id="2312" type="global mark phase" contextid="2166" timestamp="2019-07-07T05:37:50.620">
  <mem-info id="2313" free="24117248" total="68157440" percent="35">
    <remembered-set count="57696" freebytes="2657280" totalbytes="2888064" percent="92" regionsoverflowed="0" regionsstable="0" regionsrebuilding="16"/>
  </mem-info>
</gc-start>
<gc-end id="2314" type="global mark phase" contextid="2166" durationms="0.095" usertimems="0.000" systemtimems="0.000" timestamp="2019-07-07T05:37:50.620" activeThreads="1">
  <mem-info id="2315" free="24117248" total="68157440" percent="35">
    <remembered-set count="57696" freebytes="2657280" totalbytes="2888064" percent="92" regionsoverflowed="0" regionsstable="0" regionsrebuilding="16"/>
  </mem-info>
</gc-end>
<concurrent-start id="2316" type="GMP work packet processing" contextid="2166" timestamp="2019-07-07T05:37:50.620">
  <concurrent-mark-start scanTarget="1048576" />
</concurrent-start>
<concurrent-end id="2317" type="GMP work packet processing" contextid="2166" timestamp="2019-07-07T05:37:50.620">
  <concurrent-mark-end bytesScanned="1094812" reasonForTermination="Work target met" />
</concurrent-end>

<exclusive-end id="2318" timestamp="2019-07-07T05:37:50.621" durationms="1.294" />

<exclusive-start id="2319" timestamp="2019-07-07T05:37:50.673" intervalms="53.365">
  <response-info timems="0.082" idlems="0.082" threads="0" lastid="000000000202A700" lastname="main" />
</exclusive-start>
<allocation-taxation id="2320" taxation-threshold="11534336" timestamp="2019-07-07T05:37:50.673" intervalms="53.370" />
<cycle-start id="2321" type="partial gc" contextid="0" timestamp="2019-07-07T05:37:50.673" intervalms="159.649" />
<gc-start id="2322" type="partial gc" contextid="2321" timestamp="2019-07-07T05:37:50.673">
  <mem-info id="2323" free="12582912" total="68157440" percent="18">
    <mem type="eden" free="0" total="23068672" percent="0" />
    <remembered-set count="66464" freebytes="2622208" totalbytes="2888064" percent="90" regionsoverflowed="0" regionsstable="0" regionsrebuilding="16"/>
  </mem-info>
</gc-start>
<allocation-stats totalBytes="23064064" >
  <allocated-bytes non-tlh="0" tlh="23064064" arrayletleaf="0"/>
  <largest-consumer threadName="main" threadId="000000000202A700" bytes="11532200" />
</allocation-stats>
<gc-op id="2324" type="copy forward" timems="3.237" contextid="2321" timestamp="2019-07-07T05:37:50.677">
  <memory-copied type="eden" objects="10" bytes="328" bytesdiscarded="0" />
  <memory-copied type="other" objects="37" bytes="1200" bytesdiscarded="0" />
  <memory-cardclean objects="148243" bytes="5113608" />
  <regions eden="22" other="1" />
  <remembered-set-cleared processed="28776" cleared="4411" durationms="0.158" />
  <references type="weak" candidates="16" cleared="0" enqueued="0" />
  <stringconstants candidates="13688" cleared="0"  />
</gc-op>
<gc-op id="2325" type="classunload" timems="0.004" contextid="2321" timestamp="2019-07-07T05:37:50.677">
  <classunload-info classloadercandidates="54" classloadersunloaded="0" classesunloaded="0" anonymousclassesunloaded="0" quiescems="0.000" setupms="0.004" scanms="0.000" postms="0.000" />
</gc-op>
<heap-resize id="2326" type="contract" space="default" amount="4194304" count="1" timems="0.053" reason="insufficient time being spent in gc" timestamp="2019-07-07T05:37:50.678" />
<gc-end id="2327" type="partial gc" contextid="2321" durationms="4.517" usertimems="16.000" systemtimems="0.000" timestamp="2019-07-07T05:37:50.678" activeThreads="4">
  <mem-info id="2328" free="30408704" total="63963136" percent="47">
    <mem type="eden" free="1048248" total="1048576" percent="99" />
    <remembered-set count="46368" freebytes="2535168" totalbytes="2720640" percent="93" regionsoverflowed="0" regionsstable="0" regionsrebuilding="16"/>
  </mem-info>
</gc-end>
<cycle-end id="2329" type="partial gc" contextid="2321" timestamp="2019-07-07T05:37:50.678" />
  <attribute name="elasticGC enabled" value="1" />
  <attribute name= "numThreadsSpecified" value="4" />
  <attribute name="heapSize specified" value="0" />
  <attribute name="Current GC Util" value="70" />
  <attribute name= "Current Time Running" value="21476" />
  <attribute name ="GC Interval" value="0" />
  <attribute name="ProportionalT" value="25.000000" />
  <attribute name="ProportionalI" value="25.000000" />
  <attribute name="ProportionalH" value="25.000000" />
  <attribute name="Current Error" value="50.000000" />
  <attribute name="IntegralT" value="25.000000" />
  <attribute name="IntegralI" value="25.000000" />
  <attribute name="IntegralH" value="25.000000" />
  <attribute name="DerivativeT" value="50.000000" />
  <attribute name="DerivativeI" value="50.000000" />
  <attribute name="DerivativeH" value="50.000000" />
  <attribute name="Loop Time for DT" value="1.000000" />
  <attribute name="Output H" value="8388608"/>
  <attribute name="Output I" value="200"/>
  <attribute name="Output T" value="4"/>
  <attribute name="Target GC Util Change" value ="20.000000" />
  <attribute name="Current GC Util Change" value="70.000000"/>
  <attribute name="GC Util currently" value="70" />
  <attribute name="CPU Util currently" value="9547134399072" />
<exclusive-end id="2330" timestamp="2019-07-07T05:37:50.678" durationms="5.446" />

<exclusive-start id="2331" timestamp="2019-07-07T05:37:50.706" intervalms="33.832">
  <response-info timems="0.056" idlems="0.056" threads="0" lastid="000000000202A700" lastname="main" />
</exclusive-start>
<allocation-taxation id="2332" taxation-threshold="11534336" timestamp="2019-07-07T05:37:50.707" intervalms="33.876" />
<gc-start id="2333" type="global mark phase" contextid="2166" timestamp="2019-07-07T05:37:50.707">
  <mem-info id="2334" free="18874368" total="63963136" percent="29">
    <remembered-set count="46048" freebytes="2536448" totalbytes="2720640" percent="93" regionsoverflowed="0" regionsstable="0" regionsrebuilding="16"/>
  </mem-info>
</gc-start>
<gc-end id="2335" type="global mark phase" contextid="2166" durationms="0.093" usertimems="0.000" systemtimems="0.000" timestamp="2019-07-07T05:37:50.707" activeThreads="4">
  <mem-info id="2336" free="18874368" total="63963136" percent="29">
    <remembered-set count="46048" freebytes="2536448" totalbytes="2720640" percent="93" regionsoverflowed="0" regionsstable="0" regionsrebuilding="16"/>
  </mem-info>
</gc-end>
<concurrent-start id="2337" type="GMP work packet processing" contextid="2166" timestamp="2019-07-07T05:37:50.707">
  <concurrent-mark-start scanTarget="1780056" />
</concurrent-start>
<concurrent-end id="2338" type="GMP work packet processing" contextid="2166" timestamp="2019-07-07T05:37:50.707">
  <concurrent-mark-end bytesScanned="465072" reasonForTermination="Completed all work in GC phase" />
</concurrent-end>

<exclusive-end id="2339" timestamp="2019-07-07T05:37:50.708" durationms="1.070" />

<exclusive-start id="2340" timestamp="2019-07-07T05:37:50.733" intervalms="26.680">
  <response-info timems="0.071" idlems="0.071" threads="0" lastid="000000000202A700" lastname="main" />
</exclusive-start>
<allocation-taxation id="2341" taxation-threshold="11534336" timestamp="2019-07-07T05:37:50.733" intervalms="26.631" />
<cycle-start id="2342" type="partial gc" contextid="0" timestamp="2019-07-07T05:37:50.733" intervalms="60.505" />
<gc-start id="2343" type="partial gc" contextid="2342" timestamp="2019-07-07T05:37:50.734">
  <mem-info id="2344" free="7340032" total="63963136" percent="11">
    <mem type="eden" free="1048248" total="24117248" percent="4" />
    <remembered-set count="52736" freebytes="2509696" totalbytes="2720640" percent="92" regionsoverflowed="0" regionsstable="0" regionsrebuilding="16"/>
  </mem-info>
</gc-start>
<allocation-stats totalBytes="23064456" >
  <allocated-bytes non-tlh="0" tlh="23064456" arrayletleaf="0"/>
  <largest-consumer threadName="main" threadId="000000000202A700" bytes="11532344" />
</allocation-stats>
<gc-op id="2345" type="copy forward" timems="7.246" contextid="2342" timestamp="2019-07-07T05:37:50.742">
  <memory-copied type="eden" objects="9" bytes="312" bytesdiscarded="0" />
  <memory-copied type="other" objects="0" bytes="0" bytesdiscarded="0" />
  <memory-cardclean objects="128759" bytes="4510600" />
  <regions eden="22" other="1" />
  <remembered-set-cleared processed="28766" cleared="1104" durationms="0.324" />
  <stringconstants candidates="13688" cleared="0"  />
</gc-op>
<gc-op id="2346" type="classunload" timems="0.004" contextid="2342" timestamp="2019-07-07T05:37:50.742">
  <classunload-info classloadercandidates="54" classloadersunloaded="0" classesunloaded="0" anonymousclassesunloaded="0" quiescems="0.000" setupms="0.004" scanms="0.000" postms="0.000" />
</gc-op>
<gc-end id="2347" type="partial gc" contextid="2342" durationms="8.375" usertimems="8.000" systemtimems="0.000" timestamp="2019-07-07T05:37:50.742" activeThreads="1">
  <mem-info id="2348" free="30408704" total="63963136" percent="47">
    <mem type="eden" free="1048264" total="1048576" percent="99" />
    <remembered-set count="46560" freebytes="2366976" totalbytes="2553216" percent="92" regionsoverflowed="0" regionsstable="0" regionsrebuilding="16"/>
  </mem-info>
</gc-end>
<cycle-end id="2349" type="partial gc" contextid="2342" timestamp="2019-07-07T05:37:50.742" />
  <attribute name="elasticGC enabled" value="1" />
  <attribute name= "numThreadsSpecified" value="1" />
  <attribute name="heapSize specified" value="0" />
  <attribute name="Current GC Util" value="55" />
  <attribute name= "Current Time Running" value="21536" />
  <attribute name ="GC Interval" value="0" />
  <attribute name="ProportionalT" value="17.500000" />
  <attribute name="ProportionalI" value="17.500000" />
  <attribute name="ProportionalH" value="17.500000" />
  <attribute name="Current Error" value="35.000000" />
  <attribute name="IntegralT" value="0.000000" />
  <attribute name="IntegralI" value="0.000000" />
  <attribute name="IntegralH" value="0.000000" />
  <attribute name="DerivativeT" value="inf" />
  <attribute name="DerivativeI" value="inf" />
  <attribute name="DerivativeH" value="inf" />
  <attribute name="Loop Time for DT" value="0.000000" />
  <attribute name="Output H" value="8388608"/>
  <attribute name="Output I" value="200"/>
  <attribute name="Output T" value="1"/>
  <attribute name="Target GC Util Change" value ="20.000000" />
  <attribute name="Current GC Util Change" value="55.000000"/>
  <attribute name="GC Util currently" value="55" />
  <attribute name="CPU Util currently" value="9900698567064" />
<exclusive-end id="2350" timestamp="2019-07-07T05:37:50.742" durationms="9.257" />

<exclusive-start id="2351" timestamp="2019-07-07T05:37:50.765" intervalms="32.203">
  <response-info timems="0.076" idlems="0.076" threads="0" lastid="000000000202A700" lastname="main" />
</exclusive-start>
<allocation-taxation id="2352" taxation-threshold="11534336" timestamp="2019-07-07T05:37:50.765" intervalms="32.203" />
<gc-start id="2353" type="global mark phase" contextid="2166" timestamp="2019-07-07T05:37:50.766">
  <mem-info id="2354" free="18874368" total="63963136" percent="29">
    <remembered-set count="46560" freebytes="2366976" totalbytes="2553216" percent="92" regionsoverflowed="0" regionsstable="0" regionsrebuilding="16"/>
  </mem-info>
</gc-start>
<gc-op id="2355" type="mark increment" timems="4.556" contextid="2166" timestamp="2019-07-07T05:37:50.770">
  <trace-info objectcount="1545" scancount="1037" scanbytes="374416" />
  <cardclean-info objects="263880" bytes="7628820" />
  <finalization candidates="80" enqueued="0" />
  <ownableSynchronizers candidates="22" cleared="0" />
  <references type="soft" candidates="3587" cleared="1" enqueued="0" dynamicThreshold="15" maxThreshold="32" />
  <references type="weak" candidates="5705" cleared="10" enqueued="7" />
  <references type="phantom" candidates="101" cleared="0" enqueued="0" />
  <stringconstants candidates="13688" cleared="0"  />
</gc-op>
<gc-op id="2356" type="classunload" timems="0.008" contextid="2166" timestamp="2019-07-07T05:37:50.771">
  <classunload-info classloadercandidates="54" classloadersunloaded="0" classesunloaded="0" anonymousclassesunloaded="0" quiescems="0.000" setupms="0.008" scanms="0.000" postms="0.000" />
</gc-op>
<gc-end id="2357" type="global mark phase" contextid="2166" durationms="5.139" usertimems="16.000" systemtimems="0.000" timestamp="2019-07-07T05:37:50.771" activeThreads="4">
  <mem-info id="2358" free="18874368" total="63963136" percent="29">
    <pending-finalizers system="0" default="0" reference="7" classloader="0" />
    <remembered-set count="72672" freebytes="2262528" totalbytes="2553216" percent="88" regionsoverflowed="0" regionsstable="0" regionsrebuilding="0"/>
  </mem-info>
</gc-end>
<cycle-end id="2359" type="global mark phase" contextid="2166" timestamp="2019-07-07T05:37:50.771" />
  <attribute name="elasticGC enabled" value="1" />
  <attribute name= "numThreadsSpecified" value="4" />
  <attribute name="heapSize specified" value="0" />
  <attribute name="Current GC Util" value="109" />
  <attribute name= "Current Time Running" value="21571" />
  <attribute name ="GC Interval" value="0" />
  <attribute name="ProportionalT" value="44.500000" />
  <attribute name="ProportionalI" value="44.500000" />
  <attribute name="ProportionalH" value="44.500000" />
  <attribute name="Current Error" value="89.000000" />
  <attribute name="IntegralT" value="0.000000" />
  <attribute name="IntegralI" value="0.000000" />
  <attribute name="IntegralH" value="0.000000" />
  <attribute name="DerivativeT" value="-inf" />
  <attribute name="DerivativeI" value="-inf" />
  <attribute name="DerivativeH" value="-inf" />
  <attribute name="Loop Time for DT" value="0.000000" />
  <attribute name="Output H" value="2091843584"/>
  <attribute name="Output I" value="200"/>
  <attribute name="Output T" value="4"/>
  <attribute name="Target GC Util Change" value ="20.000000" />
  <attribute name="Current GC Util Change" value="109.000000"/>
  <attribute name="GC Util currently" value="109" />
  <attribute name="CPU Util currently" value="11800448273347" />
<exclusive-end id="2360" timestamp="2019-07-07T05:37:50.771" durationms="5.746" />

<exclusive-start id="2361" timestamp="2019-07-07T05:37:50.793" intervalms="27.607">
  <response-info timems="0.078" idlems="0.078" threads="0" lastid="000000000202A700" lastname="main" />
</exclusive-start>
<allocation-taxation id="2362" taxation-threshold="11534336" timestamp="2019-07-07T05:37:50.793" intervalms="27.586" />
<cycle-start id="2363" type="partial gc" contextid="0" timestamp="2019-07-07T05:37:50.793" intervalms="59.798" />
<gc-start id="2364" type="partial gc" contextid="2363" timestamp="2019-07-07T05:37:50.793">
  <mem-info id="2365" free="7340032" total="63963136" percent="11">
    <mem type="eden" free="1048264" total="24117248" percent="4" />
    <remembered-set count="61248" freebytes="2308224" totalbytes="2553216" percent="90" regionsoverflowed="0" regionsstable="5" regionsrebuilding="0"/>
  </mem-info>
</gc-start>
<allocation-stats totalBytes="23064176" >
  <allocated-bytes non-tlh="0" tlh="23064176" arrayletleaf="0"/>
  <largest-consumer threadName="main" threadId="000000000202A700" bytes="11532232" />
</allocation-stats>
<gc-op id="2366" type="sweep" timems="0.567" contextid="2363" timestamp="2019-07-07T05:37:50.794" />
<gc-op id="2367" type="copy forward" timems="1.351" contextid="2363" timestamp="2019-07-07T05:37:50.796">
  <memory-copied type="eden" objects="3" bytes="120" bytesdiscarded="0" />
  <memory-copied type="other" objects="0" bytes="0" bytesdiscarded="0" />
  <memory-cardclean objects="27" bytes="1976" />
  <regions eden="11" other="1" />
  <remembered-set-cleared processed="59259" cleared="45" durationms="0.265" />
  <stringconstants candidates="13688" cleared="0"  />
</gc-op>
<gc-op id="2368" type="classunload" timems="0.004" contextid="2363" timestamp="2019-07-07T05:37:50.796">
  <classunload-info classloadercandidates="54" classloadersunloaded="0" classesunloaded="0" anonymousclassesunloaded="0" quiescems="0.000" setupms="0.004" scanms="0.000" postms="0.000" />
</gc-op>
<heap-resize id="2369" type="expand" space="default" amount="11534336" count="1" timems="0.072" reason="excessive time being spent in gc" timestamp="2019-07-07T05:37:50.796" />
<gc-end id="2370" type="partial gc" contextid="2363" durationms="3.161" usertimems="0.000" systemtimems="4.000" timestamp="2019-07-07T05:37:50.797" activeThreads="4">
  <mem-info id="2371" free="41943040" total="75497472" percent="55">
    <mem type="eden" free="1048456" total="1048576" percent="99" />
    <remembered-set count="62048" freebytes="2765440" totalbytes="3013632" percent="91" regionsoverflowed="0" regionsstable="5" regionsrebuilding="0"/>
  </mem-info>
</gc-end>
<cycle-end id="2372" type="partial gc" contextid="2363" timestamp="2019-07-07T05:37:50.797" />
  <attribute name="elasticGC enabled" value="1" />
  <attribute name= "numThreadsSpecified" value="4" />
  <attribute name="heapSize specified" value="0" />
  <attribute name="Current GC Util" value="65" />
  <attribute name= "Current Time Running" value="21597" />
  <attribute name ="GC Interval" value="0" />
  <attribute name="ProportionalT" value="22.500000" />
  <attribute name="ProportionalI" value="22.500000" />
  <attribute name="ProportionalH" value="22.500000" />
  <attribute name="Current Error" value="45.000000" />
  <attribute name="IntegralT" value="22.500000" />
  <attribute name="IntegralI" value="22.500000" />
  <attribute name="IntegralH" value="22.500000" />
  <attribute name="DerivativeT" value="-22.000000" />
  <attribute name="DerivativeI" value="-22.000000" />
  <attribute name="DerivativeH" value="-22.000000" />
  <attribute name="Loop Time for DT" value="1.000000" />
  <attribute name="Output H" value="8388608"/>
  <attribute name="Output I" value="200"/>
  <attribute name="Output T" value="4"/>
  <attribute name="Target GC Util Change" value ="20.000000" />
  <attribute name="Current GC Util Change" value="65.000000"/>
  <attribute name="GC Util currently" value="65" />
  <attribute name="CPU Util currently" value="23432173101012" />
<exclusive-end id="2373" timestamp="2019-07-07T05:37:50.797" durationms="3.931" />

<exclusive-start id="2374" timestamp="2019-07-07T05:37:50.821" intervalms="27.792">
  <response-info timems="0.092" idlems="0.092" threads="0" lastid="000000000202A700" lastname="main" />
</exclusive-start>
<allocation-taxation id="2375" taxation-threshold="12582912" timestamp="2019-07-07T05:37:50.821" intervalms="27.831" />
<cycle-start id="2376" type="global mark phase" contextid="0" timestamp="2019-07-07T05:37:50.821" intervalms="1148.859" />
<gc-start id="2377" type="global mark phase" contextid="2376" timestamp="2019-07-07T05:37:50.821">
  <mem-info id="2378" free="29360128" total="75497472" percent="38">
    <remembered-set count="62048" freebytes="2765440" totalbytes="3013632" percent="91" regionsoverflowed="0" regionsstable="5" regionsrebuilding="0"/>
  </mem-info>
</gc-start>
<gc-op id="2379" type="mark increment" timems="0.557" contextid="2376" timestamp="2019-07-07T05:37:50.822">
  <trace-info objectcount="204" scancount="0" scanbytes="0" />
</gc-op>
<gc-end id="2380" type="global mark phase" contextid="2376" durationms="0.703" usertimems="0.000" systemtimems="0.000" timestamp="2019-07-07T05:37:50.822" activeThreads="1">
  <mem-info id="2381" free="29360128" total="75497472" percent="38">
    <remembered-set count="62048" freebytes="2765440" totalbytes="3013632" percent="91" regionsoverflowed="0" regionsstable="0" regionsrebuilding="5"/>
  </mem-info>
</gc-end>
<concurrent-start id="2382" type="GMP work packet processing" contextid="2376" timestamp="2019-07-07T05:37:50.822">
  <concurrent-mark-start scanTarget="1824356" />
</concurrent-start>
<exclusive-end id="2383" timestamp="2019-07-07T05:37:50.822" durationms="1.370" />

<concurrent-end id="2384" type="GMP work packet processing" contextid="2376" timestamp="2019-07-07T05:37:50.824">
  <concurrent-mark-end bytesScanned="1873788" reasonForTermination="Work target met" />
</concurrent-end>

<exclusive-start id="2385" timestamp="2019-07-07T05:37:50.848" intervalms="26.784">
  <response-info timems="0.076" idlems="0.076" threads="0" lastid="000000000202A700" lastname="main" />
</exclusive-start>
<allocation-taxation id="2386" taxation-threshold="12582912" timestamp="2019-07-07T05:37:50.848" intervalms="26.769" />
<cycle-start id="2387" type="partial gc" contextid="0" timestamp="2019-07-07T05:37:50.848" intervalms="54.567" />
<gc-start id="2388" type="partial gc" contextid="2387" timestamp="2019-07-07T05:37:50.848">
  <mem-info id="2389" free="16777216" total="75497472" percent="22">
    <mem type="eden" free="1048456" total="26214400" percent="3" />
    <remembered-set count="64288" freebytes="2756480" totalbytes="3013632" percent="91" regionsoverflowed="0" regionsstable="0" regionsrebuilding="5"/>
  </mem-info>
</gc-start>
<allocation-stats totalBytes="25161168" >
  <allocated-bytes non-tlh="0" tlh="25161168" arrayletleaf="0"/>
  <largest-consumer threadName="main" threadId="000000000202A700" bytes="12580736" />
</allocation-stats>
<gc-op id="2390" type="copy forward" timems="9.263" contextid="2387" timestamp="2019-07-07T05:37:50.858">
  <memory-copied type="eden" objects="5" bytes="240" bytesdiscarded="0" />
  <memory-copied type="other" objects="21184" bytes="902912" bytesdiscarded="0" />
  <memory-cardclean objects="93137" bytes="2516016" />
  <regions eden="24" other="10" />
  <remembered-set-cleared processed="53447" cleared="14656" durationms="0.519" />
  <finalization candidates="13" enqueued="0" />
  <references type="soft" candidates="48" cleared="0" enqueued="0" dynamicThreshold="12" maxThreshold="32" />
  <references type="weak" candidates="287" cleared="0" enqueued="0" />
  <references type="phantom" candidates="76" cleared="0" enqueued="0" />
  <stringconstants candidates="13688" cleared="0"  />
</gc-op>
<gc-op id="2391" type="classunload" timems="0.004" contextid="2387" timestamp="2019-07-07T05:37:50.858">
  <classunload-info classloadercandidates="54" classloadersunloaded="0" classesunloaded="0" anonymousclassesunloaded="0" quiescems="0.000" setupms="0.004" scanms="0.000" postms="0.000" />
</gc-op>
<gc-end id="2392" type="partial gc" contextid="2387" durationms="10.197" usertimems="8.000" systemtimems="0.000" timestamp="2019-07-07T05:37:50.858" activeThreads="1">
  <mem-info id="2393" free="49283072" total="75497472" percent="65">
    <mem type="eden" free="1048336" total="1048576" percent="99" />
    <remembered-set count="58080" freebytes="2781312" totalbytes="3013632" percent="92" regionsoverflowed="0" regionsstable="0" regionsrebuilding="5"/>
  </mem-info>
</gc-end>
<cycle-end id="2394" type="partial gc" contextid="2387" timestamp="2019-07-07T05:37:50.858" />
  <attribute name="elasticGC enabled" value="1" />
  <attribute name= "numThreadsSpecified" value="1" />
  <attribute name="heapSize specified" value="0" />
  <attribute name="Current GC Util" value="71" />
  <attribute name= "Current Time Running" value="21650" />
  <attribute name ="GC Interval" value="0" />
  <attribute name="ProportionalT" value="25.500000" />
  <attribute name="ProportionalI" value="25.500000" />
  <attribute name="ProportionalH" value="25.500000" />
  <attribute name="Current Error" value="51.000000" />
  <attribute name="IntegralT" value="0.000000" />
  <attribute name="IntegralI" value="0.000000" />
  <attribute name="IntegralH" value="0.000000" />
  <attribute name="DerivativeT" value="inf" />
  <attribute name="DerivativeI" value="inf" />
  <attribute name="DerivativeH" value="inf" />
  <attribute name="Loop Time for DT" value="0.000000" />
  <attribute name="Output H" value="8388608"/>
  <attribute name="Output I" value="200"/>
  <attribute name="Output T" value="1"/>
  <attribute name="Target GC Util Change" value ="20.000000" />
  <attribute name="Current GC Util Change" value="71.000000"/>
  <attribute name="GC Util currently" value="71" />
  <attribute name="CPU Util currently" value="18153528163171" />
<exclusive-end id="2395" timestamp="2019-07-07T05:37:50.859" durationms="11.088" />

<exclusive-start id="2396" timestamp="2019-07-07T05:37:50.883" intervalms="35.429">
  <response-info timems="0.132" idlems="0.132" threads="0" lastid="000000000202A700" lastname="main" />
</exclusive-start>
<allocation-taxation id="2397" taxation-threshold="12582912" timestamp="2019-07-07T05:37:50.883" intervalms="35.430" />
<gc-start id="2398" type="global mark phase" contextid="2376" timestamp="2019-07-07T05:37:50.883">
  <mem-info id="2399" free="36700160" total="75497472" percent="48">
    <remembered-set count="57632" freebytes="2783104" totalbytes="3013632" percent="92" regionsoverflowed="0" regionsstable="0" regionsrebuilding="5"/>
  </mem-info>
</gc-start>
<gc-end id="2400" type="global mark phase" contextid="2376" durationms="0.093" usertimems="0.000" systemtimems="0.000" timestamp="2019-07-07T05:37:50.883" activeThreads="1">
  <mem-info id="2401" free="36700160" total="75497472" percent="48">
    <remembered-set count="57632" freebytes="2783104" totalbytes="3013632" percent="92" regionsoverflowed="0" regionsstable="0" regionsrebuilding="5"/>
  </mem-info>
</gc-end>
<concurrent-start id="2402" type="GMP work packet processing" contextid="2376" timestamp="2019-07-07T05:37:50.883">
  <concurrent-mark-start scanTarget="1048576" />
</concurrent-start>
<concurrent-end id="2403" type="GMP work packet processing" contextid="2376" timestamp="2019-07-07T05:37:50.884">
  <concurrent-mark-end bytesScanned="1142240" reasonForTermination="Work target met" />
</concurrent-end>

<exclusive-end id="2404" timestamp="2019-07-07T05:37:50.884" durationms="1.375" />

<exclusive-start id="2405" timestamp="2019-07-07T05:37:50.908" intervalms="25.332">
  <response-info timems="0.070" idlems="0.070" threads="0" lastid="000000000202A700" lastname="main" />
</exclusive-start>
<allocation-taxation id="2406" taxation-threshold="12582912" timestamp="2019-07-07T05:37:50.908" intervalms="25.331" />
<cycle-start id="2407" type="partial gc" contextid="0" timestamp="2019-07-07T05:37:50.909" intervalms="60.778" />
<gc-start id="2408" type="partial gc" contextid="2407" timestamp="2019-07-07T05:37:50.909">
  <mem-info id="2409" free="24117248" total="75497472" percent="31">
    <mem type="eden" free="1048336" total="26214400" percent="3" />
    <remembered-set count="58336" freebytes="2780288" totalbytes="3013632" percent="92" regionsoverflowed="0" regionsstable="0" regionsrebuilding="5"/>
  </mem-info>
</gc-start>
<allocation-stats totalBytes="25161312" >
  <allocated-bytes non-tlh="0" tlh="25161312" arrayletleaf="0"/>
  <largest-consumer threadName="main" threadId="000000000202A700" bytes="12580728" />
</allocation-stats>
<gc-op id="2410" type="copy forward" timems="1.553" contextid="2407" timestamp="2019-07-07T05:37:50.911">
  <memory-copied type="eden" objects="5" bytes="240" bytesdiscarded="0" />
  <memory-copied type="other" objects="28" bytes="768" bytesdiscarded="0" />
  <memory-cardclean objects="56" bytes="10656" />
  <regions eden="24" other="2" />
  <remembered-set-cleared processed="56459" cleared="57" durationms="0.456" />
  <references type="weak" candidates="14" cleared="0" enqueued="0" />
  <stringconstants candidates="13688" cleared="0"  />
</gc-op>
<gc-op id="2411" type="classunload" timems="0.004" contextid="2407" timestamp="2019-07-07T05:37:50.911">
  <classunload-info classloadercandidates="54" classloadersunloaded="0" classesunloaded="0" anonymousclassesunloaded="0" quiescems="0.000" setupms="0.004" scanms="0.000" postms="0.000" />
</gc-op>
<heap-resize id="2412" type="contract" space="default" amount="4194304" count="1" timems="0.141" reason="excess free space following gc" timestamp="2019-07-07T05:37:50.911" />
<gc-end id="2413" type="partial gc" contextid="2407" durationms="2.658" usertimems="4.000" systemtimems="0.000" timestamp="2019-07-07T05:37:50.911" activeThreads="1">
  <mem-info id="2414" free="45088768" total="71303168" percent="63">
    <mem type="eden" free="1048336" total="1048576" percent="99" />
    <remembered-set count="58784" freebytes="2778496" totalbytes="3013632" percent="92" regionsoverflowed="0" regionsstable="0" regionsrebuilding="5"/>
  </mem-info>
</gc-end>
<cycle-end id="2415" type="partial gc" contextid="2407" timestamp="2019-07-07T05:37:50.912" />
  <attribute name="elasticGC enabled" value="1" />
  <attribute name= "numThreadsSpecified" value="1" />
  <attribute name="heapSize specified" value="0" />
  <attribute name="Current GC Util" value="68" />
  <attribute name= "Current Time Running" value="21711" />
  <attribute name ="GC Interval" value="0" />
  <attribute name="ProportionalT" value="24.000000" />
  <attribute name="ProportionalI" value="24.000000" />
  <attribute name="ProportionalH" value="24.000000" />
  <attribute name="Current Error" value="48.000000" />
  <attribute name="IntegralT" value="0.000000" />
  <attribute name="IntegralI" value="0.000000" />
  <attribute name="IntegralH" value="0.000000" />
  <attribute name="DerivativeT" value="inf" />
  <attribute name="DerivativeI" value="inf" />
  <attribute name="DerivativeH" value="inf" />
  <attribute name="Loop Time for DT" value="0.000000" />
  <attribute name="Output H" value="8388608"/>
  <attribute name="Output I" value="200"/>
  <attribute name="Output T" value="1"/>
  <attribute name="Target GC Util Change" value ="20.000000" />
  <attribute name="Current GC Util Change" value="68.000000"/>
  <attribute name="GC Util currently" value="68" />
  <attribute name="CPU Util currently" value="20564748529346" />
<exclusive-end id="2416" timestamp="2019-07-07T05:37:50.912" durationms="3.487" />

<exclusive-start id="2417" timestamp="2019-07-07T05:37:50.934" intervalms="25.390">
  <response-info timems="0.079" idlems="0.079" threads="0" lastid="000000000202A700" lastname="main" />
</exclusive-start>
<allocation-taxation id="2418" taxation-threshold="11534336" timestamp="2019-07-07T05:37:50.934" intervalms="25.419" />
<gc-start id="2419" type="global mark phase" contextid="2376" timestamp="2019-07-07T05:37:50.934">
  <mem-info id="2420" free="33554432" total="71303168" percent="47">
    <remembered-set count="58368" freebytes="2780160" totalbytes="3013632" percent="92" regionsoverflowed="0" regionsstable="0" regionsrebuilding="5"/>
  </mem-info>
</gc-start>
<gc-end id="2421" type="global mark phase" contextid="2376" durationms="0.147" usertimems="0.000" systemtimems="0.000" timestamp="2019-07-07T05:37:50.934" activeThreads="1">
  <mem-info id="2422" free="33554432" total="71303168" percent="47">
    <remembered-set count="58368" freebytes="2780160" totalbytes="3013632" percent="92" regionsoverflowed="0" regionsstable="0" regionsrebuilding="5"/>
  </mem-info>
</gc-end>
<concurrent-start id="2423" type="GMP work packet processing" contextid="2376" timestamp="2019-07-07T05:37:50.934">
  <concurrent-mark-start scanTarget="1048576" />
</concurrent-start>
<concurrent-end id="2424" type="GMP work packet processing" contextid="2376" timestamp="2019-07-07T05:37:50.935">
  <concurrent-mark-end bytesScanned="1090004" reasonForTermination="Work target met" />
</concurrent-end>

<exclusive-end id="2425" timestamp="2019-07-07T05:37:50.935" durationms="1.479" />

<exclusive-start id="2426" timestamp="2019-07-07T05:37:50.957" intervalms="23.525">
  <response-info timems="0.076" idlems="0.076" threads="0" lastid="000000000202A700" lastname="main" />
</exclusive-start>
<allocation-taxation id="2427" taxation-threshold="11534336" timestamp="2019-07-07T05:37:50.957" intervalms="23.517" />
<cycle-start id="2428" type="partial gc" contextid="0" timestamp="2019-07-07T05:37:50.958" intervalms="49.031" />
<gc-start id="2429" type="partial gc" contextid="2428" timestamp="2019-07-07T05:37:50.958">
  <mem-info id="2430" free="22020096" total="71303168" percent="30">
    <mem type="eden" free="1048336" total="24117248" percent="4" />
    <remembered-set count="58432" freebytes="2779904" totalbytes="3013632" percent="92" regionsoverflowed="0" regionsstable="0" regionsrebuilding="5"/>
  </mem-info>
</gc-start>
<allocation-stats totalBytes="23064568" >
  <allocated-bytes non-tlh="0" tlh="23064568" arrayletleaf="0"/>
  <largest-consumer threadName="main" threadId="000000000202A700" bytes="11532384" />
</allocation-stats>
<gc-op id="2431" type="copy forward" timems="1.868" contextid="2428" timestamp="2019-07-07T05:37:50.961">
  <memory-copied type="eden" objects="5" bytes="240" bytesdiscarded="0" />
  <memory-copied type="other" objects="37" bytes="1200" bytesdiscarded="256" />
  <memory-cardclean objects="19274" bytes="440936" />
  <regions eden="22" other="2" />
  <remembered-set-cleared processed="54764" cleared="1618" durationms="0.249" />
  <references type="weak" candidates="16" cleared="0" enqueued="0" />
  <stringconstants candidates="13688" cleared="0"  />
</gc-op>
<gc-op id="2432" type="classunload" timems="0.004" contextid="2428" timestamp="2019-07-07T05:37:50.961">
  <classunload-info classloadercandidates="54" classloadersunloaded="0" classesunloaded="0" anonymousclassesunloaded="0" quiescems="0.000" setupms="0.004" scanms="0.000" postms="0.000" />
</gc-op>
<heap-resize id="2433" type="contract" space="default" amount="3145728" count="1" timems="0.114" reason="excess free space following gc" timestamp="2019-07-07T05:37:50.961" />
<gc-end id="2434" type="partial gc" contextid="2428" durationms="3.328" usertimems="4.000" systemtimems="4.000" timestamp="2019-07-07T05:37:50.961" activeThreads="4">
  <mem-info id="2435" free="41943040" total="68157440" percent="61">
    <mem type="eden" free="1048336" total="1048576" percent="99" />
    <remembered-set count="58816" freebytes="2610944" totalbytes="2846208" percent="91" regionsoverflowed="0" regionsstable="0" regionsrebuilding="5"/>
  </mem-info>
</gc-end>
<cycle-end id="2436" type="partial gc" contextid="2428" timestamp="2019-07-07T05:37:50.961" />
  <attribute name="elasticGC enabled" value="1" />
  <attribute name= "numThreadsSpecified" value="4" />
  <attribute name="heapSize specified" value="0" />
  <attribute name="Current GC Util" value="42" />
  <attribute name= "Current Time Running" value="21761" />
  <attribute name ="GC Interval" value="0" />
  <attribute name="ProportionalT" value="11.000000" />
  <attribute name="ProportionalI" value="11.000000" />
  <attribute name="ProportionalH" value="11.000000" />
  <attribute name="Current Error" value="22.000000" />
  <attribute name="IntegralT" value="11.000000" />
  <attribute name="IntegralI" value="11.000000" />
  <attribute name="IntegralH" value="11.000000" />
  <attribute name="DerivativeT" value="22.000000" />
  <attribute name="DerivativeI" value="22.000000" />
  <attribute name="DerivativeH" value="22.000000" />
  <attribute name="Loop Time for DT" value="1.000000" />
  <attribute name="Output H" value="8388608"/>
  <attribute name="Output I" value="200"/>
  <attribute name="Output T" value="4"/>
  <attribute name="Target GC Util Change" value ="20.000000" />
  <attribute name="Current GC Util Change" value="42.000000"/>
  <attribute name="GC Util currently" value="42" />
  <attribute name="CPU Util currently" value="10525478979768" />
<exclusive-end id="2437" timestamp="2019-07-07T05:37:50.962" durationms="4.410" />

<exclusive-start id="2438" timestamp="2019-07-07T05:37:50.984" intervalms="26.367">
  <response-info timems="0.081" idlems="0.081" threads="0" lastid="000000000202A700" lastname="main" />
</exclusive-start>
<allocation-taxation id="2439" taxation-threshold="11534336" timestamp="2019-07-07T05:37:50.984" intervalms="26.350" />
<gc-start id="2440" type="global mark phase" contextid="2376" timestamp="2019-07-07T05:37:50.984">
  <mem-info id="2441" free="30408704" total="68157440" percent="44">
    <remembered-set count="58592" freebytes="2611840" totalbytes="2846208" percent="91" regionsoverflowed="0" regionsstable="0" regionsrebuilding="5"/>
  </mem-info>
</gc-start>
<gc-end id="2442" type="global mark phase" contextid="2376" durationms="0.147" usertimems="0.000" systemtimems="0.000" timestamp="2019-07-07T05:37:50.984" activeThreads="4">
  <mem-info id="2443" free="30408704" total="68157440" percent="44">
    <remembered-set count="58592" freebytes="2611840" totalbytes="2846208" percent="91" regionsoverflowed="0" regionsstable="0" regionsrebuilding="5"/>
  </mem-info>
</gc-end>
<concurrent-start id="2444" type="GMP work packet processing" contextid="2376" timestamp="2019-07-07T05:37:50.984">
  <concurrent-mark-start scanTarget="2432474" />
</concurrent-start>
<exclusive-end id="2445" timestamp="2019-07-07T05:37:50.985" durationms="1.858" />

<concurrent-end id="2446" type="GMP work packet processing" contextid="2376" timestamp="2019-07-07T05:37:50.985">
  <concurrent-mark-end bytesScanned="2480416" reasonForTermination="Work target met" />
</concurrent-end>

<exclusive-start id="2447" timestamp="2019-07-07T05:37:51.008" intervalms="24.028">
  <response-info timems="0.156" idlems="0.156" threads="0" lastid="000000000202A700" lastname="main" />
</exclusive-start>
<allocation-taxation id="2448" taxation-threshold="11534336" timestamp="2019-07-07T05:37:51.008" intervalms="24.045" />
<cycle-start id="2449" type="partial gc" contextid="0" timestamp="2019-07-07T05:37:51.008" intervalms="50.388" />
<gc-start id="2450" type="partial gc" contextid="2449" timestamp="2019-07-07T05:37:51.008">
  <mem-info id="2451" free="18874368" total="68157440" percent="27">
    <mem type="eden" free="1048336" total="24117248" percent="4" />
    <remembered-set count="60064" freebytes="2605952" totalbytes="2846208" percent="91" regionsoverflowed="0" regionsstable="0" regionsrebuilding="5"/>
  </mem-info>
</gc-start>
<allocation-stats totalBytes="23064568" >
  <allocated-bytes non-tlh="0" tlh="23064568" arrayletleaf="0"/>
  <largest-consumer threadName="main" threadId="000000000202A700" bytes="11532384" />
</allocation-stats>
<gc-op id="2452" type="copy forward" timems="1.556" contextid="2449" timestamp="2019-07-07T05:37:51.011">
  <memory-copied type="eden" objects="7" bytes="280" bytesdiscarded="0" />
  <memory-copied type="other" objects="7" bytes="160" bytesdiscarded="0" />
  <memory-cardclean objects="45" bytes="2000" />
  <regions eden="22" other="2" />
  <remembered-set-cleared processed="58209" cleared="66" durationms="0.463" />
  <stringconstants candidates="13688" cleared="0"  />
</gc-op>
<gc-op id="2453" type="classunload" timems="0.004" contextid="2449" timestamp="2019-07-07T05:37:51.011">
  <classunload-info classloadercandidates="54" classloadersunloaded="0" classesunloaded="0" anonymousclassesunloaded="0" quiescems="0.000" setupms="0.004" scanms="0.000" postms="0.000" />
</gc-op>
<gc-end id="2454" type="partial gc" contextid="2449" durationms="2.819" usertimems="4.000" systemtimems="0.000" timestamp="2019-07-07T05:37:51.011" activeThreads="1">
  <mem-info id="2455" free="41943040" total="68157440" percent="61">
    <mem type="eden" free="1048296" total="1048576" percent="99" />
    <remembered-set count="59904" freebytes="2481024" totalbytes="2720640" percent="91" regionsoverflowed="0" regionsstable="0" regionsrebuilding="5"/>
  </mem-info>
</gc-end>
<cycle-end id="2456" type="partial gc" contextid="2449" timestamp="2019-07-07T05:37:51.011" />
  <attribute name="elasticGC enabled" value="1" />
  <attribute name= "numThreadsSpecified" value="1" />
  <attribute name="heapSize specified" value="0" />
  <attribute name="Current GC Util" value="31" />
  <attribute name= "Current Time Running" value="21811" />
  <attribute name ="GC Interval" value="0" />
  <attribute name="ProportionalT" value="5.500000" />
  <attribute name="ProportionalI" value="5.500000" />
  <attribute name="ProportionalH" value="5.500000" />
  <attribute name="Current Error" value="11.000000" />
  <attribute name="IntegralT" value="0.000000" />
  <attribute name="IntegralI" value="0.000000" />
  <attribute name="IntegralH" value="0.000000" />
  <attribute name="DerivativeT" value="inf" />
  <attribute name="DerivativeI" value="inf" />
  <attribute name="DerivativeH" value="inf" />
  <attribute name="Loop Time for DT" value="0.000000" />
  <attribute name="Output H" value="8388608"/>
  <attribute name="Output I" value="200"/>
  <attribute name="Output T" value="1"/>
  <attribute name="Target GC Util Change" value ="20.000000" />
  <attribute name="Current GC Util Change" value="31.000000"/>
  <attribute name="GC Util currently" value="31" />
  <attribute name="CPU Util currently" value="10136843487790" />
<exclusive-end id="2457" timestamp="2019-07-07T05:37:51.012" durationms="3.936" />

<exclusive-start id="2458" timestamp="2019-07-07T05:37:51.033" intervalms="25.880">
  <response-info timems="0.072" idlems="0.072" threads="0" lastid="000000000202A700" lastname="main" />
</exclusive-start>
<allocation-taxation id="2459" taxation-threshold="11534336" timestamp="2019-07-07T05:37:51.034" intervalms="25.934" />
<gc-start id="2460" type="global mark phase" contextid="2376" timestamp="2019-07-07T05:37:51.034">
  <mem-info id="2461" free="30408704" total="68157440" percent="44">
    <remembered-set count="59488" freebytes="2482688" totalbytes="2720640" percent="91" regionsoverflowed="0" regionsstable="0" regionsrebuilding="5"/>
  </mem-info>
</gc-start>
<gc-end id="2462" type="global mark phase" contextid="2376" durationms="0.147" usertimems="0.000" systemtimems="0.000" timestamp="2019-07-07T05:37:51.034" activeThreads="1">
  <mem-info id="2463" free="30408704" total="68157440" percent="44">
    <remembered-set count="59488" freebytes="2482688" totalbytes="2720640" percent="91" regionsoverflowed="0" regionsstable="0" regionsrebuilding="5"/>
  </mem-info>
</gc-end>
<concurrent-start id="2464" type="GMP work packet processing" contextid="2376" timestamp="2019-07-07T05:37:51.034">
  <concurrent-mark-start scanTarget="1048576" />
</concurrent-start>
<exclusive-end id="2465" timestamp="2019-07-07T05:37:51.035" durationms="1.615" />

<concurrent-end id="2466" type="GMP work packet processing" contextid="2376" timestamp="2019-07-07T05:37:51.035">
  <concurrent-mark-end bytesScanned="1086120" reasonForTermination="Work target met" />
</concurrent-end>

<exclusive-start id="2467" timestamp="2019-07-07T05:37:51.057" intervalms="23.833">
  <response-info timems="0.080" idlems="0.080" threads="0" lastid="000000000202A700" lastname="main" />
</exclusive-start>
<allocation-taxation id="2468" taxation-threshold="11534336" timestamp="2019-07-07T05:37:51.057" intervalms="23.724" />
<cycle-start id="2469" type="partial gc" contextid="0" timestamp="2019-07-07T05:37:51.058" intervalms="49.628" />
<gc-start id="2470" type="partial gc" contextid="2469" timestamp="2019-07-07T05:37:51.058">
  <mem-info id="2471" free="18874368" total="68157440" percent="27">
    <mem type="eden" free="1048296" total="24117248" percent="4" />
    <remembered-set count="61568" freebytes="2474368" totalbytes="2720640" percent="90" regionsoverflowed="0" regionsstable="0" regionsrebuilding="5"/>
  </mem-info>
</gc-start>
<allocation-stats totalBytes="23063264" >
  <allocated-bytes non-tlh="0" tlh="23063264" arrayletleaf="0"/>
  <largest-consumer threadName="main" threadId="000000000202A700" bytes="11531384" />
</allocation-stats>
<gc-op id="2472" type="copy forward" timems="1.528" contextid="2469" timestamp="2019-07-07T05:37:51.060">
  <memory-copied type="eden" objects="26" bytes="1344" bytesdiscarded="0" />
  <memory-copied type="other" objects="14" bytes="320" bytesdiscarded="0" />
  <memory-cardclean objects="80" bytes="3056" />
  <regions eden="22" other="2" />
  <remembered-set-cleared processed="58959" cleared="46" durationms="0.490" />
  <stringconstants candidates="13688" cleared="0"  />
</gc-op>
<gc-op id="2473" type="classunload" timems="0.004" contextid="2469" timestamp="2019-07-07T05:37:51.060">
  <classunload-info classloadercandidates="54" classloadersunloaded="0" classesunloaded="0" anonymousclassesunloaded="0" quiescems="0.000" setupms="0.004" scanms="0.000" postms="0.000" />
</gc-op>
<gc-end id="2474" type="partial gc" contextid="2469" durationms="2.553" usertimems="0.000" systemtimems="0.000" timestamp="2019-07-07T05:37:51.060" activeThreads="1">
  <mem-info id="2475" free="41943040" total="68157440" percent="61">
    <mem type="eden" free="1047232" total="1048576" percent="99" />
    <remembered-set count="61920" freebytes="2472960" totalbytes="2720640" percent="90" regionsoverflowed="0" regionsstable="0" regionsrebuilding="5"/>
  </mem-info>
</gc-end>
<cycle-end id="2476" type="partial gc" contextid="2469" timestamp="2019-07-07T05:37:51.061" />
  <attribute name="elasticGC enabled" value="1" />
  <attribute name= "numThreadsSpecified" value="1" />
  <attribute name="heapSize specified" value="0" />
  <attribute name="Current GC Util" value="69" />
  <attribute name= "Current Time Running" value="21860" />
  <attribute name ="GC Interval" value="0" />
  <attribute name="ProportionalT" value="24.500000" />
  <attribute name="ProportionalI" value="24.500000" />
  <attribute name="ProportionalH" value="24.500000" />
  <attribute name="Current Error" value="49.000000" />
  <attribute name="IntegralT" value="0.000000" />
  <attribute name="IntegralI" value="0.000000" />
  <attribute name="IntegralH" value="0.000000" />
  <attribute name="DerivativeT" value="inf" />
  <attribute name="DerivativeI" value="inf" />
  <attribute name="DerivativeH" value="inf" />
  <attribute name="Loop Time for DT" value="0.000000" />
  <attribute name="Output H" value="8388608"/>
  <attribute name="Output I" value="200"/>
  <attribute name="Output T" value="1"/>
  <attribute name="Target GC Util Change" value ="20.000000" />
  <attribute name="Current GC Util Change" value="69.000000"/>
  <attribute name="GC Util currently" value="69" />
  <attribute name="CPU Util currently" value="19137294066071" />
<exclusive-end id="2477" timestamp="2019-07-07T05:37:51.061" durationms="3.523" />

<exclusive-start id="2478" timestamp="2019-07-07T05:37:51.075" intervalms="17.266">
  <response-info timems="0.055" idlems="0.055" threads="0" lastid="000000000202A700" lastname="main" />
</exclusive-start>
<allocation-taxation id="2479" taxation-threshold="11534336" timestamp="2019-07-07T05:37:51.075" intervalms="17.340" />
<gc-start id="2480" type="global mark phase" contextid="2376" timestamp="2019-07-07T05:37:51.075">
  <mem-info id="2481" free="30408704" total="68157440" percent="44">
    <remembered-set count="61568" freebytes="2474368" totalbytes="2720640" percent="90" regionsoverflowed="0" regionsstable="0" regionsrebuilding="5"/>
  </mem-info>
</gc-start>
<gc-end id="2482" type="global mark phase" contextid="2376" durationms="0.110" usertimems="0.000" systemtimems="0.000" timestamp="2019-07-07T05:37:51.075" activeThreads="1">
  <mem-info id="2483" free="30408704" total="68157440" percent="44">
    <remembered-set count="61568" freebytes="2474368" totalbytes="2720640" percent="90" regionsoverflowed="0" regionsstable="0" regionsrebuilding="5"/>
  </mem-info>
</gc-end>
<concurrent-start id="2484" type="GMP work packet processing" contextid="2376" timestamp="2019-07-07T05:37:51.075">
  <concurrent-mark-start scanTarget="1048576" />
</concurrent-start>
<exclusive-end id="2485" timestamp="2019-07-07T05:37:51.076" durationms="1.346" />

<concurrent-end id="2486" type="GMP work packet processing" contextid="2376" timestamp="2019-07-07T05:37:51.076">
  <concurrent-mark-end bytesScanned="1082936" reasonForTermination="Work target met" />
</concurrent-end>

<exclusive-start id="2487" timestamp="2019-07-07T05:37:51.084" intervalms="9.929">
  <response-info timems="0.052" idlems="0.052" threads="0" lastid="000000000202A700" lastname="main" />
</exclusive-start>
<allocation-taxation id="2488" taxation-threshold="11534336" timestamp="2019-07-07T05:37:51.085" intervalms="9.858" />
<cycle-start id="2489" type="partial gc" contextid="0" timestamp="2019-07-07T05:37:51.085" intervalms="27.219" />
<gc-start id="2490" type="partial gc" contextid="2489" timestamp="2019-07-07T05:37:51.085">
  <mem-info id="2491" free="18874368" total="68157440" percent="27">
    <mem type="eden" free="1047232" total="24117248" percent="4" />
    <remembered-set count="62048" freebytes="2472448" totalbytes="2720640" percent="90" regionsoverflowed="0" regionsstable="0" regionsrebuilding="5"/>
  </mem-info>
</gc-start>
<allocation-stats totalBytes="23035032" >
  <allocated-bytes non-tlh="0" tlh="23035032" arrayletleaf="0"/>
  <largest-consumer threadName="main" threadId="000000000202A700" bytes="11518560" />
</allocation-stats>
<gc-op id="2492" type="copy forward" timems="1.837" contextid="2489" timestamp="2019-07-07T05:37:51.088">
  <memory-copied type="eden" objects="4" bytes="112" bytesdiscarded="0" />
  <memory-copied type="other" objects="1326" bytes="97840" bytesdiscarded="0" />
  <memory-cardclean objects="165" bytes="20072" />
  <regions eden="22" other="2" />
  <remembered-set-cleared processed="59986" cleared="214" durationms="0.498" />
  <references type="soft" candidates="11" cleared="0" enqueued="0" dynamicThreshold="14" maxThreshold="32" />
  <references type="weak" candidates="52" cleared="0" enqueued="0" />
  <stringconstants candidates="13688" cleared="0"  />
</gc-op>
<gc-op id="2493" type="classunload" timems="0.004" contextid="2489" timestamp="2019-07-07T05:37:51.088">
  <classunload-info classloadercandidates="54" classloadersunloaded="0" classesunloaded="0" anonymousclassesunloaded="0" quiescems="0.000" setupms="0.004" scanms="0.000" postms="0.000" />
</gc-op>
<gc-end id="2494" type="partial gc" contextid="2489" durationms="2.860" usertimems="0.000" systemtimems="0.000" timestamp="2019-07-07T05:37:51.088" activeThreads="1">
  <mem-info id="2495" free="40894464" total="68157440" percent="60">
    <mem type="eden" free="2095784" total="2097152" percent="99" />
    <remembered-set count="62208" freebytes="2471808" totalbytes="2720640" percent="90" regionsoverflowed="0" regionsstable="0" regionsrebuilding="5"/>
  </mem-info>
</gc-end>
<cycle-end id="2496" type="partial gc" contextid="2489" timestamp="2019-07-07T05:37:51.088" />
  <attribute name="elasticGC enabled" value="1" />
  <attribute name= "numThreadsSpecified" value="1" />
  <attribute name="heapSize specified" value="0" />
  <attribute name="Current GC Util" value="51" />
  <attribute name= "Current Time Running" value="21887" />
  <attribute name ="GC Interval" value="0" />
  <attribute name="ProportionalT" value="15.500000" />
  <attribute name="ProportionalI" value="15.500000" />
  <attribute name="ProportionalH" value="15.500000" />
  <attribute name="Current Error" value="31.000000" />
  <attribute name="IntegralT" value="0.000000" />
  <attribute name="IntegralI" value="0.000000" />
  <attribute name="IntegralH" value="0.000000" />
  <attribute name="DerivativeT" value="inf" />
  <attribute name="DerivativeI" value="inf" />
  <attribute name="DerivativeH" value="inf" />
  <attribute name="Loop Time for DT" value="0.000000" />
  <attribute name="Output H" value="8388608"/>
  <attribute name="Output I" value="200"/>
  <attribute name="Output T" value="1"/>
  <attribute name="Target GC Util Change" value ="20.000000" />
  <attribute name="Current GC Util Change" value="51.000000"/>
  <attribute name="GC Util currently" value="51" />
  <attribute name="CPU Util currently" value="18694559020938" />
<exclusive-end id="2497" timestamp="2019-07-07T05:37:51.088" durationms="3.673" />

<exclusive-start id="2498" timestamp="2019-07-07T05:37:51.097" intervalms="12.543">
  <response-info timems="0.052" idlems="0.052" threads="0" lastid="000000000202A700" lastname="main" />
</exclusive-start>
<allocation-taxation id="2499" taxation-threshold="11534336" timestamp="2019-07-07T05:37:51.097" intervalms="12.577" />
<gc-start id="2500" type="global mark phase" contextid="2376" timestamp="2019-07-07T05:37:51.097">
  <mem-info id="2501" free="29360128" total="68157440" percent="43">
    <remembered-set count="62048" freebytes="2472448" totalbytes="2720640" percent="90" regionsoverflowed="0" regionsstable="0" regionsrebuilding="5"/>
  </mem-info>
</gc-start>
<gc-end id="2502" type="global mark phase" contextid="2376" durationms="0.140" usertimems="0.000" systemtimems="0.000" timestamp="2019-07-07T05:37:51.098" activeThreads="1">
  <mem-info id="2503" free="29360128" total="68157440" percent="43">
    <remembered-set count="62048" freebytes="2472448" totalbytes="2720640" percent="90" regionsoverflowed="0" regionsstable="0" regionsrebuilding="5"/>
  </mem-info>
</gc-end>
<concurrent-start id="2504" type="GMP work packet processing" contextid="2376" timestamp="2019-07-07T05:37:51.098">
  <concurrent-mark-start scanTarget="1048576" />
</concurrent-start>
<exclusive-end id="2505" timestamp="2019-07-07T05:37:51.098" durationms="0.752" />

<concurrent-end id="2506" type="GMP work packet processing" contextid="2376" timestamp="2019-07-07T05:37:51.098">
  <concurrent-mark-end bytesScanned="1083608" reasonForTermination="Work target met" />
</concurrent-end>

<exclusive-start id="2507" timestamp="2019-07-07T05:37:51.107" intervalms="10.123">
  <response-info timems="0.064" idlems="0.064" threads="0" lastid="000000000202A700" lastname="main" />
</exclusive-start>
<allocation-taxation id="2508" taxation-threshold="11534336" timestamp="2019-07-07T05:37:51.107" intervalms="10.088" />
<cycle-start id="2509" type="partial gc" contextid="0" timestamp="2019-07-07T05:37:51.107" intervalms="22.662" />
<gc-start id="2510" type="partial gc" contextid="2509" timestamp="2019-07-07T05:37:51.108">
  <mem-info id="2511" free="17825792" total="68157440" percent="26">
    <mem type="eden" free="1048464" total="24117248" percent="4" />
    <remembered-set count="63040" freebytes="2468480" totalbytes="2720640" percent="90" regionsoverflowed="0" regionsstable="0" regionsrebuilding="5"/>
  </mem-info>
</gc-start>
<allocation-stats totalBytes="23036856" >
  <allocated-bytes non-tlh="0" tlh="23036856" arrayletleaf="0"/>
  <largest-consumer threadName="main" threadId="000000000202A700" bytes="11518440" />
</allocation-stats>
<gc-op id="2512" type="copy forward" timems="1.363" contextid="2509" timestamp="2019-07-07T05:37:51.110">
  <memory-copied type="eden" objects="4" bytes="112" bytesdiscarded="0" />
  <memory-copied type="other" objects="0" bytes="0" bytesdiscarded="0" />
  <memory-cardclean objects="10" bytes="232" />
  <regions eden="22" other="1" />
  <remembered-set-cleared processed="61089" cleared="8" durationms="0.441" />
  <stringconstants candidates="13688" cleared="0"  />
</gc-op>
<gc-op id="2513" type="classunload" timems="0.004" contextid="2509" timestamp="2019-07-07T05:37:51.110">
  <classunload-info classloadercandidates="54" classloadersunloaded="0" classesunloaded="0" anonymousclassesunloaded="0" quiescems="0.000" setupms="0.004" scanms="0.000" postms="0.000" />
</gc-op>
<gc-end id="2514" type="partial gc" contextid="2509" durationms="2.333" usertimems="0.000" systemtimems="0.000" timestamp="2019-07-07T05:37:51.110" activeThreads="1">
  <mem-info id="2515" free="40894464" total="68157440" percent="60">
    <mem type="eden" free="1048464" total="1048576" percent="99" />
    <remembered-set count="63520" freebytes="2466560" totalbytes="2720640" percent="90" regionsoverflowed="0" regionsstable="0" regionsrebuilding="5"/>
  </mem-info>
</gc-end>
<cycle-end id="2516" type="partial gc" contextid="2509" timestamp="2019-07-07T05:37:51.110" />
  <attribute name="elasticGC enabled" value="1" />
  <attribute name= "numThreadsSpecified" value="1" />
  <attribute name="heapSize specified" value="0" />
  <attribute name="Current GC Util" value="58" />
  <attribute name= "Current Time Running" value="21910" />
  <attribute name ="GC Interval" value="0" />
  <attribute name="ProportionalT" value="19.000000" />
  <attribute name="ProportionalI" value="19.000000" />
  <attribute name="ProportionalH" value="19.000000" />
  <attribute name="Current Error" value="38.000000" />
  <attribute name="IntegralT" value="0.000000" />
  <attribute name="IntegralI" value="0.000000" />
  <attribute name="IntegralH" value="0.000000" />
  <attribute name="DerivativeT" value="inf" />
  <attribute name="DerivativeI" value="inf" />
  <attribute name="DerivativeH" value="inf" />
  <attribute name="Loop Time for DT" value="0.000000" />
  <attribute name="Output H" value="8388608"/>
  <attribute name="Output I" value="200"/>
  <attribute name="Output T" value="1"/>
  <attribute name="Target GC Util Change" value ="20.000000" />
  <attribute name="Current GC Util Change" value="58.000000"/>
  <attribute name="GC Util currently" value="58" />
  <attribute name="CPU Util currently" value="21493689348102" />
<exclusive-end id="2517" timestamp="2019-07-07T05:37:51.110" durationms="3.188" />

<exclusive-start id="2518" timestamp="2019-07-07T05:37:51.118" intervalms="10.423">
  <response-info timems="0.071" idlems="0.071" threads="0" lastid="000000000202A700" lastname="main" />
</exclusive-start>
<allocation-taxation id="2519" taxation-threshold="11534336" timestamp="2019-07-07T05:37:51.118" intervalms="10.480" />
<gc-start id="2520" type="global mark phase" contextid="2376" timestamp="2019-07-07T05:37:51.118">
  <mem-info id="2521" free="29360128" total="68157440" percent="43">
    <remembered-set count="63040" freebytes="2468480" totalbytes="2720640" percent="90" regionsoverflowed="0" regionsstable="0" regionsrebuilding="5"/>
  </mem-info>
</gc-start>
<gc-end id="2522" type="global mark phase" contextid="2376" durationms="0.139" usertimems="0.000" systemtimems="0.000" timestamp="2019-07-07T05:37:51.118" activeThreads="1">
  <mem-info id="2523" free="29360128" total="68157440" percent="43">
    <remembered-set count="63040" freebytes="2468480" totalbytes="2720640" percent="90" regionsoverflowed="0" regionsstable="0" regionsrebuilding="5"/>
  </mem-info>
</gc-end>
<concurrent-start id="2524" type="GMP work packet processing" contextid="2376" timestamp="2019-07-07T05:37:51.118">
  <concurrent-mark-start scanTarget="1048576" />
</concurrent-start>
<exclusive-end id="2525" timestamp="2019-07-07T05:37:51.118" durationms="0.823" />

<concurrent-end id="2526" type="GMP work packet processing" contextid="2376" timestamp="2019-07-07T05:37:51.119">
  <concurrent-mark-end bytesScanned="1095464" reasonForTermination="Work target met" />
</concurrent-end>

<exclusive-start id="2527" timestamp="2019-07-07T05:37:51.126" intervalms="8.383">
  <response-info timems="0.083" idlems="0.083" threads="0" lastid="000000000202A700" lastname="main" />
</exclusive-start>
<allocation-taxation id="2528" taxation-threshold="11534336" timestamp="2019-07-07T05:37:51.126" intervalms="8.325" />
<cycle-start id="2529" type="partial gc" contextid="0" timestamp="2019-07-07T05:37:51.126" intervalms="18.817" />
<gc-start id="2530" type="partial gc" contextid="2529" timestamp="2019-07-07T05:37:51.127">
  <mem-info id="2531" free="17825792" total="68157440" percent="26">
    <mem type="eden" free="1048464" total="24117248" percent="4" />
    <remembered-set count="63584" freebytes="2466304" totalbytes="2720640" percent="90" regionsoverflowed="0" regionsstable="0" regionsrebuilding="5"/>
  </mem-info>
</gc-start>
<allocation-stats totalBytes="23036832" >
  <allocated-bytes non-tlh="0" tlh="23036832" arrayletleaf="0"/>
  <largest-consumer threadName="main" threadId="000000000202A700" bytes="11518416" />
</allocation-stats>
<gc-op id="2532" type="copy forward" timems="1.439" contextid="2529" timestamp="2019-07-07T05:37:51.129">
  <memory-copied type="eden" objects="4" bytes="112" bytesdiscarded="0" />
  <memory-copied type="other" objects="0" bytes="0" bytesdiscarded="0" />
  <memory-cardclean objects="10" bytes="232" />
  <regions eden="22" other="1" />
  <remembered-set-cleared processed="61433" cleared="8" durationms="0.470" />
  <stringconstants candidates="13688" cleared="0"  />
</gc-op>
<gc-op id="2533" type="classunload" timems="0.004" contextid="2529" timestamp="2019-07-07T05:37:51.129">
  <classunload-info classloadercandidates="54" classloadersunloaded="0" classesunloaded="0" anonymousclassesunloaded="0" quiescems="0.000" setupms="0.003" scanms="0.000" postms="0.000" />
</gc-op>
<gc-end id="2534" type="partial gc" contextid="2529" durationms="2.433" usertimems="4.000" systemtimems="0.000" timestamp="2019-07-07T05:37:51.129" activeThreads="1">
  <mem-info id="2535" free="40894464" total="68157440" percent="60">
    <mem type="eden" free="1048464" total="1048576" percent="99" />
    <remembered-set count="64064" freebytes="2464384" totalbytes="2720640" percent="90" regionsoverflowed="0" regionsstable="0" regionsrebuilding="5"/>
  </mem-info>
</gc-end>
<cycle-end id="2536" type="partial gc" contextid="2529" timestamp="2019-07-07T05:37:51.129" />
  <attribute name="elasticGC enabled" value="1" />
  <attribute name= "numThreadsSpecified" value="1" />
  <attribute name="heapSize specified" value="0" />
  <attribute name="Current GC Util" value="58" />
  <attribute name= "Current Time Running" value="21929" />
  <attribute name ="GC Interval" value="0" />
  <attribute name="ProportionalT" value="19.000000" />
  <attribute name="ProportionalI" value="19.000000" />
  <attribute name="ProportionalH" value="19.000000" />
  <attribute name="Current Error" value="38.000000" />
  <attribute name="IntegralT" value="0.000000" />
  <attribute name="IntegralI" value="0.000000" />
  <attribute name="IntegralH" value="0.000000" />
  <attribute name="DerivativeT" value="inf" />
  <attribute name="DerivativeI" value="inf" />
  <attribute name="DerivativeH" value="inf" />
  <attribute name="Loop Time for DT" value="0.000000" />
  <attribute name="Output H" value="8388608"/>
  <attribute name="Output I" value="200"/>
  <attribute name="Output T" value="1"/>
  <attribute name="Target GC Util Change" value ="20.000000" />
  <attribute name="Current GC Util Change" value="58.000000"/>
  <attribute name="GC Util currently" value="58" />
  <attribute name="CPU Util currently" value="20467273151238" />
<exclusive-end id="2537" timestamp="2019-07-07T05:37:51.129" durationms="3.351" />

<exclusive-start id="2538" timestamp="2019-07-07T05:37:51.137" intervalms="10.586">
  <response-info timems="0.069" idlems="0.069" threads="0" lastid="000000000202A700" lastname="main" />
</exclusive-start>
<allocation-taxation id="2539" taxation-threshold="11534336" timestamp="2019-07-07T05:37:51.137" intervalms="10.650" />
<gc-start id="2540" type="global mark phase" contextid="2376" timestamp="2019-07-07T05:37:51.137">
  <mem-info id="2541" free="29360128" total="68157440" percent="43">
    <remembered-set count="63584" freebytes="2466304" totalbytes="2720640" percent="90" regionsoverflowed="0" regionsstable="0" regionsrebuilding="5"/>
  </mem-info>
</gc-start>
<gc-end id="2542" type="global mark phase" contextid="2376" durationms="0.140" usertimems="0.000" systemtimems="0.000" timestamp="2019-07-07T05:37:51.137" activeThreads="1">
  <mem-info id="2543" free="29360128" total="68157440" percent="43">
    <remembered-set count="63584" freebytes="2466304" totalbytes="2720640" percent="90" regionsoverflowed="0" regionsstable="0" regionsrebuilding="5"/>
  </mem-info>
</gc-end>
<concurrent-start id="2544" type="GMP work packet processing" contextid="2376" timestamp="2019-07-07T05:37:51.137">
  <concurrent-mark-start scanTarget="1048576" />
</concurrent-start>
<exclusive-end id="2545" timestamp="2019-07-07T05:37:51.137" durationms="0.819" />

<concurrent-end id="2546" type="GMP work packet processing" contextid="2376" timestamp="2019-07-07T05:37:51.138">
  <concurrent-mark-end bytesScanned="1092168" reasonForTermination="Work target met" />
</concurrent-end>

<exclusive-start id="2547" timestamp="2019-07-07T05:37:51.145" intervalms="8.525">
  <response-info timems="0.137" idlems="0.137" threads="0" lastid="000000000202A700" lastname="main" />
</exclusive-start>
<allocation-taxation id="2548" taxation-threshold="11534336" timestamp="2019-07-07T05:37:51.145" intervalms="8.467" />
<cycle-start id="2549" type="partial gc" contextid="0" timestamp="2019-07-07T05:37:51.145" intervalms="19.075" />
<gc-start id="2550" type="partial gc" contextid="2549" timestamp="2019-07-07T05:37:51.146">
  <mem-info id="2551" free="17825792" total="68157440" percent="26">
    <mem type="eden" free="1048464" total="24117248" percent="4" />
    <remembered-set count="64864" freebytes="2461184" totalbytes="2720640" percent="90" regionsoverflowed="0" regionsstable="0" regionsrebuilding="5"/>
  </mem-info>
</gc-start>
<allocation-stats totalBytes="23036856" >
  <allocated-bytes non-tlh="0" tlh="23036856" arrayletleaf="0"/>
  <largest-consumer threadName="main" threadId="000000000202A700" bytes="11518416" />
</allocation-stats>
<gc-op id="2552" type="copy forward" timems="1.556" contextid="2549" timestamp="2019-07-07T05:37:51.148">
  <memory-copied type="eden" objects="4" bytes="112" bytesdiscarded="0" />
  <memory-copied type="other" objects="0" bytes="0" bytesdiscarded="0" />
  <memory-cardclean objects="10" bytes="232" />
  <regions eden="22" other="1" />
  <remembered-set-cleared processed="62493" cleared="8" durationms="0.506" />
  <stringconstants candidates="13688" cleared="0"  />
</gc-op>
<gc-op id="2553" type="classunload" timems="0.004" contextid="2549" timestamp="2019-07-07T05:37:51.148">
  <classunload-info classloadercandidates="54" classloadersunloaded="0" classesunloaded="0" anonymousclassesunloaded="0" quiescems="0.000" setupms="0.004" scanms="0.000" postms="0.000" />
</gc-op>
<gc-end id="2554" type="partial gc" contextid="2549" durationms="2.582" usertimems="0.000" systemtimems="0.000" timestamp="2019-07-07T05:37:51.148" activeThreads="1">
  <mem-info id="2555" free="40894464" total="68157440" percent="60">
    <mem type="eden" free="1048464" total="1048576" percent="99" />
    <remembered-set count="65344" freebytes="2459264" totalbytes="2720640" percent="90" regionsoverflowed="0" regionsstable="0" regionsrebuilding="5"/>
  </mem-info>
</gc-end>
<cycle-end id="2556" type="partial gc" contextid="2549" timestamp="2019-07-07T05:37:51.148" />
  <attribute name="elasticGC enabled" value="1" />
  <attribute name= "numThreadsSpecified" value="1" />
  <attribute name="heapSize specified" value="0" />
  <attribute name="Current GC Util" value="45" />
  <attribute name= "Current Time Running" value="21948" />
  <attribute name ="GC Interval" value="0" />
  <attribute name="ProportionalT" value="12.500000" />
  <attribute name="ProportionalI" value="12.500000" />
  <attribute name="ProportionalH" value="12.500000" />
  <attribute name="Current Error" value="25.000000" />
  <attribute name="IntegralT" value="0.000000" />
  <attribute name="IntegralI" value="0.000000" />
  <attribute name="IntegralH" value="0.000000" />
  <attribute name="DerivativeT" value="inf" />
  <attribute name="DerivativeI" value="inf" />
  <attribute name="DerivativeH" value="inf" />
  <attribute name="Loop Time for DT" value="0.000000" />
  <attribute name="Output H" value="8388608"/>
  <attribute name="Output I" value="200"/>
  <attribute name="Output T" value="1"/>
  <attribute name="Target GC Util Change" value ="20.000000" />
  <attribute name="Current GC Util Change" value="45.000000"/>
  <attribute name="GC Util currently" value="45" />
  <attribute name="CPU Util currently" value="17615032567635" />
<exclusive-end id="2557" timestamp="2019-07-07T05:37:51.148" durationms="3.404" />

<exclusive-start id="2558" timestamp="2019-07-07T05:37:51.156" intervalms="10.689">
  <response-info timems="0.075" idlems="0.075" threads="0" lastid="000000000202A700" lastname="main" />
</exclusive-start>
<allocation-taxation id="2559" taxation-threshold="11534336" timestamp="2019-07-07T05:37:51.156" intervalms="10.754" />
<gc-start id="2560" type="global mark phase" contextid="2376" timestamp="2019-07-07T05:37:51.156">
  <mem-info id="2561" free="29360128" total="68157440" percent="43">
    <remembered-set count="64864" freebytes="2461184" totalbytes="2720640" percent="90" regionsoverflowed="0" regionsstable="0" regionsrebuilding="5"/>
  </mem-info>
</gc-start>
<gc-end id="2562" type="global mark phase" contextid="2376" durationms="0.134" usertimems="0.000" systemtimems="0.000" timestamp="2019-07-07T05:37:51.156" activeThreads="1">
  <mem-info id="2563" free="29360128" total="68157440" percent="43">
    <remembered-set count="64864" freebytes="2461184" totalbytes="2720640" percent="90" regionsoverflowed="0" regionsstable="0" regionsrebuilding="5"/>
  </mem-info>
</gc-end>
<concurrent-start id="2564" type="GMP work packet processing" contextid="2376" timestamp="2019-07-07T05:37:51.156">
  <concurrent-mark-start scanTarget="1048576" />
</concurrent-start>
<exclusive-end id="2565" timestamp="2019-07-07T05:37:51.157" durationms="1.409" />

<concurrent-end id="2566" type="GMP work packet processing" contextid="2376" timestamp="2019-07-07T05:37:51.157">
  <concurrent-mark-end bytesScanned="1092980" reasonForTermination="Work target met" />
</concurrent-end>

<exclusive-start id="2567" timestamp="2019-07-07T05:37:51.165" intervalms="8.762">
  <response-info timems="0.186" idlems="0.186" threads="0" lastid="000000000202A700" lastname="main" />
</exclusive-start>
<allocation-taxation id="2568" taxation-threshold="11534336" timestamp="2019-07-07T05:37:51.165" intervalms="8.702" />
<cycle-start id="2569" type="partial gc" contextid="0" timestamp="2019-07-07T05:37:51.165" intervalms="19.494" />
<gc-start id="2570" type="partial gc" contextid="2569" timestamp="2019-07-07T05:37:51.165">
  <mem-info id="2571" free="17825792" total="68157440" percent="26">
    <mem type="eden" free="1048464" total="24117248" percent="4" />
    <remembered-set count="65440" freebytes="2458880" totalbytes="2720640" percent="90" regionsoverflowed="0" regionsstable="0" regionsrebuilding="5"/>
  </mem-info>
</gc-start>
<allocation-stats totalBytes="23036856" >
  <allocated-bytes non-tlh="0" tlh="23036856" arrayletleaf="0"/>
  <largest-consumer threadName="main" threadId="000000000202A700" bytes="11518416" />
</allocation-stats>
<gc-op id="2572" type="copy forward" timems="1.647" contextid="2569" timestamp="2019-07-07T05:37:51.168">
  <memory-copied type="eden" objects="4" bytes="112" bytesdiscarded="0" />
  <memory-copied type="other" objects="0" bytes="0" bytesdiscarded="0" />
  <memory-cardclean objects="10" bytes="232" />
  <regions eden="22" other="1" />
  <remembered-set-cleared processed="63331" cleared="8" durationms="0.257" />
  <stringconstants candidates="13688" cleared="0"  />
</gc-op>
<gc-op id="2573" type="classunload" timems="0.004" contextid="2569" timestamp="2019-07-07T05:37:51.168">
  <classunload-info classloadercandidates="54" classloadersunloaded="0" classesunloaded="0" anonymousclassesunloaded="0" quiescems="0.000" setupms="0.004" scanms="0.000" postms="0.000" />
</gc-op>
<gc-end id="2574" type="partial gc" contextid="2569" durationms="2.689" usertimems="4.000" systemtimems="0.000" timestamp="2019-07-07T05:37:51.168" activeThreads="4">
  <mem-info id="2575" free="40894464" total="68157440" percent="60">
    <mem type="eden" free="1048464" total="1048576" percent="99" />
    <remembered-set count="65152" freebytes="2460032" totalbytes="2720640" percent="90" regionsoverflowed="0" regionsstable="0" regionsrebuilding="5"/>
  </mem-info>
</gc-end>
<cycle-end id="2576" type="partial gc" contextid="2569" timestamp="2019-07-07T05:37:51.168" />
  <attribute name="elasticGC enabled" value="1" />
  <attribute name= "numThreadsSpecified" value="4" />
  <attribute name="heapSize specified" value="0" />
  <attribute name="Current GC Util" value="56" />
  <attribute name= "Current Time Running" value="21968" />
  <attribute name ="GC Interval" value="0" />
  <attribute name="ProportionalT" value="18.000000" />
  <attribute name="ProportionalI" value="18.000000" />
  <attribute name="ProportionalH" value="18.000000" />
  <attribute name="Current Error" value="36.000000" />
  <attribute name="IntegralT" value="18.000000" />
  <attribute name="IntegralI" value="18.000000" />
  <attribute name="IntegralH" value="18.000000" />
  <attribute name="DerivativeT" value="36.000000" />
  <attribute name="DerivativeI" value="36.000000" />
  <attribute name="DerivativeH" value="36.000000" />
  <attribute name="Loop Time for DT" value="1.000000" />
  <attribute name="Output H" value="8388608"/>
  <attribute name="Output I" value="200"/>
  <attribute name="Output T" value="4"/>
  <attribute name="Target GC Util Change" value ="20.000000" />
  <attribute name="Current GC Util Change" value="56.000000"/>
  <attribute name="GC Util currently" value="56" />
  <attribute name="CPU Util currently" value="15536141122481" />
<exclusive-end id="2577" timestamp="2019-07-07T05:37:51.168" durationms="3.629" />

<exclusive-start id="2578" timestamp="2019-07-07T05:37:51.176" intervalms="11.019">
  <response-info timems="0.224" idlems="0.224" threads="0" lastid="000000000202A700" lastname="main" />
</exclusive-start>
<allocation-taxation id="2579" taxation-threshold="11534336" timestamp="2019-07-07T05:37:51.176" intervalms="11.025" />
<gc-start id="2580" type="global mark phase" contextid="2376" timestamp="2019-07-07T05:37:51.176">
  <mem-info id="2581" free="29360128" total="68157440" percent="43">
    <remembered-set count="64672" freebytes="2461952" totalbytes="2720640" percent="90" regionsoverflowed="0" regionsstable="0" regionsrebuilding="5"/>
  </mem-info>
</gc-start>
<gc-end id="2582" type="global mark phase" contextid="2376" durationms="0.160" usertimems="0.000" systemtimems="0.000" timestamp="2019-07-07T05:37:51.176" activeThreads="4">
  <mem-info id="2583" free="29360128" total="68157440" percent="43">
    <remembered-set count="64672" freebytes="2461952" totalbytes="2720640" percent="90" regionsoverflowed="0" regionsstable="0" regionsrebuilding="5"/>
  </mem-info>
</gc-end>
<concurrent-start id="2584" type="GMP work packet processing" contextid="2376" timestamp="2019-07-07T05:37:51.176">
  <concurrent-mark-start scanTarget="2432474" />
</concurrent-start>
<concurrent-end id="2585" type="GMP work packet processing" contextid="2376" timestamp="2019-07-07T05:37:51.177">
  <concurrent-mark-end bytesScanned="353576" reasonForTermination="Completed all work in GC phase" />
</concurrent-end>

<exclusive-end id="2586" timestamp="2019-07-07T05:37:51.177" durationms="1.108" />

<exclusive-start id="2587" timestamp="2019-07-07T05:37:51.184" intervalms="8.406">
  <response-info timems="0.083" idlems="0.083" threads="0" lastid="000000000202A700" lastname="main" />
</exclusive-start>
<allocation-taxation id="2588" taxation-threshold="11534336" timestamp="2019-07-07T05:37:51.184" intervalms="8.409" />
<cycle-start id="2589" type="partial gc" contextid="0" timestamp="2019-07-07T05:37:51.184" intervalms="19.431" />
<gc-start id="2590" type="partial gc" contextid="2589" timestamp="2019-07-07T05:37:51.185">
  <mem-info id="2591" free="17825792" total="68157440" percent="26">
    <mem type="eden" free="1048464" total="24117248" percent="4" />
    <remembered-set count="66240" freebytes="2455680" totalbytes="2720640" percent="90" regionsoverflowed="0" regionsstable="0" regionsrebuilding="5"/>
  </mem-info>
</gc-start>
<allocation-stats totalBytes="23036856" >
  <allocated-bytes non-tlh="0" tlh="23036856" arrayletleaf="0"/>
  <largest-consumer threadName="main" threadId="000000000202A700" bytes="11518440" />
</allocation-stats>
<gc-op id="2592" type="copy forward" timems="1.476" contextid="2589" timestamp="2019-07-07T05:37:51.187">
  <memory-copied type="eden" objects="4" bytes="112" bytesdiscarded="0" />
  <memory-copied type="other" objects="0" bytes="0" bytesdiscarded="0" />
  <memory-cardclean objects="10" bytes="232" />
  <regions eden="22" other="1" />
  <remembered-set-cleared processed="63833" cleared="8" durationms="0.514" />
  <stringconstants candidates="13688" cleared="0"  />
</gc-op>
<gc-op id="2593" type="classunload" timems="0.005" contextid="2589" timestamp="2019-07-07T05:37:51.187">
  <classunload-info classloadercandidates="54" classloadersunloaded="0" classesunloaded="0" anonymousclassesunloaded="0" quiescems="0.000" setupms="0.005" scanms="0.000" postms="0.000" />
</gc-op>
<gc-end id="2594" type="partial gc" contextid="2589" durationms="2.473" usertimems="4.000" systemtimems="0.000" timestamp="2019-07-07T05:37:51.187" activeThreads="1">
  <mem-info id="2595" free="40894464" total="68157440" percent="60">
    <mem type="eden" free="1048464" total="1048576" percent="99" />
    <remembered-set count="66720" freebytes="2453760" totalbytes="2720640" percent="90" regionsoverflowed="0" regionsstable="0" regionsrebuilding="5"/>
  </mem-info>
</gc-end>
<cycle-end id="2596" type="partial gc" contextid="2589" timestamp="2019-07-07T05:37:51.187" />
  <attribute name="elasticGC enabled" value="1" />
  <attribute name= "numThreadsSpecified" value="1" />
  <attribute name="heapSize specified" value="0" />
  <attribute name="Current GC Util" value="53" />
  <attribute name= "Current Time Running" value="21987" />
  <attribute name ="GC Interval" value="0" />
  <attribute name="ProportionalT" value="16.500000" />
  <attribute name="ProportionalI" value="16.500000" />
  <attribute name="ProportionalH" value="16.500000" />
  <attribute name="Current Error" value="33.000000" />
  <attribute name="IntegralT" value="0.000000" />
  <attribute name="IntegralI" value="0.000000" />
  <attribute name="IntegralH" value="0.000000" />
  <attribute name="DerivativeT" value="inf" />
  <attribute name="DerivativeI" value="inf" />
  <attribute name="DerivativeH" value="inf" />
  <attribute name="Loop Time for DT" value="0.000000" />
  <attribute name="Output H" value="8388608"/>
  <attribute name="Output I" value="200"/>
  <attribute name="Output T" value="1"/>
  <attribute name="Target GC Util Change" value ="20.000000" />
  <attribute name="Current GC Util Change" value="53.000000"/>
  <attribute name="GC Util currently" value="53" />
  <attribute name="CPU Util currently" value="19241655204217" />
<exclusive-end id="2597" timestamp="2019-07-07T05:37:51.187" durationms="3.488" />

<exclusive-start id="2598" timestamp="2019-07-07T05:37:51.195" intervalms="10.740">
  <response-info timems="0.081" idlems="0.081" threads="0" lastid="000000000202A700" lastname="main" />
</exclusive-start>
<allocation-taxation id="2599" taxation-threshold="11534336" timestamp="2019-07-07T05:37:51.195" intervalms="10.815" />
<gc-start id="2600" type="global mark phase" contextid="2376" timestamp="2019-07-07T05:37:51.195">
  <mem-info id="2601" free="29360128" total="68157440" percent="43">
    <remembered-set count="66240" freebytes="2455680" totalbytes="2720640" percent="90" regionsoverflowed="0" regionsstable="0" regionsrebuilding="5"/>
  </mem-info>
</gc-start>
<gc-op id="2602" type="mark increment" timems="3.586" contextid="2376" timestamp="2019-07-07T05:37:51.199">
  <trace-info objectcount="45" scancount="44" scanbytes="116872" />
  <cardclean-info objects="191771" bytes="4182268" />
  <finalization candidates="80" enqueued="0" />
  <ownableSynchronizers candidates="22" cleared="0" />
  <references type="soft" candidates="3586" cleared="2" enqueued="2" dynamicThreshold="19" maxThreshold="32" />
  <references type="weak" candidates="5677" cleared="0" enqueued="0" />
  <references type="phantom" candidates="101" cleared="0" enqueued="0" />
  <stringconstants candidates="13688" cleared="1"  />
</gc-op>
<gc-op id="2603" type="classunload" timems="7.696" contextid="2376" timestamp="2019-07-07T05:37:51.207">
  <classunload-info classloadercandidates="54" classloadersunloaded="1" classesunloaded="1" anonymousclassesunloaded="0" quiescems="7.374" setupms="0.304" scanms="7.387" postms="0.004" />
</gc-op>
<gc-end id="2604" type="global mark phase" contextid="2376" durationms="11.908" usertimems="16.000" systemtimems="4.000" timestamp="2019-07-07T05:37:51.207" activeThreads="4">
  <mem-info id="2605" free="29360128" total="68157440" percent="43">
    <pending-finalizers system="0" default="0" reference="2" classloader="0" />
    <remembered-set count="68288" freebytes="2447488" totalbytes="2720640" percent="89" regionsoverflowed="0" regionsstable="0" regionsrebuilding="0"/>
  </mem-info>
</gc-end>
<cycle-end id="2606" type="global mark phase" contextid="2376" timestamp="2019-07-07T05:37:51.207" />
  <attribute name="elasticGC enabled" value="1" />
  <attribute name= "numThreadsSpecified" value="4" />
  <attribute name="heapSize specified" value="0" />
  <attribute name="Current GC Util" value="82" />
  <attribute name= "Current Time Running" value="22000" />
  <attribute name ="GC Interval" value="0" />
  <attribute name="ProportionalT" value="31.000000" />
  <attribute name="ProportionalI" value="31.000000" />
  <attribute name="ProportionalH" value="31.000000" />
  <attribute name="Current Error" value="62.000000" />
  <attribute name="IntegralT" value="31.000000" />
  <attribute name="IntegralI" value="31.000000" />
  <attribute name="IntegralH" value="31.000000" />
  <attribute name="DerivativeT" value="-150.000000" />
  <attribute name="DerivativeI" value="-150.000000" />
  <attribute name="DerivativeH" value="-150.000000" />
  <attribute name="Loop Time for DT" value="1.000000" />
  <attribute name="Output H" value="2091843584"/>
  <attribute name="Output I" value="200"/>
  <attribute name="Output T" value="4"/>
  <attribute name="Target GC Util Change" value ="20.000000" />
  <attribute name="Current GC Util Change" value="82.000000"/>
  <attribute name="GC Util currently" value="82" />
  <attribute name="CPU Util currently" value="16978135244903" />
<exclusive-end id="2607" timestamp="2019-07-07T05:37:51.207" durationms="12.619" />

<exclusive-start id="2608" timestamp="2019-07-07T05:37:51.214" intervalms="19.809">
  <response-info timems="0.018" idlems="0.018" threads="0" lastid="000000000202A700" lastname="main" />
</exclusive-start>
<allocation-taxation id="2609" taxation-threshold="11534336" timestamp="2019-07-07T05:37:51.215" intervalms="19.792" />
<cycle-start id="2610" type="partial gc" contextid="0" timestamp="2019-07-07T05:37:51.215" intervalms="30.681" />
<gc-start id="2611" type="partial gc" contextid="2610" timestamp="2019-07-07T05:37:51.215">
  <mem-info id="2612" free="17825792" total="68157440" percent="26">
    <mem type="eden" free="1048464" total="24117248" percent="4" />
    <remembered-set count="58240" freebytes="2487680" totalbytes="2720640" percent="91" regionsoverflowed="0" regionsstable="3" regionsrebuilding="0"/>
  </mem-info>
</gc-start>
<allocation-stats totalBytes="23036856" >
  <allocated-bytes non-tlh="0" tlh="23036856" arrayletleaf="0"/>
  <largest-consumer threadName="main" threadId="000000000202A700" bytes="11518440" />
</allocation-stats>
<gc-op id="2613" type="sweep" timems="0.720" contextid="2610" timestamp="2019-07-07T05:37:51.216" />
<gc-op id="2614" type="copy forward" timems="1.433" contextid="2610" timestamp="2019-07-07T05:37:51.218">
  <memory-copied type="eden" objects="4" bytes="112" bytesdiscarded="0" />
  <memory-copied type="other" objects="0" bytes="0" bytesdiscarded="0" />
  <memory-cardclean objects="20" bytes="448" />
  <regions eden="11" other="1" />
  <remembered-set-cleared processed="56706" cleared="8" durationms="0.250" />
  <stringconstants candidates="13687" cleared="0"  />
</gc-op>
<gc-op id="2615" type="classunload" timems="0.004" contextid="2610" timestamp="2019-07-07T05:37:51.218">
  <classunload-info classloadercandidates="53" classloadersunloaded="0" classesunloaded="0" anonymousclassesunloaded="0" quiescems="0.000" setupms="0.004" scanms="0.000" postms="0.000" />
</gc-op>
<gc-end id="2616" type="partial gc" contextid="2610" durationms="3.448" usertimems="8.000" systemtimems="0.000" timestamp="2019-07-07T05:37:51.219" activeThreads="4">
  <mem-info id="2617" free="40894464" total="68157440" percent="60">
    <mem type="eden" free="1048464" total="1048576" percent="99" />
    <remembered-set count="58304" freebytes="2487424" totalbytes="2720640" percent="91" regionsoverflowed="0" regionsstable="3" regionsrebuilding="0"/>
  </mem-info>
</gc-end>
<cycle-end id="2618" type="partial gc" contextid="2610" timestamp="2019-07-07T05:37:51.219" />
  <attribute name="elasticGC enabled" value="1" />
  <attribute name= "numThreadsSpecified" value="4" />
  <attribute name="heapSize specified" value="0" />
  <attribute name="Current GC Util" value="75" />
  <attribute name= "Current Time Running" value="22019" />
  <attribute name ="GC Interval" value="0" />
  <attribute name="ProportionalT" value="27.500000" />
  <attribute name="ProportionalI" value="27.500000" />
  <attribute name="ProportionalH" value="27.500000" />
  <attribute name="Current Error" value="55.000000" />
  <attribute name="IntegralT" value="27.500000" />
  <attribute name="IntegralI" value="27.500000" />
  <attribute name="IntegralH" value="27.500000" />
  <attribute name="DerivativeT" value="3.000000" />
  <attribute name="DerivativeI" value="3.000000" />
  <attribute name="DerivativeH" value="3.000000" />
  <attribute name="Loop Time for DT" value="1.000000" />
  <attribute name="Output H" value="8388608"/>
  <attribute name="Output I" value="200"/>
  <attribute name="Output T" value="4"/>
  <attribute name="Target GC Util Change" value ="20.000000" />
  <attribute name="Current GC Util Change" value="75.000000"/>
  <attribute name="GC Util currently" value="75" />
  <attribute name="CPU Util currently" value="19805308913283" />
<exclusive-end id="2619" timestamp="2019-07-07T05:37:51.219" durationms="4.473" />

<exclusive-start id="2620" timestamp="2019-07-07T05:37:51.241" intervalms="26.125">
  <response-info timems="0.089" idlems="0.089" threads="0" lastid="000000000202A700" lastname="main" />
</exclusive-start>
<allocation-taxation id="2621" taxation-threshold="24117248" timestamp="2019-07-07T05:37:51.241" intervalms="26.085" />
<cycle-start id="2622" type="partial gc" contextid="0" timestamp="2019-07-07T05:37:51.241" intervalms="26.034" />
<gc-start id="2623" type="partial gc" contextid="2622" timestamp="2019-07-07T05:37:51.241">
  <mem-info id="2624" free="16777216" total="68157440" percent="24">
    <mem type="eden" free="1048464" total="25165824" percent="4" />
    <remembered-set count="57824" freebytes="2489344" totalbytes="2720640" percent="91" regionsoverflowed="0" regionsstable="3" regionsrebuilding="0"/>
  </mem-info>
</gc-start>
<allocation-stats totalBytes="24088536" >
  <allocated-bytes non-tlh="3064" tlh="24085472" arrayletleaf="0"/>
  <largest-consumer threadName="main" threadId="000000000202A700" bytes="24088536" />
</allocation-stats>
<gc-op id="2625" type="copy forward" timems="8.920" contextid="2622" timestamp="2019-07-07T05:37:51.251">
  <memory-copied type="eden" objects="929" bytes="41032" bytesdiscarded="0" />
  <memory-copied type="other" objects="21191" bytes="902880" bytesdiscarded="0" />
  <memory-cardclean objects="93461" bytes="2523984" />
  <regions eden="23" other="5" />
  <remembered-set-cleared processed="47911" cleared="6713" durationms="0.436" />
  <finalization candidates="13" enqueued="0" />
  <references type="soft" candidates="50" cleared="0" enqueued="0" dynamicThreshold="19" maxThreshold="32" />
  <references type="weak" candidates="300" cleared="0" enqueued="0" />
  <references type="phantom" candidates="76" cleared="0" enqueued="0" />
  <stringconstants candidates="13713" cleared="0"  />
</gc-op>
<gc-op id="2626" type="classunload" timems="0.005" contextid="2622" timestamp="2019-07-07T05:37:51.251">
  <classunload-info classloadercandidates="53" classloadersunloaded="0" classesunloaded="0" anonymousclassesunloaded="0" quiescems="0.000" setupms="0.004" scanms="0.000" postms="0.000" />
</gc-op>
<heap-resize id="2627" type="contract" space="default" amount="3145728" count="1" timems="0.123" reason="excess free space following gc" timestamp="2019-07-07T05:37:51.251" />
<gc-end id="2628" type="partial gc" contextid="2622" durationms="10.230" usertimems="12.000" systemtimems="0.000" timestamp="2019-07-07T05:37:51.252" activeThreads="1">
  <mem-info id="2629" free="39845888" total="65011712" percent="61">
    <mem type="eden" free="1007528" total="1048576" percent="96" />
    <remembered-set count="57536" freebytes="2490496" totalbytes="2720640" percent="91" regionsoverflowed="0" regionsstable="3" regionsrebuilding="0"/>
  </mem-info>
</gc-end>
<cycle-end id="2630" type="partial gc" contextid="2622" timestamp="2019-07-07T05:37:51.252" />
  <attribute name="elasticGC enabled" value="1" />
  <attribute name= "numThreadsSpecified" value="1" />
  <attribute name="heapSize specified" value="0" />
  <attribute name="Current GC Util" value="72" />
  <attribute name= "Current Time Running" value="22044" />
  <attribute name ="GC Interval" value="0" />
  <attribute name="ProportionalT" value="26.000000" />
  <attribute name="ProportionalI" value="26.000000" />
  <attribute name="ProportionalH" value="26.000000" />
  <attribute name="Current Error" value="52.000000" />
  <attribute name="IntegralT" value="0.000000" />
  <attribute name="IntegralI" value="0.000000" />
  <attribute name="IntegralH" value="0.000000" />
  <attribute name="DerivativeT" value="inf" />
  <attribute name="DerivativeI" value="inf" />
  <attribute name="DerivativeH" value="inf" />
  <attribute name="Loop Time for DT" value="0.000000" />
  <attribute name="Output H" value="8388608"/>
  <attribute name="Output I" value="200"/>
  <attribute name="Output T" value="1"/>
  <attribute name="Target GC Util Change" value ="20.000000" />
  <attribute name="Current GC Util Change" value="72.000000"/>
  <attribute name="GC Util currently" value="72" />
  <attribute name="CPU Util currently" value="18542422844498" />
<exclusive-end id="2631" timestamp="2019-07-07T05:37:51.252" durationms="11.279" />

<exclusive-start id="2632" timestamp="2019-07-07T05:37:51.274" intervalms="33.262">
  <response-info timems="0.195" idlems="0.195" threads="0" lastid="000000000202A700" lastname="main" />
</exclusive-start>
<allocation-taxation id="2633" taxation-threshold="23068672" timestamp="2019-07-07T05:37:51.274" intervalms="33.274" />
<cycle-start id="2634" type="partial gc" contextid="0" timestamp="2019-07-07T05:37:51.274" intervalms="33.260" />
<gc-start id="2635" type="partial gc" contextid="2634" timestamp="2019-07-07T05:37:51.275">
  <mem-info id="2636" free="16777216" total="65011712" percent="25">
    <mem type="eden" free="0" total="23068672" percent="0" />
    <remembered-set count="57120" freebytes="2492160" totalbytes="2720640" percent="91" regionsoverflowed="0" regionsstable="3" regionsrebuilding="0"/>
  </mem-info>
</gc-start>
<allocation-stats totalBytes="23067888" >
  <allocated-bytes non-tlh="0" tlh="23067888" arrayletleaf="0"/>
  <largest-consumer threadName="main" threadId="000000000202A700" bytes="23067888" />
</allocation-stats>
<gc-op id="2637" type="copy forward" timems="2.435" contextid="2634" timestamp="2019-07-07T05:37:51.278">
  <memory-copied type="eden" objects="23" bytes="728" bytesdiscarded="0" />
  <memory-copied type="other" objects="942" bytes="41328" bytesdiscarded="0" />
  <memory-cardclean objects="14009" bytes="511424" />
  <regions eden="22" other="2" />
  <remembered-set-cleared processed="54184" cleared="3253" durationms="0.478" />
  <references type="soft" candidates="4" cleared="0" enqueued="0" dynamicThreshold="19" maxThreshold="32" />
  <references type="weak" candidates="35" cleared="0" enqueued="0" />
  <stringconstants candidates="13713" cleared="0"  />
</gc-op>
<gc-op id="2638" type="classunload" timems="0.006" contextid="2634" timestamp="2019-07-07T05:37:51.278">
  <classunload-info classloadercandidates="53" classloadersunloaded="0" classesunloaded="0" anonymousclassesunloaded="0" quiescems="0.000" setupms="0.005" scanms="0.000" postms="0.000" />
</gc-op>
<heap-resize id="2639" type="expand" space="default" amount="1048576" count="1" timems="0.070" reason="excessive time being spent in gc" timestamp="2019-07-07T05:37:51.278" />
<gc-end id="2640" type="partial gc" contextid="2634" durationms="3.903" usertimems="8.000" systemtimems="0.000" timestamp="2019-07-07T05:37:51.279" activeThreads="1">
  <mem-info id="2641" free="39845888" total="66060288" percent="60">
    <mem type="eden" free="1047848" total="1048576" percent="99" />
    <remembered-set count="54912" freebytes="2417280" totalbytes="2636928" percent="91" regionsoverflowed="0" regionsstable="3" regionsrebuilding="0"/>
  </mem-info>
</gc-end>
<cycle-end id="2642" type="partial gc" contextid="2634" timestamp="2019-07-07T05:37:51.279" />
  <attribute name="elasticGC enabled" value="1" />
  <attribute name= "numThreadsSpecified" value="1" />
  <attribute name="heapSize specified" value="0" />
  <attribute name="Current GC Util" value="47" />
  <attribute name= "Current Time Running" value="22077" />
  <attribute name ="GC Interval" value="0" />
  <attribute name="ProportionalT" value="13.500000" />
  <attribute name="ProportionalI" value="13.500000" />
  <attribute name="ProportionalH" value="13.500000" />
  <attribute name="Current Error" value="27.000000" />
  <attribute name="IntegralT" value="0.000000" />
  <attribute name="IntegralI" value="0.000000" />
  <attribute name="IntegralH" value="0.000000" />
  <attribute name="DerivativeT" value="inf" />
  <attribute name="DerivativeI" value="inf" />
  <attribute name="DerivativeH" value="inf" />
  <attribute name="Loop Time for DT" value="0.000000" />
  <attribute name="Output H" value="8388608"/>
  <attribute name="Output I" value="200"/>
  <attribute name="Output T" value="1"/>
  <attribute name="Target GC Util Change" value ="20.000000" />
  <attribute name="Current GC Util Change" value="47.000000"/>
  <attribute name="GC Util currently" value="47" />
  <attribute name="CPU Util currently" value="9958444600535" />
<exclusive-end id="2643" timestamp="2019-07-07T05:37:51.279" durationms="5.000" />

<exclusive-start id="2644" timestamp="2019-07-07T05:37:51.294" intervalms="20.493">
  <response-info timems="0.207" idlems="0.207" threads="0" lastid="000000000202A700" lastname="main" />
</exclusive-start>
<allocation-taxation id="2645" taxation-threshold="11534336" timestamp="2019-07-07T05:37:51.295" intervalms="20.525" />
<cycle-start id="2646" type="global mark phase" contextid="0" timestamp="2019-07-07T05:37:51.295" intervalms="473.749" />
<gc-start id="2647" type="global mark phase" contextid="2646" timestamp="2019-07-07T05:37:51.295">
  <mem-info id="2648" free="28311552" total="66060288" percent="42">
    <remembered-set count="54496" freebytes="2418944" totalbytes="2636928" percent="91" regionsoverflowed="0" regionsstable="3" regionsrebuilding="0"/>
  </mem-info>
</gc-start>
<gc-op id="2649" type="mark increment" timems="0.545" contextid="2646" timestamp="2019-07-07T05:37:51.296">
  <trace-info objectcount="193" scancount="0" scanbytes="0" />
</gc-op>
<gc-end id="2650" type="global mark phase" contextid="2646" durationms="0.651" usertimems="0.000" systemtimems="0.000" timestamp="2019-07-07T05:37:51.296" activeThreads="1">
  <mem-info id="2651" free="28311552" total="66060288" percent="42">
    <remembered-set count="54496" freebytes="2418944" totalbytes="2636928" percent="91" regionsoverflowed="0" regionsstable="0" regionsrebuilding="3"/>
  </mem-info>
</gc-end>
<concurrent-start id="2652" type="GMP work packet processing" contextid="2646" timestamp="2019-07-07T05:37:51.296">
  <concurrent-mark-start scanTarget="1048576" />
</concurrent-start>
<exclusive-end id="2653" timestamp="2019-07-07T05:37:51.296" durationms="1.384" />

<concurrent-end id="2654" type="GMP work packet processing" contextid="2646" timestamp="2019-07-07T05:37:51.297">
  <concurrent-mark-end bytesScanned="1108900" reasonForTermination="Work target met" />
</concurrent-end>

<exclusive-start id="2655" timestamp="2019-07-07T05:37:51.312" intervalms="17.726">
  <response-info timems="0.081" idlems="0.081" threads="0" lastid="000000000202A700" lastname="main" />
</exclusive-start>
<allocation-taxation id="2656" taxation-threshold="11534336" timestamp="2019-07-07T05:37:51.312" intervalms="17.688" />
<cycle-start id="2657" type="partial gc" contextid="0" timestamp="2019-07-07T05:37:51.312" intervalms="38.216" />
<gc-start id="2658" type="partial gc" contextid="2657" timestamp="2019-07-07T05:37:51.313">
  <mem-info id="2659" free="16777216" total="66060288" percent="25">
    <mem type="eden" free="0" total="23068672" percent="0" />
    <remembered-set count="56608" freebytes="2410496" totalbytes="2636928" percent="91" regionsoverflowed="0" regionsstable="0" regionsrebuilding="3"/>
  </mem-info>
</gc-start>
<allocation-stats totalBytes="23065176" >
  <allocated-bytes non-tlh="0" tlh="23065176" arrayletleaf="0"/>
  <largest-consumer threadName="main" threadId="000000000202A700" bytes="11532560" />
</allocation-stats>
<gc-op id="2660" type="copy forward" timems="1.608" contextid="2657" timestamp="2019-07-07T05:37:51.315">
  <memory-copied type="eden" objects="1" bytes="24" bytesdiscarded="0" />
  <memory-copied type="other" objects="30" bytes="888" bytesdiscarded="0" />
  <memory-cardclean objects="76" bytes="3152" />
  <regions eden="22" other="2" />
  <remembered-set-cleared processed="54968" cleared="57" durationms="0.469" />
  <stringconstants candidates="13713" cleared="0"  />
</gc-op>
<gc-op id="2661" type="classunload" timems="0.004" contextid="2657" timestamp="2019-07-07T05:37:51.315">
  <classunload-info classloadercandidates="53" classloadersunloaded="0" classesunloaded="0" anonymousclassesunloaded="0" quiescems="0.000" setupms="0.003" scanms="0.000" postms="0.000" />
</gc-op>
<heap-resize id="2662" type="expand" space="default" amount="2097152" count="1" timems="0.059" reason="excessive time being spent in gc" timestamp="2019-07-07T05:37:51.315" />
<gc-end id="2663" type="partial gc" contextid="2657" durationms="2.822" usertimems="4.000" systemtimems="0.000" timestamp="2019-07-07T05:37:51.316" activeThreads="1">
  <mem-info id="2664" free="40894464" total="68157440" percent="60">
    <mem type="eden" free="1048552" total="1048576" percent="99" />
    <remembered-set count="56960" freebytes="2492800" totalbytes="2720640" percent="91" regionsoverflowed="0" regionsstable="0" regionsrebuilding="3"/>
  </mem-info>
</gc-end>
<cycle-end id="2665" type="partial gc" contextid="2657" timestamp="2019-07-07T05:37:51.316" />
  <attribute name="elasticGC enabled" value="1" />
  <attribute name= "numThreadsSpecified" value="1" />
  <attribute name="heapSize specified" value="0" />
  <attribute name="Current GC Util" value="74" />
  <attribute name= "Current Time Running" value="22115" />
  <attribute name ="GC Interval" value="0" />
  <attribute name="ProportionalT" value="27.000000" />
  <attribute name="ProportionalI" value="27.000000" />
  <attribute name="ProportionalH" value="27.000000" />
  <attribute name="Current Error" value="54.000000" />
  <attribute name="IntegralT" value="0.000000" />
  <attribute name="IntegralI" value="0.000000" />
  <attribute name="IntegralH" value="0.000000" />
  <attribute name="DerivativeT" value="inf" />
  <attribute name="DerivativeI" value="inf" />
  <attribute name="DerivativeH" value="inf" />
  <attribute name="Loop Time for DT" value="0.000000" />
  <attribute name="Output H" value="8388608"/>
  <attribute name="Output I" value="200"/>
  <attribute name="Output T" value="1"/>
  <attribute name="Target GC Util Change" value ="20.000000" />
  <attribute name="Current GC Util Change" value="74.000000"/>
  <attribute name="GC Util currently" value="74" />
  <attribute name="CPU Util currently" value="17858485430689" />
<exclusive-end id="2666" timestamp="2019-07-07T05:37:51.316" durationms="3.836" />

<exclusive-start id="2667" timestamp="2019-07-07T05:37:51.486" intervalms="174.000">
  <response-info timems="0.196" idlems="0.196" threads="0" lastid="000000000202A700" lastname="main" />
</exclusive-start>
<allocation-taxation id="2668" taxation-threshold="11534336" timestamp="2019-07-07T05:37:51.486" intervalms="174.044" />
<gc-start id="2669" type="global mark phase" contextid="2646" timestamp="2019-07-07T05:37:51.487">
  <mem-info id="2670" free="29360128" total="68157440" percent="43">
    <remembered-set count="56640" freebytes="2494080" totalbytes="2720640" percent="91" regionsoverflowed="0" regionsstable="0" regionsrebuilding="3"/>
  </mem-info>
</gc-start>
<gc-end id="2671" type="global mark phase" contextid="2646" durationms="0.180" usertimems="0.000" systemtimems="0.000" timestamp="2019-07-07T05:37:51.487" activeThreads="1">
  <mem-info id="2672" free="29360128" total="68157440" percent="43">
    <remembered-set count="56640" freebytes="2494080" totalbytes="2720640" percent="91" regionsoverflowed="0" regionsstable="0" regionsrebuilding="3"/>
  </mem-info>
</gc-end>
<concurrent-start id="2673" type="GMP work packet processing" contextid="2646" timestamp="2019-07-07T05:37:51.487">
  <concurrent-mark-start scanTarget="1048576" />
</concurrent-start>
<concurrent-end id="2674" type="GMP work packet processing" contextid="2646" timestamp="2019-07-07T05:37:51.488">
  <concurrent-mark-end bytesScanned="1114136" reasonForTermination="Work target met" />
</concurrent-end>

<exclusive-end id="2675" timestamp="2019-07-07T05:37:51.488" durationms="1.890" />

<exclusive-start id="2676" timestamp="2019-07-07T05:37:51.492" intervalms="6.090">
  <response-info timems="0.234" idlems="0.127" threads="1" lastid="000000000202E300" lastname="JIT Compilation Thread-0" />
</exclusive-start>
<allocation-taxation id="2677" taxation-threshold="11534336" timestamp="2019-07-07T05:37:51.492" intervalms="6.016" />
<cycle-start id="2678" type="partial gc" contextid="0" timestamp="2019-07-07T05:37:51.493" intervalms="180.061" />
<gc-start id="2679" type="partial gc" contextid="2678" timestamp="2019-07-07T05:37:51.493">
  <mem-info id="2680" free="17825792" total="68157440" percent="26">
    <mem type="eden" free="1048552" total="24117248" percent="4" />
    <remembered-set count="58176" freebytes="2487936" totalbytes="2720640" percent="91" regionsoverflowed="0" regionsstable="0" regionsrebuilding="3"/>
  </mem-info>
</gc-start>
<allocation-stats totalBytes="23013800" >
  <allocated-bytes non-tlh="0" tlh="23013800" arrayletleaf="0"/>
  <largest-consumer threadName="main" threadId="000000000202A700" bytes="11492096" />
</allocation-stats>
<gc-op id="2681" type="copy forward" timems="1.702" contextid="2678" timestamp="2019-07-07T05:37:51.495">
  <memory-copied type="eden" objects="69" bytes="2864" bytesdiscarded="0" />
  <memory-copied type="other" objects="23" bytes="672" bytesdiscarded="0" />
  <memory-cardclean objects="135" bytes="12592" />
  <regions eden="22" other="2" />
  <remembered-set-cleared processed="56029" cleared="59" durationms="0.476" />
  <references type="weak" candidates="16" cleared="0" enqueued="0" />
  <stringconstants candidates="13713" cleared="0"  />
</gc-op>
<gc-op id="2682" type="classunload" timems="0.003" contextid="2678" timestamp="2019-07-07T05:37:51.496">
  <classunload-info classloadercandidates="53" classloadersunloaded="0" classesunloaded="0" anonymousclassesunloaded="0" quiescems="0.000" setupms="0.003" scanms="0.000" postms="0.000" />
</gc-op>
<gc-end id="2683" type="partial gc" contextid="2678" durationms="2.845" usertimems="4.000" systemtimems="0.000" timestamp="2019-07-07T05:37:51.496" activeThreads="1">
  <mem-info id="2684" free="40894464" total="68157440" percent="60">
    <mem type="eden" free="1045712" total="1048576" percent="99" />
    <remembered-set count="58432" freebytes="2486912" totalbytes="2720640" percent="91" regionsoverflowed="0" regionsstable="0" regionsrebuilding="3"/>
  </mem-info>
</gc-end>
<cycle-end id="2685" type="partial gc" contextid="2678" timestamp="2019-07-07T05:37:51.496" />
  <attribute name="elasticGC enabled" value="1" />
  <attribute name= "numThreadsSpecified" value="1" />
  <attribute name="heapSize specified" value="0" />
  <attribute name="Current GC Util" value="64" />
  <attribute name= "Current Time Running" value="22295" />
  <attribute name ="GC Interval" value="0" />
  <attribute name="ProportionalT" value="22.000000" />
  <attribute name="ProportionalI" value="22.000000" />
  <attribute name="ProportionalH" value="22.000000" />
  <attribute name="Current Error" value="44.000000" />
  <attribute name="IntegralT" value="0.000000" />
  <attribute name="IntegralI" value="0.000000" />
  <attribute name="IntegralH" value="0.000000" />
  <attribute name="DerivativeT" value="inf" />
  <attribute name="DerivativeI" value="inf" />
  <attribute name="DerivativeH" value="inf" />
  <attribute name="Loop Time for DT" value="0.000000" />
  <attribute name="Output H" value="8388608"/>
  <attribute name="Output I" value="200"/>
  <attribute name="Output T" value="1"/>
  <attribute name="Target GC Util Change" value ="20.000000" />
  <attribute name="Current GC Util Change" value="64.000000"/>
  <attribute name="GC Util currently" value="64" />
  <attribute name="CPU Util currently" value="15020555280736" />
<exclusive-end id="2686" timestamp="2019-07-07T05:37:51.496" durationms="3.986" />

<exclusive-start id="2687" timestamp="2019-07-07T05:37:51.500" intervalms="7.718">
  <response-info timems="0.080" idlems="0.080" threads="0" lastid="000000000202A700" lastname="main" />
</exclusive-start>
<allocation-taxation id="2688" taxation-threshold="11534336" timestamp="2019-07-07T05:37:51.500" intervalms="7.787" />
<gc-start id="2689" type="global mark phase" contextid="2646" timestamp="2019-07-07T05:37:51.500">
  <mem-info id="2690" free="29360128" total="68157440" percent="43">
    <remembered-set count="58208" freebytes="2487808" totalbytes="2720640" percent="91" regionsoverflowed="0" regionsstable="0" regionsrebuilding="3"/>
  </mem-info>
</gc-start>
<gc-end id="2691" type="global mark phase" contextid="2646" durationms="0.189" usertimems="0.000" systemtimems="0.000" timestamp="2019-07-07T05:37:51.501" activeThreads="1">
  <mem-info id="2692" free="29360128" total="68157440" percent="43">
    <remembered-set count="58208" freebytes="2487808" totalbytes="2720640" percent="91" regionsoverflowed="0" regionsstable="0" regionsrebuilding="3"/>
  </mem-info>
</gc-end>
<concurrent-start id="2693" type="GMP work packet processing" contextid="2646" timestamp="2019-07-07T05:37:51.501">
  <concurrent-mark-start scanTarget="1048576" />
</concurrent-start>
<exclusive-end id="2694" timestamp="2019-07-07T05:37:51.501" durationms="0.952" />

<concurrent-end id="2695" type="GMP work packet processing" contextid="2646" timestamp="2019-07-07T05:37:51.502">
  <concurrent-mark-end bytesScanned="1096664" reasonForTermination="Work target met" />
</concurrent-end>

<exclusive-start id="2696" timestamp="2019-07-07T05:37:51.505" intervalms="5.366">
  <response-info timems="0.071" idlems="0.071" threads="0" lastid="000000000202A700" lastname="main" />
</exclusive-start>
<allocation-taxation id="2697" taxation-threshold="11534336" timestamp="2019-07-07T05:37:51.505" intervalms="5.274" />
<cycle-start id="2698" type="partial gc" contextid="0" timestamp="2019-07-07T05:37:51.506" intervalms="13.080" />
<gc-start id="2699" type="partial gc" contextid="2698" timestamp="2019-07-07T05:37:51.506">
  <mem-info id="2700" free="17825792" total="68157440" percent="26">
    <mem type="eden" free="0" total="23068672" percent="0" />
    <remembered-set count="60064" freebytes="2480384" totalbytes="2720640" percent="91" regionsoverflowed="0" regionsstable="0" regionsrebuilding="3"/>
  </mem-info>
</gc-start>
<allocation-stats totalBytes="22981728" >
  <allocated-bytes non-tlh="0" tlh="22981728" arrayletleaf="0"/>
  <largest-consumer threadName="main" threadId="000000000202A700" bytes="11492096" />
</allocation-stats>
<gc-op id="2701" type="copy forward" timems="1.866" contextid="2698" timestamp="2019-07-07T05:37:51.508">
  <memory-copied type="eden" objects="1" bytes="32" bytesdiscarded="0" />
  <memory-copied type="other" objects="1365" bytes="99224" bytesdiscarded="352" />
  <memory-cardclean objects="207" bytes="20488" />
  <regions eden="22" other="2" />
  <remembered-set-cleared processed="58186" cleared="214" durationms="0.456" />
  <references type="soft" candidates="11" cleared="0" enqueued="0" dynamicThreshold="13" maxThreshold="32" />
  <references type="weak" candidates="52" cleared="0" enqueued="0" />
  <stringconstants candidates="13713" cleared="0"  />
</gc-op>
<gc-op id="2702" type="classunload" timems="0.004" contextid="2698" timestamp="2019-07-07T05:37:51.509">
  <classunload-info classloadercandidates="53" classloadersunloaded="0" classesunloaded="0" anonymousclassesunloaded="0" quiescems="0.000" setupms="0.003" scanms="0.000" postms="0.000" />
</gc-op>
<gc-end id="2703" type="partial gc" contextid="2698" durationms="3.004" usertimems="0.000" systemtimems="0.000" timestamp="2019-07-07T05:37:51.509" activeThreads="1">
  <mem-info id="2704" free="40894464" total="68157440" percent="60">
    <mem type="eden" free="1048544" total="1048576" percent="99" />
    <remembered-set count="60160" freebytes="2480000" totalbytes="2720640" percent="91" regionsoverflowed="0" regionsstable="0" regionsrebuilding="3"/>
  </mem-info>
</gc-end>
<cycle-end id="2705" type="partial gc" contextid="2698" timestamp="2019-07-07T05:37:51.509" />
  <attribute name="elasticGC enabled" value="1" />
  <attribute name= "numThreadsSpecified" value="1" />
  <attribute name="heapSize specified" value="0" />
  <attribute name="Current GC Util" value="74" />
  <attribute name= "Current Time Running" value="22308" />
  <attribute name ="GC Interval" value="0" />
  <attribute name="ProportionalT" value="27.000000" />
  <attribute name="ProportionalI" value="27.000000" />
  <attribute name="ProportionalH" value="27.000000" />
  <attribute name="Current Error" value="54.000000" />
  <attribute name="IntegralT" value="0.000000" />
  <attribute name="IntegralI" value="0.000000" />
  <attribute name="IntegralH" value="0.000000" />
  <attribute name="DerivativeT" value="inf" />
  <attribute name="DerivativeI" value="inf" />
  <attribute name="DerivativeH" value="inf" />
  <attribute name="Loop Time for DT" value="0.000000" />
  <attribute name="Output H" value="8388608"/>
  <attribute name="Output I" value="200"/>
  <attribute name="Output T" value="1"/>
  <attribute name="Target GC Util Change" value ="20.000000" />
  <attribute name="Current GC Util Change" value="74.000000"/>
  <attribute name="GC Util currently" value="74" />
  <attribute name="CPU Util currently" value="17227904176106" />
<exclusive-end id="2706" timestamp="2019-07-07T05:37:51.509" durationms="3.953" />

<exclusive-start id="2707" timestamp="2019-07-07T05:37:51.513" intervalms="7.756">
  <response-info timems="0.081" idlems="0.081" threads="0" lastid="000000000202A700" lastname="main" />
</exclusive-start>
<allocation-taxation id="2708" taxation-threshold="11534336" timestamp="2019-07-07T05:37:51.513" intervalms="7.874" />
<gc-start id="2709" type="global mark phase" contextid="2646" timestamp="2019-07-07T05:37:51.514">
  <mem-info id="2710" free="29360128" total="68157440" percent="43">
    <remembered-set count="58112" freebytes="2488192" totalbytes="2720640" percent="91" regionsoverflowed="0" regionsstable="2" regionsrebuilding="3"/>
  </mem-info>
</gc-start>
<gc-end id="2711" type="global mark phase" contextid="2646" durationms="0.163" usertimems="0.000" systemtimems="0.000" timestamp="2019-07-07T05:37:51.514" activeThreads="1">
  <mem-info id="2712" free="29360128" total="68157440" percent="43">
    <remembered-set count="58112" freebytes="2488192" totalbytes="2720640" percent="91" regionsoverflowed="0" regionsstable="2" regionsrebuilding="3"/>
  </mem-info>
</gc-end>
<concurrent-start id="2713" type="GMP work packet processing" contextid="2646" timestamp="2019-07-07T05:37:51.514">
  <concurrent-mark-start scanTarget="1048576" />
</concurrent-start>
<exclusive-end id="2714" timestamp="2019-07-07T05:37:51.515" durationms="1.481" />

<concurrent-end id="2715" type="GMP work packet processing" contextid="2646" timestamp="2019-07-07T05:37:51.515">
  <concurrent-mark-end bytesScanned="1107252" reasonForTermination="Work target met" />
</concurrent-end>

<exclusive-start id="2716" timestamp="2019-07-07T05:37:51.518" intervalms="5.162">
  <response-info timems="0.049" idlems="0.049" threads="0" lastid="000000000202A700" lastname="main" />
</exclusive-start>
<allocation-taxation id="2717" taxation-threshold="11534336" timestamp="2019-07-07T05:37:51.518" intervalms="5.091" />
<cycle-start id="2718" type="partial gc" contextid="0" timestamp="2019-07-07T05:37:51.519" intervalms="13.000" />
<gc-start id="2719" type="partial gc" contextid="2718" timestamp="2019-07-07T05:37:51.519">
  <mem-info id="2720" free="17825792" total="68157440" percent="26">
    <mem type="eden" free="1048544" total="24117248" percent="4" />
    <remembered-set count="58720" freebytes="2485760" totalbytes="2720640" percent="91" regionsoverflowed="0" regionsstable="2" regionsrebuilding="3"/>
  </mem-info>
</gc-start>
<allocation-stats totalBytes="22983720" >
  <allocated-bytes non-tlh="0" tlh="22983720" arrayletleaf="0"/>
  <largest-consumer threadName="main" threadId="000000000202A700" bytes="11494088" />
</allocation-stats>
<gc-op id="2721" type="copy forward" timems="1.498" contextid="2718" timestamp="2019-07-07T05:37:51.521">
  <memory-copied type="eden" objects="2" bytes="56" bytesdiscarded="0" />
  <memory-copied type="other" objects="0" bytes="0" bytesdiscarded="0" />
  <memory-cardclean objects="13" bytes="376" />
  <regions eden="22" other="1" />
  <remembered-set-cleared processed="56755" cleared="4" durationms="0.430" />
  <stringconstants candidates="13713" cleared="0"  />
</gc-op>
<gc-op id="2722" type="classunload" timems="0.004" contextid="2718" timestamp="2019-07-07T05:37:51.521">
  <classunload-info classloadercandidates="53" classloadersunloaded="0" classesunloaded="0" anonymousclassesunloaded="0" quiescems="0.000" setupms="0.004" scanms="0.000" postms="0.000" />
</gc-op>
<gc-end id="2723" type="partial gc" contextid="2718" durationms="2.605" usertimems="0.000" systemtimems="0.000" timestamp="2019-07-07T05:37:51.521" activeThreads="1">
  <mem-info id="2724" free="40894464" total="68157440" percent="60">
    <mem type="eden" free="1048520" total="1048576" percent="99" />
    <remembered-set count="59232" freebytes="2483712" totalbytes="2720640" percent="91" regionsoverflowed="0" regionsstable="2" regionsrebuilding="3"/>
  </mem-info>
</gc-end>
<cycle-end id="2725" type="partial gc" contextid="2718" timestamp="2019-07-07T05:37:51.522" />
  <attribute name="elasticGC enabled" value="1" />
  <attribute name= "numThreadsSpecified" value="1" />
  <attribute name="heapSize specified" value="0" />
  <attribute name="Current GC Util" value="73" />
  <attribute name= "Current Time Running" value="22321" />
  <attribute name ="GC Interval" value="0" />
  <attribute name="ProportionalT" value="26.500000" />
  <attribute name="ProportionalI" value="26.500000" />
  <attribute name="ProportionalH" value="26.500000" />
  <attribute name="Current Error" value="53.000000" />
  <attribute name="IntegralT" value="0.000000" />
  <attribute name="IntegralI" value="0.000000" />
  <attribute name="IntegralH" value="0.000000" />
  <attribute name="DerivativeT" value="inf" />
  <attribute name="DerivativeI" value="inf" />
  <attribute name="DerivativeH" value="inf" />
  <attribute name="Loop Time for DT" value="0.000000" />
  <attribute name="Output H" value="8388608"/>
  <attribute name="Output I" value="200"/>
  <attribute name="Output T" value="1"/>
  <attribute name="Target GC Util Change" value ="20.000000" />
  <attribute name="Current GC Util Change" value="73.000000"/>
  <attribute name="GC Util currently" value="73" />
  <attribute name="CPU Util currently" value="19097985235832" />
<exclusive-end id="2726" timestamp="2019-07-07T05:37:51.522" durationms="3.669" />

<exclusive-start id="2727" timestamp="2019-07-07T05:37:51.526" intervalms="7.419">
  <response-info timems="0.080" idlems="0.080" threads="0" lastid="000000000202A700" lastname="main" />
</exclusive-start>
<allocation-taxation id="2728" taxation-threshold="11534336" timestamp="2019-07-07T05:37:51.526" intervalms="7.469" />
<gc-start id="2729" type="global mark phase" contextid="2646" timestamp="2019-07-07T05:37:51.526">
  <mem-info id="2730" free="29360128" total="68157440" percent="43">
    <remembered-set count="58752" freebytes="2485632" totalbytes="2720640" percent="91" regionsoverflowed="0" regionsstable="2" regionsrebuilding="3"/>
  </mem-info>
</gc-start>
<gc-end id="2731" type="global mark phase" contextid="2646" durationms="0.167" usertimems="0.000" systemtimems="0.000" timestamp="2019-07-07T05:37:51.526" activeThreads="1">
  <mem-info id="2732" free="29360128" total="68157440" percent="43">
    <remembered-set count="58752" freebytes="2485632" totalbytes="2720640" percent="91" regionsoverflowed="0" regionsstable="2" regionsrebuilding="3"/>
  </mem-info>
</gc-end>
<concurrent-start id="2733" type="GMP work packet processing" contextid="2646" timestamp="2019-07-07T05:37:51.526">
  <concurrent-mark-start scanTarget="1048576" />
</concurrent-start>
<exclusive-end id="2734" timestamp="2019-07-07T05:37:51.527" durationms="1.434" />

<concurrent-end id="2735" type="GMP work packet processing" contextid="2646" timestamp="2019-07-07T05:37:51.527">
  <concurrent-mark-end bytesScanned="1100072" reasonForTermination="Work target met" />
</concurrent-end>

<exclusive-start id="2736" timestamp="2019-07-07T05:37:51.531" intervalms="5.212">
  <response-info timems="0.066" idlems="0.066" threads="0" lastid="000000000202A700" lastname="main" />
</exclusive-start>
<allocation-taxation id="2737" taxation-threshold="11534336" timestamp="2019-07-07T05:37:51.531" intervalms="5.210" />
<cycle-start id="2738" type="partial gc" contextid="0" timestamp="2019-07-07T05:37:51.531" intervalms="12.628" />
<gc-start id="2739" type="partial gc" contextid="2738" timestamp="2019-07-07T05:37:51.531">
  <mem-info id="2740" free="17825792" total="68157440" percent="26">
    <mem type="eden" free="1048520" total="24117248" percent="4" />
    <remembered-set count="59328" freebytes="2483328" totalbytes="2720640" percent="91" regionsoverflowed="0" regionsstable="2" regionsrebuilding="3"/>
  </mem-info>
</gc-start>
<allocation-stats totalBytes="22990680" >
  <allocated-bytes non-tlh="0" tlh="22990680" arrayletleaf="0"/>
  <largest-consumer threadName="main" threadId="000000000202A700" bytes="11496584" />
</allocation-stats>
<gc-op id="2741" type="copy forward" timems="1.476" contextid="2738" timestamp="2019-07-07T05:37:51.534">
  <memory-copied type="eden" objects="2" bytes="56" bytesdiscarded="0" />
  <memory-copied type="other" objects="0" bytes="0" bytesdiscarded="0" />
  <memory-cardclean objects="13" bytes="376" />
  <regions eden="22" other="1" />
  <remembered-set-cleared processed="57159" cleared="4" durationms="0.412" />
  <stringconstants candidates="13713" cleared="0"  />
</gc-op>
<gc-op id="2742" type="classunload" timems="0.004" contextid="2738" timestamp="2019-07-07T05:37:51.534">
  <classunload-info classloadercandidates="53" classloadersunloaded="0" classesunloaded="0" anonymousclassesunloaded="0" quiescems="0.000" setupms="0.003" scanms="0.000" postms="0.000" />
</gc-op>
<gc-end id="2743" type="partial gc" contextid="2738" durationms="2.480" usertimems="4.000" systemtimems="0.000" timestamp="2019-07-07T05:37:51.534" activeThreads="1">
  <mem-info id="2744" free="40894464" total="68157440" percent="60">
    <mem type="eden" free="1048520" total="1048576" percent="99" />
    <remembered-set count="59808" freebytes="2481408" totalbytes="2720640" percent="91" regionsoverflowed="0" regionsstable="2" regionsrebuilding="3"/>
  </mem-info>
</gc-end>
<cycle-end id="2745" type="partial gc" contextid="2738" timestamp="2019-07-07T05:37:51.534" />
  <attribute name="elasticGC enabled" value="1" />
  <attribute name= "numThreadsSpecified" value="1" />
  <attribute name="heapSize specified" value="0" />
  <attribute name="Current GC Util" value="55" />
  <attribute name= "Current Time Running" value="22334" />
  <attribute name ="GC Interval" value="0" />
  <attribute name="ProportionalT" value="17.500000" />
  <attribute name="ProportionalI" value="17.500000" />
  <attribute name="ProportionalH" value="17.500000" />
  <attribute name="Current Error" value="35.000000" />
  <attribute name="IntegralT" value="0.000000" />
  <attribute name="IntegralI" value="0.000000" />
  <attribute name="IntegralH" value="0.000000" />
  <attribute name="DerivativeT" value="inf" />
  <attribute name="DerivativeI" value="inf" />
  <attribute name="DerivativeH" value="inf" />
  <attribute name="Loop Time for DT" value="0.000000" />
  <attribute name="Output H" value="8388608"/>
  <attribute name="Output I" value="200"/>
  <attribute name="Output T" value="1"/>
  <attribute name="Target GC Util Change" value ="20.000000" />
  <attribute name="Current GC Util Change" value="55.000000"/>
  <attribute name="GC Util currently" value="55" />
  <attribute name="CPU Util currently" value="17922893604590" />
<exclusive-end id="2746" timestamp="2019-07-07T05:37:51.534" durationms="3.493" />

<exclusive-start id="2747" timestamp="2019-07-07T05:37:51.538" intervalms="7.232">
  <response-info timems="0.069" idlems="0.069" threads="0" lastid="000000000202A700" lastname="main" />
</exclusive-start>
<allocation-taxation id="2748" taxation-threshold="11534336" timestamp="2019-07-07T05:37:51.538" intervalms="7.234" />
<gc-start id="2749" type="global mark phase" contextid="2646" timestamp="2019-07-07T05:37:51.538">
  <mem-info id="2750" free="29360128" total="68157440" percent="43">
    <remembered-set count="59328" freebytes="2483328" totalbytes="2720640" percent="91" regionsoverflowed="0" regionsstable="2" regionsrebuilding="3"/>
  </mem-info>
</gc-start>
<gc-end id="2751" type="global mark phase" contextid="2646" durationms="0.152" usertimems="0.000" systemtimems="0.000" timestamp="2019-07-07T05:37:51.539" activeThreads="1">
  <mem-info id="2752" free="29360128" total="68157440" percent="43">
    <remembered-set count="59328" freebytes="2483328" totalbytes="2720640" percent="91" regionsoverflowed="0" regionsstable="2" regionsrebuilding="3"/>
  </mem-info>
</gc-end>
<concurrent-start id="2753" type="GMP work packet processing" contextid="2646" timestamp="2019-07-07T05:37:51.539">
  <concurrent-mark-start scanTarget="1048576" />
</concurrent-start>
<exclusive-end id="2754" timestamp="2019-07-07T05:37:51.539" durationms="1.386" />

<concurrent-end id="2755" type="GMP work packet processing" contextid="2646" timestamp="2019-07-07T05:37:51.540">
  <concurrent-mark-end bytesScanned="1107820" reasonForTermination="Work target met" />
</concurrent-end>

<exclusive-start id="2756" timestamp="2019-07-07T05:37:51.543" intervalms="5.098">
  <response-info timems="0.049" idlems="0.049" threads="0" lastid="000000000202A700" lastname="main" />
</exclusive-start>
<allocation-taxation id="2757" taxation-threshold="11534336" timestamp="2019-07-07T05:37:51.543" intervalms="5.026" />
<cycle-start id="2758" type="partial gc" contextid="0" timestamp="2019-07-07T05:37:51.543" intervalms="12.234" />
<gc-start id="2759" type="partial gc" contextid="2758" timestamp="2019-07-07T05:37:51.544">
  <mem-info id="2760" free="17825792" total="68157440" percent="26">
    <mem type="eden" free="1048520" total="24117248" percent="4" />
    <remembered-set count="59392" freebytes="2483072" totalbytes="2720640" percent="91" regionsoverflowed="0" regionsstable="2" regionsrebuilding="3"/>
  </mem-info>
</gc-start>
<allocation-stats totalBytes="22990680" >
  <allocated-bytes non-tlh="0" tlh="22990680" arrayletleaf="0"/>
  <largest-consumer threadName="main" threadId="000000000202A700" bytes="11496584" />
</allocation-stats>
<gc-op id="2761" type="copy forward" timems="1.410" contextid="2758" timestamp="2019-07-07T05:37:51.546">
  <memory-copied type="eden" objects="2" bytes="56" bytesdiscarded="0" />
  <memory-copied type="other" objects="0" bytes="0" bytesdiscarded="0" />
  <memory-cardclean objects="13" bytes="376" />
  <regions eden="22" other="1" />
  <remembered-set-cleared processed="57257" cleared="4" durationms="0.413" />
  <stringconstants candidates="13713" cleared="0"  />
</gc-op>
<gc-op id="2762" type="classunload" timems="0.003" contextid="2758" timestamp="2019-07-07T05:37:51.546">
  <classunload-info classloadercandidates="53" classloadersunloaded="0" classesunloaded="0" anonymousclassesunloaded="0" quiescems="0.000" setupms="0.003" scanms="0.000" postms="0.000" />
</gc-op>
<gc-end id="2763" type="partial gc" contextid="2758" durationms="2.388" usertimems="4.000" systemtimems="0.000" timestamp="2019-07-07T05:37:51.546" activeThreads="1">
  <mem-info id="2764" free="40894464" total="68157440" percent="60">
    <mem type="eden" free="1048520" total="1048576" percent="99" />
    <remembered-set count="59872" freebytes="2481152" totalbytes="2720640" percent="91" regionsoverflowed="0" regionsstable="2" regionsrebuilding="3"/>
  </mem-info>
</gc-end>
<cycle-end id="2765" type="partial gc" contextid="2758" timestamp="2019-07-07T05:37:51.546" />
  <attribute name="elasticGC enabled" value="1" />
  <attribute name= "numThreadsSpecified" value="1" />
  <attribute name="heapSize specified" value="0" />
  <attribute name="Current GC Util" value="53" />
  <attribute name= "Current Time Running" value="22346" />
  <attribute name ="GC Interval" value="0" />
  <attribute name="ProportionalT" value="16.500000" />
  <attribute name="ProportionalI" value="16.500000" />
  <attribute name="ProportionalH" value="16.500000" />
  <attribute name="Current Error" value="33.000000" />
  <attribute name="IntegralT" value="0.000000" />
  <attribute name="IntegralI" value="0.000000" />
  <attribute name="IntegralH" value="0.000000" />
  <attribute name="DerivativeT" value="inf" />
  <attribute name="DerivativeI" value="inf" />
  <attribute name="DerivativeH" value="inf" />
  <attribute name="Loop Time for DT" value="0.000000" />
  <attribute name="Output H" value="8388608"/>
  <attribute name="Output I" value="200"/>
  <attribute name="Output T" value="1"/>
  <attribute name="Target GC Util Change" value ="20.000000" />
  <attribute name="Current GC Util Change" value="53.000000"/>
  <attribute name="GC Util currently" value="53" />
  <attribute name="CPU Util currently" value="19069240216058" />
<exclusive-end id="2766" timestamp="2019-07-07T05:37:51.546" durationms="3.291" />

<exclusive-start id="2767" timestamp="2019-07-07T05:37:51.550" intervalms="7.052">
  <response-info timems="0.075" idlems="0.075" threads="0" lastid="000000000202A700" lastname="main" />
</exclusive-start>
<allocation-taxation id="2768" taxation-threshold="11534336" timestamp="2019-07-07T05:37:51.550" intervalms="7.116" />
<gc-start id="2769" type="global mark phase" contextid="2646" timestamp="2019-07-07T05:37:51.551">
  <mem-info id="2770" free="29360128" total="68157440" percent="43">
    <remembered-set count="59392" freebytes="2483072" totalbytes="2720640" percent="91" regionsoverflowed="0" regionsstable="2" regionsrebuilding="3"/>
  </mem-info>
</gc-start>
<gc-end id="2771" type="global mark phase" contextid="2646" durationms="0.168" usertimems="0.000" systemtimems="0.000" timestamp="2019-07-07T05:37:51.551" activeThreads="1">
  <mem-info id="2772" free="29360128" total="68157440" percent="43">
    <remembered-set count="59392" freebytes="2483072" totalbytes="2720640" percent="91" regionsoverflowed="0" regionsstable="2" regionsrebuilding="3"/>
  </mem-info>
</gc-end>
<concurrent-start id="2773" type="GMP work packet processing" contextid="2646" timestamp="2019-07-07T05:37:51.551">
  <concurrent-mark-start scanTarget="1048576" />
</concurrent-start>
<exclusive-end id="2774" timestamp="2019-07-07T05:37:51.552" durationms="1.560" />

<concurrent-end id="2775" type="GMP work packet processing" contextid="2646" timestamp="2019-07-07T05:37:51.552">
  <concurrent-mark-end bytesScanned="1089112" reasonForTermination="Work target met" />
</concurrent-end>

<exclusive-start id="2776" timestamp="2019-07-07T05:37:51.556" intervalms="5.328">
  <response-info timems="0.048" idlems="0.048" threads="0" lastid="000000000202A700" lastname="main" />
</exclusive-start>
<allocation-taxation id="2777" taxation-threshold="11534336" timestamp="2019-07-07T05:37:51.556" intervalms="5.240" />
<cycle-start id="2778" type="partial gc" contextid="0" timestamp="2019-07-07T05:37:51.556" intervalms="12.245" />
<gc-start id="2779" type="partial gc" contextid="2778" timestamp="2019-07-07T05:37:51.556">
  <mem-info id="2780" free="17825792" total="68157440" percent="26">
    <mem type="eden" free="1048520" total="24117248" percent="4" />
    <remembered-set count="59424" freebytes="2482944" totalbytes="2720640" percent="91" regionsoverflowed="0" regionsstable="2" regionsrebuilding="3"/>
  </mem-info>
</gc-start>
<allocation-stats totalBytes="22990680" >
  <allocated-bytes non-tlh="0" tlh="22990680" arrayletleaf="0"/>
  <largest-consumer threadName="main" threadId="000000000202A700" bytes="11496584" />
</allocation-stats>
<gc-op id="2781" type="copy forward" timems="1.384" contextid="2778" timestamp="2019-07-07T05:37:51.558">
  <memory-copied type="eden" objects="2" bytes="56" bytesdiscarded="0" />
  <memory-copied type="other" objects="0" bytes="0" bytesdiscarded="0" />
  <memory-cardclean objects="13" bytes="376" />
  <regions eden="22" other="1" />
  <remembered-set-cleared processed="57546" cleared="4" durationms="0.405" />
  <stringconstants candidates="13713" cleared="0"  />
</gc-op>
<gc-op id="2782" type="classunload" timems="0.004" contextid="2778" timestamp="2019-07-07T05:37:51.558">
  <classunload-info classloadercandidates="53" classloadersunloaded="0" classesunloaded="0" anonymousclassesunloaded="0" quiescems="0.000" setupms="0.003" scanms="0.000" postms="0.000" />
</gc-op>
<gc-end id="2783" type="partial gc" contextid="2778" durationms="2.516" usertimems="4.000" systemtimems="0.000" timestamp="2019-07-07T05:37:51.558" activeThreads="1">
  <mem-info id="2784" free="40894464" total="68157440" percent="60">
    <mem type="eden" free="1048520" total="1048576" percent="99" />
    <remembered-set count="59904" freebytes="2481024" totalbytes="2720640" percent="91" regionsoverflowed="0" regionsstable="2" regionsrebuilding="3"/>
  </mem-info>
</gc-end>
<cycle-end id="2785" type="partial gc" contextid="2778" timestamp="2019-07-07T05:37:51.559" />
  <attribute name="elasticGC enabled" value="1" />
  <attribute name= "numThreadsSpecified" value="1" />
  <attribute name="heapSize specified" value="0" />
  <attribute name="Current GC Util" value="71" />
  <attribute name= "Current Time Running" value="22358" />
  <attribute name ="GC Interval" value="0" />
  <attribute name="ProportionalT" value="25.500000" />
  <attribute name="ProportionalI" value="25.500000" />
  <attribute name="ProportionalH" value="25.500000" />
  <attribute name="Current Error" value="51.000000" />
  <attribute name="IntegralT" value="0.000000" />
  <attribute name="IntegralI" value="0.000000" />
  <attribute name="IntegralH" value="0.000000" />
  <attribute name="DerivativeT" value="inf" />
  <attribute name="DerivativeI" value="inf" />
  <attribute name="DerivativeH" value="inf" />
  <attribute name="Loop Time for DT" value="0.000000" />
  <attribute name="Output H" value="8388608"/>
  <attribute name="Output I" value="200"/>
  <attribute name="Output T" value="1"/>
  <attribute name="Target GC Util Change" value ="20.000000" />
  <attribute name="Current GC Util Change" value="71.000000"/>
  <attribute name="GC Util currently" value="71" />
  <attribute name="CPU Util currently" value="17961775986411" />
<exclusive-end id="2786" timestamp="2019-07-07T05:37:51.559" durationms="3.352" />

<exclusive-start id="2787" timestamp="2019-07-07T05:37:51.563" intervalms="7.093">
  <response-info timems="0.081" idlems="0.081" threads="0" lastid="000000000202A700" lastname="main" />
</exclusive-start>
<allocation-taxation id="2788" taxation-threshold="11534336" timestamp="2019-07-07T05:37:51.563" intervalms="7.194" />
<gc-start id="2789" type="global mark phase" contextid="2646" timestamp="2019-07-07T05:37:51.563">
  <mem-info id="2790" free="29360128" total="68157440" percent="43">
    <remembered-set count="59424" freebytes="2482944" totalbytes="2720640" percent="91" regionsoverflowed="0" regionsstable="2" regionsrebuilding="3"/>
  </mem-info>
</gc-start>
<gc-end id="2791" type="global mark phase" contextid="2646" durationms="0.169" usertimems="0.000" systemtimems="0.000" timestamp="2019-07-07T05:37:51.563" activeThreads="1">
  <mem-info id="2792" free="29360128" total="68157440" percent="43">
    <remembered-set count="59424" freebytes="2482944" totalbytes="2720640" percent="91" regionsoverflowed="0" regionsstable="2" regionsrebuilding="3"/>
  </mem-info>
</gc-end>
<concurrent-start id="2793" type="GMP work packet processing" contextid="2646" timestamp="2019-07-07T05:37:51.563">
  <concurrent-mark-start scanTarget="1048576" />
</concurrent-start>
<exclusive-end id="2794" timestamp="2019-07-07T05:37:51.564" durationms="1.468" />

<concurrent-end id="2795" type="GMP work packet processing" contextid="2646" timestamp="2019-07-07T05:37:51.564">
  <concurrent-mark-end bytesScanned="1095732" reasonForTermination="Work target met" />
</concurrent-end>

<exclusive-start id="2796" timestamp="2019-07-07T05:37:51.568" intervalms="5.337">
  <response-info timems="0.080" idlems="0.080" threads="0" lastid="000000000202A700" lastname="main" />
</exclusive-start>
<allocation-taxation id="2797" taxation-threshold="11534336" timestamp="2019-07-07T05:37:51.568" intervalms="5.335" />
<cycle-start id="2798" type="partial gc" contextid="0" timestamp="2019-07-07T05:37:51.568" intervalms="12.667" />
<gc-start id="2799" type="partial gc" contextid="2798" timestamp="2019-07-07T05:37:51.569">
  <mem-info id="2800" free="17825792" total="68157440" percent="26">
    <mem type="eden" free="1048520" total="24117248" percent="4" />
    <remembered-set count="60000" freebytes="2480640" totalbytes="2720640" percent="91" regionsoverflowed="0" regionsstable="2" regionsrebuilding="3"/>
  </mem-info>
</gc-start>
<allocation-stats totalBytes="22990680" >
  <allocated-bytes non-tlh="0" tlh="22990680" arrayletleaf="0"/>
  <largest-consumer threadName="main" threadId="000000000202A700" bytes="11496584" />
</allocation-stats>
<gc-op id="2801" type="copy forward" timems="1.327" contextid="2798" timestamp="2019-07-07T05:37:51.571">
  <memory-copied type="eden" objects="2" bytes="56" bytesdiscarded="0" />
  <memory-copied type="other" objects="0" bytes="0" bytesdiscarded="0" />
  <memory-cardclean objects="13" bytes="376" />
  <regions eden="22" other="1" />
  <remembered-set-cleared processed="58084" cleared="4" durationms="0.404" />
  <stringconstants candidates="13713" cleared="0"  />
</gc-op>
<gc-op id="2802" type="classunload" timems="0.003" contextid="2798" timestamp="2019-07-07T05:37:51.571">
  <classunload-info classloadercandidates="53" classloadersunloaded="0" classesunloaded="0" anonymousclassesunloaded="0" quiescems="0.000" setupms="0.003" scanms="0.000" postms="0.000" />
</gc-op>
<gc-end id="2803" type="partial gc" contextid="2798" durationms="2.288" usertimems="4.000" systemtimems="0.000" timestamp="2019-07-07T05:37:51.571" activeThreads="1">
  <mem-info id="2804" free="40894464" total="68157440" percent="60">
    <mem type="eden" free="1048520" total="1048576" percent="99" />
    <remembered-set count="60480" freebytes="2478720" totalbytes="2720640" percent="91" regionsoverflowed="0" regionsstable="2" regionsrebuilding="3"/>
  </mem-info>
</gc-end>
<cycle-end id="2805" type="partial gc" contextid="2798" timestamp="2019-07-07T05:37:51.571" />
  <attribute name="elasticGC enabled" value="1" />
  <attribute name= "numThreadsSpecified" value="1" />
  <attribute name="heapSize specified" value="0" />
  <attribute name="Current GC Util" value="51" />
  <attribute name= "Current Time Running" value="22371" />
  <attribute name ="GC Interval" value="0" />
  <attribute name="ProportionalT" value="15.500000" />
  <attribute name="ProportionalI" value="15.500000" />
  <attribute name="ProportionalH" value="15.500000" />
  <attribute name="Current Error" value="31.000000" />
  <attribute name="IntegralT" value="0.000000" />
  <attribute name="IntegralI" value="0.000000" />
  <attribute name="IntegralH" value="0.000000" />
  <attribute name="DerivativeT" value="inf" />
  <attribute name="DerivativeI" value="inf" />
  <attribute name="DerivativeH" value="inf" />
  <attribute name="Loop Time for DT" value="0.000000" />
  <attribute name="Output H" value="8388608"/>
  <attribute name="Output I" value="200"/>
  <attribute name="Output T" value="1"/>
  <attribute name="Target GC Util Change" value ="20.000000" />
  <attribute name="Current GC Util Change" value="51.000000"/>
  <attribute name="GC Util currently" value="51" />
  <attribute name="CPU Util currently" value="18727582768836" />
<exclusive-end id="2806" timestamp="2019-07-07T05:37:51.571" durationms="3.258" />

<exclusive-start id="2807" timestamp="2019-07-07T05:37:51.575" intervalms="6.979">
  <response-info timems="0.078" idlems="0.078" threads="0" lastid="000000000202A700" lastname="main" />
</exclusive-start>
<allocation-taxation id="2808" taxation-threshold="11534336" timestamp="2019-07-07T05:37:51.575" intervalms="6.954" />
<gc-start id="2809" type="global mark phase" contextid="2646" timestamp="2019-07-07T05:37:51.575">
  <mem-info id="2810" free="29360128" total="68157440" percent="43">
    <remembered-set count="60000" freebytes="2480640" totalbytes="2720640" percent="91" regionsoverflowed="0" regionsstable="2" regionsrebuilding="3"/>
  </mem-info>
</gc-start>
<gc-end id="2811" type="global mark phase" contextid="2646" durationms="0.139" usertimems="0.000" systemtimems="0.000" timestamp="2019-07-07T05:37:51.576" activeThreads="1">
  <mem-info id="2812" free="29360128" total="68157440" percent="43">
    <remembered-set count="60000" freebytes="2480640" totalbytes="2720640" percent="91" regionsoverflowed="0" regionsstable="2" regionsrebuilding="3"/>
  </mem-info>
</gc-end>
<concurrent-start id="2813" type="GMP work packet processing" contextid="2646" timestamp="2019-07-07T05:37:51.576">
  <concurrent-mark-start scanTarget="1048576" />
</concurrent-start>
<exclusive-end id="2814" timestamp="2019-07-07T05:37:51.576" durationms="0.797" />

<concurrent-end id="2815" type="GMP work packet processing" contextid="2646" timestamp="2019-07-07T05:37:51.576">
  <concurrent-mark-end bytesScanned="1103480" reasonForTermination="Work target met" />
</concurrent-end>

<exclusive-start id="2816" timestamp="2019-07-07T05:37:51.580" intervalms="4.997">
  <response-info timems="0.073" idlems="0.073" threads="0" lastid="000000000202A700" lastname="main" />
</exclusive-start>
<allocation-taxation id="2817" taxation-threshold="11534336" timestamp="2019-07-07T05:37:51.580" intervalms="4.921" />
<cycle-start id="2818" type="partial gc" contextid="0" timestamp="2019-07-07T05:37:51.580" intervalms="11.835" />
<gc-start id="2819" type="partial gc" contextid="2818" timestamp="2019-07-07T05:37:51.580">
  <mem-info id="2820" free="17825792" total="68157440" percent="26">
    <mem type="eden" free="1048520" total="24117248" percent="4" />
    <remembered-set count="60608" freebytes="2478208" totalbytes="2720640" percent="91" regionsoverflowed="0" regionsstable="2" regionsrebuilding="3"/>
  </mem-info>
</gc-start>
<allocation-stats totalBytes="22990680" >
  <allocated-bytes non-tlh="0" tlh="22990680" arrayletleaf="0"/>
  <largest-consumer threadName="main" threadId="000000000202A700" bytes="11496584" />
</allocation-stats>
<gc-op id="2821" type="copy forward" timems="1.313" contextid="2818" timestamp="2019-07-07T05:37:51.582">
  <memory-copied type="eden" objects="2" bytes="56" bytesdiscarded="0" />
  <memory-copied type="other" objects="0" bytes="0" bytesdiscarded="0" />
  <memory-cardclean objects="13" bytes="376" />
  <regions eden="22" other="1" />
  <remembered-set-cleared processed="58739" cleared="4" durationms="0.405" />
  <stringconstants candidates="13713" cleared="0"  />
</gc-op>
<gc-op id="2822" type="classunload" timems="0.003" contextid="2818" timestamp="2019-07-07T05:37:51.582">
  <classunload-info classloadercandidates="53" classloadersunloaded="0" classesunloaded="0" anonymousclassesunloaded="0" quiescems="0.000" setupms="0.003" scanms="0.000" postms="0.000" />
</gc-op>
<gc-end id="2823" type="partial gc" contextid="2818" durationms="2.273" usertimems="4.000" systemtimems="0.000" timestamp="2019-07-07T05:37:51.583" activeThreads="1">
  <mem-info id="2824" free="40894464" total="68157440" percent="60">
    <mem type="eden" free="1048520" total="1048576" percent="99" />
    <remembered-set count="61088" freebytes="2476288" totalbytes="2720640" percent="91" regionsoverflowed="0" regionsstable="2" regionsrebuilding="3"/>
  </mem-info>
</gc-end>
<cycle-end id="2825" type="partial gc" contextid="2818" timestamp="2019-07-07T05:37:51.583" />
  <attribute name="elasticGC enabled" value="1" />
  <attribute name= "numThreadsSpecified" value="1" />
  <attribute name="heapSize specified" value="0" />
  <attribute name="Current GC Util" value="68" />
  <attribute name= "Current Time Running" value="22383" />
  <attribute name ="GC Interval" value="0" />
  <attribute name="ProportionalT" value="24.000000" />
  <attribute name="ProportionalI" value="24.000000" />
  <attribute name="ProportionalH" value="24.000000" />
  <attribute name="Current Error" value="48.000000" />
  <attribute name="IntegralT" value="0.000000" />
  <attribute name="IntegralI" value="0.000000" />
  <attribute name="IntegralH" value="0.000000" />
  <attribute name="DerivativeT" value="inf" />
  <attribute name="DerivativeI" value="inf" />
  <attribute name="DerivativeH" value="inf" />
  <attribute name="Loop Time for DT" value="0.000000" />
  <attribute name="Output H" value="8388608"/>
  <attribute name="Output I" value="200"/>
  <attribute name="Output T" value="1"/>
  <attribute name="Target GC Util Change" value ="20.000000" />
  <attribute name="Current GC Util Change" value="68.000000"/>
  <attribute name="GC Util currently" value="68" />
  <attribute name="CPU Util currently" value="25223625975271" />
<exclusive-end id="2826" timestamp="2019-07-07T05:37:51.583" durationms="2.993" />

<exclusive-start id="2827" timestamp="2019-07-07T05:37:51.587" intervalms="6.706">
  <response-info timems="0.073" idlems="0.073" threads="0" lastid="000000000202A700" lastname="main" />
</exclusive-start>
<allocation-taxation id="2828" taxation-threshold="11534336" timestamp="2019-07-07T05:37:51.587" intervalms="6.778" />
<gc-start id="2829" type="global mark phase" contextid="2646" timestamp="2019-07-07T05:37:51.587">
  <mem-info id="2830" free="29360128" total="68157440" percent="43">
    <remembered-set count="60608" freebytes="2478208" totalbytes="2720640" percent="91" regionsoverflowed="0" regionsstable="2" regionsrebuilding="3"/>
  </mem-info>
</gc-start>
<gc-end id="2831" type="global mark phase" contextid="2646" durationms="0.140" usertimems="0.000" systemtimems="0.000" timestamp="2019-07-07T05:37:51.587" activeThreads="1">
  <mem-info id="2832" free="29360128" total="68157440" percent="43">
    <remembered-set count="60608" freebytes="2478208" totalbytes="2720640" percent="91" regionsoverflowed="0" regionsstable="2" regionsrebuilding="3"/>
  </mem-info>
</gc-end>
<concurrent-start id="2833" type="GMP work packet processing" contextid="2646" timestamp="2019-07-07T05:37:51.587">
  <concurrent-mark-start scanTarget="1048576" />
</concurrent-start>
<exclusive-end id="2834" timestamp="2019-07-07T05:37:51.588" durationms="0.882" />

<concurrent-end id="2835" type="GMP work packet processing" contextid="2646" timestamp="2019-07-07T05:37:51.588">
  <concurrent-mark-end bytesScanned="1097872" reasonForTermination="Work target met" />
</concurrent-end>

<exclusive-start id="2836" timestamp="2019-07-07T05:37:51.592" intervalms="4.964">
  <response-info timems="0.059" idlems="0.059" threads="0" lastid="000000000202A700" lastname="main" />
</exclusive-start>
<allocation-taxation id="2837" taxation-threshold="11534336" timestamp="2019-07-07T05:37:51.592" intervalms="4.863" />
<cycle-start id="2838" type="partial gc" contextid="0" timestamp="2019-07-07T05:37:51.592" intervalms="11.601" />
<gc-start id="2839" type="partial gc" contextid="2838" timestamp="2019-07-07T05:37:51.592">
  <mem-info id="2840" free="17825792" total="68157440" percent="26">
    <mem type="eden" free="1048520" total="24117248" percent="4" />
    <remembered-set count="61120" freebytes="2476160" totalbytes="2720640" percent="91" regionsoverflowed="0" regionsstable="2" regionsrebuilding="3"/>
  </mem-info>
</gc-start>
<allocation-stats totalBytes="22990680" >
  <allocated-bytes non-tlh="0" tlh="22990680" arrayletleaf="0"/>
  <largest-consumer threadName="main" threadId="000000000202A700" bytes="11496584" />
</allocation-stats>
<gc-op id="2841" type="copy forward" timems="1.243" contextid="2838" timestamp="2019-07-07T05:37:51.594">
  <memory-copied type="eden" objects="2" bytes="56" bytesdiscarded="0" />
  <memory-copied type="other" objects="0" bytes="0" bytesdiscarded="0" />
  <memory-cardclean objects="13" bytes="376" />
  <regions eden="22" other="1" />
  <remembered-set-cleared processed="59100" cleared="4" durationms="0.387" />
  <stringconstants candidates="13713" cleared="0"  />
</gc-op>
<gc-op id="2842" type="classunload" timems="0.003" contextid="2838" timestamp="2019-07-07T05:37:51.594">
  <classunload-info classloadercandidates="53" classloadersunloaded="0" classesunloaded="0" anonymousclassesunloaded="0" quiescems="0.000" setupms="0.003" scanms="0.000" postms="0.000" />
</gc-op>
<gc-end id="2843" type="partial gc" contextid="2838" durationms="2.049" usertimems="4.000" systemtimems="0.000" timestamp="2019-07-07T05:37:51.594" activeThreads="1">
  <mem-info id="2844" free="40894464" total="68157440" percent="60">
    <mem type="eden" free="1048520" total="1048576" percent="99" />
    <remembered-set count="61600" freebytes="2474240" totalbytes="2720640" percent="90" regionsoverflowed="0" regionsstable="2" regionsrebuilding="3"/>
  </mem-info>
</gc-end>
<cycle-end id="2845" type="partial gc" contextid="2838" timestamp="2019-07-07T05:37:51.594" />
  <attribute name="elasticGC enabled" value="1" />
  <attribute name= "numThreadsSpecified" value="1" />
  <attribute name="heapSize specified" value="0" />
  <attribute name="Current GC Util" value="65" />
  <attribute name= "Current Time Running" value="22394" />
  <attribute name ="GC Interval" value="0" />
  <attribute name="ProportionalT" value="22.500000" />
  <attribute name="ProportionalI" value="22.500000" />
  <attribute name="ProportionalH" value="22.500000" />
  <attribute name="Current Error" value="45.000000" />
  <attribute name="IntegralT" value="0.000000" />
  <attribute name="IntegralI" value="0.000000" />
  <attribute name="IntegralH" value="0.000000" />
  <attribute name="DerivativeT" value="inf" />
  <attribute name="DerivativeI" value="inf" />
  <attribute name="DerivativeH" value="inf" />
  <attribute name="Loop Time for DT" value="0.000000" />
  <attribute name="Output H" value="8388608"/>
  <attribute name="Output I" value="200"/>
  <attribute name="Output T" value="1"/>
  <attribute name="Target GC Util Change" value ="20.000000" />
  <attribute name="Current GC Util Change" value="65.000000"/>
  <attribute name="GC Util currently" value="65" />
  <attribute name="CPU Util currently" value="21872399080918" />
<exclusive-end id="2846" timestamp="2019-07-07T05:37:51.594" durationms="2.698" />

<exclusive-start id="2847" timestamp="2019-07-07T05:37:51.598" intervalms="6.393">
  <response-info timems="0.067" idlems="0.067" threads="0" lastid="000000000202A700" lastname="main" />
</exclusive-start>
<allocation-taxation id="2848" taxation-threshold="11534336" timestamp="2019-07-07T05:37:51.598" intervalms="6.475" />
<gc-start id="2849" type="global mark phase" contextid="2646" timestamp="2019-07-07T05:37:51.598">
  <mem-info id="2850" free="29360128" total="68157440" percent="43">
    <remembered-set count="61120" freebytes="2476160" totalbytes="2720640" percent="91" regionsoverflowed="0" regionsstable="2" regionsrebuilding="3"/>
  </mem-info>
</gc-start>
<gc-end id="2851" type="global mark phase" contextid="2646" durationms="0.137" usertimems="0.000" systemtimems="0.000" timestamp="2019-07-07T05:37:51.599" activeThreads="1">
  <mem-info id="2852" free="29360128" total="68157440" percent="43">
    <remembered-set count="61120" freebytes="2476160" totalbytes="2720640" percent="91" regionsoverflowed="0" regionsstable="2" regionsrebuilding="3"/>
  </mem-info>
</gc-end>
<concurrent-start id="2853" type="GMP work packet processing" contextid="2646" timestamp="2019-07-07T05:37:51.599">
  <concurrent-mark-start scanTarget="1048576" />
</concurrent-start>
<exclusive-end id="2854" timestamp="2019-07-07T05:37:51.599" durationms="0.843" />

<concurrent-end id="2855" type="GMP work packet processing" contextid="2646" timestamp="2019-07-07T05:37:51.599">
  <concurrent-mark-end bytesScanned="1093188" reasonForTermination="Work target met" />
</concurrent-end>

<exclusive-start id="2856" timestamp="2019-07-07T05:37:51.603" intervalms="4.876">
  <response-info timems="0.060" idlems="0.060" threads="0" lastid="000000000202A700" lastname="main" />
</exclusive-start>
<allocation-taxation id="2857" taxation-threshold="11534336" timestamp="2019-07-07T05:37:51.603" intervalms="4.819" />
<cycle-start id="2858" type="partial gc" contextid="0" timestamp="2019-07-07T05:37:51.603" intervalms="11.339" />
<gc-start id="2859" type="partial gc" contextid="2858" timestamp="2019-07-07T05:37:51.603">
  <mem-info id="2860" free="17825792" total="68157440" percent="26">
    <mem type="eden" free="1048520" total="24117248" percent="4" />
    <remembered-set count="61632" freebytes="2474112" totalbytes="2720640" percent="90" regionsoverflowed="0" regionsstable="2" regionsrebuilding="3"/>
  </mem-info>
</gc-start>
<allocation-stats totalBytes="22990680" >
  <allocated-bytes non-tlh="0" tlh="22990680" arrayletleaf="0"/>
  <largest-consumer threadName="main" threadId="000000000202A700" bytes="11496560" />
</allocation-stats>
<gc-op id="2861" type="copy forward" timems="1.274" contextid="2858" timestamp="2019-07-07T05:37:51.605">
  <memory-copied type="eden" objects="2" bytes="56" bytesdiscarded="0" />
  <memory-copied type="other" objects="0" bytes="0" bytesdiscarded="0" />
  <memory-cardclean objects="13" bytes="376" />
  <regions eden="22" other="1" />
  <remembered-set-cleared processed="59409" cleared="4" durationms="0.221" />
  <stringconstants candidates="13713" cleared="0"  />
</gc-op>
<gc-op id="2862" type="classunload" timems="0.003" contextid="2858" timestamp="2019-07-07T05:37:51.605">
  <classunload-info classloadercandidates="53" classloadersunloaded="0" classesunloaded="0" anonymousclassesunloaded="0" quiescems="0.000" setupms="0.003" scanms="0.000" postms="0.000" />
</gc-op>
<gc-end id="2863" type="partial gc" contextid="2858" durationms="2.074" usertimems="4.000" systemtimems="0.000" timestamp="2019-07-07T05:37:51.605" activeThreads="4">
  <mem-info id="2864" free="40894464" total="68157440" percent="60">
    <mem type="eden" free="1048520" total="1048576" percent="99" />
    <remembered-set count="60928" freebytes="2476928" totalbytes="2720640" percent="91" regionsoverflowed="0" regionsstable="2" regionsrebuilding="3"/>
  </mem-info>
</gc-end>
<cycle-end id="2865" type="partial gc" contextid="2858" timestamp="2019-07-07T05:37:51.606" />
  <attribute name="elasticGC enabled" value="1" />
  <attribute name= "numThreadsSpecified" value="4" />
  <attribute name="heapSize specified" value="0" />
  <attribute name="Current GC Util" value="70" />
  <attribute name= "Current Time Running" value="22406" />
  <attribute name ="GC Interval" value="0" />
  <attribute name="ProportionalT" value="25.000000" />
  <attribute name="ProportionalI" value="25.000000" />
  <attribute name="ProportionalH" value="25.000000" />
  <attribute name="Current Error" value="50.000000" />
  <attribute name="IntegralT" value="25.000000" />
  <attribute name="IntegralI" value="25.000000" />
  <attribute name="IntegralH" value="25.000000" />
  <attribute name="DerivativeT" value="43.000000" />
  <attribute name="DerivativeI" value="43.000000" />
  <attribute name="DerivativeH" value="43.000000" />
  <attribute name="Loop Time for DT" value="1.000000" />
  <attribute name="Output H" value="8388608"/>
  <attribute name="Output I" value="200"/>
  <attribute name="Output T" value="4"/>
  <attribute name="Target GC Util Change" value ="20.000000" />
  <attribute name="Current GC Util Change" value="70.000000"/>
  <attribute name="GC Util currently" value="70" />
  <attribute name="CPU Util currently" value="23840148386228" />
<exclusive-end id="2866" timestamp="2019-07-07T05:37:51.606" durationms="2.832" />

<exclusive-start id="2867" timestamp="2019-07-07T05:37:51.609" intervalms="6.552">
  <response-info timems="0.077" idlems="0.077" threads="0" lastid="000000000202A700" lastname="main" />
</exclusive-start>
<allocation-taxation id="2868" taxation-threshold="11534336" timestamp="2019-07-07T05:37:51.610" intervalms="6.631" />
<gc-start id="2869" type="global mark phase" contextid="2646" timestamp="2019-07-07T05:37:51.610">
  <mem-info id="2870" free="29360128" total="68157440" percent="43">
    <remembered-set count="60448" freebytes="2478848" totalbytes="2720640" percent="91" regionsoverflowed="0" regionsstable="2" regionsrebuilding="3"/>
  </mem-info>
</gc-start>
<gc-end id="2871" type="global mark phase" contextid="2646" durationms="0.139" usertimems="0.000" systemtimems="0.000" timestamp="2019-07-07T05:37:51.610" activeThreads="4">
  <mem-info id="2872" free="29360128" total="68157440" percent="43">
    <remembered-set count="60448" freebytes="2478848" totalbytes="2720640" percent="91" regionsoverflowed="0" regionsstable="2" regionsrebuilding="3"/>
  </mem-info>
</gc-end>
<concurrent-start id="2873" type="GMP work packet processing" contextid="2646" timestamp="2019-07-07T05:37:51.610">
  <concurrent-mark-start scanTarget="2368229" />
</concurrent-start>
<exclusive-end id="2874" timestamp="2019-07-07T05:37:51.610" durationms="0.922" />

<concurrent-end id="2875" type="GMP work packet processing" contextid="2646" timestamp="2019-07-07T05:37:51.611">
  <concurrent-mark-end bytesScanned="1299440" reasonForTermination="Completed all work in GC phase" />
</concurrent-end>

<exclusive-start id="2876" timestamp="2019-07-07T05:37:51.615" intervalms="5.219">
  <response-info timems="0.070" idlems="0.070" threads="0" lastid="000000000202A700" lastname="main" />
</exclusive-start>
<allocation-taxation id="2877" taxation-threshold="11534336" timestamp="2019-07-07T05:37:51.615" intervalms="5.153" />
<cycle-start id="2878" type="partial gc" contextid="0" timestamp="2019-07-07T05:37:51.615" intervalms="11.748" />
<gc-start id="2879" type="partial gc" contextid="2878" timestamp="2019-07-07T05:37:51.615">
  <mem-info id="2880" free="17825792" total="68157440" percent="26">
    <mem type="eden" free="1048520" total="24117248" percent="4" />
    <remembered-set count="62208" freebytes="2471808" totalbytes="2720640" percent="90" regionsoverflowed="0" regionsstable="2" regionsrebuilding="3"/>
  </mem-info>
</gc-start>
<allocation-stats totalBytes="22990680" >
  <allocated-bytes non-tlh="0" tlh="22990680" arrayletleaf="0"/>
  <largest-consumer threadName="main" threadId="000000000202A700" bytes="11496560" />
</allocation-stats>
<gc-op id="2881" type="copy forward" timems="1.251" contextid="2878" timestamp="2019-07-07T05:37:51.617">
  <memory-copied type="eden" objects="2" bytes="56" bytesdiscarded="0" />
  <memory-copied type="other" objects="0" bytes="0" bytesdiscarded="0" />
  <memory-cardclean objects="13" bytes="376" />
  <regions eden="22" other="1" />
  <remembered-set-cleared processed="60264" cleared="4" durationms="0.413" />
  <stringconstants candidates="13713" cleared="0"  />
</gc-op>
<gc-op id="2882" type="classunload" timems="0.004" contextid="2878" timestamp="2019-07-07T05:37:51.617">
  <classunload-info classloadercandidates="53" classloadersunloaded="0" classesunloaded="0" anonymousclassesunloaded="0" quiescems="0.000" setupms="0.004" scanms="0.000" postms="0.000" />
</gc-op>
<gc-end id="2883" type="partial gc" contextid="2878" durationms="2.130" usertimems="0.000" systemtimems="0.000" timestamp="2019-07-07T05:37:51.617" activeThreads="1">
  <mem-info id="2884" free="40894464" total="68157440" percent="60">
    <mem type="eden" free="1048520" total="1048576" percent="99" />
    <remembered-set count="62688" freebytes="2469888" totalbytes="2720640" percent="90" regionsoverflowed="0" regionsstable="2" regionsrebuilding="3"/>
  </mem-info>
</gc-end>
<cycle-end id="2885" type="partial gc" contextid="2878" timestamp="2019-07-07T05:37:51.617" />
  <attribute name="elasticGC enabled" value="1" />
  <attribute name= "numThreadsSpecified" value="1" />
  <attribute name="heapSize specified" value="0" />
  <attribute name="Current GC Util" value="56" />
  <attribute name= "Current Time Running" value="22417" />
  <attribute name ="GC Interval" value="0" />
  <attribute name="ProportionalT" value="18.000000" />
  <attribute name="ProportionalI" value="18.000000" />
  <attribute name="ProportionalH" value="18.000000" />
  <attribute name="Current Error" value="36.000000" />
  <attribute name="IntegralT" value="0.000000" />
  <attribute name="IntegralI" value="0.000000" />
  <attribute name="IntegralH" value="0.000000" />
  <attribute name="DerivativeT" value="inf" />
  <attribute name="DerivativeI" value="inf" />
  <attribute name="DerivativeH" value="inf" />
  <attribute name="Loop Time for DT" value="0.000000" />
  <attribute name="Output H" value="8388608"/>
  <attribute name="Output I" value="200"/>
  <attribute name="Output T" value="1"/>
  <attribute name="Target GC Util Change" value ="20.000000" />
  <attribute name="Current GC Util Change" value="56.000000"/>
  <attribute name="GC Util currently" value="56" />
  <attribute name="CPU Util currently" value="20986725329078" />
<exclusive-end id="2886" timestamp="2019-07-07T05:37:51.618" durationms="2.881" />

<exclusive-start id="2887" timestamp="2019-07-07T05:37:51.621" intervalms="6.608">
  <response-info timems="0.077" idlems="0.077" threads="0" lastid="000000000202A700" lastname="main" />
</exclusive-start>
<allocation-taxation id="2888" taxation-threshold="11534336" timestamp="2019-07-07T05:37:51.621" intervalms="6.597" />
<gc-start id="2889" type="global mark phase" contextid="2646" timestamp="2019-07-07T05:37:51.622">
  <mem-info id="2890" free="29360128" total="68157440" percent="43">
    <remembered-set count="62208" freebytes="2471808" totalbytes="2720640" percent="90" regionsoverflowed="0" regionsstable="2" regionsrebuilding="3"/>
  </mem-info>
</gc-start>
<gc-op id="2891" type="mark increment" timems="1.275" contextid="2646" timestamp="2019-07-07T05:37:51.623">
  <trace-info objectcount="64" scancount="62" scanbytes="1552" />
  <cardclean-info objects="374" bytes="29660" />
  <finalization candidates="80" enqueued="0" />
  <ownableSynchronizers candidates="22" cleared="0" />
  <references type="soft" candidates="3588" cleared="1449" enqueued="734" dynamicThreshold="19" maxThreshold="32" />
  <references type="weak" candidates="5694" cleared="4" enqueued="3" />
  <references type="phantom" candidates="101" cleared="0" enqueued="0" />
  <stringconstants candidates="13713" cleared="389"  />
</gc-op>
<gc-op id="2892" type="classunload" timems="0.003" contextid="2646" timestamp="2019-07-07T05:37:51.623">
  <classunload-info classloadercandidates="53" classloadersunloaded="0" classesunloaded="0" anonymousclassesunloaded="0" quiescems="0.000" setupms="0.003" scanms="0.000" postms="0.000" />
</gc-op>
<gc-end id="2893" type="global mark phase" contextid="2646" durationms="1.804" usertimems="4.000" systemtimems="0.000" timestamp="2019-07-07T05:37:51.623" activeThreads="4">
  <mem-info id="2894" free="29360128" total="68157440" percent="43">
    <pending-finalizers system="0" default="0" reference="737" classloader="0" />
    <remembered-set count="62208" freebytes="2471808" totalbytes="2720640" percent="90" regionsoverflowed="0" regionsstable="2" regionsrebuilding="0"/>
  </mem-info>
</gc-end>
<cycle-end id="2895" type="global mark phase" contextid="2646" timestamp="2019-07-07T05:37:51.624" />
  <attribute name="elasticGC enabled" value="1" />
  <attribute name= "numThreadsSpecified" value="4" />
  <attribute name="heapSize specified" value="0" />
  <attribute name="Current GC Util" value="0" />
  <attribute name= "Current Time Running" value="22424" />
  <attribute name ="GC Interval" value="0" />
  <attribute name="ProportionalT" value="-10.000000" />
  <attribute name="ProportionalI" value="-10.000000" />
  <attribute name="ProportionalH" value="-10.000000" />
  <attribute name="Current Error" value="-20.000000" />
  <attribute name="IntegralT" value="0.000000" />
  <attribute name="IntegralI" value="0.000000" />
  <attribute name="IntegralH" value="0.000000" />
  <attribute name="DerivativeT" value="-inf" />
  <attribute name="DerivativeI" value="-inf" />
  <attribute name="DerivativeH" value="-inf" />
  <attribute name="Loop Time for DT" value="0.000000" />
  <attribute name="Output H" value="2091843584"/>
  <attribute name="Output I" value="200"/>
  <attribute name="Output T" value="4"/>
  <attribute name="Target GC Util Change" value ="20.000000" />
  <attribute name="Current GC Util Change" value="0.000000"/>
  <attribute name="GC Util currently" value="0" />
  <attribute name="CPU Util currently" value="69238296608815" />
<exclusive-end id="2896" timestamp="2019-07-07T05:37:51.624" durationms="2.436" />

<exclusive-start id="2897" timestamp="2019-07-07T05:37:51.627" intervalms="6.056">
  <response-info timems="0.064" idlems="0.064" threads="0" lastid="000000000202A700" lastname="main" />
</exclusive-start>
<allocation-taxation id="2898" taxation-threshold="11534336" timestamp="2019-07-07T05:37:51.627" intervalms="6.035" />
<cycle-start id="2899" type="partial gc" contextid="0" timestamp="2019-07-07T05:37:51.628" intervalms="12.600" />
<gc-start id="2900" type="partial gc" contextid="2899" timestamp="2019-07-07T05:37:51.628">
  <mem-info id="2901" free="17825792" total="68157440" percent="26">
    <mem type="eden" free="1048520" total="24117248" percent="4" />
    <remembered-set count="53376" freebytes="2507136" totalbytes="2720640" percent="92" regionsoverflowed="0" regionsstable="5" regionsrebuilding="0"/>
  </mem-info>
</gc-start>
<allocation-stats totalBytes="22989416" >
  <allocated-bytes non-tlh="0" tlh="22989416" arrayletleaf="0"/>
  <largest-consumer threadName="main" threadId="000000000202A700" bytes="11455904" />
</allocation-stats>
<gc-op id="2902" type="sweep" timems="0.737" contextid="2899" timestamp="2019-07-07T05:37:51.629" />
<gc-op id="2903" type="copy forward" timems="1.415" contextid="2899" timestamp="2019-07-07T05:37:51.631">
  <memory-copied type="eden" objects="3" bytes="3104" bytesdiscarded="0" />
  <memory-copied type="other" objects="0" bytes="0" bytesdiscarded="0" />
  <memory-cardclean objects="109" bytes="10096" />
  <regions eden="11" other="1" />
  <remembered-set-cleared processed="51728" cleared="19" durationms="0.238" />
  <stringconstants candidates="13324" cleared="0"  />
</gc-op>
<gc-op id="2904" type="classunload" timems="0.003" contextid="2899" timestamp="2019-07-07T05:37:51.631">
  <classunload-info classloadercandidates="53" classloadersunloaded="0" classesunloaded="0" anonymousclassesunloaded="0" quiescems="0.000" setupms="0.003" scanms="0.000" postms="0.000" />
</gc-op>
<gc-end id="2905" type="partial gc" contextid="2899" durationms="3.312" usertimems="4.000" systemtimems="0.000" timestamp="2019-07-07T05:37:51.631" activeThreads="4">
  <mem-info id="2906" free="40894464" total="68157440" percent="60">
    <mem type="eden" free="1045472" total="1048576" percent="99" />
    <remembered-set count="54112" freebytes="2504192" totalbytes="2720640" percent="92" regionsoverflowed="0" regionsstable="5" regionsrebuilding="0"/>
  </mem-info>
</gc-end>
<cycle-end id="2907" type="partial gc" contextid="2899" timestamp="2019-07-07T05:37:51.631" />
  <attribute name="elasticGC enabled" value="1" />
  <attribute name= "numThreadsSpecified" value="4" />
  <attribute name="heapSize specified" value="0" />
  <attribute name="Current GC Util" value="60" />
  <attribute name= "Current Time Running" value="22431" />
  <attribute name ="GC Interval" value="0" />
  <attribute name="ProportionalT" value="20.000000" />
  <attribute name="ProportionalI" value="20.000000" />
  <attribute name="ProportionalH" value="20.000000" />
  <attribute name="Current Error" value="40.000000" />
  <attribute name="IntegralT" value="0.000000" />
  <attribute name="IntegralI" value="0.000000" />
  <attribute name="IntegralH" value="0.000000" />
  <attribute name="DerivativeT" value="-inf" />
  <attribute name="DerivativeI" value="-inf" />
  <attribute name="DerivativeH" value="-inf" />
  <attribute name="Loop Time for DT" value="0.000000" />
  <attribute name="Output H" value="2091843584"/>
  <attribute name="Output I" value="200"/>
  <attribute name="Output T" value="4"/>
  <attribute name="Target GC Util Change" value ="20.000000" />
  <attribute name="Current GC Util Change" value="60.000000"/>
  <attribute name="GC Util currently" value="60" />
  <attribute name="CPU Util currently" value="22526907535946" />
<exclusive-end id="2908" timestamp="2019-07-07T05:37:51.631" durationms="4.004" />

<exclusive-start id="2909" timestamp="2019-07-07T05:37:51.639" intervalms="11.565">
  <response-info timems="0.082" idlems="0.082" threads="0" lastid="000000000202A700" lastname="main" />
</exclusive-start>
<allocation-taxation id="2910" taxation-threshold="24117248" timestamp="2019-07-07T05:37:51.639" intervalms="11.606" />
<cycle-start id="2911" type="partial gc" contextid="0" timestamp="2019-07-07T05:37:51.639" intervalms="11.638" />
<gc-start id="2912" type="partial gc" contextid="2911" timestamp="2019-07-07T05:37:51.639">
  <mem-info id="2913" free="16777216" total="68157440" percent="24">
    <mem type="eden" free="0" total="24117248" percent="0" />
    <remembered-set count="53632" freebytes="2506112" totalbytes="2720640" percent="92" regionsoverflowed="0" regionsstable="5" regionsrebuilding="0"/>
  </mem-info>
</gc-start>
<allocation-stats totalBytes="24035824" >
  <allocated-bytes non-tlh="0" tlh="24035824" arrayletleaf="0"/>
  <largest-consumer threadName="main" threadId="000000000202A700" bytes="24035824" />
</allocation-stats>
<gc-op id="2914" type="copy forward" timems="1.514" contextid="2911" timestamp="2019-07-07T05:37:51.641">
  <memory-copied type="eden" objects="2" bytes="56" bytesdiscarded="0" />
  <memory-copied type="other" objects="1360" bytes="101168" bytesdiscarded="0" />
  <memory-cardclean objects="152" bytes="18440" />
  <regions eden="23" other="5" />
  <remembered-set-cleared processed="51697" cleared="196" durationms="0.417" />
  <references type="soft" candidates="11" cleared="0" enqueued="0" dynamicThreshold="19" maxThreshold="32" />
  <references type="weak" candidates="86" cleared="0" enqueued="0" />
  <stringconstants candidates="13324" cleared="0"  />
</gc-op>
<gc-op id="2915" type="classunload" timems="0.004" contextid="2911" timestamp="2019-07-07T05:37:51.642">
  <classunload-info classloadercandidates="53" classloadersunloaded="0" classesunloaded="0" anonymousclassesunloaded="0" quiescems="0.000" setupms="0.003" scanms="0.000" postms="0.000" />
</gc-op>
<gc-end id="2916" type="partial gc" contextid="2911" durationms="2.386" usertimems="4.000" systemtimems="0.000" timestamp="2019-07-07T05:37:51.642" activeThreads="1">
  <mem-info id="2917" free="41943040" total="68157440" percent="61">
    <mem type="eden" free="1048520" total="1048576" percent="99" />
    <remembered-set count="53792" freebytes="2505472" totalbytes="2720640" percent="92" regionsoverflowed="0" regionsstable="5" regionsrebuilding="0"/>
  </mem-info>
</gc-end>
<cycle-end id="2918" type="partial gc" contextid="2911" timestamp="2019-07-07T05:37:51.642" />
  <attribute name="elasticGC enabled" value="1" />
  <attribute name= "numThreadsSpecified" value="1" />
  <attribute name="heapSize specified" value="0" />
  <attribute name="Current GC Util" value="74" />
  <attribute name= "Current Time Running" value="22442" />
  <attribute name ="GC Interval" value="0" />
  <attribute name="ProportionalT" value="27.000000" />
  <attribute name="ProportionalI" value="27.000000" />
  <attribute name="ProportionalH" value="27.000000" />
  <attribute name="Current Error" value="54.000000" />
  <attribute name="IntegralT" value="0.000000" />
  <attribute name="IntegralI" value="0.000000" />
  <attribute name="IntegralH" value="0.000000" />
  <attribute name="DerivativeT" value="inf" />
  <attribute name="DerivativeI" value="inf" />
  <attribute name="DerivativeH" value="inf" />
  <attribute name="Loop Time for DT" value="0.000000" />
  <attribute name="Output H" value="8388608"/>
  <attribute name="Output I" value="200"/>
  <attribute name="Output T" value="1"/>
  <attribute name="Target GC Util Change" value ="20.000000" />
  <attribute name="Current GC Util Change" value="74.000000"/>
  <attribute name="GC Util currently" value="74" />
  <attribute name="CPU Util currently" value="22243001484309" />
<exclusive-end id="2919" timestamp="2019-07-07T05:37:51.642" durationms="3.190" />

<exclusive-start id="2920" timestamp="2019-07-07T05:37:51.650" intervalms="10.746">
  <response-info timems="0.078" idlems="0.078" threads="0" lastid="000000000202A700" lastname="main" />
</exclusive-start>
<allocation-taxation id="2921" taxation-threshold="24117248" timestamp="2019-07-07T05:37:51.650" intervalms="10.799" />
<cycle-start id="2922" type="partial gc" contextid="0" timestamp="2019-07-07T05:37:51.650" intervalms="10.886" />
<gc-start id="2923" type="partial gc" contextid="2922" timestamp="2019-07-07T05:37:51.650">
  <mem-info id="2924" free="17825792" total="68157440" percent="26">
    <mem type="eden" free="1048520" total="25165824" percent="4" />
    <remembered-set count="53600" freebytes="2506240" totalbytes="2720640" percent="92" regionsoverflowed="0" regionsstable="5" regionsrebuilding="0"/>
  </mem-info>
</gc-start>
<allocation-stats totalBytes="24035824" >
  <allocated-bytes non-tlh="0" tlh="24035824" arrayletleaf="0"/>
  <largest-consumer threadName="main" threadId="000000000202A700" bytes="24035824" />
</allocation-stats>
<gc-op id="2925" type="copy forward" timems="1.302" contextid="2922" timestamp="2019-07-07T05:37:51.652">
  <memory-copied type="eden" objects="2" bytes="56" bytesdiscarded="0" />
  <memory-copied type="other" objects="6" bytes="136" bytesdiscarded="0" />
  <memory-cardclean objects="37" bytes="1112" />
  <regions eden="23" other="2" />
  <remembered-set-cleared processed="51715" cleared="20" durationms="0.230" />
  <stringconstants candidates="13324" cleared="0"  />
</gc-op>
<gc-op id="2926" type="classunload" timems="0.004" contextid="2922" timestamp="2019-07-07T05:37:51.652">
  <classunload-info classloadercandidates="53" classloadersunloaded="0" classesunloaded="0" anonymousclassesunloaded="0" quiescems="0.000" setupms="0.004" scanms="0.000" postms="0.000" />
</gc-op>
<gc-end id="2927" type="partial gc" contextid="2922" durationms="2.275" usertimems="0.000" systemtimems="0.000" timestamp="2019-07-07T05:37:51.653" activeThreads="4">
  <mem-info id="2928" free="41943040" total="68157440" percent="61">
    <mem type="eden" free="1048520" total="1048576" percent="99" />
    <remembered-set count="53056" freebytes="2508416" totalbytes="2720640" percent="92" regionsoverflowed="0" regionsstable="5" regionsrebuilding="0"/>
  </mem-info>
</gc-end>
<cycle-end id="2929" type="partial gc" contextid="2922" timestamp="2019-07-07T05:37:51.653" />
  <attribute name="elasticGC enabled" value="1" />
  <attribute name= "numThreadsSpecified" value="4" />
  <attribute name="heapSize specified" value="0" />
  <attribute name="Current GC Util" value="57" />
  <attribute name= "Current Time Running" value="22453" />
  <attribute name ="GC Interval" value="0" />
  <attribute name="ProportionalT" value="18.500000" />
  <attribute name="ProportionalI" value="18.500000" />
  <attribute name="ProportionalH" value="18.500000" />
  <attribute name="Current Error" value="37.000000" />
  <attribute name="IntegralT" value="18.500000" />
  <attribute name="IntegralI" value="18.500000" />
  <attribute name="IntegralH" value="18.500000" />
  <attribute name="DerivativeT" value="35.000000" />
  <attribute name="DerivativeI" value="35.000000" />
  <attribute name="DerivativeH" value="35.000000" />
  <attribute name="Loop Time for DT" value="1.000000" />
  <attribute name="Output H" value="8388608"/>
  <attribute name="Output I" value="200"/>
  <attribute name="Output T" value="4"/>
  <attribute name="Target GC Util Change" value ="20.000000" />
  <attribute name="Current GC Util Change" value="57.000000"/>
  <attribute name="GC Util currently" value="57" />
  <attribute name="CPU Util currently" value="19096166360306" />
<exclusive-end id="2930" timestamp="2019-07-07T05:37:51.653" durationms="3.205" />

<exclusive-start id="2931" timestamp="2019-07-07T05:37:51.660" intervalms="10.737">
  <response-info timems="0.077" idlems="0.077" threads="0" lastid="000000000202A700" lastname="main" />
</exclusive-start>
<allocation-taxation id="2932" taxation-threshold="24117248" timestamp="2019-07-07T05:37:51.661" intervalms="10.742" />
<cycle-start id="2933" type="partial gc" contextid="0" timestamp="2019-07-07T05:37:51.661" intervalms="10.785" />
<gc-start id="2934" type="partial gc" contextid="2933" timestamp="2019-07-07T05:37:51.661">
  <mem-info id="2935" free="17825792" total="68157440" percent="26">
    <mem type="eden" free="1048520" total="25165824" percent="4" />
    <remembered-set count="52640" freebytes="2510080" totalbytes="2720640" percent="92" regionsoverflowed="0" regionsstable="5" regionsrebuilding="0"/>
  </mem-info>
</gc-start>
<allocation-stats totalBytes="24035824" >
  <allocated-bytes non-tlh="0" tlh="24035824" arrayletleaf="0"/>
  <largest-consumer threadName="main" threadId="000000000202A700" bytes="24035824" />
</allocation-stats>
<gc-op id="2936" type="copy forward" timems="1.151" contextid="2933" timestamp="2019-07-07T05:37:51.663">
  <memory-copied type="eden" objects="2" bytes="56" bytesdiscarded="0" />
  <memory-copied type="other" objects="67" bytes="2808" bytesdiscarded="0" />
  <memory-cardclean objects="58" bytes="2056" />
  <regions eden="23" other="2" />
  <remembered-set-cleared processed="51704" cleared="31" durationms="0.391" />
  <stringconstants candidates="13324" cleared="0"  />
</gc-op>
<gc-op id="2937" type="classunload" timems="0.003" contextid="2933" timestamp="2019-07-07T05:37:51.663">
  <classunload-info classloadercandidates="53" classloadersunloaded="0" classesunloaded="0" anonymousclassesunloaded="0" quiescems="0.000" setupms="0.003" scanms="0.000" postms="0.000" />
</gc-op>
<gc-end id="2938" type="partial gc" contextid="2933" durationms="2.097" usertimems="4.000" systemtimems="0.000" timestamp="2019-07-07T05:37:51.663" activeThreads="1">
  <mem-info id="2939" free="41943040" total="68157440" percent="61">
    <mem type="eden" free="1048520" total="1048576" percent="99" />
    <remembered-set count="53056" freebytes="2508416" totalbytes="2720640" percent="92" regionsoverflowed="0" regionsstable="5" regionsrebuilding="0"/>
  </mem-info>
</gc-end>
<cycle-end id="2940" type="partial gc" contextid="2933" timestamp="2019-07-07T05:37:51.663" />
  <attribute name="elasticGC enabled" value="1" />
  <attribute name= "numThreadsSpecified" value="1" />
  <attribute name="heapSize specified" value="0" />
  <attribute name="Current GC Util" value="46" />
  <attribute name= "Current Time Running" value="22463" />
  <attribute name ="GC Interval" value="0" />
  <attribute name="ProportionalT" value="13.000000" />
  <attribute name="ProportionalI" value="13.000000" />
  <attribute name="ProportionalH" value="13.000000" />
  <attribute name="Current Error" value="26.000000" />
  <attribute name="IntegralT" value="0.000000" />
  <attribute name="IntegralI" value="0.000000" />
  <attribute name="IntegralH" value="0.000000" />
  <attribute name="DerivativeT" value="inf" />
  <attribute name="DerivativeI" value="inf" />
  <attribute name="DerivativeH" value="inf" />
  <attribute name="Loop Time for DT" value="0.000000" />
  <attribute name="Output H" value="8388608"/>
  <attribute name="Output I" value="200"/>
  <attribute name="Output T" value="1"/>
  <attribute name="Target GC Util Change" value ="20.000000" />
  <attribute name="Current GC Util Change" value="46.000000"/>
  <attribute name="GC Util currently" value="46" />
  <attribute name="CPU Util currently" value="17450792315355" />
<exclusive-end id="2941" timestamp="2019-07-07T05:37:51.663" durationms="3.076" />

<exclusive-start id="2942" timestamp="2019-07-07T05:37:51.671" intervalms="10.604">
  <response-info timems="0.078" idlems="0.078" threads="0" lastid="000000000202A700" lastname="main" />
</exclusive-start>
<allocation-taxation id="2943" taxation-threshold="24117248" timestamp="2019-07-07T05:37:51.671" intervalms="10.600" />
<cycle-start id="2944" type="partial gc" contextid="0" timestamp="2019-07-07T05:37:51.671" intervalms="10.534" />
<gc-start id="2945" type="partial gc" contextid="2944" timestamp="2019-07-07T05:37:51.672">
  <mem-info id="2946" free="17825792" total="68157440" percent="26">
    <mem type="eden" free="1048520" total="25165824" percent="4" />
    <remembered-set count="52640" freebytes="2510080" totalbytes="2720640" percent="92" regionsoverflowed="0" regionsstable="5" regionsrebuilding="0"/>
  </mem-info>
</gc-start>
<allocation-stats totalBytes="24035824" >
  <allocated-bytes non-tlh="0" tlh="24035824" arrayletleaf="0"/>
  <largest-consumer threadName="main" threadId="000000000202A700" bytes="24035824" />
</allocation-stats>
<gc-op id="2947" type="copy forward" timems="1.523" contextid="2944" timestamp="2019-07-07T05:37:51.674">
  <memory-copied type="eden" objects="2" bytes="56" bytesdiscarded="0" />
  <memory-copied type="other" objects="904" bytes="40192" bytesdiscarded="0" />
  <memory-cardclean objects="151" bytes="9880" />
  <regions eden="23" other="2" />
  <remembered-set-cleared processed="51687" cleared="127" durationms="0.390" />
  <references type="soft" candidates="4" cleared="0" enqueued="0" dynamicThreshold="19" maxThreshold="32" />
  <references type="weak" candidates="13" cleared="0" enqueued="0" />
  <stringconstants candidates="13324" cleared="0"  />
</gc-op>
<gc-op id="2948" type="classunload" timems="0.004" contextid="2944" timestamp="2019-07-07T05:37:51.674">
  <classunload-info classloadercandidates="53" classloadersunloaded="0" classesunloaded="0" anonymousclassesunloaded="0" quiescems="0.000" setupms="0.004" scanms="0.000" postms="0.000" />
</gc-op>
<gc-end id="2949" type="partial gc" contextid="2944" durationms="2.525" usertimems="0.000" systemtimems="0.000" timestamp="2019-07-07T05:37:51.674" activeThreads="1">
  <mem-info id="2950" free="41943040" total="68157440" percent="61">
    <mem type="eden" free="1048520" total="1048576" percent="99" />
    <remembered-set count="52928" freebytes="2508928" totalbytes="2720640" percent="92" regionsoverflowed="0" regionsstable="5" regionsrebuilding="0"/>
  </mem-info>
</gc-end>
<cycle-end id="2951" type="partial gc" contextid="2944" timestamp="2019-07-07T05:37:51.674" />
  <attribute name="elasticGC enabled" value="1" />
  <attribute name= "numThreadsSpecified" value="1" />
  <attribute name="heapSize specified" value="0" />
  <attribute name="Current GC Util" value="54" />
  <attribute name= "Current Time Running" value="22474" />
  <attribute name ="GC Interval" value="0" />
  <attribute name="ProportionalT" value="17.000000" />
  <attribute name="ProportionalI" value="17.000000" />
  <attribute name="ProportionalH" value="17.000000" />
  <attribute name="Current Error" value="34.000000" />
  <attribute name="IntegralT" value="0.000000" />
  <attribute name="IntegralI" value="0.000000" />
  <attribute name="IntegralH" value="0.000000" />
  <attribute name="DerivativeT" value="inf" />
  <attribute name="DerivativeI" value="inf" />
  <attribute name="DerivativeH" value="inf" />
  <attribute name="Loop Time for DT" value="0.000000" />
  <attribute name="Output H" value="8388608"/>
  <attribute name="Output I" value="200"/>
  <attribute name="Output T" value="1"/>
  <attribute name="Target GC Util Change" value ="20.000000" />
  <attribute name="Current GC Util Change" value="54.000000"/>
  <attribute name="GC Util currently" value="54" />
  <attribute name="CPU Util currently" value="17438914204463" />
<exclusive-end id="2952" timestamp="2019-07-07T05:37:51.674" durationms="3.459" />

<exclusive-start id="2953" timestamp="2019-07-07T05:37:51.682" intervalms="10.974">
  <response-info timems="0.079" idlems="0.079" threads="0" lastid="000000000202A700" lastname="main" />
</exclusive-start>
<allocation-taxation id="2954" taxation-threshold="24117248" timestamp="2019-07-07T05:37:51.682" intervalms="10.983" />
<cycle-start id="2955" type="partial gc" contextid="0" timestamp="2019-07-07T05:37:51.682" intervalms="10.995" />
<gc-start id="2956" type="partial gc" contextid="2955" timestamp="2019-07-07T05:37:51.683">
  <mem-info id="2957" free="17825792" total="68157440" percent="26">
    <mem type="eden" free="1048520" total="25165824" percent="4" />
    <remembered-set count="52608" freebytes="2510208" totalbytes="2720640" percent="92" regionsoverflowed="0" regionsstable="5" regionsrebuilding="0"/>
  </mem-info>
</gc-start>
<allocation-stats totalBytes="24035824" >
  <allocated-bytes non-tlh="0" tlh="24035824" arrayletleaf="0"/>
  <largest-consumer threadName="main" threadId="000000000202A700" bytes="24035824" />
</allocation-stats>
<gc-op id="2958" type="copy forward" timems="1.097" contextid="2955" timestamp="2019-07-07T05:37:51.684">
  <memory-copied type="eden" objects="2" bytes="56" bytesdiscarded="0" />
  <memory-copied type="other" objects="0" bytes="0" bytesdiscarded="0" />
  <memory-cardclean objects="14" bytes="384" />
  <regions eden="23" other="1" />
  <remembered-set-cleared processed="51707" cleared="5" durationms="0.375" />
  <stringconstants candidates="13324" cleared="0"  />
</gc-op>
<gc-op id="2959" type="classunload" timems="0.004" contextid="2955" timestamp="2019-07-07T05:37:51.684">
  <classunload-info classloadercandidates="53" classloadersunloaded="0" classesunloaded="0" anonymousclassesunloaded="0" quiescems="0.000" setupms="0.003" scanms="0.000" postms="0.000" />
</gc-op>
<gc-end id="2960" type="partial gc" contextid="2955" durationms="2.102" usertimems="4.000" systemtimems="0.000" timestamp="2019-07-07T05:37:51.685" activeThreads="1">
  <mem-info id="2961" free="41943040" total="68157440" percent="61">
    <mem type="eden" free="1048520" total="1048576" percent="99" />
    <remembered-set count="53088" freebytes="2508288" totalbytes="2720640" percent="92" regionsoverflowed="0" regionsstable="5" regionsrebuilding="0"/>
  </mem-info>
</gc-end>
<cycle-end id="2962" type="partial gc" contextid="2955" timestamp="2019-07-07T05:37:51.685" />
  <attribute name="elasticGC enabled" value="1" />
  <attribute name= "numThreadsSpecified" value="1" />
  <attribute name="heapSize specified" value="0" />
  <attribute name="Current GC Util" value="56" />
  <attribute name= "Current Time Running" value="22485" />
  <attribute name ="GC Interval" value="0" />
  <attribute name="ProportionalT" value="18.000000" />
  <attribute name="ProportionalI" value="18.000000" />
  <attribute name="ProportionalH" value="18.000000" />
  <attribute name="Current Error" value="36.000000" />
  <attribute name="IntegralT" value="0.000000" />
  <attribute name="IntegralI" value="0.000000" />
  <attribute name="IntegralH" value="0.000000" />
  <attribute name="DerivativeT" value="inf" />
  <attribute name="DerivativeI" value="inf" />
  <attribute name="DerivativeH" value="inf" />
  <attribute name="Loop Time for DT" value="0.000000" />
  <attribute name="Output H" value="8388608"/>
  <attribute name="Output I" value="200"/>
  <attribute name="Output T" value="1"/>
  <attribute name="Target GC Util Change" value ="20.000000" />
  <attribute name="Current GC Util Change" value="56.000000"/>
  <attribute name="GC Util currently" value="56" />
  <attribute name="CPU Util currently" value="17876484091401" />
<exclusive-end id="2963" timestamp="2019-07-07T05:37:51.685" durationms="3.039" />

<exclusive-start id="2964" timestamp="2019-07-07T05:37:51.692" intervalms="10.557">
  <response-info timems="0.079" idlems="0.079" threads="0" lastid="000000000202A700" lastname="main" />
</exclusive-start>
<allocation-taxation id="2965" taxation-threshold="24117248" timestamp="2019-07-07T05:37:51.693" intervalms="10.557" />
<cycle-start id="2966" type="partial gc" contextid="0" timestamp="2019-07-07T05:37:51.693" intervalms="10.577" />
<gc-start id="2967" type="partial gc" contextid="2966" timestamp="2019-07-07T05:37:51.693">
  <mem-info id="2968" free="17825792" total="68157440" percent="26">
    <mem type="eden" free="1048520" total="25165824" percent="4" />
    <remembered-set count="52608" freebytes="2510208" totalbytes="2720640" percent="92" regionsoverflowed="0" regionsstable="5" regionsrebuilding="0"/>
  </mem-info>
</gc-start>
<allocation-stats totalBytes="24035824" >
  <allocated-bytes non-tlh="0" tlh="24035824" arrayletleaf="0"/>
  <largest-consumer threadName="main" threadId="000000000202A700" bytes="24035824" />
</allocation-stats>
<gc-op id="2969" type="copy forward" timems="1.105" contextid="2966" timestamp="2019-07-07T05:37:51.695">
  <memory-copied type="eden" objects="2" bytes="56" bytesdiscarded="0" />
  <memory-copied type="other" objects="0" bytes="0" bytesdiscarded="0" />
  <memory-cardclean objects="14" bytes="384" />
  <regions eden="23" other="1" />
  <remembered-set-cleared processed="51707" cleared="5" durationms="0.375" />
  <stringconstants candidates="13324" cleared="0"  />
</gc-op>
<gc-op id="2970" type="classunload" timems="0.004" contextid="2966" timestamp="2019-07-07T05:37:51.695">
  <classunload-info classloadercandidates="53" classloadersunloaded="0" classesunloaded="0" anonymousclassesunloaded="0" quiescems="0.000" setupms="0.004" scanms="0.000" postms="0.000" />
</gc-op>
<gc-end id="2971" type="partial gc" contextid="2966" durationms="2.090" usertimems="0.000" systemtimems="0.000" timestamp="2019-07-07T05:37:51.695" activeThreads="1">
  <mem-info id="2972" free="41943040" total="68157440" percent="61">
    <mem type="eden" free="1048520" total="1048576" percent="99" />
    <remembered-set count="53088" freebytes="2508288" totalbytes="2720640" percent="92" regionsoverflowed="0" regionsstable="5" regionsrebuilding="0"/>
  </mem-info>
</gc-end>
<cycle-end id="2973" type="partial gc" contextid="2966" timestamp="2019-07-07T05:37:51.695" />
  <attribute name="elasticGC enabled" value="1" />
  <attribute name= "numThreadsSpecified" value="1" />
  <attribute name="heapSize specified" value="0" />
  <attribute name="Current GC Util" value="56" />
  <attribute name= "Current Time Running" value="22495" />
  <attribute name ="GC Interval" value="0" />
  <attribute name="ProportionalT" value="18.000000" />
  <attribute name="ProportionalI" value="18.000000" />
  <attribute name="ProportionalH" value="18.000000" />
  <attribute name="Current Error" value="36.000000" />
  <attribute name="IntegralT" value="0.000000" />
  <attribute name="IntegralI" value="0.000000" />
  <attribute name="IntegralH" value="0.000000" />
  <attribute name="DerivativeT" value="inf" />
  <attribute name="DerivativeI" value="inf" />
  <attribute name="DerivativeH" value="inf" />
  <attribute name="Loop Time for DT" value="0.000000" />
  <attribute name="Output H" value="8388608"/>
  <attribute name="Output I" value="200"/>
  <attribute name="Output T" value="1"/>
  <attribute name="Target GC Util Change" value ="20.000000" />
  <attribute name="Current GC Util Change" value="56.000000"/>
  <attribute name="GC Util currently" value="56" />
  <attribute name="CPU Util currently" value="17376687516447" />
<exclusive-end id="2974" timestamp="2019-07-07T05:37:51.696" durationms="3.059" />

<exclusive-start id="2975" timestamp="2019-07-07T05:37:51.703" intervalms="10.554">
  <response-info timems="0.075" idlems="0.075" threads="0" lastid="000000000202A700" lastname="main" />
</exclusive-start>
<allocation-taxation id="2976" taxation-threshold="24117248" timestamp="2019-07-07T05:37:51.703" intervalms="10.550" />
<cycle-start id="2977" type="partial gc" contextid="0" timestamp="2019-07-07T05:37:51.703" intervalms="10.556" />
<gc-start id="2978" type="partial gc" contextid="2977" timestamp="2019-07-07T05:37:51.704">
  <mem-info id="2979" free="17825792" total="68157440" percent="26">
    <mem type="eden" free="1048520" total="25165824" percent="4" />
    <remembered-set count="52608" freebytes="2510208" totalbytes="2720640" percent="92" regionsoverflowed="0" regionsstable="5" regionsrebuilding="0"/>
  </mem-info>
</gc-start>
<allocation-stats totalBytes="24035824" >
  <allocated-bytes non-tlh="0" tlh="24035824" arrayletleaf="0"/>
  <largest-consumer threadName="main" threadId="000000000202A700" bytes="24035824" />
</allocation-stats>
<gc-op id="2980" type="copy forward" timems="1.099" contextid="2977" timestamp="2019-07-07T05:37:51.706">
  <memory-copied type="eden" objects="2" bytes="56" bytesdiscarded="0" />
  <memory-copied type="other" objects="0" bytes="0" bytesdiscarded="0" />
  <memory-cardclean objects="14" bytes="384" />
  <regions eden="23" other="1" />
  <remembered-set-cleared processed="51707" cleared="5" durationms="0.374" />
  <stringconstants candidates="13324" cleared="0"  />
</gc-op>
<gc-op id="2981" type="classunload" timems="0.003" contextid="2977" timestamp="2019-07-07T05:37:51.706">
  <classunload-info classloadercandidates="53" classloadersunloaded="0" classesunloaded="0" anonymousclassesunloaded="0" quiescems="0.000" setupms="0.003" scanms="0.000" postms="0.000" />
</gc-op>
<gc-end id="2982" type="partial gc" contextid="2977" durationms="2.123" usertimems="4.000" systemtimems="0.000" timestamp="2019-07-07T05:37:51.706" activeThreads="1">
  <mem-info id="2983" free="41943040" total="68157440" percent="61">
    <mem type="eden" free="1048520" total="1048576" percent="99" />
    <remembered-set count="53088" freebytes="2508288" totalbytes="2720640" percent="92" regionsoverflowed="0" regionsstable="5" regionsrebuilding="0"/>
  </mem-info>
</gc-end>
<cycle-end id="2984" type="partial gc" contextid="2977" timestamp="2019-07-07T05:37:51.706" />
  <attribute name="elasticGC enabled" value="1" />
  <attribute name= "numThreadsSpecified" value="1" />
  <attribute name="heapSize specified" value="0" />
  <attribute name="Current GC Util" value="57" />
  <attribute name= "Current Time Running" value="22506" />
  <attribute name ="GC Interval" value="0" />
  <attribute name="ProportionalT" value="18.500000" />
  <attribute name="ProportionalI" value="18.500000" />
  <attribute name="ProportionalH" value="18.500000" />
  <attribute name="Current Error" value="37.000000" />
  <attribute name="IntegralT" value="0.000000" />
  <attribute name="IntegralI" value="0.000000" />
  <attribute name="IntegralH" value="0.000000" />
  <attribute name="DerivativeT" value="inf" />
  <attribute name="DerivativeI" value="inf" />
  <attribute name="DerivativeH" value="inf" />
  <attribute name="Loop Time for DT" value="0.000000" />
  <attribute name="Output H" value="8388608"/>
  <attribute name="Output I" value="200"/>
  <attribute name="Output T" value="1"/>
  <attribute name="Target GC Util Change" value ="20.000000" />
  <attribute name="Current GC Util Change" value="57.000000"/>
  <attribute name="GC Util currently" value="57" />
  <attribute name="CPU Util currently" value="17898616695810" />
<exclusive-end id="2985" timestamp="2019-07-07T05:37:51.706" durationms="3.091" />

<exclusive-start id="2986" timestamp="2019-07-07T05:37:51.714" intervalms="10.616">
  <response-info timems="0.071" idlems="0.071" threads="0" lastid="000000000202A700" lastname="main" />
</exclusive-start>
<allocation-taxation id="2987" taxation-threshold="24117248" timestamp="2019-07-07T05:37:51.714" intervalms="10.625" />
<cycle-start id="2988" type="partial gc" contextid="0" timestamp="2019-07-07T05:37:51.714" intervalms="10.617" />
<gc-start id="2989" type="partial gc" contextid="2988" timestamp="2019-07-07T05:37:51.714">
  <mem-info id="2990" free="17825792" total="68157440" percent="26">
    <mem type="eden" free="1048520" total="25165824" percent="4" />
    <remembered-set count="52608" freebytes="2510208" totalbytes="2720640" percent="92" regionsoverflowed="0" regionsstable="5" regionsrebuilding="0"/>
  </mem-info>
</gc-start>
<allocation-stats totalBytes="24035824" >
  <allocated-bytes non-tlh="0" tlh="24035824" arrayletleaf="0"/>
  <largest-consumer threadName="main" threadId="000000000202A700" bytes="24035824" />
</allocation-stats>
<gc-op id="2991" type="copy forward" timems="1.107" contextid="2988" timestamp="2019-07-07T05:37:51.716">
  <memory-copied type="eden" objects="2" bytes="56" bytesdiscarded="0" />
  <memory-copied type="other" objects="0" bytes="0" bytesdiscarded="0" />
  <memory-cardclean objects="14" bytes="384" />
  <regions eden="23" other="1" />
  <remembered-set-cleared processed="51707" cleared="5" durationms="0.372" />
  <stringconstants candidates="13324" cleared="0"  />
</gc-op>
<gc-op id="2992" type="classunload" timems="0.004" contextid="2988" timestamp="2019-07-07T05:37:51.716">
  <classunload-info classloadercandidates="53" classloadersunloaded="0" classesunloaded="0" anonymousclassesunloaded="0" quiescems="0.000" setupms="0.004" scanms="0.000" postms="0.000" />
</gc-op>
<gc-end id="2993" type="partial gc" contextid="2988" durationms="2.147" usertimems="0.000" systemtimems="0.000" timestamp="2019-07-07T05:37:51.716" activeThreads="1">
  <mem-info id="2994" free="41943040" total="68157440" percent="61">
    <mem type="eden" free="1048520" total="1048576" percent="99" />
    <remembered-set count="53088" freebytes="2508288" totalbytes="2720640" percent="92" regionsoverflowed="0" regionsstable="5" regionsrebuilding="0"/>
  </mem-info>
</gc-end>
<cycle-end id="2995" type="partial gc" contextid="2988" timestamp="2019-07-07T05:37:51.717" />
  <attribute name="elasticGC enabled" value="1" />
  <attribute name= "numThreadsSpecified" value="1" />
  <attribute name="heapSize specified" value="0" />
  <attribute name="Current GC Util" value="66" />
  <attribute name= "Current Time Running" value="22517" />
  <attribute name ="GC Interval" value="0" />
  <attribute name="ProportionalT" value="23.000000" />
  <attribute name="ProportionalI" value="23.000000" />
  <attribute name="ProportionalH" value="23.000000" />
  <attribute name="Current Error" value="46.000000" />
  <attribute name="IntegralT" value="0.000000" />
  <attribute name="IntegralI" value="0.000000" />
  <attribute name="IntegralH" value="0.000000" />
  <attribute name="DerivativeT" value="inf" />
  <attribute name="DerivativeI" value="inf" />
  <attribute name="DerivativeH" value="inf" />
  <attribute name="Loop Time for DT" value="0.000000" />
  <attribute name="Output H" value="8388608"/>
  <attribute name="Output I" value="200"/>
  <attribute name="Output T" value="1"/>
  <attribute name="Target GC Util Change" value ="20.000000" />
  <attribute name="Current GC Util Change" value="66.000000"/>
  <attribute name="GC Util currently" value="66" />
  <attribute name="CPU Util currently" value="16121224986533" />
<exclusive-end id="2996" timestamp="2019-07-07T05:37:51.717" durationms="3.113" />

<exclusive-start id="2997" timestamp="2019-07-07T05:37:51.724" intervalms="10.623">
  <response-info timems="0.076" idlems="0.076" threads="0" lastid="000000000202A700" lastname="main" />
</exclusive-start>
<allocation-taxation id="2998" taxation-threshold="24117248" timestamp="2019-07-07T05:37:51.724" intervalms="10.619" />
<cycle-start id="2999" type="partial gc" contextid="0" timestamp="2019-07-07T05:37:51.725" intervalms="10.622" />
<gc-start id="3000" type="partial gc" contextid="2999" timestamp="2019-07-07T05:37:51.725">
  <mem-info id="3001" free="17825792" total="68157440" percent="26">
    <mem type="eden" free="1048520" total="25165824" percent="4" />
    <remembered-set count="52608" freebytes="2510208" totalbytes="2720640" percent="92" regionsoverflowed="0" regionsstable="5" regionsrebuilding="0"/>
  </mem-info>
</gc-start>
<allocation-stats totalBytes="24035824" >
  <allocated-bytes non-tlh="0" tlh="24035824" arrayletleaf="0"/>
  <largest-consumer threadName="main" threadId="000000000202A700" bytes="24035824" />
</allocation-stats>
<gc-op id="3002" type="copy forward" timems="1.104" contextid="2999" timestamp="2019-07-07T05:37:51.727">
  <memory-copied type="eden" objects="2" bytes="56" bytesdiscarded="0" />
  <memory-copied type="other" objects="0" bytes="0" bytesdiscarded="0" />
  <memory-cardclean objects="14" bytes="384" />
  <regions eden="23" other="1" />
  <remembered-set-cleared processed="51707" cleared="5" durationms="0.374" />
  <stringconstants candidates="13324" cleared="0"  />
</gc-op>
<gc-op id="3003" type="classunload" timems="0.003" contextid="2999" timestamp="2019-07-07T05:37:51.727">
  <classunload-info classloadercandidates="53" classloadersunloaded="0" classesunloaded="0" anonymousclassesunloaded="0" quiescems="0.000" setupms="0.003" scanms="0.000" postms="0.000" />
</gc-op>
<gc-end id="3004" type="partial gc" contextid="2999" durationms="2.104" usertimems="4.000" systemtimems="0.000" timestamp="2019-07-07T05:37:51.727" activeThreads="1">
  <mem-info id="3005" free="41943040" total="68157440" percent="61">
    <mem type="eden" free="1048520" total="1048576" percent="99" />
    <remembered-set count="53088" freebytes="2508288" totalbytes="2720640" percent="92" regionsoverflowed="0" regionsstable="5" regionsrebuilding="0"/>
  </mem-info>
</gc-end>
<cycle-end id="3006" type="partial gc" contextid="2999" timestamp="2019-07-07T05:37:51.727" />
  <attribute name="elasticGC enabled" value="1" />
  <attribute name= "numThreadsSpecified" value="1" />
  <attribute name="heapSize specified" value="0" />
  <attribute name="Current GC Util" value="55" />
  <attribute name= "Current Time Running" value="22527" />
  <attribute name ="GC Interval" value="0" />
  <attribute name="ProportionalT" value="17.500000" />
  <attribute name="ProportionalI" value="17.500000" />
  <attribute name="ProportionalH" value="17.500000" />
  <attribute name="Current Error" value="35.000000" />
  <attribute name="IntegralT" value="0.000000" />
  <attribute name="IntegralI" value="0.000000" />
  <attribute name="IntegralH" value="0.000000" />
  <attribute name="DerivativeT" value="inf" />
  <attribute name="DerivativeI" value="inf" />
  <attribute name="DerivativeH" value="inf" />
  <attribute name="Loop Time for DT" value="0.000000" />
  <attribute name="Output H" value="8388608"/>
  <attribute name="Output I" value="200"/>
  <attribute name="Output T" value="1"/>
  <attribute name="Target GC Util Change" value ="20.000000" />
  <attribute name="Current GC Util Change" value="55.000000"/>
  <attribute name="GC Util currently" value="55" />
  <attribute name="CPU Util currently" value="17448547431614" />
<exclusive-end id="3007" timestamp="2019-07-07T05:37:51.727" durationms="3.027" />

<exclusive-start id="3008" timestamp="2019-07-07T05:37:51.735" intervalms="10.516">
  <response-info timems="0.075" idlems="0.075" threads="0" lastid="000000000202A700" lastname="main" />
</exclusive-start>
<allocation-taxation id="3009" taxation-threshold="24117248" timestamp="2019-07-07T05:37:51.735" intervalms="10.523" />
<cycle-start id="3010" type="partial gc" contextid="0" timestamp="2019-07-07T05:37:51.735" intervalms="10.502" />
<gc-start id="3011" type="partial gc" contextid="3010" timestamp="2019-07-07T05:37:51.735">
  <mem-info id="3012" free="17825792" total="68157440" percent="26">
    <mem type="eden" free="1048520" total="25165824" percent="4" />
    <remembered-set count="52608" freebytes="2510208" totalbytes="2720640" percent="92" regionsoverflowed="0" regionsstable="5" regionsrebuilding="0"/>
  </mem-info>
</gc-start>
<allocation-stats totalBytes="24035824" >
  <allocated-bytes non-tlh="0" tlh="24035824" arrayletleaf="0"/>
  <largest-consumer threadName="main" threadId="000000000202A700" bytes="24035824" />
</allocation-stats>
<gc-op id="3013" type="copy forward" timems="1.074" contextid="3010" timestamp="2019-07-07T05:37:51.737">
  <memory-copied type="eden" objects="2" bytes="56" bytesdiscarded="0" />
  <memory-copied type="other" objects="0" bytes="0" bytesdiscarded="0" />
  <memory-cardclean objects="14" bytes="384" />
  <regions eden="23" other="1" />
  <remembered-set-cleared processed="51707" cleared="5" durationms="0.373" />
  <stringconstants candidates="13324" cleared="0"  />
</gc-op>
<gc-op id="3014" type="classunload" timems="0.003" contextid="3010" timestamp="2019-07-07T05:37:51.737">
  <classunload-info classloadercandidates="53" classloadersunloaded="0" classesunloaded="0" anonymousclassesunloaded="0" quiescems="0.000" setupms="0.003" scanms="0.000" postms="0.000" />
</gc-op>
<gc-end id="3015" type="partial gc" contextid="3010" durationms="1.945" usertimems="0.000" systemtimems="0.000" timestamp="2019-07-07T05:37:51.737" activeThreads="1">
  <mem-info id="3016" free="41943040" total="68157440" percent="61">
    <mem type="eden" free="1048520" total="1048576" percent="99" />
    <remembered-set count="53088" freebytes="2508288" totalbytes="2720640" percent="92" regionsoverflowed="0" regionsstable="5" regionsrebuilding="0"/>
  </mem-info>
</gc-end>
<cycle-end id="3017" type="partial gc" contextid="3010" timestamp="2019-07-07T05:37:51.737" />
  <attribute name="elasticGC enabled" value="1" />
  <attribute name= "numThreadsSpecified" value="1" />
  <attribute name="heapSize specified" value="0" />
  <attribute name="Current GC Util" value="74" />
  <attribute name= "Current Time Running" value="22538" />
  <attribute name ="GC Interval" value="0" />
  <attribute name="ProportionalT" value="27.000000" />
  <attribute name="ProportionalI" value="27.000000" />
  <attribute name="ProportionalH" value="27.000000" />
  <attribute name="Current Error" value="54.000000" />
  <attribute name="IntegralT" value="0.000000" />
  <attribute name="IntegralI" value="0.000000" />
  <attribute name="IntegralH" value="0.000000" />
  <attribute name="DerivativeT" value="inf" />
  <attribute name="DerivativeI" value="inf" />
  <attribute name="DerivativeH" value="inf" />
  <attribute name="Loop Time for DT" value="0.000000" />
  <attribute name="Output H" value="8388608"/>
  <attribute name="Output I" value="200"/>
  <attribute name="Output T" value="1"/>
  <attribute name="Target GC Util Change" value ="20.000000" />
  <attribute name="Current GC Util Change" value="74.000000"/>
  <attribute name="GC Util currently" value="74" />
  <attribute name="CPU Util currently" value="20481362481815" />
<exclusive-end id="3018" timestamp="2019-07-07T05:37:51.738" durationms="2.855" />

<exclusive-start id="3019" timestamp="2019-07-07T05:37:51.745" intervalms="10.357">
  <response-info timems="0.075" idlems="0.075" threads="0" lastid="000000000202A700" lastname="main" />
</exclusive-start>
<allocation-taxation id="3020" taxation-threshold="24117248" timestamp="2019-07-07T05:37:51.745" intervalms="10.311" />
<cycle-start id="3021" type="partial gc" contextid="0" timestamp="2019-07-07T05:37:51.746" intervalms="10.295" />
<gc-start id="3022" type="partial gc" contextid="3021" timestamp="2019-07-07T05:37:51.746">
  <mem-info id="3023" free="17825792" total="68157440" percent="26">
    <mem type="eden" free="1048520" total="25165824" percent="4" />
    <remembered-set count="52608" freebytes="2510208" totalbytes="2720640" percent="92" regionsoverflowed="0" regionsstable="5" regionsrebuilding="0"/>
  </mem-info>
</gc-start>
<allocation-stats totalBytes="24035824" >
  <allocated-bytes non-tlh="0" tlh="24035824" arrayletleaf="0"/>
  <largest-consumer threadName="main" threadId="000000000202A700" bytes="24035824" />
</allocation-stats>
<gc-op id="3024" type="copy forward" timems="1.101" contextid="3021" timestamp="2019-07-07T05:37:51.747">
  <memory-copied type="eden" objects="2" bytes="56" bytesdiscarded="0" />
  <memory-copied type="other" objects="0" bytes="0" bytesdiscarded="0" />
  <memory-cardclean objects="14" bytes="384" />
  <regions eden="23" other="1" />
  <remembered-set-cleared processed="51707" cleared="5" durationms="0.375" />
  <stringconstants candidates="13324" cleared="0"  />
</gc-op>
<gc-op id="3025" type="classunload" timems="0.003" contextid="3021" timestamp="2019-07-07T05:37:51.748">
  <classunload-info classloadercandidates="53" classloadersunloaded="0" classesunloaded="0" anonymousclassesunloaded="0" quiescems="0.000" setupms="0.003" scanms="0.000" postms="0.000" />
</gc-op>
<gc-end id="3026" type="partial gc" contextid="3021" durationms="2.003" usertimems="0.000" systemtimems="0.000" timestamp="2019-07-07T05:37:51.748" activeThreads="1">
  <mem-info id="3027" free="41943040" total="68157440" percent="61">
    <mem type="eden" free="1048520" total="1048576" percent="99" />
    <remembered-set count="53088" freebytes="2508288" totalbytes="2720640" percent="92" regionsoverflowed="0" regionsstable="5" regionsrebuilding="0"/>
  </mem-info>
</gc-end>
<cycle-end id="3028" type="partial gc" contextid="3021" timestamp="2019-07-07T05:37:51.748" />
  <attribute name="elasticGC enabled" value="1" />
  <attribute name= "numThreadsSpecified" value="1" />
  <attribute name="heapSize specified" value="0" />
  <attribute name="Current GC Util" value="55" />
  <attribute name= "Current Time Running" value="22548" />
  <attribute name ="GC Interval" value="0" />
  <attribute name="ProportionalT" value="17.500000" />
  <attribute name="ProportionalI" value="17.500000" />
  <attribute name="ProportionalH" value="17.500000" />
  <attribute name="Current Error" value="35.000000" />
  <attribute name="IntegralT" value="0.000000" />
  <attribute name="IntegralI" value="0.000000" />
  <attribute name="IntegralH" value="0.000000" />
  <attribute name="DerivativeT" value="inf" />
  <attribute name="DerivativeI" value="inf" />
  <attribute name="DerivativeH" value="inf" />
  <attribute name="Loop Time for DT" value="0.000000" />
  <attribute name="Output H" value="8388608"/>
  <attribute name="Output I" value="200"/>
  <attribute name="Output T" value="1"/>
  <attribute name="Target GC Util Change" value ="20.000000" />
  <attribute name="Current GC Util Change" value="55.000000"/>
  <attribute name="GC Util currently" value="55" />
  <attribute name="CPU Util currently" value="17097732813669" />
<exclusive-end id="3029" timestamp="2019-07-07T05:37:51.748" durationms="2.757" />

<exclusive-start id="3030" timestamp="2019-07-07T05:37:51.755" intervalms="10.193">
  <response-info timems="0.070" idlems="0.070" threads="0" lastid="000000000202A700" lastname="main" />
</exclusive-start>
<allocation-taxation id="3031" taxation-threshold="24117248" timestamp="2019-07-07T05:37:51.755" intervalms="10.165" />
<cycle-start id="3032" type="partial gc" contextid="0" timestamp="2019-07-07T05:37:51.756" intervalms="10.120" />
<gc-start id="3033" type="partial gc" contextid="3032" timestamp="2019-07-07T05:37:51.756">
  <mem-info id="3034" free="17825792" total="68157440" percent="26">
    <mem type="eden" free="1048520" total="25165824" percent="4" />
    <remembered-set count="52608" freebytes="2510208" totalbytes="2720640" percent="92" regionsoverflowed="0" regionsstable="5" regionsrebuilding="0"/>
  </mem-info>
</gc-start>
<allocation-stats totalBytes="24035824" >
  <allocated-bytes non-tlh="0" tlh="24035824" arrayletleaf="0"/>
  <largest-consumer threadName="main" threadId="000000000202A700" bytes="24035824" />
</allocation-stats>
<gc-op id="3035" type="copy forward" timems="1.080" contextid="3032" timestamp="2019-07-07T05:37:51.758">
  <memory-copied type="eden" objects="2" bytes="56" bytesdiscarded="0" />
  <memory-copied type="other" objects="0" bytes="0" bytesdiscarded="0" />
  <memory-cardclean objects="14" bytes="384" />
  <regions eden="23" other="1" />
  <remembered-set-cleared processed="51707" cleared="5" durationms="0.374" />
  <stringconstants candidates="13324" cleared="0"  />
</gc-op>
<gc-op id="3036" type="classunload" timems="0.003" contextid="3032" timestamp="2019-07-07T05:37:51.758">
  <classunload-info classloadercandidates="53" classloadersunloaded="0" classesunloaded="0" anonymousclassesunloaded="0" quiescems="0.000" setupms="0.003" scanms="0.000" postms="0.000" />
</gc-op>
<gc-end id="3037" type="partial gc" contextid="3032" durationms="2.006" usertimems="4.000" systemtimems="0.000" timestamp="2019-07-07T05:37:51.758" activeThreads="1">
  <mem-info id="3038" free="41943040" total="68157440" percent="61">
    <mem type="eden" free="1048520" total="1048576" percent="99" />
    <remembered-set count="53088" freebytes="2508288" totalbytes="2720640" percent="92" regionsoverflowed="0" regionsstable="5" regionsrebuilding="0"/>
  </mem-info>
</gc-end>
<cycle-end id="3039" type="partial gc" contextid="3032" timestamp="2019-07-07T05:37:51.758" />
  <attribute name="elasticGC enabled" value="1" />
  <attribute name= "numThreadsSpecified" value="1" />
  <attribute name="heapSize specified" value="0" />
  <attribute name="Current GC Util" value="65" />
  <attribute name= "Current Time Running" value="22558" />
  <attribute name ="GC Interval" value="0" />
  <attribute name="ProportionalT" value="22.500000" />
  <attribute name="ProportionalI" value="22.500000" />
  <attribute name="ProportionalH" value="22.500000" />
  <attribute name="Current Error" value="45.000000" />
  <attribute name="IntegralT" value="0.000000" />
  <attribute name="IntegralI" value="0.000000" />
  <attribute name="IntegralH" value="0.000000" />
  <attribute name="DerivativeT" value="inf" />
  <attribute name="DerivativeI" value="inf" />
  <attribute name="DerivativeH" value="inf" />
  <attribute name="Loop Time for DT" value="0.000000" />
  <attribute name="Output H" value="8388608"/>
  <attribute name="Output I" value="200"/>
  <attribute name="Output T" value="1"/>
  <attribute name="Target GC Util Change" value ="20.000000" />
  <attribute name="Current GC Util Change" value="65.000000"/>
  <attribute name="GC Util currently" value="65" />
  <attribute name="CPU Util currently" value="21269357877695" />
<exclusive-end id="3040" timestamp="2019-07-07T05:37:51.758" durationms="2.715" />

<exclusive-start id="3041" timestamp="2019-07-07T05:37:51.766" intervalms="10.224">
  <response-info timems="0.073" idlems="0.073" threads="0" lastid="000000000202A700" lastname="main" />
</exclusive-start>
<allocation-taxation id="3042" taxation-threshold="24117248" timestamp="2019-07-07T05:37:51.766" intervalms="10.290" />
<cycle-start id="3043" type="partial gc" contextid="0" timestamp="2019-07-07T05:37:51.766" intervalms="10.345" />
<gc-start id="3044" type="partial gc" contextid="3043" timestamp="2019-07-07T05:37:51.766">
  <mem-info id="3045" free="17825792" total="68157440" percent="26">
    <mem type="eden" free="1048520" total="25165824" percent="4" />
    <remembered-set count="52608" freebytes="2510208" totalbytes="2720640" percent="92" regionsoverflowed="0" regionsstable="5" regionsrebuilding="0"/>
  </mem-info>
</gc-start>
<allocation-stats totalBytes="24035824" >
  <allocated-bytes non-tlh="0" tlh="24035824" arrayletleaf="0"/>
  <largest-consumer threadName="main" threadId="000000000202A700" bytes="24035824" />
</allocation-stats>
<gc-op id="3046" type="copy forward" timems="1.245" contextid="3043" timestamp="2019-07-07T05:37:51.768">
  <memory-copied type="eden" objects="2" bytes="56" bytesdiscarded="0" />
  <memory-copied type="other" objects="0" bytes="0" bytesdiscarded="0" />
  <memory-cardclean objects="14" bytes="384" />
  <regions eden="23" other="1" />
  <remembered-set-cleared processed="51707" cleared="5" durationms="0.225" />
  <stringconstants candidates="13324" cleared="0"  />
</gc-op>
<gc-op id="3047" type="classunload" timems="0.003" contextid="3043" timestamp="2019-07-07T05:37:51.768">
  <classunload-info classloadercandidates="53" classloadersunloaded="0" classesunloaded="0" anonymousclassesunloaded="0" quiescems="0.000" setupms="0.003" scanms="0.000" postms="0.000" />
</gc-op>
<gc-end id="3048" type="partial gc" contextid="3043" durationms="2.214" usertimems="4.000" systemtimems="0.000" timestamp="2019-07-07T05:37:51.768" activeThreads="4">
  <mem-info id="3049" free="41943040" total="68157440" percent="61">
    <mem type="eden" free="1048520" total="1048576" percent="99" />
    <remembered-set count="53088" freebytes="2508288" totalbytes="2720640" percent="92" regionsoverflowed="0" regionsstable="5" regionsrebuilding="0"/>
  </mem-info>
</gc-end>
<cycle-end id="3050" type="partial gc" contextid="3043" timestamp="2019-07-07T05:37:51.769" />
  <attribute name="elasticGC enabled" value="1" />
  <attribute name= "numThreadsSpecified" value="4" />
  <attribute name="heapSize specified" value="0" />
  <attribute name="Current GC Util" value="78" />
  <attribute name= "Current Time Running" value="22569" />
  <attribute name ="GC Interval" value="0" />
  <attribute name="ProportionalT" value="29.000000" />
  <attribute name="ProportionalI" value="29.000000" />
  <attribute name="ProportionalH" value="29.000000" />
  <attribute name="Current Error" value="58.000000" />
  <attribute name="IntegralT" value="29.000000" />
  <attribute name="IntegralI" value="29.000000" />
  <attribute name="IntegralH" value="29.000000" />
  <attribute name="DerivativeT" value="58.000000" />
  <attribute name="DerivativeI" value="58.000000" />
  <attribute name="DerivativeH" value="58.000000" />
  <attribute name="Loop Time for DT" value="1.000000" />
  <attribute name="Output H" value="8388608"/>
  <attribute name="Output I" value="200"/>
  <attribute name="Output T" value="4"/>
  <attribute name="Target GC Util Change" value ="20.000000" />
  <attribute name="Current GC Util Change" value="78.000000"/>
  <attribute name="GC Util currently" value="78" />
  <attribute name="CPU Util currently" value="19648107837893" />
<exclusive-end id="3051" timestamp="2019-07-07T05:37:51.769" durationms="3.080" />

<exclusive-start id="3052" timestamp="2019-07-07T05:37:51.776" intervalms="10.583">
  <response-info timems="0.072" idlems="0.072" threads="0" lastid="000000000202A700" lastname="main" />
</exclusive-start>
<allocation-taxation id="3053" taxation-threshold="24117248" timestamp="2019-07-07T05:37:51.776" intervalms="10.577" />
<cycle-start id="3054" type="partial gc" contextid="0" timestamp="2019-07-07T05:37:51.777" intervalms="10.596" />
<gc-start id="3055" type="partial gc" contextid="3054" timestamp="2019-07-07T05:37:51.777">
  <mem-info id="3056" free="17825792" total="68157440" percent="26">
    <mem type="eden" free="1048520" total="25165824" percent="4" />
    <remembered-set count="52608" freebytes="2510208" totalbytes="2720640" percent="92" regionsoverflowed="0" regionsstable="5" regionsrebuilding="0"/>
  </mem-info>
</gc-start>
<allocation-stats totalBytes="24035824" >
  <allocated-bytes non-tlh="0" tlh="24035824" arrayletleaf="0"/>
  <largest-consumer threadName="main" threadId="000000000202A700" bytes="24035824" />
</allocation-stats>
<gc-op id="3057" type="copy forward" timems="1.110" contextid="3054" timestamp="2019-07-07T05:37:51.779">
  <memory-copied type="eden" objects="2" bytes="56" bytesdiscarded="0" />
  <memory-copied type="other" objects="0" bytes="0" bytesdiscarded="0" />
  <memory-cardclean objects="14" bytes="384" />
  <regions eden="23" other="1" />
  <remembered-set-cleared processed="51707" cleared="5" durationms="0.375" />
  <stringconstants candidates="13324" cleared="0"  />
</gc-op>
<gc-op id="3058" type="classunload" timems="0.003" contextid="3054" timestamp="2019-07-07T05:37:51.779">
  <classunload-info classloadercandidates="53" classloadersunloaded="0" classesunloaded="0" anonymousclassesunloaded="0" quiescems="0.000" setupms="0.003" scanms="0.000" postms="0.000" />
</gc-op>
<gc-end id="3059" type="partial gc" contextid="3054" durationms="2.110" usertimems="4.000" systemtimems="0.000" timestamp="2019-07-07T05:37:51.779" activeThreads="1">
  <mem-info id="3060" free="41943040" total="68157440" percent="61">
    <mem type="eden" free="1048520" total="1048576" percent="99" />
    <remembered-set count="53088" freebytes="2508288" totalbytes="2720640" percent="92" regionsoverflowed="0" regionsstable="5" regionsrebuilding="0"/>
  </mem-info>
</gc-end>
<cycle-end id="3061" type="partial gc" contextid="3054" timestamp="2019-07-07T05:37:51.779" />
  <attribute name="elasticGC enabled" value="1" />
  <attribute name= "numThreadsSpecified" value="1" />
  <attribute name="heapSize specified" value="0" />
  <attribute name="Current GC Util" value="56" />
  <attribute name= "Current Time Running" value="22579" />
  <attribute name ="GC Interval" value="0" />
  <attribute name="ProportionalT" value="18.000000" />
  <attribute name="ProportionalI" value="18.000000" />
  <attribute name="ProportionalH" value="18.000000" />
  <attribute name="Current Error" value="36.000000" />
  <attribute name="IntegralT" value="0.000000" />
  <attribute name="IntegralI" value="0.000000" />
  <attribute name="IntegralH" value="0.000000" />
  <attribute name="DerivativeT" value="inf" />
  <attribute name="DerivativeI" value="inf" />
  <attribute name="DerivativeH" value="inf" />
  <attribute name="Loop Time for DT" value="0.000000" />
  <attribute name="Output H" value="8388608"/>
  <attribute name="Output I" value="200"/>
  <attribute name="Output T" value="1"/>
  <attribute name="Target GC Util Change" value ="20.000000" />
  <attribute name="Current GC Util Change" value="56.000000"/>
  <attribute name="GC Util currently" value="56" />
  <attribute name="CPU Util currently" value="16145211711948" />
<exclusive-end id="3062" timestamp="2019-07-07T05:37:51.779" durationms="3.072" />

<exclusive-start id="3063" timestamp="2019-07-07T05:37:51.787" intervalms="11.131">
  <response-info timems="0.076" idlems="0.076" threads="0" lastid="000000000202A700" lastname="main" />
</exclusive-start>
<allocation-taxation id="3064" taxation-threshold="24117248" timestamp="2019-07-07T05:37:51.787" intervalms="11.130" />
<cycle-start id="3065" type="partial gc" contextid="0" timestamp="2019-07-07T05:37:51.788" intervalms="11.104" />
<gc-start id="3066" type="partial gc" contextid="3065" timestamp="2019-07-07T05:37:51.788">
  <mem-info id="3067" free="17825792" total="68157440" percent="26">
    <mem type="eden" free="1048520" total="25165824" percent="4" />
    <remembered-set count="52608" freebytes="2510208" totalbytes="2720640" percent="92" regionsoverflowed="0" regionsstable="5" regionsrebuilding="0"/>
  </mem-info>
</gc-start>
<allocation-stats totalBytes="23995856" >
  <allocated-bytes non-tlh="0" tlh="23995856" arrayletleaf="0"/>
  <largest-consumer threadName="main" threadId="000000000202A700" bytes="23995856" />
</allocation-stats>
<gc-op id="3068" type="copy forward" timems="1.134" contextid="3065" timestamp="2019-07-07T05:37:51.790">
  <memory-copied type="eden" objects="27" bytes="1936" bytesdiscarded="0" />
  <memory-copied type="other" objects="0" bytes="0" bytesdiscarded="0" />
  <memory-cardclean objects="89" bytes="2808" />
  <regions eden="23" other="1" />
  <remembered-set-cleared processed="51707" cleared="41" durationms="0.389" />
  <stringconstants candidates="13324" cleared="0"  />
</gc-op>
<gc-op id="3069" type="classunload" timems="0.003" contextid="3065" timestamp="2019-07-07T05:37:51.790">
  <classunload-info classloadercandidates="53" classloadersunloaded="0" classesunloaded="0" anonymousclassesunloaded="0" quiescems="0.000" setupms="0.002" scanms="0.000" postms="0.000" />
</gc-op>
<gc-end id="3070" type="partial gc" contextid="3065" durationms="1.891" usertimems="4.000" systemtimems="0.000" timestamp="2019-07-07T05:37:51.790" activeThreads="1">
  <mem-info id="3071" free="41943040" total="68157440" percent="61">
    <mem type="eden" free="1046640" total="1048576" percent="99" />
    <remembered-set count="52992" freebytes="2508672" totalbytes="2720640" percent="92" regionsoverflowed="0" regionsstable="5" regionsrebuilding="0"/>
  </mem-info>
</gc-end>
<cycle-end id="3072" type="partial gc" contextid="3065" timestamp="2019-07-07T05:37:51.790" />
  <attribute name="elasticGC enabled" value="1" />
  <attribute name= "numThreadsSpecified" value="1" />
  <attribute name="heapSize specified" value="0" />
  <attribute name="Current GC Util" value="57" />
  <attribute name= "Current Time Running" value="22590" />
  <attribute name ="GC Interval" value="0" />
  <attribute name="ProportionalT" value="18.500000" />
  <attribute name="ProportionalI" value="18.500000" />
  <attribute name="ProportionalH" value="18.500000" />
  <attribute name="Current Error" value="37.000000" />
  <attribute name="IntegralT" value="0.000000" />
  <attribute name="IntegralI" value="0.000000" />
  <attribute name="IntegralH" value="0.000000" />
  <attribute name="DerivativeT" value="inf" />
  <attribute name="DerivativeI" value="inf" />
  <attribute name="DerivativeH" value="inf" />
  <attribute name="Loop Time for DT" value="0.000000" />
  <attribute name="Output H" value="8388608"/>
  <attribute name="Output I" value="200"/>
  <attribute name="Output T" value="1"/>
  <attribute name="Target GC Util Change" value ="20.000000" />
  <attribute name="Current GC Util Change" value="57.000000"/>
  <attribute name="GC Util currently" value="57" />
  <attribute name="CPU Util currently" value="18520678480195" />
<exclusive-end id="3073" timestamp="2019-07-07T05:37:51.790" durationms="2.748" />

<exclusive-start id="3074" timestamp="2019-07-07T05:37:51.798" intervalms="10.337">
  <response-info timems="0.077" idlems="0.077" threads="0" lastid="000000000202A700" lastname="main" />
</exclusive-start>
<allocation-taxation id="3075" taxation-threshold="24117248" timestamp="2019-07-07T05:37:51.798" intervalms="10.273" />
<cycle-start id="3076" type="partial gc" contextid="0" timestamp="2019-07-07T05:37:51.798" intervalms="10.253" />
<gc-start id="3077" type="partial gc" contextid="3076" timestamp="2019-07-07T05:37:51.798">
  <mem-info id="3078" free="17825792" total="68157440" percent="26">
    <mem type="eden" free="0" total="24117248" percent="0" />
    <remembered-set count="52544" freebytes="2510464" totalbytes="2720640" percent="92" regionsoverflowed="0" regionsstable="5" regionsrebuilding="0"/>
  </mem-info>
</gc-start>
<allocation-stats totalBytes="23956800" >
  <allocated-bytes non-tlh="0" tlh="23956800" arrayletleaf="0"/>
  <largest-consumer threadName="main" threadId="000000000202A700" bytes="23956800" />
</allocation-stats>
<gc-op id="3079" type="copy forward" timems="1.118" contextid="3076" timestamp="2019-07-07T05:37:51.800">
  <memory-copied type="eden" objects="1" bytes="40" bytesdiscarded="0" />
  <memory-copied type="other" objects="26" bytes="1896" bytesdiscarded="0" />
  <memory-cardclean objects="54" bytes="2208" />
  <regions eden="23" other="1" />
  <remembered-set-cleared processed="51704" cleared="38" durationms="0.387" />
  <stringconstants candidates="13324" cleared="0"  />
</gc-op>
<gc-op id="3080" type="classunload" timems="0.004" contextid="3076" timestamp="2019-07-07T05:37:51.800">
  <classunload-info classloadercandidates="53" classloadersunloaded="0" classesunloaded="0" anonymousclassesunloaded="0" quiescems="0.000" setupms="0.003" scanms="0.000" postms="0.000" />
</gc-op>
<gc-end id="3081" type="partial gc" contextid="3076" durationms="2.033" usertimems="0.000" systemtimems="0.000" timestamp="2019-07-07T05:37:51.800" activeThreads="1">
  <mem-info id="3082" free="40894464" total="68157440" percent="60">
    <mem type="eden" free="1048536" total="1048576" percent="99" />
    <remembered-set count="52992" freebytes="2508672" totalbytes="2720640" percent="92" regionsoverflowed="0" regionsstable="5" regionsrebuilding="0"/>
  </mem-info>
</gc-end>
<cycle-end id="3083" type="partial gc" contextid="3076" timestamp="2019-07-07T05:37:51.800" />
  <attribute name="elasticGC enabled" value="1" />
  <attribute name= "numThreadsSpecified" value="1" />
  <attribute name="heapSize specified" value="0" />
  <attribute name="Current GC Util" value="53" />
  <attribute name= "Current Time Running" value="22600" />
  <attribute name ="GC Interval" value="0" />
  <attribute name="ProportionalT" value="16.500000" />
  <attribute name="ProportionalI" value="16.500000" />
  <attribute name="ProportionalH" value="16.500000" />
  <attribute name="Current Error" value="33.000000" />
  <attribute name="IntegralT" value="0.000000" />
  <attribute name="IntegralI" value="0.000000" />
  <attribute name="IntegralH" value="0.000000" />
  <attribute name="DerivativeT" value="inf" />
  <attribute name="DerivativeI" value="inf" />
  <attribute name="DerivativeH" value="inf" />
  <attribute name="Loop Time for DT" value="0.000000" />
  <attribute name="Output H" value="8388608"/>
  <attribute name="Output I" value="200"/>
  <attribute name="Output T" value="1"/>
  <attribute name="Target GC Util Change" value ="20.000000" />
  <attribute name="Current GC Util Change" value="53.000000"/>
  <attribute name="GC Util currently" value="53" />
  <attribute name="CPU Util currently" value="17906956630816" />
<exclusive-end id="3084" timestamp="2019-07-07T05:37:51.800" durationms="2.791" />

<exclusive-start id="3085" timestamp="2019-07-07T05:37:51.808" intervalms="10.334">
  <response-info timems="0.065" idlems="0.065" threads="0" lastid="000000000202A700" lastname="main" />
</exclusive-start>
<allocation-taxation id="3086" taxation-threshold="24117248" timestamp="2019-07-07T05:37:51.808" intervalms="10.347" />
<cycle-start id="3087" type="partial gc" contextid="0" timestamp="2019-07-07T05:37:51.808" intervalms="10.332" />
<gc-start id="3088" type="partial gc" contextid="3087" timestamp="2019-07-07T05:37:51.808">
  <mem-info id="3089" free="16777216" total="68157440" percent="24">
    <mem type="eden" free="1048536" total="25165824" percent="4" />
    <remembered-set count="52544" freebytes="2510464" totalbytes="2720640" percent="92" regionsoverflowed="0" regionsstable="5" regionsrebuilding="0"/>
  </mem-info>
</gc-start>
<allocation-stats totalBytes="23958240" >
  <allocated-bytes non-tlh="0" tlh="23958240" arrayletleaf="0"/>
  <largest-consumer threadName="main" threadId="000000000202A700" bytes="23958240" />
</allocation-stats>
<gc-op id="3090" type="copy forward" timems="1.403" contextid="3087" timestamp="2019-07-07T05:37:51.810">
  <memory-copied type="eden" objects="2" bytes="64" bytesdiscarded="0" />
  <memory-copied type="other" objects="0" bytes="0" bytesdiscarded="0" />
  <memory-cardclean objects="8" bytes="344" />
  <regions eden="23" other="1" />
  <remembered-set-cleared processed="51707" cleared="5" durationms="0.222" />
  <stringconstants candidates="13324" cleared="0"  />
</gc-op>
<gc-op id="3091" type="classunload" timems="0.004" contextid="3087" timestamp="2019-07-07T05:37:51.810">
  <classunload-info classloadercandidates="53" classloadersunloaded="0" classesunloaded="0" anonymousclassesunloaded="0" quiescems="0.000" setupms="0.003" scanms="0.000" postms="0.000" />
</gc-op>
<gc-end id="3092" type="partial gc" contextid="3087" durationms="2.157" usertimems="4.000" systemtimems="0.000" timestamp="2019-07-07T05:37:51.811" activeThreads="4">
  <mem-info id="3093" free="40894464" total="68157440" percent="60">
    <mem type="eden" free="1048512" total="1048576" percent="99" />
    <remembered-set count="53056" freebytes="2508416" totalbytes="2720640" percent="92" regionsoverflowed="0" regionsstable="5" regionsrebuilding="0"/>
  </mem-info>
</gc-end>
<cycle-end id="3094" type="partial gc" contextid="3087" timestamp="2019-07-07T05:37:51.811" />
  <attribute name="elasticGC enabled" value="1" />
  <attribute name= "numThreadsSpecified" value="4" />
  <attribute name="heapSize specified" value="0" />
  <attribute name="Current GC Util" value="65" />
  <attribute name= "Current Time Running" value="22611" />
  <attribute name ="GC Interval" value="0" />
  <attribute name="ProportionalT" value="22.500000" />
  <attribute name="ProportionalI" value="22.500000" />
  <attribute name="ProportionalH" value="22.500000" />
  <attribute name="Current Error" value="45.000000" />
  <attribute name="IntegralT" value="22.500000" />
  <attribute name="IntegralI" value="22.500000" />
  <attribute name="IntegralH" value="22.500000" />
  <attribute name="DerivativeT" value="45.000000" />
  <attribute name="DerivativeI" value="45.000000" />
  <attribute name="DerivativeH" value="45.000000" />
  <attribute name="Loop Time for DT" value="1.000000" />
  <attribute name="Output H" value="8388608"/>
  <attribute name="Output I" value="200"/>
  <attribute name="Output T" value="4"/>
  <attribute name="Target GC Util Change" value ="20.000000" />
  <attribute name="Current GC Util Change" value="65.000000"/>
  <attribute name="GC Util currently" value="65" />
  <attribute name="CPU Util currently" value="20431727080620" />
<exclusive-end id="3095" timestamp="2019-07-07T05:37:51.811" durationms="2.839" />

<exclusive-start id="3096" timestamp="2019-07-07T05:37:51.818" intervalms="10.360">
  <response-info timems="0.077" idlems="0.077" threads="0" lastid="000000000202A700" lastname="main" />
</exclusive-start>
<allocation-taxation id="3097" taxation-threshold="24117248" timestamp="2019-07-07T05:37:51.818" intervalms="10.363" />
<cycle-start id="3098" type="partial gc" contextid="0" timestamp="2019-07-07T05:37:51.819" intervalms="10.383" />
<gc-start id="3099" type="partial gc" contextid="3098" timestamp="2019-07-07T05:37:51.819">
  <mem-info id="3100" free="16777216" total="68157440" percent="24">
    <mem type="eden" free="1048512" total="25165824" percent="4" />
    <remembered-set count="52576" freebytes="2510336" totalbytes="2720640" percent="92" regionsoverflowed="0" regionsstable="5" regionsrebuilding="0"/>
  </mem-info>
</gc-start>
<allocation-stats totalBytes="23966088" >
  <allocated-bytes non-tlh="0" tlh="23966088" arrayletleaf="0"/>
  <largest-consumer threadName="main" threadId="000000000202A700" bytes="23966088" />
</allocation-stats>
<gc-op id="3101" type="copy forward" timems="1.098" contextid="3098" timestamp="2019-07-07T05:37:51.820">
  <memory-copied type="eden" objects="2" bytes="64" bytesdiscarded="0" />
  <memory-copied type="other" objects="0" bytes="0" bytesdiscarded="0" />
  <memory-cardclean objects="8" bytes="344" />
  <regions eden="23" other="1" />
  <remembered-set-cleared processed="51708" cleared="6" durationms="0.389" />
  <stringconstants candidates="13324" cleared="0"  />
</gc-op>
<gc-op id="3102" type="classunload" timems="0.003" contextid="3098" timestamp="2019-07-07T05:37:51.820">
  <classunload-info classloadercandidates="53" classloadersunloaded="0" classesunloaded="0" anonymousclassesunloaded="0" quiescems="0.000" setupms="0.003" scanms="0.000" postms="0.000" />
</gc-op>
<gc-end id="3103" type="partial gc" contextid="3098" durationms="1.809" usertimems="0.000" systemtimems="0.000" timestamp="2019-07-07T05:37:51.821" activeThreads="1">
  <mem-info id="3104" free="40894464" total="68157440" percent="60">
    <mem type="eden" free="1048512" total="1048576" percent="99" />
    <remembered-set count="53056" freebytes="2508416" totalbytes="2720640" percent="92" regionsoverflowed="0" regionsstable="5" regionsrebuilding="0"/>
  </mem-info>
</gc-end>
<cycle-end id="3105" type="partial gc" contextid="3098" timestamp="2019-07-07T05:37:51.821" />
  <attribute name="elasticGC enabled" value="1" />
  <attribute name= "numThreadsSpecified" value="1" />
  <attribute name="heapSize specified" value="0" />
  <attribute name="Current GC Util" value="55" />
  <attribute name= "Current Time Running" value="22621" />
  <attribute name ="GC Interval" value="0" />
  <attribute name="ProportionalT" value="17.500000" />
  <attribute name="ProportionalI" value="17.500000" />
  <attribute name="ProportionalH" value="17.500000" />
  <attribute name="Current Error" value="35.000000" />
  <attribute name="IntegralT" value="0.000000" />
  <attribute name="IntegralI" value="0.000000" />
  <attribute name="IntegralH" value="0.000000" />
  <attribute name="DerivativeT" value="inf" />
  <attribute name="DerivativeI" value="inf" />
  <attribute name="DerivativeH" value="inf" />
  <attribute name="Loop Time for DT" value="0.000000" />
  <attribute name="Output H" value="8388608"/>
  <attribute name="Output I" value="200"/>
  <attribute name="Output T" value="1"/>
  <attribute name="Target GC Util Change" value ="20.000000" />
  <attribute name="Current GC Util Change" value="55.000000"/>
  <attribute name="GC Util currently" value="55" />
  <attribute name="CPU Util currently" value="20724163731762" />
<exclusive-end id="3106" timestamp="2019-07-07T05:37:51.821" durationms="2.487" />

<exclusive-start id="3107" timestamp="2019-07-07T05:37:51.828" intervalms="10.029">
  <response-info timems="0.075" idlems="0.075" threads="0" lastid="000000000202A700" lastname="main" />
</exclusive-start>
<allocation-taxation id="3108" taxation-threshold="24117248" timestamp="2019-07-07T05:37:51.828" intervalms="10.018" />
<cycle-start id="3109" type="partial gc" contextid="0" timestamp="2019-07-07T05:37:51.829" intervalms="10.017" />
<gc-start id="3110" type="partial gc" contextid="3109" timestamp="2019-07-07T05:37:51.829">
  <mem-info id="3111" free="16777216" total="68157440" percent="24">
    <mem type="eden" free="1048512" total="25165824" percent="4" />
    <remembered-set count="52576" freebytes="2510336" totalbytes="2720640" percent="92" regionsoverflowed="0" regionsstable="5" regionsrebuilding="0"/>
  </mem-info>
</gc-start>
<allocation-stats totalBytes="23966064" >
  <allocated-bytes non-tlh="0" tlh="23966064" arrayletleaf="0"/>
  <largest-consumer threadName="main" threadId="000000000202A700" bytes="23966064" />
</allocation-stats>
<gc-op id="3112" type="copy forward" timems="1.089" contextid="3109" timestamp="2019-07-07T05:37:51.830">
  <memory-copied type="eden" objects="2" bytes="64" bytesdiscarded="0" />
  <memory-copied type="other" objects="0" bytes="0" bytesdiscarded="0" />
  <memory-cardclean objects="8" bytes="344" />
  <regions eden="23" other="1" />
  <remembered-set-cleared processed="51708" cleared="6" durationms="0.379" />
  <stringconstants candidates="13324" cleared="0"  />
</gc-op>
<gc-op id="3113" type="classunload" timems="0.003" contextid="3109" timestamp="2019-07-07T05:37:51.831">
  <classunload-info classloadercandidates="53" classloadersunloaded="0" classesunloaded="0" anonymousclassesunloaded="0" quiescems="0.000" setupms="0.003" scanms="0.000" postms="0.000" />
</gc-op>
<gc-end id="3114" type="partial gc" contextid="3109" durationms="1.854" usertimems="4.000" systemtimems="0.000" timestamp="2019-07-07T05:37:51.831" activeThreads="1">
  <mem-info id="3115" free="40894464" total="68157440" percent="60">
    <mem type="eden" free="1048512" total="1048576" percent="99" />
    <remembered-set count="53056" freebytes="2508416" totalbytes="2720640" percent="92" regionsoverflowed="0" regionsstable="5" regionsrebuilding="0"/>
  </mem-info>
</gc-end>
<cycle-end id="3116" type="partial gc" contextid="3109" timestamp="2019-07-07T05:37:51.831" />
  <attribute name="elasticGC enabled" value="1" />
  <attribute name= "numThreadsSpecified" value="1" />
  <attribute name="heapSize specified" value="0" />
  <attribute name="Current GC Util" value="55" />
  <attribute name= "Current Time Running" value="22631" />
  <attribute name ="GC Interval" value="0" />
  <attribute name="ProportionalT" value="17.500000" />
  <attribute name="ProportionalI" value="17.500000" />
  <attribute name="ProportionalH" value="17.500000" />
  <attribute name="Current Error" value="35.000000" />
  <attribute name="IntegralT" value="0.000000" />
  <attribute name="IntegralI" value="0.000000" />
  <attribute name="IntegralH" value="0.000000" />
  <attribute name="DerivativeT" value="inf" />
  <attribute name="DerivativeI" value="inf" />
  <attribute name="DerivativeH" value="inf" />
  <attribute name="Loop Time for DT" value="0.000000" />
  <attribute name="Output H" value="8388608"/>
  <attribute name="Output I" value="200"/>
  <attribute name="Output T" value="1"/>
  <attribute name="Target GC Util Change" value ="20.000000" />
  <attribute name="Current GC Util Change" value="55.000000"/>
  <attribute name="GC Util currently" value="55" />
  <attribute name="CPU Util currently" value="17880296148755" />
<exclusive-end id="3117" timestamp="2019-07-07T05:37:51.831" durationms="2.514" />

<exclusive-start id="3118" timestamp="2019-07-07T05:37:51.838" intervalms="10.009">
  <response-info timems="0.081" idlems="0.081" threads="0" lastid="000000000202A700" lastname="main" />
</exclusive-start>
<allocation-taxation id="3119" taxation-threshold="24117248" timestamp="2019-07-07T05:37:51.839" intervalms="10.084" />
<cycle-start id="3120" type="partial gc" contextid="0" timestamp="2019-07-07T05:37:51.839" intervalms="10.102" />
<gc-start id="3121" type="partial gc" contextid="3120" timestamp="2019-07-07T05:37:51.839">
  <mem-info id="3122" free="16777216" total="68157440" percent="24">
    <mem type="eden" free="1048512" total="25165824" percent="4" />
    <remembered-set count="52576" freebytes="2510336" totalbytes="2720640" percent="92" regionsoverflowed="0" regionsstable="5" regionsrebuilding="0"/>
  </mem-info>
</gc-start>
<allocation-stats totalBytes="23966064" >
  <allocated-bytes non-tlh="0" tlh="23966064" arrayletleaf="0"/>
  <largest-consumer threadName="main" threadId="000000000202A700" bytes="23966064" />
</allocation-stats>
<gc-op id="3123" type="copy forward" timems="1.075" contextid="3120" timestamp="2019-07-07T05:37:51.841">
  <memory-copied type="eden" objects="2" bytes="64" bytesdiscarded="0" />
  <memory-copied type="other" objects="0" bytes="0" bytesdiscarded="0" />
  <memory-cardclean objects="8" bytes="344" />
  <regions eden="23" other="1" />
  <remembered-set-cleared processed="51708" cleared="6" durationms="0.375" />
  <stringconstants candidates="13324" cleared="0"  />
</gc-op>
<gc-op id="3124" type="classunload" timems="0.003" contextid="3120" timestamp="2019-07-07T05:37:51.841">
  <classunload-info classloadercandidates="53" classloadersunloaded="0" classesunloaded="0" anonymousclassesunloaded="0" quiescems="0.000" setupms="0.003" scanms="0.000" postms="0.000" />
</gc-op>
<gc-end id="3125" type="partial gc" contextid="3120" durationms="2.004" usertimems="0.000" systemtimems="0.000" timestamp="2019-07-07T05:37:51.841" activeThreads="1">
  <mem-info id="3126" free="40894464" total="68157440" percent="60">
    <mem type="eden" free="1048512" total="1048576" percent="99" />
    <remembered-set count="53056" freebytes="2508416" totalbytes="2720640" percent="92" regionsoverflowed="0" regionsstable="5" regionsrebuilding="0"/>
  </mem-info>
</gc-end>
<cycle-end id="3127" type="partial gc" contextid="3120" timestamp="2019-07-07T05:37:51.841" />
  <attribute name="elasticGC enabled" value="1" />
  <attribute name= "numThreadsSpecified" value="1" />
  <attribute name="heapSize specified" value="0" />
  <attribute name="Current GC Util" value="67" />
  <attribute name= "Current Time Running" value="22641" />
  <attribute name ="GC Interval" value="0" />
  <attribute name="ProportionalT" value="23.500000" />
  <attribute name="ProportionalI" value="23.500000" />
  <attribute name="ProportionalH" value="23.500000" />
  <attribute name="Current Error" value="47.000000" />
  <attribute name="IntegralT" value="0.000000" />
  <attribute name="IntegralI" value="0.000000" />
  <attribute name="IntegralH" value="0.000000" />
  <attribute name="DerivativeT" value="inf" />
  <attribute name="DerivativeI" value="inf" />
  <attribute name="DerivativeH" value="inf" />
  <attribute name="Loop Time for DT" value="0.000000" />
  <attribute name="Output H" value="8388608"/>
  <attribute name="Output I" value="200"/>
  <attribute name="Output T" value="1"/>
  <attribute name="Target GC Util Change" value ="20.000000" />
  <attribute name="Current GC Util Change" value="67.000000"/>
  <attribute name="GC Util currently" value="67" />
  <attribute name="CPU Util currently" value="21094915205822" />
<exclusive-end id="3128" timestamp="2019-07-07T05:37:51.841" durationms="2.928" />

<exclusive-start id="3129" timestamp="2019-07-07T05:37:51.849" intervalms="10.444">
  <response-info timems="0.075" idlems="0.075" threads="0" lastid="000000000202A700" lastname="main" />
</exclusive-start>
<allocation-taxation id="3130" taxation-threshold="24117248" timestamp="2019-07-07T05:37:51.849" intervalms="10.437" />
<cycle-start id="3131" type="partial gc" contextid="0" timestamp="2019-07-07T05:37:51.849" intervalms="10.464" />
<gc-start id="3132" type="partial gc" contextid="3131" timestamp="2019-07-07T05:37:51.849">
  <mem-info id="3133" free="16777216" total="68157440" percent="24">
    <mem type="eden" free="1048512" total="25165824" percent="4" />
    <remembered-set count="52576" freebytes="2510336" totalbytes="2720640" percent="92" regionsoverflowed="0" regionsstable="5" regionsrebuilding="0"/>
  </mem-info>
</gc-start>
<allocation-stats totalBytes="23966088" >
  <allocated-bytes non-tlh="0" tlh="23966088" arrayletleaf="0"/>
  <largest-consumer threadName="main" threadId="000000000202A700" bytes="23966088" />
</allocation-stats>
<gc-op id="3134" type="copy forward" timems="1.095" contextid="3131" timestamp="2019-07-07T05:37:51.851">
  <memory-copied type="eden" objects="2" bytes="64" bytesdiscarded="0" />
  <memory-copied type="other" objects="0" bytes="0" bytesdiscarded="0" />
  <memory-cardclean objects="8" bytes="344" />
  <regions eden="23" other="1" />
  <remembered-set-cleared processed="51708" cleared="6" durationms="0.387" />
  <stringconstants candidates="13324" cleared="0"  />
</gc-op>
<gc-op id="3135" type="classunload" timems="0.003" contextid="3131" timestamp="2019-07-07T05:37:51.851">
  <classunload-info classloadercandidates="53" classloadersunloaded="0" classesunloaded="0" anonymousclassesunloaded="0" quiescems="0.000" setupms="0.003" scanms="0.000" postms="0.000" />
</gc-op>
<gc-end id="3136" type="partial gc" contextid="3131" durationms="1.980" usertimems="0.000" systemtimems="0.000" timestamp="2019-07-07T05:37:51.851" activeThreads="1">
  <mem-info id="3137" free="40894464" total="68157440" percent="60">
    <mem type="eden" free="1048512" total="1048576" percent="99" />
    <remembered-set count="53056" freebytes="2508416" totalbytes="2720640" percent="92" regionsoverflowed="0" regionsstable="5" regionsrebuilding="0"/>
  </mem-info>
</gc-end>
<cycle-end id="3138" type="partial gc" contextid="3131" timestamp="2019-07-07T05:37:51.852" />
  <attribute name="elasticGC enabled" value="1" />
  <attribute name= "numThreadsSpecified" value="1" />
  <attribute name="heapSize specified" value="0" />
  <attribute name="Current GC Util" value="51" />
  <attribute name= "Current Time Running" value="22652" />
  <attribute name ="GC Interval" value="0" />
  <attribute name="ProportionalT" value="15.500000" />
  <attribute name="ProportionalI" value="15.500000" />
  <attribute name="ProportionalH" value="15.500000" />
  <attribute name="Current Error" value="31.000000" />
  <attribute name="IntegralT" value="0.000000" />
  <attribute name="IntegralI" value="0.000000" />
  <attribute name="IntegralH" value="0.000000" />
  <attribute name="DerivativeT" value="inf" />
  <attribute name="DerivativeI" value="inf" />
  <attribute name="DerivativeH" value="inf" />
  <attribute name="Loop Time for DT" value="0.000000" />
  <attribute name="Output H" value="8388608"/>
  <attribute name="Output I" value="200"/>
  <attribute name="Output T" value="1"/>
  <attribute name="Target GC Util Change" value ="20.000000" />
  <attribute name="Current GC Util Change" value="51.000000"/>
  <attribute name="GC Util currently" value="51" />
  <attribute name="CPU Util currently" value="16979698021300" />
<exclusive-end id="3139" timestamp="2019-07-07T05:37:51.852" durationms="2.906" />

<exclusive-start id="3140" timestamp="2019-07-07T05:37:51.859" intervalms="10.436">
  <response-info timems="0.075" idlems="0.075" threads="0" lastid="000000000202A700" lastname="main" />
</exclusive-start>
<allocation-taxation id="3141" taxation-threshold="24117248" timestamp="2019-07-07T05:37:51.859" intervalms="10.433" />
<cycle-start id="3142" type="partial gc" contextid="0" timestamp="2019-07-07T05:37:51.860" intervalms="10.381" />
<gc-start id="3143" type="partial gc" contextid="3142" timestamp="2019-07-07T05:37:51.860">
  <mem-info id="3144" free="16777216" total="68157440" percent="24">
    <mem type="eden" free="1048512" total="25165824" percent="4" />
    <remembered-set count="52576" freebytes="2510336" totalbytes="2720640" percent="92" regionsoverflowed="0" regionsstable="5" regionsrebuilding="0"/>
  </mem-info>
</gc-start>
<allocation-stats totalBytes="23966064" >
  <allocated-bytes non-tlh="0" tlh="23966064" arrayletleaf="0"/>
  <largest-consumer threadName="main" threadId="000000000202A700" bytes="23966064" />
</allocation-stats>
<gc-op id="3145" type="copy forward" timems="1.082" contextid="3142" timestamp="2019-07-07T05:37:51.862">
  <memory-copied type="eden" objects="2" bytes="64" bytesdiscarded="0" />
  <memory-copied type="other" objects="0" bytes="0" bytesdiscarded="0" />
  <memory-cardclean objects="8" bytes="344" />
  <regions eden="23" other="1" />
  <remembered-set-cleared processed="51708" cleared="6" durationms="0.369" />
  <stringconstants candidates="13324" cleared="0"  />
</gc-op>
<gc-op id="3146" type="classunload" timems="0.004" contextid="3142" timestamp="2019-07-07T05:37:51.862">
  <classunload-info classloadercandidates="53" classloadersunloaded="0" classesunloaded="0" anonymousclassesunloaded="0" quiescems="0.000" setupms="0.003" scanms="0.000" postms="0.000" />
</gc-op>
<gc-end id="3147" type="partial gc" contextid="3142" durationms="2.089" usertimems="4.000" systemtimems="0.000" timestamp="2019-07-07T05:37:51.862" activeThreads="1">
  <mem-info id="3148" free="40894464" total="68157440" percent="60">
    <mem type="eden" free="1048512" total="1048576" percent="99" />
    <remembered-set count="53056" freebytes="2508416" totalbytes="2720640" percent="92" regionsoverflowed="0" regionsstable="5" regionsrebuilding="0"/>
  </mem-info>
</gc-end>
<cycle-end id="3149" type="partial gc" contextid="3142" timestamp="2019-07-07T05:37:51.862" />
  <attribute name="elasticGC enabled" value="1" />
  <attribute name= "numThreadsSpecified" value="1" />
  <attribute name="heapSize specified" value="0" />
  <attribute name="Current GC Util" value="56" />
  <attribute name= "Current Time Running" value="22662" />
  <attribute name ="GC Interval" value="0" />
  <attribute name="ProportionalT" value="18.000000" />
  <attribute name="ProportionalI" value="18.000000" />
  <attribute name="ProportionalH" value="18.000000" />
  <attribute name="Current Error" value="36.000000" />
  <attribute name="IntegralT" value="0.000000" />
  <attribute name="IntegralI" value="0.000000" />
  <attribute name="IntegralH" value="0.000000" />
  <attribute name="DerivativeT" value="inf" />
  <attribute name="DerivativeI" value="inf" />
  <attribute name="DerivativeH" value="inf" />
  <attribute name="Loop Time for DT" value="0.000000" />
  <attribute name="Output H" value="8388608"/>
  <attribute name="Output I" value="200"/>
  <attribute name="Output T" value="1"/>
  <attribute name="Target GC Util Change" value ="20.000000" />
  <attribute name="Current GC Util Change" value="56.000000"/>
  <attribute name="GC Util currently" value="56" />
  <attribute name="CPU Util currently" value="17731184258213" />
<exclusive-end id="3150" timestamp="2019-07-07T05:37:51.862" durationms="2.915" />

<exclusive-start id="3151" timestamp="2019-07-07T05:37:51.870" intervalms="10.410">
  <response-info timems="0.074" idlems="0.074" threads="0" lastid="000000000202A700" lastname="main" />
</exclusive-start>
<allocation-taxation id="3152" taxation-threshold="24117248" timestamp="2019-07-07T05:37:51.870" intervalms="10.417" />
<cycle-start id="3153" type="partial gc" contextid="0" timestamp="2019-07-07T05:37:51.870" intervalms="10.444" />
<gc-start id="3154" type="partial gc" contextid="3153" timestamp="2019-07-07T05:37:51.870">
  <mem-info id="3155" free="16777216" total="68157440" percent="24">
    <mem type="eden" free="1048512" total="25165824" percent="4" />
    <remembered-set count="52576" freebytes="2510336" totalbytes="2720640" percent="92" regionsoverflowed="0" regionsstable="5" regionsrebuilding="0"/>
  </mem-info>
</gc-start>
<allocation-stats totalBytes="23966088" >
  <allocated-bytes non-tlh="0" tlh="23966088" arrayletleaf="0"/>
  <largest-consumer threadName="main" threadId="000000000202A700" bytes="23966088" />
</allocation-stats>
<gc-op id="3156" type="copy forward" timems="1.404" contextid="3153" timestamp="2019-07-07T05:37:51.872">
  <memory-copied type="eden" objects="2" bytes="64" bytesdiscarded="0" />
  <memory-copied type="other" objects="0" bytes="0" bytesdiscarded="0" />
  <memory-cardclean objects="8" bytes="344" />
  <regions eden="23" other="1" />
  <remembered-set-cleared processed="51708" cleared="6" durationms="0.218" />
  <stringconstants candidates="13324" cleared="0"  />
</gc-op>
<gc-op id="3157" type="classunload" timems="0.003" contextid="3153" timestamp="2019-07-07T05:37:51.872">
  <classunload-info classloadercandidates="53" classloadersunloaded="0" classesunloaded="0" anonymousclassesunloaded="0" quiescems="0.000" setupms="0.003" scanms="0.000" postms="0.000" />
</gc-op>
<gc-end id="3158" type="partial gc" contextid="3153" durationms="2.327" usertimems="4.000" systemtimems="0.000" timestamp="2019-07-07T05:37:51.873" activeThreads="4">
  <mem-info id="3159" free="40894464" total="68157440" percent="60">
    <mem type="eden" free="1048512" total="1048576" percent="99" />
    <remembered-set count="53056" freebytes="2508416" totalbytes="2720640" percent="92" regionsoverflowed="0" regionsstable="5" regionsrebuilding="0"/>
  </mem-info>
</gc-end>
<cycle-end id="3160" type="partial gc" contextid="3153" timestamp="2019-07-07T05:37:51.873" />
  <attribute name="elasticGC enabled" value="1" />
  <attribute name= "numThreadsSpecified" value="4" />
  <attribute name="heapSize specified" value="0" />
  <attribute name="Current GC Util" value="56" />
  <attribute name= "Current Time Running" value="22673" />
  <attribute name ="GC Interval" value="0" />
  <attribute name="ProportionalT" value="18.000000" />
  <attribute name="ProportionalI" value="18.000000" />
  <attribute name="ProportionalH" value="18.000000" />
  <attribute name="Current Error" value="36.000000" />
  <attribute name="IntegralT" value="18.000000" />
  <attribute name="IntegralI" value="18.000000" />
  <attribute name="IntegralH" value="18.000000" />
  <attribute name="DerivativeT" value="36.000000" />
  <attribute name="DerivativeI" value="36.000000" />
  <attribute name="DerivativeH" value="36.000000" />
  <attribute name="Loop Time for DT" value="1.000000" />
  <attribute name="Output H" value="8388608"/>
  <attribute name="Output I" value="200"/>
  <attribute name="Output T" value="4"/>
  <attribute name="Target GC Util Change" value ="20.000000" />
  <attribute name="Current GC Util Change" value="56.000000"/>
  <attribute name="GC Util currently" value="56" />
  <attribute name="CPU Util currently" value="17820668214233" />
<exclusive-end id="3161" timestamp="2019-07-07T05:37:51.873" durationms="3.244" />

<exclusive-start id="3162" timestamp="2019-07-07T05:37:51.880" intervalms="10.753">
  <response-info timems="0.075" idlems="0.075" threads="0" lastid="000000000202A700" lastname="main" />
</exclusive-start>
<allocation-taxation id="3163" taxation-threshold="24117248" timestamp="2019-07-07T05:37:51.881" intervalms="10.751" />
<cycle-start id="3164" type="partial gc" contextid="0" timestamp="2019-07-07T05:37:51.881" intervalms="10.814" />
<gc-start id="3165" type="partial gc" contextid="3164" timestamp="2019-07-07T05:37:51.881">
  <mem-info id="3166" free="16777216" total="68157440" percent="24">
    <mem type="eden" free="1048512" total="25165824" percent="4" />
    <remembered-set count="52576" freebytes="2510336" totalbytes="2720640" percent="92" regionsoverflowed="0" regionsstable="5" regionsrebuilding="0"/>
  </mem-info>
</gc-start>
<allocation-stats totalBytes="23966064" >
  <allocated-bytes non-tlh="0" tlh="23966064" arrayletleaf="0"/>
  <largest-consumer threadName="main" threadId="000000000202A700" bytes="23966064" />
</allocation-stats>
<gc-op id="3167" type="copy forward" timems="1.300" contextid="3164" timestamp="2019-07-07T05:37:51.883">
  <memory-copied type="eden" objects="2" bytes="64" bytesdiscarded="0" />
  <memory-copied type="other" objects="0" bytes="0" bytesdiscarded="0" />
  <memory-cardclean objects="8" bytes="344" />
  <regions eden="23" other="1" />
  <remembered-set-cleared processed="51708" cleared="6" durationms="0.233" />
  <stringconstants candidates="13324" cleared="0"  />
</gc-op>
<gc-op id="3168" type="classunload" timems="0.003" contextid="3164" timestamp="2019-07-07T05:37:51.883">
  <classunload-info classloadercandidates="53" classloadersunloaded="0" classesunloaded="0" anonymousclassesunloaded="0" quiescems="0.000" setupms="0.003" scanms="0.000" postms="0.000" />
</gc-op>
<gc-end id="3169" type="partial gc" contextid="3164" durationms="2.286" usertimems="0.000" systemtimems="0.000" timestamp="2019-07-07T05:37:51.883" activeThreads="4">
  <mem-info id="3170" free="40894464" total="68157440" percent="60">
    <mem type="eden" free="1048512" total="1048576" percent="99" />
    <remembered-set count="53056" freebytes="2508416" totalbytes="2720640" percent="92" regionsoverflowed="0" regionsstable="5" regionsrebuilding="0"/>
  </mem-info>
</gc-end>
<cycle-end id="3171" type="partial gc" contextid="3164" timestamp="2019-07-07T05:37:51.884" />
  <attribute name="elasticGC enabled" value="1" />
  <attribute name= "numThreadsSpecified" value="4" />
  <attribute name="heapSize specified" value="0" />
  <attribute name="Current GC Util" value="60" />
  <attribute name= "Current Time Running" value="22684" />
  <attribute name ="GC Interval" value="0" />
  <attribute name="ProportionalT" value="20.000000" />
  <attribute name="ProportionalI" value="20.000000" />
  <attribute name="ProportionalH" value="20.000000" />
  <attribute name="Current Error" value="40.000000" />
  <attribute name="IntegralT" value="20.000000" />
  <attribute name="IntegralI" value="20.000000" />
  <attribute name="IntegralH" value="20.000000" />
  <attribute name="DerivativeT" value="30.000000" />
  <attribute name="DerivativeI" value="30.000000" />
  <attribute name="DerivativeH" value="30.000000" />
  <attribute name="Loop Time for DT" value="1.000000" />
  <attribute name="Output H" value="8388608"/>
  <attribute name="Output I" value="200"/>
  <attribute name="Output T" value="4"/>
  <attribute name="Target GC Util Change" value ="20.000000" />
  <attribute name="Current GC Util Change" value="60.000000"/>
  <attribute name="GC Util currently" value="60" />
  <attribute name="CPU Util currently" value="15777073729657" />
<exclusive-end id="3172" timestamp="2019-07-07T05:37:51.884" durationms="3.285" />

<exclusive-start id="3173" timestamp="2019-07-07T05:37:51.891" intervalms="10.718">
  <response-info timems="0.059" idlems="0.059" threads="0" lastid="000000000202A700" lastname="main" />
</exclusive-start>
<allocation-taxation id="3174" taxation-threshold="24117248" timestamp="2019-07-07T05:37:51.891" intervalms="10.689" />
<cycle-start id="3175" type="partial gc" contextid="0" timestamp="2019-07-07T05:37:51.891" intervalms="10.564" />
<gc-start id="3176" type="partial gc" contextid="3175" timestamp="2019-07-07T05:37:51.892">
  <mem-info id="3177" free="16777216" total="68157440" percent="24">
    <mem type="eden" free="1048512" total="25165824" percent="4" />
    <remembered-set count="53056" freebytes="2508416" totalbytes="2720640" percent="92" regionsoverflowed="0" regionsstable="5" regionsrebuilding="0"/>
  </mem-info>
</gc-start>
<allocation-stats totalBytes="23966064" >
  <allocated-bytes non-tlh="0" tlh="23966064" arrayletleaf="0"/>
  <largest-consumer threadName="main" threadId="000000000202A700" bytes="23966064" />
</allocation-stats>
<gc-op id="3178" type="copy forward" timems="1.429" contextid="3175" timestamp="2019-07-07T05:37:51.894">
  <memory-copied type="eden" objects="2" bytes="64" bytesdiscarded="0" />
  <memory-copied type="other" objects="0" bytes="0" bytesdiscarded="0" />
  <memory-cardclean objects="8" bytes="344" />
  <regions eden="23" other="1" />
  <remembered-set-cleared processed="51708" cleared="6" durationms="0.224" />
  <stringconstants candidates="13324" cleared="0"  />
</gc-op>
<gc-op id="3179" type="classunload" timems="0.003" contextid="3175" timestamp="2019-07-07T05:37:51.894">
  <classunload-info classloadercandidates="53" classloadersunloaded="0" classesunloaded="0" anonymousclassesunloaded="0" quiescems="0.000" setupms="0.003" scanms="0.000" postms="0.000" />
</gc-op>
<gc-end id="3180" type="partial gc" contextid="3175" durationms="2.523" usertimems="0.000" systemtimems="0.000" timestamp="2019-07-07T05:37:51.895" activeThreads="4">
  <mem-info id="3181" free="40894464" total="68157440" percent="60">
    <mem type="eden" free="1048512" total="1048576" percent="99" />
    <remembered-set count="53056" freebytes="2508416" totalbytes="2720640" percent="92" regionsoverflowed="0" regionsstable="5" regionsrebuilding="0"/>
  </mem-info>
</gc-end>
<cycle-end id="3182" type="partial gc" contextid="3175" timestamp="2019-07-07T05:37:51.895" />
  <attribute name="elasticGC enabled" value="1" />
  <attribute name= "numThreadsSpecified" value="4" />
  <attribute name="heapSize specified" value="0" />
  <attribute name="Current GC Util" value="56" />
  <attribute name= "Current Time Running" value="22695" />
  <attribute name ="GC Interval" value="0" />
  <attribute name="ProportionalT" value="18.000000" />
  <attribute name="ProportionalI" value="18.000000" />
  <attribute name="ProportionalH" value="18.000000" />
  <attribute name="Current Error" value="36.000000" />
  <attribute name="IntegralT" value="18.000000" />
  <attribute name="IntegralI" value="18.000000" />
  <attribute name="IntegralH" value="18.000000" />
  <attribute name="DerivativeT" value="27.000000" />
  <attribute name="DerivativeI" value="27.000000" />
  <attribute name="DerivativeH" value="27.000000" />
  <attribute name="Loop Time for DT" value="1.000000" />
  <attribute name="Output H" value="8388608"/>
  <attribute name="Output I" value="200"/>
  <attribute name="Output T" value="4"/>
  <attribute name="Target GC Util Change" value ="20.000000" />
  <attribute name="Current GC Util Change" value="56.000000"/>
  <attribute name="GC Util currently" value="56" />
  <attribute name="CPU Util currently" value="17580516709935" />
<exclusive-end id="3183" timestamp="2019-07-07T05:37:51.895" durationms="3.892" />

<exclusive-start id="3184" timestamp="2019-07-07T05:37:51.903" intervalms="11.392">
  <response-info timems="0.062" idlems="0.062" threads="0" lastid="000000000202A700" lastname="main" />
</exclusive-start>
<allocation-taxation id="3185" taxation-threshold="24117248" timestamp="2019-07-07T05:37:51.903" intervalms="11.416" />
<cycle-start id="3186" type="partial gc" contextid="0" timestamp="2019-07-07T05:37:51.903" intervalms="11.527" />
<gc-start id="3187" type="partial gc" contextid="3186" timestamp="2019-07-07T05:37:51.903">
  <mem-info id="3188" free="16777216" total="68157440" percent="24">
    <mem type="eden" free="1048512" total="25165824" percent="4" />
    <remembered-set count="52576" freebytes="2510336" totalbytes="2720640" percent="92" regionsoverflowed="0" regionsstable="5" regionsrebuilding="0"/>
  </mem-info>
</gc-start>
<allocation-stats totalBytes="23966088" >
  <allocated-bytes non-tlh="0" tlh="23966088" arrayletleaf="0"/>
  <largest-consumer threadName="main" threadId="000000000202A700" bytes="23966088" />
</allocation-stats>
<gc-op id="3189" type="copy forward" timems="1.344" contextid="3186" timestamp="2019-07-07T05:37:51.905">
  <memory-copied type="eden" objects="2" bytes="64" bytesdiscarded="0" />
  <memory-copied type="other" objects="0" bytes="0" bytesdiscarded="0" />
  <memory-cardclean objects="8" bytes="344" />
  <regions eden="23" other="1" />
  <remembered-set-cleared processed="51708" cleared="6" durationms="0.225" />
  <stringconstants candidates="13324" cleared="0"  />
</gc-op>
<gc-op id="3190" type="classunload" timems="0.004" contextid="3186" timestamp="2019-07-07T05:37:51.905">
  <classunload-info classloadercandidates="53" classloadersunloaded="0" classesunloaded="0" anonymousclassesunloaded="0" quiescems="0.000" setupms="0.004" scanms="0.000" postms="0.000" />
</gc-op>
<gc-end id="3191" type="partial gc" contextid="3186" durationms="2.239" usertimems="4.000" systemtimems="0.000" timestamp="2019-07-07T05:37:51.905" activeThreads="4">
  <mem-info id="3192" free="40894464" total="68157440" percent="60">
    <mem type="eden" free="1048512" total="1048576" percent="99" />
    <remembered-set count="53056" freebytes="2508416" totalbytes="2720640" percent="92" regionsoverflowed="0" regionsstable="5" regionsrebuilding="0"/>
  </mem-info>
</gc-end>
<cycle-end id="3193" type="partial gc" contextid="3186" timestamp="2019-07-07T05:37:51.906" />
  <attribute name="elasticGC enabled" value="1" />
  <attribute name= "numThreadsSpecified" value="4" />
  <attribute name="heapSize specified" value="0" />
  <attribute name="Current GC Util" value="64" />
  <attribute name= "Current Time Running" value="22706" />
  <attribute name ="GC Interval" value="0" />
  <attribute name="ProportionalT" value="22.000000" />
  <attribute name="ProportionalI" value="22.000000" />
  <attribute name="ProportionalH" value="22.000000" />
  <attribute name="Current Error" value="44.000000" />
  <attribute name="IntegralT" value="22.000000" />
  <attribute name="IntegralI" value="22.000000" />
  <attribute name="IntegralH" value="22.000000" />
  <attribute name="DerivativeT" value="31.000000" />
  <attribute name="DerivativeI" value="31.000000" />
  <attribute name="DerivativeH" value="31.000000" />
  <attribute name="Loop Time for DT" value="1.000000" />
  <attribute name="Output H" value="8388608"/>
  <attribute name="Output I" value="200"/>
  <attribute name="Output T" value="4"/>
  <attribute name="Target GC Util Change" value ="20.000000" />
  <attribute name="Current GC Util Change" value="64.000000"/>
  <attribute name="GC Util currently" value="64" />
  <attribute name="CPU Util currently" value="20184553223205" />
<exclusive-end id="3194" timestamp="2019-07-07T05:37:51.906" durationms="3.229" />

<exclusive-start id="3195" timestamp="2019-07-07T05:37:51.913" intervalms="10.733">
  <response-info timems="0.076" idlems="0.076" threads="0" lastid="000000000202A700" lastname="main" />
</exclusive-start>
<allocation-taxation id="3196" taxation-threshold="24117248" timestamp="2019-07-07T05:37:51.913" intervalms="10.733" />
<cycle-start id="3197" type="partial gc" contextid="0" timestamp="2019-07-07T05:37:51.914" intervalms="10.745" />
<gc-start id="3198" type="partial gc" contextid="3197" timestamp="2019-07-07T05:37:51.914">
  <mem-info id="3199" free="16777216" total="68157440" percent="24">
    <mem type="eden" free="1048512" total="25165824" percent="4" />
    <remembered-set count="52576" freebytes="2510336" totalbytes="2720640" percent="92" regionsoverflowed="0" regionsstable="5" regionsrebuilding="0"/>
  </mem-info>
</gc-start>
<allocation-stats totalBytes="23966064" >
  <allocated-bytes non-tlh="0" tlh="23966064" arrayletleaf="0"/>
  <largest-consumer threadName="main" threadId="000000000202A700" bytes="23966064" />
</allocation-stats>
<gc-op id="3200" type="copy forward" timems="1.073" contextid="3197" timestamp="2019-07-07T05:37:51.916">
  <memory-copied type="eden" objects="2" bytes="64" bytesdiscarded="0" />
  <memory-copied type="other" objects="0" bytes="0" bytesdiscarded="0" />
  <memory-cardclean objects="8" bytes="344" />
  <regions eden="23" other="1" />
  <remembered-set-cleared processed="51708" cleared="6" durationms="0.376" />
  <stringconstants candidates="13324" cleared="0"  />
</gc-op>
<gc-op id="3201" type="classunload" timems="0.003" contextid="3197" timestamp="2019-07-07T05:37:51.916">
  <classunload-info classloadercandidates="53" classloadersunloaded="0" classesunloaded="0" anonymousclassesunloaded="0" quiescems="0.000" setupms="0.003" scanms="0.000" postms="0.000" />
</gc-op>
<gc-end id="3202" type="partial gc" contextid="3197" durationms="2.109" usertimems="0.000" systemtimems="4.000" timestamp="2019-07-07T05:37:51.916" activeThreads="1">
  <mem-info id="3203" free="40894464" total="68157440" percent="60">
    <mem type="eden" free="1048512" total="1048576" percent="99" />
    <remembered-set count="53056" freebytes="2508416" totalbytes="2720640" percent="92" regionsoverflowed="0" regionsstable="5" regionsrebuilding="0"/>
  </mem-info>
</gc-end>
<cycle-end id="3204" type="partial gc" contextid="3197" timestamp="2019-07-07T05:37:51.916" />
  <attribute name="elasticGC enabled" value="1" />
  <attribute name= "numThreadsSpecified" value="1" />
  <attribute name="heapSize specified" value="0" />
  <attribute name="Current GC Util" value="57" />
  <attribute name= "Current Time Running" value="22716" />
  <attribute name ="GC Interval" value="0" />
  <attribute name="ProportionalT" value="18.500000" />
  <attribute name="ProportionalI" value="18.500000" />
  <attribute name="ProportionalH" value="18.500000" />
  <attribute name="Current Error" value="37.000000" />
  <attribute name="IntegralT" value="0.000000" />
  <attribute name="IntegralI" value="0.000000" />
  <attribute name="IntegralH" value="0.000000" />
  <attribute name="DerivativeT" value="inf" />
  <attribute name="DerivativeI" value="inf" />
  <attribute name="DerivativeH" value="inf" />
  <attribute name="Loop Time for DT" value="0.000000" />
  <attribute name="Output H" value="8388608"/>
  <attribute name="Output I" value="200"/>
  <attribute name="Output T" value="1"/>
  <attribute name="Target GC Util Change" value ="20.000000" />
  <attribute name="Current GC Util Change" value="57.000000"/>
  <attribute name="GC Util currently" value="57" />
  <attribute name="CPU Util currently" value="18493273003437" />
<exclusive-end id="3205" timestamp="2019-07-07T05:37:51.916" durationms="3.090" />

<exclusive-start id="3206" timestamp="2019-07-07T05:37:51.924" intervalms="10.590">
  <response-info timems="0.070" idlems="0.070" threads="0" lastid="000000000202A700" lastname="main" />
</exclusive-start>
<allocation-taxation id="3207" taxation-threshold="24117248" timestamp="2019-07-07T05:37:51.924" intervalms="10.555" />
<cycle-start id="3208" type="partial gc" contextid="0" timestamp="2019-07-07T05:37:51.924" intervalms="10.487" />
<gc-start id="3209" type="partial gc" contextid="3208" timestamp="2019-07-07T05:37:51.924">
  <mem-info id="3210" free="16777216" total="68157440" percent="24">
    <mem type="eden" free="1048512" total="25165824" percent="4" />
    <remembered-set count="52576" freebytes="2510336" totalbytes="2720640" percent="92" regionsoverflowed="0" regionsstable="5" regionsrebuilding="0"/>
  </mem-info>
</gc-start>
<allocation-stats totalBytes="23966088" >
  <allocated-bytes non-tlh="0" tlh="23966088" arrayletleaf="0"/>
  <largest-consumer threadName="main" threadId="000000000202A700" bytes="23966088" />
</allocation-stats>
<gc-op id="3211" type="copy forward" timems="1.079" contextid="3208" timestamp="2019-07-07T05:37:51.926">
  <memory-copied type="eden" objects="2" bytes="64" bytesdiscarded="0" />
  <memory-copied type="other" objects="0" bytes="0" bytesdiscarded="0" />
  <memory-cardclean objects="8" bytes="344" />
  <regions eden="23" other="1" />
  <remembered-set-cleared processed="51708" cleared="6" durationms="0.374" />
  <stringconstants candidates="13324" cleared="0"  />
</gc-op>
<gc-op id="3212" type="classunload" timems="0.003" contextid="3208" timestamp="2019-07-07T05:37:51.926">
  <classunload-info classloadercandidates="53" classloadersunloaded="0" classesunloaded="0" anonymousclassesunloaded="0" quiescems="0.000" setupms="0.003" scanms="0.000" postms="0.000" />
</gc-op>
<gc-end id="3213" type="partial gc" contextid="3208" durationms="1.967" usertimems="4.000" systemtimems="0.000" timestamp="2019-07-07T05:37:51.926" activeThreads="1">
  <mem-info id="3214" free="40894464" total="68157440" percent="60">
    <mem type="eden" free="1048512" total="1048576" percent="99" />
    <remembered-set count="53056" freebytes="2508416" totalbytes="2720640" percent="92" regionsoverflowed="0" regionsstable="5" regionsrebuilding="0"/>
  </mem-info>
</gc-end>
<cycle-end id="3215" type="partial gc" contextid="3208" timestamp="2019-07-07T05:37:51.927" />
  <attribute name="elasticGC enabled" value="1" />
  <attribute name= "numThreadsSpecified" value="1" />
  <attribute name="heapSize specified" value="0" />
  <attribute name="Current GC Util" value="57" />
  <attribute name= "Current Time Running" value="22727" />
  <attribute name ="GC Interval" value="0" />
  <attribute name="ProportionalT" value="18.500000" />
  <attribute name="ProportionalI" value="18.500000" />
  <attribute name="ProportionalH" value="18.500000" />
  <attribute name="Current Error" value="37.000000" />
  <attribute name="IntegralT" value="0.000000" />
  <attribute name="IntegralI" value="0.000000" />
  <attribute name="IntegralH" value="0.000000" />
  <attribute name="DerivativeT" value="inf" />
  <attribute name="DerivativeI" value="inf" />
  <attribute name="DerivativeH" value="inf" />
  <attribute name="Loop Time for DT" value="0.000000" />
  <attribute name="Output H" value="8388608"/>
  <attribute name="Output I" value="200"/>
  <attribute name="Output T" value="1"/>
  <attribute name="Target GC Util Change" value ="20.000000" />
  <attribute name="Current GC Util Change" value="57.000000"/>
  <attribute name="GC Util currently" value="57" />
  <attribute name="CPU Util currently" value="17924774495059" />
<exclusive-end id="3216" timestamp="2019-07-07T05:37:51.927" durationms="2.828" />

<exclusive-start id="3217" timestamp="2019-07-07T05:37:51.934" intervalms="10.314">
  <response-info timems="0.079" idlems="0.079" threads="0" lastid="000000000202A700" lastname="main" />
</exclusive-start>
<allocation-taxation id="3218" taxation-threshold="24117248" timestamp="2019-07-07T05:37:51.934" intervalms="10.340" />
<cycle-start id="3219" type="partial gc" contextid="0" timestamp="2019-07-07T05:37:51.935" intervalms="10.332" />
<gc-start id="3220" type="partial gc" contextid="3219" timestamp="2019-07-07T05:37:51.935">
  <mem-info id="3221" free="16777216" total="68157440" percent="24">
    <mem type="eden" free="1048512" total="25165824" percent="4" />
    <remembered-set count="52576" freebytes="2510336" totalbytes="2720640" percent="92" regionsoverflowed="0" regionsstable="5" regionsrebuilding="0"/>
  </mem-info>
</gc-start>
<allocation-stats totalBytes="23966064" >
  <allocated-bytes non-tlh="0" tlh="23966064" arrayletleaf="0"/>
  <largest-consumer threadName="main" threadId="000000000202A700" bytes="23966064" />
</allocation-stats>
<gc-op id="3222" type="copy forward" timems="1.096" contextid="3219" timestamp="2019-07-07T05:37:51.936">
  <memory-copied type="eden" objects="2" bytes="64" bytesdiscarded="0" />
  <memory-copied type="other" objects="0" bytes="0" bytesdiscarded="0" />
  <memory-cardclean objects="8" bytes="344" />
  <regions eden="23" other="1" />
  <remembered-set-cleared processed="51708" cleared="6" durationms="0.381" />
  <stringconstants candidates="13324" cleared="0"  />
</gc-op>
<gc-op id="3223" type="classunload" timems="0.004" contextid="3219" timestamp="2019-07-07T05:37:51.937">
  <classunload-info classloadercandidates="53" classloadersunloaded="0" classesunloaded="0" anonymousclassesunloaded="0" quiescems="0.000" setupms="0.004" scanms="0.000" postms="0.000" />
</gc-op>
<gc-end id="3224" type="partial gc" contextid="3219" durationms="2.036" usertimems="0.000" systemtimems="0.000" timestamp="2019-07-07T05:37:51.937" activeThreads="1">
  <mem-info id="3225" free="40894464" total="68157440" percent="60">
    <mem type="eden" free="1048512" total="1048576" percent="99" />
    <remembered-set count="53056" freebytes="2508416" totalbytes="2720640" percent="92" regionsoverflowed="0" regionsstable="5" regionsrebuilding="0"/>
  </mem-info>
</gc-end>
<cycle-end id="3226" type="partial gc" contextid="3219" timestamp="2019-07-07T05:37:51.937" />
  <attribute name="elasticGC enabled" value="1" />
  <attribute name= "numThreadsSpecified" value="1" />
  <attribute name="heapSize specified" value="0" />
  <attribute name="Current GC Util" value="57" />
  <attribute name= "Current Time Running" value="22737" />
  <attribute name ="GC Interval" value="0" />
  <attribute name="ProportionalT" value="18.500000" />
  <attribute name="ProportionalI" value="18.500000" />
  <attribute name="ProportionalH" value="18.500000" />
  <attribute name="Current Error" value="37.000000" />
  <attribute name="IntegralT" value="0.000000" />
  <attribute name="IntegralI" value="0.000000" />
  <attribute name="IntegralH" value="0.000000" />
  <attribute name="DerivativeT" value="inf" />
  <attribute name="DerivativeI" value="inf" />
  <attribute name="DerivativeH" value="inf" />
  <attribute name="Loop Time for DT" value="0.000000" />
  <attribute name="Output H" value="8388608"/>
  <attribute name="Output I" value="200"/>
  <attribute name="Output T" value="1"/>
  <attribute name="Target GC Util Change" value ="20.000000" />
  <attribute name="Current GC Util Change" value="57.000000"/>
  <attribute name="GC Util currently" value="57" />
  <attribute name="CPU Util currently" value="17596884780777" />
<exclusive-end id="3227" timestamp="2019-07-07T05:37:51.937" durationms="2.930" />

<exclusive-start id="3228" timestamp="2019-07-07T05:37:51.945" intervalms="10.434">
  <response-info timems="0.080" idlems="0.080" threads="0" lastid="000000000202A700" lastname="main" />
</exclusive-start>
<allocation-taxation id="3229" taxation-threshold="24117248" timestamp="2019-07-07T05:37:51.945" intervalms="10.443" />
<cycle-start id="3230" type="partial gc" contextid="0" timestamp="2019-07-07T05:37:51.945" intervalms="10.494" />
<gc-start id="3231" type="partial gc" contextid="3230" timestamp="2019-07-07T05:37:51.945">
  <mem-info id="3232" free="16777216" total="68157440" percent="24">
    <mem type="eden" free="1048512" total="25165824" percent="4" />
    <remembered-set count="52576" freebytes="2510336" totalbytes="2720640" percent="92" regionsoverflowed="0" regionsstable="5" regionsrebuilding="0"/>
  </mem-info>
</gc-start>
<allocation-stats totalBytes="23966064" >
  <allocated-bytes non-tlh="0" tlh="23966064" arrayletleaf="0"/>
  <largest-consumer threadName="main" threadId="000000000202A700" bytes="23966064" />
</allocation-stats>
<gc-op id="3233" type="copy forward" timems="1.353" contextid="3230" timestamp="2019-07-07T05:37:51.947">
  <memory-copied type="eden" objects="2" bytes="64" bytesdiscarded="0" />
  <memory-copied type="other" objects="0" bytes="0" bytesdiscarded="0" />
  <memory-cardclean objects="8" bytes="344" />
  <regions eden="23" other="1" />
  <remembered-set-cleared processed="51708" cleared="6" durationms="0.219" />
  <stringconstants candidates="13324" cleared="0"  />
</gc-op>
<gc-op id="3234" type="classunload" timems="0.004" contextid="3230" timestamp="2019-07-07T05:37:51.947">
  <classunload-info classloadercandidates="53" classloadersunloaded="0" classesunloaded="0" anonymousclassesunloaded="0" quiescems="0.000" setupms="0.004" scanms="0.000" postms="0.000" />
</gc-op>
<gc-end id="3235" type="partial gc" contextid="3230" durationms="2.251" usertimems="0.000" systemtimems="4.000" timestamp="2019-07-07T05:37:51.947" activeThreads="4">
  <mem-info id="3236" free="40894464" total="68157440" percent="60">
    <mem type="eden" free="1048512" total="1048576" percent="99" />
    <remembered-set count="53056" freebytes="2508416" totalbytes="2720640" percent="92" regionsoverflowed="0" regionsstable="5" regionsrebuilding="0"/>
  </mem-info>
</gc-end>
<cycle-end id="3237" type="partial gc" contextid="3230" timestamp="2019-07-07T05:37:51.948" />
  <attribute name="elasticGC enabled" value="1" />
  <attribute name= "numThreadsSpecified" value="4" />
  <attribute name="heapSize specified" value="0" />
  <attribute name="Current GC Util" value="69" />
  <attribute name= "Current Time Running" value="22748" />
  <attribute name ="GC Interval" value="0" />
  <attribute name="ProportionalT" value="24.500000" />
  <attribute name="ProportionalI" value="24.500000" />
  <attribute name="ProportionalH" value="24.500000" />
  <attribute name="Current Error" value="49.000000" />
  <attribute name="IntegralT" value="24.500000" />
  <attribute name="IntegralI" value="24.500000" />
  <attribute name="IntegralH" value="24.500000" />
  <attribute name="DerivativeT" value="49.000000" />
  <attribute name="DerivativeI" value="49.000000" />
  <attribute name="DerivativeH" value="49.000000" />
  <attribute name="Loop Time for DT" value="1.000000" />
  <attribute name="Output H" value="8388608"/>
  <attribute name="Output I" value="200"/>
  <attribute name="Output T" value="4"/>
  <attribute name="Target GC Util Change" value ="20.000000" />
  <attribute name="Current GC Util Change" value="69.000000"/>
  <attribute name="GC Util currently" value="69" />
  <attribute name="CPU Util currently" value="21887866793796" />
<exclusive-end id="3238" timestamp="2019-07-07T05:37:51.948" durationms="3.151" />

<exclusive-start id="3239" timestamp="2019-07-07T05:37:51.992" intervalms="47.330">
  <response-info timems="0.084" idlems="0.084" threads="0" lastid="000000000202A700" lastname="main" />
</exclusive-start>
<allocation-taxation id="3240" taxation-threshold="24117248" timestamp="2019-07-07T05:37:51.992" intervalms="47.338" />
<cycle-start id="3241" type="partial gc" contextid="0" timestamp="2019-07-07T05:37:51.992" intervalms="47.339" />
<gc-start id="3242" type="partial gc" contextid="3241" timestamp="2019-07-07T05:37:51.993">
  <mem-info id="3243" free="16777216" total="68157440" percent="24">
    <mem type="eden" free="1048512" total="25165824" percent="4" />
    <remembered-set count="52576" freebytes="2510336" totalbytes="2720640" percent="92" regionsoverflowed="0" regionsstable="5" regionsrebuilding="0"/>
  </mem-info>
</gc-start>
<allocation-stats totalBytes="24111008" >
  <allocated-bytes non-tlh="0" tlh="24111008" arrayletleaf="0"/>
  <largest-consumer threadName="main" threadId="000000000202A700" bytes="24111008" />
</allocation-stats>
<gc-op id="3244" type="copy forward" timems="1.142" contextid="3241" timestamp="2019-07-07T05:37:51.994">
  <memory-copied type="eden" objects="157" bytes="5208" bytesdiscarded="0" />
  <memory-copied type="other" objects="0" bytes="0" bytesdiscarded="0" />
  <memory-cardclean objects="67" bytes="2808" />
  <regions eden="23" other="1" />
  <remembered-set-cleared processed="51708" cleared="25" durationms="0.393" />
  <stringconstants candidates="13324" cleared="0"  />
</gc-op>
<gc-op id="3245" type="classunload" timems="0.004" contextid="3241" timestamp="2019-07-07T05:37:51.995">
  <classunload-info classloadercandidates="53" classloadersunloaded="0" classesunloaded="0" anonymousclassesunloaded="0" quiescems="0.000" setupms="0.004" scanms="0.000" postms="0.000" />
</gc-op>
<gc-end id="3246" type="partial gc" contextid="3241" durationms="2.148" usertimems="4.000" systemtimems="0.000" timestamp="2019-07-07T05:37:51.995" activeThreads="1">
  <mem-info id="3247" free="40894464" total="68157440" percent="60">
    <mem type="eden" free="1043368" total="1048576" percent="99" />
    <remembered-set count="53024" freebytes="2508544" totalbytes="2720640" percent="92" regionsoverflowed="0" regionsstable="5" regionsrebuilding="0"/>
  </mem-info>
</gc-end>
<cycle-end id="3248" type="partial gc" contextid="3241" timestamp="2019-07-07T05:37:51.995" />
  <attribute name="elasticGC enabled" value="1" />
  <attribute name= "numThreadsSpecified" value="1" />
  <attribute name="heapSize specified" value="0" />
  <attribute name="Current GC Util" value="66" />
  <attribute name= "Current Time Running" value="22795" />
  <attribute name ="GC Interval" value="0" />
  <attribute name="ProportionalT" value="23.000000" />
  <attribute name="ProportionalI" value="23.000000" />
  <attribute name="ProportionalH" value="23.000000" />
  <attribute name="Current Error" value="46.000000" />
  <attribute name="IntegralT" value="0.000000" />
  <attribute name="IntegralI" value="0.000000" />
  <attribute name="IntegralH" value="0.000000" />
  <attribute name="DerivativeT" value="inf" />
  <attribute name="DerivativeI" value="inf" />
  <attribute name="DerivativeH" value="inf" />
  <attribute name="Loop Time for DT" value="0.000000" />
  <attribute name="Output H" value="8388608"/>
  <attribute name="Output I" value="200"/>
  <attribute name="Output T" value="1"/>
  <attribute name="Target GC Util Change" value ="20.000000" />
  <attribute name="Current GC Util Change" value="66.000000"/>
  <attribute name="GC Util currently" value="66" />
  <attribute name="CPU Util currently" value="19346754968740" />
<exclusive-end id="3249" timestamp="2019-07-07T05:37:51.995" durationms="3.139" />

<exclusive-start id="3250" timestamp="2019-07-07T05:37:52.044" intervalms="51.869">
  <response-info timems="0.058" idlems="0.058" threads="0" lastid="000000000202A700" lastname="main" />
</exclusive-start>
<allocation-taxation id="3251" taxation-threshold="24117248" timestamp="2019-07-07T05:37:52.044" intervalms="51.803" />
<cycle-start id="3252" type="partial gc" contextid="0" timestamp="2019-07-07T05:37:52.044" intervalms="51.721" />
<gc-start id="3253" type="partial gc" contextid="3252" timestamp="2019-07-07T05:37:52.044">
  <mem-info id="3254" free="16777216" total="68157440" percent="24">
    <mem type="eden" free="0" total="24117248" percent="0" />
    <remembered-set count="52608" freebytes="2510208" totalbytes="2720640" percent="92" regionsoverflowed="0" regionsstable="5" regionsrebuilding="0"/>
  </mem-info>
</gc-start>
<allocation-stats totalBytes="24113816" >
  <allocated-bytes non-tlh="0" tlh="24113816" arrayletleaf="0"/>
  <largest-consumer threadName="main" threadId="000000000202A700" bytes="24113816" />
</allocation-stats>
<gc-op id="3255" type="copy forward" timems="1.125" contextid="3252" timestamp="2019-07-07T05:37:52.046">
  <memory-copied type="eden" objects="232" bytes="7560" bytesdiscarded="0" />
  <memory-copied type="other" objects="7" bytes="160" bytesdiscarded="0" />
  <memory-cardclean objects="111" bytes="12192" />
  <regions eden="23" other="1" />
  <remembered-set-cleared processed="51744" cleared="85" durationms="0.386" />
  <references type="weak" candidates="37" cleared="0" enqueued="0" />
  <stringconstants candidates="13324" cleared="0"  />
</gc-op>
<gc-op id="3256" type="classunload" timems="0.003" contextid="3252" timestamp="2019-07-07T05:37:52.046">
  <classunload-info classloadercandidates="53" classloadersunloaded="0" classesunloaded="0" anonymousclassesunloaded="0" quiescems="0.000" setupms="0.003" scanms="0.000" postms="0.000" />
</gc-op>
<gc-end id="3257" type="partial gc" contextid="3252" durationms="1.885" usertimems="0.000" systemtimems="0.000" timestamp="2019-07-07T05:37:52.046" activeThreads="1">
  <mem-info id="3258" free="39845888" total="68157440" percent="58">
    <mem type="eden" free="1040968" total="1048576" percent="99" />
    <remembered-set count="52992" freebytes="2508672" totalbytes="2720640" percent="92" regionsoverflowed="0" regionsstable="5" regionsrebuilding="0"/>
  </mem-info>
</gc-end>
<cycle-end id="3259" type="partial gc" contextid="3252" timestamp="2019-07-07T05:37:52.046" />
  <attribute name="elasticGC enabled" value="1" />
  <attribute name= "numThreadsSpecified" value="1" />
  <attribute name="heapSize specified" value="0" />
  <attribute name="Current GC Util" value="70" />
  <attribute name= "Current Time Running" value="22846" />
  <attribute name ="GC Interval" value="0" />
  <attribute name="ProportionalT" value="25.000000" />
  <attribute name="ProportionalI" value="25.000000" />
  <attribute name="ProportionalH" value="25.000000" />
  <attribute name="Current Error" value="50.000000" />
  <attribute name="IntegralT" value="0.000000" />
  <attribute name="IntegralI" value="0.000000" />
  <attribute name="IntegralH" value="0.000000" />
  <attribute name="DerivativeT" value="inf" />
  <attribute name="DerivativeI" value="inf" />
  <attribute name="DerivativeH" value="inf" />
  <attribute name="Loop Time for DT" value="0.000000" />
  <attribute name="Output H" value="8388608"/>
  <attribute name="Output I" value="200"/>
  <attribute name="Output T" value="1"/>
  <attribute name="Target GC Util Change" value ="20.000000" />
  <attribute name="Current GC Util Change" value="70.000000"/>
  <attribute name="GC Util currently" value="70" />
  <attribute name="CPU Util currently" value="21669929195989" />
<exclusive-end id="3260" timestamp="2019-07-07T05:37:52.046" durationms="2.690" />

<exclusive-start id="3261" timestamp="2019-07-07T05:37:52.091" intervalms="47.216">
  <response-info timems="0.037" idlems="0.037" threads="0" lastid="000000000202A700" lastname="main" />
</exclusive-start>
<allocation-taxation id="3262" taxation-threshold="24117248" timestamp="2019-07-07T05:37:52.091" intervalms="47.316" />
<cycle-start id="3263" type="partial gc" contextid="0" timestamp="2019-07-07T05:37:52.091" intervalms="47.380" />
<gc-start id="3264" type="partial gc" contextid="3263" timestamp="2019-07-07T05:37:52.092">
  <mem-info id="3265" free="15728640" total="68157440" percent="23">
    <mem type="eden" free="0" total="24117248" percent="0" />
    <remembered-set count="52640" freebytes="2510080" totalbytes="2720640" percent="92" regionsoverflowed="0" regionsstable="5" regionsrebuilding="0"/>
  </mem-info>
</gc-start>
<allocation-stats totalBytes="24114584" >
  <allocated-bytes non-tlh="0" tlh="24114584" arrayletleaf="0"/>
  <largest-consumer threadName="main" threadId="000000000202A700" bytes="24114584" />
</allocation-stats>
<gc-op id="3266" type="copy forward" timems="1.198" contextid="3263" timestamp="2019-07-07T05:37:52.094">
  <memory-copied type="eden" objects="125" bytes="3864" bytesdiscarded="0" />
  <memory-copied type="other" objects="113" bytes="3968" bytesdiscarded="0" />
  <memory-cardclean objects="60" bytes="10632" />
  <regions eden="23" other="1" />
  <remembered-set-cleared processed="51764" cleared="90" durationms="0.420" />
  <references type="weak" candidates="37" cleared="0" enqueued="0" />
  <stringconstants candidates="13324" cleared="0"  />
</gc-op>
<gc-op id="3267" type="classunload" timems="0.004" contextid="3263" timestamp="2019-07-07T05:37:52.094">
  <classunload-info classloadercandidates="53" classloadersunloaded="0" classesunloaded="0" anonymousclassesunloaded="0" quiescems="0.000" setupms="0.003" scanms="0.000" postms="0.000" />
</gc-op>
<gc-end id="3268" type="partial gc" contextid="3263" durationms="2.134" usertimems="0.000" systemtimems="0.000" timestamp="2019-07-07T05:37:52.094" activeThreads="1">
  <mem-info id="3269" free="38797312" total="68157440" percent="56">
    <mem type="eden" free="1044712" total="1048576" percent="99" />
    <remembered-set count="53024" freebytes="2508544" totalbytes="2720640" percent="92" regionsoverflowed="0" regionsstable="5" regionsrebuilding="0"/>
  </mem-info>
</gc-end>
<cycle-end id="3270" type="partial gc" contextid="3263" timestamp="2019-07-07T05:37:52.094" />
  <attribute name="elasticGC enabled" value="1" />
  <attribute name= "numThreadsSpecified" value="1" />
  <attribute name="heapSize specified" value="0" />
  <attribute name="Current GC Util" value="74" />
  <attribute name= "Current Time Running" value="22894" />
  <attribute name ="GC Interval" value="0" />
  <attribute name="ProportionalT" value="27.000000" />
  <attribute name="ProportionalI" value="27.000000" />
  <attribute name="ProportionalH" value="27.000000" />
  <attribute name="Current Error" value="54.000000" />
  <attribute name="IntegralT" value="0.000000" />
  <attribute name="IntegralI" value="0.000000" />
  <attribute name="IntegralH" value="0.000000" />
  <attribute name="DerivativeT" value="inf" />
  <attribute name="DerivativeI" value="inf" />
  <attribute name="DerivativeH" value="inf" />
  <attribute name="Loop Time for DT" value="0.000000" />
  <attribute name="Output H" value="8388608"/>
  <attribute name="Output I" value="200"/>
  <attribute name="Output T" value="1"/>
  <attribute name="Target GC Util Change" value ="20.000000" />
  <attribute name="Current GC Util Change" value="74.000000"/>
  <attribute name="GC Util currently" value="74" />
  <attribute name="CPU Util currently" value="19682489337753" />
<exclusive-end id="3271" timestamp="2019-07-07T05:37:52.094" durationms="3.286" />

<exclusive-start id="3272" timestamp="2019-07-07T05:37:52.137" intervalms="46.053">
  <response-info timems="0.066" idlems="0.066" threads="0" lastid="000000000202A700" lastname="main" />
</exclusive-start>
<allocation-taxation id="3273" taxation-threshold="24117248" timestamp="2019-07-07T05:37:52.137" intervalms="46.042" />
<cycle-start id="3274" type="partial gc" contextid="0" timestamp="2019-07-07T05:37:52.138" intervalms="46.093" />
<gc-start id="3275" type="partial gc" contextid="3274" timestamp="2019-07-07T05:37:52.138">
  <mem-info id="3276" free="14680064" total="68157440" percent="21">
    <mem type="eden" free="1044712" total="25165824" percent="4" />
    <remembered-set count="52672" freebytes="2509952" totalbytes="2720640" percent="92" regionsoverflowed="0" regionsstable="5" regionsrebuilding="0"/>
  </mem-info>
</gc-start>
<allocation-stats totalBytes="24114272" >
  <allocated-bytes non-tlh="0" tlh="24114272" arrayletleaf="0"/>
  <largest-consumer threadName="main" threadId="000000000202A700" bytes="24114272" />
</allocation-stats>
<gc-op id="3277" type="copy forward" timems="1.159" contextid="3274" timestamp="2019-07-07T05:37:52.140">
  <memory-copied type="eden" objects="125" bytes="3864" bytesdiscarded="0" />
  <memory-copied type="other" objects="0" bytes="0" bytesdiscarded="0" />
  <memory-cardclean objects="19" bytes="1112" />
  <regions eden="23" other="1" />
  <remembered-set-cleared processed="51769" cleared="32" durationms="0.422" />
  <stringconstants candidates="13324" cleared="0"  />
</gc-op>
<gc-op id="3278" type="classunload" timems="0.004" contextid="3274" timestamp="2019-07-07T05:37:52.140">
  <classunload-info classloadercandidates="53" classloadersunloaded="0" classesunloaded="0" anonymousclassesunloaded="0" quiescems="0.000" setupms="0.003" scanms="0.000" postms="0.000" />
</gc-op>
<gc-end id="3279" type="partial gc" contextid="3274" durationms="2.200" usertimems="4.000" systemtimems="0.000" timestamp="2019-07-07T05:37:52.140" activeThreads="1">
  <mem-info id="3280" free="38797312" total="68157440" percent="56">
    <mem type="eden" free="1044712" total="1048576" percent="99" />
    <remembered-set count="53152" freebytes="2508032" totalbytes="2720640" percent="92" regionsoverflowed="0" regionsstable="5" regionsrebuilding="0"/>
  </mem-info>
</gc-end>
<cycle-end id="3281" type="partial gc" contextid="3274" timestamp="2019-07-07T05:37:52.140" />
  <attribute name="elasticGC enabled" value="1" />
  <attribute name= "numThreadsSpecified" value="1" />
  <attribute name="heapSize specified" value="0" />
  <attribute name="Current GC Util" value="82" />
  <attribute name= "Current Time Running" value="22940" />
  <attribute name ="GC Interval" value="0" />
  <attribute name="ProportionalT" value="31.000000" />
  <attribute name="ProportionalI" value="31.000000" />
  <attribute name="ProportionalH" value="31.000000" />
  <attribute name="Current Error" value="62.000000" />
  <attribute name="IntegralT" value="0.000000" />
  <attribute name="IntegralI" value="0.000000" />
  <attribute name="IntegralH" value="0.000000" />
  <attribute name="DerivativeT" value="inf" />
  <attribute name="DerivativeI" value="inf" />
  <attribute name="DerivativeH" value="inf" />
  <attribute name="Loop Time for DT" value="0.000000" />
  <attribute name="Output H" value="8388608"/>
  <attribute name="Output I" value="200"/>
  <attribute name="Output T" value="1"/>
  <attribute name="Target GC Util Change" value ="20.000000" />
  <attribute name="Current GC Util Change" value="82.000000"/>
  <attribute name="GC Util currently" value="82" />
  <attribute name="CPU Util currently" value="22573550054750" />
<exclusive-end id="3282" timestamp="2019-07-07T05:37:52.140" durationms="3.358" />

<exclusive-start id="3283" timestamp="2019-07-07T05:37:52.152" intervalms="15.385">
  <response-info timems="0.063" idlems="0.063" threads="0" lastid="000000000202A700" lastname="main" />
</exclusive-start>
<allocation-taxation id="3284" taxation-threshold="24117248" timestamp="2019-07-07T05:37:52.153" intervalms="15.374" />
<cycle-start id="3285" type="partial gc" contextid="0" timestamp="2019-07-07T05:37:52.153" intervalms="15.303" />
<gc-start id="3286" type="partial gc" contextid="3285" timestamp="2019-07-07T05:37:52.153">
  <mem-info id="3287" free="14680064" total="68157440" percent="21">
    <mem type="eden" free="1044712" total="25165824" percent="4" />
    <remembered-set count="52672" freebytes="2509952" totalbytes="2720640" percent="92" regionsoverflowed="0" regionsstable="5" regionsrebuilding="0"/>
  </mem-info>
</gc-start>
<allocation-stats totalBytes="24101832" >
  <allocated-bytes non-tlh="0" tlh="24101832" arrayletleaf="0"/>
  <largest-consumer threadName="main" threadId="000000000202A700" bytes="24101832" />
</allocation-stats>
<gc-op id="3288" type="copy forward" timems="1.184" contextid="3285" timestamp="2019-07-07T05:37:52.155">
  <memory-copied type="eden" objects="135" bytes="4352" bytesdiscarded="0" />
  <memory-copied type="other" objects="0" bytes="0" bytesdiscarded="0" />
  <memory-cardclean objects="60" bytes="2288" />
  <regions eden="23" other="1" />
  <remembered-set-cleared processed="51774" cleared="52" durationms="0.417" />
  <stringconstants candidates="13324" cleared="0"  />
</gc-op>
<gc-op id="3289" type="classunload" timems="0.005" contextid="3285" timestamp="2019-07-07T05:37:52.155">
  <classunload-info classloadercandidates="53" classloadersunloaded="0" classesunloaded="0" anonymousclassesunloaded="0" quiescems="0.000" setupms="0.004" scanms="0.000" postms="0.000" />
</gc-op>
<gc-end id="3290" type="partial gc" contextid="3285" durationms="2.087" usertimems="4.000" systemtimems="0.000" timestamp="2019-07-07T05:37:52.155" activeThreads="1">
  <mem-info id="3291" free="38797312" total="68157440" percent="56">
    <mem type="eden" free="1044224" total="1048576" percent="99" />
    <remembered-set count="53120" freebytes="2508160" totalbytes="2720640" percent="92" regionsoverflowed="0" regionsstable="5" regionsrebuilding="0"/>
  </mem-info>
</gc-end>
<cycle-end id="3292" type="partial gc" contextid="3285" timestamp="2019-07-07T05:37:52.155" />
  <attribute name="elasticGC enabled" value="1" />
  <attribute name= "numThreadsSpecified" value="1" />
  <attribute name="heapSize specified" value="0" />
  <attribute name="Current GC Util" value="72" />
  <attribute name= "Current Time Running" value="22955" />
  <attribute name ="GC Interval" value="0" />
  <attribute name="ProportionalT" value="26.000000" />
  <attribute name="ProportionalI" value="26.000000" />
  <attribute name="ProportionalH" value="26.000000" />
  <attribute name="Current Error" value="52.000000" />
  <attribute name="IntegralT" value="0.000000" />
  <attribute name="IntegralI" value="0.000000" />
  <attribute name="IntegralH" value="0.000000" />
  <attribute name="DerivativeT" value="inf" />
  <attribute name="DerivativeI" value="inf" />
  <attribute name="DerivativeH" value="inf" />
  <attribute name="Loop Time for DT" value="0.000000" />
  <attribute name="Output H" value="8388608"/>
  <attribute name="Output I" value="200"/>
  <attribute name="Output T" value="1"/>
  <attribute name="Target GC Util Change" value ="20.000000" />
  <attribute name="Current GC Util Change" value="72.000000"/>
  <attribute name="GC Util currently" value="72" />
  <attribute name="CPU Util currently" value="25272004809666" />
<exclusive-end id="3293" timestamp="2019-07-07T05:37:52.156" durationms="3.176" />

<exclusive-start id="3294" timestamp="2019-07-07T05:37:52.163" intervalms="10.809">
  <response-info timems="0.071" idlems="0.071" threads="0" lastid="000000000202A700" lastname="main" />
</exclusive-start>
<allocation-taxation id="3295" taxation-threshold="24117248" timestamp="2019-07-07T05:37:52.163" intervalms="10.799" />
<cycle-start id="3296" type="partial gc" contextid="0" timestamp="2019-07-07T05:37:52.164" intervalms="10.764" />
<gc-start id="3297" type="partial gc" contextid="3296" timestamp="2019-07-07T05:37:52.164">
  <mem-info id="3298" free="14680064" total="68157440" percent="21">
    <mem type="eden" free="0" total="24117248" percent="0" />
    <remembered-set count="52672" freebytes="2509952" totalbytes="2720640" percent="92" regionsoverflowed="0" regionsstable="5" regionsrebuilding="0"/>
  </mem-info>
</gc-start>
<allocation-stats totalBytes="24104464" >
  <allocated-bytes non-tlh="0" tlh="24104464" arrayletleaf="0"/>
  <largest-consumer threadName="main" threadId="000000000202A700" bytes="24104464" />
</allocation-stats>
<gc-op id="3299" type="copy forward" timems="1.156" contextid="3296" timestamp="2019-07-07T05:37:52.166">
  <memory-copied type="eden" objects="5" bytes="344" bytesdiscarded="0" />
  <memory-copied type="other" objects="130" bytes="4008" bytesdiscarded="0" />
  <memory-cardclean objects="41" bytes="1840" />
  <regions eden="23" other="1" />
  <remembered-set-cleared processed="51772" cleared="50" durationms="0.419" />
  <stringconstants candidates="13324" cleared="0"  />
</gc-op>
<gc-op id="3300" type="classunload" timems="0.004" contextid="3296" timestamp="2019-07-07T05:37:52.166">
  <classunload-info classloadercandidates="53" classloadersunloaded="0" classesunloaded="0" anonymousclassesunloaded="0" quiescems="0.000" setupms="0.003" scanms="0.000" postms="0.000" />
</gc-op>
<gc-end id="3301" type="partial gc" contextid="3296" durationms="2.264" usertimems="4.000" systemtimems="0.000" timestamp="2019-07-07T05:37:52.166" activeThreads="1">
  <mem-info id="3302" free="37748736" total="68157440" percent="55">
    <mem type="eden" free="1048232" total="1048576" percent="99" />
    <remembered-set count="53120" freebytes="2508160" totalbytes="2720640" percent="92" regionsoverflowed="0" regionsstable="5" regionsrebuilding="0"/>
  </mem-info>
</gc-end>
<cycle-end id="3303" type="partial gc" contextid="3296" timestamp="2019-07-07T05:37:52.166" />
  <attribute name="elasticGC enabled" value="1" />
  <attribute name= "numThreadsSpecified" value="1" />
  <attribute name="heapSize specified" value="0" />
  <attribute name="Current GC Util" value="54" />
  <attribute name= "Current Time Running" value="22966" />
  <attribute name ="GC Interval" value="0" />
  <attribute name="ProportionalT" value="17.000000" />
  <attribute name="ProportionalI" value="17.000000" />
  <attribute name="ProportionalH" value="17.000000" />
  <attribute name="Current Error" value="34.000000" />
  <attribute name="IntegralT" value="0.000000" />
  <attribute name="IntegralI" value="0.000000" />
  <attribute name="IntegralH" value="0.000000" />
  <attribute name="DerivativeT" value="inf" />
  <attribute name="DerivativeI" value="inf" />
  <attribute name="DerivativeH" value="inf" />
  <attribute name="Loop Time for DT" value="0.000000" />
  <attribute name="Output H" value="8388608"/>
  <attribute name="Output I" value="200"/>
  <attribute name="Output T" value="1"/>
  <attribute name="Target GC Util Change" value ="20.000000" />
  <attribute name="Current GC Util Change" value="54.000000"/>
  <attribute name="GC Util currently" value="54" />
  <attribute name="CPU Util currently" value="16099669681617" />
<exclusive-end id="3304" timestamp="2019-07-07T05:37:52.167" durationms="3.277" />

<exclusive-start id="3305" timestamp="2019-07-07T05:37:52.174" intervalms="11.011">
  <response-info timems="0.111" idlems="0.111" threads="0" lastid="000000000202A700" lastname="main" />
</exclusive-start>
<allocation-taxation id="3306" taxation-threshold="24117248" timestamp="2019-07-07T05:37:52.174" intervalms="10.995" />
<cycle-start id="3307" type="partial gc" contextid="0" timestamp="2019-07-07T05:37:52.175" intervalms="11.029" />
<gc-start id="3308" type="partial gc" contextid="3307" timestamp="2019-07-07T05:37:52.175">
  <mem-info id="3309" free="13631488" total="68157440" percent="20">
    <mem type="eden" free="1048232" total="25165824" percent="4" />
    <remembered-set count="52704" freebytes="2509824" totalbytes="2720640" percent="92" regionsoverflowed="0" regionsstable="5" regionsrebuilding="0"/>
  </mem-info>
</gc-start>
<allocation-stats totalBytes="24104464" >
  <allocated-bytes non-tlh="0" tlh="24104464" arrayletleaf="0"/>
  <largest-consumer threadName="main" threadId="000000000202A700" bytes="24104464" />
</allocation-stats>
<gc-op id="3310" type="copy forward" timems="1.158" contextid="3307" timestamp="2019-07-07T05:37:52.177">
  <memory-copied type="eden" objects="5" bytes="344" bytesdiscarded="0" />
  <memory-copied type="other" objects="0" bytes="0" bytesdiscarded="0" />
  <memory-cardclean objects="16" bytes="528" />
  <regions eden="23" other="1" />
  <remembered-set-cleared processed="51779" cleared="8" durationms="0.430" />
  <stringconstants candidates="13324" cleared="0"  />
</gc-op>
<gc-op id="3311" type="classunload" timems="0.004" contextid="3307" timestamp="2019-07-07T05:37:52.177">
  <classunload-info classloadercandidates="53" classloadersunloaded="0" classesunloaded="0" anonymousclassesunloaded="0" quiescems="0.000" setupms="0.004" scanms="0.000" postms="0.000" />
</gc-op>
<heap-resize id="3312" type="expand" space="default" amount="8388608" count="1" timems="0.064" reason="excessive time being spent in gc" timestamp="2019-07-07T05:37:52.177" />
<gc-end id="3313" type="partial gc" contextid="3307" durationms="2.279" usertimems="4.000" systemtimems="0.000" timestamp="2019-07-07T05:37:52.177" activeThreads="1">
  <mem-info id="3314" free="46137344" total="76546048" percent="60">
    <mem type="eden" free="1048232" total="1048576" percent="99" />
    <remembered-set count="53184" freebytes="2842752" totalbytes="3055488" percent="93" regionsoverflowed="0" regionsstable="5" regionsrebuilding="0"/>
  </mem-info>
</gc-end>
<cycle-end id="3315" type="partial gc" contextid="3307" timestamp="2019-07-07T05:37:52.177" />
  <attribute name="elasticGC enabled" value="1" />
  <attribute name= "numThreadsSpecified" value="1" />
  <attribute name="heapSize specified" value="0" />
  <attribute name="Current GC Util" value="67" />
  <attribute name= "Current Time Running" value="22977" />
  <attribute name ="GC Interval" value="0" />
  <attribute name="ProportionalT" value="23.500000" />
  <attribute name="ProportionalI" value="23.500000" />
  <attribute name="ProportionalH" value="23.500000" />
  <attribute name="Current Error" value="47.000000" />
  <attribute name="IntegralT" value="0.000000" />
  <attribute name="IntegralI" value="0.000000" />
  <attribute name="IntegralH" value="0.000000" />
  <attribute name="DerivativeT" value="inf" />
  <attribute name="DerivativeI" value="inf" />
  <attribute name="DerivativeH" value="inf" />
  <attribute name="Loop Time for DT" value="0.000000" />
  <attribute name="Output H" value="8388608"/>
  <attribute name="Output I" value="200"/>
  <attribute name="Output T" value="1"/>
  <attribute name="Target GC Util Change" value ="20.000000" />
  <attribute name="Current GC Util Change" value="67.000000"/>
  <attribute name="GC Util currently" value="67" />
  <attribute name="CPU Util currently" value="20637173524103" />
<exclusive-end id="3316" timestamp="2019-07-07T05:37:52.178" durationms="3.286" />

<exclusive-start id="3317" timestamp="2019-07-07T05:37:52.186" intervalms="11.573">
  <response-info timems="0.058" idlems="0.058" threads="0" lastid="000000000202A700" lastname="main" />
</exclusive-start>
<allocation-taxation id="3318" taxation-threshold="26214400" timestamp="2019-07-07T05:37:52.186" intervalms="11.585" />
<cycle-start id="3319" type="partial gc" contextid="0" timestamp="2019-07-07T05:37:52.186" intervalms="11.554" />
<gc-start id="3320" type="partial gc" contextid="3319" timestamp="2019-07-07T05:37:52.186">
  <mem-info id="3321" free="19922944" total="76546048" percent="26">
    <mem type="eden" free="1048232" total="27262976" percent="3" />
    <remembered-set count="52704" freebytes="2844672" totalbytes="3055488" percent="93" regionsoverflowed="0" regionsstable="5" regionsrebuilding="0"/>
  </mem-info>
</gc-start>
<allocation-stats totalBytes="26200512" >
  <allocated-bytes non-tlh="0" tlh="26200512" arrayletleaf="0"/>
  <largest-consumer threadName="main" threadId="000000000202A700" bytes="26200512" />
</allocation-stats>
<gc-op id="3322" type="copy forward" timems="1.130" contextid="3319" timestamp="2019-07-07T05:37:52.188">
  <memory-copied type="eden" objects="6" bytes="176" bytesdiscarded="0" />
  <memory-copied type="other" objects="0" bytes="0" bytesdiscarded="0" />
  <memory-cardclean objects="16" bytes="528" />
  <regions eden="25" other="1" />
  <remembered-set-cleared processed="51779" cleared="8" durationms="0.404" />
  <stringconstants candidates="13324" cleared="0"  />
</gc-op>
<gc-op id="3323" type="classunload" timems="0.003" contextid="3319" timestamp="2019-07-07T05:37:52.188">
  <classunload-info classloadercandidates="53" classloadersunloaded="0" classesunloaded="0" anonymousclassesunloaded="0" quiescems="0.000" setupms="0.003" scanms="0.000" postms="0.000" />
</gc-op>
<gc-end id="3324" type="partial gc" contextid="3319" durationms="2.173" usertimems="0.000" systemtimems="0.000" timestamp="2019-07-07T05:37:52.189" activeThreads="1">
  <mem-info id="3325" free="46137344" total="76546048" percent="60">
    <mem type="eden" free="1048400" total="1048576" percent="99" />
    <remembered-set count="53184" freebytes="2842752" totalbytes="3055488" percent="93" regionsoverflowed="0" regionsstable="5" regionsrebuilding="0"/>
  </mem-info>
</gc-end>
<cycle-end id="3326" type="partial gc" contextid="3319" timestamp="2019-07-07T05:37:52.189" />
  <attribute name="elasticGC enabled" value="1" />
  <attribute name= "numThreadsSpecified" value="1" />
  <attribute name="heapSize specified" value="0" />
  <attribute name="Current GC Util" value="55" />
  <attribute name= "Current Time Running" value="22989" />
  <attribute name ="GC Interval" value="0" />
  <attribute name="ProportionalT" value="17.500000" />
  <attribute name="ProportionalI" value="17.500000" />
  <attribute name="ProportionalH" value="17.500000" />
  <attribute name="Current Error" value="35.000000" />
  <attribute name="IntegralT" value="0.000000" />
  <attribute name="IntegralI" value="0.000000" />
  <attribute name="IntegralH" value="0.000000" />
  <attribute name="DerivativeT" value="inf" />
  <attribute name="DerivativeI" value="inf" />
  <attribute name="DerivativeH" value="inf" />
  <attribute name="Loop Time for DT" value="0.000000" />
  <attribute name="Output H" value="8388608"/>
  <attribute name="Output I" value="200"/>
  <attribute name="Output T" value="1"/>
  <attribute name="Target GC Util Change" value ="20.000000" />
  <attribute name="Current GC Util Change" value="55.000000"/>
  <attribute name="GC Util currently" value="55" />
  <attribute name="CPU Util currently" value="17970314936429" />
<exclusive-end id="3327" timestamp="2019-07-07T05:37:52.189" durationms="3.068" />

<exclusive-start id="3328" timestamp="2019-07-07T05:37:52.197" intervalms="11.331">
  <response-info timems="0.071" idlems="0.071" threads="0" lastid="000000000202A700" lastname="main" />
</exclusive-start>
<allocation-taxation id="3329" taxation-threshold="26214400" timestamp="2019-07-07T05:37:52.197" intervalms="11.328" />
<cycle-start id="3330" type="partial gc" contextid="0" timestamp="2019-07-07T05:37:52.198" intervalms="11.381" />
<gc-start id="3331" type="partial gc" contextid="3330" timestamp="2019-07-07T05:37:52.198">
  <mem-info id="3332" free="19922944" total="76546048" percent="26">
    <mem type="eden" free="1048400" total="27262976" percent="3" />
    <remembered-set count="52704" freebytes="2844672" totalbytes="3055488" percent="93" regionsoverflowed="0" regionsstable="5" regionsrebuilding="0"/>
  </mem-info>
</gc-start>
<allocation-stats totalBytes="26200520" >
  <allocated-bytes non-tlh="0" tlh="26200520" arrayletleaf="0"/>
  <largest-consumer threadName="main" threadId="000000000202A700" bytes="26200520" />
</allocation-stats>
<gc-op id="3333" type="copy forward" timems="1.084" contextid="3330" timestamp="2019-07-07T05:37:52.199">
  <memory-copied type="eden" objects="6" bytes="304" bytesdiscarded="0" />
  <memory-copied type="other" objects="0" bytes="0" bytesdiscarded="0" />
  <memory-cardclean objects="16" bytes="528" />
  <regions eden="25" other="1" />
  <remembered-set-cleared processed="51779" cleared="8" durationms="0.372" />
  <stringconstants candidates="13324" cleared="0"  />
</gc-op>
<gc-op id="3334" type="classunload" timems="0.004" contextid="3330" timestamp="2019-07-07T05:37:52.200">
  <classunload-info classloadercandidates="53" classloadersunloaded="0" classesunloaded="0" anonymousclassesunloaded="0" quiescems="0.000" setupms="0.003" scanms="0.000" postms="0.000" />
</gc-op>
<gc-end id="3335" type="partial gc" contextid="3330" durationms="2.009" usertimems="0.000" systemtimems="4.000" timestamp="2019-07-07T05:37:52.200" activeThreads="1">
  <mem-info id="3336" free="46137344" total="76546048" percent="60">
    <mem type="eden" free="1048272" total="1048576" percent="99" />
    <remembered-set count="53184" freebytes="2842752" totalbytes="3055488" percent="93" regionsoverflowed="0" regionsstable="5" regionsrebuilding="0"/>
  </mem-info>
</gc-end>
<cycle-end id="3337" type="partial gc" contextid="3330" timestamp="2019-07-07T05:37:52.200" />
  <attribute name="elasticGC enabled" value="1" />
  <attribute name= "numThreadsSpecified" value="1" />
  <attribute name="heapSize specified" value="0" />
  <attribute name="Current GC Util" value="68" />
  <attribute name= "Current Time Running" value="23000" />
  <attribute name ="GC Interval" value="0" />
  <attribute name="ProportionalT" value="24.000000" />
  <attribute name="ProportionalI" value="24.000000" />
  <attribute name="ProportionalH" value="24.000000" />
  <attribute name="Current Error" value="48.000000" />
  <attribute name="IntegralT" value="0.000000" />
  <attribute name="IntegralI" value="0.000000" />
  <attribute name="IntegralH" value="0.000000" />
  <attribute name="DerivativeT" value="inf" />
  <attribute name="DerivativeI" value="inf" />
  <attribute name="DerivativeH" value="inf" />
  <attribute name="Loop Time for DT" value="0.000000" />
  <attribute name="Output H" value="8388608"/>
  <attribute name="Output I" value="200"/>
  <attribute name="Output T" value="1"/>
  <attribute name="Target GC Util Change" value ="20.000000" />
  <attribute name="Current GC Util Change" value="68.000000"/>
  <attribute name="GC Util currently" value="68" />
  <attribute name="CPU Util currently" value="22112458914882" />
<exclusive-end id="3338" timestamp="2019-07-07T05:37:52.200" durationms="2.956" />

<exclusive-start id="3339" timestamp="2019-07-07T05:37:52.208" intervalms="11.208">
  <response-info timems="0.071" idlems="0.071" threads="0" lastid="000000000202A700" lastname="main" />
</exclusive-start>
<allocation-taxation id="3340" taxation-threshold="26214400" timestamp="2019-07-07T05:37:52.209" intervalms="11.173" />
<cycle-start id="3341" type="partial gc" contextid="0" timestamp="2019-07-07T05:37:52.209" intervalms="11.160" />
<gc-start id="3342" type="partial gc" contextid="3341" timestamp="2019-07-07T05:37:52.209">
  <mem-info id="3343" free="19922944" total="76546048" percent="26">
    <mem type="eden" free="1048272" total="27262976" percent="3" />
    <remembered-set count="52704" freebytes="2844672" totalbytes="3055488" percent="93" regionsoverflowed="0" regionsstable="5" regionsrebuilding="0"/>
  </mem-info>
</gc-start>
<allocation-stats totalBytes="26199992" >
  <allocated-bytes non-tlh="0" tlh="26199992" arrayletleaf="0"/>
  <largest-consumer threadName="main" threadId="000000000202A700" bytes="26199992" />
</allocation-stats>
<gc-op id="3344" type="copy forward" timems="1.107" contextid="3341" timestamp="2019-07-07T05:37:52.211">
  <memory-copied type="eden" objects="5" bytes="344" bytesdiscarded="0" />
  <memory-copied type="other" objects="0" bytes="0" bytesdiscarded="0" />
  <memory-cardclean objects="16" bytes="528" />
  <regions eden="25" other="1" />
  <remembered-set-cleared processed="51779" cleared="8" durationms="0.380" />
  <stringconstants candidates="13324" cleared="0"  />
</gc-op>
<gc-op id="3345" type="classunload" timems="0.004" contextid="3341" timestamp="2019-07-07T05:37:52.211">
  <classunload-info classloadercandidates="53" classloadersunloaded="0" classesunloaded="0" anonymousclassesunloaded="0" quiescems="0.000" setupms="0.004" scanms="0.000" postms="0.000" />
</gc-op>
<gc-end id="3346" type="partial gc" contextid="3341" durationms="1.966" usertimems="0.000" systemtimems="0.000" timestamp="2019-07-07T05:37:52.211" activeThreads="1">
  <mem-info id="3347" free="46137344" total="76546048" percent="60">
    <mem type="eden" free="1048232" total="1048576" percent="99" />
    <remembered-set count="53184" freebytes="2842752" totalbytes="3055488" percent="93" regionsoverflowed="0" regionsstable="5" regionsrebuilding="0"/>
  </mem-info>
</gc-end>
<cycle-end id="3348" type="partial gc" contextid="3341" timestamp="2019-07-07T05:37:52.211" />
  <attribute name="elasticGC enabled" value="1" />
  <attribute name= "numThreadsSpecified" value="1" />
  <attribute name="heapSize specified" value="0" />
  <attribute name="Current GC Util" value="62" />
  <attribute name= "Current Time Running" value="23011" />
  <attribute name ="GC Interval" value="0" />
  <attribute name="ProportionalT" value="21.000000" />
  <attribute name="ProportionalI" value="21.000000" />
  <attribute name="ProportionalH" value="21.000000" />
  <attribute name="Current Error" value="42.000000" />
  <attribute name="IntegralT" value="0.000000" />
  <attribute name="IntegralI" value="0.000000" />
  <attribute name="IntegralH" value="0.000000" />
  <attribute name="DerivativeT" value="inf" />
  <attribute name="DerivativeI" value="inf" />
  <attribute name="DerivativeH" value="inf" />
  <attribute name="Loop Time for DT" value="0.000000" />
  <attribute name="Output H" value="8388608"/>
  <attribute name="Output I" value="200"/>
  <attribute name="Output T" value="1"/>
  <attribute name="Target GC Util Change" value ="20.000000" />
  <attribute name="Current GC Util Change" value="62.000000"/>
  <attribute name="GC Util currently" value="62" />
  <attribute name="CPU Util currently" value="20378278693271" />
<exclusive-end id="3349" timestamp="2019-07-07T05:37:52.211" durationms="2.865" />

<exclusive-start id="3350" timestamp="2019-07-07T05:37:52.219" intervalms="11.121">
  <response-info timems="0.071" idlems="0.071" threads="0" lastid="000000000202A700" lastname="main" />
</exclusive-start>
<allocation-taxation id="3351" taxation-threshold="26214400" timestamp="2019-07-07T05:37:52.220" intervalms="11.122" />
<cycle-start id="3352" type="partial gc" contextid="0" timestamp="2019-07-07T05:37:52.220" intervalms="11.038" />
<gc-start id="3353" type="partial gc" contextid="3352" timestamp="2019-07-07T05:37:52.220">
  <mem-info id="3354" free="19922944" total="76546048" percent="26">
    <mem type="eden" free="1048232" total="27262976" percent="3" />
    <remembered-set count="52704" freebytes="2844672" totalbytes="3055488" percent="93" regionsoverflowed="0" regionsstable="5" regionsrebuilding="0"/>
  </mem-info>
</gc-start>
<allocation-stats totalBytes="26200512" >
  <allocated-bytes non-tlh="0" tlh="26200512" arrayletleaf="0"/>
  <largest-consumer threadName="main" threadId="000000000202A700" bytes="26200512" />
</allocation-stats>
<gc-op id="3355" type="copy forward" timems="1.070" contextid="3352" timestamp="2019-07-07T05:37:52.222">
  <memory-copied type="eden" objects="6" bytes="176" bytesdiscarded="0" />
  <memory-copied type="other" objects="0" bytes="0" bytesdiscarded="0" />
  <memory-cardclean objects="16" bytes="528" />
  <regions eden="25" other="1" />
  <remembered-set-cleared processed="51779" cleared="8" durationms="0.376" />
  <stringconstants candidates="13324" cleared="0"  />
</gc-op>
<gc-op id="3356" type="classunload" timems="0.004" contextid="3352" timestamp="2019-07-07T05:37:52.222">
  <classunload-info classloadercandidates="53" classloadersunloaded="0" classesunloaded="0" anonymousclassesunloaded="0" quiescems="0.000" setupms="0.004" scanms="0.000" postms="0.000" />
</gc-op>
<gc-end id="3357" type="partial gc" contextid="3352" durationms="2.020" usertimems="4.000" systemtimems="0.000" timestamp="2019-07-07T05:37:52.222" activeThreads="1">
  <mem-info id="3358" free="46137344" total="76546048" percent="60">
    <mem type="eden" free="1048400" total="1048576" percent="99" />
    <remembered-set count="53184" freebytes="2842752" totalbytes="3055488" percent="93" regionsoverflowed="0" regionsstable="5" regionsrebuilding="0"/>
  </mem-info>
</gc-end>
<cycle-end id="3359" type="partial gc" contextid="3352" timestamp="2019-07-07T05:37:52.222" />
  <attribute name="elasticGC enabled" value="1" />
  <attribute name= "numThreadsSpecified" value="1" />
  <attribute name="heapSize specified" value="0" />
  <attribute name="Current GC Util" value="56" />
  <attribute name= "Current Time Running" value="23022" />
  <attribute name ="GC Interval" value="0" />
  <attribute name="ProportionalT" value="18.000000" />
  <attribute name="ProportionalI" value="18.000000" />
  <attribute name="ProportionalH" value="18.000000" />
  <attribute name="Current Error" value="36.000000" />
  <attribute name="IntegralT" value="0.000000" />
  <attribute name="IntegralI" value="0.000000" />
  <attribute name="IntegralH" value="0.000000" />
  <attribute name="DerivativeT" value="inf" />
  <attribute name="DerivativeI" value="inf" />
  <attribute name="DerivativeH" value="inf" />
  <attribute name="Loop Time for DT" value="0.000000" />
  <attribute name="Output H" value="8388608"/>
  <attribute name="Output I" value="200"/>
  <attribute name="Output T" value="1"/>
  <attribute name="Target GC Util Change" value ="20.000000" />
  <attribute name="Current GC Util Change" value="56.000000"/>
  <attribute name="GC Util currently" value="56" />
  <attribute name="CPU Util currently" value="16588559809755" />
<exclusive-end id="3360" timestamp="2019-07-07T05:37:52.222" durationms="2.802" />

<exclusive-start id="3361" timestamp="2019-07-07T05:37:52.231" intervalms="11.075">
  <response-info timems="0.070" idlems="0.070" threads="0" lastid="000000000202A700" lastname="main" />
</exclusive-start>
<allocation-taxation id="3362" taxation-threshold="26214400" timestamp="2019-07-07T05:37:52.231" intervalms="11.110" />
<cycle-start id="3363" type="partial gc" contextid="0" timestamp="2019-07-07T05:37:52.231" intervalms="11.217" />
<gc-start id="3364" type="partial gc" contextid="3363" timestamp="2019-07-07T05:37:52.231">
  <mem-info id="3365" free="19922944" total="76546048" percent="26">
    <mem type="eden" free="1048400" total="27262976" percent="3" />
    <remembered-set count="52704" freebytes="2844672" totalbytes="3055488" percent="93" regionsoverflowed="0" regionsstable="5" regionsrebuilding="0"/>
  </mem-info>
</gc-start>
<allocation-stats totalBytes="26200520" >
  <allocated-bytes non-tlh="0" tlh="26200520" arrayletleaf="0"/>
  <largest-consumer threadName="main" threadId="000000000202A700" bytes="26200520" />
</allocation-stats>
<gc-op id="3366" type="copy forward" timems="1.329" contextid="3363" timestamp="2019-07-07T05:37:52.233">
  <memory-copied type="eden" objects="6" bytes="304" bytesdiscarded="0" />
  <memory-copied type="other" objects="0" bytes="0" bytesdiscarded="0" />
  <memory-cardclean objects="16" bytes="528" />
  <regions eden="25" other="1" />
  <remembered-set-cleared processed="51779" cleared="8" durationms="0.258" />
  <stringconstants candidates="13324" cleared="0"  />
</gc-op>
<gc-op id="3367" type="classunload" timems="0.004" contextid="3363" timestamp="2019-07-07T05:37:52.233">
  <classunload-info classloadercandidates="53" classloadersunloaded="0" classesunloaded="0" anonymousclassesunloaded="0" quiescems="0.000" setupms="0.004" scanms="0.000" postms="0.000" />
</gc-op>
<gc-end id="3368" type="partial gc" contextid="3363" durationms="2.298" usertimems="4.000" systemtimems="0.000" timestamp="2019-07-07T05:37:52.234" activeThreads="4">
  <mem-info id="3369" free="46137344" total="76546048" percent="60">
    <mem type="eden" free="1048272" total="1048576" percent="99" />
    <remembered-set count="53184" freebytes="2842752" totalbytes="3055488" percent="93" regionsoverflowed="0" regionsstable="5" regionsrebuilding="0"/>
  </mem-info>
</gc-end>
<cycle-end id="3370" type="partial gc" contextid="3363" timestamp="2019-07-07T05:37:52.234" />
  <attribute name="elasticGC enabled" value="1" />
  <attribute name= "numThreadsSpecified" value="4" />
  <attribute name="heapSize specified" value="0" />
  <attribute name="Current GC Util" value="79" />
  <attribute name= "Current Time Running" value="23034" />
  <attribute name ="GC Interval" value="0" />
  <attribute name="ProportionalT" value="29.500000" />
  <attribute name="ProportionalI" value="29.500000" />
  <attribute name="ProportionalH" value="29.500000" />
  <attribute name="Current Error" value="59.000000" />
  <attribute name="IntegralT" value="29.500000" />
  <attribute name="IntegralI" value="29.500000" />
  <attribute name="IntegralH" value="29.500000" />
  <attribute name="DerivativeT" value="59.000000" />
  <attribute name="DerivativeI" value="59.000000" />
  <attribute name="DerivativeH" value="59.000000" />
  <attribute name="Loop Time for DT" value="1.000000" />
  <attribute name="Output H" value="8388608"/>
  <attribute name="Output I" value="200"/>
  <attribute name="Output T" value="4"/>
  <attribute name="Target GC Util Change" value ="20.000000" />
  <attribute name="Current GC Util Change" value="79.000000"/>
  <attribute name="GC Util currently" value="79" />
  <attribute name="CPU Util currently" value="18828664557078" />
<exclusive-end id="3371" timestamp="2019-07-07T05:37:52.234" durationms="3.255" />

<exclusive-start id="3372" timestamp="2019-07-07T05:37:52.242" intervalms="11.635">
  <response-info timems="0.072" idlems="0.072" threads="0" lastid="000000000202A700" lastname="main" />
</exclusive-start>
<allocation-taxation id="3373" taxation-threshold="26214400" timestamp="2019-07-07T05:37:52.242" intervalms="11.550" />
<cycle-start id="3374" type="partial gc" contextid="0" timestamp="2019-07-07T05:37:52.242" intervalms="11.486" />
<gc-start id="3375" type="partial gc" contextid="3374" timestamp="2019-07-07T05:37:52.243">
  <mem-info id="3376" free="19922944" total="76546048" percent="26">
    <mem type="eden" free="1048272" total="27262976" percent="3" />
    <remembered-set count="53184" freebytes="2842752" totalbytes="3055488" percent="93" regionsoverflowed="0" regionsstable="5" regionsrebuilding="0"/>
  </mem-info>
</gc-start>
<allocation-stats totalBytes="26199824" >
  <allocated-bytes non-tlh="0" tlh="26199824" arrayletleaf="0"/>
  <largest-consumer threadName="main" threadId="000000000202A700" bytes="26199824" />
</allocation-stats>
<gc-op id="3377" type="copy forward" timems="1.106" contextid="3374" timestamp="2019-07-07T05:37:52.245">
  <memory-copied type="eden" objects="26" bytes="1304" bytesdiscarded="0" />
  <memory-copied type="other" objects="0" bytes="0" bytesdiscarded="0" />
  <memory-cardclean objects="83" bytes="2576" />
  <regions eden="25" other="1" />
  <remembered-set-cleared processed="51779" cleared="27" durationms="0.388" />
  <stringconstants candidates="13324" cleared="0"  />
</gc-op>
<gc-op id="3378" type="classunload" timems="0.003" contextid="3374" timestamp="2019-07-07T05:37:52.245">
  <classunload-info classloadercandidates="53" classloadersunloaded="0" classesunloaded="0" anonymousclassesunloaded="0" quiescems="0.000" setupms="0.003" scanms="0.000" postms="0.000" />
</gc-op>
<gc-end id="3379" type="partial gc" contextid="3374" durationms="2.094" usertimems="0.000" systemtimems="0.000" timestamp="2019-07-07T05:37:52.245" activeThreads="1">
  <mem-info id="3380" free="46137344" total="76546048" percent="60">
    <mem type="eden" free="1047272" total="1048576" percent="99" />
    <remembered-set count="53632" freebytes="2840960" totalbytes="3055488" percent="92" regionsoverflowed="0" regionsstable="5" regionsrebuilding="0"/>
  </mem-info>
</gc-end>
<cycle-end id="3381" type="partial gc" contextid="3374" timestamp="2019-07-07T05:37:52.245" />
  <attribute name="elasticGC enabled" value="1" />
  <attribute name= "numThreadsSpecified" value="1" />
  <attribute name="heapSize specified" value="0" />
  <attribute name="Current GC Util" value="64" />
  <attribute name= "Current Time Running" value="23045" />
  <attribute name ="GC Interval" value="0" />
  <attribute name="ProportionalT" value="22.000000" />
  <attribute name="ProportionalI" value="22.000000" />
  <attribute name="ProportionalH" value="22.000000" />
  <attribute name="Current Error" value="44.000000" />
  <attribute name="IntegralT" value="0.000000" />
  <attribute name="IntegralI" value="0.000000" />
  <attribute name="IntegralH" value="0.000000" />
  <attribute name="DerivativeT" value="inf" />
  <attribute name="DerivativeI" value="inf" />
  <attribute name="DerivativeH" value="inf" />
  <attribute name="Loop Time for DT" value="0.000000" />
  <attribute name="Output H" value="8388608"/>
  <attribute name="Output I" value="200"/>
  <attribute name="Output T" value="1"/>
  <attribute name="Target GC Util Change" value ="20.000000" />
  <attribute name="Current GC Util Change" value="64.000000"/>
  <attribute name="GC Util currently" value="64" />
  <attribute name="CPU Util currently" value="20247739892842" />
<exclusive-end id="3382" timestamp="2019-07-07T05:37:52.245" durationms="2.916" />

<exclusive-start id="3383" timestamp="2019-07-07T05:37:52.254" intervalms="11.614">
  <response-info timems="0.073" idlems="0.073" threads="0" lastid="000000000202A700" lastname="main" />
</exclusive-start>
<allocation-taxation id="3384" taxation-threshold="26214400" timestamp="2019-07-07T05:37:52.254" intervalms="11.697" />
<cycle-start id="3385" type="partial gc" contextid="0" timestamp="2019-07-07T05:37:52.254" intervalms="11.706" />
<gc-start id="3386" type="partial gc" contextid="3385" timestamp="2019-07-07T05:37:52.254">
  <mem-info id="3387" free="19922944" total="76546048" percent="26">
    <mem type="eden" free="0" total="26214400" percent="0" />
    <remembered-set count="53152" freebytes="2842880" totalbytes="3055488" percent="93" regionsoverflowed="0" regionsstable="5" regionsrebuilding="0"/>
  </mem-info>
</gc-start>
<allocation-stats totalBytes="26193144" >
  <allocated-bytes non-tlh="0" tlh="26193144" arrayletleaf="0"/>
  <largest-consumer threadName="main" threadId="000000000202A700" bytes="26193144" />
</allocation-stats>
<gc-op id="3388" type="copy forward" timems="1.424" contextid="3385" timestamp="2019-07-07T05:37:52.256">
  <memory-copied type="eden" objects="6" bytes="384" bytesdiscarded="0" />
  <memory-copied type="other" objects="22" bytes="944" bytesdiscarded="1376" />
  <memory-cardclean objects="59" bytes="2176" />
  <regions eden="25" other="1" />
  <remembered-set-cleared processed="51785" cleared="33" durationms="0.261" />
  <stringconstants candidates="13324" cleared="0"  />
</gc-op>
<gc-op id="3389" type="classunload" timems="0.004" contextid="3385" timestamp="2019-07-07T05:37:52.257">
  <classunload-info classloadercandidates="53" classloadersunloaded="0" classesunloaded="0" anonymousclassesunloaded="0" quiescems="0.000" setupms="0.004" scanms="0.000" postms="0.000" />
</gc-op>
<heap-resize id="3390" type="expand" space="default" amount="2097152" count="1" timems="0.050" reason="excessive time being spent in gc" timestamp="2019-07-07T05:37:52.257" />
<gc-end id="3391" type="partial gc" contextid="3385" durationms="2.451" usertimems="4.000" systemtimems="0.000" timestamp="2019-07-07T05:37:52.257" activeThreads="4">
  <mem-info id="3392" free="47185920" total="78643200" percent="60">
    <mem type="eden" free="1048192" total="1048576" percent="99" />
    <remembered-set count="54208" freebytes="2922368" totalbytes="3139200" percent="93" regionsoverflowed="0" regionsstable="5" regionsrebuilding="0"/>
  </mem-info>
</gc-end>
<cycle-end id="3393" type="partial gc" contextid="3385" timestamp="2019-07-07T05:37:52.257" />
  <attribute name="elasticGC enabled" value="1" />
  <attribute name= "numThreadsSpecified" value="4" />
  <attribute name="heapSize specified" value="0" />
  <attribute name="Current GC Util" value="58" />
  <attribute name= "Current Time Running" value="23057" />
  <attribute name ="GC Interval" value="0" />
  <attribute name="ProportionalT" value="19.000000" />
  <attribute name="ProportionalI" value="19.000000" />
  <attribute name="ProportionalH" value="19.000000" />
  <attribute name="Current Error" value="38.000000" />
  <attribute name="IntegralT" value="19.000000" />
  <attribute name="IntegralI" value="19.000000" />
  <attribute name="IntegralH" value="19.000000" />
  <attribute name="DerivativeT" value="38.000000" />
  <attribute name="DerivativeI" value="38.000000" />
  <attribute name="DerivativeH" value="38.000000" />
  <attribute name="Loop Time for DT" value="1.000000" />
  <attribute name="Output H" value="8388608"/>
  <attribute name="Output I" value="200"/>
  <attribute name="Output T" value="4"/>
  <attribute name="Target GC Util Change" value ="20.000000" />
  <attribute name="Current GC Util Change" value="58.000000"/>
  <attribute name="GC Util currently" value="58" />
  <attribute name="CPU Util currently" value="19254026758587" />
<exclusive-end id="3394" timestamp="2019-07-07T05:37:52.257" durationms="3.336" />

<exclusive-start id="3395" timestamp="2019-07-07T05:37:52.266" intervalms="11.996">
  <response-info timems="0.069" idlems="0.069" threads="0" lastid="000000000202A700" lastname="main" />
</exclusive-start>
<allocation-taxation id="3396" taxation-threshold="26214400" timestamp="2019-07-07T05:37:52.266" intervalms="11.980" />
<cycle-start id="3397" type="partial gc" contextid="0" timestamp="2019-07-07T05:37:52.266" intervalms="11.984" />
<gc-start id="3398" type="partial gc" contextid="3397" timestamp="2019-07-07T05:37:52.266">
  <mem-info id="3399" free="20971520" total="78643200" percent="26">
    <mem type="eden" free="1048192" total="27262976" percent="3" />
    <remembered-set count="1344" freebytes="3133824" totalbytes="3139200" percent="99" regionsoverflowed="0" regionsstable="18" regionsrebuilding="0"/>
  </mem-info>
</gc-start>
<allocation-stats totalBytes="26190000" >
  <allocated-bytes non-tlh="0" tlh="26190000" arrayletleaf="0"/>
  <largest-consumer threadName="main" threadId="000000000202A700" bytes="26190000" />
</allocation-stats>
<gc-op id="3400" type="copy forward" timems="0.781" contextid="3397" timestamp="2019-07-07T05:37:52.268">
  <memory-copied type="eden" objects="6" bytes="384" bytesdiscarded="0" />
  <memory-copied type="other" objects="0" bytes="0" bytesdiscarded="0" />
  <memory-cardclean objects="13" bytes="456" />
  <regions eden="25" other="1" />
  <remembered-set-cleared processed="75" cleared="0" durationms="0.098" />
  <stringconstants candidates="13324" cleared="0"  />
</gc-op>
<gc-op id="3401" type="classunload" timems="0.004" contextid="3397" timestamp="2019-07-07T05:37:52.268">
  <classunload-info classloadercandidates="53" classloadersunloaded="0" classesunloaded="0" anonymousclassesunloaded="0" quiescems="0.000" setupms="0.004" scanms="0.000" postms="0.000" />
</gc-op>
<gc-end id="3402" type="partial gc" contextid="3397" durationms="1.745" usertimems="0.000" systemtimems="0.000" timestamp="2019-07-07T05:37:52.268" activeThreads="1">
  <mem-info id="3403" free="47185920" total="78643200" percent="60">
    <mem type="eden" free="1048192" total="1048576" percent="99" />
    <remembered-set count="1824" freebytes="3131904" totalbytes="3139200" percent="99" regionsoverflowed="0" regionsstable="18" regionsrebuilding="0"/>
  </mem-info>
</gc-end>
<cycle-end id="3404" type="partial gc" contextid="3397" timestamp="2019-07-07T05:37:52.268" />
  <attribute name="elasticGC enabled" value="1" />
  <attribute name= "numThreadsSpecified" value="1" />
  <attribute name="heapSize specified" value="0" />
  <attribute name="Current GC Util" value="47" />
  <attribute name= "Current Time Running" value="23069" />
  <attribute name ="GC Interval" value="0" />
  <attribute name="ProportionalT" value="13.500000" />
  <attribute name="ProportionalI" value="13.500000" />
  <attribute name="ProportionalH" value="13.500000" />
  <attribute name="Current Error" value="27.000000" />
  <attribute name="IntegralT" value="0.000000" />
  <attribute name="IntegralI" value="0.000000" />
  <attribute name="IntegralH" value="0.000000" />
  <attribute name="DerivativeT" value="inf" />
  <attribute name="DerivativeI" value="inf" />
  <attribute name="DerivativeH" value="inf" />
  <attribute name="Loop Time for DT" value="0.000000" />
  <attribute name="Output H" value="8388608"/>
  <attribute name="Output I" value="200"/>
  <attribute name="Output T" value="1"/>
  <attribute name="Target GC Util Change" value ="20.000000" />
  <attribute name="Current GC Util Change" value="47.000000"/>
  <attribute name="GC Util currently" value="47" />
  <attribute name="CPU Util currently" value="19438168258125" />
<exclusive-end id="3405" timestamp="2019-07-07T05:37:52.268" durationms="2.568" />

<exclusive-start id="3406" timestamp="2019-07-07T05:37:52.277" intervalms="11.247">
  <response-info timems="0.072" idlems="0.072" threads="0" lastid="000000000202A700" lastname="main" />
</exclusive-start>
<allocation-taxation id="3407" taxation-threshold="26214400" timestamp="2019-07-07T05:37:52.277" intervalms="11.263" />
<cycle-start id="3408" type="partial gc" contextid="0" timestamp="2019-07-07T05:37:52.277" intervalms="11.284" />
<gc-start id="3409" type="partial gc" contextid="3408" timestamp="2019-07-07T05:37:52.278">
  <mem-info id="3410" free="20971520" total="78643200" percent="26">
    <mem type="eden" free="1048192" total="27262976" percent="3" />
    <remembered-set count="1344" freebytes="3133824" totalbytes="3139200" percent="99" regionsoverflowed="0" regionsstable="18" regionsrebuilding="0"/>
  </mem-info>
</gc-start>
<allocation-stats totalBytes="26190000" >
  <allocated-bytes non-tlh="0" tlh="26190000" arrayletleaf="0"/>
  <largest-consumer threadName="main" threadId="000000000202A700" bytes="26190000" />
</allocation-stats>
<gc-op id="3411" type="copy forward" timems="0.801" contextid="3408" timestamp="2019-07-07T05:37:52.279">
  <memory-copied type="eden" objects="6" bytes="384" bytesdiscarded="0" />
  <memory-copied type="other" objects="0" bytes="0" bytesdiscarded="0" />
  <memory-cardclean objects="13" bytes="456" />
  <regions eden="25" other="1" />
  <remembered-set-cleared processed="75" cleared="0" durationms="0.134" />
  <stringconstants candidates="13324" cleared="0"  />
</gc-op>
<gc-op id="3412" type="classunload" timems="0.003" contextid="3408" timestamp="2019-07-07T05:37:52.279">
  <classunload-info classloadercandidates="53" classloadersunloaded="0" classesunloaded="0" anonymousclassesunloaded="0" quiescems="0.000" setupms="0.003" scanms="0.000" postms="0.000" />
</gc-op>
<gc-end id="3413" type="partial gc" contextid="3408" durationms="1.637" usertimems="4.000" systemtimems="0.000" timestamp="2019-07-07T05:37:52.279" activeThreads="1">
  <mem-info id="3414" free="47185920" total="78643200" percent="60">
    <mem type="eden" free="1048192" total="1048576" percent="99" />
    <remembered-set count="1824" freebytes="3131904" totalbytes="3139200" percent="99" regionsoverflowed="0" regionsstable="18" regionsrebuilding="0"/>
  </mem-info>
</gc-end>
<cycle-end id="3415" type="partial gc" contextid="3408" timestamp="2019-07-07T05:37:52.279" />
  <attribute name="elasticGC enabled" value="1" />
  <attribute name= "numThreadsSpecified" value="1" />
  <attribute name="heapSize specified" value="0" />
  <attribute name="Current GC Util" value="67" />
  <attribute name= "Current Time Running" value="23080" />
  <attribute name ="GC Interval" value="0" />
  <attribute name="ProportionalT" value="23.500000" />
  <attribute name="ProportionalI" value="23.500000" />
  <attribute name="ProportionalH" value="23.500000" />
  <attribute name="Current Error" value="47.000000" />
  <attribute name="IntegralT" value="0.000000" />
  <attribute name="IntegralI" value="0.000000" />
  <attribute name="IntegralH" value="0.000000" />
  <attribute name="DerivativeT" value="inf" />
  <attribute name="DerivativeI" value="inf" />
  <attribute name="DerivativeH" value="inf" />
  <attribute name="Loop Time for DT" value="0.000000" />
  <attribute name="Output H" value="8388608"/>
  <attribute name="Output I" value="200"/>
  <attribute name="Output T" value="1"/>
  <attribute name="Target GC Util Change" value ="20.000000" />
  <attribute name="Current GC Util Change" value="67.000000"/>
  <attribute name="GC Util currently" value="67" />
  <attribute name="CPU Util currently" value="22232385617528" />
<exclusive-end id="3416" timestamp="2019-07-07T05:37:52.280" durationms="2.562" />

<exclusive-start id="3417" timestamp="2019-07-07T05:37:52.298" intervalms="21.198">
  <response-info timems="0.069" idlems="0.069" threads="0" lastid="000000000202A700" lastname="main" />
</exclusive-start>
<allocation-taxation id="3418" taxation-threshold="26214400" timestamp="2019-07-07T05:37:52.298" intervalms="21.114" />
<cycle-start id="3419" type="partial gc" contextid="0" timestamp="2019-07-07T05:37:52.299" intervalms="21.171" />
<gc-start id="3420" type="partial gc" contextid="3419" timestamp="2019-07-07T05:37:52.299">
  <mem-info id="3421" free="20971520" total="78643200" percent="26">
    <mem type="eden" free="1048192" total="27262976" percent="3" />
    <remembered-set count="1344" freebytes="3133824" totalbytes="3139200" percent="99" regionsoverflowed="0" regionsstable="18" regionsrebuilding="0"/>
  </mem-info>
</gc-start>
<allocation-stats totalBytes="26199144" >
  <allocated-bytes non-tlh="0" tlh="26199144" arrayletleaf="0"/>
  <largest-consumer threadName="main" threadId="000000000202A700" bytes="26199144" />
</allocation-stats>
<gc-op id="3422" type="copy forward" timems="0.790" contextid="3419" timestamp="2019-07-07T05:37:52.300">
  <memory-copied type="eden" objects="43" bytes="1904" bytesdiscarded="0" />
  <memory-copied type="other" objects="0" bytes="0" bytesdiscarded="0" />
  <memory-cardclean objects="80" bytes="2504" />
  <regions eden="25" other="1" />
  <remembered-set-cleared processed="75" cleared="9" durationms="0.100" />
  <stringconstants candidates="13324" cleared="0"  />
</gc-op>
<gc-op id="3423" type="classunload" timems="0.003" contextid="3419" timestamp="2019-07-07T05:37:52.300">
  <classunload-info classloadercandidates="53" classloadersunloaded="0" classesunloaded="0" anonymousclassesunloaded="0" quiescems="0.000" setupms="0.003" scanms="0.000" postms="0.000" />
</gc-op>
<gc-end id="3424" type="partial gc" contextid="3419" durationms="1.724" usertimems="0.000" systemtimems="0.000" timestamp="2019-07-07T05:37:52.301" activeThreads="1">
  <mem-info id="3425" free="47185920" total="78643200" percent="60">
    <mem type="eden" free="1046672" total="1048576" percent="99" />
    <remembered-set count="1632" freebytes="3132672" totalbytes="3139200" percent="99" regionsoverflowed="0" regionsstable="18" regionsrebuilding="0"/>
  </mem-info>
</gc-end>
<cycle-end id="3426" type="partial gc" contextid="3419" timestamp="2019-07-07T05:37:52.301" />
  <attribute name="elasticGC enabled" value="1" />
  <attribute name= "numThreadsSpecified" value="1" />
  <attribute name="heapSize specified" value="0" />
  <attribute name="Current GC Util" value="77" />
  <attribute name= "Current Time Running" value="23101" />
  <attribute name ="GC Interval" value="0" />
  <attribute name="ProportionalT" value="28.500000" />
  <attribute name="ProportionalI" value="28.500000" />
  <attribute name="ProportionalH" value="28.500000" />
  <attribute name="Current Error" value="57.000000" />
  <attribute name="IntegralT" value="0.000000" />
  <attribute name="IntegralI" value="0.000000" />
  <attribute name="IntegralH" value="0.000000" />
  <attribute name="DerivativeT" value="inf" />
  <attribute name="DerivativeI" value="inf" />
  <attribute name="DerivativeH" value="inf" />
  <attribute name="Loop Time for DT" value="0.000000" />
  <attribute name="Output H" value="8388608"/>
  <attribute name="Output I" value="200"/>
  <attribute name="Output T" value="1"/>
  <attribute name="Target GC Util Change" value ="20.000000" />
  <attribute name="Current GC Util Change" value="77.000000"/>
  <attribute name="GC Util currently" value="77" />
  <attribute name="CPU Util currently" value="20043401269036" />
<exclusive-end id="3427" timestamp="2019-07-07T05:37:52.301" durationms="2.622" />

<exclusive-start id="3428" timestamp="2019-07-07T05:37:52.329" intervalms="30.608">
  <response-info timems="0.069" idlems="0.069" threads="0" lastid="000000000202A700" lastname="main" />
</exclusive-start>
<allocation-taxation id="3429" taxation-threshold="26214400" timestamp="2019-07-07T05:37:52.329" intervalms="30.654" />
<cycle-start id="3430" type="partial gc" contextid="0" timestamp="2019-07-07T05:37:52.329" intervalms="30.600" />
<gc-start id="3431" type="partial gc" contextid="3430" timestamp="2019-07-07T05:37:52.329">
  <mem-info id="3432" free="20971520" total="78643200" percent="26">
    <mem type="eden" free="0" total="26214400" percent="0" />
    <remembered-set count="1184" freebytes="3134464" totalbytes="3139200" percent="99" regionsoverflowed="0" regionsstable="18" regionsrebuilding="0"/>
  </mem-info>
</gc-start>
<allocation-stats totalBytes="26208648" >
  <allocated-bytes non-tlh="0" tlh="26208648" arrayletleaf="0"/>
  <largest-consumer threadName="main" threadId="000000000202A700" bytes="26208648" />
</allocation-stats>
<gc-op id="3433" type="copy forward" timems="0.791" contextid="3430" timestamp="2019-07-07T05:37:52.331">
  <memory-copied type="eden" objects="28" bytes="1328" bytesdiscarded="0" />
  <memory-copied type="other" objects="22" bytes="968" bytesdiscarded="0" />
  <memory-cardclean objects="55" bytes="2088" />
  <regions eden="25" other="1" />
  <remembered-set-cleared processed="73" cleared="7" durationms="0.099" />
  <stringconstants candidates="13324" cleared="0"  />
</gc-op>
<gc-op id="3434" type="classunload" timems="0.003" contextid="3430" timestamp="2019-07-07T05:37:52.331">
  <classunload-info classloadercandidates="53" classloadersunloaded="0" classesunloaded="0" anonymousclassesunloaded="0" quiescems="0.000" setupms="0.003" scanms="0.000" postms="0.000" />
</gc-op>
<gc-end id="3435" type="partial gc" contextid="3430" durationms="1.732" usertimems="0.000" systemtimems="0.000" timestamp="2019-07-07T05:37:52.331" activeThreads="1">
  <mem-info id="3436" free="46137344" total="78643200" percent="58">
    <mem type="eden" free="1047248" total="1048576" percent="99" />
    <remembered-set count="1632" freebytes="3132672" totalbytes="3139200" percent="99" regionsoverflowed="0" regionsstable="18" regionsrebuilding="0"/>
  </mem-info>
</gc-end>
<cycle-end id="3437" type="partial gc" contextid="3430" timestamp="2019-07-07T05:37:52.331" />
  <attribute name="elasticGC enabled" value="1" />
  <attribute name= "numThreadsSpecified" value="1" />
  <attribute name="heapSize specified" value="0" />
  <attribute name="Current GC Util" value="80" />
  <attribute name= "Current Time Running" value="23132" />
  <attribute name ="GC Interval" value="0" />
  <attribute name="ProportionalT" value="30.000000" />
  <attribute name="ProportionalI" value="30.000000" />
  <attribute name="ProportionalH" value="30.000000" />
  <attribute name="Current Error" value="60.000000" />
  <attribute name="IntegralT" value="0.000000" />
  <attribute name="IntegralI" value="0.000000" />
  <attribute name="IntegralH" value="0.000000" />
  <attribute name="DerivativeT" value="inf" />
  <attribute name="DerivativeI" value="inf" />
  <attribute name="DerivativeH" value="inf" />
  <attribute name="Loop Time for DT" value="0.000000" />
  <attribute name="Output H" value="8388608"/>
  <attribute name="Output I" value="200"/>
  <attribute name="Output T" value="1"/>
  <attribute name="Target GC Util Change" value ="20.000000" />
  <attribute name="Current GC Util Change" value="80.000000"/>
  <attribute name="GC Util currently" value="80" />
  <attribute name="CPU Util currently" value="20090202880182" />
<exclusive-end id="3438" timestamp="2019-07-07T05:37:52.331" durationms="2.620" />

<exclusive-start id="3439" timestamp="2019-07-07T05:37:52.360" intervalms="30.936">
  <response-info timems="0.069" idlems="0.069" threads="0" lastid="000000000202A700" lastname="main" />
</exclusive-start>
<allocation-taxation id="3440" taxation-threshold="26214400" timestamp="2019-07-07T05:37:52.360" intervalms="30.980" />
<cycle-start id="3441" type="partial gc" contextid="0" timestamp="2019-07-07T05:37:52.360" intervalms="30.979" />
<gc-start id="3442" type="partial gc" contextid="3441" timestamp="2019-07-07T05:37:52.360">
  <mem-info id="3443" free="19922944" total="78643200" percent="25">
    <mem type="eden" free="1047248" total="27262976" percent="3" />
    <remembered-set count="1216" freebytes="3134336" totalbytes="3139200" percent="99" regionsoverflowed="0" regionsstable="18" regionsrebuilding="0"/>
  </mem-info>
</gc-start>
<allocation-stats totalBytes="26208872" >
  <allocated-bytes non-tlh="0" tlh="26208872" arrayletleaf="0"/>
  <largest-consumer threadName="main" threadId="000000000202A700" bytes="26208872" />
</allocation-stats>
<gc-op id="3444" type="copy forward" timems="0.761" contextid="3441" timestamp="2019-07-07T05:37:52.362">
  <memory-copied type="eden" objects="14" bytes="584" bytesdiscarded="0" />
  <memory-copied type="other" objects="0" bytes="0" bytesdiscarded="0" />
  <memory-cardclean objects="14" bytes="512" />
  <regions eden="25" other="1" />
  <remembered-set-cleared processed="78" cleared="0" durationms="0.100" />
  <stringconstants candidates="13324" cleared="0"  />
</gc-op>
<gc-op id="3445" type="classunload" timems="0.004" contextid="3441" timestamp="2019-07-07T05:37:52.362">
  <classunload-info classloadercandidates="53" classloadersunloaded="0" classesunloaded="0" anonymousclassesunloaded="0" quiescems="0.000" setupms="0.004" scanms="0.000" postms="0.000" />
</gc-op>
<gc-end id="3446" type="partial gc" contextid="3441" durationms="1.645" usertimems="0.000" systemtimems="0.000" timestamp="2019-07-07T05:37:52.362" activeThreads="1">
  <mem-info id="3447" free="46137344" total="78643200" percent="58">
    <mem type="eden" free="1047992" total="1048576" percent="99" />
    <remembered-set count="1696" freebytes="3132416" totalbytes="3139200" percent="99" regionsoverflowed="0" regionsstable="18" regionsrebuilding="0"/>
  </mem-info>
</gc-end>
<cycle-end id="3448" type="partial gc" contextid="3441" timestamp="2019-07-07T05:37:52.362" />
  <attribute name="elasticGC enabled" value="1" />
  <attribute name= "numThreadsSpecified" value="1" />
  <attribute name="heapSize specified" value="0" />
  <attribute name="Current GC Util" value="68" />
  <attribute name= "Current Time Running" value="23163" />
  <attribute name ="GC Interval" value="0" />
  <attribute name="ProportionalT" value="24.000000" />
  <attribute name="ProportionalI" value="24.000000" />
  <attribute name="ProportionalH" value="24.000000" />
  <attribute name="Current Error" value="48.000000" />
  <attribute name="IntegralT" value="0.000000" />
  <attribute name="IntegralI" value="0.000000" />
  <attribute name="IntegralH" value="0.000000" />
  <attribute name="DerivativeT" value="inf" />
  <attribute name="DerivativeI" value="inf" />
  <attribute name="DerivativeH" value="inf" />
  <attribute name="Loop Time for DT" value="0.000000" />
  <attribute name="Output H" value="8388608"/>
  <attribute name="Output I" value="200"/>
  <attribute name="Output T" value="1"/>
  <attribute name="Target GC Util Change" value ="20.000000" />
  <attribute name="Current GC Util Change" value="68.000000"/>
  <attribute name="GC Util currently" value="68" />
  <attribute name="CPU Util currently" value="21335779099971" />
<exclusive-end id="3449" timestamp="2019-07-07T05:37:52.362" durationms="2.563" />

<exclusive-start id="3450" timestamp="2019-07-07T05:37:52.542" intervalms="182.599">
  <response-info timems="0.048" idlems="0.048" threads="0" lastid="000000000202A700" lastname="main" />
</exclusive-start>
<allocation-taxation id="3451" taxation-threshold="26214400" timestamp="2019-07-07T05:37:52.543" intervalms="182.644" />
<cycle-start id="3452" type="partial gc" contextid="0" timestamp="2019-07-07T05:37:52.543" intervalms="182.674" />
<gc-start id="3453" type="partial gc" contextid="3452" timestamp="2019-07-07T05:37:52.543">
  <mem-info id="3454" free="19922944" total="78643200" percent="25">
    <mem type="eden" free="1047992" total="27262976" percent="3" />
    <remembered-set count="1216" freebytes="3134336" totalbytes="3139200" percent="99" regionsoverflowed="0" regionsstable="18" regionsrebuilding="0"/>
  </mem-info>
</gc-start>
<allocation-stats totalBytes="25839584" >
  <allocated-bytes non-tlh="0" tlh="25839584" arrayletleaf="0"/>
  <largest-consumer threadName="main" threadId="000000000202A700" bytes="25839584" />
</allocation-stats>
<gc-op id="3455" type="copy forward" timems="1.353" contextid="3452" timestamp="2019-07-07T05:37:52.545">
  <memory-copied type="eden" objects="98" bytes="41160" bytesdiscarded="2776" />
  <memory-copied type="other" objects="0" bytes="0" bytesdiscarded="0" />
  <memory-cardclean objects="125" bytes="3624" />
  <regions eden="25" other="1" />
  <remembered-set-cleared processed="78" cleared="11" durationms="0.099" />
  <stringconstants candidates="13324" cleared="0"  />
</gc-op>
<gc-op id="3456" type="classunload" timems="0.004" contextid="3452" timestamp="2019-07-07T05:37:52.545">
  <classunload-info classloadercandidates="53" classloadersunloaded="0" classesunloaded="0" anonymousclassesunloaded="0" quiescems="0.000" setupms="0.004" scanms="0.000" postms="0.000" />
</gc-op>
<heap-resize id="3457" type="contract" space="default" amount="4194304" count="1" timems="0.051" reason="insufficient time being spent in gc" timestamp="2019-07-07T05:37:52.546" />
<gc-end id="3458" type="partial gc" contextid="3452" durationms="2.591" usertimems="0.000" systemtimems="0.000" timestamp="2019-07-07T05:37:52.546" activeThreads="4">
  <mem-info id="3459" free="41943040" total="74448896" percent="56">
    <mem type="eden" free="1004640" total="1048576" percent="95" />
    <remembered-set count="2464" freebytes="3129344" totalbytes="3139200" percent="99" regionsoverflowed="0" regionsstable="18" regionsrebuilding="0"/>
  </mem-info>
</gc-end>
<cycle-end id="3460" type="partial gc" contextid="3452" timestamp="2019-07-07T05:37:52.546" />
  <attribute name="elasticGC enabled" value="1" />
  <attribute name= "numThreadsSpecified" value="4" />
  <attribute name="heapSize specified" value="0" />
  <attribute name="Current GC Util" value="63" />
  <attribute name= "Current Time Running" value="23346" />
  <attribute name ="GC Interval" value="0" />
  <attribute name="ProportionalT" value="21.500000" />
  <attribute name="ProportionalI" value="21.500000" />
  <attribute name="ProportionalH" value="21.500000" />
  <attribute name="Current Error" value="43.000000" />
  <attribute name="IntegralT" value="21.500000" />
  <attribute name="IntegralI" value="21.500000" />
  <attribute name="IntegralH" value="21.500000" />
  <attribute name="DerivativeT" value="43.000000" />
  <attribute name="DerivativeI" value="43.000000" />
  <attribute name="DerivativeH" value="43.000000" />
  <attribute name="Loop Time for DT" value="1.000000" />
  <attribute name="Output H" value="8388608"/>
  <attribute name="Output I" value="200"/>
  <attribute name="Output T" value="4"/>
  <attribute name="Target GC Util Change" value ="20.000000" />
  <attribute name="Current GC Util Change" value="63.000000"/>
  <attribute name="GC Util currently" value="63" />
  <attribute name="CPU Util currently" value="14573696607742" />
<exclusive-end id="3461" timestamp="2019-07-07T05:37:52.546" durationms="3.734" />

<exclusive-start id="3462" timestamp="2019-07-07T05:37:52.552" intervalms="9.139">
  <response-info timems="0.062" idlems="0.062" threads="0" lastid="000000000202A700" lastname="main" />
</exclusive-start>
<allocation-taxation id="3463" taxation-threshold="25165824" timestamp="2019-07-07T05:37:52.552" intervalms="9.133" />
<cycle-start id="3464" type="partial gc" contextid="0" timestamp="2019-07-07T05:37:52.552" intervalms="9.137" />
<gc-start id="3465" type="partial gc" contextid="3464" timestamp="2019-07-07T05:37:52.552">
  <mem-info id="3466" free="16777216" total="74448896" percent="22">
    <mem type="eden" free="0" total="25165824" percent="0" />
    <remembered-set count="1984" freebytes="3131264" totalbytes="3139200" percent="99" regionsoverflowed="0" regionsstable="18" regionsrebuilding="0"/>
  </mem-info>
</gc-start>
<allocation-stats totalBytes="23564936" >
  <allocated-bytes non-tlh="0" tlh="23564936" arrayletleaf="0"/>
  <largest-consumer threadName="main" threadId="000000000202A700" bytes="23564936" />
</allocation-stats>
<gc-op id="3467" type="copy forward" timems="1.732" contextid="3464" timestamp="2019-07-07T05:37:52.555">
  <memory-copied type="eden" objects="12" bytes="22384" bytesdiscarded="2112" />
  <memory-copied type="other" objects="86" bytes="3408" bytesdiscarded="864" />
  <memory-cardclean objects="105" bytes="3536" />
  <regions eden="24" other="1" />
  <remembered-set-cleared processed="75" cleared="9" durationms="0.092" />
  <stringconstants candidates="13324" cleared="0"  />
</gc-op>
<gc-op id="3468" type="classunload" timems="0.004" contextid="3464" timestamp="2019-07-07T05:37:52.555">
  <classunload-info classloadercandidates="53" classloadersunloaded="0" classesunloaded="0" anonymousclassesunloaded="0" quiescems="0.000" setupms="0.004" scanms="0.000" postms="0.000" />
</gc-op>
<heap-resize id="3469" type="contract" space="default" amount="4194304" count="1" timems="0.049" reason="insufficient time being spent in gc" timestamp="2019-07-07T05:37:52.555" />
<gc-end id="3470" type="partial gc" contextid="3464" durationms="3.160" usertimems="4.000" systemtimems="0.000" timestamp="2019-07-07T05:37:52.556" activeThreads="4">
  <mem-info id="3471" free="36700160" total="70254592" percent="52">
    <mem type="eden" free="1024080" total="1048576" percent="97" />
    <remembered-set count="2432" freebytes="2962048" totalbytes="2971776" percent="99" regionsoverflowed="0" regionsstable="18" regionsrebuilding="0"/>
  </mem-info>
</gc-end>
<cycle-end id="3472" type="partial gc" contextid="3464" timestamp="2019-07-07T05:37:52.556" />
  <attribute name="elasticGC enabled" value="1" />
  <attribute name= "numThreadsSpecified" value="4" />
  <attribute name="heapSize specified" value="0" />
  <attribute name="Current GC Util" value="40" />
  <attribute name= "Current Time Running" value="23355" />
  <attribute name ="GC Interval" value="0" />
  <attribute name="ProportionalT" value="10.000000" />
  <attribute name="ProportionalI" value="10.000000" />
  <attribute name="ProportionalH" value="10.000000" />
  <attribute name="Current Error" value="20.000000" />
  <attribute name="IntegralT" value="0.000000" />
  <attribute name="IntegralI" value="0.000000" />
  <attribute name="IntegralH" value="0.000000" />
  <attribute name="DerivativeT" value="-inf" />
  <attribute name="DerivativeI" value="-inf" />
  <attribute name="DerivativeH" value="-inf" />
  <attribute name="Loop Time for DT" value="0.000000" />
  <attribute name="Output H" value="2091843584"/>
  <attribute name="Output I" value="200"/>
  <attribute name="Output T" value="4"/>
  <attribute name="Target GC Util Change" value ="20.000000" />
  <attribute name="Current GC Util Change" value="40.000000"/>
  <attribute name="GC Util currently" value="40" />
  <attribute name="CPU Util currently" value="9162186877551" />
<exclusive-end id="3473" timestamp="2019-07-07T05:37:52.556" durationms="4.380" />

<exclusive-start id="3474" timestamp="2019-07-07T05:37:52.561" intervalms="9.619">
  <response-info timems="0.070" idlems="0.070" threads="0" lastid="000000000202A700" lastname="main" />
</exclusive-start>
<allocation-taxation id="3475" taxation-threshold="24117248" timestamp="2019-07-07T05:37:52.561" intervalms="9.574" />
<cycle-start id="3476" type="partial gc" contextid="0" timestamp="2019-07-07T05:37:52.562" intervalms="9.489" />
<gc-start id="3477" type="partial gc" contextid="3476" timestamp="2019-07-07T05:37:52.562">
  <mem-info id="3478" free="12582912" total="70254592" percent="17">
    <mem type="eden" free="1024080" total="25165824" percent="4" />
    <remembered-set count="1952" freebytes="2963968" totalbytes="2971776" percent="99" regionsoverflowed="0" regionsstable="18" regionsrebuilding="0"/>
  </mem-info>
</gc-start>
<allocation-stats totalBytes="22677936" >
  <allocated-bytes non-tlh="0" tlh="22677936" arrayletleaf="0"/>
  <largest-consumer threadName="main" threadId="000000000202A700" bytes="22677936" />
</allocation-stats>
<gc-op id="3479" type="copy forward" timems="1.318" contextid="3476" timestamp="2019-07-07T05:37:52.564">
  <memory-copied type="eden" objects="12" bytes="36184" bytesdiscarded="1896" />
  <memory-copied type="other" objects="0" bytes="0" bytesdiscarded="0" />
  <memory-cardclean objects="15" bytes="616" />
  <regions eden="23" other="1" />
  <remembered-set-cleared processed="84" cleared="1" durationms="0.091" />
  <stringconstants candidates="13324" cleared="0"  />
</gc-op>
<gc-op id="3480" type="classunload" timems="0.004" contextid="3476" timestamp="2019-07-07T05:37:52.564">
  <classunload-info classloadercandidates="53" classloadersunloaded="0" classesunloaded="0" anonymousclassesunloaded="0" quiescems="0.000" setupms="0.004" scanms="0.000" postms="0.000" />
</gc-op>
<heap-resize id="3481" type="contract" space="default" amount="4194304" count="1" timems="0.048" reason="insufficient time being spent in gc" timestamp="2019-07-07T05:37:52.564" />
<gc-end id="3482" type="partial gc" contextid="3476" durationms="2.717" usertimems="4.000" systemtimems="0.000" timestamp="2019-07-07T05:37:52.565" activeThreads="4">
  <mem-info id="3483" free="32505856" total="66060288" percent="49">
    <mem type="eden" free="1010496" total="1048576" percent="96" />
    <remembered-set count="1280" freebytes="2799232" totalbytes="2804352" percent="99" regionsoverflowed="0" regionsstable="18" regionsrebuilding="0"/>
  </mem-info>
</gc-end>
<cycle-end id="3484" type="partial gc" contextid="3476" timestamp="2019-07-07T05:37:52.565" />
  <attribute name="elasticGC enabled" value="1" />
  <attribute name= "numThreadsSpecified" value="4" />
  <attribute name="heapSize specified" value="0" />
  <attribute name="Current GC Util" value="37" />
  <attribute name= "Current Time Running" value="23365" />
  <attribute name ="GC Interval" value="0" />
  <attribute name="ProportionalT" value="8.500000" />
  <attribute name="ProportionalI" value="8.500000" />
  <attribute name="ProportionalH" value="8.500000" />
  <attribute name="Current Error" value="17.000000" />
  <attribute name="IntegralT" value="8.500000" />
  <attribute name="IntegralI" value="8.500000" />
  <attribute name="IntegralH" value="8.500000" />
  <attribute name="DerivativeT" value="-15.000000" />
  <attribute name="DerivativeI" value="-15.000000" />
  <attribute name="DerivativeH" value="-15.000000" />
  <attribute name="Loop Time for DT" value="1.000000" />
  <attribute name="Output H" value="8388608"/>
  <attribute name="Output I" value="200"/>
  <attribute name="Output T" value="4"/>
  <attribute name="Target GC Util Change" value ="20.000000" />
  <attribute name="Current GC Util Change" value="37.000000"/>
  <attribute name="GC Util currently" value="37" />
  <attribute name="CPU Util currently" value="8764181438964" />
<exclusive-end id="3485" timestamp="2019-07-07T05:37:52.565" durationms="3.842" />

<exclusive-start id="3486" timestamp="2019-07-07T05:37:52.567" intervalms="6.204">
  <response-info timems="0.026" idlems="0.026" threads="0" lastid="000000000202A700" lastname="main" />
</exclusive-start>
<allocation-taxation id="3487" taxation-threshold="11534336" timestamp="2019-07-07T05:37:52.568" intervalms="6.178" />
<cycle-start id="3488" type="global mark phase" contextid="0" timestamp="2019-07-07T05:37:52.568" intervalms="1272.875" />
<gc-start id="3489" type="global mark phase" contextid="3488" timestamp="2019-07-07T05:37:52.568">
  <mem-info id="3490" free="20971520" total="66060288" percent="31">
    <remembered-set count="800" freebytes="2801152" totalbytes="2804352" percent="99" regionsoverflowed="0" regionsstable="18" regionsrebuilding="0"/>
  </mem-info>
</gc-start>
<gc-op id="3491" type="mark increment" timems="0.854" contextid="3488" timestamp="2019-07-07T05:37:52.569">
  <trace-info objectcount="3375" scancount="186" scanbytes="21752" />
</gc-op>
<gc-end id="3492" type="global mark phase" contextid="3488" durationms="1.159" usertimems="0.000" systemtimems="0.000" timestamp="2019-07-07T05:37:52.569" activeThreads="4">
  <mem-info id="3493" free="20971520" total="66060288" percent="31">
    <remembered-set count="1312" freebytes="2799104" totalbytes="2804352" percent="99" regionsoverflowed="0" regionsstable="0" regionsrebuilding="18"/>
  </mem-info>
</gc-end>
<concurrent-start id="3494" type="GMP work packet processing" contextid="3488" timestamp="2019-07-07T05:37:52.569">
  <concurrent-mark-start scanTarget="2108459" />
</concurrent-start>
<exclusive-end id="3495" timestamp="2019-07-07T05:37:52.570" durationms="3.105" />

<concurrent-end id="3496" type="GMP work packet processing" contextid="3488" timestamp="2019-07-07T05:37:52.571">
  <concurrent-mark-end bytesScanned="2156672" reasonForTermination="Work target met" />
</concurrent-end>

<exclusive-start id="3497" timestamp="2019-07-07T05:37:52.615" intervalms="47.564">
  <response-info timems="0.081" idlems="0.081" threads="0" lastid="000000000202A700" lastname="main" />
</exclusive-start>
<allocation-taxation id="3498" taxation-threshold="11534336" timestamp="2019-07-07T05:37:52.615" intervalms="47.582" />
<cycle-start id="3499" type="partial gc" contextid="0" timestamp="2019-07-07T05:37:52.615" intervalms="53.803" />
<gc-start id="3500" type="partial gc" contextid="3499" timestamp="2019-07-07T05:37:52.616">
  <mem-info id="3501" free="9437184" total="66060288" percent="14">
    <mem type="eden" free="1010496" total="24117248" percent="4" />
    <remembered-set count="22080" freebytes="2716032" totalbytes="2804352" percent="96" regionsoverflowed="0" regionsstable="0" regionsrebuilding="18"/>
  </mem-info>
</gc-start>
<allocation-stats totalBytes="22326704" >
  <allocated-bytes non-tlh="0" tlh="22326704" arrayletleaf="0"/>
  <largest-consumer threadName="main" threadId="000000000202A700" bytes="11533776" />
</allocation-stats>
<gc-op id="3502" type="copy forward" timems="1.559" contextid="3499" timestamp="2019-07-07T05:37:52.618">
  <memory-copied type="eden" objects="139" bytes="47312" bytesdiscarded="0" />
  <memory-copied type="other" objects="0" bytes="0" bytesdiscarded="0" />
  <memory-cardclean objects="1478" bytes="74752" />
  <regions eden="22" other="1" />
  <remembered-set-cleared processed="19397" cleared="673" durationms="0.294" />
  <stringconstants candidates="13324" cleared="0"  />
</gc-op>
<gc-op id="3503" type="classunload" timems="0.004" contextid="3499" timestamp="2019-07-07T05:37:52.618">
  <classunload-info classloadercandidates="53" classloadersunloaded="0" classesunloaded="0" anonymousclassesunloaded="0" quiescems="0.000" setupms="0.004" scanms="0.000" postms="0.000" />
</gc-op>
<heap-resize id="3504" type="expand" space="default" amount="11534336" count="1" timems="0.070" reason="excessive time being spent in gc" timestamp="2019-07-07T05:37:52.618" />
<gc-end id="3505" type="partial gc" contextid="3499" durationms="2.951" usertimems="4.000" systemtimems="0.000" timestamp="2019-07-07T05:37:52.619" activeThreads="1">
  <mem-info id="3506" free="44040192" total="77594624" percent="56">
    <mem type="eden" free="1001264" total="1048576" percent="95" />
    <remembered-set count="20832" freebytes="3014016" totalbytes="3097344" percent="97" regionsoverflowed="0" regionsstable="0" regionsrebuilding="18"/>
  </mem-info>
</gc-end>
<cycle-end id="3507" type="partial gc" contextid="3499" timestamp="2019-07-07T05:37:52.619" />
  <attribute name="elasticGC enabled" value="1" />
  <attribute name= "numThreadsSpecified" value="1" />
  <attribute name="heapSize specified" value="0" />
  <attribute name="Current GC Util" value="34" />
  <attribute name= "Current Time Running" value="23418" />
  <attribute name ="GC Interval" value="0" />
  <attribute name="ProportionalT" value="7.000000" />
  <attribute name="ProportionalI" value="7.000000" />
  <attribute name="ProportionalH" value="7.000000" />
  <attribute name="Current Error" value="14.000000" />
  <attribute name="IntegralT" value="0.000000" />
  <attribute name="IntegralI" value="0.000000" />
  <attribute name="IntegralH" value="0.000000" />
  <attribute name="DerivativeT" value="inf" />
  <attribute name="DerivativeI" value="inf" />
  <attribute name="DerivativeH" value="inf" />
  <attribute name="Loop Time for DT" value="0.000000" />
  <attribute name="Output H" value="8388608"/>
  <attribute name="Output I" value="200"/>
  <attribute name="Output T" value="1"/>
  <attribute name="Target GC Util Change" value ="20.000000" />
  <attribute name="Current GC Util Change" value="34.000000"/>
  <attribute name="GC Util currently" value="34" />
  <attribute name="CPU Util currently" value="10254229669402" />
<exclusive-end id="3508" timestamp="2019-07-07T05:37:52.619" durationms="3.992" />

<exclusive-start id="3509" timestamp="2019-07-07T05:37:52.707" intervalms="92.063">
  <response-info timems="0.070" idlems="0.070" threads="0" lastid="000000000202A700" lastname="main" />
</exclusive-start>
<allocation-taxation id="3510" taxation-threshold="12582912" timestamp="2019-07-07T05:37:52.707" intervalms="92.074" />
<gc-start id="3511" type="global mark phase" contextid="3488" timestamp="2019-07-07T05:37:52.707">
  <mem-info id="3512" free="31457280" total="77594624" percent="40">
    <remembered-set count="20416" freebytes="3015680" totalbytes="3097344" percent="97" regionsoverflowed="0" regionsstable="0" regionsrebuilding="18"/>
  </mem-info>
</gc-start>
<gc-end id="3513" type="global mark phase" contextid="3488" durationms="0.122" usertimems="0.000" systemtimems="0.000" timestamp="2019-07-07T05:37:52.707" activeThreads="1">
  <mem-info id="3514" free="31457280" total="77594624" percent="40">
    <remembered-set count="20416" freebytes="3015680" totalbytes="3097344" percent="97" regionsoverflowed="0" regionsstable="0" regionsrebuilding="18"/>
  </mem-info>
</gc-end>
<concurrent-start id="3515" type="GMP work packet processing" contextid="3488" timestamp="2019-07-07T05:37:52.708">
  <concurrent-mark-start scanTarget="5798263" />
</concurrent-start>
<exclusive-end id="3516" timestamp="2019-07-07T05:37:52.708" durationms="0.780" />

<concurrent-end id="3517" type="GMP work packet processing" contextid="3488" timestamp="2019-07-07T05:37:52.711">
  <concurrent-mark-end bytesScanned="5837084" reasonForTermination="Work target met" />
</concurrent-end>

<exclusive-start id="3518" timestamp="2019-07-07T05:37:52.720" intervalms="12.635">
  <response-info timems="0.069" idlems="0.069" threads="0" lastid="000000000202A700" lastname="main" />
</exclusive-start>
<allocation-taxation id="3519" taxation-threshold="12582912" timestamp="2019-07-07T05:37:52.720" intervalms="12.547" />
<cycle-start id="3520" type="partial gc" contextid="0" timestamp="2019-07-07T05:37:52.720" intervalms="104.609" />
<gc-start id="3521" type="partial gc" contextid="3520" timestamp="2019-07-07T05:37:52.720">
  <mem-info id="3522" free="18874368" total="77594624" percent="24">
    <mem type="eden" free="0" total="25165824" percent="0" />
    <remembered-set count="69632" freebytes="2818816" totalbytes="3097344" percent="91" regionsoverflowed="0" regionsstable="0" regionsrebuilding="18"/>
  </mem-info>
</gc-start>
<allocation-stats totalBytes="25162872" >
  <allocated-bytes non-tlh="0" tlh="25162872" arrayletleaf="0"/>
  <largest-consumer threadName="main" threadId="000000000202A700" bytes="12581400" />
</allocation-stats>
<gc-op id="3523" type="copy forward" timems="1.914" contextid="3520" timestamp="2019-07-07T05:37:52.723">
  <memory-copied type="eden" objects="37" bytes="1112" bytesdiscarded="2048" />
  <memory-copied type="other" objects="14" bytes="40120" bytesdiscarded="1256" />
  <memory-cardclean objects="119" bytes="12016" />
  <regions eden="24" other="1" />
  <remembered-set-cleared processed="67019" cleared="106" durationms="0.310" />
  <references type="weak" candidates="2" cleared="0" enqueued="0" />
  <stringconstants candidates="13324" cleared="0"  />
</gc-op>
<gc-op id="3524" type="classunload" timems="0.004" contextid="3520" timestamp="2019-07-07T05:37:52.723">
  <classunload-info classloadercandidates="53" classloadersunloaded="0" classesunloaded="0" anonymousclassesunloaded="0" quiescems="0.000" setupms="0.004" scanms="0.000" postms="0.000" />
</gc-op>
<gc-end id="3525" type="partial gc" contextid="3520" durationms="2.875" usertimems="4.000" systemtimems="0.000" timestamp="2019-07-07T05:37:52.723" activeThreads="4">
  <mem-info id="3526" free="42991616" total="77594624" percent="55">
    <mem type="eden" free="1045416" total="1048576" percent="99" />
    <remembered-set count="70016" freebytes="2817280" totalbytes="3097344" percent="90" regionsoverflowed="0" regionsstable="0" regionsrebuilding="18"/>
  </mem-info>
</gc-end>
<cycle-end id="3527" type="partial gc" contextid="3520" timestamp="2019-07-07T05:37:52.723" />
  <attribute name="elasticGC enabled" value="1" />
  <attribute name= "numThreadsSpecified" value="4" />
  <attribute name="heapSize specified" value="0" />
  <attribute name="Current GC Util" value="55" />
  <attribute name= "Current Time Running" value="23523" />
  <attribute name ="GC Interval" value="0" />
  <attribute name="ProportionalT" value="17.500000" />
  <attribute name="ProportionalI" value="17.500000" />
  <attribute name="ProportionalH" value="17.500000" />
  <attribute name="Current Error" value="35.000000" />
  <attribute name="IntegralT" value="17.500000" />
  <attribute name="IntegralI" value="17.500000" />
  <attribute name="IntegralH" value="17.500000" />
  <attribute name="DerivativeT" value="-22.000000" />
  <attribute name="DerivativeI" value="-22.000000" />
  <attribute name="DerivativeH" value="-22.000000" />
  <attribute name="Loop Time for DT" value="1.000000" />
  <attribute name="Output H" value="8388608"/>
  <attribute name="Output I" value="200"/>
  <attribute name="Output T" value="4"/>
  <attribute name="Target GC Util Change" value ="20.000000" />
  <attribute name="Current GC Util Change" value="55.000000"/>
  <attribute name="GC Util currently" value="55" />
  <attribute name="CPU Util currently" value="21919284675616" />
<exclusive-end id="3528" timestamp="2019-07-07T05:37:52.723" durationms="3.763" />

<exclusive-start id="3529" timestamp="2019-07-07T05:37:52.732" intervalms="12.300">
  <response-info timems="0.066" idlems="0.066" threads="0" lastid="000000000202A700" lastname="main" />
</exclusive-start>
<allocation-taxation id="3530" taxation-threshold="12582912" timestamp="2019-07-07T05:37:52.732" intervalms="12.363" />
<gc-start id="3531" type="global mark phase" contextid="3488" timestamp="2019-07-07T05:37:52.732">
  <mem-info id="3532" free="30408704" total="77594624" percent="39">
    <remembered-set count="69568" freebytes="2819072" totalbytes="3097344" percent="91" regionsoverflowed="0" regionsstable="0" regionsrebuilding="18"/>
  </mem-info>
</gc-start>
<gc-end id="3533" type="global mark phase" contextid="3488" durationms="0.134" usertimems="0.000" systemtimems="0.000" timestamp="2019-07-07T05:37:52.732" activeThreads="4">
  <mem-info id="3534" free="30408704" total="77594624" percent="39">
    <remembered-set count="69568" freebytes="2819072" totalbytes="3097344" percent="91" regionsoverflowed="0" regionsstable="0" regionsrebuilding="18"/>
  </mem-info>
</gc-end>
<concurrent-start id="3535" type="GMP work packet processing" contextid="3488" timestamp="2019-07-07T05:37:52.733">
  <concurrent-mark-start scanTarget="2108459" />
</concurrent-start>
<exclusive-end id="3536" timestamp="2019-07-07T05:37:52.733" durationms="0.884" />

<concurrent-end id="3537" type="GMP work packet processing" contextid="3488" timestamp="2019-07-07T05:37:52.734">
  <concurrent-mark-end bytesScanned="2165980" reasonForTermination="Work target met" />
</concurrent-end>

<exclusive-start id="3538" timestamp="2019-07-07T05:37:52.742" intervalms="10.548">
  <response-info timems="0.055" idlems="0.055" threads="0" lastid="000000000202A700" lastname="main" />
</exclusive-start>
<allocation-taxation id="3539" taxation-threshold="12582912" timestamp="2019-07-07T05:37:52.743" intervalms="10.499" />
<cycle-start id="3540" type="partial gc" contextid="0" timestamp="2019-07-07T05:37:52.743" intervalms="22.864" />
<gc-start id="3541" type="partial gc" contextid="3540" timestamp="2019-07-07T05:37:52.743">
  <mem-info id="3542" free="17825792" total="77594624" percent="22">
    <mem type="eden" free="0" total="25165824" percent="0" />
    <remembered-set count="84032" freebytes="2761216" totalbytes="3097344" percent="89" regionsoverflowed="0" regionsstable="0" regionsrebuilding="18"/>
  </mem-info>
</gc-start>
<allocation-stats totalBytes="25162704" >
  <allocated-bytes non-tlh="0" tlh="25162704" arrayletleaf="0"/>
  <largest-consumer threadName="main" threadId="000000000202A700" bytes="12581504" />
</allocation-stats>
<gc-op id="3543" type="copy forward" timems="1.509" contextid="3540" timestamp="2019-07-07T05:37:52.745">
  <memory-copied type="eden" objects="1" bytes="24" bytesdiscarded="0" />
  <memory-copied type="other" objects="36" bytes="1088" bytesdiscarded="0" />
  <memory-cardclean objects="91" bytes="11192" />
  <regions eden="24" other="1" />
  <remembered-set-cleared processed="81124" cleared="62" durationms="0.591" />
  <references type="weak" candidates="2" cleared="0" enqueued="0" />
  <stringconstants candidates="13324" cleared="0"  />
</gc-op>
<gc-op id="3544" type="classunload" timems="0.004" contextid="3540" timestamp="2019-07-07T05:37:52.745">
  <classunload-info classloadercandidates="53" classloadersunloaded="0" classesunloaded="0" anonymousclassesunloaded="0" quiescems="0.000" setupms="0.004" scanms="0.000" postms="0.000" />
</gc-op>
<heap-resize id="3545" type="expand" space="default" amount="11534336" count="1" timems="0.074" reason="excessive time being spent in gc" timestamp="2019-07-07T05:37:52.745" />
<gc-end id="3546" type="partial gc" contextid="3540" durationms="2.646" usertimems="0.000" systemtimems="0.000" timestamp="2019-07-07T05:37:52.746" activeThreads="1">
  <mem-info id="3547" free="53477376" total="89128960" percent="60">
    <mem type="eden" free="1048552" total="1048576" percent="99" />
    <remembered-set count="84224" freebytes="3220864" totalbytes="3557760" percent="90" regionsoverflowed="0" regionsstable="0" regionsrebuilding="18"/>
  </mem-info>
</gc-end>
<cycle-end id="3548" type="partial gc" contextid="3540" timestamp="2019-07-07T05:37:52.746" />
  <attribute name="elasticGC enabled" value="1" />
  <attribute name= "numThreadsSpecified" value="1" />
  <attribute name="heapSize specified" value="0" />
  <attribute name="Current GC Util" value="72" />
  <attribute name= "Current Time Running" value="23545" />
  <attribute name ="GC Interval" value="0" />
  <attribute name="ProportionalT" value="26.000000" />
  <attribute name="ProportionalI" value="26.000000" />
  <attribute name="ProportionalH" value="26.000000" />
  <attribute name="Current Error" value="52.000000" />
  <attribute name="IntegralT" value="0.000000" />
  <attribute name="IntegralI" value="0.000000" />
  <attribute name="IntegralH" value="0.000000" />
  <attribute name="DerivativeT" value="inf" />
  <attribute name="DerivativeI" value="inf" />
  <attribute name="DerivativeH" value="inf" />
  <attribute name="Loop Time for DT" value="0.000000" />
  <attribute name="Output H" value="8388608"/>
  <attribute name="Output I" value="200"/>
  <attribute name="Output T" value="1"/>
  <attribute name="Target GC Util Change" value ="20.000000" />
  <attribute name="Current GC Util Change" value="72.000000"/>
  <attribute name="GC Util currently" value="72" />
  <attribute name="CPU Util currently" value="21032956215603" />
<exclusive-end id="3549" timestamp="2019-07-07T05:37:52.746" durationms="3.498" />

<exclusive-start id="3550" timestamp="2019-07-07T05:37:52.758" intervalms="15.324">
  <response-info timems="0.068" idlems="0.068" threads="0" lastid="000000000202A700" lastname="main" />
</exclusive-start>
<allocation-taxation id="3551" taxation-threshold="13631488" timestamp="2019-07-07T05:37:52.758" intervalms="15.391" />
<gc-start id="3552" type="global mark phase" contextid="3488" timestamp="2019-07-07T05:37:52.758">
  <mem-info id="3553" free="39845888" total="89128960" percent="44">
    <remembered-set count="83840" freebytes="3222400" totalbytes="3557760" percent="90" regionsoverflowed="0" regionsstable="0" regionsrebuilding="18"/>
  </mem-info>
</gc-start>
<gc-end id="3554" type="global mark phase" contextid="3488" durationms="0.117" usertimems="0.000" systemtimems="0.000" timestamp="2019-07-07T05:37:52.758" activeThreads="1">
  <mem-info id="3555" free="39845888" total="89128960" percent="44">
    <remembered-set count="83840" freebytes="3222400" totalbytes="3557760" percent="90" regionsoverflowed="0" regionsstable="0" regionsrebuilding="18"/>
  </mem-info>
</gc-end>
<concurrent-start id="3556" type="GMP work packet processing" contextid="3488" timestamp="2019-07-07T05:37:52.758">
  <concurrent-mark-start scanTarget="1048576" />
</concurrent-start>
<exclusive-end id="3557" timestamp="2019-07-07T05:37:52.759" durationms="0.796" />

<concurrent-end id="3558" type="GMP work packet processing" contextid="3488" timestamp="2019-07-07T05:37:52.762">
  <concurrent-mark-end bytesScanned="1101196" reasonForTermination="Work target met" />
</concurrent-end>

<exclusive-start id="3559" timestamp="2019-07-07T05:37:52.774" intervalms="16.147">
  <response-info timems="0.056" idlems="0.056" threads="0" lastid="000000000202A700" lastname="main" />
</exclusive-start>
<allocation-taxation id="3560" taxation-threshold="13631488" timestamp="2019-07-07T05:37:52.774" intervalms="16.094" />
<cycle-start id="3561" type="partial gc" contextid="0" timestamp="2019-07-07T05:37:52.774" intervalms="31.407" />
<gc-start id="3562" type="partial gc" contextid="3561" timestamp="2019-07-07T05:37:52.774">
  <mem-info id="3563" free="26214400" total="89128960" percent="29">
    <mem type="eden" free="1048552" total="28311552" percent="3" />
    <remembered-set count="91712" freebytes="3190912" totalbytes="3557760" percent="89" regionsoverflowed="0" regionsstable="0" regionsrebuilding="18"/>
  </mem-info>
</gc-start>
<allocation-stats totalBytes="27258120" >
  <allocated-bytes non-tlh="0" tlh="27258120" arrayletleaf="0"/>
  <largest-consumer threadName="main" threadId="000000000202A700" bytes="13628864" />
</allocation-stats>
<gc-op id="3564" type="copy forward" timems="1.804" contextid="3561" timestamp="2019-07-07T05:37:52.777">
  <memory-copied type="eden" objects="45" bytes="1448" bytesdiscarded="624" />
  <memory-copied type="other" objects="0" bytes="0" bytesdiscarded="0" />
  <memory-cardclean objects="78" bytes="2608" />
  <regions eden="26" other="1" />
  <remembered-set-cleared processed="89674" cleared="29" durationms="0.334" />
  <stringconstants candidates="13324" cleared="0"  />
</gc-op>
<gc-op id="3565" type="classunload" timems="0.004" contextid="3561" timestamp="2019-07-07T05:37:52.777">
  <classunload-info classloadercandidates="53" classloadersunloaded="0" classesunloaded="0" anonymousclassesunloaded="0" quiescems="0.000" setupms="0.004" scanms="0.000" postms="0.000" />
</gc-op>
<gc-end id="3566" type="partial gc" contextid="3561" durationms="2.696" usertimems="0.000" systemtimems="4.000" timestamp="2019-07-07T05:37:52.777" activeThreads="4">
  <mem-info id="3567" free="53477376" total="89128960" percent="60">
    <mem type="eden" free="1046504" total="1048576" percent="99" />
    <remembered-set count="92288" freebytes="3188608" totalbytes="3557760" percent="89" regionsoverflowed="0" regionsstable="0" regionsrebuilding="18"/>
  </mem-info>
</gc-end>
<cycle-end id="3568" type="partial gc" contextid="3561" timestamp="2019-07-07T05:37:52.777" />
  <attribute name="elasticGC enabled" value="1" />
  <attribute name= "numThreadsSpecified" value="4" />
  <attribute name="heapSize specified" value="0" />
  <attribute name="Current GC Util" value="63" />
  <attribute name= "Current Time Running" value="23577" />
  <attribute name ="GC Interval" value="0" />
  <attribute name="ProportionalT" value="21.500000" />
  <attribute name="ProportionalI" value="21.500000" />
  <attribute name="ProportionalH" value="21.500000" />
  <attribute name="Current Error" value="43.000000" />
  <attribute name="IntegralT" value="21.500000" />
  <attribute name="IntegralI" value="21.500000" />
  <attribute name="IntegralH" value="21.500000" />
  <attribute name="DerivativeT" value="43.000000" />
  <attribute name="DerivativeI" value="43.000000" />
  <attribute name="DerivativeH" value="43.000000" />
  <attribute name="Loop Time for DT" value="1.000000" />
  <attribute name="Output H" value="8388608"/>
  <attribute name="Output I" value="200"/>
  <attribute name="Output T" value="4"/>
  <attribute name="Target GC Util Change" value ="20.000000" />
  <attribute name="Current GC Util Change" value="63.000000"/>
  <attribute name="GC Util currently" value="63" />
  <attribute name="CPU Util currently" value="20946974835215" />
<exclusive-end id="3569" timestamp="2019-07-07T05:37:52.777" durationms="3.388" />

<exclusive-start id="3570" timestamp="2019-07-07T05:37:52.792" intervalms="17.594">
  <response-info timems="0.068" idlems="0.068" threads="0" lastid="000000000202A700" lastname="main" />
</exclusive-start>
<allocation-taxation id="3571" taxation-threshold="13631488" timestamp="2019-07-07T05:37:52.792" intervalms="17.542" />
<gc-start id="3572" type="global mark phase" contextid="3488" timestamp="2019-07-07T05:37:52.792">
  <mem-info id="3573" free="39845888" total="89128960" percent="44">
    <remembered-set count="91808" freebytes="3190528" totalbytes="3557760" percent="89" regionsoverflowed="0" regionsstable="0" regionsrebuilding="18"/>
  </mem-info>
</gc-start>
<gc-end id="3574" type="global mark phase" contextid="3488" durationms="0.125" usertimems="0.000" systemtimems="0.000" timestamp="2019-07-07T05:37:52.792" activeThreads="4">
  <mem-info id="3575" free="39845888" total="89128960" percent="44">
    <remembered-set count="91808" freebytes="3190528" totalbytes="3557760" percent="89" regionsoverflowed="0" regionsstable="0" regionsrebuilding="18"/>
  </mem-info>
</gc-end>
<concurrent-start id="3576" type="GMP work packet processing" contextid="3488" timestamp="2019-07-07T05:37:52.792">
  <concurrent-mark-start scanTarget="2108459" />
</concurrent-start>
<exclusive-end id="3577" timestamp="2019-07-07T05:37:52.792" durationms="0.625" />

<concurrent-end id="3578" type="GMP work packet processing" contextid="3488" timestamp="2019-07-07T05:37:52.794">
  <concurrent-mark-end bytesScanned="2118584" reasonForTermination="Work target met" />
</concurrent-end>

<exclusive-start id="3579" timestamp="2019-07-07T05:37:52.803" intervalms="11.458">
  <response-info timems="0.055" idlems="0.055" threads="0" lastid="000000000202A700" lastname="main" />
</exclusive-start>
<allocation-taxation id="3580" taxation-threshold="13631488" timestamp="2019-07-07T05:37:52.803" intervalms="11.452" />
<cycle-start id="3581" type="partial gc" contextid="0" timestamp="2019-07-07T05:37:52.803" intervalms="28.992" />
<gc-start id="3582" type="partial gc" contextid="3581" timestamp="2019-07-07T05:37:52.803">
  <mem-info id="3583" free="26214400" total="89128960" percent="29">
    <mem type="eden" free="0" total="27262976" percent="0" />
    <remembered-set count="110048" freebytes="3117568" totalbytes="3557760" percent="87" regionsoverflowed="0" regionsstable="0" regionsrebuilding="18"/>
  </mem-info>
</gc-start>
<allocation-stats totalBytes="27255064" >
  <allocated-bytes non-tlh="0" tlh="27255064" arrayletleaf="0"/>
  <largest-consumer threadName="main" threadId="000000000202A700" bytes="13626432" />
</allocation-stats>
<gc-op id="3584" type="copy forward" timems="1.867" contextid="3581" timestamp="2019-07-07T05:37:52.806">
  <memory-copied type="eden" objects="29" bytes="1088" bytesdiscarded="696" />
  <memory-copied type="other" objects="7" bytes="160" bytesdiscarded="680" />
  <memory-cardclean objects="87" bytes="2832" />
  <regions eden="26" other="1" />
  <remembered-set-cleared processed="108329" cleared="48" durationms="0.373" />
  <stringconstants candidates="13324" cleared="0"  />
</gc-op>
<gc-op id="3585" type="classunload" timems="0.005" contextid="3581" timestamp="2019-07-07T05:37:52.806">
  <classunload-info classloadercandidates="53" classloadersunloaded="0" classesunloaded="0" anonymousclassesunloaded="0" quiescems="0.000" setupms="0.005" scanms="0.000" postms="0.000" />
</gc-op>
<gc-end id="3586" type="partial gc" contextid="3581" durationms="2.904" usertimems="4.000" systemtimems="0.000" timestamp="2019-07-07T05:37:52.806" activeThreads="4">
  <mem-info id="3587" free="52428800" total="89128960" percent="58">
    <mem type="eden" free="1046792" total="1048576" percent="99" />
    <remembered-set count="111360" freebytes="3112320" totalbytes="3557760" percent="87" regionsoverflowed="0" regionsstable="0" regionsrebuilding="18"/>
  </mem-info>
</gc-end>
<cycle-end id="3588" type="partial gc" contextid="3581" timestamp="2019-07-07T05:37:52.806" />
  <attribute name="elasticGC enabled" value="1" />
  <attribute name= "numThreadsSpecified" value="4" />
  <attribute name="heapSize specified" value="0" />
  <attribute name="Current GC Util" value="156" />
  <attribute name= "Current Time Running" value="23606" />
  <attribute name ="GC Interval" value="0" />
  <attribute name="ProportionalT" value="68.000000" />
  <attribute name="ProportionalI" value="68.000000" />
  <attribute name="ProportionalH" value="68.000000" />
  <attribute name="Current Error" value="136.000000" />
  <attribute name="IntegralT" value="68.000000" />
  <attribute name="IntegralI" value="68.000000" />
  <attribute name="IntegralH" value="68.000000" />
  <attribute name="DerivativeT" value="132.000000" />
  <attribute name="DerivativeI" value="132.000000" />
  <attribute name="DerivativeH" value="132.000000" />
  <attribute name="Loop Time for DT" value="1.000000" />
  <attribute name="Output H" value="8388608"/>
  <attribute name="Output I" value="272"/>
  <attribute name="Output T" value="4"/>
  <attribute name="Target GC Util Change" value ="20.000000" />
  <attribute name="Current GC Util Change" value="156.000000"/>
  <attribute name="GC Util currently" value="156" />
  <attribute name="CPU Util currently" value="13575201432796" />
<exclusive-end id="3589" timestamp="2019-07-07T05:37:52.807" durationms="3.578" />

<exclusive-start id="3590" timestamp="2019-07-07T05:37:52.817" intervalms="14.097">
  <response-info timems="0.055" idlems="0.055" threads="0" lastid="000000000202A700" lastname="main" />
</exclusive-start>
<allocation-taxation id="3591" taxation-threshold="13631488" timestamp="2019-07-07T05:37:52.817" intervalms="14.148" />
<gc-start id="3592" type="global mark phase" contextid="3488" timestamp="2019-07-07T05:37:52.817">
  <mem-info id="3593" free="38797312" total="89128960" percent="43">
    <remembered-set count="110944" freebytes="3113984" totalbytes="3557760" percent="87" regionsoverflowed="0" regionsstable="0" regionsrebuilding="18"/>
  </mem-info>
</gc-start>
<gc-end id="3594" type="global mark phase" contextid="3488" durationms="0.095" usertimems="0.000" systemtimems="0.000" timestamp="2019-07-07T05:37:52.817" activeThreads="4">
  <mem-info id="3595" free="38797312" total="89128960" percent="43">
    <remembered-set count="110944" freebytes="3113984" totalbytes="3557760" percent="87" regionsoverflowed="0" regionsstable="0" regionsrebuilding="18"/>
  </mem-info>
</gc-end>
<concurrent-start id="3596" type="GMP work packet processing" contextid="3488" timestamp="2019-07-07T05:37:52.818">
  <concurrent-mark-start scanTarget="2108459" />
</concurrent-start>
<exclusive-end id="3597" timestamp="2019-07-07T05:37:52.818" durationms="0.685" />

<concurrent-end id="3598" type="GMP work packet processing" contextid="3488" timestamp="2019-07-07T05:37:52.818">
  <concurrent-mark-end bytesScanned="10064" reasonForTermination="Completed all work in GC phase" />
</concurrent-end>

<exclusive-start id="3599" timestamp="2019-07-07T05:37:52.828" intervalms="11.199">
  <response-info timems="0.067" idlems="0.067" threads="0" lastid="000000000202A700" lastname="main" />
</exclusive-start>
<allocation-taxation id="3600" taxation-threshold="13631488" timestamp="2019-07-07T05:37:52.828" intervalms="11.145" />
<cycle-start id="3601" type="partial gc" contextid="0" timestamp="2019-07-07T05:37:52.828" intervalms="25.292" />
<gc-start id="3602" type="partial gc" contextid="3601" timestamp="2019-07-07T05:37:52.829">
  <mem-info id="3603" free="25165824" total="89128960" percent="28">
    <mem type="eden" free="0" total="27262976" percent="0" />
    <remembered-set count="111040" freebytes="3113600" totalbytes="3557760" percent="87" regionsoverflowed="0" regionsstable="0" regionsrebuilding="18"/>
  </mem-info>
</gc-start>
<allocation-stats totalBytes="27252216" >
  <allocated-bytes non-tlh="0" tlh="27252216" arrayletleaf="0"/>
  <largest-consumer threadName="main" threadId="000000000202A700" bytes="13626072" />
</allocation-stats>
<gc-op id="3604" type="copy forward" timems="1.660" contextid="3601" timestamp="2019-07-07T05:37:52.831">
  <memory-copied type="eden" objects="1" bytes="24" bytesdiscarded="0" />
  <memory-copied type="other" objects="18" bytes="584" bytesdiscarded="0" />
  <memory-cardclean objects="65" bytes="2168" />
  <regions eden="26" other="1" />
  <remembered-set-cleared processed="108419" cleared="38" durationms="0.708" />
  <stringconstants candidates="13324" cleared="0"  />
</gc-op>
<gc-op id="3605" type="classunload" timems="0.003" contextid="3601" timestamp="2019-07-07T05:37:52.831">
  <classunload-info classloadercandidates="53" classloadersunloaded="0" classesunloaded="0" anonymousclassesunloaded="0" quiescems="0.000" setupms="0.003" scanms="0.000" postms="0.000" />
</gc-op>
<gc-end id="3606" type="partial gc" contextid="3601" durationms="2.726" usertimems="4.000" systemtimems="0.000" timestamp="2019-07-07T05:37:52.831" activeThreads="1">
  <mem-info id="3607" free="51380224" total="89128960" percent="57">
    <mem type="eden" free="1048552" total="1048576" percent="99" />
    <remembered-set count="111328" freebytes="3112448" totalbytes="3557760" percent="87" regionsoverflowed="0" regionsstable="0" regionsrebuilding="18"/>
  </mem-info>
</gc-end>
<cycle-end id="3608" type="partial gc" contextid="3601" timestamp="2019-07-07T05:37:52.832" />
  <attribute name="elasticGC enabled" value="1" />
  <attribute name= "numThreadsSpecified" value="1" />
  <attribute name="heapSize specified" value="0" />
  <attribute name="Current GC Util" value="159" />
  <attribute name= "Current Time Running" value="23631" />
  <attribute name ="GC Interval" value="0" />
  <attribute name="ProportionalT" value="69.500000" />
  <attribute name="ProportionalI" value="69.500000" />
  <attribute name="ProportionalH" value="69.500000" />
  <attribute name="Current Error" value="139.000000" />
  <attribute name="IntegralT" value="0.000000" />
  <attribute name="IntegralI" value="0.000000" />
  <attribute name="IntegralH" value="0.000000" />
  <attribute name="DerivativeT" value="inf" />
  <attribute name="DerivativeI" value="inf" />
  <attribute name="DerivativeH" value="inf" />
  <attribute name="Loop Time for DT" value="0.000000" />
  <attribute name="Output H" value="8388608"/>
  <attribute name="Output I" value="200"/>
  <attribute name="Output T" value="1"/>
  <attribute name="Target GC Util Change" value ="20.000000" />
  <attribute name="Current GC Util Change" value="159.000000"/>
  <attribute name="GC Util currently" value="159" />
  <attribute name="CPU Util currently" value="13947038712028" />
<exclusive-end id="3609" timestamp="2019-07-07T05:37:52.832" durationms="3.426" />

<exclusive-start id="3610" timestamp="2019-07-07T05:37:52.846" intervalms="17.431">
  <response-info timems="0.070" idlems="0.070" threads="0" lastid="000000000202A700" lastname="main" />
</exclusive-start>
<allocation-taxation id="3611" taxation-threshold="13631488" timestamp="2019-07-07T05:37:52.846" intervalms="17.508" />
<gc-start id="3612" type="global mark phase" contextid="3488" timestamp="2019-07-07T05:37:52.846">
  <mem-info id="3613" free="37748736" total="89128960" percent="42">
    <remembered-set count="110912" freebytes="3114112" totalbytes="3557760" percent="87" regionsoverflowed="0" regionsstable="0" regionsrebuilding="18"/>
  </mem-info>
</gc-start>
<gc-op id="3614" type="mark increment" timems="2.731" contextid="3488" timestamp="2019-07-07T05:37:52.849">
  <trace-info objectcount="56" scancount="56" scanbytes="41376" />
  <cardclean-info objects="2280" bytes="108600" />
  <finalization candidates="80" enqueued="0" />
  <ownableSynchronizers candidates="22" cleared="0" />
  <references type="soft" candidates="2139" cleared="253" enqueued="251" dynamicThreshold="18" maxThreshold="32" />
  <references type="weak" candidates="5715" cleared="7" enqueued="3" />
  <references type="phantom" candidates="101" cleared="0" enqueued="0" />
  <stringconstants candidates="13324" cleared="5"  />
</gc-op>
<gc-op id="3615" type="classunload" timems="0.005" contextid="3488" timestamp="2019-07-07T05:37:52.849">
  <classunload-info classloadercandidates="53" classloadersunloaded="0" classesunloaded="0" anonymousclassesunloaded="0" quiescems="0.000" setupms="0.004" scanms="0.000" postms="0.000" />
</gc-op>
<gc-end id="3616" type="global mark phase" contextid="3488" durationms="3.251" usertimems="8.000" systemtimems="0.000" timestamp="2019-07-07T05:37:52.849" activeThreads="4">
  <mem-info id="3617" free="37748736" total="89128960" percent="42">
    <pending-finalizers system="0" default="0" reference="254" classloader="0" />
    <remembered-set count="113472" freebytes="3103872" totalbytes="3557760" percent="87" regionsoverflowed="0" regionsstable="0" regionsrebuilding="0"/>
  </mem-info>
</gc-end>
<cycle-end id="3618" type="global mark phase" contextid="3488" timestamp="2019-07-07T05:37:52.849" />
  <attribute name="elasticGC enabled" value="1" />
  <attribute name= "numThreadsSpecified" value="4" />
  <attribute name="heapSize specified" value="0" />
  <attribute name="Current GC Util" value="179" />
  <attribute name= "Current Time Running" value="23649" />
  <attribute name ="GC Interval" value="0" />
  <attribute name="ProportionalT" value="79.500000" />
  <attribute name="ProportionalI" value="79.500000" />
  <attribute name="ProportionalH" value="79.500000" />
  <attribute name="Current Error" value="159.000000" />
  <attribute name="IntegralT" value="0.000000" />
  <attribute name="IntegralI" value="0.000000" />
  <attribute name="IntegralH" value="0.000000" />
  <attribute name="DerivativeT" value="-inf" />
  <attribute name="DerivativeI" value="-inf" />
  <attribute name="DerivativeH" value="-inf" />
  <attribute name="Loop Time for DT" value="0.000000" />
  <attribute name="Output H" value="2091843584"/>
  <attribute name="Output I" value="200"/>
  <attribute name="Output T" value="4"/>
  <attribute name="Target GC Util Change" value ="20.000000" />
  <attribute name="Current GC Util Change" value="179.000000"/>
  <attribute name="GC Util currently" value="179" />
  <attribute name="CPU Util currently" value="8442322088247" />
<exclusive-end id="3619" timestamp="2019-07-07T05:37:52.850" durationms="3.890" />

<exclusive-start id="3620" timestamp="2019-07-07T05:37:52.866" intervalms="20.379">
  <response-info timems="0.055" idlems="0.055" threads="0" lastid="000000000202A700" lastname="main" />
</exclusive-start>
<allocation-taxation id="3621" taxation-threshold="13631488" timestamp="2019-07-07T05:37:52.866" intervalms="20.347" />
<cycle-start id="3622" type="partial gc" contextid="0" timestamp="2019-07-07T05:37:52.866" intervalms="37.866" />
<gc-start id="3623" type="partial gc" contextid="3622" timestamp="2019-07-07T05:37:52.867">
  <mem-info id="3624" free="24117248" total="89128960" percent="27">
    <mem type="eden" free="1048552" total="28311552" percent="3" />
    <remembered-set count="21344" freebytes="3472384" totalbytes="3557760" percent="97" regionsoverflowed="0" regionsstable="12" regionsrebuilding="0"/>
  </mem-info>
</gc-start>
<allocation-stats totalBytes="27258752" >
  <allocated-bytes non-tlh="0" tlh="27258752" arrayletleaf="0"/>
  <largest-consumer threadName="main" threadId="000000000202A700" bytes="13626800" />
</allocation-stats>
<gc-op id="3625" type="sweep" timems="1.076" contextid="3622" timestamp="2019-07-07T05:37:52.868" />
<gc-op id="3626" type="copy forward" timems="1.092" contextid="3622" timestamp="2019-07-07T05:37:52.870">
  <memory-copied type="eden" objects="8" bytes="696" bytesdiscarded="0" />
  <memory-copied type="other" objects="30" bytes="928" bytesdiscarded="0" />
  <memory-cardclean objects="607" bytes="23096" />
  <regions eden="13" other="3" />
  <remembered-set-cleared processed="19407" cleared="92" durationms="0.246" />
  <stringconstants candidates="13319" cleared="0"  />
</gc-op>
<gc-op id="3627" type="classunload" timems="0.003" contextid="3622" timestamp="2019-07-07T05:37:52.870">
  <classunload-info classloadercandidates="53" classloadersunloaded="0" classesunloaded="0" anonymousclassesunloaded="0" quiescems="0.000" setupms="0.003" scanms="0.000" postms="0.000" />
</gc-op>
<heap-resize id="3628" type="expand" space="default" amount="5242880" count="1" timems="0.061" reason="excessive time being spent in gc" timestamp="2019-07-07T05:37:52.870" />
<gc-end id="3629" type="partial gc" contextid="3622" durationms="3.605" usertimems="4.000" systemtimems="0.000" timestamp="2019-07-07T05:37:52.870" activeThreads="1">
  <mem-info id="3630" free="56623104" total="94371840" percent="60">
    <mem type="eden" free="1047136" total="1048576" percent="99" />
    <remembered-set count="21664" freebytes="3680384" totalbytes="3767040" percent="97" regionsoverflowed="0" regionsstable="12" regionsrebuilding="0"/>
  </mem-info>
</gc-end>
<cycle-end id="3631" type="partial gc" contextid="3622" timestamp="2019-07-07T05:37:52.870" />
  <attribute name="elasticGC enabled" value="1" />
  <attribute name= "numThreadsSpecified" value="1" />
  <attribute name="heapSize specified" value="0" />
  <attribute name="Current GC Util" value="175" />
  <attribute name= "Current Time Running" value="23670" />
  <attribute name ="GC Interval" value="0" />
  <attribute name="ProportionalT" value="77.500000" />
  <attribute name="ProportionalI" value="77.500000" />
  <attribute name="ProportionalH" value="77.500000" />
  <attribute name="Current Error" value="155.000000" />
  <attribute name="IntegralT" value="0.000000" />
  <attribute name="IntegralI" value="0.000000" />
  <attribute name="IntegralH" value="0.000000" />
  <attribute name="DerivativeT" value="inf" />
  <attribute name="DerivativeI" value="inf" />
  <attribute name="DerivativeH" value="inf" />
  <attribute name="Loop Time for DT" value="0.000000" />
  <attribute name="Output H" value="8388608"/>
  <attribute name="Output I" value="200"/>
  <attribute name="Output T" value="1"/>
  <attribute name="Target GC Util Change" value ="20.000000" />
  <attribute name="Current GC Util Change" value="175.000000"/>
  <attribute name="GC Util currently" value="175" />
  <attribute name="CPU Util currently" value="15572234082645" />
<exclusive-end id="3632" timestamp="2019-07-07T05:37:52.870" durationms="4.329" />

<exclusive-start id="3633" timestamp="2019-07-07T05:37:52.909" intervalms="43.229">
  <response-info timems="0.075" idlems="0.075" threads="0" lastid="000000000202A700" lastname="main" />
</exclusive-start>
<allocation-taxation id="3634" taxation-threshold="30408704" timestamp="2019-07-07T05:37:52.909" intervalms="43.248" />
<cycle-start id="3635" type="partial gc" contextid="0" timestamp="2019-07-07T05:37:52.910" intervalms="43.245" />
<gc-start id="3636" type="partial gc" contextid="3635" timestamp="2019-07-07T05:37:52.910">
  <mem-info id="3637" free="26214400" total="94371840" percent="27">
    <mem type="eden" free="0" total="30408704" percent="0" />
    <remembered-set count="21248" freebytes="3682048" totalbytes="3767040" percent="97" regionsoverflowed="0" regionsstable="12" regionsrebuilding="0"/>
  </mem-info>
</gc-start>
<allocation-stats totalBytes="30405912" >
  <allocated-bytes non-tlh="0" tlh="30405912" arrayletleaf="0"/>
  <largest-consumer threadName="main" threadId="000000000202A700" bytes="30405912" />
</allocation-stats>
<gc-op id="3638" type="copy forward" timems="1.180" contextid="3635" timestamp="2019-07-07T05:37:52.912">
  <memory-copied type="eden" objects="29" bytes="896" bytesdiscarded="0" />
  <memory-copied type="other" objects="92" bytes="2584" bytesdiscarded="0" />
  <memory-cardclean objects="199" bytes="6312" />
  <regions eden="29" other="8" />
  <remembered-set-cleared processed="19352" cleared="80" durationms="0.237" />
  <stringconstants candidates="13319" cleared="0"  />
</gc-op>
<gc-op id="3639" type="classunload" timems="0.004" contextid="3635" timestamp="2019-07-07T05:37:52.912">
  <classunload-info classloadercandidates="53" classloadersunloaded="0" classesunloaded="0" anonymousclassesunloaded="0" quiescems="0.000" setupms="0.004" scanms="0.000" postms="0.000" />
</gc-op>
<gc-end id="3640" type="partial gc" contextid="3635" durationms="2.128" usertimems="4.000" systemtimems="0.000" timestamp="2019-07-07T05:37:52.912" activeThreads="1">
  <mem-info id="3641" free="59768832" total="94371840" percent="63">
    <mem type="eden" free="1047680" total="1048576" percent="99" />
    <remembered-set count="21504" freebytes="3681024" totalbytes="3767040" percent="97" regionsoverflowed="0" regionsstable="12" regionsrebuilding="0"/>
  </mem-info>
</gc-end>
<cycle-end id="3642" type="partial gc" contextid="3635" timestamp="2019-07-07T05:37:52.912" />
  <attribute name="elasticGC enabled" value="1" />
  <attribute name= "numThreadsSpecified" value="1" />
  <attribute name="heapSize specified" value="0" />
  <attribute name="Current GC Util" value="283" />
  <attribute name= "Current Time Running" value="23712" />
  <attribute name ="GC Interval" value="0" />
  <attribute name="ProportionalT" value="131.500000" />
  <attribute name="ProportionalI" value="131.500000" />
  <attribute name="ProportionalH" value="131.500000" />
  <attribute name="Current Error" value="263.000000" />
  <attribute name="IntegralT" value="0.000000" />
  <attribute name="IntegralI" value="0.000000" />
  <attribute name="IntegralH" value="0.000000" />
  <attribute name="DerivativeT" value="inf" />
  <attribute name="DerivativeI" value="inf" />
  <attribute name="DerivativeH" value="inf" />
  <attribute name="Loop Time for DT" value="0.000000" />
  <attribute name="Output H" value="8388608"/>
  <attribute name="Output I" value="200"/>
  <attribute name="Output T" value="1"/>
  <attribute name="Target GC Util Change" value ="20.000000" />
  <attribute name="Current GC Util Change" value="283.000000"/>
  <attribute name="GC Util currently" value="283" />
  <attribute name="CPU Util currently" value="13339444227025" />
<exclusive-end id="3643" timestamp="2019-07-07T05:37:52.912" durationms="2.886" />

<exclusive-start id="3644" timestamp="2019-07-07T05:37:52.966" intervalms="56.958">
  <response-info timems="0.066" idlems="0.066" threads="0" lastid="000000000202A700" lastname="main" />
</exclusive-start>
<allocation-taxation id="3645" taxation-threshold="30408704" timestamp="2019-07-07T05:37:52.966" intervalms="56.965" />
<cycle-start id="3646" type="partial gc" contextid="0" timestamp="2019-07-07T05:37:52.967" intervalms="56.970" />
<gc-start id="3647" type="partial gc" contextid="3646" timestamp="2019-07-07T05:37:52.967">
  <mem-info id="3648" free="29360128" total="94371840" percent="31">
    <mem type="eden" free="0" total="30408704" percent="0" />
    <remembered-set count="21184" freebytes="3682304" totalbytes="3767040" percent="97" regionsoverflowed="0" regionsstable="12" regionsrebuilding="0"/>
  </mem-info>
</gc-start>
<allocation-stats totalBytes="30403824" >
  <allocated-bytes non-tlh="0" tlh="30403824" arrayletleaf="0"/>
  <largest-consumer threadName="main" threadId="000000000202A700" bytes="30403824" />
</allocation-stats>
<gc-op id="3649" type="copy forward" timems="1.218" contextid="3646" timestamp="2019-07-07T05:37:52.969">
  <memory-copied type="eden" objects="28" bytes="872" bytesdiscarded="0" />
  <memory-copied type="other" objects="42" bytes="1048" bytesdiscarded="392" />
  <memory-cardclean objects="139" bytes="12344" />
  <regions eden="29" other="4" />
  <remembered-set-cleared processed="19323" cleared="59" durationms="0.265" />
  <references type="weak" candidates="2" cleared="0" enqueued="0" />
  <stringconstants candidates="13319" cleared="0"  />
</gc-op>
<gc-op id="3650" type="classunload" timems="0.003" contextid="3646" timestamp="2019-07-07T05:37:52.969">
  <classunload-info classloadercandidates="53" classloadersunloaded="0" classesunloaded="0" anonymousclassesunloaded="0" quiescems="0.000" setupms="0.003" scanms="0.000" postms="0.000" />
</gc-op>
<gc-end id="3651" type="partial gc" contextid="3646" durationms="2.375" usertimems="4.000" systemtimems="0.000" timestamp="2019-07-07T05:37:52.969" activeThreads="1">
  <mem-info id="3652" free="59768832" total="94371840" percent="63">
    <mem type="eden" free="1047704" total="1048576" percent="99" />
    <remembered-set count="21472" freebytes="3681152" totalbytes="3767040" percent="97" regionsoverflowed="0" regionsstable="12" regionsrebuilding="0"/>
  </mem-info>
</gc-end>
<cycle-end id="3653" type="partial gc" contextid="3646" timestamp="2019-07-07T05:37:52.969" />
  <attribute name="elasticGC enabled" value="1" />
  <attribute name= "numThreadsSpecified" value="1" />
  <attribute name="heapSize specified" value="0" />
  <attribute name="Current GC Util" value="271" />
  <attribute name= "Current Time Running" value="23769" />
  <attribute name ="GC Interval" value="0" />
  <attribute name="ProportionalT" value="125.500000" />
  <attribute name="ProportionalI" value="125.500000" />
  <attribute name="ProportionalH" value="125.500000" />
  <attribute name="Current Error" value="251.000000" />
  <attribute name="IntegralT" value="0.000000" />
  <attribute name="IntegralI" value="0.000000" />
  <attribute name="IntegralH" value="0.000000" />
  <attribute name="DerivativeT" value="inf" />
  <attribute name="DerivativeI" value="inf" />
  <attribute name="DerivativeH" value="inf" />
  <attribute name="Loop Time for DT" value="0.000000" />
  <attribute name="Output H" value="8388608"/>
  <attribute name="Output I" value="200"/>
  <attribute name="Output T" value="1"/>
  <attribute name="Target GC Util Change" value ="20.000000" />
  <attribute name="Current GC Util Change" value="271.000000"/>
  <attribute name="GC Util currently" value="271" />
  <attribute name="CPU Util currently" value="12553280159619" />
<exclusive-end id="3654" timestamp="2019-07-07T05:37:52.970" durationms="3.243" />

<exclusive-start id="3655" timestamp="2019-07-07T05:37:53.008" intervalms="41.372">
  <response-info timems="0.034" idlems="0.034" threads="0" lastid="000000000202A700" lastname="main" />
</exclusive-start>
<allocation-taxation id="3656" taxation-threshold="30408704" timestamp="2019-07-07T05:37:53.008" intervalms="41.443" />
<cycle-start id="3657" type="partial gc" contextid="0" timestamp="2019-07-07T05:37:53.008" intervalms="41.507" />
<gc-start id="3658" type="partial gc" contextid="3657" timestamp="2019-07-07T05:37:53.008">
  <mem-info id="3659" free="29360128" total="94371840" percent="31">
    <mem type="eden" free="0" total="30408704" percent="0" />
    <remembered-set count="21248" freebytes="3682048" totalbytes="3767040" percent="97" regionsoverflowed="0" regionsstable="12" regionsrebuilding="0"/>
  </mem-info>
</gc-start>
<allocation-stats totalBytes="30405032" >
  <allocated-bytes non-tlh="0" tlh="30405032" arrayletleaf="0"/>
  <largest-consumer threadName="main" threadId="000000000202A700" bytes="30405032" />
</allocation-stats>
<gc-op id="3660" type="copy forward" timems="1.287" contextid="3657" timestamp="2019-07-07T05:37:53.011">
  <memory-copied type="eden" objects="21" bytes="672" bytesdiscarded="0" />
  <memory-copied type="other" objects="95" bytes="2464" bytesdiscarded="376" />
  <memory-cardclean objects="157" bytes="13568" />
  <regions eden="29" other="4" />
  <remembered-set-cleared processed="19308" cleared="80" durationms="0.260" />
  <references type="weak" candidates="30" cleared="0" enqueued="0" />
  <stringconstants candidates="13319" cleared="0"  />
</gc-op>
<gc-op id="3661" type="classunload" timems="0.004" contextid="3657" timestamp="2019-07-07T05:37:53.011">
  <classunload-info classloadercandidates="53" classloadersunloaded="0" classesunloaded="0" anonymousclassesunloaded="0" quiescems="0.000" setupms="0.004" scanms="0.000" postms="0.000" />
</gc-op>
<heap-resize id="3662" type="contract" space="default" amount="5242880" count="1" timems="0.052" reason="excess free space following gc" timestamp="2019-07-07T05:37:53.011" />
<gc-end id="3663" type="partial gc" contextid="3657" durationms="2.531" usertimems="0.000" systemtimems="4.000" timestamp="2019-07-07T05:37:53.011" activeThreads="1">
  <mem-info id="3664" free="54525952" total="89128960" percent="61">
    <mem type="eden" free="1047904" total="1048576" percent="99" />
    <remembered-set count="21472" freebytes="3681152" totalbytes="3767040" percent="97" regionsoverflowed="0" regionsstable="12" regionsrebuilding="0"/>
  </mem-info>
</gc-end>
<cycle-end id="3665" type="partial gc" contextid="3657" timestamp="2019-07-07T05:37:53.011" />
  <attribute name="elasticGC enabled" value="1" />
  <attribute name= "numThreadsSpecified" value="1" />
  <attribute name="heapSize specified" value="0" />
  <attribute name="Current GC Util" value="264" />
  <attribute name= "Current Time Running" value="23811" />
  <attribute name ="GC Interval" value="0" />
  <attribute name="ProportionalT" value="122.000000" />
  <attribute name="ProportionalI" value="122.000000" />
  <attribute name="ProportionalH" value="122.000000" />
  <attribute name="Current Error" value="244.000000" />
  <attribute name="IntegralT" value="0.000000" />
  <attribute name="IntegralI" value="0.000000" />
  <attribute name="IntegralH" value="0.000000" />
  <attribute name="DerivativeT" value="inf" />
  <attribute name="DerivativeI" value="inf" />
  <attribute name="DerivativeH" value="inf" />
  <attribute name="Loop Time for DT" value="0.000000" />
  <attribute name="Output H" value="8388608"/>
  <attribute name="Output I" value="200"/>
  <attribute name="Output T" value="1"/>
  <attribute name="Target GC Util Change" value ="20.000000" />
  <attribute name="Current GC Util Change" value="264.000000"/>
  <attribute name="GC Util currently" value="264" />
  <attribute name="CPU Util currently" value="11381286673667" />
<exclusive-end id="3666" timestamp="2019-07-07T05:37:53.011" durationms="3.557" />

<exclusive-start id="3667" timestamp="2019-07-07T05:37:53.025" intervalms="16.929">
  <response-info timems="0.068" idlems="0.068" threads="0" lastid="000000000202A700" lastname="main" />
</exclusive-start>
<allocation-taxation id="3668" taxation-threshold="28311552" timestamp="2019-07-07T05:37:53.025" intervalms="16.792" />
<cycle-start id="3669" type="partial gc" contextid="0" timestamp="2019-07-07T05:37:53.025" intervalms="16.749" />
<gc-start id="3670" type="partial gc" contextid="3669" timestamp="2019-07-07T05:37:53.025">
  <mem-info id="3671" free="26214400" total="89128960" percent="29">
    <mem type="eden" free="0" total="28311552" percent="0" />
    <remembered-set count="21248" freebytes="3682048" totalbytes="3767040" percent="97" regionsoverflowed="0" regionsstable="12" regionsrebuilding="0"/>
  </mem-info>
</gc-start>
<allocation-stats totalBytes="28310400" >
  <allocated-bytes non-tlh="0" tlh="28310400" arrayletleaf="0"/>
  <largest-consumer threadName="main" threadId="000000000202A700" bytes="28310400" />
</allocation-stats>
<gc-op id="3672" type="copy forward" timems="2.765" contextid="3669" timestamp="2019-07-07T05:37:53.029">
  <memory-copied type="eden" objects="21" bytes="808" bytesdiscarded="696" />
  <memory-copied type="other" objects="7" bytes="3184" bytesdiscarded="832" />
  <memory-cardclean objects="66" bytes="2168" />
  <regions eden="27" other="2" />
  <remembered-set-cleared processed="19287" cleared="22" durationms="0.161" />
  <stringconstants candidates="13319" cleared="0"  />
</gc-op>
<gc-op id="3673" type="classunload" timems="0.003" contextid="3669" timestamp="2019-07-07T05:37:53.029">
  <classunload-info classloadercandidates="53" classloadersunloaded="0" classesunloaded="0" anonymousclassesunloaded="0" quiescems="0.000" setupms="0.003" scanms="0.000" postms="0.000" />
</gc-op>
<gc-end id="3674" type="partial gc" contextid="3669" durationms="4.022" usertimems="8.000" systemtimems="0.000" timestamp="2019-07-07T05:37:53.029" activeThreads="4">
  <mem-info id="3675" free="54525952" total="89128960" percent="61">
    <mem type="eden" free="1047072" total="1048576" percent="99" />
    <remembered-set count="20960" freebytes="3473920" totalbytes="3557760" percent="97" regionsoverflowed="0" regionsstable="12" regionsrebuilding="0"/>
  </mem-info>
</gc-end>
<cycle-end id="3676" type="partial gc" contextid="3669" timestamp="2019-07-07T05:37:53.029" />
  <attribute name="elasticGC enabled" value="1" />
  <attribute name= "numThreadsSpecified" value="4" />
  <attribute name="heapSize specified" value="0" />
  <attribute name="Current GC Util" value="169" />
  <attribute name= "Current Time Running" value="23828" />
  <attribute name ="GC Interval" value="0" />
  <attribute name="ProportionalT" value="74.500000" />
  <attribute name="ProportionalI" value="74.500000" />
  <attribute name="ProportionalH" value="74.500000" />
  <attribute name="Current Error" value="149.000000" />
  <attribute name="IntegralT" value="74.500000" />
  <attribute name="IntegralI" value="74.500000" />
  <attribute name="IntegralH" value="74.500000" />
  <attribute name="DerivativeT" value="149.000000" />
  <attribute name="DerivativeI" value="149.000000" />
  <attribute name="DerivativeH" value="149.000000" />
  <attribute name="Loop Time for DT" value="1.000000" />
  <attribute name="Output H" value="8388608"/>
  <attribute name="Output I" value="304"/>
  <attribute name="Output T" value="4"/>
  <attribute name="Target GC Util Change" value ="20.000000" />
  <attribute name="Current GC Util Change" value="169.000000"/>
  <attribute name="GC Util currently" value="169" />
  <attribute name="CPU Util currently" value="7906944729580" />
<exclusive-end id="3677" timestamp="2019-07-07T05:37:53.029" durationms="4.782" />

<exclusive-start id="3678" timestamp="2019-07-07T05:37:53.107" intervalms="82.031">
  <response-info timems="0.065" idlems="0.065" threads="0" lastid="000000000202A700" lastname="main" />
</exclusive-start>
<allocation-taxation id="3679" taxation-threshold="28311552" timestamp="2019-07-07T05:37:53.107" intervalms="82.127" />
<cycle-start id="3680" type="partial gc" contextid="0" timestamp="2019-07-07T05:37:53.107" intervalms="82.180" />
<gc-start id="3681" type="partial gc" contextid="3680" timestamp="2019-07-07T05:37:53.107">
  <mem-info id="3682" free="26214400" total="89128960" percent="29">
    <mem type="eden" free="1047072" total="29360128" percent="3" />
    <remembered-set count="1440" freebytes="3552000" totalbytes="3557760" percent="99" regionsoverflowed="0" regionsstable="18" regionsrebuilding="0"/>
  </mem-info>
</gc-start>
<allocation-stats totalBytes="28309760" >
  <allocated-bytes non-tlh="0" tlh="28309760" arrayletleaf="0"/>
  <largest-consumer threadName="main" threadId="000000000202A700" bytes="28309760" />
</allocation-stats>
<gc-op id="3683" type="copy forward" timems="2.714" contextid="3680" timestamp="2019-07-07T05:37:53.111">
  <memory-copied type="eden" objects="19" bytes="600" bytesdiscarded="680" />
  <memory-copied type="other" objects="2262" bytes="138288" bytesdiscarded="10168" />
  <memory-cardclean objects="287" bytes="23864" />
  <regions eden="27" other="3" />
  <remembered-set-cleared processed="45" cleared="14" durationms="0.086" />
  <references type="soft" candidates="15" cleared="0" enqueued="0" dynamicThreshold="19" maxThreshold="32" />
  <references type="weak" candidates="99" cleared="0" enqueued="0" />
  <stringconstants candidates="13319" cleared="0"  />
</gc-op>
<gc-op id="3684" type="classunload" timems="0.003" contextid="3680" timestamp="2019-07-07T05:37:53.111">
  <classunload-info classloadercandidates="53" classloadersunloaded="0" classesunloaded="0" anonymousclassesunloaded="0" quiescems="0.000" setupms="0.003" scanms="0.000" postms="0.000" />
</gc-op>
<heap-resize id="3685" type="contract" space="default" amount="2097152" count="1" timems="0.044" reason="excess free space following gc" timestamp="2019-07-07T05:37:53.111" />
<gc-end id="3686" type="partial gc" contextid="3680" durationms="3.898" usertimems="8.000" systemtimems="0.000" timestamp="2019-07-07T05:37:53.111" activeThreads="4">
  <mem-info id="3687" free="53477376" total="87031808" percent="61">
    <mem type="eden" free="2095008" total="2097152" percent="99" />
    <remembered-set count="1920" freebytes="3550080" totalbytes="3557760" percent="99" regionsoverflowed="0" regionsstable="18" regionsrebuilding="0"/>
  </mem-info>
</gc-end>
<cycle-end id="3688" type="partial gc" contextid="3680" timestamp="2019-07-07T05:37:53.111" />
  <attribute name="elasticGC enabled" value="1" />
  <attribute name= "numThreadsSpecified" value="4" />
  <attribute name="heapSize specified" value="0" />
  <attribute name="Current GC Util" value="225" />
  <attribute name= "Current Time Running" value="23910" />
  <attribute name ="GC Interval" value="0" />
  <attribute name="ProportionalT" value="102.500000" />
  <attribute name="ProportionalI" value="102.500000" />
  <attribute name="ProportionalH" value="102.500000" />
  <attribute name="Current Error" value="205.000000" />
  <attribute name="IntegralT" value="102.500000" />
  <attribute name="IntegralI" value="102.500000" />
  <attribute name="IntegralH" value="102.500000" />
  <attribute name="DerivativeT" value="205.000000" />
  <attribute name="DerivativeI" value="205.000000" />
  <attribute name="DerivativeH" value="205.000000" />
  <attribute name="Loop Time for DT" value="1.000000" />
  <attribute name="Output H" value="8388608"/>
  <attribute name="Output I" value="416"/>
  <attribute name="Output T" value="4"/>
  <attribute name="Target GC Util Change" value ="20.000000" />
  <attribute name="Current GC Util Change" value="225.000000"/>
  <attribute name="GC Util currently" value="225" />
  <attribute name="CPU Util currently" value="13479456396628" />
<exclusive-end id="3689" timestamp="2019-07-07T05:37:53.111" durationms="4.796" />

<exclusive-start id="3690" timestamp="2019-07-07T05:37:53.200" intervalms="93.698">
  <response-info timems="0.088" idlems="0.088" threads="0" lastid="000000000202A700" lastname="main" />
</exclusive-start>
<allocation-taxation id="3691" taxation-threshold="28311552" timestamp="2019-07-07T05:37:53.201" intervalms="93.717" />
<cycle-start id="3692" type="partial gc" contextid="0" timestamp="2019-07-07T05:37:53.201" intervalms="93.682" />
<gc-start id="3693" type="partial gc" contextid="3692" timestamp="2019-07-07T05:37:53.201">
  <mem-info id="3694" free="25165824" total="87031808" percent="28">
    <mem type="eden" free="0" total="28311552" percent="0" />
    <remembered-set count="1920" freebytes="3550080" totalbytes="3557760" percent="99" regionsoverflowed="0" regionsstable="18" regionsrebuilding="0"/>
  </mem-info>
</gc-start>
<allocation-stats totalBytes="28309552" >
  <allocated-bytes non-tlh="0" tlh="28309552" arrayletleaf="0"/>
  <largest-consumer threadName="main" threadId="000000000202A700" bytes="28309552" />
</allocation-stats>
<gc-op id="3695" type="copy forward" timems="4.042" contextid="3692" timestamp="2019-07-07T05:37:53.206">
  <memory-copied type="eden" objects="39" bytes="1056" bytesdiscarded="408" />
  <memory-copied type="other" objects="6" bytes="136" bytesdiscarded="672" />
  <memory-cardclean objects="64" bytes="2080" />
  <regions eden="27" other="1" />
  <remembered-set-cleared processed="79" cleared="11" durationms="0.142" />
  <stringconstants candidates="13319" cleared="0"  />
</gc-op>
<gc-op id="3696" type="classunload" timems="0.004" contextid="3692" timestamp="2019-07-07T05:37:53.206">
  <classunload-info classloadercandidates="53" classloadersunloaded="0" classesunloaded="0" anonymousclassesunloaded="0" quiescems="0.000" setupms="0.004" scanms="0.000" postms="0.000" />
</gc-op>
<gc-end id="3697" type="partial gc" contextid="3692" durationms="5.610" usertimems="8.000" systemtimems="0.000" timestamp="2019-07-07T05:37:53.207" activeThreads="4">
  <mem-info id="3698" free="52428800" total="87031808" percent="60">
    <mem type="eden" free="1047112" total="1048576" percent="99" />
    <remembered-set count="1504" freebytes="3468032" totalbytes="3474048" percent="99" regionsoverflowed="0" regionsstable="18" regionsrebuilding="0"/>
  </mem-info>
</gc-end>
<cycle-end id="3699" type="partial gc" contextid="3692" timestamp="2019-07-07T05:37:53.207" />
  <attribute name="elasticGC enabled" value="1" />
  <attribute name= "numThreadsSpecified" value="4" />
  <attribute name="heapSize specified" value="0" />
  <attribute name="Current GC Util" value="105" />
  <attribute name= "Current Time Running" value="24004" />
  <attribute name ="GC Interval" value="0" />
  <attribute name="ProportionalT" value="42.500000" />
  <attribute name="ProportionalI" value="42.500000" />
  <attribute name="ProportionalH" value="42.500000" />
  <attribute name="Current Error" value="85.000000" />
  <attribute name="IntegralT" value="42.500000" />
  <attribute name="IntegralI" value="42.500000" />
  <attribute name="IntegralH" value="42.500000" />
  <attribute name="DerivativeT" value="85.000000" />
  <attribute name="DerivativeI" value="85.000000" />
  <attribute name="DerivativeH" value="85.000000" />
  <attribute name="Loop Time for DT" value="1.000000" />
  <attribute name="Output H" value="8388608"/>
  <attribute name="Output I" value="200"/>
  <attribute name="Output T" value="4"/>
  <attribute name="Target GC Util Change" value ="20.000000" />
  <attribute name="Current GC Util Change" value="105.000000"/>
  <attribute name="GC Util currently" value="105" />
  <attribute name="CPU Util currently" value="6288365429660" />
<exclusive-end id="3700" timestamp="2019-07-07T05:37:53.207" durationms="6.631" />

<exclusive-start id="3701" timestamp="2019-07-07T05:37:53.219" intervalms="18.286">
  <response-info timems="0.061" idlems="0.061" threads="0" lastid="000000000202A700" lastname="main" />
</exclusive-start>
<allocation-taxation id="3702" taxation-threshold="28311552" timestamp="2019-07-07T05:37:53.219" intervalms="18.222" />
<cycle-start id="3703" type="partial gc" contextid="0" timestamp="2019-07-07T05:37:53.219" intervalms="18.260" />
<gc-start id="3704" type="partial gc" contextid="3703" timestamp="2019-07-07T05:37:53.219">
  <mem-info id="3705" free="24117248" total="87031808" percent="27">
    <mem type="eden" free="0" total="28311552" percent="0" />
    <remembered-set count="1120" freebytes="3469568" totalbytes="3474048" percent="99" regionsoverflowed="0" regionsstable="18" regionsrebuilding="0"/>
  </mem-info>
</gc-start>
<allocation-stats totalBytes="28309536" >
  <allocated-bytes non-tlh="0" tlh="28309536" arrayletleaf="0"/>
  <largest-consumer threadName="main" threadId="000000000202A700" bytes="28309536" />
</allocation-stats>
<gc-op id="3706" type="copy forward" timems="3.552" contextid="3703" timestamp="2019-07-07T05:37:53.224">
  <memory-copied type="eden" objects="2" bytes="48" bytesdiscarded="0" />
  <memory-copied type="other" objects="35" bytes="960" bytesdiscarded="336" />
  <memory-cardclean objects="54" bytes="1904" />
  <regions eden="27" other="1" />
  <remembered-set-cleared processed="82" cleared="14" durationms="0.088" />
  <stringconstants candidates="13319" cleared="0"  />
</gc-op>
<gc-op id="3707" type="classunload" timems="0.003" contextid="3703" timestamp="2019-07-07T05:37:53.224">
  <classunload-info classloadercandidates="53" classloadersunloaded="0" classesunloaded="0" anonymousclassesunloaded="0" quiescems="0.000" setupms="0.003" scanms="0.000" postms="0.000" />
</gc-op>
<gc-end id="3708" type="partial gc" contextid="3703" durationms="4.832" usertimems="12.000" systemtimems="0.000" timestamp="2019-07-07T05:37:53.224" activeThreads="4">
  <mem-info id="3709" free="51380224" total="87031808" percent="59">
    <mem type="eden" free="1048528" total="1048576" percent="99" />
    <remembered-set count="2016" freebytes="3465984" totalbytes="3474048" percent="99" regionsoverflowed="0" regionsstable="18" regionsrebuilding="0"/>
  </mem-info>
</gc-end>
<cycle-end id="3710" type="partial gc" contextid="3703" timestamp="2019-07-07T05:37:53.224" />
  <attribute name="elasticGC enabled" value="1" />
  <attribute name= "numThreadsSpecified" value="4" />
  <attribute name="heapSize specified" value="0" />
  <attribute name="Current GC Util" value="167" />
  <attribute name= "Current Time Running" value="24022" />
  <attribute name ="GC Interval" value="0" />
  <attribute name="ProportionalT" value="73.500000" />
  <attribute name="ProportionalI" value="73.500000" />
  <attribute name="ProportionalH" value="73.500000" />
  <attribute name="Current Error" value="147.000000" />
  <attribute name="IntegralT" value="73.500000" />
  <attribute name="IntegralI" value="73.500000" />
  <attribute name="IntegralH" value="73.500000" />
  <attribute name="DerivativeT" value="109.000000" />
  <attribute name="DerivativeI" value="109.000000" />
  <attribute name="DerivativeH" value="109.000000" />
  <attribute name="Loop Time for DT" value="1.000000" />
  <attribute name="Output H" value="8388608"/>
  <attribute name="Output I" value="256"/>
  <attribute name="Output T" value="4"/>
  <attribute name="Target GC Util Change" value ="20.000000" />
  <attribute name="Current GC Util Change" value="167.000000"/>
  <attribute name="GC Util currently" value="167" />
  <attribute name="CPU Util currently" value="9259911567338" />
<exclusive-end id="3711" timestamp="2019-07-07T05:37:53.224" durationms="5.808" />

<exclusive-start id="3712" timestamp="2019-07-07T05:37:53.257" intervalms="38.510">
  <response-info timems="0.059" idlems="0.059" threads="0" lastid="000000000202A700" lastname="main" />
</exclusive-start>
<allocation-taxation id="3713" taxation-threshold="28311552" timestamp="2019-07-07T05:37:53.257" intervalms="38.542" />
<cycle-start id="3714" type="partial gc" contextid="0" timestamp="2019-07-07T05:37:53.257" intervalms="38.544" />
<gc-start id="3715" type="partial gc" contextid="3714" timestamp="2019-07-07T05:37:53.258">
  <mem-info id="3716" free="23068672" total="87031808" percent="26">
    <mem type="eden" free="1048528" total="29360128" percent="3" />
    <remembered-set count="1632" freebytes="3467520" totalbytes="3474048" percent="99" regionsoverflowed="0" regionsstable="18" regionsrebuilding="0"/>
  </mem-info>
</gc-start>
<allocation-stats totalBytes="28309576" >
  <allocated-bytes non-tlh="0" tlh="28309576" arrayletleaf="0"/>
  <largest-consumer threadName="main" threadId="000000000202A700" bytes="28309576" />
</allocation-stats>
<gc-op id="3717" type="copy forward" timems="1.063" contextid="3714" timestamp="2019-07-07T05:37:53.260">
  <memory-copied type="eden" objects="32" bytes="952" bytesdiscarded="0" />
  <memory-copied type="other" objects="0" bytes="0" bytesdiscarded="0" />
  <memory-cardclean objects="79" bytes="2624" />
  <regions eden="27" other="1" />
  <remembered-set-cleared processed="86" cleared="14" durationms="0.109" />
  <stringconstants candidates="13319" cleared="0"  />
</gc-op>
<gc-op id="3718" type="classunload" timems="0.003" contextid="3714" timestamp="2019-07-07T05:37:53.260">
  <classunload-info classloadercandidates="53" classloadersunloaded="0" classesunloaded="0" anonymousclassesunloaded="0" quiescems="0.000" setupms="0.003" scanms="0.000" postms="0.000" />
</gc-op>
<gc-end id="3719" type="partial gc" contextid="3714" durationms="2.293" usertimems="4.000" systemtimems="0.000" timestamp="2019-07-07T05:37:53.260" activeThreads="1">
  <mem-info id="3720" free="51380224" total="87031808" percent="59">
    <mem type="eden" free="1047624" total="1048576" percent="99" />
    <remembered-set count="1728" freebytes="3467136" totalbytes="3474048" percent="99" regionsoverflowed="0" regionsstable="18" regionsrebuilding="0"/>
  </mem-info>
</gc-end>
<cycle-end id="3721" type="partial gc" contextid="3714" timestamp="2019-07-07T05:37:53.260" />
  <attribute name="elasticGC enabled" value="1" />
  <attribute name= "numThreadsSpecified" value="1" />
  <attribute name="heapSize specified" value="0" />
  <attribute name="Current GC Util" value="161" />
  <attribute name= "Current Time Running" value="24060" />
  <attribute name ="GC Interval" value="0" />
  <attribute name="ProportionalT" value="70.500000" />
  <attribute name="ProportionalI" value="70.500000" />
  <attribute name="ProportionalH" value="70.500000" />
  <attribute name="Current Error" value="141.000000" />
  <attribute name="IntegralT" value="0.000000" />
  <attribute name="IntegralI" value="0.000000" />
  <attribute name="IntegralH" value="0.000000" />
  <attribute name="DerivativeT" value="inf" />
  <attribute name="DerivativeI" value="inf" />
  <attribute name="DerivativeH" value="inf" />
  <attribute name="Loop Time for DT" value="0.000000" />
  <attribute name="Output H" value="8388608"/>
  <attribute name="Output I" value="200"/>
  <attribute name="Output T" value="1"/>
  <attribute name="Target GC Util Change" value ="20.000000" />
  <attribute name="Current GC Util Change" value="161.000000"/>
  <attribute name="GC Util currently" value="161" />
  <attribute name="CPU Util currently" value="8831382224897" />
<exclusive-end id="3722" timestamp="2019-07-07T05:37:53.261" durationms="3.560" />

<exclusive-start id="3723" timestamp="2019-07-07T05:37:53.277" intervalms="20.316">
  <response-info timems="0.057" idlems="0.057" threads="0" lastid="000000000202A700" lastname="main" />
</exclusive-start>
<allocation-taxation id="3724" taxation-threshold="13631488" timestamp="2019-07-07T05:37:53.278" intervalms="20.290" />
<cycle-start id="3725" type="global mark phase" contextid="0" timestamp="2019-07-07T05:37:53.278" intervalms="710.116" />
<gc-start id="3726" type="global mark phase" contextid="3725" timestamp="2019-07-07T05:37:53.278">
  <mem-info id="3727" free="37748736" total="87031808" percent="43">
    <remembered-set count="1248" freebytes="3469056" totalbytes="3474048" percent="99" regionsoverflowed="0" regionsstable="18" regionsrebuilding="0"/>
  </mem-info>
</gc-start>
<gc-op id="3728" type="mark increment" timems="1.525" contextid="3725" timestamp="2019-07-07T05:37:53.280">
  <trace-info objectcount="189" scancount="0" scanbytes="0" />
</gc-op>
<gc-end id="3729" type="global mark phase" contextid="3725" durationms="1.744" usertimems="4.000" systemtimems="0.000" timestamp="2019-07-07T05:37:53.280" activeThreads="4">
  <mem-info id="3730" free="37748736" total="87031808" percent="43">
    <remembered-set count="1248" freebytes="3469056" totalbytes="3474048" percent="99" regionsoverflowed="0" regionsstable="0" regionsrebuilding="18"/>
  </mem-info>
</gc-end>
<concurrent-start id="3731" type="GMP work packet processing" contextid="3725" timestamp="2019-07-07T05:37:53.280">
  <concurrent-mark-start scanTarget="1602279" />
</concurrent-start>
<exclusive-end id="3732" timestamp="2019-07-07T05:37:53.280" durationms="2.520" />

<concurrent-end id="3733" type="GMP work packet processing" contextid="3725" timestamp="2019-07-07T05:37:53.283">
  <concurrent-mark-end bytesScanned="1716180" reasonForTermination="Work target met" />
</concurrent-end>

<exclusive-start id="3734" timestamp="2019-07-07T05:37:53.296" intervalms="18.762">
  <response-info timems="0.065" idlems="0.065" threads="0" lastid="000000000202A700" lastname="main" />
</exclusive-start>
<allocation-taxation id="3735" taxation-threshold="13631488" timestamp="2019-07-07T05:37:53.296" intervalms="18.774" />
<cycle-start id="3736" type="partial gc" contextid="0" timestamp="2019-07-07T05:37:53.297" intervalms="39.068" />
<gc-start id="3737" type="partial gc" contextid="3736" timestamp="2019-07-07T05:37:53.297">
  <mem-info id="3738" free="24117248" total="87031808" percent="27">
    <mem type="eden" free="0" total="27262976" percent="0" />
    <remembered-set count="18656" freebytes="3399424" totalbytes="3474048" percent="97" regionsoverflowed="0" regionsstable="0" regionsrebuilding="18"/>
  </mem-info>
</gc-start>
<allocation-stats totalBytes="27261192" >
  <allocated-bytes non-tlh="0" tlh="27261192" arrayletleaf="0"/>
  <largest-consumer threadName="main" threadId="000000000202A700" bytes="13630640" />
</allocation-stats>
<gc-op id="3739" type="copy forward" timems="1.191" contextid="3736" timestamp="2019-07-07T05:37:53.299">
  <memory-copied type="eden" objects="26" bytes="824" bytesdiscarded="0" />
  <memory-copied type="other" objects="8" bytes="184" bytesdiscarded="0" />
  <memory-cardclean objects="78" bytes="2608" />
  <regions eden="26" other="1" />
  <remembered-set-cleared processed="16259" cleared="109" durationms="0.220" />
  <stringconstants candidates="13319" cleared="0"  />
</gc-op>
<gc-op id="3740" type="classunload" timems="0.004" contextid="3736" timestamp="2019-07-07T05:37:53.299">
  <classunload-info classloadercandidates="53" classloadersunloaded="0" classesunloaded="0" anonymousclassesunloaded="0" quiescems="0.000" setupms="0.004" scanms="0.000" postms="0.000" />
</gc-op>
<heap-resize id="3741" type="expand" space="default" amount="5242880" count="1" timems="0.058" reason="excessive time being spent in gc" timestamp="2019-07-07T05:37:53.299" />
<gc-end id="3742" type="partial gc" contextid="3736" durationms="2.339" usertimems="0.000" systemtimems="4.000" timestamp="2019-07-07T05:37:53.299" activeThreads="1">
  <mem-info id="3743" free="55574528" total="92274688" percent="60">
    <mem type="eden" free="1047752" total="1048576" percent="99" />
    <remembered-set count="18976" freebytes="3607424" totalbytes="3683328" percent="97" regionsoverflowed="0" regionsstable="0" regionsrebuilding="18"/>
  </mem-info>
</gc-end>
<cycle-end id="3744" type="partial gc" contextid="3736" timestamp="2019-07-07T05:37:53.299" />
  <attribute name="elasticGC enabled" value="1" />
  <attribute name= "numThreadsSpecified" value="1" />
  <attribute name="heapSize specified" value="0" />
  <attribute name="Current GC Util" value="55" />
  <attribute name= "Current Time Running" value="24099" />
  <attribute name ="GC Interval" value="0" />
  <attribute name="ProportionalT" value="17.500000" />
  <attribute name="ProportionalI" value="17.500000" />
  <attribute name="ProportionalH" value="17.500000" />
  <attribute name="Current Error" value="35.000000" />
  <attribute name="IntegralT" value="0.000000" />
  <attribute name="IntegralI" value="0.000000" />
  <attribute name="IntegralH" value="0.000000" />
  <attribute name="DerivativeT" value="inf" />
  <attribute name="DerivativeI" value="inf" />
  <attribute name="DerivativeH" value="inf" />
  <attribute name="Loop Time for DT" value="0.000000" />
  <attribute name="Output H" value="8388608"/>
  <attribute name="Output I" value="200"/>
  <attribute name="Output T" value="1"/>
  <attribute name="Target GC Util Change" value ="20.000000" />
  <attribute name="Current GC Util Change" value="55.000000"/>
  <attribute name="GC Util currently" value="55" />
  <attribute name="CPU Util currently" value="20250496098695" />
<exclusive-end id="3745" timestamp="2019-07-07T05:37:53.300" durationms="3.382" />

<exclusive-start id="3746" timestamp="2019-07-07T05:37:53.313" intervalms="16.998">
  <response-info timems="0.057" idlems="0.057" threads="0" lastid="000000000202A700" lastname="main" />
</exclusive-start>
<allocation-taxation id="3747" taxation-threshold="14680064" timestamp="2019-07-07T05:37:53.313" intervalms="16.956" />
<gc-start id="3748" type="global mark phase" contextid="3725" timestamp="2019-07-07T05:37:53.313">
  <mem-info id="3749" free="40894464" total="92274688" percent="44">
    <remembered-set count="18560" freebytes="3609088" totalbytes="3683328" percent="97" regionsoverflowed="0" regionsstable="0" regionsrebuilding="18"/>
  </mem-info>
</gc-start>
<gc-end id="3750" type="global mark phase" contextid="3725" durationms="0.145" usertimems="0.000" systemtimems="0.000" timestamp="2019-07-07T05:37:53.314" activeThreads="1">
  <mem-info id="3751" free="40894464" total="92274688" percent="44">
    <remembered-set count="18560" freebytes="3609088" totalbytes="3683328" percent="97" regionsoverflowed="0" regionsstable="0" regionsrebuilding="18"/>
  </mem-info>
</gc-end>
<concurrent-start id="3752" type="GMP work packet processing" contextid="3725" timestamp="2019-07-07T05:37:53.314">
  <concurrent-mark-start scanTarget="1048576" />
</concurrent-start>
<exclusive-end id="3753" timestamp="2019-07-07T05:37:53.314" durationms="0.779" />

<concurrent-end id="3754" type="GMP work packet processing" contextid="3725" timestamp="2019-07-07T05:37:53.315">
  <concurrent-mark-end bytesScanned="1079916" reasonForTermination="Work target met" />
</concurrent-end>

<exclusive-start id="3755" timestamp="2019-07-07T05:37:53.328" intervalms="14.966">
  <response-info timems="0.056" idlems="0.056" threads="0" lastid="000000000202A700" lastname="main" />
</exclusive-start>
<allocation-taxation id="3756" taxation-threshold="14680064" timestamp="2019-07-07T05:37:53.328" intervalms="14.966" />
<cycle-start id="3757" type="partial gc" contextid="0" timestamp="2019-07-07T05:37:53.328" intervalms="31.890" />
<gc-start id="3758" type="partial gc" contextid="3757" timestamp="2019-07-07T05:37:53.329">
  <mem-info id="3759" free="26214400" total="92274688" percent="28">
    <mem type="eden" free="0" total="29360128" percent="0" />
    <remembered-set count="26080" freebytes="3579008" totalbytes="3683328" percent="97" regionsoverflowed="0" regionsstable="0" regionsrebuilding="18"/>
  </mem-info>
</gc-start>
<allocation-stats totalBytes="29357840" >
  <allocated-bytes non-tlh="0" tlh="29357840" arrayletleaf="0"/>
  <largest-consumer threadName="main" threadId="000000000202A700" bytes="14678984" />
</allocation-stats>
<gc-op id="3760" type="copy forward" timems="1.242" contextid="3757" timestamp="2019-07-07T05:37:53.331">
  <memory-copied type="eden" objects="12" bytes="296" bytesdiscarded="0" />
  <memory-copied type="other" objects="17" bytes="568" bytesdiscarded="0" />
  <memory-cardclean objects="55" bytes="1928" />
  <regions eden="28" other="1" />
  <remembered-set-cleared processed="24266" cleared="38" durationms="0.269" />
  <stringconstants candidates="13319" cleared="0"  />
</gc-op>
<gc-op id="3761" type="classunload" timems="0.003" contextid="3757" timestamp="2019-07-07T05:37:53.331">
  <classunload-info classloadercandidates="53" classloadersunloaded="0" classesunloaded="0" anonymousclassesunloaded="0" quiescems="0.000" setupms="0.003" scanms="0.000" postms="0.000" />
</gc-op>
<gc-end id="3762" type="partial gc" contextid="3757" durationms="2.215" usertimems="0.000" systemtimems="0.000" timestamp="2019-07-07T05:37:53.331" activeThreads="1">
  <mem-info id="3763" free="54525952" total="92274688" percent="59">
    <mem type="eden" free="1048280" total="1048576" percent="99" />
    <remembered-set count="26528" freebytes="3577216" totalbytes="3683328" percent="97" regionsoverflowed="0" regionsstable="0" regionsrebuilding="18"/>
  </mem-info>
</gc-end>
<cycle-end id="3764" type="partial gc" contextid="3757" timestamp="2019-07-07T05:37:53.331" />
  <attribute name="elasticGC enabled" value="1" />
  <attribute name= "numThreadsSpecified" value="1" />
  <attribute name="heapSize specified" value="0" />
  <attribute name="Current GC Util" value="56" />
  <attribute name= "Current Time Running" value="24131" />
  <attribute name ="GC Interval" value="0" />
  <attribute name="ProportionalT" value="18.000000" />
  <attribute name="ProportionalI" value="18.000000" />
  <attribute name="ProportionalH" value="18.000000" />
  <attribute name="Current Error" value="36.000000" />
  <attribute name="IntegralT" value="0.000000" />
  <attribute name="IntegralI" value="0.000000" />
  <attribute name="IntegralH" value="0.000000" />
  <attribute name="DerivativeT" value="inf" />
  <attribute name="DerivativeI" value="inf" />
  <attribute name="DerivativeH" value="inf" />
  <attribute name="Loop Time for DT" value="0.000000" />
  <attribute name="Output H" value="8388608"/>
  <attribute name="Output I" value="200"/>
  <attribute name="Output T" value="1"/>
  <attribute name="Target GC Util Change" value ="20.000000" />
  <attribute name="Current GC Util Change" value="56.000000"/>
  <attribute name="GC Util currently" value="56" />
  <attribute name="CPU Util currently" value="20868679361760" />
<exclusive-end id="3765" timestamp="2019-07-07T05:37:53.331" durationms="3.058" />

<exclusive-start id="3766" timestamp="2019-07-07T05:37:53.345" intervalms="16.934">
  <response-info timems="0.057" idlems="0.057" threads="0" lastid="000000000202A700" lastname="main" />
</exclusive-start>
<allocation-taxation id="3767" taxation-threshold="14680064" timestamp="2019-07-07T05:37:53.345" intervalms="16.958" />
<gc-start id="3768" type="global mark phase" contextid="3725" timestamp="2019-07-07T05:37:53.345">
  <mem-info id="3769" free="39845888" total="92274688" percent="43">
    <remembered-set count="26112" freebytes="3578880" totalbytes="3683328" percent="97" regionsoverflowed="0" regionsstable="0" regionsrebuilding="18"/>
  </mem-info>
</gc-start>
<gc-end id="3770" type="global mark phase" contextid="3725" durationms="0.111" usertimems="0.000" systemtimems="0.000" timestamp="2019-07-07T05:37:53.346" activeThreads="1">
  <mem-info id="3771" free="39845888" total="92274688" percent="43">
    <remembered-set count="26112" freebytes="3578880" totalbytes="3683328" percent="97" regionsoverflowed="0" regionsstable="0" regionsrebuilding="18"/>
  </mem-info>
</gc-end>
<concurrent-start id="3772" type="GMP work packet processing" contextid="3725" timestamp="2019-07-07T05:37:53.346">
  <concurrent-mark-start scanTarget="1048576" />
</concurrent-start>
<exclusive-end id="3773" timestamp="2019-07-07T05:37:53.346" durationms="0.676" />

<concurrent-end id="3774" type="GMP work packet processing" contextid="3725" timestamp="2019-07-07T05:37:53.347">
  <concurrent-mark-end bytesScanned="1079368" reasonForTermination="Work target met" />
</concurrent-end>

<exclusive-start id="3775" timestamp="2019-07-07T05:37:53.413" intervalms="67.887">
  <response-info timems="0.059" idlems="0.059" threads="0" lastid="000000000202A700" lastname="main" />
</exclusive-start>
<allocation-taxation id="3776" taxation-threshold="14680064" timestamp="2019-07-07T05:37:53.413" intervalms="67.884" />
<cycle-start id="3777" type="partial gc" contextid="0" timestamp="2019-07-07T05:37:53.413" intervalms="84.788" />
<gc-start id="3778" type="partial gc" contextid="3777" timestamp="2019-07-07T05:37:53.413">
  <mem-info id="3779" free="25165824" total="92274688" percent="27">
    <mem type="eden" free="1048280" total="30408704" percent="3" />
    <remembered-set count="35712" freebytes="3540480" totalbytes="3683328" percent="96" regionsoverflowed="0" regionsstable="0" regionsrebuilding="18"/>
  </mem-info>
</gc-start>
<allocation-stats totalBytes="29354136" >
  <allocated-bytes non-tlh="0" tlh="29354136" arrayletleaf="0"/>
  <largest-consumer threadName="main" threadId="000000000202A700" bytes="14675232" />
</allocation-stats>
<gc-op id="3780" type="copy forward" timems="1.381" contextid="3777" timestamp="2019-07-07T05:37:53.416">
  <memory-copied type="eden" objects="53" bytes="2192" bytesdiscarded="0" />
  <memory-copied type="other" objects="0" bytes="0" bytesdiscarded="0" />
  <memory-cardclean objects="76" bytes="2600" />
  <regions eden="28" other="1" />
  <remembered-set-cleared processed="33227" cleared="34" durationms="0.366" />
  <stringconstants candidates="13319" cleared="0"  />
</gc-op>
<gc-op id="3781" type="classunload" timems="0.004" contextid="3777" timestamp="2019-07-07T05:37:53.416">
  <classunload-info classloadercandidates="53" classloadersunloaded="0" classesunloaded="0" anonymousclassesunloaded="0" quiescems="0.000" setupms="0.004" scanms="0.000" postms="0.000" />
</gc-op>
<heap-resize id="3782" type="contract" space="default" amount="5242880" count="1" timems="0.051" reason="insufficient time being spent in gc" timestamp="2019-07-07T05:37:53.416" />
<gc-end id="3783" type="partial gc" contextid="3777" durationms="2.553" usertimems="0.000" systemtimems="0.000" timestamp="2019-07-07T05:37:53.416" activeThreads="1">
  <mem-info id="3784" free="49283072" total="87031808" percent="56">
    <mem type="eden" free="1046384" total="1048576" percent="99" />
    <remembered-set count="36160" freebytes="3538688" totalbytes="3683328" percent="96" regionsoverflowed="0" regionsstable="0" regionsrebuilding="18"/>
  </mem-info>
</gc-end>
<cycle-end id="3785" type="partial gc" contextid="3777" timestamp="2019-07-07T05:37:53.416" />
  <attribute name="elasticGC enabled" value="1" />
  <attribute name= "numThreadsSpecified" value="1" />
  <attribute name="heapSize specified" value="0" />
  <attribute name="Current GC Util" value="45" />
  <attribute name= "Current Time Running" value="24216" />
  <attribute name ="GC Interval" value="0" />
  <attribute name="ProportionalT" value="12.500000" />
  <attribute name="ProportionalI" value="12.500000" />
  <attribute name="ProportionalH" value="12.500000" />
  <attribute name="Current Error" value="25.000000" />
  <attribute name="IntegralT" value="0.000000" />
  <attribute name="IntegralI" value="0.000000" />
  <attribute name="IntegralH" value="0.000000" />
  <attribute name="DerivativeT" value="inf" />
  <attribute name="DerivativeI" value="inf" />
  <attribute name="DerivativeH" value="inf" />
  <attribute name="Loop Time for DT" value="0.000000" />
  <attribute name="Output H" value="8388608"/>
  <attribute name="Output I" value="200"/>
  <attribute name="Output T" value="1"/>
  <attribute name="Target GC Util Change" value ="20.000000" />
  <attribute name="Current GC Util Change" value="45.000000"/>
  <attribute name="GC Util currently" value="45" />
  <attribute name="CPU Util currently" value="17830934746901" />
<exclusive-end id="3786" timestamp="2019-07-07T05:37:53.416" durationms="3.509" />

<exclusive-start id="3787" timestamp="2019-07-07T05:37:53.448" intervalms="35.202">
  <response-info timems="0.073" idlems="0.073" threads="0" lastid="000000000202A700" lastname="main" />
</exclusive-start>
<allocation-taxation id="3788" taxation-threshold="13631488" timestamp="2019-07-07T05:37:53.448" intervalms="35.257" />
<gc-start id="3789" type="global mark phase" contextid="3725" timestamp="2019-07-07T05:37:53.449">
  <mem-info id="3790" free="35651584" total="87031808" percent="40">
    <remembered-set count="35744" freebytes="3540352" totalbytes="3683328" percent="96" regionsoverflowed="0" regionsstable="0" regionsrebuilding="18"/>
  </mem-info>
</gc-start>
<gc-end id="3791" type="global mark phase" contextid="3725" durationms="0.129" usertimems="0.000" systemtimems="0.000" timestamp="2019-07-07T05:37:53.449" activeThreads="1">
  <mem-info id="3792" free="35651584" total="87031808" percent="40">
    <remembered-set count="35744" freebytes="3540352" totalbytes="3683328" percent="96" regionsoverflowed="0" regionsstable="0" regionsrebuilding="18"/>
  </mem-info>
</gc-end>
<concurrent-start id="3793" type="GMP work packet processing" contextid="3725" timestamp="2019-07-07T05:37:53.449">
  <concurrent-mark-start scanTarget="1048576" />
</concurrent-start>
<exclusive-end id="3794" timestamp="2019-07-07T05:37:53.449" durationms="0.798" />

<concurrent-end id="3795" type="GMP work packet processing" contextid="3725" timestamp="2019-07-07T05:37:53.450">
  <concurrent-mark-end bytesScanned="1080588" reasonForTermination="Work target met" />
</concurrent-end>

<exclusive-start id="3796" timestamp="2019-07-07T05:37:53.481" intervalms="32.685">
  <response-info timems="0.057" idlems="0.057" threads="0" lastid="000000000202A700" lastname="main" />
</exclusive-start>
<allocation-taxation id="3797" taxation-threshold="13631488" timestamp="2019-07-07T05:37:53.481" intervalms="32.586" />
<cycle-start id="3798" type="partial gc" contextid="0" timestamp="2019-07-07T05:37:53.481" intervalms="67.841" />
<gc-start id="3799" type="partial gc" contextid="3798" timestamp="2019-07-07T05:37:53.481">
  <mem-info id="3800" free="22020096" total="87031808" percent="25">
    <mem type="eden" free="0" total="27262976" percent="0" />
    <remembered-set count="45312" freebytes="3502080" totalbytes="3683328" percent="95" regionsoverflowed="0" regionsstable="0" regionsrebuilding="18"/>
  </mem-info>
</gc-start>
<allocation-stats totalBytes="27240904" >
  <allocated-bytes non-tlh="0" tlh="27240904" arrayletleaf="0"/>
  <largest-consumer threadName="main" threadId="000000000202A700" bytes="13621760" />
</allocation-stats>
<gc-op id="3801" type="copy forward" timems="4.851" contextid="3798" timestamp="2019-07-07T05:37:53.487">
  <memory-copied type="eden" objects="2" bytes="56" bytesdiscarded="0" />
  <memory-copied type="other" objects="53" bytes="2192" bytesdiscarded="0" />
  <memory-cardclean objects="79450" bytes="2374016" />
  <regions eden="26" other="1" />
  <remembered-set-cleared processed="18022" cleared="3605" durationms="0.304" />
  <stringconstants candidates="13319" cleared="0"  />
</gc-op>
<gc-op id="3802" type="classunload" timems="0.004" contextid="3798" timestamp="2019-07-07T05:37:53.487">
  <classunload-info classloadercandidates="53" classloadersunloaded="0" classesunloaded="0" anonymousclassesunloaded="0" quiescems="0.000" setupms="0.004" scanms="0.000" postms="0.000" />
</gc-op>
<heap-resize id="3803" type="contract" space="default" amount="5242880" count="1" timems="0.120" reason="insufficient time being spent in gc" timestamp="2019-07-07T05:37:53.488" />
<gc-end id="3804" type="partial gc" contextid="3798" durationms="6.438" usertimems="8.000" systemtimems="0.000" timestamp="2019-07-07T05:37:53.488" activeThreads="1">
  <mem-info id="3805" free="42991616" total="81788928" percent="52">
    <mem type="eden" free="1048520" total="1048576" percent="99" />
    <remembered-set count="27008" freebytes="3366016" totalbytes="3474048" percent="96" regionsoverflowed="0" regionsstable="0" regionsrebuilding="18"/>
  </mem-info>
</gc-end>
<cycle-end id="3806" type="partial gc" contextid="3798" timestamp="2019-07-07T05:37:53.488" />
  <attribute name="elasticGC enabled" value="1" />
  <attribute name= "numThreadsSpecified" value="1" />
  <attribute name="heapSize specified" value="0" />
  <attribute name="Current GC Util" value="45" />
  <attribute name= "Current Time Running" value="24284" />
  <attribute name ="GC Interval" value="0" />
  <attribute name="ProportionalT" value="12.500000" />
  <attribute name="ProportionalI" value="12.500000" />
  <attribute name="ProportionalH" value="12.500000" />
  <attribute name="Current Error" value="25.000000" />
  <attribute name="IntegralT" value="0.000000" />
  <attribute name="IntegralI" value="0.000000" />
  <attribute name="IntegralH" value="0.000000" />
  <attribute name="DerivativeT" value="inf" />
  <attribute name="DerivativeI" value="inf" />
  <attribute name="DerivativeH" value="inf" />
  <attribute name="Loop Time for DT" value="0.000000" />
  <attribute name="Output H" value="8388608"/>
  <attribute name="Output I" value="200"/>
  <attribute name="Output T" value="1"/>
  <attribute name="Target GC Util Change" value ="20.000000" />
  <attribute name="Current GC Util Change" value="45.000000"/>
  <attribute name="GC Util currently" value="45" />
  <attribute name="CPU Util currently" value="9087262930248" />
<exclusive-end id="3807" timestamp="2019-07-07T05:37:53.488" durationms="7.305" />

<exclusive-start id="3808" timestamp="2019-07-07T05:37:53.519" intervalms="38.525">
  <response-info timems="0.064" idlems="0.064" threads="0" lastid="000000000202A700" lastname="main" />
</exclusive-start>
<allocation-taxation id="3809" taxation-threshold="13631488" timestamp="2019-07-07T05:37:53.519" intervalms="38.525" />
<gc-start id="3810" type="global mark phase" contextid="3725" timestamp="2019-07-07T05:37:53.520">
  <mem-info id="3811" free="29360128" total="81788928" percent="35">
    <remembered-set count="26688" freebytes="3367296" totalbytes="3474048" percent="96" regionsoverflowed="0" regionsstable="0" regionsrebuilding="18"/>
  </mem-info>
</gc-start>
<gc-end id="3812" type="global mark phase" contextid="3725" durationms="0.093" usertimems="0.000" systemtimems="0.000" timestamp="2019-07-07T05:37:53.520" activeThreads="1">
  <mem-info id="3813" free="29360128" total="81788928" percent="35">
    <remembered-set count="26688" freebytes="3367296" totalbytes="3474048" percent="96" regionsoverflowed="0" regionsstable="0" regionsrebuilding="18"/>
  </mem-info>
</gc-end>
<concurrent-start id="3814" type="GMP work packet processing" contextid="3725" timestamp="2019-07-07T05:37:53.520">
  <concurrent-mark-start scanTarget="1048576" />
</concurrent-start>
<exclusive-end id="3815" timestamp="2019-07-07T05:37:53.520" durationms="0.556" />

<concurrent-end id="3816" type="GMP work packet processing" contextid="3725" timestamp="2019-07-07T05:37:53.521">
  <concurrent-mark-end bytesScanned="1099760" reasonForTermination="Work target met" />
</concurrent-end>

<exclusive-start id="3817" timestamp="2019-07-07T05:37:53.552" intervalms="32.283">
  <response-info timems="0.058" idlems="0.058" threads="0" lastid="000000000202A700" lastname="main" />
</exclusive-start>
<allocation-taxation id="3818" taxation-threshold="13631488" timestamp="2019-07-07T05:37:53.552" intervalms="32.335" />
<cycle-start id="3819" type="partial gc" contextid="0" timestamp="2019-07-07T05:37:53.552" intervalms="70.873" />
<gc-start id="3820" type="partial gc" contextid="3819" timestamp="2019-07-07T05:37:53.552">
  <mem-info id="3821" free="15728640" total="81788928" percent="19">
    <mem type="eden" free="1048520" total="28311552" percent="3" />
    <remembered-set count="35168" freebytes="3333376" totalbytes="3474048" percent="95" regionsoverflowed="0" regionsstable="0" regionsrebuilding="18"/>
  </mem-info>
</gc-start>
<allocation-stats totalBytes="27243248" >
  <allocated-bytes non-tlh="0" tlh="27243248" arrayletleaf="0"/>
  <largest-consumer threadName="main" threadId="000000000202A700" bytes="13621936" />
</allocation-stats>
<gc-op id="3822" type="copy forward" timems="2.976" contextid="3819" timestamp="2019-07-07T05:37:53.556">
  <memory-copied type="eden" objects="4" bytes="184" bytesdiscarded="0" />
  <memory-copied type="other" objects="0" bytes="0" bytesdiscarded="0" />
  <memory-cardclean objects="28590" bytes="1263584" />
  <regions eden="26" other="1" />
  <remembered-set-cleared processed="26563" cleared="7177" durationms="0.218" />
  <stringconstants candidates="13319" cleared="0"  />
</gc-op>
<gc-op id="3823" type="classunload" timems="0.004" contextid="3819" timestamp="2019-07-07T05:37:53.556">
  <classunload-info classloadercandidates="53" classloadersunloaded="0" classesunloaded="0" anonymousclassesunloaded="0" quiescems="0.000" setupms="0.004" scanms="0.000" postms="0.000" />
</gc-op>
<gc-end id="3824" type="partial gc" contextid="3819" durationms="4.179" usertimems="8.000" systemtimems="0.000" timestamp="2019-07-07T05:37:53.556" activeThreads="4">
  <mem-info id="3825" free="42991616" total="81788928" percent="52">
    <mem type="eden" free="1048392" total="1048576" percent="99" />
    <remembered-set count="29760" freebytes="3145728" totalbytes="3264768" percent="96" regionsoverflowed="0" regionsstable="0" regionsrebuilding="18"/>
  </mem-info>
</gc-end>
<cycle-end id="3826" type="partial gc" contextid="3819" timestamp="2019-07-07T05:37:53.556" />
  <attribute name="elasticGC enabled" value="1" />
  <attribute name= "numThreadsSpecified" value="4" />
  <attribute name="heapSize specified" value="0" />
  <attribute name="Current GC Util" value="38" />
  <attribute name= "Current Time Running" value="24355" />
  <attribute name ="GC Interval" value="0" />
  <attribute name="ProportionalT" value="9.000000" />
  <attribute name="ProportionalI" value="9.000000" />
  <attribute name="ProportionalH" value="9.000000" />
  <attribute name="Current Error" value="18.000000" />
  <attribute name="IntegralT" value="9.000000" />
  <attribute name="IntegralI" value="9.000000" />
  <attribute name="IntegralH" value="9.000000" />
  <attribute name="DerivativeT" value="18.000000" />
  <attribute name="DerivativeI" value="18.000000" />
  <attribute name="DerivativeH" value="18.000000" />
  <attribute name="Loop Time for DT" value="1.000000" />
  <attribute name="Output H" value="8388608"/>
  <attribute name="Output I" value="200"/>
  <attribute name="Output T" value="4"/>
  <attribute name="Target GC Util Change" value ="20.000000" />
  <attribute name="Current GC Util Change" value="38.000000"/>
  <attribute name="GC Util currently" value="38" />
  <attribute name="CPU Util currently" value="10212063050267" />
<exclusive-end id="3827" timestamp="2019-07-07T05:37:53.557" durationms="4.990" />

<exclusive-start id="3828" timestamp="2019-07-07T05:37:53.588" intervalms="36.108">
  <response-info timems="0.063" idlems="0.063" threads="0" lastid="000000000202A700" lastname="main" />
</exclusive-start>
<allocation-taxation id="3829" taxation-threshold="13631488" timestamp="2019-07-07T05:37:53.588" intervalms="36.108" />
<gc-start id="3830" type="global mark phase" contextid="3725" timestamp="2019-07-07T05:37:53.588">
  <mem-info id="3831" free="29360128" total="81788928" percent="35">
    <remembered-set count="29440" freebytes="3147008" totalbytes="3264768" percent="96" regionsoverflowed="0" regionsstable="0" regionsrebuilding="18"/>
  </mem-info>
</gc-start>
<gc-end id="3832" type="global mark phase" contextid="3725" durationms="0.130" usertimems="0.000" systemtimems="0.000" timestamp="2019-07-07T05:37:53.588" activeThreads="4">
  <mem-info id="3833" free="29360128" total="81788928" percent="35">
    <remembered-set count="29440" freebytes="3147008" totalbytes="3264768" percent="96" regionsoverflowed="0" regionsstable="0" regionsrebuilding="18"/>
  </mem-info>
</gc-end>
<concurrent-start id="3834" type="GMP work packet processing" contextid="3725" timestamp="2019-07-07T05:37:53.588">
  <concurrent-mark-start scanTarget="1602279" />
</concurrent-start>
<exclusive-end id="3835" timestamp="2019-07-07T05:37:53.589" durationms="0.780" />

<concurrent-end id="3836" type="GMP work packet processing" contextid="3725" timestamp="2019-07-07T05:37:53.590">
  <concurrent-mark-end bytesScanned="1634128" reasonForTermination="Work target met" />
</concurrent-end>

<exclusive-start id="3837" timestamp="2019-07-07T05:37:53.618" intervalms="29.940">
  <response-info timems="0.057" idlems="0.057" threads="0" lastid="000000000202A700" lastname="main" />
</exclusive-start>
<allocation-taxation id="3838" taxation-threshold="13631488" timestamp="2019-07-07T05:37:53.618" intervalms="29.902" />
<cycle-start id="3839" type="partial gc" contextid="0" timestamp="2019-07-07T05:37:53.618" intervalms="65.999" />
<gc-start id="3840" type="partial gc" contextid="3839" timestamp="2019-07-07T05:37:53.618">
  <mem-info id="3841" free="15728640" total="81788928" percent="19">
    <mem type="eden" free="1048392" total="28311552" percent="3" />
    <remembered-set count="45664" freebytes="3082112" totalbytes="3264768" percent="94" regionsoverflowed="0" regionsstable="0" regionsrebuilding="18"/>
  </mem-info>
</gc-start>
<allocation-stats totalBytes="27247560" >
  <allocated-bytes non-tlh="0" tlh="27247560" arrayletleaf="0"/>
  <largest-consumer threadName="main" threadId="000000000202A700" bytes="13627984" />
</allocation-stats>
<gc-op id="3842" type="copy forward" timems="1.356" contextid="3839" timestamp="2019-07-07T05:37:53.620">
  <memory-copied type="eden" objects="26" bytes="776" bytesdiscarded="0" />
  <memory-copied type="other" objects="0" bytes="0" bytesdiscarded="0" />
  <memory-cardclean objects="76" bytes="2592" />
  <regions eden="26" other="1" />
  <remembered-set-cleared processed="42972" cleared="29" durationms="0.351" />
  <stringconstants candidates="13319" cleared="0"  />
</gc-op>
<gc-op id="3843" type="classunload" timems="0.003" contextid="3839" timestamp="2019-07-07T05:37:53.620">
  <classunload-info classloadercandidates="53" classloadersunloaded="0" classesunloaded="0" anonymousclassesunloaded="0" quiescems="0.000" setupms="0.003" scanms="0.000" postms="0.000" />
</gc-op>
<gc-end id="3844" type="partial gc" contextid="3839" durationms="2.274" usertimems="0.000" systemtimems="0.000" timestamp="2019-07-07T05:37:53.620" activeThreads="1">
  <mem-info id="3845" free="42991616" total="81788928" percent="52">
    <mem type="eden" free="1047800" total="1048576" percent="99" />
    <remembered-set count="46112" freebytes="3080320" totalbytes="3264768" percent="94" regionsoverflowed="0" regionsstable="0" regionsrebuilding="18"/>
  </mem-info>
</gc-end>
<cycle-end id="3846" type="partial gc" contextid="3839" timestamp="2019-07-07T05:37:53.621" />
  <attribute name="elasticGC enabled" value="1" />
  <attribute name= "numThreadsSpecified" value="1" />
  <attribute name="heapSize specified" value="0" />
  <attribute name="Current GC Util" value="57" />
  <attribute name= "Current Time Running" value="24420" />
  <attribute name ="GC Interval" value="0" />
  <attribute name="ProportionalT" value="18.500000" />
  <attribute name="ProportionalI" value="18.500000" />
  <attribute name="ProportionalH" value="18.500000" />
  <attribute name="Current Error" value="37.000000" />
  <attribute name="IntegralT" value="0.000000" />
  <attribute name="IntegralI" value="0.000000" />
  <attribute name="IntegralH" value="0.000000" />
  <attribute name="DerivativeT" value="inf" />
  <attribute name="DerivativeI" value="inf" />
  <attribute name="DerivativeH" value="inf" />
  <attribute name="Loop Time for DT" value="0.000000" />
  <attribute name="Output H" value="8388608"/>
  <attribute name="Output I" value="200"/>
  <attribute name="Output T" value="1"/>
  <attribute name="Target GC Util Change" value ="20.000000" />
  <attribute name="Current GC Util Change" value="57.000000"/>
  <attribute name="GC Util currently" value="57" />
  <attribute name="CPU Util currently" value="24743990517599" />
<exclusive-end id="3847" timestamp="2019-07-07T05:37:53.621" durationms="3.136" />

<exclusive-start id="3848" timestamp="2019-07-07T05:37:53.647" intervalms="29.525">
  <response-info timems="0.018" idlems="0.018" threads="0" lastid="000000000202A700" lastname="main" />
</exclusive-start>
<allocation-taxation id="3849" taxation-threshold="13631488" timestamp="2019-07-07T05:37:53.647" intervalms="29.559" />
<gc-start id="3850" type="global mark phase" contextid="3725" timestamp="2019-07-07T05:37:53.648">
  <mem-info id="3851" free="29360128" total="81788928" percent="35">
    <remembered-set count="45664" freebytes="3082112" totalbytes="3264768" percent="94" regionsoverflowed="0" regionsstable="0" regionsrebuilding="18"/>
  </mem-info>
</gc-start>
<gc-end id="3852" type="global mark phase" contextid="3725" durationms="0.153" usertimems="0.000" systemtimems="0.000" timestamp="2019-07-07T05:37:53.648" activeThreads="1">
  <mem-info id="3853" free="29360128" total="81788928" percent="35">
    <remembered-set count="45664" freebytes="3082112" totalbytes="3264768" percent="94" regionsoverflowed="0" regionsstable="0" regionsrebuilding="18"/>
  </mem-info>
</gc-end>
<concurrent-start id="3854" type="GMP work packet processing" contextid="3725" timestamp="2019-07-07T05:37:53.648">
  <concurrent-mark-start scanTarget="1048576" />
</concurrent-start>
<exclusive-end id="3855" timestamp="2019-07-07T05:37:53.648" durationms="0.816" />

<concurrent-end id="3856" type="GMP work packet processing" contextid="3725" timestamp="2019-07-07T05:37:53.649">
  <concurrent-mark-end bytesScanned="1080992" reasonForTermination="Work target met" />
</concurrent-end>

<exclusive-start id="3857" timestamp="2019-07-07T05:37:53.653" intervalms="5.369">
  <response-info timems="0.057" idlems="0.057" threads="0" lastid="000000000202A700" lastname="main" />
</exclusive-start>
<allocation-taxation id="3858" taxation-threshold="13631488" timestamp="2019-07-07T05:37:53.653" intervalms="5.324" />
<cycle-start id="3859" type="partial gc" contextid="0" timestamp="2019-07-07T05:37:53.653" intervalms="34.880" />
<gc-start id="3860" type="partial gc" contextid="3859" timestamp="2019-07-07T05:37:53.653">
  <mem-info id="3861" free="15728640" total="81788928" percent="19">
    <mem type="eden" free="0" total="27262976" percent="0" />
    <remembered-set count="53856" freebytes="3049344" totalbytes="3264768" percent="93" regionsoverflowed="0" regionsstable="0" regionsrebuilding="18"/>
  </mem-info>
</gc-start>
<allocation-stats totalBytes="27250992" >
  <allocated-bytes non-tlh="0" tlh="27250992" arrayletleaf="0"/>
  <largest-consumer threadName="main" threadId="000000000202A700" bytes="13621728" />
</allocation-stats>
<gc-op id="3862" type="copy forward" timems="2.181" contextid="3859" timestamp="2019-07-07T05:37:53.656">
  <memory-copied type="eden" objects="25" bytes="1304" bytesdiscarded="696" />
  <memory-copied type="other" objects="7" bytes="160" bytesdiscarded="624" />
  <memory-cardclean objects="74" bytes="2560" />
  <regions eden="26" other="1" />
  <remembered-set-cleared processed="50986" cleared="32" durationms="0.244" />
  <stringconstants candidates="13319" cleared="0"  />
</gc-op>
<gc-op id="3863" type="classunload" timems="0.003" contextid="3859" timestamp="2019-07-07T05:37:53.656">
  <classunload-info classloadercandidates="53" classloadersunloaded="0" classesunloaded="0" anonymousclassesunloaded="0" quiescems="0.000" setupms="0.003" scanms="0.000" postms="0.000" />
</gc-op>
<gc-end id="3864" type="partial gc" contextid="3859" durationms="3.395" usertimems="8.000" systemtimems="0.000" timestamp="2019-07-07T05:37:53.656" activeThreads="4">
  <mem-info id="3865" free="41943040" total="81788928" percent="51">
    <mem type="eden" free="1046576" total="1048576" percent="99" />
    <remembered-set count="53984" freebytes="3048832" totalbytes="3264768" percent="93" regionsoverflowed="0" regionsstable="0" regionsrebuilding="18"/>
  </mem-info>
</gc-end>
<cycle-end id="3866" type="partial gc" contextid="3859" timestamp="2019-07-07T05:37:53.657" />
  <attribute name="elasticGC enabled" value="1" />
  <attribute name= "numThreadsSpecified" value="4" />
  <attribute name="heapSize specified" value="0" />
  <attribute name="Current GC Util" value="167" />
  <attribute name= "Current Time Running" value="24456" />
  <attribute name ="GC Interval" value="0" />
  <attribute name="ProportionalT" value="73.500000" />
  <attribute name="ProportionalI" value="73.500000" />
  <attribute name="ProportionalH" value="73.500000" />
  <attribute name="Current Error" value="147.000000" />
  <attribute name="IntegralT" value="73.500000" />
  <attribute name="IntegralI" value="73.500000" />
  <attribute name="IntegralH" value="73.500000" />
  <attribute name="DerivativeT" value="130.000000" />
  <attribute name="DerivativeI" value="130.000000" />
  <attribute name="DerivativeH" value="130.000000" />
  <attribute name="Loop Time for DT" value="1.000000" />
  <attribute name="Output H" value="8388608"/>
  <attribute name="Output I" value="280"/>
  <attribute name="Output T" value="4"/>
  <attribute name="Target GC Util Change" value ="20.000000" />
  <attribute name="Current GC Util Change" value="167.000000"/>
  <attribute name="GC Util currently" value="167" />
  <attribute name="CPU Util currently" value="10429620094857" />
<exclusive-end id="3867" timestamp="2019-07-07T05:37:53.657" durationms="4.123" />

<exclusive-start id="3868" timestamp="2019-07-07T05:37:53.661" intervalms="8.132">
  <response-info timems="0.059" idlems="0.059" threads="0" lastid="000000000202A700" lastname="main" />
</exclusive-start>
<allocation-taxation id="3869" taxation-threshold="13631488" timestamp="2019-07-07T05:37:53.661" intervalms="8.178" />
<gc-start id="3870" type="global mark phase" contextid="3725" timestamp="2019-07-07T05:37:53.661">
  <mem-info id="3871" free="28311552" total="81788928" percent="34">
    <remembered-set count="53568" freebytes="3050496" totalbytes="3264768" percent="93" regionsoverflowed="0" regionsstable="0" regionsrebuilding="18"/>
  </mem-info>
</gc-start>
<gc-end id="3872" type="global mark phase" contextid="3725" durationms="0.103" usertimems="0.000" systemtimems="0.000" timestamp="2019-07-07T05:37:53.661" activeThreads="4">
  <mem-info id="3873" free="28311552" total="81788928" percent="34">
    <remembered-set count="53568" freebytes="3050496" totalbytes="3264768" percent="93" regionsoverflowed="0" regionsstable="0" regionsrebuilding="18"/>
  </mem-info>
</gc-end>
<concurrent-start id="3874" type="GMP work packet processing" contextid="3725" timestamp="2019-07-07T05:37:53.661">
  <concurrent-mark-start scanTarget="1602279" />
</concurrent-start>
<exclusive-end id="3875" timestamp="2019-07-07T05:37:53.661" durationms="0.690" />

<concurrent-end id="3876" type="GMP work packet processing" contextid="3725" timestamp="2019-07-07T05:37:53.663">
  <concurrent-mark-end bytesScanned="1643860" reasonForTermination="Work target met" />
</concurrent-end>

<exclusive-start id="3877" timestamp="2019-07-07T05:37:53.666" intervalms="5.520">
  <response-info timems="0.026" idlems="0.026" threads="0" lastid="000000000202A700" lastname="main" />
</exclusive-start>
<allocation-taxation id="3878" taxation-threshold="13631488" timestamp="2019-07-07T05:37:53.666" intervalms="5.461" />
<cycle-start id="3879" type="partial gc" contextid="0" timestamp="2019-07-07T05:37:53.666" intervalms="13.629" />
<gc-start id="3880" type="partial gc" contextid="3879" timestamp="2019-07-07T05:37:53.667">
  <mem-info id="3881" free="14680064" total="81788928" percent="17">
    <mem type="eden" free="0" total="27262976" percent="0" />
    <remembered-set count="68992" freebytes="2988800" totalbytes="3264768" percent="91" regionsoverflowed="0" regionsstable="0" regionsrebuilding="18"/>
  </mem-info>
</gc-start>
<allocation-stats totalBytes="27216096" >
  <allocated-bytes non-tlh="0" tlh="27216096" arrayletleaf="0"/>
  <largest-consumer threadName="main" threadId="000000000202A700" bytes="13607256" />
</allocation-stats>
<gc-op id="3882" type="copy forward" timems="1.537" contextid="3879" timestamp="2019-07-07T05:37:53.669">
  <memory-copied type="eden" objects="4" bytes="104" bytesdiscarded="0" />
  <memory-copied type="other" objects="21" bytes="1200" bytesdiscarded="0" />
  <memory-cardclean objects="40" bytes="1568" />
  <regions eden="26" other="1" />
  <remembered-set-cleared processed="66294" cleared="30" durationms="0.296" />
  <stringconstants candidates="13319" cleared="0"  />
</gc-op>
<gc-op id="3883" type="classunload" timems="0.004" contextid="3879" timestamp="2019-07-07T05:37:53.669">
  <classunload-info classloadercandidates="53" classloadersunloaded="0" classesunloaded="0" anonymousclassesunloaded="0" quiescems="0.000" setupms="0.004" scanms="0.000" postms="0.000" />
</gc-op>
<heap-resize id="3884" type="expand" space="default" amount="14680064" count="1" timems="0.085" reason="excessive time being spent in gc" timestamp="2019-07-07T05:37:53.669" />
<gc-end id="3885" type="partial gc" contextid="3879" durationms="2.614" usertimems="4.000" systemtimems="0.000" timestamp="2019-07-07T05:37:53.669" activeThreads="4">
  <mem-info id="3886" free="55574528" total="96468992" percent="57">
    <mem type="eden" free="1048472" total="1048576" percent="99" />
    <remembered-set count="69312" freebytes="3573504" totalbytes="3850752" percent="92" regionsoverflowed="0" regionsstable="0" regionsrebuilding="18"/>
  </mem-info>
</gc-end>
<cycle-end id="3887" type="partial gc" contextid="3879" timestamp="2019-07-07T05:37:53.669" />
  <attribute name="elasticGC enabled" value="1" />
  <attribute name= "numThreadsSpecified" value="4" />
  <attribute name="heapSize specified" value="0" />
  <attribute name="Current GC Util" value="55" />
  <attribute name= "Current Time Running" value="24469" />
  <attribute name ="GC Interval" value="0" />
  <attribute name="ProportionalT" value="17.500000" />
  <attribute name="ProportionalI" value="17.500000" />
  <attribute name="ProportionalH" value="17.500000" />
  <attribute name="Current Error" value="35.000000" />
  <attribute name="IntegralT" value="0.000000" />
  <attribute name="IntegralI" value="0.000000" />
  <attribute name="IntegralH" value="0.000000" />
  <attribute name="DerivativeT" value="-inf" />
  <attribute name="DerivativeI" value="-inf" />
  <attribute name="DerivativeH" value="-inf" />
  <attribute name="Loop Time for DT" value="0.000000" />
  <attribute name="Output H" value="2091843584"/>
  <attribute name="Output I" value="200"/>
  <attribute name="Output T" value="4"/>
  <attribute name="Target GC Util Change" value ="20.000000" />
  <attribute name="Current GC Util Change" value="55.000000"/>
  <attribute name="GC Util currently" value="55" />
  <attribute name="CPU Util currently" value="20505404494935" />
<exclusive-end id="3888" timestamp="2019-07-07T05:37:53.670" durationms="3.449" />

<exclusive-start id="3889" timestamp="2019-07-07T05:37:53.674" intervalms="7.852">
  <response-info timems="0.059" idlems="0.059" threads="0" lastid="000000000202A700" lastname="main" />
</exclusive-start>
<allocation-taxation id="3890" taxation-threshold="14680064" timestamp="2019-07-07T05:37:53.674" intervalms="7.892" />
<gc-start id="3891" type="global mark phase" contextid="3725" timestamp="2019-07-07T05:37:53.674">
  <mem-info id="3892" free="40894464" total="96468992" percent="42">
    <remembered-set count="69312" freebytes="3573504" totalbytes="3850752" percent="92" regionsoverflowed="0" regionsstable="0" regionsrebuilding="18"/>
  </mem-info>
</gc-start>
<gc-end id="3893" type="global mark phase" contextid="3725" durationms="0.100" usertimems="0.000" systemtimems="0.000" timestamp="2019-07-07T05:37:53.674" activeThreads="4">
  <mem-info id="3894" free="40894464" total="96468992" percent="42">
    <remembered-set count="69312" freebytes="3573504" totalbytes="3850752" percent="92" regionsoverflowed="0" regionsstable="0" regionsrebuilding="18"/>
  </mem-info>
</gc-end>
<concurrent-start id="3895" type="GMP work packet processing" contextid="3725" timestamp="2019-07-07T05:37:53.675">
  <concurrent-mark-start scanTarget="1602279" />
</concurrent-start>
<exclusive-end id="3896" timestamp="2019-07-07T05:37:53.675" durationms="0.577" />

<concurrent-end id="3897" type="GMP work packet processing" contextid="3725" timestamp="2019-07-07T05:37:53.677">
  <concurrent-mark-end bytesScanned="1646596" reasonForTermination="Work target met" />
</concurrent-end>

<exclusive-start id="3898" timestamp="2019-07-07T05:37:53.680" intervalms="5.777">
  <response-info timems="0.026" idlems="0.026" threads="0" lastid="000000000202A700" lastname="main" />
</exclusive-start>
<allocation-taxation id="3899" taxation-threshold="14680064" timestamp="2019-07-07T05:37:53.680" intervalms="5.743" />
<cycle-start id="3900" type="partial gc" contextid="0" timestamp="2019-07-07T05:37:53.680" intervalms="13.640" />
<gc-start id="3901" type="partial gc" contextid="3900" timestamp="2019-07-07T05:37:53.680">
  <mem-info id="3902" free="26214400" total="96468992" percent="27">
    <mem type="eden" free="1048472" total="30408704" percent="3" />
    <remembered-set count="76960" freebytes="3542912" totalbytes="3850752" percent="92" regionsoverflowed="0" regionsstable="0" regionsrebuilding="18"/>
  </mem-info>
</gc-start>
<allocation-stats totalBytes="29308656" >
  <allocated-bytes non-tlh="0" tlh="29308656" arrayletleaf="0"/>
  <largest-consumer threadName="main" threadId="000000000202A700" bytes="14654144" />
</allocation-stats>
<gc-op id="3903" type="copy forward" timems="2.587" contextid="3900" timestamp="2019-07-07T05:37:53.684">
  <memory-copied type="eden" objects="4" bytes="104" bytesdiscarded="0" />
  <memory-copied type="other" objects="0" bytes="0" bytesdiscarded="0" />
  <memory-cardclean objects="11" bytes="408" />
  <regions eden="28" other="1" />
  <remembered-set-cleared processed="74208" cleared="9" durationms="0.334" />
  <stringconstants candidates="13319" cleared="0"  />
</gc-op>
<gc-op id="3904" type="classunload" timems="0.004" contextid="3900" timestamp="2019-07-07T05:37:53.684">
  <classunload-info classloadercandidates="53" classloadersunloaded="0" classesunloaded="0" anonymousclassesunloaded="0" quiescems="0.000" setupms="0.003" scanms="0.000" postms="0.000" />
</gc-op>
<heap-resize id="3905" type="expand" space="default" amount="6291456" count="1" timems="0.070" reason="excessive time being spent in gc" timestamp="2019-07-07T05:37:53.684" />
<gc-end id="3906" type="partial gc" contextid="3900" durationms="3.919" usertimems="8.000" systemtimems="0.000" timestamp="2019-07-07T05:37:53.684" activeThreads="4">
  <mem-info id="3907" free="61865984" total="102760448" percent="60">
    <mem type="eden" free="1048472" total="1048576" percent="99" />
    <remembered-set count="76928" freebytes="3794176" totalbytes="4101888" percent="92" regionsoverflowed="0" regionsstable="0" regionsrebuilding="18"/>
  </mem-info>
</gc-end>
<cycle-end id="3908" type="partial gc" contextid="3900" timestamp="2019-07-07T05:37:53.684" />
  <attribute name="elasticGC enabled" value="1" />
  <attribute name= "numThreadsSpecified" value="4" />
  <attribute name="heapSize specified" value="0" />
  <attribute name="Current GC Util" value="216" />
  <attribute name= "Current Time Running" value="24483" />
  <attribute name ="GC Interval" value="0" />
  <attribute name="ProportionalT" value="98.000000" />
  <attribute name="ProportionalI" value="98.000000" />
  <attribute name="ProportionalH" value="98.000000" />
  <attribute name="Current Error" value="196.000000" />
  <attribute name="IntegralT" value="98.000000" />
  <attribute name="IntegralI" value="98.000000" />
  <attribute name="IntegralH" value="98.000000" />
  <attribute name="DerivativeT" value="138.000000" />
  <attribute name="DerivativeI" value="138.000000" />
  <attribute name="DerivativeH" value="138.000000" />
  <attribute name="Loop Time for DT" value="1.000000" />
  <attribute name="Output H" value="8388608"/>
  <attribute name="Output I" value="336"/>
  <attribute name="Output T" value="4"/>
  <attribute name="Target GC Util Change" value ="20.000000" />
  <attribute name="Current GC Util Change" value="216.000000"/>
  <attribute name="GC Util currently" value="216" />
  <attribute name="CPU Util currently" value="10083163285507" />
<exclusive-end id="3909" timestamp="2019-07-07T05:37:53.685" durationms="4.682" />

<exclusive-start id="3910" timestamp="2019-07-07T05:37:53.689" intervalms="9.322">
  <response-info timems="0.058" idlems="0.058" threads="0" lastid="000000000202A700" lastname="main" />
</exclusive-start>
<allocation-taxation id="3911" taxation-threshold="15728640" timestamp="2019-07-07T05:37:53.689" intervalms="9.326" />
<gc-start id="3912" type="global mark phase" contextid="3725" timestamp="2019-07-07T05:37:53.689">
  <mem-info id="3913" free="46137344" total="102760448" percent="44">
    <remembered-set count="76448" freebytes="3796096" totalbytes="4101888" percent="92" regionsoverflowed="0" regionsstable="0" regionsrebuilding="18"/>
  </mem-info>
</gc-start>
<gc-end id="3914" type="global mark phase" contextid="3725" durationms="0.119" usertimems="0.000" systemtimems="0.000" timestamp="2019-07-07T05:37:53.690" activeThreads="4">
  <mem-info id="3915" free="46137344" total="102760448" percent="44">
    <remembered-set count="76448" freebytes="3796096" totalbytes="4101888" percent="92" regionsoverflowed="0" regionsstable="0" regionsrebuilding="18"/>
  </mem-info>
</gc-end>
<concurrent-start id="3916" type="GMP work packet processing" contextid="3725" timestamp="2019-07-07T05:37:53.690">
  <concurrent-mark-start scanTarget="1602279" />
</concurrent-start>
<exclusive-end id="3917" timestamp="2019-07-07T05:37:53.690" durationms="0.588" />

<concurrent-end id="3918" type="GMP work packet processing" contextid="3725" timestamp="2019-07-07T05:37:53.691">
  <concurrent-mark-end bytesScanned="1305884" reasonForTermination="Completed all work in GC phase" />
</concurrent-end>

<exclusive-start id="3919" timestamp="2019-07-07T05:37:53.695" intervalms="5.861">
  <response-info timems="0.059" idlems="0.059" threads="0" lastid="000000000202A700" lastname="main" />
</exclusive-start>
<allocation-taxation id="3920" taxation-threshold="15728640" timestamp="2019-07-07T05:37:53.695" intervalms="5.855" />
<cycle-start id="3921" type="partial gc" contextid="0" timestamp="2019-07-07T05:37:53.695" intervalms="15.183" />
<gc-start id="3922" type="partial gc" contextid="3921" timestamp="2019-07-07T05:37:53.695">
  <mem-info id="3923" free="30408704" total="102760448" percent="29">
    <mem type="eden" free="1048472" total="32505856" percent="3" />
    <remembered-set count="86336" freebytes="3756544" totalbytes="4101888" percent="91" regionsoverflowed="0" regionsstable="0" regionsrebuilding="18"/>
  </mem-info>
</gc-start>
<allocation-stats totalBytes="31402008" >
  <allocated-bytes non-tlh="0" tlh="31402008" arrayletleaf="0"/>
  <largest-consumer threadName="main" threadId="000000000202A700" bytes="15700608" />
</allocation-stats>
<gc-op id="3924" type="copy forward" timems="1.949" contextid="3921" timestamp="2019-07-07T05:37:53.698">
  <memory-copied type="eden" objects="3" bytes="72" bytesdiscarded="0" />
  <memory-copied type="other" objects="0" bytes="0" bytesdiscarded="0" />
  <memory-cardclean objects="11" bytes="408" />
  <regions eden="30" other="1" />
  <remembered-set-cleared processed="83663" cleared="9" durationms="0.352" />
  <stringconstants candidates="13319" cleared="0"  />
</gc-op>
<gc-op id="3925" type="classunload" timems="0.004" contextid="3921" timestamp="2019-07-07T05:37:53.698">
  <classunload-info classloadercandidates="53" classloadersunloaded="0" classesunloaded="0" anonymousclassesunloaded="0" quiescems="0.000" setupms="0.003" scanms="0.000" postms="0.000" />
</gc-op>
<gc-end id="3926" type="partial gc" contextid="3921" durationms="2.835" usertimems="4.000" systemtimems="0.000" timestamp="2019-07-07T05:37:53.698" activeThreads="4">
  <mem-info id="3927" free="61865984" total="102760448" percent="60">
    <mem type="eden" free="1048504" total="1048576" percent="99" />
    <remembered-set count="86432" freebytes="3756160" totalbytes="4101888" percent="91" regionsoverflowed="0" regionsstable="0" regionsrebuilding="18"/>
  </mem-info>
</gc-end>
<cycle-end id="3928" type="partial gc" contextid="3921" timestamp="2019-07-07T05:37:53.698" />
  <attribute name="elasticGC enabled" value="1" />
  <attribute name= "numThreadsSpecified" value="4" />
  <attribute name="heapSize specified" value="0" />
  <attribute name="Current GC Util" value="57" />
  <attribute name= "Current Time Running" value="24498" />
  <attribute name ="GC Interval" value="0" />
  <attribute name="ProportionalT" value="18.500000" />
  <attribute name="ProportionalI" value="18.500000" />
  <attribute name="ProportionalH" value="18.500000" />
  <attribute name="Current Error" value="37.000000" />
  <attribute name="IntegralT" value="0.000000" />
  <attribute name="IntegralI" value="0.000000" />
  <attribute name="IntegralH" value="0.000000" />
  <attribute name="DerivativeT" value="-inf" />
  <attribute name="DerivativeI" value="-inf" />
  <attribute name="DerivativeH" value="-inf" />
  <attribute name="Loop Time for DT" value="0.000000" />
  <attribute name="Output H" value="2091843584"/>
  <attribute name="Output I" value="200"/>
  <attribute name="Output T" value="4"/>
  <attribute name="Target GC Util Change" value ="20.000000" />
  <attribute name="Current GC Util Change" value="57.000000"/>
  <attribute name="GC Util currently" value="57" />
  <attribute name="CPU Util currently" value="20494560376021" />
<exclusive-end id="3929" timestamp="2019-07-07T05:37:53.699" durationms="3.625" />

<exclusive-start id="3930" timestamp="2019-07-07T05:37:53.703" intervalms="8.248">
  <response-info timems="0.058" idlems="0.058" threads="0" lastid="000000000202A700" lastname="main" />
</exclusive-start>
<allocation-taxation id="3931" taxation-threshold="15728640" timestamp="2019-07-07T05:37:53.703" intervalms="8.301" />
<gc-start id="3932" type="global mark phase" contextid="3725" timestamp="2019-07-07T05:37:53.704">
  <mem-info id="3933" free="46137344" total="102760448" percent="44">
    <remembered-set count="85952" freebytes="3758080" totalbytes="4101888" percent="91" regionsoverflowed="0" regionsstable="0" regionsrebuilding="18"/>
  </mem-info>
</gc-start>
<gc-op id="3934" type="mark increment" timems="4.752" contextid="3725" timestamp="2019-07-07T05:37:53.708">
  <trace-info objectcount="61" scancount="60" scanbytes="231044" />
  <cardclean-info objects="142742" bytes="3943072" />
  <finalization candidates="80" enqueued="0" />
  <ownableSynchronizers candidates="22" cleared="0" />
  <references type="soft" candidates="1886" cleared="0" enqueued="0" dynamicThreshold="19" maxThreshold="32" />
  <references type="weak" candidates="5708" cleared="0" enqueued="0" />
  <references type="phantom" candidates="101" cleared="0" enqueued="0" />
  <stringconstants candidates="13319" cleared="50"  />
</gc-op>
<gc-op id="3935" type="classunload" timems="0.004" contextid="3725" timestamp="2019-07-07T05:37:53.709">
  <classunload-info classloadercandidates="53" classloadersunloaded="0" classesunloaded="0" anonymousclassesunloaded="0" quiescems="0.000" setupms="0.004" scanms="0.000" postms="0.000" />
</gc-op>
<gc-end id="3936" type="global mark phase" contextid="3725" durationms="5.085" usertimems="8.000" systemtimems="4.000" timestamp="2019-07-07T05:37:53.709" activeThreads="4">
  <mem-info id="3937" free="46137344" total="102760448" percent="44">
    <remembered-set count="104384" freebytes="3684352" totalbytes="4101888" percent="89" regionsoverflowed="0" regionsstable="0" regionsrebuilding="0"/>
  </mem-info>
</gc-end>
<cycle-end id="3938" type="global mark phase" contextid="3725" timestamp="2019-07-07T05:37:53.709" />
  <attribute name="elasticGC enabled" value="1" />
  <attribute name= "numThreadsSpecified" value="4" />
  <attribute name="heapSize specified" value="0" />
  <attribute name="Current GC Util" value="114" />
  <attribute name= "Current Time Running" value="24509" />
  <attribute name ="GC Interval" value="0" />
  <attribute name="ProportionalT" value="47.000000" />
  <attribute name="ProportionalI" value="47.000000" />
  <attribute name="ProportionalH" value="47.000000" />
  <attribute name="Current Error" value="94.000000" />
  <attribute name="IntegralT" value="0.000000" />
  <attribute name="IntegralI" value="0.000000" />
  <attribute name="IntegralH" value="0.000000" />
  <attribute name="DerivativeT" value="-inf" />
  <attribute name="DerivativeI" value="-inf" />
  <attribute name="DerivativeH" value="-inf" />
  <attribute name="Loop Time for DT" value="0.000000" />
  <attribute name="Output H" value="2091843584"/>
  <attribute name="Output I" value="200"/>
  <attribute name="Output T" value="4"/>
  <attribute name="Target GC Util Change" value ="20.000000" />
  <attribute name="Current GC Util Change" value="114.000000"/>
  <attribute name="GC Util currently" value="114" />
  <attribute name="CPU Util currently" value="16615395058461" />
<exclusive-end id="3939" timestamp="2019-07-07T05:37:53.709" durationms="5.738" />

<exclusive-start id="3940" timestamp="2019-07-07T05:37:53.714" intervalms="10.396">
  <response-info timems="0.053" idlems="0.053" threads="0" lastid="000000000202A700" lastname="main" />
</exclusive-start>
<allocation-taxation id="3941" taxation-threshold="15728640" timestamp="2019-07-07T05:37:53.714" intervalms="10.348" />
<cycle-start id="3942" type="partial gc" contextid="0" timestamp="2019-07-07T05:37:53.714" intervalms="18.653" />
<gc-start id="3943" type="partial gc" contextid="3942" timestamp="2019-07-07T05:37:53.714">
  <mem-info id="3944" free="30408704" total="102760448" percent="29">
    <mem type="eden" free="1048504" total="32505856" percent="3" />
    <remembered-set count="2176" freebytes="4093184" totalbytes="4101888" percent="99" regionsoverflowed="0" regionsstable="18" regionsrebuilding="0"/>
  </mem-info>
</gc-start>
<allocation-stats totalBytes="31401880" >
  <allocated-bytes non-tlh="0" tlh="31401880" arrayletleaf="0"/>
  <largest-consumer threadName="main" threadId="000000000202A700" bytes="15700608" />
</allocation-stats>
<gc-op id="3945" type="sweep" timems="0.557" contextid="3942" timestamp="2019-07-07T05:37:53.715" />
<gc-op id="3946" type="copy forward" timems="1.214" contextid="3942" timestamp="2019-07-07T05:37:53.717">
  <memory-copied type="eden" objects="3" bytes="72" bytesdiscarded="0" />
  <memory-copied type="other" objects="6" bytes="136" bytesdiscarded="672" />
  <memory-cardclean objects="47" bytes="1328" />
  <regions eden="15" other="2" />
  <remembered-set-cleared processed="97" cleared="18" durationms="0.098" />
  <stringconstants candidates="13269" cleared="0"  />
</gc-op>
<gc-op id="3947" type="classunload" timems="0.003" contextid="3942" timestamp="2019-07-07T05:37:53.717">
  <classunload-info classloadercandidates="53" classloadersunloaded="0" classesunloaded="0" anonymousclassesunloaded="0" quiescems="0.000" setupms="0.003" scanms="0.000" postms="0.000" />
</gc-op>
<gc-end id="3948" type="partial gc" contextid="3942" durationms="2.822" usertimems="0.000" systemtimems="4.000" timestamp="2019-07-07T05:37:53.717" activeThreads="4">
  <mem-info id="3949" free="61865984" total="102760448" percent="60">
    <mem type="eden" free="1048504" total="1048576" percent="99" />
    <remembered-set count="1952" freebytes="4094080" totalbytes="4101888" percent="99" regionsoverflowed="0" regionsstable="18" regionsrebuilding="0"/>
  </mem-info>
</gc-end>
<cycle-end id="3950" type="partial gc" contextid="3942" timestamp="2019-07-07T05:37:53.717" />
  <attribute name="elasticGC enabled" value="1" />
  <attribute name= "numThreadsSpecified" value="4" />
  <attribute name="heapSize specified" value="0" />
  <attribute name="Current GC Util" value="60" />
  <attribute name= "Current Time Running" value="24517" />
  <attribute name ="GC Interval" value="0" />
  <attribute name="ProportionalT" value="20.000000" />
  <attribute name="ProportionalI" value="20.000000" />
  <attribute name="ProportionalH" value="20.000000" />
  <attribute name="Current Error" value="40.000000" />
  <attribute name="IntegralT" value="0.000000" />
  <attribute name="IntegralI" value="0.000000" />
  <attribute name="IntegralH" value="0.000000" />
  <attribute name="DerivativeT" value="-inf" />
  <attribute name="DerivativeI" value="-inf" />
  <attribute name="DerivativeH" value="-inf" />
  <attribute name="Loop Time for DT" value="0.000000" />
  <attribute name="Output H" value="2091843584"/>
  <attribute name="Output I" value="200"/>
  <attribute name="Output T" value="4"/>
  <attribute name="Target GC Util Change" value ="20.000000" />
  <attribute name="Current GC Util Change" value="60.000000"/>
  <attribute name="GC Util currently" value="60" />
  <attribute name="CPU Util currently" value="30731870662622" />
<exclusive-end id="3951" timestamp="2019-07-07T05:37:53.717" durationms="3.587" />

<exclusive-start id="3952" timestamp="2019-07-07T05:37:53.727" intervalms="13.008">
  <response-info timems="0.058" idlems="0.058" threads="0" lastid="000000000202A700" lastname="main" />
</exclusive-start>
<allocation-taxation id="3953" taxation-threshold="32505856" timestamp="2019-07-07T05:37:53.727" intervalms="13.062" />
<cycle-start id="3954" type="partial gc" contextid="0" timestamp="2019-07-07T05:37:53.727" intervalms="13.147" />
<gc-start id="3955" type="partial gc" contextid="3954" timestamp="2019-07-07T05:37:53.727">
  <mem-info id="3956" free="29360128" total="102760448" percent="28">
    <mem type="eden" free="1048504" total="33554432" percent="3" />
    <remembered-set count="1664" freebytes="4095232" totalbytes="4101888" percent="99" regionsoverflowed="0" regionsstable="18" regionsrebuilding="0"/>
  </mem-info>
</gc-start>
<allocation-stats totalBytes="32448104" >
  <allocated-bytes non-tlh="0" tlh="32448104" arrayletleaf="0"/>
  <largest-consumer threadName="main" threadId="000000000202A700" bytes="32448104" />
</allocation-stats>
<gc-op id="3957" type="copy forward" timems="1.348" contextid="3954" timestamp="2019-07-07T05:37:53.729">
  <memory-copied type="eden" objects="3" bytes="72" bytesdiscarded="0" />
  <memory-copied type="other" objects="24" bytes="544" bytesdiscarded="1920" />
  <memory-cardclean objects="88" bytes="2432" />
  <regions eden="31" other="5" />
  <remembered-set-cleared processed="91" cleared="23" durationms="0.116" />
  <stringconstants candidates="13269" cleared="0"  />
</gc-op>
<gc-op id="3958" type="classunload" timems="0.004" contextid="3954" timestamp="2019-07-07T05:37:53.729">
  <classunload-info classloadercandidates="53" classloadersunloaded="0" classesunloaded="0" anonymousclassesunloaded="0" quiescems="0.000" setupms="0.004" scanms="0.000" postms="0.000" />
</gc-op>
<gc-end id="3959" type="partial gc" contextid="3954" durationms="2.378" usertimems="4.000" systemtimems="0.000" timestamp="2019-07-07T05:37:53.730" activeThreads="4">
  <mem-info id="3960" free="62914560" total="102760448" percent="61">
    <mem type="eden" free="1048504" total="1048576" percent="99" />
    <remembered-set count="1696" freebytes="4095104" totalbytes="4101888" percent="99" regionsoverflowed="0" regionsstable="18" regionsrebuilding="0"/>
  </mem-info>
</gc-end>
<cycle-end id="3961" type="partial gc" contextid="3954" timestamp="2019-07-07T05:37:53.730" />
  <attribute name="elasticGC enabled" value="1" />
  <attribute name= "numThreadsSpecified" value="4" />
  <attribute name="heapSize specified" value="0" />
  <attribute name="Current GC Util" value="179" />
  <attribute name= "Current Time Running" value="24530" />
  <attribute name ="GC Interval" value="0" />
  <attribute name="ProportionalT" value="79.500000" />
  <attribute name="ProportionalI" value="79.500000" />
  <attribute name="ProportionalH" value="79.500000" />
  <attribute name="Current Error" value="159.000000" />
  <attribute name="IntegralT" value="79.500000" />
  <attribute name="IntegralI" value="79.500000" />
  <attribute name="IntegralH" value="79.500000" />
  <attribute name="DerivativeT" value="151.000000" />
  <attribute name="DerivativeI" value="151.000000" />
  <attribute name="DerivativeH" value="151.000000" />
  <attribute name="Loop Time for DT" value="1.000000" />
  <attribute name="Output H" value="8388608"/>
  <attribute name="Output I" value="312"/>
  <attribute name="Output T" value="4"/>
  <attribute name="Target GC Util Change" value ="20.000000" />
  <attribute name="Current GC Util Change" value="179.000000"/>
  <attribute name="GC Util currently" value="179" />
  <attribute name="CPU Util currently" value="13828682903000" />
<exclusive-end id="3962" timestamp="2019-07-07T05:37:53.730" durationms="3.295" />

<exclusive-start id="3963" timestamp="2019-07-07T05:37:53.754" intervalms="27.004">
  <response-info timems="0.063" idlems="0.063" threads="0" lastid="000000000202A700" lastname="main" />
</exclusive-start>
<allocation-taxation id="3964" taxation-threshold="32505856" timestamp="2019-07-07T05:37:53.754" intervalms="26.977" />
<cycle-start id="3965" type="partial gc" contextid="0" timestamp="2019-07-07T05:37:53.754" intervalms="26.924" />
<gc-start id="3966" type="partial gc" contextid="3965" timestamp="2019-07-07T05:37:53.754">
  <mem-info id="3967" free="30408704" total="102760448" percent="29">
    <mem type="eden" free="1048504" total="33554432" percent="3" />
    <remembered-set count="1504" freebytes="4095872" totalbytes="4101888" percent="99" regionsoverflowed="0" regionsstable="18" regionsrebuilding="0"/>
  </mem-info>
</gc-start>
<allocation-stats totalBytes="32448768" >
  <allocated-bytes non-tlh="0" tlh="32448768" arrayletleaf="0"/>
  <largest-consumer threadName="main" threadId="000000000202A700" bytes="32448768" />
</allocation-stats>
<gc-op id="3968" type="copy forward" timems="2.153" contextid="3965" timestamp="2019-07-07T05:37:53.757">
  <memory-copied type="eden" objects="3" bytes="72" bytesdiscarded="0" />
  <memory-copied type="other" objects="43" bytes="1096" bytesdiscarded="2432" />
  <memory-cardclean objects="127" bytes="11792" />
  <regions eden="31" other="5" />
  <remembered-set-cleared processed="86" cleared="28" durationms="0.158" />
  <references type="weak" candidates="2" cleared="0" enqueued="0" />
  <stringconstants candidates="13269" cleared="0"  />
</gc-op>
<gc-op id="3969" type="classunload" timems="0.004" contextid="3965" timestamp="2019-07-07T05:37:53.757">
  <classunload-info classloadercandidates="53" classloadersunloaded="0" classesunloaded="0" anonymousclassesunloaded="0" quiescems="0.000" setupms="0.004" scanms="0.000" postms="0.000" />
</gc-op>
<heap-resize id="3970" type="contract" space="default" amount="5242880" count="1" timems="0.051" reason="excess free space following gc" timestamp="2019-07-07T05:37:53.758" />
<gc-end id="3971" type="partial gc" contextid="3965" durationms="3.365" usertimems="4.000" systemtimems="0.000" timestamp="2019-07-07T05:37:53.758" activeThreads="4">
  <mem-info id="3972" free="59768832" total="97517568" percent="61">
    <mem type="eden" free="1048504" total="1048576" percent="99" />
    <remembered-set count="2528" freebytes="4091776" totalbytes="4101888" percent="99" regionsoverflowed="0" regionsstable="18" regionsrebuilding="0"/>
  </mem-info>
</gc-end>
<cycle-end id="3973" type="partial gc" contextid="3965" timestamp="2019-07-07T05:37:53.758" />
  <attribute name="elasticGC enabled" value="1" />
  <attribute name= "numThreadsSpecified" value="4" />
  <attribute name="heapSize specified" value="0" />
  <attribute name="Current GC Util" value="157" />
  <attribute name= "Current Time Running" value="24557" />
  <attribute name ="GC Interval" value="0" />
  <attribute name="ProportionalT" value="68.500000" />
  <attribute name="ProportionalI" value="68.500000" />
  <attribute name="ProportionalH" value="68.500000" />
  <attribute name="Current Error" value="137.000000" />
  <attribute name="IntegralT" value="68.500000" />
  <attribute name="IntegralI" value="68.500000" />
  <attribute name="IntegralH" value="68.500000" />
  <attribute name="DerivativeT" value="137.000000" />
  <attribute name="DerivativeI" value="137.000000" />
  <attribute name="DerivativeH" value="137.000000" />
  <attribute name="Loop Time for DT" value="1.000000" />
  <attribute name="Output H" value="8388608"/>
  <attribute name="Output I" value="280"/>
  <attribute name="Output T" value="4"/>
  <attribute name="Target GC Util Change" value ="20.000000" />
  <attribute name="Current GC Util Change" value="157.000000"/>
  <attribute name="GC Util currently" value="157" />
  <attribute name="CPU Util currently" value="9651977670793" />
<exclusive-end id="3974" timestamp="2019-07-07T05:37:53.758" durationms="4.227" />

<exclusive-start id="3975" timestamp="2019-07-07T05:37:53.800" intervalms="46.379">
  <response-info timems="0.072" idlems="0.072" threads="0" lastid="000000000202A700" lastname="main" />
</exclusive-start>
<allocation-taxation id="3976" taxation-threshold="30408704" timestamp="2019-07-07T05:37:53.800" intervalms="46.416" />
<cycle-start id="3977" type="partial gc" contextid="0" timestamp="2019-07-07T05:37:53.800" intervalms="46.391" />
<gc-start id="3978" type="partial gc" contextid="3977" timestamp="2019-07-07T05:37:53.801">
  <mem-info id="3979" free="29360128" total="97517568" percent="30">
    <mem type="eden" free="1048504" total="31457280" percent="3" />
    <remembered-set count="2048" freebytes="4093696" totalbytes="4101888" percent="99" regionsoverflowed="0" regionsstable="18" regionsrebuilding="0"/>
  </mem-info>
</gc-start>
<allocation-stats totalBytes="30378184" >
  <allocated-bytes non-tlh="0" tlh="30378184" arrayletleaf="0"/>
  <largest-consumer threadName="main" threadId="000000000202A700" bytes="30378184" />
</allocation-stats>
<gc-op id="3980" type="copy forward" timems="1.065" contextid="3977" timestamp="2019-07-07T05:37:53.803">
  <memory-copied type="eden" objects="32" bytes="1800" bytesdiscarded="0" />
  <memory-copied type="other" objects="60" bytes="1360" bytesdiscarded="352" />
  <memory-cardclean objects="156" bytes="4608" />
  <regions eden="29" other="4" />
  <remembered-set-cleared processed="87" cleared="28" durationms="0.116" />
  <stringconstants candidates="13269" cleared="0"  />
</gc-op>
<gc-op id="3981" type="classunload" timems="0.003" contextid="3977" timestamp="2019-07-07T05:37:53.803">
  <classunload-info classloadercandidates="53" classloadersunloaded="0" classesunloaded="0" anonymousclassesunloaded="0" quiescems="0.000" setupms="0.003" scanms="0.000" postms="0.000" />
</gc-op>
<heap-resize id="3982" type="contract" space="default" amount="3145728" count="1" timems="0.055" reason="excess free space following gc" timestamp="2019-07-07T05:37:53.803" />
<gc-end id="3983" type="partial gc" contextid="3977" durationms="2.735" usertimems="0.000" systemtimems="4.000" timestamp="2019-07-07T05:37:53.803" activeThreads="1">
  <mem-info id="3984" free="57671680" total="94371840" percent="61">
    <mem type="eden" free="1046776" total="1048576" percent="99" />
    <remembered-set count="1056" freebytes="3888384" totalbytes="3892608" percent="99" regionsoverflowed="0" regionsstable="18" regionsrebuilding="0"/>
  </mem-info>
</gc-end>
<cycle-end id="3985" type="partial gc" contextid="3977" timestamp="2019-07-07T05:37:53.804" />
  <attribute name="elasticGC enabled" value="1" />
  <attribute name= "numThreadsSpecified" value="1" />
  <attribute name="heapSize specified" value="0" />
  <attribute name="Current GC Util" value="83" />
  <attribute name= "Current Time Running" value="24603" />
  <attribute name ="GC Interval" value="0" />
  <attribute name="ProportionalT" value="31.500000" />
  <attribute name="ProportionalI" value="31.500000" />
  <attribute name="ProportionalH" value="31.500000" />
  <attribute name="Current Error" value="63.000000" />
  <attribute name="IntegralT" value="0.000000" />
  <attribute name="IntegralI" value="0.000000" />
  <attribute name="IntegralH" value="0.000000" />
  <attribute name="DerivativeT" value="inf" />
  <attribute name="DerivativeI" value="inf" />
  <attribute name="DerivativeH" value="inf" />
  <attribute name="Loop Time for DT" value="0.000000" />
  <attribute name="Output H" value="8388608"/>
  <attribute name="Output I" value="200"/>
  <attribute name="Output T" value="1"/>
  <attribute name="Target GC Util Change" value ="20.000000" />
  <attribute name="Current GC Util Change" value="83.000000"/>
  <attribute name="GC Util currently" value="83" />
  <attribute name="CPU Util currently" value="7109382765863" />
<exclusive-end id="3986" timestamp="2019-07-07T05:37:53.804" durationms="3.683" />

<exclusive-start id="3987" timestamp="2019-07-07T05:37:53.846" intervalms="46.071">
  <response-info timems="0.061" idlems="0.061" threads="0" lastid="000000000202A700" lastname="main" />
</exclusive-start>
<allocation-taxation id="3988" taxation-threshold="30408704" timestamp="2019-07-07T05:37:53.846" intervalms="46.046" />
<cycle-start id="3989" type="partial gc" contextid="0" timestamp="2019-07-07T05:37:53.847" intervalms="46.118" />
<gc-start id="3990" type="partial gc" contextid="3989" timestamp="2019-07-07T05:37:53.847">
  <mem-info id="3991" free="27262976" total="94371840" percent="28">
    <mem type="eden" free="0" total="30408704" percent="0" />
    <remembered-set count="928" freebytes="3888896" totalbytes="3892608" percent="99" regionsoverflowed="0" regionsstable="18" regionsrebuilding="0"/>
  </mem-info>
</gc-start>
<allocation-stats totalBytes="30381928" >
  <allocated-bytes non-tlh="0" tlh="30381928" arrayletleaf="0"/>
  <largest-consumer threadName="main" threadId="000000000202A700" bytes="30381928" />
</allocation-stats>
<gc-op id="3992" type="copy forward" timems="2.381" contextid="3989" timestamp="2019-07-07T05:37:53.850">
  <memory-copied type="eden" objects="28" bytes="1480" bytesdiscarded="680" />
  <memory-copied type="other" objects="26" bytes="1088" bytesdiscarded="2192" />
  <memory-cardclean objects="141" bytes="4232" />
  <regions eden="29" other="3" />
  <remembered-set-cleared processed="83" cleared="22" durationms="0.088" />
  <stringconstants candidates="13269" cleared="0"  />
</gc-op>
<gc-op id="3993" type="classunload" timems="0.004" contextid="3989" timestamp="2019-07-07T05:37:53.850">
  <classunload-info classloadercandidates="53" classloadersunloaded="0" classesunloaded="0" anonymousclassesunloaded="0" quiescems="0.000" setupms="0.004" scanms="0.000" postms="0.000" />
</gc-op>
<gc-end id="3994" type="partial gc" contextid="3989" durationms="3.789" usertimems="4.000" systemtimems="4.000" timestamp="2019-07-07T05:37:53.851" activeThreads="4">
  <mem-info id="3995" free="56623104" total="94371840" percent="60">
    <mem type="eden" free="1046416" total="1048576" percent="99" />
    <remembered-set count="2464" freebytes="3757184" totalbytes="3767040" percent="99" regionsoverflowed="0" regionsstable="18" regionsrebuilding="0"/>
  </mem-info>
</gc-end>
<cycle-end id="3996" type="partial gc" contextid="3989" timestamp="2019-07-07T05:37:53.851" />
  <attribute name="elasticGC enabled" value="1" />
  <attribute name= "numThreadsSpecified" value="4" />
  <attribute name="heapSize specified" value="0" />
  <attribute name="Current GC Util" value="154" />
  <attribute name= "Current Time Running" value="24650" />
  <attribute name ="GC Interval" value="0" />
  <attribute name="ProportionalT" value="67.000000" />
  <attribute name="ProportionalI" value="67.000000" />
  <attribute name="ProportionalH" value="67.000000" />
  <attribute name="Current Error" value="134.000000" />
  <attribute name="IntegralT" value="67.000000" />
  <attribute name="IntegralI" value="67.000000" />
  <attribute name="IntegralH" value="67.000000" />
  <attribute name="DerivativeT" value="134.000000" />
  <attribute name="DerivativeI" value="134.000000" />
  <attribute name="DerivativeH" value="134.000000" />
  <attribute name="Loop Time for DT" value="1.000000" />
  <attribute name="Output H" value="8388608"/>
  <attribute name="Output I" value="272"/>
  <attribute name="Output T" value="4"/>
  <attribute name="Target GC Util Change" value ="20.000000" />
  <attribute name="Current GC Util Change" value="154.000000"/>
  <attribute name="GC Util currently" value="154" />
  <attribute name="CPU Util currently" value="6726849681353" />
<exclusive-end id="3997" timestamp="2019-07-07T05:37:53.851" durationms="4.674" />

<exclusive-start id="3998" timestamp="2019-07-07T05:37:53.862" intervalms="16.193">
  <response-info timems="0.059" idlems="0.059" threads="0" lastid="000000000202A700" lastname="main" />
</exclusive-start>
<allocation-taxation id="3999" taxation-threshold="30408704" timestamp="2019-07-07T05:37:53.863" intervalms="16.216" />
<cycle-start id="4000" type="partial gc" contextid="0" timestamp="2019-07-07T05:37:53.863" intervalms="16.203" />
<gc-start id="4001" type="partial gc" contextid="4000" timestamp="2019-07-07T05:37:53.863">
  <mem-info id="4002" free="26214400" total="94371840" percent="27">
    <mem type="eden" free="0" total="30408704" percent="0" />
    <remembered-set count="1984" freebytes="3759104" totalbytes="3767040" percent="99" regionsoverflowed="0" regionsstable="18" regionsrebuilding="0"/>
  </mem-info>
</gc-start>
<allocation-stats totalBytes="30386608" >
  <allocated-bytes non-tlh="0" tlh="30386608" arrayletleaf="0"/>
  <largest-consumer threadName="main" threadId="000000000202A700" bytes="30386608" />
</allocation-stats>
<gc-op id="4003" type="copy forward" timems="3.821" contextid="4000" timestamp="2019-07-07T05:37:53.868">
  <memory-copied type="eden" objects="4" bytes="288" bytesdiscarded="0" />
  <memory-copied type="other" objects="36" bytes="1464" bytesdiscarded="1976" />
  <memory-cardclean objects="79" bytes="2592" />
  <regions eden="29" other="3" />
  <remembered-set-cleared processed="89" cleared="15" durationms="0.154" />
  <stringconstants candidates="13269" cleared="0"  />
</gc-op>
<gc-op id="4004" type="classunload" timems="0.008" contextid="4000" timestamp="2019-07-07T05:37:53.868">
  <classunload-info classloadercandidates="53" classloadersunloaded="0" classesunloaded="0" anonymousclassesunloaded="0" quiescems="0.000" setupms="0.008" scanms="0.000" postms="0.000" />
</gc-op>
<gc-end id="4005" type="partial gc" contextid="4000" durationms="5.026" usertimems="12.000" systemtimems="0.000" timestamp="2019-07-07T05:37:53.868" activeThreads="4">
  <mem-info id="4006" free="55574528" total="94371840" percent="58">
    <mem type="eden" free="1048288" total="1048576" percent="99" />
    <remembered-set count="2272" freebytes="3757952" totalbytes="3767040" percent="99" regionsoverflowed="0" regionsstable="18" regionsrebuilding="0"/>
  </mem-info>
</gc-end>
<cycle-end id="4007" type="partial gc" contextid="4000" timestamp="2019-07-07T05:37:53.868" />
  <attribute name="elasticGC enabled" value="1" />
  <attribute name= "numThreadsSpecified" value="4" />
  <attribute name="heapSize specified" value="0" />
  <attribute name="Current GC Util" value="169" />
  <attribute name= "Current Time Running" value="24666" />
  <attribute name ="GC Interval" value="0" />
  <attribute name="ProportionalT" value="74.500000" />
  <attribute name="ProportionalI" value="74.500000" />
  <attribute name="ProportionalH" value="74.500000" />
  <attribute name="Current Error" value="149.000000" />
  <attribute name="IntegralT" value="74.500000" />
  <attribute name="IntegralI" value="74.500000" />
  <attribute name="IntegralH" value="74.500000" />
  <attribute name="DerivativeT" value="128.000000" />
  <attribute name="DerivativeI" value="128.000000" />
  <attribute name="DerivativeH" value="128.000000" />
  <attribute name="Loop Time for DT" value="1.000000" />
  <attribute name="Output H" value="8388608"/>
  <attribute name="Output I" value="280"/>
  <attribute name="Output T" value="4"/>
  <attribute name="Target GC Util Change" value ="20.000000" />
  <attribute name="Current GC Util Change" value="169.000000"/>
  <attribute name="GC Util currently" value="169" />
  <attribute name="CPU Util currently" value="10807642673802" />
<exclusive-end id="4008" timestamp="2019-07-07T05:37:53.868" durationms="5.975" />

<exclusive-start id="4009" timestamp="2019-07-07T05:37:53.880" intervalms="17.302">
  <response-info timems="0.057" idlems="0.057" threads="0" lastid="000000000202A700" lastname="main" />
</exclusive-start>
<allocation-taxation id="4010" taxation-threshold="30408704" timestamp="2019-07-07T05:37:53.880" intervalms="17.246" />
<cycle-start id="4011" type="partial gc" contextid="0" timestamp="2019-07-07T05:37:53.880" intervalms="17.267" />
<gc-start id="4012" type="partial gc" contextid="4011" timestamp="2019-07-07T05:37:53.880">
  <mem-info id="4013" free="25165824" total="94371840" percent="26">
    <mem type="eden" free="0" total="30408704" percent="0" />
    <remembered-set count="2272" freebytes="3757952" totalbytes="3767040" percent="99" regionsoverflowed="0" regionsstable="18" regionsrebuilding="0"/>
  </mem-info>
</gc-start>
<allocation-stats totalBytes="30386640" >
  <allocated-bytes non-tlh="0" tlh="30386640" arrayletleaf="0"/>
  <largest-consumer threadName="main" threadId="000000000202A700" bytes="30386640" />
</allocation-stats>
<gc-op id="4014" type="copy forward" timems="2.045" contextid="4011" timestamp="2019-07-07T05:37:53.883">
  <memory-copied type="eden" objects="4" bytes="288" bytesdiscarded="0" />
  <memory-copied type="other" objects="12" bytes="272" bytesdiscarded="0" />
  <memory-cardclean objects="66" bytes="1792" />
  <regions eden="29" other="3" />
  <remembered-set-cleared processed="94" cleared="24" durationms="0.097" />
  <stringconstants candidates="13269" cleared="0"  />
</gc-op>
<gc-op id="4015" type="classunload" timems="0.003" contextid="4011" timestamp="2019-07-07T05:37:53.883">
  <classunload-info classloadercandidates="53" classloadersunloaded="0" classesunloaded="0" anonymousclassesunloaded="0" quiescems="0.000" setupms="0.003" scanms="0.000" postms="0.000" />
</gc-op>
<heap-resize id="4016" type="expand" space="default" amount="3145728" count="1" timems="0.051" reason="excessive time being spent in gc" timestamp="2019-07-07T05:37:53.883" />
<gc-end id="4017" type="partial gc" contextid="4011" durationms="3.378" usertimems="4.000" systemtimems="0.000" timestamp="2019-07-07T05:37:53.884" activeThreads="4">
  <mem-info id="4018" free="58720256" total="97517568" percent="60">
    <mem type="eden" free="1048288" total="1048576" percent="99" />
    <remembered-set count="1504" freebytes="3886592" totalbytes="3892608" percent="99" regionsoverflowed="0" regionsstable="18" regionsrebuilding="0"/>
  </mem-info>
</gc-end>
<cycle-end id="4019" type="partial gc" contextid="4011" timestamp="2019-07-07T05:37:53.884" />
  <attribute name="elasticGC enabled" value="1" />
  <attribute name= "numThreadsSpecified" value="4" />
  <attribute name="heapSize specified" value="0" />
  <attribute name="Current GC Util" value="161" />
  <attribute name= "Current Time Running" value="24683" />
  <attribute name ="GC Interval" value="0" />
  <attribute name="ProportionalT" value="70.500000" />
  <attribute name="ProportionalI" value="70.500000" />
  <attribute name="ProportionalH" value="70.500000" />
  <attribute name="Current Error" value="141.000000" />
  <attribute name="IntegralT" value="70.500000" />
  <attribute name="IntegralI" value="70.500000" />
  <attribute name="IntegralH" value="70.500000" />
  <attribute name="DerivativeT" value="106.000000" />
  <attribute name="DerivativeI" value="106.000000" />
  <attribute name="DerivativeH" value="106.000000" />
  <attribute name="Loop Time for DT" value="1.000000" />
  <attribute name="Output H" value="8388608"/>
  <attribute name="Output I" value="248"/>
  <attribute name="Output T" value="4"/>
  <attribute name="Target GC Util Change" value ="20.000000" />
  <attribute name="Current GC Util Change" value="161.000000"/>
  <attribute name="GC Util currently" value="161" />
  <attribute name="CPU Util currently" value="9650119535116" />
<exclusive-end id="4020" timestamp="2019-07-07T05:37:53.884" durationms="4.317" />

<exclusive-start id="4021" timestamp="2019-07-07T05:37:53.922" intervalms="42.524">
  <response-info timems="0.032" idlems="0.032" threads="0" lastid="000000000202A700" lastname="main" />
</exclusive-start>
<allocation-taxation id="4022" taxation-threshold="30408704" timestamp="2019-07-07T05:37:53.922" intervalms="42.565" />
<cycle-start id="4023" type="partial gc" contextid="0" timestamp="2019-07-07T05:37:53.922" intervalms="42.479" />
<gc-start id="4024" type="partial gc" contextid="4023" timestamp="2019-07-07T05:37:53.923">
  <mem-info id="4025" free="28311552" total="97517568" percent="29">
    <mem type="eden" free="1048288" total="31457280" percent="3" />
    <remembered-set count="1024" freebytes="3888512" totalbytes="3892608" percent="99" regionsoverflowed="0" regionsstable="18" regionsrebuilding="0"/>
  </mem-info>
</gc-start>
<allocation-stats totalBytes="30369280" >
  <allocated-bytes non-tlh="0" tlh="30369280" arrayletleaf="0"/>
  <largest-consumer threadName="main" threadId="000000000202A700" bytes="30369280" />
</allocation-stats>
<gc-op id="4026" type="copy forward" timems="1.853" contextid="4023" timestamp="2019-07-07T05:37:53.925">
  <memory-copied type="eden" objects="39" bytes="6296" bytesdiscarded="0" />
  <memory-copied type="other" objects="2393" bytes="144176" bytesdiscarded="216" />
  <memory-cardclean objects="402" bytes="28000" />
  <regions eden="29" other="3" />
  <remembered-set-cleared processed="45" cleared="25" durationms="0.115" />
  <references type="soft" candidates="15" cleared="0" enqueued="0" dynamicThreshold="19" maxThreshold="32" />
  <references type="weak" candidates="129" cleared="0" enqueued="0" />
  <stringconstants candidates="13269" cleared="0"  />
</gc-op>
<gc-op id="4027" type="classunload" timems="0.003" contextid="4023" timestamp="2019-07-07T05:37:53.926">
  <classunload-info classloadercandidates="53" classloadersunloaded="0" classesunloaded="0" anonymousclassesunloaded="0" quiescems="0.000" setupms="0.003" scanms="0.000" postms="0.000" />
</gc-op>
<gc-end id="4028" type="partial gc" contextid="4023" durationms="3.089" usertimems="4.000" systemtimems="0.000" timestamp="2019-07-07T05:37:53.926" activeThreads="1">
  <mem-info id="4029" free="59768832" total="97517568" percent="61">
    <mem type="eden" free="1042280" total="1048576" percent="99" />
    <remembered-set count="1088" freebytes="3888256" totalbytes="3892608" percent="99" regionsoverflowed="0" regionsstable="18" regionsrebuilding="0"/>
  </mem-info>
</gc-end>
<cycle-end id="4030" type="partial gc" contextid="4023" timestamp="2019-07-07T05:37:53.926" />
  <attribute name="elasticGC enabled" value="1" />
  <attribute name= "numThreadsSpecified" value="1" />
  <attribute name="heapSize specified" value="0" />
  <attribute name="Current GC Util" value="155" />
  <attribute name= "Current Time Running" value="24725" />
  <attribute name ="GC Interval" value="0" />
  <attribute name="ProportionalT" value="67.500000" />
  <attribute name="ProportionalI" value="67.500000" />
  <attribute name="ProportionalH" value="67.500000" />
  <attribute name="Current Error" value="135.000000" />
  <attribute name="IntegralT" value="0.000000" />
  <attribute name="IntegralI" value="0.000000" />
  <attribute name="IntegralH" value="0.000000" />
  <attribute name="DerivativeT" value="inf" />
  <attribute name="DerivativeI" value="inf" />
  <attribute name="DerivativeH" value="inf" />
  <attribute name="Loop Time for DT" value="0.000000" />
  <attribute name="Output H" value="8388608"/>
  <attribute name="Output I" value="200"/>
  <attribute name="Output T" value="1"/>
  <attribute name="Target GC Util Change" value ="20.000000" />
  <attribute name="Current GC Util Change" value="155.000000"/>
  <attribute name="GC Util currently" value="155" />
  <attribute name="CPU Util currently" value="9303831483403" />
<exclusive-end id="4031" timestamp="2019-07-07T05:37:53.926" durationms="4.048" />

<exclusive-start id="4032" timestamp="2019-07-07T05:37:53.985" intervalms="62.995">
  <response-info timems="0.037" idlems="0.037" threads="0" lastid="000000000202A700" lastname="main" />
</exclusive-start>
<allocation-taxation id="4033" taxation-threshold="30408704" timestamp="2019-07-07T05:37:53.985" intervalms="63.053" />
<cycle-start id="4034" type="partial gc" contextid="0" timestamp="2019-07-07T05:37:53.986" intervalms="63.096" />
<gc-start id="4035" type="partial gc" contextid="4034" timestamp="2019-07-07T05:37:53.986">
  <mem-info id="4036" free="29360128" total="97517568" percent="30">
    <mem type="eden" free="0" total="30408704" percent="0" />
    <remembered-set count="1024" freebytes="3888512" totalbytes="3892608" percent="99" regionsoverflowed="0" regionsstable="18" regionsrebuilding="0"/>
  </mem-info>
</gc-start>
<allocation-stats totalBytes="30358200" >
  <allocated-bytes non-tlh="0" tlh="30358200" arrayletleaf="0"/>
  <largest-consumer threadName="main" threadId="000000000202A700" bytes="30358200" />
</allocation-stats>
<gc-op id="4037" type="copy forward" timems="0.943" contextid="4034" timestamp="2019-07-07T05:37:53.987">
  <memory-copied type="eden" objects="3" bytes="1088" bytesdiscarded="0" />
  <memory-copied type="other" objects="36" bytes="4208" bytesdiscarded="0" />
  <memory-cardclean objects="56" bytes="2024" />
  <regions eden="29" other="1" />
  <remembered-set-cleared processed="95" cleared="5" durationms="0.114" />
  <stringconstants candidates="13269" cleared="0"  />
</gc-op>
<gc-op id="4038" type="classunload" timems="0.004" contextid="4034" timestamp="2019-07-07T05:37:53.988">
  <classunload-info classloadercandidates="53" classloadersunloaded="0" classesunloaded="0" anonymousclassesunloaded="0" quiescems="0.000" setupms="0.003" scanms="0.000" postms="0.000" />
</gc-op>
<gc-end id="4039" type="partial gc" contextid="4034" durationms="1.925" usertimems="4.000" systemtimems="0.000" timestamp="2019-07-07T05:37:53.988" activeThreads="1">
  <mem-info id="4040" free="58720256" total="97517568" percent="60">
    <mem type="eden" free="1047488" total="1048576" percent="99" />
    <remembered-set count="1440" freebytes="3886848" totalbytes="3892608" percent="99" regionsoverflowed="0" regionsstable="18" regionsrebuilding="0"/>
  </mem-info>
</gc-end>
<cycle-end id="4041" type="partial gc" contextid="4034" timestamp="2019-07-07T05:37:53.988" />
  <attribute name="elasticGC enabled" value="1" />
  <attribute name= "numThreadsSpecified" value="1" />
  <attribute name="heapSize specified" value="0" />
  <attribute name="Current GC Util" value="319" />
  <attribute name= "Current Time Running" value="24788" />
  <attribute name ="GC Interval" value="0" />
  <attribute name="ProportionalT" value="149.500000" />
  <attribute name="ProportionalI" value="149.500000" />
  <attribute name="ProportionalH" value="149.500000" />
  <attribute name="Current Error" value="299.000000" />
  <attribute name="IntegralT" value="0.000000" />
  <attribute name="IntegralI" value="0.000000" />
  <attribute name="IntegralH" value="0.000000" />
  <attribute name="DerivativeT" value="inf" />
  <attribute name="DerivativeI" value="inf" />
  <attribute name="DerivativeH" value="inf" />
  <attribute name="Loop Time for DT" value="0.000000" />
  <attribute name="Output H" value="8388608"/>
  <attribute name="Output I" value="200"/>
  <attribute name="Output T" value="1"/>
  <attribute name="Target GC Util Change" value ="20.000000" />
  <attribute name="Current GC Util Change" value="319.000000"/>
  <attribute name="GC Util currently" value="319" />
  <attribute name="CPU Util currently" value="18144600018631" />
<exclusive-end id="4042" timestamp="2019-07-07T05:37:53.988" durationms="3.025" />

<exclusive-start id="4043" timestamp="2019-07-07T05:37:54.046" intervalms="61.132">
  <response-info timems="0.068" idlems="0.068" threads="0" lastid="000000000202A700" lastname="main" />
</exclusive-start>
<allocation-taxation id="4044" taxation-threshold="30408704" timestamp="2019-07-07T05:37:54.047" intervalms="61.116" />
<cycle-start id="4045" type="partial gc" contextid="0" timestamp="2019-07-07T05:37:54.047" intervalms="61.096" />
<gc-start id="4046" type="partial gc" contextid="4045" timestamp="2019-07-07T05:37:54.047">
  <mem-info id="4047" free="28311552" total="97517568" percent="29">
    <mem type="eden" free="1047488" total="31457280" percent="3" />
    <remembered-set count="1024" freebytes="3888512" totalbytes="3892608" percent="99" regionsoverflowed="0" regionsstable="18" regionsrebuilding="0"/>
  </mem-info>
</gc-start>
<allocation-stats totalBytes="30371408" >
  <allocated-bytes non-tlh="0" tlh="30371408" arrayletleaf="0"/>
  <largest-consumer threadName="main" threadId="000000000202A700" bytes="30371408" />
</allocation-stats>
<gc-op id="4048" type="copy forward" timems="0.933" contextid="4045" timestamp="2019-07-07T05:37:54.049">
  <memory-copied type="eden" objects="26" bytes="784" bytesdiscarded="0" />
  <memory-copied type="other" objects="0" bytes="0" bytesdiscarded="0" />
  <memory-cardclean objects="78" bytes="2560" />
  <regions eden="29" other="1" />
  <remembered-set-cleared processed="101" cleared="9" durationms="0.154" />
  <stringconstants candidates="13269" cleared="0"  />
</gc-op>
<gc-op id="4049" type="classunload" timems="0.004" contextid="4045" timestamp="2019-07-07T05:37:54.049">
  <classunload-info classloadercandidates="53" classloadersunloaded="0" classesunloaded="0" anonymousclassesunloaded="0" quiescems="0.000" setupms="0.004" scanms="0.000" postms="0.000" />
</gc-op>
<gc-end id="4050" type="partial gc" contextid="4045" durationms="2.046" usertimems="0.000" systemtimems="0.000" timestamp="2019-07-07T05:37:54.049" activeThreads="1">
  <mem-info id="4051" free="58720256" total="97517568" percent="60">
    <mem type="eden" free="1047792" total="1048576" percent="99" />
    <remembered-set count="1472" freebytes="3886720" totalbytes="3892608" percent="99" regionsoverflowed="0" regionsstable="18" regionsrebuilding="0"/>
  </mem-info>
</gc-end>
<cycle-end id="4052" type="partial gc" contextid="4045" timestamp="2019-07-07T05:37:54.049" />
  <attribute name="elasticGC enabled" value="1" />
  <attribute name= "numThreadsSpecified" value="1" />
  <attribute name="heapSize specified" value="0" />
  <attribute name="Current GC Util" value="72" />
  <attribute name= "Current Time Running" value="24849" />
  <attribute name ="GC Interval" value="0" />
  <attribute name="ProportionalT" value="26.000000" />
  <attribute name="ProportionalI" value="26.000000" />
  <attribute name="ProportionalH" value="26.000000" />
  <attribute name="Current Error" value="52.000000" />
  <attribute name="IntegralT" value="0.000000" />
  <attribute name="IntegralI" value="0.000000" />
  <attribute name="IntegralH" value="0.000000" />
  <attribute name="DerivativeT" value="inf" />
  <attribute name="DerivativeI" value="inf" />
  <attribute name="DerivativeH" value="inf" />
  <attribute name="Loop Time for DT" value="0.000000" />
  <attribute name="Output H" value="8388608"/>
  <attribute name="Output I" value="200"/>
  <attribute name="Output T" value="1"/>
  <attribute name="Target GC Util Change" value ="20.000000" />
  <attribute name="Current GC Util Change" value="72.000000"/>
  <attribute name="GC Util currently" value="72" />
  <attribute name="CPU Util currently" value="24862315146643" />
<exclusive-end id="4053" timestamp="2019-07-07T05:37:54.049" durationms="3.036" />

<exclusive-start id="4054" timestamp="2019-07-07T05:37:54.107" intervalms="60.242">
  <response-info timems="0.060" idlems="0.060" threads="0" lastid="000000000202A700" lastname="main" />
</exclusive-start>
<allocation-taxation id="4055" taxation-threshold="30408704" timestamp="2019-07-07T05:37:54.107" intervalms="60.210" />
<cycle-start id="4056" type="partial gc" contextid="0" timestamp="2019-07-07T05:37:54.107" intervalms="60.275" />
<gc-start id="4057" type="partial gc" contextid="4056" timestamp="2019-07-07T05:37:54.107">
  <mem-info id="4058" free="28311552" total="97517568" percent="29">
    <mem type="eden" free="0" total="30408704" percent="0" />
    <remembered-set count="1056" freebytes="3888384" totalbytes="3892608" percent="99" regionsoverflowed="0" regionsstable="18" regionsrebuilding="0"/>
  </mem-info>
</gc-start>
<allocation-stats totalBytes="30404352" >
  <allocated-bytes non-tlh="0" tlh="30404352" arrayletleaf="0"/>
  <largest-consumer threadName="main" threadId="000000000202A700" bytes="30404352" />
</allocation-stats>
<gc-op id="4059" type="copy forward" timems="1.317" contextid="4056" timestamp="2019-07-07T05:37:54.109">
  <memory-copied type="eden" objects="22" bytes="704" bytesdiscarded="680" />
  <memory-copied type="other" objects="7" bytes="160" bytesdiscarded="624" />
  <memory-cardclean objects="77" bytes="2544" />
  <regions eden="29" other="1" />
  <remembered-set-cleared processed="99" cleared="7" durationms="0.097" />
  <stringconstants candidates="13269" cleared="0"  />
</gc-op>
<gc-op id="4060" type="classunload" timems="0.003" contextid="4056" timestamp="2019-07-07T05:37:54.109">
  <classunload-info classloadercandidates="53" classloadersunloaded="0" classesunloaded="0" anonymousclassesunloaded="0" quiescems="0.000" setupms="0.003" scanms="0.000" postms="0.000" />
</gc-op>
<gc-end id="4061" type="partial gc" contextid="4056" durationms="2.269" usertimems="0.000" systemtimems="0.000" timestamp="2019-07-07T05:37:54.109" activeThreads="4">
  <mem-info id="4062" free="57671680" total="97517568" percent="59">
    <mem type="eden" free="1047192" total="1048576" percent="99" />
    <remembered-set count="1824" freebytes="3885312" totalbytes="3892608" percent="99" regionsoverflowed="0" regionsstable="18" regionsrebuilding="0"/>
  </mem-info>
</gc-end>
<cycle-end id="4063" type="partial gc" contextid="4056" timestamp="2019-07-07T05:37:54.110" />
  <attribute name="elasticGC enabled" value="1" />
  <attribute name= "numThreadsSpecified" value="4" />
  <attribute name="heapSize specified" value="0" />
  <attribute name="Current GC Util" value="57" />
  <attribute name= "Current Time Running" value="24910" />
  <attribute name ="GC Interval" value="0" />
  <attribute name="ProportionalT" value="18.500000" />
  <attribute name="ProportionalI" value="18.500000" />
  <attribute name="ProportionalH" value="18.500000" />
  <attribute name="Current Error" value="37.000000" />
  <attribute name="IntegralT" value="18.500000" />
  <attribute name="IntegralI" value="18.500000" />
  <attribute name="IntegralH" value="18.500000" />
  <attribute name="DerivativeT" value="37.000000" />
  <attribute name="DerivativeI" value="37.000000" />
  <attribute name="DerivativeH" value="37.000000" />
  <attribute name="Loop Time for DT" value="1.000000" />
  <attribute name="Output H" value="8388608"/>
  <attribute name="Output I" value="200"/>
  <attribute name="Output T" value="4"/>
  <attribute name="Target GC Util Change" value ="20.000000" />
  <attribute name="Current GC Util Change" value="57.000000"/>
  <attribute name="GC Util currently" value="57" />
  <attribute name="CPU Util currently" value="23351136365278" />
<exclusive-end id="4064" timestamp="2019-07-07T05:37:54.110" durationms="3.219" />

<exclusive-start id="4065" timestamp="2019-07-07T05:37:54.154" intervalms="47.895">
  <response-info timems="0.059" idlems="0.059" threads="0" lastid="000000000202A700" lastname="main" />
</exclusive-start>
<allocation-taxation id="4066" taxation-threshold="30408704" timestamp="2019-07-07T05:37:54.155" intervalms="47.935" />
<cycle-start id="4067" type="partial gc" contextid="0" timestamp="2019-07-07T05:37:54.155" intervalms="47.923" />
<gc-start id="4068" type="partial gc" contextid="4067" timestamp="2019-07-07T05:37:54.155">
  <mem-info id="4069" free="27262976" total="97517568" percent="27">
    <mem type="eden" free="0" total="30408704" percent="0" />
    <remembered-set count="1440" freebytes="3886848" totalbytes="3892608" percent="99" regionsoverflowed="0" regionsstable="18" regionsrebuilding="0"/>
  </mem-info>
</gc-start>
<allocation-stats totalBytes="30402920" >
  <allocated-bytes non-tlh="0" tlh="30402920" arrayletleaf="0"/>
  <largest-consumer threadName="main" threadId="000000000202A700" bytes="30402920" />
</allocation-stats>
<gc-op id="4070" type="copy forward" timems="1.479" contextid="4067" timestamp="2019-07-07T05:37:54.158">
  <memory-copied type="eden" objects="9" bytes="312" bytesdiscarded="0" />
  <memory-copied type="other" objects="20" bytes="664" bytesdiscarded="680" />
  <memory-cardclean objects="53" bytes="1840" />
  <regions eden="29" other="1" />
  <remembered-set-cleared processed="103" cleared="9" durationms="0.110" />
  <stringconstants candidates="13269" cleared="0"  />
</gc-op>
<gc-op id="4071" type="classunload" timems="0.004" contextid="4067" timestamp="2019-07-07T05:37:54.158">
  <classunload-info classloadercandidates="53" classloadersunloaded="0" classesunloaded="0" anonymousclassesunloaded="0" quiescems="0.000" setupms="0.004" scanms="0.000" postms="0.000" />
</gc-op>
<gc-end id="4072" type="partial gc" contextid="4067" durationms="2.786" usertimems="4.000" systemtimems="0.000" timestamp="2019-07-07T05:37:54.158" activeThreads="4">
  <mem-info id="4073" free="56623104" total="97517568" percent="58">
    <mem type="eden" free="1048264" total="1048576" percent="99" />
    <remembered-set count="1856" freebytes="3885184" totalbytes="3892608" percent="99" regionsoverflowed="0" regionsstable="18" regionsrebuilding="0"/>
  </mem-info>
</gc-end>
<cycle-end id="4074" type="partial gc" contextid="4067" timestamp="2019-07-07T05:37:54.158" />
  <attribute name="elasticGC enabled" value="1" />
  <attribute name= "numThreadsSpecified" value="4" />
  <attribute name="heapSize specified" value="0" />
  <attribute name="Current GC Util" value="167" />
  <attribute name= "Current Time Running" value="24958" />
  <attribute name ="GC Interval" value="0" />
  <attribute name="ProportionalT" value="73.500000" />
  <attribute name="ProportionalI" value="73.500000" />
  <attribute name="ProportionalH" value="73.500000" />
  <attribute name="Current Error" value="147.000000" />
  <attribute name="IntegralT" value="73.500000" />
  <attribute name="IntegralI" value="73.500000" />
  <attribute name="IntegralH" value="73.500000" />
  <attribute name="DerivativeT" value="147.000000" />
  <attribute name="DerivativeI" value="147.000000" />
  <attribute name="DerivativeH" value="147.000000" />
  <attribute name="Loop Time for DT" value="1.000000" />
  <attribute name="Output H" value="8388608"/>
  <attribute name="Output I" value="296"/>
  <attribute name="Output T" value="4"/>
  <attribute name="Target GC Util Change" value ="20.000000" />
  <attribute name="Current GC Util Change" value="167.000000"/>
  <attribute name="GC Util currently" value="167" />
  <attribute name="CPU Util currently" value="8776757848313" />
<exclusive-end id="4075" timestamp="2019-07-07T05:37:54.158" durationms="3.907" />

<exclusive-start id="4076" timestamp="2019-07-07T05:37:54.203" intervalms="48.262">
  <response-info timems="0.070" idlems="0.070" threads="0" lastid="000000000202A700" lastname="main" />
</exclusive-start>
<allocation-taxation id="4077" taxation-threshold="30408704" timestamp="2019-07-07T05:37:54.203" intervalms="48.209" />
<cycle-start id="4078" type="partial gc" contextid="0" timestamp="2019-07-07T05:37:54.203" intervalms="48.209" />
<gc-start id="4079" type="partial gc" contextid="4078" timestamp="2019-07-07T05:37:54.203">
  <mem-info id="4080" free="26214400" total="97517568" percent="26">
    <mem type="eden" free="1048264" total="31457280" percent="3" />
    <remembered-set count="1856" freebytes="3885184" totalbytes="3892608" percent="99" regionsoverflowed="0" regionsstable="18" regionsrebuilding="0"/>
  </mem-info>
</gc-start>
<allocation-stats totalBytes="30402880" >
  <allocated-bytes non-tlh="0" tlh="30402880" arrayletleaf="0"/>
  <largest-consumer threadName="main" threadId="000000000202A700" bytes="30402880" />
</allocation-stats>
<gc-op id="4081" type="copy forward" timems="1.018" contextid="4078" timestamp="2019-07-07T05:37:54.205">
  <memory-copied type="eden" objects="3" bytes="120" bytesdiscarded="0" />
  <memory-copied type="other" objects="0" bytes="0" bytesdiscarded="0" />
  <memory-cardclean objects="23" bytes="1120" />
  <regions eden="29" other="1" />
  <remembered-set-cleared processed="107" cleared="1" durationms="0.122" />
  <stringconstants candidates="13269" cleared="0"  />
</gc-op>
<gc-op id="4082" type="classunload" timems="0.003" contextid="4078" timestamp="2019-07-07T05:37:54.205">
  <classunload-info classloadercandidates="53" classloadersunloaded="0" classesunloaded="0" anonymousclassesunloaded="0" quiescems="0.000" setupms="0.003" scanms="0.000" postms="0.000" />
</gc-op>
<gc-end id="4083" type="partial gc" contextid="4078" durationms="2.338" usertimems="4.000" systemtimems="0.000" timestamp="2019-07-07T05:37:54.206" activeThreads="1">
  <mem-info id="4084" free="56623104" total="97517568" percent="58">
    <mem type="eden" free="1048456" total="1048576" percent="99" />
    <remembered-set count="2336" freebytes="3883264" totalbytes="3892608" percent="99" regionsoverflowed="0" regionsstable="18" regionsrebuilding="0"/>
  </mem-info>
</gc-end>
<cycle-end id="4085" type="partial gc" contextid="4078" timestamp="2019-07-07T05:37:54.206" />
  <attribute name="elasticGC enabled" value="1" />
  <attribute name= "numThreadsSpecified" value="1" />
  <attribute name="heapSize specified" value="0" />
  <attribute name="Current GC Util" value="158" />
  <attribute name= "Current Time Running" value="25006" />
  <attribute name ="GC Interval" value="0" />
  <attribute name="ProportionalT" value="69.000000" />
  <attribute name="ProportionalI" value="69.000000" />
  <attribute name="ProportionalH" value="69.000000" />
  <attribute name="Current Error" value="138.000000" />
  <attribute name="IntegralT" value="0.000000" />
  <attribute name="IntegralI" value="0.000000" />
  <attribute name="IntegralH" value="0.000000" />
  <attribute name="DerivativeT" value="inf" />
  <attribute name="DerivativeI" value="inf" />
  <attribute name="DerivativeH" value="inf" />
  <attribute name="Loop Time for DT" value="0.000000" />
  <attribute name="Output H" value="8388608"/>
  <attribute name="Output I" value="200"/>
  <attribute name="Output T" value="1"/>
  <attribute name="Target GC Util Change" value ="20.000000" />
  <attribute name="Current GC Util Change" value="158.000000"/>
  <attribute name="GC Util currently" value="158" />
  <attribute name="CPU Util currently" value="10000988833740" />
<exclusive-end id="4086" timestamp="2019-07-07T05:37:54.206" durationms="3.403" />

<exclusive-start id="4087" timestamp="2019-07-07T05:37:54.251" intervalms="48.428">
  <response-info timems="0.058" idlems="0.058" threads="0" lastid="000000000202A700" lastname="main" />
</exclusive-start>
<allocation-taxation id="4088" taxation-threshold="30408704" timestamp="2019-07-07T05:37:54.251" intervalms="48.472" />
<cycle-start id="4089" type="partial gc" contextid="0" timestamp="2019-07-07T05:37:54.252" intervalms="48.502" />
<gc-start id="4090" type="partial gc" contextid="4089" timestamp="2019-07-07T05:37:54.252">
  <mem-info id="4091" free="26214400" total="97517568" percent="26">
    <mem type="eden" free="1048456" total="31457280" percent="3" />
    <remembered-set count="1888" freebytes="3885056" totalbytes="3892608" percent="99" regionsoverflowed="0" regionsstable="18" regionsrebuilding="0"/>
  </mem-info>
</gc-start>
<allocation-stats totalBytes="30402816" >
  <allocated-bytes non-tlh="0" tlh="30402816" arrayletleaf="0"/>
  <largest-consumer threadName="main" threadId="000000000202A700" bytes="30402816" />
</allocation-stats>
<gc-op id="4092" type="copy forward" timems="1.024" contextid="4089" timestamp="2019-07-07T05:37:54.254">
  <memory-copied type="eden" objects="5" bytes="216" bytesdiscarded="0" />
  <memory-copied type="other" objects="0" bytes="0" bytesdiscarded="0" />
  <memory-cardclean objects="23" bytes="1120" />
  <regions eden="29" other="1" />
  <remembered-set-cleared processed="107" cleared="1" durationms="0.115" />
  <stringconstants candidates="13269" cleared="0"  />
</gc-op>
<gc-op id="4093" type="classunload" timems="0.004" contextid="4089" timestamp="2019-07-07T05:37:54.254">
  <classunload-info classloadercandidates="53" classloadersunloaded="0" classesunloaded="0" anonymousclassesunloaded="0" quiescems="0.000" setupms="0.003" scanms="0.000" postms="0.000" />
</gc-op>
<gc-end id="4094" type="partial gc" contextid="4089" durationms="2.361" usertimems="0.000" systemtimems="4.000" timestamp="2019-07-07T05:37:54.254" activeThreads="1">
  <mem-info id="4095" free="56623104" total="97517568" percent="58">
    <mem type="eden" free="1048360" total="1048576" percent="99" />
    <remembered-set count="2336" freebytes="3883264" totalbytes="3892608" percent="99" regionsoverflowed="0" regionsstable="18" regionsrebuilding="0"/>
  </mem-info>
</gc-end>
<cycle-end id="4096" type="partial gc" contextid="4089" timestamp="2019-07-07T05:37:54.254" />
  <attribute name="elasticGC enabled" value="1" />
  <attribute name= "numThreadsSpecified" value="1" />
  <attribute name="heapSize specified" value="0" />
  <attribute name="Current GC Util" value="296" />
  <attribute name= "Current Time Running" value="25054" />
  <attribute name ="GC Interval" value="0" />
  <attribute name="ProportionalT" value="138.000000" />
  <attribute name="ProportionalI" value="138.000000" />
  <attribute name="ProportionalH" value="138.000000" />
  <attribute name="Current Error" value="276.000000" />
  <attribute name="IntegralT" value="0.000000" />
  <attribute name="IntegralI" value="0.000000" />
  <attribute name="IntegralH" value="0.000000" />
  <attribute name="DerivativeT" value="inf" />
  <attribute name="DerivativeI" value="inf" />
  <attribute name="DerivativeH" value="inf" />
  <attribute name="Loop Time for DT" value="0.000000" />
  <attribute name="Output H" value="8388608"/>
  <attribute name="Output I" value="200"/>
  <attribute name="Output T" value="1"/>
  <attribute name="Target GC Util Change" value ="20.000000" />
  <attribute name="Current GC Util Change" value="296.000000"/>
  <attribute name="GC Util currently" value="296" />
  <attribute name="CPU Util currently" value="9954403426660" />
<exclusive-end id="4097" timestamp="2019-07-07T05:37:54.255" durationms="3.377" />

<exclusive-start id="4098" timestamp="2019-07-07T05:37:54.299" intervalms="47.596">
  <response-info timems="0.063" idlems="0.063" threads="0" lastid="000000000202A700" lastname="main" />
</exclusive-start>
<allocation-taxation id="4099" taxation-threshold="30408704" timestamp="2019-07-07T05:37:54.299" intervalms="47.573" />
<cycle-start id="4100" type="partial gc" contextid="0" timestamp="2019-07-07T05:37:54.299" intervalms="47.533" />
<gc-start id="4101" type="partial gc" contextid="4100" timestamp="2019-07-07T05:37:54.299">
  <mem-info id="4102" free="26214400" total="97517568" percent="26">
    <mem type="eden" free="1048360" total="31457280" percent="3" />
    <remembered-set count="1888" freebytes="3885056" totalbytes="3892608" percent="99" regionsoverflowed="0" regionsstable="18" regionsrebuilding="0"/>
  </mem-info>
</gc-start>
<allocation-stats totalBytes="30403240" >
  <allocated-bytes non-tlh="0" tlh="30403240" arrayletleaf="0"/>
  <largest-consumer threadName="main" threadId="000000000202A700" bytes="30403240" />
</allocation-stats>
<gc-op id="4103" type="copy forward" timems="1.031" contextid="4100" timestamp="2019-07-07T05:37:54.301">
  <memory-copied type="eden" objects="5" bytes="240" bytesdiscarded="0" />
  <memory-copied type="other" objects="0" bytes="0" bytesdiscarded="0" />
  <memory-cardclean objects="23" bytes="1120" />
  <regions eden="29" other="1" />
  <remembered-set-cleared processed="107" cleared="1" durationms="0.131" />
  <stringconstants candidates="13269" cleared="0"  />
</gc-op>
<gc-op id="4104" type="classunload" timems="0.004" contextid="4100" timestamp="2019-07-07T05:37:54.302">
  <classunload-info classloadercandidates="53" classloadersunloaded="0" classesunloaded="0" anonymousclassesunloaded="0" quiescems="0.000" setupms="0.004" scanms="0.000" postms="0.000" />
</gc-op>
<gc-end id="4105" type="partial gc" contextid="4100" durationms="2.445" usertimems="0.000" systemtimems="0.000" timestamp="2019-07-07T05:37:54.302" activeThreads="1">
  <mem-info id="4106" free="56623104" total="97517568" percent="58">
    <mem type="eden" free="1048336" total="1048576" percent="99" />
    <remembered-set count="2336" freebytes="3883264" totalbytes="3892608" percent="99" regionsoverflowed="0" regionsstable="18" regionsrebuilding="0"/>
  </mem-info>
</gc-end>
<cycle-end id="4107" type="partial gc" contextid="4100" timestamp="2019-07-07T05:37:54.302" />
  <attribute name="elasticGC enabled" value="1" />
  <attribute name= "numThreadsSpecified" value="1" />
  <attribute name="heapSize specified" value="0" />
  <attribute name="Current GC Util" value="296" />
  <attribute name= "Current Time Running" value="25102" />
  <attribute name ="GC Interval" value="0" />
  <attribute name="ProportionalT" value="138.000000" />
  <attribute name="ProportionalI" value="138.000000" />
  <attribute name="ProportionalH" value="138.000000" />
  <attribute name="Current Error" value="276.000000" />
  <attribute name="IntegralT" value="0.000000" />
  <attribute name="IntegralI" value="0.000000" />
  <attribute name="IntegralH" value="0.000000" />
  <attribute name="DerivativeT" value="inf" />
  <attribute name="DerivativeI" value="inf" />
  <attribute name="DerivativeH" value="inf" />
  <attribute name="Loop Time for DT" value="0.000000" />
  <attribute name="Output H" value="8388608"/>
  <attribute name="Output I" value="200"/>
  <attribute name="Output T" value="1"/>
  <attribute name="Target GC Util Change" value ="20.000000" />
  <attribute name="Current GC Util Change" value="296.000000"/>
  <attribute name="GC Util currently" value="296" />
  <attribute name="CPU Util currently" value="9939685309155" />
<exclusive-end id="4108" timestamp="2019-07-07T05:37:54.302" durationms="3.386" />

<exclusive-start id="4109" timestamp="2019-07-07T05:37:54.347" intervalms="47.803">
  <response-info timems="0.072" idlems="0.072" threads="0" lastid="000000000202A700" lastname="main" />
</exclusive-start>
<allocation-taxation id="4110" taxation-threshold="30408704" timestamp="2019-07-07T05:37:54.347" intervalms="47.796" />
<cycle-start id="4111" type="partial gc" contextid="0" timestamp="2019-07-07T05:37:54.347" intervalms="47.822" />
<gc-start id="4112" type="partial gc" contextid="4111" timestamp="2019-07-07T05:37:54.347">
  <mem-info id="4113" free="26214400" total="97517568" percent="26">
    <mem type="eden" free="1048336" total="31457280" percent="3" />
    <remembered-set count="1888" freebytes="3885056" totalbytes="3892608" percent="99" regionsoverflowed="0" regionsstable="18" regionsrebuilding="0"/>
  </mem-info>
</gc-start>
<allocation-stats totalBytes="30403152" >
  <allocated-bytes non-tlh="0" tlh="30403152" arrayletleaf="0"/>
  <largest-consumer threadName="main" threadId="000000000202A700" bytes="30403152" />
</allocation-stats>
<gc-op id="4114" type="copy forward" timems="4.083" contextid="4111" timestamp="2019-07-07T05:37:54.352">
  <memory-copied type="eden" objects="6" bytes="264" bytesdiscarded="0" />
  <memory-copied type="other" objects="0" bytes="0" bytesdiscarded="0" />
  <memory-cardclean objects="23" bytes="1120" />
  <regions eden="29" other="1" />
  <remembered-set-cleared processed="107" cleared="1" durationms="0.158" />
  <stringconstants candidates="13269" cleared="0"  />
</gc-op>
<gc-op id="4115" type="classunload" timems="0.004" contextid="4111" timestamp="2019-07-07T05:37:54.352">
  <classunload-info classloadercandidates="53" classloadersunloaded="0" classesunloaded="0" anonymousclassesunloaded="0" quiescems="0.000" setupms="0.004" scanms="0.000" postms="0.000" />
</gc-op>
<gc-end id="4116" type="partial gc" contextid="4111" durationms="5.439" usertimems="8.000" systemtimems="0.000" timestamp="2019-07-07T05:37:54.353" activeThreads="4">
  <mem-info id="4117" free="56623104" total="97517568" percent="58">
    <mem type="eden" free="1048312" total="1048576" percent="99" />
    <remembered-set count="2144" freebytes="3884032" totalbytes="3892608" percent="99" regionsoverflowed="0" regionsstable="18" regionsrebuilding="0"/>
  </mem-info>
</gc-end>
<cycle-end id="4118" type="partial gc" contextid="4111" timestamp="2019-07-07T05:37:54.353" />
  <attribute name="elasticGC enabled" value="1" />
  <attribute name= "numThreadsSpecified" value="4" />
  <attribute name="heapSize specified" value="0" />
  <attribute name="Current GC Util" value="281" />
  <attribute name= "Current Time Running" value="25150" />
  <attribute name ="GC Interval" value="0" />
  <attribute name="ProportionalT" value="130.500000" />
  <attribute name="ProportionalI" value="130.500000" />
  <attribute name="ProportionalH" value="130.500000" />
  <attribute name="Current Error" value="261.000000" />
  <attribute name="IntegralT" value="130.500000" />
  <attribute name="IntegralI" value="130.500000" />
  <attribute name="IntegralH" value="130.500000" />
  <attribute name="DerivativeT" value="261.000000" />
  <attribute name="DerivativeI" value="261.000000" />
  <attribute name="DerivativeH" value="261.000000" />
  <attribute name="Loop Time for DT" value="1.000000" />
  <attribute name="Output H" value="8388608"/>
  <attribute name="Output I" value="528"/>
  <attribute name="Output T" value="4"/>
  <attribute name="Target GC Util Change" value ="20.000000" />
  <attribute name="Current GC Util Change" value="281.000000"/>
  <attribute name="GC Util currently" value="281" />
  <attribute name="CPU Util currently" value="8322810554289" />
<exclusive-end id="4119" timestamp="2019-07-07T05:37:54.353" durationms="6.436" />

<exclusive-start id="4120" timestamp="2019-07-07T05:37:54.397" intervalms="50.798">
  <response-info timems="0.074" idlems="0.074" threads="0" lastid="000000000202A700" lastname="main" />
</exclusive-start>
<allocation-taxation id="4121" taxation-threshold="30408704" timestamp="2019-07-07T05:37:54.397" intervalms="50.765" />
<cycle-start id="4122" type="partial gc" contextid="0" timestamp="2019-07-07T05:37:54.398" intervalms="50.761" />
<gc-start id="4123" type="partial gc" contextid="4122" timestamp="2019-07-07T05:37:54.398">
  <mem-info id="4124" free="26214400" total="97517568" percent="26">
    <mem type="eden" free="1048312" total="31457280" percent="3" />
    <remembered-set count="1664" freebytes="3885952" totalbytes="3892608" percent="99" regionsoverflowed="0" regionsstable="18" regionsrebuilding="0"/>
  </mem-info>
</gc-start>
<allocation-stats totalBytes="30402880" >
  <allocated-bytes non-tlh="0" tlh="30402880" arrayletleaf="0"/>
  <largest-consumer threadName="main" threadId="000000000202A700" bytes="30402880" />
</allocation-stats>
<gc-op id="4125" type="copy forward" timems="3.336" contextid="4122" timestamp="2019-07-07T05:37:54.402">
  <memory-copied type="eden" objects="7" bytes="336" bytesdiscarded="0" />
  <memory-copied type="other" objects="0" bytes="0" bytesdiscarded="0" />
  <memory-cardclean objects="23" bytes="1120" />
  <regions eden="29" other="1" />
  <remembered-set-cleared processed="107" cleared="1" durationms="0.113" />
  <stringconstants candidates="13269" cleared="0"  />
</gc-op>
<gc-op id="4126" type="classunload" timems="0.004" contextid="4122" timestamp="2019-07-07T05:37:54.402">
  <classunload-info classloadercandidates="53" classloadersunloaded="0" classesunloaded="0" anonymousclassesunloaded="0" quiescems="0.000" setupms="0.004" scanms="0.000" postms="0.000" />
</gc-op>
<gc-end id="4127" type="partial gc" contextid="4122" durationms="4.498" usertimems="8.000" systemtimems="0.000" timestamp="2019-07-07T05:37:54.402" activeThreads="4">
  <mem-info id="4128" free="56623104" total="97517568" percent="58">
    <mem type="eden" free="1048240" total="1048576" percent="99" />
    <remembered-set count="2144" freebytes="3884032" totalbytes="3892608" percent="99" regionsoverflowed="0" regionsstable="18" regionsrebuilding="0"/>
  </mem-info>
</gc-end>
<cycle-end id="4129" type="partial gc" contextid="4122" timestamp="2019-07-07T05:37:54.403" />
  <attribute name="elasticGC enabled" value="1" />
  <attribute name= "numThreadsSpecified" value="4" />
  <attribute name="heapSize specified" value="0" />
  <attribute name="Current GC Util" value="0" />
  <attribute name= "Current Time Running" value="25201" />
  <attribute name ="GC Interval" value="0" />
  <attribute name="ProportionalT" value="-10.000000" />
  <attribute name="ProportionalI" value="-10.000000" />
  <attribute name="ProportionalH" value="-10.000000" />
  <attribute name="Current Error" value="-20.000000" />
  <attribute name="IntegralT" value="-10.000000" />
  <attribute name="IntegralI" value="-10.000000" />
  <attribute name="IntegralH" value="-10.000000" />
  <attribute name="DerivativeT" value="-20.000000" />
  <attribute name="DerivativeI" value="-20.000000" />
  <attribute name="DerivativeH" value="-20.000000" />
  <attribute name="Loop Time for DT" value="1.000000" />
  <attribute name="Output H" value="2091843584"/>
  <attribute name="Output I" value="200"/>
  <attribute name="Output T" value="4"/>
  <attribute name="Target GC Util Change" value ="20.000000" />
  <attribute name="Current GC Util Change" value="0.000000"/>
  <attribute name="GC Util currently" value="0" />
  <attribute name="CPU Util currently" value="11848837321104" />
<exclusive-end id="4130" timestamp="2019-07-07T05:37:54.403" durationms="5.557" />

<exclusive-start id="4131" timestamp="2019-07-07T05:37:54.413" intervalms="15.349">
  <response-info timems="0.082" idlems="0.082" threads="0" lastid="000000000202A700" lastname="main" />
</exclusive-start>
<allocation-taxation id="4132" taxation-threshold="30408704" timestamp="2019-07-07T05:37:54.413" intervalms="15.363" />
<cycle-start id="4133" type="partial gc" contextid="0" timestamp="2019-07-07T05:37:54.413" intervalms="15.303" />
<gc-start id="4134" type="partial gc" contextid="4133" timestamp="2019-07-07T05:37:54.413">
  <mem-info id="4135" free="26214400" total="97517568" percent="26">
    <mem type="eden" free="1048240" total="31457280" percent="3" />
    <remembered-set count="1664" freebytes="3885952" totalbytes="3892608" percent="99" regionsoverflowed="0" regionsstable="18" regionsrebuilding="0"/>
  </mem-info>
</gc-start>
<allocation-stats totalBytes="30365336" >
  <allocated-bytes non-tlh="0" tlh="30365336" arrayletleaf="0"/>
  <largest-consumer threadName="main" threadId="000000000202A700" bytes="30365336" />
</allocation-stats>
<gc-op id="4136" type="copy forward" timems="2.088" contextid="4133" timestamp="2019-07-07T05:37:54.416">
  <memory-copied type="eden" objects="26" bytes="1344" bytesdiscarded="696" />
  <memory-copied type="other" objects="0" bytes="0" bytesdiscarded="0" />
  <memory-cardclean objects="73" bytes="2576" />
  <regions eden="29" other="1" />
  <remembered-set-cleared processed="107" cleared="8" durationms="0.153" />
  <stringconstants candidates="13269" cleared="0"  />
</gc-op>
<gc-op id="4137" type="classunload" timems="0.004" contextid="4133" timestamp="2019-07-07T05:37:54.416">
  <classunload-info classloadercandidates="53" classloadersunloaded="0" classesunloaded="0" anonymousclassesunloaded="0" quiescems="0.000" setupms="0.004" scanms="0.000" postms="0.000" />
</gc-op>
<heap-resize id="4138" type="expand" space="default" amount="5242880" count="1" timems="0.064" reason="excessive time being spent in gc" timestamp="2019-07-07T05:37:54.417" />
<gc-end id="4139" type="partial gc" contextid="4133" durationms="3.454" usertimems="0.000" systemtimems="4.000" timestamp="2019-07-07T05:37:54.417" activeThreads="4">
  <mem-info id="4140" free="61865984" total="102760448" percent="60">
    <mem type="eden" free="1046536" total="1048576" percent="99" />
    <remembered-set count="2016" freebytes="4093824" totalbytes="4101888" percent="99" regionsoverflowed="0" regionsstable="18" regionsrebuilding="0"/>
  </mem-info>
</gc-end>
<cycle-end id="4141" type="partial gc" contextid="4133" timestamp="2019-07-07T05:37:54.417" />
  <attribute name="elasticGC enabled" value="1" />
  <attribute name= "numThreadsSpecified" value="4" />
  <attribute name="heapSize specified" value="0" />
  <attribute name="Current GC Util" value="159" />
  <attribute name= "Current Time Running" value="25216" />
  <attribute name ="GC Interval" value="0" />
  <attribute name="ProportionalT" value="69.500000" />
  <attribute name="ProportionalI" value="69.500000" />
  <attribute name="ProportionalH" value="69.500000" />
  <attribute name="Current Error" value="139.000000" />
  <attribute name="IntegralT" value="69.500000" />
  <attribute name="IntegralI" value="69.500000" />
  <attribute name="IntegralH" value="69.500000" />
  <attribute name="DerivativeT" value="97.000000" />
  <attribute name="DerivativeI" value="97.000000" />
  <attribute name="DerivativeH" value="97.000000" />
  <attribute name="Loop Time for DT" value="1.000000" />
  <attribute name="Output H" value="8388608"/>
  <attribute name="Output I" value="240"/>
  <attribute name="Output T" value="4"/>
  <attribute name="Target GC Util Change" value ="20.000000" />
  <attribute name="Current GC Util Change" value="159.000000"/>
  <attribute name="GC Util currently" value="159" />
  <attribute name="CPU Util currently" value="10026995530264" />
<exclusive-end id="4142" timestamp="2019-07-07T05:37:54.417" durationms="4.435" />

<exclusive-start id="4143" timestamp="2019-07-07T05:37:54.427" intervalms="14.400">
  <response-info timems="0.052" idlems="0.052" threads="0" lastid="000000000202A700" lastname="main" />
</exclusive-start>
<allocation-taxation id="4144" taxation-threshold="32505856" timestamp="2019-07-07T05:37:54.427" intervalms="14.416" />
<cycle-start id="4145" type="partial gc" contextid="0" timestamp="2019-07-07T05:37:54.427" intervalms="14.460" />
<gc-start id="4146" type="partial gc" contextid="4145" timestamp="2019-07-07T05:37:54.428">
  <mem-info id="4147" free="29360128" total="102760448" percent="28">
    <mem type="eden" free="0" total="32505856" percent="0" />
    <remembered-set count="1536" freebytes="4095744" totalbytes="4101888" percent="99" regionsoverflowed="0" regionsstable="18" regionsrebuilding="0"/>
  </mem-info>
</gc-start>
<allocation-stats totalBytes="32460320" >
  <allocated-bytes non-tlh="0" tlh="32460320" arrayletleaf="0"/>
  <largest-consumer threadName="main" threadId="000000000202A700" bytes="32460320" />
</allocation-stats>
<gc-op id="4148" type="copy forward" timems="1.043" contextid="4145" timestamp="2019-07-07T05:37:54.430">
  <memory-copied type="eden" objects="4" bytes="112" bytesdiscarded="0" />
  <memory-copied type="other" objects="22" bytes="1232" bytesdiscarded="0" />
  <memory-cardclean objects="60" bytes="2352" />
  <regions eden="31" other="1" />
  <remembered-set-cleared processed="105" cleared="6" durationms="0.121" />
  <stringconstants candidates="13269" cleared="0"  />
</gc-op>
<gc-op id="4149" type="classunload" timems="0.004" contextid="4145" timestamp="2019-07-07T05:37:54.430">
  <classunload-info classloadercandidates="53" classloadersunloaded="0" classesunloaded="0" anonymousclassesunloaded="0" quiescems="0.000" setupms="0.004" scanms="0.000" postms="0.000" />
</gc-op>
<heap-resize id="4150" type="expand" space="default" amount="2097152" count="1" timems="0.050" reason="excessive time being spent in gc" timestamp="2019-07-07T05:37:54.430" />
<gc-end id="4151" type="partial gc" contextid="4145" durationms="2.567" usertimems="0.000" systemtimems="0.000" timestamp="2019-07-07T05:37:54.430" activeThreads="1">
  <mem-info id="4152" free="62914560" total="104857600" percent="60">
    <mem type="eden" free="1048464" total="1048576" percent="99" />
    <remembered-set count="1984" freebytes="4177664" totalbytes="4185600" percent="99" regionsoverflowed="0" regionsstable="18" regionsrebuilding="0"/>
  </mem-info>
</gc-end>
<cycle-end id="4153" type="partial gc" contextid="4145" timestamp="2019-07-07T05:37:54.430" />
  <attribute name="elasticGC enabled" value="1" />
  <attribute name= "numThreadsSpecified" value="1" />
  <attribute name="heapSize specified" value="0" />
  <attribute name="Current GC Util" value="158" />
  <attribute name= "Current Time Running" value="25230" />
  <attribute name ="GC Interval" value="0" />
  <attribute name="ProportionalT" value="69.000000" />
  <attribute name="ProportionalI" value="69.000000" />
  <attribute name="ProportionalH" value="69.000000" />
  <attribute name="Current Error" value="138.000000" />
  <attribute name="IntegralT" value="0.000000" />
  <attribute name="IntegralI" value="0.000000" />
  <attribute name="IntegralH" value="0.000000" />
  <attribute name="DerivativeT" value="inf" />
  <attribute name="DerivativeI" value="inf" />
  <attribute name="DerivativeH" value="inf" />
  <attribute name="Loop Time for DT" value="0.000000" />
  <attribute name="Output H" value="8388608"/>
  <attribute name="Output I" value="200"/>
  <attribute name="Output T" value="1"/>
  <attribute name="Target GC Util Change" value ="20.000000" />
  <attribute name="Current GC Util Change" value="158.000000"/>
  <attribute name="GC Util currently" value="158" />
  <attribute name="CPU Util currently" value="9978051925530" />
<exclusive-end id="4154" timestamp="2019-07-07T05:37:54.431" durationms="3.496" />

<exclusive-start id="4155" timestamp="2019-07-07T05:37:54.441" intervalms="13.497">
  <response-info timems="0.063" idlems="0.063" threads="0" lastid="000000000202A700" lastname="main" />
</exclusive-start>
<allocation-taxation id="4156" taxation-threshold="32505856" timestamp="2019-07-07T05:37:54.441" intervalms="13.479" />
<cycle-start id="4157" type="partial gc" contextid="0" timestamp="2019-07-07T05:37:54.441" intervalms="13.497" />
<gc-start id="4158" type="partial gc" contextid="4157" timestamp="2019-07-07T05:37:54.441">
  <mem-info id="4159" free="30408704" total="104857600" percent="29">
    <mem type="eden" free="1048464" total="33554432" percent="3" />
    <remembered-set count="1664" freebytes="4178944" totalbytes="4185600" percent="99" regionsoverflowed="0" regionsstable="18" regionsrebuilding="0"/>
  </mem-info>
</gc-start>
<allocation-stats totalBytes="32461008" >
  <allocated-bytes non-tlh="0" tlh="32461008" arrayletleaf="0"/>
  <largest-consumer threadName="main" threadId="000000000202A700" bytes="32461008" />
</allocation-stats>
<gc-op id="4160" type="copy forward" timems="3.248" contextid="4157" timestamp="2019-07-07T05:37:54.445">
  <memory-copied type="eden" objects="4" bytes="112" bytesdiscarded="0" />
  <memory-copied type="other" objects="0" bytes="0" bytesdiscarded="0" />
  <memory-cardclean objects="9" bytes="208" />
  <regions eden="31" other="1" />
  <remembered-set-cleared processed="110" cleared="1" durationms="0.083" />
  <stringconstants candidates="13269" cleared="0"  />
</gc-op>
<gc-op id="4161" type="classunload" timems="0.004" contextid="4157" timestamp="2019-07-07T05:37:54.445">
  <classunload-info classloadercandidates="53" classloadersunloaded="0" classesunloaded="0" anonymousclassesunloaded="0" quiescems="0.000" setupms="0.004" scanms="0.000" postms="0.000" />
</gc-op>
<gc-end id="4162" type="partial gc" contextid="4157" durationms="4.419" usertimems="8.000" systemtimems="0.000" timestamp="2019-07-07T05:37:54.446" activeThreads="4">
  <mem-info id="4163" free="62914560" total="104857600" percent="60">
    <mem type="eden" free="1048464" total="1048576" percent="99" />
    <remembered-set count="1664" freebytes="4178944" totalbytes="4185600" percent="99" regionsoverflowed="0" regionsstable="18" regionsrebuilding="0"/>
  </mem-info>
</gc-end>
<cycle-end id="4164" type="partial gc" contextid="4157" timestamp="2019-07-07T05:37:54.446" />
  <attribute name="elasticGC enabled" value="1" />
  <attribute name= "numThreadsSpecified" value="4" />
  <attribute name="heapSize specified" value="0" />
  <attribute name="Current GC Util" value="343" />
  <attribute name= "Current Time Running" value="25244" />
  <attribute name ="GC Interval" value="0" />
  <attribute name="ProportionalT" value="161.500000" />
  <attribute name="ProportionalI" value="161.500000" />
  <attribute name="ProportionalH" value="161.500000" />
  <attribute name="Current Error" value="323.000000" />
  <attribute name="IntegralT" value="161.500000" />
  <attribute name="IntegralI" value="161.500000" />
  <attribute name="IntegralH" value="161.500000" />
  <attribute name="DerivativeT" value="323.000000" />
  <attribute name="DerivativeI" value="323.000000" />
  <attribute name="DerivativeH" value="323.000000" />
  <attribute name="Loop Time for DT" value="1.000000" />
  <attribute name="Output H" value="8388608"/>
  <attribute name="Output I" value="648"/>
  <attribute name="Output T" value="4"/>
  <attribute name="Target GC Util Change" value ="20.000000" />
  <attribute name="Current GC Util Change" value="343.000000"/>
  <attribute name="GC Util currently" value="343" />
  <attribute name="CPU Util currently" value="11094531200128" />
<exclusive-end id="4165" timestamp="2019-07-07T05:37:54.446" durationms="5.378" />

<exclusive-start id="4166" timestamp="2019-07-07T05:37:54.456" intervalms="15.288">
  <response-info timems="0.053" idlems="0.053" threads="0" lastid="000000000202A700" lastname="main" />
</exclusive-start>
<allocation-taxation id="4167" taxation-threshold="32505856" timestamp="2019-07-07T05:37:54.456" intervalms="15.325" />
<cycle-start id="4168" type="partial gc" contextid="0" timestamp="2019-07-07T05:37:54.456" intervalms="15.311" />
<gc-start id="4169" type="partial gc" contextid="4168" timestamp="2019-07-07T05:37:54.456">
  <mem-info id="4170" free="30408704" total="104857600" percent="29">
    <mem type="eden" free="1048464" total="33554432" percent="3" />
    <remembered-set count="1664" freebytes="4178944" totalbytes="4185600" percent="99" regionsoverflowed="0" regionsstable="18" regionsrebuilding="0"/>
  </mem-info>
</gc-start>
<allocation-stats totalBytes="32461032" >
  <allocated-bytes non-tlh="0" tlh="32461032" arrayletleaf="0"/>
  <largest-consumer threadName="main" threadId="000000000202A700" bytes="32461032" />
</allocation-stats>
<gc-op id="4171" type="copy forward" timems="1.045" contextid="4168" timestamp="2019-07-07T05:37:54.458">
  <memory-copied type="eden" objects="4" bytes="112" bytesdiscarded="0" />
  <memory-copied type="other" objects="0" bytes="0" bytesdiscarded="0" />
  <memory-cardclean objects="9" bytes="208" />
  <regions eden="31" other="1" />
  <remembered-set-cleared processed="110" cleared="1" durationms="0.118" />
  <stringconstants candidates="13269" cleared="0"  />
</gc-op>
<gc-op id="4172" type="classunload" timems="0.003" contextid="4168" timestamp="2019-07-07T05:37:54.458">
  <classunload-info classloadercandidates="53" classloadersunloaded="0" classesunloaded="0" anonymousclassesunloaded="0" quiescems="0.000" setupms="0.003" scanms="0.000" postms="0.000" />
</gc-op>
<gc-end id="4173" type="partial gc" contextid="4168" durationms="2.245" usertimems="0.000" systemtimems="0.000" timestamp="2019-07-07T05:37:54.459" activeThreads="1">
  <mem-info id="4174" free="62914560" total="104857600" percent="60">
    <mem type="eden" free="1048464" total="1048576" percent="99" />
    <remembered-set count="2144" freebytes="4177024" totalbytes="4185600" percent="99" regionsoverflowed="0" regionsstable="18" regionsrebuilding="0"/>
  </mem-info>
</gc-end>
<cycle-end id="4175" type="partial gc" contextid="4168" timestamp="2019-07-07T05:37:54.459" />
  <attribute name="elasticGC enabled" value="1" />
  <attribute name= "numThreadsSpecified" value="1" />
  <attribute name="heapSize specified" value="0" />
  <attribute name="Current GC Util" value="180" />
  <attribute name= "Current Time Running" value="25259" />
  <attribute name ="GC Interval" value="0" />
  <attribute name="ProportionalT" value="80.000000" />
  <attribute name="ProportionalI" value="80.000000" />
  <attribute name="ProportionalH" value="80.000000" />
  <attribute name="Current Error" value="160.000000" />
  <attribute name="IntegralT" value="0.000000" />
  <attribute name="IntegralI" value="0.000000" />
  <attribute name="IntegralH" value="0.000000" />
  <attribute name="DerivativeT" value="inf" />
  <attribute name="DerivativeI" value="inf" />
  <attribute name="DerivativeH" value="inf" />
  <attribute name="Loop Time for DT" value="0.000000" />
  <attribute name="Output H" value="8388608"/>
  <attribute name="Output I" value="200"/>
  <attribute name="Output T" value="1"/>
  <attribute name="Target GC Util Change" value ="20.000000" />
  <attribute name="Current GC Util Change" value="180.000000"/>
  <attribute name="GC Util currently" value="180" />
  <attribute name="CPU Util currently" value="11687700145956" />
<exclusive-end id="4176" timestamp="2019-07-07T05:37:54.459" durationms="3.214" />

<exclusive-start id="4177" timestamp="2019-07-07T05:37:54.469" intervalms="13.149">
  <response-info timems="0.061" idlems="0.061" threads="0" lastid="000000000202A700" lastname="main" />
</exclusive-start>
<allocation-taxation id="4178" taxation-threshold="32505856" timestamp="2019-07-07T05:37:54.469" intervalms="13.129" />
<cycle-start id="4179" type="partial gc" contextid="0" timestamp="2019-07-07T05:37:54.469" intervalms="13.091" />
<gc-start id="4180" type="partial gc" contextid="4179" timestamp="2019-07-07T05:37:54.470">
  <mem-info id="4181" free="30408704" total="104857600" percent="29">
    <mem type="eden" free="1048464" total="33554432" percent="3" />
    <remembered-set count="1664" freebytes="4178944" totalbytes="4185600" percent="99" regionsoverflowed="0" regionsstable="18" regionsrebuilding="0"/>
  </mem-info>
</gc-start>
<allocation-stats totalBytes="32461008" >
  <allocated-bytes non-tlh="0" tlh="32461008" arrayletleaf="0"/>
  <largest-consumer threadName="main" threadId="000000000202A700" bytes="32461008" />
</allocation-stats>
<gc-op id="4182" type="copy forward" timems="1.054" contextid="4179" timestamp="2019-07-07T05:37:54.472">
  <memory-copied type="eden" objects="4" bytes="112" bytesdiscarded="0" />
  <memory-copied type="other" objects="0" bytes="0" bytesdiscarded="0" />
  <memory-cardclean objects="9" bytes="208" />
  <regions eden="31" other="1" />
  <remembered-set-cleared processed="110" cleared="1" durationms="0.125" />
  <stringconstants candidates="13269" cleared="0"  />
</gc-op>
<gc-op id="4183" type="classunload" timems="0.019" contextid="4179" timestamp="2019-07-07T05:37:54.472">
  <classunload-info classloadercandidates="53" classloadersunloaded="0" classesunloaded="0" anonymousclassesunloaded="0" quiescems="0.000" setupms="0.019" scanms="0.000" postms="0.000" />
</gc-op>
<gc-end id="4184" type="partial gc" contextid="4179" durationms="2.363" usertimems="4.000" systemtimems="0.000" timestamp="2019-07-07T05:37:54.472" activeThreads="1">
  <mem-info id="4185" free="62914560" total="104857600" percent="60">
    <mem type="eden" free="1048464" total="1048576" percent="99" />
    <remembered-set count="2144" freebytes="4177024" totalbytes="4185600" percent="99" regionsoverflowed="0" regionsstable="18" regionsrebuilding="0"/>
  </mem-info>
</gc-end>
<cycle-end id="4186" type="partial gc" contextid="4179" timestamp="2019-07-07T05:37:54.472" />
  <attribute name="elasticGC enabled" value="1" />
  <attribute name= "numThreadsSpecified" value="1" />
  <attribute name="heapSize specified" value="0" />
  <attribute name="Current GC Util" value="295" />
  <attribute name= "Current Time Running" value="25272" />
  <attribute name ="GC Interval" value="0" />
  <attribute name="ProportionalT" value="137.500000" />
  <attribute name="ProportionalI" value="137.500000" />
  <attribute name="ProportionalH" value="137.500000" />
  <attribute name="Current Error" value="275.000000" />
  <attribute name="IntegralT" value="0.000000" />
  <attribute name="IntegralI" value="0.000000" />
  <attribute name="IntegralH" value="0.000000" />
  <attribute name="DerivativeT" value="inf" />
  <attribute name="DerivativeI" value="inf" />
  <attribute name="DerivativeH" value="inf" />
  <attribute name="Loop Time for DT" value="0.000000" />
  <attribute name="Output H" value="8388608"/>
  <attribute name="Output I" value="200"/>
  <attribute name="Output T" value="1"/>
  <attribute name="Target GC Util Change" value ="20.000000" />
  <attribute name="Current GC Util Change" value="295.000000"/>
  <attribute name="GC Util currently" value="295" />
  <attribute name="CPU Util currently" value="9811868175351" />
<exclusive-end id="4187" timestamp="2019-07-07T05:37:54.472" durationms="3.259" />

<exclusive-start id="4188" timestamp="2019-07-07T05:37:54.488" intervalms="19.055">
  <response-info timems="0.058" idlems="0.058" threads="0" lastid="000000000202A700" lastname="main" />
</exclusive-start>
<allocation-taxation id="4189" taxation-threshold="32505856" timestamp="2019-07-07T05:37:54.488" intervalms="19.068" />
<cycle-start id="4190" type="partial gc" contextid="0" timestamp="2019-07-07T05:37:54.488" intervalms="19.030" />
<gc-start id="4191" type="partial gc" contextid="4190" timestamp="2019-07-07T05:37:54.489">
  <mem-info id="4192" free="30408704" total="104857600" percent="29">
    <mem type="eden" free="1048464" total="33554432" percent="3" />
    <remembered-set count="1664" freebytes="4178944" totalbytes="4185600" percent="99" regionsoverflowed="0" regionsstable="18" regionsrebuilding="0"/>
  </mem-info>
</gc-start>
<allocation-stats totalBytes="32474792" >
  <allocated-bytes non-tlh="0" tlh="32474792" arrayletleaf="0"/>
  <largest-consumer threadName="main" threadId="000000000202A700" bytes="32474792" />
</allocation-stats>
<gc-op id="4193" type="copy forward" timems="1.075" contextid="4190" timestamp="2019-07-07T05:37:54.490">
  <memory-copied type="eden" objects="29" bytes="1024" bytesdiscarded="0" />
  <memory-copied type="other" objects="0" bytes="0" bytesdiscarded="0" />
  <memory-cardclean objects="101" bytes="3840" />
  <regions eden="31" other="1" />
  <remembered-set-cleared processed="110" cleared="6" durationms="0.119" />
  <stringconstants candidates="13269" cleared="0"  />
</gc-op>
<gc-op id="4194" type="classunload" timems="0.004" contextid="4190" timestamp="2019-07-07T05:37:54.491">
  <classunload-info classloadercandidates="53" classloadersunloaded="0" classesunloaded="0" anonymousclassesunloaded="0" quiescems="0.000" setupms="0.004" scanms="0.000" postms="0.000" />
</gc-op>
<gc-end id="4195" type="partial gc" contextid="4190" durationms="2.188" usertimems="0.000" systemtimems="0.000" timestamp="2019-07-07T05:37:54.491" activeThreads="1">
  <mem-info id="4196" free="62914560" total="104857600" percent="60">
    <mem type="eden" free="1047552" total="1048576" percent="99" />
    <remembered-set count="2144" freebytes="4177024" totalbytes="4185600" percent="99" regionsoverflowed="0" regionsstable="18" regionsrebuilding="0"/>
  </mem-info>
</gc-end>
<cycle-end id="4197" type="partial gc" contextid="4190" timestamp="2019-07-07T05:37:54.491" />
  <attribute name="elasticGC enabled" value="1" />
  <attribute name= "numThreadsSpecified" value="1" />
  <attribute name="heapSize specified" value="0" />
  <attribute name="Current GC Util" value="351" />
  <attribute name= "Current Time Running" value="25291" />
  <attribute name ="GC Interval" value="0" />
  <attribute name="ProportionalT" value="165.500000" />
  <attribute name="ProportionalI" value="165.500000" />
  <attribute name="ProportionalH" value="165.500000" />
  <attribute name="Current Error" value="331.000000" />
  <attribute name="IntegralT" value="0.000000" />
  <attribute name="IntegralI" value="0.000000" />
  <attribute name="IntegralH" value="0.000000" />
  <attribute name="DerivativeT" value="inf" />
  <attribute name="DerivativeI" value="inf" />
  <attribute name="DerivativeH" value="inf" />
  <attribute name="Loop Time for DT" value="0.000000" />
  <attribute name="Output H" value="8388608"/>
  <attribute name="Output I" value="200"/>
  <attribute name="Output T" value="1"/>
  <attribute name="Target GC Util Change" value ="20.000000" />
  <attribute name="Current GC Util Change" value="351.000000"/>
  <attribute name="GC Util currently" value="351" />
  <attribute name="CPU Util currently" value="11494043159535" />
<exclusive-end id="4198" timestamp="2019-07-07T05:37:54.491" durationms="3.056" />

<exclusive-start id="4199" timestamp="2019-07-07T05:37:54.527" intervalms="39.314">
  <response-info timems="0.073" idlems="0.073" threads="0" lastid="000000000202A700" lastname="main" />
</exclusive-start>
<allocation-taxation id="4200" taxation-threshold="32505856" timestamp="2019-07-07T05:37:54.528" intervalms="39.310" />
<cycle-start id="4201" type="partial gc" contextid="0" timestamp="2019-07-07T05:37:54.528" intervalms="39.323" />
<gc-start id="4202" type="partial gc" contextid="4201" timestamp="2019-07-07T05:37:54.528">
  <mem-info id="4203" free="30408704" total="104857600" percent="29">
    <mem type="eden" free="0" total="32505856" percent="0" />
    <remembered-set count="1664" freebytes="4178944" totalbytes="4185600" percent="99" regionsoverflowed="0" regionsstable="18" regionsrebuilding="0"/>
  </mem-info>
</gc-start>
<allocation-stats totalBytes="32502840" >
  <allocated-bytes non-tlh="0" tlh="32502840" arrayletleaf="0"/>
  <largest-consumer threadName="main" threadId="000000000202A700" bytes="32502840" />
</allocation-stats>
<gc-op id="4204" type="copy forward" timems="3.951" contextid="4201" timestamp="2019-07-07T05:37:54.533">
  <memory-copied type="eden" objects="23" bytes="736" bytesdiscarded="672" />
  <memory-copied type="other" objects="14" bytes="520" bytesdiscarded="1408" />
  <memory-cardclean objects="115" bytes="3776" />
  <regions eden="31" other="1" />
  <remembered-set-cleared processed="107" cleared="5" durationms="0.086" />
  <stringconstants candidates="13269" cleared="0"  />
</gc-op>
<gc-op id="4205" type="classunload" timems="0.004" contextid="4201" timestamp="2019-07-07T05:37:54.533">
  <classunload-info classloadercandidates="53" classloadersunloaded="0" classesunloaded="0" anonymousclassesunloaded="0" quiescems="0.000" setupms="0.004" scanms="0.000" postms="0.000" />
</gc-op>
<gc-end id="4206" type="partial gc" contextid="4201" durationms="5.153" usertimems="8.000" systemtimems="0.000" timestamp="2019-07-07T05:37:54.533" activeThreads="4">
  <mem-info id="4207" free="61865984" total="104857600" percent="59">
    <mem type="eden" free="1047168" total="1048576" percent="99" />
    <remembered-set count="2688" freebytes="4174848" totalbytes="4185600" percent="99" regionsoverflowed="0" regionsstable="18" regionsrebuilding="0"/>
  </mem-info>
</gc-end>
<cycle-end id="4208" type="partial gc" contextid="4201" timestamp="2019-07-07T05:37:54.533" />
  <attribute name="elasticGC enabled" value="1" />
  <attribute name= "numThreadsSpecified" value="4" />
  <attribute name="heapSize specified" value="0" />
  <attribute name="Current GC Util" value="344" />
  <attribute name= "Current Time Running" value="25331" />
  <attribute name ="GC Interval" value="0" />
  <attribute name="ProportionalT" value="162.000000" />
  <attribute name="ProportionalI" value="162.000000" />
  <attribute name="ProportionalH" value="162.000000" />
  <attribute name="Current Error" value="324.000000" />
  <attribute name="IntegralT" value="162.000000" />
  <attribute name="IntegralI" value="162.000000" />
  <attribute name="IntegralH" value="162.000000" />
  <attribute name="DerivativeT" value="324.000000" />
  <attribute name="DerivativeI" value="324.000000" />
  <attribute name="DerivativeH" value="324.000000" />
  <attribute name="Loop Time for DT" value="1.000000" />
  <attribute name="Output H" value="8388608"/>
  <attribute name="Output I" value="648"/>
  <attribute name="Output T" value="4"/>
  <attribute name="Target GC Util Change" value ="20.000000" />
  <attribute name="Current GC Util Change" value="344.000000"/>
  <attribute name="GC Util currently" value="344" />
  <attribute name="CPU Util currently" value="11648407258692" />
<exclusive-end id="4209" timestamp="2019-07-07T05:37:54.533" durationms="6.004" />

<exclusive-start id="4210" timestamp="2019-07-07T05:37:54.710" intervalms="182.309">
  <response-info timems="0.059" idlems="0.059" threads="0" lastid="000000000202A700" lastname="main" />
</exclusive-start>
<allocation-taxation id="4211" taxation-threshold="32505856" timestamp="2019-07-07T05:37:54.710" intervalms="182.346" />
<cycle-start id="4212" type="partial gc" contextid="0" timestamp="2019-07-07T05:37:54.710" intervalms="182.449" />
<gc-start id="4213" type="partial gc" contextid="4212" timestamp="2019-07-07T05:37:54.710">
  <mem-info id="4214" free="29360128" total="104857600" percent="28">
    <mem type="eden" free="0" total="32505856" percent="0" />
    <remembered-set count="2208" freebytes="4176768" totalbytes="4185600" percent="99" regionsoverflowed="0" regionsstable="18" regionsrebuilding="0"/>
  </mem-info>
</gc-start>
<allocation-stats totalBytes="32438800" >
  <allocated-bytes non-tlh="0" tlh="32438800" arrayletleaf="0"/>
  <largest-consumer threadName="main" threadId="000000000202A700" bytes="32438800" />
</allocation-stats>
<gc-op id="4215" type="copy forward" timems="1.133" contextid="4212" timestamp="2019-07-07T05:37:54.712">
  <memory-copied type="eden" objects="68" bytes="2904" bytesdiscarded="0" />
  <memory-copied type="other" objects="6" bytes="144" bytesdiscarded="0" />
  <memory-cardclean objects="107" bytes="3208" />
  <regions eden="31" other="1" />
  <remembered-set-cleared processed="111" cleared="8" durationms="0.181" />
  <stringconstants candidates="13269" cleared="0"  />
</gc-op>
<gc-op id="4216" type="classunload" timems="0.003" contextid="4212" timestamp="2019-07-07T05:37:54.713">
  <classunload-info classloadercandidates="53" classloadersunloaded="0" classesunloaded="0" anonymousclassesunloaded="0" quiescems="0.000" setupms="0.003" scanms="0.000" postms="0.000" />
</gc-op>
<heap-resize id="4217" type="contract" space="default" amount="5242880" count="1" timems="0.052" reason="insufficient time being spent in gc" timestamp="2019-07-07T05:37:54.713" />
<gc-end id="4218" type="partial gc" contextid="4212" durationms="2.627" usertimems="0.000" systemtimems="0.000" timestamp="2019-07-07T05:37:54.713" activeThreads="1">
  <mem-info id="4219" free="55574528" total="99614720" percent="55">
    <mem type="eden" free="1045672" total="1048576" percent="99" />
    <remembered-set count="2656" freebytes="4174976" totalbytes="4185600" percent="99" regionsoverflowed="0" regionsstable="18" regionsrebuilding="0"/>
  </mem-info>
</gc-end>
<cycle-end id="4220" type="partial gc" contextid="4212" timestamp="2019-07-07T05:37:54.713" />
  <attribute name="elasticGC enabled" value="1" />
  <attribute name= "numThreadsSpecified" value="1" />
  <attribute name="heapSize specified" value="0" />
  <attribute name="Current GC Util" value="159" />
  <attribute name= "Current Time Running" value="25513" />
  <attribute name ="GC Interval" value="0" />
  <attribute name="ProportionalT" value="69.500000" />
  <attribute name="ProportionalI" value="69.500000" />
  <attribute name="ProportionalH" value="69.500000" />
  <attribute name="Current Error" value="139.000000" />
  <attribute name="IntegralT" value="0.000000" />
  <attribute name="IntegralI" value="0.000000" />
  <attribute name="IntegralH" value="0.000000" />
  <attribute name="DerivativeT" value="inf" />
  <attribute name="DerivativeI" value="inf" />
  <attribute name="DerivativeH" value="inf" />
  <attribute name="Loop Time for DT" value="0.000000" />
  <attribute name="Output H" value="8388608"/>
  <attribute name="Output I" value="200"/>
  <attribute name="Output T" value="1"/>
  <attribute name="Target GC Util Change" value ="20.000000" />
  <attribute name="Current GC Util Change" value="159.000000"/>
  <attribute name="GC Util currently" value="159" />
  <attribute name="CPU Util currently" value="10005979635844" />
<exclusive-end id="4221" timestamp="2019-07-07T05:37:54.713" durationms="3.657" />

<exclusive-start id="4222" timestamp="2019-07-07T05:37:54.724" intervalms="14.472">
  <response-info timems="0.096" idlems="0.096" threads="0" lastid="000000000202A700" lastname="main" />
</exclusive-start>
<allocation-taxation id="4223" taxation-threshold="31457280" timestamp="2019-07-07T05:37:54.724" intervalms="14.488" />
<cycle-start id="4224" type="partial gc" contextid="0" timestamp="2019-07-07T05:37:54.725" intervalms="14.442" />
<gc-start id="4225" type="partial gc" contextid="4224" timestamp="2019-07-07T05:37:54.725">
  <mem-info id="4226" free="24117248" total="99614720" percent="24">
    <mem type="eden" free="0" total="31457280" percent="0" />
    <remembered-set count="2208" freebytes="4176768" totalbytes="4185600" percent="99" regionsoverflowed="0" regionsstable="18" regionsrebuilding="0"/>
  </mem-info>
</gc-start>
<allocation-stats totalBytes="31339616" >
  <allocated-bytes non-tlh="0" tlh="31339616" arrayletleaf="0"/>
  <largest-consumer threadName="main" threadId="000000000202A700" bytes="31339616" />
</allocation-stats>
<gc-op id="4227" type="copy forward" timems="3.902" contextid="4224" timestamp="2019-07-07T05:37:54.730">
  <memory-copied type="eden" objects="1" bytes="32" bytesdiscarded="0" />
  <memory-copied type="other" objects="67" bytes="2872" bytesdiscarded="624" />
  <memory-cardclean objects="99" bytes="3296" />
  <regions eden="30" other="1" />
  <remembered-set-cleared processed="108" cleared="6" durationms="0.090" />
  <stringconstants candidates="13269" cleared="0"  />
</gc-op>
<gc-op id="4228" type="classunload" timems="0.003" contextid="4224" timestamp="2019-07-07T05:37:54.730">
  <classunload-info classloadercandidates="53" classloadersunloaded="0" classesunloaded="0" anonymousclassesunloaded="0" quiescems="0.000" setupms="0.003" scanms="0.000" postms="0.000" />
</gc-op>
<gc-end id="4229" type="partial gc" contextid="4224" durationms="5.293" usertimems="12.000" systemtimems="0.000" timestamp="2019-07-07T05:37:54.730" activeThreads="4">
  <mem-info id="4230" free="54525952" total="99614720" percent="54">
    <mem type="eden" free="1048544" total="1048576" percent="99" />
    <remembered-set count="2752" freebytes="3965312" totalbytes="3976320" percent="99" regionsoverflowed="0" regionsstable="18" regionsrebuilding="0"/>
  </mem-info>
</gc-end>
<cycle-end id="4231" type="partial gc" contextid="4224" timestamp="2019-07-07T05:37:54.730" />
  <attribute name="elasticGC enabled" value="1" />
  <attribute name= "numThreadsSpecified" value="4" />
  <attribute name="heapSize specified" value="0" />
  <attribute name="Current GC Util" value="208" />
  <attribute name= "Current Time Running" value="25528" />
  <attribute name ="GC Interval" value="0" />
  <attribute name="ProportionalT" value="94.000000" />
  <attribute name="ProportionalI" value="94.000000" />
  <attribute name="ProportionalH" value="94.000000" />
  <attribute name="Current Error" value="188.000000" />
  <attribute name="IntegralT" value="94.000000" />
  <attribute name="IntegralI" value="94.000000" />
  <attribute name="IntegralH" value="94.000000" />
  <attribute name="DerivativeT" value="188.000000" />
  <attribute name="DerivativeI" value="188.000000" />
  <attribute name="DerivativeH" value="188.000000" />
  <attribute name="Loop Time for DT" value="1.000000" />
  <attribute name="Output H" value="8388608"/>
  <attribute name="Output I" value="376"/>
  <attribute name="Output T" value="4"/>
  <attribute name="Target GC Util Change" value ="20.000000" />
  <attribute name="Current GC Util Change" value="208.000000"/>
  <attribute name="GC Util currently" value="208" />
  <attribute name="CPU Util currently" value="6667475298477" />
<exclusive-end id="4232" timestamp="2019-07-07T05:37:54.730" durationms="6.237" />

<exclusive-start id="4233" timestamp="2019-07-07T05:37:54.741" intervalms="16.872">
  <response-info timems="0.057" idlems="0.057" threads="0" lastid="000000000202A700" lastname="main" />
</exclusive-start>
<allocation-taxation id="4234" taxation-threshold="31457280" timestamp="2019-07-07T05:37:54.741" intervalms="16.811" />
<cycle-start id="4235" type="partial gc" contextid="0" timestamp="2019-07-07T05:37:54.741" intervalms="16.818" />
<gc-start id="4236" type="partial gc" contextid="4235" timestamp="2019-07-07T05:37:54.742">
  <mem-info id="4237" free="23068672" total="99614720" percent="23">
    <mem type="eden" free="1048544" total="32505856" percent="3" />
    <remembered-set count="2272" freebytes="3967232" totalbytes="3976320" percent="99" regionsoverflowed="0" regionsstable="18" regionsrebuilding="0"/>
  </mem-info>
</gc-start>
<allocation-stats totalBytes="31349216" >
  <allocated-bytes non-tlh="0" tlh="31349216" arrayletleaf="0"/>
  <largest-consumer threadName="main" threadId="000000000202A700" bytes="31349216" />
</allocation-stats>
<gc-op id="4238" type="copy forward" timems="1.013" contextid="4235" timestamp="2019-07-07T05:37:54.744">
  <memory-copied type="eden" objects="2" bytes="56" bytesdiscarded="0" />
  <memory-copied type="other" objects="0" bytes="0" bytesdiscarded="0" />
  <memory-cardclean objects="12" bytes="416" />
  <regions eden="30" other="1" />
  <remembered-set-cleared processed="117" cleared="0" durationms="0.119" />
  <stringconstants candidates="13269" cleared="0"  />
</gc-op>
<gc-op id="4239" type="classunload" timems="0.003" contextid="4235" timestamp="2019-07-07T05:37:54.744">
  <classunload-info classloadercandidates="53" classloadersunloaded="0" classesunloaded="0" anonymousclassesunloaded="0" quiescems="0.000" setupms="0.003" scanms="0.000" postms="0.000" />
</gc-op>
<gc-end id="4240" type="partial gc" contextid="4235" durationms="2.231" usertimems="4.000" systemtimems="0.000" timestamp="2019-07-07T05:37:54.744" activeThreads="1">
  <mem-info id="4241" free="54525952" total="99614720" percent="54">
    <mem type="eden" free="1048520" total="1048576" percent="99" />
    <remembered-set count="2784" freebytes="3965184" totalbytes="3976320" percent="99" regionsoverflowed="0" regionsstable="18" regionsrebuilding="0"/>
  </mem-info>
</gc-end>
<cycle-end id="4242" type="partial gc" contextid="4235" timestamp="2019-07-07T05:37:54.744" />
  <attribute name="elasticGC enabled" value="1" />
  <attribute name= "numThreadsSpecified" value="1" />
  <attribute name="heapSize specified" value="0" />
  <attribute name="Current GC Util" value="157" />
  <attribute name= "Current Time Running" value="25544" />
  <attribute name ="GC Interval" value="0" />
  <attribute name="ProportionalT" value="68.500000" />
  <attribute name="ProportionalI" value="68.500000" />
  <attribute name="ProportionalH" value="68.500000" />
  <attribute name="Current Error" value="137.000000" />
  <attribute name="IntegralT" value="0.000000" />
  <attribute name="IntegralI" value="0.000000" />
  <attribute name="IntegralH" value="0.000000" />
  <attribute name="DerivativeT" value="inf" />
  <attribute name="DerivativeI" value="inf" />
  <attribute name="DerivativeH" value="inf" />
  <attribute name="Loop Time for DT" value="0.000000" />
  <attribute name="Output H" value="8388608"/>
  <attribute name="Output I" value="200"/>
  <attribute name="Output T" value="1"/>
  <attribute name="Target GC Util Change" value ="20.000000" />
  <attribute name="Current GC Util Change" value="157.000000"/>
  <attribute name="GC Util currently" value="157" />
  <attribute name="CPU Util currently" value="9729069519395" />
<exclusive-end id="4243" timestamp="2019-07-07T05:37:54.744" durationms="3.226" />

<exclusive-start id="4244" timestamp="2019-07-07T05:37:54.750" intervalms="8.534">
  <response-info timems="0.058" idlems="0.058" threads="0" lastid="000000000202A700" lastname="main" />
</exclusive-start>
<allocation-taxation id="4245" taxation-threshold="15728640" timestamp="2019-07-07T05:37:54.750" intervalms="8.527" />
<cycle-start id="4246" type="global mark phase" contextid="0" timestamp="2019-07-07T05:37:54.750" intervalms="1472.127" />
<gc-start id="4247" type="global mark phase" contextid="4246" timestamp="2019-07-07T05:37:54.750">
  <mem-info id="4248" free="38797312" total="99614720" percent="38">
    <remembered-set count="2304" freebytes="3967104" totalbytes="3976320" percent="99" regionsoverflowed="0" regionsstable="18" regionsrebuilding="0"/>
  </mem-info>
</gc-start>
<gc-op id="4249" type="mark increment" timems="1.166" contextid="4246" timestamp="2019-07-07T05:37:54.751">
  <trace-info objectcount="179" scancount="0" scanbytes="0" />
</gc-op>
<gc-end id="4250" type="global mark phase" contextid="4246" durationms="1.380" usertimems="0.000" systemtimems="0.000" timestamp="2019-07-07T05:37:54.751" activeThreads="4">
  <mem-info id="4251" free="38797312" total="99614720" percent="38">
    <remembered-set count="2304" freebytes="3967104" totalbytes="3976320" percent="99" regionsoverflowed="0" regionsstable="0" regionsrebuilding="18"/>
  </mem-info>
</gc-end>
<concurrent-start id="4252" type="GMP work packet processing" contextid="4246" timestamp="2019-07-07T05:37:54.752">
  <concurrent-mark-start scanTarget="1398782" />
</concurrent-start>
<exclusive-end id="4253" timestamp="2019-07-07T05:37:54.752" durationms="2.053" />

<concurrent-end id="4254" type="GMP work packet processing" contextid="4246" timestamp="2019-07-07T05:37:54.755">
  <concurrent-mark-end bytesScanned="1513908" reasonForTermination="Work target met" />
</concurrent-end>

<exclusive-start id="4255" timestamp="2019-07-07T05:37:54.758" intervalms="8.629">
  <response-info timems="0.029" idlems="0.029" threads="0" lastid="000000000202A700" lastname="main" />
</exclusive-start>
<allocation-taxation id="4256" taxation-threshold="15728640" timestamp="2019-07-07T05:37:54.758" intervalms="8.584" />
<cycle-start id="4257" type="partial gc" contextid="0" timestamp="2019-07-07T05:37:54.758" intervalms="17.029" />
<gc-start id="4258" type="partial gc" contextid="4257" timestamp="2019-07-07T05:37:54.759">
  <mem-info id="4259" free="23068672" total="99614720" percent="23">
    <mem type="eden" free="1048520" total="32505856" percent="3" />
    <remembered-set count="21760" freebytes="3889280" totalbytes="3976320" percent="97" regionsoverflowed="0" regionsstable="0" regionsrebuilding="18"/>
  </mem-info>
</gc-start>
<allocation-stats totalBytes="31351832" >
  <allocated-bytes non-tlh="0" tlh="31351832" arrayletleaf="0"/>
  <largest-consumer threadName="main" threadId="000000000202A700" bytes="15677136" />
</allocation-stats>
<gc-op id="4260" type="copy forward" timems="1.429" contextid="4257" timestamp="2019-07-07T05:37:54.761">
  <memory-copied type="eden" objects="2" bytes="56" bytesdiscarded="0" />
  <memory-copied type="other" objects="0" bytes="0" bytesdiscarded="0" />
  <memory-cardclean objects="12" bytes="416" />
  <regions eden="30" other="1" />
  <remembered-set-cleared processed="18294" cleared="11" durationms="0.203" />
  <stringconstants candidates="13269" cleared="0"  />
</gc-op>
<gc-op id="4261" type="classunload" timems="0.003" contextid="4257" timestamp="2019-07-07T05:37:54.761">
  <classunload-info classloadercandidates="53" classloadersunloaded="0" classesunloaded="0" anonymousclassesunloaded="0" quiescems="0.000" setupms="0.003" scanms="0.000" postms="0.000" />
</gc-op>
<heap-resize id="4262" type="expand" space="default" amount="13631488" count="1" timems="0.113" reason="excessive time being spent in gc" timestamp="2019-07-07T05:37:54.761" />
<gc-end id="4263" type="partial gc" contextid="4257" durationms="2.972" usertimems="4.000" systemtimems="0.000" timestamp="2019-07-07T05:37:54.762" activeThreads="1">
  <mem-info id="4264" free="68157440" total="113246208" percent="60">
    <mem type="eden" free="1048520" total="1048576" percent="99" />
    <remembered-set count="22240" freebytes="4431488" totalbytes="4520448" percent="98" regionsoverflowed="0" regionsstable="0" regionsrebuilding="18"/>
  </mem-info>
</gc-end>
<cycle-end id="4265" type="partial gc" contextid="4257" timestamp="2019-07-07T05:37:54.762" />
  <attribute name="elasticGC enabled" value="1" />
  <attribute name= "numThreadsSpecified" value="1" />
  <attribute name="heapSize specified" value="0" />
  <attribute name="Current GC Util" value="159" />
  <attribute name= "Current Time Running" value="25561" />
  <attribute name ="GC Interval" value="0" />
  <attribute name="ProportionalT" value="69.500000" />
  <attribute name="ProportionalI" value="69.500000" />
  <attribute name="ProportionalH" value="69.500000" />
  <attribute name="Current Error" value="139.000000" />
  <attribute name="IntegralT" value="0.000000" />
  <attribute name="IntegralI" value="0.000000" />
  <attribute name="IntegralH" value="0.000000" />
  <attribute name="DerivativeT" value="inf" />
  <attribute name="DerivativeI" value="inf" />
  <attribute name="DerivativeH" value="inf" />
  <attribute name="Loop Time for DT" value="0.000000" />
  <attribute name="Output H" value="8388608"/>
  <attribute name="Output I" value="200"/>
  <attribute name="Output T" value="1"/>
  <attribute name="Target GC Util Change" value ="20.000000" />
  <attribute name="Current GC Util Change" value="159.000000"/>
  <attribute name="GC Util currently" value="159" />
  <attribute name="CPU Util currently" value="9965546017285" />
<exclusive-end id="4266" timestamp="2019-07-07T05:37:54.762" durationms="3.879" />

<exclusive-start id="4267" timestamp="2019-07-07T05:37:54.768" intervalms="9.630">
  <response-info timems="0.043" idlems="0.043" threads="0" lastid="000000000202A700" lastname="main" />
</exclusive-start>
<allocation-taxation id="4268" taxation-threshold="16777216" timestamp="2019-07-07T05:37:54.768" intervalms="9.677" />
<gc-start id="4269" type="global mark phase" contextid="4246" timestamp="2019-07-07T05:37:54.768">
  <mem-info id="4270" free="51380224" total="113246208" percent="45">
    <remembered-set count="21760" freebytes="4433408" totalbytes="4520448" percent="98" regionsoverflowed="0" regionsstable="0" regionsrebuilding="18"/>
  </mem-info>
</gc-start>
<gc-end id="4271" type="global mark phase" contextid="4246" durationms="0.143" usertimems="0.000" systemtimems="0.000" timestamp="2019-07-07T05:37:54.768" activeThreads="1">
  <mem-info id="4272" free="51380224" total="113246208" percent="45">
    <remembered-set count="21760" freebytes="4433408" totalbytes="4520448" percent="98" regionsoverflowed="0" regionsstable="0" regionsrebuilding="18"/>
  </mem-info>
</gc-end>
<concurrent-start id="4273" type="GMP work packet processing" contextid="4246" timestamp="2019-07-07T05:37:54.768">
  <concurrent-mark-start scanTarget="1048576" />
</concurrent-start>
<exclusive-end id="4274" timestamp="2019-07-07T05:37:54.769" durationms="0.777" />

<concurrent-end id="4275" type="GMP work packet processing" contextid="4246" timestamp="2019-07-07T05:37:54.771">
  <concurrent-mark-end bytesScanned="1059008" reasonForTermination="Work target met" />
</concurrent-end>

<exclusive-start id="4276" timestamp="2019-07-07T05:37:54.775" intervalms="6.941">
  <response-info timems="0.056" idlems="0.056" threads="0" lastid="000000000202A700" lastname="main" />
</exclusive-start>
<allocation-taxation id="4277" taxation-threshold="16777216" timestamp="2019-07-07T05:37:54.775" intervalms="6.850" />
<cycle-start id="4278" type="partial gc" contextid="0" timestamp="2019-07-07T05:37:54.775" intervalms="16.527" />
<gc-start id="4279" type="partial gc" contextid="4278" timestamp="2019-07-07T05:37:54.775">
  <mem-info id="4280" free="34603008" total="113246208" percent="30">
    <mem type="eden" free="1048520" total="34603008" percent="3" />
    <remembered-set count="27680" freebytes="4409728" totalbytes="4520448" percent="97" regionsoverflowed="0" regionsstable="0" regionsrebuilding="18"/>
  </mem-info>
</gc-start>
<allocation-stats totalBytes="33442120" >
  <allocated-bytes non-tlh="0" tlh="33442120" arrayletleaf="0"/>
  <largest-consumer threadName="main" threadId="000000000202A700" bytes="16722280" />
</allocation-stats>
<gc-op id="4281" type="copy forward" timems="4.033" contextid="4278" timestamp="2019-07-07T05:37:54.780">
  <memory-copied type="eden" objects="2" bytes="56" bytesdiscarded="0" />
  <memory-copied type="other" objects="0" bytes="0" bytesdiscarded="0" />
  <memory-cardclean objects="12" bytes="416" />
  <regions eden="32" other="1" />
  <remembered-set-cleared processed="24124" cleared="13" durationms="0.165" />
  <stringconstants candidates="13269" cleared="0"  />
</gc-op>
<gc-op id="4282" type="classunload" timems="0.004" contextid="4278" timestamp="2019-07-07T05:37:54.780">
  <classunload-info classloadercandidates="53" classloadersunloaded="0" classesunloaded="0" anonymousclassesunloaded="0" quiescems="0.000" setupms="0.004" scanms="0.000" postms="0.000" />
</gc-op>
<gc-end id="4283" type="partial gc" contextid="4278" durationms="5.405" usertimems="12.000" systemtimems="0.000" timestamp="2019-07-07T05:37:54.781" activeThreads="4">
  <mem-info id="4284" free="68157440" total="113246208" percent="60">
    <mem type="eden" free="1048520" total="1048576" percent="99" />
    <remembered-set count="26976" freebytes="4412544" totalbytes="4520448" percent="97" regionsoverflowed="0" regionsstable="0" regionsrebuilding="18"/>
  </mem-info>
</gc-end>
<cycle-end id="4285" type="partial gc" contextid="4278" timestamp="2019-07-07T05:37:54.781" />
  <attribute name="elasticGC enabled" value="1" />
  <attribute name= "numThreadsSpecified" value="4" />
  <attribute name="heapSize specified" value="0" />
  <attribute name="Current GC Util" value="476" />
  <attribute name= "Current Time Running" value="25578" />
  <attribute name ="GC Interval" value="0" />
  <attribute name="ProportionalT" value="228.000000" />
  <attribute name="ProportionalI" value="228.000000" />
  <attribute name="ProportionalH" value="228.000000" />
  <attribute name="Current Error" value="456.000000" />
  <attribute name="IntegralT" value="228.000000" />
  <attribute name="IntegralI" value="228.000000" />
  <attribute name="IntegralH" value="228.000000" />
  <attribute name="DerivativeT" value="456.000000" />
  <attribute name="DerivativeI" value="456.000000" />
  <attribute name="DerivativeH" value="456.000000" />
  <attribute name="Loop Time for DT" value="1.000000" />
  <attribute name="Output H" value="8388608"/>
  <attribute name="Output I" value="912"/>
  <attribute name="Output T" value="4"/>
  <attribute name="Target GC Util Change" value ="20.000000" />
  <attribute name="Current GC Util Change" value="476.000000"/>
  <attribute name="GC Util currently" value="476" />
  <attribute name="CPU Util currently" value="9029526077140" />
<exclusive-end id="4286" timestamp="2019-07-07T05:37:54.781" durationms="6.189" />

<exclusive-start id="4287" timestamp="2019-07-07T05:37:54.787" intervalms="12.047">
  <response-info timems="0.061" idlems="0.061" threads="0" lastid="000000000202A700" lastname="main" />
</exclusive-start>
<allocation-taxation id="4288" taxation-threshold="16777216" timestamp="2019-07-07T05:37:54.787" intervalms="12.138" />
<gc-start id="4289" type="global mark phase" contextid="4246" timestamp="2019-07-07T05:37:54.787">
  <mem-info id="4290" free="51380224" total="113246208" percent="45">
    <remembered-set count="26528" freebytes="4414336" totalbytes="4520448" percent="97" regionsoverflowed="0" regionsstable="0" regionsrebuilding="18"/>
  </mem-info>
</gc-start>
<gc-end id="4291" type="global mark phase" contextid="4246" durationms="0.115" usertimems="0.000" systemtimems="0.000" timestamp="2019-07-07T05:37:54.787" activeThreads="4">
  <mem-info id="4292" free="51380224" total="113246208" percent="45">
    <remembered-set count="26528" freebytes="4414336" totalbytes="4520448" percent="97" regionsoverflowed="0" regionsstable="0" regionsrebuilding="18"/>
  </mem-info>
</gc-end>
<concurrent-start id="4293" type="GMP work packet processing" contextid="4246" timestamp="2019-07-07T05:37:54.787">
  <concurrent-mark-start scanTarget="1398782" />
</concurrent-start>
<exclusive-end id="4294" timestamp="2019-07-07T05:37:54.788" durationms="0.758" />

<concurrent-end id="4295" type="GMP work packet processing" contextid="4246" timestamp="2019-07-07T05:37:54.790">
  <concurrent-mark-end bytesScanned="1442084" reasonForTermination="Work target met" />
</concurrent-end>

<exclusive-start id="4296" timestamp="2019-07-07T05:37:54.794" intervalms="7.339">
  <response-info timems="0.058" idlems="0.058" threads="0" lastid="000000000202A700" lastname="main" />
</exclusive-start>
<allocation-taxation id="4297" taxation-threshold="16777216" timestamp="2019-07-07T05:37:54.794" intervalms="7.287" />
<cycle-start id="4298" type="partial gc" contextid="0" timestamp="2019-07-07T05:37:54.794" intervalms="19.421" />
<gc-start id="4299" type="partial gc" contextid="4298" timestamp="2019-07-07T05:37:54.794">
  <mem-info id="4300" free="34603008" total="113246208" percent="30">
    <mem type="eden" free="1048520" total="34603008" percent="3" />
    <remembered-set count="40480" freebytes="4358528" totalbytes="4520448" percent="96" regionsoverflowed="0" regionsstable="0" regionsrebuilding="18"/>
  </mem-info>
</gc-start>
<allocation-stats totalBytes="33442120" >
  <allocated-bytes non-tlh="0" tlh="33442120" arrayletleaf="0"/>
  <largest-consumer threadName="main" threadId="000000000202A700" bytes="16722304" />
</allocation-stats>
<gc-op id="4301" type="copy forward" timems="1.499" contextid="4298" timestamp="2019-07-07T05:37:54.797">
  <memory-copied type="eden" objects="2" bytes="56" bytesdiscarded="0" />
  <memory-copied type="other" objects="0" bytes="0" bytesdiscarded="0" />
  <memory-cardclean objects="12" bytes="416" />
  <regions eden="32" other="1" />
  <remembered-set-cleared processed="37470" cleared="6" durationms="0.341" />
  <stringconstants candidates="13269" cleared="0"  />
</gc-op>
<gc-op id="4302" type="classunload" timems="0.003" contextid="4298" timestamp="2019-07-07T05:37:54.797">
  <classunload-info classloadercandidates="53" classloadersunloaded="0" classesunloaded="0" anonymousclassesunloaded="0" quiescems="0.000" setupms="0.003" scanms="0.000" postms="0.000" />
</gc-op>
<gc-end id="4303" type="partial gc" contextid="4298" durationms="2.689" usertimems="0.000" systemtimems="0.000" timestamp="2019-07-07T05:37:54.797" activeThreads="1">
  <mem-info id="4304" free="68157440" total="113246208" percent="60">
    <mem type="eden" free="1048520" total="1048576" percent="99" />
    <remembered-set count="40960" freebytes="4356608" totalbytes="4520448" percent="96" regionsoverflowed="0" regionsstable="0" regionsrebuilding="18"/>
  </mem-info>
</gc-end>
<cycle-end id="4305" type="partial gc" contextid="4298" timestamp="2019-07-07T05:37:54.797" />
  <attribute name="elasticGC enabled" value="1" />
  <attribute name= "numThreadsSpecified" value="1" />
  <attribute name="heapSize specified" value="0" />
  <attribute name="Current GC Util" value="235" />
  <attribute name= "Current Time Running" value="25597" />
  <attribute name ="GC Interval" value="0" />
  <attribute name="ProportionalT" value="107.500000" />
  <attribute name="ProportionalI" value="107.500000" />
  <attribute name="ProportionalH" value="107.500000" />
  <attribute name="Current Error" value="215.000000" />
  <attribute name="IntegralT" value="0.000000" />
  <attribute name="IntegralI" value="0.000000" />
  <attribute name="IntegralH" value="0.000000" />
  <attribute name="DerivativeT" value="inf" />
  <attribute name="DerivativeI" value="inf" />
  <attribute name="DerivativeH" value="inf" />
  <attribute name="Loop Time for DT" value="0.000000" />
  <attribute name="Output H" value="8388608"/>
  <attribute name="Output I" value="200"/>
  <attribute name="Output T" value="1"/>
  <attribute name="Target GC Util Change" value ="20.000000" />
  <attribute name="Current GC Util Change" value="235.000000"/>
  <attribute name="GC Util currently" value="235" />
  <attribute name="CPU Util currently" value="11177324799630" />
<exclusive-end id="4306" timestamp="2019-07-07T05:37:54.798" durationms="3.445" />

<exclusive-start id="4307" timestamp="2019-07-07T05:37:54.804" intervalms="9.526">
  <response-info timems="0.058" idlems="0.058" threads="0" lastid="000000000202A700" lastname="main" />
</exclusive-start>
<allocation-taxation id="4308" taxation-threshold="16777216" timestamp="2019-07-07T05:37:54.804" intervalms="9.526" />
<gc-start id="4309" type="global mark phase" contextid="4246" timestamp="2019-07-07T05:37:54.804">
  <mem-info id="4310" free="51380224" total="113246208" percent="45">
    <remembered-set count="40480" freebytes="4358528" totalbytes="4520448" percent="96" regionsoverflowed="0" regionsstable="0" regionsrebuilding="18"/>
  </mem-info>
</gc-start>
<gc-end id="4311" type="global mark phase" contextid="4246" durationms="0.192" usertimems="0.000" systemtimems="0.000" timestamp="2019-07-07T05:37:54.804" activeThreads="1">
  <mem-info id="4312" free="51380224" total="113246208" percent="45">
    <remembered-set count="40480" freebytes="4358528" totalbytes="4520448" percent="96" regionsoverflowed="0" regionsstable="0" regionsrebuilding="18"/>
  </mem-info>
</gc-end>
<concurrent-start id="4313" type="GMP work packet processing" contextid="4246" timestamp="2019-07-07T05:37:54.804">
  <concurrent-mark-start scanTarget="1048576" />
</concurrent-start>
<exclusive-end id="4314" timestamp="2019-07-07T05:37:54.805" durationms="0.817" />

<concurrent-end id="4315" type="GMP work packet processing" contextid="4246" timestamp="2019-07-07T05:37:54.806">
  <concurrent-mark-end bytesScanned="1107728" reasonForTermination="Work target met" />
</concurrent-end>

<exclusive-start id="4316" timestamp="2019-07-07T05:37:54.811" intervalms="7.127">
  <response-info timems="0.057" idlems="0.057" threads="0" lastid="000000000202A700" lastname="main" />
</exclusive-start>
<allocation-taxation id="4317" taxation-threshold="16777216" timestamp="2019-07-07T05:37:54.811" intervalms="7.186" />
<cycle-start id="4318" type="partial gc" contextid="0" timestamp="2019-07-07T05:37:54.811" intervalms="16.809" />
<gc-start id="4319" type="partial gc" contextid="4318" timestamp="2019-07-07T05:37:54.811">
  <mem-info id="4320" free="34603008" total="113246208" percent="30">
    <mem type="eden" free="1048520" total="34603008" percent="3" />
    <remembered-set count="49184" freebytes="4323712" totalbytes="4520448" percent="95" regionsoverflowed="0" regionsstable="0" regionsrebuilding="18"/>
  </mem-info>
</gc-start>
<allocation-stats totalBytes="33442096" >
  <allocated-bytes non-tlh="0" tlh="33442096" arrayletleaf="0"/>
  <largest-consumer threadName="main" threadId="000000000202A700" bytes="16722280" />
</allocation-stats>
<gc-op id="4321" type="copy forward" timems="1.524" contextid="4318" timestamp="2019-07-07T05:37:54.814">
  <memory-copied type="eden" objects="2" bytes="56" bytesdiscarded="0" />
  <memory-copied type="other" objects="0" bytes="0" bytesdiscarded="0" />
  <memory-cardclean objects="12" bytes="416" />
  <regions eden="32" other="1" />
  <remembered-set-cleared processed="45894" cleared="7" durationms="0.359" />
  <stringconstants candidates="13269" cleared="0"  />
</gc-op>
<gc-op id="4322" type="classunload" timems="0.003" contextid="4318" timestamp="2019-07-07T05:37:54.814">
  <classunload-info classloadercandidates="53" classloadersunloaded="0" classesunloaded="0" anonymousclassesunloaded="0" quiescems="0.000" setupms="0.003" scanms="0.000" postms="0.000" />
</gc-op>
<gc-end id="4323" type="partial gc" contextid="4318" durationms="2.912" usertimems="4.000" systemtimems="0.000" timestamp="2019-07-07T05:37:54.814" activeThreads="1">
  <mem-info id="4324" free="68157440" total="113246208" percent="60">
    <mem type="eden" free="1048520" total="1048576" percent="99" />
    <remembered-set count="49664" freebytes="4321792" totalbytes="4520448" percent="95" regionsoverflowed="0" regionsstable="0" regionsrebuilding="18"/>
  </mem-info>
</gc-end>
<cycle-end id="4325" type="partial gc" contextid="4318" timestamp="2019-07-07T05:37:54.814" />
  <attribute name="elasticGC enabled" value="1" />
  <attribute name= "numThreadsSpecified" value="1" />
  <attribute name="heapSize specified" value="0" />
  <attribute name="Current GC Util" value="162" />
  <attribute name= "Current Time Running" value="25614" />
  <attribute name ="GC Interval" value="0" />
  <attribute name="ProportionalT" value="71.000000" />
  <attribute name="ProportionalI" value="71.000000" />
  <attribute name="ProportionalH" value="71.000000" />
  <attribute name="Current Error" value="142.000000" />
  <attribute name="IntegralT" value="0.000000" />
  <attribute name="IntegralI" value="0.000000" />
  <attribute name="IntegralH" value="0.000000" />
  <attribute name="DerivativeT" value="inf" />
  <attribute name="DerivativeI" value="inf" />
  <attribute name="DerivativeH" value="inf" />
  <attribute name="Loop Time for DT" value="0.000000" />
  <attribute name="Output H" value="8388608"/>
  <attribute name="Output I" value="200"/>
  <attribute name="Output T" value="1"/>
  <attribute name="Target GC Util Change" value ="20.000000" />
  <attribute name="Current GC Util Change" value="162.000000"/>
  <attribute name="GC Util currently" value="162" />
  <attribute name="CPU Util currently" value="9916623239107" />
<exclusive-end id="4326" timestamp="2019-07-07T05:37:54.815" durationms="3.893" />

<exclusive-start id="4327" timestamp="2019-07-07T05:37:54.821" intervalms="9.704">
  <response-info timems="0.058" idlems="0.058" threads="0" lastid="000000000202A700" lastname="main" />
</exclusive-start>
<allocation-taxation id="4328" taxation-threshold="16777216" timestamp="2019-07-07T05:37:54.821" intervalms="9.696" />
<gc-start id="4329" type="global mark phase" contextid="4246" timestamp="2019-07-07T05:37:54.821">
  <mem-info id="4330" free="51380224" total="113246208" percent="45">
    <remembered-set count="49184" freebytes="4323712" totalbytes="4520448" percent="95" regionsoverflowed="0" regionsstable="0" regionsrebuilding="18"/>
  </mem-info>
</gc-start>
<gc-end id="4331" type="global mark phase" contextid="4246" durationms="0.113" usertimems="0.000" systemtimems="0.000" timestamp="2019-07-07T05:37:54.821" activeThreads="1">
  <mem-info id="4332" free="51380224" total="113246208" percent="45">
    <remembered-set count="49184" freebytes="4323712" totalbytes="4520448" percent="95" regionsoverflowed="0" regionsstable="0" regionsrebuilding="18"/>
  </mem-info>
</gc-end>
<concurrent-start id="4333" type="GMP work packet processing" contextid="4246" timestamp="2019-07-07T05:37:54.821">
  <concurrent-mark-start scanTarget="1048576" />
</concurrent-start>
<exclusive-end id="4334" timestamp="2019-07-07T05:37:54.821" durationms="0.722" />

<concurrent-end id="4335" type="GMP work packet processing" contextid="4246" timestamp="2019-07-07T05:37:54.823">
  <concurrent-mark-end bytesScanned="1098372" reasonForTermination="Work target met" />
</concurrent-end>

<exclusive-start id="4336" timestamp="2019-07-07T05:37:54.828" intervalms="7.153">
  <response-info timems="0.057" idlems="0.057" threads="0" lastid="000000000202A700" lastname="main" />
</exclusive-start>
<allocation-taxation id="4337" taxation-threshold="16777216" timestamp="2019-07-07T05:37:54.828" intervalms="7.129" />
<cycle-start id="4338" type="partial gc" contextid="0" timestamp="2019-07-07T05:37:54.828" intervalms="16.738" />
<gc-start id="4339" type="partial gc" contextid="4338" timestamp="2019-07-07T05:37:54.828">
  <mem-info id="4340" free="34603008" total="113246208" percent="30">
    <mem type="eden" free="1048520" total="34603008" percent="3" />
    <remembered-set count="55904" freebytes="4296832" totalbytes="4520448" percent="95" regionsoverflowed="0" regionsstable="0" regionsrebuilding="18"/>
  </mem-info>
</gc-start>
<allocation-stats totalBytes="33442120" >
  <allocated-bytes non-tlh="0" tlh="33442120" arrayletleaf="0"/>
  <largest-consumer threadName="main" threadId="000000000202A700" bytes="16722280" />
</allocation-stats>
<gc-op id="4341" type="copy forward" timems="2.606" contextid="4338" timestamp="2019-07-07T05:37:54.832">
  <memory-copied type="eden" objects="2" bytes="56" bytesdiscarded="0" />
  <memory-copied type="other" objects="0" bytes="0" bytesdiscarded="0" />
  <memory-cardclean objects="12" bytes="416" />
  <regions eden="32" other="1" />
  <remembered-set-cleared processed="52151" cleared="6" durationms="0.251" />
  <stringconstants candidates="13269" cleared="0"  />
</gc-op>
<gc-op id="4342" type="classunload" timems="0.003" contextid="4338" timestamp="2019-07-07T05:37:54.832">
  <classunload-info classloadercandidates="53" classloadersunloaded="0" classesunloaded="0" anonymousclassesunloaded="0" quiescems="0.000" setupms="0.003" scanms="0.000" postms="0.000" />
</gc-op>
<gc-end id="4343" type="partial gc" contextid="4338" durationms="3.868" usertimems="8.000" systemtimems="0.000" timestamp="2019-07-07T05:37:54.832" activeThreads="4">
  <mem-info id="4344" free="68157440" total="113246208" percent="60">
    <mem type="eden" free="1048520" total="1048576" percent="99" />
    <remembered-set count="55232" freebytes="4299520" totalbytes="4520448" percent="95" regionsoverflowed="0" regionsstable="0" regionsrebuilding="18"/>
  </mem-info>
</gc-end>
<cycle-end id="4345" type="partial gc" contextid="4338" timestamp="2019-07-07T05:37:54.832" />
  <attribute name="elasticGC enabled" value="1" />
  <attribute name= "numThreadsSpecified" value="4" />
  <attribute name="heapSize specified" value="0" />
  <attribute name="Current GC Util" value="161" />
  <attribute name= "Current Time Running" value="25631" />
  <attribute name ="GC Interval" value="0" />
  <attribute name="ProportionalT" value="70.500000" />
  <attribute name="ProportionalI" value="70.500000" />
  <attribute name="ProportionalH" value="70.500000" />
  <attribute name="Current Error" value="141.000000" />
  <attribute name="IntegralT" value="70.500000" />
  <attribute name="IntegralI" value="70.500000" />
  <attribute name="IntegralH" value="70.500000" />
  <attribute name="DerivativeT" value="92.000000" />
  <attribute name="DerivativeI" value="92.000000" />
  <attribute name="DerivativeH" value="92.000000" />
  <attribute name="Loop Time for DT" value="1.000000" />
  <attribute name="Output H" value="8388608"/>
  <attribute name="Output I" value="240"/>
  <attribute name="Output T" value="4"/>
  <attribute name="Target GC Util Change" value ="20.000000" />
  <attribute name="Current GC Util Change" value="161.000000"/>
  <attribute name="GC Util currently" value="161" />
  <attribute name="CPU Util currently" value="9844101612589" />
<exclusive-end id="4346" timestamp="2019-07-07T05:37:54.832" durationms="4.687" />

<exclusive-start id="4347" timestamp="2019-07-07T05:37:54.838" intervalms="10.492">
  <response-info timems="0.059" idlems="0.059" threads="0" lastid="000000000202A700" lastname="main" />
</exclusive-start>
<allocation-taxation id="4348" taxation-threshold="16777216" timestamp="2019-07-07T05:37:54.838" intervalms="10.502" />
<gc-start id="4349" type="global mark phase" contextid="4246" timestamp="2019-07-07T05:37:54.838">
  <mem-info id="4350" free="51380224" total="113246208" percent="45">
    <remembered-set count="54752" freebytes="4301440" totalbytes="4520448" percent="95" regionsoverflowed="0" regionsstable="0" regionsrebuilding="18"/>
  </mem-info>
</gc-start>
<gc-end id="4351" type="global mark phase" contextid="4246" durationms="0.117" usertimems="0.000" systemtimems="0.000" timestamp="2019-07-07T05:37:54.839" activeThreads="4">
  <mem-info id="4352" free="51380224" total="113246208" percent="45">
    <remembered-set count="54752" freebytes="4301440" totalbytes="4520448" percent="95" regionsoverflowed="0" regionsstable="0" regionsrebuilding="18"/>
  </mem-info>
</gc-end>
<concurrent-start id="4353" type="GMP work packet processing" contextid="4246" timestamp="2019-07-07T05:37:54.839">
  <concurrent-mark-start scanTarget="1398782" />
</concurrent-start>
<exclusive-end id="4354" timestamp="2019-07-07T05:37:54.839" durationms="0.657" />

<concurrent-end id="4355" type="GMP work packet processing" contextid="4246" timestamp="2019-07-07T05:37:54.841">
  <concurrent-mark-end bytesScanned="1433660" reasonForTermination="Work target met" />
</concurrent-end>

<exclusive-start id="4356" timestamp="2019-07-07T05:37:54.845" intervalms="7.174">
  <response-info timems="0.057" idlems="0.057" threads="0" lastid="000000000202A700" lastname="main" />
</exclusive-start>
<allocation-taxation id="4357" taxation-threshold="16777216" timestamp="2019-07-07T05:37:54.845" intervalms="7.135" />
<cycle-start id="4358" type="partial gc" contextid="0" timestamp="2019-07-07T05:37:54.846" intervalms="17.631" />
<gc-start id="4359" type="partial gc" contextid="4358" timestamp="2019-07-07T05:37:54.846">
  <mem-info id="4360" free="34603008" total="113246208" percent="30">
    <mem type="eden" free="1048520" total="34603008" percent="3" />
    <remembered-set count="68096" freebytes="4248064" totalbytes="4520448" percent="93" regionsoverflowed="0" regionsstable="0" regionsrebuilding="18"/>
  </mem-info>
</gc-start>
<allocation-stats totalBytes="33442120" >
  <allocated-bytes non-tlh="0" tlh="33442120" arrayletleaf="0"/>
  <largest-consumer threadName="main" threadId="000000000202A700" bytes="16722304" />
</allocation-stats>
<gc-op id="4361" type="copy forward" timems="1.725" contextid="4358" timestamp="2019-07-07T05:37:54.848">
  <memory-copied type="eden" objects="2" bytes="56" bytesdiscarded="0" />
  <memory-copied type="other" objects="0" bytes="0" bytesdiscarded="0" />
  <memory-cardclean objects="12" bytes="416" />
  <regions eden="32" other="1" />
  <remembered-set-cleared processed="64877" cleared="6" durationms="0.291" />
  <stringconstants candidates="13269" cleared="0"  />
</gc-op>
<gc-op id="4362" type="classunload" timems="0.004" contextid="4358" timestamp="2019-07-07T05:37:54.848">
  <classunload-info classloadercandidates="53" classloadersunloaded="0" classesunloaded="0" anonymousclassesunloaded="0" quiescems="0.000" setupms="0.004" scanms="0.000" postms="0.000" />
</gc-op>
<gc-end id="4363" type="partial gc" contextid="4358" durationms="2.736" usertimems="4.000" systemtimems="0.000" timestamp="2019-07-07T05:37:54.848" activeThreads="4">
  <mem-info id="4364" free="68157440" total="113246208" percent="60">
    <mem type="eden" free="1048520" total="1048576" percent="99" />
    <remembered-set count="67936" freebytes="4248704" totalbytes="4520448" percent="93" regionsoverflowed="0" regionsstable="0" regionsrebuilding="18"/>
  </mem-info>
</gc-end>
<cycle-end id="4365" type="partial gc" contextid="4358" timestamp="2019-07-07T05:37:54.849" />
  <attribute name="elasticGC enabled" value="1" />
  <attribute name= "numThreadsSpecified" value="4" />
  <attribute name="heapSize specified" value="0" />
  <attribute name="Current GC Util" value="66" />
  <attribute name= "Current Time Running" value="25648" />
  <attribute name ="GC Interval" value="0" />
  <attribute name="ProportionalT" value="23.000000" />
  <attribute name="ProportionalI" value="23.000000" />
  <attribute name="ProportionalH" value="23.000000" />
  <attribute name="Current Error" value="46.000000" />
  <attribute name="IntegralT" value="0.000000" />
  <attribute name="IntegralI" value="0.000000" />
  <attribute name="IntegralH" value="0.000000" />
  <attribute name="DerivativeT" value="-nan" />
  <attribute name="DerivativeI" value="-nan" />
  <attribute name="DerivativeH" value="-nan" />
  <attribute name="Loop Time for DT" value="0.000000" />
  <attribute name="Output H" value="2091843584"/>
  <attribute name="Output I" value="200"/>
  <attribute name="Output T" value="4"/>
  <attribute name="Target GC Util Change" value ="20.000000" />
  <attribute name="Current GC Util Change" value="66.000000"/>
  <attribute name="GC Util currently" value="66" />
  <attribute name="CPU Util currently" value="26956155098225" />
<exclusive-end id="4366" timestamp="2019-07-07T05:37:54.849" durationms="3.467" />

<exclusive-start id="4367" timestamp="2019-07-07T05:37:54.855" intervalms="9.391">
  <response-info timems="0.052" idlems="0.052" threads="0" lastid="000000000202A700" lastname="main" />
</exclusive-start>
<allocation-taxation id="4368" taxation-threshold="16777216" timestamp="2019-07-07T05:37:54.855" intervalms="9.437" />
<gc-start id="4369" type="global mark phase" contextid="4246" timestamp="2019-07-07T05:37:54.855">
  <mem-info id="4370" free="51380224" total="113246208" percent="45">
    <remembered-set count="67456" freebytes="4250624" totalbytes="4520448" percent="94" regionsoverflowed="0" regionsstable="0" regionsrebuilding="18"/>
  </mem-info>
</gc-start>
<gc-end id="4371" type="global mark phase" contextid="4246" durationms="0.112" usertimems="0.000" systemtimems="0.000" timestamp="2019-07-07T05:37:54.855" activeThreads="4">
  <mem-info id="4372" free="51380224" total="113246208" percent="45">
    <remembered-set count="67456" freebytes="4250624" totalbytes="4520448" percent="94" regionsoverflowed="0" regionsstable="0" regionsrebuilding="18"/>
  </mem-info>
</gc-end>
<concurrent-start id="4373" type="GMP work packet processing" contextid="4246" timestamp="2019-07-07T05:37:54.855">
  <concurrent-mark-start scanTarget="1398782" />
</concurrent-start>
<exclusive-end id="4374" timestamp="2019-07-07T05:37:54.855" durationms="0.649" />

<concurrent-end id="4375" type="GMP work packet processing" contextid="4246" timestamp="2019-07-07T05:37:54.857">
  <concurrent-mark-end bytesScanned="1441824" reasonForTermination="Work target met" />
</concurrent-end>

<exclusive-start id="4376" timestamp="2019-07-07T05:37:54.862" intervalms="7.131">
  <response-info timems="0.028" idlems="0.028" threads="0" lastid="000000000202A700" lastname="main" />
</exclusive-start>
<allocation-taxation id="4377" taxation-threshold="16777216" timestamp="2019-07-07T05:37:54.862" intervalms="7.089" />
<cycle-start id="4378" type="partial gc" contextid="0" timestamp="2019-07-07T05:37:54.862" intervalms="16.523" />
<gc-start id="4379" type="partial gc" contextid="4378" timestamp="2019-07-07T05:37:54.862">
  <mem-info id="4380" free="34603008" total="113246208" percent="30">
    <mem type="eden" free="1048520" total="34603008" percent="3" />
    <remembered-set count="79904" freebytes="4200832" totalbytes="4520448" percent="92" regionsoverflowed="0" regionsstable="0" regionsrebuilding="18"/>
  </mem-info>
</gc-start>
<allocation-stats totalBytes="33442096" >
  <allocated-bytes non-tlh="0" tlh="33442096" arrayletleaf="0"/>
  <largest-consumer threadName="main" threadId="000000000202A700" bytes="16722280" />
</allocation-stats>
<gc-op id="4381" type="copy forward" timems="1.680" contextid="4378" timestamp="2019-07-07T05:37:54.864">
  <memory-copied type="eden" objects="2" bytes="56" bytesdiscarded="0" />
  <memory-copied type="other" objects="0" bytes="0" bytesdiscarded="0" />
  <memory-cardclean objects="12" bytes="416" />
  <regions eden="32" other="1" />
  <remembered-set-cleared processed="76543" cleared="6" durationms="0.360" />
  <stringconstants candidates="13269" cleared="0"  />
</gc-op>
<gc-op id="4382" type="classunload" timems="0.003" contextid="4378" timestamp="2019-07-07T05:37:54.865">
  <classunload-info classloadercandidates="53" classloadersunloaded="0" classesunloaded="0" anonymousclassesunloaded="0" quiescems="0.000" setupms="0.003" scanms="0.000" postms="0.000" />
</gc-op>
<gc-end id="4383" type="partial gc" contextid="4378" durationms="2.488" usertimems="0.000" systemtimems="0.000" timestamp="2019-07-07T05:37:54.865" activeThreads="4">
  <mem-info id="4384" free="68157440" total="113246208" percent="60">
    <mem type="eden" free="1048520" total="1048576" percent="99" />
    <remembered-set count="79712" freebytes="4201600" totalbytes="4520448" percent="92" regionsoverflowed="0" regionsstable="0" regionsrebuilding="18"/>
  </mem-info>
</gc-end>
<cycle-end id="4385" type="partial gc" contextid="4378" timestamp="2019-07-07T05:37:54.865" />
  <attribute name="elasticGC enabled" value="1" />
  <attribute name= "numThreadsSpecified" value="4" />
  <attribute name="heapSize specified" value="0" />
  <attribute name="Current GC Util" value="69" />
  <attribute name= "Current Time Running" value="25665" />
  <attribute name ="GC Interval" value="0" />
  <attribute name="ProportionalT" value="24.500000" />
  <attribute name="ProportionalI" value="24.500000" />
  <attribute name="ProportionalH" value="24.500000" />
  <attribute name="Current Error" value="49.000000" />
  <attribute name="IntegralT" value="24.500000" />
  <attribute name="IntegralI" value="24.500000" />
  <attribute name="IntegralH" value="24.500000" />
  <attribute name="DerivativeT" value="3.000000" />
  <attribute name="DerivativeI" value="3.000000" />
  <attribute name="DerivativeH" value="3.000000" />
  <attribute name="Loop Time for DT" value="1.000000" />
  <attribute name="Output H" value="8388608"/>
  <attribute name="Output I" value="200"/>
  <attribute name="Output T" value="4"/>
  <attribute name="Target GC Util Change" value ="20.000000" />
  <attribute name="Current GC Util Change" value="69.000000"/>
  <attribute name="GC Util currently" value="69" />
  <attribute name="CPU Util currently" value="29839829503734" />
<exclusive-end id="4386" timestamp="2019-07-07T05:37:54.865" durationms="3.209" />

<exclusive-start id="4387" timestamp="2019-07-07T05:37:54.871" intervalms="8.957">
  <response-info timems="0.058" idlems="0.058" threads="0" lastid="000000000202A700" lastname="main" />
</exclusive-start>
<allocation-taxation id="4388" taxation-threshold="16777216" timestamp="2019-07-07T05:37:54.871" intervalms="9.002" />
<gc-start id="4389" type="global mark phase" contextid="4246" timestamp="2019-07-07T05:37:54.871">
  <mem-info id="4390" free="51380224" total="113246208" percent="45">
    <remembered-set count="79712" freebytes="4201600" totalbytes="4520448" percent="92" regionsoverflowed="0" regionsstable="0" regionsrebuilding="18"/>
  </mem-info>
</gc-start>
<gc-end id="4391" type="global mark phase" contextid="4246" durationms="0.120" usertimems="0.000" systemtimems="0.000" timestamp="2019-07-07T05:37:54.871" activeThreads="4">
  <mem-info id="4392" free="51380224" total="113246208" percent="45">
    <remembered-set count="79712" freebytes="4201600" totalbytes="4520448" percent="92" regionsoverflowed="0" regionsstable="0" regionsrebuilding="18"/>
  </mem-info>
</gc-end>
<concurrent-start id="4393" type="GMP work packet processing" contextid="4246" timestamp="2019-07-07T05:37:54.871">
  <concurrent-mark-start scanTarget="1398782" />
</concurrent-start>
<exclusive-end id="4394" timestamp="2019-07-07T05:37:54.872" durationms="0.745" />

<concurrent-end id="4395" type="GMP work packet processing" contextid="4246" timestamp="2019-07-07T05:37:54.873">
  <concurrent-mark-end bytesScanned="1440048" reasonForTermination="Work target met" />
</concurrent-end>

<exclusive-start id="4396" timestamp="2019-07-07T05:37:54.878" intervalms="7.188">
  <response-info timems="0.058" idlems="0.058" threads="0" lastid="000000000202A700" lastname="main" />
</exclusive-start>
<allocation-taxation id="4397" taxation-threshold="16777216" timestamp="2019-07-07T05:37:54.878" intervalms="7.138" />
<cycle-start id="4398" type="partial gc" contextid="0" timestamp="2019-07-07T05:37:54.878" intervalms="16.146" />
<gc-start id="4399" type="partial gc" contextid="4398" timestamp="2019-07-07T05:37:54.878">
  <mem-info id="4400" free="34603008" total="113246208" percent="30">
    <mem type="eden" free="1048520" total="34603008" percent="3" />
    <remembered-set count="91520" freebytes="4154368" totalbytes="4520448" percent="91" regionsoverflowed="0" regionsstable="0" regionsrebuilding="18"/>
  </mem-info>
</gc-start>
<allocation-stats totalBytes="33442120" >
  <allocated-bytes non-tlh="0" tlh="33442120" arrayletleaf="0"/>
  <largest-consumer threadName="main" threadId="000000000202A700" bytes="16722280" />
</allocation-stats>
<gc-op id="4401" type="copy forward" timems="1.668" contextid="4398" timestamp="2019-07-07T05:37:54.881">
  <memory-copied type="eden" objects="2" bytes="56" bytesdiscarded="0" />
  <memory-copied type="other" objects="0" bytes="0" bytesdiscarded="0" />
  <memory-cardclean objects="12" bytes="416" />
  <regions eden="32" other="1" />
  <remembered-set-cleared processed="88617" cleared="6" durationms="0.314" />
  <stringconstants candidates="13269" cleared="0"  />
</gc-op>
<gc-op id="4402" type="classunload" timems="0.004" contextid="4398" timestamp="2019-07-07T05:37:54.881">
  <classunload-info classloadercandidates="53" classloadersunloaded="0" classesunloaded="0" anonymousclassesunloaded="0" quiescems="0.000" setupms="0.004" scanms="0.000" postms="0.000" />
</gc-op>
<gc-end id="4403" type="partial gc" contextid="4398" durationms="2.502" usertimems="0.000" systemtimems="4.000" timestamp="2019-07-07T05:37:54.881" activeThreads="4">
  <mem-info id="4404" free="68157440" total="113246208" percent="60">
    <mem type="eden" free="1048520" total="1048576" percent="99" />
    <remembered-set count="91680" freebytes="4153728" totalbytes="4520448" percent="91" regionsoverflowed="0" regionsstable="0" regionsrebuilding="18"/>
  </mem-info>
</gc-end>
<cycle-end id="4405" type="partial gc" contextid="4398" timestamp="2019-07-07T05:37:54.881" />
  <attribute name="elasticGC enabled" value="1" />
  <attribute name= "numThreadsSpecified" value="4" />
  <attribute name="heapSize specified" value="0" />
  <attribute name="Current GC Util" value="61" />
  <attribute name= "Current Time Running" value="25681" />
  <attribute name ="GC Interval" value="0" />
  <attribute name="ProportionalT" value="20.500000" />
  <attribute name="ProportionalI" value="20.500000" />
  <attribute name="ProportionalH" value="20.500000" />
  <attribute name="Current Error" value="41.000000" />
  <attribute name="IntegralT" value="0.000000" />
  <attribute name="IntegralI" value="0.000000" />
  <attribute name="IntegralH" value="0.000000" />
  <attribute name="DerivativeT" value="-inf" />
  <attribute name="DerivativeI" value="-inf" />
  <attribute name="DerivativeH" value="-inf" />
  <attribute name="Loop Time for DT" value="0.000000" />
  <attribute name="Output H" value="2091843584"/>
  <attribute name="Output I" value="200"/>
  <attribute name="Output T" value="4"/>
  <attribute name="Target GC Util Change" value ="20.000000" />
  <attribute name="Current GC Util Change" value="61.000000"/>
  <attribute name="GC Util currently" value="61" />
  <attribute name="CPU Util currently" value="29120797466133" />
<exclusive-end id="4406" timestamp="2019-07-07T05:37:54.881" durationms="3.242" />

<exclusive-start id="4407" timestamp="2019-07-07T05:37:54.887" intervalms="9.117">
  <response-info timems="0.064" idlems="0.064" threads="0" lastid="000000000202A700" lastname="main" />
</exclusive-start>
<allocation-taxation id="4408" taxation-threshold="16777216" timestamp="2019-07-07T05:37:54.887" intervalms="9.163" />
<gc-start id="4409" type="global mark phase" contextid="4246" timestamp="2019-07-07T05:37:54.887">
  <mem-info id="4410" free="51380224" total="113246208" percent="45">
    <remembered-set count="91680" freebytes="4153728" totalbytes="4520448" percent="91" regionsoverflowed="0" regionsstable="0" regionsrebuilding="18"/>
  </mem-info>
</gc-start>
<gc-end id="4411" type="global mark phase" contextid="4246" durationms="0.116" usertimems="0.000" systemtimems="0.000" timestamp="2019-07-07T05:37:54.888" activeThreads="4">
  <mem-info id="4412" free="51380224" total="113246208" percent="45">
    <remembered-set count="91680" freebytes="4153728" totalbytes="4520448" percent="91" regionsoverflowed="0" regionsstable="0" regionsrebuilding="18"/>
  </mem-info>
</gc-end>
<concurrent-start id="4413" type="GMP work packet processing" contextid="4246" timestamp="2019-07-07T05:37:54.888">
  <concurrent-mark-start scanTarget="1398782" />
</concurrent-start>
<exclusive-end id="4414" timestamp="2019-07-07T05:37:54.888" durationms="0.750" />

<concurrent-end id="4415" type="GMP work packet processing" contextid="4246" timestamp="2019-07-07T05:37:54.889">
  <concurrent-mark-end bytesScanned="1441632" reasonForTermination="Work target met" />
</concurrent-end>

<exclusive-start id="4416" timestamp="2019-07-07T05:37:54.894" intervalms="7.172">
  <response-info timems="0.030" idlems="0.030" threads="0" lastid="000000000202A700" lastname="main" />
</exclusive-start>
<allocation-taxation id="4417" taxation-threshold="16777216" timestamp="2019-07-07T05:37:54.894" intervalms="7.174" />
<cycle-start id="4418" type="partial gc" contextid="0" timestamp="2019-07-07T05:37:54.895" intervalms="16.423" />
<gc-start id="4419" type="partial gc" contextid="4418" timestamp="2019-07-07T05:37:54.895">
  <mem-info id="4420" free="34603008" total="113246208" percent="30">
    <mem type="eden" free="1048520" total="34603008" percent="3" />
    <remembered-set count="105024" freebytes="4100352" totalbytes="4520448" percent="90" regionsoverflowed="0" regionsstable="0" regionsrebuilding="18"/>
  </mem-info>
</gc-start>
<allocation-stats totalBytes="33442120" >
  <allocated-bytes non-tlh="0" tlh="33442120" arrayletleaf="0"/>
  <largest-consumer threadName="main" threadId="000000000202A700" bytes="16722304" />
</allocation-stats>
<gc-op id="4421" type="copy forward" timems="1.520" contextid="4418" timestamp="2019-07-07T05:37:54.897">
  <memory-copied type="eden" objects="2" bytes="56" bytesdiscarded="0" />
  <memory-copied type="other" objects="0" bytes="0" bytesdiscarded="0" />
  <memory-cardclean objects="12" bytes="416" />
  <regions eden="32" other="1" />
  <remembered-set-cleared processed="101191" cleared="6" durationms="0.648" />
  <stringconstants candidates="13269" cleared="0"  />
</gc-op>
<gc-op id="4422" type="classunload" timems="0.003" contextid="4418" timestamp="2019-07-07T05:37:54.897">
  <classunload-info classloadercandidates="53" classloadersunloaded="0" classesunloaded="0" anonymousclassesunloaded="0" quiescems="0.000" setupms="0.003" scanms="0.000" postms="0.000" />
</gc-op>
<gc-end id="4423" type="partial gc" contextid="4418" durationms="2.478" usertimems="4.000" systemtimems="0.000" timestamp="2019-07-07T05:37:54.897" activeThreads="1">
  <mem-info id="4424" free="68157440" total="113246208" percent="60">
    <mem type="eden" free="1048520" total="1048576" percent="99" />
    <remembered-set count="105504" freebytes="4098432" totalbytes="4520448" percent="90" regionsoverflowed="0" regionsstable="0" regionsrebuilding="18"/>
  </mem-info>
</gc-end>
<cycle-end id="4425" type="partial gc" contextid="4418" timestamp="2019-07-07T05:37:54.897" />
  <attribute name="elasticGC enabled" value="1" />
  <attribute name= "numThreadsSpecified" value="1" />
  <attribute name="heapSize specified" value="0" />
  <attribute name="Current GC Util" value="63" />
  <attribute name= "Current Time Running" value="25697" />
  <attribute name ="GC Interval" value="0" />
  <attribute name="ProportionalT" value="21.500000" />
  <attribute name="ProportionalI" value="21.500000" />
  <attribute name="ProportionalH" value="21.500000" />
  <attribute name="Current Error" value="43.000000" />
  <attribute name="IntegralT" value="0.000000" />
  <attribute name="IntegralI" value="0.000000" />
  <attribute name="IntegralH" value="0.000000" />
  <attribute name="DerivativeT" value="inf" />
  <attribute name="DerivativeI" value="inf" />
  <attribute name="DerivativeH" value="inf" />
  <attribute name="Loop Time for DT" value="0.000000" />
  <attribute name="Output H" value="8388608"/>
  <attribute name="Output I" value="200"/>
  <attribute name="Output T" value="1"/>
  <attribute name="Target GC Util Change" value ="20.000000" />
  <attribute name="Current GC Util Change" value="63.000000"/>
  <attribute name="GC Util currently" value="63" />
  <attribute name="CPU Util currently" value="28745962199538" />
<exclusive-end id="4426" timestamp="2019-07-07T05:37:54.898" durationms="3.432" />

<exclusive-start id="4427" timestamp="2019-07-07T05:37:54.904" intervalms="9.242">
  <response-info timems="0.057" idlems="0.057" threads="0" lastid="000000000202A700" lastname="main" />
</exclusive-start>
<allocation-taxation id="4428" taxation-threshold="16777216" timestamp="2019-07-07T05:37:54.904" intervalms="9.197" />
<gc-start id="4429" type="global mark phase" contextid="4246" timestamp="2019-07-07T05:37:54.904">
  <mem-info id="4430" free="51380224" total="113246208" percent="45">
    <remembered-set count="105024" freebytes="4100352" totalbytes="4520448" percent="90" regionsoverflowed="0" regionsstable="0" regionsrebuilding="18"/>
  </mem-info>
</gc-start>
<gc-end id="4431" type="global mark phase" contextid="4246" durationms="0.214" usertimems="0.000" systemtimems="0.000" timestamp="2019-07-07T05:37:54.904" activeThreads="1">
  <mem-info id="4432" free="51380224" total="113246208" percent="45">
    <remembered-set count="105024" freebytes="4100352" totalbytes="4520448" percent="90" regionsoverflowed="0" regionsstable="0" regionsrebuilding="18"/>
  </mem-info>
</gc-end>
<concurrent-start id="4433" type="GMP work packet processing" contextid="4246" timestamp="2019-07-07T05:37:54.904">
  <concurrent-mark-start scanTarget="1048576" />
</concurrent-start>
<exclusive-end id="4434" timestamp="2019-07-07T05:37:54.904" durationms="0.699" />

<concurrent-end id="4435" type="GMP work packet processing" contextid="4246" timestamp="2019-07-07T05:37:54.906">
  <concurrent-mark-end bytesScanned="1090528" reasonForTermination="Work target met" />
</concurrent-end>

<exclusive-start id="4436" timestamp="2019-07-07T05:37:54.911" intervalms="7.128">
  <response-info timems="0.057" idlems="0.057" threads="0" lastid="000000000202A700" lastname="main" />
</exclusive-start>
<allocation-taxation id="4437" taxation-threshold="16777216" timestamp="2019-07-07T05:37:54.911" intervalms="7.126" />
<cycle-start id="4438" type="partial gc" contextid="0" timestamp="2019-07-07T05:37:54.911" intervalms="16.238" />
<gc-start id="4439" type="partial gc" contextid="4438" timestamp="2019-07-07T05:37:54.911">
  <mem-info id="4440" free="34603008" total="113246208" percent="30">
    <mem type="eden" free="1048520" total="34603008" percent="3" />
    <remembered-set count="110368" freebytes="4078976" totalbytes="4520448" percent="90" regionsoverflowed="0" regionsstable="0" regionsrebuilding="18"/>
  </mem-info>
</gc-start>
<allocation-stats totalBytes="33442096" >
  <allocated-bytes non-tlh="0" tlh="33442096" arrayletleaf="0"/>
  <largest-consumer threadName="main" threadId="000000000202A700" bytes="16722280" />
</allocation-stats>
<gc-op id="4441" type="copy forward" timems="2.094" contextid="4438" timestamp="2019-07-07T05:37:54.914">
  <memory-copied type="eden" objects="2" bytes="56" bytesdiscarded="0" />
  <memory-copied type="other" objects="0" bytes="0" bytesdiscarded="0" />
  <memory-cardclean objects="12" bytes="416" />
  <regions eden="32" other="1" />
  <remembered-set-cleared processed="106925" cleared="6" durationms="0.627" />
  <stringconstants candidates="13269" cleared="0"  />
</gc-op>
<gc-op id="4442" type="classunload" timems="0.004" contextid="4438" timestamp="2019-07-07T05:37:54.914">
  <classunload-info classloadercandidates="53" classloadersunloaded="0" classesunloaded="0" anonymousclassesunloaded="0" quiescems="0.000" setupms="0.004" scanms="0.000" postms="0.000" />
</gc-op>
<gc-end id="4443" type="partial gc" contextid="4438" durationms="3.385" usertimems="4.000" systemtimems="0.000" timestamp="2019-07-07T05:37:54.914" activeThreads="4">
  <mem-info id="4444" free="68157440" total="113246208" percent="60">
    <mem type="eden" free="1048520" total="1048576" percent="99" />
    <remembered-set count="109824" freebytes="4081152" totalbytes="4520448" percent="90" regionsoverflowed="0" regionsstable="0" regionsrebuilding="18"/>
  </mem-info>
</gc-end>
<cycle-end id="4445" type="partial gc" contextid="4438" timestamp="2019-07-07T05:37:54.915" />
  <attribute name="elasticGC enabled" value="1" />
  <attribute name= "numThreadsSpecified" value="4" />
  <attribute name="heapSize specified" value="0" />
  <attribute name="Current GC Util" value="173" />
  <attribute name= "Current Time Running" value="25714" />
  <attribute name ="GC Interval" value="0" />
  <attribute name="ProportionalT" value="76.500000" />
  <attribute name="ProportionalI" value="76.500000" />
  <attribute name="ProportionalH" value="76.500000" />
  <attribute name="Current Error" value="153.000000" />
  <attribute name="IntegralT" value="76.500000" />
  <attribute name="IntegralI" value="76.500000" />
  <attribute name="IntegralH" value="76.500000" />
  <attribute name="DerivativeT" value="119.000000" />
  <attribute name="DerivativeI" value="119.000000" />
  <attribute name="DerivativeH" value="119.000000" />
  <attribute name="Loop Time for DT" value="1.000000" />
  <attribute name="Output H" value="8388608"/>
  <attribute name="Output I" value="272"/>
  <attribute name="Output T" value="4"/>
  <attribute name="Target GC Util Change" value ="20.000000" />
  <attribute name="Current GC Util Change" value="173.000000"/>
  <attribute name="GC Util currently" value="173" />
  <attribute name="CPU Util currently" value="9188345964241" />
<exclusive-end id="4446" timestamp="2019-07-07T05:37:54.915" durationms="4.103" />

<exclusive-start id="4447" timestamp="2019-07-07T05:37:54.920" intervalms="9.809">
  <response-info timems="0.059" idlems="0.059" threads="0" lastid="000000000202A700" lastname="main" />
</exclusive-start>
<allocation-taxation id="4448" taxation-threshold="16777216" timestamp="2019-07-07T05:37:54.921" intervalms="9.858" />
<gc-start id="4449" type="global mark phase" contextid="4246" timestamp="2019-07-07T05:37:54.921">
  <mem-info id="4450" free="51380224" total="113246208" percent="45">
    <remembered-set count="109824" freebytes="4081152" totalbytes="4520448" percent="90" regionsoverflowed="0" regionsstable="0" regionsrebuilding="18"/>
  </mem-info>
</gc-start>
<gc-end id="4451" type="global mark phase" contextid="4246" durationms="0.120" usertimems="0.000" systemtimems="0.000" timestamp="2019-07-07T05:37:54.921" activeThreads="4">
  <mem-info id="4452" free="51380224" total="113246208" percent="45">
    <remembered-set count="109824" freebytes="4081152" totalbytes="4520448" percent="90" regionsoverflowed="0" regionsstable="0" regionsrebuilding="18"/>
  </mem-info>
</gc-end>
<concurrent-start id="4453" type="GMP work packet processing" contextid="4246" timestamp="2019-07-07T05:37:54.921">
  <concurrent-mark-start scanTarget="1398782" />
</concurrent-start>
<exclusive-end id="4454" timestamp="2019-07-07T05:37:54.921" durationms="0.735" />

<concurrent-end id="4455" type="GMP work packet processing" contextid="4246" timestamp="2019-07-07T05:37:54.922">
  <concurrent-mark-end bytesScanned="298684" reasonForTermination="Completed all work in GC phase" />
</concurrent-end>

<exclusive-start id="4456" timestamp="2019-07-07T05:37:54.927" intervalms="6.778">
  <response-info timems="0.057" idlems="0.057" threads="0" lastid="000000000202A700" lastname="main" />
</exclusive-start>
<allocation-taxation id="4457" taxation-threshold="16777216" timestamp="2019-07-07T05:37:54.927" intervalms="6.731" />
<cycle-start id="4458" type="partial gc" contextid="0" timestamp="2019-07-07T05:37:54.927" intervalms="16.584" />
<gc-start id="4459" type="partial gc" contextid="4458" timestamp="2019-07-07T05:37:54.928">
  <mem-info id="4460" free="34603008" total="113246208" percent="30">
    <mem type="eden" free="1048520" total="34603008" percent="3" />
    <remembered-set count="111264" freebytes="4075392" totalbytes="4520448" percent="90" regionsoverflowed="0" regionsstable="0" regionsrebuilding="18"/>
  </mem-info>
</gc-start>
<allocation-stats totalBytes="33442120" >
  <allocated-bytes non-tlh="0" tlh="33442120" arrayletleaf="0"/>
  <largest-consumer threadName="main" threadId="000000000202A700" bytes="16722280" />
</allocation-stats>
<gc-op id="4461" type="copy forward" timems="1.706" contextid="4458" timestamp="2019-07-07T05:37:54.930">
  <memory-copied type="eden" objects="2" bytes="56" bytesdiscarded="0" />
  <memory-copied type="other" objects="0" bytes="0" bytesdiscarded="0" />
  <memory-cardclean objects="12" bytes="416" />
  <regions eden="32" other="1" />
  <remembered-set-cleared processed="108417" cleared="6" durationms="0.664" />
  <stringconstants candidates="13269" cleared="0"  />
</gc-op>
<gc-op id="4462" type="classunload" timems="0.004" contextid="4458" timestamp="2019-07-07T05:37:54.930">
  <classunload-info classloadercandidates="53" classloadersunloaded="0" classesunloaded="0" anonymousclassesunloaded="0" quiescems="0.000" setupms="0.004" scanms="0.000" postms="0.000" />
</gc-op>
<gc-end id="4463" type="partial gc" contextid="4458" durationms="2.901" usertimems="4.000" systemtimems="0.000" timestamp="2019-07-07T05:37:54.931" activeThreads="1">
  <mem-info id="4464" free="68157440" total="113246208" percent="60">
    <mem type="eden" free="1048520" total="1048576" percent="99" />
    <remembered-set count="111744" freebytes="4073472" totalbytes="4520448" percent="90" regionsoverflowed="0" regionsstable="0" regionsrebuilding="18"/>
  </mem-info>
</gc-end>
<cycle-end id="4465" type="partial gc" contextid="4458" timestamp="2019-07-07T05:37:54.931" />
  <attribute name="elasticGC enabled" value="1" />
  <attribute name= "numThreadsSpecified" value="1" />
  <attribute name="heapSize specified" value="0" />
  <attribute name="Current GC Util" value="157" />
  <attribute name= "Current Time Running" value="25730" />
  <attribute name ="GC Interval" value="0" />
  <attribute name="ProportionalT" value="68.500000" />
  <attribute name="ProportionalI" value="68.500000" />
  <attribute name="ProportionalH" value="68.500000" />
  <attribute name="Current Error" value="137.000000" />
  <attribute name="IntegralT" value="0.000000" />
  <attribute name="IntegralI" value="0.000000" />
  <attribute name="IntegralH" value="0.000000" />
  <attribute name="DerivativeT" value="inf" />
  <attribute name="DerivativeI" value="inf" />
  <attribute name="DerivativeH" value="inf" />
  <attribute name="Loop Time for DT" value="0.000000" />
  <attribute name="Output H" value="8388608"/>
  <attribute name="Output I" value="200"/>
  <attribute name="Output T" value="1"/>
  <attribute name="Target GC Util Change" value ="20.000000" />
  <attribute name="Current GC Util Change" value="157.000000"/>
  <attribute name="GC Util currently" value="157" />
  <attribute name="CPU Util currently" value="9838935072569" />
<exclusive-end id="4466" timestamp="2019-07-07T05:37:54.931" durationms="3.696" />

<exclusive-start id="4467" timestamp="2019-07-07T05:37:54.937" intervalms="9.493">
  <response-info timems="0.058" idlems="0.058" threads="0" lastid="000000000202A700" lastname="main" />
</exclusive-start>
<allocation-taxation id="4468" taxation-threshold="16777216" timestamp="2019-07-07T05:37:54.937" intervalms="9.545" />
<gc-start id="4469" type="global mark phase" contextid="4246" timestamp="2019-07-07T05:37:54.937">
  <mem-info id="4470" free="51380224" total="113246208" percent="45">
    <remembered-set count="111296" freebytes="4075264" totalbytes="4520448" percent="90" regionsoverflowed="0" regionsstable="0" regionsrebuilding="18"/>
  </mem-info>
</gc-start>
<gc-op id="4471" type="mark increment" timems="2.993" contextid="4246" timestamp="2019-07-07T05:37:54.940">
  <trace-info objectcount="2" scancount="2" scanbytes="56" />
  <cardclean-info objects="13" bytes="440" />
  <finalization candidates="80" enqueued="0" />
  <ownableSynchronizers candidates="22" cleared="0" />
  <references type="soft" candidates="1886" cleared="25" enqueued="25" dynamicThreshold="19" maxThreshold="32" />
  <references type="weak" candidates="5708" cleared="0" enqueued="0" />
  <references type="phantom" candidates="101" cleared="0" enqueued="0" />
  <stringconstants candidates="13269" cleared="0"  />
</gc-op>
<gc-op id="4472" type="classunload" timems="0.004" contextid="4246" timestamp="2019-07-07T05:37:54.940">
  <classunload-info classloadercandidates="53" classloadersunloaded="0" classesunloaded="0" anonymousclassesunloaded="0" quiescems="0.000" setupms="0.004" scanms="0.000" postms="0.000" />
</gc-op>
<gc-end id="4473" type="global mark phase" contextid="4246" durationms="3.512" usertimems="8.000" systemtimems="0.000" timestamp="2019-07-07T05:37:54.941" activeThreads="4">
  <mem-info id="4474" free="51380224" total="113246208" percent="45">
    <pending-finalizers system="0" default="0" reference="25" classloader="0" />
    <remembered-set count="112832" freebytes="4069120" totalbytes="4520448" percent="90" regionsoverflowed="0" regionsstable="0" regionsrebuilding="0"/>
  </mem-info>
</gc-end>
<cycle-end id="4475" type="global mark phase" contextid="4246" timestamp="2019-07-07T05:37:54.941" />
  <attribute name="elasticGC enabled" value="1" />
  <attribute name= "numThreadsSpecified" value="4" />
  <attribute name="heapSize specified" value="0" />
  <attribute name="Current GC Util" value="193" />
  <attribute name= "Current Time Running" value="25740" />
  <attribute name ="GC Interval" value="0" />
  <attribute name="ProportionalT" value="86.500000" />
  <attribute name="ProportionalI" value="86.500000" />
  <attribute name="ProportionalH" value="86.500000" />
  <attribute name="Current Error" value="173.000000" />
  <attribute name="IntegralT" value="0.000000" />
  <attribute name="IntegralI" value="0.000000" />
  <attribute name="IntegralH" value="0.000000" />
  <attribute name="DerivativeT" value="-inf" />
  <attribute name="DerivativeI" value="-inf" />
  <attribute name="DerivativeH" value="-inf" />
  <attribute name="Loop Time for DT" value="0.000000" />
  <attribute name="Output H" value="2091843584"/>
  <attribute name="Output I" value="200"/>
  <attribute name="Output T" value="4"/>
  <attribute name="Target GC Util Change" value ="20.000000" />
  <attribute name="Current GC Util Change" value="193.000000"/>
  <attribute name="GC Util currently" value="193" />
  <attribute name="CPU Util currently" value="12906933244939" />
<exclusive-end id="4476" timestamp="2019-07-07T05:37:54.941" durationms="4.287" />

<exclusive-start id="4477" timestamp="2019-07-07T05:37:54.947" intervalms="10.065">
  <response-info timems="0.056" idlems="0.056" threads="0" lastid="000000000202A700" lastname="main" />
</exclusive-start>
<allocation-taxation id="4478" taxation-threshold="16777216" timestamp="2019-07-07T05:37:54.947" intervalms="10.064" />
<cycle-start id="4479" type="partial gc" contextid="0" timestamp="2019-07-07T05:37:54.947" intervalms="19.705" />
<gc-start id="4480" type="partial gc" contextid="4479" timestamp="2019-07-07T05:37:54.947">
  <mem-info id="4481" free="34603008" total="113246208" percent="30">
    <mem type="eden" free="1048520" total="34603008" percent="3" />
    <remembered-set count="21696" freebytes="4433664" totalbytes="4520448" percent="98" regionsoverflowed="0" regionsstable="12" regionsrebuilding="0"/>
  </mem-info>
</gc-start>
<allocation-stats totalBytes="33442120" >
  <allocated-bytes non-tlh="0" tlh="33442120" arrayletleaf="0"/>
  <largest-consumer threadName="main" threadId="000000000202A700" bytes="16722304" />
</allocation-stats>
<gc-op id="4482" type="sweep" timems="1.526" contextid="4479" timestamp="2019-07-07T05:37:54.949" />
<gc-op id="4483" type="copy forward" timems="1.638" contextid="4479" timestamp="2019-07-07T05:37:54.952">
  <memory-copied type="eden" objects="2" bytes="56" bytesdiscarded="0" />
  <memory-copied type="other" objects="6" bytes="144" bytesdiscarded="720" />
  <memory-cardclean objects="241" bytes="11272" />
  <regions eden="16" other="2" />
  <remembered-set-cleared processed="19325" cleared="40" durationms="0.327" />
  <stringconstants candidates="13269" cleared="0"  />
</gc-op>
<gc-op id="4484" type="classunload" timems="0.004" contextid="4479" timestamp="2019-07-07T05:37:54.952">
  <classunload-info classloadercandidates="53" classloadersunloaded="0" classesunloaded="0" anonymousclassesunloaded="0" quiescems="0.000" setupms="0.004" scanms="0.000" postms="0.000" />
</gc-op>
<gc-end id="4485" type="partial gc" contextid="4479" durationms="4.649" usertimems="4.000" systemtimems="0.000" timestamp="2019-07-07T05:37:54.952" activeThreads="4">
  <mem-info id="4486" free="68157440" total="113246208" percent="60">
    <mem type="eden" free="1048520" total="1048576" percent="99" />
    <remembered-set count="21952" freebytes="4432640" totalbytes="4520448" percent="98" regionsoverflowed="0" regionsstable="12" regionsrebuilding="0"/>
  </mem-info>
</gc-end>
<cycle-end id="4487" type="partial gc" contextid="4479" timestamp="2019-07-07T05:37:54.952" />
  <attribute name="elasticGC enabled" value="1" />
  <attribute name= "numThreadsSpecified" value="4" />
  <attribute name="heapSize specified" value="0" />
  <attribute name="Current GC Util" value="163" />
  <attribute name= "Current Time Running" value="25752" />
  <attribute name ="GC Interval" value="0" />
  <attribute name="ProportionalT" value="71.500000" />
  <attribute name="ProportionalI" value="71.500000" />
  <attribute name="ProportionalH" value="71.500000" />
  <attribute name="Current Error" value="143.000000" />
  <attribute name="IntegralT" value="71.500000" />
  <attribute name="IntegralI" value="71.500000" />
  <attribute name="IntegralH" value="71.500000" />
  <attribute name="DerivativeT" value="28.000000" />
  <attribute name="DerivativeI" value="28.000000" />
  <attribute name="DerivativeH" value="28.000000" />
  <attribute name="Loop Time for DT" value="1.000000" />
  <attribute name="Output H" value="8388608"/>
  <attribute name="Output I" value="200"/>
  <attribute name="Output T" value="4"/>
  <attribute name="Target GC Util Change" value ="20.000000" />
  <attribute name="Current GC Util Change" value="163.000000"/>
  <attribute name="GC Util currently" value="163" />
  <attribute name="CPU Util currently" value="9948540987713" />
<exclusive-end id="4488" timestamp="2019-07-07T05:37:54.952" durationms="5.605" />

<exclusive-start id="4489" timestamp="2019-07-07T05:37:54.964" intervalms="17.425">
  <response-info timems="0.059" idlems="0.059" threads="0" lastid="000000000202A700" lastname="main" />
</exclusive-start>
<allocation-taxation id="4490" taxation-threshold="34603008" timestamp="2019-07-07T05:37:54.964" intervalms="17.433" />
<cycle-start id="4491" type="partial gc" contextid="0" timestamp="2019-07-07T05:37:54.965" intervalms="17.434" />
<gc-start id="4492" type="partial gc" contextid="4491" timestamp="2019-07-07T05:37:54.965">
  <mem-info id="4493" free="33554432" total="113246208" percent="29">
    <mem type="eden" free="1048520" total="35651584" percent="2" />
    <remembered-set count="1920" freebytes="4512768" totalbytes="4520448" percent="99" regionsoverflowed="0" regionsstable="18" regionsrebuilding="0"/>
  </mem-info>
</gc-start>
<allocation-stats totalBytes="34487240" >
  <allocated-bytes non-tlh="0" tlh="34487240" arrayletleaf="0"/>
  <largest-consumer threadName="main" threadId="000000000202A700" bytes="34487240" />
</allocation-stats>
<gc-op id="4494" type="copy forward" timems="1.154" contextid="4491" timestamp="2019-07-07T05:37:54.967">
  <memory-copied type="eden" objects="2" bytes="56" bytesdiscarded="0" />
  <memory-copied type="other" objects="104" bytes="3912" bytesdiscarded="0" />
  <memory-cardclean objects="168" bytes="5016" />
  <regions eden="33" other="7" />
  <remembered-set-cleared processed="98" cleared="33" durationms="0.115" />
  <stringconstants candidates="13269" cleared="0"  />
</gc-op>
<gc-op id="4495" type="classunload" timems="0.003" contextid="4491" timestamp="2019-07-07T05:37:54.967">
  <classunload-info classloadercandidates="53" classloadersunloaded="0" classesunloaded="0" anonymousclassesunloaded="0" quiescems="0.000" setupms="0.003" scanms="0.000" postms="0.000" />
</gc-op>
<heap-resize id="4496" type="contract" space="default" amount="2097152" count="1" timems="0.045" reason="excess free space following gc" timestamp="2019-07-07T05:37:54.967" />
<gc-end id="4497" type="partial gc" contextid="4491" durationms="2.377" usertimems="4.000" systemtimems="0.000" timestamp="2019-07-07T05:37:54.967" activeThreads="1">
  <mem-info id="4498" free="68157440" total="111149056" percent="61">
    <mem type="eden" free="1048520" total="1048576" percent="99" />
    <remembered-set count="2048" freebytes="4512256" totalbytes="4520448" percent="99" regionsoverflowed="0" regionsstable="18" regionsrebuilding="0"/>
  </mem-info>
</gc-end>
<cycle-end id="4499" type="partial gc" contextid="4491" timestamp="2019-07-07T05:37:54.967" />
  <attribute name="elasticGC enabled" value="1" />
  <attribute name= "numThreadsSpecified" value="1" />
  <attribute name="heapSize specified" value="0" />
  <attribute name="Current GC Util" value="180" />
  <attribute name= "Current Time Running" value="25767" />
  <attribute name ="GC Interval" value="0" />
  <attribute name="ProportionalT" value="80.000000" />
  <attribute name="ProportionalI" value="80.000000" />
  <attribute name="ProportionalH" value="80.000000" />
  <attribute name="Current Error" value="160.000000" />
  <attribute name="IntegralT" value="0.000000" />
  <attribute name="IntegralI" value="0.000000" />
  <attribute name="IntegralH" value="0.000000" />
  <attribute name="DerivativeT" value="inf" />
  <attribute name="DerivativeI" value="inf" />
  <attribute name="DerivativeH" value="inf" />
  <attribute name="Loop Time for DT" value="0.000000" />
  <attribute name="Output H" value="8388608"/>
  <attribute name="Output I" value="200"/>
  <attribute name="Output T" value="1"/>
  <attribute name="Target GC Util Change" value ="20.000000" />
  <attribute name="Current GC Util Change" value="180.000000"/>
  <attribute name="GC Util currently" value="180" />
  <attribute name="CPU Util currently" value="11519078133455" />
<exclusive-end id="4500" timestamp="2019-07-07T05:37:54.968" durationms="3.264" />

<exclusive-start id="4501" timestamp="2019-07-07T05:37:54.979" intervalms="14.926">
  <response-info timems="0.059" idlems="0.059" threads="0" lastid="000000000202A700" lastname="main" />
</exclusive-start>
<allocation-taxation id="4502" taxation-threshold="34603008" timestamp="2019-07-07T05:37:54.979" intervalms="14.866" />
<cycle-start id="4503" type="partial gc" contextid="0" timestamp="2019-07-07T05:37:54.979" intervalms="14.776" />
<gc-start id="4504" type="partial gc" contextid="4503" timestamp="2019-07-07T05:37:54.980">
  <mem-info id="4505" free="33554432" total="111149056" percent="30">
    <mem type="eden" free="1048520" total="35651584" percent="2" />
    <remembered-set count="1600" freebytes="4514048" totalbytes="4520448" percent="99" regionsoverflowed="0" regionsstable="18" regionsrebuilding="0"/>
  </mem-info>
</gc-start>
<allocation-stats totalBytes="34487264" >
  <allocated-bytes non-tlh="0" tlh="34487264" arrayletleaf="0"/>
  <largest-consumer threadName="main" threadId="000000000202A700" bytes="34487264" />
</allocation-stats>
<gc-op id="4506" type="copy forward" timems="1.077" contextid="4503" timestamp="2019-07-07T05:37:54.982">
  <memory-copied type="eden" objects="2" bytes="56" bytesdiscarded="0" />
  <memory-copied type="other" objects="73" bytes="3008" bytesdiscarded="104" />
  <memory-cardclean objects="94" bytes="3000" />
  <regions eden="33" other="3" />
  <remembered-set-cleared processed="104" cleared="17" durationms="0.125" />
  <stringconstants candidates="13269" cleared="0"  />
</gc-op>
<gc-op id="4507" type="classunload" timems="0.003" contextid="4503" timestamp="2019-07-07T05:37:54.982">
  <classunload-info classloadercandidates="53" classloadersunloaded="0" classesunloaded="0" anonymousclassesunloaded="0" quiescems="0.000" setupms="0.003" scanms="0.000" postms="0.000" />
</gc-op>
<heap-resize id="4508" type="contract" space="default" amount="3145728" count="1" timems="0.045" reason="excess free space following gc" timestamp="2019-07-07T05:37:54.982" />
<gc-end id="4509" type="partial gc" contextid="4503" durationms="2.796" usertimems="4.000" systemtimems="0.000" timestamp="2019-07-07T05:37:54.982" activeThreads="1">
  <mem-info id="4510" free="66060288" total="108003328" percent="61">
    <mem type="eden" free="1048520" total="1048576" percent="99" />
    <remembered-set count="1280" freebytes="4431616" totalbytes="4436736" percent="99" regionsoverflowed="0" regionsstable="18" regionsrebuilding="0"/>
  </mem-info>
</gc-end>
<cycle-end id="4511" type="partial gc" contextid="4503" timestamp="2019-07-07T05:37:54.983" />
  <attribute name="elasticGC enabled" value="1" />
  <attribute name= "numThreadsSpecified" value="1" />
  <attribute name="heapSize specified" value="0" />
  <attribute name="Current GC Util" value="179" />
  <attribute name= "Current Time Running" value="25782" />
  <attribute name ="GC Interval" value="0" />
  <attribute name="ProportionalT" value="79.500000" />
  <attribute name="ProportionalI" value="79.500000" />
  <attribute name="ProportionalH" value="79.500000" />
  <attribute name="Current Error" value="159.000000" />
  <attribute name="IntegralT" value="0.000000" />
  <attribute name="IntegralI" value="0.000000" />
  <attribute name="IntegralH" value="0.000000" />
  <attribute name="DerivativeT" value="inf" />
  <attribute name="DerivativeI" value="inf" />
  <attribute name="DerivativeH" value="inf" />
  <attribute name="Loop Time for DT" value="0.000000" />
  <attribute name="Output H" value="8388608"/>
  <attribute name="Output I" value="200"/>
  <attribute name="Output T" value="1"/>
  <attribute name="Target GC Util Change" value ="20.000000" />
  <attribute name="Current GC Util Change" value="179.000000"/>
  <attribute name="GC Util currently" value="179" />
  <attribute name="CPU Util currently" value="5906844271055" />
<exclusive-end id="4512" timestamp="2019-07-07T05:37:54.983" durationms="3.614" />

<exclusive-start id="4513" timestamp="2019-07-07T05:37:54.995" intervalms="15.487">
  <response-info timems="0.059" idlems="0.059" threads="0" lastid="000000000202A700" lastname="main" />
</exclusive-start>
<allocation-taxation id="4514" taxation-threshold="33554432" timestamp="2019-07-07T05:37:54.995" intervalms="15.543" />
<cycle-start id="4515" type="partial gc" contextid="0" timestamp="2019-07-07T05:37:54.995" intervalms="15.547" />
<gc-start id="4516" type="partial gc" contextid="4515" timestamp="2019-07-07T05:37:54.995">
  <mem-info id="4517" free="32505856" total="108003328" percent="30">
    <mem type="eden" free="1048520" total="34603008" percent="3" />
    <remembered-set count="960" freebytes="4432896" totalbytes="4436736" percent="99" regionsoverflowed="0" regionsstable="18" regionsrebuilding="0"/>
  </mem-info>
</gc-start>
<allocation-stats totalBytes="33442120" >
  <allocated-bytes non-tlh="0" tlh="33442120" arrayletleaf="0"/>
  <largest-consumer threadName="main" threadId="000000000202A700" bytes="33442120" />
</allocation-stats>
<gc-op id="4518" type="copy forward" timems="3.772" contextid="4515" timestamp="2019-07-07T05:37:55.000">
  <memory-copied type="eden" objects="2" bytes="56" bytesdiscarded="0" />
  <memory-copied type="other" objects="18" bytes="408" bytesdiscarded="784" />
  <memory-cardclean objects="35" bytes="960" />
  <regions eden="32" other="2" />
  <remembered-set-cleared processed="109" cleared="8" durationms="0.096" />
  <stringconstants candidates="13269" cleared="0"  />
</gc-op>
<gc-op id="4519" type="classunload" timems="0.004" contextid="4515" timestamp="2019-07-07T05:37:55.000">
  <classunload-info classloadercandidates="53" classloadersunloaded="0" classesunloaded="0" anonymousclassesunloaded="0" quiescems="0.000" setupms="0.004" scanms="0.000" postms="0.000" />
</gc-op>
<heap-resize id="4520" type="contract" space="default" amount="2097152" count="1" timems="0.098" reason="excess free space following gc" timestamp="2019-07-07T05:37:55.001" />
<gc-end id="4521" type="partial gc" contextid="4515" durationms="5.649" usertimems="12.000" systemtimems="0.000" timestamp="2019-07-07T05:37:55.001" activeThreads="4">
  <mem-info id="4522" free="65011712" total="105906176" percent="61">
    <mem type="eden" free="1048520" total="1048576" percent="99" />
    <remembered-set count="1888" freebytes="4303616" totalbytes="4311168" percent="99" regionsoverflowed="0" regionsstable="18" regionsrebuilding="0"/>
  </mem-info>
</gc-end>
<cycle-end id="4523" type="partial gc" contextid="4515" timestamp="2019-07-07T05:37:55.001" />
  <attribute name="elasticGC enabled" value="1" />
  <attribute name= "numThreadsSpecified" value="4" />
  <attribute name="heapSize specified" value="0" />
  <attribute name="Current GC Util" value="174" />
  <attribute name= "Current Time Running" value="25798" />
  <attribute name ="GC Interval" value="0" />
  <attribute name="ProportionalT" value="77.000000" />
  <attribute name="ProportionalI" value="77.000000" />
  <attribute name="ProportionalH" value="77.000000" />
  <attribute name="Current Error" value="154.000000" />
  <attribute name="IntegralT" value="77.000000" />
  <attribute name="IntegralI" value="77.000000" />
  <attribute name="IntegralH" value="77.000000" />
  <attribute name="DerivativeT" value="154.000000" />
  <attribute name="DerivativeI" value="154.000000" />
  <attribute name="DerivativeH" value="154.000000" />
  <attribute name="Loop Time for DT" value="1.000000" />
  <attribute name="Output H" value="8388608"/>
  <attribute name="Output I" value="312"/>
  <attribute name="Output T" value="4"/>
  <attribute name="Target GC Util Change" value ="20.000000" />
  <attribute name="Current GC Util Change" value="174.000000"/>
  <attribute name="GC Util currently" value="174" />
  <attribute name="CPU Util currently" value="5341246880066" />
<exclusive-end id="4524" timestamp="2019-07-07T05:37:55.001" durationms="6.448" />

<exclusive-start id="4525" timestamp="2019-07-07T05:37:55.012" intervalms="17.419">
  <response-info timems="0.062" idlems="0.062" threads="0" lastid="000000000202A700" lastname="main" />
</exclusive-start>
<allocation-taxation id="4526" taxation-threshold="32505856" timestamp="2019-07-07T05:37:55.012" intervalms="17.429" />
<cycle-start id="4527" type="partial gc" contextid="0" timestamp="2019-07-07T05:37:55.012" intervalms="17.427" />
<gc-start id="4528" type="partial gc" contextid="4527" timestamp="2019-07-07T05:37:55.013">
  <mem-info id="4529" free="32505856" total="105906176" percent="30">
    <mem type="eden" free="1048520" total="33554432" percent="3" />
    <remembered-set count="1888" freebytes="4303616" totalbytes="4311168" percent="99" regionsoverflowed="0" regionsstable="18" regionsrebuilding="0"/>
  </mem-info>
</gc-start>
<allocation-stats totalBytes="32396952" >
  <allocated-bytes non-tlh="0" tlh="32396952" arrayletleaf="0"/>
  <largest-consumer threadName="main" threadId="000000000202A700" bytes="32396952" />
</allocation-stats>
<gc-op id="4530" type="copy forward" timems="1.115" contextid="4527" timestamp="2019-07-07T05:37:55.015">
  <memory-copied type="eden" objects="2" bytes="56" bytesdiscarded="0" />
  <memory-copied type="other" objects="36" bytes="816" bytesdiscarded="208" />
  <memory-cardclean objects="79" bytes="2096" />
  <regions eden="31" other="4" />
  <remembered-set-cleared processed="104" cleared="24" durationms="0.114" />
  <stringconstants candidates="13269" cleared="0"  />
</gc-op>
<gc-op id="4531" type="classunload" timems="0.004" contextid="4527" timestamp="2019-07-07T05:37:55.015">
  <classunload-info classloadercandidates="53" classloadersunloaded="0" classesunloaded="0" anonymousclassesunloaded="0" quiescems="0.000" setupms="0.004" scanms="0.000" postms="0.000" />
</gc-op>
<heap-resize id="4532" type="contract" space="default" amount="6291456" count="1" timems="0.118" reason="excess free space following gc" timestamp="2019-07-07T05:37:55.015" />
<gc-end id="4533" type="partial gc" contextid="4527" durationms="2.774" usertimems="4.000" systemtimems="0.000" timestamp="2019-07-07T05:37:55.015" activeThreads="1">
  <mem-info id="4534" free="61865984" total="99614720" percent="62">
    <mem type="eden" free="1048520" total="1048576" percent="99" />
    <remembered-set count="1152" freebytes="4222848" totalbytes="4227456" percent="99" regionsoverflowed="0" regionsstable="18" regionsrebuilding="0"/>
  </mem-info>
</gc-end>
<cycle-end id="4535" type="partial gc" contextid="4527" timestamp="2019-07-07T05:37:55.015" />
  <attribute name="elasticGC enabled" value="1" />
  <attribute name= "numThreadsSpecified" value="1" />
  <attribute name="heapSize specified" value="0" />
  <attribute name="Current GC Util" value="105" />
  <attribute name= "Current Time Running" value="25815" />
  <attribute name ="GC Interval" value="0" />
  <attribute name="ProportionalT" value="42.500000" />
  <attribute name="ProportionalI" value="42.500000" />
  <attribute name="ProportionalH" value="42.500000" />
  <attribute name="Current Error" value="85.000000" />
  <attribute name="IntegralT" value="0.000000" />
  <attribute name="IntegralI" value="0.000000" />
  <attribute name="IntegralH" value="0.000000" />
  <attribute name="DerivativeT" value="inf" />
  <attribute name="DerivativeI" value="inf" />
  <attribute name="DerivativeH" value="inf" />
  <attribute name="Loop Time for DT" value="0.000000" />
  <attribute name="Output H" value="8388608"/>
  <attribute name="Output I" value="200"/>
  <attribute name="Output T" value="1"/>
  <attribute name="Target GC Util Change" value ="20.000000" />
  <attribute name="Current GC Util Change" value="105.000000"/>
  <attribute name="GC Util currently" value="105" />
  <attribute name="CPU Util currently" value="6542317245199" />
<exclusive-end id="4536" timestamp="2019-07-07T05:37:55.016" durationms="3.537" />

<exclusive-start id="4537" timestamp="2019-07-07T05:37:55.027" intervalms="14.573">
  <response-info timems="0.058" idlems="0.058" threads="0" lastid="000000000202A700" lastname="main" />
</exclusive-start>
<allocation-taxation id="4538" taxation-threshold="31457280" timestamp="2019-07-07T05:37:55.027" intervalms="14.561" />
<cycle-start id="4539" type="partial gc" contextid="0" timestamp="2019-07-07T05:37:55.027" intervalms="14.655" />
<gc-start id="4540" type="partial gc" contextid="4539" timestamp="2019-07-07T05:37:55.027">
  <mem-info id="4541" free="30408704" total="99614720" percent="30">
    <mem type="eden" free="1048520" total="32505856" percent="3" />
    <remembered-set count="992" freebytes="4223488" totalbytes="4227456" percent="99" regionsoverflowed="0" regionsstable="18" regionsrebuilding="0"/>
  </mem-info>
</gc-start>
<allocation-stats totalBytes="31252848" >
  <allocated-bytes non-tlh="0" tlh="31252848" arrayletleaf="0"/>
  <largest-consumer threadName="main" threadId="000000000202A700" bytes="31252848" />
</allocation-stats>
<gc-op id="4542" type="copy forward" timems="3.995" contextid="4539" timestamp="2019-07-07T05:37:55.032">
  <memory-copied type="eden" objects="27" bytes="1944" bytesdiscarded="384" />
  <memory-copied type="other" objects="25" bytes="592" bytesdiscarded="544" />
  <memory-cardclean objects="202" bytes="5840" />
  <regions eden="30" other="5" />
  <remembered-set-cleared processed="93" cleared="30" durationms="0.157" />
  <stringconstants candidates="13269" cleared="0"  />
</gc-op>
<gc-op id="4543" type="classunload" timems="0.004" contextid="4539" timestamp="2019-07-07T05:37:55.033">
  <classunload-info classloadercandidates="53" classloadersunloaded="0" classesunloaded="0" anonymousclassesunloaded="0" quiescems="0.000" setupms="0.003" scanms="0.000" postms="0.000" />
</gc-op>
<heap-resize id="4544" type="contract" space="default" amount="5242880" count="1" timems="0.113" reason="excess free space following gc" timestamp="2019-07-07T05:37:55.033" />
<gc-end id="4545" type="partial gc" contextid="4539" durationms="5.820" usertimems="8.000" systemtimems="4.000" timestamp="2019-07-07T05:37:55.033" activeThreads="4">
  <mem-info id="4546" free="60817408" total="94371840" percent="64">
    <mem type="eden" free="1046248" total="1048576" percent="99" />
    <remembered-set count="1888" freebytes="3968768" totalbytes="3976320" percent="99" regionsoverflowed="0" regionsstable="18" regionsrebuilding="0"/>
  </mem-info>
</gc-end>
<cycle-end id="4547" type="partial gc" contextid="4539" timestamp="2019-07-07T05:37:55.033" />
  <attribute name="elasticGC enabled" value="1" />
  <attribute name= "numThreadsSpecified" value="4" />
  <attribute name="heapSize specified" value="0" />
  <attribute name="Current GC Util" value="195" />
  <attribute name= "Current Time Running" value="25830" />
  <attribute name ="GC Interval" value="0" />
  <attribute name="ProportionalT" value="87.500000" />
  <attribute name="ProportionalI" value="87.500000" />
  <attribute name="ProportionalH" value="87.500000" />
  <attribute name="Current Error" value="175.000000" />
  <attribute name="IntegralT" value="87.500000" />
  <attribute name="IntegralI" value="87.500000" />
  <attribute name="IntegralH" value="87.500000" />
  <attribute name="DerivativeT" value="175.000000" />
  <attribute name="DerivativeI" value="175.000000" />
  <attribute name="DerivativeH" value="175.000000" />
  <attribute name="Loop Time for DT" value="1.000000" />
  <attribute name="Output H" value="8388608"/>
  <attribute name="Output I" value="352"/>
  <attribute name="Output T" value="4"/>
  <attribute name="Target GC Util Change" value ="20.000000" />
  <attribute name="Current GC Util Change" value="195.000000"/>
  <attribute name="GC Util currently" value="195" />
  <attribute name="CPU Util currently" value="5849950932121" />
<exclusive-end id="4548" timestamp="2019-07-07T05:37:55.033" durationms="6.696" />

<exclusive-start id="4549" timestamp="2019-07-07T05:37:55.044" intervalms="16.865">
  <response-info timems="0.059" idlems="0.059" threads="0" lastid="000000000202A700" lastname="main" />
</exclusive-start>
<allocation-taxation id="4550" taxation-threshold="30408704" timestamp="2019-07-07T05:37:55.044" intervalms="16.856" />
<cycle-start id="4551" type="partial gc" contextid="0" timestamp="2019-07-07T05:37:55.044" intervalms="16.717" />
<gc-start id="4552" type="partial gc" contextid="4551" timestamp="2019-07-07T05:37:55.044">
  <mem-info id="4553" free="30408704" total="94371840" percent="32">
    <mem type="eden" free="0" total="30408704" percent="0" />
    <remembered-set count="1536" freebytes="3970176" totalbytes="3976320" percent="99" regionsoverflowed="0" regionsstable="18" regionsrebuilding="0"/>
  </mem-info>
</gc-start>
<allocation-stats totalBytes="30207768" >
  <allocated-bytes non-tlh="0" tlh="30207768" arrayletleaf="0"/>
  <largest-consumer threadName="main" threadId="000000000202A700" bytes="30207768" />
</allocation-stats>
<gc-op id="4554" type="copy forward" timems="3.894" contextid="4551" timestamp="2019-07-07T05:37:55.049">
  <memory-copied type="eden" objects="2" bytes="64" bytesdiscarded="0" />
  <memory-copied type="other" objects="75" bytes="3512" bytesdiscarded="2144" />
  <memory-cardclean objects="187" bytes="5768" />
  <regions eden="29" other="7" />
  <remembered-set-cleared processed="82" cleared="25" durationms="0.145" />
  <stringconstants candidates="13269" cleared="0"  />
</gc-op>
<gc-op id="4555" type="classunload" timems="0.003" contextid="4551" timestamp="2019-07-07T05:37:55.049">
  <classunload-info classloadercandidates="53" classloadersunloaded="0" classesunloaded="0" anonymousclassesunloaded="0" quiescems="0.000" setupms="0.003" scanms="0.000" postms="0.000" />
</gc-op>
<heap-resize id="4556" type="contract" space="default" amount="5242880" count="1" timems="0.120" reason="excess free space following gc" timestamp="2019-07-07T05:37:55.050" />
<gc-end id="4557" type="partial gc" contextid="4551" durationms="5.686" usertimems="8.000" systemtimems="0.000" timestamp="2019-07-07T05:37:55.050" activeThreads="4">
  <mem-info id="4558" free="60817408" total="89128960" percent="68">
    <mem type="eden" free="1048512" total="1048576" percent="99" />
    <remembered-set count="1920" freebytes="3759360" totalbytes="3767040" percent="99" regionsoverflowed="0" regionsstable="18" regionsrebuilding="0"/>
  </mem-info>
</gc-end>
<cycle-end id="4559" type="partial gc" contextid="4551" timestamp="2019-07-07T05:37:55.050" />
  <attribute name="elasticGC enabled" value="1" />
  <attribute name= "numThreadsSpecified" value="4" />
  <attribute name="heapSize specified" value="0" />
  <attribute name="Current GC Util" value="104" />
  <attribute name= "Current Time Running" value="25847" />
  <attribute name ="GC Interval" value="0" />
  <attribute name="ProportionalT" value="42.000000" />
  <attribute name="ProportionalI" value="42.000000" />
  <attribute name="ProportionalH" value="42.000000" />
  <attribute name="Current Error" value="84.000000" />
  <attribute name="IntegralT" value="42.000000" />
  <attribute name="IntegralI" value="42.000000" />
  <attribute name="IntegralH" value="42.000000" />
  <attribute name="DerivativeT" value="40.000000" />
  <attribute name="DerivativeI" value="40.000000" />
  <attribute name="DerivativeH" value="40.000000" />
  <attribute name="Loop Time for DT" value="1.000000" />
  <attribute name="Output H" value="8388608"/>
  <attribute name="Output I" value="200"/>
  <attribute name="Output T" value="4"/>
  <attribute name="Target GC Util Change" value ="20.000000" />
  <attribute name="Current GC Util Change" value="104.000000"/>
  <attribute name="GC Util currently" value="104" />
  <attribute name="CPU Util currently" value="6300556415940" />
<exclusive-end id="4560" timestamp="2019-07-07T05:37:55.050" durationms="6.496" />

<exclusive-start id="4561" timestamp="2019-07-07T05:37:55.055" intervalms="11.146">
  <response-info timems="0.054" idlems="0.054" threads="0" lastid="000000000202A700" lastname="main" />
</exclusive-start>
<allocation-taxation id="4562" taxation-threshold="13631488" timestamp="2019-07-07T05:37:55.055" intervalms="11.101" />
<cycle-start id="4563" type="global mark phase" contextid="0" timestamp="2019-07-07T05:37:55.055" intervalms="304.961" />
<gc-start id="4564" type="global mark phase" contextid="4563" timestamp="2019-07-07T05:37:55.055">
  <mem-info id="4565" free="47185920" total="89128960" percent="52">
    <remembered-set count="1440" freebytes="3761280" totalbytes="3767040" percent="99" regionsoverflowed="0" regionsstable="18" regionsrebuilding="0"/>
  </mem-info>
</gc-start>
<gc-op id="4566" type="mark increment" timems="1.160" contextid="4563" timestamp="2019-07-07T05:37:55.056">
  <trace-info objectcount="179" scancount="0" scanbytes="0" />
</gc-op>
<gc-end id="4567" type="global mark phase" contextid="4563" durationms="1.370" usertimems="4.000" systemtimems="0.000" timestamp="2019-07-07T05:37:55.056" activeThreads="4">
  <mem-info id="4568" free="47185920" total="89128960" percent="52">
    <remembered-set count="1440" freebytes="3761280" totalbytes="3767040" percent="99" regionsoverflowed="0" regionsstable="0" regionsrebuilding="18"/>
  </mem-info>
</gc-end>
<concurrent-start id="4569" type="GMP work packet processing" contextid="4563" timestamp="2019-07-07T05:37:55.056">
  <concurrent-mark-start scanTarget="1330572" />
</concurrent-start>
<exclusive-end id="4570" timestamp="2019-07-07T05:37:55.057" durationms="1.947" />

<concurrent-end id="4571" type="GMP work packet processing" contextid="4563" timestamp="2019-07-07T05:37:55.060">
  <concurrent-mark-end bytesScanned="1377556" reasonForTermination="Work target met" />
</concurrent-end>

<exclusive-start id="4572" timestamp="2019-07-07T05:37:55.062" intervalms="7.234">
  <response-info timems="0.028" idlems="0.028" threads="0" lastid="000000000202A700" lastname="main" />
</exclusive-start>
<allocation-taxation id="4573" taxation-threshold="13631488" timestamp="2019-07-07T05:37:55.062" intervalms="7.278" />
<cycle-start id="4574" type="partial gc" contextid="0" timestamp="2019-07-07T05:37:55.062" intervalms="18.467" />
<gc-start id="4575" type="partial gc" contextid="4574" timestamp="2019-07-07T05:37:55.062">
  <mem-info id="4576" free="33554432" total="89128960" percent="37">
    <mem type="eden" free="1048512" total="28311552" percent="3" />
    <remembered-set count="12640" freebytes="3716480" totalbytes="3767040" percent="98" regionsoverflowed="0" regionsstable="0" regionsrebuilding="18"/>
  </mem-info>
</gc-start>
<allocation-stats totalBytes="27092088" >
  <allocated-bytes non-tlh="0" tlh="27092088" arrayletleaf="0"/>
  <largest-consumer threadName="main" threadId="000000000202A700" bytes="13546056" />
</allocation-stats>
<gc-op id="4577" type="copy forward" timems="1.844" contextid="4574" timestamp="2019-07-07T05:37:55.065">
  <memory-copied type="eden" objects="2" bytes="64" bytesdiscarded="0" />
  <memory-copied type="other" objects="2371" bytes="143592" bytesdiscarded="144" />
  <memory-cardclean objects="390" bytes="27032" />
  <regions eden="26" other="3" />
  <remembered-set-cleared processed="10617" cleared="249" durationms="0.171" />
  <references type="soft" candidates="15" cleared="0" enqueued="0" dynamicThreshold="16" maxThreshold="32" />
  <references type="weak" candidates="131" cleared="0" enqueued="0" />
  <stringconstants candidates="13269" cleared="0"  />
</gc-op>
<gc-op id="4578" type="classunload" timems="0.004" contextid="4574" timestamp="2019-07-07T05:37:55.065">
  <classunload-info classloadercandidates="53" classloadersunloaded="0" classesunloaded="0" anonymousclassesunloaded="0" quiescems="0.000" setupms="0.004" scanms="0.000" postms="0.000" />
</gc-op>
<heap-resize id="4579" type="contract" space="default" amount="5242880" count="1" timems="0.176" reason="excess free space following gc" timestamp="2019-07-07T05:37:55.066" />
<gc-end id="4580" type="partial gc" contextid="4574" durationms="3.584" usertimems="4.000" systemtimems="0.000" timestamp="2019-07-07T05:37:55.066" activeThreads="1">
  <mem-info id="4581" free="57671680" total="83886080" percent="68">
    <mem type="eden" free="1048512" total="1048576" percent="99" />
    <remembered-set count="11904" freebytes="3510144" totalbytes="3557760" percent="98" regionsoverflowed="0" regionsstable="0" regionsrebuilding="18"/>
  </mem-info>
</gc-end>
<cycle-end id="4582" type="partial gc" contextid="4574" timestamp="2019-07-07T05:37:55.066" />
  <attribute name="elasticGC enabled" value="1" />
  <attribute name= "numThreadsSpecified" value="1" />
  <attribute name="heapSize specified" value="0" />
  <attribute name="Current GC Util" value="145" />
  <attribute name= "Current Time Running" value="25865" />
  <attribute name ="GC Interval" value="0" />
  <attribute name="ProportionalT" value="62.500000" />
  <attribute name="ProportionalI" value="62.500000" />
  <attribute name="ProportionalH" value="62.500000" />
  <attribute name="Current Error" value="125.000000" />
  <attribute name="IntegralT" value="0.000000" />
  <attribute name="IntegralI" value="0.000000" />
  <attribute name="IntegralH" value="0.000000" />
  <attribute name="DerivativeT" value="inf" />
  <attribute name="DerivativeI" value="inf" />
  <attribute name="DerivativeH" value="inf" />
  <attribute name="Loop Time for DT" value="0.000000" />
  <attribute name="Output H" value="8388608"/>
  <attribute name="Output I" value="200"/>
  <attribute name="Output T" value="1"/>
  <attribute name="Target GC Util Change" value ="20.000000" />
  <attribute name="Current GC Util Change" value="145.000000"/>
  <attribute name="GC Util currently" value="145" />
  <attribute name="CPU Util currently" value="6848584253745" />
<exclusive-end id="4583" timestamp="2019-07-07T05:37:55.066" durationms="4.452" />

<exclusive-start id="4584" timestamp="2019-07-07T05:37:55.071" intervalms="9.594">
  <response-info timems="0.039" idlems="0.039" threads="0" lastid="000000000202A700" lastname="main" />
</exclusive-start>
<allocation-taxation id="4585" taxation-threshold="13631488" timestamp="2019-07-07T05:37:55.072" intervalms="9.597" />
<gc-start id="4586" type="global mark phase" contextid="4563" timestamp="2019-07-07T05:37:55.072">
  <mem-info id="4587" free="44040192" total="83886080" percent="52">
    <remembered-set count="11872" freebytes="3510272" totalbytes="3557760" percent="98" regionsoverflowed="0" regionsstable="0" regionsrebuilding="18"/>
  </mem-info>
</gc-start>
<gc-end id="4588" type="global mark phase" contextid="4563" durationms="0.221" usertimems="0.000" systemtimems="0.000" timestamp="2019-07-07T05:37:55.072" activeThreads="1">
  <mem-info id="4589" free="44040192" total="83886080" percent="52">
    <remembered-set count="11872" freebytes="3510272" totalbytes="3557760" percent="98" regionsoverflowed="0" regionsstable="0" regionsrebuilding="18"/>
  </mem-info>
</gc-end>
<concurrent-start id="4590" type="GMP work packet processing" contextid="4563" timestamp="2019-07-07T05:37:55.072">
  <concurrent-mark-start scanTarget="1048576" />
</concurrent-start>
<exclusive-end id="4591" timestamp="2019-07-07T05:37:55.072" durationms="0.754" />

<concurrent-end id="4592" type="GMP work packet processing" contextid="4563" timestamp="2019-07-07T05:37:55.074">
  <concurrent-mark-end bytesScanned="1105984" reasonForTermination="Work target met" />
</concurrent-end>

<exclusive-start id="4593" timestamp="2019-07-07T05:37:55.078" intervalms="6.191">
  <response-info timems="0.028" idlems="0.028" threads="0" lastid="000000000202A700" lastname="main" />
</exclusive-start>
<allocation-taxation id="4594" taxation-threshold="13631488" timestamp="2019-07-07T05:37:55.078" intervalms="6.150" />
<cycle-start id="4595" type="partial gc" contextid="0" timestamp="2019-07-07T05:37:55.078" intervalms="15.694" />
<gc-start id="4596" type="partial gc" contextid="4595" timestamp="2019-07-07T05:37:55.078">
  <mem-info id="4597" free="30408704" total="83886080" percent="36">
    <mem type="eden" free="1048512" total="28311552" percent="3" />
    <remembered-set count="22816" freebytes="3466496" totalbytes="3557760" percent="97" regionsoverflowed="0" regionsstable="0" regionsrebuilding="18"/>
  </mem-info>
</gc-start>
<allocation-stats totalBytes="27092088" >
  <allocated-bytes non-tlh="0" tlh="27092088" arrayletleaf="0"/>
  <largest-consumer threadName="main" threadId="000000000202A700" bytes="13546056" />
</allocation-stats>
<gc-op id="4598" type="copy forward" timems="5.374" contextid="4595" timestamp="2019-07-07T05:37:55.084">
  <memory-copied type="eden" objects="2" bytes="64" bytesdiscarded="0" />
  <memory-copied type="other" objects="0" bytes="0" bytesdiscarded="0" />
  <memory-cardclean objects="12161" bytes="560976" />
  <regions eden="26" other="1" />
  <remembered-set-cleared processed="16516" cleared="5869" durationms="0.148" />
  <stringconstants candidates="13269" cleared="0"  />
</gc-op>
<gc-op id="4599" type="classunload" timems="0.004" contextid="4595" timestamp="2019-07-07T05:37:55.085">
  <classunload-info classloadercandidates="53" classloadersunloaded="0" classesunloaded="0" anonymousclassesunloaded="0" quiescems="0.000" setupms="0.004" scanms="0.000" postms="0.000" />
</gc-op>
<heap-resize id="4600" type="contract" space="default" amount="4194304" count="1" timems="0.270" reason="excess free space following gc" timestamp="2019-07-07T05:37:55.085" />
<gc-end id="4601" type="partial gc" contextid="4595" durationms="7.095" usertimems="12.000" systemtimems="0.000" timestamp="2019-07-07T05:37:55.085" activeThreads="4">
  <mem-info id="4602" free="53477376" total="79691776" percent="67">
    <mem type="eden" free="1048512" total="1048576" percent="99" />
    <remembered-set count="17920" freebytes="3276800" totalbytes="3348480" percent="97" regionsoverflowed="0" regionsstable="0" regionsrebuilding="18"/>
  </mem-info>
</gc-end>
<cycle-end id="4603" type="partial gc" contextid="4595" timestamp="2019-07-07T05:37:55.085" />
  <attribute name="elasticGC enabled" value="1" />
  <attribute name= "numThreadsSpecified" value="4" />
  <attribute name="heapSize specified" value="0" />
  <attribute name="Current GC Util" value="114" />
  <attribute name= "Current Time Running" value="25881" />
  <attribute name ="GC Interval" value="0" />
  <attribute name="ProportionalT" value="47.000000" />
  <attribute name="ProportionalI" value="47.000000" />
  <attribute name="ProportionalH" value="47.000000" />
  <attribute name="Current Error" value="94.000000" />
  <attribute name="IntegralT" value="47.000000" />
  <attribute name="IntegralI" value="47.000000" />
  <attribute name="IntegralH" value="47.000000" />
  <attribute name="DerivativeT" value="22.000000" />
  <attribute name="DerivativeI" value="22.000000" />
  <attribute name="DerivativeH" value="22.000000" />
  <attribute name="Loop Time for DT" value="1.000000" />
  <attribute name="Output H" value="8388608"/>
  <attribute name="Output I" value="200"/>
  <attribute name="Output T" value="4"/>
  <attribute name="Target GC Util Change" value ="20.000000" />
  <attribute name="Current GC Util Change" value="114.000000"/>
  <attribute name="GC Util currently" value="114" />
  <attribute name="CPU Util currently" value="6551230026598" />
<exclusive-end id="4604" timestamp="2019-07-07T05:37:55.086" durationms="7.870" />

<exclusive-start id="4605" timestamp="2019-07-07T05:37:55.090" intervalms="12.238">
  <response-info timems="0.062" idlems="0.062" threads="0" lastid="000000000202A700" lastname="main" />
</exclusive-start>
<allocation-taxation id="4606" taxation-threshold="12582912" timestamp="2019-07-07T05:37:55.090" intervalms="12.242" />
<gc-start id="4607" type="global mark phase" contextid="4563" timestamp="2019-07-07T05:37:55.090">
  <mem-info id="4608" free="40894464" total="79691776" percent="51">
    <remembered-set count="17504" freebytes="3278464" totalbytes="3348480" percent="97" regionsoverflowed="0" regionsstable="0" regionsrebuilding="18"/>
  </mem-info>
</gc-start>
<gc-end id="4609" type="global mark phase" contextid="4563" durationms="0.099" usertimems="0.000" systemtimems="0.000" timestamp="2019-07-07T05:37:55.090" activeThreads="4">
  <mem-info id="4610" free="40894464" total="79691776" percent="51">
    <remembered-set count="17504" freebytes="3278464" totalbytes="3348480" percent="97" regionsoverflowed="0" regionsstable="0" regionsrebuilding="18"/>
  </mem-info>
</gc-end>
<concurrent-start id="4611" type="GMP work packet processing" contextid="4563" timestamp="2019-07-07T05:37:55.090">
  <concurrent-mark-start scanTarget="1330572" />
</concurrent-start>
<exclusive-end id="4612" timestamp="2019-07-07T05:37:55.090" durationms="0.548" />

<concurrent-end id="4613" type="GMP work packet processing" contextid="4563" timestamp="2019-07-07T05:37:55.092">
  <concurrent-mark-end bytesScanned="1371172" reasonForTermination="Work target met" />
</concurrent-end>

<exclusive-start id="4614" timestamp="2019-07-07T05:37:55.095" intervalms="5.519">
  <response-info timems="0.026" idlems="0.026" threads="0" lastid="000000000202A700" lastname="main" />
</exclusive-start>
<allocation-taxation id="4615" taxation-threshold="12582912" timestamp="2019-07-07T05:37:55.096" intervalms="5.501" />
<cycle-start id="4616" type="partial gc" contextid="0" timestamp="2019-07-07T05:37:55.096" intervalms="17.735" />
<gc-start id="4617" type="partial gc" contextid="4616" timestamp="2019-07-07T05:37:55.096">
  <mem-info id="4618" free="28311552" total="79691776" percent="35">
    <mem type="eden" free="1048512" total="26214400" percent="3" />
    <remembered-set count="30912" freebytes="3224832" totalbytes="3348480" percent="96" regionsoverflowed="0" regionsstable="0" regionsrebuilding="18"/>
  </mem-info>
</gc-start>
<allocation-stats totalBytes="25008072" >
  <allocated-bytes non-tlh="0" tlh="25008072" arrayletleaf="0"/>
  <largest-consumer threadName="main" threadId="000000000202A700" bytes="12504048" />
</allocation-stats>
<gc-op id="4619" type="copy forward" timems="5.778" contextid="4616" timestamp="2019-07-07T05:37:55.102">
  <memory-copied type="eden" objects="2" bytes="64" bytesdiscarded="0" />
  <memory-copied type="other" objects="0" bytes="0" bytesdiscarded="0" />
  <memory-cardclean objects="27556" bytes="1296648" />
  <regions eden="24" other="1" />
  <remembered-set-cleared processed="21867" cleared="7041" durationms="0.237" />
  <stringconstants candidates="13269" cleared="0"  />
</gc-op>
<gc-op id="4620" type="classunload" timems="0.003" contextid="4616" timestamp="2019-07-07T05:37:55.103">
  <classunload-info classloadercandidates="53" classloadersunloaded="0" classesunloaded="0" anonymousclassesunloaded="0" quiescems="0.000" setupms="0.003" scanms="0.000" postms="0.000" />
</gc-op>
<heap-resize id="4621" type="contract" space="default" amount="4194304" count="1" timems="0.288" reason="excess free space following gc" timestamp="2019-07-07T05:37:55.103" />
<gc-end id="4622" type="partial gc" contextid="4616" durationms="7.369" usertimems="8.000" systemtimems="4.000" timestamp="2019-07-07T05:37:55.103" activeThreads="4">
  <mem-info id="4623" free="49283072" total="75497472" percent="65">
    <mem type="eden" free="1048512" total="1048576" percent="99" />
    <remembered-set count="24064" freebytes="3084800" totalbytes="3181056" percent="96" regionsoverflowed="0" regionsstable="0" regionsrebuilding="18"/>
  </mem-info>
</gc-end>
<cycle-end id="4624" type="partial gc" contextid="4616" timestamp="2019-07-07T05:37:55.103" />
  <attribute name="elasticGC enabled" value="1" />
  <attribute name= "numThreadsSpecified" value="4" />
  <attribute name="heapSize specified" value="0" />
  <attribute name="Current GC Util" value="32" />
  <attribute name= "Current Time Running" value="25898" />
  <attribute name ="GC Interval" value="0" />
  <attribute name="ProportionalT" value="6.000000" />
  <attribute name="ProportionalI" value="6.000000" />
  <attribute name="ProportionalH" value="6.000000" />
  <attribute name="Current Error" value="12.000000" />
  <attribute name="IntegralT" value="0.000000" />
  <attribute name="IntegralI" value="0.000000" />
  <attribute name="IntegralH" value="0.000000" />
  <attribute name="DerivativeT" value="-inf" />
  <attribute name="DerivativeI" value="-inf" />
  <attribute name="DerivativeH" value="-inf" />
  <attribute name="Loop Time for DT" value="0.000000" />
  <attribute name="Output H" value="2091843584"/>
  <attribute name="Output I" value="200"/>
  <attribute name="Output T" value="4"/>
  <attribute name="Target GC Util Change" value ="20.000000" />
  <attribute name="Current GC Util Change" value="32.000000"/>
  <attribute name="GC Util currently" value="32" />
  <attribute name="CPU Util currently" value="10953394945051" />
<exclusive-end id="4625" timestamp="2019-07-07T05:37:55.104" durationms="8.070" />

<exclusive-start id="4626" timestamp="2019-07-07T05:37:55.108" intervalms="12.421">
  <response-info timems="0.053" idlems="0.053" threads="0" lastid="000000000202A700" lastname="main" />
</exclusive-start>
<allocation-taxation id="4627" taxation-threshold="12582912" timestamp="2019-07-07T05:37:55.108" intervalms="12.473" />
<gc-start id="4628" type="global mark phase" contextid="4563" timestamp="2019-07-07T05:37:55.108">
  <mem-info id="4629" free="36700160" total="75497472" percent="48">
    <remembered-set count="23744" freebytes="3086080" totalbytes="3181056" percent="97" regionsoverflowed="0" regionsstable="0" regionsrebuilding="18"/>
  </mem-info>
</gc-start>
<gc-end id="4630" type="global mark phase" contextid="4563" durationms="0.092" usertimems="0.000" systemtimems="0.000" timestamp="2019-07-07T05:37:55.108" activeThreads="4">
  <mem-info id="4631" free="36700160" total="75497472" percent="48">
    <remembered-set count="23744" freebytes="3086080" totalbytes="3181056" percent="97" regionsoverflowed="0" regionsstable="0" regionsrebuilding="18"/>
  </mem-info>
</gc-end>
<concurrent-start id="4632" type="GMP work packet processing" contextid="4563" timestamp="2019-07-07T05:37:55.108">
  <concurrent-mark-start scanTarget="1330572" />
</concurrent-start>
<exclusive-end id="4633" timestamp="2019-07-07T05:37:55.108" durationms="0.586" />

<concurrent-end id="4634" type="GMP work packet processing" contextid="4563" timestamp="2019-07-07T05:37:55.110">
  <concurrent-mark-end bytesScanned="1385268" reasonForTermination="Work target met" />
</concurrent-end>

<exclusive-start id="4635" timestamp="2019-07-07T05:37:55.114" intervalms="5.668">
  <response-info timems="0.027" idlems="0.027" threads="0" lastid="000000000202A700" lastname="main" />
</exclusive-start>
<allocation-taxation id="4636" taxation-threshold="12582912" timestamp="2019-07-07T05:37:55.114" intervalms="5.650" />
<cycle-start id="4637" type="partial gc" contextid="0" timestamp="2019-07-07T05:37:55.114" intervalms="18.151" />
<gc-start id="4638" type="partial gc" contextid="4637" timestamp="2019-07-07T05:37:55.114">
  <mem-info id="4639" free="24117248" total="75497472" percent="31">
    <mem type="eden" free="1048512" total="26214400" percent="3" />
    <remembered-set count="35552" freebytes="3038848" totalbytes="3181056" percent="95" regionsoverflowed="0" regionsstable="0" regionsrebuilding="18"/>
  </mem-info>
</gc-start>
<allocation-stats totalBytes="25008072" >
  <allocated-bytes non-tlh="0" tlh="25008072" arrayletleaf="0"/>
  <largest-consumer threadName="main" threadId="000000000202A700" bytes="12504048" />
</allocation-stats>
<gc-op id="4640" type="copy forward" timems="2.792" contextid="4637" timestamp="2019-07-07T05:37:55.118">
  <memory-copied type="eden" objects="2" bytes="64" bytesdiscarded="0" />
  <memory-copied type="other" objects="0" bytes="0" bytesdiscarded="0" />
  <memory-cardclean objects="4093" bytes="176384" />
  <regions eden="24" other="1" />
  <remembered-set-cleared processed="32835" cleared="1631" durationms="0.401" />
  <stringconstants candidates="13269" cleared="0"  />
</gc-op>
<gc-op id="4641" type="classunload" timems="0.003" contextid="4637" timestamp="2019-07-07T05:37:55.118">
  <classunload-info classloadercandidates="53" classloadersunloaded="0" classesunloaded="0" anonymousclassesunloaded="0" quiescems="0.000" setupms="0.003" scanms="0.000" postms="0.000" />
</gc-op>
<heap-resize id="4642" type="contract" space="default" amount="4194304" count="1" timems="0.252" reason="excess free space following gc" timestamp="2019-07-07T05:37:55.119" />
<gc-end id="4643" type="partial gc" contextid="4637" durationms="4.795" usertimems="4.000" systemtimems="4.000" timestamp="2019-07-07T05:37:55.119" activeThreads="4">
  <mem-info id="4644" free="45088768" total="71303168" percent="63">
    <mem type="eden" free="1048512" total="1048576" percent="99" />
    <remembered-set count="35264" freebytes="2872576" totalbytes="3013632" percent="95" regionsoverflowed="0" regionsstable="0" regionsrebuilding="18"/>
  </mem-info>
</gc-end>
<cycle-end id="4645" type="partial gc" contextid="4637" timestamp="2019-07-07T05:37:55.119" />
  <attribute name="elasticGC enabled" value="1" />
  <attribute name= "numThreadsSpecified" value="4" />
  <attribute name="heapSize specified" value="0" />
  <attribute name="Current GC Util" value="123" />
  <attribute name= "Current Time Running" value="25917" />
  <attribute name ="GC Interval" value="0" />
  <attribute name="ProportionalT" value="51.500000" />
  <attribute name="ProportionalI" value="51.500000" />
  <attribute name="ProportionalH" value="51.500000" />
  <attribute name="Current Error" value="103.000000" />
  <attribute name="IntegralT" value="51.500000" />
  <attribute name="IntegralI" value="51.500000" />
  <attribute name="IntegralH" value="51.500000" />
  <attribute name="DerivativeT" value="36.000000" />
  <attribute name="DerivativeI" value="36.000000" />
  <attribute name="DerivativeH" value="36.000000" />
  <attribute name="Loop Time for DT" value="1.000000" />
  <attribute name="Output H" value="8388608"/>
  <attribute name="Output I" value="200"/>
  <attribute name="Output T" value="4"/>
  <attribute name="Target GC Util Change" value ="20.000000" />
  <attribute name="Current GC Util Change" value="123.000000"/>
  <attribute name="GC Util currently" value="123" />
  <attribute name="CPU Util currently" value="4749595213302" />
<exclusive-end id="4646" timestamp="2019-07-07T05:37:55.119" durationms="5.649" />

<exclusive-start id="4647" timestamp="2019-07-07T05:37:55.123" intervalms="9.690">
  <response-info timems="0.059" idlems="0.059" threads="0" lastid="000000000202A700" lastname="main" />
</exclusive-start>
<allocation-taxation id="4648" taxation-threshold="11534336" timestamp="2019-07-07T05:37:55.123" intervalms="9.664" />
<gc-start id="4649" type="global mark phase" contextid="4563" timestamp="2019-07-07T05:37:55.123">
  <mem-info id="4650" free="33554432" total="71303168" percent="47">
    <remembered-set count="34944" freebytes="2873856" totalbytes="3013632" percent="95" regionsoverflowed="0" regionsstable="0" regionsrebuilding="18"/>
  </mem-info>
</gc-start>
<gc-end id="4651" type="global mark phase" contextid="4563" durationms="0.120" usertimems="0.000" systemtimems="0.000" timestamp="2019-07-07T05:37:55.124" activeThreads="4">
  <mem-info id="4652" free="33554432" total="71303168" percent="47">
    <remembered-set count="34944" freebytes="2873856" totalbytes="3013632" percent="95" regionsoverflowed="0" regionsstable="0" regionsrebuilding="18"/>
  </mem-info>
</gc-end>
<concurrent-start id="4653" type="GMP work packet processing" contextid="4563" timestamp="2019-07-07T05:37:55.124">
  <concurrent-mark-start scanTarget="1330572" />
</concurrent-start>
<exclusive-end id="4654" timestamp="2019-07-07T05:37:55.124" durationms="0.619" />

<concurrent-end id="4655" type="GMP work packet processing" contextid="4563" timestamp="2019-07-07T05:37:55.125">
  <concurrent-mark-end bytesScanned="1375500" reasonForTermination="Work target met" />
</concurrent-end>

<exclusive-start id="4656" timestamp="2019-07-07T05:37:55.128" intervalms="5.206">
  <response-info timems="0.028" idlems="0.028" threads="0" lastid="000000000202A700" lastname="main" />
</exclusive-start>
<allocation-taxation id="4657" taxation-threshold="11534336" timestamp="2019-07-07T05:37:55.129" intervalms="5.206" />
<cycle-start id="4658" type="partial gc" contextid="0" timestamp="2019-07-07T05:37:55.129" intervalms="14.848" />
<gc-start id="4659" type="partial gc" contextid="4658" timestamp="2019-07-07T05:37:55.129">
  <mem-info id="4660" free="22020096" total="71303168" percent="30">
    <mem type="eden" free="1048512" total="24117248" percent="4" />
    <remembered-set count="44192" freebytes="2836864" totalbytes="3013632" percent="94" regionsoverflowed="0" regionsstable="0" regionsrebuilding="18"/>
  </mem-info>
</gc-start>
<allocation-stats totalBytes="22924080" >
  <allocated-bytes non-tlh="0" tlh="22924080" arrayletleaf="0"/>
  <largest-consumer threadName="main" threadId="000000000202A700" bytes="11462040" />
</allocation-stats>
<gc-op id="4661" type="copy forward" timems="2.134" contextid="4658" timestamp="2019-07-07T05:37:55.132">
  <memory-copied type="eden" objects="2" bytes="64" bytesdiscarded="0" />
  <memory-copied type="other" objects="0" bytes="0" bytesdiscarded="0" />
  <memory-cardclean objects="2296" bytes="210832" />
  <regions eden="22" other="1" />
  <remembered-set-cleared processed="41245" cleared="565" durationms="0.217" />
  <stringconstants candidates="13269" cleared="0"  />
</gc-op>
<gc-op id="4662" type="classunload" timems="0.004" contextid="4658" timestamp="2019-07-07T05:37:55.132">
  <classunload-info classloadercandidates="53" classloadersunloaded="0" classesunloaded="0" anonymousclassesunloaded="0" quiescems="0.000" setupms="0.003" scanms="0.000" postms="0.000" />
</gc-op>
<heap-resize id="4663" type="contract" space="default" amount="3145728" count="1" timems="0.200" reason="excess free space following gc" timestamp="2019-07-07T05:37:55.132" />
<gc-end id="4664" type="partial gc" contextid="4658" durationms="3.531" usertimems="8.000" systemtimems="0.000" timestamp="2019-07-07T05:37:55.132" activeThreads="4">
  <mem-info id="4665" free="41943040" total="68157440" percent="61">
    <mem type="eden" free="1048512" total="1048576" percent="99" />
    <remembered-set count="43968" freebytes="2670336" totalbytes="2846208" percent="93" regionsoverflowed="0" regionsstable="0" regionsrebuilding="18"/>
  </mem-info>
</gc-end>
<cycle-end id="4666" type="partial gc" contextid="4658" timestamp="2019-07-07T05:37:55.132" />
  <attribute name="elasticGC enabled" value="1" />
  <attribute name= "numThreadsSpecified" value="4" />
  <attribute name="heapSize specified" value="0" />
  <attribute name="Current GC Util" value="27" />
  <attribute name= "Current Time Running" value="25931" />
  <attribute name ="GC Interval" value="0" />
  <attribute name="ProportionalT" value="3.500000" />
  <attribute name="ProportionalI" value="3.500000" />
  <attribute name="ProportionalH" value="3.500000" />
  <attribute name="Current Error" value="7.000000" />
  <attribute name="IntegralT" value="0.000000" />
  <attribute name="IntegralI" value="0.000000" />
  <attribute name="IntegralH" value="0.000000" />
  <attribute name="DerivativeT" value="-inf" />
  <attribute name="DerivativeI" value="-inf" />
  <attribute name="DerivativeH" value="-inf" />
  <attribute name="Loop Time for DT" value="0.000000" />
  <attribute name="Output H" value="2091843584"/>
  <attribute name="Output I" value="200"/>
  <attribute name="Output T" value="4"/>
  <attribute name="Target GC Util Change" value ="20.000000" />
  <attribute name="Current GC Util Change" value="27.000000"/>
  <attribute name="GC Util currently" value="27" />
  <attribute name="CPU Util currently" value="11985409566990" />
<exclusive-end id="4667" timestamp="2019-07-07T05:37:55.133" durationms="4.289" />

<exclusive-start id="4668" timestamp="2019-07-07T05:37:55.137" intervalms="8.257">
  <response-info timems="0.055" idlems="0.055" threads="0" lastid="000000000202A700" lastname="main" />
</exclusive-start>
<allocation-taxation id="4669" taxation-threshold="11534336" timestamp="2019-07-07T05:37:55.137" intervalms="8.254" />
<gc-start id="4670" type="global mark phase" contextid="4563" timestamp="2019-07-07T05:37:55.137">
  <mem-info id="4671" free="30408704" total="68157440" percent="44">
    <remembered-set count="43616" freebytes="2671744" totalbytes="2846208" percent="93" regionsoverflowed="0" regionsstable="0" regionsrebuilding="18"/>
  </mem-info>
</gc-start>
<gc-end id="4672" type="global mark phase" contextid="4563" durationms="0.120" usertimems="0.000" systemtimems="0.000" timestamp="2019-07-07T05:37:55.137" activeThreads="4">
  <mem-info id="4673" free="30408704" total="68157440" percent="44">
    <remembered-set count="43616" freebytes="2671744" totalbytes="2846208" percent="93" regionsoverflowed="0" regionsstable="0" regionsrebuilding="18"/>
  </mem-info>
</gc-end>
<concurrent-start id="4674" type="GMP work packet processing" contextid="4563" timestamp="2019-07-07T05:37:55.137">
  <concurrent-mark-start scanTarget="1330572" />
</concurrent-start>
<exclusive-end id="4675" timestamp="2019-07-07T05:37:55.137" durationms="0.584" />

<concurrent-end id="4676" type="GMP work packet processing" contextid="4563" timestamp="2019-07-07T05:37:55.139">
  <concurrent-mark-end bytesScanned="1372908" reasonForTermination="Work target met" />
</concurrent-end>

<exclusive-start id="4677" timestamp="2019-07-07T05:37:55.142" intervalms="5.196">
  <response-info timems="0.026" idlems="0.026" threads="0" lastid="000000000202A700" lastname="main" />
</exclusive-start>
<allocation-taxation id="4678" taxation-threshold="11534336" timestamp="2019-07-07T05:37:55.142" intervalms="5.192" />
<cycle-start id="4679" type="partial gc" contextid="0" timestamp="2019-07-07T05:37:55.142" intervalms="13.443" />
<gc-start id="4680" type="partial gc" contextid="4679" timestamp="2019-07-07T05:37:55.142">
  <mem-info id="4681" free="18874368" total="68157440" percent="27">
    <mem type="eden" free="1048512" total="24117248" percent="4" />
    <remembered-set count="55520" freebytes="2624128" totalbytes="2846208" percent="92" regionsoverflowed="0" regionsstable="0" regionsrebuilding="18"/>
  </mem-info>
</gc-start>
<allocation-stats totalBytes="22924056" >
  <allocated-bytes non-tlh="0" tlh="22924056" arrayletleaf="0"/>
  <largest-consumer threadName="main" threadId="000000000202A700" bytes="11462040" />
</allocation-stats>
<gc-op id="4682" type="copy forward" timems="2.565" contextid="4679" timestamp="2019-07-07T05:37:55.146">
  <memory-copied type="eden" objects="2" bytes="64" bytesdiscarded="0" />
  <memory-copied type="other" objects="0" bytes="0" bytesdiscarded="0" />
  <memory-cardclean objects="28812" bytes="1125144" />
  <regions eden="22" other="1" />
  <remembered-set-cleared processed="47520" cleared="4284" durationms="0.293" />
  <stringconstants candidates="13269" cleared="0"  />
</gc-op>
<gc-op id="4683" type="classunload" timems="0.004" contextid="4679" timestamp="2019-07-07T05:37:55.146">
  <classunload-info classloadercandidates="53" classloadersunloaded="0" classesunloaded="0" anonymousclassesunloaded="0" quiescems="0.000" setupms="0.004" scanms="0.000" postms="0.000" />
</gc-op>
<gc-end id="4684" type="partial gc" contextid="4679" durationms="3.559" usertimems="8.000" systemtimems="0.000" timestamp="2019-07-07T05:37:55.146" activeThreads="4">
  <mem-info id="4685" free="41943040" total="68157440" percent="61">
    <mem type="eden" free="1048512" total="1048576" percent="99" />
    <remembered-set count="49472" freebytes="2522752" totalbytes="2720640" percent="92" regionsoverflowed="0" regionsstable="0" regionsrebuilding="18"/>
  </mem-info>
</gc-end>
<cycle-end id="4686" type="partial gc" contextid="4679" timestamp="2019-07-07T05:37:55.146" />
  <attribute name="elasticGC enabled" value="1" />
  <attribute name= "numThreadsSpecified" value="4" />
  <attribute name="heapSize specified" value="0" />
  <attribute name="Current GC Util" value="34" />
  <attribute name= "Current Time Running" value="25945" />
  <attribute name ="GC Interval" value="0" />
  <attribute name="ProportionalT" value="7.000000" />
  <attribute name="ProportionalI" value="7.000000" />
  <attribute name="ProportionalH" value="7.000000" />
  <attribute name="Current Error" value="14.000000" />
  <attribute name="IntegralT" value="7.000000" />
  <attribute name="IntegralI" value="7.000000" />
  <attribute name="IntegralH" value="7.000000" />
  <attribute name="DerivativeT" value="-52.000000" />
  <attribute name="DerivativeI" value="-52.000000" />
  <attribute name="DerivativeH" value="-52.000000" />
  <attribute name="Loop Time for DT" value="1.000000" />
  <attribute name="Output H" value="2091843584"/>
  <attribute name="Output I" value="200"/>
  <attribute name="Output T" value="4"/>
  <attribute name="Target GC Util Change" value ="20.000000" />
  <attribute name="Current GC Util Change" value="34.000000"/>
  <attribute name="GC Util currently" value="34" />
  <attribute name="CPU Util currently" value="12407578409204" />
<exclusive-end id="4687" timestamp="2019-07-07T05:37:55.146" durationms="4.238" />

<exclusive-start id="4688" timestamp="2019-07-07T05:37:55.150" intervalms="8.167">
  <response-info timems="0.062" idlems="0.062" threads="0" lastid="000000000202A700" lastname="main" />
</exclusive-start>
<allocation-taxation id="4689" taxation-threshold="11534336" timestamp="2019-07-07T05:37:55.150" intervalms="8.214" />
<gc-start id="4690" type="global mark phase" contextid="4563" timestamp="2019-07-07T05:37:55.150">
  <mem-info id="4691" free="30408704" total="68157440" percent="44">
    <remembered-set count="49056" freebytes="2524416" totalbytes="2720640" percent="92" regionsoverflowed="0" regionsstable="0" regionsrebuilding="18"/>
  </mem-info>
</gc-start>
<gc-end id="4692" type="global mark phase" contextid="4563" durationms="0.113" usertimems="0.000" systemtimems="0.000" timestamp="2019-07-07T05:37:55.150" activeThreads="4">
  <mem-info id="4693" free="30408704" total="68157440" percent="44">
    <remembered-set count="49056" freebytes="2524416" totalbytes="2720640" percent="92" regionsoverflowed="0" regionsstable="0" regionsrebuilding="18"/>
  </mem-info>
</gc-end>
<concurrent-start id="4694" type="GMP work packet processing" contextid="4563" timestamp="2019-07-07T05:37:55.151">
  <concurrent-mark-start scanTarget="1330572" />
</concurrent-start>
<exclusive-end id="4695" timestamp="2019-07-07T05:37:55.151" durationms="0.670" />

<concurrent-end id="4696" type="GMP work packet processing" contextid="4563" timestamp="2019-07-07T05:37:55.152">
  <concurrent-mark-end bytesScanned="1363140" reasonForTermination="Work target met" />
</concurrent-end>

<exclusive-start id="4697" timestamp="2019-07-07T05:37:55.155" intervalms="5.147">
  <response-info timems="0.025" idlems="0.025" threads="0" lastid="000000000202A700" lastname="main" />
</exclusive-start>
<allocation-taxation id="4698" taxation-threshold="11534336" timestamp="2019-07-07T05:37:55.155" intervalms="5.099" />
<cycle-start id="4699" type="partial gc" contextid="0" timestamp="2019-07-07T05:37:55.155" intervalms="13.314" />
<gc-start id="4700" type="partial gc" contextid="4699" timestamp="2019-07-07T05:37:55.156">
  <mem-info id="4701" free="18874368" total="68157440" percent="27">
    <mem type="eden" free="1048512" total="24117248" percent="4" />
    <remembered-set count="59808" freebytes="2481408" totalbytes="2720640" percent="91" regionsoverflowed="0" regionsstable="0" regionsrebuilding="18"/>
  </mem-info>
</gc-start>
<allocation-stats totalBytes="22924080" >
  <allocated-bytes non-tlh="0" tlh="22924080" arrayletleaf="0"/>
  <largest-consumer threadName="main" threadId="000000000202A700" bytes="11462040" />
</allocation-stats>
<gc-op id="4702" type="copy forward" timems="1.273" contextid="4699" timestamp="2019-07-07T05:37:55.157">
  <memory-copied type="eden" objects="2" bytes="64" bytesdiscarded="0" />
  <memory-copied type="other" objects="0" bytes="0" bytesdiscarded="0" />
  <memory-cardclean objects="8" bytes="344" />
  <regions eden="22" other="1" />
  <remembered-set-cleared processed="57773" cleared="6" durationms="0.401" />
  <stringconstants candidates="13269" cleared="0"  />
</gc-op>
<gc-op id="4703" type="classunload" timems="0.004" contextid="4699" timestamp="2019-07-07T05:37:55.157">
  <classunload-info classloadercandidates="53" classloadersunloaded="0" classesunloaded="0" anonymousclassesunloaded="0" quiescems="0.000" setupms="0.003" scanms="0.000" postms="0.000" />
</gc-op>
<gc-end id="4704" type="partial gc" contextid="4699" durationms="2.145" usertimems="4.000" systemtimems="0.000" timestamp="2019-07-07T05:37:55.158" activeThreads="1">
  <mem-info id="4705" free="41943040" total="68157440" percent="61">
    <mem type="eden" free="1048512" total="1048576" percent="99" />
    <remembered-set count="60288" freebytes="2479488" totalbytes="2720640" percent="91" regionsoverflowed="0" regionsstable="0" regionsrebuilding="18"/>
  </mem-info>
</gc-end>
<cycle-end id="4706" type="partial gc" contextid="4699" timestamp="2019-07-07T05:37:55.158" />
  <attribute name="elasticGC enabled" value="1" />
  <attribute name= "numThreadsSpecified" value="1" />
  <attribute name="heapSize specified" value="0" />
  <attribute name="Current GC Util" value="51" />
  <attribute name= "Current Time Running" value="25958" />
  <attribute name ="GC Interval" value="0" />
  <attribute name="ProportionalT" value="15.500000" />
  <attribute name="ProportionalI" value="15.500000" />
  <attribute name="ProportionalH" value="15.500000" />
  <attribute name="Current Error" value="31.000000" />
  <attribute name="IntegralT" value="0.000000" />
  <attribute name="IntegralI" value="0.000000" />
  <attribute name="IntegralH" value="0.000000" />
  <attribute name="DerivativeT" value="inf" />
  <attribute name="DerivativeI" value="inf" />
  <attribute name="DerivativeH" value="inf" />
  <attribute name="Loop Time for DT" value="0.000000" />
  <attribute name="Output H" value="8388608"/>
  <attribute name="Output I" value="200"/>
  <attribute name="Output T" value="1"/>
  <attribute name="Target GC Util Change" value ="20.000000" />
  <attribute name="Current GC Util Change" value="51.000000"/>
  <attribute name="GC Util currently" value="51" />
  <attribute name="CPU Util currently" value="24903129117578" />
<exclusive-end id="4707" timestamp="2019-07-07T05:37:55.158" durationms="2.894" />

<exclusive-start id="4708" timestamp="2019-07-07T05:37:55.162" intervalms="6.934">
  <response-info timems="0.066" idlems="0.066" threads="0" lastid="000000000202A700" lastname="main" />
</exclusive-start>
<allocation-taxation id="4709" taxation-threshold="11534336" timestamp="2019-07-07T05:37:55.162" intervalms="6.996" />
<gc-start id="4710" type="global mark phase" contextid="4563" timestamp="2019-07-07T05:37:55.162">
  <mem-info id="4711" free="30408704" total="68157440" percent="44">
    <remembered-set count="59840" freebytes="2481280" totalbytes="2720640" percent="91" regionsoverflowed="0" regionsstable="0" regionsrebuilding="18"/>
  </mem-info>
</gc-start>
<gc-end id="4712" type="global mark phase" contextid="4563" durationms="0.112" usertimems="0.000" systemtimems="0.000" timestamp="2019-07-07T05:37:55.163" activeThreads="1">
  <mem-info id="4713" free="30408704" total="68157440" percent="44">
    <remembered-set count="59840" freebytes="2481280" totalbytes="2720640" percent="91" regionsoverflowed="0" regionsstable="0" regionsrebuilding="18"/>
  </mem-info>
</gc-end>
<concurrent-start id="4714" type="GMP work packet processing" contextid="4563" timestamp="2019-07-07T05:37:55.163">
  <concurrent-mark-start scanTarget="1048576" />
</concurrent-start>
<exclusive-end id="4715" timestamp="2019-07-07T05:37:55.163" durationms="0.738" />

<concurrent-end id="4716" type="GMP work packet processing" contextid="4563" timestamp="2019-07-07T05:37:55.164">
  <concurrent-mark-end bytesScanned="1095112" reasonForTermination="Work target met" />
</concurrent-end>

<exclusive-start id="4717" timestamp="2019-07-07T05:37:55.167" intervalms="5.067">
  <response-info timems="0.026" idlems="0.026" threads="0" lastid="000000000202A700" lastname="main" />
</exclusive-start>
<allocation-taxation id="4718" taxation-threshold="11534336" timestamp="2019-07-07T05:37:55.167" intervalms="5.006" />
<cycle-start id="4719" type="partial gc" contextid="0" timestamp="2019-07-07T05:37:55.167" intervalms="11.999" />
<gc-start id="4720" type="partial gc" contextid="4719" timestamp="2019-07-07T05:37:55.168">
  <mem-info id="4721" free="18874368" total="68157440" percent="27">
    <mem type="eden" free="1048512" total="24117248" percent="4" />
    <remembered-set count="72864" freebytes="2429184" totalbytes="2720640" percent="89" regionsoverflowed="0" regionsstable="0" regionsrebuilding="18"/>
  </mem-info>
</gc-start>
<allocation-stats totalBytes="22924056" >
  <allocated-bytes non-tlh="0" tlh="22924056" arrayletleaf="0"/>
  <largest-consumer threadName="main" threadId="000000000202A700" bytes="11462016" />
</allocation-stats>
<gc-op id="4722" type="copy forward" timems="1.321" contextid="4719" timestamp="2019-07-07T05:37:55.169">
  <memory-copied type="eden" objects="2" bytes="64" bytesdiscarded="0" />
  <memory-copied type="other" objects="0" bytes="0" bytesdiscarded="0" />
  <memory-cardclean objects="8" bytes="344" />
  <regions eden="22" other="1" />
  <remembered-set-cleared processed="70952" cleared="7" durationms="0.451" />
  <stringconstants candidates="13269" cleared="0"  />
</gc-op>
<gc-op id="4723" type="classunload" timems="0.004" contextid="4719" timestamp="2019-07-07T05:37:55.170">
  <classunload-info classloadercandidates="53" classloadersunloaded="0" classesunloaded="0" anonymousclassesunloaded="0" quiescems="0.000" setupms="0.004" scanms="0.000" postms="0.000" />
</gc-op>
<gc-end id="4724" type="partial gc" contextid="4719" durationms="2.249" usertimems="0.000" systemtimems="0.000" timestamp="2019-07-07T05:37:55.170" activeThreads="1">
  <mem-info id="4725" free="41943040" total="68157440" percent="61">
    <mem type="eden" free="1048512" total="1048576" percent="99" />
    <remembered-set count="73312" freebytes="2427392" totalbytes="2720640" percent="89" regionsoverflowed="0" regionsstable="0" regionsrebuilding="18"/>
  </mem-info>
</gc-end>
<cycle-end id="4726" type="partial gc" contextid="4719" timestamp="2019-07-07T05:37:55.170" />
  <attribute name="elasticGC enabled" value="1" />
  <attribute name= "numThreadsSpecified" value="1" />
  <attribute name="heapSize specified" value="0" />
  <attribute name="Current GC Util" value="57" />
  <attribute name= "Current Time Running" value="25970" />
  <attribute name ="GC Interval" value="0" />
  <attribute name="ProportionalT" value="18.500000" />
  <attribute name="ProportionalI" value="18.500000" />
  <attribute name="ProportionalH" value="18.500000" />
  <attribute name="Current Error" value="37.000000" />
  <attribute name="IntegralT" value="0.000000" />
  <attribute name="IntegralI" value="0.000000" />
  <attribute name="IntegralH" value="0.000000" />
  <attribute name="DerivativeT" value="inf" />
  <attribute name="DerivativeI" value="inf" />
  <attribute name="DerivativeH" value="inf" />
  <attribute name="Loop Time for DT" value="0.000000" />
  <attribute name="Output H" value="8388608"/>
  <attribute name="Output I" value="200"/>
  <attribute name="Output T" value="1"/>
  <attribute name="Target GC Util Change" value ="20.000000" />
  <attribute name="Current GC Util Change" value="57.000000"/>
  <attribute name="GC Util currently" value="57" />
  <attribute name="CPU Util currently" value="21151320972184" />
<exclusive-end id="4727" timestamp="2019-07-07T05:37:55.170" durationms="3.025" />

<exclusive-start id="4728" timestamp="2019-07-07T05:37:55.174" intervalms="7.049">
  <response-info timems="0.029" idlems="0.029" threads="0" lastid="000000000202A700" lastname="main" />
</exclusive-start>
<allocation-taxation id="4729" taxation-threshold="11534336" timestamp="2019-07-07T05:37:55.174" intervalms="7.103" />
<gc-start id="4730" type="global mark phase" contextid="4563" timestamp="2019-07-07T05:37:55.175">
  <mem-info id="4731" free="30408704" total="68157440" percent="44">
    <remembered-set count="72864" freebytes="2429184" totalbytes="2720640" percent="89" regionsoverflowed="0" regionsstable="0" regionsrebuilding="18"/>
  </mem-info>
</gc-start>
<gc-end id="4732" type="global mark phase" contextid="4563" durationms="0.143" usertimems="0.000" systemtimems="0.000" timestamp="2019-07-07T05:37:55.175" activeThreads="1">
  <mem-info id="4733" free="30408704" total="68157440" percent="44">
    <remembered-set count="72864" freebytes="2429184" totalbytes="2720640" percent="89" regionsoverflowed="0" regionsstable="0" regionsrebuilding="18"/>
  </mem-info>
</gc-end>
<concurrent-start id="4734" type="GMP work packet processing" contextid="4563" timestamp="2019-07-07T05:37:55.175">
  <concurrent-mark-start scanTarget="1048576" />
</concurrent-start>
<exclusive-end id="4735" timestamp="2019-07-07T05:37:55.175" durationms="0.723" />

<concurrent-end id="4736" type="GMP work packet processing" contextid="4563" timestamp="2019-07-07T05:37:55.176">
  <concurrent-mark-end bytesScanned="1082040" reasonForTermination="Work target met" />
</concurrent-end>

<exclusive-start id="4737" timestamp="2019-07-07T05:37:55.179" intervalms="5.068">
  <response-info timems="0.026" idlems="0.026" threads="0" lastid="000000000202A700" lastname="main" />
</exclusive-start>
<allocation-taxation id="4738" taxation-threshold="11534336" timestamp="2019-07-07T05:37:55.179" intervalms="5.015" />
<cycle-start id="4739" type="partial gc" contextid="0" timestamp="2019-07-07T05:37:55.180" intervalms="12.117" />
<gc-start id="4740" type="partial gc" contextid="4739" timestamp="2019-07-07T05:37:55.180">
  <mem-info id="4741" free="18874368" total="68157440" percent="27">
    <mem type="eden" free="1048512" total="24117248" percent="4" />
    <remembered-set count="80704" freebytes="2397824" totalbytes="2720640" percent="88" regionsoverflowed="0" regionsstable="0" regionsrebuilding="18"/>
  </mem-info>
</gc-start>
<allocation-stats totalBytes="22924080" >
  <allocated-bytes non-tlh="0" tlh="22924080" arrayletleaf="0"/>
  <largest-consumer threadName="main" threadId="000000000202A700" bytes="11462040" />
</allocation-stats>
<gc-op id="4742" type="copy forward" timems="1.465" contextid="4739" timestamp="2019-07-07T05:37:55.182">
  <memory-copied type="eden" objects="2" bytes="64" bytesdiscarded="0" />
  <memory-copied type="other" objects="0" bytes="0" bytesdiscarded="0" />
  <memory-cardclean objects="8" bytes="344" />
  <regions eden="22" other="1" />
  <remembered-set-cleared processed="78179" cleared="7" durationms="0.481" />
  <stringconstants candidates="13269" cleared="0"  />
</gc-op>
<gc-op id="4743" type="classunload" timems="0.003" contextid="4739" timestamp="2019-07-07T05:37:55.182">
  <classunload-info classloadercandidates="53" classloadersunloaded="0" classesunloaded="0" anonymousclassesunloaded="0" quiescems="0.000" setupms="0.003" scanms="0.000" postms="0.000" />
</gc-op>
<gc-end id="4744" type="partial gc" contextid="4739" durationms="2.336" usertimems="4.000" systemtimems="0.000" timestamp="2019-07-07T05:37:55.182" activeThreads="1">
  <mem-info id="4745" free="41943040" total="68157440" percent="61">
    <mem type="eden" free="1048512" total="1048576" percent="99" />
    <remembered-set count="81152" freebytes="2396032" totalbytes="2720640" percent="88" regionsoverflowed="0" regionsstable="0" regionsrebuilding="18"/>
  </mem-info>
</gc-end>
<cycle-end id="4746" type="partial gc" contextid="4739" timestamp="2019-07-07T05:37:55.182" />
  <attribute name="elasticGC enabled" value="1" />
  <attribute name= "numThreadsSpecified" value="1" />
  <attribute name="heapSize specified" value="0" />
  <attribute name="Current GC Util" value="173" />
  <attribute name= "Current Time Running" value="25982" />
  <attribute name ="GC Interval" value="0" />
  <attribute name="ProportionalT" value="76.500000" />
  <attribute name="ProportionalI" value="76.500000" />
  <attribute name="ProportionalH" value="76.500000" />
  <attribute name="Current Error" value="153.000000" />
  <attribute name="IntegralT" value="0.000000" />
  <attribute name="IntegralI" value="0.000000" />
  <attribute name="IntegralH" value="0.000000" />
  <attribute name="DerivativeT" value="inf" />
  <attribute name="DerivativeI" value="inf" />
  <attribute name="DerivativeH" value="inf" />
  <attribute name="Loop Time for DT" value="0.000000" />
  <attribute name="Output H" value="8388608"/>
  <attribute name="Output I" value="200"/>
  <attribute name="Output T" value="1"/>
  <attribute name="Target GC Util Change" value ="20.000000" />
  <attribute name="Current GC Util Change" value="173.000000"/>
  <attribute name="GC Util currently" value="173" />
  <attribute name="CPU Util currently" value="14989066094882" />
<exclusive-end id="4747" timestamp="2019-07-07T05:37:55.182" durationms="2.964" />

<exclusive-start id="4748" timestamp="2019-07-07T05:37:55.186" intervalms="6.882">
  <response-info timems="0.059" idlems="0.059" threads="0" lastid="000000000202A700" lastname="main" />
</exclusive-start>
<allocation-taxation id="4749" taxation-threshold="11534336" timestamp="2019-07-07T05:37:55.186" intervalms="6.937" />
<gc-start id="4750" type="global mark phase" contextid="4563" timestamp="2019-07-07T05:37:55.186">
  <mem-info id="4751" free="30408704" total="68157440" percent="44">
    <remembered-set count="80704" freebytes="2397824" totalbytes="2720640" percent="88" regionsoverflowed="0" regionsstable="0" regionsrebuilding="18"/>
  </mem-info>
</gc-start>
<gc-end id="4752" type="global mark phase" contextid="4563" durationms="0.112" usertimems="0.000" systemtimems="0.000" timestamp="2019-07-07T05:37:55.187" activeThreads="1">
  <mem-info id="4753" free="30408704" total="68157440" percent="44">
    <remembered-set count="80704" freebytes="2397824" totalbytes="2720640" percent="88" regionsoverflowed="0" regionsstable="0" regionsrebuilding="18"/>
  </mem-info>
</gc-end>
<concurrent-start id="4754" type="GMP work packet processing" contextid="4563" timestamp="2019-07-07T05:37:55.187">
  <concurrent-mark-start scanTarget="1048576" />
</concurrent-start>
<exclusive-end id="4755" timestamp="2019-07-07T05:37:55.187" durationms="0.688" />

<concurrent-end id="4756" type="GMP work packet processing" contextid="4563" timestamp="2019-07-07T05:37:55.188">
  <concurrent-mark-end bytesScanned="1102444" reasonForTermination="Work target met" />
</concurrent-end>

<exclusive-start id="4757" timestamp="2019-07-07T05:37:55.191" intervalms="5.186">
  <response-info timems="0.026" idlems="0.026" threads="0" lastid="000000000202A700" lastname="main" />
</exclusive-start>
<allocation-taxation id="4758" taxation-threshold="11534336" timestamp="2019-07-07T05:37:55.191" intervalms="5.158" />
<cycle-start id="4759" type="partial gc" contextid="0" timestamp="2019-07-07T05:37:55.192" intervalms="12.097" />
<gc-start id="4760" type="partial gc" contextid="4759" timestamp="2019-07-07T05:37:55.192">
  <mem-info id="4761" free="18874368" total="68157440" percent="27">
    <mem type="eden" free="1048512" total="24117248" percent="4" />
    <remembered-set count="87392" freebytes="2371072" totalbytes="2720640" percent="87" regionsoverflowed="0" regionsstable="0" regionsrebuilding="18"/>
  </mem-info>
</gc-start>
<allocation-stats totalBytes="22924080" >
  <allocated-bytes non-tlh="0" tlh="22924080" arrayletleaf="0"/>
  <largest-consumer threadName="main" threadId="000000000202A700" bytes="11462040" />
</allocation-stats>
<gc-op id="4762" type="copy forward" timems="1.601" contextid="4759" timestamp="2019-07-07T05:37:55.194">
  <memory-copied type="eden" objects="2" bytes="64" bytesdiscarded="0" />
  <memory-copied type="other" objects="0" bytes="0" bytesdiscarded="0" />
  <memory-cardclean objects="8" bytes="344" />
  <regions eden="22" other="1" />
  <remembered-set-cleared processed="85297" cleared="7" durationms="0.518" />
  <stringconstants candidates="13269" cleared="0"  />
</gc-op>
<gc-op id="4763" type="classunload" timems="0.003" contextid="4759" timestamp="2019-07-07T05:37:55.194">
  <classunload-info classloadercandidates="53" classloadersunloaded="0" classesunloaded="0" anonymousclassesunloaded="0" quiescems="0.000" setupms="0.003" scanms="0.000" postms="0.000" />
</gc-op>
<gc-end id="4764" type="partial gc" contextid="4759" durationms="2.759" usertimems="4.000" systemtimems="0.000" timestamp="2019-07-07T05:37:55.195" activeThreads="1">
  <mem-info id="4765" free="41943040" total="68157440" percent="61">
    <mem type="eden" free="1048512" total="1048576" percent="99" />
    <remembered-set count="87840" freebytes="2369280" totalbytes="2720640" percent="87" regionsoverflowed="0" regionsstable="0" regionsrebuilding="18"/>
  </mem-info>
</gc-end>
<cycle-end id="4766" type="partial gc" contextid="4759" timestamp="2019-07-07T05:37:55.195" />
  <attribute name="elasticGC enabled" value="1" />
  <attribute name= "numThreadsSpecified" value="1" />
  <attribute name="heapSize specified" value="0" />
  <attribute name="Current GC Util" value="182" />
  <attribute name= "Current Time Running" value="25994" />
  <attribute name ="GC Interval" value="0" />
  <attribute name="ProportionalT" value="81.000000" />
  <attribute name="ProportionalI" value="81.000000" />
  <attribute name="ProportionalH" value="81.000000" />
  <attribute name="Current Error" value="162.000000" />
  <attribute name="IntegralT" value="0.000000" />
  <attribute name="IntegralI" value="0.000000" />
  <attribute name="IntegralH" value="0.000000" />
  <attribute name="DerivativeT" value="inf" />
  <attribute name="DerivativeI" value="inf" />
  <attribute name="DerivativeH" value="inf" />
  <attribute name="Loop Time for DT" value="0.000000" />
  <attribute name="Output H" value="8388608"/>
  <attribute name="Output I" value="200"/>
  <attribute name="Output T" value="1"/>
  <attribute name="Target GC Util Change" value ="20.000000" />
  <attribute name="Current GC Util Change" value="182.000000"/>
  <attribute name="GC Util currently" value="182" />
  <attribute name="CPU Util currently" value="11609523793906" />
<exclusive-end id="4767" timestamp="2019-07-07T05:37:55.195" durationms="3.504" />

<exclusive-start id="4768" timestamp="2019-07-07T05:37:55.199" intervalms="7.521">
  <response-info timems="0.057" idlems="0.057" threads="0" lastid="000000000202A700" lastname="main" />
</exclusive-start>
<allocation-taxation id="4769" taxation-threshold="11534336" timestamp="2019-07-07T05:37:55.199" intervalms="7.498" />
<gc-start id="4770" type="global mark phase" contextid="4563" timestamp="2019-07-07T05:37:55.199">
  <mem-info id="4771" free="30408704" total="68157440" percent="44">
    <remembered-set count="87392" freebytes="2371072" totalbytes="2720640" percent="87" regionsoverflowed="0" regionsstable="0" regionsrebuilding="18"/>
  </mem-info>
</gc-start>
<gc-end id="4772" type="global mark phase" contextid="4563" durationms="0.118" usertimems="0.000" systemtimems="0.000" timestamp="2019-07-07T05:37:55.199" activeThreads="1">
  <mem-info id="4773" free="30408704" total="68157440" percent="44">
    <remembered-set count="87392" freebytes="2371072" totalbytes="2720640" percent="87" regionsoverflowed="0" regionsstable="0" regionsrebuilding="18"/>
  </mem-info>
</gc-end>
<concurrent-start id="4774" type="GMP work packet processing" contextid="4563" timestamp="2019-07-07T05:37:55.199">
  <concurrent-mark-start scanTarget="1048576" />
</concurrent-start>
<exclusive-end id="4775" timestamp="2019-07-07T05:37:55.200" durationms="0.610" />

<concurrent-end id="4776" type="GMP work packet processing" contextid="4563" timestamp="2019-07-07T05:37:55.201">
  <concurrent-mark-end bytesScanned="733900" reasonForTermination="Completed all work in GC phase" />
</concurrent-end>

<exclusive-start id="4777" timestamp="2019-07-07T05:37:55.204" intervalms="5.013">
  <response-info timems="0.026" idlems="0.026" threads="0" lastid="000000000202A700" lastname="main" />
</exclusive-start>
<allocation-taxation id="4778" taxation-threshold="11534336" timestamp="2019-07-07T05:37:55.204" intervalms="5.017" />
<cycle-start id="4779" type="partial gc" contextid="0" timestamp="2019-07-07T05:37:55.204" intervalms="12.522" />
<gc-start id="4780" type="partial gc" contextid="4779" timestamp="2019-07-07T05:37:55.204">
  <mem-info id="4781" free="18874368" total="68157440" percent="27">
    <mem type="eden" free="1048512" total="24117248" percent="4" />
    <remembered-set count="93088" freebytes="2348288" totalbytes="2720640" percent="86" regionsoverflowed="0" regionsstable="0" regionsrebuilding="18"/>
  </mem-info>
</gc-start>
<allocation-stats totalBytes="22924056" >
  <allocated-bytes non-tlh="0" tlh="22924056" arrayletleaf="0"/>
  <largest-consumer threadName="main" threadId="000000000202A700" bytes="11462040" />
</allocation-stats>
<gc-op id="4782" type="copy forward" timems="3.198" contextid="4779" timestamp="2019-07-07T05:37:55.208">
  <memory-copied type="eden" objects="2" bytes="64" bytesdiscarded="0" />
  <memory-copied type="other" objects="0" bytes="0" bytesdiscarded="0" />
  <memory-cardclean objects="8" bytes="344" />
  <regions eden="22" other="1" />
  <remembered-set-cleared processed="90333" cleared="7" durationms="0.289" />
  <stringconstants candidates="13269" cleared="0"  />
</gc-op>
<gc-op id="4783" type="classunload" timems="0.003" contextid="4779" timestamp="2019-07-07T05:37:55.208">
  <classunload-info classloadercandidates="53" classloadersunloaded="0" classesunloaded="0" anonymousclassesunloaded="0" quiescems="0.000" setupms="0.003" scanms="0.000" postms="0.000" />
</gc-op>
<gc-end id="4784" type="partial gc" contextid="4779" durationms="4.322" usertimems="8.000" systemtimems="0.000" timestamp="2019-07-07T05:37:55.209" activeThreads="4">
  <mem-info id="4785" free="41943040" total="68157440" percent="61">
    <mem type="eden" free="1048512" total="1048576" percent="99" />
    <remembered-set count="92448" freebytes="2350848" totalbytes="2720640" percent="86" regionsoverflowed="0" regionsstable="0" regionsrebuilding="18"/>
  </mem-info>
</gc-end>
<cycle-end id="4786" type="partial gc" contextid="4779" timestamp="2019-07-07T05:37:55.209" />
  <attribute name="elasticGC enabled" value="1" />
  <attribute name= "numThreadsSpecified" value="4" />
  <attribute name="heapSize specified" value="0" />
  <attribute name="Current GC Util" value="175" />
  <attribute name= "Current Time Running" value="26007" />
  <attribute name ="GC Interval" value="0" />
  <attribute name="ProportionalT" value="77.500000" />
  <attribute name="ProportionalI" value="77.500000" />
  <attribute name="ProportionalH" value="77.500000" />
  <attribute name="Current Error" value="155.000000" />
  <attribute name="IntegralT" value="77.500000" />
  <attribute name="IntegralI" value="77.500000" />
  <attribute name="IntegralH" value="77.500000" />
  <attribute name="DerivativeT" value="111.000000" />
  <attribute name="DerivativeI" value="111.000000" />
  <attribute name="DerivativeH" value="111.000000" />
  <attribute name="Loop Time for DT" value="1.000000" />
  <attribute name="Output H" value="8388608"/>
  <attribute name="Output I" value="272"/>
  <attribute name="Output T" value="4"/>
  <attribute name="Target GC Util Change" value ="20.000000" />
  <attribute name="Current GC Util Change" value="175.000000"/>
  <attribute name="GC Util currently" value="175" />
  <attribute name="CPU Util currently" value="11080136961616" />
<exclusive-end id="4787" timestamp="2019-07-07T05:37:55.209" durationms="4.973" />

<exclusive-start id="4788" timestamp="2019-07-07T05:37:55.213" intervalms="8.944">
  <response-info timems="0.028" idlems="0.028" threads="0" lastid="000000000202A700" lastname="main" />
</exclusive-start>
<allocation-taxation id="4789" taxation-threshold="11534336" timestamp="2019-07-07T05:37:55.213" intervalms="8.994" />
<gc-start id="4790" type="global mark phase" contextid="4563" timestamp="2019-07-07T05:37:55.213">
  <mem-info id="4791" free="30408704" total="68157440" percent="44">
    <remembered-set count="92448" freebytes="2350848" totalbytes="2720640" percent="86" regionsoverflowed="0" regionsstable="0" regionsrebuilding="18"/>
  </mem-info>
</gc-start>
<gc-op id="4792" type="mark increment" timems="4.101" contextid="4563" timestamp="2019-07-07T05:37:55.217">
  <trace-info objectcount="2" scancount="2" scanbytes="229440" />
  <cardclean-info objects="93816" bytes="2817444" />
  <finalization candidates="80" enqueued="0" />
  <ownableSynchronizers candidates="22" cleared="0" />
  <references type="soft" candidates="1861" cleared="0" enqueued="0" dynamicThreshold="19" maxThreshold="32" />
  <references type="weak" candidates="5708" cleared="0" enqueued="0" />
  <references type="phantom" candidates="101" cleared="0" enqueued="0" />
  <stringconstants candidates="13269" cleared="0"  />
</gc-op>
<gc-op id="4793" type="classunload" timems="0.004" contextid="4563" timestamp="2019-07-07T05:37:55.218">
  <classunload-info classloadercandidates="53" classloadersunloaded="0" classesunloaded="0" anonymousclassesunloaded="0" quiescems="0.000" setupms="0.004" scanms="0.000" postms="0.000" />
</gc-op>
<gc-end id="4794" type="global mark phase" contextid="4563" durationms="4.610" usertimems="12.000" systemtimems="0.000" timestamp="2019-07-07T05:37:55.218" activeThreads="4">
  <mem-info id="4795" free="30408704" total="68157440" percent="44">
    <remembered-set count="106784" freebytes="2293504" totalbytes="2720640" percent="84" regionsoverflowed="0" regionsstable="0" regionsrebuilding="0"/>
  </mem-info>
</gc-end>
<cycle-end id="4796" type="global mark phase" contextid="4563" timestamp="2019-07-07T05:37:55.218" />
  <attribute name="elasticGC enabled" value="1" />
  <attribute name= "numThreadsSpecified" value="4" />
  <attribute name="heapSize specified" value="0" />
  <attribute name="Current GC Util" value="82" />
  <attribute name= "Current Time Running" value="26018" />
  <attribute name ="GC Interval" value="0" />
  <attribute name="ProportionalT" value="31.000000" />
  <attribute name="ProportionalI" value="31.000000" />
  <attribute name="ProportionalH" value="31.000000" />
  <attribute name="Current Error" value="62.000000" />
  <attribute name="IntegralT" value="0.000000" />
  <attribute name="IntegralI" value="0.000000" />
  <attribute name="IntegralH" value="0.000000" />
  <attribute name="DerivativeT" value="-inf" />
  <attribute name="DerivativeI" value="-inf" />
  <attribute name="DerivativeH" value="-inf" />
  <attribute name="Loop Time for DT" value="0.000000" />
  <attribute name="Output H" value="2091843584"/>
  <attribute name="Output I" value="200"/>
  <attribute name="Output T" value="4"/>
  <attribute name="Target GC Util Change" value ="20.000000" />
  <attribute name="Current GC Util Change" value="82.000000"/>
  <attribute name="GC Util currently" value="82" />
  <attribute name="CPU Util currently" value="12726526527375" />
<exclusive-end id="4797" timestamp="2019-07-07T05:37:55.218" durationms="5.358" />

<exclusive-start id="4798" timestamp="2019-07-07T05:37:55.222" intervalms="9.393">
  <response-info timems="0.055" idlems="0.055" threads="0" lastid="000000000202A700" lastname="main" />
</exclusive-start>
<allocation-taxation id="4799" taxation-threshold="11534336" timestamp="2019-07-07T05:37:55.222" intervalms="9.384" />
<cycle-start id="4800" type="partial gc" contextid="0" timestamp="2019-07-07T05:37:55.223" intervalms="18.432" />
<gc-start id="4801" type="partial gc" contextid="4800" timestamp="2019-07-07T05:37:55.223">
  <mem-info id="4802" free="18874368" total="68157440" percent="27">
    <mem type="eden" free="1048512" total="24117248" percent="4" />
    <remembered-set count="92448" freebytes="2350848" totalbytes="2720640" percent="86" regionsoverflowed="0" regionsstable="7" regionsrebuilding="0"/>
  </mem-info>
</gc-start>
<allocation-stats totalBytes="22924080" >
  <allocated-bytes non-tlh="0" tlh="22924080" arrayletleaf="0"/>
  <largest-consumer threadName="main" threadId="000000000202A700" bytes="11462040" />
</allocation-stats>
<gc-op id="4803" type="sweep" timems="0.565" contextid="4800" timestamp="2019-07-07T05:37:55.224" />
<gc-op id="4804" type="copy forward" timems="1.659" contextid="4800" timestamp="2019-07-07T05:37:55.226">
  <memory-copied type="eden" objects="2" bytes="64" bytesdiscarded="0" />
  <memory-copied type="other" objects="0" bytes="0" bytesdiscarded="0" />
  <memory-cardclean objects="8" bytes="344" />
  <regions eden="11" other="1" />
  <remembered-set-cleared processed="90429" cleared="13" durationms="0.330" />
  <stringconstants candidates="13269" cleared="0"  />
</gc-op>
<gc-op id="4805" type="classunload" timems="0.003" contextid="4800" timestamp="2019-07-07T05:37:55.226">
  <classunload-info classloadercandidates="53" classloadersunloaded="0" classesunloaded="0" anonymousclassesunloaded="0" quiescems="0.000" setupms="0.003" scanms="0.000" postms="0.000" />
</gc-op>
<gc-end id="4806" type="partial gc" contextid="4800" durationms="3.337" usertimems="4.000" systemtimems="0.000" timestamp="2019-07-07T05:37:55.226" activeThreads="4">
  <mem-info id="4807" free="41943040" total="68157440" percent="61">
    <mem type="eden" free="1048512" total="1048576" percent="99" />
    <remembered-set count="92128" freebytes="2352128" totalbytes="2720640" percent="86" regionsoverflowed="0" regionsstable="7" regionsrebuilding="0"/>
  </mem-info>
</gc-end>
<cycle-end id="4808" type="partial gc" contextid="4800" timestamp="2019-07-07T05:37:55.226" />
  <attribute name="elasticGC enabled" value="1" />
  <attribute name= "numThreadsSpecified" value="4" />
  <attribute name="heapSize specified" value="0" />
  <attribute name="Current GC Util" value="67" />
  <attribute name= "Current Time Running" value="26026" />
  <attribute name ="GC Interval" value="0" />
  <attribute name="ProportionalT" value="23.500000" />
  <attribute name="ProportionalI" value="23.500000" />
  <attribute name="ProportionalH" value="23.500000" />
  <attribute name="Current Error" value="47.000000" />
  <attribute name="IntegralT" value="0.000000" />
  <attribute name="IntegralI" value="0.000000" />
  <attribute name="IntegralH" value="0.000000" />
  <attribute name="DerivativeT" value="-inf" />
  <attribute name="DerivativeI" value="-inf" />
  <attribute name="DerivativeH" value="-inf" />
  <attribute name="Loop Time for DT" value="0.000000" />
  <attribute name="Output H" value="2091843584"/>
  <attribute name="Output I" value="200"/>
  <attribute name="Output T" value="4"/>
  <attribute name="Target GC Util Change" value ="20.000000" />
  <attribute name="Current GC Util Change" value="67.000000"/>
  <attribute name="GC Util currently" value="67" />
  <attribute name="CPU Util currently" value="33649414922887" />
<exclusive-end id="4809" timestamp="2019-07-07T05:37:55.227" durationms="4.268" />

<exclusive-start id="4810" timestamp="2019-07-07T05:37:55.235" intervalms="12.471">
  <response-info timems="0.068" idlems="0.068" threads="0" lastid="000000000202A700" lastname="main" />
</exclusive-start>
<allocation-taxation id="4811" taxation-threshold="24117248" timestamp="2019-07-07T05:37:55.235" intervalms="12.487" />
<cycle-start id="4812" type="partial gc" contextid="0" timestamp="2019-07-07T05:37:55.235" intervalms="12.540" />
<gc-start id="4813" type="partial gc" contextid="4812" timestamp="2019-07-07T05:37:55.235">
  <mem-info id="4814" free="17825792" total="68157440" percent="26">
    <mem type="eden" free="1048512" total="25165824" percent="4" />
    <remembered-set count="92128" freebytes="2352128" totalbytes="2720640" percent="86" regionsoverflowed="0" regionsstable="7" regionsrebuilding="0"/>
  </mem-info>
</gc-start>
<allocation-stats totalBytes="23966064" >
  <allocated-bytes non-tlh="0" tlh="23966064" arrayletleaf="0"/>
  <largest-consumer threadName="main" threadId="000000000202A700" bytes="23966064" />
</allocation-stats>
<gc-op id="4815" type="copy forward" timems="8.985" contextid="4812" timestamp="2019-07-07T05:37:55.245">
  <memory-copied type="eden" objects="2" bytes="64" bytesdiscarded="0" />
  <memory-copied type="other" objects="23477" bytes="1045800" bytesdiscarded="0" />
  <memory-cardclean objects="89549" bytes="2391552" />
  <regions eden="23" other="8" />
  <remembered-set-cleared processed="75979" cleared="12206" durationms="0.649" />
  <finalization candidates="13" enqueued="0" />
  <references type="soft" candidates="58" cleared="0" enqueued="0" dynamicThreshold="19" maxThreshold="32" />
  <references type="weak" candidates="414" cleared="0" enqueued="0" />
  <references type="phantom" candidates="76" cleared="0" enqueued="0" />
  <stringconstants candidates="13269" cleared="0"  />
</gc-op>
<gc-op id="4816" type="classunload" timems="0.004" contextid="4812" timestamp="2019-07-07T05:37:55.245">
  <classunload-info classloadercandidates="53" classloadersunloaded="0" classesunloaded="0" anonymousclassesunloaded="0" quiescems="0.000" setupms="0.004" scanms="0.000" postms="0.000" />
</gc-op>
<heap-resize id="4817" type="contract" space="default" amount="4194304" count="1" timems="0.213" reason="excess free space following gc" timestamp="2019-07-07T05:37:55.246" />
<gc-end id="4818" type="partial gc" contextid="4812" durationms="10.690" usertimems="12.000" systemtimems="0.000" timestamp="2019-07-07T05:37:55.246" activeThreads="1">
  <mem-info id="4819" free="42991616" total="63963136" percent="67">
    <mem type="eden" free="1048512" total="1048576" percent="99" />
    <remembered-set count="79808" freebytes="2401408" totalbytes="2720640" percent="88" regionsoverflowed="0" regionsstable="7" regionsrebuilding="0"/>
  </mem-info>
</gc-end>
<cycle-end id="4820" type="partial gc" contextid="4812" timestamp="2019-07-07T05:37:55.246" />
  <attribute name="elasticGC enabled" value="1" />
  <attribute name= "numThreadsSpecified" value="1" />
  <attribute name="heapSize specified" value="0" />
  <attribute name="Current GC Util" value="113" />
  <attribute name= "Current Time Running" value="26038" />
  <attribute name ="GC Interval" value="0" />
  <attribute name="ProportionalT" value="46.500000" />
  <attribute name="ProportionalI" value="46.500000" />
  <attribute name="ProportionalH" value="46.500000" />
  <attribute name="Current Error" value="93.000000" />
  <attribute name="IntegralT" value="0.000000" />
  <attribute name="IntegralI" value="0.000000" />
  <attribute name="IntegralH" value="0.000000" />
  <attribute name="DerivativeT" value="inf" />
  <attribute name="DerivativeI" value="inf" />
  <attribute name="DerivativeH" value="inf" />
  <attribute name="Loop Time for DT" value="0.000000" />
  <attribute name="Output H" value="8388608"/>
  <attribute name="Output I" value="200"/>
  <attribute name="Output T" value="1"/>
  <attribute name="Target GC Util Change" value ="20.000000" />
  <attribute name="Current GC Util Change" value="113.000000"/>
  <attribute name="GC Util currently" value="113" />
  <attribute name="CPU Util currently" value="10464385231026" />
<exclusive-end id="4821" timestamp="2019-07-07T05:37:55.246" durationms="11.725" />

<exclusive-start id="4822" timestamp="2019-07-07T05:37:55.266" intervalms="31.503">
  <response-info timems="0.070" idlems="0.070" threads="0" lastid="000000000202A700" lastname="main" />
</exclusive-start>
<allocation-taxation id="4823" taxation-threshold="11534336" timestamp="2019-07-07T05:37:55.266" intervalms="31.498" />
<cycle-start id="4824" type="global mark phase" contextid="0" timestamp="2019-07-07T05:37:55.267" intervalms="211.710" />
<gc-start id="4825" type="global mark phase" contextid="4824" timestamp="2019-07-07T05:37:55.267">
  <mem-info id="4826" free="31457280" total="63963136" percent="49">
    <remembered-set count="79488" freebytes="2402688" totalbytes="2720640" percent="88" regionsoverflowed="0" regionsstable="7" regionsrebuilding="0"/>
  </mem-info>
</gc-start>
<gc-op id="4827" type="mark increment" timems="0.867" contextid="4824" timestamp="2019-07-07T05:37:55.268">
  <trace-info objectcount="182" scancount="0" scanbytes="0" />
</gc-op>
<gc-end id="4828" type="global mark phase" contextid="4824" durationms="1.228" usertimems="0.000" systemtimems="0.000" timestamp="2019-07-07T05:37:55.268" activeThreads="1">
  <mem-info id="4829" free="31457280" total="63963136" percent="49">
    <remembered-set count="79488" freebytes="2402688" totalbytes="2720640" percent="88" regionsoverflowed="0" regionsstable="0" regionsrebuilding="7"/>
  </mem-info>
</gc-end>
<concurrent-start id="4830" type="GMP work packet processing" contextid="4824" timestamp="2019-07-07T05:37:55.268">
  <concurrent-mark-start scanTarget="1048576" />
</concurrent-start>
<exclusive-end id="4831" timestamp="2019-07-07T05:37:55.268" durationms="2.176" />

<concurrent-end id="4832" type="GMP work packet processing" contextid="4824" timestamp="2019-07-07T05:37:55.271">
  <concurrent-mark-end bytesScanned="1130132" reasonForTermination="Work target met" />
</concurrent-end>

<exclusive-start id="4833" timestamp="2019-07-07T05:37:55.290" intervalms="23.757">
  <response-info timems="0.087" idlems="0.087" threads="0" lastid="000000000202A700" lastname="main" />
</exclusive-start>
<allocation-taxation id="4834" taxation-threshold="11534336" timestamp="2019-07-07T05:37:55.290" intervalms="23.773" />
<cycle-start id="4835" type="partial gc" contextid="0" timestamp="2019-07-07T05:37:55.290" intervalms="55.262" />
<gc-start id="4836" type="partial gc" contextid="4835" timestamp="2019-07-07T05:37:55.291">
  <mem-info id="4837" free="19922944" total="63963136" percent="31">
    <mem type="eden" free="1048512" total="24117248" percent="4" />
    <remembered-set count="81568" freebytes="2394368" totalbytes="2720640" percent="88" regionsoverflowed="0" regionsstable="0" regionsrebuilding="7"/>
  </mem-info>
</gc-start>
<allocation-stats totalBytes="23062352" >
  <allocated-bytes non-tlh="0" tlh="23062352" arrayletleaf="0"/>
  <largest-consumer threadName="main" threadId="000000000202A700" bytes="11532632" />
</allocation-stats>
<gc-op id="4838" type="copy forward" timems="6.734" contextid="4835" timestamp="2019-07-07T05:37:55.299">
  <memory-copied type="eden" objects="155" bytes="5112" bytesdiscarded="1608" />
  <memory-copied type="other" objects="0" bytes="0" bytesdiscarded="0" />
  <memory-cardclean objects="154972" bytes="4790832" />
  <regions eden="22" other="1" />
  <remembered-set-cleared processed="49917" cleared="13590" durationms="0.394" />
  <stringconstants candidates="13269" cleared="0"  />
</gc-op>
<gc-op id="4839" type="classunload" timems="0.005" contextid="4835" timestamp="2019-07-07T05:37:55.299">
  <classunload-info classloadercandidates="53" classloadersunloaded="0" classesunloaded="0" anonymousclassesunloaded="0" quiescems="0.000" setupms="0.005" scanms="0.000" postms="0.000" />
</gc-op>
<heap-resize id="4840" type="contract" space="default" amount="4194304" count="1" timems="0.315" reason="excess free space following gc" timestamp="2019-07-07T05:37:55.299" />
<gc-end id="4841" type="partial gc" contextid="4835" durationms="8.845" usertimems="20.000" systemtimems="0.000" timestamp="2019-07-07T05:37:55.299" activeThreads="4">
  <mem-info id="4842" free="38797312" total="59768832" percent="64">
    <mem type="eden" free="1041856" total="1048576" percent="99" />
    <remembered-set count="60960" freebytes="2309376" totalbytes="2553216" percent="90" regionsoverflowed="0" regionsstable="0" regionsrebuilding="7"/>
  </mem-info>
</gc-end>
<cycle-end id="4843" type="partial gc" contextid="4835" timestamp="2019-07-07T05:37:55.300" />
  <attribute name="elasticGC enabled" value="1" />
  <attribute name= "numThreadsSpecified" value="4" />
  <attribute name="heapSize specified" value="0" />
  <attribute name="Current GC Util" value="103" />
  <attribute name= "Current Time Running" value="26094" />
  <attribute name ="GC Interval" value="0" />
  <attribute name="ProportionalT" value="41.500000" />
  <attribute name="ProportionalI" value="41.500000" />
  <attribute name="ProportionalH" value="41.500000" />
  <attribute name="Current Error" value="83.000000" />
  <attribute name="IntegralT" value="41.500000" />
  <attribute name="IntegralI" value="41.500000" />
  <attribute name="IntegralH" value="41.500000" />
  <attribute name="DerivativeT" value="78.000000" />
  <attribute name="DerivativeI" value="78.000000" />
  <attribute name="DerivativeH" value="78.000000" />
  <attribute name="Loop Time for DT" value="1.000000" />
  <attribute name="Output H" value="8388608"/>
  <attribute name="Output I" value="200"/>
  <attribute name="Output T" value="4"/>
  <attribute name="Target GC Util Change" value ="20.000000" />
  <attribute name="Current GC Util Change" value="103.000000"/>
  <attribute name="GC Util currently" value="103" />
  <attribute name="CPU Util currently" value="6513137978625" />
<exclusive-end id="4844" timestamp="2019-07-07T05:37:55.300" durationms="9.974" />

<exclusive-start id="4845" timestamp="2019-07-07T05:37:55.320" intervalms="29.594">
  <response-info timems="0.054" idlems="0.054" threads="0" lastid="000000000202A700" lastname="main" />
</exclusive-start>
<allocation-taxation id="4846" taxation-threshold="10485760" timestamp="2019-07-07T05:37:55.320" intervalms="29.555" />
<gc-start id="4847" type="global mark phase" contextid="4824" timestamp="2019-07-07T05:37:55.320">
  <mem-info id="4848" free="28311552" total="59768832" percent="47">
    <remembered-set count="60512" freebytes="2311168" totalbytes="2553216" percent="90" regionsoverflowed="0" regionsstable="0" regionsrebuilding="7"/>
  </mem-info>
</gc-start>
<gc-end id="4849" type="global mark phase" contextid="4824" durationms="0.132" usertimems="0.000" systemtimems="0.000" timestamp="2019-07-07T05:37:55.320" activeThreads="4">
  <mem-info id="4850" free="28311552" total="59768832" percent="47">
    <remembered-set count="60512" freebytes="2311168" totalbytes="2553216" percent="90" regionsoverflowed="0" regionsstable="0" regionsrebuilding="7"/>
  </mem-info>
</gc-end>
<concurrent-start id="4851" type="GMP work packet processing" contextid="4824" timestamp="2019-07-07T05:37:55.320">
  <concurrent-mark-start scanTarget="1255992" />
</concurrent-start>
<exclusive-end id="4852" timestamp="2019-07-07T05:37:55.320" durationms="0.734" />

<concurrent-end id="4853" type="GMP work packet processing" contextid="4824" timestamp="2019-07-07T05:37:55.322">
  <concurrent-mark-end bytesScanned="1334812" reasonForTermination="Work target met" />
</concurrent-end>

<exclusive-start id="4854" timestamp="2019-07-07T05:37:55.340" intervalms="20.278">
  <response-info timems="0.057" idlems="0.057" threads="0" lastid="000000000202A700" lastname="main" />
</exclusive-start>
<allocation-taxation id="4855" taxation-threshold="10485760" timestamp="2019-07-07T05:37:55.340" intervalms="20.287" />
<cycle-start id="4856" type="partial gc" contextid="0" timestamp="2019-07-07T05:37:55.340" intervalms="49.827" />
<gc-start id="4857" type="partial gc" contextid="4856" timestamp="2019-07-07T05:37:55.340">
  <mem-info id="4858" free="17825792" total="59768832" percent="29">
    <mem type="eden" free="0" total="20971520" percent="0" />
    <remembered-set count="62560" freebytes="2302976" totalbytes="2553216" percent="90" regionsoverflowed="0" regionsstable="0" regionsrebuilding="7"/>
  </mem-info>
</gc-start>
<allocation-stats totalBytes="20968208" >
  <allocated-bytes non-tlh="0" tlh="20968208" arrayletleaf="0"/>
  <largest-consumer threadName="main" threadId="000000000202A700" bytes="10484288" />
</allocation-stats>
<gc-op id="4859" type="copy forward" timems="7.437" contextid="4856" timestamp="2019-07-07T05:37:55.349">
  <memory-copied type="eden" objects="245" bytes="8016" bytesdiscarded="0" />
  <memory-copied type="other" objects="7" bytes="168" bytesdiscarded="0" />
  <memory-cardclean objects="117835" bytes="3940304" />
  <regions eden="20" other="1" />
  <remembered-set-cleared processed="37068" cleared="10871" durationms="0.437" />
  <references type="weak" candidates="37" cleared="0" enqueued="0" />
  <stringconstants candidates="13269" cleared="0"  />
</gc-op>
<gc-op id="4860" type="classunload" timems="0.004" contextid="4856" timestamp="2019-07-07T05:37:55.349">
  <classunload-info classloadercandidates="53" classloadersunloaded="0" classesunloaded="0" anonymousclassesunloaded="0" quiescems="0.000" setupms="0.004" scanms="0.000" postms="0.000" />
</gc-op>
<heap-resize id="4861" type="contract" space="default" amount="3145728" count="1" timems="0.237" reason="excess free space following gc" timestamp="2019-07-07T05:37:55.349" />
<gc-end id="4862" type="partial gc" contextid="4856" durationms="9.269" usertimems="8.000" systemtimems="4.000" timestamp="2019-07-07T05:37:55.350" activeThreads="1">
  <mem-info id="4863" free="34603008" total="56623104" percent="61">
    <mem type="eden" free="1040512" total="1048576" percent="99" />
    <remembered-set count="44128" freebytes="2209280" totalbytes="2385792" percent="92" regionsoverflowed="0" regionsstable="0" regionsrebuilding="7"/>
  </mem-info>
</gc-end>
<cycle-end id="4864" type="partial gc" contextid="4856" timestamp="2019-07-07T05:37:55.350" />
  <attribute name="elasticGC enabled" value="1" />
  <attribute name= "numThreadsSpecified" value="1" />
  <attribute name="heapSize specified" value="0" />
  <attribute name="Current GC Util" value="103" />
  <attribute name= "Current Time Running" value="26143" />
  <attribute name ="GC Interval" value="0" />
  <attribute name="ProportionalT" value="41.500000" />
  <attribute name="ProportionalI" value="41.500000" />
  <attribute name="ProportionalH" value="41.500000" />
  <attribute name="Current Error" value="83.000000" />
  <attribute name="IntegralT" value="0.000000" />
  <attribute name="IntegralI" value="0.000000" />
  <attribute name="IntegralH" value="0.000000" />
  <attribute name="DerivativeT" value="inf" />
  <attribute name="DerivativeI" value="inf" />
  <attribute name="DerivativeH" value="inf" />
  <attribute name="Loop Time for DT" value="0.000000" />
  <attribute name="Output H" value="8388608"/>
  <attribute name="Output I" value="200"/>
  <attribute name="Output T" value="1"/>
  <attribute name="Target GC Util Change" value ="20.000000" />
  <attribute name="Current GC Util Change" value="103.000000"/>
  <attribute name="GC Util currently" value="103" />
  <attribute name="CPU Util currently" value="7559682385514" />
<exclusive-end id="4865" timestamp="2019-07-07T05:37:55.350" durationms="10.271" />

<exclusive-start id="4866" timestamp="2019-07-07T05:37:55.366" intervalms="25.655">
  <response-info timems="0.068" idlems="0.068" threads="0" lastid="000000000202A700" lastname="main" />
</exclusive-start>
<allocation-taxation id="4867" taxation-threshold="10485760" timestamp="2019-07-07T05:37:55.366" intervalms="25.676" />
<gc-start id="4868" type="global mark phase" contextid="4824" timestamp="2019-07-07T05:37:55.366">
  <mem-info id="4869" free="24117248" total="56623104" percent="42">
    <remembered-set count="43648" freebytes="2211200" totalbytes="2385792" percent="92" regionsoverflowed="0" regionsstable="0" regionsrebuilding="7"/>
  </mem-info>
</gc-start>
<gc-end id="4870" type="global mark phase" contextid="4824" durationms="0.133" usertimems="0.000" systemtimems="0.000" timestamp="2019-07-07T05:37:55.366" activeThreads="1">
  <mem-info id="4871" free="24117248" total="56623104" percent="42">
    <remembered-set count="43648" freebytes="2211200" totalbytes="2385792" percent="92" regionsoverflowed="0" regionsstable="0" regionsrebuilding="7"/>
  </mem-info>
</gc-end>
<concurrent-start id="4872" type="GMP work packet processing" contextid="4824" timestamp="2019-07-07T05:37:55.366">
  <concurrent-mark-start scanTarget="1569991" />
</concurrent-start>
<exclusive-end id="4873" timestamp="2019-07-07T05:37:55.366" durationms="0.816" />

<concurrent-end id="4874" type="GMP work packet processing" contextid="4824" timestamp="2019-07-07T05:37:55.368">
  <concurrent-mark-end bytesScanned="1596164" reasonForTermination="Work target met" />
</concurrent-end>

<exclusive-start id="4875" timestamp="2019-07-07T05:37:55.382" intervalms="16.158">
  <response-info timems="0.069" idlems="0.069" threads="0" lastid="000000000202A700" lastname="main" />
</exclusive-start>
<allocation-taxation id="4876" taxation-threshold="10485760" timestamp="2019-07-07T05:37:55.382" intervalms="16.110" />
<cycle-start id="4877" type="partial gc" contextid="0" timestamp="2019-07-07T05:37:55.382" intervalms="41.764" />
<gc-start id="4878" type="partial gc" contextid="4877" timestamp="2019-07-07T05:37:55.382">
  <mem-info id="4879" free="13631488" total="56623104" percent="24">
    <mem type="eden" free="0" total="20971520" percent="0" />
    <remembered-set count="45184" freebytes="2205056" totalbytes="2385792" percent="92" regionsoverflowed="0" regionsstable="0" regionsrebuilding="7"/>
  </mem-info>
</gc-start>
<allocation-stats totalBytes="20968888" >
  <allocated-bytes non-tlh="0" tlh="20968888" arrayletleaf="0"/>
  <largest-consumer threadName="main" threadId="000000000202A700" bytes="10484568" />
</allocation-stats>
<gc-op id="4880" type="copy forward" timems="4.939" contextid="4877" timestamp="2019-07-07T05:37:55.388">
  <memory-copied type="eden" objects="128" bytes="3944" bytesdiscarded="0" />
  <memory-copied type="other" objects="113" bytes="3976" bytesdiscarded="512" />
  <memory-cardclean objects="68940" bytes="2465048" />
  <regions eden="20" other="1" />
  <remembered-set-cleared processed="35018" cleared="8131" durationms="0.253" />
  <references type="weak" candidates="37" cleared="0" enqueued="0" />
  <stringconstants candidates="13269" cleared="0"  />
</gc-op>
<gc-op id="4881" type="classunload" timems="0.004" contextid="4877" timestamp="2019-07-07T05:37:55.388">
  <classunload-info classloadercandidates="53" classloadersunloaded="0" classesunloaded="0" anonymousclassesunloaded="0" quiescems="0.000" setupms="0.004" scanms="0.000" postms="0.000" />
</gc-op>
<heap-resize id="4882" type="expand" space="default" amount="1048576" count="1" timems="0.044" reason="excessive time being spent in gc" timestamp="2019-07-07T05:37:55.388" />
<gc-end id="4883" type="partial gc" contextid="4877" durationms="6.475" usertimems="16.000" systemtimems="0.000" timestamp="2019-07-07T05:37:55.389" activeThreads="4">
  <mem-info id="4884" free="34603008" total="57671680" percent="60">
    <mem type="eden" free="1044632" total="1048576" percent="99" />
    <remembered-set count="41344" freebytes="2136704" totalbytes="2302080" percent="92" regionsoverflowed="0" regionsstable="0" regionsrebuilding="7"/>
  </mem-info>
</gc-end>
<cycle-end id="4885" type="partial gc" contextid="4877" timestamp="2019-07-07T05:37:55.389" />
  <attribute name="elasticGC enabled" value="1" />
  <attribute name= "numThreadsSpecified" value="4" />
  <attribute name="heapSize specified" value="0" />
  <attribute name="Current GC Util" value="112" />
  <attribute name= "Current Time Running" value="26185" />
  <attribute name ="GC Interval" value="0" />
  <attribute name="ProportionalT" value="46.000000" />
  <attribute name="ProportionalI" value="46.000000" />
  <attribute name="ProportionalH" value="46.000000" />
  <attribute name="Current Error" value="92.000000" />
  <attribute name="IntegralT" value="46.000000" />
  <attribute name="IntegralI" value="46.000000" />
  <attribute name="IntegralH" value="46.000000" />
  <attribute name="DerivativeT" value="85.000000" />
  <attribute name="DerivativeI" value="85.000000" />
  <attribute name="DerivativeH" value="85.000000" />
  <attribute name="Loop Time for DT" value="1.000000" />
  <attribute name="Output H" value="8388608"/>
  <attribute name="Output I" value="200"/>
  <attribute name="Output T" value="4"/>
  <attribute name="Target GC Util Change" value ="20.000000" />
  <attribute name="Current GC Util Change" value="112.000000"/>
  <attribute name="GC Util currently" value="112" />
  <attribute name="CPU Util currently" value="8251494411825" />
<exclusive-end id="4886" timestamp="2019-07-07T05:37:55.389" durationms="7.387" />

<exclusive-start id="4887" timestamp="2019-07-07T05:37:55.404" intervalms="22.738">
  <response-info timems="0.068" idlems="0.068" threads="0" lastid="000000000202A700" lastname="main" />
</exclusive-start>
<allocation-taxation id="4888" taxation-threshold="10485760" timestamp="2019-07-07T05:37:55.405" intervalms="22.782" />
<gc-start id="4889" type="global mark phase" contextid="4824" timestamp="2019-07-07T05:37:55.405">
  <mem-info id="4890" free="24117248" total="57671680" percent="41">
    <remembered-set count="32896" freebytes="2170496" totalbytes="2302080" percent="94" regionsoverflowed="0" regionsstable="1" regionsrebuilding="7"/>
  </mem-info>
</gc-start>
<gc-end id="4891" type="global mark phase" contextid="4824" durationms="0.134" usertimems="0.000" systemtimems="0.000" timestamp="2019-07-07T05:37:55.405" activeThreads="4">
  <mem-info id="4892" free="24117248" total="57671680" percent="41">
    <remembered-set count="32896" freebytes="2170496" totalbytes="2302080" percent="94" regionsoverflowed="0" regionsstable="1" regionsrebuilding="7"/>
  </mem-info>
</gc-end>
<concurrent-start id="4893" type="GMP work packet processing" contextid="4824" timestamp="2019-07-07T05:37:55.405">
  <concurrent-mark-start scanTarget="2511985" />
</concurrent-start>
<exclusive-end id="4894" timestamp="2019-07-07T05:37:55.405" durationms="0.730" />

<concurrent-end id="4895" type="GMP work packet processing" contextid="4824" timestamp="2019-07-07T05:37:55.407">
  <concurrent-mark-end bytesScanned="2557876" reasonForTermination="Work target met" />
</concurrent-end>

<exclusive-start id="4896" timestamp="2019-07-07T05:37:55.420" intervalms="16.063">
  <response-info timems="0.056" idlems="0.056" threads="0" lastid="000000000202A700" lastname="main" />
</exclusive-start>
<allocation-taxation id="4897" taxation-threshold="10485760" timestamp="2019-07-07T05:37:55.421" intervalms="16.007" />
<cycle-start id="4898" type="partial gc" contextid="0" timestamp="2019-07-07T05:37:55.421" intervalms="38.742" />
<gc-start id="4899" type="partial gc" contextid="4898" timestamp="2019-07-07T05:37:55.421">
  <mem-info id="4900" free="13631488" total="57671680" percent="23">
    <mem type="eden" free="1044632" total="22020096" percent="4" />
    <remembered-set count="34944" freebytes="2162304" totalbytes="2302080" percent="93" regionsoverflowed="0" regionsstable="1" regionsrebuilding="7"/>
  </mem-info>
</gc-start>
<allocation-stats totalBytes="20968864" >
  <allocated-bytes non-tlh="0" tlh="20968864" arrayletleaf="0"/>
  <largest-consumer threadName="main" threadId="000000000202A700" bytes="10484432" />
</allocation-stats>
<gc-op id="4901" type="copy forward" timems="1.462" contextid="4898" timestamp="2019-07-07T05:37:55.423">
  <memory-copied type="eden" objects="118" bytes="3568" bytesdiscarded="0" />
  <memory-copied type="other" objects="0" bytes="0" bytesdiscarded="0" />
  <memory-cardclean objects="18" bytes="1096" />
  <regions eden="20" other="1" />
  <remembered-set-cleared processed="32373" cleared="29" durationms="0.296" />
  <stringconstants candidates="13269" cleared="0"  />
</gc-op>
<gc-op id="4902" type="classunload" timems="0.004" contextid="4898" timestamp="2019-07-07T05:37:55.423">
  <classunload-info classloadercandidates="53" classloadersunloaded="0" classesunloaded="0" anonymousclassesunloaded="0" quiescems="0.000" setupms="0.004" scanms="0.000" postms="0.000" />
</gc-op>
<gc-end id="4903" type="partial gc" contextid="4898" durationms="2.631" usertimems="4.000" systemtimems="0.000" timestamp="2019-07-07T05:37:55.424" activeThreads="1">
  <mem-info id="4904" free="34603008" total="57671680" percent="60">
    <mem type="eden" free="1045008" total="1048576" percent="99" />
    <remembered-set count="35392" freebytes="2160512" totalbytes="2302080" percent="93" regionsoverflowed="0" regionsstable="1" regionsrebuilding="7"/>
  </mem-info>
</gc-end>
<cycle-end id="4905" type="partial gc" contextid="4898" timestamp="2019-07-07T05:37:55.424" />
  <attribute name="elasticGC enabled" value="1" />
  <attribute name= "numThreadsSpecified" value="1" />
  <attribute name="heapSize specified" value="0" />
  <attribute name="Current GC Util" value="162" />
  <attribute name= "Current Time Running" value="26223" />
  <attribute name ="GC Interval" value="0" />
  <attribute name="ProportionalT" value="71.000000" />
  <attribute name="ProportionalI" value="71.000000" />
  <attribute name="ProportionalH" value="71.000000" />
  <attribute name="Current Error" value="142.000000" />
  <attribute name="IntegralT" value="0.000000" />
  <attribute name="IntegralI" value="0.000000" />
  <attribute name="IntegralH" value="0.000000" />
  <attribute name="DerivativeT" value="inf" />
  <attribute name="DerivativeI" value="inf" />
  <attribute name="DerivativeH" value="inf" />
  <attribute name="Loop Time for DT" value="0.000000" />
  <attribute name="Output H" value="8388608"/>
  <attribute name="Output I" value="200"/>
  <attribute name="Output T" value="1"/>
  <attribute name="Target GC Util Change" value ="20.000000" />
  <attribute name="Current GC Util Change" value="162.000000"/>
  <attribute name="GC Util currently" value="162" />
  <attribute name="CPU Util currently" value="14363535447369" />
<exclusive-end id="4906" timestamp="2019-07-07T05:37:55.424" durationms="3.522" />

<exclusive-start id="4907" timestamp="2019-07-07T05:37:55.439" intervalms="18.716">
  <response-info timems="0.067" idlems="0.067" threads="0" lastid="000000000202A700" lastname="main" />
</exclusive-start>
<allocation-taxation id="4908" taxation-threshold="10485760" timestamp="2019-07-07T05:37:55.439" intervalms="18.776" />
<gc-start id="4909" type="global mark phase" contextid="4824" timestamp="2019-07-07T05:37:55.440">
  <mem-info id="4910" free="24117248" total="57671680" percent="41">
    <remembered-set count="35008" freebytes="2162048" totalbytes="2302080" percent="93" regionsoverflowed="0" regionsstable="1" regionsrebuilding="7"/>
  </mem-info>
</gc-start>
<gc-end id="4911" type="global mark phase" contextid="4824" durationms="0.126" usertimems="0.000" systemtimems="0.000" timestamp="2019-07-07T05:37:55.440" activeThreads="1">
  <mem-info id="4912" free="24117248" total="57671680" percent="41">
    <remembered-set count="35008" freebytes="2162048" totalbytes="2302080" percent="93" regionsoverflowed="0" regionsstable="1" regionsrebuilding="7"/>
  </mem-info>
</gc-end>
<concurrent-start id="4913" type="GMP work packet processing" contextid="4824" timestamp="2019-07-07T05:37:55.440">
  <concurrent-mark-start scanTarget="1048576" />
</concurrent-start>
<exclusive-end id="4914" timestamp="2019-07-07T05:37:55.440" durationms="0.775" />

<concurrent-end id="4915" type="GMP work packet processing" contextid="4824" timestamp="2019-07-07T05:37:55.441">
  <concurrent-mark-end bytesScanned="1093120" reasonForTermination="Work target met" />
</concurrent-end>

<exclusive-start id="4916" timestamp="2019-07-07T05:37:55.447" intervalms="7.826">
  <response-info timems="0.066" idlems="0.066" threads="0" lastid="000000000202A700" lastname="main" />
</exclusive-start>
<allocation-taxation id="4917" taxation-threshold="10485760" timestamp="2019-07-07T05:37:55.447" intervalms="7.762" />
<cycle-start id="4918" type="partial gc" contextid="0" timestamp="2019-07-07T05:37:55.447" intervalms="26.594" />
<gc-start id="4919" type="partial gc" contextid="4918" timestamp="2019-07-07T05:37:55.448">
  <mem-info id="4920" free="13631488" total="57671680" percent="23">
    <mem type="eden" free="1045008" total="22020096" percent="4" />
    <remembered-set count="35008" freebytes="2162048" totalbytes="2302080" percent="93" regionsoverflowed="0" regionsstable="1" regionsrebuilding="7"/>
  </mem-info>
</gc-start>
<allocation-stats totalBytes="20962520" >
  <allocated-bytes non-tlh="0" tlh="20962520" arrayletleaf="0"/>
  <largest-consumer threadName="main" threadId="000000000202A700" bytes="10478192" />
</allocation-stats>
<gc-op id="4921" type="copy forward" timems="1.440" contextid="4918" timestamp="2019-07-07T05:37:55.450">
  <memory-copied type="eden" objects="135" bytes="4312" bytesdiscarded="0" />
  <memory-copied type="other" objects="0" bytes="0" bytesdiscarded="0" />
  <memory-cardclean objects="57" bytes="2240" />
  <regions eden="20" other="1" />
  <remembered-set-cleared processed="33074" cleared="45" durationms="0.283" />
  <stringconstants candidates="13269" cleared="0"  />
</gc-op>
<gc-op id="4922" type="classunload" timems="0.004" contextid="4918" timestamp="2019-07-07T05:37:55.450">
  <classunload-info classloadercandidates="53" classloadersunloaded="0" classesunloaded="0" anonymousclassesunloaded="0" quiescems="0.000" setupms="0.004" scanms="0.000" postms="0.000" />
</gc-op>
<gc-end id="4923" type="partial gc" contextid="4918" durationms="2.578" usertimems="0.000" systemtimems="0.000" timestamp="2019-07-07T05:37:55.450" activeThreads="1">
  <mem-info id="4924" free="34603008" total="57671680" percent="60">
    <mem type="eden" free="1044264" total="1048576" percent="99" />
    <remembered-set count="35360" freebytes="2160640" totalbytes="2302080" percent="93" regionsoverflowed="0" regionsstable="1" regionsrebuilding="7"/>
  </mem-info>
</gc-end>
<cycle-end id="4925" type="partial gc" contextid="4918" timestamp="2019-07-07T05:37:55.450" />
  <attribute name="elasticGC enabled" value="1" />
  <attribute name= "numThreadsSpecified" value="1" />
  <attribute name="heapSize specified" value="0" />
  <attribute name="Current GC Util" value="159" />
  <attribute name= "Current Time Running" value="26250" />
  <attribute name ="GC Interval" value="0" />
  <attribute name="ProportionalT" value="69.500000" />
  <attribute name="ProportionalI" value="69.500000" />
  <attribute name="ProportionalH" value="69.500000" />
  <attribute name="Current Error" value="139.000000" />
  <attribute name="IntegralT" value="0.000000" />
  <attribute name="IntegralI" value="0.000000" />
  <attribute name="IntegralH" value="0.000000" />
  <attribute name="DerivativeT" value="inf" />
  <attribute name="DerivativeI" value="inf" />
  <attribute name="DerivativeH" value="inf" />
  <attribute name="Loop Time for DT" value="0.000000" />
  <attribute name="Output H" value="8388608"/>
  <attribute name="Output I" value="200"/>
  <attribute name="Output T" value="1"/>
  <attribute name="Target GC Util Change" value ="20.000000" />
  <attribute name="Current GC Util Change" value="159.000000"/>
  <attribute name="GC Util currently" value="159" />
  <attribute name="CPU Util currently" value="14408051695040" />
<exclusive-end id="4926" timestamp="2019-07-07T05:37:55.451" durationms="3.523" />

<exclusive-start id="4927" timestamp="2019-07-07T05:37:55.454" intervalms="6.952">
  <response-info timems="0.058" idlems="0.058" threads="0" lastid="000000000202A700" lastname="main" />
</exclusive-start>
<allocation-taxation id="4928" taxation-threshold="10485760" timestamp="2019-07-07T05:37:55.454" intervalms="7.011" />
<gc-start id="4929" type="global mark phase" contextid="4824" timestamp="2019-07-07T05:37:55.454">
  <mem-info id="4930" free="24117248" total="57671680" percent="41">
    <remembered-set count="34976" freebytes="2162176" totalbytes="2302080" percent="93" regionsoverflowed="0" regionsstable="1" regionsrebuilding="7"/>
  </mem-info>
</gc-start>
<gc-end id="4931" type="global mark phase" contextid="4824" durationms="0.133" usertimems="0.000" systemtimems="0.000" timestamp="2019-07-07T05:37:55.454" activeThreads="1">
  <mem-info id="4932" free="24117248" total="57671680" percent="41">
    <remembered-set count="34976" freebytes="2162176" totalbytes="2302080" percent="93" regionsoverflowed="0" regionsstable="1" regionsrebuilding="7"/>
  </mem-info>
</gc-end>
<concurrent-start id="4933" type="GMP work packet processing" contextid="4824" timestamp="2019-07-07T05:37:55.455">
  <concurrent-mark-start scanTarget="1048576" />
</concurrent-start>
<exclusive-end id="4934" timestamp="2019-07-07T05:37:55.455" durationms="0.790" />

<concurrent-end id="4935" type="GMP work packet processing" contextid="4824" timestamp="2019-07-07T05:37:55.456">
  <concurrent-mark-end bytesScanned="1077952" reasonForTermination="Work target met" />
</concurrent-end>

<exclusive-start id="4936" timestamp="2019-07-07T05:37:55.458" intervalms="4.234">
  <response-info timems="0.023" idlems="0.023" threads="0" lastid="000000000202A700" lastname="main" />
</exclusive-start>
<allocation-taxation id="4937" taxation-threshold="10485760" timestamp="2019-07-07T05:37:55.458" intervalms="4.199" />
<cycle-start id="4938" type="partial gc" contextid="0" timestamp="2019-07-07T05:37:55.458" intervalms="11.162" />
<gc-start id="4939" type="partial gc" contextid="4938" timestamp="2019-07-07T05:37:55.459">
  <mem-info id="4940" free="13631488" total="57671680" percent="23">
    <mem type="eden" free="0" total="20971520" percent="0" />
    <remembered-set count="35488" freebytes="2160128" totalbytes="2302080" percent="93" regionsoverflowed="0" regionsstable="1" regionsrebuilding="7"/>
  </mem-info>
</gc-start>
<allocation-stats totalBytes="20960464" >
  <allocated-bytes non-tlh="0" tlh="20960464" arrayletleaf="0"/>
  <largest-consumer threadName="main" threadId="000000000202A700" bytes="10480512" />
</allocation-stats>
<gc-op id="4941" type="copy forward" timems="1.407" contextid="4938" timestamp="2019-07-07T05:37:55.461">
  <memory-copied type="eden" objects="6" bytes="320" bytesdiscarded="0" />
  <memory-copied type="other" objects="130" bytes="4016" bytesdiscarded="0" />
  <memory-cardclean objects="41" bytes="1840" />
  <regions eden="20" other="1" />
  <remembered-set-cleared processed="33620" cleared="51" durationms="0.328" />
  <stringconstants candidates="13269" cleared="0"  />
</gc-op>
<gc-op id="4942" type="classunload" timems="0.004" contextid="4938" timestamp="2019-07-07T05:37:55.461">
  <classunload-info classloadercandidates="53" classloadersunloaded="0" classesunloaded="0" anonymousclassesunloaded="0" quiescems="0.000" setupms="0.003" scanms="0.000" postms="0.000" />
</gc-op>
<heap-resize id="4943" type="expand" space="default" amount="3145728" count="1" timems="0.059" reason="excessive time being spent in gc" timestamp="2019-07-07T05:37:55.461" />
<gc-end id="4944" type="partial gc" contextid="4938" durationms="2.752" usertimems="0.000" systemtimems="4.000" timestamp="2019-07-07T05:37:55.461" activeThreads="1">
  <mem-info id="4945" free="36700160" total="60817408" percent="60">
    <mem type="eden" free="1048256" total="1048576" percent="99" />
    <remembered-set count="35872" freebytes="2284160" totalbytes="2427648" percent="94" regionsoverflowed="0" regionsstable="1" regionsrebuilding="7"/>
  </mem-info>
</gc-end>
<cycle-end id="4946" type="partial gc" contextid="4938" timestamp="2019-07-07T05:37:55.462" />
  <attribute name="elasticGC enabled" value="1" />
  <attribute name= "numThreadsSpecified" value="1" />
  <attribute name="heapSize specified" value="0" />
  <attribute name="Current GC Util" value="158" />
  <attribute name= "Current Time Running" value="26261" />
  <attribute name ="GC Interval" value="0" />
  <attribute name="ProportionalT" value="69.000000" />
  <attribute name="ProportionalI" value="69.000000" />
  <attribute name="ProportionalH" value="69.000000" />
  <attribute name="Current Error" value="138.000000" />
  <attribute name="IntegralT" value="0.000000" />
  <attribute name="IntegralI" value="0.000000" />
  <attribute name="IntegralH" value="0.000000" />
  <attribute name="DerivativeT" value="inf" />
  <attribute name="DerivativeI" value="inf" />
  <attribute name="DerivativeH" value="inf" />
  <attribute name="Loop Time for DT" value="0.000000" />
  <attribute name="Output H" value="8388608"/>
  <attribute name="Output I" value="200"/>
  <attribute name="Output T" value="1"/>
  <attribute name="Target GC Util Change" value ="20.000000" />
  <attribute name="Current GC Util Change" value="158.000000"/>
  <attribute name="GC Util currently" value="158" />
  <attribute name="CPU Util currently" value="14405486334609" />
<exclusive-end id="4947" timestamp="2019-07-07T05:37:55.462" durationms="3.658" />

<exclusive-start id="4948" timestamp="2019-07-07T05:37:55.465" intervalms="7.110">
  <response-info timems="0.078" idlems="0.078" threads="0" lastid="000000000202A700" lastname="main" />
</exclusive-start>
<allocation-taxation id="4949" taxation-threshold="10485760" timestamp="2019-07-07T05:37:55.465" intervalms="7.153" />
<gc-start id="4950" type="global mark phase" contextid="4824" timestamp="2019-07-07T05:37:55.466">
  <mem-info id="4951" free="26214400" total="60817408" percent="43">
    <remembered-set count="35520" freebytes="2285568" totalbytes="2427648" percent="94" regionsoverflowed="0" regionsstable="1" regionsrebuilding="7"/>
  </mem-info>
</gc-start>
<gc-end id="4952" type="global mark phase" contextid="4824" durationms="0.117" usertimems="0.000" systemtimems="0.000" timestamp="2019-07-07T05:37:55.466" activeThreads="1">
  <mem-info id="4953" free="26214400" total="60817408" percent="43">
    <remembered-set count="35520" freebytes="2285568" totalbytes="2427648" percent="94" regionsoverflowed="0" regionsstable="1" regionsrebuilding="7"/>
  </mem-info>
</gc-end>
<concurrent-start id="4954" type="GMP work packet processing" contextid="4824" timestamp="2019-07-07T05:37:55.466">
  <concurrent-mark-start scanTarget="1048576" />
</concurrent-start>
<exclusive-end id="4955" timestamp="2019-07-07T05:37:55.466" durationms="0.772" />

<concurrent-end id="4956" type="GMP work packet processing" contextid="4824" timestamp="2019-07-07T05:37:55.467">
  <concurrent-mark-end bytesScanned="1090424" reasonForTermination="Work target met" />
</concurrent-end>

<exclusive-start id="4957" timestamp="2019-07-07T05:37:55.470" intervalms="4.222">
  <response-info timems="0.023" idlems="0.023" threads="0" lastid="000000000202A700" lastname="main" />
</exclusive-start>
<allocation-taxation id="4958" taxation-threshold="10485760" timestamp="2019-07-07T05:37:55.470" intervalms="4.181" />
<cycle-start id="4959" type="partial gc" contextid="0" timestamp="2019-07-07T05:37:55.470" intervalms="11.340" />
<gc-start id="4960" type="partial gc" contextid="4959" timestamp="2019-07-07T05:37:55.470">
  <mem-info id="4961" free="15728640" total="60817408" percent="25">
    <mem type="eden" free="1048256" total="22020096" percent="4" />
    <remembered-set count="37088" freebytes="2279296" totalbytes="2427648" percent="93" regionsoverflowed="0" regionsstable="1" regionsrebuilding="7"/>
  </mem-info>
</gc-start>
<allocation-stats totalBytes="20960416" >
  <allocated-bytes non-tlh="0" tlh="20960416" arrayletleaf="0"/>
  <largest-consumer threadName="main" threadId="000000000202A700" bytes="10480440" />
</allocation-stats>
<gc-op id="4962" type="copy forward" timems="1.341" contextid="4959" timestamp="2019-07-07T05:37:55.472">
  <memory-copied type="eden" objects="5" bytes="392" bytesdiscarded="0" />
  <memory-copied type="other" objects="0" bytes="0" bytesdiscarded="0" />
  <memory-cardclean objects="16" bytes="528" />
  <regions eden="20" other="1" />
  <remembered-set-cleared processed="35147" cleared="8" durationms="0.285" />
  <stringconstants candidates="13269" cleared="0"  />
</gc-op>
<gc-op id="4963" type="classunload" timems="0.004" contextid="4959" timestamp="2019-07-07T05:37:55.472">
  <classunload-info classloadercandidates="53" classloadersunloaded="0" classesunloaded="0" anonymousclassesunloaded="0" quiescems="0.000" setupms="0.004" scanms="0.000" postms="0.000" />
</gc-op>
<gc-end id="4964" type="partial gc" contextid="4959" durationms="2.429" usertimems="4.000" systemtimems="0.000" timestamp="2019-07-07T05:37:55.472" activeThreads="1">
  <mem-info id="4965" free="36700160" total="60817408" percent="60">
    <mem type="eden" free="1048184" total="1048576" percent="99" />
    <remembered-set count="37568" freebytes="2277376" totalbytes="2427648" percent="93" regionsoverflowed="0" regionsstable="1" regionsrebuilding="7"/>
  </mem-info>
</gc-end>
<cycle-end id="4966" type="partial gc" contextid="4959" timestamp="2019-07-07T05:37:55.473" />
  <attribute name="elasticGC enabled" value="1" />
  <attribute name= "numThreadsSpecified" value="1" />
  <attribute name="heapSize specified" value="0" />
  <attribute name="Current GC Util" value="178" />
  <attribute name= "Current Time Running" value="26272" />
  <attribute name ="GC Interval" value="0" />
  <attribute name="ProportionalT" value="79.000000" />
  <attribute name="ProportionalI" value="79.000000" />
  <attribute name="ProportionalH" value="79.000000" />
  <attribute name="Current Error" value="158.000000" />
  <attribute name="IntegralT" value="0.000000" />
  <attribute name="IntegralI" value="0.000000" />
  <attribute name="IntegralH" value="0.000000" />
  <attribute name="DerivativeT" value="inf" />
  <attribute name="DerivativeI" value="inf" />
  <attribute name="DerivativeH" value="inf" />
  <attribute name="Loop Time for DT" value="0.000000" />
  <attribute name="Output H" value="8388608"/>
  <attribute name="Output I" value="200"/>
  <attribute name="Output T" value="1"/>
  <attribute name="Target GC Util Change" value ="20.000000" />
  <attribute name="Current GC Util Change" value="178.000000"/>
  <attribute name="GC Util currently" value="178" />
  <attribute name="CPU Util currently" value="14228592291840" />
<exclusive-end id="4967" timestamp="2019-07-07T05:37:55.473" durationms="3.328" />

<exclusive-start id="4968" timestamp="2019-07-07T05:37:55.476" intervalms="6.825">
  <response-info timems="0.072" idlems="0.072" threads="0" lastid="000000000202A700" lastname="main" />
</exclusive-start>
<allocation-taxation id="4969" taxation-threshold="10485760" timestamp="2019-07-07T05:37:55.477" intervalms="6.868" />
<gc-start id="4970" type="global mark phase" contextid="4824" timestamp="2019-07-07T05:37:55.477">
  <mem-info id="4971" free="26214400" total="60817408" percent="43">
    <remembered-set count="37088" freebytes="2279296" totalbytes="2427648" percent="93" regionsoverflowed="0" regionsstable="1" regionsrebuilding="7"/>
  </mem-info>
</gc-start>
<gc-end id="4972" type="global mark phase" contextid="4824" durationms="0.113" usertimems="0.000" systemtimems="0.000" timestamp="2019-07-07T05:37:55.477" activeThreads="1">
  <mem-info id="4973" free="26214400" total="60817408" percent="43">
    <remembered-set count="37088" freebytes="2279296" totalbytes="2427648" percent="93" regionsoverflowed="0" regionsstable="1" regionsrebuilding="7"/>
  </mem-info>
</gc-end>
<concurrent-start id="4974" type="GMP work packet processing" contextid="4824" timestamp="2019-07-07T05:37:55.477">
  <concurrent-mark-start scanTarget="1048576" />
</concurrent-start>
<exclusive-end id="4975" timestamp="2019-07-07T05:37:55.477" durationms="0.724" />

<concurrent-end id="4976" type="GMP work packet processing" contextid="4824" timestamp="2019-07-07T05:37:55.478">
  <concurrent-mark-end bytesScanned="1094012" reasonForTermination="Work target met" />
</concurrent-end>

<exclusive-start id="4977" timestamp="2019-07-07T05:37:55.480" intervalms="4.139">
  <response-info timems="0.024" idlems="0.024" threads="0" lastid="000000000202A700" lastname="main" />
</exclusive-start>
<allocation-taxation id="4978" taxation-threshold="10485760" timestamp="2019-07-07T05:37:55.481" intervalms="4.071" />
<cycle-start id="4979" type="partial gc" contextid="0" timestamp="2019-07-07T05:37:55.481" intervalms="10.927" />
<gc-start id="4980" type="partial gc" contextid="4979" timestamp="2019-07-07T05:37:55.481">
  <mem-info id="4981" free="15728640" total="60817408" percent="25">
    <mem type="eden" free="1048184" total="22020096" percent="4" />
    <remembered-set count="37600" freebytes="2277248" totalbytes="2427648" percent="93" regionsoverflowed="0" regionsstable="1" regionsrebuilding="7"/>
  </mem-info>
</gc-start>
<allocation-stats totalBytes="20960104" >
  <allocated-bytes non-tlh="0" tlh="20960104" arrayletleaf="0"/>
  <largest-consumer threadName="main" threadId="000000000202A700" bytes="10480336" />
</allocation-stats>
<gc-op id="4982" type="copy forward" timems="1.408" contextid="4979" timestamp="2019-07-07T05:37:55.483">
  <memory-copied type="eden" objects="6" bytes="304" bytesdiscarded="0" />
  <memory-copied type="other" objects="0" bytes="0" bytesdiscarded="0" />
  <memory-cardclean objects="16" bytes="528" />
  <regions eden="20" other="1" />
  <remembered-set-cleared processed="35749" cleared="8" durationms="0.293" />
  <stringconstants candidates="13269" cleared="0"  />
</gc-op>
<gc-op id="4983" type="classunload" timems="0.004" contextid="4979" timestamp="2019-07-07T05:37:55.483">
  <classunload-info classloadercandidates="53" classloadersunloaded="0" classesunloaded="0" anonymousclassesunloaded="0" quiescems="0.000" setupms="0.004" scanms="0.000" postms="0.000" />
</gc-op>
<gc-end id="4984" type="partial gc" contextid="4979" durationms="2.493" usertimems="0.000" systemtimems="0.000" timestamp="2019-07-07T05:37:55.483" activeThreads="1">
  <mem-info id="4985" free="36700160" total="60817408" percent="60">
    <mem type="eden" free="1048272" total="1048576" percent="99" />
    <remembered-set count="38080" freebytes="2275328" totalbytes="2427648" percent="93" regionsoverflowed="0" regionsstable="1" regionsrebuilding="7"/>
  </mem-info>
</gc-end>
<cycle-end id="4986" type="partial gc" contextid="4979" timestamp="2019-07-07T05:37:55.484" />
  <attribute name="elasticGC enabled" value="1" />
  <attribute name= "numThreadsSpecified" value="1" />
  <attribute name="heapSize specified" value="0" />
  <attribute name="Current GC Util" value="152" />
  <attribute name= "Current Time Running" value="26283" />
  <attribute name ="GC Interval" value="0" />
  <attribute name="ProportionalT" value="66.000000" />
  <attribute name="ProportionalI" value="66.000000" />
  <attribute name="ProportionalH" value="66.000000" />
  <attribute name="Current Error" value="132.000000" />
  <attribute name="IntegralT" value="0.000000" />
  <attribute name="IntegralI" value="0.000000" />
  <attribute name="IntegralH" value="0.000000" />
  <attribute name="DerivativeT" value="inf" />
  <attribute name="DerivativeI" value="inf" />
  <attribute name="DerivativeH" value="inf" />
  <attribute name="Loop Time for DT" value="0.000000" />
  <attribute name="Output H" value="8388608"/>
  <attribute name="Output I" value="200"/>
  <attribute name="Output T" value="1"/>
  <attribute name="Target GC Util Change" value ="20.000000" />
  <attribute name="Current GC Util Change" value="152.000000"/>
  <attribute name="GC Util currently" value="152" />
  <attribute name="CPU Util currently" value="14038575109143" />
<exclusive-end id="4987" timestamp="2019-07-07T05:37:55.484" durationms="3.335" />

<exclusive-start id="4988" timestamp="2019-07-07T05:37:55.487" intervalms="6.796">
  <response-info timems="0.058" idlems="0.058" threads="0" lastid="000000000202A700" lastname="main" />
</exclusive-start>
<allocation-taxation id="4989" taxation-threshold="10485760" timestamp="2019-07-07T05:37:55.487" intervalms="6.855" />
<gc-start id="4990" type="global mark phase" contextid="4824" timestamp="2019-07-07T05:37:55.488">
  <mem-info id="4991" free="26214400" total="60817408" percent="43">
    <remembered-set count="37600" freebytes="2277248" totalbytes="2427648" percent="93" regionsoverflowed="0" regionsstable="1" regionsrebuilding="7"/>
  </mem-info>
</gc-start>
<gc-end id="4992" type="global mark phase" contextid="4824" durationms="0.176" usertimems="0.000" systemtimems="0.000" timestamp="2019-07-07T05:37:55.488" activeThreads="1">
  <mem-info id="4993" free="26214400" total="60817408" percent="43">
    <remembered-set count="37600" freebytes="2277248" totalbytes="2427648" percent="93" regionsoverflowed="0" regionsstable="1" regionsrebuilding="7"/>
  </mem-info>
</gc-end>
<concurrent-start id="4994" type="GMP work packet processing" contextid="4824" timestamp="2019-07-07T05:37:55.488">
  <concurrent-mark-start scanTarget="1048576" />
</concurrent-start>
<exclusive-end id="4995" timestamp="2019-07-07T05:37:55.488" durationms="0.806" />

<concurrent-end id="4996" type="GMP work packet processing" contextid="4824" timestamp="2019-07-07T05:37:55.489">
  <concurrent-mark-end bytesScanned="1100752" reasonForTermination="Work target met" />
</concurrent-end>

<exclusive-start id="4997" timestamp="2019-07-07T05:37:55.491" intervalms="4.205">
  <response-info timems="0.057" idlems="0.057" threads="0" lastid="000000000202A700" lastname="main" />
</exclusive-start>
<allocation-taxation id="4998" taxation-threshold="10485760" timestamp="2019-07-07T05:37:55.492" intervalms="4.103" />
<cycle-start id="4999" type="partial gc" contextid="0" timestamp="2019-07-07T05:37:55.492" intervalms="10.936" />
<gc-start id="5000" type="partial gc" contextid="4999" timestamp="2019-07-07T05:37:55.492">
  <mem-info id="5001" free="15728640" total="60817408" percent="25">
    <mem type="eden" free="1048272" total="22020096" percent="4" />
    <remembered-set count="38624" freebytes="2273152" totalbytes="2427648" percent="93" regionsoverflowed="0" regionsstable="1" regionsrebuilding="7"/>
  </mem-info>
</gc-start>
<allocation-stats totalBytes="20959792" >
  <allocated-bytes non-tlh="0" tlh="20959792" arrayletleaf="0"/>
  <largest-consumer threadName="main" threadId="000000000202A700" bytes="10480584" />
</allocation-stats>
<gc-op id="5002" type="copy forward" timems="1.337" contextid="4999" timestamp="2019-07-07T05:37:55.494">
  <memory-copied type="eden" objects="6" bytes="400" bytesdiscarded="0" />
  <memory-copied type="other" objects="0" bytes="0" bytesdiscarded="0" />
  <memory-cardclean objects="16" bytes="528" />
  <regions eden="20" other="1" />
  <remembered-set-cleared processed="36508" cleared="8" durationms="0.286" />
  <stringconstants candidates="13269" cleared="0"  />
</gc-op>
<gc-op id="5003" type="classunload" timems="0.004" contextid="4999" timestamp="2019-07-07T05:37:55.494">
  <classunload-info classloadercandidates="53" classloadersunloaded="0" classesunloaded="0" anonymousclassesunloaded="0" quiescems="0.000" setupms="0.004" scanms="0.000" postms="0.000" />
</gc-op>
<gc-end id="5004" type="partial gc" contextid="4999" durationms="2.387" usertimems="0.000" systemtimems="4.000" timestamp="2019-07-07T05:37:55.494" activeThreads="1">
  <mem-info id="5005" free="36700160" total="60817408" percent="60">
    <mem type="eden" free="1048176" total="1048576" percent="99" />
    <remembered-set count="39104" freebytes="2271232" totalbytes="2427648" percent="93" regionsoverflowed="0" regionsstable="1" regionsrebuilding="7"/>
  </mem-info>
</gc-end>
<cycle-end id="5006" type="partial gc" contextid="4999" timestamp="2019-07-07T05:37:55.494" />
  <attribute name="elasticGC enabled" value="1" />
  <attribute name= "numThreadsSpecified" value="1" />
  <attribute name="heapSize specified" value="0" />
  <attribute name="Current GC Util" value="162" />
  <attribute name= "Current Time Running" value="26294" />
  <attribute name ="GC Interval" value="0" />
  <attribute name="ProportionalT" value="71.000000" />
  <attribute name="ProportionalI" value="71.000000" />
  <attribute name="ProportionalH" value="71.000000" />
  <attribute name="Current Error" value="142.000000" />
  <attribute name="IntegralT" value="0.000000" />
  <attribute name="IntegralI" value="0.000000" />
  <attribute name="IntegralH" value="0.000000" />
  <attribute name="DerivativeT" value="inf" />
  <attribute name="DerivativeI" value="inf" />
  <attribute name="DerivativeH" value="inf" />
  <attribute name="Loop Time for DT" value="0.000000" />
  <attribute name="Output H" value="8388608"/>
  <attribute name="Output I" value="200"/>
  <attribute name="Output T" value="1"/>
  <attribute name="Target GC Util Change" value ="20.000000" />
  <attribute name="Current GC Util Change" value="162.000000"/>
  <attribute name="GC Util currently" value="162" />
  <attribute name="CPU Util currently" value="14971985552205" />
<exclusive-end id="5007" timestamp="2019-07-07T05:37:55.495" durationms="3.202" />

<exclusive-start id="5008" timestamp="2019-07-07T05:37:55.498" intervalms="6.677">
  <response-info timems="0.058" idlems="0.058" threads="0" lastid="000000000202A700" lastname="main" />
</exclusive-start>
<allocation-taxation id="5009" taxation-threshold="10485760" timestamp="2019-07-07T05:37:55.498" intervalms="6.774" />
<gc-start id="5010" type="global mark phase" contextid="4824" timestamp="2019-07-07T05:37:55.499">
  <mem-info id="5011" free="26214400" total="60817408" percent="43">
    <remembered-set count="38624" freebytes="2273152" totalbytes="2427648" percent="93" regionsoverflowed="0" regionsstable="1" regionsrebuilding="7"/>
  </mem-info>
</gc-start>
<gc-end id="5012" type="global mark phase" contextid="4824" durationms="0.218" usertimems="0.000" systemtimems="0.000" timestamp="2019-07-07T05:37:55.499" activeThreads="1">
  <mem-info id="5013" free="26214400" total="60817408" percent="43">
    <remembered-set count="38624" freebytes="2273152" totalbytes="2427648" percent="93" regionsoverflowed="0" regionsstable="1" regionsrebuilding="7"/>
  </mem-info>
</gc-end>
<concurrent-start id="5014" type="GMP work packet processing" contextid="4824" timestamp="2019-07-07T05:37:55.499">
  <concurrent-mark-start scanTarget="1048576" />
</concurrent-start>
<exclusive-end id="5015" timestamp="2019-07-07T05:37:55.499" durationms="0.858" />

<concurrent-end id="5016" type="GMP work packet processing" contextid="4824" timestamp="2019-07-07T05:37:55.500">
  <concurrent-mark-end bytesScanned="1097536" reasonForTermination="Work target met" />
</concurrent-end>

<exclusive-start id="5017" timestamp="2019-07-07T05:37:55.502" intervalms="4.237">
  <response-info timems="0.027" idlems="0.027" threads="0" lastid="000000000202A700" lastname="main" />
</exclusive-start>
<allocation-taxation id="5018" taxation-threshold="10485760" timestamp="2019-07-07T05:37:55.503" intervalms="4.186" />
<cycle-start id="5019" type="partial gc" contextid="0" timestamp="2019-07-07T05:37:55.503" intervalms="10.993" />
<gc-start id="5020" type="partial gc" contextid="5019" timestamp="2019-07-07T05:37:55.503">
  <mem-info id="5021" free="15728640" total="60817408" percent="25">
    <mem type="eden" free="1048176" total="22020096" percent="4" />
    <remembered-set count="41184" freebytes="2262912" totalbytes="2427648" percent="93" regionsoverflowed="0" regionsstable="1" regionsrebuilding="7"/>
  </mem-info>
</gc-start>
<allocation-stats totalBytes="20960328" >
  <allocated-bytes non-tlh="0" tlh="20960328" arrayletleaf="0"/>
  <largest-consumer threadName="main" threadId="000000000202A700" bytes="10480400" />
</allocation-stats>
<gc-op id="5022" type="copy forward" timems="1.302" contextid="5019" timestamp="2019-07-07T05:37:55.505">
  <memory-copied type="eden" objects="6" bytes="272" bytesdiscarded="0" />
  <memory-copied type="other" objects="0" bytes="0" bytesdiscarded="0" />
  <memory-cardclean objects="16" bytes="528" />
  <regions eden="20" other="1" />
  <remembered-set-cleared processed="38817" cleared="8" durationms="0.296" />
  <stringconstants candidates="13269" cleared="0"  />
</gc-op>
<gc-op id="5023" type="classunload" timems="0.004" contextid="5019" timestamp="2019-07-07T05:37:55.505">
  <classunload-info classloadercandidates="53" classloadersunloaded="0" classesunloaded="0" anonymousclassesunloaded="0" quiescems="0.000" setupms="0.004" scanms="0.000" postms="0.000" />
</gc-op>
<gc-end id="5024" type="partial gc" contextid="5019" durationms="2.534" usertimems="4.000" systemtimems="0.000" timestamp="2019-07-07T05:37:55.505" activeThreads="1">
  <mem-info id="5025" free="36700160" total="60817408" percent="60">
    <mem type="eden" free="1048304" total="1048576" percent="99" />
    <remembered-set count="41664" freebytes="2260992" totalbytes="2427648" percent="93" regionsoverflowed="0" regionsstable="1" regionsrebuilding="7"/>
  </mem-info>
</gc-end>
<cycle-end id="5026" type="partial gc" contextid="5019" timestamp="2019-07-07T05:37:55.506" />
  <attribute name="elasticGC enabled" value="1" />
  <attribute name= "numThreadsSpecified" value="1" />
  <attribute name="heapSize specified" value="0" />
  <attribute name="Current GC Util" value="162" />
  <attribute name= "Current Time Running" value="26305" />
  <attribute name ="GC Interval" value="0" />
  <attribute name="ProportionalT" value="71.000000" />
  <attribute name="ProportionalI" value="71.000000" />
  <attribute name="ProportionalH" value="71.000000" />
  <attribute name="Current Error" value="142.000000" />
  <attribute name="IntegralT" value="0.000000" />
  <attribute name="IntegralI" value="0.000000" />
  <attribute name="IntegralH" value="0.000000" />
  <attribute name="DerivativeT" value="inf" />
  <attribute name="DerivativeI" value="inf" />
  <attribute name="DerivativeH" value="inf" />
  <attribute name="Loop Time for DT" value="0.000000" />
  <attribute name="Output H" value="8388608"/>
  <attribute name="Output I" value="200"/>
  <attribute name="Output T" value="1"/>
  <attribute name="Target GC Util Change" value ="20.000000" />
  <attribute name="Current GC Util Change" value="162.000000"/>
  <attribute name="GC Util currently" value="162" />
  <attribute name="CPU Util currently" value="13997753777037" />
<exclusive-end id="5027" timestamp="2019-07-07T05:37:55.506" durationms="3.419" />

<exclusive-start id="5028" timestamp="2019-07-07T05:37:55.509" intervalms="6.813">
  <response-info timems="0.055" idlems="0.055" threads="0" lastid="000000000202A700" lastname="main" />
</exclusive-start>
<allocation-taxation id="5029" taxation-threshold="10485760" timestamp="2019-07-07T05:37:55.509" intervalms="6.861" />
<gc-start id="5030" type="global mark phase" contextid="4824" timestamp="2019-07-07T05:37:55.510">
  <mem-info id="5031" free="26214400" total="60817408" percent="43">
    <remembered-set count="41184" freebytes="2262912" totalbytes="2427648" percent="93" regionsoverflowed="0" regionsstable="1" regionsrebuilding="7"/>
  </mem-info>
</gc-start>
<gc-end id="5032" type="global mark phase" contextid="4824" durationms="0.197" usertimems="0.000" systemtimems="0.000" timestamp="2019-07-07T05:37:55.510" activeThreads="1">
  <mem-info id="5033" free="26214400" total="60817408" percent="43">
    <remembered-set count="41184" freebytes="2262912" totalbytes="2427648" percent="93" regionsoverflowed="0" regionsstable="1" regionsrebuilding="7"/>
  </mem-info>
</gc-end>
<concurrent-start id="5034" type="GMP work packet processing" contextid="4824" timestamp="2019-07-07T05:37:55.510">
  <concurrent-mark-start scanTarget="1048576" />
</concurrent-start>
<exclusive-end id="5035" timestamp="2019-07-07T05:37:55.510" durationms="0.891" />

<concurrent-end id="5036" type="GMP work packet processing" contextid="4824" timestamp="2019-07-07T05:37:55.511">
  <concurrent-mark-end bytesScanned="196288" reasonForTermination="Completed all work in GC phase" />
</concurrent-end>

<exclusive-start id="5037" timestamp="2019-07-07T05:37:55.514" intervalms="4.356">
  <response-info timems="0.027" idlems="0.027" threads="0" lastid="000000000202A700" lastname="main" />
</exclusive-start>
<allocation-taxation id="5038" taxation-threshold="10485760" timestamp="2019-07-07T05:37:55.514" intervalms="4.308" />
<cycle-start id="5039" type="partial gc" contextid="0" timestamp="2019-07-07T05:37:55.514" intervalms="11.137" />
<gc-start id="5040" type="partial gc" contextid="5039" timestamp="2019-07-07T05:37:55.514">
  <mem-info id="5041" free="15728640" total="60817408" percent="25">
    <mem type="eden" free="1048304" total="22020096" percent="4" />
    <remembered-set count="41440" freebytes="2261888" totalbytes="2427648" percent="93" regionsoverflowed="0" regionsstable="1" regionsrebuilding="7"/>
  </mem-info>
</gc-start>
<allocation-stats totalBytes="20960968" >
  <allocated-bytes non-tlh="0" tlh="20960968" arrayletleaf="0"/>
  <largest-consumer threadName="main" threadId="000000000202A700" bytes="10480584" />
</allocation-stats>
<gc-op id="5042" type="copy forward" timems="1.265" contextid="5039" timestamp="2019-07-07T05:37:55.516">
  <memory-copied type="eden" objects="6" bytes="400" bytesdiscarded="0" />
  <memory-copied type="other" objects="0" bytes="0" bytesdiscarded="0" />
  <memory-cardclean objects="16" bytes="528" />
  <regions eden="20" other="1" />
  <remembered-set-cleared processed="39418" cleared="8" durationms="0.296" />
  <stringconstants candidates="13269" cleared="0"  />
</gc-op>
<gc-op id="5043" type="classunload" timems="0.003" contextid="5039" timestamp="2019-07-07T05:37:55.516">
  <classunload-info classloadercandidates="53" classloadersunloaded="0" classesunloaded="0" anonymousclassesunloaded="0" quiescems="0.000" setupms="0.003" scanms="0.000" postms="0.000" />
</gc-op>
<gc-end id="5044" type="partial gc" contextid="5039" durationms="2.318" usertimems="4.000" systemtimems="0.000" timestamp="2019-07-07T05:37:55.516" activeThreads="1">
  <mem-info id="5045" free="36700160" total="60817408" percent="60">
    <mem type="eden" free="1048176" total="1048576" percent="99" />
    <remembered-set count="41920" freebytes="2259968" totalbytes="2427648" percent="93" regionsoverflowed="0" regionsstable="1" regionsrebuilding="7"/>
  </mem-info>
</gc-end>
<cycle-end id="5046" type="partial gc" contextid="5039" timestamp="2019-07-07T05:37:55.516" />
  <attribute name="elasticGC enabled" value="1" />
  <attribute name= "numThreadsSpecified" value="1" />
  <attribute name="heapSize specified" value="0" />
  <attribute name="Current GC Util" value="165" />
  <attribute name= "Current Time Running" value="26316" />
  <attribute name ="GC Interval" value="0" />
  <attribute name="ProportionalT" value="72.500000" />
  <attribute name="ProportionalI" value="72.500000" />
  <attribute name="ProportionalH" value="72.500000" />
  <attribute name="Current Error" value="145.000000" />
  <attribute name="IntegralT" value="0.000000" />
  <attribute name="IntegralI" value="0.000000" />
  <attribute name="IntegralH" value="0.000000" />
  <attribute name="DerivativeT" value="inf" />
  <attribute name="DerivativeI" value="inf" />
  <attribute name="DerivativeH" value="inf" />
  <attribute name="Loop Time for DT" value="0.000000" />
  <attribute name="Output H" value="8388608"/>
  <attribute name="Output I" value="200"/>
  <attribute name="Output T" value="1"/>
  <attribute name="Target GC Util Change" value ="20.000000" />
  <attribute name="Current GC Util Change" value="165.000000"/>
  <attribute name="GC Util currently" value="165" />
  <attribute name="CPU Util currently" value="13622599817780" />
<exclusive-end id="5047" timestamp="2019-07-07T05:37:55.517" durationms="3.020" />

<exclusive-start id="5048" timestamp="2019-07-07T05:37:55.520" intervalms="6.492">
  <response-info timems="0.055" idlems="0.055" threads="0" lastid="000000000202A700" lastname="main" />
</exclusive-start>
<allocation-taxation id="5049" taxation-threshold="10485760" timestamp="2019-07-07T05:37:55.520" intervalms="6.491" />
<gc-start id="5050" type="global mark phase" contextid="4824" timestamp="2019-07-07T05:37:55.520">
  <mem-info id="5051" free="26214400" total="60817408" percent="43">
    <remembered-set count="41440" freebytes="2261888" totalbytes="2427648" percent="93" regionsoverflowed="0" regionsstable="1" regionsrebuilding="7"/>
  </mem-info>
</gc-start>
<gc-op id="5052" type="mark increment" timems="7.486" contextid="4824" timestamp="2019-07-07T05:37:55.528">
  <trace-info objectcount="78" scancount="76" scanbytes="346292" />
  <cardclean-info objects="355709" bytes="9152260" />
  <finalization candidates="80" enqueued="0" />
  <ownableSynchronizers candidates="22" cleared="0" />
  <references type="soft" candidates="1861" cleared="4" enqueued="4" dynamicThreshold="19" maxThreshold="32" />
  <references type="weak" candidates="5745" cleared="7" enqueued="3" />
  <references type="phantom" candidates="101" cleared="0" enqueued="0" />
  <stringconstants candidates="13269" cleared="0"  />
</gc-op>
<gc-op id="5053" type="classunload" timems="0.005" contextid="4824" timestamp="2019-07-07T05:37:55.528">
  <classunload-info classloadercandidates="53" classloadersunloaded="0" classesunloaded="0" anonymousclassesunloaded="0" quiescems="0.000" setupms="0.005" scanms="0.000" postms="0.000" />
</gc-op>
<gc-end id="5054" type="global mark phase" contextid="4824" durationms="7.938" usertimems="20.000" systemtimems="0.000" timestamp="2019-07-07T05:37:55.528" activeThreads="4">
  <mem-info id="5055" free="26214400" total="60817408" percent="43">
    <pending-finalizers system="0" default="0" reference="7" classloader="0" />
    <remembered-set count="46048" freebytes="2243456" totalbytes="2427648" percent="92" regionsoverflowed="0" regionsstable="1" regionsrebuilding="0"/>
  </mem-info>
</gc-end>
<cycle-end id="5056" type="global mark phase" contextid="4824" timestamp="2019-07-07T05:37:55.528" />
  <attribute name="elasticGC enabled" value="1" />
  <attribute name= "numThreadsSpecified" value="4" />
  <attribute name="heapSize specified" value="0" />
  <attribute name="Current GC Util" value="108" />
  <attribute name= "Current Time Running" value="26329" />
  <attribute name ="GC Interval" value="0" />
  <attribute name="ProportionalT" value="44.000000" />
  <attribute name="ProportionalI" value="44.000000" />
  <attribute name="ProportionalH" value="44.000000" />
  <attribute name="Current Error" value="88.000000" />
  <attribute name="IntegralT" value="0.000000" />
  <attribute name="IntegralI" value="0.000000" />
  <attribute name="IntegralH" value="0.000000" />
  <attribute name="DerivativeT" value="-inf" />
  <attribute name="DerivativeI" value="-inf" />
  <attribute name="DerivativeH" value="-inf" />
  <attribute name="Loop Time for DT" value="0.000000" />
  <attribute name="Output H" value="2091843584"/>
  <attribute name="Output I" value="200"/>
  <attribute name="Output T" value="4"/>
  <attribute name="Target GC Util Change" value ="20.000000" />
  <attribute name="Current GC Util Change" value="108.000000"/>
  <attribute name="GC Util currently" value="108" />
  <attribute name="CPU Util currently" value="12775390354622" />
<exclusive-end id="5057" timestamp="2019-07-07T05:37:55.529" durationms="8.622" />

<exclusive-start id="5058" timestamp="2019-07-07T05:37:55.532" intervalms="12.125">
  <response-info timems="0.071" idlems="0.071" threads="0" lastid="000000000202A700" lastname="main" />
</exclusive-start>
<allocation-taxation id="5059" taxation-threshold="10485760" timestamp="2019-07-07T05:37:55.532" intervalms="12.184" />
<cycle-start id="5060" type="partial gc" contextid="0" timestamp="2019-07-07T05:37:55.532" intervalms="18.692" />
<gc-start id="5061" type="partial gc" contextid="5060" timestamp="2019-07-07T05:37:55.533">
  <mem-info id="5062" free="15728640" total="60817408" percent="25">
    <mem type="eden" free="1048176" total="22020096" percent="4" />
    <remembered-set count="31648" freebytes="2301056" totalbytes="2427648" percent="94" regionsoverflowed="0" regionsstable="6" regionsrebuilding="0"/>
  </mem-info>
</gc-start>
<allocation-stats totalBytes="20960328" >
  <allocated-bytes non-tlh="0" tlh="20960328" arrayletleaf="0"/>
  <largest-consumer threadName="main" threadId="000000000202A700" bytes="10480400" />
</allocation-stats>
<gc-op id="5063" type="sweep" timems="0.652" contextid="5060" timestamp="2019-07-07T05:37:55.534" />
<gc-op id="5064" type="copy forward" timems="1.439" contextid="5060" timestamp="2019-07-07T05:37:55.536">
  <memory-copied type="eden" objects="6" bytes="272" bytesdiscarded="0" />
  <memory-copied type="other" objects="0" bytes="0" bytesdiscarded="0" />
  <memory-cardclean objects="53" bytes="1984" />
  <regions eden="10" other="1" />
  <remembered-set-cleared processed="29780" cleared="9" durationms="0.258" />
  <stringconstants candidates="13269" cleared="0"  />
</gc-op>
<gc-op id="5065" type="classunload" timems="0.004" contextid="5060" timestamp="2019-07-07T05:37:55.536">
  <classunload-info classloadercandidates="53" classloadersunloaded="0" classesunloaded="0" anonymousclassesunloaded="0" quiescems="0.000" setupms="0.004" scanms="0.000" postms="0.000" />
</gc-op>
<gc-end id="5066" type="partial gc" contextid="5060" durationms="3.215" usertimems="4.000" systemtimems="0.000" timestamp="2019-07-07T05:37:55.536" activeThreads="4">
  <mem-info id="5067" free="36700160" total="60817408" percent="60">
    <mem type="eden" free="1048304" total="1048576" percent="99" />
    <remembered-set count="31392" freebytes="2302080" totalbytes="2427648" percent="94" regionsoverflowed="0" regionsstable="6" regionsrebuilding="0"/>
  </mem-info>
</gc-end>
<cycle-end id="5068" type="partial gc" contextid="5060" timestamp="2019-07-07T05:37:55.536" />
  <attribute name="elasticGC enabled" value="1" />
  <attribute name= "numThreadsSpecified" value="4" />
  <attribute name="heapSize specified" value="0" />
  <attribute name="Current GC Util" value="65" />
  <attribute name= "Current Time Running" value="26336" />
  <attribute name ="GC Interval" value="0" />
  <attribute name="ProportionalT" value="22.500000" />
  <attribute name="ProportionalI" value="22.500000" />
  <attribute name="ProportionalH" value="22.500000" />
  <attribute name="Current Error" value="45.000000" />
  <attribute name="IntegralT" value="0.000000" />
  <attribute name="IntegralI" value="0.000000" />
  <attribute name="IntegralH" value="0.000000" />
  <attribute name="DerivativeT" value="-inf" />
  <attribute name="DerivativeI" value="-inf" />
  <attribute name="DerivativeH" value="-inf" />
  <attribute name="Loop Time for DT" value="0.000000" />
  <attribute name="Output H" value="2091843584"/>
  <attribute name="Output I" value="200"/>
  <attribute name="Output T" value="4"/>
  <attribute name="Target GC Util Change" value ="20.000000" />
  <attribute name="Current GC Util Change" value="65.000000"/>
  <attribute name="GC Util currently" value="65" />
  <attribute name="CPU Util currently" value="29226361038102" />
<exclusive-end id="5069" timestamp="2019-07-07T05:37:55.536" durationms="4.085" />

<exclusive-start id="5070" timestamp="2019-07-07T05:37:55.543" intervalms="11.157">
  <response-info timems="0.069" idlems="0.069" threads="0" lastid="000000000202A700" lastname="main" />
</exclusive-start>
<allocation-taxation id="5071" taxation-threshold="22020096" timestamp="2019-07-07T05:37:55.544" intervalms="11.158" />
<cycle-start id="5072" type="partial gc" contextid="0" timestamp="2019-07-07T05:37:55.544" intervalms="11.208" />
<gc-start id="5073" type="partial gc" contextid="5072" timestamp="2019-07-07T05:37:55.544">
  <mem-info id="5074" free="14680064" total="60817408" percent="24">
    <mem type="eden" free="1048304" total="23068672" percent="4" />
    <remembered-set count="31392" freebytes="2302080" totalbytes="2427648" percent="94" regionsoverflowed="0" regionsstable="6" regionsrebuilding="0"/>
  </mem-info>
</gc-start>
<allocation-stats totalBytes="22009088" >
  <allocated-bytes non-tlh="0" tlh="22009088" arrayletleaf="0"/>
  <largest-consumer threadName="main" threadId="000000000202A700" bytes="22009088" />
</allocation-stats>
<gc-op id="5075" type="copy forward" timems="3.855" contextid="5072" timestamp="2019-07-07T05:37:55.548">
  <memory-copied type="eden" objects="8" bytes="192" bytesdiscarded="0" />
  <memory-copied type="other" objects="39349" bytes="915976" bytesdiscarded="0" />
  <memory-cardclean objects="3039" bytes="222864" />
  <regions eden="21" other="4" />
  <remembered-set-cleared processed="29592" cleared="1390" durationms="0.259" />
  <references type="soft" candidates="2" cleared="0" enqueued="0" dynamicThreshold="19" maxThreshold="32" />
  <references type="weak" candidates="63" cleared="0" enqueued="0" />
  <stringconstants candidates="13269" cleared="0"  />
</gc-op>
<gc-op id="5076" type="classunload" timems="0.003" contextid="5072" timestamp="2019-07-07T05:37:55.548">
  <classunload-info classloadercandidates="53" classloadersunloaded="0" classesunloaded="0" anonymousclassesunloaded="0" quiescems="0.000" setupms="0.003" scanms="0.000" postms="0.000" />
</gc-op>
<heap-resize id="5077" type="contract" space="default" amount="1048576" count="1" timems="0.049" reason="excess free space following gc" timestamp="2019-07-07T05:37:55.549" />
<gc-end id="5078" type="partial gc" contextid="5072" durationms="5.027" usertimems="4.000" systemtimems="0.000" timestamp="2019-07-07T05:37:55.549" activeThreads="1">
  <mem-info id="5079" free="36700160" total="59768832" percent="61">
    <mem type="eden" free="1048384" total="1048576" percent="99" />
    <remembered-set count="31008" freebytes="2303616" totalbytes="2427648" percent="94" regionsoverflowed="0" regionsstable="6" regionsrebuilding="0"/>
  </mem-info>
</gc-end>
<cycle-end id="5080" type="partial gc" contextid="5072" timestamp="2019-07-07T05:37:55.549" />
  <attribute name="elasticGC enabled" value="1" />
  <attribute name= "numThreadsSpecified" value="1" />
  <attribute name="heapSize specified" value="0" />
  <attribute name="Current GC Util" value="40" />
  <attribute name= "Current Time Running" value="26346" />
  <attribute name ="GC Interval" value="0" />
  <attribute name="ProportionalT" value="10.000000" />
  <attribute name="ProportionalI" value="10.000000" />
  <attribute name="ProportionalH" value="10.000000" />
  <attribute name="Current Error" value="20.000000" />
  <attribute name="IntegralT" value="0.000000" />
  <attribute name="IntegralI" value="0.000000" />
  <attribute name="IntegralH" value="0.000000" />
  <attribute name="DerivativeT" value="inf" />
  <attribute name="DerivativeI" value="inf" />
  <attribute name="DerivativeH" value="inf" />
  <attribute name="Loop Time for DT" value="0.000000" />
  <attribute name="Output H" value="8388608"/>
  <attribute name="Output I" value="200"/>
  <attribute name="Output T" value="1"/>
  <attribute name="Target GC Util Change" value ="20.000000" />
  <attribute name="Current GC Util Change" value="40.000000"/>
  <attribute name="GC Util currently" value="40" />
  <attribute name="CPU Util currently" value="18329216904529" />
<exclusive-end id="5081" timestamp="2019-07-07T05:37:55.549" durationms="5.925" />

<exclusive-start id="5082" timestamp="2019-07-07T05:37:55.556" intervalms="13.013">
  <response-info timems="0.073" idlems="0.073" threads="0" lastid="000000000202A700" lastname="main" />
</exclusive-start>
<allocation-taxation id="5083" taxation-threshold="22020096" timestamp="2019-07-07T05:37:55.557" intervalms="13.017" />
<cycle-start id="5084" type="partial gc" contextid="0" timestamp="2019-07-07T05:37:55.557" intervalms="12.964" />
<gc-start id="5085" type="partial gc" contextid="5084" timestamp="2019-07-07T05:37:55.557">
  <mem-info id="5086" free="14680064" total="59768832" percent="24">
    <mem type="eden" free="1048384" total="23068672" percent="4" />
    <remembered-set count="31008" freebytes="2303616" totalbytes="2427648" percent="94" regionsoverflowed="0" regionsstable="6" regionsrebuilding="0"/>
  </mem-info>
</gc-start>
<allocation-stats totalBytes="22008312" >
  <allocated-bytes non-tlh="0" tlh="22008312" arrayletleaf="0"/>
  <largest-consumer threadName="main" threadId="000000000202A700" bytes="22008312" />
</allocation-stats>
<gc-op id="5087" type="copy forward" timems="1.770" contextid="5084" timestamp="2019-07-07T05:37:55.559">
  <memory-copied type="eden" objects="6" bytes="360" bytesdiscarded="0" />
  <memory-copied type="other" objects="17" bytes="552" bytesdiscarded="0" />
  <memory-cardclean objects="9595" bytes="516416" />
  <regions eden="21" other="2" />
  <remembered-set-cleared processed="27501" cleared="2304" durationms="0.202" />
  <stringconstants candidates="13269" cleared="0"  />
</gc-op>
<gc-op id="5088" type="classunload" timems="0.004" contextid="5084" timestamp="2019-07-07T05:37:55.560">
  <classunload-info classloadercandidates="53" classloadersunloaded="0" classesunloaded="0" anonymousclassesunloaded="0" quiescems="0.000" setupms="0.004" scanms="0.000" postms="0.000" />
</gc-op>
<gc-end id="5089" type="partial gc" contextid="5084" durationms="2.967" usertimems="4.000" systemtimems="0.000" timestamp="2019-07-07T05:37:55.560" activeThreads="4">
  <mem-info id="5090" free="36700160" total="59768832" percent="61">
    <mem type="eden" free="1048216" total="1048576" percent="99" />
    <remembered-set count="28480" freebytes="2271872" totalbytes="2385792" percent="95" regionsoverflowed="0" regionsstable="6" regionsrebuilding="0"/>
  </mem-info>
</gc-end>
<cycle-end id="5091" type="partial gc" contextid="5084" timestamp="2019-07-07T05:37:55.560" />
  <attribute name="elasticGC enabled" value="1" />
  <attribute name= "numThreadsSpecified" value="4" />
  <attribute name="heapSize specified" value="0" />
  <attribute name="Current GC Util" value="35" />
  <attribute name= "Current Time Running" value="26359" />
  <attribute name ="GC Interval" value="0" />
  <attribute name="ProportionalT" value="7.500000" />
  <attribute name="ProportionalI" value="7.500000" />
  <attribute name="ProportionalH" value="7.500000" />
  <attribute name="Current Error" value="15.000000" />
  <attribute name="IntegralT" value="0.000000" />
  <attribute name="IntegralI" value="0.000000" />
  <attribute name="IntegralH" value="0.000000" />
  <attribute name="DerivativeT" value="-inf" />
  <attribute name="DerivativeI" value="-inf" />
  <attribute name="DerivativeH" value="-inf" />
  <attribute name="Loop Time for DT" value="0.000000" />
  <attribute name="Output H" value="2091843584"/>
  <attribute name="Output I" value="200"/>
  <attribute name="Output T" value="4"/>
  <attribute name="Target GC Util Change" value ="20.000000" />
  <attribute name="Current GC Util Change" value="35.000000"/>
  <attribute name="GC Util currently" value="35" />
  <attribute name="CPU Util currently" value="10690467544407" />
<exclusive-end id="5092" timestamp="2019-07-07T05:37:55.560" durationms="3.859" />

<exclusive-start id="5093" timestamp="2019-07-07T05:37:55.567" intervalms="10.838">
  <response-info timems="0.069" idlems="0.069" threads="0" lastid="000000000202A700" lastname="main" />
</exclusive-start>
<allocation-taxation id="5094" taxation-threshold="22020096" timestamp="2019-07-07T05:37:55.567" intervalms="10.835" />
<cycle-start id="5095" type="partial gc" contextid="0" timestamp="2019-07-07T05:37:55.567" intervalms="10.840" />
<gc-start id="5096" type="partial gc" contextid="5095" timestamp="2019-07-07T05:37:55.568">
  <mem-info id="5097" free="14680064" total="59768832" percent="24">
    <mem type="eden" free="1048216" total="23068672" percent="4" />
    <remembered-set count="28032" freebytes="2273664" totalbytes="2385792" percent="95" regionsoverflowed="0" regionsstable="6" regionsrebuilding="0"/>
  </mem-info>
</gc-start>
<allocation-stats totalBytes="22008360" >
  <allocated-bytes non-tlh="0" tlh="22008360" arrayletleaf="0"/>
  <largest-consumer threadName="main" threadId="000000000202A700" bytes="22008360" />
</allocation-stats>
<gc-op id="5098" type="copy forward" timems="0.918" contextid="5095" timestamp="2019-07-07T05:37:55.569">
  <memory-copied type="eden" objects="6" bytes="272" bytesdiscarded="0" />
  <memory-copied type="other" objects="49" bytes="1448" bytesdiscarded="0" />
  <memory-cardclean objects="49" bytes="10464" />
  <regions eden="21" other="2" />
  <remembered-set-cleared processed="27070" cleared="47" durationms="0.233" />
  <references type="weak" candidates="30" cleared="0" enqueued="0" />
  <stringconstants candidates="13269" cleared="0"  />
</gc-op>
<gc-op id="5099" type="classunload" timems="0.003" contextid="5095" timestamp="2019-07-07T05:37:55.569">
  <classunload-info classloadercandidates="53" classloadersunloaded="0" classesunloaded="0" anonymousclassesunloaded="0" quiescems="0.000" setupms="0.003" scanms="0.000" postms="0.000" />
</gc-op>
<gc-end id="5100" type="partial gc" contextid="5095" durationms="1.875" usertimems="0.000" systemtimems="0.000" timestamp="2019-07-07T05:37:55.570" activeThreads="1">
  <mem-info id="5101" free="36700160" total="59768832" percent="61">
    <mem type="eden" free="1048304" total="1048576" percent="99" />
    <remembered-set count="28416" freebytes="2272128" totalbytes="2385792" percent="95" regionsoverflowed="0" regionsstable="6" regionsrebuilding="0"/>
  </mem-info>
</gc-end>
<cycle-end id="5102" type="partial gc" contextid="5095" timestamp="2019-07-07T05:37:55.570" />
  <attribute name="elasticGC enabled" value="1" />
  <attribute name= "numThreadsSpecified" value="1" />
  <attribute name="heapSize specified" value="0" />
  <attribute name="Current GC Util" value="52" />
  <attribute name= "Current Time Running" value="26370" />
  <attribute name ="GC Interval" value="0" />
  <attribute name="ProportionalT" value="16.000000" />
  <attribute name="ProportionalI" value="16.000000" />
  <attribute name="ProportionalH" value="16.000000" />
  <attribute name="Current Error" value="32.000000" />
  <attribute name="IntegralT" value="0.000000" />
  <attribute name="IntegralI" value="0.000000" />
  <attribute name="IntegralH" value="0.000000" />
  <attribute name="DerivativeT" value="inf" />
  <attribute name="DerivativeI" value="inf" />
  <attribute name="DerivativeH" value="inf" />
  <attribute name="Loop Time for DT" value="0.000000" />
  <attribute name="Output H" value="8388608"/>
  <attribute name="Output I" value="200"/>
  <attribute name="Output T" value="1"/>
  <attribute name="Target GC Util Change" value ="20.000000" />
  <attribute name="Current GC Util Change" value="52.000000"/>
  <attribute name="GC Util currently" value="52" />
  <attribute name="CPU Util currently" value="22376722938655" />
<exclusive-end id="5103" timestamp="2019-07-07T05:37:55.570" durationms="2.765" />

<exclusive-start id="5104" timestamp="2019-07-07T05:37:55.577" intervalms="10.062">
  <response-info timems="0.069" idlems="0.069" threads="0" lastid="000000000202A700" lastname="main" />
</exclusive-start>
<allocation-taxation id="5105" taxation-threshold="22020096" timestamp="2019-07-07T05:37:55.577" intervalms="10.065" />
<cycle-start id="5106" type="partial gc" contextid="0" timestamp="2019-07-07T05:37:55.578" intervalms="10.146" />
<gc-start id="5107" type="partial gc" contextid="5106" timestamp="2019-07-07T05:37:55.578">
  <mem-info id="5108" free="14680064" total="59768832" percent="24">
    <mem type="eden" free="1048304" total="23068672" percent="4" />
    <remembered-set count="28000" freebytes="2273792" totalbytes="2385792" percent="95" regionsoverflowed="0" regionsstable="6" regionsrebuilding="0"/>
  </mem-info>
</gc-start>
<allocation-stats totalBytes="22004920" >
  <allocated-bytes non-tlh="0" tlh="22004920" arrayletleaf="0"/>
  <largest-consumer threadName="main" threadId="000000000202A700" bytes="22004920" />
</allocation-stats>
<gc-op id="5109" type="copy forward" timems="0.903" contextid="5106" timestamp="2019-07-07T05:37:55.580">
  <memory-copied type="eden" objects="28" bytes="1384" bytesdiscarded="0" />
  <memory-copied type="other" objects="0" bytes="0" bytesdiscarded="0" />
  <memory-cardclean objects="87" bytes="2616" />
  <regions eden="21" other="1" />
  <remembered-set-cleared processed="27061" cleared="23" durationms="0.239" />
  <stringconstants candidates="13269" cleared="0"  />
</gc-op>
<gc-op id="5110" type="classunload" timems="0.004" contextid="5106" timestamp="2019-07-07T05:37:55.580">
  <classunload-info classloadercandidates="53" classloadersunloaded="0" classesunloaded="0" anonymousclassesunloaded="0" quiescems="0.000" setupms="0.003" scanms="0.000" postms="0.000" />
</gc-op>
<gc-end id="5111" type="partial gc" contextid="5106" durationms="2.027" usertimems="0.000" systemtimems="0.000" timestamp="2019-07-07T05:37:55.580" activeThreads="1">
  <mem-info id="5112" free="36700160" total="59768832" percent="61">
    <mem type="eden" free="1047192" total="1048576" percent="99" />
    <remembered-set count="28384" freebytes="2272256" totalbytes="2385792" percent="95" regionsoverflowed="0" regionsstable="6" regionsrebuilding="0"/>
  </mem-info>
</gc-end>
<cycle-end id="5113" type="partial gc" contextid="5106" timestamp="2019-07-07T05:37:55.580" />
  <attribute name="elasticGC enabled" value="1" />
  <attribute name= "numThreadsSpecified" value="1" />
  <attribute name="heapSize specified" value="0" />
  <attribute name="Current GC Util" value="64" />
  <attribute name= "Current Time Running" value="26380" />
  <attribute name ="GC Interval" value="0" />
  <attribute name="ProportionalT" value="22.000000" />
  <attribute name="ProportionalI" value="22.000000" />
  <attribute name="ProportionalH" value="22.000000" />
  <attribute name="Current Error" value="44.000000" />
  <attribute name="IntegralT" value="0.000000" />
  <attribute name="IntegralI" value="0.000000" />
  <attribute name="IntegralH" value="0.000000" />
  <attribute name="DerivativeT" value="inf" />
  <attribute name="DerivativeI" value="inf" />
  <attribute name="DerivativeH" value="inf" />
  <attribute name="Loop Time for DT" value="0.000000" />
  <attribute name="Output H" value="8388608"/>
  <attribute name="Output I" value="200"/>
  <attribute name="Output T" value="1"/>
  <attribute name="Target GC Util Change" value ="20.000000" />
  <attribute name="Current GC Util Change" value="64.000000"/>
  <attribute name="GC Util currently" value="64" />
  <attribute name="CPU Util currently" value="19583611666677" />
<exclusive-end id="5114" timestamp="2019-07-07T05:37:55.580" durationms="3.108" />

<exclusive-start id="5115" timestamp="2019-07-07T05:37:55.588" intervalms="10.464">
  <response-info timems="0.069" idlems="0.069" threads="0" lastid="000000000202A700" lastname="main" />
</exclusive-start>
<allocation-taxation id="5116" taxation-threshold="22020096" timestamp="2019-07-07T05:37:55.588" intervalms="10.462" />
<cycle-start id="5117" type="partial gc" contextid="0" timestamp="2019-07-07T05:37:55.588" intervalms="10.468" />
<gc-start id="5118" type="partial gc" contextid="5117" timestamp="2019-07-07T05:37:55.588">
  <mem-info id="5119" free="14680064" total="59768832" percent="24">
    <mem type="eden" free="0" total="22020096" percent="0" />
    <remembered-set count="27904" freebytes="2274176" totalbytes="2385792" percent="95" regionsoverflowed="0" regionsstable="6" regionsrebuilding="0"/>
  </mem-info>
</gc-start>
<allocation-stats totalBytes="22001160" >
  <allocated-bytes non-tlh="0" tlh="22001160" arrayletleaf="0"/>
  <largest-consumer threadName="main" threadId="000000000202A700" bytes="22001160" />
</allocation-stats>
<gc-op id="5120" type="copy forward" timems="1.453" contextid="5117" timestamp="2019-07-07T05:37:55.591">
  <memory-copied type="eden" objects="6" bytes="192" bytesdiscarded="0" />
  <memory-copied type="other" objects="22" bytes="952" bytesdiscarded="648" />
  <memory-cardclean objects="70" bytes="2280" />
  <regions eden="21" other="1" />
  <remembered-set-cleared processed="27070" cleared="32" durationms="0.188" />
  <stringconstants candidates="13269" cleared="0"  />
</gc-op>
<gc-op id="5121" type="classunload" timems="0.003" contextid="5117" timestamp="2019-07-07T05:37:55.591">
  <classunload-info classloadercandidates="53" classloadersunloaded="0" classesunloaded="0" anonymousclassesunloaded="0" quiescems="0.000" setupms="0.003" scanms="0.000" postms="0.000" />
</gc-op>
<heap-resize id="5122" type="expand" space="default" amount="1048576" count="1" timems="0.047" reason="excessive time being spent in gc" timestamp="2019-07-07T05:37:55.591" />
<gc-end id="5123" type="partial gc" contextid="5117" durationms="2.913" usertimems="4.000" systemtimems="0.000" timestamp="2019-07-07T05:37:55.591" activeThreads="4">
  <mem-info id="5124" free="36700160" total="60817408" percent="60">
    <mem type="eden" free="1048384" total="1048576" percent="99" />
    <remembered-set count="28768" freebytes="2312576" totalbytes="2427648" percent="95" regionsoverflowed="0" regionsstable="6" regionsrebuilding="0"/>
  </mem-info>
</gc-end>
<cycle-end id="5125" type="partial gc" contextid="5117" timestamp="2019-07-07T05:37:55.591" />
  <attribute name="elasticGC enabled" value="1" />
  <attribute name= "numThreadsSpecified" value="4" />
  <attribute name="heapSize specified" value="0" />
  <attribute name="Current GC Util" value="173" />
  <attribute name= "Current Time Running" value="26391" />
  <attribute name ="GC Interval" value="0" />
  <attribute name="ProportionalT" value="76.500000" />
  <attribute name="ProportionalI" value="76.500000" />
  <attribute name="ProportionalH" value="76.500000" />
  <attribute name="Current Error" value="153.000000" />
  <attribute name="IntegralT" value="76.500000" />
  <attribute name="IntegralI" value="76.500000" />
  <attribute name="IntegralH" value="76.500000" />
  <attribute name="DerivativeT" value="153.000000" />
  <attribute name="DerivativeI" value="153.000000" />
  <attribute name="DerivativeH" value="153.000000" />
  <attribute name="Loop Time for DT" value="1.000000" />
  <attribute name="Output H" value="8388608"/>
  <attribute name="Output I" value="312"/>
  <attribute name="Output T" value="4"/>
  <attribute name="Target GC Util Change" value ="20.000000" />
  <attribute name="Current GC Util Change" value="173.000000"/>
  <attribute name="GC Util currently" value="173" />
  <attribute name="CPU Util currently" value="10293574248441" />
<exclusive-end id="5126" timestamp="2019-07-07T05:37:55.592" durationms="3.821" />

<exclusive-start id="5127" timestamp="2019-07-07T05:37:55.599" intervalms="11.142">
  <response-info timems="0.082" idlems="0.082" threads="0" lastid="000000000202A700" lastname="main" />
</exclusive-start>
<allocation-taxation id="5128" taxation-threshold="22020096" timestamp="2019-07-07T05:37:55.599" intervalms="11.081" />
<cycle-start id="5129" type="partial gc" contextid="0" timestamp="2019-07-07T05:37:55.599" intervalms="10.988" />
<gc-start id="5130" type="partial gc" contextid="5129" timestamp="2019-07-07T05:37:55.599">
  <mem-info id="5131" free="14680064" total="60817408" percent="24">
    <mem type="eden" free="1048384" total="23068672" percent="4" />
    <remembered-set count="28768" freebytes="2312576" totalbytes="2427648" percent="95" regionsoverflowed="0" regionsstable="6" regionsrebuilding="0"/>
  </mem-info>
</gc-start>
<allocation-stats totalBytes="22001032" >
  <allocated-bytes non-tlh="0" tlh="22001032" arrayletleaf="0"/>
  <largest-consumer threadName="main" threadId="000000000202A700" bytes="22001032" />
</allocation-stats>
<gc-op id="5132" type="copy forward" timems="2.363" contextid="5129" timestamp="2019-07-07T05:37:55.603">
  <memory-copied type="eden" objects="6" bytes="248" bytesdiscarded="0" />
  <memory-copied type="other" objects="0" bytes="0" bytesdiscarded="0" />
  <memory-cardclean objects="15" bytes="504" />
  <regions eden="21" other="1" />
  <remembered-set-cleared processed="27074" cleared="10" durationms="0.211" />
  <stringconstants candidates="13269" cleared="0"  />
</gc-op>
<gc-op id="5133" type="classunload" timems="0.004" contextid="5129" timestamp="2019-07-07T05:37:55.603">
  <classunload-info classloadercandidates="53" classloadersunloaded="0" classesunloaded="0" anonymousclassesunloaded="0" quiescems="0.000" setupms="0.003" scanms="0.000" postms="0.000" />
</gc-op>
<gc-end id="5134" type="partial gc" contextid="5129" durationms="3.653" usertimems="8.000" systemtimems="0.000" timestamp="2019-07-07T05:37:55.603" activeThreads="4">
  <mem-info id="5135" free="36700160" total="60817408" percent="60">
    <mem type="eden" free="1048328" total="1048576" percent="99" />
    <remembered-set count="28384" freebytes="2314112" totalbytes="2427648" percent="95" regionsoverflowed="0" regionsstable="6" regionsrebuilding="0"/>
  </mem-info>
</gc-end>
<cycle-end id="5136" type="partial gc" contextid="5129" timestamp="2019-07-07T05:37:55.603" />
  <attribute name="elasticGC enabled" value="1" />
  <attribute name= "numThreadsSpecified" value="4" />
  <attribute name="heapSize specified" value="0" />
  <attribute name="Current GC Util" value="150" />
  <attribute name= "Current Time Running" value="26402" />
  <attribute name ="GC Interval" value="0" />
  <attribute name="ProportionalT" value="65.000000" />
  <attribute name="ProportionalI" value="65.000000" />
  <attribute name="ProportionalH" value="65.000000" />
  <attribute name="Current Error" value="130.000000" />
  <attribute name="IntegralT" value="65.000000" />
  <attribute name="IntegralI" value="65.000000" />
  <attribute name="IntegralH" value="65.000000" />
  <attribute name="DerivativeT" value="116.000000" />
  <attribute name="DerivativeI" value="116.000000" />
  <attribute name="DerivativeH" value="116.000000" />
  <attribute name="Loop Time for DT" value="1.000000" />
  <attribute name="Output H" value="8388608"/>
  <attribute name="Output I" value="248"/>
  <attribute name="Output T" value="4"/>
  <attribute name="Target GC Util Change" value ="20.000000" />
  <attribute name="Current GC Util Change" value="150.000000"/>
  <attribute name="GC Util currently" value="150" />
  <attribute name="CPU Util currently" value="9063883821042" />
<exclusive-end id="5137" timestamp="2019-07-07T05:37:55.603" durationms="4.440" />

<exclusive-start id="5138" timestamp="2019-07-07T05:37:55.611" intervalms="11.754">
  <response-info timems="0.082" idlems="0.082" threads="0" lastid="000000000202A700" lastname="main" />
</exclusive-start>
<allocation-taxation id="5139" taxation-threshold="22020096" timestamp="2019-07-07T05:37:55.611" intervalms="11.823" />
<cycle-start id="5140" type="partial gc" contextid="0" timestamp="2019-07-07T05:37:55.611" intervalms="11.911" />
<gc-start id="5141" type="partial gc" contextid="5140" timestamp="2019-07-07T05:37:55.611">
  <mem-info id="5142" free="14680064" total="60817408" percent="24">
    <mem type="eden" free="1048328" total="23068672" percent="4" />
    <remembered-set count="27904" freebytes="2316032" totalbytes="2427648" percent="95" regionsoverflowed="0" regionsstable="6" regionsrebuilding="0"/>
  </mem-info>
</gc-start>
<allocation-stats totalBytes="21999984" >
  <allocated-bytes non-tlh="0" tlh="21999984" arrayletleaf="0"/>
  <largest-consumer threadName="main" threadId="000000000202A700" bytes="21999984" />
</allocation-stats>
<gc-op id="5143" type="copy forward" timems="1.155" contextid="5140" timestamp="2019-07-07T05:37:55.613">
  <memory-copied type="eden" objects="6" bytes="256" bytesdiscarded="0" />
  <memory-copied type="other" objects="0" bytes="0" bytesdiscarded="0" />
  <memory-cardclean objects="15" bytes="504" />
  <regions eden="21" other="1" />
  <remembered-set-cleared processed="27071" cleared="7" durationms="0.237" />
  <stringconstants candidates="13269" cleared="0"  />
</gc-op>
<gc-op id="5144" type="classunload" timems="0.004" contextid="5140" timestamp="2019-07-07T05:37:55.614">
  <classunload-info classloadercandidates="53" classloadersunloaded="0" classesunloaded="0" anonymousclassesunloaded="0" quiescems="0.000" setupms="0.004" scanms="0.000" postms="0.000" />
</gc-op>
<gc-end id="5145" type="partial gc" contextid="5140" durationms="2.474" usertimems="0.000" systemtimems="4.000" timestamp="2019-07-07T05:37:55.614" activeThreads="1">
  <mem-info id="5146" free="36700160" total="60817408" percent="60">
    <mem type="eden" free="1048320" total="1048576" percent="99" />
    <remembered-set count="28384" freebytes="2314112" totalbytes="2427648" percent="95" regionsoverflowed="0" regionsstable="6" regionsrebuilding="0"/>
  </mem-info>
</gc-end>
<cycle-end id="5147" type="partial gc" contextid="5140" timestamp="2019-07-07T05:37:55.614" />
  <attribute name="elasticGC enabled" value="1" />
  <attribute name= "numThreadsSpecified" value="1" />
  <attribute name="heapSize specified" value="0" />
  <attribute name="Current GC Util" value="165" />
  <attribute name= "Current Time Running" value="26414" />
  <attribute name ="GC Interval" value="0" />
  <attribute name="ProportionalT" value="72.500000" />
  <attribute name="ProportionalI" value="72.500000" />
  <attribute name="ProportionalH" value="72.500000" />
  <attribute name="Current Error" value="145.000000" />
  <attribute name="IntegralT" value="0.000000" />
  <attribute name="IntegralI" value="0.000000" />
  <attribute name="IntegralH" value="0.000000" />
  <attribute name="DerivativeT" value="inf" />
  <attribute name="DerivativeI" value="inf" />
  <attribute name="DerivativeH" value="inf" />
  <attribute name="Loop Time for DT" value="0.000000" />
  <attribute name="Output H" value="8388608"/>
  <attribute name="Output I" value="200"/>
  <attribute name="Output T" value="1"/>
  <attribute name="Target GC Util Change" value ="20.000000" />
  <attribute name="Current GC Util Change" value="165.000000"/>
  <attribute name="GC Util currently" value="165" />
  <attribute name="CPU Util currently" value="10042979475426" />
<exclusive-end id="5148" timestamp="2019-07-07T05:37:55.614" durationms="3.571" />

<exclusive-start id="5149" timestamp="2019-07-07T05:37:55.630" intervalms="19.781">
  <response-info timems="0.072" idlems="0.072" threads="0" lastid="000000000202A700" lastname="main" />
</exclusive-start>
<allocation-taxation id="5150" taxation-threshold="22020096" timestamp="2019-07-07T05:37:55.631" intervalms="19.760" />
<cycle-start id="5151" type="partial gc" contextid="0" timestamp="2019-07-07T05:37:55.631" intervalms="19.764" />
<gc-start id="5152" type="partial gc" contextid="5151" timestamp="2019-07-07T05:37:55.631">
  <mem-info id="5153" free="14680064" total="60817408" percent="24">
    <mem type="eden" free="1048320" total="23068672" percent="4" />
    <remembered-set count="27904" freebytes="2316032" totalbytes="2427648" percent="95" regionsoverflowed="0" regionsstable="6" regionsrebuilding="0"/>
  </mem-info>
</gc-start>
<allocation-stats totalBytes="22009160" >
  <allocated-bytes non-tlh="0" tlh="22009160" arrayletleaf="0"/>
  <largest-consumer threadName="main" threadId="000000000202A700" bytes="22009160" />
</allocation-stats>
<gc-op id="5154" type="copy forward" timems="3.150" contextid="5151" timestamp="2019-07-07T05:37:55.635">
  <memory-copied type="eden" objects="47" bytes="2120" bytesdiscarded="0" />
  <memory-copied type="other" objects="0" bytes="0" bytesdiscarded="0" />
  <memory-cardclean objects="80" bytes="2648" />
  <regions eden="21" other="1" />
  <remembered-set-cleared processed="27071" cleared="21" durationms="0.274" />
  <stringconstants candidates="13269" cleared="0"  />
</gc-op>
<gc-op id="5155" type="classunload" timems="0.004" contextid="5151" timestamp="2019-07-07T05:37:55.635">
  <classunload-info classloadercandidates="53" classloadersunloaded="0" classesunloaded="0" anonymousclassesunloaded="0" quiescems="0.000" setupms="0.004" scanms="0.000" postms="0.000" />
</gc-op>
<gc-end id="5156" type="partial gc" contextid="5151" durationms="4.443" usertimems="8.000" systemtimems="0.000" timestamp="2019-07-07T05:37:55.635" activeThreads="4">
  <mem-info id="5157" free="36700160" total="60817408" percent="60">
    <mem type="eden" free="1046456" total="1048576" percent="99" />
    <remembered-set count="28896" freebytes="2312064" totalbytes="2427648" percent="95" regionsoverflowed="0" regionsstable="6" regionsrebuilding="0"/>
  </mem-info>
</gc-end>
<cycle-end id="5158" type="partial gc" contextid="5151" timestamp="2019-07-07T05:37:55.636" />
  <attribute name="elasticGC enabled" value="1" />
  <attribute name= "numThreadsSpecified" value="4" />
  <attribute name="heapSize specified" value="0" />
  <attribute name="Current GC Util" value="304" />
  <attribute name= "Current Time Running" value="26434" />
  <attribute name ="GC Interval" value="0" />
  <attribute name="ProportionalT" value="142.000000" />
  <attribute name="ProportionalI" value="142.000000" />
  <attribute name="ProportionalH" value="142.000000" />
  <attribute name="Current Error" value="284.000000" />
  <attribute name="IntegralT" value="142.000000" />
  <attribute name="IntegralI" value="142.000000" />
  <attribute name="IntegralH" value="142.000000" />
  <attribute name="DerivativeT" value="284.000000" />
  <attribute name="DerivativeI" value="284.000000" />
  <attribute name="DerivativeH" value="284.000000" />
  <attribute name="Loop Time for DT" value="1.000000" />
  <attribute name="Output H" value="8388608"/>
  <attribute name="Output I" value="568"/>
  <attribute name="Output T" value="4"/>
  <attribute name="Target GC Util Change" value ="20.000000" />
  <attribute name="Current GC Util Change" value="304.000000"/>
  <attribute name="GC Util currently" value="304" />
  <attribute name="CPU Util currently" value="9681094046814" />
<exclusive-end id="5159" timestamp="2019-07-07T05:37:55.636" durationms="5.459" />

<exclusive-start id="5160" timestamp="2019-07-07T05:37:55.659" intervalms="28.858">
  <response-info timems="0.081" idlems="0.081" threads="0" lastid="000000000202A700" lastname="main" />
</exclusive-start>
<allocation-taxation id="5161" taxation-threshold="22020096" timestamp="2019-07-07T05:37:55.659" intervalms="28.812" />
<cycle-start id="5162" type="partial gc" contextid="0" timestamp="2019-07-07T05:37:55.659" intervalms="28.715" />
<gc-start id="5163" type="partial gc" contextid="5162" timestamp="2019-07-07T05:37:55.660">
  <mem-info id="5164" free="14680064" total="60817408" percent="24">
    <mem type="eden" free="0" total="22020096" percent="0" />
    <remembered-set count="28416" freebytes="2313984" totalbytes="2427648" percent="95" regionsoverflowed="0" regionsstable="6" regionsrebuilding="0"/>
  </mem-info>
</gc-start>
<allocation-stats totalBytes="22015160" >
  <allocated-bytes non-tlh="0" tlh="22015160" arrayletleaf="0"/>
  <largest-consumer threadName="main" threadId="000000000202A700" bytes="22015160" />
</allocation-stats>
<gc-op id="5165" type="copy forward" timems="1.141" contextid="5162" timestamp="2019-07-07T05:37:55.662">
  <memory-copied type="eden" objects="21" bytes="936" bytesdiscarded="0" />
  <memory-copied type="other" objects="22" bytes="976" bytesdiscarded="0" />
  <memory-cardclean objects="67" bytes="2376" />
  <regions eden="21" other="1" />
  <remembered-set-cleared processed="27079" cleared="29" durationms="0.233" />
  <stringconstants candidates="13269" cleared="0"  />
</gc-op>
<gc-op id="5166" type="classunload" timems="0.003" contextid="5162" timestamp="2019-07-07T05:37:55.662">
  <classunload-info classloadercandidates="53" classloadersunloaded="0" classesunloaded="0" anonymousclassesunloaded="0" quiescems="0.000" setupms="0.003" scanms="0.000" postms="0.000" />
</gc-op>
<heap-resize id="5167" type="expand" space="default" amount="2097152" count="1" timems="0.049" reason="excessive time being spent in gc" timestamp="2019-07-07T05:37:55.662" />
<gc-end id="5168" type="partial gc" contextid="5162" durationms="2.440" usertimems="0.000" systemtimems="0.000" timestamp="2019-07-07T05:37:55.662" activeThreads="1">
  <mem-info id="5169" free="37748736" total="62914560" percent="60">
    <mem type="eden" free="1047640" total="1048576" percent="99" />
    <remembered-set count="28832" freebytes="2396032" totalbytes="2511360" percent="95" regionsoverflowed="0" regionsstable="6" regionsrebuilding="0"/>
  </mem-info>
</gc-end>
<cycle-end id="5170" type="partial gc" contextid="5162" timestamp="2019-07-07T05:37:55.662" />
  <attribute name="elasticGC enabled" value="1" />
  <attribute name= "numThreadsSpecified" value="1" />
  <attribute name="heapSize specified" value="0" />
  <attribute name="Current GC Util" value="180" />
  <attribute name= "Current Time Running" value="26462" />
  <attribute name ="GC Interval" value="0" />
  <attribute name="ProportionalT" value="80.000000" />
  <attribute name="ProportionalI" value="80.000000" />
  <attribute name="ProportionalH" value="80.000000" />
  <attribute name="Current Error" value="160.000000" />
  <attribute name="IntegralT" value="0.000000" />
  <attribute name="IntegralI" value="0.000000" />
  <attribute name="IntegralH" value="0.000000" />
  <attribute name="DerivativeT" value="inf" />
  <attribute name="DerivativeI" value="inf" />
  <attribute name="DerivativeH" value="inf" />
  <attribute name="Loop Time for DT" value="0.000000" />
  <attribute name="Output H" value="8388608"/>
  <attribute name="Output I" value="200"/>
  <attribute name="Output T" value="1"/>
  <attribute name="Target GC Util Change" value ="20.000000" />
  <attribute name="Current GC Util Change" value="180.000000"/>
  <attribute name="GC Util currently" value="180" />
  <attribute name="CPU Util currently" value="11377664409884" />
<exclusive-end id="5171" timestamp="2019-07-07T05:37:55.662" durationms="3.225" />

<exclusive-start id="5172" timestamp="2019-07-07T05:37:55.686" intervalms="26.592">
  <response-info timems="0.107" idlems="0.107" threads="0" lastid="000000000202A700" lastname="main" />
</exclusive-start>
<allocation-taxation id="5173" taxation-threshold="22020096" timestamp="2019-07-07T05:37:55.686" intervalms="26.670" />
<cycle-start id="5174" type="partial gc" contextid="0" timestamp="2019-07-07T05:37:55.686" intervalms="26.671" />
<gc-start id="5175" type="partial gc" contextid="5174" timestamp="2019-07-07T05:37:55.686">
  <mem-info id="5176" free="15728640" total="62914560" percent="25">
    <mem type="eden" free="1047640" total="23068672" percent="4" />
    <remembered-set count="28384" freebytes="2397824" totalbytes="2511360" percent="95" regionsoverflowed="0" regionsstable="6" regionsrebuilding="0"/>
  </mem-info>
</gc-start>
<allocation-stats totalBytes="22015224" >
  <allocated-bytes non-tlh="0" tlh="22015224" arrayletleaf="0"/>
  <largest-consumer threadName="main" threadId="000000000202A700" bytes="22015224" />
</allocation-stats>
<gc-op id="5177" type="copy forward" timems="1.112" contextid="5174" timestamp="2019-07-07T05:37:55.688">
  <memory-copied type="eden" objects="18" bytes="792" bytesdiscarded="0" />
  <memory-copied type="other" objects="0" bytes="0" bytesdiscarded="0" />
  <memory-cardclean objects="14" bytes="512" />
  <regions eden="21" other="1" />
  <remembered-set-cleared processed="27088" cleared="13" durationms="0.245" />
  <stringconstants candidates="13269" cleared="0"  />
</gc-op>
<gc-op id="5178" type="classunload" timems="0.004" contextid="5174" timestamp="2019-07-07T05:37:55.689">
  <classunload-info classloadercandidates="53" classloadersunloaded="0" classesunloaded="0" anonymousclassesunloaded="0" quiescems="0.000" setupms="0.004" scanms="0.000" postms="0.000" />
</gc-op>
<gc-end id="5179" type="partial gc" contextid="5174" durationms="2.400" usertimems="4.000" systemtimems="0.000" timestamp="2019-07-07T05:37:55.689" activeThreads="1">
  <mem-info id="5180" free="37748736" total="62914560" percent="60">
    <mem type="eden" free="1047784" total="1048576" percent="99" />
    <remembered-set count="28864" freebytes="2395904" totalbytes="2511360" percent="95" regionsoverflowed="0" regionsstable="6" regionsrebuilding="0"/>
  </mem-info>
</gc-end>
<cycle-end id="5181" type="partial gc" contextid="5174" timestamp="2019-07-07T05:37:55.689" />
  <attribute name="elasticGC enabled" value="1" />
  <attribute name= "numThreadsSpecified" value="1" />
  <attribute name="heapSize specified" value="0" />
  <attribute name="Current GC Util" value="301" />
  <attribute name= "Current Time Running" value="26489" />
  <attribute name ="GC Interval" value="0" />
  <attribute name="ProportionalT" value="140.500000" />
  <attribute name="ProportionalI" value="140.500000" />
  <attribute name="ProportionalH" value="140.500000" />
  <attribute name="Current Error" value="281.000000" />
  <attribute name="IntegralT" value="0.000000" />
  <attribute name="IntegralI" value="0.000000" />
  <attribute name="IntegralH" value="0.000000" />
  <attribute name="DerivativeT" value="inf" />
  <attribute name="DerivativeI" value="inf" />
  <attribute name="DerivativeH" value="inf" />
  <attribute name="Loop Time for DT" value="0.000000" />
  <attribute name="Output H" value="8388608"/>
  <attribute name="Output I" value="200"/>
  <attribute name="Output T" value="1"/>
  <attribute name="Target GC Util Change" value ="20.000000" />
  <attribute name="Current GC Util Change" value="301.000000"/>
  <attribute name="GC Util currently" value="301" />
  <attribute name="CPU Util currently" value="9848958036250" />
<exclusive-end id="5182" timestamp="2019-07-07T05:37:55.689" durationms="3.305" />

<exclusive-start id="5183" timestamp="2019-07-07T05:37:55.712" intervalms="26.326">
  <response-info timems="0.110" idlems="0.110" threads="0" lastid="000000000202A700" lastname="main" />
</exclusive-start>
<allocation-taxation id="5184" taxation-threshold="22020096" timestamp="2019-07-07T05:37:55.712" intervalms="26.293" />
<cycle-start id="5185" type="partial gc" contextid="0" timestamp="2019-07-07T05:37:55.712" intervalms="26.334" />
<gc-start id="5186" type="partial gc" contextid="5185" timestamp="2019-07-07T05:37:55.713">
  <mem-info id="5187" free="15728640" total="62914560" percent="25">
    <mem type="eden" free="1047784" total="23068672" percent="4" />
    <remembered-set count="28384" freebytes="2397824" totalbytes="2511360" percent="95" regionsoverflowed="0" regionsstable="6" regionsrebuilding="0"/>
  </mem-info>
</gc-start>
<allocation-stats totalBytes="22015160" >
  <allocated-bytes non-tlh="0" tlh="22015160" arrayletleaf="0"/>
  <largest-consumer threadName="main" threadId="000000000202A700" bytes="22015160" />
</allocation-stats>
<gc-op id="5188" type="copy forward" timems="1.127" contextid="5185" timestamp="2019-07-07T05:37:55.715">
  <memory-copied type="eden" objects="14" bytes="584" bytesdiscarded="0" />
  <memory-copied type="other" objects="0" bytes="0" bytesdiscarded="0" />
  <memory-cardclean objects="14" bytes="512" />
  <regions eden="21" other="1" />
  <remembered-set-cleared processed="27085" cleared="10" durationms="0.233" />
  <stringconstants candidates="13269" cleared="0"  />
</gc-op>
<gc-op id="5189" type="classunload" timems="0.004" contextid="5185" timestamp="2019-07-07T05:37:55.715">
  <classunload-info classloadercandidates="53" classloadersunloaded="0" classesunloaded="0" anonymousclassesunloaded="0" quiescems="0.000" setupms="0.004" scanms="0.000" postms="0.000" />
</gc-op>
<gc-end id="5190" type="partial gc" contextid="5185" durationms="2.473" usertimems="0.000" systemtimems="4.000" timestamp="2019-07-07T05:37:55.715" activeThreads="1">
  <mem-info id="5191" free="37748736" total="62914560" percent="60">
    <mem type="eden" free="1047992" total="1048576" percent="99" />
    <remembered-set count="28864" freebytes="2395904" totalbytes="2511360" percent="95" regionsoverflowed="0" regionsstable="6" regionsrebuilding="0"/>
  </mem-info>
</gc-end>
<cycle-end id="5192" type="partial gc" contextid="5185" timestamp="2019-07-07T05:37:55.715" />
  <attribute name="elasticGC enabled" value="1" />
  <attribute name= "numThreadsSpecified" value="1" />
  <attribute name="heapSize specified" value="0" />
  <attribute name="Current GC Util" value="325" />
  <attribute name= "Current Time Running" value="26515" />
  <attribute name ="GC Interval" value="0" />
  <attribute name="ProportionalT" value="152.500000" />
  <attribute name="ProportionalI" value="152.500000" />
  <attribute name="ProportionalH" value="152.500000" />
  <attribute name="Current Error" value="305.000000" />
  <attribute name="IntegralT" value="0.000000" />
  <attribute name="IntegralI" value="0.000000" />
  <attribute name="IntegralH" value="0.000000" />
  <attribute name="DerivativeT" value="inf" />
  <attribute name="DerivativeI" value="inf" />
  <attribute name="DerivativeH" value="inf" />
  <attribute name="Loop Time for DT" value="0.000000" />
  <attribute name="Output H" value="8388608"/>
  <attribute name="Output I" value="200"/>
  <attribute name="Output T" value="1"/>
  <attribute name="Target GC Util Change" value ="20.000000" />
  <attribute name="Current GC Util Change" value="325.000000"/>
  <attribute name="GC Util currently" value="325" />
  <attribute name="CPU Util currently" value="10839777924028" />
<exclusive-end id="5193" timestamp="2019-07-07T05:37:55.716" durationms="3.424" />

<exclusive-start id="5194" timestamp="2019-07-07T05:37:55.883" intervalms="170.932">
  <response-info timems="0.101" idlems="0.101" threads="0" lastid="000000000202A700" lastname="main" />
</exclusive-start>
<allocation-taxation id="5195" taxation-threshold="22020096" timestamp="2019-07-07T05:37:55.883" intervalms="171.034" />
<cycle-start id="5196" type="partial gc" contextid="0" timestamp="2019-07-07T05:37:55.884" intervalms="171.414" />
<gc-start id="5197" type="partial gc" contextid="5196" timestamp="2019-07-07T05:37:55.884">
  <mem-info id="5198" free="15728640" total="62914560" percent="25">
    <mem type="eden" free="1047992" total="23068672" percent="4" />
    <remembered-set count="28384" freebytes="2397824" totalbytes="2511360" percent="95" regionsoverflowed="0" regionsstable="6" regionsrebuilding="0"/>
  </mem-info>
</gc-start>
<allocation-stats totalBytes="21189344" >
  <allocated-bytes non-tlh="0" tlh="21189344" arrayletleaf="0"/>
  <largest-consumer threadName="main" threadId="000000000202A700" bytes="21189344" />
</allocation-stats>
<gc-op id="5199" type="copy forward" timems="1.319" contextid="5196" timestamp="2019-07-07T05:37:55.887">
  <memory-copied type="eden" objects="98" bytes="41208" bytesdiscarded="0" />
  <memory-copied type="other" objects="0" bytes="0" bytesdiscarded="0" />
  <memory-cardclean objects="100" bytes="3160" />
  <regions eden="21" other="1" />
  <remembered-set-cleared processed="27084" cleared="26" durationms="0.276" />
  <stringconstants candidates="13269" cleared="0"  />
</gc-op>
<gc-op id="5200" type="classunload" timems="0.004" contextid="5196" timestamp="2019-07-07T05:37:55.887">
  <classunload-info classloadercandidates="53" classloadersunloaded="0" classesunloaded="0" anonymousclassesunloaded="0" quiescems="0.000" setupms="0.004" scanms="0.000" postms="0.000" />
</gc-op>
<heap-resize id="5201" type="contract" space="default" amount="3145728" count="1" timems="0.057" reason="insufficient time being spent in gc" timestamp="2019-07-07T05:37:55.887" />
<gc-end id="5202" type="partial gc" contextid="5196" durationms="3.026" usertimems="4.000" systemtimems="0.000" timestamp="2019-07-07T05:37:55.887" activeThreads="1">
  <mem-info id="5203" free="34603008" total="59768832" percent="57">
    <mem type="eden" free="1007368" total="1048576" percent="96" />
    <remembered-set count="28864" freebytes="2395904" totalbytes="2511360" percent="95" regionsoverflowed="0" regionsstable="6" regionsrebuilding="0"/>
  </mem-info>
</gc-end>
<cycle-end id="5204" type="partial gc" contextid="5196" timestamp="2019-07-07T05:37:55.888" />
  <attribute name="elasticGC enabled" value="1" />
  <attribute name= "numThreadsSpecified" value="1" />
  <attribute name="heapSize specified" value="0" />
  <attribute name="Current GC Util" value="295" />
  <attribute name= "Current Time Running" value="26687" />
  <attribute name ="GC Interval" value="0" />
  <attribute name="ProportionalT" value="137.500000" />
  <attribute name="ProportionalI" value="137.500000" />
  <attribute name="ProportionalH" value="137.500000" />
  <attribute name="Current Error" value="275.000000" />
  <attribute name="IntegralT" value="0.000000" />
  <attribute name="IntegralI" value="0.000000" />
  <attribute name="IntegralH" value="0.000000" />
  <attribute name="DerivativeT" value="inf" />
  <attribute name="DerivativeI" value="inf" />
  <attribute name="DerivativeH" value="inf" />
  <attribute name="Loop Time for DT" value="0.000000" />
  <attribute name="Output H" value="8388608"/>
  <attribute name="Output I" value="200"/>
  <attribute name="Output T" value="1"/>
  <attribute name="Target GC Util Change" value ="20.000000" />
  <attribute name="Current GC Util Change" value="295.000000"/>
  <attribute name="GC Util currently" value="295" />
  <attribute name="CPU Util currently" value="9675325735142" />
<exclusive-end id="5205" timestamp="2019-07-07T05:37:55.888" durationms="4.688" />

<exclusive-start id="5206" timestamp="2019-07-07T05:37:55.891" intervalms="7.886">
  <response-info timems="0.083" idlems="0.083" threads="0" lastid="000000000202A700" lastname="main" />
</exclusive-start>
<allocation-taxation id="5207" taxation-threshold="22020096" timestamp="2019-07-07T05:37:55.891" intervalms="7.823" />
<cycle-start id="5208" type="partial gc" contextid="0" timestamp="2019-07-07T05:37:55.891" intervalms="7.432" />
<gc-start id="5209" type="partial gc" contextid="5208" timestamp="2019-07-07T05:37:55.892">
  <mem-info id="5210" free="12582912" total="59768832" percent="21">
    <mem type="eden" free="0" total="22020096" percent="0" />
    <remembered-set count="28448" freebytes="2397568" totalbytes="2511360" percent="95" regionsoverflowed="0" regionsstable="6" regionsrebuilding="0"/>
  </mem-info>
</gc-start>
<allocation-stats totalBytes="20624400" >
  <allocated-bytes non-tlh="0" tlh="20624400" arrayletleaf="0"/>
  <largest-consumer threadName="main" threadId="000000000202A700" bytes="20624400" />
</allocation-stats>
<gc-op id="5211" type="copy forward" timems="4.121" contextid="5208" timestamp="2019-07-07T05:37:55.897">
  <memory-copied type="eden" objects="12" bytes="20528" bytesdiscarded="1008" />
  <memory-copied type="other" objects="86" bytes="3456" bytesdiscarded="624" />
  <memory-cardclean objects="81" bytes="2792" />
  <regions eden="21" other="1" />
  <remembered-set-cleared processed="27102" cleared="44" durationms="0.309" />
  <stringconstants candidates="13269" cleared="0"  />
</gc-op>
<gc-op id="5212" type="classunload" timems="0.004" contextid="5208" timestamp="2019-07-07T05:37:55.897">
  <classunload-info classloadercandidates="53" classloadersunloaded="0" classesunloaded="0" anonymousclassesunloaded="0" quiescems="0.000" setupms="0.004" scanms="0.000" postms="0.000" />
</gc-op>
<gc-end id="5213" type="partial gc" contextid="5208" durationms="5.634" usertimems="12.000" systemtimems="0.000" timestamp="2019-07-07T05:37:55.897" activeThreads="4">
  <mem-info id="5214" free="33554432" total="59768832" percent="56">
    <mem type="eden" free="1027040" total="1048576" percent="97" />
    <remembered-set count="28928" freebytes="2270080" totalbytes="2385792" percent="95" regionsoverflowed="0" regionsstable="6" regionsrebuilding="0"/>
  </mem-info>
</gc-end>
<cycle-end id="5215" type="partial gc" contextid="5208" timestamp="2019-07-07T05:37:55.897" />
  <attribute name="elasticGC enabled" value="1" />
  <attribute name= "numThreadsSpecified" value="4" />
  <attribute name="heapSize specified" value="0" />
  <attribute name="Current GC Util" value="219" />
  <attribute name= "Current Time Running" value="26695" />
  <attribute name ="GC Interval" value="0" />
  <attribute name="ProportionalT" value="99.500000" />
  <attribute name="ProportionalI" value="99.500000" />
  <attribute name="ProportionalH" value="99.500000" />
  <attribute name="Current Error" value="199.000000" />
  <attribute name="IntegralT" value="99.500000" />
  <attribute name="IntegralI" value="99.500000" />
  <attribute name="IntegralH" value="99.500000" />
  <attribute name="DerivativeT" value="189.000000" />
  <attribute name="DerivativeI" value="189.000000" />
  <attribute name="DerivativeH" value="189.000000" />
  <attribute name="Loop Time for DT" value="1.000000" />
  <attribute name="Output H" value="8388608"/>
  <attribute name="Output I" value="392"/>
  <attribute name="Output T" value="4"/>
  <attribute name="Target GC Util Change" value ="20.000000" />
  <attribute name="Current GC Util Change" value="219.000000"/>
  <attribute name="GC Util currently" value="219" />
  <attribute name="CPU Util currently" value="7275777300007" />
<exclusive-end id="5216" timestamp="2019-07-07T05:37:55.898" durationms="6.803" />

<exclusive-start id="5217" timestamp="2019-07-07T05:37:55.901" intervalms="9.956">
  <response-info timems="0.100" idlems="0.100" threads="0" lastid="000000000202A700" lastname="main" />
</exclusive-start>
<allocation-taxation id="5218" taxation-threshold="22020096" timestamp="2019-07-07T05:37:55.901" intervalms="10.029" />
<cycle-start id="5219" type="partial gc" contextid="0" timestamp="2019-07-07T05:37:55.901" intervalms="10.099" />
<gc-start id="5220" type="partial gc" contextid="5219" timestamp="2019-07-07T05:37:55.902">
  <mem-info id="5221" free="11534336" total="59768832" percent="19">
    <mem type="eden" free="1027040" total="23068672" percent="4" />
    <remembered-set count="27520" freebytes="2275712" totalbytes="2385792" percent="95" regionsoverflowed="0" regionsstable="8" regionsrebuilding="0"/>
  </mem-info>
</gc-start>
<allocation-stats totalBytes="20700544" >
  <allocated-bytes non-tlh="0" tlh="20700544" arrayletleaf="0"/>
  <largest-consumer threadName="main" threadId="000000000202A700" bytes="20700544" />
</allocation-stats>
<gc-op id="5222" type="copy forward" timems="3.895" contextid="5219" timestamp="2019-07-07T05:37:55.907">
  <memory-copied type="eden" objects="12" bytes="39320" bytesdiscarded="1896" />
  <memory-copied type="other" objects="0" bytes="0" bytesdiscarded="0" />
  <memory-cardclean objects="15" bytes="616" />
  <regions eden="21" other="1" />
  <remembered-set-cleared processed="26256" cleared="13" durationms="0.322" />
  <stringconstants candidates="13269" cleared="0"  />
</gc-op>
<gc-op id="5223" type="classunload" timems="0.004" contextid="5219" timestamp="2019-07-07T05:37:55.907">
  <classunload-info classloadercandidates="53" classloadersunloaded="0" classesunloaded="0" anonymousclassesunloaded="0" quiescems="0.000" setupms="0.004" scanms="0.000" postms="0.000" />
</gc-op>
<gc-end id="5224" type="partial gc" contextid="5219" durationms="5.369" usertimems="12.000" systemtimems="0.000" timestamp="2019-07-07T05:37:55.907" activeThreads="4">
  <mem-info id="5225" free="33554432" total="59768832" percent="56">
    <mem type="eden" free="1007360" total="1048576" percent="96" />
    <remembered-set count="27616" freebytes="2275328" totalbytes="2385792" percent="95" regionsoverflowed="0" regionsstable="8" regionsrebuilding="0"/>
  </mem-info>
</gc-end>
<cycle-end id="5226" type="partial gc" contextid="5219" timestamp="2019-07-07T05:37:55.907" />
  <attribute name="elasticGC enabled" value="1" />
  <attribute name= "numThreadsSpecified" value="4" />
  <attribute name="heapSize specified" value="0" />
  <attribute name="Current GC Util" value="158" />
  <attribute name= "Current Time Running" value="26705" />
  <attribute name ="GC Interval" value="0" />
  <attribute name="ProportionalT" value="69.000000" />
  <attribute name="ProportionalI" value="69.000000" />
  <attribute name="ProportionalH" value="69.000000" />
  <attribute name="Current Error" value="138.000000" />
  <attribute name="IntegralT" value="69.000000" />
  <attribute name="IntegralI" value="69.000000" />
  <attribute name="IntegralH" value="69.000000" />
  <attribute name="DerivativeT" value="48.000000" />
  <attribute name="DerivativeI" value="48.000000" />
  <attribute name="DerivativeH" value="48.000000" />
  <attribute name="Loop Time for DT" value="1.000000" />
  <attribute name="Output H" value="8388608"/>
  <attribute name="Output I" value="200"/>
  <attribute name="Output T" value="4"/>
  <attribute name="Target GC Util Change" value ="20.000000" />
  <attribute name="Current GC Util Change" value="158.000000"/>
  <attribute name="GC Util currently" value="158" />
  <attribute name="CPU Util currently" value="9662048232508" />
<exclusive-end id="5227" timestamp="2019-07-07T05:37:55.908" durationms="6.703" />

<exclusive-start id="5228" timestamp="2019-07-07T05:37:55.969" intervalms="68.447">
  <response-info timems="0.100" idlems="0.100" threads="0" lastid="000000000202A700" lastname="main" />
</exclusive-start>
<allocation-taxation id="5229" taxation-threshold="22020096" timestamp="2019-07-07T05:37:55.970" intervalms="68.422" />
<cycle-start id="5230" type="partial gc" contextid="0" timestamp="2019-07-07T05:37:55.970" intervalms="68.438" />
<gc-start id="5231" type="partial gc" contextid="5230" timestamp="2019-07-07T05:37:55.970">
  <mem-info id="5232" free="11534336" total="59768832" percent="19">
    <mem type="eden" free="1007360" total="23068672" percent="4" />
    <remembered-set count="26784" freebytes="2278656" totalbytes="2385792" percent="95" regionsoverflowed="0" regionsstable="9" regionsrebuilding="0"/>
  </mem-info>
</gc-start>
<allocation-stats totalBytes="22017776" >
  <allocated-bytes non-tlh="0" tlh="22017776" arrayletleaf="0"/>
  <largest-consumer threadName="main" threadId="000000000202A700" bytes="22017776" />
</allocation-stats>
<gc-op id="5233" type="copy forward" timems="1.403" contextid="5230" timestamp="2019-07-07T05:37:55.973">
  <memory-copied type="eden" objects="139" bytes="47320" bytesdiscarded="0" />
  <memory-copied type="other" objects="0" bytes="0" bytesdiscarded="0" />
  <memory-cardclean objects="79" bytes="2744" />
  <regions eden="21" other="1" />
  <remembered-set-cleared processed="25488" cleared="25" durationms="0.302" />
  <stringconstants candidates="13269" cleared="0"  />
</gc-op>
<gc-op id="5234" type="classunload" timems="0.003" contextid="5230" timestamp="2019-07-07T05:37:55.973">
  <classunload-info classloadercandidates="53" classloadersunloaded="0" classesunloaded="0" anonymousclassesunloaded="0" quiescems="0.000" setupms="0.003" scanms="0.000" postms="0.000" />
</gc-op>
<heap-resize id="5235" type="expand" space="default" amount="6291456" count="1" timems="0.060" reason="excessive time being spent in gc" timestamp="2019-07-07T05:37:55.973" />
<gc-end id="5236" type="partial gc" contextid="5230" durationms="3.085" usertimems="4.000" systemtimems="0.000" timestamp="2019-07-07T05:37:55.973" activeThreads="1">
  <mem-info id="5237" free="39845888" total="66060288" percent="60">
    <mem type="eden" free="1001256" total="1048576" percent="95" />
    <remembered-set count="27232" freebytes="2528000" totalbytes="2636928" percent="95" regionsoverflowed="0" regionsstable="9" regionsrebuilding="0"/>
  </mem-info>
</gc-end>
<cycle-end id="5238" type="partial gc" contextid="5230" timestamp="2019-07-07T05:37:55.973" />
  <attribute name="elasticGC enabled" value="1" />
  <attribute name= "numThreadsSpecified" value="1" />
  <attribute name="heapSize specified" value="0" />
  <attribute name="Current GC Util" value="160" />
  <attribute name= "Current Time Running" value="26773" />
  <attribute name ="GC Interval" value="0" />
  <attribute name="ProportionalT" value="70.000000" />
  <attribute name="ProportionalI" value="70.000000" />
  <attribute name="ProportionalH" value="70.000000" />
  <attribute name="Current Error" value="140.000000" />
  <attribute name="IntegralT" value="0.000000" />
  <attribute name="IntegralI" value="0.000000" />
  <attribute name="IntegralH" value="0.000000" />
  <attribute name="DerivativeT" value="inf" />
  <attribute name="DerivativeI" value="inf" />
  <attribute name="DerivativeH" value="inf" />
  <attribute name="Loop Time for DT" value="0.000000" />
  <attribute name="Output H" value="8388608"/>
  <attribute name="Output I" value="200"/>
  <attribute name="Output T" value="1"/>
  <attribute name="Target GC Util Change" value ="20.000000" />
  <attribute name="Current GC Util Change" value="160.000000"/>
  <attribute name="GC Util currently" value="160" />
  <attribute name="CPU Util currently" value="9712206706051" />
<exclusive-end id="5239" timestamp="2019-07-07T05:37:55.974" durationms="4.278" />

<exclusive-start id="5240" timestamp="2019-07-07T05:37:56.050" intervalms="80.666">
  <response-info timems="0.085" idlems="0.085" threads="0" lastid="000000000202A700" lastname="main" />
</exclusive-start>
<allocation-taxation id="5241" taxation-threshold="23068672" timestamp="2019-07-07T05:37:56.050" intervalms="80.607" />
<cycle-start id="5242" type="partial gc" contextid="0" timestamp="2019-07-07T05:37:56.050" intervalms="80.608" />
<gc-start id="5243" type="partial gc" contextid="5242" timestamp="2019-07-07T05:37:56.051">
  <mem-info id="5244" free="16777216" total="66060288" percent="25">
    <mem type="eden" free="0" total="23068672" percent="0" />
    <remembered-set count="26816" freebytes="2529664" totalbytes="2636928" percent="95" regionsoverflowed="0" regionsstable="9" regionsrebuilding="0"/>
  </mem-info>
</gc-start>
<allocation-stats totalBytes="23065680" >
  <allocated-bytes non-tlh="0" tlh="23065680" arrayletleaf="0"/>
  <largest-consumer threadName="main" threadId="000000000202A700" bytes="23065680" />
</allocation-stats>
<gc-op id="5245" type="copy forward" timems="1.337" contextid="5242" timestamp="2019-07-07T05:37:56.053">
  <memory-copied type="eden" objects="35" bytes="1072" bytesdiscarded="0" />
  <memory-copied type="other" objects="14" bytes="40128" bytesdiscarded="0" />
  <memory-cardclean objects="86" bytes="2920" />
  <regions eden="22" other="1" />
  <remembered-set-cleared processed="25498" cleared="38" durationms="0.264" />
  <stringconstants candidates="13269" cleared="0"  />
</gc-op>
<gc-op id="5246" type="classunload" timems="0.003" contextid="5242" timestamp="2019-07-07T05:37:56.053">
  <classunload-info classloadercandidates="53" classloadersunloaded="0" classesunloaded="0" anonymousclassesunloaded="0" quiescems="0.000" setupms="0.003" scanms="0.000" postms="0.000" />
</gc-op>
<gc-end id="5247" type="partial gc" contextid="5242" durationms="2.563" usertimems="4.000" systemtimems="0.000" timestamp="2019-07-07T05:37:56.053" activeThreads="1">
  <mem-info id="5248" free="38797312" total="66060288" percent="58">
    <mem type="eden" free="1047504" total="1048576" percent="99" />
    <remembered-set count="27232" freebytes="2528000" totalbytes="2636928" percent="95" regionsoverflowed="0" regionsstable="9" regionsrebuilding="0"/>
  </mem-info>
</gc-end>
<cycle-end id="5249" type="partial gc" contextid="5242" timestamp="2019-07-07T05:37:56.053" />
  <attribute name="elasticGC enabled" value="1" />
  <attribute name= "numThreadsSpecified" value="1" />
  <attribute name="heapSize specified" value="0" />
  <attribute name="Current GC Util" value="323" />
  <attribute name= "Current Time Running" value="26853" />
  <attribute name ="GC Interval" value="0" />
  <attribute name="ProportionalT" value="151.500000" />
  <attribute name="ProportionalI" value="151.500000" />
  <attribute name="ProportionalH" value="151.500000" />
  <attribute name="Current Error" value="303.000000" />
  <attribute name="IntegralT" value="0.000000" />
  <attribute name="IntegralI" value="0.000000" />
  <attribute name="IntegralH" value="0.000000" />
  <attribute name="DerivativeT" value="inf" />
  <attribute name="DerivativeI" value="inf" />
  <attribute name="DerivativeH" value="inf" />
  <attribute name="Loop Time for DT" value="0.000000" />
  <attribute name="Output H" value="8388608"/>
  <attribute name="Output I" value="200"/>
  <attribute name="Output T" value="1"/>
  <attribute name="Target GC Util Change" value ="20.000000" />
  <attribute name="Current GC Util Change" value="323.000000"/>
  <attribute name="GC Util currently" value="323" />
  <attribute name="CPU Util currently" value="10141301700015" />
<exclusive-end id="5250" timestamp="2019-07-07T05:37:56.054" durationms="3.641" />

<exclusive-start id="5251" timestamp="2019-07-07T05:37:56.069" intervalms="18.902">
  <response-info timems="0.064" idlems="0.064" threads="0" lastid="000000000202A700" lastname="main" />
</exclusive-start>
<allocation-taxation id="5252" taxation-threshold="23068672" timestamp="2019-07-07T05:37:56.069" intervalms="18.870" />
<cycle-start id="5253" type="partial gc" contextid="0" timestamp="2019-07-07T05:37:56.069" intervalms="18.849" />
<gc-start id="5254" type="partial gc" contextid="5253" timestamp="2019-07-07T05:37:56.069">
  <mem-info id="5255" free="15728640" total="66060288" percent="23">
    <mem type="eden" free="0" total="23068672" percent="0" />
    <remembered-set count="26816" freebytes="2529664" totalbytes="2636928" percent="95" regionsoverflowed="0" regionsstable="9" regionsrebuilding="0"/>
  </mem-info>
</gc-start>
<allocation-stats totalBytes="23065816" >
  <allocated-bytes non-tlh="0" tlh="23065816" arrayletleaf="0"/>
  <largest-consumer threadName="main" threadId="000000000202A700" bytes="23065816" />
</allocation-stats>
<gc-op id="5256" type="copy forward" timems="1.345" contextid="5253" timestamp="2019-07-07T05:37:56.072">
  <memory-copied type="eden" objects="3" bytes="128" bytesdiscarded="0" />
  <memory-copied type="other" objects="34" bytes="1048" bytesdiscarded="0" />
  <memory-cardclean objects="63" bytes="2128" />
  <regions eden="22" other="1" />
  <remembered-set-cleared processed="25495" cleared="26" durationms="0.252" />
  <stringconstants candidates="13269" cleared="0"  />
</gc-op>
<gc-op id="5257" type="classunload" timems="0.004" contextid="5253" timestamp="2019-07-07T05:37:56.072">
  <classunload-info classloadercandidates="53" classloadersunloaded="0" classesunloaded="0" anonymousclassesunloaded="0" quiescems="0.000" setupms="0.004" scanms="0.000" postms="0.000" />
</gc-op>
<gc-end id="5258" type="partial gc" contextid="5253" durationms="2.666" usertimems="4.000" systemtimems="0.000" timestamp="2019-07-07T05:37:56.072" activeThreads="1">
  <mem-info id="5259" free="37748736" total="66060288" percent="57">
    <mem type="eden" free="1048448" total="1048576" percent="99" />
    <remembered-set count="27264" freebytes="2527872" totalbytes="2636928" percent="95" regionsoverflowed="0" regionsstable="9" regionsrebuilding="0"/>
  </mem-info>
</gc-end>
<cycle-end id="5260" type="partial gc" contextid="5253" timestamp="2019-07-07T05:37:56.072" />
  <attribute name="elasticGC enabled" value="1" />
  <attribute name= "numThreadsSpecified" value="1" />
  <attribute name="heapSize specified" value="0" />
  <attribute name="Current GC Util" value="353" />
  <attribute name= "Current Time Running" value="26872" />
  <attribute name ="GC Interval" value="0" />
  <attribute name="ProportionalT" value="166.500000" />
  <attribute name="ProportionalI" value="166.500000" />
  <attribute name="ProportionalH" value="166.500000" />
  <attribute name="Current Error" value="333.000000" />
  <attribute name="IntegralT" value="0.000000" />
  <attribute name="IntegralI" value="0.000000" />
  <attribute name="IntegralH" value="0.000000" />
  <attribute name="DerivativeT" value="inf" />
  <attribute name="DerivativeI" value="inf" />
  <attribute name="DerivativeH" value="inf" />
  <attribute name="Loop Time for DT" value="0.000000" />
  <attribute name="Output H" value="8388608"/>
  <attribute name="Output I" value="200"/>
  <attribute name="Output T" value="1"/>
  <attribute name="Target GC Util Change" value ="20.000000" />
  <attribute name="Current GC Util Change" value="353.000000"/>
  <attribute name="GC Util currently" value="353" />
  <attribute name="CPU Util currently" value="10217696871632" />
<exclusive-end id="5261" timestamp="2019-07-07T05:37:56.073" durationms="3.591" />

<exclusive-start id="5262" timestamp="2019-07-07T05:37:56.093" intervalms="23.930">
  <response-info timems="0.080" idlems="0.080" threads="0" lastid="000000000202A700" lastname="main" />
</exclusive-start>
<allocation-taxation id="5263" taxation-threshold="23068672" timestamp="2019-07-07T05:37:56.093" intervalms="23.892" />
<cycle-start id="5264" type="partial gc" contextid="0" timestamp="2019-07-07T05:37:56.093" intervalms="23.801" />
<gc-start id="5265" type="partial gc" contextid="5264" timestamp="2019-07-07T05:37:56.093">
  <mem-info id="5266" free="14680064" total="66060288" percent="22">
    <mem type="eden" free="1048448" total="24117248" percent="4" />
    <remembered-set count="26880" freebytes="2529408" totalbytes="2636928" percent="95" regionsoverflowed="0" regionsstable="9" regionsrebuilding="0"/>
  </mem-info>
</gc-start>
<allocation-stats totalBytes="23064848" >
  <allocated-bytes non-tlh="0" tlh="23064848" arrayletleaf="0"/>
  <largest-consumer threadName="main" threadId="000000000202A700" bytes="23064848" />
</allocation-stats>
<gc-op id="5267" type="copy forward" timems="1.167" contextid="5264" timestamp="2019-07-07T05:37:56.095">
  <memory-copied type="eden" objects="47" bytes="1504" bytesdiscarded="0" />
  <memory-copied type="other" objects="0" bytes="0" bytesdiscarded="0" />
  <memory-cardclean objects="78" bytes="2648" />
  <regions eden="22" other="1" />
  <remembered-set-cleared processed="25503" cleared="26" durationms="0.256" />
  <stringconstants candidates="13269" cleared="0"  />
</gc-op>
<gc-op id="5268" type="classunload" timems="0.003" contextid="5264" timestamp="2019-07-07T05:37:56.096">
  <classunload-info classloadercandidates="53" classloadersunloaded="0" classesunloaded="0" anonymousclassesunloaded="0" quiescems="0.000" setupms="0.003" scanms="0.000" postms="0.000" />
</gc-op>
<gc-end id="5269" type="partial gc" contextid="5264" durationms="2.397" usertimems="4.000" systemtimems="0.000" timestamp="2019-07-07T05:37:56.096" activeThreads="1">
  <mem-info id="5270" free="37748736" total="66060288" percent="57">
    <mem type="eden" free="1047072" total="1048576" percent="99" />
    <remembered-set count="27328" freebytes="2527616" totalbytes="2636928" percent="95" regionsoverflowed="0" regionsstable="9" regionsrebuilding="0"/>
  </mem-info>
</gc-end>
<cycle-end id="5271" type="partial gc" contextid="5264" timestamp="2019-07-07T05:37:56.096" />
  <attribute name="elasticGC enabled" value="1" />
  <attribute name= "numThreadsSpecified" value="1" />
  <attribute name="heapSize specified" value="0" />
  <attribute name="Current GC Util" value="322" />
  <attribute name= "Current Time Running" value="26896" />
  <attribute name ="GC Interval" value="0" />
  <attribute name="ProportionalT" value="151.000000" />
  <attribute name="ProportionalI" value="151.000000" />
  <attribute name="ProportionalH" value="151.000000" />
  <attribute name="Current Error" value="302.000000" />
  <attribute name="IntegralT" value="0.000000" />
  <attribute name="IntegralI" value="0.000000" />
  <attribute name="IntegralH" value="0.000000" />
  <attribute name="DerivativeT" value="inf" />
  <attribute name="DerivativeI" value="inf" />
  <attribute name="DerivativeH" value="inf" />
  <attribute name="Loop Time for DT" value="0.000000" />
  <attribute name="Output H" value="8388608"/>
  <attribute name="Output I" value="200"/>
  <attribute name="Output T" value="1"/>
  <attribute name="Target GC Util Change" value ="20.000000" />
  <attribute name="Current GC Util Change" value="322.000000"/>
  <attribute name="GC Util currently" value="322" />
  <attribute name="CPU Util currently" value="10581120084618" />
<exclusive-end id="5272" timestamp="2019-07-07T05:37:56.096" durationms="3.346" />

<exclusive-start id="5273" timestamp="2019-07-07T05:37:56.118" intervalms="25.219">
  <response-info timems="0.099" idlems="0.099" threads="0" lastid="000000000202A700" lastname="main" />
</exclusive-start>
<allocation-taxation id="5274" taxation-threshold="23068672" timestamp="2019-07-07T05:37:56.118" intervalms="25.266" />
<cycle-start id="5275" type="partial gc" contextid="0" timestamp="2019-07-07T05:37:56.118" intervalms="25.357" />
<gc-start id="5276" type="partial gc" contextid="5275" timestamp="2019-07-07T05:37:56.119">
  <mem-info id="5277" free="14680064" total="66060288" percent="22">
    <mem type="eden" free="0" total="23068672" percent="0" />
    <remembered-set count="26880" freebytes="2529408" totalbytes="2636928" percent="95" regionsoverflowed="0" regionsstable="9" regionsrebuilding="0"/>
  </mem-info>
</gc-start>
<allocation-stats totalBytes="23063544" >
  <allocated-bytes non-tlh="0" tlh="23063544" arrayletleaf="0"/>
  <largest-consumer threadName="main" threadId="000000000202A700" bytes="23063544" />
</allocation-stats>
<gc-op id="5278" type="copy forward" timems="1.188" contextid="5275" timestamp="2019-07-07T05:37:56.121">
  <memory-copied type="eden" objects="25" bytes="904" bytesdiscarded="0" />
  <memory-copied type="other" objects="7" bytes="168" bytesdiscarded="0" />
  <memory-cardclean objects="101" bytes="3256" />
  <regions eden="22" other="1" />
  <remembered-set-cleared processed="25510" cleared="38" durationms="0.243" />
  <stringconstants candidates="13269" cleared="0"  />
</gc-op>
<gc-op id="5279" type="classunload" timems="0.003" contextid="5275" timestamp="2019-07-07T05:37:56.121">
  <classunload-info classloadercandidates="53" classloadersunloaded="0" classesunloaded="0" anonymousclassesunloaded="0" quiescems="0.000" setupms="0.003" scanms="0.000" postms="0.000" />
</gc-op>
<heap-resize id="5280" type="expand" space="default" amount="7340032" count="1" timems="0.061" reason="excessive time being spent in gc" timestamp="2019-07-07T05:37:56.121" />
<gc-end id="5281" type="partial gc" contextid="5275" durationms="2.614" usertimems="0.000" systemtimems="0.000" timestamp="2019-07-07T05:37:56.121" activeThreads="1">
  <mem-info id="5282" free="44040192" total="73400320" percent="60">
    <mem type="eden" free="1047672" total="1048576" percent="99" />
    <remembered-set count="27296" freebytes="2820736" totalbytes="2929920" percent="96" regionsoverflowed="0" regionsstable="9" regionsrebuilding="0"/>
  </mem-info>
</gc-end>
<cycle-end id="5283" type="partial gc" contextid="5275" timestamp="2019-07-07T05:37:56.121" />
  <attribute name="elasticGC enabled" value="1" />
  <attribute name= "numThreadsSpecified" value="1" />
  <attribute name="heapSize specified" value="0" />
  <attribute name="Current GC Util" value="319" />
  <attribute name= "Current Time Running" value="26921" />
  <attribute name ="GC Interval" value="0" />
  <attribute name="ProportionalT" value="149.500000" />
  <attribute name="ProportionalI" value="149.500000" />
  <attribute name="ProportionalH" value="149.500000" />
  <attribute name="Current Error" value="299.000000" />
  <attribute name="IntegralT" value="0.000000" />
  <attribute name="IntegralI" value="0.000000" />
  <attribute name="IntegralH" value="0.000000" />
  <attribute name="DerivativeT" value="inf" />
  <attribute name="DerivativeI" value="inf" />
  <attribute name="DerivativeH" value="inf" />
  <attribute name="Loop Time for DT" value="0.000000" />
  <attribute name="Output H" value="8388608"/>
  <attribute name="Output I" value="200"/>
  <attribute name="Output T" value="1"/>
  <attribute name="Target GC Util Change" value ="20.000000" />
  <attribute name="Current GC Util Change" value="319.000000"/>
  <attribute name="GC Util currently" value="319" />
  <attribute name="CPU Util currently" value="10471989061162" />
<exclusive-end id="5284" timestamp="2019-07-07T05:37:56.122" durationms="3.599" />

<exclusive-start id="5285" timestamp="2019-07-07T05:37:56.140" intervalms="21.994">
  <response-info timems="0.096" idlems="0.096" threads="0" lastid="000000000202A700" lastname="main" />
</exclusive-start>
<allocation-taxation id="5286" taxation-threshold="25165824" timestamp="2019-07-07T05:37:56.140" intervalms="21.952" />
<cycle-start id="5287" type="partial gc" contextid="0" timestamp="2019-07-07T05:37:56.140" intervalms="21.855" />
<gc-start id="5288" type="partial gc" contextid="5287" timestamp="2019-07-07T05:37:56.141">
  <mem-info id="5289" free="18874368" total="73400320" percent="25">
    <mem type="eden" free="0" total="25165824" percent="0" />
    <remembered-set count="26912" freebytes="2822272" totalbytes="2929920" percent="96" regionsoverflowed="0" regionsstable="9" regionsrebuilding="0"/>
  </mem-info>
</gc-start>
<allocation-stats totalBytes="25156104" >
  <allocated-bytes non-tlh="0" tlh="25156104" arrayletleaf="0"/>
  <largest-consumer threadName="main" threadId="000000000202A700" bytes="25156104" />
</allocation-stats>
<gc-op id="5290" type="copy forward" timems="1.217" contextid="5287" timestamp="2019-07-07T05:37:56.143">
  <memory-copied type="eden" objects="5" bytes="216" bytesdiscarded="0" />
  <memory-copied type="other" objects="18" bytes="592" bytesdiscarded="0" />
  <memory-cardclean objects="63" bytes="2128" />
  <regions eden="24" other="1" />
  <remembered-set-cleared processed="25513" cleared="28" durationms="0.255" />
  <stringconstants candidates="13269" cleared="0"  />
</gc-op>
<gc-op id="5291" type="classunload" timems="0.004" contextid="5287" timestamp="2019-07-07T05:37:56.143">
  <classunload-info classloadercandidates="53" classloadersunloaded="0" classesunloaded="0" anonymousclassesunloaded="0" quiescems="0.000" setupms="0.003" scanms="0.000" postms="0.000" />
</gc-op>
<heap-resize id="5292" type="expand" space="default" amount="3145728" count="1" timems="0.050" reason="excessive time being spent in gc" timestamp="2019-07-07T05:37:56.143" />
<gc-end id="5293" type="partial gc" contextid="5287" durationms="2.609" usertimems="4.000" systemtimems="0.000" timestamp="2019-07-07T05:37:56.143" activeThreads="1">
  <mem-info id="5294" free="46137344" total="76546048" percent="60">
    <mem type="eden" free="1048360" total="1048576" percent="99" />
    <remembered-set count="27360" freebytes="2946048" totalbytes="3055488" percent="96" regionsoverflowed="0" regionsstable="9" regionsrebuilding="0"/>
  </mem-info>
</gc-end>
<cycle-end id="5295" type="partial gc" contextid="5287" timestamp="2019-07-07T05:37:56.143" />
  <attribute name="elasticGC enabled" value="1" />
  <attribute name= "numThreadsSpecified" value="1" />
  <attribute name="heapSize specified" value="0" />
  <attribute name="Current GC Util" value="342" />
  <attribute name= "Current Time Running" value="26943" />
  <attribute name ="GC Interval" value="0" />
  <attribute name="ProportionalT" value="161.000000" />
  <attribute name="ProportionalI" value="161.000000" />
  <attribute name="ProportionalH" value="161.000000" />
  <attribute name="Current Error" value="322.000000" />
  <attribute name="IntegralT" value="0.000000" />
  <attribute name="IntegralI" value="0.000000" />
  <attribute name="IntegralH" value="0.000000" />
  <attribute name="DerivativeT" value="inf" />
  <attribute name="DerivativeI" value="inf" />
  <attribute name="DerivativeH" value="inf" />
  <attribute name="Loop Time for DT" value="0.000000" />
  <attribute name="Output H" value="8388608"/>
  <attribute name="Output I" value="200"/>
  <attribute name="Output T" value="1"/>
  <attribute name="Target GC Util Change" value ="20.000000" />
  <attribute name="Current GC Util Change" value="342.000000"/>
  <attribute name="GC Util currently" value="342" />
  <attribute name="CPU Util currently" value="10500482614829" />
<exclusive-end id="5296" timestamp="2019-07-07T05:37:56.144" durationms="3.429" />

<exclusive-start id="5297" timestamp="2019-07-07T05:37:56.167" intervalms="26.431">
  <response-info timems="0.058" idlems="0.058" threads="0" lastid="000000000202A700" lastname="main" />
</exclusive-start>
<allocation-taxation id="5298" taxation-threshold="26214400" timestamp="2019-07-07T05:37:56.167" intervalms="26.477" />
<cycle-start id="5299" type="partial gc" contextid="0" timestamp="2019-07-07T05:37:56.167" intervalms="26.564" />
<gc-start id="5300" type="partial gc" contextid="5299" timestamp="2019-07-07T05:37:56.167">
  <mem-info id="5301" free="19922944" total="76546048" percent="26">
    <mem type="eden" free="1048360" total="27262976" percent="3" />
    <remembered-set count="26944" freebytes="2947712" totalbytes="3055488" percent="96" regionsoverflowed="0" regionsstable="9" regionsrebuilding="0"/>
  </mem-info>
</gc-start>
<allocation-stats totalBytes="26206056" >
  <allocated-bytes non-tlh="0" tlh="26206056" arrayletleaf="0"/>
  <largest-consumer threadName="main" threadId="000000000202A700" bytes="26206056" />
</allocation-stats>
<gc-op id="5302" type="copy forward" timems="3.850" contextid="5299" timestamp="2019-07-07T05:37:56.172">
  <memory-copied type="eden" objects="31" bytes="944" bytesdiscarded="624" />
  <memory-copied type="other" objects="0" bytes="0" bytesdiscarded="0" />
  <memory-cardclean objects="90" bytes="2920" />
  <regions eden="25" other="1" />
  <remembered-set-cleared processed="25518" cleared="29" durationms="0.327" />
  <stringconstants candidates="13269" cleared="0"  />
</gc-op>
<gc-op id="5303" type="classunload" timems="0.004" contextid="5299" timestamp="2019-07-07T05:37:56.172">
  <classunload-info classloadercandidates="53" classloadersunloaded="0" classesunloaded="0" anonymousclassesunloaded="0" quiescems="0.000" setupms="0.004" scanms="0.000" postms="0.000" />
</gc-op>
<gc-end id="5304" type="partial gc" contextid="5299" durationms="5.125" usertimems="8.000" systemtimems="0.000" timestamp="2019-07-07T05:37:56.172" activeThreads="4">
  <mem-info id="5305" free="46137344" total="76546048" percent="60">
    <mem type="eden" free="1047008" total="1048576" percent="99" />
    <remembered-set count="27456" freebytes="2945664" totalbytes="3055488" percent="96" regionsoverflowed="0" regionsstable="9" regionsrebuilding="0"/>
  </mem-info>
</gc-end>
<cycle-end id="5306" type="partial gc" contextid="5299" timestamp="2019-07-07T05:37:56.172" />
  <attribute name="elasticGC enabled" value="1" />
  <attribute name= "numThreadsSpecified" value="4" />
  <attribute name="heapSize specified" value="0" />
  <attribute name="Current GC Util" value="295" />
  <attribute name= "Current Time Running" value="26970" />
  <attribute name ="GC Interval" value="0" />
  <attribute name="ProportionalT" value="137.500000" />
  <attribute name="ProportionalI" value="137.500000" />
  <attribute name="ProportionalH" value="137.500000" />
  <attribute name="Current Error" value="275.000000" />
  <attribute name="IntegralT" value="137.500000" />
  <attribute name="IntegralI" value="137.500000" />
  <attribute name="IntegralH" value="137.500000" />
  <attribute name="DerivativeT" value="275.000000" />
  <attribute name="DerivativeI" value="275.000000" />
  <attribute name="DerivativeH" value="275.000000" />
  <attribute name="Loop Time for DT" value="1.000000" />
  <attribute name="Output H" value="8388608"/>
  <attribute name="Output I" value="552"/>
  <attribute name="Output T" value="4"/>
  <attribute name="Target GC Util Change" value ="20.000000" />
  <attribute name="Current GC Util Change" value="295.000000"/>
  <attribute name="GC Util currently" value="295" />
  <attribute name="CPU Util currently" value="9487445474454" />
<exclusive-end id="5307" timestamp="2019-07-07T05:37:56.173" durationms="6.058" />

<exclusive-start id="5308" timestamp="2019-07-07T05:37:56.204" intervalms="37.173">
  <response-info timems="0.079" idlems="0.079" threads="0" lastid="000000000202A700" lastname="main" />
</exclusive-start>
<allocation-taxation id="5309" taxation-threshold="26214400" timestamp="2019-07-07T05:37:56.204" intervalms="37.170" />
<cycle-start id="5310" type="partial gc" contextid="0" timestamp="2019-07-07T05:37:56.204" intervalms="37.173" />
<gc-start id="5311" type="partial gc" contextid="5310" timestamp="2019-07-07T05:37:56.204">
  <mem-info id="5312" free="19922944" total="76546048" percent="26">
    <mem type="eden" free="0" total="26214400" percent="0" />
    <remembered-set count="27008" freebytes="2947456" totalbytes="3055488" percent="96" regionsoverflowed="0" regionsstable="9" regionsrebuilding="0"/>
  </mem-info>
</gc-start>
<allocation-stats totalBytes="26212032" >
  <allocated-bytes non-tlh="0" tlh="26212032" arrayletleaf="0"/>
  <largest-consumer threadName="main" threadId="000000000202A700" bytes="26212032" />
</allocation-stats>
<gc-op id="5313" type="copy forward" timems="4.102" contextid="5310" timestamp="2019-07-07T05:37:56.209">
  <memory-copied type="eden" objects="27" bytes="848" bytesdiscarded="0" />
  <memory-copied type="other" objects="7" bytes="168" bytesdiscarded="696" />
  <memory-cardclean objects="89" bytes="2904" />
  <regions eden="25" other="1" />
  <remembered-set-cleared processed="25522" cleared="33" durationms="0.273" />
  <stringconstants candidates="13269" cleared="0"  />
</gc-op>
<gc-op id="5314" type="classunload" timems="0.003" contextid="5310" timestamp="2019-07-07T05:37:56.209">
  <classunload-info classloadercandidates="53" classloadersunloaded="0" classesunloaded="0" anonymousclassesunloaded="0" quiescems="0.000" setupms="0.003" scanms="0.000" postms="0.000" />
</gc-op>
<heap-resize id="5315" type="expand" space="default" amount="2097152" count="1" timems="0.048" reason="excessive time being spent in gc" timestamp="2019-07-07T05:37:56.210" />
<gc-end id="5316" type="partial gc" contextid="5310" durationms="5.534" usertimems="12.000" systemtimems="0.000" timestamp="2019-07-07T05:37:56.210" activeThreads="4">
  <mem-info id="5317" free="47185920" total="78643200" percent="60">
    <mem type="eden" free="1047728" total="1048576" percent="99" />
    <remembered-set count="28480" freebytes="3025280" totalbytes="3139200" percent="96" regionsoverflowed="0" regionsstable="9" regionsrebuilding="0"/>
  </mem-info>
</gc-end>
<cycle-end id="5318" type="partial gc" contextid="5310" timestamp="2019-07-07T05:37:56.210" />
  <attribute name="elasticGC enabled" value="1" />
  <attribute name= "numThreadsSpecified" value="4" />
  <attribute name="heapSize specified" value="0" />
  <attribute name="Current GC Util" value="173" />
  <attribute name= "Current Time Running" value="27007" />
  <attribute name ="GC Interval" value="0" />
  <attribute name="ProportionalT" value="76.500000" />
  <attribute name="ProportionalI" value="76.500000" />
  <attribute name="ProportionalH" value="76.500000" />
  <attribute name="Current Error" value="153.000000" />
  <attribute name="IntegralT" value="76.500000" />
  <attribute name="IntegralI" value="76.500000" />
  <attribute name="IntegralH" value="76.500000" />
  <attribute name="DerivativeT" value="147.000000" />
  <attribute name="DerivativeI" value="147.000000" />
  <attribute name="DerivativeH" value="147.000000" />
  <attribute name="Loop Time for DT" value="1.000000" />
  <attribute name="Output H" value="8388608"/>
  <attribute name="Output I" value="304"/>
  <attribute name="Output T" value="4"/>
  <attribute name="Target GC Util Change" value ="20.000000" />
  <attribute name="Current GC Util Change" value="173.000000"/>
  <attribute name="GC Util currently" value="173" />
  <attribute name="CPU Util currently" value="10551004857868" />
<exclusive-end id="5319" timestamp="2019-07-07T05:37:56.210" durationms="6.515" />

<exclusive-start id="5320" timestamp="2019-07-07T05:37:56.242" intervalms="38.461">
  <response-info timems="0.075" idlems="0.075" threads="0" lastid="000000000202A700" lastname="main" />
</exclusive-start>
<allocation-taxation id="5321" taxation-threshold="26214400" timestamp="2019-07-07T05:37:56.242" intervalms="38.454" />
<cycle-start id="5322" type="partial gc" contextid="0" timestamp="2019-07-07T05:37:56.242" intervalms="38.371" />
<gc-start id="5323" type="partial gc" contextid="5322" timestamp="2019-07-07T05:37:56.243">
  <mem-info id="5324" free="20971520" total="78643200" percent="26">
    <mem type="eden" free="0" total="26214400" percent="0" />
    <remembered-set count="4832" freebytes="3119872" totalbytes="3139200" percent="99" regionsoverflowed="0" regionsstable="13" regionsrebuilding="0"/>
  </mem-info>
</gc-start>
<allocation-stats totalBytes="26211904" >
  <allocated-bytes non-tlh="0" tlh="26211904" arrayletleaf="0"/>
  <largest-consumer threadName="main" threadId="000000000202A700" bytes="26211904" />
</allocation-stats>
<gc-op id="5325" type="copy forward" timems="1.103" contextid="5322" timestamp="2019-07-07T05:37:56.245">
  <memory-copied type="eden" objects="30" bytes="936" bytesdiscarded="0" />
  <memory-copied type="other" objects="6" bytes="144" bytesdiscarded="0" />
  <memory-cardclean objects="75" bytes="2392" />
  <regions eden="25" other="1" />
  <remembered-set-cleared processed="2590" cleared="16" durationms="0.118" />
  <stringconstants candidates="13269" cleared="0"  />
</gc-op>
<gc-op id="5326" type="classunload" timems="0.004" contextid="5322" timestamp="2019-07-07T05:37:56.245">
  <classunload-info classloadercandidates="53" classloadersunloaded="0" classesunloaded="0" anonymousclassesunloaded="0" quiescems="0.000" setupms="0.004" scanms="0.000" postms="0.000" />
</gc-op>
<heap-resize id="5327" type="expand" space="default" amount="3145728" count="1" timems="0.049" reason="excessive time being spent in gc" timestamp="2019-07-07T05:37:56.245" />
<gc-end id="5328" type="partial gc" contextid="5322" durationms="2.637" usertimems="4.000" systemtimems="0.000" timestamp="2019-07-07T05:37:56.245" activeThreads="1">
  <mem-info id="5329" free="49283072" total="81788928" percent="60">
    <mem type="eden" free="1047640" total="1048576" percent="99" />
    <remembered-set count="5056" freebytes="3244544" totalbytes="3264768" percent="99" regionsoverflowed="0" regionsstable="13" regionsrebuilding="0"/>
  </mem-info>
</gc-end>
<cycle-end id="5330" type="partial gc" contextid="5322" timestamp="2019-07-07T05:37:56.245" />
  <attribute name="elasticGC enabled" value="1" />
  <attribute name= "numThreadsSpecified" value="1" />
  <attribute name="heapSize specified" value="0" />
  <attribute name="Current GC Util" value="151" />
  <attribute name= "Current Time Running" value="27045" />
  <attribute name ="GC Interval" value="0" />
  <attribute name="ProportionalT" value="65.500000" />
  <attribute name="ProportionalI" value="65.500000" />
  <attribute name="ProportionalH" value="65.500000" />
  <attribute name="Current Error" value="131.000000" />
  <attribute name="IntegralT" value="0.000000" />
  <attribute name="IntegralI" value="0.000000" />
  <attribute name="IntegralH" value="0.000000" />
  <attribute name="DerivativeT" value="inf" />
  <attribute name="DerivativeI" value="inf" />
  <attribute name="DerivativeH" value="inf" />
  <attribute name="Loop Time for DT" value="0.000000" />
  <attribute name="Output H" value="8388608"/>
  <attribute name="Output I" value="200"/>
  <attribute name="Output T" value="1"/>
  <attribute name="Target GC Util Change" value ="20.000000" />
  <attribute name="Current GC Util Change" value="151.000000"/>
  <attribute name="GC Util currently" value="151" />
  <attribute name="CPU Util currently" value="9371269287954" />
<exclusive-end id="5331" timestamp="2019-07-07T05:37:56.246" durationms="3.533" />

<exclusive-start id="5332" timestamp="2019-07-07T05:37:56.276" intervalms="34.085">
  <response-info timems="0.083" idlems="0.083" threads="0" lastid="000000000202A700" lastname="main" />
</exclusive-start>
<allocation-taxation id="5333" taxation-threshold="27262976" timestamp="2019-07-07T05:37:56.276" intervalms="34.130" />
<cycle-start id="5334" type="partial gc" contextid="0" timestamp="2019-07-07T05:37:56.277" intervalms="34.169" />
<gc-start id="5335" type="partial gc" contextid="5334" timestamp="2019-07-07T05:37:56.277">
  <mem-info id="5336" free="22020096" total="81788928" percent="26">
    <mem type="eden" free="0" total="27262976" percent="0" />
    <remembered-set count="4608" freebytes="3246336" totalbytes="3264768" percent="99" regionsoverflowed="0" regionsstable="13" regionsrebuilding="0"/>
  </mem-info>
</gc-start>
<allocation-stats totalBytes="27259008" >
  <allocated-bytes non-tlh="0" tlh="27259008" arrayletleaf="0"/>
  <largest-consumer threadName="main" threadId="000000000202A700" bytes="27259008" />
</allocation-stats>
<gc-op id="5337" type="copy forward" timems="1.034" contextid="5334" timestamp="2019-07-07T05:37:56.279">
  <memory-copied type="eden" objects="7" bytes="160" bytesdiscarded="0" />
  <memory-copied type="other" objects="23" bytes="752" bytesdiscarded="0" />
  <memory-cardclean objects="65" bytes="2168" />
  <regions eden="26" other="1" />
  <remembered-set-cleared processed="2593" cleared="18" durationms="0.128" />
  <stringconstants candidates="13269" cleared="0"  />
</gc-op>
<gc-op id="5338" type="classunload" timems="0.003" contextid="5334" timestamp="2019-07-07T05:37:56.279">
  <classunload-info classloadercandidates="53" classloadersunloaded="0" classesunloaded="0" anonymousclassesunloaded="0" quiescems="0.000" setupms="0.003" scanms="0.000" postms="0.000" />
</gc-op>
<heap-resize id="5339" type="expand" space="default" amount="2097152" count="1" timems="0.056" reason="excessive time being spent in gc" timestamp="2019-07-07T05:37:56.279" />
<gc-end id="5340" type="partial gc" contextid="5334" durationms="2.522" usertimems="4.000" systemtimems="0.000" timestamp="2019-07-07T05:37:56.279" activeThreads="1">
  <mem-info id="5341" free="50331648" total="83886080" percent="60">
    <mem type="eden" free="1048416" total="1048576" percent="99" />
    <remembered-set count="5056" freebytes="3328256" totalbytes="3348480" percent="99" regionsoverflowed="0" regionsstable="13" regionsrebuilding="0"/>
  </mem-info>
</gc-end>
<cycle-end id="5342" type="partial gc" contextid="5334" timestamp="2019-07-07T05:37:56.280" />
  <attribute name="elasticGC enabled" value="1" />
  <attribute name= "numThreadsSpecified" value="1" />
  <attribute name="heapSize specified" value="0" />
  <attribute name="Current GC Util" value="390" />
  <attribute name= "Current Time Running" value="27079" />
  <attribute name ="GC Interval" value="0" />
  <attribute name="ProportionalT" value="185.000000" />
  <attribute name="ProportionalI" value="185.000000" />
  <attribute name="ProportionalH" value="185.000000" />
  <attribute name="Current Error" value="370.000000" />
  <attribute name="IntegralT" value="0.000000" />
  <attribute name="IntegralI" value="0.000000" />
  <attribute name="IntegralH" value="0.000000" />
  <attribute name="DerivativeT" value="inf" />
  <attribute name="DerivativeI" value="inf" />
  <attribute name="DerivativeH" value="inf" />
  <attribute name="Loop Time for DT" value="0.000000" />
  <attribute name="Output H" value="8388608"/>
  <attribute name="Output I" value="200"/>
  <attribute name="Output T" value="1"/>
  <attribute name="Target GC Util Change" value ="20.000000" />
  <attribute name="Current GC Util Change" value="390.000000"/>
  <attribute name="GC Util currently" value="390" />
  <attribute name="CPU Util currently" value="14136432477853" />
<exclusive-end id="5343" timestamp="2019-07-07T05:37:56.280" durationms="3.531" />

<exclusive-start id="5344" timestamp="2019-07-07T05:37:56.306" intervalms="29.443">
  <response-info timems="0.090" idlems="0.090" threads="0" lastid="000000000202A700" lastname="main" />
</exclusive-start>
<allocation-taxation id="5345" taxation-threshold="27262976" timestamp="2019-07-07T05:37:56.306" intervalms="29.432" />
<cycle-start id="5346" type="partial gc" contextid="0" timestamp="2019-07-07T05:37:56.306" intervalms="29.504" />
<gc-start id="5347" type="partial gc" contextid="5346" timestamp="2019-07-07T05:37:56.306">
  <mem-info id="5348" free="23068672" total="83886080" percent="27">
    <mem type="eden" free="1048416" total="28311552" percent="3" />
    <remembered-set count="4640" freebytes="3329920" totalbytes="3348480" percent="99" regionsoverflowed="0" regionsstable="13" regionsrebuilding="0"/>
  </mem-info>
</gc-start>
<allocation-stats totalBytes="27259992" >
  <allocated-bytes non-tlh="0" tlh="27259992" arrayletleaf="0"/>
  <largest-consumer threadName="main" threadId="000000000202A700" bytes="27259992" />
</allocation-stats>
<gc-op id="5349" type="copy forward" timems="1.041" contextid="5346" timestamp="2019-07-07T05:37:56.308">
  <memory-copied type="eden" objects="22" bytes="704" bytesdiscarded="0" />
  <memory-copied type="other" objects="0" bytes="0" bytesdiscarded="0" />
  <memory-cardclean objects="98" bytes="3144" />
  <regions eden="26" other="1" />
  <remembered-set-cleared processed="2598" cleared="23" durationms="0.128" />
  <stringconstants candidates="13269" cleared="0"  />
</gc-op>
<gc-op id="5350" type="classunload" timems="0.003" contextid="5346" timestamp="2019-07-07T05:37:56.308">
  <classunload-info classloadercandidates="53" classloadersunloaded="0" classesunloaded="0" anonymousclassesunloaded="0" quiescems="0.000" setupms="0.003" scanms="0.000" postms="0.000" />
</gc-op>
<gc-end id="5351" type="partial gc" contextid="5346" durationms="2.394" usertimems="0.000" systemtimems="0.000" timestamp="2019-07-07T05:37:56.309" activeThreads="1">
  <mem-info id="5352" free="50331648" total="83886080" percent="60">
    <mem type="eden" free="1047872" total="1048576" percent="99" />
    <remembered-set count="5056" freebytes="3328256" totalbytes="3348480" percent="99" regionsoverflowed="0" regionsstable="13" regionsrebuilding="0"/>
  </mem-info>
</gc-end>
<cycle-end id="5353" type="partial gc" contextid="5346" timestamp="2019-07-07T05:37:56.309" />
  <attribute name="elasticGC enabled" value="1" />
  <attribute name= "numThreadsSpecified" value="1" />
  <attribute name="heapSize specified" value="0" />
  <attribute name="Current GC Util" value="303" />
  <attribute name= "Current Time Running" value="27109" />
  <attribute name ="GC Interval" value="0" />
  <attribute name="ProportionalT" value="141.500000" />
  <attribute name="ProportionalI" value="141.500000" />
  <attribute name="ProportionalH" value="141.500000" />
  <attribute name="Current Error" value="283.000000" />
  <attribute name="IntegralT" value="0.000000" />
  <attribute name="IntegralI" value="0.000000" />
  <attribute name="IntegralH" value="0.000000" />
  <attribute name="DerivativeT" value="inf" />
  <attribute name="DerivativeI" value="inf" />
  <attribute name="DerivativeH" value="inf" />
  <attribute name="Loop Time for DT" value="0.000000" />
  <attribute name="Output H" value="8388608"/>
  <attribute name="Output I" value="200"/>
  <attribute name="Output T" value="1"/>
  <attribute name="Target GC Util Change" value ="20.000000" />
  <attribute name="Current GC Util Change" value="303.000000"/>
  <attribute name="GC Util currently" value="303" />
  <attribute name="CPU Util currently" value="14203569483906" />
<exclusive-end id="5354" timestamp="2019-07-07T05:37:56.309" durationms="3.506" />

<exclusive-start id="5355" timestamp="2019-07-07T05:37:56.334" intervalms="28.681">
  <response-info timems="0.164" idlems="0.164" threads="0" lastid="000000000202A700" lastname="main" />
</exclusive-start>
<allocation-taxation id="5356" taxation-threshold="27262976" timestamp="2019-07-07T05:37:56.335" intervalms="28.684" />
<cycle-start id="5357" type="partial gc" contextid="0" timestamp="2019-07-07T05:37:56.335" intervalms="28.702" />
<gc-start id="5358" type="partial gc" contextid="5357" timestamp="2019-07-07T05:37:56.335">
  <mem-info id="5359" free="23068672" total="83886080" percent="27">
    <mem type="eden" free="0" total="27262976" percent="0" />
    <remembered-set count="4640" freebytes="3329920" totalbytes="3348480" percent="99" regionsoverflowed="0" regionsstable="13" regionsrebuilding="0"/>
  </mem-info>
</gc-start>
<allocation-stats totalBytes="27261864" >
  <allocated-bytes non-tlh="0" tlh="27261864" arrayletleaf="0"/>
  <largest-consumer threadName="main" threadId="000000000202A700" bytes="27261864" />
</allocation-stats>
<gc-op id="5360" type="copy forward" timems="2.434" contextid="5357" timestamp="2019-07-07T05:37:56.338">
  <memory-copied type="eden" objects="26" bytes="936" bytesdiscarded="696" />
  <memory-copied type="other" objects="7" bytes="168" bytesdiscarded="696" />
  <memory-cardclean objects="83" bytes="2744" />
  <regions eden="26" other="1" />
  <remembered-set-cleared processed="2597" cleared="22" durationms="0.096" />
  <stringconstants candidates="13269" cleared="0"  />
</gc-op>
<gc-op id="5361" type="classunload" timems="0.004" contextid="5357" timestamp="2019-07-07T05:37:56.339">
  <classunload-info classloadercandidates="53" classloadersunloaded="0" classesunloaded="0" anonymousclassesunloaded="0" quiescems="0.000" setupms="0.004" scanms="0.000" postms="0.000" />
</gc-op>
<gc-end id="5362" type="partial gc" contextid="5357" durationms="3.777" usertimems="4.000" systemtimems="0.000" timestamp="2019-07-07T05:37:56.339" activeThreads="4">
  <mem-info id="5363" free="49283072" total="83886080" percent="58">
    <mem type="eden" free="1046944" total="1048576" percent="99" />
    <remembered-set count="4320" freebytes="3331200" totalbytes="3348480" percent="99" regionsoverflowed="0" regionsstable="13" regionsrebuilding="0"/>
  </mem-info>
</gc-end>
<cycle-end id="5364" type="partial gc" contextid="5357" timestamp="2019-07-07T05:37:56.339" />
  <attribute name="elasticGC enabled" value="1" />
  <attribute name= "numThreadsSpecified" value="4" />
  <attribute name="heapSize specified" value="0" />
  <attribute name="Current GC Util" value="297" />
  <attribute name= "Current Time Running" value="27138" />
  <attribute name ="GC Interval" value="0" />
  <attribute name="ProportionalT" value="138.500000" />
  <attribute name="ProportionalI" value="138.500000" />
  <attribute name="ProportionalH" value="138.500000" />
  <attribute name="Current Error" value="277.000000" />
  <attribute name="IntegralT" value="138.500000" />
  <attribute name="IntegralI" value="138.500000" />
  <attribute name="IntegralH" value="138.500000" />
  <attribute name="DerivativeT" value="277.000000" />
  <attribute name="DerivativeI" value="277.000000" />
  <attribute name="DerivativeH" value="277.000000" />
  <attribute name="Loop Time for DT" value="1.000000" />
  <attribute name="Output H" value="8388608"/>
  <attribute name="Output I" value="560"/>
  <attribute name="Output T" value="4"/>
  <attribute name="Target GC Util Change" value ="20.000000" />
  <attribute name="Current GC Util Change" value="297.000000"/>
  <attribute name="GC Util currently" value="297" />
  <attribute name="CPU Util currently" value="12743547539576" />
<exclusive-end id="5365" timestamp="2019-07-07T05:37:56.339" durationms="4.926" />

<exclusive-start id="5366" timestamp="2019-07-07T05:37:56.405" intervalms="70.432">
  <response-info timems="0.084" idlems="0.084" threads="0" lastid="000000000202A700" lastname="main" />
</exclusive-start>
<allocation-taxation id="5367" taxation-threshold="27262976" timestamp="2019-07-07T05:37:56.405" intervalms="70.406" />
<cycle-start id="5368" type="partial gc" contextid="0" timestamp="2019-07-07T05:37:56.405" intervalms="70.365" />
<gc-start id="5369" type="partial gc" contextid="5368" timestamp="2019-07-07T05:37:56.405">
  <mem-info id="5370" free="22020096" total="83886080" percent="26">
    <mem type="eden" free="0" total="27262976" percent="0" />
    <remembered-set count="1408" freebytes="3342848" totalbytes="3348480" percent="99" regionsoverflowed="0" regionsstable="18" regionsrebuilding="0"/>
  </mem-info>
</gc-start>
<allocation-stats totalBytes="27261232" >
  <allocated-bytes non-tlh="0" tlh="27261232" arrayletleaf="0"/>
  <largest-consumer threadName="main" threadId="000000000202A700" bytes="27261232" />
</allocation-stats>
<gc-op id="5371" type="copy forward" timems="1.023" contextid="5368" timestamp="2019-07-07T05:37:56.407">
  <memory-copied type="eden" objects="18" bytes="584" bytesdiscarded="0" />
  <memory-copied type="other" objects="6" bytes="144" bytesdiscarded="0" />
  <memory-cardclean objects="64" bytes="2128" />
  <regions eden="26" other="1" />
  <remembered-set-cleared processed="42" cleared="15" durationms="0.118" />
  <stringconstants candidates="13269" cleared="0"  />
</gc-op>
<gc-op id="5372" type="classunload" timems="0.003" contextid="5368" timestamp="2019-07-07T05:37:56.407">
  <classunload-info classloadercandidates="53" classloadersunloaded="0" classesunloaded="0" anonymousclassesunloaded="0" quiescems="0.000" setupms="0.003" scanms="0.000" postms="0.000" />
</gc-op>
<gc-end id="5373" type="partial gc" contextid="5368" durationms="2.154" usertimems="4.000" systemtimems="0.000" timestamp="2019-07-07T05:37:56.408" activeThreads="1">
  <mem-info id="5374" free="48234496" total="83886080" percent="57">
    <mem type="eden" free="1047992" total="1048576" percent="99" />
    <remembered-set count="1440" freebytes="3342720" totalbytes="3348480" percent="99" regionsoverflowed="0" regionsstable="18" regionsrebuilding="0"/>
  </mem-info>
</gc-end>
<cycle-end id="5375" type="partial gc" contextid="5368" timestamp="2019-07-07T05:37:56.408" />
  <attribute name="elasticGC enabled" value="1" />
  <attribute name= "numThreadsSpecified" value="1" />
  <attribute name="heapSize specified" value="0" />
  <attribute name="Current GC Util" value="153" />
  <attribute name= "Current Time Running" value="27208" />
  <attribute name ="GC Interval" value="0" />
  <attribute name="ProportionalT" value="66.500000" />
  <attribute name="ProportionalI" value="66.500000" />
  <attribute name="ProportionalH" value="66.500000" />
  <attribute name="Current Error" value="133.000000" />
  <attribute name="IntegralT" value="0.000000" />
  <attribute name="IntegralI" value="0.000000" />
  <attribute name="IntegralH" value="0.000000" />
  <attribute name="DerivativeT" value="inf" />
  <attribute name="DerivativeI" value="inf" />
  <attribute name="DerivativeH" value="inf" />
  <attribute name="Loop Time for DT" value="0.000000" />
  <attribute name="Output H" value="8388608"/>
  <attribute name="Output I" value="200"/>
  <attribute name="Output T" value="1"/>
  <attribute name="Target GC Util Change" value ="20.000000" />
  <attribute name="Current GC Util Change" value="153.000000"/>
  <attribute name="GC Util currently" value="153" />
  <attribute name="CPU Util currently" value="13758587642801" />
<exclusive-end id="5376" timestamp="2019-07-07T05:37:56.408" durationms="3.194" />

<exclusive-start id="5377" timestamp="2019-07-07T05:37:56.497" intervalms="92.609">
  <response-info timems="0.090" idlems="0.090" threads="0" lastid="000000000202A700" lastname="main" />
</exclusive-start>
<allocation-taxation id="5378" taxation-threshold="27262976" timestamp="2019-07-07T05:37:56.498" intervalms="92.672" />
<cycle-start id="5379" type="partial gc" contextid="0" timestamp="2019-07-07T05:37:56.498" intervalms="92.707" />
<gc-start id="5380" type="partial gc" contextid="5379" timestamp="2019-07-07T05:37:56.498">
  <mem-info id="5381" free="20971520" total="83886080" percent="25">
    <mem type="eden" free="0" total="27262976" percent="0" />
    <remembered-set count="1088" freebytes="3344128" totalbytes="3348480" percent="99" regionsoverflowed="0" regionsstable="18" regionsrebuilding="0"/>
  </mem-info>
</gc-start>
<allocation-stats totalBytes="27261152" >
  <allocated-bytes non-tlh="0" tlh="27261152" arrayletleaf="0"/>
  <largest-consumer threadName="main" threadId="000000000202A700" bytes="27261152" />
</allocation-stats>
<gc-op id="5382" type="copy forward" timems="1.136" contextid="5379" timestamp="2019-07-07T05:37:56.500">
  <memory-copied type="eden" objects="41" bytes="1128" bytesdiscarded="0" />
  <memory-copied type="other" objects="6" bytes="144" bytesdiscarded="0" />
  <memory-cardclean objects="99" bytes="3032" />
  <regions eden="26" other="1" />
  <remembered-set-cleared processed="44" cleared="17" durationms="0.116" />
  <stringconstants candidates="13269" cleared="0"  />
</gc-op>
<gc-op id="5383" type="classunload" timems="0.003" contextid="5379" timestamp="2019-07-07T05:37:56.500">
  <classunload-info classloadercandidates="53" classloadersunloaded="0" classesunloaded="0" anonymousclassesunloaded="0" quiescems="0.000" setupms="0.003" scanms="0.000" postms="0.000" />
</gc-op>
<gc-end id="5384" type="partial gc" contextid="5379" durationms="2.538" usertimems="4.000" systemtimems="0.000" timestamp="2019-07-07T05:37:56.501" activeThreads="1">
  <mem-info id="5385" free="47185920" total="83886080" percent="56">
    <mem type="eden" free="1047448" total="1048576" percent="99" />
    <remembered-set count="1440" freebytes="3342720" totalbytes="3348480" percent="99" regionsoverflowed="0" regionsstable="18" regionsrebuilding="0"/>
  </mem-info>
</gc-end>
<cycle-end id="5386" type="partial gc" contextid="5379" timestamp="2019-07-07T05:37:56.501" />
  <attribute name="elasticGC enabled" value="1" />
  <attribute name= "numThreadsSpecified" value="1" />
  <attribute name="heapSize specified" value="0" />
  <attribute name="Current GC Util" value="290" />
  <attribute name= "Current Time Running" value="27301" />
  <attribute name ="GC Interval" value="0" />
  <attribute name="ProportionalT" value="135.000000" />
  <attribute name="ProportionalI" value="135.000000" />
  <attribute name="ProportionalH" value="135.000000" />
  <attribute name="Current Error" value="270.000000" />
  <attribute name="IntegralT" value="0.000000" />
  <attribute name="IntegralI" value="0.000000" />
  <attribute name="IntegralH" value="0.000000" />
  <attribute name="DerivativeT" value="inf" />
  <attribute name="DerivativeI" value="inf" />
  <attribute name="DerivativeH" value="inf" />
  <attribute name="Loop Time for DT" value="0.000000" />
  <attribute name="Output H" value="8388608"/>
  <attribute name="Output I" value="200"/>
  <attribute name="Output T" value="1"/>
  <attribute name="Target GC Util Change" value ="20.000000" />
  <attribute name="Current GC Util Change" value="290.000000"/>
  <attribute name="GC Util currently" value="290" />
  <attribute name="CPU Util currently" value="12218781847488" />
<exclusive-end id="5387" timestamp="2019-07-07T05:37:56.501" durationms="3.784" />

<exclusive-start id="5388" timestamp="2019-07-07T05:37:56.513" intervalms="15.295">
  <response-info timems="0.082" idlems="0.082" threads="0" lastid="000000000202A700" lastname="main" />
</exclusive-start>
<allocation-taxation id="5389" taxation-threshold="27262976" timestamp="2019-07-07T05:37:56.513" intervalms="15.284" />
<cycle-start id="5390" type="partial gc" contextid="0" timestamp="2019-07-07T05:37:56.513" intervalms="15.279" />
<gc-start id="5391" type="partial gc" contextid="5390" timestamp="2019-07-07T05:37:56.513">
  <mem-info id="5392" free="19922944" total="83886080" percent="23">
    <mem type="eden" free="0" total="27262976" percent="0" />
    <remembered-set count="1120" freebytes="3344000" totalbytes="3348480" percent="99" regionsoverflowed="0" regionsstable="18" regionsrebuilding="0"/>
  </mem-info>
</gc-start>
<allocation-stats totalBytes="27260832" >
  <allocated-bytes non-tlh="0" tlh="27260832" arrayletleaf="0"/>
  <largest-consumer threadName="main" threadId="000000000202A700" bytes="27260832" />
</allocation-stats>
<gc-op id="5393" type="copy forward" timems="1.037" contextid="5390" timestamp="2019-07-07T05:37:56.516">
  <memory-copied type="eden" objects="4" bytes="96" bytesdiscarded="0" />
  <memory-copied type="other" objects="35" bytes="992" bytesdiscarded="0" />
  <memory-cardclean objects="71" bytes="2304" />
  <regions eden="26" other="1" />
  <remembered-set-cleared processed="46" cleared="12" durationms="0.118" />
  <stringconstants candidates="13269" cleared="0"  />
</gc-op>
<gc-op id="5394" type="classunload" timems="0.004" contextid="5390" timestamp="2019-07-07T05:37:56.516">
  <classunload-info classloadercandidates="53" classloadersunloaded="0" classesunloaded="0" anonymousclassesunloaded="0" quiescems="0.000" setupms="0.004" scanms="0.000" postms="0.000" />
</gc-op>
<gc-end id="5395" type="partial gc" contextid="5390" durationms="2.375" usertimems="0.000" systemtimems="0.000" timestamp="2019-07-07T05:37:56.516" activeThreads="1">
  <mem-info id="5396" free="46137344" total="83886080" percent="55">
    <mem type="eden" free="1048480" total="1048576" percent="99" />
    <remembered-set count="1600" freebytes="3342080" totalbytes="3348480" percent="99" regionsoverflowed="0" regionsstable="18" regionsrebuilding="0"/>
  </mem-info>
</gc-end>
<cycle-end id="5397" type="partial gc" contextid="5390" timestamp="2019-07-07T05:37:56.516" />
  <attribute name="elasticGC enabled" value="1" />
  <attribute name= "numThreadsSpecified" value="1" />
  <attribute name="heapSize specified" value="0" />
  <attribute name="Current GC Util" value="282" />
  <attribute name= "Current Time Running" value="27316" />
  <attribute name ="GC Interval" value="0" />
  <attribute name="ProportionalT" value="131.000000" />
  <attribute name="ProportionalI" value="131.000000" />
  <attribute name="ProportionalH" value="131.000000" />
  <attribute name="Current Error" value="262.000000" />
  <attribute name="IntegralT" value="0.000000" />
  <attribute name="IntegralI" value="0.000000" />
  <attribute name="IntegralH" value="0.000000" />
  <attribute name="DerivativeT" value="inf" />
  <attribute name="DerivativeI" value="inf" />
  <attribute name="DerivativeH" value="inf" />
  <attribute name="Loop Time for DT" value="0.000000" />
  <attribute name="Output H" value="8388608"/>
  <attribute name="Output I" value="200"/>
  <attribute name="Output T" value="1"/>
  <attribute name="Target GC Util Change" value ="20.000000" />
  <attribute name="Current GC Util Change" value="282.000000"/>
  <attribute name="GC Util currently" value="282" />
  <attribute name="CPU Util currently" value="12319248286349" />
<exclusive-end id="5398" timestamp="2019-07-07T05:37:56.516" durationms="3.652" />

<exclusive-start id="5399" timestamp="2019-07-07T05:37:56.547" intervalms="33.975">
  <response-info timems="0.091" idlems="0.091" threads="0" lastid="000000000202A700" lastname="main" />
</exclusive-start>
<allocation-taxation id="5400" taxation-threshold="27262976" timestamp="2019-07-07T05:37:56.547" intervalms="33.974" />
<cycle-start id="5401" type="partial gc" contextid="0" timestamp="2019-07-07T05:37:56.547" intervalms="33.975" />
<gc-start id="5402" type="partial gc" contextid="5401" timestamp="2019-07-07T05:37:56.547">
  <mem-info id="5403" free="18874368" total="83886080" percent="22">
    <mem type="eden" free="1048480" total="28311552" percent="3" />
    <remembered-set count="1152" freebytes="3343872" totalbytes="3348480" percent="99" regionsoverflowed="0" regionsstable="18" regionsrebuilding="0"/>
  </mem-info>
</gc-start>
<allocation-stats totalBytes="27261032" >
  <allocated-bytes non-tlh="0" tlh="27261032" arrayletleaf="0"/>
  <largest-consumer threadName="main" threadId="000000000202A700" bytes="27261032" />
</allocation-stats>
<gc-op id="5404" type="copy forward" timems="1.061" contextid="5401" timestamp="2019-07-07T05:37:56.549">
  <memory-copied type="eden" objects="30" bytes="904" bytesdiscarded="0" />
  <memory-copied type="other" objects="0" bytes="0" bytesdiscarded="0" />
  <memory-cardclean objects="77" bytes="2632" />
  <regions eden="26" other="1" />
  <remembered-set-cleared processed="51" cleared="4" durationms="0.119" />
  <stringconstants candidates="13269" cleared="0"  />
</gc-op>
<gc-op id="5405" type="classunload" timems="0.003" contextid="5401" timestamp="2019-07-07T05:37:56.550">
  <classunload-info classloadercandidates="53" classloadersunloaded="0" classesunloaded="0" anonymousclassesunloaded="0" quiescems="0.000" setupms="0.003" scanms="0.000" postms="0.000" />
</gc-op>
<gc-end id="5406" type="partial gc" contextid="5401" durationms="2.406" usertimems="4.000" systemtimems="0.000" timestamp="2019-07-07T05:37:56.550" activeThreads="1">
  <mem-info id="5407" free="46137344" total="83886080" percent="55">
    <mem type="eden" free="1047672" total="1048576" percent="99" />
    <remembered-set count="1632" freebytes="3341952" totalbytes="3348480" percent="99" regionsoverflowed="0" regionsstable="18" regionsrebuilding="0"/>
  </mem-info>
</gc-end>
<cycle-end id="5408" type="partial gc" contextid="5401" timestamp="2019-07-07T05:37:56.550" />
  <attribute name="elasticGC enabled" value="1" />
  <attribute name= "numThreadsSpecified" value="1" />
  <attribute name="heapSize specified" value="0" />
  <attribute name="Current GC Util" value="278" />
  <attribute name= "Current Time Running" value="27350" />
  <attribute name ="GC Interval" value="0" />
  <attribute name="ProportionalT" value="129.000000" />
  <attribute name="ProportionalI" value="129.000000" />
  <attribute name="ProportionalH" value="129.000000" />
  <attribute name="Current Error" value="258.000000" />
  <attribute name="IntegralT" value="0.000000" />
  <attribute name="IntegralI" value="0.000000" />
  <attribute name="IntegralH" value="0.000000" />
  <attribute name="DerivativeT" value="inf" />
  <attribute name="DerivativeI" value="inf" />
  <attribute name="DerivativeH" value="inf" />
  <attribute name="Loop Time for DT" value="0.000000" />
  <attribute name="Output H" value="8388608"/>
  <attribute name="Output I" value="200"/>
  <attribute name="Output T" value="1"/>
  <attribute name="Target GC Util Change" value ="20.000000" />
  <attribute name="Current GC Util Change" value="278.000000"/>
  <attribute name="GC Util currently" value="278" />
  <attribute name="CPU Util currently" value="12849286324078" />
<exclusive-end id="5409" timestamp="2019-07-07T05:37:56.550" durationms="3.681" />

<exclusive-start id="5410" timestamp="2019-07-07T05:37:56.584" intervalms="37.124">
  <response-info timems="0.065" idlems="0.065" threads="0" lastid="000000000202A700" lastname="main" />
</exclusive-start>
<allocation-taxation id="5411" taxation-threshold="27262976" timestamp="2019-07-07T05:37:56.584" intervalms="37.088" />
<cycle-start id="5412" type="partial gc" contextid="0" timestamp="2019-07-07T05:37:56.584" intervalms="37.060" />
<gc-start id="5413" type="partial gc" contextid="5412" timestamp="2019-07-07T05:37:56.585">
  <mem-info id="5414" free="18874368" total="83886080" percent="22">
    <mem type="eden" free="0" total="27262976" percent="0" />
    <remembered-set count="1152" freebytes="3343872" totalbytes="3348480" percent="99" regionsoverflowed="0" regionsstable="18" regionsrebuilding="0"/>
  </mem-info>
</gc-start>
<allocation-stats totalBytes="27261256" >
  <allocated-bytes non-tlh="0" tlh="27261256" arrayletleaf="0"/>
  <largest-consumer threadName="main" threadId="000000000202A700" bytes="27261256" />
</allocation-stats>
<gc-op id="5415" type="copy forward" timems="1.057" contextid="5412" timestamp="2019-07-07T05:37:56.586">
  <memory-copied type="eden" objects="26" bytes="832" bytesdiscarded="0" />
  <memory-copied type="other" objects="8" bytes="192" bytesdiscarded="0" />
  <memory-cardclean objects="76" bytes="2616" />
  <regions eden="26" other="1" />
  <remembered-set-cleared processed="49" cleared="2" durationms="0.124" />
  <stringconstants candidates="13269" cleared="0"  />
</gc-op>
<gc-op id="5416" type="classunload" timems="0.004" contextid="5412" timestamp="2019-07-07T05:37:56.587">
  <classunload-info classloadercandidates="53" classloadersunloaded="0" classesunloaded="0" anonymousclassesunloaded="0" quiescems="0.000" setupms="0.004" scanms="0.000" postms="0.000" />
</gc-op>
<gc-end id="5417" type="partial gc" contextid="5412" durationms="2.374" usertimems="4.000" systemtimems="0.000" timestamp="2019-07-07T05:37:56.587" activeThreads="1">
  <mem-info id="5418" free="45088768" total="83886080" percent="53">
    <mem type="eden" free="1047744" total="1048576" percent="99" />
    <remembered-set count="1632" freebytes="3341952" totalbytes="3348480" percent="99" regionsoverflowed="0" regionsstable="18" regionsrebuilding="0"/>
  </mem-info>
</gc-end>
<cycle-end id="5419" type="partial gc" contextid="5412" timestamp="2019-07-07T05:37:56.587" />
  <attribute name="elasticGC enabled" value="1" />
  <attribute name= "numThreadsSpecified" value="1" />
  <attribute name="heapSize specified" value="0" />
  <attribute name="Current GC Util" value="280" />
  <attribute name= "Current Time Running" value="27387" />
  <attribute name ="GC Interval" value="0" />
  <attribute name="ProportionalT" value="130.000000" />
  <attribute name="ProportionalI" value="130.000000" />
  <attribute name="ProportionalH" value="130.000000" />
  <attribute name="Current Error" value="260.000000" />
  <attribute name="IntegralT" value="0.000000" />
  <attribute name="IntegralI" value="0.000000" />
  <attribute name="IntegralH" value="0.000000" />
  <attribute name="DerivativeT" value="inf" />
  <attribute name="DerivativeI" value="inf" />
  <attribute name="DerivativeH" value="inf" />
  <attribute name="Loop Time for DT" value="0.000000" />
  <attribute name="Output H" value="8388608"/>
  <attribute name="Output I" value="200"/>
  <attribute name="Output T" value="1"/>
  <attribute name="Target GC Util Change" value ="20.000000" />
  <attribute name="Current GC Util Change" value="280.000000"/>
  <attribute name="GC Util currently" value="280" />
  <attribute name="CPU Util currently" value="13605679717721" />
<exclusive-end id="5420" timestamp="2019-07-07T05:37:56.587" durationms="3.548" />

<exclusive-start id="5421" timestamp="2019-07-07T05:37:56.613" intervalms="29.658">
  <response-info timems="0.099" idlems="0.099" threads="0" lastid="000000000202A700" lastname="main" />
</exclusive-start>
<allocation-taxation id="5422" taxation-threshold="27262976" timestamp="2019-07-07T05:37:56.614" intervalms="29.623" />
<cycle-start id="5423" type="partial gc" contextid="0" timestamp="2019-07-07T05:37:56.614" intervalms="29.630" />
<gc-start id="5424" type="partial gc" contextid="5423" timestamp="2019-07-07T05:37:56.614">
  <mem-info id="5425" free="17825792" total="83886080" percent="21">
    <mem type="eden" free="0" total="27262976" percent="0" />
    <remembered-set count="1184" freebytes="3343744" totalbytes="3348480" percent="99" regionsoverflowed="0" regionsstable="18" regionsrebuilding="0"/>
  </mem-info>
</gc-start>
<allocation-stats totalBytes="27260944" >
  <allocated-bytes non-tlh="0" tlh="27260944" arrayletleaf="0"/>
  <largest-consumer threadName="main" threadId="000000000202A700" bytes="27260944" />
</allocation-stats>
<gc-op id="5426" type="copy forward" timems="2.570" contextid="5423" timestamp="2019-07-07T05:37:56.618">
  <memory-copied type="eden" objects="9" bytes="256" bytesdiscarded="0" />
  <memory-copied type="other" objects="17" bytes="576" bytesdiscarded="696" />
  <memory-cardclean objects="49" bytes="1776" />
  <regions eden="26" other="1" />
  <remembered-set-cleared processed="52" cleared="4" durationms="0.093" />
  <stringconstants candidates="13269" cleared="0"  />
</gc-op>
<gc-op id="5427" type="classunload" timems="0.003" contextid="5423" timestamp="2019-07-07T05:37:56.618">
  <classunload-info classloadercandidates="53" classloadersunloaded="0" classesunloaded="0" anonymousclassesunloaded="0" quiescems="0.000" setupms="0.003" scanms="0.000" postms="0.000" />
</gc-op>
<gc-end id="5428" type="partial gc" contextid="5423" durationms="3.757" usertimems="8.000" systemtimems="0.000" timestamp="2019-07-07T05:37:56.618" activeThreads="4">
  <mem-info id="5429" free="44040192" total="83886080" percent="52">
    <mem type="eden" free="1048320" total="1048576" percent="99" />
    <remembered-set count="2208" freebytes="3339648" totalbytes="3348480" percent="99" regionsoverflowed="0" regionsstable="18" regionsrebuilding="0"/>
  </mem-info>
</gc-end>
<cycle-end id="5430" type="partial gc" contextid="5423" timestamp="2019-07-07T05:37:56.618" />
  <attribute name="elasticGC enabled" value="1" />
  <attribute name= "numThreadsSpecified" value="4" />
  <attribute name="heapSize specified" value="0" />
  <attribute name="Current GC Util" value="283" />
  <attribute name= "Current Time Running" value="27417" />
  <attribute name ="GC Interval" value="0" />
  <attribute name="ProportionalT" value="131.500000" />
  <attribute name="ProportionalI" value="131.500000" />
  <attribute name="ProportionalH" value="131.500000" />
  <attribute name="Current Error" value="263.000000" />
  <attribute name="IntegralT" value="131.500000" />
  <attribute name="IntegralI" value="131.500000" />
  <attribute name="IntegralH" value="131.500000" />
  <attribute name="DerivativeT" value="263.000000" />
  <attribute name="DerivativeI" value="263.000000" />
  <attribute name="DerivativeH" value="263.000000" />
  <attribute name="Loop Time for DT" value="1.000000" />
  <attribute name="Output H" value="8388608"/>
  <attribute name="Output I" value="528"/>
  <attribute name="Output T" value="4"/>
  <attribute name="Target GC Util Change" value ="20.000000" />
  <attribute name="Current GC Util Change" value="283.000000"/>
  <attribute name="GC Util currently" value="283" />
  <attribute name="CPU Util currently" value="13794020660414" />
<exclusive-end id="5431" timestamp="2019-07-07T05:37:56.618" durationms="4.804" />

<exclusive-start id="5432" timestamp="2019-07-07T05:37:56.644" intervalms="30.822">
  <response-info timems="0.105" idlems="0.105" threads="0" lastid="000000000202A700" lastname="main" />
</exclusive-start>
<allocation-taxation id="5433" taxation-threshold="27262976" timestamp="2019-07-07T05:37:56.644" intervalms="30.853" />
<cycle-start id="5434" type="partial gc" contextid="0" timestamp="2019-07-07T05:37:56.645" intervalms="30.845" />
<gc-start id="5435" type="partial gc" contextid="5434" timestamp="2019-07-07T05:37:56.645">
  <mem-info id="5436" free="16777216" total="83886080" percent="20">
    <mem type="eden" free="1048320" total="28311552" percent="3" />
    <remembered-set count="1728" freebytes="3341568" totalbytes="3348480" percent="99" regionsoverflowed="0" regionsstable="18" regionsrebuilding="0"/>
  </mem-info>
</gc-start>
<allocation-stats totalBytes="27260840" >
  <allocated-bytes non-tlh="0" tlh="27260840" arrayletleaf="0"/>
  <largest-consumer threadName="main" threadId="000000000202A700" bytes="27260840" />
</allocation-stats>
<gc-op id="5437" type="copy forward" timems="1.034" contextid="5434" timestamp="2019-07-07T05:37:56.647">
  <memory-copied type="eden" objects="9" bytes="256" bytesdiscarded="0" />
  <memory-copied type="other" objects="0" bytes="0" bytesdiscarded="0" />
  <memory-cardclean objects="13" bytes="480" />
  <regions eden="26" other="1" />
  <remembered-set-cleared processed="56" cleared="0" durationms="0.126" />
  <stringconstants candidates="13269" cleared="0"  />
</gc-op>
<gc-op id="5438" type="classunload" timems="0.003" contextid="5434" timestamp="2019-07-07T05:37:56.647">
  <classunload-info classloadercandidates="53" classloadersunloaded="0" classesunloaded="0" anonymousclassesunloaded="0" quiescems="0.000" setupms="0.003" scanms="0.000" postms="0.000" />
</gc-op>
<gc-end id="5439" type="partial gc" contextid="5434" durationms="2.137" usertimems="0.000" systemtimems="0.000" timestamp="2019-07-07T05:37:56.647" activeThreads="1">
  <mem-info id="5440" free="44040192" total="83886080" percent="52">
    <mem type="eden" free="1048320" total="1048576" percent="99" />
    <remembered-set count="2208" freebytes="3339648" totalbytes="3348480" percent="99" regionsoverflowed="0" regionsstable="18" regionsrebuilding="0"/>
  </mem-info>
</gc-end>
<cycle-end id="5441" type="partial gc" contextid="5434" timestamp="2019-07-07T05:37:56.647" />
  <attribute name="elasticGC enabled" value="1" />
  <attribute name= "numThreadsSpecified" value="1" />
  <attribute name="heapSize specified" value="0" />
  <attribute name="Current GC Util" value="161" />
  <attribute name= "Current Time Running" value="27447" />
  <attribute name ="GC Interval" value="0" />
  <attribute name="ProportionalT" value="70.500000" />
  <attribute name="ProportionalI" value="70.500000" />
  <attribute name="ProportionalH" value="70.500000" />
  <attribute name="Current Error" value="141.000000" />
  <attribute name="IntegralT" value="0.000000" />
  <attribute name="IntegralI" value="0.000000" />
  <attribute name="IntegralH" value="0.000000" />
  <attribute name="DerivativeT" value="inf" />
  <attribute name="DerivativeI" value="inf" />
  <attribute name="DerivativeH" value="inf" />
  <attribute name="Loop Time for DT" value="0.000000" />
  <attribute name="Output H" value="8388608"/>
  <attribute name="Output I" value="200"/>
  <attribute name="Output T" value="1"/>
  <attribute name="Target GC Util Change" value ="20.000000" />
  <attribute name="Current GC Util Change" value="161.000000"/>
  <attribute name="GC Util currently" value="161" />
  <attribute name="CPU Util currently" value="13772640265641" />
<exclusive-end id="5442" timestamp="2019-07-07T05:37:56.647" durationms="3.100" />

<exclusive-start id="5443" timestamp="2019-07-07T05:37:56.752" intervalms="107.655">
  <response-info timems="0.085" idlems="0.085" threads="0" lastid="000000000202A700" lastname="main" />
</exclusive-start>
<allocation-taxation id="5444" taxation-threshold="27262976" timestamp="2019-07-07T05:37:56.752" intervalms="107.678" />
<cycle-start id="5445" type="partial gc" contextid="0" timestamp="2019-07-07T05:37:56.752" intervalms="107.600" />
<gc-start id="5446" type="partial gc" contextid="5445" timestamp="2019-07-07T05:37:56.753">
  <mem-info id="5447" free="16777216" total="83886080" percent="20">
    <mem type="eden" free="1048320" total="28311552" percent="3" />
    <remembered-set count="1728" freebytes="3341568" totalbytes="3348480" percent="99" regionsoverflowed="0" regionsstable="18" regionsrebuilding="0"/>
  </mem-info>
</gc-start>
<allocation-stats totalBytes="27242040" >
  <allocated-bytes non-tlh="0" tlh="27242040" arrayletleaf="0"/>
  <largest-consumer threadName="main" threadId="000000000202A700" bytes="27242040" />
</allocation-stats>
<gc-op id="5448" type="copy forward" timems="1.139" contextid="5445" timestamp="2019-07-07T05:37:56.755">
  <memory-copied type="eden" objects="55" bytes="2272" bytesdiscarded="0" />
  <memory-copied type="other" objects="0" bytes="0" bytesdiscarded="0" />
  <memory-cardclean objects="98" bytes="3128" />
  <regions eden="26" other="1" />
  <remembered-set-cleared processed="56" cleared="8" durationms="0.132" />
  <stringconstants candidates="13269" cleared="0"  />
</gc-op>
<gc-op id="5449" type="classunload" timems="0.004" contextid="5445" timestamp="2019-07-07T05:37:56.755">
  <classunload-info classloadercandidates="53" classloadersunloaded="0" classesunloaded="0" anonymousclassesunloaded="0" quiescems="0.000" setupms="0.004" scanms="0.000" postms="0.000" />
</gc-op>
<gc-end id="5450" type="partial gc" contextid="5445" durationms="2.506" usertimems="4.000" systemtimems="0.000" timestamp="2019-07-07T05:37:56.755" activeThreads="1">
  <mem-info id="5451" free="44040192" total="83886080" percent="52">
    <mem type="eden" free="1046304" total="1048576" percent="99" />
    <remembered-set count="2048" freebytes="3340288" totalbytes="3348480" percent="99" regionsoverflowed="0" regionsstable="18" regionsrebuilding="0"/>
  </mem-info>
</gc-end>
<cycle-end id="5452" type="partial gc" contextid="5445" timestamp="2019-07-07T05:37:56.755" />
  <attribute name="elasticGC enabled" value="1" />
  <attribute name= "numThreadsSpecified" value="1" />
  <attribute name="heapSize specified" value="0" />
  <attribute name="Current GC Util" value="276" />
  <attribute name= "Current Time Running" value="27555" />
  <attribute name ="GC Interval" value="0" />
  <attribute name="ProportionalT" value="128.000000" />
  <attribute name="ProportionalI" value="128.000000" />
  <attribute name="ProportionalH" value="128.000000" />
  <attribute name="Current Error" value="256.000000" />
  <attribute name="IntegralT" value="0.000000" />
  <attribute name="IntegralI" value="0.000000" />
  <attribute name="IntegralH" value="0.000000" />
  <attribute name="DerivativeT" value="inf" />
  <attribute name="DerivativeI" value="inf" />
  <attribute name="DerivativeH" value="inf" />
  <attribute name="Loop Time for DT" value="0.000000" />
  <attribute name="Output H" value="8388608"/>
  <attribute name="Output I" value="200"/>
  <attribute name="Output T" value="1"/>
  <attribute name="Target GC Util Change" value ="20.000000" />
  <attribute name="Current GC Util Change" value="276.000000"/>
  <attribute name="GC Util currently" value="276" />
  <attribute name="CPU Util currently" value="13037305167899" />
<exclusive-end id="5453" timestamp="2019-07-07T05:37:56.756" durationms="3.580" />

<exclusive-start id="5454" timestamp="2019-07-07T05:37:56.818" intervalms="65.921">
  <response-info timems="0.120" idlems="0.120" threads="0" lastid="000000000202A700" lastname="main" />
</exclusive-start>
<allocation-taxation id="5455" taxation-threshold="27262976" timestamp="2019-07-07T05:37:56.818" intervalms="65.846" />
<cycle-start id="5456" type="partial gc" contextid="0" timestamp="2019-07-07T05:37:56.818" intervalms="65.900" />
<gc-start id="5457" type="partial gc" contextid="5456" timestamp="2019-07-07T05:37:56.818">
  <mem-info id="5458" free="16777216" total="83886080" percent="20">
    <mem type="eden" free="0" total="27262976" percent="0" />
    <remembered-set count="1600" freebytes="3342080" totalbytes="3348480" percent="99" regionsoverflowed="0" regionsstable="18" regionsrebuilding="0"/>
  </mem-info>
</gc-start>
<allocation-stats totalBytes="27242688" >
  <allocated-bytes non-tlh="0" tlh="27242688" arrayletleaf="0"/>
  <largest-consumer threadName="main" threadId="000000000202A700" bytes="27242688" />
</allocation-stats>
<gc-op id="5459" type="copy forward" timems="1.167" contextid="5456" timestamp="2019-07-07T05:37:56.820">
  <memory-copied type="eden" objects="1" bytes="24" bytesdiscarded="0" />
  <memory-copied type="other" objects="53" bytes="2216" bytesdiscarded="0" />
  <memory-cardclean objects="75" bytes="2648" />
  <regions eden="26" other="1" />
  <remembered-set-cleared processed="54" cleared="6" durationms="0.125" />
  <stringconstants candidates="13269" cleared="0"  />
</gc-op>
<gc-op id="5460" type="classunload" timems="0.003" contextid="5456" timestamp="2019-07-07T05:37:56.821">
  <classunload-info classloadercandidates="53" classloadersunloaded="0" classesunloaded="0" anonymousclassesunloaded="0" quiescems="0.000" setupms="0.003" scanms="0.000" postms="0.000" />
</gc-op>
<gc-end id="5461" type="partial gc" contextid="5456" durationms="2.472" usertimems="4.000" systemtimems="0.000" timestamp="2019-07-07T05:37:56.821" activeThreads="1">
  <mem-info id="5462" free="42991616" total="83886080" percent="51">
    <mem type="eden" free="1048552" total="1048576" percent="99" />
    <remembered-set count="2048" freebytes="3340288" totalbytes="3348480" percent="99" regionsoverflowed="0" regionsstable="18" regionsrebuilding="0"/>
  </mem-info>
</gc-end>
<cycle-end id="5463" type="partial gc" contextid="5456" timestamp="2019-07-07T05:37:56.821" />
  <attribute name="elasticGC enabled" value="1" />
  <attribute name= "numThreadsSpecified" value="1" />
  <attribute name="heapSize specified" value="0" />
  <attribute name="Current GC Util" value="256" />
  <attribute name= "Current Time Running" value="27621" />
  <attribute name ="GC Interval" value="0" />
  <attribute name="ProportionalT" value="118.000000" />
  <attribute name="ProportionalI" value="118.000000" />
  <attribute name="ProportionalH" value="118.000000" />
  <attribute name="Current Error" value="236.000000" />
  <attribute name="IntegralT" value="0.000000" />
  <attribute name="IntegralI" value="0.000000" />
  <attribute name="IntegralH" value="0.000000" />
  <attribute name="DerivativeT" value="inf" />
  <attribute name="DerivativeI" value="inf" />
  <attribute name="DerivativeH" value="inf" />
  <attribute name="Loop Time for DT" value="0.000000" />
  <attribute name="Output H" value="8388608"/>
  <attribute name="Output I" value="200"/>
  <attribute name="Output T" value="1"/>
  <attribute name="Target GC Util Change" value ="20.000000" />
  <attribute name="Current GC Util Change" value="256.000000"/>
  <attribute name="GC Util currently" value="256" />
  <attribute name="CPU Util currently" value="12471465272413" />
<exclusive-end id="5464" timestamp="2019-07-07T05:37:56.821" durationms="3.416" />

<exclusive-start id="5465" timestamp="2019-07-07T05:37:56.883" intervalms="64.665">
  <response-info timems="0.090" idlems="0.090" threads="0" lastid="000000000202A700" lastname="main" />
</exclusive-start>
<allocation-taxation id="5466" taxation-threshold="27262976" timestamp="2019-07-07T05:37:56.883" intervalms="64.747" />
<cycle-start id="5467" type="partial gc" contextid="0" timestamp="2019-07-07T05:37:56.883" intervalms="64.769" />
<gc-start id="5468" type="partial gc" contextid="5467" timestamp="2019-07-07T05:37:56.883">
  <mem-info id="5469" free="15728640" total="83886080" percent="18">
    <mem type="eden" free="1048552" total="28311552" percent="3" />
    <remembered-set count="1632" freebytes="3341952" totalbytes="3348480" percent="99" regionsoverflowed="0" regionsstable="18" regionsrebuilding="0"/>
  </mem-info>
</gc-start>
<allocation-stats totalBytes="27245672" >
  <allocated-bytes non-tlh="0" tlh="27245672" arrayletleaf="0"/>
  <largest-consumer threadName="main" threadId="000000000202A700" bytes="27245672" />
</allocation-stats>
<gc-op id="5470" type="copy forward" timems="1.061" contextid="5467" timestamp="2019-07-07T05:37:56.885">
  <memory-copied type="eden" objects="26" bytes="784" bytesdiscarded="0" />
  <memory-copied type="other" objects="0" bytes="0" bytesdiscarded="0" />
  <memory-cardclean objects="77" bytes="2624" />
  <regions eden="26" other="1" />
  <remembered-set-cleared processed="60" cleared="7" durationms="0.127" />
  <stringconstants candidates="13269" cleared="0"  />
</gc-op>
<gc-op id="5471" type="classunload" timems="0.003" contextid="5467" timestamp="2019-07-07T05:37:56.885">
  <classunload-info classloadercandidates="53" classloadersunloaded="0" classesunloaded="0" anonymousclassesunloaded="0" quiescems="0.000" setupms="0.003" scanms="0.000" postms="0.000" />
</gc-op>
<heap-resize id="5472" type="contract" space="default" amount="4194304" count="1" timems="0.065" reason="insufficient time being spent in gc" timestamp="2019-07-07T05:37:56.886" />
<gc-end id="5473" type="partial gc" contextid="5467" durationms="2.582" usertimems="0.000" systemtimems="4.000" timestamp="2019-07-07T05:37:56.886" activeThreads="1">
  <mem-info id="5474" free="38797312" total="79691776" percent="48">
    <mem type="eden" free="1047792" total="1048576" percent="99" />
    <remembered-set count="2112" freebytes="3340032" totalbytes="3348480" percent="99" regionsoverflowed="0" regionsstable="18" regionsrebuilding="0"/>
  </mem-info>
</gc-end>
<cycle-end id="5475" type="partial gc" contextid="5467" timestamp="2019-07-07T05:37:56.886" />
  <attribute name="elasticGC enabled" value="1" />
  <attribute name= "numThreadsSpecified" value="1" />
  <attribute name="heapSize specified" value="0" />
  <attribute name="Current GC Util" value="289" />
  <attribute name= "Current Time Running" value="27686" />
  <attribute name ="GC Interval" value="0" />
  <attribute name="ProportionalT" value="134.500000" />
  <attribute name="ProportionalI" value="134.500000" />
  <attribute name="ProportionalH" value="134.500000" />
  <attribute name="Current Error" value="269.000000" />
  <attribute name="IntegralT" value="0.000000" />
  <attribute name="IntegralI" value="0.000000" />
  <attribute name="IntegralH" value="0.000000" />
  <attribute name="DerivativeT" value="inf" />
  <attribute name="DerivativeI" value="inf" />
  <attribute name="DerivativeH" value="inf" />
  <attribute name="Loop Time for DT" value="0.000000" />
  <attribute name="Output H" value="8388608"/>
  <attribute name="Output I" value="200"/>
  <attribute name="Output T" value="1"/>
  <attribute name="Target GC Util Change" value ="20.000000" />
  <attribute name="Current GC Util Change" value="289.000000"/>
  <attribute name="GC Util currently" value="289" />
  <attribute name="CPU Util currently" value="13667534895478" />
<exclusive-end id="5476" timestamp="2019-07-07T05:37:56.886" durationms="3.721" />

<exclusive-start id="5477" timestamp="2019-07-07T05:37:56.929" intervalms="46.026">
  <response-info timems="0.080" idlems="0.080" threads="0" lastid="000000000202A700" lastname="main" />
</exclusive-start>
<allocation-taxation id="5478" taxation-threshold="26214400" timestamp="2019-07-07T05:37:56.929" intervalms="46.011" />
<cycle-start id="5479" type="partial gc" contextid="0" timestamp="2019-07-07T05:37:56.929" intervalms="46.014" />
<gc-start id="5480" type="partial gc" contextid="5479" timestamp="2019-07-07T05:37:56.929">
  <mem-info id="5481" free="12582912" total="79691776" percent="15">
    <mem type="eden" free="0" total="26214400" percent="0" />
    <remembered-set count="1632" freebytes="3341952" totalbytes="3348480" percent="99" regionsoverflowed="0" regionsstable="18" regionsrebuilding="0"/>
  </mem-info>
</gc-start>
<allocation-stats totalBytes="26209400" >
  <allocated-bytes non-tlh="0" tlh="26209400" arrayletleaf="0"/>
  <largest-consumer threadName="main" threadId="000000000202A700" bytes="26209400" />
</allocation-stats>
<gc-op id="5482" type="copy forward" timems="3.258" contextid="5479" timestamp="2019-07-07T05:37:56.934">
  <memory-copied type="eden" objects="23" bytes="1256" bytesdiscarded="696" />
  <memory-copied type="other" objects="7" bytes="168" bytesdiscarded="624" />
  <memory-cardclean objects="75" bytes="2592" />
  <regions eden="25" other="1" />
  <remembered-set-cleared processed="58" cleared="5" durationms="0.093" />
  <stringconstants candidates="13269" cleared="0"  />
</gc-op>
<gc-op id="5483" type="classunload" timems="0.004" contextid="5479" timestamp="2019-07-07T05:37:56.934">
  <classunload-info classloadercandidates="53" classloadersunloaded="0" classesunloaded="0" anonymousclassesunloaded="0" quiescems="0.000" setupms="0.004" scanms="0.000" postms="0.000" />
</gc-op>
<gc-end id="5484" type="partial gc" contextid="5479" durationms="4.709" usertimems="8.000" systemtimems="0.000" timestamp="2019-07-07T05:37:56.934" activeThreads="4">
  <mem-info id="5485" free="37748736" total="79691776" percent="47">
    <mem type="eden" free="1046624" total="1048576" percent="99" />
    <remembered-set count="2272" freebytes="3171968" totalbytes="3181056" percent="99" regionsoverflowed="0" regionsstable="18" regionsrebuilding="0"/>
  </mem-info>
</gc-end>
<cycle-end id="5486" type="partial gc" contextid="5479" timestamp="2019-07-07T05:37:56.934" />
  <attribute name="elasticGC enabled" value="1" />
  <attribute name= "numThreadsSpecified" value="4" />
  <attribute name="heapSize specified" value="0" />
  <attribute name="Current GC Util" value="153" />
  <attribute name= "Current Time Running" value="27732" />
  <attribute name ="GC Interval" value="0" />
  <attribute name="ProportionalT" value="66.500000" />
  <attribute name="ProportionalI" value="66.500000" />
  <attribute name="ProportionalH" value="66.500000" />
  <attribute name="Current Error" value="133.000000" />
  <attribute name="IntegralT" value="66.500000" />
  <attribute name="IntegralI" value="66.500000" />
  <attribute name="IntegralH" value="66.500000" />
  <attribute name="DerivativeT" value="133.000000" />
  <attribute name="DerivativeI" value="133.000000" />
  <attribute name="DerivativeH" value="133.000000" />
  <attribute name="Loop Time for DT" value="1.000000" />
  <attribute name="Output H" value="8388608"/>
  <attribute name="Output I" value="272"/>
  <attribute name="Output T" value="4"/>
  <attribute name="Target GC Util Change" value ="20.000000" />
  <attribute name="Current GC Util Change" value="153.000000"/>
  <attribute name="GC Util currently" value="153" />
  <attribute name="CPU Util currently" value="7632651098265" />
<exclusive-end id="5487" timestamp="2019-07-07T05:37:56.934" durationms="5.816" />

<exclusive-start id="5488" timestamp="2019-07-07T05:37:56.938" intervalms="9.748">
  <response-info timems="0.085" idlems="0.085" threads="0" lastid="000000000202A700" lastname="main" />
</exclusive-start>
<allocation-taxation id="5489" taxation-threshold="12582912" timestamp="2019-07-07T05:37:56.938" intervalms="9.729" />
<cycle-start id="5490" type="global mark phase" contextid="0" timestamp="2019-07-07T05:37:56.939" intervalms="1672.093" />
<gc-start id="5491" type="global mark phase" contextid="5490" timestamp="2019-07-07T05:37:56.939">
  <mem-info id="5492" free="25165824" total="79691776" percent="31">
    <remembered-set count="2272" freebytes="3171968" totalbytes="3181056" percent="99" regionsoverflowed="0" regionsstable="18" regionsrebuilding="0"/>
  </mem-info>
</gc-start>
<gc-op id="5493" type="mark increment" timems="1.016" contextid="5490" timestamp="2019-07-07T05:37:56.940">
  <trace-info objectcount="181" scancount="0" scanbytes="0" />
</gc-op>
<gc-end id="5494" type="global mark phase" contextid="5490" durationms="1.295" usertimems="4.000" systemtimems="0.000" timestamp="2019-07-07T05:37:56.940" activeThreads="1">
  <mem-info id="5495" free="25165824" total="79691776" percent="31">
    <remembered-set count="2272" freebytes="3171968" totalbytes="3181056" percent="99" regionsoverflowed="0" regionsstable="0" regionsrebuilding="18"/>
  </mem-info>
</gc-end>
<concurrent-start id="5496" type="GMP work packet processing" contextid="5490" timestamp="2019-07-07T05:37:56.940">
  <concurrent-mark-start scanTarget="1133740" />
</concurrent-start>
<exclusive-end id="5497" timestamp="2019-07-07T05:37:56.941" durationms="2.209" />

<concurrent-end id="5498" type="GMP work packet processing" contextid="5490" timestamp="2019-07-07T05:37:56.942">
  <concurrent-mark-end bytesScanned="1209120" reasonForTermination="Work target met" />
</concurrent-end>

<exclusive-start id="5499" timestamp="2019-07-07T05:37:56.944" intervalms="6.184">
  <response-info timems="0.078" idlems="0.078" threads="0" lastid="000000000202A700" lastname="main" />
</exclusive-start>
<allocation-taxation id="5500" taxation-threshold="12582912" timestamp="2019-07-07T05:37:56.945" intervalms="6.179" />
<cycle-start id="5501" type="partial gc" contextid="0" timestamp="2019-07-07T05:37:56.945" intervalms="15.816" />
<gc-start id="5502" type="partial gc" contextid="5501" timestamp="2019-07-07T05:37:56.945">
  <mem-info id="5503" free="12582912" total="79691776" percent="15">
    <mem type="eden" free="0" total="25165824" percent="0" />
    <remembered-set count="12352" freebytes="3131648" totalbytes="3181056" percent="98" regionsoverflowed="0" regionsstable="0" regionsrebuilding="18"/>
  </mem-info>
</gc-start>
<allocation-stats totalBytes="25126896" >
  <allocated-bytes non-tlh="0" tlh="25126896" arrayletleaf="0"/>
  <largest-consumer threadName="main" threadId="000000000202A700" bytes="12560464" />
</allocation-stats>
<gc-op id="5504" type="copy forward" timems="3.421" contextid="5501" timestamp="2019-07-07T05:37:56.949">
  <memory-copied type="eden" objects="3" bytes="72" bytesdiscarded="0" />
  <memory-copied type="other" objects="21" bytes="1208" bytesdiscarded="696" />
  <memory-cardclean objects="50" bytes="1808" />
  <regions eden="24" other="1" />
  <remembered-set-cleared processed="9896" cleared="50" durationms="0.119" />
  <stringconstants candidates="13269" cleared="0"  />
</gc-op>
<gc-op id="5505" type="classunload" timems="0.004" contextid="5501" timestamp="2019-07-07T05:37:56.949">
  <classunload-info classloadercandidates="53" classloadersunloaded="0" classesunloaded="0" anonymousclassesunloaded="0" quiescems="0.000" setupms="0.004" scanms="0.000" postms="0.000" />
</gc-op>
<heap-resize id="5506" type="expand" space="default" amount="13631488" count="1" timems="0.083" reason="excessive time being spent in gc" timestamp="2019-07-07T05:37:56.950" />
<gc-end id="5507" type="partial gc" contextid="5501" durationms="4.733" usertimems="4.000" systemtimems="4.000" timestamp="2019-07-07T05:37:56.950" activeThreads="4">
  <mem-info id="5508" free="50331648" total="93323264" percent="53">
    <mem type="eden" free="1048504" total="1048576" percent="99" />
    <remembered-set count="12928" freebytes="3673472" totalbytes="3725184" percent="98" regionsoverflowed="0" regionsstable="0" regionsrebuilding="18"/>
  </mem-info>
</gc-end>
<cycle-end id="5509" type="partial gc" contextid="5501" timestamp="2019-07-07T05:37:56.950" />
  <attribute name="elasticGC enabled" value="1" />
  <attribute name= "numThreadsSpecified" value="4" />
  <attribute name="heapSize specified" value="0" />
  <attribute name="Current GC Util" value="169" />
  <attribute name= "Current Time Running" value="27748" />
  <attribute name ="GC Interval" value="0" />
  <attribute name="ProportionalT" value="74.500000" />
  <attribute name="ProportionalI" value="74.500000" />
  <attribute name="ProportionalH" value="74.500000" />
  <attribute name="Current Error" value="149.000000" />
  <attribute name="IntegralT" value="74.500000" />
  <attribute name="IntegralI" value="74.500000" />
  <attribute name="IntegralH" value="74.500000" />
  <attribute name="DerivativeT" value="67.000000" />
  <attribute name="DerivativeI" value="67.000000" />
  <attribute name="DerivativeH" value="67.000000" />
  <attribute name="Loop Time for DT" value="1.000000" />
  <attribute name="Output H" value="8388608"/>
  <attribute name="Output I" value="216"/>
  <attribute name="Output T" value="4"/>
  <attribute name="Target GC Util Change" value ="20.000000" />
  <attribute name="Current GC Util Change" value="169.000000"/>
  <attribute name="GC Util currently" value="169" />
  <attribute name="CPU Util currently" value="14024657210101" />
<exclusive-end id="5510" timestamp="2019-07-07T05:37:56.950" durationms="5.676" />

<exclusive-start id="5511" timestamp="2019-07-07T05:37:56.955" intervalms="10.259">
  <response-info timems="0.081" idlems="0.081" threads="0" lastid="000000000202A700" lastname="main" />
</exclusive-start>
<allocation-taxation id="5512" taxation-threshold="14680064" timestamp="2019-07-07T05:37:56.955" intervalms="10.255" />
<gc-start id="5513" type="global mark phase" contextid="5490" timestamp="2019-07-07T05:37:56.955">
  <mem-info id="5514" free="35651584" total="93323264" percent="38">
    <remembered-set count="12928" freebytes="3673472" totalbytes="3725184" percent="98" regionsoverflowed="0" regionsstable="0" regionsrebuilding="18"/>
  </mem-info>
</gc-start>
<gc-end id="5515" type="global mark phase" contextid="5490" durationms="0.122" usertimems="0.000" systemtimems="0.000" timestamp="2019-07-07T05:37:56.955" activeThreads="4">
  <mem-info id="5516" free="35651584" total="93323264" percent="38">
    <remembered-set count="12928" freebytes="3673472" totalbytes="3725184" percent="98" regionsoverflowed="0" regionsstable="0" regionsrebuilding="18"/>
  </mem-info>
</gc-end>
<concurrent-start id="5517" type="GMP work packet processing" contextid="5490" timestamp="2019-07-07T05:37:56.955">
  <concurrent-mark-start scanTarget="1511654" />
</concurrent-start>
<exclusive-end id="5518" timestamp="2019-07-07T05:37:56.956" durationms="0.777" />

<concurrent-end id="5519" type="GMP work packet processing" contextid="5490" timestamp="2019-07-07T05:37:56.958">
  <concurrent-mark-end bytesScanned="1617384" reasonForTermination="Work target met" />
</concurrent-end>

<exclusive-start id="5520" timestamp="2019-07-07T05:37:56.961" intervalms="6.145">
  <response-info timems="0.078" idlems="0.078" threads="0" lastid="000000000202A700" lastname="main" />
</exclusive-start>
<allocation-taxation id="5521" taxation-threshold="14680064" timestamp="2019-07-07T05:37:56.961" intervalms="6.050" />
<cycle-start id="5522" type="partial gc" contextid="0" timestamp="2019-07-07T05:37:56.961" intervalms="16.307" />
<gc-start id="5523" type="partial gc" contextid="5522" timestamp="2019-07-07T05:37:56.961">
  <mem-info id="5524" free="20971520" total="93323264" percent="22">
    <mem type="eden" free="1048504" total="30408704" percent="3" />
    <remembered-set count="29632" freebytes="3606656" totalbytes="3725184" percent="96" regionsoverflowed="0" regionsstable="0" regionsrebuilding="18"/>
  </mem-info>
</gc-start>
<allocation-stats totalBytes="29309456" >
  <allocated-bytes non-tlh="0" tlh="29309456" arrayletleaf="0"/>
  <largest-consumer threadName="main" threadId="000000000202A700" bytes="14653856" />
</allocation-stats>
<gc-op id="5525" type="copy forward" timems="1.565" contextid="5522" timestamp="2019-07-07T05:37:56.964">
  <memory-copied type="eden" objects="3" bytes="72" bytesdiscarded="0" />
  <memory-copied type="other" objects="0" bytes="0" bytesdiscarded="0" />
  <memory-cardclean objects="11" bytes="408" />
  <regions eden="28" other="1" />
  <remembered-set-cleared processed="27239" cleared="9" durationms="0.280" />
  <stringconstants candidates="13269" cleared="0"  />
</gc-op>
<gc-op id="5526" type="classunload" timems="0.004" contextid="5522" timestamp="2019-07-07T05:37:56.964">
  <classunload-info classloadercandidates="53" classloadersunloaded="0" classesunloaded="0" anonymousclassesunloaded="0" quiescems="0.000" setupms="0.004" scanms="0.000" postms="0.000" />
</gc-op>
<heap-resize id="5527" type="expand" space="default" amount="14680064" count="1" timems="0.083" reason="excessive time being spent in gc" timestamp="2019-07-07T05:37:56.964" />
<gc-end id="5528" type="partial gc" contextid="5522" durationms="3.129" usertimems="4.000" systemtimems="0.000" timestamp="2019-07-07T05:37:56.964" activeThreads="1">
  <mem-info id="5529" free="65011712" total="108003328" percent="60">
    <mem type="eden" free="1048504" total="1048576" percent="99" />
    <remembered-set count="30112" freebytes="4190720" totalbytes="4311168" percent="97" regionsoverflowed="0" regionsstable="0" regionsrebuilding="18"/>
  </mem-info>
</gc-end>
<cycle-end id="5530" type="partial gc" contextid="5522" timestamp="2019-07-07T05:37:56.965" />
  <attribute name="elasticGC enabled" value="1" />
  <attribute name= "numThreadsSpecified" value="1" />
  <attribute name="heapSize specified" value="0" />
  <attribute name="Current GC Util" value="158" />
  <attribute name= "Current Time Running" value="27764" />
  <attribute name ="GC Interval" value="0" />
  <attribute name="ProportionalT" value="69.000000" />
  <attribute name="ProportionalI" value="69.000000" />
  <attribute name="ProportionalH" value="69.000000" />
  <attribute name="Current Error" value="138.000000" />
  <attribute name="IntegralT" value="0.000000" />
  <attribute name="IntegralI" value="0.000000" />
  <attribute name="IntegralH" value="0.000000" />
  <attribute name="DerivativeT" value="inf" />
  <attribute name="DerivativeI" value="inf" />
  <attribute name="DerivativeH" value="inf" />
  <attribute name="Loop Time for DT" value="0.000000" />
  <attribute name="Output H" value="8388608"/>
  <attribute name="Output I" value="200"/>
  <attribute name="Output T" value="1"/>
  <attribute name="Target GC Util Change" value ="20.000000" />
  <attribute name="Current GC Util Change" value="158.000000"/>
  <attribute name="GC Util currently" value="158" />
  <attribute name="CPU Util currently" value="13679048322088" />
<exclusive-end id="5531" timestamp="2019-07-07T05:37:56.965" durationms="3.969" />

<exclusive-start id="5532" timestamp="2019-07-07T05:37:56.970" intervalms="9.150">
  <response-info timems="0.081" idlems="0.081" threads="0" lastid="000000000202A700" lastname="main" />
</exclusive-start>
<allocation-taxation id="5533" taxation-threshold="16777216" timestamp="2019-07-07T05:37:56.970" intervalms="9.271" />
<gc-start id="5534" type="global mark phase" contextid="5490" timestamp="2019-07-07T05:37:56.970">
  <mem-info id="5535" free="48234496" total="108003328" percent="44">
    <remembered-set count="29632" freebytes="4192640" totalbytes="4311168" percent="97" regionsoverflowed="0" regionsstable="0" regionsrebuilding="18"/>
  </mem-info>
</gc-start>
<gc-end id="5536" type="global mark phase" contextid="5490" durationms="0.212" usertimems="0.000" systemtimems="0.000" timestamp="2019-07-07T05:37:56.971" activeThreads="1">
  <mem-info id="5537" free="48234496" total="108003328" percent="44">
    <remembered-set count="29632" freebytes="4192640" totalbytes="4311168" percent="97" regionsoverflowed="0" regionsstable="0" regionsrebuilding="18"/>
  </mem-info>
</gc-end>
<concurrent-start id="5538" type="GMP work packet processing" contextid="5490" timestamp="2019-07-07T05:37:56.971">
  <concurrent-mark-start scanTarget="1048576" />
</concurrent-start>
<exclusive-end id="5539" timestamp="2019-07-07T05:37:56.971" durationms="0.947" />

<concurrent-end id="5540" type="GMP work packet processing" contextid="5490" timestamp="2019-07-07T05:37:56.972">
  <concurrent-mark-end bytesScanned="1099208" reasonForTermination="Work target met" />
</concurrent-end>

<exclusive-start id="5541" timestamp="2019-07-07T05:37:56.977" intervalms="6.850">
  <response-info timems="0.068" idlems="0.068" threads="0" lastid="000000000202A700" lastname="main" />
</exclusive-start>
<allocation-taxation id="5542" taxation-threshold="16777216" timestamp="2019-07-07T05:37:56.977" intervalms="6.830" />
<cycle-start id="5543" type="partial gc" contextid="0" timestamp="2019-07-07T05:37:56.977" intervalms="16.116" />
<gc-start id="5544" type="partial gc" contextid="5543" timestamp="2019-07-07T05:37:56.977">
  <mem-info id="5545" free="31457280" total="108003328" percent="29">
    <mem type="eden" free="1048504" total="34603008" percent="3" />
    <remembered-set count="39360" freebytes="4153728" totalbytes="4311168" percent="96" regionsoverflowed="0" regionsstable="0" regionsrebuilding="18"/>
  </mem-info>
</gc-start>
<allocation-stats totalBytes="33495552" >
  <allocated-bytes non-tlh="0" tlh="33495552" arrayletleaf="0"/>
  <largest-consumer threadName="main" threadId="000000000202A700" bytes="16747368" />
</allocation-stats>
<gc-op id="5546" type="copy forward" timems="1.656" contextid="5543" timestamp="2019-07-07T05:37:56.980">
  <memory-copied type="eden" objects="4" bytes="104" bytesdiscarded="0" />
  <memory-copied type="other" objects="0" bytes="0" bytesdiscarded="0" />
  <memory-cardclean objects="11" bytes="408" />
  <regions eden="32" other="1" />
  <remembered-set-cleared processed="36563" cleared="8" durationms="0.336" />
  <stringconstants candidates="13269" cleared="0"  />
</gc-op>
<gc-op id="5547" type="classunload" timems="0.004" contextid="5543" timestamp="2019-07-07T05:37:56.980">
  <classunload-info classloadercandidates="53" classloadersunloaded="0" classesunloaded="0" anonymousclassesunloaded="0" quiescems="0.000" setupms="0.004" scanms="0.000" postms="0.000" />
</gc-op>
<gc-end id="5548" type="partial gc" contextid="5543" durationms="2.948" usertimems="0.000" systemtimems="0.000" timestamp="2019-07-07T05:37:56.980" activeThreads="1">
  <mem-info id="5549" free="65011712" total="108003328" percent="60">
    <mem type="eden" free="1048472" total="1048576" percent="99" />
    <remembered-set count="39840" freebytes="4151808" totalbytes="4311168" percent="96" regionsoverflowed="0" regionsstable="0" regionsrebuilding="18"/>
  </mem-info>
</gc-end>
<cycle-end id="5550" type="partial gc" contextid="5543" timestamp="2019-07-07T05:37:56.981" />
  <attribute name="elasticGC enabled" value="1" />
  <attribute name= "numThreadsSpecified" value="1" />
  <attribute name="heapSize specified" value="0" />
  <attribute name="Current GC Util" value="161" />
  <attribute name= "Current Time Running" value="27780" />
  <attribute name ="GC Interval" value="0" />
  <attribute name="ProportionalT" value="70.500000" />
  <attribute name="ProportionalI" value="70.500000" />
  <attribute name="ProportionalH" value="70.500000" />
  <attribute name="Current Error" value="141.000000" />
  <attribute name="IntegralT" value="0.000000" />
  <attribute name="IntegralI" value="0.000000" />
  <attribute name="IntegralH" value="0.000000" />
  <attribute name="DerivativeT" value="inf" />
  <attribute name="DerivativeI" value="inf" />
  <attribute name="DerivativeH" value="inf" />
  <attribute name="Loop Time for DT" value="0.000000" />
  <attribute name="Output H" value="8388608"/>
  <attribute name="Output I" value="200"/>
  <attribute name="Output T" value="1"/>
  <attribute name="Target GC Util Change" value ="20.000000" />
  <attribute name="Current GC Util Change" value="161.000000"/>
  <attribute name="GC Util currently" value="161" />
  <attribute name="CPU Util currently" value="13683918982556" />
<exclusive-end id="5551" timestamp="2019-07-07T05:37:56.981" durationms="3.933" />

<exclusive-start id="5552" timestamp="2019-07-07T05:37:56.986" intervalms="9.403">
  <response-info timems="0.101" idlems="0.101" threads="0" lastid="000000000202A700" lastname="main" />
</exclusive-start>
<allocation-taxation id="5553" taxation-threshold="16777216" timestamp="2019-07-07T05:37:56.986" intervalms="9.401" />
<gc-start id="5554" type="global mark phase" contextid="5490" timestamp="2019-07-07T05:37:56.987">
  <mem-info id="5555" free="48234496" total="108003328" percent="44">
    <remembered-set count="39360" freebytes="4153728" totalbytes="4311168" percent="96" regionsoverflowed="0" regionsstable="0" regionsrebuilding="18"/>
  </mem-info>
</gc-start>
<gc-end id="5556" type="global mark phase" contextid="5490" durationms="0.153" usertimems="0.000" systemtimems="0.000" timestamp="2019-07-07T05:37:56.987" activeThreads="1">
  <mem-info id="5557" free="48234496" total="108003328" percent="44">
    <remembered-set count="39360" freebytes="4153728" totalbytes="4311168" percent="96" regionsoverflowed="0" regionsstable="0" regionsrebuilding="18"/>
  </mem-info>
</gc-end>
<concurrent-start id="5558" type="GMP work packet processing" contextid="5490" timestamp="2019-07-07T05:37:56.987">
  <concurrent-mark-start scanTarget="1048576" />
</concurrent-start>
<exclusive-end id="5559" timestamp="2019-07-07T05:37:56.987" durationms="0.736" />

<concurrent-end id="5560" type="GMP work packet processing" contextid="5490" timestamp="2019-07-07T05:37:56.988">
  <concurrent-mark-end bytesScanned="1070860" reasonForTermination="Work target met" />
</concurrent-end>

<exclusive-start id="5561" timestamp="2019-07-07T05:37:56.992" intervalms="5.885">
  <response-info timems="0.072" idlems="0.072" threads="0" lastid="000000000202A700" lastname="main" />
</exclusive-start>
<allocation-taxation id="5562" taxation-threshold="16777216" timestamp="2019-07-07T05:37:56.992" intervalms="5.824" />
<cycle-start id="5563" type="partial gc" contextid="0" timestamp="2019-07-07T05:37:56.992" intervalms="15.219" />
<gc-start id="5564" type="partial gc" contextid="5563" timestamp="2019-07-07T05:37:56.993">
  <mem-info id="5565" free="31457280" total="108003328" percent="29">
    <mem type="eden" free="1048472" total="34603008" percent="3" />
    <remembered-set count="46528" freebytes="4125056" totalbytes="4311168" percent="95" regionsoverflowed="0" regionsstable="0" regionsrebuilding="18"/>
  </mem-info>
</gc-start>
<allocation-stats totalBytes="33495232" >
  <allocated-bytes non-tlh="0" tlh="33495232" arrayletleaf="0"/>
  <largest-consumer threadName="main" threadId="000000000202A700" bytes="16747072" />
</allocation-stats>
<gc-op id="5566" type="copy forward" timems="1.560" contextid="5563" timestamp="2019-07-07T05:37:56.995">
  <memory-copied type="eden" objects="3" bytes="72" bytesdiscarded="0" />
  <memory-copied type="other" objects="0" bytes="0" bytesdiscarded="0" />
  <memory-cardclean objects="11" bytes="408" />
  <regions eden="32" other="1" />
  <remembered-set-cleared processed="43859" cleared="9" durationms="0.378" />
  <stringconstants candidates="13269" cleared="0"  />
</gc-op>
<gc-op id="5567" type="classunload" timems="0.004" contextid="5563" timestamp="2019-07-07T05:37:56.995">
  <classunload-info classloadercandidates="53" classloadersunloaded="0" classesunloaded="0" anonymousclassesunloaded="0" quiescems="0.000" setupms="0.004" scanms="0.000" postms="0.000" />
</gc-op>
<gc-end id="5568" type="partial gc" contextid="5563" durationms="2.759" usertimems="4.000" systemtimems="0.000" timestamp="2019-07-07T05:37:56.995" activeThreads="1">
  <mem-info id="5569" free="65011712" total="108003328" percent="60">
    <mem type="eden" free="1048504" total="1048576" percent="99" />
    <remembered-set count="47008" freebytes="4123136" totalbytes="4311168" percent="95" regionsoverflowed="0" regionsstable="0" regionsrebuilding="18"/>
  </mem-info>
</gc-end>
<cycle-end id="5570" type="partial gc" contextid="5563" timestamp="2019-07-07T05:37:56.996" />
  <attribute name="elasticGC enabled" value="1" />
  <attribute name= "numThreadsSpecified" value="1" />
  <attribute name="heapSize specified" value="0" />
  <attribute name="Current GC Util" value="151" />
  <attribute name= "Current Time Running" value="27795" />
  <attribute name ="GC Interval" value="0" />
  <attribute name="ProportionalT" value="65.500000" />
  <attribute name="ProportionalI" value="65.500000" />
  <attribute name="ProportionalH" value="65.500000" />
  <attribute name="Current Error" value="131.000000" />
  <attribute name="IntegralT" value="0.000000" />
  <attribute name="IntegralI" value="0.000000" />
  <attribute name="IntegralH" value="0.000000" />
  <attribute name="DerivativeT" value="inf" />
  <attribute name="DerivativeI" value="inf" />
  <attribute name="DerivativeH" value="inf" />
  <attribute name="Loop Time for DT" value="0.000000" />
  <attribute name="Output H" value="8388608"/>
  <attribute name="Output I" value="200"/>
  <attribute name="Output T" value="1"/>
  <attribute name="Target GC Util Change" value ="20.000000" />
  <attribute name="Current GC Util Change" value="151.000000"/>
  <attribute name="GC Util currently" value="151" />
  <attribute name="CPU Util currently" value="13671910953842" />
<exclusive-end id="5571" timestamp="2019-07-07T05:37:56.996" durationms="3.613" />

<exclusive-start id="5572" timestamp="2019-07-07T05:37:57.001" intervalms="9.055">
  <response-info timems="0.079" idlems="0.079" threads="0" lastid="000000000202A700" lastname="main" />
</exclusive-start>
<allocation-taxation id="5573" taxation-threshold="16777216" timestamp="2019-07-07T05:37:57.001" intervalms="9.059" />
<gc-start id="5574" type="global mark phase" contextid="5490" timestamp="2019-07-07T05:37:57.002">
  <mem-info id="5575" free="48234496" total="108003328" percent="44">
    <remembered-set count="46528" freebytes="4125056" totalbytes="4311168" percent="95" regionsoverflowed="0" regionsstable="0" regionsrebuilding="18"/>
  </mem-info>
</gc-start>
<gc-end id="5576" type="global mark phase" contextid="5490" durationms="0.211" usertimems="0.000" systemtimems="0.000" timestamp="2019-07-07T05:37:57.002" activeThreads="1">
  <mem-info id="5577" free="48234496" total="108003328" percent="44">
    <remembered-set count="46528" freebytes="4125056" totalbytes="4311168" percent="95" regionsoverflowed="0" regionsstable="0" regionsrebuilding="18"/>
  </mem-info>
</gc-end>
<concurrent-start id="5578" type="GMP work packet processing" contextid="5490" timestamp="2019-07-07T05:37:57.002">
  <concurrent-mark-start scanTarget="1048576" />
</concurrent-start>
<exclusive-end id="5579" timestamp="2019-07-07T05:37:57.002" durationms="0.817" />

<concurrent-end id="5580" type="GMP work packet processing" contextid="5490" timestamp="2019-07-07T05:37:57.003">
  <concurrent-mark-end bytesScanned="1102232" reasonForTermination="Work target met" />
</concurrent-end>

<exclusive-start id="5581" timestamp="2019-07-07T05:37:57.007" intervalms="5.940">
  <response-info timems="0.073" idlems="0.073" threads="0" lastid="000000000202A700" lastname="main" />
</exclusive-start>
<allocation-taxation id="5582" taxation-threshold="16777216" timestamp="2019-07-07T05:37:57.007" intervalms="5.897" />
<cycle-start id="5583" type="partial gc" contextid="0" timestamp="2019-07-07T05:37:57.007" intervalms="14.931" />
<gc-start id="5584" type="partial gc" contextid="5583" timestamp="2019-07-07T05:37:57.008">
  <mem-info id="5585" free="31457280" total="108003328" percent="29">
    <mem type="eden" free="1048504" total="34603008" percent="3" />
    <remembered-set count="53792" freebytes="4096000" totalbytes="4311168" percent="95" regionsoverflowed="0" regionsstable="0" regionsrebuilding="18"/>
  </mem-info>
</gc-start>
<allocation-stats totalBytes="33494864" >
  <allocated-bytes non-tlh="0" tlh="33494864" arrayletleaf="0"/>
  <largest-consumer threadName="main" threadId="000000000202A700" bytes="16747368" />
</allocation-stats>
<gc-op id="5586" type="copy forward" timems="1.471" contextid="5583" timestamp="2019-07-07T05:37:57.010">
  <memory-copied type="eden" objects="4" bytes="104" bytesdiscarded="0" />
  <memory-copied type="other" objects="0" bytes="0" bytesdiscarded="0" />
  <memory-cardclean objects="11" bytes="408" />
  <regions eden="32" other="1" />
  <remembered-set-cleared processed="50665" cleared="8" durationms="0.393" />
  <stringconstants candidates="13269" cleared="0"  />
</gc-op>
<gc-op id="5587" type="classunload" timems="0.004" contextid="5583" timestamp="2019-07-07T05:37:57.010">
  <classunload-info classloadercandidates="53" classloadersunloaded="0" classesunloaded="0" anonymousclassesunloaded="0" quiescems="0.000" setupms="0.003" scanms="0.000" postms="0.000" />
</gc-op>
<gc-end id="5588" type="partial gc" contextid="5583" durationms="2.597" usertimems="4.000" systemtimems="0.000" timestamp="2019-07-07T05:37:57.010" activeThreads="1">
  <mem-info id="5589" free="65011712" total="108003328" percent="60">
    <mem type="eden" free="1048472" total="1048576" percent="99" />
    <remembered-set count="54272" freebytes="4094080" totalbytes="4311168" percent="94" regionsoverflowed="0" regionsstable="0" regionsrebuilding="18"/>
  </mem-info>
</gc-end>
<cycle-end id="5590" type="partial gc" contextid="5583" timestamp="2019-07-07T05:37:57.010" />
  <attribute name="elasticGC enabled" value="1" />
  <attribute name= "numThreadsSpecified" value="1" />
  <attribute name="heapSize specified" value="0" />
  <attribute name="Current GC Util" value="154" />
  <attribute name= "Current Time Running" value="27810" />
  <attribute name ="GC Interval" value="0" />
  <attribute name="ProportionalT" value="67.000000" />
  <attribute name="ProportionalI" value="67.000000" />
  <attribute name="ProportionalH" value="67.000000" />
  <attribute name="Current Error" value="134.000000" />
  <attribute name="IntegralT" value="0.000000" />
  <attribute name="IntegralI" value="0.000000" />
  <attribute name="IntegralH" value="0.000000" />
  <attribute name="DerivativeT" value="inf" />
  <attribute name="DerivativeI" value="inf" />
  <attribute name="DerivativeH" value="inf" />
  <attribute name="Loop Time for DT" value="0.000000" />
  <attribute name="Output H" value="8388608"/>
  <attribute name="Output I" value="200"/>
  <attribute name="Output T" value="1"/>
  <attribute name="Target GC Util Change" value ="20.000000" />
  <attribute name="Current GC Util Change" value="154.000000"/>
  <attribute name="GC Util currently" value="154" />
  <attribute name="CPU Util currently" value="13134627581741" />
<exclusive-end id="5591" timestamp="2019-07-07T05:37:57.011" durationms="3.368" />

<exclusive-start id="5592" timestamp="2019-07-07T05:37:57.016" intervalms="8.560">
  <response-info timems="0.077" idlems="0.077" threads="0" lastid="000000000202A700" lastname="main" />
</exclusive-start>
<allocation-taxation id="5593" taxation-threshold="16777216" timestamp="2019-07-07T05:37:57.016" intervalms="8.668" />
<gc-start id="5594" type="global mark phase" contextid="5490" timestamp="2019-07-07T05:37:57.016">
  <mem-info id="5595" free="48234496" total="108003328" percent="44">
    <remembered-set count="53792" freebytes="4096000" totalbytes="4311168" percent="95" regionsoverflowed="0" regionsstable="0" regionsrebuilding="18"/>
  </mem-info>
</gc-start>
<gc-end id="5596" type="global mark phase" contextid="5490" durationms="0.132" usertimems="0.000" systemtimems="0.000" timestamp="2019-07-07T05:37:57.016" activeThreads="1">
  <mem-info id="5597" free="48234496" total="108003328" percent="44">
    <remembered-set count="53792" freebytes="4096000" totalbytes="4311168" percent="95" regionsoverflowed="0" regionsstable="0" regionsrebuilding="18"/>
  </mem-info>
</gc-end>
<concurrent-start id="5598" type="GMP work packet processing" contextid="5490" timestamp="2019-07-07T05:37:57.016">
  <concurrent-mark-start scanTarget="1048576" />
</concurrent-start>
<exclusive-end id="5599" timestamp="2019-07-07T05:37:57.016" durationms="0.751" />

<concurrent-end id="5600" type="GMP work packet processing" contextid="5490" timestamp="2019-07-07T05:37:57.018">
  <concurrent-mark-end bytesScanned="1088120" reasonForTermination="Work target met" />
</concurrent-end>

<exclusive-start id="5601" timestamp="2019-07-07T05:37:57.022" intervalms="5.856">
  <response-info timems="0.054" idlems="0.054" threads="0" lastid="000000000202A700" lastname="main" />
</exclusive-start>
<allocation-taxation id="5602" taxation-threshold="16777216" timestamp="2019-07-07T05:37:57.022" intervalms="5.750" />
<cycle-start id="5603" type="partial gc" contextid="0" timestamp="2019-07-07T05:37:57.022" intervalms="14.430" />
<gc-start id="5604" type="partial gc" contextid="5603" timestamp="2019-07-07T05:37:57.022">
  <mem-info id="5605" free="31457280" total="108003328" percent="29">
    <mem type="eden" free="1048472" total="34603008" percent="3" />
    <remembered-set count="61984" freebytes="4063232" totalbytes="4311168" percent="94" regionsoverflowed="0" regionsstable="0" regionsrebuilding="18"/>
  </mem-info>
</gc-start>
<allocation-stats totalBytes="33496344" >
  <allocated-bytes non-tlh="0" tlh="33496344" arrayletleaf="0"/>
  <largest-consumer threadName="main" threadId="000000000202A700" bytes="16747368" />
</allocation-stats>
<gc-op id="5606" type="copy forward" timems="1.604" contextid="5603" timestamp="2019-07-07T05:37:57.024">
  <memory-copied type="eden" objects="4" bytes="104" bytesdiscarded="0" />
  <memory-copied type="other" objects="0" bytes="0" bytesdiscarded="0" />
  <memory-cardclean objects="11" bytes="408" />
  <regions eden="32" other="1" />
  <remembered-set-cleared processed="59287" cleared="9" durationms="0.446" />
  <stringconstants candidates="13269" cleared="0"  />
</gc-op>
<gc-op id="5607" type="classunload" timems="0.004" contextid="5603" timestamp="2019-07-07T05:37:57.025">
  <classunload-info classloadercandidates="53" classloadersunloaded="0" classesunloaded="0" anonymousclassesunloaded="0" quiescems="0.000" setupms="0.004" scanms="0.000" postms="0.000" />
</gc-op>
<gc-end id="5608" type="partial gc" contextid="5603" durationms="2.806" usertimems="4.000" systemtimems="0.000" timestamp="2019-07-07T05:37:57.025" activeThreads="1">
  <mem-info id="5609" free="65011712" total="108003328" percent="60">
    <mem type="eden" free="1048472" total="1048576" percent="99" />
    <remembered-set count="62464" freebytes="4061312" totalbytes="4311168" percent="94" regionsoverflowed="0" regionsstable="0" regionsrebuilding="18"/>
  </mem-info>
</gc-end>
<cycle-end id="5610" type="partial gc" contextid="5603" timestamp="2019-07-07T05:37:57.025" />
  <attribute name="elasticGC enabled" value="1" />
  <attribute name= "numThreadsSpecified" value="1" />
  <attribute name="heapSize specified" value="0" />
  <attribute name="Current GC Util" value="154" />
  <attribute name= "Current Time Running" value="27824" />
  <attribute name ="GC Interval" value="0" />
  <attribute name="ProportionalT" value="67.000000" />
  <attribute name="ProportionalI" value="67.000000" />
  <attribute name="ProportionalH" value="67.000000" />
  <attribute name="Current Error" value="134.000000" />
  <attribute name="IntegralT" value="0.000000" />
  <attribute name="IntegralI" value="0.000000" />
  <attribute name="IntegralH" value="0.000000" />
  <attribute name="DerivativeT" value="inf" />
  <attribute name="DerivativeI" value="inf" />
  <attribute name="DerivativeH" value="inf" />
  <attribute name="Loop Time for DT" value="0.000000" />
  <attribute name="Output H" value="8388608"/>
  <attribute name="Output I" value="200"/>
  <attribute name="Output T" value="1"/>
  <attribute name="Target GC Util Change" value ="20.000000" />
  <attribute name="Current GC Util Change" value="154.000000"/>
  <attribute name="GC Util currently" value="154" />
  <attribute name="CPU Util currently" value="12738900920672" />
<exclusive-end id="5611" timestamp="2019-07-07T05:37:57.025" durationms="3.649" />

<exclusive-start id="5612" timestamp="2019-07-07T05:37:57.042" intervalms="20.130">
  <response-info timems="0.088" idlems="0.088" threads="0" lastid="000000000202A700" lastname="main" />
</exclusive-start>
<allocation-taxation id="5613" taxation-threshold="16777216" timestamp="2019-07-07T05:37:57.042" intervalms="20.136" />
<gc-start id="5614" type="global mark phase" contextid="5490" timestamp="2019-07-07T05:37:57.042">
  <mem-info id="5615" free="48234496" total="108003328" percent="44">
    <remembered-set count="61984" freebytes="4063232" totalbytes="4311168" percent="94" regionsoverflowed="0" regionsstable="0" regionsrebuilding="18"/>
  </mem-info>
</gc-start>
<gc-end id="5616" type="global mark phase" contextid="5490" durationms="0.204" usertimems="0.000" systemtimems="0.000" timestamp="2019-07-07T05:37:57.042" activeThreads="1">
  <mem-info id="5617" free="48234496" total="108003328" percent="44">
    <remembered-set count="61984" freebytes="4063232" totalbytes="4311168" percent="94" regionsoverflowed="0" regionsstable="0" regionsrebuilding="18"/>
  </mem-info>
</gc-end>
<concurrent-start id="5618" type="GMP work packet processing" contextid="5490" timestamp="2019-07-07T05:37:57.042">
  <concurrent-mark-start scanTarget="1048576" />
</concurrent-start>
<exclusive-end id="5619" timestamp="2019-07-07T05:37:57.043" durationms="0.860" />

<concurrent-end id="5620" type="GMP work packet processing" contextid="5490" timestamp="2019-07-07T05:37:57.044">
  <concurrent-mark-end bytesScanned="1091856" reasonForTermination="Work target met" />
</concurrent-end>

<exclusive-start id="5621" timestamp="2019-07-07T05:37:57.068" intervalms="26.419">
  <response-info timems="0.094" idlems="0.094" threads="0" lastid="000000000202A700" lastname="main" />
</exclusive-start>
<allocation-taxation id="5622" taxation-threshold="16777216" timestamp="2019-07-07T05:37:57.068" intervalms="26.450" />
<cycle-start id="5623" type="partial gc" contextid="0" timestamp="2019-07-07T05:37:57.068" intervalms="46.603" />
<gc-start id="5624" type="partial gc" contextid="5623" timestamp="2019-07-07T05:37:57.069">
  <mem-info id="5625" free="31457280" total="108003328" percent="29">
    <mem type="eden" free="1048472" total="34603008" percent="3" />
    <remembered-set count="70240" freebytes="4030208" totalbytes="4311168" percent="93" regionsoverflowed="0" regionsstable="0" regionsrebuilding="18"/>
  </mem-info>
</gc-start>
<allocation-stats totalBytes="33517512" >
  <allocated-bytes non-tlh="0" tlh="33517512" arrayletleaf="0"/>
  <largest-consumer threadName="main" threadId="000000000202A700" bytes="16762560" />
</allocation-stats>
<gc-op id="5626" type="copy forward" timems="1.677" contextid="5623" timestamp="2019-07-07T05:37:57.071">
  <memory-copied type="eden" objects="38" bytes="1488" bytesdiscarded="0" />
  <memory-copied type="other" objects="0" bytes="0" bytesdiscarded="0" />
  <memory-cardclean objects="75" bytes="2552" />
  <regions eden="32" other="1" />
  <remembered-set-cleared processed="67617" cleared="55" durationms="0.516" />
  <stringconstants candidates="13269" cleared="0"  />
</gc-op>
<gc-op id="5627" type="classunload" timems="0.004" contextid="5623" timestamp="2019-07-07T05:37:57.071">
  <classunload-info classloadercandidates="53" classloadersunloaded="0" classesunloaded="0" anonymousclassesunloaded="0" quiescems="0.000" setupms="0.004" scanms="0.000" postms="0.000" />
</gc-op>
<gc-end id="5628" type="partial gc" contextid="5623" durationms="3.034" usertimems="0.000" systemtimems="0.000" timestamp="2019-07-07T05:37:57.072" activeThreads="1">
  <mem-info id="5629" free="65011712" total="108003328" percent="60">
    <mem type="eden" free="1047088" total="1048576" percent="99" />
    <remembered-set count="70368" freebytes="4029696" totalbytes="4311168" percent="93" regionsoverflowed="0" regionsstable="0" regionsrebuilding="18"/>
  </mem-info>
</gc-end>
<cycle-end id="5630" type="partial gc" contextid="5623" timestamp="2019-07-07T05:37:57.072" />
  <attribute name="elasticGC enabled" value="1" />
  <attribute name= "numThreadsSpecified" value="1" />
  <attribute name="heapSize specified" value="0" />
  <attribute name="Current GC Util" value="163" />
  <attribute name= "Current Time Running" value="27871" />
  <attribute name ="GC Interval" value="0" />
  <attribute name="ProportionalT" value="71.500000" />
  <attribute name="ProportionalI" value="71.500000" />
  <attribute name="ProportionalH" value="71.500000" />
  <attribute name="Current Error" value="143.000000" />
  <attribute name="IntegralT" value="0.000000" />
  <attribute name="IntegralI" value="0.000000" />
  <attribute name="IntegralH" value="0.000000" />
  <attribute name="DerivativeT" value="inf" />
  <attribute name="DerivativeI" value="inf" />
  <attribute name="DerivativeH" value="inf" />
  <attribute name="Loop Time for DT" value="0.000000" />
  <attribute name="Output H" value="8388608"/>
  <attribute name="Output I" value="200"/>
  <attribute name="Output T" value="1"/>
  <attribute name="Target GC Util Change" value ="20.000000" />
  <attribute name="Current GC Util Change" value="163.000000"/>
  <attribute name="GC Util currently" value="163" />
  <attribute name="CPU Util currently" value="13735802953739" />
<exclusive-end id="5631" timestamp="2019-07-07T05:37:57.072" durationms="3.962" />

<exclusive-start id="5632" timestamp="2019-07-07T05:37:57.098" intervalms="29.610">
  <response-info timems="0.082" idlems="0.082" threads="0" lastid="000000000202A700" lastname="main" />
</exclusive-start>
<allocation-taxation id="5633" taxation-threshold="16777216" timestamp="2019-07-07T05:37:57.098" intervalms="29.675" />
<gc-start id="5634" type="global mark phase" contextid="5490" timestamp="2019-07-07T05:37:57.098">
  <mem-info id="5635" free="48234496" total="108003328" percent="44">
    <remembered-set count="69984" freebytes="4031232" totalbytes="4311168" percent="93" regionsoverflowed="0" regionsstable="0" regionsrebuilding="18"/>
  </mem-info>
</gc-start>
<gc-end id="5636" type="global mark phase" contextid="5490" durationms="0.215" usertimems="0.000" systemtimems="0.000" timestamp="2019-07-07T05:37:57.098" activeThreads="1">
  <mem-info id="5637" free="48234496" total="108003328" percent="44">
    <remembered-set count="69984" freebytes="4031232" totalbytes="4311168" percent="93" regionsoverflowed="0" regionsstable="0" regionsrebuilding="18"/>
  </mem-info>
</gc-end>
<concurrent-start id="5638" type="GMP work packet processing" contextid="5490" timestamp="2019-07-07T05:37:57.099">
  <concurrent-mark-start scanTarget="1048576" />
</concurrent-start>
<exclusive-end id="5639" timestamp="2019-07-07T05:37:57.099" durationms="0.915" />

<concurrent-end id="5640" type="GMP work packet processing" contextid="5490" timestamp="2019-07-07T05:37:57.100">
  <concurrent-mark-end bytesScanned="1089920" reasonForTermination="Work target met" />
</concurrent-end>

<exclusive-start id="5641" timestamp="2019-07-07T05:37:57.119" intervalms="20.909">
  <response-info timems="0.079" idlems="0.079" threads="0" lastid="000000000202A700" lastname="main" />
</exclusive-start>
<allocation-taxation id="5642" taxation-threshold="16777216" timestamp="2019-07-07T05:37:57.119" intervalms="20.852" />
<cycle-start id="5643" type="partial gc" contextid="0" timestamp="2019-07-07T05:37:57.119" intervalms="50.535" />
<gc-start id="5644" type="partial gc" contextid="5643" timestamp="2019-07-07T05:37:57.119">
  <mem-info id="5645" free="31457280" total="108003328" percent="29">
    <mem type="eden" free="0" total="33554432" percent="0" />
    <remembered-set count="77184" freebytes="4002432" totalbytes="4311168" percent="92" regionsoverflowed="0" regionsstable="0" regionsrebuilding="18"/>
  </mem-info>
</gc-start>
<allocation-stats totalBytes="33525656" >
  <allocated-bytes non-tlh="0" tlh="33525656" arrayletleaf="0"/>
  <largest-consumer threadName="main" threadId="000000000202A700" bytes="16763344" />
</allocation-stats>
<gc-op id="5646" type="copy forward" timems="1.770" contextid="5643" timestamp="2019-07-07T05:37:57.122">
  <memory-copied type="eden" objects="29" bytes="1720" bytesdiscarded="0" />
  <memory-copied type="other" objects="13" bytes="312" bytesdiscarded="0" />
  <memory-cardclean objects="73" bytes="2520" />
  <regions eden="32" other="1" />
  <remembered-set-cleared processed="74491" cleared="42" durationms="0.554" />
  <stringconstants candidates="13269" cleared="0"  />
</gc-op>
<gc-op id="5647" type="classunload" timems="0.003" contextid="5643" timestamp="2019-07-07T05:37:57.122">
  <classunload-info classloadercandidates="53" classloadersunloaded="0" classesunloaded="0" anonymousclassesunloaded="0" quiescems="0.000" setupms="0.003" scanms="0.000" postms="0.000" />
</gc-op>
<gc-end id="5648" type="partial gc" contextid="5643" durationms="3.149" usertimems="0.000" systemtimems="0.000" timestamp="2019-07-07T05:37:57.122" activeThreads="1">
  <mem-info id="5649" free="63963136" total="108003328" percent="59">
    <mem type="eden" free="1046856" total="1048576" percent="99" />
    <remembered-set count="77568" freebytes="4000896" totalbytes="4311168" percent="92" regionsoverflowed="0" regionsstable="0" regionsrebuilding="18"/>
  </mem-info>
</gc-end>
<cycle-end id="5650" type="partial gc" contextid="5643" timestamp="2019-07-07T05:37:57.122" />
  <attribute name="elasticGC enabled" value="1" />
  <attribute name= "numThreadsSpecified" value="1" />
  <attribute name="heapSize specified" value="0" />
  <attribute name="Current GC Util" value="159" />
  <attribute name= "Current Time Running" value="27922" />
  <attribute name ="GC Interval" value="0" />
  <attribute name="ProportionalT" value="69.500000" />
  <attribute name="ProportionalI" value="69.500000" />
  <attribute name="ProportionalH" value="69.500000" />
  <attribute name="Current Error" value="139.000000" />
  <attribute name="IntegralT" value="0.000000" />
  <attribute name="IntegralI" value="0.000000" />
  <attribute name="IntegralH" value="0.000000" />
  <attribute name="DerivativeT" value="inf" />
  <attribute name="DerivativeI" value="inf" />
  <attribute name="DerivativeH" value="inf" />
  <attribute name="Loop Time for DT" value="0.000000" />
  <attribute name="Output H" value="8388608"/>
  <attribute name="Output I" value="200"/>
  <attribute name="Output T" value="1"/>
  <attribute name="Target GC Util Change" value ="20.000000" />
  <attribute name="Current GC Util Change" value="159.000000"/>
  <attribute name="GC Util currently" value="159" />
  <attribute name="CPU Util currently" value="13662756838928" />
<exclusive-end id="5651" timestamp="2019-07-07T05:37:57.123" durationms="4.114" />

<exclusive-start id="5652" timestamp="2019-07-07T05:37:57.129" intervalms="10.591">
  <response-info timems="0.096" idlems="0.096" threads="0" lastid="000000000202A700" lastname="main" />
</exclusive-start>
<allocation-taxation id="5653" taxation-threshold="16777216" timestamp="2019-07-07T05:37:57.129" intervalms="10.647" />
<gc-start id="5654" type="global mark phase" contextid="5490" timestamp="2019-07-07T05:37:57.130">
  <mem-info id="5655" free="47185920" total="108003328" percent="43">
    <remembered-set count="77216" freebytes="4002304" totalbytes="4311168" percent="92" regionsoverflowed="0" regionsstable="0" regionsrebuilding="18"/>
  </mem-info>
</gc-start>
<gc-end id="5656" type="global mark phase" contextid="5490" durationms="0.218" usertimems="0.000" systemtimems="0.000" timestamp="2019-07-07T05:37:57.130" activeThreads="1">
  <mem-info id="5657" free="47185920" total="108003328" percent="43">
    <remembered-set count="77216" freebytes="4002304" totalbytes="4311168" percent="92" regionsoverflowed="0" regionsstable="0" regionsrebuilding="18"/>
  </mem-info>
</gc-end>
<concurrent-start id="5658" type="GMP work packet processing" contextid="5490" timestamp="2019-07-07T05:37:57.130">
  <concurrent-mark-start scanTarget="1048576" />
</concurrent-start>
<exclusive-end id="5659" timestamp="2019-07-07T05:37:57.130" durationms="0.904" />

<concurrent-end id="5660" type="GMP work packet processing" contextid="5490" timestamp="2019-07-07T05:37:57.131">
  <concurrent-mark-end bytesScanned="1094572" reasonForTermination="Work target met" />
</concurrent-end>

<exclusive-start id="5661" timestamp="2019-07-07T05:37:57.137" intervalms="7.403">
  <response-info timems="0.076" idlems="0.076" threads="0" lastid="000000000202A700" lastname="main" />
</exclusive-start>
<allocation-taxation id="5662" taxation-threshold="16777216" timestamp="2019-07-07T05:37:57.137" intervalms="7.345" />
<cycle-start id="5663" type="partial gc" contextid="0" timestamp="2019-07-07T05:37:57.137" intervalms="17.984" />
<gc-start id="5664" type="partial gc" contextid="5663" timestamp="2019-07-07T05:37:57.137">
  <mem-info id="5665" free="30408704" total="108003328" percent="28">
    <mem type="eden" free="0" total="33554432" percent="0" />
    <remembered-set count="87616" freebytes="3960704" totalbytes="4311168" percent="91" regionsoverflowed="0" regionsstable="0" regionsrebuilding="18"/>
  </mem-info>
</gc-start>
<allocation-stats totalBytes="33529128" >
  <allocated-bytes non-tlh="0" tlh="33529128" arrayletleaf="0"/>
  <largest-consumer threadName="main" threadId="000000000202A700" bytes="16765024" />
</allocation-stats>
<gc-op id="5666" type="copy forward" timems="3.157" contextid="5663" timestamp="2019-07-07T05:37:57.141">
  <memory-copied type="eden" objects="4" bytes="288" bytesdiscarded="0" />
  <memory-copied type="other" objects="24" bytes="1200" bytesdiscarded="696" />
  <memory-cardclean objects="50" bytes="1808" />
  <regions eden="32" other="1" />
  <remembered-set-cleared processed="85061" cleared="38" durationms="0.373" />
  <stringconstants candidates="13269" cleared="0"  />
</gc-op>
<gc-op id="5667" type="classunload" timems="0.004" contextid="5663" timestamp="2019-07-07T05:37:57.141">
  <classunload-info classloadercandidates="53" classloadersunloaded="0" classesunloaded="0" anonymousclassesunloaded="0" quiescems="0.000" setupms="0.003" scanms="0.000" postms="0.000" />
</gc-op>
<heap-resize id="5668" type="expand" space="default" amount="5242880" count="1" timems="0.075" reason="excessive time being spent in gc" timestamp="2019-07-07T05:37:57.142" />
<gc-end id="5669" type="partial gc" contextid="5663" durationms="4.680" usertimems="8.000" systemtimems="0.000" timestamp="2019-07-07T05:37:57.142" activeThreads="4">
  <mem-info id="5670" free="68157440" total="113246208" percent="60">
    <mem type="eden" free="1048288" total="1048576" percent="99" />
    <remembered-set count="88448" freebytes="4166656" totalbytes="4520448" percent="92" regionsoverflowed="0" regionsstable="0" regionsrebuilding="18"/>
  </mem-info>
</gc-end>
<cycle-end id="5671" type="partial gc" contextid="5663" timestamp="2019-07-07T05:37:57.142" />
  <attribute name="elasticGC enabled" value="1" />
  <attribute name= "numThreadsSpecified" value="4" />
  <attribute name="heapSize specified" value="0" />
  <attribute name="Current GC Util" value="163" />
  <attribute name= "Current Time Running" value="27940" />
  <attribute name ="GC Interval" value="0" />
  <attribute name="ProportionalT" value="71.500000" />
  <attribute name="ProportionalI" value="71.500000" />
  <attribute name="ProportionalH" value="71.500000" />
  <attribute name="Current Error" value="143.000000" />
  <attribute name="IntegralT" value="71.500000" />
  <attribute name="IntegralI" value="71.500000" />
  <attribute name="IntegralH" value="71.500000" />
  <attribute name="DerivativeT" value="121.000000" />
  <attribute name="DerivativeI" value="121.000000" />
  <attribute name="DerivativeH" value="121.000000" />
  <attribute name="Loop Time for DT" value="1.000000" />
  <attribute name="Output H" value="8388608"/>
  <attribute name="Output I" value="264"/>
  <attribute name="Output T" value="4"/>
  <attribute name="Target GC Util Change" value ="20.000000" />
  <attribute name="Current GC Util Change" value="163.000000"/>
  <attribute name="GC Util currently" value="163" />
  <attribute name="CPU Util currently" value="13772969319258" />
<exclusive-end id="5672" timestamp="2019-07-07T05:37:57.142" durationms="5.583" />

<exclusive-start id="5673" timestamp="2019-07-07T05:37:57.149" intervalms="12.193">
  <response-info timems="0.078" idlems="0.078" threads="0" lastid="000000000202A700" lastname="main" />
</exclusive-start>
<allocation-taxation id="5674" taxation-threshold="16777216" timestamp="2019-07-07T05:37:57.149" intervalms="12.252" />
<gc-start id="5675" type="global mark phase" contextid="5490" timestamp="2019-07-07T05:37:57.149">
  <mem-info id="5676" free="51380224" total="113246208" percent="45">
    <remembered-set count="88448" freebytes="4166656" totalbytes="4520448" percent="92" regionsoverflowed="0" regionsstable="0" regionsrebuilding="18"/>
  </mem-info>
</gc-start>
<gc-end id="5677" type="global mark phase" contextid="5490" durationms="0.146" usertimems="0.000" systemtimems="0.000" timestamp="2019-07-07T05:37:57.149" activeThreads="4">
  <mem-info id="5678" free="51380224" total="113246208" percent="45">
    <remembered-set count="88448" freebytes="4166656" totalbytes="4520448" percent="92" regionsoverflowed="0" regionsstable="0" regionsrebuilding="18"/>
  </mem-info>
</gc-end>
<concurrent-start id="5679" type="GMP work packet processing" contextid="5490" timestamp="2019-07-07T05:37:57.150">
  <concurrent-mark-start scanTarget="1511654" />
</concurrent-start>
<exclusive-end id="5680" timestamp="2019-07-07T05:37:57.150" durationms="0.868" />

<concurrent-end id="5681" type="GMP work packet processing" contextid="5490" timestamp="2019-07-07T05:37:57.151">
  <concurrent-mark-end bytesScanned="1559236" reasonForTermination="Work target met" />
</concurrent-end>

<exclusive-start id="5682" timestamp="2019-07-07T05:37:57.156" intervalms="7.364">
  <response-info timems="0.078" idlems="0.078" threads="0" lastid="000000000202A700" lastname="main" />
</exclusive-start>
<allocation-taxation id="5683" taxation-threshold="16777216" timestamp="2019-07-07T05:37:57.156" intervalms="7.303" />
<cycle-start id="5684" type="partial gc" contextid="0" timestamp="2019-07-07T05:37:57.156" intervalms="19.555" />
<gc-start id="5685" type="partial gc" contextid="5684" timestamp="2019-07-07T05:37:57.157">
  <mem-info id="5686" free="34603008" total="113246208" percent="30">
    <mem type="eden" free="0" total="33554432" percent="0" />
    <remembered-set count="103328" freebytes="4107136" totalbytes="4520448" percent="90" regionsoverflowed="0" regionsstable="0" regionsrebuilding="18"/>
  </mem-info>
</gc-start>
<allocation-stats totalBytes="33530080" >
  <allocated-bytes non-tlh="0" tlh="33530080" arrayletleaf="0"/>
  <largest-consumer threadName="main" threadId="000000000202A700" bytes="16765056" />
</allocation-stats>
<gc-op id="5687" type="copy forward" timems="1.818" contextid="5684" timestamp="2019-07-07T05:37:57.159">
  <memory-copied type="eden" objects="4" bytes="288" bytesdiscarded="0" />
  <memory-copied type="other" objects="0" bytes="0" bytesdiscarded="0" />
  <memory-cardclean objects="8" bytes="288" />
  <regions eden="32" other="1" />
  <remembered-set-cleared processed="100075" cleared="8" durationms="0.680" />
  <stringconstants candidates="13269" cleared="0"  />
</gc-op>
<gc-op id="5688" type="classunload" timems="0.004" contextid="5684" timestamp="2019-07-07T05:37:57.160">
  <classunload-info classloadercandidates="53" classloadersunloaded="0" classesunloaded="0" anonymousclassesunloaded="0" quiescems="0.000" setupms="0.003" scanms="0.000" postms="0.000" />
</gc-op>
<gc-end id="5689" type="partial gc" contextid="5684" durationms="3.133" usertimems="4.000" systemtimems="0.000" timestamp="2019-07-07T05:37:57.160" activeThreads="1">
  <mem-info id="5690" free="68157440" total="113246208" percent="60">
    <mem type="eden" free="1048288" total="1048576" percent="99" />
    <remembered-set count="103776" freebytes="4105344" totalbytes="4520448" percent="90" regionsoverflowed="0" regionsstable="0" regionsrebuilding="18"/>
  </mem-info>
</gc-end>
<cycle-end id="5691" type="partial gc" contextid="5684" timestamp="2019-07-07T05:37:57.160" />
  <attribute name="elasticGC enabled" value="1" />
  <attribute name= "numThreadsSpecified" value="1" />
  <attribute name="heapSize specified" value="0" />
  <attribute name="Current GC Util" value="164" />
  <attribute name= "Current Time Running" value="27959" />
  <attribute name ="GC Interval" value="0" />
  <attribute name="ProportionalT" value="72.000000" />
  <attribute name="ProportionalI" value="72.000000" />
  <attribute name="ProportionalH" value="72.000000" />
  <attribute name="Current Error" value="144.000000" />
  <attribute name="IntegralT" value="0.000000" />
  <attribute name="IntegralI" value="0.000000" />
  <attribute name="IntegralH" value="0.000000" />
  <attribute name="DerivativeT" value="inf" />
  <attribute name="DerivativeI" value="inf" />
  <attribute name="DerivativeH" value="inf" />
  <attribute name="Loop Time for DT" value="0.000000" />
  <attribute name="Output H" value="8388608"/>
  <attribute name="Output I" value="200"/>
  <attribute name="Output T" value="1"/>
  <attribute name="Target GC Util Change" value ="20.000000" />
  <attribute name="Current GC Util Change" value="164.000000"/>
  <attribute name="GC Util currently" value="164" />
  <attribute name="CPU Util currently" value="13762241842394" />
<exclusive-end id="5692" timestamp="2019-07-07T05:37:57.160" durationms="4.088" />

<exclusive-start id="5693" timestamp="2019-07-07T05:37:57.186" intervalms="29.744">
  <response-info timems="0.070" idlems="0.070" threads="0" lastid="000000000202A700" lastname="main" />
</exclusive-start>
<allocation-taxation id="5694" taxation-threshold="16777216" timestamp="2019-07-07T05:37:57.186" intervalms="29.808" />
<gc-start id="5695" type="global mark phase" contextid="5490" timestamp="2019-07-07T05:37:57.186">
  <mem-info id="5696" free="51380224" total="113246208" percent="45">
    <remembered-set count="103360" freebytes="4107008" totalbytes="4520448" percent="90" regionsoverflowed="0" regionsstable="0" regionsrebuilding="18"/>
  </mem-info>
</gc-start>
<gc-end id="5697" type="global mark phase" contextid="5490" durationms="0.201" usertimems="0.000" systemtimems="0.000" timestamp="2019-07-07T05:37:57.187" activeThreads="1">
  <mem-info id="5698" free="51380224" total="113246208" percent="45">
    <remembered-set count="103360" freebytes="4107008" totalbytes="4520448" percent="90" regionsoverflowed="0" regionsstable="0" regionsrebuilding="18"/>
  </mem-info>
</gc-end>
<concurrent-start id="5699" type="GMP work packet processing" contextid="5490" timestamp="2019-07-07T05:37:57.187">
  <concurrent-mark-start scanTarget="1048576" />
</concurrent-start>
<exclusive-end id="5700" timestamp="2019-07-07T05:37:57.187" durationms="1.004" />

<concurrent-end id="5701" type="GMP work packet processing" contextid="5490" timestamp="2019-07-07T05:37:57.188">
  <concurrent-mark-end bytesScanned="1091004" reasonForTermination="Work target met" />
</concurrent-end>

<exclusive-start id="5702" timestamp="2019-07-07T05:37:57.215" intervalms="28.958">
  <response-info timems="0.138" idlems="0.138" threads="0" lastid="000000000202A700" lastname="main" />
</exclusive-start>
<allocation-taxation id="5703" taxation-threshold="16777216" timestamp="2019-07-07T05:37:57.215" intervalms="28.899" />
<cycle-start id="5704" type="partial gc" contextid="0" timestamp="2019-07-07T05:37:57.216" intervalms="59.610" />
<gc-start id="5705" type="partial gc" contextid="5704" timestamp="2019-07-07T05:37:57.216">
  <mem-info id="5706" free="34603008" total="113246208" percent="30">
    <mem type="eden" free="1048288" total="34603008" percent="3" />
    <remembered-set count="109088" freebytes="4084096" totalbytes="4520448" percent="90" regionsoverflowed="0" regionsstable="0" regionsrebuilding="18"/>
  </mem-info>
</gc-start>
<allocation-stats totalBytes="33501968" >
  <allocated-bytes non-tlh="0" tlh="33501968" arrayletleaf="0"/>
  <largest-consumer threadName="main" threadId="000000000202A700" bytes="16749272" />
</allocation-stats>
<gc-op id="5707" type="copy forward" timems="2.008" contextid="5704" timestamp="2019-07-07T05:37:57.219">
  <memory-copied type="eden" objects="40" bytes="6312" bytesdiscarded="0" />
  <memory-copied type="other" objects="0" bytes="0" bytesdiscarded="0" />
  <memory-cardclean objects="69" bytes="2400" />
  <regions eden="32" other="1" />
  <remembered-set-cleared processed="106181" cleared="37" durationms="0.761" />
  <stringconstants candidates="13269" cleared="0"  />
</gc-op>
<gc-op id="5708" type="classunload" timems="0.004" contextid="5704" timestamp="2019-07-07T05:37:57.219">
  <classunload-info classloadercandidates="53" classloadersunloaded="0" classesunloaded="0" anonymousclassesunloaded="0" quiescems="0.000" setupms="0.003" scanms="0.000" postms="0.000" />
</gc-op>
<gc-end id="5709" type="partial gc" contextid="5704" durationms="3.366" usertimems="4.000" systemtimems="0.000" timestamp="2019-07-07T05:37:57.220" activeThreads="1">
  <mem-info id="5710" free="68157440" total="113246208" percent="60">
    <mem type="eden" free="1042264" total="1048576" percent="99" />
    <remembered-set count="109312" freebytes="4083200" totalbytes="4520448" percent="90" regionsoverflowed="0" regionsstable="0" regionsrebuilding="18"/>
  </mem-info>
</gc-end>
<cycle-end id="5711" type="partial gc" contextid="5704" timestamp="2019-07-07T05:37:57.220" />
  <attribute name="elasticGC enabled" value="1" />
  <attribute name= "numThreadsSpecified" value="1" />
  <attribute name="heapSize specified" value="0" />
  <attribute name="Current GC Util" value="155" />
  <attribute name= "Current Time Running" value="28019" />
  <attribute name ="GC Interval" value="0" />
  <attribute name="ProportionalT" value="67.500000" />
  <attribute name="ProportionalI" value="67.500000" />
  <attribute name="ProportionalH" value="67.500000" />
  <attribute name="Current Error" value="135.000000" />
  <attribute name="IntegralT" value="0.000000" />
  <attribute name="IntegralI" value="0.000000" />
  <attribute name="IntegralH" value="0.000000" />
  <attribute name="DerivativeT" value="inf" />
  <attribute name="DerivativeI" value="inf" />
  <attribute name="DerivativeH" value="inf" />
  <attribute name="Loop Time for DT" value="0.000000" />
  <attribute name="Output H" value="8388608"/>
  <attribute name="Output I" value="200"/>
  <attribute name="Output T" value="1"/>
  <attribute name="Target GC Util Change" value ="20.000000" />
  <attribute name="Current GC Util Change" value="155.000000"/>
  <attribute name="GC Util currently" value="155" />
  <attribute name="CPU Util currently" value="13549674616738" />
<exclusive-end id="5712" timestamp="2019-07-07T05:37:57.220" durationms="5.233" />

<exclusive-start id="5713" timestamp="2019-07-07T05:37:57.247" intervalms="31.780">
  <response-info timems="0.078" idlems="0.078" threads="0" lastid="000000000202A700" lastname="main" />
</exclusive-start>
<allocation-taxation id="5714" taxation-threshold="16777216" timestamp="2019-07-07T05:37:57.247" intervalms="31.874" />
<gc-start id="5715" type="global mark phase" contextid="5490" timestamp="2019-07-07T05:37:57.247">
  <mem-info id="5716" free="51380224" total="113246208" percent="45">
    <remembered-set count="108960" freebytes="4084608" totalbytes="4520448" percent="90" regionsoverflowed="0" regionsstable="0" regionsrebuilding="18"/>
  </mem-info>
</gc-start>
<gc-end id="5717" type="global mark phase" contextid="5490" durationms="0.136" usertimems="0.000" systemtimems="0.000" timestamp="2019-07-07T05:37:57.247" activeThreads="1">
  <mem-info id="5718" free="51380224" total="113246208" percent="45">
    <remembered-set count="108960" freebytes="4084608" totalbytes="4520448" percent="90" regionsoverflowed="0" regionsstable="0" regionsrebuilding="18"/>
  </mem-info>
</gc-end>
<concurrent-start id="5719" type="GMP work packet processing" contextid="5490" timestamp="2019-07-07T05:37:57.247">
  <concurrent-mark-start scanTarget="1048576" />
</concurrent-start>
<exclusive-end id="5720" timestamp="2019-07-07T05:37:57.248" durationms="1.071" />

<concurrent-end id="5721" type="GMP work packet processing" contextid="5490" timestamp="2019-07-07T05:37:57.248">
  <concurrent-mark-end bytesScanned="251524" reasonForTermination="Completed all work in GC phase" />
</concurrent-end>

<exclusive-start id="5722" timestamp="2019-07-07T05:37:57.274" intervalms="27.515">
  <response-info timems="0.063" idlems="0.063" threads="0" lastid="000000000202A700" lastname="main" />
</exclusive-start>
<allocation-taxation id="5723" taxation-threshold="16777216" timestamp="2019-07-07T05:37:57.274" intervalms="27.481" />
<cycle-start id="5724" type="partial gc" contextid="0" timestamp="2019-07-07T05:37:57.274" intervalms="58.428" />
<gc-start id="5725" type="partial gc" contextid="5724" timestamp="2019-07-07T05:37:57.275">
  <mem-info id="5726" free="34603008" total="113246208" percent="30">
    <mem type="eden" free="0" total="33554432" percent="0" />
    <remembered-set count="109792" freebytes="4081280" totalbytes="4520448" percent="90" regionsoverflowed="0" regionsstable="0" regionsrebuilding="18"/>
  </mem-info>
</gc-start>
<allocation-stats totalBytes="33494552" >
  <allocated-bytes non-tlh="0" tlh="33494552" arrayletleaf="0"/>
  <largest-consumer threadName="main" threadId="000000000202A700" bytes="16746416" />
</allocation-stats>
<gc-op id="5727" type="copy forward" timems="1.726" contextid="5724" timestamp="2019-07-07T05:37:57.277">
  <memory-copied type="eden" objects="3" bytes="2080" bytesdiscarded="0" />
  <memory-copied type="other" objects="36" bytes="4216" bytesdiscarded="0" />
  <memory-cardclean objects="54" bytes="2040" />
  <regions eden="32" other="1" />
  <remembered-set-cleared processed="107290" cleared="45" durationms="0.766" />
  <stringconstants candidates="13269" cleared="0"  />
</gc-op>
<gc-op id="5728" type="classunload" timems="0.004" contextid="5724" timestamp="2019-07-07T05:37:57.277">
  <classunload-info classloadercandidates="53" classloadersunloaded="0" classesunloaded="0" anonymousclassesunloaded="0" quiescems="0.000" setupms="0.003" scanms="0.000" postms="0.000" />
</gc-op>
<gc-end id="5729" type="partial gc" contextid="5724" durationms="2.678" usertimems="4.000" systemtimems="0.000" timestamp="2019-07-07T05:37:57.277" activeThreads="1">
  <mem-info id="5730" free="67108864" total="113246208" percent="59">
    <mem type="eden" free="1046496" total="1048576" percent="99" />
    <remembered-set count="110144" freebytes="4079872" totalbytes="4520448" percent="90" regionsoverflowed="0" regionsstable="0" regionsrebuilding="18"/>
  </mem-info>
</gc-end>
<cycle-end id="5731" type="partial gc" contextid="5724" timestamp="2019-07-07T05:37:57.278" />
  <attribute name="elasticGC enabled" value="1" />
  <attribute name= "numThreadsSpecified" value="1" />
  <attribute name="heapSize specified" value="0" />
  <attribute name="Current GC Util" value="66" />
  <attribute name= "Current Time Running" value="28077" />
  <attribute name ="GC Interval" value="0" />
  <attribute name="ProportionalT" value="23.000000" />
  <attribute name="ProportionalI" value="23.000000" />
  <attribute name="ProportionalH" value="23.000000" />
  <attribute name="Current Error" value="46.000000" />
  <attribute name="IntegralT" value="0.000000" />
  <attribute name="IntegralI" value="0.000000" />
  <attribute name="IntegralH" value="0.000000" />
  <attribute name="DerivativeT" value="inf" />
  <attribute name="DerivativeI" value="inf" />
  <attribute name="DerivativeH" value="inf" />
  <attribute name="Loop Time for DT" value="0.000000" />
  <attribute name="Output H" value="8388608"/>
  <attribute name="Output I" value="200"/>
  <attribute name="Output T" value="1"/>
  <attribute name="Target GC Util Change" value ="20.000000" />
  <attribute name="Current GC Util Change" value="66.000000"/>
  <attribute name="GC Util currently" value="66" />
  <attribute name="CPU Util currently" value="19670232264483" />
<exclusive-end id="5732" timestamp="2019-07-07T05:37:57.278" durationms="3.668" />

<exclusive-start id="5733" timestamp="2019-07-07T05:37:57.316" intervalms="41.327">
  <response-info timems="0.100" idlems="0.100" threads="0" lastid="000000000202A700" lastname="main" />
</exclusive-start>
<allocation-taxation id="5734" taxation-threshold="16777216" timestamp="2019-07-07T05:37:57.316" intervalms="41.379" />
<gc-start id="5735" type="global mark phase" contextid="5490" timestamp="2019-07-07T05:37:57.316">
  <mem-info id="5736" free="50331648" total="113246208" percent="44">
    <remembered-set count="109792" freebytes="4081280" totalbytes="4520448" percent="90" regionsoverflowed="0" regionsstable="0" regionsrebuilding="18"/>
  </mem-info>
</gc-start>
<gc-op id="5737" type="mark increment" timems="1.214" contextid="5490" timestamp="2019-07-07T05:37:57.317">
  <trace-info objectcount="50" scancount="49" scanbytes="1288" />
  <cardclean-info objects="100" bytes="3248" />
  <finalization candidates="80" enqueued="0" />
  <ownableSynchronizers candidates="22" cleared="0" />
  <references type="soft" candidates="1857" cleared="3" enqueued="3" dynamicThreshold="18" maxThreshold="32" />
  <references type="weak" candidates="5726" cleared="0" enqueued="0" />
  <references type="phantom" candidates="101" cleared="0" enqueued="0" />
  <stringconstants candidates="13269" cleared="0"  />
</gc-op>
<gc-op id="5738" type="classunload" timems="0.009" contextid="5490" timestamp="2019-07-07T05:37:57.317">
  <classunload-info classloadercandidates="53" classloadersunloaded="0" classesunloaded="0" anonymousclassesunloaded="0" quiescems="0.000" setupms="0.009" scanms="0.000" postms="0.000" />
</gc-op>
<gc-end id="5739" type="global mark phase" contextid="5490" durationms="1.587" usertimems="4.000" systemtimems="0.000" timestamp="2019-07-07T05:37:57.318" activeThreads="4">
  <mem-info id="5740" free="50331648" total="113246208" percent="44">
    <pending-finalizers system="0" default="0" reference="3" classloader="0" />
    <remembered-set count="111840" freebytes="4073088" totalbytes="4520448" percent="90" regionsoverflowed="0" regionsstable="0" regionsrebuilding="0"/>
  </mem-info>
</gc-end>
<cycle-end id="5741" type="global mark phase" contextid="5490" timestamp="2019-07-07T05:37:57.318" />
  <attribute name="elasticGC enabled" value="1" />
  <attribute name= "numThreadsSpecified" value="4" />
  <attribute name="heapSize specified" value="0" />
  <attribute name="Current GC Util" value="0" />
  <attribute name= "Current Time Running" value="28118" />
  <attribute name ="GC Interval" value="0" />
  <attribute name="ProportionalT" value="-10.000000" />
  <attribute name="ProportionalI" value="-10.000000" />
  <attribute name="ProportionalH" value="-10.000000" />
  <attribute name="Current Error" value="-20.000000" />
  <attribute name="IntegralT" value="0.000000" />
  <attribute name="IntegralI" value="0.000000" />
  <attribute name="IntegralH" value="0.000000" />
  <attribute name="DerivativeT" value="-inf" />
  <attribute name="DerivativeI" value="-inf" />
  <attribute name="DerivativeH" value="-inf" />
  <attribute name="Loop Time for DT" value="0.000000" />
  <attribute name="Output H" value="2091843584"/>
  <attribute name="Output I" value="200"/>
  <attribute name="Output T" value="4"/>
  <attribute name="Target GC Util Change" value ="20.000000" />
  <attribute name="Current GC Util Change" value="0.000000"/>
  <attribute name="GC Util currently" value="0" />
  <attribute name="CPU Util currently" value="74490162402368" />
<exclusive-end id="5742" timestamp="2019-07-07T05:37:57.318" durationms="2.363" />

<exclusive-start id="5743" timestamp="2019-07-07T05:37:57.354" intervalms="38.599">
  <response-info timems="0.114" idlems="0.114" threads="0" lastid="000000000202A700" lastname="main" />
</exclusive-start>
<allocation-taxation id="5744" taxation-threshold="16777216" timestamp="2019-07-07T05:37:57.354" intervalms="38.592" />
<cycle-start id="5745" type="partial gc" contextid="0" timestamp="2019-07-07T05:37:57.355" intervalms="80.038" />
<gc-start id="5746" type="partial gc" contextid="5745" timestamp="2019-07-07T05:37:57.355">
  <mem-info id="5747" free="33554432" total="113246208" percent="29">
    <mem type="eden" free="1046496" total="34603008" percent="3" />
    <remembered-set count="83104" freebytes="4188032" totalbytes="4520448" percent="92" regionsoverflowed="0" regionsstable="8" regionsrebuilding="0"/>
  </mem-info>
</gc-start>
<allocation-stats totalBytes="33538496" >
  <allocated-bytes non-tlh="0" tlh="33538496" arrayletleaf="0"/>
  <largest-consumer threadName="main" threadId="000000000202A700" bytes="16770744" />
</allocation-stats>
<gc-op id="5748" type="sweep" timems="0.731" contextid="5745" timestamp="2019-07-07T05:37:57.356" />
<gc-op id="5749" type="copy forward" timems="1.711" contextid="5745" timestamp="2019-07-07T05:37:57.358">
  <memory-copied type="eden" objects="29" bytes="1480" bytesdiscarded="0" />
  <memory-copied type="other" objects="12" bytes="288" bytesdiscarded="0" />
  <memory-cardclean objects="106" bytes="3872" />
  <regions eden="16" other="3" />
  <remembered-set-cleared processed="80816" cleared="121" durationms="0.412" />
  <stringconstants candidates="13269" cleared="0"  />
</gc-op>
<gc-op id="5750" type="classunload" timems="0.004" contextid="5745" timestamp="2019-07-07T05:37:57.358">
  <classunload-info classloadercandidates="53" classloadersunloaded="0" classesunloaded="0" anonymousclassesunloaded="0" quiescems="0.000" setupms="0.003" scanms="0.000" postms="0.000" />
</gc-op>
<gc-end id="5751" type="partial gc" contextid="5745" durationms="3.886" usertimems="4.000" systemtimems="0.000" timestamp="2019-07-07T05:37:57.359" activeThreads="4">
  <mem-info id="5752" free="67108864" total="113246208" percent="59">
    <mem type="eden" free="1046952" total="1048576" percent="99" />
    <remembered-set count="83200" freebytes="4187648" totalbytes="4520448" percent="92" regionsoverflowed="0" regionsstable="8" regionsrebuilding="0"/>
  </mem-info>
</gc-end>
<cycle-end id="5753" type="partial gc" contextid="5745" timestamp="2019-07-07T05:37:57.359" />
  <attribute name="elasticGC enabled" value="1" />
  <attribute name= "numThreadsSpecified" value="4" />
  <attribute name="heapSize specified" value="0" />
  <attribute name="Current GC Util" value="64" />
  <attribute name= "Current Time Running" value="28158" />
  <attribute name ="GC Interval" value="0" />
  <attribute name="ProportionalT" value="22.000000" />
  <attribute name="ProportionalI" value="22.000000" />
  <attribute name="ProportionalH" value="22.000000" />
  <attribute name="Current Error" value="44.000000" />
  <attribute name="IntegralT" value="0.000000" />
  <attribute name="IntegralI" value="0.000000" />
  <attribute name="IntegralH" value="0.000000" />
  <attribute name="DerivativeT" value="-inf" />
  <attribute name="DerivativeI" value="-inf" />
  <attribute name="DerivativeH" value="-inf" />
  <attribute name="Loop Time for DT" value="0.000000" />
  <attribute name="Output H" value="2091843584"/>
  <attribute name="Output I" value="200"/>
  <attribute name="Output T" value="4"/>
  <attribute name="Target GC Util Change" value ="20.000000" />
  <attribute name="Current GC Util Change" value="64.000000"/>
  <attribute name="GC Util currently" value="64" />
  <attribute name="CPU Util currently" value="20762324324279" />
<exclusive-end id="5754" timestamp="2019-07-07T05:37:57.359" durationms="5.087" />

<exclusive-start id="5755" timestamp="2019-07-07T05:37:57.413" intervalms="58.607">
  <response-info timems="0.093" idlems="0.093" threads="0" lastid="000000000202A700" lastname="main" />
</exclusive-start>
<allocation-taxation id="5756" taxation-threshold="34603008" timestamp="2019-07-07T05:37:57.413" intervalms="58.608" />
<cycle-start id="5757" type="partial gc" contextid="0" timestamp="2019-07-07T05:37:57.413" intervalms="58.604" />
<gc-start id="5758" type="partial gc" contextid="5757" timestamp="2019-07-07T05:37:57.413">
  <mem-info id="5759" free="32505856" total="113246208" percent="28">
    <mem type="eden" free="0" total="34603008" percent="0" />
    <remembered-set count="82976" freebytes="4188544" totalbytes="4520448" percent="92" regionsoverflowed="0" regionsstable="8" regionsrebuilding="0"/>
  </mem-info>
</gc-start>
<allocation-stats totalBytes="34596432" >
  <allocated-bytes non-tlh="0" tlh="34596432" arrayletleaf="0"/>
  <largest-consumer threadName="main" threadId="000000000202A700" bytes="34596432" />
</allocation-stats>
<gc-op id="5760" type="copy forward" timems="1.484" contextid="5757" timestamp="2019-07-07T05:37:57.416">
  <memory-copied type="eden" objects="5" bytes="240" bytesdiscarded="0" />
  <memory-copied type="other" objects="81" bytes="2632" bytesdiscarded="368" />
  <memory-cardclean objects="180" bytes="5504" />
  <regions eden="33" other="10" />
  <remembered-set-cleared processed="80738" cleared="139" durationms="0.634" />
  <stringconstants candidates="13269" cleared="0"  />
</gc-op>
<gc-op id="5761" type="classunload" timems="0.005" contextid="5757" timestamp="2019-07-07T05:37:57.416">
  <classunload-info classloadercandidates="53" classloadersunloaded="0" classesunloaded="0" anonymousclassesunloaded="0" quiescems="0.000" setupms="0.004" scanms="0.000" postms="0.000" />
</gc-op>
<heap-resize id="5762" type="contract" space="default" amount="6291456" count="1" timems="0.054" reason="excess free space following gc" timestamp="2019-07-07T05:37:57.416" />
<gc-end id="5763" type="partial gc" contextid="5757" durationms="2.604" usertimems="4.000" systemtimems="0.000" timestamp="2019-07-07T05:37:57.416" activeThreads="1">
  <mem-info id="5764" free="66060288" total="106954752" percent="61">
    <mem type="eden" free="1048336" total="1048576" percent="99" />
    <remembered-set count="82560" freebytes="4190208" totalbytes="4520448" percent="92" regionsoverflowed="0" regionsstable="8" regionsrebuilding="0"/>
  </mem-info>
</gc-end>
<cycle-end id="5765" type="partial gc" contextid="5757" timestamp="2019-07-07T05:37:57.416" />
  <attribute name="elasticGC enabled" value="1" />
  <attribute name= "numThreadsSpecified" value="1" />
  <attribute name="heapSize specified" value="0" />
  <attribute name="Current GC Util" value="60" />
  <attribute name= "Current Time Running" value="28216" />
  <attribute name ="GC Interval" value="0" />
  <attribute name="ProportionalT" value="20.000000" />
  <attribute name="ProportionalI" value="20.000000" />
  <attribute name="ProportionalH" value="20.000000" />
  <attribute name="Current Error" value="40.000000" />
  <attribute name="IntegralT" value="0.000000" />
  <attribute name="IntegralI" value="0.000000" />
  <attribute name="IntegralH" value="0.000000" />
  <attribute name="DerivativeT" value="inf" />
  <attribute name="DerivativeI" value="inf" />
  <attribute name="DerivativeH" value="inf" />
  <attribute name="Loop Time for DT" value="0.000000" />
  <attribute name="Output H" value="8388608"/>
  <attribute name="Output I" value="200"/>
  <attribute name="Output T" value="1"/>
  <attribute name="Target GC Util Change" value ="20.000000" />
  <attribute name="Current GC Util Change" value="60.000000"/>
  <attribute name="GC Util currently" value="60" />
  <attribute name="CPU Util currently" value="19458180013708" />
<exclusive-end id="5766" timestamp="2019-07-07T05:37:57.417" durationms="3.758" />

<exclusive-start id="5767" timestamp="2019-07-07T05:37:57.471" intervalms="57.811">
  <response-info timems="0.065" idlems="0.065" threads="0" lastid="000000000202A700" lastname="main" />
</exclusive-start>
<allocation-taxation id="5768" taxation-threshold="33554432" timestamp="2019-07-07T05:37:57.471" intervalms="57.831" />
<cycle-start id="5769" type="partial gc" contextid="0" timestamp="2019-07-07T05:37:57.471" intervalms="57.899" />
<gc-start id="5770" type="partial gc" contextid="5769" timestamp="2019-07-07T05:37:57.472">
  <mem-info id="5771" free="32505856" total="106954752" percent="30">
    <mem type="eden" free="1048336" total="34603008" percent="3" />
    <remembered-set count="62752" freebytes="4269440" totalbytes="4520448" percent="94" regionsoverflowed="0" regionsstable="11" regionsrebuilding="0"/>
  </mem-info>
</gc-start>
<allocation-stats totalBytes="33548456" >
  <allocated-bytes non-tlh="0" tlh="33548456" arrayletleaf="0"/>
  <largest-consumer threadName="main" threadId="000000000202A700" bytes="33548456" />
</allocation-stats>
<gc-op id="5772" type="copy forward" timems="1.306" contextid="5769" timestamp="2019-07-07T05:37:57.474">
  <memory-copied type="eden" objects="1" bytes="24" bytesdiscarded="0" />
  <memory-copied type="other" objects="44" bytes="1080" bytesdiscarded="160" />
  <memory-cardclean objects="138" bytes="4296" />
  <regions eden="32" other="5" />
  <remembered-set-cleared processed="61118" cleared="78" durationms="0.490" />
  <stringconstants candidates="13269" cleared="0"  />
</gc-op>
<gc-op id="5773" type="classunload" timems="0.004" contextid="5769" timestamp="2019-07-07T05:37:57.474">
  <classunload-info classloadercandidates="53" classloadersunloaded="0" classesunloaded="0" anonymousclassesunloaded="0" quiescems="0.000" setupms="0.004" scanms="0.000" postms="0.000" />
</gc-op>
<heap-resize id="5774" type="contract" space="default" amount="6291456" count="1" timems="0.066" reason="excess free space following gc" timestamp="2019-07-07T05:37:57.474" />
<gc-end id="5775" type="partial gc" contextid="5769" durationms="3.048" usertimems="0.000" systemtimems="0.000" timestamp="2019-07-07T05:37:57.475" activeThreads="1">
  <mem-info id="5776" free="61865984" total="100663296" percent="61">
    <mem type="eden" free="1048552" total="1048576" percent="99" />
    <remembered-set count="62272" freebytes="4020224" totalbytes="4269312" percent="94" regionsoverflowed="0" regionsstable="11" regionsrebuilding="0"/>
  </mem-info>
</gc-end>
<cycle-end id="5777" type="partial gc" contextid="5769" timestamp="2019-07-07T05:37:57.475" />
  <attribute name="elasticGC enabled" value="1" />
  <attribute name= "numThreadsSpecified" value="1" />
  <attribute name="heapSize specified" value="0" />
  <attribute name="Current GC Util" value="31" />
  <attribute name= "Current Time Running" value="28274" />
  <attribute name ="GC Interval" value="0" />
  <attribute name="ProportionalT" value="5.500000" />
  <attribute name="ProportionalI" value="5.500000" />
  <attribute name="ProportionalH" value="5.500000" />
  <attribute name="Current Error" value="11.000000" />
  <attribute name="IntegralT" value="0.000000" />
  <attribute name="IntegralI" value="0.000000" />
  <attribute name="IntegralH" value="0.000000" />
  <attribute name="DerivativeT" value="inf" />
  <attribute name="DerivativeI" value="inf" />
  <attribute name="DerivativeH" value="inf" />
  <attribute name="Loop Time for DT" value="0.000000" />
  <attribute name="Output H" value="8388608"/>
  <attribute name="Output I" value="200"/>
  <attribute name="Output T" value="1"/>
  <attribute name="Target GC Util Change" value ="20.000000" />
  <attribute name="Current GC Util Change" value="31.000000"/>
  <attribute name="GC Util currently" value="31" />
  <attribute name="CPU Util currently" value="8644015418738" />
<exclusive-end id="5778" timestamp="2019-07-07T05:37:57.475" durationms="4.573" />

<exclusive-start id="5779" timestamp="2019-07-07T05:37:57.523" intervalms="52.380">
  <response-info timems="0.091" idlems="0.091" threads="0" lastid="000000000202A700" lastname="main" />
</exclusive-start>
<allocation-taxation id="5780" taxation-threshold="31457280" timestamp="2019-07-07T05:37:57.523" intervalms="52.369" />
<cycle-start id="5781" type="partial gc" contextid="0" timestamp="2019-07-07T05:37:57.523" intervalms="52.371" />
<gc-start id="5782" type="partial gc" contextid="5781" timestamp="2019-07-07T05:37:57.524">
  <mem-info id="5783" free="30408704" total="100663296" percent="30">
    <mem type="eden" free="1048552" total="32505856" percent="3" />
    <remembered-set count="7424" freebytes="4239616" totalbytes="4269312" percent="99" regionsoverflowed="0" regionsstable="12" regionsrebuilding="0"/>
  </mem-info>
</gc-start>
<allocation-stats totalBytes="31451328" >
  <allocated-bytes non-tlh="0" tlh="31451328" arrayletleaf="0"/>
  <largest-consumer threadName="main" threadId="000000000202A700" bytes="31451328" />
</allocation-stats>
<gc-op id="5784" type="copy forward" timems="2.819" contextid="5781" timestamp="2019-07-07T05:37:57.528">
  <memory-copied type="eden" objects="2" bytes="40" bytesdiscarded="0" />
  <memory-copied type="other" objects="39565" bytes="921528" bytesdiscarded="17224" />
  <memory-cardclean objects="3130" bytes="226304" />
  <regions eden="30" other="13" />
  <remembered-set-cleared processed="6181" cleared="314" durationms="0.095" />
  <references type="soft" candidates="2" cleared="0" enqueued="0" dynamicThreshold="19" maxThreshold="32" />
  <references type="weak" candidates="93" cleared="0" enqueued="0" />
  <stringconstants candidates="13269" cleared="0"  />
</gc-op>
<gc-op id="5785" type="classunload" timems="0.004" contextid="5781" timestamp="2019-07-07T05:37:57.528">
  <classunload-info classloadercandidates="53" classloadersunloaded="0" classesunloaded="0" anonymousclassesunloaded="0" quiescems="0.000" setupms="0.004" scanms="0.000" postms="0.000" />
</gc-op>
<heap-resize id="5786" type="contract" space="default" amount="5242880" count="1" timems="0.122" reason="excess free space following gc" timestamp="2019-07-07T05:37:57.528" />
<gc-end id="5787" type="partial gc" contextid="5781" durationms="4.694" usertimems="4.000" systemtimems="0.000" timestamp="2019-07-07T05:37:57.528" activeThreads="4">
  <mem-info id="5788" free="66060288" total="95420416" percent="69">
    <mem type="eden" free="1048536" total="1048576" percent="99" />
    <remembered-set count="7808" freebytes="3986944" totalbytes="4018176" percent="99" regionsoverflowed="0" regionsstable="12" regionsrebuilding="0"/>
  </mem-info>
</gc-end>
<cycle-end id="5789" type="partial gc" contextid="5781" timestamp="2019-07-07T05:37:57.529" />
  <attribute name="elasticGC enabled" value="1" />
  <attribute name= "numThreadsSpecified" value="4" />
  <attribute name="heapSize specified" value="0" />
  <attribute name="Current GC Util" value="32" />
  <attribute name= "Current Time Running" value="28327" />
  <attribute name ="GC Interval" value="0" />
  <attribute name="ProportionalT" value="6.000000" />
  <attribute name="ProportionalI" value="6.000000" />
  <attribute name="ProportionalH" value="6.000000" />
  <attribute name="Current Error" value="12.000000" />
  <attribute name="IntegralT" value="6.000000" />
  <attribute name="IntegralI" value="6.000000" />
  <attribute name="IntegralH" value="6.000000" />
  <attribute name="DerivativeT" value="12.000000" />
  <attribute name="DerivativeI" value="12.000000" />
  <attribute name="DerivativeH" value="12.000000" />
  <attribute name="Loop Time for DT" value="1.000000" />
  <attribute name="Output H" value="8388608"/>
  <attribute name="Output I" value="200"/>
  <attribute name="Output T" value="4"/>
  <attribute name="Target GC Util Change" value ="20.000000" />
  <attribute name="Current GC Util Change" value="32.000000"/>
  <attribute name="GC Util currently" value="32" />
  <attribute name="CPU Util currently" value="8210244194858" />
<exclusive-end id="5790" timestamp="2019-07-07T05:37:57.529" durationms="5.968" />

<exclusive-start id="5791" timestamp="2019-07-07T05:37:57.576" intervalms="52.760">
  <response-info timems="0.090" idlems="0.090" threads="0" lastid="000000000202A700" lastname="main" />
</exclusive-start>
<allocation-taxation id="5792" taxation-threshold="30408704" timestamp="2019-07-07T05:37:57.576" intervalms="52.749" />
<cycle-start id="5793" type="partial gc" contextid="0" timestamp="2019-07-07T05:37:57.576" intervalms="52.736" />
<gc-start id="5794" type="partial gc" contextid="5793" timestamp="2019-07-07T05:37:57.577">
  <mem-info id="5795" free="35651584" total="95420416" percent="37">
    <mem type="eden" free="1048536" total="31457280" percent="3" />
    <remembered-set count="7456" freebytes="3988352" totalbytes="4018176" percent="99" regionsoverflowed="0" regionsstable="12" regionsrebuilding="0"/>
  </mem-info>
</gc-start>
<allocation-stats totalBytes="30402936" >
  <allocated-bytes non-tlh="0" tlh="30402936" arrayletleaf="0"/>
  <largest-consumer threadName="main" threadId="000000000202A700" bytes="30402936" />
</allocation-stats>
<gc-op id="5796" type="copy forward" timems="0.954" contextid="5793" timestamp="2019-07-07T05:37:57.579">
  <memory-copied type="eden" objects="5" bytes="240" bytesdiscarded="0" />
  <memory-copied type="other" objects="6" bytes="144" bytesdiscarded="0" />
  <memory-cardclean objects="55" bytes="1952" />
  <regions eden="29" other="2" />
  <remembered-set-cleared processed="6275" cleared="24" durationms="0.150" />
  <stringconstants candidates="13269" cleared="0"  />
</gc-op>
<gc-op id="5797" type="classunload" timems="0.004" contextid="5793" timestamp="2019-07-07T05:37:57.579">
  <classunload-info classloadercandidates="53" classloadersunloaded="0" classesunloaded="0" anonymousclassesunloaded="0" quiescems="0.000" setupms="0.003" scanms="0.000" postms="0.000" />
</gc-op>
<heap-resize id="5798" type="contract" space="default" amount="5242880" count="1" timems="0.129" reason="excess free space following gc" timestamp="2019-07-07T05:37:57.579" />
<gc-end id="5799" type="partial gc" contextid="5793" durationms="2.820" usertimems="4.000" systemtimems="0.000" timestamp="2019-07-07T05:37:57.579" activeThreads="1">
  <mem-info id="5800" free="60817408" total="90177536" percent="67">
    <mem type="eden" free="1048336" total="1048576" percent="99" />
    <remembered-set count="7360" freebytes="3779456" totalbytes="3808896" percent="99" regionsoverflowed="0" regionsstable="12" regionsrebuilding="0"/>
  </mem-info>
</gc-end>
<cycle-end id="5801" type="partial gc" contextid="5793" timestamp="2019-07-07T05:37:57.580" />
  <attribute name="elasticGC enabled" value="1" />
  <attribute name= "numThreadsSpecified" value="1" />
  <attribute name="heapSize specified" value="0" />
  <attribute name="Current GC Util" value="27" />
  <attribute name= "Current Time Running" value="28379" />
  <attribute name ="GC Interval" value="0" />
  <attribute name="ProportionalT" value="3.500000" />
  <attribute name="ProportionalI" value="3.500000" />
  <attribute name="ProportionalH" value="3.500000" />
  <attribute name="Current Error" value="7.000000" />
  <attribute name="IntegralT" value="0.000000" />
  <attribute name="IntegralI" value="0.000000" />
  <attribute name="IntegralH" value="0.000000" />
  <attribute name="DerivativeT" value="inf" />
  <attribute name="DerivativeI" value="inf" />
  <attribute name="DerivativeH" value="inf" />
  <attribute name="Loop Time for DT" value="0.000000" />
  <attribute name="Output H" value="8388608"/>
  <attribute name="Output I" value="200"/>
  <attribute name="Output T" value="1"/>
  <attribute name="Target GC Util Change" value ="20.000000" />
  <attribute name="Current GC Util Change" value="27.000000"/>
  <attribute name="GC Util currently" value="27" />
  <attribute name="CPU Util currently" value="8489770811804" />
<exclusive-end id="5802" timestamp="2019-07-07T05:37:57.580" durationms="4.127" />

<exclusive-start id="5803" timestamp="2019-07-07T05:37:57.602" intervalms="26.325">
  <response-info timems="0.069" idlems="0.069" threads="0" lastid="000000000202A700" lastname="main" />
</exclusive-start>
<allocation-taxation id="5804" taxation-threshold="14680064" timestamp="2019-07-07T05:37:57.602" intervalms="26.290" />
<cycle-start id="5805" type="global mark phase" contextid="0" timestamp="2019-07-07T05:37:57.602" intervalms="663.757" />
<gc-start id="5806" type="global mark phase" contextid="5805" timestamp="2019-07-07T05:37:57.603">
  <mem-info id="5807" free="46137344" total="90177536" percent="51">
    <remembered-set count="7136" freebytes="3780352" totalbytes="3808896" percent="99" regionsoverflowed="0" regionsstable="12" regionsrebuilding="0"/>
  </mem-info>
</gc-start>
<gc-op id="5808" type="mark increment" timems="1.819" contextid="5805" timestamp="2019-07-07T05:37:57.605">
  <trace-info objectcount="39382" scancount="15910" scanbytes="618192" />
</gc-op>
<gc-end id="5809" type="global mark phase" contextid="5805" durationms="2.172" usertimems="0.000" systemtimems="4.000" timestamp="2019-07-07T05:37:57.605" activeThreads="4">
  <mem-info id="5810" free="46137344" total="90177536" percent="51">
    <remembered-set count="13280" freebytes="3755776" totalbytes="3808896" percent="98" regionsoverflowed="0" regionsstable="0" regionsrebuilding="12"/>
  </mem-info>
</gc-end>
<concurrent-start id="5811" type="GMP work packet processing" contextid="5805" timestamp="2019-07-07T05:37:57.605">
  <concurrent-mark-start scanTarget="1263679" />
</concurrent-start>
<exclusive-end id="5812" timestamp="2019-07-07T05:37:57.605" durationms="3.158" />

<concurrent-end id="5813" type="GMP work packet processing" contextid="5805" timestamp="2019-07-07T05:37:57.606">
  <concurrent-mark-end bytesScanned="1297424" reasonForTermination="Work target met" />
</concurrent-end>

<exclusive-start id="5814" timestamp="2019-07-07T05:37:57.627" intervalms="25.401">
  <response-info timems="0.114" idlems="0.114" threads="0" lastid="000000000202A700" lastname="main" />
</exclusive-start>
<allocation-taxation id="5815" taxation-threshold="14680064" timestamp="2019-07-07T05:37:57.628" intervalms="25.417" />
<cycle-start id="5816" type="partial gc" contextid="0" timestamp="2019-07-07T05:37:57.628" intervalms="51.655" />
<gc-start id="5817" type="partial gc" contextid="5816" timestamp="2019-07-07T05:37:57.628">
  <mem-info id="5818" free="31457280" total="90177536" percent="34">
    <mem type="eden" free="1048336" total="30408704" percent="3" />
    <remembered-set count="23904" freebytes="3713280" totalbytes="3808896" percent="97" regionsoverflowed="0" regionsstable="0" regionsrebuilding="12"/>
  </mem-info>
</gc-start>
<allocation-stats totalBytes="29354856" >
  <allocated-bytes non-tlh="0" tlh="29354856" arrayletleaf="0"/>
  <largest-consumer threadName="main" threadId="000000000202A700" bytes="14677616" />
</allocation-stats>
<gc-op id="5819" type="copy forward" timems="3.325" contextid="5816" timestamp="2019-07-07T05:37:57.632">
  <memory-copied type="eden" objects="13" bytes="464" bytesdiscarded="0" />
  <memory-copied type="other" objects="0" bytes="0" bytesdiscarded="0" />
  <memory-cardclean objects="55" bytes="1952" />
  <regions eden="28" other="1" />
  <remembered-set-cleared processed="21232" cleared="55" durationms="0.135" />
  <stringconstants candidates="13269" cleared="0"  />
</gc-op>
<gc-op id="5820" type="classunload" timems="0.003" contextid="5816" timestamp="2019-07-07T05:37:57.633">
  <classunload-info classloadercandidates="53" classloadersunloaded="0" classesunloaded="0" anonymousclassesunloaded="0" quiescems="0.000" setupms="0.003" scanms="0.000" postms="0.000" />
</gc-op>
<heap-resize id="5821" type="contract" space="default" amount="5242880" count="1" timems="0.187" reason="excess free space following gc" timestamp="2019-07-07T05:37:57.633" />
<gc-end id="5822" type="partial gc" contextid="5816" durationms="5.114" usertimems="4.000" systemtimems="4.000" timestamp="2019-07-07T05:37:57.633" activeThreads="4">
  <mem-info id="5823" free="55574528" total="84934656" percent="65">
    <mem type="eden" free="1048112" total="1048576" percent="99" />
    <remembered-set count="23264" freebytes="3506560" totalbytes="3599616" percent="97" regionsoverflowed="0" regionsstable="0" regionsrebuilding="12"/>
  </mem-info>
</gc-end>
<cycle-end id="5824" type="partial gc" contextid="5816" timestamp="2019-07-07T05:37:57.633" />
  <attribute name="elasticGC enabled" value="1" />
  <attribute name= "numThreadsSpecified" value="4" />
  <attribute name="heapSize specified" value="0" />
  <attribute name="Current GC Util" value="28" />
  <attribute name= "Current Time Running" value="28431" />
  <attribute name ="GC Interval" value="0" />
  <attribute name="ProportionalT" value="4.000000" />
  <attribute name="ProportionalI" value="4.000000" />
  <attribute name="ProportionalH" value="4.000000" />
  <attribute name="Current Error" value="8.000000" />
  <attribute name="IntegralT" value="4.000000" />
  <attribute name="IntegralI" value="4.000000" />
  <attribute name="IntegralH" value="4.000000" />
  <attribute name="DerivativeT" value="8.000000" />
  <attribute name="DerivativeI" value="8.000000" />
  <attribute name="DerivativeH" value="8.000000" />
  <attribute name="Loop Time for DT" value="1.000000" />
  <attribute name="Output H" value="8388608"/>
  <attribute name="Output I" value="200"/>
  <attribute name="Output T" value="4"/>
  <attribute name="Target GC Util Change" value ="20.000000" />
  <attribute name="Current GC Util Change" value="28.000000"/>
  <attribute name="GC Util currently" value="28" />
  <attribute name="CPU Util currently" value="8667784271044" />
<exclusive-end id="5825" timestamp="2019-07-07T05:37:57.634" durationms="6.143" />

<exclusive-start id="5826" timestamp="2019-07-07T05:37:57.654" intervalms="26.778">
  <response-info timems="0.081" idlems="0.081" threads="0" lastid="000000000202A700" lastname="main" />
</exclusive-start>
<allocation-taxation id="5827" taxation-threshold="13631488" timestamp="2019-07-07T05:37:57.654" intervalms="26.778" />
<gc-start id="5828" type="global mark phase" contextid="5805" timestamp="2019-07-07T05:37:57.655">
  <mem-info id="5829" free="41943040" total="84934656" percent="49">
    <remembered-set count="23264" freebytes="3506560" totalbytes="3599616" percent="97" regionsoverflowed="0" regionsstable="0" regionsrebuilding="12"/>
  </mem-info>
</gc-start>
<gc-end id="5830" type="global mark phase" contextid="5805" durationms="0.159" usertimems="0.000" systemtimems="0.000" timestamp="2019-07-07T05:37:57.655" activeThreads="4">
  <mem-info id="5831" free="41943040" total="84934656" percent="49">
    <remembered-set count="23264" freebytes="3506560" totalbytes="3599616" percent="97" regionsoverflowed="0" regionsstable="0" regionsrebuilding="12"/>
  </mem-info>
</gc-end>
<concurrent-start id="5832" type="GMP work packet processing" contextid="5805" timestamp="2019-07-07T05:37:57.655">
  <concurrent-mark-start scanTarget="1263679" />
</concurrent-start>
<exclusive-end id="5833" timestamp="2019-07-07T05:37:57.655" durationms="1.033" />

<concurrent-end id="5834" type="GMP work packet processing" contextid="5805" timestamp="2019-07-07T05:37:57.656">
  <concurrent-mark-end bytesScanned="1316716" reasonForTermination="Work target met" />
</concurrent-end>

<exclusive-start id="5835" timestamp="2019-07-07T05:37:57.676" intervalms="21.811">
  <response-info timems="0.089" idlems="0.089" threads="0" lastid="000000000202A700" lastname="main" />
</exclusive-start>
<allocation-taxation id="5836" taxation-threshold="13631488" timestamp="2019-07-07T05:37:57.676" intervalms="21.785" />
<cycle-start id="5837" type="partial gc" contextid="0" timestamp="2019-07-07T05:37:57.676" intervalms="48.524" />
<gc-start id="5838" type="partial gc" contextid="5837" timestamp="2019-07-07T05:37:57.677">
  <mem-info id="5839" free="28311552" total="84934656" percent="33">
    <mem type="eden" free="1048112" total="28311552" percent="3" />
    <remembered-set count="35072" freebytes="3459328" totalbytes="3599616" percent="96" regionsoverflowed="0" regionsstable="0" regionsrebuilding="12"/>
  </mem-info>
</gc-start>
<allocation-stats totalBytes="27257672" >
  <allocated-bytes non-tlh="0" tlh="27257672" arrayletleaf="0"/>
  <largest-consumer threadName="main" threadId="000000000202A700" bytes="13629024" />
</allocation-stats>
<gc-op id="5840" type="copy forward" timems="2.809" contextid="5837" timestamp="2019-07-07T05:37:57.680">
  <memory-copied type="eden" objects="4" bytes="200" bytesdiscarded="0" />
  <memory-copied type="other" objects="0" bytes="0" bytesdiscarded="0" />
  <memory-cardclean objects="10535" bytes="381920" />
  <regions eden="26" other="1" />
  <remembered-set-cleared processed="31067" cleared="3670" durationms="0.377" />
  <stringconstants candidates="13269" cleared="0"  />
</gc-op>
<gc-op id="5841" type="classunload" timems="0.005" contextid="5837" timestamp="2019-07-07T05:37:57.681">
  <classunload-info classloadercandidates="53" classloadersunloaded="0" classesunloaded="0" anonymousclassesunloaded="0" quiescems="0.000" setupms="0.004" scanms="0.000" postms="0.000" />
</gc-op>
<heap-resize id="5842" type="contract" space="default" amount="5242880" count="1" timems="0.370" reason="excess free space following gc" timestamp="2019-07-07T05:37:57.681" />
<gc-end id="5843" type="partial gc" contextid="5837" durationms="4.864" usertimems="4.000" systemtimems="0.000" timestamp="2019-07-07T05:37:57.681" activeThreads="1">
  <mem-info id="5844" free="50331648" total="79691776" percent="63">
    <mem type="eden" free="1048376" total="1048576" percent="99" />
    <remembered-set count="32128" freebytes="3261824" totalbytes="3390336" percent="96" regionsoverflowed="0" regionsstable="0" regionsrebuilding="12"/>
  </mem-info>
</gc-end>
<cycle-end id="5845" type="partial gc" contextid="5837" timestamp="2019-07-07T05:37:57.682" />
  <attribute name="elasticGC enabled" value="1" />
  <attribute name= "numThreadsSpecified" value="1" />
  <attribute name="heapSize specified" value="0" />
  <attribute name="Current GC Util" value="99" />
  <attribute name= "Current Time Running" value="28479" />
  <attribute name ="GC Interval" value="0" />
  <attribute name="ProportionalT" value="39.500000" />
  <attribute name="ProportionalI" value="39.500000" />
  <attribute name="ProportionalH" value="39.500000" />
  <attribute name="Current Error" value="79.000000" />
  <attribute name="IntegralT" value="0.000000" />
  <attribute name="IntegralI" value="0.000000" />
  <attribute name="IntegralH" value="0.000000" />
  <attribute name="DerivativeT" value="inf" />
  <attribute name="DerivativeI" value="inf" />
  <attribute name="DerivativeH" value="inf" />
  <attribute name="Loop Time for DT" value="0.000000" />
  <attribute name="Output H" value="8388608"/>
  <attribute name="Output I" value="200"/>
  <attribute name="Output T" value="1"/>
  <attribute name="Target GC Util Change" value ="20.000000" />
  <attribute name="Current GC Util Change" value="99.000000"/>
  <attribute name="GC Util currently" value="99" />
  <attribute name="CPU Util currently" value="7742326739887" />
<exclusive-end id="5846" timestamp="2019-07-07T05:37:57.682" durationms="5.878" />

<exclusive-start id="5847" timestamp="2019-07-07T05:37:57.696" intervalms="20.244">
  <response-info timems="0.081" idlems="0.081" threads="0" lastid="000000000202A700" lastname="main" />
</exclusive-start>
<allocation-taxation id="5848" taxation-threshold="12582912" timestamp="2019-07-07T05:37:57.696" intervalms="20.237" />
<gc-start id="5849" type="global mark phase" contextid="5805" timestamp="2019-07-07T05:37:57.697">
  <mem-info id="5850" free="37748736" total="79691776" percent="47">
    <remembered-set count="31904" freebytes="3262720" totalbytes="3390336" percent="96" regionsoverflowed="0" regionsstable="0" regionsrebuilding="12"/>
  </mem-info>
</gc-start>
<gc-end id="5851" type="global mark phase" contextid="5805" durationms="0.214" usertimems="0.000" systemtimems="0.000" timestamp="2019-07-07T05:37:57.697" activeThreads="1">
  <mem-info id="5852" free="37748736" total="79691776" percent="47">
    <remembered-set count="31904" freebytes="3262720" totalbytes="3390336" percent="96" regionsoverflowed="0" regionsstable="0" regionsrebuilding="12"/>
  </mem-info>
</gc-end>
<concurrent-start id="5853" type="GMP work packet processing" contextid="5805" timestamp="2019-07-07T05:37:57.697">
  <concurrent-mark-start scanTarget="1048576" />
</concurrent-start>
<exclusive-end id="5854" timestamp="2019-07-07T05:37:57.697" durationms="0.882" />

<concurrent-end id="5855" type="GMP work packet processing" contextid="5805" timestamp="2019-07-07T05:37:57.698">
  <concurrent-mark-end bytesScanned="1102612" reasonForTermination="Work target met" />
</concurrent-end>

<exclusive-start id="5856" timestamp="2019-07-07T05:37:57.701" intervalms="5.073">
  <response-info timems="0.069" idlems="0.069" threads="0" lastid="000000000202A700" lastname="main" />
</exclusive-start>
<allocation-taxation id="5857" taxation-threshold="12582912" timestamp="2019-07-07T05:37:57.701" intervalms="5.013" />
<cycle-start id="5858" type="partial gc" contextid="0" timestamp="2019-07-07T05:37:57.702" intervalms="25.246" />
<gc-start id="5859" type="partial gc" contextid="5858" timestamp="2019-07-07T05:37:57.702">
  <mem-info id="5860" free="25165824" total="79691776" percent="31">
    <mem type="eden" free="1048376" total="26214400" percent="3" />
    <remembered-set count="40864" freebytes="3226880" totalbytes="3390336" percent="95" regionsoverflowed="0" regionsstable="0" regionsrebuilding="12"/>
  </mem-info>
</gc-start>
<allocation-stats totalBytes="25138872" >
  <allocated-bytes non-tlh="0" tlh="25138872" arrayletleaf="0"/>
  <largest-consumer threadName="main" threadId="000000000202A700" bytes="12564496" />
</allocation-stats>
<gc-op id="5861" type="copy forward" timems="4.062" contextid="5858" timestamp="2019-07-07T05:37:57.707">
  <memory-copied type="eden" objects="26" bytes="1352" bytesdiscarded="1368" />
  <memory-copied type="other" objects="0" bytes="0" bytesdiscarded="0" />
  <memory-cardclean objects="23149" bytes="952800" />
  <regions eden="24" other="1" />
  <remembered-set-cleared processed="33965" cleared="4595" durationms="0.217" />
  <stringconstants candidates="13269" cleared="0"  />
</gc-op>
<gc-op id="5862" type="classunload" timems="0.005" contextid="5858" timestamp="2019-07-07T05:37:57.707">
  <classunload-info classloadercandidates="53" classloadersunloaded="0" classesunloaded="0" anonymousclassesunloaded="0" quiescems="0.000" setupms="0.004" scanms="0.000" postms="0.000" />
</gc-op>
<heap-resize id="5863" type="contract" space="default" amount="4194304" count="1" timems="0.285" reason="excess free space following gc" timestamp="2019-07-07T05:37:57.708" />
<gc-end id="5864" type="partial gc" contextid="5858" durationms="5.949" usertimems="4.000" systemtimems="8.000" timestamp="2019-07-07T05:37:57.708" activeThreads="4">
  <mem-info id="5865" free="46137344" total="75497472" percent="61">
    <mem type="eden" free="1045856" total="1048576" percent="99" />
    <remembered-set count="37728" freebytes="3030144" totalbytes="3181056" percent="95" regionsoverflowed="0" regionsstable="0" regionsrebuilding="12"/>
  </mem-info>
</gc-end>
<cycle-end id="5866" type="partial gc" contextid="5858" timestamp="2019-07-07T05:37:57.708" />
  <attribute name="elasticGC enabled" value="1" />
  <attribute name= "numThreadsSpecified" value="4" />
  <attribute name="heapSize specified" value="0" />
  <attribute name="Current GC Util" value="95" />
  <attribute name= "Current Time Running" value="28505" />
  <attribute name ="GC Interval" value="0" />
  <attribute name="ProportionalT" value="37.500000" />
  <attribute name="ProportionalI" value="37.500000" />
  <attribute name="ProportionalH" value="37.500000" />
  <attribute name="Current Error" value="75.000000" />
  <attribute name="IntegralT" value="37.500000" />
  <attribute name="IntegralI" value="37.500000" />
  <attribute name="IntegralH" value="37.500000" />
  <attribute name="DerivativeT" value="23.000000" />
  <attribute name="DerivativeI" value="23.000000" />
  <attribute name="DerivativeH" value="23.000000" />
  <attribute name="Loop Time for DT" value="1.000000" />
  <attribute name="Output H" value="8388608"/>
  <attribute name="Output I" value="200"/>
  <attribute name="Output T" value="4"/>
  <attribute name="Target GC Util Change" value ="20.000000" />
  <attribute name="Current GC Util Change" value="95.000000"/>
  <attribute name="GC Util currently" value="95" />
  <attribute name="CPU Util currently" value="7672933022549" />
<exclusive-end id="5867" timestamp="2019-07-07T05:37:57.708" durationms="6.882" />

<exclusive-start id="5868" timestamp="2019-07-07T05:37:57.712" intervalms="11.105">
  <response-info timems="0.070" idlems="0.070" threads="0" lastid="000000000202A700" lastname="main" />
</exclusive-start>
<allocation-taxation id="5869" taxation-threshold="12582912" timestamp="2019-07-07T05:37:57.713" intervalms="11.183" />
<gc-start id="5870" type="global mark phase" contextid="5805" timestamp="2019-07-07T05:37:57.713">
  <mem-info id="5871" free="33554432" total="75497472" percent="44">
    <remembered-set count="37728" freebytes="3030144" totalbytes="3181056" percent="95" regionsoverflowed="0" regionsstable="0" regionsrebuilding="12"/>
  </mem-info>
</gc-start>
<gc-end id="5872" type="global mark phase" contextid="5805" durationms="0.219" usertimems="0.000" systemtimems="0.000" timestamp="2019-07-07T05:37:57.713" activeThreads="4">
  <mem-info id="5873" free="33554432" total="75497472" percent="44">
    <remembered-set count="37728" freebytes="3030144" totalbytes="3181056" percent="95" regionsoverflowed="0" regionsstable="0" regionsrebuilding="12"/>
  </mem-info>
</gc-end>
<concurrent-start id="5874" type="GMP work packet processing" contextid="5805" timestamp="2019-07-07T05:37:57.713">
  <concurrent-mark-start scanTarget="1263679" />
</concurrent-start>
<exclusive-end id="5875" timestamp="2019-07-07T05:37:57.713" durationms="0.915" />

<concurrent-end id="5876" type="GMP work packet processing" contextid="5805" timestamp="2019-07-07T05:37:57.715">
  <concurrent-mark-end bytesScanned="1307424" reasonForTermination="Work target met" />
</concurrent-end>

<exclusive-start id="5877" timestamp="2019-07-07T05:37:57.718" intervalms="5.087">
  <response-info timems="0.078" idlems="0.078" threads="0" lastid="000000000202A700" lastname="main" />
</exclusive-start>
<allocation-taxation id="5878" taxation-threshold="12582912" timestamp="2019-07-07T05:37:57.718" intervalms="5.002" />
<cycle-start id="5879" type="partial gc" contextid="0" timestamp="2019-07-07T05:37:57.718" intervalms="16.182" />
<gc-start id="5880" type="partial gc" contextid="5879" timestamp="2019-07-07T05:37:57.718">
  <mem-info id="5881" free="20971520" total="75497472" percent="27">
    <mem type="eden" free="0" total="25165824" percent="0" />
    <remembered-set count="46976" freebytes="2993152" totalbytes="3181056" percent="94" regionsoverflowed="0" regionsstable="0" regionsrebuilding="12"/>
  </mem-info>
</gc-start>
<allocation-stats totalBytes="25130384" >
  <allocated-bytes non-tlh="0" tlh="25130384" arrayletleaf="0"/>
  <largest-consumer threadName="main" threadId="000000000202A700" bytes="12565536" />
</allocation-stats>
<gc-op id="5882" type="copy forward" timems="3.392" contextid="5879" timestamp="2019-07-07T05:37:57.722">
  <memory-copied type="eden" objects="4" bytes="112" bytesdiscarded="680" />
  <memory-copied type="other" objects="22" bytes="1240" bytesdiscarded="1088" />
  <memory-cardclean objects="29344" bytes="1372776" />
  <regions eden="24" other="1" />
  <remembered-set-cleared processed="37824" cleared="7600" durationms="0.234" />
  <stringconstants candidates="13269" cleared="0"  />
</gc-op>
<gc-op id="5883" type="classunload" timems="0.004" contextid="5879" timestamp="2019-07-07T05:37:57.723">
  <classunload-info classloadercandidates="53" classloadersunloaded="0" classesunloaded="0" anonymousclassesunloaded="0" quiescems="0.000" setupms="0.004" scanms="0.000" postms="0.000" />
</gc-op>
<heap-resize id="5884" type="expand" space="default" amount="1048576" count="1" timems="0.055" reason="excessive time being spent in gc" timestamp="2019-07-07T05:37:57.723" />
<gc-end id="5885" type="partial gc" contextid="5879" durationms="5.055" usertimems="8.000" systemtimems="0.000" timestamp="2019-07-07T05:37:57.723" activeThreads="4">
  <mem-info id="5886" free="46137344" total="76546048" percent="60">
    <mem type="eden" free="1047784" total="1048576" percent="99" />
    <remembered-set count="39776" freebytes="2896384" totalbytes="3055488" percent="94" regionsoverflowed="0" regionsstable="0" regionsrebuilding="12"/>
  </mem-info>
</gc-end>
<cycle-end id="5887" type="partial gc" contextid="5879" timestamp="2019-07-07T05:37:57.723" />
  <attribute name="elasticGC enabled" value="1" />
  <attribute name= "numThreadsSpecified" value="4" />
  <attribute name="heapSize specified" value="0" />
  <attribute name="Current GC Util" value="99" />
  <attribute name= "Current Time Running" value="28521" />
  <attribute name ="GC Interval" value="0" />
  <attribute name="ProportionalT" value="39.500000" />
  <attribute name="ProportionalI" value="39.500000" />
  <attribute name="ProportionalH" value="39.500000" />
  <attribute name="Current Error" value="79.000000" />
  <attribute name="IntegralT" value="39.500000" />
  <attribute name="IntegralI" value="39.500000" />
  <attribute name="IntegralH" value="39.500000" />
  <attribute name="DerivativeT" value="35.000000" />
  <attribute name="DerivativeI" value="35.000000" />
  <attribute name="DerivativeH" value="35.000000" />
  <attribute name="Loop Time for DT" value="1.000000" />
  <attribute name="Output H" value="8388608"/>
  <attribute name="Output I" value="200"/>
  <attribute name="Output T" value="4"/>
  <attribute name="Target GC Util Change" value ="20.000000" />
  <attribute name="Current GC Util Change" value="99.000000"/>
  <attribute name="GC Util currently" value="99" />
  <attribute name="CPU Util currently" value="7569845199437" />
<exclusive-end id="5888" timestamp="2019-07-07T05:37:57.723" durationms="5.937" />

<exclusive-start id="5889" timestamp="2019-07-07T05:37:57.728" intervalms="10.123">
  <response-info timems="0.077" idlems="0.077" threads="0" lastid="000000000202A700" lastname="main" />
</exclusive-start>
<allocation-taxation id="5890" taxation-threshold="12582912" timestamp="2019-07-07T05:37:57.728" intervalms="10.136" />
<gc-start id="5891" type="global mark phase" contextid="5805" timestamp="2019-07-07T05:37:57.728">
  <mem-info id="5892" free="33554432" total="76546048" percent="43">
    <remembered-set count="39616" freebytes="2897024" totalbytes="3055488" percent="94" regionsoverflowed="0" regionsstable="0" regionsrebuilding="12"/>
  </mem-info>
</gc-start>
<gc-end id="5893" type="global mark phase" contextid="5805" durationms="0.200" usertimems="0.000" systemtimems="0.000" timestamp="2019-07-07T05:37:57.728" activeThreads="4">
  <mem-info id="5894" free="33554432" total="76546048" percent="43">
    <remembered-set count="39616" freebytes="2897024" totalbytes="3055488" percent="94" regionsoverflowed="0" regionsstable="0" regionsrebuilding="12"/>
  </mem-info>
</gc-end>
<concurrent-start id="5895" type="GMP work packet processing" contextid="5805" timestamp="2019-07-07T05:37:57.728">
  <concurrent-mark-start scanTarget="1263679" />
</concurrent-start>
<exclusive-end id="5896" timestamp="2019-07-07T05:37:57.728" durationms="0.837" />

<concurrent-end id="5897" type="GMP work packet processing" contextid="5805" timestamp="2019-07-07T05:37:57.730">
  <concurrent-mark-end bytesScanned="1295868" reasonForTermination="Work target met" />
</concurrent-end>

<exclusive-start id="5898" timestamp="2019-07-07T05:37:57.733" intervalms="5.008">
  <response-info timems="0.069" idlems="0.069" threads="0" lastid="000000000202A700" lastname="main" />
</exclusive-start>
<allocation-taxation id="5899" taxation-threshold="12582912" timestamp="2019-07-07T05:37:57.733" intervalms="4.998" />
<cycle-start id="5900" type="partial gc" contextid="0" timestamp="2019-07-07T05:37:57.733" intervalms="15.134" />
<gc-start id="5901" type="partial gc" contextid="5900" timestamp="2019-07-07T05:37:57.733">
  <mem-info id="5902" free="20971520" total="76546048" percent="27">
    <mem type="eden" free="1047784" total="26214400" percent="3" />
    <remembered-set count="49376" freebytes="2857984" totalbytes="3055488" percent="93" regionsoverflowed="0" regionsstable="0" regionsrebuilding="12"/>
  </mem-info>
</gc-start>
<allocation-stats totalBytes="25131120" >
  <allocated-bytes non-tlh="0" tlh="25131120" arrayletleaf="0"/>
  <largest-consumer threadName="main" threadId="000000000202A700" bytes="12565560" />
</allocation-stats>
<gc-op id="5903" type="copy forward" timems="2.041" contextid="5900" timestamp="2019-07-07T05:37:57.736">
  <memory-copied type="eden" objects="4" bytes="112" bytesdiscarded="0" />
  <memory-copied type="other" objects="0" bytes="0" bytesdiscarded="0" />
  <memory-cardclean objects="1" bytes="24" />
  <regions eden="24" other="1" />
  <remembered-set-cleared processed="47316" cleared="4" durationms="0.205" />
  <stringconstants candidates="13269" cleared="0"  />
</gc-op>
<gc-op id="5904" type="classunload" timems="0.003" contextid="5900" timestamp="2019-07-07T05:37:57.736">
  <classunload-info classloadercandidates="53" classloadersunloaded="0" classesunloaded="0" anonymousclassesunloaded="0" quiescems="0.000" setupms="0.003" scanms="0.000" postms="0.000" />
</gc-op>
<gc-end id="5905" type="partial gc" contextid="5900" durationms="3.168" usertimems="4.000" systemtimems="0.000" timestamp="2019-07-07T05:37:57.736" activeThreads="4">
  <mem-info id="5906" free="46137344" total="76546048" percent="60">
    <mem type="eden" free="1048464" total="1048576" percent="99" />
    <remembered-set count="49344" freebytes="2858112" totalbytes="3055488" percent="93" regionsoverflowed="0" regionsstable="0" regionsrebuilding="12"/>
  </mem-info>
</gc-end>
<cycle-end id="5907" type="partial gc" contextid="5900" timestamp="2019-07-07T05:37:57.736" />
  <attribute name="elasticGC enabled" value="1" />
  <attribute name= "numThreadsSpecified" value="4" />
  <attribute name="heapSize specified" value="0" />
  <attribute name="Current GC Util" value="45" />
  <attribute name= "Current Time Running" value="28536" />
  <attribute name ="GC Interval" value="0" />
  <attribute name="ProportionalT" value="12.500000" />
  <attribute name="ProportionalI" value="12.500000" />
  <attribute name="ProportionalH" value="12.500000" />
  <attribute name="Current Error" value="25.000000" />
  <attribute name="IntegralT" value="12.500000" />
  <attribute name="IntegralI" value="12.500000" />
  <attribute name="IntegralH" value="12.500000" />
  <attribute name="DerivativeT" value="-9.000000" />
  <attribute name="DerivativeI" value="-9.000000" />
  <attribute name="DerivativeH" value="-9.000000" />
  <attribute name="Loop Time for DT" value="1.000000" />
  <attribute name="Output H" value="8388608"/>
  <attribute name="Output I" value="200"/>
  <attribute name="Output T" value="4"/>
  <attribute name="Target GC Util Change" value ="20.000000" />
  <attribute name="Current GC Util Change" value="45.000000"/>
  <attribute name="GC Util currently" value="45" />
  <attribute name="CPU Util currently" value="17523866884123" />
<exclusive-end id="5908" timestamp="2019-07-07T05:37:57.737" durationms="3.960" />

<exclusive-start id="5909" timestamp="2019-07-07T05:37:57.741" intervalms="8.175">
  <response-info timems="0.074" idlems="0.074" threads="0" lastid="000000000202A700" lastname="main" />
</exclusive-start>
<allocation-taxation id="5910" taxation-threshold="12582912" timestamp="2019-07-07T05:37:57.741" intervalms="8.244" />
<gc-start id="5911" type="global mark phase" contextid="5805" timestamp="2019-07-07T05:37:57.741">
  <mem-info id="5912" free="33554432" total="76546048" percent="43">
    <remembered-set count="49344" freebytes="2858112" totalbytes="3055488" percent="93" regionsoverflowed="0" regionsstable="0" regionsrebuilding="12"/>
  </mem-info>
</gc-start>
<gc-end id="5913" type="global mark phase" contextid="5805" durationms="0.149" usertimems="0.000" systemtimems="0.000" timestamp="2019-07-07T05:37:57.741" activeThreads="4">
  <mem-info id="5914" free="33554432" total="76546048" percent="43">
    <remembered-set count="49344" freebytes="2858112" totalbytes="3055488" percent="93" regionsoverflowed="0" regionsstable="0" regionsrebuilding="12"/>
  </mem-info>
</gc-end>
<concurrent-start id="5915" type="GMP work packet processing" contextid="5805" timestamp="2019-07-07T05:37:57.741">
  <concurrent-mark-start scanTarget="1263679" />
</concurrent-start>
<exclusive-end id="5916" timestamp="2019-07-07T05:37:57.742" durationms="0.759" />

<concurrent-end id="5917" type="GMP work packet processing" contextid="5805" timestamp="2019-07-07T05:37:57.743">
  <concurrent-mark-end bytesScanned="1301044" reasonForTermination="Work target met" />
</concurrent-end>

<exclusive-start id="5918" timestamp="2019-07-07T05:37:57.746" intervalms="4.851">
  <response-info timems="0.070" idlems="0.070" threads="0" lastid="000000000202A700" lastname="main" />
</exclusive-start>
<allocation-taxation id="5919" taxation-threshold="12582912" timestamp="2019-07-07T05:37:57.746" intervalms="4.783" />
<cycle-start id="5920" type="partial gc" contextid="0" timestamp="2019-07-07T05:37:57.746" intervalms="13.010" />
<gc-start id="5921" type="partial gc" contextid="5920" timestamp="2019-07-07T05:37:57.746">
  <mem-info id="5922" free="20971520" total="76546048" percent="27">
    <mem type="eden" free="1048464" total="26214400" percent="3" />
    <remembered-set count="60224" freebytes="2814592" totalbytes="3055488" percent="92" regionsoverflowed="0" regionsstable="0" regionsrebuilding="12"/>
  </mem-info>
</gc-start>
<allocation-stats totalBytes="25131120" >
  <allocated-bytes non-tlh="0" tlh="25131120" arrayletleaf="0"/>
  <largest-consumer threadName="main" threadId="000000000202A700" bytes="12565560" />
</allocation-stats>
<gc-op id="5923" type="copy forward" timems="2.125" contextid="5920" timestamp="2019-07-07T05:37:57.749">
  <memory-copied type="eden" objects="4" bytes="112" bytesdiscarded="0" />
  <memory-copied type="other" objects="0" bytes="0" bytesdiscarded="0" />
  <memory-cardclean objects="1" bytes="24" />
  <regions eden="24" other="1" />
  <remembered-set-cleared processed="57538" cleared="4" durationms="0.234" />
  <stringconstants candidates="13269" cleared="0"  />
</gc-op>
<gc-op id="5924" type="classunload" timems="0.003" contextid="5920" timestamp="2019-07-07T05:37:57.749">
  <classunload-info classloadercandidates="53" classloadersunloaded="0" classesunloaded="0" anonymousclassesunloaded="0" quiescems="0.000" setupms="0.003" scanms="0.000" postms="0.000" />
</gc-op>
<gc-end id="5925" type="partial gc" contextid="5920" durationms="3.275" usertimems="4.000" systemtimems="0.000" timestamp="2019-07-07T05:37:57.749" activeThreads="4">
  <mem-info id="5926" free="46137344" total="76546048" percent="60">
    <mem type="eden" free="1048464" total="1048576" percent="99" />
    <remembered-set count="59584" freebytes="2817152" totalbytes="3055488" percent="92" regionsoverflowed="0" regionsstable="0" regionsrebuilding="12"/>
  </mem-info>
</gc-end>
<cycle-end id="5927" type="partial gc" contextid="5920" timestamp="2019-07-07T05:37:57.750" />
  <attribute name="elasticGC enabled" value="1" />
  <attribute name= "numThreadsSpecified" value="4" />
  <attribute name="heapSize specified" value="0" />
  <attribute name="Current GC Util" value="140" />
  <attribute name= "Current Time Running" value="28549" />
  <attribute name ="GC Interval" value="0" />
  <attribute name="ProportionalT" value="60.000000" />
  <attribute name="ProportionalI" value="60.000000" />
  <attribute name="ProportionalH" value="60.000000" />
  <attribute name="Current Error" value="120.000000" />
  <attribute name="IntegralT" value="60.000000" />
  <attribute name="IntegralI" value="60.000000" />
  <attribute name="IntegralH" value="60.000000" />
  <attribute name="DerivativeT" value="83.000000" />
  <attribute name="DerivativeI" value="83.000000" />
  <attribute name="DerivativeH" value="83.000000" />
  <attribute name="Loop Time for DT" value="1.000000" />
  <attribute name="Output H" value="8388608"/>
  <attribute name="Output I" value="208"/>
  <attribute name="Output T" value="4"/>
  <attribute name="Target GC Util Change" value ="20.000000" />
  <attribute name="Current GC Util Change" value="140.000000"/>
  <attribute name="GC Util currently" value="140" />
  <attribute name="CPU Util currently" value="16049746298714" />
<exclusive-end id="5928" timestamp="2019-07-07T05:37:57.750" durationms="4.159" />

<exclusive-start id="5929" timestamp="2019-07-07T05:37:57.754" intervalms="8.373">
  <response-info timems="0.078" idlems="0.078" threads="0" lastid="000000000202A700" lastname="main" />
</exclusive-start>
<allocation-taxation id="5930" taxation-threshold="12582912" timestamp="2019-07-07T05:37:57.754" intervalms="8.443" />
<gc-start id="5931" type="global mark phase" contextid="5805" timestamp="2019-07-07T05:37:57.754">
  <mem-info id="5932" free="33554432" total="76546048" percent="43">
    <remembered-set count="59584" freebytes="2817152" totalbytes="3055488" percent="92" regionsoverflowed="0" regionsstable="0" regionsrebuilding="12"/>
  </mem-info>
</gc-start>
<gc-end id="5933" type="global mark phase" contextid="5805" durationms="0.134" usertimems="0.000" systemtimems="0.000" timestamp="2019-07-07T05:37:57.755" activeThreads="4">
  <mem-info id="5934" free="33554432" total="76546048" percent="43">
    <remembered-set count="59584" freebytes="2817152" totalbytes="3055488" percent="92" regionsoverflowed="0" regionsstable="0" regionsrebuilding="12"/>
  </mem-info>
</gc-end>
<concurrent-start id="5935" type="GMP work packet processing" contextid="5805" timestamp="2019-07-07T05:37:57.755">
  <concurrent-mark-start scanTarget="1263679" />
</concurrent-start>
<exclusive-end id="5936" timestamp="2019-07-07T05:37:57.755" durationms="0.849" />

<concurrent-end id="5937" type="GMP work packet processing" contextid="5805" timestamp="2019-07-07T05:37:57.756">
  <concurrent-mark-end bytesScanned="1307588" reasonForTermination="Work target met" />
</concurrent-end>

<exclusive-start id="5938" timestamp="2019-07-07T05:37:57.759" intervalms="5.002">
  <response-info timems="0.067" idlems="0.067" threads="0" lastid="000000000202A700" lastname="main" />
</exclusive-start>
<allocation-taxation id="5939" taxation-threshold="12582912" timestamp="2019-07-07T05:37:57.759" intervalms="4.892" />
<cycle-start id="5940" type="partial gc" contextid="0" timestamp="2019-07-07T05:37:57.759" intervalms="13.284" />
<gc-start id="5941" type="partial gc" contextid="5940" timestamp="2019-07-07T05:37:57.759">
  <mem-info id="5942" free="20971520" total="76546048" percent="27">
    <mem type="eden" free="1048464" total="26214400" percent="3" />
    <remembered-set count="68960" freebytes="2779648" totalbytes="3055488" percent="90" regionsoverflowed="0" regionsstable="0" regionsrebuilding="12"/>
  </mem-info>
</gc-start>
<allocation-stats totalBytes="25131096" >
  <allocated-bytes non-tlh="0" tlh="25131096" arrayletleaf="0"/>
  <largest-consumer threadName="main" threadId="000000000202A700" bytes="12565560" />
</allocation-stats>
<gc-op id="5943" type="copy forward" timems="1.499" contextid="5940" timestamp="2019-07-07T05:37:57.762">
  <memory-copied type="eden" objects="4" bytes="112" bytesdiscarded="0" />
  <memory-copied type="other" objects="0" bytes="0" bytesdiscarded="0" />
  <memory-cardclean objects="1" bytes="24" />
  <regions eden="24" other="1" />
  <remembered-set-cleared processed="66770" cleared="3" durationms="0.436" />
  <stringconstants candidates="13269" cleared="0"  />
</gc-op>
<gc-op id="5944" type="classunload" timems="0.003" contextid="5940" timestamp="2019-07-07T05:37:57.762">
  <classunload-info classloadercandidates="53" classloadersunloaded="0" classesunloaded="0" anonymousclassesunloaded="0" quiescems="0.000" setupms="0.003" scanms="0.000" postms="0.000" />
</gc-op>
<gc-end id="5945" type="partial gc" contextid="5940" durationms="2.616" usertimems="4.000" systemtimems="0.000" timestamp="2019-07-07T05:37:57.762" activeThreads="1">
  <mem-info id="5946" free="46137344" total="76546048" percent="60">
    <mem type="eden" free="1048464" total="1048576" percent="99" />
    <remembered-set count="69440" freebytes="2777728" totalbytes="3055488" percent="90" regionsoverflowed="0" regionsstable="0" regionsrebuilding="12"/>
  </mem-info>
</gc-end>
<cycle-end id="5947" type="partial gc" contextid="5940" timestamp="2019-07-07T05:37:57.762" />
  <attribute name="elasticGC enabled" value="1" />
  <attribute name= "numThreadsSpecified" value="1" />
  <attribute name="heapSize specified" value="0" />
  <attribute name="Current GC Util" value="146" />
  <attribute name= "Current Time Running" value="28562" />
  <attribute name ="GC Interval" value="0" />
  <attribute name="ProportionalT" value="63.000000" />
  <attribute name="ProportionalI" value="63.000000" />
  <attribute name="ProportionalH" value="63.000000" />
  <attribute name="Current Error" value="126.000000" />
  <attribute name="IntegralT" value="0.000000" />
  <attribute name="IntegralI" value="0.000000" />
  <attribute name="IntegralH" value="0.000000" />
  <attribute name="DerivativeT" value="inf" />
  <attribute name="DerivativeI" value="inf" />
  <attribute name="DerivativeH" value="inf" />
  <attribute name="Loop Time for DT" value="0.000000" />
  <attribute name="Output H" value="8388608"/>
  <attribute name="Output I" value="200"/>
  <attribute name="Output T" value="1"/>
  <attribute name="Target GC Util Change" value ="20.000000" />
  <attribute name="Current GC Util Change" value="146.000000"/>
  <attribute name="GC Util currently" value="146" />
  <attribute name="CPU Util currently" value="16139730701649" />
<exclusive-end id="5948" timestamp="2019-07-07T05:37:57.762" durationms="3.417" />

<exclusive-start id="5949" timestamp="2019-07-07T05:37:57.767" intervalms="7.618">
  <response-info timems="0.054" idlems="0.054" threads="0" lastid="000000000202A700" lastname="main" />
</exclusive-start>
<allocation-taxation id="5950" taxation-threshold="12582912" timestamp="2019-07-07T05:37:57.767" intervalms="7.732" />
<gc-start id="5951" type="global mark phase" contextid="5805" timestamp="2019-07-07T05:37:57.767">
  <mem-info id="5952" free="33554432" total="76546048" percent="43">
    <remembered-set count="68960" freebytes="2779648" totalbytes="3055488" percent="90" regionsoverflowed="0" regionsstable="0" regionsrebuilding="12"/>
  </mem-info>
</gc-start>
<gc-end id="5953" type="global mark phase" contextid="5805" durationms="0.134" usertimems="0.000" systemtimems="0.000" timestamp="2019-07-07T05:37:57.767" activeThreads="1">
  <mem-info id="5954" free="33554432" total="76546048" percent="43">
    <remembered-set count="68960" freebytes="2779648" totalbytes="3055488" percent="90" regionsoverflowed="0" regionsstable="0" regionsrebuilding="12"/>
  </mem-info>
</gc-end>
<concurrent-start id="5955" type="GMP work packet processing" contextid="5805" timestamp="2019-07-07T05:37:57.767">
  <concurrent-mark-start scanTarget="1048576" />
</concurrent-start>
<exclusive-end id="5956" timestamp="2019-07-07T05:37:57.768" durationms="0.855" />

<concurrent-end id="5957" type="GMP work packet processing" contextid="5805" timestamp="2019-07-07T05:37:57.768">
  <concurrent-mark-end bytesScanned="1085388" reasonForTermination="Work target met" />
</concurrent-end>

<exclusive-start id="5958" timestamp="2019-07-07T05:37:57.772" intervalms="4.971">
  <response-info timems="0.028" idlems="0.028" threads="0" lastid="000000000202A700" lastname="main" />
</exclusive-start>
<allocation-taxation id="5959" taxation-threshold="12582912" timestamp="2019-07-07T05:37:57.772" intervalms="4.900" />
<cycle-start id="5960" type="partial gc" contextid="0" timestamp="2019-07-07T05:37:57.772" intervalms="12.689" />
<gc-start id="5961" type="partial gc" contextid="5960" timestamp="2019-07-07T05:37:57.772">
  <mem-info id="5962" free="20971520" total="76546048" percent="27">
    <mem type="eden" free="1048464" total="26214400" percent="3" />
    <remembered-set count="76704" freebytes="2748672" totalbytes="3055488" percent="89" regionsoverflowed="0" regionsstable="0" regionsrebuilding="12"/>
  </mem-info>
</gc-start>
<allocation-stats totalBytes="25131120" >
  <allocated-bytes non-tlh="0" tlh="25131120" arrayletleaf="0"/>
  <largest-consumer threadName="main" threadId="000000000202A700" bytes="12565560" />
</allocation-stats>
<gc-op id="5963" type="copy forward" timems="2.925" contextid="5960" timestamp="2019-07-07T05:37:57.776">
  <memory-copied type="eden" objects="4" bytes="112" bytesdiscarded="0" />
  <memory-copied type="other" objects="0" bytes="0" bytesdiscarded="0" />
  <memory-cardclean objects="1" bytes="24" />
  <regions eden="24" other="1" />
  <remembered-set-cleared processed="73943" cleared="3" durationms="0.299" />
  <stringconstants candidates="13269" cleared="0"  />
</gc-op>
<gc-op id="5964" type="classunload" timems="0.003" contextid="5960" timestamp="2019-07-07T05:37:57.776">
  <classunload-info classloadercandidates="53" classloadersunloaded="0" classesunloaded="0" anonymousclassesunloaded="0" quiescems="0.000" setupms="0.003" scanms="0.000" postms="0.000" />
</gc-op>
<gc-end id="5965" type="partial gc" contextid="5960" durationms="4.221" usertimems="4.000" systemtimems="4.000" timestamp="2019-07-07T05:37:57.776" activeThreads="4">
  <mem-info id="5966" free="46137344" total="76546048" percent="60">
    <mem type="eden" free="1048464" total="1048576" percent="99" />
    <remembered-set count="76000" freebytes="2751488" totalbytes="3055488" percent="90" regionsoverflowed="0" regionsstable="0" regionsrebuilding="12"/>
  </mem-info>
</gc-end>
<cycle-end id="5967" type="partial gc" contextid="5960" timestamp="2019-07-07T05:37:57.776" />
  <attribute name="elasticGC enabled" value="1" />
  <attribute name= "numThreadsSpecified" value="4" />
  <attribute name="heapSize specified" value="0" />
  <attribute name="Current GC Util" value="160" />
  <attribute name= "Current Time Running" value="28575" />
  <attribute name ="GC Interval" value="0" />
  <attribute name="ProportionalT" value="70.000000" />
  <attribute name="ProportionalI" value="70.000000" />
  <attribute name="ProportionalH" value="70.000000" />
  <attribute name="Current Error" value="140.000000" />
  <attribute name="IntegralT" value="70.000000" />
  <attribute name="IntegralI" value="70.000000" />
  <attribute name="IntegralH" value="70.000000" />
  <attribute name="DerivativeT" value="110.000000" />
  <attribute name="DerivativeI" value="110.000000" />
  <attribute name="DerivativeH" value="110.000000" />
  <attribute name="Loop Time for DT" value="1.000000" />
  <attribute name="Output H" value="8388608"/>
  <attribute name="Output I" value="256"/>
  <attribute name="Output T" value="4"/>
  <attribute name="Target GC Util Change" value ="20.000000" />
  <attribute name="Current GC Util Change" value="160.000000"/>
  <attribute name="GC Util currently" value="160" />
  <attribute name="CPU Util currently" value="13780089080359" />
<exclusive-end id="5968" timestamp="2019-07-07T05:37:57.777" durationms="5.049" />

<exclusive-start id="5969" timestamp="2019-07-07T05:37:57.781" intervalms="9.170">
  <response-info timems="0.075" idlems="0.075" threads="0" lastid="000000000202A700" lastname="main" />
</exclusive-start>
<allocation-taxation id="5970" taxation-threshold="12582912" timestamp="2019-07-07T05:37:57.781" intervalms="9.236" />
<gc-start id="5971" type="global mark phase" contextid="5805" timestamp="2019-07-07T05:37:57.781">
  <mem-info id="5972" free="33554432" total="76546048" percent="43">
    <remembered-set count="76000" freebytes="2751488" totalbytes="3055488" percent="90" regionsoverflowed="0" regionsstable="0" regionsrebuilding="12"/>
  </mem-info>
</gc-start>
<gc-end id="5973" type="global mark phase" contextid="5805" durationms="0.225" usertimems="0.000" systemtimems="0.000" timestamp="2019-07-07T05:37:57.781" activeThreads="4">
  <mem-info id="5974" free="33554432" total="76546048" percent="43">
    <remembered-set count="76000" freebytes="2751488" totalbytes="3055488" percent="90" regionsoverflowed="0" regionsstable="0" regionsrebuilding="12"/>
  </mem-info>
</gc-end>
<concurrent-start id="5975" type="GMP work packet processing" contextid="5805" timestamp="2019-07-07T05:37:57.782">
  <concurrent-mark-start scanTarget="1263679" />
</concurrent-start>
<exclusive-end id="5976" timestamp="2019-07-07T05:37:57.782" durationms="1.008" />

<concurrent-end id="5977" type="GMP work packet processing" contextid="5805" timestamp="2019-07-07T05:37:57.783">
  <concurrent-mark-end bytesScanned="1318172" reasonForTermination="Work target met" />
</concurrent-end>

<exclusive-start id="5978" timestamp="2019-07-07T05:37:57.786" intervalms="5.171">
  <response-info timems="0.067" idlems="0.067" threads="0" lastid="000000000202A700" lastname="main" />
</exclusive-start>
<allocation-taxation id="5979" taxation-threshold="12582912" timestamp="2019-07-07T05:37:57.786" intervalms="5.102" />
<cycle-start id="5980" type="partial gc" contextid="0" timestamp="2019-07-07T05:37:57.786" intervalms="14.339" />
<gc-start id="5981" type="partial gc" contextid="5980" timestamp="2019-07-07T05:37:57.786">
  <mem-info id="5982" free="20971520" total="76546048" percent="27">
    <mem type="eden" free="1048464" total="26214400" percent="3" />
    <remembered-set count="88960" freebytes="2699648" totalbytes="3055488" percent="88" regionsoverflowed="0" regionsstable="0" regionsrebuilding="12"/>
  </mem-info>
</gc-start>
<allocation-stats totalBytes="25131096" >
  <allocated-bytes non-tlh="0" tlh="25131096" arrayletleaf="0"/>
  <largest-consumer threadName="main" threadId="000000000202A700" bytes="12565536" />
</allocation-stats>
<gc-op id="5983" type="copy forward" timems="1.935" contextid="5980" timestamp="2019-07-07T05:37:57.789">
  <memory-copied type="eden" objects="4" bytes="112" bytesdiscarded="0" />
  <memory-copied type="other" objects="0" bytes="0" bytesdiscarded="0" />
  <memory-cardclean objects="1" bytes="24" />
  <regions eden="24" other="1" />
  <remembered-set-cleared processed="86801" cleared="4" durationms="0.278" />
  <stringconstants candidates="13269" cleared="0"  />
</gc-op>
<gc-op id="5984" type="classunload" timems="0.003" contextid="5980" timestamp="2019-07-07T05:37:57.789">
  <classunload-info classloadercandidates="53" classloadersunloaded="0" classesunloaded="0" anonymousclassesunloaded="0" quiescems="0.000" setupms="0.003" scanms="0.000" postms="0.000" />
</gc-op>
<gc-end id="5985" type="partial gc" contextid="5980" durationms="3.064" usertimems="4.000" systemtimems="0.000" timestamp="2019-07-07T05:37:57.789" activeThreads="4">
  <mem-info id="5986" free="46137344" total="76546048" percent="60">
    <mem type="eden" free="1048464" total="1048576" percent="99" />
    <remembered-set count="88864" freebytes="2700032" totalbytes="3055488" percent="88" regionsoverflowed="0" regionsstable="0" regionsrebuilding="12"/>
  </mem-info>
</gc-end>
<cycle-end id="5987" type="partial gc" contextid="5980" timestamp="2019-07-07T05:37:57.790" />
  <attribute name="elasticGC enabled" value="1" />
  <attribute name= "numThreadsSpecified" value="4" />
  <attribute name="heapSize specified" value="0" />
  <attribute name="Current GC Util" value="49" />
  <attribute name= "Current Time Running" value="28589" />
  <attribute name ="GC Interval" value="0" />
  <attribute name="ProportionalT" value="14.500000" />
  <attribute name="ProportionalI" value="14.500000" />
  <attribute name="ProportionalH" value="14.500000" />
  <attribute name="Current Error" value="29.000000" />
  <attribute name="IntegralT" value="0.000000" />
  <attribute name="IntegralI" value="0.000000" />
  <attribute name="IntegralH" value="0.000000" />
  <attribute name="DerivativeT" value="-inf" />
  <attribute name="DerivativeI" value="-inf" />
  <attribute name="DerivativeH" value="-inf" />
  <attribute name="Loop Time for DT" value="0.000000" />
  <attribute name="Output H" value="2091843584"/>
  <attribute name="Output I" value="200"/>
  <attribute name="Output T" value="4"/>
  <attribute name="Target GC Util Change" value ="20.000000" />
  <attribute name="Current GC Util Change" value="49.000000"/>
  <attribute name="GC Util currently" value="49" />
  <attribute name="CPU Util currently" value="17260854087319" />
<exclusive-end id="5988" timestamp="2019-07-07T05:37:57.790" durationms="3.954" />

<exclusive-start id="5989" timestamp="2019-07-07T05:37:57.794" intervalms="8.196">
  <response-info timems="0.074" idlems="0.074" threads="0" lastid="000000000202A700" lastname="main" />
</exclusive-start>
<allocation-taxation id="5990" taxation-threshold="12582912" timestamp="2019-07-07T05:37:57.794" intervalms="8.261" />
<gc-start id="5991" type="global mark phase" contextid="5805" timestamp="2019-07-07T05:37:57.795">
  <mem-info id="5992" free="33554432" total="76546048" percent="43">
    <remembered-set count="88864" freebytes="2700032" totalbytes="3055488" percent="88" regionsoverflowed="0" regionsstable="0" regionsrebuilding="12"/>
  </mem-info>
</gc-start>
<gc-end id="5993" type="global mark phase" contextid="5805" durationms="0.223" usertimems="0.000" systemtimems="0.000" timestamp="2019-07-07T05:37:57.795" activeThreads="4">
  <mem-info id="5994" free="33554432" total="76546048" percent="43">
    <remembered-set count="88864" freebytes="2700032" totalbytes="3055488" percent="88" regionsoverflowed="0" regionsstable="0" regionsrebuilding="12"/>
  </mem-info>
</gc-end>
<concurrent-start id="5995" type="GMP work packet processing" contextid="5805" timestamp="2019-07-07T05:37:57.795">
  <concurrent-mark-start scanTarget="1263679" />
</concurrent-start>
<exclusive-end id="5996" timestamp="2019-07-07T05:37:57.795" durationms="1.012" />

<concurrent-end id="5997" type="GMP work packet processing" contextid="5805" timestamp="2019-07-07T05:37:57.796">
  <concurrent-mark-end bytesScanned="1313840" reasonForTermination="Work target met" />
</concurrent-end>

<exclusive-start id="5998" timestamp="2019-07-07T05:37:57.805" intervalms="11.115">
  <response-info timems="0.077" idlems="0.077" threads="0" lastid="000000000202A700" lastname="main" />
</exclusive-start>
<allocation-taxation id="5999" taxation-threshold="12582912" timestamp="2019-07-07T05:37:57.805" intervalms="11.056" />
<cycle-start id="6000" type="partial gc" contextid="0" timestamp="2019-07-07T05:37:57.806" intervalms="19.327" />
<gc-start id="6001" type="partial gc" contextid="6000" timestamp="2019-07-07T05:37:57.806">
  <mem-info id="6002" free="20971520" total="76546048" percent="27">
    <mem type="eden" free="1048464" total="26214400" percent="3" />
    <remembered-set count="96544" freebytes="2669312" totalbytes="3055488" percent="87" regionsoverflowed="0" regionsstable="0" regionsrebuilding="12"/>
  </mem-info>
</gc-start>
<allocation-stats totalBytes="25145496" >
  <allocated-bytes non-tlh="0" tlh="25145496" arrayletleaf="0"/>
  <largest-consumer threadName="main" threadId="000000000202A700" bytes="12579936" />
</allocation-stats>
<gc-op id="6003" type="copy forward" timems="1.794" contextid="6000" timestamp="2019-07-07T05:37:57.809">
  <memory-copied type="eden" objects="29" bytes="1040" bytesdiscarded="0" />
  <memory-copied type="other" objects="0" bytes="0" bytesdiscarded="0" />
  <memory-cardclean objects="97" bytes="3544" />
  <regions eden="24" other="1" />
  <remembered-set-cleared processed="94123" cleared="67" durationms="0.653" />
  <stringconstants candidates="13269" cleared="0"  />
</gc-op>
<gc-op id="6004" type="classunload" timems="0.004" contextid="6000" timestamp="2019-07-07T05:37:57.809">
  <classunload-info classloadercandidates="53" classloadersunloaded="0" classesunloaded="0" anonymousclassesunloaded="0" quiescems="0.000" setupms="0.004" scanms="0.000" postms="0.000" />
</gc-op>
<gc-end id="6005" type="partial gc" contextid="6000" durationms="3.141" usertimems="4.000" systemtimems="0.000" timestamp="2019-07-07T05:37:57.809" activeThreads="1">
  <mem-info id="6006" free="46137344" total="76546048" percent="60">
    <mem type="eden" free="1047536" total="1048576" percent="99" />
    <remembered-set count="96768" freebytes="2668416" totalbytes="3055488" percent="87" regionsoverflowed="0" regionsstable="0" regionsrebuilding="12"/>
  </mem-info>
</gc-end>
<cycle-end id="6007" type="partial gc" contextid="6000" timestamp="2019-07-07T05:37:57.809" />
  <attribute name="elasticGC enabled" value="1" />
  <attribute name= "numThreadsSpecified" value="1" />
  <attribute name="heapSize specified" value="0" />
  <attribute name="Current GC Util" value="160" />
  <attribute name= "Current Time Running" value="28608" />
  <attribute name ="GC Interval" value="0" />
  <attribute name="ProportionalT" value="70.000000" />
  <attribute name="ProportionalI" value="70.000000" />
  <attribute name="ProportionalH" value="70.000000" />
  <attribute name="Current Error" value="140.000000" />
  <attribute name="IntegralT" value="0.000000" />
  <attribute name="IntegralI" value="0.000000" />
  <attribute name="IntegralH" value="0.000000" />
  <attribute name="DerivativeT" value="inf" />
  <attribute name="DerivativeI" value="inf" />
  <attribute name="DerivativeH" value="inf" />
  <attribute name="Loop Time for DT" value="0.000000" />
  <attribute name="Output H" value="8388608"/>
  <attribute name="Output I" value="200"/>
  <attribute name="Output T" value="1"/>
  <attribute name="Target GC Util Change" value ="20.000000" />
  <attribute name="Current GC Util Change" value="160.000000"/>
  <attribute name="GC Util currently" value="160" />
  <attribute name="CPU Util currently" value="13212069157332" />
<exclusive-end id="6008" timestamp="2019-07-07T05:37:57.809" durationms="4.114" />

<exclusive-start id="6009" timestamp="2019-07-07T05:37:57.821" intervalms="15.754">
  <response-info timems="0.073" idlems="0.073" threads="0" lastid="000000000202A700" lastname="main" />
</exclusive-start>
<allocation-taxation id="6010" taxation-threshold="12582912" timestamp="2019-07-07T05:37:57.821" intervalms="15.831" />
<gc-start id="6011" type="global mark phase" contextid="5805" timestamp="2019-07-07T05:37:57.821">
  <mem-info id="6012" free="33554432" total="76546048" percent="43">
    <remembered-set count="96608" freebytes="2669056" totalbytes="3055488" percent="87" regionsoverflowed="0" regionsstable="0" regionsrebuilding="12"/>
  </mem-info>
</gc-start>
<gc-end id="6013" type="global mark phase" contextid="5805" durationms="0.145" usertimems="0.000" systemtimems="0.000" timestamp="2019-07-07T05:37:57.822" activeThreads="1">
  <mem-info id="6014" free="33554432" total="76546048" percent="43">
    <remembered-set count="96608" freebytes="2669056" totalbytes="3055488" percent="87" regionsoverflowed="0" regionsstable="0" regionsrebuilding="12"/>
  </mem-info>
</gc-end>
<concurrent-start id="6015" type="GMP work packet processing" contextid="5805" timestamp="2019-07-07T05:37:57.822">
  <concurrent-mark-start scanTarget="1048576" />
</concurrent-start>
<exclusive-end id="6016" timestamp="2019-07-07T05:37:57.822" durationms="0.860" />

<concurrent-end id="6017" type="GMP work packet processing" contextid="5805" timestamp="2019-07-07T05:37:57.822">
  <concurrent-mark-end bytesScanned="101728" reasonForTermination="Completed all work in GC phase" />
</concurrent-end>

<exclusive-start id="6018" timestamp="2019-07-07T05:37:57.839" intervalms="17.470">
  <response-info timems="0.154" idlems="0.154" threads="0" lastid="000000000202A700" lastname="main" />
</exclusive-start>
<allocation-taxation id="6019" taxation-threshold="12582912" timestamp="2019-07-07T05:37:57.839" intervalms="17.384" />
<cycle-start id="6020" type="partial gc" contextid="0" timestamp="2019-07-07T05:37:57.839" intervalms="33.202" />
<gc-start id="6021" type="partial gc" contextid="6020" timestamp="2019-07-07T05:37:57.839">
  <mem-info id="6022" free="20971520" total="76546048" percent="27">
    <mem type="eden" free="0" total="25165824" percent="0" />
    <remembered-set count="97184" freebytes="2666752" totalbytes="3055488" percent="87" regionsoverflowed="0" regionsstable="0" regionsrebuilding="12"/>
  </mem-info>
</gc-start>
<allocation-stats totalBytes="25163896" >
  <allocated-bytes non-tlh="0" tlh="25163896" arrayletleaf="0"/>
  <largest-consumer threadName="main" threadId="000000000202A700" bytes="12581432" />
</allocation-stats>
<gc-op id="6023" type="copy forward" timems="3.506" contextid="6020" timestamp="2019-07-07T05:37:57.843">
  <memory-copied type="eden" objects="23" bytes="736" bytesdiscarded="0" />
  <memory-copied type="other" objects="14" bytes="536" bytesdiscarded="624" />
  <memory-cardclean objects="109" bytes="3592" />
  <regions eden="24" other="1" />
  <remembered-set-cleared processed="94522" cleared="71" durationms="0.331" />
  <stringconstants candidates="13269" cleared="0"  />
</gc-op>
<gc-op id="6024" type="classunload" timems="0.004" contextid="6020" timestamp="2019-07-07T05:37:57.843">
  <classunload-info classloadercandidates="53" classloadersunloaded="0" classesunloaded="0" anonymousclassesunloaded="0" quiescems="0.000" setupms="0.004" scanms="0.000" postms="0.000" />
</gc-op>
<gc-end id="6025" type="partial gc" contextid="6020" durationms="4.705" usertimems="12.000" systemtimems="0.000" timestamp="2019-07-07T05:37:57.844" activeThreads="4">
  <mem-info id="6026" free="45088768" total="76546048" percent="58">
    <mem type="eden" free="1047840" total="1048576" percent="99" />
    <remembered-set count="96960" freebytes="2667648" totalbytes="3055488" percent="87" regionsoverflowed="0" regionsstable="0" regionsrebuilding="12"/>
  </mem-info>
</gc-end>
<cycle-end id="6027" type="partial gc" contextid="6020" timestamp="2019-07-07T05:37:57.844" />
  <attribute name="elasticGC enabled" value="1" />
  <attribute name= "numThreadsSpecified" value="4" />
  <attribute name="heapSize specified" value="0" />
  <attribute name="Current GC Util" value="163" />
  <attribute name= "Current Time Running" value="28642" />
  <attribute name ="GC Interval" value="0" />
  <attribute name="ProportionalT" value="71.500000" />
  <attribute name="ProportionalI" value="71.500000" />
  <attribute name="ProportionalH" value="71.500000" />
  <attribute name="Current Error" value="143.000000" />
  <attribute name="IntegralT" value="71.500000" />
  <attribute name="IntegralI" value="71.500000" />
  <attribute name="IntegralH" value="71.500000" />
  <attribute name="DerivativeT" value="143.000000" />
  <attribute name="DerivativeI" value="143.000000" />
  <attribute name="DerivativeH" value="143.000000" />
  <attribute name="Loop Time for DT" value="1.000000" />
  <attribute name="Output H" value="8388608"/>
  <attribute name="Output I" value="288"/>
  <attribute name="Output T" value="4"/>
  <attribute name="Target GC Util Change" value ="20.000000" />
  <attribute name="Current GC Util Change" value="163.000000"/>
  <attribute name="GC Util currently" value="163" />
  <attribute name="CPU Util currently" value="13682782171178" />
<exclusive-end id="6028" timestamp="2019-07-07T05:37:57.844" durationms="5.608" />

<exclusive-start id="6029" timestamp="2019-07-07T05:37:57.861" intervalms="22.414">
  <response-info timems="0.088" idlems="0.088" threads="0" lastid="000000000202A700" lastname="main" />
</exclusive-start>
<allocation-taxation id="6030" taxation-threshold="12582912" timestamp="2019-07-07T05:37:57.861" intervalms="22.498" />
<gc-start id="6031" type="global mark phase" contextid="5805" timestamp="2019-07-07T05:37:57.861">
  <mem-info id="6032" free="32505856" total="76546048" percent="42">
    <remembered-set count="96032" freebytes="2671360" totalbytes="3055488" percent="87" regionsoverflowed="0" regionsstable="1" regionsrebuilding="12"/>
  </mem-info>
</gc-start>
<gc-op id="6033" type="mark increment" timems="3.384" contextid="5805" timestamp="2019-07-07T05:37:57.865">
  <trace-info objectcount="43" scancount="43" scanbytes="345456" />
  <cardclean-info objects="66027" bytes="2054312" />
  <finalization candidates="80" enqueued="0" />
  <ownableSynchronizers candidates="22" cleared="0" />
  <references type="soft" candidates="1854" cleared="0" enqueued="0" dynamicThreshold="18" maxThreshold="32" />
  <references type="weak" candidates="5726" cleared="0" enqueued="0" />
  <references type="phantom" candidates="101" cleared="0" enqueued="0" />
  <stringconstants candidates="13269" cleared="0"  />
</gc-op>
<gc-op id="6034" type="classunload" timems="0.004" contextid="5805" timestamp="2019-07-07T05:37:57.865">
  <classunload-info classloadercandidates="53" classloadersunloaded="0" classesunloaded="0" anonymousclassesunloaded="0" quiescems="0.000" setupms="0.004" scanms="0.000" postms="0.000" />
</gc-op>
<gc-end id="6035" type="global mark phase" contextid="5805" durationms="3.846" usertimems="8.000" systemtimems="0.000" timestamp="2019-07-07T05:37:57.865" activeThreads="4">
  <mem-info id="6036" free="32505856" total="76546048" percent="42">
    <remembered-set count="106784" freebytes="2628352" totalbytes="3055488" percent="86" regionsoverflowed="0" regionsstable="1" regionsrebuilding="0"/>
  </mem-info>
</gc-end>
<cycle-end id="6037" type="global mark phase" contextid="5805" timestamp="2019-07-07T05:37:57.865" />
  <attribute name="elasticGC enabled" value="1" />
  <attribute name= "numThreadsSpecified" value="4" />
  <attribute name="heapSize specified" value="0" />
  <attribute name="Current GC Util" value="94" />
  <attribute name= "Current Time Running" value="28666" />
  <attribute name ="GC Interval" value="0" />
  <attribute name="ProportionalT" value="37.000000" />
  <attribute name="ProportionalI" value="37.000000" />
  <attribute name="ProportionalH" value="37.000000" />
  <attribute name="Current Error" value="74.000000" />
  <attribute name="IntegralT" value="37.000000" />
  <attribute name="IntegralI" value="37.000000" />
  <attribute name="IntegralH" value="37.000000" />
  <attribute name="DerivativeT" value="-139.000000" />
  <attribute name="DerivativeI" value="-139.000000" />
  <attribute name="DerivativeH" value="-139.000000" />
  <attribute name="Loop Time for DT" value="1.000000" />
  <attribute name="Output H" value="2091843584"/>
  <attribute name="Output I" value="200"/>
  <attribute name="Output T" value="4"/>
  <attribute name="Target GC Util Change" value ="20.000000" />
  <attribute name="Current GC Util Change" value="94.000000"/>
  <attribute name="GC Util currently" value="94" />
  <attribute name="CPU Util currently" value="13255665949883" />
<exclusive-end id="6038" timestamp="2019-07-07T05:37:57.866" durationms="4.637" />

<exclusive-start id="6039" timestamp="2019-07-07T05:37:58.034" intervalms="172.666">
  <response-info timems="0.073" idlems="0.073" threads="0" lastid="000000000202A700" lastname="main" />
</exclusive-start>
<allocation-taxation id="6040" taxation-threshold="12582912" timestamp="2019-07-07T05:37:58.034" intervalms="172.710" />
<cycle-start id="6041" type="partial gc" contextid="0" timestamp="2019-07-07T05:37:58.034" intervalms="195.282" />
<gc-start id="6042" type="partial gc" contextid="6041" timestamp="2019-07-07T05:37:58.034">
  <mem-info id="6043" free="19922944" total="76546048" percent="26">
    <mem type="eden" free="0" total="25165824" percent="0" />
    <remembered-set count="5120" freebytes="3035008" totalbytes="3055488" percent="99" regionsoverflowed="0" regionsstable="13" regionsrebuilding="0"/>
  </mem-info>
</gc-start>
<allocation-stats totalBytes="25150256" >
  <allocated-bytes non-tlh="0" tlh="25150256" arrayletleaf="0"/>
  <largest-consumer threadName="main" threadId="000000000202A700" bytes="12569200" />
</allocation-stats>
<gc-op id="6044" type="sweep" timems="0.988" contextid="6041" timestamp="2019-07-07T05:37:58.036" />
<gc-op id="6045" type="copy forward" timems="1.039" contextid="6041" timestamp="2019-07-07T05:37:58.038">
  <memory-copied type="eden" objects="68" bytes="2904" bytesdiscarded="0" />
  <memory-copied type="other" objects="6" bytes="144" bytesdiscarded="0" />
  <memory-cardclean objects="81" bytes="2656" />
  <regions eden="12" other="2" />
  <remembered-set-cleared processed="3063" cleared="6" durationms="0.128" />
  <stringconstants candidates="13269" cleared="0"  />
</gc-op>
<gc-op id="6046" type="classunload" timems="0.004" contextid="6041" timestamp="2019-07-07T05:37:58.038">
  <classunload-info classloadercandidates="53" classloadersunloaded="0" classesunloaded="0" anonymousclassesunloaded="0" quiescems="0.000" setupms="0.003" scanms="0.000" postms="0.000" />
</gc-op>
<gc-end id="6047" type="partial gc" contextid="6041" durationms="3.753" usertimems="4.000" systemtimems="0.000" timestamp="2019-07-07T05:37:58.038" activeThreads="1">
  <mem-info id="6048" free="44040192" total="76546048" percent="57">
    <mem type="eden" free="1045672" total="1048576" percent="99" />
    <remembered-set count="5568" freebytes="3033216" totalbytes="3055488" percent="99" regionsoverflowed="0" regionsstable="13" regionsrebuilding="0"/>
  </mem-info>
</gc-end>
<cycle-end id="6049" type="partial gc" contextid="6041" timestamp="2019-07-07T05:37:58.038" />
  <attribute name="elasticGC enabled" value="1" />
  <attribute name= "numThreadsSpecified" value="1" />
  <attribute name="heapSize specified" value="0" />
  <attribute name="Current GC Util" value="161" />
  <attribute name= "Current Time Running" value="28838" />
  <attribute name ="GC Interval" value="0" />
  <attribute name="ProportionalT" value="70.500000" />
  <attribute name="ProportionalI" value="70.500000" />
  <attribute name="ProportionalH" value="70.500000" />
  <attribute name="Current Error" value="141.000000" />
  <attribute name="IntegralT" value="0.000000" />
  <attribute name="IntegralI" value="0.000000" />
  <attribute name="IntegralH" value="0.000000" />
  <attribute name="DerivativeT" value="inf" />
  <attribute name="DerivativeI" value="inf" />
  <attribute name="DerivativeH" value="inf" />
  <attribute name="Loop Time for DT" value="0.000000" />
  <attribute name="Output H" value="8388608"/>
  <attribute name="Output I" value="200"/>
  <attribute name="Output T" value="1"/>
  <attribute name="Target GC Util Change" value ="20.000000" />
  <attribute name="Current GC Util Change" value="161.000000"/>
  <attribute name="GC Util currently" value="161" />
  <attribute name="CPU Util currently" value="13106444395699" />
<exclusive-end id="6050" timestamp="2019-07-07T05:37:58.039" durationms="4.962" />

<exclusive-start id="6051" timestamp="2019-07-07T05:37:58.043" intervalms="9.557">
  <response-info timems="0.078" idlems="0.078" threads="0" lastid="000000000202A700" lastname="main" />
</exclusive-start>
<allocation-taxation id="6052" taxation-threshold="12582912" timestamp="2019-07-07T05:37:58.043" intervalms="9.530" />
<cycle-start id="6053" type="global mark phase" contextid="0" timestamp="2019-07-07T05:37:58.045" intervalms="442.227" />
<gc-start id="6054" type="global mark phase" contextid="6053" timestamp="2019-07-07T05:37:58.045">
  <mem-info id="6055" free="31457280" total="76546048" percent="41">
    <remembered-set count="5120" freebytes="3035008" totalbytes="3055488" percent="99" regionsoverflowed="0" regionsstable="13" regionsrebuilding="0"/>
  </mem-info>
</gc-start>
<gc-op id="6056" type="mark increment" timems="0.995" contextid="6053" timestamp="2019-07-07T05:37:58.046">
  <trace-info objectcount="182" scancount="0" scanbytes="0" />
</gc-op>
<gc-end id="6057" type="global mark phase" contextid="6053" durationms="1.303" usertimems="0.000" systemtimems="0.000" timestamp="2019-07-07T05:37:58.046" activeThreads="1">
  <mem-info id="6058" free="31457280" total="76546048" percent="41">
    <remembered-set count="5120" freebytes="3035008" totalbytes="3055488" percent="99" regionsoverflowed="0" regionsstable="0" regionsrebuilding="13"/>
  </mem-info>
</gc-end>
<concurrent-start id="6059" type="GMP work packet processing" contextid="6053" timestamp="2019-07-07T05:37:58.046">
  <concurrent-mark-start scanTarget="1048576" />
</concurrent-start>
<exclusive-end id="6060" timestamp="2019-07-07T05:37:58.047" durationms="3.399" />

<concurrent-end id="6061" type="GMP work packet processing" contextid="6053" timestamp="2019-07-07T05:37:58.050">
  <concurrent-mark-end bytesScanned="1098468" reasonForTermination="Work target met" />
</concurrent-end>

<exclusive-start id="6062" timestamp="2019-07-07T05:37:58.051" intervalms="8.290">
  <response-info timems="0.073" idlems="0.073" threads="0" lastid="000000000202A700" lastname="main" />
</exclusive-start>
<allocation-taxation id="6063" taxation-threshold="12582912" timestamp="2019-07-07T05:37:58.052" intervalms="8.287" />
<cycle-start id="6064" type="partial gc" contextid="0" timestamp="2019-07-07T05:37:58.052" intervalms="17.776" />
<gc-start id="6065" type="partial gc" contextid="6064" timestamp="2019-07-07T05:37:58.052">
  <mem-info id="6066" free="18874368" total="76546048" percent="24">
    <mem type="eden" free="0" total="25165824" percent="0" />
    <remembered-set count="15584" freebytes="2993152" totalbytes="3055488" percent="97" regionsoverflowed="0" regionsstable="0" regionsrebuilding="13"/>
  </mem-info>
</gc-start>
<allocation-stats totalBytes="25071200" >
  <allocated-bytes non-tlh="0" tlh="25071200" arrayletleaf="0"/>
  <largest-consumer threadName="main" threadId="000000000202A700" bytes="12536832" />
</allocation-stats>
<gc-op id="6067" type="copy forward" timems="3.329" contextid="6064" timestamp="2019-07-07T05:37:58.056">
  <memory-copied type="eden" objects="1" bytes="32" bytesdiscarded="0" />
  <memory-copied type="other" objects="39668" bytes="925264" bytesdiscarded="33744" />
  <memory-cardclean objects="3111" bytes="225752" />
  <regions eden="24" other="8" />
  <remembered-set-cleared processed="13687" cleared="405" durationms="0.127" />
  <references type="soft" candidates="2" cleared="0" enqueued="0" dynamicThreshold="13" maxThreshold="32" />
  <references type="weak" candidates="93" cleared="0" enqueued="0" />
  <stringconstants candidates="13269" cleared="0"  />
</gc-op>
<gc-op id="6068" type="classunload" timems="0.005" contextid="6064" timestamp="2019-07-07T05:37:58.056">
  <classunload-info classloadercandidates="53" classloadersunloaded="0" classesunloaded="0" anonymousclassesunloaded="0" quiescems="0.000" setupms="0.005" scanms="0.000" postms="0.000" />
</gc-op>
<heap-resize id="6069" type="contract" space="default" amount="3145728" count="1" timems="0.211" reason="excess free space following gc" timestamp="2019-07-07T05:37:58.057" />
<gc-end id="6070" type="partial gc" contextid="6064" durationms="5.052" usertimems="8.000" systemtimems="0.000" timestamp="2019-07-07T05:37:58.057" activeThreads="4">
  <mem-info id="6071" free="45088768" total="73400320" percent="61">
    <mem type="eden" free="1048544" total="1048576" percent="99" />
    <remembered-set count="17600" freebytes="2985088" totalbytes="3055488" percent="97" regionsoverflowed="0" regionsstable="0" regionsrebuilding="13"/>
  </mem-info>
</gc-end>
<cycle-end id="6072" type="partial gc" contextid="6064" timestamp="2019-07-07T05:37:58.057" />
  <attribute name="elasticGC enabled" value="1" />
  <attribute name= "numThreadsSpecified" value="4" />
  <attribute name="heapSize specified" value="0" />
  <attribute name="Current GC Util" value="163" />
  <attribute name= "Current Time Running" value="28855" />
  <attribute name ="GC Interval" value="0" />
  <attribute name="ProportionalT" value="71.500000" />
  <attribute name="ProportionalI" value="71.500000" />
  <attribute name="ProportionalH" value="71.500000" />
  <attribute name="Current Error" value="143.000000" />
  <attribute name="IntegralT" value="71.500000" />
  <attribute name="IntegralI" value="71.500000" />
  <attribute name="IntegralH" value="71.500000" />
  <attribute name="DerivativeT" value="69.000000" />
  <attribute name="DerivativeI" value="69.000000" />
  <attribute name="DerivativeH" value="69.000000" />
  <attribute name="Loop Time for DT" value="1.000000" />
  <attribute name="Output H" value="8388608"/>
  <attribute name="Output I" value="216"/>
  <attribute name="Output T" value="4"/>
  <attribute name="Target GC Util Change" value ="20.000000" />
  <attribute name="Current GC Util Change" value="163.000000"/>
  <attribute name="GC Util currently" value="163" />
  <attribute name="CPU Util currently" value="12453682891694" />
<exclusive-end id="6073" timestamp="2019-07-07T05:37:58.058" durationms="6.091" />

<exclusive-start id="6074" timestamp="2019-07-07T05:37:58.062" intervalms="10.956">
  <response-info timems="0.084" idlems="0.084" threads="0" lastid="000000000202A700" lastname="main" />
</exclusive-start>
<allocation-taxation id="6075" taxation-threshold="12582912" timestamp="2019-07-07T05:37:58.063" intervalms="10.981" />
<gc-start id="6076" type="global mark phase" contextid="6053" timestamp="2019-07-07T05:37:58.063">
  <mem-info id="6077" free="32505856" total="73400320" percent="44">
    <remembered-set count="17120" freebytes="2987008" totalbytes="3055488" percent="97" regionsoverflowed="0" regionsstable="0" regionsrebuilding="13"/>
  </mem-info>
</gc-start>
<gc-end id="6078" type="global mark phase" contextid="6053" durationms="0.235" usertimems="0.000" systemtimems="0.000" timestamp="2019-07-07T05:37:58.063" activeThreads="4">
  <mem-info id="6079" free="32505856" total="73400320" percent="44">
    <remembered-set count="17120" freebytes="2987008" totalbytes="3055488" percent="97" regionsoverflowed="0" regionsstable="0" regionsrebuilding="13"/>
  </mem-info>
</gc-end>
<concurrent-start id="6080" type="GMP work packet processing" contextid="6053" timestamp="2019-07-07T05:37:58.063">
  <concurrent-mark-start scanTarget="1350266" />
</concurrent-start>
<exclusive-end id="6081" timestamp="2019-07-07T05:37:58.063" durationms="1.079" />

<concurrent-end id="6082" type="GMP work packet processing" contextid="6053" timestamp="2019-07-07T05:37:58.065">
  <concurrent-mark-end bytesScanned="1427268" reasonForTermination="Work target met" />
</concurrent-end>

<exclusive-start id="6083" timestamp="2019-07-07T05:37:58.068" intervalms="5.719">
  <response-info timems="0.071" idlems="0.071" threads="0" lastid="000000000202A700" lastname="main" />
</exclusive-start>
<allocation-taxation id="6084" taxation-threshold="12582912" timestamp="2019-07-07T05:37:58.068" intervalms="5.656" />
<cycle-start id="6085" type="partial gc" contextid="0" timestamp="2019-07-07T05:37:58.068" intervalms="16.706" />
<gc-start id="6086" type="partial gc" contextid="6085" timestamp="2019-07-07T05:37:58.069">
  <mem-info id="6087" free="19922944" total="73400320" percent="27">
    <mem type="eden" free="1048544" total="26214400" percent="3" />
    <remembered-set count="29088" freebytes="2939136" totalbytes="3055488" percent="96" regionsoverflowed="0" regionsstable="0" regionsrebuilding="13"/>
  </mem-info>
</gc-start>
<allocation-stats totalBytes="25071200" >
  <allocated-bytes non-tlh="0" tlh="25071200" arrayletleaf="0"/>
  <largest-consumer threadName="main" threadId="000000000202A700" bytes="12536832" />
</allocation-stats>
<gc-op id="6088" type="copy forward" timems="7.032" contextid="6085" timestamp="2019-07-07T05:37:58.077">
  <memory-copied type="eden" objects="1" bytes="32" bytesdiscarded="0" />
  <memory-copied type="other" objects="36658" bytes="910744" bytesdiscarded="24" />
  <memory-cardclean objects="29148" bytes="1298512" />
  <regions eden="24" other="4" />
  <remembered-set-cleared processed="20818" cleared="8571" durationms="0.314" />
  <references type="soft" candidates="45" cleared="0" enqueued="0" dynamicThreshold="14" maxThreshold="32" />
  <references type="weak" candidates="228" cleared="0" enqueued="0" />
  <stringconstants candidates="13269" cleared="0"  />
</gc-op>
<gc-op id="6089" type="classunload" timems="0.005" contextid="6085" timestamp="2019-07-07T05:37:58.077">
  <classunload-info classloadercandidates="53" classloadersunloaded="0" classesunloaded="0" anonymousclassesunloaded="0" quiescems="0.000" setupms="0.005" scanms="0.000" postms="0.000" />
</gc-op>
<heap-resize id="6090" type="contract" space="default" amount="3145728" count="1" timems="0.227" reason="excess free space following gc" timestamp="2019-07-07T05:37:58.077" />
<gc-end id="6091" type="partial gc" contextid="6085" durationms="8.907" usertimems="8.000" systemtimems="0.000" timestamp="2019-07-07T05:37:58.078" activeThreads="1">
  <mem-info id="6092" free="42991616" total="70254592" percent="61">
    <mem type="eden" free="1048544" total="1048576" percent="99" />
    <remembered-set count="23648" freebytes="2835328" totalbytes="2929920" percent="96" regionsoverflowed="0" regionsstable="0" regionsrebuilding="13"/>
  </mem-info>
</gc-end>
<cycle-end id="6093" type="partial gc" contextid="6085" timestamp="2019-07-07T05:37:58.078" />
  <attribute name="elasticGC enabled" value="1" />
  <attribute name= "numThreadsSpecified" value="1" />
  <attribute name="heapSize specified" value="0" />
  <attribute name="Current GC Util" value="39" />
  <attribute name= "Current Time Running" value="28872" />
  <attribute name ="GC Interval" value="0" />
  <attribute name="ProportionalT" value="9.500000" />
  <attribute name="ProportionalI" value="9.500000" />
  <attribute name="ProportionalH" value="9.500000" />
  <attribute name="Current Error" value="19.000000" />
  <attribute name="IntegralT" value="9.500000" />
  <attribute name="IntegralI" value="9.500000" />
  <attribute name="IntegralH" value="9.500000" />
  <attribute name="DerivativeT" value="-22.000000" />
  <attribute name="DerivativeI" value="-22.000000" />
  <attribute name="DerivativeH" value="-22.000000" />
  <attribute name="Loop Time for DT" value="1.000000" />
  <attribute name="Output H" value="8388608"/>
  <attribute name="Output I" value="200"/>
  <attribute name="Output T" value="1"/>
  <attribute name="Target GC Util Change" value ="20.000000" />
  <attribute name="Current GC Util Change" value="39.000000"/>
  <attribute name="GC Util currently" value="39" />
  <attribute name="CPU Util currently" value="9888534030638" />
<exclusive-end id="6094" timestamp="2019-07-07T05:37:58.078" durationms="9.994" />

<exclusive-start id="6095" timestamp="2019-07-07T05:37:58.082" intervalms="14.181">
  <response-info timems="0.072" idlems="0.072" threads="0" lastid="000000000202A700" lastname="main" />
</exclusive-start>
<allocation-taxation id="6096" taxation-threshold="11534336" timestamp="2019-07-07T05:37:58.082" intervalms="14.182" />
<gc-start id="6097" type="global mark phase" contextid="6053" timestamp="2019-07-07T05:37:58.083">
  <mem-info id="6098" free="31457280" total="70254592" percent="44">
    <remembered-set count="23584" freebytes="2835584" totalbytes="2929920" percent="96" regionsoverflowed="0" regionsstable="0" regionsrebuilding="13"/>
  </mem-info>
</gc-start>
<gc-end id="6099" type="global mark phase" contextid="6053" durationms="0.220" usertimems="0.000" systemtimems="0.000" timestamp="2019-07-07T05:37:58.083" activeThreads="1">
  <mem-info id="6100" free="31457280" total="70254592" percent="44">
    <remembered-set count="23584" freebytes="2835584" totalbytes="2929920" percent="96" regionsoverflowed="0" regionsstable="0" regionsrebuilding="13"/>
  </mem-info>
</gc-end>
<concurrent-start id="6101" type="GMP work packet processing" contextid="6053" timestamp="2019-07-07T05:37:58.083">
  <concurrent-mark-start scanTarget="1048576" />
</concurrent-start>
<exclusive-end id="6102" timestamp="2019-07-07T05:37:58.083" durationms="0.865" />

<concurrent-end id="6103" type="GMP work packet processing" contextid="6053" timestamp="2019-07-07T05:37:58.084">
  <concurrent-mark-end bytesScanned="1078340" reasonForTermination="Work target met" />
</concurrent-end>

<exclusive-start id="6104" timestamp="2019-07-07T05:37:58.087" intervalms="4.932">
  <response-info timems="0.068" idlems="0.068" threads="0" lastid="000000000202A700" lastname="main" />
</exclusive-start>
<allocation-taxation id="6105" taxation-threshold="11534336" timestamp="2019-07-07T05:37:58.087" intervalms="4.926" />
<cycle-start id="6106" type="partial gc" contextid="0" timestamp="2019-07-07T05:37:58.088" intervalms="19.022" />
<gc-start id="6107" type="partial gc" contextid="6106" timestamp="2019-07-07T05:37:58.088">
  <mem-info id="6108" free="19922944" total="70254592" percent="28">
    <mem type="eden" free="1048544" total="24117248" percent="4" />
    <remembered-set count="33056" freebytes="2797696" totalbytes="2929920" percent="95" regionsoverflowed="0" regionsstable="0" regionsrebuilding="13"/>
  </mem-info>
</gc-start>
<allocation-stats totalBytes="22989864" >
  <allocated-bytes non-tlh="0" tlh="22989864" arrayletleaf="0"/>
  <largest-consumer threadName="main" threadId="000000000202A700" bytes="11496584" />
</allocation-stats>
<gc-op id="6109" type="copy forward" timems="2.596" contextid="6106" timestamp="2019-07-07T05:37:58.091">
  <memory-copied type="eden" objects="2" bytes="56" bytesdiscarded="0" />
  <memory-copied type="other" objects="7" bytes="168" bytesdiscarded="1440" />
  <memory-cardclean objects="24103" bytes="969808" />
  <regions eden="22" other="2" />
  <remembered-set-cleared processed="27802" cleared="6532" durationms="0.180" />
  <stringconstants candidates="13269" cleared="0"  />
</gc-op>
<gc-op id="6110" type="classunload" timems="0.004" contextid="6106" timestamp="2019-07-07T05:37:58.091">
  <classunload-info classloadercandidates="53" classloadersunloaded="0" classesunloaded="0" anonymousclassesunloaded="0" quiescems="0.000" setupms="0.004" scanms="0.000" postms="0.000" />
</gc-op>
<gc-end id="6111" type="partial gc" contextid="6106" durationms="3.924" usertimems="4.000" systemtimems="0.000" timestamp="2019-07-07T05:37:58.092" activeThreads="4">
  <mem-info id="6112" free="42991616" total="70254592" percent="61">
    <mem type="eden" free="1048520" total="1048576" percent="99" />
    <remembered-set count="28864" freebytes="2688896" totalbytes="2804352" percent="95" regionsoverflowed="0" regionsstable="0" regionsrebuilding="13"/>
  </mem-info>
</gc-end>
<cycle-end id="6113" type="partial gc" contextid="6106" timestamp="2019-07-07T05:37:58.092" />
  <attribute name="elasticGC enabled" value="1" />
  <attribute name= "numThreadsSpecified" value="4" />
  <attribute name="heapSize specified" value="0" />
  <attribute name="Current GC Util" value="34" />
  <attribute name= "Current Time Running" value="28890" />
  <attribute name ="GC Interval" value="0" />
  <attribute name="ProportionalT" value="7.000000" />
  <attribute name="ProportionalI" value="7.000000" />
  <attribute name="ProportionalH" value="7.000000" />
  <attribute name="Current Error" value="14.000000" />
  <attribute name="IntegralT" value="0.000000" />
  <attribute name="IntegralI" value="0.000000" />
  <attribute name="IntegralH" value="0.000000" />
  <attribute name="DerivativeT" value="-inf" />
  <attribute name="DerivativeI" value="-inf" />
  <attribute name="DerivativeH" value="-inf" />
  <attribute name="Loop Time for DT" value="0.000000" />
  <attribute name="Output H" value="2091843584"/>
  <attribute name="Output I" value="200"/>
  <attribute name="Output T" value="4"/>
  <attribute name="Target GC Util Change" value ="20.000000" />
  <attribute name="Current GC Util Change" value="34.000000"/>
  <attribute name="GC Util currently" value="34" />
  <attribute name="CPU Util currently" value="11342991315103" />
<exclusive-end id="6114" timestamp="2019-07-07T05:37:58.092" durationms="4.869" />

<exclusive-start id="6115" timestamp="2019-07-07T05:37:58.096" intervalms="9.016">
  <response-info timems="0.076" idlems="0.076" threads="0" lastid="000000000202A700" lastname="main" />
</exclusive-start>
<allocation-taxation id="6116" taxation-threshold="11534336" timestamp="2019-07-07T05:37:58.096" intervalms="9.022" />
<gc-start id="6117" type="global mark phase" contextid="6053" timestamp="2019-07-07T05:37:58.097">
  <mem-info id="6118" free="31457280" total="70254592" percent="44">
    <remembered-set count="28800" freebytes="2689152" totalbytes="2804352" percent="95" regionsoverflowed="0" regionsstable="0" regionsrebuilding="13"/>
  </mem-info>
</gc-start>
<gc-end id="6119" type="global mark phase" contextid="6053" durationms="0.144" usertimems="0.000" systemtimems="0.000" timestamp="2019-07-07T05:37:58.097" activeThreads="4">
  <mem-info id="6120" free="31457280" total="70254592" percent="44">
    <remembered-set count="28800" freebytes="2689152" totalbytes="2804352" percent="95" regionsoverflowed="0" regionsstable="0" regionsrebuilding="13"/>
  </mem-info>
</gc-end>
<concurrent-start id="6121" type="GMP work packet processing" contextid="6053" timestamp="2019-07-07T05:37:58.097">
  <concurrent-mark-start scanTarget="1350266" />
</concurrent-start>
<exclusive-end id="6122" timestamp="2019-07-07T05:37:58.097" durationms="0.832" />

<concurrent-end id="6123" type="GMP work packet processing" contextid="6053" timestamp="2019-07-07T05:37:58.098">
  <concurrent-mark-end bytesScanned="1399628" reasonForTermination="Work target met" />
</concurrent-end>

<exclusive-start id="6124" timestamp="2019-07-07T05:37:58.102" intervalms="5.591">
  <response-info timems="0.063" idlems="0.063" threads="0" lastid="000000000202A700" lastname="main" />
</exclusive-start>
<allocation-taxation id="6125" taxation-threshold="11534336" timestamp="2019-07-07T05:37:58.102" intervalms="5.533" />
<cycle-start id="6126" type="partial gc" contextid="0" timestamp="2019-07-07T05:37:58.102" intervalms="14.556" />
<gc-start id="6127" type="partial gc" contextid="6126" timestamp="2019-07-07T05:37:58.102">
  <mem-info id="6128" free="19922944" total="70254592" percent="28">
    <mem type="eden" free="1048520" total="24117248" percent="4" />
    <remembered-set count="40896" freebytes="2640768" totalbytes="2804352" percent="94" regionsoverflowed="0" regionsstable="0" regionsrebuilding="13"/>
  </mem-info>
</gc-start>
<allocation-stats totalBytes="22990680" >
  <allocated-bytes non-tlh="0" tlh="22990680" arrayletleaf="0"/>
  <largest-consumer threadName="main" threadId="000000000202A700" bytes="11496560" />
</allocation-stats>
<gc-op id="6129" type="copy forward" timems="1.291" contextid="6126" timestamp="2019-07-07T05:37:58.104">
  <memory-copied type="eden" objects="2" bytes="56" bytesdiscarded="0" />
  <memory-copied type="other" objects="13" bytes="512" bytesdiscarded="0" />
  <memory-cardclean objects="53" bytes="1472" />
  <regions eden="22" other="2" />
  <remembered-set-cleared processed="38505" cleared="31" durationms="0.317" />
  <stringconstants candidates="13269" cleared="0"  />
</gc-op>
<gc-op id="6130" type="classunload" timems="0.004" contextid="6126" timestamp="2019-07-07T05:37:58.105">
  <classunload-info classloadercandidates="53" classloadersunloaded="0" classesunloaded="0" anonymousclassesunloaded="0" quiescems="0.000" setupms="0.004" scanms="0.000" postms="0.000" />
</gc-op>
<gc-end id="6131" type="partial gc" contextid="6126" durationms="2.538" usertimems="0.000" systemtimems="4.000" timestamp="2019-07-07T05:37:58.105" activeThreads="1">
  <mem-info id="6132" free="42991616" total="70254592" percent="61">
    <mem type="eden" free="1048520" total="1048576" percent="99" />
    <remembered-set count="41152" freebytes="2639744" totalbytes="2804352" percent="94" regionsoverflowed="0" regionsstable="0" regionsrebuilding="13"/>
  </mem-info>
</gc-end>
<cycle-end id="6133" type="partial gc" contextid="6126" timestamp="2019-07-07T05:37:58.105" />
  <attribute name="elasticGC enabled" value="1" />
  <attribute name= "numThreadsSpecified" value="1" />
  <attribute name="heapSize specified" value="0" />
  <attribute name="Current GC Util" value="57" />
  <attribute name= "Current Time Running" value="28905" />
  <attribute name ="GC Interval" value="0" />
  <attribute name="ProportionalT" value="18.500000" />
  <attribute name="ProportionalI" value="18.500000" />
  <attribute name="ProportionalH" value="18.500000" />
  <attribute name="Current Error" value="37.000000" />
  <attribute name="IntegralT" value="0.000000" />
  <attribute name="IntegralI" value="0.000000" />
  <attribute name="IntegralH" value="0.000000" />
  <attribute name="DerivativeT" value="inf" />
  <attribute name="DerivativeI" value="inf" />
  <attribute name="DerivativeH" value="inf" />
  <attribute name="Loop Time for DT" value="0.000000" />
  <attribute name="Output H" value="8388608"/>
  <attribute name="Output I" value="200"/>
  <attribute name="Output T" value="1"/>
  <attribute name="Target GC Util Change" value ="20.000000" />
  <attribute name="Current GC Util Change" value="57.000000"/>
  <attribute name="GC Util currently" value="57" />
  <attribute name="CPU Util currently" value="17419942696858" />
<exclusive-end id="6134" timestamp="2019-07-07T05:37:58.105" durationms="3.450" />

<exclusive-start id="6135" timestamp="2019-07-07T05:37:58.109" intervalms="7.525">
  <response-info timems="0.075" idlems="0.075" threads="0" lastid="000000000202A700" lastname="main" />
</exclusive-start>
<allocation-taxation id="6136" taxation-threshold="11534336" timestamp="2019-07-07T05:37:58.110" intervalms="7.594" />
<gc-start id="6137" type="global mark phase" contextid="6053" timestamp="2019-07-07T05:37:58.110">
  <mem-info id="6138" free="31457280" total="70254592" percent="44">
    <remembered-set count="40768" freebytes="2641280" totalbytes="2804352" percent="94" regionsoverflowed="0" regionsstable="0" regionsrebuilding="13"/>
  </mem-info>
</gc-start>
<gc-end id="6139" type="global mark phase" contextid="6053" durationms="0.215" usertimems="0.000" systemtimems="0.000" timestamp="2019-07-07T05:37:58.110" activeThreads="1">
  <mem-info id="6140" free="31457280" total="70254592" percent="44">
    <remembered-set count="40768" freebytes="2641280" totalbytes="2804352" percent="94" regionsoverflowed="0" regionsstable="0" regionsrebuilding="13"/>
  </mem-info>
</gc-end>
<concurrent-start id="6141" type="GMP work packet processing" contextid="6053" timestamp="2019-07-07T05:37:58.110">
  <concurrent-mark-start scanTarget="1048576" />
</concurrent-start>
<exclusive-end id="6142" timestamp="2019-07-07T05:37:58.110" durationms="0.926" />

<concurrent-end id="6143" type="GMP work packet processing" contextid="6053" timestamp="2019-07-07T05:37:58.111">
  <concurrent-mark-end bytesScanned="1074404" reasonForTermination="Work target met" />
</concurrent-end>

<exclusive-start id="6144" timestamp="2019-07-07T05:37:58.114" intervalms="5.034">
  <response-info timems="0.079" idlems="0.079" threads="0" lastid="000000000202A700" lastname="main" />
</exclusive-start>
<allocation-taxation id="6145" taxation-threshold="11534336" timestamp="2019-07-07T05:37:58.114" intervalms="4.966" />
<cycle-start id="6146" type="partial gc" contextid="0" timestamp="2019-07-07T05:37:58.115" intervalms="12.571" />
<gc-start id="6147" type="partial gc" contextid="6146" timestamp="2019-07-07T05:37:58.115">
  <mem-info id="6148" free="19922944" total="70254592" percent="28">
    <mem type="eden" free="1048520" total="24117248" percent="4" />
    <remembered-set count="47264" freebytes="2615296" totalbytes="2804352" percent="93" regionsoverflowed="0" regionsstable="0" regionsrebuilding="13"/>
  </mem-info>
</gc-start>
<allocation-stats totalBytes="22990680" >
  <allocated-bytes non-tlh="0" tlh="22990680" arrayletleaf="0"/>
  <largest-consumer threadName="main" threadId="000000000202A700" bytes="11496560" />
</allocation-stats>
<gc-op id="6149" type="copy forward" timems="1.345" contextid="6146" timestamp="2019-07-07T05:37:58.117">
  <memory-copied type="eden" objects="2" bytes="56" bytesdiscarded="0" />
  <memory-copied type="other" objects="13" bytes="808" bytesdiscarded="0" />
  <memory-cardclean objects="51" bytes="1416" />
  <regions eden="22" other="2" />
  <remembered-set-cleared processed="45284" cleared="33" durationms="0.358" />
  <stringconstants candidates="13269" cleared="0"  />
</gc-op>
<gc-op id="6150" type="classunload" timems="0.003" contextid="6146" timestamp="2019-07-07T05:37:58.117">
  <classunload-info classloadercandidates="53" classloadersunloaded="0" classesunloaded="0" anonymousclassesunloaded="0" quiescems="0.000" setupms="0.003" scanms="0.000" postms="0.000" />
</gc-op>
<gc-end id="6151" type="partial gc" contextid="6146" durationms="2.417" usertimems="4.000" systemtimems="0.000" timestamp="2019-07-07T05:37:58.117" activeThreads="1">
  <mem-info id="6152" free="42991616" total="70254592" percent="61">
    <mem type="eden" free="1048520" total="1048576" percent="99" />
    <remembered-set count="47648" freebytes="2613760" totalbytes="2804352" percent="93" regionsoverflowed="0" regionsstable="0" regionsrebuilding="13"/>
  </mem-info>
</gc-end>
<cycle-end id="6153" type="partial gc" contextid="6146" timestamp="2019-07-07T05:37:58.117" />
  <attribute name="elasticGC enabled" value="1" />
  <attribute name= "numThreadsSpecified" value="1" />
  <attribute name="heapSize specified" value="0" />
  <attribute name="Current GC Util" value="51" />
  <attribute name= "Current Time Running" value="28917" />
  <attribute name ="GC Interval" value="0" />
  <attribute name="ProportionalT" value="15.500000" />
  <attribute name="ProportionalI" value="15.500000" />
  <attribute name="ProportionalH" value="15.500000" />
  <attribute name="Current Error" value="31.000000" />
  <attribute name="IntegralT" value="0.000000" />
  <attribute name="IntegralI" value="0.000000" />
  <attribute name="IntegralH" value="0.000000" />
  <attribute name="DerivativeT" value="inf" />
  <attribute name="DerivativeI" value="inf" />
  <attribute name="DerivativeH" value="inf" />
  <attribute name="Loop Time for DT" value="0.000000" />
  <attribute name="Output H" value="8388608"/>
  <attribute name="Output I" value="200"/>
  <attribute name="Output T" value="1"/>
  <attribute name="Target GC Util Change" value ="20.000000" />
  <attribute name="Current GC Util Change" value="51.000000"/>
  <attribute name="GC Util currently" value="51" />
  <attribute name="CPU Util currently" value="20914960066148" />
<exclusive-end id="6154" timestamp="2019-07-07T05:37:58.118" durationms="3.349" />

<exclusive-start id="6155" timestamp="2019-07-07T05:37:58.122" intervalms="7.772">
  <response-info timems="0.079" idlems="0.079" threads="0" lastid="000000000202A700" lastname="main" />
</exclusive-start>
<allocation-taxation id="6156" taxation-threshold="11534336" timestamp="2019-07-07T05:37:58.122" intervalms="7.835" />
<gc-start id="6157" type="global mark phase" contextid="6053" timestamp="2019-07-07T05:37:58.123">
  <mem-info id="6158" free="31457280" total="70254592" percent="44">
    <remembered-set count="47264" freebytes="2615296" totalbytes="2804352" percent="93" regionsoverflowed="0" regionsstable="0" regionsrebuilding="13"/>
  </mem-info>
</gc-start>
<gc-end id="6159" type="global mark phase" contextid="6053" durationms="0.146" usertimems="0.000" systemtimems="0.000" timestamp="2019-07-07T05:37:58.123" activeThreads="1">
  <mem-info id="6160" free="31457280" total="70254592" percent="44">
    <remembered-set count="47264" freebytes="2615296" totalbytes="2804352" percent="93" regionsoverflowed="0" regionsstable="0" regionsrebuilding="13"/>
  </mem-info>
</gc-end>
<concurrent-start id="6161" type="GMP work packet processing" contextid="6053" timestamp="2019-07-07T05:37:58.123">
  <concurrent-mark-start scanTarget="1048576" />
</concurrent-start>
<exclusive-end id="6162" timestamp="2019-07-07T05:37:58.123" durationms="0.811" />

<concurrent-end id="6163" type="GMP work packet processing" contextid="6053" timestamp="2019-07-07T05:37:58.124">
  <concurrent-mark-end bytesScanned="1085456" reasonForTermination="Work target met" />
</concurrent-end>

<exclusive-start id="6164" timestamp="2019-07-07T05:37:58.127" intervalms="4.896">
  <response-info timems="0.068" idlems="0.068" threads="0" lastid="000000000202A700" lastname="main" />
</exclusive-start>
<allocation-taxation id="6165" taxation-threshold="11534336" timestamp="2019-07-07T05:37:58.127" intervalms="4.832" />
<cycle-start id="6166" type="partial gc" contextid="0" timestamp="2019-07-07T05:37:58.127" intervalms="12.652" />
<gc-start id="6167" type="partial gc" contextid="6166" timestamp="2019-07-07T05:37:58.127">
  <mem-info id="6168" free="19922944" total="70254592" percent="28">
    <mem type="eden" free="1048520" total="24117248" percent="4" />
    <remembered-set count="57312" freebytes="2575104" totalbytes="2804352" percent="91" regionsoverflowed="0" regionsstable="0" regionsrebuilding="13"/>
  </mem-info>
</gc-start>
<allocation-stats totalBytes="22990680" >
  <allocated-bytes non-tlh="0" tlh="22990680" arrayletleaf="0"/>
  <largest-consumer threadName="main" threadId="000000000202A700" bytes="11496560" />
</allocation-stats>
<gc-op id="6169" type="copy forward" timems="1.467" contextid="6166" timestamp="2019-07-07T05:37:58.130">
  <memory-copied type="eden" objects="2" bytes="56" bytesdiscarded="0" />
  <memory-copied type="other" objects="0" bytes="0" bytesdiscarded="0" />
  <memory-cardclean objects="14" bytes="400" />
  <regions eden="22" other="1" />
  <remembered-set-cleared processed="54873" cleared="7" durationms="0.397" />
  <stringconstants candidates="13269" cleared="0"  />
</gc-op>
<gc-op id="6170" type="classunload" timems="0.003" contextid="6166" timestamp="2019-07-07T05:37:58.130">
  <classunload-info classloadercandidates="53" classloadersunloaded="0" classesunloaded="0" anonymousclassesunloaded="0" quiescems="0.000" setupms="0.003" scanms="0.000" postms="0.000" />
</gc-op>
<gc-end id="6171" type="partial gc" contextid="6166" durationms="2.514" usertimems="0.000" systemtimems="0.000" timestamp="2019-07-07T05:37:58.130" activeThreads="1">
  <mem-info id="6172" free="42991616" total="70254592" percent="61">
    <mem type="eden" free="1048520" total="1048576" percent="99" />
    <remembered-set count="57792" freebytes="2573184" totalbytes="2804352" percent="91" regionsoverflowed="0" regionsstable="0" regionsrebuilding="13"/>
  </mem-info>
</gc-end>
<cycle-end id="6173" type="partial gc" contextid="6166" timestamp="2019-07-07T05:37:58.130" />
  <attribute name="elasticGC enabled" value="1" />
  <attribute name= "numThreadsSpecified" value="1" />
  <attribute name="heapSize specified" value="0" />
  <attribute name="Current GC Util" value="78" />
  <attribute name= "Current Time Running" value="28930" />
  <attribute name ="GC Interval" value="0" />
  <attribute name="ProportionalT" value="29.000000" />
  <attribute name="ProportionalI" value="29.000000" />
  <attribute name="ProportionalH" value="29.000000" />
  <attribute name="Current Error" value="58.000000" />
  <attribute name="IntegralT" value="0.000000" />
  <attribute name="IntegralI" value="0.000000" />
  <attribute name="IntegralH" value="0.000000" />
  <attribute name="DerivativeT" value="inf" />
  <attribute name="DerivativeI" value="inf" />
  <attribute name="DerivativeH" value="inf" />
  <attribute name="Loop Time for DT" value="0.000000" />
  <attribute name="Output H" value="8388608"/>
  <attribute name="Output I" value="200"/>
  <attribute name="Output T" value="1"/>
  <attribute name="Target GC Util Change" value ="20.000000" />
  <attribute name="Current GC Util Change" value="78.000000"/>
  <attribute name="GC Util currently" value="78" />
  <attribute name="CPU Util currently" value="23047597377284" />
<exclusive-end id="6174" timestamp="2019-07-07T05:37:58.130" durationms="3.401" />

<exclusive-start id="6175" timestamp="2019-07-07T05:37:58.135" intervalms="7.553">
  <response-info timems="0.074" idlems="0.074" threads="0" lastid="000000000202A700" lastname="main" />
</exclusive-start>
<allocation-taxation id="6176" taxation-threshold="11534336" timestamp="2019-07-07T05:37:58.135" intervalms="7.607" />
<gc-start id="6177" type="global mark phase" contextid="6053" timestamp="2019-07-07T05:37:58.135">
  <mem-info id="6178" free="31457280" total="70254592" percent="44">
    <remembered-set count="57312" freebytes="2575104" totalbytes="2804352" percent="91" regionsoverflowed="0" regionsstable="0" regionsrebuilding="13"/>
  </mem-info>
</gc-start>
<gc-end id="6179" type="global mark phase" contextid="6053" durationms="0.127" usertimems="0.000" systemtimems="0.000" timestamp="2019-07-07T05:37:58.135" activeThreads="1">
  <mem-info id="6180" free="31457280" total="70254592" percent="44">
    <remembered-set count="57312" freebytes="2575104" totalbytes="2804352" percent="91" regionsoverflowed="0" regionsstable="0" regionsrebuilding="13"/>
  </mem-info>
</gc-end>
<concurrent-start id="6181" type="GMP work packet processing" contextid="6053" timestamp="2019-07-07T05:37:58.135">
  <concurrent-mark-start scanTarget="1048576" />
</concurrent-start>
<exclusive-end id="6182" timestamp="2019-07-07T05:37:58.135" durationms="0.770" />

<concurrent-end id="6183" type="GMP work packet processing" contextid="6053" timestamp="2019-07-07T05:37:58.136">
  <concurrent-mark-end bytesScanned="1081428" reasonForTermination="Work target met" />
</concurrent-end>

<exclusive-start id="6184" timestamp="2019-07-07T05:37:58.139" intervalms="4.835">
  <response-info timems="0.071" idlems="0.071" threads="0" lastid="000000000202A700" lastname="main" />
</exclusive-start>
<allocation-taxation id="6185" taxation-threshold="11534336" timestamp="2019-07-07T05:37:58.140" intervalms="4.782" />
<cycle-start id="6186" type="partial gc" contextid="0" timestamp="2019-07-07T05:37:58.140" intervalms="12.385" />
<gc-start id="6187" type="partial gc" contextid="6186" timestamp="2019-07-07T05:37:58.140">
  <mem-info id="6188" free="19922944" total="70254592" percent="28">
    <mem type="eden" free="1048520" total="24117248" percent="4" />
    <remembered-set count="64000" freebytes="2548352" totalbytes="2804352" percent="90" regionsoverflowed="0" regionsstable="0" regionsrebuilding="13"/>
  </mem-info>
</gc-start>
<allocation-stats totalBytes="22990680" >
  <allocated-bytes non-tlh="0" tlh="22990680" arrayletleaf="0"/>
  <largest-consumer threadName="main" threadId="000000000202A700" bytes="11496560" />
</allocation-stats>
<gc-op id="6189" type="copy forward" timems="1.564" contextid="6186" timestamp="2019-07-07T05:37:58.142">
  <memory-copied type="eden" objects="2" bytes="56" bytesdiscarded="0" />
  <memory-copied type="other" objects="0" bytes="0" bytesdiscarded="0" />
  <memory-cardclean objects="14" bytes="400" />
  <regions eden="22" other="1" />
  <remembered-set-cleared processed="61456" cleared="7" durationms="0.427" />
  <stringconstants candidates="13269" cleared="0"  />
</gc-op>
<gc-op id="6190" type="classunload" timems="0.004" contextid="6186" timestamp="2019-07-07T05:37:58.142">
  <classunload-info classloadercandidates="53" classloadersunloaded="0" classesunloaded="0" anonymousclassesunloaded="0" quiescems="0.000" setupms="0.004" scanms="0.000" postms="0.000" />
</gc-op>
<gc-end id="6191" type="partial gc" contextid="6186" durationms="2.741" usertimems="4.000" systemtimems="0.000" timestamp="2019-07-07T05:37:58.143" activeThreads="1">
  <mem-info id="6192" free="42991616" total="70254592" percent="61">
    <mem type="eden" free="1048520" total="1048576" percent="99" />
    <remembered-set count="64480" freebytes="2546432" totalbytes="2804352" percent="90" regionsoverflowed="0" regionsstable="0" regionsrebuilding="13"/>
  </mem-info>
</gc-end>
<cycle-end id="6193" type="partial gc" contextid="6186" timestamp="2019-07-07T05:37:58.143" />
  <attribute name="elasticGC enabled" value="1" />
  <attribute name= "numThreadsSpecified" value="1" />
  <attribute name="heapSize specified" value="0" />
  <attribute name="Current GC Util" value="161" />
  <attribute name= "Current Time Running" value="28942" />
  <attribute name ="GC Interval" value="0" />
  <attribute name="ProportionalT" value="70.500000" />
  <attribute name="ProportionalI" value="70.500000" />
  <attribute name="ProportionalH" value="70.500000" />
  <attribute name="Current Error" value="141.000000" />
  <attribute name="IntegralT" value="0.000000" />
  <attribute name="IntegralI" value="0.000000" />
  <attribute name="IntegralH" value="0.000000" />
  <attribute name="DerivativeT" value="inf" />
  <attribute name="DerivativeI" value="inf" />
  <attribute name="DerivativeH" value="inf" />
  <attribute name="Loop Time for DT" value="0.000000" />
  <attribute name="Output H" value="8388608"/>
  <attribute name="Output I" value="200"/>
  <attribute name="Output T" value="1"/>
  <attribute name="Target GC Util Change" value ="20.000000" />
  <attribute name="Current GC Util Change" value="161.000000"/>
  <attribute name="GC Util currently" value="161" />
  <attribute name="CPU Util currently" value="13857645811065" />
<exclusive-end id="6194" timestamp="2019-07-07T05:37:58.143" durationms="3.590" />

<exclusive-start id="6195" timestamp="2019-07-07T05:37:58.147" intervalms="7.748">
  <response-info timems="0.074" idlems="0.074" threads="0" lastid="000000000202A700" lastname="main" />
</exclusive-start>
<allocation-taxation id="6196" taxation-threshold="11534336" timestamp="2019-07-07T05:37:58.147" intervalms="7.804" />
<gc-start id="6197" type="global mark phase" contextid="6053" timestamp="2019-07-07T05:37:58.148">
  <mem-info id="6198" free="31457280" total="70254592" percent="44">
    <remembered-set count="64000" freebytes="2548352" totalbytes="2804352" percent="90" regionsoverflowed="0" regionsstable="0" regionsrebuilding="13"/>
  </mem-info>
</gc-start>
<gc-end id="6199" type="global mark phase" contextid="6053" durationms="0.116" usertimems="0.000" systemtimems="0.000" timestamp="2019-07-07T05:37:58.148" activeThreads="1">
  <mem-info id="6200" free="31457280" total="70254592" percent="44">
    <remembered-set count="64000" freebytes="2548352" totalbytes="2804352" percent="90" regionsoverflowed="0" regionsstable="0" regionsrebuilding="13"/>
  </mem-info>
</gc-end>
<concurrent-start id="6201" type="GMP work packet processing" contextid="6053" timestamp="2019-07-07T05:37:58.148">
  <concurrent-mark-start scanTarget="1048576" />
</concurrent-start>
<exclusive-end id="6202" timestamp="2019-07-07T05:37:58.148" durationms="0.787" />

<concurrent-end id="6203" type="GMP work packet processing" contextid="6053" timestamp="2019-07-07T05:37:58.149">
  <concurrent-mark-end bytesScanned="1097884" reasonForTermination="Work target met" />
</concurrent-end>

<exclusive-start id="6204" timestamp="2019-07-07T05:37:58.152" intervalms="4.879">
  <response-info timems="0.068" idlems="0.068" threads="0" lastid="000000000202A700" lastname="main" />
</exclusive-start>
<allocation-taxation id="6205" taxation-threshold="11534336" timestamp="2019-07-07T05:37:58.152" intervalms="4.819" />
<cycle-start id="6206" type="partial gc" contextid="0" timestamp="2019-07-07T05:37:58.152" intervalms="12.634" />
<gc-start id="6207" type="partial gc" contextid="6206" timestamp="2019-07-07T05:37:58.153">
  <mem-info id="6208" free="19922944" total="70254592" percent="28">
    <mem type="eden" free="1048520" total="24117248" percent="4" />
    <remembered-set count="70144" freebytes="2523776" totalbytes="2804352" percent="89" regionsoverflowed="0" regionsstable="0" regionsrebuilding="13"/>
  </mem-info>
</gc-start>
<allocation-stats totalBytes="22990680" >
  <allocated-bytes non-tlh="0" tlh="22990680" arrayletleaf="0"/>
  <largest-consumer threadName="main" threadId="000000000202A700" bytes="11496560" />
</allocation-stats>
<gc-op id="6209" type="copy forward" timems="1.619" contextid="6206" timestamp="2019-07-07T05:37:58.155">
  <memory-copied type="eden" objects="2" bytes="56" bytesdiscarded="0" />
  <memory-copied type="other" objects="0" bytes="0" bytesdiscarded="0" />
  <memory-cardclean objects="14" bytes="400" />
  <regions eden="22" other="1" />
  <remembered-set-cleared processed="68063" cleared="7" durationms="0.461" />
  <stringconstants candidates="13269" cleared="0"  />
</gc-op>
<gc-op id="6210" type="classunload" timems="0.004" contextid="6206" timestamp="2019-07-07T05:37:58.155">
  <classunload-info classloadercandidates="53" classloadersunloaded="0" classesunloaded="0" anonymousclassesunloaded="0" quiescems="0.000" setupms="0.004" scanms="0.000" postms="0.000" />
</gc-op>
<gc-end id="6211" type="partial gc" contextid="6206" durationms="2.851" usertimems="4.000" systemtimems="0.000" timestamp="2019-07-07T05:37:58.155" activeThreads="1">
  <mem-info id="6212" free="42991616" total="70254592" percent="61">
    <mem type="eden" free="1048520" total="1048576" percent="99" />
    <remembered-set count="70624" freebytes="2521856" totalbytes="2804352" percent="89" regionsoverflowed="0" regionsstable="0" regionsrebuilding="13"/>
  </mem-info>
</gc-end>
<cycle-end id="6213" type="partial gc" contextid="6206" timestamp="2019-07-07T05:37:58.156" />
  <attribute name="elasticGC enabled" value="1" />
  <attribute name= "numThreadsSpecified" value="1" />
  <attribute name="heapSize specified" value="0" />
  <attribute name="Current GC Util" value="163" />
  <attribute name= "Current Time Running" value="28955" />
  <attribute name ="GC Interval" value="0" />
  <attribute name="ProportionalT" value="71.500000" />
  <attribute name="ProportionalI" value="71.500000" />
  <attribute name="ProportionalH" value="71.500000" />
  <attribute name="Current Error" value="143.000000" />
  <attribute name="IntegralT" value="0.000000" />
  <attribute name="IntegralI" value="0.000000" />
  <attribute name="IntegralH" value="0.000000" />
  <attribute name="DerivativeT" value="inf" />
  <attribute name="DerivativeI" value="inf" />
  <attribute name="DerivativeH" value="inf" />
  <attribute name="Loop Time for DT" value="0.000000" />
  <attribute name="Output H" value="8388608"/>
  <attribute name="Output I" value="200"/>
  <attribute name="Output T" value="1"/>
  <attribute name="Target GC Util Change" value ="20.000000" />
  <attribute name="Current GC Util Change" value="163.000000"/>
  <attribute name="GC Util currently" value="163" />
  <attribute name="CPU Util currently" value="13837853094267" />
<exclusive-end id="6214" timestamp="2019-07-07T05:37:58.156" durationms="3.742" />

<exclusive-start id="6215" timestamp="2019-07-07T05:37:58.160" intervalms="7.901">
  <response-info timems="0.074" idlems="0.074" threads="0" lastid="000000000202A700" lastname="main" />
</exclusive-start>
<allocation-taxation id="6216" taxation-threshold="11534336" timestamp="2019-07-07T05:37:58.160" intervalms="7.965" />
<gc-start id="6217" type="global mark phase" contextid="6053" timestamp="2019-07-07T05:37:58.160">
  <mem-info id="6218" free="31457280" total="70254592" percent="44">
    <remembered-set count="70144" freebytes="2523776" totalbytes="2804352" percent="89" regionsoverflowed="0" regionsstable="0" regionsrebuilding="13"/>
  </mem-info>
</gc-start>
<gc-end id="6219" type="global mark phase" contextid="6053" durationms="0.207" usertimems="0.000" systemtimems="0.000" timestamp="2019-07-07T05:37:58.161" activeThreads="1">
  <mem-info id="6220" free="31457280" total="70254592" percent="44">
    <remembered-set count="70144" freebytes="2523776" totalbytes="2804352" percent="89" regionsoverflowed="0" regionsstable="0" regionsrebuilding="13"/>
  </mem-info>
</gc-end>
<concurrent-start id="6221" type="GMP work packet processing" contextid="6053" timestamp="2019-07-07T05:37:58.161">
  <concurrent-mark-start scanTarget="1048576" />
</concurrent-start>
<exclusive-end id="6222" timestamp="2019-07-07T05:37:58.161" durationms="0.896" />

<concurrent-end id="6223" type="GMP work packet processing" contextid="6053" timestamp="2019-07-07T05:37:58.162">
  <concurrent-mark-end bytesScanned="1098716" reasonForTermination="Work target met" />
</concurrent-end>

<exclusive-start id="6224" timestamp="2019-07-07T05:37:58.165" intervalms="4.987">
  <response-info timems="0.077" idlems="0.077" threads="0" lastid="000000000202A700" lastname="main" />
</exclusive-start>
<allocation-taxation id="6225" taxation-threshold="11534336" timestamp="2019-07-07T05:37:58.165" intervalms="4.995" />
<cycle-start id="6226" type="partial gc" contextid="0" timestamp="2019-07-07T05:37:58.165" intervalms="12.958" />
<gc-start id="6227" type="partial gc" contextid="6226" timestamp="2019-07-07T05:37:58.165">
  <mem-info id="6228" free="19922944" total="70254592" percent="28">
    <mem type="eden" free="1048520" total="24117248" percent="4" />
    <remembered-set count="76320" freebytes="2499072" totalbytes="2804352" percent="89" regionsoverflowed="0" regionsstable="0" regionsrebuilding="13"/>
  </mem-info>
</gc-start>
<allocation-stats totalBytes="22990704" >
  <allocated-bytes non-tlh="0" tlh="22990704" arrayletleaf="0"/>
  <largest-consumer threadName="main" threadId="000000000202A700" bytes="11496584" />
</allocation-stats>
<gc-op id="6229" type="copy forward" timems="1.631" contextid="6226" timestamp="2019-07-07T05:37:58.168">
  <memory-copied type="eden" objects="2" bytes="56" bytesdiscarded="0" />
  <memory-copied type="other" objects="0" bytes="0" bytesdiscarded="0" />
  <memory-cardclean objects="14" bytes="400" />
  <regions eden="22" other="1" />
  <remembered-set-cleared processed="73658" cleared="7" durationms="0.486" />
  <stringconstants candidates="13269" cleared="0"  />
</gc-op>
<gc-op id="6230" type="classunload" timems="0.003" contextid="6226" timestamp="2019-07-07T05:37:58.168">
  <classunload-info classloadercandidates="53" classloadersunloaded="0" classesunloaded="0" anonymousclassesunloaded="0" quiescems="0.000" setupms="0.003" scanms="0.000" postms="0.000" />
</gc-op>
<gc-end id="6231" type="partial gc" contextid="6226" durationms="3.000" usertimems="0.000" systemtimems="0.000" timestamp="2019-07-07T05:37:58.168" activeThreads="1">
  <mem-info id="6232" free="42991616" total="70254592" percent="61">
    <mem type="eden" free="1048520" total="1048576" percent="99" />
    <remembered-set count="76800" freebytes="2497152" totalbytes="2804352" percent="89" regionsoverflowed="0" regionsstable="0" regionsrebuilding="13"/>
  </mem-info>
</gc-end>
<cycle-end id="6233" type="partial gc" contextid="6226" timestamp="2019-07-07T05:37:58.169" />
  <attribute name="elasticGC enabled" value="1" />
  <attribute name= "numThreadsSpecified" value="1" />
  <attribute name="heapSize specified" value="0" />
  <attribute name="Current GC Util" value="150" />
  <attribute name= "Current Time Running" value="28968" />
  <attribute name ="GC Interval" value="0" />
  <attribute name="ProportionalT" value="65.000000" />
  <attribute name="ProportionalI" value="65.000000" />
  <attribute name="ProportionalH" value="65.000000" />
  <attribute name="Current Error" value="130.000000" />
  <attribute name="IntegralT" value="0.000000" />
  <attribute name="IntegralI" value="0.000000" />
  <attribute name="IntegralH" value="0.000000" />
  <attribute name="DerivativeT" value="inf" />
  <attribute name="DerivativeI" value="inf" />
  <attribute name="DerivativeH" value="inf" />
  <attribute name="Loop Time for DT" value="0.000000" />
  <attribute name="Output H" value="8388608"/>
  <attribute name="Output I" value="200"/>
  <attribute name="Output T" value="1"/>
  <attribute name="Target GC Util Change" value ="20.000000" />
  <attribute name="Current GC Util Change" value="150.000000"/>
  <attribute name="GC Util currently" value="150" />
  <attribute name="CPU Util currently" value="13280248889637" />
<exclusive-end id="6234" timestamp="2019-07-07T05:37:58.169" durationms="3.949" />

<exclusive-start id="6235" timestamp="2019-07-07T05:37:58.173" intervalms="8.102">
  <response-info timems="0.075" idlems="0.075" threads="0" lastid="000000000202A700" lastname="main" />
</exclusive-start>
<allocation-taxation id="6236" taxation-threshold="11534336" timestamp="2019-07-07T05:37:58.173" intervalms="8.104" />
<gc-start id="6237" type="global mark phase" contextid="6053" timestamp="2019-07-07T05:37:58.173">
  <mem-info id="6238" free="31457280" total="70254592" percent="44">
    <remembered-set count="76320" freebytes="2499072" totalbytes="2804352" percent="89" regionsoverflowed="0" regionsstable="0" regionsrebuilding="13"/>
  </mem-info>
</gc-start>
<gc-end id="6239" type="global mark phase" contextid="6053" durationms="0.139" usertimems="0.000" systemtimems="0.000" timestamp="2019-07-07T05:37:58.174" activeThreads="1">
  <mem-info id="6240" free="31457280" total="70254592" percent="44">
    <remembered-set count="76320" freebytes="2499072" totalbytes="2804352" percent="89" regionsoverflowed="0" regionsstable="0" regionsrebuilding="13"/>
  </mem-info>
</gc-end>
<concurrent-start id="6241" type="GMP work packet processing" contextid="6053" timestamp="2019-07-07T05:37:58.174">
  <concurrent-mark-start scanTarget="1048576" />
</concurrent-start>
<exclusive-end id="6242" timestamp="2019-07-07T05:37:58.174" durationms="0.855" />

<concurrent-end id="6243" type="GMP work packet processing" contextid="6053" timestamp="2019-07-07T05:37:58.175">
  <concurrent-mark-end bytesScanned="1084380" reasonForTermination="Work target met" />
</concurrent-end>

<exclusive-start id="6244" timestamp="2019-07-07T05:37:58.178" intervalms="4.941">
  <response-info timems="0.026" idlems="0.026" threads="0" lastid="000000000202A700" lastname="main" />
</exclusive-start>
<allocation-taxation id="6245" taxation-threshold="11534336" timestamp="2019-07-07T05:37:58.178" intervalms="4.870" />
<cycle-start id="6246" type="partial gc" contextid="0" timestamp="2019-07-07T05:37:58.178" intervalms="12.982" />
<gc-start id="6247" type="partial gc" contextid="6246" timestamp="2019-07-07T05:37:58.178">
  <mem-info id="6248" free="19922944" total="70254592" percent="28">
    <mem type="eden" free="1048520" total="24117248" percent="4" />
    <remembered-set count="84096" freebytes="2467968" totalbytes="2804352" percent="88" regionsoverflowed="0" regionsstable="0" regionsrebuilding="13"/>
  </mem-info>
</gc-start>
<allocation-stats totalBytes="22990680" >
  <allocated-bytes non-tlh="0" tlh="22990680" arrayletleaf="0"/>
  <largest-consumer threadName="main" threadId="000000000202A700" bytes="11496584" />
</allocation-stats>
<gc-op id="6249" type="copy forward" timems="1.615" contextid="6246" timestamp="2019-07-07T05:37:58.181">
  <memory-copied type="eden" objects="2" bytes="56" bytesdiscarded="0" />
  <memory-copied type="other" objects="0" bytes="0" bytesdiscarded="0" />
  <memory-cardclean objects="14" bytes="400" />
  <regions eden="22" other="1" />
  <remembered-set-cleared processed="81980" cleared="7" durationms="0.529" />
  <stringconstants candidates="13269" cleared="0"  />
</gc-op>
<gc-op id="6250" type="classunload" timems="0.004" contextid="6246" timestamp="2019-07-07T05:37:58.181">
  <classunload-info classloadercandidates="53" classloadersunloaded="0" classesunloaded="0" anonymousclassesunloaded="0" quiescems="0.000" setupms="0.004" scanms="0.000" postms="0.000" />
</gc-op>
<gc-end id="6251" type="partial gc" contextid="6246" durationms="2.828" usertimems="4.000" systemtimems="0.000" timestamp="2019-07-07T05:37:58.181" activeThreads="1">
  <mem-info id="6252" free="42991616" total="70254592" percent="61">
    <mem type="eden" free="1048520" total="1048576" percent="99" />
    <remembered-set count="84576" freebytes="2466048" totalbytes="2804352" percent="87" regionsoverflowed="0" regionsstable="0" regionsrebuilding="13"/>
  </mem-info>
</gc-end>
<cycle-end id="6253" type="partial gc" contextid="6246" timestamp="2019-07-07T05:37:58.181" />
  <attribute name="elasticGC enabled" value="1" />
  <attribute name= "numThreadsSpecified" value="1" />
  <attribute name="heapSize specified" value="0" />
  <attribute name="Current GC Util" value="164" />
  <attribute name= "Current Time Running" value="28981" />
  <attribute name ="GC Interval" value="0" />
  <attribute name="ProportionalT" value="72.000000" />
  <attribute name="ProportionalI" value="72.000000" />
  <attribute name="ProportionalH" value="72.000000" />
  <attribute name="Current Error" value="144.000000" />
  <attribute name="IntegralT" value="0.000000" />
  <attribute name="IntegralI" value="0.000000" />
  <attribute name="IntegralH" value="0.000000" />
  <attribute name="DerivativeT" value="inf" />
  <attribute name="DerivativeI" value="inf" />
  <attribute name="DerivativeH" value="inf" />
  <attribute name="Loop Time for DT" value="0.000000" />
  <attribute name="Output H" value="8388608"/>
  <attribute name="Output I" value="200"/>
  <attribute name="Output T" value="1"/>
  <attribute name="Target GC Util Change" value ="20.000000" />
  <attribute name="Current GC Util Change" value="164.000000"/>
  <attribute name="GC Util currently" value="164" />
  <attribute name="CPU Util currently" value="13845206383321" />
<exclusive-end id="6254" timestamp="2019-07-07T05:37:58.182" durationms="3.753" />

<exclusive-start id="6255" timestamp="2019-07-07T05:37:58.186" intervalms="7.877">
  <response-info timems="0.073" idlems="0.073" threads="0" lastid="000000000202A700" lastname="main" />
</exclusive-start>
<allocation-taxation id="6256" taxation-threshold="11534336" timestamp="2019-07-07T05:37:58.186" intervalms="7.930" />
<gc-start id="6257" type="global mark phase" contextid="6053" timestamp="2019-07-07T05:37:58.186">
  <mem-info id="6258" free="31457280" total="70254592" percent="44">
    <remembered-set count="84096" freebytes="2467968" totalbytes="2804352" percent="88" regionsoverflowed="0" regionsstable="0" regionsrebuilding="13"/>
  </mem-info>
</gc-start>
<gc-end id="6259" type="global mark phase" contextid="6053" durationms="0.151" usertimems="0.000" systemtimems="0.000" timestamp="2019-07-07T05:37:58.186" activeThreads="1">
  <mem-info id="6260" free="31457280" total="70254592" percent="44">
    <remembered-set count="84096" freebytes="2467968" totalbytes="2804352" percent="88" regionsoverflowed="0" regionsstable="0" regionsrebuilding="13"/>
  </mem-info>
</gc-end>
<concurrent-start id="6261" type="GMP work packet processing" contextid="6053" timestamp="2019-07-07T05:37:58.187">
  <concurrent-mark-start scanTarget="1048576" />
</concurrent-start>
<exclusive-end id="6262" timestamp="2019-07-07T05:37:58.187" durationms="0.854" />

<concurrent-end id="6263" type="GMP work packet processing" contextid="6053" timestamp="2019-07-07T05:37:58.188">
  <concurrent-mark-end bytesScanned="1091268" reasonForTermination="Work target met" />
</concurrent-end>

<exclusive-start id="6264" timestamp="2019-07-07T05:37:58.191" intervalms="4.919">
  <response-info timems="0.072" idlems="0.072" threads="0" lastid="000000000202A700" lastname="main" />
</exclusive-start>
<allocation-taxation id="6265" taxation-threshold="11534336" timestamp="2019-07-07T05:37:58.191" intervalms="4.824" />
<cycle-start id="6266" type="partial gc" contextid="0" timestamp="2019-07-07T05:37:58.191" intervalms="12.693" />
<gc-start id="6267" type="partial gc" contextid="6266" timestamp="2019-07-07T05:37:58.191">
  <mem-info id="6268" free="19922944" total="70254592" percent="28">
    <mem type="eden" free="1048520" total="24117248" percent="4" />
    <remembered-set count="95488" freebytes="2422400" totalbytes="2804352" percent="86" regionsoverflowed="0" regionsstable="0" regionsrebuilding="13"/>
  </mem-info>
</gc-start>
<allocation-stats totalBytes="22990680" >
  <allocated-bytes non-tlh="0" tlh="22990680" arrayletleaf="0"/>
  <largest-consumer threadName="main" threadId="000000000202A700" bytes="11496584" />
</allocation-stats>
<gc-op id="6269" type="copy forward" timems="3.423" contextid="6266" timestamp="2019-07-07T05:37:58.195">
  <memory-copied type="eden" objects="2" bytes="56" bytesdiscarded="0" />
  <memory-copied type="other" objects="0" bytes="0" bytesdiscarded="0" />
  <memory-cardclean objects="14" bytes="400" />
  <regions eden="22" other="1" />
  <remembered-set-cleared processed="93053" cleared="7" durationms="0.337" />
  <stringconstants candidates="13269" cleared="0"  />
</gc-op>
<gc-op id="6270" type="classunload" timems="0.004" contextid="6266" timestamp="2019-07-07T05:37:58.196">
  <classunload-info classloadercandidates="53" classloadersunloaded="0" classesunloaded="0" anonymousclassesunloaded="0" quiescems="0.000" setupms="0.004" scanms="0.000" postms="0.000" />
</gc-op>
<gc-end id="6271" type="partial gc" contextid="6266" durationms="4.675" usertimems="4.000" systemtimems="4.000" timestamp="2019-07-07T05:37:58.196" activeThreads="4">
  <mem-info id="6272" free="42991616" total="70254592" percent="61">
    <mem type="eden" free="1048520" total="1048576" percent="99" />
    <remembered-set count="94976" freebytes="2424448" totalbytes="2804352" percent="86" regionsoverflowed="0" regionsstable="0" regionsrebuilding="13"/>
  </mem-info>
</gc-end>
<cycle-end id="6273" type="partial gc" contextid="6266" timestamp="2019-07-07T05:37:58.196" />
  <attribute name="elasticGC enabled" value="1" />
  <attribute name= "numThreadsSpecified" value="4" />
  <attribute name="heapSize specified" value="0" />
  <attribute name="Current GC Util" value="162" />
  <attribute name= "Current Time Running" value="28994" />
  <attribute name ="GC Interval" value="0" />
  <attribute name="ProportionalT" value="71.000000" />
  <attribute name="ProportionalI" value="71.000000" />
  <attribute name="ProportionalH" value="71.000000" />
  <attribute name="Current Error" value="142.000000" />
  <attribute name="IntegralT" value="71.000000" />
  <attribute name="IntegralI" value="71.000000" />
  <attribute name="IntegralH" value="71.000000" />
  <attribute name="DerivativeT" value="93.000000" />
  <attribute name="DerivativeI" value="93.000000" />
  <attribute name="DerivativeH" value="93.000000" />
  <attribute name="Loop Time for DT" value="1.000000" />
  <attribute name="Output H" value="8388608"/>
  <attribute name="Output I" value="240"/>
  <attribute name="Output T" value="4"/>
  <attribute name="Target GC Util Change" value ="20.000000" />
  <attribute name="Current GC Util Change" value="162.000000"/>
  <attribute name="GC Util currently" value="162" />
  <attribute name="CPU Util currently" value="13615681978523" />
<exclusive-end id="6274" timestamp="2019-07-07T05:37:58.196" durationms="5.490" />

<exclusive-start id="6275" timestamp="2019-07-07T05:37:58.200" intervalms="9.557">
  <response-info timems="0.076" idlems="0.076" threads="0" lastid="000000000202A700" lastname="main" />
</exclusive-start>
<allocation-taxation id="6276" taxation-threshold="11534336" timestamp="2019-07-07T05:37:58.201" intervalms="9.668" />
<gc-start id="6277" type="global mark phase" contextid="6053" timestamp="2019-07-07T05:37:58.201">
  <mem-info id="6278" free="31457280" total="70254592" percent="44">
    <remembered-set count="94976" freebytes="2424448" totalbytes="2804352" percent="86" regionsoverflowed="0" regionsstable="0" regionsrebuilding="13"/>
  </mem-info>
</gc-start>
<gc-end id="6279" type="global mark phase" contextid="6053" durationms="0.212" usertimems="0.000" systemtimems="0.000" timestamp="2019-07-07T05:37:58.201" activeThreads="4">
  <mem-info id="6280" free="31457280" total="70254592" percent="44">
    <remembered-set count="94976" freebytes="2424448" totalbytes="2804352" percent="86" regionsoverflowed="0" regionsstable="0" regionsrebuilding="13"/>
  </mem-info>
</gc-end>
<concurrent-start id="6281" type="GMP work packet processing" contextid="6053" timestamp="2019-07-07T05:37:58.201">
  <concurrent-mark-start scanTarget="1350266" />
</concurrent-start>
<exclusive-end id="6282" timestamp="2019-07-07T05:37:58.201" durationms="0.937" />

<concurrent-end id="6283" type="GMP work packet processing" contextid="6053" timestamp="2019-07-07T05:37:58.202">
  <concurrent-mark-end bytesScanned="748720" reasonForTermination="Completed all work in GC phase" />
</concurrent-end>

<exclusive-start id="6284" timestamp="2019-07-07T05:37:58.205" intervalms="5.052">
  <response-info timems="0.076" idlems="0.076" threads="0" lastid="000000000202A700" lastname="main" />
</exclusive-start>
<allocation-taxation id="6285" taxation-threshold="11534336" timestamp="2019-07-07T05:37:58.206" intervalms="4.985" />
<cycle-start id="6286" type="partial gc" contextid="0" timestamp="2019-07-07T05:37:58.206" intervalms="14.701" />
<gc-start id="6287" type="partial gc" contextid="6286" timestamp="2019-07-07T05:37:58.206">
  <mem-info id="6288" free="19922944" total="70254592" percent="28">
    <mem type="eden" free="1048520" total="24117248" percent="4" />
    <remembered-set count="101696" freebytes="2397568" totalbytes="2804352" percent="85" regionsoverflowed="0" regionsstable="0" regionsrebuilding="13"/>
  </mem-info>
</gc-start>
<allocation-stats totalBytes="22990680" >
  <allocated-bytes non-tlh="0" tlh="22990680" arrayletleaf="0"/>
  <largest-consumer threadName="main" threadId="000000000202A700" bytes="11496584" />
</allocation-stats>
<gc-op id="6289" type="copy forward" timems="3.339" contextid="6286" timestamp="2019-07-07T05:37:58.210">
  <memory-copied type="eden" objects="2" bytes="56" bytesdiscarded="0" />
  <memory-copied type="other" objects="0" bytes="0" bytesdiscarded="0" />
  <memory-cardclean objects="14" bytes="400" />
  <regions eden="22" other="1" />
  <remembered-set-cleared processed="99357" cleared="7" durationms="0.353" />
  <stringconstants candidates="13269" cleared="0"  />
</gc-op>
<gc-op id="6290" type="classunload" timems="0.003" contextid="6286" timestamp="2019-07-07T05:37:58.210">
  <classunload-info classloadercandidates="53" classloadersunloaded="0" classesunloaded="0" anonymousclassesunloaded="0" quiescems="0.000" setupms="0.003" scanms="0.000" postms="0.000" />
</gc-op>
<gc-end id="6291" type="partial gc" contextid="6286" durationms="4.669" usertimems="8.000" systemtimems="0.000" timestamp="2019-07-07T05:37:58.211" activeThreads="4">
  <mem-info id="6292" free="42991616" total="70254592" percent="61">
    <mem type="eden" free="1048520" total="1048576" percent="99" />
    <remembered-set count="101312" freebytes="2399104" totalbytes="2804352" percent="85" regionsoverflowed="0" regionsstable="0" regionsrebuilding="13"/>
  </mem-info>
</gc-end>
<cycle-end id="6293" type="partial gc" contextid="6286" timestamp="2019-07-07T05:37:58.211" />
  <attribute name="elasticGC enabled" value="1" />
  <attribute name= "numThreadsSpecified" value="4" />
  <attribute name="heapSize specified" value="0" />
  <attribute name="Current GC Util" value="165" />
  <attribute name= "Current Time Running" value="29009" />
  <attribute name ="GC Interval" value="0" />
  <attribute name="ProportionalT" value="72.500000" />
  <attribute name="ProportionalI" value="72.500000" />
  <attribute name="ProportionalH" value="72.500000" />
  <attribute name="Current Error" value="145.000000" />
  <attribute name="IntegralT" value="72.500000" />
  <attribute name="IntegralI" value="72.500000" />
  <attribute name="IntegralH" value="72.500000" />
  <attribute name="DerivativeT" value="130.000000" />
  <attribute name="DerivativeI" value="130.000000" />
  <attribute name="DerivativeH" value="130.000000" />
  <attribute name="Loop Time for DT" value="1.000000" />
  <attribute name="Output H" value="8388608"/>
  <attribute name="Output I" value="280"/>
  <attribute name="Output T" value="4"/>
  <attribute name="Target GC Util Change" value ="20.000000" />
  <attribute name="Current GC Util Change" value="165.000000"/>
  <attribute name="GC Util currently" value="165" />
  <attribute name="CPU Util currently" value="13871192301664" />
<exclusive-end id="6294" timestamp="2019-07-07T05:37:58.211" durationms="5.575" />

<exclusive-start id="6295" timestamp="2019-07-07T05:37:58.215" intervalms="9.706">
  <response-info timems="0.074" idlems="0.074" threads="0" lastid="000000000202A700" lastname="main" />
</exclusive-start>
<allocation-taxation id="6296" taxation-threshold="11534336" timestamp="2019-07-07T05:37:58.215" intervalms="9.778" />
<gc-start id="6297" type="global mark phase" contextid="6053" timestamp="2019-07-07T05:37:58.216">
  <mem-info id="6298" free="31457280" total="70254592" percent="44">
    <remembered-set count="101312" freebytes="2399104" totalbytes="2804352" percent="85" regionsoverflowed="0" regionsstable="0" regionsrebuilding="13"/>
  </mem-info>
</gc-start>
<gc-op id="6299" type="mark increment" timems="4.166" contextid="6053" timestamp="2019-07-07T05:37:58.220">
  <trace-info objectcount="6" scancount="6" scanbytes="229528" />
  <cardclean-info objects="67140" bytes="2168320" />
  <finalization candidates="80" enqueued="0" />
  <ownableSynchronizers candidates="22" cleared="0" />
  <references type="soft" candidates="1854" cleared="0" enqueued="0" dynamicThreshold="19" maxThreshold="32" />
  <references type="weak" candidates="5726" cleared="0" enqueued="0" />
  <references type="phantom" candidates="101" cleared="0" enqueued="0" />
  <stringconstants candidates="13269" cleared="0"  />
</gc-op>
<gc-op id="6300" type="classunload" timems="0.004" contextid="6053" timestamp="2019-07-07T05:37:58.220">
  <classunload-info classloadercandidates="53" classloadersunloaded="0" classesunloaded="0" anonymousclassesunloaded="0" quiescems="0.000" setupms="0.004" scanms="0.000" postms="0.000" />
</gc-op>
<gc-end id="6301" type="global mark phase" contextid="6053" durationms="4.634" usertimems="8.000" systemtimems="0.000" timestamp="2019-07-07T05:37:58.220" activeThreads="4">
  <mem-info id="6302" free="31457280" total="70254592" percent="44">
    <remembered-set count="113088" freebytes="2352000" totalbytes="2804352" percent="83" regionsoverflowed="0" regionsstable="0" regionsrebuilding="0"/>
  </mem-info>
</gc-end>
<cycle-end id="6303" type="global mark phase" contextid="6053" timestamp="2019-07-07T05:37:58.220" />
  <attribute name="elasticGC enabled" value="1" />
  <attribute name= "numThreadsSpecified" value="4" />
  <attribute name="heapSize specified" value="0" />
  <attribute name="Current GC Util" value="194" />
  <attribute name= "Current Time Running" value="29021" />
  <attribute name ="GC Interval" value="0" />
  <attribute name="ProportionalT" value="87.000000" />
  <attribute name="ProportionalI" value="87.000000" />
  <attribute name="ProportionalH" value="87.000000" />
  <attribute name="Current Error" value="174.000000" />
  <attribute name="IntegralT" value="87.000000" />
  <attribute name="IntegralI" value="87.000000" />
  <attribute name="IntegralH" value="87.000000" />
  <attribute name="DerivativeT" value="-22.000000" />
  <attribute name="DerivativeI" value="-22.000000" />
  <attribute name="DerivativeH" value="-22.000000" />
  <attribute name="Loop Time for DT" value="1.000000" />
  <attribute name="Output H" value="8388608"/>
  <attribute name="Output I" value="200"/>
  <attribute name="Output T" value="4"/>
  <attribute name="Target GC Util Change" value ="20.000000" />
  <attribute name="Current GC Util Change" value="194.000000"/>
  <attribute name="GC Util currently" value="194" />
  <attribute name="CPU Util currently" value="7306856504360" />
<exclusive-end id="6304" timestamp="2019-07-07T05:37:58.221" durationms="5.402" />

<exclusive-start id="6305" timestamp="2019-07-07T05:37:58.225" intervalms="9.526">
  <response-info timems="0.070" idlems="0.070" threads="0" lastid="000000000202A700" lastname="main" />
</exclusive-start>
<allocation-taxation id="6306" taxation-threshold="11534336" timestamp="2019-07-07T05:37:58.225" intervalms="9.454" />
<cycle-start id="6307" type="partial gc" contextid="0" timestamp="2019-07-07T05:37:58.225" intervalms="19.230" />
<gc-start id="6308" type="partial gc" contextid="6307" timestamp="2019-07-07T05:37:58.225">
  <mem-info id="6309" free="19922944" total="70254592" percent="28">
    <mem type="eden" free="1048520" total="24117248" percent="4" />
    <remembered-set count="82656" freebytes="2473728" totalbytes="2804352" percent="88" regionsoverflowed="0" regionsstable="8" regionsrebuilding="0"/>
  </mem-info>
</gc-start>
<allocation-stats totalBytes="22990680" >
  <allocated-bytes non-tlh="0" tlh="22990680" arrayletleaf="0"/>
  <largest-consumer threadName="main" threadId="000000000202A700" bytes="11496584" />
</allocation-stats>
<gc-op id="6310" type="sweep" timems="0.989" contextid="6307" timestamp="2019-07-07T05:37:58.226" />
<gc-op id="6311" type="copy forward" timems="1.449" contextid="6307" timestamp="2019-07-07T05:37:58.229">
  <memory-copied type="eden" objects="2" bytes="56" bytesdiscarded="0" />
  <memory-copied type="other" objects="0" bytes="0" bytesdiscarded="0" />
  <memory-cardclean objects="14" bytes="400" />
  <regions eden="11" other="1" />
  <remembered-set-cleared processed="80979" cleared="11" durationms="0.579" />
  <stringconstants candidates="13269" cleared="0"  />
</gc-op>
<gc-op id="6312" type="classunload" timems="0.004" contextid="6307" timestamp="2019-07-07T05:37:58.229">
  <classunload-info classloadercandidates="53" classloadersunloaded="0" classesunloaded="0" anonymousclassesunloaded="0" quiescems="0.000" setupms="0.004" scanms="0.000" postms="0.000" />
</gc-op>
<gc-end id="6313" type="partial gc" contextid="6307" durationms="4.008" usertimems="0.000" systemtimems="4.000" timestamp="2019-07-07T05:37:58.229" activeThreads="1">
  <mem-info id="6314" free="42991616" total="70254592" percent="61">
    <mem type="eden" free="1048520" total="1048576" percent="99" />
    <remembered-set count="83136" freebytes="2471808" totalbytes="2804352" percent="88" regionsoverflowed="0" regionsstable="8" regionsrebuilding="0"/>
  </mem-info>
</gc-end>
<cycle-end id="6315" type="partial gc" contextid="6307" timestamp="2019-07-07T05:37:58.229" />
  <attribute name="elasticGC enabled" value="1" />
  <attribute name= "numThreadsSpecified" value="1" />
  <attribute name="heapSize specified" value="0" />
  <attribute name="Current GC Util" value="180" />
  <attribute name= "Current Time Running" value="29029" />
  <attribute name ="GC Interval" value="0" />
  <attribute name="ProportionalT" value="80.000000" />
  <attribute name="ProportionalI" value="80.000000" />
  <attribute name="ProportionalH" value="80.000000" />
  <attribute name="Current Error" value="160.000000" />
  <attribute name="IntegralT" value="0.000000" />
  <attribute name="IntegralI" value="0.000000" />
  <attribute name="IntegralH" value="0.000000" />
  <attribute name="DerivativeT" value="inf" />
  <attribute name="DerivativeI" value="inf" />
  <attribute name="DerivativeH" value="inf" />
  <attribute name="Loop Time for DT" value="0.000000" />
  <attribute name="Output H" value="8388608"/>
  <attribute name="Output I" value="200"/>
  <attribute name="Output T" value="1"/>
  <attribute name="Target GC Util Change" value ="20.000000" />
  <attribute name="Current GC Util Change" value="180.000000"/>
  <attribute name="GC Util currently" value="180" />
  <attribute name="CPU Util currently" value="14225827088496" />
<exclusive-end id="6316" timestamp="2019-07-07T05:37:58.230" durationms="4.924" />

<exclusive-start id="6317" timestamp="2019-07-07T05:37:58.238" intervalms="13.358">
  <response-info timems="0.078" idlems="0.078" threads="0" lastid="000000000202A700" lastname="main" />
</exclusive-start>
<allocation-taxation id="6318" taxation-threshold="24117248" timestamp="2019-07-07T05:37:58.238" intervalms="13.421" />
<cycle-start id="6319" type="partial gc" contextid="0" timestamp="2019-07-07T05:37:58.238" intervalms="13.515" />
<gc-start id="6320" type="partial gc" contextid="6319" timestamp="2019-07-07T05:37:58.239">
  <mem-info id="6321" free="18874368" total="70254592" percent="26">
    <mem type="eden" free="1048520" total="25165824" percent="4" />
    <remembered-set count="82656" freebytes="2473728" totalbytes="2804352" percent="88" regionsoverflowed="0" regionsstable="8" regionsrebuilding="0"/>
  </mem-info>
</gc-start>
<allocation-stats totalBytes="24035824" >
  <allocated-bytes non-tlh="0" tlh="24035824" arrayletleaf="0"/>
  <largest-consumer threadName="main" threadId="000000000202A700" bytes="24035824" />
</allocation-stats>
<gc-op id="6322" type="copy forward" timems="3.507" contextid="6319" timestamp="2019-07-07T05:37:58.243">
  <memory-copied type="eden" objects="2" bytes="56" bytesdiscarded="0" />
  <memory-copied type="other" objects="33905" bytes="818712" bytesdiscarded="30248" />
  <memory-cardclean objects="3877" bytes="258280" />
  <regions eden="23" other="6" />
  <remembered-set-cleared processed="80711" cleared="6200" durationms="0.395" />
  <references type="soft" candidates="17" cleared="0" enqueued="0" dynamicThreshold="19" maxThreshold="32" />
  <references type="weak" candidates="89" cleared="0" enqueued="0" />
  <stringconstants candidates="13269" cleared="0"  />
</gc-op>
<gc-op id="6323" type="classunload" timems="0.004" contextid="6319" timestamp="2019-07-07T05:37:58.243">
  <classunload-info classloadercandidates="53" classloadersunloaded="0" classesunloaded="0" anonymousclassesunloaded="0" quiescems="0.000" setupms="0.004" scanms="0.000" postms="0.000" />
</gc-op>
<heap-resize id="6324" type="contract" space="default" amount="4194304" count="1" timems="0.336" reason="excess free space following gc" timestamp="2019-07-07T05:37:58.244" />
<gc-end id="6325" type="partial gc" contextid="6319" durationms="5.205" usertimems="8.000" systemtimems="4.000" timestamp="2019-07-07T05:37:58.244" activeThreads="4">
  <mem-info id="6326" free="40894464" total="66060288" percent="61">
    <mem type="eden" free="1048520" total="1048576" percent="99" />
    <remembered-set count="79296" freebytes="2487168" totalbytes="2804352" percent="88" regionsoverflowed="0" regionsstable="8" regionsrebuilding="0"/>
  </mem-info>
</gc-end>
<cycle-end id="6327" type="partial gc" contextid="6319" timestamp="2019-07-07T05:37:58.244" />
  <attribute name="elasticGC enabled" value="1" />
  <attribute name= "numThreadsSpecified" value="4" />
  <attribute name="heapSize specified" value="0" />
  <attribute name="Current GC Util" value="0" />
  <attribute name= "Current Time Running" value="29041" />
  <attribute name ="GC Interval" value="0" />
  <attribute name="ProportionalT" value="-10.000000" />
  <attribute name="ProportionalI" value="-10.000000" />
  <attribute name="ProportionalH" value="-10.000000" />
  <attribute name="Current Error" value="-20.000000" />
  <attribute name="IntegralT" value="0.000000" />
  <attribute name="IntegralI" value="0.000000" />
  <attribute name="IntegralH" value="0.000000" />
  <attribute name="DerivativeT" value="-inf" />
  <attribute name="DerivativeI" value="-inf" />
  <attribute name="DerivativeH" value="-inf" />
  <attribute name="Loop Time for DT" value="0.000000" />
  <attribute name="Output H" value="2091843584"/>
  <attribute name="Output I" value="200"/>
  <attribute name="Output T" value="4"/>
  <attribute name="Target GC Util Change" value ="20.000000" />
  <attribute name="Current GC Util Change" value="0.000000"/>
  <attribute name="GC Util currently" value="0" />
  <attribute name="CPU Util currently" value="14752013499082" />
<exclusive-end id="6328" timestamp="2019-07-07T05:37:58.244" durationms="6.213" />

<exclusive-start id="6329" timestamp="2019-07-07T05:37:58.252" intervalms="14.239">
  <response-info timems="0.070" idlems="0.070" threads="0" lastid="000000000202A700" lastname="main" />
</exclusive-start>
<allocation-taxation id="6330" taxation-threshold="23068672" timestamp="2019-07-07T05:37:58.252" intervalms="14.180" />
<cycle-start id="6331" type="partial gc" contextid="0" timestamp="2019-07-07T05:37:58.252" intervalms="14.085" />
<gc-start id="6332" type="partial gc" contextid="6331" timestamp="2019-07-07T05:37:58.253">
  <mem-info id="6333" free="17825792" total="66060288" percent="26">
    <mem type="eden" free="1048520" total="24117248" percent="4" />
    <remembered-set count="76288" freebytes="2499200" totalbytes="2804352" percent="89" regionsoverflowed="0" regionsstable="10" regionsrebuilding="0"/>
  </mem-info>
</gc-start>
<allocation-stats totalBytes="22990680" >
  <allocated-bytes non-tlh="0" tlh="22990680" arrayletleaf="0"/>
  <largest-consumer threadName="main" threadId="000000000202A700" bytes="22990680" />
</allocation-stats>
<gc-op id="6334" type="copy forward" timems="4.043" contextid="6331" timestamp="2019-07-07T05:37:58.258">
  <memory-copied type="eden" objects="2" bytes="56" bytesdiscarded="0" />
  <memory-copied type="other" objects="35855" bytes="940816" bytesdiscarded="19832" />
  <memory-cardclean objects="42614" bytes="1591144" />
  <regions eden="22" other="4" />
  <remembered-set-cleared processed="68539" cleared="16516" durationms="0.488" />
  <references type="weak" candidates="7" cleared="0" enqueued="0" />
  <stringconstants candidates="13269" cleared="0"  />
</gc-op>
<gc-op id="6335" type="classunload" timems="0.004" contextid="6331" timestamp="2019-07-07T05:37:58.258">
  <classunload-info classloadercandidates="53" classloadersunloaded="0" classesunloaded="0" anonymousclassesunloaded="0" quiescems="0.000" setupms="0.004" scanms="0.000" postms="0.000" />
</gc-op>
<heap-resize id="6336" type="contract" space="default" amount="4194304" count="1" timems="0.305" reason="excess free space following gc" timestamp="2019-07-07T05:37:58.259" />
<gc-end id="6337" type="partial gc" contextid="6331" durationms="6.070" usertimems="4.000" systemtimems="4.000" timestamp="2019-07-07T05:37:58.259" activeThreads="4">
  <mem-info id="6338" free="38797312" total="61865984" percent="62">
    <mem type="eden" free="1048520" total="1048576" percent="99" />
    <remembered-set count="60192" freebytes="2396160" totalbytes="2636928" percent="90" regionsoverflowed="0" regionsstable="10" regionsrebuilding="0"/>
  </mem-info>
</gc-end>
<cycle-end id="6339" type="partial gc" contextid="6331" timestamp="2019-07-07T05:37:58.259" />
  <attribute name="elasticGC enabled" value="1" />
  <attribute name= "numThreadsSpecified" value="4" />
  <attribute name="heapSize specified" value="0" />
  <attribute name="Current GC Util" value="99" />
  <attribute name= "Current Time Running" value="29056" />
  <attribute name ="GC Interval" value="0" />
  <attribute name="ProportionalT" value="39.500000" />
  <attribute name="ProportionalI" value="39.500000" />
  <attribute name="ProportionalH" value="39.500000" />
  <attribute name="Current Error" value="79.000000" />
  <attribute name="IntegralT" value="39.500000" />
  <attribute name="IntegralI" value="39.500000" />
  <attribute name="IntegralH" value="39.500000" />
  <attribute name="DerivativeT" value="26.000000" />
  <attribute name="DerivativeI" value="26.000000" />
  <attribute name="DerivativeH" value="26.000000" />
  <attribute name="Loop Time for DT" value="1.000000" />
  <attribute name="Output H" value="8388608"/>
  <attribute name="Output I" value="200"/>
  <attribute name="Output T" value="4"/>
  <attribute name="Target GC Util Change" value ="20.000000" />
  <attribute name="Current GC Util Change" value="99.000000"/>
  <attribute name="GC Util currently" value="99" />
  <attribute name="CPU Util currently" value="7927291452193" />
<exclusive-end id="6340" timestamp="2019-07-07T05:37:58.259" durationms="7.069" />

<exclusive-start id="6341" timestamp="2019-07-07T05:37:58.267" intervalms="14.772">
  <response-info timems="0.069" idlems="0.069" threads="0" lastid="000000000202A700" lastname="main" />
</exclusive-start>
<allocation-taxation id="6342" taxation-threshold="22020096" timestamp="2019-07-07T05:37:58.267" intervalms="14.825" />
<cycle-start id="6343" type="partial gc" contextid="0" timestamp="2019-07-07T05:37:58.267" intervalms="14.832" />
<gc-start id="6344" type="partial gc" contextid="6343" timestamp="2019-07-07T05:37:58.268">
  <mem-info id="6345" free="16777216" total="61865984" percent="27">
    <mem type="eden" free="1048520" total="23068672" percent="4" />
    <remembered-set count="59520" freebytes="2398848" totalbytes="2636928" percent="90" regionsoverflowed="0" regionsstable="11" regionsrebuilding="0"/>
  </mem-info>
</gc-start>
<allocation-stats totalBytes="21945536" >
  <allocated-bytes non-tlh="0" tlh="21945536" arrayletleaf="0"/>
  <largest-consumer threadName="main" threadId="000000000202A700" bytes="21945536" />
</allocation-stats>
<gc-op id="6346" type="copy forward" timems="4.060" contextid="6343" timestamp="2019-07-07T05:37:58.273">
  <memory-copied type="eden" objects="2" bytes="56" bytesdiscarded="736" />
  <memory-copied type="other" objects="67" bytes="2872" bytesdiscarded="1168" />
  <memory-cardclean objects="124691" bytes="4283896" />
  <regions eden="21" other="2" />
  <remembered-set-cleared processed="33997" cleared="12078" durationms="0.258" />
  <stringconstants candidates="13269" cleared="0"  />
</gc-op>
<gc-op id="6347" type="classunload" timems="0.004" contextid="6343" timestamp="2019-07-07T05:37:58.273">
  <classunload-info classloadercandidates="53" classloadersunloaded="0" classesunloaded="0" anonymousclassesunloaded="0" quiescems="0.000" setupms="0.004" scanms="0.000" postms="0.000" />
</gc-op>
<heap-resize id="6348" type="contract" space="default" amount="2097152" count="1" timems="0.194" reason="excess free space following gc" timestamp="2019-07-07T05:37:58.273" />
<gc-end id="6349" type="partial gc" contextid="6343" durationms="5.800" usertimems="12.000" systemtimems="0.000" timestamp="2019-07-07T05:37:58.273" activeThreads="4">
  <mem-info id="6350" free="36700160" total="59768832" percent="61">
    <mem type="eden" free="1047784" total="1048576" percent="99" />
    <remembered-set count="36736" freebytes="2322560" totalbytes="2469504" percent="94" regionsoverflowed="0" regionsstable="11" regionsrebuilding="0"/>
  </mem-info>
</gc-end>
<cycle-end id="6351" type="partial gc" contextid="6343" timestamp="2019-07-07T05:37:58.274" />
  <attribute name="elasticGC enabled" value="1" />
  <attribute name= "numThreadsSpecified" value="4" />
  <attribute name="heapSize specified" value="0" />
  <attribute name="Current GC Util" value="41" />
  <attribute name= "Current Time Running" value="29070" />
  <attribute name ="GC Interval" value="0" />
  <attribute name="ProportionalT" value="10.500000" />
  <attribute name="ProportionalI" value="10.500000" />
  <attribute name="ProportionalH" value="10.500000" />
  <attribute name="Current Error" value="21.000000" />
  <attribute name="IntegralT" value="0.000000" />
  <attribute name="IntegralI" value="0.000000" />
  <attribute name="IntegralH" value="0.000000" />
  <attribute name="DerivativeT" value="-inf" />
  <attribute name="DerivativeI" value="-inf" />
  <attribute name="DerivativeH" value="-inf" />
  <attribute name="Loop Time for DT" value="0.000000" />
  <attribute name="Output H" value="2091843584"/>
  <attribute name="Output I" value="200"/>
  <attribute name="Output T" value="4"/>
  <attribute name="Target GC Util Change" value ="20.000000" />
  <attribute name="Current GC Util Change" value="41.000000"/>
  <attribute name="GC Util currently" value="41" />
  <attribute name="CPU Util currently" value="10310350954655" />
<exclusive-end id="6352" timestamp="2019-07-07T05:37:58.274" durationms="6.838" />

<exclusive-start id="6353" timestamp="2019-07-07T05:37:58.278" intervalms="10.613">
  <response-info timems="0.071" idlems="0.071" threads="0" lastid="000000000202A700" lastname="main" />
</exclusive-start>
<allocation-taxation id="6354" taxation-threshold="10485760" timestamp="2019-07-07T05:37:58.278" intervalms="10.619" />
<cycle-start id="6355" type="global mark phase" contextid="0" timestamp="2019-07-07T05:37:58.278" intervalms="233.274" />
<gc-start id="6356" type="global mark phase" contextid="6355" timestamp="2019-07-07T05:37:58.278">
  <mem-info id="6357" free="26214400" total="59768832" percent="43">
    <remembered-set count="36480" freebytes="2323584" totalbytes="2469504" percent="94" regionsoverflowed="0" regionsstable="11" regionsrebuilding="0"/>
  </mem-info>
</gc-start>
<gc-op id="6358" type="mark increment" timems="0.552" contextid="6355" timestamp="2019-07-07T05:37:58.279">
  <trace-info objectcount="179" scancount="0" scanbytes="0" />
</gc-op>
<gc-end id="6359" type="global mark phase" contextid="6355" durationms="0.884" usertimems="0.000" systemtimems="0.000" timestamp="2019-07-07T05:37:58.279" activeThreads="4">
  <mem-info id="6360" free="26214400" total="59768832" percent="43">
    <remembered-set count="36480" freebytes="2323584" totalbytes="2469504" percent="94" regionsoverflowed="0" regionsstable="0" regionsrebuilding="11"/>
  </mem-info>
</gc-end>
<concurrent-start id="6361" type="GMP work packet processing" contextid="6355" timestamp="2019-07-07T05:37:58.279">
  <concurrent-mark-start scanTarget="1380894" />
</concurrent-start>
<exclusive-end id="6362" timestamp="2019-07-07T05:37:58.279" durationms="1.609" />

<concurrent-end id="6363" type="GMP work packet processing" contextid="6355" timestamp="2019-07-07T05:37:58.281">
  <concurrent-mark-end bytesScanned="1422300" reasonForTermination="Work target met" />
</concurrent-end>

<exclusive-start id="6364" timestamp="2019-07-07T05:37:58.283" intervalms="5.414">
  <response-info timems="0.069" idlems="0.069" threads="0" lastid="000000000202A700" lastname="main" />
</exclusive-start>
<allocation-taxation id="6365" taxation-threshold="10485760" timestamp="2019-07-07T05:37:58.283" intervalms="5.403" />
<cycle-start id="6366" type="partial gc" contextid="0" timestamp="2019-07-07T05:37:58.283" intervalms="16.101" />
<gc-start id="6367" type="partial gc" contextid="6366" timestamp="2019-07-07T05:37:58.284">
  <mem-info id="6368" free="15728640" total="59768832" percent="26">
    <mem type="eden" free="1047784" total="22020096" percent="4" />
    <remembered-set count="43424" freebytes="2295808" totalbytes="2469504" percent="92" regionsoverflowed="0" regionsstable="0" regionsrebuilding="11"/>
  </mem-info>
</gc-start>
<allocation-stats totalBytes="20900392" >
  <allocated-bytes non-tlh="0" tlh="20900392" arrayletleaf="0"/>
  <largest-consumer threadName="main" threadId="000000000202A700" bytes="10451416" />
</allocation-stats>
<gc-op id="6369" type="copy forward" timems="2.411" contextid="6366" timestamp="2019-07-07T05:37:58.287">
  <memory-copied type="eden" objects="2" bytes="56" bytesdiscarded="0" />
  <memory-copied type="other" objects="0" bytes="0" bytesdiscarded="0" />
  <memory-cardclean objects="14398" bytes="624848" />
  <regions eden="20" other="1" />
  <remembered-set-cleared processed="39383" cleared="2936" durationms="0.206" />
  <stringconstants candidates="13269" cleared="0"  />
</gc-op>
<gc-op id="6370" type="classunload" timems="0.004" contextid="6366" timestamp="2019-07-07T05:37:58.287">
  <classunload-info classloadercandidates="53" classloadersunloaded="0" classesunloaded="0" anonymousclassesunloaded="0" quiescems="0.000" setupms="0.004" scanms="0.000" postms="0.000" />
</gc-op>
<gc-end id="6371" type="partial gc" contextid="6366" durationms="3.567" usertimems="8.000" systemtimems="0.000" timestamp="2019-07-07T05:37:58.287" activeThreads="4">
  <mem-info id="6372" free="36700160" total="59768832" percent="61">
    <mem type="eden" free="1048520" total="1048576" percent="99" />
    <remembered-set count="41952" freebytes="2217984" totalbytes="2385792" percent="92" regionsoverflowed="0" regionsstable="0" regionsrebuilding="11"/>
  </mem-info>
</gc-end>
<cycle-end id="6373" type="partial gc" contextid="6366" timestamp="2019-07-07T05:37:58.287" />
  <attribute name="elasticGC enabled" value="1" />
  <attribute name= "numThreadsSpecified" value="4" />
  <attribute name="heapSize specified" value="0" />
  <attribute name="Current GC Util" value="32" />
  <attribute name= "Current Time Running" value="29086" />
  <attribute name ="GC Interval" value="0" />
  <attribute name="ProportionalT" value="6.000000" />
  <attribute name="ProportionalI" value="6.000000" />
  <attribute name="ProportionalH" value="6.000000" />
  <attribute name="Current Error" value="12.000000" />
  <attribute name="IntegralT" value="0.000000" />
  <attribute name="IntegralI" value="0.000000" />
  <attribute name="IntegralH" value="0.000000" />
  <attribute name="DerivativeT" value="-inf" />
  <attribute name="DerivativeI" value="-inf" />
  <attribute name="DerivativeH" value="-inf" />
  <attribute name="Loop Time for DT" value="0.000000" />
  <attribute name="Output H" value="2091843584"/>
  <attribute name="Output I" value="200"/>
  <attribute name="Output T" value="4"/>
  <attribute name="Target GC Util Change" value ="20.000000" />
  <attribute name="Current GC Util Change" value="32.000000"/>
  <attribute name="GC Util currently" value="32" />
  <attribute name="CPU Util currently" value="12199291448784" />
<exclusive-end id="6374" timestamp="2019-07-07T05:37:58.288" durationms="4.585" />

<exclusive-start id="6375" timestamp="2019-07-07T05:37:58.291" intervalms="8.340">
  <response-info timems="0.076" idlems="0.076" threads="0" lastid="000000000202A700" lastname="main" />
</exclusive-start>
<allocation-taxation id="6376" taxation-threshold="10485760" timestamp="2019-07-07T05:37:58.292" intervalms="8.356" />
<gc-start id="6377" type="global mark phase" contextid="6355" timestamp="2019-07-07T05:37:58.292">
  <mem-info id="6378" free="26214400" total="59768832" percent="43">
    <remembered-set count="41536" freebytes="2219648" totalbytes="2385792" percent="93" regionsoverflowed="0" regionsstable="0" regionsrebuilding="11"/>
  </mem-info>
</gc-start>
<gc-end id="6379" type="global mark phase" contextid="6355" durationms="0.082" usertimems="0.000" systemtimems="0.000" timestamp="2019-07-07T05:37:58.292" activeThreads="4">
  <mem-info id="6380" free="26214400" total="59768832" percent="43">
    <remembered-set count="41536" freebytes="2219648" totalbytes="2385792" percent="93" regionsoverflowed="0" regionsstable="0" regionsrebuilding="11"/>
  </mem-info>
</gc-end>
<concurrent-start id="6381" type="GMP work packet processing" contextid="6355" timestamp="2019-07-07T05:37:58.292">
  <concurrent-mark-start scanTarget="1380894" />
</concurrent-start>
<exclusive-end id="6382" timestamp="2019-07-07T05:37:58.292" durationms="0.692" />

<concurrent-end id="6383" type="GMP work packet processing" contextid="6355" timestamp="2019-07-07T05:37:58.293">
  <concurrent-mark-end bytesScanned="1432612" reasonForTermination="Work target met" />
</concurrent-end>

<exclusive-start id="6384" timestamp="2019-07-07T05:37:58.296" intervalms="4.417">
  <response-info timems="0.085" idlems="0.085" threads="0" lastid="000000000202A700" lastname="main" />
</exclusive-start>
<allocation-taxation id="6385" taxation-threshold="10485760" timestamp="2019-07-07T05:37:58.296" intervalms="4.347" />
<cycle-start id="6386" type="partial gc" contextid="0" timestamp="2019-07-07T05:37:58.296" intervalms="12.603" />
<gc-start id="6387" type="partial gc" contextid="6386" timestamp="2019-07-07T05:37:58.296">
  <mem-info id="6388" free="15728640" total="59768832" percent="26">
    <mem type="eden" free="1048520" total="22020096" percent="4" />
    <remembered-set count="47712" freebytes="2194944" totalbytes="2385792" percent="92" regionsoverflowed="0" regionsstable="0" regionsrebuilding="11"/>
  </mem-info>
</gc-start>
<allocation-stats totalBytes="20900392" >
  <allocated-bytes non-tlh="0" tlh="20900392" arrayletleaf="0"/>
  <largest-consumer threadName="main" threadId="000000000202A700" bytes="10451416" />
</allocation-stats>
<gc-op id="6389" type="copy forward" timems="1.690" contextid="6386" timestamp="2019-07-07T05:37:58.298">
  <memory-copied type="eden" objects="2" bytes="56" bytesdiscarded="0" />
  <memory-copied type="other" objects="0" bytes="0" bytesdiscarded="0" />
  <memory-cardclean objects="3" bytes="136" />
  <regions eden="20" other="1" />
  <remembered-set-cleared processed="45503" cleared="6" durationms="0.180" />
  <stringconstants candidates="13269" cleared="0"  />
</gc-op>
<gc-op id="6390" type="classunload" timems="0.003" contextid="6386" timestamp="2019-07-07T05:37:58.299">
  <classunload-info classloadercandidates="53" classloadersunloaded="0" classesunloaded="0" anonymousclassesunloaded="0" quiescems="0.000" setupms="0.003" scanms="0.000" postms="0.000" />
</gc-op>
<gc-end id="6391" type="partial gc" contextid="6386" durationms="2.558" usertimems="4.000" systemtimems="0.000" timestamp="2019-07-07T05:37:58.299" activeThreads="4">
  <mem-info id="6392" free="36700160" total="59768832" percent="61">
    <mem type="eden" free="1048520" total="1048576" percent="99" />
    <remembered-set count="47328" freebytes="2196480" totalbytes="2385792" percent="92" regionsoverflowed="0" regionsstable="0" regionsrebuilding="11"/>
  </mem-info>
</gc-end>
<cycle-end id="6393" type="partial gc" contextid="6386" timestamp="2019-07-07T05:37:58.299" />
  <attribute name="elasticGC enabled" value="1" />
  <attribute name= "numThreadsSpecified" value="4" />
  <attribute name="heapSize specified" value="0" />
  <attribute name="Current GC Util" value="63" />
  <attribute name= "Current Time Running" value="29098" />
  <attribute name ="GC Interval" value="0" />
  <attribute name="ProportionalT" value="21.500000" />
  <attribute name="ProportionalI" value="21.500000" />
  <attribute name="ProportionalH" value="21.500000" />
  <attribute name="Current Error" value="43.000000" />
  <attribute name="IntegralT" value="0.000000" />
  <attribute name="IntegralI" value="0.000000" />
  <attribute name="IntegralH" value="0.000000" />
  <attribute name="DerivativeT" value="-inf" />
  <attribute name="DerivativeI" value="-inf" />
  <attribute name="DerivativeH" value="-inf" />
  <attribute name="Loop Time for DT" value="0.000000" />
  <attribute name="Output H" value="2091843584"/>
  <attribute name="Output I" value="200"/>
  <attribute name="Output T" value="4"/>
  <attribute name="Target GC Util Change" value ="20.000000" />
  <attribute name="Current GC Util Change" value="63.000000"/>
  <attribute name="GC Util currently" value="63" />
  <attribute name="CPU Util currently" value="27446590646885" />
<exclusive-end id="6394" timestamp="2019-07-07T05:37:58.299" durationms="3.390" />

<exclusive-start id="6395" timestamp="2019-07-07T05:37:58.303" intervalms="7.187">
  <response-info timems="0.076" idlems="0.076" threads="0" lastid="000000000202A700" lastname="main" />
</exclusive-start>
<allocation-taxation id="6396" taxation-threshold="10485760" timestamp="2019-07-07T05:37:58.303" intervalms="7.257" />
<gc-start id="6397" type="global mark phase" contextid="6355" timestamp="2019-07-07T05:37:58.303">
  <mem-info id="6398" free="26214400" total="59768832" percent="43">
    <remembered-set count="47328" freebytes="2196480" totalbytes="2385792" percent="92" regionsoverflowed="0" regionsstable="0" regionsrebuilding="11"/>
  </mem-info>
</gc-start>
<gc-end id="6399" type="global mark phase" contextid="6355" durationms="0.148" usertimems="0.000" systemtimems="0.000" timestamp="2019-07-07T05:37:58.304" activeThreads="4">
  <mem-info id="6400" free="26214400" total="59768832" percent="43">
    <remembered-set count="47328" freebytes="2196480" totalbytes="2385792" percent="92" regionsoverflowed="0" regionsstable="0" regionsrebuilding="11"/>
  </mem-info>
</gc-end>
<concurrent-start id="6401" type="GMP work packet processing" contextid="6355" timestamp="2019-07-07T05:37:58.304">
  <concurrent-mark-start scanTarget="1380894" />
</concurrent-start>
<exclusive-end id="6402" timestamp="2019-07-07T05:37:58.304" durationms="0.768" />

<concurrent-end id="6403" type="GMP work packet processing" contextid="6355" timestamp="2019-07-07T05:37:58.305">
  <concurrent-mark-end bytesScanned="1429968" reasonForTermination="Work target met" />
</concurrent-end>

<exclusive-start id="6404" timestamp="2019-07-07T05:37:58.308" intervalms="4.512">
  <response-info timems="0.071" idlems="0.071" threads="0" lastid="000000000202A700" lastname="main" />
</exclusive-start>
<allocation-taxation id="6405" taxation-threshold="10485760" timestamp="2019-07-07T05:37:58.308" intervalms="4.440" />
<cycle-start id="6406" type="partial gc" contextid="0" timestamp="2019-07-07T05:37:58.308" intervalms="11.688" />
<gc-start id="6407" type="partial gc" contextid="6406" timestamp="2019-07-07T05:37:58.308">
  <mem-info id="6408" free="15728640" total="59768832" percent="26">
    <mem type="eden" free="1048520" total="22020096" percent="4" />
    <remembered-set count="49888" freebytes="2186240" totalbytes="2385792" percent="91" regionsoverflowed="0" regionsstable="0" regionsrebuilding="11"/>
  </mem-info>
</gc-start>
<allocation-stats totalBytes="20900416" >
  <allocated-bytes non-tlh="0" tlh="20900416" arrayletleaf="0"/>
  <largest-consumer threadName="main" threadId="000000000202A700" bytes="10451440" />
</allocation-stats>
<gc-op id="6409" type="copy forward" timems="1.440" contextid="6406" timestamp="2019-07-07T05:37:58.310">
  <memory-copied type="eden" objects="2" bytes="56" bytesdiscarded="0" />
  <memory-copied type="other" objects="0" bytes="0" bytesdiscarded="0" />
  <memory-cardclean objects="3" bytes="136" />
  <regions eden="20" other="1" />
  <remembered-set-cleared processed="48041" cleared="6" durationms="0.343" />
  <stringconstants candidates="13269" cleared="0"  />
</gc-op>
<gc-op id="6410" type="classunload" timems="0.004" contextid="6406" timestamp="2019-07-07T05:37:58.310">
  <classunload-info classloadercandidates="53" classloadersunloaded="0" classesunloaded="0" anonymousclassesunloaded="0" quiescems="0.000" setupms="0.004" scanms="0.000" postms="0.000" />
</gc-op>
<gc-end id="6411" type="partial gc" contextid="6406" durationms="2.646" usertimems="4.000" systemtimems="0.000" timestamp="2019-07-07T05:37:58.311" activeThreads="1">
  <mem-info id="6412" free="36700160" total="59768832" percent="61">
    <mem type="eden" free="1048520" total="1048576" percent="99" />
    <remembered-set count="50368" freebytes="2184320" totalbytes="2385792" percent="91" regionsoverflowed="0" regionsstable="0" regionsrebuilding="11"/>
  </mem-info>
</gc-end>
<cycle-end id="6413" type="partial gc" contextid="6406" timestamp="2019-07-07T05:37:58.311" />
  <attribute name="elasticGC enabled" value="1" />
  <attribute name= "numThreadsSpecified" value="1" />
  <attribute name="heapSize specified" value="0" />
  <attribute name="Current GC Util" value="160" />
  <attribute name= "Current Time Running" value="29110" />
  <attribute name ="GC Interval" value="0" />
  <attribute name="ProportionalT" value="70.000000" />
  <attribute name="ProportionalI" value="70.000000" />
  <attribute name="ProportionalH" value="70.000000" />
  <attribute name="Current Error" value="140.000000" />
  <attribute name="IntegralT" value="0.000000" />
  <attribute name="IntegralI" value="0.000000" />
  <attribute name="IntegralH" value="0.000000" />
  <attribute name="DerivativeT" value="inf" />
  <attribute name="DerivativeI" value="inf" />
  <attribute name="DerivativeH" value="inf" />
  <attribute name="Loop Time for DT" value="0.000000" />
  <attribute name="Output H" value="8388608"/>
  <attribute name="Output I" value="200"/>
  <attribute name="Output T" value="1"/>
  <attribute name="Target GC Util Change" value ="20.000000" />
  <attribute name="Current GC Util Change" value="160.000000"/>
  <attribute name="GC Util currently" value="160" />
  <attribute name="CPU Util currently" value="13924424798349" />
<exclusive-end id="6414" timestamp="2019-07-07T05:37:58.311" durationms="3.526" />

<exclusive-start id="6415" timestamp="2019-07-07T05:37:58.315" intervalms="7.299">
  <response-info timems="0.072" idlems="0.072" threads="0" lastid="000000000202A700" lastname="main" />
</exclusive-start>
<allocation-taxation id="6416" taxation-threshold="10485760" timestamp="2019-07-07T05:37:58.315" intervalms="7.367" />
<gc-start id="6417" type="global mark phase" contextid="6355" timestamp="2019-07-07T05:37:58.315">
  <mem-info id="6418" free="26214400" total="59768832" percent="43">
    <remembered-set count="49920" freebytes="2186112" totalbytes="2385792" percent="91" regionsoverflowed="0" regionsstable="0" regionsrebuilding="11"/>
  </mem-info>
</gc-start>
<gc-end id="6419" type="global mark phase" contextid="6355" durationms="0.147" usertimems="0.000" systemtimems="0.000" timestamp="2019-07-07T05:37:58.315" activeThreads="1">
  <mem-info id="6420" free="26214400" total="59768832" percent="43">
    <remembered-set count="49920" freebytes="2186112" totalbytes="2385792" percent="91" regionsoverflowed="0" regionsstable="0" regionsrebuilding="11"/>
  </mem-info>
</gc-end>
<concurrent-start id="6421" type="GMP work packet processing" contextid="6355" timestamp="2019-07-07T05:37:58.315">
  <concurrent-mark-start scanTarget="1048576" />
</concurrent-start>
<exclusive-end id="6422" timestamp="2019-07-07T05:37:58.316" durationms="0.849" />

<concurrent-end id="6423" type="GMP work packet processing" contextid="6355" timestamp="2019-07-07T05:37:58.317">
  <concurrent-mark-end bytesScanned="1101132" reasonForTermination="Work target met" />
</concurrent-end>

<exclusive-start id="6424" timestamp="2019-07-07T05:37:58.319" intervalms="4.573">
  <response-info timems="0.069" idlems="0.069" threads="0" lastid="000000000202A700" lastname="main" />
</exclusive-start>
<allocation-taxation id="6425" taxation-threshold="10485760" timestamp="2019-07-07T05:37:58.319" intervalms="4.505" />
<cycle-start id="6426" type="partial gc" contextid="0" timestamp="2019-07-07T05:37:58.320" intervalms="11.885" />
<gc-start id="6427" type="partial gc" contextid="6426" timestamp="2019-07-07T05:37:58.320">
  <mem-info id="6428" free="15728640" total="59768832" percent="26">
    <mem type="eden" free="1048520" total="22020096" percent="4" />
    <remembered-set count="52480" freebytes="2175872" totalbytes="2385792" percent="91" regionsoverflowed="0" regionsstable="0" regionsrebuilding="11"/>
  </mem-info>
</gc-start>
<allocation-stats totalBytes="20900392" >
  <allocated-bytes non-tlh="0" tlh="20900392" arrayletleaf="0"/>
  <largest-consumer threadName="main" threadId="000000000202A700" bytes="10451440" />
</allocation-stats>
<gc-op id="6429" type="copy forward" timems="1.460" contextid="6426" timestamp="2019-07-07T05:37:58.322">
  <memory-copied type="eden" objects="2" bytes="56" bytesdiscarded="0" />
  <memory-copied type="other" objects="0" bytes="0" bytesdiscarded="0" />
  <memory-cardclean objects="3" bytes="136" />
  <regions eden="20" other="1" />
  <remembered-set-cleared processed="50264" cleared="7" durationms="0.346" />
  <stringconstants candidates="13269" cleared="0"  />
</gc-op>
<gc-op id="6430" type="classunload" timems="0.003" contextid="6426" timestamp="2019-07-07T05:37:58.322">
  <classunload-info classloadercandidates="53" classloadersunloaded="0" classesunloaded="0" anonymousclassesunloaded="0" quiescems="0.000" setupms="0.003" scanms="0.000" postms="0.000" />
</gc-op>
<gc-end id="6431" type="partial gc" contextid="6426" durationms="2.658" usertimems="4.000" systemtimems="0.000" timestamp="2019-07-07T05:37:58.322" activeThreads="1">
  <mem-info id="6432" free="36700160" total="59768832" percent="61">
    <mem type="eden" free="1048520" total="1048576" percent="99" />
    <remembered-set count="52928" freebytes="2174080" totalbytes="2385792" percent="91" regionsoverflowed="0" regionsstable="0" regionsrebuilding="11"/>
  </mem-info>
</gc-end>
<cycle-end id="6433" type="partial gc" contextid="6426" timestamp="2019-07-07T05:37:58.323" />
  <attribute name="elasticGC enabled" value="1" />
  <attribute name= "numThreadsSpecified" value="1" />
  <attribute name="heapSize specified" value="0" />
  <attribute name="Current GC Util" value="166" />
  <attribute name= "Current Time Running" value="29122" />
  <attribute name ="GC Interval" value="0" />
  <attribute name="ProportionalT" value="73.000000" />
  <attribute name="ProportionalI" value="73.000000" />
  <attribute name="ProportionalH" value="73.000000" />
  <attribute name="Current Error" value="146.000000" />
  <attribute name="IntegralT" value="0.000000" />
  <attribute name="IntegralI" value="0.000000" />
  <attribute name="IntegralH" value="0.000000" />
  <attribute name="DerivativeT" value="inf" />
  <attribute name="DerivativeI" value="inf" />
  <attribute name="DerivativeH" value="inf" />
  <attribute name="Loop Time for DT" value="0.000000" />
  <attribute name="Output H" value="8388608"/>
  <attribute name="Output I" value="200"/>
  <attribute name="Output T" value="1"/>
  <attribute name="Target GC Util Change" value ="20.000000" />
  <attribute name="Current GC Util Change" value="166.000000"/>
  <attribute name="GC Util currently" value="166" />
  <attribute name="CPU Util currently" value="13876451293755" />
<exclusive-end id="6434" timestamp="2019-07-07T05:37:58.323" durationms="3.514" />

<exclusive-start id="6435" timestamp="2019-07-07T05:37:58.327" intervalms="7.226">
  <response-info timems="0.076" idlems="0.076" threads="0" lastid="000000000202A700" lastname="main" />
</exclusive-start>
<allocation-taxation id="6436" taxation-threshold="10485760" timestamp="2019-07-07T05:37:58.327" intervalms="7.302" />
<gc-start id="6437" type="global mark phase" contextid="6355" timestamp="2019-07-07T05:37:58.327">
  <mem-info id="6438" free="26214400" total="59768832" percent="43">
    <remembered-set count="52480" freebytes="2175872" totalbytes="2385792" percent="91" regionsoverflowed="0" regionsstable="0" regionsrebuilding="11"/>
  </mem-info>
</gc-start>
<gc-end id="6439" type="global mark phase" contextid="6355" durationms="0.192" usertimems="0.000" systemtimems="0.000" timestamp="2019-07-07T05:37:58.327" activeThreads="1">
  <mem-info id="6440" free="26214400" total="59768832" percent="43">
    <remembered-set count="52480" freebytes="2175872" totalbytes="2385792" percent="91" regionsoverflowed="0" regionsstable="0" regionsrebuilding="11"/>
  </mem-info>
</gc-end>
<concurrent-start id="6441" type="GMP work packet processing" contextid="6355" timestamp="2019-07-07T05:37:58.327">
  <concurrent-mark-start scanTarget="1048576" />
</concurrent-start>
<exclusive-end id="6442" timestamp="2019-07-07T05:37:58.328" durationms="0.938" />

<concurrent-end id="6443" type="GMP work packet processing" contextid="6355" timestamp="2019-07-07T05:37:58.329">
  <concurrent-mark-end bytesScanned="1094620" reasonForTermination="Work target met" />
</concurrent-end>

<exclusive-start id="6444" timestamp="2019-07-07T05:37:58.331" intervalms="4.650">
  <response-info timems="0.053" idlems="0.053" threads="0" lastid="000000000202A700" lastname="main" />
</exclusive-start>
<allocation-taxation id="6445" taxation-threshold="10485760" timestamp="2019-07-07T05:37:58.331" intervalms="4.573" />
<cycle-start id="6446" type="partial gc" contextid="0" timestamp="2019-07-07T05:37:58.331" intervalms="11.867" />
<gc-start id="6447" type="partial gc" contextid="6446" timestamp="2019-07-07T05:37:58.332">
  <mem-info id="6448" free="15728640" total="59768832" percent="26">
    <mem type="eden" free="1048520" total="22020096" percent="4" />
    <remembered-set count="54528" freebytes="2167680" totalbytes="2385792" percent="90" regionsoverflowed="0" regionsstable="0" regionsrebuilding="11"/>
  </mem-info>
</gc-start>
<allocation-stats totalBytes="20900392" >
  <allocated-bytes non-tlh="0" tlh="20900392" arrayletleaf="0"/>
  <largest-consumer threadName="main" threadId="000000000202A700" bytes="10451440" />
</allocation-stats>
<gc-op id="6449" type="copy forward" timems="1.451" contextid="6446" timestamp="2019-07-07T05:37:58.334">
  <memory-copied type="eden" objects="2" bytes="56" bytesdiscarded="0" />
  <memory-copied type="other" objects="0" bytes="0" bytesdiscarded="0" />
  <memory-cardclean objects="3" bytes="136" />
  <regions eden="20" other="1" />
  <remembered-set-cleared processed="52402" cleared="7" durationms="0.361" />
  <stringconstants candidates="13269" cleared="0"  />
</gc-op>
<gc-op id="6450" type="classunload" timems="0.004" contextid="6446" timestamp="2019-07-07T05:37:58.334">
  <classunload-info classloadercandidates="53" classloadersunloaded="0" classesunloaded="0" anonymousclassesunloaded="0" quiescems="0.000" setupms="0.004" scanms="0.000" postms="0.000" />
</gc-op>
<gc-end id="6451" type="partial gc" contextid="6446" durationms="2.659" usertimems="4.000" systemtimems="0.000" timestamp="2019-07-07T05:37:58.334" activeThreads="1">
  <mem-info id="6452" free="36700160" total="59768832" percent="61">
    <mem type="eden" free="1048520" total="1048576" percent="99" />
    <remembered-set count="54976" freebytes="2165888" totalbytes="2385792" percent="90" regionsoverflowed="0" regionsstable="0" regionsrebuilding="11"/>
  </mem-info>
</gc-end>
<cycle-end id="6453" type="partial gc" contextid="6446" timestamp="2019-07-07T05:37:58.334" />
  <attribute name="elasticGC enabled" value="1" />
  <attribute name= "numThreadsSpecified" value="1" />
  <attribute name="heapSize specified" value="0" />
  <attribute name="Current GC Util" value="162" />
  <attribute name= "Current Time Running" value="29134" />
  <attribute name ="GC Interval" value="0" />
  <attribute name="ProportionalT" value="71.000000" />
  <attribute name="ProportionalI" value="71.000000" />
  <attribute name="ProportionalH" value="71.000000" />
  <attribute name="Current Error" value="142.000000" />
  <attribute name="IntegralT" value="0.000000" />
  <attribute name="IntegralI" value="0.000000" />
  <attribute name="IntegralH" value="0.000000" />
  <attribute name="DerivativeT" value="inf" />
  <attribute name="DerivativeI" value="inf" />
  <attribute name="DerivativeH" value="inf" />
  <attribute name="Loop Time for DT" value="0.000000" />
  <attribute name="Output H" value="8388608"/>
  <attribute name="Output I" value="200"/>
  <attribute name="Output T" value="1"/>
  <attribute name="Target GC Util Change" value ="20.000000" />
  <attribute name="Current GC Util Change" value="162.000000"/>
  <attribute name="GC Util currently" value="162" />
  <attribute name="CPU Util currently" value="13938607756118" />
<exclusive-end id="6454" timestamp="2019-07-07T05:37:58.335" durationms="3.519" />

<exclusive-start id="6455" timestamp="2019-07-07T05:37:58.339" intervalms="7.313">
  <response-info timems="0.073" idlems="0.073" threads="0" lastid="000000000202A700" lastname="main" />
</exclusive-start>
<allocation-taxation id="6456" taxation-threshold="10485760" timestamp="2019-07-07T05:37:58.339" intervalms="7.385" />
<gc-start id="6457" type="global mark phase" contextid="6355" timestamp="2019-07-07T05:37:58.339">
  <mem-info id="6458" free="26214400" total="59768832" percent="43">
    <remembered-set count="54528" freebytes="2167680" totalbytes="2385792" percent="90" regionsoverflowed="0" regionsstable="0" regionsrebuilding="11"/>
  </mem-info>
</gc-start>
<gc-end id="6459" type="global mark phase" contextid="6355" durationms="0.219" usertimems="0.000" systemtimems="0.000" timestamp="2019-07-07T05:37:58.339" activeThreads="1">
  <mem-info id="6460" free="26214400" total="59768832" percent="43">
    <remembered-set count="54528" freebytes="2167680" totalbytes="2385792" percent="90" regionsoverflowed="0" regionsstable="0" regionsrebuilding="11"/>
  </mem-info>
</gc-end>
<concurrent-start id="6461" type="GMP work packet processing" contextid="6355" timestamp="2019-07-07T05:37:58.339">
  <concurrent-mark-start scanTarget="1048576" />
</concurrent-start>
<exclusive-end id="6462" timestamp="2019-07-07T05:37:58.339" durationms="0.852" />

<concurrent-end id="6463" type="GMP work packet processing" contextid="6355" timestamp="2019-07-07T05:37:58.340">
  <concurrent-mark-end bytesScanned="1085064" reasonForTermination="Work target met" />
</concurrent-end>

<exclusive-start id="6464" timestamp="2019-07-07T05:37:58.343" intervalms="4.574">
  <response-info timems="0.068" idlems="0.068" threads="0" lastid="000000000202A700" lastname="main" />
</exclusive-start>
<allocation-taxation id="6465" taxation-threshold="10485760" timestamp="2019-07-07T05:37:58.343" intervalms="4.505" />
<cycle-start id="6466" type="partial gc" contextid="0" timestamp="2019-07-07T05:37:58.343" intervalms="11.906" />
<gc-start id="6467" type="partial gc" contextid="6466" timestamp="2019-07-07T05:37:58.344">
  <mem-info id="6468" free="15728640" total="59768832" percent="26">
    <mem type="eden" free="1048520" total="22020096" percent="4" />
    <remembered-set count="55552" freebytes="2163584" totalbytes="2385792" percent="90" regionsoverflowed="0" regionsstable="0" regionsrebuilding="11"/>
  </mem-info>
</gc-start>
<allocation-stats totalBytes="20900392" >
  <allocated-bytes non-tlh="0" tlh="20900392" arrayletleaf="0"/>
  <largest-consumer threadName="main" threadId="000000000202A700" bytes="10451440" />
</allocation-stats>
<gc-op id="6469" type="copy forward" timems="1.472" contextid="6466" timestamp="2019-07-07T05:37:58.346">
  <memory-copied type="eden" objects="2" bytes="56" bytesdiscarded="0" />
  <memory-copied type="other" objects="0" bytes="0" bytesdiscarded="0" />
  <memory-cardclean objects="3" bytes="136" />
  <regions eden="20" other="1" />
  <remembered-set-cleared processed="53760" cleared="6" durationms="0.363" />
  <stringconstants candidates="13269" cleared="0"  />
</gc-op>
<gc-op id="6470" type="classunload" timems="0.003" contextid="6466" timestamp="2019-07-07T05:37:58.346">
  <classunload-info classloadercandidates="53" classloadersunloaded="0" classesunloaded="0" anonymousclassesunloaded="0" quiescems="0.000" setupms="0.003" scanms="0.000" postms="0.000" />
</gc-op>
<gc-end id="6471" type="partial gc" contextid="6466" durationms="2.565" usertimems="4.000" systemtimems="0.000" timestamp="2019-07-07T05:37:58.346" activeThreads="1">
  <mem-info id="6472" free="36700160" total="59768832" percent="61">
    <mem type="eden" free="1048520" total="1048576" percent="99" />
    <remembered-set count="56000" freebytes="2161792" totalbytes="2385792" percent="90" regionsoverflowed="0" regionsstable="0" regionsrebuilding="11"/>
  </mem-info>
</gc-end>
<cycle-end id="6473" type="partial gc" contextid="6466" timestamp="2019-07-07T05:37:58.346" />
  <attribute name="elasticGC enabled" value="1" />
  <attribute name= "numThreadsSpecified" value="1" />
  <attribute name="heapSize specified" value="0" />
  <attribute name="Current GC Util" value="151" />
  <attribute name= "Current Time Running" value="29146" />
  <attribute name ="GC Interval" value="0" />
  <attribute name="ProportionalT" value="65.500000" />
  <attribute name="ProportionalI" value="65.500000" />
  <attribute name="ProportionalH" value="65.500000" />
  <attribute name="Current Error" value="131.000000" />
  <attribute name="IntegralT" value="0.000000" />
  <attribute name="IntegralI" value="0.000000" />
  <attribute name="IntegralH" value="0.000000" />
  <attribute name="DerivativeT" value="inf" />
  <attribute name="DerivativeI" value="inf" />
  <attribute name="DerivativeH" value="inf" />
  <attribute name="Loop Time for DT" value="0.000000" />
  <attribute name="Output H" value="8388608"/>
  <attribute name="Output I" value="200"/>
  <attribute name="Output T" value="1"/>
  <attribute name="Target GC Util Change" value ="20.000000" />
  <attribute name="Current GC Util Change" value="151.000000"/>
  <attribute name="GC Util currently" value="151" />
  <attribute name="CPU Util currently" value="13916483181757" />
<exclusive-end id="6474" timestamp="2019-07-07T05:37:58.347" durationms="3.453" />

<exclusive-start id="6475" timestamp="2019-07-07T05:37:58.350" intervalms="7.204">
  <response-info timems="0.073" idlems="0.073" threads="0" lastid="000000000202A700" lastname="main" />
</exclusive-start>
<allocation-taxation id="6476" taxation-threshold="10485760" timestamp="2019-07-07T05:37:58.351" intervalms="7.282" />
<gc-start id="6477" type="global mark phase" contextid="6355" timestamp="2019-07-07T05:37:58.351">
  <mem-info id="6478" free="26214400" total="59768832" percent="43">
    <remembered-set count="55552" freebytes="2163584" totalbytes="2385792" percent="90" regionsoverflowed="0" regionsstable="0" regionsrebuilding="11"/>
  </mem-info>
</gc-start>
<gc-end id="6479" type="global mark phase" contextid="6355" durationms="0.145" usertimems="4.000" systemtimems="0.000" timestamp="2019-07-07T05:37:58.351" activeThreads="1">
  <mem-info id="6480" free="26214400" total="59768832" percent="43">
    <remembered-set count="55552" freebytes="2163584" totalbytes="2385792" percent="90" regionsoverflowed="0" regionsstable="0" regionsrebuilding="11"/>
  </mem-info>
</gc-end>
<concurrent-start id="6481" type="GMP work packet processing" contextid="6355" timestamp="2019-07-07T05:37:58.351">
  <concurrent-mark-start scanTarget="1048576" />
</concurrent-start>
<exclusive-end id="6482" timestamp="2019-07-07T05:37:58.351" durationms="0.814" />

<concurrent-end id="6483" type="GMP work packet processing" contextid="6355" timestamp="2019-07-07T05:37:58.352">
  <concurrent-mark-end bytesScanned="1077992" reasonForTermination="Work target met" />
</concurrent-end>

<exclusive-start id="6484" timestamp="2019-07-07T05:37:58.355" intervalms="4.507">
  <response-info timems="0.057" idlems="0.057" threads="0" lastid="000000000202A700" lastname="main" />
</exclusive-start>
<allocation-taxation id="6485" taxation-threshold="10485760" timestamp="2019-07-07T05:37:58.355" intervalms="4.427" />
<cycle-start id="6486" type="partial gc" contextid="0" timestamp="2019-07-07T05:37:58.355" intervalms="11.694" />
<gc-start id="6487" type="partial gc" contextid="6486" timestamp="2019-07-07T05:37:58.355">
  <mem-info id="6488" free="15728640" total="59768832" percent="26">
    <mem type="eden" free="1048520" total="22020096" percent="4" />
    <remembered-set count="58144" freebytes="2153216" totalbytes="2385792" percent="90" regionsoverflowed="0" regionsstable="0" regionsrebuilding="11"/>
  </mem-info>
</gc-start>
<allocation-stats totalBytes="20900392" >
  <allocated-bytes non-tlh="0" tlh="20900392" arrayletleaf="0"/>
  <largest-consumer threadName="main" threadId="000000000202A700" bytes="10451416" />
</allocation-stats>
<gc-op id="6489" type="copy forward" timems="2.654" contextid="6486" timestamp="2019-07-07T05:37:58.359">
  <memory-copied type="eden" objects="2" bytes="56" bytesdiscarded="0" />
  <memory-copied type="other" objects="0" bytes="0" bytesdiscarded="0" />
  <memory-cardclean objects="3" bytes="136" />
  <regions eden="20" other="1" />
  <remembered-set-cleared processed="55819" cleared="6" durationms="0.190" />
  <stringconstants candidates="13269" cleared="0"  />
</gc-op>
<gc-op id="6490" type="classunload" timems="0.004" contextid="6486" timestamp="2019-07-07T05:37:58.359">
  <classunload-info classloadercandidates="53" classloadersunloaded="0" classesunloaded="0" anonymousclassesunloaded="0" quiescems="0.000" setupms="0.004" scanms="0.000" postms="0.000" />
</gc-op>
<gc-end id="6491" type="partial gc" contextid="6486" durationms="3.821" usertimems="4.000" systemtimems="4.000" timestamp="2019-07-07T05:37:58.359" activeThreads="4">
  <mem-info id="6492" free="36700160" total="59768832" percent="61">
    <mem type="eden" free="1048520" total="1048576" percent="99" />
    <remembered-set count="57728" freebytes="2154880" totalbytes="2385792" percent="90" regionsoverflowed="0" regionsstable="0" regionsrebuilding="11"/>
  </mem-info>
</gc-end>
<cycle-end id="6493" type="partial gc" contextid="6486" timestamp="2019-07-07T05:37:58.359" />
  <attribute name="elasticGC enabled" value="1" />
  <attribute name= "numThreadsSpecified" value="4" />
  <attribute name="heapSize specified" value="0" />
  <attribute name="Current GC Util" value="158" />
  <attribute name= "Current Time Running" value="29158" />
  <attribute name ="GC Interval" value="0" />
  <attribute name="ProportionalT" value="69.000000" />
  <attribute name="ProportionalI" value="69.000000" />
  <attribute name="ProportionalH" value="69.000000" />
  <attribute name="Current Error" value="138.000000" />
  <attribute name="IntegralT" value="69.000000" />
  <attribute name="IntegralI" value="69.000000" />
  <attribute name="IntegralH" value="69.000000" />
  <attribute name="DerivativeT" value="92.000000" />
  <attribute name="DerivativeI" value="92.000000" />
  <attribute name="DerivativeH" value="92.000000" />
  <attribute name="Loop Time for DT" value="1.000000" />
  <attribute name="Output H" value="8388608"/>
  <attribute name="Output I" value="232"/>
  <attribute name="Output T" value="4"/>
  <attribute name="Target GC Util Change" value ="20.000000" />
  <attribute name="Current GC Util Change" value="158.000000"/>
  <attribute name="GC Util currently" value="158" />
  <attribute name="CPU Util currently" value="13500804910259" />
<exclusive-end id="6494" timestamp="2019-07-07T05:37:58.360" durationms="4.672" />

<exclusive-start id="6495" timestamp="2019-07-07T05:37:58.363" intervalms="8.386">
  <response-info timems="0.074" idlems="0.074" threads="0" lastid="000000000202A700" lastname="main" />
</exclusive-start>
<allocation-taxation id="6496" taxation-threshold="10485760" timestamp="2019-07-07T05:37:58.363" intervalms="8.456" />
<gc-start id="6497" type="global mark phase" contextid="6355" timestamp="2019-07-07T05:37:58.364">
  <mem-info id="6498" free="26214400" total="59768832" percent="43">
    <remembered-set count="57728" freebytes="2154880" totalbytes="2385792" percent="90" regionsoverflowed="0" regionsstable="0" regionsrebuilding="11"/>
  </mem-info>
</gc-start>
<gc-end id="6499" type="global mark phase" contextid="6355" durationms="0.120" usertimems="0.000" systemtimems="0.000" timestamp="2019-07-07T05:37:58.364" activeThreads="4">
  <mem-info id="6500" free="26214400" total="59768832" percent="43">
    <remembered-set count="57728" freebytes="2154880" totalbytes="2385792" percent="90" regionsoverflowed="0" regionsstable="0" regionsrebuilding="11"/>
  </mem-info>
</gc-end>
<concurrent-start id="6501" type="GMP work packet processing" contextid="6355" timestamp="2019-07-07T05:37:58.364">
  <concurrent-mark-start scanTarget="1380894" />
</concurrent-start>
<exclusive-end id="6502" timestamp="2019-07-07T05:37:58.364" durationms="0.853" />

<concurrent-end id="6503" type="GMP work packet processing" contextid="6355" timestamp="2019-07-07T05:37:58.365">
  <concurrent-mark-end bytesScanned="1420568" reasonForTermination="Work target met" />
</concurrent-end>

<exclusive-start id="6504" timestamp="2019-07-07T05:37:58.368" intervalms="4.565">
  <response-info timems="0.066" idlems="0.066" threads="0" lastid="000000000202A700" lastname="main" />
</exclusive-start>
<allocation-taxation id="6505" taxation-threshold="10485760" timestamp="2019-07-07T05:37:58.368" intervalms="4.486" />
<cycle-start id="6506" type="partial gc" contextid="0" timestamp="2019-07-07T05:37:58.368" intervalms="12.965" />
<gc-start id="6507" type="partial gc" contextid="6506" timestamp="2019-07-07T05:37:58.368">
  <mem-info id="6508" free="15728640" total="59768832" percent="26">
    <mem type="eden" free="1048520" total="22020096" percent="4" />
    <remembered-set count="61312" freebytes="2140544" totalbytes="2385792" percent="89" regionsoverflowed="0" regionsstable="0" regionsrebuilding="11"/>
  </mem-info>
</gc-start>
<allocation-stats totalBytes="20900392" >
  <allocated-bytes non-tlh="0" tlh="20900392" arrayletleaf="0"/>
  <largest-consumer threadName="main" threadId="000000000202A700" bytes="10451416" />
</allocation-stats>
<gc-op id="6509" type="copy forward" timems="3.079" contextid="6506" timestamp="2019-07-07T05:37:58.372">
  <memory-copied type="eden" objects="2" bytes="56" bytesdiscarded="0" />
  <memory-copied type="other" objects="0" bytes="0" bytesdiscarded="0" />
  <memory-cardclean objects="3" bytes="136" />
  <regions eden="20" other="1" />
  <remembered-set-cleared processed="59367" cleared="7" durationms="0.197" />
  <stringconstants candidates="13269" cleared="0"  />
</gc-op>
<gc-op id="6510" type="classunload" timems="0.004" contextid="6506" timestamp="2019-07-07T05:37:58.372">
  <classunload-info classloadercandidates="53" classloadersunloaded="0" classesunloaded="0" anonymousclassesunloaded="0" quiescems="0.000" setupms="0.004" scanms="0.000" postms="0.000" />
</gc-op>
<gc-end id="6511" type="partial gc" contextid="6506" durationms="4.267" usertimems="8.000" systemtimems="0.000" timestamp="2019-07-07T05:37:58.372" activeThreads="4">
  <mem-info id="6512" free="36700160" total="59768832" percent="61">
    <mem type="eden" free="1048520" total="1048576" percent="99" />
    <remembered-set count="61280" freebytes="2140672" totalbytes="2385792" percent="89" regionsoverflowed="0" regionsstable="0" regionsrebuilding="11"/>
  </mem-info>
</gc-end>
<cycle-end id="6513" type="partial gc" contextid="6506" timestamp="2019-07-07T05:37:58.373" />
  <attribute name="elasticGC enabled" value="1" />
  <attribute name= "numThreadsSpecified" value="4" />
  <attribute name="heapSize specified" value="0" />
  <attribute name="Current GC Util" value="164" />
  <attribute name= "Current Time Running" value="29171" />
  <attribute name ="GC Interval" value="0" />
  <attribute name="ProportionalT" value="72.000000" />
  <attribute name="ProportionalI" value="72.000000" />
  <attribute name="ProportionalH" value="72.000000" />
  <attribute name="Current Error" value="144.000000" />
  <attribute name="IntegralT" value="72.000000" />
  <attribute name="IntegralI" value="72.000000" />
  <attribute name="IntegralH" value="72.000000" />
  <attribute name="DerivativeT" value="92.000000" />
  <attribute name="DerivativeI" value="92.000000" />
  <attribute name="DerivativeH" value="92.000000" />
  <attribute name="Loop Time for DT" value="1.000000" />
  <attribute name="Output H" value="8388608"/>
  <attribute name="Output I" value="240"/>
  <attribute name="Output T" value="4"/>
  <attribute name="Target GC Util Change" value ="20.000000" />
  <attribute name="Current GC Util Change" value="164.000000"/>
  <attribute name="GC Util currently" value="164" />
  <attribute name="CPU Util currently" value="13910270670927" />
<exclusive-end id="6514" timestamp="2019-07-07T05:37:58.373" durationms="5.075" />

<exclusive-start id="6515" timestamp="2019-07-07T05:37:58.377" intervalms="8.856">
  <response-info timems="0.074" idlems="0.074" threads="0" lastid="000000000202A700" lastname="main" />
</exclusive-start>
<allocation-taxation id="6516" taxation-threshold="10485760" timestamp="2019-07-07T05:37:58.377" intervalms="8.940" />
<gc-start id="6517" type="global mark phase" contextid="6355" timestamp="2019-07-07T05:37:58.377">
  <mem-info id="6518" free="26214400" total="59768832" percent="43">
    <remembered-set count="61280" freebytes="2140672" totalbytes="2385792" percent="89" regionsoverflowed="0" regionsstable="0" regionsrebuilding="11"/>
  </mem-info>
</gc-start>
<gc-end id="6519" type="global mark phase" contextid="6355" durationms="0.145" usertimems="0.000" systemtimems="0.000" timestamp="2019-07-07T05:37:58.377" activeThreads="4">
  <mem-info id="6520" free="26214400" total="59768832" percent="43">
    <remembered-set count="61280" freebytes="2140672" totalbytes="2385792" percent="89" regionsoverflowed="0" regionsstable="0" regionsrebuilding="11"/>
  </mem-info>
</gc-end>
<concurrent-start id="6521" type="GMP work packet processing" contextid="6355" timestamp="2019-07-07T05:37:58.377">
  <concurrent-mark-start scanTarget="1380894" />
</concurrent-start>
<exclusive-end id="6522" timestamp="2019-07-07T05:37:58.377" durationms="0.823" />

<concurrent-end id="6523" type="GMP work packet processing" contextid="6355" timestamp="2019-07-07T05:37:58.379">
  <concurrent-mark-end bytesScanned="1426396" reasonForTermination="Work target met" />
</concurrent-end>

<exclusive-start id="6524" timestamp="2019-07-07T05:37:58.381" intervalms="4.520">
  <response-info timems="0.053" idlems="0.053" threads="0" lastid="000000000202A700" lastname="main" />
</exclusive-start>
<allocation-taxation id="6525" taxation-threshold="10485760" timestamp="2019-07-07T05:37:58.381" intervalms="4.448" />
<cycle-start id="6526" type="partial gc" contextid="0" timestamp="2019-07-07T05:37:58.381" intervalms="13.365" />
<gc-start id="6527" type="partial gc" contextid="6526" timestamp="2019-07-07T05:37:58.382">
  <mem-info id="6528" free="15728640" total="59768832" percent="26">
    <mem type="eden" free="1048520" total="22020096" percent="4" />
    <remembered-set count="63904" freebytes="2130176" totalbytes="2385792" percent="89" regionsoverflowed="0" regionsstable="0" regionsrebuilding="11"/>
  </mem-info>
</gc-start>
<allocation-stats totalBytes="20900416" >
  <allocated-bytes non-tlh="0" tlh="20900416" arrayletleaf="0"/>
  <largest-consumer threadName="main" threadId="000000000202A700" bytes="10451440" />
</allocation-stats>
<gc-op id="6529" type="copy forward" timems="1.500" contextid="6526" timestamp="2019-07-07T05:37:58.384">
  <memory-copied type="eden" objects="2" bytes="56" bytesdiscarded="0" />
  <memory-copied type="other" objects="0" bytes="0" bytesdiscarded="0" />
  <memory-cardclean objects="3" bytes="136" />
  <regions eden="20" other="1" />
  <remembered-set-cleared processed="61776" cleared="6" durationms="0.403" />
  <stringconstants candidates="13269" cleared="0"  />
</gc-op>
<gc-op id="6530" type="classunload" timems="0.003" contextid="6526" timestamp="2019-07-07T05:37:58.384">
  <classunload-info classloadercandidates="53" classloadersunloaded="0" classesunloaded="0" anonymousclassesunloaded="0" quiescems="0.000" setupms="0.003" scanms="0.000" postms="0.000" />
</gc-op>
<gc-end id="6531" type="partial gc" contextid="6526" durationms="2.752" usertimems="0.000" systemtimems="0.000" timestamp="2019-07-07T05:37:58.384" activeThreads="1">
  <mem-info id="6532" free="36700160" total="59768832" percent="61">
    <mem type="eden" free="1048520" total="1048576" percent="99" />
    <remembered-set count="64384" freebytes="2128256" totalbytes="2385792" percent="89" regionsoverflowed="0" regionsstable="0" regionsrebuilding="11"/>
  </mem-info>
</gc-end>
<cycle-end id="6533" type="partial gc" contextid="6526" timestamp="2019-07-07T05:37:58.384" />
  <attribute name="elasticGC enabled" value="1" />
  <attribute name= "numThreadsSpecified" value="1" />
  <attribute name="heapSize specified" value="0" />
  <attribute name="Current GC Util" value="161" />
  <attribute name= "Current Time Running" value="29184" />
  <attribute name ="GC Interval" value="0" />
  <attribute name="ProportionalT" value="70.500000" />
  <attribute name="ProportionalI" value="70.500000" />
  <attribute name="ProportionalH" value="70.500000" />
  <attribute name="Current Error" value="141.000000" />
  <attribute name="IntegralT" value="0.000000" />
  <attribute name="IntegralI" value="0.000000" />
  <attribute name="IntegralH" value="0.000000" />
  <attribute name="DerivativeT" value="inf" />
  <attribute name="DerivativeI" value="inf" />
  <attribute name="DerivativeH" value="inf" />
  <attribute name="Loop Time for DT" value="0.000000" />
  <attribute name="Output H" value="8388608"/>
  <attribute name="Output I" value="200"/>
  <attribute name="Output T" value="1"/>
  <attribute name="Target GC Util Change" value ="20.000000" />
  <attribute name="Current GC Util Change" value="161.000000"/>
  <attribute name="GC Util currently" value="161" />
  <attribute name="CPU Util currently" value="13666846292363" />
<exclusive-end id="6534" timestamp="2019-07-07T05:37:58.385" durationms="3.541" />

<exclusive-start id="6535" timestamp="2019-07-07T05:37:58.389" intervalms="7.328">
  <response-info timems="0.073" idlems="0.073" threads="0" lastid="000000000202A700" lastname="main" />
</exclusive-start>
<allocation-taxation id="6536" taxation-threshold="10485760" timestamp="2019-07-07T05:37:58.389" intervalms="7.395" />
<gc-start id="6537" type="global mark phase" contextid="6355" timestamp="2019-07-07T05:37:58.389">
  <mem-info id="6538" free="26214400" total="59768832" percent="43">
    <remembered-set count="63904" freebytes="2130176" totalbytes="2385792" percent="89" regionsoverflowed="0" regionsstable="0" regionsrebuilding="11"/>
  </mem-info>
</gc-start>
<gc-end id="6539" type="global mark phase" contextid="6355" durationms="0.146" usertimems="0.000" systemtimems="0.000" timestamp="2019-07-07T05:37:58.389" activeThreads="1">
  <mem-info id="6540" free="26214400" total="59768832" percent="43">
    <remembered-set count="63904" freebytes="2130176" totalbytes="2385792" percent="89" regionsoverflowed="0" regionsstable="0" regionsrebuilding="11"/>
  </mem-info>
</gc-end>
<concurrent-start id="6541" type="GMP work packet processing" contextid="6355" timestamp="2019-07-07T05:37:58.389">
  <concurrent-mark-start scanTarget="1048576" />
</concurrent-start>
<exclusive-end id="6542" timestamp="2019-07-07T05:37:58.389" durationms="0.813" />

<concurrent-end id="6543" type="GMP work packet processing" contextid="6355" timestamp="2019-07-07T05:37:58.390">
  <concurrent-mark-end bytesScanned="1094452" reasonForTermination="Work target met" />
</concurrent-end>

<exclusive-start id="6544" timestamp="2019-07-07T05:37:58.393" intervalms="4.537">
  <response-info timems="0.053" idlems="0.053" threads="0" lastid="000000000202A700" lastname="main" />
</exclusive-start>
<allocation-taxation id="6545" taxation-threshold="10485760" timestamp="2019-07-07T05:37:58.393" intervalms="4.469" />
<cycle-start id="6546" type="partial gc" contextid="0" timestamp="2019-07-07T05:37:58.393" intervalms="11.884" />
<gc-start id="6547" type="partial gc" contextid="6546" timestamp="2019-07-07T05:37:58.393">
  <mem-info id="6548" free="15728640" total="59768832" percent="26">
    <mem type="eden" free="1048520" total="22020096" percent="4" />
    <remembered-set count="66464" freebytes="2119936" totalbytes="2385792" percent="88" regionsoverflowed="0" regionsstable="0" regionsrebuilding="11"/>
  </mem-info>
</gc-start>
<allocation-stats totalBytes="20900392" >
  <allocated-bytes non-tlh="0" tlh="20900392" arrayletleaf="0"/>
  <largest-consumer threadName="main" threadId="000000000202A700" bytes="10451440" />
</allocation-stats>
<gc-op id="6549" type="copy forward" timems="1.496" contextid="6546" timestamp="2019-07-07T05:37:58.396">
  <memory-copied type="eden" objects="2" bytes="56" bytesdiscarded="0" />
  <memory-copied type="other" objects="0" bytes="0" bytesdiscarded="0" />
  <memory-cardclean objects="3" bytes="136" />
  <regions eden="20" other="1" />
  <remembered-set-cleared processed="64149" cleared="6" durationms="0.418" />
  <stringconstants candidates="13269" cleared="0"  />
</gc-op>
<gc-op id="6550" type="classunload" timems="0.003" contextid="6546" timestamp="2019-07-07T05:37:58.396">
  <classunload-info classloadercandidates="53" classloadersunloaded="0" classesunloaded="0" anonymousclassesunloaded="0" quiescems="0.000" setupms="0.003" scanms="0.000" postms="0.000" />
</gc-op>
<gc-end id="6551" type="partial gc" contextid="6546" durationms="2.719" usertimems="0.000" systemtimems="4.000" timestamp="2019-07-07T05:37:58.396" activeThreads="1">
  <mem-info id="6552" free="36700160" total="59768832" percent="61">
    <mem type="eden" free="1048520" total="1048576" percent="99" />
    <remembered-set count="66944" freebytes="2118016" totalbytes="2385792" percent="88" regionsoverflowed="0" regionsstable="0" regionsrebuilding="11"/>
  </mem-info>
</gc-end>
<cycle-end id="6553" type="partial gc" contextid="6546" timestamp="2019-07-07T05:37:58.396" />
  <attribute name="elasticGC enabled" value="1" />
  <attribute name= "numThreadsSpecified" value="1" />
  <attribute name="heapSize specified" value="0" />
  <attribute name="Current GC Util" value="168" />
  <attribute name= "Current Time Running" value="29196" />
  <attribute name ="GC Interval" value="0" />
  <attribute name="ProportionalT" value="74.000000" />
  <attribute name="ProportionalI" value="74.000000" />
  <attribute name="ProportionalH" value="74.000000" />
  <attribute name="Current Error" value="148.000000" />
  <attribute name="IntegralT" value="0.000000" />
  <attribute name="IntegralI" value="0.000000" />
  <attribute name="IntegralH" value="0.000000" />
  <attribute name="DerivativeT" value="inf" />
  <attribute name="DerivativeI" value="inf" />
  <attribute name="DerivativeH" value="inf" />
  <attribute name="Loop Time for DT" value="0.000000" />
  <attribute name="Output H" value="8388608"/>
  <attribute name="Output I" value="200"/>
  <attribute name="Output T" value="1"/>
  <attribute name="Target GC Util Change" value ="20.000000" />
  <attribute name="Current GC Util Change" value="168.000000"/>
  <attribute name="GC Util currently" value="168" />
  <attribute name="CPU Util currently" value="13895349758685" />
<exclusive-end id="6554" timestamp="2019-07-07T05:37:58.397" durationms="3.610" />

<exclusive-start id="6555" timestamp="2019-07-07T05:37:58.400" intervalms="7.314">
  <response-info timems="0.074" idlems="0.074" threads="0" lastid="000000000202A700" lastname="main" />
</exclusive-start>
<allocation-taxation id="6556" taxation-threshold="10485760" timestamp="2019-07-07T05:37:58.401" intervalms="7.384" />
<gc-start id="6557" type="global mark phase" contextid="6355" timestamp="2019-07-07T05:37:58.401">
  <mem-info id="6558" free="26214400" total="59768832" percent="43">
    <remembered-set count="66464" freebytes="2119936" totalbytes="2385792" percent="88" regionsoverflowed="0" regionsstable="0" regionsrebuilding="11"/>
  </mem-info>
</gc-start>
<gc-end id="6559" type="global mark phase" contextid="6355" durationms="0.201" usertimems="0.000" systemtimems="0.000" timestamp="2019-07-07T05:37:58.401" activeThreads="1">
  <mem-info id="6560" free="26214400" total="59768832" percent="43">
    <remembered-set count="66464" freebytes="2119936" totalbytes="2385792" percent="88" regionsoverflowed="0" regionsstable="0" regionsrebuilding="11"/>
  </mem-info>
</gc-end>
<concurrent-start id="6561" type="GMP work packet processing" contextid="6355" timestamp="2019-07-07T05:37:58.401">
  <concurrent-mark-start scanTarget="1048576" />
</concurrent-start>
<exclusive-end id="6562" timestamp="2019-07-07T05:37:58.401" durationms="0.855" />

<concurrent-end id="6563" type="GMP work packet processing" contextid="6355" timestamp="2019-07-07T05:37:58.402">
  <concurrent-mark-end bytesScanned="780880" reasonForTermination="Completed all work in GC phase" />
</concurrent-end>

<exclusive-start id="6564" timestamp="2019-07-07T05:37:58.405" intervalms="4.564">
  <response-info timems="0.065" idlems="0.065" threads="0" lastid="000000000202A700" lastname="main" />
</exclusive-start>
<allocation-taxation id="6565" taxation-threshold="10485760" timestamp="2019-07-07T05:37:58.405" intervalms="4.556" />
<cycle-start id="6566" type="partial gc" contextid="0" timestamp="2019-07-07T05:37:58.405" intervalms="11.945" />
<gc-start id="6567" type="partial gc" contextid="6566" timestamp="2019-07-07T05:37:58.405">
  <mem-info id="6568" free="15728640" total="59768832" percent="26">
    <mem type="eden" free="1048520" total="22020096" percent="4" />
    <remembered-set count="67488" freebytes="2115840" totalbytes="2385792" percent="88" regionsoverflowed="0" regionsstable="0" regionsrebuilding="11"/>
  </mem-info>
</gc-start>
<allocation-stats totalBytes="20900392" >
  <allocated-bytes non-tlh="0" tlh="20900392" arrayletleaf="0"/>
  <largest-consumer threadName="main" threadId="000000000202A700" bytes="10451440" />
</allocation-stats>
<gc-op id="6569" type="copy forward" timems="1.443" contextid="6566" timestamp="2019-07-07T05:37:58.408">
  <memory-copied type="eden" objects="2" bytes="56" bytesdiscarded="0" />
  <memory-copied type="other" objects="0" bytes="0" bytesdiscarded="0" />
  <memory-cardclean objects="3" bytes="136" />
  <regions eden="20" other="1" />
  <remembered-set-cleared processed="65714" cleared="6" durationms="0.426" />
  <stringconstants candidates="13269" cleared="0"  />
</gc-op>
<gc-op id="6570" type="classunload" timems="0.004" contextid="6566" timestamp="2019-07-07T05:37:58.408">
  <classunload-info classloadercandidates="53" classloadersunloaded="0" classesunloaded="0" anonymousclassesunloaded="0" quiescems="0.000" setupms="0.004" scanms="0.000" postms="0.000" />
</gc-op>
<gc-end id="6571" type="partial gc" contextid="6566" durationms="2.715" usertimems="0.000" systemtimems="4.000" timestamp="2019-07-07T05:37:58.408" activeThreads="1">
  <mem-info id="6572" free="36700160" total="59768832" percent="61">
    <mem type="eden" free="1048520" total="1048576" percent="99" />
    <remembered-set count="67968" freebytes="2113920" totalbytes="2385792" percent="88" regionsoverflowed="0" regionsstable="0" regionsrebuilding="11"/>
  </mem-info>
</gc-end>
<cycle-end id="6573" type="partial gc" contextid="6566" timestamp="2019-07-07T05:37:58.408" />
  <attribute name="elasticGC enabled" value="1" />
  <attribute name= "numThreadsSpecified" value="1" />
  <attribute name="heapSize specified" value="0" />
  <attribute name="Current GC Util" value="166" />
  <attribute name= "Current Time Running" value="29208" />
  <attribute name ="GC Interval" value="0" />
  <attribute name="ProportionalT" value="73.000000" />
  <attribute name="ProportionalI" value="73.000000" />
  <attribute name="ProportionalH" value="73.000000" />
  <attribute name="Current Error" value="146.000000" />
  <attribute name="IntegralT" value="0.000000" />
  <attribute name="IntegralI" value="0.000000" />
  <attribute name="IntegralH" value="0.000000" />
  <attribute name="DerivativeT" value="inf" />
  <attribute name="DerivativeI" value="inf" />
  <attribute name="DerivativeH" value="inf" />
  <attribute name="Loop Time for DT" value="0.000000" />
  <attribute name="Output H" value="8388608"/>
  <attribute name="Output I" value="200"/>
  <attribute name="Output T" value="1"/>
  <attribute name="Target GC Util Change" value ="20.000000" />
  <attribute name="Current GC Util Change" value="166.000000"/>
  <attribute name="GC Util currently" value="166" />
  <attribute name="CPU Util currently" value="13902219457907" />
<exclusive-end id="6574" timestamp="2019-07-07T05:37:58.409" durationms="3.702" />

<exclusive-start id="6575" timestamp="2019-07-07T05:37:58.412" intervalms="7.383">
  <response-info timems="0.075" idlems="0.075" threads="0" lastid="000000000202A700" lastname="main" />
</exclusive-start>
<allocation-taxation id="6576" taxation-threshold="10485760" timestamp="2019-07-07T05:37:58.412" intervalms="7.389" />
<gc-start id="6577" type="global mark phase" contextid="6355" timestamp="2019-07-07T05:37:58.413">
  <mem-info id="6578" free="26214400" total="59768832" percent="43">
    <remembered-set count="67488" freebytes="2115840" totalbytes="2385792" percent="88" regionsoverflowed="0" regionsstable="0" regionsrebuilding="11"/>
  </mem-info>
</gc-start>
<gc-op id="6579" type="mark increment" timems="3.239" contextid="6355" timestamp="2019-07-07T05:37:58.416">
  <trace-info objectcount="2" scancount="2" scanbytes="114744" />
  <cardclean-info objects="17743" bytes="578288" />
  <finalization candidates="80" enqueued="0" />
  <ownableSynchronizers candidates="22" cleared="0" />
  <references type="soft" candidates="1854" cleared="1" enqueued="1" dynamicThreshold="19" maxThreshold="32" />
  <references type="weak" candidates="5726" cleared="0" enqueued="0" />
  <references type="phantom" candidates="101" cleared="0" enqueued="0" />
  <stringconstants candidates="13269" cleared="0"  />
</gc-op>
<gc-op id="6580" type="classunload" timems="0.004" contextid="6355" timestamp="2019-07-07T05:37:58.416">
  <classunload-info classloadercandidates="53" classloadersunloaded="0" classesunloaded="0" anonymousclassesunloaded="0" quiescems="0.000" setupms="0.004" scanms="0.000" postms="0.000" />
</gc-op>
<gc-end id="6581" type="global mark phase" contextid="6355" durationms="3.710" usertimems="4.000" systemtimems="4.000" timestamp="2019-07-07T05:37:58.416" activeThreads="4">
  <mem-info id="6582" free="26214400" total="59768832" percent="43">
    <pending-finalizers system="0" default="0" reference="1" classloader="0" />
    <remembered-set count="70048" freebytes="2105600" totalbytes="2385792" percent="88" regionsoverflowed="0" regionsstable="0" regionsrebuilding="0"/>
  </mem-info>
</gc-end>
<cycle-end id="6583" type="global mark phase" contextid="6355" timestamp="2019-07-07T05:37:58.417" />
  <attribute name="elasticGC enabled" value="1" />
  <attribute name= "numThreadsSpecified" value="4" />
  <attribute name="heapSize specified" value="0" />
  <attribute name="Current GC Util" value="207" />
  <attribute name= "Current Time Running" value="29216" />
  <attribute name ="GC Interval" value="0" />
  <attribute name="ProportionalT" value="93.500000" />
  <attribute name="ProportionalI" value="93.500000" />
  <attribute name="ProportionalH" value="93.500000" />
  <attribute name="Current Error" value="187.000000" />
  <attribute name="IntegralT" value="0.000000" />
  <attribute name="IntegralI" value="0.000000" />
  <attribute name="IntegralH" value="0.000000" />
  <attribute name="DerivativeT" value="-inf" />
  <attribute name="DerivativeI" value="-inf" />
  <attribute name="DerivativeH" value="-inf" />
  <attribute name="Loop Time for DT" value="0.000000" />
  <attribute name="Output H" value="2091843584"/>
  <attribute name="Output I" value="200"/>
  <attribute name="Output T" value="4"/>
  <attribute name="Target GC Util Change" value ="20.000000" />
  <attribute name="Current GC Util Change" value="207.000000"/>
  <attribute name="GC Util currently" value="207" />
  <attribute name="CPU Util currently" value="8862031421010" />
<exclusive-end id="6584" timestamp="2019-07-07T05:37:58.417" durationms="4.481" />

<exclusive-start id="6585" timestamp="2019-07-07T05:37:58.421" intervalms="8.683">
  <response-info timems="0.090" idlems="0.090" threads="0" lastid="000000000202A700" lastname="main" />
</exclusive-start>
<allocation-taxation id="6586" taxation-threshold="10485760" timestamp="2019-07-07T05:37:58.421" intervalms="8.660" />
<cycle-start id="6587" type="partial gc" contextid="0" timestamp="2019-07-07T05:37:58.421" intervalms="16.035" />
<gc-start id="6588" type="partial gc" contextid="6587" timestamp="2019-07-07T05:37:58.421">
  <mem-info id="6589" free="15728640" total="59768832" percent="26">
    <mem type="eden" free="1048520" total="22020096" percent="4" />
    <remembered-set count="36992" freebytes="2237824" totalbytes="2385792" percent="93" regionsoverflowed="0" regionsstable="10" regionsrebuilding="0"/>
  </mem-info>
</gc-start>
<allocation-stats totalBytes="20867040" >
  <allocated-bytes non-tlh="0" tlh="20867040" arrayletleaf="0"/>
  <largest-consumer threadName="main" threadId="000000000202A700" bytes="10418088" />
</allocation-stats>
<gc-op id="6590" type="sweep" timems="1.034" contextid="6587" timestamp="2019-07-07T05:37:58.423" />
<gc-op id="6591" type="copy forward" timems="1.153" contextid="6587" timestamp="2019-07-07T05:37:58.425">
  <memory-copied type="eden" objects="27" bytes="1944" bytesdiscarded="0" />
  <memory-copied type="other" objects="0" bytes="0" bytesdiscarded="0" />
  <memory-cardclean objects="59" bytes="2776" />
  <regions eden="10" other="1" />
  <remembered-set-cleared processed="35143" cleared="22" durationms="0.288" />
  <stringconstants candidates="13269" cleared="0"  />
</gc-op>
<gc-op id="6592" type="classunload" timems="0.004" contextid="6587" timestamp="2019-07-07T05:37:58.425">
  <classunload-info classloadercandidates="53" classloadersunloaded="0" classesunloaded="0" anonymousclassesunloaded="0" quiescems="0.000" setupms="0.003" scanms="0.000" postms="0.000" />
</gc-op>
<gc-end id="6593" type="partial gc" contextid="6587" durationms="3.722" usertimems="8.000" systemtimems="0.000" timestamp="2019-07-07T05:37:58.425" activeThreads="1">
  <mem-info id="6594" free="36700160" total="59768832" percent="61">
    <mem type="eden" free="1046632" total="1048576" percent="99" />
    <remembered-set count="37440" freebytes="2236032" totalbytes="2385792" percent="93" regionsoverflowed="0" regionsstable="10" regionsrebuilding="0"/>
  </mem-info>
</gc-end>
<cycle-end id="6595" type="partial gc" contextid="6587" timestamp="2019-07-07T05:37:58.425" />
  <attribute name="elasticGC enabled" value="1" />
  <attribute name= "numThreadsSpecified" value="1" />
  <attribute name="heapSize specified" value="0" />
  <attribute name="Current GC Util" value="165" />
  <attribute name= "Current Time Running" value="29225" />
  <attribute name ="GC Interval" value="0" />
  <attribute name="ProportionalT" value="72.500000" />
  <attribute name="ProportionalI" value="72.500000" />
  <attribute name="ProportionalH" value="72.500000" />
  <attribute name="Current Error" value="145.000000" />
  <attribute name="IntegralT" value="0.000000" />
  <attribute name="IntegralI" value="0.000000" />
  <attribute name="IntegralH" value="0.000000" />
  <attribute name="DerivativeT" value="inf" />
  <attribute name="DerivativeI" value="inf" />
  <attribute name="DerivativeH" value="inf" />
  <attribute name="Loop Time for DT" value="0.000000" />
  <attribute name="Output H" value="8388608"/>
  <attribute name="Output I" value="200"/>
  <attribute name="Output T" value="1"/>
  <attribute name="Target GC Util Change" value ="20.000000" />
  <attribute name="Current GC Util Change" value="165.000000"/>
  <attribute name="GC Util currently" value="165" />
  <attribute name="CPU Util currently" value="13997498808425" />
<exclusive-end id="6596" timestamp="2019-07-07T05:37:58.426" durationms="4.680" />

<exclusive-start id="6597" timestamp="2019-07-07T05:37:58.433" intervalms="12.238">
  <response-info timems="0.077" idlems="0.077" threads="0" lastid="000000000202A700" lastname="main" />
</exclusive-start>
<allocation-taxation id="6598" taxation-threshold="22020096" timestamp="2019-07-07T05:37:58.433" intervalms="12.259" />
<cycle-start id="6599" type="partial gc" contextid="0" timestamp="2019-07-07T05:37:58.434" intervalms="12.357" />
<gc-start id="6600" type="partial gc" contextid="6599" timestamp="2019-07-07T05:37:58.434">
  <mem-info id="6601" free="14680064" total="59768832" percent="24">
    <mem type="eden" free="0" total="22020096" percent="0" />
    <remembered-set count="36992" freebytes="2237824" totalbytes="2385792" percent="93" regionsoverflowed="0" regionsstable="10" regionsrebuilding="0"/>
  </mem-info>
</gc-start>
<allocation-stats totalBytes="21873600" >
  <allocated-bytes non-tlh="0" tlh="21873600" arrayletleaf="0"/>
  <largest-consumer threadName="main" threadId="000000000202A700" bytes="21873600" />
</allocation-stats>
<gc-op id="6602" type="copy forward" timems="2.977" contextid="6599" timestamp="2019-07-07T05:37:58.438">
  <memory-copied type="eden" objects="1" bytes="40" bytesdiscarded="0" />
  <memory-copied type="other" objects="32" bytes="2048" bytesdiscarded="1800" />
  <memory-cardclean objects="63" bytes="2616" />
  <regions eden="21" other="2" />
  <remembered-set-cleared processed="35148" cleared="34" durationms="0.185" />
  <stringconstants candidates="13269" cleared="0"  />
</gc-op>
<gc-op id="6603" type="classunload" timems="0.003" contextid="6599" timestamp="2019-07-07T05:37:58.438">
  <classunload-info classloadercandidates="53" classloadersunloaded="0" classesunloaded="0" anonymousclassesunloaded="0" quiescems="0.000" setupms="0.003" scanms="0.000" postms="0.000" />
</gc-op>
<heap-resize id="6604" type="expand" space="default" amount="1048576" count="1" timems="0.047" reason="excessive time being spent in gc" timestamp="2019-07-07T05:37:58.438" />
<gc-end id="6605" type="partial gc" contextid="6599" durationms="4.361" usertimems="8.000" systemtimems="0.000" timestamp="2019-07-07T05:37:58.438" activeThreads="4">
  <mem-info id="6606" free="36700160" total="60817408" percent="60">
    <mem type="eden" free="1048536" total="1048576" percent="99" />
    <remembered-set count="37312" freebytes="2278400" totalbytes="2427648" percent="93" regionsoverflowed="0" regionsstable="10" regionsrebuilding="0"/>
  </mem-info>
</gc-end>
<cycle-end id="6607" type="partial gc" contextid="6599" timestamp="2019-07-07T05:37:58.438" />
  <attribute name="elasticGC enabled" value="1" />
  <attribute name= "numThreadsSpecified" value="4" />
  <attribute name="heapSize specified" value="0" />
  <attribute name="Current GC Util" value="0" />
  <attribute name= "Current Time Running" value="29236" />
  <attribute name ="GC Interval" value="0" />
  <attribute name="ProportionalT" value="-10.000000" />
  <attribute name="ProportionalI" value="-10.000000" />
  <attribute name="ProportionalH" value="-10.000000" />
  <attribute name="Current Error" value="-20.000000" />
  <attribute name="IntegralT" value="0.000000" />
  <attribute name="IntegralI" value="0.000000" />
  <attribute name="IntegralH" value="0.000000" />
  <attribute name="DerivativeT" value="-inf" />
  <attribute name="DerivativeI" value="-inf" />
  <attribute name="DerivativeH" value="-inf" />
  <attribute name="Loop Time for DT" value="0.000000" />
  <attribute name="Output H" value="2091843584"/>
  <attribute name="Output I" value="200"/>
  <attribute name="Output T" value="4"/>
  <attribute name="Target GC Util Change" value ="20.000000" />
  <attribute name="Current GC Util Change" value="0.000000"/>
  <attribute name="GC Util currently" value="0" />
  <attribute name="CPU Util currently" value="14294216662203" />
<exclusive-end id="6608" timestamp="2019-07-07T05:37:58.439" durationms="5.383" />

<exclusive-start id="6609" timestamp="2019-07-07T05:37:58.446" intervalms="12.987">
  <response-info timems="0.076" idlems="0.076" threads="0" lastid="000000000202A700" lastname="main" />
</exclusive-start>
<allocation-taxation id="6610" taxation-threshold="22020096" timestamp="2019-07-07T05:37:58.446" intervalms="12.979" />
<cycle-start id="6611" type="partial gc" contextid="0" timestamp="2019-07-07T05:37:58.447" intervalms="12.893" />
<gc-start id="6612" type="partial gc" contextid="6611" timestamp="2019-07-07T05:37:58.447">
  <mem-info id="6613" free="14680064" total="60817408" percent="24">
    <mem type="eden" free="1048536" total="23068672" percent="4" />
    <remembered-set count="2400" freebytes="2418048" totalbytes="2427648" percent="99" regionsoverflowed="0" regionsstable="17" regionsrebuilding="0"/>
  </mem-info>
</gc-start>
<allocation-stats totalBytes="21873600" >
  <allocated-bytes non-tlh="0" tlh="21873600" arrayletleaf="0"/>
  <largest-consumer threadName="main" threadId="000000000202A700" bytes="21873600" />
</allocation-stats>
<gc-op id="6614" type="copy forward" timems="3.879" contextid="6611" timestamp="2019-07-07T05:37:58.451">
  <memory-copied type="eden" objects="1" bytes="40" bytesdiscarded="0" />
  <memory-copied type="other" objects="32014" bytes="739160" bytesdiscarded="368" />
  <memory-cardclean objects="11493" bytes="425040" />
  <regions eden="21" other="4" />
  <remembered-set-cleared processed="7" cleared="2" durationms="0.089" />
  <references type="soft" candidates="16" cleared="0" enqueued="0" dynamicThreshold="19" maxThreshold="32" />
  <references type="weak" candidates="28" cleared="0" enqueued="0" />
  <stringconstants candidates="13269" cleared="0"  />
</gc-op>
<gc-op id="6615" type="classunload" timems="0.004" contextid="6611" timestamp="2019-07-07T05:37:58.452">
  <classunload-info classloadercandidates="53" classloadersunloaded="0" classesunloaded="0" anonymousclassesunloaded="0" quiescems="0.000" setupms="0.003" scanms="0.000" postms="0.000" />
</gc-op>
<gc-end id="6616" type="partial gc" contextid="6611" durationms="5.147" usertimems="8.000" systemtimems="0.000" timestamp="2019-07-07T05:37:58.452" activeThreads="1">
  <mem-info id="6617" free="39845888" total="60817408" percent="65">
    <mem type="eden" free="1048536" total="1048576" percent="99" />
    <remembered-set count="2720" freebytes="2416768" totalbytes="2427648" percent="99" regionsoverflowed="0" regionsstable="17" regionsrebuilding="0"/>
  </mem-info>
</gc-end>
<cycle-end id="6618" type="partial gc" contextid="6611" timestamp="2019-07-07T05:37:58.452" />
  <attribute name="elasticGC enabled" value="1" />
  <attribute name= "numThreadsSpecified" value="1" />
  <attribute name="heapSize specified" value="0" />
  <attribute name="Current GC Util" value="210" />
  <attribute name= "Current Time Running" value="29249" />
  <attribute name ="GC Interval" value="0" />
  <attribute name="ProportionalT" value="95.000000" />
  <attribute name="ProportionalI" value="95.000000" />
  <attribute name="ProportionalH" value="95.000000" />
  <attribute name="Current Error" value="190.000000" />
  <attribute name="IntegralT" value="0.000000" />
  <attribute name="IntegralI" value="0.000000" />
  <attribute name="IntegralH" value="0.000000" />
  <attribute name="DerivativeT" value="inf" />
  <attribute name="DerivativeI" value="inf" />
  <attribute name="DerivativeH" value="inf" />
  <attribute name="Loop Time for DT" value="0.000000" />
  <attribute name="Output H" value="8388608"/>
  <attribute name="Output I" value="200"/>
  <attribute name="Output T" value="1"/>
  <attribute name="Target GC Util Change" value ="20.000000" />
  <attribute name="Current GC Util Change" value="210.000000"/>
  <attribute name="GC Util currently" value="210" />
  <attribute name="CPU Util currently" value="13488011303073" />
<exclusive-end id="6619" timestamp="2019-07-07T05:37:58.452" durationms="6.133" />

<exclusive-start id="6620" timestamp="2019-07-07T05:37:58.460" intervalms="13.650">
  <response-info timems="0.076" idlems="0.076" threads="0" lastid="000000000202A700" lastname="main" />
</exclusive-start>
<allocation-taxation id="6621" taxation-threshold="22020096" timestamp="2019-07-07T05:37:58.460" intervalms="13.665" />
<cycle-start id="6622" type="partial gc" contextid="0" timestamp="2019-07-07T05:37:58.460" intervalms="13.747" />
<gc-start id="6623" type="partial gc" contextid="6622" timestamp="2019-07-07T05:37:58.460">
  <mem-info id="6624" free="17825792" total="60817408" percent="29">
    <mem type="eden" free="1048536" total="23068672" percent="4" />
    <remembered-set count="2336" freebytes="2418304" totalbytes="2427648" percent="99" regionsoverflowed="0" regionsstable="17" regionsrebuilding="0"/>
  </mem-info>
</gc-start>
<allocation-stats totalBytes="21881160" >
  <allocated-bytes non-tlh="0" tlh="21881160" arrayletleaf="0"/>
  <largest-consumer threadName="main" threadId="000000000202A700" bytes="21881160" />
</allocation-stats>
<gc-op id="6625" type="copy forward" timems="0.957" contextid="6622" timestamp="2019-07-07T05:37:58.462">
  <memory-copied type="eden" objects="2" bytes="64" bytesdiscarded="0" />
  <memory-copied type="other" objects="0" bytes="0" bytesdiscarded="0" />
  <memory-cardclean objects="8" bytes="344" />
  <regions eden="21" other="1" />
  <remembered-set-cleared processed="629" cleared="0" durationms="0.090" />
  <stringconstants candidates="13269" cleared="0"  />
</gc-op>
<gc-op id="6626" type="classunload" timems="0.003" contextid="6622" timestamp="2019-07-07T05:37:58.462">
  <classunload-info classloadercandidates="53" classloadersunloaded="0" classesunloaded="0" anonymousclassesunloaded="0" quiescems="0.000" setupms="0.003" scanms="0.000" postms="0.000" />
</gc-op>
<gc-end id="6627" type="partial gc" contextid="6622" durationms="2.097" usertimems="0.000" systemtimems="0.000" timestamp="2019-07-07T05:37:58.463" activeThreads="1">
  <mem-info id="6628" free="39845888" total="60817408" percent="65">
    <mem type="eden" free="1048512" total="1048576" percent="99" />
    <remembered-set count="2848" freebytes="2416256" totalbytes="2427648" percent="99" regionsoverflowed="0" regionsstable="17" regionsrebuilding="0"/>
  </mem-info>
</gc-end>
<cycle-end id="6629" type="partial gc" contextid="6622" timestamp="2019-07-07T05:37:58.463" />
  <attribute name="elasticGC enabled" value="1" />
  <attribute name= "numThreadsSpecified" value="1" />
  <attribute name="heapSize specified" value="0" />
  <attribute name="Current GC Util" value="292" />
  <attribute name= "Current Time Running" value="29263" />
  <attribute name ="GC Interval" value="0" />
  <attribute name="ProportionalT" value="136.000000" />
  <attribute name="ProportionalI" value="136.000000" />
  <attribute name="ProportionalH" value="136.000000" />
  <attribute name="Current Error" value="272.000000" />
  <attribute name="IntegralT" value="0.000000" />
  <attribute name="IntegralI" value="0.000000" />
  <attribute name="IntegralH" value="0.000000" />
  <attribute name="DerivativeT" value="inf" />
  <attribute name="DerivativeI" value="inf" />
  <attribute name="DerivativeH" value="inf" />
  <attribute name="Loop Time for DT" value="0.000000" />
  <attribute name="Output H" value="8388608"/>
  <attribute name="Output I" value="200"/>
  <attribute name="Output T" value="1"/>
  <attribute name="Target GC Util Change" value ="20.000000" />
  <attribute name="Current GC Util Change" value="292.000000"/>
  <attribute name="GC Util currently" value="292" />
  <attribute name="CPU Util currently" value="13915685314198" />
<exclusive-end id="6630" timestamp="2019-07-07T05:37:58.463" durationms="3.125" />

