<?xml version="1.0" ?>

<verbosegc xmlns="http://www.ibm.com/j9/verbosegc" version="10b4217_CMPRSS">

<initialized id="1" timestamp="2019-07-07T05:34:30.355">
  <attribute name="gcPolicy" value="-Xgcpolicy:balanced" />
  <attribute name="elasticGC enabled" value="1" />
  <attribute name= "numThreadsSpecified" value="0" />
  <attribute name="heapSize specified" value="0" />
  <attribute name="Current GC Util" value="0" />
  <attribute name= "Current Time Running" value="0" />
  <attribute name ="GC Interval" value="0" />
  <attribute name="ProportionalT" value="0.000000" />
  <attribute name="ProportionalI" value="0.000000" />
  <attribute name="ProportionalH" value="0.000000" />
  <attribute name="IntegralT" value="0.000000" />
  <attribute name="IntegralI" value="0.000000" />
  <attribute name="IntegralH" value="0.000000" />
  <attribute name="DerivativeT" value="0.000000" />
  <attribute name="DerivativeI" value="0.000000" />
  <attribute name="DerivativeH" value="0.000000" />
  <attribute name="Target GC Util Change" value ="0.000000" />
  <attribute name="Current GC Util Change" value="0.000000"/>
  <attribute name="Current Error" value="0.000000" />
  <attribute name="Loop Time for DT" value="0.000000" />
  <attribute name="Output H" value="0"/>
  <attribute name="Output I" value="0"/>
  <attribute name="Output T" value="0"/>
  <attribute name="GC Util currently" value="0" />
  <attribute name="CPU Util currently" value="0" />
  <attribute name="maxHeapSize" value="0x7cb00000" />
  <attribute name="initialHeapSize" value="0x800000" />
  <attribute name="compressedRefs" value="true" />
  <attribute name="compressedRefsDisplacement" value="0x0" />
  <attribute name="compressedRefsShift" value="0x0" />
  <attribute name="pageSize" value="0x1000" />
  <attribute name="pageType" value="not used" />
  <attribute name="requestedPageSize" value="0x1000" />
  <attribute name="requestedPageType" value="not used" />
  <attribute name="gcthreads" value="4" />
  <attribute name="packetListSplit" value="4" />
  <attribute name="cacheListSplit" value="4" />
  <attribute name="splitFreeListSplitAmount" value="1" />
  <attribute name="numaNodes" value="0" />
  <region>
    <attribute name="regionSize" value="1048576" />
    <attribute name="regionCount" value="1995" />
    <attribute name="arrayletLeafSize" value="1048576" />
  </region>
  <system>
    <attribute name="physicalMemory" value="8370962432" />
    <attribute name="numCPUs" value="4" />
    <attribute name="architecture" value="amd64" />
    <attribute name="os" value="Linux" />
    <attribute name="osVersion" value="4.4.0-148-generic" />
  </system>
  <vmargs>
    <vmarg name="-Xoptionsfile=/vagrant/jdk/lib/options.default" />
    <vmarg name="-Xlockword:mode=default,noLockword=java/lang/String,noLockword=java/util/MapEntry,noLockword=java/util/HashMap$Entry,noLockword..." />
    <vmarg name="-Xjcl:jclse29" />
    <vmarg name="-Dcom.ibm.oti.vm.bootstrap.library.path=/vagrant/jdk/lib/compressedrefs:/vagrant/jdk/lib" />
    <vmarg name="-Dsun.boot.library.path=/vagrant/jdk/lib/compressedrefs:/vagrant/jdk/lib" />
    <vmarg name="-Djava.library.path=/vagrant/jdk/lib/compressedrefs:/vagrant/jdk/lib:/usr/lib64:/usr/lib" />
    <vmarg name="-Djava.home=/vagrant/jdk" />
    <vmarg name="-Duser.dir=/vagrant" />
    <vmarg name="-Xgcpolicy:balanced" />
    <vmarg name="-Xgcelastic" />
    <vmarg name="-Xcheck:gc:::elasticGC" />
    <vmarg name="-verbose:gc" />
    <vmarg name="-Xloggc:large-Balanced-jdk0.5-0.5-1-verbose2jython.txt" />
    <vmarg name="-Djava.class.path=dacapo-9.12-MR1-bach.jar" />
    <vmarg name="-Dsun.java.command=dacapo-9.12-MR1-bach.jar jython --size=large" />
    <vmarg name="-Dsun.java.launcher=SUN_STANDARD" />
    <vmarg name="-Dsun.java.launcher.pid=6307" />
  </vmargs>
</initialized>

<exclusive-start id="2" timestamp="2019-07-07T05:34:32.179" intervalms="1823.717">
  <response-info timems="0.019" idlems="0.019" threads="0" lastid="00000000020B9700" lastname="main" />
</exclusive-start>
<allocation-taxation id="3" taxation-threshold="8388608" timestamp="2019-07-07T05:34:32.179" intervalms="1823.926" />
<cycle-start id="4" type="partial gc" contextid="0" timestamp="2019-07-07T05:34:32.179" intervalms="1824.149" />
<gc-start id="5" type="partial gc" contextid="4" timestamp="2019-07-07T05:34:32.179">
  <mem-info id="6" free="0" total="8388608" percent="0">
    <mem type="eden" free="80" total="8388608" percent="0" />
    <remembered-set count="0" freebytes="334848" totalbytes="334848" percent="100" regionsoverflowed="0" regionsstable="0" regionsrebuilding="0"/>
  </mem-info>
</gc-start>
<allocation-stats totalBytes="8352168" >
  <allocated-bytes non-tlh="357600" tlh="7994568" arrayletleaf="0"/>
  <largest-consumer threadName="main" threadId="00000000020B9700" bytes="8275648" />
</allocation-stats>
<gc-op id="7" type="mark" timems="2.145" contextid="4" timestamp="2019-07-07T05:34:32.182">
  <trace-info objectcount="17715" scancount="14028" scanbytes="460928" />
  <remembered-set-cleared processed="0" cleared="0" durationms="0.070" />
  <finalization candidates="14" enqueued="1" />
  <references type="soft" candidates="63" cleared="0" enqueued="0" dynamicThreshold="32" maxThreshold="32" />
  <references type="weak" candidates="544" cleared="401" enqueued="362" />
  <references type="phantom" candidates="105" cleared="44" enqueued="44" />
  <stringconstants candidates="2406" cleared="0"  />
  <warning details="Mark for calibration purposes" />
</gc-op>
<gc-op id="8" type="classunload" timems="0.035" contextid="4" timestamp="2019-07-07T05:34:32.182">
  <classunload-info classloadercandidates="5" classloadersunloaded="0" classesunloaded="0" anonymousclassesunloaded="0" quiescems="0.000" setupms="0.035" scanms="0.000" postms="0.000" />
</gc-op>
<gc-op id="9" type="sweep" timems="0.515" contextid="4" timestamp="2019-07-07T05:34:32.183" />
<gc-op id="10" type="compact" timems="3.784" contextid="4" timestamp="2019-07-07T05:34:32.187">
  <compact-info movecount="17715" movebytes="963336" />
  <remembered-set-cleared processed="0" cleared="0" durationms="0.070" />
</gc-op>
<gc-end id="11" type="partial gc" contextid="4" durationms="8.489" usertimems="8.000" systemtimems="0.000" timestamp="2019-07-07T05:34:32.188" activeThreads="1">
  <mem-info id="12" free="7340032" total="8388608" percent="87">
    <mem type="eden" free="85240" total="1048576" percent="8" />
    <pending-finalizers system="1" default="0" reference="406" classloader="0" />
    <remembered-set count="0" freebytes="334848" totalbytes="334848" percent="100" regionsoverflowed="0" regionsstable="0" regionsrebuilding="0"/>
  </mem-info>
</gc-end>
<cycle-end id="13" type="partial gc" contextid="4" timestamp="2019-07-07T05:34:32.188" />
  <attribute name="elasticGC enabled" value="1" />
  <attribute name= "numThreadsSpecified" value="1" />
  <attribute name="heapSize specified" value="0" />
  <attribute name="Current GC Util" value="56" />
  <attribute name= "Current Time Running" value="1710" />
  <attribute name ="GC Interval" value="0" />
  <attribute name="ProportionalT" value="18.000000" />
  <attribute name="ProportionalI" value="18.000000" />
  <attribute name="ProportionalH" value="18.000000" />
  <attribute name="Current Error" value="36.000000" />
  <attribute name="IntegralT" value="-17100.000000" />
  <attribute name="IntegralI" value="-17100.000000" />
  <attribute name="IntegralH" value="-17100.000000" />
  <attribute name="DerivativeT" value="inf" />
  <attribute name="DerivativeI" value="inf" />
  <attribute name="DerivativeH" value="inf" />
  <attribute name="Loop Time for DT" value="0.000000" />
  <attribute name="Output H" value="8388608"/>
  <attribute name="Output I" value="200"/>
  <attribute name="Output T" value="1"/>
  <attribute name="Target GC Util Change" value ="20.000000" />
  <attribute name="Current GC Util Change" value="56.000000"/>
  <attribute name="GC Util currently" value="56" />
  <attribute name="CPU Util currently" value="6014086882089" />
<exclusive-end id="14" timestamp="2019-07-07T05:34:32.188" durationms="9.462" />

<exclusive-start id="15" timestamp="2019-07-07T05:34:32.792" intervalms="613.778">
  <response-info timems="0.023" idlems="0.023" threads="0" lastid="00000000020B9700" lastname="main" />
</exclusive-start>
<allocation-taxation id="16" taxation-threshold="7340032" timestamp="2019-07-07T05:34:32.792" intervalms="613.738" />
<cycle-start id="17" type="partial gc" contextid="0" timestamp="2019-07-07T05:34:32.793" intervalms="613.711" />
<gc-start id="18" type="partial gc" contextid="17" timestamp="2019-07-07T05:34:32.793">
  <mem-info id="19" free="0" total="8388608" percent="0">
    <mem type="eden" free="85240" total="8388608" percent="1" />
    <remembered-set count="0" freebytes="334848" totalbytes="334848" percent="100" regionsoverflowed="0" regionsstable="0" regionsrebuilding="0"/>
  </mem-info>
</gc-start>
<allocation-stats totalBytes="7327392" >
  <allocated-bytes non-tlh="415960" tlh="6911432" arrayletleaf="0"/>
  <largest-consumer threadName="main" threadId="00000000020B9700" bytes="7319112" />
</allocation-stats>
<gc-op id="20" type="mark" timems="2.540" contextid="17" timestamp="2019-07-07T05:34:32.796">
  <trace-info objectcount="18997" scancount="15053" scanbytes="510848" />
  <remembered-set-cleared processed="0" cleared="0" durationms="0.072" />
  <finalization candidates="22" enqueued="0" />
  <ownableSynchronizers candidates="16" cleared="0" />
  <references type="soft" candidates="67" cleared="0" enqueued="0" dynamicThreshold="28" maxThreshold="32" />
  <references type="weak" candidates="683" cleared="364" enqueued="256" />
  <references type="phantom" candidates="88" cleared="2" enqueued="2" />
  <stringconstants candidates="2596" cleared="0"  />
  <warning details="Mark invoked due to insufficient free space for Copy-Forward" />
</gc-op>
<gc-op id="21" type="classunload" timems="0.001" contextid="17" timestamp="2019-07-07T05:34:32.796">
  <classunload-info classloadercandidates="6" classloadersunloaded="0" classesunloaded="0" anonymousclassesunloaded="0" quiescems="0.000" setupms="0.001" scanms="0.000" postms="0.000" />
</gc-op>
<gc-op id="22" type="sweep" timems="0.849" contextid="17" timestamp="2019-07-07T05:34:32.797" />
<gc-op id="23" type="compact" timems="3.711" contextid="17" timestamp="2019-07-07T05:34:32.802">
  <compact-info movecount="18993" movebytes="1501888" />
  <remembered-set-cleared processed="0" cleared="0" durationms="0.072" />
</gc-op>
<gc-end id="24" type="partial gc" contextid="17" durationms="8.810" usertimems="12.000" systemtimems="0.000" timestamp="2019-07-07T05:34:32.802" activeThreads="4">
  <mem-info id="25" free="6291456" total="8388608" percent="75">
    <mem type="eden" free="595000" total="2097152" percent="28" />
    <pending-finalizers system="0" default="0" reference="258" classloader="0" />
    <remembered-set count="1024" freebytes="330752" totalbytes="334848" percent="98" regionsoverflowed="0" regionsstable="0" regionsrebuilding="0"/>
  </mem-info>
</gc-end>
<cycle-end id="26" type="partial gc" contextid="17" timestamp="2019-07-07T05:34:32.802" />
  <attribute name="elasticGC enabled" value="1" />
  <attribute name= "numThreadsSpecified" value="4" />
  <attribute name="heapSize specified" value="0" />
  <attribute name="Current GC Util" value="92" />
  <attribute name= "Current Time Running" value="2325" />
  <attribute name ="GC Interval" value="0" />
  <attribute name="ProportionalT" value="36.000000" />
  <attribute name="ProportionalI" value="36.000000" />
  <attribute name="ProportionalH" value="36.000000" />
  <attribute name="Current Error" value="72.000000" />
  <attribute name="IntegralT" value="36.000000" />
  <attribute name="IntegralI" value="36.000000" />
  <attribute name="IntegralH" value="36.000000" />
  <attribute name="DerivativeT" value="-44.000000" />
  <attribute name="DerivativeI" value="-44.000000" />
  <attribute name="DerivativeH" value="-44.000000" />
  <attribute name="Loop Time for DT" value="1.000000" />
  <attribute name="Output H" value="8388608"/>
  <attribute name="Output I" value="200"/>
  <attribute name="Output T" value="4"/>
  <attribute name="Target GC Util Change" value ="20.000000" />
  <attribute name="Current GC Util Change" value="92.000000"/>
  <attribute name="GC Util currently" value="92" />
  <attribute name="CPU Util currently" value="3964804392608" />
<exclusive-end id="27" timestamp="2019-07-07T05:34:32.802" durationms="9.807" />

<exclusive-start id="28" timestamp="2019-07-07T05:34:32.970" intervalms="177.328">
  <response-info timems="0.049" idlems="0.049" threads="0" lastid="00000000020B9700" lastname="main" />
</exclusive-start>
<allocation-taxation id="29" taxation-threshold="3145728" timestamp="2019-07-07T05:34:32.970" intervalms="177.285" />
<cycle-start id="30" type="global mark phase" contextid="0" timestamp="2019-07-07T05:34:32.970" intervalms="2615.158" />
<gc-start id="31" type="global mark phase" contextid="30" timestamp="2019-07-07T05:34:32.970">
  <mem-info id="32" free="3145728" total="8388608" percent="37">
    <remembered-set count="544" freebytes="332672" totalbytes="334848" percent="99" regionsoverflowed="0" regionsstable="0" regionsrebuilding="0"/>
  </mem-info>
</gc-start>
<gc-op id="33" type="mark increment" timems="0.795" contextid="30" timestamp="2019-07-07T05:34:32.971">
  <trace-info objectcount="117" scancount="0" scanbytes="0" />
</gc-op>
<gc-end id="34" type="global mark phase" contextid="30" durationms="0.885" usertimems="4.000" systemtimems="0.000" timestamp="2019-07-07T05:34:32.971" activeThreads="4">
  <mem-info id="35" free="3145728" total="8388608" percent="37">
    <remembered-set count="544" freebytes="332672" totalbytes="334848" percent="99" regionsoverflowed="0" regionsstable="0" regionsrebuilding="0"/>
  </mem-info>
</gc-end>
<concurrent-start id="36" type="GMP work packet processing" contextid="30" timestamp="2019-07-07T05:34:32.971">
  <concurrent-mark-start scanTarget="18446744073709551615" />
</concurrent-start>
<exclusive-end id="37" timestamp="2019-07-07T05:34:32.971" durationms="1.382" />

<concurrent-end id="38" type="GMP work packet processing" contextid="30" timestamp="2019-07-07T05:34:32.973">
  <concurrent-mark-end bytesScanned="784708" reasonForTermination="Completed all work in GC phase" />
</concurrent-end>

<exclusive-start id="39" timestamp="2019-07-07T05:34:33.061" intervalms="91.217">
  <response-info timems="0.035" idlems="0.035" threads="0" lastid="00000000020B9700" lastname="main" />
</exclusive-start>
<allocation-taxation id="40" taxation-threshold="3145728" timestamp="2019-07-07T05:34:33.061" intervalms="91.184" />
<cycle-start id="41" type="partial gc" contextid="0" timestamp="2019-07-07T05:34:33.061" intervalms="268.360" />
<gc-start id="42" type="partial gc" contextid="41" timestamp="2019-07-07T05:34:33.061">
  <mem-info id="43" free="0" total="8388608" percent="0">
    <mem type="eden" free="0" total="6291456" percent="0" />
    <remembered-set count="544" freebytes="332672" totalbytes="334848" percent="99" regionsoverflowed="0" regionsstable="0" regionsrebuilding="0"/>
  </mem-info>
</gc-start>
<allocation-stats totalBytes="6284304" >
  <allocated-bytes non-tlh="267200" tlh="6017104" arrayletleaf="0"/>
  <largest-consumer threadName="main" threadId="00000000020B9700" bytes="3142552" />
</allocation-stats>
<gc-op id="44" type="mark" timems="1.960" contextid="41" timestamp="2019-07-07T05:34:33.064">
  <trace-info objectcount="19754" scancount="15730" scanbytes="525728" />
  <cardclean-info objects="779" bytes="34420" />
  <remembered-set-cleared processed="204" cleared="204" durationms="0.043" />
  <finalization candidates="50" enqueued="1" />
  <ownableSynchronizers candidates="17" cleared="0" />
  <references type="soft" candidates="368" cleared="0" enqueued="0" dynamicThreshold="12" maxThreshold="32" />
  <references type="weak" candidates="1254" cleared="157" enqueued="143" />
  <references type="phantom" candidates="41" cleared="4" enqueued="4" />
  <stringconstants candidates="4544" cleared="0"  />
  <warning details="Mark invoked due to insufficient free space for Copy-Forward" />
</gc-op>
<gc-op id="45" type="classunload" timems="0.002" contextid="41" timestamp="2019-07-07T05:34:33.064">
  <classunload-info classloadercandidates="10" classloadersunloaded="0" classesunloaded="0" anonymousclassesunloaded="0" quiescems="0.000" setupms="0.002" scanms="0.000" postms="0.000" />
</gc-op>
<gc-op id="46" type="sweep" timems="0.588" contextid="41" timestamp="2019-07-07T05:34:33.064" />
<gc-op id="47" type="compact" timems="2.442" contextid="41" timestamp="2019-07-07T05:34:33.067">
  <compact-info movecount="19705" movebytes="1354576" />
  <remembered-set-cleared processed="3202" cleared="3202" durationms="0.054" />
</gc-op>
<heap-resize id="48" type="contract" space="default" amount="1048576" count="1" timems="0.162" reason="insufficient time being spent in gc" timestamp="2019-07-07T05:34:33.068" />
<gc-end id="49" type="partial gc" contextid="41" durationms="6.506" usertimems="8.000" systemtimems="0.000" timestamp="2019-07-07T05:34:33.068" activeThreads="4">
  <mem-info id="50" free="4194304" total="7340032" percent="57">
    <mem type="eden" free="396128" total="1048576" percent="37" />
    <pending-finalizers system="1" default="0" reference="147" classloader="0" />
    <remembered-set count="3072" freebytes="322560" totalbytes="334848" percent="96" regionsoverflowed="0" regionsstable="0" regionsrebuilding="0"/>
  </mem-info>
</gc-end>
<cycle-end id="51" type="partial gc" contextid="41" timestamp="2019-07-07T05:34:33.068" />
  <attribute name="elasticGC enabled" value="1" />
  <attribute name= "numThreadsSpecified" value="4" />
  <attribute name="heapSize specified" value="0" />
  <attribute name="Current GC Util" value="92" />
  <attribute name= "Current Time Running" value="2592" />
  <attribute name ="GC Interval" value="0" />
  <attribute name="ProportionalT" value="36.000000" />
  <attribute name="ProportionalI" value="36.000000" />
  <attribute name="ProportionalH" value="36.000000" />
  <attribute name="Current Error" value="72.000000" />
  <attribute name="IntegralT" value="36.000000" />
  <attribute name="IntegralI" value="36.000000" />
  <attribute name="IntegralH" value="36.000000" />
  <attribute name="DerivativeT" value="-2.000000" />
  <attribute name="DerivativeI" value="-2.000000" />
  <attribute name="DerivativeH" value="-2.000000" />
  <attribute name="Loop Time for DT" value="1.000000" />
  <attribute name="Output H" value="8388608"/>
  <attribute name="Output I" value="200"/>
  <attribute name="Output T" value="4"/>
  <attribute name="Target GC Util Change" value ="20.000000" />
  <attribute name="Current GC Util Change" value="92.000000"/>
  <attribute name="GC Util currently" value="92" />
  <attribute name="CPU Util currently" value="6106317022854" />
<exclusive-end id="52" timestamp="2019-07-07T05:34:33.068" durationms="7.142" />

<exclusive-start id="53" timestamp="2019-07-07T05:34:35.641" intervalms="2580.605">
  <response-info timems="0.033" idlems="0.033" threads="0" lastid="00000000020B9700" lastname="main" />
</exclusive-start>
<allocation-taxation id="54" taxation-threshold="2097152" timestamp="2019-07-07T05:34:35.641" intervalms="2580.602" />
<gc-start id="55" type="global mark phase" contextid="30" timestamp="2019-07-07T05:34:35.642">
  <mem-info id="56" free="2097152" total="7340032" percent="28">
    <remembered-set count="2624" freebytes="324352" totalbytes="334848" percent="96" regionsoverflowed="0" regionsstable="0" regionsrebuilding="0"/>
  </mem-info>
</gc-start>
<gc-op id="57" type="mark increment" timems="2.743" contextid="30" timestamp="2019-07-07T05:34:35.644">
  <trace-info objectcount="22756" scancount="18402" scanbytes="627360" />
  <cardclean-info objects="906" bytes="41464" />
  <finalization candidates="65" enqueued="0" />
  <ownableSynchronizers candidates="17" cleared="0" />
  <references type="soft" candidates="586" cleared="0" enqueued="0" dynamicThreshold="18" maxThreshold="32" />
  <references type="weak" candidates="1427" cleared="14" enqueued="14" />
  <references type="phantom" candidates="96" cleared="2" enqueued="2" />
  <stringconstants candidates="4903" cleared="0"  />
</gc-op>
<gc-op id="58" type="classunload" timems="0.003" contextid="30" timestamp="2019-07-07T05:34:35.644">
  <classunload-info classloadercandidates="10" classloadersunloaded="0" classesunloaded="0" anonymousclassesunloaded="0" quiescems="0.000" setupms="0.003" scanms="0.000" postms="0.000" />
</gc-op>
<gc-end id="59" type="global mark phase" contextid="30" durationms="3.028" usertimems="4.000" systemtimems="0.000" timestamp="2019-07-07T05:34:35.645" activeThreads="4">
  <mem-info id="60" free="2097152" total="7340032" percent="28">
    <pending-finalizers system="0" default="0" reference="16" classloader="0" />
    <remembered-set count="2624" freebytes="324352" totalbytes="334848" percent="96" regionsoverflowed="0" regionsstable="0" regionsrebuilding="0"/>
  </mem-info>
</gc-end>
<cycle-end id="61" type="global mark phase" contextid="30" timestamp="2019-07-07T05:34:35.645" />
  <attribute name="elasticGC enabled" value="1" />
  <attribute name= "numThreadsSpecified" value="4" />
  <attribute name="heapSize specified" value="0" />
  <attribute name="Current GC Util" value="0" />
  <attribute name= "Current Time Running" value="5171" />
  <attribute name ="GC Interval" value="0" />
  <attribute name="ProportionalT" value="-10.000000" />
  <attribute name="ProportionalI" value="-10.000000" />
  <attribute name="ProportionalH" value="-10.000000" />
  <attribute name="Current Error" value="-20.000000" />
  <attribute name="IntegralT" value="-20.000000" />
  <attribute name="IntegralI" value="-20.000000" />
  <attribute name="IntegralH" value="-20.000000" />
  <attribute name="DerivativeT" value="-43.000000" />
  <attribute name="DerivativeI" value="-43.000000" />
  <attribute name="DerivativeH" value="-43.000000" />
  <attribute name="Loop Time for DT" value="2.000000" />
  <attribute name="Output H" value="2091843584"/>
  <attribute name="Output I" value="200"/>
  <attribute name="Output T" value="4"/>
  <attribute name="Target GC Util Change" value ="20.000000" />
  <attribute name="Current GC Util Change" value="0.000000"/>
  <attribute name="GC Util currently" value="0" />
  <attribute name="CPU Util currently" value="3215600782073" />
<exclusive-end id="62" timestamp="2019-07-07T05:34:35.645" durationms="3.370" />

<exclusive-start id="63" timestamp="2019-07-07T05:34:35.687" intervalms="45.550">
  <response-info timems="0.023" idlems="0.023" threads="0" lastid="00000000020B9700" lastname="main" />
</exclusive-start>
<allocation-taxation id="64" taxation-threshold="2097152" timestamp="2019-07-07T05:34:35.687" intervalms="45.541" />
<cycle-start id="65" type="partial gc" contextid="0" timestamp="2019-07-07T05:34:35.687" intervalms="2626.125" />
<gc-start id="66" type="partial gc" contextid="65" timestamp="2019-07-07T05:34:35.687">
  <mem-info id="67" free="0" total="7340032" percent="0">
    <mem type="eden" free="0" total="4194304" percent="0" />
    <remembered-set count="2624" freebytes="324352" totalbytes="334848" percent="96" regionsoverflowed="0" regionsstable="0" regionsrebuilding="0"/>
  </mem-info>
</gc-start>
<allocation-stats totalBytes="4190336" >
  <allocated-bytes non-tlh="81888" tlh="4108448" arrayletleaf="0"/>
  <largest-consumer threadName="main" threadId="00000000020B9700" bytes="2095856" />
</allocation-stats>
<gc-op id="68" type="sweep" timems="0.376" contextid="65" timestamp="2019-07-07T05:34:35.688" />
<gc-op id="69" type="mark" timems="1.572" contextid="65" timestamp="2019-07-07T05:34:35.690">
  <trace-info objectcount="22669" scancount="18167" scanbytes="607912" />
  <cardclean-info objects="1037" bytes="58180" />
  <remembered-set-cleared processed="0" cleared="0" durationms="0.053" />
  <finalization candidates="43" enqueued="0" />
  <ownableSynchronizers candidates="1" cleared="0" />
  <references type="soft" candidates="562" cleared="0" enqueued="0" dynamicThreshold="9" maxThreshold="32" />
  <references type="weak" candidates="1243" cleared="16" enqueued="16" />
  <references type="phantom" candidates="10" cleared="1" enqueued="1" />
  <stringconstants candidates="5098" cleared="0"  />
  <warning details="Mark invoked due to insufficient free space for Copy-Forward" />
</gc-op>
<gc-op id="70" type="classunload" timems="0.002" contextid="65" timestamp="2019-07-07T05:34:35.690">
  <classunload-info classloadercandidates="10" classloadersunloaded="0" classesunloaded="0" anonymousclassesunloaded="0" quiescems="0.000" setupms="0.001" scanms="0.000" postms="0.000" />
</gc-op>
<gc-op id="71" type="sweep" timems="0.327" contextid="65" timestamp="2019-07-07T05:34:35.690" />
<gc-op id="72" type="compact" timems="2.844" contextid="65" timestamp="2019-07-07T05:34:35.693">
  <compact-info movecount="22280" movebytes="870672" />
  <remembered-set-cleared processed="5578" cleared="5449" durationms="0.063" />
</gc-op>
<heap-resize id="73" type="expand" space="default" amount="1048576" count="1" timems="0.049" reason="insufficient free space following gc" timestamp="2019-07-07T05:34:35.694" />
<gc-end id="74" type="partial gc" contextid="65" durationms="6.570" usertimems="8.000" systemtimems="4.000" timestamp="2019-07-07T05:34:35.694" activeThreads="4">
  <mem-info id="75" free="4194304" total="8388608" percent="50">
    <mem type="eden" free="790888" total="1048576" percent="75" />
    <pending-finalizers system="0" default="0" reference="17" classloader="0" />
    <remembered-set count="3744" freebytes="319872" totalbytes="334848" percent="95" regionsoverflowed="0" regionsstable="0" regionsrebuilding="0"/>
  </mem-info>
</gc-end>
<cycle-end id="76" type="partial gc" contextid="65" timestamp="2019-07-07T05:34:35.694" />
  <attribute name="elasticGC enabled" value="1" />
  <attribute name= "numThreadsSpecified" value="4" />
  <attribute name="heapSize specified" value="0" />
  <attribute name="Current GC Util" value="35" />
  <attribute name= "Current Time Running" value="5218" />
  <attribute name ="GC Interval" value="0" />
  <attribute name="ProportionalT" value="7.500000" />
  <attribute name="ProportionalI" value="7.500000" />
  <attribute name="ProportionalH" value="7.500000" />
  <attribute name="Current Error" value="15.000000" />
  <attribute name="IntegralT" value="7.500000" />
  <attribute name="IntegralI" value="7.500000" />
  <attribute name="IntegralH" value="7.500000" />
  <attribute name="DerivativeT" value="-102.000000" />
  <attribute name="DerivativeI" value="-102.000000" />
  <attribute name="DerivativeH" value="-102.000000" />
  <attribute name="Loop Time for DT" value="1.000000" />
  <attribute name="Output H" value="2091843584"/>
  <attribute name="Output I" value="200"/>
  <attribute name="Output T" value="4"/>
  <attribute name="Target GC Util Change" value ="20.000000" />
  <attribute name="Current GC Util Change" value="35.000000"/>
  <attribute name="GC Util currently" value="35" />
  <attribute name="CPU Util currently" value="9273392715248" />
<exclusive-end id="77" timestamp="2019-07-07T05:34:35.694" durationms="7.325" />

<exclusive-start id="78" timestamp="2019-07-07T05:34:35.749" intervalms="61.626">
  <response-info timems="0.063" idlems="0.035" threads="1" lastid="00000000020BD300" lastname="JIT Compilation Thread-0" />
</exclusive-start>
<allocation-taxation id="79" taxation-threshold="2097152" timestamp="2019-07-07T05:34:35.749" intervalms="61.632" />
<cycle-start id="80" type="global mark phase" contextid="0" timestamp="2019-07-07T05:34:35.749" intervalms="2778.847" />
<gc-start id="81" type="global mark phase" contextid="80" timestamp="2019-07-07T05:34:35.749">
  <mem-info id="82" free="2097152" total="8388608" percent="25">
    <remembered-set count="3584" freebytes="320512" totalbytes="334848" percent="95" regionsoverflowed="0" regionsstable="0" regionsrebuilding="0"/>
  </mem-info>
</gc-start>
<gc-op id="83" type="mark increment" timems="0.464" contextid="80" timestamp="2019-07-07T05:34:35.749">
  <trace-info objectcount="123" scancount="0" scanbytes="0" />
</gc-op>
<gc-end id="84" type="global mark phase" contextid="80" durationms="0.643" usertimems="0.000" systemtimems="0.000" timestamp="2019-07-07T05:34:35.750" activeThreads="1">
  <mem-info id="85" free="2097152" total="8388608" percent="25">
    <remembered-set count="3584" freebytes="320512" totalbytes="334848" percent="95" regionsoverflowed="0" regionsstable="0" regionsrebuilding="0"/>
  </mem-info>
</gc-end>
<concurrent-start id="86" type="GMP work packet processing" contextid="80" timestamp="2019-07-07T05:34:35.750">
  <concurrent-mark-start scanTarget="18446744073709551615" />
</concurrent-start>
<exclusive-end id="87" timestamp="2019-07-07T05:34:35.750" durationms="1.172" />

<concurrent-end id="88" type="GMP work packet processing" contextid="80" timestamp="2019-07-07T05:34:35.751">
  <concurrent-mark-end bytesScanned="1173440" reasonForTermination="Completed all work in GC phase" />
</concurrent-end>

<exclusive-start id="89" timestamp="2019-07-07T05:34:35.814" intervalms="65.807">
  <response-info timems="0.037" idlems="0.037" threads="0" lastid="00000000020B9700" lastname="main" />
</exclusive-start>
<allocation-taxation id="90" taxation-threshold="2097152" timestamp="2019-07-07T05:34:35.814" intervalms="65.806" />
<cycle-start id="91" type="partial gc" contextid="0" timestamp="2019-07-07T05:34:35.815" intervalms="127.442" />
<gc-start id="92" type="partial gc" contextid="91" timestamp="2019-07-07T05:34:35.815">
  <mem-info id="93" free="0" total="8388608" percent="0">
    <mem type="eden" free="0" total="4194304" percent="0" />
    <remembered-set count="3584" freebytes="320512" totalbytes="334848" percent="95" regionsoverflowed="0" regionsstable="0" regionsrebuilding="0"/>
  </mem-info>
</gc-start>
<allocation-stats totalBytes="4186616" >
  <allocated-bytes non-tlh="121952" tlh="4064664" arrayletleaf="0"/>
  <largest-consumer threadName="main" threadId="00000000020B9700" bytes="2046376" />
</allocation-stats>
<gc-op id="94" type="mark" timems="2.375" contextid="91" timestamp="2019-07-07T05:34:35.818">
  <trace-info objectcount="15780" scancount="13600" scanbytes="496052" />
  <cardclean-info objects="1751" bytes="77764" />
  <remembered-set-cleared processed="2469" cleared="1079" durationms="0.079" />
  <finalization candidates="13" enqueued="0" />
  <ownableSynchronizers candidates="6" cleared="0" />
  <references type="soft" candidates="433" cleared="0" enqueued="0" dynamicThreshold="8" maxThreshold="32" />
  <references type="weak" candidates="2153" cleared="441" enqueued="292" />
  <references type="phantom" candidates="3" cleared="1" enqueued="1" />
  <stringconstants candidates="6057" cleared="0"  />
  <warning details="Mark invoked due to insufficient free space for Copy-Forward" />
</gc-op>
<gc-op id="95" type="classunload" timems="0.002" contextid="91" timestamp="2019-07-07T05:34:35.818">
  <classunload-info classloadercandidates="11" classloadersunloaded="0" classesunloaded="0" anonymousclassesunloaded="0" quiescems="0.000" setupms="0.002" scanms="0.000" postms="0.000" />
</gc-op>
<gc-op id="96" type="sweep" timems="0.510" contextid="91" timestamp="2019-07-07T05:34:35.818" />
<gc-op id="97" type="compact" timems="1.727" contextid="91" timestamp="2019-07-07T05:34:35.820">
  <compact-info movecount="15752" movebytes="702816" />
  <remembered-set-cleared processed="12240" cleared="9409" durationms="0.079" />
</gc-op>
<heap-resize id="98" type="expand" space="default" amount="1048576" count="1" timems="0.066" reason="insufficient free space following gc" timestamp="2019-07-07T05:34:35.821" />
<gc-end id="99" type="partial gc" contextid="91" durationms="5.950" usertimems="8.000" systemtimems="0.000" timestamp="2019-07-07T05:34:35.821" activeThreads="4">
  <mem-info id="100" free="4194304" total="9437184" percent="44">
    <mem type="eden" free="592152" total="1048576" percent="56" />
    <pending-finalizers system="0" default="0" reference="293" classloader="0" />
    <remembered-set count="5152" freebytes="356096" totalbytes="376704" percent="94" regionsoverflowed="0" regionsstable="0" regionsrebuilding="0"/>
  </mem-info>
</gc-end>
<cycle-end id="101" type="partial gc" contextid="91" timestamp="2019-07-07T05:34:35.821" />
  <attribute name="elasticGC enabled" value="1" />
  <attribute name= "numThreadsSpecified" value="4" />
  <attribute name="heapSize specified" value="0" />
  <attribute name="Current GC Util" value="33" />
  <attribute name= "Current Time Running" value="5346" />
  <attribute name ="GC Interval" value="0" />
  <attribute name="ProportionalT" value="6.500000" />
  <attribute name="ProportionalI" value="6.500000" />
  <attribute name="ProportionalH" value="6.500000" />
  <attribute name="Current Error" value="13.000000" />
  <attribute name="IntegralT" value="6.500000" />
  <attribute name="IntegralI" value="6.500000" />
  <attribute name="IntegralH" value="6.500000" />
  <attribute name="DerivativeT" value="13.000000" />
  <attribute name="DerivativeI" value="13.000000" />
  <attribute name="DerivativeH" value="13.000000" />
  <attribute name="Loop Time for DT" value="1.000000" />
  <attribute name="Output H" value="8388608"/>
  <attribute name="Output I" value="200"/>
  <attribute name="Output T" value="4"/>
  <attribute name="Target GC Util Change" value ="20.000000" />
  <attribute name="Current GC Util Change" value="33.000000"/>
  <attribute name="GC Util currently" value="33" />
  <attribute name="CPU Util currently" value="6386633712229" />
<exclusive-end id="102" timestamp="2019-07-07T05:34:35.821" durationms="6.784" />

<exclusive-start id="103" timestamp="2019-07-07T05:34:35.866" intervalms="52.004">
  <response-info timems="0.030" idlems="0.030" threads="0" lastid="00000000020B9700" lastname="main" />
</exclusive-start>
<allocation-taxation id="104" taxation-threshold="2097152" timestamp="2019-07-07T05:34:35.866" intervalms="51.999" />
<gc-start id="105" type="global mark phase" contextid="80" timestamp="2019-07-07T05:34:35.867">
  <mem-info id="106" free="2097152" total="9437184" percent="22">
    <remembered-set count="5152" freebytes="356096" totalbytes="376704" percent="94" regionsoverflowed="0" regionsstable="0" regionsrebuilding="0"/>
  </mem-info>
</gc-start>
<gc-op id="107" type="mark increment" timems="2.293" contextid="80" timestamp="2019-07-07T05:34:35.869">
  <trace-info objectcount="17913" scancount="15402" scanbytes="561468" />
  <cardclean-info objects="2544" bytes="110832" />
  <finalization candidates="79" enqueued="0" />
  <ownableSynchronizers candidates="23" cleared="0" />
  <references type="soft" candidates="967" cleared="0" enqueued="0" dynamicThreshold="14" maxThreshold="32" />
  <references type="weak" candidates="2969" cleared="16" enqueued="16" />
  <references type="phantom" candidates="102" cleared="2" enqueued="2" />
  <stringconstants candidates="6260" cleared="0"  />
</gc-op>
<gc-op id="108" type="classunload" timems="0.003" contextid="80" timestamp="2019-07-07T05:34:35.869">
  <classunload-info classloadercandidates="11" classloadersunloaded="0" classesunloaded="0" anonymousclassesunloaded="0" quiescems="0.000" setupms="0.003" scanms="0.000" postms="0.000" />
</gc-op>
<gc-end id="109" type="global mark phase" contextid="80" durationms="2.527" usertimems="0.000" systemtimems="4.000" timestamp="2019-07-07T05:34:35.869" activeThreads="4">
  <mem-info id="110" free="2097152" total="9437184" percent="22">
    <pending-finalizers system="0" default="0" reference="18" classloader="0" />
    <remembered-set count="5152" freebytes="356096" totalbytes="376704" percent="94" regionsoverflowed="0" regionsstable="0" regionsrebuilding="0"/>
  </mem-info>
</gc-end>
<cycle-end id="111" type="global mark phase" contextid="80" timestamp="2019-07-07T05:34:35.869" />
  <attribute name="elasticGC enabled" value="1" />
  <attribute name= "numThreadsSpecified" value="4" />
  <attribute name="heapSize specified" value="0" />
  <attribute name="Current GC Util" value="0" />
  <attribute name= "Current Time Running" value="5395" />
  <attribute name ="GC Interval" value="0" />
  <attribute name="ProportionalT" value="-10.000000" />
  <attribute name="ProportionalI" value="-10.000000" />
  <attribute name="ProportionalH" value="-10.000000" />
  <attribute name="Current Error" value="-20.000000" />
  <attribute name="IntegralT" value="-10.000000" />
  <attribute name="IntegralI" value="-10.000000" />
  <attribute name="IntegralH" value="-10.000000" />
  <attribute name="DerivativeT" value="-134.000000" />
  <attribute name="DerivativeI" value="-134.000000" />
  <attribute name="DerivativeH" value="-134.000000" />
  <attribute name="Loop Time for DT" value="1.000000" />
  <attribute name="Output H" value="2091843584"/>
  <attribute name="Output I" value="200"/>
  <attribute name="Output T" value="4"/>
  <attribute name="Target GC Util Change" value ="20.000000" />
  <attribute name="Current GC Util Change" value="0.000000"/>
  <attribute name="GC Util currently" value="0" />
  <attribute name="CPU Util currently" value="3965080512434" />
<exclusive-end id="112" timestamp="2019-07-07T05:34:35.869" durationms="2.858" />

<exclusive-start id="113" timestamp="2019-07-07T05:34:35.898" intervalms="31.462">
  <response-info timems="0.028" idlems="0.028" threads="0" lastid="00000000020B9700" lastname="main" />
</exclusive-start>
<allocation-taxation id="114" taxation-threshold="2097152" timestamp="2019-07-07T05:34:35.898" intervalms="31.484" />
<cycle-start id="115" type="partial gc" contextid="0" timestamp="2019-07-07T05:34:35.898" intervalms="83.507" />
<gc-start id="116" type="partial gc" contextid="115" timestamp="2019-07-07T05:34:35.898">
  <mem-info id="117" free="0" total="9437184" percent="0">
    <mem type="eden" free="63528" total="4194304" percent="1" />
    <remembered-set count="5152" freebytes="356096" totalbytes="376704" percent="94" regionsoverflowed="0" regionsstable="0" regionsrebuilding="0"/>
  </mem-info>
</gc-start>
<allocation-stats totalBytes="3968128" >
  <allocated-bytes non-tlh="1463376" tlh="2504752" arrayletleaf="0"/>
  <largest-consumer threadName="main" threadId="00000000020B9700" bytes="2015208" />
</allocation-stats>
<gc-op id="118" type="sweep" timems="0.520" contextid="115" timestamp="2019-07-07T05:34:35.899" />
<gc-op id="119" type="mark" timems="1.962" contextid="115" timestamp="2019-07-07T05:34:35.902">
  <trace-info objectcount="13266" scancount="11227" scanbytes="417184" />
  <cardclean-info objects="1126" bytes="65196" />
  <remembered-set-cleared processed="4100" cleared="1846" durationms="0.096" />
  <finalization candidates="14" enqueued="0" />
  <ownableSynchronizers candidates="6" cleared="0" />
  <references type="soft" candidates="338" cleared="0" enqueued="0" dynamicThreshold="7" maxThreshold="32" />
  <references type="weak" candidates="1460" cleared="1" enqueued="1" />
  <references type="phantom" candidates="5" cleared="0" enqueued="0" />
  <stringconstants candidates="6430" cleared="0"  />
  <warning details="Mark invoked due to insufficient free space for Copy-Forward" />
</gc-op>
<gc-op id="120" type="classunload" timems="0.003" contextid="115" timestamp="2019-07-07T05:34:35.902">
  <classunload-info classloadercandidates="11" classloadersunloaded="0" classesunloaded="0" anonymousclassesunloaded="0" quiescems="0.000" setupms="0.003" scanms="0.000" postms="0.000" />
</gc-op>
<gc-op id="121" type="sweep" timems="0.411" contextid="115" timestamp="2019-07-07T05:34:35.902" />
<gc-op id="122" type="compact" timems="2.171" contextid="115" timestamp="2019-07-07T05:34:35.905">
  <compact-info movecount="11959" movebytes="1328232" />
  <remembered-set-cleared processed="12477" cleared="7955" durationms="0.096" />
</gc-op>
<heap-resize id="123" type="expand" space="default" amount="2097152" count="1" timems="0.060" reason="insufficient free space following gc" timestamp="2019-07-07T05:34:35.905" />
<gc-end id="124" type="partial gc" contextid="115" durationms="6.762" usertimems="8.000" systemtimems="0.000" timestamp="2019-07-07T05:34:35.905" activeThreads="4">
  <mem-info id="125" free="5242880" total="11534336" percent="45">
    <mem type="eden" free="107576" total="1048576" percent="10" />
    <pending-finalizers system="0" default="0" reference="1" classloader="0" />
    <remembered-set count="5568" freebytes="438144" totalbytes="460416" percent="95" regionsoverflowed="0" regionsstable="0" regionsrebuilding="0"/>
  </mem-info>
</gc-end>
<cycle-end id="126" type="partial gc" contextid="115" timestamp="2019-07-07T05:34:35.905" />
  <attribute name="elasticGC enabled" value="1" />
  <attribute name= "numThreadsSpecified" value="4" />
  <attribute name="heapSize specified" value="0" />
  <attribute name="Current GC Util" value="30" />
  <attribute name= "Current Time Running" value="5430" />
  <attribute name ="GC Interval" value="0" />
  <attribute name="ProportionalT" value="5.000000" />
  <attribute name="ProportionalI" value="5.000000" />
  <attribute name="ProportionalH" value="5.000000" />
  <attribute name="Current Error" value="10.000000" />
  <attribute name="IntegralT" value="5.000000" />
  <attribute name="IntegralI" value="5.000000" />
  <attribute name="IntegralH" value="5.000000" />
  <attribute name="DerivativeT" value="10.000000" />
  <attribute name="DerivativeI" value="10.000000" />
  <attribute name="DerivativeH" value="10.000000" />
  <attribute name="Loop Time for DT" value="1.000000" />
  <attribute name="Output H" value="8388608"/>
  <attribute name="Output I" value="200"/>
  <attribute name="Output T" value="4"/>
  <attribute name="Target GC Util Change" value ="20.000000" />
  <attribute name="Current GC Util Change" value="30.000000"/>
  <attribute name="GC Util currently" value="30" />
  <attribute name="CPU Util currently" value="7513312137980" />
<exclusive-end id="127" timestamp="2019-07-07T05:34:35.905" durationms="7.634" />

<exclusive-start id="128" timestamp="2019-07-07T05:34:35.971" intervalms="73.516">
  <response-info timems="0.053" idlems="0.053" threads="0" lastid="00000000020B9700" lastname="main" />
</exclusive-start>
<allocation-taxation id="129" taxation-threshold="2097152" timestamp="2019-07-07T05:34:35.971" intervalms="73.501" />
<cycle-start id="130" type="global mark phase" contextid="0" timestamp="2019-07-07T05:34:35.972" intervalms="222.766" />
<gc-start id="131" type="global mark phase" contextid="130" timestamp="2019-07-07T05:34:35.972">
  <mem-info id="132" free="3145728" total="11534336" percent="27">
    <remembered-set count="5440" freebytes="438656" totalbytes="460416" percent="95" regionsoverflowed="0" regionsstable="0" regionsrebuilding="0"/>
  </mem-info>
</gc-start>
<gc-op id="133" type="mark increment" timems="0.472" contextid="130" timestamp="2019-07-07T05:34:35.972">
  <trace-info objectcount="183" scancount="0" scanbytes="0" />
</gc-op>
<gc-end id="134" type="global mark phase" contextid="130" durationms="0.587" usertimems="0.000" systemtimems="0.000" timestamp="2019-07-07T05:34:35.972" activeThreads="1">
  <mem-info id="135" free="3145728" total="11534336" percent="27">
    <remembered-set count="5440" freebytes="438656" totalbytes="460416" percent="95" regionsoverflowed="0" regionsstable="0" regionsrebuilding="0"/>
  </mem-info>
</gc-end>
<concurrent-start id="136" type="GMP work packet processing" contextid="130" timestamp="2019-07-07T05:34:35.972">
  <concurrent-mark-start scanTarget="18446744073709551615" />
</concurrent-start>
<exclusive-end id="137" timestamp="2019-07-07T05:34:35.972" durationms="0.957" />

<concurrent-end id="138" type="GMP work packet processing" contextid="130" timestamp="2019-07-07T05:34:35.976">
  <concurrent-mark-end bytesScanned="1729080" reasonForTermination="Completed all work in GC phase" />
</concurrent-end>

<exclusive-start id="139" timestamp="2019-07-07T05:34:36.014" intervalms="42.139">
  <response-info timems="0.060" idlems="0.060" threads="0" lastid="00000000020B9700" lastname="main" />
</exclusive-start>
<allocation-taxation id="140" taxation-threshold="2097152" timestamp="2019-07-07T05:34:36.014" intervalms="42.127" />
<cycle-start id="141" type="partial gc" contextid="0" timestamp="2019-07-07T05:34:36.014" intervalms="115.614" />
<gc-start id="142" type="partial gc" contextid="141" timestamp="2019-07-07T05:34:36.014">
  <mem-info id="143" free="1048576" total="11534336" percent="9">
    <mem type="eden" free="0" total="4194304" percent="0" />
    <remembered-set count="5440" freebytes="438656" totalbytes="460416" percent="95" regionsoverflowed="0" regionsstable="0" regionsrebuilding="0"/>
  </mem-info>
</gc-start>
<allocation-stats totalBytes="4180144" >
  <allocated-bytes non-tlh="72224" tlh="4107920" arrayletleaf="0"/>
  <largest-consumer threadName="main" threadId="00000000020B9700" bytes="2092320" />
</allocation-stats>
<gc-op id="144" type="copy forward" timems="3.966" contextid="141" timestamp="2019-07-07T05:34:36.019">
  <memory-copied type="eden" objects="8510" bytes="422496" bytesdiscarded="44056" />
  <memory-copied type="other" objects="2928" bytes="920384" bytesdiscarded="39144" />
  <memory-cardclean objects="754" bytes="47960" />
  <regions eden="4" other="1" />
  <remembered-set-cleared processed="4594" cleared="613" durationms="0.097" />
  <finalization candidates="4" enqueued="0" />
  <references type="soft" candidates="157" cleared="0" enqueued="0" dynamicThreshold="8" maxThreshold="32" />
  <references type="weak" candidates="448" cleared="0" enqueued="0" />
  <references type="phantom" candidates="4" cleared="0" enqueued="0" />
  <stringconstants candidates="7089" cleared="0"  />
  <heap-resize type="expand" space="default" amount="1048576" count="1" timems="0.114" reason="continue current collection" />
</gc-op>
<gc-op id="145" type="classunload" timems="0.003" contextid="141" timestamp="2019-07-07T05:34:36.019">
  <classunload-info classloadercandidates="11" classloadersunloaded="0" classesunloaded="0" anonymousclassesunloaded="0" quiescems="0.000" setupms="0.002" scanms="0.000" postms="0.000" />
</gc-op>
<gc-op id="146" type="compact" timems="0.898" contextid="141" timestamp="2019-07-07T05:34:36.020">
  <compact-info movecount="0" movebytes="0" />
  <remembered-set-cleared processed="10382" cleared="613" durationms="0.097" />
</gc-op>
<gc-end id="147" type="partial gc" contextid="141" durationms="6.056" usertimems="8.000" systemtimems="0.000" timestamp="2019-07-07T05:34:36.020" activeThreads="4">
  <mem-info id="148" free="5242880" total="12582912" percent="41">
    <mem type="eden" free="581696" total="1048576" percent="55" />
    <remembered-set count="6752" freebytes="475264" totalbytes="502272" percent="94" regionsoverflowed="0" regionsstable="0" regionsrebuilding="0"/>
  </mem-info>
</gc-end>
<cycle-end id="149" type="partial gc" contextid="141" timestamp="2019-07-07T05:34:36.020" />
  <attribute name="elasticGC enabled" value="1" />
  <attribute name= "numThreadsSpecified" value="4" />
  <attribute name="heapSize specified" value="0" />
  <attribute name="Current GC Util" value="113" />
  <attribute name= "Current Time Running" value="5546" />
  <attribute name ="GC Interval" value="0" />
  <attribute name="ProportionalT" value="46.500000" />
  <attribute name="ProportionalI" value="46.500000" />
  <attribute name="ProportionalH" value="46.500000" />
  <attribute name="Current Error" value="93.000000" />
  <attribute name="IntegralT" value="186.000000" />
  <attribute name="IntegralI" value="186.000000" />
  <attribute name="IntegralH" value="186.000000" />
  <attribute name="DerivativeT" value="20.750000" />
  <attribute name="DerivativeI" value="20.750000" />
  <attribute name="DerivativeH" value="20.750000" />
  <attribute name="Loop Time for DT" value="4.000000" />
  <attribute name="Output H" value="8388608"/>
  <attribute name="Output I" value="256"/>
  <attribute name="Output T" value="4"/>
  <attribute name="Target GC Util Change" value ="20.000000" />
  <attribute name="Current GC Util Change" value="113.000000"/>
  <attribute name="GC Util currently" value="113" />
  <attribute name="CPU Util currently" value="1128662318501" />
<exclusive-end id="150" timestamp="2019-07-07T05:34:36.020" durationms="6.774" />

<exclusive-start id="151" timestamp="2019-07-07T05:34:36.060" intervalms="46.838">
  <response-info timems="0.033" idlems="0.033" threads="0" lastid="00000000020B9700" lastname="main" />
</exclusive-start>
<allocation-taxation id="152" taxation-threshold="2097152" timestamp="2019-07-07T05:34:36.060" intervalms="46.846" />
<gc-start id="153" type="global mark phase" contextid="130" timestamp="2019-07-07T05:34:36.061">
  <mem-info id="154" free="3145728" total="12582912" percent="25">
    <remembered-set count="6272" freebytes="477184" totalbytes="502272" percent="95" regionsoverflowed="0" regionsstable="0" regionsrebuilding="0"/>
  </mem-info>
</gc-start>
<gc-op id="155" type="mark increment" timems="1.577" contextid="130" timestamp="2019-07-07T05:34:36.062">
  <trace-info objectcount="3542" scancount="3055" scanbytes="115904" />
  <cardclean-info objects="2731" bytes="128848" />
  <finalization candidates="79" enqueued="0" />
  <ownableSynchronizers candidates="23" cleared="0" />
  <references type="soft" candidates="1021" cleared="0" enqueued="0" dynamicThreshold="13" maxThreshold="32" />
  <references type="weak" candidates="3507" cleared="2" enqueued="2" />
  <references type="phantom" candidates="100" cleared="0" enqueued="0" />
  <stringconstants candidates="7238" cleared="0"  />
</gc-op>
<gc-op id="156" type="classunload" timems="0.004" contextid="130" timestamp="2019-07-07T05:34:36.062">
  <classunload-info classloadercandidates="11" classloadersunloaded="0" classesunloaded="0" anonymousclassesunloaded="0" quiescems="0.000" setupms="0.004" scanms="0.000" postms="0.000" />
</gc-op>
<gc-end id="157" type="global mark phase" contextid="130" durationms="1.817" usertimems="4.000" systemtimems="0.000" timestamp="2019-07-07T05:34:36.062" activeThreads="4">
  <mem-info id="158" free="3145728" total="12582912" percent="25">
    <pending-finalizers system="0" default="0" reference="2" classloader="0" />
    <remembered-set count="6272" freebytes="477184" totalbytes="502272" percent="95" regionsoverflowed="0" regionsstable="0" regionsrebuilding="0"/>
  </mem-info>
</gc-end>
<cycle-end id="159" type="global mark phase" contextid="130" timestamp="2019-07-07T05:34:36.062" />
  <attribute name="elasticGC enabled" value="1" />
  <attribute name= "numThreadsSpecified" value="4" />
  <attribute name="heapSize specified" value="0" />
  <attribute name="Current GC Util" value="0" />
  <attribute name= "Current Time Running" value="5588" />
  <attribute name ="GC Interval" value="0" />
  <attribute name="ProportionalT" value="-10.000000" />
  <attribute name="ProportionalI" value="-10.000000" />
  <attribute name="ProportionalH" value="-10.000000" />
  <attribute name="Current Error" value="-20.000000" />
  <attribute name="IntegralT" value="0.000000" />
  <attribute name="IntegralI" value="0.000000" />
  <attribute name="IntegralH" value="0.000000" />
  <attribute name="DerivativeT" value="-inf" />
  <attribute name="DerivativeI" value="-inf" />
  <attribute name="DerivativeH" value="-inf" />
  <attribute name="Loop Time for DT" value="0.000000" />
  <attribute name="Output H" value="2091843584"/>
  <attribute name="Output I" value="200"/>
  <attribute name="Output T" value="4"/>
  <attribute name="Target GC Util Change" value ="20.000000" />
  <attribute name="Current GC Util Change" value="0.000000"/>
  <attribute name="GC Util currently" value="0" />
  <attribute name="CPU Util currently" value="13990831972573" />
<exclusive-end id="160" timestamp="2019-07-07T05:34:36.062" durationms="2.133" />

<exclusive-start id="161" timestamp="2019-07-07T05:34:36.099" intervalms="38.467">
  <response-info timems="0.035" idlems="0.035" threads="0" lastid="00000000020B9700" lastname="main" />
</exclusive-start>
<allocation-taxation id="162" taxation-threshold="2097152" timestamp="2019-07-07T05:34:36.099" intervalms="38.463" />
<cycle-start id="163" type="partial gc" contextid="0" timestamp="2019-07-07T05:34:36.099" intervalms="85.335" />
<gc-start id="164" type="partial gc" contextid="163" timestamp="2019-07-07T05:34:36.099">
  <mem-info id="165" free="1048576" total="12582912" percent="8">
    <mem type="eden" free="0" total="4194304" percent="0" />
    <remembered-set count="6272" freebytes="477184" totalbytes="502272" percent="95" regionsoverflowed="0" regionsstable="0" regionsrebuilding="0"/>
  </mem-info>
</gc-start>
<allocation-stats totalBytes="4188928" >
  <allocated-bytes non-tlh="48136" tlh="4140792" arrayletleaf="0"/>
  <largest-consumer threadName="main" threadId="00000000020B9700" bytes="2094488" />
</allocation-stats>
<gc-op id="166" type="sweep" timems="0.439" contextid="163" timestamp="2019-07-07T05:34:36.100" />
<gc-op id="167" type="copy forward" timems="2.319" contextid="163" timestamp="2019-07-07T05:34:36.103">
  <memory-copied type="eden" objects="1010" bytes="39152" bytesdiscarded="9373" />
  <memory-copied type="other" objects="10342" bytes="451400" bytesdiscarded="55227" />
  <memory-cardclean objects="639" bytes="30632" />
  <memory-traced type="eden" objects="1086" bytes="38944" />
  <memory-traced type="other" objects="0" bytes="0" />
  <regions eden="2" other="3" evacuated="4" marked="1" />
  <remembered-set-cleared processed="5767" cleared="1297" durationms="0.078" />
  <references type="soft" candidates="54" cleared="0" enqueued="0" dynamicThreshold="8" maxThreshold="32" />
  <references type="weak" candidates="752" cleared="0" enqueued="0" />
  <stringconstants candidates="7367" cleared="0"  />
  <heap-resize type="expand" space="default" amount="1048576" count="1" timems="0.067" reason="continue current collection" />
</gc-op>
<gc-op id="168" type="classunload" timems="0.003" contextid="163" timestamp="2019-07-07T05:34:36.103">
  <classunload-info classloadercandidates="11" classloadersunloaded="0" classesunloaded="0" anonymousclassesunloaded="0" quiescems="0.000" setupms="0.003" scanms="0.000" postms="0.000" />
</gc-op>
<gc-op id="169" type="compact" timems="1.070" contextid="163" timestamp="2019-07-07T05:34:36.104">
  <compact-info movecount="1361" movebytes="52224" />
  <remembered-set-cleared processed="12992" cleared="2252" durationms="0.083" />
</gc-op>
<heap-resize id="170" type="expand" space="default" amount="2097152" count="1" timems="0.059" reason="insufficient free space following gc" timestamp="2019-07-07T05:34:36.104" />
<gc-end id="171" type="partial gc" contextid="163" durationms="5.058" usertimems="8.000" systemtimems="0.000" timestamp="2019-07-07T05:34:36.104" activeThreads="4">
  <mem-info id="172" free="6291456" total="15728640" percent="40">
    <mem type="eden" free="1885128" total="2097152" percent="89" />
    <remembered-set count="8800" freebytes="592640" totalbytes="627840" percent="94" regionsoverflowed="0" regionsstable="0" regionsrebuilding="0"/>
  </mem-info>
</gc-end>
<cycle-end id="173" type="partial gc" contextid="163" timestamp="2019-07-07T05:34:36.104" />
  <attribute name="elasticGC enabled" value="1" />
  <attribute name= "numThreadsSpecified" value="4" />
  <attribute name="heapSize specified" value="0" />
  <attribute name="Current GC Util" value="111" />
  <attribute name= "Current Time Running" value="5630" />
  <attribute name ="GC Interval" value="0" />
  <attribute name="ProportionalT" value="45.500000" />
  <attribute name="ProportionalI" value="45.500000" />
  <attribute name="ProportionalH" value="45.500000" />
  <attribute name="Current Error" value="91.000000" />
  <attribute name="IntegralT" value="136.500000" />
  <attribute name="IntegralI" value="136.500000" />
  <attribute name="IntegralH" value="136.500000" />
  <attribute name="DerivativeT" value="30.333333" />
  <attribute name="DerivativeI" value="30.333333" />
  <attribute name="DerivativeH" value="30.333333" />
  <attribute name="Loop Time for DT" value="3.000000" />
  <attribute name="Output H" value="8388608"/>
  <attribute name="Output I" value="216"/>
  <attribute name="Output T" value="4"/>
  <attribute name="Target GC Util Change" value ="20.000000" />
  <attribute name="Current GC Util Change" value="111.000000"/>
  <attribute name="GC Util currently" value="111" />
  <attribute name="CPU Util currently" value="1776320868964" />
<exclusive-end id="174" timestamp="2019-07-07T05:34:36.105" durationms="5.889" />

<exclusive-start id="175" timestamp="2019-07-07T05:34:36.183" intervalms="84.009">
  <response-info timems="0.036" idlems="0.036" threads="0" lastid="00000000020B9700" lastname="main" />
</exclusive-start>
<allocation-taxation id="176" taxation-threshold="6291456" timestamp="2019-07-07T05:34:36.183" intervalms="84.014" />
<cycle-start id="177" type="partial gc" contextid="0" timestamp="2019-07-07T05:34:36.183" intervalms="83.969" />
<gc-start id="178" type="partial gc" contextid="177" timestamp="2019-07-07T05:34:36.183">
  <mem-info id="179" free="0" total="15728640" percent="0">
    <mem type="eden" free="994064" total="7340032" percent="13" />
    <remembered-set count="8576" freebytes="593536" totalbytes="627840" percent="94" regionsoverflowed="0" regionsstable="0" regionsrebuilding="0"/>
  </mem-info>
</gc-start>
<allocation-stats totalBytes="6255280" >
  <allocated-bytes non-tlh="33856" tlh="6221424" arrayletleaf="0"/>
  <largest-consumer threadName="main" threadId="00000000020B9700" bytes="6255280" />
</allocation-stats>
<gc-op id="180" type="mark" timems="1.885" contextid="177" timestamp="2019-07-07T05:34:36.185">
  <trace-info objectcount="12928" scancount="11417" scanbytes="424844" />
  <cardclean-info objects="3127" bytes="155060" />
  <remembered-set-cleared processed="6658" cleared="1456" durationms="0.111" />
  <references type="soft" candidates="2" cleared="0" enqueued="0" dynamicThreshold="12" maxThreshold="32" />
  <references type="weak" candidates="592" cleared="2" enqueued="2" />
  <stringconstants candidates="7574" cleared="0"  />
  <warning details="Mark invoked due to insufficient free space for Copy-Forward" />
</gc-op>
<gc-op id="181" type="classunload" timems="0.002" contextid="177" timestamp="2019-07-07T05:34:36.186">
  <classunload-info classloadercandidates="11" classloadersunloaded="0" classesunloaded="0" anonymousclassesunloaded="0" quiescems="0.000" setupms="0.002" scanms="0.000" postms="0.000" />
</gc-op>
<gc-op id="182" type="sweep" timems="0.396" contextid="177" timestamp="2019-07-07T05:34:36.186" />
<gc-op id="183" type="compact" timems="1.666" contextid="177" timestamp="2019-07-07T05:34:36.188">
  <compact-info movecount="11807" movebytes="566608" />
  <remembered-set-cleared processed="17119" cleared="6698" durationms="0.111" />
</gc-op>
<gc-end id="184" type="partial gc" contextid="177" durationms="5.164" usertimems="12.000" systemtimems="0.000" timestamp="2019-07-07T05:34:36.188" activeThreads="4">
  <mem-info id="185" free="6291456" total="15728640" percent="40">
    <mem type="eden" free="1485728" total="2097152" percent="70" />
    <pending-finalizers system="0" default="0" reference="2" classloader="0" />
    <remembered-set count="10208" freebytes="587008" totalbytes="627840" percent="93" regionsoverflowed="0" regionsstable="0" regionsrebuilding="0"/>
  </mem-info>
</gc-end>
<cycle-end id="186" type="partial gc" contextid="177" timestamp="2019-07-07T05:34:36.189" />
  <attribute name="elasticGC enabled" value="1" />
  <attribute name= "numThreadsSpecified" value="4" />
  <attribute name="heapSize specified" value="0" />
  <attribute name="Current GC Util" value="31" />
  <attribute name= "Current Time Running" value="5714" />
  <attribute name ="GC Interval" value="0" />
  <attribute name="ProportionalT" value="5.500000" />
  <attribute name="ProportionalI" value="5.500000" />
  <attribute name="ProportionalH" value="5.500000" />
  <attribute name="Current Error" value="11.000000" />
  <attribute name="IntegralT" value="5.500000" />
  <attribute name="IntegralI" value="5.500000" />
  <attribute name="IntegralH" value="5.500000" />
  <attribute name="DerivativeT" value="11.000000" />
  <attribute name="DerivativeI" value="11.000000" />
  <attribute name="DerivativeH" value="11.000000" />
  <attribute name="Loop Time for DT" value="1.000000" />
  <attribute name="Output H" value="8388608"/>
  <attribute name="Output I" value="200"/>
  <attribute name="Output T" value="4"/>
  <attribute name="Target GC Util Change" value ="20.000000" />
  <attribute name="Current GC Util Change" value="31.000000"/>
  <attribute name="GC Util currently" value="31" />
  <attribute name="CPU Util currently" value="7197145317025" />
<exclusive-end id="187" timestamp="2019-07-07T05:34:36.189" durationms="5.923" />

<exclusive-start id="188" timestamp="2019-07-07T05:34:36.274" intervalms="90.764">
  <response-info timems="0.031" idlems="0.031" threads="0" lastid="00000000020B9700" lastname="main" />
</exclusive-start>
<allocation-taxation id="189" taxation-threshold="6291456" timestamp="2019-07-07T05:34:36.274" intervalms="90.799" />
<cycle-start id="190" type="partial gc" contextid="0" timestamp="2019-07-07T05:34:36.274" intervalms="90.844" />
<gc-start id="191" type="partial gc" contextid="190" timestamp="2019-07-07T05:34:36.274">
  <mem-info id="192" free="0" total="15728640" percent="0">
    <mem type="eden" free="0" total="6291456" percent="0" />
    <remembered-set count="10080" freebytes="587520" totalbytes="627840" percent="93" regionsoverflowed="0" regionsstable="0" regionsrebuilding="0"/>
  </mem-info>
</gc-start>
<allocation-stats totalBytes="6289712" >
  <allocated-bytes non-tlh="293472" tlh="5996240" arrayletleaf="0"/>
  <largest-consumer threadName="main" threadId="00000000020B9700" bytes="6289712" />
</allocation-stats>
<gc-op id="193" type="mark" timems="1.690" contextid="190" timestamp="2019-07-07T05:34:36.276">
  <trace-info objectcount="16787" scancount="14899" scanbytes="634596" />
  <cardclean-info objects="2547" bytes="134132" />
  <remembered-set-cleared processed="8041" cleared="1789" durationms="0.088" />
  <references type="soft" candidates="73" cleared="0" enqueued="0" dynamicThreshold="12" maxThreshold="32" />
  <references type="weak" candidates="245" cleared="3" enqueued="3" />
  <references type="phantom" candidates="1" cleared="0" enqueued="0" />
  <stringconstants candidates="7809" cleared="0"  />
  <warning details="Mark invoked due to insufficient free space for Copy-Forward" />
</gc-op>
<gc-op id="194" type="classunload" timems="0.003" contextid="190" timestamp="2019-07-07T05:34:36.276">
  <classunload-info classloadercandidates="12" classloadersunloaded="0" classesunloaded="0" anonymousclassesunloaded="0" quiescems="0.000" setupms="0.003" scanms="0.000" postms="0.000" />
</gc-op>
<gc-op id="195" type="sweep" timems="0.351" contextid="190" timestamp="2019-07-07T05:34:36.277" />
<gc-op id="196" type="compact" timems="2.124" contextid="190" timestamp="2019-07-07T05:34:36.279">
  <compact-info movecount="12219" movebytes="895800" />
  <remembered-set-cleared processed="19226" cleared="6698" durationms="0.089" />
</gc-op>
<heap-resize id="197" type="expand" space="default" amount="1048576" count="1" timems="0.054" reason="insufficient free space following gc" timestamp="2019-07-07T05:34:36.280" />
<gc-end id="198" type="partial gc" contextid="190" durationms="5.636" usertimems="12.000" systemtimems="0.000" timestamp="2019-07-07T05:34:36.280" activeThreads="4">
  <mem-info id="199" free="6291456" total="16777216" percent="37">
    <mem type="eden" free="268720" total="1048576" percent="25" />
    <pending-finalizers system="0" default="0" reference="3" classloader="0" />
    <remembered-set count="10400" freebytes="628096" totalbytes="669696" percent="93" regionsoverflowed="0" regionsstable="0" regionsrebuilding="0"/>
  </mem-info>
</gc-end>
<cycle-end id="200" type="partial gc" contextid="190" timestamp="2019-07-07T05:34:36.280" />
  <attribute name="elasticGC enabled" value="1" />
  <attribute name= "numThreadsSpecified" value="4" />
  <attribute name="heapSize specified" value="0" />
  <attribute name="Current GC Util" value="30" />
  <attribute name= "Current Time Running" value="5804" />
  <attribute name ="GC Interval" value="0" />
  <attribute name="ProportionalT" value="5.000000" />
  <attribute name="ProportionalI" value="5.000000" />
  <attribute name="ProportionalH" value="5.000000" />
  <attribute name="Current Error" value="10.000000" />
  <attribute name="IntegralT" value="0.000000" />
  <attribute name="IntegralI" value="0.000000" />
  <attribute name="IntegralH" value="0.000000" />
  <attribute name="DerivativeT" value="-inf" />
  <attribute name="DerivativeI" value="-inf" />
  <attribute name="DerivativeH" value="-inf" />
  <attribute name="Loop Time for DT" value="0.000000" />
  <attribute name="Output H" value="2091843584"/>
  <attribute name="Output I" value="200"/>
  <attribute name="Output T" value="4"/>
  <attribute name="Target GC Util Change" value ="20.000000" />
  <attribute name="Current GC Util Change" value="30.000000"/>
  <attribute name="GC Util currently" value="30" />
  <attribute name="CPU Util currently" value="7566442243661" />
<exclusive-end id="201" timestamp="2019-07-07T05:34:36.280" durationms="6.498" />

<exclusive-start id="202" timestamp="2019-07-07T05:34:36.325" intervalms="51.645">
  <response-info timems="0.106" idlems="0.106" threads="0" lastid="00000000020B9700" lastname="main" />
</exclusive-start>
<allocation-taxation id="203" taxation-threshold="6291456" timestamp="2019-07-07T05:34:36.325" intervalms="51.648" />
<cycle-start id="204" type="partial gc" contextid="0" timestamp="2019-07-07T05:34:36.325" intervalms="51.652" />
<gc-start id="205" type="partial gc" contextid="204" timestamp="2019-07-07T05:34:36.326">
  <mem-info id="206" free="0" total="16777216" percent="0">
    <mem type="eden" free="0" total="6291456" percent="0" />
    <remembered-set count="10304" freebytes="628480" totalbytes="669696" percent="93" regionsoverflowed="0" regionsstable="0" regionsrebuilding="0"/>
  </mem-info>
</gc-start>
<allocation-stats totalBytes="6290408" >
  <allocated-bytes non-tlh="6640" tlh="6283768" arrayletleaf="0"/>
  <largest-consumer threadName="main" threadId="00000000020B9700" bytes="6290408" />
</allocation-stats>
<gc-op id="207" type="mark" timems="2.038" contextid="204" timestamp="2019-07-07T05:34:36.328">
  <trace-info objectcount="18035" scancount="16148" scanbytes="683720" />
  <cardclean-info objects="867" bytes="55448" />
  <remembered-set-cleared processed="8996" cleared="1228" durationms="0.131" />
  <references type="soft" candidates="71" cleared="0" enqueued="0" dynamicThreshold="12" maxThreshold="32" />
  <references type="weak" candidates="114" cleared="0" enqueued="0" />
  <references type="phantom" candidates="1" cleared="0" enqueued="0" />
  <stringconstants candidates="7845" cleared="0"  />
  <warning details="Mark invoked due to insufficient free space for Copy-Forward" />
</gc-op>
<gc-op id="208" type="classunload" timems="0.002" contextid="204" timestamp="2019-07-07T05:34:36.328">
  <classunload-info classloadercandidates="12" classloadersunloaded="0" classesunloaded="0" anonymousclassesunloaded="0" quiescems="0.000" setupms="0.002" scanms="0.000" postms="0.000" />
</gc-op>
<gc-op id="209" type="sweep" timems="0.465" contextid="204" timestamp="2019-07-07T05:34:36.329" />
<gc-op id="210" type="compact" timems="3.295" contextid="204" timestamp="2019-07-07T05:34:36.333">
  <compact-info movecount="14994" movebytes="950680" />
  <remembered-set-cleared processed="21002" cleared="5449" durationms="0.131" />
</gc-op>
<heap-resize id="211" type="expand" space="default" amount="2097152" count="1" timems="0.060" reason="insufficient free space following gc" timestamp="2019-07-07T05:34:36.333" />
<gc-end id="212" type="partial gc" contextid="204" durationms="7.369" usertimems="8.000" systemtimems="0.000" timestamp="2019-07-07T05:34:36.333" activeThreads="1">
  <mem-info id="213" free="7340032" total="18874368" percent="38">
    <mem type="eden" free="690128" total="1048576" percent="65" />
    <remembered-set count="12416" freebytes="703744" totalbytes="753408" percent="93" regionsoverflowed="0" regionsstable="0" regionsrebuilding="0"/>
  </mem-info>
</gc-end>
<cycle-end id="214" type="partial gc" contextid="204" timestamp="2019-07-07T05:34:36.333" />
  <attribute name="elasticGC enabled" value="1" />
  <attribute name= "numThreadsSpecified" value="1" />
  <attribute name="heapSize specified" value="0" />
  <attribute name="Current GC Util" value="32" />
  <attribute name= "Current Time Running" value="5856" />
  <attribute name ="GC Interval" value="0" />
  <attribute name="ProportionalT" value="6.000000" />
  <attribute name="ProportionalI" value="6.000000" />
  <attribute name="ProportionalH" value="6.000000" />
  <attribute name="Current Error" value="12.000000" />
  <attribute name="IntegralT" value="0.000000" />
  <attribute name="IntegralI" value="0.000000" />
  <attribute name="IntegralH" value="0.000000" />
  <attribute name="DerivativeT" value="inf" />
  <attribute name="DerivativeI" value="inf" />
  <attribute name="DerivativeH" value="inf" />
  <attribute name="Loop Time for DT" value="0.000000" />
  <attribute name="Output H" value="8388608"/>
  <attribute name="Output I" value="200"/>
  <attribute name="Output T" value="1"/>
  <attribute name="Target GC Util Change" value ="20.000000" />
  <attribute name="Current GC Util Change" value="32.000000"/>
  <attribute name="GC Util currently" value="32" />
  <attribute name="CPU Util currently" value="6332915434721" />
<exclusive-end id="215" timestamp="2019-07-07T05:34:36.334" durationms="8.338" />

<exclusive-start id="216" timestamp="2019-07-07T05:34:36.423" intervalms="97.742">
  <response-info timems="0.059" idlems="0.059" threads="0" lastid="00000000020B9700" lastname="main" />
</exclusive-start>
<allocation-taxation id="217" taxation-threshold="7340032" timestamp="2019-07-07T05:34:36.423" intervalms="97.744" />
<cycle-start id="218" type="partial gc" contextid="0" timestamp="2019-07-07T05:34:36.423" intervalms="97.748" />
<gc-start id="219" type="partial gc" contextid="218" timestamp="2019-07-07T05:34:36.423">
  <mem-info id="220" free="0" total="18874368" percent="0">
    <mem type="eden" free="0" total="7340032" percent="0" />
    <remembered-set count="12032" freebytes="705280" totalbytes="753408" percent="93" regionsoverflowed="0" regionsstable="0" regionsrebuilding="0"/>
  </mem-info>
</gc-start>
<allocation-stats totalBytes="7338432" >
  <allocated-bytes non-tlh="323888" tlh="7014544" arrayletleaf="0"/>
  <largest-consumer threadName="main" threadId="00000000020B9700" bytes="7338432" />
</allocation-stats>
<gc-op id="221" type="mark" timems="2.444" contextid="218" timestamp="2019-07-07T05:34:36.426">
  <trace-info objectcount="22335" scancount="20117" scanbytes="790984" />
  <cardclean-info objects="2614" bytes="135536" />
  <remembered-set-cleared processed="10695" cleared="1976" durationms="0.140" />
  <references type="soft" candidates="225" cleared="0" enqueued="0" dynamicThreshold="12" maxThreshold="32" />
  <references type="weak" candidates="446" cleared="10" enqueued="9" />
  <references type="phantom" candidates="3" cleared="1" enqueued="1" />
  <stringconstants candidates="8296" cleared="0"  />
  <warning details="Mark invoked due to insufficient free space for Copy-Forward" />
</gc-op>
<gc-op id="222" type="classunload" timems="0.002" contextid="218" timestamp="2019-07-07T05:34:36.427">
  <classunload-info classloadercandidates="14" classloadersunloaded="0" classesunloaded="0" anonymousclassesunloaded="0" quiescems="0.000" setupms="0.002" scanms="0.000" postms="0.000" />
</gc-op>
<gc-op id="223" type="sweep" timems="0.442" contextid="218" timestamp="2019-07-07T05:34:36.427" />
<gc-op id="224" type="compact" timems="2.054" contextid="218" timestamp="2019-07-07T05:34:36.430">
  <compact-info movecount="14801" movebytes="963512" />
  <remembered-set-cleared processed="26443" cleared="8978" durationms="0.140" />
</gc-op>
<heap-resize id="225" type="expand" space="default" amount="1048576" count="1" timems="0.055" reason="insufficient free space following gc" timestamp="2019-07-07T05:34:36.430" />
<gc-end id="226" type="partial gc" contextid="218" durationms="6.557" usertimems="12.000" systemtimems="0.000" timestamp="2019-07-07T05:34:36.430" activeThreads="4">
  <mem-info id="227" free="7340032" total="19922944" percent="36">
    <mem type="eden" free="138528" total="1048576" percent="13" />
    <pending-finalizers system="0" default="0" reference="10" classloader="0" />
    <remembered-set count="13952" freebytes="739456" totalbytes="795264" percent="92" regionsoverflowed="0" regionsstable="0" regionsrebuilding="0"/>
  </mem-info>
</gc-end>
<cycle-end id="228" type="partial gc" contextid="218" timestamp="2019-07-07T05:34:36.430" />
  <attribute name="elasticGC enabled" value="1" />
  <attribute name= "numThreadsSpecified" value="4" />
  <attribute name="heapSize specified" value="0" />
  <attribute name="Current GC Util" value="39" />
  <attribute name= "Current Time Running" value="5955" />
  <attribute name ="GC Interval" value="0" />
  <attribute name="ProportionalT" value="9.500000" />
  <attribute name="ProportionalI" value="9.500000" />
  <attribute name="ProportionalH" value="9.500000" />
  <attribute name="Current Error" value="19.000000" />
  <attribute name="IntegralT" value="9.500000" />
  <attribute name="IntegralI" value="9.500000" />
  <attribute name="IntegralH" value="9.500000" />
  <attribute name="DerivativeT" value="19.000000" />
  <attribute name="DerivativeI" value="19.000000" />
  <attribute name="DerivativeH" value="19.000000" />
  <attribute name="Loop Time for DT" value="1.000000" />
  <attribute name="Output H" value="8388608"/>
  <attribute name="Output I" value="200"/>
  <attribute name="Output T" value="4"/>
  <attribute name="Target GC Util Change" value ="20.000000" />
  <attribute name="Current GC Util Change" value="39.000000"/>
  <attribute name="GC Util currently" value="39" />
  <attribute name="CPU Util currently" value="6554256101861" />
<exclusive-end id="229" timestamp="2019-07-07T05:34:36.431" durationms="7.544" />

<exclusive-start id="230" timestamp="2019-07-07T05:34:36.470" intervalms="47.159">
  <response-info timems="0.023" idlems="0.023" threads="0" lastid="00000000020B9700" lastname="main" />
</exclusive-start>
<allocation-taxation id="231" taxation-threshold="7340032" timestamp="2019-07-07T05:34:36.470" intervalms="47.147" />
<cycle-start id="232" type="partial gc" contextid="0" timestamp="2019-07-07T05:34:36.470" intervalms="47.127" />
<gc-start id="233" type="partial gc" contextid="232" timestamp="2019-07-07T05:34:36.471">
  <mem-info id="234" free="0" total="19922944" percent="0">
    <mem type="eden" free="0" total="7340032" percent="0" />
    <remembered-set count="13824" freebytes="739968" totalbytes="795264" percent="93" regionsoverflowed="0" regionsstable="0" regionsrebuilding="0"/>
  </mem-info>
</gc-start>
<allocation-stats totalBytes="7339104" >
  <allocated-bytes non-tlh="213056" tlh="7126048" arrayletleaf="0"/>
  <largest-consumer threadName="main" threadId="00000000020B9700" bytes="7335008" />
</allocation-stats>
<gc-op id="235" type="mark" timems="1.805" contextid="232" timestamp="2019-07-07T05:34:36.473">
  <trace-info objectcount="9608" scancount="8686" scanbytes="310544" />
  <cardclean-info objects="1353" bytes="84360" />
  <remembered-set-cleared processed="12571" cleared="2351" durationms="0.158" />
  <references type="soft" candidates="226" cleared="0" enqueued="0" dynamicThreshold="11" maxThreshold="32" />
  <references type="weak" candidates="400" cleared="0" enqueued="0" />
  <references type="phantom" candidates="2" cleared="0" enqueued="0" />
  <stringconstants candidates="8408" cleared="0"  />
  <warning details="Mark invoked due to insufficient free space for Copy-Forward" />
</gc-op>
<gc-op id="236" type="classunload" timems="0.003" contextid="232" timestamp="2019-07-07T05:34:36.473">
  <classunload-info classloadercandidates="15" classloadersunloaded="0" classesunloaded="0" anonymousclassesunloaded="0" quiescems="0.000" setupms="0.003" scanms="0.000" postms="0.000" />
</gc-op>
<gc-op id="237" type="sweep" timems="0.476" contextid="232" timestamp="2019-07-07T05:34:36.474" />
<gc-op id="238" type="compact" timems="1.897" contextid="232" timestamp="2019-07-07T05:34:36.476">
  <compact-info movecount="6499" movebytes="482704" />
  <remembered-set-cleared processed="27238" cleared="6786" durationms="0.158" />
</gc-op>
<heap-resize id="239" type="expand" space="default" amount="2097152" count="1" timems="0.059" reason="insufficient free space following gc" timestamp="2019-07-07T05:34:36.476" />
<gc-end id="240" type="partial gc" contextid="232" durationms="5.729" usertimems="4.000" systemtimems="0.000" timestamp="2019-07-07T05:34:36.476" activeThreads="4">
  <mem-info id="241" free="8388608" total="22020096" percent="38">
    <mem type="eden" free="727344" total="1048576" percent="69" />
    <remembered-set count="14976" freebytes="819072" totalbytes="878976" percent="93" regionsoverflowed="0" regionsstable="0" regionsrebuilding="0"/>
  </mem-info>
</gc-end>
<cycle-end id="242" type="partial gc" contextid="232" timestamp="2019-07-07T05:34:36.477" />
  <attribute name="elasticGC enabled" value="1" />
  <attribute name= "numThreadsSpecified" value="4" />
  <attribute name="heapSize specified" value="0" />
  <attribute name="Current GC Util" value="31" />
  <attribute name= "Current Time Running" value="6001" />
  <attribute name ="GC Interval" value="0" />
  <attribute name="ProportionalT" value="5.500000" />
  <attribute name="ProportionalI" value="5.500000" />
  <attribute name="ProportionalH" value="5.500000" />
  <attribute name="Current Error" value="11.000000" />
  <attribute name="IntegralT" value="5.500000" />
  <attribute name="IntegralI" value="5.500000" />
  <attribute name="IntegralH" value="5.500000" />
  <attribute name="DerivativeT" value="11.000000" />
  <attribute name="DerivativeI" value="11.000000" />
  <attribute name="DerivativeH" value="11.000000" />
  <attribute name="Loop Time for DT" value="1.000000" />
  <attribute name="Output H" value="8388608"/>
  <attribute name="Output I" value="200"/>
  <attribute name="Output T" value="4"/>
  <attribute name="Target GC Util Change" value ="20.000000" />
  <attribute name="Current GC Util Change" value="31.000000"/>
  <attribute name="GC Util currently" value="31" />
  <attribute name="CPU Util currently" value="6620173978599" />
<exclusive-end id="243" timestamp="2019-07-07T05:34:36.477" durationms="6.661" />

<exclusive-start id="244" timestamp="2019-07-07T05:34:36.538" intervalms="67.522">
  <response-info timems="0.025" idlems="0.025" threads="0" lastid="00000000020B9700" lastname="main" />
</exclusive-start>
<sys-start reason="explicit" id="245" timestamp="2019-07-07T05:34:36.538" intervalms="6183.000" />
<cycle-start id="246" type="global garbage collect" contextid="0" timestamp="2019-07-07T05:34:36.538" intervalms="6183.091" />
<gc-start id="247" type="global garbage collect" contextid="246" timestamp="2019-07-07T05:34:36.538">
  <mem-info id="248" free="5563992" total="22020096" percent="25">
    <mem type="eden" free="321112" total="3145728" percent="10" />
    <remembered-set count="14784" freebytes="819840" totalbytes="878976" percent="93" regionsoverflowed="0" regionsstable="0" regionsrebuilding="0"/>
  </mem-info>
</gc-start>
<allocation-stats totalBytes="2822472" >
  <allocated-bytes non-tlh="221736" tlh="2600736" arrayletleaf="0"/>
  <largest-consumer threadName="main" threadId="00000000020B9700" bytes="2822472" />
</allocation-stats>
<gc-op id="249" type="global mark" timems="3.323" contextid="246" timestamp="2019-07-07T05:34:36.542">
  <trace-info objectcount="74546" scancount="60814" scanbytes="2100316" />
  <finalization candidates="79" enqueued="0" />
  <ownableSynchronizers candidates="23" cleared="0" />
  <references type="soft" candidates="1640" cleared="0" enqueued="0" dynamicThreshold="12" maxThreshold="32" />
  <references type="weak" candidates="4501" cleared="32" enqueued="30" />
  <references type="phantom" candidates="102" cleared="2" enqueued="2" />
  <stringconstants candidates="8680" cleared="15"  />
</gc-op>
<gc-op id="250" type="classunload" timems="0.362" contextid="246" timestamp="2019-07-07T05:34:36.542">
  <classunload-info classloadercandidates="17" classloadersunloaded="1" classesunloaded="1" anonymousclassesunloaded="0" quiescems="0.000" setupms="0.351" scanms="0.007" postms="0.004" />
</gc-op>
<gc-op id="251" type="sweep" timems="0.490" contextid="246" timestamp="2019-07-07T05:34:36.543" />
<gc-op id="252" type="compact" timems="4.860" contextid="246" timestamp="2019-07-07T05:34:36.548">
  <compact-info movecount="72542" movebytes="4160656" />
  <remembered-set-cleared processed="25811" cleared="25811" durationms="0.096" />
</gc-op>
<gc-end id="253" type="global garbage collect" contextid="246" durationms="10.026" usertimems="24.000" systemtimems="0.000" timestamp="2019-07-07T05:34:36.548" activeThreads="4">
  <mem-info id="254" free="7340032" total="22020096" percent="33">
    <pending-finalizers system="0" default="0" reference="32" classloader="0" />
    <remembered-set count="11264" freebytes="833920" totalbytes="878976" percent="94" regionsoverflowed="0" regionsstable="0" regionsrebuilding="0"/>
  </mem-info>
</gc-end>
<cycle-end id="255" type="global garbage collect" contextid="246" timestamp="2019-07-07T05:34:36.548" />
  <attribute name="elasticGC enabled" value="1" />
  <attribute name= "numThreadsSpecified" value="4" />
  <attribute name="heapSize specified" value="0" />
  <attribute name="Current GC Util" value="28" />
  <attribute name= "Current Time Running" value="6070" />
  <attribute name ="GC Interval" value="0" />
  <attribute name="ProportionalT" value="4.000000" />
  <attribute name="ProportionalI" value="4.000000" />
  <attribute name="ProportionalH" value="4.000000" />
  <attribute name="Current Error" value="8.000000" />
  <attribute name="IntegralT" value="4.000000" />
  <attribute name="IntegralI" value="4.000000" />
  <attribute name="IntegralH" value="4.000000" />
  <attribute name="DerivativeT" value="-95.000000" />
  <attribute name="DerivativeI" value="-95.000000" />
  <attribute name="DerivativeH" value="-95.000000" />
  <attribute name="Loop Time for DT" value="1.000000" />
  <attribute name="Output H" value="2091843584"/>
  <attribute name="Output I" value="200"/>
  <attribute name="Output T" value="4"/>
  <attribute name="Target GC Util Change" value ="20.000000" />
  <attribute name="Current GC Util Change" value="28.000000"/>
  <attribute name="GC Util currently" value="28" />
  <attribute name="CPU Util currently" value="6272311971000" />
<sys-end id="256" timestamp="2019-07-07T05:34:36.549" />
<exclusive-end id="257" timestamp="2019-07-07T05:34:36.549" durationms="11.062" />

<exclusive-start id="258" timestamp="2019-07-07T05:34:36.595" intervalms="56.939">
  <response-info timems="0.027" idlems="0.027" threads="0" lastid="00000000020B9700" lastname="main" />
</exclusive-start>
<allocation-taxation id="259" taxation-threshold="7340032" timestamp="2019-07-07T05:34:36.595" intervalms="124.485" />
<cycle-start id="260" type="partial gc" contextid="0" timestamp="2019-07-07T05:34:36.595" intervalms="124.502" />
<gc-start id="261" type="partial gc" contextid="260" timestamp="2019-07-07T05:34:36.595">
  <mem-info id="262" free="0" total="22020096" percent="0">
    <mem type="eden" free="0" total="7340032" percent="0" />
    <remembered-set count="10976" freebytes="835072" totalbytes="878976" percent="95" regionsoverflowed="0" regionsstable="0" regionsrebuilding="0"/>
  </mem-info>
</gc-start>
<allocation-stats totalBytes="7338224" >
  <allocated-bytes non-tlh="529840" tlh="6808384" arrayletleaf="0"/>
  <largest-consumer threadName="main" threadId="00000000020B9700" bytes="7329976" />
</allocation-stats>
<gc-op id="263" type="mark" timems="1.789" contextid="260" timestamp="2019-07-07T05:34:36.597">
  <trace-info objectcount="16284" scancount="14704" scanbytes="647556" />
  <cardclean-info objects="547" bytes="24044" />
  <remembered-set-cleared processed="9219" cleared="121" durationms="0.149" />
  <references type="soft" candidates="2" cleared="0" enqueued="0" dynamicThreshold="10" maxThreshold="32" />
  <references type="weak" candidates="12" cleared="10" enqueued="10" />
  <references type="phantom" candidates="6" cleared="2" enqueued="2" />
  <stringconstants candidates="8688" cleared="0"  />
  <warning details="Mark invoked due to insufficient free space for Copy-Forward" />
</gc-op>
<gc-op id="264" type="classunload" timems="0.003" contextid="260" timestamp="2019-07-07T05:34:36.598">
  <classunload-info classloadercandidates="16" classloadersunloaded="0" classesunloaded="0" anonymousclassesunloaded="0" quiescems="0.000" setupms="0.003" scanms="0.000" postms="0.000" />
</gc-op>
<gc-op id="265" type="sweep" timems="0.492" contextid="260" timestamp="2019-07-07T05:34:36.598" />
<gc-op id="266" type="compact" timems="2.308" contextid="260" timestamp="2019-07-07T05:34:36.601">
  <compact-info movecount="16284" movebytes="1299952" />
  <remembered-set-cleared processed="20827" cleared="2615" durationms="0.149" />
</gc-op>
<heap-resize id="267" type="expand" space="default" amount="4194304" count="1" timems="0.073" reason="insufficient free space following gc" timestamp="2019-07-07T05:34:36.601" />
<gc-end id="268" type="partial gc" contextid="260" durationms="6.239" usertimems="8.000" systemtimems="0.000" timestamp="2019-07-07T05:34:36.601" activeThreads="4">
  <mem-info id="269" free="9437184" total="26214400" percent="36">
    <mem type="eden" free="796760" total="2097152" percent="37" />
    <pending-finalizers system="0" default="0" reference="12" classloader="0" />
    <remembered-set count="13088" freebytes="994048" totalbytes="1046400" percent="94" regionsoverflowed="0" regionsstable="0" regionsrebuilding="0"/>
  </mem-info>
</gc-end>
<cycle-end id="270" type="partial gc" contextid="260" timestamp="2019-07-07T05:34:36.602" />
  <attribute name="elasticGC enabled" value="1" />
  <attribute name= "numThreadsSpecified" value="4" />
  <attribute name="heapSize specified" value="0" />
  <attribute name="Current GC Util" value="35" />
  <attribute name= "Current Time Running" value="6126" />
  <attribute name ="GC Interval" value="0" />
  <attribute name="ProportionalT" value="7.500000" />
  <attribute name="ProportionalI" value="7.500000" />
  <attribute name="ProportionalH" value="7.500000" />
  <attribute name="Current Error" value="15.000000" />
  <attribute name="IntegralT" value="7.500000" />
  <attribute name="IntegralI" value="7.500000" />
  <attribute name="IntegralH" value="7.500000" />
  <attribute name="DerivativeT" value="15.000000" />
  <attribute name="DerivativeI" value="15.000000" />
  <attribute name="DerivativeH" value="15.000000" />
  <attribute name="Loop Time for DT" value="1.000000" />
  <attribute name="Output H" value="8388608"/>
  <attribute name="Output I" value="200"/>
  <attribute name="Output T" value="4"/>
  <attribute name="Target GC Util Change" value ="20.000000" />
  <attribute name="Current GC Util Change" value="35.000000"/>
  <attribute name="GC Util currently" value="35" />
  <attribute name="CPU Util currently" value="6037905776201" />
<exclusive-end id="271" timestamp="2019-07-07T05:34:36.602" durationms="7.207" />

<exclusive-start id="272" timestamp="2019-07-07T05:34:36.672" intervalms="77.111">
  <response-info timems="0.028" idlems="0.028" threads="0" lastid="00000000020B9700" lastname="main" />
</exclusive-start>
<allocation-taxation id="273" taxation-threshold="9437184" timestamp="2019-07-07T05:34:36.672" intervalms="77.047" />
<cycle-start id="274" type="partial gc" contextid="0" timestamp="2019-07-07T05:34:36.672" intervalms="76.997" />
<gc-start id="275" type="partial gc" contextid="274" timestamp="2019-07-07T05:34:36.672">
  <mem-info id="276" free="0" total="26214400" percent="0">
    <mem type="eden" free="15952" total="9437184" percent="0" />
    <remembered-set count="12768" freebytes="995328" totalbytes="1046400" percent="95" regionsoverflowed="0" regionsstable="0" regionsrebuilding="0"/>
  </mem-info>
</gc-start>
<allocation-stats totalBytes="9416240" >
  <allocated-bytes non-tlh="140552" tlh="9275688" arrayletleaf="0"/>
  <largest-consumer threadName="main" threadId="00000000020B9700" bytes="9416240" />
</allocation-stats>
<gc-op id="277" type="mark" timems="1.465" contextid="274" timestamp="2019-07-07T05:34:36.674">
  <trace-info objectcount="12412" scancount="8374" scanbytes="223688" />
  <cardclean-info objects="821" bytes="43488" />
  <remembered-set-cleared processed="10555" cleared="1667" durationms="0.107" />
  <references type="soft" candidates="59" cleared="0" enqueued="0" dynamicThreshold="11" maxThreshold="32" />
  <references type="weak" candidates="123" cleared="18" enqueued="15" />
  <references type="phantom" candidates="4" cleared="0" enqueued="0" />
  <stringconstants candidates="10895" cleared="12"  />
  <warning details="Mark invoked due to insufficient free space for Copy-Forward" />
</gc-op>
<gc-op id="278" type="classunload" timems="0.004" contextid="274" timestamp="2019-07-07T05:34:36.674">
  <classunload-info classloadercandidates="17" classloadersunloaded="0" classesunloaded="0" anonymousclassesunloaded="0" quiescems="0.000" setupms="0.003" scanms="0.000" postms="0.000" />
</gc-op>
<gc-op id="279" type="sweep" timems="0.332" contextid="274" timestamp="2019-07-07T05:34:36.675" />
<gc-op id="280" type="compact" timems="2.246" contextid="274" timestamp="2019-07-07T05:34:36.677">
  <compact-info movecount="12412" movebytes="781384" />
  <remembered-set-cleared processed="21671" cleared="3844" durationms="0.107" />
</gc-op>
<heap-resize id="281" type="expand" space="default" amount="1048576" count="1" timems="0.054" reason="insufficient free space following gc" timestamp="2019-07-07T05:34:36.677" />
<gc-end id="282" type="partial gc" contextid="274" durationms="5.320" usertimems="8.000" systemtimems="0.000" timestamp="2019-07-07T05:34:36.677" activeThreads="4">
  <mem-info id="283" free="10485760" total="27262976" percent="38">
    <mem type="eden" free="556408" total="1048576" percent="53" />
    <pending-finalizers system="0" default="0" reference="15" classloader="0" />
    <remembered-set count="11872" freebytes="1040768" totalbytes="1088256" percent="95" regionsoverflowed="0" regionsstable="0" regionsrebuilding="0"/>
  </mem-info>
</gc-end>
<cycle-end id="284" type="partial gc" contextid="274" timestamp="2019-07-07T05:34:36.678" />
  <attribute name="elasticGC enabled" value="1" />
  <attribute name= "numThreadsSpecified" value="4" />
  <attribute name="heapSize specified" value="0" />
  <attribute name="Current GC Util" value="31" />
  <attribute name= "Current Time Running" value="6202" />
  <attribute name ="GC Interval" value="0" />
  <attribute name="ProportionalT" value="5.500000" />
  <attribute name="ProportionalI" value="5.500000" />
  <attribute name="ProportionalH" value="5.500000" />
  <attribute name="Current Error" value="11.000000" />
  <attribute name="IntegralT" value="5.500000" />
  <attribute name="IntegralI" value="5.500000" />
  <attribute name="IntegralH" value="5.500000" />
  <attribute name="DerivativeT" value="-75.000000" />
  <attribute name="DerivativeI" value="-75.000000" />
  <attribute name="DerivativeH" value="-75.000000" />
  <attribute name="Loop Time for DT" value="1.000000" />
  <attribute name="Output H" value="2091843584"/>
  <attribute name="Output I" value="200"/>
  <attribute name="Output T" value="4"/>
  <attribute name="Target GC Util Change" value ="20.000000" />
  <attribute name="Current GC Util Change" value="31.000000"/>
  <attribute name="GC Util currently" value="31" />
  <attribute name="CPU Util currently" value="7996071072979" />
<exclusive-end id="285" timestamp="2019-07-07T05:34:36.678" durationms="6.153" />

<exclusive-start id="286" timestamp="2019-07-07T05:34:36.729" intervalms="57.042">
  <response-info timems="0.056" idlems="0.056" threads="0" lastid="00000000020B9700" lastname="main" />
</exclusive-start>
<allocation-taxation id="287" taxation-threshold="10485760" timestamp="2019-07-07T05:34:36.729" intervalms="57.104" />
<cycle-start id="288" type="partial gc" contextid="0" timestamp="2019-07-07T05:34:36.729" intervalms="57.155" />
<gc-start id="289" type="partial gc" contextid="288" timestamp="2019-07-07T05:34:36.729">
  <mem-info id="290" free="0" total="27262976" percent="0">
    <mem type="eden" free="0" total="10485760" percent="0" />
    <remembered-set count="11456" freebytes="1042432" totalbytes="1088256" percent="95" regionsoverflowed="0" regionsstable="0" regionsrebuilding="0"/>
  </mem-info>
</gc-start>
<allocation-stats totalBytes="10484696" >
  <allocated-bytes non-tlh="485784" tlh="9998912" arrayletleaf="0"/>
  <largest-consumer threadName="main" threadId="00000000020B9700" bytes="10480600" />
</allocation-stats>
<gc-op id="291" type="mark" timems="2.137" contextid="288" timestamp="2019-07-07T05:34:36.732">
  <trace-info objectcount="19721" scancount="14985" scanbytes="498556" />
  <cardclean-info objects="456" bytes="38036" />
  <remembered-set-cleared processed="9876" cleared="856" durationms="0.165" />
  <references type="soft" candidates="89" cleared="0" enqueued="0" dynamicThreshold="12" maxThreshold="32" />
  <references type="weak" candidates="114" cleared="2" enqueued="2" />
  <references type="phantom" candidates="1" cleared="0" enqueued="0" />
  <stringconstants candidates="11004" cleared="0"  />
  <warning details="Mark invoked due to insufficient free space for Copy-Forward" />
</gc-op>
<gc-op id="292" type="classunload" timems="0.003" contextid="288" timestamp="2019-07-07T05:34:36.732">
  <classunload-info classloadercandidates="18" classloadersunloaded="0" classesunloaded="0" anonymousclassesunloaded="0" quiescems="0.000" setupms="0.003" scanms="0.000" postms="0.000" />
</gc-op>
<gc-op id="293" type="sweep" timems="0.458" contextid="288" timestamp="2019-07-07T05:34:36.733" />
<gc-op id="294" type="compact" timems="2.403" contextid="288" timestamp="2019-07-07T05:34:36.735">
  <compact-info movecount="18663" movebytes="1024464" />
  <remembered-set-cleared processed="22503" cleared="4453" durationms="0.165" />
</gc-op>
<gc-end id="295" type="partial gc" contextid="288" durationms="6.489" usertimems="8.000" systemtimems="0.000" timestamp="2019-07-07T05:34:36.736" activeThreads="4">
  <mem-info id="296" free="9437184" total="27262976" percent="34">
    <mem type="eden" free="435136" total="1048576" percent="41" />
    <pending-finalizers system="0" default="0" reference="2" classloader="0" />
    <remembered-set count="12576" freebytes="1037952" totalbytes="1088256" percent="95" regionsoverflowed="0" regionsstable="0" regionsrebuilding="0"/>
  </mem-info>
</gc-end>
<cycle-end id="297" type="partial gc" contextid="288" timestamp="2019-07-07T05:34:36.736" />
  <attribute name="elasticGC enabled" value="1" />
  <attribute name= "numThreadsSpecified" value="4" />
  <attribute name="heapSize specified" value="0" />
  <attribute name="Current GC Util" value="31" />
  <attribute name= "Current Time Running" value="6260" />
  <attribute name ="GC Interval" value="0" />
  <attribute name="ProportionalT" value="5.500000" />
  <attribute name="ProportionalI" value="5.500000" />
  <attribute name="ProportionalH" value="5.500000" />
  <attribute name="Current Error" value="11.000000" />
  <attribute name="IntegralT" value="5.500000" />
  <attribute name="IntegralI" value="5.500000" />
  <attribute name="IntegralH" value="5.500000" />
  <attribute name="DerivativeT" value="11.000000" />
  <attribute name="DerivativeI" value="11.000000" />
  <attribute name="DerivativeH" value="11.000000" />
  <attribute name="Loop Time for DT" value="1.000000" />
  <attribute name="Output H" value="8388608"/>
  <attribute name="Output I" value="200"/>
  <attribute name="Output T" value="4"/>
  <attribute name="Target GC Util Change" value ="20.000000" />
  <attribute name="Current GC Util Change" value="31.000000"/>
  <attribute name="GC Util currently" value="31" />
  <attribute name="CPU Util currently" value="6467794186887" />
<exclusive-end id="298" timestamp="2019-07-07T05:34:36.736" durationms="7.431" />

<exclusive-start id="299" timestamp="2019-07-07T05:34:36.777" intervalms="48.211">
  <response-info timems="0.060" idlems="0.060" threads="0" lastid="00000000020B9700" lastname="main" />
</exclusive-start>
<allocation-taxation id="300" taxation-threshold="9437184" timestamp="2019-07-07T05:34:36.777" intervalms="48.205" />
<cycle-start id="301" type="partial gc" contextid="0" timestamp="2019-07-07T05:34:36.777" intervalms="48.199" />
<gc-start id="302" type="partial gc" contextid="301" timestamp="2019-07-07T05:34:36.777">
  <mem-info id="303" free="0" total="27262976" percent="0">
    <mem type="eden" free="0" total="9437184" percent="0" />
    <remembered-set count="12288" freebytes="1039104" totalbytes="1088256" percent="95" regionsoverflowed="0" regionsstable="0" regionsrebuilding="0"/>
  </mem-info>
</gc-start>
<allocation-stats totalBytes="9435352" >
  <allocated-bytes non-tlh="246768" tlh="9188584" arrayletleaf="0"/>
  <largest-consumer threadName="main" threadId="00000000020B9700" bytes="9431256" />
</allocation-stats>
<gc-op id="304" type="mark" timems="1.734" contextid="301" timestamp="2019-07-07T05:34:36.780">
  <trace-info objectcount="12189" scancount="11127" scanbytes="504720" />
  <cardclean-info objects="555" bytes="32760" />
  <remembered-set-cleared processed="10733" cleared="1076" durationms="0.161" />
  <references type="soft" candidates="33" cleared="0" enqueued="0" dynamicThreshold="11" maxThreshold="32" />
  <references type="weak" candidates="28" cleared="0" enqueued="0" />
  <references type="phantom" candidates="1" cleared="0" enqueued="0" />
  <stringconstants candidates="11067" cleared="0"  />
  <warning details="Mark invoked due to insufficient free space for Copy-Forward" />
</gc-op>
<gc-op id="305" type="classunload" timems="0.003" contextid="301" timestamp="2019-07-07T05:34:36.780">
  <classunload-info classloadercandidates="19" classloadersunloaded="0" classesunloaded="0" anonymousclassesunloaded="0" quiescems="0.000" setupms="0.003" scanms="0.000" postms="0.000" />
</gc-op>
<gc-op id="306" type="sweep" timems="0.462" contextid="301" timestamp="2019-07-07T05:34:36.781" />
<gc-op id="307" type="compact" timems="1.835" contextid="301" timestamp="2019-07-07T05:34:36.783">
  <compact-info movecount="12116" movebytes="876432" />
  <remembered-set-cleared processed="22780" cleared="3364" durationms="0.161" />
</gc-op>
<heap-resize id="308" type="expand" space="default" amount="2097152" count="1" timems="0.062" reason="insufficient free space following gc" timestamp="2019-07-07T05:34:36.783" />
<gc-end id="309" type="partial gc" contextid="301" durationms="5.638" usertimems="4.000" systemtimems="0.000" timestamp="2019-07-07T05:34:36.783" activeThreads="4">
  <mem-info id="310" free="10485760" total="29360128" percent="35">
    <mem type="eden" free="220328" total="1048576" percent="21" />
    <remembered-set count="13920" freebytes="1116288" totalbytes="1171968" percent="95" regionsoverflowed="0" regionsstable="0" regionsrebuilding="0"/>
  </mem-info>
</gc-end>
<cycle-end id="311" type="partial gc" contextid="301" timestamp="2019-07-07T05:34:36.783" />
  <attribute name="elasticGC enabled" value="1" />
  <attribute name= "numThreadsSpecified" value="4" />
  <attribute name="heapSize specified" value="0" />
  <attribute name="Current GC Util" value="34" />
  <attribute name= "Current Time Running" value="6308" />
  <attribute name ="GC Interval" value="0" />
  <attribute name="ProportionalT" value="7.000000" />
  <attribute name="ProportionalI" value="7.000000" />
  <attribute name="ProportionalH" value="7.000000" />
  <attribute name="Current Error" value="14.000000" />
  <attribute name="IntegralT" value="7.000000" />
  <attribute name="IntegralI" value="7.000000" />
  <attribute name="IntegralH" value="7.000000" />
  <attribute name="DerivativeT" value="14.000000" />
  <attribute name="DerivativeI" value="14.000000" />
  <attribute name="DerivativeH" value="14.000000" />
  <attribute name="Loop Time for DT" value="1.000000" />
  <attribute name="Output H" value="8388608"/>
  <attribute name="Output I" value="200"/>
  <attribute name="Output T" value="4"/>
  <attribute name="Target GC Util Change" value ="20.000000" />
  <attribute name="Current GC Util Change" value="34.000000"/>
  <attribute name="GC Util currently" value="34" />
  <attribute name="CPU Util currently" value="6331880710766" />
<exclusive-end id="312" timestamp="2019-07-07T05:34:36.784" durationms="6.608" />

<exclusive-start id="313" timestamp="2019-07-07T05:34:36.812" intervalms="34.977">
  <response-info timems="0.037" idlems="0.037" threads="0" lastid="00000000020B9700" lastname="main" />
</exclusive-start>
<allocation-taxation id="314" taxation-threshold="10485760" timestamp="2019-07-07T05:34:36.812" intervalms="34.921" />
<cycle-start id="315" type="partial gc" contextid="0" timestamp="2019-07-07T05:34:36.812" intervalms="34.876" />
<gc-start id="316" type="partial gc" contextid="315" timestamp="2019-07-07T05:34:36.812">
  <mem-info id="317" free="0" total="29360128" percent="0">
    <mem type="eden" free="220328" total="11534336" percent="1" />
    <remembered-set count="13696" freebytes="1117184" totalbytes="1171968" percent="95" regionsoverflowed="0" regionsstable="0" regionsrebuilding="0"/>
  </mem-info>
</gc-start>
<allocation-stats totalBytes="10461232" >
  <allocated-bytes non-tlh="168" tlh="10461064" arrayletleaf="0"/>
  <largest-consumer threadName="main" threadId="00000000020B9700" bytes="10461232" />
</allocation-stats>
<gc-op id="318" type="mark" timems="1.095" contextid="315" timestamp="2019-07-07T05:34:36.814">
  <trace-info objectcount="473" scancount="403" scanbytes="13724" />
  <cardclean-info objects="160" bytes="9344" />
  <remembered-set-cleared processed="11162" cleared="1091" durationms="0.163" />
  <references type="soft" candidates="1" cleared="0" enqueued="0" dynamicThreshold="11" maxThreshold="32" />
  <references type="weak" candidates="20" cleared="0" enqueued="0" />
  <stringconstants candidates="11068" cleared="0"  />
  <warning details="Mark invoked due to insufficient free space for Copy-Forward" />
</gc-op>
<gc-op id="319" type="classunload" timems="0.003" contextid="315" timestamp="2019-07-07T05:34:36.814">
  <classunload-info classloadercandidates="20" classloadersunloaded="0" classesunloaded="0" anonymousclassesunloaded="0" quiescems="0.000" setupms="0.002" scanms="0.000" postms="0.000" />
</gc-op>
<gc-op id="320" type="sweep" timems="0.451" contextid="315" timestamp="2019-07-07T05:34:36.815" />
<gc-op id="321" type="compact" timems="1.199" contextid="315" timestamp="2019-07-07T05:34:36.816">
  <compact-info movecount="473" movebytes="58784" />
  <remembered-set-cleared processed="21617" cleared="1456" durationms="0.163" />
</gc-op>
<heap-resize id="322" type="expand" space="default" amount="1048576" count="1" timems="0.054" reason="insufficient free space following gc" timestamp="2019-07-07T05:34:36.816" />
<gc-end id="323" type="partial gc" contextid="315" durationms="4.183" usertimems="4.000" systemtimems="0.000" timestamp="2019-07-07T05:34:36.816" activeThreads="4">
  <mem-info id="324" free="10485760" total="30408704" percent="34">
    <mem type="eden" free="2038368" total="2097152" percent="97" />
    <remembered-set count="13344" freebytes="1160448" totalbytes="1213824" percent="95" regionsoverflowed="0" regionsstable="0" regionsrebuilding="0"/>
  </mem-info>
</gc-end>
<cycle-end id="325" type="partial gc" contextid="315" timestamp="2019-07-07T05:34:36.817" />
  <attribute name="elasticGC enabled" value="1" />
  <attribute name= "numThreadsSpecified" value="4" />
  <attribute name="heapSize specified" value="0" />
  <attribute name="Current GC Util" value="26" />
  <attribute name= "Current Time Running" value="6342" />
  <attribute name ="GC Interval" value="0" />
  <attribute name="ProportionalT" value="3.000000" />
  <attribute name="ProportionalI" value="3.000000" />
  <attribute name="ProportionalH" value="3.000000" />
  <attribute name="Current Error" value="6.000000" />
  <attribute name="IntegralT" value="3.000000" />
  <attribute name="IntegralI" value="3.000000" />
  <attribute name="IntegralH" value="3.000000" />
  <attribute name="DerivativeT" value="6.000000" />
  <attribute name="DerivativeI" value="6.000000" />
  <attribute name="DerivativeH" value="6.000000" />
  <attribute name="Loop Time for DT" value="1.000000" />
  <attribute name="Output H" value="8388608"/>
  <attribute name="Output I" value="200"/>
  <attribute name="Output T" value="4"/>
  <attribute name="Target GC Util Change" value ="20.000000" />
  <attribute name="Current GC Util Change" value="26.000000"/>
  <attribute name="GC Util currently" value="26" />
  <attribute name="CPU Util currently" value="6501669252823" />
<exclusive-end id="326" timestamp="2019-07-07T05:34:36.817" durationms="4.979" />

<exclusive-start id="327" timestamp="2019-07-07T05:34:36.866" intervalms="54.156">
  <response-info timems="0.059" idlems="0.059" threads="0" lastid="00000000020B9700" lastname="main" />
</exclusive-start>
<allocation-taxation id="328" taxation-threshold="10485760" timestamp="2019-07-07T05:34:36.866" intervalms="54.223" />
<cycle-start id="329" type="partial gc" contextid="0" timestamp="2019-07-07T05:34:36.866" intervalms="54.270" />
<gc-start id="330" type="partial gc" contextid="329" timestamp="2019-07-07T05:34:36.867">
  <mem-info id="331" free="0" total="30408704" percent="0">
    <mem type="eden" free="1018376" total="11534336" percent="8" />
    <remembered-set count="12928" freebytes="1162112" totalbytes="1213824" percent="95" regionsoverflowed="0" regionsstable="0" regionsrebuilding="0"/>
  </mem-info>
</gc-start>
<allocation-stats totalBytes="10484552" >
  <allocated-bytes non-tlh="482480" tlh="10002072" arrayletleaf="0"/>
  <largest-consumer threadName="main" threadId="00000000020B9700" bytes="10484552" />
</allocation-stats>
<gc-op id="332" type="mark" timems="1.895" contextid="329" timestamp="2019-07-07T05:34:36.869">
  <trace-info objectcount="14871" scancount="13509" scanbytes="632488" />
  <cardclean-info objects="450" bytes="29536" />
  <remembered-set-cleared processed="10448" cleared="317" durationms="0.164" />
  <references type="soft" candidates="11" cleared="0" enqueued="0" dynamicThreshold="11" maxThreshold="32" />
  <references type="weak" candidates="207" cleared="0" enqueued="0" />
  <references type="phantom" candidates="1" cleared="0" enqueued="0" />
  <stringconstants candidates="11317" cleared="0"  />
  <warning details="Mark invoked due to insufficient free space for Copy-Forward" />
</gc-op>
<gc-op id="333" type="classunload" timems="0.003" contextid="329" timestamp="2019-07-07T05:34:36.869">
  <classunload-info classloadercandidates="21" classloadersunloaded="0" classesunloaded="0" anonymousclassesunloaded="0" quiescems="0.000" setupms="0.003" scanms="0.000" postms="0.000" />
</gc-op>
<gc-op id="334" type="sweep" timems="0.464" contextid="329" timestamp="2019-07-07T05:34:36.870" />
<gc-op id="335" type="compact" timems="2.974" contextid="329" timestamp="2019-07-07T05:34:36.873">
  <compact-info movecount="14871" movebytes="993768" />
  <remembered-set-cleared processed="22988" cleared="2691" durationms="0.164" />
</gc-op>
<heap-resize id="336" type="expand" space="default" amount="2097152" count="1" timems="0.059" reason="insufficient free space following gc" timestamp="2019-07-07T05:34:36.873" />
<gc-end id="337" type="partial gc" contextid="329" durationms="6.999" usertimems="8.000" systemtimems="0.000" timestamp="2019-07-07T05:34:36.874" activeThreads="1">
  <mem-info id="338" free="11534336" total="32505856" percent="35">
    <mem type="eden" free="1103384" total="2097152" percent="52" />
    <remembered-set count="14080" freebytes="1241216" totalbytes="1297536" percent="95" regionsoverflowed="0" regionsstable="0" regionsrebuilding="0"/>
  </mem-info>
</gc-end>
<cycle-end id="339" type="partial gc" contextid="329" timestamp="2019-07-07T05:34:36.874" />
  <attribute name="elasticGC enabled" value="1" />
  <attribute name= "numThreadsSpecified" value="1" />
  <attribute name="heapSize specified" value="0" />
  <attribute name="Current GC Util" value="35" />
  <attribute name= "Current Time Running" value="6397" />
  <attribute name ="GC Interval" value="0" />
  <attribute name="ProportionalT" value="7.500000" />
  <attribute name="ProportionalI" value="7.500000" />
  <attribute name="ProportionalH" value="7.500000" />
  <attribute name="Current Error" value="15.000000" />
  <attribute name="IntegralT" value="0.000000" />
  <attribute name="IntegralI" value="0.000000" />
  <attribute name="IntegralH" value="0.000000" />
  <attribute name="DerivativeT" value="inf" />
  <attribute name="DerivativeI" value="inf" />
  <attribute name="DerivativeH" value="inf" />
  <attribute name="Loop Time for DT" value="0.000000" />
  <attribute name="Output H" value="8388608"/>
  <attribute name="Output I" value="200"/>
  <attribute name="Output T" value="1"/>
  <attribute name="Target GC Util Change" value ="20.000000" />
  <attribute name="Current GC Util Change" value="35.000000"/>
  <attribute name="GC Util currently" value="35" />
  <attribute name="CPU Util currently" value="6322436050228" />
<exclusive-end id="340" timestamp="2019-07-07T05:34:36.874" durationms="8.007" />

<exclusive-start id="341" timestamp="2019-07-07T05:34:36.898" intervalms="31.775">
  <response-info timems="0.069" idlems="0.069" threads="0" lastid="00000000020B9700" lastname="main" />
</exclusive-start>
<allocation-taxation id="342" taxation-threshold="11534336" timestamp="2019-07-07T05:34:36.898" intervalms="31.830" />
<cycle-start id="343" type="partial gc" contextid="0" timestamp="2019-07-07T05:34:36.898" intervalms="31.893" />
<gc-start id="344" type="partial gc" contextid="343" timestamp="2019-07-07T05:34:36.899">
  <mem-info id="345" free="0" total="32505856" percent="0">
    <mem type="eden" free="0" total="11534336" percent="0" />
    <remembered-set count="14016" freebytes="1241472" totalbytes="1297536" percent="95" regionsoverflowed="0" regionsstable="0" regionsrebuilding="0"/>
  </mem-info>
</gc-start>
<allocation-stats totalBytes="11533256" >
  <allocated-bytes non-tlh="0" tlh="11533256" arrayletleaf="0"/>
  <largest-consumer threadName="main" threadId="00000000020B9700" bytes="11533256" />
</allocation-stats>
<gc-op id="346" type="mark" timems="2.722" contextid="343" timestamp="2019-07-07T05:34:36.902">
  <trace-info objectcount="31250" scancount="28118" scanbytes="1188080" />
  <cardclean-info objects="141" bytes="19900" />
  <remembered-set-cleared processed="11536" cleared="1302" durationms="0.170" />
  <references type="soft" candidates="11" cleared="0" enqueued="0" dynamicThreshold="11" maxThreshold="32" />
  <references type="weak" candidates="207" cleared="0" enqueued="0" />
  <references type="phantom" candidates="1" cleared="0" enqueued="0" />
  <stringconstants candidates="11317" cleared="0"  />
  <warning details="Mark invoked due to insufficient free space for Copy-Forward" />
</gc-op>
<gc-op id="347" type="classunload" timems="0.003" contextid="343" timestamp="2019-07-07T05:34:36.902">
  <classunload-info classloadercandidates="21" classloadersunloaded="0" classesunloaded="0" anonymousclassesunloaded="0" quiescems="0.000" setupms="0.002" scanms="0.000" postms="0.000" />
</gc-op>
<gc-op id="348" type="sweep" timems="0.500" contextid="343" timestamp="2019-07-07T05:34:36.903" />
<gc-op id="349" type="compact" timems="3.833" contextid="343" timestamp="2019-07-07T05:34:36.907">
  <compact-info movecount="30933" movebytes="1577104" />
  <remembered-set-cleared processed="27326" cleared="6858" durationms="0.170" />
</gc-op>
<heap-resize id="350" type="expand" space="default" amount="1048576" count="1" timems="0.063" reason="insufficient free space following gc" timestamp="2019-07-07T05:34:36.907" />
<gc-end id="351" type="partial gc" contextid="343" durationms="8.780" usertimems="12.000" systemtimems="0.000" timestamp="2019-07-07T05:34:36.907" activeThreads="4">
  <mem-info id="352" free="11534336" total="33554432" percent="34">
    <mem type="eden" free="449072" total="1048576" percent="42" />
    <remembered-set count="17632" freebytes="1268864" totalbytes="1339392" percent="94" regionsoverflowed="0" regionsstable="0" regionsrebuilding="0"/>
  </mem-info>
</gc-end>
<cycle-end id="353" type="partial gc" contextid="343" timestamp="2019-07-07T05:34:36.908" />
  <attribute name="elasticGC enabled" value="1" />
  <attribute name= "numThreadsSpecified" value="4" />
  <attribute name="heapSize specified" value="0" />
  <attribute name="Current GC Util" value="41" />
  <attribute name= "Current Time Running" value="6430" />
  <attribute name ="GC Interval" value="0" />
  <attribute name="ProportionalT" value="10.500000" />
  <attribute name="ProportionalI" value="10.500000" />
  <attribute name="ProportionalH" value="10.500000" />
  <attribute name="Current Error" value="21.000000" />
  <attribute name="IntegralT" value="10.500000" />
  <attribute name="IntegralI" value="10.500000" />
  <attribute name="IntegralH" value="10.500000" />
  <attribute name="DerivativeT" value="21.000000" />
  <attribute name="DerivativeI" value="21.000000" />
  <attribute name="DerivativeH" value="21.000000" />
  <attribute name="Loop Time for DT" value="1.000000" />
  <attribute name="Output H" value="8388608"/>
  <attribute name="Output I" value="200"/>
  <attribute name="Output T" value="4"/>
  <attribute name="Target GC Util Change" value ="20.000000" />
  <attribute name="Current GC Util Change" value="41.000000"/>
  <attribute name="GC Util currently" value="41" />
  <attribute name="CPU Util currently" value="5962109859023" />
<exclusive-end id="354" timestamp="2019-07-07T05:34:36.908" durationms="9.913" />

<exclusive-start id="355" timestamp="2019-07-07T05:34:37.012" intervalms="113.697">
  <response-info timems="0.029" idlems="0.029" threads="0" lastid="00000000020B9700" lastname="main" />
</exclusive-start>
<allocation-taxation id="356" taxation-threshold="11534336" timestamp="2019-07-07T05:34:37.012" intervalms="113.585" />
<cycle-start id="357" type="partial gc" contextid="0" timestamp="2019-07-07T05:34:37.012" intervalms="113.477" />
<gc-start id="358" type="partial gc" contextid="357" timestamp="2019-07-07T05:34:37.012">
  <mem-info id="359" free="0" total="33554432" percent="0">
    <mem type="eden" free="0" total="11534336" percent="0" />
    <remembered-set count="17472" freebytes="1269504" totalbytes="1339392" percent="94" regionsoverflowed="0" regionsstable="0" regionsrebuilding="0"/>
  </mem-info>
</gc-start>
<allocation-stats totalBytes="11530720" >
  <allocated-bytes non-tlh="438464" tlh="11092256" arrayletleaf="0"/>
  <largest-consumer threadName="main" threadId="00000000020B9700" bytes="11530720" />
</allocation-stats>
<gc-op id="360" type="mark" timems="3.247" contextid="357" timestamp="2019-07-07T05:34:37.016">
  <trace-info objectcount="20641" scancount="18401" scanbytes="694416" />
  <cardclean-info objects="3864" bytes="181224" />
  <remembered-set-cleared processed="14560" cleared="3718" durationms="0.148" />
  <finalization candidates="1" enqueued="1" />
  <references type="soft" candidates="25" cleared="0" enqueued="0" dynamicThreshold="11" maxThreshold="32" />
  <references type="weak" candidates="401" cleared="7" enqueued="7" />
  <stringconstants candidates="11667" cleared="0"  />
  <warning details="Mark invoked due to insufficient free space for Copy-Forward" />
</gc-op>
<gc-op id="361" type="classunload" timems="0.003" contextid="357" timestamp="2019-07-07T05:34:37.016">
  <classunload-info classloadercandidates="26" classloadersunloaded="0" classesunloaded="0" anonymousclassesunloaded="0" quiescems="0.000" setupms="0.003" scanms="0.000" postms="0.000" />
</gc-op>
<gc-op id="362" type="sweep" timems="0.521" contextid="357" timestamp="2019-07-07T05:34:37.016" />
<gc-op id="363" type="compact" timems="2.257" contextid="357" timestamp="2019-07-07T05:34:37.019">
  <compact-info movecount="7241" movebytes="325248" />
  <remembered-set-cleared processed="33214" cleared="11374" durationms="0.148" />
</gc-op>
<heap-resize id="364" type="expand" space="default" amount="3145728" count="1" timems="0.067" reason="insufficient free space following gc" timestamp="2019-07-07T05:34:37.019" />
<gc-end id="365" type="partial gc" contextid="357" durationms="7.535" usertimems="12.000" systemtimems="0.000" timestamp="2019-07-07T05:34:37.019" activeThreads="4">
  <mem-info id="366" free="13631488" total="36700160" percent="37">
    <mem type="eden" free="823056" total="1048576" percent="78" />
    <pending-finalizers system="0" default="1" reference="7" classloader="0" />
    <remembered-set count="18368" freebytes="1391488" totalbytes="1464960" percent="94" regionsoverflowed="0" regionsstable="0" regionsrebuilding="0"/>
  </mem-info>
</gc-end>
<cycle-end id="367" type="partial gc" contextid="357" timestamp="2019-07-07T05:34:37.020" />
  <attribute name="elasticGC enabled" value="1" />
  <attribute name= "numThreadsSpecified" value="4" />
  <attribute name="heapSize specified" value="0" />
  <attribute name="Current GC Util" value="64" />
  <attribute name= "Current Time Running" value="6544" />
  <attribute name ="GC Interval" value="0" />
  <attribute name="ProportionalT" value="22.000000" />
  <attribute name="ProportionalI" value="22.000000" />
  <attribute name="ProportionalH" value="22.000000" />
  <attribute name="Current Error" value="44.000000" />
  <attribute name="IntegralT" value="22.000000" />
  <attribute name="IntegralI" value="22.000000" />
  <attribute name="IntegralH" value="22.000000" />
  <attribute name="DerivativeT" value="-61.000000" />
  <attribute name="DerivativeI" value="-61.000000" />
  <attribute name="DerivativeH" value="-61.000000" />
  <attribute name="Loop Time for DT" value="1.000000" />
  <attribute name="Output H" value="2091843584"/>
  <attribute name="Output I" value="200"/>
  <attribute name="Output T" value="4"/>
  <attribute name="Target GC Util Change" value ="20.000000" />
  <attribute name="Current GC Util Change" value="64.000000"/>
  <attribute name="GC Util currently" value="64" />
  <attribute name="CPU Util currently" value="6271919571222" />
<exclusive-end id="368" timestamp="2019-07-07T05:34:37.020" durationms="8.392" />

<exclusive-start id="369" timestamp="2019-07-07T05:34:37.091" intervalms="79.000">
  <response-info timems="0.030" idlems="0.030" threads="0" lastid="00000000020B9700" lastname="main" />
</exclusive-start>
<allocation-taxation id="370" taxation-threshold="13631488" timestamp="2019-07-07T05:34:37.091" intervalms="79.043" />
<cycle-start id="371" type="partial gc" contextid="0" timestamp="2019-07-07T05:34:37.091" intervalms="79.079" />
<gc-start id="372" type="partial gc" contextid="371" timestamp="2019-07-07T05:34:37.091">
  <mem-info id="373" free="0" total="36700160" percent="0">
    <mem type="eden" free="0" total="13631488" percent="0" />
    <remembered-set count="18336" freebytes="1391616" totalbytes="1464960" percent="94" regionsoverflowed="0" regionsstable="0" regionsrebuilding="0"/>
  </mem-info>
</gc-start>
<allocation-stats totalBytes="13629200" >
  <allocated-bytes non-tlh="677152" tlh="12952048" arrayletleaf="0"/>
  <largest-consumer threadName="main" threadId="00000000020B9700" bytes="13620888" />
</allocation-stats>
<gc-op id="374" type="mark" timems="1.795" contextid="371" timestamp="2019-07-07T05:34:37.093">
  <trace-info objectcount="10712" scancount="9525" scanbytes="381740" />
  <cardclean-info objects="1399" bytes="81024" />
  <remembered-set-cleared processed="16246" cleared="2165" durationms="0.151" />
  <references type="soft" candidates="49" cleared="0" enqueued="0" dynamicThreshold="11" maxThreshold="32" />
  <references type="weak" candidates="410" cleared="10" enqueued="10" />
  <references type="phantom" candidates="1" cleared="0" enqueued="0" />
  <stringconstants candidates="11772" cleared="6"  />
  <warning details="Mark invoked due to insufficient free space for Copy-Forward" />
</gc-op>
<gc-op id="375" type="classunload" timems="0.334" contextid="371" timestamp="2019-07-07T05:34:37.094">
  <classunload-info classloadercandidates="27" classloadersunloaded="1" classesunloaded="1" anonymousclassesunloaded="0" quiescems="0.000" setupms="0.322" scanms="0.008" postms="0.004" />
</gc-op>
<gc-op id="376" type="sweep" timems="0.494" contextid="371" timestamp="2019-07-07T05:34:37.094" />
<gc-op id="377" type="compact" timems="2.681" contextid="371" timestamp="2019-07-07T05:34:37.097">
  <compact-info movecount="10067" movebytes="712424" />
  <remembered-set-cleared processed="35376" cleared="7192" durationms="0.189" />
</gc-op>
<heap-resize id="378" type="expand" space="default" amount="1048576" count="1" timems="0.053" reason="insufficient free space following gc" timestamp="2019-07-07T05:34:37.098" />
<gc-end id="379" type="partial gc" contextid="371" durationms="6.894" usertimems="8.000" systemtimems="0.000" timestamp="2019-07-07T05:34:37.098" activeThreads="1">
  <mem-info id="380" free="13631488" total="37748736" percent="36">
    <mem type="eden" free="485344" total="1048576" percent="46" />
    <pending-finalizers system="0" default="0" reference="10" classloader="0" />
    <remembered-set count="19968" freebytes="1426944" totalbytes="1506816" percent="94" regionsoverflowed="0" regionsstable="0" regionsrebuilding="0"/>
  </mem-info>
</gc-end>
<cycle-end id="381" type="partial gc" contextid="371" timestamp="2019-07-07T05:34:37.098" />
  <attribute name="elasticGC enabled" value="1" />
  <attribute name= "numThreadsSpecified" value="1" />
  <attribute name="heapSize specified" value="0" />
  <attribute name="Current GC Util" value="50" />
  <attribute name= "Current Time Running" value="6622" />
  <attribute name ="GC Interval" value="0" />
  <attribute name="ProportionalT" value="15.000000" />
  <attribute name="ProportionalI" value="15.000000" />
  <attribute name="ProportionalH" value="15.000000" />
  <attribute name="Current Error" value="30.000000" />
  <attribute name="IntegralT" value="15.000000" />
  <attribute name="IntegralI" value="15.000000" />
  <attribute name="IntegralH" value="15.000000" />
  <attribute name="DerivativeT" value="-36.000000" />
  <attribute name="DerivativeI" value="-36.000000" />
  <attribute name="DerivativeH" value="-36.000000" />
  <attribute name="Loop Time for DT" value="1.000000" />
  <attribute name="Output H" value="8388608"/>
  <attribute name="Output I" value="200"/>
  <attribute name="Output T" value="1"/>
  <attribute name="Target GC Util Change" value ="20.000000" />
  <attribute name="Current GC Util Change" value="50.000000"/>
  <attribute name="GC Util currently" value="50" />
  <attribute name="CPU Util currently" value="6158678242490" />
<exclusive-end id="382" timestamp="2019-07-07T05:34:37.098" durationms="7.864" />

<exclusive-start id="383" timestamp="2019-07-07T05:34:37.150" intervalms="59.770">
  <response-info timems="0.030" idlems="0.030" threads="0" lastid="00000000020B9700" lastname="main" />
</exclusive-start>
<allocation-taxation id="384" taxation-threshold="13631488" timestamp="2019-07-07T05:34:37.150" intervalms="59.777" />
<cycle-start id="385" type="partial gc" contextid="0" timestamp="2019-07-07T05:34:37.151" intervalms="59.782" />
<gc-start id="386" type="partial gc" contextid="385" timestamp="2019-07-07T05:34:37.151">
  <mem-info id="387" free="0" total="37748736" percent="0">
    <mem type="eden" free="0" total="13631488" percent="0" />
    <remembered-set count="19584" freebytes="1428480" totalbytes="1506816" percent="94" regionsoverflowed="0" regionsstable="0" regionsrebuilding="0"/>
  </mem-info>
</gc-start>
<allocation-stats totalBytes="13627352" >
  <allocated-bytes non-tlh="590688" tlh="13036664" arrayletleaf="0"/>
  <largest-consumer threadName="main" threadId="00000000020B9700" bytes="13627352" />
</allocation-stats>
<gc-op id="388" type="mark" timems="2.621" contextid="385" timestamp="2019-07-07T05:34:37.154">
  <trace-info objectcount="28021" scancount="24481" scanbytes="1025040" />
  <cardclean-info objects="225" bytes="19296" />
  <remembered-set-cleared processed="17208" cleared="781" durationms="0.217" />
  <references type="soft" candidates="25" cleared="0" enqueued="0" dynamicThreshold="11" maxThreshold="32" />
  <references type="weak" candidates="13" cleared="2" enqueued="2" />
  <references type="phantom" candidates="1" cleared="0" enqueued="0" />
  <stringconstants candidates="11789" cleared="0"  />
  <warning details="Mark invoked due to insufficient free space for Copy-Forward" />
</gc-op>
<gc-op id="389" type="classunload" timems="0.003" contextid="385" timestamp="2019-07-07T05:34:37.154">
  <classunload-info classloadercandidates="27" classloadersunloaded="0" classesunloaded="0" anonymousclassesunloaded="0" quiescems="0.000" setupms="0.002" scanms="0.000" postms="0.000" />
</gc-op>
<gc-op id="390" type="sweep" timems="0.492" contextid="385" timestamp="2019-07-07T05:34:37.155" />
<gc-op id="391" type="compact" timems="3.152" contextid="385" timestamp="2019-07-07T05:34:37.158">
  <compact-info movecount="27664" movebytes="1669368" />
  <remembered-set-cleared processed="38161" cleared="5288" durationms="0.217" />
</gc-op>
<heap-resize id="392" type="expand" space="default" amount="3145728" count="1" timems="0.069" reason="insufficient free space following gc" timestamp="2019-07-07T05:34:37.159" />
<gc-end id="393" type="partial gc" contextid="385" durationms="7.792" usertimems="8.000" systemtimems="4.000" timestamp="2019-07-07T05:34:37.159" activeThreads="4">
  <mem-info id="394" free="14680064" total="40894464" percent="35">
    <mem type="eden" free="681752" total="2097152" percent="32" />
    <pending-finalizers system="0" default="0" reference="2" classloader="0" />
    <remembered-set count="23232" freebytes="1539456" totalbytes="1632384" percent="94" regionsoverflowed="0" regionsstable="0" regionsrebuilding="0"/>
  </mem-info>
</gc-end>
<cycle-end id="395" type="partial gc" contextid="385" timestamp="2019-07-07T05:34:37.159" />
  <attribute name="elasticGC enabled" value="1" />
  <attribute name= "numThreadsSpecified" value="4" />
  <attribute name="heapSize specified" value="0" />
  <attribute name="Current GC Util" value="42" />
  <attribute name= "Current Time Running" value="6682" />
  <attribute name ="GC Interval" value="0" />
  <attribute name="ProportionalT" value="11.000000" />
  <attribute name="ProportionalI" value="11.000000" />
  <attribute name="ProportionalH" value="11.000000" />
  <attribute name="Current Error" value="22.000000" />
  <attribute name="IntegralT" value="11.000000" />
  <attribute name="IntegralI" value="11.000000" />
  <attribute name="IntegralH" value="11.000000" />
  <attribute name="DerivativeT" value="22.000000" />
  <attribute name="DerivativeI" value="22.000000" />
  <attribute name="DerivativeH" value="22.000000" />
  <attribute name="Loop Time for DT" value="1.000000" />
  <attribute name="Output H" value="8388608"/>
  <attribute name="Output I" value="200"/>
  <attribute name="Output T" value="4"/>
  <attribute name="Target GC Util Change" value ="20.000000" />
  <attribute name="Current GC Util Change" value="42.000000"/>
  <attribute name="GC Util currently" value="42" />
  <attribute name="CPU Util currently" value="6080641244161" />
<exclusive-end id="396" timestamp="2019-07-07T05:34:37.159" durationms="8.633" />

<exclusive-start id="397" timestamp="2019-07-07T05:34:37.232" intervalms="82.115">
  <response-info timems="0.025" idlems="0.025" threads="0" lastid="00000000020B9700" lastname="main" />
</exclusive-start>
<allocation-taxation id="398" taxation-threshold="14680064" timestamp="2019-07-07T05:34:37.233" intervalms="82.052" />
<cycle-start id="399" type="partial gc" contextid="0" timestamp="2019-07-07T05:34:37.233" intervalms="82.007" />
<gc-start id="400" type="partial gc" contextid="399" timestamp="2019-07-07T05:34:37.233">
  <mem-info id="401" free="0" total="40894464" percent="0">
    <mem type="eden" free="130144" total="14680064" percent="0" />
    <remembered-set count="22976" freebytes="1540480" totalbytes="1632384" percent="94" regionsoverflowed="0" regionsstable="0" regionsrebuilding="0"/>
  </mem-info>
</gc-start>
<allocation-stats totalBytes="14539008" >
  <allocated-bytes non-tlh="892488" tlh="13646520" arrayletleaf="0"/>
  <largest-consumer threadName="main" threadId="00000000020B9700" bytes="14539008" />
</allocation-stats>
<gc-op id="402" type="mark" timems="2.507" contextid="399" timestamp="2019-07-07T05:34:37.236">
  <trace-info objectcount="16169" scancount="14424" scanbytes="511272" />
  <cardclean-info objects="5245" bytes="257540" />
  <remembered-set-cleared processed="18849" cleared="6195" durationms="0.249" />
  <references type="soft" candidates="105" cleared="0" enqueued="0" dynamicThreshold="11" maxThreshold="32" />
  <references type="weak" candidates="435" cleared="10" enqueued="10" />
  <references type="phantom" candidates="1" cleared="0" enqueued="0" />
  <stringconstants candidates="12300" cleared="3"  />
  <warning details="Mark invoked due to insufficient free space for Copy-Forward" />
</gc-op>
<gc-op id="403" type="classunload" timems="0.379" contextid="399" timestamp="2019-07-07T05:34:37.236">
  <classunload-info classloadercandidates="33" classloadersunloaded="1" classesunloaded="1" anonymousclassesunloaded="0" quiescems="0.000" setupms="0.368" scanms="0.007" postms="0.004" />
</gc-op>
<gc-op id="404" type="sweep" timems="0.503" contextid="399" timestamp="2019-07-07T05:34:37.237" />
<gc-op id="405" type="compact" timems="3.512" contextid="399" timestamp="2019-07-07T05:34:37.241">
  <compact-info movecount="15348" movebytes="701744" />
  <remembered-set-cleared processed="38841" cleared="13504" durationms="0.249" />
</gc-op>
<gc-end id="406" type="partial gc" contextid="399" durationms="8.284" usertimems="8.000" systemtimems="0.000" timestamp="2019-07-07T05:34:37.241" activeThreads="1">
  <mem-info id="407" free="14680064" total="40894464" percent="35">
    <mem type="eden" free="639624" total="1048576" percent="60" />
    <pending-finalizers system="0" default="0" reference="10" classloader="0" />
    <remembered-set count="21280" freebytes="1547264" totalbytes="1632384" percent="94" regionsoverflowed="0" regionsstable="0" regionsrebuilding="0"/>
  </mem-info>
</gc-end>
<cycle-end id="408" type="partial gc" contextid="399" timestamp="2019-07-07T05:34:37.241" />
  <attribute name="elasticGC enabled" value="1" />
  <attribute name= "numThreadsSpecified" value="1" />
  <attribute name="heapSize specified" value="0" />
  <attribute name="Current GC Util" value="34" />
  <attribute name= "Current Time Running" value="6764" />
  <attribute name ="GC Interval" value="0" />
  <attribute name="ProportionalT" value="7.000000" />
  <attribute name="ProportionalI" value="7.000000" />
  <attribute name="ProportionalH" value="7.000000" />
  <attribute name="Current Error" value="14.000000" />
  <attribute name="IntegralT" value="0.000000" />
  <attribute name="IntegralI" value="0.000000" />
  <attribute name="IntegralH" value="0.000000" />
  <attribute name="DerivativeT" value="inf" />
  <attribute name="DerivativeI" value="inf" />
  <attribute name="DerivativeH" value="inf" />
  <attribute name="Loop Time for DT" value="0.000000" />
  <attribute name="Output H" value="8388608"/>
  <attribute name="Output I" value="200"/>
  <attribute name="Output T" value="1"/>
  <attribute name="Target GC Util Change" value ="20.000000" />
  <attribute name="Current GC Util Change" value="34.000000"/>
  <attribute name="GC Util currently" value="34" />
  <attribute name="CPU Util currently" value="6052129036147" />
<exclusive-end id="409" timestamp="2019-07-07T05:34:37.242" durationms="9.120" />

<exclusive-start id="410" timestamp="2019-07-07T05:34:37.306" intervalms="73.058">
  <response-info timems="0.023" idlems="0.023" threads="0" lastid="00000000020B9700" lastname="main" />
</exclusive-start>
<allocation-taxation id="411" taxation-threshold="14680064" timestamp="2019-07-07T05:34:37.306" intervalms="73.059" />
<cycle-start id="412" type="partial gc" contextid="0" timestamp="2019-07-07T05:34:37.306" intervalms="73.092" />
<gc-start id="413" type="partial gc" contextid="412" timestamp="2019-07-07T05:34:37.306">
  <mem-info id="414" free="0" total="40894464" percent="0">
    <mem type="eden" free="0" total="14680064" percent="0" />
    <remembered-set count="21216" freebytes="1547520" totalbytes="1632384" percent="94" regionsoverflowed="0" regionsstable="0" regionsrebuilding="0"/>
  </mem-info>
</gc-start>
<allocation-stats totalBytes="14676424" >
  <allocated-bytes non-tlh="1022936" tlh="13653488" arrayletleaf="0"/>
  <largest-consumer threadName="main" threadId="00000000020B9700" bytes="14676424" />
</allocation-stats>
<gc-op id="415" type="mark" timems="1.753" contextid="412" timestamp="2019-07-07T05:34:37.308">
  <trace-info objectcount="18251" scancount="16514" scanbytes="667312" />
  <cardclean-info objects="1127" bytes="62680" />
  <remembered-set-cleared processed="17957" cleared="2215" durationms="0.144" />
  <references type="soft" candidates="131" cleared="0" enqueued="0" dynamicThreshold="11" maxThreshold="32" />
  <references type="weak" candidates="321" cleared="2" enqueued="2" />
  <references type="phantom" candidates="1" cleared="0" enqueued="0" />
  <stringconstants candidates="12470" cleared="0"  />
  <warning details="Mark invoked due to insufficient free space for Copy-Forward" />
</gc-op>
<gc-op id="416" type="classunload" timems="0.004" contextid="412" timestamp="2019-07-07T05:34:37.308">
  <classunload-info classloadercandidates="36" classloadersunloaded="0" classesunloaded="0" anonymousclassesunloaded="0" quiescems="0.000" setupms="0.003" scanms="0.000" postms="0.000" />
</gc-op>
<gc-op id="417" type="sweep" timems="0.331" contextid="412" timestamp="2019-07-07T05:34:37.309" />
<gc-op id="418" type="compact" timems="2.093" contextid="412" timestamp="2019-07-07T05:34:37.311">
  <compact-info movecount="16076" movebytes="981896" />
  <remembered-set-cleared processed="38655" cleared="7119" durationms="0.144" />
</gc-op>
<gc-end id="419" type="partial gc" contextid="412" durationms="5.405" usertimems="8.000" systemtimems="4.000" timestamp="2019-07-07T05:34:37.311" activeThreads="4">
  <mem-info id="420" free="13631488" total="40894464" percent="33">
    <mem type="eden" free="358984" total="1048576" percent="34" />
    <pending-finalizers system="0" default="0" reference="2" classloader="0" />
    <remembered-set count="21824" freebytes="1545088" totalbytes="1632384" percent="94" regionsoverflowed="0" regionsstable="0" regionsrebuilding="0"/>
  </mem-info>
</gc-end>
<cycle-end id="421" type="partial gc" contextid="412" timestamp="2019-07-07T05:34:37.311" />
  <attribute name="elasticGC enabled" value="1" />
  <attribute name= "numThreadsSpecified" value="4" />
  <attribute name="heapSize specified" value="0" />
  <attribute name="Current GC Util" value="32" />
  <attribute name= "Current Time Running" value="6836" />
  <attribute name ="GC Interval" value="0" />
  <attribute name="ProportionalT" value="6.000000" />
  <attribute name="ProportionalI" value="6.000000" />
  <attribute name="ProportionalH" value="6.000000" />
  <attribute name="Current Error" value="12.000000" />
  <attribute name="IntegralT" value="0.000000" />
  <attribute name="IntegralI" value="0.000000" />
  <attribute name="IntegralH" value="0.000000" />
  <attribute name="DerivativeT" value="-inf" />
  <attribute name="DerivativeI" value="-inf" />
  <attribute name="DerivativeH" value="-inf" />
  <attribute name="Loop Time for DT" value="0.000000" />
  <attribute name="Output H" value="2091843584"/>
  <attribute name="Output I" value="200"/>
  <attribute name="Output T" value="4"/>
  <attribute name="Target GC Util Change" value ="20.000000" />
  <attribute name="Current GC Util Change" value="32.000000"/>
  <attribute name="GC Util currently" value="32" />
  <attribute name="CPU Util currently" value="8420602323147" />
<exclusive-end id="422" timestamp="2019-07-07T05:34:37.312" durationms="6.131" />

<exclusive-start id="423" timestamp="2019-07-07T05:34:37.332" intervalms="26.483">
  <response-info timems="0.076" idlems="0.076" threads="0" lastid="00000000020B9700" lastname="main" />
</exclusive-start>
<allocation-taxation id="424" taxation-threshold="13631488" timestamp="2019-07-07T05:34:37.332" intervalms="26.602" />
<cycle-start id="425" type="partial gc" contextid="0" timestamp="2019-07-07T05:34:37.332" intervalms="26.669" />
<gc-start id="426" type="partial gc" contextid="425" timestamp="2019-07-07T05:34:37.333">
  <mem-info id="427" free="0" total="40894464" percent="0">
    <mem type="eden" free="0" total="13631488" percent="0" />
    <remembered-set count="21504" freebytes="1546368" totalbytes="1632384" percent="94" regionsoverflowed="0" regionsstable="0" regionsrebuilding="0"/>
  </mem-info>
</gc-start>
<allocation-stats totalBytes="13628992" >
  <allocated-bytes non-tlh="0" tlh="13628992" arrayletleaf="0"/>
  <largest-consumer threadName="main" threadId="00000000020B9700" bytes="13624896" />
</allocation-stats>
<gc-op id="428" type="mark" timems="2.402" contextid="425" timestamp="2019-07-07T05:34:37.336">
  <trace-info objectcount="22568" scancount="20311" scanbytes="898492" />
  <cardclean-info objects="263" bytes="24928" />
  <remembered-set-cleared processed="18754" cleared="889" durationms="0.238" />
  <references type="soft" candidates="37" cleared="0" enqueued="0" dynamicThreshold="10" maxThreshold="32" />
  <references type="weak" candidates="89" cleared="0" enqueued="0" />
  <references type="phantom" candidates="1" cleared="0" enqueued="0" />
  <stringconstants candidates="12470" cleared="0"  />
  <warning details="Mark invoked due to insufficient free space for Copy-Forward" />
</gc-op>
<gc-op id="429" type="classunload" timems="0.003" contextid="425" timestamp="2019-07-07T05:34:37.336">
  <classunload-info classloadercandidates="36" classloadersunloaded="0" classesunloaded="0" anonymousclassesunloaded="0" quiescems="0.000" setupms="0.003" scanms="0.000" postms="0.000" />
</gc-op>
<gc-op id="430" type="sweep" timems="0.501" contextid="425" timestamp="2019-07-07T05:34:37.337" />
<gc-op id="431" type="compact" timems="3.519" contextid="425" timestamp="2019-07-07T05:34:37.340">
  <compact-info movecount="22249" movebytes="1217544" />
  <remembered-set-cleared processed="40836" cleared="5086" durationms="0.238" />
</gc-op>
<heap-resize id="432" type="expand" space="default" amount="2097152" count="1" timems="0.062" reason="insufficient free space following gc" timestamp="2019-07-07T05:34:37.341" />
<gc-end id="433" type="partial gc" contextid="425" durationms="8.169" usertimems="12.000" systemtimems="0.000" timestamp="2019-07-07T05:34:37.341" activeThreads="4">
  <mem-info id="434" free="14680064" total="42991616" percent="34">
    <mem type="eden" free="506632" total="1048576" percent="48" />
    <remembered-set count="24640" freebytes="1617536" totalbytes="1716096" percent="94" regionsoverflowed="0" regionsstable="0" regionsrebuilding="0"/>
  </mem-info>
</gc-end>
<cycle-end id="435" type="partial gc" contextid="425" timestamp="2019-07-07T05:34:37.341" />
  <attribute name="elasticGC enabled" value="1" />
  <attribute name= "numThreadsSpecified" value="4" />
  <attribute name="heapSize specified" value="0" />
  <attribute name="Current GC Util" value="36" />
  <attribute name= "Current Time Running" value="6864" />
  <attribute name ="GC Interval" value="0" />
  <attribute name="ProportionalT" value="8.000000" />
  <attribute name="ProportionalI" value="8.000000" />
  <attribute name="ProportionalH" value="8.000000" />
  <attribute name="Current Error" value="16.000000" />
  <attribute name="IntegralT" value="8.000000" />
  <attribute name="IntegralI" value="8.000000" />
  <attribute name="IntegralH" value="8.000000" />
  <attribute name="DerivativeT" value="16.000000" />
  <attribute name="DerivativeI" value="16.000000" />
  <attribute name="DerivativeH" value="16.000000" />
  <attribute name="Loop Time for DT" value="1.000000" />
  <attribute name="Output H" value="8388608"/>
  <attribute name="Output I" value="200"/>
  <attribute name="Output T" value="4"/>
  <attribute name="Target GC Util Change" value ="20.000000" />
  <attribute name="Current GC Util Change" value="36.000000"/>
  <attribute name="GC Util currently" value="36" />
  <attribute name="CPU Util currently" value="6018992718948" />
<exclusive-end id="436" timestamp="2019-07-07T05:34:37.341" durationms="9.251" />

<exclusive-start id="437" timestamp="2019-07-07T05:34:37.374" intervalms="42.328">
  <response-info timems="0.056" idlems="0.056" threads="0" lastid="00000000020B9700" lastname="main" />
</exclusive-start>
<allocation-taxation id="438" taxation-threshold="14680064" timestamp="2019-07-07T05:34:37.374" intervalms="42.274" />
<cycle-start id="439" type="partial gc" contextid="0" timestamp="2019-07-07T05:34:37.375" intervalms="42.227" />
<gc-start id="440" type="partial gc" contextid="439" timestamp="2019-07-07T05:34:37.375">
  <mem-info id="441" free="0" total="42991616" percent="0">
    <mem type="eden" free="0" total="14680064" percent="0" />
    <remembered-set count="24288" freebytes="1618944" totalbytes="1716096" percent="94" regionsoverflowed="0" regionsstable="0" regionsrebuilding="0"/>
  </mem-info>
</gc-start>
<allocation-stats totalBytes="14677680" >
  <allocated-bytes non-tlh="266328" tlh="14411352" arrayletleaf="0"/>
  <largest-consumer threadName="main" threadId="00000000020B9700" bytes="14677680" />
</allocation-stats>
<gc-op id="442" type="mark" timems="3.715" contextid="439" timestamp="2019-07-07T05:34:37.379">
  <trace-info objectcount="42908" scancount="38305" scanbytes="1618260" />
  <cardclean-info objects="5542" bytes="281928" />
  <remembered-set-cleared processed="20489" cleared="5238" durationms="0.253" />
  <references type="soft" candidates="12" cleared="0" enqueued="0" dynamicThreshold="10" maxThreshold="32" />
  <references type="weak" candidates="173" cleared="0" enqueued="0" />
  <references type="phantom" candidates="1" cleared="0" enqueued="0" />
  <stringconstants candidates="12481" cleared="0"  />
  <warning details="Mark invoked due to insufficient free space for Copy-Forward" />
</gc-op>
<gc-op id="443" type="classunload" timems="0.003" contextid="439" timestamp="2019-07-07T05:34:37.379">
  <classunload-info classloadercandidates="37" classloadersunloaded="0" classesunloaded="0" anonymousclassesunloaded="0" quiescems="0.000" setupms="0.003" scanms="0.000" postms="0.000" />
</gc-op>
<gc-op id="444" type="sweep" timems="0.477" contextid="439" timestamp="2019-07-07T05:34:37.380" />
<gc-op id="445" type="compact" timems="6.475" contextid="439" timestamp="2019-07-07T05:34:37.387">
  <compact-info movecount="36733" movebytes="1838768" />
  <remembered-set-cleared processed="46174" cleared="15665" durationms="0.253" />
</gc-op>
<heap-resize id="446" type="expand" space="default" amount="2097152" count="1" timems="0.060" reason="insufficient free space following gc" timestamp="2019-07-07T05:34:37.387" />
<gc-end id="447" type="partial gc" contextid="439" durationms="12.267" usertimems="12.000" systemtimems="0.000" timestamp="2019-07-07T05:34:37.387" activeThreads="1">
  <mem-info id="448" free="14680064" total="45088768" percent="32">
    <mem type="eden" free="629392" total="2097152" percent="30" />
    <remembered-set count="28000" freebytes="1687808" totalbytes="1799808" percent="93" regionsoverflowed="0" regionsstable="0" regionsrebuilding="0"/>
  </mem-info>
</gc-end>
<cycle-end id="449" type="partial gc" contextid="439" timestamp="2019-07-07T05:34:37.387" />
  <attribute name="elasticGC enabled" value="1" />
  <attribute name= "numThreadsSpecified" value="1" />
  <attribute name="heapSize specified" value="0" />
  <attribute name="Current GC Util" value="39" />
  <attribute name= "Current Time Running" value="6907" />
  <attribute name ="GC Interval" value="0" />
  <attribute name="ProportionalT" value="9.500000" />
  <attribute name="ProportionalI" value="9.500000" />
  <attribute name="ProportionalH" value="9.500000" />
  <attribute name="Current Error" value="19.000000" />
  <attribute name="IntegralT" value="0.000000" />
  <attribute name="IntegralI" value="0.000000" />
  <attribute name="IntegralH" value="0.000000" />
  <attribute name="DerivativeT" value="inf" />
  <attribute name="DerivativeI" value="inf" />
  <attribute name="DerivativeH" value="inf" />
  <attribute name="Loop Time for DT" value="0.000000" />
  <attribute name="Output H" value="8388608"/>
  <attribute name="Output I" value="200"/>
  <attribute name="Output T" value="1"/>
  <attribute name="Target GC Util Change" value ="20.000000" />
  <attribute name="Current GC Util Change" value="39.000000"/>
  <attribute name="GC Util currently" value="39" />
  <attribute name="CPU Util currently" value="6188064504138" />
<exclusive-end id="450" timestamp="2019-07-07T05:34:37.388" durationms="13.265" />

<exclusive-start id="451" timestamp="2019-07-07T05:34:37.419" intervalms="45.034">
  <response-info timems="0.031" idlems="0.031" threads="0" lastid="00000000020B9700" lastname="main" />
</exclusive-start>
<allocation-taxation id="452" taxation-threshold="14680064" timestamp="2019-07-07T05:34:37.419" intervalms="45.036" />
<cycle-start id="453" type="partial gc" contextid="0" timestamp="2019-07-07T05:34:37.420" intervalms="45.014" />
<gc-start id="454" type="partial gc" contextid="453" timestamp="2019-07-07T05:34:37.420">
  <mem-info id="455" free="0" total="45088768" percent="0">
    <mem type="eden" free="0" total="14680064" percent="0" />
    <remembered-set count="27872" freebytes="1688320" totalbytes="1799808" percent="93" regionsoverflowed="0" regionsstable="0" regionsrebuilding="0"/>
  </mem-info>
</gc-start>
<allocation-stats totalBytes="14677384" >
  <allocated-bytes non-tlh="200400" tlh="14476984" arrayletleaf="0"/>
  <largest-consumer threadName="main" threadId="00000000020B9700" bytes="14677384" />
</allocation-stats>
<gc-op id="456" type="mark" timems="1.777" contextid="453" timestamp="2019-07-07T05:34:37.422">
  <trace-info objectcount="13602" scancount="12286" scanbytes="538628" />
  <cardclean-info objects="963" bytes="68960" />
  <remembered-set-cleared processed="24245" cleared="2808" durationms="0.182" />
  <references type="soft" candidates="2" cleared="0" enqueued="0" dynamicThreshold="10" maxThreshold="32" />
  <references type="weak" candidates="16" cleared="0" enqueued="0" />
  <references type="phantom" candidates="1" cleared="0" enqueued="0" />
  <stringconstants candidates="12486" cleared="0"  />
  <warning details="Mark invoked due to insufficient free space for Copy-Forward" />
</gc-op>
<gc-op id="457" type="classunload" timems="0.003" contextid="453" timestamp="2019-07-07T05:34:37.422">
  <classunload-info classloadercandidates="38" classloadersunloaded="0" classesunloaded="0" anonymousclassesunloaded="0" quiescems="0.000" setupms="0.003" scanms="0.000" postms="0.000" />
</gc-op>
<gc-op id="458" type="sweep" timems="0.431" contextid="453" timestamp="2019-07-07T05:34:37.423" />
<gc-op id="459" type="compact" timems="1.990" contextid="453" timestamp="2019-07-07T05:34:37.425">
  <compact-info movecount="13602" movebytes="836120" />
  <remembered-set-cleared processed="48992" cleared="6112" durationms="0.182" />
</gc-op>
<heap-resize id="460" type="expand" space="default" amount="8388608" count="1" timems="0.096" reason="excessive time being spent in gc" timestamp="2019-07-07T05:34:37.426" />
<gc-end id="461" type="partial gc" contextid="453" durationms="5.865" usertimems="8.000" systemtimems="0.000" timestamp="2019-07-07T05:34:37.426" activeThreads="4">
  <mem-info id="462" free="23068672" total="53477376" percent="43">
    <mem type="eden" free="344016" total="1048576" percent="32" />
    <remembered-set count="26592" freebytes="2028288" totalbytes="2134656" percent="95" regionsoverflowed="0" regionsstable="0" regionsrebuilding="0"/>
  </mem-info>
</gc-end>
<cycle-end id="463" type="partial gc" contextid="453" timestamp="2019-07-07T05:34:37.426" />
  <attribute name="elasticGC enabled" value="1" />
  <attribute name= "numThreadsSpecified" value="4" />
  <attribute name="heapSize specified" value="0" />
  <attribute name="Current GC Util" value="33" />
  <attribute name= "Current Time Running" value="6950" />
  <attribute name ="GC Interval" value="0" />
  <attribute name="ProportionalT" value="6.500000" />
  <attribute name="ProportionalI" value="6.500000" />
  <attribute name="ProportionalH" value="6.500000" />
  <attribute name="Current Error" value="13.000000" />
  <attribute name="IntegralT" value="0.000000" />
  <attribute name="IntegralI" value="0.000000" />
  <attribute name="IntegralH" value="0.000000" />
  <attribute name="DerivativeT" value="-inf" />
  <attribute name="DerivativeI" value="-inf" />
  <attribute name="DerivativeH" value="-inf" />
  <attribute name="Loop Time for DT" value="0.000000" />
  <attribute name="Output H" value="2091843584"/>
  <attribute name="Output I" value="200"/>
  <attribute name="Output T" value="4"/>
  <attribute name="Target GC Util Change" value ="20.000000" />
  <attribute name="Current GC Util Change" value="33.000000"/>
  <attribute name="GC Util currently" value="33" />
  <attribute name="CPU Util currently" value="6646737604150" />
<exclusive-end id="464" timestamp="2019-07-07T05:34:37.426" durationms="6.804" />

<exclusive-start id="465" timestamp="2019-07-07T05:34:37.472" intervalms="52.474">
  <response-info timems="0.028" idlems="0.028" threads="0" lastid="00000000020B9700" lastname="main" />
</exclusive-start>
<allocation-taxation id="466" taxation-threshold="19922944" timestamp="2019-07-07T05:34:37.472" intervalms="52.462" />
<cycle-start id="467" type="partial gc" contextid="0" timestamp="2019-07-07T05:34:37.472" intervalms="52.476" />
<gc-start id="468" type="partial gc" contextid="467" timestamp="2019-07-07T05:34:37.472">
  <mem-info id="469" free="3145728" total="53477376" percent="5">
    <mem type="eden" free="0" total="19922944" percent="0" />
    <remembered-set count="26176" freebytes="2029952" totalbytes="2134656" percent="95" regionsoverflowed="0" regionsstable="0" regionsrebuilding="0"/>
  </mem-info>
</gc-start>
<allocation-stats totalBytes="19920000" >
  <allocated-bytes non-tlh="402496" tlh="19517504" arrayletleaf="0"/>
  <largest-consumer threadName="main" threadId="00000000020B9700" bytes="19920000" />
</allocation-stats>
<gc-op id="470" type="copy forward" timems="3.939" contextid="467" timestamp="2019-07-07T05:34:37.477">
  <memory-copied type="eden" objects="10887" bytes="756672" bytesdiscarded="0" />
  <memory-copied type="other" objects="16955" bytes="612480" bytesdiscarded="0" />
  <memory-cardclean objects="691" bytes="39032" />
  <regions eden="19" other="2" />
  <remembered-set-cleared processed="23827" cleared="4391" durationms="0.275" />
  <references type="soft" candidates="3" cleared="0" enqueued="0" dynamicThreshold="13" maxThreshold="32" />
  <references type="weak" candidates="30" cleared="0" enqueued="0" />
  <references type="phantom" candidates="1" cleared="0" enqueued="0" />
  <stringconstants candidates="12505" cleared="0"  />
</gc-op>
<gc-op id="471" type="classunload" timems="0.004" contextid="467" timestamp="2019-07-07T05:34:37.477">
  <classunload-info classloadercandidates="40" classloadersunloaded="0" classesunloaded="0" anonymousclassesunloaded="0" quiescems="0.000" setupms="0.004" scanms="0.000" postms="0.000" />
</gc-op>
<heap-resize id="472" type="expand" space="default" amount="9437184" count="1" timems="0.100" reason="excessive time being spent in gc" timestamp="2019-07-07T05:34:37.477" />
<gc-end id="473" type="partial gc" contextid="467" durationms="5.220" usertimems="8.000" systemtimems="0.000" timestamp="2019-07-07T05:34:37.478" activeThreads="1">
  <mem-info id="474" free="31457280" total="62914560" percent="50">
    <mem type="eden" free="291824" total="1048576" percent="27" />
    <remembered-set count="25248" freebytes="2410368" totalbytes="2511360" percent="95" regionsoverflowed="0" regionsstable="0" regionsrebuilding="0"/>
  </mem-info>
</gc-end>
<cycle-end id="475" type="partial gc" contextid="467" timestamp="2019-07-07T05:34:37.478" />
  <attribute name="elasticGC enabled" value="1" />
  <attribute name= "numThreadsSpecified" value="1" />
  <attribute name="heapSize specified" value="0" />
  <attribute name="Current GC Util" value="57" />
  <attribute name= "Current Time Running" value="7000" />
  <attribute name ="GC Interval" value="0" />
  <attribute name="ProportionalT" value="18.500000" />
  <attribute name="ProportionalI" value="18.500000" />
  <attribute name="ProportionalH" value="18.500000" />
  <attribute name="Current Error" value="37.000000" />
  <attribute name="IntegralT" value="0.000000" />
  <attribute name="IntegralI" value="0.000000" />
  <attribute name="IntegralH" value="0.000000" />
  <attribute name="DerivativeT" value="inf" />
  <attribute name="DerivativeI" value="inf" />
  <attribute name="DerivativeH" value="inf" />
  <attribute name="Loop Time for DT" value="0.000000" />
  <attribute name="Output H" value="8388608"/>
  <attribute name="Output I" value="200"/>
  <attribute name="Output T" value="1"/>
  <attribute name="Target GC Util Change" value ="20.000000" />
  <attribute name="Current GC Util Change" value="57.000000"/>
  <attribute name="GC Util currently" value="57" />
  <attribute name="CPU Util currently" value="19286557924295" />
<exclusive-end id="476" timestamp="2019-07-07T05:34:37.478" durationms="6.193" />

<exclusive-start id="477" timestamp="2019-07-07T05:34:37.522" intervalms="50.277">
  <response-info timems="0.018" idlems="0.018" threads="0" lastid="00000000020B9700" lastname="main" />
</exclusive-start>
<allocation-taxation id="478" taxation-threshold="22020096" timestamp="2019-07-07T05:34:37.522" intervalms="50.226" />
<cycle-start id="479" type="partial gc" contextid="0" timestamp="2019-07-07T05:34:37.522" intervalms="50.182" />
<gc-start id="480" type="partial gc" contextid="479" timestamp="2019-07-07T05:34:37.522">
  <mem-info id="481" free="9437184" total="62914560" percent="15">
    <mem type="eden" free="0" total="22020096" percent="0" />
    <remembered-set count="24928" freebytes="2411648" totalbytes="2511360" percent="96" regionsoverflowed="0" regionsstable="0" regionsrebuilding="0"/>
  </mem-info>
</gc-start>
<allocation-stats totalBytes="22016632" >
  <allocated-bytes non-tlh="601736" tlh="21414896" arrayletleaf="0"/>
  <largest-consumer threadName="main" threadId="00000000020B9700" bytes="22016632" />
</allocation-stats>
<gc-op id="482" type="copy forward" timems="1.897" contextid="479" timestamp="2019-07-07T05:34:37.525">
  <memory-copied type="eden" objects="3939" bytes="425328" bytesdiscarded="0" />
  <memory-copied type="other" objects="1511" bytes="95632" bytesdiscarded="0" />
  <memory-cardclean objects="1337" bytes="61216" />
  <regions eden="21" other="2" />
  <remembered-set-cleared processed="22486" cleared="1444" durationms="0.276" />
  <references type="soft" candidates="29" cleared="0" enqueued="0" dynamicThreshold="16" maxThreshold="32" />
  <references type="weak" candidates="40" cleared="0" enqueued="0" />
  <references type="phantom" candidates="1" cleared="0" enqueued="0" />
  <stringconstants candidates="12532" cleared="0"  />
</gc-op>
<gc-op id="483" type="classunload" timems="0.004" contextid="479" timestamp="2019-07-07T05:34:37.525">
  <classunload-info classloadercandidates="43" classloadersunloaded="0" classesunloaded="0" anonymousclassesunloaded="0" quiescems="0.000" setupms="0.003" scanms="0.000" postms="0.000" />
</gc-op>
<heap-resize id="484" type="expand" space="default" amount="11534336" count="1" timems="0.113" reason="excessive time being spent in gc" timestamp="2019-07-07T05:34:37.525" />
<gc-end id="485" type="partial gc" contextid="479" durationms="3.109" usertimems="4.000" systemtimems="0.000" timestamp="2019-07-07T05:34:37.526" activeThreads="1">
  <mem-info id="486" free="41943040" total="74448896" percent="56">
    <mem type="eden" free="623128" total="1048576" percent="59" />
    <remembered-set count="25248" freebytes="2870784" totalbytes="2971776" percent="96" regionsoverflowed="0" regionsstable="0" regionsrebuilding="0"/>
  </mem-info>
</gc-end>
<cycle-end id="487" type="partial gc" contextid="479" timestamp="2019-07-07T05:34:37.526" />
  <attribute name="elasticGC enabled" value="1" />
  <attribute name= "numThreadsSpecified" value="1" />
  <attribute name="heapSize specified" value="0" />
  <attribute name="Current GC Util" value="61" />
  <attribute name= "Current Time Running" value="7050" />
  <attribute name ="GC Interval" value="0" />
  <attribute name="ProportionalT" value="20.500000" />
  <attribute name="ProportionalI" value="20.500000" />
  <attribute name="ProportionalH" value="20.500000" />
  <attribute name="Current Error" value="41.000000" />
  <attribute name="IntegralT" value="0.000000" />
  <attribute name="IntegralI" value="0.000000" />
  <attribute name="IntegralH" value="0.000000" />
  <attribute name="DerivativeT" value="inf" />
  <attribute name="DerivativeI" value="inf" />
  <attribute name="DerivativeH" value="inf" />
  <attribute name="Loop Time for DT" value="0.000000" />
  <attribute name="Output H" value="8388608"/>
  <attribute name="Output I" value="200"/>
  <attribute name="Output T" value="1"/>
  <attribute name="Target GC Util Change" value ="20.000000" />
  <attribute name="Current GC Util Change" value="61.000000"/>
  <attribute name="GC Util currently" value="61" />
  <attribute name="CPU Util currently" value="21309554887310" />
<exclusive-end id="488" timestamp="2019-07-07T05:34:37.526" durationms="3.942" />

<exclusive-start id="489" timestamp="2019-07-07T05:34:37.573" intervalms="50.912">
  <response-info timems="0.024" idlems="0.024" threads="0" lastid="00000000020B9700" lastname="main" />
</exclusive-start>
<allocation-taxation id="490" taxation-threshold="25165824" timestamp="2019-07-07T05:34:37.573" intervalms="50.916" />
<cycle-start id="491" type="partial gc" contextid="0" timestamp="2019-07-07T05:34:37.573" intervalms="50.960" />
<gc-start id="492" type="partial gc" contextid="491" timestamp="2019-07-07T05:34:37.574">
  <mem-info id="493" free="16777216" total="74448896" percent="22">
    <mem type="eden" free="0" total="25165824" percent="0" />
    <remembered-set count="24896" freebytes="2872192" totalbytes="2971776" percent="96" regionsoverflowed="0" regionsstable="0" regionsrebuilding="0"/>
  </mem-info>
</gc-start>
<allocation-stats totalBytes="25162816" >
  <allocated-bytes non-tlh="400832" tlh="24761984" arrayletleaf="0"/>
  <largest-consumer threadName="main" threadId="00000000020B9700" bytes="25162816" />
</allocation-stats>
<gc-op id="494" type="copy forward" timems="3.192" contextid="491" timestamp="2019-07-07T05:34:37.577">
  <memory-copied type="eden" objects="5870" bytes="542344" bytesdiscarded="0" />
  <memory-copied type="other" objects="7813" bytes="384448" bytesdiscarded="0" />
  <memory-cardclean objects="3265" bytes="198848" />
  <regions eden="24" other="2" />
  <remembered-set-cleared processed="21963" cleared="3191" durationms="0.310" />
  <references type="soft" candidates="42" cleared="0" enqueued="0" dynamicThreshold="18" maxThreshold="32" />
  <references type="weak" candidates="116" cleared="0" enqueued="0" />
  <references type="phantom" candidates="1" cleared="0" enqueued="0" />
  <stringconstants candidates="12543" cleared="0"  />
</gc-op>
<gc-op id="495" type="classunload" timems="0.004" contextid="491" timestamp="2019-07-07T05:34:37.578">
  <classunload-info classloadercandidates="45" classloadersunloaded="0" classesunloaded="0" anonymousclassesunloaded="0" quiescems="0.000" setupms="0.004" scanms="0.000" postms="0.000" />
</gc-op>
<gc-end id="496" type="partial gc" contextid="491" durationms="4.276" usertimems="4.000" systemtimems="0.000" timestamp="2019-07-07T05:34:37.578" activeThreads="1">
  <mem-info id="497" free="40894464" total="74448896" percent="54">
    <mem type="eden" free="506152" total="1048576" percent="48" />
    <remembered-set count="24896" freebytes="2872192" totalbytes="2971776" percent="96" regionsoverflowed="0" regionsstable="0" regionsrebuilding="0"/>
  </mem-info>
</gc-end>
<cycle-end id="498" type="partial gc" contextid="491" timestamp="2019-07-07T05:34:37.578" />
  <attribute name="elasticGC enabled" value="1" />
  <attribute name= "numThreadsSpecified" value="1" />
  <attribute name="heapSize specified" value="0" />
  <attribute name="Current GC Util" value="61" />
  <attribute name= "Current Time Running" value="7101" />
  <attribute name ="GC Interval" value="0" />
  <attribute name="ProportionalT" value="20.500000" />
  <attribute name="ProportionalI" value="20.500000" />
  <attribute name="ProportionalH" value="20.500000" />
  <attribute name="Current Error" value="41.000000" />
  <attribute name="IntegralT" value="0.000000" />
  <attribute name="IntegralI" value="0.000000" />
  <attribute name="IntegralH" value="0.000000" />
  <attribute name="DerivativeT" value="inf" />
  <attribute name="DerivativeI" value="inf" />
  <attribute name="DerivativeH" value="inf" />
  <attribute name="Loop Time for DT" value="0.000000" />
  <attribute name="Output H" value="8388608"/>
  <attribute name="Output I" value="200"/>
  <attribute name="Output T" value="1"/>
  <attribute name="Target GC Util Change" value ="20.000000" />
  <attribute name="Current GC Util Change" value="61.000000"/>
  <attribute name="GC Util currently" value="61" />
  <attribute name="CPU Util currently" value="18590560622192" />
<exclusive-end id="499" timestamp="2019-07-07T05:34:37.578" durationms="5.262" />

<exclusive-start id="500" timestamp="2019-07-07T05:34:37.639" intervalms="65.787">
  <response-info timems="0.020" idlems="0.020" threads="0" lastid="00000000020B9700" lastname="main" />
</exclusive-start>
<allocation-taxation id="501" taxation-threshold="25165824" timestamp="2019-07-07T05:34:37.639" intervalms="65.791" />
<cycle-start id="502" type="partial gc" contextid="0" timestamp="2019-07-07T05:34:37.639" intervalms="65.748" />
<gc-start id="503" type="partial gc" contextid="502" timestamp="2019-07-07T05:34:37.639">
  <mem-info id="504" free="15728640" total="74448896" percent="21">
    <mem type="eden" free="0" total="25165824" percent="0" />
    <remembered-set count="24736" freebytes="2872832" totalbytes="2971776" percent="96" regionsoverflowed="0" regionsstable="0" regionsrebuilding="0"/>
  </mem-info>
</gc-start>
<allocation-stats totalBytes="25162176" >
  <allocated-bytes non-tlh="1002488" tlh="24159688" arrayletleaf="0"/>
  <largest-consumer threadName="main" threadId="00000000020B9700" bytes="25162176" />
</allocation-stats>
<gc-op id="505" type="copy forward" timems="2.962" contextid="502" timestamp="2019-07-07T05:34:37.643">
  <memory-copied type="eden" objects="6379" bytes="562328" bytesdiscarded="0" />
  <memory-copied type="other" objects="13198" bytes="487048" bytesdiscarded="0" />
  <memory-cardclean objects="1897" bytes="98328" />
  <regions eden="24" other="2" />
  <remembered-set-cleared processed="22108" cleared="2700" durationms="0.267" />
  <references type="soft" candidates="5" cleared="0" enqueued="0" dynamicThreshold="17" maxThreshold="32" />
  <references type="weak" candidates="32" cleared="0" enqueued="0" />
  <references type="phantom" candidates="1" cleared="0" enqueued="0" />
  <stringconstants candidates="12578" cleared="4"  />
</gc-op>
<gc-op id="506" type="classunload" timems="0.419" contextid="502" timestamp="2019-07-07T05:34:37.643">
  <classunload-info classloadercandidates="50" classloadersunloaded="2" classesunloaded="2" anonymousclassesunloaded="0" quiescems="0.000" setupms="0.405" scanms="0.008" postms="0.006" />
</gc-op>
<gc-end id="507" type="partial gc" contextid="502" durationms="4.276" usertimems="4.000" systemtimems="4.000" timestamp="2019-07-07T05:34:37.643" activeThreads="1">
  <mem-info id="508" free="39845888" total="74448896" percent="53">
    <mem type="eden" free="486144" total="1048576" percent="46" />
    <remembered-set count="24032" freebytes="2875648" totalbytes="2971776" percent="96" regionsoverflowed="0" regionsstable="0" regionsrebuilding="0"/>
  </mem-info>
</gc-end>
<cycle-end id="509" type="partial gc" contextid="502" timestamp="2019-07-07T05:34:37.644" />
  <attribute name="elasticGC enabled" value="1" />
  <attribute name= "numThreadsSpecified" value="1" />
  <attribute name="heapSize specified" value="0" />
  <attribute name="Current GC Util" value="62" />
  <attribute name= "Current Time Running" value="7167" />
  <attribute name ="GC Interval" value="0" />
  <attribute name="ProportionalT" value="21.000000" />
  <attribute name="ProportionalI" value="21.000000" />
  <attribute name="ProportionalH" value="21.000000" />
  <attribute name="Current Error" value="42.000000" />
  <attribute name="IntegralT" value="0.000000" />
  <attribute name="IntegralI" value="0.000000" />
  <attribute name="IntegralH" value="0.000000" />
  <attribute name="DerivativeT" value="inf" />
  <attribute name="DerivativeI" value="inf" />
  <attribute name="DerivativeH" value="inf" />
  <attribute name="Loop Time for DT" value="0.000000" />
  <attribute name="Output H" value="8388608"/>
  <attribute name="Output I" value="200"/>
  <attribute name="Output T" value="1"/>
  <attribute name="Target GC Util Change" value ="20.000000" />
  <attribute name="Current GC Util Change" value="62.000000"/>
  <attribute name="GC Util currently" value="62" />
  <attribute name="CPU Util currently" value="22097201778606" />
<exclusive-end id="510" timestamp="2019-07-07T05:34:37.644" durationms="4.979" />

<exclusive-start id="511" timestamp="2019-07-07T05:34:37.683" intervalms="43.726">
  <response-info timems="0.030" idlems="0.030" threads="0" lastid="00000000020B9700" lastname="main" />
</exclusive-start>
<allocation-taxation id="512" taxation-threshold="25165824" timestamp="2019-07-07T05:34:37.683" intervalms="43.783" />
<cycle-start id="513" type="partial gc" contextid="0" timestamp="2019-07-07T05:34:37.683" intervalms="43.832" />
<gc-start id="514" type="partial gc" contextid="513" timestamp="2019-07-07T05:34:37.683">
  <mem-info id="515" free="14680064" total="74448896" percent="19">
    <mem type="eden" free="0" total="25165824" percent="0" />
    <remembered-set count="23872" freebytes="2876288" totalbytes="2971776" percent="96" regionsoverflowed="0" regionsstable="0" regionsrebuilding="0"/>
  </mem-info>
</gc-start>
<allocation-stats totalBytes="25163232" >
  <allocated-bytes non-tlh="266728" tlh="24896504" arrayletleaf="0"/>
  <largest-consumer threadName="main" threadId="00000000020B9700" bytes="25163232" />
</allocation-stats>
<gc-op id="516" type="copy forward" timems="2.685" contextid="513" timestamp="2019-07-07T05:34:37.687">
  <memory-copied type="eden" objects="15213" bytes="952928" bytesdiscarded="0" />
  <memory-copied type="other" objects="655" bytes="22024" bytesdiscarded="0" />
  <memory-cardclean objects="170" bytes="14384" />
  <regions eden="24" other="1" />
  <remembered-set-cleared processed="21768" cleared="400" durationms="0.284" />
  <references type="soft" candidates="4" cleared="0" enqueued="0" dynamicThreshold="17" maxThreshold="32" />
  <references type="weak" candidates="38" cleared="0" enqueued="0" />
  <references type="phantom" candidates="1" cleared="0" enqueued="0" />
  <stringconstants candidates="12597" cleared="0"  />
</gc-op>
<gc-op id="517" type="classunload" timems="0.004" contextid="513" timestamp="2019-07-07T05:34:37.687">
  <classunload-info classloadercandidates="49" classloadersunloaded="0" classesunloaded="0" anonymousclassesunloaded="0" quiescems="0.000" setupms="0.004" scanms="0.000" postms="0.000" />
</gc-op>
<gc-end id="518" type="partial gc" contextid="513" durationms="3.862" usertimems="4.000" systemtimems="0.000" timestamp="2019-07-07T05:34:37.687" activeThreads="1">
  <mem-info id="519" free="38797312" total="74448896" percent="52">
    <mem type="eden" free="95592" total="1048576" percent="9" />
    <remembered-set count="25056" freebytes="2871552" totalbytes="2971776" percent="96" regionsoverflowed="0" regionsstable="0" regionsrebuilding="0"/>
  </mem-info>
</gc-end>
<cycle-end id="520" type="partial gc" contextid="513" timestamp="2019-07-07T05:34:37.687" />
  <attribute name="elasticGC enabled" value="1" />
  <attribute name= "numThreadsSpecified" value="1" />
  <attribute name="heapSize specified" value="0" />
  <attribute name="Current GC Util" value="84" />
  <attribute name= "Current Time Running" value="7211" />
  <attribute name ="GC Interval" value="0" />
  <attribute name="ProportionalT" value="32.000000" />
  <attribute name="ProportionalI" value="32.000000" />
  <attribute name="ProportionalH" value="32.000000" />
  <attribute name="Current Error" value="64.000000" />
  <attribute name="IntegralT" value="0.000000" />
  <attribute name="IntegralI" value="0.000000" />
  <attribute name="IntegralH" value="0.000000" />
  <attribute name="DerivativeT" value="inf" />
  <attribute name="DerivativeI" value="inf" />
  <attribute name="DerivativeH" value="inf" />
  <attribute name="Loop Time for DT" value="0.000000" />
  <attribute name="Output H" value="8388608"/>
  <attribute name="Output I" value="200"/>
  <attribute name="Output T" value="1"/>
  <attribute name="Target GC Util Change" value ="20.000000" />
  <attribute name="Current GC Util Change" value="84.000000"/>
  <attribute name="GC Util currently" value="84" />
  <attribute name="CPU Util currently" value="14177850092786" />
<exclusive-end id="521" timestamp="2019-07-07T05:34:37.687" durationms="4.913" />

<exclusive-start id="522" timestamp="2019-07-07T05:34:37.733" intervalms="50.916">
  <response-info timems="0.020" idlems="0.020" threads="0" lastid="00000000020B9700" lastname="main" />
</exclusive-start>
<allocation-taxation id="523" taxation-threshold="25165824" timestamp="2019-07-07T05:34:37.734" intervalms="50.850" />
<cycle-start id="524" type="partial gc" contextid="0" timestamp="2019-07-07T05:34:37.734" intervalms="50.800" />
<gc-start id="525" type="partial gc" contextid="524" timestamp="2019-07-07T05:34:37.734">
  <mem-info id="526" free="13631488" total="74448896" percent="18">
    <mem type="eden" free="0" total="25165824" percent="0" />
    <remembered-set count="24832" freebytes="2872448" totalbytes="2971776" percent="96" regionsoverflowed="0" regionsstable="0" regionsrebuilding="0"/>
  </mem-info>
</gc-start>
<allocation-stats totalBytes="25153672" >
  <allocated-bytes non-tlh="201824" tlh="24951848" arrayletleaf="0"/>
  <largest-consumer threadName="main" threadId="00000000020B9700" bytes="25153672" />
</allocation-stats>
<gc-op id="527" type="copy forward" timems="1.535" contextid="524" timestamp="2019-07-07T05:34:37.736">
  <memory-copied type="eden" objects="600" bytes="56600" bytesdiscarded="45072" />
  <memory-copied type="other" objects="380" bytes="12976" bytesdiscarded="920" />
  <memory-cardclean objects="133" bytes="13584" />
  <regions eden="24" other="1" />
  <remembered-set-cleared processed="22717" cleared="1147" durationms="0.140" />
  <references type="soft" candidates="3" cleared="0" enqueued="0" dynamicThreshold="16" maxThreshold="32" />
  <references type="weak" candidates="24" cleared="0" enqueued="0" />
  <references type="phantom" candidates="1" cleared="0" enqueued="0" />
  <stringconstants candidates="12627" cleared="0"  />
</gc-op>
<gc-op id="528" type="classunload" timems="0.004" contextid="524" timestamp="2019-07-07T05:34:37.736">
  <classunload-info classloadercandidates="51" classloadersunloaded="0" classesunloaded="0" anonymousclassesunloaded="0" quiescems="0.000" setupms="0.004" scanms="0.000" postms="0.000" />
</gc-op>
<gc-end id="529" type="partial gc" contextid="524" durationms="2.433" usertimems="4.000" systemtimems="0.000" timestamp="2019-07-07T05:34:37.736" activeThreads="4">
  <mem-info id="530" free="37748736" total="74448896" percent="50">
    <mem type="eden" free="946832" total="1048576" percent="90" />
    <remembered-set count="25120" freebytes="2871296" totalbytes="2971776" percent="96" regionsoverflowed="0" regionsstable="0" regionsrebuilding="0"/>
  </mem-info>
</gc-end>
<cycle-end id="531" type="partial gc" contextid="524" timestamp="2019-07-07T05:34:37.736" />
  <attribute name="elasticGC enabled" value="1" />
  <attribute name= "numThreadsSpecified" value="4" />
  <attribute name="heapSize specified" value="0" />
  <attribute name="Current GC Util" value="71" />
  <attribute name= "Current Time Running" value="7262" />
  <attribute name ="GC Interval" value="0" />
  <attribute name="ProportionalT" value="25.500000" />
  <attribute name="ProportionalI" value="25.500000" />
  <attribute name="ProportionalH" value="25.500000" />
  <attribute name="Current Error" value="51.000000" />
  <attribute name="IntegralT" value="25.500000" />
  <attribute name="IntegralI" value="25.500000" />
  <attribute name="IntegralH" value="25.500000" />
  <attribute name="DerivativeT" value="51.000000" />
  <attribute name="DerivativeI" value="51.000000" />
  <attribute name="DerivativeH" value="51.000000" />
  <attribute name="Loop Time for DT" value="1.000000" />
  <attribute name="Output H" value="8388608"/>
  <attribute name="Output I" value="200"/>
  <attribute name="Output T" value="4"/>
  <attribute name="Target GC Util Change" value ="20.000000" />
  <attribute name="Current GC Util Change" value="71.000000"/>
  <attribute name="GC Util currently" value="71" />
  <attribute name="CPU Util currently" value="20525665553893" />
<exclusive-end id="532" timestamp="2019-07-07T05:34:37.737" durationms="3.283" />

<exclusive-start id="533" timestamp="2019-07-07T05:34:37.838" intervalms="104.962">
  <response-info timems="0.040" idlems="0.040" threads="0" lastid="00000000020B9700" lastname="main" />
</exclusive-start>
<allocation-taxation id="534" taxation-threshold="25165824" timestamp="2019-07-07T05:34:37.839" intervalms="105.018" />
<cycle-start id="535" type="partial gc" contextid="0" timestamp="2019-07-07T05:34:37.839" intervalms="105.060" />
<gc-start id="536" type="partial gc" contextid="535" timestamp="2019-07-07T05:34:37.839">
  <mem-info id="537" free="12582912" total="74448896" percent="16">
    <mem type="eden" free="0" total="25165824" percent="0" />
    <remembered-set count="24768" freebytes="2872704" totalbytes="2971776" percent="96" regionsoverflowed="0" regionsstable="0" regionsrebuilding="0"/>
  </mem-info>
</gc-start>
<allocation-stats totalBytes="25161496" >
  <allocated-bytes non-tlh="851328" tlh="24310168" arrayletleaf="0"/>
  <largest-consumer threadName="main" threadId="00000000020B9700" bytes="25161496" />
</allocation-stats>
<gc-op id="538" type="copy forward" timems="2.516" contextid="535" timestamp="2019-07-07T05:34:37.842">
  <memory-copied type="eden" objects="17409" bytes="726368" bytesdiscarded="54376" />
  <memory-copied type="other" objects="559" bytes="19048" bytesdiscarded="1056" />
  <memory-cardclean objects="493" bytes="35784" />
  <regions eden="24" other="1" />
  <remembered-set-cleared processed="21991" cleared="602" durationms="0.157" />
  <references type="soft" candidates="779" cleared="0" enqueued="0" dynamicThreshold="16" maxThreshold="32" />
  <references type="weak" candidates="110" cleared="0" enqueued="0" />
  <stringconstants candidates="13257" cleared="0"  />
</gc-op>
<gc-op id="539" type="classunload" timems="0.004" contextid="535" timestamp="2019-07-07T05:34:37.842">
  <classunload-info classloadercandidates="54" classloadersunloaded="0" classesunloaded="0" anonymousclassesunloaded="0" quiescems="0.000" setupms="0.004" scanms="0.000" postms="0.000" />
</gc-op>
<gc-end id="540" type="partial gc" contextid="535" durationms="3.411" usertimems="0.000" systemtimems="4.000" timestamp="2019-07-07T05:34:37.842" activeThreads="4">
  <mem-info id="541" free="36700160" total="74448896" percent="49">
    <mem type="eden" free="267320" total="1048576" percent="25" />
    <remembered-set count="27424" freebytes="2862080" totalbytes="2971776" percent="96" regionsoverflowed="0" regionsstable="0" regionsrebuilding="0"/>
  </mem-info>
</gc-end>
<cycle-end id="542" type="partial gc" contextid="535" timestamp="2019-07-07T05:34:37.842" />
  <attribute name="elasticGC enabled" value="1" />
  <attribute name= "numThreadsSpecified" value="4" />
  <attribute name="heapSize specified" value="0" />
  <attribute name="Current GC Util" value="51" />
  <attribute name= "Current Time Running" value="7367" />
  <attribute name ="GC Interval" value="0" />
  <attribute name="ProportionalT" value="15.500000" />
  <attribute name="ProportionalI" value="15.500000" />
  <attribute name="ProportionalH" value="15.500000" />
  <attribute name="Current Error" value="31.000000" />
  <attribute name="IntegralT" value="15.500000" />
  <attribute name="IntegralI" value="15.500000" />
  <attribute name="IntegralH" value="15.500000" />
  <attribute name="DerivativeT" value="31.000000" />
  <attribute name="DerivativeI" value="31.000000" />
  <attribute name="DerivativeH" value="31.000000" />
  <attribute name="Loop Time for DT" value="1.000000" />
  <attribute name="Output H" value="8388608"/>
  <attribute name="Output I" value="200"/>
  <attribute name="Output T" value="4"/>
  <attribute name="Target GC Util Change" value ="20.000000" />
  <attribute name="Current GC Util Change" value="51.000000"/>
  <attribute name="GC Util currently" value="51" />
  <attribute name="CPU Util currently" value="20503490147220" />
<exclusive-end id="543" timestamp="2019-07-07T05:34:37.843" durationms="4.309" />

<exclusive-start id="544" timestamp="2019-07-07T05:34:38.204" intervalms="365.302">
  <response-info timems="0.035" idlems="0.035" threads="0" lastid="00000000020B9700" lastname="main" />
</exclusive-start>
<allocation-taxation id="545" taxation-threshold="25165824" timestamp="2019-07-07T05:34:38.204" intervalms="365.341" />
<cycle-start id="546" type="partial gc" contextid="0" timestamp="2019-07-07T05:34:38.204" intervalms="365.357" />
<gc-start id="547" type="partial gc" contextid="546" timestamp="2019-07-07T05:34:38.204">
  <mem-info id="548" free="11534336" total="74448896" percent="15">
    <mem type="eden" free="0" total="25165824" percent="0" />
    <arraylet-primitive objects="1" leaves="1" largest="1" />
    <remembered-set count="27200" freebytes="2862976" totalbytes="2971776" percent="96" regionsoverflowed="0" regionsstable="0" regionsrebuilding="0"/>
  </mem-info>
</gc-start>
<allocation-stats totalBytes="25141496" >
  <allocated-bytes non-tlh="1865600" tlh="22227320" arrayletleaf="1048576"/>
  <largest-consumer threadName="main" threadId="00000000020B9700" bytes="25141496" />
</allocation-stats>
<gc-op id="549" type="copy forward" timems="6.377" contextid="546" timestamp="2019-07-07T05:34:38.211">
  <memory-copied type="eden" objects="40272" bytes="1953500" bytesdiscarded="0" />
  <memory-copied type="other" objects="8766" bytes="335360" bytesdiscarded="0" />
  <memory-cardclean objects="461" bytes="35288" />
  <regions eden="23" other="1" />
  <remembered-set-cleared processed="24190" cleared="2590" durationms="0.299" />
  <finalization candidates="3" enqueued="2" />
  <references type="soft" candidates="778" cleared="0" enqueued="0" dynamicThreshold="15" maxThreshold="32" />
  <references type="weak" candidates="150" cleared="0" enqueued="0" />
  <references type="phantom" candidates="2" cleared="0" enqueued="0" />
  <stringconstants candidates="13319" cleared="0"  />
</gc-op>
<gc-op id="550" type="classunload" timems="0.003" contextid="546" timestamp="2019-07-07T05:34:38.211">
  <classunload-info classloadercandidates="55" classloadersunloaded="0" classesunloaded="0" anonymousclassesunloaded="0" quiescems="0.000" setupms="0.003" scanms="0.000" postms="0.000" />
</gc-op>
<heap-resize id="551" type="contract" space="default" amount="4194304" count="1" timems="0.050" reason="insufficient time being spent in gc" timestamp="2019-07-07T05:34:38.212" />
<gc-end id="552" type="partial gc" contextid="546" durationms="7.555" usertimems="8.000" systemtimems="0.000" timestamp="2019-07-07T05:34:38.212" activeThreads="1">
  <mem-info id="553" free="29360128" total="70254592" percent="41">
    <mem type="eden" free="143544" total="3145728" percent="4" />
    <arraylet-primitive objects="1" leaves="1" largest="1" />
    <pending-finalizers system="0" default="2" reference="0" classloader="0" />
    <remembered-set count="28768" freebytes="2856704" totalbytes="2971776" percent="96" regionsoverflowed="0" regionsstable="0" regionsrebuilding="0"/>
  </mem-info>
</gc-end>
<cycle-end id="554" type="partial gc" contextid="546" timestamp="2019-07-07T05:34:38.212" />
  <attribute name="elasticGC enabled" value="1" />
  <attribute name= "numThreadsSpecified" value="1" />
  <attribute name="heapSize specified" value="0" />
  <attribute name="Current GC Util" value="51" />
  <attribute name= "Current Time Running" value="7732" />
  <attribute name ="GC Interval" value="0" />
  <attribute name="ProportionalT" value="15.500000" />
  <attribute name="ProportionalI" value="15.500000" />
  <attribute name="ProportionalH" value="15.500000" />
  <attribute name="Current Error" value="31.000000" />
  <attribute name="IntegralT" value="0.000000" />
  <attribute name="IntegralI" value="0.000000" />
  <attribute name="IntegralH" value="0.000000" />
  <attribute name="DerivativeT" value="inf" />
  <attribute name="DerivativeI" value="inf" />
  <attribute name="DerivativeH" value="inf" />
  <attribute name="Loop Time for DT" value="0.000000" />
  <attribute name="Output H" value="8388608"/>
  <attribute name="Output I" value="200"/>
  <attribute name="Output T" value="1"/>
  <attribute name="Target GC Util Change" value ="20.000000" />
  <attribute name="Current GC Util Change" value="51.000000"/>
  <attribute name="GC Util currently" value="51" />
  <attribute name="CPU Util currently" value="20400545042806" />
<exclusive-end id="555" timestamp="2019-07-07T05:34:38.212" durationms="8.613" />

<exclusive-start id="556" timestamp="2019-07-07T05:34:38.376" intervalms="172.633">
  <response-info timems="0.141" idlems="0.141" threads="0" lastid="00000000020B9700" lastname="main" />
</exclusive-start>
<allocation-taxation id="557" taxation-threshold="24117248" timestamp="2019-07-07T05:34:38.377" intervalms="172.690" />
<cycle-start id="558" type="partial gc" contextid="0" timestamp="2019-07-07T05:34:38.377" intervalms="172.751" />
<gc-start id="559" type="partial gc" contextid="558" timestamp="2019-07-07T05:34:38.377">
  <mem-info id="560" free="5242880" total="70254592" percent="7">
    <mem type="eden" free="0" total="24117248" percent="0" />
    <arraylet-primitive objects="1" leaves="1" largest="1" />
    <remembered-set count="28640" freebytes="2857216" totalbytes="2971776" percent="96" regionsoverflowed="0" regionsstable="0" regionsrebuilding="0"/>
  </mem-info>
</gc-start>
<allocation-stats totalBytes="24094624" >
  <allocated-bytes non-tlh="0" tlh="24094624" arrayletleaf="0"/>
  <largest-consumer threadName="main" threadId="00000000020B9700" bytes="24090528" />
</allocation-stats>
<gc-op id="561" type="copy forward" timems="9.371" contextid="558" timestamp="2019-07-07T05:34:38.387">
  <memory-copied type="eden" objects="50021" bytes="1278608" bytesdiscarded="0" />
  <memory-copied type="other" objects="39712" bytes="1896308" bytesdiscarded="40" />
  <memory-cardclean objects="174" bytes="17616" />
  <regions eden="23" other="2" />
  <remembered-set-cleared processed="25658" cleared="2605" durationms="0.310" />
  <finalization candidates="1" enqueued="0" />
  <references type="soft" candidates="1" cleared="0" enqueued="0" dynamicThreshold="13" maxThreshold="32" />
  <references type="weak" candidates="48" cleared="0" enqueued="0" />
  <references type="phantom" candidates="2" cleared="0" enqueued="0" />
  <stringconstants candidates="13319" cleared="0"  />
</gc-op>
<gc-op id="562" type="classunload" timems="0.008" contextid="558" timestamp="2019-07-07T05:34:38.388">
  <classunload-info classloadercandidates="55" classloadersunloaded="0" classesunloaded="0" anonymousclassesunloaded="0" quiescems="0.000" setupms="0.008" scanms="0.000" postms="0.000" />
</gc-op>
<heap-resize id="563" type="contract" space="default" amount="3145728" count="1" timems="0.208" reason="insufficient time being spent in gc" timestamp="2019-07-07T05:34:38.388" />
<gc-end id="564" type="partial gc" contextid="558" durationms="11.021" usertimems="16.000" systemtimems="0.000" timestamp="2019-07-07T05:34:38.388" activeThreads="1">
  <mem-info id="565" free="24117248" total="67108864" percent="35">
    <mem type="eden" free="818544" total="2097152" percent="39" />
    <arraylet-primitive objects="1" leaves="1" largest="1" />
    <remembered-set count="30880" freebytes="2680832" totalbytes="2804352" percent="95" regionsoverflowed="0" regionsstable="0" regionsrebuilding="0"/>
  </mem-info>
</gc-end>
<cycle-end id="566" type="partial gc" contextid="558" timestamp="2019-07-07T05:34:38.388" />
  <attribute name="elasticGC enabled" value="1" />
  <attribute name= "numThreadsSpecified" value="1" />
  <attribute name="heapSize specified" value="0" />
  <attribute name="Current GC Util" value="44" />
  <attribute name= "Current Time Running" value="7905" />
  <attribute name ="GC Interval" value="0" />
  <attribute name="ProportionalT" value="12.000000" />
  <attribute name="ProportionalI" value="12.000000" />
  <attribute name="ProportionalH" value="12.000000" />
  <attribute name="Current Error" value="24.000000" />
  <attribute name="IntegralT" value="0.000000" />
  <attribute name="IntegralI" value="0.000000" />
  <attribute name="IntegralH" value="0.000000" />
  <attribute name="DerivativeT" value="inf" />
  <attribute name="DerivativeI" value="inf" />
  <attribute name="DerivativeH" value="inf" />
  <attribute name="Loop Time for DT" value="0.000000" />
  <attribute name="Output H" value="8388608"/>
  <attribute name="Output I" value="200"/>
  <attribute name="Output T" value="1"/>
  <attribute name="Target GC Util Change" value ="20.000000" />
  <attribute name="Current GC Util Change" value="44.000000"/>
  <attribute name="GC Util currently" value="44" />
  <attribute name="CPU Util currently" value="10431200756724" />
<exclusive-end id="567" timestamp="2019-07-07T05:34:38.388" durationms="12.122" />

<exclusive-start id="568" timestamp="2019-07-07T05:34:38.414" intervalms="37.268">
  <response-info timems="0.055" idlems="0.055" threads="0" lastid="00000000020B9700" lastname="main" />
</exclusive-start>
<allocation-taxation id="569" taxation-threshold="11534336" timestamp="2019-07-07T05:34:38.414" intervalms="37.323" />
<cycle-start id="570" type="global mark phase" contextid="0" timestamp="2019-07-07T05:34:38.414" intervalms="2442.558" />
<gc-start id="571" type="global mark phase" contextid="570" timestamp="2019-07-07T05:34:38.414">
  <mem-info id="572" free="12582912" total="67108864" percent="18">
    <remembered-set count="30432" freebytes="2682624" totalbytes="2804352" percent="95" regionsoverflowed="0" regionsstable="0" regionsrebuilding="0"/>
  </mem-info>
</gc-start>
<gc-op id="573" type="mark increment" timems="4.273" contextid="570" timestamp="2019-07-07T05:34:38.419">
  <trace-info objectcount="146462" scancount="118516" scanbytes="3747380" />
</gc-op>
<gc-end id="574" type="global mark phase" contextid="570" durationms="4.512" usertimems="12.000" systemtimems="0.000" timestamp="2019-07-07T05:34:38.419" activeThreads="4">
  <mem-info id="575" free="12582912" total="67108864" percent="18">
    <remembered-set count="30432" freebytes="2682624" totalbytes="2804352" percent="95" regionsoverflowed="0" regionsstable="0" regionsrebuilding="0"/>
  </mem-info>
</gc-end>
<concurrent-start id="576" type="GMP work packet processing" contextid="570" timestamp="2019-07-07T05:34:38.419">
  <concurrent-mark-start scanTarget="1297152" />
</concurrent-start>
<exclusive-end id="577" timestamp="2019-07-07T05:34:38.419" durationms="5.480" />

<concurrent-end id="578" type="GMP work packet processing" contextid="570" timestamp="2019-07-07T05:34:38.420">
  <concurrent-mark-end bytesScanned="1346912" reasonForTermination="Work target met" />
</concurrent-end>

<exclusive-start id="579" timestamp="2019-07-07T05:34:38.444" intervalms="30.623">
  <response-info timems="0.048" idlems="0.048" threads="0" lastid="00000000020B9700" lastname="main" />
</exclusive-start>
<allocation-taxation id="580" taxation-threshold="11534336" timestamp="2019-07-07T05:34:38.444" intervalms="30.528" />
<cycle-start id="581" type="partial gc" contextid="0" timestamp="2019-07-07T05:34:38.445" intervalms="67.849" />
<gc-start id="582" type="partial gc" contextid="581" timestamp="2019-07-07T05:34:38.445">
  <mem-info id="583" free="1048576" total="67108864" percent="1">
    <mem type="eden" free="0" total="23068672" percent="0" />
    <arraylet-primitive objects="1" leaves="1" largest="1" />
    <remembered-set count="30432" freebytes="2682624" totalbytes="2804352" percent="95" regionsoverflowed="0" regionsstable="0" regionsrebuilding="0"/>
  </mem-info>
</gc-start>
<allocation-stats totalBytes="23042152" >
  <allocated-bytes non-tlh="0" tlh="23042152" arrayletleaf="0"/>
  <largest-consumer threadName="main" threadId="00000000020B9700" bytes="11520832" />
</allocation-stats>
<gc-op id="584" type="copy forward" timems="12.595" contextid="581" timestamp="2019-07-07T05:34:38.459">
  <memory-copied type="eden" objects="46955" bytes="1160672" bytesdiscarded="8" />
  <memory-copied type="other" objects="55240" bytes="2324916" bytesdiscarded="56" />
  <memory-cardclean objects="18146" bytes="709528" />
  <regions eden="22" other="3" />
  <remembered-set-cleared processed="23016" cleared="6436" durationms="0.349" />
  <references type="soft" candidates="1" cleared="0" enqueued="0" dynamicThreshold="6" maxThreshold="32" />
  <references type="weak" candidates="48" cleared="0" enqueued="0" />
  <references type="phantom" candidates="2" cleared="0" enqueued="0" />
  <stringconstants candidates="13319" cleared="0"  />
  <heap-resize type="expand" space="default" amount="4194304" count="4" timems="0.223" reason="continue current collection" />
</gc-op>
<gc-op id="585" type="classunload" timems="0.006" contextid="581" timestamp="2019-07-07T05:34:38.459">
  <classunload-info classloadercandidates="55" classloadersunloaded="0" classesunloaded="0" anonymousclassesunloaded="0" quiescems="0.000" setupms="0.005" scanms="0.000" postms="0.000" />
</gc-op>
<gc-op id="586" type="compact" timems="1.254" contextid="581" timestamp="2019-07-07T05:34:38.460">
  <compact-info movecount="0" movebytes="0" />
  <remembered-set-cleared processed="52652" cleared="6436" durationms="0.349" />
</gc-op>
<gc-end id="587" type="partial gc" contextid="581" durationms="15.793" usertimems="12.000" systemtimems="4.000" timestamp="2019-07-07T05:34:38.461" activeThreads="4">
  <mem-info id="588" free="26214400" total="71303168" percent="36">
    <mem type="eden" free="936472" total="2097152" percent="44" />
    <arraylet-primitive objects="1" leaves="1" largest="1" />
    <remembered-set count="33024" freebytes="2714112" totalbytes="2846208" percent="95" regionsoverflowed="0" regionsstable="0" regionsrebuilding="0"/>
  </mem-info>
</gc-end>
<cycle-end id="589" type="partial gc" contextid="581" timestamp="2019-07-07T05:34:38.461" />
  <attribute name="elasticGC enabled" value="1" />
  <attribute name= "numThreadsSpecified" value="4" />
  <attribute name="heapSize specified" value="0" />
  <attribute name="Current GC Util" value="0" />
  <attribute name= "Current Time Running" value="7986" />
  <attribute name ="GC Interval" value="0" />
  <attribute name="ProportionalT" value="-10.000000" />
  <attribute name="ProportionalI" value="-10.000000" />
  <attribute name="ProportionalH" value="-10.000000" />
  <attribute name="Current Error" value="-20.000000" />
  <attribute name="IntegralT" value="-130.000000" />
  <attribute name="IntegralI" value="-130.000000" />
  <attribute name="IntegralH" value="-130.000000" />
  <attribute name="DerivativeT" value="-3.461538" />
  <attribute name="DerivativeI" value="-3.461538" />
  <attribute name="DerivativeH" value="-3.461538" />
  <attribute name="Loop Time for DT" value="13.000000" />
  <attribute name="Output H" value="2091843584"/>
  <attribute name="Output I" value="200"/>
  <attribute name="Output T" value="4"/>
  <attribute name="Target GC Util Change" value ="20.000000" />
  <attribute name="Current GC Util Change" value="0.000000"/>
  <attribute name="GC Util currently" value="0" />
  <attribute name="CPU Util currently" value="351782795982" />
<exclusive-end id="590" timestamp="2019-07-07T05:34:38.461" durationms="17.037" />

<exclusive-start id="591" timestamp="2019-07-07T05:34:38.489" intervalms="44.567">
  <response-info timems="0.085" idlems="0.085" threads="0" lastid="00000000020B9700" lastname="main" />
</exclusive-start>
<allocation-taxation id="592" taxation-threshold="11534336" timestamp="2019-07-07T05:34:38.489" intervalms="44.572" />
<gc-start id="593" type="global mark phase" contextid="570" timestamp="2019-07-07T05:34:38.489">
  <mem-info id="594" free="14680064" total="71303168" percent="20">
    <remembered-set count="33024" freebytes="2714112" totalbytes="2846208" percent="95" regionsoverflowed="0" regionsstable="0" regionsrebuilding="0"/>
  </mem-info>
</gc-start>
<gc-end id="595" type="global mark phase" contextid="570" durationms="0.219" usertimems="0.000" systemtimems="0.000" timestamp="2019-07-07T05:34:38.489" activeThreads="4">
  <mem-info id="596" free="14680064" total="71303168" percent="20">
    <remembered-set count="33024" freebytes="2714112" totalbytes="2846208" percent="95" regionsoverflowed="0" regionsstable="0" regionsrebuilding="0"/>
  </mem-info>
</gc-end>
<concurrent-start id="597" type="GMP work packet processing" contextid="570" timestamp="2019-07-07T05:34:38.490">
  <concurrent-mark-start scanTarget="1297152" />
</concurrent-start>
<exclusive-end id="598" timestamp="2019-07-07T05:34:38.490" durationms="0.940" />

<concurrent-end id="599" type="GMP work packet processing" contextid="570" timestamp="2019-07-07T05:34:38.490">
  <concurrent-mark-end bytesScanned="413980" reasonForTermination="Completed all work in GC phase" />
</concurrent-end>

<exclusive-start id="600" timestamp="2019-07-07T05:34:38.517" intervalms="28.387">
  <response-info timems="0.076" idlems="0.076" threads="0" lastid="00000000020B9700" lastname="main" />
</exclusive-start>
<allocation-taxation id="601" taxation-threshold="11534336" timestamp="2019-07-07T05:34:38.517" intervalms="28.303" />
<cycle-start id="602" type="partial gc" contextid="0" timestamp="2019-07-07T05:34:38.517" intervalms="72.834" />
<gc-start id="603" type="partial gc" contextid="602" timestamp="2019-07-07T05:34:38.518">
  <mem-info id="604" free="3145728" total="71303168" percent="4">
    <mem type="eden" free="0" total="23068672" percent="0" />
    <arraylet-primitive objects="1" leaves="1" largest="1" />
    <remembered-set count="33024" freebytes="2714112" totalbytes="2846208" percent="95" regionsoverflowed="0" regionsstable="0" regionsrebuilding="0"/>
  </mem-info>
</gc-start>
<allocation-stats totalBytes="23044640" >
  <allocated-bytes non-tlh="131088" tlh="22913552" arrayletleaf="0"/>
  <largest-consumer threadName="main" threadId="00000000020B9700" bytes="11521760" />
</allocation-stats>
<gc-op id="605" type="copy forward" timems="4.554" contextid="602" timestamp="2019-07-07T05:34:38.523">
  <memory-copied type="eden" objects="50160" bytes="1364288" bytesdiscarded="36752" />
  <memory-copied type="other" objects="81008" bytes="1999712" bytesdiscarded="77984" />
  <memory-cardclean objects="5677" bytes="238816" />
  <regions eden="22" other="3" />
  <remembered-set-cleared processed="29329" cleared="4490" durationms="0.162" />
  <finalization candidates="1" enqueued="0" />
  <references type="soft" candidates="1" cleared="0" enqueued="0" dynamicThreshold="6" maxThreshold="32" />
  <references type="weak" candidates="48" cleared="0" enqueued="0" />
  <references type="phantom" candidates="2" cleared="0" enqueued="0" />
  <stringconstants candidates="13319" cleared="0"  />
  <heap-resize type="expand" space="default" amount="2097152" count="2" timems="0.125" reason="continue current collection" />
</gc-op>
<gc-op id="606" type="classunload" timems="0.005" contextid="602" timestamp="2019-07-07T05:34:38.523">
  <classunload-info classloadercandidates="55" classloadersunloaded="0" classesunloaded="0" anonymousclassesunloaded="0" quiescems="0.000" setupms="0.005" scanms="0.000" postms="0.000" />
</gc-op>
<heap-resize id="607" type="expand" space="default" amount="12582912" count="1" timems="0.122" reason="excessive time being spent in gc" timestamp="2019-07-07T05:34:38.524" />
<gc-end id="608" type="partial gc" contextid="602" durationms="5.960" usertimems="16.000" systemtimems="0.000" timestamp="2019-07-07T05:34:38.524" activeThreads="4">
  <mem-info id="609" free="38797312" total="85983232" percent="45">
    <mem type="eden" free="696112" total="2097152" percent="33" />
    <arraylet-primitive objects="1" leaves="1" largest="1" />
    <remembered-set count="36928" freebytes="3284480" totalbytes="3432192" percent="95" regionsoverflowed="0" regionsstable="0" regionsrebuilding="0"/>
  </mem-info>
</gc-end>
<cycle-end id="610" type="partial gc" contextid="602" timestamp="2019-07-07T05:34:38.524" />
  <attribute name="elasticGC enabled" value="1" />
  <attribute name= "numThreadsSpecified" value="4" />
  <attribute name="heapSize specified" value="0" />
  <attribute name="Current GC Util" value="93" />
  <attribute name= "Current Time Running" value="8046" />
  <attribute name ="GC Interval" value="0" />
  <attribute name="ProportionalT" value="36.500000" />
  <attribute name="ProportionalI" value="36.500000" />
  <attribute name="ProportionalH" value="36.500000" />
  <attribute name="Current Error" value="73.000000" />
  <attribute name="IntegralT" value="36.500000" />
  <attribute name="IntegralI" value="36.500000" />
  <attribute name="IntegralH" value="36.500000" />
  <attribute name="DerivativeT" value="73.000000" />
  <attribute name="DerivativeI" value="73.000000" />
  <attribute name="DerivativeH" value="73.000000" />
  <attribute name="Loop Time for DT" value="1.000000" />
  <attribute name="Output H" value="8388608"/>
  <attribute name="Output I" value="200"/>
  <attribute name="Output T" value="4"/>
  <attribute name="Target GC Util Change" value ="20.000000" />
  <attribute name="Current GC Util Change" value="93.000000"/>
  <attribute name="GC Util currently" value="93" />
  <attribute name="CPU Util currently" value="17351451043362" />
<exclusive-end id="611" timestamp="2019-07-07T05:34:38.524" durationms="6.879" />

<exclusive-start id="612" timestamp="2019-07-07T05:34:38.553" intervalms="35.451">
  <response-info timems="0.080" idlems="0.080" threads="0" lastid="00000000020B9700" lastname="main" />
</exclusive-start>
<allocation-taxation id="613" taxation-threshold="13631488" timestamp="2019-07-07T05:34:38.553" intervalms="35.527" />
<gc-start id="614" type="global mark phase" contextid="570" timestamp="2019-07-07T05:34:38.553">
  <mem-info id="615" free="25165824" total="85983232" percent="29">
    <remembered-set count="36800" freebytes="3284992" totalbytes="3432192" percent="95" regionsoverflowed="0" regionsstable="0" regionsrebuilding="0"/>
  </mem-info>
</gc-start>
<gc-op id="616" type="mark increment" timems="3.302" contextid="570" timestamp="2019-07-07T05:34:38.556">
  <trace-info objectcount="99014" scancount="84316" scanbytes="2239532" />
  <cardclean-info objects="43184" bytes="1398260" />
  <finalization candidates="80" enqueued="0" />
  <ownableSynchronizers candidates="23" cleared="0" />
  <references type="soft" candidates="2716" cleared="0" enqueued="0" dynamicThreshold="14" maxThreshold="32" />
  <references type="weak" candidates="5522" cleared="24" enqueued="24" />
  <references type="phantom" candidates="105" cleared="3" enqueued="3" />
  <stringconstants candidates="13319" cleared="12"  />
</gc-op>
<gc-op id="617" type="classunload" timems="0.006" contextid="570" timestamp="2019-07-07T05:34:38.557">
  <classunload-info classloadercandidates="55" classloadersunloaded="0" classesunloaded="0" anonymousclassesunloaded="0" quiescems="0.000" setupms="0.006" scanms="0.000" postms="0.000" />
</gc-op>
<gc-end id="618" type="global mark phase" contextid="570" durationms="3.706" usertimems="12.000" systemtimems="0.000" timestamp="2019-07-07T05:34:38.557" activeThreads="4">
  <mem-info id="619" free="25165824" total="85983232" percent="29">
    <pending-finalizers system="0" default="0" reference="27" classloader="0" />
    <remembered-set count="36800" freebytes="3284992" totalbytes="3432192" percent="95" regionsoverflowed="0" regionsstable="0" regionsrebuilding="0"/>
  </mem-info>
</gc-end>
<cycle-end id="620" type="global mark phase" contextid="570" timestamp="2019-07-07T05:34:38.557" />
  <attribute name="elasticGC enabled" value="1" />
  <attribute name= "numThreadsSpecified" value="4" />
  <attribute name="heapSize specified" value="0" />
  <attribute name="Current GC Util" value="246" />
  <attribute name= "Current Time Running" value="8083" />
  <attribute name ="GC Interval" value="0" />
  <attribute name="ProportionalT" value="113.000000" />
  <attribute name="ProportionalI" value="113.000000" />
  <attribute name="ProportionalH" value="113.000000" />
  <attribute name="Current Error" value="226.000000" />
  <attribute name="IntegralT" value="226.000000" />
  <attribute name="IntegralI" value="226.000000" />
  <attribute name="IntegralH" value="226.000000" />
  <attribute name="DerivativeT" value="5.000000" />
  <attribute name="DerivativeI" value="5.000000" />
  <attribute name="DerivativeH" value="5.000000" />
  <attribute name="Loop Time for DT" value="2.000000" />
  <attribute name="Output H" value="8388608"/>
  <attribute name="Output I" value="344"/>
  <attribute name="Output T" value="4"/>
  <attribute name="Target GC Util Change" value ="20.000000" />
  <attribute name="Current GC Util Change" value="246.000000"/>
  <attribute name="GC Util currently" value="246" />
  <attribute name="CPU Util currently" value="3652247813179" />
<exclusive-end id="621" timestamp="2019-07-07T05:34:38.557" durationms="4.382" />

<exclusive-start id="622" timestamp="2019-07-07T05:34:38.588" intervalms="35.086">
  <response-info timems="0.091" idlems="0.091" threads="0" lastid="00000000020B9700" lastname="main" />
</exclusive-start>
<allocation-taxation id="623" taxation-threshold="13631488" timestamp="2019-07-07T05:34:38.588" intervalms="35.076" />
<cycle-start id="624" type="partial gc" contextid="0" timestamp="2019-07-07T05:34:38.588" intervalms="70.698" />
<gc-start id="625" type="partial gc" contextid="624" timestamp="2019-07-07T05:34:38.588">
  <mem-info id="626" free="11534336" total="85983232" percent="13">
    <mem type="eden" free="0" total="27262976" percent="0" />
    <arraylet-primitive objects="1" leaves="1" largest="1" />
    <remembered-set count="36800" freebytes="3284992" totalbytes="3432192" percent="95" regionsoverflowed="0" regionsstable="0" regionsrebuilding="0"/>
  </mem-info>
</gc-start>
<allocation-stats totalBytes="27235000" >
  <allocated-bytes non-tlh="0" tlh="27235000" arrayletleaf="0"/>
  <largest-consumer threadName="main" threadId="00000000020B9700" bytes="13615600" />
</allocation-stats>
<gc-op id="627" type="sweep" timems="0.664" contextid="624" timestamp="2019-07-07T05:34:38.590" />
<gc-op id="628" type="copy forward" timems="11.109" contextid="624" timestamp="2019-07-07T05:34:38.601">
  <memory-copied type="eden" objects="28495" bytes="700456" bytesdiscarded="0" />
  <memory-copied type="other" objects="77554" bytes="2041128" bytesdiscarded="32" />
  <memory-cardclean objects="6397" bytes="239256" />
  <regions eden="13" other="16" />
  <remembered-set-cleared processed="32659" cleared="7427" durationms="0.404" />
  <stringconstants candidates="13307" cleared="0"  />
</gc-op>
<gc-op id="629" type="classunload" timems="0.006" contextid="624" timestamp="2019-07-07T05:34:38.601">
  <classunload-info classloadercandidates="55" classloadersunloaded="0" classesunloaded="0" anonymousclassesunloaded="0" quiescems="0.000" setupms="0.006" scanms="0.000" postms="0.000" />
</gc-op>
<gc-end id="630" type="partial gc" contextid="624" durationms="13.316" usertimems="12.000" systemtimems="0.000" timestamp="2019-07-07T05:34:38.602" activeThreads="1">
  <mem-info id="631" free="38797312" total="85983232" percent="45">
    <mem type="eden" free="719504" total="2097152" percent="34" />
    <arraylet-primitive objects="1" leaves="1" largest="1" />
    <remembered-set count="35360" freebytes="3290752" totalbytes="3432192" percent="95" regionsoverflowed="0" regionsstable="0" regionsrebuilding="0"/>
  </mem-info>
</gc-end>
<cycle-end id="632" type="partial gc" contextid="624" timestamp="2019-07-07T05:34:38.602" />
  <attribute name="elasticGC enabled" value="1" />
  <attribute name= "numThreadsSpecified" value="1" />
  <attribute name="heapSize specified" value="0" />
  <attribute name="Current GC Util" value="70" />
  <attribute name= "Current Time Running" value="8117" />
  <attribute name ="GC Interval" value="0" />
  <attribute name="ProportionalT" value="25.000000" />
  <attribute name="ProportionalI" value="25.000000" />
  <attribute name="ProportionalH" value="25.000000" />
  <attribute name="Current Error" value="50.000000" />
  <attribute name="IntegralT" value="0.000000" />
  <attribute name="IntegralI" value="0.000000" />
  <attribute name="IntegralH" value="0.000000" />
  <attribute name="DerivativeT" value="inf" />
  <attribute name="DerivativeI" value="inf" />
  <attribute name="DerivativeH" value="inf" />
  <attribute name="Loop Time for DT" value="0.000000" />
  <attribute name="Output H" value="8388608"/>
  <attribute name="Output I" value="200"/>
  <attribute name="Output T" value="1"/>
  <attribute name="Target GC Util Change" value ="20.000000" />
  <attribute name="Current GC Util Change" value="70.000000"/>
  <attribute name="GC Util currently" value="70" />
  <attribute name="CPU Util currently" value="19549740388019" />
<exclusive-end id="633" timestamp="2019-07-07T05:34:38.602" durationms="14.641" />

<exclusive-start id="634" timestamp="2019-07-07T05:34:38.660" intervalms="72.558">
  <response-info timems="0.125" idlems="0.125" threads="0" lastid="00000000020B9700" lastname="main" />
</exclusive-start>
<allocation-taxation id="635" taxation-threshold="28311552" timestamp="2019-07-07T05:34:38.660" intervalms="72.598" />
<cycle-start id="636" type="partial gc" contextid="0" timestamp="2019-07-07T05:34:38.661" intervalms="72.587" />
<gc-start id="637" type="partial gc" contextid="636" timestamp="2019-07-07T05:34:38.661">
  <mem-info id="638" free="10485760" total="85983232" percent="12">
    <mem type="eden" free="0" total="28311552" percent="0" />
    <arraylet-primitive objects="1" leaves="1" largest="1" />
    <remembered-set count="34976" freebytes="3292288" totalbytes="3432192" percent="95" regionsoverflowed="0" regionsstable="0" regionsrebuilding="0"/>
  </mem-info>
</gc-start>
<allocation-stats totalBytes="28290224" >
  <allocated-bytes non-tlh="0" tlh="28290224" arrayletleaf="0"/>
  <largest-consumer threadName="main" threadId="00000000020B9700" bytes="28290224" />
</allocation-stats>
<gc-op id="639" type="copy forward" timems="13.719" contextid="636" timestamp="2019-07-07T05:34:38.676">
  <memory-copied type="eden" objects="56943" bytes="1383336" bytesdiscarded="24" />
  <memory-copied type="other" objects="61174" bytes="1620520" bytesdiscarded="0" />
  <memory-cardclean objects="15193" bytes="629920" />
  <regions eden="27" other="10" />
  <remembered-set-cleared processed="30261" cleared="9636" durationms="0.394" />
  <references type="soft" candidates="109" cleared="0" enqueued="0" dynamicThreshold="14" maxThreshold="32" />
  <references type="weak" candidates="320" cleared="0" enqueued="0" />
  <stringconstants candidates="13307" cleared="0"  />
</gc-op>
<gc-op id="640" type="classunload" timems="0.007" contextid="636" timestamp="2019-07-07T05:34:38.676">
  <classunload-info classloadercandidates="55" classloadersunloaded="0" classesunloaded="0" anonymousclassesunloaded="0" quiescems="0.000" setupms="0.007" scanms="0.000" postms="0.000" />
</gc-op>
<heap-resize id="641" type="expand" space="default" amount="14680064" count="1" timems="0.139" reason="excessive time being spent in gc" timestamp="2019-07-07T05:34:38.676" />
<gc-end id="642" type="partial gc" contextid="636" durationms="15.146" usertimems="12.000" systemtimems="4.000" timestamp="2019-07-07T05:34:38.676" activeThreads="1">
  <mem-info id="643" free="56623104" total="100663296" percent="56">
    <mem type="eden" free="713792" total="2097152" percent="34" />
    <arraylet-primitive objects="1" leaves="1" largest="1" />
    <remembered-set count="37088" freebytes="3869824" totalbytes="4018176" percent="96" regionsoverflowed="0" regionsstable="0" regionsrebuilding="0"/>
  </mem-info>
</gc-end>
<cycle-end id="644" type="partial gc" contextid="636" timestamp="2019-07-07T05:34:38.676" />
  <attribute name="elasticGC enabled" value="1" />
  <attribute name= "numThreadsSpecified" value="1" />
  <attribute name="heapSize specified" value="0" />
  <attribute name="Current GC Util" value="76" />
  <attribute name= "Current Time Running" value="8189" />
  <attribute name ="GC Interval" value="0" />
  <attribute name="ProportionalT" value="28.000000" />
  <attribute name="ProportionalI" value="28.000000" />
  <attribute name="ProportionalH" value="28.000000" />
  <attribute name="Current Error" value="56.000000" />
  <attribute name="IntegralT" value="0.000000" />
  <attribute name="IntegralI" value="0.000000" />
  <attribute name="IntegralH" value="0.000000" />
  <attribute name="DerivativeT" value="inf" />
  <attribute name="DerivativeI" value="inf" />
  <attribute name="DerivativeH" value="inf" />
  <attribute name="Loop Time for DT" value="0.000000" />
  <attribute name="Output H" value="8388608"/>
  <attribute name="Output I" value="200"/>
  <attribute name="Output T" value="1"/>
  <attribute name="Target GC Util Change" value ="20.000000" />
  <attribute name="Current GC Util Change" value="76.000000"/>
  <attribute name="GC Util currently" value="76" />
  <attribute name="CPU Util currently" value="18736104430841" />
<exclusive-end id="645" timestamp="2019-07-07T05:34:38.676" durationms="16.212" />

<exclusive-start id="646" timestamp="2019-07-07T05:34:38.750" intervalms="89.765">
  <response-info timems="0.088" idlems="0.088" threads="0" lastid="00000000020B9700" lastname="main" />
</exclusive-start>
<allocation-taxation id="647" taxation-threshold="31457280" timestamp="2019-07-07T05:34:38.750" intervalms="89.743" />
<cycle-start id="648" type="partial gc" contextid="0" timestamp="2019-07-07T05:34:38.750" intervalms="89.754" />
<gc-start id="649" type="partial gc" contextid="648" timestamp="2019-07-07T05:34:38.751">
  <mem-info id="650" free="25165824" total="100663296" percent="25">
    <mem type="eden" free="0" total="31457280" percent="0" />
    <arraylet-primitive objects="1" leaves="1" largest="1" />
    <remembered-set count="36672" freebytes="3871488" totalbytes="4018176" percent="96" regionsoverflowed="0" regionsstable="0" regionsrebuilding="0"/>
  </mem-info>
</gc-start>
<allocation-stats totalBytes="31427392" >
  <allocated-bytes non-tlh="262160" tlh="31165232" arrayletleaf="0"/>
  <largest-consumer threadName="main" threadId="00000000020B9700" bytes="31427392" />
</allocation-stats>
<gc-op id="651" type="copy forward" timems="13.914" contextid="648" timestamp="2019-07-07T05:34:38.766">
  <memory-copied type="eden" objects="66732" bytes="1946312" bytesdiscarded="0" />
  <memory-copied type="other" objects="64016" bytes="1653992" bytesdiscarded="408" />
  <memory-cardclean objects="15459" bytes="599320" />
  <regions eden="30" other="6" />
  <remembered-set-cleared processed="31569" cleared="7867" durationms="0.409" />
  <references type="soft" candidates="57" cleared="0" enqueued="0" dynamicThreshold="18" maxThreshold="32" />
  <references type="weak" candidates="720" cleared="0" enqueued="0" />
  <stringconstants candidates="13307" cleared="0"  />
</gc-op>
<gc-op id="652" type="classunload" timems="0.006" contextid="648" timestamp="2019-07-07T05:34:38.766">
  <classunload-info classloadercandidates="55" classloadersunloaded="0" classesunloaded="0" anonymousclassesunloaded="0" quiescems="0.000" setupms="0.006" scanms="0.000" postms="0.000" />
</gc-op>
<heap-resize id="653" type="expand" space="default" amount="9437184" count="1" timems="0.114" reason="excessive time being spent in gc" timestamp="2019-07-07T05:34:38.766" />
<gc-end id="654" type="partial gc" contextid="648" durationms="15.624" usertimems="16.000" systemtimems="0.000" timestamp="2019-07-07T05:34:38.766" activeThreads="1">
  <mem-info id="655" free="66060288" total="110100480" percent="60">
    <mem type="eden" free="150840" total="2097152" percent="7" />
    <arraylet-primitive objects="1" leaves="1" largest="1" />
    <remembered-set count="40576" freebytes="4232576" totalbytes="4394880" percent="96" regionsoverflowed="0" regionsstable="0" regionsrebuilding="0"/>
  </mem-info>
</gc-end>
<cycle-end id="656" type="partial gc" contextid="648" timestamp="2019-07-07T05:34:38.767" />
  <attribute name="elasticGC enabled" value="1" />
  <attribute name= "numThreadsSpecified" value="1" />
  <attribute name="heapSize specified" value="0" />
  <attribute name="Current GC Util" value="66" />
  <attribute name= "Current Time Running" value="8279" />
  <attribute name ="GC Interval" value="0" />
  <attribute name="ProportionalT" value="23.000000" />
  <attribute name="ProportionalI" value="23.000000" />
  <attribute name="ProportionalH" value="23.000000" />
  <attribute name="Current Error" value="46.000000" />
  <attribute name="IntegralT" value="0.000000" />
  <attribute name="IntegralI" value="0.000000" />
  <attribute name="IntegralH" value="0.000000" />
  <attribute name="DerivativeT" value="inf" />
  <attribute name="DerivativeI" value="inf" />
  <attribute name="DerivativeH" value="inf" />
  <attribute name="Loop Time for DT" value="0.000000" />
  <attribute name="Output H" value="8388608"/>
  <attribute name="Output I" value="200"/>
  <attribute name="Output T" value="1"/>
  <attribute name="Target GC Util Change" value ="20.000000" />
  <attribute name="Current GC Util Change" value="66.000000"/>
  <attribute name="GC Util currently" value="66" />
  <attribute name="CPU Util currently" value="13983874415899" />
<exclusive-end id="657" timestamp="2019-07-07T05:34:38.767" durationms="16.966" />

<exclusive-start id="658" timestamp="2019-07-07T05:34:38.873" intervalms="123.230">
  <response-info timems="0.112" idlems="0.112" threads="0" lastid="00000000020B9700" lastname="main" />
</exclusive-start>
<allocation-taxation id="659" taxation-threshold="33554432" timestamp="2019-07-07T05:34:38.873" intervalms="123.232" />
<cycle-start id="660" type="partial gc" contextid="0" timestamp="2019-07-07T05:34:38.874" intervalms="123.146" />
<gc-start id="661" type="partial gc" contextid="660" timestamp="2019-07-07T05:34:38.874">
  <mem-info id="662" free="32505856" total="110100480" percent="29">
    <mem type="eden" free="0" total="33554432" percent="0" />
    <arraylet-primitive objects="2" leaves="2" largest="1" />
    <remembered-set count="40320" freebytes="4233600" totalbytes="4394880" percent="96" regionsoverflowed="0" regionsstable="0" regionsrebuilding="0"/>
  </mem-info>
</gc-start>
<allocation-stats totalBytes="33528408" >
  <allocated-bytes non-tlh="760960" tlh="31718872" arrayletleaf="1048576"/>
  <largest-consumer threadName="main" threadId="00000000020B9700" bytes="33528408" />
</allocation-stats>
<gc-op id="663" type="copy forward" timems="15.874" contextid="660" timestamp="2019-07-07T05:34:38.891">
  <memory-copied type="eden" objects="70231" bytes="1880604" bytesdiscarded="16" />
  <memory-copied type="other" objects="74453" bytes="2223264" bytesdiscarded="120" />
  <memory-cardclean objects="29904" bytes="1136776" />
  <regions eden="31" other="6" />
  <remembered-set-cleared processed="33909" cleared="12077" durationms="0.391" />
  <finalization candidates="1" enqueued="1" />
  <references type="soft" candidates="335" cleared="0" enqueued="0" dynamicThreshold="19" maxThreshold="32" />
  <references type="weak" candidates="428" cleared="0" enqueued="0" />
  <stringconstants candidates="13307" cleared="0"  />
</gc-op>
<gc-op id="664" type="classunload" timems="0.007" contextid="660" timestamp="2019-07-07T05:34:38.891">
  <classunload-info classloadercandidates="55" classloadersunloaded="0" classesunloaded="0" anonymousclassesunloaded="0" quiescems="0.000" setupms="0.007" scanms="0.000" postms="0.000" />
</gc-op>
<heap-resize id="665" type="expand" space="default" amount="3145728" count="1" timems="0.076" reason="excessive time being spent in gc" timestamp="2019-07-07T05:34:38.891" />
<gc-end id="666" type="partial gc" contextid="660" durationms="17.454" usertimems="12.000" systemtimems="4.000" timestamp="2019-07-07T05:34:38.891" activeThreads="1">
  <mem-info id="667" free="68157440" total="113246208" percent="60">
    <mem type="eden" free="216504" total="3145728" percent="6" />
    <arraylet-primitive objects="2" leaves="2" largest="1" />
    <pending-finalizers system="0" default="1" reference="0" classloader="0" />
    <remembered-set count="45216" freebytes="4339584" totalbytes="4520448" percent="95" regionsoverflowed="0" regionsstable="0" regionsrebuilding="0"/>
  </mem-info>
</gc-end>
<cycle-end id="668" type="partial gc" contextid="660" timestamp="2019-07-07T05:34:38.892" />
  <attribute name="elasticGC enabled" value="1" />
  <attribute name= "numThreadsSpecified" value="1" />
  <attribute name="heapSize specified" value="0" />
  <attribute name="Current GC Util" value="65" />
  <attribute name= "Current Time Running" value="8402" />
  <attribute name ="GC Interval" value="0" />
  <attribute name="ProportionalT" value="22.500000" />
  <attribute name="ProportionalI" value="22.500000" />
  <attribute name="ProportionalH" value="22.500000" />
  <attribute name="Current Error" value="45.000000" />
  <attribute name="IntegralT" value="0.000000" />
  <attribute name="IntegralI" value="0.000000" />
  <attribute name="IntegralH" value="0.000000" />
  <attribute name="DerivativeT" value="inf" />
  <attribute name="DerivativeI" value="inf" />
  <attribute name="DerivativeH" value="inf" />
  <attribute name="Loop Time for DT" value="0.000000" />
  <attribute name="Output H" value="8388608"/>
  <attribute name="Output I" value="200"/>
  <attribute name="Output T" value="1"/>
  <attribute name="Target GC Util Change" value ="20.000000" />
  <attribute name="Current GC Util Change" value="65.000000"/>
  <attribute name="GC Util currently" value="65" />
  <attribute name="CPU Util currently" value="14232237062918" />
<exclusive-end id="669" timestamp="2019-07-07T05:34:38.892" durationms="18.751" />

<exclusive-start id="670" timestamp="2019-07-07T05:34:39.058" intervalms="184.672">
  <response-info timems="0.073" idlems="0.073" threads="0" lastid="00000000020B9700" lastname="main" />
</exclusive-start>
<allocation-taxation id="671" taxation-threshold="34603008" timestamp="2019-07-07T05:34:39.058" intervalms="184.646" />
<cycle-start id="672" type="partial gc" contextid="0" timestamp="2019-07-07T05:34:39.058" intervalms="184.637" />
<gc-start id="673" type="partial gc" contextid="672" timestamp="2019-07-07T05:34:39.059">
  <mem-info id="674" free="33554432" total="113246208" percent="29">
    <mem type="eden" free="0" total="34603008" percent="0" />
    <arraylet-primitive objects="2" leaves="2" largest="1" />
    <remembered-set count="44768" freebytes="4341376" totalbytes="4520448" percent="96" regionsoverflowed="0" regionsstable="0" regionsrebuilding="0"/>
  </mem-info>
</gc-start>
<allocation-stats totalBytes="34599416" >
  <allocated-bytes non-tlh="214920" tlh="34384496" arrayletleaf="0"/>
  <largest-consumer threadName="main" threadId="00000000020B9700" bytes="34599416" />
</allocation-stats>
<gc-op id="675" type="copy forward" timems="6.490" contextid="672" timestamp="2019-07-07T05:34:39.066">
  <memory-copied type="eden" objects="62424" bytes="1589232" bytesdiscarded="140784" />
  <memory-copied type="other" objects="107478" bytes="2979824" bytesdiscarded="132304" />
  <memory-cardclean objects="21444" bytes="768840" />
  <regions eden="33" other="6" />
  <remembered-set-cleared processed="38995" cleared="11622" durationms="0.181" />
  <references type="soft" candidates="2370" cleared="0" enqueued="0" dynamicThreshold="19" maxThreshold="32" />
  <references type="weak" candidates="443" cleared="0" enqueued="0" />
  <references type="phantom" candidates="1" cleared="0" enqueued="0" />
  <stringconstants candidates="13766" cleared="5"  />
</gc-op>
<gc-op id="676" type="classunload" timems="0.007" contextid="672" timestamp="2019-07-07T05:34:39.066">
  <classunload-info classloadercandidates="55" classloadersunloaded="0" classesunloaded="0" anonymousclassesunloaded="0" quiescems="0.000" setupms="0.006" scanms="0.000" postms="0.000" />
</gc-op>
<gc-end id="677" type="partial gc" contextid="672" durationms="7.685" usertimems="16.000" systemtimems="4.000" timestamp="2019-07-07T05:34:39.066" activeThreads="4">
  <mem-info id="678" free="68157440" total="113246208" percent="60">
    <mem type="eden" free="367096" total="2097152" percent="17" />
    <arraylet-primitive objects="1" leaves="1" largest="1" />
    <remembered-set count="48448" freebytes="4326656" totalbytes="4520448" percent="95" regionsoverflowed="0" regionsstable="0" regionsrebuilding="0"/>
  </mem-info>
</gc-end>
<cycle-end id="679" type="partial gc" contextid="672" timestamp="2019-07-07T05:34:39.066" />
  <attribute name="elasticGC enabled" value="1" />
  <attribute name= "numThreadsSpecified" value="4" />
  <attribute name="heapSize specified" value="0" />
  <attribute name="Current GC Util" value="62" />
  <attribute name= "Current Time Running" value="8587" />
  <attribute name ="GC Interval" value="0" />
  <attribute name="ProportionalT" value="21.000000" />
  <attribute name="ProportionalI" value="21.000000" />
  <attribute name="ProportionalH" value="21.000000" />
  <attribute name="Current Error" value="42.000000" />
  <attribute name="IntegralT" value="21.000000" />
  <attribute name="IntegralI" value="21.000000" />
  <attribute name="IntegralH" value="21.000000" />
  <attribute name="DerivativeT" value="42.000000" />
  <attribute name="DerivativeI" value="42.000000" />
  <attribute name="DerivativeH" value="42.000000" />
  <attribute name="Loop Time for DT" value="1.000000" />
  <attribute name="Output H" value="8388608"/>
  <attribute name="Output I" value="200"/>
  <attribute name="Output T" value="4"/>
  <attribute name="Target GC Util Change" value ="20.000000" />
  <attribute name="Current GC Util Change" value="62.000000"/>
  <attribute name="GC Util currently" value="62" />
  <attribute name="CPU Util currently" value="15807141143861" />
<exclusive-end id="680" timestamp="2019-07-07T05:34:39.067" durationms="8.808" />

<exclusive-start id="681" timestamp="2019-07-07T05:34:39.231" intervalms="173.464">
  <response-info timems="0.051" idlems="0.051" threads="0" lastid="00000000020B9700" lastname="main" />
</exclusive-start>
<allocation-taxation id="682" taxation-threshold="34603008" timestamp="2019-07-07T05:34:39.232" intervalms="173.529" />
<cycle-start id="683" type="partial gc" contextid="0" timestamp="2019-07-07T05:34:39.232" intervalms="173.479" />
<gc-start id="684" type="partial gc" contextid="683" timestamp="2019-07-07T05:34:39.232">
  <mem-info id="685" free="33554432" total="113246208" percent="29">
    <mem type="eden" free="0" total="34603008" percent="0" />
    <arraylet-primitive objects="1" leaves="1" largest="1" />
    <remembered-set count="48352" freebytes="4327040" totalbytes="4520448" percent="95" regionsoverflowed="0" regionsstable="0" regionsrebuilding="0"/>
  </mem-info>
</gc-start>
<allocation-stats totalBytes="34599288" >
  <allocated-bytes non-tlh="0" tlh="34599288" arrayletleaf="0"/>
  <largest-consumer threadName="main" threadId="00000000020B9700" bytes="34599288" />
</allocation-stats>
<gc-op id="686" type="copy forward" timems="10.647" contextid="683" timestamp="2019-07-07T05:34:39.244">
  <memory-copied type="eden" objects="28" bytes="880" bytesdiscarded="0" />
  <memory-copied type="other" objects="108503" bytes="2821096" bytesdiscarded="648" />
  <memory-cardclean objects="11016" bytes="573192" />
  <regions eden="33" other="6" />
  <remembered-set-cleared processed="43129" cleared="9053" durationms="0.480" />
  <references type="soft" candidates="2189" cleared="0" enqueued="0" dynamicThreshold="19" maxThreshold="32" />
  <references type="weak" candidates="485" cleared="0" enqueued="0" />
  <stringconstants candidates="13761" cleared="0"  />
</gc-op>
<gc-op id="687" type="classunload" timems="0.006" contextid="683" timestamp="2019-07-07T05:34:39.244">
  <classunload-info classloadercandidates="55" classloadersunloaded="0" classesunloaded="0" anonymousclassesunloaded="0" quiescems="0.000" setupms="0.006" scanms="0.000" postms="0.000" />
</gc-op>
<gc-end id="688" type="partial gc" contextid="683" durationms="11.910" usertimems="12.000" systemtimems="4.000" timestamp="2019-07-07T05:34:39.244" activeThreads="1">
  <mem-info id="689" free="68157440" total="113246208" percent="60">
    <mem type="eden" free="1047696" total="1048576" percent="99" />
    <arraylet-primitive objects="1" leaves="1" largest="1" />
    <remembered-set count="47840" freebytes="4329088" totalbytes="4520448" percent="95" regionsoverflowed="0" regionsstable="0" regionsrebuilding="0"/>
  </mem-info>
</gc-end>
<cycle-end id="690" type="partial gc" contextid="683" timestamp="2019-07-07T05:34:39.244" />
  <attribute name="elasticGC enabled" value="1" />
  <attribute name= "numThreadsSpecified" value="1" />
  <attribute name="heapSize specified" value="0" />
  <attribute name="Current GC Util" value="59" />
  <attribute name= "Current Time Running" value="8760" />
  <attribute name ="GC Interval" value="0" />
  <attribute name="ProportionalT" value="19.500000" />
  <attribute name="ProportionalI" value="19.500000" />
  <attribute name="ProportionalH" value="19.500000" />
  <attribute name="Current Error" value="39.000000" />
  <attribute name="IntegralT" value="0.000000" />
  <attribute name="IntegralI" value="0.000000" />
  <attribute name="IntegralH" value="0.000000" />
  <attribute name="DerivativeT" value="inf" />
  <attribute name="DerivativeI" value="inf" />
  <attribute name="DerivativeH" value="inf" />
  <attribute name="Loop Time for DT" value="0.000000" />
  <attribute name="Output H" value="8388608"/>
  <attribute name="Output I" value="200"/>
  <attribute name="Output T" value="1"/>
  <attribute name="Target GC Util Change" value ="20.000000" />
  <attribute name="Current GC Util Change" value="59.000000"/>
  <attribute name="GC Util currently" value="59" />
  <attribute name="CPU Util currently" value="17705588108801" />
<exclusive-end id="691" timestamp="2019-07-07T05:34:39.245" durationms="13.199" />

<exclusive-start id="692" timestamp="2019-07-07T05:34:40.155" intervalms="923.809">
  <response-info timems="0.029" idlems="0.029" threads="0" lastid="00000000020B9700" lastname="main" />
</exclusive-start>
<allocation-taxation id="693" taxation-threshold="34603008" timestamp="2019-07-07T05:34:40.155" intervalms="923.815" />
<cycle-start id="694" type="partial gc" contextid="0" timestamp="2019-07-07T05:34:40.156" intervalms="923.918" />
<gc-start id="695" type="partial gc" contextid="694" timestamp="2019-07-07T05:34:40.156">
  <mem-info id="696" free="33554432" total="113246208" percent="29">
    <mem type="eden" free="0" total="34603008" percent="0" />
    <arraylet-primitive objects="1" leaves="1" largest="1" />
    <remembered-set count="47808" freebytes="4329216" totalbytes="4520448" percent="95" regionsoverflowed="0" regionsstable="0" regionsrebuilding="0"/>
  </mem-info>
</gc-start>
<allocation-stats totalBytes="34511480" >
  <allocated-bytes non-tlh="64" tlh="34511416" arrayletleaf="0"/>
  <largest-consumer threadName="main" threadId="00000000020B9700" bytes="34511480" />
</allocation-stats>
<gc-op id="697" type="copy forward" timems="6.249" contextid="694" timestamp="2019-07-07T05:34:40.163">
  <memory-copied type="eden" objects="84" bytes="3272" bytesdiscarded="0" />
  <memory-copied type="other" objects="36703" bytes="997536" bytesdiscarded="352" />
  <memory-cardclean objects="17811" bytes="868192" />
  <regions eden="33" other="5" />
  <remembered-set-cleared processed="42623" cleared="7637" durationms="0.502" />
  <finalization candidates="3" enqueued="0" />
  <references type="soft" candidates="2374" cleared="0" enqueued="0" dynamicThreshold="19" maxThreshold="32" />
  <references type="weak" candidates="442" cleared="0" enqueued="0" />
  <references type="phantom" candidates="1" cleared="0" enqueued="0" />
  <stringconstants candidates="13762" cleared="0"  />
</gc-op>
<gc-op id="698" type="classunload" timems="0.004" contextid="694" timestamp="2019-07-07T05:34:40.164">
  <classunload-info classloadercandidates="55" classloadersunloaded="0" classesunloaded="0" anonymousclassesunloaded="0" quiescems="0.000" setupms="0.004" scanms="0.000" postms="0.000" />
</gc-op>
<heap-resize id="699" type="contract" space="default" amount="6291456" count="1" timems="0.180" reason="insufficient time being spent in gc" timestamp="2019-07-07T05:34:40.164" />
<gc-end id="700" type="partial gc" contextid="694" durationms="8.029" usertimems="8.000" systemtimems="0.000" timestamp="2019-07-07T05:34:40.164" activeThreads="1">
  <mem-info id="701" free="61865984" total="106954752" percent="57">
    <mem type="eden" free="1045304" total="1048576" percent="99" />
    <arraylet-primitive objects="1" leaves="1" largest="1" />
    <remembered-set count="47104" freebytes="4332032" totalbytes="4520448" percent="95" regionsoverflowed="0" regionsstable="0" regionsrebuilding="0"/>
  </mem-info>
</gc-end>
<cycle-end id="702" type="partial gc" contextid="694" timestamp="2019-07-07T05:34:40.164" />
  <attribute name="elasticGC enabled" value="1" />
  <attribute name= "numThreadsSpecified" value="1" />
  <attribute name="heapSize specified" value="0" />
  <attribute name="Current GC Util" value="79" />
  <attribute name= "Current Time Running" value="9684" />
  <attribute name ="GC Interval" value="0" />
  <attribute name="ProportionalT" value="29.500000" />
  <attribute name="ProportionalI" value="29.500000" />
  <attribute name="ProportionalH" value="29.500000" />
  <attribute name="Current Error" value="59.000000" />
  <attribute name="IntegralT" value="0.000000" />
  <attribute name="IntegralI" value="0.000000" />
  <attribute name="IntegralH" value="0.000000" />
  <attribute name="DerivativeT" value="inf" />
  <attribute name="DerivativeI" value="inf" />
  <attribute name="DerivativeH" value="inf" />
  <attribute name="Loop Time for DT" value="0.000000" />
  <attribute name="Output H" value="8388608"/>
  <attribute name="Output I" value="200"/>
  <attribute name="Output T" value="1"/>
  <attribute name="Target GC Util Change" value ="20.000000" />
  <attribute name="Current GC Util Change" value="79.000000"/>
  <attribute name="GC Util currently" value="79" />
  <attribute name="CPU Util currently" value="15862927020950" />
<exclusive-end id="703" timestamp="2019-07-07T05:34:40.165" durationms="9.397" />

<exclusive-start id="704" timestamp="2019-07-07T05:34:40.192" intervalms="36.406">
  <response-info timems="0.032" idlems="0.032" threads="0" lastid="00000000020B9700" lastname="main" />
</exclusive-start>
<allocation-taxation id="705" taxation-threshold="33554432" timestamp="2019-07-07T05:34:40.192" intervalms="36.327" />
<cycle-start id="706" type="partial gc" contextid="0" timestamp="2019-07-07T05:34:40.192" intervalms="36.354" />
<gc-start id="707" type="partial gc" contextid="706" timestamp="2019-07-07T05:34:40.192">
  <mem-info id="708" free="28311552" total="106954752" percent="26">
    <mem type="eden" free="0" total="33554432" percent="0" />
    <arraylet-primitive objects="1" leaves="1" largest="1" />
    <remembered-set count="43072" freebytes="4348160" totalbytes="4520448" percent="96" regionsoverflowed="0" regionsstable="1" regionsrebuilding="0"/>
  </mem-info>
</gc-start>
<allocation-stats totalBytes="33430048" >
  <allocated-bytes non-tlh="0" tlh="33430048" arrayletleaf="0"/>
  <largest-consumer threadName="main" threadId="00000000020B9700" bytes="33430048" />
</allocation-stats>
<gc-op id="709" type="copy forward" timems="3.085" contextid="706" timestamp="2019-07-07T05:34:40.197">
  <memory-copied type="eden" objects="2" bytes="56" bytesdiscarded="736" />
  <memory-copied type="other" objects="14236" bytes="684832" bytesdiscarded="46176" />
  <memory-cardclean objects="39715" bytes="1584624" />
  <regions eden="32" other="4" />
  <remembered-set-cleared processed="35405" cleared="6332" durationms="0.187" />
  <references type="soft" candidates="95" cleared="0" enqueued="0" dynamicThreshold="18" maxThreshold="32" />
  <references type="weak" candidates="212" cleared="0" enqueued="0" />
  <references type="phantom" candidates="3" cleared="0" enqueued="0" />
  <stringconstants candidates="13762" cleared="0"  />
</gc-op>
<gc-op id="710" type="classunload" timems="0.005" contextid="706" timestamp="2019-07-07T05:34:40.197">
  <classunload-info classloadercandidates="55" classloadersunloaded="0" classesunloaded="0" anonymousclassesunloaded="0" quiescems="0.000" setupms="0.005" scanms="0.000" postms="0.000" />
</gc-op>
<heap-resize id="711" type="contract" space="default" amount="6291456" count="1" timems="0.058" reason="insufficient time being spent in gc" timestamp="2019-07-07T05:34:40.197" />
<gc-end id="712" type="partial gc" contextid="706" durationms="4.725" usertimems="4.000" systemtimems="4.000" timestamp="2019-07-07T05:34:40.197" activeThreads="4">
  <mem-info id="713" free="55574528" total="100663296" percent="55">
    <mem type="eden" free="1047784" total="1048576" percent="99" />
    <arraylet-primitive objects="1" leaves="1" largest="1" />
    <remembered-set count="43936" freebytes="4093568" totalbytes="4269312" percent="95" regionsoverflowed="0" regionsstable="1" regionsrebuilding="0"/>
  </mem-info>
</gc-end>
<cycle-end id="714" type="partial gc" contextid="706" timestamp="2019-07-07T05:34:40.197" />
  <attribute name="elasticGC enabled" value="1" />
  <attribute name= "numThreadsSpecified" value="4" />
  <attribute name="heapSize specified" value="0" />
  <attribute name="Current GC Util" value="45" />
  <attribute name= "Current Time Running" value="9721" />
  <attribute name ="GC Interval" value="0" />
  <attribute name="ProportionalT" value="12.500000" />
  <attribute name="ProportionalI" value="12.500000" />
  <attribute name="ProportionalH" value="12.500000" />
  <attribute name="Current Error" value="25.000000" />
  <attribute name="IntegralT" value="12.500000" />
  <attribute name="IntegralI" value="12.500000" />
  <attribute name="IntegralH" value="12.500000" />
  <attribute name="DerivativeT" value="24.000000" />
  <attribute name="DerivativeI" value="24.000000" />
  <attribute name="DerivativeH" value="24.000000" />
  <attribute name="Loop Time for DT" value="1.000000" />
  <attribute name="Output H" value="8388608"/>
  <attribute name="Output I" value="200"/>
  <attribute name="Output T" value="4"/>
  <attribute name="Target GC Util Change" value ="20.000000" />
  <attribute name="Current GC Util Change" value="45.000000"/>
  <attribute name="GC Util currently" value="45" />
  <attribute name="CPU Util currently" value="7865945753789" />
<exclusive-end id="715" timestamp="2019-07-07T05:34:40.198" durationms="6.033" />

<exclusive-start id="716" timestamp="2019-07-07T05:34:40.222" intervalms="30.820">
  <response-info timems="0.030" idlems="0.030" threads="0" lastid="00000000020B9700" lastname="main" />
</exclusive-start>
<allocation-taxation id="717" taxation-threshold="31457280" timestamp="2019-07-07T05:34:40.223" intervalms="30.879" />
<cycle-start id="718" type="partial gc" contextid="0" timestamp="2019-07-07T05:34:40.223" intervalms="30.865" />
<gc-start id="719" type="partial gc" contextid="718" timestamp="2019-07-07T05:34:40.223">
  <mem-info id="720" free="24117248" total="100663296" percent="23">
    <mem type="eden" free="1047784" total="32505856" percent="3" />
    <arraylet-primitive objects="1" leaves="1" largest="1" />
    <remembered-set count="43616" freebytes="4094848" totalbytes="4269312" percent="95" regionsoverflowed="0" regionsstable="1" regionsrebuilding="0"/>
  </mem-info>
</gc-start>
<allocation-stats totalBytes="31351808" >
  <allocated-bytes non-tlh="0" tlh="31351808" arrayletleaf="0"/>
  <largest-consumer threadName="main" threadId="00000000020B9700" bytes="31351808" />
</allocation-stats>
<gc-op id="721" type="copy forward" timems="8.080" contextid="718" timestamp="2019-07-07T05:34:40.232">
  <memory-copied type="eden" objects="2" bytes="56" bytesdiscarded="0" />
  <memory-copied type="other" objects="45385" bytes="1547120" bytesdiscarded="504" />
  <memory-cardclean objects="37815" bytes="1526216" />
  <regions eden="30" other="4" />
  <remembered-set-cleared processed="35220" cleared="8071" durationms="0.420" />
  <finalization candidates="5" enqueued="0" />
  <references type="soft" candidates="880" cleared="0" enqueued="0" dynamicThreshold="17" maxThreshold="32" />
  <references type="weak" candidates="178" cleared="0" enqueued="0" />
  <references type="phantom" candidates="2" cleared="0" enqueued="0" />
  <stringconstants candidates="13762" cleared="0"  />
</gc-op>
<gc-op id="722" type="classunload" timems="0.005" contextid="718" timestamp="2019-07-07T05:34:40.233">
  <classunload-info classloadercandidates="55" classloadersunloaded="0" classesunloaded="0" anonymousclassesunloaded="0" quiescems="0.000" setupms="0.004" scanms="0.000" postms="0.000" />
</gc-op>
<heap-resize id="723" type="contract" space="default" amount="5242880" count="1" timems="0.059" reason="insufficient time being spent in gc" timestamp="2019-07-07T05:34:40.233" />
<gc-end id="724" type="partial gc" contextid="718" durationms="9.939" usertimems="12.000" systemtimems="0.000" timestamp="2019-07-07T05:34:40.233" activeThreads="1">
  <mem-info id="725" free="51380224" total="95420416" percent="53">
    <mem type="eden" free="1048520" total="1048576" percent="99" />
    <arraylet-primitive objects="1" leaves="1" largest="1" />
    <remembered-set count="41728" freebytes="3851264" totalbytes="4018176" percent="95" regionsoverflowed="0" regionsstable="1" regionsrebuilding="0"/>
  </mem-info>
</gc-end>
<cycle-end id="726" type="partial gc" contextid="718" timestamp="2019-07-07T05:34:40.233" />
  <attribute name="elasticGC enabled" value="1" />
  <attribute name= "numThreadsSpecified" value="1" />
  <attribute name="heapSize specified" value="0" />
  <attribute name="Current GC Util" value="47" />
  <attribute name= "Current Time Running" value="9751" />
  <attribute name ="GC Interval" value="0" />
  <attribute name="ProportionalT" value="13.500000" />
  <attribute name="ProportionalI" value="13.500000" />
  <attribute name="ProportionalH" value="13.500000" />
  <attribute name="Current Error" value="27.000000" />
  <attribute name="IntegralT" value="0.000000" />
  <attribute name="IntegralI" value="0.000000" />
  <attribute name="IntegralH" value="0.000000" />
  <attribute name="DerivativeT" value="inf" />
  <attribute name="DerivativeI" value="inf" />
  <attribute name="DerivativeH" value="inf" />
  <attribute name="Loop Time for DT" value="0.000000" />
  <attribute name="Output H" value="8388608"/>
  <attribute name="Output I" value="200"/>
  <attribute name="Output T" value="1"/>
  <attribute name="Target GC Util Change" value ="20.000000" />
  <attribute name="Current GC Util Change" value="47.000000"/>
  <attribute name="GC Util currently" value="47" />
  <attribute name="CPU Util currently" value="8497545652572" />
<exclusive-end id="727" timestamp="2019-07-07T05:34:40.234" durationms="11.278" />

<exclusive-start id="728" timestamp="2019-07-07T05:34:40.257" intervalms="34.871">
  <response-info timems="0.190" idlems="0.190" threads="0" lastid="00000000020B9700" lastname="main" />
</exclusive-start>
<allocation-taxation id="729" taxation-threshold="30408704" timestamp="2019-07-07T05:34:40.258" intervalms="34.852" />
<cycle-start id="730" type="partial gc" contextid="0" timestamp="2019-07-07T05:34:40.258" intervalms="34.767" />
<gc-start id="731" type="partial gc" contextid="730" timestamp="2019-07-07T05:34:40.258">
  <mem-info id="732" free="20971520" total="95420416" percent="21">
    <mem type="eden" free="1048520" total="31457280" percent="3" />
    <arraylet-primitive objects="1" leaves="1" largest="1" />
    <remembered-set count="41312" freebytes="3852928" totalbytes="4018176" percent="95" regionsoverflowed="0" regionsstable="1" regionsrebuilding="0"/>
  </mem-info>
</gc-start>
<allocation-stats totalBytes="30306688" >
  <allocated-bytes non-tlh="0" tlh="30306688" arrayletleaf="0"/>
  <largest-consumer threadName="main" threadId="00000000020B9700" bytes="30306688" />
</allocation-stats>
<gc-op id="733" type="copy forward" timems="12.141" contextid="730" timestamp="2019-07-07T05:34:40.271">
  <memory-copied type="eden" objects="2" bytes="56" bytesdiscarded="0" />
  <memory-copied type="other" objects="86444" bytes="2487112" bytesdiscarded="1072" />
  <memory-cardclean objects="40747" bytes="1764360" />
  <regions eden="29" other="4" />
  <remembered-set-cleared processed="34239" cleared="12143" durationms="0.425" />
  <finalization candidates="10" enqueued="0" />
  <ownableSynchronizers candidates="6" cleared="0" />
  <references type="soft" candidates="235" cleared="0" enqueued="0" dynamicThreshold="17" maxThreshold="32" />
  <references type="weak" candidates="1221" cleared="0" enqueued="0" />
  <references type="phantom" candidates="1" cleared="0" enqueued="0" />
  <stringconstants candidates="13762" cleared="0"  />
</gc-op>
<gc-op id="734" type="classunload" timems="0.007" contextid="730" timestamp="2019-07-07T05:34:40.271">
  <classunload-info classloadercandidates="55" classloadersunloaded="0" classesunloaded="0" anonymousclassesunloaded="0" quiescems="0.000" setupms="0.007" scanms="0.000" postms="0.000" />
</gc-op>
<heap-resize id="735" type="expand" space="default" amount="12582912" count="1" timems="0.085" reason="excessive time being spent in gc" timestamp="2019-07-07T05:34:40.272" />
<gc-end id="736" type="partial gc" contextid="730" durationms="13.814" usertimems="20.000" systemtimems="4.000" timestamp="2019-07-07T05:34:40.272" activeThreads="1">
  <mem-info id="737" free="65011712" total="108003328" percent="60">
    <mem type="eden" free="1048520" total="1048576" percent="99" />
    <arraylet-primitive objects="1" leaves="1" largest="1" />
    <remembered-set count="40224" freebytes="4150272" totalbytes="4311168" percent="96" regionsoverflowed="0" regionsstable="1" regionsrebuilding="0"/>
  </mem-info>
</gc-end>
<cycle-end id="738" type="partial gc" contextid="730" timestamp="2019-07-07T05:34:40.272" />
  <attribute name="elasticGC enabled" value="1" />
  <attribute name= "numThreadsSpecified" value="1" />
  <attribute name="heapSize specified" value="0" />
  <attribute name="Current GC Util" value="43" />
  <attribute name= "Current Time Running" value="9786" />
  <attribute name ="GC Interval" value="0" />
  <attribute name="ProportionalT" value="11.500000" />
  <attribute name="ProportionalI" value="11.500000" />
  <attribute name="ProportionalH" value="11.500000" />
  <attribute name="Current Error" value="23.000000" />
  <attribute name="IntegralT" value="0.000000" />
  <attribute name="IntegralI" value="0.000000" />
  <attribute name="IntegralH" value="0.000000" />
  <attribute name="DerivativeT" value="inf" />
  <attribute name="DerivativeI" value="inf" />
  <attribute name="DerivativeH" value="inf" />
  <attribute name="Loop Time for DT" value="0.000000" />
  <attribute name="Output H" value="8388608"/>
  <attribute name="Output I" value="200"/>
  <attribute name="Output T" value="1"/>
  <attribute name="Target GC Util Change" value ="20.000000" />
  <attribute name="Current GC Util Change" value="43.000000"/>
  <attribute name="GC Util currently" value="43" />
  <attribute name="CPU Util currently" value="8803514784919" />
<exclusive-end id="739" timestamp="2019-07-07T05:34:40.272" durationms="14.958" />

<exclusive-start id="740" timestamp="2019-07-07T05:34:40.283" intervalms="25.980">
  <response-info timems="0.081" idlems="0.081" threads="0" lastid="00000000020B9700" lastname="main" />
</exclusive-start>
<allocation-taxation id="741" taxation-threshold="16777216" timestamp="2019-07-07T05:34:40.283" intervalms="25.973" />
<cycle-start id="742" type="global mark phase" contextid="0" timestamp="2019-07-07T05:34:40.284" intervalms="1869.576" />
<gc-start id="743" type="global mark phase" contextid="742" timestamp="2019-07-07T05:34:40.284">
  <mem-info id="744" free="48234496" total="108003328" percent="44">
    <remembered-set count="40192" freebytes="4150400" totalbytes="4311168" percent="96" regionsoverflowed="0" regionsstable="1" regionsrebuilding="0"/>
  </mem-info>
</gc-start>
<gc-op id="745" type="mark increment" timems="7.837" contextid="742" timestamp="2019-07-07T05:34:40.292">
  <trace-info objectcount="99877" scancount="75694" scanbytes="2506508" />
</gc-op>
<gc-end id="746" type="global mark phase" contextid="742" durationms="8.207" usertimems="16.000" systemtimems="0.000" timestamp="2019-07-07T05:34:40.292" activeThreads="4">
  <mem-info id="747" free="48234496" total="108003328" percent="44">
    <remembered-set count="42240" freebytes="4142208" totalbytes="4311168" percent="96" regionsoverflowed="0" regionsstable="0" regionsrebuilding="1"/>
  </mem-info>
</gc-end>
<concurrent-start id="748" type="GMP work packet processing" contextid="742" timestamp="2019-07-07T05:34:40.292">
  <concurrent-mark-start scanTarget="3002690" />
</concurrent-start>
<exclusive-end id="749" timestamp="2019-07-07T05:34:40.294" durationms="10.551" />

<concurrent-end id="750" type="GMP work packet processing" contextid="742" timestamp="2019-07-07T05:34:40.294">
  <concurrent-mark-end bytesScanned="3054612" reasonForTermination="Work target met" />
</concurrent-end>

<exclusive-start id="751" timestamp="2019-07-07T05:34:40.305" intervalms="21.606">
  <response-info timems="0.077" idlems="0.077" threads="0" lastid="00000000020B9700" lastname="main" />
</exclusive-start>
<allocation-taxation id="752" taxation-threshold="16777216" timestamp="2019-07-07T05:34:40.305" intervalms="21.568" />
<cycle-start id="753" type="partial gc" contextid="0" timestamp="2019-07-07T05:34:40.305" intervalms="47.533" />
<gc-start id="754" type="partial gc" contextid="753" timestamp="2019-07-07T05:34:40.306">
  <mem-info id="755" free="31457280" total="108003328" percent="29">
    <mem type="eden" free="1048520" total="34603008" percent="3" />
    <arraylet-primitive objects="1" leaves="1" largest="1" />
    <remembered-set count="43968" freebytes="4135296" totalbytes="4311168" percent="95" regionsoverflowed="0" regionsstable="0" regionsrebuilding="1"/>
  </mem-info>
</gc-start>
<allocation-stats totalBytes="33442120" >
  <allocated-bytes non-tlh="0" tlh="33442120" arrayletleaf="0"/>
  <largest-consumer threadName="main" threadId="00000000020B9700" bytes="16722280" />
</allocation-stats>
<gc-op id="756" type="copy forward" timems="10.777" contextid="753" timestamp="2019-07-07T05:34:40.317">
  <memory-copied type="eden" objects="2" bytes="56" bytesdiscarded="0" />
  <memory-copied type="other" objects="95046" bytes="2479272" bytesdiscarded="664" />
  <memory-cardclean objects="21841" bytes="1019080" />
  <regions eden="32" other="4" />
  <remembered-set-cleared processed="39714" cleared="8869" durationms="0.488" />
  <references type="soft" candidates="342" cleared="0" enqueued="0" dynamicThreshold="14" maxThreshold="32" />
  <references type="weak" candidates="578" cleared="0" enqueued="0" />
  <stringconstants candidates="13762" cleared="0"  />
</gc-op>
<gc-op id="757" type="classunload" timems="0.005" contextid="753" timestamp="2019-07-07T05:34:40.317">
  <classunload-info classloadercandidates="55" classloadersunloaded="0" classesunloaded="0" anonymousclassesunloaded="0" quiescems="0.000" setupms="0.005" scanms="0.000" postms="0.000" />
</gc-op>
<gc-end id="758" type="partial gc" contextid="753" durationms="11.908" usertimems="8.000" systemtimems="4.000" timestamp="2019-07-07T05:34:40.317" activeThreads="1">
  <mem-info id="759" free="66060288" total="108003328" percent="61">
    <mem type="eden" free="1048520" total="1048576" percent="99" />
    <arraylet-primitive objects="1" leaves="1" largest="1" />
    <remembered-set count="45184" freebytes="4130432" totalbytes="4311168" percent="95" regionsoverflowed="0" regionsstable="0" regionsrebuilding="1"/>
  </mem-info>
</gc-end>
<cycle-end id="760" type="partial gc" contextid="753" timestamp="2019-07-07T05:34:40.318" />
  <attribute name="elasticGC enabled" value="1" />
  <attribute name= "numThreadsSpecified" value="1" />
  <attribute name="heapSize specified" value="0" />
  <attribute name="Current GC Util" value="62" />
  <attribute name= "Current Time Running" value="9833" />
  <attribute name ="GC Interval" value="0" />
  <attribute name="ProportionalT" value="21.000000" />
  <attribute name="ProportionalI" value="21.000000" />
  <attribute name="ProportionalH" value="21.000000" />
  <attribute name="Current Error" value="42.000000" />
  <attribute name="IntegralT" value="0.000000" />
  <attribute name="IntegralI" value="0.000000" />
  <attribute name="IntegralH" value="0.000000" />
  <attribute name="DerivativeT" value="inf" />
  <attribute name="DerivativeI" value="inf" />
  <attribute name="DerivativeH" value="inf" />
  <attribute name="Loop Time for DT" value="0.000000" />
  <attribute name="Output H" value="8388608"/>
  <attribute name="Output I" value="200"/>
  <attribute name="Output T" value="1"/>
  <attribute name="Target GC Util Change" value ="20.000000" />
  <attribute name="Current GC Util Change" value="62.000000"/>
  <attribute name="GC Util currently" value="62" />
  <attribute name="CPU Util currently" value="19214157469774" />
<exclusive-end id="761" timestamp="2019-07-07T05:34:40.318" durationms="13.011" />

<exclusive-start id="762" timestamp="2019-07-07T05:34:40.327" intervalms="22.180">
  <response-info timems="0.029" idlems="0.029" threads="0" lastid="00000000020B9700" lastname="main" />
</exclusive-start>
<allocation-taxation id="763" taxation-threshold="16777216" timestamp="2019-07-07T05:34:40.327" intervalms="22.214" />
<gc-start id="764" type="global mark phase" contextid="742" timestamp="2019-07-07T05:34:40.327">
  <mem-info id="765" free="49283072" total="108003328" percent="45">
    <remembered-set count="45088" freebytes="4130816" totalbytes="4311168" percent="95" regionsoverflowed="0" regionsstable="0" regionsrebuilding="1"/>
  </mem-info>
</gc-start>
<gc-end id="766" type="global mark phase" contextid="742" durationms="0.161" usertimems="0.000" systemtimems="0.000" timestamp="2019-07-07T05:34:40.328" activeThreads="1">
  <mem-info id="767" free="49283072" total="108003328" percent="45">
    <remembered-set count="45088" freebytes="4130816" totalbytes="4311168" percent="95" regionsoverflowed="0" regionsstable="0" regionsrebuilding="1"/>
  </mem-info>
</gc-end>
<concurrent-start id="768" type="GMP work packet processing" contextid="742" timestamp="2019-07-07T05:34:40.328">
  <concurrent-mark-start scanTarget="1048576" />
</concurrent-start>
<exclusive-end id="769" timestamp="2019-07-07T05:34:40.328" durationms="1.356" />

<concurrent-end id="770" type="GMP work packet processing" contextid="742" timestamp="2019-07-07T05:34:40.329">
  <concurrent-mark-end bytesScanned="1105484" reasonForTermination="Work target met" />
</concurrent-end>

<exclusive-start id="771" timestamp="2019-07-07T05:34:40.337" intervalms="9.542">
  <response-info timems="0.073" idlems="0.073" threads="0" lastid="00000000020B9700" lastname="main" />
</exclusive-start>
<allocation-taxation id="772" taxation-threshold="16777216" timestamp="2019-07-07T05:34:40.337" intervalms="9.456" />
<cycle-start id="773" type="partial gc" contextid="0" timestamp="2019-07-07T05:34:40.337" intervalms="31.664" />
<gc-start id="774" type="partial gc" contextid="773" timestamp="2019-07-07T05:34:40.337">
  <mem-info id="775" free="32505856" total="108003328" percent="30">
    <mem type="eden" free="1048520" total="34603008" percent="3" />
    <arraylet-primitive objects="1" leaves="1" largest="1" />
    <remembered-set count="45248" freebytes="4130176" totalbytes="4311168" percent="95" regionsoverflowed="0" regionsstable="0" regionsrebuilding="1"/>
  </mem-info>
</gc-start>
<allocation-stats totalBytes="33442088" >
  <allocated-bytes non-tlh="0" tlh="33442088" arrayletleaf="0"/>
  <largest-consumer threadName="main" threadId="00000000020B9700" bytes="16722304" />
</allocation-stats>
<gc-op id="776" type="copy forward" timems="18.253" contextid="773" timestamp="2019-07-07T05:34:40.356">
  <memory-copied type="eden" objects="1" bytes="24" bytesdiscarded="0" />
  <memory-copied type="other" objects="86567" bytes="2615312" bytesdiscarded="624" />
  <memory-cardclean objects="174120" bytes="5734152" />
  <regions eden="32" other="4" />
  <remembered-set-cleared processed="27111" cleared="16064" durationms="0.381" />
  <finalization candidates="40" enqueued="0" />
  <ownableSynchronizers candidates="1" cleared="0" />
  <references type="soft" candidates="365" cleared="0" enqueued="0" dynamicThreshold="14" maxThreshold="32" />
  <references type="weak" candidates="796" cleared="0" enqueued="0" />
  <references type="phantom" candidates="8" cleared="0" enqueued="0" />
  <stringconstants candidates="13762" cleared="0"  />
</gc-op>
<gc-op id="777" type="classunload" timems="0.005" contextid="773" timestamp="2019-07-07T05:34:40.356">
  <classunload-info classloadercandidates="55" classloadersunloaded="0" classesunloaded="0" anonymousclassesunloaded="0" quiescems="0.000" setupms="0.005" scanms="0.000" postms="0.000" />
</gc-op>
<heap-resize id="778" type="contract" space="default" amount="2097152" count="1" timems="0.131" reason="excess free space following gc" timestamp="2019-07-07T05:34:40.357" />
<gc-end id="779" type="partial gc" contextid="773" durationms="19.725" usertimems="20.000" systemtimems="0.000" timestamp="2019-07-07T05:34:40.357" activeThreads="1">
  <mem-info id="780" free="65011712" total="105906176" percent="61">
    <mem type="eden" free="1048552" total="1048576" percent="99" />
    <arraylet-primitive objects="1" leaves="1" largest="1" />
    <remembered-set count="45152" freebytes="4130560" totalbytes="4311168" percent="95" regionsoverflowed="0" regionsstable="0" regionsrebuilding="1"/>
  </mem-info>
</gc-end>
<cycle-end id="781" type="partial gc" contextid="773" timestamp="2019-07-07T05:34:40.357" />
  <attribute name="elasticGC enabled" value="1" />
  <attribute name= "numThreadsSpecified" value="1" />
  <attribute name="heapSize specified" value="0" />
  <attribute name="Current GC Util" value="60" />
  <attribute name= "Current Time Running" value="9865" />
  <attribute name ="GC Interval" value="0" />
  <attribute name="ProportionalT" value="20.000000" />
  <attribute name="ProportionalI" value="20.000000" />
  <attribute name="ProportionalH" value="20.000000" />
  <attribute name="Current Error" value="40.000000" />
  <attribute name="IntegralT" value="0.000000" />
  <attribute name="IntegralI" value="0.000000" />
  <attribute name="IntegralH" value="0.000000" />
  <attribute name="DerivativeT" value="inf" />
  <attribute name="DerivativeI" value="inf" />
  <attribute name="DerivativeH" value="inf" />
  <attribute name="Loop Time for DT" value="0.000000" />
  <attribute name="Output H" value="8388608"/>
  <attribute name="Output I" value="200"/>
  <attribute name="Output T" value="1"/>
  <attribute name="Target GC Util Change" value ="20.000000" />
  <attribute name="Current GC Util Change" value="60.000000"/>
  <attribute name="GC Util currently" value="60" />
  <attribute name="CPU Util currently" value="17667264317385" />
<exclusive-end id="782" timestamp="2019-07-07T05:34:40.357" durationms="20.670" />

<exclusive-start id="783" timestamp="2019-07-07T05:34:40.365" intervalms="28.390">
  <response-info timems="0.058" idlems="0.058" threads="0" lastid="00000000020B9700" lastname="main" />
</exclusive-start>
<allocation-taxation id="784" taxation-threshold="15728640" timestamp="2019-07-07T05:34:40.365" intervalms="28.444" />
<gc-start id="785" type="global mark phase" contextid="742" timestamp="2019-07-07T05:34:40.365">
  <mem-info id="786" free="49283072" total="105906176" percent="46">
    <remembered-set count="45056" freebytes="4130944" totalbytes="4311168" percent="95" regionsoverflowed="0" regionsstable="0" regionsrebuilding="1"/>
  </mem-info>
</gc-start>
<gc-end id="787" type="global mark phase" contextid="742" durationms="0.165" usertimems="0.000" systemtimems="0.000" timestamp="2019-07-07T05:34:40.366" activeThreads="1">
  <mem-info id="788" free="49283072" total="105906176" percent="46">
    <remembered-set count="45056" freebytes="4130944" totalbytes="4311168" percent="95" regionsoverflowed="0" regionsstable="0" regionsrebuilding="1"/>
  </mem-info>
</gc-end>
<concurrent-start id="789" type="GMP work packet processing" contextid="742" timestamp="2019-07-07T05:34:40.366">
  <concurrent-mark-start scanTarget="1126009" />
</concurrent-start>
<exclusive-end id="790" timestamp="2019-07-07T05:34:40.366" durationms="0.802" />

<concurrent-end id="791" type="GMP work packet processing" contextid="742" timestamp="2019-07-07T05:34:40.372">
  <concurrent-mark-end bytesScanned="1158180" reasonForTermination="Work target met" />
</concurrent-end>

<exclusive-start id="792" timestamp="2019-07-07T05:34:40.374" intervalms="8.978">
  <response-info timems="0.075" idlems="0.075" threads="0" lastid="00000000020B9700" lastname="main" />
</exclusive-start>
<allocation-taxation id="793" taxation-threshold="15728640" timestamp="2019-07-07T05:34:40.374" intervalms="8.935" />
<cycle-start id="794" type="partial gc" contextid="0" timestamp="2019-07-07T05:34:40.374" intervalms="37.439" />
<gc-start id="795" type="partial gc" contextid="794" timestamp="2019-07-07T05:34:40.375">
  <mem-info id="796" free="33554432" total="105906176" percent="31">
    <mem type="eden" free="1048552" total="32505856" percent="3" />
    <arraylet-primitive objects="1" leaves="1" largest="1" />
    <remembered-set count="45088" freebytes="4130816" totalbytes="4311168" percent="95" regionsoverflowed="0" regionsstable="0" regionsrebuilding="1"/>
  </mem-info>
</gc-start>
<allocation-stats totalBytes="31351808" >
  <allocated-bytes non-tlh="0" tlh="31351808" arrayletleaf="0"/>
  <largest-consumer threadName="main" threadId="00000000020B9700" bytes="15677136" />
</allocation-stats>
<gc-op id="797" type="copy forward" timems="5.152" contextid="794" timestamp="2019-07-07T05:34:40.381">
  <memory-copied type="eden" objects="1" bytes="24" bytesdiscarded="0" />
  <memory-copied type="other" objects="81708" bytes="2026344" bytesdiscarded="87536" />
  <memory-cardclean objects="45185" bytes="1694672" />
  <regions eden="30" other="3" />
  <remembered-set-cleared processed="36361" cleared="7803" durationms="0.204" />
  <stringconstants candidates="13762" cleared="0"  />
</gc-op>
<gc-op id="798" type="classunload" timems="0.006" contextid="794" timestamp="2019-07-07T05:34:40.381">
  <classunload-info classloadercandidates="55" classloadersunloaded="0" classesunloaded="0" anonymousclassesunloaded="0" quiescems="0.000" setupms="0.006" scanms="0.000" postms="0.000" />
</gc-op>
<gc-end id="799" type="partial gc" contextid="794" durationms="6.458" usertimems="12.000" systemtimems="0.000" timestamp="2019-07-07T05:34:40.381" activeThreads="4">
  <mem-info id="800" free="65011712" total="105906176" percent="61">
    <mem type="eden" free="1048552" total="1048576" percent="99" />
    <arraylet-primitive objects="1" leaves="1" largest="1" />
    <remembered-set count="44928" freebytes="4047744" totalbytes="4227456" percent="95" regionsoverflowed="0" regionsstable="0" regionsrebuilding="1"/>
  </mem-info>
</gc-end>
<cycle-end id="801" type="partial gc" contextid="794" timestamp="2019-07-07T05:34:40.381" />
  <attribute name="elasticGC enabled" value="1" />
  <attribute name= "numThreadsSpecified" value="4" />
  <attribute name="heapSize specified" value="0" />
  <attribute name="Current GC Util" value="30" />
  <attribute name= "Current Time Running" value="9903" />
  <attribute name ="GC Interval" value="0" />
  <attribute name="ProportionalT" value="5.000000" />
  <attribute name="ProportionalI" value="5.000000" />
  <attribute name="ProportionalH" value="5.000000" />
  <attribute name="Current Error" value="10.000000" />
  <attribute name="IntegralT" value="5.000000" />
  <attribute name="IntegralI" value="5.000000" />
  <attribute name="IntegralH" value="5.000000" />
  <attribute name="DerivativeT" value="10.000000" />
  <attribute name="DerivativeI" value="10.000000" />
  <attribute name="DerivativeH" value="10.000000" />
  <attribute name="Loop Time for DT" value="1.000000" />
  <attribute name="Output H" value="8388608"/>
  <attribute name="Output I" value="200"/>
  <attribute name="Output T" value="4"/>
  <attribute name="Target GC Util Change" value ="20.000000" />
  <attribute name="Current GC Util Change" value="30.000000"/>
  <attribute name="GC Util currently" value="30" />
  <attribute name="CPU Util currently" value="9201454144698" />
<exclusive-end id="802" timestamp="2019-07-07T05:34:40.381" durationms="7.379" />

<exclusive-start id="803" timestamp="2019-07-07T05:34:40.389" intervalms="15.064">
  <response-info timems="0.072" idlems="0.072" threads="0" lastid="00000000020B9700" lastname="main" />
</exclusive-start>
<allocation-taxation id="804" taxation-threshold="15728640" timestamp="2019-07-07T05:34:40.389" intervalms="15.139" />
<gc-start id="805" type="global mark phase" contextid="742" timestamp="2019-07-07T05:34:40.389">
  <mem-info id="806" free="49283072" total="105906176" percent="46">
    <remembered-set count="44896" freebytes="4047872" totalbytes="4227456" percent="95" regionsoverflowed="0" regionsstable="0" regionsrebuilding="1"/>
  </mem-info>
</gc-start>
<gc-end id="807" type="global mark phase" contextid="742" durationms="0.205" usertimems="0.000" systemtimems="0.000" timestamp="2019-07-07T05:34:40.390" activeThreads="4">
  <mem-info id="808" free="49283072" total="105906176" percent="46">
    <remembered-set count="44896" freebytes="4047872" totalbytes="4227456" percent="95" regionsoverflowed="0" regionsstable="0" regionsrebuilding="1"/>
  </mem-info>
</gc-end>
<concurrent-start id="809" type="GMP work packet processing" contextid="742" timestamp="2019-07-07T05:34:40.390">
  <concurrent-mark-start scanTarget="3002690" />
</concurrent-start>
<exclusive-end id="810" timestamp="2019-07-07T05:34:40.392" durationms="2.597" />

<concurrent-end id="811" type="GMP work packet processing" contextid="742" timestamp="2019-07-07T05:34:40.392">
  <concurrent-mark-end bytesScanned="3052984" reasonForTermination="Work target met" />
</concurrent-end>

<exclusive-start id="812" timestamp="2019-07-07T05:34:40.399" intervalms="10.267">
  <response-info timems="0.099" idlems="0.099" threads="0" lastid="00000000020B9700" lastname="main" />
</exclusive-start>
<allocation-taxation id="813" taxation-threshold="15728640" timestamp="2019-07-07T05:34:40.399" intervalms="10.195" />
<cycle-start id="814" type="partial gc" contextid="0" timestamp="2019-07-07T05:34:40.400" intervalms="25.282" />
<gc-start id="815" type="partial gc" contextid="814" timestamp="2019-07-07T05:34:40.400">
  <mem-info id="816" free="33554432" total="105906176" percent="31">
    <mem type="eden" free="1048552" total="32505856" percent="3" />
    <arraylet-primitive objects="1" leaves="1" largest="1" />
    <remembered-set count="50144" freebytes="4026880" totalbytes="4227456" percent="95" regionsoverflowed="0" regionsstable="0" regionsrebuilding="1"/>
  </mem-info>
</gc-start>
<allocation-stats totalBytes="31351832" >
  <allocated-bytes non-tlh="0" tlh="31351832" arrayletleaf="0"/>
  <largest-consumer threadName="main" threadId="00000000020B9700" bytes="15677136" />
</allocation-stats>
<gc-op id="817" type="copy forward" timems="5.601" contextid="814" timestamp="2019-07-07T05:34:40.406">
  <memory-copied type="eden" objects="1" bytes="24" bytesdiscarded="0" />
  <memory-copied type="other" objects="44206" bytes="1206288" bytesdiscarded="928" />
  <memory-cardclean objects="7103" bytes="326152" />
  <regions eden="30" other="3" />
  <remembered-set-cleared processed="46834" cleared="3321" durationms="0.451" />
  <references type="soft" candidates="2140" cleared="0" enqueued="0" dynamicThreshold="14" maxThreshold="32" />
  <references type="weak" candidates="121" cleared="0" enqueued="0" />
  <references type="phantom" candidates="2" cleared="0" enqueued="0" />
  <stringconstants candidates="13762" cleared="0"  />
</gc-op>
<gc-op id="818" type="classunload" timems="0.004" contextid="814" timestamp="2019-07-07T05:34:40.406">
  <classunload-info classloadercandidates="55" classloadersunloaded="0" classesunloaded="0" anonymousclassesunloaded="0" quiescems="0.000" setupms="0.004" scanms="0.000" postms="0.000" />
</gc-op>
<heap-resize id="819" type="contract" space="default" amount="6291456" count="1" timems="0.170" reason="excess free space following gc" timestamp="2019-07-07T05:34:40.407" />
<gc-end id="820" type="partial gc" contextid="814" durationms="7.129" usertimems="8.000" systemtimems="0.000" timestamp="2019-07-07T05:34:40.407" activeThreads="1">
  <mem-info id="821" free="60817408" total="99614720" percent="61">
    <mem type="eden" free="1048552" total="1048576" percent="99" />
    <remembered-set count="49920" freebytes="4027776" totalbytes="4227456" percent="95" regionsoverflowed="0" regionsstable="0" regionsrebuilding="1"/>
  </mem-info>
</gc-end>
<cycle-end id="822" type="partial gc" contextid="814" timestamp="2019-07-07T05:34:40.407" />
  <attribute name="elasticGC enabled" value="1" />
  <attribute name= "numThreadsSpecified" value="1" />
  <attribute name="heapSize specified" value="0" />
  <attribute name="Current GC Util" value="58" />
  <attribute name= "Current Time Running" value="9928" />
  <attribute name ="GC Interval" value="0" />
  <attribute name="ProportionalT" value="19.000000" />
  <attribute name="ProportionalI" value="19.000000" />
  <attribute name="ProportionalH" value="19.000000" />
  <attribute name="Current Error" value="38.000000" />
  <attribute name="IntegralT" value="0.000000" />
  <attribute name="IntegralI" value="0.000000" />
  <attribute name="IntegralH" value="0.000000" />
  <attribute name="DerivativeT" value="inf" />
  <attribute name="DerivativeI" value="inf" />
  <attribute name="DerivativeH" value="inf" />
  <attribute name="Loop Time for DT" value="0.000000" />
  <attribute name="Output H" value="8388608"/>
  <attribute name="Output I" value="200"/>
  <attribute name="Output T" value="1"/>
  <attribute name="Target GC Util Change" value ="20.000000" />
  <attribute name="Current GC Util Change" value="58.000000"/>
  <attribute name="GC Util currently" value="58" />
  <attribute name="CPU Util currently" value="18843975008330" />
<exclusive-end id="823" timestamp="2019-07-07T05:34:40.407" durationms="8.095" />

<exclusive-start id="824" timestamp="2019-07-07T05:34:40.415" intervalms="15.803">
  <response-info timems="0.067" idlems="0.067" threads="0" lastid="00000000020B9700" lastname="main" />
</exclusive-start>
<allocation-taxation id="825" taxation-threshold="15728640" timestamp="2019-07-07T05:34:40.415" intervalms="15.815" />
<gc-start id="826" type="global mark phase" contextid="742" timestamp="2019-07-07T05:34:40.415">
  <mem-info id="827" free="45088768" total="99614720" percent="45">
    <remembered-set count="49600" freebytes="4029056" totalbytes="4227456" percent="95" regionsoverflowed="0" regionsstable="0" regionsrebuilding="1"/>
  </mem-info>
</gc-start>
<gc-end id="828" type="global mark phase" contextid="742" durationms="0.131" usertimems="0.000" systemtimems="0.000" timestamp="2019-07-07T05:34:40.416" activeThreads="1">
  <mem-info id="829" free="45088768" total="99614720" percent="45">
    <remembered-set count="49600" freebytes="4029056" totalbytes="4227456" percent="95" regionsoverflowed="0" regionsstable="0" regionsrebuilding="1"/>
  </mem-info>
</gc-end>
<concurrent-start id="830" type="GMP work packet processing" contextid="742" timestamp="2019-07-07T05:34:40.416">
  <concurrent-mark-start scanTarget="1048576" />
</concurrent-start>
<exclusive-end id="831" timestamp="2019-07-07T05:34:40.416" durationms="1.296" />

<concurrent-end id="832" type="GMP work packet processing" contextid="742" timestamp="2019-07-07T05:34:40.416">
  <concurrent-mark-end bytesScanned="1071760" reasonForTermination="Work target met" />
</concurrent-end>

<exclusive-start id="833" timestamp="2019-07-07T05:34:40.424" intervalms="9.042">
  <response-info timems="0.077" idlems="0.077" threads="0" lastid="00000000020B9700" lastname="main" />
</exclusive-start>
<allocation-taxation id="834" taxation-threshold="15728640" timestamp="2019-07-07T05:34:40.424" intervalms="9.027" />
<cycle-start id="835" type="partial gc" contextid="0" timestamp="2019-07-07T05:34:40.424" intervalms="24.843" />
<gc-start id="836" type="partial gc" contextid="835" timestamp="2019-07-07T05:34:40.425">
  <mem-info id="837" free="29360128" total="99614720" percent="29">
    <mem type="eden" free="1048552" total="32505856" percent="3" />
    <remembered-set count="51744" freebytes="4020480" totalbytes="4227456" percent="95" regionsoverflowed="0" regionsstable="0" regionsrebuilding="1"/>
  </mem-info>
</gc-start>
<allocation-stats totalBytes="31351832" >
  <allocated-bytes non-tlh="0" tlh="31351832" arrayletleaf="0"/>
  <largest-consumer threadName="main" threadId="00000000020B9700" bytes="15677136" />
</allocation-stats>
<gc-op id="838" type="copy forward" timems="4.882" contextid="835" timestamp="2019-07-07T05:34:40.431">
  <memory-copied type="eden" objects="1" bytes="24" bytesdiscarded="0" />
  <memory-copied type="other" objects="76821" bytes="1954616" bytesdiscarded="84008" />
  <memory-cardclean objects="55145" bytes="1933960" />
  <regions eden="30" other="3" />
  <remembered-set-cleared processed="37572" cleared="9321" durationms="0.205" />
  <references type="weak" candidates="6" cleared="0" enqueued="0" />
  <stringconstants candidates="13762" cleared="0"  />
</gc-op>
<gc-op id="839" type="classunload" timems="0.009" contextid="835" timestamp="2019-07-07T05:34:40.431">
  <classunload-info classloadercandidates="55" classloadersunloaded="0" classesunloaded="0" anonymousclassesunloaded="0" quiescems="0.000" setupms="0.008" scanms="0.000" postms="0.000" />
</gc-op>
<gc-end id="840" type="partial gc" contextid="835" durationms="6.343" usertimems="20.000" systemtimems="0.000" timestamp="2019-07-07T05:34:40.431" activeThreads="4">
  <mem-info id="841" free="60817408" total="99614720" percent="61">
    <mem type="eden" free="1048552" total="1048576" percent="99" />
    <remembered-set count="44640" freebytes="3797760" totalbytes="3976320" percent="95" regionsoverflowed="0" regionsstable="0" regionsrebuilding="1"/>
  </mem-info>
</gc-end>
<cycle-end id="842" type="partial gc" contextid="835" timestamp="2019-07-07T05:34:40.431" />
  <attribute name="elasticGC enabled" value="1" />
  <attribute name= "numThreadsSpecified" value="4" />
  <attribute name="heapSize specified" value="0" />
  <attribute name="Current GC Util" value="32" />
  <attribute name= "Current Time Running" value="9953" />
  <attribute name ="GC Interval" value="0" />
  <attribute name="ProportionalT" value="6.000000" />
  <attribute name="ProportionalI" value="6.000000" />
  <attribute name="ProportionalH" value="6.000000" />
  <attribute name="Current Error" value="12.000000" />
  <attribute name="IntegralT" value="6.000000" />
  <attribute name="IntegralI" value="6.000000" />
  <attribute name="IntegralH" value="6.000000" />
  <attribute name="DerivativeT" value="12.000000" />
  <attribute name="DerivativeI" value="12.000000" />
  <attribute name="DerivativeH" value="12.000000" />
  <attribute name="Loop Time for DT" value="1.000000" />
  <attribute name="Output H" value="8388608"/>
  <attribute name="Output I" value="200"/>
  <attribute name="Output T" value="4"/>
  <attribute name="Target GC Util Change" value ="20.000000" />
  <attribute name="Current GC Util Change" value="32.000000"/>
  <attribute name="GC Util currently" value="32" />
  <attribute name="CPU Util currently" value="8239847348013" />
<exclusive-end id="843" timestamp="2019-07-07T05:34:40.431" durationms="7.309" />

<exclusive-start id="844" timestamp="2019-07-07T05:34:40.439" intervalms="15.077">
  <response-info timems="0.120" idlems="0.120" threads="0" lastid="00000000020B9700" lastname="main" />
</exclusive-start>
<allocation-taxation id="845" taxation-threshold="15728640" timestamp="2019-07-07T05:34:40.439" intervalms="15.144" />
<gc-start id="846" type="global mark phase" contextid="742" timestamp="2019-07-07T05:34:40.440">
  <mem-info id="847" free="45088768" total="99614720" percent="45">
    <remembered-set count="40512" freebytes="3814272" totalbytes="3976320" percent="95" regionsoverflowed="0" regionsstable="1" regionsrebuilding="1"/>
  </mem-info>
</gc-start>
<gc-end id="848" type="global mark phase" contextid="742" durationms="0.111" usertimems="0.000" systemtimems="0.000" timestamp="2019-07-07T05:34:40.440" activeThreads="4">
  <mem-info id="849" free="45088768" total="99614720" percent="45">
    <remembered-set count="40512" freebytes="3814272" totalbytes="3976320" percent="95" regionsoverflowed="0" regionsstable="1" regionsrebuilding="1"/>
  </mem-info>
</gc-end>
<concurrent-start id="850" type="GMP work packet processing" contextid="742" timestamp="2019-07-07T05:34:40.440">
  <concurrent-mark-start scanTarget="3002690" />
</concurrent-start>
<concurrent-end id="851" type="GMP work packet processing" contextid="742" timestamp="2019-07-07T05:34:40.441">
  <concurrent-mark-end bytesScanned="1679112" reasonForTermination="Completed all work in GC phase" />
</concurrent-end>

<exclusive-end id="852" timestamp="2019-07-07T05:34:40.441" durationms="1.932" />

<exclusive-start id="853" timestamp="2019-07-07T05:34:40.449" intervalms="9.700">
  <response-info timems="0.118" idlems="0.118" threads="0" lastid="00000000020B9700" lastname="main" />
</exclusive-start>
<allocation-taxation id="854" taxation-threshold="15728640" timestamp="2019-07-07T05:34:40.449" intervalms="9.661" />
<cycle-start id="855" type="partial gc" contextid="0" timestamp="2019-07-07T05:34:40.449" intervalms="24.803" />
<gc-start id="856" type="partial gc" contextid="855" timestamp="2019-07-07T05:34:40.450">
  <mem-info id="857" free="29360128" total="99614720" percent="29">
    <mem type="eden" free="1048552" total="32505856" percent="3" />
    <remembered-set count="45952" freebytes="3792512" totalbytes="3976320" percent="95" regionsoverflowed="0" regionsstable="1" regionsrebuilding="1"/>
  </mem-info>
</gc-start>
<allocation-stats totalBytes="31351832" >
  <allocated-bytes non-tlh="0" tlh="31351832" arrayletleaf="0"/>
  <largest-consumer threadName="main" threadId="00000000020B9700" bytes="15677160" />
</allocation-stats>
<gc-op id="858" type="copy forward" timems="8.753" contextid="855" timestamp="2019-07-07T05:34:40.459">
  <memory-copied type="eden" objects="1" bytes="24" bytesdiscarded="0" />
  <memory-copied type="other" objects="77472" bytes="2085112" bytesdiscarded="496" />
  <memory-cardclean objects="18481" bytes="697216" />
  <regions eden="30" other="3" />
  <remembered-set-cleared processed="41973" cleared="7657" durationms="0.479" />
  <references type="soft" candidates="2139" cleared="0" enqueued="0" dynamicThreshold="14" maxThreshold="32" />
  <references type="weak" candidates="80" cleared="0" enqueued="0" />
  <stringconstants candidates="13762" cleared="0"  />
</gc-op>
<gc-op id="859" type="classunload" timems="0.008" contextid="855" timestamp="2019-07-07T05:34:40.459">
  <classunload-info classloadercandidates="55" classloadersunloaded="0" classesunloaded="0" anonymousclassesunloaded="0" quiescems="0.000" setupms="0.008" scanms="0.000" postms="0.000" />
</gc-op>
<gc-end id="860" type="partial gc" contextid="855" durationms="9.968" usertimems="16.000" systemtimems="4.000" timestamp="2019-07-07T05:34:40.460" activeThreads="1">
  <mem-info id="861" free="60817408" total="99614720" percent="61">
    <mem type="eden" free="1048552" total="1048576" percent="99" />
    <remembered-set count="44256" freebytes="3799296" totalbytes="3976320" percent="95" regionsoverflowed="0" regionsstable="1" regionsrebuilding="1"/>
  </mem-info>
</gc-end>
<cycle-end id="862" type="partial gc" contextid="855" timestamp="2019-07-07T05:34:40.460" />
  <attribute name="elasticGC enabled" value="1" />
  <attribute name= "numThreadsSpecified" value="1" />
  <attribute name="heapSize specified" value="0" />
  <attribute name="Current GC Util" value="44" />
  <attribute name= "Current Time Running" value="9977" />
  <attribute name ="GC Interval" value="0" />
  <attribute name="ProportionalT" value="12.000000" />
  <attribute name="ProportionalI" value="12.000000" />
  <attribute name="ProportionalH" value="12.000000" />
  <attribute name="Current Error" value="24.000000" />
  <attribute name="IntegralT" value="0.000000" />
  <attribute name="IntegralI" value="0.000000" />
  <attribute name="IntegralH" value="0.000000" />
  <attribute name="DerivativeT" value="inf" />
  <attribute name="DerivativeI" value="inf" />
  <attribute name="DerivativeH" value="inf" />
  <attribute name="Loop Time for DT" value="0.000000" />
  <attribute name="Output H" value="8388608"/>
  <attribute name="Output I" value="200"/>
  <attribute name="Output T" value="1"/>
  <attribute name="Target GC Util Change" value ="20.000000" />
  <attribute name="Current GC Util Change" value="44.000000"/>
  <attribute name="GC Util currently" value="44" />
  <attribute name="CPU Util currently" value="15909442487182" />
<exclusive-end id="863" timestamp="2019-07-07T05:34:40.460" durationms="10.961" />

<exclusive-start id="864" timestamp="2019-07-07T05:34:40.468" intervalms="18.762">
  <response-info timems="0.114" idlems="0.114" threads="0" lastid="00000000020B9700" lastname="main" />
</exclusive-start>
<allocation-taxation id="865" taxation-threshold="15728640" timestamp="2019-07-07T05:34:40.468" intervalms="18.786" />
<gc-start id="866" type="global mark phase" contextid="742" timestamp="2019-07-07T05:34:40.468">
  <mem-info id="867" free="45088768" total="99614720" percent="45">
    <remembered-set count="44000" freebytes="3800320" totalbytes="3976320" percent="95" regionsoverflowed="0" regionsstable="1" regionsrebuilding="1"/>
  </mem-info>
</gc-start>
<gc-op id="868" type="mark increment" timems="5.663" contextid="742" timestamp="2019-07-07T05:34:40.474">
  <trace-info objectcount="27" scancount="20" scanbytes="344688" />
  <cardclean-info objects="283529" bytes="7832824" />
  <finalization candidates="80" enqueued="1" />
  <ownableSynchronizers candidates="23" cleared="0" />
  <references type="soft" candidates="4854" cleared="0" enqueued="0" dynamicThreshold="19" maxThreshold="32" />
  <references type="weak" candidates="5567" cleared="4" enqueued="3" />
  <references type="phantom" candidates="102" cleared="0" enqueued="0" />
  <stringconstants candidates="13762" cleared="2"  />
</gc-op>
<gc-op id="869" type="classunload" timems="2.882" contextid="742" timestamp="2019-07-07T05:34:40.477">
  <classunload-info classloadercandidates="55" classloadersunloaded="1" classesunloaded="1" anonymousclassesunloaded="0" quiescems="2.454" setupms="0.411" scanms="2.466" postms="0.005" />
</gc-op>
<gc-end id="870" type="global mark phase" contextid="742" durationms="9.142" usertimems="24.000" systemtimems="0.000" timestamp="2019-07-07T05:34:40.477" activeThreads="4">
  <mem-info id="871" free="45088768" total="99614720" percent="45">
    <pending-finalizers system="0" default="1" reference="3" classloader="0" />
    <remembered-set count="47584" freebytes="3785984" totalbytes="3976320" percent="95" regionsoverflowed="0" regionsstable="1" regionsrebuilding="0"/>
  </mem-info>
</gc-end>
<cycle-end id="872" type="global mark phase" contextid="742" timestamp="2019-07-07T05:34:40.477" />
  <attribute name="elasticGC enabled" value="1" />
  <attribute name= "numThreadsSpecified" value="4" />
  <attribute name="heapSize specified" value="0" />
  <attribute name="Current GC Util" value="59" />
  <attribute name= "Current Time Running" value="10000" />
  <attribute name ="GC Interval" value="0" />
  <attribute name="ProportionalT" value="19.500000" />
  <attribute name="ProportionalI" value="19.500000" />
  <attribute name="ProportionalH" value="19.500000" />
  <attribute name="Current Error" value="39.000000" />
  <attribute name="IntegralT" value="19.500000" />
  <attribute name="IntegralI" value="19.500000" />
  <attribute name="IntegralH" value="19.500000" />
  <attribute name="DerivativeT" value="-120.000000" />
  <attribute name="DerivativeI" value="-120.000000" />
  <attribute name="DerivativeH" value="-120.000000" />
  <attribute name="Loop Time for DT" value="1.000000" />
  <attribute name="Output H" value="2091843584"/>
  <attribute name="Output I" value="200"/>
  <attribute name="Output T" value="4"/>
  <attribute name="Target GC Util Change" value ="20.000000" />
  <attribute name="Current GC Util Change" value="59.000000"/>
  <attribute name="GC Util currently" value="59" />
  <attribute name="CPU Util currently" value="11497481956711" />
<exclusive-end id="873" timestamp="2019-07-07T05:34:40.478" durationms="10.032" />

<exclusive-start id="874" timestamp="2019-07-07T05:34:40.487" intervalms="18.800">
  <response-info timems="0.044" idlems="0.044" threads="0" lastid="00000000020B9700" lastname="main" />
</exclusive-start>
<allocation-taxation id="875" taxation-threshold="15728640" timestamp="2019-07-07T05:34:40.487" intervalms="18.738" />
<cycle-start id="876" type="partial gc" contextid="0" timestamp="2019-07-07T05:34:40.487" intervalms="37.610" />
<gc-start id="877" type="partial gc" contextid="876" timestamp="2019-07-07T05:34:40.487">
  <mem-info id="878" free="29360128" total="99614720" percent="29">
    <mem type="eden" free="1048552" total="32505856" percent="3" />
    <remembered-set count="35616" freebytes="3833856" totalbytes="3976320" percent="96" regionsoverflowed="0" regionsstable="2" regionsrebuilding="0"/>
  </mem-info>
</gc-start>
<allocation-stats totalBytes="31351808" >
  <allocated-bytes non-tlh="0" tlh="31351808" arrayletleaf="0"/>
  <largest-consumer threadName="main" threadId="00000000020B9700" bytes="15677136" />
</allocation-stats>
<gc-op id="879" type="sweep" timems="0.898" contextid="876" timestamp="2019-07-07T05:34:40.488" />
<gc-op id="880" type="copy forward" timems="1.165" contextid="876" timestamp="2019-07-07T05:34:40.490">
  <memory-copied type="eden" objects="1" bytes="24" bytesdiscarded="0" />
  <memory-copied type="other" objects="11" bytes="288" bytesdiscarded="0" />
  <memory-cardclean objects="35" bytes="10784" />
  <regions eden="15" other="2" />
  <remembered-set-cleared processed="33454" cleared="29" durationms="0.352" />
  <references type="weak" candidates="4" cleared="0" enqueued="0" />
  <stringconstants candidates="13760" cleared="0"  />
</gc-op>
<gc-op id="881" type="classunload" timems="0.004" contextid="876" timestamp="2019-07-07T05:34:40.490">
  <classunload-info classloadercandidates="54" classloadersunloaded="0" classesunloaded="0" anonymousclassesunloaded="0" quiescems="0.000" setupms="0.004" scanms="0.000" postms="0.000" />
</gc-op>
<gc-end id="882" type="partial gc" contextid="876" durationms="3.511" usertimems="4.000" systemtimems="0.000" timestamp="2019-07-07T05:34:40.491" activeThreads="1">
  <mem-info id="883" free="60817408" total="99614720" percent="61">
    <mem type="eden" free="1048552" total="1048576" percent="99" />
    <remembered-set count="36064" freebytes="3832064" totalbytes="3976320" percent="96" regionsoverflowed="0" regionsstable="2" regionsrebuilding="0"/>
  </mem-info>
</gc-end>
<cycle-end id="884" type="partial gc" contextid="876" timestamp="2019-07-07T05:34:40.491" />
  <attribute name="elasticGC enabled" value="1" />
  <attribute name= "numThreadsSpecified" value="1" />
  <attribute name="heapSize specified" value="0" />
  <attribute name="Current GC Util" value="55" />
  <attribute name= "Current Time Running" value="10016" />
  <attribute name ="GC Interval" value="0" />
  <attribute name="ProportionalT" value="17.500000" />
  <attribute name="ProportionalI" value="17.500000" />
  <attribute name="ProportionalH" value="17.500000" />
  <attribute name="Current Error" value="35.000000" />
  <attribute name="IntegralT" value="0.000000" />
  <attribute name="IntegralI" value="0.000000" />
  <attribute name="IntegralH" value="0.000000" />
  <attribute name="DerivativeT" value="inf" />
  <attribute name="DerivativeI" value="inf" />
  <attribute name="DerivativeH" value="inf" />
  <attribute name="Loop Time for DT" value="0.000000" />
  <attribute name="Output H" value="8388608"/>
  <attribute name="Output I" value="200"/>
  <attribute name="Output T" value="1"/>
  <attribute name="Target GC Util Change" value ="20.000000" />
  <attribute name="Current GC Util Change" value="55.000000"/>
  <attribute name="GC Util currently" value="55" />
  <attribute name="CPU Util currently" value="22323755228371" />
<exclusive-end id="885" timestamp="2019-07-07T05:34:40.491" durationms="4.564" />

<exclusive-start id="886" timestamp="2019-07-07T05:34:40.506" intervalms="19.742">
  <response-info timems="0.074" idlems="0.074" threads="0" lastid="00000000020B9700" lastname="main" />
</exclusive-start>
<allocation-taxation id="887" taxation-threshold="31457280" timestamp="2019-07-07T05:34:40.506" intervalms="19.827" />
<cycle-start id="888" type="partial gc" contextid="0" timestamp="2019-07-07T05:34:40.507" intervalms="19.855" />
<gc-start id="889" type="partial gc" contextid="888" timestamp="2019-07-07T05:34:40.507">
  <mem-info id="890" free="29360128" total="99614720" percent="29">
    <mem type="eden" free="1048552" total="32505856" percent="3" />
    <remembered-set count="35616" freebytes="3833856" totalbytes="3976320" percent="96" regionsoverflowed="0" regionsstable="2" regionsrebuilding="0"/>
  </mem-info>
</gc-start>
<allocation-stats totalBytes="31351832" >
  <allocated-bytes non-tlh="0" tlh="31351832" arrayletleaf="0"/>
  <largest-consumer threadName="main" threadId="00000000020B9700" bytes="31351832" />
</allocation-stats>
<gc-op id="891" type="copy forward" timems="1.509" contextid="888" timestamp="2019-07-07T05:34:40.509">
  <memory-copied type="eden" objects="1" bytes="24" bytesdiscarded="0" />
  <memory-copied type="other" objects="1815" bytes="64592" bytesdiscarded="0" />
  <memory-cardclean objects="1014" bytes="42664" />
  <regions eden="30" other="6" />
  <remembered-set-cleared processed="33320" cleared="690" durationms="0.348" />
  <references type="soft" candidates="7" cleared="0" enqueued="0" dynamicThreshold="19" maxThreshold="32" />
  <references type="weak" candidates="46" cleared="0" enqueued="0" />
  <stringconstants candidates="13760" cleared="0"  />
</gc-op>
<gc-op id="892" type="classunload" timems="0.004" contextid="888" timestamp="2019-07-07T05:34:40.509">
  <classunload-info classloadercandidates="54" classloadersunloaded="0" classesunloaded="0" anonymousclassesunloaded="0" quiescems="0.000" setupms="0.004" scanms="0.000" postms="0.000" />
</gc-op>
<heap-resize id="893" type="contract" space="default" amount="5242880" count="1" timems="0.130" reason="excess free space following gc" timestamp="2019-07-07T05:34:40.510" />
<gc-end id="894" type="partial gc" contextid="888" durationms="2.973" usertimems="4.000" systemtimems="0.000" timestamp="2019-07-07T05:34:40.510" activeThreads="1">
  <mem-info id="895" free="57671680" total="94371840" percent="61">
    <mem type="eden" free="1048552" total="1048576" percent="99" />
    <remembered-set count="35584" freebytes="3833984" totalbytes="3976320" percent="96" regionsoverflowed="0" regionsstable="2" regionsrebuilding="0"/>
  </mem-info>
</gc-end>
<cycle-end id="896" type="partial gc" contextid="888" timestamp="2019-07-07T05:34:40.510" />
  <attribute name="elasticGC enabled" value="1" />
  <attribute name= "numThreadsSpecified" value="1" />
  <attribute name="heapSize specified" value="0" />
  <attribute name="Current GC Util" value="54" />
  <attribute name= "Current Time Running" value="10035" />
  <attribute name ="GC Interval" value="0" />
  <attribute name="ProportionalT" value="17.000000" />
  <attribute name="ProportionalI" value="17.000000" />
  <attribute name="ProportionalH" value="17.000000" />
  <attribute name="Current Error" value="34.000000" />
  <attribute name="IntegralT" value="0.000000" />
  <attribute name="IntegralI" value="0.000000" />
  <attribute name="IntegralH" value="0.000000" />
  <attribute name="DerivativeT" value="inf" />
  <attribute name="DerivativeI" value="inf" />
  <attribute name="DerivativeH" value="inf" />
  <attribute name="Loop Time for DT" value="0.000000" />
  <attribute name="Output H" value="8388608"/>
  <attribute name="Output I" value="200"/>
  <attribute name="Output T" value="1"/>
  <attribute name="Target GC Util Change" value ="20.000000" />
  <attribute name="Current GC Util Change" value="54.000000"/>
  <attribute name="GC Util currently" value="54" />
  <attribute name="CPU Util currently" value="18627204365951" />
<exclusive-end id="897" timestamp="2019-07-07T05:34:40.510" durationms="4.074" />

<exclusive-start id="898" timestamp="2019-07-07T05:34:40.525" intervalms="18.826">
  <response-info timems="0.213" idlems="0.213" threads="0" lastid="00000000020B9700" lastname="main" />
</exclusive-start>
<allocation-taxation id="899" taxation-threshold="30408704" timestamp="2019-07-07T05:34:40.525" intervalms="18.778" />
<cycle-start id="900" type="partial gc" contextid="0" timestamp="2019-07-07T05:34:40.525" intervalms="18.672" />
<gc-start id="901" type="partial gc" contextid="900" timestamp="2019-07-07T05:34:40.526">
  <mem-info id="902" free="27262976" total="94371840" percent="28">
    <mem type="eden" free="1048552" total="31457280" percent="3" />
    <remembered-set count="35360" freebytes="3834880" totalbytes="3976320" percent="96" regionsoverflowed="0" regionsstable="2" regionsrebuilding="0"/>
  </mem-info>
</gc-start>
<allocation-stats totalBytes="30306688" >
  <allocated-bytes non-tlh="0" tlh="30306688" arrayletleaf="0"/>
  <largest-consumer threadName="main" threadId="00000000020B9700" bytes="30306688" />
</allocation-stats>
<gc-op id="903" type="copy forward" timems="2.452" contextid="900" timestamp="2019-07-07T05:34:40.529">
  <memory-copied type="eden" objects="1" bytes="24" bytesdiscarded="0" />
  <memory-copied type="other" objects="12315" bytes="294656" bytesdiscarded="8384" />
  <memory-cardclean objects="38137" bytes="1470048" />
  <regions eden="29" other="5" />
  <remembered-set-cleared processed="29874" cleared="2278" durationms="0.205" />
  <references type="soft" candidates="6" cleared="0" enqueued="0" dynamicThreshold="19" maxThreshold="32" />
  <references type="weak" candidates="37" cleared="0" enqueued="0" />
  <stringconstants candidates="13760" cleared="0"  />
</gc-op>
<gc-op id="904" type="classunload" timems="0.004" contextid="900" timestamp="2019-07-07T05:34:40.529">
  <classunload-info classloadercandidates="54" classloadersunloaded="0" classesunloaded="0" anonymousclassesunloaded="0" quiescems="0.000" setupms="0.004" scanms="0.000" postms="0.000" />
</gc-op>
<heap-resize id="905" type="contract" space="default" amount="5242880" count="1" timems="0.122" reason="excess free space following gc" timestamp="2019-07-07T05:34:40.529" />
<gc-end id="906" type="partial gc" contextid="900" durationms="3.946" usertimems="8.000" systemtimems="0.000" timestamp="2019-07-07T05:34:40.530" activeThreads="4">
  <mem-info id="907" free="54525952" total="89128960" percent="61">
    <mem type="eden" free="1048552" total="1048576" percent="99" />
    <remembered-set count="35968" freebytes="3623168" totalbytes="3767040" percent="96" regionsoverflowed="0" regionsstable="2" regionsrebuilding="0"/>
  </mem-info>
</gc-end>
<cycle-end id="908" type="partial gc" contextid="900" timestamp="2019-07-07T05:34:40.530" />
  <attribute name="elasticGC enabled" value="1" />
  <attribute name= "numThreadsSpecified" value="4" />
  <attribute name="heapSize specified" value="0" />
  <attribute name="Current GC Util" value="32" />
  <attribute name= "Current Time Running" value="10054" />
  <attribute name ="GC Interval" value="0" />
  <attribute name="ProportionalT" value="6.000000" />
  <attribute name="ProportionalI" value="6.000000" />
  <attribute name="ProportionalH" value="6.000000" />
  <attribute name="Current Error" value="12.000000" />
  <attribute name="IntegralT" value="6.000000" />
  <attribute name="IntegralI" value="6.000000" />
  <attribute name="IntegralH" value="6.000000" />
  <attribute name="DerivativeT" value="12.000000" />
  <attribute name="DerivativeI" value="12.000000" />
  <attribute name="DerivativeH" value="12.000000" />
  <attribute name="Loop Time for DT" value="1.000000" />
  <attribute name="Output H" value="8388608"/>
  <attribute name="Output I" value="200"/>
  <attribute name="Output T" value="4"/>
  <attribute name="Target GC Util Change" value ="20.000000" />
  <attribute name="Current GC Util Change" value="32.000000"/>
  <attribute name="GC Util currently" value="32" />
  <attribute name="CPU Util currently" value="8434786907346" />
<exclusive-end id="909" timestamp="2019-07-07T05:34:40.530" durationms="4.961" />

<exclusive-start id="910" timestamp="2019-07-07T05:34:40.544" intervalms="18.646">
  <response-info timems="0.085" idlems="0.085" threads="0" lastid="00000000020B9700" lastname="main" />
</exclusive-start>
<allocation-taxation id="911" taxation-threshold="28311552" timestamp="2019-07-07T05:34:40.544" intervalms="18.674" />
<cycle-start id="912" type="partial gc" contextid="0" timestamp="2019-07-07T05:34:40.544" intervalms="18.641" />
<gc-start id="913" type="partial gc" contextid="912" timestamp="2019-07-07T05:34:40.544">
  <mem-info id="914" free="26214400" total="89128960" percent="29">
    <mem type="eden" free="1048552" total="29360128" percent="3" />
    <remembered-set count="35808" freebytes="3623808" totalbytes="3767040" percent="96" regionsoverflowed="0" regionsstable="2" regionsrebuilding="0"/>
  </mem-info>
</gc-start>
<allocation-stats totalBytes="28216400" >
  <allocated-bytes non-tlh="0" tlh="28216400" arrayletleaf="0"/>
  <largest-consumer threadName="main" threadId="00000000020B9700" bytes="28216400" />
</allocation-stats>
<gc-op id="915" type="copy forward" timems="3.102" contextid="912" timestamp="2019-07-07T05:34:40.549">
  <memory-copied type="eden" objects="1" bytes="24" bytesdiscarded="0" />
  <memory-copied type="other" objects="16938" bytes="574480" bytesdiscarded="43168" />
  <memory-cardclean objects="8135" bytes="453976" />
  <regions eden="27" other="6" />
  <remembered-set-cleared processed="32282" cleared="3381" durationms="0.229" />
  <references type="soft" candidates="168" cleared="0" enqueued="0" dynamicThreshold="19" maxThreshold="32" />
  <references type="weak" candidates="432" cleared="0" enqueued="0" />
  <stringconstants candidates="13760" cleared="0"  />
</gc-op>
<gc-op id="916" type="classunload" timems="0.006" contextid="912" timestamp="2019-07-07T05:34:40.549">
  <classunload-info classloadercandidates="54" classloadersunloaded="0" classesunloaded="0" anonymousclassesunloaded="0" quiescems="0.000" setupms="0.005" scanms="0.000" postms="0.000" />
</gc-op>
<heap-resize id="917" type="contract" space="default" amount="5242880" count="1" timems="0.169" reason="excess free space following gc" timestamp="2019-07-07T05:34:40.549" />
<gc-end id="918" type="partial gc" contextid="912" durationms="4.778" usertimems="12.000" systemtimems="0.000" timestamp="2019-07-07T05:34:40.549" activeThreads="4">
  <mem-info id="919" free="53477376" total="83886080" percent="63">
    <mem type="eden" free="1048552" total="1048576" percent="99" />
    <remembered-set count="35328" freebytes="3416448" totalbytes="3557760" percent="96" regionsoverflowed="0" regionsstable="2" regionsrebuilding="0"/>
  </mem-info>
</gc-end>
<cycle-end id="920" type="partial gc" contextid="912" timestamp="2019-07-07T05:34:40.549" />
  <attribute name="elasticGC enabled" value="1" />
  <attribute name= "numThreadsSpecified" value="4" />
  <attribute name="heapSize specified" value="0" />
  <attribute name="Current GC Util" value="31" />
  <attribute name= "Current Time Running" value="10072" />
  <attribute name ="GC Interval" value="0" />
  <attribute name="ProportionalT" value="5.500000" />
  <attribute name="ProportionalI" value="5.500000" />
  <attribute name="ProportionalH" value="5.500000" />
  <attribute name="Current Error" value="11.000000" />
  <attribute name="IntegralT" value="0.000000" />
  <attribute name="IntegralI" value="0.000000" />
  <attribute name="IntegralH" value="0.000000" />
  <attribute name="DerivativeT" value="-inf" />
  <attribute name="DerivativeI" value="-inf" />
  <attribute name="DerivativeH" value="-inf" />
  <attribute name="Loop Time for DT" value="0.000000" />
  <attribute name="Output H" value="2091843584"/>
  <attribute name="Output I" value="200"/>
  <attribute name="Output T" value="4"/>
  <attribute name="Target GC Util Change" value ="20.000000" />
  <attribute name="Current GC Util Change" value="31.000000"/>
  <attribute name="GC Util currently" value="31" />
  <attribute name="CPU Util currently" value="9209042734045" />
<exclusive-end id="921" timestamp="2019-07-07T05:34:40.550" durationms="5.867" />

<exclusive-start id="922" timestamp="2019-07-07T05:34:40.563" intervalms="19.301">
  <response-info timems="0.230" idlems="0.230" threads="0" lastid="00000000020B9700" lastname="main" />
</exclusive-start>
<allocation-taxation id="923" taxation-threshold="27262976" timestamp="2019-07-07T05:34:40.563" intervalms="19.310" />
<cycle-start id="924" type="partial gc" contextid="0" timestamp="2019-07-07T05:34:40.563" intervalms="19.418" />
<gc-start id="925" type="partial gc" contextid="924" timestamp="2019-07-07T05:34:40.564">
  <mem-info id="926" free="26214400" total="83886080" percent="31">
    <mem type="eden" free="1048552" total="28311552" percent="3" />
    <remembered-set count="34848" freebytes="3418368" totalbytes="3557760" percent="96" regionsoverflowed="0" regionsstable="2" regionsrebuilding="0"/>
  </mem-info>
</gc-start>
<allocation-stats totalBytes="27171256" >
  <allocated-bytes non-tlh="0" tlh="27171256" arrayletleaf="0"/>
  <largest-consumer threadName="main" threadId="00000000020B9700" bytes="27171256" />
</allocation-stats>
<gc-op id="927" type="copy forward" timems="7.164" contextid="924" timestamp="2019-07-07T05:34:40.572">
  <memory-copied type="eden" objects="1" bytes="24" bytesdiscarded="0" />
  <memory-copied type="other" objects="39449" bytes="1283672" bytesdiscarded="123048" />
  <memory-cardclean objects="201366" bytes="6835592" />
  <regions eden="26" other="4" />
  <remembered-set-cleared processed="16098" cleared="8640" durationms="0.143" />
  <finalization candidates="40" enqueued="0" />
  <ownableSynchronizers candidates="1" cleared="0" />
  <references type="soft" candidates="1142" cleared="0" enqueued="0" dynamicThreshold="20" maxThreshold="32" />
  <references type="weak" candidates="878" cleared="0" enqueued="0" />
  <references type="phantom" candidates="8" cleared="0" enqueued="0" />
  <stringconstants candidates="13760" cleared="0"  />
</gc-op>
<gc-op id="928" type="classunload" timems="0.006" contextid="924" timestamp="2019-07-07T05:34:40.572">
  <classunload-info classloadercandidates="54" classloadersunloaded="0" classesunloaded="0" anonymousclassesunloaded="0" quiescems="0.000" setupms="0.006" scanms="0.000" postms="0.000" />
</gc-op>
<heap-resize id="929" type="contract" space="default" amount="4194304" count="1" timems="0.272" reason="excess free space following gc" timestamp="2019-07-07T05:34:40.572" />
<gc-end id="930" type="partial gc" contextid="924" durationms="8.859" usertimems="28.000" systemtimems="0.000" timestamp="2019-07-07T05:34:40.573" activeThreads="4">
  <mem-info id="931" free="51380224" total="79691776" percent="64">
    <mem type="eden" free="1048552" total="1048576" percent="99" />
    <remembered-set count="34592" freebytes="3210112" totalbytes="3348480" percent="95" regionsoverflowed="0" regionsstable="2" regionsrebuilding="0"/>
  </mem-info>
</gc-end>
<cycle-end id="932" type="partial gc" contextid="924" timestamp="2019-07-07T05:34:40.573" />
  <attribute name="elasticGC enabled" value="1" />
  <attribute name= "numThreadsSpecified" value="4" />
  <attribute name="heapSize specified" value="0" />
  <attribute name="Current GC Util" value="41" />
  <attribute name= "Current Time Running" value="10092" />
  <attribute name ="GC Interval" value="0" />
  <attribute name="ProportionalT" value="10.500000" />
  <attribute name="ProportionalI" value="10.500000" />
  <attribute name="ProportionalH" value="10.500000" />
  <attribute name="Current Error" value="21.000000" />
  <attribute name="IntegralT" value="10.500000" />
  <attribute name="IntegralI" value="10.500000" />
  <attribute name="IntegralH" value="10.500000" />
  <attribute name="DerivativeT" value="3.000000" />
  <attribute name="DerivativeI" value="3.000000" />
  <attribute name="DerivativeH" value="3.000000" />
  <attribute name="Loop Time for DT" value="1.000000" />
  <attribute name="Output H" value="8388608"/>
  <attribute name="Output I" value="200"/>
  <attribute name="Output T" value="4"/>
  <attribute name="Target GC Util Change" value ="20.000000" />
  <attribute name="Current GC Util Change" value="41.000000"/>
  <attribute name="GC Util currently" value="41" />
  <attribute name="CPU Util currently" value="7932882423104" />
<exclusive-end id="933" timestamp="2019-07-07T05:34:40.573" durationms="9.938" />

<exclusive-start id="934" timestamp="2019-07-07T05:34:40.586" intervalms="23.009">
  <response-info timems="0.227" idlems="0.227" threads="0" lastid="00000000020B9700" lastname="main" />
</exclusive-start>
<allocation-taxation id="935" taxation-threshold="26214400" timestamp="2019-07-07T05:34:40.586" intervalms="23.035" />
<cycle-start id="936" type="partial gc" contextid="0" timestamp="2019-07-07T05:34:40.586" intervalms="22.970" />
<gc-start id="937" type="partial gc" contextid="936" timestamp="2019-07-07T05:34:40.587">
  <mem-info id="938" free="25165824" total="79691776" percent="31">
    <mem type="eden" free="1048552" total="27262976" percent="3" />
    <remembered-set count="33184" freebytes="3215744" totalbytes="3348480" percent="96" regionsoverflowed="0" regionsstable="4" regionsrebuilding="0"/>
  </mem-info>
</gc-start>
<allocation-stats totalBytes="26126112" >
  <allocated-bytes non-tlh="0" tlh="26126112" arrayletleaf="0"/>
  <largest-consumer threadName="main" threadId="00000000020B9700" bytes="26126112" />
</allocation-stats>
<gc-op id="939" type="copy forward" timems="2.140" contextid="936" timestamp="2019-07-07T05:34:40.590">
  <memory-copied type="eden" objects="1" bytes="24" bytesdiscarded="0" />
  <memory-copied type="other" objects="12878" bytes="330800" bytesdiscarded="4072" />
  <memory-cardclean objects="2545" bytes="472840" />
  <regions eden="25" other="2" />
  <remembered-set-cleared processed="31298" cleared="972" durationms="0.190" />
  <stringconstants candidates="13760" cleared="0"  />
</gc-op>
<gc-op id="940" type="classunload" timems="0.004" contextid="936" timestamp="2019-07-07T05:34:40.590">
  <classunload-info classloadercandidates="54" classloadersunloaded="0" classesunloaded="0" anonymousclassesunloaded="0" quiescems="0.000" setupms="0.004" scanms="0.000" postms="0.000" />
</gc-op>
<heap-resize id="941" type="contract" space="default" amount="4194304" count="1" timems="0.289" reason="excess free space following gc" timestamp="2019-07-07T05:34:40.590" />
<gc-end id="942" type="partial gc" contextid="936" durationms="3.786" usertimems="8.000" systemtimems="0.000" timestamp="2019-07-07T05:34:40.591" activeThreads="4">
  <mem-info id="943" free="47185920" total="75497472" percent="62">
    <mem type="eden" free="1048552" total="1048576" percent="99" />
    <remembered-set count="33952" freebytes="3045248" totalbytes="3181056" percent="95" regionsoverflowed="0" regionsstable="4" regionsrebuilding="0"/>
  </mem-info>
</gc-end>
<cycle-end id="944" type="partial gc" contextid="936" timestamp="2019-07-07T05:34:40.591" />
  <attribute name="elasticGC enabled" value="1" />
  <attribute name= "numThreadsSpecified" value="4" />
  <attribute name="heapSize specified" value="0" />
  <attribute name="Current GC Util" value="31" />
  <attribute name= "Current Time Running" value="10115" />
  <attribute name ="GC Interval" value="0" />
  <attribute name="ProportionalT" value="5.500000" />
  <attribute name="ProportionalI" value="5.500000" />
  <attribute name="ProportionalH" value="5.500000" />
  <attribute name="Current Error" value="11.000000" />
  <attribute name="IntegralT" value="5.500000" />
  <attribute name="IntegralI" value="5.500000" />
  <attribute name="IntegralH" value="5.500000" />
  <attribute name="DerivativeT" value="-51.000000" />
  <attribute name="DerivativeI" value="-51.000000" />
  <attribute name="DerivativeH" value="-51.000000" />
  <attribute name="Loop Time for DT" value="1.000000" />
  <attribute name="Output H" value="2091843584"/>
  <attribute name="Output I" value="200"/>
  <attribute name="Output T" value="4"/>
  <attribute name="Target GC Util Change" value ="20.000000" />
  <attribute name="Current GC Util Change" value="31.000000"/>
  <attribute name="GC Util currently" value="31" />
  <attribute name="CPU Util currently" value="10114987962119" />
<exclusive-end id="945" timestamp="2019-07-07T05:34:40.591" durationms="4.886" />

<exclusive-start id="946" timestamp="2019-07-07T05:34:40.597" intervalms="11.190">
  <response-info timems="0.111" idlems="0.111" threads="0" lastid="00000000020B9700" lastname="main" />
</exclusive-start>
<allocation-taxation id="947" taxation-threshold="12582912" timestamp="2019-07-07T05:34:40.597" intervalms="11.134" />
<cycle-start id="948" type="global mark phase" contextid="0" timestamp="2019-07-07T05:34:40.598" intervalms="313.903" />
<gc-start id="949" type="global mark phase" contextid="948" timestamp="2019-07-07T05:34:40.598">
  <mem-info id="950" free="34603008" total="75497472" percent="45">
    <remembered-set count="32992" freebytes="3049088" totalbytes="3181056" percent="95" regionsoverflowed="0" regionsstable="5" regionsrebuilding="0"/>
  </mem-info>
</gc-start>
<gc-op id="951" type="mark increment" timems="0.840" contextid="948" timestamp="2019-07-07T05:34:40.599">
  <trace-info objectcount="3301" scancount="181" scanbytes="11980" />
</gc-op>
<gc-end id="952" type="global mark phase" contextid="948" durationms="1.089" usertimems="0.000" systemtimems="0.000" timestamp="2019-07-07T05:34:40.599" activeThreads="4">
  <mem-info id="953" free="34603008" total="75497472" percent="45">
    <remembered-set count="33504" freebytes="3047040" totalbytes="3181056" percent="95" regionsoverflowed="0" regionsstable="0" regionsrebuilding="5"/>
  </mem-info>
</gc-end>
<concurrent-start id="954" type="GMP work packet processing" contextid="948" timestamp="2019-07-07T05:34:40.599">
  <concurrent-mark-start scanTarget="2235102" />
</concurrent-start>
<exclusive-end id="955" timestamp="2019-07-07T05:34:40.599" durationms="1.831" />

<concurrent-end id="956" type="GMP work packet processing" contextid="948" timestamp="2019-07-07T05:34:40.604">
  <concurrent-mark-end bytesScanned="2241988" reasonForTermination="Work target met" />
</concurrent-end>

<exclusive-start id="957" timestamp="2019-07-07T05:34:40.605" intervalms="8.060">
  <response-info timems="0.097" idlems="0.097" threads="0" lastid="00000000020B9700" lastname="main" />
</exclusive-start>
<allocation-taxation id="958" taxation-threshold="12582912" timestamp="2019-07-07T05:34:40.605" intervalms="8.017" />
<cycle-start id="959" type="partial gc" contextid="0" timestamp="2019-07-07T05:34:40.606" intervalms="19.158" />
<gc-start id="960" type="partial gc" contextid="959" timestamp="2019-07-07T05:34:40.606">
  <mem-info id="961" free="22020096" total="75497472" percent="29">
    <mem type="eden" free="1048552" total="26214400" percent="3" />
    <remembered-set count="35200" freebytes="3040256" totalbytes="3181056" percent="95" regionsoverflowed="0" regionsstable="0" regionsrebuilding="5"/>
  </mem-info>
</gc-start>
<allocation-stats totalBytes="25080968" >
  <allocated-bytes non-tlh="0" tlh="25080968" arrayletleaf="0"/>
  <largest-consumer threadName="main" threadId="00000000020B9700" bytes="12541728" />
</allocation-stats>
<gc-op id="962" type="copy forward" timems="2.477" contextid="959" timestamp="2019-07-07T05:34:40.609">
  <memory-copied type="eden" objects="1" bytes="24" bytesdiscarded="0" />
  <memory-copied type="other" objects="22179" bytes="532656" bytesdiscarded="20632" />
  <memory-cardclean objects="107" bytes="142376" />
  <regions eden="24" other="2" />
  <remembered-set-cleared processed="33302" cleared="1319" durationms="0.235" />
  <references type="soft" candidates="2113" cleared="0" enqueued="0" dynamicThreshold="14" maxThreshold="32" />
  <stringconstants candidates="13760" cleared="0"  />
</gc-op>
<gc-op id="963" type="classunload" timems="0.005" contextid="959" timestamp="2019-07-07T05:34:40.609">
  <classunload-info classloadercandidates="54" classloadersunloaded="0" classesunloaded="0" anonymousclassesunloaded="0" quiescems="0.000" setupms="0.004" scanms="0.000" postms="0.000" />
</gc-op>
<heap-resize id="964" type="contract" space="default" amount="2097152" count="1" timems="0.186" reason="excess free space following gc" timestamp="2019-07-07T05:34:40.610" />
<gc-end id="965" type="partial gc" contextid="959" durationms="3.991" usertimems="12.000" systemtimems="0.000" timestamp="2019-07-07T05:34:40.610" activeThreads="4">
  <mem-info id="966" free="45088768" total="73400320" percent="61">
    <mem type="eden" free="1048552" total="1048576" percent="99" />
    <remembered-set count="35904" freebytes="2870016" totalbytes="3013632" percent="95" regionsoverflowed="0" regionsstable="0" regionsrebuilding="5"/>
  </mem-info>
</gc-end>
<cycle-end id="967" type="partial gc" contextid="959" timestamp="2019-07-07T05:34:40.610" />
  <attribute name="elasticGC enabled" value="1" />
  <attribute name= "numThreadsSpecified" value="4" />
  <attribute name="heapSize specified" value="0" />
  <attribute name="Current GC Util" value="26" />
  <attribute name= "Current Time Running" value="10134" />
  <attribute name ="GC Interval" value="0" />
  <attribute name="ProportionalT" value="3.000000" />
  <attribute name="ProportionalI" value="3.000000" />
  <attribute name="ProportionalH" value="3.000000" />
  <attribute name="Current Error" value="6.000000" />
  <attribute name="IntegralT" value="3.000000" />
  <attribute name="IntegralI" value="3.000000" />
  <attribute name="IntegralH" value="3.000000" />
  <attribute name="DerivativeT" value="6.000000" />
  <attribute name="DerivativeI" value="6.000000" />
  <attribute name="DerivativeH" value="6.000000" />
  <attribute name="Loop Time for DT" value="1.000000" />
  <attribute name="Output H" value="8388608"/>
  <attribute name="Output I" value="200"/>
  <attribute name="Output T" value="4"/>
  <attribute name="Target GC Util Change" value ="20.000000" />
  <attribute name="Current GC Util Change" value="26.000000"/>
  <attribute name="GC Util currently" value="26" />
  <attribute name="CPU Util currently" value="9016074419831" />
<exclusive-end id="968" timestamp="2019-07-07T05:34:40.610" durationms="5.003" />

<exclusive-start id="969" timestamp="2019-07-07T05:34:40.617" intervalms="11.225">
  <response-info timems="0.080" idlems="0.080" threads="0" lastid="00000000020B9700" lastname="main" />
</exclusive-start>
<allocation-taxation id="970" taxation-threshold="12582912" timestamp="2019-07-07T05:34:40.617" intervalms="11.270" />
<gc-start id="971" type="global mark phase" contextid="948" timestamp="2019-07-07T05:34:40.617">
  <mem-info id="972" free="32505856" total="73400320" percent="44">
    <remembered-set count="35328" freebytes="2872320" totalbytes="3013632" percent="95" regionsoverflowed="0" regionsstable="1" regionsrebuilding="5"/>
  </mem-info>
</gc-start>
<gc-end id="973" type="global mark phase" contextid="948" durationms="0.156" usertimems="0.000" systemtimems="0.000" timestamp="2019-07-07T05:34:40.617" activeThreads="4">
  <mem-info id="974" free="32505856" total="73400320" percent="44">
    <remembered-set count="35328" freebytes="2872320" totalbytes="3013632" percent="95" regionsoverflowed="0" regionsstable="1" regionsrebuilding="5"/>
  </mem-info>
</gc-end>
<concurrent-start id="975" type="GMP work packet processing" contextid="948" timestamp="2019-07-07T05:34:40.617">
  <concurrent-mark-start scanTarget="2235102" />
</concurrent-start>
<exclusive-end id="976" timestamp="2019-07-07T05:34:40.617" durationms="0.722" />

<concurrent-end id="977" type="GMP work packet processing" contextid="948" timestamp="2019-07-07T05:34:40.619">
  <concurrent-mark-end bytesScanned="2274360" reasonForTermination="Work target met" />
</concurrent-end>

<exclusive-start id="978" timestamp="2019-07-07T05:34:40.625" intervalms="8.507">
  <response-info timems="0.079" idlems="0.079" threads="0" lastid="00000000020B9700" lastname="main" />
</exclusive-start>
<allocation-taxation id="979" taxation-threshold="12582912" timestamp="2019-07-07T05:34:40.625" intervalms="8.477" />
<cycle-start id="980" type="partial gc" contextid="0" timestamp="2019-07-07T05:34:40.625" intervalms="19.719" />
<gc-start id="981" type="partial gc" contextid="980" timestamp="2019-07-07T05:34:40.626">
  <mem-info id="982" free="19922944" total="73400320" percent="27">
    <mem type="eden" free="1048552" total="26214400" percent="3" />
    <remembered-set count="37440" freebytes="2863872" totalbytes="3013632" percent="95" regionsoverflowed="0" regionsstable="1" regionsrebuilding="5"/>
  </mem-info>
</gc-start>
<allocation-stats totalBytes="25080968" >
  <allocated-bytes non-tlh="0" tlh="25080968" arrayletleaf="0"/>
  <largest-consumer threadName="main" threadId="00000000020B9700" bytes="12541728" />
</allocation-stats>
<gc-op id="983" type="copy forward" timems="4.352" contextid="980" timestamp="2019-07-07T05:34:40.631">
  <memory-copied type="eden" objects="1" bytes="24" bytesdiscarded="0" />
  <memory-copied type="other" objects="27673" bytes="622624" bytesdiscarded="9784" />
  <memory-cardclean objects="77841" bytes="2763600" />
  <regions eden="24" other="2" />
  <remembered-set-cleared processed="27319" cleared="6384" durationms="0.190" />
  <references type="weak" candidates="3" cleared="0" enqueued="0" />
  <stringconstants candidates="13760" cleared="0"  />
</gc-op>
<gc-op id="984" type="classunload" timems="0.005" contextid="980" timestamp="2019-07-07T05:34:40.631">
  <classunload-info classloadercandidates="54" classloadersunloaded="0" classesunloaded="0" anonymousclassesunloaded="0" quiescems="0.000" setupms="0.005" scanms="0.000" postms="0.000" />
</gc-op>
<gc-end id="985" type="partial gc" contextid="980" durationms="5.611" usertimems="12.000" systemtimems="0.000" timestamp="2019-07-07T05:34:40.631" activeThreads="4">
  <mem-info id="986" free="45088768" total="73400320" percent="61">
    <mem type="eden" free="1048552" total="1048576" percent="99" />
    <remembered-set count="37504" freebytes="2779904" totalbytes="2929920" percent="94" regionsoverflowed="0" regionsstable="1" regionsrebuilding="5"/>
  </mem-info>
</gc-end>
<cycle-end id="987" type="partial gc" contextid="980" timestamp="2019-07-07T05:34:40.631" />
  <attribute name="elasticGC enabled" value="1" />
  <attribute name= "numThreadsSpecified" value="4" />
  <attribute name="heapSize specified" value="0" />
  <attribute name="Current GC Util" value="31" />
  <attribute name= "Current Time Running" value="10154" />
  <attribute name ="GC Interval" value="0" />
  <attribute name="ProportionalT" value="5.500000" />
  <attribute name="ProportionalI" value="5.500000" />
  <attribute name="ProportionalH" value="5.500000" />
  <attribute name="Current Error" value="11.000000" />
  <attribute name="IntegralT" value="5.500000" />
  <attribute name="IntegralI" value="5.500000" />
  <attribute name="IntegralH" value="5.500000" />
  <attribute name="DerivativeT" value="-6.000000" />
  <attribute name="DerivativeI" value="-6.000000" />
  <attribute name="DerivativeH" value="-6.000000" />
  <attribute name="Loop Time for DT" value="1.000000" />
  <attribute name="Output H" value="8388608"/>
  <attribute name="Output I" value="200"/>
  <attribute name="Output T" value="4"/>
  <attribute name="Target GC Util Change" value ="20.000000" />
  <attribute name="Current GC Util Change" value="31.000000"/>
  <attribute name="GC Util currently" value="31" />
  <attribute name="CPU Util currently" value="9830566790813" />
<exclusive-end id="988" timestamp="2019-07-07T05:34:40.631" durationms="6.404" />

<exclusive-start id="989" timestamp="2019-07-07T05:34:40.638" intervalms="12.766">
  <response-info timems="0.225" idlems="0.225" threads="0" lastid="00000000020B9700" lastname="main" />
</exclusive-start>
<allocation-taxation id="990" taxation-threshold="12582912" timestamp="2019-07-07T05:34:40.638" intervalms="12.773" />
<gc-start id="991" type="global mark phase" contextid="948" timestamp="2019-07-07T05:34:40.638">
  <mem-info id="992" free="32505856" total="73400320" percent="44">
    <remembered-set count="36512" freebytes="2783872" totalbytes="2929920" percent="95" regionsoverflowed="0" regionsstable="2" regionsrebuilding="5"/>
  </mem-info>
</gc-start>
<gc-end id="993" type="global mark phase" contextid="948" durationms="0.120" usertimems="0.000" systemtimems="0.000" timestamp="2019-07-07T05:34:40.638" activeThreads="4">
  <mem-info id="994" free="32505856" total="73400320" percent="44">
    <remembered-set count="36512" freebytes="2783872" totalbytes="2929920" percent="95" regionsoverflowed="0" regionsstable="2" regionsrebuilding="5"/>
  </mem-info>
</gc-end>
<concurrent-start id="995" type="GMP work packet processing" contextid="948" timestamp="2019-07-07T05:34:40.638">
  <concurrent-mark-start scanTarget="2235102" />
</concurrent-start>
<exclusive-end id="996" timestamp="2019-07-07T05:34:40.640" durationms="2.034" />

<concurrent-end id="997" type="GMP work packet processing" contextid="948" timestamp="2019-07-07T05:34:40.640">
  <concurrent-mark-end bytesScanned="2272732" reasonForTermination="Work target met" />
</concurrent-end>

<exclusive-start id="998" timestamp="2019-07-07T05:34:40.646" intervalms="8.156">
  <response-info timems="0.033" idlems="0.033" threads="0" lastid="00000000020B9700" lastname="main" />
</exclusive-start>
<allocation-taxation id="999" taxation-threshold="12582912" timestamp="2019-07-07T05:34:40.646" intervalms="8.101" />
<cycle-start id="1000" type="partial gc" contextid="0" timestamp="2019-07-07T05:34:40.646" intervalms="20.875" />
<gc-start id="1001" type="partial gc" contextid="1000" timestamp="2019-07-07T05:34:40.646">
  <mem-info id="1002" free="19922944" total="73400320" percent="27">
    <mem type="eden" free="1048552" total="26214400" percent="3" />
    <remembered-set count="41056" freebytes="2765696" totalbytes="2929920" percent="94" regionsoverflowed="0" regionsstable="2" regionsrebuilding="5"/>
  </mem-info>
</gc-start>
<allocation-stats totalBytes="25080968" >
  <allocated-bytes non-tlh="0" tlh="25080968" arrayletleaf="0"/>
  <largest-consumer threadName="main" threadId="00000000020B9700" bytes="12541728" />
</allocation-stats>
<gc-op id="1003" type="copy forward" timems="4.528" contextid="1000" timestamp="2019-07-07T05:34:40.652">
  <memory-copied type="eden" objects="1" bytes="24" bytesdiscarded="0" />
  <memory-copied type="other" objects="36401" bytes="895496" bytesdiscarded="0" />
  <memory-cardclean objects="6509" bytes="412664" />
  <regions eden="24" other="2" />
  <remembered-set-cleared processed="38454" cleared="2640" durationms="0.374" />
  <stringconstants candidates="13760" cleared="0"  />
</gc-op>
<gc-op id="1004" type="classunload" timems="0.005" contextid="1000" timestamp="2019-07-07T05:34:40.652">
  <classunload-info classloadercandidates="54" classloadersunloaded="0" classesunloaded="0" anonymousclassesunloaded="0" quiescems="0.000" setupms="0.004" scanms="0.000" postms="0.000" />
</gc-op>
<gc-end id="1005" type="partial gc" contextid="1000" durationms="5.665" usertimems="12.000" systemtimems="0.000" timestamp="2019-07-07T05:34:40.652" activeThreads="1">
  <mem-info id="1006" free="45088768" total="73400320" percent="61">
    <mem type="eden" free="1048552" total="1048576" percent="99" />
    <remembered-set count="41344" freebytes="2764544" totalbytes="2929920" percent="94" regionsoverflowed="0" regionsstable="2" regionsrebuilding="5"/>
  </mem-info>
</gc-end>
<cycle-end id="1007" type="partial gc" contextid="1000" timestamp="2019-07-07T05:34:40.652" />
  <attribute name="elasticGC enabled" value="1" />
  <attribute name= "numThreadsSpecified" value="1" />
  <attribute name="heapSize specified" value="0" />
  <attribute name="Current GC Util" value="49" />
  <attribute name= "Current Time Running" value="10174" />
  <attribute name ="GC Interval" value="0" />
  <attribute name="ProportionalT" value="14.500000" />
  <attribute name="ProportionalI" value="14.500000" />
  <attribute name="ProportionalH" value="14.500000" />
  <attribute name="Current Error" value="29.000000" />
  <attribute name="IntegralT" value="0.000000" />
  <attribute name="IntegralI" value="0.000000" />
  <attribute name="IntegralH" value="0.000000" />
  <attribute name="DerivativeT" value="inf" />
  <attribute name="DerivativeI" value="inf" />
  <attribute name="DerivativeH" value="inf" />
  <attribute name="Loop Time for DT" value="0.000000" />
  <attribute name="Output H" value="8388608"/>
  <attribute name="Output I" value="200"/>
  <attribute name="Output T" value="1"/>
  <attribute name="Target GC Util Change" value ="20.000000" />
  <attribute name="Current GC Util Change" value="49.000000"/>
  <attribute name="GC Util currently" value="49" />
  <attribute name="CPU Util currently" value="17483341929741" />
<exclusive-end id="1008" timestamp="2019-07-07T05:34:40.653" durationms="6.586" />

<exclusive-start id="1009" timestamp="2019-07-07T05:34:40.659" intervalms="12.803">
  <response-info timems="0.083" idlems="0.083" threads="0" lastid="00000000020B9700" lastname="main" />
</exclusive-start>
<allocation-taxation id="1010" taxation-threshold="12582912" timestamp="2019-07-07T05:34:40.659" intervalms="12.883" />
<gc-start id="1011" type="global mark phase" contextid="948" timestamp="2019-07-07T05:34:40.659">
  <mem-info id="1012" free="32505856" total="73400320" percent="44">
    <remembered-set count="40512" freebytes="2767872" totalbytes="2929920" percent="94" regionsoverflowed="0" regionsstable="3" regionsrebuilding="5"/>
  </mem-info>
</gc-start>
<gc-end id="1013" type="global mark phase" contextid="948" durationms="0.121" usertimems="0.000" systemtimems="0.000" timestamp="2019-07-07T05:34:40.659" activeThreads="1">
  <mem-info id="1014" free="32505856" total="73400320" percent="44">
    <remembered-set count="40512" freebytes="2767872" totalbytes="2929920" percent="94" regionsoverflowed="0" regionsstable="3" regionsrebuilding="5"/>
  </mem-info>
</gc-end>
<concurrent-start id="1015" type="GMP work packet processing" contextid="948" timestamp="2019-07-07T05:34:40.659">
  <concurrent-mark-start scanTarget="1048576" />
</concurrent-start>
<exclusive-end id="1016" timestamp="2019-07-07T05:34:40.659" durationms="0.708" />

<concurrent-end id="1017" type="GMP work packet processing" contextid="948" timestamp="2019-07-07T05:34:40.660">
  <concurrent-mark-end bytesScanned="1087424" reasonForTermination="Work target met" />
</concurrent-end>

<exclusive-start id="1018" timestamp="2019-07-07T05:34:40.666" intervalms="7.624">
  <response-info timems="0.068" idlems="0.068" threads="0" lastid="00000000020B9700" lastname="main" />
</exclusive-start>
<allocation-taxation id="1019" taxation-threshold="12582912" timestamp="2019-07-07T05:34:40.666" intervalms="7.579" />
<cycle-start id="1020" type="partial gc" contextid="0" timestamp="2019-07-07T05:34:40.667" intervalms="20.463" />
<gc-start id="1021" type="partial gc" contextid="1020" timestamp="2019-07-07T05:34:40.667">
  <mem-info id="1022" free="19922944" total="73400320" percent="27">
    <mem type="eden" free="1048552" total="26214400" percent="3" />
    <remembered-set count="48576" freebytes="2735616" totalbytes="2929920" percent="93" regionsoverflowed="0" regionsstable="3" regionsrebuilding="5"/>
  </mem-info>
</gc-start>
<allocation-stats totalBytes="25080968" >
  <allocated-bytes non-tlh="0" tlh="25080968" arrayletleaf="0"/>
  <largest-consumer threadName="main" threadId="00000000020B9700" bytes="12541728" />
</allocation-stats>
<gc-op id="1023" type="copy forward" timems="2.964" contextid="1020" timestamp="2019-07-07T05:34:40.671">
  <memory-copied type="eden" objects="1" bytes="24" bytesdiscarded="0" />
  <memory-copied type="other" objects="42144" bytes="1047408" bytesdiscarded="38752" />
  <memory-cardclean objects="11726" bytes="556904" />
  <regions eden="24" other="2" />
  <remembered-set-cleared processed="45722" cleared="4505" durationms="0.226" />
  <references type="weak" candidates="6" cleared="0" enqueued="0" />
  <stringconstants candidates="13760" cleared="0"  />
</gc-op>
<gc-op id="1024" type="classunload" timems="0.006" contextid="1020" timestamp="2019-07-07T05:34:40.671">
  <classunload-info classloadercandidates="54" classloadersunloaded="0" classesunloaded="0" anonymousclassesunloaded="0" quiescems="0.000" setupms="0.005" scanms="0.000" postms="0.000" />
</gc-op>
<gc-end id="1025" type="partial gc" contextid="1020" durationms="3.922" usertimems="12.000" systemtimems="0.000" timestamp="2019-07-07T05:34:40.671" activeThreads="4">
  <mem-info id="1026" free="45088768" total="73400320" percent="61">
    <mem type="eden" free="1048552" total="1048576" percent="99" />
    <remembered-set count="47520" freebytes="2739840" totalbytes="2929920" percent="93" regionsoverflowed="0" regionsstable="3" regionsrebuilding="5"/>
  </mem-info>
</gc-end>
<cycle-end id="1027" type="partial gc" contextid="1020" timestamp="2019-07-07T05:34:40.671" />
  <attribute name="elasticGC enabled" value="1" />
  <attribute name= "numThreadsSpecified" value="4" />
  <attribute name="heapSize specified" value="0" />
  <attribute name="Current GC Util" value="0" />
  <attribute name= "Current Time Running" value="10195" />
  <attribute name ="GC Interval" value="0" />
  <attribute name="ProportionalT" value="-10.000000" />
  <attribute name="ProportionalI" value="-10.000000" />
  <attribute name="ProportionalH" value="-10.000000" />
  <attribute name="Current Error" value="-20.000000" />
  <attribute name="IntegralT" value="0.000000" />
  <attribute name="IntegralI" value="0.000000" />
  <attribute name="IntegralH" value="0.000000" />
  <attribute name="DerivativeT" value="-inf" />
  <attribute name="DerivativeI" value="-inf" />
  <attribute name="DerivativeH" value="-inf" />
  <attribute name="Loop Time for DT" value="0.000000" />
  <attribute name="Output H" value="2091843584"/>
  <attribute name="Output I" value="200"/>
  <attribute name="Output T" value="4"/>
  <attribute name="Target GC Util Change" value ="20.000000" />
  <attribute name="Current GC Util Change" value="0.000000"/>
  <attribute name="GC Util currently" value="0" />
  <attribute name="CPU Util currently" value="29117120420505" />
<exclusive-end id="1028" timestamp="2019-07-07T05:34:40.671" durationms="4.805" />

<exclusive-start id="1029" timestamp="2019-07-07T05:34:40.677" intervalms="11.066">
  <response-info timems="0.118" idlems="0.118" threads="0" lastid="00000000020B9700" lastname="main" />
</exclusive-start>
<allocation-taxation id="1030" taxation-threshold="12582912" timestamp="2019-07-07T05:34:40.678" intervalms="11.124" />
<gc-start id="1031" type="global mark phase" contextid="948" timestamp="2019-07-07T05:34:40.678">
  <mem-info id="1032" free="32505856" total="73400320" percent="44">
    <remembered-set count="46208" freebytes="2745088" totalbytes="2929920" percent="93" regionsoverflowed="0" regionsstable="4" regionsrebuilding="5"/>
  </mem-info>
</gc-start>
<gc-end id="1033" type="global mark phase" contextid="948" durationms="0.137" usertimems="4.000" systemtimems="0.000" timestamp="2019-07-07T05:34:40.678" activeThreads="4">
  <mem-info id="1034" free="32505856" total="73400320" percent="44">
    <remembered-set count="46208" freebytes="2745088" totalbytes="2929920" percent="93" regionsoverflowed="0" regionsstable="4" regionsrebuilding="5"/>
  </mem-info>
</gc-end>
<concurrent-start id="1035" type="GMP work packet processing" contextid="948" timestamp="2019-07-07T05:34:40.678">
  <concurrent-mark-start scanTarget="2235102" />
</concurrent-start>
<exclusive-end id="1036" timestamp="2019-07-07T05:34:40.680" durationms="2.080" />

<concurrent-end id="1037" type="GMP work packet processing" contextid="948" timestamp="2019-07-07T05:34:40.680">
  <concurrent-mark-end bytesScanned="2268884" reasonForTermination="Work target met" />
</concurrent-end>

<exclusive-start id="1038" timestamp="2019-07-07T05:34:40.686" intervalms="8.278">
  <response-info timems="0.110" idlems="0.110" threads="0" lastid="00000000020B9700" lastname="main" />
</exclusive-start>
<allocation-taxation id="1039" taxation-threshold="12582912" timestamp="2019-07-07T05:34:40.686" intervalms="8.229" />
<cycle-start id="1040" type="partial gc" contextid="0" timestamp="2019-07-07T05:34:40.686" intervalms="19.361" />
<gc-start id="1041" type="partial gc" contextid="1040" timestamp="2019-07-07T05:34:40.686">
  <mem-info id="1042" free="19922944" total="73400320" percent="27">
    <mem type="eden" free="1048552" total="26214400" percent="3" />
    <remembered-set count="50464" freebytes="2728064" totalbytes="2929920" percent="93" regionsoverflowed="0" regionsstable="4" regionsrebuilding="5"/>
  </mem-info>
</gc-start>
<allocation-stats totalBytes="25080968" >
  <allocated-bytes non-tlh="0" tlh="25080968" arrayletleaf="0"/>
  <largest-consumer threadName="main" threadId="00000000020B9700" bytes="12541728" />
</allocation-stats>
<gc-op id="1043" type="copy forward" timems="4.978" contextid="1040" timestamp="2019-07-07T05:34:40.692">
  <memory-copied type="eden" objects="1" bytes="24" bytesdiscarded="0" />
  <memory-copied type="other" objects="40185" bytes="1047784" bytesdiscarded="176" />
  <memory-cardclean objects="6298" bytes="177016" />
  <regions eden="24" other="2" />
  <remembered-set-cleared processed="47727" cleared="2393" durationms="0.429" />
  <references type="soft" candidates="2139" cleared="0" enqueued="0" dynamicThreshold="14" maxThreshold="32" />
  <references type="weak" candidates="76" cleared="0" enqueued="0" />
  <stringconstants candidates="13760" cleared="0"  />
</gc-op>
<gc-op id="1044" type="classunload" timems="0.005" contextid="1040" timestamp="2019-07-07T05:34:40.692">
  <classunload-info classloadercandidates="54" classloadersunloaded="0" classesunloaded="0" anonymousclassesunloaded="0" quiescems="0.000" setupms="0.005" scanms="0.000" postms="0.000" />
</gc-op>
<gc-end id="1045" type="partial gc" contextid="1040" durationms="6.127" usertimems="8.000" systemtimems="4.000" timestamp="2019-07-07T05:34:40.692" activeThreads="1">
  <mem-info id="1046" free="45088768" total="73400320" percent="61">
    <mem type="eden" free="1048552" total="1048576" percent="99" />
    <remembered-set count="50496" freebytes="2727936" totalbytes="2929920" percent="93" regionsoverflowed="0" regionsstable="4" regionsrebuilding="5"/>
  </mem-info>
</gc-end>
<cycle-end id="1047" type="partial gc" contextid="1040" timestamp="2019-07-07T05:34:40.693" />
  <attribute name="elasticGC enabled" value="1" />
  <attribute name= "numThreadsSpecified" value="1" />
  <attribute name="heapSize specified" value="0" />
  <attribute name="Current GC Util" value="43" />
  <attribute name= "Current Time Running" value="10214" />
  <attribute name ="GC Interval" value="0" />
  <attribute name="ProportionalT" value="11.500000" />
  <attribute name="ProportionalI" value="11.500000" />
  <attribute name="ProportionalH" value="11.500000" />
  <attribute name="Current Error" value="23.000000" />
  <attribute name="IntegralT" value="0.000000" />
  <attribute name="IntegralI" value="0.000000" />
  <attribute name="IntegralH" value="0.000000" />
  <attribute name="DerivativeT" value="inf" />
  <attribute name="DerivativeI" value="inf" />
  <attribute name="DerivativeH" value="inf" />
  <attribute name="Loop Time for DT" value="0.000000" />
  <attribute name="Output H" value="8388608"/>
  <attribute name="Output I" value="200"/>
  <attribute name="Output T" value="1"/>
  <attribute name="Target GC Util Change" value ="20.000000" />
  <attribute name="Current GC Util Change" value="43.000000"/>
  <attribute name="GC Util currently" value="43" />
  <attribute name="CPU Util currently" value="15965567143091" />
<exclusive-end id="1048" timestamp="2019-07-07T05:34:40.693" durationms="7.127" />

<exclusive-start id="1049" timestamp="2019-07-07T05:34:40.704" intervalms="18.071">
  <response-info timems="0.076" idlems="0.076" threads="0" lastid="00000000020B9700" lastname="main" />
</exclusive-start>
<allocation-taxation id="1050" taxation-threshold="12582912" timestamp="2019-07-07T05:34:40.704" intervalms="18.117" />
<gc-start id="1051" type="global mark phase" contextid="948" timestamp="2019-07-07T05:34:40.704">
  <mem-info id="1052" free="32505856" total="73400320" percent="44">
    <remembered-set count="49536" freebytes="2731776" totalbytes="2929920" percent="93" regionsoverflowed="0" regionsstable="5" regionsrebuilding="5"/>
  </mem-info>
</gc-start>
<gc-end id="1053" type="global mark phase" contextid="948" durationms="0.125" usertimems="0.000" systemtimems="0.000" timestamp="2019-07-07T05:34:40.704" activeThreads="1">
  <mem-info id="1054" free="32505856" total="73400320" percent="44">
    <remembered-set count="49536" freebytes="2731776" totalbytes="2929920" percent="93" regionsoverflowed="0" regionsstable="5" regionsrebuilding="5"/>
  </mem-info>
</gc-end>
<concurrent-start id="1055" type="GMP work packet processing" contextid="948" timestamp="2019-07-07T05:34:40.704">
  <concurrent-mark-start scanTarget="1048576" />
</concurrent-start>
<exclusive-end id="1056" timestamp="2019-07-07T05:34:40.705" durationms="0.769" />

<concurrent-end id="1057" type="GMP work packet processing" contextid="948" timestamp="2019-07-07T05:34:40.705">
  <concurrent-mark-end bytesScanned="1081332" reasonForTermination="Work target met" />
</concurrent-end>

<exclusive-start id="1058" timestamp="2019-07-07T05:34:40.717" intervalms="13.691">
  <response-info timems="0.073" idlems="0.073" threads="0" lastid="00000000020B9700" lastname="main" />
</exclusive-start>
<allocation-taxation id="1059" taxation-threshold="12582912" timestamp="2019-07-07T05:34:40.718" intervalms="13.631" />
<cycle-start id="1060" type="partial gc" contextid="0" timestamp="2019-07-07T05:34:40.718" intervalms="31.741" />
<gc-start id="1061" type="partial gc" contextid="1060" timestamp="2019-07-07T05:34:40.718">
  <mem-info id="1062" free="19922944" total="73400320" percent="27">
    <mem type="eden" free="1048552" total="26214400" percent="3" />
    <remembered-set count="53152" freebytes="2717312" totalbytes="2929920" percent="92" regionsoverflowed="0" regionsstable="5" regionsrebuilding="5"/>
  </mem-info>
</gc-start>
<allocation-stats totalBytes="25011072" >
  <allocated-bytes non-tlh="0" tlh="25011072" arrayletleaf="0"/>
  <largest-consumer threadName="main" threadId="00000000020B9700" bytes="12499200" />
</allocation-stats>
<gc-op id="1063" type="copy forward" timems="1.550" contextid="1060" timestamp="2019-07-07T05:34:40.720">
  <memory-copied type="eden" objects="28" bytes="1960" bytesdiscarded="0" />
  <memory-copied type="other" objects="0" bytes="0" bytesdiscarded="0" />
  <memory-cardclean objects="90" bytes="2824" />
  <regions eden="24" other="1" />
  <remembered-set-cleared processed="51035" cleared="30" durationms="0.433" />
  <stringconstants candidates="13760" cleared="0"  />
</gc-op>
<gc-op id="1064" type="classunload" timems="0.006" contextid="1060" timestamp="2019-07-07T05:34:40.720">
  <classunload-info classloadercandidates="54" classloadersunloaded="0" classesunloaded="0" anonymousclassesunloaded="0" quiescems="0.000" setupms="0.006" scanms="0.000" postms="0.000" />
</gc-op>
<gc-end id="1065" type="partial gc" contextid="1060" durationms="2.814" usertimems="4.000" systemtimems="0.000" timestamp="2019-07-07T05:34:40.721" activeThreads="1">
  <mem-info id="1066" free="45088768" total="73400320" percent="61">
    <mem type="eden" free="1046616" total="1048576" percent="99" />
    <remembered-set count="53600" freebytes="2715520" totalbytes="2929920" percent="92" regionsoverflowed="0" regionsstable="5" regionsrebuilding="5"/>
  </mem-info>
</gc-end>
<cycle-end id="1067" type="partial gc" contextid="1060" timestamp="2019-07-07T05:34:40.721" />
  <attribute name="elasticGC enabled" value="1" />
  <attribute name= "numThreadsSpecified" value="1" />
  <attribute name="heapSize specified" value="0" />
  <attribute name="Current GC Util" value="43" />
  <attribute name= "Current Time Running" value="10246" />
  <attribute name ="GC Interval" value="0" />
  <attribute name="ProportionalT" value="11.500000" />
  <attribute name="ProportionalI" value="11.500000" />
  <attribute name="ProportionalH" value="11.500000" />
  <attribute name="Current Error" value="23.000000" />
  <attribute name="IntegralT" value="0.000000" />
  <attribute name="IntegralI" value="0.000000" />
  <attribute name="IntegralH" value="0.000000" />
  <attribute name="DerivativeT" value="inf" />
  <attribute name="DerivativeI" value="inf" />
  <attribute name="DerivativeH" value="inf" />
  <attribute name="Loop Time for DT" value="0.000000" />
  <attribute name="Output H" value="8388608"/>
  <attribute name="Output I" value="200"/>
  <attribute name="Output T" value="1"/>
  <attribute name="Target GC Util Change" value ="20.000000" />
  <attribute name="Current GC Util Change" value="43.000000"/>
  <attribute name="GC Util currently" value="43" />
  <attribute name="CPU Util currently" value="17450000000865" />
<exclusive-end id="1068" timestamp="2019-07-07T05:34:40.721" durationms="3.695" />

<exclusive-start id="1069" timestamp="2019-07-07T05:34:40.733" intervalms="15.549">
  <response-info timems="0.084" idlems="0.084" threads="0" lastid="00000000020B9700" lastname="main" />
</exclusive-start>
<allocation-taxation id="1070" taxation-threshold="12582912" timestamp="2019-07-07T05:34:40.733" intervalms="15.608" />
<gc-start id="1071" type="global mark phase" contextid="948" timestamp="2019-07-07T05:34:40.733">
  <mem-info id="1072" free="32505856" total="73400320" percent="44">
    <remembered-set count="53152" freebytes="2717312" totalbytes="2929920" percent="92" regionsoverflowed="0" regionsstable="5" regionsrebuilding="5"/>
  </mem-info>
</gc-start>
<gc-end id="1073" type="global mark phase" contextid="948" durationms="0.193" usertimems="0.000" systemtimems="0.000" timestamp="2019-07-07T05:34:40.733" activeThreads="1">
  <mem-info id="1074" free="32505856" total="73400320" percent="44">
    <remembered-set count="53152" freebytes="2717312" totalbytes="2929920" percent="92" regionsoverflowed="0" regionsstable="5" regionsrebuilding="5"/>
  </mem-info>
</gc-end>
<concurrent-start id="1075" type="GMP work packet processing" contextid="948" timestamp="2019-07-07T05:34:40.734">
  <concurrent-mark-start scanTarget="1048576" />
</concurrent-start>
<exclusive-end id="1076" timestamp="2019-07-07T05:34:40.735" durationms="1.610" />

<concurrent-end id="1077" type="GMP work packet processing" contextid="948" timestamp="2019-07-07T05:34:40.735">
  <concurrent-mark-end bytesScanned="1084588" reasonForTermination="Work target met" />
</concurrent-end>

<exclusive-start id="1078" timestamp="2019-07-07T05:34:40.744" intervalms="10.883">
  <response-info timems="0.257" idlems="0.257" threads="0" lastid="00000000020B9700" lastname="main" />
</exclusive-start>
<allocation-taxation id="1079" taxation-threshold="12582912" timestamp="2019-07-07T05:34:40.744" intervalms="10.910" />
<cycle-start id="1080" type="partial gc" contextid="0" timestamp="2019-07-07T05:34:40.744" intervalms="26.580" />
<gc-start id="1081" type="partial gc" contextid="1080" timestamp="2019-07-07T05:34:40.745">
  <mem-info id="1082" free="19922944" total="73400320" percent="27">
    <mem type="eden" free="0" total="25165824" percent="0" />
    <remembered-set count="63264" freebytes="2676864" totalbytes="2929920" percent="91" regionsoverflowed="0" regionsstable="5" regionsrebuilding="5"/>
  </mem-info>
</gc-start>
<allocation-stats totalBytes="24998400" >
  <allocated-bytes non-tlh="0" tlh="24998400" arrayletleaf="0"/>
  <largest-consumer threadName="main" threadId="00000000020B9700" bytes="12499200" />
</allocation-stats>
<gc-op id="1083" type="copy forward" timems="1.743" contextid="1080" timestamp="2019-07-07T05:34:40.747">
  <memory-copied type="eden" objects="1" bytes="40" bytesdiscarded="0" />
  <memory-copied type="other" objects="27" bytes="1920" bytesdiscarded="0" />
  <memory-cardclean objects="67" bytes="2408" />
  <regions eden="24" other="1" />
  <remembered-set-cleared processed="61609" cleared="38" durationms="0.492" />
  <stringconstants candidates="13760" cleared="0"  />
</gc-op>
<gc-op id="1084" type="classunload" timems="0.004" contextid="1080" timestamp="2019-07-07T05:34:40.747">
  <classunload-info classloadercandidates="54" classloadersunloaded="0" classesunloaded="0" anonymousclassesunloaded="0" quiescems="0.000" setupms="0.004" scanms="0.000" postms="0.000" />
</gc-op>
<gc-end id="1085" type="partial gc" contextid="1080" durationms="2.867" usertimems="4.000" systemtimems="0.000" timestamp="2019-07-07T05:34:40.747" activeThreads="1">
  <mem-info id="1086" free="44040192" total="73400320" percent="60">
    <mem type="eden" free="1048536" total="1048576" percent="99" />
    <remembered-set count="63744" freebytes="2674944" totalbytes="2929920" percent="91" regionsoverflowed="0" regionsstable="5" regionsrebuilding="5"/>
  </mem-info>
</gc-end>
<cycle-end id="1087" type="partial gc" contextid="1080" timestamp="2019-07-07T05:34:40.748" />
  <attribute name="elasticGC enabled" value="1" />
  <attribute name= "numThreadsSpecified" value="1" />
  <attribute name="heapSize specified" value="0" />
  <attribute name="Current GC Util" value="51" />
  <attribute name= "Current Time Running" value="10272" />
  <attribute name ="GC Interval" value="0" />
  <attribute name="ProportionalT" value="15.500000" />
  <attribute name="ProportionalI" value="15.500000" />
  <attribute name="ProportionalH" value="15.500000" />
  <attribute name="Current Error" value="31.000000" />
  <attribute name="IntegralT" value="0.000000" />
  <attribute name="IntegralI" value="0.000000" />
  <attribute name="IntegralH" value="0.000000" />
  <attribute name="DerivativeT" value="inf" />
  <attribute name="DerivativeI" value="inf" />
  <attribute name="DerivativeH" value="inf" />
  <attribute name="Loop Time for DT" value="0.000000" />
  <attribute name="Output H" value="8388608"/>
  <attribute name="Output I" value="200"/>
  <attribute name="Output T" value="1"/>
  <attribute name="Target GC Util Change" value ="20.000000" />
  <attribute name="Current GC Util Change" value="51.000000"/>
  <attribute name="GC Util currently" value="51" />
  <attribute name="CPU Util currently" value="19788482251037" />
<exclusive-end id="1088" timestamp="2019-07-07T05:34:40.748" durationms="3.980" />

<exclusive-start id="1089" timestamp="2019-07-07T05:34:40.757" intervalms="13.245">
  <response-info timems="0.155" idlems="0.155" threads="0" lastid="00000000020B9700" lastname="main" />
</exclusive-start>
<allocation-taxation id="1090" taxation-threshold="12582912" timestamp="2019-07-07T05:34:40.757" intervalms="13.277" />
<gc-start id="1091" type="global mark phase" contextid="948" timestamp="2019-07-07T05:34:40.758">
  <mem-info id="1092" free="31457280" total="73400320" percent="42">
    <remembered-set count="63264" freebytes="2676864" totalbytes="2929920" percent="91" regionsoverflowed="0" regionsstable="5" regionsrebuilding="5"/>
  </mem-info>
</gc-start>
<gc-end id="1093" type="global mark phase" contextid="948" durationms="0.136" usertimems="0.000" systemtimems="0.000" timestamp="2019-07-07T05:34:40.758" activeThreads="1">
  <mem-info id="1094" free="31457280" total="73400320" percent="42">
    <remembered-set count="63264" freebytes="2676864" totalbytes="2929920" percent="91" regionsoverflowed="0" regionsstable="5" regionsrebuilding="5"/>
  </mem-info>
</gc-end>
<concurrent-start id="1095" type="GMP work packet processing" contextid="948" timestamp="2019-07-07T05:34:40.758">
  <concurrent-mark-start scanTarget="1048576" />
</concurrent-start>
<exclusive-end id="1096" timestamp="2019-07-07T05:34:40.759" durationms="1.708" />

<concurrent-end id="1097" type="GMP work packet processing" contextid="948" timestamp="2019-07-07T05:34:40.759">
  <concurrent-mark-end bytesScanned="1091688" reasonForTermination="Work target met" />
</concurrent-end>

<exclusive-start id="1098" timestamp="2019-07-07T05:34:40.770" intervalms="12.453">
  <response-info timems="1.549" idlems="0.803" threads="1" lastid="00000000020C0F00" lastname="JIT Compilation Thread-1" />
</exclusive-start>
<allocation-taxation id="1099" taxation-threshold="12582912" timestamp="2019-07-07T05:34:40.770" intervalms="12.429" />
<cycle-start id="1100" type="partial gc" contextid="0" timestamp="2019-07-07T05:34:40.770" intervalms="25.716" />
<gc-start id="1101" type="partial gc" contextid="1100" timestamp="2019-07-07T05:34:40.770">
  <mem-info id="1102" free="18874368" total="73400320" percent="25">
    <mem type="eden" free="1048536" total="26214400" percent="3" />
    <remembered-set count="64352" freebytes="2672512" totalbytes="2929920" percent="91" regionsoverflowed="0" regionsstable="5" regionsrebuilding="5"/>
  </mem-info>
</gc-start>
<allocation-stats totalBytes="25004088" >
  <allocated-bytes non-tlh="0" tlh="25004088" arrayletleaf="0"/>
  <largest-consumer threadName="main" threadId="00000000020B9700" bytes="12504048" />
</allocation-stats>
<gc-op id="1103" type="copy forward" timems="4.263" contextid="1100" timestamp="2019-07-07T05:34:40.776">
  <memory-copied type="eden" objects="2" bytes="64" bytesdiscarded="0" />
  <memory-copied type="other" objects="1710" bytes="696376" bytesdiscarded="288" />
  <memory-cardclean objects="15339" bytes="764848" />
  <regions eden="24" other="3" />
  <remembered-set-cleared processed="60785" cleared="4322" durationms="0.514" />
  <finalization candidates="9" enqueued="0" />
  <ownableSynchronizers candidates="16" cleared="0" />
  <references type="soft" candidates="4" cleared="0" enqueued="0" dynamicThreshold="13" maxThreshold="32" />
  <references type="weak" candidates="181" cleared="0" enqueued="0" />
  <references type="phantom" candidates="29" cleared="0" enqueued="0" />
  <stringconstants candidates="13760" cleared="0"  />
</gc-op>
<gc-op id="1104" type="classunload" timems="0.005" contextid="1100" timestamp="2019-07-07T05:34:40.776">
  <classunload-info classloadercandidates="54" classloadersunloaded="0" classesunloaded="0" anonymousclassesunloaded="0" quiescems="0.000" setupms="0.005" scanms="0.000" postms="0.000" />
</gc-op>
<heap-resize id="1105" type="contract" space="default" amount="3145728" count="1" timems="0.235" reason="excess free space following gc" timestamp="2019-07-07T05:34:40.776" />
<gc-end id="1106" type="partial gc" contextid="1100" durationms="5.844" usertimems="4.000" systemtimems="0.000" timestamp="2019-07-07T05:34:40.776" activeThreads="1">
  <mem-info id="1107" free="42991616" total="70254592" percent="61">
    <mem type="eden" free="1048512" total="1048576" percent="99" />
    <remembered-set count="64288" freebytes="2672768" totalbytes="2929920" percent="91" regionsoverflowed="0" regionsstable="5" regionsrebuilding="5"/>
  </mem-info>
</gc-end>
<cycle-end id="1108" type="partial gc" contextid="1100" timestamp="2019-07-07T05:34:40.776" />
  <attribute name="elasticGC enabled" value="1" />
  <attribute name= "numThreadsSpecified" value="1" />
  <attribute name="heapSize specified" value="0" />
  <attribute name="Current GC Util" value="157" />
  <attribute name= "Current Time Running" value="10298" />
  <attribute name ="GC Interval" value="0" />
  <attribute name="ProportionalT" value="68.500000" />
  <attribute name="ProportionalI" value="68.500000" />
  <attribute name="ProportionalH" value="68.500000" />
  <attribute name="Current Error" value="137.000000" />
  <attribute name="IntegralT" value="0.000000" />
  <attribute name="IntegralI" value="0.000000" />
  <attribute name="IntegralH" value="0.000000" />
  <attribute name="DerivativeT" value="inf" />
  <attribute name="DerivativeI" value="inf" />
  <attribute name="DerivativeH" value="inf" />
  <attribute name="Loop Time for DT" value="0.000000" />
  <attribute name="Output H" value="8388608"/>
  <attribute name="Output I" value="200"/>
  <attribute name="Output T" value="1"/>
  <attribute name="Target GC Util Change" value ="20.000000" />
  <attribute name="Current GC Util Change" value="157.000000"/>
  <attribute name="GC Util currently" value="157" />
  <attribute name="CPU Util currently" value="13099854846349" />
<exclusive-end id="1109" timestamp="2019-07-07T05:34:40.777" durationms="7.128" />

<exclusive-start id="1110" timestamp="2019-07-07T05:34:40.785" intervalms="15.360">
  <response-info timems="0.095" idlems="0.095" threads="0" lastid="00000000020B9700" lastname="main" />
</exclusive-start>
<allocation-taxation id="1111" taxation-threshold="11534336" timestamp="2019-07-07T05:34:40.785" intervalms="15.335" />
<gc-start id="1112" type="global mark phase" contextid="948" timestamp="2019-07-07T05:34:40.785">
  <mem-info id="1113" free="31457280" total="70254592" percent="44">
    <remembered-set count="64224" freebytes="2673024" totalbytes="2929920" percent="91" regionsoverflowed="0" regionsstable="5" regionsrebuilding="5"/>
  </mem-info>
</gc-start>
<gc-end id="1114" type="global mark phase" contextid="948" durationms="0.209" usertimems="0.000" systemtimems="0.000" timestamp="2019-07-07T05:34:40.786" activeThreads="1">
  <mem-info id="1115" free="31457280" total="70254592" percent="44">
    <remembered-set count="64224" freebytes="2673024" totalbytes="2929920" percent="91" regionsoverflowed="0" regionsstable="5" regionsrebuilding="5"/>
  </mem-info>
</gc-end>
<concurrent-start id="1116" type="GMP work packet processing" contextid="948" timestamp="2019-07-07T05:34:40.786">
  <concurrent-mark-start scanTarget="1048576" />
</concurrent-start>
<exclusive-end id="1117" timestamp="2019-07-07T05:34:40.786" durationms="0.899" />

<concurrent-end id="1118" type="GMP work packet processing" contextid="948" timestamp="2019-07-07T05:34:40.786">
  <concurrent-mark-end bytesScanned="213504" reasonForTermination="Completed all work in GC phase" />
</concurrent-end>

<exclusive-start id="1119" timestamp="2019-07-07T05:34:40.792" intervalms="7.403">
  <response-info timems="0.063" idlems="0.063" threads="0" lastid="00000000020B9700" lastname="main" />
</exclusive-start>
<allocation-taxation id="1120" taxation-threshold="11534336" timestamp="2019-07-07T05:34:40.792" intervalms="7.345" />
<cycle-start id="1121" type="partial gc" contextid="0" timestamp="2019-07-07T05:34:40.793" intervalms="22.662" />
<gc-start id="1122" type="partial gc" contextid="1121" timestamp="2019-07-07T05:34:40.793">
  <mem-info id="1123" free="19922944" total="70254592" percent="28">
    <mem type="eden" free="1048512" total="24117248" percent="4" />
    <remembered-set count="64224" freebytes="2673024" totalbytes="2929920" percent="91" regionsoverflowed="0" regionsstable="5" regionsrebuilding="5"/>
  </mem-info>
</gc-start>
<allocation-stats totalBytes="22924040" >
  <allocated-bytes non-tlh="0" tlh="22924040" arrayletleaf="0"/>
  <largest-consumer threadName="main" threadId="00000000020B9700" bytes="11462000" />
</allocation-stats>
<gc-op id="1124" type="copy forward" timems="7.333" contextid="1121" timestamp="2019-07-07T05:34:40.801">
  <memory-copied type="eden" objects="1" bytes="24" bytesdiscarded="0" />
  <memory-copied type="other" objects="0" bytes="0" bytesdiscarded="0" />
  <memory-cardclean objects="98069" bytes="3403208" />
  <regions eden="22" other="1" />
  <remembered-set-cleared processed="50221" cleared="14657" durationms="0.597" />
  <stringconstants candidates="13760" cleared="0"  />
</gc-op>
<gc-op id="1125" type="classunload" timems="0.004" contextid="1121" timestamp="2019-07-07T05:34:40.802">
  <classunload-info classloadercandidates="54" classloadersunloaded="0" classesunloaded="0" anonymousclassesunloaded="0" quiescems="0.000" setupms="0.004" scanms="0.000" postms="0.000" />
</gc-op>
<gc-end id="1126" type="partial gc" contextid="1121" durationms="8.842" usertimems="8.000" systemtimems="0.000" timestamp="2019-07-07T05:34:40.802" activeThreads="1">
  <mem-info id="1127" free="42991616" total="70254592" percent="61">
    <mem type="eden" free="1048552" total="1048576" percent="99" />
    <remembered-set count="52224" freebytes="2595456" totalbytes="2804352" percent="92" regionsoverflowed="0" regionsstable="5" regionsrebuilding="5"/>
  </mem-info>
</gc-end>
<cycle-end id="1128" type="partial gc" contextid="1121" timestamp="2019-07-07T05:34:40.802" />
  <attribute name="elasticGC enabled" value="1" />
  <attribute name= "numThreadsSpecified" value="1" />
  <attribute name="heapSize specified" value="0" />
  <attribute name="Current GC Util" value="95" />
  <attribute name= "Current Time Running" value="10321" />
  <attribute name ="GC Interval" value="0" />
  <attribute name="ProportionalT" value="37.500000" />
  <attribute name="ProportionalI" value="37.500000" />
  <attribute name="ProportionalH" value="37.500000" />
  <attribute name="Current Error" value="75.000000" />
  <attribute name="IntegralT" value="0.000000" />
  <attribute name="IntegralI" value="0.000000" />
  <attribute name="IntegralH" value="0.000000" />
  <attribute name="DerivativeT" value="inf" />
  <attribute name="DerivativeI" value="inf" />
  <attribute name="DerivativeH" value="inf" />
  <attribute name="Loop Time for DT" value="0.000000" />
  <attribute name="Output H" value="8388608"/>
  <attribute name="Output I" value="200"/>
  <attribute name="Output T" value="1"/>
  <attribute name="Target GC Util Change" value ="20.000000" />
  <attribute name="Current GC Util Change" value="95.000000"/>
  <attribute name="GC Util currently" value="95" />
  <attribute name="CPU Util currently" value="6903711221643" />
<exclusive-end id="1129" timestamp="2019-07-07T05:34:40.802" durationms="9.863" />

<exclusive-start id="1130" timestamp="2019-07-07T05:34:40.808" intervalms="15.598">
  <response-info timems="0.071" idlems="0.071" threads="0" lastid="00000000020B9700" lastname="main" />
</exclusive-start>
<allocation-taxation id="1131" taxation-threshold="11534336" timestamp="2019-07-07T05:34:40.808" intervalms="15.619" />
<gc-start id="1132" type="global mark phase" contextid="948" timestamp="2019-07-07T05:34:40.808">
  <mem-info id="1133" free="31457280" total="70254592" percent="44">
    <remembered-set count="51744" freebytes="2597376" totalbytes="2804352" percent="92" regionsoverflowed="0" regionsstable="5" regionsrebuilding="5"/>
  </mem-info>
</gc-start>
<gc-op id="1134" type="mark increment" timems="5.160" contextid="948" timestamp="2019-07-07T05:34:40.814">
  <trace-info objectcount="28" scancount="26" scanbytes="344816" />
  <cardclean-info objects="200361" bytes="5534676" />
  <finalization candidates="79" enqueued="0" />
  <ownableSynchronizers candidates="23" cleared="0" />
  <references type="soft" candidates="4854" cleared="0" enqueued="0" dynamicThreshold="19" maxThreshold="32" />
  <references type="weak" candidates="5563" cleared="0" enqueued="0" />
  <references type="phantom" candidates="102" cleared="1" enqueued="1" />
  <stringconstants candidates="13760" cleared="0"  />
</gc-op>
<gc-op id="1135" type="classunload" timems="0.005" contextid="948" timestamp="2019-07-07T05:34:40.814">
  <classunload-info classloadercandidates="54" classloadersunloaded="0" classesunloaded="0" anonymousclassesunloaded="0" quiescems="0.000" setupms="0.005" scanms="0.000" postms="0.000" />
</gc-op>
<gc-end id="1136" type="global mark phase" contextid="948" durationms="5.645" usertimems="16.000" systemtimems="0.000" timestamp="2019-07-07T05:34:40.814" activeThreads="4">
  <mem-info id="1137" free="31457280" total="70254592" percent="44">
    <pending-finalizers system="0" default="0" reference="1" classloader="0" />
    <remembered-set count="58912" freebytes="2568704" totalbytes="2804352" percent="91" regionsoverflowed="0" regionsstable="5" regionsrebuilding="0"/>
  </mem-info>
</gc-end>
<cycle-end id="1138" type="global mark phase" contextid="948" timestamp="2019-07-07T05:34:40.814" />
  <attribute name="elasticGC enabled" value="1" />
  <attribute name= "numThreadsSpecified" value="4" />
  <attribute name="heapSize specified" value="0" />
  <attribute name="Current GC Util" value="192" />
  <attribute name= "Current Time Running" value="10339" />
  <attribute name ="GC Interval" value="0" />
  <attribute name="ProportionalT" value="86.000000" />
  <attribute name="ProportionalI" value="86.000000" />
  <attribute name="ProportionalH" value="86.000000" />
  <attribute name="Current Error" value="172.000000" />
  <attribute name="IntegralT" value="0.000000" />
  <attribute name="IntegralI" value="0.000000" />
  <attribute name="IntegralH" value="0.000000" />
  <attribute name="DerivativeT" value="-inf" />
  <attribute name="DerivativeI" value="-inf" />
  <attribute name="DerivativeH" value="-inf" />
  <attribute name="Loop Time for DT" value="0.000000" />
  <attribute name="Output H" value="2091843584"/>
  <attribute name="Output I" value="200"/>
  <attribute name="Output T" value="4"/>
  <attribute name="Target GC Util Change" value ="20.000000" />
  <attribute name="Current GC Util Change" value="192.000000"/>
  <attribute name="GC Util currently" value="192" />
  <attribute name="CPU Util currently" value="10223427695821" />
<exclusive-end id="1139" timestamp="2019-07-07T05:34:40.814" durationms="6.255" />

<exclusive-start id="1140" timestamp="2019-07-07T05:34:40.820" intervalms="12.245">
  <response-info timems="0.068" idlems="0.068" threads="0" lastid="00000000020B9700" lastname="main" />
</exclusive-start>
<allocation-taxation id="1141" taxation-threshold="11534336" timestamp="2019-07-07T05:34:40.820" intervalms="12.247" />
<cycle-start id="1142" type="partial gc" contextid="0" timestamp="2019-07-07T05:34:40.821" intervalms="27.876" />
<gc-start id="1143" type="partial gc" contextid="1142" timestamp="2019-07-07T05:34:40.821">
  <mem-info id="1144" free="19922944" total="70254592" percent="28">
    <mem type="eden" free="1048552" total="24117248" percent="4" />
    <remembered-set count="44480" freebytes="2626432" totalbytes="2804352" percent="93" regionsoverflowed="0" regionsstable="7" regionsrebuilding="0"/>
  </mem-info>
</gc-start>
<allocation-stats totalBytes="22924056" >
  <allocated-bytes non-tlh="0" tlh="22924056" arrayletleaf="0"/>
  <largest-consumer threadName="main" threadId="00000000020B9700" bytes="11462040" />
</allocation-stats>
<gc-op id="1145" type="sweep" timems="0.975" contextid="1142" timestamp="2019-07-07T05:34:40.822" />
<gc-op id="1146" type="copy forward" timems="1.195" contextid="1142" timestamp="2019-07-07T05:34:40.824">
  <memory-copied type="eden" objects="1" bytes="24" bytesdiscarded="0" />
  <memory-copied type="other" objects="0" bytes="0" bytesdiscarded="0" />
  <memory-cardclean objects="48" bytes="2416" />
  <regions eden="11" other="1" />
  <remembered-set-cleared processed="42867" cleared="19" durationms="0.357" />
  <stringconstants candidates="13760" cleared="0"  />
</gc-op>
<gc-op id="1147" type="classunload" timems="0.003" contextid="1142" timestamp="2019-07-07T05:34:40.824">
  <classunload-info classloadercandidates="54" classloadersunloaded="0" classesunloaded="0" anonymousclassesunloaded="0" quiescems="0.000" setupms="0.003" scanms="0.000" postms="0.000" />
</gc-op>
<gc-end id="1148" type="partial gc" contextid="1142" durationms="3.565" usertimems="4.000" systemtimems="0.000" timestamp="2019-07-07T05:34:40.824" activeThreads="1">
  <mem-info id="1149" free="42991616" total="70254592" percent="61">
    <mem type="eden" free="1048552" total="1048576" percent="99" />
    <remembered-set count="44960" freebytes="2624512" totalbytes="2804352" percent="93" regionsoverflowed="0" regionsstable="7" regionsrebuilding="0"/>
  </mem-info>
</gc-end>
<cycle-end id="1150" type="partial gc" contextid="1142" timestamp="2019-07-07T05:34:40.824" />
  <attribute name="elasticGC enabled" value="1" />
  <attribute name= "numThreadsSpecified" value="1" />
  <attribute name="heapSize specified" value="0" />
  <attribute name="Current GC Util" value="183" />
  <attribute name= "Current Time Running" value="10350" />
  <attribute name ="GC Interval" value="0" />
  <attribute name="ProportionalT" value="81.500000" />
  <attribute name="ProportionalI" value="81.500000" />
  <attribute name="ProportionalH" value="81.500000" />
  <attribute name="Current Error" value="163.000000" />
  <attribute name="IntegralT" value="0.000000" />
  <attribute name="IntegralI" value="0.000000" />
  <attribute name="IntegralH" value="0.000000" />
  <attribute name="DerivativeT" value="inf" />
  <attribute name="DerivativeI" value="inf" />
  <attribute name="DerivativeH" value="inf" />
  <attribute name="Loop Time for DT" value="0.000000" />
  <attribute name="Output H" value="8388608"/>
  <attribute name="Output I" value="200"/>
  <attribute name="Output T" value="1"/>
  <attribute name="Target GC Util Change" value ="20.000000" />
  <attribute name="Current GC Util Change" value="183.000000"/>
  <attribute name="GC Util currently" value="183" />
  <attribute name="CPU Util currently" value="14920397556493" />
<exclusive-end id="1151" timestamp="2019-07-07T05:34:40.825" durationms="4.705" />

<exclusive-start id="1152" timestamp="2019-07-07T05:34:40.837" intervalms="16.683">
  <response-info timems="0.241" idlems="0.241" threads="0" lastid="00000000020B9700" lastname="main" />
</exclusive-start>
<allocation-taxation id="1153" taxation-threshold="24117248" timestamp="2019-07-07T05:34:40.837" intervalms="16.736" />
<cycle-start id="1154" type="partial gc" contextid="0" timestamp="2019-07-07T05:34:40.837" intervalms="16.781" />
<gc-start id="1155" type="partial gc" contextid="1154" timestamp="2019-07-07T05:34:40.838">
  <mem-info id="1156" free="18874368" total="70254592" percent="26">
    <mem type="eden" free="1048552" total="25165824" percent="4" />
    <remembered-set count="44512" freebytes="2626304" totalbytes="2804352" percent="93" regionsoverflowed="0" regionsstable="7" regionsrebuilding="0"/>
  </mem-info>
</gc-start>
<allocation-stats totalBytes="23966088" >
  <allocated-bytes non-tlh="0" tlh="23966088" arrayletleaf="0"/>
  <largest-consumer threadName="main" threadId="00000000020B9700" bytes="23966088" />
</allocation-stats>
<gc-op id="1157" type="copy forward" timems="3.515" contextid="1154" timestamp="2019-07-07T05:34:40.842">
  <memory-copied type="eden" objects="1" bytes="24" bytesdiscarded="0" />
  <memory-copied type="other" objects="24772" bytes="575984" bytesdiscarded="13752" />
  <memory-cardclean objects="7816" bytes="320744" />
  <regions eden="23" other="6" />
  <remembered-set-cleared processed="42368" cleared="2503" durationms="0.244" />
  <references type="weak" candidates="2" cleared="0" enqueued="0" />
  <stringconstants candidates="13760" cleared="0"  />
</gc-op>
<gc-op id="1158" type="classunload" timems="0.004" contextid="1154" timestamp="2019-07-07T05:34:40.842">
  <classunload-info classloadercandidates="54" classloadersunloaded="0" classesunloaded="0" anonymousclassesunloaded="0" quiescems="0.000" setupms="0.004" scanms="0.000" postms="0.000" />
</gc-op>
<heap-resize id="1159" type="contract" space="default" amount="4194304" count="1" timems="0.222" reason="excess free space following gc" timestamp="2019-07-07T05:34:40.842" />
<gc-end id="1160" type="partial gc" contextid="1154" durationms="5.047" usertimems="8.000" systemtimems="0.000" timestamp="2019-07-07T05:34:40.843" activeThreads="4">
  <mem-info id="1161" free="41943040" total="66060288" percent="63">
    <mem type="eden" free="1048552" total="1048576" percent="99" />
    <remembered-set count="43552" freebytes="2630144" totalbytes="2804352" percent="93" regionsoverflowed="0" regionsstable="7" regionsrebuilding="0"/>
  </mem-info>
</gc-end>
<cycle-end id="1162" type="partial gc" contextid="1154" timestamp="2019-07-07T05:34:40.843" />
  <attribute name="elasticGC enabled" value="1" />
  <attribute name= "numThreadsSpecified" value="4" />
  <attribute name="heapSize specified" value="0" />
  <attribute name="Current GC Util" value="273" />
  <attribute name= "Current Time Running" value="10366" />
  <attribute name ="GC Interval" value="0" />
  <attribute name="ProportionalT" value="126.500000" />
  <attribute name="ProportionalI" value="126.500000" />
  <attribute name="ProportionalH" value="126.500000" />
  <attribute name="Current Error" value="253.000000" />
  <attribute name="IntegralT" value="126.500000" />
  <attribute name="IntegralI" value="126.500000" />
  <attribute name="IntegralH" value="126.500000" />
  <attribute name="DerivativeT" value="253.000000" />
  <attribute name="DerivativeI" value="253.000000" />
  <attribute name="DerivativeH" value="253.000000" />
  <attribute name="Loop Time for DT" value="1.000000" />
  <attribute name="Output H" value="8388608"/>
  <attribute name="Output I" value="512"/>
  <attribute name="Output T" value="4"/>
  <attribute name="Target GC Util Change" value ="20.000000" />
  <attribute name="Current GC Util Change" value="273.000000"/>
  <attribute name="GC Util currently" value="273" />
  <attribute name="CPU Util currently" value="12964990453597" />
<exclusive-end id="1163" timestamp="2019-07-07T05:34:40.843" durationms="6.108" />

<exclusive-start id="1164" timestamp="2019-07-07T05:34:40.854" intervalms="17.396">
  <response-info timems="0.066" idlems="0.066" threads="0" lastid="00000000020B9700" lastname="main" />
</exclusive-start>
<allocation-taxation id="1165" taxation-threshold="23068672" timestamp="2019-07-07T05:34:40.854" intervalms="17.406" />
<cycle-start id="1166" type="partial gc" contextid="0" timestamp="2019-07-07T05:34:40.855" intervalms="17.357" />
<gc-start id="1167" type="partial gc" contextid="1166" timestamp="2019-07-07T05:34:40.855">
  <mem-info id="1168" free="18874368" total="66060288" percent="28">
    <mem type="eden" free="1048552" total="24117248" percent="4" />
    <remembered-set count="30048" freebytes="2684160" totalbytes="2804352" percent="95" regionsoverflowed="0" regionsstable="9" regionsrebuilding="0"/>
  </mem-info>
</gc-start>
<allocation-stats totalBytes="22924056" >
  <allocated-bytes non-tlh="0" tlh="22924056" arrayletleaf="0"/>
  <largest-consumer threadName="main" threadId="00000000020B9700" bytes="22924056" />
</allocation-stats>
<gc-op id="1169" type="copy forward" timems="2.589" contextid="1166" timestamp="2019-07-07T05:34:40.859">
  <memory-copied type="eden" objects="1" bytes="24" bytesdiscarded="0" />
  <memory-copied type="other" objects="12878" bytes="330800" bytesdiscarded="80" />
  <memory-cardclean objects="160" bytes="266032" />
  <regions eden="22" other="2" />
  <remembered-set-cleared processed="28470" cleared="574" durationms="0.277" />
  <stringconstants candidates="13760" cleared="0"  />
</gc-op>
<gc-op id="1170" type="classunload" timems="0.003" contextid="1166" timestamp="2019-07-07T05:34:40.859">
  <classunload-info classloadercandidates="54" classloadersunloaded="0" classesunloaded="0" anonymousclassesunloaded="0" quiescems="0.000" setupms="0.003" scanms="0.000" postms="0.000" />
</gc-op>
<heap-resize id="1171" type="contract" space="default" amount="4194304" count="1" timems="0.269" reason="excess free space following gc" timestamp="2019-07-07T05:34:40.859" />
<gc-end id="1172" type="partial gc" contextid="1166" durationms="4.426" usertimems="8.000" systemtimems="0.000" timestamp="2019-07-07T05:34:40.859" activeThreads="1">
  <mem-info id="1173" free="38797312" total="61865984" percent="62">
    <mem type="eden" free="1048552" total="1048576" percent="99" />
    <remembered-set count="29632" freebytes="2518400" totalbytes="2636928" percent="95" regionsoverflowed="0" regionsstable="9" regionsrebuilding="0"/>
  </mem-info>
</gc-end>
<cycle-end id="1174" type="partial gc" contextid="1166" timestamp="2019-07-07T05:34:40.860" />
  <attribute name="elasticGC enabled" value="1" />
  <attribute name= "numThreadsSpecified" value="1" />
  <attribute name="heapSize specified" value="0" />
  <attribute name="Current GC Util" value="129" />
  <attribute name= "Current Time Running" value="10383" />
  <attribute name ="GC Interval" value="0" />
  <attribute name="ProportionalT" value="54.500000" />
  <attribute name="ProportionalI" value="54.500000" />
  <attribute name="ProportionalH" value="54.500000" />
  <attribute name="Current Error" value="109.000000" />
  <attribute name="IntegralT" value="0.000000" />
  <attribute name="IntegralI" value="0.000000" />
  <attribute name="IntegralH" value="0.000000" />
  <attribute name="DerivativeT" value="inf" />
  <attribute name="DerivativeI" value="inf" />
  <attribute name="DerivativeH" value="inf" />
  <attribute name="Loop Time for DT" value="0.000000" />
  <attribute name="Output H" value="8388608"/>
  <attribute name="Output I" value="200"/>
  <attribute name="Output T" value="1"/>
  <attribute name="Target GC Util Change" value ="20.000000" />
  <attribute name="Current GC Util Change" value="129.000000"/>
  <attribute name="GC Util currently" value="129" />
  <attribute name="CPU Util currently" value="8509148139414" />
<exclusive-end id="1175" timestamp="2019-07-07T05:34:40.860" durationms="5.517" />

<exclusive-start id="1176" timestamp="2019-07-07T05:34:40.865" intervalms="10.710">
  <response-info timems="0.059" idlems="0.059" threads="0" lastid="00000000020B9700" lastname="main" />
</exclusive-start>
<allocation-taxation id="1177" taxation-threshold="10485760" timestamp="2019-07-07T05:34:40.865" intervalms="10.670" />
<cycle-start id="1178" type="global mark phase" contextid="0" timestamp="2019-07-07T05:34:40.865" intervalms="267.797" />
<gc-start id="1179" type="global mark phase" contextid="1178" timestamp="2019-07-07T05:34:40.866">
  <mem-info id="1180" free="28311552" total="61865984" percent="45">
    <remembered-set count="29184" freebytes="2520192" totalbytes="2636928" percent="95" regionsoverflowed="0" regionsstable="9" regionsrebuilding="0"/>
  </mem-info>
</gc-start>
<gc-op id="1181" type="mark increment" timems="0.903" contextid="1178" timestamp="2019-07-07T05:34:40.867">
  <trace-info objectcount="184" scancount="0" scanbytes="0" />
</gc-op>
<gc-end id="1182" type="global mark phase" contextid="1178" durationms="1.166" usertimems="0.000" systemtimems="0.000" timestamp="2019-07-07T05:34:40.867" activeThreads="1">
  <mem-info id="1183" free="28311552" total="61865984" percent="45">
    <remembered-set count="29184" freebytes="2520192" totalbytes="2636928" percent="95" regionsoverflowed="0" regionsstable="0" regionsrebuilding="9"/>
  </mem-info>
</gc-end>
<concurrent-start id="1184" type="GMP work packet processing" contextid="1178" timestamp="2019-07-07T05:34:40.867">
  <concurrent-mark-start scanTarget="1048576" />
</concurrent-start>
<exclusive-end id="1185" timestamp="2019-07-07T05:34:40.867" durationms="2.029" />

<concurrent-end id="1186" type="GMP work packet processing" contextid="1178" timestamp="2019-07-07T05:34:40.869">
  <concurrent-mark-end bytesScanned="1132916" reasonForTermination="Work target met" />
</concurrent-end>

<exclusive-start id="1187" timestamp="2019-07-07T05:34:40.874" intervalms="8.745">
  <response-info timems="0.058" idlems="0.058" threads="0" lastid="00000000020B9700" lastname="main" />
</exclusive-start>
<allocation-taxation id="1188" taxation-threshold="10485760" timestamp="2019-07-07T05:34:40.874" intervalms="8.754" />
<cycle-start id="1189" type="partial gc" contextid="0" timestamp="2019-07-07T05:34:40.874" intervalms="19.455" />
<gc-start id="1190" type="partial gc" contextid="1189" timestamp="2019-07-07T05:34:40.874">
  <mem-info id="1191" free="17825792" total="61865984" percent="28">
    <mem type="eden" free="1048552" total="22020096" percent="4" />
    <remembered-set count="31360" freebytes="2511488" totalbytes="2636928" percent="95" regionsoverflowed="0" regionsstable="0" regionsrebuilding="9"/>
  </mem-info>
</gc-start>
<allocation-stats totalBytes="20840064" >
  <allocated-bytes non-tlh="0" tlh="20840064" arrayletleaf="0"/>
  <largest-consumer threadName="main" threadId="00000000020B9700" bytes="10420032" />
</allocation-stats>
<gc-op id="1192" type="copy forward" timems="6.429" contextid="1189" timestamp="2019-07-07T05:34:40.882">
  <memory-copied type="eden" objects="1" bytes="24" bytesdiscarded="0" />
  <memory-copied type="other" objects="40346" bytes="1046048" bytesdiscarded="472" />
  <memory-cardclean objects="21963" bytes="875424" />
  <regions eden="20" other="3" />
  <remembered-set-cleared processed="27794" cleared="3929" durationms="0.304" />
  <finalization candidates="9" enqueued="0" />
  <references type="soft" candidates="1049" cleared="0" enqueued="0" dynamicThreshold="14" maxThreshold="32" />
  <references type="weak" candidates="287" cleared="0" enqueued="0" />
  <stringconstants candidates="13760" cleared="0"  />
</gc-op>
<gc-op id="1193" type="classunload" timems="0.005" contextid="1189" timestamp="2019-07-07T05:34:40.882">
  <classunload-info classloadercandidates="54" classloadersunloaded="0" classesunloaded="0" anonymousclassesunloaded="0" quiescems="0.000" setupms="0.004" scanms="0.000" postms="0.000" />
</gc-op>
<heap-resize id="1194" type="contract" space="default" amount="3145728" count="1" timems="0.238" reason="excess free space following gc" timestamp="2019-07-07T05:34:40.882" />
<gc-end id="1195" type="partial gc" contextid="1189" durationms="8.081" usertimems="12.000" systemtimems="0.000" timestamp="2019-07-07T05:34:40.882" activeThreads="1">
  <mem-info id="1196" free="36700160" total="58720256" percent="62">
    <mem type="eden" free="1048552" total="1048576" percent="99" />
    <remembered-set count="31648" freebytes="2342912" totalbytes="2469504" percent="94" regionsoverflowed="0" regionsstable="0" regionsrebuilding="9"/>
  </mem-info>
</gc-end>
<cycle-end id="1197" type="partial gc" contextid="1189" timestamp="2019-07-07T05:34:40.883" />
  <attribute name="elasticGC enabled" value="1" />
  <attribute name= "numThreadsSpecified" value="1" />
  <attribute name="heapSize specified" value="0" />
  <attribute name="Current GC Util" value="111" />
  <attribute name= "Current Time Running" value="10402" />
  <attribute name ="GC Interval" value="0" />
  <attribute name="ProportionalT" value="45.500000" />
  <attribute name="ProportionalI" value="45.500000" />
  <attribute name="ProportionalH" value="45.500000" />
  <attribute name="Current Error" value="91.000000" />
  <attribute name="IntegralT" value="0.000000" />
  <attribute name="IntegralI" value="0.000000" />
  <attribute name="IntegralH" value="0.000000" />
  <attribute name="DerivativeT" value="inf" />
  <attribute name="DerivativeI" value="inf" />
  <attribute name="DerivativeH" value="inf" />
  <attribute name="Loop Time for DT" value="0.000000" />
  <attribute name="Output H" value="8388608"/>
  <attribute name="Output I" value="200"/>
  <attribute name="Output T" value="1"/>
  <attribute name="Target GC Util Change" value ="20.000000" />
  <attribute name="Current GC Util Change" value="111.000000"/>
  <attribute name="GC Util currently" value="111" />
  <attribute name="CPU Util currently" value="8630071819617" />
<exclusive-end id="1198" timestamp="2019-07-07T05:34:40.883" durationms="9.169" />

<exclusive-start id="1199" timestamp="2019-07-07T05:34:40.888" intervalms="14.504">
  <response-info timems="0.108" idlems="0.108" threads="0" lastid="00000000020B9700" lastname="main" />
</exclusive-start>
<allocation-taxation id="1200" taxation-threshold="10485760" timestamp="2019-07-07T05:34:40.888" intervalms="14.509" />
<gc-start id="1201" type="global mark phase" contextid="1178" timestamp="2019-07-07T05:34:40.889">
  <mem-info id="1202" free="26214400" total="58720256" percent="44">
    <remembered-set count="31584" freebytes="2343168" totalbytes="2469504" percent="94" regionsoverflowed="0" regionsstable="0" regionsrebuilding="9"/>
  </mem-info>
</gc-start>
<gc-end id="1203" type="global mark phase" contextid="1178" durationms="0.141" usertimems="0.000" systemtimems="0.000" timestamp="2019-07-07T05:34:40.889" activeThreads="1">
  <mem-info id="1204" free="26214400" total="58720256" percent="44">
    <remembered-set count="31584" freebytes="2343168" totalbytes="2469504" percent="94" regionsoverflowed="0" regionsstable="0" regionsrebuilding="9"/>
  </mem-info>
</gc-end>
<concurrent-start id="1205" type="GMP work packet processing" contextid="1178" timestamp="2019-07-07T05:34:40.889">
  <concurrent-mark-start scanTarget="1048576" />
</concurrent-start>
<exclusive-end id="1206" timestamp="2019-07-07T05:34:40.889" durationms="0.780" />

<concurrent-end id="1207" type="GMP work packet processing" contextid="1178" timestamp="2019-07-07T05:34:40.890">
  <concurrent-mark-end bytesScanned="1089628" reasonForTermination="Work target met" />
</concurrent-end>

<exclusive-start id="1208" timestamp="2019-07-07T05:34:40.895" intervalms="7.118">
  <response-info timems="0.061" idlems="0.061" threads="0" lastid="00000000020B9700" lastname="main" />
</exclusive-start>
<allocation-taxation id="1209" taxation-threshold="10485760" timestamp="2019-07-07T05:34:40.896" intervalms="7.102" />
<cycle-start id="1210" type="partial gc" contextid="0" timestamp="2019-07-07T05:34:40.896" intervalms="21.587" />
<gc-start id="1211" type="partial gc" contextid="1210" timestamp="2019-07-07T05:34:40.896">
  <mem-info id="1212" free="15728640" total="58720256" percent="26">
    <mem type="eden" free="1048552" total="22020096" percent="4" />
    <remembered-set count="33632" freebytes="2334976" totalbytes="2469504" percent="94" regionsoverflowed="0" regionsstable="0" regionsrebuilding="9"/>
  </mem-info>
</gc-start>
<allocation-stats totalBytes="20840064" >
  <allocated-bytes non-tlh="0" tlh="20840064" arrayletleaf="0"/>
  <largest-consumer threadName="main" threadId="00000000020B9700" bytes="10420032" />
</allocation-stats>
<gc-op id="1213" type="copy forward" timems="9.548" contextid="1210" timestamp="2019-07-07T05:34:40.907">
  <memory-copied type="eden" objects="1" bytes="24" bytesdiscarded="0" />
  <memory-copied type="other" objects="45320" bytes="1350752" bytesdiscarded="240" />
  <memory-cardclean objects="73744" bytes="2623016" />
  <regions eden="20" other="3" />
  <remembered-set-cleared processed="24692" cleared="6094" durationms="0.308" />
  <ownableSynchronizers candidates="1" cleared="0" />
  <references type="soft" candidates="1140" cleared="0" enqueued="0" dynamicThreshold="14" maxThreshold="32" />
  <references type="weak" candidates="742" cleared="0" enqueued="0" />
  <stringconstants candidates="13760" cleared="0"  />
</gc-op>
<gc-op id="1214" type="classunload" timems="0.004" contextid="1210" timestamp="2019-07-07T05:34:40.907">
  <classunload-info classloadercandidates="54" classloadersunloaded="0" classesunloaded="0" anonymousclassesunloaded="0" quiescems="0.000" setupms="0.004" scanms="0.000" postms="0.000" />
</gc-op>
<heap-resize id="1215" type="contract" space="default" amount="2097152" count="1" timems="0.186" reason="excess free space following gc" timestamp="2019-07-07T05:34:40.907" />
<gc-end id="1216" type="partial gc" contextid="1210" durationms="11.280" usertimems="12.000" systemtimems="0.000" timestamp="2019-07-07T05:34:40.907" activeThreads="1">
  <mem-info id="1217" free="34603008" total="56623104" percent="61">
    <mem type="eden" free="1048552" total="1048576" percent="99" />
    <remembered-set count="35072" freebytes="2203648" totalbytes="2343936" percent="94" regionsoverflowed="0" regionsstable="0" regionsrebuilding="9"/>
  </mem-info>
</gc-end>
<cycle-end id="1218" type="partial gc" contextid="1210" timestamp="2019-07-07T05:34:40.907" />
  <attribute name="elasticGC enabled" value="1" />
  <attribute name= "numThreadsSpecified" value="1" />
  <attribute name="heapSize specified" value="0" />
  <attribute name="Current GC Util" value="114" />
  <attribute name= "Current Time Running" value="10424" />
  <attribute name ="GC Interval" value="0" />
  <attribute name="ProportionalT" value="47.000000" />
  <attribute name="ProportionalI" value="47.000000" />
  <attribute name="ProportionalH" value="47.000000" />
  <attribute name="Current Error" value="94.000000" />
  <attribute name="IntegralT" value="0.000000" />
  <attribute name="IntegralI" value="0.000000" />
  <attribute name="IntegralH" value="0.000000" />
  <attribute name="DerivativeT" value="inf" />
  <attribute name="DerivativeI" value="inf" />
  <attribute name="DerivativeH" value="inf" />
  <attribute name="Loop Time for DT" value="0.000000" />
  <attribute name="Output H" value="8388608"/>
  <attribute name="Output I" value="200"/>
  <attribute name="Output T" value="1"/>
  <attribute name="Target GC Util Change" value ="20.000000" />
  <attribute name="Current GC Util Change" value="114.000000"/>
  <attribute name="GC Util currently" value="114" />
  <attribute name="CPU Util currently" value="8360819673980" />
<exclusive-end id="1219" timestamp="2019-07-07T05:34:40.908" durationms="12.336" />

<exclusive-start id="1220" timestamp="2019-07-07T05:34:40.913" intervalms="17.588">
  <response-info timems="0.057" idlems="0.057" threads="0" lastid="00000000020B9700" lastname="main" />
</exclusive-start>
<allocation-taxation id="1221" taxation-threshold="10485760" timestamp="2019-07-07T05:34:40.913" intervalms="17.596" />
<gc-start id="1222" type="global mark phase" contextid="1178" timestamp="2019-07-07T05:34:40.913">
  <mem-info id="1223" free="24117248" total="56623104" percent="42">
    <remembered-set count="33376" freebytes="2210432" totalbytes="2343936" percent="94" regionsoverflowed="0" regionsstable="2" regionsrebuilding="9"/>
  </mem-info>
</gc-start>
<gc-end id="1224" type="global mark phase" contextid="1178" durationms="0.132" usertimems="0.000" systemtimems="0.000" timestamp="2019-07-07T05:34:40.913" activeThreads="1">
  <mem-info id="1225" free="24117248" total="56623104" percent="42">
    <remembered-set count="33376" freebytes="2210432" totalbytes="2343936" percent="94" regionsoverflowed="0" regionsstable="2" regionsrebuilding="9"/>
  </mem-info>
</gc-end>
<concurrent-start id="1226" type="GMP work packet processing" contextid="1178" timestamp="2019-07-07T05:34:40.914">
  <concurrent-mark-start scanTarget="1563622" />
</concurrent-start>
<exclusive-end id="1227" timestamp="2019-07-07T05:34:40.914" durationms="0.684" />

<concurrent-end id="1228" type="GMP work packet processing" contextid="1178" timestamp="2019-07-07T05:34:40.915">
  <concurrent-mark-end bytesScanned="1600676" reasonForTermination="Work target met" />
</concurrent-end>

<exclusive-start id="1229" timestamp="2019-07-07T05:34:40.920" intervalms="7.172">
  <response-info timems="0.077" idlems="0.077" threads="0" lastid="00000000020B9700" lastname="main" />
</exclusive-start>
<allocation-taxation id="1230" taxation-threshold="10485760" timestamp="2019-07-07T05:34:40.920" intervalms="7.136" />
<cycle-start id="1231" type="partial gc" contextid="0" timestamp="2019-07-07T05:34:40.920" intervalms="24.717" />
<gc-start id="1232" type="partial gc" contextid="1231" timestamp="2019-07-07T05:34:40.921">
  <mem-info id="1233" free="13631488" total="56623104" percent="24">
    <mem type="eden" free="1048552" total="22020096" percent="4" />
    <remembered-set count="36960" freebytes="2196096" totalbytes="2343936" percent="93" regionsoverflowed="0" regionsstable="2" regionsrebuilding="9"/>
  </mem-info>
</gc-start>
<allocation-stats totalBytes="20840064" >
  <allocated-bytes non-tlh="0" tlh="20840064" arrayletleaf="0"/>
  <largest-consumer threadName="main" threadId="00000000020B9700" bytes="10420032" />
</allocation-stats>
<gc-op id="1234" type="copy forward" timems="2.961" contextid="1231" timestamp="2019-07-07T05:34:40.925">
  <memory-copied type="eden" objects="1" bytes="24" bytesdiscarded="0" />
  <memory-copied type="other" objects="0" bytes="0" bytesdiscarded="0" />
  <memory-cardclean objects="17" bytes="488" />
  <regions eden="20" other="1" />
  <remembered-set-cleared processed="35292" cleared="6" durationms="0.147" />
  <stringconstants candidates="13760" cleared="0"  />
</gc-op>
<gc-op id="1235" type="classunload" timems="0.005" contextid="1231" timestamp="2019-07-07T05:34:40.925">
  <classunload-info classloadercandidates="54" classloadersunloaded="0" classesunloaded="0" anonymousclassesunloaded="0" quiescems="0.000" setupms="0.005" scanms="0.000" postms="0.000" />
</gc-op>
<gc-end id="1236" type="partial gc" contextid="1231" durationms="4.216" usertimems="12.000" systemtimems="0.000" timestamp="2019-07-07T05:34:40.925" activeThreads="4">
  <mem-info id="1237" free="34603008" total="56623104" percent="61">
    <mem type="eden" free="1048552" total="1048576" percent="99" />
    <remembered-set count="36768" freebytes="2113152" totalbytes="2260224" percent="93" regionsoverflowed="0" regionsstable="2" regionsrebuilding="9"/>
  </mem-info>
</gc-end>
<cycle-end id="1238" type="partial gc" contextid="1231" timestamp="2019-07-07T05:34:40.925" />
  <attribute name="elasticGC enabled" value="1" />
  <attribute name= "numThreadsSpecified" value="4" />
  <attribute name="heapSize specified" value="0" />
  <attribute name="Current GC Util" value="114" />
  <attribute name= "Current Time Running" value="10449" />
  <attribute name ="GC Interval" value="0" />
  <attribute name="ProportionalT" value="47.000000" />
  <attribute name="ProportionalI" value="47.000000" />
  <attribute name="ProportionalH" value="47.000000" />
  <attribute name="Current Error" value="94.000000" />
  <attribute name="IntegralT" value="47.000000" />
  <attribute name="IntegralI" value="47.000000" />
  <attribute name="IntegralH" value="47.000000" />
  <attribute name="DerivativeT" value="60.000000" />
  <attribute name="DerivativeI" value="60.000000" />
  <attribute name="DerivativeH" value="60.000000" />
  <attribute name="Loop Time for DT" value="1.000000" />
  <attribute name="Output H" value="8388608"/>
  <attribute name="Output I" value="200"/>
  <attribute name="Output T" value="4"/>
  <attribute name="Target GC Util Change" value ="20.000000" />
  <attribute name="Current GC Util Change" value="114.000000"/>
  <attribute name="GC Util currently" value="114" />
  <attribute name="CPU Util currently" value="8905120788935" />
<exclusive-end id="1239" timestamp="2019-07-07T05:34:40.925" durationms="5.201" />

<exclusive-start id="1240" timestamp="2019-07-07T05:34:40.931" intervalms="10.495">
  <response-info timems="0.077" idlems="0.077" threads="0" lastid="00000000020B9700" lastname="main" />
</exclusive-start>
<allocation-taxation id="1241" taxation-threshold="10485760" timestamp="2019-07-07T05:34:40.931" intervalms="10.497" />
<gc-start id="1242" type="global mark phase" contextid="1178" timestamp="2019-07-07T05:34:40.931">
  <mem-info id="1243" free="24117248" total="56623104" percent="42">
    <remembered-set count="36288" freebytes="2115072" totalbytes="2260224" percent="93" regionsoverflowed="0" regionsstable="2" regionsrebuilding="9"/>
  </mem-info>
</gc-start>
<gc-end id="1244" type="global mark phase" contextid="1178" durationms="0.138" usertimems="0.000" systemtimems="0.000" timestamp="2019-07-07T05:34:40.931" activeThreads="4">
  <mem-info id="1245" free="24117248" total="56623104" percent="42">
    <remembered-set count="36288" freebytes="2115072" totalbytes="2260224" percent="93" regionsoverflowed="0" regionsstable="2" regionsrebuilding="9"/>
  </mem-info>
</gc-end>
<concurrent-start id="1246" type="GMP work packet processing" contextid="1178" timestamp="2019-07-07T05:34:40.931">
  <concurrent-mark-start scanTarget="2084829" />
</concurrent-start>
<exclusive-end id="1247" timestamp="2019-07-07T05:34:40.931" durationms="0.714" />

<concurrent-end id="1248" type="GMP work packet processing" contextid="1178" timestamp="2019-07-07T05:34:40.933">
  <concurrent-mark-end bytesScanned="2141336" reasonForTermination="Work target met" />
</concurrent-end>

<exclusive-start id="1249" timestamp="2019-07-07T05:34:40.938" intervalms="7.382">
  <response-info timems="0.077" idlems="0.077" threads="0" lastid="00000000020B9700" lastname="main" />
</exclusive-start>
<allocation-taxation id="1250" taxation-threshold="10485760" timestamp="2019-07-07T05:34:40.938" intervalms="7.364" />
<cycle-start id="1251" type="partial gc" contextid="0" timestamp="2019-07-07T05:34:40.938" intervalms="17.867" />
<gc-start id="1252" type="partial gc" contextid="1251" timestamp="2019-07-07T05:34:40.939">
  <mem-info id="1253" free="13631488" total="56623104" percent="24">
    <mem type="eden" free="1048552" total="22020096" percent="4" />
    <remembered-set count="40896" freebytes="2096640" totalbytes="2260224" percent="92" regionsoverflowed="0" regionsstable="2" regionsrebuilding="9"/>
  </mem-info>
</gc-start>
<allocation-stats totalBytes="20840064" >
  <allocated-bytes non-tlh="0" tlh="20840064" arrayletleaf="0"/>
  <largest-consumer threadName="main" threadId="00000000020B9700" bytes="10420032" />
</allocation-stats>
<gc-op id="1254" type="copy forward" timems="1.550" contextid="1251" timestamp="2019-07-07T05:34:40.941">
  <memory-copied type="eden" objects="1" bytes="24" bytesdiscarded="0" />
  <memory-copied type="other" objects="0" bytes="0" bytesdiscarded="0" />
  <memory-cardclean objects="17" bytes="488" />
  <regions eden="20" other="1" />
  <remembered-set-cleared processed="39137" cleared="6" durationms="0.332" />
  <stringconstants candidates="13760" cleared="0"  />
</gc-op>
<gc-op id="1255" type="classunload" timems="0.004" contextid="1251" timestamp="2019-07-07T05:34:40.941">
  <classunload-info classloadercandidates="54" classloadersunloaded="0" classesunloaded="0" anonymousclassesunloaded="0" quiescems="0.000" setupms="0.004" scanms="0.000" postms="0.000" />
</gc-op>
<gc-end id="1256" type="partial gc" contextid="1251" durationms="2.713" usertimems="4.000" systemtimems="0.000" timestamp="2019-07-07T05:34:40.941" activeThreads="1">
  <mem-info id="1257" free="34603008" total="56623104" percent="61">
    <mem type="eden" free="1048552" total="1048576" percent="99" />
    <remembered-set count="41376" freebytes="2094720" totalbytes="2260224" percent="92" regionsoverflowed="0" regionsstable="2" regionsrebuilding="9"/>
  </mem-info>
</gc-end>
<cycle-end id="1258" type="partial gc" contextid="1251" timestamp="2019-07-07T05:34:40.941" />
  <attribute name="elasticGC enabled" value="1" />
  <attribute name= "numThreadsSpecified" value="1" />
  <attribute name="heapSize specified" value="0" />
  <attribute name="Current GC Util" value="161" />
  <attribute name= "Current Time Running" value="10466" />
  <attribute name ="GC Interval" value="0" />
  <attribute name="ProportionalT" value="70.500000" />
  <attribute name="ProportionalI" value="70.500000" />
  <attribute name="ProportionalH" value="70.500000" />
  <attribute name="Current Error" value="141.000000" />
  <attribute name="IntegralT" value="0.000000" />
  <attribute name="IntegralI" value="0.000000" />
  <attribute name="IntegralH" value="0.000000" />
  <attribute name="DerivativeT" value="inf" />
  <attribute name="DerivativeI" value="inf" />
  <attribute name="DerivativeH" value="inf" />
  <attribute name="Loop Time for DT" value="0.000000" />
  <attribute name="Output H" value="8388608"/>
  <attribute name="Output I" value="200"/>
  <attribute name="Output T" value="1"/>
  <attribute name="Target GC Util Change" value ="20.000000" />
  <attribute name="Current GC Util Change" value="161.000000"/>
  <attribute name="GC Util currently" value="161" />
  <attribute name="CPU Util currently" value="13797858964777" />
<exclusive-end id="1259" timestamp="2019-07-07T05:34:40.942" durationms="3.716" />

<exclusive-start id="1260" timestamp="2019-07-07T05:34:40.947" intervalms="8.999">
  <response-info timems="0.099" idlems="0.099" threads="0" lastid="00000000020B9700" lastname="main" />
</exclusive-start>
<allocation-taxation id="1261" taxation-threshold="10485760" timestamp="2019-07-07T05:34:40.947" intervalms="9.046" />
<gc-start id="1262" type="global mark phase" contextid="1178" timestamp="2019-07-07T05:34:40.947">
  <mem-info id="1263" free="24117248" total="56623104" percent="42">
    <remembered-set count="40896" freebytes="2096640" totalbytes="2260224" percent="92" regionsoverflowed="0" regionsstable="2" regionsrebuilding="9"/>
  </mem-info>
</gc-start>
<gc-end id="1264" type="global mark phase" contextid="1178" durationms="0.132" usertimems="0.000" systemtimems="0.000" timestamp="2019-07-07T05:34:40.947" activeThreads="1">
  <mem-info id="1265" free="24117248" total="56623104" percent="42">
    <remembered-set count="40896" freebytes="2096640" totalbytes="2260224" percent="92" regionsoverflowed="0" regionsstable="2" regionsrebuilding="9"/>
  </mem-info>
</gc-end>
<concurrent-start id="1266" type="GMP work packet processing" contextid="1178" timestamp="2019-07-07T05:34:40.948">
  <concurrent-mark-start scanTarget="1048576" />
</concurrent-start>
<exclusive-end id="1267" timestamp="2019-07-07T05:34:40.948" durationms="0.695" />

<concurrent-end id="1268" type="GMP work packet processing" contextid="1178" timestamp="2019-07-07T05:34:40.949">
  <concurrent-mark-end bytesScanned="1082108" reasonForTermination="Work target met" />
</concurrent-end>

<exclusive-start id="1269" timestamp="2019-07-07T05:34:40.954" intervalms="6.767">
  <response-info timems="0.028" idlems="0.028" threads="0" lastid="00000000020B9700" lastname="main" />
</exclusive-start>
<allocation-taxation id="1270" taxation-threshold="10485760" timestamp="2019-07-07T05:34:40.954" intervalms="6.730" />
<cycle-start id="1271" type="partial gc" contextid="0" timestamp="2019-07-07T05:34:40.954" intervalms="15.689" />
<gc-start id="1272" type="partial gc" contextid="1271" timestamp="2019-07-07T05:34:40.954">
  <mem-info id="1273" free="13631488" total="56623104" percent="24">
    <mem type="eden" free="1048552" total="22020096" percent="4" />
    <remembered-set count="40896" freebytes="2096640" totalbytes="2260224" percent="92" regionsoverflowed="0" regionsstable="2" regionsrebuilding="9"/>
  </mem-info>
</gc-start>
<allocation-stats totalBytes="20840064" >
  <allocated-bytes non-tlh="0" tlh="20840064" arrayletleaf="0"/>
  <largest-consumer threadName="main" threadId="00000000020B9700" bytes="10420032" />
</allocation-stats>
<gc-op id="1274" type="copy forward" timems="1.514" contextid="1271" timestamp="2019-07-07T05:34:40.957">
  <memory-copied type="eden" objects="1" bytes="24" bytesdiscarded="0" />
  <memory-copied type="other" objects="0" bytes="0" bytesdiscarded="0" />
  <memory-cardclean objects="17" bytes="488" />
  <regions eden="20" other="1" />
  <remembered-set-cleared processed="39387" cleared="6" durationms="0.331" />
  <stringconstants candidates="13760" cleared="0"  />
</gc-op>
<gc-op id="1275" type="classunload" timems="0.004" contextid="1271" timestamp="2019-07-07T05:34:40.957">
  <classunload-info classloadercandidates="54" classloadersunloaded="0" classesunloaded="0" anonymousclassesunloaded="0" quiescems="0.000" setupms="0.004" scanms="0.000" postms="0.000" />
</gc-op>
<gc-end id="1276" type="partial gc" contextid="1271" durationms="2.751" usertimems="8.000" systemtimems="0.000" timestamp="2019-07-07T05:34:40.957" activeThreads="1">
  <mem-info id="1277" free="34603008" total="56623104" percent="61">
    <mem type="eden" free="1048552" total="1048576" percent="99" />
    <remembered-set count="41376" freebytes="2094720" totalbytes="2260224" percent="92" regionsoverflowed="0" regionsstable="2" regionsrebuilding="9"/>
  </mem-info>
</gc-end>
<cycle-end id="1278" type="partial gc" contextid="1271" timestamp="2019-07-07T05:34:40.957" />
  <attribute name="elasticGC enabled" value="1" />
  <attribute name= "numThreadsSpecified" value="1" />
  <attribute name="heapSize specified" value="0" />
  <attribute name="Current GC Util" value="166" />
  <attribute name= "Current Time Running" value="10482" />
  <attribute name ="GC Interval" value="0" />
  <attribute name="ProportionalT" value="73.000000" />
  <attribute name="ProportionalI" value="73.000000" />
  <attribute name="ProportionalH" value="73.000000" />
  <attribute name="Current Error" value="146.000000" />
  <attribute name="IntegralT" value="0.000000" />
  <attribute name="IntegralI" value="0.000000" />
  <attribute name="IntegralH" value="0.000000" />
  <attribute name="DerivativeT" value="inf" />
  <attribute name="DerivativeI" value="inf" />
  <attribute name="DerivativeH" value="inf" />
  <attribute name="Loop Time for DT" value="0.000000" />
  <attribute name="Output H" value="8388608"/>
  <attribute name="Output I" value="200"/>
  <attribute name="Output T" value="1"/>
  <attribute name="Target GC Util Change" value ="20.000000" />
  <attribute name="Current GC Util Change" value="166.000000"/>
  <attribute name="GC Util currently" value="166" />
  <attribute name="CPU Util currently" value="13728524640874" />
<exclusive-end id="1279" timestamp="2019-07-07T05:34:40.957" durationms="3.588" />

<exclusive-start id="1280" timestamp="2019-07-07T05:34:40.963" intervalms="8.850">
  <response-info timems="0.062" idlems="0.062" threads="0" lastid="00000000020B9700" lastname="main" />
</exclusive-start>
<allocation-taxation id="1281" taxation-threshold="10485760" timestamp="2019-07-07T05:34:40.963" intervalms="8.871" />
<gc-start id="1282" type="global mark phase" contextid="1178" timestamp="2019-07-07T05:34:40.963">
  <mem-info id="1283" free="24117248" total="56623104" percent="42">
    <remembered-set count="40896" freebytes="2096640" totalbytes="2260224" percent="92" regionsoverflowed="0" regionsstable="2" regionsrebuilding="9"/>
  </mem-info>
</gc-start>
<gc-end id="1284" type="global mark phase" contextid="1178" durationms="0.138" usertimems="0.000" systemtimems="0.000" timestamp="2019-07-07T05:34:40.963" activeThreads="1">
  <mem-info id="1285" free="24117248" total="56623104" percent="42">
    <remembered-set count="40896" freebytes="2096640" totalbytes="2260224" percent="92" regionsoverflowed="0" regionsstable="2" regionsrebuilding="9"/>
  </mem-info>
</gc-end>
<concurrent-start id="1286" type="GMP work packet processing" contextid="1178" timestamp="2019-07-07T05:34:40.963">
  <concurrent-mark-start scanTarget="1048576" />
</concurrent-start>
<exclusive-end id="1287" timestamp="2019-07-07T05:34:40.963" durationms="0.764" />

<concurrent-end id="1288" type="GMP work packet processing" contextid="1178" timestamp="2019-07-07T05:34:40.964">
  <concurrent-mark-end bytesScanned="1092392" reasonForTermination="Work target met" />
</concurrent-end>

<exclusive-start id="1289" timestamp="2019-07-07T05:34:40.970" intervalms="6.893">
  <response-info timems="0.061" idlems="0.061" threads="0" lastid="00000000020B9700" lastname="main" />
</exclusive-start>
<allocation-taxation id="1290" taxation-threshold="10485760" timestamp="2019-07-07T05:34:40.970" intervalms="6.873" />
<cycle-start id="1291" type="partial gc" contextid="0" timestamp="2019-07-07T05:34:40.970" intervalms="15.827" />
<gc-start id="1292" type="partial gc" contextid="1291" timestamp="2019-07-07T05:34:40.970">
  <mem-info id="1293" free="13631488" total="56623104" percent="24">
    <mem type="eden" free="1048552" total="22020096" percent="4" />
    <remembered-set count="41408" freebytes="2094592" totalbytes="2260224" percent="92" regionsoverflowed="0" regionsstable="2" regionsrebuilding="9"/>
  </mem-info>
</gc-start>
<allocation-stats totalBytes="20840064" >
  <allocated-bytes non-tlh="0" tlh="20840064" arrayletleaf="0"/>
  <largest-consumer threadName="main" threadId="00000000020B9700" bytes="10420032" />
</allocation-stats>
<gc-op id="1294" type="copy forward" timems="1.466" contextid="1291" timestamp="2019-07-07T05:34:40.972">
  <memory-copied type="eden" objects="1" bytes="24" bytesdiscarded="0" />
  <memory-copied type="other" objects="0" bytes="0" bytesdiscarded="0" />
  <memory-cardclean objects="17" bytes="488" />
  <regions eden="20" other="1" />
  <remembered-set-cleared processed="39533" cleared="6" durationms="0.333" />
  <stringconstants candidates="13760" cleared="0"  />
</gc-op>
<gc-op id="1295" type="classunload" timems="0.003" contextid="1291" timestamp="2019-07-07T05:34:40.972">
  <classunload-info classloadercandidates="54" classloadersunloaded="0" classesunloaded="0" anonymousclassesunloaded="0" quiescems="0.000" setupms="0.003" scanms="0.000" postms="0.000" />
</gc-op>
<gc-end id="1296" type="partial gc" contextid="1291" durationms="2.672" usertimems="4.000" systemtimems="0.000" timestamp="2019-07-07T05:34:40.973" activeThreads="1">
  <mem-info id="1297" free="34603008" total="56623104" percent="61">
    <mem type="eden" free="1048552" total="1048576" percent="99" />
    <remembered-set count="41888" freebytes="2092672" totalbytes="2260224" percent="92" regionsoverflowed="0" regionsstable="2" regionsrebuilding="9"/>
  </mem-info>
</gc-end>
<cycle-end id="1298" type="partial gc" contextid="1291" timestamp="2019-07-07T05:34:40.973" />
  <attribute name="elasticGC enabled" value="1" />
  <attribute name= "numThreadsSpecified" value="1" />
  <attribute name="heapSize specified" value="0" />
  <attribute name="Current GC Util" value="151" />
  <attribute name= "Current Time Running" value="10498" />
  <attribute name ="GC Interval" value="0" />
  <attribute name="ProportionalT" value="65.500000" />
  <attribute name="ProportionalI" value="65.500000" />
  <attribute name="ProportionalH" value="65.500000" />
  <attribute name="Current Error" value="131.000000" />
  <attribute name="IntegralT" value="0.000000" />
  <attribute name="IntegralI" value="0.000000" />
  <attribute name="IntegralH" value="0.000000" />
  <attribute name="DerivativeT" value="inf" />
  <attribute name="DerivativeI" value="inf" />
  <attribute name="DerivativeH" value="inf" />
  <attribute name="Loop Time for DT" value="0.000000" />
  <attribute name="Output H" value="8388608"/>
  <attribute name="Output I" value="200"/>
  <attribute name="Output T" value="1"/>
  <attribute name="Target GC Util Change" value ="20.000000" />
  <attribute name="Current GC Util Change" value="151.000000"/>
  <attribute name="GC Util currently" value="151" />
  <attribute name="CPU Util currently" value="13395511087079" />
<exclusive-end id="1299" timestamp="2019-07-07T05:34:40.973" durationms="3.528" />

<exclusive-start id="1300" timestamp="2019-07-07T05:34:40.978" intervalms="8.782">
  <response-info timems="0.083" idlems="0.083" threads="0" lastid="00000000020B9700" lastname="main" />
</exclusive-start>
<allocation-taxation id="1301" taxation-threshold="10485760" timestamp="2019-07-07T05:34:40.978" intervalms="8.806" />
<gc-start id="1302" type="global mark phase" contextid="1178" timestamp="2019-07-07T05:34:40.979">
  <mem-info id="1303" free="24117248" total="56623104" percent="42">
    <remembered-set count="41408" freebytes="2094592" totalbytes="2260224" percent="92" regionsoverflowed="0" regionsstable="2" regionsrebuilding="9"/>
  </mem-info>
</gc-start>
<gc-end id="1304" type="global mark phase" contextid="1178" durationms="0.108" usertimems="0.000" systemtimems="0.000" timestamp="2019-07-07T05:34:40.979" activeThreads="1">
  <mem-info id="1305" free="24117248" total="56623104" percent="42">
    <remembered-set count="41408" freebytes="2094592" totalbytes="2260224" percent="92" regionsoverflowed="0" regionsstable="2" regionsrebuilding="9"/>
  </mem-info>
</gc-end>
<concurrent-start id="1306" type="GMP work packet processing" contextid="1178" timestamp="2019-07-07T05:34:40.979">
  <concurrent-mark-start scanTarget="1048576" />
</concurrent-start>
<exclusive-end id="1307" timestamp="2019-07-07T05:34:40.979" durationms="0.728" />

<concurrent-end id="1308" type="GMP work packet processing" contextid="1178" timestamp="2019-07-07T05:34:40.980">
  <concurrent-mark-end bytesScanned="1097840" reasonForTermination="Work target met" />
</concurrent-end>

<exclusive-start id="1309" timestamp="2019-07-07T05:34:40.985" intervalms="6.979">
  <response-info timems="0.266" idlems="0.266" threads="0" lastid="00000000020B9700" lastname="main" />
</exclusive-start>
<allocation-taxation id="1310" taxation-threshold="10485760" timestamp="2019-07-07T05:34:40.985" intervalms="6.991" />
<cycle-start id="1311" type="partial gc" contextid="0" timestamp="2019-07-07T05:34:40.986" intervalms="15.830" />
<gc-start id="1312" type="partial gc" contextid="1311" timestamp="2019-07-07T05:34:40.986">
  <mem-info id="1313" free="13631488" total="56623104" percent="24">
    <mem type="eden" free="1048552" total="22020096" percent="4" />
    <remembered-set count="41920" freebytes="2092544" totalbytes="2260224" percent="92" regionsoverflowed="0" regionsstable="2" regionsrebuilding="9"/>
  </mem-info>
</gc-start>
<allocation-stats totalBytes="20840064" >
  <allocated-bytes non-tlh="0" tlh="20840064" arrayletleaf="0"/>
  <largest-consumer threadName="main" threadId="00000000020B9700" bytes="10420032" />
</allocation-stats>
<gc-op id="1314" type="copy forward" timems="1.543" contextid="1311" timestamp="2019-07-07T05:34:40.988">
  <memory-copied type="eden" objects="1" bytes="24" bytesdiscarded="0" />
  <memory-copied type="other" objects="0" bytes="0" bytesdiscarded="0" />
  <memory-cardclean objects="17" bytes="488" />
  <regions eden="20" other="1" />
  <remembered-set-cleared processed="39957" cleared="6" durationms="0.341" />
  <stringconstants candidates="13760" cleared="0"  />
</gc-op>
<gc-op id="1315" type="classunload" timems="0.004" contextid="1311" timestamp="2019-07-07T05:34:40.988">
  <classunload-info classloadercandidates="54" classloadersunloaded="0" classesunloaded="0" anonymousclassesunloaded="0" quiescems="0.000" setupms="0.004" scanms="0.000" postms="0.000" />
</gc-op>
<gc-end id="1316" type="partial gc" contextid="1311" durationms="2.779" usertimems="0.000" systemtimems="4.000" timestamp="2019-07-07T05:34:40.989" activeThreads="1">
  <mem-info id="1317" free="34603008" total="56623104" percent="61">
    <mem type="eden" free="1048552" total="1048576" percent="99" />
    <remembered-set count="42400" freebytes="2090624" totalbytes="2260224" percent="92" regionsoverflowed="0" regionsstable="2" regionsrebuilding="9"/>
  </mem-info>
</gc-end>
<cycle-end id="1318" type="partial gc" contextid="1311" timestamp="2019-07-07T05:34:40.989" />
  <attribute name="elasticGC enabled" value="1" />
  <attribute name= "numThreadsSpecified" value="1" />
  <attribute name="heapSize specified" value="0" />
  <attribute name="Current GC Util" value="164" />
  <attribute name= "Current Time Running" value="10514" />
  <attribute name ="GC Interval" value="0" />
  <attribute name="ProportionalT" value="72.000000" />
  <attribute name="ProportionalI" value="72.000000" />
  <attribute name="ProportionalH" value="72.000000" />
  <attribute name="Current Error" value="144.000000" />
  <attribute name="IntegralT" value="0.000000" />
  <attribute name="IntegralI" value="0.000000" />
  <attribute name="IntegralH" value="0.000000" />
  <attribute name="DerivativeT" value="inf" />
  <attribute name="DerivativeI" value="inf" />
  <attribute name="DerivativeH" value="inf" />
  <attribute name="Loop Time for DT" value="0.000000" />
  <attribute name="Output H" value="8388608"/>
  <attribute name="Output I" value="200"/>
  <attribute name="Output T" value="1"/>
  <attribute name="Target GC Util Change" value ="20.000000" />
  <attribute name="Current GC Util Change" value="164.000000"/>
  <attribute name="GC Util currently" value="164" />
  <attribute name="CPU Util currently" value="13103167470458" />
<exclusive-end id="1319" timestamp="2019-07-07T05:34:40.989" durationms="3.911" />

<exclusive-start id="1320" timestamp="2019-07-07T05:34:40.995" intervalms="9.320">
  <response-info timems="0.227" idlems="0.227" threads="0" lastid="00000000020B9700" lastname="main" />
</exclusive-start>
<allocation-taxation id="1321" taxation-threshold="10485760" timestamp="2019-07-07T05:34:40.995" intervalms="9.353" />
<gc-start id="1322" type="global mark phase" contextid="1178" timestamp="2019-07-07T05:34:40.995">
  <mem-info id="1323" free="24117248" total="56623104" percent="42">
    <remembered-set count="41920" freebytes="2092544" totalbytes="2260224" percent="92" regionsoverflowed="0" regionsstable="2" regionsrebuilding="9"/>
  </mem-info>
</gc-start>
<gc-end id="1324" type="global mark phase" contextid="1178" durationms="0.152" usertimems="0.000" systemtimems="0.000" timestamp="2019-07-07T05:34:40.995" activeThreads="1">
  <mem-info id="1325" free="24117248" total="56623104" percent="42">
    <remembered-set count="41920" freebytes="2092544" totalbytes="2260224" percent="92" regionsoverflowed="0" regionsstable="2" regionsrebuilding="9"/>
  </mem-info>
</gc-end>
<concurrent-start id="1326" type="GMP work packet processing" contextid="1178" timestamp="2019-07-07T05:34:40.995">
  <concurrent-mark-start scanTarget="1048576" />
</concurrent-start>
<exclusive-end id="1327" timestamp="2019-07-07T05:34:40.996" durationms="1.838" />

<concurrent-end id="1328" type="GMP work packet processing" contextid="1178" timestamp="2019-07-07T05:34:40.996">
  <concurrent-mark-end bytesScanned="1087576" reasonForTermination="Work target met" />
</concurrent-end>

<exclusive-start id="1329" timestamp="2019-07-07T05:34:41.002" intervalms="7.045">
  <response-info timems="0.076" idlems="0.076" threads="0" lastid="00000000020B9700" lastname="main" />
</exclusive-start>
<allocation-taxation id="1330" taxation-threshold="10485760" timestamp="2019-07-07T05:34:41.002" intervalms="7.143" />
<cycle-start id="1331" type="partial gc" contextid="0" timestamp="2019-07-07T05:34:41.002" intervalms="16.457" />
<gc-start id="1332" type="partial gc" contextid="1331" timestamp="2019-07-07T05:34:41.002">
  <mem-info id="1333" free="13631488" total="56623104" percent="24">
    <mem type="eden" free="1048552" total="22020096" percent="4" />
    <remembered-set count="41952" freebytes="2092416" totalbytes="2260224" percent="92" regionsoverflowed="0" regionsstable="2" regionsrebuilding="9"/>
  </mem-info>
</gc-start>
<allocation-stats totalBytes="20840064" >
  <allocated-bytes non-tlh="0" tlh="20840064" arrayletleaf="0"/>
  <largest-consumer threadName="main" threadId="00000000020B9700" bytes="10420032" />
</allocation-stats>
<gc-op id="1334" type="copy forward" timems="1.375" contextid="1331" timestamp="2019-07-07T05:34:41.004">
  <memory-copied type="eden" objects="1" bytes="24" bytesdiscarded="0" />
  <memory-copied type="other" objects="0" bytes="0" bytesdiscarded="0" />
  <memory-cardclean objects="17" bytes="488" />
  <regions eden="20" other="1" />
  <remembered-set-cleared processed="40450" cleared="6" durationms="0.347" />
  <stringconstants candidates="13760" cleared="0"  />
</gc-op>
<gc-op id="1335" type="classunload" timems="0.004" contextid="1331" timestamp="2019-07-07T05:34:41.005">
  <classunload-info classloadercandidates="54" classloadersunloaded="0" classesunloaded="0" anonymousclassesunloaded="0" quiescems="0.000" setupms="0.004" scanms="0.000" postms="0.000" />
</gc-op>
<gc-end id="1336" type="partial gc" contextid="1331" durationms="2.490" usertimems="4.000" systemtimems="0.000" timestamp="2019-07-07T05:34:41.005" activeThreads="1">
  <mem-info id="1337" free="34603008" total="56623104" percent="61">
    <mem type="eden" free="1048552" total="1048576" percent="99" />
    <remembered-set count="42432" freebytes="2090496" totalbytes="2260224" percent="92" regionsoverflowed="0" regionsstable="2" regionsrebuilding="9"/>
  </mem-info>
</gc-end>
<cycle-end id="1338" type="partial gc" contextid="1331" timestamp="2019-07-07T05:34:41.005" />
  <attribute name="elasticGC enabled" value="1" />
  <attribute name= "numThreadsSpecified" value="1" />
  <attribute name="heapSize specified" value="0" />
  <attribute name="Current GC Util" value="58" />
  <attribute name= "Current Time Running" value="10530" />
  <attribute name ="GC Interval" value="0" />
  <attribute name="ProportionalT" value="19.000000" />
  <attribute name="ProportionalI" value="19.000000" />
  <attribute name="ProportionalH" value="19.000000" />
  <attribute name="Current Error" value="38.000000" />
  <attribute name="IntegralT" value="0.000000" />
  <attribute name="IntegralI" value="0.000000" />
  <attribute name="IntegralH" value="0.000000" />
  <attribute name="DerivativeT" value="inf" />
  <attribute name="DerivativeI" value="inf" />
  <attribute name="DerivativeH" value="inf" />
  <attribute name="Loop Time for DT" value="0.000000" />
  <attribute name="Output H" value="8388608"/>
  <attribute name="Output I" value="200"/>
  <attribute name="Output T" value="1"/>
  <attribute name="Target GC Util Change" value ="20.000000" />
  <attribute name="Current GC Util Change" value="58.000000"/>
  <attribute name="GC Util currently" value="58" />
  <attribute name="CPU Util currently" value="19789076633938" />
<exclusive-end id="1339" timestamp="2019-07-07T05:34:41.005" durationms="3.720" />

<exclusive-start id="1340" timestamp="2019-07-07T05:34:41.011" intervalms="9.195">
  <response-info timems="0.184" idlems="0.184" threads="0" lastid="00000000020B9700" lastname="main" />
</exclusive-start>
<allocation-taxation id="1341" taxation-threshold="10485760" timestamp="2019-07-07T05:34:41.011" intervalms="8.974" />
<gc-start id="1342" type="global mark phase" contextid="1178" timestamp="2019-07-07T05:34:41.011">
  <mem-info id="1343" free="24117248" total="56623104" percent="42">
    <remembered-set count="41952" freebytes="2092416" totalbytes="2260224" percent="92" regionsoverflowed="0" regionsstable="2" regionsrebuilding="9"/>
  </mem-info>
</gc-start>
<gc-end id="1344" type="global mark phase" contextid="1178" durationms="0.105" usertimems="0.000" systemtimems="0.000" timestamp="2019-07-07T05:34:41.011" activeThreads="1">
  <mem-info id="1345" free="24117248" total="56623104" percent="42">
    <remembered-set count="41952" freebytes="2092416" totalbytes="2260224" percent="92" regionsoverflowed="0" regionsstable="2" regionsrebuilding="9"/>
  </mem-info>
</gc-end>
<concurrent-start id="1346" type="GMP work packet processing" contextid="1178" timestamp="2019-07-07T05:34:41.011">
  <concurrent-mark-start scanTarget="1048576" />
</concurrent-start>
<exclusive-end id="1347" timestamp="2019-07-07T05:34:41.011" durationms="0.360" />

<concurrent-end id="1348" type="GMP work packet processing" contextid="1178" timestamp="2019-07-07T05:34:41.012">
  <concurrent-mark-end bytesScanned="1099508" reasonForTermination="Work target met" />
</concurrent-end>

<exclusive-start id="1349" timestamp="2019-07-07T05:34:41.017" intervalms="6.237">
  <response-info timems="0.268" idlems="0.268" threads="0" lastid="00000000020B9700" lastname="main" />
</exclusive-start>
<allocation-taxation id="1350" taxation-threshold="10485760" timestamp="2019-07-07T05:34:41.017" intervalms="6.273" />
<cycle-start id="1351" type="partial gc" contextid="0" timestamp="2019-07-07T05:34:41.017" intervalms="15.133" />
<gc-start id="1352" type="partial gc" contextid="1351" timestamp="2019-07-07T05:34:41.017">
  <mem-info id="1353" free="13631488" total="56623104" percent="24">
    <mem type="eden" free="1048552" total="22020096" percent="4" />
    <remembered-set count="47232" freebytes="2071296" totalbytes="2260224" percent="91" regionsoverflowed="0" regionsstable="2" regionsrebuilding="9"/>
  </mem-info>
</gc-start>
<allocation-stats totalBytes="20840064" >
  <allocated-bytes non-tlh="0" tlh="20840064" arrayletleaf="0"/>
  <largest-consumer threadName="main" threadId="00000000020B9700" bytes="10420032" />
</allocation-stats>
<gc-op id="1354" type="copy forward" timems="1.369" contextid="1351" timestamp="2019-07-07T05:34:41.019">
  <memory-copied type="eden" objects="1" bytes="24" bytesdiscarded="0" />
  <memory-copied type="other" objects="0" bytes="0" bytesdiscarded="0" />
  <memory-cardclean objects="17" bytes="488" />
  <regions eden="20" other="1" />
  <remembered-set-cleared processed="45418" cleared="6" durationms="0.363" />
  <stringconstants candidates="13760" cleared="0"  />
</gc-op>
<gc-op id="1355" type="classunload" timems="0.004" contextid="1351" timestamp="2019-07-07T05:34:41.019">
  <classunload-info classloadercandidates="54" classloadersunloaded="0" classesunloaded="0" anonymousclassesunloaded="0" quiescems="0.000" setupms="0.004" scanms="0.000" postms="0.000" />
</gc-op>
<gc-end id="1356" type="partial gc" contextid="1351" durationms="2.210" usertimems="0.000" systemtimems="0.000" timestamp="2019-07-07T05:34:41.020" activeThreads="1">
  <mem-info id="1357" free="34603008" total="56623104" percent="61">
    <mem type="eden" free="1048552" total="1048576" percent="99" />
    <remembered-set count="47712" freebytes="2069376" totalbytes="2260224" percent="91" regionsoverflowed="0" regionsstable="2" regionsrebuilding="9"/>
  </mem-info>
</gc-end>
<cycle-end id="1358" type="partial gc" contextid="1351" timestamp="2019-07-07T05:34:41.020" />
  <attribute name="elasticGC enabled" value="1" />
  <attribute name= "numThreadsSpecified" value="1" />
  <attribute name="heapSize specified" value="0" />
  <attribute name="Current GC Util" value="70" />
  <attribute name= "Current Time Running" value="10545" />
  <attribute name ="GC Interval" value="0" />
  <attribute name="ProportionalT" value="25.000000" />
  <attribute name="ProportionalI" value="25.000000" />
  <attribute name="ProportionalH" value="25.000000" />
  <attribute name="Current Error" value="50.000000" />
  <attribute name="IntegralT" value="0.000000" />
  <attribute name="IntegralI" value="0.000000" />
  <attribute name="IntegralH" value="0.000000" />
  <attribute name="DerivativeT" value="inf" />
  <attribute name="DerivativeI" value="inf" />
  <attribute name="DerivativeH" value="inf" />
  <attribute name="Loop Time for DT" value="0.000000" />
  <attribute name="Output H" value="8388608"/>
  <attribute name="Output I" value="200"/>
  <attribute name="Output T" value="1"/>
  <attribute name="Target GC Util Change" value ="20.000000" />
  <attribute name="Current GC Util Change" value="70.000000"/>
  <attribute name="GC Util currently" value="70" />
  <attribute name="CPU Util currently" value="27329481325704" />
<exclusive-end id="1359" timestamp="2019-07-07T05:34:41.020" durationms="2.973" />

<exclusive-start id="1360" timestamp="2019-07-07T05:34:41.026" intervalms="8.563">
  <response-info timems="0.342" idlems="0.342" threads="0" lastid="00000000020B9700" lastname="main" />
</exclusive-start>
<allocation-taxation id="1361" taxation-threshold="10485760" timestamp="2019-07-07T05:34:41.026" intervalms="8.600" />
<gc-start id="1362" type="global mark phase" contextid="1178" timestamp="2019-07-07T05:34:41.026">
  <mem-info id="1363" free="24117248" total="56623104" percent="42">
    <remembered-set count="47232" freebytes="2071296" totalbytes="2260224" percent="91" regionsoverflowed="0" regionsstable="2" regionsrebuilding="9"/>
  </mem-info>
</gc-start>
<gc-end id="1364" type="global mark phase" contextid="1178" durationms="0.041" usertimems="0.000" systemtimems="0.000" timestamp="2019-07-07T05:34:41.026" activeThreads="1">
  <mem-info id="1365" free="24117248" total="56623104" percent="42">
    <remembered-set count="47232" freebytes="2071296" totalbytes="2260224" percent="91" regionsoverflowed="0" regionsstable="2" regionsrebuilding="9"/>
  </mem-info>
</gc-end>
<concurrent-start id="1366" type="GMP work packet processing" contextid="1178" timestamp="2019-07-07T05:34:41.026">
  <concurrent-mark-start scanTarget="1048576" />
</concurrent-start>
<exclusive-end id="1367" timestamp="2019-07-07T05:34:41.026" durationms="0.488" />

<concurrent-end id="1368" type="GMP work packet processing" contextid="1178" timestamp="2019-07-07T05:34:41.027">
  <concurrent-mark-end bytesScanned="1090780" reasonForTermination="Work target met" />
</concurrent-end>

<exclusive-start id="1369" timestamp="2019-07-07T05:34:41.031" intervalms="5.368">
  <response-info timems="0.076" idlems="0.076" threads="0" lastid="00000000020B9700" lastname="main" />
</exclusive-start>
<allocation-taxation id="1370" taxation-threshold="10485760" timestamp="2019-07-07T05:34:41.031" intervalms="5.326" />
<cycle-start id="1371" type="partial gc" contextid="0" timestamp="2019-07-07T05:34:41.031" intervalms="14.067" />
<gc-start id="1372" type="partial gc" contextid="1371" timestamp="2019-07-07T05:34:41.032">
  <mem-info id="1373" free="13631488" total="56623104" percent="24">
    <mem type="eden" free="1048552" total="22020096" percent="4" />
    <remembered-set count="55488" freebytes="2038272" totalbytes="2260224" percent="90" regionsoverflowed="0" regionsstable="2" regionsrebuilding="9"/>
  </mem-info>
</gc-start>
<allocation-stats totalBytes="20840064" >
  <allocated-bytes non-tlh="0" tlh="20840064" arrayletleaf="0"/>
  <largest-consumer threadName="main" threadId="00000000020B9700" bytes="10420032" />
</allocation-stats>
<gc-op id="1374" type="copy forward" timems="1.351" contextid="1371" timestamp="2019-07-07T05:34:41.034">
  <memory-copied type="eden" objects="1" bytes="24" bytesdiscarded="0" />
  <memory-copied type="other" objects="0" bytes="0" bytesdiscarded="0" />
  <memory-cardclean objects="17" bytes="488" />
  <regions eden="20" other="1" />
  <remembered-set-cleared processed="54213" cleared="6" durationms="0.401" />
  <stringconstants candidates="13760" cleared="0"  />
</gc-op>
<gc-op id="1375" type="classunload" timems="0.003" contextid="1371" timestamp="2019-07-07T05:34:41.034">
  <classunload-info classloadercandidates="54" classloadersunloaded="0" classesunloaded="0" anonymousclassesunloaded="0" quiescems="0.000" setupms="0.003" scanms="0.000" postms="0.000" />
</gc-op>
<gc-end id="1376" type="partial gc" contextid="1371" durationms="2.417" usertimems="4.000" systemtimems="0.000" timestamp="2019-07-07T05:34:41.034" activeThreads="1">
  <mem-info id="1377" free="34603008" total="56623104" percent="61">
    <mem type="eden" free="1048552" total="1048576" percent="99" />
    <remembered-set count="55968" freebytes="2036352" totalbytes="2260224" percent="90" regionsoverflowed="0" regionsstable="2" regionsrebuilding="9"/>
  </mem-info>
</gc-end>
<cycle-end id="1378" type="partial gc" contextid="1371" timestamp="2019-07-07T05:34:41.034" />
  <attribute name="elasticGC enabled" value="1" />
  <attribute name= "numThreadsSpecified" value="1" />
  <attribute name="heapSize specified" value="0" />
  <attribute name="Current GC Util" value="69" />
  <attribute name= "Current Time Running" value="10559" />
  <attribute name ="GC Interval" value="0" />
  <attribute name="ProportionalT" value="24.500000" />
  <attribute name="ProportionalI" value="24.500000" />
  <attribute name="ProportionalH" value="24.500000" />
  <attribute name="Current Error" value="49.000000" />
  <attribute name="IntegralT" value="0.000000" />
  <attribute name="IntegralI" value="0.000000" />
  <attribute name="IntegralH" value="0.000000" />
  <attribute name="DerivativeT" value="inf" />
  <attribute name="DerivativeI" value="inf" />
  <attribute name="DerivativeH" value="inf" />
  <attribute name="Loop Time for DT" value="0.000000" />
  <attribute name="Output H" value="8388608"/>
  <attribute name="Output I" value="200"/>
  <attribute name="Output T" value="1"/>
  <attribute name="Target GC Util Change" value ="20.000000" />
  <attribute name="Current GC Util Change" value="69.000000"/>
  <attribute name="GC Util currently" value="69" />
  <attribute name="CPU Util currently" value="19525653496498" />
<exclusive-end id="1379" timestamp="2019-07-07T05:34:41.034" durationms="3.437" />

<exclusive-start id="1380" timestamp="2019-07-07T05:34:41.092" intervalms="60.577">
  <response-info timems="0.077" idlems="0.077" threads="0" lastid="00000000020B9700" lastname="main" />
</exclusive-start>
<allocation-taxation id="1381" taxation-threshold="10485760" timestamp="2019-07-07T05:34:41.092" intervalms="60.659" />
<gc-start id="1382" type="global mark phase" contextid="1178" timestamp="2019-07-07T05:34:41.092">
  <mem-info id="1383" free="24117248" total="56623104" percent="42">
    <remembered-set count="55488" freebytes="2038272" totalbytes="2260224" percent="90" regionsoverflowed="0" regionsstable="2" regionsrebuilding="9"/>
  </mem-info>
</gc-start>
<gc-end id="1384" type="global mark phase" contextid="1178" durationms="0.132" usertimems="0.000" systemtimems="0.000" timestamp="2019-07-07T05:34:41.092" activeThreads="1">
  <mem-info id="1385" free="24117248" total="56623104" percent="42">
    <remembered-set count="55488" freebytes="2038272" totalbytes="2260224" percent="90" regionsoverflowed="0" regionsstable="2" regionsrebuilding="9"/>
  </mem-info>
</gc-end>
<concurrent-start id="1386" type="GMP work packet processing" contextid="1178" timestamp="2019-07-07T05:34:41.092">
  <concurrent-mark-start scanTarget="1048576" />
</concurrent-start>
<exclusive-end id="1387" timestamp="2019-07-07T05:34:41.093" durationms="1.424" />

<concurrent-end id="1388" type="GMP work packet processing" contextid="1178" timestamp="2019-07-07T05:34:41.093">
  <concurrent-mark-end bytesScanned="1076432" reasonForTermination="Work target met" />
</concurrent-end>

<exclusive-start id="1389" timestamp="2019-07-07T05:34:41.125" intervalms="33.351">
  <response-info timems="0.073" idlems="0.073" threads="0" lastid="00000000020B9700" lastname="main" />
</exclusive-start>
<allocation-taxation id="1390" taxation-threshold="10485760" timestamp="2019-07-07T05:34:41.125" intervalms="33.344" />
<cycle-start id="1391" type="partial gc" contextid="0" timestamp="2019-07-07T05:34:41.125" intervalms="93.993" />
<gc-start id="1392" type="partial gc" contextid="1391" timestamp="2019-07-07T05:34:41.126">
  <mem-info id="1393" free="13631488" total="56623104" percent="24">
    <mem type="eden" free="1048552" total="22020096" percent="4" />
    <remembered-set count="72320" freebytes="1970944" totalbytes="2260224" percent="87" regionsoverflowed="0" regionsstable="2" regionsrebuilding="9"/>
  </mem-info>
</gc-start>
<allocation-stats totalBytes="20967224" >
  <allocated-bytes non-tlh="0" tlh="20967224" arrayletleaf="0"/>
  <largest-consumer threadName="main" threadId="00000000020B9700" bytes="10484296" />
</allocation-stats>
<gc-op id="1394" type="copy forward" timems="1.567" contextid="1391" timestamp="2019-07-07T05:34:41.128">
  <memory-copied type="eden" objects="159" bytes="5272" bytesdiscarded="0" />
  <memory-copied type="other" objects="0" bytes="0" bytesdiscarded="0" />
  <memory-cardclean objects="87" bytes="3096" />
  <regions eden="20" other="1" />
  <remembered-set-cleared processed="70633" cleared="22" durationms="0.534" />
  <stringconstants candidates="13760" cleared="0"  />
</gc-op>
<gc-op id="1395" type="classunload" timems="0.004" contextid="1391" timestamp="2019-07-07T05:34:41.128">
  <classunload-info classloadercandidates="54" classloadersunloaded="0" classesunloaded="0" anonymousclassesunloaded="0" quiescems="0.000" setupms="0.003" scanms="0.000" postms="0.000" />
</gc-op>
<heap-resize id="1396" type="contract" space="default" amount="3145728" count="1" timems="0.243" reason="insufficient time being spent in gc" timestamp="2019-07-07T05:34:41.129" />
<gc-end id="1397" type="partial gc" contextid="1391" durationms="3.117" usertimems="0.000" systemtimems="4.000" timestamp="2019-07-07T05:34:41.129" activeThreads="1">
  <mem-info id="1398" free="31457280" total="53477376" percent="58">
    <mem type="eden" free="1043304" total="1048576" percent="99" />
    <remembered-set count="72768" freebytes="1969152" totalbytes="2260224" percent="87" regionsoverflowed="0" regionsstable="2" regionsrebuilding="9"/>
  </mem-info>
</gc-end>
<cycle-end id="1399" type="partial gc" contextid="1391" timestamp="2019-07-07T05:34:41.129" />
  <attribute name="elasticGC enabled" value="1" />
  <attribute name= "numThreadsSpecified" value="1" />
  <attribute name="heapSize specified" value="0" />
  <attribute name="Current GC Util" value="58" />
  <attribute name= "Current Time Running" value="10653" />
  <attribute name ="GC Interval" value="0" />
  <attribute name="ProportionalT" value="19.000000" />
  <attribute name="ProportionalI" value="19.000000" />
  <attribute name="ProportionalH" value="19.000000" />
  <attribute name="Current Error" value="38.000000" />
  <attribute name="IntegralT" value="0.000000" />
  <attribute name="IntegralI" value="0.000000" />
  <attribute name="IntegralH" value="0.000000" />
  <attribute name="DerivativeT" value="inf" />
  <attribute name="DerivativeI" value="inf" />
  <attribute name="DerivativeH" value="inf" />
  <attribute name="Loop Time for DT" value="0.000000" />
  <attribute name="Output H" value="8388608"/>
  <attribute name="Output I" value="200"/>
  <attribute name="Output T" value="1"/>
  <attribute name="Target GC Util Change" value ="20.000000" />
  <attribute name="Current GC Util Change" value="58.000000"/>
  <attribute name="GC Util currently" value="58" />
  <attribute name="CPU Util currently" value="18992512835314" />
<exclusive-end id="1400" timestamp="2019-07-07T05:34:41.129" durationms="4.252" />

<exclusive-start id="1401" timestamp="2019-07-07T05:34:41.153" intervalms="27.801">
  <response-info timems="0.066" idlems="0.066" threads="0" lastid="00000000020B9700" lastname="main" />
</exclusive-start>
<allocation-taxation id="1402" taxation-threshold="9437184" timestamp="2019-07-07T05:34:41.153" intervalms="27.823" />
<gc-start id="1403" type="global mark phase" contextid="1178" timestamp="2019-07-07T05:34:41.153">
  <mem-info id="1404" free="22020096" total="53477376" percent="41">
    <remembered-set count="72384" freebytes="1970688" totalbytes="2260224" percent="87" regionsoverflowed="0" regionsstable="2" regionsrebuilding="9"/>
  </mem-info>
</gc-start>
<gc-end id="1405" type="global mark phase" contextid="1178" durationms="0.093" usertimems="0.000" systemtimems="0.000" timestamp="2019-07-07T05:34:41.153" activeThreads="1">
  <mem-info id="1406" free="22020096" total="53477376" percent="41">
    <remembered-set count="72384" freebytes="1970688" totalbytes="2260224" percent="87" regionsoverflowed="0" regionsstable="2" regionsrebuilding="9"/>
  </mem-info>
</gc-end>
<concurrent-start id="1407" type="GMP work packet processing" contextid="1178" timestamp="2019-07-07T05:34:41.153">
  <concurrent-mark-start scanTarget="1048576" />
</concurrent-start>
<exclusive-end id="1408" timestamp="2019-07-07T05:34:41.153" durationms="0.654" />

<concurrent-end id="1409" type="GMP work packet processing" contextid="1178" timestamp="2019-07-07T05:34:41.154">
  <concurrent-mark-end bytesScanned="37408" reasonForTermination="Completed all work in GC phase" />
</concurrent-end>

<exclusive-start id="1410" timestamp="2019-07-07T05:34:41.177" intervalms="23.995">
  <response-info timems="0.072" idlems="0.072" threads="0" lastid="00000000020B9700" lastname="main" />
</exclusive-start>
<allocation-taxation id="1411" taxation-threshold="9437184" timestamp="2019-07-07T05:34:41.177" intervalms="23.964" />
<cycle-start id="1412" type="partial gc" contextid="0" timestamp="2019-07-07T05:34:41.177" intervalms="51.798" />
<gc-start id="1413" type="partial gc" contextid="1412" timestamp="2019-07-07T05:34:41.177">
  <mem-info id="1414" free="12582912" total="53477376" percent="23">
    <mem type="eden" free="0" total="18874368" percent="0" />
    <remembered-set count="72480" freebytes="1970304" totalbytes="2260224" percent="87" regionsoverflowed="0" regionsstable="2" regionsrebuilding="9"/>
  </mem-info>
</gc-start>
<allocation-stats totalBytes="18871272" >
  <allocated-bytes non-tlh="0" tlh="18871272" arrayletleaf="0"/>
  <largest-consumer threadName="main" threadId="00000000020B9700" bytes="9435696" />
</allocation-stats>
<gc-op id="1415" type="copy forward" timems="3.073" contextid="1412" timestamp="2019-07-07T05:34:41.182">
  <memory-copied type="eden" objects="105" bytes="3424" bytesdiscarded="0" />
  <memory-copied type="other" objects="51" bytes="1704" bytesdiscarded="0" />
  <memory-cardclean objects="80465" bytes="2791928" />
  <regions eden="18" other="1" />
  <remembered-set-cleared processed="46906" cleared="16609" durationms="0.266" />
  <stringconstants candidates="13760" cleared="0"  />
</gc-op>
<gc-op id="1416" type="classunload" timems="0.004" contextid="1412" timestamp="2019-07-07T05:34:41.182">
  <classunload-info classloadercandidates="54" classloadersunloaded="0" classesunloaded="0" anonymousclassesunloaded="0" quiescems="0.000" setupms="0.004" scanms="0.000" postms="0.000" />
</gc-op>
<gc-end id="1417" type="partial gc" contextid="1412" durationms="4.288" usertimems="8.000" systemtimems="0.000" timestamp="2019-07-07T05:34:41.182" activeThreads="4">
  <mem-info id="1418" free="30408704" total="53477376" percent="56">
    <mem type="eden" free="1045152" total="1048576" percent="99" />
    <remembered-set count="47680" freebytes="1943936" totalbytes="2134656" percent="91" regionsoverflowed="0" regionsstable="2" regionsrebuilding="9"/>
  </mem-info>
</gc-end>
<cycle-end id="1419" type="partial gc" contextid="1412" timestamp="2019-07-07T05:34:41.182" />
  <attribute name="elasticGC enabled" value="1" />
  <attribute name= "numThreadsSpecified" value="4" />
  <attribute name="heapSize specified" value="0" />
  <attribute name="Current GC Util" value="73" />
  <attribute name= "Current Time Running" value="10706" />
  <attribute name ="GC Interval" value="0" />
  <attribute name="ProportionalT" value="26.500000" />
  <attribute name="ProportionalI" value="26.500000" />
  <attribute name="ProportionalH" value="26.500000" />
  <attribute name="Current Error" value="53.000000" />
  <attribute name="IntegralT" value="26.500000" />
  <attribute name="IntegralI" value="26.500000" />
  <attribute name="IntegralH" value="26.500000" />
  <attribute name="DerivativeT" value="53.000000" />
  <attribute name="DerivativeI" value="53.000000" />
  <attribute name="DerivativeH" value="53.000000" />
  <attribute name="Loop Time for DT" value="1.000000" />
  <attribute name="Output H" value="8388608"/>
  <attribute name="Output I" value="200"/>
  <attribute name="Output T" value="4"/>
  <attribute name="Target GC Util Change" value ="20.000000" />
  <attribute name="Current GC Util Change" value="73.000000"/>
  <attribute name="GC Util currently" value="73" />
  <attribute name="CPU Util currently" value="10192990397629" />
<exclusive-end id="1420" timestamp="2019-07-07T05:34:41.182" durationms="5.340" />

<exclusive-start id="1421" timestamp="2019-07-07T05:34:41.229" intervalms="52.527">
  <response-info timems="0.023" idlems="0.023" threads="0" lastid="00000000020B9700" lastname="main" />
</exclusive-start>
<allocation-taxation id="1422" taxation-threshold="9437184" timestamp="2019-07-07T05:34:41.229" intervalms="52.576" />
<gc-start id="1423" type="global mark phase" contextid="1178" timestamp="2019-07-07T05:34:41.230">
  <mem-info id="1424" free="20971520" total="53477376" percent="39">
    <remembered-set count="47392" freebytes="1945088" totalbytes="2134656" percent="91" regionsoverflowed="0" regionsstable="2" regionsrebuilding="9"/>
  </mem-info>
</gc-start>
<gc-op id="1425" type="mark increment" timems="3.851" contextid="1178" timestamp="2019-07-07T05:34:41.234">
  <trace-info objectcount="249" scancount="249" scanbytes="352068" />
  <cardclean-info objects="199898" bytes="5437272" />
  <finalization candidates="79" enqueued="0" />
  <ownableSynchronizers candidates="23" cleared="0" />
  <references type="soft" candidates="4854" cleared="0" enqueued="0" dynamicThreshold="18" maxThreshold="32" />
  <references type="weak" candidates="5600" cleared="0" enqueued="0" />
  <references type="phantom" candidates="101" cleared="0" enqueued="0" />
  <stringconstants candidates="13760" cleared="0"  />
</gc-op>
<gc-op id="1426" type="classunload" timems="0.007" contextid="1178" timestamp="2019-07-07T05:34:41.234">
  <classunload-info classloadercandidates="54" classloadersunloaded="0" classesunloaded="0" anonymousclassesunloaded="0" quiescems="0.000" setupms="0.007" scanms="0.000" postms="0.000" />
</gc-op>
<gc-end id="1427" type="global mark phase" contextid="1178" durationms="4.206" usertimems="12.000" systemtimems="0.000" timestamp="2019-07-07T05:34:41.234" activeThreads="4">
  <mem-info id="1428" free="20971520" total="53477376" percent="39">
    <remembered-set count="57120" freebytes="1906176" totalbytes="2134656" percent="89" regionsoverflowed="0" regionsstable="2" regionsrebuilding="0"/>
  </mem-info>
</gc-end>
<cycle-end id="1429" type="global mark phase" contextid="1178" timestamp="2019-07-07T05:34:41.234" />
  <attribute name="elasticGC enabled" value="1" />
  <attribute name= "numThreadsSpecified" value="4" />
  <attribute name="heapSize specified" value="0" />
  <attribute name="Current GC Util" value="119" />
  <attribute name= "Current Time Running" value="10760" />
  <attribute name ="GC Interval" value="0" />
  <attribute name="ProportionalT" value="49.500000" />
  <attribute name="ProportionalI" value="49.500000" />
  <attribute name="ProportionalH" value="49.500000" />
  <attribute name="Current Error" value="99.000000" />
  <attribute name="IntegralT" value="0.000000" />
  <attribute name="IntegralI" value="0.000000" />
  <attribute name="IntegralH" value="0.000000" />
  <attribute name="DerivativeT" value="-inf" />
  <attribute name="DerivativeI" value="-inf" />
  <attribute name="DerivativeH" value="-inf" />
  <attribute name="Loop Time for DT" value="0.000000" />
  <attribute name="Output H" value="2091843584"/>
  <attribute name="Output I" value="200"/>
  <attribute name="Output T" value="4"/>
  <attribute name="Target GC Util Change" value ="20.000000" />
  <attribute name="Current GC Util Change" value="119.000000"/>
  <attribute name="GC Util currently" value="119" />
  <attribute name="CPU Util currently" value="11459740314636" />
<exclusive-end id="1430" timestamp="2019-07-07T05:34:41.234" durationms="4.887" />

<exclusive-start id="1431" timestamp="2019-07-07T05:34:41.261" intervalms="31.515">
  <response-info timems="0.083" idlems="0.083" threads="0" lastid="00000000020B9700" lastname="main" />
</exclusive-start>
<allocation-taxation id="1432" taxation-threshold="9437184" timestamp="2019-07-07T05:34:41.261" intervalms="31.485" />
<cycle-start id="1433" type="partial gc" contextid="0" timestamp="2019-07-07T05:34:41.261" intervalms="84.042" />
<gc-start id="1434" type="partial gc" contextid="1433" timestamp="2019-07-07T05:34:41.261">
  <mem-info id="1435" free="11534336" total="53477376" percent="21">
    <mem type="eden" free="1045152" total="19922944" percent="5" />
    <remembered-set count="41664" freebytes="1968000" totalbytes="2134656" percent="92" regionsoverflowed="0" regionsstable="7" regionsrebuilding="0"/>
  </mem-info>
</gc-start>
<allocation-stats totalBytes="18872048" >
  <allocated-bytes non-tlh="0" tlh="18872048" arrayletleaf="0"/>
  <largest-consumer threadName="main" threadId="00000000020B9700" bytes="9436232" />
</allocation-stats>
<gc-op id="1436" type="sweep" timems="1.007" contextid="1433" timestamp="2019-07-07T05:34:41.263" />
<gc-op id="1437" type="copy forward" timems="1.379" contextid="1433" timestamp="2019-07-07T05:34:41.265">
  <memory-copied type="eden" objects="122" bytes="3776" bytesdiscarded="423" />
  <memory-copied type="other" objects="114" bytes="3944" bytesdiscarded="889" />
  <memory-cardclean objects="123" bytes="12352" />
  <regions eden="9" other="2" />
  <remembered-set-cleared processed="40000" cleared="64" durationms="0.202" />
  <references type="weak" candidates="37" cleared="0" enqueued="0" />
  <stringconstants candidates="13760" cleared="0"  />
</gc-op>
<gc-op id="1438" type="classunload" timems="0.004" contextid="1433" timestamp="2019-07-07T05:34:41.265">
  <classunload-info classloadercandidates="54" classloadersunloaded="0" classesunloaded="0" anonymousclassesunloaded="0" quiescems="0.000" setupms="0.004" scanms="0.000" postms="0.000" />
</gc-op>
<gc-end id="1439" type="partial gc" contextid="1433" durationms="3.812" usertimems="8.000" systemtimems="0.000" timestamp="2019-07-07T05:34:41.265" activeThreads="4">
  <mem-info id="1440" free="30408704" total="53477376" percent="56">
    <mem type="eden" free="1039496" total="1048576" percent="99" />
    <remembered-set count="42784" freebytes="1963520" totalbytes="2134656" percent="91" regionsoverflowed="0" regionsstable="7" regionsrebuilding="0"/>
  </mem-info>
</gc-end>
<cycle-end id="1441" type="partial gc" contextid="1433" timestamp="2019-07-07T05:34:41.265" />
  <attribute name="elasticGC enabled" value="1" />
  <attribute name= "numThreadsSpecified" value="4" />
  <attribute name="heapSize specified" value="0" />
  <attribute name="Current GC Util" value="69" />
  <attribute name= "Current Time Running" value="10791" />
  <attribute name ="GC Interval" value="0" />
  <attribute name="ProportionalT" value="24.500000" />
  <attribute name="ProportionalI" value="24.500000" />
  <attribute name="ProportionalH" value="24.500000" />
  <attribute name="Current Error" value="49.000000" />
  <attribute name="IntegralT" value="24.500000" />
  <attribute name="IntegralI" value="24.500000" />
  <attribute name="IntegralH" value="24.500000" />
  <attribute name="DerivativeT" value="10.000000" />
  <attribute name="DerivativeI" value="10.000000" />
  <attribute name="DerivativeH" value="10.000000" />
  <attribute name="Loop Time for DT" value="1.000000" />
  <attribute name="Output H" value="8388608"/>
  <attribute name="Output I" value="200"/>
  <attribute name="Output T" value="4"/>
  <attribute name="Target GC Util Change" value ="20.000000" />
  <attribute name="Current GC Util Change" value="69.000000"/>
  <attribute name="GC Util currently" value="69" />
  <attribute name="CPU Util currently" value="18394870449250" />
<exclusive-end id="1442" timestamp="2019-07-07T05:34:41.265" durationms="4.712" />

<exclusive-start id="1443" timestamp="2019-07-07T05:34:41.286" intervalms="25.513">
  <response-info timems="0.069" idlems="0.069" threads="0" lastid="00000000020B9700" lastname="main" />
</exclusive-start>
<allocation-taxation id="1444" taxation-threshold="9437184" timestamp="2019-07-07T05:34:41.286" intervalms="25.453" />
<cycle-start id="1445" type="global mark phase" contextid="0" timestamp="2019-07-07T05:34:41.287" intervalms="421.178" />
<gc-start id="1446" type="global mark phase" contextid="1445" timestamp="2019-07-07T05:34:41.287">
  <mem-info id="1447" free="20971520" total="53477376" percent="39">
    <remembered-set count="27648" freebytes="2024064" totalbytes="2134656" percent="94" regionsoverflowed="0" regionsstable="13" regionsrebuilding="0"/>
  </mem-info>
</gc-start>
<gc-op id="1448" type="mark increment" timems="1.137" contextid="1445" timestamp="2019-07-07T05:34:41.288">
  <trace-info objectcount="8963" scancount="2225" scanbytes="81428" />
</gc-op>
<gc-end id="1449" type="global mark phase" contextid="1445" durationms="1.398" usertimems="4.000" systemtimems="0.000" timestamp="2019-07-07T05:34:41.288" activeThreads="4">
  <mem-info id="1450" free="20971520" total="53477376" percent="39">
    <remembered-set count="28160" freebytes="2022016" totalbytes="2134656" percent="94" regionsoverflowed="0" regionsstable="0" regionsrebuilding="13"/>
  </mem-info>
</gc-end>
<concurrent-start id="1451" type="GMP work packet processing" contextid="1445" timestamp="2019-07-07T05:34:41.288">
  <concurrent-mark-start scanTarget="1994957" />
</concurrent-start>
<exclusive-end id="1452" timestamp="2019-07-07T05:34:41.288" durationms="2.027" />

<concurrent-end id="1453" type="GMP work packet processing" contextid="1445" timestamp="2019-07-07T05:34:41.290">
  <concurrent-mark-end bytesScanned="2057600" reasonForTermination="Work target met" />
</concurrent-end>

<exclusive-start id="1454" timestamp="2019-07-07T05:34:41.310" intervalms="23.995">
  <response-info timems="0.057" idlems="0.057" threads="0" lastid="00000000020B9700" lastname="main" />
</exclusive-start>
<allocation-taxation id="1455" taxation-threshold="9437184" timestamp="2019-07-07T05:34:41.310" intervalms="23.979" />
<cycle-start id="1456" type="partial gc" contextid="0" timestamp="2019-07-07T05:34:41.311" intervalms="49.417" />
<gc-start id="1457" type="partial gc" contextid="1456" timestamp="2019-07-07T05:34:41.311">
  <mem-info id="1458" free="11534336" total="53477376" percent="21">
    <mem type="eden" free="0" total="18874368" percent="0" />
    <remembered-set count="31744" freebytes="2007680" totalbytes="2134656" percent="94" regionsoverflowed="0" regionsstable="0" regionsrebuilding="13"/>
  </mem-info>
</gc-start>
<allocation-stats totalBytes="18872128" >
  <allocated-bytes non-tlh="0" tlh="18872128" arrayletleaf="0"/>
  <largest-consumer threadName="main" threadId="00000000020B9700" bytes="9435960" />
</allocation-stats>
<gc-op id="1459" type="copy forward" timems="3.844" contextid="1456" timestamp="2019-07-07T05:34:41.315">
  <memory-copied type="eden" objects="125" bytes="3864" bytesdiscarded="96" />
  <memory-copied type="other" objects="23942" bytes="933648" bytesdiscarded="144560" />
  <memory-cardclean objects="99193" bytes="2798440" />
  <regions eden="18" other="4" />
  <remembered-set-cleared processed="20674" cleared="6708" durationms="0.212" />
  <finalization candidates="13" enqueued="0" />
  <references type="soft" candidates="63" cleared="0" enqueued="0" dynamicThreshold="12" maxThreshold="32" />
  <references type="weak" candidates="179" cleared="0" enqueued="0" />
  <references type="phantom" candidates="55" cleared="0" enqueued="0" />
  <stringconstants candidates="13760" cleared="0"  />
</gc-op>
<gc-op id="1460" type="classunload" timems="0.004" contextid="1456" timestamp="2019-07-07T05:34:41.315">
  <classunload-info classloadercandidates="54" classloadersunloaded="0" classesunloaded="0" anonymousclassesunloaded="0" quiescems="0.000" setupms="0.004" scanms="0.000" postms="0.000" />
</gc-op>
<heap-resize id="1461" type="expand" space="default" amount="7340032" count="1" timems="0.071" reason="excessive time being spent in gc" timestamp="2019-07-07T05:34:41.316" />
<gc-end id="1462" type="partial gc" contextid="1456" durationms="4.984" usertimems="12.000" systemtimems="0.000" timestamp="2019-07-07T05:34:41.316" activeThreads="4">
  <mem-info id="1463" free="36700160" total="60817408" percent="60">
    <mem type="eden" free="1044616" total="1048576" percent="99" />
    <remembered-set count="32672" freebytes="2296960" totalbytes="2427648" percent="94" regionsoverflowed="0" regionsstable="0" regionsrebuilding="13"/>
  </mem-info>
</gc-end>
<cycle-end id="1464" type="partial gc" contextid="1456" timestamp="2019-07-07T05:34:41.316" />
  <attribute name="elasticGC enabled" value="1" />
  <attribute name= "numThreadsSpecified" value="4" />
  <attribute name="heapSize specified" value="0" />
  <attribute name="Current GC Util" value="53" />
  <attribute name= "Current Time Running" value="10839" />
  <attribute name ="GC Interval" value="0" />
  <attribute name="ProportionalT" value="16.500000" />
  <attribute name="ProportionalI" value="16.500000" />
  <attribute name="ProportionalH" value="16.500000" />
  <attribute name="Current Error" value="33.000000" />
  <attribute name="IntegralT" value="16.500000" />
  <attribute name="IntegralI" value="16.500000" />
  <attribute name="IntegralH" value="16.500000" />
  <attribute name="DerivativeT" value="33.000000" />
  <attribute name="DerivativeI" value="33.000000" />
  <attribute name="DerivativeH" value="33.000000" />
  <attribute name="Loop Time for DT" value="1.000000" />
  <attribute name="Output H" value="8388608"/>
  <attribute name="Output I" value="200"/>
  <attribute name="Output T" value="4"/>
  <attribute name="Target GC Util Change" value ="20.000000" />
  <attribute name="Current GC Util Change" value="53.000000"/>
  <attribute name="GC Util currently" value="53" />
  <attribute name="CPU Util currently" value="21003260899554" />
<exclusive-end id="1465" timestamp="2019-07-07T05:34:41.316" durationms="5.966" />

<exclusive-start id="1466" timestamp="2019-07-07T05:34:41.339" intervalms="29.053">
  <response-info timems="0.069" idlems="0.069" threads="0" lastid="00000000020B9700" lastname="main" />
</exclusive-start>
<allocation-taxation id="1467" taxation-threshold="10485760" timestamp="2019-07-07T05:34:41.339" intervalms="29.093" />
<gc-start id="1468" type="global mark phase" contextid="1445" timestamp="2019-07-07T05:34:41.340">
  <mem-info id="1469" free="26214400" total="60817408" percent="43">
    <remembered-set count="8864" freebytes="2392192" totalbytes="2427648" percent="98" regionsoverflowed="0" regionsstable="3" regionsrebuilding="13"/>
  </mem-info>
</gc-start>
<gc-end id="1470" type="global mark phase" contextid="1445" durationms="0.158" usertimems="0.000" systemtimems="0.000" timestamp="2019-07-07T05:34:41.340" activeThreads="4">
  <mem-info id="1471" free="26214400" total="60817408" percent="43">
    <remembered-set count="8864" freebytes="2392192" totalbytes="2427648" percent="98" regionsoverflowed="0" regionsstable="3" regionsrebuilding="13"/>
  </mem-info>
</gc-end>
<concurrent-start id="1472" type="GMP work packet processing" contextid="1445" timestamp="2019-07-07T05:34:41.340">
  <concurrent-mark-start scanTarget="1994957" />
</concurrent-start>
<exclusive-end id="1473" timestamp="2019-07-07T05:34:41.340" durationms="0.823" />

<concurrent-end id="1474" type="GMP work packet processing" contextid="1445" timestamp="2019-07-07T05:34:41.341">
  <concurrent-mark-end bytesScanned="2037112" reasonForTermination="Work target met" />
</concurrent-end>

<exclusive-start id="1475" timestamp="2019-07-07T05:34:41.363" intervalms="23.313">
  <response-info timems="0.060" idlems="0.060" threads="0" lastid="00000000020B9700" lastname="main" />
</exclusive-start>
<allocation-taxation id="1476" taxation-threshold="10485760" timestamp="2019-07-07T05:34:41.363" intervalms="23.315" />
<cycle-start id="1477" type="partial gc" contextid="0" timestamp="2019-07-07T05:34:41.363" intervalms="52.505" />
<gc-start id="1478" type="partial gc" contextid="1477" timestamp="2019-07-07T05:34:41.363">
  <mem-info id="1479" free="15728640" total="60817408" percent="25">
    <mem type="eden" free="1044616" total="22020096" percent="4" />
    <remembered-set count="10656" freebytes="2385024" totalbytes="2427648" percent="98" regionsoverflowed="0" regionsstable="3" regionsrebuilding="13"/>
  </mem-info>
</gc-start>
<allocation-stats totalBytes="20969016" >
  <allocated-bytes non-tlh="0" tlh="20969016" arrayletleaf="0"/>
  <largest-consumer threadName="main" threadId="00000000020B9700" bytes="10484440" />
</allocation-stats>
<gc-op id="1480" type="copy forward" timems="1.282" contextid="1477" timestamp="2019-07-07T05:34:41.365">
  <memory-copied type="eden" objects="123" bytes="3808" bytesdiscarded="0" />
  <memory-copied type="other" objects="7" bytes="160" bytesdiscarded="0" />
  <memory-cardclean objects="48" bytes="1872" />
  <regions eden="20" other="2" />
  <remembered-set-cleared processed="8499" cleared="28" durationms="0.157" />
  <stringconstants candidates="13760" cleared="0"  />
</gc-op>
<gc-op id="1481" type="classunload" timems="0.004" contextid="1477" timestamp="2019-07-07T05:34:41.366">
  <classunload-info classloadercandidates="54" classloadersunloaded="0" classesunloaded="0" anonymousclassesunloaded="0" quiescems="0.000" setupms="0.004" scanms="0.000" postms="0.000" />
</gc-op>
<gc-end id="1482" type="partial gc" contextid="1477" durationms="2.488" usertimems="4.000" systemtimems="0.000" timestamp="2019-07-07T05:34:41.366" activeThreads="1">
  <mem-info id="1483" free="36700160" total="60817408" percent="60">
    <mem type="eden" free="1044768" total="1048576" percent="99" />
    <remembered-set count="10912" freebytes="2384000" totalbytes="2427648" percent="98" regionsoverflowed="0" regionsstable="3" regionsrebuilding="13"/>
  </mem-info>
</gc-end>
<cycle-end id="1484" type="partial gc" contextid="1477" timestamp="2019-07-07T05:34:41.366" />
  <attribute name="elasticGC enabled" value="1" />
  <attribute name= "numThreadsSpecified" value="1" />
  <attribute name="heapSize specified" value="0" />
  <attribute name="Current GC Util" value="66" />
  <attribute name= "Current Time Running" value="10891" />
  <attribute name ="GC Interval" value="0" />
  <attribute name="ProportionalT" value="23.000000" />
  <attribute name="ProportionalI" value="23.000000" />
  <attribute name="ProportionalH" value="23.000000" />
  <attribute name="Current Error" value="46.000000" />
  <attribute name="IntegralT" value="0.000000" />
  <attribute name="IntegralI" value="0.000000" />
  <attribute name="IntegralH" value="0.000000" />
  <attribute name="DerivativeT" value="inf" />
  <attribute name="DerivativeI" value="inf" />
  <attribute name="DerivativeH" value="inf" />
  <attribute name="Loop Time for DT" value="0.000000" />
  <attribute name="Output H" value="8388608"/>
  <attribute name="Output I" value="200"/>
  <attribute name="Output T" value="1"/>
  <attribute name="Target GC Util Change" value ="20.000000" />
  <attribute name="Current GC Util Change" value="66.000000"/>
  <attribute name="GC Util currently" value="66" />
  <attribute name="CPU Util currently" value="18855146453489" />
<exclusive-end id="1485" timestamp="2019-07-07T05:34:41.366" durationms="3.669" />

<exclusive-start id="1486" timestamp="2019-07-07T05:34:41.379" intervalms="16.139">
  <response-info timems="0.063" idlems="0.063" threads="0" lastid="00000000020B9700" lastname="main" />
</exclusive-start>
<allocation-taxation id="1487" taxation-threshold="10485760" timestamp="2019-07-07T05:34:41.379" intervalms="16.197" />
<gc-start id="1488" type="global mark phase" contextid="1445" timestamp="2019-07-07T05:34:41.379">
  <mem-info id="1489" free="26214400" total="60817408" percent="43">
    <remembered-set count="10496" freebytes="2385664" totalbytes="2427648" percent="98" regionsoverflowed="0" regionsstable="3" regionsrebuilding="13"/>
  </mem-info>
</gc-start>
<gc-end id="1490" type="global mark phase" contextid="1445" durationms="0.132" usertimems="0.000" systemtimems="0.000" timestamp="2019-07-07T05:34:41.379" activeThreads="1">
  <mem-info id="1491" free="26214400" total="60817408" percent="43">
    <remembered-set count="10496" freebytes="2385664" totalbytes="2427648" percent="98" regionsoverflowed="0" regionsstable="3" regionsrebuilding="13"/>
  </mem-info>
</gc-end>
<concurrent-start id="1492" type="GMP work packet processing" contextid="1445" timestamp="2019-07-07T05:34:41.379">
  <concurrent-mark-start scanTarget="1048576" />
</concurrent-start>
<exclusive-end id="1493" timestamp="2019-07-07T05:34:41.380" durationms="1.452" />

<concurrent-end id="1494" type="GMP work packet processing" contextid="1445" timestamp="2019-07-07T05:34:41.380">
  <concurrent-mark-end bytesScanned="1116792" reasonForTermination="Work target met" />
</concurrent-end>

<exclusive-start id="1495" timestamp="2019-07-07T05:34:41.391" intervalms="12.677">
  <response-info timems="0.028" idlems="0.028" threads="0" lastid="00000000020B9700" lastname="main" />
</exclusive-start>
<allocation-taxation id="1496" taxation-threshold="10485760" timestamp="2019-07-07T05:34:41.392" intervalms="12.622" />
<cycle-start id="1497" type="partial gc" contextid="0" timestamp="2019-07-07T05:34:41.392" intervalms="28.724" />
<gc-start id="1498" type="partial gc" contextid="1497" timestamp="2019-07-07T05:34:41.392">
  <mem-info id="1499" free="15728640" total="60817408" percent="25">
    <mem type="eden" free="1044768" total="22020096" percent="4" />
    <remembered-set count="16064" freebytes="2363392" totalbytes="2427648" percent="97" regionsoverflowed="0" regionsstable="3" regionsrebuilding="13"/>
  </mem-info>
</gc-start>
<allocation-stats totalBytes="20956624" >
  <allocated-bytes non-tlh="0" tlh="20956624" arrayletleaf="0"/>
  <largest-consumer threadName="main" threadId="00000000020B9700" bytes="10480152" />
</allocation-stats>
<gc-op id="1500" type="copy forward" timems="1.239" contextid="1497" timestamp="2019-07-07T05:34:41.394">
  <memory-copied type="eden" objects="139" bytes="4224" bytesdiscarded="0" />
  <memory-copied type="other" objects="0" bytes="0" bytesdiscarded="0" />
  <memory-cardclean objects="61" bytes="2544" />
  <regions eden="20" other="1" />
  <remembered-set-cleared processed="14069" cleared="28" durationms="0.205" />
  <stringconstants candidates="13760" cleared="0"  />
</gc-op>
<gc-op id="1501" type="classunload" timems="0.004" contextid="1497" timestamp="2019-07-07T05:34:41.394">
  <classunload-info classloadercandidates="54" classloadersunloaded="0" classesunloaded="0" anonymousclassesunloaded="0" quiescems="0.000" setupms="0.004" scanms="0.000" postms="0.000" />
</gc-op>
<gc-end id="1502" type="partial gc" contextid="1497" durationms="2.377" usertimems="0.000" systemtimems="0.000" timestamp="2019-07-07T05:34:41.394" activeThreads="1">
  <mem-info id="1503" free="36700160" total="60817408" percent="60">
    <mem type="eden" free="1044352" total="1048576" percent="99" />
    <remembered-set count="16480" freebytes="2361728" totalbytes="2427648" percent="97" regionsoverflowed="0" regionsstable="3" regionsrebuilding="13"/>
  </mem-info>
</gc-end>
<cycle-end id="1504" type="partial gc" contextid="1497" timestamp="2019-07-07T05:34:41.395" />
  <attribute name="elasticGC enabled" value="1" />
  <attribute name= "numThreadsSpecified" value="1" />
  <attribute name="heapSize specified" value="0" />
  <attribute name="Current GC Util" value="53" />
  <attribute name= "Current Time Running" value="10920" />
  <attribute name ="GC Interval" value="0" />
  <attribute name="ProportionalT" value="16.500000" />
  <attribute name="ProportionalI" value="16.500000" />
  <attribute name="ProportionalH" value="16.500000" />
  <attribute name="Current Error" value="33.000000" />
  <attribute name="IntegralT" value="0.000000" />
  <attribute name="IntegralI" value="0.000000" />
  <attribute name="IntegralH" value="0.000000" />
  <attribute name="DerivativeT" value="inf" />
  <attribute name="DerivativeI" value="inf" />
  <attribute name="DerivativeH" value="inf" />
  <attribute name="Loop Time for DT" value="0.000000" />
  <attribute name="Output H" value="8388608"/>
  <attribute name="Output I" value="200"/>
  <attribute name="Output T" value="1"/>
  <attribute name="Target GC Util Change" value ="20.000000" />
  <attribute name="Current GC Util Change" value="53.000000"/>
  <attribute name="GC Util currently" value="53" />
  <attribute name="CPU Util currently" value="19667631898616" />
<exclusive-end id="1505" timestamp="2019-07-07T05:34:41.395" durationms="3.482" />

<exclusive-start id="1506" timestamp="2019-07-07T05:34:41.405" intervalms="13.323">
  <response-info timems="0.077" idlems="0.077" threads="0" lastid="00000000020B9700" lastname="main" />
</exclusive-start>
<allocation-taxation id="1507" taxation-threshold="10485760" timestamp="2019-07-07T05:34:41.405" intervalms="13.364" />
<gc-start id="1508" type="global mark phase" contextid="1445" timestamp="2019-07-07T05:34:41.405">
  <mem-info id="1509" free="26214400" total="60817408" percent="43">
    <remembered-set count="16032" freebytes="2363520" totalbytes="2427648" percent="97" regionsoverflowed="0" regionsstable="3" regionsrebuilding="13"/>
  </mem-info>
</gc-start>
<gc-end id="1510" type="global mark phase" contextid="1445" durationms="0.128" usertimems="0.000" systemtimems="0.000" timestamp="2019-07-07T05:34:41.405" activeThreads="1">
  <mem-info id="1511" free="26214400" total="60817408" percent="43">
    <remembered-set count="16032" freebytes="2363520" totalbytes="2427648" percent="97" regionsoverflowed="0" regionsstable="3" regionsrebuilding="13"/>
  </mem-info>
</gc-end>
<concurrent-start id="1512" type="GMP work packet processing" contextid="1445" timestamp="2019-07-07T05:34:41.405">
  <concurrent-mark-start scanTarget="1048576" />
</concurrent-start>
<exclusive-end id="1513" timestamp="2019-07-07T05:34:41.406" durationms="0.776" />

<concurrent-end id="1514" type="GMP work packet processing" contextid="1445" timestamp="2019-07-07T05:34:41.406">
  <concurrent-mark-end bytesScanned="1098508" reasonForTermination="Work target met" />
</concurrent-end>

<exclusive-start id="1515" timestamp="2019-07-07T05:34:41.416" intervalms="11.152">
  <response-info timems="0.072" idlems="0.072" threads="0" lastid="00000000020B9700" lastname="main" />
</exclusive-start>
<allocation-taxation id="1516" taxation-threshold="10485760" timestamp="2019-07-07T05:34:41.416" intervalms="11.102" />
<cycle-start id="1517" type="partial gc" contextid="0" timestamp="2019-07-07T05:34:41.416" intervalms="24.446" />
<gc-start id="1518" type="partial gc" contextid="1517" timestamp="2019-07-07T05:34:41.416">
  <mem-info id="1519" free="15728640" total="60817408" percent="25">
    <mem type="eden" free="0" total="20971520" percent="0" />
    <remembered-set count="20256" freebytes="2346624" totalbytes="2427648" percent="96" regionsoverflowed="0" regionsstable="3" regionsrebuilding="13"/>
  </mem-info>
</gc-start>
<allocation-stats totalBytes="20960192" >
  <allocated-bytes non-tlh="0" tlh="20960192" arrayletleaf="0"/>
  <largest-consumer threadName="main" threadId="00000000020B9700" bytes="10480496" />
</allocation-stats>
<gc-op id="1520" type="copy forward" timems="1.316" contextid="1517" timestamp="2019-07-07T05:34:41.418">
  <memory-copied type="eden" objects="5" bytes="288" bytesdiscarded="0" />
  <memory-copied type="other" objects="131" bytes="4032" bytesdiscarded="0" />
  <memory-cardclean objects="41" bytes="1912" />
  <regions eden="20" other="1" />
  <remembered-set-cleared processed="18639" cleared="25" durationms="0.233" />
  <stringconstants candidates="13760" cleared="0"  />
</gc-op>
<gc-op id="1521" type="classunload" timems="0.004" contextid="1517" timestamp="2019-07-07T05:34:41.419">
  <classunload-info classloadercandidates="54" classloadersunloaded="0" classesunloaded="0" anonymousclassesunloaded="0" quiescems="0.000" setupms="0.004" scanms="0.000" postms="0.000" />
</gc-op>
<heap-resize id="1522" type="expand" space="default" amount="2097152" count="1" timems="0.060" reason="excessive time being spent in gc" timestamp="2019-07-07T05:34:41.419" />
<gc-end id="1523" type="partial gc" contextid="1517" durationms="2.545" usertimems="4.000" systemtimems="0.000" timestamp="2019-07-07T05:34:41.419" activeThreads="1">
  <mem-info id="1524" free="37748736" total="62914560" percent="60">
    <mem type="eden" free="1048288" total="1048576" percent="99" />
    <remembered-set count="20672" freebytes="2428672" totalbytes="2511360" percent="96" regionsoverflowed="0" regionsstable="3" regionsrebuilding="13"/>
  </mem-info>
</gc-end>
<cycle-end id="1525" type="partial gc" contextid="1517" timestamp="2019-07-07T05:34:41.419" />
  <attribute name="elasticGC enabled" value="1" />
  <attribute name= "numThreadsSpecified" value="1" />
  <attribute name="heapSize specified" value="0" />
  <attribute name="Current GC Util" value="58" />
  <attribute name= "Current Time Running" value="10944" />
  <attribute name ="GC Interval" value="0" />
  <attribute name="ProportionalT" value="19.000000" />
  <attribute name="ProportionalI" value="19.000000" />
  <attribute name="ProportionalH" value="19.000000" />
  <attribute name="Current Error" value="38.000000" />
  <attribute name="IntegralT" value="0.000000" />
  <attribute name="IntegralI" value="0.000000" />
  <attribute name="IntegralH" value="0.000000" />
  <attribute name="DerivativeT" value="inf" />
  <attribute name="DerivativeI" value="inf" />
  <attribute name="DerivativeH" value="inf" />
  <attribute name="Loop Time for DT" value="0.000000" />
  <attribute name="Output H" value="8388608"/>
  <attribute name="Output I" value="200"/>
  <attribute name="Output T" value="1"/>
  <attribute name="Target GC Util Change" value ="20.000000" />
  <attribute name="Current GC Util Change" value="58.000000"/>
  <attribute name="GC Util currently" value="58" />
  <attribute name="CPU Util currently" value="21919701483494" />
<exclusive-end id="1526" timestamp="2019-07-07T05:34:41.419" durationms="3.521" />

<exclusive-start id="1527" timestamp="2019-07-07T05:34:41.429" intervalms="13.381">
  <response-info timems="0.076" idlems="0.076" threads="0" lastid="00000000020B9700" lastname="main" />
</exclusive-start>
<allocation-taxation id="1528" taxation-threshold="10485760" timestamp="2019-07-07T05:34:41.430" intervalms="13.440" />
<gc-start id="1529" type="global mark phase" contextid="1445" timestamp="2019-07-07T05:34:41.430">
  <mem-info id="1530" free="27262976" total="62914560" percent="43">
    <remembered-set count="20288" freebytes="2430208" totalbytes="2511360" percent="96" regionsoverflowed="0" regionsstable="3" regionsrebuilding="13"/>
  </mem-info>
</gc-start>
<gc-end id="1531" type="global mark phase" contextid="1445" durationms="0.127" usertimems="0.000" systemtimems="0.000" timestamp="2019-07-07T05:34:41.430" activeThreads="1">
  <mem-info id="1532" free="27262976" total="62914560" percent="43">
    <remembered-set count="20288" freebytes="2430208" totalbytes="2511360" percent="96" regionsoverflowed="0" regionsstable="3" regionsrebuilding="13"/>
  </mem-info>
</gc-end>
<concurrent-start id="1533" type="GMP work packet processing" contextid="1445" timestamp="2019-07-07T05:34:41.430">
  <concurrent-mark-start scanTarget="1048576" />
</concurrent-start>
<exclusive-end id="1534" timestamp="2019-07-07T05:34:41.431" durationms="1.243" />

<concurrent-end id="1535" type="GMP work packet processing" contextid="1445" timestamp="2019-07-07T05:34:41.431">
  <concurrent-mark-end bytesScanned="1094852" reasonForTermination="Work target met" />
</concurrent-end>

<exclusive-start id="1536" timestamp="2019-07-07T05:34:41.440" intervalms="10.986">
  <response-info timems="0.060" idlems="0.060" threads="0" lastid="00000000020B9700" lastname="main" />
</exclusive-start>
<allocation-taxation id="1537" taxation-threshold="10485760" timestamp="2019-07-07T05:34:41.440" intervalms="10.959" />
<cycle-start id="1538" type="partial gc" contextid="0" timestamp="2019-07-07T05:34:41.441" intervalms="24.414" />
<gc-start id="1539" type="partial gc" contextid="1538" timestamp="2019-07-07T05:34:41.441">
  <mem-info id="1540" free="16777216" total="62914560" percent="26">
    <mem type="eden" free="1048288" total="22020096" percent="4" />
    <remembered-set count="23456" freebytes="2417536" totalbytes="2511360" percent="96" regionsoverflowed="0" regionsstable="3" regionsrebuilding="13"/>
  </mem-info>
</gc-start>
<allocation-stats totalBytes="20960400" >
  <allocated-bytes non-tlh="0" tlh="20960400" arrayletleaf="0"/>
  <largest-consumer threadName="main" threadId="00000000020B9700" bytes="10480424" />
</allocation-stats>
<gc-op id="1541" type="copy forward" timems="1.365" contextid="1538" timestamp="2019-07-07T05:34:41.443">
  <memory-copied type="eden" objects="7" bytes="704" bytesdiscarded="0" />
  <memory-copied type="other" objects="0" bytes="0" bytesdiscarded="0" />
  <memory-cardclean objects="16" bytes="528" />
  <regions eden="20" other="1" />
  <remembered-set-cleared processed="20899" cleared="6" durationms="0.252" />
  <stringconstants candidates="13760" cleared="0"  />
</gc-op>
<gc-op id="1542" type="classunload" timems="0.003" contextid="1538" timestamp="2019-07-07T05:34:41.443">
  <classunload-info classloadercandidates="54" classloadersunloaded="0" classesunloaded="0" anonymousclassesunloaded="0" quiescems="0.000" setupms="0.003" scanms="0.000" postms="0.000" />
</gc-op>
<gc-end id="1543" type="partial gc" contextid="1538" durationms="2.491" usertimems="4.000" systemtimems="0.000" timestamp="2019-07-07T05:34:41.443" activeThreads="1">
  <mem-info id="1544" free="37748736" total="62914560" percent="60">
    <mem type="eden" free="1047872" total="1048576" percent="99" />
    <remembered-set count="23936" freebytes="2415616" totalbytes="2511360" percent="96" regionsoverflowed="0" regionsstable="3" regionsrebuilding="13"/>
  </mem-info>
</gc-end>
<cycle-end id="1545" type="partial gc" contextid="1538" timestamp="2019-07-07T05:34:41.444" />
  <attribute name="elasticGC enabled" value="1" />
  <attribute name= "numThreadsSpecified" value="1" />
  <attribute name="heapSize specified" value="0" />
  <attribute name="Current GC Util" value="55" />
  <attribute name= "Current Time Running" value="10969" />
  <attribute name ="GC Interval" value="0" />
  <attribute name="ProportionalT" value="17.500000" />
  <attribute name="ProportionalI" value="17.500000" />
  <attribute name="ProportionalH" value="17.500000" />
  <attribute name="Current Error" value="35.000000" />
  <attribute name="IntegralT" value="0.000000" />
  <attribute name="IntegralI" value="0.000000" />
  <attribute name="IntegralH" value="0.000000" />
  <attribute name="DerivativeT" value="inf" />
  <attribute name="DerivativeI" value="inf" />
  <attribute name="DerivativeH" value="inf" />
  <attribute name="Loop Time for DT" value="0.000000" />
  <attribute name="Output H" value="8388608"/>
  <attribute name="Output I" value="200"/>
  <attribute name="Output T" value="1"/>
  <attribute name="Target GC Util Change" value ="20.000000" />
  <attribute name="Current GC Util Change" value="55.000000"/>
  <attribute name="GC Util currently" value="55" />
  <attribute name="CPU Util currently" value="19621022962280" />
<exclusive-end id="1546" timestamp="2019-07-07T05:34:41.444" durationms="3.592" />

<exclusive-start id="1547" timestamp="2019-07-07T05:34:41.454" intervalms="13.407">
  <response-info timems="0.027" idlems="0.027" threads="0" lastid="00000000020B9700" lastname="main" />
</exclusive-start>
<allocation-taxation id="1548" taxation-threshold="10485760" timestamp="2019-07-07T05:34:41.454" intervalms="13.427" />
<gc-start id="1549" type="global mark phase" contextid="1445" timestamp="2019-07-07T05:34:41.454">
  <mem-info id="1550" free="27262976" total="62914560" percent="43">
    <remembered-set count="23456" freebytes="2417536" totalbytes="2511360" percent="96" regionsoverflowed="0" regionsstable="3" regionsrebuilding="13"/>
  </mem-info>
</gc-start>
<gc-end id="1551" type="global mark phase" contextid="1445" durationms="0.146" usertimems="0.000" systemtimems="0.000" timestamp="2019-07-07T05:34:41.454" activeThreads="1">
  <mem-info id="1552" free="27262976" total="62914560" percent="43">
    <remembered-set count="23456" freebytes="2417536" totalbytes="2511360" percent="96" regionsoverflowed="0" regionsstable="3" regionsrebuilding="13"/>
  </mem-info>
</gc-end>
<concurrent-start id="1553" type="GMP work packet processing" contextid="1445" timestamp="2019-07-07T05:34:41.454">
  <concurrent-mark-start scanTarget="1048576" />
</concurrent-start>
<exclusive-end id="1554" timestamp="2019-07-07T05:34:41.455" durationms="0.813" />

<concurrent-end id="1555" type="GMP work packet processing" contextid="1445" timestamp="2019-07-07T05:34:41.455">
  <concurrent-mark-end bytesScanned="1089996" reasonForTermination="Work target met" />
</concurrent-end>

<exclusive-start id="1556" timestamp="2019-07-07T05:34:41.465" intervalms="11.042">
  <response-info timems="0.083" idlems="0.083" threads="0" lastid="00000000020B9700" lastname="main" />
</exclusive-start>
<allocation-taxation id="1557" taxation-threshold="10485760" timestamp="2019-07-07T05:34:41.465" intervalms="10.985" />
<cycle-start id="1558" type="partial gc" contextid="0" timestamp="2019-07-07T05:34:41.465" intervalms="24.369" />
<gc-start id="1559" type="partial gc" contextid="1558" timestamp="2019-07-07T05:34:41.465">
  <mem-info id="1560" free="16777216" total="62914560" percent="26">
    <mem type="eden" free="1047872" total="22020096" percent="4" />
    <remembered-set count="23584" freebytes="2417024" totalbytes="2511360" percent="96" regionsoverflowed="0" regionsstable="3" regionsrebuilding="13"/>
  </mem-info>
</gc-start>
<allocation-stats totalBytes="20960120" >
  <allocated-bytes non-tlh="0" tlh="20960120" arrayletleaf="0"/>
  <largest-consumer threadName="main" threadId="00000000020B9700" bytes="10480336" />
</allocation-stats>
<gc-op id="1561" type="copy forward" timems="1.272" contextid="1558" timestamp="2019-07-07T05:34:41.467">
  <memory-copied type="eden" objects="5" bytes="272" bytesdiscarded="0" />
  <memory-copied type="other" objects="0" bytes="0" bytesdiscarded="0" />
  <memory-cardclean objects="16" bytes="528" />
  <regions eden="20" other="1" />
  <remembered-set-cleared processed="21308" cleared="5" durationms="0.254" />
  <stringconstants candidates="13760" cleared="0"  />
</gc-op>
<gc-op id="1562" type="classunload" timems="0.004" contextid="1558" timestamp="2019-07-07T05:34:41.467">
  <classunload-info classloadercandidates="54" classloadersunloaded="0" classesunloaded="0" anonymousclassesunloaded="0" quiescems="0.000" setupms="0.004" scanms="0.000" postms="0.000" />
</gc-op>
<gc-end id="1563" type="partial gc" contextid="1558" durationms="2.366" usertimems="0.000" systemtimems="4.000" timestamp="2019-07-07T05:34:41.468" activeThreads="1">
  <mem-info id="1564" free="37748736" total="62914560" percent="60">
    <mem type="eden" free="1048304" total="1048576" percent="99" />
    <remembered-set count="24064" freebytes="2415104" totalbytes="2511360" percent="96" regionsoverflowed="0" regionsstable="3" regionsrebuilding="13"/>
  </mem-info>
</gc-end>
<cycle-end id="1565" type="partial gc" contextid="1558" timestamp="2019-07-07T05:34:41.468" />
  <attribute name="elasticGC enabled" value="1" />
  <attribute name= "numThreadsSpecified" value="1" />
  <attribute name="heapSize specified" value="0" />
  <attribute name="Current GC Util" value="52" />
  <attribute name= "Current Time Running" value="10993" />
  <attribute name ="GC Interval" value="0" />
  <attribute name="ProportionalT" value="16.000000" />
  <attribute name="ProportionalI" value="16.000000" />
  <attribute name="ProportionalH" value="16.000000" />
  <attribute name="Current Error" value="32.000000" />
  <attribute name="IntegralT" value="0.000000" />
  <attribute name="IntegralI" value="0.000000" />
  <attribute name="IntegralH" value="0.000000" />
  <attribute name="DerivativeT" value="inf" />
  <attribute name="DerivativeI" value="inf" />
  <attribute name="DerivativeH" value="inf" />
  <attribute name="Loop Time for DT" value="0.000000" />
  <attribute name="Output H" value="8388608"/>
  <attribute name="Output I" value="200"/>
  <attribute name="Output T" value="1"/>
  <attribute name="Target GC Util Change" value ="20.000000" />
  <attribute name="Current GC Util Change" value="52.000000"/>
  <attribute name="GC Util currently" value="52" />
  <attribute name="CPU Util currently" value="20075859855153" />
<exclusive-end id="1566" timestamp="2019-07-07T05:34:41.468" durationms="3.319" />

<exclusive-start id="1567" timestamp="2019-07-07T05:34:41.478" intervalms="13.218">
  <response-info timems="0.115" idlems="0.115" threads="0" lastid="00000000020B9700" lastname="main" />
</exclusive-start>
<allocation-taxation id="1568" taxation-threshold="10485760" timestamp="2019-07-07T05:34:41.478" intervalms="13.274" />
<gc-start id="1569" type="global mark phase" contextid="1445" timestamp="2019-07-07T05:34:41.478">
  <mem-info id="1570" free="27262976" total="62914560" percent="43">
    <remembered-set count="23584" freebytes="2417024" totalbytes="2511360" percent="96" regionsoverflowed="0" regionsstable="3" regionsrebuilding="13"/>
  </mem-info>
</gc-start>
<gc-end id="1571" type="global mark phase" contextid="1445" durationms="0.139" usertimems="0.000" systemtimems="0.000" timestamp="2019-07-07T05:34:41.478" activeThreads="1">
  <mem-info id="1572" free="27262976" total="62914560" percent="43">
    <remembered-set count="23584" freebytes="2417024" totalbytes="2511360" percent="96" regionsoverflowed="0" regionsstable="3" regionsrebuilding="13"/>
  </mem-info>
</gc-end>
<concurrent-start id="1573" type="GMP work packet processing" contextid="1445" timestamp="2019-07-07T05:34:41.479">
  <concurrent-mark-start scanTarget="1048576" />
</concurrent-start>
<exclusive-end id="1574" timestamp="2019-07-07T05:34:41.479" durationms="1.375" />

<concurrent-end id="1575" type="GMP work packet processing" contextid="1445" timestamp="2019-07-07T05:34:41.479">
  <concurrent-mark-end bytesScanned="1097204" reasonForTermination="Work target met" />
</concurrent-end>

<exclusive-start id="1576" timestamp="2019-07-07T05:34:41.489" intervalms="11.198">
  <response-info timems="0.083" idlems="0.083" threads="0" lastid="00000000020B9700" lastname="main" />
</exclusive-start>
<allocation-taxation id="1577" taxation-threshold="10485760" timestamp="2019-07-07T05:34:41.489" intervalms="11.182" />
<cycle-start id="1578" type="partial gc" contextid="0" timestamp="2019-07-07T05:34:41.489" intervalms="24.473" />
<gc-start id="1579" type="partial gc" contextid="1578" timestamp="2019-07-07T05:34:41.490">
  <mem-info id="1580" free="16777216" total="62914560" percent="26">
    <mem type="eden" free="1048304" total="22020096" percent="4" />
    <remembered-set count="28832" freebytes="2396032" totalbytes="2511360" percent="95" regionsoverflowed="0" regionsstable="3" regionsrebuilding="13"/>
  </mem-info>
</gc-start>
<allocation-stats totalBytes="20959792" >
  <allocated-bytes non-tlh="0" tlh="20959792" arrayletleaf="0"/>
  <largest-consumer threadName="main" threadId="00000000020B9700" bytes="10480584" />
</allocation-stats>
<gc-op id="1581" type="copy forward" timems="1.407" contextid="1578" timestamp="2019-07-07T05:34:41.492">
  <memory-copied type="eden" objects="5" bytes="368" bytesdiscarded="0" />
  <memory-copied type="other" objects="0" bytes="0" bytesdiscarded="0" />
  <memory-cardclean objects="16" bytes="528" />
  <regions eden="20" other="1" />
  <remembered-set-cleared processed="26594" cleared="5" durationms="0.284" />
  <stringconstants candidates="13760" cleared="0"  />
</gc-op>
<gc-op id="1582" type="classunload" timems="0.003" contextid="1578" timestamp="2019-07-07T05:34:41.492">
  <classunload-info classloadercandidates="54" classloadersunloaded="0" classesunloaded="0" anonymousclassesunloaded="0" quiescems="0.000" setupms="0.003" scanms="0.000" postms="0.000" />
</gc-op>
<gc-end id="1583" type="partial gc" contextid="1578" durationms="2.481" usertimems="4.000" systemtimems="0.000" timestamp="2019-07-07T05:34:41.492" activeThreads="1">
  <mem-info id="1584" free="37748736" total="62914560" percent="60">
    <mem type="eden" free="1048208" total="1048576" percent="99" />
    <remembered-set count="29312" freebytes="2394112" totalbytes="2511360" percent="95" regionsoverflowed="0" regionsstable="3" regionsrebuilding="13"/>
  </mem-info>
</gc-end>
<cycle-end id="1585" type="partial gc" contextid="1578" timestamp="2019-07-07T05:34:41.492" />
  <attribute name="elasticGC enabled" value="1" />
  <attribute name= "numThreadsSpecified" value="1" />
  <attribute name="heapSize specified" value="0" />
  <attribute name="Current GC Util" value="55" />
  <attribute name= "Current Time Running" value="11017" />
  <attribute name ="GC Interval" value="0" />
  <attribute name="ProportionalT" value="17.500000" />
  <attribute name="ProportionalI" value="17.500000" />
  <attribute name="ProportionalH" value="17.500000" />
  <attribute name="Current Error" value="35.000000" />
  <attribute name="IntegralT" value="0.000000" />
  <attribute name="IntegralI" value="0.000000" />
  <attribute name="IntegralH" value="0.000000" />
  <attribute name="DerivativeT" value="inf" />
  <attribute name="DerivativeI" value="inf" />
  <attribute name="DerivativeH" value="inf" />
  <attribute name="Loop Time for DT" value="0.000000" />
  <attribute name="Output H" value="8388608"/>
  <attribute name="Output I" value="200"/>
  <attribute name="Output T" value="1"/>
  <attribute name="Target GC Util Change" value ="20.000000" />
  <attribute name="Current GC Util Change" value="55.000000"/>
  <attribute name="GC Util currently" value="55" />
  <attribute name="CPU Util currently" value="20318572116921" />
<exclusive-end id="1586" timestamp="2019-07-07T05:34:41.493" durationms="3.564" />

<exclusive-start id="1587" timestamp="2019-07-07T05:34:41.503" intervalms="13.459">
  <response-info timems="0.095" idlems="0.095" threads="0" lastid="00000000020B9700" lastname="main" />
</exclusive-start>
<allocation-taxation id="1588" taxation-threshold="10485760" timestamp="2019-07-07T05:34:41.503" intervalms="13.496" />
<gc-start id="1589" type="global mark phase" contextid="1445" timestamp="2019-07-07T05:34:41.503">
  <mem-info id="1590" free="27262976" total="62914560" percent="43">
    <remembered-set count="28832" freebytes="2396032" totalbytes="2511360" percent="95" regionsoverflowed="0" regionsstable="3" regionsrebuilding="13"/>
  </mem-info>
</gc-start>
<gc-end id="1591" type="global mark phase" contextid="1445" durationms="0.141" usertimems="0.000" systemtimems="0.000" timestamp="2019-07-07T05:34:41.503" activeThreads="1">
  <mem-info id="1592" free="27262976" total="62914560" percent="43">
    <remembered-set count="28832" freebytes="2396032" totalbytes="2511360" percent="95" regionsoverflowed="0" regionsstable="3" regionsrebuilding="13"/>
  </mem-info>
</gc-end>
<concurrent-start id="1593" type="GMP work packet processing" contextid="1445" timestamp="2019-07-07T05:34:41.503">
  <concurrent-mark-start scanTarget="1048576" />
</concurrent-start>
<exclusive-end id="1594" timestamp="2019-07-07T05:34:41.504" durationms="1.292" />

<concurrent-end id="1595" type="GMP work packet processing" contextid="1445" timestamp="2019-07-07T05:34:41.504">
  <concurrent-mark-end bytesScanned="1087760" reasonForTermination="Work target met" />
</concurrent-end>

<exclusive-start id="1596" timestamp="2019-07-07T05:34:41.514" intervalms="11.077">
  <response-info timems="0.108" idlems="0.108" threads="0" lastid="00000000020B9700" lastname="main" />
</exclusive-start>
<allocation-taxation id="1597" taxation-threshold="10485760" timestamp="2019-07-07T05:34:41.514" intervalms="11.064" />
<cycle-start id="1598" type="partial gc" contextid="0" timestamp="2019-07-07T05:34:41.514" intervalms="24.655" />
<gc-start id="1599" type="partial gc" contextid="1598" timestamp="2019-07-07T05:34:41.514">
  <mem-info id="1600" free="16777216" total="62914560" percent="26">
    <mem type="eden" free="1048208" total="22020096" percent="4" />
    <remembered-set count="33376" freebytes="2377856" totalbytes="2511360" percent="94" regionsoverflowed="0" regionsstable="3" regionsrebuilding="13"/>
  </mem-info>
</gc-start>
<allocation-stats totalBytes="20960328" >
  <allocated-bytes non-tlh="0" tlh="20960328" arrayletleaf="0"/>
  <largest-consumer threadName="main" threadId="00000000020B9700" bytes="10480400" />
</allocation-stats>
<gc-op id="1601" type="copy forward" timems="1.299" contextid="1598" timestamp="2019-07-07T05:34:41.516">
  <memory-copied type="eden" objects="5" bytes="240" bytesdiscarded="0" />
  <memory-copied type="other" objects="0" bytes="0" bytesdiscarded="0" />
  <memory-cardclean objects="16" bytes="528" />
  <regions eden="20" other="1" />
  <remembered-set-cleared processed="31548" cleared="5" durationms="0.312" />
  <stringconstants candidates="13760" cleared="0"  />
</gc-op>
<gc-op id="1602" type="classunload" timems="0.004" contextid="1598" timestamp="2019-07-07T05:34:41.517">
  <classunload-info classloadercandidates="54" classloadersunloaded="0" classesunloaded="0" anonymousclassesunloaded="0" quiescems="0.000" setupms="0.004" scanms="0.000" postms="0.000" />
</gc-op>
<gc-end id="1603" type="partial gc" contextid="1598" durationms="2.336" usertimems="0.000" systemtimems="0.000" timestamp="2019-07-07T05:34:41.517" activeThreads="1">
  <mem-info id="1604" free="37748736" total="62914560" percent="60">
    <mem type="eden" free="1048336" total="1048576" percent="99" />
    <remembered-set count="33856" freebytes="2375936" totalbytes="2511360" percent="94" regionsoverflowed="0" regionsstable="3" regionsrebuilding="13"/>
  </mem-info>
</gc-end>
<cycle-end id="1605" type="partial gc" contextid="1598" timestamp="2019-07-07T05:34:41.517" />
  <attribute name="elasticGC enabled" value="1" />
  <attribute name= "numThreadsSpecified" value="1" />
  <attribute name="heapSize specified" value="0" />
  <attribute name="Current GC Util" value="63" />
  <attribute name= "Current Time Running" value="11042" />
  <attribute name ="GC Interval" value="0" />
  <attribute name="ProportionalT" value="21.500000" />
  <attribute name="ProportionalI" value="21.500000" />
  <attribute name="ProportionalH" value="21.500000" />
  <attribute name="Current Error" value="43.000000" />
  <attribute name="IntegralT" value="0.000000" />
  <attribute name="IntegralI" value="0.000000" />
  <attribute name="IntegralH" value="0.000000" />
  <attribute name="DerivativeT" value="inf" />
  <attribute name="DerivativeI" value="inf" />
  <attribute name="DerivativeH" value="inf" />
  <attribute name="Loop Time for DT" value="0.000000" />
  <attribute name="Output H" value="8388608"/>
  <attribute name="Output I" value="200"/>
  <attribute name="Output T" value="1"/>
  <attribute name="Target GC Util Change" value ="20.000000" />
  <attribute name="Current GC Util Change" value="63.000000"/>
  <attribute name="GC Util currently" value="63" />
  <attribute name="CPU Util currently" value="20929103031134" />
<exclusive-end id="1606" timestamp="2019-07-07T05:34:41.517" durationms="3.438" />

<exclusive-start id="1607" timestamp="2019-07-07T05:34:41.527" intervalms="13.294">
  <response-info timems="0.103" idlems="0.103" threads="0" lastid="00000000020B9700" lastname="main" />
</exclusive-start>
<allocation-taxation id="1608" taxation-threshold="10485760" timestamp="2019-07-07T05:34:41.527" intervalms="13.272" />
<gc-start id="1609" type="global mark phase" contextid="1445" timestamp="2019-07-07T05:34:41.527">
  <mem-info id="1610" free="27262976" total="62914560" percent="43">
    <remembered-set count="33376" freebytes="2377856" totalbytes="2511360" percent="94" regionsoverflowed="0" regionsstable="3" regionsrebuilding="13"/>
  </mem-info>
</gc-start>
<gc-end id="1611" type="global mark phase" contextid="1445" durationms="0.083" usertimems="0.000" systemtimems="0.000" timestamp="2019-07-07T05:34:41.527" activeThreads="1">
  <mem-info id="1612" free="27262976" total="62914560" percent="43">
    <remembered-set count="33376" freebytes="2377856" totalbytes="2511360" percent="94" regionsoverflowed="0" regionsstable="3" regionsrebuilding="13"/>
  </mem-info>
</gc-end>
<concurrent-start id="1613" type="GMP work packet processing" contextid="1445" timestamp="2019-07-07T05:34:41.527">
  <concurrent-mark-start scanTarget="1048576" />
</concurrent-start>
<concurrent-end id="1614" type="GMP work packet processing" contextid="1445" timestamp="2019-07-07T05:34:41.528">
  <concurrent-mark-end bytesScanned="1099012" reasonForTermination="Work target met" />
</concurrent-end>

<exclusive-end id="1615" timestamp="2019-07-07T05:34:41.528" durationms="1.343" />

<exclusive-start id="1616" timestamp="2019-07-07T05:34:41.538" intervalms="11.297">
  <response-info timems="0.118" idlems="0.118" threads="0" lastid="00000000020B9700" lastname="main" />
</exclusive-start>
<allocation-taxation id="1617" taxation-threshold="10485760" timestamp="2019-07-07T05:34:41.538" intervalms="11.288" />
<cycle-start id="1618" type="partial gc" contextid="0" timestamp="2019-07-07T05:34:41.539" intervalms="24.982" />
<gc-start id="1619" type="partial gc" contextid="1618" timestamp="2019-07-07T05:34:41.539">
  <mem-info id="1620" free="16777216" total="62914560" percent="26">
    <mem type="eden" free="1048336" total="22020096" percent="4" />
    <remembered-set count="48896" freebytes="2315776" totalbytes="2511360" percent="92" regionsoverflowed="0" regionsstable="3" regionsrebuilding="13"/>
  </mem-info>
</gc-start>
<allocation-stats totalBytes="20960968" >
  <allocated-bytes non-tlh="0" tlh="20960968" arrayletleaf="0"/>
  <largest-consumer threadName="main" threadId="00000000020B9700" bytes="10480584" />
</allocation-stats>
<gc-op id="1621" type="copy forward" timems="1.435" contextid="1618" timestamp="2019-07-07T05:34:41.542">
  <memory-copied type="eden" objects="5" bytes="368" bytesdiscarded="0" />
  <memory-copied type="other" objects="0" bytes="0" bytesdiscarded="0" />
  <memory-cardclean objects="16" bytes="528" />
  <regions eden="20" other="1" />
  <remembered-set-cleared processed="46861" cleared="5" durationms="0.396" />
  <stringconstants candidates="13760" cleared="0"  />
</gc-op>
<gc-op id="1622" type="classunload" timems="0.005" contextid="1618" timestamp="2019-07-07T05:34:41.542">
  <classunload-info classloadercandidates="54" classloadersunloaded="0" classesunloaded="0" anonymousclassesunloaded="0" quiescems="0.000" setupms="0.004" scanms="0.000" postms="0.000" />
</gc-op>
<gc-end id="1623" type="partial gc" contextid="1618" durationms="2.528" usertimems="0.000" systemtimems="0.000" timestamp="2019-07-07T05:34:41.542" activeThreads="1">
  <mem-info id="1624" free="37748736" total="62914560" percent="60">
    <mem type="eden" free="1048208" total="1048576" percent="99" />
    <remembered-set count="49376" freebytes="2313856" totalbytes="2511360" percent="92" regionsoverflowed="0" regionsstable="3" regionsrebuilding="13"/>
  </mem-info>
</gc-end>
<cycle-end id="1625" type="partial gc" contextid="1618" timestamp="2019-07-07T05:34:41.542" />
  <attribute name="elasticGC enabled" value="1" />
  <attribute name= "numThreadsSpecified" value="1" />
  <attribute name="heapSize specified" value="0" />
  <attribute name="Current GC Util" value="69" />
  <attribute name= "Current Time Running" value="11067" />
  <attribute name ="GC Interval" value="0" />
  <attribute name="ProportionalT" value="24.500000" />
  <attribute name="ProportionalI" value="24.500000" />
  <attribute name="ProportionalH" value="24.500000" />
  <attribute name="Current Error" value="49.000000" />
  <attribute name="IntegralT" value="0.000000" />
  <attribute name="IntegralI" value="0.000000" />
  <attribute name="IntegralH" value="0.000000" />
  <attribute name="DerivativeT" value="inf" />
  <attribute name="DerivativeI" value="inf" />
  <attribute name="DerivativeH" value="inf" />
  <attribute name="Loop Time for DT" value="0.000000" />
  <attribute name="Output H" value="8388608"/>
  <attribute name="Output I" value="200"/>
  <attribute name="Output T" value="1"/>
  <attribute name="Target GC Util Change" value ="20.000000" />
  <attribute name="Current GC Util Change" value="69.000000"/>
  <attribute name="GC Util currently" value="69" />
  <attribute name="CPU Util currently" value="19328753665636" />
<exclusive-end id="1626" timestamp="2019-07-07T05:34:41.542" durationms="4.159" />

<exclusive-start id="1627" timestamp="2019-07-07T05:34:41.552" intervalms="14.017">
  <response-info timems="0.121" idlems="0.121" threads="0" lastid="00000000020B9700" lastname="main" />
</exclusive-start>
<allocation-taxation id="1628" taxation-threshold="10485760" timestamp="2019-07-07T05:34:41.553" intervalms="14.058" />
<gc-start id="1629" type="global mark phase" contextid="1445" timestamp="2019-07-07T05:34:41.553">
  <mem-info id="1630" free="27262976" total="62914560" percent="43">
    <remembered-set count="48896" freebytes="2315776" totalbytes="2511360" percent="92" regionsoverflowed="0" regionsstable="3" regionsrebuilding="13"/>
  </mem-info>
</gc-start>
<gc-end id="1631" type="global mark phase" contextid="1445" durationms="0.130" usertimems="0.000" systemtimems="0.000" timestamp="2019-07-07T05:34:41.553" activeThreads="1">
  <mem-info id="1632" free="27262976" total="62914560" percent="43">
    <remembered-set count="48896" freebytes="2315776" totalbytes="2511360" percent="92" regionsoverflowed="0" regionsstable="3" regionsrebuilding="13"/>
  </mem-info>
</gc-end>
<concurrent-start id="1633" type="GMP work packet processing" contextid="1445" timestamp="2019-07-07T05:34:41.553">
  <concurrent-mark-start scanTarget="1048576" />
</concurrent-start>
<exclusive-end id="1634" timestamp="2019-07-07T05:34:41.554" durationms="1.328" />

<concurrent-end id="1635" type="GMP work packet processing" contextid="1445" timestamp="2019-07-07T05:34:41.554">
  <concurrent-mark-end bytesScanned="1094252" reasonForTermination="Work target met" />
</concurrent-end>

<exclusive-start id="1636" timestamp="2019-07-07T05:34:41.563" intervalms="11.171">
  <response-info timems="0.089" idlems="0.089" threads="0" lastid="00000000020B9700" lastname="main" />
</exclusive-start>
<allocation-taxation id="1637" taxation-threshold="10485760" timestamp="2019-07-07T05:34:41.564" intervalms="11.122" />
<cycle-start id="1638" type="partial gc" contextid="0" timestamp="2019-07-07T05:34:41.564" intervalms="24.694" />
<gc-start id="1639" type="partial gc" contextid="1638" timestamp="2019-07-07T05:34:41.564">
  <mem-info id="1640" free="16777216" total="62914560" percent="26">
    <mem type="eden" free="1048208" total="22020096" percent="4" />
    <remembered-set count="52352" freebytes="2301952" totalbytes="2511360" percent="91" regionsoverflowed="0" regionsstable="3" regionsrebuilding="13"/>
  </mem-info>
</gc-start>
<allocation-stats totalBytes="20960328" >
  <allocated-bytes non-tlh="0" tlh="20960328" arrayletleaf="0"/>
  <largest-consumer threadName="main" threadId="00000000020B9700" bytes="10480400" />
</allocation-stats>
<gc-op id="1641" type="copy forward" timems="1.382" contextid="1638" timestamp="2019-07-07T05:34:41.566">
  <memory-copied type="eden" objects="5" bytes="240" bytesdiscarded="0" />
  <memory-copied type="other" objects="0" bytes="0" bytesdiscarded="0" />
  <memory-cardclean objects="16" bytes="528" />
  <regions eden="20" other="1" />
  <remembered-set-cleared processed="50084" cleared="5" durationms="0.419" />
  <stringconstants candidates="13760" cleared="0"  />
</gc-op>
<gc-op id="1642" type="classunload" timems="0.004" contextid="1638" timestamp="2019-07-07T05:34:41.566">
  <classunload-info classloadercandidates="54" classloadersunloaded="0" classesunloaded="0" anonymousclassesunloaded="0" quiescems="0.000" setupms="0.003" scanms="0.000" postms="0.000" />
</gc-op>
<gc-end id="1643" type="partial gc" contextid="1638" durationms="2.459" usertimems="4.000" systemtimems="0.000" timestamp="2019-07-07T05:34:41.567" activeThreads="1">
  <mem-info id="1644" free="37748736" total="62914560" percent="60">
    <mem type="eden" free="1048336" total="1048576" percent="99" />
    <remembered-set count="52832" freebytes="2300032" totalbytes="2511360" percent="91" regionsoverflowed="0" regionsstable="3" regionsrebuilding="13"/>
  </mem-info>
</gc-end>
<cycle-end id="1645" type="partial gc" contextid="1638" timestamp="2019-07-07T05:34:41.567" />
  <attribute name="elasticGC enabled" value="1" />
  <attribute name= "numThreadsSpecified" value="1" />
  <attribute name="heapSize specified" value="0" />
  <attribute name="Current GC Util" value="64" />
  <attribute name= "Current Time Running" value="11092" />
  <attribute name ="GC Interval" value="0" />
  <attribute name="ProportionalT" value="22.000000" />
  <attribute name="ProportionalI" value="22.000000" />
  <attribute name="ProportionalH" value="22.000000" />
  <attribute name="Current Error" value="44.000000" />
  <attribute name="IntegralT" value="0.000000" />
  <attribute name="IntegralI" value="0.000000" />
  <attribute name="IntegralH" value="0.000000" />
  <attribute name="DerivativeT" value="inf" />
  <attribute name="DerivativeI" value="inf" />
  <attribute name="DerivativeH" value="inf" />
  <attribute name="Loop Time for DT" value="0.000000" />
  <attribute name="Output H" value="8388608"/>
  <attribute name="Output I" value="200"/>
  <attribute name="Output T" value="1"/>
  <attribute name="Target GC Util Change" value ="20.000000" />
  <attribute name="Current GC Util Change" value="64.000000"/>
  <attribute name="GC Util currently" value="64" />
  <attribute name="CPU Util currently" value="21147344454127" />
<exclusive-end id="1646" timestamp="2019-07-07T05:34:41.567" durationms="3.590" />

<exclusive-start id="1647" timestamp="2019-07-07T05:34:41.577" intervalms="13.461">
  <response-info timems="0.077" idlems="0.077" threads="0" lastid="00000000020B9700" lastname="main" />
</exclusive-start>
<allocation-taxation id="1648" taxation-threshold="10485760" timestamp="2019-07-07T05:34:41.577" intervalms="13.503" />
<gc-start id="1649" type="global mark phase" contextid="1445" timestamp="2019-07-07T05:34:41.577">
  <mem-info id="1650" free="27262976" total="62914560" percent="43">
    <remembered-set count="52352" freebytes="2301952" totalbytes="2511360" percent="91" regionsoverflowed="0" regionsstable="3" regionsrebuilding="13"/>
  </mem-info>
</gc-start>
<gc-end id="1651" type="global mark phase" contextid="1445" durationms="0.141" usertimems="0.000" systemtimems="0.000" timestamp="2019-07-07T05:34:41.577" activeThreads="1">
  <mem-info id="1652" free="27262976" total="62914560" percent="43">
    <remembered-set count="52352" freebytes="2301952" totalbytes="2511360" percent="91" regionsoverflowed="0" regionsstable="3" regionsrebuilding="13"/>
  </mem-info>
</gc-end>
<concurrent-start id="1653" type="GMP work packet processing" contextid="1445" timestamp="2019-07-07T05:34:41.578">
  <concurrent-mark-start scanTarget="1048576" />
</concurrent-start>
<exclusive-end id="1654" timestamp="2019-07-07T05:34:41.578" durationms="0.831" />

<concurrent-end id="1655" type="GMP work packet processing" contextid="1445" timestamp="2019-07-07T05:34:41.578">
  <concurrent-mark-end bytesScanned="673072" reasonForTermination="Completed all work in GC phase" />
</concurrent-end>

<exclusive-start id="1656" timestamp="2019-07-07T05:34:41.588" intervalms="10.847">
  <response-info timems="0.072" idlems="0.072" threads="0" lastid="00000000020B9700" lastname="main" />
</exclusive-start>
<allocation-taxation id="1657" taxation-threshold="10485760" timestamp="2019-07-07T05:34:41.588" intervalms="10.814" />
<cycle-start id="1658" type="partial gc" contextid="0" timestamp="2019-07-07T05:34:41.588" intervalms="24.361" />
<gc-start id="1659" type="partial gc" contextid="1658" timestamp="2019-07-07T05:34:41.588">
  <mem-info id="1660" free="16777216" total="62914560" percent="26">
    <mem type="eden" free="1048336" total="22020096" percent="4" />
    <remembered-set count="52384" freebytes="2301824" totalbytes="2511360" percent="91" regionsoverflowed="0" regionsstable="3" regionsrebuilding="13"/>
  </mem-info>
</gc-start>
<allocation-stats totalBytes="20960968" >
  <allocated-bytes non-tlh="0" tlh="20960968" arrayletleaf="0"/>
  <largest-consumer threadName="main" threadId="00000000020B9700" bytes="10480584" />
</allocation-stats>
<gc-op id="1661" type="copy forward" timems="1.389" contextid="1658" timestamp="2019-07-07T05:34:41.591">
  <memory-copied type="eden" objects="5" bytes="368" bytesdiscarded="0" />
  <memory-copied type="other" objects="0" bytes="0" bytesdiscarded="0" />
  <memory-cardclean objects="16" bytes="528" />
  <regions eden="20" other="1" />
  <remembered-set-cleared processed="50421" cleared="5" durationms="0.442" />
  <stringconstants candidates="13760" cleared="0"  />
</gc-op>
<gc-op id="1662" type="classunload" timems="0.004" contextid="1658" timestamp="2019-07-07T05:34:41.591">
  <classunload-info classloadercandidates="54" classloadersunloaded="0" classesunloaded="0" anonymousclassesunloaded="0" quiescems="0.000" setupms="0.003" scanms="0.000" postms="0.000" />
</gc-op>
<gc-end id="1663" type="partial gc" contextid="1658" durationms="2.507" usertimems="0.000" systemtimems="0.000" timestamp="2019-07-07T05:34:41.591" activeThreads="1">
  <mem-info id="1664" free="37748736" total="62914560" percent="60">
    <mem type="eden" free="1048208" total="1048576" percent="99" />
    <remembered-set count="52864" freebytes="2299904" totalbytes="2511360" percent="91" regionsoverflowed="0" regionsstable="3" regionsrebuilding="13"/>
  </mem-info>
</gc-end>
<cycle-end id="1665" type="partial gc" contextid="1658" timestamp="2019-07-07T05:34:41.591" />
  <attribute name="elasticGC enabled" value="1" />
  <attribute name= "numThreadsSpecified" value="1" />
  <attribute name="heapSize specified" value="0" />
  <attribute name="Current GC Util" value="62" />
  <attribute name= "Current Time Running" value="11116" />
  <attribute name ="GC Interval" value="0" />
  <attribute name="ProportionalT" value="21.000000" />
  <attribute name="ProportionalI" value="21.000000" />
  <attribute name="ProportionalH" value="21.000000" />
  <attribute name="Current Error" value="42.000000" />
  <attribute name="IntegralT" value="0.000000" />
  <attribute name="IntegralI" value="0.000000" />
  <attribute name="IntegralH" value="0.000000" />
  <attribute name="DerivativeT" value="inf" />
  <attribute name="DerivativeI" value="inf" />
  <attribute name="DerivativeH" value="inf" />
  <attribute name="Loop Time for DT" value="0.000000" />
  <attribute name="Output H" value="8388608"/>
  <attribute name="Output I" value="200"/>
  <attribute name="Output T" value="1"/>
  <attribute name="Target GC Util Change" value ="20.000000" />
  <attribute name="Current GC Util Change" value="62.000000"/>
  <attribute name="GC Util currently" value="62" />
  <attribute name="CPU Util currently" value="21618325236398" />
<exclusive-end id="1666" timestamp="2019-07-07T05:34:41.591" durationms="3.561" />

<exclusive-start id="1667" timestamp="2019-07-07T05:34:41.601" intervalms="13.382">
  <response-info timems="0.078" idlems="0.078" threads="0" lastid="00000000020B9700" lastname="main" />
</exclusive-start>
<allocation-taxation id="1668" taxation-threshold="10485760" timestamp="2019-07-07T05:34:41.601" intervalms="13.370" />
<gc-start id="1669" type="global mark phase" contextid="1445" timestamp="2019-07-07T05:34:41.601">
  <mem-info id="1670" free="27262976" total="62914560" percent="43">
    <remembered-set count="52384" freebytes="2301824" totalbytes="2511360" percent="91" regionsoverflowed="0" regionsstable="3" regionsrebuilding="13"/>
  </mem-info>
</gc-start>
<gc-op id="1671" type="mark increment" timems="3.416" contextid="1445" timestamp="2019-07-07T05:34:41.605">
  <trace-info objectcount="168" scancount="166" scanbytes="237836" />
  <cardclean-info objects="185624" bytes="4123076" />
  <finalization candidates="79" enqueued="0" />
  <ownableSynchronizers candidates="23" cleared="0" />
  <references type="soft" candidates="4854" cleared="0" enqueued="0" dynamicThreshold="19" maxThreshold="32" />
  <references type="weak" candidates="5588" cleared="0" enqueued="0" />
  <references type="phantom" candidates="101" cleared="0" enqueued="0" />
  <stringconstants candidates="13760" cleared="0"  />
</gc-op>
<gc-op id="1672" type="classunload" timems="0.007" contextid="1445" timestamp="2019-07-07T05:34:41.605">
  <classunload-info classloadercandidates="54" classloadersunloaded="0" classesunloaded="0" anonymousclassesunloaded="0" quiescems="0.000" setupms="0.007" scanms="0.000" postms="0.000" />
</gc-op>
<gc-end id="1673" type="global mark phase" contextid="1445" durationms="3.849" usertimems="8.000" systemtimems="0.000" timestamp="2019-07-07T05:34:41.605" activeThreads="4">
  <mem-info id="1674" free="27262976" total="62914560" percent="43">
    <remembered-set count="56480" freebytes="2285440" totalbytes="2511360" percent="91" regionsoverflowed="0" regionsstable="3" regionsrebuilding="0"/>
  </mem-info>
</gc-end>
<cycle-end id="1675" type="global mark phase" contextid="1445" timestamp="2019-07-07T05:34:41.605" />
  <attribute name="elasticGC enabled" value="1" />
  <attribute name= "numThreadsSpecified" value="4" />
  <attribute name="heapSize specified" value="0" />
  <attribute name="Current GC Util" value="98" />
  <attribute name= "Current Time Running" value="11131" />
  <attribute name ="GC Interval" value="0" />
  <attribute name="ProportionalT" value="39.000000" />
  <attribute name="ProportionalI" value="39.000000" />
  <attribute name="ProportionalH" value="39.000000" />
  <attribute name="Current Error" value="78.000000" />
  <attribute name="IntegralT" value="0.000000" />
  <attribute name="IntegralI" value="0.000000" />
  <attribute name="IntegralH" value="0.000000" />
  <attribute name="DerivativeT" value="-inf" />
  <attribute name="DerivativeI" value="-inf" />
  <attribute name="DerivativeH" value="-inf" />
  <attribute name="Loop Time for DT" value="0.000000" />
  <attribute name="Output H" value="2091843584"/>
  <attribute name="Output I" value="200"/>
  <attribute name="Output T" value="4"/>
  <attribute name="Target GC Util Change" value ="20.000000" />
  <attribute name="Current GC Util Change" value="98.000000"/>
  <attribute name="GC Util currently" value="98" />
  <attribute name="CPU Util currently" value="13922743420684" />
<exclusive-end id="1676" timestamp="2019-07-07T05:34:41.606" durationms="4.498" />

<exclusive-start id="1677" timestamp="2019-07-07T05:34:41.615" intervalms="14.324">
  <response-info timems="0.079" idlems="0.079" threads="0" lastid="00000000020B9700" lastname="main" />
</exclusive-start>
<allocation-taxation id="1678" taxation-threshold="10485760" timestamp="2019-07-07T05:34:41.616" intervalms="14.360" />
<cycle-start id="1679" type="partial gc" contextid="0" timestamp="2019-07-07T05:34:41.616" intervalms="27.697" />
<gc-start id="1680" type="partial gc" contextid="1679" timestamp="2019-07-07T05:34:41.616">
  <mem-info id="1681" free="16777216" total="62914560" percent="26">
    <mem type="eden" free="1048208" total="22020096" percent="4" />
    <remembered-set count="3744" freebytes="2496384" totalbytes="2511360" percent="99" regionsoverflowed="0" regionsstable="16" regionsrebuilding="0"/>
  </mem-info>
</gc-start>
<allocation-stats totalBytes="20960328" >
  <allocated-bytes non-tlh="0" tlh="20960328" arrayletleaf="0"/>
  <largest-consumer threadName="main" threadId="00000000020B9700" bytes="10480400" />
</allocation-stats>
<gc-op id="1682" type="sweep" timems="0.636" contextid="1679" timestamp="2019-07-07T05:34:41.617" />
<gc-op id="1683" type="copy forward" timems="1.057" contextid="1679" timestamp="2019-07-07T05:34:41.619">
  <memory-copied type="eden" objects="5" bytes="240" bytesdiscarded="0" />
  <memory-copied type="other" objects="0" bytes="0" bytesdiscarded="0" />
  <memory-cardclean objects="16" bytes="528" />
  <regions eden="10" other="1" />
  <remembered-set-cleared processed="2442" cleared="1" durationms="0.095" />
  <stringconstants candidates="13760" cleared="0"  />
</gc-op>
<gc-op id="1684" type="classunload" timems="0.007" contextid="1679" timestamp="2019-07-07T05:34:41.619">
  <classunload-info classloadercandidates="54" classloadersunloaded="0" classesunloaded="0" anonymousclassesunloaded="0" quiescems="0.000" setupms="0.006" scanms="0.000" postms="0.000" />
</gc-op>
<gc-end id="1685" type="partial gc" contextid="1679" durationms="3.074" usertimems="4.000" systemtimems="0.000" timestamp="2019-07-07T05:34:41.619" activeThreads="4">
  <mem-info id="1686" free="37748736" total="62914560" percent="60">
    <mem type="eden" free="1048336" total="1048576" percent="99" />
    <remembered-set count="3360" freebytes="2497920" totalbytes="2511360" percent="99" regionsoverflowed="0" regionsstable="16" regionsrebuilding="0"/>
  </mem-info>
</gc-end>
<cycle-end id="1687" type="partial gc" contextid="1679" timestamp="2019-07-07T05:34:41.619" />
  <attribute name="elasticGC enabled" value="1" />
  <attribute name= "numThreadsSpecified" value="4" />
  <attribute name="heapSize specified" value="0" />
  <attribute name="Current GC Util" value="54" />
  <attribute name= "Current Time Running" value="11145" />
  <attribute name ="GC Interval" value="0" />
  <attribute name="ProportionalT" value="17.000000" />
  <attribute name="ProportionalI" value="17.000000" />
  <attribute name="ProportionalH" value="17.000000" />
  <attribute name="Current Error" value="34.000000" />
  <attribute name="IntegralT" value="0.000000" />
  <attribute name="IntegralI" value="0.000000" />
  <attribute name="IntegralH" value="0.000000" />
  <attribute name="DerivativeT" value="-inf" />
  <attribute name="DerivativeI" value="-inf" />
  <attribute name="DerivativeH" value="-inf" />
  <attribute name="Loop Time for DT" value="0.000000" />
  <attribute name="Output H" value="2091843584"/>
  <attribute name="Output I" value="200"/>
  <attribute name="Output T" value="4"/>
  <attribute name="Target GC Util Change" value ="20.000000" />
  <attribute name="Current GC Util Change" value="54.000000"/>
  <attribute name="GC Util currently" value="54" />
  <attribute name="CPU Util currently" value="21843287866411" />
<exclusive-end id="1688" timestamp="2019-07-07T05:34:41.620" durationms="4.140" />

<exclusive-start id="1689" timestamp="2019-07-07T05:34:41.641" intervalms="25.848">
  <response-info timems="0.158" idlems="0.158" threads="0" lastid="00000000020B9700" lastname="main" />
</exclusive-start>
<allocation-taxation id="1690" taxation-threshold="22020096" timestamp="2019-07-07T05:34:41.642" intervalms="25.855" />
<cycle-start id="1691" type="partial gc" contextid="0" timestamp="2019-07-07T05:34:41.642" intervalms="25.890" />
<gc-start id="1692" type="partial gc" contextid="1691" timestamp="2019-07-07T05:34:41.642">
  <mem-info id="1693" free="15728640" total="62914560" percent="25">
    <mem type="eden" free="1048336" total="23068672" percent="4" />
    <remembered-set count="2880" freebytes="2499840" totalbytes="2511360" percent="99" regionsoverflowed="0" regionsstable="16" regionsrebuilding="0"/>
  </mem-info>
</gc-start>
<allocation-stats totalBytes="22009112" >
  <allocated-bytes non-tlh="0" tlh="22009112" arrayletleaf="0"/>
  <largest-consumer threadName="main" threadId="00000000020B9700" bytes="22009112" />
</allocation-stats>
<gc-op id="1694" type="copy forward" timems="0.994" contextid="1691" timestamp="2019-07-07T05:34:41.644">
  <memory-copied type="eden" objects="27" bytes="1320" bytesdiscarded="0" />
  <memory-copied type="other" objects="490" bytes="10568" bytesdiscarded="0" />
  <memory-cardclean objects="278" bytes="7968" />
  <regions eden="21" other="4" />
  <remembered-set-cleared processed="2429" cleared="8" durationms="0.117" />
  <stringconstants candidates="13760" cleared="0"  />
</gc-op>
<gc-op id="1695" type="classunload" timems="0.004" contextid="1691" timestamp="2019-07-07T05:34:41.644">
  <classunload-info classloadercandidates="54" classloadersunloaded="0" classesunloaded="0" anonymousclassesunloaded="0" quiescems="0.000" setupms="0.004" scanms="0.000" postms="0.000" />
</gc-op>
<heap-resize id="1696" type="contract" space="default" amount="1048576" count="1" timems="0.057" reason="excess free space following gc" timestamp="2019-07-07T05:34:41.644" />
<gc-end id="1697" type="partial gc" contextid="1691" durationms="2.322" usertimems="4.000" systemtimems="0.000" timestamp="2019-07-07T05:34:41.644" activeThreads="1">
  <mem-info id="1698" free="37748736" total="61865984" percent="61">
    <mem type="eden" free="1047256" total="1048576" percent="99" />
    <remembered-set count="3264" freebytes="2498304" totalbytes="2511360" percent="99" regionsoverflowed="0" regionsstable="16" regionsrebuilding="0"/>
  </mem-info>
</gc-end>
<cycle-end id="1699" type="partial gc" contextid="1691" timestamp="2019-07-07T05:34:41.645" />
  <attribute name="elasticGC enabled" value="1" />
  <attribute name= "numThreadsSpecified" value="1" />
  <attribute name="heapSize specified" value="0" />
  <attribute name="Current GC Util" value="59" />
  <attribute name= "Current Time Running" value="11170" />
  <attribute name ="GC Interval" value="0" />
  <attribute name="ProportionalT" value="19.500000" />
  <attribute name="ProportionalI" value="19.500000" />
  <attribute name="ProportionalH" value="19.500000" />
  <attribute name="Current Error" value="39.000000" />
  <attribute name="IntegralT" value="0.000000" />
  <attribute name="IntegralI" value="0.000000" />
  <attribute name="IntegralH" value="0.000000" />
  <attribute name="DerivativeT" value="inf" />
  <attribute name="DerivativeI" value="inf" />
  <attribute name="DerivativeH" value="inf" />
  <attribute name="Loop Time for DT" value="0.000000" />
  <attribute name="Output H" value="8388608"/>
  <attribute name="Output I" value="200"/>
  <attribute name="Output T" value="1"/>
  <attribute name="Target GC Util Change" value ="20.000000" />
  <attribute name="Current GC Util Change" value="59.000000"/>
  <attribute name="GC Util currently" value="59" />
  <attribute name="CPU Util currently" value="19908849913596" />
<exclusive-end id="1700" timestamp="2019-07-07T05:34:41.645" durationms="3.590" />

<exclusive-start id="1701" timestamp="2019-07-07T05:34:41.670" intervalms="28.237">
  <response-info timems="0.022" idlems="0.022" threads="0" lastid="00000000020B9700" lastname="main" />
</exclusive-start>
<allocation-taxation id="1702" taxation-threshold="22020096" timestamp="2019-07-07T05:34:41.670" intervalms="28.216" />
<cycle-start id="1703" type="partial gc" contextid="0" timestamp="2019-07-07T05:34:41.670" intervalms="28.248" />
<gc-start id="1704" type="partial gc" contextid="1703" timestamp="2019-07-07T05:34:41.670">
  <mem-info id="1705" free="15728640" total="61865984" percent="25">
    <mem type="eden" free="0" total="22020096" percent="0" />
    <remembered-set count="2848" freebytes="2499968" totalbytes="2511360" percent="99" regionsoverflowed="0" regionsstable="16" regionsrebuilding="0"/>
  </mem-info>
</gc-start>
<allocation-stats totalBytes="22001216" >
  <allocated-bytes non-tlh="0" tlh="22001216" arrayletleaf="0"/>
  <largest-consumer threadName="main" threadId="00000000020B9700" bytes="22001216" />
</allocation-stats>
<gc-op id="1706" type="copy forward" timems="0.935" contextid="1703" timestamp="2019-07-07T05:34:41.672">
  <memory-copied type="eden" objects="5" bytes="344" bytesdiscarded="0" />
  <memory-copied type="other" objects="138" bytes="4192" bytesdiscarded="0" />
  <memory-cardclean objects="42" bytes="1984" />
  <regions eden="21" other="2" />
  <remembered-set-cleared processed="2437" cleared="8" durationms="0.114" />
  <stringconstants candidates="13760" cleared="0"  />
</gc-op>
<gc-op id="1707" type="classunload" timems="0.003" contextid="1703" timestamp="2019-07-07T05:34:41.672">
  <classunload-info classloadercandidates="54" classloadersunloaded="0" classesunloaded="0" anonymousclassesunloaded="0" quiescems="0.000" setupms="0.003" scanms="0.000" postms="0.000" />
</gc-op>
<heap-resize id="1708" type="expand" space="default" amount="1048576" count="1" timems="0.056" reason="excessive time being spent in gc" timestamp="2019-07-07T05:34:41.673" />
<gc-end id="1709" type="partial gc" contextid="1703" durationms="2.515" usertimems="4.000" systemtimems="0.000" timestamp="2019-07-07T05:34:41.673" activeThreads="1">
  <mem-info id="1710" free="37748736" total="62914560" percent="60">
    <mem type="eden" free="1048232" total="1048576" percent="99" />
    <remembered-set count="3232" freebytes="2498432" totalbytes="2511360" percent="99" regionsoverflowed="0" regionsstable="16" regionsrebuilding="0"/>
  </mem-info>
</gc-end>
<cycle-end id="1711" type="partial gc" contextid="1703" timestamp="2019-07-07T05:34:41.673" />
  <attribute name="elasticGC enabled" value="1" />
  <attribute name= "numThreadsSpecified" value="1" />
  <attribute name="heapSize specified" value="0" />
  <attribute name="Current GC Util" value="47" />
  <attribute name= "Current Time Running" value="11198" />
  <attribute name ="GC Interval" value="0" />
  <attribute name="ProportionalT" value="13.500000" />
  <attribute name="ProportionalI" value="13.500000" />
  <attribute name="ProportionalH" value="13.500000" />
  <attribute name="Current Error" value="27.000000" />
  <attribute name="IntegralT" value="0.000000" />
  <attribute name="IntegralI" value="0.000000" />
  <attribute name="IntegralH" value="0.000000" />
  <attribute name="DerivativeT" value="inf" />
  <attribute name="DerivativeI" value="inf" />
  <attribute name="DerivativeH" value="inf" />
  <attribute name="Loop Time for DT" value="0.000000" />
  <attribute name="Output H" value="8388608"/>
  <attribute name="Output I" value="200"/>
  <attribute name="Output T" value="1"/>
  <attribute name="Target GC Util Change" value ="20.000000" />
  <attribute name="Current GC Util Change" value="47.000000"/>
  <attribute name="GC Util currently" value="47" />
  <attribute name="CPU Util currently" value="10265985472432" />
<exclusive-end id="1712" timestamp="2019-07-07T05:34:41.673" durationms="3.777" />

<exclusive-start id="1713" timestamp="2019-07-07T05:34:41.693" intervalms="23.883">
  <response-info timems="0.114" idlems="0.114" threads="0" lastid="00000000020B9700" lastname="main" />
</exclusive-start>
<allocation-taxation id="1714" taxation-threshold="22020096" timestamp="2019-07-07T05:34:41.694" intervalms="23.870" />
<cycle-start id="1715" type="partial gc" contextid="0" timestamp="2019-07-07T05:34:41.694" intervalms="23.820" />
<gc-start id="1716" type="partial gc" contextid="1715" timestamp="2019-07-07T05:34:41.694">
  <mem-info id="1717" free="15728640" total="62914560" percent="25">
    <mem type="eden" free="1048232" total="23068672" percent="4" />
    <remembered-set count="2848" freebytes="2499968" totalbytes="2511360" percent="99" regionsoverflowed="0" regionsstable="16" regionsrebuilding="0"/>
  </mem-info>
</gc-start>
<allocation-stats totalBytes="21999928" >
  <allocated-bytes non-tlh="0" tlh="21999928" arrayletleaf="0"/>
  <largest-consumer threadName="main" threadId="00000000020B9700" bytes="21999928" />
</allocation-stats>
<gc-op id="1718" type="copy forward" timems="0.935" contextid="1715" timestamp="2019-07-07T05:34:41.696">
  <memory-copied type="eden" objects="5" bytes="352" bytesdiscarded="0" />
  <memory-copied type="other" objects="103" bytes="3520" bytesdiscarded="0" />
  <memory-cardclean objects="85" bytes="11064" />
  <regions eden="21" other="2" />
  <remembered-set-cleared processed="2436" cleared="15" durationms="0.118" />
  <references type="weak" candidates="37" cleared="0" enqueued="0" />
  <stringconstants candidates="13760" cleared="0"  />
</gc-op>
<gc-op id="1719" type="classunload" timems="0.004" contextid="1715" timestamp="2019-07-07T05:34:41.696">
  <classunload-info classloadercandidates="54" classloadersunloaded="0" classesunloaded="0" anonymousclassesunloaded="0" quiescems="0.000" setupms="0.003" scanms="0.000" postms="0.000" />
</gc-op>
<gc-end id="1720" type="partial gc" contextid="1715" durationms="2.047" usertimems="0.000" systemtimems="0.000" timestamp="2019-07-07T05:34:41.696" activeThreads="1">
  <mem-info id="1721" free="37748736" total="62914560" percent="60">
    <mem type="eden" free="1048224" total="1048576" percent="99" />
    <remembered-set count="3168" freebytes="2498688" totalbytes="2511360" percent="99" regionsoverflowed="0" regionsstable="16" regionsrebuilding="0"/>
  </mem-info>
</gc-end>
<cycle-end id="1722" type="partial gc" contextid="1715" timestamp="2019-07-07T05:34:41.696" />
  <attribute name="elasticGC enabled" value="1" />
  <attribute name= "numThreadsSpecified" value="1" />
  <attribute name="heapSize specified" value="0" />
  <attribute name="Current GC Util" value="71" />
  <attribute name= "Current Time Running" value="11222" />
  <attribute name ="GC Interval" value="0" />
  <attribute name="ProportionalT" value="25.500000" />
  <attribute name="ProportionalI" value="25.500000" />
  <attribute name="ProportionalH" value="25.500000" />
  <attribute name="Current Error" value="51.000000" />
  <attribute name="IntegralT" value="0.000000" />
  <attribute name="IntegralI" value="0.000000" />
  <attribute name="IntegralH" value="0.000000" />
  <attribute name="DerivativeT" value="inf" />
  <attribute name="DerivativeI" value="inf" />
  <attribute name="DerivativeH" value="inf" />
  <attribute name="Loop Time for DT" value="0.000000" />
  <attribute name="Output H" value="8388608"/>
  <attribute name="Output I" value="200"/>
  <attribute name="Output T" value="1"/>
  <attribute name="Target GC Util Change" value ="20.000000" />
  <attribute name="Current GC Util Change" value="71.000000"/>
  <attribute name="GC Util currently" value="71" />
  <attribute name="CPU Util currently" value="19340994182484" />
<exclusive-end id="1723" timestamp="2019-07-07T05:34:41.697" durationms="3.161" />

<exclusive-start id="1724" timestamp="2019-07-07T05:34:41.717" intervalms="23.306">
  <response-info timems="0.134" idlems="0.134" threads="0" lastid="00000000020B9700" lastname="main" />
</exclusive-start>
<allocation-taxation id="1725" taxation-threshold="22020096" timestamp="2019-07-07T05:34:41.717" intervalms="23.322" />
<cycle-start id="1726" type="partial gc" contextid="0" timestamp="2019-07-07T05:34:41.717" intervalms="23.339" />
<gc-start id="1727" type="partial gc" contextid="1726" timestamp="2019-07-07T05:34:41.718">
  <mem-info id="1728" free="15728640" total="62914560" percent="25">
    <mem type="eden" free="1048224" total="23068672" percent="4" />
    <remembered-set count="2784" freebytes="2500224" totalbytes="2511360" percent="99" regionsoverflowed="0" regionsstable="16" regionsrebuilding="0"/>
  </mem-info>
</gc-start>
<allocation-stats totalBytes="21999600" >
  <allocated-bytes non-tlh="0" tlh="21999600" arrayletleaf="0"/>
  <largest-consumer threadName="main" threadId="00000000020B9700" bytes="21999600" />
</allocation-stats>
<gc-op id="1729" type="copy forward" timems="0.921" contextid="1726" timestamp="2019-07-07T05:34:41.719">
  <memory-copied type="eden" objects="5" bytes="352" bytesdiscarded="0" />
  <memory-copied type="other" objects="0" bytes="0" bytesdiscarded="0" />
  <memory-cardclean objects="16" bytes="528" />
  <regions eden="21" other="1" />
  <remembered-set-cleared processed="2440" cleared="0" durationms="0.119" />
  <stringconstants candidates="13760" cleared="0"  />
</gc-op>
<gc-op id="1730" type="classunload" timems="0.004" contextid="1726" timestamp="2019-07-07T05:34:41.719">
  <classunload-info classloadercandidates="54" classloadersunloaded="0" classesunloaded="0" anonymousclassesunloaded="0" quiescems="0.000" setupms="0.003" scanms="0.000" postms="0.000" />
</gc-op>
<gc-end id="1731" type="partial gc" contextid="1726" durationms="2.047" usertimems="0.000" systemtimems="0.000" timestamp="2019-07-07T05:34:41.720" activeThreads="1">
  <mem-info id="1732" free="37748736" total="62914560" percent="60">
    <mem type="eden" free="1048224" total="1048576" percent="99" />
    <remembered-set count="3264" freebytes="2498304" totalbytes="2511360" percent="99" regionsoverflowed="0" regionsstable="16" regionsrebuilding="0"/>
  </mem-info>
</gc-end>
<cycle-end id="1733" type="partial gc" contextid="1726" timestamp="2019-07-07T05:34:41.720" />
  <attribute name="elasticGC enabled" value="1" />
  <attribute name= "numThreadsSpecified" value="1" />
  <attribute name="heapSize specified" value="0" />
  <attribute name="Current GC Util" value="65" />
  <attribute name= "Current Time Running" value="11245" />
  <attribute name ="GC Interval" value="0" />
  <attribute name="ProportionalT" value="22.500000" />
  <attribute name="ProportionalI" value="22.500000" />
  <attribute name="ProportionalH" value="22.500000" />
  <attribute name="Current Error" value="45.000000" />
  <attribute name="IntegralT" value="0.000000" />
  <attribute name="IntegralI" value="0.000000" />
  <attribute name="IntegralH" value="0.000000" />
  <attribute name="DerivativeT" value="inf" />
  <attribute name="DerivativeI" value="inf" />
  <attribute name="DerivativeH" value="inf" />
  <attribute name="Loop Time for DT" value="0.000000" />
  <attribute name="Output H" value="8388608"/>
  <attribute name="Output I" value="200"/>
  <attribute name="Output T" value="1"/>
  <attribute name="Target GC Util Change" value ="20.000000" />
  <attribute name="Current GC Util Change" value="65.000000"/>
  <attribute name="GC Util currently" value="65" />
  <attribute name="CPU Util currently" value="18628182472542" />
<exclusive-end id="1734" timestamp="2019-07-07T05:34:41.720" durationms="3.185" />

<exclusive-start id="1735" timestamp="2019-07-07T05:34:41.745" intervalms="27.792">
  <response-info timems="0.122" idlems="0.122" threads="0" lastid="00000000020B9700" lastname="main" />
</exclusive-start>
<allocation-taxation id="1736" taxation-threshold="22020096" timestamp="2019-07-07T05:34:41.745" intervalms="27.856" />
<cycle-start id="1737" type="partial gc" contextid="0" timestamp="2019-07-07T05:34:41.745" intervalms="27.880" />
<gc-start id="1738" type="partial gc" contextid="1737" timestamp="2019-07-07T05:34:41.745">
  <mem-info id="1739" free="15728640" total="62914560" percent="25">
    <mem type="eden" free="1048224" total="23068672" percent="4" />
    <remembered-set count="2784" freebytes="2500224" totalbytes="2511360" percent="99" regionsoverflowed="0" regionsstable="16" regionsrebuilding="0"/>
  </mem-info>
</gc-start>
<allocation-stats totalBytes="22000656" >
  <allocated-bytes non-tlh="0" tlh="22000656" arrayletleaf="0"/>
  <largest-consumer threadName="main" threadId="00000000020B9700" bytes="22000656" />
</allocation-stats>
<gc-op id="1740" type="copy forward" timems="0.976" contextid="1737" timestamp="2019-07-07T05:34:41.747">
  <memory-copied type="eden" objects="39" bytes="1696" bytesdiscarded="0" />
  <memory-copied type="other" objects="0" bytes="0" bytesdiscarded="0" />
  <memory-cardclean objects="84" bytes="3056" />
  <regions eden="21" other="1" />
  <remembered-set-cleared processed="2440" cleared="12" durationms="0.126" />
  <stringconstants candidates="13760" cleared="0"  />
</gc-op>
<gc-op id="1741" type="classunload" timems="0.004" contextid="1737" timestamp="2019-07-07T05:34:41.747">
  <classunload-info classloadercandidates="54" classloadersunloaded="0" classesunloaded="0" anonymousclassesunloaded="0" quiescems="0.000" setupms="0.004" scanms="0.000" postms="0.000" />
</gc-op>
<gc-end id="1742" type="partial gc" contextid="1737" durationms="2.169" usertimems="4.000" systemtimems="0.000" timestamp="2019-07-07T05:34:41.748" activeThreads="1">
  <mem-info id="1743" free="37748736" total="62914560" percent="60">
    <mem type="eden" free="1046880" total="1048576" percent="99" />
    <remembered-set count="3168" freebytes="2498688" totalbytes="2511360" percent="99" regionsoverflowed="0" regionsstable="16" regionsrebuilding="0"/>
  </mem-info>
</gc-end>
<cycle-end id="1744" type="partial gc" contextid="1737" timestamp="2019-07-07T05:34:41.748" />
  <attribute name="elasticGC enabled" value="1" />
  <attribute name= "numThreadsSpecified" value="1" />
  <attribute name="heapSize specified" value="0" />
  <attribute name="Current GC Util" value="64" />
  <attribute name= "Current Time Running" value="11273" />
  <attribute name ="GC Interval" value="0" />
  <attribute name="ProportionalT" value="22.000000" />
  <attribute name="ProportionalI" value="22.000000" />
  <attribute name="ProportionalH" value="22.000000" />
  <attribute name="Current Error" value="44.000000" />
  <attribute name="IntegralT" value="0.000000" />
  <attribute name="IntegralI" value="0.000000" />
  <attribute name="IntegralH" value="0.000000" />
  <attribute name="DerivativeT" value="inf" />
  <attribute name="DerivativeI" value="inf" />
  <attribute name="DerivativeH" value="inf" />
  <attribute name="Loop Time for DT" value="0.000000" />
  <attribute name="Output H" value="8388608"/>
  <attribute name="Output I" value="200"/>
  <attribute name="Output T" value="1"/>
  <attribute name="Target GC Util Change" value ="20.000000" />
  <attribute name="Current GC Util Change" value="64.000000"/>
  <attribute name="GC Util currently" value="64" />
  <attribute name="CPU Util currently" value="18599332902173" />
<exclusive-end id="1745" timestamp="2019-07-07T05:34:41.748" durationms="3.494" />

<exclusive-start id="1746" timestamp="2019-07-07T05:34:41.818" intervalms="73.900">
  <response-info timems="0.157" idlems="0.157" threads="0" lastid="00000000020B9700" lastname="main" />
</exclusive-start>
<allocation-taxation id="1747" taxation-threshold="22020096" timestamp="2019-07-07T05:34:41.819" intervalms="73.843" />
<cycle-start id="1748" type="partial gc" contextid="0" timestamp="2019-07-07T05:34:41.819" intervalms="73.818" />
<gc-start id="1749" type="partial gc" contextid="1748" timestamp="2019-07-07T05:34:41.819">
  <mem-info id="1750" free="15728640" total="62914560" percent="25">
    <mem type="eden" free="0" total="22020096" percent="0" />
    <remembered-set count="2784" freebytes="2500224" totalbytes="2511360" percent="99" regionsoverflowed="0" regionsstable="16" regionsrebuilding="0"/>
  </mem-info>
</gc-start>
<allocation-stats totalBytes="22015168" >
  <allocated-bytes non-tlh="0" tlh="22015168" arrayletleaf="0"/>
  <largest-consumer threadName="main" threadId="00000000020B9700" bytes="22015168" />
</allocation-stats>
<gc-op id="1751" type="copy forward" timems="0.951" contextid="1748" timestamp="2019-07-07T05:34:41.821">
  <memory-copied type="eden" objects="19" bytes="880" bytesdiscarded="0" />
  <memory-copied type="other" objects="23" bytes="992" bytesdiscarded="0" />
  <memory-cardclean objects="51" bytes="2168" />
  <regions eden="21" other="1" />
  <remembered-set-cleared processed="2438" cleared="9" durationms="0.125" />
  <stringconstants candidates="13760" cleared="0"  />
</gc-op>
<gc-op id="1752" type="classunload" timems="0.004" contextid="1748" timestamp="2019-07-07T05:34:41.821">
  <classunload-info classloadercandidates="54" classloadersunloaded="0" classesunloaded="0" anonymousclassesunloaded="0" quiescems="0.000" setupms="0.004" scanms="0.000" postms="0.000" />
</gc-op>
<gc-end id="1753" type="partial gc" contextid="1748" durationms="2.185" usertimems="4.000" systemtimems="0.000" timestamp="2019-07-07T05:34:41.821" activeThreads="1">
  <mem-info id="1754" free="36700160" total="62914560" percent="58">
    <mem type="eden" free="1047696" total="1048576" percent="99" />
    <remembered-set count="3168" freebytes="2498688" totalbytes="2511360" percent="99" regionsoverflowed="0" regionsstable="16" regionsrebuilding="0"/>
  </mem-info>
</gc-end>
<cycle-end id="1755" type="partial gc" contextid="1748" timestamp="2019-07-07T05:34:41.822" />
  <attribute name="elasticGC enabled" value="1" />
  <attribute name= "numThreadsSpecified" value="1" />
  <attribute name="heapSize specified" value="0" />
  <attribute name="Current GC Util" value="62" />
  <attribute name= "Current Time Running" value="11347" />
  <attribute name ="GC Interval" value="0" />
  <attribute name="ProportionalT" value="21.000000" />
  <attribute name="ProportionalI" value="21.000000" />
  <attribute name="ProportionalH" value="21.000000" />
  <attribute name="Current Error" value="42.000000" />
  <attribute name="IntegralT" value="0.000000" />
  <attribute name="IntegralI" value="0.000000" />
  <attribute name="IntegralH" value="0.000000" />
  <attribute name="DerivativeT" value="inf" />
  <attribute name="DerivativeI" value="inf" />
  <attribute name="DerivativeH" value="inf" />
  <attribute name="Loop Time for DT" value="0.000000" />
  <attribute name="Output H" value="8388608"/>
  <attribute name="Output I" value="200"/>
  <attribute name="Output T" value="1"/>
  <attribute name="Target GC Util Change" value ="20.000000" />
  <attribute name="Current GC Util Change" value="62.000000"/>
  <attribute name="GC Util currently" value="62" />
  <attribute name="CPU Util currently" value="18294243163806" />
<exclusive-end id="1756" timestamp="2019-07-07T05:34:41.822" durationms="3.445" />

<exclusive-start id="1757" timestamp="2019-07-07T05:34:41.883" intervalms="64.474">
  <response-info timems="0.062" idlems="0.062" threads="0" lastid="00000000020B9700" lastname="main" />
</exclusive-start>
<allocation-taxation id="1758" taxation-threshold="22020096" timestamp="2019-07-07T05:34:41.883" intervalms="64.505" />
<cycle-start id="1759" type="partial gc" contextid="0" timestamp="2019-07-07T05:34:41.883" intervalms="64.509" />
<gc-start id="1760" type="partial gc" contextid="1759" timestamp="2019-07-07T05:34:41.884">
  <mem-info id="1761" free="14680064" total="62914560" percent="23">
    <mem type="eden" free="1047696" total="23068672" percent="4" />
    <remembered-set count="2816" freebytes="2500096" totalbytes="2511360" percent="99" regionsoverflowed="0" regionsstable="16" regionsrebuilding="0"/>
  </mem-info>
</gc-start>
<allocation-stats totalBytes="22015200" >
  <allocated-bytes non-tlh="0" tlh="22015200" arrayletleaf="0"/>
  <largest-consumer threadName="main" threadId="00000000020B9700" bytes="22015200" />
</allocation-stats>
<gc-op id="1762" type="copy forward" timems="1.443" contextid="1759" timestamp="2019-07-07T05:34:41.886">
  <memory-copied type="eden" objects="31" bytes="1504" bytesdiscarded="0" />
  <memory-copied type="other" objects="0" bytes="0" bytesdiscarded="0" />
  <memory-cardclean objects="14" bytes="512" />
  <regions eden="21" other="1" />
  <remembered-set-cleared processed="2443" cleared="0" durationms="0.105" />
  <stringconstants candidates="13760" cleared="0"  />
</gc-op>
<gc-op id="1763" type="classunload" timems="0.005" contextid="1759" timestamp="2019-07-07T05:34:41.886">
  <classunload-info classloadercandidates="54" classloadersunloaded="0" classesunloaded="0" anonymousclassesunloaded="0" quiescems="0.000" setupms="0.004" scanms="0.000" postms="0.000" />
</gc-op>
<gc-end id="1764" type="partial gc" contextid="1759" durationms="2.544" usertimems="4.000" systemtimems="0.000" timestamp="2019-07-07T05:34:41.886" activeThreads="4">
  <mem-info id="1765" free="36700160" total="62914560" percent="58">
    <mem type="eden" free="1047072" total="1048576" percent="99" />
    <remembered-set count="3296" freebytes="2498176" totalbytes="2511360" percent="99" regionsoverflowed="0" regionsstable="16" regionsrebuilding="0"/>
  </mem-info>
</gc-end>
<cycle-end id="1766" type="partial gc" contextid="1759" timestamp="2019-07-07T05:34:41.886" />
  <attribute name="elasticGC enabled" value="1" />
  <attribute name= "numThreadsSpecified" value="4" />
  <attribute name="heapSize specified" value="0" />
  <attribute name="Current GC Util" value="61" />
  <attribute name= "Current Time Running" value="11412" />
  <attribute name ="GC Interval" value="0" />
  <attribute name="ProportionalT" value="20.500000" />
  <attribute name="ProportionalI" value="20.500000" />
  <attribute name="ProportionalH" value="20.500000" />
  <attribute name="Current Error" value="41.000000" />
  <attribute name="IntegralT" value="20.500000" />
  <attribute name="IntegralI" value="20.500000" />
  <attribute name="IntegralH" value="20.500000" />
  <attribute name="DerivativeT" value="41.000000" />
  <attribute name="DerivativeI" value="41.000000" />
  <attribute name="DerivativeH" value="41.000000" />
  <attribute name="Loop Time for DT" value="1.000000" />
  <attribute name="Output H" value="8388608"/>
  <attribute name="Output I" value="200"/>
  <attribute name="Output T" value="4"/>
  <attribute name="Target GC Util Change" value ="20.000000" />
  <attribute name="Current GC Util Change" value="61.000000"/>
  <attribute name="GC Util currently" value="61" />
  <attribute name="CPU Util currently" value="14783034875362" />
<exclusive-end id="1767" timestamp="2019-07-07T05:34:41.887" durationms="3.782" />

<exclusive-start id="1768" timestamp="2019-07-07T05:34:41.931" intervalms="48.401">
  <response-info timems="0.074" idlems="0.074" threads="0" lastid="00000000020B9700" lastname="main" />
</exclusive-start>
<allocation-taxation id="1769" taxation-threshold="22020096" timestamp="2019-07-07T05:34:41.932" intervalms="48.425" />
<cycle-start id="1770" type="partial gc" contextid="0" timestamp="2019-07-07T05:34:41.932" intervalms="48.410" />
<gc-start id="1771" type="partial gc" contextid="1770" timestamp="2019-07-07T05:34:41.932">
  <mem-info id="1772" free="14680064" total="62914560" percent="23">
    <mem type="eden" free="1047072" total="23068672" percent="4" />
    <remembered-set count="3296" freebytes="2498176" totalbytes="2511360" percent="99" regionsoverflowed="0" regionsstable="16" regionsrebuilding="0"/>
  </mem-info>
</gc-start>
<allocation-stats totalBytes="22015488" >
  <allocated-bytes non-tlh="0" tlh="22015488" arrayletleaf="0"/>
  <largest-consumer threadName="main" threadId="00000000020B9700" bytes="22015488" />
</allocation-stats>
<gc-op id="1773" type="copy forward" timems="0.930" contextid="1770" timestamp="2019-07-07T05:34:41.934">
  <memory-copied type="eden" objects="31" bytes="1504" bytesdiscarded="0" />
  <memory-copied type="other" objects="0" bytes="0" bytesdiscarded="0" />
  <memory-cardclean objects="14" bytes="512" />
  <regions eden="21" other="1" />
  <remembered-set-cleared processed="2443" cleared="0" durationms="0.123" />
  <stringconstants candidates="13760" cleared="0"  />
</gc-op>
<gc-op id="1774" type="classunload" timems="0.004" contextid="1770" timestamp="2019-07-07T05:34:41.934">
  <classunload-info classloadercandidates="54" classloadersunloaded="0" classesunloaded="0" anonymousclassesunloaded="0" quiescems="0.000" setupms="0.004" scanms="0.000" postms="0.000" />
</gc-op>
<gc-end id="1775" type="partial gc" contextid="1770" durationms="2.139" usertimems="4.000" systemtimems="0.000" timestamp="2019-07-07T05:34:41.934" activeThreads="1">
  <mem-info id="1776" free="36700160" total="62914560" percent="58">
    <mem type="eden" free="1047072" total="1048576" percent="99" />
    <remembered-set count="3776" freebytes="2496256" totalbytes="2511360" percent="99" regionsoverflowed="0" regionsstable="16" regionsrebuilding="0"/>
  </mem-info>
</gc-end>
<cycle-end id="1777" type="partial gc" contextid="1770" timestamp="2019-07-07T05:34:41.934" />
  <attribute name="elasticGC enabled" value="1" />
  <attribute name= "numThreadsSpecified" value="1" />
  <attribute name="heapSize specified" value="0" />
  <attribute name="Current GC Util" value="65" />
  <attribute name= "Current Time Running" value="11460" />
  <attribute name ="GC Interval" value="0" />
  <attribute name="ProportionalT" value="22.500000" />
  <attribute name="ProportionalI" value="22.500000" />
  <attribute name="ProportionalH" value="22.500000" />
  <attribute name="Current Error" value="45.000000" />
  <attribute name="IntegralT" value="0.000000" />
  <attribute name="IntegralI" value="0.000000" />
  <attribute name="IntegralH" value="0.000000" />
  <attribute name="DerivativeT" value="inf" />
  <attribute name="DerivativeI" value="inf" />
  <attribute name="DerivativeH" value="inf" />
  <attribute name="Loop Time for DT" value="0.000000" />
  <attribute name="Output H" value="8388608"/>
  <attribute name="Output I" value="200"/>
  <attribute name="Output T" value="1"/>
  <attribute name="Target GC Util Change" value ="20.000000" />
  <attribute name="Current GC Util Change" value="65.000000"/>
  <attribute name="GC Util currently" value="65" />
  <attribute name="CPU Util currently" value="17611131029153" />
<exclusive-end id="1778" timestamp="2019-07-07T05:34:41.935" durationms="3.446" />

<exclusive-start id="1779" timestamp="2019-07-07T05:34:42.912" intervalms="980.165">
  <response-info timems="0.077" idlems="0.077" threads="0" lastid="00000000020B9700" lastname="main" />
</exclusive-start>
<allocation-taxation id="1780" taxation-threshold="22020096" timestamp="2019-07-07T05:34:42.912" intervalms="980.191" />
<cycle-start id="1781" type="partial gc" contextid="0" timestamp="2019-07-07T05:34:42.912" intervalms="980.262" />
<gc-start id="1782" type="partial gc" contextid="1781" timestamp="2019-07-07T05:34:42.912">
  <mem-info id="1783" free="14680064" total="62914560" percent="23">
    <mem type="eden" free="1047072" total="23068672" percent="4" />
    <remembered-set count="3296" freebytes="2498176" totalbytes="2511360" percent="99" regionsoverflowed="0" regionsstable="16" regionsrebuilding="0"/>
  </mem-info>
</gc-start>
<allocation-stats totalBytes="21780904" >
  <allocated-bytes non-tlh="0" tlh="21780904" arrayletleaf="0"/>
  <largest-consumer threadName="main" threadId="00000000020B9700" bytes="21780904" />
</allocation-stats>
<gc-op id="1784" type="copy forward" timems="1.081" contextid="1781" timestamp="2019-07-07T05:34:42.914">
  <memory-copied type="eden" objects="103" bytes="42840" bytesdiscarded="0" />
  <memory-copied type="other" objects="0" bytes="0" bytesdiscarded="0" />
  <memory-cardclean objects="118" bytes="4408" />
  <regions eden="21" other="1" />
  <remembered-set-cleared processed="2443" cleared="15" durationms="0.138" />
  <stringconstants candidates="13760" cleared="0"  />
</gc-op>
<gc-op id="1785" type="classunload" timems="0.004" contextid="1781" timestamp="2019-07-07T05:34:42.915">
  <classunload-info classloadercandidates="54" classloadersunloaded="0" classesunloaded="0" anonymousclassesunloaded="0" quiescems="0.000" setupms="0.004" scanms="0.000" postms="0.000" />
</gc-op>
<gc-end id="1786" type="partial gc" contextid="1781" durationms="2.281" usertimems="4.000" systemtimems="0.000" timestamp="2019-07-07T05:34:42.915" activeThreads="1">
  <mem-info id="1787" free="36700160" total="62914560" percent="58">
    <mem type="eden" free="1005736" total="1048576" percent="95" />
    <remembered-set count="3680" freebytes="2496640" totalbytes="2511360" percent="99" regionsoverflowed="0" regionsstable="16" regionsrebuilding="0"/>
  </mem-info>
</gc-end>
<cycle-end id="1788" type="partial gc" contextid="1781" timestamp="2019-07-07T05:34:42.915" />
  <attribute name="elasticGC enabled" value="1" />
  <attribute name= "numThreadsSpecified" value="1" />
  <attribute name="heapSize specified" value="0" />
  <attribute name="Current GC Util" value="76" />
  <attribute name= "Current Time Running" value="12440" />
  <attribute name ="GC Interval" value="0" />
  <attribute name="ProportionalT" value="28.000000" />
  <attribute name="ProportionalI" value="28.000000" />
  <attribute name="ProportionalH" value="28.000000" />
  <attribute name="Current Error" value="56.000000" />
  <attribute name="IntegralT" value="0.000000" />
  <attribute name="IntegralI" value="0.000000" />
  <attribute name="IntegralH" value="0.000000" />
  <attribute name="DerivativeT" value="inf" />
  <attribute name="DerivativeI" value="inf" />
  <attribute name="DerivativeH" value="inf" />
  <attribute name="Loop Time for DT" value="0.000000" />
  <attribute name="Output H" value="8388608"/>
  <attribute name="Output I" value="200"/>
  <attribute name="Output T" value="1"/>
  <attribute name="Target GC Util Change" value ="20.000000" />
  <attribute name="Current GC Util Change" value="76.000000"/>
  <attribute name="GC Util currently" value="76" />
  <attribute name="CPU Util currently" value="15955789880947" />
<exclusive-end id="1789" timestamp="2019-07-07T05:34:42.915" durationms="3.924" />

<exclusive-start id="1790" timestamp="2019-07-07T05:34:42.934" intervalms="22.333">
  <response-info timems="0.260" idlems="0.260" threads="0" lastid="00000000020B9700" lastname="main" />
</exclusive-start>
<allocation-taxation id="1791" taxation-threshold="22020096" timestamp="2019-07-07T05:34:42.934" intervalms="22.264" />
<cycle-start id="1792" type="partial gc" contextid="0" timestamp="2019-07-07T05:34:42.934" intervalms="22.174" />
<gc-start id="1793" type="partial gc" contextid="1792" timestamp="2019-07-07T05:34:42.935">
  <mem-info id="1794" free="14680064" total="62914560" percent="23">
    <mem type="eden" free="0" total="22020096" percent="0" />
    <remembered-set count="3296" freebytes="2498176" totalbytes="2511360" percent="99" regionsoverflowed="0" regionsstable="16" regionsrebuilding="0"/>
  </mem-info>
</gc-start>
<allocation-stats totalBytes="20605824" >
  <allocated-bytes non-tlh="0" tlh="20605824" arrayletleaf="0"/>
  <largest-consumer threadName="main" threadId="00000000020B9700" bytes="20605824" />
</allocation-stats>
<gc-op id="1795" type="copy forward" timems="1.100" contextid="1792" timestamp="2019-07-07T05:34:42.936">
  <memory-copied type="eden" objects="11" bytes="39288" bytesdiscarded="0" />
  <memory-copied type="other" objects="92" bytes="3552" bytesdiscarded="0" />
  <memory-cardclean objects="71" bytes="3024" />
  <regions eden="21" other="1" />
  <remembered-set-cleared processed="2441" cleared="11" durationms="0.125" />
  <stringconstants candidates="13760" cleared="0"  />
</gc-op>
<gc-op id="1796" type="classunload" timems="0.004" contextid="1792" timestamp="2019-07-07T05:34:42.937">
  <classunload-info classloadercandidates="54" classloadersunloaded="0" classesunloaded="0" anonymousclassesunloaded="0" quiescems="0.000" setupms="0.003" scanms="0.000" postms="0.000" />
</gc-op>
<gc-end id="1797" type="partial gc" contextid="1792" durationms="2.235" usertimems="0.000" systemtimems="4.000" timestamp="2019-07-07T05:34:42.937" activeThreads="1">
  <mem-info id="1798" free="35651584" total="62914560" percent="56">
    <mem type="eden" free="1009288" total="1048576" percent="96" />
    <remembered-set count="3680" freebytes="2496640" totalbytes="2511360" percent="99" regionsoverflowed="0" regionsstable="16" regionsrebuilding="0"/>
  </mem-info>
</gc-end>
<cycle-end id="1799" type="partial gc" contextid="1792" timestamp="2019-07-07T05:34:42.937" />
  <attribute name="elasticGC enabled" value="1" />
  <attribute name= "numThreadsSpecified" value="1" />
  <attribute name="heapSize specified" value="0" />
  <attribute name="Current GC Util" value="88" />
  <attribute name= "Current Time Running" value="12462" />
  <attribute name ="GC Interval" value="0" />
  <attribute name="ProportionalT" value="34.000000" />
  <attribute name="ProportionalI" value="34.000000" />
  <attribute name="ProportionalH" value="34.000000" />
  <attribute name="Current Error" value="68.000000" />
  <attribute name="IntegralT" value="0.000000" />
  <attribute name="IntegralI" value="0.000000" />
  <attribute name="IntegralH" value="0.000000" />
  <attribute name="DerivativeT" value="inf" />
  <attribute name="DerivativeI" value="inf" />
  <attribute name="DerivativeH" value="inf" />
  <attribute name="Loop Time for DT" value="0.000000" />
  <attribute name="Output H" value="8388608"/>
  <attribute name="Output I" value="200"/>
  <attribute name="Output T" value="1"/>
  <attribute name="Target GC Util Change" value ="20.000000" />
  <attribute name="Current GC Util Change" value="88.000000"/>
  <attribute name="GC Util currently" value="88" />
  <attribute name="CPU Util currently" value="18479563678838" />
<exclusive-end id="1800" timestamp="2019-07-07T05:34:42.937" durationms="3.522" />

<exclusive-start id="1801" timestamp="2019-07-07T05:34:42.951" intervalms="16.837">
  <response-info timems="0.151" idlems="0.151" threads="0" lastid="00000000020B9700" lastname="main" />
</exclusive-start>
<allocation-taxation id="1802" taxation-threshold="22020096" timestamp="2019-07-07T05:34:42.951" intervalms="16.917" />
<cycle-start id="1803" type="partial gc" contextid="0" timestamp="2019-07-07T05:34:42.951" intervalms="16.977" />
<gc-start id="1804" type="partial gc" contextid="1803" timestamp="2019-07-07T05:34:42.952">
  <mem-info id="1805" free="13631488" total="62914560" percent="21">
    <mem type="eden" free="1009288" total="23068672" percent="4" />
    <remembered-set count="3328" freebytes="2498048" totalbytes="2511360" percent="99" regionsoverflowed="0" regionsstable="16" regionsrebuilding="0"/>
  </mem-info>
</gc-start>
<allocation-stats totalBytes="20605824" >
  <allocated-bytes non-tlh="0" tlh="20605824" arrayletleaf="0"/>
  <largest-consumer threadName="main" threadId="00000000020B9700" bytes="20605824" />
</allocation-stats>
<gc-op id="1806" type="copy forward" timems="1.005" contextid="1803" timestamp="2019-07-07T05:34:42.953">
  <memory-copied type="eden" objects="11" bytes="39288" bytesdiscarded="0" />
  <memory-copied type="other" objects="0" bytes="0" bytesdiscarded="0" />
  <memory-cardclean objects="15" bytes="616" />
  <regions eden="21" other="1" />
  <remembered-set-cleared processed="2449" cleared="1" durationms="0.129" />
  <stringconstants candidates="13760" cleared="0"  />
</gc-op>
<gc-op id="1807" type="classunload" timems="0.003" contextid="1803" timestamp="2019-07-07T05:34:42.953">
  <classunload-info classloadercandidates="54" classloadersunloaded="0" classesunloaded="0" anonymousclassesunloaded="0" quiescems="0.000" setupms="0.003" scanms="0.000" postms="0.000" />
</gc-op>
<gc-end id="1808" type="partial gc" contextid="1803" durationms="2.133" usertimems="0.000" systemtimems="0.000" timestamp="2019-07-07T05:34:42.954" activeThreads="1">
  <mem-info id="1809" free="35651584" total="62914560" percent="56">
    <mem type="eden" free="1009288" total="1048576" percent="96" />
    <remembered-set count="3808" freebytes="2496128" totalbytes="2511360" percent="99" regionsoverflowed="0" regionsstable="16" regionsrebuilding="0"/>
  </mem-info>
</gc-end>
<cycle-end id="1810" type="partial gc" contextid="1803" timestamp="2019-07-07T05:34:42.954" />
  <attribute name="elasticGC enabled" value="1" />
  <attribute name= "numThreadsSpecified" value="1" />
  <attribute name="heapSize specified" value="0" />
  <attribute name="Current GC Util" value="78" />
  <attribute name= "Current Time Running" value="12479" />
  <attribute name ="GC Interval" value="0" />
  <attribute name="ProportionalT" value="29.000000" />
  <attribute name="ProportionalI" value="29.000000" />
  <attribute name="ProportionalH" value="29.000000" />
  <attribute name="Current Error" value="58.000000" />
  <attribute name="IntegralT" value="0.000000" />
  <attribute name="IntegralI" value="0.000000" />
  <attribute name="IntegralH" value="0.000000" />
  <attribute name="DerivativeT" value="inf" />
  <attribute name="DerivativeI" value="inf" />
  <attribute name="DerivativeH" value="inf" />
  <attribute name="Loop Time for DT" value="0.000000" />
  <attribute name="Output H" value="8388608"/>
  <attribute name="Output I" value="200"/>
  <attribute name="Output T" value="1"/>
  <attribute name="Target GC Util Change" value ="20.000000" />
  <attribute name="Current GC Util Change" value="78.000000"/>
  <attribute name="GC Util currently" value="78" />
  <attribute name="CPU Util currently" value="16475249694099" />
<exclusive-end id="1811" timestamp="2019-07-07T05:34:42.954" durationms="3.504" />

<exclusive-start id="1812" timestamp="2019-07-07T05:34:42.966" intervalms="15.356">
  <response-info timems="0.045" idlems="0.045" threads="0" lastid="00000000020B9700" lastname="main" />
</exclusive-start>
<allocation-taxation id="1813" taxation-threshold="22020096" timestamp="2019-07-07T05:34:42.966" intervalms="15.362" />
<cycle-start id="1814" type="partial gc" contextid="0" timestamp="2019-07-07T05:34:42.966" intervalms="15.265" />
<gc-start id="1815" type="partial gc" contextid="1814" timestamp="2019-07-07T05:34:42.967">
  <mem-info id="1816" free="13631488" total="62914560" percent="21">
    <mem type="eden" free="1009288" total="23068672" percent="4" />
    <remembered-set count="3328" freebytes="2498048" totalbytes="2511360" percent="99" regionsoverflowed="0" regionsstable="16" regionsrebuilding="0"/>
  </mem-info>
</gc-start>
<allocation-stats totalBytes="20605824" >
  <allocated-bytes non-tlh="0" tlh="20605824" arrayletleaf="0"/>
  <largest-consumer threadName="main" threadId="00000000020B9700" bytes="20605824" />
</allocation-stats>
<gc-op id="1817" type="copy forward" timems="1.351" contextid="1814" timestamp="2019-07-07T05:34:42.969">
  <memory-copied type="eden" objects="11" bytes="39288" bytesdiscarded="0" />
  <memory-copied type="other" objects="0" bytes="0" bytesdiscarded="0" />
  <memory-cardclean objects="15" bytes="616" />
  <regions eden="21" other="1" />
  <remembered-set-cleared processed="2449" cleared="1" durationms="0.096" />
  <stringconstants candidates="13760" cleared="0"  />
</gc-op>
<gc-op id="1818" type="classunload" timems="0.004" contextid="1814" timestamp="2019-07-07T05:34:42.969">
  <classunload-info classloadercandidates="54" classloadersunloaded="0" classesunloaded="0" anonymousclassesunloaded="0" quiescems="0.000" setupms="0.004" scanms="0.000" postms="0.000" />
</gc-op>
<heap-resize id="1819" type="expand" space="default" amount="5242880" count="1" timems="0.062" reason="excessive time being spent in gc" timestamp="2019-07-07T05:34:42.969" />
<gc-end id="1820" type="partial gc" contextid="1814" durationms="2.593" usertimems="8.000" systemtimems="0.000" timestamp="2019-07-07T05:34:42.969" activeThreads="4">
  <mem-info id="1821" free="40894464" total="68157440" percent="60">
    <mem type="eden" free="1009288" total="1048576" percent="96" />
    <remembered-set count="3328" freebytes="2707328" totalbytes="2720640" percent="99" regionsoverflowed="0" regionsstable="16" regionsrebuilding="0"/>
  </mem-info>
</gc-end>
<cycle-end id="1822" type="partial gc" contextid="1814" timestamp="2019-07-07T05:34:42.970" />
  <attribute name="elasticGC enabled" value="1" />
  <attribute name= "numThreadsSpecified" value="4" />
  <attribute name="heapSize specified" value="0" />
  <attribute name="Current GC Util" value="86" />
  <attribute name= "Current Time Running" value="12495" />
  <attribute name ="GC Interval" value="0" />
  <attribute name="ProportionalT" value="33.000000" />
  <attribute name="ProportionalI" value="33.000000" />
  <attribute name="ProportionalH" value="33.000000" />
  <attribute name="Current Error" value="66.000000" />
  <attribute name="IntegralT" value="33.000000" />
  <attribute name="IntegralI" value="33.000000" />
  <attribute name="IntegralH" value="33.000000" />
  <attribute name="DerivativeT" value="66.000000" />
  <attribute name="DerivativeI" value="66.000000" />
  <attribute name="DerivativeH" value="66.000000" />
  <attribute name="Loop Time for DT" value="1.000000" />
  <attribute name="Output H" value="8388608"/>
  <attribute name="Output I" value="200"/>
  <attribute name="Output T" value="4"/>
  <attribute name="Target GC Util Change" value ="20.000000" />
  <attribute name="Current GC Util Change" value="86.000000"/>
  <attribute name="GC Util currently" value="86" />
  <attribute name="CPU Util currently" value="17298730989861" />
<exclusive-end id="1823" timestamp="2019-07-07T05:34:42.970" durationms="3.839" />

<exclusive-start id="1824" timestamp="2019-07-07T05:34:43.553" intervalms="587.091">
  <response-info timems="0.126" idlems="0.126" threads="0" lastid="00000000020B9700" lastname="main" />
</exclusive-start>
<allocation-taxation id="1825" taxation-threshold="24117248" timestamp="2019-07-07T05:34:43.553" intervalms="587.063" />
<cycle-start id="1826" type="partial gc" contextid="0" timestamp="2019-07-07T05:34:43.554" intervalms="587.120" />
<gc-start id="1827" type="partial gc" contextid="1826" timestamp="2019-07-07T05:34:43.554">
  <mem-info id="1828" free="16777216" total="68157440" percent="24">
    <mem type="eden" free="1009288" total="25165824" percent="4" />
    <remembered-set count="3328" freebytes="2707328" totalbytes="2720640" percent="99" regionsoverflowed="0" regionsstable="16" regionsrebuilding="0"/>
  </mem-info>
</gc-start>
<allocation-stats totalBytes="24114080" >
  <allocated-bytes non-tlh="0" tlh="24114080" arrayletleaf="0"/>
  <largest-consumer threadName="main" threadId="00000000020B9700" bytes="24114080" />
</allocation-stats>
<gc-op id="1829" type="copy forward" timems="1.462" contextid="1826" timestamp="2019-07-07T05:34:43.556">
  <memory-copied type="eden" objects="61" bytes="41632" bytesdiscarded="1952" />
  <memory-copied type="other" objects="0" bytes="0" bytesdiscarded="0" />
  <memory-cardclean objects="140" bytes="5088" />
  <regions eden="23" other="1" />
  <remembered-set-cleared processed="2449" cleared="7" durationms="0.099" />
  <stringconstants candidates="13760" cleared="0"  />
</gc-op>
<gc-op id="1830" type="classunload" timems="0.004" contextid="1826" timestamp="2019-07-07T05:34:43.556">
  <classunload-info classloadercandidates="54" classloadersunloaded="0" classesunloaded="0" anonymousclassesunloaded="0" quiescems="0.000" setupms="0.004" scanms="0.000" postms="0.000" />
</gc-op>
<gc-end id="1831" type="partial gc" contextid="1826" durationms="2.594" usertimems="0.000" systemtimems="4.000" timestamp="2019-07-07T05:34:43.556" activeThreads="4">
  <mem-info id="1832" free="40894464" total="68157440" percent="60">
    <mem type="eden" free="1004992" total="1048576" percent="95" />
    <remembered-set count="4352" freebytes="2703232" totalbytes="2720640" percent="99" regionsoverflowed="0" regionsstable="16" regionsrebuilding="0"/>
  </mem-info>
</gc-end>
<cycle-end id="1833" type="partial gc" contextid="1826" timestamp="2019-07-07T05:34:43.557" />
  <attribute name="elasticGC enabled" value="1" />
  <attribute name= "numThreadsSpecified" value="4" />
  <attribute name="heapSize specified" value="0" />
  <attribute name="Current GC Util" value="73" />
  <attribute name= "Current Time Running" value="13082" />
  <attribute name ="GC Interval" value="0" />
  <attribute name="ProportionalT" value="26.500000" />
  <attribute name="ProportionalI" value="26.500000" />
  <attribute name="ProportionalH" value="26.500000" />
  <attribute name="Current Error" value="53.000000" />
  <attribute name="IntegralT" value="26.500000" />
  <attribute name="IntegralI" value="26.500000" />
  <attribute name="IntegralH" value="26.500000" />
  <attribute name="DerivativeT" value="53.000000" />
  <attribute name="DerivativeI" value="53.000000" />
  <attribute name="DerivativeH" value="53.000000" />
  <attribute name="Loop Time for DT" value="1.000000" />
  <attribute name="Output H" value="8388608"/>
  <attribute name="Output I" value="200"/>
  <attribute name="Output T" value="4"/>
  <attribute name="Target GC Util Change" value ="20.000000" />
  <attribute name="Current GC Util Change" value="73.000000"/>
  <attribute name="GC Util currently" value="73" />
  <attribute name="CPU Util currently" value="14049780780081" />
<exclusive-end id="1834" timestamp="2019-07-07T05:34:43.557" durationms="3.768" />

<exclusive-start id="1835" timestamp="2019-07-07T05:34:43.657" intervalms="103.808">
  <response-info timems="0.166" idlems="0.166" threads="0" lastid="00000000020B9700" lastname="main" />
</exclusive-start>
<allocation-taxation id="1836" taxation-threshold="24117248" timestamp="2019-07-07T05:34:43.657" intervalms="103.814" />
<cycle-start id="1837" type="partial gc" contextid="0" timestamp="2019-07-07T05:34:43.657" intervalms="103.826" />
<gc-start id="1838" type="partial gc" contextid="1837" timestamp="2019-07-07T05:34:43.658">
  <mem-info id="1839" free="16777216" total="68157440" percent="24">
    <mem type="eden" free="0" total="24117248" percent="0" />
    <remembered-set count="3872" freebytes="2705152" totalbytes="2720640" percent="99" regionsoverflowed="0" regionsstable="16" regionsrebuilding="0"/>
  </mem-info>
</gc-start>
<allocation-stats totalBytes="24114304" >
  <allocated-bytes non-tlh="0" tlh="24114304" arrayletleaf="0"/>
  <largest-consumer threadName="main" threadId="00000000020B9700" bytes="24114304" />
</allocation-stats>
<gc-op id="1840" type="copy forward" timems="1.525" contextid="1837" timestamp="2019-07-07T05:34:43.660">
  <memory-copied type="eden" objects="1" bytes="24" bytesdiscarded="0" />
  <memory-copied type="other" objects="58" bytes="41504" bytesdiscarded="1016" />
  <memory-cardclean objects="97" bytes="3792" />
  <regions eden="23" other="1" />
  <remembered-set-cleared processed="2446" cleared="3" durationms="0.106" />
  <stringconstants candidates="13760" cleared="0"  />
</gc-op>
<gc-op id="1841" type="classunload" timems="0.004" contextid="1837" timestamp="2019-07-07T05:34:43.660">
  <classunload-info classloadercandidates="54" classloadersunloaded="0" classesunloaded="0" anonymousclassesunloaded="0" quiescems="0.000" setupms="0.004" scanms="0.000" postms="0.000" />
</gc-op>
<gc-end id="1842" type="partial gc" contextid="1837" durationms="2.626" usertimems="0.000" systemtimems="4.000" timestamp="2019-07-07T05:34:43.660" activeThreads="4">
  <mem-info id="1843" free="39845888" total="68157440" percent="58">
    <mem type="eden" free="1048552" total="1048576" percent="99" />
    <remembered-set count="4352" freebytes="2703232" totalbytes="2720640" percent="99" regionsoverflowed="0" regionsstable="16" regionsrebuilding="0"/>
  </mem-info>
</gc-end>
<cycle-end id="1844" type="partial gc" contextid="1837" timestamp="2019-07-07T05:34:43.661" />
  <attribute name="elasticGC enabled" value="1" />
  <attribute name= "numThreadsSpecified" value="4" />
  <attribute name="heapSize specified" value="0" />
  <attribute name="Current GC Util" value="67" />
  <attribute name= "Current Time Running" value="13186" />
  <attribute name ="GC Interval" value="0" />
  <attribute name="ProportionalT" value="23.500000" />
  <attribute name="ProportionalI" value="23.500000" />
  <attribute name="ProportionalH" value="23.500000" />
  <attribute name="Current Error" value="47.000000" />
  <attribute name="IntegralT" value="23.500000" />
  <attribute name="IntegralI" value="23.500000" />
  <attribute name="IntegralH" value="23.500000" />
  <attribute name="DerivativeT" value="47.000000" />
  <attribute name="DerivativeI" value="47.000000" />
  <attribute name="DerivativeH" value="47.000000" />
  <attribute name="Loop Time for DT" value="1.000000" />
  <attribute name="Output H" value="8388608"/>
  <attribute name="Output I" value="200"/>
  <attribute name="Output T" value="4"/>
  <attribute name="Target GC Util Change" value ="20.000000" />
  <attribute name="Current GC Util Change" value="67.000000"/>
  <attribute name="GC Util currently" value="67" />
  <attribute name="CPU Util currently" value="17488911279539" />
<exclusive-end id="1845" timestamp="2019-07-07T05:34:43.661" durationms="3.881" />

<exclusive-start id="1846" timestamp="2019-07-07T05:34:43.764" intervalms="107.342">
  <response-info timems="0.024" idlems="0.024" threads="0" lastid="00000000020B9700" lastname="main" />
</exclusive-start>
<allocation-taxation id="1847" taxation-threshold="24117248" timestamp="2019-07-07T05:34:43.764" intervalms="107.276" />
<cycle-start id="1848" type="partial gc" contextid="0" timestamp="2019-07-07T05:34:43.765" intervalms="107.284" />
<gc-start id="1849" type="partial gc" contextid="1848" timestamp="2019-07-07T05:34:43.765">
  <mem-info id="1850" free="15728640" total="68157440" percent="23">
    <mem type="eden" free="1048552" total="25165824" percent="4" />
    <remembered-set count="3872" freebytes="2705152" totalbytes="2720640" percent="99" regionsoverflowed="0" regionsstable="16" regionsrebuilding="0"/>
  </mem-info>
</gc-start>
<allocation-stats totalBytes="24113888" >
  <allocated-bytes non-tlh="32" tlh="24113856" arrayletleaf="0"/>
  <largest-consumer threadName="main" threadId="00000000020B9700" bytes="24113888" />
</allocation-stats>
<gc-op id="1851" type="copy forward" timems="0.915" contextid="1848" timestamp="2019-07-07T05:34:43.767">
  <memory-copied type="eden" objects="48" bytes="1512" bytesdiscarded="0" />
  <memory-copied type="other" objects="0" bytes="0" bytesdiscarded="0" />
  <memory-cardclean objects="83" bytes="3048" />
  <regions eden="23" other="1" />
  <remembered-set-cleared processed="2455" cleared="6" durationms="0.133" />
  <stringconstants candidates="13761" cleared="0"  />
</gc-op>
<gc-op id="1852" type="classunload" timems="0.004" contextid="1848" timestamp="2019-07-07T05:34:43.767">
  <classunload-info classloadercandidates="54" classloadersunloaded="0" classesunloaded="0" anonymousclassesunloaded="0" quiescems="0.000" setupms="0.003" scanms="0.000" postms="0.000" />
</gc-op>
<heap-resize id="1853" type="contract" space="default" amount="4194304" count="1" timems="0.054" reason="insufficient time being spent in gc" timestamp="2019-07-07T05:34:43.767" />
<gc-end id="1854" type="partial gc" contextid="1848" durationms="2.382" usertimems="0.000" systemtimems="0.000" timestamp="2019-07-07T05:34:43.767" activeThreads="1">
  <mem-info id="1855" free="35651584" total="63963136" percent="55">
    <mem type="eden" free="1047064" total="1048576" percent="99" />
    <remembered-set count="4352" freebytes="2703232" totalbytes="2720640" percent="99" regionsoverflowed="0" regionsstable="16" regionsrebuilding="0"/>
  </mem-info>
</gc-end>
<cycle-end id="1856" type="partial gc" contextid="1848" timestamp="2019-07-07T05:34:43.768" />
  <attribute name="elasticGC enabled" value="1" />
  <attribute name= "numThreadsSpecified" value="1" />
  <attribute name="heapSize specified" value="0" />
  <attribute name="Current GC Util" value="70" />
  <attribute name= "Current Time Running" value="13293" />
  <attribute name ="GC Interval" value="0" />
  <attribute name="ProportionalT" value="25.000000" />
  <attribute name="ProportionalI" value="25.000000" />
  <attribute name="ProportionalH" value="25.000000" />
  <attribute name="Current Error" value="50.000000" />
  <attribute name="IntegralT" value="0.000000" />
  <attribute name="IntegralI" value="0.000000" />
  <attribute name="IntegralH" value="0.000000" />
  <attribute name="DerivativeT" value="inf" />
  <attribute name="DerivativeI" value="inf" />
  <attribute name="DerivativeH" value="inf" />
  <attribute name="Loop Time for DT" value="0.000000" />
  <attribute name="Output H" value="8388608"/>
  <attribute name="Output I" value="200"/>
  <attribute name="Output T" value="1"/>
  <attribute name="Target GC Util Change" value ="20.000000" />
  <attribute name="Current GC Util Change" value="70.000000"/>
  <attribute name="GC Util currently" value="70" />
  <attribute name="CPU Util currently" value="15848970856882" />
<exclusive-end id="1857" timestamp="2019-07-07T05:34:43.768" durationms="3.457" />

<exclusive-start id="1858" timestamp="2019-07-07T05:34:43.885" intervalms="120.333">
  <response-info timems="0.057" idlems="0.057" threads="0" lastid="00000000020B9700" lastname="main" />
</exclusive-start>
<allocation-taxation id="1859" taxation-threshold="23068672" timestamp="2019-07-07T05:34:43.885" intervalms="120.418" />
<cycle-start id="1860" type="partial gc" contextid="0" timestamp="2019-07-07T05:34:43.885" intervalms="120.446" />
<gc-start id="1861" type="partial gc" contextid="1860" timestamp="2019-07-07T05:34:43.886">
  <mem-info id="1862" free="12582912" total="63963136" percent="19">
    <mem type="eden" free="0" total="23068672" percent="0" />
    <remembered-set count="3872" freebytes="2705152" totalbytes="2720640" percent="99" regionsoverflowed="0" regionsstable="16" regionsrebuilding="0"/>
  </mem-info>
</gc-start>
<allocation-stats totalBytes="23063984" >
  <allocated-bytes non-tlh="0" tlh="23063984" arrayletleaf="0"/>
  <largest-consumer threadName="main" threadId="00000000020B9700" bytes="23063984" />
</allocation-stats>
<gc-op id="1863" type="copy forward" timems="1.446" contextid="1860" timestamp="2019-07-07T05:34:43.888">
  <memory-copied type="eden" objects="3" bytes="136" bytesdiscarded="0" />
  <memory-copied type="other" objects="46" bytes="1456" bytesdiscarded="696" />
  <memory-cardclean objects="82" bytes="3120" />
  <regions eden="22" other="1" />
  <remembered-set-cleared processed="2452" cleared="4" durationms="0.102" />
  <stringconstants candidates="13761" cleared="0"  />
</gc-op>
<gc-op id="1864" type="classunload" timems="0.004" contextid="1860" timestamp="2019-07-07T05:34:43.888">
  <classunload-info classloadercandidates="54" classloadersunloaded="0" classesunloaded="0" anonymousclassesunloaded="0" quiescems="0.000" setupms="0.004" scanms="0.000" postms="0.000" />
</gc-op>
<heap-resize id="1865" type="contract" space="default" amount="4194304" count="1" timems="0.053" reason="insufficient time being spent in gc" timestamp="2019-07-07T05:34:43.888" />
<gc-end id="1866" type="partial gc" contextid="1860" durationms="2.928" usertimems="4.000" systemtimems="0.000" timestamp="2019-07-07T05:34:43.888" activeThreads="4">
  <mem-info id="1867" free="30408704" total="59768832" percent="50">
    <mem type="eden" free="1048440" total="1048576" percent="99" />
    <remembered-set count="4416" freebytes="2535552" totalbytes="2553216" percent="99" regionsoverflowed="0" regionsstable="16" regionsrebuilding="0"/>
  </mem-info>
</gc-end>
<cycle-end id="1868" type="partial gc" contextid="1860" timestamp="2019-07-07T05:34:43.889" />
  <attribute name="elasticGC enabled" value="1" />
  <attribute name= "numThreadsSpecified" value="4" />
  <attribute name="heapSize specified" value="0" />
  <attribute name="Current GC Util" value="49" />
  <attribute name= "Current Time Running" value="13414" />
  <attribute name ="GC Interval" value="0" />
  <attribute name="ProportionalT" value="14.500000" />
  <attribute name="ProportionalI" value="14.500000" />
  <attribute name="ProportionalH" value="14.500000" />
  <attribute name="Current Error" value="29.000000" />
  <attribute name="IntegralT" value="14.500000" />
  <attribute name="IntegralI" value="14.500000" />
  <attribute name="IntegralH" value="14.500000" />
  <attribute name="DerivativeT" value="29.000000" />
  <attribute name="DerivativeI" value="29.000000" />
  <attribute name="DerivativeH" value="29.000000" />
  <attribute name="Loop Time for DT" value="1.000000" />
  <attribute name="Output H" value="8388608"/>
  <attribute name="Output I" value="200"/>
  <attribute name="Output T" value="4"/>
  <attribute name="Target GC Util Change" value ="20.000000" />
  <attribute name="Current GC Util Change" value="49.000000"/>
  <attribute name="GC Util currently" value="49" />
  <attribute name="CPU Util currently" value="9708873935979" />
<exclusive-end id="1869" timestamp="2019-07-07T05:34:43.889" durationms="4.350" />

<exclusive-start id="1870" timestamp="2019-07-07T05:34:44.045" intervalms="160.903">
  <response-info timems="0.027" idlems="0.027" threads="0" lastid="00000000020B9700" lastname="main" />
</exclusive-start>
<allocation-taxation id="1871" taxation-threshold="22020096" timestamp="2019-07-07T05:34:44.046" intervalms="160.816" />
<cycle-start id="1872" type="partial gc" contextid="0" timestamp="2019-07-07T05:34:44.046" intervalms="160.755" />
<gc-start id="1873" type="partial gc" contextid="1872" timestamp="2019-07-07T05:34:44.046">
  <mem-info id="1874" free="8388608" total="59768832" percent="14">
    <mem type="eden" free="1048440" total="23068672" percent="4" />
    <remembered-set count="3936" freebytes="2537472" totalbytes="2553216" percent="99" regionsoverflowed="0" regionsstable="16" regionsrebuilding="0"/>
  </mem-info>
</gc-start>
<allocation-stats totalBytes="22012416" >
  <allocated-bytes non-tlh="0" tlh="22012416" arrayletleaf="0"/>
  <largest-consumer threadName="main" threadId="00000000020B9700" bytes="22012416" />
</allocation-stats>
<gc-op id="1875" type="copy forward" timems="0.921" contextid="1872" timestamp="2019-07-07T05:34:44.048">
  <memory-copied type="eden" objects="27" bytes="944" bytesdiscarded="0" />
  <memory-copied type="other" objects="0" bytes="0" bytesdiscarded="0" />
  <memory-cardclean objects="164" bytes="6232" />
  <regions eden="21" other="1" />
  <remembered-set-cleared processed="2449" cleared="16" durationms="0.132" />
  <stringconstants candidates="13761" cleared="0"  />
</gc-op>
<gc-op id="1876" type="classunload" timems="0.003" contextid="1872" timestamp="2019-07-07T05:34:44.048">
  <classunload-info classloadercandidates="54" classloadersunloaded="0" classesunloaded="0" anonymousclassesunloaded="0" quiescems="0.000" setupms="0.003" scanms="0.000" postms="0.000" />
</gc-op>
<heap-resize id="1877" type="contract" space="default" amount="3145728" count="1" timems="0.050" reason="insufficient time being spent in gc" timestamp="2019-07-07T05:34:44.048" />
<gc-end id="1878" type="partial gc" contextid="1872" durationms="2.427" usertimems="0.000" systemtimems="0.000" timestamp="2019-07-07T05:34:44.049" activeThreads="1">
  <mem-info id="1879" free="27262976" total="56623104" percent="48">
    <mem type="eden" free="1047632" total="1048576" percent="99" />
    <remembered-set count="3264" freebytes="2372736" totalbytes="2385792" percent="99" regionsoverflowed="0" regionsstable="16" regionsrebuilding="0"/>
  </mem-info>
</gc-end>
<cycle-end id="1880" type="partial gc" contextid="1872" timestamp="2019-07-07T05:34:44.049" />
  <attribute name="elasticGC enabled" value="1" />
  <attribute name= "numThreadsSpecified" value="1" />
  <attribute name="heapSize specified" value="0" />
  <attribute name="Current GC Util" value="41" />
  <attribute name= "Current Time Running" value="13574" />
  <attribute name ="GC Interval" value="0" />
  <attribute name="ProportionalT" value="10.500000" />
  <attribute name="ProportionalI" value="10.500000" />
  <attribute name="ProportionalH" value="10.500000" />
  <attribute name="Current Error" value="21.000000" />
  <attribute name="IntegralT" value="0.000000" />
  <attribute name="IntegralI" value="0.000000" />
  <attribute name="IntegralH" value="0.000000" />
  <attribute name="DerivativeT" value="inf" />
  <attribute name="DerivativeI" value="inf" />
  <attribute name="DerivativeH" value="inf" />
  <attribute name="Loop Time for DT" value="0.000000" />
  <attribute name="Output H" value="8388608"/>
  <attribute name="Output I" value="200"/>
  <attribute name="Output T" value="1"/>
  <attribute name="Target GC Util Change" value ="20.000000" />
  <attribute name="Current GC Util Change" value="41.000000"/>
  <attribute name="GC Util currently" value="41" />
  <attribute name="CPU Util currently" value="10938482248338" />
<exclusive-end id="1881" timestamp="2019-07-07T05:34:44.049" durationms="3.622" />

<exclusive-start id="1882" timestamp="2019-07-07T05:34:44.126" intervalms="80.822">
  <response-info timems="0.108" idlems="0.108" threads="0" lastid="00000000020B9700" lastname="main" />
</exclusive-start>
<allocation-taxation id="1883" taxation-threshold="10485760" timestamp="2019-07-07T05:34:44.127" intervalms="80.857" />
<cycle-start id="1884" type="global mark phase" contextid="0" timestamp="2019-07-07T05:34:44.127" intervalms="2840.201" />
<gc-start id="1885" type="global mark phase" contextid="1884" timestamp="2019-07-07T05:34:44.127">
  <mem-info id="1886" free="16777216" total="56623104" percent="29">
    <remembered-set count="2944" freebytes="2374016" totalbytes="2385792" percent="99" regionsoverflowed="0" regionsstable="16" regionsrebuilding="0"/>
  </mem-info>
</gc-start>
<gc-op id="1887" type="mark increment" timems="2.834" contextid="1884" timestamp="2019-07-07T05:34:44.130">
  <trace-info objectcount="117775" scancount="81120" scanbytes="2620672" />
</gc-op>
<gc-end id="1888" type="global mark phase" contextid="1884" durationms="3.154" usertimems="8.000" systemtimems="0.000" timestamp="2019-07-07T05:34:44.130" activeThreads="4">
  <mem-info id="1889" free="16777216" total="56623104" percent="29">
    <remembered-set count="21888" freebytes="2298240" totalbytes="2385792" percent="96" regionsoverflowed="0" regionsstable="0" regionsrebuilding="16"/>
  </mem-info>
</gc-end>
<concurrent-start id="1890" type="GMP work packet processing" contextid="1884" timestamp="2019-07-07T05:34:44.130">
  <concurrent-mark-start scanTarget="1809333" />
</concurrent-start>
<exclusive-end id="1891" timestamp="2019-07-07T05:34:44.130" durationms="4.028" />

<concurrent-end id="1892" type="GMP work packet processing" contextid="1884" timestamp="2019-07-07T05:34:44.131">
  <concurrent-mark-end bytesScanned="1860480" reasonForTermination="Work target met" />
</concurrent-end>

<exclusive-start id="1893" timestamp="2019-07-07T05:34:44.209" intervalms="82.355">
  <response-info timems="0.119" idlems="0.119" threads="0" lastid="00000000020B9700" lastname="main" />
</exclusive-start>
<allocation-taxation id="1894" taxation-threshold="10485760" timestamp="2019-07-07T05:34:44.209" intervalms="82.285" />
<cycle-start id="1895" type="partial gc" contextid="0" timestamp="2019-07-07T05:34:44.209" intervalms="163.082" />
<gc-start id="1896" type="partial gc" contextid="1895" timestamp="2019-07-07T05:34:44.209">
  <mem-info id="1897" free="6291456" total="56623104" percent="11">
    <mem type="eden" free="0" total="20971520" percent="0" />
    <remembered-set count="41536" freebytes="2219648" totalbytes="2385792" percent="93" regionsoverflowed="0" regionsstable="0" regionsrebuilding="16"/>
  </mem-info>
</gc-start>
<allocation-stats totalBytes="20963376" >
  <allocated-bytes non-tlh="0" tlh="20963376" arrayletleaf="0"/>
  <largest-consumer threadName="main" threadId="00000000020B9700" bytes="10481592" />
</allocation-stats>
<gc-op id="1898" type="copy forward" timems="2.430" contextid="1895" timestamp="2019-07-07T05:34:44.213">
  <memory-copied type="eden" objects="11" bytes="504" bytesdiscarded="0" />
  <memory-copied type="other" objects="20" bytes="632" bytesdiscarded="0" />
  <memory-cardclean objects="18558" bytes="580952" />
  <regions eden="20" other="1" />
  <remembered-set-cleared processed="31921" cleared="2797" durationms="0.421" />
  <stringconstants candidates="13761" cleared="0"  />
</gc-op>
<gc-op id="1899" type="classunload" timems="0.003" contextid="1895" timestamp="2019-07-07T05:34:44.213">
  <classunload-info classloadercandidates="54" classloadersunloaded="0" classesunloaded="0" anonymousclassesunloaded="0" quiescems="0.000" setupms="0.003" scanms="0.000" postms="0.000" />
</gc-op>
<heap-resize id="1900" type="contract" space="default" amount="3145728" count="1" timems="0.152" reason="insufficient time being spent in gc" timestamp="2019-07-07T05:34:44.213" />
<gc-end id="1901" type="partial gc" contextid="1895" durationms="4.170" usertimems="8.000" systemtimems="0.000" timestamp="2019-07-07T05:34:44.213" activeThreads="1">
  <mem-info id="1902" free="23068672" total="53477376" percent="43">
    <mem type="eden" free="1048072" total="1048576" percent="99" />
    <remembered-set count="33952" freebytes="2124416" totalbytes="2260224" percent="93" regionsoverflowed="0" regionsstable="0" regionsrebuilding="16"/>
  </mem-info>
</gc-end>
<cycle-end id="1903" type="partial gc" contextid="1895" timestamp="2019-07-07T05:34:44.214" />
  <attribute name="elasticGC enabled" value="1" />
  <attribute name= "numThreadsSpecified" value="1" />
  <attribute name="heapSize specified" value="0" />
  <attribute name="Current GC Util" value="54" />
  <attribute name= "Current Time Running" value="13737" />
  <attribute name ="GC Interval" value="0" />
  <attribute name="ProportionalT" value="17.000000" />
  <attribute name="ProportionalI" value="17.000000" />
  <attribute name="ProportionalH" value="17.000000" />
  <attribute name="Current Error" value="34.000000" />
  <attribute name="IntegralT" value="0.000000" />
  <attribute name="IntegralI" value="0.000000" />
  <attribute name="IntegralH" value="0.000000" />
  <attribute name="DerivativeT" value="inf" />
  <attribute name="DerivativeI" value="inf" />
  <attribute name="DerivativeH" value="inf" />
  <attribute name="Loop Time for DT" value="0.000000" />
  <attribute name="Output H" value="8388608"/>
  <attribute name="Output I" value="200"/>
  <attribute name="Output T" value="1"/>
  <attribute name="Target GC Util Change" value ="20.000000" />
  <attribute name="Current GC Util Change" value="54.000000"/>
  <attribute name="GC Util currently" value="54" />
  <attribute name="CPU Util currently" value="10701258603182" />
<exclusive-end id="1904" timestamp="2019-07-07T05:34:44.214" durationms="5.281" />

<exclusive-start id="1905" timestamp="2019-07-07T05:34:44.267" intervalms="58.611">
  <response-info timems="0.125" idlems="0.092" threads="1" lastid="00000000020DEF00" lastname="IProfiler" />
</exclusive-start>
<allocation-taxation id="1906" taxation-threshold="9437184" timestamp="2019-07-07T05:34:44.268" intervalms="58.676" />
<gc-start id="1907" type="global mark phase" contextid="1884" timestamp="2019-07-07T05:34:44.268">
  <mem-info id="1908" free="13631488" total="53477376" percent="25">
    <remembered-set count="33920" freebytes="2124544" totalbytes="2260224" percent="93" regionsoverflowed="0" regionsstable="0" regionsrebuilding="16"/>
  </mem-info>
</gc-start>
<gc-end id="1909" type="global mark phase" contextid="1884" durationms="0.121" usertimems="0.000" systemtimems="0.000" timestamp="2019-07-07T05:34:44.268" activeThreads="1">
  <mem-info id="1910" free="13631488" total="53477376" percent="25">
    <remembered-set count="33920" freebytes="2124544" totalbytes="2260224" percent="93" regionsoverflowed="0" regionsstable="0" regionsrebuilding="16"/>
  </mem-info>
</gc-end>
<concurrent-start id="1911" type="GMP work packet processing" contextid="1884" timestamp="2019-07-07T05:34:44.268">
  <concurrent-mark-start scanTarget="3166333" />
</concurrent-start>
<concurrent-end id="1912" type="GMP work packet processing" contextid="1884" timestamp="2019-07-07T05:34:44.270">
  <concurrent-mark-end bytesScanned="3210476" reasonForTermination="Work target met" />
</concurrent-end>

<exclusive-end id="1913" timestamp="2019-07-07T05:34:44.270" durationms="2.510" />

<exclusive-start id="1914" timestamp="2019-07-07T05:34:44.325" intervalms="58.057">
  <response-info timems="0.027" idlems="0.027" threads="0" lastid="00000000020B9700" lastname="main" />
</exclusive-start>
<allocation-taxation id="1915" taxation-threshold="9437184" timestamp="2019-07-07T05:34:44.326" intervalms="58.090" />
<cycle-start id="1916" type="partial gc" contextid="0" timestamp="2019-07-07T05:34:44.326" intervalms="116.891" />
<gc-start id="1917" type="partial gc" contextid="1916" timestamp="2019-07-07T05:34:44.326">
  <mem-info id="1918" free="4194304" total="53477376" percent="7">
    <mem type="eden" free="1048072" total="19922944" percent="5" />
    <remembered-set count="66048" freebytes="1996032" totalbytes="2260224" percent="88" regionsoverflowed="0" regionsstable="0" regionsrebuilding="16"/>
  </mem-info>
</gc-start>
<allocation-stats totalBytes="18869448" >
  <allocated-bytes non-tlh="0" tlh="18869448" arrayletleaf="0"/>
  <largest-consumer threadName="main" threadId="00000000020B9700" bytes="9435680" />
</allocation-stats>
<gc-op id="1919" type="copy forward" timems="6.024" contextid="1916" timestamp="2019-07-07T05:34:44.333">
  <memory-copied type="eden" objects="31" bytes="944" bytesdiscarded="0" />
  <memory-copied type="other" objects="0" bytes="0" bytesdiscarded="0" />
  <memory-cardclean objects="97783" bytes="3143752" />
  <regions eden="18" other="1" />
  <remembered-set-cleared processed="33561" cleared="4878" durationms="0.436" />
  <stringconstants candidates="13761" cleared="0"  />
</gc-op>
<gc-op id="1920" type="classunload" timems="0.004" contextid="1916" timestamp="2019-07-07T05:34:44.334">
  <classunload-info classloadercandidates="54" classloadersunloaded="0" classesunloaded="0" anonymousclassesunloaded="0" quiescems="0.000" setupms="0.004" scanms="0.000" postms="0.000" />
</gc-op>
<gc-end id="1921" type="partial gc" contextid="1916" durationms="7.533" usertimems="8.000" systemtimems="0.000" timestamp="2019-07-07T05:34:44.334" activeThreads="1">
  <mem-info id="1922" free="23068672" total="53477376" percent="43">
    <mem type="eden" free="1047632" total="1048576" percent="99" />
    <remembered-set count="43872" freebytes="1959168" totalbytes="2134656" percent="91" regionsoverflowed="0" regionsstable="0" regionsrebuilding="16"/>
  </mem-info>
</gc-end>
<cycle-end id="1923" type="partial gc" contextid="1916" timestamp="2019-07-07T05:34:44.334" />
  <attribute name="elasticGC enabled" value="1" />
  <attribute name= "numThreadsSpecified" value="1" />
  <attribute name="heapSize specified" value="0" />
  <attribute name="Current GC Util" value="54" />
  <attribute name= "Current Time Running" value="13854" />
  <attribute name ="GC Interval" value="0" />
  <attribute name="ProportionalT" value="17.000000" />
  <attribute name="ProportionalI" value="17.000000" />
  <attribute name="ProportionalH" value="17.000000" />
  <attribute name="Current Error" value="34.000000" />
  <attribute name="IntegralT" value="0.000000" />
  <attribute name="IntegralI" value="0.000000" />
  <attribute name="IntegralH" value="0.000000" />
  <attribute name="DerivativeT" value="inf" />
  <attribute name="DerivativeI" value="inf" />
  <attribute name="DerivativeH" value="inf" />
  <attribute name="Loop Time for DT" value="0.000000" />
  <attribute name="Output H" value="8388608"/>
  <attribute name="Output I" value="200"/>
  <attribute name="Output T" value="1"/>
  <attribute name="Target GC Util Change" value ="20.000000" />
  <attribute name="Current GC Util Change" value="54.000000"/>
  <attribute name="GC Util currently" value="54" />
  <attribute name="CPU Util currently" value="9634213379984" />
<exclusive-end id="1924" timestamp="2019-07-07T05:34:44.334" durationms="8.943" />

<exclusive-start id="1925" timestamp="2019-07-07T05:34:44.359" intervalms="33.662">
  <response-info timems="0.093" idlems="0.093" threads="0" lastid="00000000020B9700" lastname="main" />
</exclusive-start>
<allocation-taxation id="1926" taxation-threshold="9437184" timestamp="2019-07-07T05:34:44.359" intervalms="33.608" />
<gc-start id="1927" type="global mark phase" contextid="1884" timestamp="2019-07-07T05:34:44.359">
  <mem-info id="1928" free="13631488" total="53477376" percent="25">
    <remembered-set count="43808" freebytes="1959424" totalbytes="2134656" percent="91" regionsoverflowed="0" regionsstable="0" regionsrebuilding="16"/>
  </mem-info>
</gc-start>
<gc-end id="1929" type="global mark phase" contextid="1884" durationms="0.179" usertimems="0.000" systemtimems="0.000" timestamp="2019-07-07T05:34:44.360" activeThreads="1">
  <mem-info id="1930" free="13631488" total="53477376" percent="25">
    <remembered-set count="43808" freebytes="1959424" totalbytes="2134656" percent="91" regionsoverflowed="0" regionsstable="0" regionsrebuilding="16"/>
  </mem-info>
</gc-end>
<concurrent-start id="1931" type="GMP work packet processing" contextid="1884" timestamp="2019-07-07T05:34:44.360">
  <concurrent-mark-start scanTarget="6785000" />
</concurrent-start>
<exclusive-end id="1932" timestamp="2019-07-07T05:34:44.360" durationms="0.956" />

<concurrent-end id="1933" type="GMP work packet processing" contextid="1884" timestamp="2019-07-07T05:34:44.373">
  <concurrent-mark-end bytesScanned="5907828" reasonForTermination="Completed all work in GC phase" />
</concurrent-end>

<exclusive-start id="1934" timestamp="2019-07-07T05:34:44.383" intervalms="23.933">
  <response-info timems="0.124" idlems="0.124" threads="0" lastid="00000000020B9700" lastname="main" />
</exclusive-start>
<allocation-taxation id="1935" taxation-threshold="9437184" timestamp="2019-07-07T05:34:44.383" intervalms="23.897" />
<cycle-start id="1936" type="partial gc" contextid="0" timestamp="2019-07-07T05:34:44.383" intervalms="57.528" />
<gc-start id="1937" type="partial gc" contextid="1936" timestamp="2019-07-07T05:34:44.384">
  <mem-info id="1938" free="4194304" total="53477376" percent="7">
    <mem type="eden" free="0" total="18874368" percent="0" />
    <remembered-set count="103040" freebytes="1722496" totalbytes="2134656" percent="80" regionsoverflowed="0" regionsstable="0" regionsrebuilding="16"/>
  </mem-info>
</gc-start>
<allocation-stats totalBytes="18873344" >
  <allocated-bytes non-tlh="0" tlh="18873344" arrayletleaf="0"/>
  <largest-consumer threadName="main" threadId="00000000020B9700" bytes="9436752" />
</allocation-stats>
<gc-op id="1939" type="copy forward" timems="1.671" contextid="1936" timestamp="2019-07-07T05:34:44.386">
  <memory-copied type="eden" objects="30" bytes="912" bytesdiscarded="0" />
  <memory-copied type="other" objects="8" bytes="184" bytesdiscarded="0" />
  <memory-cardclean objects="70" bytes="2624" />
  <regions eden="18" other="1" />
  <remembered-set-cleared processed="100983" cleared="41" durationms="0.725" />
  <stringconstants candidates="13761" cleared="0"  />
</gc-op>
<gc-op id="1940" type="classunload" timems="0.004" contextid="1936" timestamp="2019-07-07T05:34:44.386">
  <classunload-info classloadercandidates="54" classloadersunloaded="0" classesunloaded="0" anonymousclassesunloaded="0" quiescems="0.000" setupms="0.004" scanms="0.000" postms="0.000" />
</gc-op>
<gc-end id="1941" type="partial gc" contextid="1936" durationms="2.826" usertimems="0.000" systemtimems="4.000" timestamp="2019-07-07T05:34:44.386" activeThreads="1">
  <mem-info id="1942" free="22020096" total="53477376" percent="41">
    <mem type="eden" free="1047664" total="1048576" percent="99" />
    <remembered-set count="103520" freebytes="1720576" totalbytes="2134656" percent="80" regionsoverflowed="0" regionsstable="0" regionsrebuilding="16"/>
  </mem-info>
</gc-end>
<cycle-end id="1943" type="partial gc" contextid="1936" timestamp="2019-07-07T05:34:44.387" />
  <attribute name="elasticGC enabled" value="1" />
  <attribute name= "numThreadsSpecified" value="1" />
  <attribute name="heapSize specified" value="0" />
  <attribute name="Current GC Util" value="70" />
  <attribute name= "Current Time Running" value="13911" />
  <attribute name ="GC Interval" value="0" />
  <attribute name="ProportionalT" value="25.000000" />
  <attribute name="ProportionalI" value="25.000000" />
  <attribute name="ProportionalH" value="25.000000" />
  <attribute name="Current Error" value="50.000000" />
  <attribute name="IntegralT" value="0.000000" />
  <attribute name="IntegralI" value="0.000000" />
  <attribute name="IntegralH" value="0.000000" />
  <attribute name="DerivativeT" value="inf" />
  <attribute name="DerivativeI" value="inf" />
  <attribute name="DerivativeH" value="inf" />
  <attribute name="Loop Time for DT" value="0.000000" />
  <attribute name="Output H" value="8388608"/>
  <attribute name="Output I" value="200"/>
  <attribute name="Output T" value="1"/>
  <attribute name="Target GC Util Change" value ="20.000000" />
  <attribute name="Current GC Util Change" value="70.000000"/>
  <attribute name="GC Util currently" value="70" />
  <attribute name="CPU Util currently" value="18150955988844" />
<exclusive-end id="1944" timestamp="2019-07-07T05:34:44.387" durationms="3.900" />

<exclusive-start id="1945" timestamp="2019-07-07T05:34:44.409" intervalms="26.235">
  <response-info timems="0.087" idlems="0.087" threads="0" lastid="00000000020B9700" lastname="main" />
</exclusive-start>
<allocation-taxation id="1946" taxation-threshold="9437184" timestamp="2019-07-07T05:34:44.409" intervalms="26.218" />
<gc-start id="1947" type="global mark phase" contextid="1884" timestamp="2019-07-07T05:34:44.409">
  <mem-info id="1948" free="12582912" total="53477376" percent="23">
    <remembered-set count="103072" freebytes="1722368" totalbytes="2134656" percent="80" regionsoverflowed="0" regionsstable="0" regionsrebuilding="16"/>
  </mem-info>
</gc-start>
<gc-op id="1949" type="mark increment" timems="2.778" contextid="1884" timestamp="2019-07-07T05:34:44.412">
  <trace-info objectcount="283" scancount="270" scanbytes="241316" />
  <cardclean-info objects="146326" bytes="3856380" />
  <finalization candidates="79" enqueued="0" />
  <ownableSynchronizers candidates="23" cleared="0" />
  <references type="soft" candidates="4854" cleared="162" enqueued="157" dynamicThreshold="13" maxThreshold="32" />
  <references type="weak" candidates="5588" cleared="7" enqueued="3" />
  <references type="phantom" candidates="101" cleared="0" enqueued="0" />
  <stringconstants candidates="13761" cleared="0"  />
</gc-op>
<gc-op id="1950" type="classunload" timems="0.005" contextid="1884" timestamp="2019-07-07T05:34:44.412">
  <classunload-info classloadercandidates="54" classloadersunloaded="0" classesunloaded="0" anonymousclassesunloaded="0" quiescems="0.000" setupms="0.005" scanms="0.000" postms="0.000" />
</gc-op>
<gc-end id="1951" type="global mark phase" contextid="1884" durationms="3.129" usertimems="8.000" systemtimems="0.000" timestamp="2019-07-07T05:34:44.413" activeThreads="4">
  <mem-info id="1952" free="12582912" total="53477376" percent="23">
    <pending-finalizers system="0" default="0" reference="160" classloader="0" />
    <remembered-set count="118944" freebytes="1658880" totalbytes="2134656" percent="77" regionsoverflowed="0" regionsstable="0" regionsrebuilding="0"/>
  </mem-info>
</gc-end>
<cycle-end id="1953" type="global mark phase" contextid="1884" timestamp="2019-07-07T05:34:44.413" />
  <attribute name="elasticGC enabled" value="1" />
  <attribute name= "numThreadsSpecified" value="4" />
  <attribute name="heapSize specified" value="0" />
  <attribute name="Current GC Util" value="103" />
  <attribute name= "Current Time Running" value="13939" />
  <attribute name ="GC Interval" value="0" />
  <attribute name="ProportionalT" value="41.500000" />
  <attribute name="ProportionalI" value="41.500000" />
  <attribute name="ProportionalH" value="41.500000" />
  <attribute name="Current Error" value="83.000000" />
  <attribute name="IntegralT" value="41.500000" />
  <attribute name="IntegralI" value="41.500000" />
  <attribute name="IntegralH" value="41.500000" />
  <attribute name="DerivativeT" value="-162.000000" />
  <attribute name="DerivativeI" value="-162.000000" />
  <attribute name="DerivativeH" value="-162.000000" />
  <attribute name="Loop Time for DT" value="1.000000" />
  <attribute name="Output H" value="2091843584"/>
  <attribute name="Output I" value="200"/>
  <attribute name="Output T" value="4"/>
  <attribute name="Target GC Util Change" value ="20.000000" />
  <attribute name="Current GC Util Change" value="103.000000"/>
  <attribute name="GC Util currently" value="103" />
  <attribute name="CPU Util currently" value="14653903445812" />
<exclusive-end id="1954" timestamp="2019-07-07T05:34:44.413" durationms="3.798" />

<exclusive-start id="1955" timestamp="2019-07-07T05:34:44.435" intervalms="25.988">
  <response-info timems="0.074" idlems="0.074" threads="0" lastid="00000000020B9700" lastname="main" />
</exclusive-start>
<allocation-taxation id="1956" taxation-threshold="9437184" timestamp="2019-07-07T05:34:44.435" intervalms="25.943" />
<cycle-start id="1957" type="partial gc" contextid="0" timestamp="2019-07-07T05:34:44.435" intervalms="52.004" />
<gc-start id="1958" type="partial gc" contextid="1957" timestamp="2019-07-07T05:34:44.436">
  <mem-info id="1959" free="3145728" total="53477376" percent="5">
    <mem type="eden" free="0" total="18874368" percent="0" />
    <remembered-set count="73440" freebytes="1840896" totalbytes="2134656" percent="86" regionsoverflowed="0" regionsstable="13" regionsrebuilding="0"/>
  </mem-info>
</gc-start>
<allocation-stats totalBytes="18872544" >
  <allocated-bytes non-tlh="0" tlh="18872544" arrayletleaf="0"/>
  <largest-consumer threadName="main" threadId="00000000020B9700" bytes="9432488" />
</allocation-stats>
<gc-op id="1960" type="sweep" timems="0.621" contextid="1957" timestamp="2019-07-07T05:34:44.436" />
<gc-op id="1961" type="copy forward" timems="1.600" contextid="1957" timestamp="2019-07-07T05:34:44.439">
  <memory-copied type="eden" objects="8" bytes="1192" bytesdiscarded="248" />
  <memory-copied type="other" objects="24" bytes="768" bytesdiscarded="0" />
  <memory-cardclean objects="333" bytes="17136" />
  <regions eden="9" other="2" />
  <remembered-set-cleared processed="72077" cleared="61" durationms="0.395" />
  <stringconstants candidates="13761" cleared="0"  />
</gc-op>
<gc-op id="1962" type="classunload" timems="0.003" contextid="1957" timestamp="2019-07-07T05:34:44.439">
  <classunload-info classloadercandidates="54" classloadersunloaded="0" classesunloaded="0" anonymousclassesunloaded="0" quiescems="0.000" setupms="0.003" scanms="0.000" postms="0.000" />
</gc-op>
<gc-end id="1963" type="partial gc" contextid="1957" durationms="3.438" usertimems="4.000" systemtimems="4.000" timestamp="2019-07-07T05:34:44.439" activeThreads="4">
  <mem-info id="1964" free="20971520" total="53477376" percent="39">
    <mem type="eden" free="1047136" total="1048576" percent="99" />
    <remembered-set count="74656" freebytes="1836032" totalbytes="2134656" percent="86" regionsoverflowed="0" regionsstable="13" regionsrebuilding="0"/>
  </mem-info>
</gc-end>
<cycle-end id="1965" type="partial gc" contextid="1957" timestamp="2019-07-07T05:34:44.439" />
  <attribute name="elasticGC enabled" value="1" />
  <attribute name= "numThreadsSpecified" value="4" />
  <attribute name="heapSize specified" value="0" />
  <attribute name="Current GC Util" value="55" />
  <attribute name= "Current Time Running" value="13964" />
  <attribute name ="GC Interval" value="0" />
  <attribute name="ProportionalT" value="17.500000" />
  <attribute name="ProportionalI" value="17.500000" />
  <attribute name="ProportionalH" value="17.500000" />
  <attribute name="Current Error" value="35.000000" />
  <attribute name="IntegralT" value="0.000000" />
  <attribute name="IntegralI" value="0.000000" />
  <attribute name="IntegralH" value="0.000000" />
  <attribute name="DerivativeT" value="-inf" />
  <attribute name="DerivativeI" value="-inf" />
  <attribute name="DerivativeH" value="-inf" />
  <attribute name="Loop Time for DT" value="0.000000" />
  <attribute name="Output H" value="2091843584"/>
  <attribute name="Output I" value="200"/>
  <attribute name="Output T" value="4"/>
  <attribute name="Target GC Util Change" value ="20.000000" />
  <attribute name="Current GC Util Change" value="55.000000"/>
  <attribute name="GC Util currently" value="55" />
  <attribute name="CPU Util currently" value="20430007361022" />
<exclusive-end id="1966" timestamp="2019-07-07T05:34:44.439" durationms="4.149" />

<exclusive-start id="1967" timestamp="2019-07-07T05:34:44.457" intervalms="21.644">
  <response-info timems="0.074" idlems="0.074" threads="0" lastid="00000000020B9700" lastname="main" />
</exclusive-start>
<allocation-taxation id="1968" taxation-threshold="9437184" timestamp="2019-07-07T05:34:44.457" intervalms="21.705" />
<cycle-start id="1969" type="global mark phase" contextid="0" timestamp="2019-07-07T05:34:44.457" intervalms="330.396" />
<gc-start id="1970" type="global mark phase" contextid="1969" timestamp="2019-07-07T05:34:44.457">
  <mem-info id="1971" free="11534336" total="53477376" percent="21">
    <remembered-set count="74176" freebytes="1837952" totalbytes="2134656" percent="86" regionsoverflowed="0" regionsstable="13" regionsrebuilding="0"/>
  </mem-info>
</gc-start>
<gc-op id="1972" type="mark increment" timems="2.209" contextid="1969" timestamp="2019-07-07T05:34:44.460">
  <trace-info objectcount="34635" scancount="23684" scanbytes="714596" />
</gc-op>
<gc-end id="1973" type="global mark phase" contextid="1969" durationms="2.472" usertimems="4.000" systemtimems="0.000" timestamp="2019-07-07T05:34:44.460" activeThreads="1">
  <mem-info id="1974" free="11534336" total="53477376" percent="21">
    <remembered-set count="75200" freebytes="1833856" totalbytes="2134656" percent="85" regionsoverflowed="0" regionsstable="0" regionsrebuilding="13"/>
  </mem-info>
</gc-end>
<concurrent-start id="1975" type="GMP work packet processing" contextid="1969" timestamp="2019-07-07T05:34:44.460">
  <concurrent-mark-start scanTarget="6627484" />
</concurrent-start>
<exclusive-end id="1976" timestamp="2019-07-07T05:34:44.464" durationms="6.795" />

<concurrent-end id="1977" type="GMP work packet processing" contextid="1969" timestamp="2019-07-07T05:34:44.474">
  <concurrent-mark-end bytesScanned="6670364" reasonForTermination="Work target met" />
</concurrent-end>

<exclusive-start id="1978" timestamp="2019-07-07T05:34:44.485" intervalms="28.235">
  <response-info timems="0.224" idlems="0.224" threads="0" lastid="00000000020B9700" lastname="main" />
</exclusive-start>
<allocation-taxation id="1979" taxation-threshold="9437184" timestamp="2019-07-07T05:34:44.485" intervalms="28.218" />
<cycle-start id="1980" type="partial gc" contextid="0" timestamp="2019-07-07T05:34:44.485" intervalms="49.951" />
<gc-start id="1981" type="partial gc" contextid="1980" timestamp="2019-07-07T05:34:44.486">
  <mem-info id="1982" free="2097152" total="53477376" percent="3">
    <mem type="eden" free="0" total="18874368" percent="0" />
    <remembered-set count="94688" freebytes="1755904" totalbytes="2134656" percent="82" regionsoverflowed="0" regionsstable="0" regionsrebuilding="13"/>
  </mem-info>
</gc-start>
<allocation-stats totalBytes="18871240" >
  <allocated-bytes non-tlh="0" tlh="18871240" arrayletleaf="0"/>
  <largest-consumer threadName="main" threadId="00000000020B9700" bytes="9434880" />
</allocation-stats>
<gc-op id="1983" type="copy forward" timems="5.623" contextid="1980" timestamp="2019-07-07T05:34:44.492">
  <memory-copied type="eden" objects="32" bytes="976" bytesdiscarded="0" />
  <memory-copied type="other" objects="9947" bytes="886424" bytesdiscarded="0" />
  <memory-cardclean objects="17309" bytes="945184" />
  <regions eden="18" other="7" />
  <remembered-set-cleared processed="90578" cleared="10423" durationms="0.805" />
  <finalization candidates="9" enqueued="0" />
  <ownableSynchronizers candidates="16" cleared="0" />
  <references type="soft" candidates="4" cleared="0" enqueued="0" dynamicThreshold="6" maxThreshold="32" />
  <references type="weak" candidates="211" cleared="0" enqueued="0" />
  <references type="phantom" candidates="29" cleared="0" enqueued="0" />
  <stringconstants candidates="13761" cleared="0"  />
  <heap-resize type="expand" space="default" amount="2097152" count="2" timems="0.116" reason="continue current collection" />
</gc-op>
<gc-op id="1984" type="classunload" timems="0.005" contextid="1980" timestamp="2019-07-07T05:34:44.492">
  <classunload-info classloadercandidates="54" classloadersunloaded="0" classesunloaded="0" anonymousclassesunloaded="0" quiescems="0.000" setupms="0.005" scanms="0.000" postms="0.000" />
</gc-op>
<heap-resize id="1985" type="expand" space="default" amount="10485760" count="1" timems="0.077" reason="excessive time being spent in gc" timestamp="2019-07-07T05:34:44.493" />
<gc-end id="1986" type="partial gc" contextid="1980" durationms="7.031" usertimems="0.000" systemtimems="8.000" timestamp="2019-07-07T05:34:44.493" activeThreads="1">
  <mem-info id="1987" free="36700160" total="66060288" percent="55">
    <mem type="eden" free="1047600" total="1048576" percent="99" />
    <remembered-set count="88992" freebytes="2280960" totalbytes="2636928" percent="86" regionsoverflowed="0" regionsstable="0" regionsrebuilding="13"/>
  </mem-info>
</gc-end>
<cycle-end id="1988" type="partial gc" contextid="1980" timestamp="2019-07-07T05:34:44.493" />
  <attribute name="elasticGC enabled" value="1" />
  <attribute name= "numThreadsSpecified" value="1" />
  <attribute name="heapSize specified" value="0" />
  <attribute name="Current GC Util" value="59" />
  <attribute name= "Current Time Running" value="14013" />
  <attribute name ="GC Interval" value="0" />
  <attribute name="ProportionalT" value="19.500000" />
  <attribute name="ProportionalI" value="19.500000" />
  <attribute name="ProportionalH" value="19.500000" />
  <attribute name="Current Error" value="39.000000" />
  <attribute name="IntegralT" value="0.000000" />
  <attribute name="IntegralI" value="0.000000" />
  <attribute name="IntegralH" value="0.000000" />
  <attribute name="DerivativeT" value="inf" />
  <attribute name="DerivativeI" value="inf" />
  <attribute name="DerivativeH" value="inf" />
  <attribute name="Loop Time for DT" value="0.000000" />
  <attribute name="Output H" value="8388608"/>
  <attribute name="Output I" value="200"/>
  <attribute name="Output T" value="1"/>
  <attribute name="Target GC Util Change" value ="20.000000" />
  <attribute name="Current GC Util Change" value="59.000000"/>
  <attribute name="GC Util currently" value="59" />
  <attribute name="CPU Util currently" value="18683274216310" />
<exclusive-end id="1989" timestamp="2019-07-07T05:34:44.493" durationms="8.147" />

<exclusive-start id="1990" timestamp="2019-07-07T05:34:44.519" intervalms="34.057">
  <response-info timems="0.034" idlems="0.034" threads="0" lastid="00000000020B9700" lastname="main" />
</exclusive-start>
<allocation-taxation id="1991" taxation-threshold="11534336" timestamp="2019-07-07T05:34:44.519" intervalms="34.147" />
<gc-start id="1992" type="global mark phase" contextid="1969" timestamp="2019-07-07T05:34:44.520">
  <mem-info id="1993" free="25165824" total="66060288" percent="38">
    <remembered-set count="88960" freebytes="2281088" totalbytes="2636928" percent="86" regionsoverflowed="0" regionsstable="0" regionsrebuilding="13"/>
  </mem-info>
</gc-start>
<gc-end id="1994" type="global mark phase" contextid="1969" durationms="0.107" usertimems="0.000" systemtimems="0.000" timestamp="2019-07-07T05:34:44.520" activeThreads="1">
  <mem-info id="1995" free="25165824" total="66060288" percent="38">
    <remembered-set count="88960" freebytes="2281088" totalbytes="2636928" percent="86" regionsoverflowed="0" regionsstable="0" regionsrebuilding="13"/>
  </mem-info>
</gc-end>
<concurrent-start id="1996" type="GMP work packet processing" contextid="1969" timestamp="2019-07-07T05:34:44.520">
  <concurrent-mark-start scanTarget="3568645" />
</concurrent-start>
<exclusive-end id="1997" timestamp="2019-07-07T05:34:44.520" durationms="1.114" />

<concurrent-end id="1998" type="GMP work packet processing" contextid="1969" timestamp="2019-07-07T05:34:44.525">
  <concurrent-mark-end bytesScanned="3570816" reasonForTermination="Work target met" />
</concurrent-end>

<exclusive-start id="1999" timestamp="2019-07-07T05:34:44.546" intervalms="26.814">
  <response-info timems="0.077" idlems="0.077" threads="0" lastid="00000000020B9700" lastname="main" />
</exclusive-start>
<allocation-taxation id="2000" taxation-threshold="11534336" timestamp="2019-07-07T05:34:44.546" intervalms="26.763" />
<cycle-start id="2001" type="partial gc" contextid="0" timestamp="2019-07-07T05:34:44.546" intervalms="60.903" />
<gc-start id="2002" type="partial gc" contextid="2001" timestamp="2019-07-07T05:34:44.547">
  <mem-info id="2003" free="13631488" total="66060288" percent="20">
    <mem type="eden" free="0" total="23068672" percent="0" />
    <remembered-set count="96480" freebytes="2251008" totalbytes="2636928" percent="85" regionsoverflowed="0" regionsstable="0" regionsrebuilding="13"/>
  </mem-info>
</gc-start>
<allocation-stats totalBytes="23066216" >
  <allocated-bytes non-tlh="0" tlh="23066216" arrayletleaf="0"/>
  <largest-consumer threadName="main" threadId="00000000020B9700" bytes="11533104" />
</allocation-stats>
<gc-op id="2004" type="copy forward" timems="1.967" contextid="2001" timestamp="2019-07-07T05:34:44.549">
  <memory-copied type="eden" objects="6" bytes="160" bytesdiscarded="0" />
  <memory-copied type="other" objects="32" bytes="952" bytesdiscarded="0" />
  <memory-cardclean objects="82" bytes="3336" />
  <regions eden="22" other="2" />
  <remembered-set-cleared processed="94698" cleared="57" durationms="0.462" />
  <stringconstants candidates="13761" cleared="0"  />
</gc-op>
<gc-op id="2005" type="classunload" timems="0.004" contextid="2001" timestamp="2019-07-07T05:34:44.550">
  <classunload-info classloadercandidates="54" classloadersunloaded="0" classesunloaded="0" anonymousclassesunloaded="0" quiescems="0.000" setupms="0.004" scanms="0.000" postms="0.000" />
</gc-op>
<heap-resize id="2006" type="expand" space="default" amount="10485760" count="1" timems="0.092" reason="excessive time being spent in gc" timestamp="2019-07-07T05:34:44.550" />
<gc-end id="2007" type="partial gc" contextid="2001" durationms="3.285" usertimems="4.000" systemtimems="0.000" timestamp="2019-07-07T05:34:44.550" activeThreads="4">
  <mem-info id="2008" free="46137344" total="76546048" percent="60">
    <mem type="eden" free="1048416" total="1048576" percent="99" />
    <remembered-set count="96896" freebytes="2667904" totalbytes="3055488" percent="87" regionsoverflowed="0" regionsstable="0" regionsrebuilding="13"/>
  </mem-info>
</gc-end>
<cycle-end id="2009" type="partial gc" contextid="2001" timestamp="2019-07-07T05:34:44.550" />
  <attribute name="elasticGC enabled" value="1" />
  <attribute name= "numThreadsSpecified" value="4" />
  <attribute name="heapSize specified" value="0" />
  <attribute name="Current GC Util" value="69" />
  <attribute name= "Current Time Running" value="14075" />
  <attribute name ="GC Interval" value="0" />
  <attribute name="ProportionalT" value="24.500000" />
  <attribute name="ProportionalI" value="24.500000" />
  <attribute name="ProportionalH" value="24.500000" />
  <attribute name="Current Error" value="49.000000" />
  <attribute name="IntegralT" value="24.500000" />
  <attribute name="IntegralI" value="24.500000" />
  <attribute name="IntegralH" value="24.500000" />
  <attribute name="DerivativeT" value="49.000000" />
  <attribute name="DerivativeI" value="49.000000" />
  <attribute name="DerivativeH" value="49.000000" />
  <attribute name="Loop Time for DT" value="1.000000" />
  <attribute name="Output H" value="8388608"/>
  <attribute name="Output I" value="200"/>
  <attribute name="Output T" value="4"/>
  <attribute name="Target GC Util Change" value ="20.000000" />
  <attribute name="Current GC Util Change" value="69.000000"/>
  <attribute name="GC Util currently" value="69" />
  <attribute name="CPU Util currently" value="15223703292546" />
<exclusive-end id="2010" timestamp="2019-07-07T05:34:44.550" durationms="4.533" />

<exclusive-start id="2011" timestamp="2019-07-07T05:34:44.573" intervalms="27.556">
  <response-info timems="0.121" idlems="0.121" threads="0" lastid="00000000020B9700" lastname="main" />
</exclusive-start>
<allocation-taxation id="2012" taxation-threshold="12582912" timestamp="2019-07-07T05:34:44.574" intervalms="27.593" />
<gc-start id="2013" type="global mark phase" contextid="1969" timestamp="2019-07-07T05:34:44.574">
  <mem-info id="2014" free="33554432" total="76546048" percent="43">
    <remembered-set count="96896" freebytes="2667904" totalbytes="3055488" percent="87" regionsoverflowed="0" regionsstable="0" regionsrebuilding="13"/>
  </mem-info>
</gc-start>
<gc-end id="2015" type="global mark phase" contextid="1969" durationms="0.151" usertimems="0.000" systemtimems="0.000" timestamp="2019-07-07T05:34:44.574" activeThreads="4">
  <mem-info id="2016" free="33554432" total="76546048" percent="43">
    <remembered-set count="96896" freebytes="2667904" totalbytes="3055488" percent="87" regionsoverflowed="0" regionsstable="0" regionsrebuilding="13"/>
  </mem-info>
</gc-end>
<concurrent-start id="2017" type="GMP work packet processing" contextid="1969" timestamp="2019-07-07T05:34:44.574">
  <concurrent-mark-start scanTarget="2039226" />
</concurrent-start>
<concurrent-end id="2018" type="GMP work packet processing" contextid="1969" timestamp="2019-07-07T05:34:44.575">
  <concurrent-mark-end bytesScanned="2078016" reasonForTermination="Work target met" />
</concurrent-end>

<exclusive-end id="2019" timestamp="2019-07-07T05:34:44.575" durationms="1.976" />

<exclusive-start id="2020" timestamp="2019-07-07T05:34:44.656" intervalms="82.806">
  <response-info timems="0.043" idlems="0.026" threads="1" lastid="00000000020C0F00" lastname="JIT Compilation Thread-1" />
</exclusive-start>
<allocation-taxation id="2021" taxation-threshold="12582912" timestamp="2019-07-07T05:34:44.657" intervalms="82.855" />
<cycle-start id="2022" type="partial gc" contextid="0" timestamp="2019-07-07T05:34:44.657" intervalms="110.476" />
<gc-start id="2023" type="partial gc" contextid="2022" timestamp="2019-07-07T05:34:44.657">
  <mem-info id="2024" free="20971520" total="76546048" percent="27">
    <mem type="eden" free="1048416" total="26214400" percent="3" />
    <remembered-set count="106624" freebytes="2628992" totalbytes="3055488" percent="86" regionsoverflowed="0" regionsstable="0" regionsrebuilding="13"/>
  </mem-info>
</gc-start>
<allocation-stats totalBytes="25163784" >
  <allocated-bytes non-tlh="0" tlh="25163784" arrayletleaf="0"/>
  <largest-consumer threadName="main" threadId="00000000020B9700" bytes="12582160" />
</allocation-stats>
<gc-op id="2025" type="copy forward" timems="1.896" contextid="2022" timestamp="2019-07-07T05:34:44.660">
  <memory-copied type="eden" objects="23" bytes="720" bytesdiscarded="0" />
  <memory-copied type="other" objects="8" bytes="208" bytesdiscarded="0" />
  <memory-cardclean objects="118" bytes="4096" />
  <regions eden="24" other="2" />
  <remembered-set-cleared processed="104463" cleared="68" durationms="0.781" />
  <stringconstants candidates="13761" cleared="0"  />
</gc-op>
<gc-op id="2026" type="classunload" timems="0.004" contextid="2022" timestamp="2019-07-07T05:34:44.660">
  <classunload-info classloadercandidates="54" classloadersunloaded="0" classesunloaded="0" anonymousclassesunloaded="0" quiescems="0.000" setupms="0.004" scanms="0.000" postms="0.000" />
</gc-op>
<gc-end id="2027" type="partial gc" contextid="2022" durationms="3.129" usertimems="0.000" systemtimems="0.000" timestamp="2019-07-07T05:34:44.660" activeThreads="1">
  <mem-info id="2028" free="46137344" total="76546048" percent="60">
    <mem type="eden" free="1047856" total="1048576" percent="99" />
    <remembered-set count="106816" freebytes="2628224" totalbytes="3055488" percent="86" regionsoverflowed="0" regionsstable="0" regionsrebuilding="13"/>
  </mem-info>
</gc-end>
<cycle-end id="2029" type="partial gc" contextid="2022" timestamp="2019-07-07T05:34:44.660" />
  <attribute name="elasticGC enabled" value="1" />
  <attribute name= "numThreadsSpecified" value="1" />
  <attribute name="heapSize specified" value="0" />
  <attribute name="Current GC Util" value="61" />
  <attribute name= "Current Time Running" value="14185" />
  <attribute name ="GC Interval" value="0" />
  <attribute name="ProportionalT" value="20.500000" />
  <attribute name="ProportionalI" value="20.500000" />
  <attribute name="ProportionalH" value="20.500000" />
  <attribute name="Current Error" value="41.000000" />
  <attribute name="IntegralT" value="0.000000" />
  <attribute name="IntegralI" value="0.000000" />
  <attribute name="IntegralH" value="0.000000" />
  <attribute name="DerivativeT" value="inf" />
  <attribute name="DerivativeI" value="inf" />
  <attribute name="DerivativeH" value="inf" />
  <attribute name="Loop Time for DT" value="0.000000" />
  <attribute name="Output H" value="8388608"/>
  <attribute name="Output I" value="200"/>
  <attribute name="Output T" value="1"/>
  <attribute name="Target GC Util Change" value ="20.000000" />
  <attribute name="Current GC Util Change" value="61.000000"/>
  <attribute name="GC Util currently" value="61" />
  <attribute name="CPU Util currently" value="18348980594642" />
<exclusive-end id="2030" timestamp="2019-07-07T05:34:44.661" durationms="4.348" />

<exclusive-start id="2031" timestamp="2019-07-07T05:34:44.721" intervalms="65.115">
  <response-info timems="0.069" idlems="0.069" threads="0" lastid="00000000020B9700" lastname="main" />
</exclusive-start>
<allocation-taxation id="2032" taxation-threshold="12582912" timestamp="2019-07-07T05:34:44.722" intervalms="65.008" />
<gc-start id="2033" type="global mark phase" contextid="1969" timestamp="2019-07-07T05:34:44.722">
  <mem-info id="2034" free="33554432" total="76546048" percent="43">
    <remembered-set count="106560" freebytes="2629248" totalbytes="3055488" percent="86" regionsoverflowed="0" regionsstable="0" regionsrebuilding="13"/>
  </mem-info>
</gc-start>
<gc-end id="2035" type="global mark phase" contextid="1969" durationms="0.165" usertimems="0.000" systemtimems="0.000" timestamp="2019-07-07T05:34:44.722" activeThreads="1">
  <mem-info id="2036" free="33554432" total="76546048" percent="43">
    <remembered-set count="106560" freebytes="2629248" totalbytes="3055488" percent="86" regionsoverflowed="0" regionsstable="0" regionsrebuilding="13"/>
  </mem-info>
</gc-end>
<concurrent-start id="2037" type="GMP work packet processing" contextid="1969" timestamp="2019-07-07T05:34:44.722">
  <concurrent-mark-start scanTarget="1048576" />
</concurrent-start>
<concurrent-end id="2038" type="GMP work packet processing" contextid="1969" timestamp="2019-07-07T05:34:44.722">
  <concurrent-mark-end bytesScanned="413984" reasonForTermination="Completed all work in GC phase" />
</concurrent-end>

<exclusive-end id="2039" timestamp="2019-07-07T05:34:44.723" durationms="1.220" />

<exclusive-start id="2040" timestamp="2019-07-07T05:34:44.782" intervalms="60.866">
  <response-info timems="0.132" idlems="0.132" threads="0" lastid="00000000020B9700" lastname="main" />
</exclusive-start>
<allocation-taxation id="2041" taxation-threshold="12582912" timestamp="2019-07-07T05:34:44.782" intervalms="60.926" />
<cycle-start id="2042" type="partial gc" contextid="0" timestamp="2019-07-07T05:34:44.783" intervalms="125.969" />
<gc-start id="2043" type="partial gc" contextid="2042" timestamp="2019-07-07T05:34:44.783">
  <mem-info id="2044" free="20971520" total="76546048" percent="27">
    <mem type="eden" free="0" total="25165824" percent="0" />
    <remembered-set count="115200" freebytes="2594688" totalbytes="3055488" percent="84" regionsoverflowed="0" regionsstable="0" regionsrebuilding="13"/>
  </mem-info>
</gc-start>
<allocation-stats totalBytes="25164816" >
  <allocated-bytes non-tlh="0" tlh="25164816" arrayletleaf="0"/>
  <largest-consumer threadName="main" threadId="00000000020B9700" bytes="12582472" />
</allocation-stats>
<gc-op id="2045" type="copy forward" timems="1.824" contextid="2042" timestamp="2019-07-07T05:34:44.786">
  <memory-copied type="eden" objects="4" bytes="120" bytesdiscarded="0" />
  <memory-copied type="other" objects="26" bytes="760" bytesdiscarded="0" />
  <memory-cardclean objects="80" bytes="3352" />
  <regions eden="24" other="2" />
  <remembered-set-cleared processed="113264" cleared="48" durationms="0.829" />
  <stringconstants candidates="13761" cleared="0"  />
</gc-op>
<gc-op id="2046" type="classunload" timems="0.004" contextid="2042" timestamp="2019-07-07T05:34:44.786">
  <classunload-info classloadercandidates="54" classloadersunloaded="0" classesunloaded="0" anonymousclassesunloaded="0" quiescems="0.000" setupms="0.004" scanms="0.000" postms="0.000" />
</gc-op>
<heap-resize id="2047" type="contract" space="default" amount="4194304" count="1" timems="0.066" reason="insufficient time being spent in gc" timestamp="2019-07-07T05:34:44.786" />
<gc-end id="2048" type="partial gc" contextid="2042" durationms="3.235" usertimems="4.000" systemtimems="0.000" timestamp="2019-07-07T05:34:44.786" activeThreads="1">
  <mem-info id="2049" free="40894464" total="72351744" percent="56">
    <mem type="eden" free="1048456" total="1048576" percent="99" />
    <remembered-set count="115552" freebytes="2593280" totalbytes="3055488" percent="84" regionsoverflowed="0" regionsstable="0" regionsrebuilding="13"/>
  </mem-info>
</gc-end>
<cycle-end id="2050" type="partial gc" contextid="2042" timestamp="2019-07-07T05:34:44.786" />
  <attribute name="elasticGC enabled" value="1" />
  <attribute name= "numThreadsSpecified" value="1" />
  <attribute name="heapSize specified" value="0" />
  <attribute name="Current GC Util" value="62" />
  <attribute name= "Current Time Running" value="14311" />
  <attribute name ="GC Interval" value="0" />
  <attribute name="ProportionalT" value="21.000000" />
  <attribute name="ProportionalI" value="21.000000" />
  <attribute name="ProportionalH" value="21.000000" />
  <attribute name="Current Error" value="42.000000" />
  <attribute name="IntegralT" value="0.000000" />
  <attribute name="IntegralI" value="0.000000" />
  <attribute name="IntegralH" value="0.000000" />
  <attribute name="DerivativeT" value="inf" />
  <attribute name="DerivativeI" value="inf" />
  <attribute name="DerivativeH" value="inf" />
  <attribute name="Loop Time for DT" value="0.000000" />
  <attribute name="Output H" value="8388608"/>
  <attribute name="Output I" value="200"/>
  <attribute name="Output T" value="1"/>
  <attribute name="Target GC Util Change" value ="20.000000" />
  <attribute name="Current GC Util Change" value="62.000000"/>
  <attribute name="GC Util currently" value="62" />
  <attribute name="CPU Util currently" value="14658421508245" />
<exclusive-end id="2051" timestamp="2019-07-07T05:34:44.787" durationms="4.453" />

<exclusive-start id="2052" timestamp="2019-07-07T05:34:45.159" intervalms="376.251">
  <response-info timems="0.070" idlems="0.070" threads="0" lastid="00000000020B9700" lastname="main" />
</exclusive-start>
<allocation-taxation id="2053" taxation-threshold="12582912" timestamp="2019-07-07T05:34:45.159" intervalms="376.291" />
<gc-start id="2054" type="global mark phase" contextid="1969" timestamp="2019-07-07T05:34:45.159">
  <mem-info id="2055" free="28311552" total="72351744" percent="39">
    <remembered-set count="115200" freebytes="2594688" totalbytes="3055488" percent="84" regionsoverflowed="0" regionsstable="0" regionsrebuilding="13"/>
  </mem-info>
</gc-start>
<gc-op id="2056" type="mark increment" timems="2.753" contextid="1969" timestamp="2019-07-07T05:34:45.162">
  <trace-info objectcount="1543" scancount="1525" scanbytes="186644" />
  <cardclean-info objects="23361" bytes="971436" />
  <finalization candidates="79" enqueued="0" />
  <ownableSynchronizers candidates="23" cleared="0" />
  <references type="soft" candidates="4692" cleared="922" enqueued="912" dynamicThreshold="18" maxThreshold="32" />
  <references type="weak" candidates="5581" cleared="0" enqueued="0" />
  <references type="phantom" candidates="101" cleared="0" enqueued="0" />
  <stringconstants candidates="13761" cleared="66"  />
</gc-op>
<gc-op id="2057" type="classunload" timems="0.009" contextid="1969" timestamp="2019-07-07T05:34:45.162">
  <classunload-info classloadercandidates="54" classloadersunloaded="0" classesunloaded="0" anonymousclassesunloaded="0" quiescems="0.000" setupms="0.009" scanms="0.000" postms="0.000" />
</gc-op>
<gc-end id="2058" type="global mark phase" contextid="1969" durationms="3.197" usertimems="8.000" systemtimems="0.000" timestamp="2019-07-07T05:34:45.162" activeThreads="4">
  <mem-info id="2059" free="28311552" total="72351744" percent="39">
    <pending-finalizers system="0" default="0" reference="912" classloader="0" />
    <remembered-set count="117760" freebytes="2584448" totalbytes="3055488" percent="84" regionsoverflowed="0" regionsstable="0" regionsrebuilding="0"/>
  </mem-info>
</gc-end>
<cycle-end id="2060" type="global mark phase" contextid="1969" timestamp="2019-07-07T05:34:45.162" />
  <attribute name="elasticGC enabled" value="1" />
  <attribute name= "numThreadsSpecified" value="4" />
  <attribute name="heapSize specified" value="0" />
  <attribute name="Current GC Util" value="64" />
  <attribute name= "Current Time Running" value="14688" />
  <attribute name ="GC Interval" value="0" />
  <attribute name="ProportionalT" value="22.000000" />
  <attribute name="ProportionalI" value="22.000000" />
  <attribute name="ProportionalH" value="22.000000" />
  <attribute name="Current Error" value="44.000000" />
  <attribute name="IntegralT" value="0.000000" />
  <attribute name="IntegralI" value="0.000000" />
  <attribute name="IntegralH" value="0.000000" />
  <attribute name="DerivativeT" value="-inf" />
  <attribute name="DerivativeI" value="-inf" />
  <attribute name="DerivativeH" value="-inf" />
  <attribute name="Loop Time for DT" value="0.000000" />
  <attribute name="Output H" value="2091843584"/>
  <attribute name="Output I" value="200"/>
  <attribute name="Output T" value="4"/>
  <attribute name="Target GC Util Change" value ="20.000000" />
  <attribute name="Current GC Util Change" value="64.000000"/>
  <attribute name="GC Util currently" value="64" />
  <attribute name="CPU Util currently" value="9696095417049" />
<exclusive-end id="2061" timestamp="2019-07-07T05:34:45.163" durationms="4.023" />

<exclusive-start id="2062" timestamp="2019-07-07T05:34:45.311" intervalms="152.529">
  <response-info timems="0.108" idlems="0.108" threads="0" lastid="00000000020B9700" lastname="main" />
</exclusive-start>
<allocation-taxation id="2063" taxation-threshold="12582912" timestamp="2019-07-07T05:34:45.311" intervalms="152.465" />
<cycle-start id="2064" type="partial gc" contextid="0" timestamp="2019-07-07T05:34:45.311" intervalms="528.794" />
<gc-start id="2065" type="partial gc" contextid="2064" timestamp="2019-07-07T05:34:45.312">
  <mem-info id="2066" free="15728640" total="72351744" percent="21">
    <mem type="eden" free="1048456" total="26214400" percent="3" />
    <remembered-set count="114976" freebytes="2595584" totalbytes="3055488" percent="84" regionsoverflowed="0" regionsstable="2" regionsrebuilding="0"/>
  </mem-info>
</gc-start>
<allocation-stats totalBytes="25162112" >
  <allocated-bytes non-tlh="0" tlh="25162112" arrayletleaf="0"/>
  <largest-consumer threadName="main" threadId="00000000020B9700" bytes="12541176" />
</allocation-stats>
<gc-op id="2067" type="sweep" timems="0.867" contextid="2064" timestamp="2019-07-07T05:34:45.313" />
<gc-op id="2068" type="copy forward" timems="1.970" contextid="2064" timestamp="2019-07-07T05:34:45.316">
  <memory-copied type="eden" objects="5" bytes="3864" bytesdiscarded="377" />
  <memory-copied type="other" objects="32" bytes="896" bytesdiscarded="47" />
  <memory-cardclean objects="1163" bytes="46992" />
  <regions eden="12" other="4" />
  <remembered-set-cleared processed="112579" cleared="207" durationms="0.472" />
  <stringconstants candidates="13695" cleared="0"  />
</gc-op>
<gc-op id="2069" type="classunload" timems="0.004" contextid="2064" timestamp="2019-07-07T05:34:45.316">
  <classunload-info classloadercandidates="54" classloadersunloaded="0" classesunloaded="0" anonymousclassesunloaded="0" quiescems="0.000" setupms="0.003" scanms="0.000" postms="0.000" />
</gc-op>
<heap-resize id="2070" type="contract" space="default" amount="4194304" count="1" timems="0.063" reason="insufficient time being spent in gc" timestamp="2019-07-07T05:34:45.317" />
<gc-end id="2071" type="partial gc" contextid="2064" durationms="4.770" usertimems="8.000" systemtimems="0.000" timestamp="2019-07-07T05:34:45.317" activeThreads="4">
  <mem-info id="2072" free="36700160" total="68157440" percent="53">
    <mem type="eden" free="1043552" total="1048576" percent="99" />
    <remembered-set count="115680" freebytes="2425344" totalbytes="2888064" percent="83" regionsoverflowed="0" regionsstable="2" regionsrebuilding="0"/>
  </mem-info>
</gc-end>
<cycle-end id="2073" type="partial gc" contextid="2064" timestamp="2019-07-07T05:34:45.317" />
  <attribute name="elasticGC enabled" value="1" />
  <attribute name= "numThreadsSpecified" value="4" />
  <attribute name="heapSize specified" value="0" />
  <attribute name="Current GC Util" value="50" />
  <attribute name= "Current Time Running" value="14841" />
  <attribute name ="GC Interval" value="0" />
  <attribute name="ProportionalT" value="15.000000" />
  <attribute name="ProportionalI" value="15.000000" />
  <attribute name="ProportionalH" value="15.000000" />
  <attribute name="Current Error" value="30.000000" />
  <attribute name="IntegralT" value="0.000000" />
  <attribute name="IntegralI" value="0.000000" />
  <attribute name="IntegralH" value="0.000000" />
  <attribute name="DerivativeT" value="-inf" />
  <attribute name="DerivativeI" value="-inf" />
  <attribute name="DerivativeH" value="-inf" />
  <attribute name="Loop Time for DT" value="0.000000" />
  <attribute name="Output H" value="2091843584"/>
  <attribute name="Output I" value="200"/>
  <attribute name="Output T" value="4"/>
  <attribute name="Target GC Util Change" value ="20.000000" />
  <attribute name="Current GC Util Change" value="50.000000"/>
  <attribute name="GC Util currently" value="50" />
  <attribute name="CPU Util currently" value="10352033488015" />
<exclusive-end id="2074" timestamp="2019-07-07T05:34:45.317" durationms="6.150" />

<exclusive-start id="2075" timestamp="2019-07-07T05:34:46.199" intervalms="888.049">
  <response-info timems="1.545" idlems="0.782" threads="1" lastid="00000000020BD300" lastname="JIT Compilation Thread-0" />
</exclusive-start>
<allocation-taxation id="2076" taxation-threshold="24117248" timestamp="2019-07-07T05:34:46.199" intervalms="888.102" />
<cycle-start id="2077" type="partial gc" contextid="0" timestamp="2019-07-07T05:34:46.200" intervalms="888.033" />
<gc-start id="2078" type="partial gc" contextid="2077" timestamp="2019-07-07T05:34:46.200">
  <mem-info id="2079" free="12582912" total="68157440" percent="18">
    <mem type="eden" free="0" total="24117248" percent="0" />
    <remembered-set count="112000" freebytes="2440064" totalbytes="2888064" percent="84" regionsoverflowed="0" regionsstable="4" regionsrebuilding="0"/>
  </mem-info>
</gc-start>
<allocation-stats totalBytes="24115848" >
  <allocated-bytes non-tlh="0" tlh="24115848" arrayletleaf="0"/>
  <largest-consumer threadName="main" threadId="00000000020B9700" bytes="24115848" />
</allocation-stats>
<gc-op id="2080" type="copy forward" timems="2.363" contextid="2077" timestamp="2019-07-07T05:34:46.203">
  <memory-copied type="eden" objects="45" bytes="1216" bytesdiscarded="104" />
  <memory-copied type="other" objects="31" bytes="4456" bytesdiscarded="448" />
  <memory-cardclean objects="29569" bytes="1062552" />
  <regions eden="23" other="3" />
  <remembered-set-cleared processed="102691" cleared="11950" durationms="0.503" />
  <references type="weak" candidates="2" cleared="0" enqueued="0" />
  <stringconstants candidates="13695" cleared="0"  />
</gc-op>
<gc-op id="2081" type="classunload" timems="0.004" contextid="2077" timestamp="2019-07-07T05:34:46.203">
  <classunload-info classloadercandidates="54" classloadersunloaded="0" classesunloaded="0" anonymousclassesunloaded="0" quiescems="0.000" setupms="0.003" scanms="0.000" postms="0.000" />
</gc-op>
<gc-end id="2082" type="partial gc" contextid="2077" durationms="3.695" usertimems="4.000" systemtimems="0.000" timestamp="2019-07-07T05:34:46.204" activeThreads="4">
  <mem-info id="2083" free="35651584" total="68157440" percent="52">
    <mem type="eden" free="1047256" total="1048576" percent="99" />
    <remembered-set count="97856" freebytes="2329216" totalbytes="2720640" percent="85" regionsoverflowed="0" regionsstable="4" regionsrebuilding="0"/>
  </mem-info>
</gc-end>
<cycle-end id="2084" type="partial gc" contextid="2077" timestamp="2019-07-07T05:34:46.204" />
  <attribute name="elasticGC enabled" value="1" />
  <attribute name= "numThreadsSpecified" value="4" />
  <attribute name="heapSize specified" value="0" />
  <attribute name="Current GC Util" value="54" />
  <attribute name= "Current Time Running" value="15728" />
  <attribute name ="GC Interval" value="0" />
  <attribute name="ProportionalT" value="17.000000" />
  <attribute name="ProportionalI" value="17.000000" />
  <attribute name="ProportionalH" value="17.000000" />
  <attribute name="Current Error" value="34.000000" />
  <attribute name="IntegralT" value="17.000000" />
  <attribute name="IntegralI" value="17.000000" />
  <attribute name="IntegralH" value="17.000000" />
  <attribute name="DerivativeT" value="34.000000" />
  <attribute name="DerivativeI" value="34.000000" />
  <attribute name="DerivativeH" value="34.000000" />
  <attribute name="Loop Time for DT" value="1.000000" />
  <attribute name="Output H" value="8388608"/>
  <attribute name="Output I" value="200"/>
  <attribute name="Output T" value="4"/>
  <attribute name="Target GC Util Change" value ="20.000000" />
  <attribute name="Current GC Util Change" value="54.000000"/>
  <attribute name="GC Util currently" value="54" />
  <attribute name="CPU Util currently" value="9924861167923" />
<exclusive-end id="2085" timestamp="2019-07-07T05:34:46.204" durationms="4.808" />

<exclusive-start id="2086" timestamp="2019-07-07T05:34:46.264" intervalms="64.539">
  <response-info timems="0.023" idlems="0.023" threads="0" lastid="00000000020B9700" lastname="main" />
</exclusive-start>
<allocation-taxation id="2087" taxation-threshold="24117248" timestamp="2019-07-07T05:34:46.264" intervalms="64.449" />
<cycle-start id="2088" type="partial gc" contextid="0" timestamp="2019-07-07T05:34:46.264" intervalms="64.446" />
<gc-start id="2089" type="partial gc" contextid="2088" timestamp="2019-07-07T05:34:46.264">
  <mem-info id="2090" free="11534336" total="68157440" percent="16">
    <mem type="eden" free="0" total="24117248" percent="0" />
    <remembered-set count="97600" freebytes="2330240" totalbytes="2720640" percent="85" regionsoverflowed="0" regionsstable="4" regionsrebuilding="0"/>
  </mem-info>
</gc-start>
<allocation-stats totalBytes="24115384" >
  <allocated-bytes non-tlh="0" tlh="24115384" arrayletleaf="0"/>
  <largest-consumer threadName="main" threadId="00000000020B9700" bytes="24115384" />
</allocation-stats>
<gc-op id="2091" type="copy forward" timems="1.480" contextid="2088" timestamp="2019-07-07T05:34:46.266">
  <memory-copied type="eden" objects="2" bytes="48" bytesdiscarded="0" />
  <memory-copied type="other" objects="49" bytes="1328" bytesdiscarded="0" />
  <memory-cardclean objects="68" bytes="11104" />
  <regions eden="23" other="2" />
  <remembered-set-cleared processed="95175" cleared="53" durationms="0.707" />
  <references type="weak" candidates="2" cleared="0" enqueued="0" />
  <stringconstants candidates="13695" cleared="0"  />
</gc-op>
<gc-op id="2092" type="classunload" timems="0.003" contextid="2088" timestamp="2019-07-07T05:34:46.266">
  <classunload-info classloadercandidates="54" classloadersunloaded="0" classesunloaded="0" anonymousclassesunloaded="0" quiescems="0.000" setupms="0.003" scanms="0.000" postms="0.000" />
</gc-op>
<heap-resize id="2093" type="contract" space="default" amount="4194304" count="1" timems="0.053" reason="insufficient time being spent in gc" timestamp="2019-07-07T05:34:46.267" />
<gc-end id="2094" type="partial gc" contextid="2088" durationms="2.705" usertimems="0.000" systemtimems="4.000" timestamp="2019-07-07T05:34:46.267" activeThreads="1">
  <mem-info id="2095" free="30408704" total="63963136" percent="47">
    <mem type="eden" free="1048528" total="1048576" percent="99" />
    <remembered-set count="97696" freebytes="2329856" totalbytes="2720640" percent="85" regionsoverflowed="0" regionsstable="4" regionsrebuilding="0"/>
  </mem-info>
</gc-end>
<cycle-end id="2096" type="partial gc" contextid="2088" timestamp="2019-07-07T05:34:46.267" />
  <attribute name="elasticGC enabled" value="1" />
  <attribute name= "numThreadsSpecified" value="1" />
  <attribute name="heapSize specified" value="0" />
  <attribute name="Current GC Util" value="67" />
  <attribute name= "Current Time Running" value="15792" />
  <attribute name ="GC Interval" value="0" />
  <attribute name="ProportionalT" value="23.500000" />
  <attribute name="ProportionalI" value="23.500000" />
  <attribute name="ProportionalH" value="23.500000" />
  <attribute name="Current Error" value="47.000000" />
  <attribute name="IntegralT" value="0.000000" />
  <attribute name="IntegralI" value="0.000000" />
  <attribute name="IntegralH" value="0.000000" />
  <attribute name="DerivativeT" value="inf" />
  <attribute name="DerivativeI" value="inf" />
  <attribute name="DerivativeH" value="inf" />
  <attribute name="Loop Time for DT" value="0.000000" />
  <attribute name="Output H" value="8388608"/>
  <attribute name="Output I" value="200"/>
  <attribute name="Output T" value="1"/>
  <attribute name="Target GC Util Change" value ="20.000000" />
  <attribute name="Current GC Util Change" value="67.000000"/>
  <attribute name="GC Util currently" value="67" />
  <attribute name="CPU Util currently" value="20028342077685" />
<exclusive-end id="2097" timestamp="2019-07-07T05:34:46.267" durationms="3.679" />

<exclusive-start id="2098" timestamp="2019-07-07T05:34:46.346" intervalms="82.814">
  <response-info timems="0.128" idlems="0.128" threads="0" lastid="00000000020B9700" lastname="main" />
</exclusive-start>
<allocation-taxation id="2099" taxation-threshold="23068672" timestamp="2019-07-07T05:34:46.347" intervalms="82.848" />
<cycle-start id="2100" type="partial gc" contextid="0" timestamp="2019-07-07T05:34:46.347" intervalms="82.836" />
<gc-start id="2101" type="partial gc" contextid="2100" timestamp="2019-07-07T05:34:46.347">
  <mem-info id="2102" free="7340032" total="63963136" percent="11">
    <mem type="eden" free="1048528" total="24117248" percent="4" />
    <remembered-set count="97536" freebytes="2330496" totalbytes="2720640" percent="85" regionsoverflowed="0" regionsstable="4" regionsrebuilding="0"/>
  </mem-info>
</gc-start>
<allocation-stats totalBytes="23066856" >
  <allocated-bytes non-tlh="0" tlh="23066856" arrayletleaf="0"/>
  <largest-consumer threadName="main" threadId="00000000020B9700" bytes="23066856" />
</allocation-stats>
<gc-op id="2103" type="copy forward" timems="1.467" contextid="2100" timestamp="2019-07-07T05:34:46.349">
  <memory-copied type="eden" objects="34" bytes="984" bytesdiscarded="0" />
  <memory-copied type="other" objects="15" bytes="344" bytesdiscarded="352" />
  <memory-cardclean objects="129" bytes="5000" />
  <regions eden="22" other="3" />
  <remembered-set-cleared processed="95179" cleared="62" durationms="0.687" />
  <stringconstants candidates="13695" cleared="0"  />
</gc-op>
<gc-op id="2104" type="classunload" timems="0.003" contextid="2100" timestamp="2019-07-07T05:34:46.349">
  <classunload-info classloadercandidates="54" classloadersunloaded="0" classesunloaded="0" anonymousclassesunloaded="0" quiescems="0.000" setupms="0.003" scanms="0.000" postms="0.000" />
</gc-op>
<heap-resize id="2105" type="contract" space="default" amount="4194304" count="1" timems="0.052" reason="insufficient time being spent in gc" timestamp="2019-07-07T05:34:46.350" />
<gc-end id="2106" type="partial gc" contextid="2100" durationms="2.806" usertimems="8.000" systemtimems="0.000" timestamp="2019-07-07T05:34:46.350" activeThreads="1">
  <mem-info id="2107" free="27262976" total="59768832" percent="45">
    <mem type="eden" free="1047592" total="1048576" percent="99" />
    <remembered-set count="96960" freebytes="2165376" totalbytes="2553216" percent="84" regionsoverflowed="0" regionsstable="4" regionsrebuilding="0"/>
  </mem-info>
</gc-end>
<cycle-end id="2108" type="partial gc" contextid="2100" timestamp="2019-07-07T05:34:46.350" />
  <attribute name="elasticGC enabled" value="1" />
  <attribute name= "numThreadsSpecified" value="1" />
  <attribute name="heapSize specified" value="0" />
  <attribute name="Current GC Util" value="58" />
  <attribute name= "Current Time Running" value="15875" />
  <attribute name ="GC Interval" value="0" />
  <attribute name="ProportionalT" value="19.000000" />
  <attribute name="ProportionalI" value="19.000000" />
  <attribute name="ProportionalH" value="19.000000" />
  <attribute name="Current Error" value="38.000000" />
  <attribute name="IntegralT" value="0.000000" />
  <attribute name="IntegralI" value="0.000000" />
  <attribute name="IntegralH" value="0.000000" />
  <attribute name="DerivativeT" value="inf" />
  <attribute name="DerivativeI" value="inf" />
  <attribute name="DerivativeH" value="inf" />
  <attribute name="Loop Time for DT" value="0.000000" />
  <attribute name="Output H" value="8388608"/>
  <attribute name="Output I" value="200"/>
  <attribute name="Output T" value="1"/>
  <attribute name="Target GC Util Change" value ="20.000000" />
  <attribute name="Current GC Util Change" value="58.000000"/>
  <attribute name="GC Util currently" value="58" />
  <attribute name="CPU Util currently" value="11117077133120" />
<exclusive-end id="2109" timestamp="2019-07-07T05:34:46.350" durationms="3.775" />

<exclusive-start id="2110" timestamp="2019-07-07T05:34:46.386" intervalms="39.571">
  <response-info timems="0.193" idlems="0.193" threads="0" lastid="00000000020B9700" lastname="main" />
</exclusive-start>
<allocation-taxation id="2111" taxation-threshold="10485760" timestamp="2019-07-07T05:34:46.386" intervalms="39.564" />
<cycle-start id="2112" type="global mark phase" contextid="0" timestamp="2019-07-07T05:34:46.386" intervalms="1929.211" />
<gc-start id="2113" type="global mark phase" contextid="2112" timestamp="2019-07-07T05:34:46.386">
  <mem-info id="2114" free="16777216" total="59768832" percent="28">
    <remembered-set count="94816" freebytes="2173952" totalbytes="2553216" percent="85" regionsoverflowed="0" regionsstable="6" regionsrebuilding="0"/>
  </mem-info>
</gc-start>
<gc-op id="2115" type="mark increment" timems="1.259" contextid="2112" timestamp="2019-07-07T05:34:46.388">
  <trace-info objectcount="10862" scancount="2829" scanbytes="129268" />
</gc-op>
<gc-end id="2116" type="global mark phase" contextid="2112" durationms="1.469" usertimems="4.000" systemtimems="0.000" timestamp="2019-07-07T05:34:46.388" activeThreads="4">
  <mem-info id="2117" free="16777216" total="59768832" percent="28">
    <remembered-set count="94816" freebytes="2173952" totalbytes="2553216" percent="85" regionsoverflowed="0" regionsstable="0" regionsrebuilding="6"/>
  </mem-info>
</gc-end>
<concurrent-start id="2118" type="GMP work packet processing" contextid="2112" timestamp="2019-07-07T05:34:46.388">
  <concurrent-mark-start scanTarget="1178417" />
</concurrent-start>
<concurrent-end id="2119" type="GMP work packet processing" contextid="2112" timestamp="2019-07-07T05:34:46.389">
  <concurrent-mark-end bytesScanned="1238952" reasonForTermination="Work target met" />
</concurrent-end>

<exclusive-end id="2120" timestamp="2019-07-07T05:34:46.389" durationms="3.061" />

<exclusive-start id="2121" timestamp="2019-07-07T05:34:46.424" intervalms="38.359">
  <response-info timems="0.067" idlems="0.067" threads="0" lastid="00000000020B9700" lastname="main" />
</exclusive-start>
<allocation-taxation id="2122" taxation-threshold="10485760" timestamp="2019-07-07T05:34:46.425" intervalms="38.373" />
<cycle-start id="2123" type="partial gc" contextid="0" timestamp="2019-07-07T05:34:46.425" intervalms="77.933" />
<gc-start id="2124" type="partial gc" contextid="2123" timestamp="2019-07-07T05:34:46.425">
  <mem-info id="2125" free="6291456" total="59768832" percent="10">
    <mem type="eden" free="0" total="20971520" percent="0" />
    <remembered-set count="94816" freebytes="2173952" totalbytes="2553216" percent="85" regionsoverflowed="0" regionsstable="0" regionsrebuilding="6"/>
  </mem-info>
</gc-start>
<allocation-stats totalBytes="20970096" >
  <allocated-bytes non-tlh="0" tlh="20970096" arrayletleaf="0"/>
  <largest-consumer threadName="main" threadId="00000000020B9700" bytes="10485112" />
</allocation-stats>
<gc-op id="2126" type="copy forward" timems="1.652" contextid="2123" timestamp="2019-07-07T05:34:46.428">
  <memory-copied type="eden" objects="13" bytes="352" bytesdiscarded="0" />
  <memory-copied type="other" objects="27" bytes="784" bytesdiscarded="0" />
  <memory-cardclean objects="75" bytes="3248" />
  <regions eden="20" other="2" />
  <remembered-set-cleared processed="93482" cleared="55" durationms="0.665" />
  <stringconstants candidates="13695" cleared="0"  />
</gc-op>
<gc-op id="2127" type="classunload" timems="0.004" contextid="2123" timestamp="2019-07-07T05:34:46.428">
  <classunload-info classloadercandidates="54" classloadersunloaded="0" classesunloaded="0" anonymousclassesunloaded="0" quiescems="0.000" setupms="0.004" scanms="0.000" postms="0.000" />
</gc-op>
<gc-end id="2128" type="partial gc" contextid="2123" durationms="2.952" usertimems="0.000" systemtimems="4.000" timestamp="2019-07-07T05:34:46.428" activeThreads="1">
  <mem-info id="2129" free="26214400" total="59768832" percent="43">
    <mem type="eden" free="1048224" total="1048576" percent="99" />
    <remembered-set count="95104" freebytes="2005376" totalbytes="2385792" percent="84" regionsoverflowed="0" regionsstable="0" regionsrebuilding="6"/>
  </mem-info>
</gc-end>
<cycle-end id="2130" type="partial gc" contextid="2123" timestamp="2019-07-07T05:34:46.428" />
  <attribute name="elasticGC enabled" value="1" />
  <attribute name= "numThreadsSpecified" value="1" />
  <attribute name="heapSize specified" value="0" />
  <attribute name="Current GC Util" value="48" />
  <attribute name= "Current Time Running" value="15953" />
  <attribute name ="GC Interval" value="0" />
  <attribute name="ProportionalT" value="14.000000" />
  <attribute name="ProportionalI" value="14.000000" />
  <attribute name="ProportionalH" value="14.000000" />
  <attribute name="Current Error" value="28.000000" />
  <attribute name="IntegralT" value="0.000000" />
  <attribute name="IntegralI" value="0.000000" />
  <attribute name="IntegralH" value="0.000000" />
  <attribute name="DerivativeT" value="inf" />
  <attribute name="DerivativeI" value="inf" />
  <attribute name="DerivativeH" value="inf" />
  <attribute name="Loop Time for DT" value="0.000000" />
  <attribute name="Output H" value="8388608"/>
  <attribute name="Output I" value="200"/>
  <attribute name="Output T" value="1"/>
  <attribute name="Target GC Util Change" value ="20.000000" />
  <attribute name="Current GC Util Change" value="48.000000"/>
  <attribute name="GC Util currently" value="48" />
  <attribute name="CPU Util currently" value="11008959090401" />
<exclusive-end id="2131" timestamp="2019-07-07T05:34:46.428" durationms="4.015" />

<exclusive-start id="2132" timestamp="2019-07-07T05:34:46.464" intervalms="39.137">
  <response-info timems="0.060" idlems="0.060" threads="0" lastid="00000000020B9700" lastname="main" />
</exclusive-start>
<allocation-taxation id="2133" taxation-threshold="10485760" timestamp="2019-07-07T05:34:46.464" intervalms="39.112" />
<gc-start id="2134" type="global mark phase" contextid="2112" timestamp="2019-07-07T05:34:46.464">
  <mem-info id="2135" free="15728640" total="59768832" percent="26">
    <remembered-set count="94848" freebytes="2006400" totalbytes="2385792" percent="84" regionsoverflowed="0" regionsstable="0" regionsrebuilding="6"/>
  </mem-info>
</gc-start>
<gc-end id="2136" type="global mark phase" contextid="2112" durationms="0.124" usertimems="0.000" systemtimems="0.000" timestamp="2019-07-07T05:34:46.464" activeThreads="1">
  <mem-info id="2137" free="15728640" total="59768832" percent="26">
    <remembered-set count="94848" freebytes="2006400" totalbytes="2385792" percent="84" regionsoverflowed="0" regionsstable="0" regionsrebuilding="6"/>
  </mem-info>
</gc-end>
<concurrent-start id="2138" type="GMP work packet processing" contextid="2112" timestamp="2019-07-07T05:34:46.464">
  <concurrent-mark-start scanTarget="4419064" />
</concurrent-start>
<concurrent-end id="2139" type="GMP work packet processing" contextid="2112" timestamp="2019-07-07T05:34:46.466">
  <concurrent-mark-end bytesScanned="4458344" reasonForTermination="Work target met" />
</concurrent-end>

<exclusive-end id="2140" timestamp="2019-07-07T05:34:46.467" durationms="3.017" />

<exclusive-start id="2141" timestamp="2019-07-07T05:34:46.522" intervalms="58.351">
  <response-info timems="0.077" idlems="0.077" threads="0" lastid="00000000020B9700" lastname="main" />
</exclusive-start>
<allocation-taxation id="2142" taxation-threshold="10485760" timestamp="2019-07-07T05:34:46.522" intervalms="58.354" />
<cycle-start id="2143" type="partial gc" contextid="0" timestamp="2019-07-07T05:34:46.522" intervalms="97.441" />
<gc-start id="2144" type="partial gc" contextid="2143" timestamp="2019-07-07T05:34:46.522">
  <mem-info id="2145" free="5242880" total="59768832" percent="8">
    <mem type="eden" free="1048224" total="22020096" percent="4" />
    <remembered-set count="97120" freebytes="1997312" totalbytes="2385792" percent="83" regionsoverflowed="0" regionsstable="0" regionsrebuilding="6"/>
  </mem-info>
</gc-start>
<allocation-stats totalBytes="20970136" >
  <allocated-bytes non-tlh="0" tlh="20970136" arrayletleaf="0"/>
  <largest-consumer threadName="main" threadId="00000000020B9700" bytes="10485112" />
</allocation-stats>
<gc-op id="2146" type="copy forward" timems="1.786" contextid="2143" timestamp="2019-07-07T05:34:46.525">
  <memory-copied type="eden" objects="37" bytes="1128" bytesdiscarded="0" />
  <memory-copied type="other" objects="7" bytes="160" bytesdiscarded="0" />
  <memory-cardclean objects="98" bytes="3872" />
  <regions eden="20" other="2" />
  <remembered-set-cleared processed="94770" cleared="56" durationms="0.746" />
  <stringconstants candidates="13695" cleared="0"  />
</gc-op>
<gc-op id="2147" type="classunload" timems="0.005" contextid="2143" timestamp="2019-07-07T05:34:46.525">
  <classunload-info classloadercandidates="54" classloadersunloaded="0" classesunloaded="0" anonymousclassesunloaded="0" quiescems="0.000" setupms="0.004" scanms="0.000" postms="0.000" />
</gc-op>
<gc-end id="2148" type="partial gc" contextid="2143" durationms="2.857" usertimems="0.000" systemtimems="4.000" timestamp="2019-07-07T05:34:46.525" activeThreads="1">
  <mem-info id="2149" free="26214400" total="59768832" percent="43">
    <mem type="eden" free="1047448" total="1048576" percent="99" />
    <remembered-set count="97376" freebytes="1996288" totalbytes="2385792" percent="83" regionsoverflowed="0" regionsstable="0" regionsrebuilding="6"/>
  </mem-info>
</gc-end>
<cycle-end id="2150" type="partial gc" contextid="2143" timestamp="2019-07-07T05:34:46.525" />
  <attribute name="elasticGC enabled" value="1" />
  <attribute name= "numThreadsSpecified" value="1" />
  <attribute name="heapSize specified" value="0" />
  <attribute name="Current GC Util" value="62" />
  <attribute name= "Current Time Running" value="16050" />
  <attribute name ="GC Interval" value="0" />
  <attribute name="ProportionalT" value="21.000000" />
  <attribute name="ProportionalI" value="21.000000" />
  <attribute name="ProportionalH" value="21.000000" />
  <attribute name="Current Error" value="42.000000" />
  <attribute name="IntegralT" value="0.000000" />
  <attribute name="IntegralI" value="0.000000" />
  <attribute name="IntegralH" value="0.000000" />
  <attribute name="DerivativeT" value="inf" />
  <attribute name="DerivativeI" value="inf" />
  <attribute name="DerivativeH" value="inf" />
  <attribute name="Loop Time for DT" value="0.000000" />
  <attribute name="Output H" value="8388608"/>
  <attribute name="Output I" value="200"/>
  <attribute name="Output T" value="1"/>
  <attribute name="Target GC Util Change" value ="20.000000" />
  <attribute name="Current GC Util Change" value="62.000000"/>
  <attribute name="GC Util currently" value="62" />
  <attribute name="CPU Util currently" value="17799552239045" />
<exclusive-end id="2151" timestamp="2019-07-07T05:34:46.526" durationms="3.797" />

<exclusive-start id="2152" timestamp="2019-07-07T05:34:46.575" intervalms="53.588">
  <response-info timems="0.086" idlems="0.086" threads="0" lastid="00000000020B9700" lastname="main" />
</exclusive-start>
<allocation-taxation id="2153" taxation-threshold="10485760" timestamp="2019-07-07T05:34:46.576" intervalms="53.583" />
<gc-start id="2154" type="global mark phase" contextid="2112" timestamp="2019-07-07T05:34:46.576">
  <mem-info id="2155" free="15728640" total="59768832" percent="26">
    <remembered-set count="97088" freebytes="1997440" totalbytes="2385792" percent="83" regionsoverflowed="0" regionsstable="0" regionsrebuilding="6"/>
  </mem-info>
</gc-start>
<gc-end id="2156" type="global mark phase" contextid="2112" durationms="0.105" usertimems="0.000" systemtimems="0.000" timestamp="2019-07-07T05:34:46.576" activeThreads="1">
  <mem-info id="2157" free="15728640" total="59768832" percent="26">
    <remembered-set count="97088" freebytes="1997440" totalbytes="2385792" percent="83" regionsoverflowed="0" regionsstable="0" regionsrebuilding="6"/>
  </mem-info>
</gc-end>
<concurrent-start id="2158" type="GMP work packet processing" contextid="2112" timestamp="2019-07-07T05:34:46.576">
  <concurrent-mark-start scanTarget="2062230" />
</concurrent-start>
<concurrent-end id="2159" type="GMP work packet processing" contextid="2112" timestamp="2019-07-07T05:34:46.578">
  <concurrent-mark-end bytesScanned="2108588" reasonForTermination="Work target met" />
</concurrent-end>

<exclusive-end id="2160" timestamp="2019-07-07T05:34:46.578" durationms="2.196" />

<exclusive-start id="2161" timestamp="2019-07-07T05:34:46.622" intervalms="47.030">
  <response-info timems="0.162" idlems="0.162" threads="0" lastid="00000000020B9700" lastname="main" />
</exclusive-start>
<allocation-taxation id="2162" taxation-threshold="10485760" timestamp="2019-07-07T05:34:46.623" intervalms="47.011" />
<cycle-start id="2163" type="partial gc" contextid="0" timestamp="2019-07-07T05:34:46.623" intervalms="100.587" />
<gc-start id="2164" type="partial gc" contextid="2163" timestamp="2019-07-07T05:34:46.623">
  <mem-info id="2165" free="5242880" total="59768832" percent="8">
    <mem type="eden" free="0" total="20971520" percent="0" />
    <remembered-set count="97184" freebytes="1997056" totalbytes="2385792" percent="83" regionsoverflowed="0" regionsstable="0" regionsrebuilding="6"/>
  </mem-info>
</gc-start>
<allocation-stats totalBytes="20969872" >
  <allocated-bytes non-tlh="0" tlh="20969872" arrayletleaf="0"/>
  <largest-consumer threadName="main" threadId="00000000020B9700" bytes="10484952" />
</allocation-stats>
<gc-op id="2166" type="copy forward" timems="1.704" contextid="2163" timestamp="2019-07-07T05:34:46.625">
  <memory-copied type="eden" objects="8" bytes="224" bytesdiscarded="0" />
  <memory-copied type="other" objects="29" bytes="1392" bytesdiscarded="0" />
  <memory-cardclean objects="49" bytes="1928" />
  <regions eden="20" other="2" />
  <remembered-set-cleared processed="94954" cleared="28" durationms="0.697" />
  <stringconstants candidates="13695" cleared="0"  />
</gc-op>
<gc-op id="2167" type="classunload" timems="0.004" contextid="2163" timestamp="2019-07-07T05:34:46.626">
  <classunload-info classloadercandidates="54" classloadersunloaded="0" classesunloaded="0" anonymousclassesunloaded="0" quiescems="0.000" setupms="0.004" scanms="0.000" postms="0.000" />
</gc-op>
<gc-end id="2168" type="partial gc" contextid="2163" durationms="2.769" usertimems="4.000" systemtimems="0.000" timestamp="2019-07-07T05:34:46.626" activeThreads="1">
  <mem-info id="2169" free="25165824" total="59768832" percent="42">
    <mem type="eden" free="1048352" total="1048576" percent="99" />
    <remembered-set count="97600" freebytes="1995392" totalbytes="2385792" percent="83" regionsoverflowed="0" regionsstable="0" regionsrebuilding="6"/>
  </mem-info>
</gc-end>
<cycle-end id="2170" type="partial gc" contextid="2163" timestamp="2019-07-07T05:34:46.626" />
  <attribute name="elasticGC enabled" value="1" />
  <attribute name= "numThreadsSpecified" value="1" />
  <attribute name="heapSize specified" value="0" />
  <attribute name="Current GC Util" value="66" />
  <attribute name= "Current Time Running" value="16151" />
  <attribute name ="GC Interval" value="0" />
  <attribute name="ProportionalT" value="23.000000" />
  <attribute name="ProportionalI" value="23.000000" />
  <attribute name="ProportionalH" value="23.000000" />
  <attribute name="Current Error" value="46.000000" />
  <attribute name="IntegralT" value="0.000000" />
  <attribute name="IntegralI" value="0.000000" />
  <attribute name="IntegralH" value="0.000000" />
  <attribute name="DerivativeT" value="inf" />
  <attribute name="DerivativeI" value="inf" />
  <attribute name="DerivativeH" value="inf" />
  <attribute name="Loop Time for DT" value="0.000000" />
  <attribute name="Output H" value="8388608"/>
  <attribute name="Output I" value="200"/>
  <attribute name="Output T" value="1"/>
  <attribute name="Target GC Util Change" value ="20.000000" />
  <attribute name="Current GC Util Change" value="66.000000"/>
  <attribute name="GC Util currently" value="66" />
  <attribute name="CPU Util currently" value="18834124224927" />
<exclusive-end id="2171" timestamp="2019-07-07T05:34:46.626" durationms="3.668" />

<exclusive-start id="2172" timestamp="2019-07-07T05:34:46.671" intervalms="48.837">
  <response-info timems="0.075" idlems="0.075" threads="0" lastid="00000000020B9700" lastname="main" />
</exclusive-start>
<allocation-taxation id="2173" taxation-threshold="10485760" timestamp="2019-07-07T05:34:46.671" intervalms="48.857" />
<gc-start id="2174" type="global mark phase" contextid="2112" timestamp="2019-07-07T05:34:46.672">
  <mem-info id="2175" free="14680064" total="59768832" percent="24">
    <remembered-set count="97216" freebytes="1996928" totalbytes="2385792" percent="83" regionsoverflowed="0" regionsstable="0" regionsrebuilding="6"/>
  </mem-info>
</gc-start>
<gc-end id="2176" type="global mark phase" contextid="2112" durationms="0.066" usertimems="0.000" systemtimems="0.000" timestamp="2019-07-07T05:34:46.672" activeThreads="1">
  <mem-info id="2177" free="14680064" total="59768832" percent="24">
    <remembered-set count="97216" freebytes="1996928" totalbytes="2385792" percent="83" regionsoverflowed="0" regionsstable="0" regionsrebuilding="6"/>
  </mem-info>
</gc-end>
<concurrent-start id="2178" type="GMP work packet processing" contextid="2112" timestamp="2019-07-07T05:34:46.672">
  <concurrent-mark-start scanTarget="2062230" />
</concurrent-start>
<concurrent-end id="2179" type="GMP work packet processing" contextid="2112" timestamp="2019-07-07T05:34:46.673">
  <concurrent-mark-end bytesScanned="2089044" reasonForTermination="Work target met" />
</concurrent-end>

<exclusive-end id="2180" timestamp="2019-07-07T05:34:46.673" durationms="1.794" />

<exclusive-start id="2181" timestamp="2019-07-07T05:34:46.718" intervalms="47.175">
  <response-info timems="0.103" idlems="0.103" threads="0" lastid="00000000020B9700" lastname="main" />
</exclusive-start>
<allocation-taxation id="2182" taxation-threshold="10485760" timestamp="2019-07-07T05:34:46.719" intervalms="47.174" />
<cycle-start id="2183" type="partial gc" contextid="0" timestamp="2019-07-07T05:34:46.719" intervalms="96.036" />
<gc-start id="2184" type="partial gc" contextid="2183" timestamp="2019-07-07T05:34:46.719">
  <mem-info id="2185" free="4194304" total="59768832" percent="7">
    <mem type="eden" free="1048352" total="22020096" percent="4" />
    <remembered-set count="99744" freebytes="1986816" totalbytes="2385792" percent="83" regionsoverflowed="0" regionsstable="0" regionsrebuilding="6"/>
  </mem-info>
</gc-start>
<allocation-stats totalBytes="20969968" >
  <allocated-bytes non-tlh="0" tlh="20969968" arrayletleaf="0"/>
  <largest-consumer threadName="main" threadId="00000000020B9700" bytes="10485016" />
</allocation-stats>
<gc-op id="2186" type="copy forward" timems="5.857" contextid="2183" timestamp="2019-07-07T05:34:46.726">
  <memory-copied type="eden" objects="11" bytes="304" bytesdiscarded="0" />
  <memory-copied type="other" objects="9909" bytes="884016" bytesdiscarded="352" />
  <memory-cardclean objects="16912" bytes="931888" />
  <regions eden="20" other="4" />
  <remembered-set-cleared processed="95462" cleared="6357" durationms="0.756" />
  <finalization candidates="9" enqueued="0" />
  <ownableSynchronizers candidates="16" cleared="0" />
  <references type="soft" candidates="2" cleared="0" enqueued="0" dynamicThreshold="7" maxThreshold="32" />
  <references type="weak" candidates="211" cleared="0" enqueued="0" />
  <references type="phantom" candidates="29" cleared="0" enqueued="0" />
  <stringconstants candidates="13695" cleared="0"  />
</gc-op>
<gc-op id="2187" type="classunload" timems="0.010" contextid="2183" timestamp="2019-07-07T05:34:46.726">
  <classunload-info classloadercandidates="54" classloadersunloaded="0" classesunloaded="0" anonymousclassesunloaded="0" quiescems="0.000" setupms="0.010" scanms="0.000" postms="0.000" />
</gc-op>
<heap-resize id="2188" type="contract" space="default" amount="3145728" count="1" timems="0.265" reason="insufficient time being spent in gc" timestamp="2019-07-07T05:34:46.726" />
<gc-end id="2189" type="partial gc" contextid="2183" durationms="7.219" usertimems="16.000" systemtimems="4.000" timestamp="2019-07-07T05:34:46.726" activeThreads="1">
  <mem-info id="2190" free="24117248" total="56623104" percent="42">
    <mem type="eden" free="1048272" total="1048576" percent="99" />
    <remembered-set count="100256" freebytes="1984768" totalbytes="2385792" percent="83" regionsoverflowed="0" regionsstable="0" regionsrebuilding="6"/>
  </mem-info>
</gc-end>
<cycle-end id="2191" type="partial gc" contextid="2183" timestamp="2019-07-07T05:34:46.726" />
  <attribute name="elasticGC enabled" value="1" />
  <attribute name= "numThreadsSpecified" value="1" />
  <attribute name="heapSize specified" value="0" />
  <attribute name="Current GC Util" value="71" />
  <attribute name= "Current Time Running" value="16247" />
  <attribute name ="GC Interval" value="0" />
  <attribute name="ProportionalT" value="25.500000" />
  <attribute name="ProportionalI" value="25.500000" />
  <attribute name="ProportionalH" value="25.500000" />
  <attribute name="Current Error" value="51.000000" />
  <attribute name="IntegralT" value="0.000000" />
  <attribute name="IntegralI" value="0.000000" />
  <attribute name="IntegralH" value="0.000000" />
  <attribute name="DerivativeT" value="inf" />
  <attribute name="DerivativeI" value="inf" />
  <attribute name="DerivativeH" value="inf" />
  <attribute name="Loop Time for DT" value="0.000000" />
  <attribute name="Output H" value="8388608"/>
  <attribute name="Output I" value="200"/>
  <attribute name="Output T" value="1"/>
  <attribute name="Target GC Util Change" value ="20.000000" />
  <attribute name="Current GC Util Change" value="71.000000"/>
  <attribute name="GC Util currently" value="71" />
  <attribute name="CPU Util currently" value="20194806399177" />
<exclusive-end id="2192" timestamp="2019-07-07T05:34:46.727" durationms="8.126" />

<exclusive-start id="2193" timestamp="2019-07-07T05:34:46.772" intervalms="53.733">
  <response-info timems="0.073" idlems="0.073" threads="0" lastid="00000000020B9700" lastname="main" />
</exclusive-start>
<allocation-taxation id="2194" taxation-threshold="10485760" timestamp="2019-07-07T05:34:46.772" intervalms="53.718" />
<gc-start id="2195" type="global mark phase" contextid="2112" timestamp="2019-07-07T05:34:46.773">
  <mem-info id="2196" free="13631488" total="56623104" percent="24">
    <remembered-set count="100224" freebytes="1984896" totalbytes="2385792" percent="83" regionsoverflowed="0" regionsstable="0" regionsrebuilding="6"/>
  </mem-info>
</gc-start>
<gc-end id="2197" type="global mark phase" contextid="2112" durationms="0.099" usertimems="0.000" systemtimems="0.000" timestamp="2019-07-07T05:34:46.773" activeThreads="1">
  <mem-info id="2198" free="13631488" total="56623104" percent="24">
    <remembered-set count="100224" freebytes="1984896" totalbytes="2385792" percent="83" regionsoverflowed="0" regionsstable="0" regionsrebuilding="6"/>
  </mem-info>
</gc-end>
<concurrent-start id="2199" type="GMP work packet processing" contextid="2112" timestamp="2019-07-07T05:34:46.773">
  <concurrent-mark-start scanTarget="1048576" />
</concurrent-start>
<concurrent-end id="2200" type="GMP work packet processing" contextid="2112" timestamp="2019-07-07T05:34:46.773">
  <concurrent-mark-end bytesScanned="1101376" reasonForTermination="Work target met" />
</concurrent-end>

<exclusive-end id="2201" timestamp="2019-07-07T05:34:46.774" durationms="1.364" />

<exclusive-start id="2202" timestamp="2019-07-07T05:34:47.201" intervalms="428.988">
  <response-info timems="0.065" idlems="0.065" threads="0" lastid="00000000020B9700" lastname="main" />
</exclusive-start>
<allocation-taxation id="2203" taxation-threshold="10485760" timestamp="2019-07-07T05:34:47.201" intervalms="429.030" />
<cycle-start id="2204" type="partial gc" contextid="0" timestamp="2019-07-07T05:34:47.202" intervalms="482.762" />
<gc-start id="2205" type="partial gc" contextid="2204" timestamp="2019-07-07T05:34:47.202">
  <mem-info id="2206" free="3145728" total="56623104" percent="5">
    <mem type="eden" free="1048272" total="22020096" percent="4" />
    <remembered-set count="101728" freebytes="1978880" totalbytes="2385792" percent="82" regionsoverflowed="0" regionsstable="0" regionsrebuilding="6"/>
  </mem-info>
</gc-start>
<allocation-stats totalBytes="20965256" >
  <allocated-bytes non-tlh="360" tlh="20964896" arrayletleaf="0"/>
  <largest-consumer threadName="main" threadId="00000000020B9700" bytes="10480328" />
</allocation-stats>
<gc-op id="2207" type="copy forward" timems="2.530" contextid="2204" timestamp="2019-07-07T05:34:47.205">
  <memory-copied type="eden" objects="76" bytes="3368" bytesdiscarded="1264" />
  <memory-copied type="other" objects="37" bytes="1040" bytesdiscarded="128" />
  <memory-cardclean objects="33915" bytes="1439896" />
  <regions eden="20" other="2" />
  <remembered-set-cleared processed="80587" cleared="11755" durationms="0.465" />
  <references type="weak" candidates="6" cleared="0" enqueued="0" />
  <stringconstants candidates="13701" cleared="0"  />
</gc-op>
<gc-op id="2208" type="classunload" timems="0.005" contextid="2204" timestamp="2019-07-07T05:34:47.205">
  <classunload-info classloadercandidates="54" classloadersunloaded="0" classesunloaded="0" anonymousclassesunloaded="0" quiescems="0.000" setupms="0.005" scanms="0.000" postms="0.000" />
</gc-op>
<heap-resize id="2209" type="contract" space="default" amount="3145728" count="1" timems="0.196" reason="insufficient time being spent in gc" timestamp="2019-07-07T05:34:47.206" />
<gc-end id="2210" type="partial gc" contextid="2204" durationms="4.007" usertimems="8.000" systemtimems="0.000" timestamp="2019-07-07T05:34:47.206" activeThreads="4">
  <mem-info id="2211" free="20971520" total="53477376" percent="39">
    <mem type="eden" free="1043944" total="1048576" percent="99" />
    <remembered-set count="78944" freebytes="1944448" totalbytes="2260224" percent="86" regionsoverflowed="0" regionsstable="0" regionsrebuilding="6"/>
  </mem-info>
</gc-end>
<cycle-end id="2212" type="partial gc" contextid="2204" timestamp="2019-07-07T05:34:47.206" />
  <attribute name="elasticGC enabled" value="1" />
  <attribute name= "numThreadsSpecified" value="4" />
  <attribute name="heapSize specified" value="0" />
  <attribute name="Current GC Util" value="75" />
  <attribute name= "Current Time Running" value="16730" />
  <attribute name ="GC Interval" value="0" />
  <attribute name="ProportionalT" value="27.500000" />
  <attribute name="ProportionalI" value="27.500000" />
  <attribute name="ProportionalH" value="27.500000" />
  <attribute name="Current Error" value="55.000000" />
  <attribute name="IntegralT" value="27.500000" />
  <attribute name="IntegralI" value="27.500000" />
  <attribute name="IntegralH" value="27.500000" />
  <attribute name="DerivativeT" value="55.000000" />
  <attribute name="DerivativeI" value="55.000000" />
  <attribute name="DerivativeH" value="55.000000" />
  <attribute name="Loop Time for DT" value="1.000000" />
  <attribute name="Output H" value="8388608"/>
  <attribute name="Output I" value="200"/>
  <attribute name="Output T" value="4"/>
  <attribute name="Target GC Util Change" value ="20.000000" />
  <attribute name="Current GC Util Change" value="75.000000"/>
  <attribute name="GC Util currently" value="75" />
  <attribute name="CPU Util currently" value="9894771826163" />
<exclusive-end id="2213" timestamp="2019-07-07T05:34:47.206" durationms="5.037" />

<exclusive-start id="2214" timestamp="2019-07-07T05:34:47.254" intervalms="52.321">
  <response-info timems="0.031" idlems="0.031" threads="0" lastid="00000000020B9700" lastname="main" />
</exclusive-start>
<allocation-taxation id="2215" taxation-threshold="9437184" timestamp="2019-07-07T05:34:47.254" intervalms="52.287" />
<gc-start id="2216" type="global mark phase" contextid="2112" timestamp="2019-07-07T05:34:47.254">
  <mem-info id="2217" free="11534336" total="53477376" percent="21">
    <remembered-set count="78848" freebytes="1944832" totalbytes="2260224" percent="86" regionsoverflowed="0" regionsstable="0" regionsrebuilding="6"/>
  </mem-info>
</gc-start>
<gc-end id="2218" type="global mark phase" contextid="2112" durationms="0.099" usertimems="0.000" systemtimems="0.000" timestamp="2019-07-07T05:34:47.254" activeThreads="4">
  <mem-info id="2219" free="11534336" total="53477376" percent="21">
    <remembered-set count="78848" freebytes="1944832" totalbytes="2260224" percent="86" regionsoverflowed="0" regionsstable="0" regionsrebuilding="6"/>
  </mem-info>
</gc-end>
<concurrent-start id="2220" type="GMP work packet processing" contextid="2112" timestamp="2019-07-07T05:34:47.254">
  <concurrent-mark-start scanTarget="1178417" />
</concurrent-start>
<concurrent-end id="2221" type="GMP work packet processing" contextid="2112" timestamp="2019-07-07T05:34:47.255">
  <concurrent-mark-end bytesScanned="1214856" reasonForTermination="Work target met" />
</concurrent-end>

<exclusive-end id="2222" timestamp="2019-07-07T05:34:47.255" durationms="1.526" />

<exclusive-start id="2223" timestamp="2019-07-07T05:34:47.303" intervalms="49.283">
  <response-info timems="0.037" idlems="0.037" threads="0" lastid="00000000020B9700" lastname="main" />
</exclusive-start>
<allocation-taxation id="2224" taxation-threshold="9437184" timestamp="2019-07-07T05:34:47.303" intervalms="49.274" />
<cycle-start id="2225" type="partial gc" contextid="0" timestamp="2019-07-07T05:34:47.303" intervalms="101.549" />
<gc-start id="2226" type="partial gc" contextid="2225" timestamp="2019-07-07T05:34:47.303">
  <mem-info id="2227" free="2097152" total="53477376" percent="3">
    <mem type="eden" free="0" total="18874368" percent="0" />
    <remembered-set count="79808" freebytes="1940992" totalbytes="2260224" percent="85" regionsoverflowed="0" regionsstable="0" regionsrebuilding="6"/>
  </mem-info>
</gc-start>
<allocation-stats totalBytes="18858848" >
  <allocated-bytes non-tlh="0" tlh="18858848" arrayletleaf="0"/>
  <largest-consumer threadName="main" threadId="00000000020B9700" bytes="9430512" />
</allocation-stats>
<gc-op id="2228" type="copy forward" timems="6.601" contextid="2225" timestamp="2019-07-07T05:34:47.311">
  <memory-copied type="eden" objects="2" bytes="56" bytesdiscarded="0" />
  <memory-copied type="other" objects="74" bytes="2816" bytesdiscarded="0" />
  <memory-cardclean objects="89768" bytes="2988224" />
  <regions eden="18" other="1" />
  <remembered-set-cleared processed="64851" cleared="14466" durationms="0.675" />
  <references type="weak" candidates="6" cleared="0" enqueued="0" />
  <stringconstants candidates="13701" cleared="0"  />
</gc-op>
<gc-op id="2229" type="classunload" timems="0.007" contextid="2225" timestamp="2019-07-07T05:34:47.311">
  <classunload-info classloadercandidates="54" classloadersunloaded="0" classesunloaded="0" anonymousclassesunloaded="0" quiescems="0.000" setupms="0.007" scanms="0.000" postms="0.000" />
</gc-op>
<heap-resize id="2230" type="contract" space="default" amount="1048576" count="1" timems="0.173" reason="insufficient time being spent in gc" timestamp="2019-07-07T05:34:47.311" />
<gc-end id="2231" type="partial gc" contextid="2225" durationms="8.077" usertimems="16.000" systemtimems="0.000" timestamp="2019-07-07T05:34:47.311" activeThreads="1">
  <mem-info id="2232" free="18874368" total="52428800" percent="36">
    <mem type="eden" free="1048520" total="1048576" percent="99" />
    <remembered-set count="64960" freebytes="1874816" totalbytes="2134656" percent="87" regionsoverflowed="0" regionsstable="0" regionsrebuilding="6"/>
  </mem-info>
</gc-end>
<cycle-end id="2233" type="partial gc" contextid="2225" timestamp="2019-07-07T05:34:47.312" />
  <attribute name="elasticGC enabled" value="1" />
  <attribute name= "numThreadsSpecified" value="1" />
  <attribute name="heapSize specified" value="0" />
  <attribute name="Current GC Util" value="59" />
  <attribute name= "Current Time Running" value="16831" />
  <attribute name ="GC Interval" value="0" />
  <attribute name="ProportionalT" value="19.500000" />
  <attribute name="ProportionalI" value="19.500000" />
  <attribute name="ProportionalH" value="19.500000" />
  <attribute name="Current Error" value="39.000000" />
  <attribute name="IntegralT" value="0.000000" />
  <attribute name="IntegralI" value="0.000000" />
  <attribute name="IntegralH" value="0.000000" />
  <attribute name="DerivativeT" value="inf" />
  <attribute name="DerivativeI" value="inf" />
  <attribute name="DerivativeH" value="inf" />
  <attribute name="Loop Time for DT" value="0.000000" />
  <attribute name="Output H" value="8388608"/>
  <attribute name="Output I" value="200"/>
  <attribute name="Output T" value="1"/>
  <attribute name="Target GC Util Change" value ="20.000000" />
  <attribute name="Current GC Util Change" value="59.000000"/>
  <attribute name="GC Util currently" value="59" />
  <attribute name="CPU Util currently" value="11346368247817" />
<exclusive-end id="2234" timestamp="2019-07-07T05:34:47.312" durationms="8.965" />

<exclusive-start id="2235" timestamp="2019-07-07T05:34:47.346" intervalms="42.824">
  <response-info timems="0.065" idlems="0.065" threads="0" lastid="00000000020B9700" lastname="main" />
</exclusive-start>
<allocation-taxation id="2236" taxation-threshold="9437184" timestamp="2019-07-07T05:34:47.346" intervalms="42.810" />
<gc-start id="2237" type="global mark phase" contextid="2112" timestamp="2019-07-07T05:34:47.346">
  <mem-info id="2238" free="9437184" total="52428800" percent="18">
    <remembered-set count="64896" freebytes="1875072" totalbytes="2134656" percent="87" regionsoverflowed="0" regionsstable="0" regionsrebuilding="6"/>
  </mem-info>
</gc-start>
<gc-end id="2239" type="global mark phase" contextid="2112" durationms="0.103" usertimems="0.000" systemtimems="0.000" timestamp="2019-07-07T05:34:47.346" activeThreads="1">
  <mem-info id="2240" free="9437184" total="52428800" percent="18">
    <remembered-set count="64896" freebytes="1875072" totalbytes="2134656" percent="87" regionsoverflowed="0" regionsstable="0" regionsrebuilding="6"/>
  </mem-info>
</gc-end>
<concurrent-start id="2241" type="GMP work packet processing" contextid="2112" timestamp="2019-07-07T05:34:47.346">
  <concurrent-mark-start scanTarget="18446744073709551615" />
</concurrent-start>
<concurrent-end id="2242" type="GMP work packet processing" contextid="2112" timestamp="2019-07-07T05:34:47.347">
  <concurrent-mark-end bytesScanned="1099676" reasonForTermination="Completed all work in GC phase" />
</concurrent-end>

<exclusive-end id="2243" timestamp="2019-07-07T05:34:47.347" durationms="1.243" />

<exclusive-start id="2244" timestamp="2019-07-07T05:34:47.371" intervalms="24.935">
  <response-info timems="0.071" idlems="0.071" threads="0" lastid="00000000020B9700" lastname="main" />
</exclusive-start>
<allocation-taxation id="2245" taxation-threshold="9437184" timestamp="2019-07-07T05:34:47.371" intervalms="24.931" />
<cycle-start id="2246" type="partial gc" contextid="0" timestamp="2019-07-07T05:34:47.371" intervalms="67.766" />
<gc-start id="2247" type="partial gc" contextid="2246" timestamp="2019-07-07T05:34:47.371">
  <mem-info id="2248" free="0" total="52428800" percent="0">
    <mem type="eden" free="1048520" total="19922944" percent="5" />
    <remembered-set count="66752" freebytes="1867648" totalbytes="2134656" percent="87" regionsoverflowed="0" regionsstable="0" regionsrebuilding="6"/>
  </mem-info>
</gc-start>
<allocation-stats totalBytes="18858848" >
  <allocated-bytes non-tlh="0" tlh="18858848" arrayletleaf="0"/>
  <largest-consumer threadName="main" threadId="00000000020B9700" bytes="9430592" />
</allocation-stats>
<gc-op id="2249" type="mark" timems="4.768" contextid="2246" timestamp="2019-07-07T05:34:47.377">
  <trace-info objectcount="4" scancount="3" scanbytes="229448" />
  <cardclean-info objects="62541" bytes="1839080" />
  <remembered-set-cleared processed="56803" cleared="6575" durationms="0.570" />
  <stringconstants candidates="13701" cleared="0"  />
  <warning details="Mark invoked due to insufficient free space for Copy-Forward" />
</gc-op>
<gc-op id="2250" type="classunload" timems="0.004" contextid="2246" timestamp="2019-07-07T05:34:47.377">
  <classunload-info classloadercandidates="54" classloadersunloaded="0" classesunloaded="0" anonymousclassesunloaded="0" quiescems="0.000" setupms="0.003" scanms="0.000" postms="0.000" />
</gc-op>
<gc-op id="2251" type="sweep" timems="0.446" contextid="2246" timestamp="2019-07-07T05:34:47.377" />
<gc-op id="2252" type="compact" timems="1.294" contextid="2246" timestamp="2019-07-07T05:34:47.379">
  <compact-info movecount="4" movebytes="592" />
  <remembered-set-cleared processed="117411" cleared="6583" durationms="0.570" />
</gc-op>
<gc-end id="2253" type="partial gc" contextid="2246" durationms="8.147" usertimems="12.000" systemtimems="0.000" timestamp="2019-07-07T05:34:47.379" activeThreads="4">
  <mem-info id="2254" free="18874368" total="52428800" percent="36">
    <mem type="eden" free="1047984" total="1048576" percent="99" />
    <remembered-set count="64224" freebytes="1835904" totalbytes="2092800" percent="87" regionsoverflowed="0" regionsstable="0" regionsrebuilding="6"/>
  </mem-info>
</gc-end>
<cycle-end id="2255" type="partial gc" contextid="2246" timestamp="2019-07-07T05:34:47.379" />
  <attribute name="elasticGC enabled" value="1" />
  <attribute name= "numThreadsSpecified" value="4" />
  <attribute name="heapSize specified" value="0" />
  <attribute name="Current GC Util" value="40" />
  <attribute name= "Current Time Running" value="16905" />
  <attribute name ="GC Interval" value="0" />
  <attribute name="ProportionalT" value="10.000000" />
  <attribute name="ProportionalI" value="10.000000" />
  <attribute name="ProportionalH" value="10.000000" />
  <attribute name="Current Error" value="20.000000" />
  <attribute name="IntegralT" value="10.000000" />
  <attribute name="IntegralI" value="10.000000" />
  <attribute name="IntegralH" value="10.000000" />
  <attribute name="DerivativeT" value="20.000000" />
  <attribute name="DerivativeI" value="20.000000" />
  <attribute name="DerivativeH" value="20.000000" />
  <attribute name="Loop Time for DT" value="1.000000" />
  <attribute name="Output H" value="8388608"/>
  <attribute name="Output I" value="200"/>
  <attribute name="Output T" value="4"/>
  <attribute name="Target GC Util Change" value ="20.000000" />
  <attribute name="Current GC Util Change" value="40.000000"/>
  <attribute name="GC Util currently" value="40" />
  <attribute name="CPU Util currently" value="6493896404035" />
<exclusive-end id="2256" timestamp="2019-07-07T05:34:47.380" durationms="9.030" />

<exclusive-start id="2257" timestamp="2019-07-07T05:34:47.399" intervalms="28.477">
  <response-info timems="0.072" idlems="0.072" threads="0" lastid="00000000020B9700" lastname="main" />
</exclusive-start>
<allocation-taxation id="2258" taxation-threshold="9437184" timestamp="2019-07-07T05:34:47.399" intervalms="28.500" />
<gc-start id="2259" type="global mark phase" contextid="2112" timestamp="2019-07-07T05:34:47.399">
  <mem-info id="2260" free="9437184" total="52428800" percent="18">
    <remembered-set count="63776" freebytes="1837696" totalbytes="2092800" percent="87" regionsoverflowed="0" regionsstable="0" regionsrebuilding="6"/>
  </mem-info>
</gc-start>
<gc-op id="2261" type="mark increment" timems="3.947" contextid="2112" timestamp="2019-07-07T05:34:47.403">
  <trace-info objectcount="150" scancount="139" scanbytes="351196" />
  <cardclean-info objects="204797" bytes="5615476" />
  <finalization candidates="79" enqueued="0" />
  <ownableSynchronizers candidates="23" cleared="0" />
  <references type="soft" candidates="3770" cleared="189" enqueued="187" dynamicThreshold="11" maxThreshold="32" />
  <references type="weak" candidates="5589" cleared="0" enqueued="0" />
  <references type="phantom" candidates="101" cleared="0" enqueued="0" />
  <stringconstants candidates="13701" cleared="36"  />
</gc-op>
<gc-op id="2262" type="classunload" timems="0.303" contextid="2112" timestamp="2019-07-07T05:34:47.404">
  <classunload-info classloadercandidates="54" classloadersunloaded="1" classesunloaded="1" anonymousclassesunloaded="0" quiescems="0.000" setupms="0.289" scanms="0.010" postms="0.003" />
</gc-op>
<gc-end id="2263" type="global mark phase" contextid="2112" durationms="4.578" usertimems="12.000" systemtimems="0.000" timestamp="2019-07-07T05:34:47.404" activeThreads="4">
  <mem-info id="2264" free="9437184" total="52428800" percent="18">
    <pending-finalizers system="0" default="0" reference="187" classloader="0" />
    <remembered-set count="66336" freebytes="1827456" totalbytes="2092800" percent="87" regionsoverflowed="0" regionsstable="0" regionsrebuilding="0"/>
  </mem-info>
</gc-end>
<cycle-end id="2265" type="global mark phase" contextid="2112" timestamp="2019-07-07T05:34:47.404" />
  <attribute name="elasticGC enabled" value="1" />
  <attribute name= "numThreadsSpecified" value="4" />
  <attribute name="heapSize specified" value="0" />
  <attribute name="Current GC Util" value="89" />
  <attribute name= "Current Time Running" value="16930" />
  <attribute name ="GC Interval" value="0" />
  <attribute name="ProportionalT" value="34.500000" />
  <attribute name="ProportionalI" value="34.500000" />
  <attribute name="ProportionalH" value="34.500000" />
  <attribute name="Current Error" value="69.000000" />
  <attribute name="IntegralT" value="34.500000" />
  <attribute name="IntegralI" value="34.500000" />
  <attribute name="IntegralH" value="34.500000" />
  <attribute name="DerivativeT" value="-167.000000" />
  <attribute name="DerivativeI" value="-167.000000" />
  <attribute name="DerivativeH" value="-167.000000" />
  <attribute name="Loop Time for DT" value="1.000000" />
  <attribute name="Output H" value="2091843584"/>
  <attribute name="Output I" value="200"/>
  <attribute name="Output T" value="4"/>
  <attribute name="Target GC Util Change" value ="20.000000" />
  <attribute name="Current GC Util Change" value="89.000000"/>
  <attribute name="GC Util currently" value="89" />
  <attribute name="CPU Util currently" value="12082819555486" />
<exclusive-end id="2266" timestamp="2019-07-07T05:34:47.404" durationms="5.196" />

<exclusive-start id="2267" timestamp="2019-07-07T05:34:47.424" intervalms="24.683">
  <response-info timems="0.057" idlems="0.057" threads="0" lastid="00000000020B9700" lastname="main" />
</exclusive-start>
<allocation-taxation id="2268" taxation-threshold="9437184" timestamp="2019-07-07T05:34:47.424" intervalms="24.658" />
<cycle-start id="2269" type="partial gc" contextid="0" timestamp="2019-07-07T05:34:47.424" intervalms="53.139" />
<gc-start id="2270" type="partial gc" contextid="2269" timestamp="2019-07-07T05:34:47.424">
  <mem-info id="2271" free="0" total="52428800" percent="0">
    <mem type="eden" free="1047984" total="19922944" percent="5" />
    <remembered-set count="60608" freebytes="1850368" totalbytes="2092800" percent="88" regionsoverflowed="0" regionsstable="4" regionsrebuilding="0"/>
  </mem-info>
</gc-start>
<allocation-stats totalBytes="18860296" >
  <allocated-bytes non-tlh="3048" tlh="18857248" arrayletleaf="0"/>
  <largest-consumer threadName="main" threadId="00000000020B9700" bytes="9419056" />
</allocation-stats>
<gc-op id="2272" type="sweep" timems="0.634" contextid="2269" timestamp="2019-07-07T05:34:47.425" />
<gc-op id="2273" type="copy forward" timems="1.500" contextid="2269" timestamp="2019-07-07T05:34:47.427">
  <memory-copied type="eden" objects="4" bytes="3624" bytesdiscarded="744" />
  <memory-copied type="other" objects="0" bytes="0" bytesdiscarded="0" />
  <memory-cardclean objects="538" bytes="22600" />
  <regions eden="9" other="1" />
  <remembered-set-cleared processed="58584" cleared="69" durationms="0.308" />
  <stringconstants candidates="13665" cleared="0"  />
</gc-op>
<gc-op id="2274" type="classunload" timems="0.003" contextid="2269" timestamp="2019-07-07T05:34:47.427">
  <classunload-info classloadercandidates="53" classloadersunloaded="0" classesunloaded="0" anonymousclassesunloaded="0" quiescems="0.000" setupms="0.003" scanms="0.000" postms="0.000" />
</gc-op>
<heap-resize id="2275" type="expand" space="default" amount="9437184" count="1" timems="0.069" reason="excessive time being spent in gc" timestamp="2019-07-07T05:34:47.428" />
<gc-end id="2276" type="partial gc" contextid="2269" durationms="3.463" usertimems="4.000" systemtimems="0.000" timestamp="2019-07-07T05:34:47.428" activeThreads="4">
  <mem-info id="2277" free="28311552" total="61865984" percent="45">
    <mem type="eden" free="1044208" total="1048576" percent="99" />
    <remembered-set count="60864" freebytes="2226048" totalbytes="2469504" percent="90" regionsoverflowed="0" regionsstable="4" regionsrebuilding="0"/>
  </mem-info>
</gc-end>
<cycle-end id="2278" type="partial gc" contextid="2269" timestamp="2019-07-07T05:34:47.428" />
  <attribute name="elasticGC enabled" value="1" />
  <attribute name= "numThreadsSpecified" value="4" />
  <attribute name="heapSize specified" value="0" />
  <attribute name="Current GC Util" value="74" />
  <attribute name= "Current Time Running" value="16953" />
  <attribute name ="GC Interval" value="0" />
  <attribute name="ProportionalT" value="27.000000" />
  <attribute name="ProportionalI" value="27.000000" />
  <attribute name="ProportionalH" value="27.000000" />
  <attribute name="Current Error" value="54.000000" />
  <attribute name="IntegralT" value="0.000000" />
  <attribute name="IntegralI" value="0.000000" />
  <attribute name="IntegralH" value="0.000000" />
  <attribute name="DerivativeT" value="-inf" />
  <attribute name="DerivativeI" value="-inf" />
  <attribute name="DerivativeH" value="-inf" />
  <attribute name="Loop Time for DT" value="0.000000" />
  <attribute name="Output H" value="2091843584"/>
  <attribute name="Output I" value="200"/>
  <attribute name="Output T" value="4"/>
  <attribute name="Target GC Util Change" value ="20.000000" />
  <attribute name="Current GC Util Change" value="74.000000"/>
  <attribute name="GC Util currently" value="74" />
  <attribute name="CPU Util currently" value="20304973948129" />
<exclusive-end id="2279" timestamp="2019-07-07T05:34:47.428" durationms="4.249" />

<exclusive-start id="2280" timestamp="2019-07-07T05:34:47.450" intervalms="25.980">
  <response-info timems="0.153" idlems="0.153" threads="0" lastid="00000000020B9700" lastname="main" />
</exclusive-start>
<allocation-taxation id="2281" taxation-threshold="10485760" timestamp="2019-07-07T05:34:47.450" intervalms="25.987" />
<cycle-start id="2282" type="global mark phase" contextid="0" timestamp="2019-07-07T05:34:47.450" intervalms="1063.648" />
<gc-start id="2283" type="global mark phase" contextid="2282" timestamp="2019-07-07T05:34:47.450">
  <mem-info id="2284" free="17825792" total="61865984" percent="28">
    <remembered-set count="60384" freebytes="2227968" totalbytes="2469504" percent="90" regionsoverflowed="0" regionsstable="4" regionsrebuilding="0"/>
  </mem-info>
</gc-start>
<gc-op id="2285" type="mark increment" timems="0.548" contextid="2282" timestamp="2019-07-07T05:34:47.451">
  <trace-info objectcount="183" scancount="0" scanbytes="0" />
</gc-op>
<gc-end id="2286" type="global mark phase" contextid="2282" durationms="0.732" usertimems="0.000" systemtimems="0.000" timestamp="2019-07-07T05:34:47.451" activeThreads="4">
  <mem-info id="2287" free="17825792" total="61865984" percent="28">
    <remembered-set count="60384" freebytes="2227968" totalbytes="2469504" percent="90" regionsoverflowed="0" regionsstable="0" regionsrebuilding="4"/>
  </mem-info>
</gc-end>
<concurrent-start id="2288" type="GMP work packet processing" contextid="2282" timestamp="2019-07-07T05:34:47.451">
  <concurrent-mark-start scanTarget="18446744073709551615" />
</concurrent-start>
<exclusive-end id="2289" timestamp="2019-07-07T05:34:47.455" durationms="4.795" />

<concurrent-end id="2290" type="GMP work packet processing" contextid="2282" timestamp="2019-07-07T05:34:47.473">
  <concurrent-mark-end bytesScanned="13427408" reasonForTermination="Completed all work in GC phase" />
</concurrent-end>

<exclusive-start id="2291" timestamp="2019-07-07T05:34:47.649" intervalms="199.747">
  <response-info timems="0.030" idlems="0.030" threads="0" lastid="00000000020B9700" lastname="main" />
</exclusive-start>
<allocation-taxation id="2292" taxation-threshold="10485760" timestamp="2019-07-07T05:34:47.650" intervalms="199.808" />
<cycle-start id="2293" type="partial gc" contextid="0" timestamp="2019-07-07T05:34:47.650" intervalms="225.812" />
<gc-start id="2294" type="partial gc" contextid="2293" timestamp="2019-07-07T05:34:47.650">
  <mem-info id="2295" free="7340032" total="61865984" percent="11">
    <mem type="eden" free="0" total="20971520" percent="0" />
    <remembered-set count="65696" freebytes="2206720" totalbytes="2469504" percent="89" regionsoverflowed="0" regionsstable="0" regionsrebuilding="4"/>
  </mem-info>
</gc-start>
<allocation-stats totalBytes="20960616" >
  <allocated-bytes non-tlh="0" tlh="20960616" arrayletleaf="0"/>
  <largest-consumer threadName="main" threadId="00000000020B9700" bytes="10482568" />
</allocation-stats>
<gc-op id="2296" type="copy forward" timems="5.330" contextid="2293" timestamp="2019-07-07T05:34:47.656">
  <memory-copied type="eden" objects="41" bytes="1248" bytesdiscarded="0" />
  <memory-copied type="other" objects="9960" bytes="888912" bytesdiscarded="0" />
  <memory-cardclean objects="16836" bytes="921560" />
  <regions eden="20" other="4" />
  <remembered-set-cleared processed="61736" cleared="5202" durationms="0.560" />
  <finalization candidates="9" enqueued="0" />
  <ownableSynchronizers candidates="16" cleared="0" />
  <references type="soft" candidates="2" cleared="0" enqueued="0" dynamicThreshold="9" maxThreshold="32" />
  <references type="weak" candidates="225" cleared="0" enqueued="0" />
  <references type="phantom" candidates="29" cleared="0" enqueued="0" />
  <stringconstants candidates="13665" cleared="0"  />
</gc-op>
<gc-op id="2297" type="classunload" timems="0.005" contextid="2293" timestamp="2019-07-07T05:34:47.657">
  <classunload-info classloadercandidates="53" classloadersunloaded="0" classesunloaded="0" anonymousclassesunloaded="0" quiescems="0.000" setupms="0.004" scanms="0.000" postms="0.000" />
</gc-op>
<gc-end id="2298" type="partial gc" contextid="2293" durationms="6.585" usertimems="0.000" systemtimems="4.000" timestamp="2019-07-07T05:34:47.657" activeThreads="1">
  <mem-info id="2299" free="28311552" total="61865984" percent="45">
    <mem type="eden" free="1047328" total="1048576" percent="99" />
    <remembered-set count="65280" freebytes="2208384" totalbytes="2469504" percent="89" regionsoverflowed="0" regionsstable="0" regionsrebuilding="4"/>
  </mem-info>
</gc-end>
<cycle-end id="2300" type="partial gc" contextid="2293" timestamp="2019-07-07T05:34:47.657" />
  <attribute name="elasticGC enabled" value="1" />
  <attribute name= "numThreadsSpecified" value="1" />
  <attribute name="heapSize specified" value="0" />
  <attribute name="Current GC Util" value="76" />
  <attribute name= "Current Time Running" value="17178" />
  <attribute name ="GC Interval" value="0" />
  <attribute name="ProportionalT" value="28.000000" />
  <attribute name="ProportionalI" value="28.000000" />
  <attribute name="ProportionalH" value="28.000000" />
  <attribute name="Current Error" value="56.000000" />
  <attribute name="IntegralT" value="0.000000" />
  <attribute name="IntegralI" value="0.000000" />
  <attribute name="IntegralH" value="0.000000" />
  <attribute name="DerivativeT" value="inf" />
  <attribute name="DerivativeI" value="inf" />
  <attribute name="DerivativeH" value="inf" />
  <attribute name="Loop Time for DT" value="0.000000" />
  <attribute name="Output H" value="8388608"/>
  <attribute name="Output I" value="200"/>
  <attribute name="Output T" value="1"/>
  <attribute name="Target GC Util Change" value ="20.000000" />
  <attribute name="Current GC Util Change" value="76.000000"/>
  <attribute name="GC Util currently" value="76" />
  <attribute name="CPU Util currently" value="15888613606607" />
<exclusive-end id="2301" timestamp="2019-07-07T05:34:47.657" durationms="7.830" />

<exclusive-start id="2302" timestamp="2019-07-07T05:34:47.720" intervalms="70.309">
  <response-info timems="0.075" idlems="0.075" threads="0" lastid="00000000020B9700" lastname="main" />
</exclusive-start>
<allocation-taxation id="2303" taxation-threshold="10485760" timestamp="2019-07-07T05:34:47.720" intervalms="70.341" />
<gc-start id="2304" type="global mark phase" contextid="2282" timestamp="2019-07-07T05:34:47.720">
  <mem-info id="2305" free="17825792" total="61865984" percent="28">
    <remembered-set count="65216" freebytes="2208640" totalbytes="2469504" percent="89" regionsoverflowed="0" regionsstable="0" regionsrebuilding="4"/>
  </mem-info>
</gc-start>
<gc-op id="2306" type="mark increment" timems="2.454" contextid="2282" timestamp="2019-07-07T05:34:47.723">
  <trace-info objectcount="77" scancount="77" scanbytes="120180" />
  <cardclean-info objects="22903" bytes="950660" />
  <finalization candidates="79" enqueued="0" />
  <ownableSynchronizers candidates="23" cleared="0" />
  <references type="soft" candidates="3581" cleared="5" enqueued="5" dynamicThreshold="14" maxThreshold="32" />
  <references type="weak" candidates="5601" cleared="0" enqueued="0" />
  <references type="phantom" candidates="101" cleared="0" enqueued="0" />
  <stringconstants candidates="13665" cleared="25"  />
</gc-op>
<gc-op id="2307" type="classunload" timems="0.008" contextid="2282" timestamp="2019-07-07T05:34:47.723">
  <classunload-info classloadercandidates="53" classloadersunloaded="0" classesunloaded="0" anonymousclassesunloaded="0" quiescems="0.000" setupms="0.008" scanms="0.000" postms="0.000" />
</gc-op>
<gc-end id="2308" type="global mark phase" contextid="2282" durationms="2.724" usertimems="8.000" systemtimems="0.000" timestamp="2019-07-07T05:34:47.723" activeThreads="4">
  <mem-info id="2309" free="17825792" total="61865984" percent="28">
    <pending-finalizers system="0" default="0" reference="5" classloader="0" />
    <remembered-set count="66240" freebytes="2204544" totalbytes="2469504" percent="89" regionsoverflowed="0" regionsstable="0" regionsrebuilding="0"/>
  </mem-info>
</gc-end>
<cycle-end id="2310" type="global mark phase" contextid="2282" timestamp="2019-07-07T05:34:47.723" />
  <attribute name="elasticGC enabled" value="1" />
  <attribute name= "numThreadsSpecified" value="4" />
  <attribute name="heapSize specified" value="0" />
  <attribute name="Current GC Util" value="82" />
  <attribute name= "Current Time Running" value="17249" />
  <attribute name ="GC Interval" value="0" />
  <attribute name="ProportionalT" value="31.000000" />
  <attribute name="ProportionalI" value="31.000000" />
  <attribute name="ProportionalH" value="31.000000" />
  <attribute name="Current Error" value="62.000000" />
  <attribute name="IntegralT" value="0.000000" />
  <attribute name="IntegralI" value="0.000000" />
  <attribute name="IntegralH" value="0.000000" />
  <attribute name="DerivativeT" value="-inf" />
  <attribute name="DerivativeI" value="-inf" />
  <attribute name="DerivativeH" value="-inf" />
  <attribute name="Loop Time for DT" value="0.000000" />
  <attribute name="Output H" value="2091843584"/>
  <attribute name="Output I" value="200"/>
  <attribute name="Output T" value="4"/>
  <attribute name="Target GC Util Change" value ="20.000000" />
  <attribute name="Current GC Util Change" value="82.000000"/>
  <attribute name="GC Util currently" value="82" />
  <attribute name="CPU Util currently" value="15908289941382" />
<exclusive-end id="2311" timestamp="2019-07-07T05:34:47.723" durationms="3.320" />

<exclusive-start id="2312" timestamp="2019-07-07T05:34:47.758" intervalms="38.401">
  <response-info timems="0.061" idlems="0.061" threads="0" lastid="00000000020B9700" lastname="main" />
</exclusive-start>
<allocation-taxation id="2313" taxation-threshold="10485760" timestamp="2019-07-07T05:34:47.758" intervalms="38.337" />
<cycle-start id="2314" type="partial gc" contextid="0" timestamp="2019-07-07T05:34:47.759" intervalms="108.727" />
<gc-start id="2315" type="partial gc" contextid="2314" timestamp="2019-07-07T05:34:47.759">
  <mem-info id="2316" free="7340032" total="61865984" percent="11">
    <mem type="eden" free="0" total="20971520" percent="0" />
    <remembered-set count="60672" freebytes="2226816" totalbytes="2469504" percent="90" regionsoverflowed="0" regionsstable="4" regionsrebuilding="0"/>
  </mem-info>
</gc-start>
<allocation-stats totalBytes="20966960" >
  <allocated-bytes non-tlh="0" tlh="20966960" arrayletleaf="0"/>
  <largest-consumer threadName="main" threadId="00000000020B9700" bytes="10482472" />
</allocation-stats>
<gc-op id="2317" type="sweep" timems="0.693" contextid="2314" timestamp="2019-07-07T05:34:47.760" />
<gc-op id="2318" type="copy forward" timems="2.871" contextid="2314" timestamp="2019-07-07T05:34:47.764">
  <memory-copied type="eden" objects="23" bytes="1240" bytesdiscarded="568" />
  <memory-copied type="other" objects="36432" bytes="896320" bytesdiscarded="174968" />
  <memory-cardclean objects="6627" bytes="425712" />
  <regions eden="10" other="4" />
  <remembered-set-cleared processed="57931" cleared="3788" durationms="0.321" />
  <references type="weak" candidates="14" cleared="0" enqueued="0" />
  <stringconstants candidates="13640" cleared="0"  />
</gc-op>
<gc-op id="2319" type="classunload" timems="0.006" contextid="2314" timestamp="2019-07-07T05:34:47.764">
  <classunload-info classloadercandidates="53" classloadersunloaded="0" classesunloaded="0" anonymousclassesunloaded="0" quiescems="0.000" setupms="0.005" scanms="0.000" postms="0.000" />
</gc-op>
<heap-resize id="2320" type="contract" space="default" amount="3145728" count="1" timems="0.090" reason="insufficient time being spent in gc" timestamp="2019-07-07T05:34:47.764" />
<gc-end id="2321" type="partial gc" contextid="2314" durationms="5.133" usertimems="8.000" systemtimems="0.000" timestamp="2019-07-07T05:34:47.764" activeThreads="4">
  <mem-info id="2322" free="24117248" total="58720256" percent="41">
    <mem type="eden" free="1046768" total="1048576" percent="99" />
    <remembered-set count="59744" freebytes="2230528" totalbytes="2469504" percent="90" regionsoverflowed="0" regionsstable="4" regionsrebuilding="0"/>
  </mem-info>
</gc-end>
<cycle-end id="2323" type="partial gc" contextid="2314" timestamp="2019-07-07T05:34:47.764" />
  <attribute name="elasticGC enabled" value="1" />
  <attribute name= "numThreadsSpecified" value="4" />
  <attribute name="heapSize specified" value="0" />
  <attribute name="Current GC Util" value="56" />
  <attribute name= "Current Time Running" value="17288" />
  <attribute name ="GC Interval" value="0" />
  <attribute name="ProportionalT" value="18.000000" />
  <attribute name="ProportionalI" value="18.000000" />
  <attribute name="ProportionalH" value="18.000000" />
  <attribute name="Current Error" value="36.000000" />
  <attribute name="IntegralT" value="0.000000" />
  <attribute name="IntegralI" value="0.000000" />
  <attribute name="IntegralH" value="0.000000" />
  <attribute name="DerivativeT" value="-inf" />
  <attribute name="DerivativeI" value="-inf" />
  <attribute name="DerivativeH" value="-inf" />
  <attribute name="Loop Time for DT" value="0.000000" />
  <attribute name="Output H" value="2091843584"/>
  <attribute name="Output I" value="200"/>
  <attribute name="Output T" value="4"/>
  <attribute name="Target GC Util Change" value ="20.000000" />
  <attribute name="Current GC Util Change" value="56.000000"/>
  <attribute name="GC Util currently" value="56" />
  <attribute name="CPU Util currently" value="20964877291644" />
<exclusive-end id="2324" timestamp="2019-07-07T05:34:47.765" durationms="6.432" />

<exclusive-start id="2325" timestamp="2019-07-07T05:34:47.780" intervalms="21.530">
  <response-info timems="0.059" idlems="0.059" threads="0" lastid="00000000020B9700" lastname="main" />
</exclusive-start>
<allocation-taxation id="2326" taxation-threshold="20971520" timestamp="2019-07-07T05:34:47.780" intervalms="21.555" />
<cycle-start id="2327" type="partial gc" contextid="0" timestamp="2019-07-07T05:34:47.780" intervalms="21.611" />
<gc-start id="2328" type="partial gc" contextid="2327" timestamp="2019-07-07T05:34:47.780">
  <mem-info id="2329" free="3145728" total="58720256" percent="5">
    <mem type="eden" free="0" total="20971520" percent="0" />
    <remembered-set count="45248" freebytes="2288512" totalbytes="2469504" percent="92" regionsoverflowed="0" regionsstable="14" regionsrebuilding="0"/>
  </mem-info>
</gc-start>
<allocation-stats totalBytes="20939928" >
  <allocated-bytes non-tlh="0" tlh="20939928" arrayletleaf="0"/>
  <largest-consumer threadName="main" threadId="00000000020B9700" bytes="20939928" />
</allocation-stats>
<gc-op id="2330" type="copy forward" timems="1.310" contextid="2327" timestamp="2019-07-07T05:34:47.783">
  <memory-copied type="eden" objects="3" bytes="72" bytesdiscarded="0" />
  <memory-copied type="other" objects="798" bytes="22880" bytesdiscarded="0" />
  <memory-cardclean objects="831" bytes="15000" />
  <regions eden="20" other="3" />
  <remembered-set-cleared processed="43426" cleared="30" durationms="0.379" />
  <stringconstants candidates="13640" cleared="0"  />
  <heap-resize type="expand" space="default" amount="1048576" count="1" timems="0.056" reason="continue current collection" />
</gc-op>
<gc-op id="2331" type="classunload" timems="0.004" contextid="2327" timestamp="2019-07-07T05:34:47.783">
  <classunload-info classloadercandidates="53" classloadersunloaded="0" classesunloaded="0" anonymousclassesunloaded="0" quiescems="0.000" setupms="0.004" scanms="0.000" postms="0.000" />
</gc-op>
<gc-end id="2332" type="partial gc" contextid="2327" durationms="2.732" usertimems="4.000" systemtimems="0.000" timestamp="2019-07-07T05:34:47.783" activeThreads="1">
  <mem-info id="2333" free="24117248" total="59768832" percent="40">
    <mem type="eden" free="1048504" total="1048576" percent="99" />
    <remembered-set count="44640" freebytes="2207232" totalbytes="2385792" percent="92" regionsoverflowed="0" regionsstable="14" regionsrebuilding="0"/>
  </mem-info>
</gc-end>
<cycle-end id="2334" type="partial gc" contextid="2327" timestamp="2019-07-07T05:34:47.783" />
  <attribute name="elasticGC enabled" value="1" />
  <attribute name= "numThreadsSpecified" value="1" />
  <attribute name="heapSize specified" value="0" />
  <attribute name="Current GC Util" value="45" />
  <attribute name= "Current Time Running" value="17308" />
  <attribute name ="GC Interval" value="0" />
  <attribute name="ProportionalT" value="12.500000" />
  <attribute name="ProportionalI" value="12.500000" />
  <attribute name="ProportionalH" value="12.500000" />
  <attribute name="Current Error" value="25.000000" />
  <attribute name="IntegralT" value="0.000000" />
  <attribute name="IntegralI" value="0.000000" />
  <attribute name="IntegralH" value="0.000000" />
  <attribute name="DerivativeT" value="inf" />
  <attribute name="DerivativeI" value="inf" />
  <attribute name="DerivativeH" value="inf" />
  <attribute name="Loop Time for DT" value="0.000000" />
  <attribute name="Output H" value="8388608"/>
  <attribute name="Output I" value="200"/>
  <attribute name="Output T" value="1"/>
  <attribute name="Target GC Util Change" value ="20.000000" />
  <attribute name="Current GC Util Change" value="45.000000"/>
  <attribute name="GC Util currently" value="45" />
  <attribute name="CPU Util currently" value="10823673792332" />
<exclusive-end id="2335" timestamp="2019-07-07T05:34:47.784" durationms="3.992" />

<exclusive-start id="2336" timestamp="2019-07-07T05:34:47.791" intervalms="11.520">
  <response-info timems="0.074" idlems="0.074" threads="0" lastid="00000000020B9700" lastname="main" />
</exclusive-start>
<allocation-taxation id="2337" taxation-threshold="10485760" timestamp="2019-07-07T05:34:47.791" intervalms="11.523" />
<cycle-start id="2338" type="global mark phase" contextid="0" timestamp="2019-07-07T05:34:47.792" intervalms="341.665" />
<gc-start id="2339" type="global mark phase" contextid="2338" timestamp="2019-07-07T05:34:47.792">
  <mem-info id="2340" free="13631488" total="59768832" percent="22">
    <remembered-set count="44352" freebytes="2208384" totalbytes="2385792" percent="92" regionsoverflowed="0" regionsstable="14" regionsrebuilding="0"/>
  </mem-info>
</gc-start>
<gc-op id="2341" type="mark increment" timems="4.693" contextid="2338" timestamp="2019-07-07T05:34:47.797">
  <trace-info objectcount="294889" scancount="246349" scanbytes="6724776" />
</gc-op>
<gc-end id="2342" type="global mark phase" contextid="2338" durationms="5.045" usertimems="16.000" systemtimems="0.000" timestamp="2019-07-07T05:34:47.797" activeThreads="4">
  <mem-info id="2343" free="13631488" total="59768832" percent="22">
    <remembered-set count="59200" freebytes="2148992" totalbytes="2385792" percent="90" regionsoverflowed="0" regionsstable="0" regionsrebuilding="14"/>
  </mem-info>
</gc-end>
<concurrent-start id="2344" type="GMP work packet processing" contextid="2338" timestamp="2019-07-07T05:34:47.797">
  <concurrent-mark-start scanTarget="1788682" />
</concurrent-start>
<exclusive-end id="2345" timestamp="2019-07-07T05:34:47.798" durationms="6.897" />

<concurrent-end id="2346" type="GMP work packet processing" contextid="2338" timestamp="2019-07-07T05:34:47.798">
  <concurrent-mark-end bytesScanned="1858304" reasonForTermination="Work target met" />
</concurrent-end>

<exclusive-start id="2347" timestamp="2019-07-07T05:34:47.804" intervalms="13.248">
  <response-info timems="0.080" idlems="0.080" threads="0" lastid="00000000020B9700" lastname="main" />
</exclusive-start>
<allocation-taxation id="2348" taxation-threshold="10485760" timestamp="2019-07-07T05:34:47.805" intervalms="13.204" />
<cycle-start id="2349" type="partial gc" contextid="0" timestamp="2019-07-07T05:34:47.805" intervalms="24.637" />
<gc-start id="2350" type="partial gc" contextid="2349" timestamp="2019-07-07T05:34:47.805">
  <mem-info id="2351" free="3145728" total="59768832" percent="5">
    <mem type="eden" free="1048504" total="22020096" percent="4" />
    <remembered-set count="59392" freebytes="2148224" totalbytes="2385792" percent="90" regionsoverflowed="0" regionsstable="0" regionsrebuilding="14"/>
  </mem-info>
</gc-start>
<allocation-stats totalBytes="20934760" >
  <allocated-bytes non-tlh="0" tlh="20934760" arrayletleaf="0"/>
  <largest-consumer threadName="main" threadId="00000000020B9700" bytes="10466848" />
</allocation-stats>
<gc-op id="2352" type="copy forward" timems="4.966" contextid="2349" timestamp="2019-07-07T05:34:47.811">
  <memory-copied type="eden" objects="2" bytes="40" bytesdiscarded="0" />
  <memory-copied type="other" objects="35656" bytes="874560" bytesdiscarded="8" />
  <memory-cardclean objects="6542" bytes="414144" />
  <regions eden="20" other="4" />
  <remembered-set-cleared processed="56390" cleared="2011" durationms="0.519" />
  <stringconstants candidates="13640" cleared="0"  />
</gc-op>
<gc-op id="2353" type="classunload" timems="0.004" contextid="2349" timestamp="2019-07-07T05:34:47.811">
  <classunload-info classloadercandidates="53" classloadersunloaded="0" classesunloaded="0" anonymousclassesunloaded="0" quiescems="0.000" setupms="0.004" scanms="0.000" postms="0.000" />
</gc-op>
<heap-resize id="2354" type="expand" space="default" amount="10485760" count="1" timems="0.077" reason="excessive time being spent in gc" timestamp="2019-07-07T05:34:47.811" />
<gc-end id="2355" type="partial gc" contextid="2349" durationms="6.451" usertimems="8.000" systemtimems="0.000" timestamp="2019-07-07T05:34:47.812" activeThreads="1">
  <mem-info id="2356" free="36700160" total="70254592" percent="52">
    <mem type="eden" free="1048536" total="1048576" percent="99" />
    <remembered-set count="60736" freebytes="2561408" totalbytes="2804352" percent="91" regionsoverflowed="0" regionsstable="0" regionsrebuilding="14"/>
  </mem-info>
</gc-end>
<cycle-end id="2357" type="partial gc" contextid="2349" timestamp="2019-07-07T05:34:47.812" />
  <attribute name="elasticGC enabled" value="1" />
  <attribute name= "numThreadsSpecified" value="1" />
  <attribute name="heapSize specified" value="0" />
  <attribute name="Current GC Util" value="63" />
  <attribute name= "Current Time Running" value="17333" />
  <attribute name ="GC Interval" value="0" />
  <attribute name="ProportionalT" value="21.500000" />
  <attribute name="ProportionalI" value="21.500000" />
  <attribute name="ProportionalH" value="21.500000" />
  <attribute name="Current Error" value="43.000000" />
  <attribute name="IntegralT" value="0.000000" />
  <attribute name="IntegralI" value="0.000000" />
  <attribute name="IntegralH" value="0.000000" />
  <attribute name="DerivativeT" value="inf" />
  <attribute name="DerivativeI" value="inf" />
  <attribute name="DerivativeH" value="inf" />
  <attribute name="Loop Time for DT" value="0.000000" />
  <attribute name="Output H" value="8388608"/>
  <attribute name="Output I" value="200"/>
  <attribute name="Output T" value="1"/>
  <attribute name="Target GC Util Change" value ="20.000000" />
  <attribute name="Current GC Util Change" value="63.000000"/>
  <attribute name="GC Util currently" value="63" />
  <attribute name="CPU Util currently" value="18684258238244" />
<exclusive-end id="2358" timestamp="2019-07-07T05:34:47.812" durationms="7.560" />

<exclusive-start id="2359" timestamp="2019-07-07T05:34:47.819" intervalms="14.383">
  <response-info timems="0.071" idlems="0.071" threads="0" lastid="00000000020B9700" lastname="main" />
</exclusive-start>
<allocation-taxation id="2360" taxation-threshold="11534336" timestamp="2019-07-07T05:34:47.819" intervalms="14.387" />
<gc-start id="2361" type="global mark phase" contextid="2338" timestamp="2019-07-07T05:34:47.819">
  <mem-info id="2362" free="25165824" total="70254592" percent="35">
    <remembered-set count="60512" freebytes="2562304" totalbytes="2804352" percent="91" regionsoverflowed="0" regionsstable="0" regionsrebuilding="14"/>
  </mem-info>
</gc-start>
<gc-end id="2363" type="global mark phase" contextid="2338" durationms="0.142" usertimems="0.000" systemtimems="0.000" timestamp="2019-07-07T05:34:47.819" activeThreads="1">
  <mem-info id="2364" free="25165824" total="70254592" percent="35">
    <remembered-set count="60512" freebytes="2562304" totalbytes="2804352" percent="91" regionsoverflowed="0" regionsstable="0" regionsrebuilding="14"/>
  </mem-info>
</gc-end>
<concurrent-start id="2365" type="GMP work packet processing" contextid="2338" timestamp="2019-07-07T05:34:47.820">
  <concurrent-mark-start scanTarget="1048576" />
</concurrent-start>
<exclusive-end id="2366" timestamp="2019-07-07T05:34:47.820" durationms="0.887" />

<concurrent-end id="2367" type="GMP work packet processing" contextid="2338" timestamp="2019-07-07T05:34:47.820">
  <concurrent-mark-end bytesScanned="1106492" reasonForTermination="Work target met" />
</concurrent-end>

<exclusive-start id="2368" timestamp="2019-07-07T05:34:47.827" intervalms="8.107">
  <response-info timems="0.080" idlems="0.080" threads="0" lastid="00000000020B9700" lastname="main" />
</exclusive-start>
<allocation-taxation id="2369" taxation-threshold="11534336" timestamp="2019-07-07T05:34:47.827" intervalms="8.154" />
<cycle-start id="2370" type="partial gc" contextid="0" timestamp="2019-07-07T05:34:47.827" intervalms="22.579" />
<gc-start id="2371" type="partial gc" contextid="2370" timestamp="2019-07-07T05:34:47.828">
  <mem-info id="2372" free="13631488" total="70254592" percent="19">
    <mem type="eden" free="1048536" total="24117248" percent="4" />
    <remembered-set count="61248" freebytes="2559360" totalbytes="2804352" percent="91" regionsoverflowed="0" regionsstable="0" regionsrebuilding="14"/>
  </mem-info>
</gc-start>
<allocation-stats totalBytes="23027720" >
  <allocated-bytes non-tlh="0" tlh="23027720" arrayletleaf="0"/>
  <largest-consumer threadName="main" threadId="00000000020B9700" bytes="11513712" />
</allocation-stats>
<gc-op id="2373" type="copy forward" timems="1.521" contextid="2370" timestamp="2019-07-07T05:34:47.830">
  <memory-copied type="eden" objects="2" bytes="40" bytesdiscarded="0" />
  <memory-copied type="other" objects="7" bytes="160" bytesdiscarded="0" />
  <memory-cardclean objects="32" bytes="1304" />
  <regions eden="22" other="2" />
  <remembered-set-cleared processed="58923" cleared="18" durationms="0.500" />
  <stringconstants candidates="13640" cleared="0"  />
</gc-op>
<gc-op id="2374" type="classunload" timems="0.004" contextid="2370" timestamp="2019-07-07T05:34:47.830">
  <classunload-info classloadercandidates="53" classloadersunloaded="0" classesunloaded="0" anonymousclassesunloaded="0" quiescems="0.000" setupms="0.003" scanms="0.000" postms="0.000" />
</gc-op>
<heap-resize id="2375" type="expand" space="default" amount="12582912" count="1" timems="0.087" reason="excessive time being spent in gc" timestamp="2019-07-07T05:34:47.830" />
<gc-end id="2376" type="partial gc" contextid="2370" durationms="2.919" usertimems="0.000" systemtimems="4.000" timestamp="2019-07-07T05:34:47.831" activeThreads="1">
  <mem-info id="2377" free="49283072" total="82837504" percent="59">
    <mem type="eden" free="1048536" total="1048576" percent="99" />
    <remembered-set count="61632" freebytes="3060096" totalbytes="3306624" percent="92" regionsoverflowed="0" regionsstable="0" regionsrebuilding="14"/>
  </mem-info>
</gc-end>
<cycle-end id="2378" type="partial gc" contextid="2370" timestamp="2019-07-07T05:34:47.831" />
  <attribute name="elasticGC enabled" value="1" />
  <attribute name= "numThreadsSpecified" value="1" />
  <attribute name="heapSize specified" value="0" />
  <attribute name="Current GC Util" value="67" />
  <attribute name= "Current Time Running" value="17355" />
  <attribute name ="GC Interval" value="0" />
  <attribute name="ProportionalT" value="23.500000" />
  <attribute name="ProportionalI" value="23.500000" />
  <attribute name="ProportionalH" value="23.500000" />
  <attribute name="Current Error" value="47.000000" />
  <attribute name="IntegralT" value="0.000000" />
  <attribute name="IntegralI" value="0.000000" />
  <attribute name="IntegralH" value="0.000000" />
  <attribute name="DerivativeT" value="inf" />
  <attribute name="DerivativeI" value="inf" />
  <attribute name="DerivativeH" value="inf" />
  <attribute name="Loop Time for DT" value="0.000000" />
  <attribute name="Output H" value="8388608"/>
  <attribute name="Output I" value="200"/>
  <attribute name="Output T" value="1"/>
  <attribute name="Target GC Util Change" value ="20.000000" />
  <attribute name="Current GC Util Change" value="67.000000"/>
  <attribute name="GC Util currently" value="67" />
  <attribute name="CPU Util currently" value="18647917682731" />
<exclusive-end id="2379" timestamp="2019-07-07T05:34:47.831" durationms="4.113" />

<exclusive-start id="2380" timestamp="2019-07-07T05:34:47.839" intervalms="12.408">
  <response-info timems="0.079" idlems="0.079" threads="0" lastid="00000000020B9700" lastname="main" />
</exclusive-start>
<allocation-taxation id="2381" taxation-threshold="13631488" timestamp="2019-07-07T05:34:47.840" intervalms="12.396" />
<gc-start id="2382" type="global mark phase" contextid="2338" timestamp="2019-07-07T05:34:47.840">
  <mem-info id="2383" free="35651584" total="82837504" percent="43">
    <remembered-set count="61248" freebytes="3061632" totalbytes="3306624" percent="92" regionsoverflowed="0" regionsstable="0" regionsrebuilding="14"/>
  </mem-info>
</gc-start>
<gc-end id="2384" type="global mark phase" contextid="2338" durationms="0.164" usertimems="0.000" systemtimems="0.000" timestamp="2019-07-07T05:34:47.840" activeThreads="1">
  <mem-info id="2385" free="35651584" total="82837504" percent="43">
    <remembered-set count="61248" freebytes="3061632" totalbytes="3306624" percent="92" regionsoverflowed="0" regionsstable="0" regionsrebuilding="14"/>
  </mem-info>
</gc-end>
<concurrent-start id="2386" type="GMP work packet processing" contextid="2338" timestamp="2019-07-07T05:34:47.840">
  <concurrent-mark-start scanTarget="1048576" />
</concurrent-start>
<concurrent-end id="2387" type="GMP work packet processing" contextid="2338" timestamp="2019-07-07T05:34:47.841">
  <concurrent-mark-end bytesScanned="1105368" reasonForTermination="Work target met" />
</concurrent-end>

<exclusive-end id="2388" timestamp="2019-07-07T05:34:47.841" durationms="1.512" />

<exclusive-start id="2389" timestamp="2019-07-07T05:34:47.849" intervalms="9.927">
  <response-info timems="0.136" idlems="0.136" threads="0" lastid="00000000020B9700" lastname="main" />
</exclusive-start>
<allocation-taxation id="2390" taxation-threshold="13631488" timestamp="2019-07-07T05:34:47.850" intervalms="9.931" />
<cycle-start id="2391" type="partial gc" contextid="0" timestamp="2019-07-07T05:34:47.850" intervalms="22.314" />
<gc-start id="2392" type="partial gc" contextid="2391" timestamp="2019-07-07T05:34:47.850">
  <mem-info id="2393" free="22020096" total="82837504" percent="26">
    <mem type="eden" free="1048536" total="28311552" percent="3" />
    <remembered-set count="69792" freebytes="3027456" totalbytes="3306624" percent="91" regionsoverflowed="0" regionsstable="0" regionsrebuilding="14"/>
  </mem-info>
</gc-start>
<allocation-stats totalBytes="27215304" >
  <allocated-bytes non-tlh="0" tlh="27215304" arrayletleaf="0"/>
  <largest-consumer threadName="main" threadId="00000000020B9700" bytes="13607256" />
</allocation-stats>
<gc-op id="2394" type="copy forward" timems="1.717" contextid="2391" timestamp="2019-07-07T05:34:47.853">
  <memory-copied type="eden" objects="3" bytes="72" bytesdiscarded="0" />
  <memory-copied type="other" objects="7" bytes="160" bytesdiscarded="0" />
  <memory-cardclean objects="32" bytes="1304" />
  <regions eden="26" other="2" />
  <remembered-set-cleared processed="67618" cleared="16" durationms="0.591" />
  <stringconstants candidates="13640" cleared="0"  />
</gc-op>
<gc-op id="2395" type="classunload" timems="0.004" contextid="2391" timestamp="2019-07-07T05:34:47.853">
  <classunload-info classloadercandidates="53" classloadersunloaded="0" classesunloaded="0" anonymousclassesunloaded="0" quiescems="0.000" setupms="0.004" scanms="0.000" postms="0.000" />
</gc-op>
<heap-resize id="2396" type="expand" space="default" amount="1048576" count="1" timems="0.052" reason="excessive time being spent in gc" timestamp="2019-07-07T05:34:47.853" />
<gc-end id="2397" type="partial gc" contextid="2391" durationms="3.174" usertimems="4.000" systemtimems="0.000" timestamp="2019-07-07T05:34:47.853" activeThreads="1">
  <mem-info id="2398" free="50331648" total="83886080" percent="60">
    <mem type="eden" free="1048504" total="1048576" percent="99" />
    <remembered-set count="70240" freebytes="3067520" totalbytes="3348480" percent="91" regionsoverflowed="0" regionsstable="0" regionsrebuilding="14"/>
  </mem-info>
</gc-end>
<cycle-end id="2399" type="partial gc" contextid="2391" timestamp="2019-07-07T05:34:47.853" />
  <attribute name="elasticGC enabled" value="1" />
  <attribute name= "numThreadsSpecified" value="1" />
  <attribute name="heapSize specified" value="0" />
  <attribute name="Current GC Util" value="64" />
  <attribute name= "Current Time Running" value="17378" />
  <attribute name ="GC Interval" value="0" />
  <attribute name="ProportionalT" value="22.000000" />
  <attribute name="ProportionalI" value="22.000000" />
  <attribute name="ProportionalH" value="22.000000" />
  <attribute name="Current Error" value="44.000000" />
  <attribute name="IntegralT" value="0.000000" />
  <attribute name="IntegralI" value="0.000000" />
  <attribute name="IntegralH" value="0.000000" />
  <attribute name="DerivativeT" value="inf" />
  <attribute name="DerivativeI" value="inf" />
  <attribute name="DerivativeH" value="inf" />
  <attribute name="Loop Time for DT" value="0.000000" />
  <attribute name="Output H" value="8388608"/>
  <attribute name="Output I" value="200"/>
  <attribute name="Output T" value="1"/>
  <attribute name="Target GC Util Change" value ="20.000000" />
  <attribute name="Current GC Util Change" value="64.000000"/>
  <attribute name="GC Util currently" value="64" />
  <attribute name="CPU Util currently" value="16185500099418" />
<exclusive-end id="2400" timestamp="2019-07-07T05:34:47.854" durationms="4.442" />

<exclusive-start id="2401" timestamp="2019-07-07T05:34:47.862" intervalms="12.539">
  <response-info timems="0.088" idlems="0.088" threads="0" lastid="00000000020B9700" lastname="main" />
</exclusive-start>
<allocation-taxation id="2402" taxation-threshold="13631488" timestamp="2019-07-07T05:34:47.862" intervalms="12.538" />
<gc-start id="2403" type="global mark phase" contextid="2338" timestamp="2019-07-07T05:34:47.862">
  <mem-info id="2404" free="36700160" total="83886080" percent="43">
    <remembered-set count="69792" freebytes="3069312" totalbytes="3348480" percent="91" regionsoverflowed="0" regionsstable="0" regionsrebuilding="14"/>
  </mem-info>
</gc-start>
<gc-end id="2405" type="global mark phase" contextid="2338" durationms="0.152" usertimems="0.000" systemtimems="0.000" timestamp="2019-07-07T05:34:47.862" activeThreads="1">
  <mem-info id="2406" free="36700160" total="83886080" percent="43">
    <remembered-set count="69792" freebytes="3069312" totalbytes="3348480" percent="91" regionsoverflowed="0" regionsstable="0" regionsrebuilding="14"/>
  </mem-info>
</gc-end>
<concurrent-start id="2407" type="GMP work packet processing" contextid="2338" timestamp="2019-07-07T05:34:47.862">
  <concurrent-mark-start scanTarget="1048576" />
</concurrent-start>
<exclusive-end id="2408" timestamp="2019-07-07T05:34:47.863" durationms="1.427" />

<concurrent-end id="2409" type="GMP work packet processing" contextid="2338" timestamp="2019-07-07T05:34:47.863">
  <concurrent-mark-end bytesScanned="1097104" reasonForTermination="Work target met" />
</concurrent-end>

<exclusive-start id="2410" timestamp="2019-07-07T05:34:47.871" intervalms="9.441">
  <response-info timems="0.071" idlems="0.071" threads="0" lastid="00000000020B9700" lastname="main" />
</exclusive-start>
<allocation-taxation id="2411" taxation-threshold="13631488" timestamp="2019-07-07T05:34:47.871" intervalms="9.379" />
<cycle-start id="2412" type="partial gc" contextid="0" timestamp="2019-07-07T05:34:47.872" intervalms="21.887" />
<gc-start id="2413" type="partial gc" contextid="2412" timestamp="2019-07-07T05:34:47.872">
  <mem-info id="2414" free="23068672" total="83886080" percent="27">
    <mem type="eden" free="1048504" total="28311552" percent="3" />
    <remembered-set count="81408" freebytes="3022848" totalbytes="3348480" percent="90" regionsoverflowed="0" regionsstable="0" regionsrebuilding="14"/>
  </mem-info>
</gc-start>
<allocation-stats totalBytes="27215008" >
  <allocated-bytes non-tlh="0" tlh="27215008" arrayletleaf="0"/>
  <largest-consumer threadName="main" threadId="00000000020B9700" bytes="13606960" />
</allocation-stats>
<gc-op id="2415" type="copy forward" timems="1.711" contextid="2412" timestamp="2019-07-07T05:34:47.874">
  <memory-copied type="eden" objects="2" bytes="40" bytesdiscarded="0" />
  <memory-copied type="other" objects="1" bytes="520" bytesdiscarded="0" />
  <memory-cardclean objects="12" bytes="432" />
  <regions eden="26" other="2" />
  <remembered-set-cleared processed="79088" cleared="10" durationms="0.284" />
  <stringconstants candidates="13640" cleared="0"  />
</gc-op>
<gc-op id="2416" type="classunload" timems="0.004" contextid="2412" timestamp="2019-07-07T05:34:47.874">
  <classunload-info classloadercandidates="53" classloadersunloaded="0" classesunloaded="0" anonymousclassesunloaded="0" quiescems="0.000" setupms="0.004" scanms="0.000" postms="0.000" />
</gc-op>
<gc-end id="2417" type="partial gc" contextid="2412" durationms="2.698" usertimems="0.000" systemtimems="4.000" timestamp="2019-07-07T05:34:47.875" activeThreads="4">
  <mem-info id="2418" free="50331648" total="83886080" percent="60">
    <mem type="eden" free="1048536" total="1048576" percent="99" />
    <remembered-set count="81664" freebytes="3021824" totalbytes="3348480" percent="90" regionsoverflowed="0" regionsstable="0" regionsrebuilding="14"/>
  </mem-info>
</gc-end>
<cycle-end id="2419" type="partial gc" contextid="2412" timestamp="2019-07-07T05:34:47.875" />
  <attribute name="elasticGC enabled" value="1" />
  <attribute name= "numThreadsSpecified" value="4" />
  <attribute name="heapSize specified" value="0" />
  <attribute name="Current GC Util" value="65" />
  <attribute name= "Current Time Running" value="17400" />
  <attribute name ="GC Interval" value="0" />
  <attribute name="ProportionalT" value="22.500000" />
  <attribute name="ProportionalI" value="22.500000" />
  <attribute name="ProportionalH" value="22.500000" />
  <attribute name="Current Error" value="45.000000" />
  <attribute name="IntegralT" value="22.500000" />
  <attribute name="IntegralI" value="22.500000" />
  <attribute name="IntegralH" value="22.500000" />
  <attribute name="DerivativeT" value="45.000000" />
  <attribute name="DerivativeI" value="45.000000" />
  <attribute name="DerivativeH" value="45.000000" />
  <attribute name="Loop Time for DT" value="1.000000" />
  <attribute name="Output H" value="8388608"/>
  <attribute name="Output I" value="200"/>
  <attribute name="Output T" value="4"/>
  <attribute name="Target GC Util Change" value ="20.000000" />
  <attribute name="Current GC Util Change" value="65.000000"/>
  <attribute name="GC Util currently" value="65" />
  <attribute name="CPU Util currently" value="20411741474060" />
<exclusive-end id="2420" timestamp="2019-07-07T05:34:47.875" durationms="3.624" />

<exclusive-start id="2421" timestamp="2019-07-07T05:34:47.883" intervalms="11.970">
  <response-info timems="0.114" idlems="0.114" threads="0" lastid="00000000020B9700" lastname="main" />
</exclusive-start>
<allocation-taxation id="2422" taxation-threshold="13631488" timestamp="2019-07-07T05:34:47.883" intervalms="12.022" />
<gc-start id="2423" type="global mark phase" contextid="2338" timestamp="2019-07-07T05:34:47.884">
  <mem-info id="2424" free="36700160" total="83886080" percent="43">
    <remembered-set count="81184" freebytes="3023744" totalbytes="3348480" percent="90" regionsoverflowed="0" regionsstable="0" regionsrebuilding="14"/>
  </mem-info>
</gc-start>
<gc-end id="2425" type="global mark phase" contextid="2338" durationms="0.096" usertimems="0.000" systemtimems="0.000" timestamp="2019-07-07T05:34:47.884" activeThreads="4">
  <mem-info id="2426" free="36700160" total="83886080" percent="43">
    <remembered-set count="81184" freebytes="3023744" totalbytes="3348480" percent="90" regionsoverflowed="0" regionsstable="0" regionsrebuilding="14"/>
  </mem-info>
</gc-end>
<concurrent-start id="2427" type="GMP work packet processing" contextid="2338" timestamp="2019-07-07T05:34:47.884">
  <concurrent-mark-start scanTarget="1788682" />
</concurrent-start>
<exclusive-end id="2428" timestamp="2019-07-07T05:34:47.885" durationms="1.409" />

<concurrent-end id="2429" type="GMP work packet processing" contextid="2338" timestamp="2019-07-07T05:34:47.885">
  <concurrent-mark-end bytesScanned="1538232" reasonForTermination="Completed all work in GC phase" />
</concurrent-end>

<exclusive-start id="2430" timestamp="2019-07-07T05:34:47.893" intervalms="9.462">
  <response-info timems="0.098" idlems="0.098" threads="0" lastid="00000000020B9700" lastname="main" />
</exclusive-start>
<allocation-taxation id="2431" taxation-threshold="13631488" timestamp="2019-07-07T05:34:47.893" intervalms="9.401" />
<cycle-start id="2432" type="partial gc" contextid="0" timestamp="2019-07-07T05:34:47.893" intervalms="21.428" />
<gc-start id="2433" type="partial gc" contextid="2432" timestamp="2019-07-07T05:34:47.893">
  <mem-info id="2434" free="23068672" total="83886080" percent="27">
    <mem type="eden" free="1048536" total="28311552" percent="3" />
    <remembered-set count="93632" freebytes="2973952" totalbytes="3348480" percent="88" regionsoverflowed="0" regionsstable="0" regionsrebuilding="14"/>
  </mem-info>
</gc-start>
<allocation-stats totalBytes="27214616" >
  <allocated-bytes non-tlh="0" tlh="27214616" arrayletleaf="0"/>
  <largest-consumer threadName="main" threadId="00000000020B9700" bytes="13607256" />
</allocation-stats>
<gc-op id="2435" type="copy forward" timems="1.607" contextid="2432" timestamp="2019-07-07T05:34:47.895">
  <memory-copied type="eden" objects="3" bytes="72" bytesdiscarded="0" />
  <memory-copied type="other" objects="7" bytes="160" bytesdiscarded="0" />
  <memory-cardclean objects="37" bytes="1440" />
  <regions eden="26" other="2" />
  <remembered-set-cleared processed="91592" cleared="22" durationms="0.320" />
  <stringconstants candidates="13640" cleared="0"  />
</gc-op>
<gc-op id="2436" type="classunload" timems="0.004" contextid="2432" timestamp="2019-07-07T05:34:47.896">
  <classunload-info classloadercandidates="53" classloadersunloaded="0" classesunloaded="0" anonymousclassesunloaded="0" quiescems="0.000" setupms="0.004" scanms="0.000" postms="0.000" />
</gc-op>
<gc-end id="2437" type="partial gc" contextid="2432" durationms="2.498" usertimems="0.000" systemtimems="4.000" timestamp="2019-07-07T05:34:47.896" activeThreads="4">
  <mem-info id="2438" free="50331648" total="83886080" percent="60">
    <mem type="eden" free="1048504" total="1048576" percent="99" />
    <remembered-set count="93568" freebytes="2974208" totalbytes="3348480" percent="88" regionsoverflowed="0" regionsstable="0" regionsrebuilding="14"/>
  </mem-info>
</gc-end>
<cycle-end id="2439" type="partial gc" contextid="2432" timestamp="2019-07-07T05:34:47.896" />
  <attribute name="elasticGC enabled" value="1" />
  <attribute name= "numThreadsSpecified" value="4" />
  <attribute name="heapSize specified" value="0" />
  <attribute name="Current GC Util" value="0" />
  <attribute name= "Current Time Running" value="17421" />
  <attribute name ="GC Interval" value="0" />
  <attribute name="ProportionalT" value="-10.000000" />
  <attribute name="ProportionalI" value="-10.000000" />
  <attribute name="ProportionalH" value="-10.000000" />
  <attribute name="Current Error" value="-20.000000" />
  <attribute name="IntegralT" value="0.000000" />
  <attribute name="IntegralI" value="0.000000" />
  <attribute name="IntegralH" value="0.000000" />
  <attribute name="DerivativeT" value="-inf" />
  <attribute name="DerivativeI" value="-inf" />
  <attribute name="DerivativeH" value="-inf" />
  <attribute name="Loop Time for DT" value="0.000000" />
  <attribute name="Output H" value="2091843584"/>
  <attribute name="Output I" value="200"/>
  <attribute name="Output T" value="4"/>
  <attribute name="Target GC Util Change" value ="20.000000" />
  <attribute name="Current GC Util Change" value="0.000000"/>
  <attribute name="GC Util currently" value="0" />
  <attribute name="CPU Util currently" value="30992305067202" />
<exclusive-end id="2440" timestamp="2019-07-07T05:34:47.896" durationms="3.544" />

<exclusive-start id="2441" timestamp="2019-07-07T05:34:47.904" intervalms="11.728">
  <response-info timems="0.122" idlems="0.122" threads="0" lastid="00000000020B9700" lastname="main" />
</exclusive-start>
<allocation-taxation id="2442" taxation-threshold="13631488" timestamp="2019-07-07T05:34:47.905" intervalms="11.757" />
<gc-start id="2443" type="global mark phase" contextid="2338" timestamp="2019-07-07T05:34:47.905">
  <mem-info id="2444" free="36700160" total="83886080" percent="43">
    <remembered-set count="93120" freebytes="2976000" totalbytes="3348480" percent="88" regionsoverflowed="0" regionsstable="0" regionsrebuilding="14"/>
  </mem-info>
</gc-start>
<gc-op id="2445" type="mark increment" timems="1.540" contextid="2338" timestamp="2019-07-07T05:34:47.906">
  <trace-info objectcount="3" scancount="3" scanbytes="229448" />
  <cardclean-info objects="7961" bytes="209308" />
  <finalization candidates="79" enqueued="0" />
  <ownableSynchronizers candidates="23" cleared="0" />
  <references type="soft" candidates="3576" cleared="6" enqueued="6" dynamicThreshold="19" maxThreshold="32" />
  <references type="weak" candidates="5591" cleared="0" enqueued="0" />
  <references type="phantom" candidates="101" cleared="0" enqueued="0" />
  <stringconstants candidates="13640" cleared="0"  />
</gc-op>
<gc-op id="2446" type="classunload" timems="0.005" contextid="2338" timestamp="2019-07-07T05:34:47.907">
  <classunload-info classloadercandidates="53" classloadersunloaded="0" classesunloaded="0" anonymousclassesunloaded="0" quiescems="0.000" setupms="0.005" scanms="0.000" postms="0.000" />
</gc-op>
<gc-end id="2447" type="global mark phase" contextid="2338" durationms="1.906" usertimems="0.000" systemtimems="0.000" timestamp="2019-07-07T05:34:47.907" activeThreads="1">
  <mem-info id="2448" free="36700160" total="83886080" percent="43">
    <pending-finalizers system="0" default="0" reference="6" classloader="0" />
    <remembered-set count="94144" freebytes="2971904" totalbytes="3348480" percent="88" regionsoverflowed="0" regionsstable="0" regionsrebuilding="0"/>
  </mem-info>
</gc-end>
<cycle-end id="2449" type="global mark phase" contextid="2338" timestamp="2019-07-07T05:34:47.907" />
  <attribute name="elasticGC enabled" value="1" />
  <attribute name= "numThreadsSpecified" value="1" />
  <attribute name="heapSize specified" value="0" />
  <attribute name="Current GC Util" value="87" />
  <attribute name= "Current Time Running" value="17433" />
  <attribute name ="GC Interval" value="0" />
  <attribute name="ProportionalT" value="33.500000" />
  <attribute name="ProportionalI" value="33.500000" />
  <attribute name="ProportionalH" value="33.500000" />
  <attribute name="Current Error" value="67.000000" />
  <attribute name="IntegralT" value="0.000000" />
  <attribute name="IntegralI" value="0.000000" />
  <attribute name="IntegralH" value="0.000000" />
  <attribute name="DerivativeT" value="inf" />
  <attribute name="DerivativeI" value="inf" />
  <attribute name="DerivativeH" value="inf" />
  <attribute name="Loop Time for DT" value="0.000000" />
  <attribute name="Output H" value="8388608"/>
  <attribute name="Output I" value="200"/>
  <attribute name="Output T" value="1"/>
  <attribute name="Target GC Util Change" value ="20.000000" />
  <attribute name="Current GC Util Change" value="87.000000"/>
  <attribute name="GC Util currently" value="87" />
  <attribute name="CPU Util currently" value="13953875205929" />
<exclusive-end id="2450" timestamp="2019-07-07T05:34:47.907" durationms="2.556" />

<exclusive-start id="2451" timestamp="2019-07-07T05:34:47.915" intervalms="10.619">
  <response-info timems="0.069" idlems="0.069" threads="0" lastid="00000000020B9700" lastname="main" />
</exclusive-start>
<allocation-taxation id="2452" taxation-threshold="13631488" timestamp="2019-07-07T05:34:47.915" intervalms="10.595" />
<cycle-start id="2453" type="partial gc" contextid="0" timestamp="2019-07-07T05:34:47.915" intervalms="22.315" />
<gc-start id="2454" type="partial gc" contextid="2453" timestamp="2019-07-07T05:34:47.915">
  <mem-info id="2455" free="23068672" total="83886080" percent="27">
    <mem type="eden" free="1048504" total="28311552" percent="3" />
    <remembered-set count="63552" freebytes="3094272" totalbytes="3348480" percent="92" regionsoverflowed="0" regionsstable="11" regionsrebuilding="0"/>
  </mem-info>
</gc-start>
<allocation-stats totalBytes="27215008" >
  <allocated-bytes non-tlh="0" tlh="27215008" arrayletleaf="0"/>
  <largest-consumer threadName="main" threadId="00000000020B9700" bytes="13606960" />
</allocation-stats>
<gc-op id="2456" type="sweep" timems="0.606" contextid="2453" timestamp="2019-07-07T05:34:47.916" />
<gc-op id="2457" type="copy forward" timems="1.417" contextid="2453" timestamp="2019-07-07T05:34:47.918">
  <memory-copied type="eden" objects="2" bytes="40" bytesdiscarded="0" />
  <memory-copied type="other" objects="0" bytes="0" bytesdiscarded="0" />
  <memory-cardclean objects="94" bytes="5056" />
  <regions eden="13" other="1" />
  <remembered-set-cleared processed="62248" cleared="14" durationms="0.275" />
  <stringconstants candidates="13640" cleared="0"  />
</gc-op>
<gc-op id="2458" type="classunload" timems="0.003" contextid="2453" timestamp="2019-07-07T05:34:47.918">
  <classunload-info classloadercandidates="53" classloadersunloaded="0" classesunloaded="0" anonymousclassesunloaded="0" quiescems="0.000" setupms="0.003" scanms="0.000" postms="0.000" />
</gc-op>
<gc-end id="2459" type="partial gc" contextid="2453" durationms="3.123" usertimems="0.000" systemtimems="4.000" timestamp="2019-07-07T05:34:47.919" activeThreads="4">
  <mem-info id="2460" free="50331648" total="83886080" percent="60">
    <mem type="eden" free="1048536" total="1048576" percent="99" />
    <remembered-set count="63552" freebytes="3094272" totalbytes="3348480" percent="92" regionsoverflowed="0" regionsstable="11" regionsrebuilding="0"/>
  </mem-info>
</gc-end>
<cycle-end id="2461" type="partial gc" contextid="2453" timestamp="2019-07-07T05:34:47.919" />
  <attribute name="elasticGC enabled" value="1" />
  <attribute name= "numThreadsSpecified" value="4" />
  <attribute name="heapSize specified" value="0" />
  <attribute name="Current GC Util" value="63" />
  <attribute name= "Current Time Running" value="17444" />
  <attribute name ="GC Interval" value="0" />
  <attribute name="ProportionalT" value="21.500000" />
  <attribute name="ProportionalI" value="21.500000" />
  <attribute name="ProportionalH" value="21.500000" />
  <attribute name="Current Error" value="43.000000" />
  <attribute name="IntegralT" value="0.000000" />
  <attribute name="IntegralI" value="0.000000" />
  <attribute name="IntegralH" value="0.000000" />
  <attribute name="DerivativeT" value="-inf" />
  <attribute name="DerivativeI" value="-inf" />
  <attribute name="DerivativeH" value="-inf" />
  <attribute name="Loop Time for DT" value="0.000000" />
  <attribute name="Output H" value="2091843584"/>
  <attribute name="Output I" value="200"/>
  <attribute name="Output T" value="4"/>
  <attribute name="Target GC Util Change" value ="20.000000" />
  <attribute name="Current GC Util Change" value="63.000000"/>
  <attribute name="GC Util currently" value="63" />
  <attribute name="CPU Util currently" value="23014472288546" />
<exclusive-end id="2462" timestamp="2019-07-07T05:34:47.919" durationms="3.946" />

<exclusive-start id="2463" timestamp="2019-07-07T05:34:48.018" intervalms="102.947">
  <response-info timems="0.061" idlems="0.061" threads="0" lastid="00000000020B9700" lastname="main" />
</exclusive-start>
<allocation-taxation id="2464" taxation-threshold="27262976" timestamp="2019-07-07T05:34:48.018" intervalms="102.997" />
<cycle-start id="2465" type="partial gc" contextid="0" timestamp="2019-07-07T05:34:48.018" intervalms="103.063" />
<gc-start id="2466" type="partial gc" contextid="2465" timestamp="2019-07-07T05:34:48.019">
  <mem-info id="2467" free="23068672" total="83886080" percent="27">
    <mem type="eden" free="1048536" total="28311552" percent="3" />
    <remembered-set count="63072" freebytes="3096192" totalbytes="3348480" percent="92" regionsoverflowed="0" regionsstable="11" regionsrebuilding="0"/>
  </mem-info>
</gc-start>
<allocation-stats totalBytes="27216632" >
  <allocated-bytes non-tlh="0" tlh="27216632" arrayletleaf="0"/>
  <largest-consumer threadName="main" threadId="00000000020B9700" bytes="27216632" />
</allocation-stats>
<gc-op id="2468" type="copy forward" timems="1.526" contextid="2465" timestamp="2019-07-07T05:34:48.021">
  <memory-copied type="eden" objects="40" bytes="1568" bytesdiscarded="1168" />
  <memory-copied type="other" objects="21" bytes="480" bytesdiscarded="0" />
  <memory-cardclean objects="125" bytes="4936" />
  <regions eden="26" other="4" />
  <remembered-set-cleared processed="62239" cleared="48" durationms="0.305" />
  <stringconstants candidates="13640" cleared="0"  />
</gc-op>
<gc-op id="2469" type="classunload" timems="0.004" contextid="2465" timestamp="2019-07-07T05:34:48.021">
  <classunload-info classloadercandidates="53" classloadersunloaded="0" classesunloaded="0" anonymousclassesunloaded="0" quiescems="0.000" setupms="0.003" scanms="0.000" postms="0.000" />
</gc-op>
<gc-end id="2470" type="partial gc" contextid="2465" durationms="2.562" usertimems="4.000" systemtimems="0.000" timestamp="2019-07-07T05:34:48.021" activeThreads="4">
  <mem-info id="2471" free="51380224" total="83886080" percent="61">
    <mem type="eden" free="1045840" total="1048576" percent="99" />
    <remembered-set count="64384" freebytes="3090944" totalbytes="3348480" percent="92" regionsoverflowed="0" regionsstable="11" regionsrebuilding="0"/>
  </mem-info>
</gc-end>
<cycle-end id="2472" type="partial gc" contextid="2465" timestamp="2019-07-07T05:34:48.021" />
  <attribute name="elasticGC enabled" value="1" />
  <attribute name= "numThreadsSpecified" value="4" />
  <attribute name="heapSize specified" value="0" />
  <attribute name="Current GC Util" value="63" />
  <attribute name= "Current Time Running" value="17547" />
  <attribute name ="GC Interval" value="0" />
  <attribute name="ProportionalT" value="21.500000" />
  <attribute name="ProportionalI" value="21.500000" />
  <attribute name="ProportionalH" value="21.500000" />
  <attribute name="Current Error" value="43.000000" />
  <attribute name="IntegralT" value="21.500000" />
  <attribute name="IntegralI" value="21.500000" />
  <attribute name="IntegralH" value="21.500000" />
  <attribute name="DerivativeT" value="43.000000" />
  <attribute name="DerivativeI" value="43.000000" />
  <attribute name="DerivativeH" value="43.000000" />
  <attribute name="Loop Time for DT" value="1.000000" />
  <attribute name="Output H" value="8388608"/>
  <attribute name="Output I" value="200"/>
  <attribute name="Output T" value="4"/>
  <attribute name="Target GC Util Change" value ="20.000000" />
  <attribute name="Current GC Util Change" value="63.000000"/>
  <attribute name="GC Util currently" value="63" />
  <attribute name="CPU Util currently" value="19062382654282" />
<exclusive-end id="2473" timestamp="2019-07-07T05:34:48.022" durationms="3.672" />

<exclusive-start id="2474" timestamp="2019-07-07T05:34:48.101" intervalms="83.034">
  <response-info timems="0.062" idlems="0.062" threads="0" lastid="00000000020B9700" lastname="main" />
</exclusive-start>
<allocation-taxation id="2475" taxation-threshold="27262976" timestamp="2019-07-07T05:34:48.101" intervalms="83.071" />
<cycle-start id="2476" type="partial gc" contextid="0" timestamp="2019-07-07T05:34:48.101" intervalms="83.054" />
<gc-start id="2477" type="partial gc" contextid="2476" timestamp="2019-07-07T05:34:48.102">
  <mem-info id="2478" free="24117248" total="83886080" percent="28">
    <mem type="eden" free="0" total="27262976" percent="0" />
    <remembered-set count="63904" freebytes="3092864" totalbytes="3348480" percent="92" regionsoverflowed="0" regionsstable="11" regionsrebuilding="0"/>
  </mem-info>
</gc-start>
<allocation-stats totalBytes="27253304" >
  <allocated-bytes non-tlh="0" tlh="27253304" arrayletleaf="0"/>
  <largest-consumer threadName="main" threadId="00000000020B9700" bytes="27253304" />
</allocation-stats>
<gc-op id="2479" type="copy forward" timems="6.204" contextid="2476" timestamp="2019-07-07T05:34:48.109">
  <memory-copied type="eden" objects="10" bytes="728" bytesdiscarded="0" />
  <memory-copied type="other" objects="47" bytes="1232" bytesdiscarded="888" />
  <memory-cardclean objects="104" bytes="4056" />
  <regions eden="26" other="4" />
  <remembered-set-cleared processed="62237" cleared="48" durationms="0.311" />
  <stringconstants candidates="13640" cleared="0"  />
</gc-op>
<gc-op id="2480" type="classunload" timems="0.005" contextid="2476" timestamp="2019-07-07T05:34:48.109">
  <classunload-info classloadercandidates="53" classloadersunloaded="0" classesunloaded="0" anonymousclassesunloaded="0" quiescems="0.000" setupms="0.005" scanms="0.000" postms="0.000" />
</gc-op>
<heap-resize id="2481" type="contract" space="default" amount="4194304" count="1" timems="0.069" reason="insufficient time being spent in gc" timestamp="2019-07-07T05:34:48.109" />
<gc-end id="2482" type="partial gc" contextid="2476" durationms="7.517" usertimems="0.000" systemtimems="8.000" timestamp="2019-07-07T05:34:48.109" activeThreads="4">
  <mem-info id="2483" free="48234496" total="79691776" percent="60">
    <mem type="eden" free="1047848" total="1048576" percent="99" />
    <remembered-set count="63904" freebytes="3092864" totalbytes="3348480" percent="92" regionsoverflowed="0" regionsstable="11" regionsrebuilding="0"/>
  </mem-info>
</gc-end>
<cycle-end id="2484" type="partial gc" contextid="2476" timestamp="2019-07-07T05:34:48.109" />
  <attribute name="elasticGC enabled" value="1" />
  <attribute name= "numThreadsSpecified" value="4" />
  <attribute name="heapSize specified" value="0" />
  <attribute name="Current GC Util" value="61" />
  <attribute name= "Current Time Running" value="17630" />
  <attribute name ="GC Interval" value="0" />
  <attribute name="ProportionalT" value="20.500000" />
  <attribute name="ProportionalI" value="20.500000" />
  <attribute name="ProportionalH" value="20.500000" />
  <attribute name="Current Error" value="41.000000" />
  <attribute name="IntegralT" value="20.500000" />
  <attribute name="IntegralI" value="20.500000" />
  <attribute name="IntegralH" value="20.500000" />
  <attribute name="DerivativeT" value="41.000000" />
  <attribute name="DerivativeI" value="41.000000" />
  <attribute name="DerivativeH" value="41.000000" />
  <attribute name="Loop Time for DT" value="1.000000" />
  <attribute name="Output H" value="8388608"/>
  <attribute name="Output I" value="200"/>
  <attribute name="Output T" value="4"/>
  <attribute name="Target GC Util Change" value ="20.000000" />
  <attribute name="Current GC Util Change" value="61.000000"/>
  <attribute name="GC Util currently" value="61" />
  <attribute name="CPU Util currently" value="16204666313543" />
<exclusive-end id="2485" timestamp="2019-07-07T05:34:48.110" durationms="8.702" />

<exclusive-start id="2486" timestamp="2019-07-07T05:34:48.166" intervalms="64.632">
  <response-info timems="0.060" idlems="0.060" threads="0" lastid="00000000020B9700" lastname="main" />
</exclusive-start>
<allocation-taxation id="2487" taxation-threshold="26214400" timestamp="2019-07-07T05:34:48.166" intervalms="64.668" />
<cycle-start id="2488" type="partial gc" contextid="0" timestamp="2019-07-07T05:34:48.166" intervalms="64.747" />
<gc-start id="2489" type="partial gc" contextid="2488" timestamp="2019-07-07T05:34:48.167">
  <mem-info id="2490" free="22020096" total="79691776" percent="27">
    <mem type="eden" free="1047848" total="27262976" percent="3" />
    <remembered-set count="63456" freebytes="3094656" totalbytes="3348480" percent="92" regionsoverflowed="0" regionsstable="11" regionsrebuilding="0"/>
  </mem-info>
</gc-start>
<allocation-stats totalBytes="26204184" >
  <allocated-bytes non-tlh="0" tlh="26204184" arrayletleaf="0"/>
  <largest-consumer threadName="main" threadId="00000000020B9700" bytes="26204184" />
</allocation-stats>
<gc-op id="2491" type="copy forward" timems="1.855" contextid="2488" timestamp="2019-07-07T05:34:48.170">
  <memory-copied type="eden" objects="30" bytes="1368" bytesdiscarded="0" />
  <memory-copied type="other" objects="31" bytes="1224" bytesdiscarded="896" />
  <memory-cardclean objects="96" bytes="11872" />
  <regions eden="25" other="3" />
  <remembered-set-cleared processed="62238" cleared="49" durationms="0.316" />
  <references type="weak" candidates="2" cleared="0" enqueued="0" />
  <stringconstants candidates="13640" cleared="0"  />
</gc-op>
<gc-op id="2492" type="classunload" timems="0.004" contextid="2488" timestamp="2019-07-07T05:34:48.170">
  <classunload-info classloadercandidates="53" classloadersunloaded="0" classesunloaded="0" anonymousclassesunloaded="0" quiescems="0.000" setupms="0.004" scanms="0.000" postms="0.000" />
</gc-op>
<heap-resize id="2493" type="contract" space="default" amount="1048576" count="1" timems="0.056" reason="excess free space following gc" timestamp="2019-07-07T05:34:48.170" />
<gc-end id="2494" type="partial gc" contextid="2488" durationms="3.514" usertimems="0.000" systemtimems="4.000" timestamp="2019-07-07T05:34:48.170" activeThreads="4">
  <mem-info id="2495" free="48234496" total="78643200" percent="61">
    <mem type="eden" free="1047208" total="1048576" percent="99" />
    <remembered-set count="64480" freebytes="2923136" totalbytes="3181056" percent="91" regionsoverflowed="0" regionsstable="11" regionsrebuilding="0"/>
  </mem-info>
</gc-end>
<cycle-end id="2496" type="partial gc" contextid="2488" timestamp="2019-07-07T05:34:48.170" />
  <attribute name="elasticGC enabled" value="1" />
  <attribute name= "numThreadsSpecified" value="4" />
  <attribute name="heapSize specified" value="0" />
  <attribute name="Current GC Util" value="42" />
  <attribute name= "Current Time Running" value="17695" />
  <attribute name ="GC Interval" value="0" />
  <attribute name="ProportionalT" value="11.000000" />
  <attribute name="ProportionalI" value="11.000000" />
  <attribute name="ProportionalH" value="11.000000" />
  <attribute name="Current Error" value="22.000000" />
  <attribute name="IntegralT" value="11.000000" />
  <attribute name="IntegralI" value="11.000000" />
  <attribute name="IntegralH" value="11.000000" />
  <attribute name="DerivativeT" value="22.000000" />
  <attribute name="DerivativeI" value="22.000000" />
  <attribute name="DerivativeH" value="22.000000" />
  <attribute name="Loop Time for DT" value="1.000000" />
  <attribute name="Output H" value="8388608"/>
  <attribute name="Output I" value="200"/>
  <attribute name="Output T" value="4"/>
  <attribute name="Target GC Util Change" value ="20.000000" />
  <attribute name="Current GC Util Change" value="42.000000"/>
  <attribute name="GC Util currently" value="42" />
  <attribute name="CPU Util currently" value="9185106816613" />
<exclusive-end id="2497" timestamp="2019-07-07T05:34:48.171" durationms="4.926" />

<exclusive-start id="2498" timestamp="2019-07-07T05:34:48.198" intervalms="32.595">
  <response-info timems="0.072" idlems="0.072" threads="0" lastid="00000000020B9700" lastname="main" />
</exclusive-start>
<allocation-taxation id="2499" taxation-threshold="26214400" timestamp="2019-07-07T05:34:48.198" intervalms="32.565" />
<cycle-start id="2500" type="partial gc" contextid="0" timestamp="2019-07-07T05:34:48.199" intervalms="32.550" />
<gc-start id="2501" type="partial gc" contextid="2500" timestamp="2019-07-07T05:34:48.199">
  <mem-info id="2502" free="22020096" total="78643200" percent="28">
    <mem type="eden" free="0" total="26214400" percent="0" />
    <remembered-set count="62400" freebytes="2931456" totalbytes="3181056" percent="92" regionsoverflowed="0" regionsstable="12" regionsrebuilding="0"/>
  </mem-info>
</gc-start>
<allocation-stats totalBytes="26193760" >
  <allocated-bytes non-tlh="0" tlh="26193760" arrayletleaf="0"/>
  <largest-consumer threadName="main" threadId="00000000020B9700" bytes="26193760" />
</allocation-stats>
<gc-op id="2503" type="copy forward" timems="1.553" contextid="2500" timestamp="2019-07-07T05:34:48.202">
  <memory-copied type="eden" objects="4" bytes="288" bytesdiscarded="0" />
  <memory-copied type="other" objects="63" bytes="3208" bytesdiscarded="504" />
  <memory-cardclean objects="103" bytes="12384" />
  <regions eden="25" other="3" />
  <remembered-set-cleared processed="60668" cleared="56" durationms="0.501" />
  <references type="weak" candidates="14" cleared="0" enqueued="0" />
  <stringconstants candidates="13640" cleared="0"  />
</gc-op>
<gc-op id="2504" type="classunload" timems="0.004" contextid="2500" timestamp="2019-07-07T05:34:48.202">
  <classunload-info classloadercandidates="53" classloadersunloaded="0" classesunloaded="0" anonymousclassesunloaded="0" quiescems="0.000" setupms="0.003" scanms="0.000" postms="0.000" />
</gc-op>
<gc-end id="2505" type="partial gc" contextid="2500" durationms="2.985" usertimems="4.000" systemtimems="0.000" timestamp="2019-07-07T05:34:48.202" activeThreads="1">
  <mem-info id="2506" free="48234496" total="78643200" percent="61">
    <mem type="eden" free="1048288" total="1048576" percent="99" />
    <remembered-set count="61632" freebytes="2892672" totalbytes="3139200" percent="92" regionsoverflowed="0" regionsstable="12" regionsrebuilding="0"/>
  </mem-info>
</gc-end>
<cycle-end id="2507" type="partial gc" contextid="2500" timestamp="2019-07-07T05:34:48.202" />
  <attribute name="elasticGC enabled" value="1" />
  <attribute name= "numThreadsSpecified" value="1" />
  <attribute name="heapSize specified" value="0" />
  <attribute name="Current GC Util" value="40" />
  <attribute name= "Current Time Running" value="17727" />
  <attribute name ="GC Interval" value="0" />
  <attribute name="ProportionalT" value="10.000000" />
  <attribute name="ProportionalI" value="10.000000" />
  <attribute name="ProportionalH" value="10.000000" />
  <attribute name="Current Error" value="20.000000" />
  <attribute name="IntegralT" value="0.000000" />
  <attribute name="IntegralI" value="0.000000" />
  <attribute name="IntegralH" value="0.000000" />
  <attribute name="DerivativeT" value="inf" />
  <attribute name="DerivativeI" value="inf" />
  <attribute name="DerivativeH" value="inf" />
  <attribute name="Loop Time for DT" value="0.000000" />
  <attribute name="Output H" value="8388608"/>
  <attribute name="Output I" value="200"/>
  <attribute name="Output T" value="1"/>
  <attribute name="Target GC Util Change" value ="20.000000" />
  <attribute name="Current GC Util Change" value="40.000000"/>
  <attribute name="GC Util currently" value="40" />
  <attribute name="CPU Util currently" value="10019871604991" />
<exclusive-end id="2508" timestamp="2019-07-07T05:34:48.203" durationms="4.283" />

<exclusive-start id="2509" timestamp="2019-07-07T05:34:48.225" intervalms="26.997">
  <response-info timems="0.073" idlems="0.073" threads="0" lastid="00000000020B9700" lastname="main" />
</exclusive-start>
<allocation-taxation id="2510" taxation-threshold="26214400" timestamp="2019-07-07T05:34:48.225" intervalms="26.981" />
<cycle-start id="2511" type="partial gc" contextid="0" timestamp="2019-07-07T05:34:48.226" intervalms="26.944" />
<gc-start id="2512" type="partial gc" contextid="2511" timestamp="2019-07-07T05:34:48.226">
  <mem-info id="2513" free="22020096" total="78643200" percent="28">
    <mem type="eden" free="0" total="26214400" percent="0" />
    <remembered-set count="61376" freebytes="2893696" totalbytes="3139200" percent="92" regionsoverflowed="0" regionsstable="12" regionsrebuilding="0"/>
  </mem-info>
</gc-start>
<allocation-stats totalBytes="26195376" >
  <allocated-bytes non-tlh="0" tlh="26195376" arrayletleaf="0"/>
  <largest-consumer threadName="main" threadId="00000000020B9700" bytes="26195376" />
</allocation-stats>
<gc-op id="2514" type="copy forward" timems="1.309" contextid="2511" timestamp="2019-07-07T05:34:48.228">
  <memory-copied type="eden" objects="4" bytes="288" bytesdiscarded="0" />
  <memory-copied type="other" objects="7" bytes="160" bytesdiscarded="0" />
  <memory-cardclean objects="31" bytes="1280" />
  <regions eden="25" other="2" />
  <remembered-set-cleared processed="60673" cleared="20" durationms="0.495" />
  <stringconstants candidates="13640" cleared="0"  />
</gc-op>
<gc-op id="2515" type="classunload" timems="0.004" contextid="2511" timestamp="2019-07-07T05:34:48.228">
  <classunload-info classloadercandidates="53" classloadersunloaded="0" classesunloaded="0" anonymousclassesunloaded="0" quiescems="0.000" setupms="0.004" scanms="0.000" postms="0.000" />
</gc-op>
<gc-end id="2516" type="partial gc" contextid="2511" durationms="2.556" usertimems="0.000" systemtimems="0.000" timestamp="2019-07-07T05:34:48.229" activeThreads="1">
  <mem-info id="2517" free="48234496" total="78643200" percent="61">
    <mem type="eden" free="1048288" total="1048576" percent="99" />
    <remembered-set count="61792" freebytes="2892032" totalbytes="3139200" percent="92" regionsoverflowed="0" regionsstable="12" regionsrebuilding="0"/>
  </mem-info>
</gc-end>
<cycle-end id="2518" type="partial gc" contextid="2511" timestamp="2019-07-07T05:34:48.229" />
  <attribute name="elasticGC enabled" value="1" />
  <attribute name= "numThreadsSpecified" value="1" />
  <attribute name="heapSize specified" value="0" />
  <attribute name="Current GC Util" value="79" />
  <attribute name= "Current Time Running" value="17754" />
  <attribute name ="GC Interval" value="0" />
  <attribute name="ProportionalT" value="29.500000" />
  <attribute name="ProportionalI" value="29.500000" />
  <attribute name="ProportionalH" value="29.500000" />
  <attribute name="Current Error" value="59.000000" />
  <attribute name="IntegralT" value="0.000000" />
  <attribute name="IntegralI" value="0.000000" />
  <attribute name="IntegralH" value="0.000000" />
  <attribute name="DerivativeT" value="inf" />
  <attribute name="DerivativeI" value="inf" />
  <attribute name="DerivativeH" value="inf" />
  <attribute name="Loop Time for DT" value="0.000000" />
  <attribute name="Output H" value="8388608"/>
  <attribute name="Output I" value="200"/>
  <attribute name="Output T" value="1"/>
  <attribute name="Target GC Util Change" value ="20.000000" />
  <attribute name="Current GC Util Change" value="79.000000"/>
  <attribute name="GC Util currently" value="79" />
  <attribute name="CPU Util currently" value="17662460065691" />
<exclusive-end id="2519" timestamp="2019-07-07T05:34:48.229" durationms="3.754" />

<exclusive-start id="2520" timestamp="2019-07-07T05:34:48.315" intervalms="89.991">
  <response-info timems="0.113" idlems="0.113" threads="0" lastid="00000000020B9700" lastname="main" />
</exclusive-start>
<allocation-taxation id="2521" taxation-threshold="26214400" timestamp="2019-07-07T05:34:48.315" intervalms="89.937" />
<cycle-start id="2522" type="partial gc" contextid="0" timestamp="2019-07-07T05:34:48.316" intervalms="89.864" />
<gc-start id="2523" type="partial gc" contextid="2522" timestamp="2019-07-07T05:34:48.316">
  <mem-info id="2524" free="22020096" total="78643200" percent="28">
    <mem type="eden" free="1048288" total="27262976" percent="3" />
    <remembered-set count="61376" freebytes="2893696" totalbytes="3139200" percent="92" regionsoverflowed="0" regionsstable="12" regionsrebuilding="0"/>
  </mem-info>
</gc-start>
<allocation-stats totalBytes="26188624" >
  <allocated-bytes non-tlh="25864" tlh="26162760" arrayletleaf="0"/>
  <largest-consumer threadName="main" threadId="00000000020B9700" bytes="26188624" />
</allocation-stats>
<gc-op id="2525" type="copy forward" timems="1.753" contextid="2522" timestamp="2019-07-07T05:34:48.318">
  <memory-copied type="eden" objects="1405" bytes="105048" bytesdiscarded="0" />
  <memory-copied type="other" objects="39" bytes="1032" bytesdiscarded="0" />
  <memory-cardclean objects="638" bytes="37120" />
  <regions eden="25" other="2" />
  <remembered-set-cleared processed="60667" cleared="128" durationms="0.540" />
  <references type="soft" candidates="16" cleared="0" enqueued="0" dynamicThreshold="19" maxThreshold="32" />
  <references type="weak" candidates="68" cleared="0" enqueued="0" />
  <stringconstants candidates="13682" cleared="0"  />
</gc-op>
<gc-op id="2526" type="classunload" timems="0.004" contextid="2522" timestamp="2019-07-07T05:34:48.319">
  <classunload-info classloadercandidates="53" classloadersunloaded="0" classesunloaded="0" anonymousclassesunloaded="0" quiescems="0.000" setupms="0.004" scanms="0.000" postms="0.000" />
</gc-op>
<gc-end id="2527" type="partial gc" contextid="2522" durationms="3.043" usertimems="0.000" systemtimems="4.000" timestamp="2019-07-07T05:34:48.319" activeThreads="1">
  <mem-info id="2528" free="48234496" total="78643200" percent="61">
    <mem type="eden" free="943488" total="1048576" percent="89" />
    <remembered-set count="61632" freebytes="2892672" totalbytes="3139200" percent="92" regionsoverflowed="0" regionsstable="12" regionsrebuilding="0"/>
  </mem-info>
</gc-end>
<cycle-end id="2529" type="partial gc" contextid="2522" timestamp="2019-07-07T05:34:48.319" />
  <attribute name="elasticGC enabled" value="1" />
  <attribute name= "numThreadsSpecified" value="1" />
  <attribute name="heapSize specified" value="0" />
  <attribute name="Current GC Util" value="75" />
  <attribute name= "Current Time Running" value="17844" />
  <attribute name ="GC Interval" value="0" />
  <attribute name="ProportionalT" value="27.500000" />
  <attribute name="ProportionalI" value="27.500000" />
  <attribute name="ProportionalH" value="27.500000" />
  <attribute name="Current Error" value="55.000000" />
  <attribute name="IntegralT" value="0.000000" />
  <attribute name="IntegralI" value="0.000000" />
  <attribute name="IntegralH" value="0.000000" />
  <attribute name="DerivativeT" value="inf" />
  <attribute name="DerivativeI" value="inf" />
  <attribute name="DerivativeH" value="inf" />
  <attribute name="Loop Time for DT" value="0.000000" />
  <attribute name="Output H" value="8388608"/>
  <attribute name="Output I" value="200"/>
  <attribute name="Output T" value="1"/>
  <attribute name="Target GC Util Change" value ="20.000000" />
  <attribute name="Current GC Util Change" value="75.000000"/>
  <attribute name="GC Util currently" value="75" />
  <attribute name="CPU Util currently" value="17507900296691" />
<exclusive-end id="2530" timestamp="2019-07-07T05:34:48.319" durationms="4.128" />

<exclusive-start id="2531" timestamp="2019-07-07T05:34:48.378" intervalms="63.246">
  <response-info timems="0.059" idlems="0.059" threads="0" lastid="00000000020B9700" lastname="main" />
</exclusive-start>
<allocation-taxation id="2532" taxation-threshold="26214400" timestamp="2019-07-07T05:34:48.379" intervalms="63.318" />
<cycle-start id="2533" type="partial gc" contextid="0" timestamp="2019-07-07T05:34:48.379" intervalms="63.400" />
<gc-start id="2534" type="partial gc" contextid="2533" timestamp="2019-07-07T05:34:48.379">
  <mem-info id="2535" free="22020096" total="78643200" percent="28">
    <mem type="eden" free="0" total="26214400" percent="0" />
    <remembered-set count="61504" freebytes="2893184" totalbytes="3139200" percent="92" regionsoverflowed="0" regionsstable="12" regionsrebuilding="0"/>
  </mem-info>
</gc-start>
<allocation-stats totalBytes="26172304" >
  <allocated-bytes non-tlh="0" tlh="26172304" arrayletleaf="0"/>
  <largest-consumer threadName="main" threadId="00000000020B9700" bytes="26172304" />
</allocation-stats>
<gc-op id="2536" type="copy forward" timems="1.743" contextid="2533" timestamp="2019-07-07T05:34:48.382">
  <memory-copied type="eden" objects="2" bytes="1040" bytesdiscarded="0" />
  <memory-copied type="other" objects="1403" bytes="106520" bytesdiscarded="0" />
  <memory-cardclean objects="164" bytes="18856" />
  <regions eden="25" other="2" />
  <remembered-set-cleared processed="60740" cleared="156" durationms="0.531" />
  <references type="soft" candidates="16" cleared="0" enqueued="0" dynamicThreshold="19" maxThreshold="32" />
  <references type="weak" candidates="62" cleared="0" enqueued="0" />
  <stringconstants candidates="13682" cleared="0"  />
</gc-op>
<gc-op id="2537" type="classunload" timems="0.004" contextid="2533" timestamp="2019-07-07T05:34:48.382">
  <classunload-info classloadercandidates="53" classloadersunloaded="0" classesunloaded="0" anonymousclassesunloaded="0" quiescems="0.000" setupms="0.004" scanms="0.000" postms="0.000" />
</gc-op>
<gc-end id="2538" type="partial gc" contextid="2533" durationms="2.896" usertimems="0.000" systemtimems="4.000" timestamp="2019-07-07T05:34:48.382" activeThreads="1">
  <mem-info id="2539" free="47185920" total="78643200" percent="60">
    <mem type="eden" free="1047536" total="1048576" percent="99" />
    <remembered-set count="61792" freebytes="2892032" totalbytes="3139200" percent="92" regionsoverflowed="0" regionsstable="12" regionsrebuilding="0"/>
  </mem-info>
</gc-end>
<cycle-end id="2540" type="partial gc" contextid="2533" timestamp="2019-07-07T05:34:48.382" />
  <attribute name="elasticGC enabled" value="1" />
  <attribute name= "numThreadsSpecified" value="1" />
  <attribute name="heapSize specified" value="0" />
  <attribute name="Current GC Util" value="65" />
  <attribute name= "Current Time Running" value="17907" />
  <attribute name ="GC Interval" value="0" />
  <attribute name="ProportionalT" value="22.500000" />
  <attribute name="ProportionalI" value="22.500000" />
  <attribute name="ProportionalH" value="22.500000" />
  <attribute name="Current Error" value="45.000000" />
  <attribute name="IntegralT" value="0.000000" />
  <attribute name="IntegralI" value="0.000000" />
  <attribute name="IntegralH" value="0.000000" />
  <attribute name="DerivativeT" value="inf" />
  <attribute name="DerivativeI" value="inf" />
  <attribute name="DerivativeH" value="inf" />
  <attribute name="Loop Time for DT" value="0.000000" />
  <attribute name="Output H" value="8388608"/>
  <attribute name="Output I" value="200"/>
  <attribute name="Output T" value="1"/>
  <attribute name="Target GC Util Change" value ="20.000000" />
  <attribute name="Current GC Util Change" value="65.000000"/>
  <attribute name="GC Util currently" value="65" />
  <attribute name="CPU Util currently" value="18394943780219" />
<exclusive-end id="2541" timestamp="2019-07-07T05:34:48.383" durationms="4.183" />

<exclusive-start id="2542" timestamp="2019-07-07T05:34:48.432" intervalms="53.210">
  <response-info timems="0.114" idlems="0.114" threads="0" lastid="00000000020B9700" lastname="main" />
</exclusive-start>
<allocation-taxation id="2543" taxation-threshold="26214400" timestamp="2019-07-07T05:34:48.432" intervalms="53.170" />
<cycle-start id="2544" type="partial gc" contextid="0" timestamp="2019-07-07T05:34:48.432" intervalms="53.155" />
<gc-start id="2545" type="partial gc" contextid="2544" timestamp="2019-07-07T05:34:48.433">
  <mem-info id="2546" free="20971520" total="78643200" percent="26">
    <mem type="eden" free="1047536" total="27262976" percent="3" />
    <remembered-set count="61504" freebytes="2893184" totalbytes="3139200" percent="92" regionsoverflowed="0" regionsstable="12" regionsrebuilding="0"/>
  </mem-info>
</gc-start>
<allocation-stats totalBytes="26169776" >
  <allocated-bytes non-tlh="0" tlh="26169776" arrayletleaf="0"/>
  <largest-consumer threadName="main" threadId="00000000020B9700" bytes="26169776" />
</allocation-stats>
<gc-op id="2547" type="copy forward" timems="1.444" contextid="2544" timestamp="2019-07-07T05:34:48.435">
  <memory-copied type="eden" objects="3" bytes="2056" bytesdiscarded="0" />
  <memory-copied type="other" objects="0" bytes="0" bytesdiscarded="0" />
  <memory-cardclean objects="13" bytes="528" />
  <regions eden="25" other="1" />
  <remembered-set-cleared processed="60767" cleared="4" durationms="0.535" />
  <stringconstants candidates="13682" cleared="0"  />
</gc-op>
<gc-op id="2548" type="classunload" timems="0.004" contextid="2544" timestamp="2019-07-07T05:34:48.435">
  <classunload-info classloadercandidates="53" classloadersunloaded="0" classesunloaded="0" anonymousclassesunloaded="0" quiescems="0.000" setupms="0.004" scanms="0.000" postms="0.000" />
</gc-op>
<gc-end id="2549" type="partial gc" contextid="2544" durationms="2.641" usertimems="4.000" systemtimems="0.000" timestamp="2019-07-07T05:34:48.435" activeThreads="1">
  <mem-info id="2550" free="47185920" total="78643200" percent="60">
    <mem type="eden" free="1046520" total="1048576" percent="99" />
    <remembered-set count="61504" freebytes="2893184" totalbytes="3139200" percent="92" regionsoverflowed="0" regionsstable="12" regionsrebuilding="0"/>
  </mem-info>
</gc-end>
<cycle-end id="2551" type="partial gc" contextid="2544" timestamp="2019-07-07T05:34:48.435" />
  <attribute name="elasticGC enabled" value="1" />
  <attribute name= "numThreadsSpecified" value="1" />
  <attribute name="heapSize specified" value="0" />
  <attribute name="Current GC Util" value="62" />
  <attribute name= "Current Time Running" value="17960" />
  <attribute name ="GC Interval" value="0" />
  <attribute name="ProportionalT" value="21.000000" />
  <attribute name="ProportionalI" value="21.000000" />
  <attribute name="ProportionalH" value="21.000000" />
  <attribute name="Current Error" value="42.000000" />
  <attribute name="IntegralT" value="0.000000" />
  <attribute name="IntegralI" value="0.000000" />
  <attribute name="IntegralH" value="0.000000" />
  <attribute name="DerivativeT" value="inf" />
  <attribute name="DerivativeI" value="inf" />
  <attribute name="DerivativeH" value="inf" />
  <attribute name="Loop Time for DT" value="0.000000" />
  <attribute name="Output H" value="8388608"/>
  <attribute name="Output I" value="200"/>
  <attribute name="Output T" value="1"/>
  <attribute name="Target GC Util Change" value ="20.000000" />
  <attribute name="Current GC Util Change" value="62.000000"/>
  <attribute name="GC Util currently" value="62" />
  <attribute name="CPU Util currently" value="18335702924690" />
<exclusive-end id="2552" timestamp="2019-07-07T05:34:48.436" durationms="3.937" />

<exclusive-start id="2553" timestamp="2019-07-07T05:34:48.630" intervalms="197.909">
  <response-info timems="0.068" idlems="0.068" threads="0" lastid="00000000020B9700" lastname="main" />
</exclusive-start>
<allocation-taxation id="2554" taxation-threshold="26214400" timestamp="2019-07-07T05:34:48.630" intervalms="197.936" />
<cycle-start id="2555" type="partial gc" contextid="0" timestamp="2019-07-07T05:34:48.630" intervalms="197.947" />
<gc-start id="2556" type="partial gc" contextid="2555" timestamp="2019-07-07T05:34:48.630">
  <mem-info id="2557" free="20971520" total="78643200" percent="26">
    <mem type="eden" free="1046520" total="27262976" percent="3" />
    <remembered-set count="61504" freebytes="2893184" totalbytes="3139200" percent="92" regionsoverflowed="0" regionsstable="12" regionsrebuilding="0"/>
  </mem-info>
</gc-start>
<allocation-stats totalBytes="26191448" >
  <allocated-bytes non-tlh="0" tlh="26191448" arrayletleaf="0"/>
  <largest-consumer threadName="main" threadId="00000000020B9700" bytes="26191448" />
</allocation-stats>
<gc-op id="2558" type="copy forward" timems="1.488" contextid="2555" timestamp="2019-07-07T05:34:48.633">
  <memory-copied type="eden" objects="45" bytes="1384" bytesdiscarded="0" />
  <memory-copied type="other" objects="0" bytes="0" bytesdiscarded="0" />
  <memory-cardclean objects="103" bytes="12200" />
  <regions eden="25" other="1" />
  <remembered-set-cleared processed="60767" cleared="39" durationms="0.570" />
  <references type="weak" candidates="18" cleared="0" enqueued="0" />
  <stringconstants candidates="13682" cleared="0"  />
</gc-op>
<gc-op id="2559" type="classunload" timems="0.006" contextid="2555" timestamp="2019-07-07T05:34:48.633">
  <classunload-info classloadercandidates="53" classloadersunloaded="0" classesunloaded="0" anonymousclassesunloaded="0" quiescems="0.000" setupms="0.006" scanms="0.000" postms="0.000" />
</gc-op>
<heap-resize id="2560" type="contract" space="default" amount="4194304" count="1" timems="0.064" reason="insufficient time being spent in gc" timestamp="2019-07-07T05:34:48.633" />
<gc-end id="2561" type="partial gc" contextid="2555" durationms="2.819" usertimems="0.000" systemtimems="4.000" timestamp="2019-07-07T05:34:48.633" activeThreads="1">
  <mem-info id="2562" free="42991616" total="74448896" percent="57">
    <mem type="eden" free="1047192" total="1048576" percent="99" />
    <remembered-set count="61984" freebytes="2891264" totalbytes="3139200" percent="92" regionsoverflowed="0" regionsstable="12" regionsrebuilding="0"/>
  </mem-info>
</gc-end>
<cycle-end id="2563" type="partial gc" contextid="2555" timestamp="2019-07-07T05:34:48.633" />
  <attribute name="elasticGC enabled" value="1" />
  <attribute name= "numThreadsSpecified" value="1" />
  <attribute name="heapSize specified" value="0" />
  <attribute name="Current GC Util" value="63" />
  <attribute name= "Current Time Running" value="18158" />
  <attribute name ="GC Interval" value="0" />
  <attribute name="ProportionalT" value="21.500000" />
  <attribute name="ProportionalI" value="21.500000" />
  <attribute name="ProportionalH" value="21.500000" />
  <attribute name="Current Error" value="43.000000" />
  <attribute name="IntegralT" value="0.000000" />
  <attribute name="IntegralI" value="0.000000" />
  <attribute name="IntegralH" value="0.000000" />
  <attribute name="DerivativeT" value="inf" />
  <attribute name="DerivativeI" value="inf" />
  <attribute name="DerivativeH" value="inf" />
  <attribute name="Loop Time for DT" value="0.000000" />
  <attribute name="Output H" value="8388608"/>
  <attribute name="Output I" value="200"/>
  <attribute name="Output T" value="1"/>
  <attribute name="Target GC Util Change" value ="20.000000" />
  <attribute name="Current GC Util Change" value="63.000000"/>
  <attribute name="GC Util currently" value="63" />
  <attribute name="CPU Util currently" value="18460921929373" />
<exclusive-end id="2564" timestamp="2019-07-07T05:34:48.634" durationms="3.989" />

<exclusive-start id="2565" timestamp="2019-07-07T05:34:48.882" intervalms="251.990">
  <response-info timems="0.033" idlems="0.033" threads="0" lastid="00000000020B9700" lastname="main" />
</exclusive-start>
<allocation-taxation id="2566" taxation-threshold="25165824" timestamp="2019-07-07T05:34:48.882" intervalms="251.953" />
<cycle-start id="2567" type="partial gc" contextid="0" timestamp="2019-07-07T05:34:48.882" intervalms="251.932" />
<gc-start id="2568" type="partial gc" contextid="2567" timestamp="2019-07-07T05:34:48.882">
  <mem-info id="2569" free="17825792" total="74448896" percent="23">
    <mem type="eden" free="0" total="25165824" percent="0" />
    <remembered-set count="61536" freebytes="2893056" totalbytes="3139200" percent="92" regionsoverflowed="0" regionsstable="12" regionsrebuilding="0"/>
  </mem-info>
</gc-start>
<allocation-stats totalBytes="25161576" >
  <allocated-bytes non-tlh="0" tlh="25161576" arrayletleaf="0"/>
  <largest-consumer threadName="main" threadId="00000000020B9700" bytes="25161576" />
</allocation-stats>
<gc-op id="2570" type="copy forward" timems="1.398" contextid="2567" timestamp="2019-07-07T05:34:48.885">
  <memory-copied type="eden" objects="38" bytes="1224" bytesdiscarded="0" />
  <memory-copied type="other" objects="26" bytes="760" bytesdiscarded="0" />
  <memory-cardclean objects="102" bytes="12312" />
  <regions eden="24" other="1" />
  <remembered-set-cleared processed="60768" cleared="48" durationms="0.522" />
  <references type="weak" candidates="34" cleared="0" enqueued="0" />
  <stringconstants candidates="13682" cleared="0"  />
</gc-op>
<gc-op id="2571" type="classunload" timems="0.004" contextid="2567" timestamp="2019-07-07T05:34:48.885">
  <classunload-info classloadercandidates="53" classloadersunloaded="0" classesunloaded="0" anonymousclassesunloaded="0" quiescems="0.000" setupms="0.004" scanms="0.000" postms="0.000" />
</gc-op>
<heap-resize id="2572" type="contract" space="default" amount="4194304" count="1" timems="0.064" reason="insufficient time being spent in gc" timestamp="2019-07-07T05:34:48.885" />
<gc-end id="2573" type="partial gc" contextid="2567" durationms="3.066" usertimems="4.000" systemtimems="0.000" timestamp="2019-07-07T05:34:48.885" activeThreads="1">
  <mem-info id="2574" free="37748736" total="70254592" percent="53">
    <mem type="eden" free="1047352" total="1048576" percent="99" />
    <remembered-set count="61952" freebytes="2723968" totalbytes="2971776" percent="91" regionsoverflowed="0" regionsstable="12" regionsrebuilding="0"/>
  </mem-info>
</gc-end>
<cycle-end id="2575" type="partial gc" contextid="2567" timestamp="2019-07-07T05:34:48.886" />
  <attribute name="elasticGC enabled" value="1" />
  <attribute name= "numThreadsSpecified" value="1" />
  <attribute name="heapSize specified" value="0" />
  <attribute name="Current GC Util" value="40" />
  <attribute name= "Current Time Running" value="18410" />
  <attribute name ="GC Interval" value="0" />
  <attribute name="ProportionalT" value="10.000000" />
  <attribute name="ProportionalI" value="10.000000" />
  <attribute name="ProportionalH" value="10.000000" />
  <attribute name="Current Error" value="20.000000" />
  <attribute name="IntegralT" value="0.000000" />
  <attribute name="IntegralI" value="0.000000" />
  <attribute name="IntegralH" value="0.000000" />
  <attribute name="DerivativeT" value="inf" />
  <attribute name="DerivativeI" value="inf" />
  <attribute name="DerivativeH" value="inf" />
  <attribute name="Loop Time for DT" value="0.000000" />
  <attribute name="Output H" value="8388608"/>
  <attribute name="Output I" value="200"/>
  <attribute name="Output T" value="1"/>
  <attribute name="Target GC Util Change" value ="20.000000" />
  <attribute name="Current GC Util Change" value="40.000000"/>
  <attribute name="GC Util currently" value="40" />
  <attribute name="CPU Util currently" value="10407495137255" />
<exclusive-end id="2576" timestamp="2019-07-07T05:34:48.886" durationms="4.293" />

<exclusive-start id="2577" timestamp="2019-07-07T05:34:48.925" intervalms="43.473">
  <response-info timems="0.032" idlems="0.032" threads="0" lastid="00000000020B9700" lastname="main" />
</exclusive-start>
<allocation-taxation id="2578" taxation-threshold="11534336" timestamp="2019-07-07T05:34:48.925" intervalms="43.454" />
<cycle-start id="2579" type="global mark phase" contextid="0" timestamp="2019-07-07T05:34:48.925" intervalms="1133.715" />
<gc-start id="2580" type="global mark phase" contextid="2579" timestamp="2019-07-07T05:34:48.925">
  <mem-info id="2581" free="26214400" total="70254592" percent="37">
    <remembered-set count="61568" freebytes="2725504" totalbytes="2971776" percent="91" regionsoverflowed="0" regionsstable="12" regionsrebuilding="0"/>
  </mem-info>
</gc-start>
<gc-op id="2582" type="mark increment" timems="1.351" contextid="2579" timestamp="2019-07-07T05:34:48.927">
  <trace-info objectcount="9628" scancount="1702" scanbytes="76976" />
</gc-op>
<gc-end id="2583" type="global mark phase" contextid="2579" durationms="1.573" usertimems="0.000" systemtimems="0.000" timestamp="2019-07-07T05:34:48.927" activeThreads="4">
  <mem-info id="2584" free="26214400" total="70254592" percent="37">
    <remembered-set count="63616" freebytes="2717312" totalbytes="2971776" percent="91" regionsoverflowed="0" regionsstable="0" regionsrebuilding="12"/>
  </mem-info>
</gc-end>
<concurrent-start id="2585" type="GMP work packet processing" contextid="2579" timestamp="2019-07-07T05:34:48.927">
  <concurrent-mark-start scanTarget="1474556" />
</concurrent-start>
<exclusive-end id="2586" timestamp="2019-07-07T05:34:48.927" durationms="2.199" />

<concurrent-end id="2587" type="GMP work packet processing" contextid="2579" timestamp="2019-07-07T05:34:48.928">
  <concurrent-mark-end bytesScanned="1519528" reasonForTermination="Work target met" />
</concurrent-end>

<exclusive-start id="2588" timestamp="2019-07-07T05:34:48.955" intervalms="29.861">
  <response-info timems="0.034" idlems="0.034" threads="0" lastid="00000000020B9700" lastname="main" />
</exclusive-start>
<allocation-taxation id="2589" taxation-threshold="11534336" timestamp="2019-07-07T05:34:48.955" intervalms="29.882" />
<cycle-start id="2590" type="partial gc" contextid="0" timestamp="2019-07-07T05:34:48.955" intervalms="73.357" />
<gc-start id="2591" type="partial gc" contextid="2590" timestamp="2019-07-07T05:34:48.956">
  <mem-info id="2592" free="14680064" total="70254592" percent="20">
    <mem type="eden" free="0" total="23068672" percent="0" />
    <remembered-set count="64000" freebytes="2715776" totalbytes="2971776" percent="91" regionsoverflowed="0" regionsstable="0" regionsrebuilding="12"/>
  </mem-info>
</gc-start>
<allocation-stats totalBytes="23064256" >
  <allocated-bytes non-tlh="0" tlh="23064256" arrayletleaf="0"/>
  <largest-consumer threadName="main" threadId="00000000020B9700" bytes="11532080" />
</allocation-stats>
<gc-op id="2593" type="copy forward" timems="1.757" contextid="2590" timestamp="2019-07-07T05:34:48.959">
  <memory-copied type="eden" objects="5" bytes="240" bytesdiscarded="0" />
  <memory-copied type="other" objects="37" bytes="1200" bytesdiscarded="256" />
  <memory-cardclean objects="1240" bytes="45064" />
  <regions eden="22" other="1" />
  <remembered-set-cleared processed="62177" cleared="301" durationms="0.294" />
  <references type="weak" candidates="16" cleared="0" enqueued="0" />
  <stringconstants candidates="13682" cleared="0"  />
</gc-op>
<gc-op id="2594" type="classunload" timems="0.004" contextid="2590" timestamp="2019-07-07T05:34:48.959">
  <classunload-info classloadercandidates="53" classloadersunloaded="0" classesunloaded="0" anonymousclassesunloaded="0" quiescems="0.000" setupms="0.004" scanms="0.000" postms="0.000" />
</gc-op>
<heap-resize id="2595" type="contract" space="default" amount="4194304" count="1" timems="0.089" reason="insufficient time being spent in gc" timestamp="2019-07-07T05:34:48.959" />
<gc-end id="2596" type="partial gc" contextid="2590" durationms="3.362" usertimems="0.000" systemtimems="4.000" timestamp="2019-07-07T05:34:48.959" activeThreads="4">
  <mem-info id="2597" free="32505856" total="66060288" percent="49">
    <mem type="eden" free="1048336" total="1048576" percent="99" />
    <remembered-set count="64864" freebytes="2544896" totalbytes="2804352" percent="90" regionsoverflowed="0" regionsstable="0" regionsrebuilding="12"/>
  </mem-info>
</gc-end>
<cycle-end id="2598" type="partial gc" contextid="2590" timestamp="2019-07-07T05:34:48.959" />
  <attribute name="elasticGC enabled" value="1" />
  <attribute name= "numThreadsSpecified" value="4" />
  <attribute name="heapSize specified" value="0" />
  <attribute name="Current GC Util" value="45" />
  <attribute name= "Current Time Running" value="18484" />
  <attribute name ="GC Interval" value="0" />
  <attribute name="ProportionalT" value="12.500000" />
  <attribute name="ProportionalI" value="12.500000" />
  <attribute name="ProportionalH" value="12.500000" />
  <attribute name="Current Error" value="25.000000" />
  <attribute name="IntegralT" value="12.500000" />
  <attribute name="IntegralI" value="12.500000" />
  <attribute name="IntegralH" value="12.500000" />
  <attribute name="DerivativeT" value="25.000000" />
  <attribute name="DerivativeI" value="25.000000" />
  <attribute name="DerivativeH" value="25.000000" />
  <attribute name="Loop Time for DT" value="1.000000" />
  <attribute name="Output H" value="8388608"/>
  <attribute name="Output I" value="200"/>
  <attribute name="Output T" value="4"/>
  <attribute name="Target GC Util Change" value ="20.000000" />
  <attribute name="Current GC Util Change" value="45.000000"/>
  <attribute name="GC Util currently" value="45" />
  <attribute name="CPU Util currently" value="10186798638079" />
<exclusive-end id="2599" timestamp="2019-07-07T05:34:48.960" durationms="4.620" />

<exclusive-start id="2600" timestamp="2019-07-07T05:34:48.982" intervalms="27.419">
  <response-info timems="0.313" idlems="0.313" threads="0" lastid="00000000020B9700" lastname="main" />
</exclusive-start>
<allocation-taxation id="2601" taxation-threshold="11534336" timestamp="2019-07-07T05:34:48.983" intervalms="27.447" />
<gc-start id="2602" type="global mark phase" contextid="2579" timestamp="2019-07-07T05:34:48.983">
  <mem-info id="2603" free="20971520" total="66060288" percent="31">
    <remembered-set count="64800" freebytes="2545152" totalbytes="2804352" percent="90" regionsoverflowed="0" regionsstable="0" regionsrebuilding="12"/>
  </mem-info>
</gc-start>
<gc-end id="2604" type="global mark phase" contextid="2579" durationms="0.142" usertimems="0.000" systemtimems="0.000" timestamp="2019-07-07T05:34:48.983" activeThreads="4">
  <mem-info id="2605" free="20971520" total="66060288" percent="31">
    <remembered-set count="64800" freebytes="2545152" totalbytes="2804352" percent="90" regionsoverflowed="0" regionsstable="0" regionsrebuilding="12"/>
  </mem-info>
</gc-end>
<concurrent-start id="2606" type="GMP work packet processing" contextid="2579" timestamp="2019-07-07T05:34:48.983">
  <concurrent-mark-start scanTarget="1474556" />
</concurrent-start>
<concurrent-end id="2607" type="GMP work packet processing" contextid="2579" timestamp="2019-07-07T05:34:48.984">
  <concurrent-mark-end bytesScanned="1518888" reasonForTermination="Work target met" />
</concurrent-end>

<exclusive-end id="2608" timestamp="2019-07-07T05:34:48.984" durationms="1.854" />

<exclusive-start id="2609" timestamp="2019-07-07T05:34:49.007" intervalms="24.436">
  <response-info timems="0.074" idlems="0.074" threads="0" lastid="00000000020B9700" lastname="main" />
</exclusive-start>
<allocation-taxation id="2610" taxation-threshold="11534336" timestamp="2019-07-07T05:34:49.007" intervalms="24.404" />
<cycle-start id="2611" type="partial gc" contextid="0" timestamp="2019-07-07T05:34:49.007" intervalms="51.806" />
<gc-start id="2612" type="partial gc" contextid="2611" timestamp="2019-07-07T05:34:49.007">
  <mem-info id="2613" free="9437184" total="66060288" percent="14">
    <mem type="eden" free="1048336" total="24117248" percent="4" />
    <remembered-set count="67168" freebytes="2535680" totalbytes="2804352" percent="90" regionsoverflowed="0" regionsstable="0" regionsrebuilding="12"/>
  </mem-info>
</gc-start>
<allocation-stats totalBytes="23064112" >
  <allocated-bytes non-tlh="0" tlh="23064112" arrayletleaf="0"/>
  <largest-consumer threadName="main" threadId="00000000020B9700" bytes="11532048" />
</allocation-stats>
<gc-op id="2614" type="copy forward" timems="1.529" contextid="2611" timestamp="2019-07-07T05:34:49.010">
  <memory-copied type="eden" objects="5" bytes="240" bytesdiscarded="0" />
  <memory-copied type="other" objects="0" bytes="0" bytesdiscarded="0" />
  <memory-cardclean objects="25" bytes="1096" />
  <regions eden="22" other="1" />
  <remembered-set-cleared processed="64240" cleared="22" durationms="0.509" />
  <stringconstants candidates="13682" cleared="0"  />
</gc-op>
<gc-op id="2615" type="classunload" timems="0.004" contextid="2611" timestamp="2019-07-07T05:34:49.010">
  <classunload-info classloadercandidates="53" classloadersunloaded="0" classesunloaded="0" anonymousclassesunloaded="0" quiescems="0.000" setupms="0.004" scanms="0.000" postms="0.000" />
</gc-op>
<gc-end id="2616" type="partial gc" contextid="2611" durationms="2.836" usertimems="0.000" systemtimems="0.000" timestamp="2019-07-07T05:34:49.010" activeThreads="1">
  <mem-info id="2617" free="32505856" total="66060288" percent="49">
    <mem type="eden" free="1048336" total="1048576" percent="99" />
    <remembered-set count="66432" freebytes="2371200" totalbytes="2636928" percent="89" regionsoverflowed="0" regionsstable="0" regionsrebuilding="12"/>
  </mem-info>
</gc-end>
<cycle-end id="2618" type="partial gc" contextid="2611" timestamp="2019-07-07T05:34:49.010" />
  <attribute name="elasticGC enabled" value="1" />
  <attribute name= "numThreadsSpecified" value="1" />
  <attribute name="heapSize specified" value="0" />
  <attribute name="Current GC Util" value="45" />
  <attribute name= "Current Time Running" value="18535" />
  <attribute name ="GC Interval" value="0" />
  <attribute name="ProportionalT" value="12.500000" />
  <attribute name="ProportionalI" value="12.500000" />
  <attribute name="ProportionalH" value="12.500000" />
  <attribute name="Current Error" value="25.000000" />
  <attribute name="IntegralT" value="0.000000" />
  <attribute name="IntegralI" value="0.000000" />
  <attribute name="IntegralH" value="0.000000" />
  <attribute name="DerivativeT" value="inf" />
  <attribute name="DerivativeI" value="inf" />
  <attribute name="DerivativeH" value="inf" />
  <attribute name="Loop Time for DT" value="0.000000" />
  <attribute name="Output H" value="8388608"/>
  <attribute name="Output I" value="200"/>
  <attribute name="Output T" value="1"/>
  <attribute name="Target GC Util Change" value ="20.000000" />
  <attribute name="Current GC Util Change" value="45.000000"/>
  <attribute name="GC Util currently" value="45" />
  <attribute name="CPU Util currently" value="10854141623825" />
<exclusive-end id="2619" timestamp="2019-07-07T05:34:49.011" durationms="3.983" />

<exclusive-start id="2620" timestamp="2019-07-07T05:34:49.033" intervalms="26.644">
  <response-info timems="0.088" idlems="0.088" threads="0" lastid="00000000020B9700" lastname="main" />
</exclusive-start>
<allocation-taxation id="2621" taxation-threshold="11534336" timestamp="2019-07-07T05:34:49.034" intervalms="26.701" />
<gc-start id="2622" type="global mark phase" contextid="2579" timestamp="2019-07-07T05:34:49.034">
  <mem-info id="2623" free="20971520" total="66060288" percent="31">
    <remembered-set count="66016" freebytes="2372864" totalbytes="2636928" percent="89" regionsoverflowed="0" regionsstable="0" regionsrebuilding="12"/>
  </mem-info>
</gc-start>
<gc-end id="2624" type="global mark phase" contextid="2579" durationms="0.134" usertimems="0.000" systemtimems="0.000" timestamp="2019-07-07T05:34:49.034" activeThreads="1">
  <mem-info id="2625" free="20971520" total="66060288" percent="31">
    <remembered-set count="66016" freebytes="2372864" totalbytes="2636928" percent="89" regionsoverflowed="0" regionsstable="0" regionsrebuilding="12"/>
  </mem-info>
</gc-end>
<concurrent-start id="2626" type="GMP work packet processing" contextid="2579" timestamp="2019-07-07T05:34:49.034">
  <concurrent-mark-start scanTarget="2949113" />
</concurrent-start>
<concurrent-end id="2627" type="GMP work packet processing" contextid="2579" timestamp="2019-07-07T05:34:49.036">
  <concurrent-mark-end bytesScanned="2994044" reasonForTermination="Work target met" />
</concurrent-end>

<exclusive-end id="2628" timestamp="2019-07-07T05:34:49.036" durationms="2.395" />

<exclusive-start id="2629" timestamp="2019-07-07T05:34:49.058" intervalms="24.966">
  <response-info timems="0.102" idlems="0.102" threads="0" lastid="00000000020B9700" lastname="main" />
</exclusive-start>
<allocation-taxation id="2630" taxation-threshold="11534336" timestamp="2019-07-07T05:34:49.059" intervalms="24.895" />
<cycle-start id="2631" type="partial gc" contextid="0" timestamp="2019-07-07T05:34:49.059" intervalms="51.593" />
<gc-start id="2632" type="partial gc" contextid="2631" timestamp="2019-07-07T05:34:49.059">
  <mem-info id="2633" free="9437184" total="66060288" percent="14">
    <mem type="eden" free="1048336" total="24117248" percent="4" />
    <remembered-set count="72032" freebytes="2348800" totalbytes="2636928" percent="89" regionsoverflowed="0" regionsstable="0" regionsrebuilding="12"/>
  </mem-info>
</gc-start>
<allocation-stats totalBytes="23064112" >
  <allocated-bytes non-tlh="0" tlh="23064112" arrayletleaf="0"/>
  <largest-consumer threadName="main" threadId="00000000020B9700" bytes="11532072" />
</allocation-stats>
<gc-op id="2634" type="copy forward" timems="1.548" contextid="2631" timestamp="2019-07-07T05:34:49.061">
  <memory-copied type="eden" objects="8" bytes="296" bytesdiscarded="0" />
  <memory-copied type="other" objects="0" bytes="0" bytesdiscarded="0" />
  <memory-cardclean objects="25" bytes="1096" />
  <regions eden="22" other="1" />
  <remembered-set-cleared processed="68967" cleared="17" durationms="0.555" />
  <stringconstants candidates="13682" cleared="0"  />
</gc-op>
<gc-op id="2635" type="classunload" timems="0.004" contextid="2631" timestamp="2019-07-07T05:34:49.061">
  <classunload-info classloadercandidates="53" classloadersunloaded="0" classesunloaded="0" anonymousclassesunloaded="0" quiescems="0.000" setupms="0.004" scanms="0.000" postms="0.000" />
</gc-op>
<gc-end id="2636" type="partial gc" contextid="2631" durationms="2.598" usertimems="0.000" systemtimems="0.000" timestamp="2019-07-07T05:34:49.062" activeThreads="1">
  <mem-info id="2637" free="32505856" total="66060288" percent="49">
    <mem type="eden" free="1048280" total="1048576" percent="99" />
    <remembered-set count="72448" freebytes="2347136" totalbytes="2636928" percent="89" regionsoverflowed="0" regionsstable="0" regionsrebuilding="12"/>
  </mem-info>
</gc-end>
<cycle-end id="2638" type="partial gc" contextid="2631" timestamp="2019-07-07T05:34:49.062" />
  <attribute name="elasticGC enabled" value="1" />
  <attribute name= "numThreadsSpecified" value="1" />
  <attribute name="heapSize specified" value="0" />
  <attribute name="Current GC Util" value="76" />
  <attribute name= "Current Time Running" value="18587" />
  <attribute name ="GC Interval" value="0" />
  <attribute name="ProportionalT" value="28.000000" />
  <attribute name="ProportionalI" value="28.000000" />
  <attribute name="ProportionalH" value="28.000000" />
  <attribute name="Current Error" value="56.000000" />
  <attribute name="IntegralT" value="0.000000" />
  <attribute name="IntegralI" value="0.000000" />
  <attribute name="IntegralH" value="0.000000" />
  <attribute name="DerivativeT" value="inf" />
  <attribute name="DerivativeI" value="inf" />
  <attribute name="DerivativeH" value="inf" />
  <attribute name="Loop Time for DT" value="0.000000" />
  <attribute name="Output H" value="8388608"/>
  <attribute name="Output I" value="200"/>
  <attribute name="Output T" value="1"/>
  <attribute name="Target GC Util Change" value ="20.000000" />
  <attribute name="Current GC Util Change" value="76.000000"/>
  <attribute name="GC Util currently" value="76" />
  <attribute name="CPU Util currently" value="19040188534940" />
<exclusive-end id="2639" timestamp="2019-07-07T05:34:49.062" durationms="3.683" />

<exclusive-start id="2640" timestamp="2019-07-07T05:34:49.085" intervalms="26.393">
  <response-info timems="0.089" idlems="0.089" threads="0" lastid="00000000020B9700" lastname="main" />
</exclusive-start>
<allocation-taxation id="2641" taxation-threshold="11534336" timestamp="2019-07-07T05:34:49.085" intervalms="26.453" />
<gc-start id="2642" type="global mark phase" contextid="2579" timestamp="2019-07-07T05:34:49.085">
  <mem-info id="2643" free="20971520" total="66060288" percent="31">
    <remembered-set count="72032" freebytes="2348800" totalbytes="2636928" percent="89" regionsoverflowed="0" regionsstable="0" regionsrebuilding="12"/>
  </mem-info>
</gc-start>
<gc-end id="2644" type="global mark phase" contextid="2579" durationms="0.099" usertimems="0.000" systemtimems="0.000" timestamp="2019-07-07T05:34:49.085" activeThreads="1">
  <mem-info id="2645" free="20971520" total="66060288" percent="31">
    <remembered-set count="72032" freebytes="2348800" totalbytes="2636928" percent="89" regionsoverflowed="0" regionsstable="0" regionsrebuilding="12"/>
  </mem-info>
</gc-end>
<concurrent-start id="2646" type="GMP work packet processing" contextid="2579" timestamp="2019-07-07T05:34:49.085">
  <concurrent-mark-start scanTarget="1474556" />
</concurrent-start>
<concurrent-end id="2647" type="GMP work packet processing" contextid="2579" timestamp="2019-07-07T05:34:49.086">
  <concurrent-mark-end bytesScanned="1515296" reasonForTermination="Work target met" />
</concurrent-end>

<exclusive-end id="2648" timestamp="2019-07-07T05:34:49.086" durationms="1.513" />

<exclusive-start id="2649" timestamp="2019-07-07T05:34:49.109" intervalms="24.276">
  <response-info timems="0.085" idlems="0.085" threads="0" lastid="00000000020B9700" lastname="main" />
</exclusive-start>
<allocation-taxation id="2650" taxation-threshold="11534336" timestamp="2019-07-07T05:34:49.109" intervalms="24.234" />
<cycle-start id="2651" type="partial gc" contextid="0" timestamp="2019-07-07T05:34:49.109" intervalms="50.691" />
<gc-start id="2652" type="partial gc" contextid="2651" timestamp="2019-07-07T05:34:49.110">
  <mem-info id="2653" free="9437184" total="66060288" percent="14">
    <mem type="eden" free="1048280" total="24117248" percent="4" />
    <remembered-set count="72160" freebytes="2348288" totalbytes="2636928" percent="89" regionsoverflowed="0" regionsstable="0" regionsrebuilding="12"/>
  </mem-info>
</gc-start>
<allocation-stats totalBytes="23064384" >
  <allocated-bytes non-tlh="0" tlh="23064384" arrayletleaf="0"/>
  <largest-consumer threadName="main" threadId="00000000020B9700" bytes="11532048" />
</allocation-stats>
<gc-op id="2654" type="copy forward" timems="1.700" contextid="2651" timestamp="2019-07-07T05:34:49.112">
  <memory-copied type="eden" objects="5" bytes="240" bytesdiscarded="0" />
  <memory-copied type="other" objects="0" bytes="0" bytesdiscarded="0" />
  <memory-cardclean objects="25" bytes="1096" />
  <regions eden="22" other="1" />
  <remembered-set-cleared processed="69549" cleared="18" durationms="0.307" />
  <stringconstants candidates="13682" cleared="0"  />
</gc-op>
<gc-op id="2655" type="classunload" timems="0.004" contextid="2651" timestamp="2019-07-07T05:34:49.112">
  <classunload-info classloadercandidates="53" classloadersunloaded="0" classesunloaded="0" anonymousclassesunloaded="0" quiescems="0.000" setupms="0.003" scanms="0.000" postms="0.000" />
</gc-op>
<gc-end id="2656" type="partial gc" contextid="2651" durationms="2.727" usertimems="4.000" systemtimems="0.000" timestamp="2019-07-07T05:34:49.112" activeThreads="4">
  <mem-info id="2657" free="32505856" total="66060288" percent="49">
    <mem type="eden" free="1048336" total="1048576" percent="99" />
    <remembered-set count="72544" freebytes="2346752" totalbytes="2636928" percent="88" regionsoverflowed="0" regionsstable="0" regionsrebuilding="12"/>
  </mem-info>
</gc-end>
<cycle-end id="2658" type="partial gc" contextid="2651" timestamp="2019-07-07T05:34:49.113" />
  <attribute name="elasticGC enabled" value="1" />
  <attribute name= "numThreadsSpecified" value="4" />
  <attribute name="heapSize specified" value="0" />
  <attribute name="Current GC Util" value="91" />
  <attribute name= "Current Time Running" value="18638" />
  <attribute name ="GC Interval" value="0" />
  <attribute name="ProportionalT" value="35.500000" />
  <attribute name="ProportionalI" value="35.500000" />
  <attribute name="ProportionalH" value="35.500000" />
  <attribute name="Current Error" value="71.000000" />
  <attribute name="IntegralT" value="35.500000" />
  <attribute name="IntegralI" value="35.500000" />
  <attribute name="IntegralH" value="35.500000" />
  <attribute name="DerivativeT" value="71.000000" />
  <attribute name="DerivativeI" value="71.000000" />
  <attribute name="DerivativeH" value="71.000000" />
  <attribute name="Loop Time for DT" value="1.000000" />
  <attribute name="Output H" value="8388608"/>
  <attribute name="Output I" value="200"/>
  <attribute name="Output T" value="4"/>
  <attribute name="Target GC Util Change" value ="20.000000" />
  <attribute name="Current GC Util Change" value="91.000000"/>
  <attribute name="GC Util currently" value="91" />
  <attribute name="CPU Util currently" value="18395530780516" />
<exclusive-end id="2659" timestamp="2019-07-07T05:34:49.113" durationms="3.846" />

<exclusive-start id="2660" timestamp="2019-07-07T05:34:49.135" intervalms="26.359">
  <response-info timems="0.057" idlems="0.057" threads="0" lastid="00000000020B9700" lastname="main" />
</exclusive-start>
<allocation-taxation id="2661" taxation-threshold="11534336" timestamp="2019-07-07T05:34:49.136" intervalms="26.368" />
<gc-start id="2662" type="global mark phase" contextid="2579" timestamp="2019-07-07T05:34:49.136">
  <mem-info id="2663" free="20971520" total="66060288" percent="31">
    <remembered-set count="72064" freebytes="2348672" totalbytes="2636928" percent="89" regionsoverflowed="0" regionsstable="0" regionsrebuilding="12"/>
  </mem-info>
</gc-start>
<gc-end id="2664" type="global mark phase" contextid="2579" durationms="0.156" usertimems="0.000" systemtimems="0.000" timestamp="2019-07-07T05:34:49.136" activeThreads="4">
  <mem-info id="2665" free="20971520" total="66060288" percent="31">
    <remembered-set count="72064" freebytes="2348672" totalbytes="2636928" percent="89" regionsoverflowed="0" regionsstable="0" regionsrebuilding="12"/>
  </mem-info>
</gc-end>
<concurrent-start id="2666" type="GMP work packet processing" contextid="2579" timestamp="2019-07-07T05:34:49.136">
  <concurrent-mark-start scanTarget="1474556" />
</concurrent-start>
<exclusive-end id="2667" timestamp="2019-07-07T05:34:49.137" durationms="1.685" />

<concurrent-end id="2668" type="GMP work packet processing" contextid="2579" timestamp="2019-07-07T05:34:49.137">
  <concurrent-mark-end bytesScanned="1512264" reasonForTermination="Work target met" />
</concurrent-end>

<exclusive-start id="2669" timestamp="2019-07-07T05:34:49.160" intervalms="24.316">
  <response-info timems="0.081" idlems="0.081" threads="0" lastid="00000000020B9700" lastname="main" />
</exclusive-start>
<allocation-taxation id="2670" taxation-threshold="11534336" timestamp="2019-07-07T05:34:49.160" intervalms="24.272" />
<cycle-start id="2671" type="partial gc" contextid="0" timestamp="2019-07-07T05:34:49.160" intervalms="50.681" />
<gc-start id="2672" type="partial gc" contextid="2671" timestamp="2019-07-07T05:34:49.160">
  <mem-info id="2673" free="9437184" total="66060288" percent="14">
    <mem type="eden" free="1048336" total="24117248" percent="4" />
    <remembered-set count="73440" freebytes="2343168" totalbytes="2636928" percent="88" regionsoverflowed="0" regionsstable="0" regionsrebuilding="12"/>
  </mem-info>
</gc-start>
<allocation-stats totalBytes="23064088" >
  <allocated-bytes non-tlh="0" tlh="23064088" arrayletleaf="0"/>
  <largest-consumer threadName="main" threadId="00000000020B9700" bytes="11531952" />
</allocation-stats>
<gc-op id="2674" type="copy forward" timems="1.569" contextid="2671" timestamp="2019-07-07T05:34:49.163">
  <memory-copied type="eden" objects="6" bytes="256" bytesdiscarded="0" />
  <memory-copied type="other" objects="0" bytes="0" bytesdiscarded="0" />
  <memory-cardclean objects="25" bytes="1096" />
  <regions eden="22" other="1" />
  <remembered-set-cleared processed="70551" cleared="17" durationms="0.578" />
  <stringconstants candidates="13682" cleared="0"  />
</gc-op>
<gc-op id="2675" type="classunload" timems="0.004" contextid="2671" timestamp="2019-07-07T05:34:49.163">
  <classunload-info classloadercandidates="53" classloadersunloaded="0" classesunloaded="0" anonymousclassesunloaded="0" quiescems="0.000" setupms="0.004" scanms="0.000" postms="0.000" />
</gc-op>
<gc-end id="2676" type="partial gc" contextid="2671" durationms="2.749" usertimems="0.000" systemtimems="0.000" timestamp="2019-07-07T05:34:49.163" activeThreads="1">
  <mem-info id="2677" free="32505856" total="66060288" percent="49">
    <mem type="eden" free="1048320" total="1048576" percent="99" />
    <remembered-set count="73888" freebytes="2341376" totalbytes="2636928" percent="88" regionsoverflowed="0" regionsstable="0" regionsrebuilding="12"/>
  </mem-info>
</gc-end>
<cycle-end id="2678" type="partial gc" contextid="2671" timestamp="2019-07-07T05:34:49.163" />
  <attribute name="elasticGC enabled" value="1" />
  <attribute name= "numThreadsSpecified" value="1" />
  <attribute name="heapSize specified" value="0" />
  <attribute name="Current GC Util" value="59" />
  <attribute name= "Current Time Running" value="18688" />
  <attribute name ="GC Interval" value="0" />
  <attribute name="ProportionalT" value="19.500000" />
  <attribute name="ProportionalI" value="19.500000" />
  <attribute name="ProportionalH" value="19.500000" />
  <attribute name="Current Error" value="39.000000" />
  <attribute name="IntegralT" value="0.000000" />
  <attribute name="IntegralI" value="0.000000" />
  <attribute name="IntegralH" value="0.000000" />
  <attribute name="DerivativeT" value="inf" />
  <attribute name="DerivativeI" value="inf" />
  <attribute name="DerivativeH" value="inf" />
  <attribute name="Loop Time for DT" value="0.000000" />
  <attribute name="Output H" value="8388608"/>
  <attribute name="Output I" value="200"/>
  <attribute name="Output T" value="1"/>
  <attribute name="Target GC Util Change" value ="20.000000" />
  <attribute name="Current GC Util Change" value="59.000000"/>
  <attribute name="GC Util currently" value="59" />
  <attribute name="CPU Util currently" value="20262151679450" />
<exclusive-end id="2679" timestamp="2019-07-07T05:34:49.164" durationms="4.019" />

<exclusive-start id="2680" timestamp="2019-07-07T05:34:49.186" intervalms="26.531">
  <response-info timems="0.077" idlems="0.077" threads="0" lastid="00000000020B9700" lastname="main" />
</exclusive-start>
<allocation-taxation id="2681" taxation-threshold="11534336" timestamp="2019-07-07T05:34:49.186" intervalms="26.582" />
<gc-start id="2682" type="global mark phase" contextid="2579" timestamp="2019-07-07T05:34:49.187">
  <mem-info id="2683" free="20971520" total="66060288" percent="31">
    <remembered-set count="73472" freebytes="2343040" totalbytes="2636928" percent="88" regionsoverflowed="0" regionsstable="0" regionsrebuilding="12"/>
  </mem-info>
</gc-start>
<gc-end id="2684" type="global mark phase" contextid="2579" durationms="0.212" usertimems="0.000" systemtimems="0.000" timestamp="2019-07-07T05:34:49.187" activeThreads="1">
  <mem-info id="2685" free="20971520" total="66060288" percent="31">
    <remembered-set count="73472" freebytes="2343040" totalbytes="2636928" percent="88" regionsoverflowed="0" regionsstable="0" regionsrebuilding="12"/>
  </mem-info>
</gc-end>
<concurrent-start id="2686" type="GMP work packet processing" contextid="2579" timestamp="2019-07-07T05:34:49.187">
  <concurrent-mark-start scanTarget="1048576" />
</concurrent-start>
<exclusive-end id="2687" timestamp="2019-07-07T05:34:49.188" durationms="1.558" />

<concurrent-end id="2688" type="GMP work packet processing" contextid="2579" timestamp="2019-07-07T05:34:49.188">
  <concurrent-mark-end bytesScanned="1093808" reasonForTermination="Work target met" />
</concurrent-end>

<exclusive-start id="2689" timestamp="2019-07-07T05:34:49.210" intervalms="24.060">
  <response-info timems="0.077" idlems="0.077" threads="0" lastid="00000000020B9700" lastname="main" />
</exclusive-start>
<allocation-taxation id="2690" taxation-threshold="11534336" timestamp="2019-07-07T05:34:49.210" intervalms="24.011" />
<cycle-start id="2691" type="partial gc" contextid="0" timestamp="2019-07-07T05:34:49.211" intervalms="50.635" />
<gc-start id="2692" type="partial gc" contextid="2691" timestamp="2019-07-07T05:34:49.211">
  <mem-info id="2693" free="9437184" total="66060288" percent="14">
    <mem type="eden" free="1048320" total="24117248" percent="4" />
    <remembered-set count="76288" freebytes="2331776" totalbytes="2636928" percent="88" regionsoverflowed="0" regionsstable="0" regionsrebuilding="12"/>
  </mem-info>
</gc-start>
<allocation-stats totalBytes="23063984" >
  <allocated-bytes non-tlh="0" tlh="23063984" arrayletleaf="0"/>
  <largest-consumer threadName="main" threadId="00000000020B9700" bytes="11531944" />
</allocation-stats>
<gc-op id="2694" type="copy forward" timems="1.512" contextid="2691" timestamp="2019-07-07T05:34:49.213">
  <memory-copied type="eden" objects="2" bytes="104" bytesdiscarded="0" />
  <memory-copied type="other" objects="0" bytes="0" bytesdiscarded="0" />
  <memory-cardclean objects="25" bytes="1096" />
  <regions eden="22" other="1" />
  <remembered-set-cleared processed="73681" cleared="18" durationms="0.577" />
  <stringconstants candidates="13682" cleared="0"  />
</gc-op>
<gc-op id="2695" type="classunload" timems="0.004" contextid="2691" timestamp="2019-07-07T05:34:49.213">
  <classunload-info classloadercandidates="53" classloadersunloaded="0" classesunloaded="0" anonymousclassesunloaded="0" quiescems="0.000" setupms="0.003" scanms="0.000" postms="0.000" />
</gc-op>
<gc-end id="2696" type="partial gc" contextid="2691" durationms="2.729" usertimems="4.000" systemtimems="0.000" timestamp="2019-07-07T05:34:49.214" activeThreads="1">
  <mem-info id="2697" free="32505856" total="66060288" percent="49">
    <mem type="eden" free="1048472" total="1048576" percent="99" />
    <remembered-set count="76704" freebytes="2330112" totalbytes="2636928" percent="88" regionsoverflowed="0" regionsstable="0" regionsrebuilding="12"/>
  </mem-info>
</gc-end>
<cycle-end id="2698" type="partial gc" contextid="2691" timestamp="2019-07-07T05:34:49.214" />
  <attribute name="elasticGC enabled" value="1" />
  <attribute name= "numThreadsSpecified" value="1" />
  <attribute name="heapSize specified" value="0" />
  <attribute name="Current GC Util" value="58" />
  <attribute name= "Current Time Running" value="18739" />
  <attribute name ="GC Interval" value="0" />
  <attribute name="ProportionalT" value="19.000000" />
  <attribute name="ProportionalI" value="19.000000" />
  <attribute name="ProportionalH" value="19.000000" />
  <attribute name="Current Error" value="38.000000" />
  <attribute name="IntegralT" value="0.000000" />
  <attribute name="IntegralI" value="0.000000" />
  <attribute name="IntegralH" value="0.000000" />
  <attribute name="DerivativeT" value="inf" />
  <attribute name="DerivativeI" value="inf" />
  <attribute name="DerivativeH" value="inf" />
  <attribute name="Loop Time for DT" value="0.000000" />
  <attribute name="Output H" value="8388608"/>
  <attribute name="Output I" value="200"/>
  <attribute name="Output T" value="1"/>
  <attribute name="Target GC Util Change" value ="20.000000" />
  <attribute name="Current GC Util Change" value="58.000000"/>
  <attribute name="GC Util currently" value="58" />
  <attribute name="CPU Util currently" value="16171481215990" />
<exclusive-end id="2699" timestamp="2019-07-07T05:34:49.214" durationms="3.848" />

<exclusive-start id="2700" timestamp="2019-07-07T05:34:49.237" intervalms="26.495">
  <response-info timems="0.076" idlems="0.076" threads="0" lastid="00000000020B9700" lastname="main" />
</exclusive-start>
<allocation-taxation id="2701" taxation-threshold="11534336" timestamp="2019-07-07T05:34:49.237" intervalms="26.542" />
<gc-start id="2702" type="global mark phase" contextid="2579" timestamp="2019-07-07T05:34:49.237">
  <mem-info id="2703" free="20971520" total="66060288" percent="31">
    <remembered-set count="76288" freebytes="2331776" totalbytes="2636928" percent="88" regionsoverflowed="0" regionsstable="0" regionsrebuilding="12"/>
  </mem-info>
</gc-start>
<gc-end id="2704" type="global mark phase" contextid="2579" durationms="0.154" usertimems="0.000" systemtimems="0.000" timestamp="2019-07-07T05:34:49.237" activeThreads="1">
  <mem-info id="2705" free="20971520" total="66060288" percent="31">
    <remembered-set count="76288" freebytes="2331776" totalbytes="2636928" percent="88" regionsoverflowed="0" regionsstable="0" regionsrebuilding="12"/>
  </mem-info>
</gc-end>
<concurrent-start id="2706" type="GMP work packet processing" contextid="2579" timestamp="2019-07-07T05:34:49.238">
  <concurrent-mark-start scanTarget="1048576" />
</concurrent-start>
<exclusive-end id="2707" timestamp="2019-07-07T05:34:49.238" durationms="0.905" />

<concurrent-end id="2708" type="GMP work packet processing" contextid="2579" timestamp="2019-07-07T05:34:49.238">
  <concurrent-mark-end bytesScanned="1088688" reasonForTermination="Work target met" />
</concurrent-end>

<exclusive-start id="2709" timestamp="2019-07-07T05:34:49.261" intervalms="23.981">
  <response-info timems="0.068" idlems="0.068" threads="0" lastid="00000000020B9700" lastname="main" />
</exclusive-start>
<allocation-taxation id="2710" taxation-threshold="11534336" timestamp="2019-07-07T05:34:49.261" intervalms="23.992" />
<cycle-start id="2711" type="partial gc" contextid="0" timestamp="2019-07-07T05:34:49.261" intervalms="50.498" />
<gc-start id="2712" type="partial gc" contextid="2711" timestamp="2019-07-07T05:34:49.262">
  <mem-info id="2713" free="9437184" total="66060288" percent="14">
    <mem type="eden" free="1048472" total="24117248" percent="4" />
    <remembered-set count="78624" freebytes="2322432" totalbytes="2636928" percent="88" regionsoverflowed="0" regionsstable="0" regionsrebuilding="12"/>
  </mem-info>
</gc-start>
<allocation-stats totalBytes="23064024" >
  <allocated-bytes non-tlh="0" tlh="23064024" arrayletleaf="0"/>
  <largest-consumer threadName="main" threadId="00000000020B9700" bytes="11532024" />
</allocation-stats>
<gc-op id="2714" type="copy forward" timems="1.553" contextid="2711" timestamp="2019-07-07T05:34:49.264">
  <memory-copied type="eden" objects="1" bytes="24" bytesdiscarded="0" />
  <memory-copied type="other" objects="0" bytes="0" bytesdiscarded="0" />
  <memory-cardclean objects="25" bytes="1096" />
  <regions eden="22" other="1" />
  <remembered-set-cleared processed="76126" cleared="15" durationms="0.602" />
  <stringconstants candidates="13682" cleared="0"  />
</gc-op>
<gc-op id="2715" type="classunload" timems="0.003" contextid="2711" timestamp="2019-07-07T05:34:49.264">
  <classunload-info classloadercandidates="53" classloadersunloaded="0" classesunloaded="0" anonymousclassesunloaded="0" quiescems="0.000" setupms="0.003" scanms="0.000" postms="0.000" />
</gc-op>
<gc-end id="2716" type="partial gc" contextid="2711" durationms="2.729" usertimems="0.000" systemtimems="0.000" timestamp="2019-07-07T05:34:49.264" activeThreads="1">
  <mem-info id="2717" free="32505856" total="66060288" percent="49">
    <mem type="eden" free="1048552" total="1048576" percent="99" />
    <remembered-set count="79040" freebytes="2320768" totalbytes="2636928" percent="88" regionsoverflowed="0" regionsstable="0" regionsrebuilding="12"/>
  </mem-info>
</gc-end>
<cycle-end id="2718" type="partial gc" contextid="2711" timestamp="2019-07-07T05:34:49.264" />
  <attribute name="elasticGC enabled" value="1" />
  <attribute name= "numThreadsSpecified" value="1" />
  <attribute name="heapSize specified" value="0" />
  <attribute name="Current GC Util" value="72" />
  <attribute name= "Current Time Running" value="18789" />
  <attribute name ="GC Interval" value="0" />
  <attribute name="ProportionalT" value="26.000000" />
  <attribute name="ProportionalI" value="26.000000" />
  <attribute name="ProportionalH" value="26.000000" />
  <attribute name="Current Error" value="52.000000" />
  <attribute name="IntegralT" value="0.000000" />
  <attribute name="IntegralI" value="0.000000" />
  <attribute name="IntegralH" value="0.000000" />
  <attribute name="DerivativeT" value="inf" />
  <attribute name="DerivativeI" value="inf" />
  <attribute name="DerivativeH" value="inf" />
  <attribute name="Loop Time for DT" value="0.000000" />
  <attribute name="Output H" value="8388608"/>
  <attribute name="Output I" value="200"/>
  <attribute name="Output T" value="1"/>
  <attribute name="Target GC Util Change" value ="20.000000" />
  <attribute name="Current GC Util Change" value="72.000000"/>
  <attribute name="GC Util currently" value="72" />
  <attribute name="CPU Util currently" value="18663010907141" />
<exclusive-end id="2719" timestamp="2019-07-07T05:34:49.265" durationms="3.919" />

<exclusive-start id="2720" timestamp="2019-07-07T05:34:49.287" intervalms="26.535">
  <response-info timems="0.077" idlems="0.077" threads="0" lastid="00000000020B9700" lastname="main" />
</exclusive-start>
<allocation-taxation id="2721" taxation-threshold="11534336" timestamp="2019-07-07T05:34:49.288" intervalms="26.484" />
<gc-start id="2722" type="global mark phase" contextid="2579" timestamp="2019-07-07T05:34:49.288">
  <mem-info id="2723" free="20971520" total="66060288" percent="31">
    <remembered-set count="78624" freebytes="2322432" totalbytes="2636928" percent="88" regionsoverflowed="0" regionsstable="0" regionsrebuilding="12"/>
  </mem-info>
</gc-start>
<gc-end id="2724" type="global mark phase" contextid="2579" durationms="0.195" usertimems="0.000" systemtimems="0.000" timestamp="2019-07-07T05:34:49.288" activeThreads="1">
  <mem-info id="2725" free="20971520" total="66060288" percent="31">
    <remembered-set count="78624" freebytes="2322432" totalbytes="2636928" percent="88" regionsoverflowed="0" regionsstable="0" regionsrebuilding="12"/>
  </mem-info>
</gc-end>
<concurrent-start id="2726" type="GMP work packet processing" contextid="2579" timestamp="2019-07-07T05:34:49.288">
  <concurrent-mark-start scanTarget="1048576" />
</concurrent-start>
<exclusive-end id="2727" timestamp="2019-07-07T05:34:49.289" durationms="1.443" />

<concurrent-end id="2728" type="GMP work packet processing" contextid="2579" timestamp="2019-07-07T05:34:49.289">
  <concurrent-mark-end bytesScanned="1092380" reasonForTermination="Work target met" />
</concurrent-end>

<exclusive-start id="2729" timestamp="2019-07-07T05:34:49.311" intervalms="23.859">
  <response-info timems="0.062" idlems="0.062" threads="0" lastid="00000000020B9700" lastname="main" />
</exclusive-start>
<allocation-taxation id="2730" taxation-threshold="11534336" timestamp="2019-07-07T05:34:49.311" intervalms="23.892" />
<cycle-start id="2731" type="partial gc" contextid="0" timestamp="2019-07-07T05:34:49.312" intervalms="50.367" />
<gc-start id="2732" type="partial gc" contextid="2731" timestamp="2019-07-07T05:34:49.312">
  <mem-info id="2733" free="9437184" total="66060288" percent="14">
    <mem type="eden" free="1048552" total="24117248" percent="4" />
    <remembered-set count="82624" freebytes="2306432" totalbytes="2636928" percent="87" regionsoverflowed="0" regionsstable="0" regionsrebuilding="12"/>
  </mem-info>
</gc-start>
<allocation-stats totalBytes="23062856" >
  <allocated-bytes non-tlh="0" tlh="23062856" arrayletleaf="0"/>
  <largest-consumer threadName="main" threadId="00000000020B9700" bytes="11531000" />
</allocation-stats>
<gc-op id="2734" type="copy forward" timems="1.814" contextid="2731" timestamp="2019-07-07T05:34:49.314">
  <memory-copied type="eden" objects="25" bytes="1312" bytesdiscarded="584" />
  <memory-copied type="other" objects="0" bytes="0" bytesdiscarded="0" />
  <memory-cardclean objects="66" bytes="2512" />
  <regions eden="22" other="1" />
  <remembered-set-cleared processed="80248" cleared="31" durationms="0.332" />
  <stringconstants candidates="13682" cleared="0"  />
</gc-op>
<gc-op id="2735" type="classunload" timems="0.004" contextid="2731" timestamp="2019-07-07T05:34:49.315">
  <classunload-info classloadercandidates="53" classloadersunloaded="0" classesunloaded="0" anonymousclassesunloaded="0" quiescems="0.000" setupms="0.004" scanms="0.000" postms="0.000" />
</gc-op>
<gc-end id="2736" type="partial gc" contextid="2731" durationms="2.892" usertimems="0.000" systemtimems="4.000" timestamp="2019-07-07T05:34:49.315" activeThreads="4">
  <mem-info id="2737" free="32505856" total="66060288" percent="49">
    <mem type="eden" free="1046680" total="1048576" percent="99" />
    <remembered-set count="82976" freebytes="2305024" totalbytes="2636928" percent="87" regionsoverflowed="0" regionsstable="0" regionsrebuilding="12"/>
  </mem-info>
</gc-end>
<cycle-end id="2738" type="partial gc" contextid="2731" timestamp="2019-07-07T05:34:49.315" />
  <attribute name="elasticGC enabled" value="1" />
  <attribute name= "numThreadsSpecified" value="4" />
  <attribute name="heapSize specified" value="0" />
  <attribute name="Current GC Util" value="72" />
  <attribute name= "Current Time Running" value="18840" />
  <attribute name ="GC Interval" value="0" />
  <attribute name="ProportionalT" value="26.000000" />
  <attribute name="ProportionalI" value="26.000000" />
  <attribute name="ProportionalH" value="26.000000" />
  <attribute name="Current Error" value="52.000000" />
  <attribute name="IntegralT" value="26.000000" />
  <attribute name="IntegralI" value="26.000000" />
  <attribute name="IntegralH" value="26.000000" />
  <attribute name="DerivativeT" value="52.000000" />
  <attribute name="DerivativeI" value="52.000000" />
  <attribute name="DerivativeH" value="52.000000" />
  <attribute name="Loop Time for DT" value="1.000000" />
  <attribute name="Output H" value="8388608"/>
  <attribute name="Output I" value="200"/>
  <attribute name="Output T" value="4"/>
  <attribute name="Target GC Util Change" value ="20.000000" />
  <attribute name="Current GC Util Change" value="72.000000"/>
  <attribute name="GC Util currently" value="72" />
  <attribute name="CPU Util currently" value="18807854747486" />
<exclusive-end id="2739" timestamp="2019-07-07T05:34:49.315" durationms="3.987" />

<exclusive-start id="2740" timestamp="2019-07-07T05:34:49.327" intervalms="15.649">
  <response-info timems="0.070" idlems="0.070" threads="0" lastid="00000000020B9700" lastname="main" />
</exclusive-start>
<allocation-taxation id="2741" taxation-threshold="11534336" timestamp="2019-07-07T05:34:49.327" intervalms="15.673" />
<gc-start id="2742" type="global mark phase" contextid="2579" timestamp="2019-07-07T05:34:49.327">
  <mem-info id="2743" free="20971520" total="66060288" percent="31">
    <remembered-set count="65312" freebytes="2375680" totalbytes="2636928" percent="90" regionsoverflowed="0" regionsstable="2" regionsrebuilding="12"/>
  </mem-info>
</gc-start>
<gc-end id="2744" type="global mark phase" contextid="2579" durationms="0.140" usertimems="0.000" systemtimems="0.000" timestamp="2019-07-07T05:34:49.327" activeThreads="4">
  <mem-info id="2745" free="20971520" total="66060288" percent="31">
    <remembered-set count="65312" freebytes="2375680" totalbytes="2636928" percent="90" regionsoverflowed="0" regionsstable="2" regionsrebuilding="12"/>
  </mem-info>
</gc-end>
<concurrent-start id="2746" type="GMP work packet processing" contextid="2579" timestamp="2019-07-07T05:34:49.328">
  <concurrent-mark-start scanTarget="1474556" />
</concurrent-start>
<exclusive-end id="2747" timestamp="2019-07-07T05:34:49.328" durationms="1.497" />

<concurrent-end id="2748" type="GMP work packet processing" contextid="2579" timestamp="2019-07-07T05:34:49.328">
  <concurrent-mark-end bytesScanned="971512" reasonForTermination="Completed all work in GC phase" />
</concurrent-end>

<exclusive-start id="2749" timestamp="2019-07-07T05:34:49.337" intervalms="9.872">
  <response-info timems="0.058" idlems="0.058" threads="0" lastid="00000000020B9700" lastname="main" />
</exclusive-start>
<allocation-taxation id="2750" taxation-threshold="11534336" timestamp="2019-07-07T05:34:49.337" intervalms="9.796" />
<cycle-start id="2751" type="partial gc" contextid="0" timestamp="2019-07-07T05:34:49.337" intervalms="25.466" />
<gc-start id="2752" type="partial gc" contextid="2751" timestamp="2019-07-07T05:34:49.337">
  <mem-info id="2753" free="9437184" total="66060288" percent="14">
    <mem type="eden" free="0" total="23068672" percent="0" />
    <remembered-set count="75520" freebytes="2334848" totalbytes="2636928" percent="88" regionsoverflowed="0" regionsstable="2" regionsrebuilding="12"/>
  </mem-info>
</gc-start>
<allocation-stats totalBytes="23033000" >
  <allocated-bytes non-tlh="0" tlh="23033000" arrayletleaf="0"/>
  <largest-consumer threadName="main" threadId="00000000020B9700" bytes="11518416" />
</allocation-stats>
<gc-op id="2754" type="copy forward" timems="1.514" contextid="2751" timestamp="2019-07-07T05:34:49.340">
  <memory-copied type="eden" objects="2" bytes="40" bytesdiscarded="0" />
  <memory-copied type="other" objects="23" bytes="1256" bytesdiscarded="0" />
  <memory-cardclean objects="49" bytes="2176" />
  <regions eden="22" other="1" />
  <remembered-set-cleared processed="73171" cleared="32" durationms="0.599" />
  <stringconstants candidates="13682" cleared="0"  />
</gc-op>
<gc-op id="2755" type="classunload" timems="0.004" contextid="2751" timestamp="2019-07-07T05:34:49.340">
  <classunload-info classloadercandidates="53" classloadersunloaded="0" classesunloaded="0" anonymousclassesunloaded="0" quiescems="0.000" setupms="0.003" scanms="0.000" postms="0.000" />
</gc-op>
<gc-end id="2756" type="partial gc" contextid="2751" durationms="2.617" usertimems="0.000" systemtimems="0.000" timestamp="2019-07-07T05:34:49.340" activeThreads="1">
  <mem-info id="2757" free="31457280" total="66060288" percent="47">
    <mem type="eden" free="1048536" total="1048576" percent="99" />
    <remembered-set count="75904" freebytes="2333312" totalbytes="2636928" percent="88" regionsoverflowed="0" regionsstable="2" regionsrebuilding="12"/>
  </mem-info>
</gc-end>
<cycle-end id="2758" type="partial gc" contextid="2751" timestamp="2019-07-07T05:34:49.340" />
  <attribute name="elasticGC enabled" value="1" />
  <attribute name= "numThreadsSpecified" value="1" />
  <attribute name="heapSize specified" value="0" />
  <attribute name="Current GC Util" value="71" />
  <attribute name= "Current Time Running" value="18865" />
  <attribute name ="GC Interval" value="0" />
  <attribute name="ProportionalT" value="25.500000" />
  <attribute name="ProportionalI" value="25.500000" />
  <attribute name="ProportionalH" value="25.500000" />
  <attribute name="Current Error" value="51.000000" />
  <attribute name="IntegralT" value="0.000000" />
  <attribute name="IntegralI" value="0.000000" />
  <attribute name="IntegralH" value="0.000000" />
  <attribute name="DerivativeT" value="inf" />
  <attribute name="DerivativeI" value="inf" />
  <attribute name="DerivativeH" value="inf" />
  <attribute name="Loop Time for DT" value="0.000000" />
  <attribute name="Output H" value="8388608"/>
  <attribute name="Output I" value="200"/>
  <attribute name="Output T" value="1"/>
  <attribute name="Target GC Util Change" value ="20.000000" />
  <attribute name="Current GC Util Change" value="71.000000"/>
  <attribute name="GC Util currently" value="71" />
  <attribute name="CPU Util currently" value="18793215659614" />
<exclusive-end id="2759" timestamp="2019-07-07T05:34:49.340" durationms="3.708" />

<exclusive-start id="2760" timestamp="2019-07-07T05:34:49.348" intervalms="11.691">
  <response-info timems="0.068" idlems="0.068" threads="0" lastid="00000000020B9700" lastname="main" />
</exclusive-start>
<allocation-taxation id="2761" taxation-threshold="11534336" timestamp="2019-07-07T05:34:49.349" intervalms="11.739" />
<gc-start id="2762" type="global mark phase" contextid="2579" timestamp="2019-07-07T05:34:49.349">
  <mem-info id="2763" free="19922944" total="66060288" percent="30">
    <remembered-set count="75520" freebytes="2334848" totalbytes="2636928" percent="88" regionsoverflowed="0" regionsstable="2" regionsrebuilding="12"/>
  </mem-info>
</gc-start>
<gc-op id="2764" type="mark increment" timems="1.308" contextid="2579" timestamp="2019-07-07T05:34:49.350">
  <trace-info objectcount="25" scancount="24" scanbytes="692" />
  <cardclean-info objects="1507" bytes="50616" />
  <finalization candidates="79" enqueued="0" />
  <ownableSynchronizers candidates="23" cleared="0" />
  <references type="soft" candidates="3586" cleared="1466" enqueued="755" dynamicThreshold="15" maxThreshold="32" />
  <references type="weak" candidates="5669" cleared="10" enqueued="7" />
  <references type="phantom" candidates="101" cleared="0" enqueued="0" />
  <stringconstants candidates="13682" cleared="389"  />
</gc-op>
<gc-op id="2765" type="classunload" timems="0.004" contextid="2579" timestamp="2019-07-07T05:34:49.350">
  <classunload-info classloadercandidates="53" classloadersunloaded="0" classesunloaded="0" anonymousclassesunloaded="0" quiescems="0.000" setupms="0.004" scanms="0.000" postms="0.000" />
</gc-op>
<gc-end id="2766" type="global mark phase" contextid="2579" durationms="1.691" usertimems="0.000" systemtimems="0.000" timestamp="2019-07-07T05:34:49.351" activeThreads="4">
  <mem-info id="2767" free="19922944" total="66060288" percent="30">
    <pending-finalizers system="0" default="0" reference="762" classloader="0" />
    <remembered-set count="76544" freebytes="2330752" totalbytes="2636928" percent="88" regionsoverflowed="0" regionsstable="2" regionsrebuilding="0"/>
  </mem-info>
</gc-end>
<cycle-end id="2768" type="global mark phase" contextid="2579" timestamp="2019-07-07T05:34:49.351" />
  <attribute name="elasticGC enabled" value="1" />
  <attribute name= "numThreadsSpecified" value="4" />
  <attribute name="heapSize specified" value="0" />
  <attribute name="Current GC Util" value="0" />
  <attribute name= "Current Time Running" value="18876" />
  <attribute name ="GC Interval" value="0" />
  <attribute name="ProportionalT" value="-10.000000" />
  <attribute name="ProportionalI" value="-10.000000" />
  <attribute name="ProportionalH" value="-10.000000" />
  <attribute name="Current Error" value="-20.000000" />
  <attribute name="IntegralT" value="0.000000" />
  <attribute name="IntegralI" value="0.000000" />
  <attribute name="IntegralH" value="0.000000" />
  <attribute name="DerivativeT" value="-inf" />
  <attribute name="DerivativeI" value="-inf" />
  <attribute name="DerivativeH" value="-inf" />
  <attribute name="Loop Time for DT" value="0.000000" />
  <attribute name="Output H" value="2091843584"/>
  <attribute name="Output I" value="200"/>
  <attribute name="Output T" value="4"/>
  <attribute name="Target GC Util Change" value ="20.000000" />
  <attribute name="Current GC Util Change" value="0.000000"/>
  <attribute name="GC Util currently" value="0" />
  <attribute name="CPU Util currently" value="70198431902839" />
<exclusive-end id="2769" timestamp="2019-07-07T05:34:49.351" durationms="2.361" />

<exclusive-start id="2770" timestamp="2019-07-07T05:34:49.358" intervalms="9.384">
  <response-info timems="0.059" idlems="0.059" threads="0" lastid="00000000020B9700" lastname="main" />
</exclusive-start>
<allocation-taxation id="2771" taxation-threshold="11534336" timestamp="2019-07-07T05:34:49.358" intervalms="9.384" />
<cycle-start id="2772" type="partial gc" contextid="0" timestamp="2019-07-07T05:34:49.358" intervalms="21.087" />
<gc-start id="2773" type="partial gc" contextid="2772" timestamp="2019-07-07T05:34:49.358">
  <mem-info id="2774" free="8388608" total="66060288" percent="12">
    <mem type="eden" free="1048536" total="24117248" percent="4" />
    <remembered-set count="45376" freebytes="2455424" totalbytes="2636928" percent="93" regionsoverflowed="0" regionsstable="14" regionsrebuilding="0"/>
  </mem-info>
</gc-start>
<allocation-stats totalBytes="23034576" >
  <allocated-bytes non-tlh="0" tlh="23034576" arrayletleaf="0"/>
  <largest-consumer threadName="main" threadId="00000000020B9700" bytes="11477456" />
</allocation-stats>
<gc-op id="2775" type="sweep" timems="0.577" contextid="2772" timestamp="2019-07-07T05:34:49.359" />
<gc-op id="2776" type="copy forward" timems="1.330" contextid="2772" timestamp="2019-07-07T05:34:49.361">
  <memory-copied type="eden" objects="3" bytes="3088" bytesdiscarded="0" />
  <memory-copied type="other" objects="0" bytes="0" bytesdiscarded="0" />
  <memory-cardclean objects="195" bytes="9448" />
  <regions eden="11" other="1" />
  <remembered-set-cleared processed="43413" cleared="15" durationms="0.267" />
  <stringconstants candidates="13293" cleared="0"  />
</gc-op>
<gc-op id="2777" type="classunload" timems="0.004" contextid="2772" timestamp="2019-07-07T05:34:49.361">
  <classunload-info classloadercandidates="53" classloadersunloaded="0" classesunloaded="0" anonymousclassesunloaded="0" quiescems="0.000" setupms="0.004" scanms="0.000" postms="0.000" />
</gc-op>
<heap-resize id="2778" type="expand" space="default" amount="11534336" count="1" timems="0.072" reason="excessive time being spent in gc" timestamp="2019-07-07T05:34:49.361" />
<gc-end id="2779" type="partial gc" contextid="2772" durationms="3.212" usertimems="4.000" systemtimems="0.000" timestamp="2019-07-07T05:34:49.362" activeThreads="4">
  <mem-info id="2780" free="42991616" total="77594624" percent="55">
    <mem type="eden" free="1045488" total="1048576" percent="99" />
    <remembered-set count="45856" freebytes="2913920" totalbytes="3097344" percent="94" regionsoverflowed="0" regionsstable="14" regionsrebuilding="0"/>
  </mem-info>
</gc-end>
<cycle-end id="2781" type="partial gc" contextid="2772" timestamp="2019-07-07T05:34:49.362" />
  <attribute name="elasticGC enabled" value="1" />
  <attribute name= "numThreadsSpecified" value="4" />
  <attribute name="heapSize specified" value="0" />
  <attribute name="Current GC Util" value="77" />
  <attribute name= "Current Time Running" value="18887" />
  <attribute name ="GC Interval" value="0" />
  <attribute name="ProportionalT" value="28.500000" />
  <attribute name="ProportionalI" value="28.500000" />
  <attribute name="ProportionalH" value="28.500000" />
  <attribute name="Current Error" value="57.000000" />
  <attribute name="IntegralT" value="0.000000" />
  <attribute name="IntegralI" value="0.000000" />
  <attribute name="IntegralH" value="0.000000" />
  <attribute name="DerivativeT" value="-inf" />
  <attribute name="DerivativeI" value="-inf" />
  <attribute name="DerivativeH" value="-inf" />
  <attribute name="Loop Time for DT" value="0.000000" />
  <attribute name="Output H" value="2091843584"/>
  <attribute name="Output I" value="200"/>
  <attribute name="Output T" value="4"/>
  <attribute name="Target GC Util Change" value ="20.000000" />
  <attribute name="Current GC Util Change" value="77.000000"/>
  <attribute name="GC Util currently" value="77" />
  <attribute name="CPU Util currently" value="20204007709682" />
<exclusive-end id="2782" timestamp="2019-07-07T05:34:49.362" durationms="4.199" />

<exclusive-start id="2783" timestamp="2019-07-07T05:34:49.378" intervalms="19.948">
  <response-info timems="0.119" idlems="0.119" threads="0" lastid="00000000020B9700" lastname="main" />
</exclusive-start>
<allocation-taxation id="2784" taxation-threshold="26214400" timestamp="2019-07-07T05:34:49.378" intervalms="19.976" />
<cycle-start id="2785" type="partial gc" contextid="0" timestamp="2019-07-07T05:34:49.378" intervalms="19.990" />
<gc-start id="2786" type="partial gc" contextid="2785" timestamp="2019-07-07T05:34:49.378">
  <mem-info id="2787" free="16777216" total="77594624" percent="21">
    <mem type="eden" free="0" total="26214400" percent="0" />
    <remembered-set count="45376" freebytes="2915840" totalbytes="3097344" percent="94" regionsoverflowed="0" regionsstable="14" regionsrebuilding="0"/>
  </mem-info>
</gc-start>
<allocation-stats totalBytes="26177528" >
  <allocated-bytes non-tlh="0" tlh="26177528" arrayletleaf="0"/>
  <largest-consumer threadName="main" threadId="00000000020B9700" bytes="26177528" />
</allocation-stats>
<gc-op id="2788" type="copy forward" timems="2.525" contextid="2785" timestamp="2019-07-07T05:34:49.382">
  <memory-copied type="eden" objects="2" bytes="40" bytesdiscarded="0" />
  <memory-copied type="other" objects="10117" bytes="897304" bytesdiscarded="85384" />
  <memory-cardclean objects="16543" bytes="910368" />
  <regions eden="25" other="11" />
  <remembered-set-cleared processed="41340" cleared="3160" durationms="0.283" />
  <finalization candidates="9" enqueued="0" />
  <ownableSynchronizers candidates="16" cleared="0" />
  <references type="soft" candidates="2" cleared="0" enqueued="0" dynamicThreshold="17" maxThreshold="32" />
  <references type="weak" candidates="233" cleared="0" enqueued="0" />
  <references type="phantom" candidates="29" cleared="0" enqueued="0" />
  <stringconstants candidates="13293" cleared="0"  />
</gc-op>
<gc-op id="2789" type="classunload" timems="0.005" contextid="2785" timestamp="2019-07-07T05:34:49.382">
  <classunload-info classloadercandidates="53" classloadersunloaded="0" classesunloaded="0" anonymousclassesunloaded="0" quiescems="0.000" setupms="0.005" scanms="0.000" postms="0.000" />
</gc-op>
<gc-end id="2790" type="partial gc" contextid="2785" durationms="3.472" usertimems="4.000" systemtimems="4.000" timestamp="2019-07-07T05:34:49.382" activeThreads="4">
  <mem-info id="2791" free="50331648" total="77594624" percent="64">
    <mem type="eden" free="1048536" total="1048576" percent="99" />
    <remembered-set count="44512" freebytes="2919296" totalbytes="3097344" percent="94" regionsoverflowed="0" regionsstable="14" regionsrebuilding="0"/>
  </mem-info>
</gc-end>
<cycle-end id="2792" type="partial gc" contextid="2785" timestamp="2019-07-07T05:34:49.382" />
  <attribute name="elasticGC enabled" value="1" />
  <attribute name= "numThreadsSpecified" value="4" />
  <attribute name="heapSize specified" value="0" />
  <attribute name="Current GC Util" value="0" />
  <attribute name= "Current Time Running" value="18906" />
  <attribute name ="GC Interval" value="0" />
  <attribute name="ProportionalT" value="-10.000000" />
  <attribute name="ProportionalI" value="-10.000000" />
  <attribute name="ProportionalH" value="-10.000000" />
  <attribute name="Current Error" value="-20.000000" />
  <attribute name="IntegralT" value="0.000000" />
  <attribute name="IntegralI" value="0.000000" />
  <attribute name="IntegralH" value="0.000000" />
  <attribute name="DerivativeT" value="-inf" />
  <attribute name="DerivativeI" value="-inf" />
  <attribute name="DerivativeH" value="-inf" />
  <attribute name="Loop Time for DT" value="0.000000" />
  <attribute name="Output H" value="2091843584"/>
  <attribute name="Output I" value="200"/>
  <attribute name="Output T" value="4"/>
  <attribute name="Target GC Util Change" value ="20.000000" />
  <attribute name="Current GC Util Change" value="0.000000"/>
  <attribute name="GC Util currently" value="0" />
  <attribute name="CPU Util currently" value="29411075080422" />
<exclusive-end id="2793" timestamp="2019-07-07T05:34:49.382" durationms="4.561" />

<exclusive-start id="2794" timestamp="2019-07-07T05:34:49.398" intervalms="20.658">
  <response-info timems="0.141" idlems="0.141" threads="0" lastid="00000000020B9700" lastname="main" />
</exclusive-start>
<allocation-taxation id="2795" taxation-threshold="26214400" timestamp="2019-07-07T05:34:49.399" intervalms="20.694" />
<cycle-start id="2796" type="partial gc" contextid="0" timestamp="2019-07-07T05:34:49.399" intervalms="20.709" />
<gc-start id="2797" type="partial gc" contextid="2796" timestamp="2019-07-07T05:34:49.399">
  <mem-info id="2798" free="24117248" total="77594624" percent="31">
    <mem type="eden" free="1048536" total="27262976" percent="3" />
    <remembered-set count="44480" freebytes="2919424" totalbytes="3097344" percent="94" regionsoverflowed="0" regionsstable="14" regionsrebuilding="0"/>
  </mem-info>
</gc-start>
<allocation-stats totalBytes="26178240" >
  <allocated-bytes non-tlh="0" tlh="26178240" arrayletleaf="0"/>
  <largest-consumer threadName="main" threadId="00000000020B9700" bytes="26178240" />
</allocation-stats>
<gc-op id="2799" type="copy forward" timems="1.192" contextid="2796" timestamp="2019-07-07T05:34:49.401">
  <memory-copied type="eden" objects="2" bytes="40" bytesdiscarded="0" />
  <memory-copied type="other" objects="25" bytes="736" bytesdiscarded="0" />
  <memory-cardclean objects="30" bytes="9176" />
  <regions eden="25" other="2" />
  <remembered-set-cleared processed="43355" cleared="20" durationms="0.387" />
  <references type="weak" candidates="18" cleared="0" enqueued="0" />
  <stringconstants candidates="13293" cleared="0"  />
</gc-op>
<gc-op id="2800" type="classunload" timems="0.003" contextid="2796" timestamp="2019-07-07T05:34:49.401">
  <classunload-info classloadercandidates="53" classloadersunloaded="0" classesunloaded="0" anonymousclassesunloaded="0" quiescems="0.000" setupms="0.003" scanms="0.000" postms="0.000" />
</gc-op>
<gc-end id="2801" type="partial gc" contextid="2796" durationms="2.251" usertimems="0.000" systemtimems="4.000" timestamp="2019-07-07T05:34:49.401" activeThreads="1">
  <mem-info id="2802" free="50331648" total="77594624" percent="64">
    <mem type="eden" free="1048536" total="1048576" percent="99" />
    <remembered-set count="44800" freebytes="2918144" totalbytes="3097344" percent="94" regionsoverflowed="0" regionsstable="14" regionsrebuilding="0"/>
  </mem-info>
</gc-end>
<cycle-end id="2803" type="partial gc" contextid="2796" timestamp="2019-07-07T05:34:49.402" />
  <attribute name="elasticGC enabled" value="1" />
  <attribute name= "numThreadsSpecified" value="1" />
  <attribute name="heapSize specified" value="0" />
  <attribute name="Current GC Util" value="71" />
  <attribute name= "Current Time Running" value="18927" />
  <attribute name ="GC Interval" value="0" />
  <attribute name="ProportionalT" value="25.500000" />
  <attribute name="ProportionalI" value="25.500000" />
  <attribute name="ProportionalH" value="25.500000" />
  <attribute name="Current Error" value="51.000000" />
  <attribute name="IntegralT" value="0.000000" />
  <attribute name="IntegralI" value="0.000000" />
  <attribute name="IntegralH" value="0.000000" />
  <attribute name="DerivativeT" value="inf" />
  <attribute name="DerivativeI" value="inf" />
  <attribute name="DerivativeH" value="inf" />
  <attribute name="Loop Time for DT" value="0.000000" />
  <attribute name="Output H" value="8388608"/>
  <attribute name="Output I" value="200"/>
  <attribute name="Output T" value="1"/>
  <attribute name="Target GC Util Change" value ="20.000000" />
  <attribute name="Current GC Util Change" value="71.000000"/>
  <attribute name="GC Util currently" value="71" />
  <attribute name="CPU Util currently" value="20277743017493" />
<exclusive-end id="2804" timestamp="2019-07-07T05:34:49.402" durationms="3.478" />

<exclusive-start id="2805" timestamp="2019-07-07T05:34:49.418" intervalms="19.282">
  <response-info timems="0.088" idlems="0.088" threads="0" lastid="00000000020B9700" lastname="main" />
</exclusive-start>
<allocation-taxation id="2806" taxation-threshold="26214400" timestamp="2019-07-07T05:34:49.418" intervalms="19.243" />
<cycle-start id="2807" type="partial gc" contextid="0" timestamp="2019-07-07T05:34:49.418" intervalms="19.220" />
<gc-start id="2808" type="partial gc" contextid="2807" timestamp="2019-07-07T05:34:49.418">
  <mem-info id="2809" free="24117248" total="77594624" percent="31">
    <mem type="eden" free="1048536" total="27262976" percent="3" />
    <remembered-set count="44416" freebytes="2919680" totalbytes="3097344" percent="94" regionsoverflowed="0" regionsstable="14" regionsrebuilding="0"/>
  </mem-info>
</gc-start>
<allocation-stats totalBytes="26178240" >
  <allocated-bytes non-tlh="0" tlh="26178240" arrayletleaf="0"/>
  <largest-consumer threadName="main" threadId="00000000020B9700" bytes="26178240" />
</allocation-stats>
<gc-op id="2810" type="copy forward" timems="1.158" contextid="2807" timestamp="2019-07-07T05:34:49.420">
  <memory-copied type="eden" objects="2" bytes="40" bytesdiscarded="0" />
  <memory-copied type="other" objects="23" bytes="1256" bytesdiscarded="0" />
  <memory-cardclean objects="49" bytes="2176" />
  <regions eden="25" other="2" />
  <remembered-set-cleared processed="43352" cleared="19" durationms="0.382" />
  <stringconstants candidates="13293" cleared="0"  />
</gc-op>
<gc-op id="2811" type="classunload" timems="0.004" contextid="2807" timestamp="2019-07-07T05:34:49.420">
  <classunload-info classloadercandidates="53" classloadersunloaded="0" classesunloaded="0" anonymousclassesunloaded="0" quiescems="0.000" setupms="0.003" scanms="0.000" postms="0.000" />
</gc-op>
<heap-resize id="2812" type="contract" space="default" amount="4194304" count="1" timems="0.054" reason="excess free space following gc" timestamp="2019-07-07T05:34:49.421" />
<gc-end id="2813" type="partial gc" contextid="2807" durationms="2.470" usertimems="0.000" systemtimems="0.000" timestamp="2019-07-07T05:34:49.421" activeThreads="1">
  <mem-info id="2814" free="46137344" total="73400320" percent="62">
    <mem type="eden" free="1048536" total="1048576" percent="99" />
    <remembered-set count="44800" freebytes="2918144" totalbytes="3097344" percent="94" regionsoverflowed="0" regionsstable="14" regionsrebuilding="0"/>
  </mem-info>
</gc-end>
<cycle-end id="2815" type="partial gc" contextid="2807" timestamp="2019-07-07T05:34:49.421" />
  <attribute name="elasticGC enabled" value="1" />
  <attribute name= "numThreadsSpecified" value="1" />
  <attribute name="heapSize specified" value="0" />
  <attribute name="Current GC Util" value="68" />
  <attribute name= "Current Time Running" value="18946" />
  <attribute name ="GC Interval" value="0" />
  <attribute name="ProportionalT" value="24.000000" />
  <attribute name="ProportionalI" value="24.000000" />
  <attribute name="ProportionalH" value="24.000000" />
  <attribute name="Current Error" value="48.000000" />
  <attribute name="IntegralT" value="0.000000" />
  <attribute name="IntegralI" value="0.000000" />
  <attribute name="IntegralH" value="0.000000" />
  <attribute name="DerivativeT" value="inf" />
  <attribute name="DerivativeI" value="inf" />
  <attribute name="DerivativeH" value="inf" />
  <attribute name="Loop Time for DT" value="0.000000" />
  <attribute name="Output H" value="8388608"/>
  <attribute name="Output I" value="200"/>
  <attribute name="Output T" value="1"/>
  <attribute name="Target GC Util Change" value ="20.000000" />
  <attribute name="Current GC Util Change" value="68.000000"/>
  <attribute name="GC Util currently" value="68" />
  <attribute name="CPU Util currently" value="19936218705701" />
<exclusive-end id="2816" timestamp="2019-07-07T05:34:49.421" durationms="3.597" />

<exclusive-start id="2817" timestamp="2019-07-07T05:34:49.437" intervalms="19.000">
  <response-info timems="0.065" idlems="0.065" threads="0" lastid="00000000020B9700" lastname="main" />
</exclusive-start>
<allocation-taxation id="2818" taxation-threshold="25165824" timestamp="2019-07-07T05:34:49.437" intervalms="19.018" />
<cycle-start id="2819" type="partial gc" contextid="0" timestamp="2019-07-07T05:34:49.437" intervalms="19.043" />
<gc-start id="2820" type="partial gc" contextid="2819" timestamp="2019-07-07T05:34:49.437">
  <mem-info id="2821" free="20971520" total="73400320" percent="28">
    <mem type="eden" free="1048536" total="26214400" percent="3" />
    <remembered-set count="44384" freebytes="2919808" totalbytes="3097344" percent="94" regionsoverflowed="0" regionsstable="14" regionsrebuilding="0"/>
  </mem-info>
</gc-start>
<allocation-stats totalBytes="25131120" >
  <allocated-bytes non-tlh="0" tlh="25131120" arrayletleaf="0"/>
  <largest-consumer threadName="main" threadId="00000000020B9700" bytes="25131120" />
</allocation-stats>
<gc-op id="2822" type="copy forward" timems="1.167" contextid="2819" timestamp="2019-07-07T05:34:49.439">
  <memory-copied type="eden" objects="2" bytes="40" bytesdiscarded="0" />
  <memory-copied type="other" objects="23" bytes="672" bytesdiscarded="0" />
  <memory-cardclean objects="30" bytes="9176" />
  <regions eden="24" other="2" />
  <remembered-set-cleared processed="43354" cleared="20" durationms="0.380" />
  <references type="weak" candidates="16" cleared="0" enqueued="0" />
  <stringconstants candidates="13293" cleared="0"  />
</gc-op>
<gc-op id="2823" type="classunload" timems="0.004" contextid="2819" timestamp="2019-07-07T05:34:49.440">
  <classunload-info classloadercandidates="53" classloadersunloaded="0" classesunloaded="0" anonymousclassesunloaded="0" quiescems="0.000" setupms="0.004" scanms="0.000" postms="0.000" />
</gc-op>
<heap-resize id="2824" type="contract" space="default" amount="3145728" count="1" timems="0.051" reason="excess free space following gc" timestamp="2019-07-07T05:34:49.440" />
<gc-end id="2825" type="partial gc" contextid="2819" durationms="2.602" usertimems="4.000" systemtimems="0.000" timestamp="2019-07-07T05:34:49.440" activeThreads="1">
  <mem-info id="2826" free="42991616" total="70254592" percent="61">
    <mem type="eden" free="1048536" total="1048576" percent="99" />
    <remembered-set count="44256" freebytes="2752896" totalbytes="2929920" percent="93" regionsoverflowed="0" regionsstable="14" regionsrebuilding="0"/>
  </mem-info>
</gc-end>
<cycle-end id="2827" type="partial gc" contextid="2819" timestamp="2019-07-07T05:34:49.440" />
  <attribute name="elasticGC enabled" value="1" />
  <attribute name= "numThreadsSpecified" value="1" />
  <attribute name="heapSize specified" value="0" />
  <attribute name="Current GC Util" value="44" />
  <attribute name= "Current Time Running" value="18965" />
  <attribute name ="GC Interval" value="0" />
  <attribute name="ProportionalT" value="12.000000" />
  <attribute name="ProportionalI" value="12.000000" />
  <attribute name="ProportionalH" value="12.000000" />
  <attribute name="Current Error" value="24.000000" />
  <attribute name="IntegralT" value="0.000000" />
  <attribute name="IntegralI" value="0.000000" />
  <attribute name="IntegralH" value="0.000000" />
  <attribute name="DerivativeT" value="inf" />
  <attribute name="DerivativeI" value="inf" />
  <attribute name="DerivativeH" value="inf" />
  <attribute name="Loop Time for DT" value="0.000000" />
  <attribute name="Output H" value="8388608"/>
  <attribute name="Output I" value="200"/>
  <attribute name="Output T" value="1"/>
  <attribute name="Target GC Util Change" value ="20.000000" />
  <attribute name="Current GC Util Change" value="44.000000"/>
  <attribute name="GC Util currently" value="44" />
  <attribute name="CPU Util currently" value="10846023912227" />
<exclusive-end id="2828" timestamp="2019-07-07T05:34:49.440" durationms="3.731" />

<exclusive-start id="2829" timestamp="2019-07-07T05:34:49.455" intervalms="18.343">
  <response-info timems="0.111" idlems="0.111" threads="0" lastid="00000000020B9700" lastname="main" />
</exclusive-start>
<allocation-taxation id="2830" taxation-threshold="24117248" timestamp="2019-07-07T05:34:49.455" intervalms="18.268" />
<cycle-start id="2831" type="partial gc" contextid="0" timestamp="2019-07-07T05:34:49.455" intervalms="18.233" />
<gc-start id="2832" type="partial gc" contextid="2831" timestamp="2019-07-07T05:34:49.456">
  <mem-info id="2833" free="18874368" total="70254592" percent="26">
    <mem type="eden" free="1048536" total="25165824" percent="4" />
    <remembered-set count="43872" freebytes="2754432" totalbytes="2929920" percent="94" regionsoverflowed="0" regionsstable="14" regionsrebuilding="0"/>
  </mem-info>
</gc-start>
<allocation-stats totalBytes="24083976" >
  <allocated-bytes non-tlh="0" tlh="24083976" arrayletleaf="0"/>
  <largest-consumer threadName="main" threadId="00000000020B9700" bytes="24083976" />
</allocation-stats>
<gc-op id="2834" type="copy forward" timems="1.817" contextid="2831" timestamp="2019-07-07T05:34:49.458">
  <memory-copied type="eden" objects="2" bytes="40" bytesdiscarded="0" />
  <memory-copied type="other" objects="1359" bytes="98192" bytesdiscarded="8032" />
  <memory-cardclean objects="168" bytes="19184" />
  <regions eden="23" other="3" />
  <remembered-set-cleared processed="43328" cleared="133" durationms="0.276" />
  <references type="soft" candidates="16" cleared="0" enqueued="0" dynamicThreshold="19" maxThreshold="32" />
  <references type="weak" candidates="52" cleared="0" enqueued="0" />
  <stringconstants candidates="13293" cleared="0"  />
</gc-op>
<gc-op id="2835" type="classunload" timems="0.004" contextid="2831" timestamp="2019-07-07T05:34:49.458">
  <classunload-info classloadercandidates="53" classloadersunloaded="0" classesunloaded="0" anonymousclassesunloaded="0" quiescems="0.000" setupms="0.004" scanms="0.000" postms="0.000" />
</gc-op>
<heap-resize id="2836" type="contract" space="default" amount="2097152" count="1" timems="0.049" reason="excess free space following gc" timestamp="2019-07-07T05:34:49.459" />
<gc-end id="2837" type="partial gc" contextid="2831" durationms="3.131" usertimems="4.000" systemtimems="0.000" timestamp="2019-07-07T05:34:49.459" activeThreads="4">
  <mem-info id="2838" free="41943040" total="68157440" percent="61">
    <mem type="eden" free="1048536" total="1048576" percent="99" />
    <remembered-set count="45536" freebytes="2622208" totalbytes="2804352" percent="93" regionsoverflowed="0" regionsstable="14" regionsrebuilding="0"/>
  </mem-info>
</gc-end>
<cycle-end id="2839" type="partial gc" contextid="2831" timestamp="2019-07-07T05:34:49.459" />
  <attribute name="elasticGC enabled" value="1" />
  <attribute name= "numThreadsSpecified" value="4" />
  <attribute name="heapSize specified" value="0" />
  <attribute name="Current GC Util" value="46" />
  <attribute name= "Current Time Running" value="18984" />
  <attribute name ="GC Interval" value="0" />
  <attribute name="ProportionalT" value="13.000000" />
  <attribute name="ProportionalI" value="13.000000" />
  <attribute name="ProportionalH" value="13.000000" />
  <attribute name="Current Error" value="26.000000" />
  <attribute name="IntegralT" value="13.000000" />
  <attribute name="IntegralI" value="13.000000" />
  <attribute name="IntegralH" value="13.000000" />
  <attribute name="DerivativeT" value="26.000000" />
  <attribute name="DerivativeI" value="26.000000" />
  <attribute name="DerivativeH" value="26.000000" />
  <attribute name="Loop Time for DT" value="1.000000" />
  <attribute name="Output H" value="8388608"/>
  <attribute name="Output I" value="200"/>
  <attribute name="Output T" value="4"/>
  <attribute name="Target GC Util Change" value ="20.000000" />
  <attribute name="Current GC Util Change" value="46.000000"/>
  <attribute name="GC Util currently" value="46" />
  <attribute name="CPU Util currently" value="11327472670048" />
<exclusive-end id="2840" timestamp="2019-07-07T05:34:49.459" durationms="4.131" />

<exclusive-start id="2841" timestamp="2019-07-07T05:34:49.483" intervalms="28.163">
  <response-info timems="0.081" idlems="0.081" threads="0" lastid="00000000020B9700" lastname="main" />
</exclusive-start>
<allocation-taxation id="2842" taxation-threshold="24117248" timestamp="2019-07-07T05:34:49.483" intervalms="28.184" />
<cycle-start id="2843" type="partial gc" contextid="0" timestamp="2019-07-07T05:34:49.484" intervalms="28.187" />
<gc-start id="2844" type="partial gc" contextid="2843" timestamp="2019-07-07T05:34:49.484">
  <mem-info id="2845" free="17825792" total="68157440" percent="26">
    <mem type="eden" free="1048536" total="25165824" percent="4" />
    <remembered-set count="45056" freebytes="2624128" totalbytes="2804352" percent="93" regionsoverflowed="0" regionsstable="14" regionsrebuilding="0"/>
  </mem-info>
</gc-start>
<allocation-stats totalBytes="24106544" >
  <allocated-bytes non-tlh="3064" tlh="24103480" arrayletleaf="0"/>
  <largest-consumer threadName="main" threadId="00000000020B9700" bytes="24106544" />
</allocation-stats>
<gc-op id="2846" type="copy forward" timems="1.987" contextid="2843" timestamp="2019-07-07T05:34:49.487">
  <memory-copied type="eden" objects="1303" bytes="53328" bytesdiscarded="3968" />
  <memory-copied type="other" objects="0" bytes="0" bytesdiscarded="0" />
  <memory-cardclean objects="578" bytes="26720" />
  <regions eden="23" other="1" />
  <remembered-set-cleared processed="43345" cleared="79" durationms="0.281" />
  <references type="soft" candidates="8" cleared="0" enqueued="0" dynamicThreshold="19" maxThreshold="32" />
  <references type="weak" candidates="17" cleared="0" enqueued="0" />
  <stringconstants candidates="13319" cleared="0"  />
</gc-op>
<gc-op id="2847" type="classunload" timems="0.004" contextid="2843" timestamp="2019-07-07T05:34:49.487">
  <classunload-info classloadercandidates="53" classloadersunloaded="0" classesunloaded="0" anonymousclassesunloaded="0" quiescems="0.000" setupms="0.004" scanms="0.000" postms="0.000" />
</gc-op>
<gc-end id="2848" type="partial gc" contextid="2843" durationms="3.137" usertimems="4.000" systemtimems="0.000" timestamp="2019-07-07T05:34:49.487" activeThreads="4">
  <mem-info id="2849" free="41943040" total="68157440" percent="61">
    <mem type="eden" free="991264" total="1048576" percent="94" />
    <remembered-set count="45824" freebytes="2537344" totalbytes="2720640" percent="93" regionsoverflowed="0" regionsstable="14" regionsrebuilding="0"/>
  </mem-info>
</gc-end>
<cycle-end id="2850" type="partial gc" contextid="2843" timestamp="2019-07-07T05:34:49.487" />
  <attribute name="elasticGC enabled" value="1" />
  <attribute name= "numThreadsSpecified" value="4" />
  <attribute name="heapSize specified" value="0" />
  <attribute name="Current GC Util" value="42" />
  <attribute name= "Current Time Running" value="19012" />
  <attribute name ="GC Interval" value="0" />
  <attribute name="ProportionalT" value="11.000000" />
  <attribute name="ProportionalI" value="11.000000" />
  <attribute name="ProportionalH" value="11.000000" />
  <attribute name="Current Error" value="22.000000" />
  <attribute name="IntegralT" value="11.000000" />
  <attribute name="IntegralI" value="11.000000" />
  <attribute name="IntegralH" value="11.000000" />
  <attribute name="DerivativeT" value="22.000000" />
  <attribute name="DerivativeI" value="22.000000" />
  <attribute name="DerivativeH" value="22.000000" />
  <attribute name="Loop Time for DT" value="1.000000" />
  <attribute name="Output H" value="8388608"/>
  <attribute name="Output I" value="200"/>
  <attribute name="Output T" value="4"/>
  <attribute name="Target GC Util Change" value ="20.000000" />
  <attribute name="Current GC Util Change" value="42.000000"/>
  <attribute name="GC Util currently" value="42" />
  <attribute name="CPU Util currently" value="11134550804758" />
<exclusive-end id="2851" timestamp="2019-07-07T05:34:49.487" durationms="4.189" />

<exclusive-start id="2852" timestamp="2019-07-07T05:34:49.515" intervalms="32.256">
  <response-info timems="0.084" idlems="0.084" threads="0" lastid="00000000020B9700" lastname="main" />
</exclusive-start>
<allocation-taxation id="2853" taxation-threshold="24117248" timestamp="2019-07-07T05:34:49.516" intervalms="32.292" />
<cycle-start id="2854" type="partial gc" contextid="0" timestamp="2019-07-07T05:34:49.516" intervalms="32.261" />
<gc-start id="2855" type="partial gc" contextid="2854" timestamp="2019-07-07T05:34:49.516">
  <mem-info id="2856" free="17825792" total="68157440" percent="26">
    <mem type="eden" free="0" total="24117248" percent="0" />
    <remembered-set count="45344" freebytes="2539264" totalbytes="2720640" percent="93" regionsoverflowed="0" regionsstable="14" regionsrebuilding="0"/>
  </mem-info>
</gc-start>
<allocation-stats totalBytes="24114672" >
  <allocated-bytes non-tlh="0" tlh="24114672" arrayletleaf="0"/>
  <largest-consumer threadName="main" threadId="00000000020B9700" bytes="24114672" />
</allocation-stats>
<gc-op id="2857" type="copy forward" timems="1.662" contextid="2854" timestamp="2019-07-07T05:34:49.518">
  <memory-copied type="eden" objects="23" bytes="728" bytesdiscarded="0" />
  <memory-copied type="other" objects="1288" bytes="52832" bytesdiscarded="0" />
  <memory-cardclean objects="226" bytes="12112" />
  <regions eden="23" other="1" />
  <remembered-set-cleared processed="43426" cleared="141" durationms="0.410" />
  <references type="soft" candidates="8" cleared="0" enqueued="0" dynamicThreshold="19" maxThreshold="32" />
  <references type="weak" candidates="17" cleared="0" enqueued="0" />
  <stringconstants candidates="13319" cleared="0"  />
</gc-op>
<gc-op id="2858" type="classunload" timems="0.004" contextid="2854" timestamp="2019-07-07T05:34:49.519">
  <classunload-info classloadercandidates="53" classloadersunloaded="0" classesunloaded="0" anonymousclassesunloaded="0" quiescems="0.000" setupms="0.004" scanms="0.000" postms="0.000" />
</gc-op>
<gc-end id="2859" type="partial gc" contextid="2854" durationms="2.717" usertimems="0.000" systemtimems="0.000" timestamp="2019-07-07T05:34:49.519" activeThreads="1">
  <mem-info id="2860" free="40894464" total="68157440" percent="60">
    <mem type="eden" free="1047848" total="1048576" percent="99" />
    <remembered-set count="45600" freebytes="2538240" totalbytes="2720640" percent="93" regionsoverflowed="0" regionsstable="14" regionsrebuilding="0"/>
  </mem-info>
</gc-end>
<cycle-end id="2861" type="partial gc" contextid="2854" timestamp="2019-07-07T05:34:49.519" />
  <attribute name="elasticGC enabled" value="1" />
  <attribute name= "numThreadsSpecified" value="1" />
  <attribute name="heapSize specified" value="0" />
  <attribute name="Current GC Util" value="72" />
  <attribute name= "Current Time Running" value="19044" />
  <attribute name ="GC Interval" value="0" />
  <attribute name="ProportionalT" value="26.000000" />
  <attribute name="ProportionalI" value="26.000000" />
  <attribute name="ProportionalH" value="26.000000" />
  <attribute name="Current Error" value="52.000000" />
  <attribute name="IntegralT" value="0.000000" />
  <attribute name="IntegralI" value="0.000000" />
  <attribute name="IntegralH" value="0.000000" />
  <attribute name="DerivativeT" value="inf" />
  <attribute name="DerivativeI" value="inf" />
  <attribute name="DerivativeH" value="inf" />
  <attribute name="Loop Time for DT" value="0.000000" />
  <attribute name="Output H" value="8388608"/>
  <attribute name="Output I" value="200"/>
  <attribute name="Output T" value="1"/>
  <attribute name="Target GC Util Change" value ="20.000000" />
  <attribute name="Current GC Util Change" value="72.000000"/>
  <attribute name="GC Util currently" value="72" />
  <attribute name="CPU Util currently" value="19077602077913" />
<exclusive-end id="2862" timestamp="2019-07-07T05:34:49.519" durationms="3.815" />

<exclusive-start id="2863" timestamp="2019-07-07T05:34:49.534" intervalms="18.382">
  <response-info timems="0.084" idlems="0.084" threads="0" lastid="00000000020B9700" lastname="main" />
</exclusive-start>
<allocation-taxation id="2864" taxation-threshold="11534336" timestamp="2019-07-07T05:34:49.534" intervalms="18.377" />
<cycle-start id="2865" type="global mark phase" contextid="0" timestamp="2019-07-07T05:34:49.534" intervalms="608.817" />
<gc-start id="2866" type="global mark phase" contextid="2865" timestamp="2019-07-07T05:34:49.534">
  <mem-info id="2867" free="29360128" total="68157440" percent="43">
    <remembered-set count="45248" freebytes="2539648" totalbytes="2720640" percent="93" regionsoverflowed="0" regionsstable="14" regionsrebuilding="0"/>
  </mem-info>
</gc-start>
<gc-op id="2868" type="mark increment" timems="0.515" contextid="2865" timestamp="2019-07-07T05:34:49.535">
  <trace-info objectcount="195" scancount="0" scanbytes="0" />
</gc-op>
<gc-end id="2869" type="global mark phase" contextid="2865" durationms="0.742" usertimems="0.000" systemtimems="0.000" timestamp="2019-07-07T05:34:49.535" activeThreads="1">
  <mem-info id="2870" free="29360128" total="68157440" percent="43">
    <remembered-set count="45248" freebytes="2539648" totalbytes="2720640" percent="93" regionsoverflowed="0" regionsstable="0" regionsrebuilding="14"/>
  </mem-info>
</gc-end>
<concurrent-start id="2871" type="GMP work packet processing" contextid="2865" timestamp="2019-07-07T05:34:49.535">
  <concurrent-mark-start scanTarget="1048576" />
</concurrent-start>
<exclusive-end id="2872" timestamp="2019-07-07T05:34:49.535" durationms="1.482" />

<concurrent-end id="2873" type="GMP work packet processing" contextid="2865" timestamp="2019-07-07T05:34:49.538">
  <concurrent-mark-end bytesScanned="1068036" reasonForTermination="Work target met" />
</concurrent-end>

<exclusive-start id="2874" timestamp="2019-07-07T05:34:49.701" intervalms="167.287">
  <response-info timems="0.052" idlems="0.052" threads="0" lastid="00000000020B9700" lastname="main" />
</exclusive-start>
<allocation-taxation id="2875" taxation-threshold="11534336" timestamp="2019-07-07T05:34:49.701" intervalms="167.338" />
<cycle-start id="2876" type="partial gc" contextid="0" timestamp="2019-07-07T05:34:49.702" intervalms="185.805" />
<gc-start id="2877" type="partial gc" contextid="2876" timestamp="2019-07-07T05:34:49.702">
  <mem-info id="2878" free="17825792" total="68157440" percent="26">
    <mem type="eden" free="0" total="23068672" percent="0" />
    <remembered-set count="46880" freebytes="2533120" totalbytes="2720640" percent="93" regionsoverflowed="0" regionsstable="0" regionsrebuilding="14"/>
  </mem-info>
</gc-start>
<allocation-stats totalBytes="23044208" >
  <allocated-bytes non-tlh="0" tlh="23044208" arrayletleaf="0"/>
  <largest-consumer threadName="main" threadId="00000000020B9700" bytes="11511560" />
</allocation-stats>
<gc-op id="2879" type="copy forward" timems="1.595" contextid="2876" timestamp="2019-07-07T05:34:49.704">
  <memory-copied type="eden" objects="67" bytes="2808" bytesdiscarded="0" />
  <memory-copied type="other" objects="6" bytes="136" bytesdiscarded="0" />
  <memory-cardclean objects="119" bytes="3240" />
  <regions eden="22" other="1" />
  <remembered-set-cleared processed="44938" cleared="33" durationms="0.440" />
  <stringconstants candidates="13319" cleared="0"  />
</gc-op>
<gc-op id="2880" type="classunload" timems="0.004" contextid="2876" timestamp="2019-07-07T05:34:49.705">
  <classunload-info classloadercandidates="53" classloadersunloaded="0" classesunloaded="0" anonymousclassesunloaded="0" quiescems="0.000" setupms="0.004" scanms="0.000" postms="0.000" />
</gc-op>
<heap-resize id="2881" type="contract" space="default" amount="4194304" count="1" timems="0.229" reason="insufficient time being spent in gc" timestamp="2019-07-07T05:34:49.705" />
<gc-end id="2882" type="partial gc" contextid="2876" durationms="3.318" usertimems="4.000" systemtimems="0.000" timestamp="2019-07-07T05:34:49.705" activeThreads="1">
  <mem-info id="2883" free="35651584" total="63963136" percent="55">
    <mem type="eden" free="1045768" total="1048576" percent="99" />
    <remembered-set count="47264" freebytes="2531584" totalbytes="2720640" percent="93" regionsoverflowed="0" regionsstable="0" regionsrebuilding="14"/>
  </mem-info>
</gc-end>
<cycle-end id="2884" type="partial gc" contextid="2876" timestamp="2019-07-07T05:34:49.706" />
  <attribute name="elasticGC enabled" value="1" />
  <attribute name= "numThreadsSpecified" value="1" />
  <attribute name="heapSize specified" value="0" />
  <attribute name="Current GC Util" value="80" />
  <attribute name= "Current Time Running" value="19230" />
  <attribute name ="GC Interval" value="0" />
  <attribute name="ProportionalT" value="30.000000" />
  <attribute name="ProportionalI" value="30.000000" />
  <attribute name="ProportionalH" value="30.000000" />
  <attribute name="Current Error" value="60.000000" />
  <attribute name="IntegralT" value="0.000000" />
  <attribute name="IntegralI" value="0.000000" />
  <attribute name="IntegralH" value="0.000000" />
  <attribute name="DerivativeT" value="inf" />
  <attribute name="DerivativeI" value="inf" />
  <attribute name="DerivativeH" value="inf" />
  <attribute name="Loop Time for DT" value="0.000000" />
  <attribute name="Output H" value="8388608"/>
  <attribute name="Output I" value="200"/>
  <attribute name="Output T" value="1"/>
  <attribute name="Target GC Util Change" value ="20.000000" />
  <attribute name="Current GC Util Change" value="80.000000"/>
  <attribute name="GC Util currently" value="80" />
  <attribute name="CPU Util currently" value="14748616768930" />
<exclusive-end id="2885" timestamp="2019-07-07T05:34:49.706" durationms="4.727" />

<exclusive-start id="2886" timestamp="2019-07-07T05:34:49.710" intervalms="8.392">
  <response-info timems="0.066" idlems="0.066" threads="0" lastid="00000000020B9700" lastname="main" />
</exclusive-start>
<allocation-taxation id="2887" taxation-threshold="11534336" timestamp="2019-07-07T05:34:49.710" intervalms="8.349" />
<gc-start id="2888" type="global mark phase" contextid="2865" timestamp="2019-07-07T05:34:49.710">
  <mem-info id="2889" free="24117248" total="63963136" percent="37">
    <remembered-set count="46944" freebytes="2532864" totalbytes="2720640" percent="93" regionsoverflowed="0" regionsstable="0" regionsrebuilding="14"/>
  </mem-info>
</gc-start>
<gc-end id="2890" type="global mark phase" contextid="2865" durationms="0.123" usertimems="4.000" systemtimems="0.000" timestamp="2019-07-07T05:34:49.710" activeThreads="1">
  <mem-info id="2891" free="24117248" total="63963136" percent="37">
    <remembered-set count="46944" freebytes="2532864" totalbytes="2720640" percent="93" regionsoverflowed="0" regionsstable="0" regionsrebuilding="14"/>
  </mem-info>
</gc-end>
<concurrent-start id="2892" type="GMP work packet processing" contextid="2865" timestamp="2019-07-07T05:34:49.710">
  <concurrent-mark-start scanTarget="1048576" />
</concurrent-start>
<exclusive-end id="2893" timestamp="2019-07-07T05:34:49.710" durationms="0.884" />

<concurrent-end id="2894" type="GMP work packet processing" contextid="2865" timestamp="2019-07-07T05:34:49.711">
  <concurrent-mark-end bytesScanned="1122116" reasonForTermination="Work target met" />
</concurrent-end>

<exclusive-start id="2895" timestamp="2019-07-07T05:34:49.715" intervalms="5.454">
  <response-info timems="0.027" idlems="0.027" threads="0" lastid="00000000020B9700" lastname="main" />
</exclusive-start>
<allocation-taxation id="2896" taxation-threshold="11534336" timestamp="2019-07-07T05:34:49.715" intervalms="5.468" />
<cycle-start id="2897" type="partial gc" contextid="0" timestamp="2019-07-07T05:34:49.715" intervalms="13.827" />
<gc-start id="2898" type="partial gc" contextid="2897" timestamp="2019-07-07T05:34:49.716">
  <mem-info id="2899" free="12582912" total="63963136" percent="19">
    <mem type="eden" free="0" total="23068672" percent="0" />
    <remembered-set count="48896" freebytes="2525056" totalbytes="2720640" percent="92" regionsoverflowed="0" regionsstable="0" regionsrebuilding="14"/>
  </mem-info>
</gc-start>
<allocation-stats totalBytes="22981728" >
  <allocated-bytes non-tlh="0" tlh="22981728" arrayletleaf="0"/>
  <largest-consumer threadName="main" threadId="00000000020B9700" bytes="11492096" />
</allocation-stats>
<gc-op id="2900" type="copy forward" timems="2.065" contextid="2897" timestamp="2019-07-07T05:34:49.719">
  <memory-copied type="eden" objects="0" bytes="0" bytesdiscarded="0" />
  <memory-copied type="other" objects="67" bytes="2808" bytesdiscarded="0" />
  <memory-cardclean objects="3606" bytes="284944" />
  <regions eden="22" other="1" />
  <remembered-set-cleared processed="46222" cleared="1280" durationms="0.435" />
  <stringconstants candidates="13319" cleared="0"  />
</gc-op>
<gc-op id="2901" type="classunload" timems="0.004" contextid="2897" timestamp="2019-07-07T05:34:49.719">
  <classunload-info classloadercandidates="53" classloadersunloaded="0" classesunloaded="0" anonymousclassesunloaded="0" quiescems="0.000" setupms="0.004" scanms="0.000" postms="0.000" />
</gc-op>
<heap-resize id="2902" type="contract" space="default" amount="4194304" count="1" timems="0.311" reason="insufficient time being spent in gc" timestamp="2019-07-07T05:34:49.720" />
<gc-end id="2903" type="partial gc" contextid="2897" durationms="4.223" usertimems="4.000" systemtimems="0.000" timestamp="2019-07-07T05:34:49.720" activeThreads="1">
  <mem-info id="2904" free="31457280" total="59768832" percent="52">
    <remembered-set count="47584" freebytes="2362880" totalbytes="2553216" percent="92" regionsoverflowed="0" regionsstable="0" regionsrebuilding="14"/>
  </mem-info>
</gc-end>
<cycle-end id="2905" type="partial gc" contextid="2897" timestamp="2019-07-07T05:34:49.720" />
  <attribute name="elasticGC enabled" value="1" />
  <attribute name= "numThreadsSpecified" value="1" />
  <attribute name="heapSize specified" value="0" />
  <attribute name="Current GC Util" value="52" />
  <attribute name= "Current Time Running" value="19244" />
  <attribute name ="GC Interval" value="0" />
  <attribute name="ProportionalT" value="16.000000" />
  <attribute name="ProportionalI" value="16.000000" />
  <attribute name="ProportionalH" value="16.000000" />
  <attribute name="Current Error" value="32.000000" />
  <attribute name="IntegralT" value="0.000000" />
  <attribute name="IntegralI" value="0.000000" />
  <attribute name="IntegralH" value="0.000000" />
  <attribute name="DerivativeT" value="inf" />
  <attribute name="DerivativeI" value="inf" />
  <attribute name="DerivativeH" value="inf" />
  <attribute name="Loop Time for DT" value="0.000000" />
  <attribute name="Output H" value="8388608"/>
  <attribute name="Output I" value="200"/>
  <attribute name="Output T" value="1"/>
  <attribute name="Target GC Util Change" value ="20.000000" />
  <attribute name="Current GC Util Change" value="52.000000"/>
  <attribute name="GC Util currently" value="52" />
  <attribute name="CPU Util currently" value="10027497005586" />
<exclusive-end id="2906" timestamp="2019-07-07T05:34:49.720" durationms="5.513" />

<exclusive-start id="2907" timestamp="2019-07-07T05:34:49.724" intervalms="8.958">
  <response-info timems="0.046" idlems="0.046" threads="0" lastid="00000000020B9700" lastname="main" />
</exclusive-start>
<allocation-taxation id="2908" taxation-threshold="10485760" timestamp="2019-07-07T05:34:49.724" intervalms="8.903" />
<gc-start id="2909" type="global mark phase" contextid="2865" timestamp="2019-07-07T05:34:49.724">
  <mem-info id="2910" free="20971520" total="59768832" percent="35">
    <remembered-set count="47424" freebytes="2363520" totalbytes="2553216" percent="92" regionsoverflowed="0" regionsstable="0" regionsrebuilding="14"/>
  </mem-info>
</gc-start>
<gc-end id="2911" type="global mark phase" contextid="2865" durationms="0.187" usertimems="0.000" systemtimems="0.000" timestamp="2019-07-07T05:34:49.725" activeThreads="1">
  <mem-info id="2912" free="20971520" total="59768832" percent="35">
    <remembered-set count="47424" freebytes="2363520" totalbytes="2553216" percent="92" regionsoverflowed="0" regionsstable="0" regionsrebuilding="14"/>
  </mem-info>
</gc-end>
<concurrent-start id="2913" type="GMP work packet processing" contextid="2865" timestamp="2019-07-07T05:34:49.725">
  <concurrent-mark-start scanTarget="1048576" />
</concurrent-start>
<exclusive-end id="2914" timestamp="2019-07-07T05:34:49.725" durationms="0.961" />

<concurrent-end id="2915" type="GMP work packet processing" contextid="2865" timestamp="2019-07-07T05:34:49.726">
  <concurrent-mark-end bytesScanned="1090152" reasonForTermination="Work target met" />
</concurrent-end>

<exclusive-start id="2916" timestamp="2019-07-07T05:34:49.729" intervalms="4.942">
  <response-info timems="0.072" idlems="0.072" threads="0" lastid="00000000020B9700" lastname="main" />
</exclusive-start>
<allocation-taxation id="2917" taxation-threshold="10485760" timestamp="2019-07-07T05:34:49.729" intervalms="5.006" />
<cycle-start id="2918" type="partial gc" contextid="0" timestamp="2019-07-07T05:34:49.729" intervalms="13.930" />
<gc-start id="2919" type="partial gc" contextid="2918" timestamp="2019-07-07T05:34:49.730">
  <mem-info id="2920" free="10485760" total="59768832" percent="17">
    <mem type="eden" free="0" total="20971520" percent="0" />
    <remembered-set count="50336" freebytes="2351872" totalbytes="2553216" percent="92" regionsoverflowed="0" regionsstable="0" regionsrebuilding="14"/>
  </mem-info>
</gc-start>
<allocation-stats totalBytes="20892256" >
  <allocated-bytes non-tlh="0" tlh="20892256" arrayletleaf="0"/>
  <largest-consumer threadName="main" threadId="00000000020B9700" bytes="10447360" />
</allocation-stats>
<gc-op id="2921" type="copy forward" timems="2.583" contextid="2918" timestamp="2019-07-07T05:34:49.733">
  <memory-copied type="eden" objects="0" bytes="0" bytesdiscarded="0" />
  <memory-copied type="other" objects="0" bytes="0" bytesdiscarded="0" />
  <memory-cardclean objects="9426" bytes="621520" />
  <regions eden="20" other="0" />
  <remembered-set-cleared processed="47002" cleared="1860" durationms="0.357" />
  <stringconstants candidates="13319" cleared="0"  />
</gc-op>
<gc-op id="2922" type="classunload" timems="0.005" contextid="2918" timestamp="2019-07-07T05:34:49.733">
  <classunload-info classloadercandidates="53" classloadersunloaded="0" classesunloaded="0" anonymousclassesunloaded="0" quiescems="0.000" setupms="0.004" scanms="0.000" postms="0.000" />
</gc-op>
<heap-resize id="2923" type="expand" space="default" amount="10485760" count="1" timems="0.078" reason="excessive time being spent in gc" timestamp="2019-07-07T05:34:49.734" />
<gc-end id="2924" type="partial gc" contextid="2918" durationms="4.126" usertimems="8.000" systemtimems="0.000" timestamp="2019-07-07T05:34:49.734" activeThreads="4">
  <mem-info id="2925" free="41943040" total="70254592" percent="59">
    <remembered-set count="50208" freebytes="2603520" totalbytes="2804352" percent="92" regionsoverflowed="0" regionsstable="0" regionsrebuilding="14"/>
  </mem-info>
</gc-end>
<cycle-end id="2926" type="partial gc" contextid="2918" timestamp="2019-07-07T05:34:49.734" />
  <attribute name="elasticGC enabled" value="1" />
  <attribute name= "numThreadsSpecified" value="4" />
  <attribute name="heapSize specified" value="0" />
  <attribute name="Current GC Util" value="56" />
  <attribute name= "Current Time Running" value="19258" />
  <attribute name ="GC Interval" value="0" />
  <attribute name="ProportionalT" value="18.000000" />
  <attribute name="ProportionalI" value="18.000000" />
  <attribute name="ProportionalH" value="18.000000" />
  <attribute name="Current Error" value="36.000000" />
  <attribute name="IntegralT" value="18.000000" />
  <attribute name="IntegralI" value="18.000000" />
  <attribute name="IntegralH" value="18.000000" />
  <attribute name="DerivativeT" value="24.000000" />
  <attribute name="DerivativeI" value="24.000000" />
  <attribute name="DerivativeH" value="24.000000" />
  <attribute name="Loop Time for DT" value="1.000000" />
  <attribute name="Output H" value="8388608"/>
  <attribute name="Output I" value="200"/>
  <attribute name="Output T" value="4"/>
  <attribute name="Target GC Util Change" value ="20.000000" />
  <attribute name="Current GC Util Change" value="56.000000"/>
  <attribute name="GC Util currently" value="56" />
  <attribute name="CPU Util currently" value="10049610764548" />
<exclusive-end id="2927" timestamp="2019-07-07T05:34:49.734" durationms="5.444" />

<exclusive-start id="2928" timestamp="2019-07-07T05:34:49.738" intervalms="9.105">
  <response-info timems="0.078" idlems="0.078" threads="0" lastid="00000000020B9700" lastname="main" />
</exclusive-start>
<allocation-taxation id="2929" taxation-threshold="11534336" timestamp="2019-07-07T05:34:49.738" intervalms="9.087" />
<gc-start id="2930" type="global mark phase" contextid="2865" timestamp="2019-07-07T05:34:49.738">
  <mem-info id="2931" free="30408704" total="70254592" percent="43">
    <remembered-set count="50144" freebytes="2603776" totalbytes="2804352" percent="92" regionsoverflowed="0" regionsstable="0" regionsrebuilding="14"/>
  </mem-info>
</gc-start>
<gc-end id="2932" type="global mark phase" contextid="2865" durationms="0.216" usertimems="0.000" systemtimems="0.000" timestamp="2019-07-07T05:34:49.739" activeThreads="4">
  <mem-info id="2933" free="30408704" total="70254592" percent="43">
    <remembered-set count="50144" freebytes="2603776" totalbytes="2804352" percent="92" regionsoverflowed="0" regionsstable="0" regionsrebuilding="14"/>
  </mem-info>
</gc-end>
<concurrent-start id="2934" type="GMP work packet processing" contextid="2865" timestamp="2019-07-07T05:34:49.739">
  <concurrent-mark-start scanTarget="2775274" />
</concurrent-start>
<exclusive-end id="2935" timestamp="2019-07-07T05:34:49.740" durationms="2.309" />

<concurrent-end id="2936" type="GMP work packet processing" contextid="2865" timestamp="2019-07-07T05:34:49.740">
  <concurrent-mark-end bytesScanned="2813660" reasonForTermination="Work target met" />
</concurrent-end>

<exclusive-start id="2937" timestamp="2019-07-07T05:34:49.744" intervalms="6.039">
  <response-info timems="0.077" idlems="0.077" threads="0" lastid="00000000020B9700" lastname="main" />
</exclusive-start>
<allocation-taxation id="2938" taxation-threshold="11534336" timestamp="2019-07-07T05:34:49.744" intervalms="6.044" />
<cycle-start id="2939" type="partial gc" contextid="0" timestamp="2019-07-07T05:34:49.744" intervalms="15.120" />
<gc-start id="2940" type="partial gc" contextid="2939" timestamp="2019-07-07T05:34:49.745">
  <mem-info id="2941" free="18874368" total="70254592" percent="26">
    <mem type="eden" free="0" total="23068672" percent="0" />
    <remembered-set count="56608" freebytes="2577920" totalbytes="2804352" percent="91" regionsoverflowed="0" regionsstable="0" regionsrebuilding="14"/>
  </mem-info>
</gc-start>
<allocation-stats totalBytes="22988544" >
  <allocated-bytes non-tlh="0" tlh="22988544" arrayletleaf="0"/>
  <largest-consumer threadName="main" threadId="00000000020B9700" bytes="11496560" />
</allocation-stats>
<gc-op id="2942" type="copy forward" timems="1.439" contextid="2939" timestamp="2019-07-07T05:34:49.747">
  <memory-copied type="eden" objects="1" bytes="24" bytesdiscarded="0" />
  <memory-copied type="other" objects="0" bytes="0" bytesdiscarded="0" />
  <memory-cardclean objects="17" bytes="448" />
  <regions eden="22" other="0" />
  <remembered-set-cleared processed="54539" cleared="5" durationms="0.429" />
  <stringconstants candidates="13319" cleared="0"  />
</gc-op>
<gc-op id="2943" type="classunload" timems="0.004" contextid="2939" timestamp="2019-07-07T05:34:49.747">
  <classunload-info classloadercandidates="53" classloadersunloaded="0" classesunloaded="0" anonymousclassesunloaded="0" quiescems="0.000" setupms="0.004" scanms="0.000" postms="0.000" />
</gc-op>
<heap-resize id="2944" type="expand" space="default" amount="3145728" count="1" timems="0.058" reason="excessive time being spent in gc" timestamp="2019-07-07T05:34:49.748" />
<gc-end id="2945" type="partial gc" contextid="2939" durationms="3.015" usertimems="0.000" systemtimems="0.000" timestamp="2019-07-07T05:34:49.748" activeThreads="1">
  <mem-info id="2946" free="44040192" total="73400320" percent="60">
    <mem type="eden" free="1048552" total="1048576" percent="99" />
    <remembered-set count="57120" freebytes="2701440" totalbytes="2929920" percent="92" regionsoverflowed="0" regionsstable="0" regionsrebuilding="14"/>
  </mem-info>
</gc-end>
<cycle-end id="2947" type="partial gc" contextid="2939" timestamp="2019-07-07T05:34:49.748" />
  <attribute name="elasticGC enabled" value="1" />
  <attribute name= "numThreadsSpecified" value="1" />
  <attribute name="heapSize specified" value="0" />
  <attribute name="Current GC Util" value="62" />
  <attribute name= "Current Time Running" value="19273" />
  <attribute name ="GC Interval" value="0" />
  <attribute name="ProportionalT" value="21.000000" />
  <attribute name="ProportionalI" value="21.000000" />
  <attribute name="ProportionalH" value="21.000000" />
  <attribute name="Current Error" value="42.000000" />
  <attribute name="IntegralT" value="0.000000" />
  <attribute name="IntegralI" value="0.000000" />
  <attribute name="IntegralH" value="0.000000" />
  <attribute name="DerivativeT" value="inf" />
  <attribute name="DerivativeI" value="inf" />
  <attribute name="DerivativeH" value="inf" />
  <attribute name="Loop Time for DT" value="0.000000" />
  <attribute name="Output H" value="8388608"/>
  <attribute name="Output I" value="200"/>
  <attribute name="Output T" value="1"/>
  <attribute name="Target GC Util Change" value ="20.000000" />
  <attribute name="Current GC Util Change" value="62.000000"/>
  <attribute name="GC Util currently" value="62" />
  <attribute name="CPU Util currently" value="19878813666327" />
<exclusive-end id="2948" timestamp="2019-07-07T05:34:49.748" durationms="4.337" />

<exclusive-start id="2949" timestamp="2019-07-07T05:34:49.752" intervalms="8.309">
  <response-info timems="0.081" idlems="0.081" threads="0" lastid="00000000020B9700" lastname="main" />
</exclusive-start>
<allocation-taxation id="2950" taxation-threshold="12582912" timestamp="2019-07-07T05:34:49.753" intervalms="8.310" />
<gc-start id="2951" type="global mark phase" contextid="2865" timestamp="2019-07-07T05:34:49.753">
  <mem-info id="2952" free="31457280" total="73400320" percent="42">
    <remembered-set count="56640" freebytes="2703360" totalbytes="2929920" percent="92" regionsoverflowed="0" regionsstable="0" regionsrebuilding="14"/>
  </mem-info>
</gc-start>
<gc-end id="2953" type="global mark phase" contextid="2865" durationms="0.217" usertimems="4.000" systemtimems="0.000" timestamp="2019-07-07T05:34:49.753" activeThreads="1">
  <mem-info id="2954" free="31457280" total="73400320" percent="42">
    <remembered-set count="56640" freebytes="2703360" totalbytes="2929920" percent="92" regionsoverflowed="0" regionsstable="0" regionsrebuilding="14"/>
  </mem-info>
</gc-end>
<concurrent-start id="2955" type="GMP work packet processing" contextid="2865" timestamp="2019-07-07T05:34:49.753">
  <concurrent-mark-start scanTarget="1048576" />
</concurrent-start>
<exclusive-end id="2956" timestamp="2019-07-07T05:34:49.753" durationms="1.059" />

<concurrent-end id="2957" type="GMP work packet processing" contextid="2865" timestamp="2019-07-07T05:34:49.754">
  <concurrent-mark-end bytesScanned="1107684" reasonForTermination="Work target met" />
</concurrent-end>

<exclusive-start id="2958" timestamp="2019-07-07T05:34:49.758" intervalms="5.442">
  <response-info timems="0.071" idlems="0.071" threads="0" lastid="00000000020B9700" lastname="main" />
</exclusive-start>
<allocation-taxation id="2959" taxation-threshold="12582912" timestamp="2019-07-07T05:34:49.758" intervalms="5.454" />
<cycle-start id="2960" type="partial gc" contextid="0" timestamp="2019-07-07T05:34:49.758" intervalms="13.724" />
<gc-start id="2961" type="partial gc" contextid="2960" timestamp="2019-07-07T05:34:49.758">
  <mem-info id="2962" free="18874368" total="73400320" percent="25">
    <mem type="eden" free="1048552" total="26214400" percent="3" />
    <remembered-set count="59040" freebytes="2693760" totalbytes="2929920" percent="91" regionsoverflowed="0" regionsstable="0" regionsrebuilding="14"/>
  </mem-info>
</gc-start>
<allocation-stats totalBytes="25080968" >
  <allocated-bytes non-tlh="0" tlh="25080968" arrayletleaf="0"/>
  <largest-consumer threadName="main" threadId="00000000020B9700" bytes="12541704" />
</allocation-stats>
<gc-op id="2963" type="copy forward" timems="1.551" contextid="2960" timestamp="2019-07-07T05:34:49.761">
  <memory-copied type="eden" objects="1" bytes="24" bytesdiscarded="0" />
  <memory-copied type="other" objects="0" bytes="0" bytesdiscarded="0" />
  <memory-cardclean objects="17" bytes="448" />
  <regions eden="24" other="1" />
  <remembered-set-cleared processed="56311" cleared="6" durationms="0.506" />
  <stringconstants candidates="13319" cleared="0"  />
</gc-op>
<gc-op id="2964" type="classunload" timems="0.003" contextid="2960" timestamp="2019-07-07T05:34:49.761">
  <classunload-info classloadercandidates="53" classloadersunloaded="0" classesunloaded="0" anonymousclassesunloaded="0" quiescems="0.000" setupms="0.003" scanms="0.000" postms="0.000" />
</gc-op>
<gc-end id="2965" type="partial gc" contextid="2960" durationms="2.859" usertimems="0.000" systemtimems="4.000" timestamp="2019-07-07T05:34:49.761" activeThreads="1">
  <mem-info id="2966" free="44040192" total="73400320" percent="60">
    <mem type="eden" free="1048552" total="1048576" percent="99" />
    <remembered-set count="59520" freebytes="2691840" totalbytes="2929920" percent="91" regionsoverflowed="0" regionsstable="0" regionsrebuilding="14"/>
  </mem-info>
</gc-end>
<cycle-end id="2967" type="partial gc" contextid="2960" timestamp="2019-07-07T05:34:49.762" />
  <attribute name="elasticGC enabled" value="1" />
  <attribute name= "numThreadsSpecified" value="1" />
  <attribute name="heapSize specified" value="0" />
  <attribute name="Current GC Util" value="51" />
  <attribute name= "Current Time Running" value="19286" />
  <attribute name ="GC Interval" value="0" />
  <attribute name="ProportionalT" value="15.500000" />
  <attribute name="ProportionalI" value="15.500000" />
  <attribute name="ProportionalH" value="15.500000" />
  <attribute name="Current Error" value="31.000000" />
  <attribute name="IntegralT" value="0.000000" />
  <attribute name="IntegralI" value="0.000000" />
  <attribute name="IntegralH" value="0.000000" />
  <attribute name="DerivativeT" value="inf" />
  <attribute name="DerivativeI" value="inf" />
  <attribute name="DerivativeH" value="inf" />
  <attribute name="Loop Time for DT" value="0.000000" />
  <attribute name="Output H" value="8388608"/>
  <attribute name="Output I" value="200"/>
  <attribute name="Output T" value="1"/>
  <attribute name="Target GC Util Change" value ="20.000000" />
  <attribute name="Current GC Util Change" value="51.000000"/>
  <attribute name="GC Util currently" value="51" />
  <attribute name="CPU Util currently" value="18292428998355" />
<exclusive-end id="2968" timestamp="2019-07-07T05:34:49.762" durationms="4.073" />

<exclusive-start id="2969" timestamp="2019-07-07T05:34:49.766" intervalms="8.004">
  <response-info timems="0.082" idlems="0.082" threads="0" lastid="00000000020B9700" lastname="main" />
</exclusive-start>
<allocation-taxation id="2970" taxation-threshold="12582912" timestamp="2019-07-07T05:34:49.766" intervalms="8.004" />
<gc-start id="2971" type="global mark phase" contextid="2865" timestamp="2019-07-07T05:34:49.766">
  <mem-info id="2972" free="31457280" total="73400320" percent="42">
    <remembered-set count="59040" freebytes="2693760" totalbytes="2929920" percent="91" regionsoverflowed="0" regionsstable="0" regionsrebuilding="14"/>
  </mem-info>
</gc-start>
<gc-end id="2973" type="global mark phase" contextid="2865" durationms="0.089" usertimems="0.000" systemtimems="0.000" timestamp="2019-07-07T05:34:49.766" activeThreads="1">
  <mem-info id="2974" free="31457280" total="73400320" percent="42">
    <remembered-set count="59040" freebytes="2693760" totalbytes="2929920" percent="91" regionsoverflowed="0" regionsstable="0" regionsrebuilding="14"/>
  </mem-info>
</gc-end>
<concurrent-start id="2975" type="GMP work packet processing" contextid="2865" timestamp="2019-07-07T05:34:49.766">
  <concurrent-mark-start scanTarget="1048576" />
</concurrent-start>
<exclusive-end id="2976" timestamp="2019-07-07T05:34:49.767" durationms="0.891" />

<concurrent-end id="2977" type="GMP work packet processing" contextid="2865" timestamp="2019-07-07T05:34:49.767">
  <concurrent-mark-end bytesScanned="1089668" reasonForTermination="Work target met" />
</concurrent-end>

<exclusive-start id="2978" timestamp="2019-07-07T05:34:49.771" intervalms="5.389">
  <response-info timems="0.064" idlems="0.064" threads="0" lastid="00000000020B9700" lastname="main" />
</exclusive-start>
<allocation-taxation id="2979" taxation-threshold="12582912" timestamp="2019-07-07T05:34:49.771" intervalms="5.299" />
<cycle-start id="2980" type="partial gc" contextid="0" timestamp="2019-07-07T05:34:49.772" intervalms="13.335" />
<gc-start id="2981" type="partial gc" contextid="2980" timestamp="2019-07-07T05:34:49.772">
  <mem-info id="2982" free="18874368" total="73400320" percent="25">
    <mem type="eden" free="1048552" total="26214400" percent="3" />
    <remembered-set count="62624" freebytes="2679424" totalbytes="2929920" percent="91" regionsoverflowed="0" regionsstable="0" regionsrebuilding="14"/>
  </mem-info>
</gc-start>
<allocation-stats totalBytes="25080968" >
  <allocated-bytes non-tlh="0" tlh="25080968" arrayletleaf="0"/>
  <largest-consumer threadName="main" threadId="00000000020B9700" bytes="12541704" />
</allocation-stats>
<gc-op id="2983" type="copy forward" timems="1.691" contextid="2980" timestamp="2019-07-07T05:34:49.774">
  <memory-copied type="eden" objects="1" bytes="24" bytesdiscarded="0" />
  <memory-copied type="other" objects="0" bytes="0" bytesdiscarded="0" />
  <memory-cardclean objects="17" bytes="448" />
  <regions eden="24" other="1" />
  <remembered-set-cleared processed="60407" cleared="6" durationms="0.298" />
  <stringconstants candidates="13319" cleared="0"  />
</gc-op>
<gc-op id="2984" type="classunload" timems="0.004" contextid="2980" timestamp="2019-07-07T05:34:49.774">
  <classunload-info classloadercandidates="53" classloadersunloaded="0" classesunloaded="0" anonymousclassesunloaded="0" quiescems="0.000" setupms="0.004" scanms="0.000" postms="0.000" />
</gc-op>
<gc-end id="2985" type="partial gc" contextid="2980" durationms="2.803" usertimems="4.000" systemtimems="0.000" timestamp="2019-07-07T05:34:49.775" activeThreads="4">
  <mem-info id="2986" free="44040192" total="73400320" percent="60">
    <mem type="eden" free="1048552" total="1048576" percent="99" />
    <remembered-set count="62528" freebytes="2679808" totalbytes="2929920" percent="91" regionsoverflowed="0" regionsstable="0" regionsrebuilding="14"/>
  </mem-info>
</gc-end>
<cycle-end id="2987" type="partial gc" contextid="2980" timestamp="2019-07-07T05:34:49.775" />
  <attribute name="elasticGC enabled" value="1" />
  <attribute name= "numThreadsSpecified" value="4" />
  <attribute name="heapSize specified" value="0" />
  <attribute name="Current GC Util" value="62" />
  <attribute name= "Current Time Running" value="19300" />
  <attribute name ="GC Interval" value="0" />
  <attribute name="ProportionalT" value="21.000000" />
  <attribute name="ProportionalI" value="21.000000" />
  <attribute name="ProportionalH" value="21.000000" />
  <attribute name="Current Error" value="42.000000" />
  <attribute name="IntegralT" value="21.000000" />
  <attribute name="IntegralI" value="21.000000" />
  <attribute name="IntegralH" value="21.000000" />
  <attribute name="DerivativeT" value="34.000000" />
  <attribute name="DerivativeI" value="34.000000" />
  <attribute name="DerivativeH" value="34.000000" />
  <attribute name="Loop Time for DT" value="1.000000" />
  <attribute name="Output H" value="8388608"/>
  <attribute name="Output I" value="200"/>
  <attribute name="Output T" value="4"/>
  <attribute name="Target GC Util Change" value ="20.000000" />
  <attribute name="Current GC Util Change" value="62.000000"/>
  <attribute name="GC Util currently" value="62" />
  <attribute name="CPU Util currently" value="14204794543897" />
<exclusive-end id="2988" timestamp="2019-07-07T05:34:49.775" durationms="3.855" />

<exclusive-start id="2989" timestamp="2019-07-07T05:34:49.779" intervalms="7.864">
  <response-info timems="0.076" idlems="0.076" threads="0" lastid="00000000020B9700" lastname="main" />
</exclusive-start>
<allocation-taxation id="2990" taxation-threshold="12582912" timestamp="2019-07-07T05:34:49.779" intervalms="7.907" />
<gc-start id="2991" type="global mark phase" contextid="2865" timestamp="2019-07-07T05:34:49.779">
  <mem-info id="2992" free="31457280" total="73400320" percent="42">
    <remembered-set count="62048" freebytes="2681728" totalbytes="2929920" percent="91" regionsoverflowed="0" regionsstable="0" regionsrebuilding="14"/>
  </mem-info>
</gc-start>
<gc-end id="2993" type="global mark phase" contextid="2865" durationms="0.138" usertimems="0.000" systemtimems="0.000" timestamp="2019-07-07T05:34:49.780" activeThreads="4">
  <mem-info id="2994" free="31457280" total="73400320" percent="42">
    <remembered-set count="62048" freebytes="2681728" totalbytes="2929920" percent="91" regionsoverflowed="0" regionsstable="0" regionsrebuilding="14"/>
  </mem-info>
</gc-end>
<concurrent-start id="2995" type="GMP work packet processing" contextid="2865" timestamp="2019-07-07T05:34:49.780">
  <concurrent-mark-start scanTarget="1387637" />
</concurrent-start>
<concurrent-end id="2996" type="GMP work packet processing" contextid="2865" timestamp="2019-07-07T05:34:49.781">
  <concurrent-mark-end bytesScanned="1428244" reasonForTermination="Work target met" />
</concurrent-end>

<exclusive-end id="2997" timestamp="2019-07-07T05:34:49.781" durationms="1.539" />

<exclusive-start id="2998" timestamp="2019-07-07T05:34:49.785" intervalms="5.644">
  <response-info timems="0.067" idlems="0.067" threads="0" lastid="00000000020B9700" lastname="main" />
</exclusive-start>
<allocation-taxation id="2999" taxation-threshold="12582912" timestamp="2019-07-07T05:34:49.785" intervalms="5.641" />
<cycle-start id="3000" type="partial gc" contextid="0" timestamp="2019-07-07T05:34:49.785" intervalms="13.489" />
<gc-start id="3001" type="partial gc" contextid="3000" timestamp="2019-07-07T05:34:49.785">
  <mem-info id="3002" free="18874368" total="73400320" percent="25">
    <mem type="eden" free="1048552" total="26214400" percent="3" />
    <remembered-set count="68288" freebytes="2656768" totalbytes="2929920" percent="90" regionsoverflowed="0" regionsstable="0" regionsrebuilding="14"/>
  </mem-info>
</gc-start>
<allocation-stats totalBytes="25080968" >
  <allocated-bytes non-tlh="0" tlh="25080968" arrayletleaf="0"/>
  <largest-consumer threadName="main" threadId="00000000020B9700" bytes="12541704" />
</allocation-stats>
<gc-op id="3003" type="copy forward" timems="1.453" contextid="3000" timestamp="2019-07-07T05:34:49.787">
  <memory-copied type="eden" objects="1" bytes="24" bytesdiscarded="0" />
  <memory-copied type="other" objects="0" bytes="0" bytesdiscarded="0" />
  <memory-cardclean objects="17" bytes="448" />
  <regions eden="24" other="1" />
  <remembered-set-cleared processed="65664" cleared="6" durationms="0.490" />
  <stringconstants candidates="13319" cleared="0"  />
</gc-op>
<gc-op id="3004" type="classunload" timems="0.004" contextid="3000" timestamp="2019-07-07T05:34:49.788">
  <classunload-info classloadercandidates="53" classloadersunloaded="0" classesunloaded="0" anonymousclassesunloaded="0" quiescems="0.000" setupms="0.004" scanms="0.000" postms="0.000" />
</gc-op>
<gc-end id="3005" type="partial gc" contextid="3000" durationms="2.605" usertimems="4.000" systemtimems="0.000" timestamp="2019-07-07T05:34:49.788" activeThreads="1">
  <mem-info id="3006" free="44040192" total="73400320" percent="60">
    <mem type="eden" free="1048552" total="1048576" percent="99" />
    <remembered-set count="68768" freebytes="2654848" totalbytes="2929920" percent="90" regionsoverflowed="0" regionsstable="0" regionsrebuilding="14"/>
  </mem-info>
</gc-end>
<cycle-end id="3007" type="partial gc" contextid="3000" timestamp="2019-07-07T05:34:49.788" />
  <attribute name="elasticGC enabled" value="1" />
  <attribute name= "numThreadsSpecified" value="1" />
  <attribute name="heapSize specified" value="0" />
  <attribute name="Current GC Util" value="56" />
  <attribute name= "Current Time Running" value="19313" />
  <attribute name ="GC Interval" value="0" />
  <attribute name="ProportionalT" value="18.000000" />
  <attribute name="ProportionalI" value="18.000000" />
  <attribute name="ProportionalH" value="18.000000" />
  <attribute name="Current Error" value="36.000000" />
  <attribute name="IntegralT" value="0.000000" />
  <attribute name="IntegralI" value="0.000000" />
  <attribute name="IntegralH" value="0.000000" />
  <attribute name="DerivativeT" value="inf" />
  <attribute name="DerivativeI" value="inf" />
  <attribute name="DerivativeH" value="inf" />
  <attribute name="Loop Time for DT" value="0.000000" />
  <attribute name="Output H" value="8388608"/>
  <attribute name="Output I" value="200"/>
  <attribute name="Output T" value="1"/>
  <attribute name="Target GC Util Change" value ="20.000000" />
  <attribute name="Current GC Util Change" value="56.000000"/>
  <attribute name="GC Util currently" value="56" />
  <attribute name="CPU Util currently" value="20337209582270" />
<exclusive-end id="3008" timestamp="2019-07-07T05:34:49.788" durationms="3.618" />

<exclusive-start id="3009" timestamp="2019-07-07T05:34:49.792" intervalms="7.624">
  <response-info timems="0.075" idlems="0.075" threads="0" lastid="00000000020B9700" lastname="main" />
</exclusive-start>
<allocation-taxation id="3010" taxation-threshold="12582912" timestamp="2019-07-07T05:34:49.792" intervalms="7.600" />
<gc-start id="3011" type="global mark phase" contextid="2865" timestamp="2019-07-07T05:34:49.793">
  <mem-info id="3012" free="31457280" total="73400320" percent="42">
    <remembered-set count="68288" freebytes="2656768" totalbytes="2929920" percent="90" regionsoverflowed="0" regionsstable="0" regionsrebuilding="14"/>
  </mem-info>
</gc-start>
<gc-end id="3013" type="global mark phase" contextid="2865" durationms="0.138" usertimems="0.000" systemtimems="0.000" timestamp="2019-07-07T05:34:49.793" activeThreads="1">
  <mem-info id="3014" free="31457280" total="73400320" percent="42">
    <remembered-set count="68288" freebytes="2656768" totalbytes="2929920" percent="90" regionsoverflowed="0" regionsstable="0" regionsrebuilding="14"/>
  </mem-info>
</gc-end>
<concurrent-start id="3015" type="GMP work packet processing" contextid="2865" timestamp="2019-07-07T05:34:49.793">
  <concurrent-mark-start scanTarget="1048576" />
</concurrent-start>
<exclusive-end id="3016" timestamp="2019-07-07T05:34:49.794" durationms="1.476" />

<concurrent-end id="3017" type="GMP work packet processing" contextid="2865" timestamp="2019-07-07T05:34:49.794">
  <concurrent-mark-end bytesScanned="1098056" reasonForTermination="Work target met" />
</concurrent-end>

<exclusive-start id="3018" timestamp="2019-07-07T05:34:49.798" intervalms="5.469">
  <response-info timems="0.055" idlems="0.055" threads="0" lastid="00000000020B9700" lastname="main" />
</exclusive-start>
<allocation-taxation id="3019" taxation-threshold="12582912" timestamp="2019-07-07T05:34:49.798" intervalms="5.507" />
<cycle-start id="3020" type="partial gc" contextid="0" timestamp="2019-07-07T05:34:49.798" intervalms="13.102" />
<gc-start id="3021" type="partial gc" contextid="3020" timestamp="2019-07-07T05:34:49.798">
  <mem-info id="3022" free="18874368" total="73400320" percent="25">
    <mem type="eden" free="1048552" total="26214400" percent="3" />
    <remembered-set count="73184" freebytes="2637184" totalbytes="2929920" percent="90" regionsoverflowed="0" regionsstable="0" regionsrebuilding="14"/>
  </mem-info>
</gc-start>
<allocation-stats totalBytes="25080968" >
  <allocated-bytes non-tlh="0" tlh="25080968" arrayletleaf="0"/>
  <largest-consumer threadName="main" threadId="00000000020B9700" bytes="12541704" />
</allocation-stats>
<gc-op id="3023" type="copy forward" timems="1.428" contextid="3020" timestamp="2019-07-07T05:34:49.801">
  <memory-copied type="eden" objects="1" bytes="24" bytesdiscarded="0" />
  <memory-copied type="other" objects="0" bytes="0" bytesdiscarded="0" />
  <memory-cardclean objects="17" bytes="448" />
  <regions eden="24" other="1" />
  <remembered-set-cleared processed="70847" cleared="6" durationms="0.487" />
  <stringconstants candidates="13319" cleared="0"  />
</gc-op>
<gc-op id="3024" type="classunload" timems="0.003" contextid="3020" timestamp="2019-07-07T05:34:49.801">
  <classunload-info classloadercandidates="53" classloadersunloaded="0" classesunloaded="0" anonymousclassesunloaded="0" quiescems="0.000" setupms="0.003" scanms="0.000" postms="0.000" />
</gc-op>
<gc-end id="3025" type="partial gc" contextid="3020" durationms="2.589" usertimems="4.000" systemtimems="0.000" timestamp="2019-07-07T05:34:49.801" activeThreads="1">
  <mem-info id="3026" free="44040192" total="73400320" percent="60">
    <mem type="eden" free="1048552" total="1048576" percent="99" />
    <remembered-set count="73664" freebytes="2635264" totalbytes="2929920" percent="89" regionsoverflowed="0" regionsstable="0" regionsrebuilding="14"/>
  </mem-info>
</gc-end>
<cycle-end id="3027" type="partial gc" contextid="3020" timestamp="2019-07-07T05:34:49.801" />
  <attribute name="elasticGC enabled" value="1" />
  <attribute name= "numThreadsSpecified" value="1" />
  <attribute name="heapSize specified" value="0" />
  <attribute name="Current GC Util" value="74" />
  <attribute name= "Current Time Running" value="19326" />
  <attribute name ="GC Interval" value="0" />
  <attribute name="ProportionalT" value="27.000000" />
  <attribute name="ProportionalI" value="27.000000" />
  <attribute name="ProportionalH" value="27.000000" />
  <attribute name="Current Error" value="54.000000" />
  <attribute name="IntegralT" value="0.000000" />
  <attribute name="IntegralI" value="0.000000" />
  <attribute name="IntegralH" value="0.000000" />
  <attribute name="DerivativeT" value="inf" />
  <attribute name="DerivativeI" value="inf" />
  <attribute name="DerivativeH" value="inf" />
  <attribute name="Loop Time for DT" value="0.000000" />
  <attribute name="Output H" value="8388608"/>
  <attribute name="Output I" value="200"/>
  <attribute name="Output T" value="1"/>
  <attribute name="Target GC Util Change" value ="20.000000" />
  <attribute name="Current GC Util Change" value="74.000000"/>
  <attribute name="GC Util currently" value="74" />
  <attribute name="CPU Util currently" value="25348962127792" />
<exclusive-end id="3028" timestamp="2019-07-07T05:34:49.801" durationms="3.644" />

<exclusive-start id="3029" timestamp="2019-07-07T05:34:49.805" intervalms="7.642">
  <response-info timems="0.074" idlems="0.074" threads="0" lastid="00000000020B9700" lastname="main" />
</exclusive-start>
<allocation-taxation id="3030" taxation-threshold="12582912" timestamp="2019-07-07T05:34:49.806" intervalms="7.634" />
<gc-start id="3031" type="global mark phase" contextid="2865" timestamp="2019-07-07T05:34:49.806">
  <mem-info id="3032" free="31457280" total="73400320" percent="42">
    <remembered-set count="73184" freebytes="2637184" totalbytes="2929920" percent="90" regionsoverflowed="0" regionsstable="0" regionsrebuilding="14"/>
  </mem-info>
</gc-start>
<gc-end id="3033" type="global mark phase" contextid="2865" durationms="0.149" usertimems="0.000" systemtimems="0.000" timestamp="2019-07-07T05:34:49.806" activeThreads="1">
  <mem-info id="3034" free="31457280" total="73400320" percent="42">
    <remembered-set count="73184" freebytes="2637184" totalbytes="2929920" percent="90" regionsoverflowed="0" regionsstable="0" regionsrebuilding="14"/>
  </mem-info>
</gc-end>
<concurrent-start id="3035" type="GMP work packet processing" contextid="2865" timestamp="2019-07-07T05:34:49.806">
  <concurrent-mark-start scanTarget="1048576" />
</concurrent-start>
<exclusive-end id="3036" timestamp="2019-07-07T05:34:49.806" durationms="0.791" />

<concurrent-end id="3037" type="GMP work packet processing" contextid="2865" timestamp="2019-07-07T05:34:49.807">
  <concurrent-mark-end bytesScanned="1087616" reasonForTermination="Work target met" />
</concurrent-end>

<exclusive-start id="3038" timestamp="2019-07-07T05:34:49.811" intervalms="5.163">
  <response-info timems="0.065" idlems="0.065" threads="0" lastid="00000000020B9700" lastname="main" />
</exclusive-start>
<allocation-taxation id="3039" taxation-threshold="12582912" timestamp="2019-07-07T05:34:49.811" intervalms="5.096" />
<cycle-start id="3040" type="partial gc" contextid="0" timestamp="2019-07-07T05:34:49.811" intervalms="12.682" />
<gc-start id="3041" type="partial gc" contextid="3040" timestamp="2019-07-07T05:34:49.811">
  <mem-info id="3042" free="18874368" total="73400320" percent="25">
    <mem type="eden" free="1048552" total="26214400" percent="3" />
    <remembered-set count="74432" freebytes="2632192" totalbytes="2929920" percent="89" regionsoverflowed="0" regionsstable="0" regionsrebuilding="14"/>
  </mem-info>
</gc-start>
<allocation-stats totalBytes="25080968" >
  <allocated-bytes non-tlh="0" tlh="25080968" arrayletleaf="0"/>
  <largest-consumer threadName="main" threadId="00000000020B9700" bytes="12541704" />
</allocation-stats>
<gc-op id="3043" type="copy forward" timems="1.590" contextid="3040" timestamp="2019-07-07T05:34:49.813">
  <memory-copied type="eden" objects="1" bytes="24" bytesdiscarded="0" />
  <memory-copied type="other" objects="0" bytes="0" bytesdiscarded="0" />
  <memory-cardclean objects="17" bytes="448" />
  <regions eden="24" other="1" />
  <remembered-set-cleared processed="71848" cleared="6" durationms="0.493" />
  <stringconstants candidates="13319" cleared="0"  />
</gc-op>
<gc-op id="3044" type="classunload" timems="0.003" contextid="3040" timestamp="2019-07-07T05:34:49.813">
  <classunload-info classloadercandidates="53" classloadersunloaded="0" classesunloaded="0" anonymousclassesunloaded="0" quiescems="0.000" setupms="0.003" scanms="0.000" postms="0.000" />
</gc-op>
<gc-end id="3045" type="partial gc" contextid="3040" durationms="2.697" usertimems="0.000" systemtimems="0.000" timestamp="2019-07-07T05:34:49.814" activeThreads="1">
  <mem-info id="3046" free="44040192" total="73400320" percent="60">
    <mem type="eden" free="1048552" total="1048576" percent="99" />
    <remembered-set count="74912" freebytes="2630272" totalbytes="2929920" percent="89" regionsoverflowed="0" regionsstable="0" regionsrebuilding="14"/>
  </mem-info>
</gc-end>
<cycle-end id="3047" type="partial gc" contextid="3040" timestamp="2019-07-07T05:34:49.814" />
  <attribute name="elasticGC enabled" value="1" />
  <attribute name= "numThreadsSpecified" value="1" />
  <attribute name="heapSize specified" value="0" />
  <attribute name="Current GC Util" value="69" />
  <attribute name= "Current Time Running" value="19339" />
  <attribute name ="GC Interval" value="0" />
  <attribute name="ProportionalT" value="24.500000" />
  <attribute name="ProportionalI" value="24.500000" />
  <attribute name="ProportionalH" value="24.500000" />
  <attribute name="Current Error" value="49.000000" />
  <attribute name="IntegralT" value="0.000000" />
  <attribute name="IntegralI" value="0.000000" />
  <attribute name="IntegralH" value="0.000000" />
  <attribute name="DerivativeT" value="inf" />
  <attribute name="DerivativeI" value="inf" />
  <attribute name="DerivativeH" value="inf" />
  <attribute name="Loop Time for DT" value="0.000000" />
  <attribute name="Output H" value="8388608"/>
  <attribute name="Output I" value="200"/>
  <attribute name="Output T" value="1"/>
  <attribute name="Target GC Util Change" value ="20.000000" />
  <attribute name="Current GC Util Change" value="69.000000"/>
  <attribute name="GC Util currently" value="69" />
  <attribute name="CPU Util currently" value="19403083086738" />
<exclusive-end id="3048" timestamp="2019-07-07T05:34:49.814" durationms="3.594" />

<exclusive-start id="3049" timestamp="2019-07-07T05:34:49.818" intervalms="7.607">
  <response-info timems="0.077" idlems="0.077" threads="0" lastid="00000000020B9700" lastname="main" />
</exclusive-start>
<allocation-taxation id="3050" taxation-threshold="12582912" timestamp="2019-07-07T05:34:49.818" intervalms="7.686" />
<gc-start id="3051" type="global mark phase" contextid="2865" timestamp="2019-07-07T05:34:49.819">
  <mem-info id="3052" free="31457280" total="73400320" percent="42">
    <remembered-set count="74432" freebytes="2632192" totalbytes="2929920" percent="89" regionsoverflowed="0" regionsstable="0" regionsrebuilding="14"/>
  </mem-info>
</gc-start>
<gc-end id="3053" type="global mark phase" contextid="2865" durationms="0.141" usertimems="0.000" systemtimems="0.000" timestamp="2019-07-07T05:34:49.819" activeThreads="1">
  <mem-info id="3054" free="31457280" total="73400320" percent="42">
    <remembered-set count="74432" freebytes="2632192" totalbytes="2929920" percent="89" regionsoverflowed="0" regionsstable="0" regionsrebuilding="14"/>
  </mem-info>
</gc-end>
<concurrent-start id="3055" type="GMP work packet processing" contextid="2865" timestamp="2019-07-07T05:34:49.819">
  <concurrent-mark-start scanTarget="1048576" />
</concurrent-start>
<exclusive-end id="3056" timestamp="2019-07-07T05:34:49.819" durationms="0.866" />

<concurrent-end id="3057" type="GMP work packet processing" contextid="2865" timestamp="2019-07-07T05:34:49.820">
  <concurrent-mark-end bytesScanned="1097704" reasonForTermination="Work target met" />
</concurrent-end>

<exclusive-start id="3058" timestamp="2019-07-07T05:34:49.823" intervalms="5.186">
  <response-info timems="0.055" idlems="0.055" threads="0" lastid="00000000020B9700" lastname="main" />
</exclusive-start>
<allocation-taxation id="3059" taxation-threshold="12582912" timestamp="2019-07-07T05:34:49.824" intervalms="5.175" />
<cycle-start id="3060" type="partial gc" contextid="0" timestamp="2019-07-07T05:34:49.824" intervalms="12.938" />
<gc-start id="3061" type="partial gc" contextid="3060" timestamp="2019-07-07T05:34:49.824">
  <mem-info id="3062" free="18874368" total="73400320" percent="25">
    <mem type="eden" free="1048552" total="26214400" percent="3" />
    <remembered-set count="85440" freebytes="2588160" totalbytes="2929920" percent="88" regionsoverflowed="0" regionsstable="0" regionsrebuilding="14"/>
  </mem-info>
</gc-start>
<allocation-stats totalBytes="25080968" >
  <allocated-bytes non-tlh="0" tlh="25080968" arrayletleaf="0"/>
  <largest-consumer threadName="main" threadId="00000000020B9700" bytes="12541704" />
</allocation-stats>
<gc-op id="3063" type="copy forward" timems="1.533" contextid="3060" timestamp="2019-07-07T05:34:49.826">
  <memory-copied type="eden" objects="1" bytes="24" bytesdiscarded="0" />
  <memory-copied type="other" objects="0" bytes="0" bytesdiscarded="0" />
  <memory-cardclean objects="17" bytes="448" />
  <regions eden="24" other="1" />
  <remembered-set-cleared processed="83170" cleared="6" durationms="0.549" />
  <stringconstants candidates="13319" cleared="0"  />
</gc-op>
<gc-op id="3064" type="classunload" timems="0.003" contextid="3060" timestamp="2019-07-07T05:34:49.827">
  <classunload-info classloadercandidates="53" classloadersunloaded="0" classesunloaded="0" anonymousclassesunloaded="0" quiescems="0.000" setupms="0.003" scanms="0.000" postms="0.000" />
</gc-op>
<gc-end id="3065" type="partial gc" contextid="3060" durationms="2.899" usertimems="0.000" systemtimems="0.000" timestamp="2019-07-07T05:34:49.827" activeThreads="1">
  <mem-info id="3066" free="44040192" total="73400320" percent="60">
    <mem type="eden" free="1048552" total="1048576" percent="99" />
    <remembered-set count="85920" freebytes="2586240" totalbytes="2929920" percent="88" regionsoverflowed="0" regionsstable="0" regionsrebuilding="14"/>
  </mem-info>
</gc-end>
<cycle-end id="3067" type="partial gc" contextid="3060" timestamp="2019-07-07T05:34:49.827" />
  <attribute name="elasticGC enabled" value="1" />
  <attribute name= "numThreadsSpecified" value="1" />
  <attribute name="heapSize specified" value="0" />
  <attribute name="Current GC Util" value="35" />
  <attribute name= "Current Time Running" value="19352" />
  <attribute name ="GC Interval" value="0" />
  <attribute name="ProportionalT" value="7.500000" />
  <attribute name="ProportionalI" value="7.500000" />
  <attribute name="ProportionalH" value="7.500000" />
  <attribute name="Current Error" value="15.000000" />
  <attribute name="IntegralT" value="0.000000" />
  <attribute name="IntegralI" value="0.000000" />
  <attribute name="IntegralH" value="0.000000" />
  <attribute name="DerivativeT" value="inf" />
  <attribute name="DerivativeI" value="inf" />
  <attribute name="DerivativeH" value="inf" />
  <attribute name="Loop Time for DT" value="0.000000" />
  <attribute name="Output H" value="8388608"/>
  <attribute name="Output I" value="200"/>
  <attribute name="Output T" value="1"/>
  <attribute name="Target GC Util Change" value ="20.000000" />
  <attribute name="Current GC Util Change" value="35.000000"/>
  <attribute name="GC Util currently" value="35" />
  <attribute name="CPU Util currently" value="9133082311842" />
<exclusive-end id="3068" timestamp="2019-07-07T05:34:49.827" durationms="3.979" />

<exclusive-start id="3069" timestamp="2019-07-07T05:34:49.831" intervalms="7.966">
  <response-info timems="0.054" idlems="0.054" threads="0" lastid="00000000020B9700" lastname="main" />
</exclusive-start>
<allocation-taxation id="3070" taxation-threshold="12582912" timestamp="2019-07-07T05:34:49.832" intervalms="7.974" />
<gc-start id="3071" type="global mark phase" contextid="2865" timestamp="2019-07-07T05:34:49.832">
  <mem-info id="3072" free="31457280" total="73400320" percent="42">
    <remembered-set count="85472" freebytes="2588032" totalbytes="2929920" percent="88" regionsoverflowed="0" regionsstable="0" regionsrebuilding="14"/>
  </mem-info>
</gc-start>
<gc-end id="3073" type="global mark phase" contextid="2865" durationms="0.140" usertimems="0.000" systemtimems="0.000" timestamp="2019-07-07T05:34:49.832" activeThreads="1">
  <mem-info id="3074" free="31457280" total="73400320" percent="42">
    <remembered-set count="85472" freebytes="2588032" totalbytes="2929920" percent="88" regionsoverflowed="0" regionsstable="0" regionsrebuilding="14"/>
  </mem-info>
</gc-end>
<concurrent-start id="3075" type="GMP work packet processing" contextid="2865" timestamp="2019-07-07T05:34:49.832">
  <concurrent-mark-start scanTarget="1048576" />
</concurrent-start>
<exclusive-end id="3076" timestamp="2019-07-07T05:34:49.832" durationms="1.165" />

<concurrent-end id="3077" type="GMP work packet processing" contextid="2865" timestamp="2019-07-07T05:34:49.833">
  <concurrent-mark-end bytesScanned="327320" reasonForTermination="Completed all work in GC phase" />
</concurrent-end>

<exclusive-start id="3078" timestamp="2019-07-07T05:34:49.836" intervalms="5.086">
  <response-info timems="0.069" idlems="0.069" threads="0" lastid="00000000020B9700" lastname="main" />
</exclusive-start>
<allocation-taxation id="3079" taxation-threshold="12582912" timestamp="2019-07-07T05:34:49.837" intervalms="5.054" />
<cycle-start id="3080" type="partial gc" contextid="0" timestamp="2019-07-07T05:34:49.837" intervalms="13.012" />
<gc-start id="3081" type="partial gc" contextid="3080" timestamp="2019-07-07T05:34:49.837">
  <mem-info id="3082" free="18874368" total="73400320" percent="25">
    <mem type="eden" free="1048552" total="26214400" percent="3" />
    <remembered-set count="91808" freebytes="2562688" totalbytes="2929920" percent="87" regionsoverflowed="0" regionsstable="0" regionsrebuilding="14"/>
  </mem-info>
</gc-start>
<allocation-stats totalBytes="25080968" >
  <allocated-bytes non-tlh="0" tlh="25080968" arrayletleaf="0"/>
  <largest-consumer threadName="main" threadId="00000000020B9700" bytes="12541704" />
</allocation-stats>
<gc-op id="3083" type="copy forward" timems="1.468" contextid="3080" timestamp="2019-07-07T05:34:49.839">
  <memory-copied type="eden" objects="1" bytes="24" bytesdiscarded="0" />
  <memory-copied type="other" objects="0" bytes="0" bytesdiscarded="0" />
  <memory-cardclean objects="17" bytes="448" />
  <regions eden="24" other="1" />
  <remembered-set-cleared processed="89610" cleared="7" durationms="0.611" />
  <stringconstants candidates="13319" cleared="0"  />
</gc-op>
<gc-op id="3084" type="classunload" timems="0.003" contextid="3080" timestamp="2019-07-07T05:34:49.839">
  <classunload-info classloadercandidates="53" classloadersunloaded="0" classesunloaded="0" anonymousclassesunloaded="0" quiescems="0.000" setupms="0.003" scanms="0.000" postms="0.000" />
</gc-op>
<gc-end id="3085" type="partial gc" contextid="3080" durationms="2.761" usertimems="0.000" systemtimems="0.000" timestamp="2019-07-07T05:34:49.840" activeThreads="1">
  <mem-info id="3086" free="44040192" total="73400320" percent="60">
    <mem type="eden" free="1048552" total="1048576" percent="99" />
    <remembered-set count="92288" freebytes="2560768" totalbytes="2929920" percent="87" regionsoverflowed="0" regionsstable="0" regionsrebuilding="14"/>
  </mem-info>
</gc-end>
<cycle-end id="3087" type="partial gc" contextid="3080" timestamp="2019-07-07T05:34:49.840" />
  <attribute name="elasticGC enabled" value="1" />
  <attribute name= "numThreadsSpecified" value="1" />
  <attribute name="heapSize specified" value="0" />
  <attribute name="Current GC Util" value="34" />
  <attribute name= "Current Time Running" value="19365" />
  <attribute name ="GC Interval" value="0" />
  <attribute name="ProportionalT" value="7.000000" />
  <attribute name="ProportionalI" value="7.000000" />
  <attribute name="ProportionalH" value="7.000000" />
  <attribute name="Current Error" value="14.000000" />
  <attribute name="IntegralT" value="0.000000" />
  <attribute name="IntegralI" value="0.000000" />
  <attribute name="IntegralH" value="0.000000" />
  <attribute name="DerivativeT" value="inf" />
  <attribute name="DerivativeI" value="inf" />
  <attribute name="DerivativeH" value="inf" />
  <attribute name="Loop Time for DT" value="0.000000" />
  <attribute name="Output H" value="8388608"/>
  <attribute name="Output I" value="200"/>
  <attribute name="Output T" value="1"/>
  <attribute name="Target GC Util Change" value ="20.000000" />
  <attribute name="Current GC Util Change" value="34.000000"/>
  <attribute name="GC Util currently" value="34" />
  <attribute name="CPU Util currently" value="11975139200236" />
<exclusive-end id="3088" timestamp="2019-07-07T05:34:49.840" durationms="3.830" />

<exclusive-start id="3089" timestamp="2019-07-07T05:34:49.844" intervalms="7.791">
  <response-info timems="0.075" idlems="0.075" threads="0" lastid="00000000020B9700" lastname="main" />
</exclusive-start>
<allocation-taxation id="3090" taxation-threshold="12582912" timestamp="2019-07-07T05:34:49.844" intervalms="7.751" />
<gc-start id="3091" type="global mark phase" contextid="2865" timestamp="2019-07-07T05:34:49.845">
  <mem-info id="3092" free="31457280" total="73400320" percent="42">
    <remembered-set count="91808" freebytes="2562688" totalbytes="2929920" percent="87" regionsoverflowed="0" regionsstable="0" regionsrebuilding="14"/>
  </mem-info>
</gc-start>
<gc-op id="3093" type="mark increment" timems="2.114" contextid="2865" timestamp="2019-07-07T05:34:49.847">
  <trace-info objectcount="19" scancount="17" scanbytes="229912" />
  <cardclean-info objects="17130" bytes="606184" />
  <finalization candidates="79" enqueued="0" />
  <ownableSynchronizers candidates="23" cleared="0" />
  <references type="soft" candidates="2128" cleared="0" enqueued="0" dynamicThreshold="19" maxThreshold="32" />
  <references type="weak" candidates="5676" cleared="4" enqueued="3" />
  <references type="phantom" candidates="101" cleared="0" enqueued="0" />
  <stringconstants candidates="13319" cleared="0"  />
</gc-op>
<gc-op id="3094" type="classunload" timems="0.004" contextid="2865" timestamp="2019-07-07T05:34:49.847">
  <classunload-info classloadercandidates="53" classloadersunloaded="0" classesunloaded="0" anonymousclassesunloaded="0" quiescems="0.000" setupms="0.004" scanms="0.000" postms="0.000" />
</gc-op>
<gc-end id="3095" type="global mark phase" contextid="2865" durationms="2.544" usertimems="4.000" systemtimems="0.000" timestamp="2019-07-07T05:34:49.847" activeThreads="4">
  <mem-info id="3096" free="31457280" total="73400320" percent="42">
    <pending-finalizers system="0" default="0" reference="3" classloader="0" />
    <remembered-set count="93856" freebytes="2554496" totalbytes="2929920" percent="87" regionsoverflowed="0" regionsstable="0" regionsrebuilding="0"/>
  </mem-info>
</gc-end>
<cycle-end id="3097" type="global mark phase" contextid="2865" timestamp="2019-07-07T05:34:49.847" />
  <attribute name="elasticGC enabled" value="1" />
  <attribute name= "numThreadsSpecified" value="4" />
  <attribute name="heapSize specified" value="0" />
  <attribute name="Current GC Util" value="110" />
  <attribute name= "Current Time Running" value="19373" />
  <attribute name ="GC Interval" value="0" />
  <attribute name="ProportionalT" value="45.000000" />
  <attribute name="ProportionalI" value="45.000000" />
  <attribute name="ProportionalH" value="45.000000" />
  <attribute name="Current Error" value="90.000000" />
  <attribute name="IntegralT" value="0.000000" />
  <attribute name="IntegralI" value="0.000000" />
  <attribute name="IntegralH" value="0.000000" />
  <attribute name="DerivativeT" value="-inf" />
  <attribute name="DerivativeI" value="-inf" />
  <attribute name="DerivativeH" value="-inf" />
  <attribute name="Loop Time for DT" value="0.000000" />
  <attribute name="Output H" value="2091843584"/>
  <attribute name="Output I" value="200"/>
  <attribute name="Output T" value="4"/>
  <attribute name="Target GC Util Change" value ="20.000000" />
  <attribute name="Current GC Util Change" value="110.000000"/>
  <attribute name="GC Util currently" value="110" />
  <attribute name="CPU Util currently" value="16933623100599" />
<exclusive-end id="3098" timestamp="2019-07-07T05:34:49.847" durationms="3.240" />

<exclusive-start id="3099" timestamp="2019-07-07T05:34:49.851" intervalms="7.286">
  <response-info timems="0.078" idlems="0.078" threads="0" lastid="00000000020B9700" lastname="main" />
</exclusive-start>
<allocation-taxation id="3100" taxation-threshold="12582912" timestamp="2019-07-07T05:34:49.852" intervalms="7.290" />
<cycle-start id="3101" type="partial gc" contextid="0" timestamp="2019-07-07T05:34:49.852" intervalms="14.997" />
<gc-start id="3102" type="partial gc" contextid="3101" timestamp="2019-07-07T05:34:49.852">
  <mem-info id="3103" free="18874368" total="73400320" percent="25">
    <mem type="eden" free="1048552" total="26214400" percent="3" />
    <remembered-set count="64128" freebytes="2673408" totalbytes="2929920" percent="91" regionsoverflowed="0" regionsstable="10" regionsrebuilding="0"/>
  </mem-info>
</gc-start>
<allocation-stats totalBytes="25080968" >
  <allocated-bytes non-tlh="0" tlh="25080968" arrayletleaf="0"/>
  <largest-consumer threadName="main" threadId="00000000020B9700" bytes="12541704" />
</allocation-stats>
<gc-op id="3104" type="sweep" timems="0.612" contextid="3101" timestamp="2019-07-07T05:34:49.853" />
<gc-op id="3105" type="copy forward" timems="1.351" contextid="3101" timestamp="2019-07-07T05:34:49.855">
  <memory-copied type="eden" objects="1" bytes="24" bytesdiscarded="0" />
  <memory-copied type="other" objects="0" bytes="0" bytesdiscarded="0" />
  <memory-cardclean objects="28" bytes="2344" />
  <regions eden="12" other="1" />
  <remembered-set-cleared processed="62340" cleared="11" durationms="0.269" />
  <stringconstants candidates="13319" cleared="0"  />
</gc-op>
<gc-op id="3106" type="classunload" timems="0.003" contextid="3101" timestamp="2019-07-07T05:34:49.855">
  <classunload-info classloadercandidates="53" classloadersunloaded="0" classesunloaded="0" anonymousclassesunloaded="0" quiescems="0.000" setupms="0.003" scanms="0.000" postms="0.000" />
</gc-op>
<gc-end id="3107" type="partial gc" contextid="3101" durationms="3.315" usertimems="4.000" systemtimems="0.000" timestamp="2019-07-07T05:34:49.855" activeThreads="4">
  <mem-info id="3108" free="44040192" total="73400320" percent="60">
    <mem type="eden" free="1048552" total="1048576" percent="99" />
    <remembered-set count="63872" freebytes="2674432" totalbytes="2929920" percent="91" regionsoverflowed="0" regionsstable="10" regionsrebuilding="0"/>
  </mem-info>
</gc-end>
<cycle-end id="3109" type="partial gc" contextid="3101" timestamp="2019-07-07T05:34:49.855" />
  <attribute name="elasticGC enabled" value="1" />
  <attribute name= "numThreadsSpecified" value="4" />
  <attribute name="heapSize specified" value="0" />
  <attribute name="Current GC Util" value="53" />
  <attribute name= "Current Time Running" value="19381" />
  <attribute name ="GC Interval" value="0" />
  <attribute name="ProportionalT" value="16.500000" />
  <attribute name="ProportionalI" value="16.500000" />
  <attribute name="ProportionalH" value="16.500000" />
  <attribute name="Current Error" value="33.000000" />
  <attribute name="IntegralT" value="16.500000" />
  <attribute name="IntegralI" value="16.500000" />
  <attribute name="IntegralH" value="16.500000" />
  <attribute name="DerivativeT" value="-13.000000" />
  <attribute name="DerivativeI" value="-13.000000" />
  <attribute name="DerivativeH" value="-13.000000" />
  <attribute name="Loop Time for DT" value="1.000000" />
  <attribute name="Output H" value="8388608"/>
  <attribute name="Output I" value="200"/>
  <attribute name="Output T" value="4"/>
  <attribute name="Target GC Util Change" value ="20.000000" />
  <attribute name="Current GC Util Change" value="53.000000"/>
  <attribute name="GC Util currently" value="53" />
  <attribute name="CPU Util currently" value="20363611393742" />
<exclusive-end id="3110" timestamp="2019-07-07T05:34:49.856" durationms="4.131" />

<exclusive-start id="3111" timestamp="2019-07-07T05:34:49.863" intervalms="11.858">
  <response-info timems="0.074" idlems="0.074" threads="0" lastid="00000000020B9700" lastname="main" />
</exclusive-start>
<allocation-taxation id="3112" taxation-threshold="25165824" timestamp="2019-07-07T05:34:49.864" intervalms="11.923" />
<cycle-start id="3113" type="partial gc" contextid="0" timestamp="2019-07-07T05:34:49.864" intervalms="11.958" />
<gc-start id="3114" type="partial gc" contextid="3113" timestamp="2019-07-07T05:34:49.864">
  <mem-info id="3115" free="18874368" total="73400320" percent="25">
    <mem type="eden" free="1048552" total="26214400" percent="3" />
    <remembered-set count="63392" freebytes="2676352" totalbytes="2929920" percent="91" regionsoverflowed="0" regionsstable="10" regionsrebuilding="0"/>
  </mem-info>
</gc-start>
<allocation-stats totalBytes="25080968" >
  <allocated-bytes non-tlh="0" tlh="25080968" arrayletleaf="0"/>
  <largest-consumer threadName="main" threadId="00000000020B9700" bytes="25080968" />
</allocation-stats>
<gc-op id="3116" type="copy forward" timems="1.516" contextid="3113" timestamp="2019-07-07T05:34:49.866">
  <memory-copied type="eden" objects="1" bytes="24" bytesdiscarded="0" />
  <memory-copied type="other" objects="1400" bytes="99384" bytesdiscarded="0" />
  <memory-cardclean objects="185" bytes="18648" />
  <regions eden="24" other="6" />
  <remembered-set-cleared processed="62303" cleared="188" durationms="0.463" />
  <references type="soft" candidates="16" cleared="0" enqueued="0" dynamicThreshold="19" maxThreshold="32" />
  <references type="weak" candidates="86" cleared="0" enqueued="0" />
  <stringconstants candidates="13319" cleared="0"  />
</gc-op>
<gc-op id="3117" type="classunload" timems="0.004" contextid="3113" timestamp="2019-07-07T05:34:49.866">
  <classunload-info classloadercandidates="53" classloadersunloaded="0" classesunloaded="0" anonymousclassesunloaded="0" quiescems="0.000" setupms="0.004" scanms="0.000" postms="0.000" />
</gc-op>
<heap-resize id="3118" type="contract" space="default" amount="4194304" count="1" timems="0.063" reason="excess free space following gc" timestamp="2019-07-07T05:34:49.867" />
<gc-end id="3119" type="partial gc" contextid="3113" durationms="2.837" usertimems="4.000" systemtimems="0.000" timestamp="2019-07-07T05:34:49.867" activeThreads="1">
  <mem-info id="3120" free="42991616" total="69206016" percent="62">
    <mem type="eden" free="1048552" total="1048576" percent="99" />
    <remembered-set count="63264" freebytes="2676864" totalbytes="2929920" percent="91" regionsoverflowed="0" regionsstable="10" regionsrebuilding="0"/>
  </mem-info>
</gc-end>
<cycle-end id="3121" type="partial gc" contextid="3113" timestamp="2019-07-07T05:34:49.867" />
  <attribute name="elasticGC enabled" value="1" />
  <attribute name= "numThreadsSpecified" value="1" />
  <attribute name="heapSize specified" value="0" />
  <attribute name="Current GC Util" value="54" />
  <attribute name= "Current Time Running" value="19392" />
  <attribute name ="GC Interval" value="0" />
  <attribute name="ProportionalT" value="17.000000" />
  <attribute name="ProportionalI" value="17.000000" />
  <attribute name="ProportionalH" value="17.000000" />
  <attribute name="Current Error" value="34.000000" />
  <attribute name="IntegralT" value="0.000000" />
  <attribute name="IntegralI" value="0.000000" />
  <attribute name="IntegralH" value="0.000000" />
  <attribute name="DerivativeT" value="inf" />
  <attribute name="DerivativeI" value="inf" />
  <attribute name="DerivativeH" value="inf" />
  <attribute name="Loop Time for DT" value="0.000000" />
  <attribute name="Output H" value="8388608"/>
  <attribute name="Output I" value="200"/>
  <attribute name="Output T" value="1"/>
  <attribute name="Target GC Util Change" value ="20.000000" />
  <attribute name="Current GC Util Change" value="54.000000"/>
  <attribute name="GC Util currently" value="54" />
  <attribute name="CPU Util currently" value="19302945370462" />
<exclusive-end id="3122" timestamp="2019-07-07T05:34:49.867" durationms="3.915" />

<exclusive-start id="3123" timestamp="2019-07-07T05:34:49.875" intervalms="11.324">
  <response-info timems="0.077" idlems="0.077" threads="0" lastid="00000000020B9700" lastname="main" />
</exclusive-start>
<allocation-taxation id="3124" taxation-threshold="24117248" timestamp="2019-07-07T05:34:49.875" intervalms="11.300" />
<cycle-start id="3125" type="partial gc" contextid="0" timestamp="2019-07-07T05:34:49.875" intervalms="11.373" />
<gc-start id="3126" type="partial gc" contextid="3125" timestamp="2019-07-07T05:34:49.875">
  <mem-info id="3127" free="18874368" total="69206016" percent="27">
    <mem type="eden" free="1048552" total="25165824" percent="4" />
    <remembered-set count="63040" freebytes="2677760" totalbytes="2929920" percent="91" regionsoverflowed="0" regionsstable="10" regionsrebuilding="0"/>
  </mem-info>
</gc-start>
<allocation-stats totalBytes="24035824" >
  <allocated-bytes non-tlh="0" tlh="24035824" arrayletleaf="0"/>
  <largest-consumer threadName="main" threadId="00000000020B9700" bytes="24035824" />
</allocation-stats>
<gc-op id="3128" type="copy forward" timems="4.136" contextid="3125" timestamp="2019-07-07T05:34:49.880">
  <memory-copied type="eden" objects="1" bytes="24" bytesdiscarded="0" />
  <memory-copied type="other" objects="7" bytes="160" bytesdiscarded="0" />
  <memory-cardclean objects="47700" bytes="1776008" />
  <regions eden="23" other="2" />
  <remembered-set-cleared processed="45438" cleared="3872" durationms="0.412" />
  <stringconstants candidates="13319" cleared="0"  />
</gc-op>
<gc-op id="3129" type="classunload" timems="0.004" contextid="3125" timestamp="2019-07-07T05:34:49.881">
  <classunload-info classloadercandidates="53" classloadersunloaded="0" classesunloaded="0" anonymousclassesunloaded="0" quiescems="0.000" setupms="0.004" scanms="0.000" postms="0.000" />
</gc-op>
<heap-resize id="3130" type="contract" space="default" amount="1048576" count="1" timems="0.055" reason="excess free space following gc" timestamp="2019-07-07T05:34:49.881" />
<gc-end id="3131" type="partial gc" contextid="3125" durationms="5.887" usertimems="8.000" systemtimems="0.000" timestamp="2019-07-07T05:34:49.881" activeThreads="1">
  <mem-info id="3132" free="41943040" total="68157440" percent="61">
    <mem type="eden" free="1048552" total="1048576" percent="99" />
    <remembered-set count="49344" freebytes="2565120" totalbytes="2762496" percent="92" regionsoverflowed="0" regionsstable="10" regionsrebuilding="0"/>
  </mem-info>
</gc-end>
<cycle-end id="3133" type="partial gc" contextid="3125" timestamp="2019-07-07T05:34:49.881" />
  <attribute name="elasticGC enabled" value="1" />
  <attribute name= "numThreadsSpecified" value="1" />
  <attribute name="heapSize specified" value="0" />
  <attribute name="Current GC Util" value="54" />
  <attribute name= "Current Time Running" value="19403" />
  <attribute name ="GC Interval" value="0" />
  <attribute name="ProportionalT" value="17.000000" />
  <attribute name="ProportionalI" value="17.000000" />
  <attribute name="ProportionalH" value="17.000000" />
  <attribute name="Current Error" value="34.000000" />
  <attribute name="IntegralT" value="0.000000" />
  <attribute name="IntegralI" value="0.000000" />
  <attribute name="IntegralH" value="0.000000" />
  <attribute name="DerivativeT" value="inf" />
  <attribute name="DerivativeI" value="inf" />
  <attribute name="DerivativeH" value="inf" />
  <attribute name="Loop Time for DT" value="0.000000" />
  <attribute name="Output H" value="8388608"/>
  <attribute name="Output I" value="200"/>
  <attribute name="Output T" value="1"/>
  <attribute name="Target GC Util Change" value ="20.000000" />
  <attribute name="Current GC Util Change" value="54.000000"/>
  <attribute name="GC Util currently" value="54" />
  <attribute name="CPU Util currently" value="10592688850354" />
<exclusive-end id="3134" timestamp="2019-07-07T05:34:49.882" durationms="7.017" />

<exclusive-start id="3135" timestamp="2019-07-07T05:34:49.885" intervalms="10.715">
  <response-info timems="0.074" idlems="0.074" threads="0" lastid="00000000020B9700" lastname="main" />
</exclusive-start>
<allocation-taxation id="3136" taxation-threshold="11534336" timestamp="2019-07-07T05:34:49.886" intervalms="10.736" />
<cycle-start id="3137" type="global mark phase" contextid="0" timestamp="2019-07-07T05:34:49.886" intervalms="351.595" />
<gc-start id="3138" type="global mark phase" contextid="3137" timestamp="2019-07-07T05:34:49.886">
  <mem-info id="3139" free="30408704" total="68157440" percent="44">
    <remembered-set count="48928" freebytes="2566784" totalbytes="2762496" percent="92" regionsoverflowed="0" regionsstable="10" regionsrebuilding="0"/>
  </mem-info>
</gc-start>
<gc-op id="3140" type="mark increment" timems="0.485" contextid="3137" timestamp="2019-07-07T05:34:49.887">
  <trace-info objectcount="179" scancount="0" scanbytes="0" />
</gc-op>
<gc-end id="3141" type="global mark phase" contextid="3137" durationms="0.678" usertimems="0.000" systemtimems="0.000" timestamp="2019-07-07T05:34:49.887" activeThreads="1">
  <mem-info id="3142" free="30408704" total="68157440" percent="44">
    <remembered-set count="48928" freebytes="2566784" totalbytes="2762496" percent="92" regionsoverflowed="0" regionsstable="0" regionsrebuilding="10"/>
  </mem-info>
</gc-end>
<concurrent-start id="3143" type="GMP work packet processing" contextid="3137" timestamp="2019-07-07T05:34:49.887">
  <concurrent-mark-start scanTarget="1048576" />
</concurrent-start>
<exclusive-end id="3144" timestamp="2019-07-07T05:34:49.888" durationms="1.646" />

<concurrent-end id="3145" type="GMP work packet processing" contextid="3137" timestamp="2019-07-07T05:34:49.888">
  <concurrent-mark-end bytesScanned="1170008" reasonForTermination="Work target met" />
</concurrent-end>

<exclusive-start id="3146" timestamp="2019-07-07T05:34:49.892" intervalms="6.322">
  <response-info timems="0.058" idlems="0.058" threads="0" lastid="00000000020B9700" lastname="main" />
</exclusive-start>
<allocation-taxation id="3147" taxation-threshold="11534336" timestamp="2019-07-07T05:34:49.892" intervalms="6.259" />
<cycle-start id="3148" type="partial gc" contextid="0" timestamp="2019-07-07T05:34:49.892" intervalms="17.055" />
<gc-start id="3149" type="partial gc" contextid="3148" timestamp="2019-07-07T05:34:49.892">
  <mem-info id="3150" free="18874368" total="68157440" percent="27">
    <mem type="eden" free="1048552" total="24117248" percent="4" />
    <remembered-set count="51232" freebytes="2557568" totalbytes="2762496" percent="92" regionsoverflowed="0" regionsstable="0" regionsrebuilding="10"/>
  </mem-info>
</gc-start>
<allocation-stats totalBytes="22990680" >
  <allocated-bytes non-tlh="0" tlh="22990680" arrayletleaf="0"/>
  <largest-consumer threadName="main" threadId="00000000020B9700" bytes="11496560" />
</allocation-stats>
<gc-op id="3151" type="copy forward" timems="2.151" contextid="3148" timestamp="2019-07-07T05:34:49.895">
  <memory-copied type="eden" objects="1" bytes="24" bytesdiscarded="0" />
  <memory-copied type="other" objects="67" bytes="2808" bytesdiscarded="0" />
  <memory-cardclean objects="10359" bytes="618992" />
  <regions eden="22" other="2" />
  <remembered-set-cleared processed="48089" cleared="934" durationms="0.307" />
  <stringconstants candidates="13319" cleared="0"  />
</gc-op>
<gc-op id="3152" type="classunload" timems="0.005" contextid="3148" timestamp="2019-07-07T05:34:49.896">
  <classunload-info classloadercandidates="53" classloadersunloaded="0" classesunloaded="0" anonymousclassesunloaded="0" quiescems="0.000" setupms="0.004" scanms="0.000" postms="0.000" />
</gc-op>
<gc-end id="3153" type="partial gc" contextid="3148" durationms="3.422" usertimems="4.000" systemtimems="0.000" timestamp="2019-07-07T05:34:49.896" activeThreads="4">
  <mem-info id="3154" free="41943040" total="68157440" percent="61">
    <mem type="eden" free="1048552" total="1048576" percent="99" />
    <remembered-set count="52160" freebytes="2512000" totalbytes="2720640" percent="92" regionsoverflowed="0" regionsstable="0" regionsrebuilding="10"/>
  </mem-info>
</gc-end>
<cycle-end id="3155" type="partial gc" contextid="3148" timestamp="2019-07-07T05:34:49.896" />
  <attribute name="elasticGC enabled" value="1" />
  <attribute name= "numThreadsSpecified" value="4" />
  <attribute name="heapSize specified" value="0" />
  <attribute name="Current GC Util" value="44" />
  <attribute name= "Current Time Running" value="19420" />
  <attribute name ="GC Interval" value="0" />
  <attribute name="ProportionalT" value="12.000000" />
  <attribute name="ProportionalI" value="12.000000" />
  <attribute name="ProportionalH" value="12.000000" />
  <attribute name="Current Error" value="24.000000" />
  <attribute name="IntegralT" value="0.000000" />
  <attribute name="IntegralI" value="0.000000" />
  <attribute name="IntegralH" value="0.000000" />
  <attribute name="DerivativeT" value="-inf" />
  <attribute name="DerivativeI" value="-inf" />
  <attribute name="DerivativeH" value="-inf" />
  <attribute name="Loop Time for DT" value="0.000000" />
  <attribute name="Output H" value="2091843584"/>
  <attribute name="Output I" value="200"/>
  <attribute name="Output T" value="4"/>
  <attribute name="Target GC Util Change" value ="20.000000" />
  <attribute name="Current GC Util Change" value="44.000000"/>
  <attribute name="GC Util currently" value="44" />
  <attribute name="CPU Util currently" value="11205651758250" />
<exclusive-end id="3156" timestamp="2019-07-07T05:34:49.896" durationms="4.484" />

<exclusive-start id="3157" timestamp="2019-07-07T05:34:49.900" intervalms="8.194">
  <response-info timems="0.083" idlems="0.083" threads="0" lastid="00000000020B9700" lastname="main" />
</exclusive-start>
<allocation-taxation id="3158" taxation-threshold="11534336" timestamp="2019-07-07T05:34:49.900" intervalms="8.223" />
<gc-start id="3159" type="global mark phase" contextid="3137" timestamp="2019-07-07T05:34:49.900">
  <mem-info id="3160" free="30408704" total="68157440" percent="44">
    <remembered-set count="52128" freebytes="2512128" totalbytes="2720640" percent="92" regionsoverflowed="0" regionsstable="0" regionsrebuilding="10"/>
  </mem-info>
</gc-start>
<gc-end id="3161" type="global mark phase" contextid="3137" durationms="0.136" usertimems="0.000" systemtimems="0.000" timestamp="2019-07-07T05:34:49.900" activeThreads="4">
  <mem-info id="3162" free="30408704" total="68157440" percent="44">
    <remembered-set count="52128" freebytes="2512128" totalbytes="2720640" percent="92" regionsoverflowed="0" regionsstable="0" regionsrebuilding="10"/>
  </mem-info>
</gc-end>
<concurrent-start id="3163" type="GMP work packet processing" contextid="3137" timestamp="2019-07-07T05:34:49.901">
  <concurrent-mark-start scanTarget="1259060" />
</concurrent-start>
<exclusive-end id="3164" timestamp="2019-07-07T05:34:49.901" durationms="0.776" />

<concurrent-end id="3165" type="GMP work packet processing" contextid="3137" timestamp="2019-07-07T05:34:49.901">
  <concurrent-mark-end bytesScanned="1293892" reasonForTermination="Work target met" />
</concurrent-end>

<exclusive-start id="3166" timestamp="2019-07-07T05:34:49.905" intervalms="5.013">
  <response-info timems="0.066" idlems="0.066" threads="0" lastid="00000000020B9700" lastname="main" />
</exclusive-start>
<allocation-taxation id="3167" taxation-threshold="11534336" timestamp="2019-07-07T05:34:49.905" intervalms="5.013" />
<cycle-start id="3168" type="partial gc" contextid="0" timestamp="2019-07-07T05:34:49.905" intervalms="13.140" />
<gc-start id="3169" type="partial gc" contextid="3168" timestamp="2019-07-07T05:34:49.906">
  <mem-info id="3170" free="18874368" total="68157440" percent="27">
    <mem type="eden" free="1048552" total="24117248" percent="4" />
    <remembered-set count="52736" freebytes="2509696" totalbytes="2720640" percent="92" regionsoverflowed="0" regionsstable="0" regionsrebuilding="10"/>
  </mem-info>
</gc-start>
<allocation-stats totalBytes="22990680" >
  <allocated-bytes non-tlh="0" tlh="22990680" arrayletleaf="0"/>
  <largest-consumer threadName="main" threadId="00000000020B9700" bytes="11496560" />
</allocation-stats>
<gc-op id="3171" type="copy forward" timems="1.641" contextid="3168" timestamp="2019-07-07T05:34:49.908">
  <memory-copied type="eden" objects="1" bytes="24" bytesdiscarded="0" />
  <memory-copied type="other" objects="1" bytes="3048" bytesdiscarded="0" />
  <memory-cardclean objects="19" bytes="536" />
  <regions eden="22" other="2" />
  <remembered-set-cleared processed="50868" cleared="7" durationms="0.577" />
  <stringconstants candidates="13319" cleared="0"  />
</gc-op>
<gc-op id="3172" type="classunload" timems="0.003" contextid="3168" timestamp="2019-07-07T05:34:49.908">
  <classunload-info classloadercandidates="53" classloadersunloaded="0" classesunloaded="0" anonymousclassesunloaded="0" quiescems="0.000" setupms="0.003" scanms="0.000" postms="0.000" />
</gc-op>
<gc-end id="3173" type="partial gc" contextid="3168" durationms="2.829" usertimems="4.000" systemtimems="0.000" timestamp="2019-07-07T05:34:49.908" activeThreads="1">
  <mem-info id="3174" free="41943040" total="68157440" percent="61">
    <mem type="eden" free="1048552" total="1048576" percent="99" />
    <remembered-set count="53184" freebytes="2507904" totalbytes="2720640" percent="92" regionsoverflowed="0" regionsstable="0" regionsrebuilding="10"/>
  </mem-info>
</gc-end>
<cycle-end id="3175" type="partial gc" contextid="3168" timestamp="2019-07-07T05:34:49.909" />
  <attribute name="elasticGC enabled" value="1" />
  <attribute name= "numThreadsSpecified" value="1" />
  <attribute name="heapSize specified" value="0" />
  <attribute name="Current GC Util" value="73" />
  <attribute name= "Current Time Running" value="19433" />
  <attribute name ="GC Interval" value="0" />
  <attribute name="ProportionalT" value="26.500000" />
  <attribute name="ProportionalI" value="26.500000" />
  <attribute name="ProportionalH" value="26.500000" />
  <attribute name="Current Error" value="53.000000" />
  <attribute name="IntegralT" value="0.000000" />
  <attribute name="IntegralI" value="0.000000" />
  <attribute name="IntegralH" value="0.000000" />
  <attribute name="DerivativeT" value="inf" />
  <attribute name="DerivativeI" value="inf" />
  <attribute name="DerivativeH" value="inf" />
  <attribute name="Loop Time for DT" value="0.000000" />
  <attribute name="Output H" value="8388608"/>
  <attribute name="Output I" value="200"/>
  <attribute name="Output T" value="1"/>
  <attribute name="Target GC Util Change" value ="20.000000" />
  <attribute name="Current GC Util Change" value="73.000000"/>
  <attribute name="GC Util currently" value="73" />
  <attribute name="CPU Util currently" value="18923541474624" />
<exclusive-end id="3176" timestamp="2019-07-07T05:34:49.909" durationms="3.867" />

<exclusive-start id="3177" timestamp="2019-07-07T05:34:49.913" intervalms="7.829">
  <response-info timems="0.079" idlems="0.079" threads="0" lastid="00000000020B9700" lastname="main" />
</exclusive-start>
<allocation-taxation id="3178" taxation-threshold="11534336" timestamp="2019-07-07T05:34:49.913" intervalms="7.860" />
<gc-start id="3179" type="global mark phase" contextid="3137" timestamp="2019-07-07T05:34:49.913">
  <mem-info id="3180" free="30408704" total="68157440" percent="44">
    <remembered-set count="52736" freebytes="2509696" totalbytes="2720640" percent="92" regionsoverflowed="0" regionsstable="0" regionsrebuilding="10"/>
  </mem-info>
</gc-start>
<gc-end id="3181" type="global mark phase" contextid="3137" durationms="0.172" usertimems="0.000" systemtimems="0.000" timestamp="2019-07-07T05:34:49.913" activeThreads="1">
  <mem-info id="3182" free="30408704" total="68157440" percent="44">
    <remembered-set count="52736" freebytes="2509696" totalbytes="2720640" percent="92" regionsoverflowed="0" regionsstable="0" regionsrebuilding="10"/>
  </mem-info>
</gc-end>
<concurrent-start id="3183" type="GMP work packet processing" contextid="3137" timestamp="2019-07-07T05:34:49.913">
  <concurrent-mark-start scanTarget="1048576" />
</concurrent-start>
<exclusive-end id="3184" timestamp="2019-07-07T05:34:49.914" durationms="0.881" />

<exclusive-start id="3185" timestamp="2019-07-07T05:34:49.918" intervalms="4.929">
  <response-info timems="0.065" idlems="0.065" threads="0" lastid="00000000020B9700" lastname="main" />
</exclusive-start>
<concurrent-end id="3186" type="GMP work packet processing" contextid="3137" timestamp="2019-07-07T05:34:49.918">
  <concurrent-mark-end bytesScanned="1088416" reasonForTermination="Work target met" />
</concurrent-end>

<allocation-taxation id="3187" taxation-threshold="11534336" timestamp="2019-07-07T05:34:49.918" intervalms="4.892" />
<cycle-start id="3188" type="partial gc" contextid="0" timestamp="2019-07-07T05:34:49.918" intervalms="12.851" />
<gc-start id="3189" type="partial gc" contextid="3188" timestamp="2019-07-07T05:34:49.918">
  <mem-info id="3190" free="18874368" total="68157440" percent="27">
    <mem type="eden" free="1048552" total="24117248" percent="4" />
    <remembered-set count="53408" freebytes="2507008" totalbytes="2720640" percent="92" regionsoverflowed="0" regionsstable="0" regionsrebuilding="10"/>
  </mem-info>
</gc-start>
<allocation-stats totalBytes="22990704" >
  <allocated-bytes non-tlh="0" tlh="22990704" arrayletleaf="0"/>
  <largest-consumer threadName="main" threadId="00000000020B9700" bytes="11496584" />
</allocation-stats>
<gc-op id="3191" type="copy forward" timems="2.067" contextid="3188" timestamp="2019-07-07T05:34:49.921">
  <memory-copied type="eden" objects="1" bytes="24" bytesdiscarded="0" />
  <memory-copied type="other" objects="1275" bytes="52432" bytesdiscarded="0" />
  <memory-cardclean objects="157" bytes="9896" />
  <regions eden="22" other="2" />
  <remembered-set-cleared processed="51285" cleared="207" durationms="0.407" />
  <references type="soft" candidates="8" cleared="0" enqueued="0" dynamicThreshold="14" maxThreshold="32" />
  <references type="weak" candidates="13" cleared="0" enqueued="0" />
  <stringconstants candidates="13319" cleared="0"  />
</gc-op>
<gc-op id="3192" type="classunload" timems="0.004" contextid="3188" timestamp="2019-07-07T05:34:49.921">
  <classunload-info classloadercandidates="53" classloadersunloaded="0" classesunloaded="0" anonymousclassesunloaded="0" quiescems="0.000" setupms="0.004" scanms="0.000" postms="0.000" />
</gc-op>
<gc-end id="3193" type="partial gc" contextid="3188" durationms="3.163" usertimems="4.000" systemtimems="0.000" timestamp="2019-07-07T05:34:49.921" activeThreads="1">
  <mem-info id="3194" free="41943040" total="68157440" percent="61">
    <mem type="eden" free="1048552" total="1048576" percent="99" />
    <remembered-set count="53600" freebytes="2506240" totalbytes="2720640" percent="92" regionsoverflowed="0" regionsstable="0" regionsrebuilding="10"/>
  </mem-info>
</gc-end>
<cycle-end id="3195" type="partial gc" contextid="3188" timestamp="2019-07-07T05:34:49.922" />
  <attribute name="elasticGC enabled" value="1" />
  <attribute name= "numThreadsSpecified" value="1" />
  <attribute name="heapSize specified" value="0" />
  <attribute name="Current GC Util" value="72" />
  <attribute name= "Current Time Running" value="19446" />
  <attribute name ="GC Interval" value="0" />
  <attribute name="ProportionalT" value="26.000000" />
  <attribute name="ProportionalI" value="26.000000" />
  <attribute name="ProportionalH" value="26.000000" />
  <attribute name="Current Error" value="52.000000" />
  <attribute name="IntegralT" value="0.000000" />
  <attribute name="IntegralI" value="0.000000" />
  <attribute name="IntegralH" value="0.000000" />
  <attribute name="DerivativeT" value="inf" />
  <attribute name="DerivativeI" value="inf" />
  <attribute name="DerivativeH" value="inf" />
  <attribute name="Loop Time for DT" value="0.000000" />
  <attribute name="Output H" value="8388608"/>
  <attribute name="Output I" value="200"/>
  <attribute name="Output T" value="1"/>
  <attribute name="Target GC Util Change" value ="20.000000" />
  <attribute name="Current GC Util Change" value="72.000000"/>
  <attribute name="GC Util currently" value="72" />
  <attribute name="CPU Util currently" value="25341161754912" />
<exclusive-end id="3196" timestamp="2019-07-07T05:34:49.922" durationms="4.304" />

<exclusive-start id="3197" timestamp="2019-07-07T05:34:49.926" intervalms="8.018">
  <response-info timems="0.075" idlems="0.075" threads="0" lastid="00000000020B9700" lastname="main" />
</exclusive-start>
<allocation-taxation id="3198" taxation-threshold="11534336" timestamp="2019-07-07T05:34:49.926" intervalms="8.056" />
<gc-start id="3199" type="global mark phase" contextid="3137" timestamp="2019-07-07T05:34:49.926">
  <mem-info id="3200" free="30408704" total="68157440" percent="44">
    <remembered-set count="53248" freebytes="2507648" totalbytes="2720640" percent="92" regionsoverflowed="0" regionsstable="0" regionsrebuilding="10"/>
  </mem-info>
</gc-start>
<gc-end id="3201" type="global mark phase" contextid="3137" durationms="0.145" usertimems="0.000" systemtimems="0.000" timestamp="2019-07-07T05:34:49.926" activeThreads="1">
  <mem-info id="3202" free="30408704" total="68157440" percent="44">
    <remembered-set count="53248" freebytes="2507648" totalbytes="2720640" percent="92" regionsoverflowed="0" regionsstable="0" regionsrebuilding="10"/>
  </mem-info>
</gc-end>
<concurrent-start id="3203" type="GMP work packet processing" contextid="3137" timestamp="2019-07-07T05:34:49.926">
  <concurrent-mark-start scanTarget="1048576" />
</concurrent-start>
<exclusive-end id="3204" timestamp="2019-07-07T05:34:49.927" durationms="0.888" />

<concurrent-end id="3205" type="GMP work packet processing" contextid="3137" timestamp="2019-07-07T05:34:49.927">
  <concurrent-mark-end bytesScanned="1116556" reasonForTermination="Work target met" />
</concurrent-end>

<exclusive-start id="3206" timestamp="2019-07-07T05:34:49.931" intervalms="5.026">
  <response-info timems="0.071" idlems="0.071" threads="0" lastid="00000000020B9700" lastname="main" />
</exclusive-start>
<allocation-taxation id="3207" taxation-threshold="11534336" timestamp="2019-07-07T05:34:49.931" intervalms="5.012" />
<cycle-start id="3208" type="partial gc" contextid="0" timestamp="2019-07-07T05:34:49.931" intervalms="12.963" />
<gc-start id="3209" type="partial gc" contextid="3208" timestamp="2019-07-07T05:34:49.931">
  <mem-info id="3210" free="18874368" total="68157440" percent="27">
    <mem type="eden" free="1048552" total="24117248" percent="4" />
    <remembered-set count="56736" freebytes="2493696" totalbytes="2720640" percent="91" regionsoverflowed="0" regionsstable="0" regionsrebuilding="10"/>
  </mem-info>
</gc-start>
<allocation-stats totalBytes="22990680" >
  <allocated-bytes non-tlh="0" tlh="22990680" arrayletleaf="0"/>
  <largest-consumer threadName="main" threadId="00000000020B9700" bytes="11496584" />
</allocation-stats>
<gc-op id="3211" type="copy forward" timems="1.553" contextid="3208" timestamp="2019-07-07T05:34:49.934">
  <memory-copied type="eden" objects="1" bytes="24" bytesdiscarded="0" />
  <memory-copied type="other" objects="0" bytes="0" bytesdiscarded="0" />
  <memory-cardclean objects="17" bytes="448" />
  <regions eden="22" other="1" />
  <remembered-set-cleared processed="54775" cleared="6" durationms="0.588" />
  <stringconstants candidates="13319" cleared="0"  />
</gc-op>
<gc-op id="3212" type="classunload" timems="0.003" contextid="3208" timestamp="2019-07-07T05:34:49.934">
  <classunload-info classloadercandidates="53" classloadersunloaded="0" classesunloaded="0" anonymousclassesunloaded="0" quiescems="0.000" setupms="0.003" scanms="0.000" postms="0.000" />
</gc-op>
<gc-end id="3213" type="partial gc" contextid="3208" durationms="2.769" usertimems="0.000" systemtimems="0.000" timestamp="2019-07-07T05:34:49.934" activeThreads="1">
  <mem-info id="3214" free="41943040" total="68157440" percent="61">
    <mem type="eden" free="1048552" total="1048576" percent="99" />
    <remembered-set count="57216" freebytes="2491776" totalbytes="2720640" percent="91" regionsoverflowed="0" regionsstable="0" regionsrebuilding="10"/>
  </mem-info>
</gc-end>
<cycle-end id="3215" type="partial gc" contextid="3208" timestamp="2019-07-07T05:34:49.934" />
  <attribute name="elasticGC enabled" value="1" />
  <attribute name= "numThreadsSpecified" value="1" />
  <attribute name="heapSize specified" value="0" />
  <attribute name="Current GC Util" value="66" />
  <attribute name= "Current Time Running" value="19459" />
  <attribute name ="GC Interval" value="0" />
  <attribute name="ProportionalT" value="23.000000" />
  <attribute name="ProportionalI" value="23.000000" />
  <attribute name="ProportionalH" value="23.000000" />
  <attribute name="Current Error" value="46.000000" />
  <attribute name="IntegralT" value="0.000000" />
  <attribute name="IntegralI" value="0.000000" />
  <attribute name="IntegralH" value="0.000000" />
  <attribute name="DerivativeT" value="inf" />
  <attribute name="DerivativeI" value="inf" />
  <attribute name="DerivativeH" value="inf" />
  <attribute name="Loop Time for DT" value="0.000000" />
  <attribute name="Output H" value="8388608"/>
  <attribute name="Output I" value="200"/>
  <attribute name="Output T" value="1"/>
  <attribute name="Target GC Util Change" value ="20.000000" />
  <attribute name="Current GC Util Change" value="66.000000"/>
  <attribute name="GC Util currently" value="66" />
  <attribute name="CPU Util currently" value="18997833064271" />
<exclusive-end id="3216" timestamp="2019-07-07T05:34:49.935" durationms="3.899" />

<exclusive-start id="3217" timestamp="2019-07-07T05:34:49.938" intervalms="7.593">
  <response-info timems="0.074" idlems="0.074" threads="0" lastid="00000000020B9700" lastname="main" />
</exclusive-start>
<allocation-taxation id="3218" taxation-threshold="11534336" timestamp="2019-07-07T05:34:49.938" intervalms="7.584" />
<gc-start id="3219" type="global mark phase" contextid="3137" timestamp="2019-07-07T05:34:49.939">
  <mem-info id="3220" free="30408704" total="68157440" percent="44">
    <remembered-set count="56736" freebytes="2493696" totalbytes="2720640" percent="91" regionsoverflowed="0" regionsstable="0" regionsrebuilding="10"/>
  </mem-info>
</gc-start>
<gc-end id="3221" type="global mark phase" contextid="3137" durationms="0.197" usertimems="0.000" systemtimems="0.000" timestamp="2019-07-07T05:34:49.939" activeThreads="1">
  <mem-info id="3222" free="30408704" total="68157440" percent="44">
    <remembered-set count="56736" freebytes="2493696" totalbytes="2720640" percent="91" regionsoverflowed="0" regionsstable="0" regionsrebuilding="10"/>
  </mem-info>
</gc-end>
<concurrent-start id="3223" type="GMP work packet processing" contextid="3137" timestamp="2019-07-07T05:34:49.939">
  <concurrent-mark-start scanTarget="1048576" />
</concurrent-start>
<exclusive-end id="3224" timestamp="2019-07-07T05:34:49.940" durationms="1.562" />

<concurrent-end id="3225" type="GMP work packet processing" contextid="3137" timestamp="2019-07-07T05:34:49.940">
  <concurrent-mark-end bytesScanned="1097720" reasonForTermination="Work target met" />
</concurrent-end>

<exclusive-start id="3226" timestamp="2019-07-07T05:34:49.944" intervalms="5.222">
  <response-info timems="0.067" idlems="0.067" threads="0" lastid="00000000020B9700" lastname="main" />
</exclusive-start>
<allocation-taxation id="3227" taxation-threshold="11534336" timestamp="2019-07-07T05:34:49.944" intervalms="5.179" />
<cycle-start id="3228" type="partial gc" contextid="0" timestamp="2019-07-07T05:34:49.944" intervalms="12.657" />
<gc-start id="3229" type="partial gc" contextid="3228" timestamp="2019-07-07T05:34:49.944">
  <mem-info id="3230" free="18874368" total="68157440" percent="27">
    <mem type="eden" free="1048552" total="24117248" percent="4" />
    <remembered-set count="58048" freebytes="2488448" totalbytes="2720640" percent="91" regionsoverflowed="0" regionsstable="0" regionsrebuilding="10"/>
  </mem-info>
</gc-start>
<allocation-stats totalBytes="22990680" >
  <allocated-bytes non-tlh="0" tlh="22990680" arrayletleaf="0"/>
  <largest-consumer threadName="main" threadId="00000000020B9700" bytes="11496584" />
</allocation-stats>
<gc-op id="3231" type="copy forward" timems="1.470" contextid="3228" timestamp="2019-07-07T05:34:49.946">
  <memory-copied type="eden" objects="1" bytes="24" bytesdiscarded="0" />
  <memory-copied type="other" objects="0" bytes="0" bytesdiscarded="0" />
  <memory-cardclean objects="17" bytes="448" />
  <regions eden="22" other="1" />
  <remembered-set-cleared processed="55958" cleared="7" durationms="0.575" />
  <stringconstants candidates="13319" cleared="0"  />
</gc-op>
<gc-op id="3232" type="classunload" timems="0.003" contextid="3228" timestamp="2019-07-07T05:34:49.946">
  <classunload-info classloadercandidates="53" classloadersunloaded="0" classesunloaded="0" anonymousclassesunloaded="0" quiescems="0.000" setupms="0.003" scanms="0.000" postms="0.000" />
</gc-op>
<gc-end id="3233" type="partial gc" contextid="3228" durationms="2.586" usertimems="0.000" systemtimems="0.000" timestamp="2019-07-07T05:34:49.947" activeThreads="1">
  <mem-info id="3234" free="41943040" total="68157440" percent="61">
    <mem type="eden" free="1048552" total="1048576" percent="99" />
    <remembered-set count="58496" freebytes="2486656" totalbytes="2720640" percent="91" regionsoverflowed="0" regionsstable="0" regionsrebuilding="10"/>
  </mem-info>
</gc-end>
<cycle-end id="3235" type="partial gc" contextid="3228" timestamp="2019-07-07T05:34:49.947" />
  <attribute name="elasticGC enabled" value="1" />
  <attribute name= "numThreadsSpecified" value="1" />
  <attribute name="heapSize specified" value="0" />
  <attribute name="Current GC Util" value="73" />
  <attribute name= "Current Time Running" value="19472" />
  <attribute name ="GC Interval" value="0" />
  <attribute name="ProportionalT" value="26.500000" />
  <attribute name="ProportionalI" value="26.500000" />
  <attribute name="ProportionalH" value="26.500000" />
  <attribute name="Current Error" value="53.000000" />
  <attribute name="IntegralT" value="0.000000" />
  <attribute name="IntegralI" value="0.000000" />
  <attribute name="IntegralH" value="0.000000" />
  <attribute name="DerivativeT" value="inf" />
  <attribute name="DerivativeI" value="inf" />
  <attribute name="DerivativeH" value="inf" />
  <attribute name="Loop Time for DT" value="0.000000" />
  <attribute name="Output H" value="8388608"/>
  <attribute name="Output I" value="200"/>
  <attribute name="Output T" value="1"/>
  <attribute name="Target GC Util Change" value ="20.000000" />
  <attribute name="Current GC Util Change" value="73.000000"/>
  <attribute name="GC Util currently" value="73" />
  <attribute name="CPU Util currently" value="20306493855610" />
<exclusive-end id="3236" timestamp="2019-07-07T05:34:49.947" durationms="3.525" />

<exclusive-start id="3237" timestamp="2019-07-07T05:34:49.951" intervalms="7.166">
  <response-info timems="0.073" idlems="0.073" threads="0" lastid="00000000020B9700" lastname="main" />
</exclusive-start>
<allocation-taxation id="3238" taxation-threshold="11534336" timestamp="2019-07-07T05:34:49.951" intervalms="7.244" />
<gc-start id="3239" type="global mark phase" contextid="3137" timestamp="2019-07-07T05:34:49.951">
  <mem-info id="3240" free="30408704" total="68157440" percent="44">
    <remembered-set count="58048" freebytes="2488448" totalbytes="2720640" percent="91" regionsoverflowed="0" regionsstable="0" regionsrebuilding="10"/>
  </mem-info>
</gc-start>
<gc-end id="3241" type="global mark phase" contextid="3137" durationms="0.200" usertimems="0.000" systemtimems="0.000" timestamp="2019-07-07T05:34:49.951" activeThreads="1">
  <mem-info id="3242" free="30408704" total="68157440" percent="44">
    <remembered-set count="58048" freebytes="2488448" totalbytes="2720640" percent="91" regionsoverflowed="0" regionsstable="0" regionsrebuilding="10"/>
  </mem-info>
</gc-end>
<concurrent-start id="3243" type="GMP work packet processing" contextid="3137" timestamp="2019-07-07T05:34:49.952">
  <concurrent-mark-start scanTarget="1048576" />
</concurrent-start>
<exclusive-end id="3244" timestamp="2019-07-07T05:34:49.952" durationms="1.048" />

<concurrent-end id="3245" type="GMP work packet processing" contextid="3137" timestamp="2019-07-07T05:34:49.952">
  <concurrent-mark-end bytesScanned="1093248" reasonForTermination="Work target met" />
</concurrent-end>

<exclusive-start id="3246" timestamp="2019-07-07T05:34:49.956" intervalms="5.200">
  <response-info timems="0.057" idlems="0.057" threads="0" lastid="00000000020B9700" lastname="main" />
</exclusive-start>
<allocation-taxation id="3247" taxation-threshold="11534336" timestamp="2019-07-07T05:34:49.956" intervalms="5.189" />
<cycle-start id="3248" type="partial gc" contextid="0" timestamp="2019-07-07T05:34:49.956" intervalms="12.475" />
<gc-start id="3249" type="partial gc" contextid="3248" timestamp="2019-07-07T05:34:49.956">
  <mem-info id="3250" free="18874368" total="68157440" percent="27">
    <mem type="eden" free="1048552" total="24117248" percent="4" />
    <remembered-set count="61088" freebytes="2476288" totalbytes="2720640" percent="91" regionsoverflowed="0" regionsstable="0" regionsrebuilding="10"/>
  </mem-info>
</gc-start>
<allocation-stats totalBytes="22990680" >
  <allocated-bytes non-tlh="0" tlh="22990680" arrayletleaf="0"/>
  <largest-consumer threadName="main" threadId="00000000020B9700" bytes="11496584" />
</allocation-stats>
<gc-op id="3251" type="copy forward" timems="1.541" contextid="3248" timestamp="2019-07-07T05:34:49.959">
  <memory-copied type="eden" objects="1" bytes="24" bytesdiscarded="0" />
  <memory-copied type="other" objects="0" bytes="0" bytesdiscarded="0" />
  <memory-cardclean objects="17" bytes="448" />
  <regions eden="22" other="1" />
  <remembered-set-cleared processed="59225" cleared="6" durationms="0.423" />
  <stringconstants candidates="13319" cleared="0"  />
</gc-op>
<gc-op id="3252" type="classunload" timems="0.004" contextid="3248" timestamp="2019-07-07T05:34:49.959">
  <classunload-info classloadercandidates="53" classloadersunloaded="0" classesunloaded="0" anonymousclassesunloaded="0" quiescems="0.000" setupms="0.004" scanms="0.000" postms="0.000" />
</gc-op>
<gc-end id="3253" type="partial gc" contextid="3248" durationms="2.654" usertimems="0.000" systemtimems="0.000" timestamp="2019-07-07T05:34:49.959" activeThreads="1">
  <mem-info id="3254" free="41943040" total="68157440" percent="61">
    <mem type="eden" free="1048552" total="1048576" percent="99" />
    <remembered-set count="61568" freebytes="2474368" totalbytes="2720640" percent="90" regionsoverflowed="0" regionsstable="0" regionsrebuilding="10"/>
  </mem-info>
</gc-end>
<cycle-end id="3255" type="partial gc" contextid="3248" timestamp="2019-07-07T05:34:49.959" />
  <attribute name="elasticGC enabled" value="1" />
  <attribute name= "numThreadsSpecified" value="1" />
  <attribute name="heapSize specified" value="0" />
  <attribute name="Current GC Util" value="57" />
  <attribute name= "Current Time Running" value="19484" />
  <attribute name ="GC Interval" value="0" />
  <attribute name="ProportionalT" value="18.500000" />
  <attribute name="ProportionalI" value="18.500000" />
  <attribute name="ProportionalH" value="18.500000" />
  <attribute name="Current Error" value="37.000000" />
  <attribute name="IntegralT" value="0.000000" />
  <attribute name="IntegralI" value="0.000000" />
  <attribute name="IntegralH" value="0.000000" />
  <attribute name="DerivativeT" value="inf" />
  <attribute name="DerivativeI" value="inf" />
  <attribute name="DerivativeH" value="inf" />
  <attribute name="Loop Time for DT" value="0.000000" />
  <attribute name="Output H" value="8388608"/>
  <attribute name="Output I" value="200"/>
  <attribute name="Output T" value="1"/>
  <attribute name="Target GC Util Change" value ="20.000000" />
  <attribute name="Current GC Util Change" value="57.000000"/>
  <attribute name="GC Util currently" value="57" />
  <attribute name="CPU Util currently" value="20359565852971" />
<exclusive-end id="3256" timestamp="2019-07-07T05:34:49.960" durationms="3.718" />

<exclusive-start id="3257" timestamp="2019-07-07T05:34:49.963" intervalms="7.382">
  <response-info timems="0.064" idlems="0.064" threads="0" lastid="00000000020B9700" lastname="main" />
</exclusive-start>
<allocation-taxation id="3258" taxation-threshold="11534336" timestamp="2019-07-07T05:34:49.963" intervalms="7.366" />
<gc-start id="3259" type="global mark phase" contextid="3137" timestamp="2019-07-07T05:34:49.964">
  <mem-info id="3260" free="30408704" total="68157440" percent="44">
    <remembered-set count="61088" freebytes="2476288" totalbytes="2720640" percent="91" regionsoverflowed="0" regionsstable="0" regionsrebuilding="10"/>
  </mem-info>
</gc-start>
<gc-end id="3261" type="global mark phase" contextid="3137" durationms="0.112" usertimems="0.000" systemtimems="0.000" timestamp="2019-07-07T05:34:49.964" activeThreads="1">
  <mem-info id="3262" free="30408704" total="68157440" percent="44">
    <remembered-set count="61088" freebytes="2476288" totalbytes="2720640" percent="91" regionsoverflowed="0" regionsstable="0" regionsrebuilding="10"/>
  </mem-info>
</gc-end>
<concurrent-start id="3263" type="GMP work packet processing" contextid="3137" timestamp="2019-07-07T05:34:49.964">
  <concurrent-mark-start scanTarget="1048576" />
</concurrent-start>
<exclusive-end id="3264" timestamp="2019-07-07T05:34:49.965" durationms="1.382" />

<concurrent-end id="3265" type="GMP work packet processing" contextid="3137" timestamp="2019-07-07T05:34:49.965">
  <concurrent-mark-end bytesScanned="1088388" reasonForTermination="Work target met" />
</concurrent-end>

<exclusive-start id="3266" timestamp="2019-07-07T05:34:49.968" intervalms="5.008">
  <response-info timems="0.064" idlems="0.064" threads="0" lastid="00000000020B9700" lastname="main" />
</exclusive-start>
<allocation-taxation id="3267" taxation-threshold="11534336" timestamp="2019-07-07T05:34:49.968" intervalms="5.001" />
<cycle-start id="3268" type="partial gc" contextid="0" timestamp="2019-07-07T05:34:49.969" intervalms="12.426" />
<gc-start id="3269" type="partial gc" contextid="3268" timestamp="2019-07-07T05:34:49.969">
  <mem-info id="3270" free="18874368" total="68157440" percent="27">
    <mem type="eden" free="1048552" total="24117248" percent="4" />
    <remembered-set count="61792" freebytes="2473472" totalbytes="2720640" percent="90" regionsoverflowed="0" regionsstable="0" regionsrebuilding="10"/>
  </mem-info>
</gc-start>
<allocation-stats totalBytes="22990680" >
  <allocated-bytes non-tlh="0" tlh="22990680" arrayletleaf="0"/>
  <largest-consumer threadName="main" threadId="00000000020B9700" bytes="11496584" />
</allocation-stats>
<gc-op id="3271" type="copy forward" timems="1.672" contextid="3268" timestamp="2019-07-07T05:34:49.971">
  <memory-copied type="eden" objects="1" bytes="24" bytesdiscarded="0" />
  <memory-copied type="other" objects="0" bytes="0" bytesdiscarded="0" />
  <memory-cardclean objects="17" bytes="448" />
  <regions eden="22" other="1" />
  <remembered-set-cleared processed="59864" cleared="6" durationms="0.277" />
  <stringconstants candidates="13319" cleared="0"  />
</gc-op>
<gc-op id="3272" type="classunload" timems="0.004" contextid="3268" timestamp="2019-07-07T05:34:49.971">
  <classunload-info classloadercandidates="53" classloadersunloaded="0" classesunloaded="0" anonymousclassesunloaded="0" quiescems="0.000" setupms="0.004" scanms="0.000" postms="0.000" />
</gc-op>
<gc-end id="3273" type="partial gc" contextid="3268" durationms="2.701" usertimems="4.000" systemtimems="0.000" timestamp="2019-07-07T05:34:49.972" activeThreads="4">
  <mem-info id="3274" free="41943040" total="68157440" percent="61">
    <mem type="eden" free="1048552" total="1048576" percent="99" />
    <remembered-set count="61760" freebytes="2473600" totalbytes="2720640" percent="90" regionsoverflowed="0" regionsstable="0" regionsrebuilding="10"/>
  </mem-info>
</gc-end>
<cycle-end id="3275" type="partial gc" contextid="3268" timestamp="2019-07-07T05:34:49.972" />
  <attribute name="elasticGC enabled" value="1" />
  <attribute name= "numThreadsSpecified" value="4" />
  <attribute name="heapSize specified" value="0" />
  <attribute name="Current GC Util" value="73" />
  <attribute name= "Current Time Running" value="19497" />
  <attribute name ="GC Interval" value="0" />
  <attribute name="ProportionalT" value="26.500000" />
  <attribute name="ProportionalI" value="26.500000" />
  <attribute name="ProportionalH" value="26.500000" />
  <attribute name="Current Error" value="53.000000" />
  <attribute name="IntegralT" value="26.500000" />
  <attribute name="IntegralI" value="26.500000" />
  <attribute name="IntegralH" value="26.500000" />
  <attribute name="DerivativeT" value="49.000000" />
  <attribute name="DerivativeI" value="49.000000" />
  <attribute name="DerivativeH" value="49.000000" />
  <attribute name="Loop Time for DT" value="1.000000" />
  <attribute name="Output H" value="8388608"/>
  <attribute name="Output I" value="200"/>
  <attribute name="Output T" value="4"/>
  <attribute name="Target GC Util Change" value ="20.000000" />
  <attribute name="Current GC Util Change" value="73.000000"/>
  <attribute name="GC Util currently" value="73" />
  <attribute name="CPU Util currently" value="19014203820393" />
<exclusive-end id="3276" timestamp="2019-07-07T05:34:49.972" durationms="3.704" />

<exclusive-start id="3277" timestamp="2019-07-07T05:34:49.976" intervalms="7.420">
  <response-info timems="0.079" idlems="0.079" threads="0" lastid="00000000020B9700" lastname="main" />
</exclusive-start>
<allocation-taxation id="3278" taxation-threshold="11534336" timestamp="2019-07-07T05:34:49.976" intervalms="7.418" />
<gc-start id="3279" type="global mark phase" contextid="3137" timestamp="2019-07-07T05:34:49.976">
  <mem-info id="3280" free="30408704" total="68157440" percent="44">
    <remembered-set count="61280" freebytes="2475520" totalbytes="2720640" percent="90" regionsoverflowed="0" regionsstable="0" regionsrebuilding="10"/>
  </mem-info>
</gc-start>
<gc-end id="3281" type="global mark phase" contextid="3137" durationms="0.202" usertimems="0.000" systemtimems="0.000" timestamp="2019-07-07T05:34:49.976" activeThreads="4">
  <mem-info id="3282" free="30408704" total="68157440" percent="44">
    <remembered-set count="61280" freebytes="2475520" totalbytes="2720640" percent="90" regionsoverflowed="0" regionsstable="0" regionsrebuilding="10"/>
  </mem-info>
</gc-end>
<concurrent-start id="3283" type="GMP work packet processing" contextid="3137" timestamp="2019-07-07T05:34:49.976">
  <concurrent-mark-start scanTarget="1259060" />
</concurrent-start>
<concurrent-end id="3285" type="GMP work packet processing" contextid="3137" timestamp="2019-07-07T05:34:49.977">
  <concurrent-mark-end bytesScanned="1307364" reasonForTermination="Work target met" />
</concurrent-end>

<exclusive-end id="3284" timestamp="2019-07-07T05:34:49.977" durationms="1.587" />

<exclusive-start id="3286" timestamp="2019-07-07T05:34:49.981" intervalms="5.307">
  <response-info timems="0.073" idlems="0.073" threads="0" lastid="00000000020B9700" lastname="main" />
</exclusive-start>
<allocation-taxation id="3287" taxation-threshold="11534336" timestamp="2019-07-07T05:34:49.981" intervalms="5.286" />
<cycle-start id="3288" type="partial gc" contextid="0" timestamp="2019-07-07T05:34:49.981" intervalms="12.628" />
<gc-start id="3289" type="partial gc" contextid="3288" timestamp="2019-07-07T05:34:49.981">
  <mem-info id="3290" free="18874368" total="68157440" percent="27">
    <mem type="eden" free="1048552" total="24117248" percent="4" />
    <remembered-set count="62848" freebytes="2469248" totalbytes="2720640" percent="90" regionsoverflowed="0" regionsstable="0" regionsrebuilding="10"/>
  </mem-info>
</gc-start>
<allocation-stats totalBytes="22990680" >
  <allocated-bytes non-tlh="0" tlh="22990680" arrayletleaf="0"/>
  <largest-consumer threadName="main" threadId="00000000020B9700" bytes="11496584" />
</allocation-stats>
<gc-op id="3291" type="copy forward" timems="1.549" contextid="3288" timestamp="2019-07-07T05:34:49.984">
  <memory-copied type="eden" objects="1" bytes="24" bytesdiscarded="0" />
  <memory-copied type="other" objects="0" bytes="0" bytesdiscarded="0" />
  <memory-cardclean objects="17" bytes="448" />
  <regions eden="22" other="1" />
  <remembered-set-cleared processed="60168" cleared="6" durationms="0.430" />
  <stringconstants candidates="13319" cleared="0"  />
</gc-op>
<gc-op id="3292" type="classunload" timems="0.003" contextid="3288" timestamp="2019-07-07T05:34:49.984">
  <classunload-info classloadercandidates="53" classloadersunloaded="0" classesunloaded="0" anonymousclassesunloaded="0" quiescems="0.000" setupms="0.003" scanms="0.000" postms="0.000" />
</gc-op>
<gc-end id="3293" type="partial gc" contextid="3288" durationms="2.746" usertimems="0.000" systemtimems="4.000" timestamp="2019-07-07T05:34:49.984" activeThreads="1">
  <mem-info id="3294" free="41943040" total="68157440" percent="61">
    <mem type="eden" free="1048552" total="1048576" percent="99" />
    <remembered-set count="63328" freebytes="2467328" totalbytes="2720640" percent="90" regionsoverflowed="0" regionsstable="0" regionsrebuilding="10"/>
  </mem-info>
</gc-end>
<cycle-end id="3295" type="partial gc" contextid="3288" timestamp="2019-07-07T05:34:49.984" />
  <attribute name="elasticGC enabled" value="1" />
  <attribute name= "numThreadsSpecified" value="1" />
  <attribute name="heapSize specified" value="0" />
  <attribute name="Current GC Util" value="73" />
  <attribute name= "Current Time Running" value="19509" />
  <attribute name ="GC Interval" value="0" />
  <attribute name="ProportionalT" value="26.500000" />
  <attribute name="ProportionalI" value="26.500000" />
  <attribute name="ProportionalH" value="26.500000" />
  <attribute name="Current Error" value="53.000000" />
  <attribute name="IntegralT" value="0.000000" />
  <attribute name="IntegralI" value="0.000000" />
  <attribute name="IntegralH" value="0.000000" />
  <attribute name="DerivativeT" value="inf" />
  <attribute name="DerivativeI" value="inf" />
  <attribute name="DerivativeH" value="inf" />
  <attribute name="Loop Time for DT" value="0.000000" />
  <attribute name="Output H" value="8388608"/>
  <attribute name="Output I" value="200"/>
  <attribute name="Output T" value="1"/>
  <attribute name="Target GC Util Change" value ="20.000000" />
  <attribute name="Current GC Util Change" value="73.000000"/>
  <attribute name="GC Util currently" value="73" />
  <attribute name="CPU Util currently" value="19011773839500" />
<exclusive-end id="3296" timestamp="2019-07-07T05:34:49.985" durationms="3.631" />

<exclusive-start id="3297" timestamp="2019-07-07T05:34:49.988" intervalms="7.268">
  <response-info timems="0.075" idlems="0.075" threads="0" lastid="00000000020B9700" lastname="main" />
</exclusive-start>
<allocation-taxation id="3298" taxation-threshold="11534336" timestamp="2019-07-07T05:34:49.988" intervalms="7.299" />
<gc-start id="3299" type="global mark phase" contextid="3137" timestamp="2019-07-07T05:34:49.989">
  <mem-info id="3300" free="30408704" total="68157440" percent="44">
    <remembered-set count="62848" freebytes="2469248" totalbytes="2720640" percent="90" regionsoverflowed="0" regionsstable="0" regionsrebuilding="10"/>
  </mem-info>
</gc-start>
<gc-end id="3301" type="global mark phase" contextid="3137" durationms="0.197" usertimems="0.000" systemtimems="0.000" timestamp="2019-07-07T05:34:49.989" activeThreads="1">
  <mem-info id="3302" free="30408704" total="68157440" percent="44">
    <remembered-set count="62848" freebytes="2469248" totalbytes="2720640" percent="90" regionsoverflowed="0" regionsstable="0" regionsrebuilding="10"/>
  </mem-info>
</gc-end>
<concurrent-start id="3303" type="GMP work packet processing" contextid="3137" timestamp="2019-07-07T05:34:49.989">
  <concurrent-mark-start scanTarget="1048576" />
</concurrent-start>
<exclusive-end id="3304" timestamp="2019-07-07T05:34:49.990" durationms="1.576" />

<concurrent-end id="3305" type="GMP work packet processing" contextid="3137" timestamp="2019-07-07T05:34:49.990">
  <concurrent-mark-end bytesScanned="1102716" reasonForTermination="Work target met" />
</concurrent-end>

<exclusive-start id="3306" timestamp="2019-07-07T05:34:49.993" intervalms="5.185">
  <response-info timems="0.070" idlems="0.070" threads="0" lastid="00000000020B9700" lastname="main" />
</exclusive-start>
<allocation-taxation id="3307" taxation-threshold="11534336" timestamp="2019-07-07T05:34:49.994" intervalms="5.201" />
<cycle-start id="3308" type="partial gc" contextid="0" timestamp="2019-07-07T05:34:49.994" intervalms="12.608" />
<gc-start id="3309" type="partial gc" contextid="3308" timestamp="2019-07-07T05:34:49.994">
  <mem-info id="3310" free="18874368" total="68157440" percent="27">
    <mem type="eden" free="1048552" total="24117248" percent="4" />
    <remembered-set count="65664" freebytes="2457984" totalbytes="2720640" percent="90" regionsoverflowed="0" regionsstable="0" regionsrebuilding="10"/>
  </mem-info>
</gc-start>
<allocation-stats totalBytes="22990680" >
  <allocated-bytes non-tlh="0" tlh="22990680" arrayletleaf="0"/>
  <largest-consumer threadName="main" threadId="00000000020B9700" bytes="11496584" />
</allocation-stats>
<gc-op id="3311" type="copy forward" timems="1.546" contextid="3308" timestamp="2019-07-07T05:34:49.996">
  <memory-copied type="eden" objects="1" bytes="24" bytesdiscarded="0" />
  <memory-copied type="other" objects="0" bytes="0" bytesdiscarded="0" />
  <memory-cardclean objects="17" bytes="448" />
  <regions eden="22" other="1" />
  <remembered-set-cleared processed="63447" cleared="6" durationms="0.446" />
  <stringconstants candidates="13319" cleared="0"  />
</gc-op>
<gc-op id="3312" type="classunload" timems="0.003" contextid="3308" timestamp="2019-07-07T05:34:49.997">
  <classunload-info classloadercandidates="53" classloadersunloaded="0" classesunloaded="0" anonymousclassesunloaded="0" quiescems="0.000" setupms="0.003" scanms="0.000" postms="0.000" />
</gc-op>
<gc-end id="3313" type="partial gc" contextid="3308" durationms="2.664" usertimems="4.000" systemtimems="0.000" timestamp="2019-07-07T05:34:49.997" activeThreads="1">
  <mem-info id="3314" free="41943040" total="68157440" percent="61">
    <mem type="eden" free="1048552" total="1048576" percent="99" />
    <remembered-set count="66144" freebytes="2456064" totalbytes="2720640" percent="90" regionsoverflowed="0" regionsstable="0" regionsrebuilding="10"/>
  </mem-info>
</gc-end>
<cycle-end id="3315" type="partial gc" contextid="3308" timestamp="2019-07-07T05:34:49.997" />
  <attribute name="elasticGC enabled" value="1" />
  <attribute name= "numThreadsSpecified" value="1" />
  <attribute name="heapSize specified" value="0" />
  <attribute name="Current GC Util" value="73" />
  <attribute name= "Current Time Running" value="19522" />
  <attribute name ="GC Interval" value="0" />
  <attribute name="ProportionalT" value="26.500000" />
  <attribute name="ProportionalI" value="26.500000" />
  <attribute name="ProportionalH" value="26.500000" />
  <attribute name="Current Error" value="53.000000" />
  <attribute name="IntegralT" value="0.000000" />
  <attribute name="IntegralI" value="0.000000" />
  <attribute name="IntegralH" value="0.000000" />
  <attribute name="DerivativeT" value="inf" />
  <attribute name="DerivativeI" value="inf" />
  <attribute name="DerivativeH" value="inf" />
  <attribute name="Loop Time for DT" value="0.000000" />
  <attribute name="Output H" value="8388608"/>
  <attribute name="Output I" value="200"/>
  <attribute name="Output T" value="1"/>
  <attribute name="Target GC Util Change" value ="20.000000" />
  <attribute name="Current GC Util Change" value="73.000000"/>
  <attribute name="GC Util currently" value="73" />
  <attribute name="CPU Util currently" value="18424855192616" />
<exclusive-end id="3316" timestamp="2019-07-07T05:34:49.997" durationms="3.795" />

<exclusive-start id="3317" timestamp="2019-07-07T05:34:50.001" intervalms="7.510">
  <response-info timems="0.077" idlems="0.077" threads="0" lastid="00000000020B9700" lastname="main" />
</exclusive-start>
<allocation-taxation id="3318" taxation-threshold="11534336" timestamp="2019-07-07T05:34:50.001" intervalms="7.490" />
<gc-start id="3319" type="global mark phase" contextid="3137" timestamp="2019-07-07T05:34:50.001">
  <mem-info id="3320" free="30408704" total="68157440" percent="44">
    <remembered-set count="65664" freebytes="2457984" totalbytes="2720640" percent="90" regionsoverflowed="0" regionsstable="0" regionsrebuilding="10"/>
  </mem-info>
</gc-start>
<gc-end id="3321" type="global mark phase" contextid="3137" durationms="0.206" usertimems="0.000" systemtimems="0.000" timestamp="2019-07-07T05:34:50.002" activeThreads="1">
  <mem-info id="3322" free="30408704" total="68157440" percent="44">
    <remembered-set count="65664" freebytes="2457984" totalbytes="2720640" percent="90" regionsoverflowed="0" regionsstable="0" regionsrebuilding="10"/>
  </mem-info>
</gc-end>
<concurrent-start id="3323" type="GMP work packet processing" contextid="3137" timestamp="2019-07-07T05:34:50.002">
  <concurrent-mark-start scanTarget="1048576" />
</concurrent-start>
<exclusive-end id="3324" timestamp="2019-07-07T05:34:50.003" durationms="1.534" />

<concurrent-end id="3325" type="GMP work packet processing" contextid="3137" timestamp="2019-07-07T05:34:50.003">
  <concurrent-mark-end bytesScanned="1125144" reasonForTermination="Work target met" />
</concurrent-end>

<exclusive-start id="3326" timestamp="2019-07-07T05:34:50.006" intervalms="5.136">
  <response-info timems="0.068" idlems="0.068" threads="0" lastid="00000000020B9700" lastname="main" />
</exclusive-start>
<allocation-taxation id="3327" taxation-threshold="11534336" timestamp="2019-07-07T05:34:50.006" intervalms="5.153" />
<cycle-start id="3328" type="partial gc" contextid="0" timestamp="2019-07-07T05:34:50.007" intervalms="12.645" />
<gc-start id="3329" type="partial gc" contextid="3328" timestamp="2019-07-07T05:34:50.007">
  <mem-info id="3330" free="18874368" total="68157440" percent="27">
    <mem type="eden" free="1048552" total="24117248" percent="4" />
    <remembered-set count="68896" freebytes="2445056" totalbytes="2720640" percent="89" regionsoverflowed="0" regionsstable="0" regionsrebuilding="10"/>
  </mem-info>
</gc-start>
<allocation-stats totalBytes="22990680" >
  <allocated-bytes non-tlh="0" tlh="22990680" arrayletleaf="0"/>
  <largest-consumer threadName="main" threadId="00000000020B9700" bytes="11496560" />
</allocation-stats>
<gc-op id="3331" type="copy forward" timems="1.739" contextid="3328" timestamp="2019-07-07T05:34:50.009">
  <memory-copied type="eden" objects="1" bytes="24" bytesdiscarded="0" />
  <memory-copied type="other" objects="0" bytes="0" bytesdiscarded="0" />
  <memory-cardclean objects="17" bytes="448" />
  <regions eden="22" other="1" />
  <remembered-set-cleared processed="66923" cleared="6" durationms="0.281" />
  <stringconstants candidates="13319" cleared="0"  />
</gc-op>
<gc-op id="3332" type="classunload" timems="0.003" contextid="3328" timestamp="2019-07-07T05:34:50.010">
  <classunload-info classloadercandidates="53" classloadersunloaded="0" classesunloaded="0" anonymousclassesunloaded="0" quiescems="0.000" setupms="0.003" scanms="0.000" postms="0.000" />
</gc-op>
<gc-end id="3333" type="partial gc" contextid="3328" durationms="3.001" usertimems="4.000" systemtimems="0.000" timestamp="2019-07-07T05:34:50.010" activeThreads="4">
  <mem-info id="3334" free="41943040" total="68157440" percent="61">
    <mem type="eden" free="1048552" total="1048576" percent="99" />
    <remembered-set count="68864" freebytes="2445184" totalbytes="2720640" percent="89" regionsoverflowed="0" regionsstable="0" regionsrebuilding="10"/>
  </mem-info>
</gc-end>
<cycle-end id="3335" type="partial gc" contextid="3328" timestamp="2019-07-07T05:34:50.010" />
  <attribute name="elasticGC enabled" value="1" />
  <attribute name= "numThreadsSpecified" value="4" />
  <attribute name="heapSize specified" value="0" />
  <attribute name="Current GC Util" value="41" />
  <attribute name= "Current Time Running" value="19535" />
  <attribute name ="GC Interval" value="0" />
  <attribute name="ProportionalT" value="10.500000" />
  <attribute name="ProportionalI" value="10.500000" />
  <attribute name="ProportionalH" value="10.500000" />
  <attribute name="Current Error" value="21.000000" />
  <attribute name="IntegralT" value="10.500000" />
  <attribute name="IntegralI" value="10.500000" />
  <attribute name="IntegralH" value="10.500000" />
  <attribute name="DerivativeT" value="13.000000" />
  <attribute name="DerivativeI" value="13.000000" />
  <attribute name="DerivativeH" value="13.000000" />
  <attribute name="Loop Time for DT" value="1.000000" />
  <attribute name="Output H" value="8388608"/>
  <attribute name="Output I" value="200"/>
  <attribute name="Output T" value="4"/>
  <attribute name="Target GC Util Change" value ="20.000000" />
  <attribute name="Current GC Util Change" value="41.000000"/>
  <attribute name="GC Util currently" value="41" />
  <attribute name="CPU Util currently" value="11120830260860" />
<exclusive-end id="3336" timestamp="2019-07-07T05:34:50.010" durationms="4.148" />

<exclusive-start id="3337" timestamp="2019-07-07T05:34:50.014" intervalms="7.840">
  <response-info timems="0.079" idlems="0.079" threads="0" lastid="00000000020B9700" lastname="main" />
</exclusive-start>
<allocation-taxation id="3338" taxation-threshold="11534336" timestamp="2019-07-07T05:34:50.014" intervalms="7.842" />
<gc-start id="3339" type="global mark phase" contextid="3137" timestamp="2019-07-07T05:34:50.014">
  <mem-info id="3340" free="30408704" total="68157440" percent="44">
    <remembered-set count="68384" freebytes="2447104" totalbytes="2720640" percent="89" regionsoverflowed="0" regionsstable="0" regionsrebuilding="10"/>
  </mem-info>
</gc-start>
<gc-end id="3341" type="global mark phase" contextid="3137" durationms="0.185" usertimems="0.000" systemtimems="0.000" timestamp="2019-07-07T05:34:50.015" activeThreads="4">
  <mem-info id="3342" free="30408704" total="68157440" percent="44">
    <remembered-set count="68384" freebytes="2447104" totalbytes="2720640" percent="89" regionsoverflowed="0" regionsstable="0" regionsrebuilding="10"/>
  </mem-info>
</gc-end>
<concurrent-start id="3343" type="GMP work packet processing" contextid="3137" timestamp="2019-07-07T05:34:50.015">
  <concurrent-mark-start scanTarget="1259060" />
</concurrent-start>
<exclusive-end id="3344" timestamp="2019-07-07T05:34:50.016" durationms="1.647" />

<concurrent-end id="3345" type="GMP work packet processing" contextid="3137" timestamp="2019-07-07T05:34:50.016">
  <concurrent-mark-end bytesScanned="1308708" reasonForTermination="Work target met" />
</concurrent-end>

<exclusive-start id="3346" timestamp="2019-07-07T05:34:50.019" intervalms="5.157">
  <response-info timems="0.069" idlems="0.069" threads="0" lastid="00000000020B9700" lastname="main" />
</exclusive-start>
<allocation-taxation id="3347" taxation-threshold="11534336" timestamp="2019-07-07T05:34:50.019" intervalms="5.154" />
<cycle-start id="3348" type="partial gc" contextid="0" timestamp="2019-07-07T05:34:50.020" intervalms="13.029" />
<gc-start id="3349" type="partial gc" contextid="3348" timestamp="2019-07-07T05:34:50.020">
  <mem-info id="3350" free="18874368" total="68157440" percent="27">
    <mem type="eden" free="1048552" total="24117248" percent="4" />
    <remembered-set count="76160" freebytes="2416000" totalbytes="2720640" percent="88" regionsoverflowed="0" regionsstable="0" regionsrebuilding="10"/>
  </mem-info>
</gc-start>
<allocation-stats totalBytes="22990680" >
  <allocated-bytes non-tlh="0" tlh="22990680" arrayletleaf="0"/>
  <largest-consumer threadName="main" threadId="00000000020B9700" bytes="11496560" />
</allocation-stats>
<gc-op id="3351" type="copy forward" timems="1.945" contextid="3348" timestamp="2019-07-07T05:34:50.023">
  <memory-copied type="eden" objects="1" bytes="24" bytesdiscarded="0" />
  <memory-copied type="other" objects="0" bytes="0" bytesdiscarded="0" />
  <memory-cardclean objects="17" bytes="448" />
  <regions eden="22" other="1" />
  <remembered-set-cleared processed="74434" cleared="6" durationms="0.305" />
  <stringconstants candidates="13319" cleared="0"  />
</gc-op>
<gc-op id="3352" type="classunload" timems="0.003" contextid="3348" timestamp="2019-07-07T05:34:50.023">
  <classunload-info classloadercandidates="53" classloadersunloaded="0" classesunloaded="0" anonymousclassesunloaded="0" quiescems="0.000" setupms="0.003" scanms="0.000" postms="0.000" />
</gc-op>
<gc-end id="3353" type="partial gc" contextid="3348" durationms="3.017" usertimems="4.000" systemtimems="0.000" timestamp="2019-07-07T05:34:50.023" activeThreads="4">
  <mem-info id="3354" free="41943040" total="68157440" percent="61">
    <mem type="eden" free="1048552" total="1048576" percent="99" />
    <remembered-set count="76288" freebytes="2415488" totalbytes="2720640" percent="88" regionsoverflowed="0" regionsstable="0" regionsrebuilding="10"/>
  </mem-info>
</gc-end>
<cycle-end id="3355" type="partial gc" contextid="3348" timestamp="2019-07-07T05:34:50.023" />
  <attribute name="elasticGC enabled" value="1" />
  <attribute name= "numThreadsSpecified" value="4" />
  <attribute name="heapSize specified" value="0" />
  <attribute name="Current GC Util" value="79" />
  <attribute name= "Current Time Running" value="19548" />
  <attribute name ="GC Interval" value="0" />
  <attribute name="ProportionalT" value="29.500000" />
  <attribute name="ProportionalI" value="29.500000" />
  <attribute name="ProportionalH" value="29.500000" />
  <attribute name="Current Error" value="59.000000" />
  <attribute name="IntegralT" value="29.500000" />
  <attribute name="IntegralI" value="29.500000" />
  <attribute name="IntegralH" value="29.500000" />
  <attribute name="DerivativeT" value="45.000000" />
  <attribute name="DerivativeI" value="45.000000" />
  <attribute name="DerivativeH" value="45.000000" />
  <attribute name="Loop Time for DT" value="1.000000" />
  <attribute name="Output H" value="8388608"/>
  <attribute name="Output I" value="200"/>
  <attribute name="Output T" value="4"/>
  <attribute name="Target GC Util Change" value ="20.000000" />
  <attribute name="Current GC Util Change" value="79.000000"/>
  <attribute name="GC Util currently" value="79" />
  <attribute name="CPU Util currently" value="18673439474796" />
<exclusive-end id="3356" timestamp="2019-07-07T05:34:50.023" durationms="4.027" />

<exclusive-start id="3357" timestamp="2019-07-07T05:34:50.027" intervalms="7.710">
  <response-info timems="0.077" idlems="0.077" threads="0" lastid="00000000020B9700" lastname="main" />
</exclusive-start>
<allocation-taxation id="3358" taxation-threshold="11534336" timestamp="2019-07-07T05:34:50.027" intervalms="7.725" />
<gc-start id="3359" type="global mark phase" contextid="3137" timestamp="2019-07-07T05:34:50.027">
  <mem-info id="3360" free="30408704" total="68157440" percent="44">
    <remembered-set count="75808" freebytes="2417408" totalbytes="2720640" percent="88" regionsoverflowed="0" regionsstable="0" regionsrebuilding="10"/>
  </mem-info>
</gc-start>
<gc-end id="3361" type="global mark phase" contextid="3137" durationms="0.204" usertimems="0.000" systemtimems="0.000" timestamp="2019-07-07T05:34:50.027" activeThreads="4">
  <mem-info id="3362" free="30408704" total="68157440" percent="44">
    <remembered-set count="75808" freebytes="2417408" totalbytes="2720640" percent="88" regionsoverflowed="0" regionsstable="0" regionsrebuilding="10"/>
  </mem-info>
</gc-end>
<concurrent-start id="3363" type="GMP work packet processing" contextid="3137" timestamp="2019-07-07T05:34:50.028">
  <concurrent-mark-start scanTarget="1259060" />
</concurrent-start>
<exclusive-end id="3364" timestamp="2019-07-07T05:34:50.028" durationms="1.008" />

<concurrent-end id="3365" type="GMP work packet processing" contextid="3137" timestamp="2019-07-07T05:34:50.028">
  <concurrent-mark-end bytesScanned="537992" reasonForTermination="Completed all work in GC phase" />
</concurrent-end>

<exclusive-start id="3366" timestamp="2019-07-07T05:34:50.032" intervalms="4.849">
  <response-info timems="0.024" idlems="0.024" threads="0" lastid="00000000020B9700" lastname="main" />
</exclusive-start>
<allocation-taxation id="3367" taxation-threshold="11534336" timestamp="2019-07-07T05:34:50.032" intervalms="4.701" />
<cycle-start id="3368" type="partial gc" contextid="0" timestamp="2019-07-07T05:34:50.032" intervalms="12.346" />
<gc-start id="3369" type="partial gc" contextid="3368" timestamp="2019-07-07T05:34:50.032">
  <mem-info id="3370" free="18874368" total="68157440" percent="27">
    <mem type="eden" free="1048552" total="24117248" percent="4" />
    <remembered-set count="79232" freebytes="2403712" totalbytes="2720640" percent="88" regionsoverflowed="0" regionsstable="0" regionsrebuilding="10"/>
  </mem-info>
</gc-start>
<allocation-stats totalBytes="22990680" >
  <allocated-bytes non-tlh="0" tlh="22990680" arrayletleaf="0"/>
  <largest-consumer threadName="main" threadId="00000000020B9700" bytes="11496560" />
</allocation-stats>
<gc-op id="3371" type="copy forward" timems="1.539" contextid="3368" timestamp="2019-07-07T05:34:50.034">
  <memory-copied type="eden" objects="1" bytes="24" bytesdiscarded="0" />
  <memory-copied type="other" objects="0" bytes="0" bytesdiscarded="0" />
  <memory-cardclean objects="17" bytes="448" />
  <regions eden="22" other="1" />
  <remembered-set-cleared processed="76902" cleared="6" durationms="0.511" />
  <stringconstants candidates="13319" cleared="0"  />
</gc-op>
<gc-op id="3372" type="classunload" timems="0.004" contextid="3368" timestamp="2019-07-07T05:34:50.035">
  <classunload-info classloadercandidates="53" classloadersunloaded="0" classesunloaded="0" anonymousclassesunloaded="0" quiescems="0.000" setupms="0.004" scanms="0.000" postms="0.000" />
</gc-op>
<gc-end id="3373" type="partial gc" contextid="3368" durationms="2.742" usertimems="4.000" systemtimems="0.000" timestamp="2019-07-07T05:34:50.035" activeThreads="1">
  <mem-info id="3374" free="41943040" total="68157440" percent="61">
    <mem type="eden" free="1048552" total="1048576" percent="99" />
    <remembered-set count="79712" freebytes="2401792" totalbytes="2720640" percent="88" regionsoverflowed="0" regionsstable="0" regionsrebuilding="10"/>
  </mem-info>
</gc-end>
<cycle-end id="3375" type="partial gc" contextid="3368" timestamp="2019-07-07T05:34:50.035" />
  <attribute name="elasticGC enabled" value="1" />
  <attribute name= "numThreadsSpecified" value="1" />
  <attribute name="heapSize specified" value="0" />
  <attribute name="Current GC Util" value="71" />
  <attribute name= "Current Time Running" value="19560" />
  <attribute name ="GC Interval" value="0" />
  <attribute name="ProportionalT" value="25.500000" />
  <attribute name="ProportionalI" value="25.500000" />
  <attribute name="ProportionalH" value="25.500000" />
  <attribute name="Current Error" value="51.000000" />
  <attribute name="IntegralT" value="0.000000" />
  <attribute name="IntegralI" value="0.000000" />
  <attribute name="IntegralH" value="0.000000" />
  <attribute name="DerivativeT" value="inf" />
  <attribute name="DerivativeI" value="inf" />
  <attribute name="DerivativeH" value="inf" />
  <attribute name="Loop Time for DT" value="0.000000" />
  <attribute name="Output H" value="8388608"/>
  <attribute name="Output I" value="200"/>
  <attribute name="Output T" value="1"/>
  <attribute name="Target GC Util Change" value ="20.000000" />
  <attribute name="Current GC Util Change" value="71.000000"/>
  <attribute name="GC Util currently" value="71" />
  <attribute name="CPU Util currently" value="18995720233788" />
<exclusive-end id="3376" timestamp="2019-07-07T05:34:50.035" durationms="3.723" />

<exclusive-start id="3377" timestamp="2019-07-07T05:34:50.039" intervalms="7.408">
  <response-info timems="0.073" idlems="0.073" threads="0" lastid="00000000020B9700" lastname="main" />
</exclusive-start>
<allocation-taxation id="3378" taxation-threshold="11534336" timestamp="2019-07-07T05:34:50.039" intervalms="7.518" />
<gc-start id="3379" type="global mark phase" contextid="3137" timestamp="2019-07-07T05:34:50.039">
  <mem-info id="3380" free="30408704" total="68157440" percent="44">
    <remembered-set count="79232" freebytes="2403712" totalbytes="2720640" percent="88" regionsoverflowed="0" regionsstable="0" regionsrebuilding="10"/>
  </mem-info>
</gc-start>
<gc-op id="3381" type="mark increment" timems="2.020" contextid="3137" timestamp="2019-07-07T05:34:50.042">
  <trace-info objectcount="1" scancount="1" scanbytes="229400" />
  <cardclean-info objects="13236" bytes="455224" />
  <finalization candidates="79" enqueued="0" />
  <ownableSynchronizers candidates="23" cleared="0" />
  <references type="soft" candidates="2128" cleared="0" enqueued="0" dynamicThreshold="19" maxThreshold="32" />
  <references type="weak" candidates="5672" cleared="0" enqueued="0" />
  <references type="phantom" candidates="101" cleared="0" enqueued="0" />
  <stringconstants candidates="13319" cleared="0"  />
</gc-op>
<gc-op id="3382" type="classunload" timems="0.004" contextid="3137" timestamp="2019-07-07T05:34:50.042">
  <classunload-info classloadercandidates="53" classloadersunloaded="0" classesunloaded="0" anonymousclassesunloaded="0" quiescems="0.000" setupms="0.004" scanms="0.000" postms="0.000" />
</gc-op>
<gc-end id="3383" type="global mark phase" contextid="3137" durationms="2.416" usertimems="4.000" systemtimems="0.000" timestamp="2019-07-07T05:34:50.042" activeThreads="4">
  <mem-info id="3384" free="30408704" total="68157440" percent="44">
    <remembered-set count="80768" freebytes="2397568" totalbytes="2720640" percent="88" regionsoverflowed="0" regionsstable="0" regionsrebuilding="0"/>
  </mem-info>
</gc-end>
<cycle-end id="3385" type="global mark phase" contextid="3137" timestamp="2019-07-07T05:34:50.042" />
  <attribute name="elasticGC enabled" value="1" />
  <attribute name= "numThreadsSpecified" value="4" />
  <attribute name="heapSize specified" value="0" />
  <attribute name="Current GC Util" value="0" />
  <attribute name= "Current Time Running" value="19568" />
  <attribute name ="GC Interval" value="0" />
  <attribute name="ProportionalT" value="-10.000000" />
  <attribute name="ProportionalI" value="-10.000000" />
  <attribute name="ProportionalH" value="-10.000000" />
  <attribute name="Current Error" value="-20.000000" />
  <attribute name="IntegralT" value="-10.000000" />
  <attribute name="IntegralI" value="-10.000000" />
  <attribute name="IntegralH" value="-10.000000" />
  <attribute name="DerivativeT" value="-207.000000" />
  <attribute name="DerivativeI" value="-207.000000" />
  <attribute name="DerivativeH" value="-207.000000" />
  <attribute name="Loop Time for DT" value="1.000000" />
  <attribute name="Output H" value="2091843584"/>
  <attribute name="Output I" value="200"/>
  <attribute name="Output T" value="4"/>
  <attribute name="Target GC Util Change" value ="20.000000" />
  <attribute name="Current GC Util Change" value="0.000000"/>
  <attribute name="GC Util currently" value="0" />
  <attribute name="CPU Util currently" value="11956882753028" />
<exclusive-end id="3386" timestamp="2019-07-07T05:34:50.042" durationms="3.124" />

<exclusive-start id="3387" timestamp="2019-07-07T05:34:50.046" intervalms="7.374">
  <response-info timems="0.073" idlems="0.073" threads="0" lastid="00000000020B9700" lastname="main" />
</exclusive-start>
<allocation-taxation id="3388" taxation-threshold="11534336" timestamp="2019-07-07T05:34:50.047" intervalms="7.359" />
<cycle-start id="3389" type="partial gc" contextid="0" timestamp="2019-07-07T05:34:50.047" intervalms="14.906" />
<gc-start id="3390" type="partial gc" contextid="3389" timestamp="2019-07-07T05:34:50.047">
  <mem-info id="3391" free="18874368" total="68157440" percent="27">
    <mem type="eden" free="1048552" total="24117248" percent="4" />
    <remembered-set count="78112" freebytes="2408192" totalbytes="2720640" percent="88" regionsoverflowed="0" regionsstable="2" regionsrebuilding="0"/>
  </mem-info>
</gc-start>
<allocation-stats totalBytes="22972800" >
  <allocated-bytes non-tlh="0" tlh="22972800" arrayletleaf="0"/>
  <largest-consumer threadName="main" threadId="00000000020B9700" bytes="11478680" />
</allocation-stats>
<gc-op id="3392" type="sweep" timems="0.615" contextid="3389" timestamp="2019-07-07T05:34:50.048" />
<gc-op id="3393" type="copy forward" timems="1.530" contextid="3389" timestamp="2019-07-07T05:34:50.050">
  <memory-copied type="eden" objects="26" bytes="1896" bytesdiscarded="1808" />
  <memory-copied type="other" objects="0" bytes="0" bytesdiscarded="0" />
  <memory-cardclean objects="83" bytes="2736" />
  <regions eden="11" other="1" />
  <remembered-set-cleared processed="75684" cleared="33" durationms="0.295" />
  <stringconstants candidates="13319" cleared="0"  />
</gc-op>
<gc-op id="3394" type="classunload" timems="0.003" contextid="3389" timestamp="2019-07-07T05:34:50.050">
  <classunload-info classloadercandidates="53" classloadersunloaded="0" classesunloaded="0" anonymousclassesunloaded="0" quiescems="0.000" setupms="0.003" scanms="0.000" postms="0.000" />
</gc-op>
<gc-end id="3395" type="partial gc" contextid="3389" durationms="3.510" usertimems="4.000" systemtimems="0.000" timestamp="2019-07-07T05:34:50.051" activeThreads="4">
  <mem-info id="3396" free="41943040" total="68157440" percent="61">
    <mem type="eden" free="1044872" total="1048576" percent="99" />
    <remembered-set count="78912" freebytes="2404992" totalbytes="2720640" percent="88" regionsoverflowed="0" regionsstable="2" regionsrebuilding="0"/>
  </mem-info>
</gc-end>
<cycle-end id="3397" type="partial gc" contextid="3389" timestamp="2019-07-07T05:34:50.051" />
  <attribute name="elasticGC enabled" value="1" />
  <attribute name= "numThreadsSpecified" value="4" />
  <attribute name="heapSize specified" value="0" />
  <attribute name="Current GC Util" value="67" />
  <attribute name= "Current Time Running" value="19576" />
  <attribute name ="GC Interval" value="0" />
  <attribute name="ProportionalT" value="23.500000" />
  <attribute name="ProportionalI" value="23.500000" />
  <attribute name="ProportionalH" value="23.500000" />
  <attribute name="Current Error" value="47.000000" />
  <attribute name="IntegralT" value="0.000000" />
  <attribute name="IntegralI" value="0.000000" />
  <attribute name="IntegralH" value="0.000000" />
  <attribute name="DerivativeT" value="-inf" />
  <attribute name="DerivativeI" value="-inf" />
  <attribute name="DerivativeH" value="-inf" />
  <attribute name="Loop Time for DT" value="0.000000" />
  <attribute name="Output H" value="2091843584"/>
  <attribute name="Output I" value="200"/>
  <attribute name="Output T" value="4"/>
  <attribute name="Target GC Util Change" value ="20.000000" />
  <attribute name="Current GC Util Change" value="67.000000"/>
  <attribute name="GC Util currently" value="67" />
  <attribute name="CPU Util currently" value="20128697916162" />
<exclusive-end id="3398" timestamp="2019-07-07T05:34:50.051" durationms="4.562" />

<exclusive-start id="3399" timestamp="2019-07-07T05:34:50.058" intervalms="12.027">
  <response-info timems="0.068" idlems="0.068" threads="0" lastid="00000000020B9700" lastname="main" />
</exclusive-start>
<allocation-taxation id="3400" taxation-threshold="24117248" timestamp="2019-07-07T05:34:50.059" intervalms="12.040" />
<cycle-start id="3401" type="partial gc" contextid="0" timestamp="2019-07-07T05:34:50.059" intervalms="12.050" />
<gc-start id="3402" type="partial gc" contextid="3401" timestamp="2019-07-07T05:34:50.059">
  <mem-info id="3403" free="17825792" total="68157440" percent="26">
    <mem type="eden" free="0" total="24117248" percent="0" />
    <remembered-set count="1728" freebytes="2713728" totalbytes="2720640" percent="99" regionsoverflowed="0" regionsstable="18" regionsrebuilding="0"/>
  </mem-info>
</gc-start>
<allocation-stats totalBytes="23956800" >
  <allocated-bytes non-tlh="0" tlh="23956800" arrayletleaf="0"/>
  <largest-consumer threadName="main" threadId="00000000020B9700" bytes="23956800" />
</allocation-stats>
<gc-op id="3404" type="copy forward" timems="0.869" contextid="3401" timestamp="2019-07-07T05:34:50.061">
  <memory-copied type="eden" objects="0" bytes="0" bytesdiscarded="0" />
  <memory-copied type="other" objects="87" bytes="6304" bytesdiscarded="0" />
  <memory-cardclean objects="128" bytes="4216" />
  <regions eden="23" other="5" />
  <remembered-set-cleared processed="48" cleared="2" durationms="0.092" />
  <stringconstants candidates="13319" cleared="0"  />
</gc-op>
<gc-op id="3405" type="classunload" timems="0.003" contextid="3401" timestamp="2019-07-07T05:34:50.061">
  <classunload-info classloadercandidates="53" classloadersunloaded="0" classesunloaded="0" anonymousclassesunloaded="0" quiescems="0.000" setupms="0.003" scanms="0.000" postms="0.000" />
</gc-op>
<heap-resize id="3406" type="contract" space="default" amount="4194304" count="1" timems="0.147" reason="excess free space following gc" timestamp="2019-07-07T05:34:50.061" />
<gc-end id="3407" type="partial gc" contextid="3401" durationms="2.323" usertimems="4.000" systemtimems="0.000" timestamp="2019-07-07T05:34:50.061" activeThreads="1">
  <mem-info id="3408" free="40894464" total="63963136" percent="63">
    <remembered-set count="1984" freebytes="2712704" totalbytes="2720640" percent="99" regionsoverflowed="0" regionsstable="18" regionsrebuilding="0"/>
  </mem-info>
</gc-end>
<cycle-end id="3409" type="partial gc" contextid="3401" timestamp="2019-07-07T05:34:50.062" />
  <attribute name="elasticGC enabled" value="1" />
  <attribute name= "numThreadsSpecified" value="1" />
  <attribute name="heapSize specified" value="0" />
  <attribute name="Current GC Util" value="64" />
  <attribute name= "Current Time Running" value="19587" />
  <attribute name ="GC Interval" value="0" />
  <attribute name="ProportionalT" value="22.000000" />
  <attribute name="ProportionalI" value="22.000000" />
  <attribute name="ProportionalH" value="22.000000" />
  <attribute name="Current Error" value="44.000000" />
  <attribute name="IntegralT" value="0.000000" />
  <attribute name="IntegralI" value="0.000000" />
  <attribute name="IntegralH" value="0.000000" />
  <attribute name="DerivativeT" value="inf" />
  <attribute name="DerivativeI" value="inf" />
  <attribute name="DerivativeH" value="inf" />
  <attribute name="Loop Time for DT" value="0.000000" />
  <attribute name="Output H" value="8388608"/>
  <attribute name="Output I" value="200"/>
  <attribute name="Output T" value="1"/>
  <attribute name="Target GC Util Change" value ="20.000000" />
  <attribute name="Current GC Util Change" value="64.000000"/>
  <attribute name="GC Util currently" value="64" />
  <attribute name="CPU Util currently" value="19174133859959" />
<exclusive-end id="3410" timestamp="2019-07-07T05:34:50.062" durationms="3.382" />

<exclusive-start id="3411" timestamp="2019-07-07T05:34:50.069" intervalms="10.564">
  <response-info timems="0.057" idlems="0.057" threads="0" lastid="00000000020B9700" lastname="main" />
</exclusive-start>
<allocation-taxation id="3412" taxation-threshold="23068672" timestamp="2019-07-07T05:34:50.069" intervalms="10.598" />
<cycle-start id="3413" type="partial gc" contextid="0" timestamp="2019-07-07T05:34:50.069" intervalms="10.612" />
<gc-start id="3414" type="partial gc" contextid="3413" timestamp="2019-07-07T05:34:50.070">
  <mem-info id="3415" free="17825792" total="63963136" percent="27">
    <mem type="eden" free="0" total="23068672" percent="0" />
    <remembered-set count="1536" freebytes="2714496" totalbytes="2720640" percent="99" regionsoverflowed="0" regionsstable="18" regionsrebuilding="0"/>
  </mem-info>
</gc-start>
<allocation-stats totalBytes="22915200" >
  <allocated-bytes non-tlh="0" tlh="22915200" arrayletleaf="0"/>
  <largest-consumer threadName="main" threadId="00000000020B9700" bytes="22915200" />
</allocation-stats>
<gc-op id="3416" type="copy forward" timems="1.581" contextid="3413" timestamp="2019-07-07T05:34:50.072">
  <memory-copied type="eden" objects="0" bytes="0" bytesdiscarded="0" />
  <memory-copied type="other" objects="1275" bytes="52432" bytesdiscarded="4344" />
  <memory-cardclean objects="278" bytes="14088" />
  <regions eden="22" other="1" />
  <remembered-set-cleared processed="24" cleared="11" durationms="0.101" />
  <references type="soft" candidates="8" cleared="0" enqueued="0" dynamicThreshold="20" maxThreshold="32" />
  <references type="weak" candidates="13" cleared="0" enqueued="0" />
  <stringconstants candidates="13319" cleared="0"  />
</gc-op>
<gc-op id="3417" type="classunload" timems="0.004" contextid="3413" timestamp="2019-07-07T05:34:50.072">
  <classunload-info classloadercandidates="53" classloadersunloaded="0" classesunloaded="0" anonymousclassesunloaded="0" quiescems="0.000" setupms="0.004" scanms="0.000" postms="0.000" />
</gc-op>
<heap-resize id="3418" type="contract" space="default" amount="4194304" count="1" timems="0.139" reason="excess free space following gc" timestamp="2019-07-07T05:34:50.073" />
<gc-end id="3419" type="partial gc" contextid="3413" durationms="3.142" usertimems="4.000" systemtimems="0.000" timestamp="2019-07-07T05:34:50.073" activeThreads="4">
  <mem-info id="3420" free="37748736" total="59768832" percent="63">
    <remembered-set count="2080" freebytes="2544896" totalbytes="2553216" percent="99" regionsoverflowed="0" regionsstable="18" regionsrebuilding="0"/>
  </mem-info>
</gc-end>
<cycle-end id="3421" type="partial gc" contextid="3413" timestamp="2019-07-07T05:34:50.073" />
  <attribute name="elasticGC enabled" value="1" />
  <attribute name= "numThreadsSpecified" value="4" />
  <attribute name="heapSize specified" value="0" />
  <attribute name="Current GC Util" value="41" />
  <attribute name= "Current Time Running" value="19598" />
  <attribute name ="GC Interval" value="0" />
  <attribute name="ProportionalT" value="10.500000" />
  <attribute name="ProportionalI" value="10.500000" />
  <attribute name="ProportionalH" value="10.500000" />
  <attribute name="Current Error" value="21.000000" />
  <attribute name="IntegralT" value="10.500000" />
  <attribute name="IntegralI" value="10.500000" />
  <attribute name="IntegralH" value="10.500000" />
  <attribute name="DerivativeT" value="21.000000" />
  <attribute name="DerivativeI" value="21.000000" />
  <attribute name="DerivativeH" value="21.000000" />
  <attribute name="Loop Time for DT" value="1.000000" />
  <attribute name="Output H" value="8388608"/>
  <attribute name="Output I" value="200"/>
  <attribute name="Output T" value="4"/>
  <attribute name="Target GC Util Change" value ="20.000000" />
  <attribute name="Current GC Util Change" value="41.000000"/>
  <attribute name="GC Util currently" value="41" />
  <attribute name="CPU Util currently" value="10176637993441" />
<exclusive-end id="3422" timestamp="2019-07-07T05:34:50.073" durationms="4.312" />

<exclusive-start id="3423" timestamp="2019-07-07T05:34:50.080" intervalms="11.183">
  <response-info timems="0.057" idlems="0.057" threads="0" lastid="00000000020B9700" lastname="main" />
</exclusive-start>
<allocation-taxation id="3424" taxation-threshold="22020096" timestamp="2019-07-07T05:34:50.080" intervalms="11.172" />
<cycle-start id="3425" type="partial gc" contextid="0" timestamp="2019-07-07T05:34:50.081" intervalms="11.167" />
<gc-start id="3426" type="partial gc" contextid="3425" timestamp="2019-07-07T05:34:50.081">
  <mem-info id="3427" free="15728640" total="59768832" percent="26">
    <mem type="eden" free="0" total="22020096" percent="0" />
    <remembered-set count="1600" freebytes="2546816" totalbytes="2553216" percent="99" regionsoverflowed="0" regionsstable="18" regionsrebuilding="0"/>
  </mem-info>
</gc-start>
<allocation-stats totalBytes="21880656" >
  <allocated-bytes non-tlh="0" tlh="21880656" arrayletleaf="0"/>
  <largest-consumer threadName="main" threadId="00000000020B9700" bytes="21880656" />
</allocation-stats>
<gc-op id="3428" type="copy forward" timems="0.815" contextid="3425" timestamp="2019-07-07T05:34:50.083">
  <memory-copied type="eden" objects="1" bytes="24" bytesdiscarded="0" />
  <memory-copied type="other" objects="0" bytes="0" bytesdiscarded="0" />
  <memory-cardclean objects="10" bytes="424" />
  <regions eden="21" other="0" />
  <remembered-set-cleared processed="60" cleared="0" durationms="0.093" />
  <stringconstants candidates="13319" cleared="0"  />
</gc-op>
<gc-op id="3429" type="classunload" timems="0.004" contextid="3425" timestamp="2019-07-07T05:34:50.083">
  <classunload-info classloadercandidates="53" classloadersunloaded="0" classesunloaded="0" anonymousclassesunloaded="0" quiescems="0.000" setupms="0.004" scanms="0.000" postms="0.000" />
</gc-op>
<gc-end id="3430" type="partial gc" contextid="3425" durationms="2.185" usertimems="0.000" systemtimems="4.000" timestamp="2019-07-07T05:34:50.083" activeThreads="1">
  <mem-info id="3431" free="36700160" total="59768832" percent="61">
    <mem type="eden" free="1048552" total="1048576" percent="99" />
    <remembered-set count="832" freebytes="2382464" totalbytes="2385792" percent="99" regionsoverflowed="0" regionsstable="18" regionsrebuilding="0"/>
  </mem-info>
</gc-end>
<cycle-end id="3432" type="partial gc" contextid="3425" timestamp="2019-07-07T05:34:50.083" />
  <attribute name="elasticGC enabled" value="1" />
  <attribute name= "numThreadsSpecified" value="1" />
  <attribute name="heapSize specified" value="0" />
  <attribute name="Current GC Util" value="40" />
  <attribute name= "Current Time Running" value="19609" />
  <attribute name ="GC Interval" value="0" />
  <attribute name="ProportionalT" value="10.000000" />
  <attribute name="ProportionalI" value="10.000000" />
  <attribute name="ProportionalH" value="10.000000" />
  <attribute name="Current Error" value="20.000000" />
  <attribute name="IntegralT" value="0.000000" />
  <attribute name="IntegralI" value="0.000000" />
  <attribute name="IntegralH" value="0.000000" />
  <attribute name="DerivativeT" value="inf" />
  <attribute name="DerivativeI" value="inf" />
  <attribute name="DerivativeH" value="inf" />
  <attribute name="Loop Time for DT" value="0.000000" />
  <attribute name="Output H" value="8388608"/>
  <attribute name="Output I" value="200"/>
  <attribute name="Output T" value="1"/>
  <attribute name="Target GC Util Change" value ="20.000000" />
  <attribute name="Current GC Util Change" value="40.000000"/>
  <attribute name="GC Util currently" value="40" />
  <attribute name="CPU Util currently" value="10848396692817" />
<exclusive-end id="3433" timestamp="2019-07-07T05:34:50.084" durationms="3.343" />

<exclusive-start id="3434" timestamp="2019-07-07T05:34:50.087" intervalms="6.712">
  <response-info timems="0.077" idlems="0.077" threads="0" lastid="00000000020B9700" lastname="main" />
</exclusive-start>
<allocation-taxation id="3435" taxation-threshold="10485760" timestamp="2019-07-07T05:34:50.087" intervalms="6.707" />
<cycle-start id="3436" type="global mark phase" contextid="0" timestamp="2019-07-07T05:34:50.087" intervalms="201.558" />
<gc-start id="3437" type="global mark phase" contextid="3436" timestamp="2019-07-07T05:34:50.088">
  <mem-info id="3438" free="26214400" total="59768832" percent="43">
    <remembered-set count="352" freebytes="2384384" totalbytes="2385792" percent="99" regionsoverflowed="0" regionsstable="18" regionsrebuilding="0"/>
  </mem-info>
</gc-start>
<gc-op id="3439" type="mark increment" timems="4.977" contextid="3436" timestamp="2019-07-07T05:34:50.093">
  <trace-info objectcount="352340" scancount="298014" scanbytes="7927180" />
</gc-op>
<gc-end id="3440" type="global mark phase" contextid="3436" durationms="5.300" usertimems="16.000" systemtimems="0.000" timestamp="2019-07-07T05:34:50.093" activeThreads="4">
  <mem-info id="3441" free="26214400" total="59768832" percent="43">
    <remembered-set count="75616" freebytes="2083328" totalbytes="2385792" percent="87" regionsoverflowed="0" regionsstable="0" regionsrebuilding="18"/>
  </mem-info>
</gc-end>
<concurrent-start id="3442" type="GMP work packet processing" contextid="3436" timestamp="2019-07-07T05:34:50.093">
  <concurrent-mark-start scanTarget="1784087" />
</concurrent-start>
<exclusive-end id="3443" timestamp="2019-07-07T05:34:50.094" durationms="7.208" />

<concurrent-end id="3444" type="GMP work packet processing" contextid="3436" timestamp="2019-07-07T05:34:50.094">
  <concurrent-mark-end bytesScanned="1835860" reasonForTermination="Work target met" />
</concurrent-end>

<exclusive-start id="3445" timestamp="2019-07-07T05:34:50.098" intervalms="10.641">
  <response-info timems="0.071" idlems="0.071" threads="0" lastid="00000000020B9700" lastname="main" />
</exclusive-start>
<allocation-taxation id="3446" taxation-threshold="10485760" timestamp="2019-07-07T05:34:50.098" intervalms="10.608" />
<cycle-start id="3447" type="partial gc" contextid="0" timestamp="2019-07-07T05:34:50.098" intervalms="17.301" />
<gc-start id="3448" type="partial gc" contextid="3447" timestamp="2019-07-07T05:34:50.098">
  <mem-info id="3449" free="15728640" total="59768832" percent="26">
    <mem type="eden" free="1048552" total="22020096" percent="4" />
    <remembered-set count="101120" freebytes="1981312" totalbytes="2385792" percent="83" regionsoverflowed="0" regionsstable="0" regionsrebuilding="18"/>
  </mem-info>
</gc-start>
<allocation-stats totalBytes="20840064" >
  <allocated-bytes non-tlh="0" tlh="20840064" arrayletleaf="0"/>
  <largest-consumer threadName="main" threadId="00000000020B9700" bytes="10420032" />
</allocation-stats>
<gc-op id="3450" type="copy forward" timems="1.601" contextid="3447" timestamp="2019-07-07T05:34:50.101">
  <memory-copied type="eden" objects="1" bytes="24" bytesdiscarded="0" />
  <memory-copied type="other" objects="0" bytes="0" bytesdiscarded="0" />
  <memory-cardclean objects="10" bytes="424" />
  <regions eden="20" other="1" />
  <remembered-set-cleared processed="98979" cleared="17" durationms="0.652" />
  <stringconstants candidates="13319" cleared="0"  />
</gc-op>
<gc-op id="3451" type="classunload" timems="0.004" contextid="3447" timestamp="2019-07-07T05:34:50.101">
  <classunload-info classloadercandidates="53" classloadersunloaded="0" classesunloaded="0" anonymousclassesunloaded="0" quiescems="0.000" setupms="0.004" scanms="0.000" postms="0.000" />
</gc-op>
<gc-end id="3452" type="partial gc" contextid="3447" durationms="2.758" usertimems="0.000" systemtimems="4.000" timestamp="2019-07-07T05:34:50.101" activeThreads="1">
  <mem-info id="3453" free="36700160" total="59768832" percent="61">
    <mem type="eden" free="1048552" total="1048576" percent="99" />
    <remembered-set count="101600" freebytes="1979392" totalbytes="2385792" percent="82" regionsoverflowed="0" regionsstable="0" regionsrebuilding="18"/>
  </mem-info>
</gc-end>
<cycle-end id="3454" type="partial gc" contextid="3447" timestamp="2019-07-07T05:34:50.101" />
  <attribute name="elasticGC enabled" value="1" />
  <attribute name= "numThreadsSpecified" value="1" />
  <attribute name="heapSize specified" value="0" />
  <attribute name="Current GC Util" value="54" />
  <attribute name= "Current Time Running" value="19626" />
  <attribute name ="GC Interval" value="0" />
  <attribute name="ProportionalT" value="17.000000" />
  <attribute name="ProportionalI" value="17.000000" />
  <attribute name="ProportionalH" value="17.000000" />
  <attribute name="Current Error" value="34.000000" />
  <attribute name="IntegralT" value="0.000000" />
  <attribute name="IntegralI" value="0.000000" />
  <attribute name="IntegralH" value="0.000000" />
  <attribute name="DerivativeT" value="inf" />
  <attribute name="DerivativeI" value="inf" />
  <attribute name="DerivativeH" value="inf" />
  <attribute name="Loop Time for DT" value="0.000000" />
  <attribute name="Output H" value="8388608"/>
  <attribute name="Output I" value="200"/>
  <attribute name="Output T" value="1"/>
  <attribute name="Target GC Util Change" value ="20.000000" />
  <attribute name="Current GC Util Change" value="54.000000"/>
  <attribute name="GC Util currently" value="54" />
  <attribute name="CPU Util currently" value="20512974845197" />
<exclusive-end id="3455" timestamp="2019-07-07T05:34:50.101" durationms="3.913" />

<exclusive-start id="3456" timestamp="2019-07-07T05:34:50.105" intervalms="7.356">
  <response-info timems="0.075" idlems="0.075" threads="0" lastid="00000000020B9700" lastname="main" />
</exclusive-start>
<allocation-taxation id="3457" taxation-threshold="10485760" timestamp="2019-07-07T05:34:50.105" intervalms="7.387" />
<gc-start id="3458" type="global mark phase" contextid="3436" timestamp="2019-07-07T05:34:50.105">
  <mem-info id="3459" free="26214400" total="59768832" percent="43">
    <remembered-set count="101120" freebytes="1981312" totalbytes="2385792" percent="83" regionsoverflowed="0" regionsstable="0" regionsrebuilding="18"/>
  </mem-info>
</gc-start>
<gc-end id="3460" type="global mark phase" contextid="3436" durationms="0.197" usertimems="0.000" systemtimems="0.000" timestamp="2019-07-07T05:34:50.106" activeThreads="1">
  <mem-info id="3461" free="26214400" total="59768832" percent="43">
    <remembered-set count="101120" freebytes="1981312" totalbytes="2385792" percent="83" regionsoverflowed="0" regionsstable="0" regionsrebuilding="18"/>
  </mem-info>
</gc-end>
<concurrent-start id="3462" type="GMP work packet processing" contextid="3436" timestamp="2019-07-07T05:34:50.106">
  <concurrent-mark-start scanTarget="1048576" />
</concurrent-start>
<exclusive-end id="3463" timestamp="2019-07-07T05:34:50.106" durationms="1.553" />

<concurrent-end id="3464" type="GMP work packet processing" contextid="3436" timestamp="2019-07-07T05:34:50.107">
  <concurrent-mark-end bytesScanned="1110548" reasonForTermination="Work target met" />
</concurrent-end>

<exclusive-start id="3465" timestamp="2019-07-07T05:34:50.110" intervalms="4.933">
  <response-info timems="0.069" idlems="0.069" threads="0" lastid="00000000020B9700" lastname="main" />
</exclusive-start>
<allocation-taxation id="3466" taxation-threshold="10485760" timestamp="2019-07-07T05:34:50.110" intervalms="4.930" />
<cycle-start id="3467" type="partial gc" contextid="0" timestamp="2019-07-07T05:34:50.110" intervalms="12.239" />
<gc-start id="3468" type="partial gc" contextid="3467" timestamp="2019-07-07T05:34:50.110">
  <mem-info id="3469" free="15728640" total="59768832" percent="26">
    <mem type="eden" free="1048552" total="22020096" percent="4" />
    <remembered-set count="112192" freebytes="1937024" totalbytes="2385792" percent="81" regionsoverflowed="0" regionsstable="0" regionsrebuilding="18"/>
  </mem-info>
</gc-start>
<allocation-stats totalBytes="20840064" >
  <allocated-bytes non-tlh="0" tlh="20840064" arrayletleaf="0"/>
  <largest-consumer threadName="main" threadId="00000000020B9700" bytes="10420032" />
</allocation-stats>
<gc-op id="3470" type="copy forward" timems="1.591" contextid="3467" timestamp="2019-07-07T05:34:50.113">
  <memory-copied type="eden" objects="1" bytes="24" bytesdiscarded="0" />
  <memory-copied type="other" objects="0" bytes="0" bytesdiscarded="0" />
  <memory-cardclean objects="10" bytes="424" />
  <regions eden="20" other="1" />
  <remembered-set-cleared processed="110063" cleared="7" durationms="0.688" />
  <stringconstants candidates="13319" cleared="0"  />
</gc-op>
<gc-op id="3471" type="classunload" timems="0.004" contextid="3467" timestamp="2019-07-07T05:34:50.113">
  <classunload-info classloadercandidates="53" classloadersunloaded="0" classesunloaded="0" anonymousclassesunloaded="0" quiescems="0.000" setupms="0.003" scanms="0.000" postms="0.000" />
</gc-op>
<gc-end id="3472" type="partial gc" contextid="3467" durationms="2.747" usertimems="0.000" systemtimems="4.000" timestamp="2019-07-07T05:34:50.113" activeThreads="1">
  <mem-info id="3473" free="36700160" total="59768832" percent="61">
    <mem type="eden" free="1048552" total="1048576" percent="99" />
    <remembered-set count="112672" freebytes="1935104" totalbytes="2385792" percent="81" regionsoverflowed="0" regionsstable="0" regionsrebuilding="18"/>
  </mem-info>
</gc-end>
<cycle-end id="3474" type="partial gc" contextid="3467" timestamp="2019-07-07T05:34:50.113" />
  <attribute name="elasticGC enabled" value="1" />
  <attribute name= "numThreadsSpecified" value="1" />
  <attribute name="heapSize specified" value="0" />
  <attribute name="Current GC Util" value="60" />
  <attribute name= "Current Time Running" value="19638" />
  <attribute name ="GC Interval" value="0" />
  <attribute name="ProportionalT" value="20.000000" />
  <attribute name="ProportionalI" value="20.000000" />
  <attribute name="ProportionalH" value="20.000000" />
  <attribute name="Current Error" value="40.000000" />
  <attribute name="IntegralT" value="0.000000" />
  <attribute name="IntegralI" value="0.000000" />
  <attribute name="IntegralH" value="0.000000" />
  <attribute name="DerivativeT" value="inf" />
  <attribute name="DerivativeI" value="inf" />
  <attribute name="DerivativeH" value="inf" />
  <attribute name="Loop Time for DT" value="0.000000" />
  <attribute name="Output H" value="8388608"/>
  <attribute name="Output I" value="200"/>
  <attribute name="Output T" value="1"/>
  <attribute name="Target GC Util Change" value ="20.000000" />
  <attribute name="Current GC Util Change" value="60.000000"/>
  <attribute name="GC Util currently" value="60" />
  <attribute name="CPU Util currently" value="21363750393251" />
<exclusive-end id="3475" timestamp="2019-07-07T05:34:50.114" durationms="3.780" />

<exclusive-start id="3476" timestamp="2019-07-07T05:34:50.117" intervalms="7.223">
  <response-info timems="0.072" idlems="0.072" threads="0" lastid="00000000020B9700" lastname="main" />
</exclusive-start>
<allocation-taxation id="3477" taxation-threshold="10485760" timestamp="2019-07-07T05:34:50.117" intervalms="7.185" />
<gc-start id="3478" type="global mark phase" contextid="3436" timestamp="2019-07-07T05:34:50.117">
  <mem-info id="3479" free="26214400" total="59768832" percent="43">
    <remembered-set count="112192" freebytes="1937024" totalbytes="2385792" percent="81" regionsoverflowed="0" regionsstable="0" regionsrebuilding="18"/>
  </mem-info>
</gc-start>
<gc-end id="3480" type="global mark phase" contextid="3436" durationms="0.203" usertimems="0.000" systemtimems="0.000" timestamp="2019-07-07T05:34:50.118" activeThreads="1">
  <mem-info id="3481" free="26214400" total="59768832" percent="43">
    <remembered-set count="112192" freebytes="1937024" totalbytes="2385792" percent="81" regionsoverflowed="0" regionsstable="0" regionsrebuilding="18"/>
  </mem-info>
</gc-end>
<concurrent-start id="3482" type="GMP work packet processing" contextid="3436" timestamp="2019-07-07T05:34:50.118">
  <concurrent-mark-start scanTarget="1048576" />
</concurrent-start>
<concurrent-end id="3483" type="GMP work packet processing" contextid="3436" timestamp="2019-07-07T05:34:50.119">
  <concurrent-mark-end bytesScanned="1093024" reasonForTermination="Work target met" />
</concurrent-end>

<exclusive-end id="3484" timestamp="2019-07-07T05:34:50.119" durationms="1.520" />

<exclusive-start id="3485" timestamp="2019-07-07T05:34:50.122" intervalms="5.030">
  <response-info timems="0.069" idlems="0.069" threads="0" lastid="00000000020B9700" lastname="main" />
</exclusive-start>
<allocation-taxation id="3486" taxation-threshold="10485760" timestamp="2019-07-07T05:34:50.122" intervalms="5.072" />
<cycle-start id="3487" type="partial gc" contextid="0" timestamp="2019-07-07T05:34:50.122" intervalms="12.274" />
<gc-start id="3488" type="partial gc" contextid="3487" timestamp="2019-07-07T05:34:50.123">
  <mem-info id="3489" free="15728640" total="59768832" percent="26">
    <mem type="eden" free="1048552" total="22020096" percent="4" />
    <remembered-set count="122464" freebytes="1895936" totalbytes="2385792" percent="79" regionsoverflowed="0" regionsstable="0" regionsrebuilding="18"/>
  </mem-info>
</gc-start>
<allocation-stats totalBytes="20840064" >
  <allocated-bytes non-tlh="0" tlh="20840064" arrayletleaf="0"/>
  <largest-consumer threadName="main" threadId="00000000020B9700" bytes="10420032" />
</allocation-stats>
<gc-op id="3490" type="copy forward" timems="1.865" contextid="3487" timestamp="2019-07-07T05:34:50.125">
  <memory-copied type="eden" objects="1" bytes="24" bytesdiscarded="0" />
  <memory-copied type="other" objects="0" bytes="0" bytesdiscarded="0" />
  <memory-cardclean objects="10" bytes="424" />
  <regions eden="20" other="1" />
  <remembered-set-cleared processed="120114" cleared="7" durationms="0.457" />
  <stringconstants candidates="13319" cleared="0"  />
</gc-op>
<gc-op id="3491" type="classunload" timems="0.003" contextid="3487" timestamp="2019-07-07T05:34:50.125">
  <classunload-info classloadercandidates="53" classloadersunloaded="0" classesunloaded="0" anonymousclassesunloaded="0" quiescems="0.000" setupms="0.003" scanms="0.000" postms="0.000" />
</gc-op>
<gc-end id="3492" type="partial gc" contextid="3487" durationms="3.000" usertimems="4.000" systemtimems="0.000" timestamp="2019-07-07T05:34:50.126" activeThreads="4">
  <mem-info id="3493" free="36700160" total="59768832" percent="61">
    <mem type="eden" free="1048552" total="1048576" percent="99" />
    <remembered-set count="121984" freebytes="1897856" totalbytes="2385792" percent="79" regionsoverflowed="0" regionsstable="0" regionsrebuilding="18"/>
  </mem-info>
</gc-end>
<cycle-end id="3494" type="partial gc" contextid="3487" timestamp="2019-07-07T05:34:50.126" />
  <attribute name="elasticGC enabled" value="1" />
  <attribute name= "numThreadsSpecified" value="4" />
  <attribute name="heapSize specified" value="0" />
  <attribute name="Current GC Util" value="58" />
  <attribute name= "Current Time Running" value="19651" />
  <attribute name ="GC Interval" value="0" />
  <attribute name="ProportionalT" value="19.000000" />
  <attribute name="ProportionalI" value="19.000000" />
  <attribute name="ProportionalH" value="19.000000" />
  <attribute name="Current Error" value="38.000000" />
  <attribute name="IntegralT" value="19.000000" />
  <attribute name="IntegralI" value="19.000000" />
  <attribute name="IntegralH" value="19.000000" />
  <attribute name="DerivativeT" value="29.000000" />
  <attribute name="DerivativeI" value="29.000000" />
  <attribute name="DerivativeH" value="29.000000" />
  <attribute name="Loop Time for DT" value="1.000000" />
  <attribute name="Output H" value="8388608"/>
  <attribute name="Output I" value="200"/>
  <attribute name="Output T" value="4"/>
  <attribute name="Target GC Util Change" value ="20.000000" />
  <attribute name="Current GC Util Change" value="58.000000"/>
  <attribute name="GC Util currently" value="58" />
  <attribute name="CPU Util currently" value="20643732501920" />
<exclusive-end id="3495" timestamp="2019-07-07T05:34:50.126" durationms="3.886" />

<exclusive-start id="3496" timestamp="2019-07-07T05:34:50.129" intervalms="7.280">
  <response-info timems="0.073" idlems="0.073" threads="0" lastid="00000000020B9700" lastname="main" />
</exclusive-start>
<allocation-taxation id="3497" taxation-threshold="10485760" timestamp="2019-07-07T05:34:50.130" intervalms="7.291" />
<gc-start id="3498" type="global mark phase" contextid="3436" timestamp="2019-07-07T05:34:50.130">
  <mem-info id="3499" free="26214400" total="59768832" percent="43">
    <remembered-set count="121504" freebytes="1899776" totalbytes="2385792" percent="79" regionsoverflowed="0" regionsstable="0" regionsrebuilding="18"/>
  </mem-info>
</gc-start>
<gc-end id="3500" type="global mark phase" contextid="3436" durationms="0.163" usertimems="0.000" systemtimems="0.000" timestamp="2019-07-07T05:34:50.130" activeThreads="4">
  <mem-info id="3501" free="26214400" total="59768832" percent="43">
    <remembered-set count="121504" freebytes="1899776" totalbytes="2385792" percent="79" regionsoverflowed="0" regionsstable="0" regionsrebuilding="18"/>
  </mem-info>
</gc-end>
<concurrent-start id="3502" type="GMP work packet processing" contextid="3436" timestamp="2019-07-07T05:34:50.130">
  <concurrent-mark-start scanTarget="1784087" />
</concurrent-start>
<exclusive-end id="3503" timestamp="2019-07-07T05:34:50.130" durationms="0.890" />

<concurrent-end id="3504" type="GMP work packet processing" contextid="3436" timestamp="2019-07-07T05:34:50.131">
  <concurrent-mark-end bytesScanned="1363584" reasonForTermination="Completed all work in GC phase" />
</concurrent-end>

<exclusive-start id="3505" timestamp="2019-07-07T05:34:50.134" intervalms="4.807">
  <response-info timems="0.060" idlems="0.060" threads="0" lastid="00000000020B9700" lastname="main" />
</exclusive-start>
<allocation-taxation id="3506" taxation-threshold="10485760" timestamp="2019-07-07T05:34:50.134" intervalms="4.783" />
<cycle-start id="3507" type="partial gc" contextid="0" timestamp="2019-07-07T05:34:50.135" intervalms="12.094" />
<gc-start id="3508" type="partial gc" contextid="3507" timestamp="2019-07-07T05:34:50.135">
  <mem-info id="3509" free="15728640" total="59768832" percent="26">
    <mem type="eden" free="1048552" total="22020096" percent="4" />
    <remembered-set count="135360" freebytes="1844352" totalbytes="2385792" percent="77" regionsoverflowed="0" regionsstable="0" regionsrebuilding="18"/>
  </mem-info>
</gc-start>
<allocation-stats totalBytes="20840064" >
  <allocated-bytes non-tlh="0" tlh="20840064" arrayletleaf="0"/>
  <largest-consumer threadName="main" threadId="00000000020B9700" bytes="10420032" />
</allocation-stats>
<gc-op id="3510" type="copy forward" timems="2.029" contextid="3507" timestamp="2019-07-07T05:34:50.138">
  <memory-copied type="eden" objects="1" bytes="24" bytesdiscarded="0" />
  <memory-copied type="other" objects="0" bytes="0" bytesdiscarded="0" />
  <memory-cardclean objects="10" bytes="424" />
  <regions eden="20" other="1" />
  <remembered-set-cleared processed="132560" cleared="7" durationms="0.477" />
  <stringconstants candidates="13319" cleared="0"  />
</gc-op>
<gc-op id="3511" type="classunload" timems="0.004" contextid="3507" timestamp="2019-07-07T05:34:50.138">
  <classunload-info classloadercandidates="53" classloadersunloaded="0" classesunloaded="0" anonymousclassesunloaded="0" quiescems="0.000" setupms="0.004" scanms="0.000" postms="0.000" />
</gc-op>
<gc-end id="3512" type="partial gc" contextid="3507" durationms="3.111" usertimems="4.000" systemtimems="0.000" timestamp="2019-07-07T05:34:50.138" activeThreads="4">
  <mem-info id="3513" free="36700160" total="59768832" percent="61">
    <mem type="eden" free="1048552" total="1048576" percent="99" />
    <remembered-set count="134400" freebytes="1848192" totalbytes="2385792" percent="77" regionsoverflowed="0" regionsstable="0" regionsrebuilding="18"/>
  </mem-info>
</gc-end>
<cycle-end id="3514" type="partial gc" contextid="3507" timestamp="2019-07-07T05:34:50.138" />
  <attribute name="elasticGC enabled" value="1" />
  <attribute name= "numThreadsSpecified" value="4" />
  <attribute name="heapSize specified" value="0" />
  <attribute name="Current GC Util" value="57" />
  <attribute name= "Current Time Running" value="19663" />
  <attribute name ="GC Interval" value="0" />
  <attribute name="ProportionalT" value="18.500000" />
  <attribute name="ProportionalI" value="18.500000" />
  <attribute name="ProportionalH" value="18.500000" />
  <attribute name="Current Error" value="37.000000" />
  <attribute name="IntegralT" value="18.500000" />
  <attribute name="IntegralI" value="18.500000" />
  <attribute name="IntegralH" value="18.500000" />
  <attribute name="DerivativeT" value="20.000000" />
  <attribute name="DerivativeI" value="20.000000" />
  <attribute name="DerivativeH" value="20.000000" />
  <attribute name="Loop Time for DT" value="1.000000" />
  <attribute name="Output H" value="8388608"/>
  <attribute name="Output I" value="200"/>
  <attribute name="Output T" value="4"/>
  <attribute name="Target GC Util Change" value ="20.000000" />
  <attribute name="Current GC Util Change" value="57.000000"/>
  <attribute name="GC Util currently" value="57" />
  <attribute name="CPU Util currently" value="20430821888764" />
<exclusive-end id="3515" timestamp="2019-07-07T05:34:50.138" durationms="4.082" />

<exclusive-start id="3516" timestamp="2019-07-07T05:34:50.142" intervalms="7.473">
  <response-info timems="0.076" idlems="0.076" threads="0" lastid="00000000020B9700" lastname="main" />
</exclusive-start>
<allocation-taxation id="3517" taxation-threshold="10485760" timestamp="2019-07-07T05:34:50.142" intervalms="7.443" />
<gc-start id="3518" type="global mark phase" contextid="3436" timestamp="2019-07-07T05:34:50.142">
  <mem-info id="3519" free="26214400" total="59768832" percent="43">
    <remembered-set count="133952" freebytes="1849984" totalbytes="2385792" percent="77" regionsoverflowed="0" regionsstable="0" regionsrebuilding="18"/>
  </mem-info>
</gc-start>
<gc-op id="3520" type="mark increment" timems="1.201" contextid="3436" timestamp="2019-07-07T05:34:50.143">
  <trace-info objectcount="1" scancount="1" scanbytes="24" />
  <cardclean-info objects="11" bytes="448" />
  <finalization candidates="79" enqueued="0" />
  <ownableSynchronizers candidates="23" cleared="0" />
  <references type="soft" candidates="2128" cleared="0" enqueued="0" dynamicThreshold="19" maxThreshold="32" />
  <references type="weak" candidates="5672" cleared="0" enqueued="0" />
  <references type="phantom" candidates="101" cleared="0" enqueued="0" />
  <stringconstants candidates="13319" cleared="0"  />
</gc-op>
<gc-op id="3521" type="classunload" timems="0.004" contextid="3436" timestamp="2019-07-07T05:34:50.143">
  <classunload-info classloadercandidates="53" classloadersunloaded="0" classesunloaded="0" anonymousclassesunloaded="0" quiescems="0.000" setupms="0.004" scanms="0.000" postms="0.000" />
</gc-op>
<gc-end id="3522" type="global mark phase" contextid="3436" durationms="1.599" usertimems="0.000" systemtimems="4.000" timestamp="2019-07-07T05:34:50.144" activeThreads="4">
  <mem-info id="3523" free="26214400" total="59768832" percent="43">
    <remembered-set count="136512" freebytes="1839744" totalbytes="2385792" percent="77" regionsoverflowed="0" regionsstable="0" regionsrebuilding="0"/>
  </mem-info>
</gc-end>
<cycle-end id="3524" type="global mark phase" contextid="3436" timestamp="2019-07-07T05:34:50.144" />
  <attribute name="elasticGC enabled" value="1" />
  <attribute name= "numThreadsSpecified" value="4" />
  <attribute name="heapSize specified" value="0" />
  <attribute name="Current GC Util" value="39" />
  <attribute name= "Current Time Running" value="19670" />
  <attribute name ="GC Interval" value="0" />
  <attribute name="ProportionalT" value="9.500000" />
  <attribute name="ProportionalI" value="9.500000" />
  <attribute name="ProportionalH" value="9.500000" />
  <attribute name="Current Error" value="19.000000" />
  <attribute name="IntegralT" value="0.000000" />
  <attribute name="IntegralI" value="0.000000" />
  <attribute name="IntegralH" value="0.000000" />
  <attribute name="DerivativeT" value="-inf" />
  <attribute name="DerivativeI" value="-inf" />
  <attribute name="DerivativeH" value="-inf" />
  <attribute name="Loop Time for DT" value="0.000000" />
  <attribute name="Output H" value="2091843584"/>
  <attribute name="Output I" value="200"/>
  <attribute name="Output T" value="4"/>
  <attribute name="Target GC Util Change" value ="20.000000" />
  <attribute name="Current GC Util Change" value="39.000000"/>
  <attribute name="GC Util currently" value="39" />
  <attribute name="CPU Util currently" value="21631101648998" />
<exclusive-end id="3525" timestamp="2019-07-07T05:34:50.144" durationms="2.148" />

<exclusive-start id="3526" timestamp="2019-07-07T05:34:50.147" intervalms="5.561">
  <response-info timems="0.079" idlems="0.079" threads="0" lastid="00000000020B9700" lastname="main" />
</exclusive-start>
<allocation-taxation id="3527" taxation-threshold="10485760" timestamp="2019-07-07T05:34:50.147" intervalms="5.564" />
<cycle-start id="3528" type="partial gc" contextid="0" timestamp="2019-07-07T05:34:50.148" intervalms="13.066" />
<gc-start id="3529" type="partial gc" contextid="3528" timestamp="2019-07-07T05:34:50.148">
  <mem-info id="3530" free="15728640" total="59768832" percent="26">
    <mem type="eden" free="1048552" total="22020096" percent="4" />
    <remembered-set count="88672" freebytes="2031104" totalbytes="2385792" percent="85" regionsoverflowed="0" regionsstable="13" regionsrebuilding="0"/>
  </mem-info>
</gc-start>
<allocation-stats totalBytes="20840064" >
  <allocated-bytes non-tlh="0" tlh="20840064" arrayletleaf="0"/>
  <largest-consumer threadName="main" threadId="00000000020B9700" bytes="10420032" />
</allocation-stats>
<gc-op id="3531" type="sweep" timems="0.706" contextid="3528" timestamp="2019-07-07T05:34:50.149" />
<gc-op id="3532" type="copy forward" timems="1.710" contextid="3528" timestamp="2019-07-07T05:34:50.151">
  <memory-copied type="eden" objects="1" bytes="24" bytesdiscarded="0" />
  <memory-copied type="other" objects="0" bytes="0" bytesdiscarded="0" />
  <memory-cardclean objects="10" bytes="424" />
  <regions eden="10" other="1" />
  <remembered-set-cleared processed="86935" cleared="5" durationms="0.442" />
  <stringconstants candidates="13319" cleared="0"  />
</gc-op>
<gc-op id="3533" type="classunload" timems="0.003" contextid="3528" timestamp="2019-07-07T05:34:50.151">
  <classunload-info classloadercandidates="53" classloadersunloaded="0" classesunloaded="0" anonymousclassesunloaded="0" quiescems="0.000" setupms="0.003" scanms="0.000" postms="0.000" />
</gc-op>
<gc-end id="3534" type="partial gc" contextid="3528" durationms="3.805" usertimems="4.000" systemtimems="0.000" timestamp="2019-07-07T05:34:50.152" activeThreads="4">
  <mem-info id="3535" free="36700160" total="59768832" percent="61">
    <mem type="eden" free="1048552" total="1048576" percent="99" />
    <remembered-set count="87936" freebytes="2034048" totalbytes="2385792" percent="85" regionsoverflowed="0" regionsstable="13" regionsrebuilding="0"/>
  </mem-info>
</gc-end>
<cycle-end id="3536" type="partial gc" contextid="3528" timestamp="2019-07-07T05:34:50.152" />
  <attribute name="elasticGC enabled" value="1" />
  <attribute name= "numThreadsSpecified" value="4" />
  <attribute name="heapSize specified" value="0" />
  <attribute name="Current GC Util" value="74" />
  <attribute name= "Current Time Running" value="19677" />
  <attribute name ="GC Interval" value="0" />
  <attribute name="ProportionalT" value="27.000000" />
  <attribute name="ProportionalI" value="27.000000" />
  <attribute name="ProportionalH" value="27.000000" />
  <attribute name="Current Error" value="54.000000" />
  <attribute name="IntegralT" value="27.000000" />
  <attribute name="IntegralI" value="27.000000" />
  <attribute name="IntegralH" value="27.000000" />
  <attribute name="DerivativeT" value="-3.000000" />
  <attribute name="DerivativeI" value="-3.000000" />
  <attribute name="DerivativeH" value="-3.000000" />
  <attribute name="Loop Time for DT" value="1.000000" />
  <attribute name="Output H" value="8388608"/>
  <attribute name="Output I" value="200"/>
  <attribute name="Output T" value="4"/>
  <attribute name="Target GC Util Change" value ="20.000000" />
  <attribute name="Current GC Util Change" value="74.000000"/>
  <attribute name="GC Util currently" value="74" />
  <attribute name="CPU Util currently" value="19638151274259" />
<exclusive-end id="3537" timestamp="2019-07-07T05:34:50.152" durationms="4.797" />

<exclusive-start id="3538" timestamp="2019-07-07T05:34:50.159" intervalms="11.648">
  <response-info timems="0.075" idlems="0.075" threads="0" lastid="00000000020B9700" lastname="main" />
</exclusive-start>
<allocation-taxation id="3539" taxation-threshold="22020096" timestamp="2019-07-07T05:34:50.159" intervalms="11.708" />
<cycle-start id="3540" type="partial gc" contextid="0" timestamp="2019-07-07T05:34:50.159" intervalms="11.696" />
<gc-start id="3541" type="partial gc" contextid="3540" timestamp="2019-07-07T05:34:50.160">
  <mem-info id="3542" free="14680064" total="59768832" percent="24">
    <mem type="eden" free="1048552" total="23068672" percent="4" />
    <remembered-set count="87456" freebytes="2035968" totalbytes="2385792" percent="85" regionsoverflowed="0" regionsstable="13" regionsrebuilding="0"/>
  </mem-info>
</gc-start>
<allocation-stats totalBytes="21882072" >
  <allocated-bytes non-tlh="0" tlh="21882072" arrayletleaf="0"/>
  <largest-consumer threadName="main" threadId="00000000020B9700" bytes="21882072" />
</allocation-stats>
<gc-op id="3543" type="copy forward" timems="4.602" contextid="3540" timestamp="2019-07-07T05:34:50.165">
  <memory-copied type="eden" objects="1" bytes="24" bytesdiscarded="0" />
  <memory-copied type="other" objects="32560" bytes="1014816" bytesdiscarded="0" />
  <memory-cardclean objects="7361" bytes="154864" />
  <regions eden="21" other="5" />
  <remembered-set-cleared processed="86534" cleared="5960" durationms="0.632" />
  <references type="soft" candidates="24" cleared="0" enqueued="0" dynamicThreshold="19" maxThreshold="32" />
  <references type="weak" candidates="140" cleared="0" enqueued="0" />
  <stringconstants candidates="13319" cleared="0"  />
</gc-op>
<gc-op id="3544" type="classunload" timems="0.003" contextid="3540" timestamp="2019-07-07T05:34:50.165">
  <classunload-info classloadercandidates="53" classloadersunloaded="0" classesunloaded="0" anonymousclassesunloaded="0" quiescems="0.000" setupms="0.003" scanms="0.000" postms="0.000" />
</gc-op>
<heap-resize id="3545" type="contract" space="default" amount="3145728" count="1" timems="0.279" reason="excess free space following gc" timestamp="2019-07-07T05:34:50.166" />
<gc-end id="3546" type="partial gc" contextid="3540" durationms="6.221" usertimems="4.000" systemtimems="0.000" timestamp="2019-07-07T05:34:50.166" activeThreads="1">
  <mem-info id="3547" free="35651584" total="56623104" percent="62">
    <mem type="eden" free="1048552" total="1048576" percent="99" />
    <remembered-set count="83392" freebytes="2052224" totalbytes="2385792" percent="86" regionsoverflowed="0" regionsstable="13" regionsrebuilding="0"/>
  </mem-info>
</gc-end>
<cycle-end id="3548" type="partial gc" contextid="3540" timestamp="2019-07-07T05:34:50.166" />
  <attribute name="elasticGC enabled" value="1" />
  <attribute name= "numThreadsSpecified" value="1" />
  <attribute name="heapSize specified" value="0" />
  <attribute name="Current GC Util" value="68" />
  <attribute name= "Current Time Running" value="19687" />
  <attribute name ="GC Interval" value="0" />
  <attribute name="ProportionalT" value="24.000000" />
  <attribute name="ProportionalI" value="24.000000" />
  <attribute name="ProportionalH" value="24.000000" />
  <attribute name="Current Error" value="48.000000" />
  <attribute name="IntegralT" value="0.000000" />
  <attribute name="IntegralI" value="0.000000" />
  <attribute name="IntegralH" value="0.000000" />
  <attribute name="DerivativeT" value="inf" />
  <attribute name="DerivativeI" value="inf" />
  <attribute name="DerivativeH" value="inf" />
  <attribute name="Loop Time for DT" value="0.000000" />
  <attribute name="Output H" value="8388608"/>
  <attribute name="Output I" value="200"/>
  <attribute name="Output T" value="1"/>
  <attribute name="Target GC Util Change" value ="20.000000" />
  <attribute name="Current GC Util Change" value="68.000000"/>
  <attribute name="GC Util currently" value="68" />
  <attribute name="CPU Util currently" value="18748596312959" />
<exclusive-end id="3549" timestamp="2019-07-07T05:34:50.166" durationms="7.402" />

<exclusive-start id="3550" timestamp="2019-07-07T05:34:50.170" intervalms="10.764">
  <response-info timems="0.022" idlems="0.022" threads="0" lastid="00000000020B9700" lastname="main" />
</exclusive-start>
<allocation-taxation id="3551" taxation-threshold="10485760" timestamp="2019-07-07T05:34:50.170" intervalms="10.761" />
<cycle-start id="3552" type="global mark phase" contextid="0" timestamp="2019-07-07T05:34:50.170" intervalms="82.698" />
<gc-start id="3553" type="global mark phase" contextid="3552" timestamp="2019-07-07T05:34:50.170">
  <mem-info id="3554" free="25165824" total="56623104" percent="44">
    <remembered-set count="83072" freebytes="2053504" totalbytes="2385792" percent="86" regionsoverflowed="0" regionsstable="13" regionsrebuilding="0"/>
  </mem-info>
</gc-start>
<gc-op id="3555" type="mark increment" timems="0.526" contextid="3552" timestamp="2019-07-07T05:34:50.171">
  <trace-info objectcount="180" scancount="0" scanbytes="0" />
</gc-op>
<gc-end id="3556" type="global mark phase" contextid="3552" durationms="0.767" usertimems="0.000" systemtimems="0.000" timestamp="2019-07-07T05:34:50.171" activeThreads="4">
  <mem-info id="3557" free="25165824" total="56623104" percent="44">
    <remembered-set count="83072" freebytes="2053504" totalbytes="2385792" percent="86" regionsoverflowed="0" regionsstable="0" regionsrebuilding="13"/>
  </mem-info>
</gc-end>
<concurrent-start id="3558" type="GMP work packet processing" contextid="3552" timestamp="2019-07-07T05:34:50.171">
  <concurrent-mark-start scanTarget="1751032" />
</concurrent-start>
<exclusive-end id="3559" timestamp="2019-07-07T05:34:50.171" durationms="1.564" />

<exclusive-start id="3560" timestamp="2019-07-07T05:34:50.175" intervalms="4.859">
  <response-info timems="0.027" idlems="0.027" threads="0" lastid="00000000020B9700" lastname="main" />
</exclusive-start>
<allocation-taxation id="3561" taxation-threshold="10485760" timestamp="2019-07-07T05:34:50.175" intervalms="4.713" />
<concurrent-end id="3562" type="GMP work packet processing" contextid="3552" timestamp="2019-07-07T05:34:50.175">
  <concurrent-mark-end bytesScanned="1130896" reasonForTermination="Termination requested" />
</concurrent-end>

<cycle-start id="3563" type="partial gc" contextid="0" timestamp="2019-07-07T05:34:50.175" intervalms="15.479" />
<gc-start id="3564" type="partial gc" contextid="3563" timestamp="2019-07-07T05:34:50.175">
  <mem-info id="3565" free="14680064" total="56623104" percent="25">
    <mem type="eden" free="1048552" total="22020096" percent="4" />
    <remembered-set count="84288" freebytes="2048640" totalbytes="2385792" percent="85" regionsoverflowed="0" regionsstable="0" regionsrebuilding="13"/>
  </mem-info>
</gc-start>
<allocation-stats totalBytes="20840064" >
  <allocated-bytes non-tlh="0" tlh="20840064" arrayletleaf="0"/>
  <largest-consumer threadName="main" threadId="00000000020B9700" bytes="10420032" />
</allocation-stats>
<gc-op id="3566" type="copy forward" timems="3.084" contextid="3563" timestamp="2019-07-07T05:34:50.179">
  <memory-copied type="eden" objects="1" bytes="24" bytesdiscarded="0" />
  <memory-copied type="other" objects="0" bytes="0" bytesdiscarded="0" />
  <memory-cardclean objects="83966" bytes="2787912" />
  <regions eden="20" other="1" />
  <remembered-set-cleared processed="66685" cleared="12540" durationms="0.501" />
  <stringconstants candidates="13319" cleared="0"  />
</gc-op>
<gc-op id="3567" type="classunload" timems="0.004" contextid="3563" timestamp="2019-07-07T05:34:50.179">
  <classunload-info classloadercandidates="53" classloadersunloaded="0" classesunloaded="0" anonymousclassesunloaded="0" quiescems="0.000" setupms="0.004" scanms="0.000" postms="0.000" />
</gc-op>
<heap-resize id="3568" type="contract" space="default" amount="2097152" count="1" timems="0.163" reason="excess free space following gc" timestamp="2019-07-07T05:34:50.179" />
<gc-end id="3569" type="partial gc" contextid="3563" durationms="4.583" usertimems="8.000" systemtimems="0.000" timestamp="2019-07-07T05:34:50.180" activeThreads="4">
  <mem-info id="3570" free="33554432" total="54525952" percent="61">
    <mem type="eden" free="1048552" total="1048576" percent="99" />
    <remembered-set count="66336" freebytes="1994880" totalbytes="2260224" percent="88" regionsoverflowed="0" regionsstable="0" regionsrebuilding="13"/>
  </mem-info>
</gc-end>
<cycle-end id="3571" type="partial gc" contextid="3563" timestamp="2019-07-07T05:34:50.180" />
  <attribute name="elasticGC enabled" value="1" />
  <attribute name= "numThreadsSpecified" value="4" />
  <attribute name="heapSize specified" value="0" />
  <attribute name="Current GC Util" value="44" />
  <attribute name= "Current Time Running" value="19703" />
  <attribute name ="GC Interval" value="0" />
  <attribute name="ProportionalT" value="12.000000" />
  <attribute name="ProportionalI" value="12.000000" />
  <attribute name="ProportionalH" value="12.000000" />
  <attribute name="Current Error" value="24.000000" />
  <attribute name="IntegralT" value="12.000000" />
  <attribute name="IntegralI" value="12.000000" />
  <attribute name="IntegralH" value="12.000000" />
  <attribute name="DerivativeT" value="24.000000" />
  <attribute name="DerivativeI" value="24.000000" />
  <attribute name="DerivativeH" value="24.000000" />
  <attribute name="Loop Time for DT" value="1.000000" />
  <attribute name="Output H" value="8388608"/>
  <attribute name="Output I" value="200"/>
  <attribute name="Output T" value="4"/>
  <attribute name="Target GC Util Change" value ="20.000000" />
  <attribute name="Current GC Util Change" value="44.000000"/>
  <attribute name="GC Util currently" value="44" />
  <attribute name="CPU Util currently" value="11099310885896" />
<concurrent-start id="3572" type="GMP work packet processing" contextid="3552" timestamp="2019-07-07T05:34:50.180">
  <concurrent-mark-start scanTarget="620136" />
</concurrent-start>
<exclusive-end id="3573" timestamp="2019-07-07T05:34:50.181" durationms="6.086" />

<concurrent-end id="3574" type="GMP work packet processing" contextid="3552" timestamp="2019-07-07T05:34:50.181">
  <concurrent-mark-end bytesScanned="687620" reasonForTermination="Work target met" />
</concurrent-end>

<exclusive-start id="3575" timestamp="2019-07-07T05:34:50.184" intervalms="9.099">
  <response-info timems="0.056" idlems="0.056" threads="0" lastid="00000000020B9700" lastname="main" />
</exclusive-start>
<allocation-taxation id="3576" taxation-threshold="9437184" timestamp="2019-07-07T05:34:50.184" intervalms="9.105" />
<gc-start id="3577" type="global mark phase" contextid="3552" timestamp="2019-07-07T05:34:50.184">
  <mem-info id="3578" free="24117248" total="54525952" percent="44">
    <remembered-set count="67616" freebytes="1989760" totalbytes="2260224" percent="88" regionsoverflowed="0" regionsstable="0" regionsrebuilding="13"/>
  </mem-info>
</gc-start>
<gc-end id="3579" type="global mark phase" contextid="3552" durationms="0.101" usertimems="0.000" systemtimems="0.000" timestamp="2019-07-07T05:34:50.184" activeThreads="4">
  <mem-info id="3580" free="24117248" total="54525952" percent="44">
    <remembered-set count="67616" freebytes="1989760" totalbytes="2260224" percent="88" regionsoverflowed="0" regionsstable="0" regionsrebuilding="13"/>
  </mem-info>
</gc-end>
<concurrent-start id="3581" type="GMP work packet processing" contextid="3552" timestamp="2019-07-07T05:34:50.184">
  <concurrent-mark-start scanTarget="1751032" />
</concurrent-start>
<exclusive-end id="3582" timestamp="2019-07-07T05:34:50.184" durationms="0.642" />

<concurrent-end id="3583" type="GMP work packet processing" contextid="3552" timestamp="2019-07-07T05:34:50.187">
  <concurrent-mark-end bytesScanned="1760356" reasonForTermination="Work target met" />
</concurrent-end>

<exclusive-start id="3584" timestamp="2019-07-07T05:34:50.187" intervalms="3.648">
  <response-info timems="0.064" idlems="0.064" threads="0" lastid="00000000020B9700" lastname="main" />
</exclusive-start>
<allocation-taxation id="3585" taxation-threshold="9437184" timestamp="2019-07-07T05:34:50.187" intervalms="3.785" />
<cycle-start id="3586" type="partial gc" contextid="0" timestamp="2019-07-07T05:34:50.188" intervalms="12.818" />
<gc-start id="3587" type="partial gc" contextid="3586" timestamp="2019-07-07T05:34:50.188">
  <mem-info id="3588" free="14680064" total="54525952" percent="26">
    <mem type="eden" free="1048552" total="19922944" percent="5" />
    <remembered-set count="69408" freebytes="1982592" totalbytes="2260224" percent="87" regionsoverflowed="0" regionsstable="0" regionsrebuilding="13"/>
  </mem-info>
</gc-start>
<allocation-stats totalBytes="18756072" >
  <allocated-bytes non-tlh="0" tlh="18756072" arrayletleaf="0"/>
  <largest-consumer threadName="main" threadId="00000000020B9700" bytes="9378048" />
</allocation-stats>
<gc-op id="3589" type="copy forward" timems="2.357" contextid="3586" timestamp="2019-07-07T05:34:50.191">
  <memory-copied type="eden" objects="1" bytes="24" bytesdiscarded="0" />
  <memory-copied type="other" objects="0" bytes="0" bytesdiscarded="0" />
  <memory-cardclean objects="23073" bytes="724184" />
  <regions eden="18" other="1" />
  <remembered-set-cleared processed="63379" cleared="3643" durationms="0.401" />
  <stringconstants candidates="13319" cleared="0"  />
</gc-op>
<gc-op id="3590" type="classunload" timems="0.004" contextid="3586" timestamp="2019-07-07T05:34:50.191">
  <classunload-info classloadercandidates="53" classloadersunloaded="0" classesunloaded="0" anonymousclassesunloaded="0" quiescems="0.000" setupms="0.004" scanms="0.000" postms="0.000" />
</gc-op>
<gc-end id="3591" type="partial gc" contextid="3586" durationms="3.541" usertimems="8.000" systemtimems="0.000" timestamp="2019-07-07T05:34:50.191" activeThreads="4">
  <mem-info id="3592" free="33554432" total="54525952" percent="61">
    <mem type="eden" free="1048552" total="1048576" percent="99" />
    <remembered-set count="65376" freebytes="1915008" totalbytes="2176512" percent="87" regionsoverflowed="0" regionsstable="0" regionsrebuilding="13"/>
  </mem-info>
</gc-end>
<cycle-end id="3593" type="partial gc" contextid="3586" timestamp="2019-07-07T05:34:50.191" />
  <attribute name="elasticGC enabled" value="1" />
  <attribute name= "numThreadsSpecified" value="4" />
  <attribute name="heapSize specified" value="0" />
  <attribute name="Current GC Util" value="54" />
  <attribute name= "Current Time Running" value="19716" />
  <attribute name ="GC Interval" value="0" />
  <attribute name="ProportionalT" value="17.000000" />
  <attribute name="ProportionalI" value="17.000000" />
  <attribute name="ProportionalH" value="17.000000" />
  <attribute name="Current Error" value="34.000000" />
  <attribute name="IntegralT" value="17.000000" />
  <attribute name="IntegralI" value="17.000000" />
  <attribute name="IntegralH" value="17.000000" />
  <attribute name="DerivativeT" value="34.000000" />
  <attribute name="DerivativeI" value="34.000000" />
  <attribute name="DerivativeH" value="34.000000" />
  <attribute name="Loop Time for DT" value="1.000000" />
  <attribute name="Output H" value="8388608"/>
  <attribute name="Output I" value="200"/>
  <attribute name="Output T" value="4"/>
  <attribute name="Target GC Util Change" value ="20.000000" />
  <attribute name="Current GC Util Change" value="54.000000"/>
  <attribute name="GC Util currently" value="54" />
  <attribute name="CPU Util currently" value="12141447430822" />
<exclusive-end id="3594" timestamp="2019-07-07T05:34:50.192" durationms="4.470" />

<exclusive-start id="3595" timestamp="2019-07-07T05:34:50.195" intervalms="7.557">
  <response-info timems="0.074" idlems="0.074" threads="0" lastid="00000000020B9700" lastname="main" />
</exclusive-start>
<allocation-taxation id="3596" taxation-threshold="9437184" timestamp="2019-07-07T05:34:50.195" intervalms="7.560" />
<gc-start id="3597" type="global mark phase" contextid="3552" timestamp="2019-07-07T05:34:50.195">
  <mem-info id="3598" free="24117248" total="54525952" percent="44">
    <remembered-set count="65376" freebytes="1915008" totalbytes="2176512" percent="87" regionsoverflowed="0" regionsstable="0" regionsrebuilding="13"/>
  </mem-info>
</gc-start>
<gc-end id="3599" type="global mark phase" contextid="3552" durationms="0.199" usertimems="0.000" systemtimems="0.000" timestamp="2019-07-07T05:34:50.195" activeThreads="4">
  <mem-info id="3600" free="24117248" total="54525952" percent="44">
    <remembered-set count="65376" freebytes="1915008" totalbytes="2176512" percent="87" regionsoverflowed="0" regionsstable="0" regionsrebuilding="13"/>
  </mem-info>
</gc-end>
<concurrent-start id="3601" type="GMP work packet processing" contextid="3552" timestamp="2019-07-07T05:34:50.196">
  <concurrent-mark-start scanTarget="1751032" />
</concurrent-start>
<exclusive-end id="3602" timestamp="2019-07-07T05:34:50.196" durationms="0.990" />

<concurrent-end id="3603" type="GMP work packet processing" contextid="3552" timestamp="2019-07-07T05:34:50.197">
  <concurrent-mark-end bytesScanned="1809632" reasonForTermination="Work target met" />
</concurrent-end>

<exclusive-start id="3604" timestamp="2019-07-07T05:34:50.200" intervalms="4.752">
  <response-info timems="0.024" idlems="0.024" threads="0" lastid="00000000020B9700" lastname="main" />
</exclusive-start>
<allocation-taxation id="3605" taxation-threshold="9437184" timestamp="2019-07-07T05:34:50.200" intervalms="4.643" />
<cycle-start id="3606" type="partial gc" contextid="0" timestamp="2019-07-07T05:34:50.200" intervalms="12.127" />
<gc-start id="3607" type="partial gc" contextid="3606" timestamp="2019-07-07T05:34:50.200">
  <mem-info id="3608" free="14680064" total="54525952" percent="26">
    <mem type="eden" free="1048552" total="19922944" percent="5" />
    <remembered-set count="72192" freebytes="1887744" totalbytes="2176512" percent="86" regionsoverflowed="0" regionsstable="0" regionsrebuilding="13"/>
  </mem-info>
</gc-start>
<allocation-stats totalBytes="18756048" >
  <allocated-bytes non-tlh="0" tlh="18756048" arrayletleaf="0"/>
  <largest-consumer threadName="main" threadId="00000000020B9700" bytes="9378024" />
</allocation-stats>
<gc-op id="3609" type="copy forward" timems="1.837" contextid="3606" timestamp="2019-07-07T05:34:50.202">
  <memory-copied type="eden" objects="1" bytes="24" bytesdiscarded="0" />
  <memory-copied type="other" objects="0" bytes="0" bytesdiscarded="0" />
  <memory-cardclean objects="10" bytes="424" />
  <regions eden="18" other="1" />
  <remembered-set-cleared processed="69871" cleared="9" durationms="0.346" />
  <stringconstants candidates="13319" cleared="0"  />
</gc-op>
<gc-op id="3610" type="classunload" timems="0.004" contextid="3606" timestamp="2019-07-07T05:34:50.203">
  <classunload-info classloadercandidates="53" classloadersunloaded="0" classesunloaded="0" anonymousclassesunloaded="0" quiescems="0.000" setupms="0.003" scanms="0.000" postms="0.000" />
</gc-op>
<gc-end id="3611" type="partial gc" contextid="3606" durationms="2.869" usertimems="4.000" systemtimems="0.000" timestamp="2019-07-07T05:34:50.203" activeThreads="4">
  <mem-info id="3612" free="33554432" total="54525952" percent="61">
    <mem type="eden" free="1048552" total="1048576" percent="99" />
    <remembered-set count="71680" freebytes="1889792" totalbytes="2176512" percent="86" regionsoverflowed="0" regionsstable="0" regionsrebuilding="13"/>
  </mem-info>
</gc-end>
<cycle-end id="3613" type="partial gc" contextid="3606" timestamp="2019-07-07T05:34:50.203" />
  <attribute name="elasticGC enabled" value="1" />
  <attribute name= "numThreadsSpecified" value="4" />
  <attribute name="heapSize specified" value="0" />
  <attribute name="Current GC Util" value="73" />
  <attribute name= "Current Time Running" value="19728" />
  <attribute name ="GC Interval" value="0" />
  <attribute name="ProportionalT" value="26.500000" />
  <attribute name="ProportionalI" value="26.500000" />
  <attribute name="ProportionalH" value="26.500000" />
  <attribute name="Current Error" value="53.000000" />
  <attribute name="IntegralT" value="26.500000" />
  <attribute name="IntegralI" value="26.500000" />
  <attribute name="IntegralH" value="26.500000" />
  <attribute name="DerivativeT" value="19.000000" />
  <attribute name="DerivativeI" value="19.000000" />
  <attribute name="DerivativeH" value="19.000000" />
  <attribute name="Loop Time for DT" value="1.000000" />
  <attribute name="Output H" value="8388608"/>
  <attribute name="Output I" value="200"/>
  <attribute name="Output T" value="4"/>
  <attribute name="Target GC Util Change" value ="20.000000" />
  <attribute name="Current GC Util Change" value="73.000000"/>
  <attribute name="GC Util currently" value="73" />
  <attribute name="CPU Util currently" value="19328348543537" />
<exclusive-end id="3614" timestamp="2019-07-07T05:34:50.203" durationms="3.693" />

<exclusive-start id="3615" timestamp="2019-07-07T05:34:50.206" intervalms="6.819">
  <response-info timems="0.078" idlems="0.078" threads="0" lastid="00000000020B9700" lastname="main" />
</exclusive-start>
<allocation-taxation id="3616" taxation-threshold="9437184" timestamp="2019-07-07T05:34:50.207" intervalms="6.937" />
<gc-start id="3617" type="global mark phase" contextid="3552" timestamp="2019-07-07T05:34:50.207">
  <mem-info id="3618" free="24117248" total="54525952" percent="44">
    <remembered-set count="71200" freebytes="1891712" totalbytes="2176512" percent="86" regionsoverflowed="0" regionsstable="0" regionsrebuilding="13"/>
  </mem-info>
</gc-start>
<gc-end id="3619" type="global mark phase" contextid="3552" durationms="0.196" usertimems="0.000" systemtimems="0.000" timestamp="2019-07-07T05:34:50.207" activeThreads="4">
  <mem-info id="3620" free="24117248" total="54525952" percent="44">
    <remembered-set count="71200" freebytes="1891712" totalbytes="2176512" percent="86" regionsoverflowed="0" regionsstable="0" regionsrebuilding="13"/>
  </mem-info>
</gc-end>
<concurrent-start id="3621" type="GMP work packet processing" contextid="3552" timestamp="2019-07-07T05:34:50.207">
  <concurrent-mark-start scanTarget="1751032" />
</concurrent-start>
<exclusive-end id="3622" timestamp="2019-07-07T05:34:50.208" durationms="1.804" />

<concurrent-end id="3623" type="GMP work packet processing" contextid="3552" timestamp="2019-07-07T05:34:50.208">
  <concurrent-mark-end bytesScanned="1791072" reasonForTermination="Work target met" />
</concurrent-end>

<exclusive-start id="3624" timestamp="2019-07-07T05:34:50.211" intervalms="4.842">
  <response-info timems="0.066" idlems="0.066" threads="0" lastid="00000000020B9700" lastname="main" />
</exclusive-start>
<allocation-taxation id="3625" taxation-threshold="9437184" timestamp="2019-07-07T05:34:50.211" intervalms="4.757" />
<cycle-start id="3626" type="partial gc" contextid="0" timestamp="2019-07-07T05:34:50.211" intervalms="11.706" />
<gc-start id="3627" type="partial gc" contextid="3626" timestamp="2019-07-07T05:34:50.212">
  <mem-info id="3628" free="14680064" total="54525952" percent="26">
    <mem type="eden" free="1048552" total="19922944" percent="5" />
    <remembered-set count="73376" freebytes="1883008" totalbytes="2176512" percent="86" regionsoverflowed="0" regionsstable="0" regionsrebuilding="13"/>
  </mem-info>
</gc-start>
<allocation-stats totalBytes="18756048" >
  <allocated-bytes non-tlh="0" tlh="18756048" arrayletleaf="0"/>
  <largest-consumer threadName="main" threadId="00000000020B9700" bytes="9378024" />
</allocation-stats>
<gc-op id="3629" type="copy forward" timems="1.625" contextid="3626" timestamp="2019-07-07T05:34:50.214">
  <memory-copied type="eden" objects="1" bytes="24" bytesdiscarded="0" />
  <memory-copied type="other" objects="0" bytes="0" bytesdiscarded="0" />
  <memory-cardclean objects="10" bytes="424" />
  <regions eden="18" other="1" />
  <remembered-set-cleared processed="71388" cleared="7" durationms="0.479" />
  <stringconstants candidates="13319" cleared="0"  />
</gc-op>
<gc-op id="3630" type="classunload" timems="0.004" contextid="3626" timestamp="2019-07-07T05:34:50.214">
  <classunload-info classloadercandidates="53" classloadersunloaded="0" classesunloaded="0" anonymousclassesunloaded="0" quiescems="0.000" setupms="0.004" scanms="0.000" postms="0.000" />
</gc-op>
<gc-end id="3631" type="partial gc" contextid="3626" durationms="2.728" usertimems="0.000" systemtimems="0.000" timestamp="2019-07-07T05:34:50.214" activeThreads="1">
  <mem-info id="3632" free="33554432" total="54525952" percent="61">
    <mem type="eden" free="1048552" total="1048576" percent="99" />
    <remembered-set count="73824" freebytes="1881216" totalbytes="2176512" percent="86" regionsoverflowed="0" regionsstable="0" regionsrebuilding="13"/>
  </mem-info>
</gc-end>
<cycle-end id="3633" type="partial gc" contextid="3626" timestamp="2019-07-07T05:34:50.215" />
  <attribute name="elasticGC enabled" value="1" />
  <attribute name= "numThreadsSpecified" value="1" />
  <attribute name="heapSize specified" value="0" />
  <attribute name="Current GC Util" value="58" />
  <attribute name= "Current Time Running" value="19739" />
  <attribute name ="GC Interval" value="0" />
  <attribute name="ProportionalT" value="19.000000" />
  <attribute name="ProportionalI" value="19.000000" />
  <attribute name="ProportionalH" value="19.000000" />
  <attribute name="Current Error" value="38.000000" />
  <attribute name="IntegralT" value="0.000000" />
  <attribute name="IntegralI" value="0.000000" />
  <attribute name="IntegralH" value="0.000000" />
  <attribute name="DerivativeT" value="inf" />
  <attribute name="DerivativeI" value="inf" />
  <attribute name="DerivativeH" value="inf" />
  <attribute name="Loop Time for DT" value="0.000000" />
  <attribute name="Output H" value="8388608"/>
  <attribute name="Output I" value="200"/>
  <attribute name="Output T" value="1"/>
  <attribute name="Target GC Util Change" value ="20.000000" />
  <attribute name="Current GC Util Change" value="58.000000"/>
  <attribute name="GC Util currently" value="58" />
  <attribute name="CPU Util currently" value="16117957008681" />
<exclusive-end id="3634" timestamp="2019-07-07T05:34:50.215" durationms="3.624" />

<exclusive-start id="3635" timestamp="2019-07-07T05:34:50.218" intervalms="6.745">
  <response-info timems="0.071" idlems="0.071" threads="0" lastid="00000000020B9700" lastname="main" />
</exclusive-start>
<allocation-taxation id="3636" taxation-threshold="9437184" timestamp="2019-07-07T05:34:50.218" intervalms="6.804" />
<gc-start id="3637" type="global mark phase" contextid="3552" timestamp="2019-07-07T05:34:50.218">
  <mem-info id="3638" free="24117248" total="54525952" percent="44">
    <remembered-set count="73376" freebytes="1883008" totalbytes="2176512" percent="86" regionsoverflowed="0" regionsstable="0" regionsrebuilding="13"/>
  </mem-info>
</gc-start>
<gc-end id="3639" type="global mark phase" contextid="3552" durationms="0.178" usertimems="0.000" systemtimems="0.000" timestamp="2019-07-07T05:34:50.219" activeThreads="1">
  <mem-info id="3640" free="24117248" total="54525952" percent="44">
    <remembered-set count="73376" freebytes="1883008" totalbytes="2176512" percent="86" regionsoverflowed="0" regionsstable="0" regionsrebuilding="13"/>
  </mem-info>
</gc-end>
<concurrent-start id="3641" type="GMP work packet processing" contextid="3552" timestamp="2019-07-07T05:34:50.219">
  <concurrent-mark-start scanTarget="1048576" />
</concurrent-start>
<exclusive-end id="3642" timestamp="2019-07-07T05:34:50.219" durationms="1.402" />

<concurrent-end id="3643" type="GMP work packet processing" contextid="3552" timestamp="2019-07-07T05:34:50.220">
  <concurrent-mark-end bytesScanned="1091172" reasonForTermination="Work target met" />
</concurrent-end>

<exclusive-start id="3644" timestamp="2019-07-07T05:34:50.222" intervalms="4.466">
  <response-info timems="0.058" idlems="0.058" threads="0" lastid="00000000020B9700" lastname="main" />
</exclusive-start>
<allocation-taxation id="3645" taxation-threshold="9437184" timestamp="2019-07-07T05:34:50.223" intervalms="4.405" />
<cycle-start id="3646" type="partial gc" contextid="0" timestamp="2019-07-07T05:34:50.223" intervalms="11.240" />
<gc-start id="3647" type="partial gc" contextid="3646" timestamp="2019-07-07T05:34:50.223">
  <mem-info id="3648" free="14680064" total="54525952" percent="26">
    <mem type="eden" free="1048552" total="19922944" percent="5" />
    <remembered-set count="73440" freebytes="1882752" totalbytes="2176512" percent="86" regionsoverflowed="0" regionsstable="0" regionsrebuilding="13"/>
  </mem-info>
</gc-start>
<allocation-stats totalBytes="18756072" >
  <allocated-bytes non-tlh="0" tlh="18756072" arrayletleaf="0"/>
  <largest-consumer threadName="main" threadId="00000000020B9700" bytes="9378024" />
</allocation-stats>
<gc-op id="3649" type="copy forward" timems="1.845" contextid="3646" timestamp="2019-07-07T05:34:50.225">
  <memory-copied type="eden" objects="1" bytes="24" bytesdiscarded="0" />
  <memory-copied type="other" objects="0" bytes="0" bytesdiscarded="0" />
  <memory-cardclean objects="10" bytes="424" />
  <regions eden="18" other="1" />
  <remembered-set-cleared processed="71632" cleared="7" durationms="0.340" />
  <stringconstants candidates="13319" cleared="0"  />
</gc-op>
<gc-op id="3650" type="classunload" timems="0.003" contextid="3646" timestamp="2019-07-07T05:34:50.225">
  <classunload-info classloadercandidates="53" classloadersunloaded="0" classesunloaded="0" anonymousclassesunloaded="0" quiescems="0.000" setupms="0.003" scanms="0.000" postms="0.000" />
</gc-op>
<gc-end id="3651" type="partial gc" contextid="3646" durationms="2.799" usertimems="4.000" systemtimems="0.000" timestamp="2019-07-07T05:34:50.226" activeThreads="4">
  <mem-info id="3652" free="33554432" total="54525952" percent="61">
    <mem type="eden" free="1048552" total="1048576" percent="99" />
    <remembered-set count="73376" freebytes="1883008" totalbytes="2176512" percent="86" regionsoverflowed="0" regionsstable="0" regionsrebuilding="13"/>
  </mem-info>
</gc-end>
<cycle-end id="3653" type="partial gc" contextid="3646" timestamp="2019-07-07T05:34:50.226" />
  <attribute name="elasticGC enabled" value="1" />
  <attribute name= "numThreadsSpecified" value="4" />
  <attribute name="heapSize specified" value="0" />
  <attribute name="Current GC Util" value="67" />
  <attribute name= "Current Time Running" value="19751" />
  <attribute name ="GC Interval" value="0" />
  <attribute name="ProportionalT" value="23.500000" />
  <attribute name="ProportionalI" value="23.500000" />
  <attribute name="ProportionalH" value="23.500000" />
  <attribute name="Current Error" value="47.000000" />
  <attribute name="IntegralT" value="23.500000" />
  <attribute name="IntegralI" value="23.500000" />
  <attribute name="IntegralH" value="23.500000" />
  <attribute name="DerivativeT" value="35.000000" />
  <attribute name="DerivativeI" value="35.000000" />
  <attribute name="DerivativeH" value="35.000000" />
  <attribute name="Loop Time for DT" value="1.000000" />
  <attribute name="Output H" value="8388608"/>
  <attribute name="Output I" value="200"/>
  <attribute name="Output T" value="4"/>
  <attribute name="Target GC Util Change" value ="20.000000" />
  <attribute name="Current GC Util Change" value="67.000000"/>
  <attribute name="GC Util currently" value="67" />
  <attribute name="CPU Util currently" value="24866605073853" />
<exclusive-end id="3654" timestamp="2019-07-07T05:34:50.226" durationms="3.629" />

<exclusive-start id="3655" timestamp="2019-07-07T05:34:50.229" intervalms="6.732">
  <response-info timems="0.078" idlems="0.078" threads="0" lastid="00000000020B9700" lastname="main" />
</exclusive-start>
<allocation-taxation id="3656" taxation-threshold="9437184" timestamp="2019-07-07T05:34:50.229" intervalms="6.803" />
<gc-start id="3657" type="global mark phase" contextid="3552" timestamp="2019-07-07T05:34:50.230">
  <mem-info id="3658" free="24117248" total="54525952" percent="44">
    <remembered-set count="72928" freebytes="1884800" totalbytes="2176512" percent="86" regionsoverflowed="0" regionsstable="0" regionsrebuilding="13"/>
  </mem-info>
</gc-start>
<gc-end id="3659" type="global mark phase" contextid="3552" durationms="0.186" usertimems="0.000" systemtimems="0.000" timestamp="2019-07-07T05:34:50.230" activeThreads="4">
  <mem-info id="3660" free="24117248" total="54525952" percent="44">
    <remembered-set count="72928" freebytes="1884800" totalbytes="2176512" percent="86" regionsoverflowed="0" regionsstable="0" regionsrebuilding="13"/>
  </mem-info>
</gc-end>
<concurrent-start id="3661" type="GMP work packet processing" contextid="3552" timestamp="2019-07-07T05:34:50.230">
  <concurrent-mark-start scanTarget="1751032" />
</concurrent-start>
<exclusive-end id="3662" timestamp="2019-07-07T05:34:50.231" durationms="1.826" />

<concurrent-end id="3663" type="GMP work packet processing" contextid="3552" timestamp="2019-07-07T05:34:50.231">
  <concurrent-mark-end bytesScanned="1792500" reasonForTermination="Work target met" />
</concurrent-end>

<exclusive-start id="3664" timestamp="2019-07-07T05:34:50.234" intervalms="4.891">
  <response-info timems="0.070" idlems="0.070" threads="0" lastid="00000000020B9700" lastname="main" />
</exclusive-start>
<allocation-taxation id="3665" taxation-threshold="9437184" timestamp="2019-07-07T05:34:50.234" intervalms="4.867" />
<cycle-start id="3666" type="partial gc" contextid="0" timestamp="2019-07-07T05:34:50.234" intervalms="11.736" />
<gc-start id="3667" type="partial gc" contextid="3666" timestamp="2019-07-07T05:34:50.235">
  <mem-info id="3668" free="14680064" total="54525952" percent="26">
    <mem type="eden" free="1048552" total="19922944" percent="5" />
    <remembered-set count="84096" freebytes="1840128" totalbytes="2176512" percent="84" regionsoverflowed="0" regionsstable="0" regionsrebuilding="13"/>
  </mem-info>
</gc-start>
<allocation-stats totalBytes="18756048" >
  <allocated-bytes non-tlh="0" tlh="18756048" arrayletleaf="0"/>
  <largest-consumer threadName="main" threadId="00000000020B9700" bytes="9378024" />
</allocation-stats>
<gc-op id="3669" type="copy forward" timems="1.810" contextid="3666" timestamp="2019-07-07T05:34:50.237">
  <memory-copied type="eden" objects="1" bytes="24" bytesdiscarded="0" />
  <memory-copied type="other" objects="0" bytes="0" bytesdiscarded="0" />
  <memory-cardclean objects="10" bytes="424" />
  <regions eden="18" other="1" />
  <remembered-set-cleared processed="82280" cleared="7" durationms="0.353" />
  <stringconstants candidates="13319" cleared="0"  />
</gc-op>
<gc-op id="3670" type="classunload" timems="0.003" contextid="3666" timestamp="2019-07-07T05:34:50.237">
  <classunload-info classloadercandidates="53" classloadersunloaded="0" classesunloaded="0" anonymousclassesunloaded="0" quiescems="0.000" setupms="0.003" scanms="0.000" postms="0.000" />
</gc-op>
<gc-end id="3671" type="partial gc" contextid="3666" durationms="2.893" usertimems="4.000" systemtimems="0.000" timestamp="2019-07-07T05:34:50.238" activeThreads="4">
  <mem-info id="3672" free="33554432" total="54525952" percent="61">
    <mem type="eden" free="1048552" total="1048576" percent="99" />
    <remembered-set count="83968" freebytes="1840640" totalbytes="2176512" percent="84" regionsoverflowed="0" regionsstable="0" regionsrebuilding="13"/>
  </mem-info>
</gc-end>
<cycle-end id="3673" type="partial gc" contextid="3666" timestamp="2019-07-07T05:34:50.238" />
  <attribute name="elasticGC enabled" value="1" />
  <attribute name= "numThreadsSpecified" value="4" />
  <attribute name="heapSize specified" value="0" />
  <attribute name="Current GC Util" value="62" />
  <attribute name= "Current Time Running" value="19763" />
  <attribute name ="GC Interval" value="0" />
  <attribute name="ProportionalT" value="21.000000" />
  <attribute name="ProportionalI" value="21.000000" />
  <attribute name="ProportionalH" value="21.000000" />
  <attribute name="Current Error" value="42.000000" />
  <attribute name="IntegralT" value="21.000000" />
  <attribute name="IntegralI" value="21.000000" />
  <attribute name="IntegralH" value="21.000000" />
  <attribute name="DerivativeT" value="13.000000" />
  <attribute name="DerivativeI" value="13.000000" />
  <attribute name="DerivativeH" value="13.000000" />
  <attribute name="Loop Time for DT" value="1.000000" />
  <attribute name="Output H" value="8388608"/>
  <attribute name="Output I" value="200"/>
  <attribute name="Output T" value="4"/>
  <attribute name="Target GC Util Change" value ="20.000000" />
  <attribute name="Current GC Util Change" value="62.000000"/>
  <attribute name="GC Util currently" value="62" />
  <attribute name="CPU Util currently" value="21773879843696" />
<exclusive-end id="3674" timestamp="2019-07-07T05:34:50.238" durationms="3.946" />

<exclusive-start id="3675" timestamp="2019-07-07T05:34:50.241" intervalms="6.964">
  <response-info timems="0.073" idlems="0.073" threads="0" lastid="00000000020B9700" lastname="main" />
</exclusive-start>
<allocation-taxation id="3676" taxation-threshold="9437184" timestamp="2019-07-07T05:34:50.241" intervalms="6.948" />
<gc-start id="3677" type="global mark phase" contextid="3552" timestamp="2019-07-07T05:34:50.241">
  <mem-info id="3678" free="24117248" total="54525952" percent="44">
    <remembered-set count="83968" freebytes="1840640" totalbytes="2176512" percent="84" regionsoverflowed="0" regionsstable="0" regionsrebuilding="13"/>
  </mem-info>
</gc-start>
<gc-end id="3679" type="global mark phase" contextid="3552" durationms="0.090" usertimems="0.000" systemtimems="0.000" timestamp="2019-07-07T05:34:50.241" activeThreads="4">
  <mem-info id="3680" free="24117248" total="54525952" percent="44">
    <remembered-set count="83968" freebytes="1840640" totalbytes="2176512" percent="84" regionsoverflowed="0" regionsstable="0" regionsrebuilding="13"/>
  </mem-info>
</gc-end>
<concurrent-start id="3681" type="GMP work packet processing" contextid="3552" timestamp="2019-07-07T05:34:50.242">
  <concurrent-mark-start scanTarget="1751032" />
</concurrent-start>
<exclusive-end id="3682" timestamp="2019-07-07T05:34:50.242" durationms="0.706" />

<concurrent-end id="3683" type="GMP work packet processing" contextid="3552" timestamp="2019-07-07T05:34:50.243">
  <concurrent-mark-end bytesScanned="1819568" reasonForTermination="Work target met" />
</concurrent-end>

<exclusive-start id="3684" timestamp="2019-07-07T05:34:50.246" intervalms="4.560">
  <response-info timems="0.055" idlems="0.055" threads="0" lastid="00000000020B9700" lastname="main" />
</exclusive-start>
<allocation-taxation id="3685" taxation-threshold="9437184" timestamp="2019-07-07T05:34:50.246" intervalms="4.544" />
<cycle-start id="3686" type="partial gc" contextid="0" timestamp="2019-07-07T05:34:50.246" intervalms="11.454" />
<gc-start id="3687" type="partial gc" contextid="3686" timestamp="2019-07-07T05:34:50.246">
  <mem-info id="3688" free="14680064" total="54525952" percent="26">
    <mem type="eden" free="1048552" total="19922944" percent="5" />
    <remembered-set count="102560" freebytes="1766272" totalbytes="2176512" percent="81" regionsoverflowed="0" regionsstable="0" regionsrebuilding="13"/>
  </mem-info>
</gc-start>
<allocation-stats totalBytes="18756072" >
  <allocated-bytes non-tlh="0" tlh="18756072" arrayletleaf="0"/>
  <largest-consumer threadName="main" threadId="00000000020B9700" bytes="9378048" />
</allocation-stats>
<gc-op id="3689" type="copy forward" timems="1.433" contextid="3686" timestamp="2019-07-07T05:34:50.248">
  <memory-copied type="eden" objects="1" bytes="24" bytesdiscarded="0" />
  <memory-copied type="other" objects="0" bytes="0" bytesdiscarded="0" />
  <memory-cardclean objects="10" bytes="424" />
  <regions eden="18" other="1" />
  <remembered-set-cleared processed="100105" cleared="7" durationms="0.316" />
  <stringconstants candidates="13319" cleared="0"  />
</gc-op>
<gc-op id="3690" type="classunload" timems="0.004" contextid="3686" timestamp="2019-07-07T05:34:50.248">
  <classunload-info classloadercandidates="53" classloadersunloaded="0" classesunloaded="0" anonymousclassesunloaded="0" quiescems="0.000" setupms="0.004" scanms="0.000" postms="0.000" />
</gc-op>
<gc-end id="3691" type="partial gc" contextid="3686" durationms="2.500" usertimems="4.000" systemtimems="0.000" timestamp="2019-07-07T05:34:50.249" activeThreads="4">
  <mem-info id="3692" free="33554432" total="54525952" percent="61">
    <mem type="eden" free="1048552" total="1048576" percent="99" />
    <remembered-set count="101888" freebytes="1768960" totalbytes="2176512" percent="81" regionsoverflowed="0" regionsstable="0" regionsrebuilding="13"/>
  </mem-info>
</gc-end>
<cycle-end id="3693" type="partial gc" contextid="3686" timestamp="2019-07-07T05:34:50.249" />
  <attribute name="elasticGC enabled" value="1" />
  <attribute name= "numThreadsSpecified" value="4" />
  <attribute name="heapSize specified" value="0" />
  <attribute name="Current GC Util" value="55" />
  <attribute name= "Current Time Running" value="19774" />
  <attribute name ="GC Interval" value="0" />
  <attribute name="ProportionalT" value="17.500000" />
  <attribute name="ProportionalI" value="17.500000" />
  <attribute name="ProportionalH" value="17.500000" />
  <attribute name="Current Error" value="35.000000" />
  <attribute name="IntegralT" value="0.000000" />
  <attribute name="IntegralI" value="0.000000" />
  <attribute name="IntegralH" value="0.000000" />
  <attribute name="DerivativeT" value="-nan" />
  <attribute name="DerivativeI" value="-nan" />
  <attribute name="DerivativeH" value="-nan" />
  <attribute name="Loop Time for DT" value="0.000000" />
  <attribute name="Output H" value="2091843584"/>
  <attribute name="Output I" value="200"/>
  <attribute name="Output T" value="4"/>
  <attribute name="Target GC Util Change" value ="20.000000" />
  <attribute name="Current GC Util Change" value="55.000000"/>
  <attribute name="GC Util currently" value="55" />
  <attribute name="CPU Util currently" value="20863864316120" />
<exclusive-end id="3694" timestamp="2019-07-07T05:34:50.249" durationms="3.299" />

<exclusive-start id="3695" timestamp="2019-07-07T05:34:50.252" intervalms="6.421">
  <response-info timems="0.070" idlems="0.070" threads="0" lastid="00000000020B9700" lastname="main" />
</exclusive-start>
<allocation-taxation id="3696" taxation-threshold="9437184" timestamp="2019-07-07T05:34:50.252" intervalms="6.427" />
<gc-start id="3697" type="global mark phase" contextid="3552" timestamp="2019-07-07T05:34:50.252">
  <mem-info id="3698" free="24117248" total="54525952" percent="44">
    <remembered-set count="101408" freebytes="1770880" totalbytes="2176512" percent="81" regionsoverflowed="0" regionsstable="0" regionsrebuilding="13"/>
  </mem-info>
</gc-start>
<gc-end id="3699" type="global mark phase" contextid="3552" durationms="0.148" usertimems="0.000" systemtimems="0.000" timestamp="2019-07-07T05:34:50.252" activeThreads="4">
  <mem-info id="3700" free="24117248" total="54525952" percent="44">
    <remembered-set count="101408" freebytes="1770880" totalbytes="2176512" percent="81" regionsoverflowed="0" regionsstable="0" regionsrebuilding="13"/>
  </mem-info>
</gc-end>
<concurrent-start id="3701" type="GMP work packet processing" contextid="3552" timestamp="2019-07-07T05:34:50.253">
  <concurrent-mark-start scanTarget="1751032" />
</concurrent-start>
<exclusive-end id="3702" timestamp="2019-07-07T05:34:50.253" durationms="0.804" />

<concurrent-end id="3703" type="GMP work packet processing" contextid="3552" timestamp="2019-07-07T05:34:50.254">
  <concurrent-mark-end bytesScanned="1427512" reasonForTermination="Completed all work in GC phase" />
</concurrent-end>

<exclusive-start id="3704" timestamp="2019-07-07T05:34:50.256" intervalms="4.302">
  <response-info timems="0.020" idlems="0.020" threads="0" lastid="00000000020B9700" lastname="main" />
</exclusive-start>
<allocation-taxation id="3705" taxation-threshold="9437184" timestamp="2019-07-07T05:34:50.256" intervalms="4.287" />
<cycle-start id="3706" type="partial gc" contextid="0" timestamp="2019-07-07T05:34:50.257" intervalms="10.729" />
<gc-start id="3707" type="partial gc" contextid="3706" timestamp="2019-07-07T05:34:50.257">
  <mem-info id="3708" free="14680064" total="54525952" percent="26">
    <mem type="eden" free="1048552" total="19922944" percent="5" />
    <remembered-set count="106816" freebytes="1749248" totalbytes="2176512" percent="80" regionsoverflowed="0" regionsstable="0" regionsrebuilding="13"/>
  </mem-info>
</gc-start>
<allocation-stats totalBytes="18756048" >
  <allocated-bytes non-tlh="0" tlh="18756048" arrayletleaf="0"/>
  <largest-consumer threadName="main" threadId="00000000020B9700" bytes="9378024" />
</allocation-stats>
<gc-op id="3709" type="copy forward" timems="1.619" contextid="3706" timestamp="2019-07-07T05:34:50.259">
  <memory-copied type="eden" objects="1" bytes="24" bytesdiscarded="0" />
  <memory-copied type="other" objects="0" bytes="0" bytesdiscarded="0" />
  <memory-cardclean objects="10" bytes="424" />
  <regions eden="18" other="1" />
  <remembered-set-cleared processed="105192" cleared="7" durationms="0.698" />
  <stringconstants candidates="13319" cleared="0"  />
</gc-op>
<gc-op id="3710" type="classunload" timems="0.004" contextid="3706" timestamp="2019-07-07T05:34:50.259">
  <classunload-info classloadercandidates="53" classloadersunloaded="0" classesunloaded="0" anonymousclassesunloaded="0" quiescems="0.000" setupms="0.004" scanms="0.000" postms="0.000" />
</gc-op>
<gc-end id="3711" type="partial gc" contextid="3706" durationms="2.741" usertimems="4.000" systemtimems="0.000" timestamp="2019-07-07T05:34:50.259" activeThreads="1">
  <mem-info id="3712" free="33554432" total="54525952" percent="61">
    <mem type="eden" free="1048552" total="1048576" percent="99" />
    <remembered-set count="107264" freebytes="1747456" totalbytes="2176512" percent="80" regionsoverflowed="0" regionsstable="0" regionsrebuilding="13"/>
  </mem-info>
</gc-end>
<cycle-end id="3713" type="partial gc" contextid="3706" timestamp="2019-07-07T05:34:50.260" />
  <attribute name="elasticGC enabled" value="1" />
  <attribute name= "numThreadsSpecified" value="1" />
  <attribute name="heapSize specified" value="0" />
  <attribute name="Current GC Util" value="65" />
  <attribute name= "Current Time Running" value="19784" />
  <attribute name ="GC Interval" value="0" />
  <attribute name="ProportionalT" value="22.500000" />
  <attribute name="ProportionalI" value="22.500000" />
  <attribute name="ProportionalH" value="22.500000" />
  <attribute name="Current Error" value="45.000000" />
  <attribute name="IntegralT" value="0.000000" />
  <attribute name="IntegralI" value="0.000000" />
  <attribute name="IntegralH" value="0.000000" />
  <attribute name="DerivativeT" value="inf" />
  <attribute name="DerivativeI" value="inf" />
  <attribute name="DerivativeH" value="inf" />
  <attribute name="Loop Time for DT" value="0.000000" />
  <attribute name="Output H" value="8388608"/>
  <attribute name="Output I" value="200"/>
  <attribute name="Output T" value="1"/>
  <attribute name="Target GC Util Change" value ="20.000000" />
  <attribute name="Current GC Util Change" value="65.000000"/>
  <attribute name="GC Util currently" value="65" />
  <attribute name="CPU Util currently" value="24762059582778" />
<exclusive-end id="3714" timestamp="2019-07-07T05:34:50.260" durationms="3.663" />

<exclusive-start id="3715" timestamp="2019-07-07T05:34:50.267" intervalms="10.702">
  <response-info timems="0.074" idlems="0.074" threads="0" lastid="00000000020B9700" lastname="main" />
</exclusive-start>
<allocation-taxation id="3716" taxation-threshold="9437184" timestamp="2019-07-07T05:34:50.267" intervalms="10.722" />
<gc-start id="3717" type="global mark phase" contextid="3552" timestamp="2019-07-07T05:34:50.270">
  <mem-info id="3718" free="24117248" total="54525952" percent="44">
    <remembered-set count="106816" freebytes="1749248" totalbytes="2176512" percent="80" regionsoverflowed="0" regionsstable="0" regionsrebuilding="13"/>
  </mem-info>
</gc-start>
<gc-op id="3719" type="mark increment" timems="3.186" contextid="3552" timestamp="2019-07-07T05:34:50.273">
  <trace-info objectcount="59" scancount="58" scanbytes="347016" />
  <cardclean-info objects="140578" bytes="3712100" />
  <finalization candidates="79" enqueued="0" />
  <ownableSynchronizers candidates="23" cleared="0" />
  <references type="soft" candidates="2128" cleared="158" enqueued="158" dynamicThreshold="19" maxThreshold="32" />
  <references type="weak" candidates="5672" cleared="0" enqueued="0" />
  <references type="phantom" candidates="101" cleared="0" enqueued="0" />
  <stringconstants candidates="13319" cleared="0"  />
</gc-op>
<gc-op id="3720" type="classunload" timems="0.006" contextid="3552" timestamp="2019-07-07T05:34:50.273">
  <classunload-info classloadercandidates="53" classloadersunloaded="0" classesunloaded="0" anonymousclassesunloaded="0" quiescems="0.000" setupms="0.006" scanms="0.000" postms="0.000" />
</gc-op>
<gc-end id="3721" type="global mark phase" contextid="3552" durationms="3.585" usertimems="8.000" systemtimems="0.000" timestamp="2019-07-07T05:34:50.274" activeThreads="4">
  <mem-info id="3722" free="24117248" total="54525952" percent="44">
    <pending-finalizers system="0" default="0" reference="158" classloader="0" />
    <remembered-set count="111936" freebytes="1728768" totalbytes="2176512" percent="79" regionsoverflowed="0" regionsstable="0" regionsrebuilding="0"/>
  </mem-info>
</gc-end>
<cycle-end id="3723" type="global mark phase" contextid="3552" timestamp="2019-07-07T05:34:50.274" />
  <attribute name="elasticGC enabled" value="1" />
  <attribute name= "numThreadsSpecified" value="4" />
  <attribute name="heapSize specified" value="0" />
  <attribute name="Current GC Util" value="93" />
  <attribute name= "Current Time Running" value="19800" />
  <attribute name ="GC Interval" value="0" />
  <attribute name="ProportionalT" value="36.500000" />
  <attribute name="ProportionalI" value="36.500000" />
  <attribute name="ProportionalH" value="36.500000" />
  <attribute name="Current Error" value="73.000000" />
  <attribute name="IntegralT" value="36.500000" />
  <attribute name="IntegralI" value="36.500000" />
  <attribute name="IntegralH" value="36.500000" />
  <attribute name="DerivativeT" value="-129.000000" />
  <attribute name="DerivativeI" value="-129.000000" />
  <attribute name="DerivativeH" value="-129.000000" />
  <attribute name="Loop Time for DT" value="1.000000" />
  <attribute name="Output H" value="2091843584"/>
  <attribute name="Output I" value="200"/>
  <attribute name="Output T" value="4"/>
  <attribute name="Target GC Util Change" value ="20.000000" />
  <attribute name="Current GC Util Change" value="93.000000"/>
  <attribute name="GC Util currently" value="93" />
  <attribute name="CPU Util currently" value="12138315619061" />
<exclusive-end id="3724" timestamp="2019-07-07T05:34:50.274" durationms="6.927" />

<exclusive-start id="3725" timestamp="2019-07-07T05:34:50.278" intervalms="10.575">
  <response-info timems="0.073" idlems="0.073" threads="0" lastid="00000000020B9700" lastname="main" />
</exclusive-start>
<allocation-taxation id="3726" taxation-threshold="9437184" timestamp="2019-07-07T05:34:50.278" intervalms="10.577" />
<cycle-start id="3727" type="partial gc" contextid="0" timestamp="2019-07-07T05:34:50.278" intervalms="21.303" />
<gc-start id="3728" type="partial gc" contextid="3727" timestamp="2019-07-07T05:34:50.278">
  <mem-info id="3729" free="14680064" total="54525952" percent="26">
    <mem type="eden" free="1048552" total="19922944" percent="5" />
    <remembered-set count="109024" freebytes="1740416" totalbytes="2176512" percent="79" regionsoverflowed="0" regionsstable="2" regionsrebuilding="0"/>
  </mem-info>
</gc-start>
<allocation-stats totalBytes="18756048" >
  <allocated-bytes non-tlh="0" tlh="18756048" arrayletleaf="0"/>
  <largest-consumer threadName="main" threadId="00000000020B9700" bytes="9378024" />
</allocation-stats>
<gc-op id="3730" type="sweep" timems="0.528" contextid="3727" timestamp="2019-07-07T05:34:50.279" />
<gc-op id="3731" type="copy forward" timems="1.610" contextid="3727" timestamp="2019-07-07T05:34:50.281">
  <memory-copied type="eden" objects="1" bytes="24" bytesdiscarded="0" />
  <memory-copied type="other" objects="0" bytes="0" bytesdiscarded="0" />
  <memory-cardclean objects="75" bytes="4432" />
  <regions eden="9" other="1" />
  <remembered-set-cleared processed="106978" cleared="18" durationms="0.365" />
  <stringconstants candidates="13319" cleared="0"  />
</gc-op>
<gc-op id="3732" type="classunload" timems="0.003" contextid="3727" timestamp="2019-07-07T05:34:50.281">
  <classunload-info classloadercandidates="53" classloadersunloaded="0" classesunloaded="0" anonymousclassesunloaded="0" quiescems="0.000" setupms="0.003" scanms="0.000" postms="0.000" />
</gc-op>
<gc-end id="3733" type="partial gc" contextid="3727" durationms="3.114" usertimems="4.000" systemtimems="0.000" timestamp="2019-07-07T05:34:50.281" activeThreads="4">
  <mem-info id="3734" free="33554432" total="54525952" percent="61">
    <mem type="eden" free="1048552" total="1048576" percent="99" />
    <remembered-set count="108640" freebytes="1741952" totalbytes="2176512" percent="80" regionsoverflowed="0" regionsstable="2" regionsrebuilding="0"/>
  </mem-info>
</gc-end>
<cycle-end id="3735" type="partial gc" contextid="3727" timestamp="2019-07-07T05:34:50.281" />
  <attribute name="elasticGC enabled" value="1" />
  <attribute name= "numThreadsSpecified" value="4" />
  <attribute name="heapSize specified" value="0" />
  <attribute name="Current GC Util" value="0" />
  <attribute name= "Current Time Running" value="19806" />
  <attribute name ="GC Interval" value="0" />
  <attribute name="ProportionalT" value="-10.000000" />
  <attribute name="ProportionalI" value="-10.000000" />
  <attribute name="ProportionalH" value="-10.000000" />
  <attribute name="Current Error" value="-20.000000" />
  <attribute name="IntegralT" value="0.000000" />
  <attribute name="IntegralI" value="0.000000" />
  <attribute name="IntegralH" value="0.000000" />
  <attribute name="DerivativeT" value="-inf" />
  <attribute name="DerivativeI" value="-inf" />
  <attribute name="DerivativeH" value="-inf" />
  <attribute name="Loop Time for DT" value="0.000000" />
  <attribute name="Output H" value="2091843584"/>
  <attribute name="Output I" value="200"/>
  <attribute name="Output T" value="4"/>
  <attribute name="Target GC Util Change" value ="20.000000" />
  <attribute name="Current GC Util Change" value="0.000000"/>
  <attribute name="GC Util currently" value="0" />
  <attribute name="CPU Util currently" value="38559892108665" />
<exclusive-end id="3736" timestamp="2019-07-07T05:34:50.281" durationms="3.896" />

<exclusive-start id="3737" timestamp="2019-07-07T05:34:50.317" intervalms="39.612">
  <response-info timems="0.075" idlems="0.075" threads="0" lastid="00000000020B9700" lastname="main" />
</exclusive-start>
<allocation-taxation id="3738" taxation-threshold="19922944" timestamp="2019-07-07T05:34:50.317" intervalms="39.666" />
<cycle-start id="3739" type="partial gc" contextid="0" timestamp="2019-07-07T05:34:50.318" intervalms="39.710" />
<gc-start id="3740" type="partial gc" contextid="3739" timestamp="2019-07-07T05:34:50.318">
  <mem-info id="3741" free="13631488" total="54525952" percent="25">
    <mem type="eden" free="1048552" total="20971520" percent="4" />
    <remembered-set count="108160" freebytes="1743872" totalbytes="2176512" percent="80" regionsoverflowed="0" regionsstable="2" regionsrebuilding="0"/>
  </mem-info>
</gc-start>
<allocation-stats totalBytes="19916976" >
  <allocated-bytes non-tlh="0" tlh="19916976" arrayletleaf="0"/>
  <largest-consumer threadName="main" threadId="00000000020B9700" bytes="19916976" />
</allocation-stats>
<gc-op id="3742" type="copy forward" timems="1.486" contextid="3739" timestamp="2019-07-07T05:34:50.320">
  <memory-copied type="eden" objects="163" bytes="5368" bytesdiscarded="0" />
  <memory-copied type="other" objects="6" bytes="136" bytesdiscarded="0" />
  <memory-cardclean objects="85" bytes="2728" />
  <regions eden="19" other="2" />
  <remembered-set-cleared processed="106969" cleared="40" durationms="0.704" />
  <stringconstants candidates="13319" cleared="0"  />
</gc-op>
<gc-op id="3743" type="classunload" timems="0.004" contextid="3739" timestamp="2019-07-07T05:34:50.320">
  <classunload-info classloadercandidates="53" classloadersunloaded="0" classesunloaded="0" anonymousclassesunloaded="0" quiescems="0.000" setupms="0.004" scanms="0.000" postms="0.000" />
</gc-op>
<gc-end id="3744" type="partial gc" contextid="3739" durationms="2.718" usertimems="4.000" systemtimems="0.000" timestamp="2019-07-07T05:34:50.321" activeThreads="1">
  <mem-info id="3745" free="33554432" total="54525952" percent="61">
    <mem type="eden" free="1043208" total="1048576" percent="99" />
    <remembered-set count="108512" freebytes="1742464" totalbytes="2176512" percent="80" regionsoverflowed="0" regionsstable="2" regionsrebuilding="0"/>
  </mem-info>
</gc-end>
<cycle-end id="3746" type="partial gc" contextid="3739" timestamp="2019-07-07T05:34:50.321" />
  <attribute name="elasticGC enabled" value="1" />
  <attribute name= "numThreadsSpecified" value="1" />
  <attribute name="heapSize specified" value="0" />
  <attribute name="Current GC Util" value="73" />
  <attribute name= "Current Time Running" value="19846" />
  <attribute name ="GC Interval" value="0" />
  <attribute name="ProportionalT" value="26.500000" />
  <attribute name="ProportionalI" value="26.500000" />
  <attribute name="ProportionalH" value="26.500000" />
  <attribute name="Current Error" value="53.000000" />
  <attribute name="IntegralT" value="0.000000" />
  <attribute name="IntegralI" value="0.000000" />
  <attribute name="IntegralH" value="0.000000" />
  <attribute name="DerivativeT" value="inf" />
  <attribute name="DerivativeI" value="inf" />
  <attribute name="DerivativeH" value="inf" />
  <attribute name="Loop Time for DT" value="0.000000" />
  <attribute name="Output H" value="8388608"/>
  <attribute name="Output I" value="200"/>
  <attribute name="Output T" value="1"/>
  <attribute name="Target GC Util Change" value ="20.000000" />
  <attribute name="Current GC Util Change" value="73.000000"/>
  <attribute name="GC Util currently" value="73" />
  <attribute name="CPU Util currently" value="20065988950567" />
<exclusive-end id="3747" timestamp="2019-07-07T05:34:50.321" durationms="3.904" />

<exclusive-start id="3748" timestamp="2019-07-07T05:34:50.358" intervalms="41.242">
  <response-info timems="0.084" idlems="0.084" threads="0" lastid="00000000020B9700" lastname="main" />
</exclusive-start>
<allocation-taxation id="3749" taxation-threshold="19922944" timestamp="2019-07-07T05:34:50.359" intervalms="41.237" />
<cycle-start id="3750" type="partial gc" contextid="0" timestamp="2019-07-07T05:34:50.359" intervalms="41.251" />
<gc-start id="3751" type="partial gc" contextid="3750" timestamp="2019-07-07T05:34:50.359">
  <mem-info id="3752" free="13631488" total="54525952" percent="25">
    <mem type="eden" free="0" total="19922944" percent="0" />
    <remembered-set count="108128" freebytes="1744000" totalbytes="2176512" percent="80" regionsoverflowed="0" regionsstable="2" regionsrebuilding="0"/>
  </mem-info>
</gc-start>
<allocation-stats totalBytes="19920152" >
  <allocated-bytes non-tlh="0" tlh="19920152" arrayletleaf="0"/>
  <largest-consumer threadName="main" threadId="00000000020B9700" bytes="19920152" />
</allocation-stats>
<gc-op id="3753" type="copy forward" timems="1.419" contextid="3750" timestamp="2019-07-07T05:34:50.361">
  <memory-copied type="eden" objects="101" bytes="3288" bytesdiscarded="0" />
  <memory-copied type="other" objects="49" bytes="1656" bytesdiscarded="0" />
  <memory-cardclean objects="47" bytes="1600" />
  <regions eden="19" other="1" />
  <remembered-set-cleared processed="106987" cleared="47" durationms="0.689" />
  <stringconstants candidates="13319" cleared="0"  />
</gc-op>
<gc-op id="3754" type="classunload" timems="0.004" contextid="3750" timestamp="2019-07-07T05:34:50.362">
  <classunload-info classloadercandidates="53" classloadersunloaded="0" classesunloaded="0" anonymousclassesunloaded="0" quiescems="0.000" setupms="0.004" scanms="0.000" postms="0.000" />
</gc-op>
<heap-resize id="3755" type="expand" space="default" amount="1048576" count="1" timems="0.058" reason="excessive time being spent in gc" timestamp="2019-07-07T05:34:50.362" />
<gc-end id="3756" type="partial gc" contextid="3750" durationms="2.898" usertimems="4.000" systemtimems="0.000" timestamp="2019-07-07T05:34:50.362" activeThreads="1">
  <mem-info id="3757" free="33554432" total="55574528" percent="60">
    <mem type="eden" free="1045288" total="1048576" percent="99" />
    <remembered-set count="108608" freebytes="1783936" totalbytes="2218368" percent="80" regionsoverflowed="0" regionsstable="2" regionsrebuilding="0"/>
  </mem-info>
</gc-end>
<cycle-end id="3758" type="partial gc" contextid="3750" timestamp="2019-07-07T05:34:50.362" />
  <attribute name="elasticGC enabled" value="1" />
  <attribute name= "numThreadsSpecified" value="1" />
  <attribute name="heapSize specified" value="0" />
  <attribute name="Current GC Util" value="63" />
  <attribute name= "Current Time Running" value="19887" />
  <attribute name ="GC Interval" value="0" />
  <attribute name="ProportionalT" value="21.500000" />
  <attribute name="ProportionalI" value="21.500000" />
  <attribute name="ProportionalH" value="21.500000" />
  <attribute name="Current Error" value="43.000000" />
  <attribute name="IntegralT" value="0.000000" />
  <attribute name="IntegralI" value="0.000000" />
  <attribute name="IntegralH" value="0.000000" />
  <attribute name="DerivativeT" value="inf" />
  <attribute name="DerivativeI" value="inf" />
  <attribute name="DerivativeH" value="inf" />
  <attribute name="Loop Time for DT" value="0.000000" />
  <attribute name="Output H" value="8388608"/>
  <attribute name="Output I" value="200"/>
  <attribute name="Output T" value="1"/>
  <attribute name="Target GC Util Change" value ="20.000000" />
  <attribute name="Current GC Util Change" value="63.000000"/>
  <attribute name="GC Util currently" value="63" />
  <attribute name="CPU Util currently" value="11608354900125" />
<exclusive-end id="3759" timestamp="2019-07-07T05:34:50.363" durationms="4.089" />

<exclusive-start id="3760" timestamp="2019-07-07T05:34:50.380" intervalms="21.430">
  <response-info timems="0.074" idlems="0.074" threads="0" lastid="00000000020B9700" lastname="main" />
</exclusive-start>
<allocation-taxation id="3761" taxation-threshold="10485760" timestamp="2019-07-07T05:34:50.380" intervalms="21.422" />
<cycle-start id="3762" type="global mark phase" contextid="0" timestamp="2019-07-07T05:34:50.380" intervalms="210.269" />
<gc-start id="3763" type="global mark phase" contextid="3762" timestamp="2019-07-07T05:34:50.381">
  <mem-info id="3764" free="23068672" total="55574528" percent="41">
    <remembered-set count="108160" freebytes="1785728" totalbytes="2218368" percent="80" regionsoverflowed="0" regionsstable="2" regionsrebuilding="0"/>
  </mem-info>
</gc-start>
<gc-op id="3765" type="mark increment" timems="1.223" contextid="3762" timestamp="2019-07-07T05:34:50.382">
  <trace-info objectcount="12925" scancount="5580" scanbytes="205924" />
</gc-op>
<gc-end id="3766" type="global mark phase" contextid="3762" durationms="1.439" usertimems="4.000" systemtimems="0.000" timestamp="2019-07-07T05:34:50.382" activeThreads="4">
  <mem-info id="3767" free="23068672" total="55574528" percent="41">
    <remembered-set count="108160" freebytes="1785728" totalbytes="2218368" percent="80" regionsoverflowed="0" regionsstable="0" regionsrebuilding="2"/>
  </mem-info>
</gc-end>
<concurrent-start id="3768" type="GMP work packet processing" contextid="3762" timestamp="2019-07-07T05:34:50.382">
  <concurrent-mark-start scanTarget="1879335" />
</concurrent-start>
<exclusive-end id="3769" timestamp="2019-07-07T05:34:50.382" durationms="2.333" />

<concurrent-end id="3770" type="GMP work packet processing" contextid="3762" timestamp="2019-07-07T05:34:50.384">
  <concurrent-mark-end bytesScanned="1966284" reasonForTermination="Work target met" />
</concurrent-end>

<exclusive-start id="3771" timestamp="2019-07-07T05:34:50.400" intervalms="19.640">
  <response-info timems="0.072" idlems="0.072" threads="0" lastid="00000000020B9700" lastname="main" />
</exclusive-start>
<allocation-taxation id="3772" taxation-threshold="10485760" timestamp="2019-07-07T05:34:50.400" intervalms="19.596" />
<cycle-start id="3773" type="partial gc" contextid="0" timestamp="2019-07-07T05:34:50.400" intervalms="40.939" />
<gc-start id="3774" type="partial gc" contextid="3773" timestamp="2019-07-07T05:34:50.400">
  <mem-info id="3775" free="12582912" total="55574528" percent="22">
    <mem type="eden" free="1045288" total="22020096" percent="4" />
    <remembered-set count="108160" freebytes="1785728" totalbytes="2218368" percent="80" regionsoverflowed="0" regionsstable="0" regionsrebuilding="2"/>
  </mem-info>
</gc-start>
<allocation-stats totalBytes="20968664" >
  <allocated-bytes non-tlh="0" tlh="20968664" arrayletleaf="0"/>
  <largest-consumer threadName="main" threadId="00000000020B9700" bytes="10484488" />
</allocation-stats>
<gc-op id="3776" type="copy forward" timems="1.819" contextid="3773" timestamp="2019-07-07T05:34:50.403">
  <memory-copied type="eden" objects="332" bytes="10832" bytesdiscarded="1296" />
  <memory-copied type="other" objects="0" bytes="0" bytesdiscarded="0" />
  <memory-cardclean objects="122" bytes="11992" />
  <regions eden="20" other="1" />
  <remembered-set-cleared processed="106993" cleared="72" durationms="0.380" />
  <references type="weak" candidates="37" cleared="0" enqueued="0" />
  <stringconstants candidates="13319" cleared="0"  />
</gc-op>
<gc-op id="3777" type="classunload" timems="0.003" contextid="3773" timestamp="2019-07-07T05:34:50.403">
  <classunload-info classloadercandidates="53" classloadersunloaded="0" classesunloaded="0" anonymousclassesunloaded="0" quiescems="0.000" setupms="0.003" scanms="0.000" postms="0.000" />
</gc-op>
<gc-end id="3778" type="partial gc" contextid="3773" durationms="2.784" usertimems="4.000" systemtimems="0.000" timestamp="2019-07-07T05:34:50.403" activeThreads="4">
  <mem-info id="3779" free="33554432" total="55574528" percent="60">
    <mem type="eden" free="1036400" total="1048576" percent="98" />
    <remembered-set count="109632" freebytes="1779840" totalbytes="2218368" percent="80" regionsoverflowed="0" regionsstable="0" regionsrebuilding="2"/>
  </mem-info>
</gc-end>
<cycle-end id="3780" type="partial gc" contextid="3773" timestamp="2019-07-07T05:34:50.403" />
  <attribute name="elasticGC enabled" value="1" />
  <attribute name= "numThreadsSpecified" value="4" />
  <attribute name="heapSize specified" value="0" />
  <attribute name="Current GC Util" value="0" />
  <attribute name= "Current Time Running" value="19928" />
  <attribute name ="GC Interval" value="0" />
  <attribute name="ProportionalT" value="-10.000000" />
  <attribute name="ProportionalI" value="-10.000000" />
  <attribute name="ProportionalH" value="-10.000000" />
  <attribute name="Current Error" value="-20.000000" />
  <attribute name="IntegralT" value="0.000000" />
  <attribute name="IntegralI" value="0.000000" />
  <attribute name="IntegralH" value="0.000000" />
  <attribute name="DerivativeT" value="-inf" />
  <attribute name="DerivativeI" value="-inf" />
  <attribute name="DerivativeH" value="-inf" />
  <attribute name="Loop Time for DT" value="0.000000" />
  <attribute name="Output H" value="2091843584"/>
  <attribute name="Output I" value="200"/>
  <attribute name="Output T" value="4"/>
  <attribute name="Target GC Util Change" value ="20.000000" />
  <attribute name="Current GC Util Change" value="0.000000"/>
  <attribute name="GC Util currently" value="0" />
  <attribute name="CPU Util currently" value="32646792977627" />
<exclusive-end id="3781" timestamp="2019-07-07T05:34:50.403" durationms="3.756" />

<exclusive-start id="3782" timestamp="2019-07-07T05:34:50.419" intervalms="19.204">
  <response-info timems="0.075" idlems="0.075" threads="0" lastid="00000000020B9700" lastname="main" />
</exclusive-start>
<allocation-taxation id="3783" taxation-threshold="10485760" timestamp="2019-07-07T05:34:50.419" intervalms="19.249" />
<gc-start id="3784" type="global mark phase" contextid="3762" timestamp="2019-07-07T05:34:50.419">
  <mem-info id="3785" free="23068672" total="55574528" percent="41">
    <remembered-set count="78304" freebytes="1905152" totalbytes="2218368" percent="85" regionsoverflowed="0" regionsstable="9" regionsrebuilding="2"/>
  </mem-info>
</gc-start>
<gc-end id="3786" type="global mark phase" contextid="3762" durationms="0.196" usertimems="0.000" systemtimems="0.000" timestamp="2019-07-07T05:34:50.419" activeThreads="4">
  <mem-info id="3787" free="23068672" total="55574528" percent="41">
    <remembered-set count="78304" freebytes="1905152" totalbytes="2218368" percent="85" regionsoverflowed="0" regionsstable="9" regionsrebuilding="2"/>
  </mem-info>
</gc-end>
<concurrent-start id="3788" type="GMP work packet processing" contextid="3762" timestamp="2019-07-07T05:34:50.420">
  <concurrent-mark-start scanTarget="1879335" />
</concurrent-start>
<exclusive-end id="3789" timestamp="2019-07-07T05:34:50.420" durationms="1.057" />

<concurrent-end id="3790" type="GMP work packet processing" contextid="3762" timestamp="2019-07-07T05:34:50.421">
  <concurrent-mark-end bytesScanned="1929552" reasonForTermination="Work target met" />
</concurrent-end>

<exclusive-start id="3791" timestamp="2019-07-07T05:34:50.436" intervalms="17.169">
  <response-info timems="0.079" idlems="0.079" threads="0" lastid="00000000020B9700" lastname="main" />
</exclusive-start>
<allocation-taxation id="3792" taxation-threshold="10485760" timestamp="2019-07-07T05:34:50.436" intervalms="17.156" />
<cycle-start id="3793" type="partial gc" contextid="0" timestamp="2019-07-07T05:34:50.436" intervalms="36.519" />
<gc-start id="3794" type="partial gc" contextid="3793" timestamp="2019-07-07T05:34:50.437">
  <mem-info id="3795" free="12582912" total="55574528" percent="22">
    <mem type="eden" free="0" total="20971520" percent="0" />
    <remembered-set count="78816" freebytes="1903104" totalbytes="2218368" percent="85" regionsoverflowed="0" regionsstable="9" regionsrebuilding="2"/>
  </mem-info>
</gc-start>
<allocation-stats totalBytes="20968928" >
  <allocated-bytes non-tlh="0" tlh="20968928" arrayletleaf="0"/>
  <largest-consumer threadName="main" threadId="00000000020B9700" bytes="10484496" />
</allocation-stats>
<gc-op id="3796" type="copy forward" timems="1.786" contextid="3793" timestamp="2019-07-07T05:34:50.439">
  <memory-copied type="eden" objects="127" bytes="3928" bytesdiscarded="0" />
  <memory-copied type="other" objects="212" bytes="7208" bytesdiscarded="0" />
  <memory-cardclean objects="92" bytes="11488" />
  <regions eden="20" other="1" />
  <remembered-set-cleared processed="76807" cleared="97" durationms="0.732" />
  <references type="weak" candidates="37" cleared="0" enqueued="0" />
  <stringconstants candidates="13319" cleared="0"  />
</gc-op>
<gc-op id="3797" type="classunload" timems="0.003" contextid="3793" timestamp="2019-07-07T05:34:50.439">
  <classunload-info classloadercandidates="53" classloadersunloaded="0" classesunloaded="0" anonymousclassesunloaded="0" quiescems="0.000" setupms="0.003" scanms="0.000" postms="0.000" />
</gc-op>
<gc-end id="3798" type="partial gc" contextid="3793" durationms="2.968" usertimems="0.000" systemtimems="4.000" timestamp="2019-07-07T05:34:50.440" activeThreads="1">
  <mem-info id="3799" free="32505856" total="55574528" percent="58">
    <mem type="eden" free="1044648" total="1048576" percent="99" />
    <remembered-set count="79136" freebytes="1901824" totalbytes="2218368" percent="85" regionsoverflowed="0" regionsstable="9" regionsrebuilding="2"/>
  </mem-info>
</gc-end>
<cycle-end id="3800" type="partial gc" contextid="3793" timestamp="2019-07-07T05:34:50.440" />
  <attribute name="elasticGC enabled" value="1" />
  <attribute name= "numThreadsSpecified" value="1" />
  <attribute name="heapSize specified" value="0" />
  <attribute name="Current GC Util" value="77" />
  <attribute name= "Current Time Running" value="19964" />
  <attribute name ="GC Interval" value="0" />
  <attribute name="ProportionalT" value="28.500000" />
  <attribute name="ProportionalI" value="28.500000" />
  <attribute name="ProportionalH" value="28.500000" />
  <attribute name="Current Error" value="57.000000" />
  <attribute name="IntegralT" value="0.000000" />
  <attribute name="IntegralI" value="0.000000" />
  <attribute name="IntegralH" value="0.000000" />
  <attribute name="DerivativeT" value="inf" />
  <attribute name="DerivativeI" value="inf" />
  <attribute name="DerivativeH" value="inf" />
  <attribute name="Loop Time for DT" value="0.000000" />
  <attribute name="Output H" value="8388608"/>
  <attribute name="Output I" value="200"/>
  <attribute name="Output T" value="1"/>
  <attribute name="Target GC Util Change" value ="20.000000" />
  <attribute name="Current GC Util Change" value="77.000000"/>
  <attribute name="GC Util currently" value="77" />
  <attribute name="CPU Util currently" value="19077365290396" />
<exclusive-end id="3801" timestamp="2019-07-07T05:34:50.440" durationms="4.169" />

<exclusive-start id="3802" timestamp="2019-07-07T05:34:50.455" intervalms="19.556">
  <response-info timems="0.079" idlems="0.079" threads="0" lastid="00000000020B9700" lastname="main" />
</exclusive-start>
<allocation-taxation id="3803" taxation-threshold="10485760" timestamp="2019-07-07T05:34:50.456" intervalms="19.545" />
<gc-start id="3804" type="global mark phase" contextid="3762" timestamp="2019-07-07T05:34:50.456">
  <mem-info id="3805" free="22020096" total="55574528" percent="39">
    <remembered-set count="78752" freebytes="1903360" totalbytes="2218368" percent="85" regionsoverflowed="0" regionsstable="9" regionsrebuilding="2"/>
  </mem-info>
</gc-start>
<gc-end id="3806" type="global mark phase" contextid="3762" durationms="0.200" usertimems="0.000" systemtimems="0.000" timestamp="2019-07-07T05:34:50.456" activeThreads="1">
  <mem-info id="3807" free="22020096" total="55574528" percent="39">
    <remembered-set count="78752" freebytes="1903360" totalbytes="2218368" percent="85" regionsoverflowed="0" regionsstable="9" regionsrebuilding="2"/>
  </mem-info>
</gc-end>
<concurrent-start id="3808" type="GMP work packet processing" contextid="3762" timestamp="2019-07-07T05:34:50.456">
  <concurrent-mark-start scanTarget="1048576" />
</concurrent-start>
<exclusive-end id="3809" timestamp="2019-07-07T05:34:50.457" durationms="1.517" />

<concurrent-end id="3810" type="GMP work packet processing" contextid="3762" timestamp="2019-07-07T05:34:50.457">
  <concurrent-mark-end bytesScanned="1108708" reasonForTermination="Work target met" />
</concurrent-end>

<exclusive-start id="3811" timestamp="2019-07-07T05:34:50.469" intervalms="13.169">
  <response-info timems="0.077" idlems="0.077" threads="0" lastid="00000000020B9700" lastname="main" />
</exclusive-start>
<allocation-taxation id="3812" taxation-threshold="10485760" timestamp="2019-07-07T05:34:50.469" intervalms="13.195" />
<cycle-start id="3813" type="partial gc" contextid="0" timestamp="2019-07-07T05:34:50.469" intervalms="32.688" />
<gc-start id="3814" type="partial gc" contextid="3813" timestamp="2019-07-07T05:34:50.469">
  <mem-info id="3815" free="11534336" total="55574528" percent="20">
    <mem type="eden" free="1044648" total="22020096" percent="4" />
    <remembered-set count="78816" freebytes="1903104" totalbytes="2218368" percent="85" regionsoverflowed="0" regionsstable="9" regionsrebuilding="2"/>
  </mem-info>
</gc-start>
<allocation-stats totalBytes="20966472" >
  <allocated-bytes non-tlh="0" tlh="20966472" arrayletleaf="0"/>
  <largest-consumer threadName="main" threadId="00000000020B9700" bytes="10481976" />
</allocation-stats>
<gc-op id="3816" type="copy forward" timems="1.603" contextid="3813" timestamp="2019-07-07T05:34:50.472">
  <memory-copied type="eden" objects="134" bytes="4344" bytesdiscarded="0" />
  <memory-copied type="other" objects="0" bytes="0" bytesdiscarded="0" />
  <memory-cardclean objects="78" bytes="2528" />
  <regions eden="20" other="1" />
  <remembered-set-cleared processed="76934" cleared="34" durationms="0.572" />
  <stringconstants candidates="13319" cleared="0"  />
</gc-op>
<gc-op id="3817" type="classunload" timems="0.004" contextid="3813" timestamp="2019-07-07T05:34:50.472">
  <classunload-info classloadercandidates="53" classloadersunloaded="0" classesunloaded="0" anonymousclassesunloaded="0" quiescems="0.000" setupms="0.003" scanms="0.000" postms="0.000" />
</gc-op>
<gc-end id="3818" type="partial gc" contextid="3813" durationms="2.865" usertimems="4.000" systemtimems="0.000" timestamp="2019-07-07T05:34:50.472" activeThreads="1">
  <mem-info id="3819" free="32505856" total="55574528" percent="58">
    <mem type="eden" free="1044232" total="1048576" percent="99" />
    <remembered-set count="79264" freebytes="1901312" totalbytes="2218368" percent="85" regionsoverflowed="0" regionsstable="9" regionsrebuilding="2"/>
  </mem-info>
</gc-end>
<cycle-end id="3820" type="partial gc" contextid="3813" timestamp="2019-07-07T05:34:50.472" />
  <attribute name="elasticGC enabled" value="1" />
  <attribute name= "numThreadsSpecified" value="1" />
  <attribute name="heapSize specified" value="0" />
  <attribute name="Current GC Util" value="56" />
  <attribute name= "Current Time Running" value="19997" />
  <attribute name ="GC Interval" value="0" />
  <attribute name="ProportionalT" value="18.000000" />
  <attribute name="ProportionalI" value="18.000000" />
  <attribute name="ProportionalH" value="18.000000" />
  <attribute name="Current Error" value="36.000000" />
  <attribute name="IntegralT" value="0.000000" />
  <attribute name="IntegralI" value="0.000000" />
  <attribute name="IntegralH" value="0.000000" />
  <attribute name="DerivativeT" value="inf" />
  <attribute name="DerivativeI" value="inf" />
  <attribute name="DerivativeH" value="inf" />
  <attribute name="Loop Time for DT" value="0.000000" />
  <attribute name="Output H" value="8388608"/>
  <attribute name="Output I" value="200"/>
  <attribute name="Output T" value="1"/>
  <attribute name="Target GC Util Change" value ="20.000000" />
  <attribute name="Current GC Util Change" value="56.000000"/>
  <attribute name="GC Util currently" value="56" />
  <attribute name="CPU Util currently" value="20595883114121" />
<exclusive-end id="3821" timestamp="2019-07-07T05:34:50.473" durationms="4.000" />

<exclusive-start id="3822" timestamp="2019-07-07T05:34:50.476" intervalms="7.376">
  <response-info timems="0.080" idlems="0.080" threads="0" lastid="00000000020B9700" lastname="main" />
</exclusive-start>
<allocation-taxation id="3823" taxation-threshold="10485760" timestamp="2019-07-07T05:34:50.476" intervalms="7.337" />
<gc-start id="3824" type="global mark phase" contextid="3762" timestamp="2019-07-07T05:34:50.476">
  <mem-info id="3825" free="22020096" total="55574528" percent="39">
    <remembered-set count="78848" freebytes="1902976" totalbytes="2218368" percent="85" regionsoverflowed="0" regionsstable="9" regionsrebuilding="2"/>
  </mem-info>
</gc-start>
<gc-end id="3826" type="global mark phase" contextid="3762" durationms="0.209" usertimems="0.000" systemtimems="0.000" timestamp="2019-07-07T05:34:50.477" activeThreads="1">
  <mem-info id="3827" free="22020096" total="55574528" percent="39">
    <remembered-set count="78848" freebytes="1902976" totalbytes="2218368" percent="85" regionsoverflowed="0" regionsstable="9" regionsrebuilding="2"/>
  </mem-info>
</gc-end>
<concurrent-start id="3828" type="GMP work packet processing" contextid="3762" timestamp="2019-07-07T05:34:50.477">
  <concurrent-mark-start scanTarget="1048576" />
</concurrent-start>
<exclusive-end id="3829" timestamp="2019-07-07T05:34:50.477" durationms="1.398" />

<concurrent-end id="3830" type="GMP work packet processing" contextid="3762" timestamp="2019-07-07T05:34:50.477">
  <concurrent-mark-end bytesScanned="1078632" reasonForTermination="Work target met" />
</concurrent-end>

<exclusive-start id="3831" timestamp="2019-07-07T05:34:50.481" intervalms="4.632">
  <response-info timems="0.065" idlems="0.065" threads="0" lastid="00000000020B9700" lastname="main" />
</exclusive-start>
<allocation-taxation id="3832" taxation-threshold="10485760" timestamp="2019-07-07T05:34:50.481" intervalms="4.642" />
<cycle-start id="3833" type="partial gc" contextid="0" timestamp="2019-07-07T05:34:50.481" intervalms="11.993" />
<gc-start id="3834" type="partial gc" contextid="3833" timestamp="2019-07-07T05:34:50.481">
  <mem-info id="3835" free="11534336" total="55574528" percent="20">
    <mem type="eden" free="0" total="20971520" percent="0" />
    <remembered-set count="78848" freebytes="1902976" totalbytes="2218368" percent="85" regionsoverflowed="0" regionsstable="9" regionsrebuilding="2"/>
  </mem-info>
</gc-start>
<allocation-stats totalBytes="20958136" >
  <allocated-bytes non-tlh="0" tlh="20958136" arrayletleaf="0"/>
  <largest-consumer threadName="main" threadId="00000000020B9700" bytes="10480456" />
</allocation-stats>
<gc-op id="3836" type="copy forward" timems="1.561" contextid="3833" timestamp="2019-07-07T05:34:50.484">
  <memory-copied type="eden" objects="5" bytes="256" bytesdiscarded="0" />
  <memory-copied type="other" objects="130" bytes="4008" bytesdiscarded="0" />
  <memory-cardclean objects="53" bytes="2040" />
  <regions eden="20" other="1" />
  <remembered-set-cleared processed="76951" cleared="45" durationms="0.572" />
  <stringconstants candidates="13319" cleared="0"  />
</gc-op>
<gc-op id="3837" type="classunload" timems="0.003" contextid="3833" timestamp="2019-07-07T05:34:50.484">
  <classunload-info classloadercandidates="53" classloadersunloaded="0" classesunloaded="0" anonymousclassesunloaded="0" quiescems="0.000" setupms="0.003" scanms="0.000" postms="0.000" />
</gc-op>
<heap-resize id="3838" type="expand" space="default" amount="5242880" count="1" timems="0.059" reason="excessive time being spent in gc" timestamp="2019-07-07T05:34:50.484" />
<gc-end id="3839" type="partial gc" contextid="3833" durationms="2.991" usertimems="4.000" systemtimems="0.000" timestamp="2019-07-07T05:34:50.484" activeThreads="1">
  <mem-info id="3840" free="36700160" total="60817408" percent="60">
    <mem type="eden" free="1048320" total="1048576" percent="99" />
    <remembered-set count="79264" freebytes="2110592" totalbytes="2427648" percent="86" regionsoverflowed="0" regionsstable="9" regionsrebuilding="2"/>
  </mem-info>
</gc-end>
<cycle-end id="3841" type="partial gc" contextid="3833" timestamp="2019-07-07T05:34:50.484" />
  <attribute name="elasticGC enabled" value="1" />
  <attribute name= "numThreadsSpecified" value="1" />
  <attribute name="heapSize specified" value="0" />
  <attribute name="Current GC Util" value="74" />
  <attribute name= "Current Time Running" value="20009" />
  <attribute name ="GC Interval" value="0" />
  <attribute name="ProportionalT" value="27.000000" />
  <attribute name="ProportionalI" value="27.000000" />
  <attribute name="ProportionalH" value="27.000000" />
  <attribute name="Current Error" value="54.000000" />
  <attribute name="IntegralT" value="0.000000" />
  <attribute name="IntegralI" value="0.000000" />
  <attribute name="IntegralH" value="0.000000" />
  <attribute name="DerivativeT" value="inf" />
  <attribute name="DerivativeI" value="inf" />
  <attribute name="DerivativeH" value="inf" />
  <attribute name="Loop Time for DT" value="0.000000" />
  <attribute name="Output H" value="8388608"/>
  <attribute name="Output I" value="200"/>
  <attribute name="Output T" value="1"/>
  <attribute name="Target GC Util Change" value ="20.000000" />
  <attribute name="Current GC Util Change" value="74.000000"/>
  <attribute name="GC Util currently" value="74" />
  <attribute name="CPU Util currently" value="20533067861800" />
<exclusive-end id="3842" timestamp="2019-07-07T05:34:50.485" durationms="4.148" />

<exclusive-start id="3843" timestamp="2019-07-07T05:34:50.488" intervalms="7.529">
  <response-info timems="0.076" idlems="0.076" threads="0" lastid="00000000020B9700" lastname="main" />
</exclusive-start>
<allocation-taxation id="3844" taxation-threshold="10485760" timestamp="2019-07-07T05:34:50.488" intervalms="7.558" />
<gc-start id="3845" type="global mark phase" contextid="3762" timestamp="2019-07-07T05:34:50.489">
  <mem-info id="3846" free="26214400" total="60817408" percent="43">
    <remembered-set count="78880" freebytes="2112128" totalbytes="2427648" percent="87" regionsoverflowed="0" regionsstable="9" regionsrebuilding="2"/>
  </mem-info>
</gc-start>
<gc-end id="3847" type="global mark phase" contextid="3762" durationms="0.179" usertimems="0.000" systemtimems="0.000" timestamp="2019-07-07T05:34:50.489" activeThreads="1">
  <mem-info id="3848" free="26214400" total="60817408" percent="43">
    <remembered-set count="78880" freebytes="2112128" totalbytes="2427648" percent="87" regionsoverflowed="0" regionsstable="9" regionsrebuilding="2"/>
  </mem-info>
</gc-end>
<concurrent-start id="3849" type="GMP work packet processing" contextid="3762" timestamp="2019-07-07T05:34:50.489">
  <concurrent-mark-start scanTarget="1048576" />
</concurrent-start>
<exclusive-end id="3850" timestamp="2019-07-07T05:34:50.489" durationms="0.876" />

<concurrent-end id="3851" type="GMP work packet processing" contextid="3762" timestamp="2019-07-07T05:34:50.490">
  <concurrent-mark-end bytesScanned="1091600" reasonForTermination="Work target met" />
</concurrent-end>

<exclusive-start id="3852" timestamp="2019-07-07T05:34:50.493" intervalms="4.599">
  <response-info timems="0.069" idlems="0.069" threads="0" lastid="00000000020B9700" lastname="main" />
</exclusive-start>
<allocation-taxation id="3853" taxation-threshold="10485760" timestamp="2019-07-07T05:34:50.493" intervalms="4.537" />
<cycle-start id="3854" type="partial gc" contextid="0" timestamp="2019-07-07T05:34:50.493" intervalms="12.137" />
<gc-start id="3855" type="partial gc" contextid="3854" timestamp="2019-07-07T05:34:50.493">
  <mem-info id="3856" free="15728640" total="60817408" percent="25">
    <mem type="eden" free="1048320" total="22020096" percent="4" />
    <remembered-set count="78880" freebytes="2112128" totalbytes="2427648" percent="87" regionsoverflowed="0" regionsstable="9" regionsrebuilding="2"/>
  </mem-info>
</gc-start>
<allocation-stats totalBytes="20960280" >
  <allocated-bytes non-tlh="0" tlh="20960280" arrayletleaf="0"/>
  <largest-consumer threadName="main" threadId="00000000020B9700" bytes="10480584" />
</allocation-stats>
<gc-op id="3857" type="copy forward" timems="1.545" contextid="3854" timestamp="2019-07-07T05:34:50.496">
  <memory-copied type="eden" objects="5" bytes="368" bytesdiscarded="0" />
  <memory-copied type="other" objects="0" bytes="0" bytesdiscarded="0" />
  <memory-cardclean objects="15" bytes="512" />
  <regions eden="20" other="1" />
  <remembered-set-cleared processed="76957" cleared="6" durationms="0.559" />
  <stringconstants candidates="13319" cleared="0"  />
</gc-op>
<gc-op id="3858" type="classunload" timems="0.003" contextid="3854" timestamp="2019-07-07T05:34:50.496">
  <classunload-info classloadercandidates="53" classloadersunloaded="0" classesunloaded="0" anonymousclassesunloaded="0" quiescems="0.000" setupms="0.003" scanms="0.000" postms="0.000" />
</gc-op>
<gc-end id="3859" type="partial gc" contextid="3854" durationms="2.769" usertimems="4.000" systemtimems="0.000" timestamp="2019-07-07T05:34:50.496" activeThreads="1">
  <mem-info id="3860" free="36700160" total="60817408" percent="60">
    <mem type="eden" free="1048208" total="1048576" percent="99" />
    <remembered-set count="79328" freebytes="2110336" totalbytes="2427648" percent="86" regionsoverflowed="0" regionsstable="9" regionsrebuilding="2"/>
  </mem-info>
</gc-end>
<cycle-end id="3861" type="partial gc" contextid="3854" timestamp="2019-07-07T05:34:50.496" />
  <attribute name="elasticGC enabled" value="1" />
  <attribute name= "numThreadsSpecified" value="1" />
  <attribute name="heapSize specified" value="0" />
  <attribute name="Current GC Util" value="72" />
  <attribute name= "Current Time Running" value="20021" />
  <attribute name ="GC Interval" value="0" />
  <attribute name="ProportionalT" value="26.000000" />
  <attribute name="ProportionalI" value="26.000000" />
  <attribute name="ProportionalH" value="26.000000" />
  <attribute name="Current Error" value="52.000000" />
  <attribute name="IntegralT" value="0.000000" />
  <attribute name="IntegralI" value="0.000000" />
  <attribute name="IntegralH" value="0.000000" />
  <attribute name="DerivativeT" value="inf" />
  <attribute name="DerivativeI" value="inf" />
  <attribute name="DerivativeH" value="inf" />
  <attribute name="Loop Time for DT" value="0.000000" />
  <attribute name="Output H" value="8388608"/>
  <attribute name="Output I" value="200"/>
  <attribute name="Output T" value="1"/>
  <attribute name="Target GC Util Change" value ="20.000000" />
  <attribute name="Current GC Util Change" value="72.000000"/>
  <attribute name="GC Util currently" value="72" />
  <attribute name="CPU Util currently" value="18867025768096" />
<exclusive-end id="3862" timestamp="2019-07-07T05:34:50.497" durationms="3.860" />

<exclusive-start id="3863" timestamp="2019-07-07T05:34:50.500" intervalms="7.252">
  <response-info timems="0.085" idlems="0.085" threads="0" lastid="00000000020B9700" lastname="main" />
</exclusive-start>
<allocation-taxation id="3864" taxation-threshold="10485760" timestamp="2019-07-07T05:34:50.500" intervalms="7.315" />
<gc-start id="3865" type="global mark phase" contextid="3762" timestamp="2019-07-07T05:34:50.500">
  <mem-info id="3866" free="26214400" total="60817408" percent="43">
    <remembered-set count="78880" freebytes="2112128" totalbytes="2427648" percent="87" regionsoverflowed="0" regionsstable="9" regionsrebuilding="2"/>
  </mem-info>
</gc-start>
<gc-end id="3867" type="global mark phase" contextid="3762" durationms="0.127" usertimems="0.000" systemtimems="0.000" timestamp="2019-07-07T05:34:50.501" activeThreads="1">
  <mem-info id="3868" free="26214400" total="60817408" percent="43">
    <remembered-set count="78880" freebytes="2112128" totalbytes="2427648" percent="87" regionsoverflowed="0" regionsstable="9" regionsrebuilding="2"/>
  </mem-info>
</gc-end>
<concurrent-start id="3869" type="GMP work packet processing" contextid="3762" timestamp="2019-07-07T05:34:50.501">
  <concurrent-mark-start scanTarget="1048576" />
</concurrent-start>
<exclusive-end id="3870" timestamp="2019-07-07T05:34:50.501" durationms="0.894" />

<concurrent-end id="3871" type="GMP work packet processing" contextid="3762" timestamp="2019-07-07T05:34:50.502">
  <concurrent-mark-end bytesScanned="1103984" reasonForTermination="Work target met" />
</concurrent-end>

<exclusive-start id="3872" timestamp="2019-07-07T05:34:50.505" intervalms="4.618">
  <response-info timems="0.078" idlems="0.078" threads="0" lastid="00000000020B9700" lastname="main" />
</exclusive-start>
<allocation-taxation id="3873" taxation-threshold="10485760" timestamp="2019-07-07T05:34:50.505" intervalms="4.526" />
<cycle-start id="3874" type="partial gc" contextid="0" timestamp="2019-07-07T05:34:50.505" intervalms="11.697" />
<gc-start id="3875" type="partial gc" contextid="3874" timestamp="2019-07-07T05:34:50.505">
  <mem-info id="3876" free="15728640" total="60817408" percent="25">
    <mem type="eden" free="1048208" total="22020096" percent="4" />
    <remembered-set count="78944" freebytes="2111872" totalbytes="2427648" percent="86" regionsoverflowed="0" regionsstable="9" regionsrebuilding="2"/>
  </mem-info>
</gc-start>
<allocation-stats totalBytes="20960328" >
  <allocated-bytes non-tlh="0" tlh="20960328" arrayletleaf="0"/>
  <largest-consumer threadName="main" threadId="00000000020B9700" bytes="10480400" />
</allocation-stats>
<gc-op id="3877" type="copy forward" timems="1.465" contextid="3874" timestamp="2019-07-07T05:34:50.507">
  <memory-copied type="eden" objects="5" bytes="240" bytesdiscarded="0" />
  <memory-copied type="other" objects="0" bytes="0" bytesdiscarded="0" />
  <memory-cardclean objects="15" bytes="512" />
  <regions eden="20" other="1" />
  <remembered-set-cleared processed="77264" cleared="5" durationms="0.559" />
  <stringconstants candidates="13319" cleared="0"  />
</gc-op>
<gc-op id="3878" type="classunload" timems="0.003" contextid="3874" timestamp="2019-07-07T05:34:50.508">
  <classunload-info classloadercandidates="53" classloadersunloaded="0" classesunloaded="0" anonymousclassesunloaded="0" quiescems="0.000" setupms="0.003" scanms="0.000" postms="0.000" />
</gc-op>
<gc-end id="3879" type="partial gc" contextid="3874" durationms="2.723" usertimems="0.000" systemtimems="0.000" timestamp="2019-07-07T05:34:50.508" activeThreads="1">
  <mem-info id="3880" free="36700160" total="60817408" percent="60">
    <mem type="eden" free="1048336" total="1048576" percent="99" />
    <remembered-set count="79392" freebytes="2110080" totalbytes="2427648" percent="86" regionsoverflowed="0" regionsstable="9" regionsrebuilding="2"/>
  </mem-info>
</gc-end>
<cycle-end id="3881" type="partial gc" contextid="3874" timestamp="2019-07-07T05:34:50.508" />
  <attribute name="elasticGC enabled" value="1" />
  <attribute name= "numThreadsSpecified" value="1" />
  <attribute name="heapSize specified" value="0" />
  <attribute name="Current GC Util" value="74" />
  <attribute name= "Current Time Running" value="20033" />
  <attribute name ="GC Interval" value="0" />
  <attribute name="ProportionalT" value="27.000000" />
  <attribute name="ProportionalI" value="27.000000" />
  <attribute name="ProportionalH" value="27.000000" />
  <attribute name="Current Error" value="54.000000" />
  <attribute name="IntegralT" value="0.000000" />
  <attribute name="IntegralI" value="0.000000" />
  <attribute name="IntegralH" value="0.000000" />
  <attribute name="DerivativeT" value="inf" />
  <attribute name="DerivativeI" value="inf" />
  <attribute name="DerivativeH" value="inf" />
  <attribute name="Loop Time for DT" value="0.000000" />
  <attribute name="Output H" value="8388608"/>
  <attribute name="Output I" value="200"/>
  <attribute name="Output T" value="1"/>
  <attribute name="Target GC Util Change" value ="20.000000" />
  <attribute name="Current GC Util Change" value="74.000000"/>
  <attribute name="GC Util currently" value="74" />
  <attribute name="CPU Util currently" value="18807778008328" />
<exclusive-end id="3882" timestamp="2019-07-07T05:34:50.508" durationms="3.635" />

<exclusive-start id="3883" timestamp="2019-07-07T05:34:50.512" intervalms="7.004">
  <response-info timems="0.075" idlems="0.075" threads="0" lastid="00000000020B9700" lastname="main" />
</exclusive-start>
<allocation-taxation id="3884" taxation-threshold="10485760" timestamp="2019-07-07T05:34:50.512" intervalms="6.994" />
<gc-start id="3885" type="global mark phase" contextid="3762" timestamp="2019-07-07T05:34:50.512">
  <mem-info id="3886" free="26214400" total="60817408" percent="43">
    <remembered-set count="78944" freebytes="2111872" totalbytes="2427648" percent="86" regionsoverflowed="0" regionsstable="9" regionsrebuilding="2"/>
  </mem-info>
</gc-start>
<gc-end id="3887" type="global mark phase" contextid="3762" durationms="0.168" usertimems="0.000" systemtimems="0.000" timestamp="2019-07-07T05:34:50.512" activeThreads="1">
  <mem-info id="3888" free="26214400" total="60817408" percent="43">
    <remembered-set count="78944" freebytes="2111872" totalbytes="2427648" percent="86" regionsoverflowed="0" regionsstable="9" regionsrebuilding="2"/>
  </mem-info>
</gc-end>
<concurrent-start id="3889" type="GMP work packet processing" contextid="3762" timestamp="2019-07-07T05:34:50.512">
  <concurrent-mark-start scanTarget="1048576" />
</concurrent-start>
<exclusive-end id="3890" timestamp="2019-07-07T05:34:50.513" durationms="1.237" />

<concurrent-end id="3891" type="GMP work packet processing" contextid="3762" timestamp="2019-07-07T05:34:50.513">
  <concurrent-mark-end bytesScanned="1090660" reasonForTermination="Work target met" />
</concurrent-end>

<exclusive-start id="3892" timestamp="2019-07-07T05:34:50.516" intervalms="4.593">
  <response-info timems="0.055" idlems="0.055" threads="0" lastid="00000000020B9700" lastname="main" />
</exclusive-start>
<allocation-taxation id="3893" taxation-threshold="10485760" timestamp="2019-07-07T05:34:50.516" intervalms="4.697" />
<cycle-start id="3894" type="partial gc" contextid="0" timestamp="2019-07-07T05:34:50.517" intervalms="11.808" />
<gc-start id="3895" type="partial gc" contextid="3894" timestamp="2019-07-07T05:34:50.517">
  <mem-info id="3896" free="15728640" total="60817408" percent="25">
    <mem type="eden" free="1048336" total="22020096" percent="4" />
    <remembered-set count="79072" freebytes="2111360" totalbytes="2427648" percent="86" regionsoverflowed="0" regionsstable="9" regionsrebuilding="2"/>
  </mem-info>
</gc-start>
<allocation-stats totalBytes="20960968" >
  <allocated-bytes non-tlh="0" tlh="20960968" arrayletleaf="0"/>
  <largest-consumer threadName="main" threadId="00000000020B9700" bytes="10480584" />
</allocation-stats>
<gc-op id="3897" type="copy forward" timems="1.495" contextid="3894" timestamp="2019-07-07T05:34:50.519">
  <memory-copied type="eden" objects="5" bytes="368" bytesdiscarded="0" />
  <memory-copied type="other" objects="0" bytes="0" bytesdiscarded="0" />
  <memory-cardclean objects="15" bytes="512" />
  <regions eden="20" other="1" />
  <remembered-set-cleared processed="77701" cleared="5" durationms="0.533" />
  <stringconstants candidates="13319" cleared="0"  />
</gc-op>
<gc-op id="3898" type="classunload" timems="0.003" contextid="3894" timestamp="2019-07-07T05:34:50.519">
  <classunload-info classloadercandidates="53" classloadersunloaded="0" classesunloaded="0" anonymousclassesunloaded="0" quiescems="0.000" setupms="0.003" scanms="0.000" postms="0.000" />
</gc-op>
<gc-end id="3899" type="partial gc" contextid="3894" durationms="2.685" usertimems="0.000" systemtimems="0.000" timestamp="2019-07-07T05:34:50.520" activeThreads="1">
  <mem-info id="3900" free="36700160" total="60817408" percent="60">
    <mem type="eden" free="1048208" total="1048576" percent="99" />
    <remembered-set count="79520" freebytes="2109568" totalbytes="2427648" percent="86" regionsoverflowed="0" regionsstable="9" regionsrebuilding="2"/>
  </mem-info>
</gc-end>
<cycle-end id="3901" type="partial gc" contextid="3894" timestamp="2019-07-07T05:34:50.520" />
  <attribute name="elasticGC enabled" value="1" />
  <attribute name= "numThreadsSpecified" value="1" />
  <attribute name="heapSize specified" value="0" />
  <attribute name="Current GC Util" value="74" />
  <attribute name= "Current Time Running" value="20045" />
  <attribute name ="GC Interval" value="0" />
  <attribute name="ProportionalT" value="27.000000" />
  <attribute name="ProportionalI" value="27.000000" />
  <attribute name="ProportionalH" value="27.000000" />
  <attribute name="Current Error" value="54.000000" />
  <attribute name="IntegralT" value="0.000000" />
  <attribute name="IntegralI" value="0.000000" />
  <attribute name="IntegralH" value="0.000000" />
  <attribute name="DerivativeT" value="inf" />
  <attribute name="DerivativeI" value="inf" />
  <attribute name="DerivativeH" value="inf" />
  <attribute name="Loop Time for DT" value="0.000000" />
  <attribute name="Output H" value="8388608"/>
  <attribute name="Output I" value="200"/>
  <attribute name="Output T" value="1"/>
  <attribute name="Target GC Util Change" value ="20.000000" />
  <attribute name="Current GC Util Change" value="74.000000"/>
  <attribute name="GC Util currently" value="74" />
  <attribute name="CPU Util currently" value="18915779571527" />
<exclusive-end id="3902" timestamp="2019-07-07T05:34:50.520" durationms="3.795" />

<exclusive-start id="3903" timestamp="2019-07-07T05:34:50.523" intervalms="7.162">
  <response-info timems="0.075" idlems="0.075" threads="0" lastid="00000000020B9700" lastname="main" />
</exclusive-start>
<allocation-taxation id="3904" taxation-threshold="10485760" timestamp="2019-07-07T05:34:50.524" intervalms="7.117" />
<gc-start id="3905" type="global mark phase" contextid="3762" timestamp="2019-07-07T05:34:50.524">
  <mem-info id="3906" free="26214400" total="60817408" percent="43">
    <remembered-set count="79072" freebytes="2111360" totalbytes="2427648" percent="86" regionsoverflowed="0" regionsstable="9" regionsrebuilding="2"/>
  </mem-info>
</gc-start>
<gc-end id="3907" type="global mark phase" contextid="3762" durationms="0.199" usertimems="0.000" systemtimems="0.000" timestamp="2019-07-07T05:34:50.524" activeThreads="1">
  <mem-info id="3908" free="26214400" total="60817408" percent="43">
    <remembered-set count="79072" freebytes="2111360" totalbytes="2427648" percent="86" regionsoverflowed="0" regionsstable="9" regionsrebuilding="2"/>
  </mem-info>
</gc-end>
<concurrent-start id="3909" type="GMP work packet processing" contextid="3762" timestamp="2019-07-07T05:34:50.524">
  <concurrent-mark-start scanTarget="1048576" />
</concurrent-start>
<exclusive-end id="3910" timestamp="2019-07-07T05:34:50.525" durationms="1.437" />

<concurrent-end id="3911" type="GMP work packet processing" contextid="3762" timestamp="2019-07-07T05:34:50.525">
  <concurrent-mark-end bytesScanned="1090164" reasonForTermination="Work target met" />
</concurrent-end>

<exclusive-start id="3912" timestamp="2019-07-07T05:34:50.528" intervalms="4.699">
  <response-info timems="0.054" idlems="0.054" threads="0" lastid="00000000020B9700" lastname="main" />
</exclusive-start>
<allocation-taxation id="3913" taxation-threshold="10485760" timestamp="2019-07-07T05:34:50.528" intervalms="4.690" />
<cycle-start id="3914" type="partial gc" contextid="0" timestamp="2019-07-07T05:34:50.528" intervalms="11.782" />
<gc-start id="3915" type="partial gc" contextid="3914" timestamp="2019-07-07T05:34:50.529">
  <mem-info id="3916" free="15728640" total="60817408" percent="25">
    <mem type="eden" free="1048208" total="22020096" percent="4" />
    <remembered-set count="79072" freebytes="2111360" totalbytes="2427648" percent="86" regionsoverflowed="0" regionsstable="9" regionsrebuilding="2"/>
  </mem-info>
</gc-start>
<allocation-stats totalBytes="20960328" >
  <allocated-bytes non-tlh="0" tlh="20960328" arrayletleaf="0"/>
  <largest-consumer threadName="main" threadId="00000000020B9700" bytes="10480400" />
</allocation-stats>
<gc-op id="3917" type="copy forward" timems="1.930" contextid="3914" timestamp="2019-07-07T05:34:50.531">
  <memory-copied type="eden" objects="5" bytes="240" bytesdiscarded="0" />
  <memory-copied type="other" objects="0" bytes="0" bytesdiscarded="0" />
  <memory-cardclean objects="15" bytes="512" />
  <regions eden="20" other="1" />
  <remembered-set-cleared processed="77940" cleared="5" durationms="0.322" />
  <stringconstants candidates="13319" cleared="0"  />
</gc-op>
<gc-op id="3918" type="classunload" timems="0.004" contextid="3914" timestamp="2019-07-07T05:34:50.531">
  <classunload-info classloadercandidates="53" classloadersunloaded="0" classesunloaded="0" anonymousclassesunloaded="0" quiescems="0.000" setupms="0.003" scanms="0.000" postms="0.000" />
</gc-op>
<gc-end id="3919" type="partial gc" contextid="3914" durationms="2.968" usertimems="4.000" systemtimems="0.000" timestamp="2019-07-07T05:34:50.532" activeThreads="4">
  <mem-info id="3920" free="36700160" total="60817408" percent="60">
    <mem type="eden" free="1048336" total="1048576" percent="99" />
    <remembered-set count="79072" freebytes="2111360" totalbytes="2427648" percent="86" regionsoverflowed="0" regionsstable="9" regionsrebuilding="2"/>
  </mem-info>
</gc-end>
<cycle-end id="3921" type="partial gc" contextid="3914" timestamp="2019-07-07T05:34:50.532" />
  <attribute name="elasticGC enabled" value="1" />
  <attribute name= "numThreadsSpecified" value="4" />
  <attribute name="heapSize specified" value="0" />
  <attribute name="Current GC Util" value="77" />
  <attribute name= "Current Time Running" value="20057" />
  <attribute name ="GC Interval" value="0" />
  <attribute name="ProportionalT" value="28.500000" />
  <attribute name="ProportionalI" value="28.500000" />
  <attribute name="ProportionalH" value="28.500000" />
  <attribute name="Current Error" value="57.000000" />
  <attribute name="IntegralT" value="28.500000" />
  <attribute name="IntegralI" value="28.500000" />
  <attribute name="IntegralH" value="28.500000" />
  <attribute name="DerivativeT" value="46.000000" />
  <attribute name="DerivativeI" value="46.000000" />
  <attribute name="DerivativeH" value="46.000000" />
  <attribute name="Loop Time for DT" value="1.000000" />
  <attribute name="Output H" value="8388608"/>
  <attribute name="Output I" value="200"/>
  <attribute name="Output T" value="4"/>
  <attribute name="Target GC Util Change" value ="20.000000" />
  <attribute name="Current GC Util Change" value="77.000000"/>
  <attribute name="GC Util currently" value="77" />
  <attribute name="CPU Util currently" value="18670113134394" />
<exclusive-end id="3922" timestamp="2019-07-07T05:34:50.532" durationms="3.993" />

<exclusive-start id="3923" timestamp="2019-07-07T05:34:50.535" intervalms="7.361">
  <response-info timems="0.075" idlems="0.075" threads="0" lastid="00000000020B9700" lastname="main" />
</exclusive-start>
<allocation-taxation id="3924" taxation-threshold="10485760" timestamp="2019-07-07T05:34:50.536" intervalms="7.398" />
<gc-start id="3925" type="global mark phase" contextid="3762" timestamp="2019-07-07T05:34:50.536">
  <mem-info id="3926" free="26214400" total="60817408" percent="43">
    <remembered-set count="79072" freebytes="2111360" totalbytes="2427648" percent="86" regionsoverflowed="0" regionsstable="9" regionsrebuilding="2"/>
  </mem-info>
</gc-start>
<gc-end id="3927" type="global mark phase" contextid="3762" durationms="0.207" usertimems="0.000" systemtimems="0.000" timestamp="2019-07-07T05:34:50.536" activeThreads="4">
  <mem-info id="3928" free="26214400" total="60817408" percent="43">
    <remembered-set count="79072" freebytes="2111360" totalbytes="2427648" percent="86" regionsoverflowed="0" regionsstable="9" regionsrebuilding="2"/>
  </mem-info>
</gc-end>
<concurrent-start id="3929" type="GMP work packet processing" contextid="3762" timestamp="2019-07-07T05:34:50.536">
  <concurrent-mark-start scanTarget="1879335" />
</concurrent-start>
<exclusive-end id="3930" timestamp="2019-07-07T05:34:50.537" durationms="1.828" />

<concurrent-end id="3931" type="GMP work packet processing" contextid="3762" timestamp="2019-07-07T05:34:50.537">
  <concurrent-mark-end bytesScanned="1922388" reasonForTermination="Work target met" />
</concurrent-end>

<exclusive-start id="3932" timestamp="2019-07-07T05:34:50.541" intervalms="5.101">
  <response-info timems="0.054" idlems="0.054" threads="0" lastid="00000000020B9700" lastname="main" />
</exclusive-start>
<allocation-taxation id="3933" taxation-threshold="10485760" timestamp="2019-07-07T05:34:50.541" intervalms="5.045" />
<cycle-start id="3934" type="partial gc" contextid="0" timestamp="2019-07-07T05:34:50.541" intervalms="12.415" />
<gc-start id="3935" type="partial gc" contextid="3934" timestamp="2019-07-07T05:34:50.541">
  <mem-info id="3936" free="15728640" total="60817408" percent="25">
    <mem type="eden" free="1048336" total="22020096" percent="4" />
    <remembered-set count="80736" freebytes="2104704" totalbytes="2427648" percent="86" regionsoverflowed="0" regionsstable="9" regionsrebuilding="2"/>
  </mem-info>
</gc-start>
<allocation-stats totalBytes="20960968" >
  <allocated-bytes non-tlh="0" tlh="20960968" arrayletleaf="0"/>
  <largest-consumer threadName="main" threadId="00000000020B9700" bytes="10480584" />
</allocation-stats>
<gc-op id="3937" type="copy forward" timems="1.494" contextid="3934" timestamp="2019-07-07T05:34:50.543">
  <memory-copied type="eden" objects="5" bytes="368" bytesdiscarded="0" />
  <memory-copied type="other" objects="0" bytes="0" bytesdiscarded="0" />
  <memory-cardclean objects="15" bytes="512" />
  <regions eden="20" other="1" />
  <remembered-set-cleared processed="78916" cleared="6" durationms="0.698" />
  <stringconstants candidates="13319" cleared="0"  />
</gc-op>
<gc-op id="3938" type="classunload" timems="0.004" contextid="3934" timestamp="2019-07-07T05:34:50.543">
  <classunload-info classloadercandidates="53" classloadersunloaded="0" classesunloaded="0" anonymousclassesunloaded="0" quiescems="0.000" setupms="0.004" scanms="0.000" postms="0.000" />
</gc-op>
<gc-end id="3939" type="partial gc" contextid="3934" durationms="2.474" usertimems="0.000" systemtimems="4.000" timestamp="2019-07-07T05:34:50.544" activeThreads="1">
  <mem-info id="3940" free="36700160" total="60817408" percent="60">
    <mem type="eden" free="1048208" total="1048576" percent="99" />
    <remembered-set count="81152" freebytes="2103040" totalbytes="2427648" percent="86" regionsoverflowed="0" regionsstable="9" regionsrebuilding="2"/>
  </mem-info>
</gc-end>
<cycle-end id="3941" type="partial gc" contextid="3934" timestamp="2019-07-07T05:34:50.544" />
  <attribute name="elasticGC enabled" value="1" />
  <attribute name= "numThreadsSpecified" value="1" />
  <attribute name="heapSize specified" value="0" />
  <attribute name="Current GC Util" value="60" />
  <attribute name= "Current Time Running" value="20069" />
  <attribute name ="GC Interval" value="0" />
  <attribute name="ProportionalT" value="20.000000" />
  <attribute name="ProportionalI" value="20.000000" />
  <attribute name="ProportionalH" value="20.000000" />
  <attribute name="Current Error" value="40.000000" />
  <attribute name="IntegralT" value="0.000000" />
  <attribute name="IntegralI" value="0.000000" />
  <attribute name="IntegralH" value="0.000000" />
  <attribute name="DerivativeT" value="inf" />
  <attribute name="DerivativeI" value="inf" />
  <attribute name="DerivativeH" value="inf" />
  <attribute name="Loop Time for DT" value="0.000000" />
  <attribute name="Output H" value="8388608"/>
  <attribute name="Output I" value="200"/>
  <attribute name="Output T" value="1"/>
  <attribute name="Target GC Util Change" value ="20.000000" />
  <attribute name="Current GC Util Change" value="60.000000"/>
  <attribute name="GC Util currently" value="60" />
  <attribute name="CPU Util currently" value="21050141158015" />
<exclusive-end id="3942" timestamp="2019-07-07T05:34:50.544" durationms="3.514" />

<exclusive-start id="3943" timestamp="2019-07-07T05:34:50.547" intervalms="6.885">
  <response-info timems="0.074" idlems="0.074" threads="0" lastid="00000000020B9700" lastname="main" />
</exclusive-start>
<allocation-taxation id="3944" taxation-threshold="10485760" timestamp="2019-07-07T05:34:50.548" intervalms="6.925" />
<gc-start id="3945" type="global mark phase" contextid="3762" timestamp="2019-07-07T05:34:50.548">
  <mem-info id="3946" free="26214400" total="60817408" percent="43">
    <remembered-set count="80704" freebytes="2104832" totalbytes="2427648" percent="86" regionsoverflowed="0" regionsstable="9" regionsrebuilding="2"/>
  </mem-info>
</gc-start>
<gc-end id="3947" type="global mark phase" contextid="3762" durationms="0.155" usertimems="0.000" systemtimems="0.000" timestamp="2019-07-07T05:34:50.548" activeThreads="1">
  <mem-info id="3948" free="26214400" total="60817408" percent="43">
    <remembered-set count="80704" freebytes="2104832" totalbytes="2427648" percent="86" regionsoverflowed="0" regionsstable="9" regionsrebuilding="2"/>
  </mem-info>
</gc-end>
<concurrent-start id="3949" type="GMP work packet processing" contextid="3762" timestamp="2019-07-07T05:34:50.548">
  <concurrent-mark-start scanTarget="1048576" />
</concurrent-start>
<exclusive-end id="3950" timestamp="2019-07-07T05:34:50.549" durationms="1.222" />

<concurrent-end id="3951" type="GMP work packet processing" contextid="3762" timestamp="2019-07-07T05:34:50.549">
  <concurrent-mark-end bytesScanned="711736" reasonForTermination="Completed all work in GC phase" />
</concurrent-end>

<exclusive-start id="3952" timestamp="2019-07-07T05:34:50.552" intervalms="4.587">
  <response-info timems="0.077" idlems="0.077" threads="0" lastid="00000000020B9700" lastname="main" />
</exclusive-start>
<allocation-taxation id="3953" taxation-threshold="10485760" timestamp="2019-07-07T05:34:50.552" intervalms="4.612" />
<cycle-start id="3954" type="partial gc" contextid="0" timestamp="2019-07-07T05:34:50.552" intervalms="11.570" />
<gc-start id="3955" type="partial gc" contextid="3954" timestamp="2019-07-07T05:34:50.553">
  <mem-info id="3956" free="15728640" total="60817408" percent="25">
    <mem type="eden" free="1048208" total="22020096" percent="4" />
    <remembered-set count="80704" freebytes="2104832" totalbytes="2427648" percent="86" regionsoverflowed="0" regionsstable="9" regionsrebuilding="2"/>
  </mem-info>
</gc-start>
<allocation-stats totalBytes="20960328" >
  <allocated-bytes non-tlh="0" tlh="20960328" arrayletleaf="0"/>
  <largest-consumer threadName="main" threadId="00000000020B9700" bytes="10480400" />
</allocation-stats>
<gc-op id="3957" type="copy forward" timems="1.902" contextid="3954" timestamp="2019-07-07T05:34:50.555">
  <memory-copied type="eden" objects="5" bytes="240" bytesdiscarded="0" />
  <memory-copied type="other" objects="0" bytes="0" bytesdiscarded="0" />
  <memory-cardclean objects="15" bytes="512" />
  <regions eden="20" other="1" />
  <remembered-set-cleared processed="78992" cleared="5" durationms="0.349" />
  <stringconstants candidates="13319" cleared="0"  />
</gc-op>
<gc-op id="3958" type="classunload" timems="0.004" contextid="3954" timestamp="2019-07-07T05:34:50.555">
  <classunload-info classloadercandidates="53" classloadersunloaded="0" classesunloaded="0" anonymousclassesunloaded="0" quiescems="0.000" setupms="0.004" scanms="0.000" postms="0.000" />
</gc-op>
<gc-end id="3959" type="partial gc" contextid="3954" durationms="2.960" usertimems="4.000" systemtimems="0.000" timestamp="2019-07-07T05:34:50.556" activeThreads="4">
  <mem-info id="3960" free="36700160" total="60817408" percent="60">
    <mem type="eden" free="1048336" total="1048576" percent="99" />
    <remembered-set count="80128" freebytes="2107136" totalbytes="2427648" percent="86" regionsoverflowed="0" regionsstable="9" regionsrebuilding="2"/>
  </mem-info>
</gc-end>
<cycle-end id="3961" type="partial gc" contextid="3954" timestamp="2019-07-07T05:34:50.556" />
  <attribute name="elasticGC enabled" value="1" />
  <attribute name= "numThreadsSpecified" value="4" />
  <attribute name="heapSize specified" value="0" />
  <attribute name="Current GC Util" value="61" />
  <attribute name= "Current Time Running" value="20081" />
  <attribute name ="GC Interval" value="0" />
  <attribute name="ProportionalT" value="20.500000" />
  <attribute name="ProportionalI" value="20.500000" />
  <attribute name="ProportionalH" value="20.500000" />
  <attribute name="Current Error" value="41.000000" />
  <attribute name="IntegralT" value="20.500000" />
  <attribute name="IntegralI" value="20.500000" />
  <attribute name="IntegralH" value="20.500000" />
  <attribute name="DerivativeT" value="41.000000" />
  <attribute name="DerivativeI" value="41.000000" />
  <attribute name="DerivativeH" value="41.000000" />
  <attribute name="Loop Time for DT" value="1.000000" />
  <attribute name="Output H" value="8388608"/>
  <attribute name="Output I" value="200"/>
  <attribute name="Output T" value="4"/>
  <attribute name="Target GC Util Change" value ="20.000000" />
  <attribute name="Current GC Util Change" value="61.000000"/>
  <attribute name="GC Util currently" value="61" />
  <attribute name="CPU Util currently" value="21490183717980" />
<exclusive-end id="3962" timestamp="2019-07-07T05:34:50.556" durationms="4.052" />

<exclusive-start id="3963" timestamp="2019-07-07T05:34:50.559" intervalms="7.417">
  <response-info timems="0.075" idlems="0.075" threads="0" lastid="00000000020B9700" lastname="main" />
</exclusive-start>
<allocation-taxation id="3964" taxation-threshold="10485760" timestamp="2019-07-07T05:34:50.560" intervalms="7.412" />
<gc-start id="3965" type="global mark phase" contextid="3762" timestamp="2019-07-07T05:34:50.560">
  <mem-info id="3966" free="26214400" total="60817408" percent="43">
    <remembered-set count="79680" freebytes="2108928" totalbytes="2427648" percent="86" regionsoverflowed="0" regionsstable="9" regionsrebuilding="2"/>
  </mem-info>
</gc-start>
<gc-op id="3967" type="mark increment" timems="1.136" contextid="3762" timestamp="2019-07-07T05:34:50.561">
  <trace-info objectcount="129" scancount="128" scanbytes="3956" />
  <cardclean-info objects="179" bytes="13992" />
  <finalization candidates="79" enqueued="0" />
  <ownableSynchronizers candidates="23" cleared="0" />
  <references type="soft" candidates="1970" cleared="44" enqueued="44" dynamicThreshold="19" maxThreshold="32" />
  <references type="weak" candidates="5693" cleared="0" enqueued="0" />
  <references type="phantom" candidates="101" cleared="0" enqueued="0" />
  <stringconstants candidates="13319" cleared="41"  />
</gc-op>
<gc-op id="3968" type="classunload" timems="0.004" contextid="3762" timestamp="2019-07-07T05:34:50.561">
  <classunload-info classloadercandidates="53" classloadersunloaded="0" classesunloaded="0" anonymousclassesunloaded="0" quiescems="0.000" setupms="0.004" scanms="0.000" postms="0.000" />
</gc-op>
<gc-end id="3969" type="global mark phase" contextid="3762" durationms="1.720" usertimems="4.000" systemtimems="0.000" timestamp="2019-07-07T05:34:50.562" activeThreads="4">
  <mem-info id="3970" free="26214400" total="60817408" percent="43">
    <pending-finalizers system="0" default="0" reference="44" classloader="0" />
    <remembered-set count="79680" freebytes="2108928" totalbytes="2427648" percent="86" regionsoverflowed="0" regionsstable="9" regionsrebuilding="0"/>
  </mem-info>
</gc-end>
<cycle-end id="3971" type="global mark phase" contextid="3762" timestamp="2019-07-07T05:34:50.562" />
  <attribute name="elasticGC enabled" value="1" />
  <attribute name= "numThreadsSpecified" value="4" />
  <attribute name="heapSize specified" value="0" />
  <attribute name="Current GC Util" value="0" />
  <attribute name= "Current Time Running" value="20087" />
  <attribute name ="GC Interval" value="0" />
  <attribute name="ProportionalT" value="-10.000000" />
  <attribute name="ProportionalI" value="-10.000000" />
  <attribute name="ProportionalH" value="-10.000000" />
  <attribute name="Current Error" value="-20.000000" />
  <attribute name="IntegralT" value="0.000000" />
  <attribute name="IntegralI" value="0.000000" />
  <attribute name="IntegralH" value="0.000000" />
  <attribute name="DerivativeT" value="-inf" />
  <attribute name="DerivativeI" value="-inf" />
  <attribute name="DerivativeH" value="-inf" />
  <attribute name="Loop Time for DT" value="0.000000" />
  <attribute name="Output H" value="2091843584"/>
  <attribute name="Output I" value="200"/>
  <attribute name="Output T" value="4"/>
  <attribute name="Target GC Util Change" value ="20.000000" />
  <attribute name="Current GC Util Change" value="0.000000"/>
  <attribute name="GC Util currently" value="0" />
  <attribute name="CPU Util currently" value="73316576443190" />
<exclusive-end id="3972" timestamp="2019-07-07T05:34:50.562" durationms="2.372" />

<exclusive-start id="3973" timestamp="2019-07-07T05:34:50.565" intervalms="5.659">
  <response-info timems="0.069" idlems="0.069" threads="0" lastid="00000000020B9700" lastname="main" />
</exclusive-start>
<allocation-taxation id="3974" taxation-threshold="10485760" timestamp="2019-07-07T05:34:50.565" intervalms="5.627" />
<cycle-start id="3975" type="partial gc" contextid="0" timestamp="2019-07-07T05:34:50.565" intervalms="13.038" />
<gc-start id="3976" type="partial gc" contextid="3975" timestamp="2019-07-07T05:34:50.566">
  <mem-info id="3977" free="15728640" total="60817408" percent="25">
    <mem type="eden" free="1048336" total="22020096" percent="4" />
    <remembered-set count="77408" freebytes="2118016" totalbytes="2427648" percent="87" regionsoverflowed="0" regionsstable="11" regionsrebuilding="0"/>
  </mem-info>
</gc-start>
<allocation-stats totalBytes="20960968" >
  <allocated-bytes non-tlh="0" tlh="20960968" arrayletleaf="0"/>
  <largest-consumer threadName="main" threadId="00000000020B9700" bytes="10480584" />
</allocation-stats>
<gc-op id="3978" type="sweep" timems="0.718" contextid="3975" timestamp="2019-07-07T05:34:50.567" />
<gc-op id="3979" type="copy forward" timems="1.596" contextid="3975" timestamp="2019-07-07T05:34:50.569">
  <memory-copied type="eden" objects="5" bytes="368" bytesdiscarded="0" />
  <memory-copied type="other" objects="0" bytes="0" bytesdiscarded="0" />
  <memory-cardclean objects="148" bytes="9272" />
  <regions eden="10" other="1" />
  <remembered-set-cleared processed="76825" cleared="40" durationms="0.342" />
  <stringconstants candidates="13278" cleared="0"  />
</gc-op>
<gc-op id="3980" type="classunload" timems="0.003" contextid="3975" timestamp="2019-07-07T05:34:50.569">
  <classunload-info classloadercandidates="53" classloadersunloaded="0" classesunloaded="0" anonymousclassesunloaded="0" quiescems="0.000" setupms="0.003" scanms="0.000" postms="0.000" />
</gc-op>
<gc-end id="3981" type="partial gc" contextid="3975" durationms="3.686" usertimems="4.000" systemtimems="4.000" timestamp="2019-07-07T05:34:50.569" activeThreads="4">
  <mem-info id="3982" free="36700160" total="60817408" percent="60">
    <mem type="eden" free="1048208" total="1048576" percent="99" />
    <remembered-set count="77856" freebytes="2116224" totalbytes="2427648" percent="87" regionsoverflowed="0" regionsstable="11" regionsrebuilding="0"/>
  </mem-info>
</gc-end>
<cycle-end id="3983" type="partial gc" contextid="3975" timestamp="2019-07-07T05:34:50.570" />
  <attribute name="elasticGC enabled" value="1" />
  <attribute name= "numThreadsSpecified" value="4" />
  <attribute name="heapSize specified" value="0" />
  <attribute name="Current GC Util" value="76" />
  <attribute name= "Current Time Running" value="20095" />
  <attribute name ="GC Interval" value="0" />
  <attribute name="ProportionalT" value="28.000000" />
  <attribute name="ProportionalI" value="28.000000" />
  <attribute name="ProportionalH" value="28.000000" />
  <attribute name="Current Error" value="56.000000" />
  <attribute name="IntegralT" value="28.000000" />
  <attribute name="IntegralI" value="28.000000" />
  <attribute name="IntegralH" value="28.000000" />
  <attribute name="DerivativeT" value="-4.000000" />
  <attribute name="DerivativeI" value="-4.000000" />
  <attribute name="DerivativeH" value="-4.000000" />
  <attribute name="Loop Time for DT" value="1.000000" />
  <attribute name="Output H" value="8388608"/>
  <attribute name="Output I" value="200"/>
  <attribute name="Output T" value="4"/>
  <attribute name="Target GC Util Change" value ="20.000000" />
  <attribute name="Current GC Util Change" value="76.000000"/>
  <attribute name="GC Util currently" value="76" />
  <attribute name="CPU Util currently" value="19307875129899" />
<exclusive-end id="3984" timestamp="2019-07-07T05:34:50.570" durationms="4.716" />

<exclusive-start id="3985" timestamp="2019-07-07T05:34:50.577" intervalms="11.460">
  <response-info timems="0.075" idlems="0.075" threads="0" lastid="00000000020B9700" lastname="main" />
</exclusive-start>
<allocation-taxation id="3986" taxation-threshold="22020096" timestamp="2019-07-07T05:34:50.577" intervalms="11.496" />
<cycle-start id="3987" type="partial gc" contextid="0" timestamp="2019-07-07T05:34:50.577" intervalms="11.509" />
<gc-start id="3988" type="partial gc" contextid="3987" timestamp="2019-07-07T05:34:50.577">
  <mem-info id="3989" free="14680064" total="60817408" percent="24">
    <mem type="eden" free="1048208" total="23068672" percent="4" />
    <remembered-set count="77408" freebytes="2118016" totalbytes="2427648" percent="87" regionsoverflowed="0" regionsstable="11" regionsrebuilding="0"/>
  </mem-info>
</gc-start>
<allocation-stats totalBytes="22008344" >
  <allocated-bytes non-tlh="0" tlh="22008344" arrayletleaf="0"/>
  <largest-consumer threadName="main" threadId="00000000020B9700" bytes="22008344" />
</allocation-stats>
<gc-op id="3990" type="copy forward" timems="1.282" contextid="3987" timestamp="2019-07-07T05:34:50.579">
  <memory-copied type="eden" objects="5" bytes="288" bytesdiscarded="0" />
  <memory-copied type="other" objects="12" bytes="272" bytesdiscarded="0" />
  <memory-cardclean objects="66" bytes="2048" />
  <regions eden="21" other="3" />
  <remembered-set-cleared processed="76796" cleared="38" durationms="0.547" />
  <stringconstants candidates="13278" cleared="0"  />
</gc-op>
<gc-op id="3991" type="classunload" timems="0.003" contextid="3987" timestamp="2019-07-07T05:34:50.579">
  <classunload-info classloadercandidates="53" classloadersunloaded="0" classesunloaded="0" anonymousclassesunloaded="0" quiescems="0.000" setupms="0.003" scanms="0.000" postms="0.000" />
</gc-op>
<gc-end id="3992" type="partial gc" contextid="3987" durationms="2.368" usertimems="4.000" systemtimems="0.000" timestamp="2019-07-07T05:34:50.580" activeThreads="1">
  <mem-info id="3993" free="36700160" total="60817408" percent="60">
    <mem type="eden" free="1048288" total="1048576" percent="99" />
    <remembered-set count="77760" freebytes="2116608" totalbytes="2427648" percent="87" regionsoverflowed="0" regionsstable="11" regionsrebuilding="0"/>
  </mem-info>
</gc-end>
<cycle-end id="3994" type="partial gc" contextid="3987" timestamp="2019-07-07T05:34:50.580" />
  <attribute name="elasticGC enabled" value="1" />
  <attribute name= "numThreadsSpecified" value="1" />
  <attribute name="heapSize specified" value="0" />
  <attribute name="Current GC Util" value="73" />
  <attribute name= "Current Time Running" value="20105" />
  <attribute name ="GC Interval" value="0" />
  <attribute name="ProportionalT" value="26.500000" />
  <attribute name="ProportionalI" value="26.500000" />
  <attribute name="ProportionalH" value="26.500000" />
  <attribute name="Current Error" value="53.000000" />
  <attribute name="IntegralT" value="0.000000" />
  <attribute name="IntegralI" value="0.000000" />
  <attribute name="IntegralH" value="0.000000" />
  <attribute name="DerivativeT" value="inf" />
  <attribute name="DerivativeI" value="inf" />
  <attribute name="DerivativeH" value="inf" />
  <attribute name="Loop Time for DT" value="0.000000" />
  <attribute name="Output H" value="8388608"/>
  <attribute name="Output I" value="200"/>
  <attribute name="Output T" value="1"/>
  <attribute name="Target GC Util Change" value ="20.000000" />
  <attribute name="Current GC Util Change" value="73.000000"/>
  <attribute name="GC Util currently" value="73" />
  <attribute name="CPU Util currently" value="18668148135569" />
<exclusive-end id="3995" timestamp="2019-07-07T05:34:50.580" durationms="3.494" />

<exclusive-start id="3996" timestamp="2019-07-07T05:34:50.587" intervalms="10.250">
  <response-info timems="0.074" idlems="0.074" threads="0" lastid="00000000020B9700" lastname="main" />
</exclusive-start>
<allocation-taxation id="3997" taxation-threshold="22020096" timestamp="2019-07-07T05:34:50.587" intervalms="10.214" />
<cycle-start id="3998" type="partial gc" contextid="0" timestamp="2019-07-07T05:34:50.587" intervalms="10.208" />
<gc-start id="3999" type="partial gc" contextid="3998" timestamp="2019-07-07T05:34:50.587">
  <mem-info id="4000" free="14680064" total="60817408" percent="24">
    <mem type="eden" free="1048288" total="23068672" percent="4" />
    <remembered-set count="77376" freebytes="2118144" totalbytes="2427648" percent="87" regionsoverflowed="0" regionsstable="11" regionsrebuilding="0"/>
  </mem-info>
</gc-start>
<allocation-stats totalBytes="22008424" >
  <allocated-bytes non-tlh="0" tlh="22008424" arrayletleaf="0"/>
  <largest-consumer threadName="main" threadId="00000000020B9700" bytes="22008424" />
</allocation-stats>
<gc-op id="4001" type="copy forward" timems="1.496" contextid="3998" timestamp="2019-07-07T05:34:50.590">
  <memory-copied type="eden" objects="6" bytes="272" bytesdiscarded="0" />
  <memory-copied type="other" objects="130" bytes="4008" bytesdiscarded="1152" />
  <memory-cardclean objects="53" bytes="2040" />
  <regions eden="21" other="2" />
  <remembered-set-cleared processed="76783" cleared="43" durationms="0.315" />
  <stringconstants candidates="13278" cleared="0"  />
</gc-op>
<gc-op id="4002" type="classunload" timems="0.004" contextid="3998" timestamp="2019-07-07T05:34:50.590">
  <classunload-info classloadercandidates="53" classloadersunloaded="0" classesunloaded="0" anonymousclassesunloaded="0" quiescems="0.000" setupms="0.004" scanms="0.000" postms="0.000" />
</gc-op>
<gc-end id="4003" type="partial gc" contextid="3998" durationms="2.374" usertimems="4.000" systemtimems="0.000" timestamp="2019-07-07T05:34:50.590" activeThreads="4">
  <mem-info id="4004" free="36700160" total="60817408" percent="60">
    <mem type="eden" free="1048304" total="1048576" percent="99" />
    <remembered-set count="78816" freebytes="2112384" totalbytes="2427648" percent="87" regionsoverflowed="0" regionsstable="11" regionsrebuilding="0"/>
  </mem-info>
</gc-end>
<cycle-end id="4005" type="partial gc" contextid="3998" timestamp="2019-07-07T05:34:50.590" />
  <attribute name="elasticGC enabled" value="1" />
  <attribute name= "numThreadsSpecified" value="4" />
  <attribute name="heapSize specified" value="0" />
  <attribute name="Current GC Util" value="0" />
  <attribute name= "Current Time Running" value="20115" />
  <attribute name ="GC Interval" value="0" />
  <attribute name="ProportionalT" value="-10.000000" />
  <attribute name="ProportionalI" value="-10.000000" />
  <attribute name="ProportionalH" value="-10.000000" />
  <attribute name="Current Error" value="-20.000000" />
  <attribute name="IntegralT" value="0.000000" />
  <attribute name="IntegralI" value="0.000000" />
  <attribute name="IntegralH" value="0.000000" />
  <attribute name="DerivativeT" value="-inf" />
  <attribute name="DerivativeI" value="-inf" />
  <attribute name="DerivativeH" value="-inf" />
  <attribute name="Loop Time for DT" value="0.000000" />
  <attribute name="Output H" value="2091843584"/>
  <attribute name="Output I" value="200"/>
  <attribute name="Output T" value="4"/>
  <attribute name="Target GC Util Change" value ="20.000000" />
  <attribute name="Current GC Util Change" value="0.000000"/>
  <attribute name="GC Util currently" value="0" />
  <attribute name="CPU Util currently" value="36155340367983" />
<exclusive-end id="4006" timestamp="2019-07-07T05:34:50.590" durationms="3.466" />

<exclusive-start id="4007" timestamp="2019-07-07T05:34:50.597" intervalms="10.609">
  <response-info timems="0.077" idlems="0.077" threads="0" lastid="00000000020B9700" lastname="main" />
</exclusive-start>
<allocation-taxation id="4008" taxation-threshold="22020096" timestamp="2019-07-07T05:34:50.598" intervalms="10.641" />
<cycle-start id="4009" type="partial gc" contextid="0" timestamp="2019-07-07T05:34:50.598" intervalms="10.635" />
<gc-start id="4010" type="partial gc" contextid="4009" timestamp="2019-07-07T05:34:50.598">
  <mem-info id="4011" free="14680064" total="60817408" percent="24">
    <mem type="eden" free="1048304" total="23068672" percent="4" />
    <remembered-set count="1184" freebytes="2422912" totalbytes="2427648" percent="99" regionsoverflowed="0" regionsstable="18" regionsrebuilding="0"/>
  </mem-info>
</gc-start>
<allocation-stats totalBytes="22008328" >
  <allocated-bytes non-tlh="0" tlh="22008328" arrayletleaf="0"/>
  <largest-consumer threadName="main" threadId="00000000020B9700" bytes="22008328" />
</allocation-stats>
<gc-op id="4012" type="copy forward" timems="0.892" contextid="4009" timestamp="2019-07-07T05:34:50.600">
  <memory-copied type="eden" objects="27" bytes="1192" bytesdiscarded="0" />
  <memory-copied type="other" objects="102" bytes="3496" bytesdiscarded="0" />
  <memory-cardclean objects="130" bytes="12160" />
  <regions eden="21" other="2" />
  <remembered-set-cleared processed="9" cleared="7" durationms="0.093" />
  <references type="weak" candidates="37" cleared="0" enqueued="0" />
  <stringconstants candidates="13278" cleared="0"  />
</gc-op>
<gc-op id="4013" type="classunload" timems="0.009" contextid="4009" timestamp="2019-07-07T05:34:50.600">
  <classunload-info classloadercandidates="53" classloadersunloaded="0" classesunloaded="0" anonymousclassesunloaded="0" quiescems="0.000" setupms="0.004" scanms="0.000" postms="0.000" />
</gc-op>
<gc-end id="4014" type="partial gc" contextid="4009" durationms="1.950" usertimems="4.000" systemtimems="0.000" timestamp="2019-07-07T05:34:50.600" activeThreads="1">
  <mem-info id="4015" free="36700160" total="60817408" percent="60">
    <mem type="eden" free="1047384" total="1048576" percent="99" />
    <remembered-set count="1472" freebytes="2421760" totalbytes="2427648" percent="99" regionsoverflowed="0" regionsstable="18" regionsrebuilding="0"/>
  </mem-info>
</gc-end>
<cycle-end id="4016" type="partial gc" contextid="4009" timestamp="2019-07-07T05:34:50.600" />
  <attribute name="elasticGC enabled" value="1" />
  <attribute name= "numThreadsSpecified" value="1" />
  <attribute name="heapSize specified" value="0" />
  <attribute name="Current GC Util" value="54" />
  <attribute name= "Current Time Running" value="20126" />
  <attribute name ="GC Interval" value="0" />
  <attribute name="ProportionalT" value="17.000000" />
  <attribute name="ProportionalI" value="17.000000" />
  <attribute name="ProportionalH" value="17.000000" />
  <attribute name="Current Error" value="34.000000" />
  <attribute name="IntegralT" value="0.000000" />
  <attribute name="IntegralI" value="0.000000" />
  <attribute name="IntegralH" value="0.000000" />
  <attribute name="DerivativeT" value="inf" />
  <attribute name="DerivativeI" value="inf" />
  <attribute name="DerivativeH" value="inf" />
  <attribute name="Loop Time for DT" value="0.000000" />
  <attribute name="Output H" value="8388608"/>
  <attribute name="Output I" value="200"/>
  <attribute name="Output T" value="1"/>
  <attribute name="Target GC Util Change" value ="20.000000" />
  <attribute name="Current GC Util Change" value="54.000000"/>
  <attribute name="GC Util currently" value="54" />
  <attribute name="CPU Util currently" value="19343184437691" />
<exclusive-end id="4017" timestamp="2019-07-07T05:34:50.600" durationms="3.067" />

<exclusive-start id="4018" timestamp="2019-07-07T05:34:50.608" intervalms="10.378">
  <response-info timems="0.077" idlems="0.077" threads="0" lastid="00000000020B9700" lastname="main" />
</exclusive-start>
<allocation-taxation id="4019" taxation-threshold="22020096" timestamp="2019-07-07T05:34:50.608" intervalms="10.401" />
<cycle-start id="4020" type="partial gc" contextid="0" timestamp="2019-07-07T05:34:50.608" intervalms="10.398" />
<gc-start id="4021" type="partial gc" contextid="4020" timestamp="2019-07-07T05:34:50.608">
  <mem-info id="4022" free="14680064" total="60817408" percent="24">
    <mem type="eden" free="0" total="22020096" percent="0" />
    <remembered-set count="1056" freebytes="2423424" totalbytes="2427648" percent="99" regionsoverflowed="0" regionsstable="18" regionsrebuilding="0"/>
  </mem-info>
</gc-start>
<allocation-stats totalBytes="22001080" >
  <allocated-bytes non-tlh="0" tlh="22001080" arrayletleaf="0"/>
  <largest-consumer threadName="main" threadId="00000000020B9700" bytes="22001080" />
</allocation-stats>
<gc-op id="4023" type="copy forward" timems="0.824" contextid="4020" timestamp="2019-07-07T05:34:50.610">
  <memory-copied type="eden" objects="5" bytes="288" bytesdiscarded="0" />
  <memory-copied type="other" objects="22" bytes="944" bytesdiscarded="0" />
  <memory-cardclean objects="62" bytes="2168" />
  <regions eden="21" other="1" />
  <remembered-set-cleared processed="14" cleared="7" durationms="0.096" />
  <stringconstants candidates="13278" cleared="0"  />
</gc-op>
<gc-op id="4024" type="classunload" timems="0.003" contextid="4020" timestamp="2019-07-07T05:34:50.610">
  <classunload-info classloadercandidates="53" classloadersunloaded="0" classesunloaded="0" anonymousclassesunloaded="0" quiescems="0.000" setupms="0.003" scanms="0.000" postms="0.000" />
</gc-op>
<heap-resize id="4025" type="expand" space="default" amount="2097152" count="1" timems="0.062" reason="excessive time being spent in gc" timestamp="2019-07-07T05:34:50.610" />
<gc-end id="4026" type="partial gc" contextid="4020" durationms="2.041" usertimems="0.000" systemtimems="0.000" timestamp="2019-07-07T05:34:50.610" activeThreads="1">
  <mem-info id="4027" free="37748736" total="62914560" percent="60">
    <mem type="eden" free="1048288" total="1048576" percent="99" />
    <remembered-set count="1504" freebytes="2505344" totalbytes="2511360" percent="99" regionsoverflowed="0" regionsstable="18" regionsrebuilding="0"/>
  </mem-info>
</gc-end>
<cycle-end id="4028" type="partial gc" contextid="4020" timestamp="2019-07-07T05:34:50.611" />
  <attribute name="elasticGC enabled" value="1" />
  <attribute name= "numThreadsSpecified" value="1" />
  <attribute name="heapSize specified" value="0" />
  <attribute name="Current GC Util" value="66" />
  <attribute name= "Current Time Running" value="20136" />
  <attribute name ="GC Interval" value="0" />
  <attribute name="ProportionalT" value="23.000000" />
  <attribute name="ProportionalI" value="23.000000" />
  <attribute name="ProportionalH" value="23.000000" />
  <attribute name="Current Error" value="46.000000" />
  <attribute name="IntegralT" value="0.000000" />
  <attribute name="IntegralI" value="0.000000" />
  <attribute name="IntegralH" value="0.000000" />
  <attribute name="DerivativeT" value="inf" />
  <attribute name="DerivativeI" value="inf" />
  <attribute name="DerivativeH" value="inf" />
  <attribute name="Loop Time for DT" value="0.000000" />
  <attribute name="Output H" value="8388608"/>
  <attribute name="Output I" value="200"/>
  <attribute name="Output T" value="1"/>
  <attribute name="Target GC Util Change" value ="20.000000" />
  <attribute name="Current GC Util Change" value="66.000000"/>
  <attribute name="GC Util currently" value="66" />
  <attribute name="CPU Util currently" value="19448825165764" />
<exclusive-end id="4029" timestamp="2019-07-07T05:34:50.611" durationms="3.200" />

<exclusive-start id="4030" timestamp="2019-07-07T05:34:50.618" intervalms="10.479">
  <response-info timems="0.076" idlems="0.076" threads="0" lastid="00000000020B9700" lastname="main" />
</exclusive-start>
<allocation-taxation id="4031" taxation-threshold="22020096" timestamp="2019-07-07T05:34:50.618" intervalms="10.434" />
<cycle-start id="4032" type="partial gc" contextid="0" timestamp="2019-07-07T05:34:50.619" intervalms="10.439" />
<gc-start id="4033" type="partial gc" contextid="4032" timestamp="2019-07-07T05:34:50.619">
  <mem-info id="4034" free="15728640" total="62914560" percent="25">
    <mem type="eden" free="1048288" total="23068672" percent="4" />
    <remembered-set count="1088" freebytes="2507008" totalbytes="2511360" percent="99" regionsoverflowed="0" regionsstable="18" regionsrebuilding="0"/>
  </mem-info>
</gc-start>
<allocation-stats totalBytes="22000080" >
  <allocated-bytes non-tlh="0" tlh="22000080" arrayletleaf="0"/>
  <largest-consumer threadName="main" threadId="00000000020B9700" bytes="22000080" />
</allocation-stats>
<gc-op id="4035" type="copy forward" timems="0.766" contextid="4032" timestamp="2019-07-07T05:34:50.620">
  <memory-copied type="eden" objects="7" bytes="504" bytesdiscarded="0" />
  <memory-copied type="other" objects="0" bytes="0" bytesdiscarded="0" />
  <memory-cardclean objects="15" bytes="520" />
  <regions eden="21" other="1" />
  <remembered-set-cleared processed="19" cleared="0" durationms="0.089" />
  <stringconstants candidates="13278" cleared="0"  />
</gc-op>
<gc-op id="4036" type="classunload" timems="0.003" contextid="4032" timestamp="2019-07-07T05:34:50.621">
  <classunload-info classloadercandidates="53" classloadersunloaded="0" classesunloaded="0" anonymousclassesunloaded="0" quiescems="0.000" setupms="0.003" scanms="0.000" postms="0.000" />
</gc-op>
<gc-end id="4037" type="partial gc" contextid="4032" durationms="1.930" usertimems="4.000" systemtimems="0.000" timestamp="2019-07-07T05:34:50.621" activeThreads="1">
  <mem-info id="4038" free="37748736" total="62914560" percent="60">
    <mem type="eden" free="1048072" total="1048576" percent="99" />
    <remembered-set count="1568" freebytes="2505088" totalbytes="2511360" percent="99" regionsoverflowed="0" regionsstable="18" regionsrebuilding="0"/>
  </mem-info>
</gc-end>
<cycle-end id="4039" type="partial gc" contextid="4032" timestamp="2019-07-07T05:34:50.621" />
  <attribute name="elasticGC enabled" value="1" />
  <attribute name= "numThreadsSpecified" value="1" />
  <attribute name="heapSize specified" value="0" />
  <attribute name="Current GC Util" value="86" />
  <attribute name= "Current Time Running" value="20147" />
  <attribute name ="GC Interval" value="0" />
  <attribute name="ProportionalT" value="33.000000" />
  <attribute name="ProportionalI" value="33.000000" />
  <attribute name="ProportionalH" value="33.000000" />
  <attribute name="Current Error" value="66.000000" />
  <attribute name="IntegralT" value="0.000000" />
  <attribute name="IntegralI" value="0.000000" />
  <attribute name="IntegralH" value="0.000000" />
  <attribute name="DerivativeT" value="inf" />
  <attribute name="DerivativeI" value="inf" />
  <attribute name="DerivativeH" value="inf" />
  <attribute name="Loop Time for DT" value="0.000000" />
  <attribute name="Output H" value="8388608"/>
  <attribute name="Output I" value="200"/>
  <attribute name="Output T" value="1"/>
  <attribute name="Target GC Util Change" value ="20.000000" />
  <attribute name="Current GC Util Change" value="86.000000"/>
  <attribute name="GC Util currently" value="86" />
  <attribute name="CPU Util currently" value="18469202447900" />
<exclusive-end id="4040" timestamp="2019-07-07T05:34:50.621" durationms="3.061" />

<exclusive-start id="4041" timestamp="2019-07-07T05:34:50.629" intervalms="10.339">
  <response-info timems="0.074" idlems="0.074" threads="0" lastid="00000000020B9700" lastname="main" />
</exclusive-start>
<allocation-taxation id="4042" taxation-threshold="22020096" timestamp="2019-07-07T05:34:50.629" intervalms="10.381" />
<cycle-start id="4043" type="partial gc" contextid="0" timestamp="2019-07-07T05:34:50.629" intervalms="10.403" />
<gc-start id="4044" type="partial gc" contextid="4043" timestamp="2019-07-07T05:34:50.629">
  <mem-info id="4045" free="15728640" total="62914560" percent="25">
    <mem type="eden" free="1048072" total="23068672" percent="4" />
    <remembered-set count="1088" freebytes="2507008" totalbytes="2511360" percent="99" regionsoverflowed="0" regionsstable="18" regionsrebuilding="0"/>
  </mem-info>
</gc-start>
<allocation-stats totalBytes="22000512" >
  <allocated-bytes non-tlh="0" tlh="22000512" arrayletleaf="0"/>
  <largest-consumer threadName="main" threadId="00000000020B9700" bytes="22000512" />
</allocation-stats>
<gc-op id="4046" type="copy forward" timems="0.831" contextid="4043" timestamp="2019-07-07T05:34:50.631">
  <memory-copied type="eden" objects="5" bytes="312" bytesdiscarded="0" />
  <memory-copied type="other" objects="0" bytes="0" bytesdiscarded="0" />
  <memory-cardclean objects="15" bytes="520" />
  <regions eden="21" other="1" />
  <remembered-set-cleared processed="19" cleared="0" durationms="0.098" />
  <stringconstants candidates="13278" cleared="0"  />
</gc-op>
<gc-op id="4047" type="classunload" timems="0.004" contextid="4043" timestamp="2019-07-07T05:34:50.631">
  <classunload-info classloadercandidates="53" classloadersunloaded="0" classesunloaded="0" anonymousclassesunloaded="0" quiescems="0.000" setupms="0.004" scanms="0.000" postms="0.000" />
</gc-op>
<gc-end id="4048" type="partial gc" contextid="4043" durationms="2.057" usertimems="0.000" systemtimems="0.000" timestamp="2019-07-07T05:34:50.631" activeThreads="1">
  <mem-info id="4049" free="37748736" total="62914560" percent="60">
    <mem type="eden" free="1048264" total="1048576" percent="99" />
    <remembered-set count="1568" freebytes="2505088" totalbytes="2511360" percent="99" regionsoverflowed="0" regionsstable="18" regionsrebuilding="0"/>
  </mem-info>
</gc-end>
<cycle-end id="4050" type="partial gc" contextid="4043" timestamp="2019-07-07T05:34:50.632" />
  <attribute name="elasticGC enabled" value="1" />
  <attribute name= "numThreadsSpecified" value="1" />
  <attribute name="heapSize specified" value="0" />
  <attribute name="Current GC Util" value="84" />
  <attribute name= "Current Time Running" value="20157" />
  <attribute name ="GC Interval" value="0" />
  <attribute name="ProportionalT" value="32.000000" />
  <attribute name="ProportionalI" value="32.000000" />
  <attribute name="ProportionalH" value="32.000000" />
  <attribute name="Current Error" value="64.000000" />
  <attribute name="IntegralT" value="0.000000" />
  <attribute name="IntegralI" value="0.000000" />
  <attribute name="IntegralH" value="0.000000" />
  <attribute name="DerivativeT" value="inf" />
  <attribute name="DerivativeI" value="inf" />
  <attribute name="DerivativeH" value="inf" />
  <attribute name="Loop Time for DT" value="0.000000" />
  <attribute name="Output H" value="8388608"/>
  <attribute name="Output I" value="200"/>
  <attribute name="Output T" value="1"/>
  <attribute name="Target GC Util Change" value ="20.000000" />
  <attribute name="Current GC Util Change" value="84.000000"/>
  <attribute name="GC Util currently" value="84" />
  <attribute name="CPU Util currently" value="18446743897544" />
<exclusive-end id="4051" timestamp="2019-07-07T05:34:50.632" durationms="3.358" />

<exclusive-start id="4052" timestamp="2019-07-07T05:34:50.644" intervalms="15.785">
  <response-info timems="0.071" idlems="0.071" threads="0" lastid="00000000020B9700" lastname="main" />
</exclusive-start>
<allocation-taxation id="4053" taxation-threshold="22020096" timestamp="2019-07-07T05:34:50.645" intervalms="15.781" />
<cycle-start id="4054" type="partial gc" contextid="0" timestamp="2019-07-07T05:34:50.645" intervalms="15.756" />
<gc-start id="4055" type="partial gc" contextid="4054" timestamp="2019-07-07T05:34:50.645">
  <mem-info id="4056" free="15728640" total="62914560" percent="25">
    <mem type="eden" free="1048264" total="23068672" percent="4" />
    <remembered-set count="1088" freebytes="2507008" totalbytes="2511360" percent="99" regionsoverflowed="0" regionsstable="18" regionsrebuilding="0"/>
  </mem-info>
</gc-start>
<allocation-stats totalBytes="22006024" >
  <allocated-bytes non-tlh="0" tlh="22006024" arrayletleaf="0"/>
  <largest-consumer threadName="main" threadId="00000000020B9700" bytes="22006024" />
</allocation-stats>
<gc-op id="4057" type="copy forward" timems="0.858" contextid="4054" timestamp="2019-07-07T05:34:50.647">
  <memory-copied type="eden" objects="53" bytes="2472" bytesdiscarded="0" />
  <memory-copied type="other" objects="0" bytes="0" bytesdiscarded="0" />
  <memory-cardclean objects="83" bytes="2528" />
  <regions eden="21" other="1" />
  <remembered-set-cleared processed="19" cleared="10" durationms="0.099" />
  <stringconstants candidates="13278" cleared="0"  />
</gc-op>
<gc-op id="4058" type="classunload" timems="0.003" contextid="4054" timestamp="2019-07-07T05:34:50.647">
  <classunload-info classloadercandidates="53" classloadersunloaded="0" classesunloaded="0" anonymousclassesunloaded="0" quiescems="0.000" setupms="0.003" scanms="0.000" postms="0.000" />
</gc-op>
<gc-end id="4059" type="partial gc" contextid="4054" durationms="1.980" usertimems="0.000" systemtimems="4.000" timestamp="2019-07-07T05:34:50.647" activeThreads="1">
  <mem-info id="4060" free="37748736" total="62914560" percent="60">
    <mem type="eden" free="1046104" total="1048576" percent="99" />
    <remembered-set count="1536" freebytes="2505216" totalbytes="2511360" percent="99" regionsoverflowed="0" regionsstable="18" regionsrebuilding="0"/>
  </mem-info>
</gc-end>
<cycle-end id="4061" type="partial gc" contextid="4054" timestamp="2019-07-07T05:34:50.647" />
  <attribute name="elasticGC enabled" value="1" />
  <attribute name= "numThreadsSpecified" value="1" />
  <attribute name="heapSize specified" value="0" />
  <attribute name="Current GC Util" value="94" />
  <attribute name= "Current Time Running" value="20173" />
  <attribute name ="GC Interval" value="0" />
  <attribute name="ProportionalT" value="37.000000" />
  <attribute name="ProportionalI" value="37.000000" />
  <attribute name="ProportionalH" value="37.000000" />
  <attribute name="Current Error" value="74.000000" />
  <attribute name="IntegralT" value="0.000000" />
  <attribute name="IntegralI" value="0.000000" />
  <attribute name="IntegralH" value="0.000000" />
  <attribute name="DerivativeT" value="inf" />
  <attribute name="DerivativeI" value="inf" />
  <attribute name="DerivativeH" value="inf" />
  <attribute name="Loop Time for DT" value="0.000000" />
  <attribute name="Output H" value="8388608"/>
  <attribute name="Output I" value="200"/>
  <attribute name="Output T" value="1"/>
  <attribute name="Target GC Util Change" value ="20.000000" />
  <attribute name="Current GC Util Change" value="94.000000"/>
  <attribute name="GC Util currently" value="94" />
  <attribute name="CPU Util currently" value="17831072621864" />
<exclusive-end id="4062" timestamp="2019-07-07T05:34:50.647" durationms="3.108" />

<exclusive-start id="4063" timestamp="2019-07-07T05:34:50.671" intervalms="26.718">
  <response-info timems="0.078" idlems="0.078" threads="0" lastid="00000000020B9700" lastname="main" />
</exclusive-start>
<allocation-taxation id="4064" taxation-threshold="22020096" timestamp="2019-07-07T05:34:50.671" intervalms="26.686" />
<cycle-start id="4065" type="partial gc" contextid="0" timestamp="2019-07-07T05:34:50.671" intervalms="26.689" />
<gc-start id="4066" type="partial gc" contextid="4065" timestamp="2019-07-07T05:34:50.672">
  <mem-info id="4067" free="15728640" total="62914560" percent="25">
    <mem type="eden" free="0" total="22020096" percent="0" />
    <remembered-set count="1088" freebytes="2507008" totalbytes="2511360" percent="99" regionsoverflowed="0" regionsstable="18" regionsrebuilding="0"/>
  </mem-info>
</gc-start>
<allocation-stats totalBytes="22015112" >
  <allocated-bytes non-tlh="0" tlh="22015112" arrayletleaf="0"/>
  <largest-consumer threadName="main" threadId="00000000020B9700" bytes="22015112" />
</allocation-stats>
<gc-op id="4068" type="copy forward" timems="0.932" contextid="4065" timestamp="2019-07-07T05:34:50.673">
  <memory-copied type="eden" objects="18" bytes="792" bytesdiscarded="0" />
  <memory-copied type="other" objects="22" bytes="968" bytesdiscarded="0" />
  <memory-cardclean objects="61" bytes="2160" />
  <regions eden="21" other="1" />
  <remembered-set-cleared processed="17" cleared="8" durationms="0.090" />
  <stringconstants candidates="13278" cleared="0"  />
</gc-op>
<gc-op id="4069" type="classunload" timems="0.004" contextid="4065" timestamp="2019-07-07T05:34:50.673">
  <classunload-info classloadercandidates="53" classloadersunloaded="0" classesunloaded="0" anonymousclassesunloaded="0" quiescems="0.000" setupms="0.004" scanms="0.000" postms="0.000" />
</gc-op>
<heap-resize id="4070" type="expand" space="default" amount="3145728" count="1" timems="0.054" reason="excessive time being spent in gc" timestamp="2019-07-07T05:34:50.674" />
<gc-end id="4071" type="partial gc" contextid="4065" durationms="2.180" usertimems="0.000" systemtimems="0.000" timestamp="2019-07-07T05:34:50.674" activeThreads="1">
  <mem-info id="4072" free="39845888" total="66060288" percent="60">
    <mem type="eden" free="1047784" total="1048576" percent="99" />
    <remembered-set count="1536" freebytes="2630784" totalbytes="2636928" percent="99" regionsoverflowed="0" regionsstable="18" regionsrebuilding="0"/>
  </mem-info>
</gc-end>
<cycle-end id="4073" type="partial gc" contextid="4065" timestamp="2019-07-07T05:34:50.674" />
  <attribute name="elasticGC enabled" value="1" />
  <attribute name= "numThreadsSpecified" value="1" />
  <attribute name="heapSize specified" value="0" />
  <attribute name="Current GC Util" value="75" />
  <attribute name= "Current Time Running" value="20199" />
  <attribute name ="GC Interval" value="0" />
  <attribute name="ProportionalT" value="27.500000" />
  <attribute name="ProportionalI" value="27.500000" />
  <attribute name="ProportionalH" value="27.500000" />
  <attribute name="Current Error" value="55.000000" />
  <attribute name="IntegralT" value="0.000000" />
  <attribute name="IntegralI" value="0.000000" />
  <attribute name="IntegralH" value="0.000000" />
  <attribute name="DerivativeT" value="inf" />
  <attribute name="DerivativeI" value="inf" />
  <attribute name="DerivativeH" value="inf" />
  <attribute name="Loop Time for DT" value="0.000000" />
  <attribute name="Output H" value="8388608"/>
  <attribute name="Output I" value="200"/>
  <attribute name="Output T" value="1"/>
  <attribute name="Target GC Util Change" value ="20.000000" />
  <attribute name="Current GC Util Change" value="75.000000"/>
  <attribute name="GC Util currently" value="75" />
  <attribute name="CPU Util currently" value="21242904995973" />
<exclusive-end id="4074" timestamp="2019-07-07T05:34:50.674" durationms="3.230" />

<exclusive-start id="4075" timestamp="2019-07-07T05:34:50.699" intervalms="27.853">
  <response-info timems="0.089" idlems="0.089" threads="0" lastid="00000000020B9700" lastname="main" />
</exclusive-start>
<allocation-taxation id="4076" taxation-threshold="23068672" timestamp="2019-07-07T05:34:50.699" intervalms="27.886" />
<cycle-start id="4077" type="partial gc" contextid="0" timestamp="2019-07-07T05:34:50.699" intervalms="27.872" />
<gc-start id="4078" type="partial gc" contextid="4077" timestamp="2019-07-07T05:34:50.700">
  <mem-info id="4079" free="16777216" total="66060288" percent="25">
    <mem type="eden" free="1047784" total="24117248" percent="4" />
    <remembered-set count="1120" freebytes="2632448" totalbytes="2636928" percent="99" regionsoverflowed="0" regionsstable="18" regionsrebuilding="0"/>
  </mem-info>
</gc-start>
<allocation-stats totalBytes="23063528" >
  <allocated-bytes non-tlh="0" tlh="23063528" arrayletleaf="0"/>
  <largest-consumer threadName="main" threadId="00000000020B9700" bytes="23063528" />
</allocation-stats>
<gc-op id="4080" type="copy forward" timems="0.751" contextid="4077" timestamp="2019-07-07T05:34:50.701">
  <memory-copied type="eden" objects="20" bytes="904" bytesdiscarded="0" />
  <memory-copied type="other" objects="0" bytes="0" bytesdiscarded="0" />
  <memory-cardclean objects="14" bytes="520" />
  <regions eden="22" other="1" />
  <remembered-set-cleared processed="22" cleared="0" durationms="0.091" />
  <stringconstants candidates="13278" cleared="0"  />
</gc-op>
<gc-op id="4081" type="classunload" timems="0.003" contextid="4077" timestamp="2019-07-07T05:34:50.701">
  <classunload-info classloadercandidates="53" classloadersunloaded="0" classesunloaded="0" anonymousclassesunloaded="0" quiescems="0.000" setupms="0.003" scanms="0.000" postms="0.000" />
</gc-op>
<gc-end id="4082" type="partial gc" contextid="4077" durationms="1.830" usertimems="4.000" systemtimems="0.000" timestamp="2019-07-07T05:34:50.701" activeThreads="1">
  <mem-info id="4083" free="39845888" total="66060288" percent="60">
    <mem type="eden" free="1047672" total="1048576" percent="99" />
    <remembered-set count="1600" freebytes="2630528" totalbytes="2636928" percent="99" regionsoverflowed="0" regionsstable="18" regionsrebuilding="0"/>
  </mem-info>
</gc-end>
<cycle-end id="4084" type="partial gc" contextid="4077" timestamp="2019-07-07T05:34:50.702" />
  <attribute name="elasticGC enabled" value="1" />
  <attribute name= "numThreadsSpecified" value="1" />
  <attribute name="heapSize specified" value="0" />
  <attribute name="Current GC Util" value="84" />
  <attribute name= "Current Time Running" value="20227" />
  <attribute name ="GC Interval" value="0" />
  <attribute name="ProportionalT" value="32.000000" />
  <attribute name="ProportionalI" value="32.000000" />
  <attribute name="ProportionalH" value="32.000000" />
  <attribute name="Current Error" value="64.000000" />
  <attribute name="IntegralT" value="0.000000" />
  <attribute name="IntegralI" value="0.000000" />
  <attribute name="IntegralH" value="0.000000" />
  <attribute name="DerivativeT" value="inf" />
  <attribute name="DerivativeI" value="inf" />
  <attribute name="DerivativeH" value="inf" />
  <attribute name="Loop Time for DT" value="0.000000" />
  <attribute name="Output H" value="8388608"/>
  <attribute name="Output I" value="200"/>
  <attribute name="Output T" value="1"/>
  <attribute name="Target GC Util Change" value ="20.000000" />
  <attribute name="Current GC Util Change" value="84.000000"/>
  <attribute name="GC Util currently" value="84" />
  <attribute name="CPU Util currently" value="19539883118145" />
<exclusive-end id="4085" timestamp="2019-07-07T05:34:50.702" durationms="2.962" />

<exclusive-start id="4086" timestamp="2019-07-07T05:34:50.727" intervalms="27.781">
  <response-info timems="0.076" idlems="0.076" threads="0" lastid="00000000020B9700" lastname="main" />
</exclusive-start>
<allocation-taxation id="4087" taxation-threshold="23068672" timestamp="2019-07-07T05:34:50.727" intervalms="27.745" />
<cycle-start id="4088" type="partial gc" contextid="0" timestamp="2019-07-07T05:34:50.727" intervalms="27.759" />
<gc-start id="4089" type="partial gc" contextid="4088" timestamp="2019-07-07T05:34:50.727">
  <mem-info id="4090" free="16777216" total="66060288" percent="25">
    <mem type="eden" free="1047672" total="24117248" percent="4" />
    <remembered-set count="1120" freebytes="2632448" totalbytes="2636928" percent="99" regionsoverflowed="0" regionsstable="18" regionsrebuilding="0"/>
  </mem-info>
</gc-start>
<allocation-stats totalBytes="23063568" >
  <allocated-bytes non-tlh="0" tlh="23063568" arrayletleaf="0"/>
  <largest-consumer threadName="main" threadId="00000000020B9700" bytes="23063568" />
</allocation-stats>
<gc-op id="4091" type="copy forward" timems="0.740" contextid="4088" timestamp="2019-07-07T05:34:50.729">
  <memory-copied type="eden" objects="28" bytes="1328" bytesdiscarded="0" />
  <memory-copied type="other" objects="0" bytes="0" bytesdiscarded="0" />
  <memory-cardclean objects="14" bytes="520" />
  <regions eden="22" other="1" />
  <remembered-set-cleared processed="22" cleared="0" durationms="0.091" />
  <stringconstants candidates="13278" cleared="0"  />
</gc-op>
<gc-op id="4092" type="classunload" timems="0.004" contextid="4088" timestamp="2019-07-07T05:34:50.729">
  <classunload-info classloadercandidates="53" classloadersunloaded="0" classesunloaded="0" anonymousclassesunloaded="0" quiescems="0.000" setupms="0.003" scanms="0.000" postms="0.000" />
</gc-op>
<gc-end id="4093" type="partial gc" contextid="4088" durationms="1.942" usertimems="0.000" systemtimems="0.000" timestamp="2019-07-07T05:34:50.729" activeThreads="1">
  <mem-info id="4094" free="39845888" total="66060288" percent="60">
    <mem type="eden" free="1047248" total="1048576" percent="99" />
    <remembered-set count="1600" freebytes="2630528" totalbytes="2636928" percent="99" regionsoverflowed="0" regionsstable="18" regionsrebuilding="0"/>
  </mem-info>
</gc-end>
<cycle-end id="4095" type="partial gc" contextid="4088" timestamp="2019-07-07T05:34:50.729" />
  <attribute name="elasticGC enabled" value="1" />
  <attribute name= "numThreadsSpecified" value="1" />
  <attribute name="heapSize specified" value="0" />
  <attribute name="Current GC Util" value="84" />
  <attribute name= "Current Time Running" value="20255" />
  <attribute name ="GC Interval" value="0" />
  <attribute name="ProportionalT" value="32.000000" />
  <attribute name="ProportionalI" value="32.000000" />
  <attribute name="ProportionalH" value="32.000000" />
  <attribute name="Current Error" value="64.000000" />
  <attribute name="IntegralT" value="0.000000" />
  <attribute name="IntegralI" value="0.000000" />
  <attribute name="IntegralH" value="0.000000" />
  <attribute name="DerivativeT" value="inf" />
  <attribute name="DerivativeI" value="inf" />
  <attribute name="DerivativeH" value="inf" />
  <attribute name="Loop Time for DT" value="0.000000" />
  <attribute name="Output H" value="8388608"/>
  <attribute name="Output I" value="200"/>
  <attribute name="Output T" value="1"/>
  <attribute name="Target GC Util Change" value ="20.000000" />
  <attribute name="Current GC Util Change" value="84.000000"/>
  <attribute name="GC Util currently" value="84" />
  <attribute name="CPU Util currently" value="19754829700243" />
<exclusive-end id="4096" timestamp="2019-07-07T05:34:50.730" durationms="2.946" />

<exclusive-start id="4097" timestamp="2019-07-07T05:34:50.898" intervalms="171.274">
  <response-info timems="0.078" idlems="0.078" threads="0" lastid="00000000020B9700" lastname="main" />
</exclusive-start>
<allocation-taxation id="4098" taxation-threshold="23068672" timestamp="2019-07-07T05:34:50.898" intervalms="171.336" />
<cycle-start id="4099" type="partial gc" contextid="0" timestamp="2019-07-07T05:34:50.898" intervalms="171.351" />
<gc-start id="4100" type="partial gc" contextid="4099" timestamp="2019-07-07T05:34:50.899">
  <mem-info id="4101" free="16777216" total="66060288" percent="25">
    <mem type="eden" free="1047248" total="24117248" percent="4" />
    <remembered-set count="1120" freebytes="2632448" totalbytes="2636928" percent="99" regionsoverflowed="0" regionsstable="18" regionsrebuilding="0"/>
  </mem-info>
</gc-start>
<allocation-stats totalBytes="22352800" >
  <allocated-bytes non-tlh="0" tlh="22352800" arrayletleaf="0"/>
  <largest-consumer threadName="main" threadId="00000000020B9700" bytes="22352800" />
</allocation-stats>
<gc-op id="4102" type="copy forward" timems="1.366" contextid="4099" timestamp="2019-07-07T05:34:50.901">
  <memory-copied type="eden" objects="97" bytes="39560" bytesdiscarded="1024" />
  <memory-copied type="other" objects="0" bytes="0" bytesdiscarded="0" />
  <memory-cardclean objects="81" bytes="2496" />
  <regions eden="22" other="1" />
  <remembered-set-cleared processed="22" cleared="7" durationms="0.070" />
  <stringconstants candidates="13278" cleared="0"  />
</gc-op>
<gc-op id="4103" type="classunload" timems="0.004" contextid="4099" timestamp="2019-07-07T05:34:50.901">
  <classunload-info classloadercandidates="53" classloadersunloaded="0" classesunloaded="0" anonymousclassesunloaded="0" quiescems="0.000" setupms="0.004" scanms="0.000" postms="0.000" />
</gc-op>
<heap-resize id="4104" type="contract" space="default" amount="4194304" count="1" timems="0.081" reason="insufficient time being spent in gc" timestamp="2019-07-07T05:34:50.901" />
<gc-end id="4105" type="partial gc" contextid="4099" durationms="2.745" usertimems="4.000" systemtimems="0.000" timestamp="2019-07-07T05:34:50.902" activeThreads="4">
  <mem-info id="4106" free="35651584" total="61865984" percent="57">
    <mem type="eden" free="1007992" total="1048576" percent="96" />
    <remembered-set count="1728" freebytes="2630016" totalbytes="2636928" percent="99" regionsoverflowed="0" regionsstable="18" regionsrebuilding="0"/>
  </mem-info>
</gc-end>
<cycle-end id="4107" type="partial gc" contextid="4099" timestamp="2019-07-07T05:34:50.902" />
  <attribute name="elasticGC enabled" value="1" />
  <attribute name= "numThreadsSpecified" value="4" />
  <attribute name="heapSize specified" value="0" />
  <attribute name="Current GC Util" value="84" />
  <attribute name= "Current Time Running" value="20427" />
  <attribute name ="GC Interval" value="0" />
  <attribute name="ProportionalT" value="32.000000" />
  <attribute name="ProportionalI" value="32.000000" />
  <attribute name="ProportionalH" value="32.000000" />
  <attribute name="Current Error" value="64.000000" />
  <attribute name="IntegralT" value="32.000000" />
  <attribute name="IntegralI" value="32.000000" />
  <attribute name="IntegralH" value="32.000000" />
  <attribute name="DerivativeT" value="64.000000" />
  <attribute name="DerivativeI" value="64.000000" />
  <attribute name="DerivativeH" value="64.000000" />
  <attribute name="Loop Time for DT" value="1.000000" />
  <attribute name="Output H" value="8388608"/>
  <attribute name="Output I" value="200"/>
  <attribute name="Output T" value="4"/>
  <attribute name="Target GC Util Change" value ="20.000000" />
  <attribute name="Current GC Util Change" value="84.000000"/>
  <attribute name="GC Util currently" value="84" />
  <attribute name="CPU Util currently" value="15723282660453" />
<exclusive-end id="4108" timestamp="2019-07-07T05:34:50.902" durationms="4.055" />

<exclusive-start id="4109" timestamp="2019-07-07T05:34:50.907" intervalms="8.841">
  <response-info timems="0.066" idlems="0.066" threads="0" lastid="00000000020B9700" lastname="main" />
</exclusive-start>
<allocation-taxation id="4110" taxation-threshold="22020096" timestamp="2019-07-07T05:34:50.907" intervalms="8.875" />
<cycle-start id="4111" type="partial gc" contextid="0" timestamp="2019-07-07T05:34:50.907" intervalms="8.806" />
<gc-start id="4112" type="partial gc" contextid="4111" timestamp="2019-07-07T05:34:50.908">
  <mem-info id="4113" free="13631488" total="61865984" percent="22">
    <mem type="eden" free="0" total="22020096" percent="0" />
    <remembered-set count="1248" freebytes="2631936" totalbytes="2636928" percent="99" regionsoverflowed="0" regionsstable="18" regionsrebuilding="0"/>
  </mem-info>
</gc-start>
<allocation-stats totalBytes="20605824" >
  <allocated-bytes non-tlh="0" tlh="20605824" arrayletleaf="0"/>
  <largest-consumer threadName="main" threadId="00000000020B9700" bytes="20605824" />
</allocation-stats>
<gc-op id="4114" type="copy forward" timems="1.614" contextid="4111" timestamp="2019-07-07T05:34:50.910">
  <memory-copied type="eden" objects="11" bytes="36152" bytesdiscarded="2776" />
  <memory-copied type="other" objects="86" bytes="3408" bytesdiscarded="232" />
  <memory-cardclean objects="59" bytes="2128" />
  <regions eden="21" other="1" />
  <remembered-set-cleared processed="20" cleared="5" durationms="0.106" />
  <stringconstants candidates="13278" cleared="0"  />
</gc-op>
<gc-op id="4115" type="classunload" timems="0.003" contextid="4111" timestamp="2019-07-07T05:34:50.911">
  <classunload-info classloadercandidates="53" classloadersunloaded="0" classesunloaded="0" anonymousclassesunloaded="0" quiescems="0.000" setupms="0.003" scanms="0.000" postms="0.000" />
</gc-op>
<heap-resize id="4116" type="contract" space="default" amount="3145728" count="1" timems="0.066" reason="insufficient time being spent in gc" timestamp="2019-07-07T05:34:50.911" />
<gc-end id="4117" type="partial gc" contextid="4111" durationms="3.261" usertimems="0.000" systemtimems="4.000" timestamp="2019-07-07T05:34:50.911" activeThreads="4">
  <mem-info id="4118" free="31457280" total="58720256" percent="53">
    <mem type="eden" free="1009648" total="1048576" percent="96" />
    <remembered-set count="1728" freebytes="2462592" totalbytes="2469504" percent="99" regionsoverflowed="0" regionsstable="18" regionsrebuilding="0"/>
  </mem-info>
</gc-end>
<cycle-end id="4119" type="partial gc" contextid="4111" timestamp="2019-07-07T05:34:50.911" />
  <attribute name="elasticGC enabled" value="1" />
  <attribute name= "numThreadsSpecified" value="4" />
  <attribute name="heapSize specified" value="0" />
  <attribute name="Current GC Util" value="42" />
  <attribute name= "Current Time Running" value="20436" />
  <attribute name ="GC Interval" value="0" />
  <attribute name="ProportionalT" value="11.000000" />
  <attribute name="ProportionalI" value="11.000000" />
  <attribute name="ProportionalH" value="11.000000" />
  <attribute name="Current Error" value="22.000000" />
  <attribute name="IntegralT" value="11.000000" />
  <attribute name="IntegralI" value="11.000000" />
  <attribute name="IntegralH" value="11.000000" />
  <attribute name="DerivativeT" value="-2.000000" />
  <attribute name="DerivativeI" value="-2.000000" />
  <attribute name="DerivativeH" value="-2.000000" />
  <attribute name="Loop Time for DT" value="1.000000" />
  <attribute name="Output H" value="8388608"/>
  <attribute name="Output I" value="200"/>
  <attribute name="Output T" value="4"/>
  <attribute name="Target GC Util Change" value ="20.000000" />
  <attribute name="Current GC Util Change" value="42.000000"/>
  <attribute name="GC Util currently" value="42" />
  <attribute name="CPU Util currently" value="8993270138355" />
<exclusive-end id="4120" timestamp="2019-07-07T05:34:50.911" durationms="4.653" />

<exclusive-start id="4121" timestamp="2019-07-07T05:34:50.916" intervalms="9.562">
  <response-info timems="0.325" idlems="0.185" threads="1" lastid="00000000020C4B00" lastname="JIT Compilation Thread-2" />
</exclusive-start>
<allocation-taxation id="4122" taxation-threshold="20971520" timestamp="2019-07-07T05:34:50.917" intervalms="9.525" />
<cycle-start id="4123" type="partial gc" contextid="0" timestamp="2019-07-07T05:34:50.917" intervalms="9.530" />
<gc-start id="4124" type="partial gc" contextid="4123" timestamp="2019-07-07T05:34:50.917">
  <mem-info id="4125" free="10485760" total="58720256" percent="17">
    <mem type="eden" free="1009648" total="22020096" percent="4" />
    <remembered-set count="1248" freebytes="2464512" totalbytes="2469504" percent="99" regionsoverflowed="0" regionsstable="18" regionsrebuilding="0"/>
  </mem-info>
</gc-start>
<allocation-stats totalBytes="19625400" >
  <allocated-bytes non-tlh="0" tlh="19625400" arrayletleaf="0"/>
  <largest-consumer threadName="main" threadId="00000000020B9700" bytes="19625400" />
</allocation-stats>
<gc-op id="4126" type="copy forward" timems="1.514" contextid="4123" timestamp="2019-07-07T05:34:50.920">
  <memory-copied type="eden" objects="11" bytes="33800" bytesdiscarded="1928" />
  <memory-copied type="other" objects="0" bytes="0" bytesdiscarded="0" />
  <memory-cardclean objects="40" bytes="1256" />
  <regions eden="20" other="1" />
  <remembered-set-cleared processed="23" cleared="5" durationms="0.085" />
  <stringconstants candidates="13278" cleared="0"  />
</gc-op>
<gc-op id="4127" type="classunload" timems="0.004" contextid="4123" timestamp="2019-07-07T05:34:50.920">
  <classunload-info classloadercandidates="53" classloadersunloaded="0" classesunloaded="0" anonymousclassesunloaded="0" quiescems="0.000" setupms="0.004" scanms="0.000" postms="0.000" />
</gc-op>
<gc-end id="4128" type="partial gc" contextid="4123" durationms="2.770" usertimems="4.000" systemtimems="0.000" timestamp="2019-07-07T05:34:50.920" activeThreads="4">
  <mem-info id="4129" free="31457280" total="58720256" percent="53">
    <mem type="eden" free="1012848" total="1048576" percent="96" />
    <remembered-set count="1248" freebytes="2338944" totalbytes="2343936" percent="99" regionsoverflowed="0" regionsstable="18" regionsrebuilding="0"/>
  </mem-info>
</gc-end>
<cycle-end id="4130" type="partial gc" contextid="4123" timestamp="2019-07-07T05:34:50.920" />
  <attribute name="elasticGC enabled" value="1" />
  <attribute name= "numThreadsSpecified" value="4" />
  <attribute name="heapSize specified" value="0" />
  <attribute name="Current GC Util" value="30" />
  <attribute name= "Current Time Running" value="20445" />
  <attribute name ="GC Interval" value="0" />
  <attribute name="ProportionalT" value="5.000000" />
  <attribute name="ProportionalI" value="5.000000" />
  <attribute name="ProportionalH" value="5.000000" />
  <attribute name="Current Error" value="10.000000" />
  <attribute name="IntegralT" value="0.000000" />
  <attribute name="IntegralI" value="0.000000" />
  <attribute name="IntegralH" value="0.000000" />
  <attribute name="DerivativeT" value="-inf" />
  <attribute name="DerivativeI" value="-inf" />
  <attribute name="DerivativeH" value="-inf" />
  <attribute name="Loop Time for DT" value="0.000000" />
  <attribute name="Output H" value="2091843584"/>
  <attribute name="Output I" value="200"/>
  <attribute name="Output T" value="4"/>
  <attribute name="Target GC Util Change" value ="20.000000" />
  <attribute name="Current GC Util Change" value="30.000000"/>
  <attribute name="GC Util currently" value="30" />
  <attribute name="CPU Util currently" value="9923430258933" />
<exclusive-end id="4131" timestamp="2019-07-07T05:34:50.920" durationms="4.027" />

<exclusive-start id="4132" timestamp="2019-07-07T05:34:50.922" intervalms="6.000">
  <response-info timems="0.082" idlems="0.082" threads="0" lastid="00000000020B9700" lastname="main" />
</exclusive-start>
<allocation-taxation id="4133" taxation-threshold="10485760" timestamp="2019-07-07T05:34:50.923" intervalms="6.011" />
<cycle-start id="4134" type="global mark phase" contextid="0" timestamp="2019-07-07T05:34:50.923" intervalms="542.518" />
<gc-start id="4135" type="global mark phase" contextid="4134" timestamp="2019-07-07T05:34:50.923">
  <mem-info id="4136" free="20971520" total="58720256" percent="35">
    <remembered-set count="768" freebytes="2340864" totalbytes="2343936" percent="99" regionsoverflowed="0" regionsstable="18" regionsrebuilding="0"/>
  </mem-info>
</gc-start>
<gc-op id="4137" type="mark increment" timems="0.448" contextid="4134" timestamp="2019-07-07T05:34:50.924">
  <trace-info objectcount="188" scancount="0" scanbytes="0" />
</gc-op>
<gc-end id="4138" type="global mark phase" contextid="4134" durationms="0.641" usertimems="0.000" systemtimems="0.000" timestamp="2019-07-07T05:34:50.924" activeThreads="1">
  <mem-info id="4139" free="20971520" total="58720256" percent="35">
    <remembered-set count="768" freebytes="2340864" totalbytes="2343936" percent="99" regionsoverflowed="0" regionsstable="0" regionsrebuilding="18"/>
  </mem-info>
</gc-end>
<concurrent-start id="4140" type="GMP work packet processing" contextid="4134" timestamp="2019-07-07T05:34:50.924">
  <concurrent-mark-start scanTarget="1323151" />
</concurrent-start>
<exclusive-end id="4141" timestamp="2019-07-07T05:34:50.924" durationms="1.487" />

<concurrent-end id="4142" type="GMP work packet processing" contextid="4134" timestamp="2019-07-07T05:34:50.939">
  <concurrent-mark-end bytesScanned="1372320" reasonForTermination="Work target met" />
</concurrent-end>

<exclusive-start id="4143" timestamp="2019-07-07T05:34:50.953" intervalms="30.140">
  <response-info timems="0.093" idlems="0.093" threads="0" lastid="00000000020B9700" lastname="main" />
</exclusive-start>
<allocation-taxation id="4144" taxation-threshold="10485760" timestamp="2019-07-07T05:34:50.953" intervalms="30.166" />
<cycle-start id="4145" type="partial gc" contextid="0" timestamp="2019-07-07T05:34:50.953" intervalms="36.286" />
<gc-start id="4146" type="partial gc" contextid="4145" timestamp="2019-07-07T05:34:50.954">
  <mem-info id="4147" free="10485760" total="58720256" percent="17">
    <mem type="eden" free="1012848" total="22020096" percent="4" />
    <remembered-set count="13728" freebytes="2289024" totalbytes="2343936" percent="97" regionsoverflowed="0" regionsstable="0" regionsrebuilding="18"/>
  </mem-info>
</gc-start>
<allocation-stats totalBytes="20284808" >
  <allocated-bytes non-tlh="0" tlh="20284808" arrayletleaf="0"/>
  <largest-consumer threadName="main" threadId="00000000020B9700" bytes="10485096" />
</allocation-stats>
<gc-op id="4148" type="copy forward" timems="1.743" contextid="4145" timestamp="2019-07-07T05:34:50.956">
  <memory-copied type="eden" objects="139" bytes="47312" bytesdiscarded="2240" />
  <memory-copied type="other" objects="0" bytes="0" bytesdiscarded="0" />
  <memory-cardclean objects="82" bytes="2592" />
  <regions eden="20" other="1" />
  <remembered-set-cleared processed="12002" cleared="52" durationms="0.140" />
  <stringconstants candidates="13278" cleared="0"  />
</gc-op>
<gc-op id="4149" type="classunload" timems="0.004" contextid="4145" timestamp="2019-07-07T05:34:50.956">
  <classunload-info classloadercandidates="53" classloadersunloaded="0" classesunloaded="0" anonymousclassesunloaded="0" quiescems="0.000" setupms="0.003" scanms="0.000" postms="0.000" />
</gc-op>
<heap-resize id="4150" type="expand" space="default" amount="9437184" count="1" timems="0.066" reason="excessive time being spent in gc" timestamp="2019-07-07T05:34:50.957" />
<gc-end id="4151" type="partial gc" contextid="4145" durationms="3.192" usertimems="4.000" systemtimems="0.000" timestamp="2019-07-07T05:34:50.957" activeThreads="4">
  <mem-info id="4152" free="40894464" total="68157440" percent="60">
    <mem type="eden" free="999024" total="1048576" percent="95" />
    <remembered-set count="14496" freebytes="2662656" totalbytes="2720640" percent="97" regionsoverflowed="0" regionsstable="0" regionsrebuilding="18"/>
  </mem-info>
</gc-end>
<cycle-end id="4153" type="partial gc" contextid="4145" timestamp="2019-07-07T05:34:50.957" />
  <attribute name="elasticGC enabled" value="1" />
  <attribute name= "numThreadsSpecified" value="4" />
  <attribute name="heapSize specified" value="0" />
  <attribute name="Current GC Util" value="81" />
  <attribute name= "Current Time Running" value="20482" />
  <attribute name ="GC Interval" value="0" />
  <attribute name="ProportionalT" value="30.500000" />
  <attribute name="ProportionalI" value="30.500000" />
  <attribute name="ProportionalH" value="30.500000" />
  <attribute name="Current Error" value="61.000000" />
  <attribute name="IntegralT" value="30.500000" />
  <attribute name="IntegralI" value="30.500000" />
  <attribute name="IntegralH" value="30.500000" />
  <attribute name="DerivativeT" value="61.000000" />
  <attribute name="DerivativeI" value="61.000000" />
  <attribute name="DerivativeH" value="61.000000" />
  <attribute name="Loop Time for DT" value="1.000000" />
  <attribute name="Output H" value="8388608"/>
  <attribute name="Output I" value="200"/>
  <attribute name="Output T" value="4"/>
  <attribute name="Target GC Util Change" value ="20.000000" />
  <attribute name="Current GC Util Change" value="81.000000"/>
  <attribute name="GC Util currently" value="81" />
  <attribute name="CPU Util currently" value="14493770818073" />
<exclusive-end id="4154" timestamp="2019-07-07T05:34:50.957" durationms="4.758" />

<exclusive-start id="4155" timestamp="2019-07-07T05:34:51.056" intervalms="103.501">
  <response-info timems="0.077" idlems="0.077" threads="0" lastid="00000000020B9700" lastname="main" />
</exclusive-start>
<allocation-taxation id="4156" taxation-threshold="11534336" timestamp="2019-07-07T05:34:51.056" intervalms="103.435" />
<gc-start id="4157" type="global mark phase" contextid="4134" timestamp="2019-07-07T05:34:51.056">
  <mem-info id="4158" free="29360128" total="68157440" percent="43">
    <remembered-set count="14048" freebytes="2664448" totalbytes="2720640" percent="97" regionsoverflowed="0" regionsstable="0" regionsrebuilding="18"/>
  </mem-info>
</gc-start>
<gc-end id="4159" type="global mark phase" contextid="4134" durationms="0.204" usertimems="0.000" systemtimems="0.000" timestamp="2019-07-07T05:34:51.057" activeThreads="4">
  <mem-info id="4160" free="29360128" total="68157440" percent="43">
    <remembered-set count="14048" freebytes="2664448" totalbytes="2720640" percent="97" regionsoverflowed="0" regionsstable="0" regionsrebuilding="18"/>
  </mem-info>
</gc-end>
<concurrent-start id="4161" type="GMP work packet processing" contextid="4134" timestamp="2019-07-07T05:34:51.057">
  <concurrent-mark-start scanTarget="1764202" />
</concurrent-start>
<exclusive-end id="4162" timestamp="2019-07-07T05:34:51.057" durationms="1.038" />

<concurrent-end id="4163" type="GMP work packet processing" contextid="4134" timestamp="2019-07-07T05:34:51.058">
  <concurrent-mark-end bytesScanned="1814996" reasonForTermination="Work target met" />
</concurrent-end>

<exclusive-start id="4164" timestamp="2019-07-07T05:34:51.067" intervalms="10.624">
  <response-info timems="0.075" idlems="0.075" threads="0" lastid="00000000020B9700" lastname="main" />
</exclusive-start>
<allocation-taxation id="4165" taxation-threshold="11534336" timestamp="2019-07-07T05:34:51.067" intervalms="10.575" />
<cycle-start id="4166" type="partial gc" contextid="0" timestamp="2019-07-07T05:34:51.067" intervalms="113.957" />
<gc-start id="4167" type="partial gc" contextid="4166" timestamp="2019-07-07T05:34:51.067">
  <mem-info id="4168" free="17825792" total="68157440" percent="26">
    <mem type="eden" free="0" total="23068672" percent="0" />
    <remembered-set count="31968" freebytes="2592768" totalbytes="2720640" percent="95" regionsoverflowed="0" regionsstable="0" regionsrebuilding="18"/>
  </mem-info>
</gc-start>
<allocation-stats totalBytes="23066264" >
  <allocated-bytes non-tlh="0" tlh="23066264" arrayletleaf="0"/>
  <largest-consumer threadName="main" threadId="00000000020B9700" bytes="11532824" />
</allocation-stats>
<gc-op id="4169" type="copy forward" timems="1.370" contextid="4166" timestamp="2019-07-07T05:34:51.069">
  <memory-copied type="eden" objects="35" bytes="1048" bytesdiscarded="0" />
  <memory-copied type="other" objects="14" bytes="40120" bytesdiscarded="0" />
  <memory-cardclean objects="100" bytes="3072" />
  <regions eden="22" other="1" />
  <remembered-set-cleared processed="29740" cleared="97" durationms="0.285" />
  <stringconstants candidates="13278" cleared="0"  />
</gc-op>
<gc-op id="4170" type="classunload" timems="0.004" contextid="4166" timestamp="2019-07-07T05:34:51.070">
  <classunload-info classloadercandidates="53" classloadersunloaded="0" classesunloaded="0" anonymousclassesunloaded="0" quiescems="0.000" setupms="0.004" scanms="0.000" postms="0.000" />
</gc-op>
<gc-end id="4171" type="partial gc" contextid="4166" durationms="2.545" usertimems="0.000" systemtimems="0.000" timestamp="2019-07-07T05:34:51.070" activeThreads="1">
  <mem-info id="4172" free="39845888" total="68157440" percent="58">
    <mem type="eden" free="1047528" total="1048576" percent="99" />
    <remembered-set count="32096" freebytes="2592256" totalbytes="2720640" percent="95" regionsoverflowed="0" regionsstable="0" regionsrebuilding="18"/>
  </mem-info>
</gc-end>
<cycle-end id="4173" type="partial gc" contextid="4166" timestamp="2019-07-07T05:34:51.070" />
  <attribute name="elasticGC enabled" value="1" />
  <attribute name= "numThreadsSpecified" value="1" />
  <attribute name="heapSize specified" value="0" />
  <attribute name="Current GC Util" value="57" />
  <attribute name= "Current Time Running" value="20595" />
  <attribute name ="GC Interval" value="0" />
  <attribute name="ProportionalT" value="18.500000" />
  <attribute name="ProportionalI" value="18.500000" />
  <attribute name="ProportionalH" value="18.500000" />
  <attribute name="Current Error" value="37.000000" />
  <attribute name="IntegralT" value="0.000000" />
  <attribute name="IntegralI" value="0.000000" />
  <attribute name="IntegralH" value="0.000000" />
  <attribute name="DerivativeT" value="inf" />
  <attribute name="DerivativeI" value="inf" />
  <attribute name="DerivativeH" value="inf" />
  <attribute name="Loop Time for DT" value="0.000000" />
  <attribute name="Output H" value="8388608"/>
  <attribute name="Output I" value="200"/>
  <attribute name="Output T" value="1"/>
  <attribute name="Target GC Util Change" value ="20.000000" />
  <attribute name="Current GC Util Change" value="57.000000"/>
  <attribute name="GC Util currently" value="57" />
  <attribute name="CPU Util currently" value="20935753790756" />
<exclusive-end id="4174" timestamp="2019-07-07T05:34:51.070" durationms="3.646" />

<exclusive-start id="4175" timestamp="2019-07-07T05:34:51.079" intervalms="12.347">
  <response-info timems="0.083" idlems="0.083" threads="0" lastid="00000000020B9700" lastname="main" />
</exclusive-start>
<allocation-taxation id="4176" taxation-threshold="11534336" timestamp="2019-07-07T05:34:51.079" intervalms="12.372" />
<gc-start id="4177" type="global mark phase" contextid="4134" timestamp="2019-07-07T05:34:51.079">
  <mem-info id="4178" free="28311552" total="68157440" percent="41">
    <remembered-set count="31744" freebytes="2593664" totalbytes="2720640" percent="95" regionsoverflowed="0" regionsstable="0" regionsrebuilding="18"/>
  </mem-info>
</gc-start>
<gc-end id="4179" type="global mark phase" contextid="4134" durationms="0.143" usertimems="0.000" systemtimems="0.000" timestamp="2019-07-07T05:34:51.080" activeThreads="1">
  <mem-info id="4180" free="28311552" total="68157440" percent="41">
    <remembered-set count="31744" freebytes="2593664" totalbytes="2720640" percent="95" regionsoverflowed="0" regionsstable="0" regionsrebuilding="18"/>
  </mem-info>
</gc-end>
<concurrent-start id="4181" type="GMP work packet processing" contextid="4134" timestamp="2019-07-07T05:34:51.080">
  <concurrent-mark-start scanTarget="1048576" />
</concurrent-start>
<exclusive-end id="4182" timestamp="2019-07-07T05:34:51.080" durationms="0.866" />

<concurrent-end id="4183" type="GMP work packet processing" contextid="4134" timestamp="2019-07-07T05:34:51.081">
  <concurrent-mark-end bytesScanned="1089996" reasonForTermination="Work target met" />
</concurrent-end>

<exclusive-start id="4184" timestamp="2019-07-07T05:34:51.089" intervalms="9.907">
  <response-info timems="0.080" idlems="0.080" threads="0" lastid="00000000020B9700" lastname="main" />
</exclusive-start>
<allocation-taxation id="4185" taxation-threshold="11534336" timestamp="2019-07-07T05:34:51.089" intervalms="9.913" />
<cycle-start id="4186" type="partial gc" contextid="0" timestamp="2019-07-07T05:34:51.089" intervalms="22.283" />
<gc-start id="4187" type="partial gc" contextid="4186" timestamp="2019-07-07T05:34:51.090">
  <mem-info id="4188" free="16777216" total="68157440" percent="24">
    <mem type="eden" free="0" total="23068672" percent="0" />
    <remembered-set count="40672" freebytes="2557952" totalbytes="2720640" percent="94" regionsoverflowed="0" regionsstable="0" regionsrebuilding="18"/>
  </mem-info>
</gc-start>
<allocation-stats totalBytes="23065984" >
  <allocated-bytes non-tlh="0" tlh="23065984" arrayletleaf="0"/>
  <largest-consumer threadName="main" threadId="00000000020B9700" bytes="11533040" />
</allocation-stats>
<gc-op id="4189" type="copy forward" timems="1.641" contextid="4186" timestamp="2019-07-07T05:34:51.092">
  <memory-copied type="eden" objects="7" bytes="240" bytesdiscarded="0" />
  <memory-copied type="other" objects="34" bytes="1024" bytesdiscarded="0" />
  <memory-cardclean objects="56" bytes="1832" />
  <regions eden="22" other="1" />
  <remembered-set-cleared processed="38977" cleared="38" durationms="0.218" />
  <stringconstants candidates="13278" cleared="0"  />
</gc-op>
<gc-op id="4190" type="classunload" timems="0.004" contextid="4186" timestamp="2019-07-07T05:34:51.092">
  <classunload-info classloadercandidates="53" classloadersunloaded="0" classesunloaded="0" anonymousclassesunloaded="0" quiescems="0.000" setupms="0.004" scanms="0.000" postms="0.000" />
</gc-op>
<heap-resize id="4191" type="expand" space="default" amount="5242880" count="1" timems="0.057" reason="excessive time being spent in gc" timestamp="2019-07-07T05:34:51.093" />
<gc-end id="4192" type="partial gc" contextid="4186" durationms="3.102" usertimems="8.000" systemtimems="0.000" timestamp="2019-07-07T05:34:51.093" activeThreads="4">
  <mem-info id="4193" free="44040192" total="73400320" percent="60">
    <mem type="eden" free="1048336" total="1048576" percent="99" />
    <remembered-set count="41216" freebytes="2765056" totalbytes="2929920" percent="94" regionsoverflowed="0" regionsstable="0" regionsrebuilding="18"/>
  </mem-info>
</gc-end>
<cycle-end id="4194" type="partial gc" contextid="4186" timestamp="2019-07-07T05:34:51.093" />
  <attribute name="elasticGC enabled" value="1" />
  <attribute name= "numThreadsSpecified" value="4" />
  <attribute name="heapSize specified" value="0" />
  <attribute name="Current GC Util" value="75" />
  <attribute name= "Current Time Running" value="20618" />
  <attribute name ="GC Interval" value="0" />
  <attribute name="ProportionalT" value="27.500000" />
  <attribute name="ProportionalI" value="27.500000" />
  <attribute name="ProportionalH" value="27.500000" />
  <attribute name="Current Error" value="55.000000" />
  <attribute name="IntegralT" value="27.500000" />
  <attribute name="IntegralI" value="27.500000" />
  <attribute name="IntegralH" value="27.500000" />
  <attribute name="DerivativeT" value="55.000000" />
  <attribute name="DerivativeI" value="55.000000" />
  <attribute name="DerivativeH" value="55.000000" />
  <attribute name="Loop Time for DT" value="1.000000" />
  <attribute name="Output H" value="8388608"/>
  <attribute name="Output I" value="200"/>
  <attribute name="Output T" value="4"/>
  <attribute name="Target GC Util Change" value ="20.000000" />
  <attribute name="Current GC Util Change" value="75.000000"/>
  <attribute name="GC Util currently" value="75" />
  <attribute name="CPU Util currently" value="16319006544383" />
<exclusive-end id="4195" timestamp="2019-07-07T05:34:51.093" durationms="4.299" />

<exclusive-start id="4196" timestamp="2019-07-07T05:34:51.102" intervalms="13.516">
  <response-info timems="0.077" idlems="0.077" threads="0" lastid="00000000020B9700" lastname="main" />
</exclusive-start>
<allocation-taxation id="4197" taxation-threshold="12582912" timestamp="2019-07-07T05:34:51.103" intervalms="13.553" />
<gc-start id="4198" type="global mark phase" contextid="4134" timestamp="2019-07-07T05:34:51.103">
  <mem-info id="4199" free="31457280" total="73400320" percent="42">
    <remembered-set count="40800" freebytes="2766720" totalbytes="2929920" percent="94" regionsoverflowed="0" regionsstable="0" regionsrebuilding="18"/>
  </mem-info>
</gc-start>
<gc-end id="4200" type="global mark phase" contextid="4134" durationms="0.196" usertimems="0.000" systemtimems="0.000" timestamp="2019-07-07T05:34:51.103" activeThreads="4">
  <mem-info id="4201" free="31457280" total="73400320" percent="42">
    <remembered-set count="40800" freebytes="2766720" totalbytes="2929920" percent="94" regionsoverflowed="0" regionsstable="0" regionsrebuilding="18"/>
  </mem-info>
</gc-end>
<concurrent-start id="4202" type="GMP work packet processing" contextid="4134" timestamp="2019-07-07T05:34:51.103">
  <concurrent-mark-start scanTarget="1764202" />
</concurrent-start>
<exclusive-end id="4203" timestamp="2019-07-07T05:34:51.103" durationms="1.016" />

<concurrent-end id="4204" type="GMP work packet processing" contextid="4134" timestamp="2019-07-07T05:34:51.104">
  <concurrent-mark-end bytesScanned="1809276" reasonForTermination="Work target met" />
</concurrent-end>

<exclusive-start id="4205" timestamp="2019-07-07T05:34:51.117" intervalms="14.188">
  <response-info timems="0.081" idlems="0.081" threads="0" lastid="00000000020B9700" lastname="main" />
</exclusive-start>
<allocation-taxation id="4206" taxation-threshold="12582912" timestamp="2019-07-07T05:34:51.117" intervalms="14.177" />
<cycle-start id="4207" type="partial gc" contextid="0" timestamp="2019-07-07T05:34:51.117" intervalms="27.738" />
<gc-start id="4208" type="partial gc" contextid="4207" timestamp="2019-07-07T05:34:51.117">
  <mem-info id="4209" free="18874368" total="73400320" percent="25">
    <mem type="eden" free="1048336" total="26214400" percent="3" />
    <remembered-set count="59616" freebytes="2691456" totalbytes="2929920" percent="91" regionsoverflowed="0" regionsstable="0" regionsrebuilding="18"/>
  </mem-info>
</gc-start>
<allocation-stats totalBytes="25161856" >
  <allocated-bytes non-tlh="0" tlh="25161856" arrayletleaf="0"/>
  <largest-consumer threadName="main" threadId="00000000020B9700" bytes="12580688" />
</allocation-stats>
<gc-op id="4210" type="copy forward" timems="1.488" contextid="4207" timestamp="2019-07-07T05:34:51.120">
  <memory-copied type="eden" objects="44" bytes="1424" bytesdiscarded="0" />
  <memory-copied type="other" objects="0" bytes="0" bytesdiscarded="0" />
  <memory-cardclean objects="79" bytes="2488" />
  <regions eden="24" other="1" />
  <remembered-set-cleared processed="57462" cleared="28" durationms="0.482" />
  <stringconstants candidates="13278" cleared="0"  />
</gc-op>
<gc-op id="4211" type="classunload" timems="0.004" contextid="4207" timestamp="2019-07-07T05:34:51.120">
  <classunload-info classloadercandidates="53" classloadersunloaded="0" classesunloaded="0" anonymousclassesunloaded="0" quiescems="0.000" setupms="0.003" scanms="0.000" postms="0.000" />
</gc-op>
<gc-end id="4212" type="partial gc" contextid="4207" durationms="2.803" usertimems="4.000" systemtimems="0.000" timestamp="2019-07-07T05:34:51.120" activeThreads="1">
  <mem-info id="4213" free="44040192" total="73400320" percent="60">
    <mem type="eden" free="1047152" total="1048576" percent="99" />
    <remembered-set count="60000" freebytes="2689920" totalbytes="2929920" percent="91" regionsoverflowed="0" regionsstable="0" regionsrebuilding="18"/>
  </mem-info>
</gc-end>
<cycle-end id="4214" type="partial gc" contextid="4207" timestamp="2019-07-07T05:34:51.120" />
  <attribute name="elasticGC enabled" value="1" />
  <attribute name= "numThreadsSpecified" value="1" />
  <attribute name="heapSize specified" value="0" />
  <attribute name="Current GC Util" value="75" />
  <attribute name= "Current Time Running" value="20645" />
  <attribute name ="GC Interval" value="0" />
  <attribute name="ProportionalT" value="27.500000" />
  <attribute name="ProportionalI" value="27.500000" />
  <attribute name="ProportionalH" value="27.500000" />
  <attribute name="Current Error" value="55.000000" />
  <attribute name="IntegralT" value="0.000000" />
  <attribute name="IntegralI" value="0.000000" />
  <attribute name="IntegralH" value="0.000000" />
  <attribute name="DerivativeT" value="inf" />
  <attribute name="DerivativeI" value="inf" />
  <attribute name="DerivativeH" value="inf" />
  <attribute name="Loop Time for DT" value="0.000000" />
  <attribute name="Output H" value="8388608"/>
  <attribute name="Output I" value="200"/>
  <attribute name="Output T" value="1"/>
  <attribute name="Target GC Util Change" value ="20.000000" />
  <attribute name="Current GC Util Change" value="75.000000"/>
  <attribute name="GC Util currently" value="75" />
  <attribute name="CPU Util currently" value="16847141501641" />
<exclusive-end id="4215" timestamp="2019-07-07T05:34:51.121" durationms="4.050" />

<exclusive-start id="4216" timestamp="2019-07-07T05:34:51.133" intervalms="16.541">
  <response-info timems="0.080" idlems="0.080" threads="0" lastid="00000000020B9700" lastname="main" />
</exclusive-start>
<allocation-taxation id="4217" taxation-threshold="12582912" timestamp="2019-07-07T05:34:51.133" intervalms="16.560" />
<gc-start id="4218" type="global mark phase" contextid="4134" timestamp="2019-07-07T05:34:51.134">
  <mem-info id="4219" free="31457280" total="73400320" percent="42">
    <remembered-set count="59616" freebytes="2691456" totalbytes="2929920" percent="91" regionsoverflowed="0" regionsstable="0" regionsrebuilding="18"/>
  </mem-info>
</gc-start>
<gc-end id="4220" type="global mark phase" contextid="4134" durationms="0.128" usertimems="0.000" systemtimems="0.000" timestamp="2019-07-07T05:34:51.134" activeThreads="1">
  <mem-info id="4221" free="31457280" total="73400320" percent="42">
    <remembered-set count="59616" freebytes="2691456" totalbytes="2929920" percent="91" regionsoverflowed="0" regionsstable="0" regionsrebuilding="18"/>
  </mem-info>
</gc-end>
<concurrent-start id="4222" type="GMP work packet processing" contextid="4134" timestamp="2019-07-07T05:34:51.134">
  <concurrent-mark-start scanTarget="1048576" />
</concurrent-start>
<exclusive-end id="4223" timestamp="2019-07-07T05:34:51.135" durationms="1.532" />

<concurrent-end id="4224" type="GMP work packet processing" contextid="4134" timestamp="2019-07-07T05:34:51.135">
  <concurrent-mark-end bytesScanned="1100112" reasonForTermination="Work target met" />
</concurrent-end>

<exclusive-start id="4225" timestamp="2019-07-07T05:34:51.148" intervalms="15.077">
  <response-info timems="0.076" idlems="0.076" threads="0" lastid="00000000020B9700" lastname="main" />
</exclusive-start>
<allocation-taxation id="4226" taxation-threshold="12582912" timestamp="2019-07-07T05:34:51.148" intervalms="14.999" />
<cycle-start id="4227" type="partial gc" contextid="0" timestamp="2019-07-07T05:34:51.149" intervalms="31.486" />
<gc-start id="4228" type="partial gc" contextid="4227" timestamp="2019-07-07T05:34:51.149">
  <mem-info id="4229" free="18874368" total="73400320" percent="25">
    <mem type="eden" free="0" total="25165824" percent="0" />
    <remembered-set count="70688" freebytes="2647168" totalbytes="2929920" percent="90" regionsoverflowed="0" regionsstable="0" regionsrebuilding="18"/>
  </mem-info>
</gc-start>
<allocation-stats totalBytes="25160536" >
  <allocated-bytes non-tlh="0" tlh="25160536" arrayletleaf="0"/>
  <largest-consumer threadName="main" threadId="00000000020B9700" bytes="12580200" />
</allocation-stats>
<gc-op id="4230" type="copy forward" timems="2.271" contextid="4227" timestamp="2019-07-07T05:34:51.152">
  <memory-copied type="eden" objects="37" bytes="1472" bytesdiscarded="1048" />
  <memory-copied type="other" objects="7" bytes="160" bytesdiscarded="624" />
  <memory-cardclean objects="85" bytes="2616" />
  <regions eden="24" other="1" />
  <remembered-set-cleared processed="68732" cleared="42" durationms="0.346" />
  <stringconstants candidates="13278" cleared="0"  />
</gc-op>
<gc-op id="4231" type="classunload" timems="0.004" contextid="4227" timestamp="2019-07-07T05:34:51.152">
  <classunload-info classloadercandidates="53" classloadersunloaded="0" classesunloaded="0" anonymousclassesunloaded="0" quiescems="0.000" setupms="0.004" scanms="0.000" postms="0.000" />
</gc-op>
<gc-end id="4232" type="partial gc" contextid="4227" durationms="3.417" usertimems="0.000" systemtimems="4.000" timestamp="2019-07-07T05:34:51.152" activeThreads="4">
  <mem-info id="4233" free="42991616" total="73400320" percent="58">
    <mem type="eden" free="1046056" total="1048576" percent="99" />
    <remembered-set count="72096" freebytes="2641536" totalbytes="2929920" percent="90" regionsoverflowed="0" regionsstable="0" regionsrebuilding="18"/>
  </mem-info>
</gc-end>
<cycle-end id="4234" type="partial gc" contextid="4227" timestamp="2019-07-07T05:34:51.152" />
  <attribute name="elasticGC enabled" value="1" />
  <attribute name= "numThreadsSpecified" value="4" />
  <attribute name="heapSize specified" value="0" />
  <attribute name="Current GC Util" value="62" />
  <attribute name= "Current Time Running" value="20677" />
  <attribute name ="GC Interval" value="0" />
  <attribute name="ProportionalT" value="21.000000" />
  <attribute name="ProportionalI" value="21.000000" />
  <attribute name="ProportionalH" value="21.000000" />
  <attribute name="Current Error" value="42.000000" />
  <attribute name="IntegralT" value="21.000000" />
  <attribute name="IntegralI" value="21.000000" />
  <attribute name="IntegralH" value="21.000000" />
  <attribute name="DerivativeT" value="42.000000" />
  <attribute name="DerivativeI" value="42.000000" />
  <attribute name="DerivativeH" value="42.000000" />
  <attribute name="Loop Time for DT" value="1.000000" />
  <attribute name="Output H" value="8388608"/>
  <attribute name="Output I" value="200"/>
  <attribute name="Output T" value="4"/>
  <attribute name="Target GC Util Change" value ="20.000000" />
  <attribute name="Current GC Util Change" value="62.000000"/>
  <attribute name="GC Util currently" value="62" />
  <attribute name="CPU Util currently" value="18909109436443" />
<exclusive-end id="4235" timestamp="2019-07-07T05:34:51.153" durationms="4.337" />

<exclusive-start id="4236" timestamp="2019-07-07T05:34:51.168" intervalms="19.447">
  <response-info timems="0.078" idlems="0.078" threads="0" lastid="00000000020B9700" lastname="main" />
</exclusive-start>
<allocation-taxation id="4237" taxation-threshold="12582912" timestamp="2019-07-07T05:34:51.168" intervalms="19.478" />
<gc-start id="4238" type="global mark phase" contextid="4134" timestamp="2019-07-07T05:34:51.168">
  <mem-info id="4239" free="30408704" total="73400320" percent="41">
    <remembered-set count="71616" freebytes="2643456" totalbytes="2929920" percent="90" regionsoverflowed="0" regionsstable="0" regionsrebuilding="18"/>
  </mem-info>
</gc-start>
<gc-end id="4240" type="global mark phase" contextid="4134" durationms="0.153" usertimems="0.000" systemtimems="0.000" timestamp="2019-07-07T05:34:51.168" activeThreads="4">
  <mem-info id="4241" free="30408704" total="73400320" percent="41">
    <remembered-set count="71616" freebytes="2643456" totalbytes="2929920" percent="90" regionsoverflowed="0" regionsstable="0" regionsrebuilding="18"/>
  </mem-info>
</gc-end>
<concurrent-start id="4242" type="GMP work packet processing" contextid="4134" timestamp="2019-07-07T05:34:51.168">
  <concurrent-mark-start scanTarget="1764202" />
</concurrent-start>
<exclusive-end id="4243" timestamp="2019-07-07T05:34:51.169" durationms="0.936" />

<concurrent-end id="4244" type="GMP work packet processing" contextid="4134" timestamp="2019-07-07T05:34:51.170">
  <concurrent-mark-end bytesScanned="1809652" reasonForTermination="Work target met" />
</concurrent-end>

<exclusive-start id="4245" timestamp="2019-07-07T05:34:51.183" intervalms="15.123">
  <response-info timems="0.061" idlems="0.061" threads="0" lastid="00000000020B9700" lastname="main" />
</exclusive-start>
<allocation-taxation id="4246" taxation-threshold="12582912" timestamp="2019-07-07T05:34:51.183" intervalms="15.144" />
<cycle-start id="4247" type="partial gc" contextid="0" timestamp="2019-07-07T05:34:51.183" intervalms="34.684" />
<gc-start id="4248" type="partial gc" contextid="4247" timestamp="2019-07-07T05:34:51.184">
  <mem-info id="4249" free="17825792" total="73400320" percent="24">
    <mem type="eden" free="0" total="25165824" percent="0" />
    <remembered-set count="87008" freebytes="2581888" totalbytes="2929920" percent="88" regionsoverflowed="0" regionsstable="0" regionsrebuilding="18"/>
  </mem-info>
</gc-start>
<allocation-stats totalBytes="25156008" >
  <allocated-bytes non-tlh="0" tlh="25156008" arrayletleaf="0"/>
  <largest-consumer threadName="main" threadId="00000000020B9700" bytes="12577920" />
</allocation-stats>
<gc-op id="4250" type="copy forward" timems="1.512" contextid="4247" timestamp="2019-07-07T05:34:51.186">
  <memory-copied type="eden" objects="15" bytes="696" bytesdiscarded="0" />
  <memory-copied type="other" objects="18" bytes="584" bytesdiscarded="0" />
  <memory-cardclean objects="42" bytes="1496" />
  <regions eden="24" other="1" />
  <remembered-set-cleared processed="84510" cleared="40" durationms="0.616" />
  <stringconstants candidates="13278" cleared="0"  />
</gc-op>
<gc-op id="4251" type="classunload" timems="0.003" contextid="4247" timestamp="2019-07-07T05:34:51.186">
  <classunload-info classloadercandidates="53" classloadersunloaded="0" classesunloaded="0" anonymousclassesunloaded="0" quiescems="0.000" setupms="0.003" scanms="0.000" postms="0.000" />
</gc-op>
<gc-end id="4252" type="partial gc" contextid="4247" durationms="2.664" usertimems="0.000" systemtimems="0.000" timestamp="2019-07-07T05:34:51.186" activeThreads="1">
  <mem-info id="4253" free="41943040" total="73400320" percent="57">
    <mem type="eden" free="1047880" total="1048576" percent="99" />
    <remembered-set count="87296" freebytes="2580736" totalbytes="2929920" percent="88" regionsoverflowed="0" regionsstable="0" regionsrebuilding="18"/>
  </mem-info>
</gc-end>
<cycle-end id="4254" type="partial gc" contextid="4247" timestamp="2019-07-07T05:34:51.186" />
  <attribute name="elasticGC enabled" value="1" />
  <attribute name= "numThreadsSpecified" value="1" />
  <attribute name="heapSize specified" value="0" />
  <attribute name="Current GC Util" value="75" />
  <attribute name= "Current Time Running" value="20711" />
  <attribute name ="GC Interval" value="0" />
  <attribute name="ProportionalT" value="27.500000" />
  <attribute name="ProportionalI" value="27.500000" />
  <attribute name="ProportionalH" value="27.500000" />
  <attribute name="Current Error" value="55.000000" />
  <attribute name="IntegralT" value="0.000000" />
  <attribute name="IntegralI" value="0.000000" />
  <attribute name="IntegralH" value="0.000000" />
  <attribute name="DerivativeT" value="inf" />
  <attribute name="DerivativeI" value="inf" />
  <attribute name="DerivativeH" value="inf" />
  <attribute name="Loop Time for DT" value="0.000000" />
  <attribute name="Output H" value="8388608"/>
  <attribute name="Output I" value="200"/>
  <attribute name="Output T" value="1"/>
  <attribute name="Target GC Util Change" value ="20.000000" />
  <attribute name="Current GC Util Change" value="75.000000"/>
  <attribute name="GC Util currently" value="75" />
  <attribute name="CPU Util currently" value="18802256966468" />
<exclusive-end id="4255" timestamp="2019-07-07T05:34:51.187" durationms="3.924" />

<exclusive-start id="4256" timestamp="2019-07-07T05:34:51.200" intervalms="16.936">
  <response-info timems="0.304" idlems="0.304" threads="0" lastid="00000000020B9700" lastname="main" />
</exclusive-start>
<allocation-taxation id="4257" taxation-threshold="12582912" timestamp="2019-07-07T05:34:51.200" intervalms="16.960" />
<gc-start id="4258" type="global mark phase" contextid="4134" timestamp="2019-07-07T05:34:51.200">
  <mem-info id="4259" free="29360128" total="73400320" percent="40">
    <remembered-set count="86912" freebytes="2582272" totalbytes="2929920" percent="88" regionsoverflowed="0" regionsstable="0" regionsrebuilding="18"/>
  </mem-info>
</gc-start>
<gc-end id="4260" type="global mark phase" contextid="4134" durationms="0.146" usertimems="0.000" systemtimems="0.000" timestamp="2019-07-07T05:34:51.200" activeThreads="1">
  <mem-info id="4261" free="29360128" total="73400320" percent="40">
    <remembered-set count="86912" freebytes="2582272" totalbytes="2929920" percent="88" regionsoverflowed="0" regionsstable="0" regionsrebuilding="18"/>
  </mem-info>
</gc-end>
<concurrent-start id="4262" type="GMP work packet processing" contextid="4134" timestamp="2019-07-07T05:34:51.200">
  <concurrent-mark-start scanTarget="1048576" />
</concurrent-start>
<concurrent-end id="4263" type="GMP work packet processing" contextid="4134" timestamp="2019-07-07T05:34:51.201">
  <concurrent-mark-end bytesScanned="1090628" reasonForTermination="Work target met" />
</concurrent-end>

<exclusive-end id="4264" timestamp="2019-07-07T05:34:51.201" durationms="1.488" />

<exclusive-start id="4265" timestamp="2019-07-07T05:34:51.215" intervalms="15.696">
  <response-info timems="0.083" idlems="0.083" threads="0" lastid="00000000020B9700" lastname="main" />
</exclusive-start>
<allocation-taxation id="4266" taxation-threshold="12582912" timestamp="2019-07-07T05:34:51.216" intervalms="15.629" />
<cycle-start id="4267" type="partial gc" contextid="0" timestamp="2019-07-07T05:34:51.216" intervalms="32.536" />
<gc-start id="4268" type="partial gc" contextid="4267" timestamp="2019-07-07T05:34:51.216">
  <mem-info id="4269" free="16777216" total="73400320" percent="22">
    <mem type="eden" free="1047880" total="26214400" percent="3" />
    <remembered-set count="95904" freebytes="2546304" totalbytes="2929920" percent="86" regionsoverflowed="0" regionsstable="0" regionsrebuilding="18"/>
  </mem-info>
</gc-start>
<allocation-stats totalBytes="25157024" >
  <allocated-bytes non-tlh="0" tlh="25157024" arrayletleaf="0"/>
  <largest-consumer threadName="main" threadId="00000000020B9700" bytes="12579128" />
</allocation-stats>
<gc-op id="4270" type="copy forward" timems="1.683" contextid="4267" timestamp="2019-07-07T05:34:51.218">
  <memory-copied type="eden" objects="27" bytes="848" bytesdiscarded="0" />
  <memory-copied type="other" objects="0" bytes="0" bytesdiscarded="0" />
  <memory-cardclean objects="80" bytes="2552" />
  <regions eden="24" other="1" />
  <remembered-set-cleared processed="93708" cleared="49" durationms="0.690" />
  <stringconstants candidates="13278" cleared="0"  />
</gc-op>
<gc-op id="4271" type="classunload" timems="0.004" contextid="4267" timestamp="2019-07-07T05:34:51.219">
  <classunload-info classloadercandidates="53" classloadersunloaded="0" classesunloaded="0" anonymousclassesunloaded="0" quiescems="0.000" setupms="0.004" scanms="0.000" postms="0.000" />
</gc-op>
<gc-end id="4272" type="partial gc" contextid="4267" durationms="2.814" usertimems="4.000" systemtimems="0.000" timestamp="2019-07-07T05:34:51.219" activeThreads="1">
  <mem-info id="4273" free="41943040" total="73400320" percent="57">
    <mem type="eden" free="1047728" total="1048576" percent="99" />
    <remembered-set count="96352" freebytes="2544512" totalbytes="2929920" percent="86" regionsoverflowed="0" regionsstable="0" regionsrebuilding="18"/>
  </mem-info>
</gc-end>
<cycle-end id="4274" type="partial gc" contextid="4267" timestamp="2019-07-07T05:34:51.219" />
  <attribute name="elasticGC enabled" value="1" />
  <attribute name= "numThreadsSpecified" value="1" />
  <attribute name="heapSize specified" value="0" />
  <attribute name="Current GC Util" value="62" />
  <attribute name= "Current Time Running" value="20744" />
  <attribute name ="GC Interval" value="0" />
  <attribute name="ProportionalT" value="21.000000" />
  <attribute name="ProportionalI" value="21.000000" />
  <attribute name="ProportionalH" value="21.000000" />
  <attribute name="Current Error" value="42.000000" />
  <attribute name="IntegralT" value="0.000000" />
  <attribute name="IntegralI" value="0.000000" />
  <attribute name="IntegralH" value="0.000000" />
  <attribute name="DerivativeT" value="inf" />
  <attribute name="DerivativeI" value="inf" />
  <attribute name="DerivativeH" value="inf" />
  <attribute name="Loop Time for DT" value="0.000000" />
  <attribute name="Output H" value="8388608"/>
  <attribute name="Output I" value="200"/>
  <attribute name="Output T" value="1"/>
  <attribute name="Target GC Util Change" value ="20.000000" />
  <attribute name="Current GC Util Change" value="62.000000"/>
  <attribute name="GC Util currently" value="62" />
  <attribute name="CPU Util currently" value="19924246299947" />
<exclusive-end id="4275" timestamp="2019-07-07T05:34:51.219" durationms="3.938" />

<exclusive-start id="4276" timestamp="2019-07-07T05:34:51.235" intervalms="19.319">
  <response-info timems="0.083" idlems="0.083" threads="0" lastid="00000000020B9700" lastname="main" />
</exclusive-start>
<allocation-taxation id="4277" taxation-threshold="12582912" timestamp="2019-07-07T05:34:51.235" intervalms="19.378" />
<gc-start id="4278" type="global mark phase" contextid="4134" timestamp="2019-07-07T05:34:51.235">
  <mem-info id="4279" free="29360128" total="73400320" percent="40">
    <remembered-set count="95904" freebytes="2546304" totalbytes="2929920" percent="86" regionsoverflowed="0" regionsstable="0" regionsrebuilding="18"/>
  </mem-info>
</gc-start>
<gc-end id="4280" type="global mark phase" contextid="4134" durationms="0.141" usertimems="0.000" systemtimems="0.000" timestamp="2019-07-07T05:34:51.235" activeThreads="1">
  <mem-info id="4281" free="29360128" total="73400320" percent="40">
    <remembered-set count="95904" freebytes="2546304" totalbytes="2929920" percent="86" regionsoverflowed="0" regionsstable="0" regionsrebuilding="18"/>
  </mem-info>
</gc-end>
<concurrent-start id="4282" type="GMP work packet processing" contextid="4134" timestamp="2019-07-07T05:34:51.235">
  <concurrent-mark-start scanTarget="1048576" />
</concurrent-start>
<exclusive-end id="4283" timestamp="2019-07-07T05:34:51.236" durationms="1.434" />

<concurrent-end id="4284" type="GMP work packet processing" contextid="4134" timestamp="2019-07-07T05:34:51.236">
  <concurrent-mark-end bytesScanned="1091324" reasonForTermination="Work target met" />
</concurrent-end>

<exclusive-start id="4285" timestamp="2019-07-07T05:34:51.251" intervalms="16.683">
  <response-info timems="0.070" idlems="0.070" threads="0" lastid="00000000020B9700" lastname="main" />
</exclusive-start>
<allocation-taxation id="4286" taxation-threshold="12582912" timestamp="2019-07-07T05:34:51.252" intervalms="16.650" />
<cycle-start id="4287" type="partial gc" contextid="0" timestamp="2019-07-07T05:34:51.254" intervalms="38.089" />
<gc-start id="4288" type="partial gc" contextid="4287" timestamp="2019-07-07T05:34:51.254">
  <mem-info id="4289" free="16777216" total="73400320" percent="22">
    <mem type="eden" free="0" total="25165824" percent="0" />
    <remembered-set count="107712" freebytes="2499072" totalbytes="2929920" percent="85" regionsoverflowed="0" regionsstable="0" regionsrebuilding="18"/>
  </mem-info>
</gc-start>
<allocation-stats totalBytes="25164000" >
  <allocated-bytes non-tlh="0" tlh="25164000" arrayletleaf="0"/>
  <largest-consumer threadName="main" threadId="00000000020B9700" bytes="12581688" />
</allocation-stats>
<gc-op id="4290" type="copy forward" timems="1.700" contextid="4287" timestamp="2019-07-07T05:34:51.257">
  <memory-copied type="eden" objects="29" bytes="888" bytesdiscarded="0" />
  <memory-copied type="other" objects="7" bytes="160" bytesdiscarded="0" />
  <memory-cardclean objects="79" bytes="2536" />
  <regions eden="24" other="1" />
  <remembered-set-cleared processed="105394" cleared="36" durationms="0.742" />
  <stringconstants candidates="13278" cleared="0"  />
</gc-op>
<gc-op id="4291" type="classunload" timems="0.003" contextid="4287" timestamp="2019-07-07T05:34:51.257">
  <classunload-info classloadercandidates="53" classloadersunloaded="0" classesunloaded="0" anonymousclassesunloaded="0" quiescems="0.000" setupms="0.003" scanms="0.000" postms="0.000" />
</gc-op>
<gc-end id="4292" type="partial gc" contextid="4287" durationms="2.808" usertimems="0.000" systemtimems="0.000" timestamp="2019-07-07T05:34:51.257" activeThreads="1">
  <mem-info id="4293" free="40894464" total="73400320" percent="55">
    <mem type="eden" free="1047688" total="1048576" percent="99" />
    <remembered-set count="108160" freebytes="2497280" totalbytes="2929920" percent="85" regionsoverflowed="0" regionsstable="0" regionsrebuilding="18"/>
  </mem-info>
</gc-end>
<cycle-end id="4294" type="partial gc" contextid="4287" timestamp="2019-07-07T05:34:51.257" />
  <attribute name="elasticGC enabled" value="1" />
  <attribute name= "numThreadsSpecified" value="1" />
  <attribute name="heapSize specified" value="0" />
  <attribute name="Current GC Util" value="79" />
  <attribute name= "Current Time Running" value="20782" />
  <attribute name ="GC Interval" value="0" />
  <attribute name="ProportionalT" value="29.500000" />
  <attribute name="ProportionalI" value="29.500000" />
  <attribute name="ProportionalH" value="29.500000" />
  <attribute name="Current Error" value="59.000000" />
  <attribute name="IntegralT" value="0.000000" />
  <attribute name="IntegralI" value="0.000000" />
  <attribute name="IntegralH" value="0.000000" />
  <attribute name="DerivativeT" value="inf" />
  <attribute name="DerivativeI" value="inf" />
  <attribute name="DerivativeH" value="inf" />
  <attribute name="Loop Time for DT" value="0.000000" />
  <attribute name="Output H" value="8388608"/>
  <attribute name="Output I" value="200"/>
  <attribute name="Output T" value="1"/>
  <attribute name="Target GC Util Change" value ="20.000000" />
  <attribute name="Current GC Util Change" value="79.000000"/>
  <attribute name="GC Util currently" value="79" />
  <attribute name="CPU Util currently" value="19625114250979" />
<exclusive-end id="4295" timestamp="2019-07-07T05:34:51.257" durationms="5.999" />

<exclusive-start id="4296" timestamp="2019-07-07T05:34:51.273" intervalms="21.283">
  <response-info timems="0.060" idlems="0.060" threads="0" lastid="00000000020B9700" lastname="main" />
</exclusive-start>
<allocation-taxation id="4297" taxation-threshold="12582912" timestamp="2019-07-07T05:34:51.273" intervalms="21.338" />
<gc-start id="4298" type="global mark phase" contextid="4134" timestamp="2019-07-07T05:34:51.273">
  <mem-info id="4299" free="28311552" total="73400320" percent="38">
    <remembered-set count="107744" freebytes="2498944" totalbytes="2929920" percent="85" regionsoverflowed="0" regionsstable="0" regionsrebuilding="18"/>
  </mem-info>
</gc-start>
<gc-end id="4300" type="global mark phase" contextid="4134" durationms="0.193" usertimems="0.000" systemtimems="0.000" timestamp="2019-07-07T05:34:51.273" activeThreads="1">
  <mem-info id="4301" free="28311552" total="73400320" percent="38">
    <remembered-set count="107744" freebytes="2498944" totalbytes="2929920" percent="85" regionsoverflowed="0" regionsstable="0" regionsrebuilding="18"/>
  </mem-info>
</gc-end>
<concurrent-start id="4302" type="GMP work packet processing" contextid="4134" timestamp="2019-07-07T05:34:51.274">
  <concurrent-mark-start scanTarget="1048576" />
</concurrent-start>
<concurrent-end id="4303" type="GMP work packet processing" contextid="4134" timestamp="2019-07-07T05:34:51.274">
  <concurrent-mark-end bytesScanned="1089348" reasonForTermination="Work target met" />
</concurrent-end>

<exclusive-end id="4304" timestamp="2019-07-07T05:34:51.275" durationms="1.772" />

<exclusive-start id="4305" timestamp="2019-07-07T05:34:51.290" intervalms="17.030">
  <response-info timems="0.075" idlems="0.075" threads="0" lastid="00000000020B9700" lastname="main" />
</exclusive-start>
<allocation-taxation id="4306" taxation-threshold="12582912" timestamp="2019-07-07T05:34:51.290" intervalms="17.000" />
<cycle-start id="4307" type="partial gc" contextid="0" timestamp="2019-07-07T05:34:51.290" intervalms="36.313" />
<gc-start id="4308" type="partial gc" contextid="4307" timestamp="2019-07-07T05:34:51.291">
  <mem-info id="4309" free="15728640" total="73400320" percent="21">
    <mem type="eden" free="0" total="25165824" percent="0" />
    <remembered-set count="121376" freebytes="2444416" totalbytes="2929920" percent="83" regionsoverflowed="0" regionsstable="0" regionsrebuilding="18"/>
  </mem-info>
</gc-start>
<allocation-stats totalBytes="25164080" >
  <allocated-bytes non-tlh="0" tlh="25164080" arrayletleaf="0"/>
  <largest-consumer threadName="main" threadId="00000000020B9700" bytes="12582056" />
</allocation-stats>
<gc-op id="4310" type="copy forward" timems="1.782" contextid="4307" timestamp="2019-07-07T05:34:51.293">
  <memory-copied type="eden" objects="29" bytes="888" bytesdiscarded="0" />
  <memory-copied type="other" objects="6" bytes="136" bytesdiscarded="0" />
  <memory-cardclean objects="80" bytes="2456" />
  <regions eden="24" other="1" />
  <remembered-set-cleared processed="118883" cleared="40" durationms="0.848" />
  <stringconstants candidates="13278" cleared="0"  />
</gc-op>
<gc-op id="4311" type="classunload" timems="0.004" contextid="4307" timestamp="2019-07-07T05:34:51.293">
  <classunload-info classloadercandidates="53" classloadersunloaded="0" classesunloaded="0" anonymousclassesunloaded="0" quiescems="0.000" setupms="0.003" scanms="0.000" postms="0.000" />
</gc-op>
<heap-resize id="4312" type="expand" space="default" amount="10485760" count="1" timems="0.080" reason="excessive time being spent in gc" timestamp="2019-07-07T05:34:51.294" />
<gc-end id="4313" type="partial gc" contextid="4307" durationms="3.258" usertimems="0.000" systemtimems="4.000" timestamp="2019-07-07T05:34:51.294" activeThreads="1">
  <mem-info id="4314" free="50331648" total="83886080" percent="60">
    <mem type="eden" free="1047688" total="1048576" percent="99" />
    <remembered-set count="121728" freebytes="2861568" totalbytes="3348480" percent="85" regionsoverflowed="0" regionsstable="0" regionsrebuilding="18"/>
  </mem-info>
</gc-end>
<cycle-end id="4315" type="partial gc" contextid="4307" timestamp="2019-07-07T05:34:51.294" />
  <attribute name="elasticGC enabled" value="1" />
  <attribute name= "numThreadsSpecified" value="1" />
  <attribute name="heapSize specified" value="0" />
  <attribute name="Current GC Util" value="82" />
  <attribute name= "Current Time Running" value="20818" />
  <attribute name ="GC Interval" value="0" />
  <attribute name="ProportionalT" value="31.000000" />
  <attribute name="ProportionalI" value="31.000000" />
  <attribute name="ProportionalH" value="31.000000" />
  <attribute name="Current Error" value="62.000000" />
  <attribute name="IntegralT" value="0.000000" />
  <attribute name="IntegralI" value="0.000000" />
  <attribute name="IntegralH" value="0.000000" />
  <attribute name="DerivativeT" value="inf" />
  <attribute name="DerivativeI" value="inf" />
  <attribute name="DerivativeH" value="inf" />
  <attribute name="Loop Time for DT" value="0.000000" />
  <attribute name="Output H" value="8388608"/>
  <attribute name="Output I" value="200"/>
  <attribute name="Output T" value="1"/>
  <attribute name="Target GC Util Change" value ="20.000000" />
  <attribute name="Current GC Util Change" value="82.000000"/>
  <attribute name="GC Util currently" value="82" />
  <attribute name="CPU Util currently" value="16811643448630" />
<exclusive-end id="4316" timestamp="2019-07-07T05:34:51.294" durationms="4.503" />

<exclusive-start id="4317" timestamp="2019-07-07T05:34:51.310" intervalms="19.768">
  <response-info timems="0.075" idlems="0.075" threads="0" lastid="00000000020B9700" lastname="main" />
</exclusive-start>
<allocation-taxation id="4318" taxation-threshold="13631488" timestamp="2019-07-07T05:34:51.310" intervalms="19.771" />
<gc-start id="4319" type="global mark phase" contextid="4134" timestamp="2019-07-07T05:34:51.310">
  <mem-info id="4320" free="36700160" total="83886080" percent="43">
    <remembered-set count="121376" freebytes="2862976" totalbytes="3348480" percent="85" regionsoverflowed="0" regionsstable="0" regionsrebuilding="18"/>
  </mem-info>
</gc-start>
<gc-end id="4321" type="global mark phase" contextid="4134" durationms="0.161" usertimems="0.000" systemtimems="0.000" timestamp="2019-07-07T05:34:51.310" activeThreads="1">
  <mem-info id="4322" free="36700160" total="83886080" percent="43">
    <remembered-set count="121376" freebytes="2862976" totalbytes="3348480" percent="85" regionsoverflowed="0" regionsstable="0" regionsrebuilding="18"/>
  </mem-info>
</gc-end>
<concurrent-start id="4323" type="GMP work packet processing" contextid="4134" timestamp="2019-07-07T05:34:51.310">
  <concurrent-mark-start scanTarget="1048576" />
</concurrent-start>
<exclusive-end id="4324" timestamp="2019-07-07T05:34:51.310" durationms="0.953" />

<concurrent-end id="4325" type="GMP work packet processing" contextid="4134" timestamp="2019-07-07T05:34:51.311">
  <concurrent-mark-end bytesScanned="1050080" reasonForTermination="Work target met" />
</concurrent-end>

<exclusive-start id="4326" timestamp="2019-07-07T05:34:51.326" intervalms="16.907">
  <response-info timems="0.075" idlems="0.075" threads="0" lastid="00000000020B9700" lastname="main" />
</exclusive-start>
<allocation-taxation id="4327" taxation-threshold="13631488" timestamp="2019-07-07T05:34:51.327" intervalms="16.894" />
<cycle-start id="4328" type="partial gc" contextid="0" timestamp="2019-07-07T05:34:51.327" intervalms="36.697" />
<gc-start id="4329" type="partial gc" contextid="4328" timestamp="2019-07-07T05:34:51.327">
  <mem-info id="4330" free="23068672" total="83886080" percent="27">
    <mem type="eden" free="1047688" total="28311552" percent="3" />
    <remembered-set count="136384" freebytes="2802944" totalbytes="3348480" percent="83" regionsoverflowed="0" regionsstable="0" regionsrebuilding="18"/>
  </mem-info>
</gc-start>
<allocation-stats totalBytes="27258208" >
  <allocated-bytes non-tlh="0" tlh="27258208" arrayletleaf="0"/>
  <largest-consumer threadName="main" threadId="00000000020B9700" bytes="13629656" />
</allocation-stats>
<gc-op id="4331" type="copy forward" timems="1.905" contextid="4328" timestamp="2019-07-07T05:34:51.330">
  <memory-copied type="eden" objects="7" bytes="168" bytesdiscarded="0" />
  <memory-copied type="other" objects="23" bytes="744" bytesdiscarded="0" />
  <memory-cardclean objects="53" bytes="1840" />
  <regions eden="26" other="1" />
  <remembered-set-cleared processed="133872" cleared="31" durationms="1.054" />
  <stringconstants candidates="13278" cleared="0"  />
</gc-op>
<gc-op id="4332" type="classunload" timems="0.003" contextid="4328" timestamp="2019-07-07T05:34:51.330">
  <classunload-info classloadercandidates="53" classloadersunloaded="0" classesunloaded="0" anonymousclassesunloaded="0" quiescems="0.000" setupms="0.003" scanms="0.000" postms="0.000" />
</gc-op>
<gc-end id="4333" type="partial gc" contextid="4328" durationms="3.097" usertimems="0.000" systemtimems="0.000" timestamp="2019-07-07T05:34:51.330" activeThreads="1">
  <mem-info id="4334" free="49283072" total="83886080" percent="58">
    <mem type="eden" free="2096240" total="2097152" percent="99" />
    <remembered-set count="136832" freebytes="2801152" totalbytes="3348480" percent="83" regionsoverflowed="0" regionsstable="0" regionsrebuilding="18"/>
  </mem-info>
</gc-end>
<cycle-end id="4335" type="partial gc" contextid="4328" timestamp="2019-07-07T05:34:51.330" />
  <attribute name="elasticGC enabled" value="1" />
  <attribute name= "numThreadsSpecified" value="1" />
  <attribute name="heapSize specified" value="0" />
  <attribute name="Current GC Util" value="76" />
  <attribute name= "Current Time Running" value="20855" />
  <attribute name ="GC Interval" value="0" />
  <attribute name="ProportionalT" value="28.000000" />
  <attribute name="ProportionalI" value="28.000000" />
  <attribute name="ProportionalH" value="28.000000" />
  <attribute name="Current Error" value="56.000000" />
  <attribute name="IntegralT" value="0.000000" />
  <attribute name="IntegralI" value="0.000000" />
  <attribute name="IntegralH" value="0.000000" />
  <attribute name="DerivativeT" value="inf" />
  <attribute name="DerivativeI" value="inf" />
  <attribute name="DerivativeH" value="inf" />
  <attribute name="Loop Time for DT" value="0.000000" />
  <attribute name="Output H" value="8388608"/>
  <attribute name="Output I" value="200"/>
  <attribute name="Output T" value="1"/>
  <attribute name="Target GC Util Change" value ="20.000000" />
  <attribute name="Current GC Util Change" value="76.000000"/>
  <attribute name="GC Util currently" value="76" />
  <attribute name="CPU Util currently" value="20858013706486" />
<exclusive-end id="4336" timestamp="2019-07-07T05:34:51.331" durationms="4.309" />

<exclusive-start id="4337" timestamp="2019-07-07T05:34:51.346" intervalms="19.493">
  <response-info timems="0.078" idlems="0.078" threads="0" lastid="00000000020B9700" lastname="main" />
</exclusive-start>
<allocation-taxation id="4338" taxation-threshold="13631488" timestamp="2019-07-07T05:34:51.346" intervalms="19.484" />
<gc-start id="4339" type="global mark phase" contextid="4134" timestamp="2019-07-07T05:34:51.346">
  <mem-info id="4340" free="35651584" total="83886080" percent="42">
    <remembered-set count="136416" freebytes="2802816" totalbytes="3348480" percent="83" regionsoverflowed="0" regionsstable="0" regionsrebuilding="18"/>
  </mem-info>
</gc-start>
<gc-end id="4341" type="global mark phase" contextid="4134" durationms="0.184" usertimems="0.000" systemtimems="0.000" timestamp="2019-07-07T05:34:51.346" activeThreads="1">
  <mem-info id="4342" free="35651584" total="83886080" percent="42">
    <remembered-set count="136416" freebytes="2802816" totalbytes="3348480" percent="83" regionsoverflowed="0" regionsstable="0" regionsrebuilding="18"/>
  </mem-info>
</gc-end>
<concurrent-start id="4343" type="GMP work packet processing" contextid="4134" timestamp="2019-07-07T05:34:51.347">
  <concurrent-mark-start scanTarget="1048576" />
</concurrent-start>
<exclusive-end id="4344" timestamp="2019-07-07T05:34:51.347" durationms="0.962" />

<concurrent-end id="4345" type="GMP work packet processing" contextid="4134" timestamp="2019-07-07T05:34:51.347">
  <concurrent-mark-end bytesScanned="5336" reasonForTermination="Completed all work in GC phase" />
</concurrent-end>

<exclusive-start id="4346" timestamp="2019-07-07T05:34:51.360" intervalms="14.196">
  <response-info timems="0.075" idlems="0.075" threads="0" lastid="00000000020B9700" lastname="main" />
</exclusive-start>
<allocation-taxation id="4347" taxation-threshold="13631488" timestamp="2019-07-07T05:34:51.360" intervalms="14.201" />
<cycle-start id="4348" type="partial gc" contextid="0" timestamp="2019-07-07T05:34:51.361" intervalms="33.715" />
<gc-start id="4349" type="partial gc" contextid="4348" timestamp="2019-07-07T05:34:51.361">
  <mem-info id="4350" free="22020096" total="83886080" percent="26">
    <mem type="eden" free="1048408" total="28311552" percent="3" />
    <remembered-set count="136448" freebytes="2802688" totalbytes="3348480" percent="83" regionsoverflowed="0" regionsstable="0" regionsrebuilding="18"/>
  </mem-info>
</gc-start>
<allocation-stats totalBytes="27259664" >
  <allocated-bytes non-tlh="0" tlh="27259664" arrayletleaf="0"/>
  <largest-consumer threadName="main" threadId="00000000020B9700" bytes="13630008" />
</allocation-stats>
<gc-op id="4351" type="copy forward" timems="1.806" contextid="4348" timestamp="2019-07-07T05:34:51.364">
  <memory-copied type="eden" objects="22" bytes="704" bytesdiscarded="0" />
  <memory-copied type="other" objects="0" bytes="0" bytesdiscarded="0" />
  <memory-cardclean objects="89" bytes="2808" />
  <regions eden="26" other="1" />
  <remembered-set-cleared processed="133950" cleared="39" durationms="0.904" />
  <stringconstants candidates="13278" cleared="0"  />
</gc-op>
<gc-op id="4352" type="classunload" timems="0.004" contextid="4348" timestamp="2019-07-07T05:34:51.364">
  <classunload-info classloadercandidates="53" classloadersunloaded="0" classesunloaded="0" anonymousclassesunloaded="0" quiescems="0.000" setupms="0.004" scanms="0.000" postms="0.000" />
</gc-op>
<gc-end id="4353" type="partial gc" contextid="4348" durationms="3.133" usertimems="0.000" systemtimems="0.000" timestamp="2019-07-07T05:34:51.364" activeThreads="1">
  <mem-info id="4354" free="49283072" total="83886080" percent="58">
    <mem type="eden" free="1047872" total="1048576" percent="99" />
    <remembered-set count="136896" freebytes="2800896" totalbytes="3348480" percent="83" regionsoverflowed="0" regionsstable="0" regionsrebuilding="18"/>
  </mem-info>
</gc-end>
<cycle-end id="4355" type="partial gc" contextid="4348" timestamp="2019-07-07T05:34:51.364" />
  <attribute name="elasticGC enabled" value="1" />
  <attribute name= "numThreadsSpecified" value="1" />
  <attribute name="heapSize specified" value="0" />
  <attribute name="Current GC Util" value="75" />
  <attribute name= "Current Time Running" value="20889" />
  <attribute name ="GC Interval" value="0" />
  <attribute name="ProportionalT" value="27.500000" />
  <attribute name="ProportionalI" value="27.500000" />
  <attribute name="ProportionalH" value="27.500000" />
  <attribute name="Current Error" value="55.000000" />
  <attribute name="IntegralT" value="0.000000" />
  <attribute name="IntegralI" value="0.000000" />
  <attribute name="IntegralH" value="0.000000" />
  <attribute name="DerivativeT" value="inf" />
  <attribute name="DerivativeI" value="inf" />
  <attribute name="DerivativeH" value="inf" />
  <attribute name="Loop Time for DT" value="0.000000" />
  <attribute name="Output H" value="8388608"/>
  <attribute name="Output I" value="200"/>
  <attribute name="Output T" value="1"/>
  <attribute name="Target GC Util Change" value ="20.000000" />
  <attribute name="Current GC Util Change" value="75.000000"/>
  <attribute name="GC Util currently" value="75" />
  <attribute name="CPU Util currently" value="18675178675217" />
<exclusive-end id="4356" timestamp="2019-07-07T05:34:51.364" durationms="4.347" />

<exclusive-start id="4357" timestamp="2019-07-07T05:34:51.371" intervalms="10.536">
  <response-info timems="0.075" idlems="0.075" threads="0" lastid="00000000020B9700" lastname="main" />
</exclusive-start>
<allocation-taxation id="4358" taxation-threshold="13631488" timestamp="2019-07-07T05:34:51.371" intervalms="10.544" />
<gc-start id="4359" type="global mark phase" contextid="4134" timestamp="2019-07-07T05:34:51.371">
  <mem-info id="4360" free="35651584" total="83886080" percent="42">
    <remembered-set count="136480" freebytes="2802560" totalbytes="3348480" percent="83" regionsoverflowed="0" regionsstable="0" regionsrebuilding="18"/>
  </mem-info>
</gc-start>
<gc-op id="4361" type="mark increment" timems="1.417" contextid="4134" timestamp="2019-07-07T05:34:51.373">
  <trace-info objectcount="64" scancount="64" scanbytes="41516" />
  <cardclean-info objects="200" bytes="5432" />
  <finalization candidates="79" enqueued="0" />
  <ownableSynchronizers candidates="23" cleared="0" />
  <references type="soft" candidates="1926" cleared="64" enqueued="64" dynamicThreshold="18" maxThreshold="32" />
  <references type="weak" candidates="5693" cleared="7" enqueued="3" />
  <references type="phantom" candidates="101" cleared="0" enqueued="0" />
  <stringconstants candidates="13278" cleared="9"  />
</gc-op>
<gc-op id="4362" type="classunload" timems="0.004" contextid="4134" timestamp="2019-07-07T05:34:51.373">
  <classunload-info classloadercandidates="53" classloadersunloaded="0" classesunloaded="0" anonymousclassesunloaded="0" quiescems="0.000" setupms="0.004" scanms="0.000" postms="0.000" />
</gc-op>
<gc-end id="4363" type="global mark phase" contextid="4134" durationms="2.012" usertimems="0.000" systemtimems="0.000" timestamp="2019-07-07T05:34:51.373" activeThreads="4">
  <mem-info id="4364" free="35651584" total="83886080" percent="42">
    <pending-finalizers system="0" default="0" reference="67" classloader="0" />
    <remembered-set count="138016" freebytes="2796416" totalbytes="3348480" percent="83" regionsoverflowed="0" regionsstable="0" regionsrebuilding="0"/>
  </mem-info>
</gc-end>
<cycle-end id="4365" type="global mark phase" contextid="4134" timestamp="2019-07-07T05:34:51.373" />
  <attribute name="elasticGC enabled" value="1" />
  <attribute name= "numThreadsSpecified" value="4" />
  <attribute name="heapSize specified" value="0" />
  <attribute name="Current GC Util" value="54" />
  <attribute name= "Current Time Running" value="20899" />
  <attribute name ="GC Interval" value="0" />
  <attribute name="ProportionalT" value="17.000000" />
  <attribute name="ProportionalI" value="17.000000" />
  <attribute name="ProportionalH" value="17.000000" />
  <attribute name="Current Error" value="34.000000" />
  <attribute name="IntegralT" value="0.000000" />
  <attribute name="IntegralI" value="0.000000" />
  <attribute name="IntegralH" value="0.000000" />
  <attribute name="DerivativeT" value="-inf" />
  <attribute name="DerivativeI" value="-inf" />
  <attribute name="DerivativeH" value="-inf" />
  <attribute name="Loop Time for DT" value="0.000000" />
  <attribute name="Output H" value="2091843584"/>
  <attribute name="Output I" value="200"/>
  <attribute name="Output T" value="4"/>
  <attribute name="Target GC Util Change" value ="20.000000" />
  <attribute name="Current GC Util Change" value="54.000000"/>
  <attribute name="GC Util currently" value="54" />
  <attribute name="CPU Util currently" value="22103450291836" />
<exclusive-end id="4366" timestamp="2019-07-07T05:34:51.373" durationms="2.784" />

<exclusive-start id="4367" timestamp="2019-07-07T05:34:51.379" intervalms="8.695">
  <response-info timems="0.083" idlems="0.083" threads="0" lastid="00000000020B9700" lastname="main" />
</exclusive-start>
<allocation-taxation id="4368" taxation-threshold="13631488" timestamp="2019-07-07T05:34:51.380" intervalms="8.710" />
<cycle-start id="4369" type="partial gc" contextid="0" timestamp="2019-07-07T05:34:51.380" intervalms="19.176" />
<gc-start id="4370" type="partial gc" contextid="4369" timestamp="2019-07-07T05:34:51.380">
  <mem-info id="4371" free="22020096" total="83886080" percent="26">
    <mem type="eden" free="0" total="27262976" percent="0" />
    <remembered-set count="108576" freebytes="2914176" totalbytes="3348480" percent="87" regionsoverflowed="0" regionsstable="11" regionsrebuilding="0"/>
  </mem-info>
</gc-start>
<allocation-stats totalBytes="27261936" >
  <allocated-bytes non-tlh="0" tlh="27261936" arrayletleaf="0"/>
  <largest-consumer threadName="main" threadId="00000000020B9700" bytes="13631008" />
</allocation-stats>
<gc-op id="4372" type="sweep" timems="0.685" contextid="4369" timestamp="2019-07-07T05:34:51.381" />
<gc-op id="4373" type="copy forward" timems="1.809" contextid="4369" timestamp="2019-07-07T05:34:51.384">
  <memory-copied type="eden" objects="4" bytes="120" bytesdiscarded="0" />
  <memory-copied type="other" objects="23" bytes="688" bytesdiscarded="1368" />
  <memory-cardclean objects="297" bytes="15608" />
  <regions eden="13" other="3" />
  <remembered-set-cleared processed="106716" cleared="115" durationms="0.482" />
  <stringconstants candidates="13269" cleared="0"  />
</gc-op>
<gc-op id="4374" type="classunload" timems="0.009" contextid="4369" timestamp="2019-07-07T05:34:51.384">
  <classunload-info classloadercandidates="53" classloadersunloaded="0" classesunloaded="0" anonymousclassesunloaded="0" quiescems="0.000" setupms="0.009" scanms="0.000" postms="0.000" />
</gc-op>
<heap-resize id="4375" type="expand" space="default" amount="5242880" count="1" timems="0.065" reason="excessive time being spent in gc" timestamp="2019-07-07T05:34:51.384" />
<gc-end id="4376" type="partial gc" contextid="4369" durationms="4.132" usertimems="4.000" systemtimems="0.000" timestamp="2019-07-07T05:34:51.384" activeThreads="4">
  <mem-info id="4377" free="53477376" total="89128960" percent="60">
    <mem type="eden" free="1048456" total="1048576" percent="99" />
    <remembered-set count="108480" freebytes="3123840" totalbytes="3557760" percent="87" regionsoverflowed="0" regionsstable="11" regionsrebuilding="0"/>
  </mem-info>
</gc-end>
<cycle-end id="4378" type="partial gc" contextid="4369" timestamp="2019-07-07T05:34:51.384" />
  <attribute name="elasticGC enabled" value="1" />
  <attribute name= "numThreadsSpecified" value="4" />
  <attribute name="heapSize specified" value="0" />
  <attribute name="Current GC Util" value="71" />
  <attribute name= "Current Time Running" value="20909" />
  <attribute name ="GC Interval" value="0" />
  <attribute name="ProportionalT" value="25.500000" />
  <attribute name="ProportionalI" value="25.500000" />
  <attribute name="ProportionalH" value="25.500000" />
  <attribute name="Current Error" value="51.000000" />
  <attribute name="IntegralT" value="0.000000" />
  <attribute name="IntegralI" value="0.000000" />
  <attribute name="IntegralH" value="0.000000" />
  <attribute name="DerivativeT" value="-nan" />
  <attribute name="DerivativeI" value="-nan" />
  <attribute name="DerivativeH" value="-nan" />
  <attribute name="Loop Time for DT" value="0.000000" />
  <attribute name="Output H" value="2091843584"/>
  <attribute name="Output I" value="200"/>
  <attribute name="Output T" value="4"/>
  <attribute name="Target GC Util Change" value ="20.000000" />
  <attribute name="Current GC Util Change" value="71.000000"/>
  <attribute name="GC Util currently" value="71" />
  <attribute name="CPU Util currently" value="19515737951054" />
<exclusive-end id="4379" timestamp="2019-07-07T05:34:51.385" durationms="5.308" />

<exclusive-start id="4380" timestamp="2019-07-07T05:34:51.457" intervalms="77.314">
  <response-info timems="0.084" idlems="0.084" threads="0" lastid="00000000020B9700" lastname="main" />
</exclusive-start>
<allocation-taxation id="4381" taxation-threshold="28311552" timestamp="2019-07-07T05:34:51.457" intervalms="77.301" />
<cycle-start id="4382" type="partial gc" contextid="0" timestamp="2019-07-07T05:34:51.457" intervalms="77.340" />
<gc-start id="4383" type="partial gc" contextid="4382" timestamp="2019-07-07T05:34:51.457">
  <mem-info id="4384" free="25165824" total="89128960" percent="28">
    <mem type="eden" free="1048456" total="29360128" percent="3" />
    <remembered-set count="1024" freebytes="3553664" totalbytes="3557760" percent="99" regionsoverflowed="0" regionsstable="18" regionsrebuilding="0"/>
  </mem-info>
</gc-start>
<allocation-stats totalBytes="28309672" >
  <allocated-bytes non-tlh="0" tlh="28309672" arrayletleaf="0"/>
  <largest-consumer threadName="main" threadId="00000000020B9700" bytes="28309672" />
</allocation-stats>
<gc-op id="4385" type="copy forward" timems="0.951" contextid="4382" timestamp="2019-07-07T05:34:51.459">
  <memory-copied type="eden" objects="29" bytes="856" bytesdiscarded="0" />
  <memory-copied type="other" objects="18" bytes="408" bytesdiscarded="0" />
  <memory-cardclean objects="140" bytes="4360" />
  <regions eden="27" other="4" />
  <remembered-set-cleared processed="40" cleared="22" durationms="0.115" />
  <stringconstants candidates="13269" cleared="0"  />
</gc-op>
<gc-op id="4386" type="classunload" timems="0.004" contextid="4382" timestamp="2019-07-07T05:34:51.459">
  <classunload-info classloadercandidates="53" classloadersunloaded="0" classesunloaded="0" anonymousclassesunloaded="0" quiescems="0.000" setupms="0.004" scanms="0.000" postms="0.000" />
</gc-op>
<gc-end id="4387" type="partial gc" contextid="4382" durationms="2.034" usertimems="0.000" systemtimems="0.000" timestamp="2019-07-07T05:34:51.459" activeThreads="1">
  <mem-info id="4388" free="54525952" total="89128960" percent="61">
    <mem type="eden" free="1047720" total="1048576" percent="99" />
    <remembered-set count="1152" freebytes="3553152" totalbytes="3557760" percent="99" regionsoverflowed="0" regionsstable="18" regionsrebuilding="0"/>
  </mem-info>
</gc-end>
<cycle-end id="4389" type="partial gc" contextid="4382" timestamp="2019-07-07T05:34:51.460" />
  <attribute name="elasticGC enabled" value="1" />
  <attribute name= "numThreadsSpecified" value="1" />
  <attribute name="heapSize specified" value="0" />
  <attribute name="Current GC Util" value="53" />
  <attribute name= "Current Time Running" value="20985" />
  <attribute name ="GC Interval" value="0" />
  <attribute name="ProportionalT" value="16.500000" />
  <attribute name="ProportionalI" value="16.500000" />
  <attribute name="ProportionalH" value="16.500000" />
  <attribute name="Current Error" value="33.000000" />
  <attribute name="IntegralT" value="0.000000" />
  <attribute name="IntegralI" value="0.000000" />
  <attribute name="IntegralH" value="0.000000" />
  <attribute name="DerivativeT" value="inf" />
  <attribute name="DerivativeI" value="inf" />
  <attribute name="DerivativeH" value="inf" />
  <attribute name="Loop Time for DT" value="0.000000" />
  <attribute name="Output H" value="8388608"/>
  <attribute name="Output I" value="200"/>
  <attribute name="Output T" value="1"/>
  <attribute name="Target GC Util Change" value ="20.000000" />
  <attribute name="Current GC Util Change" value="53.000000"/>
  <attribute name="GC Util currently" value="53" />
  <attribute name="CPU Util currently" value="19402756507189" />
<exclusive-end id="4390" timestamp="2019-07-07T05:34:51.460" durationms="3.116" />

<exclusive-start id="4391" timestamp="2019-07-07T05:34:51.543" intervalms="86.165">
  <response-info timems="0.079" idlems="0.079" threads="0" lastid="00000000020B9700" lastname="main" />
</exclusive-start>
<allocation-taxation id="4392" taxation-threshold="28311552" timestamp="2019-07-07T05:34:51.543" intervalms="86.142" />
<cycle-start id="4393" type="partial gc" contextid="0" timestamp="2019-07-07T05:34:51.543" intervalms="86.139" />
<gc-start id="4394" type="partial gc" contextid="4393" timestamp="2019-07-07T05:34:51.544">
  <mem-info id="4395" free="26214400" total="89128960" percent="29">
    <mem type="eden" free="0" total="28311552" percent="0" />
    <remembered-set count="864" freebytes="3554304" totalbytes="3557760" percent="99" regionsoverflowed="0" regionsstable="18" regionsrebuilding="0"/>
  </mem-info>
</gc-start>
<allocation-stats totalBytes="28309544" >
  <allocated-bytes non-tlh="0" tlh="28309544" arrayletleaf="0"/>
  <largest-consumer threadName="main" threadId="00000000020B9700" bytes="28309544" />
</allocation-stats>
<gc-op id="4396" type="copy forward" timems="0.892" contextid="4393" timestamp="2019-07-07T05:34:51.545">
  <memory-copied type="eden" objects="39" bytes="1056" bytesdiscarded="0" />
  <memory-copied type="other" objects="29" bytes="712" bytesdiscarded="240" />
  <memory-cardclean objects="124" bytes="3760" />
  <regions eden="27" other="3" />
  <remembered-set-cleared processed="38" cleared="25" durationms="0.108" />
  <stringconstants candidates="13269" cleared="0"  />
</gc-op>
<gc-op id="4397" type="classunload" timems="0.003" contextid="4393" timestamp="2019-07-07T05:34:51.545">
  <classunload-info classloadercandidates="53" classloadersunloaded="0" classesunloaded="0" anonymousclassesunloaded="0" quiescems="0.000" setupms="0.003" scanms="0.000" postms="0.000" />
</gc-op>
<gc-end id="4398" type="partial gc" contextid="4393" durationms="2.052" usertimems="4.000" systemtimems="0.000" timestamp="2019-07-07T05:34:51.546" activeThreads="1">
  <mem-info id="4399" free="54525952" total="89128960" percent="61">
    <mem type="eden" free="1047520" total="1048576" percent="99" />
    <remembered-set count="1024" freebytes="3553664" totalbytes="3557760" percent="99" regionsoverflowed="0" regionsstable="18" regionsrebuilding="0"/>
  </mem-info>
</gc-end>
<cycle-end id="4400" type="partial gc" contextid="4393" timestamp="2019-07-07T05:34:51.546" />
  <attribute name="elasticGC enabled" value="1" />
  <attribute name= "numThreadsSpecified" value="1" />
  <attribute name="heapSize specified" value="0" />
  <attribute name="Current GC Util" value="84" />
  <attribute name= "Current Time Running" value="21071" />
  <attribute name ="GC Interval" value="0" />
  <attribute name="ProportionalT" value="32.000000" />
  <attribute name="ProportionalI" value="32.000000" />
  <attribute name="ProportionalH" value="32.000000" />
  <attribute name="Current Error" value="64.000000" />
  <attribute name="IntegralT" value="0.000000" />
  <attribute name="IntegralI" value="0.000000" />
  <attribute name="IntegralH" value="0.000000" />
  <attribute name="DerivativeT" value="inf" />
  <attribute name="DerivativeI" value="inf" />
  <attribute name="DerivativeH" value="inf" />
  <attribute name="Loop Time for DT" value="0.000000" />
  <attribute name="Output H" value="8388608"/>
  <attribute name="Output I" value="200"/>
  <attribute name="Output T" value="1"/>
  <attribute name="Target GC Util Change" value ="20.000000" />
  <attribute name="Current GC Util Change" value="84.000000"/>
  <attribute name="GC Util currently" value="84" />
  <attribute name="CPU Util currently" value="18638346086130" />
<exclusive-end id="4401" timestamp="2019-07-07T05:34:51.546" durationms="3.267" />

<exclusive-start id="4402" timestamp="2019-07-07T05:34:51.558" intervalms="15.619">
  <response-info timems="0.081" idlems="0.081" threads="0" lastid="00000000020B9700" lastname="main" />
</exclusive-start>
<allocation-taxation id="4403" taxation-threshold="28311552" timestamp="2019-07-07T05:34:51.559" intervalms="15.633" />
<cycle-start id="4404" type="partial gc" contextid="0" timestamp="2019-07-07T05:34:51.559" intervalms="15.619" />
<gc-start id="4405" type="partial gc" contextid="4404" timestamp="2019-07-07T05:34:51.559">
  <mem-info id="4406" free="26214400" total="89128960" percent="29">
    <mem type="eden" free="0" total="28311552" percent="0" />
    <remembered-set count="864" freebytes="3554304" totalbytes="3557760" percent="99" regionsoverflowed="0" regionsstable="18" regionsrebuilding="0"/>
  </mem-info>
</gc-start>
<allocation-stats totalBytes="28309304" >
  <allocated-bytes non-tlh="0" tlh="28309304" arrayletleaf="0"/>
  <largest-consumer threadName="main" threadId="00000000020B9700" bytes="28309304" />
</allocation-stats>
<gc-op id="4407" type="copy forward" timems="0.816" contextid="4404" timestamp="2019-07-07T05:34:51.561">
  <memory-copied type="eden" objects="4" bytes="96" bytesdiscarded="0" />
  <memory-copied type="other" objects="47" bytes="1232" bytesdiscarded="376" />
  <memory-cardclean objects="80" bytes="2568" />
  <regions eden="27" other="3" />
  <remembered-set-cleared processed="38" cleared="17" durationms="0.106" />
  <stringconstants candidates="13269" cleared="0"  />
</gc-op>
<gc-op id="4408" type="classunload" timems="0.003" contextid="4404" timestamp="2019-07-07T05:34:51.561">
  <classunload-info classloadercandidates="53" classloadersunloaded="0" classesunloaded="0" anonymousclassesunloaded="0" quiescems="0.000" setupms="0.003" scanms="0.000" postms="0.000" />
</gc-op>
<gc-end id="4409" type="partial gc" contextid="4404" durationms="2.045" usertimems="0.000" systemtimems="0.000" timestamp="2019-07-07T05:34:51.561" activeThreads="1">
  <mem-info id="4410" free="54525952" total="89128960" percent="61">
    <mem type="eden" free="1048480" total="1048576" percent="99" />
    <remembered-set count="1216" freebytes="3552896" totalbytes="3557760" percent="99" regionsoverflowed="0" regionsstable="18" regionsrebuilding="0"/>
  </mem-info>
</gc-end>
<cycle-end id="4411" type="partial gc" contextid="4404" timestamp="2019-07-07T05:34:51.561" />
  <attribute name="elasticGC enabled" value="1" />
  <attribute name= "numThreadsSpecified" value="1" />
  <attribute name="heapSize specified" value="0" />
  <attribute name="Current GC Util" value="79" />
  <attribute name= "Current Time Running" value="21087" />
  <attribute name ="GC Interval" value="0" />
  <attribute name="ProportionalT" value="29.500000" />
  <attribute name="ProportionalI" value="29.500000" />
  <attribute name="ProportionalH" value="29.500000" />
  <attribute name="Current Error" value="59.000000" />
  <attribute name="IntegralT" value="0.000000" />
  <attribute name="IntegralI" value="0.000000" />
  <attribute name="IntegralH" value="0.000000" />
  <attribute name="DerivativeT" value="inf" />
  <attribute name="DerivativeI" value="inf" />
  <attribute name="DerivativeH" value="inf" />
  <attribute name="Loop Time for DT" value="0.000000" />
  <attribute name="Output H" value="8388608"/>
  <attribute name="Output I" value="200"/>
  <attribute name="Output T" value="1"/>
  <attribute name="Target GC Util Change" value ="20.000000" />
  <attribute name="Current GC Util Change" value="79.000000"/>
  <attribute name="GC Util currently" value="79" />
  <attribute name="CPU Util currently" value="17852470838883" />
<exclusive-end id="4412" timestamp="2019-07-07T05:34:51.562" durationms="3.212" />

<exclusive-start id="4413" timestamp="2019-07-07T05:34:51.594" intervalms="35.902">
  <response-info timems="0.083" idlems="0.083" threads="0" lastid="00000000020B9700" lastname="main" />
</exclusive-start>
<allocation-taxation id="4414" taxation-threshold="28311552" timestamp="2019-07-07T05:34:51.595" intervalms="35.914" />
<cycle-start id="4415" type="partial gc" contextid="0" timestamp="2019-07-07T05:34:51.595" intervalms="36.217" />
<gc-start id="4416" type="partial gc" contextid="4415" timestamp="2019-07-07T05:34:51.595">
  <mem-info id="4417" free="26214400" total="89128960" percent="29">
    <mem type="eden" free="1048480" total="29360128" percent="3" />
    <remembered-set count="864" freebytes="3554304" totalbytes="3557760" percent="99" regionsoverflowed="0" regionsstable="18" regionsrebuilding="0"/>
  </mem-info>
</gc-start>
<allocation-stats totalBytes="28309488" >
  <allocated-bytes non-tlh="0" tlh="28309488" arrayletleaf="0"/>
  <largest-consumer threadName="main" threadId="00000000020B9700" bytes="28309488" />
</allocation-stats>
<gc-op id="4418" type="copy forward" timems="0.874" contextid="4415" timestamp="2019-07-07T05:34:51.597">
  <memory-copied type="eden" objects="33" bytes="960" bytesdiscarded="0" />
  <memory-copied type="other" objects="6" bytes="136" bytesdiscarded="0" />
  <memory-cardclean objects="90" bytes="2896" />
  <regions eden="27" other="2" />
  <remembered-set-cleared processed="40" cleared="10" durationms="0.119" />
  <stringconstants candidates="13269" cleared="0"  />
</gc-op>
<gc-op id="4419" type="classunload" timems="0.003" contextid="4415" timestamp="2019-07-07T05:34:51.597">
  <classunload-info classloadercandidates="53" classloadersunloaded="0" classesunloaded="0" anonymousclassesunloaded="0" quiescems="0.000" setupms="0.003" scanms="0.000" postms="0.000" />
</gc-op>
<gc-end id="4420" type="partial gc" contextid="4415" durationms="2.348" usertimems="4.000" systemtimems="0.000" timestamp="2019-07-07T05:34:51.598" activeThreads="1">
  <mem-info id="4421" free="54525952" total="89128960" percent="61">
    <mem type="eden" free="1047616" total="1048576" percent="99" />
    <remembered-set count="1248" freebytes="3552768" totalbytes="3557760" percent="99" regionsoverflowed="0" regionsstable="18" regionsrebuilding="0"/>
  </mem-info>
</gc-end>
<cycle-end id="4422" type="partial gc" contextid="4415" timestamp="2019-07-07T05:34:51.598" />
  <attribute name="elasticGC enabled" value="1" />
  <attribute name= "numThreadsSpecified" value="1" />
  <attribute name="heapSize specified" value="0" />
  <attribute name="Current GC Util" value="84" />
  <attribute name= "Current Time Running" value="21123" />
  <attribute name ="GC Interval" value="0" />
  <attribute name="ProportionalT" value="32.000000" />
  <attribute name="ProportionalI" value="32.000000" />
  <attribute name="ProportionalH" value="32.000000" />
  <attribute name="Current Error" value="64.000000" />
  <attribute name="IntegralT" value="0.000000" />
  <attribute name="IntegralI" value="0.000000" />
  <attribute name="IntegralH" value="0.000000" />
  <attribute name="DerivativeT" value="inf" />
  <attribute name="DerivativeI" value="inf" />
  <attribute name="DerivativeH" value="inf" />
  <attribute name="Loop Time for DT" value="0.000000" />
  <attribute name="Output H" value="8388608"/>
  <attribute name="Output I" value="200"/>
  <attribute name="Output T" value="1"/>
  <attribute name="Target GC Util Change" value ="20.000000" />
  <attribute name="Current GC Util Change" value="84.000000"/>
  <attribute name="GC Util currently" value="84" />
  <attribute name="CPU Util currently" value="16363070491580" />
<exclusive-end id="4423" timestamp="2019-07-07T05:34:51.598" durationms="3.894" />

<exclusive-start id="4424" timestamp="2019-07-07T05:34:51.634" intervalms="39.566">
  <response-info timems="0.079" idlems="0.079" threads="0" lastid="00000000020B9700" lastname="main" />
</exclusive-start>
<allocation-taxation id="4425" taxation-threshold="28311552" timestamp="2019-07-07T05:34:51.634" intervalms="39.620" />
<cycle-start id="4426" type="partial gc" contextid="0" timestamp="2019-07-07T05:34:51.634" intervalms="39.305" />
<gc-start id="4427" type="partial gc" contextid="4426" timestamp="2019-07-07T05:34:51.635">
  <mem-info id="4428" free="26214400" total="89128960" percent="29">
    <mem type="eden" free="0" total="28311552" percent="0" />
    <remembered-set count="864" freebytes="3554304" totalbytes="3557760" percent="99" regionsoverflowed="0" regionsstable="18" regionsrebuilding="0"/>
  </mem-info>
</gc-start>
<allocation-stats totalBytes="28309664" >
  <allocated-bytes non-tlh="0" tlh="28309664" arrayletleaf="0"/>
  <largest-consumer threadName="main" threadId="00000000020B9700" bytes="28309664" />
</allocation-stats>
<gc-op id="4429" type="copy forward" timems="1.669" contextid="4426" timestamp="2019-07-07T05:34:51.637">
  <memory-copied type="eden" objects="27" bytes="832" bytesdiscarded="696" />
  <memory-copied type="other" objects="14" bytes="320" bytesdiscarded="2120" />
  <memory-cardclean objects="94" bytes="3040" />
  <regions eden="27" other="2" />
  <remembered-set-cleared processed="37" cleared="11" durationms="0.096" />
  <stringconstants candidates="13269" cleared="0"  />
</gc-op>
<gc-op id="4430" type="classunload" timems="0.004" contextid="4426" timestamp="2019-07-07T05:34:51.637">
  <classunload-info classloadercandidates="53" classloadersunloaded="0" classesunloaded="0" anonymousclassesunloaded="0" quiescems="0.000" setupms="0.004" scanms="0.000" postms="0.000" />
</gc-op>
<gc-end id="4431" type="partial gc" contextid="4426" durationms="2.808" usertimems="4.000" systemtimems="0.000" timestamp="2019-07-07T05:34:51.638" activeThreads="4">
  <mem-info id="4432" free="53477376" total="89128960" percent="60">
    <mem type="eden" free="1047048" total="1048576" percent="99" />
    <remembered-set count="2432" freebytes="3548032" totalbytes="3557760" percent="99" regionsoverflowed="0" regionsstable="18" regionsrebuilding="0"/>
  </mem-info>
</gc-end>
<cycle-end id="4433" type="partial gc" contextid="4426" timestamp="2019-07-07T05:34:51.638" />
  <attribute name="elasticGC enabled" value="1" />
  <attribute name= "numThreadsSpecified" value="4" />
  <attribute name="heapSize specified" value="0" />
  <attribute name="Current GC Util" value="78" />
  <attribute name= "Current Time Running" value="21163" />
  <attribute name ="GC Interval" value="0" />
  <attribute name="ProportionalT" value="29.000000" />
  <attribute name="ProportionalI" value="29.000000" />
  <attribute name="ProportionalH" value="29.000000" />
  <attribute name="Current Error" value="58.000000" />
  <attribute name="IntegralT" value="29.000000" />
  <attribute name="IntegralI" value="29.000000" />
  <attribute name="IntegralH" value="29.000000" />
  <attribute name="DerivativeT" value="58.000000" />
  <attribute name="DerivativeI" value="58.000000" />
  <attribute name="DerivativeH" value="58.000000" />
  <attribute name="Loop Time for DT" value="1.000000" />
  <attribute name="Output H" value="8388608"/>
  <attribute name="Output I" value="200"/>
  <attribute name="Output T" value="4"/>
  <attribute name="Target GC Util Change" value ="20.000000" />
  <attribute name="Current GC Util Change" value="78.000000"/>
  <attribute name="GC Util currently" value="78" />
  <attribute name="CPU Util currently" value="18200311667799" />
<exclusive-end id="4434" timestamp="2019-07-07T05:34:51.638" durationms="4.115" />

<exclusive-start id="4435" timestamp="2019-07-07T05:34:51.666" intervalms="32.115">
  <response-info timems="0.090" idlems="0.090" threads="0" lastid="00000000020B9700" lastname="main" />
</exclusive-start>
<allocation-taxation id="4436" taxation-threshold="28311552" timestamp="2019-07-07T05:34:51.666" intervalms="32.080" />
<cycle-start id="4437" type="partial gc" contextid="0" timestamp="2019-07-07T05:34:51.667" intervalms="32.122" />
<gc-start id="4438" type="partial gc" contextid="4437" timestamp="2019-07-07T05:34:51.667">
  <mem-info id="4439" free="25165824" total="89128960" percent="28">
    <mem type="eden" free="0" total="28311552" percent="0" />
    <remembered-set count="1984" freebytes="3549824" totalbytes="3557760" percent="99" regionsoverflowed="0" regionsstable="18" regionsrebuilding="0"/>
  </mem-info>
</gc-start>
<allocation-stats totalBytes="28309432" >
  <allocated-bytes non-tlh="0" tlh="28309432" arrayletleaf="0"/>
  <largest-consumer threadName="main" threadId="00000000020B9700" bytes="28309432" />
</allocation-stats>
<gc-op id="4440" type="copy forward" timems="1.118" contextid="4437" timestamp="2019-07-07T05:34:51.669">
  <memory-copied type="eden" objects="8" bytes="224" bytesdiscarded="0" />
  <memory-copied type="other" objects="39" bytes="1144" bytesdiscarded="1328" />
  <memory-cardclean objects="82" bytes="2608" />
  <regions eden="27" other="2" />
  <remembered-set-cleared processed="39" cleared="18" durationms="0.084" />
  <stringconstants candidates="13269" cleared="0"  />
</gc-op>
<gc-op id="4441" type="classunload" timems="0.003" contextid="4437" timestamp="2019-07-07T05:34:51.669">
  <classunload-info classloadercandidates="53" classloadersunloaded="0" classesunloaded="0" anonymousclassesunloaded="0" quiescems="0.000" setupms="0.003" scanms="0.000" postms="0.000" />
</gc-op>
<gc-end id="4442" type="partial gc" contextid="4437" durationms="2.265" usertimems="4.000" systemtimems="0.000" timestamp="2019-07-07T05:34:51.669" activeThreads="4">
  <mem-info id="4443" free="52428800" total="89128960" percent="58">
    <mem type="eden" free="1048352" total="1048576" percent="99" />
    <remembered-set count="1440" freebytes="3552000" totalbytes="3557760" percent="99" regionsoverflowed="0" regionsstable="18" regionsrebuilding="0"/>
  </mem-info>
</gc-end>
<cycle-end id="4444" type="partial gc" contextid="4437" timestamp="2019-07-07T05:34:51.669" />
  <attribute name="elasticGC enabled" value="1" />
  <attribute name= "numThreadsSpecified" value="4" />
  <attribute name="heapSize specified" value="0" />
  <attribute name="Current GC Util" value="76" />
  <attribute name= "Current Time Running" value="21195" />
  <attribute name ="GC Interval" value="0" />
  <attribute name="ProportionalT" value="28.000000" />
  <attribute name="ProportionalI" value="28.000000" />
  <attribute name="ProportionalH" value="28.000000" />
  <attribute name="Current Error" value="56.000000" />
  <attribute name="IntegralT" value="28.000000" />
  <attribute name="IntegralI" value="28.000000" />
  <attribute name="IntegralH" value="28.000000" />
  <attribute name="DerivativeT" value="56.000000" />
  <attribute name="DerivativeI" value="56.000000" />
  <attribute name="DerivativeH" value="56.000000" />
  <attribute name="Loop Time for DT" value="1.000000" />
  <attribute name="Output H" value="8388608"/>
  <attribute name="Output I" value="200"/>
  <attribute name="Output T" value="4"/>
  <attribute name="Target GC Util Change" value ="20.000000" />
  <attribute name="Current GC Util Change" value="76.000000"/>
  <attribute name="GC Util currently" value="76" />
  <attribute name="CPU Util currently" value="16522470843110" />
<exclusive-end id="4445" timestamp="2019-07-07T05:34:51.670" durationms="3.558" />

<exclusive-start id="4446" timestamp="2019-07-07T05:34:51.741" intervalms="74.927">
  <response-info timems="0.074" idlems="0.074" threads="0" lastid="00000000020B9700" lastname="main" />
</exclusive-start>
<allocation-taxation id="4447" taxation-threshold="28311552" timestamp="2019-07-07T05:34:51.741" intervalms="74.903" />
<cycle-start id="4448" type="partial gc" contextid="0" timestamp="2019-07-07T05:34:51.741" intervalms="74.892" />
<gc-start id="4449" type="partial gc" contextid="4448" timestamp="2019-07-07T05:34:51.742">
  <mem-info id="4450" free="24117248" total="89128960" percent="27">
    <mem type="eden" free="1048352" total="29360128" percent="3" />
    <remembered-set count="1440" freebytes="3552000" totalbytes="3557760" percent="99" regionsoverflowed="0" regionsstable="18" regionsrebuilding="0"/>
  </mem-info>
</gc-start>
<allocation-stats totalBytes="28309136" >
  <allocated-bytes non-tlh="0" tlh="28309136" arrayletleaf="0"/>
  <largest-consumer threadName="main" threadId="00000000020B9700" bytes="28309136" />
</allocation-stats>
<gc-op id="4451" type="copy forward" timems="1.348" contextid="4448" timestamp="2019-07-07T05:34:51.744">
  <memory-copied type="eden" objects="56" bytes="2760" bytesdiscarded="1144" />
  <memory-copied type="other" objects="36" bytes="816" bytesdiscarded="624" />
  <memory-cardclean objects="105" bytes="3232" />
  <regions eden="27" other="2" />
  <remembered-set-cleared processed="44" cleared="19" durationms="0.109" />
  <stringconstants candidates="13269" cleared="0"  />
</gc-op>
<gc-op id="4452" type="classunload" timems="0.004" contextid="4448" timestamp="2019-07-07T05:34:51.744">
  <classunload-info classloadercandidates="53" classloadersunloaded="0" classesunloaded="0" anonymousclassesunloaded="0" quiescems="0.000" setupms="0.004" scanms="0.000" postms="0.000" />
</gc-op>
<gc-end id="4453" type="partial gc" contextid="4448" durationms="2.486" usertimems="4.000" systemtimems="0.000" timestamp="2019-07-07T05:34:51.744" activeThreads="4">
  <mem-info id="4454" free="52428800" total="89128960" percent="58">
    <mem type="eden" free="1044672" total="1048576" percent="99" />
    <remembered-set count="2112" freebytes="3549312" totalbytes="3557760" percent="99" regionsoverflowed="0" regionsstable="18" regionsrebuilding="0"/>
  </mem-info>
</gc-end>
<cycle-end id="4455" type="partial gc" contextid="4448" timestamp="2019-07-07T05:34:51.744" />
  <attribute name="elasticGC enabled" value="1" />
  <attribute name= "numThreadsSpecified" value="4" />
  <attribute name="heapSize specified" value="0" />
  <attribute name="Current GC Util" value="72" />
  <attribute name= "Current Time Running" value="21270" />
  <attribute name ="GC Interval" value="0" />
  <attribute name="ProportionalT" value="26.000000" />
  <attribute name="ProportionalI" value="26.000000" />
  <attribute name="ProportionalH" value="26.000000" />
  <attribute name="Current Error" value="52.000000" />
  <attribute name="IntegralT" value="26.000000" />
  <attribute name="IntegralI" value="26.000000" />
  <attribute name="IntegralH" value="26.000000" />
  <attribute name="DerivativeT" value="52.000000" />
  <attribute name="DerivativeI" value="52.000000" />
  <attribute name="DerivativeH" value="52.000000" />
  <attribute name="Loop Time for DT" value="1.000000" />
  <attribute name="Output H" value="8388608"/>
  <attribute name="Output I" value="200"/>
  <attribute name="Output T" value="4"/>
  <attribute name="Target GC Util Change" value ="20.000000" />
  <attribute name="Current GC Util Change" value="72.000000"/>
  <attribute name="GC Util currently" value="72" />
  <attribute name="CPU Util currently" value="17393858825619" />
<exclusive-end id="4456" timestamp="2019-07-07T05:34:51.745" durationms="3.647" />

<exclusive-start id="4457" timestamp="2019-07-07T05:34:51.808" intervalms="67.212">
  <response-info timems="0.075" idlems="0.075" threads="0" lastid="00000000020B9700" lastname="main" />
</exclusive-start>
<allocation-taxation id="4458" taxation-threshold="28311552" timestamp="2019-07-07T05:34:51.808" intervalms="67.260" />
<cycle-start id="4459" type="partial gc" contextid="0" timestamp="2019-07-07T05:34:51.809" intervalms="67.278" />
<gc-start id="4460" type="partial gc" contextid="4459" timestamp="2019-07-07T05:34:51.809">
  <mem-info id="4461" free="24117248" total="89128960" percent="27">
    <mem type="eden" free="1044672" total="29360128" percent="3" />
    <remembered-set count="1632" freebytes="3551232" totalbytes="3557760" percent="99" regionsoverflowed="0" regionsstable="18" regionsrebuilding="0"/>
  </mem-info>
</gc-start>
<allocation-stats totalBytes="28288288" >
  <allocated-bytes non-tlh="0" tlh="28288288" arrayletleaf="0"/>
  <largest-consumer threadName="main" threadId="00000000020B9700" bytes="28288288" />
</allocation-stats>
<gc-op id="4462" type="copy forward" timems="1.037" contextid="4459" timestamp="2019-07-07T05:34:51.811">
  <memory-copied type="eden" objects="4" bytes="1104" bytesdiscarded="0" />
  <memory-copied type="other" objects="59" bytes="2328" bytesdiscarded="0" />
  <memory-cardclean objects="91" bytes="2992" />
  <regions eden="27" other="2" />
  <remembered-set-cleared processed="41" cleared="16" durationms="0.137" />
  <stringconstants candidates="13269" cleared="0"  />
</gc-op>
<gc-op id="4463" type="classunload" timems="0.004" contextid="4459" timestamp="2019-07-07T05:34:51.811">
  <classunload-info classloadercandidates="53" classloadersunloaded="0" classesunloaded="0" anonymousclassesunloaded="0" quiescems="0.000" setupms="0.004" scanms="0.000" postms="0.000" />
</gc-op>
<gc-end id="4464" type="partial gc" contextid="4459" durationms="2.383" usertimems="0.000" systemtimems="0.000" timestamp="2019-07-07T05:34:51.811" activeThreads="1">
  <mem-info id="4465" free="51380224" total="89128960" percent="57">
    <mem type="eden" free="2093856" total="2097152" percent="99" />
    <remembered-set count="1504" freebytes="3551744" totalbytes="3557760" percent="99" regionsoverflowed="0" regionsstable="18" regionsrebuilding="0"/>
  </mem-info>
</gc-end>
<cycle-end id="4466" type="partial gc" contextid="4459" timestamp="2019-07-07T05:34:51.812" />
  <attribute name="elasticGC enabled" value="1" />
  <attribute name= "numThreadsSpecified" value="1" />
  <attribute name="heapSize specified" value="0" />
  <attribute name="Current GC Util" value="73" />
  <attribute name= "Current Time Running" value="21337" />
  <attribute name ="GC Interval" value="0" />
  <attribute name="ProportionalT" value="26.500000" />
  <attribute name="ProportionalI" value="26.500000" />
  <attribute name="ProportionalH" value="26.500000" />
  <attribute name="Current Error" value="53.000000" />
  <attribute name="IntegralT" value="0.000000" />
  <attribute name="IntegralI" value="0.000000" />
  <attribute name="IntegralH" value="0.000000" />
  <attribute name="DerivativeT" value="inf" />
  <attribute name="DerivativeI" value="inf" />
  <attribute name="DerivativeH" value="inf" />
  <attribute name="Loop Time for DT" value="0.000000" />
  <attribute name="Output H" value="8388608"/>
  <attribute name="Output I" value="200"/>
  <attribute name="Output T" value="1"/>
  <attribute name="Target GC Util Change" value ="20.000000" />
  <attribute name="Current GC Util Change" value="73.000000"/>
  <attribute name="GC Util currently" value="73" />
  <attribute name="CPU Util currently" value="15744378722734" />
<exclusive-end id="4467" timestamp="2019-07-07T05:34:51.812" durationms="4.002" />

<exclusive-start id="4468" timestamp="2019-07-07T05:34:51.874" intervalms="65.477">
  <response-info timems="0.085" idlems="0.085" threads="0" lastid="00000000020B9700" lastname="main" />
</exclusive-start>
<allocation-taxation id="4469" taxation-threshold="28311552" timestamp="2019-07-07T05:34:51.874" intervalms="65.426" />
<cycle-start id="4470" type="partial gc" contextid="0" timestamp="2019-07-07T05:34:51.874" intervalms="65.422" />
<gc-start id="4471" type="partial gc" contextid="4470" timestamp="2019-07-07T05:34:51.874">
  <mem-info id="4472" free="23068672" total="89128960" percent="25">
    <mem type="eden" free="1047472" total="29360128" percent="3" />
    <remembered-set count="1248" freebytes="3552768" totalbytes="3557760" percent="99" regionsoverflowed="0" regionsstable="18" regionsrebuilding="0"/>
  </mem-info>
</gc-start>
<allocation-stats totalBytes="28290520" >
  <allocated-bytes non-tlh="0" tlh="28290520" arrayletleaf="0"/>
  <largest-consumer threadName="main" threadId="00000000020B9700" bytes="28290520" />
</allocation-stats>
<gc-op id="4473" type="copy forward" timems="0.923" contextid="4470" timestamp="2019-07-07T05:34:51.876">
  <memory-copied type="eden" objects="4" bytes="592" bytesdiscarded="0" />
  <memory-copied type="other" objects="0" bytes="0" bytesdiscarded="0" />
  <memory-cardclean objects="14" bytes="512" />
  <regions eden="27" other="1" />
  <remembered-set-cleared processed="49" cleared="1" durationms="0.146" />
  <stringconstants candidates="13269" cleared="0"  />
</gc-op>
<gc-op id="4474" type="classunload" timems="0.004" contextid="4470" timestamp="2019-07-07T05:34:51.876">
  <classunload-info classloadercandidates="53" classloadersunloaded="0" classesunloaded="0" anonymousclassesunloaded="0" quiescems="0.000" setupms="0.003" scanms="0.000" postms="0.000" />
</gc-op>
<gc-end id="4475" type="partial gc" contextid="4470" durationms="2.230" usertimems="0.000" systemtimems="0.000" timestamp="2019-07-07T05:34:51.877" activeThreads="1">
  <mem-info id="4476" free="51380224" total="89128960" percent="57">
    <mem type="eden" free="1047984" total="1048576" percent="99" />
    <remembered-set count="1728" freebytes="3550848" totalbytes="3557760" percent="99" regionsoverflowed="0" regionsstable="18" regionsrebuilding="0"/>
  </mem-info>
</gc-end>
<cycle-end id="4477" type="partial gc" contextid="4470" timestamp="2019-07-07T05:34:51.877" />
  <attribute name="elasticGC enabled" value="1" />
  <attribute name= "numThreadsSpecified" value="1" />
  <attribute name="heapSize specified" value="0" />
  <attribute name="Current GC Util" value="61" />
  <attribute name= "Current Time Running" value="21402" />
  <attribute name ="GC Interval" value="0" />
  <attribute name="ProportionalT" value="20.500000" />
  <attribute name="ProportionalI" value="20.500000" />
  <attribute name="ProportionalH" value="20.500000" />
  <attribute name="Current Error" value="41.000000" />
  <attribute name="IntegralT" value="0.000000" />
  <attribute name="IntegralI" value="0.000000" />
  <attribute name="IntegralH" value="0.000000" />
  <attribute name="DerivativeT" value="inf" />
  <attribute name="DerivativeI" value="inf" />
  <attribute name="DerivativeH" value="inf" />
  <attribute name="Loop Time for DT" value="0.000000" />
  <attribute name="Output H" value="8388608"/>
  <attribute name="Output I" value="200"/>
  <attribute name="Output T" value="1"/>
  <attribute name="Target GC Util Change" value ="20.000000" />
  <attribute name="Current GC Util Change" value="61.000000"/>
  <attribute name="GC Util currently" value="61" />
  <attribute name="CPU Util currently" value="16053657300053" />
<exclusive-end id="4478" timestamp="2019-07-07T05:34:51.877" durationms="3.492" />

<exclusive-start id="4479" timestamp="2019-07-07T05:34:51.935" intervalms="61.581">
  <response-info timems="0.102" idlems="0.102" threads="0" lastid="00000000020B9700" lastname="main" />
</exclusive-start>
<allocation-taxation id="4480" taxation-threshold="28311552" timestamp="2019-07-07T05:34:51.936" intervalms="61.648" />
<cycle-start id="4481" type="partial gc" contextid="0" timestamp="2019-07-07T05:34:51.936" intervalms="61.672" />
<gc-start id="4482" type="partial gc" contextid="4481" timestamp="2019-07-07T05:34:51.936">
  <mem-info id="4483" free="23068672" total="89128960" percent="25">
    <mem type="eden" free="1047984" total="29360128" percent="3" />
    <remembered-set count="1248" freebytes="3552768" totalbytes="3557760" percent="99" regionsoverflowed="0" regionsstable="18" regionsrebuilding="0"/>
  </mem-info>
</gc-start>
<allocation-stats totalBytes="28297024" >
  <allocated-bytes non-tlh="0" tlh="28297024" arrayletleaf="0"/>
  <largest-consumer threadName="main" threadId="00000000020B9700" bytes="28297024" />
</allocation-stats>
<gc-op id="4484" type="copy forward" timems="0.941" contextid="4481" timestamp="2019-07-07T05:34:51.938">
  <memory-copied type="eden" objects="26" bytes="776" bytesdiscarded="0" />
  <memory-copied type="other" objects="0" bytes="0" bytesdiscarded="0" />
  <memory-cardclean objects="75" bytes="2472" />
  <regions eden="27" other="1" />
  <remembered-set-cleared processed="49" cleared="15" durationms="0.148" />
  <stringconstants candidates="13269" cleared="0"  />
</gc-op>
<gc-op id="4485" type="classunload" timems="0.004" contextid="4481" timestamp="2019-07-07T05:34:51.938">
  <classunload-info classloadercandidates="53" classloadersunloaded="0" classesunloaded="0" anonymousclassesunloaded="0" quiescems="0.000" setupms="0.003" scanms="0.000" postms="0.000" />
</gc-op>
<gc-end id="4486" type="partial gc" contextid="4481" durationms="2.299" usertimems="0.000" systemtimems="0.000" timestamp="2019-07-07T05:34:51.938" activeThreads="1">
  <mem-info id="4487" free="51380224" total="89128960" percent="57">
    <mem type="eden" free="1047800" total="1048576" percent="99" />
    <remembered-set count="1632" freebytes="3551232" totalbytes="3557760" percent="99" regionsoverflowed="0" regionsstable="18" regionsrebuilding="0"/>
  </mem-info>
</gc-end>
<cycle-end id="4488" type="partial gc" contextid="4481" timestamp="2019-07-07T05:34:51.939" />
  <attribute name="elasticGC enabled" value="1" />
  <attribute name= "numThreadsSpecified" value="1" />
  <attribute name="heapSize specified" value="0" />
  <attribute name="Current GC Util" value="85" />
  <attribute name= "Current Time Running" value="21464" />
  <attribute name ="GC Interval" value="0" />
  <attribute name="ProportionalT" value="32.500000" />
  <attribute name="ProportionalI" value="32.500000" />
  <attribute name="ProportionalH" value="32.500000" />
  <attribute name="Current Error" value="65.000000" />
  <attribute name="IntegralT" value="0.000000" />
  <attribute name="IntegralI" value="0.000000" />
  <attribute name="IntegralH" value="0.000000" />
  <attribute name="DerivativeT" value="inf" />
  <attribute name="DerivativeI" value="inf" />
  <attribute name="DerivativeH" value="inf" />
  <attribute name="Loop Time for DT" value="0.000000" />
  <attribute name="Output H" value="8388608"/>
  <attribute name="Output I" value="200"/>
  <attribute name="Output T" value="1"/>
  <attribute name="Target GC Util Change" value ="20.000000" />
  <attribute name="Current GC Util Change" value="85.000000"/>
  <attribute name="GC Util currently" value="85" />
  <attribute name="CPU Util currently" value="15862272158859" />
<exclusive-end id="4489" timestamp="2019-07-07T05:34:51.939" durationms="3.702" />

<exclusive-start id="4490" timestamp="2019-07-07T05:34:51.968" intervalms="32.740">
  <response-info timems="0.080" idlems="0.080" threads="0" lastid="00000000020B9700" lastname="main" />
</exclusive-start>
<allocation-taxation id="4491" taxation-threshold="28311552" timestamp="2019-07-07T05:34:51.968" intervalms="32.709" />
<cycle-start id="4492" type="partial gc" contextid="0" timestamp="2019-07-07T05:34:51.968" intervalms="32.699" />
<gc-start id="4493" type="partial gc" contextid="4492" timestamp="2019-07-07T05:34:51.969">
  <mem-info id="4494" free="23068672" total="89128960" percent="25">
    <mem type="eden" free="0" total="28311552" percent="0" />
    <remembered-set count="1248" freebytes="3552768" totalbytes="3557760" percent="99" regionsoverflowed="0" regionsstable="18" regionsrebuilding="0"/>
  </mem-info>
</gc-start>
<allocation-stats totalBytes="28297528" >
  <allocated-bytes non-tlh="0" tlh="28297528" arrayletleaf="0"/>
  <largest-consumer threadName="main" threadId="00000000020B9700" bytes="28297528" />
</allocation-stats>
<gc-op id="4495" type="copy forward" timems="1.538" contextid="4492" timestamp="2019-07-07T05:34:51.971">
  <memory-copied type="eden" objects="24" bytes="1272" bytesdiscarded="696" />
  <memory-copied type="other" objects="7" bytes="160" bytesdiscarded="1392" />
  <memory-cardclean objects="73" bytes="2440" />
  <regions eden="27" other="1" />
  <remembered-set-cleared processed="46" cleared="12" durationms="0.110" />
  <stringconstants candidates="13269" cleared="0"  />
</gc-op>
<gc-op id="4496" type="classunload" timems="0.003" contextid="4492" timestamp="2019-07-07T05:34:51.971">
  <classunload-info classloadercandidates="53" classloadersunloaded="0" classesunloaded="0" anonymousclassesunloaded="0" quiescems="0.000" setupms="0.003" scanms="0.000" postms="0.000" />
</gc-op>
<gc-end id="4497" type="partial gc" contextid="4492" durationms="2.829" usertimems="0.000" systemtimems="4.000" timestamp="2019-07-07T05:34:51.972" activeThreads="4">
  <mem-info id="4498" free="50331648" total="89128960" percent="56">
    <mem type="eden" free="1046608" total="1048576" percent="99" />
    <remembered-set count="2752" freebytes="3546752" totalbytes="3557760" percent="99" regionsoverflowed="0" regionsstable="18" regionsrebuilding="0"/>
  </mem-info>
</gc-end>
<cycle-end id="4499" type="partial gc" contextid="4492" timestamp="2019-07-07T05:34:51.972" />
  <attribute name="elasticGC enabled" value="1" />
  <attribute name= "numThreadsSpecified" value="4" />
  <attribute name="heapSize specified" value="0" />
  <attribute name="Current GC Util" value="54" />
  <attribute name= "Current Time Running" value="21497" />
  <attribute name ="GC Interval" value="0" />
  <attribute name="ProportionalT" value="17.000000" />
  <attribute name="ProportionalI" value="17.000000" />
  <attribute name="ProportionalH" value="17.000000" />
  <attribute name="Current Error" value="34.000000" />
  <attribute name="IntegralT" value="17.000000" />
  <attribute name="IntegralI" value="17.000000" />
  <attribute name="IntegralH" value="17.000000" />
  <attribute name="DerivativeT" value="34.000000" />
  <attribute name="DerivativeI" value="34.000000" />
  <attribute name="DerivativeH" value="34.000000" />
  <attribute name="Loop Time for DT" value="1.000000" />
  <attribute name="Output H" value="8388608"/>
  <attribute name="Output I" value="200"/>
  <attribute name="Output T" value="4"/>
  <attribute name="Target GC Util Change" value ="20.000000" />
  <attribute name="Current GC Util Change" value="54.000000"/>
  <attribute name="GC Util currently" value="54" />
  <attribute name="CPU Util currently" value="10131587730340" />
<exclusive-end id="4500" timestamp="2019-07-07T05:34:51.972" durationms="4.007" />

<exclusive-start id="4501" timestamp="2019-07-07T05:34:51.981" intervalms="12.532">
  <response-info timems="0.075" idlems="0.075" threads="0" lastid="00000000020B9700" lastname="main" />
</exclusive-start>
<allocation-taxation id="4502" taxation-threshold="28311552" timestamp="2019-07-07T05:34:51.981" intervalms="12.488" />
<cycle-start id="4503" type="partial gc" contextid="0" timestamp="2019-07-07T05:34:51.981" intervalms="12.475" />
<gc-start id="4504" type="partial gc" contextid="4503" timestamp="2019-07-07T05:34:51.981">
  <mem-info id="4505" free="22020096" total="89128960" percent="24">
    <mem type="eden" free="0" total="28311552" percent="0" />
    <remembered-set count="2336" freebytes="3548416" totalbytes="3557760" percent="99" regionsoverflowed="0" regionsstable="18" regionsrebuilding="0"/>
  </mem-info>
</gc-start>
<allocation-stats totalBytes="28261872" >
  <allocated-bytes non-tlh="0" tlh="28261872" arrayletleaf="0"/>
  <largest-consumer threadName="main" threadId="00000000020B9700" bytes="28261872" />
</allocation-stats>
<gc-op id="4506" type="copy forward" timems="1.089" contextid="4503" timestamp="2019-07-07T05:34:51.983">
  <memory-copied type="eden" objects="2" bytes="40" bytesdiscarded="0" />
  <memory-copied type="other" objects="21" bytes="1200" bytesdiscarded="0" />
  <memory-cardclean objects="48" bytes="1736" />
  <regions eden="27" other="1" />
  <remembered-set-cleared processed="49" cleared="14" durationms="0.137" />
  <stringconstants candidates="13269" cleared="0"  />
</gc-op>
<gc-op id="4507" type="classunload" timems="0.003" contextid="4503" timestamp="2019-07-07T05:34:51.983">
  <classunload-info classloadercandidates="53" classloadersunloaded="0" classesunloaded="0" anonymousclassesunloaded="0" quiescems="0.000" setupms="0.003" scanms="0.000" postms="0.000" />
</gc-op>
<gc-end id="4508" type="partial gc" contextid="4503" durationms="2.313" usertimems="0.000" systemtimems="0.000" timestamp="2019-07-07T05:34:51.984" activeThreads="1">
  <mem-info id="4509" free="49283072" total="89128960" percent="55">
    <mem type="eden" free="1048536" total="1048576" percent="99" />
    <remembered-set count="2368" freebytes="3548288" totalbytes="3557760" percent="99" regionsoverflowed="0" regionsstable="18" regionsrebuilding="0"/>
  </mem-info>
</gc-end>
<cycle-end id="4510" type="partial gc" contextid="4503" timestamp="2019-07-07T05:34:51.984" />
  <attribute name="elasticGC enabled" value="1" />
  <attribute name= "numThreadsSpecified" value="1" />
  <attribute name="heapSize specified" value="0" />
  <attribute name="Current GC Util" value="51" />
  <attribute name= "Current Time Running" value="21509" />
  <attribute name ="GC Interval" value="0" />
  <attribute name="ProportionalT" value="15.500000" />
  <attribute name="ProportionalI" value="15.500000" />
  <attribute name="ProportionalH" value="15.500000" />
  <attribute name="Current Error" value="31.000000" />
  <attribute name="IntegralT" value="0.000000" />
  <attribute name="IntegralI" value="0.000000" />
  <attribute name="IntegralH" value="0.000000" />
  <attribute name="DerivativeT" value="inf" />
  <attribute name="DerivativeI" value="inf" />
  <attribute name="DerivativeH" value="inf" />
  <attribute name="Loop Time for DT" value="0.000000" />
  <attribute name="Output H" value="8388608"/>
  <attribute name="Output I" value="200"/>
  <attribute name="Output T" value="1"/>
  <attribute name="Target GC Util Change" value ="20.000000" />
  <attribute name="Current GC Util Change" value="51.000000"/>
  <attribute name="GC Util currently" value="51" />
  <attribute name="CPU Util currently" value="18142030343990" />
<exclusive-end id="4511" timestamp="2019-07-07T05:34:51.984" durationms="3.571" />

<exclusive-start id="4512" timestamp="2019-07-07T05:34:51.993" intervalms="12.028">
  <response-info timems="0.080" idlems="0.080" threads="0" lastid="00000000020B9700" lastname="main" />
</exclusive-start>
<allocation-taxation id="4513" taxation-threshold="28311552" timestamp="2019-07-07T05:34:51.993" intervalms="12.067" />
<cycle-start id="4514" type="partial gc" contextid="0" timestamp="2019-07-07T05:34:51.993" intervalms="12.060" />
<gc-start id="4515" type="partial gc" contextid="4514" timestamp="2019-07-07T05:34:51.993">
  <mem-info id="4516" free="20971520" total="89128960" percent="23">
    <mem type="eden" free="1048536" total="29360128" percent="3" />
    <remembered-set count="2048" freebytes="3549568" totalbytes="3557760" percent="99" regionsoverflowed="0" regionsstable="18" regionsrebuilding="0"/>
  </mem-info>
</gc-start>
<allocation-stats totalBytes="28261768" >
  <allocated-bytes non-tlh="0" tlh="28261768" arrayletleaf="0"/>
  <largest-consumer threadName="main" threadId="00000000020B9700" bytes="28261768" />
</allocation-stats>
<gc-op id="4517" type="copy forward" timems="1.055" contextid="4514" timestamp="2019-07-07T05:34:51.995">
  <memory-copied type="eden" objects="2" bytes="40" bytesdiscarded="0" />
  <memory-copied type="other" objects="0" bytes="0" bytesdiscarded="0" />
  <memory-cardclean objects="12" bytes="432" />
  <regions eden="27" other="1" />
  <remembered-set-cleared processed="53" cleared="0" durationms="0.136" />
  <stringconstants candidates="13269" cleared="0"  />
</gc-op>
<gc-op id="4518" type="classunload" timems="0.004" contextid="4514" timestamp="2019-07-07T05:34:51.995">
  <classunload-info classloadercandidates="53" classloadersunloaded="0" classesunloaded="0" anonymousclassesunloaded="0" quiescems="0.000" setupms="0.004" scanms="0.000" postms="0.000" />
</gc-op>
<heap-resize id="4519" type="expand" space="default" amount="10485760" count="1" timems="0.092" reason="excessive time being spent in gc" timestamp="2019-07-07T05:34:51.996" />
<gc-end id="4520" type="partial gc" contextid="4514" durationms="2.437" usertimems="0.000" systemtimems="0.000" timestamp="2019-07-07T05:34:51.996" activeThreads="1">
  <mem-info id="4521" free="59768832" total="99614720" percent="60">
    <mem type="eden" free="1048536" total="1048576" percent="99" />
    <remembered-set count="2528" freebytes="3966208" totalbytes="3976320" percent="99" regionsoverflowed="0" regionsstable="18" regionsrebuilding="0"/>
  </mem-info>
</gc-end>
<cycle-end id="4522" type="partial gc" contextid="4514" timestamp="2019-07-07T05:34:51.996" />
  <attribute name="elasticGC enabled" value="1" />
  <attribute name= "numThreadsSpecified" value="1" />
  <attribute name="heapSize specified" value="0" />
  <attribute name="Current GC Util" value="83" />
  <attribute name= "Current Time Running" value="21521" />
  <attribute name ="GC Interval" value="0" />
  <attribute name="ProportionalT" value="31.500000" />
  <attribute name="ProportionalI" value="31.500000" />
  <attribute name="ProportionalH" value="31.500000" />
  <attribute name="Current Error" value="63.000000" />
  <attribute name="IntegralT" value="0.000000" />
  <attribute name="IntegralI" value="0.000000" />
  <attribute name="IntegralH" value="0.000000" />
  <attribute name="DerivativeT" value="inf" />
  <attribute name="DerivativeI" value="inf" />
  <attribute name="DerivativeH" value="inf" />
  <attribute name="Loop Time for DT" value="0.000000" />
  <attribute name="Output H" value="8388608"/>
  <attribute name="Output I" value="200"/>
  <attribute name="Output T" value="1"/>
  <attribute name="Target GC Util Change" value ="20.000000" />
  <attribute name="Current GC Util Change" value="83.000000"/>
  <attribute name="GC Util currently" value="83" />
  <attribute name="CPU Util currently" value="18605786145414" />
<exclusive-end id="4523" timestamp="2019-07-07T05:34:51.996" durationms="3.658" />

<exclusive-start id="4524" timestamp="2019-07-07T05:34:52.006" intervalms="13.581">
  <response-info timems="0.071" idlems="0.071" threads="0" lastid="00000000020B9700" lastname="main" />
</exclusive-start>
<allocation-taxation id="4525" taxation-threshold="31457280" timestamp="2019-07-07T05:34:52.006" intervalms="13.561" />
<cycle-start id="4526" type="partial gc" contextid="0" timestamp="2019-07-07T05:34:52.007" intervalms="13.614" />
<gc-start id="4527" type="partial gc" contextid="4526" timestamp="2019-07-07T05:34:52.007">
  <mem-info id="4528" free="28311552" total="99614720" percent="28">
    <mem type="eden" free="1048536" total="32505856" percent="3" />
    <remembered-set count="2048" freebytes="3968128" totalbytes="3976320" percent="99" regionsoverflowed="0" regionsstable="18" regionsrebuilding="0"/>
  </mem-info>
</gc-start>
<allocation-stats totalBytes="31401216" >
  <allocated-bytes non-tlh="0" tlh="31401216" arrayletleaf="0"/>
  <largest-consumer threadName="main" threadId="00000000020B9700" bytes="31401216" />
</allocation-stats>
<gc-op id="4529" type="copy forward" timems="0.884" contextid="4526" timestamp="2019-07-07T05:34:52.009">
  <memory-copied type="eden" objects="2" bytes="40" bytesdiscarded="0" />
  <memory-copied type="other" objects="0" bytes="0" bytesdiscarded="0" />
  <memory-cardclean objects="12" bytes="432" />
  <regions eden="30" other="1" />
  <remembered-set-cleared processed="53" cleared="0" durationms="0.129" />
  <stringconstants candidates="13269" cleared="0"  />
</gc-op>
<gc-op id="4530" type="classunload" timems="0.003" contextid="4526" timestamp="2019-07-07T05:34:52.009">
  <classunload-info classloadercandidates="53" classloadersunloaded="0" classesunloaded="0" anonymousclassesunloaded="0" quiescems="0.000" setupms="0.003" scanms="0.000" postms="0.000" />
</gc-op>
<gc-end id="4531" type="partial gc" contextid="4526" durationms="2.184" usertimems="0.000" systemtimems="0.000" timestamp="2019-07-07T05:34:52.009" activeThreads="1">
  <mem-info id="4532" free="59768832" total="99614720" percent="60">
    <mem type="eden" free="1048536" total="1048576" percent="99" />
    <remembered-set count="2528" freebytes="3966208" totalbytes="3976320" percent="99" regionsoverflowed="0" regionsstable="18" regionsrebuilding="0"/>
  </mem-info>
</gc-end>
<cycle-end id="4533" type="partial gc" contextid="4526" timestamp="2019-07-07T05:34:52.009" />
  <attribute name="elasticGC enabled" value="1" />
  <attribute name= "numThreadsSpecified" value="1" />
  <attribute name="heapSize specified" value="0" />
  <attribute name="Current GC Util" value="78" />
  <attribute name= "Current Time Running" value="21535" />
  <attribute name ="GC Interval" value="0" />
  <attribute name="ProportionalT" value="29.000000" />
  <attribute name="ProportionalI" value="29.000000" />
  <attribute name="ProportionalH" value="29.000000" />
  <attribute name="Current Error" value="58.000000" />
  <attribute name="IntegralT" value="0.000000" />
  <attribute name="IntegralI" value="0.000000" />
  <attribute name="IntegralH" value="0.000000" />
  <attribute name="DerivativeT" value="inf" />
  <attribute name="DerivativeI" value="inf" />
  <attribute name="DerivativeH" value="inf" />
  <attribute name="Loop Time for DT" value="0.000000" />
  <attribute name="Output H" value="8388608"/>
  <attribute name="Output I" value="200"/>
  <attribute name="Output T" value="1"/>
  <attribute name="Target GC Util Change" value ="20.000000" />
  <attribute name="Current GC Util Change" value="78.000000"/>
  <attribute name="GC Util currently" value="78" />
  <attribute name="CPU Util currently" value="14883367934382" />
<exclusive-end id="4534" timestamp="2019-07-07T05:34:52.010" durationms="3.477" />

<exclusive-start id="4535" timestamp="2019-07-07T05:34:52.019" intervalms="12.945">
  <response-info timems="0.056" idlems="0.056" threads="0" lastid="00000000020B9700" lastname="main" />
</exclusive-start>
<allocation-taxation id="4536" taxation-threshold="31457280" timestamp="2019-07-07T05:34:52.019" intervalms="12.962" />
<cycle-start id="4537" type="partial gc" contextid="0" timestamp="2019-07-07T05:34:52.020" intervalms="12.902" />
<gc-start id="4538" type="partial gc" contextid="4537" timestamp="2019-07-07T05:34:52.020">
  <mem-info id="4539" free="28311552" total="99614720" percent="28">
    <mem type="eden" free="1048536" total="32505856" percent="3" />
    <remembered-set count="2048" freebytes="3968128" totalbytes="3976320" percent="99" regionsoverflowed="0" regionsstable="18" regionsrebuilding="0"/>
  </mem-info>
</gc-start>
<allocation-stats totalBytes="31401216" >
  <allocated-bytes non-tlh="0" tlh="31401216" arrayletleaf="0"/>
  <largest-consumer threadName="main" threadId="00000000020B9700" bytes="31401216" />
</allocation-stats>
<gc-op id="4540" type="copy forward" timems="0.892" contextid="4537" timestamp="2019-07-07T05:34:52.022">
  <memory-copied type="eden" objects="2" bytes="40" bytesdiscarded="0" />
  <memory-copied type="other" objects="0" bytes="0" bytesdiscarded="0" />
  <memory-cardclean objects="12" bytes="432" />
  <regions eden="30" other="1" />
  <remembered-set-cleared processed="53" cleared="0" durationms="0.138" />
  <stringconstants candidates="13269" cleared="0"  />
</gc-op>
<gc-op id="4541" type="classunload" timems="0.004" contextid="4537" timestamp="2019-07-07T05:34:52.022">
  <classunload-info classloadercandidates="53" classloadersunloaded="0" classesunloaded="0" anonymousclassesunloaded="0" quiescems="0.000" setupms="0.004" scanms="0.000" postms="0.000" />
</gc-op>
<gc-end id="4542" type="partial gc" contextid="4537" durationms="2.298" usertimems="0.000" systemtimems="0.000" timestamp="2019-07-07T05:34:52.022" activeThreads="1">
  <mem-info id="4543" free="59768832" total="99614720" percent="60">
    <mem type="eden" free="1048536" total="1048576" percent="99" />
    <remembered-set count="2528" freebytes="3966208" totalbytes="3976320" percent="99" regionsoverflowed="0" regionsstable="18" regionsrebuilding="0"/>
  </mem-info>
</gc-end>
<cycle-end id="4544" type="partial gc" contextid="4537" timestamp="2019-07-07T05:34:52.022" />
  <attribute name="elasticGC enabled" value="1" />
  <attribute name= "numThreadsSpecified" value="1" />
  <attribute name="heapSize specified" value="0" />
  <attribute name="Current GC Util" value="87" />
  <attribute name= "Current Time Running" value="21548" />
  <attribute name ="GC Interval" value="0" />
  <attribute name="ProportionalT" value="33.500000" />
  <attribute name="ProportionalI" value="33.500000" />
  <attribute name="ProportionalH" value="33.500000" />
  <attribute name="Current Error" value="67.000000" />
  <attribute name="IntegralT" value="0.000000" />
  <attribute name="IntegralI" value="0.000000" />
  <attribute name="IntegralH" value="0.000000" />
  <attribute name="DerivativeT" value="inf" />
  <attribute name="DerivativeI" value="inf" />
  <attribute name="DerivativeH" value="inf" />
  <attribute name="Loop Time for DT" value="0.000000" />
  <attribute name="Output H" value="8388608"/>
  <attribute name="Output I" value="200"/>
  <attribute name="Output T" value="1"/>
  <attribute name="Target GC Util Change" value ="20.000000" />
  <attribute name="Current GC Util Change" value="87.000000"/>
  <attribute name="GC Util currently" value="87" />
  <attribute name="CPU Util currently" value="16557529741524" />
<exclusive-end id="4545" timestamp="2019-07-07T05:34:52.023" durationms="3.466" />

<exclusive-start id="4546" timestamp="2019-07-07T05:34:52.032" intervalms="13.127">
  <response-info timems="0.081" idlems="0.081" threads="0" lastid="00000000020B9700" lastname="main" />
</exclusive-start>
<allocation-taxation id="4547" taxation-threshold="31457280" timestamp="2019-07-07T05:34:52.032" intervalms="13.132" />
<cycle-start id="4548" type="partial gc" contextid="0" timestamp="2019-07-07T05:34:52.033" intervalms="13.103" />
<gc-start id="4549" type="partial gc" contextid="4548" timestamp="2019-07-07T05:34:52.033">
  <mem-info id="4550" free="28311552" total="99614720" percent="28">
    <mem type="eden" free="1048536" total="32505856" percent="3" />
    <remembered-set count="2048" freebytes="3968128" totalbytes="3976320" percent="99" regionsoverflowed="0" regionsstable="18" regionsrebuilding="0"/>
  </mem-info>
</gc-start>
<allocation-stats totalBytes="31401216" >
  <allocated-bytes non-tlh="0" tlh="31401216" arrayletleaf="0"/>
  <largest-consumer threadName="main" threadId="00000000020B9700" bytes="31401216" />
</allocation-stats>
<gc-op id="4551" type="copy forward" timems="0.907" contextid="4548" timestamp="2019-07-07T05:34:52.035">
  <memory-copied type="eden" objects="2" bytes="40" bytesdiscarded="0" />
  <memory-copied type="other" objects="0" bytes="0" bytesdiscarded="0" />
  <memory-cardclean objects="12" bytes="432" />
  <regions eden="30" other="1" />
  <remembered-set-cleared processed="53" cleared="0" durationms="0.141" />
  <stringconstants candidates="13269" cleared="0"  />
</gc-op>
<gc-op id="4552" type="classunload" timems="0.004" contextid="4548" timestamp="2019-07-07T05:34:52.035">
  <classunload-info classloadercandidates="53" classloadersunloaded="0" classesunloaded="0" anonymousclassesunloaded="0" quiescems="0.000" setupms="0.004" scanms="0.000" postms="0.000" />
</gc-op>
<gc-end id="4553" type="partial gc" contextid="4548" durationms="2.224" usertimems="0.000" systemtimems="0.000" timestamp="2019-07-07T05:34:52.035" activeThreads="1">
  <mem-info id="4554" free="59768832" total="99614720" percent="60">
    <mem type="eden" free="1048536" total="1048576" percent="99" />
    <remembered-set count="2528" freebytes="3966208" totalbytes="3976320" percent="99" regionsoverflowed="0" regionsstable="18" regionsrebuilding="0"/>
  </mem-info>
</gc-end>
<cycle-end id="4555" type="partial gc" contextid="4548" timestamp="2019-07-07T05:34:52.035" />
  <attribute name="elasticGC enabled" value="1" />
  <attribute name= "numThreadsSpecified" value="1" />
  <attribute name="heapSize specified" value="0" />
  <attribute name="Current GC Util" value="79" />
  <attribute name= "Current Time Running" value="21561" />
  <attribute name ="GC Interval" value="0" />
  <attribute name="ProportionalT" value="29.500000" />
  <attribute name="ProportionalI" value="29.500000" />
  <attribute name="ProportionalH" value="29.500000" />
  <attribute name="Current Error" value="59.000000" />
  <attribute name="IntegralT" value="0.000000" />
  <attribute name="IntegralI" value="0.000000" />
  <attribute name="IntegralH" value="0.000000" />
  <attribute name="DerivativeT" value="inf" />
  <attribute name="DerivativeI" value="inf" />
  <attribute name="DerivativeH" value="inf" />
  <attribute name="Loop Time for DT" value="0.000000" />
  <attribute name="Output H" value="8388608"/>
  <attribute name="Output I" value="200"/>
  <attribute name="Output T" value="1"/>
  <attribute name="Target GC Util Change" value ="20.000000" />
  <attribute name="Current GC Util Change" value="79.000000"/>
  <attribute name="GC Util currently" value="79" />
  <attribute name="CPU Util currently" value="18680549644180" />
<exclusive-end id="4556" timestamp="2019-07-07T05:34:52.036" durationms="3.509" />

<exclusive-start id="4557" timestamp="2019-07-07T05:34:52.045" intervalms="12.875">
  <response-info timems="0.078" idlems="0.078" threads="0" lastid="00000000020B9700" lastname="main" />
</exclusive-start>
<allocation-taxation id="4558" taxation-threshold="31457280" timestamp="2019-07-07T05:34:52.045" intervalms="12.828" />
<cycle-start id="4559" type="partial gc" contextid="0" timestamp="2019-07-07T05:34:52.045" intervalms="12.861" />
<gc-start id="4560" type="partial gc" contextid="4559" timestamp="2019-07-07T05:34:52.046">
  <mem-info id="4561" free="28311552" total="99614720" percent="28">
    <mem type="eden" free="1048536" total="32505856" percent="3" />
    <remembered-set count="2048" freebytes="3968128" totalbytes="3976320" percent="99" regionsoverflowed="0" regionsstable="18" regionsrebuilding="0"/>
  </mem-info>
</gc-start>
<allocation-stats totalBytes="31401216" >
  <allocated-bytes non-tlh="0" tlh="31401216" arrayletleaf="0"/>
  <largest-consumer threadName="main" threadId="00000000020B9700" bytes="31401216" />
</allocation-stats>
<gc-op id="4562" type="copy forward" timems="1.412" contextid="4559" timestamp="2019-07-07T05:34:52.048">
  <memory-copied type="eden" objects="2" bytes="40" bytesdiscarded="0" />
  <memory-copied type="other" objects="0" bytes="0" bytesdiscarded="0" />
  <memory-cardclean objects="12" bytes="432" />
  <regions eden="30" other="1" />
  <remembered-set-cleared processed="53" cleared="0" durationms="0.111" />
  <stringconstants candidates="13269" cleared="0"  />
</gc-op>
<gc-op id="4563" type="classunload" timems="0.003" contextid="4559" timestamp="2019-07-07T05:34:52.048">
  <classunload-info classloadercandidates="53" classloadersunloaded="0" classesunloaded="0" anonymousclassesunloaded="0" quiescems="0.000" setupms="0.003" scanms="0.000" postms="0.000" />
</gc-op>
<gc-end id="4564" type="partial gc" contextid="4559" durationms="2.644" usertimems="4.000" systemtimems="0.000" timestamp="2019-07-07T05:34:52.048" activeThreads="4">
  <mem-info id="4565" free="59768832" total="99614720" percent="60">
    <mem type="eden" free="1048536" total="1048576" percent="99" />
    <remembered-set count="1408" freebytes="3970688" totalbytes="3976320" percent="99" regionsoverflowed="0" regionsstable="18" regionsrebuilding="0"/>
  </mem-info>
</gc-end>
<cycle-end id="4566" type="partial gc" contextid="4559" timestamp="2019-07-07T05:34:52.049" />
  <attribute name="elasticGC enabled" value="1" />
  <attribute name= "numThreadsSpecified" value="4" />
  <attribute name="heapSize specified" value="0" />
  <attribute name="Current GC Util" value="87" />
  <attribute name= "Current Time Running" value="21574" />
  <attribute name ="GC Interval" value="0" />
  <attribute name="ProportionalT" value="33.500000" />
  <attribute name="ProportionalI" value="33.500000" />
  <attribute name="ProportionalH" value="33.500000" />
  <attribute name="Current Error" value="67.000000" />
  <attribute name="IntegralT" value="33.500000" />
  <attribute name="IntegralI" value="33.500000" />
  <attribute name="IntegralH" value="33.500000" />
  <attribute name="DerivativeT" value="67.000000" />
  <attribute name="DerivativeI" value="67.000000" />
  <attribute name="DerivativeH" value="67.000000" />
  <attribute name="Loop Time for DT" value="1.000000" />
  <attribute name="Output H" value="8388608"/>
  <attribute name="Output I" value="200"/>
  <attribute name="Output T" value="4"/>
  <attribute name="Target GC Util Change" value ="20.000000" />
  <attribute name="Current GC Util Change" value="87.000000"/>
  <attribute name="GC Util currently" value="87" />
  <attribute name="CPU Util currently" value="16464955929172" />
<exclusive-end id="4567" timestamp="2019-07-07T05:34:52.049" durationms="3.701" />

<exclusive-start id="4568" timestamp="2019-07-07T05:34:52.090" intervalms="45.398">
  <response-info timems="0.082" idlems="0.082" threads="0" lastid="00000000020B9700" lastname="main" />
</exclusive-start>
<allocation-taxation id="4569" taxation-threshold="31457280" timestamp="2019-07-07T05:34:52.091" intervalms="45.370" />
<cycle-start id="4570" type="partial gc" contextid="0" timestamp="2019-07-07T05:34:52.091" intervalms="45.399" />
<gc-start id="4571" type="partial gc" contextid="4570" timestamp="2019-07-07T05:34:52.091">
  <mem-info id="4572" free="28311552" total="99614720" percent="28">
    <mem type="eden" free="1048536" total="32505856" percent="3" />
    <remembered-set count="928" freebytes="3972608" totalbytes="3976320" percent="99" regionsoverflowed="0" regionsstable="18" regionsrebuilding="0"/>
  </mem-info>
</gc-start>
<allocation-stats totalBytes="31415240" >
  <allocated-bytes non-tlh="0" tlh="31415240" arrayletleaf="0"/>
  <largest-consumer threadName="main" threadId="00000000020B9700" bytes="31415240" />
</allocation-stats>
<gc-op id="4573" type="copy forward" timems="0.827" contextid="4570" timestamp="2019-07-07T05:34:52.093">
  <memory-copied type="eden" objects="39" bytes="1528" bytesdiscarded="0" />
  <memory-copied type="other" objects="0" bytes="0" bytesdiscarded="0" />
  <memory-cardclean objects="70" bytes="2208" />
  <regions eden="30" other="1" />
  <remembered-set-cleared processed="53" cleared="2" durationms="0.120" />
  <stringconstants candidates="13269" cleared="0"  />
</gc-op>
<gc-op id="4574" type="classunload" timems="0.004" contextid="4570" timestamp="2019-07-07T05:34:52.093">
  <classunload-info classloadercandidates="53" classloadersunloaded="0" classesunloaded="0" anonymousclassesunloaded="0" quiescems="0.000" setupms="0.004" scanms="0.000" postms="0.000" />
</gc-op>
<gc-end id="4575" type="partial gc" contextid="4570" durationms="2.001" usertimems="0.000" systemtimems="0.000" timestamp="2019-07-07T05:34:52.093" activeThreads="1">
  <mem-info id="4576" free="59768832" total="99614720" percent="60">
    <mem type="eden" free="1047048" total="1048576" percent="99" />
    <remembered-set count="1408" freebytes="3970688" totalbytes="3976320" percent="99" regionsoverflowed="0" regionsstable="18" regionsrebuilding="0"/>
  </mem-info>
</gc-end>
<cycle-end id="4577" type="partial gc" contextid="4570" timestamp="2019-07-07T05:34:52.093" />
  <attribute name="elasticGC enabled" value="1" />
  <attribute name= "numThreadsSpecified" value="1" />
  <attribute name="heapSize specified" value="0" />
  <attribute name="Current GC Util" value="59" />
  <attribute name= "Current Time Running" value="21619" />
  <attribute name ="GC Interval" value="0" />
  <attribute name="ProportionalT" value="19.500000" />
  <attribute name="ProportionalI" value="19.500000" />
  <attribute name="ProportionalH" value="19.500000" />
  <attribute name="Current Error" value="39.000000" />
  <attribute name="IntegralT" value="0.000000" />
  <attribute name="IntegralI" value="0.000000" />
  <attribute name="IntegralH" value="0.000000" />
  <attribute name="DerivativeT" value="inf" />
  <attribute name="DerivativeI" value="inf" />
  <attribute name="DerivativeH" value="inf" />
  <attribute name="Loop Time for DT" value="0.000000" />
  <attribute name="Output H" value="8388608"/>
  <attribute name="Output I" value="200"/>
  <attribute name="Output T" value="1"/>
  <attribute name="Target GC Util Change" value ="20.000000" />
  <attribute name="Current GC Util Change" value="59.000000"/>
  <attribute name="GC Util currently" value="59" />
  <attribute name="CPU Util currently" value="19400715885806" />
<exclusive-end id="4578" timestamp="2019-07-07T05:34:52.094" durationms="3.197" />

<exclusive-start id="4579" timestamp="2019-07-07T05:34:52.139" intervalms="48.400">
  <response-info timems="0.078" idlems="0.078" threads="0" lastid="00000000020B9700" lastname="main" />
</exclusive-start>
<allocation-taxation id="4580" taxation-threshold="31457280" timestamp="2019-07-07T05:34:52.139" intervalms="48.444" />
<cycle-start id="4581" type="partial gc" contextid="0" timestamp="2019-07-07T05:34:52.139" intervalms="48.393" />
<gc-start id="4582" type="partial gc" contextid="4581" timestamp="2019-07-07T05:34:52.140">
  <mem-info id="4583" free="28311552" total="99614720" percent="28">
    <mem type="eden" free="0" total="31457280" percent="0" />
    <remembered-set count="928" freebytes="3972608" totalbytes="3976320" percent="99" regionsoverflowed="0" regionsstable="18" regionsrebuilding="0"/>
  </mem-info>
</gc-start>
<allocation-stats totalBytes="31414528" >
  <allocated-bytes non-tlh="0" tlh="31414528" arrayletleaf="0"/>
  <largest-consumer threadName="main" threadId="00000000020B9700" bytes="31414528" />
</allocation-stats>
<gc-op id="4584" type="copy forward" timems="0.885" contextid="4581" timestamp="2019-07-07T05:34:52.141">
  <memory-copied type="eden" objects="28" bytes="1680" bytesdiscarded="0" />
  <memory-copied type="other" objects="13" bytes="296" bytesdiscarded="0" />
  <memory-cardclean objects="85" bytes="2616" />
  <regions eden="30" other="1" />
  <remembered-set-cleared processed="51" cleared="0" durationms="0.119" />
  <stringconstants candidates="13269" cleared="0"  />
</gc-op>
<gc-op id="4585" type="classunload" timems="0.003" contextid="4581" timestamp="2019-07-07T05:34:52.141">
  <classunload-info classloadercandidates="53" classloadersunloaded="0" classesunloaded="0" anonymousclassesunloaded="0" quiescems="0.000" setupms="0.003" scanms="0.000" postms="0.000" />
</gc-op>
<gc-end id="4586" type="partial gc" contextid="4581" durationms="1.944" usertimems="0.000" systemtimems="0.000" timestamp="2019-07-07T05:34:52.142" activeThreads="1">
  <mem-info id="4587" free="58720256" total="99614720" percent="58">
    <mem type="eden" free="1046896" total="1048576" percent="99" />
    <remembered-set count="1408" freebytes="3970688" totalbytes="3976320" percent="99" regionsoverflowed="0" regionsstable="18" regionsrebuilding="0"/>
  </mem-info>
</gc-end>
<cycle-end id="4588" type="partial gc" contextid="4581" timestamp="2019-07-07T05:34:52.142" />
  <attribute name="elasticGC enabled" value="1" />
  <attribute name= "numThreadsSpecified" value="1" />
  <attribute name="heapSize specified" value="0" />
  <attribute name="Current GC Util" value="86" />
  <attribute name= "Current Time Running" value="21667" />
  <attribute name ="GC Interval" value="0" />
  <attribute name="ProportionalT" value="33.000000" />
  <attribute name="ProportionalI" value="33.000000" />
  <attribute name="ProportionalH" value="33.000000" />
  <attribute name="Current Error" value="66.000000" />
  <attribute name="IntegralT" value="0.000000" />
  <attribute name="IntegralI" value="0.000000" />
  <attribute name="IntegralH" value="0.000000" />
  <attribute name="DerivativeT" value="inf" />
  <attribute name="DerivativeI" value="inf" />
  <attribute name="DerivativeH" value="inf" />
  <attribute name="Loop Time for DT" value="0.000000" />
  <attribute name="Output H" value="8388608"/>
  <attribute name="Output I" value="200"/>
  <attribute name="Output T" value="1"/>
  <attribute name="Target GC Util Change" value ="20.000000" />
  <attribute name="Current GC Util Change" value="86.000000"/>
  <attribute name="GC Util currently" value="86" />
  <attribute name="CPU Util currently" value="19378378824444" />
<exclusive-end id="4589" timestamp="2019-07-07T05:34:52.142" durationms="3.132" />

<exclusive-start id="4590" timestamp="2019-07-07T05:34:52.155" intervalms="15.731">
  <response-info timems="0.077" idlems="0.077" threads="0" lastid="00000000020B9700" lastname="main" />
</exclusive-start>
<allocation-taxation id="4591" taxation-threshold="31457280" timestamp="2019-07-07T05:34:52.155" intervalms="15.730" />
<cycle-start id="4592" type="partial gc" contextid="0" timestamp="2019-07-07T05:34:52.155" intervalms="15.730" />
<gc-start id="4593" type="partial gc" contextid="4592" timestamp="2019-07-07T05:34:52.155">
  <mem-info id="4594" free="27262976" total="99614720" percent="27">
    <mem type="eden" free="0" total="31457280" percent="0" />
    <remembered-set count="960" freebytes="3972480" totalbytes="3976320" percent="99" regionsoverflowed="0" regionsstable="18" regionsrebuilding="0"/>
  </mem-info>
</gc-start>
<allocation-stats totalBytes="31433512" >
  <allocated-bytes non-tlh="0" tlh="31433512" arrayletleaf="0"/>
  <largest-consumer threadName="main" threadId="00000000020B9700" bytes="31433512" />
</allocation-stats>
<gc-op id="4595" type="copy forward" timems="0.875" contextid="4592" timestamp="2019-07-07T05:34:52.157">
  <memory-copied type="eden" objects="4" bytes="288" bytesdiscarded="0" />
  <memory-copied type="other" objects="73" bytes="2632" bytesdiscarded="376" />
  <memory-cardclean objects="110" bytes="12232" />
  <regions eden="30" other="2" />
  <remembered-set-cleared processed="47" cleared="8" durationms="0.121" />
  <references type="weak" candidates="30" cleared="0" enqueued="0" />
  <stringconstants candidates="13269" cleared="0"  />
</gc-op>
<gc-op id="4596" type="classunload" timems="0.003" contextid="4592" timestamp="2019-07-07T05:34:52.157">
  <classunload-info classloadercandidates="53" classloadersunloaded="0" classesunloaded="0" anonymousclassesunloaded="0" quiescems="0.000" setupms="0.003" scanms="0.000" postms="0.000" />
</gc-op>
<gc-end id="4597" type="partial gc" contextid="4592" durationms="2.089" usertimems="4.000" systemtimems="0.000" timestamp="2019-07-07T05:34:52.157" activeThreads="1">
  <mem-info id="4598" free="58720256" total="99614720" percent="58">
    <mem type="eden" free="1048288" total="1048576" percent="99" />
    <remembered-set count="1312" freebytes="3971072" totalbytes="3976320" percent="99" regionsoverflowed="0" regionsstable="18" regionsrebuilding="0"/>
  </mem-info>
</gc-end>
<cycle-end id="4599" type="partial gc" contextid="4592" timestamp="2019-07-07T05:34:52.158" />
  <attribute name="elasticGC enabled" value="1" />
  <attribute name= "numThreadsSpecified" value="1" />
  <attribute name="heapSize specified" value="0" />
  <attribute name="Current GC Util" value="97" />
  <attribute name= "Current Time Running" value="21683" />
  <attribute name ="GC Interval" value="0" />
  <attribute name="ProportionalT" value="38.500000" />
  <attribute name="ProportionalI" value="38.500000" />
  <attribute name="ProportionalH" value="38.500000" />
  <attribute name="Current Error" value="77.000000" />
  <attribute name="IntegralT" value="0.000000" />
  <attribute name="IntegralI" value="0.000000" />
  <attribute name="IntegralH" value="0.000000" />
  <attribute name="DerivativeT" value="inf" />
  <attribute name="DerivativeI" value="inf" />
  <attribute name="DerivativeH" value="inf" />
  <attribute name="Loop Time for DT" value="0.000000" />
  <attribute name="Output H" value="8388608"/>
  <attribute name="Output I" value="200"/>
  <attribute name="Output T" value="1"/>
  <attribute name="Target GC Util Change" value ="20.000000" />
  <attribute name="Current GC Util Change" value="97.000000"/>
  <attribute name="GC Util currently" value="97" />
  <attribute name="CPU Util currently" value="18034546293796" />
<exclusive-end id="4600" timestamp="2019-07-07T05:34:52.158" durationms="3.252" />

<exclusive-start id="4601" timestamp="2019-07-07T05:34:52.170" intervalms="15.856">
  <response-info timems="0.084" idlems="0.084" threads="0" lastid="00000000020B9700" lastname="main" />
</exclusive-start>
<allocation-taxation id="4602" taxation-threshold="31457280" timestamp="2019-07-07T05:34:52.171" intervalms="15.852" />
<cycle-start id="4603" type="partial gc" contextid="0" timestamp="2019-07-07T05:34:52.171" intervalms="15.876" />
<gc-start id="4604" type="partial gc" contextid="4603" timestamp="2019-07-07T05:34:52.171">
  <mem-info id="4605" free="27262976" total="99614720" percent="27">
    <mem type="eden" free="1048288" total="32505856" percent="3" />
    <remembered-set count="928" freebytes="3972608" totalbytes="3976320" percent="99" regionsoverflowed="0" regionsstable="18" regionsrebuilding="0"/>
  </mem-info>
</gc-start>
<allocation-stats totalBytes="31434432" >
  <allocated-bytes non-tlh="0" tlh="31434432" arrayletleaf="0"/>
  <largest-consumer threadName="main" threadId="00000000020B9700" bytes="31434432" />
</allocation-stats>
<gc-op id="4606" type="copy forward" timems="0.814" contextid="4603" timestamp="2019-07-07T05:34:52.173">
  <memory-copied type="eden" objects="4" bytes="288" bytesdiscarded="0" />
  <memory-copied type="other" objects="0" bytes="0" bytesdiscarded="0" />
  <memory-cardclean objects="15" bytes="896" />
  <regions eden="30" other="1" />
  <remembered-set-cleared processed="58" cleared="1" durationms="0.123" />
  <stringconstants candidates="13269" cleared="0"  />
</gc-op>
<gc-op id="4607" type="classunload" timems="0.004" contextid="4603" timestamp="2019-07-07T05:34:52.173">
  <classunload-info classloadercandidates="53" classloadersunloaded="0" classesunloaded="0" anonymousclassesunloaded="0" quiescems="0.000" setupms="0.004" scanms="0.000" postms="0.000" />
</gc-op>
<gc-end id="4608" type="partial gc" contextid="4603" durationms="1.965" usertimems="0.000" systemtimems="0.000" timestamp="2019-07-07T05:34:52.173" activeThreads="1">
  <mem-info id="4609" free="58720256" total="99614720" percent="58">
    <mem type="eden" free="1048288" total="1048576" percent="99" />
    <remembered-set count="1408" freebytes="3970688" totalbytes="3976320" percent="99" regionsoverflowed="0" regionsstable="18" regionsrebuilding="0"/>
  </mem-info>
</gc-end>
<cycle-end id="4610" type="partial gc" contextid="4603" timestamp="2019-07-07T05:34:52.173" />
  <attribute name="elasticGC enabled" value="1" />
  <attribute name= "numThreadsSpecified" value="1" />
  <attribute name="heapSize specified" value="0" />
  <attribute name="Current GC Util" value="76" />
  <attribute name= "Current Time Running" value="21699" />
  <attribute name ="GC Interval" value="0" />
  <attribute name="ProportionalT" value="28.000000" />
  <attribute name="ProportionalI" value="28.000000" />
  <attribute name="ProportionalH" value="28.000000" />
  <attribute name="Current Error" value="56.000000" />
  <attribute name="IntegralT" value="0.000000" />
  <attribute name="IntegralI" value="0.000000" />
  <attribute name="IntegralH" value="0.000000" />
  <attribute name="DerivativeT" value="inf" />
  <attribute name="DerivativeI" value="inf" />
  <attribute name="DerivativeH" value="inf" />
  <attribute name="Loop Time for DT" value="0.000000" />
  <attribute name="Output H" value="8388608"/>
  <attribute name="Output I" value="200"/>
  <attribute name="Output T" value="1"/>
  <attribute name="Target GC Util Change" value ="20.000000" />
  <attribute name="Current GC Util Change" value="76.000000"/>
  <attribute name="GC Util currently" value="76" />
  <attribute name="CPU Util currently" value="20729473506206" />
<exclusive-end id="4611" timestamp="2019-07-07T05:34:52.174" durationms="3.171" />

<exclusive-start id="4612" timestamp="2019-07-07T05:34:52.213" intervalms="43.039">
  <response-info timems="0.076" idlems="0.076" threads="0" lastid="00000000020B9700" lastname="main" />
</exclusive-start>
<allocation-taxation id="4613" taxation-threshold="31457280" timestamp="2019-07-07T05:34:52.214" intervalms="43.010" />
<cycle-start id="4614" type="partial gc" contextid="0" timestamp="2019-07-07T05:34:52.214" intervalms="42.979" />
<gc-start id="4615" type="partial gc" contextid="4614" timestamp="2019-07-07T05:34:52.214">
  <mem-info id="4616" free="27262976" total="99614720" percent="27">
    <mem type="eden" free="1048288" total="32505856" percent="3" />
    <remembered-set count="928" freebytes="3972608" totalbytes="3976320" percent="99" regionsoverflowed="0" regionsstable="18" regionsrebuilding="0"/>
  </mem-info>
</gc-start>
<allocation-stats totalBytes="31412288" >
  <allocated-bytes non-tlh="0" tlh="31412288" arrayletleaf="0"/>
  <largest-consumer threadName="main" threadId="00000000020B9700" bytes="31412288" />
</allocation-stats>
<gc-op id="4617" type="copy forward" timems="1.038" contextid="4614" timestamp="2019-07-07T05:34:52.216">
  <memory-copied type="eden" objects="37" bytes="4240" bytesdiscarded="0" />
  <memory-copied type="other" objects="0" bytes="0" bytesdiscarded="0" />
  <memory-cardclean objects="80" bytes="2856" />
  <regions eden="30" other="1" />
  <remembered-set-cleared processed="58" cleared="6" durationms="0.135" />
  <stringconstants candidates="13269" cleared="0"  />
</gc-op>
<gc-op id="4618" type="classunload" timems="0.004" contextid="4614" timestamp="2019-07-07T05:34:52.216">
  <classunload-info classloadercandidates="53" classloadersunloaded="0" classesunloaded="0" anonymousclassesunloaded="0" quiescems="0.000" setupms="0.004" scanms="0.000" postms="0.000" />
</gc-op>
<gc-end id="4619" type="partial gc" contextid="4614" durationms="2.300" usertimems="0.000" systemtimems="0.000" timestamp="2019-07-07T05:34:52.217" activeThreads="1">
  <mem-info id="4620" free="58720256" total="99614720" percent="58">
    <mem type="eden" free="1044336" total="1048576" percent="99" />
    <remembered-set count="1376" freebytes="3970816" totalbytes="3976320" percent="99" regionsoverflowed="0" regionsstable="18" regionsrebuilding="0"/>
  </mem-info>
</gc-end>
<cycle-end id="4621" type="partial gc" contextid="4614" timestamp="2019-07-07T05:34:52.217" />
  <attribute name="elasticGC enabled" value="1" />
  <attribute name= "numThreadsSpecified" value="1" />
  <attribute name="heapSize specified" value="0" />
  <attribute name="Current GC Util" value="78" />
  <attribute name= "Current Time Running" value="21742" />
  <attribute name ="GC Interval" value="0" />
  <attribute name="ProportionalT" value="29.000000" />
  <attribute name="ProportionalI" value="29.000000" />
  <attribute name="ProportionalH" value="29.000000" />
  <attribute name="Current Error" value="58.000000" />
  <attribute name="IntegralT" value="0.000000" />
  <attribute name="IntegralI" value="0.000000" />
  <attribute name="IntegralH" value="0.000000" />
  <attribute name="DerivativeT" value="inf" />
  <attribute name="DerivativeI" value="inf" />
  <attribute name="DerivativeH" value="inf" />
  <attribute name="Loop Time for DT" value="0.000000" />
  <attribute name="Output H" value="8388608"/>
  <attribute name="Output I" value="200"/>
  <attribute name="Output T" value="1"/>
  <attribute name="Target GC Util Change" value ="20.000000" />
  <attribute name="Current GC Util Change" value="78.000000"/>
  <attribute name="GC Util currently" value="78" />
  <attribute name="CPU Util currently" value="17493090558622" />
<exclusive-end id="4622" timestamp="2019-07-07T05:34:52.217" durationms="3.515" />

<exclusive-start id="4623" timestamp="2019-07-07T05:34:52.264" intervalms="50.970">
  <response-info timems="0.064" idlems="0.064" threads="0" lastid="00000000020B9700" lastname="main" />
</exclusive-start>
<allocation-taxation id="4624" taxation-threshold="31457280" timestamp="2019-07-07T05:34:52.265" intervalms="50.975" />
<cycle-start id="4625" type="partial gc" contextid="0" timestamp="2019-07-07T05:34:52.265" intervalms="50.959" />
<gc-start id="4626" type="partial gc" contextid="4625" timestamp="2019-07-07T05:34:52.265">
  <mem-info id="4627" free="27262976" total="99614720" percent="27">
    <mem type="eden" free="0" total="31457280" percent="0" />
    <remembered-set count="928" freebytes="3972608" totalbytes="3976320" percent="99" regionsoverflowed="0" regionsstable="18" regionsrebuilding="0"/>
  </mem-info>
</gc-start>
<allocation-stats totalBytes="31404416" >
  <allocated-bytes non-tlh="0" tlh="31404416" arrayletleaf="0"/>
  <largest-consumer threadName="main" threadId="00000000020B9700" bytes="31404416" />
</allocation-stats>
<gc-op id="4628" type="copy forward" timems="1.078" contextid="4625" timestamp="2019-07-07T05:34:52.267">
  <memory-copied type="eden" objects="2" bytes="1048" bytesdiscarded="0" />
  <memory-copied type="other" objects="42" bytes="4344" bytesdiscarded="96" />
  <memory-cardclean objects="93" bytes="3416" />
  <regions eden="30" other="2" />
  <remembered-set-cleared processed="53" cleared="17" durationms="0.134" />
  <stringconstants candidates="13269" cleared="0"  />
</gc-op>
<gc-op id="4629" type="classunload" timems="0.004" contextid="4625" timestamp="2019-07-07T05:34:52.267">
  <classunload-info classloadercandidates="53" classloadersunloaded="0" classesunloaded="0" anonymousclassesunloaded="0" quiescems="0.000" setupms="0.004" scanms="0.000" postms="0.000" />
</gc-op>
<gc-end id="4630" type="partial gc" contextid="4625" durationms="2.395" usertimems="4.000" systemtimems="0.000" timestamp="2019-07-07T05:34:52.268" activeThreads="1">
  <mem-info id="4631" free="58720256" total="99614720" percent="58">
    <mem type="eden" free="1047528" total="1048576" percent="99" />
    <remembered-set count="1152" freebytes="3971712" totalbytes="3976320" percent="99" regionsoverflowed="0" regionsstable="18" regionsrebuilding="0"/>
  </mem-info>
</gc-end>
<cycle-end id="4632" type="partial gc" contextid="4625" timestamp="2019-07-07T05:34:52.268" />
  <attribute name="elasticGC enabled" value="1" />
  <attribute name= "numThreadsSpecified" value="1" />
  <attribute name="heapSize specified" value="0" />
  <attribute name="Current GC Util" value="80" />
  <attribute name= "Current Time Running" value="21793" />
  <attribute name ="GC Interval" value="0" />
  <attribute name="ProportionalT" value="30.000000" />
  <attribute name="ProportionalI" value="30.000000" />
  <attribute name="ProportionalH" value="30.000000" />
  <attribute name="Current Error" value="60.000000" />
  <attribute name="IntegralT" value="0.000000" />
  <attribute name="IntegralI" value="0.000000" />
  <attribute name="IntegralH" value="0.000000" />
  <attribute name="DerivativeT" value="inf" />
  <attribute name="DerivativeI" value="inf" />
  <attribute name="DerivativeH" value="inf" />
  <attribute name="Loop Time for DT" value="0.000000" />
  <attribute name="Output H" value="8388608"/>
  <attribute name="Output I" value="200"/>
  <attribute name="Output T" value="1"/>
  <attribute name="Target GC Util Change" value ="20.000000" />
  <attribute name="Current GC Util Change" value="80.000000"/>
  <attribute name="GC Util currently" value="80" />
  <attribute name="CPU Util currently" value="17264795952389" />
<exclusive-end id="4633" timestamp="2019-07-07T05:34:52.268" durationms="3.623" />

<exclusive-start id="4634" timestamp="2019-07-07T05:34:52.333" intervalms="68.882">
  <response-info timems="0.103" idlems="0.103" threads="0" lastid="00000000020B9700" lastname="main" />
</exclusive-start>
<allocation-taxation id="4635" taxation-threshold="31457280" timestamp="2019-07-07T05:34:52.334" intervalms="68.946" />
<cycle-start id="4636" type="partial gc" contextid="0" timestamp="2019-07-07T05:34:52.334" intervalms="68.983" />
<gc-start id="4637" type="partial gc" contextid="4636" timestamp="2019-07-07T05:34:52.334">
  <mem-info id="4638" free="27262976" total="99614720" percent="27">
    <mem type="eden" free="1047528" total="32505856" percent="3" />
    <remembered-set count="736" freebytes="3973376" totalbytes="3976320" percent="99" regionsoverflowed="0" regionsstable="18" regionsrebuilding="0"/>
  </mem-info>
</gc-start>
<allocation-stats totalBytes="31427800" >
  <allocated-bytes non-tlh="0" tlh="31427800" arrayletleaf="0"/>
  <largest-consumer threadName="main" threadId="00000000020B9700" bytes="31427800" />
</allocation-stats>
<gc-op id="4639" type="copy forward" timems="0.984" contextid="4636" timestamp="2019-07-07T05:34:52.336">
  <memory-copied type="eden" objects="26" bytes="784" bytesdiscarded="0" />
  <memory-copied type="other" objects="0" bytes="0" bytesdiscarded="0" />
  <memory-cardclean objects="79" bytes="2512" />
  <regions eden="30" other="1" />
  <remembered-set-cleared processed="61" cleared="6" durationms="0.133" />
  <stringconstants candidates="13269" cleared="0"  />
</gc-op>
<gc-op id="4640" type="classunload" timems="0.004" contextid="4636" timestamp="2019-07-07T05:34:52.336">
  <classunload-info classloadercandidates="53" classloadersunloaded="0" classesunloaded="0" anonymousclassesunloaded="0" quiescems="0.000" setupms="0.004" scanms="0.000" postms="0.000" />
</gc-op>
<gc-end id="4641" type="partial gc" contextid="4636" durationms="2.218" usertimems="0.000" systemtimems="0.000" timestamp="2019-07-07T05:34:52.336" activeThreads="1">
  <mem-info id="4642" free="58720256" total="99614720" percent="58">
    <mem type="eden" free="1047792" total="1048576" percent="99" />
    <remembered-set count="1248" freebytes="3971328" totalbytes="3976320" percent="99" regionsoverflowed="0" regionsstable="18" regionsrebuilding="0"/>
  </mem-info>
</gc-end>
<cycle-end id="4643" type="partial gc" contextid="4636" timestamp="2019-07-07T05:34:52.337" />
  <attribute name="elasticGC enabled" value="1" />
  <attribute name= "numThreadsSpecified" value="1" />
  <attribute name="heapSize specified" value="0" />
  <attribute name="Current GC Util" value="84" />
  <attribute name= "Current Time Running" value="21862" />
  <attribute name ="GC Interval" value="0" />
  <attribute name="ProportionalT" value="32.000000" />
  <attribute name="ProportionalI" value="32.000000" />
  <attribute name="ProportionalH" value="32.000000" />
  <attribute name="Current Error" value="64.000000" />
  <attribute name="IntegralT" value="0.000000" />
  <attribute name="IntegralI" value="0.000000" />
  <attribute name="IntegralH" value="0.000000" />
  <attribute name="DerivativeT" value="inf" />
  <attribute name="DerivativeI" value="inf" />
  <attribute name="DerivativeH" value="inf" />
  <attribute name="Loop Time for DT" value="0.000000" />
  <attribute name="Output H" value="8388608"/>
  <attribute name="Output I" value="200"/>
  <attribute name="Output T" value="1"/>
  <attribute name="Target GC Util Change" value ="20.000000" />
  <attribute name="Current GC Util Change" value="84.000000"/>
  <attribute name="GC Util currently" value="84" />
  <attribute name="CPU Util currently" value="17881613373980" />
<exclusive-end id="4644" timestamp="2019-07-07T05:34:52.337" durationms="3.430" />

<exclusive-start id="4645" timestamp="2019-07-07T05:34:52.389" intervalms="55.345">
  <response-info timems="0.089" idlems="0.089" threads="0" lastid="00000000020B9700" lastname="main" />
</exclusive-start>
<allocation-taxation id="4646" taxation-threshold="31457280" timestamp="2019-07-07T05:34:52.389" intervalms="55.321" />
<cycle-start id="4647" type="partial gc" contextid="0" timestamp="2019-07-07T05:34:52.389" intervalms="55.342" />
<gc-start id="4648" type="partial gc" contextid="4647" timestamp="2019-07-07T05:34:52.389">
  <mem-info id="4649" free="27262976" total="99614720" percent="27">
    <mem type="eden" free="0" total="31457280" percent="0" />
    <remembered-set count="768" freebytes="3973248" totalbytes="3976320" percent="99" regionsoverflowed="0" regionsstable="18" regionsrebuilding="0"/>
  </mem-info>
</gc-start>
<allocation-stats totalBytes="31452096" >
  <allocated-bytes non-tlh="0" tlh="31452096" arrayletleaf="0"/>
  <largest-consumer threadName="main" threadId="00000000020B9700" bytes="31452096" />
</allocation-stats>
<gc-op id="4650" type="copy forward" timems="0.995" contextid="4647" timestamp="2019-07-07T05:34:52.391">
  <memory-copied type="eden" objects="25" bytes="904" bytesdiscarded="0" />
  <memory-copied type="other" objects="7" bytes="160" bytesdiscarded="0" />
  <memory-cardclean objects="90" bytes="2888" />
  <regions eden="30" other="1" />
  <remembered-set-cleared processed="58" cleared="3" durationms="0.143" />
  <stringconstants candidates="13269" cleared="0"  />
</gc-op>
<gc-op id="4651" type="classunload" timems="0.003" contextid="4647" timestamp="2019-07-07T05:34:52.392">
  <classunload-info classloadercandidates="53" classloadersunloaded="0" classesunloaded="0" anonymousclassesunloaded="0" quiescems="0.000" setupms="0.003" scanms="0.000" postms="0.000" />
</gc-op>
<gc-end id="4652" type="partial gc" contextid="4647" durationms="2.379" usertimems="4.000" systemtimems="0.000" timestamp="2019-07-07T05:34:52.392" activeThreads="1">
  <mem-info id="4653" free="57671680" total="99614720" percent="57">
    <mem type="eden" free="1047672" total="1048576" percent="99" />
    <remembered-set count="1248" freebytes="3971328" totalbytes="3976320" percent="99" regionsoverflowed="0" regionsstable="18" regionsrebuilding="0"/>
  </mem-info>
</gc-end>
<cycle-end id="4654" type="partial gc" contextid="4647" timestamp="2019-07-07T05:34:52.392" />
  <attribute name="elasticGC enabled" value="1" />
  <attribute name= "numThreadsSpecified" value="1" />
  <attribute name="heapSize specified" value="0" />
  <attribute name="Current GC Util" value="83" />
  <attribute name= "Current Time Running" value="21917" />
  <attribute name ="GC Interval" value="0" />
  <attribute name="ProportionalT" value="31.500000" />
  <attribute name="ProportionalI" value="31.500000" />
  <attribute name="ProportionalH" value="31.500000" />
  <attribute name="Current Error" value="63.000000" />
  <attribute name="IntegralT" value="0.000000" />
  <attribute name="IntegralI" value="0.000000" />
  <attribute name="IntegralH" value="0.000000" />
  <attribute name="DerivativeT" value="inf" />
  <attribute name="DerivativeI" value="inf" />
  <attribute name="DerivativeH" value="inf" />
  <attribute name="Loop Time for DT" value="0.000000" />
  <attribute name="Output H" value="8388608"/>
  <attribute name="Output I" value="200"/>
  <attribute name="Output T" value="1"/>
  <attribute name="Target GC Util Change" value ="20.000000" />
  <attribute name="Current GC Util Change" value="83.000000"/>
  <attribute name="GC Util currently" value="83" />
  <attribute name="CPU Util currently" value="16333918816135" />
<exclusive-end id="4655" timestamp="2019-07-07T05:34:52.392" durationms="3.683" />

<exclusive-start id="4656" timestamp="2019-07-07T05:34:52.439" intervalms="50.746">
  <response-info timems="0.086" idlems="0.086" threads="0" lastid="00000000020B9700" lastname="main" />
</exclusive-start>
<allocation-taxation id="4657" taxation-threshold="31457280" timestamp="2019-07-07T05:34:52.440" intervalms="50.757" />
<cycle-start id="4658" type="partial gc" contextid="0" timestamp="2019-07-07T05:34:52.440" intervalms="50.718" />
<gc-start id="4659" type="partial gc" contextid="4658" timestamp="2019-07-07T05:34:52.440">
  <mem-info id="4660" free="26214400" total="99614720" percent="26">
    <mem type="eden" free="0" total="31457280" percent="0" />
    <remembered-set count="800" freebytes="3973120" totalbytes="3976320" percent="99" regionsoverflowed="0" regionsstable="18" regionsrebuilding="0"/>
  </mem-info>
</gc-start>
<allocation-stats totalBytes="31451512" >
  <allocated-bytes non-tlh="0" tlh="31451512" arrayletleaf="0"/>
  <largest-consumer threadName="main" threadId="00000000020B9700" bytes="31451512" />
</allocation-stats>
<gc-op id="4661" type="copy forward" timems="0.979" contextid="4658" timestamp="2019-07-07T05:34:52.442">
  <memory-copied type="eden" objects="3" bytes="120" bytesdiscarded="0" />
  <memory-copied type="other" objects="20" bytes="664" bytesdiscarded="0" />
  <memory-cardclean objects="59" bytes="1928" />
  <regions eden="30" other="1" />
  <remembered-set-cleared processed="61" cleared="1" durationms="0.147" />
  <stringconstants candidates="13269" cleared="0"  />
</gc-op>
<gc-op id="4662" type="classunload" timems="0.004" contextid="4658" timestamp="2019-07-07T05:34:52.442">
  <classunload-info classloadercandidates="53" classloadersunloaded="0" classesunloaded="0" anonymousclassesunloaded="0" quiescems="0.000" setupms="0.004" scanms="0.000" postms="0.000" />
</gc-op>
<gc-end id="4663" type="partial gc" contextid="4658" durationms="2.320" usertimems="4.000" systemtimems="0.000" timestamp="2019-07-07T05:34:52.443" activeThreads="1">
  <mem-info id="4664" free="56623104" total="99614720" percent="56">
    <mem type="eden" free="1048456" total="1048576" percent="99" />
    <remembered-set count="1280" freebytes="3971200" totalbytes="3976320" percent="99" regionsoverflowed="0" regionsstable="18" regionsrebuilding="0"/>
  </mem-info>
</gc-end>
<cycle-end id="4665" type="partial gc" contextid="4658" timestamp="2019-07-07T05:34:52.443" />
  <attribute name="elasticGC enabled" value="1" />
  <attribute name= "numThreadsSpecified" value="1" />
  <attribute name="heapSize specified" value="0" />
  <attribute name="Current GC Util" value="83" />
  <attribute name= "Current Time Running" value="21968" />
  <attribute name ="GC Interval" value="0" />
  <attribute name="ProportionalT" value="31.500000" />
  <attribute name="ProportionalI" value="31.500000" />
  <attribute name="ProportionalH" value="31.500000" />
  <attribute name="Current Error" value="63.000000" />
  <attribute name="IntegralT" value="0.000000" />
  <attribute name="IntegralI" value="0.000000" />
  <attribute name="IntegralH" value="0.000000" />
  <attribute name="DerivativeT" value="inf" />
  <attribute name="DerivativeI" value="inf" />
  <attribute name="DerivativeH" value="inf" />
  <attribute name="Loop Time for DT" value="0.000000" />
  <attribute name="Output H" value="8388608"/>
  <attribute name="Output I" value="200"/>
  <attribute name="Output T" value="1"/>
  <attribute name="Target GC Util Change" value ="20.000000" />
  <attribute name="Current GC Util Change" value="83.000000"/>
  <attribute name="GC Util currently" value="83" />
  <attribute name="CPU Util currently" value="15626953826377" />
<exclusive-end id="4666" timestamp="2019-07-07T05:34:52.443" durationms="3.980" />

<exclusive-start id="4667" timestamp="2019-07-07T05:34:52.490" intervalms="50.325">
  <response-info timems="0.073" idlems="0.073" threads="0" lastid="00000000020B9700" lastname="main" />
</exclusive-start>
<allocation-taxation id="4668" taxation-threshold="31457280" timestamp="2019-07-07T05:34:52.490" intervalms="50.332" />
<cycle-start id="4669" type="partial gc" contextid="0" timestamp="2019-07-07T05:34:52.490" intervalms="50.414" />
<gc-start id="4670" type="partial gc" contextid="4669" timestamp="2019-07-07T05:34:52.491">
  <mem-info id="4671" free="25165824" total="99614720" percent="25">
    <mem type="eden" free="1048456" total="32505856" percent="3" />
    <remembered-set count="832" freebytes="3972992" totalbytes="3976320" percent="99" regionsoverflowed="0" regionsstable="18" regionsrebuilding="0"/>
  </mem-info>
</gc-start>
<allocation-stats totalBytes="31451272" >
  <allocated-bytes non-tlh="0" tlh="31451272" arrayletleaf="0"/>
  <largest-consumer threadName="main" threadId="00000000020B9700" bytes="31451272" />
</allocation-stats>
<gc-op id="4672" type="copy forward" timems="1.703" contextid="4669" timestamp="2019-07-07T05:34:52.493">
  <memory-copied type="eden" objects="5" bytes="240" bytesdiscarded="0" />
  <memory-copied type="other" objects="0" bytes="0" bytesdiscarded="0" />
  <memory-cardclean objects="25" bytes="1080" />
  <regions eden="30" other="1" />
  <remembered-set-cleared processed="65" cleared="1" durationms="0.135" />
  <stringconstants candidates="13269" cleared="0"  />
</gc-op>
<gc-op id="4673" type="classunload" timems="0.004" contextid="4669" timestamp="2019-07-07T05:34:52.493">
  <classunload-info classloadercandidates="53" classloadersunloaded="0" classesunloaded="0" anonymousclassesunloaded="0" quiescems="0.000" setupms="0.004" scanms="0.000" postms="0.000" />
</gc-op>
<gc-end id="4674" type="partial gc" contextid="4669" durationms="2.910" usertimems="4.000" systemtimems="0.000" timestamp="2019-07-07T05:34:52.494" activeThreads="4">
  <mem-info id="4675" free="56623104" total="99614720" percent="56">
    <mem type="eden" free="1048336" total="1048576" percent="99" />
    <remembered-set count="2336" freebytes="3966976" totalbytes="3976320" percent="99" regionsoverflowed="0" regionsstable="18" regionsrebuilding="0"/>
  </mem-info>
</gc-end>
<cycle-end id="4676" type="partial gc" contextid="4669" timestamp="2019-07-07T05:34:52.494" />
  <attribute name="elasticGC enabled" value="1" />
  <attribute name= "numThreadsSpecified" value="4" />
  <attribute name="heapSize specified" value="0" />
  <attribute name="Current GC Util" value="75" />
  <attribute name= "Current Time Running" value="22019" />
  <attribute name ="GC Interval" value="0" />
  <attribute name="ProportionalT" value="27.500000" />
  <attribute name="ProportionalI" value="27.500000" />
  <attribute name="ProportionalH" value="27.500000" />
  <attribute name="Current Error" value="55.000000" />
  <attribute name="IntegralT" value="27.500000" />
  <attribute name="IntegralI" value="27.500000" />
  <attribute name="IntegralH" value="27.500000" />
  <attribute name="DerivativeT" value="55.000000" />
  <attribute name="DerivativeI" value="55.000000" />
  <attribute name="DerivativeH" value="55.000000" />
  <attribute name="Loop Time for DT" value="1.000000" />
  <attribute name="Output H" value="8388608"/>
  <attribute name="Output I" value="200"/>
  <attribute name="Output T" value="4"/>
  <attribute name="Target GC Util Change" value ="20.000000" />
  <attribute name="Current GC Util Change" value="75.000000"/>
  <attribute name="GC Util currently" value="75" />
  <attribute name="CPU Util currently" value="16517085784366" />
<exclusive-end id="4677" timestamp="2019-07-07T05:34:52.494" durationms="4.250" />

<exclusive-start id="4678" timestamp="2019-07-07T05:34:52.540" intervalms="50.279">
  <response-info timems="0.073" idlems="0.073" threads="0" lastid="00000000020B9700" lastname="main" />
</exclusive-start>
<allocation-taxation id="4679" taxation-threshold="31457280" timestamp="2019-07-07T05:34:52.540" intervalms="50.294" />
<cycle-start id="4680" type="partial gc" contextid="0" timestamp="2019-07-07T05:34:52.540" intervalms="50.215" />
<gc-start id="4681" type="partial gc" contextid="4680" timestamp="2019-07-07T05:34:52.541">
  <mem-info id="4682" free="25165824" total="99614720" percent="25">
    <mem type="eden" free="1048336" total="32505856" percent="3" />
    <remembered-set count="1856" freebytes="3968896" totalbytes="3976320" percent="99" regionsoverflowed="0" regionsstable="18" regionsrebuilding="0"/>
  </mem-info>
</gc-start>
<allocation-stats totalBytes="31451016" >
  <allocated-bytes non-tlh="0" tlh="31451016" arrayletleaf="0"/>
  <largest-consumer threadName="main" threadId="00000000020B9700" bytes="31451016" />
</allocation-stats>
<gc-op id="4683" type="copy forward" timems="1.381" contextid="4680" timestamp="2019-07-07T05:34:52.543">
  <memory-copied type="eden" objects="3" bytes="120" bytesdiscarded="0" />
  <memory-copied type="other" objects="0" bytes="0" bytesdiscarded="0" />
  <memory-cardclean objects="25" bytes="1080" />
  <regions eden="30" other="1" />
  <remembered-set-cleared processed="65" cleared="1" durationms="0.096" />
  <stringconstants candidates="13269" cleared="0"  />
</gc-op>
<gc-op id="4684" type="classunload" timems="0.004" contextid="4680" timestamp="2019-07-07T05:34:52.543">
  <classunload-info classloadercandidates="53" classloadersunloaded="0" classesunloaded="0" anonymousclassesunloaded="0" quiescems="0.000" setupms="0.004" scanms="0.000" postms="0.000" />
</gc-op>
<gc-end id="4685" type="partial gc" contextid="4680" durationms="2.506" usertimems="0.000" systemtimems="4.000" timestamp="2019-07-07T05:34:52.543" activeThreads="4">
  <mem-info id="4686" free="56623104" total="99614720" percent="56">
    <mem type="eden" free="1048456" total="1048576" percent="99" />
    <remembered-set count="1824" freebytes="3969024" totalbytes="3976320" percent="99" regionsoverflowed="0" regionsstable="18" regionsrebuilding="0"/>
  </mem-info>
</gc-end>
<cycle-end id="4687" type="partial gc" contextid="4680" timestamp="2019-07-07T05:34:52.543" />
  <attribute name="elasticGC enabled" value="1" />
  <attribute name= "numThreadsSpecified" value="4" />
  <attribute name="heapSize specified" value="0" />
  <attribute name="Current GC Util" value="59" />
  <attribute name= "Current Time Running" value="22069" />
  <attribute name ="GC Interval" value="0" />
  <attribute name="ProportionalT" value="19.500000" />
  <attribute name="ProportionalI" value="19.500000" />
  <attribute name="ProportionalH" value="19.500000" />
  <attribute name="Current Error" value="39.000000" />
  <attribute name="IntegralT" value="19.500000" />
  <attribute name="IntegralI" value="19.500000" />
  <attribute name="IntegralH" value="19.500000" />
  <attribute name="DerivativeT" value="39.000000" />
  <attribute name="DerivativeI" value="39.000000" />
  <attribute name="DerivativeH" value="39.000000" />
  <attribute name="Loop Time for DT" value="1.000000" />
  <attribute name="Output H" value="8388608"/>
  <attribute name="Output I" value="200"/>
  <attribute name="Output T" value="4"/>
  <attribute name="Target GC Util Change" value ="20.000000" />
  <attribute name="Current GC Util Change" value="59.000000"/>
  <attribute name="GC Util currently" value="59" />
  <attribute name="CPU Util currently" value="18277349407678" />
<exclusive-end id="4688" timestamp="2019-07-07T05:34:52.544" durationms="3.690" />

<exclusive-start id="4689" timestamp="2019-07-07T05:34:52.590" intervalms="49.784">
  <response-info timems="0.094" idlems="0.094" threads="0" lastid="00000000020B9700" lastname="main" />
</exclusive-start>
<allocation-taxation id="4690" taxation-threshold="31457280" timestamp="2019-07-07T05:34:52.590" intervalms="49.805" />
<cycle-start id="4691" type="partial gc" contextid="0" timestamp="2019-07-07T05:34:52.590" intervalms="49.829" />
<gc-start id="4692" type="partial gc" contextid="4691" timestamp="2019-07-07T05:34:52.591">
  <mem-info id="4693" free="25165824" total="99614720" percent="25">
    <mem type="eden" free="1048456" total="32505856" percent="3" />
    <remembered-set count="1824" freebytes="3969024" totalbytes="3976320" percent="99" regionsoverflowed="0" regionsstable="18" regionsrebuilding="0"/>
  </mem-info>
</gc-start>
<allocation-stats totalBytes="31451664" >
  <allocated-bytes non-tlh="0" tlh="31451664" arrayletleaf="0"/>
  <largest-consumer threadName="main" threadId="00000000020B9700" bytes="31451664" />
</allocation-stats>
<gc-op id="4694" type="copy forward" timems="1.550" contextid="4691" timestamp="2019-07-07T05:34:52.593">
  <memory-copied type="eden" objects="5" bytes="240" bytesdiscarded="0" />
  <memory-copied type="other" objects="0" bytes="0" bytesdiscarded="0" />
  <memory-cardclean objects="25" bytes="1080" />
  <regions eden="30" other="1" />
  <remembered-set-cleared processed="65" cleared="1" durationms="0.106" />
  <stringconstants candidates="13269" cleared="0"  />
</gc-op>
<gc-op id="4695" type="classunload" timems="0.004" contextid="4691" timestamp="2019-07-07T05:34:52.593">
  <classunload-info classloadercandidates="53" classloadersunloaded="0" classesunloaded="0" anonymousclassesunloaded="0" quiescems="0.000" setupms="0.003" scanms="0.000" postms="0.000" />
</gc-op>
<gc-end id="4696" type="partial gc" contextid="4691" durationms="2.767" usertimems="4.000" systemtimems="0.000" timestamp="2019-07-07T05:34:52.593" activeThreads="4">
  <mem-info id="4697" free="56623104" total="99614720" percent="56">
    <mem type="eden" free="1048336" total="1048576" percent="99" />
    <remembered-set count="2336" freebytes="3966976" totalbytes="3976320" percent="99" regionsoverflowed="0" regionsstable="18" regionsrebuilding="0"/>
  </mem-info>
</gc-end>
<cycle-end id="4698" type="partial gc" contextid="4691" timestamp="2019-07-07T05:34:52.594" />
  <attribute name="elasticGC enabled" value="1" />
  <attribute name= "numThreadsSpecified" value="4" />
  <attribute name="heapSize specified" value="0" />
  <attribute name="Current GC Util" value="65" />
  <attribute name= "Current Time Running" value="22119" />
  <attribute name ="GC Interval" value="0" />
  <attribute name="ProportionalT" value="22.500000" />
  <attribute name="ProportionalI" value="22.500000" />
  <attribute name="ProportionalH" value="22.500000" />
  <attribute name="Current Error" value="45.000000" />
  <attribute name="IntegralT" value="22.500000" />
  <attribute name="IntegralI" value="22.500000" />
  <attribute name="IntegralH" value="22.500000" />
  <attribute name="DerivativeT" value="45.000000" />
  <attribute name="DerivativeI" value="45.000000" />
  <attribute name="DerivativeH" value="45.000000" />
  <attribute name="Loop Time for DT" value="1.000000" />
  <attribute name="Output H" value="8388608"/>
  <attribute name="Output I" value="200"/>
  <attribute name="Output T" value="4"/>
  <attribute name="Target GC Util Change" value ="20.000000" />
  <attribute name="Current GC Util Change" value="65.000000"/>
  <attribute name="GC Util currently" value="65" />
  <attribute name="CPU Util currently" value="16610547516912" />
<exclusive-end id="4699" timestamp="2019-07-07T05:34:52.594" durationms="4.060" />

<exclusive-start id="4700" timestamp="2019-07-07T05:34:52.640" intervalms="50.174">
  <response-info timems="0.094" idlems="0.094" threads="0" lastid="00000000020B9700" lastname="main" />
</exclusive-start>
<allocation-taxation id="4701" taxation-threshold="31457280" timestamp="2019-07-07T05:34:52.640" intervalms="50.134" />
<cycle-start id="4702" type="partial gc" contextid="0" timestamp="2019-07-07T05:34:52.640" intervalms="50.143" />
<gc-start id="4703" type="partial gc" contextid="4702" timestamp="2019-07-07T05:34:52.641">
  <mem-info id="4704" free="25165824" total="99614720" percent="25">
    <mem type="eden" free="1048336" total="32505856" percent="3" />
    <remembered-set count="2336" freebytes="3966976" totalbytes="3976320" percent="99" regionsoverflowed="0" regionsstable="18" regionsrebuilding="0"/>
  </mem-info>
</gc-start>
<allocation-stats totalBytes="31451648" >
  <allocated-bytes non-tlh="0" tlh="31451648" arrayletleaf="0"/>
  <largest-consumer threadName="main" threadId="00000000020B9700" bytes="31451648" />
</allocation-stats>
<gc-op id="4705" type="copy forward" timems="1.359" contextid="4702" timestamp="2019-07-07T05:34:52.643">
  <memory-copied type="eden" objects="4" bytes="200" bytesdiscarded="0" />
  <memory-copied type="other" objects="0" bytes="0" bytesdiscarded="0" />
  <memory-cardclean objects="25" bytes="1080" />
  <regions eden="30" other="1" />
  <remembered-set-cleared processed="65" cleared="1" durationms="0.094" />
  <stringconstants candidates="13269" cleared="0"  />
</gc-op>
<gc-op id="4706" type="classunload" timems="0.004" contextid="4702" timestamp="2019-07-07T05:34:52.643">
  <classunload-info classloadercandidates="53" classloadersunloaded="0" classesunloaded="0" anonymousclassesunloaded="0" quiescems="0.000" setupms="0.004" scanms="0.000" postms="0.000" />
</gc-op>
<gc-end id="4707" type="partial gc" contextid="4702" durationms="2.517" usertimems="4.000" systemtimems="0.000" timestamp="2019-07-07T05:34:52.643" activeThreads="4">
  <mem-info id="4708" free="56623104" total="99614720" percent="56">
    <mem type="eden" free="1048376" total="1048576" percent="99" />
    <remembered-set count="1824" freebytes="3969024" totalbytes="3976320" percent="99" regionsoverflowed="0" regionsstable="18" regionsrebuilding="0"/>
  </mem-info>
</gc-end>
<cycle-end id="4709" type="partial gc" contextid="4702" timestamp="2019-07-07T05:34:52.643" />
  <attribute name="elasticGC enabled" value="1" />
  <attribute name= "numThreadsSpecified" value="4" />
  <attribute name="heapSize specified" value="0" />
  <attribute name="Current GC Util" value="61" />
  <attribute name= "Current Time Running" value="22169" />
  <attribute name ="GC Interval" value="0" />
  <attribute name="ProportionalT" value="20.500000" />
  <attribute name="ProportionalI" value="20.500000" />
  <attribute name="ProportionalH" value="20.500000" />
  <attribute name="Current Error" value="41.000000" />
  <attribute name="IntegralT" value="20.500000" />
  <attribute name="IntegralI" value="20.500000" />
  <attribute name="IntegralH" value="20.500000" />
  <attribute name="DerivativeT" value="41.000000" />
  <attribute name="DerivativeI" value="41.000000" />
  <attribute name="DerivativeH" value="41.000000" />
  <attribute name="Loop Time for DT" value="1.000000" />
  <attribute name="Output H" value="8388608"/>
  <attribute name="Output I" value="200"/>
  <attribute name="Output T" value="4"/>
  <attribute name="Target GC Util Change" value ="20.000000" />
  <attribute name="Current GC Util Change" value="61.000000"/>
  <attribute name="GC Util currently" value="61" />
  <attribute name="CPU Util currently" value="17447161126005" />
<exclusive-end id="4710" timestamp="2019-07-07T05:34:52.644" durationms="3.719" />

<exclusive-start id="4711" timestamp="2019-07-07T05:34:52.674" intervalms="34.114">
  <response-info timems="0.083" idlems="0.083" threads="0" lastid="00000000020B9700" lastname="main" />
</exclusive-start>
<allocation-taxation id="4712" taxation-threshold="31457280" timestamp="2019-07-07T05:34:52.674" intervalms="34.117" />
<cycle-start id="4713" type="partial gc" contextid="0" timestamp="2019-07-07T05:34:52.675" intervalms="34.117" />
<gc-start id="4714" type="partial gc" contextid="4713" timestamp="2019-07-07T05:34:52.675">
  <mem-info id="4715" free="25165824" total="99614720" percent="25">
    <mem type="eden" free="1048376" total="32505856" percent="3" />
    <remembered-set count="1824" freebytes="3969024" totalbytes="3976320" percent="99" regionsoverflowed="0" regionsstable="18" regionsrebuilding="0"/>
  </mem-info>
</gc-start>
<allocation-stats totalBytes="31432272" >
  <allocated-bytes non-tlh="0" tlh="31432272" arrayletleaf="0"/>
  <largest-consumer threadName="main" threadId="00000000020B9700" bytes="31432272" />
</allocation-stats>
<gc-op id="4716" type="copy forward" timems="0.910" contextid="4713" timestamp="2019-07-07T05:34:52.677">
  <memory-copied type="eden" objects="24" bytes="1272" bytesdiscarded="0" />
  <memory-copied type="other" objects="0" bytes="0" bytesdiscarded="0" />
  <memory-cardclean objects="79" bytes="2552" />
  <regions eden="30" other="1" />
  <remembered-set-cleared processed="65" cleared="5" durationms="0.137" />
  <stringconstants candidates="13269" cleared="0"  />
</gc-op>
<gc-op id="4717" type="classunload" timems="0.004" contextid="4713" timestamp="2019-07-07T05:34:52.677">
  <classunload-info classloadercandidates="53" classloadersunloaded="0" classesunloaded="0" anonymousclassesunloaded="0" quiescems="0.000" setupms="0.004" scanms="0.000" postms="0.000" />
</gc-op>
<gc-end id="4718" type="partial gc" contextid="4713" durationms="2.181" usertimems="0.000" systemtimems="0.000" timestamp="2019-07-07T05:34:52.677" activeThreads="1">
  <mem-info id="4719" free="56623104" total="99614720" percent="56">
    <mem type="eden" free="1047304" total="1048576" percent="99" />
    <remembered-set count="2208" freebytes="3967488" totalbytes="3976320" percent="99" regionsoverflowed="0" regionsstable="18" regionsrebuilding="0"/>
  </mem-info>
</gc-end>
<cycle-end id="4720" type="partial gc" contextid="4713" timestamp="2019-07-07T05:34:52.677" />
  <attribute name="elasticGC enabled" value="1" />
  <attribute name= "numThreadsSpecified" value="1" />
  <attribute name="heapSize specified" value="0" />
  <attribute name="Current GC Util" value="66" />
  <attribute name= "Current Time Running" value="22203" />
  <attribute name ="GC Interval" value="0" />
  <attribute name="ProportionalT" value="23.000000" />
  <attribute name="ProportionalI" value="23.000000" />
  <attribute name="ProportionalH" value="23.000000" />
  <attribute name="Current Error" value="46.000000" />
  <attribute name="IntegralT" value="0.000000" />
  <attribute name="IntegralI" value="0.000000" />
  <attribute name="IntegralH" value="0.000000" />
  <attribute name="DerivativeT" value="inf" />
  <attribute name="DerivativeI" value="inf" />
  <attribute name="DerivativeH" value="inf" />
  <attribute name="Loop Time for DT" value="0.000000" />
  <attribute name="Output H" value="8388608"/>
  <attribute name="Output I" value="200"/>
  <attribute name="Output T" value="1"/>
  <attribute name="Target GC Util Change" value ="20.000000" />
  <attribute name="Current GC Util Change" value="66.000000"/>
  <attribute name="GC Util currently" value="66" />
  <attribute name="CPU Util currently" value="17903272151444" />
<exclusive-end id="4721" timestamp="2019-07-07T05:34:52.678" durationms="3.448" />

<exclusive-start id="4722" timestamp="2019-07-07T05:34:52.687" intervalms="13.363">
  <response-info timems="0.082" idlems="0.082" threads="0" lastid="00000000020B9700" lastname="main" />
</exclusive-start>
<allocation-taxation id="4723" taxation-threshold="31457280" timestamp="2019-07-07T05:34:52.688" intervalms="13.325" />
<cycle-start id="4724" type="partial gc" contextid="0" timestamp="2019-07-07T05:34:52.688" intervalms="13.380" />
<gc-start id="4725" type="partial gc" contextid="4724" timestamp="2019-07-07T05:34:52.688">
  <mem-info id="4726" free="25165824" total="99614720" percent="25">
    <mem type="eden" free="0" total="31457280" percent="0" />
    <remembered-set count="1760" freebytes="3969280" totalbytes="3976320" percent="99" regionsoverflowed="0" regionsstable="18" regionsrebuilding="0"/>
  </mem-info>
</gc-start>
<allocation-stats totalBytes="31413176" >
  <allocated-bytes non-tlh="0" tlh="31413176" arrayletleaf="0"/>
  <largest-consumer threadName="main" threadId="00000000020B9700" bytes="31413176" />
</allocation-stats>
<gc-op id="4727" type="copy forward" timems="0.948" contextid="4724" timestamp="2019-07-07T05:34:52.690">
  <memory-copied type="eden" objects="2" bytes="40" bytesdiscarded="0" />
  <memory-copied type="other" objects="22" bytes="1232" bytesdiscarded="0" />
  <memory-cardclean objects="65" bytes="2312" />
  <regions eden="30" other="1" />
  <remembered-set-cleared processed="63" cleared="3" durationms="0.146" />
  <stringconstants candidates="13269" cleared="0"  />
</gc-op>
<gc-op id="4728" type="classunload" timems="0.003" contextid="4724" timestamp="2019-07-07T05:34:52.690">
  <classunload-info classloadercandidates="53" classloadersunloaded="0" classesunloaded="0" anonymousclassesunloaded="0" quiescems="0.000" setupms="0.003" scanms="0.000" postms="0.000" />
</gc-op>
<gc-end id="4729" type="partial gc" contextid="4724" durationms="2.311" usertimems="4.000" systemtimems="0.000" timestamp="2019-07-07T05:34:52.691" activeThreads="1">
  <mem-info id="4730" free="55574528" total="99614720" percent="55">
    <mem type="eden" free="1048536" total="1048576" percent="99" />
    <remembered-set count="2208" freebytes="3967488" totalbytes="3976320" percent="99" regionsoverflowed="0" regionsstable="18" regionsrebuilding="0"/>
  </mem-info>
</gc-end>
<cycle-end id="4731" type="partial gc" contextid="4724" timestamp="2019-07-07T05:34:52.691" />
  <attribute name="elasticGC enabled" value="1" />
  <attribute name= "numThreadsSpecified" value="1" />
  <attribute name="heapSize specified" value="0" />
  <attribute name="Current GC Util" value="88" />
  <attribute name= "Current Time Running" value="22216" />
  <attribute name ="GC Interval" value="0" />
  <attribute name="ProportionalT" value="34.000000" />
  <attribute name="ProportionalI" value="34.000000" />
  <attribute name="ProportionalH" value="34.000000" />
  <attribute name="Current Error" value="68.000000" />
  <attribute name="IntegralT" value="0.000000" />
  <attribute name="IntegralI" value="0.000000" />
  <attribute name="IntegralH" value="0.000000" />
  <attribute name="DerivativeT" value="inf" />
  <attribute name="DerivativeI" value="inf" />
  <attribute name="DerivativeH" value="inf" />
  <attribute name="Loop Time for DT" value="0.000000" />
  <attribute name="Output H" value="8388608"/>
  <attribute name="Output I" value="200"/>
  <attribute name="Output T" value="1"/>
  <attribute name="Target GC Util Change" value ="20.000000" />
  <attribute name="Current GC Util Change" value="88.000000"/>
  <attribute name="GC Util currently" value="88" />
  <attribute name="CPU Util currently" value="16322645390689" />
<exclusive-end id="4732" timestamp="2019-07-07T05:34:52.691" durationms="3.572" />

<exclusive-start id="4733" timestamp="2019-07-07T05:34:52.701" intervalms="13.527">
  <response-info timems="0.081" idlems="0.081" threads="0" lastid="00000000020B9700" lastname="main" />
</exclusive-start>
<allocation-taxation id="4734" taxation-threshold="31457280" timestamp="2019-07-07T05:34:52.701" intervalms="13.572" />
<cycle-start id="4735" type="partial gc" contextid="0" timestamp="2019-07-07T05:34:52.702" intervalms="13.571" />
<gc-start id="4736" type="partial gc" contextid="4735" timestamp="2019-07-07T05:34:52.702">
  <mem-info id="4737" free="24117248" total="99614720" percent="24">
    <mem type="eden" free="1048536" total="32505856" percent="3" />
    <remembered-set count="1792" freebytes="3969152" totalbytes="3976320" percent="99" regionsoverflowed="0" regionsstable="18" regionsrebuilding="0"/>
  </mem-info>
</gc-start>
<allocation-stats totalBytes="31413888" >
  <allocated-bytes non-tlh="0" tlh="31413888" arrayletleaf="0"/>
  <largest-consumer threadName="main" threadId="00000000020B9700" bytes="31413888" />
</allocation-stats>
<gc-op id="4738" type="copy forward" timems="1.363" contextid="4735" timestamp="2019-07-07T05:34:52.704">
  <memory-copied type="eden" objects="2" bytes="40" bytesdiscarded="0" />
  <memory-copied type="other" objects="0" bytes="0" bytesdiscarded="0" />
  <memory-cardclean objects="9" bytes="208" />
  <regions eden="30" other="1" />
  <remembered-set-cleared processed="68" cleared="0" durationms="0.109" />
  <stringconstants candidates="13269" cleared="0"  />
</gc-op>
<gc-op id="4739" type="classunload" timems="0.004" contextid="4735" timestamp="2019-07-07T05:34:52.704">
  <classunload-info classloadercandidates="53" classloadersunloaded="0" classesunloaded="0" anonymousclassesunloaded="0" quiescems="0.000" setupms="0.004" scanms="0.000" postms="0.000" />
</gc-op>
<heap-resize id="4740" type="expand" space="default" amount="10485760" count="1" timems="0.090" reason="excessive time being spent in gc" timestamp="2019-07-07T05:34:52.704" />
<gc-end id="4741" type="partial gc" contextid="4735" durationms="2.749" usertimems="4.000" systemtimems="0.000" timestamp="2019-07-07T05:34:52.705" activeThreads="4">
  <mem-info id="4742" free="66060288" total="110100480" percent="60">
    <mem type="eden" free="1048536" total="1048576" percent="99" />
    <remembered-set count="1344" freebytes="4389504" totalbytes="4394880" percent="99" regionsoverflowed="0" regionsstable="18" regionsrebuilding="0"/>
  </mem-info>
</gc-end>
<cycle-end id="4743" type="partial gc" contextid="4735" timestamp="2019-07-07T05:34:52.705" />
  <attribute name="elasticGC enabled" value="1" />
  <attribute name= "numThreadsSpecified" value="4" />
  <attribute name="heapSize specified" value="0" />
  <attribute name="Current GC Util" value="86" />
  <attribute name= "Current Time Running" value="22230" />
  <attribute name ="GC Interval" value="0" />
  <attribute name="ProportionalT" value="33.000000" />
  <attribute name="ProportionalI" value="33.000000" />
  <attribute name="ProportionalH" value="33.000000" />
  <attribute name="Current Error" value="66.000000" />
  <attribute name="IntegralT" value="33.000000" />
  <attribute name="IntegralI" value="33.000000" />
  <attribute name="IntegralH" value="33.000000" />
  <attribute name="DerivativeT" value="66.000000" />
  <attribute name="DerivativeI" value="66.000000" />
  <attribute name="DerivativeH" value="66.000000" />
  <attribute name="Loop Time for DT" value="1.000000" />
  <attribute name="Output H" value="8388608"/>
  <attribute name="Output I" value="200"/>
  <attribute name="Output T" value="4"/>
  <attribute name="Target GC Util Change" value ="20.000000" />
  <attribute name="Current GC Util Change" value="86.000000"/>
  <attribute name="GC Util currently" value="86" />
  <attribute name="CPU Util currently" value="16437490759928" />
<exclusive-end id="4744" timestamp="2019-07-07T05:34:52.705" durationms="4.037" />

<exclusive-start id="4745" timestamp="2019-07-07T05:34:52.716" intervalms="15.185">
  <response-info timems="0.080" idlems="0.080" threads="0" lastid="00000000020B9700" lastname="main" />
</exclusive-start>
<allocation-taxation id="4746" taxation-threshold="33554432" timestamp="2019-07-07T05:34:52.716" intervalms="15.180" />
<cycle-start id="4747" type="partial gc" contextid="0" timestamp="2019-07-07T05:34:52.717" intervalms="15.118" />
<gc-start id="4748" type="partial gc" contextid="4747" timestamp="2019-07-07T05:34:52.717">
  <mem-info id="4749" free="32505856" total="110100480" percent="29">
    <mem type="eden" free="1048536" total="34603008" percent="3" />
    <remembered-set count="864" freebytes="4391424" totalbytes="4394880" percent="99" regionsoverflowed="0" regionsstable="18" regionsrebuilding="0"/>
  </mem-info>
</gc-start>
<allocation-stats totalBytes="33508152" >
  <allocated-bytes non-tlh="0" tlh="33508152" arrayletleaf="0"/>
  <largest-consumer threadName="main" threadId="00000000020B9700" bytes="33508152" />
</allocation-stats>
<gc-op id="4750" type="copy forward" timems="0.985" contextid="4747" timestamp="2019-07-07T05:34:52.719">
  <memory-copied type="eden" objects="2" bytes="40" bytesdiscarded="0" />
  <memory-copied type="other" objects="0" bytes="0" bytesdiscarded="0" />
  <memory-cardclean objects="9" bytes="208" />
  <regions eden="32" other="1" />
  <remembered-set-cleared processed="68" cleared="0" durationms="0.147" />
  <stringconstants candidates="13269" cleared="0"  />
</gc-op>
<gc-op id="4751" type="classunload" timems="0.004" contextid="4747" timestamp="2019-07-07T05:34:52.719">
  <classunload-info classloadercandidates="53" classloadersunloaded="0" classesunloaded="0" anonymousclassesunloaded="0" quiescems="0.000" setupms="0.004" scanms="0.000" postms="0.000" />
</gc-op>
<gc-end id="4752" type="partial gc" contextid="4747" durationms="2.204" usertimems="0.000" systemtimems="0.000" timestamp="2019-07-07T05:34:52.719" activeThreads="1">
  <mem-info id="4753" free="66060288" total="110100480" percent="60">
    <mem type="eden" free="1048536" total="1048576" percent="99" />
    <remembered-set count="1344" freebytes="4389504" totalbytes="4394880" percent="99" regionsoverflowed="0" regionsstable="18" regionsrebuilding="0"/>
  </mem-info>
</gc-end>
<cycle-end id="4754" type="partial gc" contextid="4747" timestamp="2019-07-07T05:34:52.719" />
  <attribute name="elasticGC enabled" value="1" />
  <attribute name= "numThreadsSpecified" value="1" />
  <attribute name="heapSize specified" value="0" />
  <attribute name="Current GC Util" value="73" />
  <attribute name= "Current Time Running" value="22245" />
  <attribute name ="GC Interval" value="0" />
  <attribute name="ProportionalT" value="26.500000" />
  <attribute name="ProportionalI" value="26.500000" />
  <attribute name="ProportionalH" value="26.500000" />
  <attribute name="Current Error" value="53.000000" />
  <attribute name="IntegralT" value="0.000000" />
  <attribute name="IntegralI" value="0.000000" />
  <attribute name="IntegralH" value="0.000000" />
  <attribute name="DerivativeT" value="inf" />
  <attribute name="DerivativeI" value="inf" />
  <attribute name="DerivativeH" value="inf" />
  <attribute name="Loop Time for DT" value="0.000000" />
  <attribute name="Output H" value="8388608"/>
  <attribute name="Output I" value="200"/>
  <attribute name="Output T" value="1"/>
  <attribute name="Target GC Util Change" value ="20.000000" />
  <attribute name="Current GC Util Change" value="73.000000"/>
  <attribute name="GC Util currently" value="73" />
  <attribute name="CPU Util currently" value="16358601159297" />
<exclusive-end id="4755" timestamp="2019-07-07T05:34:52.720" durationms="3.441" />

<exclusive-start id="4756" timestamp="2019-07-07T05:34:52.730" intervalms="13.948">
  <response-info timems="0.081" idlems="0.081" threads="0" lastid="00000000020B9700" lastname="main" />
</exclusive-start>
<allocation-taxation id="4757" taxation-threshold="33554432" timestamp="2019-07-07T05:34:52.730" intervalms="13.953" />
<cycle-start id="4758" type="partial gc" contextid="0" timestamp="2019-07-07T05:34:52.731" intervalms="13.963" />
<gc-start id="4759" type="partial gc" contextid="4758" timestamp="2019-07-07T05:34:52.731">
  <mem-info id="4760" free="32505856" total="110100480" percent="29">
    <mem type="eden" free="1048536" total="34603008" percent="3" />
    <remembered-set count="864" freebytes="4391424" totalbytes="4394880" percent="99" regionsoverflowed="0" regionsstable="18" regionsrebuilding="0"/>
  </mem-info>
</gc-start>
<allocation-stats totalBytes="33508152" >
  <allocated-bytes non-tlh="0" tlh="33508152" arrayletleaf="0"/>
  <largest-consumer threadName="main" threadId="00000000020B9700" bytes="33508152" />
</allocation-stats>
<gc-op id="4761" type="copy forward" timems="0.919" contextid="4758" timestamp="2019-07-07T05:34:52.733">
  <memory-copied type="eden" objects="2" bytes="40" bytesdiscarded="0" />
  <memory-copied type="other" objects="0" bytes="0" bytesdiscarded="0" />
  <memory-cardclean objects="9" bytes="208" />
  <regions eden="32" other="1" />
  <remembered-set-cleared processed="68" cleared="0" durationms="0.133" />
  <stringconstants candidates="13269" cleared="0"  />
</gc-op>
<gc-op id="4762" type="classunload" timems="0.004" contextid="4758" timestamp="2019-07-07T05:34:52.733">
  <classunload-info classloadercandidates="53" classloadersunloaded="0" classesunloaded="0" anonymousclassesunloaded="0" quiescems="0.000" setupms="0.004" scanms="0.000" postms="0.000" />
</gc-op>
<gc-end id="4763" type="partial gc" contextid="4758" durationms="2.190" usertimems="4.000" systemtimems="0.000" timestamp="2019-07-07T05:34:52.733" activeThreads="1">
  <mem-info id="4764" free="66060288" total="110100480" percent="60">
    <mem type="eden" free="1048536" total="1048576" percent="99" />
    <remembered-set count="1344" freebytes="4389504" totalbytes="4394880" percent="99" regionsoverflowed="0" regionsstable="18" regionsrebuilding="0"/>
  </mem-info>
</gc-end>
<cycle-end id="4765" type="partial gc" contextid="4758" timestamp="2019-07-07T05:34:52.733" />
  <attribute name="elasticGC enabled" value="1" />
  <attribute name= "numThreadsSpecified" value="1" />
  <attribute name="heapSize specified" value="0" />
  <attribute name="Current GC Util" value="87" />
  <attribute name= "Current Time Running" value="22259" />
  <attribute name ="GC Interval" value="0" />
  <attribute name="ProportionalT" value="33.500000" />
  <attribute name="ProportionalI" value="33.500000" />
  <attribute name="ProportionalH" value="33.500000" />
  <attribute name="Current Error" value="67.000000" />
  <attribute name="IntegralT" value="0.000000" />
  <attribute name="IntegralI" value="0.000000" />
  <attribute name="IntegralH" value="0.000000" />
  <attribute name="DerivativeT" value="inf" />
  <attribute name="DerivativeI" value="inf" />
  <attribute name="DerivativeH" value="inf" />
  <attribute name="Loop Time for DT" value="0.000000" />
  <attribute name="Output H" value="8388608"/>
  <attribute name="Output I" value="200"/>
  <attribute name="Output T" value="1"/>
  <attribute name="Target GC Util Change" value ="20.000000" />
  <attribute name="Current GC Util Change" value="87.000000"/>
  <attribute name="GC Util currently" value="87" />
  <attribute name="CPU Util currently" value="17151273862483" />
<exclusive-end id="4766" timestamp="2019-07-07T05:34:52.734" durationms="3.536" />

<exclusive-start id="4767" timestamp="2019-07-07T05:34:52.745" intervalms="14.392">
  <response-info timems="0.064" idlems="0.064" threads="0" lastid="00000000020B9700" lastname="main" />
</exclusive-start>
<allocation-taxation id="4768" taxation-threshold="33554432" timestamp="2019-07-07T05:34:52.745" intervalms="14.377" />
<cycle-start id="4769" type="partial gc" contextid="0" timestamp="2019-07-07T05:34:52.745" intervalms="14.367" />
<gc-start id="4770" type="partial gc" contextid="4769" timestamp="2019-07-07T05:34:52.745">
  <mem-info id="4771" free="32505856" total="110100480" percent="29">
    <mem type="eden" free="1048536" total="34603008" percent="3" />
    <remembered-set count="864" freebytes="4391424" totalbytes="4394880" percent="99" regionsoverflowed="0" regionsstable="18" regionsrebuilding="0"/>
  </mem-info>
</gc-start>
<allocation-stats totalBytes="33508152" >
  <allocated-bytes non-tlh="0" tlh="33508152" arrayletleaf="0"/>
  <largest-consumer threadName="main" threadId="00000000020B9700" bytes="33508152" />
</allocation-stats>
<gc-op id="4772" type="copy forward" timems="0.959" contextid="4769" timestamp="2019-07-07T05:34:52.747">
  <memory-copied type="eden" objects="2" bytes="40" bytesdiscarded="0" />
  <memory-copied type="other" objects="0" bytes="0" bytesdiscarded="0" />
  <memory-cardclean objects="9" bytes="208" />
  <regions eden="32" other="1" />
  <remembered-set-cleared processed="68" cleared="0" durationms="0.146" />
  <stringconstants candidates="13269" cleared="0"  />
</gc-op>
<gc-op id="4773" type="classunload" timems="0.003" contextid="4769" timestamp="2019-07-07T05:34:52.747">
  <classunload-info classloadercandidates="53" classloadersunloaded="0" classesunloaded="0" anonymousclassesunloaded="0" quiescems="0.000" setupms="0.003" scanms="0.000" postms="0.000" />
</gc-op>
<gc-end id="4774" type="partial gc" contextid="4769" durationms="2.271" usertimems="4.000" systemtimems="0.000" timestamp="2019-07-07T05:34:52.748" activeThreads="1">
  <mem-info id="4775" free="66060288" total="110100480" percent="60">
    <mem type="eden" free="1048536" total="1048576" percent="99" />
    <remembered-set count="1344" freebytes="4389504" totalbytes="4394880" percent="99" regionsoverflowed="0" regionsstable="18" regionsrebuilding="0"/>
  </mem-info>
</gc-end>
<cycle-end id="4776" type="partial gc" contextid="4769" timestamp="2019-07-07T05:34:52.748" />
  <attribute name="elasticGC enabled" value="1" />
  <attribute name= "numThreadsSpecified" value="1" />
  <attribute name="heapSize specified" value="0" />
  <attribute name="Current GC Util" value="65" />
  <attribute name= "Current Time Running" value="22273" />
  <attribute name ="GC Interval" value="0" />
  <attribute name="ProportionalT" value="22.500000" />
  <attribute name="ProportionalI" value="22.500000" />
  <attribute name="ProportionalH" value="22.500000" />
  <attribute name="Current Error" value="45.000000" />
  <attribute name="IntegralT" value="0.000000" />
  <attribute name="IntegralI" value="0.000000" />
  <attribute name="IntegralH" value="0.000000" />
  <attribute name="DerivativeT" value="inf" />
  <attribute name="DerivativeI" value="inf" />
  <attribute name="DerivativeH" value="inf" />
  <attribute name="Loop Time for DT" value="0.000000" />
  <attribute name="Output H" value="8388608"/>
  <attribute name="Output I" value="200"/>
  <attribute name="Output T" value="1"/>
  <attribute name="Target GC Util Change" value ="20.000000" />
  <attribute name="Current GC Util Change" value="65.000000"/>
  <attribute name="GC Util currently" value="65" />
  <attribute name="CPU Util currently" value="12819319156389" />
<exclusive-end id="4777" timestamp="2019-07-07T05:34:52.748" durationms="3.550" />

<exclusive-start id="4778" timestamp="2019-07-07T05:34:52.776" intervalms="31.424">
  <response-info timems="0.080" idlems="0.080" threads="0" lastid="00000000020B9700" lastname="main" />
</exclusive-start>
<allocation-taxation id="4779" taxation-threshold="33554432" timestamp="2019-07-07T05:34:52.776" intervalms="31.387" />
<cycle-start id="4780" type="partial gc" contextid="0" timestamp="2019-07-07T05:34:52.776" intervalms="31.366" />
<gc-start id="4781" type="partial gc" contextid="4780" timestamp="2019-07-07T05:34:52.777">
  <mem-info id="4782" free="32505856" total="110100480" percent="29">
    <mem type="eden" free="1048536" total="34603008" percent="3" />
    <remembered-set count="864" freebytes="4391424" totalbytes="4394880" percent="99" regionsoverflowed="0" regionsstable="18" regionsrebuilding="0"/>
  </mem-info>
</gc-start>
<allocation-stats totalBytes="33546544" >
  <allocated-bytes non-tlh="0" tlh="33546544" arrayletleaf="0"/>
  <largest-consumer threadName="main" threadId="00000000020B9700" bytes="33546544" />
</allocation-stats>
<gc-op id="4783" type="copy forward" timems="1.470" contextid="4780" timestamp="2019-07-07T05:34:52.779">
  <memory-copied type="eden" objects="37" bytes="1256" bytesdiscarded="1240" />
  <memory-copied type="other" objects="0" bytes="0" bytesdiscarded="0" />
  <memory-cardclean objects="137" bytes="4144" />
  <regions eden="32" other="1" />
  <remembered-set-cleared processed="68" cleared="9" durationms="0.116" />
  <stringconstants candidates="13269" cleared="0"  />
</gc-op>
<gc-op id="4784" type="classunload" timems="0.005" contextid="4780" timestamp="2019-07-07T05:34:52.779">
  <classunload-info classloadercandidates="53" classloadersunloaded="0" classesunloaded="0" anonymousclassesunloaded="0" quiescems="0.000" setupms="0.004" scanms="0.000" postms="0.000" />
</gc-op>
<gc-end id="4785" type="partial gc" contextid="4780" durationms="2.583" usertimems="0.000" systemtimems="4.000" timestamp="2019-07-07T05:34:52.779" activeThreads="4">
  <mem-info id="4786" free="66060288" total="110100480" percent="60">
    <mem type="eden" free="1046080" total="1048576" percent="99" />
    <remembered-set count="2368" freebytes="4385408" totalbytes="4394880" percent="99" regionsoverflowed="0" regionsstable="18" regionsrebuilding="0"/>
  </mem-info>
</gc-end>
<cycle-end id="4787" type="partial gc" contextid="4780" timestamp="2019-07-07T05:34:52.779" />
  <attribute name="elasticGC enabled" value="1" />
  <attribute name= "numThreadsSpecified" value="4" />
  <attribute name="heapSize specified" value="0" />
  <attribute name="Current GC Util" value="81" />
  <attribute name= "Current Time Running" value="22305" />
  <attribute name ="GC Interval" value="0" />
  <attribute name="ProportionalT" value="30.500000" />
  <attribute name="ProportionalI" value="30.500000" />
  <attribute name="ProportionalH" value="30.500000" />
  <attribute name="Current Error" value="61.000000" />
  <attribute name="IntegralT" value="30.500000" />
  <attribute name="IntegralI" value="30.500000" />
  <attribute name="IntegralH" value="30.500000" />
  <attribute name="DerivativeT" value="61.000000" />
  <attribute name="DerivativeI" value="61.000000" />
  <attribute name="DerivativeH" value="61.000000" />
  <attribute name="Loop Time for DT" value="1.000000" />
  <attribute name="Output H" value="8388608"/>
  <attribute name="Output I" value="200"/>
  <attribute name="Output T" value="4"/>
  <attribute name="Target GC Util Change" value ="20.000000" />
  <attribute name="Current GC Util Change" value="81.000000"/>
  <attribute name="GC Util currently" value="81" />
  <attribute name="CPU Util currently" value="18156101014419" />
<exclusive-end id="4788" timestamp="2019-07-07T05:34:52.780" durationms="3.720" />

<exclusive-start id="4789" timestamp="2019-07-07T05:34:52.973" intervalms="197.159">
  <response-info timems="0.072" idlems="0.072" threads="0" lastid="00000000020B9700" lastname="main" />
</exclusive-start>
<allocation-taxation id="4790" taxation-threshold="33554432" timestamp="2019-07-07T05:34:52.973" intervalms="197.249" />
<cycle-start id="4791" type="partial gc" contextid="0" timestamp="2019-07-07T05:34:52.974" intervalms="197.304" />
<gc-start id="4792" type="partial gc" contextid="4791" timestamp="2019-07-07T05:34:52.974">
  <mem-info id="4793" free="32505856" total="110100480" percent="29">
    <mem type="eden" free="0" total="33554432" percent="0" />
    <remembered-set count="1888" freebytes="4387328" totalbytes="4394880" percent="99" regionsoverflowed="0" regionsstable="18" regionsrebuilding="0"/>
  </mem-info>
</gc-start>
<allocation-stats totalBytes="33533752" >
  <allocated-bytes non-tlh="0" tlh="33533752" arrayletleaf="0"/>
  <largest-consumer threadName="main" threadId="00000000020B9700" bytes="33533752" />
</allocation-stats>
<gc-op id="4794" type="copy forward" timems="0.984" contextid="4791" timestamp="2019-07-07T05:34:52.976">
  <memory-copied type="eden" objects="67" bytes="2872" bytesdiscarded="0" />
  <memory-copied type="other" objects="20" bytes="664" bytesdiscarded="0" />
  <memory-cardclean objects="148" bytes="4208" />
  <regions eden="32" other="1" />
  <remembered-set-cleared processed="66" cleared="10" durationms="0.147" />
  <stringconstants candidates="13269" cleared="0"  />
</gc-op>
<gc-op id="4795" type="classunload" timems="0.016" contextid="4791" timestamp="2019-07-07T05:34:52.976">
  <classunload-info classloadercandidates="53" classloadersunloaded="0" classesunloaded="0" anonymousclassesunloaded="0" quiescems="0.000" setupms="0.016" scanms="0.000" postms="0.000" />
</gc-op>
<heap-resize id="4796" type="contract" space="default" amount="6291456" count="1" timems="0.060" reason="insufficient time being spent in gc" timestamp="2019-07-07T05:34:52.976" />
<gc-end id="4797" type="partial gc" contextid="4791" durationms="2.575" usertimems="0.000" systemtimems="0.000" timestamp="2019-07-07T05:34:52.977" activeThreads="1">
  <mem-info id="4798" free="58720256" total="103809024" percent="56">
    <mem type="eden" free="1045704" total="1048576" percent="99" />
    <remembered-set count="2112" freebytes="4386432" totalbytes="4394880" percent="99" regionsoverflowed="0" regionsstable="18" regionsrebuilding="0"/>
  </mem-info>
</gc-end>
<cycle-end id="4799" type="partial gc" contextid="4791" timestamp="2019-07-07T05:34:52.977" />
  <attribute name="elasticGC enabled" value="1" />
  <attribute name= "numThreadsSpecified" value="1" />
  <attribute name="heapSize specified" value="0" />
  <attribute name="Current GC Util" value="66" />
  <attribute name= "Current Time Running" value="22502" />
  <attribute name ="GC Interval" value="0" />
  <attribute name="ProportionalT" value="23.000000" />
  <attribute name="ProportionalI" value="23.000000" />
  <attribute name="ProportionalH" value="23.000000" />
  <attribute name="Current Error" value="46.000000" />
  <attribute name="IntegralT" value="0.000000" />
  <attribute name="IntegralI" value="0.000000" />
  <attribute name="IntegralH" value="0.000000" />
  <attribute name="DerivativeT" value="inf" />
  <attribute name="DerivativeI" value="inf" />
  <attribute name="DerivativeH" value="inf" />
  <attribute name="Loop Time for DT" value="0.000000" />
  <attribute name="Output H" value="8388608"/>
  <attribute name="Output I" value="200"/>
  <attribute name="Output T" value="1"/>
  <attribute name="Target GC Util Change" value ="20.000000" />
  <attribute name="Current GC Util Change" value="66.000000"/>
  <attribute name="GC Util currently" value="66" />
  <attribute name="CPU Util currently" value="15286478466796" />
<exclusive-end id="4800" timestamp="2019-07-07T05:34:52.977" durationms="3.943" />

<exclusive-start id="4801" timestamp="2019-07-07T05:34:52.987" intervalms="13.605">
  <response-info timems="0.076" idlems="0.076" threads="0" lastid="00000000020B9700" lastname="main" />
</exclusive-start>
<allocation-taxation id="4802" taxation-threshold="32505856" timestamp="2019-07-07T05:34:52.987" intervalms="13.611" />
<cycle-start id="4803" type="partial gc" contextid="0" timestamp="2019-07-07T05:34:52.987" intervalms="13.574" />
<gc-start id="4804" type="partial gc" contextid="4803" timestamp="2019-07-07T05:34:52.988">
  <mem-info id="4805" free="26214400" total="103809024" percent="25">
    <mem type="eden" free="0" total="32505856" percent="0" />
    <remembered-set count="1696" freebytes="4388096" totalbytes="4394880" percent="99" regionsoverflowed="0" regionsstable="18" regionsrebuilding="0"/>
  </mem-info>
</gc-start>
<allocation-stats totalBytes="32384352" >
  <allocated-bytes non-tlh="0" tlh="32384352" arrayletleaf="0"/>
  <largest-consumer threadName="main" threadId="00000000020B9700" bytes="32384352" />
</allocation-stats>
<gc-op id="4806" type="copy forward" timems="1.578" contextid="4803" timestamp="2019-07-07T05:34:52.990">
  <memory-copied type="eden" objects="0" bytes="0" bytesdiscarded="0" />
  <memory-copied type="other" objects="67" bytes="2872" bytesdiscarded="1160" />
  <memory-cardclean objects="58" bytes="1976" />
  <regions eden="31" other="1" />
  <remembered-set-cleared processed="73" cleared="4" durationms="0.111" />
  <stringconstants candidates="13269" cleared="0"  />
</gc-op>
<gc-op id="4807" type="classunload" timems="0.004" contextid="4803" timestamp="2019-07-07T05:34:52.990">
  <classunload-info classloadercandidates="53" classloadersunloaded="0" classesunloaded="0" anonymousclassesunloaded="0" quiescems="0.000" setupms="0.004" scanms="0.000" postms="0.000" />
</gc-op>
<heap-resize id="4808" type="contract" space="default" amount="5242880" count="1" timems="0.052" reason="insufficient time being spent in gc" timestamp="2019-07-07T05:34:52.991" />
<gc-end id="4809" type="partial gc" contextid="4803" durationms="3.150" usertimems="4.000" systemtimems="0.000" timestamp="2019-07-07T05:34:52.991" activeThreads="4">
  <mem-info id="4810" free="53477376" total="98566144" percent="54">
    <remembered-set count="2400" freebytes="4134144" totalbytes="4143744" percent="99" regionsoverflowed="0" regionsstable="18" regionsrebuilding="0"/>
  </mem-info>
</gc-end>
<cycle-end id="4811" type="partial gc" contextid="4803" timestamp="2019-07-07T05:34:52.991" />
  <attribute name="elasticGC enabled" value="1" />
  <attribute name= "numThreadsSpecified" value="4" />
  <attribute name="heapSize specified" value="0" />
  <attribute name="Current GC Util" value="39" />
  <attribute name= "Current Time Running" value="22516" />
  <attribute name ="GC Interval" value="0" />
  <attribute name="ProportionalT" value="9.500000" />
  <attribute name="ProportionalI" value="9.500000" />
  <attribute name="ProportionalH" value="9.500000" />
  <attribute name="Current Error" value="19.000000" />
  <attribute name="IntegralT" value="9.500000" />
  <attribute name="IntegralI" value="9.500000" />
  <attribute name="IntegralH" value="9.500000" />
  <attribute name="DerivativeT" value="19.000000" />
  <attribute name="DerivativeI" value="19.000000" />
  <attribute name="DerivativeH" value="19.000000" />
  <attribute name="Loop Time for DT" value="1.000000" />
  <attribute name="Output H" value="8388608"/>
  <attribute name="Output I" value="200"/>
  <attribute name="Output T" value="4"/>
  <attribute name="Target GC Util Change" value ="20.000000" />
  <attribute name="Current GC Util Change" value="39.000000"/>
  <attribute name="GC Util currently" value="39" />
  <attribute name="CPU Util currently" value="7051087121278" />
<exclusive-end id="4812" timestamp="2019-07-07T05:34:52.991" durationms="4.494" />

<exclusive-start id="4813" timestamp="2019-07-07T05:34:53.000" intervalms="13.718">
  <response-info timems="0.071" idlems="0.071" threads="0" lastid="00000000020B9700" lastname="main" />
</exclusive-start>
<allocation-taxation id="4814" taxation-threshold="31457280" timestamp="2019-07-07T05:34:53.001" intervalms="13.709" />
<cycle-start id="4815" type="partial gc" contextid="0" timestamp="2019-07-07T05:34:53.001" intervalms="13.696" />
<gc-start id="4816" type="partial gc" contextid="4815" timestamp="2019-07-07T05:34:53.001">
  <mem-info id="4817" free="22020096" total="98566144" percent="22">
    <mem type="eden" free="0" total="31457280" percent="0" />
    <remembered-set count="1920" freebytes="4136064" totalbytes="4143744" percent="99" regionsoverflowed="0" regionsstable="18" regionsrebuilding="0"/>
  </mem-info>
</gc-start>
<allocation-stats totalBytes="31344512" >
  <allocated-bytes non-tlh="0" tlh="31344512" arrayletleaf="0"/>
  <largest-consumer threadName="main" threadId="00000000020B9700" bytes="31344512" />
</allocation-stats>
<gc-op id="4818" type="copy forward" timems="1.355" contextid="4815" timestamp="2019-07-07T05:34:53.004">
  <memory-copied type="eden" objects="1" bytes="24" bytesdiscarded="0" />
  <memory-copied type="other" objects="0" bytes="0" bytesdiscarded="0" />
  <memory-cardclean objects="14" bytes="448" />
  <regions eden="30" other="0" />
  <remembered-set-cleared processed="78" cleared="0" durationms="0.091" />
  <stringconstants candidates="13269" cleared="0"  />
</gc-op>
<gc-op id="4819" type="classunload" timems="0.004" contextid="4815" timestamp="2019-07-07T05:34:53.004">
  <classunload-info classloadercandidates="53" classloadersunloaded="0" classesunloaded="0" anonymousclassesunloaded="0" quiescems="0.000" setupms="0.004" scanms="0.000" postms="0.000" />
</gc-op>
<gc-end id="4820" type="partial gc" contextid="4815" durationms="2.653" usertimems="0.000" systemtimems="0.000" timestamp="2019-07-07T05:34:53.004" activeThreads="4">
  <mem-info id="4821" free="52428800" total="98566144" percent="53">
    <mem type="eden" free="1048552" total="1048576" percent="99" />
    <remembered-set count="1600" freebytes="3928064" totalbytes="3934464" percent="99" regionsoverflowed="0" regionsstable="18" regionsrebuilding="0"/>
  </mem-info>
</gc-end>
<cycle-end id="4822" type="partial gc" contextid="4815" timestamp="2019-07-07T05:34:53.004" />
  <attribute name="elasticGC enabled" value="1" />
  <attribute name= "numThreadsSpecified" value="4" />
  <attribute name="heapSize specified" value="0" />
  <attribute name="Current GC Util" value="20" />
  <attribute name= "Current Time Running" value="22529" />
  <attribute name ="GC Interval" value="0" />
  <attribute name="ProportionalT" value="0.000000" />
  <attribute name="ProportionalI" value="0.000000" />
  <attribute name="ProportionalH" value="0.000000" />
  <attribute name="Current Error" value="0.000000" />
  <attribute name="IntegralT" value="0.000000" />
  <attribute name="IntegralI" value="0.000000" />
  <attribute name="IntegralH" value="0.000000" />
  <attribute name="DerivativeT" value="-inf" />
  <attribute name="DerivativeI" value="-inf" />
  <attribute name="DerivativeH" value="-inf" />
  <attribute name="Loop Time for DT" value="0.000000" />
  <attribute name="Output H" value="2091843584"/>
  <attribute name="Output I" value="200"/>
  <attribute name="Output T" value="4"/>
  <attribute name="Target GC Util Change" value ="20.000000" />
  <attribute name="Current GC Util Change" value="20.000000"/>
  <attribute name="GC Util currently" value="20" />
  <attribute name="CPU Util currently" value="7276282421036" />
<exclusive-end id="4823" timestamp="2019-07-07T05:34:53.004" durationms="3.849" />

<exclusive-start id="4824" timestamp="2019-07-07T05:34:53.009" intervalms="8.523">
  <response-info timems="0.059" idlems="0.059" threads="0" lastid="00000000020B9700" lastname="main" />
</exclusive-start>
<allocation-taxation id="4825" taxation-threshold="15728640" timestamp="2019-07-07T05:34:53.009" intervalms="8.501" />
<cycle-start id="4826" type="global mark phase" contextid="0" timestamp="2019-07-07T05:34:53.009" intervalms="2086.600" />
<gc-start id="4827" type="global mark phase" contextid="4826" timestamp="2019-07-07T05:34:53.010">
  <mem-info id="4828" free="36700160" total="98566144" percent="37">
    <remembered-set count="1600" freebytes="3928064" totalbytes="3934464" percent="99" regionsoverflowed="0" regionsstable="18" regionsrebuilding="0"/>
  </mem-info>
</gc-start>
<gc-op id="4829" type="mark increment" timems="1.429" contextid="4826" timestamp="2019-07-07T05:34:53.011">
  <trace-info objectcount="6203" scancount="664" scanbytes="29132" />
</gc-op>
<gc-end id="4830" type="global mark phase" contextid="4826" durationms="1.708" usertimems="0.000" systemtimems="0.000" timestamp="2019-07-07T05:34:53.011" activeThreads="4">
  <mem-info id="4831" free="36700160" total="98566144" percent="37">
    <remembered-set count="2624" freebytes="3923968" totalbytes="3934464" percent="99" regionsoverflowed="0" regionsstable="0" regionsrebuilding="18"/>
  </mem-info>
</gc-end>
<concurrent-start id="4832" type="GMP work packet processing" contextid="4826" timestamp="2019-07-07T05:34:53.011">
  <concurrent-mark-start scanTarget="1048576" />
</concurrent-start>
<exclusive-end id="4833" timestamp="2019-07-07T05:34:53.013" durationms="3.659" />

<concurrent-end id="4834" type="GMP work packet processing" contextid="4826" timestamp="2019-07-07T05:34:53.013">
  <concurrent-mark-end bytesScanned="1092488" reasonForTermination="Work target met" />
</concurrent-end>

<exclusive-start id="4835" timestamp="2019-07-07T05:34:53.017" intervalms="8.460">
  <response-info timems="0.088" idlems="0.088" threads="0" lastid="00000000020B9700" lastname="main" />
</exclusive-start>
<allocation-taxation id="4836" taxation-threshold="15728640" timestamp="2019-07-07T05:34:53.018" intervalms="8.455" />
<cycle-start id="4837" type="partial gc" contextid="0" timestamp="2019-07-07T05:34:53.018" intervalms="16.980" />
<gc-start id="4838" type="partial gc" contextid="4837" timestamp="2019-07-07T05:34:53.018">
  <mem-info id="4839" free="20971520" total="98566144" percent="21">
    <mem type="eden" free="1048552" total="32505856" percent="3" />
    <remembered-set count="12224" freebytes="3885568" totalbytes="3934464" percent="98" regionsoverflowed="0" regionsstable="0" regionsrebuilding="18"/>
  </mem-info>
</gc-start>
<allocation-stats totalBytes="31351832" >
  <allocated-bytes non-tlh="0" tlh="31351832" arrayletleaf="0"/>
  <largest-consumer threadName="main" threadId="00000000020B9700" bytes="15677160" />
</allocation-stats>
<gc-op id="4840" type="copy forward" timems="1.321" contextid="4837" timestamp="2019-07-07T05:34:53.020">
  <memory-copied type="eden" objects="1" bytes="24" bytesdiscarded="0" />
  <memory-copied type="other" objects="0" bytes="0" bytesdiscarded="0" />
  <memory-cardclean objects="14" bytes="448" />
  <regions eden="30" other="1" />
  <remembered-set-cleared processed="10193" cleared="4" durationms="0.201" />
  <stringconstants candidates="13269" cleared="0"  />
</gc-op>
<gc-op id="4841" type="classunload" timems="0.004" contextid="4837" timestamp="2019-07-07T05:34:53.020">
  <classunload-info classloadercandidates="53" classloadersunloaded="0" classesunloaded="0" anonymousclassesunloaded="0" quiescems="0.000" setupms="0.004" scanms="0.000" postms="0.000" />
</gc-op>
<heap-resize id="4842" type="expand" space="default" amount="16777216" count="1" timems="0.105" reason="excessive time being spent in gc" timestamp="2019-07-07T05:34:53.021" />
<gc-end id="4843" type="partial gc" contextid="4837" durationms="2.890" usertimems="0.000" systemtimems="0.000" timestamp="2019-07-07T05:34:53.021" activeThreads="1">
  <mem-info id="4844" free="69206016" total="115343360" percent="60">
    <mem type="eden" free="1048552" total="1048576" percent="99" />
    <remembered-set count="12672" freebytes="4553472" totalbytes="4604160" percent="98" regionsoverflowed="0" regionsstable="0" regionsrebuilding="18"/>
  </mem-info>
</gc-end>
<cycle-end id="4845" type="partial gc" contextid="4837" timestamp="2019-07-07T05:34:53.021" />
  <attribute name="elasticGC enabled" value="1" />
  <attribute name= "numThreadsSpecified" value="1" />
  <attribute name="heapSize specified" value="0" />
  <attribute name="Current GC Util" value="55" />
  <attribute name= "Current Time Running" value="22546" />
  <attribute name ="GC Interval" value="0" />
  <attribute name="ProportionalT" value="17.500000" />
  <attribute name="ProportionalI" value="17.500000" />
  <attribute name="ProportionalH" value="17.500000" />
  <attribute name="Current Error" value="35.000000" />
  <attribute name="IntegralT" value="0.000000" />
  <attribute name="IntegralI" value="0.000000" />
  <attribute name="IntegralH" value="0.000000" />
  <attribute name="DerivativeT" value="inf" />
  <attribute name="DerivativeI" value="inf" />
  <attribute name="DerivativeH" value="inf" />
  <attribute name="Loop Time for DT" value="0.000000" />
  <attribute name="Output H" value="8388608"/>
  <attribute name="Output I" value="200"/>
  <attribute name="Output T" value="1"/>
  <attribute name="Target GC Util Change" value ="20.000000" />
  <attribute name="Current GC Util Change" value="55.000000"/>
  <attribute name="GC Util currently" value="55" />
  <attribute name="CPU Util currently" value="17456208767249" />
<exclusive-end id="4846" timestamp="2019-07-07T05:34:53.022" durationms="4.129" />

<exclusive-start id="4847" timestamp="2019-07-07T05:34:53.027" intervalms="9.510">
  <response-info timems="0.074" idlems="0.074" threads="0" lastid="00000000020B9700" lastname="main" />
</exclusive-start>
<allocation-taxation id="4848" taxation-threshold="17825792" timestamp="2019-07-07T05:34:53.027" intervalms="9.522" />
<gc-start id="4849" type="global mark phase" contextid="4826" timestamp="2019-07-07T05:34:53.027">
  <mem-info id="4850" free="51380224" total="115343360" percent="44">
    <remembered-set count="12224" freebytes="4555264" totalbytes="4604160" percent="98" regionsoverflowed="0" regionsstable="0" regionsrebuilding="18"/>
  </mem-info>
</gc-start>
<gc-end id="4851" type="global mark phase" contextid="4826" durationms="0.139" usertimems="0.000" systemtimems="0.000" timestamp="2019-07-07T05:34:53.028" activeThreads="1">
  <mem-info id="4852" free="51380224" total="115343360" percent="44">
    <remembered-set count="12224" freebytes="4555264" totalbytes="4604160" percent="98" regionsoverflowed="0" regionsstable="0" regionsrebuilding="18"/>
  </mem-info>
</gc-end>
<concurrent-start id="4853" type="GMP work packet processing" contextid="4826" timestamp="2019-07-07T05:34:53.028">
  <concurrent-mark-start scanTarget="1077705" />
</concurrent-start>
<exclusive-end id="4854" timestamp="2019-07-07T05:34:53.028" durationms="1.094" />

<concurrent-end id="4855" type="GMP work packet processing" contextid="4826" timestamp="2019-07-07T05:34:53.029">
  <concurrent-mark-end bytesScanned="1130088" reasonForTermination="Work target met" />
</concurrent-end>

<exclusive-start id="4856" timestamp="2019-07-07T05:34:53.035" intervalms="7.697">
  <response-info timems="0.071" idlems="0.071" threads="0" lastid="00000000020B9700" lastname="main" />
</exclusive-start>
<allocation-taxation id="4857" taxation-threshold="17825792" timestamp="2019-07-07T05:34:53.035" intervalms="7.713" />
<cycle-start id="4858" type="partial gc" contextid="0" timestamp="2019-07-07T05:34:53.035" intervalms="17.244" />
<gc-start id="4859" type="partial gc" contextid="4858" timestamp="2019-07-07T05:34:53.035">
  <mem-info id="4860" free="33554432" total="115343360" percent="29">
    <mem type="eden" free="1048552" total="36700160" percent="2" />
    <remembered-set count="23968" freebytes="4508288" totalbytes="4604160" percent="97" regionsoverflowed="0" regionsstable="0" regionsrebuilding="18"/>
  </mem-info>
</gc-start>
<allocation-stats totalBytes="35532384" >
  <allocated-bytes non-tlh="0" tlh="35532384" arrayletleaf="0"/>
  <largest-consumer threadName="main" threadId="00000000020B9700" bytes="17767424" />
</allocation-stats>
<gc-op id="4861" type="copy forward" timems="1.508" contextid="4858" timestamp="2019-07-07T05:34:53.038">
  <memory-copied type="eden" objects="1" bytes="24" bytesdiscarded="0" />
  <memory-copied type="other" objects="67" bytes="2872" bytesdiscarded="0" />
  <memory-cardclean objects="58" bytes="1976" />
  <regions eden="34" other="2" />
  <remembered-set-cleared processed="21247" cleared="34" durationms="0.271" />
  <stringconstants candidates="13269" cleared="0"  />
</gc-op>
<gc-op id="4862" type="classunload" timems="0.004" contextid="4858" timestamp="2019-07-07T05:34:53.038">
  <classunload-info classloadercandidates="53" classloadersunloaded="0" classesunloaded="0" anonymousclassesunloaded="0" quiescems="0.000" setupms="0.004" scanms="0.000" postms="0.000" />
</gc-op>
<gc-end id="4863" type="partial gc" contextid="4858" durationms="2.742" usertimems="4.000" systemtimems="0.000" timestamp="2019-07-07T05:34:53.038" activeThreads="1">
  <mem-info id="4864" free="69206016" total="115343360" percent="60">
    <mem type="eden" free="1048552" total="1048576" percent="99" />
    <remembered-set count="24224" freebytes="4507264" totalbytes="4604160" percent="97" regionsoverflowed="0" regionsstable="0" regionsrebuilding="18"/>
  </mem-info>
</gc-end>
<cycle-end id="4865" type="partial gc" contextid="4858" timestamp="2019-07-07T05:34:53.038" />
  <attribute name="elasticGC enabled" value="1" />
  <attribute name= "numThreadsSpecified" value="1" />
  <attribute name="heapSize specified" value="0" />
  <attribute name="Current GC Util" value="65" />
  <attribute name= "Current Time Running" value="22563" />
  <attribute name ="GC Interval" value="0" />
  <attribute name="ProportionalT" value="22.500000" />
  <attribute name="ProportionalI" value="22.500000" />
  <attribute name="ProportionalH" value="22.500000" />
  <attribute name="Current Error" value="45.000000" />
  <attribute name="IntegralT" value="0.000000" />
  <attribute name="IntegralI" value="0.000000" />
  <attribute name="IntegralH" value="0.000000" />
  <attribute name="DerivativeT" value="inf" />
  <attribute name="DerivativeI" value="inf" />
  <attribute name="DerivativeH" value="inf" />
  <attribute name="Loop Time for DT" value="0.000000" />
  <attribute name="Output H" value="8388608"/>
  <attribute name="Output I" value="200"/>
  <attribute name="Output T" value="1"/>
  <attribute name="Target GC Util Change" value ="20.000000" />
  <attribute name="Current GC Util Change" value="65.000000"/>
  <attribute name="GC Util currently" value="65" />
  <attribute name="CPU Util currently" value="13627873349264" />
<exclusive-end id="4866" timestamp="2019-07-07T05:34:53.039" durationms="4.125" />

<exclusive-start id="4867" timestamp="2019-07-07T05:34:53.044" intervalms="9.588">
  <response-info timems="0.084" idlems="0.084" threads="0" lastid="00000000020B9700" lastname="main" />
</exclusive-start>
<allocation-taxation id="4868" taxation-threshold="17825792" timestamp="2019-07-07T05:34:53.044" intervalms="9.546" />
<gc-start id="4869" type="global mark phase" contextid="4826" timestamp="2019-07-07T05:34:53.045">
  <mem-info id="4870" free="51380224" total="115343360" percent="44">
    <remembered-set count="23840" freebytes="4508800" totalbytes="4604160" percent="97" regionsoverflowed="0" regionsstable="0" regionsrebuilding="18"/>
  </mem-info>
</gc-start>
<gc-end id="4871" type="global mark phase" contextid="4826" durationms="0.256" usertimems="0.000" systemtimems="0.000" timestamp="2019-07-07T05:34:53.045" activeThreads="1">
  <mem-info id="4872" free="51380224" total="115343360" percent="44">
    <remembered-set count="23840" freebytes="4508800" totalbytes="4604160" percent="97" regionsoverflowed="0" regionsstable="0" regionsrebuilding="18"/>
  </mem-info>
</gc-end>
<concurrent-start id="4873" type="GMP work packet processing" contextid="4826" timestamp="2019-07-07T05:34:53.045">
  <concurrent-mark-start scanTarget="1048576" />
</concurrent-start>
<exclusive-end id="4874" timestamp="2019-07-07T05:34:53.046" durationms="1.854" />

<concurrent-end id="4875" type="GMP work packet processing" contextid="4826" timestamp="2019-07-07T05:34:53.046">
  <concurrent-mark-end bytesScanned="1092960" reasonForTermination="Work target met" />
</concurrent-end>

<exclusive-start id="4876" timestamp="2019-07-07T05:34:53.052" intervalms="7.434">
  <response-info timems="0.074" idlems="0.074" threads="0" lastid="00000000020B9700" lastname="main" />
</exclusive-start>
<allocation-taxation id="4877" taxation-threshold="17825792" timestamp="2019-07-07T05:34:53.052" intervalms="7.302" />
<cycle-start id="4878" type="partial gc" contextid="0" timestamp="2019-07-07T05:34:53.052" intervalms="16.874" />
<gc-start id="4879" type="partial gc" contextid="4878" timestamp="2019-07-07T05:34:53.052">
  <mem-info id="4880" free="33554432" total="115343360" percent="29">
    <mem type="eden" free="1048552" total="36700160" percent="2" />
    <remembered-set count="32864" freebytes="4472704" totalbytes="4604160" percent="97" regionsoverflowed="0" regionsstable="0" regionsrebuilding="18"/>
  </mem-info>
</gc-start>
<allocation-stats totalBytes="35532408" >
  <allocated-bytes non-tlh="0" tlh="35532408" arrayletleaf="0"/>
  <largest-consumer threadName="main" threadId="00000000020B9700" bytes="17767448" />
</allocation-stats>
<gc-op id="4881" type="copy forward" timems="1.381" contextid="4878" timestamp="2019-07-07T05:34:53.054">
  <memory-copied type="eden" objects="1" bytes="24" bytesdiscarded="0" />
  <memory-copied type="other" objects="67" bytes="2872" bytesdiscarded="0" />
  <memory-cardclean objects="58" bytes="1976" />
  <regions eden="34" other="2" />
  <remembered-set-cleared processed="30547" cleared="49" durationms="0.302" />
  <stringconstants candidates="13269" cleared="0"  />
</gc-op>
<gc-op id="4882" type="classunload" timems="0.003" contextid="4878" timestamp="2019-07-07T05:34:53.055">
  <classunload-info classloadercandidates="53" classloadersunloaded="0" classesunloaded="0" anonymousclassesunloaded="0" quiescems="0.000" setupms="0.003" scanms="0.000" postms="0.000" />
</gc-op>
<gc-end id="4883" type="partial gc" contextid="4878" durationms="2.551" usertimems="0.000" systemtimems="4.000" timestamp="2019-07-07T05:34:53.055" activeThreads="1">
  <mem-info id="4884" free="69206016" total="115343360" percent="60">
    <mem type="eden" free="1048552" total="1048576" percent="99" />
    <remembered-set count="33216" freebytes="4471296" totalbytes="4604160" percent="97" regionsoverflowed="0" regionsstable="0" regionsrebuilding="18"/>
  </mem-info>
</gc-end>
<cycle-end id="4885" type="partial gc" contextid="4878" timestamp="2019-07-07T05:34:53.055" />
  <attribute name="elasticGC enabled" value="1" />
  <attribute name= "numThreadsSpecified" value="1" />
  <attribute name="heapSize specified" value="0" />
  <attribute name="Current GC Util" value="86" />
  <attribute name= "Current Time Running" value="22580" />
  <attribute name ="GC Interval" value="0" />
  <attribute name="ProportionalT" value="33.000000" />
  <attribute name="ProportionalI" value="33.000000" />
  <attribute name="ProportionalH" value="33.000000" />
  <attribute name="Current Error" value="66.000000" />
  <attribute name="IntegralT" value="0.000000" />
  <attribute name="IntegralI" value="0.000000" />
  <attribute name="IntegralH" value="0.000000" />
  <attribute name="DerivativeT" value="inf" />
  <attribute name="DerivativeI" value="inf" />
  <attribute name="DerivativeH" value="inf" />
  <attribute name="Loop Time for DT" value="0.000000" />
  <attribute name="Output H" value="8388608"/>
  <attribute name="Output I" value="200"/>
  <attribute name="Output T" value="1"/>
  <attribute name="Target GC Util Change" value ="20.000000" />
  <attribute name="Current GC Util Change" value="86.000000"/>
  <attribute name="GC Util currently" value="86" />
  <attribute name="CPU Util currently" value="17486126055607" />
<exclusive-end id="4886" timestamp="2019-07-07T05:34:53.055" durationms="3.633" />

<exclusive-start id="4887" timestamp="2019-07-07T05:34:53.061" intervalms="9.562">
  <response-info timems="0.084" idlems="0.084" threads="0" lastid="00000000020B9700" lastname="main" />
</exclusive-start>
<allocation-taxation id="4888" taxation-threshold="17825792" timestamp="2019-07-07T05:34:53.061" intervalms="9.686" />
<gc-start id="4889" type="global mark phase" contextid="4826" timestamp="2019-07-07T05:34:53.062">
  <mem-info id="4890" free="51380224" total="115343360" percent="44">
    <remembered-set count="32832" freebytes="4472832" totalbytes="4604160" percent="97" regionsoverflowed="0" regionsstable="0" regionsrebuilding="18"/>
  </mem-info>
</gc-start>
<gc-end id="4891" type="global mark phase" contextid="4826" durationms="0.219" usertimems="0.000" systemtimems="0.000" timestamp="2019-07-07T05:34:53.062" activeThreads="1">
  <mem-info id="4892" free="51380224" total="115343360" percent="44">
    <remembered-set count="32832" freebytes="4472832" totalbytes="4604160" percent="97" regionsoverflowed="0" regionsstable="0" regionsrebuilding="18"/>
  </mem-info>
</gc-end>
<concurrent-start id="4893" type="GMP work packet processing" contextid="4826" timestamp="2019-07-07T05:34:53.062">
  <concurrent-mark-start scanTarget="1048576" />
</concurrent-start>
<concurrent-end id="4894" type="GMP work packet processing" contextid="4826" timestamp="2019-07-07T05:34:53.063">
  <concurrent-mark-end bytesScanned="1085808" reasonForTermination="Work target met" />
</concurrent-end>

<exclusive-end id="4895" timestamp="2019-07-07T05:34:53.063" durationms="1.779" />

<exclusive-start id="4896" timestamp="2019-07-07T05:34:53.068" intervalms="7.252">
  <response-info timems="0.068" idlems="0.068" threads="0" lastid="00000000020B9700" lastname="main" />
</exclusive-start>
<allocation-taxation id="4897" taxation-threshold="17825792" timestamp="2019-07-07T05:34:53.069" intervalms="7.226" />
<cycle-start id="4898" type="partial gc" contextid="0" timestamp="2019-07-07T05:34:53.069" intervalms="16.819" />
<gc-start id="4899" type="partial gc" contextid="4898" timestamp="2019-07-07T05:34:53.069">
  <mem-info id="4900" free="33554432" total="115343360" percent="29">
    <mem type="eden" free="1048552" total="36700160" percent="2" />
    <remembered-set count="45440" freebytes="4422400" totalbytes="4604160" percent="96" regionsoverflowed="0" regionsstable="0" regionsrebuilding="18"/>
  </mem-info>
</gc-start>
<allocation-stats totalBytes="35532384" >
  <allocated-bytes non-tlh="0" tlh="35532384" arrayletleaf="0"/>
  <largest-consumer threadName="main" threadId="00000000020B9700" bytes="17767424" />
</allocation-stats>
<gc-op id="4901" type="copy forward" timems="1.555" contextid="4898" timestamp="2019-07-07T05:34:53.071">
  <memory-copied type="eden" objects="1" bytes="24" bytesdiscarded="0" />
  <memory-copied type="other" objects="67" bytes="2872" bytesdiscarded="0" />
  <memory-cardclean objects="58" bytes="1976" />
  <regions eden="34" other="2" />
  <remembered-set-cleared processed="42770" cleared="77" durationms="0.375" />
  <stringconstants candidates="13269" cleared="0"  />
</gc-op>
<gc-op id="4902" type="classunload" timems="0.003" contextid="4898" timestamp="2019-07-07T05:34:53.072">
  <classunload-info classloadercandidates="53" classloadersunloaded="0" classesunloaded="0" anonymousclassesunloaded="0" quiescems="0.000" setupms="0.003" scanms="0.000" postms="0.000" />
</gc-op>
<gc-end id="4903" type="partial gc" contextid="4898" durationms="2.675" usertimems="4.000" systemtimems="0.000" timestamp="2019-07-07T05:34:53.072" activeThreads="1">
  <mem-info id="4904" free="69206016" total="115343360" percent="60">
    <mem type="eden" free="1048552" total="1048576" percent="99" />
    <remembered-set count="45824" freebytes="4420864" totalbytes="4604160" percent="96" regionsoverflowed="0" regionsstable="0" regionsrebuilding="18"/>
  </mem-info>
</gc-end>
<cycle-end id="4905" type="partial gc" contextid="4898" timestamp="2019-07-07T05:34:53.072" />
  <attribute name="elasticGC enabled" value="1" />
  <attribute name= "numThreadsSpecified" value="1" />
  <attribute name="heapSize specified" value="0" />
  <attribute name="Current GC Util" value="54" />
  <attribute name= "Current Time Running" value="22597" />
  <attribute name ="GC Interval" value="0" />
  <attribute name="ProportionalT" value="17.000000" />
  <attribute name="ProportionalI" value="17.000000" />
  <attribute name="ProportionalH" value="17.000000" />
  <attribute name="Current Error" value="34.000000" />
  <attribute name="IntegralT" value="0.000000" />
  <attribute name="IntegralI" value="0.000000" />
  <attribute name="IntegralH" value="0.000000" />
  <attribute name="DerivativeT" value="inf" />
  <attribute name="DerivativeI" value="inf" />
  <attribute name="DerivativeH" value="inf" />
  <attribute name="Loop Time for DT" value="0.000000" />
  <attribute name="Output H" value="8388608"/>
  <attribute name="Output I" value="200"/>
  <attribute name="Output T" value="1"/>
  <attribute name="Target GC Util Change" value ="20.000000" />
  <attribute name="Current GC Util Change" value="54.000000"/>
  <attribute name="GC Util currently" value="54" />
  <attribute name="CPU Util currently" value="20084428147314" />
<exclusive-end id="4906" timestamp="2019-07-07T05:34:53.072" durationms="3.722" />

<exclusive-start id="4907" timestamp="2019-07-07T05:34:53.078" intervalms="9.209">
  <response-info timems="0.074" idlems="0.074" threads="0" lastid="00000000020B9700" lastname="main" />
</exclusive-start>
<allocation-taxation id="4908" taxation-threshold="17825792" timestamp="2019-07-07T05:34:53.078" intervalms="9.147" />
<gc-start id="4909" type="global mark phase" contextid="4826" timestamp="2019-07-07T05:34:53.078">
  <mem-info id="4910" free="51380224" total="115343360" percent="44">
    <remembered-set count="45408" freebytes="4422528" totalbytes="4604160" percent="96" regionsoverflowed="0" regionsstable="0" regionsrebuilding="18"/>
  </mem-info>
</gc-start>
<gc-end id="4911" type="global mark phase" contextid="4826" durationms="0.103" usertimems="0.000" systemtimems="0.000" timestamp="2019-07-07T05:34:53.078" activeThreads="1">
  <mem-info id="4912" free="51380224" total="115343360" percent="44">
    <remembered-set count="45408" freebytes="4422528" totalbytes="4604160" percent="96" regionsoverflowed="0" regionsstable="0" regionsrebuilding="18"/>
  </mem-info>
</gc-end>
<concurrent-start id="4913" type="GMP work packet processing" contextid="4826" timestamp="2019-07-07T05:34:53.078">
  <concurrent-mark-start scanTarget="1048576" />
</concurrent-start>
<exclusive-end id="4914" timestamp="2019-07-07T05:34:53.078" durationms="0.721" />

<concurrent-end id="4915" type="GMP work packet processing" contextid="4826" timestamp="2019-07-07T05:34:53.079">
  <concurrent-mark-end bytesScanned="1087504" reasonForTermination="Work target met" />
</concurrent-end>

<exclusive-start id="4916" timestamp="2019-07-07T05:34:53.084" intervalms="6.662">
  <response-info timems="0.067" idlems="0.067" threads="0" lastid="00000000020B9700" lastname="main" />
</exclusive-start>
<allocation-taxation id="4917" taxation-threshold="17825792" timestamp="2019-07-07T05:34:53.084" intervalms="6.659" />
<cycle-start id="4918" type="partial gc" contextid="0" timestamp="2019-07-07T05:34:53.085" intervalms="15.819" />
<gc-start id="4919" type="partial gc" contextid="4918" timestamp="2019-07-07T05:34:53.085">
  <mem-info id="4920" free="33554432" total="115343360" percent="29">
    <mem type="eden" free="1048552" total="36700160" percent="2" />
    <remembered-set count="57248" freebytes="4375168" totalbytes="4604160" percent="95" regionsoverflowed="0" regionsstable="0" regionsrebuilding="18"/>
  </mem-info>
</gc-start>
<allocation-stats totalBytes="35532408" >
  <allocated-bytes non-tlh="0" tlh="35532408" arrayletleaf="0"/>
  <largest-consumer threadName="main" threadId="00000000020B9700" bytes="17767424" />
</allocation-stats>
<gc-op id="4921" type="copy forward" timems="1.731" contextid="4918" timestamp="2019-07-07T05:34:53.087">
  <memory-copied type="eden" objects="1" bytes="24" bytesdiscarded="0" />
  <memory-copied type="other" objects="67" bytes="2872" bytesdiscarded="544" />
  <memory-cardclean objects="58" bytes="1976" />
  <regions eden="34" other="2" />
  <remembered-set-cleared processed="54553" cleared="35" durationms="0.267" />
  <stringconstants candidates="13269" cleared="0"  />
</gc-op>
<gc-op id="4922" type="classunload" timems="0.004" contextid="4918" timestamp="2019-07-07T05:34:53.087">
  <classunload-info classloadercandidates="53" classloadersunloaded="0" classesunloaded="0" anonymousclassesunloaded="0" quiescems="0.000" setupms="0.004" scanms="0.000" postms="0.000" />
</gc-op>
<gc-end id="4923" type="partial gc" contextid="4918" durationms="2.834" usertimems="4.000" systemtimems="0.000" timestamp="2019-07-07T05:34:53.088" activeThreads="4">
  <mem-info id="4924" free="69206016" total="115343360" percent="60">
    <mem type="eden" free="1048552" total="1048576" percent="99" />
    <remembered-set count="58144" freebytes="4371584" totalbytes="4604160" percent="94" regionsoverflowed="0" regionsstable="0" regionsrebuilding="18"/>
  </mem-info>
</gc-end>
<cycle-end id="4925" type="partial gc" contextid="4918" timestamp="2019-07-07T05:34:53.088" />
  <attribute name="elasticGC enabled" value="1" />
  <attribute name= "numThreadsSpecified" value="4" />
  <attribute name="heapSize specified" value="0" />
  <attribute name="Current GC Util" value="73" />
  <attribute name= "Current Time Running" value="22613" />
  <attribute name ="GC Interval" value="0" />
  <attribute name="ProportionalT" value="26.500000" />
  <attribute name="ProportionalI" value="26.500000" />
  <attribute name="ProportionalH" value="26.500000" />
  <attribute name="Current Error" value="53.000000" />
  <attribute name="IntegralT" value="26.500000" />
  <attribute name="IntegralI" value="26.500000" />
  <attribute name="IntegralH" value="26.500000" />
  <attribute name="DerivativeT" value="49.000000" />
  <attribute name="DerivativeI" value="49.000000" />
  <attribute name="DerivativeH" value="49.000000" />
  <attribute name="Loop Time for DT" value="1.000000" />
  <attribute name="Output H" value="8388608"/>
  <attribute name="Output I" value="200"/>
  <attribute name="Output T" value="4"/>
  <attribute name="Target GC Util Change" value ="20.000000" />
  <attribute name="Current GC Util Change" value="73.000000"/>
  <attribute name="GC Util currently" value="73" />
  <attribute name="CPU Util currently" value="18687740983464" />
<exclusive-end id="4926" timestamp="2019-07-07T05:34:53.088" durationms="3.699" />

<exclusive-start id="4927" timestamp="2019-07-07T05:34:53.094" intervalms="9.216">
  <response-info timems="0.076" idlems="0.076" threads="0" lastid="00000000020B9700" lastname="main" />
</exclusive-start>
<allocation-taxation id="4928" taxation-threshold="17825792" timestamp="2019-07-07T05:34:53.094" intervalms="9.276" />
<gc-start id="4929" type="global mark phase" contextid="4826" timestamp="2019-07-07T05:34:53.094">
  <mem-info id="4930" free="51380224" total="115343360" percent="44">
    <remembered-set count="57696" freebytes="4373376" totalbytes="4604160" percent="94" regionsoverflowed="0" regionsstable="0" regionsrebuilding="18"/>
  </mem-info>
</gc-start>
<gc-end id="4931" type="global mark phase" contextid="4826" durationms="0.145" usertimems="0.000" systemtimems="0.000" timestamp="2019-07-07T05:34:53.094" activeThreads="4">
  <mem-info id="4932" free="51380224" total="115343360" percent="44">
    <remembered-set count="57696" freebytes="4373376" totalbytes="4604160" percent="94" regionsoverflowed="0" regionsstable="0" regionsrebuilding="18"/>
  </mem-info>
</gc-end>
<concurrent-start id="4933" type="GMP work packet processing" contextid="4826" timestamp="2019-07-07T05:34:53.094">
  <concurrent-mark-start scanTarget="1048576" />
</concurrent-start>
<exclusive-end id="4934" timestamp="2019-07-07T05:34:53.095" durationms="1.422" />

<concurrent-end id="4935" type="GMP work packet processing" contextid="4826" timestamp="2019-07-07T05:34:53.095">
  <concurrent-mark-end bytesScanned="1089152" reasonForTermination="Work target met" />
</concurrent-end>

<exclusive-start id="4936" timestamp="2019-07-07T05:34:53.100" intervalms="6.743">
  <response-info timems="0.068" idlems="0.068" threads="0" lastid="00000000020B9700" lastname="main" />
</exclusive-start>
<allocation-taxation id="4937" taxation-threshold="17825792" timestamp="2019-07-07T05:34:53.100" intervalms="6.743" />
<cycle-start id="4938" type="partial gc" contextid="0" timestamp="2019-07-07T05:34:53.101" intervalms="16.082" />
<gc-start id="4939" type="partial gc" contextid="4938" timestamp="2019-07-07T05:34:53.101">
  <mem-info id="4940" free="33554432" total="115343360" percent="29">
    <mem type="eden" free="1048552" total="36700160" percent="2" />
    <remembered-set count="67904" freebytes="4332544" totalbytes="4604160" percent="94" regionsoverflowed="0" regionsstable="0" regionsrebuilding="18"/>
  </mem-info>
</gc-start>
<allocation-stats totalBytes="35532408" >
  <allocated-bytes non-tlh="0" tlh="35532408" arrayletleaf="0"/>
  <largest-consumer threadName="main" threadId="00000000020B9700" bytes="17767448" />
</allocation-stats>
<gc-op id="4941" type="copy forward" timems="1.594" contextid="4938" timestamp="2019-07-07T05:34:53.103">
  <memory-copied type="eden" objects="1" bytes="24" bytesdiscarded="0" />
  <memory-copied type="other" objects="67" bytes="2872" bytesdiscarded="0" />
  <memory-cardclean objects="58" bytes="1976" />
  <regions eden="34" other="2" />
  <remembered-set-cleared processed="64955" cleared="41" durationms="0.490" />
  <stringconstants candidates="13269" cleared="0"  />
</gc-op>
<gc-op id="4942" type="classunload" timems="0.004" contextid="4938" timestamp="2019-07-07T05:34:53.104">
  <classunload-info classloadercandidates="53" classloadersunloaded="0" classesunloaded="0" anonymousclassesunloaded="0" quiescems="0.000" setupms="0.004" scanms="0.000" postms="0.000" />
</gc-op>
<gc-end id="4943" type="partial gc" contextid="4938" durationms="2.854" usertimems="0.000" systemtimems="0.000" timestamp="2019-07-07T05:34:53.104" activeThreads="1">
  <mem-info id="4944" free="69206016" total="115343360" percent="60">
    <mem type="eden" free="1048552" total="1048576" percent="99" />
    <remembered-set count="68128" freebytes="4331648" totalbytes="4604160" percent="94" regionsoverflowed="0" regionsstable="0" regionsrebuilding="18"/>
  </mem-info>
</gc-end>
<cycle-end id="4945" type="partial gc" contextid="4938" timestamp="2019-07-07T05:34:53.104" />
  <attribute name="elasticGC enabled" value="1" />
  <attribute name= "numThreadsSpecified" value="1" />
  <attribute name="heapSize specified" value="0" />
  <attribute name="Current GC Util" value="72" />
  <attribute name= "Current Time Running" value="22629" />
  <attribute name ="GC Interval" value="0" />
  <attribute name="ProportionalT" value="26.000000" />
  <attribute name="ProportionalI" value="26.000000" />
  <attribute name="ProportionalH" value="26.000000" />
  <attribute name="Current Error" value="52.000000" />
  <attribute name="IntegralT" value="0.000000" />
  <attribute name="IntegralI" value="0.000000" />
  <attribute name="IntegralH" value="0.000000" />
  <attribute name="DerivativeT" value="inf" />
  <attribute name="DerivativeI" value="inf" />
  <attribute name="DerivativeH" value="inf" />
  <attribute name="Loop Time for DT" value="0.000000" />
  <attribute name="Output H" value="8388608"/>
  <attribute name="Output I" value="200"/>
  <attribute name="Output T" value="1"/>
  <attribute name="Target GC Util Change" value ="20.000000" />
  <attribute name="Current GC Util Change" value="72.000000"/>
  <attribute name="GC Util currently" value="72" />
  <attribute name="CPU Util currently" value="18447629361332" />
<exclusive-end id="4946" timestamp="2019-07-07T05:34:53.104" durationms="4.028" />

<exclusive-start id="4947" timestamp="2019-07-07T05:34:53.110" intervalms="9.522">
  <response-info timems="0.076" idlems="0.076" threads="0" lastid="00000000020B9700" lastname="main" />
</exclusive-start>
<allocation-taxation id="4948" taxation-threshold="17825792" timestamp="2019-07-07T05:34:53.110" intervalms="9.520" />
<gc-start id="4949" type="global mark phase" contextid="4826" timestamp="2019-07-07T05:34:53.110">
  <mem-info id="4950" free="51380224" total="115343360" percent="44">
    <remembered-set count="67776" freebytes="4333056" totalbytes="4604160" percent="94" regionsoverflowed="0" regionsstable="0" regionsrebuilding="18"/>
  </mem-info>
</gc-start>
<gc-end id="4951" type="global mark phase" contextid="4826" durationms="0.132" usertimems="0.000" systemtimems="0.000" timestamp="2019-07-07T05:34:53.110" activeThreads="1">
  <mem-info id="4952" free="51380224" total="115343360" percent="44">
    <remembered-set count="67776" freebytes="4333056" totalbytes="4604160" percent="94" regionsoverflowed="0" regionsstable="0" regionsrebuilding="18"/>
  </mem-info>
</gc-end>
<concurrent-start id="4953" type="GMP work packet processing" contextid="4826" timestamp="2019-07-07T05:34:53.110">
  <concurrent-mark-start scanTarget="1048576" />
</concurrent-start>
<exclusive-end id="4954" timestamp="2019-07-07T05:34:53.111" durationms="0.823" />

<concurrent-end id="4955" type="GMP work packet processing" contextid="4826" timestamp="2019-07-07T05:34:53.111">
  <concurrent-mark-end bytesScanned="1080660" reasonForTermination="Work target met" />
</concurrent-end>

<exclusive-start id="4956" timestamp="2019-07-07T05:34:53.116" intervalms="6.697">
  <response-info timems="0.072" idlems="0.072" threads="0" lastid="00000000020B9700" lastname="main" />
</exclusive-start>
<allocation-taxation id="4957" taxation-threshold="17825792" timestamp="2019-07-07T05:34:53.117" intervalms="6.647" />
<cycle-start id="4958" type="partial gc" contextid="0" timestamp="2019-07-07T05:34:53.117" intervalms="16.109" />
<gc-start id="4959" type="partial gc" contextid="4958" timestamp="2019-07-07T05:34:53.117">
  <mem-info id="4960" free="33554432" total="115343360" percent="29">
    <mem type="eden" free="1048552" total="36700160" percent="2" />
    <remembered-set count="75776" freebytes="4301056" totalbytes="4604160" percent="93" regionsoverflowed="0" regionsstable="0" regionsrebuilding="18"/>
  </mem-info>
</gc-start>
<allocation-stats totalBytes="35532384" >
  <allocated-bytes non-tlh="0" tlh="35532384" arrayletleaf="0"/>
  <largest-consumer threadName="main" threadId="00000000020B9700" bytes="17767424" />
</allocation-stats>
<gc-op id="4961" type="copy forward" timems="1.657" contextid="4958" timestamp="2019-07-07T05:34:53.120">
  <memory-copied type="eden" objects="1" bytes="24" bytesdiscarded="0" />
  <memory-copied type="other" objects="67" bytes="2872" bytesdiscarded="0" />
  <memory-cardclean objects="58" bytes="1976" />
  <regions eden="34" other="2" />
  <remembered-set-cleared processed="72279" cleared="35" durationms="0.528" />
  <stringconstants candidates="13269" cleared="0"  />
</gc-op>
<gc-op id="4962" type="classunload" timems="0.004" contextid="4958" timestamp="2019-07-07T05:34:53.120">
  <classunload-info classloadercandidates="53" classloadersunloaded="0" classesunloaded="0" anonymousclassesunloaded="0" quiescems="0.000" setupms="0.004" scanms="0.000" postms="0.000" />
</gc-op>
<gc-end id="4963" type="partial gc" contextid="4958" durationms="2.740" usertimems="0.000" systemtimems="0.000" timestamp="2019-07-07T05:34:53.120" activeThreads="1">
  <mem-info id="4964" free="69206016" total="115343360" percent="60">
    <mem type="eden" free="1048552" total="1048576" percent="99" />
    <remembered-set count="76160" freebytes="4299520" totalbytes="4604160" percent="93" regionsoverflowed="0" regionsstable="0" regionsrebuilding="18"/>
  </mem-info>
</gc-end>
<cycle-end id="4965" type="partial gc" contextid="4958" timestamp="2019-07-07T05:34:53.120" />
  <attribute name="elasticGC enabled" value="1" />
  <attribute name= "numThreadsSpecified" value="1" />
  <attribute name="heapSize specified" value="0" />
  <attribute name="Current GC Util" value="73" />
  <attribute name= "Current Time Running" value="22645" />
  <attribute name ="GC Interval" value="0" />
  <attribute name="ProportionalT" value="26.500000" />
  <attribute name="ProportionalI" value="26.500000" />
  <attribute name="ProportionalH" value="26.500000" />
  <attribute name="Current Error" value="53.000000" />
  <attribute name="IntegralT" value="0.000000" />
  <attribute name="IntegralI" value="0.000000" />
  <attribute name="IntegralH" value="0.000000" />
  <attribute name="DerivativeT" value="inf" />
  <attribute name="DerivativeI" value="inf" />
  <attribute name="DerivativeH" value="inf" />
  <attribute name="Loop Time for DT" value="0.000000" />
  <attribute name="Output H" value="8388608"/>
  <attribute name="Output I" value="200"/>
  <attribute name="Output T" value="1"/>
  <attribute name="Target GC Util Change" value ="20.000000" />
  <attribute name="Current GC Util Change" value="73.000000"/>
  <attribute name="GC Util currently" value="73" />
  <attribute name="CPU Util currently" value="17975988683061" />
<exclusive-end id="4966" timestamp="2019-07-07T05:34:53.120" durationms="3.807" />

<exclusive-start id="4967" timestamp="2019-07-07T05:34:53.126" intervalms="9.346">
  <response-info timems="0.074" idlems="0.074" threads="0" lastid="00000000020B9700" lastname="main" />
</exclusive-start>
<allocation-taxation id="4968" taxation-threshold="17825792" timestamp="2019-07-07T05:34:53.126" intervalms="9.407" />
<gc-start id="4969" type="global mark phase" contextid="4826" timestamp="2019-07-07T05:34:53.126">
  <mem-info id="4970" free="51380224" total="115343360" percent="44">
    <remembered-set count="75776" freebytes="4301056" totalbytes="4604160" percent="93" regionsoverflowed="0" regionsstable="0" regionsrebuilding="18"/>
  </mem-info>
</gc-start>
<gc-end id="4971" type="global mark phase" contextid="4826" durationms="0.150" usertimems="0.000" systemtimems="0.000" timestamp="2019-07-07T05:34:53.126" activeThreads="1">
  <mem-info id="4972" free="51380224" total="115343360" percent="44">
    <remembered-set count="75776" freebytes="4301056" totalbytes="4604160" percent="93" regionsoverflowed="0" regionsstable="0" regionsrebuilding="18"/>
  </mem-info>
</gc-end>
<concurrent-start id="4973" type="GMP work packet processing" contextid="4826" timestamp="2019-07-07T05:34:53.127">
  <concurrent-mark-start scanTarget="1048576" />
</concurrent-start>
<exclusive-end id="4974" timestamp="2019-07-07T05:34:53.127" durationms="0.868" />

<concurrent-end id="4975" type="GMP work packet processing" contextid="4826" timestamp="2019-07-07T05:34:53.127">
  <concurrent-mark-end bytesScanned="1101340" reasonForTermination="Work target met" />
</concurrent-end>

<exclusive-start id="4976" timestamp="2019-07-07T05:34:53.133" intervalms="6.820">
  <response-info timems="0.058" idlems="0.058" threads="0" lastid="00000000020B9700" lastname="main" />
</exclusive-start>
<allocation-taxation id="4977" taxation-threshold="17825792" timestamp="2019-07-07T05:34:53.133" intervalms="6.790" />
<cycle-start id="4978" type="partial gc" contextid="0" timestamp="2019-07-07T05:34:53.133" intervalms="16.235" />
<gc-start id="4979" type="partial gc" contextid="4978" timestamp="2019-07-07T05:34:53.133">
  <mem-info id="4980" free="33554432" total="115343360" percent="29">
    <mem type="eden" free="1048552" total="36700160" percent="2" />
    <remembered-set count="85344" freebytes="4262784" totalbytes="4604160" percent="92" regionsoverflowed="0" regionsstable="0" regionsrebuilding="18"/>
  </mem-info>
</gc-start>
<allocation-stats totalBytes="35532408" >
  <allocated-bytes non-tlh="0" tlh="35532408" arrayletleaf="0"/>
  <largest-consumer threadName="main" threadId="00000000020B9700" bytes="17767448" />
</allocation-stats>
<gc-op id="4981" type="copy forward" timems="1.623" contextid="4978" timestamp="2019-07-07T05:34:53.136">
  <memory-copied type="eden" objects="1" bytes="24" bytesdiscarded="0" />
  <memory-copied type="other" objects="67" bytes="2872" bytesdiscarded="0" />
  <memory-cardclean objects="58" bytes="1976" />
  <regions eden="34" other="2" />
  <remembered-set-cleared processed="82984" cleared="35" durationms="0.607" />
  <stringconstants candidates="13269" cleared="0"  />
</gc-op>
<gc-op id="4982" type="classunload" timems="0.003" contextid="4978" timestamp="2019-07-07T05:34:53.136">
  <classunload-info classloadercandidates="53" classloadersunloaded="0" classesunloaded="0" anonymousclassesunloaded="0" quiescems="0.000" setupms="0.003" scanms="0.000" postms="0.000" />
</gc-op>
<gc-end id="4983" type="partial gc" contextid="4978" durationms="2.825" usertimems="0.000" systemtimems="0.000" timestamp="2019-07-07T05:34:53.136" activeThreads="1">
  <mem-info id="4984" free="69206016" total="115343360" percent="60">
    <mem type="eden" free="1048552" total="1048576" percent="99" />
    <remembered-set count="85792" freebytes="4260992" totalbytes="4604160" percent="92" regionsoverflowed="0" regionsstable="0" regionsrebuilding="18"/>
  </mem-info>
</gc-end>
<cycle-end id="4985" type="partial gc" contextid="4978" timestamp="2019-07-07T05:34:53.136" />
  <attribute name="elasticGC enabled" value="1" />
  <attribute name= "numThreadsSpecified" value="1" />
  <attribute name="heapSize specified" value="0" />
  <attribute name="Current GC Util" value="75" />
  <attribute name= "Current Time Running" value="22661" />
  <attribute name ="GC Interval" value="0" />
  <attribute name="ProportionalT" value="27.500000" />
  <attribute name="ProportionalI" value="27.500000" />
  <attribute name="ProportionalH" value="27.500000" />
  <attribute name="Current Error" value="55.000000" />
  <attribute name="IntegralT" value="0.000000" />
  <attribute name="IntegralI" value="0.000000" />
  <attribute name="IntegralH" value="0.000000" />
  <attribute name="DerivativeT" value="inf" />
  <attribute name="DerivativeI" value="inf" />
  <attribute name="DerivativeH" value="inf" />
  <attribute name="Loop Time for DT" value="0.000000" />
  <attribute name="Output H" value="8388608"/>
  <attribute name="Output I" value="200"/>
  <attribute name="Output T" value="1"/>
  <attribute name="Target GC Util Change" value ="20.000000" />
  <attribute name="Current GC Util Change" value="75.000000"/>
  <attribute name="GC Util currently" value="75" />
  <attribute name="CPU Util currently" value="18458926765891" />
<exclusive-end id="4986" timestamp="2019-07-07T05:34:53.137" durationms="3.918" />

<exclusive-start id="4987" timestamp="2019-07-07T05:34:53.142" intervalms="9.378">
  <response-info timems="0.076" idlems="0.076" threads="0" lastid="00000000020B9700" lastname="main" />
</exclusive-start>
<allocation-taxation id="4988" taxation-threshold="17825792" timestamp="2019-07-07T05:34:53.142" intervalms="9.403" />
<gc-start id="4989" type="global mark phase" contextid="4826" timestamp="2019-07-07T05:34:53.142">
  <mem-info id="4990" free="51380224" total="115343360" percent="44">
    <remembered-set count="85344" freebytes="4262784" totalbytes="4604160" percent="92" regionsoverflowed="0" regionsstable="0" regionsrebuilding="18"/>
  </mem-info>
</gc-start>
<gc-end id="4991" type="global mark phase" contextid="4826" durationms="0.137" usertimems="0.000" systemtimems="0.000" timestamp="2019-07-07T05:34:53.143" activeThreads="1">
  <mem-info id="4992" free="51380224" total="115343360" percent="44">
    <remembered-set count="85344" freebytes="4262784" totalbytes="4604160" percent="92" regionsoverflowed="0" regionsstable="0" regionsrebuilding="18"/>
  </mem-info>
</gc-end>
<concurrent-start id="4993" type="GMP work packet processing" contextid="4826" timestamp="2019-07-07T05:34:53.143">
  <concurrent-mark-start scanTarget="1048576" />
</concurrent-start>
<exclusive-end id="4994" timestamp="2019-07-07T05:34:53.143" durationms="0.908" />

<concurrent-end id="4995" type="GMP work packet processing" contextid="4826" timestamp="2019-07-07T05:34:53.144">
  <concurrent-mark-end bytesScanned="1110628" reasonForTermination="Work target met" />
</concurrent-end>

<exclusive-start id="4996" timestamp="2019-07-07T05:34:53.149" intervalms="6.975">
  <response-info timems="0.075" idlems="0.075" threads="0" lastid="00000000020B9700" lastname="main" />
</exclusive-start>
<allocation-taxation id="4997" taxation-threshold="17825792" timestamp="2019-07-07T05:34:53.149" intervalms="6.977" />
<cycle-start id="4998" type="partial gc" contextid="0" timestamp="2019-07-07T05:34:53.149" intervalms="16.328" />
<gc-start id="4999" type="partial gc" contextid="4998" timestamp="2019-07-07T05:34:53.150">
  <mem-info id="5000" free="33554432" total="115343360" percent="29">
    <mem type="eden" free="1048552" total="36700160" percent="2" />
    <remembered-set count="106304" freebytes="4178944" totalbytes="4604160" percent="90" regionsoverflowed="0" regionsstable="0" regionsrebuilding="18"/>
  </mem-info>
</gc-start>
<allocation-stats totalBytes="35532384" >
  <allocated-bytes non-tlh="0" tlh="35532384" arrayletleaf="0"/>
  <largest-consumer threadName="main" threadId="00000000020B9700" bytes="17767424" />
</allocation-stats>
<gc-op id="5001" type="copy forward" timems="1.767" contextid="4998" timestamp="2019-07-07T05:34:53.152">
  <memory-copied type="eden" objects="1" bytes="24" bytesdiscarded="0" />
  <memory-copied type="other" objects="67" bytes="2872" bytesdiscarded="544" />
  <memory-cardclean objects="58" bytes="1976" />
  <regions eden="34" other="2" />
  <remembered-set-cleared processed="103467" cleared="34" durationms="0.385" />
  <stringconstants candidates="13269" cleared="0"  />
</gc-op>
<gc-op id="5002" type="classunload" timems="0.004" contextid="4998" timestamp="2019-07-07T05:34:53.152">
  <classunload-info classloadercandidates="53" classloadersunloaded="0" classesunloaded="0" anonymousclassesunloaded="0" quiescems="0.000" setupms="0.004" scanms="0.000" postms="0.000" />
</gc-op>
<gc-end id="5003" type="partial gc" contextid="4998" durationms="2.852" usertimems="0.000" systemtimems="4.000" timestamp="2019-07-07T05:34:53.153" activeThreads="4">
  <mem-info id="5004" free="69206016" total="115343360" percent="60">
    <mem type="eden" free="1048552" total="1048576" percent="99" />
    <remembered-set count="107008" freebytes="4176128" totalbytes="4604160" percent="90" regionsoverflowed="0" regionsstable="0" regionsrebuilding="18"/>
  </mem-info>
</gc-end>
<cycle-end id="5005" type="partial gc" contextid="4998" timestamp="2019-07-07T05:34:53.153" />
  <attribute name="elasticGC enabled" value="1" />
  <attribute name= "numThreadsSpecified" value="4" />
  <attribute name="heapSize specified" value="0" />
  <attribute name="Current GC Util" value="73" />
  <attribute name= "Current Time Running" value="22678" />
  <attribute name ="GC Interval" value="0" />
  <attribute name="ProportionalT" value="26.500000" />
  <attribute name="ProportionalI" value="26.500000" />
  <attribute name="ProportionalH" value="26.500000" />
  <attribute name="Current Error" value="53.000000" />
  <attribute name="IntegralT" value="26.500000" />
  <attribute name="IntegralI" value="26.500000" />
  <attribute name="IntegralH" value="26.500000" />
  <attribute name="DerivativeT" value="46.000000" />
  <attribute name="DerivativeI" value="46.000000" />
  <attribute name="DerivativeH" value="46.000000" />
  <attribute name="Loop Time for DT" value="1.000000" />
  <attribute name="Output H" value="8388608"/>
  <attribute name="Output I" value="200"/>
  <attribute name="Output T" value="4"/>
  <attribute name="Target GC Util Change" value ="20.000000" />
  <attribute name="Current GC Util Change" value="73.000000"/>
  <attribute name="GC Util currently" value="73" />
  <attribute name="CPU Util currently" value="18582320484002" />
<exclusive-end id="5006" timestamp="2019-07-07T05:34:53.153" durationms="3.986" />

<exclusive-start id="5007" timestamp="2019-07-07T05:34:53.159" intervalms="9.509">
  <response-info timems="0.076" idlems="0.076" threads="0" lastid="00000000020B9700" lastname="main" />
</exclusive-start>
<allocation-taxation id="5008" taxation-threshold="17825792" timestamp="2019-07-07T05:34:53.159" intervalms="9.516" />
<gc-start id="5009" type="global mark phase" contextid="4826" timestamp="2019-07-07T05:34:53.159">
  <mem-info id="5010" free="51380224" total="115343360" percent="44">
    <remembered-set count="106560" freebytes="4177920" totalbytes="4604160" percent="90" regionsoverflowed="0" regionsstable="0" regionsrebuilding="18"/>
  </mem-info>
</gc-start>
<gc-end id="5011" type="global mark phase" contextid="4826" durationms="0.148" usertimems="0.000" systemtimems="0.000" timestamp="2019-07-07T05:34:53.159" activeThreads="4">
  <mem-info id="5012" free="51380224" total="115343360" percent="44">
    <remembered-set count="106560" freebytes="4177920" totalbytes="4604160" percent="90" regionsoverflowed="0" regionsstable="0" regionsrebuilding="18"/>
  </mem-info>
</gc-end>
<concurrent-start id="5013" type="GMP work packet processing" contextid="4826" timestamp="2019-07-07T05:34:53.159">
  <concurrent-mark-start scanTarget="1048576" />
</concurrent-start>
<exclusive-end id="5014" timestamp="2019-07-07T05:34:53.159" durationms="0.901" />

<concurrent-end id="5015" type="GMP work packet processing" contextid="4826" timestamp="2019-07-07T05:34:53.160">
  <concurrent-mark-end bytesScanned="1089916" reasonForTermination="Work target met" />
</concurrent-end>

<exclusive-start id="5016" timestamp="2019-07-07T05:34:53.165" intervalms="6.726">
  <response-info timems="0.025" idlems="0.025" threads="0" lastid="00000000020B9700" lastname="main" />
</exclusive-start>
<allocation-taxation id="5017" taxation-threshold="17825792" timestamp="2019-07-07T05:34:53.165" intervalms="6.667" />
<cycle-start id="5018" type="partial gc" contextid="0" timestamp="2019-07-07T05:34:53.166" intervalms="16.188" />
<gc-start id="5019" type="partial gc" contextid="5018" timestamp="2019-07-07T05:34:53.166">
  <mem-info id="5020" free="33554432" total="115343360" percent="29">
    <mem type="eden" free="1048552" total="36700160" percent="2" />
    <remembered-set count="116576" freebytes="4137856" totalbytes="4604160" percent="89" regionsoverflowed="0" regionsstable="0" regionsrebuilding="18"/>
  </mem-info>
</gc-start>
<allocation-stats totalBytes="35532408" >
  <allocated-bytes non-tlh="0" tlh="35532408" arrayletleaf="0"/>
  <largest-consumer threadName="main" threadId="00000000020B9700" bytes="17767424" />
</allocation-stats>
<gc-op id="5021" type="copy forward" timems="1.621" contextid="5018" timestamp="2019-07-07T05:34:53.168">
  <memory-copied type="eden" objects="1" bytes="24" bytesdiscarded="0" />
  <memory-copied type="other" objects="67" bytes="2872" bytesdiscarded="544" />
  <memory-cardclean objects="58" bytes="1976" />
  <regions eden="34" other="2" />
  <remembered-set-cleared processed="114186" cleared="39" durationms="0.440" />
  <stringconstants candidates="13269" cleared="0"  />
</gc-op>
<gc-op id="5022" type="classunload" timems="0.004" contextid="5018" timestamp="2019-07-07T05:34:53.168">
  <classunload-info classloadercandidates="53" classloadersunloaded="0" classesunloaded="0" anonymousclassesunloaded="0" quiescems="0.000" setupms="0.004" scanms="0.000" postms="0.000" />
</gc-op>
<gc-end id="5023" type="partial gc" contextid="5018" durationms="2.644" usertimems="8.000" systemtimems="0.000" timestamp="2019-07-07T05:34:53.168" activeThreads="4">
  <mem-info id="5024" free="69206016" total="115343360" percent="60">
    <mem type="eden" free="1048552" total="1048576" percent="99" />
    <remembered-set count="118112" freebytes="4131712" totalbytes="4604160" percent="89" regionsoverflowed="0" regionsstable="0" regionsrebuilding="18"/>
  </mem-info>
</gc-end>
<cycle-end id="5025" type="partial gc" contextid="5018" timestamp="2019-07-07T05:34:53.169" />
  <attribute name="elasticGC enabled" value="1" />
  <attribute name= "numThreadsSpecified" value="4" />
  <attribute name="heapSize specified" value="0" />
  <attribute name="Current GC Util" value="73" />
  <attribute name= "Current Time Running" value="22694" />
  <attribute name ="GC Interval" value="0" />
  <attribute name="ProportionalT" value="26.500000" />
  <attribute name="ProportionalI" value="26.500000" />
  <attribute name="ProportionalH" value="26.500000" />
  <attribute name="Current Error" value="53.000000" />
  <attribute name="IntegralT" value="26.500000" />
  <attribute name="IntegralI" value="26.500000" />
  <attribute name="IntegralH" value="26.500000" />
  <attribute name="DerivativeT" value="51.000000" />
  <attribute name="DerivativeI" value="51.000000" />
  <attribute name="DerivativeH" value="51.000000" />
  <attribute name="Loop Time for DT" value="1.000000" />
  <attribute name="Output H" value="8388608"/>
  <attribute name="Output I" value="200"/>
  <attribute name="Output T" value="4"/>
  <attribute name="Target GC Util Change" value ="20.000000" />
  <attribute name="Current GC Util Change" value="73.000000"/>
  <attribute name="GC Util currently" value="73" />
  <attribute name="CPU Util currently" value="18408895184643" />
<exclusive-end id="5026" timestamp="2019-07-07T05:34:53.169" durationms="3.620" />

<exclusive-start id="5027" timestamp="2019-07-07T05:34:53.174" intervalms="9.155">
  <response-info timems="0.084" idlems="0.084" threads="0" lastid="00000000020B9700" lastname="main" />
</exclusive-start>
<allocation-taxation id="5028" taxation-threshold="17825792" timestamp="2019-07-07T05:34:53.175" intervalms="9.203" />
<gc-start id="5029" type="global mark phase" contextid="4826" timestamp="2019-07-07T05:34:53.175">
  <mem-info id="5030" free="51380224" total="115343360" percent="44">
    <remembered-set count="117664" freebytes="4133504" totalbytes="4604160" percent="89" regionsoverflowed="0" regionsstable="0" regionsrebuilding="18"/>
  </mem-info>
</gc-start>
<gc-end id="5031" type="global mark phase" contextid="4826" durationms="0.151" usertimems="0.000" systemtimems="0.000" timestamp="2019-07-07T05:34:53.175" activeThreads="4">
  <mem-info id="5032" free="51380224" total="115343360" percent="44">
    <remembered-set count="117664" freebytes="4133504" totalbytes="4604160" percent="89" regionsoverflowed="0" regionsstable="0" regionsrebuilding="18"/>
  </mem-info>
</gc-end>
<concurrent-start id="5033" type="GMP work packet processing" contextid="4826" timestamp="2019-07-07T05:34:53.175">
  <concurrent-mark-start scanTarget="1048576" />
</concurrent-start>
<exclusive-end id="5034" timestamp="2019-07-07T05:34:53.176" durationms="1.436" />

<concurrent-end id="5035" type="GMP work packet processing" contextid="4826" timestamp="2019-07-07T05:34:53.176">
  <concurrent-mark-end bytesScanned="1085700" reasonForTermination="Work target met" />
</concurrent-end>

<exclusive-start id="5036" timestamp="2019-07-07T05:34:53.181" intervalms="6.870">
  <response-info timems="0.075" idlems="0.075" threads="0" lastid="00000000020B9700" lastname="main" />
</exclusive-start>
<allocation-taxation id="5037" taxation-threshold="17825792" timestamp="2019-07-07T05:34:53.181" intervalms="6.780" />
<cycle-start id="5038" type="partial gc" contextid="0" timestamp="2019-07-07T05:34:53.182" intervalms="16.053" />
<gc-start id="5039" type="partial gc" contextid="5038" timestamp="2019-07-07T05:34:53.182">
  <mem-info id="5040" free="33554432" total="115343360" percent="29">
    <mem type="eden" free="1048552" total="36700160" percent="2" />
    <remembered-set count="125056" freebytes="4103936" totalbytes="4604160" percent="89" regionsoverflowed="0" regionsstable="0" regionsrebuilding="18"/>
  </mem-info>
</gc-start>
<allocation-stats totalBytes="35532408" >
  <allocated-bytes non-tlh="0" tlh="35532408" arrayletleaf="0"/>
  <largest-consumer threadName="main" threadId="00000000020B9700" bytes="17767448" />
</allocation-stats>
<gc-op id="5041" type="copy forward" timems="1.632" contextid="5038" timestamp="2019-07-07T05:34:53.184">
  <memory-copied type="eden" objects="1" bytes="24" bytesdiscarded="0" />
  <memory-copied type="other" objects="67" bytes="2872" bytesdiscarded="1088" />
  <memory-cardclean objects="58" bytes="1976" />
  <regions eden="34" other="2" />
  <remembered-set-cleared processed="122610" cleared="42" durationms="0.475" />
  <stringconstants candidates="13269" cleared="0"  />
</gc-op>
<gc-op id="5042" type="classunload" timems="0.004" contextid="5038" timestamp="2019-07-07T05:34:53.184">
  <classunload-info classloadercandidates="53" classloadersunloaded="0" classesunloaded="0" anonymousclassesunloaded="0" quiescems="0.000" setupms="0.003" scanms="0.000" postms="0.000" />
</gc-op>
<gc-end id="5043" type="partial gc" contextid="5038" durationms="2.596" usertimems="4.000" systemtimems="0.000" timestamp="2019-07-07T05:34:53.184" activeThreads="4">
  <mem-info id="5044" free="69206016" total="115343360" percent="60">
    <mem type="eden" free="1048552" total="1048576" percent="99" />
    <remembered-set count="126560" freebytes="4097920" totalbytes="4604160" percent="89" regionsoverflowed="0" regionsstable="0" regionsrebuilding="18"/>
  </mem-info>
</gc-end>
<cycle-end id="5045" type="partial gc" contextid="5038" timestamp="2019-07-07T05:34:53.185" />
  <attribute name="elasticGC enabled" value="1" />
  <attribute name= "numThreadsSpecified" value="4" />
  <attribute name="heapSize specified" value="0" />
  <attribute name="Current GC Util" value="0" />
  <attribute name= "Current Time Running" value="22710" />
  <attribute name ="GC Interval" value="0" />
  <attribute name="ProportionalT" value="-10.000000" />
  <attribute name="ProportionalI" value="-10.000000" />
  <attribute name="ProportionalH" value="-10.000000" />
  <attribute name="Current Error" value="-20.000000" />
  <attribute name="IntegralT" value="-10.000000" />
  <attribute name="IntegralI" value="-10.000000" />
  <attribute name="IntegralH" value="-10.000000" />
  <attribute name="DerivativeT" value="-20.000000" />
  <attribute name="DerivativeI" value="-20.000000" />
  <attribute name="DerivativeH" value="-20.000000" />
  <attribute name="Loop Time for DT" value="1.000000" />
  <attribute name="Output H" value="2091843584"/>
  <attribute name="Output I" value="200"/>
  <attribute name="Output T" value="4"/>
  <attribute name="Target GC Util Change" value ="20.000000" />
  <attribute name="Current GC Util Change" value="0.000000"/>
  <attribute name="GC Util currently" value="0" />
  <attribute name="CPU Util currently" value="27769865164522" />
<exclusive-end id="5046" timestamp="2019-07-07T05:34:53.185" durationms="3.614" />

<exclusive-start id="5047" timestamp="2019-07-07T05:34:53.190" intervalms="9.076">
  <response-info timems="0.080" idlems="0.080" threads="0" lastid="00000000020B9700" lastname="main" />
</exclusive-start>
<allocation-taxation id="5048" taxation-threshold="17825792" timestamp="2019-07-07T05:34:53.191" intervalms="9.173" />
<gc-start id="5049" type="global mark phase" contextid="4826" timestamp="2019-07-07T05:34:53.191">
  <mem-info id="5050" free="51380224" total="115343360" percent="44">
    <remembered-set count="126112" freebytes="4099712" totalbytes="4604160" percent="89" regionsoverflowed="0" regionsstable="0" regionsrebuilding="18"/>
  </mem-info>
</gc-start>
<gc-end id="5051" type="global mark phase" contextid="4826" durationms="0.139" usertimems="0.000" systemtimems="0.000" timestamp="2019-07-07T05:34:53.191" activeThreads="4">
  <mem-info id="5052" free="51380224" total="115343360" percent="44">
    <remembered-set count="126112" freebytes="4099712" totalbytes="4604160" percent="89" regionsoverflowed="0" regionsstable="0" regionsrebuilding="18"/>
  </mem-info>
</gc-end>
<concurrent-start id="5053" type="GMP work packet processing" contextid="4826" timestamp="2019-07-07T05:34:53.191">
  <concurrent-mark-start scanTarget="1048576" />
</concurrent-start>
<exclusive-end id="5054" timestamp="2019-07-07T05:34:53.192" durationms="0.923" />

<concurrent-end id="5055" type="GMP work packet processing" contextid="4826" timestamp="2019-07-07T05:34:53.192">
  <concurrent-mark-end bytesScanned="1095956" reasonForTermination="Work target met" />
</concurrent-end>

<exclusive-start id="5056" timestamp="2019-07-07T05:34:53.197" intervalms="6.933">
  <response-info timems="0.067" idlems="0.067" threads="0" lastid="00000000020B9700" lastname="main" />
</exclusive-start>
<allocation-taxation id="5057" taxation-threshold="17825792" timestamp="2019-07-07T05:34:53.197" intervalms="6.863" />
<cycle-start id="5058" type="partial gc" contextid="0" timestamp="2019-07-07T05:34:53.198" intervalms="15.950" />
<gc-start id="5059" type="partial gc" contextid="5058" timestamp="2019-07-07T05:34:53.198">
  <mem-info id="5060" free="33554432" total="115343360" percent="29">
    <mem type="eden" free="1048552" total="36700160" percent="2" />
    <remembered-set count="136544" freebytes="4057984" totalbytes="4604160" percent="88" regionsoverflowed="0" regionsstable="0" regionsrebuilding="18"/>
  </mem-info>
</gc-start>
<allocation-stats totalBytes="35532384" >
  <allocated-bytes non-tlh="0" tlh="35532384" arrayletleaf="0"/>
  <largest-consumer threadName="main" threadId="00000000020B9700" bytes="17767424" />
</allocation-stats>
<gc-op id="5061" type="copy forward" timems="2.067" contextid="5058" timestamp="2019-07-07T05:34:53.201">
  <memory-copied type="eden" objects="1" bytes="24" bytesdiscarded="0" />
  <memory-copied type="other" objects="67" bytes="2872" bytesdiscarded="544" />
  <memory-cardclean objects="58" bytes="1976" />
  <regions eden="34" other="2" />
  <remembered-set-cleared processed="133816" cleared="42" durationms="0.488" />
  <stringconstants candidates="13269" cleared="0"  />
</gc-op>
<gc-op id="5062" type="classunload" timems="0.004" contextid="5058" timestamp="2019-07-07T05:34:53.201">
  <classunload-info classloadercandidates="53" classloadersunloaded="0" classesunloaded="0" anonymousclassesunloaded="0" quiescems="0.000" setupms="0.004" scanms="0.000" postms="0.000" />
</gc-op>
<gc-end id="5063" type="partial gc" contextid="5058" durationms="3.134" usertimems="8.000" systemtimems="0.000" timestamp="2019-07-07T05:34:53.201" activeThreads="4">
  <mem-info id="5064" free="69206016" total="115343360" percent="60">
    <mem type="eden" free="1048552" total="1048576" percent="99" />
    <remembered-set count="137248" freebytes="4055168" totalbytes="4604160" percent="88" regionsoverflowed="0" regionsstable="0" regionsrebuilding="18"/>
  </mem-info>
</gc-end>
<cycle-end id="5065" type="partial gc" contextid="5058" timestamp="2019-07-07T05:34:53.201" />
  <attribute name="elasticGC enabled" value="1" />
  <attribute name= "numThreadsSpecified" value="4" />
  <attribute name="heapSize specified" value="0" />
  <attribute name="Current GC Util" value="78" />
  <attribute name= "Current Time Running" value="22726" />
  <attribute name ="GC Interval" value="0" />
  <attribute name="ProportionalT" value="29.000000" />
  <attribute name="ProportionalI" value="29.000000" />
  <attribute name="ProportionalH" value="29.000000" />
  <attribute name="Current Error" value="58.000000" />
  <attribute name="IntegralT" value="29.000000" />
  <attribute name="IntegralI" value="29.000000" />
  <attribute name="IntegralH" value="29.000000" />
  <attribute name="DerivativeT" value="55.000000" />
  <attribute name="DerivativeI" value="55.000000" />
  <attribute name="DerivativeH" value="55.000000" />
  <attribute name="Loop Time for DT" value="1.000000" />
  <attribute name="Output H" value="8388608"/>
  <attribute name="Output I" value="200"/>
  <attribute name="Output T" value="4"/>
  <attribute name="Target GC Util Change" value ="20.000000" />
  <attribute name="Current GC Util Change" value="78.000000"/>
  <attribute name="GC Util currently" value="78" />
  <attribute name="CPU Util currently" value="18148812958409" />
<exclusive-end id="5066" timestamp="2019-07-07T05:34:53.201" durationms="4.130" />

<exclusive-start id="5067" timestamp="2019-07-07T05:34:53.207" intervalms="9.615">
  <response-info timems="0.077" idlems="0.077" threads="0" lastid="00000000020B9700" lastname="main" />
</exclusive-start>
<allocation-taxation id="5068" taxation-threshold="17825792" timestamp="2019-07-07T05:34:53.207" intervalms="9.689" />
<gc-start id="5069" type="global mark phase" contextid="4826" timestamp="2019-07-07T05:34:53.207">
  <mem-info id="5070" free="51380224" total="115343360" percent="44">
    <remembered-set count="137248" freebytes="4055168" totalbytes="4604160" percent="88" regionsoverflowed="0" regionsstable="0" regionsrebuilding="18"/>
  </mem-info>
</gc-start>
<gc-end id="5071" type="global mark phase" contextid="4826" durationms="0.137" usertimems="0.000" systemtimems="0.000" timestamp="2019-07-07T05:34:53.207" activeThreads="4">
  <mem-info id="5072" free="51380224" total="115343360" percent="44">
    <remembered-set count="137248" freebytes="4055168" totalbytes="4604160" percent="88" regionsoverflowed="0" regionsstable="0" regionsrebuilding="18"/>
  </mem-info>
</gc-end>
<concurrent-start id="5073" type="GMP work packet processing" contextid="4826" timestamp="2019-07-07T05:34:53.208">
  <concurrent-mark-start scanTarget="1048576" />
</concurrent-start>
<exclusive-end id="5074" timestamp="2019-07-07T05:34:53.208" durationms="0.992" />

<concurrent-end id="5075" type="GMP work packet processing" contextid="4826" timestamp="2019-07-07T05:34:53.208">
  <concurrent-mark-end bytesScanned="112712" reasonForTermination="Completed all work in GC phase" />
</concurrent-end>

<exclusive-start id="5076" timestamp="2019-07-07T05:34:53.213" intervalms="6.408">
  <response-info timems="0.069" idlems="0.069" threads="0" lastid="00000000020B9700" lastname="main" />
</exclusive-start>
<allocation-taxation id="5077" taxation-threshold="17825792" timestamp="2019-07-07T05:34:53.213" intervalms="6.333" />
<cycle-start id="5078" type="partial gc" contextid="0" timestamp="2019-07-07T05:34:53.214" intervalms="16.101" />
<gc-start id="5079" type="partial gc" contextid="5078" timestamp="2019-07-07T05:34:53.214">
  <mem-info id="5080" free="33554432" total="115343360" percent="29">
    <mem type="eden" free="1048552" total="36700160" percent="2" />
    <remembered-set count="137600" freebytes="4053760" totalbytes="4604160" percent="88" regionsoverflowed="0" regionsstable="0" regionsrebuilding="18"/>
  </mem-info>
</gc-start>
<allocation-stats totalBytes="35532408" >
  <allocated-bytes non-tlh="0" tlh="35532408" arrayletleaf="0"/>
  <largest-consumer threadName="main" threadId="00000000020B9700" bytes="17767448" />
</allocation-stats>
<gc-op id="5081" type="copy forward" timems="1.743" contextid="5078" timestamp="2019-07-07T05:34:53.216">
  <memory-copied type="eden" objects="1" bytes="24" bytesdiscarded="0" />
  <memory-copied type="other" objects="67" bytes="2872" bytesdiscarded="0" />
  <memory-cardclean objects="58" bytes="1976" />
  <regions eden="34" other="2" />
  <remembered-set-cleared processed="134379" cleared="39" durationms="0.853" />
  <stringconstants candidates="13269" cleared="0"  />
</gc-op>
<gc-op id="5082" type="classunload" timems="0.004" contextid="5078" timestamp="2019-07-07T05:34:53.217">
  <classunload-info classloadercandidates="53" classloadersunloaded="0" classesunloaded="0" anonymousclassesunloaded="0" quiescems="0.000" setupms="0.004" scanms="0.000" postms="0.000" />
</gc-op>
<gc-end id="5083" type="partial gc" contextid="5078" durationms="2.877" usertimems="4.000" systemtimems="0.000" timestamp="2019-07-07T05:34:53.217" activeThreads="1">
  <mem-info id="5084" free="69206016" total="115343360" percent="60">
    <mem type="eden" free="1048552" total="1048576" percent="99" />
    <remembered-set count="137792" freebytes="4052992" totalbytes="4604160" percent="88" regionsoverflowed="0" regionsstable="0" regionsrebuilding="18"/>
  </mem-info>
</gc-end>
<cycle-end id="5085" type="partial gc" contextid="5078" timestamp="2019-07-07T05:34:53.217" />
  <attribute name="elasticGC enabled" value="1" />
  <attribute name= "numThreadsSpecified" value="1" />
  <attribute name="heapSize specified" value="0" />
  <attribute name="Current GC Util" value="56" />
  <attribute name= "Current Time Running" value="22742" />
  <attribute name ="GC Interval" value="0" />
  <attribute name="ProportionalT" value="18.000000" />
  <attribute name="ProportionalI" value="18.000000" />
  <attribute name="ProportionalH" value="18.000000" />
  <attribute name="Current Error" value="36.000000" />
  <attribute name="IntegralT" value="0.000000" />
  <attribute name="IntegralI" value="0.000000" />
  <attribute name="IntegralH" value="0.000000" />
  <attribute name="DerivativeT" value="inf" />
  <attribute name="DerivativeI" value="inf" />
  <attribute name="DerivativeH" value="inf" />
  <attribute name="Loop Time for DT" value="0.000000" />
  <attribute name="Output H" value="8388608"/>
  <attribute name="Output I" value="200"/>
  <attribute name="Output T" value="1"/>
  <attribute name="Target GC Util Change" value ="20.000000" />
  <attribute name="Current GC Util Change" value="56.000000"/>
  <attribute name="GC Util currently" value="56" />
  <attribute name="CPU Util currently" value="20067211321040" />
<exclusive-end id="5086" timestamp="2019-07-07T05:34:53.217" durationms="3.966" />

<exclusive-start id="5087" timestamp="2019-07-07T05:34:53.223" intervalms="9.424">
  <response-info timems="0.073" idlems="0.073" threads="0" lastid="00000000020B9700" lastname="main" />
</exclusive-start>
<allocation-taxation id="5088" taxation-threshold="17825792" timestamp="2019-07-07T05:34:53.223" intervalms="9.494" />
<gc-start id="5089" type="global mark phase" contextid="4826" timestamp="2019-07-07T05:34:53.223">
  <mem-info id="5090" free="51380224" total="115343360" percent="44">
    <remembered-set count="137376" freebytes="4054656" totalbytes="4604160" percent="88" regionsoverflowed="0" regionsstable="0" regionsrebuilding="18"/>
  </mem-info>
</gc-start>
<gc-op id="5091" type="mark increment" timems="1.300" contextid="4826" timestamp="2019-07-07T05:34:53.225">
  <trace-info objectcount="1" scancount="1" scanbytes="24" />
  <cardclean-info objects="143" bytes="3916" />
  <finalization candidates="79" enqueued="0" />
  <ownableSynchronizers candidates="23" cleared="0" />
  <references type="soft" candidates="1862" cleared="0" enqueued="0" dynamicThreshold="19" maxThreshold="32" />
  <references type="weak" candidates="5686" cleared="0" enqueued="0" />
  <references type="phantom" candidates="101" cleared="0" enqueued="0" />
  <stringconstants candidates="13269" cleared="0"  />
</gc-op>
<gc-op id="5092" type="classunload" timems="0.004" contextid="4826" timestamp="2019-07-07T05:34:53.225">
  <classunload-info classloadercandidates="53" classloadersunloaded="0" classesunloaded="0" anonymousclassesunloaded="0" quiescems="0.000" setupms="0.004" scanms="0.000" postms="0.000" />
</gc-op>
<gc-end id="5093" type="global mark phase" contextid="4826" durationms="1.766" usertimems="0.000" systemtimems="0.000" timestamp="2019-07-07T05:34:53.225" activeThreads="4">
  <mem-info id="5094" free="51380224" total="115343360" percent="44">
    <remembered-set count="138912" freebytes="4048512" totalbytes="4604160" percent="87" regionsoverflowed="0" regionsstable="0" regionsrebuilding="0"/>
  </mem-info>
</gc-end>
<cycle-end id="5095" type="global mark phase" contextid="4826" timestamp="2019-07-07T05:34:53.225" />
  <attribute name="elasticGC enabled" value="1" />
  <attribute name= "numThreadsSpecified" value="4" />
  <attribute name="heapSize specified" value="0" />
  <attribute name="Current GC Util" value="58" />
  <attribute name= "Current Time Running" value="22751" />
  <attribute name ="GC Interval" value="0" />
  <attribute name="ProportionalT" value="19.000000" />
  <attribute name="ProportionalI" value="19.000000" />
  <attribute name="ProportionalH" value="19.000000" />
  <attribute name="Current Error" value="38.000000" />
  <attribute name="IntegralT" value="0.000000" />
  <attribute name="IntegralI" value="0.000000" />
  <attribute name="IntegralH" value="0.000000" />
  <attribute name="DerivativeT" value="-inf" />
  <attribute name="DerivativeI" value="-inf" />
  <attribute name="DerivativeH" value="-inf" />
  <attribute name="Loop Time for DT" value="0.000000" />
  <attribute name="Output H" value="2091843584"/>
  <attribute name="Output I" value="200"/>
  <attribute name="Output T" value="4"/>
  <attribute name="Target GC Util Change" value ="20.000000" />
  <attribute name="Current GC Util Change" value="58.000000"/>
  <attribute name="GC Util currently" value="58" />
  <attribute name="CPU Util currently" value="32895030941316" />
<exclusive-end id="5096" timestamp="2019-07-07T05:34:53.225" durationms="2.572" />

<exclusive-start id="5097" timestamp="2019-07-07T05:34:53.231" intervalms="8.058">
  <response-info timems="0.077" idlems="0.077" threads="0" lastid="00000000020B9700" lastname="main" />
</exclusive-start>
<allocation-taxation id="5098" taxation-threshold="17825792" timestamp="2019-07-07T05:34:53.231" intervalms="8.056" />
<cycle-start id="5099" type="partial gc" contextid="0" timestamp="2019-07-07T05:34:53.231" intervalms="17.495" />
<gc-start id="5100" type="partial gc" contextid="5099" timestamp="2019-07-07T05:34:53.231">
  <mem-info id="5101" free="33554432" total="115343360" percent="29">
    <mem type="eden" free="1048552" total="36700160" percent="2" />
    <remembered-set count="90304" freebytes="4242944" totalbytes="4604160" percent="92" regionsoverflowed="0" regionsstable="14" regionsrebuilding="0"/>
  </mem-info>
</gc-start>
<allocation-stats totalBytes="35532384" >
  <allocated-bytes non-tlh="0" tlh="35532384" arrayletleaf="0"/>
  <largest-consumer threadName="main" threadId="00000000020B9700" bytes="17767424" />
</allocation-stats>
<gc-op id="5102" type="sweep" timems="0.759" contextid="5099" timestamp="2019-07-07T05:34:53.233" />
<gc-op id="5103" type="copy forward" timems="1.424" contextid="5099" timestamp="2019-07-07T05:34:53.235">
  <memory-copied type="eden" objects="1" bytes="24" bytesdiscarded="0" />
  <memory-copied type="other" objects="6" bytes="136" bytesdiscarded="0" />
  <memory-cardclean objects="51" bytes="1360" />
  <regions eden="17" other="2" />
  <remembered-set-cleared processed="88327" cleared="22" durationms="0.741" />
  <stringconstants candidates="13269" cleared="0"  />
</gc-op>
<gc-op id="5104" type="classunload" timems="0.003" contextid="5099" timestamp="2019-07-07T05:34:53.235">
  <classunload-info classloadercandidates="53" classloadersunloaded="0" classesunloaded="0" anonymousclassesunloaded="0" quiescems="0.000" setupms="0.003" scanms="0.000" postms="0.000" />
</gc-op>
<gc-end id="5105" type="partial gc" contextid="5099" durationms="3.698" usertimems="0.000" systemtimems="4.000" timestamp="2019-07-07T05:34:53.235" activeThreads="1">
  <mem-info id="5106" free="69206016" total="115343360" percent="60">
    <mem type="eden" free="1048552" total="1048576" percent="99" />
    <remembered-set count="90720" freebytes="4241280" totalbytes="4604160" percent="92" regionsoverflowed="0" regionsstable="14" regionsrebuilding="0"/>
  </mem-info>
</gc-end>
<cycle-end id="5107" type="partial gc" contextid="5099" timestamp="2019-07-07T05:34:53.235" />
  <attribute name="elasticGC enabled" value="1" />
  <attribute name= "numThreadsSpecified" value="1" />
  <attribute name="heapSize specified" value="0" />
  <attribute name="Current GC Util" value="80" />
  <attribute name= "Current Time Running" value="22760" />
  <attribute name ="GC Interval" value="0" />
  <attribute name="ProportionalT" value="30.000000" />
  <attribute name="ProportionalI" value="30.000000" />
  <attribute name="ProportionalH" value="30.000000" />
  <attribute name="Current Error" value="60.000000" />
  <attribute name="IntegralT" value="0.000000" />
  <attribute name="IntegralI" value="0.000000" />
  <attribute name="IntegralH" value="0.000000" />
  <attribute name="DerivativeT" value="inf" />
  <attribute name="DerivativeI" value="inf" />
  <attribute name="DerivativeH" value="inf" />
  <attribute name="Loop Time for DT" value="0.000000" />
  <attribute name="Output H" value="8388608"/>
  <attribute name="Output I" value="200"/>
  <attribute name="Output T" value="1"/>
  <attribute name="Target GC Util Change" value ="20.000000" />
  <attribute name="Current GC Util Change" value="80.000000"/>
  <attribute name="GC Util currently" value="80" />
  <attribute name="CPU Util currently" value="20010352841916" />
<exclusive-end id="5108" timestamp="2019-07-07T05:34:53.236" durationms="4.824" />

<exclusive-start id="5109" timestamp="2019-07-07T05:34:53.246" intervalms="15.471">
  <response-info timems="0.048" idlems="0.048" threads="0" lastid="00000000020B9700" lastname="main" />
</exclusive-start>
<allocation-taxation id="5110" taxation-threshold="35651584" timestamp="2019-07-07T05:34:53.246" intervalms="15.472" />
<cycle-start id="5111" type="partial gc" contextid="0" timestamp="2019-07-07T05:34:53.247" intervalms="15.510" />
<gc-start id="5112" type="partial gc" contextid="5111" timestamp="2019-07-07T05:34:53.247">
  <mem-info id="5113" free="33554432" total="115343360" percent="29">
    <mem type="eden" free="1048552" total="36700160" percent="2" />
    <remembered-set count="90304" freebytes="4242944" totalbytes="4604160" percent="92" regionsoverflowed="0" regionsstable="14" regionsrebuilding="0"/>
  </mem-info>
</gc-start>
<allocation-stats totalBytes="35532408" >
  <allocated-bytes non-tlh="0" tlh="35532408" arrayletleaf="0"/>
  <largest-consumer threadName="main" threadId="00000000020B9700" bytes="35532408" />
</allocation-stats>
<gc-op id="5114" type="copy forward" timems="1.399" contextid="5111" timestamp="2019-07-07T05:34:53.249">
  <memory-copied type="eden" objects="1" bytes="24" bytesdiscarded="0" />
  <memory-copied type="other" objects="98" bytes="3784" bytesdiscarded="376" />
  <memory-cardclean objects="138" bytes="4072" />
  <regions eden="34" other="5" />
  <remembered-set-cleared processed="88304" cleared="103" durationms="0.608" />
  <stringconstants candidates="13269" cleared="0"  />
</gc-op>
<gc-op id="5115" type="classunload" timems="0.004" contextid="5111" timestamp="2019-07-07T05:34:53.249">
  <classunload-info classloadercandidates="53" classloadersunloaded="0" classesunloaded="0" anonymousclassesunloaded="0" quiescems="0.000" setupms="0.004" scanms="0.000" postms="0.000" />
</gc-op>
<heap-resize id="5116" type="contract" space="default" amount="2097152" count="1" timems="0.050" reason="excess free space following gc" timestamp="2019-07-07T05:34:53.250" />
<gc-end id="5117" type="partial gc" contextid="5111" durationms="2.778" usertimems="4.000" systemtimems="0.000" timestamp="2019-07-07T05:34:53.250" activeThreads="1">
  <mem-info id="5118" free="69206016" total="113246208" percent="61">
    <mem type="eden" free="1048552" total="1048576" percent="99" />
    <remembered-set count="90496" freebytes="4242176" totalbytes="4604160" percent="92" regionsoverflowed="0" regionsstable="14" regionsrebuilding="0"/>
  </mem-info>
</gc-end>
<cycle-end id="5119" type="partial gc" contextid="5111" timestamp="2019-07-07T05:34:53.250" />
  <attribute name="elasticGC enabled" value="1" />
  <attribute name= "numThreadsSpecified" value="1" />
  <attribute name="heapSize specified" value="0" />
  <attribute name="Current GC Util" value="86" />
  <attribute name= "Current Time Running" value="22775" />
  <attribute name ="GC Interval" value="0" />
  <attribute name="ProportionalT" value="33.000000" />
  <attribute name="ProportionalI" value="33.000000" />
  <attribute name="ProportionalH" value="33.000000" />
  <attribute name="Current Error" value="66.000000" />
  <attribute name="IntegralT" value="0.000000" />
  <attribute name="IntegralI" value="0.000000" />
  <attribute name="IntegralH" value="0.000000" />
  <attribute name="DerivativeT" value="inf" />
  <attribute name="DerivativeI" value="inf" />
  <attribute name="DerivativeH" value="inf" />
  <attribute name="Loop Time for DT" value="0.000000" />
  <attribute name="Output H" value="8388608"/>
  <attribute name="Output I" value="200"/>
  <attribute name="Output T" value="1"/>
  <attribute name="Target GC Util Change" value ="20.000000" />
  <attribute name="Current GC Util Change" value="86.000000"/>
  <attribute name="GC Util currently" value="86" />
  <attribute name="CPU Util currently" value="18311313396663" />
<exclusive-end id="5120" timestamp="2019-07-07T05:34:53.250" durationms="3.922" />

<exclusive-start id="5121" timestamp="2019-07-07T05:34:53.261" intervalms="15.182">
  <response-info timems="0.080" idlems="0.080" threads="0" lastid="00000000020B9700" lastname="main" />
</exclusive-start>
<allocation-taxation id="5122" taxation-threshold="34603008" timestamp="2019-07-07T05:34:53.262" intervalms="15.151" />
<cycle-start id="5123" type="partial gc" contextid="0" timestamp="2019-07-07T05:34:53.262" intervalms="15.113" />
<gc-start id="5124" type="partial gc" contextid="5123" timestamp="2019-07-07T05:34:53.262">
  <mem-info id="5125" free="34603008" total="113246208" percent="30">
    <mem type="eden" free="1048552" total="35651584" percent="2" />
    <remembered-set count="90176" freebytes="4243456" totalbytes="4604160" percent="92" regionsoverflowed="0" regionsstable="14" regionsrebuilding="0"/>
  </mem-info>
</gc-start>
<allocation-stats totalBytes="34440432" >
  <allocated-bytes non-tlh="0" tlh="34440432" arrayletleaf="0"/>
  <largest-consumer threadName="main" threadId="00000000020B9700" bytes="34440432" />
</allocation-stats>
<gc-op id="5126" type="copy forward" timems="4.220" contextid="5123" timestamp="2019-07-07T05:34:53.267">
  <memory-copied type="eden" objects="25" bytes="1880" bytesdiscarded="0" />
  <memory-copied type="other" objects="60" bytes="1424" bytesdiscarded="240" />
  <memory-cardclean objects="63378" bytes="1998312" />
  <regions eden="33" other="4" />
  <remembered-set-cleared processed="74206" cleared="5355" durationms="0.674" />
  <stringconstants candidates="13269" cleared="0"  />
</gc-op>
<gc-op id="5127" type="classunload" timems="0.003" contextid="5123" timestamp="2019-07-07T05:34:53.268">
  <classunload-info classloadercandidates="53" classloadersunloaded="0" classesunloaded="0" anonymousclassesunloaded="0" quiescems="0.000" setupms="0.003" scanms="0.000" postms="0.000" />
</gc-op>
<heap-resize id="5128" type="contract" space="default" amount="5242880" count="1" timems="0.051" reason="excess free space following gc" timestamp="2019-07-07T05:34:53.268" />
<gc-end id="5129" type="partial gc" contextid="5123" durationms="5.943" usertimems="0.000" systemtimems="4.000" timestamp="2019-07-07T05:34:53.268" activeThreads="1">
  <mem-info id="5130" free="66060288" total="108003328" percent="61">
    <mem type="eden" free="1046696" total="1048576" percent="99" />
    <remembered-set count="75456" freebytes="4218624" totalbytes="4520448" percent="93" regionsoverflowed="0" regionsstable="14" regionsrebuilding="0"/>
  </mem-info>
</gc-end>
<cycle-end id="5131" type="partial gc" contextid="5123" timestamp="2019-07-07T05:34:53.268" />
  <attribute name="elasticGC enabled" value="1" />
  <attribute name= "numThreadsSpecified" value="1" />
  <attribute name="heapSize specified" value="0" />
  <attribute name="Current GC Util" value="41" />
  <attribute name= "Current Time Running" value="22790" />
  <attribute name ="GC Interval" value="0" />
  <attribute name="ProportionalT" value="10.500000" />
  <attribute name="ProportionalI" value="10.500000" />
  <attribute name="ProportionalH" value="10.500000" />
  <attribute name="Current Error" value="21.000000" />
  <attribute name="IntegralT" value="0.000000" />
  <attribute name="IntegralI" value="0.000000" />
  <attribute name="IntegralH" value="0.000000" />
  <attribute name="DerivativeT" value="inf" />
  <attribute name="DerivativeI" value="inf" />
  <attribute name="DerivativeH" value="inf" />
  <attribute name="Loop Time for DT" value="0.000000" />
  <attribute name="Output H" value="8388608"/>
  <attribute name="Output I" value="200"/>
  <attribute name="Output T" value="1"/>
  <attribute name="Target GC Util Change" value ="20.000000" />
  <attribute name="Current GC Util Change" value="41.000000"/>
  <attribute name="GC Util currently" value="41" />
  <attribute name="CPU Util currently" value="7814827438185" />
<exclusive-end id="5132" timestamp="2019-07-07T05:34:53.268" durationms="7.012" />

<exclusive-start id="5133" timestamp="2019-07-07T05:34:53.279" intervalms="17.720">
  <response-info timems="0.078" idlems="0.078" threads="0" lastid="00000000020B9700" lastname="main" />
</exclusive-start>
<allocation-taxation id="5134" taxation-threshold="33554432" timestamp="2019-07-07T05:34:53.279" intervalms="17.751" />
<cycle-start id="5135" type="partial gc" contextid="0" timestamp="2019-07-07T05:34:53.280" intervalms="17.755" />
<gc-start id="5136" type="partial gc" contextid="5135" timestamp="2019-07-07T05:34:53.280">
  <mem-info id="5137" free="32505856" total="108003328" percent="30">
    <mem type="eden" free="0" total="33554432" percent="0" />
    <remembered-set count="75360" freebytes="4219008" totalbytes="4520448" percent="93" regionsoverflowed="0" regionsstable="14" regionsrebuilding="0"/>
  </mem-info>
</gc-start>
<allocation-stats totalBytes="33331200" >
  <allocated-bytes non-tlh="0" tlh="33331200" arrayletleaf="0"/>
  <largest-consumer threadName="main" threadId="00000000020B9700" bytes="33331200" />
</allocation-stats>
<gc-op id="5138" type="copy forward" timems="3.054" contextid="5135" timestamp="2019-07-07T05:34:53.284">
  <memory-copied type="eden" objects="0" bytes="0" bytesdiscarded="0" />
  <memory-copied type="other" objects="37" bytes="2152" bytesdiscarded="1992" />
  <memory-cardclean objects="96581" bytes="2870336" />
  <regions eden="32" other="3" />
  <remembered-set-cleared processed="51486" cleared="6114" durationms="0.383" />
  <stringconstants candidates="13269" cleared="0"  />
</gc-op>
<gc-op id="5139" type="classunload" timems="0.004" contextid="5135" timestamp="2019-07-07T05:34:53.284">
  <classunload-info classloadercandidates="53" classloadersunloaded="0" classesunloaded="0" anonymousclassesunloaded="0" quiescems="0.000" setupms="0.004" scanms="0.000" postms="0.000" />
</gc-op>
<heap-resize id="5140" type="contract" space="default" amount="5242880" count="1" timems="0.077" reason="excess free space following gc" timestamp="2019-07-07T05:34:53.284" />
<gc-end id="5141" type="partial gc" contextid="5135" durationms="4.628" usertimems="8.000" systemtimems="0.000" timestamp="2019-07-07T05:34:53.284" activeThreads="4">
  <mem-info id="5142" free="62914560" total="102760448" percent="61">
    <remembered-set count="55328" freebytes="4089856" totalbytes="4311168" percent="94" regionsoverflowed="0" regionsstable="14" regionsrebuilding="0"/>
  </mem-info>
</gc-end>
<cycle-end id="5143" type="partial gc" contextid="5135" timestamp="2019-07-07T05:34:53.285" />
  <attribute name="elasticGC enabled" value="1" />
  <attribute name= "numThreadsSpecified" value="4" />
  <attribute name="heapSize specified" value="0" />
  <attribute name="Current GC Util" value="41" />
  <attribute name= "Current Time Running" value="22808" />
  <attribute name ="GC Interval" value="0" />
  <attribute name="ProportionalT" value="10.500000" />
  <attribute name="ProportionalI" value="10.500000" />
  <attribute name="ProportionalH" value="10.500000" />
  <attribute name="Current Error" value="21.000000" />
  <attribute name="IntegralT" value="10.500000" />
  <attribute name="IntegralI" value="10.500000" />
  <attribute name="IntegralH" value="10.500000" />
  <attribute name="DerivativeT" value="9.000000" />
  <attribute name="DerivativeI" value="9.000000" />
  <attribute name="DerivativeH" value="9.000000" />
  <attribute name="Loop Time for DT" value="1.000000" />
  <attribute name="Output H" value="8388608"/>
  <attribute name="Output I" value="200"/>
  <attribute name="Output T" value="4"/>
  <attribute name="Target GC Util Change" value ="20.000000" />
  <attribute name="Current GC Util Change" value="41.000000"/>
  <attribute name="GC Util currently" value="41" />
  <attribute name="CPU Util currently" value="7914801906111" />
<exclusive-end id="5144" timestamp="2019-07-07T05:34:53.285" durationms="5.725" />

<exclusive-start id="5145" timestamp="2019-07-07T05:34:53.295" intervalms="15.908">
  <response-info timems="0.056" idlems="0.056" threads="0" lastid="00000000020B9700" lastname="main" />
</exclusive-start>
<allocation-taxation id="5146" taxation-threshold="32505856" timestamp="2019-07-07T05:34:53.295" intervalms="15.916" />
<cycle-start id="5147" type="partial gc" contextid="0" timestamp="2019-07-07T05:34:53.296" intervalms="15.938" />
<gc-start id="5148" type="partial gc" contextid="5147" timestamp="2019-07-07T05:34:53.296">
  <mem-info id="5149" free="30408704" total="102760448" percent="29">
    <mem type="eden" free="0" total="32505856" percent="0" />
    <remembered-set count="1760" freebytes="4304128" totalbytes="4311168" percent="99" regionsoverflowed="0" regionsstable="18" regionsrebuilding="0"/>
  </mem-info>
</gc-start>
<allocation-stats totalBytes="32299200" >
  <allocated-bytes non-tlh="0" tlh="32299200" arrayletleaf="0"/>
  <largest-consumer threadName="main" threadId="00000000020B9700" bytes="32299200" />
</allocation-stats>
<gc-op id="5150" type="copy forward" timems="1.538" contextid="5147" timestamp="2019-07-07T05:34:53.298">
  <memory-copied type="eden" objects="1" bytes="24" bytesdiscarded="0" />
  <memory-copied type="other" objects="295" bytes="7120" bytesdiscarded="824" />
  <memory-cardclean objects="233" bytes="15312" />
  <regions eden="31" other="17" />
  <remembered-set-cleared processed="12" cleared="4" durationms="0.093" />
  <references type="weak" candidates="30" cleared="0" enqueued="0" />
  <stringconstants candidates="13269" cleared="0"  />
</gc-op>
<gc-op id="5151" type="classunload" timems="0.004" contextid="5147" timestamp="2019-07-07T05:34:53.298">
  <classunload-info classloadercandidates="53" classloadersunloaded="0" classesunloaded="0" anonymousclassesunloaded="0" quiescems="0.000" setupms="0.004" scanms="0.000" postms="0.000" />
</gc-op>
<heap-resize id="5152" type="contract" space="default" amount="5242880" count="1" timems="0.102" reason="excess free space following gc" timestamp="2019-07-07T05:34:53.299" />
<gc-end id="5153" type="partial gc" contextid="5147" durationms="3.095" usertimems="4.000" systemtimems="0.000" timestamp="2019-07-07T05:34:53.299" activeThreads="4">
  <mem-info id="5154" free="73400320" total="97517568" percent="75">
    <mem type="eden" free="1048552" total="1048576" percent="99" />
    <remembered-set count="2176" freebytes="4093184" totalbytes="4101888" percent="99" regionsoverflowed="0" regionsstable="18" regionsrebuilding="0"/>
  </mem-info>
</gc-end>
<cycle-end id="5155" type="partial gc" contextid="5147" timestamp="2019-07-07T05:34:53.299" />
  <attribute name="elasticGC enabled" value="1" />
  <attribute name= "numThreadsSpecified" value="4" />
  <attribute name="heapSize specified" value="0" />
  <attribute name="Current GC Util" value="35" />
  <attribute name= "Current Time Running" value="22824" />
  <attribute name ="GC Interval" value="0" />
  <attribute name="ProportionalT" value="7.500000" />
  <attribute name="ProportionalI" value="7.500000" />
  <attribute name="ProportionalH" value="7.500000" />
  <attribute name="Current Error" value="15.000000" />
  <attribute name="IntegralT" value="7.500000" />
  <attribute name="IntegralI" value="7.500000" />
  <attribute name="IntegralH" value="7.500000" />
  <attribute name="DerivativeT" value="-27.000000" />
  <attribute name="DerivativeI" value="-27.000000" />
  <attribute name="DerivativeH" value="-27.000000" />
  <attribute name="Loop Time for DT" value="1.000000" />
  <attribute name="Output H" value="2091843584"/>
  <attribute name="Output I" value="200"/>
  <attribute name="Output T" value="4"/>
  <attribute name="Target GC Util Change" value ="20.000000" />
  <attribute name="Current GC Util Change" value="35.000000"/>
  <attribute name="GC Util currently" value="35" />
  <attribute name="CPU Util currently" value="8445089386667" />
<exclusive-end id="5156" timestamp="2019-07-07T05:34:53.299" durationms="4.197" />

<exclusive-start id="5157" timestamp="2019-07-07T05:34:53.304" intervalms="9.338">
  <response-info timems="0.055" idlems="0.055" threads="0" lastid="00000000020B9700" lastname="main" />
</exclusive-start>
<allocation-taxation id="5158" taxation-threshold="14680064" timestamp="2019-07-07T05:34:53.305" intervalms="9.295" />
<cycle-start id="5159" type="global mark phase" contextid="0" timestamp="2019-07-07T05:34:53.305" intervalms="295.347" />
<gc-start id="5160" type="global mark phase" contextid="5159" timestamp="2019-07-07T05:34:53.305">
  <mem-info id="5161" free="58720256" total="97517568" percent="60">
    <remembered-set count="1696" freebytes="4095104" totalbytes="4101888" percent="99" regionsoverflowed="0" regionsstable="18" regionsrebuilding="0"/>
  </mem-info>
</gc-start>
<gc-op id="5162" type="mark increment" timems="0.443" contextid="5159" timestamp="2019-07-07T05:34:53.306">
  <trace-info objectcount="179" scancount="0" scanbytes="0" />
</gc-op>
<gc-end id="5163" type="global mark phase" contextid="5159" durationms="0.753" usertimems="4.000" systemtimems="0.000" timestamp="2019-07-07T05:34:53.306" activeThreads="1">
  <mem-info id="5164" free="58720256" total="97517568" percent="60">
    <remembered-set count="1696" freebytes="4095104" totalbytes="4101888" percent="99" regionsoverflowed="0" regionsstable="0" regionsrebuilding="18"/>
  </mem-info>
</gc-end>
<concurrent-start id="5165" type="GMP work packet processing" contextid="5159" timestamp="2019-07-07T05:34:53.306">
  <concurrent-mark-start scanTarget="1048576" />
</concurrent-start>
<exclusive-end id="5166" timestamp="2019-07-07T05:34:53.307" durationms="2.900" />

<concurrent-end id="5167" type="GMP work packet processing" contextid="5159" timestamp="2019-07-07T05:34:53.307">
  <concurrent-mark-end bytesScanned="1114404" reasonForTermination="Work target met" />
</concurrent-end>

<exclusive-start id="5168" timestamp="2019-07-07T05:34:53.312" intervalms="7.986">
  <response-info timems="0.061" idlems="0.061" threads="0" lastid="00000000020B9700" lastname="main" />
</exclusive-start>
<allocation-taxation id="5169" taxation-threshold="14680064" timestamp="2019-07-07T05:34:53.313" intervalms="7.995" />
<cycle-start id="5170" type="partial gc" contextid="0" timestamp="2019-07-07T05:34:53.313" intervalms="17.268" />
<gc-start id="5171" type="partial gc" contextid="5170" timestamp="2019-07-07T05:34:53.313">
  <mem-info id="5172" free="44040192" total="97517568" percent="45">
    <mem type="eden" free="1048552" total="30408704" percent="3" />
    <remembered-set count="9504" freebytes="4063872" totalbytes="4101888" percent="99" regionsoverflowed="0" regionsstable="0" regionsrebuilding="18"/>
  </mem-info>
</gc-start>
<allocation-stats totalBytes="29176080" >
  <allocated-bytes non-tlh="0" tlh="29176080" arrayletleaf="0"/>
  <largest-consumer threadName="main" threadId="00000000020B9700" bytes="14588040" />
</allocation-stats>
<gc-op id="5173" type="copy forward" timems="1.440" contextid="5170" timestamp="2019-07-07T05:34:53.316">
  <memory-copied type="eden" objects="1" bytes="24" bytesdiscarded="0" />
  <memory-copied type="other" objects="0" bytes="0" bytesdiscarded="0" />
  <memory-cardclean objects="10" bytes="424" />
  <regions eden="28" other="1" />
  <remembered-set-cleared processed="7789" cleared="17" durationms="0.116" />
  <stringconstants candidates="13269" cleared="0"  />
</gc-op>
<gc-op id="5174" type="classunload" timems="0.004" contextid="5170" timestamp="2019-07-07T05:34:53.316">
  <classunload-info classloadercandidates="53" classloadersunloaded="0" classesunloaded="0" anonymousclassesunloaded="0" quiescems="0.000" setupms="0.004" scanms="0.000" postms="0.000" />
</gc-op>
<heap-resize id="5175" type="contract" space="default" amount="5242880" count="1" timems="0.101" reason="excess free space following gc" timestamp="2019-07-07T05:34:53.316" />
<gc-end id="5176" type="partial gc" contextid="5170" durationms="2.894" usertimems="0.000" systemtimems="4.000" timestamp="2019-07-07T05:34:53.316" activeThreads="4">
  <mem-info id="5177" free="68157440" total="92274688" percent="73">
    <mem type="eden" free="1048552" total="1048576" percent="99" />
    <remembered-set count="9568" freebytes="3854336" totalbytes="3892608" percent="99" regionsoverflowed="0" regionsstable="0" regionsrebuilding="18"/>
  </mem-info>
</gc-end>
<cycle-end id="5178" type="partial gc" contextid="5170" timestamp="2019-07-07T05:34:53.316" />
  <attribute name="elasticGC enabled" value="1" />
  <attribute name= "numThreadsSpecified" value="4" />
  <attribute name="heapSize specified" value="0" />
  <attribute name="Current GC Util" value="34" />
  <attribute name= "Current Time Running" value="22841" />
  <attribute name ="GC Interval" value="0" />
  <attribute name="ProportionalT" value="7.000000" />
  <attribute name="ProportionalI" value="7.000000" />
  <attribute name="ProportionalH" value="7.000000" />
  <attribute name="Current Error" value="14.000000" />
  <attribute name="IntegralT" value="0.000000" />
  <attribute name="IntegralI" value="0.000000" />
  <attribute name="IntegralH" value="0.000000" />
  <attribute name="DerivativeT" value="-inf" />
  <attribute name="DerivativeI" value="-inf" />
  <attribute name="DerivativeH" value="-inf" />
  <attribute name="Loop Time for DT" value="0.000000" />
  <attribute name="Output H" value="2091843584"/>
  <attribute name="Output I" value="200"/>
  <attribute name="Output T" value="4"/>
  <attribute name="Target GC Util Change" value ="20.000000" />
  <attribute name="Current GC Util Change" value="34.000000"/>
  <attribute name="GC Util currently" value="34" />
  <attribute name="CPU Util currently" value="8936821683465" />
<exclusive-end id="5179" timestamp="2019-07-07T05:34:53.316" durationms="4.048" />

<exclusive-start id="5180" timestamp="2019-07-07T05:34:53.321" intervalms="8.669">
  <response-info timems="0.056" idlems="0.056" threads="0" lastid="00000000020B9700" lastname="main" />
</exclusive-start>
<allocation-taxation id="5181" taxation-threshold="14680064" timestamp="2019-07-07T05:34:53.321" intervalms="8.656" />
<gc-start id="5182" type="global mark phase" contextid="5159" timestamp="2019-07-07T05:34:53.321">
  <mem-info id="5183" free="53477376" total="92274688" percent="57">
    <remembered-set count="9088" freebytes="3856256" totalbytes="3892608" percent="99" regionsoverflowed="0" regionsstable="0" regionsrebuilding="18"/>
  </mem-info>
</gc-start>
<gc-end id="5184" type="global mark phase" contextid="5159" durationms="0.132" usertimems="0.000" systemtimems="0.000" timestamp="2019-07-07T05:34:53.321" activeThreads="4">
  <mem-info id="5185" free="53477376" total="92274688" percent="57">
    <remembered-set count="9088" freebytes="3856256" totalbytes="3892608" percent="99" regionsoverflowed="0" regionsstable="0" regionsrebuilding="18"/>
  </mem-info>
</gc-end>
<concurrent-start id="5186" type="GMP work packet processing" contextid="5159" timestamp="2019-07-07T05:34:53.322">
  <concurrent-mark-start scanTarget="1048576" />
</concurrent-start>
<exclusive-end id="5187" timestamp="2019-07-07T05:34:53.322" durationms="0.742" />

<concurrent-end id="5188" type="GMP work packet processing" contextid="5159" timestamp="2019-07-07T05:34:53.323">
  <concurrent-mark-end bytesScanned="1089156" reasonForTermination="Work target met" />
</concurrent-end>

<exclusive-start id="5189" timestamp="2019-07-07T05:34:53.327" intervalms="6.099">
  <response-info timems="0.054" idlems="0.054" threads="0" lastid="00000000020B9700" lastname="main" />
</exclusive-start>
<allocation-taxation id="5190" taxation-threshold="14680064" timestamp="2019-07-07T05:34:53.327" intervalms="6.132" />
<cycle-start id="5191" type="partial gc" contextid="0" timestamp="2019-07-07T05:34:53.328" intervalms="14.783" />
<gc-start id="5192" type="partial gc" contextid="5191" timestamp="2019-07-07T05:34:53.328">
  <mem-info id="5193" free="38797312" total="92274688" percent="42">
    <mem type="eden" free="1048552" total="30408704" percent="3" />
    <remembered-set count="19104" freebytes="3816192" totalbytes="3892608" percent="98" regionsoverflowed="0" regionsstable="0" regionsrebuilding="18"/>
  </mem-info>
</gc-start>
<allocation-stats totalBytes="29176104" >
  <allocated-bytes non-tlh="0" tlh="29176104" arrayletleaf="0"/>
  <largest-consumer threadName="main" threadId="00000000020B9700" bytes="14588064" />
</allocation-stats>
<gc-op id="5194" type="copy forward" timems="1.493" contextid="5191" timestamp="2019-07-07T05:34:53.330">
  <memory-copied type="eden" objects="1" bytes="24" bytesdiscarded="0" />
  <memory-copied type="other" objects="0" bytes="0" bytesdiscarded="0" />
  <memory-cardclean objects="322" bytes="19376" />
  <regions eden="28" other="1" />
  <remembered-set-cleared processed="17063" cleared="333" durationms="0.153" />
  <stringconstants candidates="13269" cleared="0"  />
</gc-op>
<gc-op id="5195" type="classunload" timems="0.003" contextid="5191" timestamp="2019-07-07T05:34:53.330">
  <classunload-info classloadercandidates="53" classloadersunloaded="0" classesunloaded="0" anonymousclassesunloaded="0" quiescems="0.000" setupms="0.003" scanms="0.000" postms="0.000" />
</gc-op>
<heap-resize id="5196" type="contract" space="default" amount="5242880" count="1" timems="0.104" reason="excess free space following gc" timestamp="2019-07-07T05:34:53.331" />
<gc-end id="5197" type="partial gc" contextid="5191" durationms="3.034" usertimems="0.000" systemtimems="4.000" timestamp="2019-07-07T05:34:53.331" activeThreads="4">
  <mem-info id="5198" free="62914560" total="87031808" percent="72">
    <mem type="eden" free="1048552" total="1048576" percent="99" />
    <remembered-set count="19680" freebytes="3604608" totalbytes="3683328" percent="97" regionsoverflowed="0" regionsstable="0" regionsrebuilding="18"/>
  </mem-info>
</gc-end>
<cycle-end id="5199" type="partial gc" contextid="5191" timestamp="2019-07-07T05:34:53.331" />
  <attribute name="elasticGC enabled" value="1" />
  <attribute name= "numThreadsSpecified" value="4" />
  <attribute name="heapSize specified" value="0" />
  <attribute name="Current GC Util" value="35" />
  <attribute name= "Current Time Running" value="22856" />
  <attribute name ="GC Interval" value="0" />
  <attribute name="ProportionalT" value="7.500000" />
  <attribute name="ProportionalI" value="7.500000" />
  <attribute name="ProportionalH" value="7.500000" />
  <attribute name="Current Error" value="15.000000" />
  <attribute name="IntegralT" value="7.500000" />
  <attribute name="IntegralI" value="7.500000" />
  <attribute name="IntegralH" value="7.500000" />
  <attribute name="DerivativeT" value="-1.000000" />
  <attribute name="DerivativeI" value="-1.000000" />
  <attribute name="DerivativeH" value="-1.000000" />
  <attribute name="Loop Time for DT" value="1.000000" />
  <attribute name="Output H" value="8388608"/>
  <attribute name="Output I" value="200"/>
  <attribute name="Output T" value="4"/>
  <attribute name="Target GC Util Change" value ="20.000000" />
  <attribute name="Current GC Util Change" value="35.000000"/>
  <attribute name="GC Util currently" value="35" />
  <attribute name="CPU Util currently" value="9357445411429" />
<exclusive-end id="5200" timestamp="2019-07-07T05:34:53.331" durationms="4.128" />

<exclusive-start id="5201" timestamp="2019-07-07T05:34:53.336" intervalms="8.400">
  <response-info timems="0.023" idlems="0.023" threads="0" lastid="00000000020B9700" lastname="main" />
</exclusive-start>
<allocation-taxation id="5202" taxation-threshold="13631488" timestamp="2019-07-07T05:34:53.336" intervalms="8.339" />
<gc-start id="5203" type="global mark phase" contextid="5159" timestamp="2019-07-07T05:34:53.336">
  <mem-info id="5204" free="49283072" total="87031808" percent="56">
    <remembered-set count="19200" freebytes="3606528" totalbytes="3683328" percent="97" regionsoverflowed="0" regionsstable="0" regionsrebuilding="18"/>
  </mem-info>
</gc-start>
<gc-end id="5205" type="global mark phase" contextid="5159" durationms="0.151" usertimems="0.000" systemtimems="0.000" timestamp="2019-07-07T05:34:53.336" activeThreads="4">
  <mem-info id="5206" free="49283072" total="87031808" percent="56">
    <remembered-set count="19200" freebytes="3606528" totalbytes="3683328" percent="97" regionsoverflowed="0" regionsstable="0" regionsrebuilding="18"/>
  </mem-info>
</gc-end>
<concurrent-start id="5207" type="GMP work packet processing" contextid="5159" timestamp="2019-07-07T05:34:53.336">
  <concurrent-mark-start scanTarget="1048576" />
</concurrent-start>
<exclusive-end id="5208" timestamp="2019-07-07T05:34:53.337" durationms="1.515" />

<concurrent-end id="5209" type="GMP work packet processing" contextid="5159" timestamp="2019-07-07T05:34:53.337">
  <concurrent-mark-end bytesScanned="1102580" reasonForTermination="Work target met" />
</concurrent-end>

<exclusive-start id="5210" timestamp="2019-07-07T05:34:53.341" intervalms="5.832">
  <response-info timems="0.057" idlems="0.057" threads="0" lastid="00000000020B9700" lastname="main" />
</exclusive-start>
<allocation-taxation id="5211" taxation-threshold="13631488" timestamp="2019-07-07T05:34:53.342" intervalms="5.796" />
<cycle-start id="5212" type="partial gc" contextid="0" timestamp="2019-07-07T05:34:53.342" intervalms="14.089" />
<gc-start id="5213" type="partial gc" contextid="5212" timestamp="2019-07-07T05:34:53.342">
  <mem-info id="5214" free="35651584" total="87031808" percent="40">
    <mem type="eden" free="1048552" total="28311552" percent="3" />
    <remembered-set count="31520" freebytes="3557248" totalbytes="3683328" percent="96" regionsoverflowed="0" regionsstable="0" regionsrebuilding="18"/>
  </mem-info>
</gc-start>
<allocation-stats totalBytes="27092064" >
  <allocated-bytes non-tlh="0" tlh="27092064" arrayletleaf="0"/>
  <largest-consumer threadName="main" threadId="00000000020B9700" bytes="13546032" />
</allocation-stats>
<gc-op id="5215" type="copy forward" timems="1.427" contextid="5212" timestamp="2019-07-07T05:34:53.344">
  <memory-copied type="eden" objects="1" bytes="24" bytesdiscarded="0" />
  <memory-copied type="other" objects="0" bytes="0" bytesdiscarded="0" />
  <memory-cardclean objects="10" bytes="424" />
  <regions eden="26" other="1" />
  <remembered-set-cleared processed="29323" cleared="7" durationms="0.171" />
  <stringconstants candidates="13269" cleared="0"  />
</gc-op>
<gc-op id="5216" type="classunload" timems="0.004" contextid="5212" timestamp="2019-07-07T05:34:53.344">
  <classunload-info classloadercandidates="53" classloadersunloaded="0" classesunloaded="0" anonymousclassesunloaded="0" quiescems="0.000" setupms="0.003" scanms="0.000" postms="0.000" />
</gc-op>
<heap-resize id="5217" type="contract" space="default" amount="5242880" count="1" timems="0.237" reason="excess free space following gc" timestamp="2019-07-07T05:34:53.345" />
<gc-end id="5218" type="partial gc" contextid="5212" durationms="3.102" usertimems="4.000" systemtimems="0.000" timestamp="2019-07-07T05:34:53.345" activeThreads="4">
  <mem-info id="5219" free="57671680" total="81788928" percent="70">
    <mem type="eden" free="1048552" total="1048576" percent="99" />
    <remembered-set count="31264" freebytes="3348992" totalbytes="3474048" percent="96" regionsoverflowed="0" regionsstable="0" regionsrebuilding="18"/>
  </mem-info>
</gc-end>
<cycle-end id="5220" type="partial gc" contextid="5212" timestamp="2019-07-07T05:34:53.345" />
  <attribute name="elasticGC enabled" value="1" />
  <attribute name= "numThreadsSpecified" value="4" />
  <attribute name="heapSize specified" value="0" />
  <attribute name="Current GC Util" value="39" />
  <attribute name= "Current Time Running" value="22870" />
  <attribute name ="GC Interval" value="0" />
  <attribute name="ProportionalT" value="9.500000" />
  <attribute name="ProportionalI" value="9.500000" />
  <attribute name="ProportionalH" value="9.500000" />
  <attribute name="Current Error" value="19.000000" />
  <attribute name="IntegralT" value="9.500000" />
  <attribute name="IntegralI" value="9.500000" />
  <attribute name="IntegralH" value="9.500000" />
  <attribute name="DerivativeT" value="5.000000" />
  <attribute name="DerivativeI" value="5.000000" />
  <attribute name="DerivativeH" value="5.000000" />
  <attribute name="Loop Time for DT" value="1.000000" />
  <attribute name="Output H" value="8388608"/>
  <attribute name="Output I" value="200"/>
  <attribute name="Output T" value="4"/>
  <attribute name="Target GC Util Change" value ="20.000000" />
  <attribute name="Current GC Util Change" value="39.000000"/>
  <attribute name="GC Util currently" value="39" />
  <attribute name="CPU Util currently" value="9848432230004" />
<exclusive-end id="5221" timestamp="2019-07-07T05:34:53.345" durationms="4.043" />

<exclusive-start id="5222" timestamp="2019-07-07T05:34:53.350" intervalms="8.369">
  <response-info timems="0.052" idlems="0.052" threads="0" lastid="00000000020B9700" lastname="main" />
</exclusive-start>
<allocation-taxation id="5223" taxation-threshold="13631488" timestamp="2019-07-07T05:34:53.350" intervalms="8.462" />
<gc-start id="5224" type="global mark phase" contextid="5159" timestamp="2019-07-07T05:34:53.350">
  <mem-info id="5225" free="44040192" total="81788928" percent="53">
    <remembered-set count="31264" freebytes="3348992" totalbytes="3474048" percent="96" regionsoverflowed="0" regionsstable="0" regionsrebuilding="18"/>
  </mem-info>
</gc-start>
<gc-end id="5226" type="global mark phase" contextid="5159" durationms="0.138" usertimems="0.000" systemtimems="0.000" timestamp="2019-07-07T05:34:53.350" activeThreads="4">
  <mem-info id="5227" free="44040192" total="81788928" percent="53">
    <remembered-set count="31264" freebytes="3348992" totalbytes="3474048" percent="96" regionsoverflowed="0" regionsstable="0" regionsrebuilding="18"/>
  </mem-info>
</gc-end>
<concurrent-start id="5228" type="GMP work packet processing" contextid="5159" timestamp="2019-07-07T05:34:53.350">
  <concurrent-mark-start scanTarget="1048576" />
</concurrent-start>
<exclusive-end id="5229" timestamp="2019-07-07T05:34:53.351" durationms="0.820" />

<concurrent-end id="5230" type="GMP work packet processing" contextid="5159" timestamp="2019-07-07T05:34:53.351">
  <concurrent-mark-end bytesScanned="1089576" reasonForTermination="Work target met" />
</concurrent-end>

<exclusive-start id="5231" timestamp="2019-07-07T05:34:53.355" intervalms="5.640">
  <response-info timems="0.026" idlems="0.026" threads="0" lastid="00000000020B9700" lastname="main" />
</exclusive-start>
<allocation-taxation id="5232" taxation-threshold="13631488" timestamp="2019-07-07T05:34:53.356" intervalms="5.645" />
<cycle-start id="5233" type="partial gc" contextid="0" timestamp="2019-07-07T05:34:53.356" intervalms="14.243" />
<gc-start id="5234" type="partial gc" contextid="5233" timestamp="2019-07-07T05:34:53.356">
  <mem-info id="5235" free="30408704" total="81788928" percent="37">
    <mem type="eden" free="1048552" total="28311552" percent="3" />
    <remembered-set count="45888" freebytes="3290496" totalbytes="3474048" percent="94" regionsoverflowed="0" regionsstable="0" regionsrebuilding="18"/>
  </mem-info>
</gc-start>
<allocation-stats totalBytes="27092088" >
  <allocated-bytes non-tlh="0" tlh="27092088" arrayletleaf="0"/>
  <largest-consumer threadName="main" threadId="00000000020B9700" bytes="13546032" />
</allocation-stats>
<gc-op id="5236" type="copy forward" timems="4.849" contextid="5233" timestamp="2019-07-07T05:34:53.362">
  <memory-copied type="eden" objects="1" bytes="24" bytesdiscarded="0" />
  <memory-copied type="other" objects="0" bytes="0" bytesdiscarded="0" />
  <memory-cardclean objects="49280" bytes="1873264" />
  <regions eden="26" other="1" />
  <remembered-set-cleared processed="29973" cleared="12246" durationms="0.381" />
  <stringconstants candidates="13269" cleared="0"  />
</gc-op>
<gc-op id="5237" type="classunload" timems="0.004" contextid="5233" timestamp="2019-07-07T05:34:53.362">
  <classunload-info classloadercandidates="53" classloadersunloaded="0" classesunloaded="0" anonymousclassesunloaded="0" quiescems="0.000" setupms="0.004" scanms="0.000" postms="0.000" />
</gc-op>
<heap-resize id="5238" type="contract" space="default" amount="4194304" count="1" timems="0.324" reason="excess free space following gc" timestamp="2019-07-07T05:34:53.363" />
<gc-end id="5239" type="partial gc" contextid="5233" durationms="6.670" usertimems="0.000" systemtimems="4.000" timestamp="2019-07-07T05:34:53.363" activeThreads="1">
  <mem-info id="5240" free="53477376" total="77594624" percent="68">
    <mem type="eden" free="1048552" total="1048576" percent="99" />
    <remembered-set count="28256" freebytes="3151744" totalbytes="3264768" percent="96" regionsoverflowed="0" regionsstable="0" regionsrebuilding="18"/>
  </mem-info>
</gc-end>
<cycle-end id="5241" type="partial gc" contextid="5233" timestamp="2019-07-07T05:34:53.363" />
  <attribute name="elasticGC enabled" value="1" />
  <attribute name= "numThreadsSpecified" value="1" />
  <attribute name="heapSize specified" value="0" />
  <attribute name="Current GC Util" value="48" />
  <attribute name= "Current Time Running" value="22884" />
  <attribute name ="GC Interval" value="0" />
  <attribute name="ProportionalT" value="14.000000" />
  <attribute name="ProportionalI" value="14.000000" />
  <attribute name="ProportionalH" value="14.000000" />
  <attribute name="Current Error" value="28.000000" />
  <attribute name="IntegralT" value="0.000000" />
  <attribute name="IntegralI" value="0.000000" />
  <attribute name="IntegralH" value="0.000000" />
  <attribute name="DerivativeT" value="inf" />
  <attribute name="DerivativeI" value="inf" />
  <attribute name="DerivativeH" value="inf" />
  <attribute name="Loop Time for DT" value="0.000000" />
  <attribute name="Output H" value="8388608"/>
  <attribute name="Output I" value="200"/>
  <attribute name="Output T" value="1"/>
  <attribute name="Target GC Util Change" value ="20.000000" />
  <attribute name="Current GC Util Change" value="48.000000"/>
  <attribute name="GC Util currently" value="48" />
  <attribute name="CPU Util currently" value="10028565453125" />
<exclusive-end id="5242" timestamp="2019-07-07T05:34:53.363" durationms="7.869" />

<exclusive-start id="5243" timestamp="2019-07-07T05:34:53.367" intervalms="11.879">
  <response-info timems="0.057" idlems="0.057" threads="0" lastid="00000000020B9700" lastname="main" />
</exclusive-start>
<allocation-taxation id="5244" taxation-threshold="12582912" timestamp="2019-07-07T05:34:53.367" intervalms="11.886" />
<gc-start id="5245" type="global mark phase" contextid="5159" timestamp="2019-07-07T05:34:53.368">
  <mem-info id="5246" free="40894464" total="77594624" percent="52">
    <remembered-set count="28000" freebytes="3152768" totalbytes="3264768" percent="96" regionsoverflowed="0" regionsstable="0" regionsrebuilding="18"/>
  </mem-info>
</gc-start>
<gc-end id="5247" type="global mark phase" contextid="5159" durationms="0.094" usertimems="0.000" systemtimems="0.000" timestamp="2019-07-07T05:34:53.368" activeThreads="1">
  <mem-info id="5248" free="40894464" total="77594624" percent="52">
    <remembered-set count="28000" freebytes="3152768" totalbytes="3264768" percent="96" regionsoverflowed="0" regionsstable="0" regionsrebuilding="18"/>
  </mem-info>
</gc-end>
<concurrent-start id="5249" type="GMP work packet processing" contextid="5159" timestamp="2019-07-07T05:34:53.368">
  <concurrent-mark-start scanTarget="1244951" />
</concurrent-start>
<exclusive-end id="5250" timestamp="2019-07-07T05:34:53.368" durationms="0.806" />

<concurrent-end id="5251" type="GMP work packet processing" contextid="5159" timestamp="2019-07-07T05:34:53.370">
  <concurrent-mark-end bytesScanned="1278212" reasonForTermination="Work target met" />
</concurrent-end>

<exclusive-start id="5252" timestamp="2019-07-07T05:34:53.373" intervalms="5.499">
  <response-info timems="0.074" idlems="0.074" threads="0" lastid="00000000020B9700" lastname="main" />
</exclusive-start>
<allocation-taxation id="5253" taxation-threshold="12582912" timestamp="2019-07-07T05:34:53.373" intervalms="5.441" />
<cycle-start id="5254" type="partial gc" contextid="0" timestamp="2019-07-07T05:34:53.373" intervalms="17.215" />
<gc-start id="5255" type="partial gc" contextid="5254" timestamp="2019-07-07T05:34:53.373">
  <mem-info id="5256" free="28311552" total="77594624" percent="36">
    <mem type="eden" free="1048552" total="26214400" percent="3" />
    <remembered-set count="40160" freebytes="3104128" totalbytes="3264768" percent="95" regionsoverflowed="0" regionsstable="0" regionsrebuilding="18"/>
  </mem-info>
</gc-start>
<allocation-stats totalBytes="25008072" >
  <allocated-bytes non-tlh="0" tlh="25008072" arrayletleaf="0"/>
  <largest-consumer threadName="main" threadId="00000000020B9700" bytes="12504024" />
</allocation-stats>
<gc-op id="5257" type="copy forward" timems="7.475" contextid="5254" timestamp="2019-07-07T05:34:53.382">
  <memory-copied type="eden" objects="1" bytes="24" bytesdiscarded="0" />
  <memory-copied type="other" objects="0" bytes="0" bytesdiscarded="0" />
  <memory-cardclean objects="104157" bytes="3747584" />
  <regions eden="24" other="1" />
  <remembered-set-cleared processed="10637" cleared="6405" durationms="0.200" />
  <stringconstants candidates="13269" cleared="0"  />
</gc-op>
<gc-op id="5258" type="classunload" timems="0.004" contextid="5254" timestamp="2019-07-07T05:34:53.382">
  <classunload-info classloadercandidates="53" classloadersunloaded="0" classesunloaded="0" anonymousclassesunloaded="0" quiescems="0.000" setupms="0.003" scanms="0.000" postms="0.000" />
</gc-op>
<heap-resize id="5259" type="contract" space="default" amount="4194304" count="1" timems="0.314" reason="excess free space following gc" timestamp="2019-07-07T05:34:53.383" />
<gc-end id="5260" type="partial gc" contextid="5254" durationms="9.390" usertimems="8.000" systemtimems="4.000" timestamp="2019-07-07T05:34:53.383" activeThreads="1">
  <mem-info id="5261" free="49283072" total="73400320" percent="67">
    <mem type="eden" free="1048552" total="1048576" percent="99" />
    <remembered-set count="23456" freebytes="3003520" totalbytes="3097344" percent="96" regionsoverflowed="0" regionsstable="0" regionsrebuilding="18"/>
  </mem-info>
</gc-end>
<cycle-end id="5262" type="partial gc" contextid="5254" timestamp="2019-07-07T05:34:53.383" />
  <attribute name="elasticGC enabled" value="1" />
  <attribute name= "numThreadsSpecified" value="1" />
  <attribute name="heapSize specified" value="0" />
  <attribute name="Current GC Util" value="44" />
  <attribute name= "Current Time Running" value="22901" />
  <attribute name ="GC Interval" value="0" />
  <attribute name="ProportionalT" value="12.000000" />
  <attribute name="ProportionalI" value="12.000000" />
  <attribute name="ProportionalH" value="12.000000" />
  <attribute name="Current Error" value="24.000000" />
  <attribute name="IntegralT" value="0.000000" />
  <attribute name="IntegralI" value="0.000000" />
  <attribute name="IntegralH" value="0.000000" />
  <attribute name="DerivativeT" value="inf" />
  <attribute name="DerivativeI" value="inf" />
  <attribute name="DerivativeH" value="inf" />
  <attribute name="Loop Time for DT" value="0.000000" />
  <attribute name="Output H" value="8388608"/>
  <attribute name="Output I" value="200"/>
  <attribute name="Output T" value="1"/>
  <attribute name="Target GC Util Change" value ="20.000000" />
  <attribute name="Current GC Util Change" value="44.000000"/>
  <attribute name="GC Util currently" value="44" />
  <attribute name="CPU Util currently" value="9041457801483" />
<exclusive-end id="5263" timestamp="2019-07-07T05:34:53.383" durationms="10.342" />

<exclusive-start id="5264" timestamp="2019-07-07T05:34:53.387" intervalms="14.294">
  <response-info timems="0.026" idlems="0.026" threads="0" lastid="00000000020B9700" lastname="main" />
</exclusive-start>
<allocation-taxation id="5265" taxation-threshold="12582912" timestamp="2019-07-07T05:34:53.387" intervalms="14.349" />
<gc-start id="5266" type="global mark phase" contextid="5159" timestamp="2019-07-07T05:34:53.387">
  <mem-info id="5267" free="36700160" total="73400320" percent="50">
    <remembered-set count="23168" freebytes="3004672" totalbytes="3097344" percent="97" regionsoverflowed="0" regionsstable="0" regionsrebuilding="18"/>
  </mem-info>
</gc-start>
<gc-end id="5268" type="global mark phase" contextid="5159" durationms="0.160" usertimems="0.000" systemtimems="0.000" timestamp="2019-07-07T05:34:53.388" activeThreads="1">
  <mem-info id="5269" free="36700160" total="73400320" percent="50">
    <remembered-set count="23168" freebytes="3004672" totalbytes="3097344" percent="97" regionsoverflowed="0" regionsstable="0" regionsrebuilding="18"/>
  </mem-info>
</gc-end>
<concurrent-start id="5270" type="GMP work packet processing" contextid="5159" timestamp="2019-07-07T05:34:53.388">
  <concurrent-mark-start scanTarget="1244951" />
</concurrent-start>
<exclusive-end id="5271" timestamp="2019-07-07T05:34:53.388" durationms="0.880" />

<concurrent-end id="5272" type="GMP work packet processing" contextid="5159" timestamp="2019-07-07T05:34:53.389">
  <concurrent-mark-end bytesScanned="1283120" reasonForTermination="Work target met" />
</concurrent-end>

<exclusive-start id="5273" timestamp="2019-07-07T05:34:53.392" intervalms="5.236">
  <response-info timems="0.069" idlems="0.069" threads="0" lastid="00000000020B9700" lastname="main" />
</exclusive-start>
<allocation-taxation id="5274" taxation-threshold="12582912" timestamp="2019-07-07T05:34:53.393" intervalms="5.224" />
<cycle-start id="5275" type="partial gc" contextid="0" timestamp="2019-07-07T05:34:53.393" intervalms="19.571" />
<gc-start id="5276" type="partial gc" contextid="5275" timestamp="2019-07-07T05:34:53.393">
  <mem-info id="5277" free="24117248" total="73400320" percent="32">
    <mem type="eden" free="1048552" total="26214400" percent="3" />
    <remembered-set count="32640" freebytes="2966784" totalbytes="3097344" percent="95" regionsoverflowed="0" regionsstable="0" regionsrebuilding="18"/>
  </mem-info>
</gc-start>
<allocation-stats totalBytes="25008096" >
  <allocated-bytes non-tlh="0" tlh="25008096" arrayletleaf="0"/>
  <largest-consumer threadName="main" threadId="00000000020B9700" bytes="12504048" />
</allocation-stats>
<gc-op id="5278" type="copy forward" timems="4.408" contextid="5275" timestamp="2019-07-07T05:34:53.398">
  <memory-copied type="eden" objects="1" bytes="24" bytesdiscarded="0" />
  <memory-copied type="other" objects="0" bytes="0" bytesdiscarded="0" />
  <memory-cardclean objects="152757" bytes="5189672" />
  <regions eden="24" other="1" />
  <remembered-set-cleared processed="1247" cleared="799" durationms="0.088" />
  <stringconstants candidates="13269" cleared="0"  />
</gc-op>
<gc-op id="5279" type="classunload" timems="0.004" contextid="5275" timestamp="2019-07-07T05:34:53.398">
  <classunload-info classloadercandidates="53" classloadersunloaded="0" classesunloaded="0" anonymousclassesunloaded="0" quiescems="0.000" setupms="0.004" scanms="0.000" postms="0.000" />
</gc-op>
<heap-resize id="5280" type="contract" space="default" amount="4194304" count="1" timems="0.313" reason="excess free space following gc" timestamp="2019-07-07T05:34:53.399" />
<gc-end id="5281" type="partial gc" contextid="5275" durationms="6.204" usertimems="16.000" systemtimems="0.000" timestamp="2019-07-07T05:34:53.399" activeThreads="4">
  <mem-info id="5282" free="45088768" total="69206016" percent="65">
    <mem type="eden" free="1048552" total="1048576" percent="99" />
    <remembered-set count="25824" freebytes="2826624" totalbytes="2929920" percent="96" regionsoverflowed="0" regionsstable="0" regionsrebuilding="18"/>
  </mem-info>
</gc-end>
<cycle-end id="5283" type="partial gc" contextid="5275" timestamp="2019-07-07T05:34:53.399" />
  <attribute name="elasticGC enabled" value="1" />
  <attribute name= "numThreadsSpecified" value="4" />
  <attribute name="heapSize specified" value="0" />
  <attribute name="Current GC Util" value="44" />
  <attribute name= "Current Time Running" value="22921" />
  <attribute name ="GC Interval" value="0" />
  <attribute name="ProportionalT" value="12.000000" />
  <attribute name="ProportionalI" value="12.000000" />
  <attribute name="ProportionalH" value="12.000000" />
  <attribute name="Current Error" value="24.000000" />
  <attribute name="IntegralT" value="12.000000" />
  <attribute name="IntegralI" value="12.000000" />
  <attribute name="IntegralH" value="12.000000" />
  <attribute name="DerivativeT" value="11.000000" />
  <attribute name="DerivativeI" value="11.000000" />
  <attribute name="DerivativeH" value="11.000000" />
  <attribute name="Loop Time for DT" value="1.000000" />
  <attribute name="Output H" value="8388608"/>
  <attribute name="Output I" value="200"/>
  <attribute name="Output T" value="4"/>
  <attribute name="Target GC Util Change" value ="20.000000" />
  <attribute name="Current GC Util Change" value="44.000000"/>
  <attribute name="GC Util currently" value="44" />
  <attribute name="CPU Util currently" value="7867086260573" />
<exclusive-end id="5284" timestamp="2019-07-07T05:34:53.399" durationms="7.090" />

<exclusive-start id="5285" timestamp="2019-07-07T05:34:53.403" intervalms="10.748">
  <response-info timems="0.025" idlems="0.025" threads="0" lastid="00000000020B9700" lastname="main" />
</exclusive-start>
<allocation-taxation id="5286" taxation-threshold="11534336" timestamp="2019-07-07T05:34:53.403" intervalms="10.760" />
<gc-start id="5287" type="global mark phase" contextid="5159" timestamp="2019-07-07T05:34:53.403">
  <mem-info id="5288" free="33554432" total="69206016" percent="48">
    <remembered-set count="25696" freebytes="2827136" totalbytes="2929920" percent="96" regionsoverflowed="0" regionsstable="0" regionsrebuilding="18"/>
  </mem-info>
</gc-start>
<gc-end id="5289" type="global mark phase" contextid="5159" durationms="0.142" usertimems="4.000" systemtimems="0.000" timestamp="2019-07-07T05:34:53.404" activeThreads="4">
  <mem-info id="5290" free="33554432" total="69206016" percent="48">
    <remembered-set count="25696" freebytes="2827136" totalbytes="2929920" percent="96" regionsoverflowed="0" regionsstable="0" regionsrebuilding="18"/>
  </mem-info>
</gc-end>
<concurrent-start id="5291" type="GMP work packet processing" contextid="5159" timestamp="2019-07-07T05:34:53.404">
  <concurrent-mark-start scanTarget="1048576" />
</concurrent-start>
<exclusive-end id="5292" timestamp="2019-07-07T05:34:53.404" durationms="0.834" />

<concurrent-end id="5293" type="GMP work packet processing" contextid="5159" timestamp="2019-07-07T05:34:53.405">
  <concurrent-mark-end bytesScanned="1079096" reasonForTermination="Work target met" />
</concurrent-end>

<exclusive-start id="5294" timestamp="2019-07-07T05:34:53.408" intervalms="4.817">
  <response-info timems="0.069" idlems="0.069" threads="0" lastid="00000000020B9700" lastname="main" />
</exclusive-start>
<allocation-taxation id="5295" taxation-threshold="11534336" timestamp="2019-07-07T05:34:53.408" intervalms="4.809" />
<cycle-start id="5296" type="partial gc" contextid="0" timestamp="2019-07-07T05:34:53.408" intervalms="15.517" />
<gc-start id="5297" type="partial gc" contextid="5296" timestamp="2019-07-07T05:34:53.408">
  <mem-info id="5298" free="22020096" total="69206016" percent="31">
    <mem type="eden" free="1048552" total="24117248" percent="4" />
    <remembered-set count="35488" freebytes="2787968" totalbytes="2929920" percent="95" regionsoverflowed="0" regionsstable="0" regionsrebuilding="18"/>
  </mem-info>
</gc-start>
<allocation-stats totalBytes="22924056" >
  <allocated-bytes non-tlh="0" tlh="22924056" arrayletleaf="0"/>
  <largest-consumer threadName="main" threadId="00000000020B9700" bytes="11462040" />
</allocation-stats>
<gc-op id="5299" type="copy forward" timems="9.828" contextid="5296" timestamp="2019-07-07T05:34:53.419">
  <memory-copied type="eden" objects="1" bytes="24" bytesdiscarded="0" />
  <memory-copied type="other" objects="0" bytes="0" bytesdiscarded="0" />
  <memory-cardclean objects="176290" bytes="5839680" />
  <regions eden="22" other="1" />
  <remembered-set-cleared processed="1854" cleared="737" durationms="0.123" />
  <stringconstants candidates="13269" cleared="0"  />
</gc-op>
<gc-op id="5300" type="classunload" timems="0.003" contextid="5296" timestamp="2019-07-07T05:34:53.419">
  <classunload-info classloadercandidates="53" classloadersunloaded="0" classesunloaded="0" anonymousclassesunloaded="0" quiescems="0.000" setupms="0.003" scanms="0.000" postms="0.000" />
</gc-op>
<heap-resize id="5301" type="contract" space="default" amount="4194304" count="1" timems="0.301" reason="excess free space following gc" timestamp="2019-07-07T05:34:53.420" />
<gc-end id="5302" type="partial gc" contextid="5296" durationms="11.593" usertimems="4.000" systemtimems="8.000" timestamp="2019-07-07T05:34:53.420" activeThreads="1">
  <mem-info id="5303" free="40894464" total="65011712" percent="62">
    <mem type="eden" free="1048552" total="1048576" percent="99" />
    <remembered-set count="27840" freebytes="2651136" totalbytes="2762496" percent="95" regionsoverflowed="0" regionsstable="0" regionsrebuilding="18"/>
  </mem-info>
</gc-end>
<cycle-end id="5304" type="partial gc" contextid="5296" timestamp="2019-07-07T05:34:53.420" />
  <attribute name="elasticGC enabled" value="1" />
  <attribute name= "numThreadsSpecified" value="1" />
  <attribute name="heapSize specified" value="0" />
  <attribute name="Current GC Util" value="46" />
  <attribute name= "Current Time Running" value="22936" />
  <attribute name ="GC Interval" value="0" />
  <attribute name="ProportionalT" value="13.000000" />
  <attribute name="ProportionalI" value="13.000000" />
  <attribute name="ProportionalH" value="13.000000" />
  <attribute name="Current Error" value="26.000000" />
  <attribute name="IntegralT" value="0.000000" />
  <attribute name="IntegralI" value="0.000000" />
  <attribute name="IntegralH" value="0.000000" />
  <attribute name="DerivativeT" value="inf" />
  <attribute name="DerivativeI" value="inf" />
  <attribute name="DerivativeH" value="inf" />
  <attribute name="Loop Time for DT" value="0.000000" />
  <attribute name="Output H" value="8388608"/>
  <attribute name="Output I" value="200"/>
  <attribute name="Output T" value="1"/>
  <attribute name="Target GC Util Change" value ="20.000000" />
  <attribute name="Current GC Util Change" value="46.000000"/>
  <attribute name="GC Util currently" value="46" />
  <attribute name="CPU Util currently" value="9981939436740" />
<exclusive-end id="5305" timestamp="2019-07-07T05:34:53.420" durationms="12.518" />

<exclusive-start id="5306" timestamp="2019-07-07T05:34:53.424" intervalms="16.165">
  <response-info timems="0.026" idlems="0.026" threads="0" lastid="00000000020B9700" lastname="main" />
</exclusive-start>
<allocation-taxation id="5307" taxation-threshold="11534336" timestamp="2019-07-07T05:34:53.424" intervalms="16.162" />
<gc-start id="5308" type="global mark phase" contextid="5159" timestamp="2019-07-07T05:34:53.424">
  <mem-info id="5309" free="29360128" total="65011712" percent="45">
    <remembered-set count="27584" freebytes="2652160" totalbytes="2762496" percent="96" regionsoverflowed="0" regionsstable="0" regionsrebuilding="18"/>
  </mem-info>
</gc-start>
<gc-end id="5310" type="global mark phase" contextid="5159" durationms="0.144" usertimems="0.000" systemtimems="0.000" timestamp="2019-07-07T05:34:53.425" activeThreads="1">
  <mem-info id="5311" free="29360128" total="65011712" percent="45">
    <remembered-set count="27584" freebytes="2652160" totalbytes="2762496" percent="96" regionsoverflowed="0" regionsstable="0" regionsrebuilding="18"/>
  </mem-info>
</gc-end>
<concurrent-start id="5312" type="GMP work packet processing" contextid="5159" timestamp="2019-07-07T05:34:53.425">
  <concurrent-mark-start scanTarget="1244951" />
</concurrent-start>
<exclusive-end id="5313" timestamp="2019-07-07T05:34:53.425" durationms="0.809" />

<concurrent-end id="5314" type="GMP work packet processing" contextid="5159" timestamp="2019-07-07T05:34:53.426">
  <concurrent-mark-end bytesScanned="1287016" reasonForTermination="Work target met" />
</concurrent-end>

<exclusive-start id="5315" timestamp="2019-07-07T05:34:53.429" intervalms="4.799">
  <response-info timems="0.055" idlems="0.055" threads="0" lastid="00000000020B9700" lastname="main" />
</exclusive-start>
<allocation-taxation id="5316" taxation-threshold="11534336" timestamp="2019-07-07T05:34:53.429" intervalms="4.703" />
<cycle-start id="5317" type="partial gc" contextid="0" timestamp="2019-07-07T05:34:53.429" intervalms="20.879" />
<gc-start id="5318" type="partial gc" contextid="5317" timestamp="2019-07-07T05:34:53.429">
  <mem-info id="5319" free="17825792" total="65011712" percent="27">
    <mem type="eden" free="1048552" total="24117248" percent="4" />
    <remembered-set count="40864" freebytes="2599040" totalbytes="2762496" percent="94" regionsoverflowed="0" regionsstable="0" regionsrebuilding="18"/>
  </mem-info>
</gc-start>
<allocation-stats totalBytes="22924080" >
  <allocated-bytes non-tlh="0" tlh="22924080" arrayletleaf="0"/>
  <largest-consumer threadName="main" threadId="00000000020B9700" bytes="11462040" />
</allocation-stats>
<gc-op id="5320" type="copy forward" timems="8.794" contextid="5317" timestamp="2019-07-07T05:34:53.439">
  <memory-copied type="eden" objects="1" bytes="24" bytesdiscarded="0" />
  <memory-copied type="other" objects="0" bytes="0" bytesdiscarded="0" />
  <memory-cardclean objects="162019" bytes="5245368" />
  <regions eden="22" other="1" />
  <remembered-set-cleared processed="17896" cleared="4635" durationms="0.280" />
  <stringconstants candidates="13269" cleared="0"  />
</gc-op>
<gc-op id="5321" type="classunload" timems="0.004" contextid="5317" timestamp="2019-07-07T05:34:53.439">
  <classunload-info classloadercandidates="53" classloadersunloaded="0" classesunloaded="0" anonymousclassesunloaded="0" quiescems="0.000" setupms="0.004" scanms="0.000" postms="0.000" />
</gc-op>
<heap-resize id="5322" type="contract" space="default" amount="3145728" count="1" timems="0.249" reason="excess free space following gc" timestamp="2019-07-07T05:34:53.440" />
<gc-end id="5323" type="partial gc" contextid="5317" durationms="10.472" usertimems="4.000" systemtimems="4.000" timestamp="2019-07-07T05:34:53.440" activeThreads="1">
  <mem-info id="5324" free="37748736" total="61865984" percent="61">
    <mem type="eden" free="1048552" total="1048576" percent="99" />
    <remembered-set count="36416" freebytes="2449408" totalbytes="2595072" percent="94" regionsoverflowed="0" regionsstable="0" regionsrebuilding="18"/>
  </mem-info>
</gc-end>
<cycle-end id="5325" type="partial gc" contextid="5317" timestamp="2019-07-07T05:34:53.440" />
  <attribute name="elasticGC enabled" value="1" />
  <attribute name= "numThreadsSpecified" value="1" />
  <attribute name="heapSize specified" value="0" />
  <attribute name="Current GC Util" value="48" />
  <attribute name= "Current Time Running" value="22957" />
  <attribute name ="GC Interval" value="0" />
  <attribute name="ProportionalT" value="14.000000" />
  <attribute name="ProportionalI" value="14.000000" />
  <attribute name="ProportionalH" value="14.000000" />
  <attribute name="Current Error" value="28.000000" />
  <attribute name="IntegralT" value="0.000000" />
  <attribute name="IntegralI" value="0.000000" />
  <attribute name="IntegralH" value="0.000000" />
  <attribute name="DerivativeT" value="inf" />
  <attribute name="DerivativeI" value="inf" />
  <attribute name="DerivativeH" value="inf" />
  <attribute name="Loop Time for DT" value="0.000000" />
  <attribute name="Output H" value="8388608"/>
  <attribute name="Output I" value="200"/>
  <attribute name="Output T" value="1"/>
  <attribute name="Target GC Util Change" value ="20.000000" />
  <attribute name="Current GC Util Change" value="48.000000"/>
  <attribute name="GC Util currently" value="48" />
  <attribute name="CPU Util currently" value="10486967634771" />
<exclusive-end id="5326" timestamp="2019-07-07T05:34:53.440" durationms="11.255" />

<exclusive-start id="5327" timestamp="2019-07-07T05:34:53.443" intervalms="14.582">
  <response-info timems="0.025" idlems="0.025" threads="0" lastid="00000000020B9700" lastname="main" />
</exclusive-start>
<allocation-taxation id="5328" taxation-threshold="10485760" timestamp="2019-07-07T05:34:53.444" intervalms="14.623" />
<gc-start id="5329" type="global mark phase" contextid="5159" timestamp="2019-07-07T05:34:53.444">
  <mem-info id="5330" free="27262976" total="61865984" percent="44">
    <remembered-set count="36192" freebytes="2450304" totalbytes="2595072" percent="94" regionsoverflowed="0" regionsstable="0" regionsrebuilding="18"/>
  </mem-info>
</gc-start>
<gc-end id="5331" type="global mark phase" contextid="5159" durationms="0.143" usertimems="0.000" systemtimems="0.000" timestamp="2019-07-07T05:34:53.444" activeThreads="1">
  <mem-info id="5332" free="27262976" total="61865984" percent="44">
    <remembered-set count="36192" freebytes="2450304" totalbytes="2595072" percent="94" regionsoverflowed="0" regionsstable="0" regionsrebuilding="18"/>
  </mem-info>
</gc-end>
<concurrent-start id="5333" type="GMP work packet processing" contextid="5159" timestamp="2019-07-07T05:34:53.444">
  <concurrent-mark-start scanTarget="1244951" />
</concurrent-start>
<exclusive-end id="5334" timestamp="2019-07-07T05:34:53.444" durationms="0.748" />

<concurrent-end id="5335" type="GMP work packet processing" contextid="5159" timestamp="2019-07-07T05:34:53.445">
  <concurrent-mark-end bytesScanned="1283144" reasonForTermination="Work target met" />
</concurrent-end>

<exclusive-start id="5336" timestamp="2019-07-07T05:34:53.448" intervalms="4.381">
  <response-info timems="0.034" idlems="0.034" threads="0" lastid="00000000020B9700" lastname="main" />
</exclusive-start>
<allocation-taxation id="5337" taxation-threshold="10485760" timestamp="2019-07-07T05:34:53.448" intervalms="4.429" />
<cycle-start id="5338" type="partial gc" contextid="0" timestamp="2019-07-07T05:34:53.448" intervalms="19.087" />
<gc-start id="5339" type="partial gc" contextid="5338" timestamp="2019-07-07T05:34:53.448">
  <mem-info id="5340" free="16777216" total="61865984" percent="27">
    <mem type="eden" free="1048552" total="22020096" percent="4" />
    <remembered-set count="49056" freebytes="2398848" totalbytes="2595072" percent="92" regionsoverflowed="0" regionsstable="0" regionsrebuilding="18"/>
  </mem-info>
</gc-start>
<allocation-stats totalBytes="20840064" >
  <allocated-bytes non-tlh="0" tlh="20840064" arrayletleaf="0"/>
  <largest-consumer threadName="main" threadId="00000000020B9700" bytes="10420032" />
</allocation-stats>
<gc-op id="5341" type="copy forward" timems="2.465" contextid="5338" timestamp="2019-07-07T05:34:53.452">
  <memory-copied type="eden" objects="1" bytes="24" bytesdiscarded="0" />
  <memory-copied type="other" objects="0" bytes="0" bytesdiscarded="0" />
  <memory-cardclean objects="19375" bytes="816000" />
  <regions eden="20" other="1" />
  <remembered-set-cleared processed="44150" cleared="3679" durationms="0.255" />
  <stringconstants candidates="13269" cleared="0"  />
</gc-op>
<gc-op id="5342" type="classunload" timems="0.003" contextid="5338" timestamp="2019-07-07T05:34:53.452">
  <classunload-info classloadercandidates="53" classloadersunloaded="0" classesunloaded="0" anonymousclassesunloaded="0" quiescems="0.000" setupms="0.003" scanms="0.000" postms="0.000" />
</gc-op>
<gc-end id="5343" type="partial gc" contextid="5338" durationms="3.625" usertimems="4.000" systemtimems="0.000" timestamp="2019-07-07T05:34:53.452" activeThreads="4">
  <mem-info id="5344" free="37748736" total="61865984" percent="61">
    <mem type="eden" free="1048552" total="1048576" percent="99" />
    <remembered-set count="46080" freebytes="2285184" totalbytes="2469504" percent="92" regionsoverflowed="0" regionsstable="0" regionsrebuilding="18"/>
  </mem-info>
</gc-end>
<cycle-end id="5345" type="partial gc" contextid="5338" timestamp="2019-07-07T05:34:53.452" />
  <attribute name="elasticGC enabled" value="1" />
  <attribute name= "numThreadsSpecified" value="4" />
  <attribute name="heapSize specified" value="0" />
  <attribute name="Current GC Util" value="38" />
  <attribute name= "Current Time Running" value="22976" />
  <attribute name ="GC Interval" value="0" />
  <attribute name="ProportionalT" value="9.000000" />
  <attribute name="ProportionalI" value="9.000000" />
  <attribute name="ProportionalH" value="9.000000" />
  <attribute name="Current Error" value="18.000000" />
  <attribute name="IntegralT" value="0.000000" />
  <attribute name="IntegralI" value="0.000000" />
  <attribute name="IntegralH" value="0.000000" />
  <attribute name="DerivativeT" value="-nan" />
  <attribute name="DerivativeI" value="-nan" />
  <attribute name="DerivativeH" value="-nan" />
  <attribute name="Loop Time for DT" value="0.000000" />
  <attribute name="Output H" value="2091843584"/>
  <attribute name="Output I" value="200"/>
  <attribute name="Output T" value="4"/>
  <attribute name="Target GC Util Change" value ="20.000000" />
  <attribute name="Current GC Util Change" value="38.000000"/>
  <attribute name="GC Util currently" value="38" />
  <attribute name="CPU Util currently" value="10726372729531" />
<exclusive-end id="5346" timestamp="2019-07-07T05:34:53.452" durationms="4.480" />

<exclusive-start id="5347" timestamp="2019-07-07T05:34:53.456" intervalms="7.810">
  <response-info timems="0.068" idlems="0.068" threads="0" lastid="00000000020B9700" lastname="main" />
</exclusive-start>
<allocation-taxation id="5348" taxation-threshold="10485760" timestamp="2019-07-07T05:34:53.456" intervalms="7.732" />
<gc-start id="5349" type="global mark phase" contextid="5159" timestamp="2019-07-07T05:34:53.456">
  <mem-info id="5350" free="27262976" total="61865984" percent="44">
    <remembered-set count="45664" freebytes="2286848" totalbytes="2469504" percent="92" regionsoverflowed="0" regionsstable="0" regionsrebuilding="18"/>
  </mem-info>
</gc-start>
<gc-end id="5351" type="global mark phase" contextid="5159" durationms="0.154" usertimems="0.000" systemtimems="0.000" timestamp="2019-07-07T05:34:53.456" activeThreads="4">
  <mem-info id="5352" free="27262976" total="61865984" percent="44">
    <remembered-set count="45664" freebytes="2286848" totalbytes="2469504" percent="92" regionsoverflowed="0" regionsstable="0" regionsrebuilding="18"/>
  </mem-info>
</gc-end>
<concurrent-start id="5353" type="GMP work packet processing" contextid="5159" timestamp="2019-07-07T05:34:53.456">
  <concurrent-mark-start scanTarget="1048576" />
</concurrent-start>
<exclusive-end id="5354" timestamp="2019-07-07T05:34:53.456" durationms="0.764" />

<concurrent-end id="5355" type="GMP work packet processing" contextid="5159" timestamp="2019-07-07T05:34:53.457">
  <concurrent-mark-end bytesScanned="1090060" reasonForTermination="Work target met" />
</concurrent-end>

<exclusive-start id="5356" timestamp="2019-07-07T05:34:53.460" intervalms="4.713">
  <response-info timems="0.054" idlems="0.054" threads="0" lastid="00000000020B9700" lastname="main" />
</exclusive-start>
<allocation-taxation id="5357" taxation-threshold="10485760" timestamp="2019-07-07T05:34:53.460" intervalms="4.737" />
<cycle-start id="5358" type="partial gc" contextid="0" timestamp="2019-07-07T05:34:53.461" intervalms="12.469" />
<gc-start id="5359" type="partial gc" contextid="5358" timestamp="2019-07-07T05:34:53.461">
  <mem-info id="5360" free="16777216" total="61865984" percent="27">
    <mem type="eden" free="1048552" total="22020096" percent="4" />
    <remembered-set count="61824" freebytes="2222208" totalbytes="2469504" percent="89" regionsoverflowed="0" regionsstable="0" regionsrebuilding="18"/>
  </mem-info>
</gc-start>
<allocation-stats totalBytes="20840064" >
  <allocated-bytes non-tlh="0" tlh="20840064" arrayletleaf="0"/>
  <largest-consumer threadName="main" threadId="00000000020B9700" bytes="10420032" />
</allocation-stats>
<gc-op id="5361" type="copy forward" timems="1.928" contextid="5358" timestamp="2019-07-07T05:34:53.463">
  <memory-copied type="eden" objects="1" bytes="24" bytesdiscarded="0" />
  <memory-copied type="other" objects="0" bytes="0" bytesdiscarded="0" />
  <memory-cardclean objects="10" bytes="424" />
  <regions eden="20" other="1" />
  <remembered-set-cleared processed="59960" cleared="7" durationms="0.258" />
  <stringconstants candidates="13269" cleared="0"  />
</gc-op>
<gc-op id="5362" type="classunload" timems="0.004" contextid="5358" timestamp="2019-07-07T05:34:53.464">
  <classunload-info classloadercandidates="53" classloadersunloaded="0" classesunloaded="0" anonymousclassesunloaded="0" quiescems="0.000" setupms="0.004" scanms="0.000" postms="0.000" />
</gc-op>
<gc-end id="5363" type="partial gc" contextid="5358" durationms="2.920" usertimems="4.000" systemtimems="0.000" timestamp="2019-07-07T05:34:53.464" activeThreads="4">
  <mem-info id="5364" free="37748736" total="61865984" percent="61">
    <mem type="eden" free="1048552" total="1048576" percent="99" />
    <remembered-set count="61792" freebytes="2222336" totalbytes="2469504" percent="89" regionsoverflowed="0" regionsstable="0" regionsrebuilding="18"/>
  </mem-info>
</gc-end>
<cycle-end id="5365" type="partial gc" contextid="5358" timestamp="2019-07-07T05:34:53.464" />
  <attribute name="elasticGC enabled" value="1" />
  <attribute name= "numThreadsSpecified" value="4" />
  <attribute name="heapSize specified" value="0" />
  <attribute name="Current GC Util" value="59" />
  <attribute name= "Current Time Running" value="22989" />
  <attribute name ="GC Interval" value="0" />
  <attribute name="ProportionalT" value="19.500000" />
  <attribute name="ProportionalI" value="19.500000" />
  <attribute name="ProportionalH" value="19.500000" />
  <attribute name="Current Error" value="39.000000" />
  <attribute name="IntegralT" value="19.500000" />
  <attribute name="IntegralI" value="19.500000" />
  <attribute name="IntegralH" value="19.500000" />
  <attribute name="DerivativeT" value="32.000000" />
  <attribute name="DerivativeI" value="32.000000" />
  <attribute name="DerivativeH" value="32.000000" />
  <attribute name="Loop Time for DT" value="1.000000" />
  <attribute name="Output H" value="8388608"/>
  <attribute name="Output I" value="200"/>
  <attribute name="Output T" value="4"/>
  <attribute name="Target GC Util Change" value ="20.000000" />
  <attribute name="Current GC Util Change" value="59.000000"/>
  <attribute name="GC Util currently" value="59" />
  <attribute name="CPU Util currently" value="20462187476905" />
<exclusive-end id="5366" timestamp="2019-07-07T05:34:53.464" durationms="3.766" />

<exclusive-start id="5367" timestamp="2019-07-07T05:34:53.467" intervalms="7.082">
  <response-info timems="0.062" idlems="0.062" threads="0" lastid="00000000020B9700" lastname="main" />
</exclusive-start>
<allocation-taxation id="5368" taxation-threshold="10485760" timestamp="2019-07-07T05:34:53.468" intervalms="7.115" />
<gc-start id="5369" type="global mark phase" contextid="5159" timestamp="2019-07-07T05:34:53.468">
  <mem-info id="5370" free="27262976" total="61865984" percent="44">
    <remembered-set count="61792" freebytes="2222336" totalbytes="2469504" percent="89" regionsoverflowed="0" regionsstable="0" regionsrebuilding="18"/>
  </mem-info>
</gc-start>
<gc-end id="5371" type="global mark phase" contextid="5159" durationms="0.150" usertimems="0.000" systemtimems="0.000" timestamp="2019-07-07T05:34:53.468" activeThreads="4">
  <mem-info id="5372" free="27262976" total="61865984" percent="44">
    <remembered-set count="61792" freebytes="2222336" totalbytes="2469504" percent="89" regionsoverflowed="0" regionsstable="0" regionsrebuilding="18"/>
  </mem-info>
</gc-end>
<concurrent-start id="5373" type="GMP work packet processing" contextid="5159" timestamp="2019-07-07T05:34:53.468">
  <concurrent-mark-start scanTarget="1048576" />
</concurrent-start>
<exclusive-end id="5374" timestamp="2019-07-07T05:34:53.468" durationms="0.775" />

<concurrent-end id="5375" type="GMP work packet processing" contextid="5159" timestamp="2019-07-07T05:34:53.469">
  <concurrent-mark-end bytesScanned="1084124" reasonForTermination="Work target met" />
</concurrent-end>

<exclusive-start id="5376" timestamp="2019-07-07T05:34:53.472" intervalms="4.399">
  <response-info timems="0.056" idlems="0.056" threads="0" lastid="00000000020B9700" lastname="main" />
</exclusive-start>
<allocation-taxation id="5377" taxation-threshold="10485760" timestamp="2019-07-07T05:34:53.472" intervalms="4.381" />
<cycle-start id="5378" type="partial gc" contextid="0" timestamp="2019-07-07T05:34:53.472" intervalms="11.489" />
<gc-start id="5379" type="partial gc" contextid="5378" timestamp="2019-07-07T05:34:53.472">
  <mem-info id="5380" free="16777216" total="61865984" percent="27">
    <mem type="eden" free="1048552" total="22020096" percent="4" />
    <remembered-set count="76384" freebytes="2163968" totalbytes="2469504" percent="87" regionsoverflowed="0" regionsstable="0" regionsrebuilding="18"/>
  </mem-info>
</gc-start>
<allocation-stats totalBytes="20840064" >
  <allocated-bytes non-tlh="0" tlh="20840064" arrayletleaf="0"/>
  <largest-consumer threadName="main" threadId="00000000020B9700" bytes="10420032" />
</allocation-stats>
<gc-op id="5381" type="copy forward" timems="1.336" contextid="5378" timestamp="2019-07-07T05:34:53.474">
  <memory-copied type="eden" objects="1" bytes="24" bytesdiscarded="0" />
  <memory-copied type="other" objects="0" bytes="0" bytesdiscarded="0" />
  <memory-cardclean objects="10" bytes="424" />
  <regions eden="20" other="1" />
  <remembered-set-cleared processed="74722" cleared="7" durationms="0.473" />
  <stringconstants candidates="13269" cleared="0"  />
</gc-op>
<gc-op id="5382" type="classunload" timems="0.004" contextid="5378" timestamp="2019-07-07T05:34:53.474">
  <classunload-info classloadercandidates="53" classloadersunloaded="0" classesunloaded="0" anonymousclassesunloaded="0" quiescems="0.000" setupms="0.004" scanms="0.000" postms="0.000" />
</gc-op>
<gc-end id="5383" type="partial gc" contextid="5378" durationms="2.459" usertimems="0.000" systemtimems="0.000" timestamp="2019-07-07T05:34:53.475" activeThreads="1">
  <mem-info id="5384" free="37748736" total="61865984" percent="61">
    <mem type="eden" free="1048552" total="1048576" percent="99" />
    <remembered-set count="76864" freebytes="2162048" totalbytes="2469504" percent="87" regionsoverflowed="0" regionsstable="0" regionsrebuilding="18"/>
  </mem-info>
</gc-end>
<cycle-end id="5385" type="partial gc" contextid="5378" timestamp="2019-07-07T05:34:53.475" />
  <attribute name="elasticGC enabled" value="1" />
  <attribute name= "numThreadsSpecified" value="1" />
  <attribute name="heapSize specified" value="0" />
  <attribute name="Current GC Util" value="61" />
  <attribute name= "Current Time Running" value="23000" />
  <attribute name ="GC Interval" value="0" />
  <attribute name="ProportionalT" value="20.500000" />
  <attribute name="ProportionalI" value="20.500000" />
  <attribute name="ProportionalH" value="20.500000" />
  <attribute name="Current Error" value="41.000000" />
  <attribute name="IntegralT" value="0.000000" />
  <attribute name="IntegralI" value="0.000000" />
  <attribute name="IntegralH" value="0.000000" />
  <attribute name="DerivativeT" value="inf" />
  <attribute name="DerivativeI" value="inf" />
  <attribute name="DerivativeH" value="inf" />
  <attribute name="Loop Time for DT" value="0.000000" />
  <attribute name="Output H" value="8388608"/>
  <attribute name="Output I" value="200"/>
  <attribute name="Output T" value="1"/>
  <attribute name="Target GC Util Change" value ="20.000000" />
  <attribute name="Current GC Util Change" value="61.000000"/>
  <attribute name="GC Util currently" value="61" />
  <attribute name="CPU Util currently" value="20523381714003" />
<exclusive-end id="5386" timestamp="2019-07-07T05:34:53.475" durationms="3.283" />

<exclusive-start id="5387" timestamp="2019-07-07T05:34:53.478" intervalms="6.597">
  <response-info timems="0.065" idlems="0.065" threads="0" lastid="00000000020B9700" lastname="main" />
</exclusive-start>
<allocation-taxation id="5388" taxation-threshold="10485760" timestamp="2019-07-07T05:34:53.479" intervalms="6.654" />
<gc-start id="5389" type="global mark phase" contextid="5159" timestamp="2019-07-07T05:34:53.479">
  <mem-info id="5390" free="27262976" total="61865984" percent="44">
    <remembered-set count="76384" freebytes="2163968" totalbytes="2469504" percent="87" regionsoverflowed="0" regionsstable="0" regionsrebuilding="18"/>
  </mem-info>
</gc-start>
<gc-end id="5391" type="global mark phase" contextid="5159" durationms="0.099" usertimems="0.000" systemtimems="0.000" timestamp="2019-07-07T05:34:53.479" activeThreads="1">
  <mem-info id="5392" free="27262976" total="61865984" percent="44">
    <remembered-set count="76384" freebytes="2163968" totalbytes="2469504" percent="87" regionsoverflowed="0" regionsstable="0" regionsrebuilding="18"/>
  </mem-info>
</gc-end>
<concurrent-start id="5393" type="GMP work packet processing" contextid="5159" timestamp="2019-07-07T05:34:53.479">
  <concurrent-mark-start scanTarget="1048576" />
</concurrent-start>
<exclusive-end id="5394" timestamp="2019-07-07T05:34:53.479" durationms="0.771" />

<concurrent-end id="5395" type="GMP work packet processing" contextid="5159" timestamp="2019-07-07T05:34:53.480">
  <concurrent-mark-end bytesScanned="503600" reasonForTermination="Completed all work in GC phase" />
</concurrent-end>

<exclusive-start id="5396" timestamp="2019-07-07T05:34:53.483" intervalms="4.782">
  <response-info timems="0.066" idlems="0.066" threads="0" lastid="00000000020B9700" lastname="main" />
</exclusive-start>
<allocation-taxation id="5397" taxation-threshold="10485760" timestamp="2019-07-07T05:34:53.483" intervalms="4.733" />
<cycle-start id="5398" type="partial gc" contextid="0" timestamp="2019-07-07T05:34:53.484" intervalms="11.388" />
<gc-start id="5399" type="partial gc" contextid="5398" timestamp="2019-07-07T05:34:53.484">
  <mem-info id="5400" free="16777216" total="61865984" percent="27">
    <mem type="eden" free="1048552" total="22020096" percent="4" />
    <remembered-set count="81440" freebytes="2143744" totalbytes="2469504" percent="86" regionsoverflowed="0" regionsstable="0" regionsrebuilding="18"/>
  </mem-info>
</gc-start>
<allocation-stats totalBytes="20903584" >
  <allocated-bytes non-tlh="0" tlh="20903584" arrayletleaf="0"/>
  <largest-consumer threadName="main" threadId="00000000020B9700" bytes="10483552" />
</allocation-stats>
<gc-op id="5401" type="copy forward" timems="1.843" contextid="5398" timestamp="2019-07-07T05:34:53.486">
  <memory-copied type="eden" objects="150" bytes="4952" bytesdiscarded="648" />
  <memory-copied type="other" objects="0" bytes="0" bytesdiscarded="0" />
  <memory-cardclean objects="64" bytes="2224" />
  <regions eden="20" other="1" />
  <remembered-set-cleared processed="79460" cleared="25" durationms="0.288" />
  <stringconstants candidates="13269" cleared="0"  />
</gc-op>
<gc-op id="5402" type="classunload" timems="0.003" contextid="5398" timestamp="2019-07-07T05:34:53.486">
  <classunload-info classloadercandidates="53" classloadersunloaded="0" classesunloaded="0" anonymousclassesunloaded="0" quiescems="0.000" setupms="0.003" scanms="0.000" postms="0.000" />
</gc-op>
<gc-end id="5403" type="partial gc" contextid="5398" durationms="2.865" usertimems="0.000" systemtimems="0.000" timestamp="2019-07-07T05:34:53.487" activeThreads="4">
  <mem-info id="5404" free="37748736" total="61865984" percent="61">
    <mem type="eden" free="1042976" total="1048576" percent="99" />
    <remembered-set count="81888" freebytes="2141952" totalbytes="2469504" percent="86" regionsoverflowed="0" regionsstable="0" regionsrebuilding="18"/>
  </mem-info>
</gc-end>
<cycle-end id="5405" type="partial gc" contextid="5398" timestamp="2019-07-07T05:34:53.487" />
  <attribute name="elasticGC enabled" value="1" />
  <attribute name= "numThreadsSpecified" value="4" />
  <attribute name="heapSize specified" value="0" />
  <attribute name="Current GC Util" value="62" />
  <attribute name= "Current Time Running" value="23012" />
  <attribute name ="GC Interval" value="0" />
  <attribute name="ProportionalT" value="21.000000" />
  <attribute name="ProportionalI" value="21.000000" />
  <attribute name="ProportionalH" value="21.000000" />
  <attribute name="Current Error" value="42.000000" />
  <attribute name="IntegralT" value="21.000000" />
  <attribute name="IntegralI" value="21.000000" />
  <attribute name="IntegralH" value="21.000000" />
  <attribute name="DerivativeT" value="42.000000" />
  <attribute name="DerivativeI" value="42.000000" />
  <attribute name="DerivativeH" value="42.000000" />
  <attribute name="Loop Time for DT" value="1.000000" />
  <attribute name="Output H" value="8388608"/>
  <attribute name="Output I" value="200"/>
  <attribute name="Output T" value="4"/>
  <attribute name="Target GC Util Change" value ="20.000000" />
  <attribute name="Current GC Util Change" value="62.000000"/>
  <attribute name="GC Util currently" value="62" />
  <attribute name="CPU Util currently" value="20443139044927" />
<exclusive-end id="5406" timestamp="2019-07-07T05:34:53.487" durationms="3.742" />

<exclusive-start id="5407" timestamp="2019-07-07T05:34:53.506" intervalms="23.142">
  <response-info timems="0.057" idlems="0.057" threads="0" lastid="00000000020B9700" lastname="main" />
</exclusive-start>
<allocation-taxation id="5408" taxation-threshold="10485760" timestamp="2019-07-07T05:34:53.507" intervalms="23.172" />
<gc-start id="5409" type="global mark phase" contextid="5159" timestamp="2019-07-07T05:34:53.507">
  <mem-info id="5410" free="27262976" total="61865984" percent="44">
    <remembered-set count="81440" freebytes="2143744" totalbytes="2469504" percent="86" regionsoverflowed="0" regionsstable="0" regionsrebuilding="18"/>
  </mem-info>
</gc-start>
<gc-op id="5411" type="mark increment" timems="5.224" contextid="5159" timestamp="2019-07-07T05:34:53.512">
  <trace-info objectcount="153" scancount="153" scanbytes="349068" />
  <cardclean-info objects="273951" bytes="7413248" />
  <finalization candidates="79" enqueued="0" />
  <ownableSynchronizers candidates="23" cleared="0" />
  <references type="soft" candidates="1862" cleared="0" enqueued="0" dynamicThreshold="19" maxThreshold="32" />
  <references type="weak" candidates="5686" cleared="0" enqueued="0" />
  <references type="phantom" candidates="101" cleared="0" enqueued="0" />
  <stringconstants candidates="13269" cleared="0"  />
</gc-op>
<gc-op id="5412" type="classunload" timems="0.004" contextid="5159" timestamp="2019-07-07T05:34:53.512">
  <classunload-info classloadercandidates="53" classloadersunloaded="0" classesunloaded="0" anonymousclassesunloaded="0" quiescems="0.000" setupms="0.004" scanms="0.000" postms="0.000" />
</gc-op>
<gc-end id="5413" type="global mark phase" contextid="5159" durationms="5.622" usertimems="16.000" systemtimems="0.000" timestamp="2019-07-07T05:34:53.512" activeThreads="4">
  <mem-info id="5414" free="27262976" total="61865984" percent="44">
    <remembered-set count="110624" freebytes="2027008" totalbytes="2469504" percent="82" regionsoverflowed="0" regionsstable="0" regionsrebuilding="0"/>
  </mem-info>
</gc-end>
<cycle-end id="5415" type="global mark phase" contextid="5159" timestamp="2019-07-07T05:34:53.512" />
  <attribute name="elasticGC enabled" value="1" />
  <attribute name= "numThreadsSpecified" value="4" />
  <attribute name="heapSize specified" value="0" />
  <attribute name="Current GC Util" value="115" />
  <attribute name= "Current Time Running" value="23038" />
  <attribute name ="GC Interval" value="0" />
  <attribute name="ProportionalT" value="47.500000" />
  <attribute name="ProportionalI" value="47.500000" />
  <attribute name="ProportionalH" value="47.500000" />
  <attribute name="Current Error" value="95.000000" />
  <attribute name="IntegralT" value="0.000000" />
  <attribute name="IntegralI" value="0.000000" />
  <attribute name="IntegralH" value="0.000000" />
  <attribute name="DerivativeT" value="-inf" />
  <attribute name="DerivativeI" value="-inf" />
  <attribute name="DerivativeH" value="-inf" />
  <attribute name="Loop Time for DT" value="0.000000" />
  <attribute name="Output H" value="2091843584"/>
  <attribute name="Output I" value="200"/>
  <attribute name="Output T" value="4"/>
  <attribute name="Target GC Util Change" value ="20.000000" />
  <attribute name="Current GC Util Change" value="115.000000"/>
  <attribute name="GC Util currently" value="115" />
  <attribute name="CPU Util currently" value="17172605238866" />
<exclusive-end id="5416" timestamp="2019-07-07T05:34:53.513" durationms="6.367" />

<exclusive-start id="5417" timestamp="2019-07-07T05:34:53.532" intervalms="25.807">
  <response-info timems="0.069" idlems="0.069" threads="0" lastid="00000000020B9700" lastname="main" />
</exclusive-start>
<allocation-taxation id="5418" taxation-threshold="10485760" timestamp="2019-07-07T05:34:53.532" intervalms="25.780" />
<cycle-start id="5419" type="partial gc" contextid="0" timestamp="2019-07-07T05:34:53.532" intervalms="48.935" />
<gc-start id="5420" type="partial gc" contextid="5419" timestamp="2019-07-07T05:34:53.533">
  <mem-info id="5421" free="16777216" total="61865984" percent="27">
    <mem type="eden" free="1042976" total="22020096" percent="4" />
    <remembered-set count="63168" freebytes="2216832" totalbytes="2469504" percent="89" regionsoverflowed="0" regionsstable="14" regionsrebuilding="0"/>
  </mem-info>
</gc-start>
<allocation-stats totalBytes="20968568" >
  <allocated-bytes non-tlh="0" tlh="20968568" arrayletleaf="0"/>
  <largest-consumer threadName="main" threadId="00000000020B9700" bytes="10484240" />
</allocation-stats>
<gc-op id="5422" type="sweep" timems="0.743" contextid="5419" timestamp="2019-07-07T05:34:53.534" />
<gc-op id="5423" type="copy forward" timems="1.143" contextid="5419" timestamp="2019-07-07T05:34:53.535">
  <memory-copied type="eden" objects="105" bytes="3424" bytesdiscarded="0" />
  <memory-copied type="other" objects="50" bytes="1688" bytesdiscarded="0" />
  <memory-cardclean objects="56" bytes="1992" />
  <regions eden="10" other="2" />
  <remembered-set-cleared processed="61764" cleared="88" durationms="0.481" />
  <stringconstants candidates="13269" cleared="0"  />
</gc-op>
<gc-op id="5424" type="classunload" timems="0.003" contextid="5419" timestamp="2019-07-07T05:34:53.536">
  <classunload-info classloadercandidates="53" classloadersunloaded="0" classesunloaded="0" anonymousclassesunloaded="0" quiescems="0.000" setupms="0.003" scanms="0.000" postms="0.000" />
</gc-op>
<heap-resize id="5425" type="expand" space="default" amount="1048576" count="1" timems="0.048" reason="excessive time being spent in gc" timestamp="2019-07-07T05:34:53.536" />
<gc-end id="5426" type="partial gc" contextid="5419" durationms="3.441" usertimems="4.000" systemtimems="0.000" timestamp="2019-07-07T05:34:53.536" activeThreads="1">
  <mem-info id="5427" free="37748736" total="62914560" percent="60">
    <mem type="eden" free="2092040" total="2097152" percent="99" />
    <remembered-set count="63520" freebytes="2257280" totalbytes="2511360" percent="89" regionsoverflowed="0" regionsstable="14" regionsrebuilding="0"/>
  </mem-info>
</gc-end>
<cycle-end id="5428" type="partial gc" contextid="5419" timestamp="2019-07-07T05:34:53.536" />
  <attribute name="elasticGC enabled" value="1" />
  <attribute name= "numThreadsSpecified" value="1" />
  <attribute name="heapSize specified" value="0" />
  <attribute name="Current GC Util" value="68" />
  <attribute name= "Current Time Running" value="23061" />
  <attribute name ="GC Interval" value="0" />
  <attribute name="ProportionalT" value="24.000000" />
  <attribute name="ProportionalI" value="24.000000" />
  <attribute name="ProportionalH" value="24.000000" />
  <attribute name="Current Error" value="48.000000" />
  <attribute name="IntegralT" value="0.000000" />
  <attribute name="IntegralI" value="0.000000" />
  <attribute name="IntegralH" value="0.000000" />
  <attribute name="DerivativeT" value="inf" />
  <attribute name="DerivativeI" value="inf" />
  <attribute name="DerivativeH" value="inf" />
  <attribute name="Loop Time for DT" value="0.000000" />
  <attribute name="Output H" value="8388608"/>
  <attribute name="Output I" value="200"/>
  <attribute name="Output T" value="1"/>
  <attribute name="Target GC Util Change" value ="20.000000" />
  <attribute name="Current GC Util Change" value="68.000000"/>
  <attribute name="GC Util currently" value="68" />
  <attribute name="CPU Util currently" value="20285592220102" />
<exclusive-end id="5429" timestamp="2019-07-07T05:34:53.536" durationms="4.329" />

<exclusive-start id="5430" timestamp="2019-07-07T05:34:53.556" intervalms="23.926">
  <response-info timems="0.066" idlems="0.066" threads="0" lastid="00000000020B9700" lastname="main" />
</exclusive-start>
<allocation-taxation id="5431" taxation-threshold="10485760" timestamp="2019-07-07T05:34:53.556" intervalms="23.973" />
<cycle-start id="5432" type="global mark phase" contextid="0" timestamp="2019-07-07T05:34:53.556" intervalms="251.694" />
<gc-start id="5433" type="global mark phase" contextid="5432" timestamp="2019-07-07T05:34:53.557">
  <mem-info id="5434" free="27262976" total="62914560" percent="43">
    <remembered-set count="63136" freebytes="2258816" totalbytes="2511360" percent="89" regionsoverflowed="0" regionsstable="14" regionsrebuilding="0"/>
  </mem-info>
</gc-start>
<gc-op id="5435" type="mark increment" timems="2.227" contextid="5432" timestamp="2019-07-07T05:34:53.559">
  <trace-info objectcount="32371" scancount="22893" scanbytes="796944" />
</gc-op>
<gc-end id="5436" type="global mark phase" contextid="5432" durationms="2.446" usertimems="4.000" systemtimems="0.000" timestamp="2019-07-07T05:34:53.559" activeThreads="4">
  <mem-info id="5437" free="27262976" total="62914560" percent="43">
    <remembered-set count="65696" freebytes="2248576" totalbytes="2511360" percent="89" regionsoverflowed="0" regionsstable="0" regionsrebuilding="14"/>
  </mem-info>
</gc-end>
<concurrent-start id="5438" type="GMP work packet processing" contextid="5432" timestamp="2019-07-07T05:34:53.559">
  <concurrent-mark-start scanTarget="1676290" />
</concurrent-start>
<exclusive-end id="5439" timestamp="2019-07-07T05:34:53.559" durationms="3.315" />

<concurrent-end id="5440" type="GMP work packet processing" contextid="5432" timestamp="2019-07-07T05:34:53.561">
  <concurrent-mark-end bytesScanned="1766180" reasonForTermination="Work target met" />
</concurrent-end>

<exclusive-start id="5441" timestamp="2019-07-07T05:34:53.579" intervalms="23.130">
  <response-info timems="0.069" idlems="0.069" threads="0" lastid="00000000020B9700" lastname="main" />
</exclusive-start>
<allocation-taxation id="5442" taxation-threshold="10485760" timestamp="2019-07-07T05:34:53.579" intervalms="23.123" />
<cycle-start id="5443" type="partial gc" contextid="0" timestamp="2019-07-07T05:34:53.580" intervalms="47.136" />
<gc-start id="5444" type="partial gc" contextid="5443" timestamp="2019-07-07T05:34:53.580">
  <mem-info id="5445" free="16777216" total="62914560" percent="26">
    <mem type="eden" free="1045152" total="22020096" percent="4" />
    <remembered-set count="68064" freebytes="2239104" totalbytes="2511360" percent="89" regionsoverflowed="0" regionsstable="0" regionsrebuilding="14"/>
  </mem-info>
</gc-start>
<allocation-stats totalBytes="20968496" >
  <allocated-bytes non-tlh="0" tlh="20968496" arrayletleaf="0"/>
  <largest-consumer threadName="main" threadId="00000000020B9700" bytes="10484288" />
</allocation-stats>
<gc-op id="5446" type="copy forward" timems="4.755" contextid="5443" timestamp="2019-07-07T05:34:53.585">
  <memory-copied type="eden" objects="334" bytes="10960" bytesdiscarded="0" />
  <memory-copied type="other" objects="10285" bytes="898712" bytesdiscarded="0" />
  <memory-cardclean objects="15522" bytes="869432" />
  <regions eden="20" other="6" />
  <remembered-set-cleared processed="61729" cleared="8296" durationms="0.551" />
  <finalization candidates="9" enqueued="0" />
  <ownableSynchronizers candidates="16" cleared="0" />
  <references type="soft" candidates="2" cleared="0" enqueued="0" dynamicThreshold="13" maxThreshold="32" />
  <references type="weak" candidates="300" cleared="0" enqueued="0" />
  <references type="phantom" candidates="29" cleared="0" enqueued="0" />
  <stringconstants candidates="13269" cleared="0"  />
</gc-op>
<gc-op id="5447" type="classunload" timems="0.004" contextid="5443" timestamp="2019-07-07T05:34:53.586">
  <classunload-info classloadercandidates="53" classloadersunloaded="0" classesunloaded="0" anonymousclassesunloaded="0" quiescems="0.000" setupms="0.004" scanms="0.000" postms="0.000" />
</gc-op>
<gc-end id="5448" type="partial gc" contextid="5443" durationms="5.867" usertimems="4.000" systemtimems="0.000" timestamp="2019-07-07T05:34:53.586" activeThreads="1">
  <mem-info id="5449" free="40894464" total="62914560" percent="65">
    <mem type="eden" free="1037568" total="1048576" percent="98" />
    <remembered-set count="62240" freebytes="2262400" totalbytes="2511360" percent="90" regionsoverflowed="0" regionsstable="0" regionsrebuilding="14"/>
  </mem-info>
</gc-end>
<cycle-end id="5450" type="partial gc" contextid="5443" timestamp="2019-07-07T05:34:53.586" />
  <attribute name="elasticGC enabled" value="1" />
  <attribute name= "numThreadsSpecified" value="1" />
  <attribute name="heapSize specified" value="0" />
  <attribute name="Current GC Util" value="61" />
  <attribute name= "Current Time Running" value="23108" />
  <attribute name ="GC Interval" value="0" />
  <attribute name="ProportionalT" value="20.500000" />
  <attribute name="ProportionalI" value="20.500000" />
  <attribute name="ProportionalH" value="20.500000" />
  <attribute name="Current Error" value="41.000000" />
  <attribute name="IntegralT" value="0.000000" />
  <attribute name="IntegralI" value="0.000000" />
  <attribute name="IntegralH" value="0.000000" />
  <attribute name="DerivativeT" value="inf" />
  <attribute name="DerivativeI" value="inf" />
  <attribute name="DerivativeH" value="inf" />
  <attribute name="Loop Time for DT" value="0.000000" />
  <attribute name="Output H" value="8388608"/>
  <attribute name="Output I" value="200"/>
  <attribute name="Output T" value="1"/>
  <attribute name="Target GC Util Change" value ="20.000000" />
  <attribute name="Current GC Util Change" value="61.000000"/>
  <attribute name="GC Util currently" value="61" />
  <attribute name="CPU Util currently" value="19972395178445" />
<exclusive-end id="5451" timestamp="2019-07-07T05:34:53.586" durationms="6.986" />

<exclusive-start id="5452" timestamp="2019-07-07T05:34:53.601" intervalms="21.745">
  <response-info timems="0.070" idlems="0.070" threads="0" lastid="00000000020B9700" lastname="main" />
</exclusive-start>
<allocation-taxation id="5453" taxation-threshold="10485760" timestamp="2019-07-07T05:34:53.601" intervalms="21.752" />
<gc-start id="5454" type="global mark phase" contextid="5432" timestamp="2019-07-07T05:34:53.601">
  <mem-info id="5455" free="30408704" total="62914560" percent="48">
    <remembered-set count="62048" freebytes="2263168" totalbytes="2511360" percent="90" regionsoverflowed="0" regionsstable="0" regionsrebuilding="14"/>
  </mem-info>
</gc-start>
<gc-end id="5456" type="global mark phase" contextid="5432" durationms="0.193" usertimems="0.000" systemtimems="0.000" timestamp="2019-07-07T05:34:53.602" activeThreads="1">
  <mem-info id="5457" free="30408704" total="62914560" percent="48">
    <remembered-set count="62048" freebytes="2263168" totalbytes="2511360" percent="90" regionsoverflowed="0" regionsstable="0" regionsrebuilding="14"/>
  </mem-info>
</gc-end>
<concurrent-start id="5458" type="GMP work packet processing" contextid="5432" timestamp="2019-07-07T05:34:53.602">
  <concurrent-mark-start scanTarget="1048576" />
</concurrent-start>
<exclusive-end id="5459" timestamp="2019-07-07T05:34:53.602" durationms="0.975" />

<concurrent-end id="5460" type="GMP work packet processing" contextid="5432" timestamp="2019-07-07T05:34:53.603">
  <concurrent-mark-end bytesScanned="1072176" reasonForTermination="Work target met" />
</concurrent-end>

<exclusive-start id="5461" timestamp="2019-07-07T05:34:53.617" intervalms="15.888">
  <response-info timems="0.066" idlems="0.066" threads="0" lastid="00000000020B9700" lastname="main" />
</exclusive-start>
<allocation-taxation id="5462" taxation-threshold="10485760" timestamp="2019-07-07T05:34:53.617" intervalms="15.884" />
<cycle-start id="5463" type="partial gc" contextid="0" timestamp="2019-07-07T05:34:53.617" intervalms="37.713" />
<gc-start id="5464" type="partial gc" contextid="5463" timestamp="2019-07-07T05:34:53.618">
  <mem-info id="5465" free="19922944" total="62914560" percent="31">
    <mem type="eden" free="1037568" total="22020096" percent="4" />
    <remembered-set count="62848" freebytes="2259968" totalbytes="2511360" percent="89" regionsoverflowed="0" regionsstable="0" regionsrebuilding="14"/>
  </mem-info>
</gc-start>
<allocation-stats totalBytes="20968856" >
  <allocated-bytes non-tlh="0" tlh="20968856" arrayletleaf="0"/>
  <largest-consumer threadName="main" threadId="00000000020B9700" bytes="10484416" />
</allocation-stats>
<gc-op id="5466" type="copy forward" timems="1.536" contextid="5463" timestamp="2019-07-07T05:34:53.620">
  <memory-copied type="eden" objects="120" bytes="3672" bytesdiscarded="0" />
  <memory-copied type="other" objects="212" bytes="7216" bytesdiscarded="0" />
  <memory-cardclean objects="85" bytes="11184" />
  <regions eden="20" other="1" />
  <remembered-set-cleared processed="60874" cleared="122" durationms="0.475" />
  <references type="weak" candidates="37" cleared="0" enqueued="0" />
  <stringconstants candidates="13269" cleared="0"  />
</gc-op>
<gc-op id="5467" type="classunload" timems="0.004" contextid="5463" timestamp="2019-07-07T05:34:53.620">
  <classunload-info classloadercandidates="53" classloadersunloaded="0" classesunloaded="0" anonymousclassesunloaded="0" quiescems="0.000" setupms="0.004" scanms="0.000" postms="0.000" />
</gc-op>
<heap-resize id="5468" type="contract" space="default" amount="3145728" count="1" timems="0.192" reason="excess free space following gc" timestamp="2019-07-07T05:34:53.620" />
<gc-end id="5469" type="partial gc" contextid="5463" durationms="2.936" usertimems="4.000" systemtimems="0.000" timestamp="2019-07-07T05:34:53.621" activeThreads="1">
  <mem-info id="5470" free="36700160" total="59768832" percent="61">
    <mem type="eden" free="2086264" total="2097152" percent="99" />
    <remembered-set count="63136" freebytes="2258816" totalbytes="2511360" percent="89" regionsoverflowed="0" regionsstable="0" regionsrebuilding="14"/>
  </mem-info>
</gc-end>
<cycle-end id="5471" type="partial gc" contextid="5463" timestamp="2019-07-07T05:34:53.621" />
  <attribute name="elasticGC enabled" value="1" />
  <attribute name= "numThreadsSpecified" value="1" />
  <attribute name="heapSize specified" value="0" />
  <attribute name="Current GC Util" value="49" />
  <attribute name= "Current Time Running" value="23145" />
  <attribute name ="GC Interval" value="0" />
  <attribute name="ProportionalT" value="14.500000" />
  <attribute name="ProportionalI" value="14.500000" />
  <attribute name="ProportionalH" value="14.500000" />
  <attribute name="Current Error" value="29.000000" />
  <attribute name="IntegralT" value="0.000000" />
  <attribute name="IntegralI" value="0.000000" />
  <attribute name="IntegralH" value="0.000000" />
  <attribute name="DerivativeT" value="inf" />
  <attribute name="DerivativeI" value="inf" />
  <attribute name="DerivativeH" value="inf" />
  <attribute name="Loop Time for DT" value="0.000000" />
  <attribute name="Output H" value="8388608"/>
  <attribute name="Output I" value="200"/>
  <attribute name="Output T" value="1"/>
  <attribute name="Target GC Util Change" value ="20.000000" />
  <attribute name="Current GC Util Change" value="49.000000"/>
  <attribute name="GC Util currently" value="49" />
  <attribute name="CPU Util currently" value="20130279379920" />
<exclusive-end id="5472" timestamp="2019-07-07T05:34:53.621" durationms="4.072" />

<exclusive-start id="5473" timestamp="2019-07-07T05:34:53.636" intervalms="18.810">
  <response-info timems="0.064" idlems="0.064" threads="0" lastid="00000000020B9700" lastname="main" />
</exclusive-start>
<allocation-taxation id="5474" taxation-threshold="10485760" timestamp="2019-07-07T05:34:53.636" intervalms="18.797" />
<gc-start id="5475" type="global mark phase" contextid="5432" timestamp="2019-07-07T05:34:53.636">
  <mem-info id="5476" free="26214400" total="59768832" percent="43">
    <remembered-set count="62880" freebytes="2259840" totalbytes="2511360" percent="89" regionsoverflowed="0" regionsstable="0" regionsrebuilding="14"/>
  </mem-info>
</gc-start>
<gc-end id="5477" type="global mark phase" contextid="5432" durationms="0.185" usertimems="0.000" systemtimems="0.000" timestamp="2019-07-07T05:34:53.636" activeThreads="1">
  <mem-info id="5478" free="26214400" total="59768832" percent="43">
    <remembered-set count="62880" freebytes="2259840" totalbytes="2511360" percent="89" regionsoverflowed="0" regionsstable="0" regionsrebuilding="14"/>
  </mem-info>
</gc-end>
<concurrent-start id="5479" type="GMP work packet processing" contextid="5432" timestamp="2019-07-07T05:34:53.636">
  <concurrent-mark-start scanTarget="1048576" />
</concurrent-start>
<exclusive-end id="5480" timestamp="2019-07-07T05:34:53.637" durationms="0.988" />

<concurrent-end id="5481" type="GMP work packet processing" contextid="5432" timestamp="2019-07-07T05:34:53.637">
  <concurrent-mark-end bytesScanned="1074648" reasonForTermination="Work target met" />
</concurrent-end>

<exclusive-start id="5482" timestamp="2019-07-07T05:34:53.652" intervalms="15.940">
  <response-info timems="0.068" idlems="0.068" threads="0" lastid="00000000020B9700" lastname="main" />
</exclusive-start>
<allocation-taxation id="5483" taxation-threshold="10485760" timestamp="2019-07-07T05:34:53.652" intervalms="15.868" />
<cycle-start id="5484" type="partial gc" contextid="0" timestamp="2019-07-07T05:34:53.652" intervalms="34.655" />
<gc-start id="5485" type="partial gc" contextid="5484" timestamp="2019-07-07T05:34:53.652">
  <mem-info id="5486" free="15728640" total="59768832" percent="26">
    <mem type="eden" free="1044904" total="22020096" percent="4" />
    <remembered-set count="68000" freebytes="2239360" totalbytes="2511360" percent="89" regionsoverflowed="0" regionsstable="0" regionsrebuilding="14"/>
  </mem-info>
</gc-start>
<allocation-stats totalBytes="20969016" >
  <allocated-bytes non-tlh="0" tlh="20969016" arrayletleaf="0"/>
  <largest-consumer threadName="main" threadId="00000000020B9700" bytes="10484520" />
</allocation-stats>
<gc-op id="5487" type="copy forward" timems="5.905" contextid="5484" timestamp="2019-07-07T05:34:53.659">
  <memory-copied type="eden" objects="116" bytes="3536" bytesdiscarded="0" />
  <memory-copied type="other" objects="0" bytes="0" bytesdiscarded="0" />
  <memory-cardclean objects="72387" bytes="2620968" />
  <regions eden="20" other="1" />
  <remembered-set-cleared processed="51695" cleared="11346" durationms="0.501" />
  <stringconstants candidates="13269" cleared="0"  />
</gc-op>
<gc-op id="5488" type="classunload" timems="0.004" contextid="5484" timestamp="2019-07-07T05:34:53.659">
  <classunload-info classloadercandidates="53" classloadersunloaded="0" classesunloaded="0" anonymousclassesunloaded="0" quiescems="0.000" setupms="0.003" scanms="0.000" postms="0.000" />
</gc-op>
<gc-end id="5489" type="partial gc" contextid="5484" durationms="7.192" usertimems="8.000" systemtimems="0.000" timestamp="2019-07-07T05:34:53.659" activeThreads="1">
  <mem-info id="5490" free="36700160" total="59768832" percent="61">
    <mem type="eden" free="1045040" total="1048576" percent="99" />
    <remembered-set count="54048" freebytes="2169600" totalbytes="2385792" percent="90" regionsoverflowed="0" regionsstable="0" regionsrebuilding="14"/>
  </mem-info>
</gc-end>
<cycle-end id="5491" type="partial gc" contextid="5484" timestamp="2019-07-07T05:34:53.660" />
  <attribute name="elasticGC enabled" value="1" />
  <attribute name= "numThreadsSpecified" value="1" />
  <attribute name="heapSize specified" value="0" />
  <attribute name="Current GC Util" value="45" />
  <attribute name= "Current Time Running" value="23180" />
  <attribute name ="GC Interval" value="0" />
  <attribute name="ProportionalT" value="12.500000" />
  <attribute name="ProportionalI" value="12.500000" />
  <attribute name="ProportionalH" value="12.500000" />
  <attribute name="Current Error" value="25.000000" />
  <attribute name="IntegralT" value="0.000000" />
  <attribute name="IntegralI" value="0.000000" />
  <attribute name="IntegralH" value="0.000000" />
  <attribute name="DerivativeT" value="inf" />
  <attribute name="DerivativeI" value="inf" />
  <attribute name="DerivativeH" value="inf" />
  <attribute name="Loop Time for DT" value="0.000000" />
  <attribute name="Output H" value="8388608"/>
  <attribute name="Output I" value="200"/>
  <attribute name="Output T" value="1"/>
  <attribute name="Target GC Util Change" value ="20.000000" />
  <attribute name="Current GC Util Change" value="45.000000"/>
  <attribute name="GC Util currently" value="45" />
  <attribute name="CPU Util currently" value="10733262960961" />
<exclusive-end id="5492" timestamp="2019-07-07T05:34:53.660" durationms="8.312" />

<exclusive-start id="5493" timestamp="2019-07-07T05:34:53.675" intervalms="23.010">
  <response-info timems="0.068" idlems="0.068" threads="0" lastid="00000000020B9700" lastname="main" />
</exclusive-start>
<allocation-taxation id="5494" taxation-threshold="10485760" timestamp="2019-07-07T05:34:53.675" intervalms="23.065" />
<gc-start id="5495" type="global mark phase" contextid="5432" timestamp="2019-07-07T05:34:53.675">
  <mem-info id="5496" free="26214400" total="59768832" percent="43">
    <remembered-set count="53664" freebytes="2171136" totalbytes="2385792" percent="91" regionsoverflowed="0" regionsstable="0" regionsrebuilding="14"/>
  </mem-info>
</gc-start>
<gc-end id="5497" type="global mark phase" contextid="5432" durationms="0.188" usertimems="0.000" systemtimems="0.000" timestamp="2019-07-07T05:34:53.675" activeThreads="1">
  <mem-info id="5498" free="26214400" total="59768832" percent="43">
    <remembered-set count="53664" freebytes="2171136" totalbytes="2385792" percent="91" regionsoverflowed="0" regionsstable="0" regionsrebuilding="14"/>
  </mem-info>
</gc-end>
<concurrent-start id="5499" type="GMP work packet processing" contextid="5432" timestamp="2019-07-07T05:34:53.675">
  <concurrent-mark-start scanTarget="1048576" />
</concurrent-start>
<exclusive-end id="5500" timestamp="2019-07-07T05:34:53.676" durationms="0.999" />

<concurrent-end id="5501" type="GMP work packet processing" contextid="5432" timestamp="2019-07-07T05:34:53.676">
  <concurrent-mark-end bytesScanned="1069140" reasonForTermination="Work target met" />
</concurrent-end>

<exclusive-start id="5502" timestamp="2019-07-07T05:34:53.683" intervalms="8.583">
  <response-info timems="0.068" idlems="0.068" threads="0" lastid="00000000020B9700" lastname="main" />
</exclusive-start>
<allocation-taxation id="5503" taxation-threshold="10485760" timestamp="2019-07-07T05:34:53.683" intervalms="8.616" />
<cycle-start id="5504" type="partial gc" contextid="0" timestamp="2019-07-07T05:34:53.684" intervalms="31.650" />
<gc-start id="5505" type="partial gc" contextid="5504" timestamp="2019-07-07T05:34:53.684">
  <mem-info id="5506" free="15728640" total="59768832" percent="26">
    <mem type="eden" free="1045040" total="22020096" percent="4" />
    <remembered-set count="56384" freebytes="2160256" totalbytes="2385792" percent="90" regionsoverflowed="0" regionsstable="0" regionsrebuilding="14"/>
  </mem-info>
</gc-start>
<allocation-stats totalBytes="20963200" >
  <allocated-bytes non-tlh="0" tlh="20963200" arrayletleaf="0"/>
  <largest-consumer threadName="main" threadId="00000000020B9700" bytes="10478536" />
</allocation-stats>
<gc-op id="5507" type="copy forward" timems="1.585" contextid="5504" timestamp="2019-07-07T05:34:53.686">
  <memory-copied type="eden" objects="134" bytes="4240" bytesdiscarded="648" />
  <memory-copied type="other" objects="0" bytes="0" bytesdiscarded="0" />
  <memory-cardclean objects="74" bytes="2488" />
  <regions eden="20" other="1" />
  <remembered-set-cleared processed="54823" cleared="50" durationms="0.253" />
  <stringconstants candidates="13269" cleared="0"  />
</gc-op>
<gc-op id="5508" type="classunload" timems="0.004" contextid="5504" timestamp="2019-07-07T05:34:53.686">
  <classunload-info classloadercandidates="53" classloadersunloaded="0" classesunloaded="0" anonymousclassesunloaded="0" quiescems="0.000" setupms="0.003" scanms="0.000" postms="0.000" />
</gc-op>
<gc-end id="5509" type="partial gc" contextid="5504" durationms="2.621" usertimems="4.000" systemtimems="0.000" timestamp="2019-07-07T05:34:53.686" activeThreads="4">
  <mem-info id="5510" free="36700160" total="59768832" percent="61">
    <mem type="eden" free="1043688" total="1048576" percent="99" />
    <remembered-set count="56736" freebytes="2158848" totalbytes="2385792" percent="90" regionsoverflowed="0" regionsstable="0" regionsrebuilding="14"/>
  </mem-info>
</gc-end>
<cycle-end id="5511" type="partial gc" contextid="5504" timestamp="2019-07-07T05:34:53.687" />
  <attribute name="elasticGC enabled" value="1" />
  <attribute name= "numThreadsSpecified" value="4" />
  <attribute name="heapSize specified" value="0" />
  <attribute name="Current GC Util" value="51" />
  <attribute name= "Current Time Running" value="23212" />
  <attribute name ="GC Interval" value="0" />
  <attribute name="ProportionalT" value="15.500000" />
  <attribute name="ProportionalI" value="15.500000" />
  <attribute name="ProportionalH" value="15.500000" />
  <attribute name="Current Error" value="31.000000" />
  <attribute name="IntegralT" value="15.500000" />
  <attribute name="IntegralI" value="15.500000" />
  <attribute name="IntegralH" value="15.500000" />
  <attribute name="DerivativeT" value="31.000000" />
  <attribute name="DerivativeI" value="31.000000" />
  <attribute name="DerivativeH" value="31.000000" />
  <attribute name="Loop Time for DT" value="1.000000" />
  <attribute name="Output H" value="8388608"/>
  <attribute name="Output I" value="200"/>
  <attribute name="Output T" value="4"/>
  <attribute name="Target GC Util Change" value ="20.000000" />
  <attribute name="Current GC Util Change" value="51.000000"/>
  <attribute name="GC Util currently" value="51" />
  <attribute name="CPU Util currently" value="22640597588390" />
<exclusive-end id="5512" timestamp="2019-07-07T05:34:53.687" durationms="3.657" />

<exclusive-start id="5513" timestamp="2019-07-07T05:34:53.690" intervalms="6.967">
  <response-info timems="0.059" idlems="0.059" threads="0" lastid="00000000020B9700" lastname="main" />
</exclusive-start>
<allocation-taxation id="5514" taxation-threshold="10485760" timestamp="2019-07-07T05:34:53.690" intervalms="6.925" />
<gc-start id="5515" type="global mark phase" contextid="5432" timestamp="2019-07-07T05:34:53.691">
  <mem-info id="5516" free="26214400" total="59768832" percent="43">
    <remembered-set count="56288" freebytes="2160640" totalbytes="2385792" percent="90" regionsoverflowed="0" regionsstable="0" regionsrebuilding="14"/>
  </mem-info>
</gc-start>
<gc-end id="5517" type="global mark phase" contextid="5432" durationms="0.135" usertimems="0.000" systemtimems="0.000" timestamp="2019-07-07T05:34:53.691" activeThreads="4">
  <mem-info id="5518" free="26214400" total="59768832" percent="43">
    <remembered-set count="56288" freebytes="2160640" totalbytes="2385792" percent="90" regionsoverflowed="0" regionsstable="0" regionsrebuilding="14"/>
  </mem-info>
</gc-end>
<concurrent-start id="5519" type="GMP work packet processing" contextid="5432" timestamp="2019-07-07T05:34:53.691">
  <concurrent-mark-start scanTarget="1676290" />
</concurrent-start>
<exclusive-end id="5520" timestamp="2019-07-07T05:34:53.691" durationms="0.873" />

<concurrent-end id="5521" type="GMP work packet processing" contextid="5432" timestamp="2019-07-07T05:34:53.692">
  <concurrent-mark-end bytesScanned="1713340" reasonForTermination="Work target met" />
</concurrent-end>

<exclusive-start id="5522" timestamp="2019-07-07T05:34:53.695" intervalms="4.648">
  <response-info timems="0.055" idlems="0.055" threads="0" lastid="00000000020B9700" lastname="main" />
</exclusive-start>
<allocation-taxation id="5523" taxation-threshold="10485760" timestamp="2019-07-07T05:34:53.695" intervalms="4.674" />
<cycle-start id="5524" type="partial gc" contextid="0" timestamp="2019-07-07T05:34:53.695" intervalms="11.597" />
<gc-start id="5525" type="partial gc" contextid="5524" timestamp="2019-07-07T05:34:53.695">
  <mem-info id="5526" free="15728640" total="59768832" percent="26">
    <mem type="eden" free="0" total="20971520" percent="0" />
    <remembered-set count="62240" freebytes="2136832" totalbytes="2385792" percent="89" regionsoverflowed="0" regionsstable="0" regionsrebuilding="14"/>
  </mem-info>
</gc-start>
<allocation-stats totalBytes="20959040" >
  <allocated-bytes non-tlh="0" tlh="20959040" arrayletleaf="0"/>
  <largest-consumer threadName="main" threadId="00000000020B9700" bytes="10480400" />
</allocation-stats>
<gc-op id="5527" type="copy forward" timems="1.479" contextid="5524" timestamp="2019-07-07T05:34:53.698">
  <memory-copied type="eden" objects="5" bytes="240" bytesdiscarded="0" />
  <memory-copied type="other" objects="130" bytes="4016" bytesdiscarded="0" />
  <memory-cardclean objects="57" bytes="2128" />
  <regions eden="20" other="1" />
  <remembered-set-cleared processed="60451" cleared="58" durationms="0.438" />
  <stringconstants candidates="13269" cleared="0"  />
</gc-op>
<gc-op id="5528" type="classunload" timems="0.003" contextid="5524" timestamp="2019-07-07T05:34:53.698">
  <classunload-info classloadercandidates="53" classloadersunloaded="0" classesunloaded="0" anonymousclassesunloaded="0" quiescems="0.000" setupms="0.003" scanms="0.000" postms="0.000" />
</gc-op>
<heap-resize id="5529" type="expand" space="default" amount="1048576" count="1" timems="0.054" reason="excessive time being spent in gc" timestamp="2019-07-07T05:34:53.698" />
<gc-end id="5530" type="partial gc" contextid="5524" durationms="2.777" usertimems="4.000" systemtimems="0.000" timestamp="2019-07-07T05:34:53.698" activeThreads="1">
  <mem-info id="5531" free="36700160" total="60817408" percent="60">
    <mem type="eden" free="1048336" total="1048576" percent="99" />
    <remembered-set count="62496" freebytes="2177664" totalbytes="2427648" percent="89" regionsoverflowed="0" regionsstable="0" regionsrebuilding="14"/>
  </mem-info>
</gc-end>
<cycle-end id="5532" type="partial gc" contextid="5524" timestamp="2019-07-07T05:34:53.698" />
  <attribute name="elasticGC enabled" value="1" />
  <attribute name= "numThreadsSpecified" value="1" />
  <attribute name="heapSize specified" value="0" />
  <attribute name="Current GC Util" value="112" />
  <attribute name= "Current Time Running" value="23223" />
  <attribute name ="GC Interval" value="0" />
  <attribute name="ProportionalT" value="46.000000" />
  <attribute name="ProportionalI" value="46.000000" />
  <attribute name="ProportionalH" value="46.000000" />
  <attribute name="Current Error" value="92.000000" />
  <attribute name="IntegralT" value="0.000000" />
  <attribute name="IntegralI" value="0.000000" />
  <attribute name="IntegralH" value="0.000000" />
  <attribute name="DerivativeT" value="inf" />
  <attribute name="DerivativeI" value="inf" />
  <attribute name="DerivativeH" value="inf" />
  <attribute name="Loop Time for DT" value="0.000000" />
  <attribute name="Output H" value="8388608"/>
  <attribute name="Output I" value="200"/>
  <attribute name="Output T" value="1"/>
  <attribute name="Target GC Util Change" value ="20.000000" />
  <attribute name="Current GC Util Change" value="112.000000"/>
  <attribute name="GC Util currently" value="112" />
  <attribute name="CPU Util currently" value="18025100697353" />
<exclusive-end id="5533" timestamp="2019-07-07T05:34:53.699" durationms="3.890" />

<exclusive-start id="5534" timestamp="2019-07-07T05:34:53.702" intervalms="7.152">
  <response-info timems="0.057" idlems="0.057" threads="0" lastid="00000000020B9700" lastname="main" />
</exclusive-start>
<allocation-taxation id="5535" taxation-threshold="10485760" timestamp="2019-07-07T05:34:53.702" intervalms="7.153" />
<gc-start id="5536" type="global mark phase" contextid="5432" timestamp="2019-07-07T05:34:53.702">
  <mem-info id="5537" free="26214400" total="60817408" percent="43">
    <remembered-set count="62112" freebytes="2179200" totalbytes="2427648" percent="89" regionsoverflowed="0" regionsstable="0" regionsrebuilding="14"/>
  </mem-info>
</gc-start>
<gc-end id="5538" type="global mark phase" contextid="5432" durationms="0.239" usertimems="0.000" systemtimems="0.000" timestamp="2019-07-07T05:34:53.703" activeThreads="1">
  <mem-info id="5539" free="26214400" total="60817408" percent="43">
    <remembered-set count="62112" freebytes="2179200" totalbytes="2427648" percent="89" regionsoverflowed="0" regionsstable="0" regionsrebuilding="14"/>
  </mem-info>
</gc-end>
<concurrent-start id="5540" type="GMP work packet processing" contextid="5432" timestamp="2019-07-07T05:34:53.703">
  <concurrent-mark-start scanTarget="1048576" />
</concurrent-start>
<exclusive-end id="5541" timestamp="2019-07-07T05:34:53.703" durationms="1.027" />

<concurrent-end id="5542" type="GMP work packet processing" contextid="5432" timestamp="2019-07-07T05:34:53.704">
  <concurrent-mark-end bytesScanned="1110776" reasonForTermination="Work target met" />
</concurrent-end>

<exclusive-start id="5543" timestamp="2019-07-07T05:34:53.707" intervalms="4.637">
  <response-info timems="0.028" idlems="0.028" threads="0" lastid="00000000020B9700" lastname="main" />
</exclusive-start>
<allocation-taxation id="5544" taxation-threshold="10485760" timestamp="2019-07-07T05:34:53.707" intervalms="4.578" />
<cycle-start id="5545" type="partial gc" contextid="0" timestamp="2019-07-07T05:34:53.707" intervalms="11.695" />
<gc-start id="5546" type="partial gc" contextid="5545" timestamp="2019-07-07T05:34:53.707">
  <mem-info id="5547" free="15728640" total="60817408" percent="25">
    <mem type="eden" free="1048336" total="22020096" percent="4" />
    <remembered-set count="63136" freebytes="2175104" totalbytes="2427648" percent="89" regionsoverflowed="0" regionsstable="0" regionsrebuilding="14"/>
  </mem-info>
</gc-start>
<allocation-stats totalBytes="20960968" >
  <allocated-bytes non-tlh="0" tlh="20960968" arrayletleaf="0"/>
  <largest-consumer threadName="main" threadId="00000000020B9700" bytes="10480584" />
</allocation-stats>
<gc-op id="5548" type="copy forward" timems="1.467" contextid="5545" timestamp="2019-07-07T05:34:53.709">
  <memory-copied type="eden" objects="5" bytes="368" bytesdiscarded="0" />
  <memory-copied type="other" objects="0" bytes="0" bytesdiscarded="0" />
  <memory-cardclean objects="15" bytes="512" />
  <regions eden="20" other="1" />
  <remembered-set-cleared processed="61095" cleared="9" durationms="0.426" />
  <stringconstants candidates="13269" cleared="0"  />
</gc-op>
<gc-op id="5549" type="classunload" timems="0.003" contextid="5545" timestamp="2019-07-07T05:34:53.710">
  <classunload-info classloadercandidates="53" classloadersunloaded="0" classesunloaded="0" anonymousclassesunloaded="0" quiescems="0.000" setupms="0.003" scanms="0.000" postms="0.000" />
</gc-op>
<gc-end id="5550" type="partial gc" contextid="5545" durationms="2.696" usertimems="4.000" systemtimems="0.000" timestamp="2019-07-07T05:34:53.710" activeThreads="1">
  <mem-info id="5551" free="36700160" total="60817408" percent="60">
    <mem type="eden" free="1048208" total="1048576" percent="99" />
    <remembered-set count="63584" freebytes="2173312" totalbytes="2427648" percent="89" regionsoverflowed="0" regionsstable="0" regionsrebuilding="14"/>
  </mem-info>
</gc-end>
<cycle-end id="5552" type="partial gc" contextid="5545" timestamp="2019-07-07T05:34:53.710" />
  <attribute name="elasticGC enabled" value="1" />
  <attribute name= "numThreadsSpecified" value="1" />
  <attribute name="heapSize specified" value="0" />
  <attribute name="Current GC Util" value="174" />
  <attribute name= "Current Time Running" value="23235" />
  <attribute name ="GC Interval" value="0" />
  <attribute name="ProportionalT" value="77.000000" />
  <attribute name="ProportionalI" value="77.000000" />
  <attribute name="ProportionalH" value="77.000000" />
  <attribute name="Current Error" value="154.000000" />
  <attribute name="IntegralT" value="0.000000" />
  <attribute name="IntegralI" value="0.000000" />
  <attribute name="IntegralH" value="0.000000" />
  <attribute name="DerivativeT" value="inf" />
  <attribute name="DerivativeI" value="inf" />
  <attribute name="DerivativeH" value="inf" />
  <attribute name="Loop Time for DT" value="0.000000" />
  <attribute name="Output H" value="8388608"/>
  <attribute name="Output I" value="200"/>
  <attribute name="Output T" value="1"/>
  <attribute name="Target GC Util Change" value ="20.000000" />
  <attribute name="Current GC Util Change" value="174.000000"/>
  <attribute name="GC Util currently" value="174" />
  <attribute name="CPU Util currently" value="12839091077086" />
<exclusive-end id="5553" timestamp="2019-07-07T05:34:53.710" durationms="3.641" />

<exclusive-start id="5554" timestamp="2019-07-07T05:34:53.714" intervalms="6.928">
  <response-info timems="0.069" idlems="0.069" threads="0" lastid="00000000020B9700" lastname="main" />
</exclusive-start>
<allocation-taxation id="5555" taxation-threshold="10485760" timestamp="2019-07-07T05:34:53.714" intervalms="6.998" />
<gc-start id="5556" type="global mark phase" contextid="5432" timestamp="2019-07-07T05:34:53.714">
  <mem-info id="5557" free="26214400" total="60817408" percent="43">
    <remembered-set count="63136" freebytes="2175104" totalbytes="2427648" percent="89" regionsoverflowed="0" regionsstable="0" regionsrebuilding="14"/>
  </mem-info>
</gc-start>
<gc-end id="5558" type="global mark phase" contextid="5432" durationms="0.201" usertimems="0.000" systemtimems="0.000" timestamp="2019-07-07T05:34:53.714" activeThreads="1">
  <mem-info id="5559" free="26214400" total="60817408" percent="43">
    <remembered-set count="63136" freebytes="2175104" totalbytes="2427648" percent="89" regionsoverflowed="0" regionsstable="0" regionsrebuilding="14"/>
  </mem-info>
</gc-end>
<concurrent-start id="5560" type="GMP work packet processing" contextid="5432" timestamp="2019-07-07T05:34:53.714">
  <concurrent-mark-start scanTarget="1048576" />
</concurrent-start>
<exclusive-end id="5561" timestamp="2019-07-07T05:34:53.715" durationms="1.002" />

<concurrent-end id="5562" type="GMP work packet processing" contextid="5432" timestamp="2019-07-07T05:34:53.716">
  <concurrent-mark-end bytesScanned="1102132" reasonForTermination="Work target met" />
</concurrent-end>

<exclusive-start id="5563" timestamp="2019-07-07T05:34:53.718" intervalms="4.792">
  <response-info timems="0.061" idlems="0.061" threads="0" lastid="00000000020B9700" lastname="main" />
</exclusive-start>
<allocation-taxation id="5564" taxation-threshold="10485760" timestamp="2019-07-07T05:34:53.718" intervalms="4.744" />
<cycle-start id="5565" type="partial gc" contextid="0" timestamp="2019-07-07T05:34:53.719" intervalms="11.730" />
<gc-start id="5566" type="partial gc" contextid="5565" timestamp="2019-07-07T05:34:53.719">
  <mem-info id="5567" free="15728640" total="60817408" percent="25">
    <mem type="eden" free="1048208" total="22020096" percent="4" />
    <remembered-set count="72384" freebytes="2138112" totalbytes="2427648" percent="88" regionsoverflowed="0" regionsstable="0" regionsrebuilding="14"/>
  </mem-info>
</gc-start>
<allocation-stats totalBytes="20960328" >
  <allocated-bytes non-tlh="0" tlh="20960328" arrayletleaf="0"/>
  <largest-consumer threadName="main" threadId="00000000020B9700" bytes="10480400" />
</allocation-stats>
<gc-op id="5568" type="copy forward" timems="3.178" contextid="5565" timestamp="2019-07-07T05:34:53.723">
  <memory-copied type="eden" objects="5" bytes="240" bytesdiscarded="0" />
  <memory-copied type="other" objects="0" bytes="0" bytesdiscarded="0" />
  <memory-cardclean objects="15" bytes="512" />
  <regions eden="20" other="1" />
  <remembered-set-cleared processed="70523" cleared="8" durationms="0.305" />
  <stringconstants candidates="13269" cleared="0"  />
</gc-op>
<gc-op id="5569" type="classunload" timems="0.004" contextid="5565" timestamp="2019-07-07T05:34:53.723">
  <classunload-info classloadercandidates="53" classloadersunloaded="0" classesunloaded="0" anonymousclassesunloaded="0" quiescems="0.000" setupms="0.004" scanms="0.000" postms="0.000" />
</gc-op>
<gc-end id="5570" type="partial gc" contextid="5565" durationms="4.016" usertimems="8.000" systemtimems="0.000" timestamp="2019-07-07T05:34:53.723" activeThreads="4">
  <mem-info id="5571" free="36700160" total="60817408" percent="60">
    <mem type="eden" free="1048336" total="1048576" percent="99" />
    <remembered-set count="72160" freebytes="2139008" totalbytes="2427648" percent="88" regionsoverflowed="0" regionsstable="0" regionsrebuilding="14"/>
  </mem-info>
</gc-end>
<cycle-end id="5572" type="partial gc" contextid="5565" timestamp="2019-07-07T05:34:53.723" />
  <attribute name="elasticGC enabled" value="1" />
  <attribute name= "numThreadsSpecified" value="4" />
  <attribute name="heapSize specified" value="0" />
  <attribute name="Current GC Util" value="169" />
  <attribute name= "Current Time Running" value="23247" />
  <attribute name ="GC Interval" value="0" />
  <attribute name="ProportionalT" value="74.500000" />
  <attribute name="ProportionalI" value="74.500000" />
  <attribute name="ProportionalH" value="74.500000" />
  <attribute name="Current Error" value="149.000000" />
  <attribute name="IntegralT" value="74.500000" />
  <attribute name="IntegralI" value="74.500000" />
  <attribute name="IntegralH" value="74.500000" />
  <attribute name="DerivativeT" value="85.000000" />
  <attribute name="DerivativeI" value="85.000000" />
  <attribute name="DerivativeH" value="85.000000" />
  <attribute name="Loop Time for DT" value="1.000000" />
  <attribute name="Output H" value="8388608"/>
  <attribute name="Output I" value="240"/>
  <attribute name="Output T" value="4"/>
  <attribute name="Target GC Util Change" value ="20.000000" />
  <attribute name="Current GC Util Change" value="169.000000"/>
  <attribute name="GC Util currently" value="169" />
  <attribute name="CPU Util currently" value="13858936836878" />
<exclusive-end id="5573" timestamp="2019-07-07T05:34:53.723" durationms="4.776" />

<exclusive-start id="5574" timestamp="2019-07-07T05:34:53.726" intervalms="8.071">
  <response-info timems="0.070" idlems="0.070" threads="0" lastid="00000000020B9700" lastname="main" />
</exclusive-start>
<allocation-taxation id="5575" taxation-threshold="10485760" timestamp="2019-07-07T05:34:53.726" intervalms="7.969" />
<gc-start id="5576" type="global mark phase" contextid="5432" timestamp="2019-07-07T05:34:53.727">
  <mem-info id="5577" free="26214400" total="60817408" percent="43">
    <remembered-set count="72160" freebytes="2139008" totalbytes="2427648" percent="88" regionsoverflowed="0" regionsstable="0" regionsrebuilding="14"/>
  </mem-info>
</gc-start>
<gc-end id="5578" type="global mark phase" contextid="5432" durationms="0.133" usertimems="0.000" systemtimems="0.000" timestamp="2019-07-07T05:34:53.727" activeThreads="4">
  <mem-info id="5579" free="26214400" total="60817408" percent="43">
    <remembered-set count="72160" freebytes="2139008" totalbytes="2427648" percent="88" regionsoverflowed="0" regionsstable="0" regionsrebuilding="14"/>
  </mem-info>
</gc-end>
<concurrent-start id="5580" type="GMP work packet processing" contextid="5432" timestamp="2019-07-07T05:34:53.727">
  <concurrent-mark-start scanTarget="1676290" />
</concurrent-start>
<exclusive-end id="5581" timestamp="2019-07-07T05:34:53.727" durationms="0.662" />

<concurrent-end id="5582" type="GMP work packet processing" contextid="5432" timestamp="2019-07-07T05:34:53.729">
  <concurrent-mark-end bytesScanned="1735476" reasonForTermination="Work target met" />
</concurrent-end>

<exclusive-start id="5583" timestamp="2019-07-07T05:34:53.731" intervalms="4.155">
  <response-info timems="0.057" idlems="0.057" threads="0" lastid="00000000020B9700" lastname="main" />
</exclusive-start>
<allocation-taxation id="5584" taxation-threshold="10485760" timestamp="2019-07-07T05:34:53.731" intervalms="4.245" />
<cycle-start id="5585" type="partial gc" contextid="0" timestamp="2019-07-07T05:34:53.731" intervalms="12.236" />
<gc-start id="5586" type="partial gc" contextid="5585" timestamp="2019-07-07T05:34:53.731">
  <mem-info id="5587" free="15728640" total="60817408" percent="25">
    <mem type="eden" free="1048336" total="22020096" percent="4" />
    <remembered-set count="91616" freebytes="2061184" totalbytes="2427648" percent="84" regionsoverflowed="0" regionsstable="0" regionsrebuilding="14"/>
  </mem-info>
</gc-start>
<allocation-stats totalBytes="20960968" >
  <allocated-bytes non-tlh="0" tlh="20960968" arrayletleaf="0"/>
  <largest-consumer threadName="main" threadId="00000000020B9700" bytes="10480584" />
</allocation-stats>
<gc-op id="5588" type="copy forward" timems="1.972" contextid="5585" timestamp="2019-07-07T05:34:53.734">
  <memory-copied type="eden" objects="5" bytes="368" bytesdiscarded="0" />
  <memory-copied type="other" objects="0" bytes="0" bytesdiscarded="0" />
  <memory-cardclean objects="15" bytes="512" />
  <regions eden="20" other="1" />
  <remembered-set-cleared processed="89256" cleared="10" durationms="0.321" />
  <stringconstants candidates="13269" cleared="0"  />
</gc-op>
<gc-op id="5589" type="classunload" timems="0.003" contextid="5585" timestamp="2019-07-07T05:34:53.734">
  <classunload-info classloadercandidates="53" classloadersunloaded="0" classesunloaded="0" anonymousclassesunloaded="0" quiescems="0.000" setupms="0.003" scanms="0.000" postms="0.000" />
</gc-op>
<gc-end id="5590" type="partial gc" contextid="5585" durationms="2.891" usertimems="4.000" systemtimems="0.000" timestamp="2019-07-07T05:34:53.734" activeThreads="4">
  <mem-info id="5591" free="36700160" total="60817408" percent="60">
    <mem type="eden" free="1048208" total="1048576" percent="99" />
    <remembered-set count="91008" freebytes="2063616" totalbytes="2427648" percent="85" regionsoverflowed="0" regionsstable="0" regionsrebuilding="14"/>
  </mem-info>
</gc-end>
<cycle-end id="5592" type="partial gc" contextid="5585" timestamp="2019-07-07T05:34:53.734" />
  <attribute name="elasticGC enabled" value="1" />
  <attribute name= "numThreadsSpecified" value="4" />
  <attribute name="heapSize specified" value="0" />
  <attribute name="Current GC Util" value="71" />
  <attribute name= "Current Time Running" value="23259" />
  <attribute name ="GC Interval" value="0" />
  <attribute name="ProportionalT" value="25.500000" />
  <attribute name="ProportionalI" value="25.500000" />
  <attribute name="ProportionalH" value="25.500000" />
  <attribute name="Current Error" value="51.000000" />
  <attribute name="IntegralT" value="0.000000" />
  <attribute name="IntegralI" value="0.000000" />
  <attribute name="IntegralH" value="0.000000" />
  <attribute name="DerivativeT" value="-inf" />
  <attribute name="DerivativeI" value="-inf" />
  <attribute name="DerivativeH" value="-inf" />
  <attribute name="Loop Time for DT" value="0.000000" />
  <attribute name="Output H" value="2091843584"/>
  <attribute name="Output I" value="200"/>
  <attribute name="Output T" value="4"/>
  <attribute name="Target GC Util Change" value ="20.000000" />
  <attribute name="Current GC Util Change" value="71.000000"/>
  <attribute name="GC Util currently" value="71" />
  <attribute name="CPU Util currently" value="25754688111350" />
<exclusive-end id="5593" timestamp="2019-07-07T05:34:53.734" durationms="3.938" />

<exclusive-start id="5594" timestamp="2019-07-07T05:34:53.738" intervalms="7.286">
  <response-info timems="0.057" idlems="0.057" threads="0" lastid="00000000020B9700" lastname="main" />
</exclusive-start>
<allocation-taxation id="5595" taxation-threshold="10485760" timestamp="2019-07-07T05:34:53.738" intervalms="7.339" />
<gc-start id="5596" type="global mark phase" contextid="5432" timestamp="2019-07-07T05:34:53.738">
  <mem-info id="5597" free="26214400" total="60817408" percent="43">
    <remembered-set count="91008" freebytes="2063616" totalbytes="2427648" percent="85" regionsoverflowed="0" regionsstable="0" regionsrebuilding="14"/>
  </mem-info>
</gc-start>
<gc-end id="5598" type="global mark phase" contextid="5432" durationms="0.197" usertimems="0.000" systemtimems="0.000" timestamp="2019-07-07T05:34:53.738" activeThreads="4">
  <mem-info id="5599" free="26214400" total="60817408" percent="43">
    <remembered-set count="91008" freebytes="2063616" totalbytes="2427648" percent="85" regionsoverflowed="0" regionsstable="0" regionsrebuilding="14"/>
  </mem-info>
</gc-end>
<concurrent-start id="5600" type="GMP work packet processing" contextid="5432" timestamp="2019-07-07T05:34:53.739">
  <concurrent-mark-start scanTarget="1676290" />
</concurrent-start>
<exclusive-end id="5601" timestamp="2019-07-07T05:34:53.739" durationms="0.960" />

<concurrent-end id="5602" type="GMP work packet processing" contextid="5432" timestamp="2019-07-07T05:34:53.740">
  <concurrent-mark-end bytesScanned="1719720" reasonForTermination="Work target met" />
</concurrent-end>

<exclusive-start id="5603" timestamp="2019-07-07T05:34:53.742" intervalms="4.283">
  <response-info timems="0.058" idlems="0.058" threads="0" lastid="00000000020B9700" lastname="main" />
</exclusive-start>
<allocation-taxation id="5604" taxation-threshold="10485760" timestamp="2019-07-07T05:34:53.742" intervalms="4.286" />
<cycle-start id="5605" type="partial gc" contextid="0" timestamp="2019-07-07T05:34:53.742" intervalms="11.591" />
<gc-start id="5606" type="partial gc" contextid="5605" timestamp="2019-07-07T05:34:53.743">
  <mem-info id="5607" free="15728640" total="60817408" percent="25">
    <mem type="eden" free="1048208" total="22020096" percent="4" />
    <remembered-set count="92096" freebytes="2059264" totalbytes="2427648" percent="84" regionsoverflowed="0" regionsstable="0" regionsrebuilding="14"/>
  </mem-info>
</gc-start>
<allocation-stats totalBytes="20960328" >
  <allocated-bytes non-tlh="0" tlh="20960328" arrayletleaf="0"/>
  <largest-consumer threadName="main" threadId="00000000020B9700" bytes="10480400" />
</allocation-stats>
<gc-op id="5608" type="copy forward" timems="2.096" contextid="5605" timestamp="2019-07-07T05:34:53.746">
  <memory-copied type="eden" objects="5" bytes="240" bytesdiscarded="0" />
  <memory-copied type="other" objects="0" bytes="0" bytesdiscarded="0" />
  <memory-cardclean objects="15" bytes="512" />
  <regions eden="20" other="1" />
  <remembered-set-cleared processed="90245" cleared="8" durationms="0.312" />
  <stringconstants candidates="13269" cleared="0"  />
</gc-op>
<gc-op id="5609" type="classunload" timems="0.004" contextid="5605" timestamp="2019-07-07T05:34:53.746">
  <classunload-info classloadercandidates="53" classloadersunloaded="0" classesunloaded="0" anonymousclassesunloaded="0" quiescems="0.000" setupms="0.004" scanms="0.000" postms="0.000" />
</gc-op>
<gc-end id="5610" type="partial gc" contextid="5605" durationms="3.216" usertimems="4.000" systemtimems="0.000" timestamp="2019-07-07T05:34:53.746" activeThreads="4">
  <mem-info id="5611" free="36700160" total="60817408" percent="60">
    <mem type="eden" free="1048336" total="1048576" percent="99" />
    <remembered-set count="91968" freebytes="2059776" totalbytes="2427648" percent="84" regionsoverflowed="0" regionsstable="0" regionsrebuilding="14"/>
  </mem-info>
</gc-end>
<cycle-end id="5612" type="partial gc" contextid="5605" timestamp="2019-07-07T05:34:53.746" />
  <attribute name="elasticGC enabled" value="1" />
  <attribute name= "numThreadsSpecified" value="4" />
  <attribute name="heapSize specified" value="0" />
  <attribute name="Current GC Util" value="125" />
  <attribute name= "Current Time Running" value="23271" />
  <attribute name ="GC Interval" value="0" />
  <attribute name="ProportionalT" value="52.500000" />
  <attribute name="ProportionalI" value="52.500000" />
  <attribute name="ProportionalH" value="52.500000" />
  <attribute name="Current Error" value="105.000000" />
  <attribute name="IntegralT" value="52.500000" />
  <attribute name="IntegralI" value="52.500000" />
  <attribute name="IntegralH" value="52.500000" />
  <attribute name="DerivativeT" value="61.000000" />
  <attribute name="DerivativeI" value="61.000000" />
  <attribute name="DerivativeH" value="61.000000" />
  <attribute name="Loop Time for DT" value="1.000000" />
  <attribute name="Output H" value="8388608"/>
  <attribute name="Output I" value="200"/>
  <attribute name="Output T" value="4"/>
  <attribute name="Target GC Util Change" value ="20.000000" />
  <attribute name="Current GC Util Change" value="125.000000"/>
  <attribute name="GC Util currently" value="125" />
  <attribute name="CPU Util currently" value="17653062174196" />
<exclusive-end id="5613" timestamp="2019-07-07T05:34:53.746" durationms="4.276" />

<exclusive-start id="5614" timestamp="2019-07-07T05:34:53.750" intervalms="7.629">
  <response-info timems="0.049" idlems="0.049" threads="0" lastid="00000000020B9700" lastname="main" />
</exclusive-start>
<allocation-taxation id="5615" taxation-threshold="10485760" timestamp="2019-07-07T05:34:53.750" intervalms="7.649" />
<gc-start id="5616" type="global mark phase" contextid="5432" timestamp="2019-07-07T05:34:53.750">
  <mem-info id="5617" free="26214400" total="60817408" percent="43">
    <remembered-set count="91968" freebytes="2059776" totalbytes="2427648" percent="84" regionsoverflowed="0" regionsstable="0" regionsrebuilding="14"/>
  </mem-info>
</gc-start>
<gc-end id="5618" type="global mark phase" contextid="5432" durationms="0.198" usertimems="0.000" systemtimems="0.000" timestamp="2019-07-07T05:34:53.750" activeThreads="4">
  <mem-info id="5619" free="26214400" total="60817408" percent="43">
    <remembered-set count="91968" freebytes="2059776" totalbytes="2427648" percent="84" regionsoverflowed="0" regionsstable="0" regionsrebuilding="14"/>
  </mem-info>
</gc-end>
<concurrent-start id="5620" type="GMP work packet processing" contextid="5432" timestamp="2019-07-07T05:34:53.751">
  <concurrent-mark-start scanTarget="1676290" />
</concurrent-start>
<exclusive-end id="5621" timestamp="2019-07-07T05:34:53.751" durationms="1.104" />

<concurrent-end id="5622" type="GMP work packet processing" contextid="5432" timestamp="2019-07-07T05:34:53.751">
  <concurrent-mark-end bytesScanned="112508" reasonForTermination="Completed all work in GC phase" />
</concurrent-end>

<exclusive-start id="5623" timestamp="2019-07-07T05:34:53.754" intervalms="4.527">
  <response-info timems="0.081" idlems="0.081" threads="0" lastid="00000000020B9700" lastname="main" />
</exclusive-start>
<allocation-taxation id="5624" taxation-threshold="10485760" timestamp="2019-07-07T05:34:53.754" intervalms="4.500" />
<cycle-start id="5625" type="partial gc" contextid="0" timestamp="2019-07-07T05:34:53.755" intervalms="12.218" />
<gc-start id="5626" type="partial gc" contextid="5625" timestamp="2019-07-07T05:34:53.755">
  <mem-info id="5627" free="15728640" total="60817408" percent="25">
    <mem type="eden" free="1048336" total="22020096" percent="4" />
    <remembered-set count="92992" freebytes="2055680" totalbytes="2427648" percent="84" regionsoverflowed="0" regionsstable="0" regionsrebuilding="14"/>
  </mem-info>
</gc-start>
<allocation-stats totalBytes="20960968" >
  <allocated-bytes non-tlh="0" tlh="20960968" arrayletleaf="0"/>
  <largest-consumer threadName="main" threadId="00000000020B9700" bytes="10480584" />
</allocation-stats>
<gc-op id="5628" type="copy forward" timems="1.582" contextid="5625" timestamp="2019-07-07T05:34:53.757">
  <memory-copied type="eden" objects="5" bytes="368" bytesdiscarded="0" />
  <memory-copied type="other" objects="0" bytes="0" bytesdiscarded="0" />
  <memory-cardclean objects="15" bytes="512" />
  <regions eden="20" other="1" />
  <remembered-set-cleared processed="90296" cleared="8" durationms="0.570" />
  <stringconstants candidates="13269" cleared="0"  />
</gc-op>
<gc-op id="5629" type="classunload" timems="0.003" contextid="5625" timestamp="2019-07-07T05:34:53.758">
  <classunload-info classloadercandidates="53" classloadersunloaded="0" classesunloaded="0" anonymousclassesunloaded="0" quiescems="0.000" setupms="0.003" scanms="0.000" postms="0.000" />
</gc-op>
<gc-end id="5630" type="partial gc" contextid="5625" durationms="2.856" usertimems="0.000" systemtimems="4.000" timestamp="2019-07-07T05:34:53.758" activeThreads="1">
  <mem-info id="5631" free="36700160" total="60817408" percent="60">
    <mem type="eden" free="1048208" total="1048576" percent="99" />
    <remembered-set count="93440" freebytes="2053888" totalbytes="2427648" percent="84" regionsoverflowed="0" regionsstable="0" regionsrebuilding="14"/>
  </mem-info>
</gc-end>
<cycle-end id="5632" type="partial gc" contextid="5625" timestamp="2019-07-07T05:34:53.758" />
  <attribute name="elasticGC enabled" value="1" />
  <attribute name= "numThreadsSpecified" value="1" />
  <attribute name="heapSize specified" value="0" />
  <attribute name="Current GC Util" value="147" />
  <attribute name= "Current Time Running" value="23283" />
  <attribute name ="GC Interval" value="0" />
  <attribute name="ProportionalT" value="63.500000" />
  <attribute name="ProportionalI" value="63.500000" />
  <attribute name="ProportionalH" value="63.500000" />
  <attribute name="Current Error" value="127.000000" />
  <attribute name="IntegralT" value="0.000000" />
  <attribute name="IntegralI" value="0.000000" />
  <attribute name="IntegralH" value="0.000000" />
  <attribute name="DerivativeT" value="inf" />
  <attribute name="DerivativeI" value="inf" />
  <attribute name="DerivativeH" value="inf" />
  <attribute name="Loop Time for DT" value="0.000000" />
  <attribute name="Output H" value="8388608"/>
  <attribute name="Output I" value="200"/>
  <attribute name="Output T" value="1"/>
  <attribute name="Target GC Util Change" value ="20.000000" />
  <attribute name="Current GC Util Change" value="147.000000"/>
  <attribute name="GC Util currently" value="147" />
  <attribute name="CPU Util currently" value="12686928883484" />
<exclusive-end id="5633" timestamp="2019-07-07T05:34:53.758" durationms="4.053" />

<exclusive-start id="5634" timestamp="2019-07-07T05:34:53.762" intervalms="7.418">
  <response-info timems="0.098" idlems="0.098" threads="0" lastid="00000000020B9700" lastname="main" />
</exclusive-start>
<allocation-taxation id="5635" taxation-threshold="10485760" timestamp="2019-07-07T05:34:53.762" intervalms="7.457" />
<gc-start id="5636" type="global mark phase" contextid="5432" timestamp="2019-07-07T05:34:53.762">
  <mem-info id="5637" free="26214400" total="60817408" percent="43">
    <remembered-set count="92992" freebytes="2055680" totalbytes="2427648" percent="84" regionsoverflowed="0" regionsstable="0" regionsrebuilding="14"/>
  </mem-info>
</gc-start>
<gc-op id="5638" type="mark increment" timems="4.443" contextid="5432" timestamp="2019-07-07T05:34:53.767">
  <trace-info objectcount="544" scancount="542" scanbytes="361332" />
  <cardclean-info objects="104726" bytes="3147020" />
  <finalization candidates="79" enqueued="0" />
  <ownableSynchronizers candidates="23" cleared="0" />
  <references type="soft" candidates="1862" cleared="0" enqueued="0" dynamicThreshold="19" maxThreshold="32" />
  <references type="weak" candidates="5723" cleared="7" enqueued="3" />
  <references type="phantom" candidates="101" cleared="0" enqueued="0" />
  <stringconstants candidates="13269" cleared="0"  />
</gc-op>
<gc-op id="5639" type="classunload" timems="0.004" contextid="5432" timestamp="2019-07-07T05:34:53.767">
  <classunload-info classloadercandidates="53" classloadersunloaded="0" classesunloaded="0" anonymousclassesunloaded="0" quiescems="0.000" setupms="0.004" scanms="0.000" postms="0.000" />
</gc-op>
<gc-end id="5640" type="global mark phase" contextid="5432" durationms="4.895" usertimems="4.000" systemtimems="4.000" timestamp="2019-07-07T05:34:53.767" activeThreads="4">
  <mem-info id="5641" free="26214400" total="60817408" percent="43">
    <pending-finalizers system="0" default="0" reference="3" classloader="0" />
    <remembered-set count="98112" freebytes="2035200" totalbytes="2427648" percent="83" regionsoverflowed="0" regionsstable="0" regionsrebuilding="0"/>
  </mem-info>
</gc-end>
<cycle-end id="5642" type="global mark phase" contextid="5432" timestamp="2019-07-07T05:34:53.767" />
  <attribute name="elasticGC enabled" value="1" />
  <attribute name= "numThreadsSpecified" value="4" />
  <attribute name="heapSize specified" value="0" />
  <attribute name="Current GC Util" value="170" />
  <attribute name= "Current Time Running" value="23293" />
  <attribute name ="GC Interval" value="0" />
  <attribute name="ProportionalT" value="75.000000" />
  <attribute name="ProportionalI" value="75.000000" />
  <attribute name="ProportionalH" value="75.000000" />
  <attribute name="Current Error" value="150.000000" />
  <attribute name="IntegralT" value="75.000000" />
  <attribute name="IntegralI" value="75.000000" />
  <attribute name="IntegralH" value="75.000000" />
  <attribute name="DerivativeT" value="-88.000000" />
  <attribute name="DerivativeI" value="-88.000000" />
  <attribute name="DerivativeH" value="-88.000000" />
  <attribute name="Loop Time for DT" value="1.000000" />
  <attribute name="Output H" value="8388608"/>
  <attribute name="Output I" value="200"/>
  <attribute name="Output T" value="4"/>
  <attribute name="Target GC Util Change" value ="20.000000" />
  <attribute name="Current GC Util Change" value="170.000000"/>
  <attribute name="GC Util currently" value="170" />
  <attribute name="CPU Util currently" value="8053841399015" />
<exclusive-end id="5643" timestamp="2019-07-07T05:34:53.767" durationms="5.712" />

<exclusive-start id="5644" timestamp="2019-07-07T05:34:53.771" intervalms="9.106">
  <response-info timems="0.079" idlems="0.079" threads="0" lastid="00000000020B9700" lastname="main" />
</exclusive-start>
<allocation-taxation id="5645" taxation-threshold="10485760" timestamp="2019-07-07T05:34:53.771" intervalms="9.036" />
<cycle-start id="5646" type="partial gc" contextid="0" timestamp="2019-07-07T05:34:53.771" intervalms="16.468" />
<gc-start id="5647" type="partial gc" contextid="5646" timestamp="2019-07-07T05:34:53.771">
  <mem-info id="5648" free="15728640" total="60817408" percent="25">
    <mem type="eden" free="1048208" total="22020096" percent="4" />
    <remembered-set count="91616" freebytes="2061184" totalbytes="2427648" percent="84" regionsoverflowed="0" regionsstable="4" regionsrebuilding="0"/>
  </mem-info>
</gc-start>
<allocation-stats totalBytes="20960328" >
  <allocated-bytes non-tlh="0" tlh="20960328" arrayletleaf="0"/>
  <largest-consumer threadName="main" threadId="00000000020B9700" bytes="10480400" />
</allocation-stats>
<gc-op id="5649" type="sweep" timems="0.975" contextid="5646" timestamp="2019-07-07T05:34:53.773" />
<gc-op id="5650" type="copy forward" timems="1.380" contextid="5646" timestamp="2019-07-07T05:34:53.775">
  <memory-copied type="eden" objects="5" bytes="240" bytesdiscarded="0" />
  <memory-copied type="other" objects="0" bytes="0" bytesdiscarded="0" />
  <memory-cardclean objects="12" bytes="936" />
  <regions eden="10" other="1" />
  <remembered-set-cleared processed="90063" cleared="13" durationms="0.588" />
  <stringconstants candidates="13269" cleared="0"  />
</gc-op>
<gc-op id="5651" type="classunload" timems="0.004" contextid="5646" timestamp="2019-07-07T05:34:53.775">
  <classunload-info classloadercandidates="53" classloadersunloaded="0" classesunloaded="0" anonymousclassesunloaded="0" quiescems="0.000" setupms="0.004" scanms="0.000" postms="0.000" />
</gc-op>
<gc-end id="5652" type="partial gc" contextid="5646" durationms="3.727" usertimems="8.000" systemtimems="0.000" timestamp="2019-07-07T05:34:53.775" activeThreads="1">
  <mem-info id="5653" free="36700160" total="60817408" percent="60">
    <mem type="eden" free="1048336" total="1048576" percent="99" />
    <remembered-set count="92064" freebytes="2059392" totalbytes="2427648" percent="84" regionsoverflowed="0" regionsstable="4" regionsrebuilding="0"/>
  </mem-info>
</gc-end>
<cycle-end id="5654" type="partial gc" contextid="5646" timestamp="2019-07-07T05:34:53.775" />
  <attribute name="elasticGC enabled" value="1" />
  <attribute name= "numThreadsSpecified" value="1" />
  <attribute name="heapSize specified" value="0" />
  <attribute name="Current GC Util" value="189" />
  <attribute name= "Current Time Running" value="23300" />
  <attribute name ="GC Interval" value="0" />
  <attribute name="ProportionalT" value="84.500000" />
  <attribute name="ProportionalI" value="84.500000" />
  <attribute name="ProportionalH" value="84.500000" />
  <attribute name="Current Error" value="169.000000" />
  <attribute name="IntegralT" value="0.000000" />
  <attribute name="IntegralI" value="0.000000" />
  <attribute name="IntegralH" value="0.000000" />
  <attribute name="DerivativeT" value="inf" />
  <attribute name="DerivativeI" value="inf" />
  <attribute name="DerivativeH" value="inf" />
  <attribute name="Loop Time for DT" value="0.000000" />
  <attribute name="Output H" value="8388608"/>
  <attribute name="Output I" value="200"/>
  <attribute name="Output T" value="1"/>
  <attribute name="Target GC Util Change" value ="20.000000" />
  <attribute name="Current GC Util Change" value="189.000000"/>
  <attribute name="GC Util currently" value="189" />
  <attribute name="CPU Util currently" value="15293575603614" />
<exclusive-end id="5655" timestamp="2019-07-07T05:34:53.776" durationms="4.802" />

<exclusive-start id="5656" timestamp="2019-07-07T05:34:53.782" intervalms="11.516">
  <response-info timems="0.078" idlems="0.078" threads="0" lastid="00000000020B9700" lastname="main" />
</exclusive-start>
<allocation-taxation id="5657" taxation-threshold="22020096" timestamp="2019-07-07T05:34:53.782" intervalms="11.555" />
<cycle-start id="5658" type="partial gc" contextid="0" timestamp="2019-07-07T05:34:53.783" intervalms="11.566" />
<gc-start id="5659" type="partial gc" contextid="5658" timestamp="2019-07-07T05:34:53.783">
  <mem-info id="5660" free="14680064" total="60817408" percent="24">
    <mem type="eden" free="1048336" total="23068672" percent="4" />
    <remembered-set count="91616" freebytes="2061184" totalbytes="2427648" percent="84" regionsoverflowed="0" regionsstable="4" regionsrebuilding="0"/>
  </mem-info>
</gc-start>
<allocation-stats totalBytes="22009120" >
  <allocated-bytes non-tlh="0" tlh="22009120" arrayletleaf="0"/>
  <largest-consumer threadName="main" threadId="00000000020B9700" bytes="22009120" />
</allocation-stats>
<gc-op id="5661" type="copy forward" timems="4.596" contextid="5658" timestamp="2019-07-07T05:34:53.788">
  <memory-copied type="eden" objects="8" bytes="192" bytesdiscarded="0" />
  <memory-copied type="other" objects="36430" bytes="896320" bytesdiscarded="0" />
  <memory-cardclean objects="6593" bytes="415512" />
  <regions eden="21" other="4" />
  <remembered-set-cleared processed="89493" cleared="7023" durationms="0.694" />
  <stringconstants candidates="13269" cleared="0"  />
</gc-op>
<gc-op id="5662" type="classunload" timems="0.003" contextid="5658" timestamp="2019-07-07T05:34:53.789">
  <classunload-info classloadercandidates="53" classloadersunloaded="0" classesunloaded="0" anonymousclassesunloaded="0" quiescems="0.000" setupms="0.003" scanms="0.000" postms="0.000" />
</gc-op>
<heap-resize id="5663" type="contract" space="default" amount="1048576" count="1" timems="0.055" reason="excess free space following gc" timestamp="2019-07-07T05:34:53.789" />
<gc-end id="5664" type="partial gc" contextid="5658" durationms="6.023" usertimems="8.000" systemtimems="0.000" timestamp="2019-07-07T05:34:53.789" activeThreads="1">
  <mem-info id="5665" free="36700160" total="59768832" percent="61">
    <mem type="eden" free="1048384" total="1048576" percent="99" />
    <remembered-set count="86912" freebytes="2080000" totalbytes="2427648" percent="85" regionsoverflowed="0" regionsstable="4" regionsrebuilding="0"/>
  </mem-info>
</gc-end>
<cycle-end id="5666" type="partial gc" contextid="5658" timestamp="2019-07-07T05:34:53.789" />
  <attribute name="elasticGC enabled" value="1" />
  <attribute name= "numThreadsSpecified" value="1" />
  <attribute name="heapSize specified" value="0" />
  <attribute name="Current GC Util" value="290" />
  <attribute name= "Current Time Running" value="23311" />
  <attribute name ="GC Interval" value="0" />
  <attribute name="ProportionalT" value="135.000000" />
  <attribute name="ProportionalI" value="135.000000" />
  <attribute name="ProportionalH" value="135.000000" />
  <attribute name="Current Error" value="270.000000" />
  <attribute name="IntegralT" value="0.000000" />
  <attribute name="IntegralI" value="0.000000" />
  <attribute name="IntegralH" value="0.000000" />
  <attribute name="DerivativeT" value="inf" />
  <attribute name="DerivativeI" value="inf" />
  <attribute name="DerivativeH" value="inf" />
  <attribute name="Loop Time for DT" value="0.000000" />
  <attribute name="Output H" value="8388608"/>
  <attribute name="Output I" value="200"/>
  <attribute name="Output T" value="1"/>
  <attribute name="Target GC Util Change" value ="20.000000" />
  <attribute name="Current GC Util Change" value="290.000000"/>
  <attribute name="GC Util currently" value="290" />
  <attribute name="CPU Util currently" value="13508081269974" />
<exclusive-end id="5667" timestamp="2019-07-07T05:34:53.789" durationms="7.098" />

<exclusive-start id="5668" timestamp="2019-07-07T05:34:53.796" intervalms="13.913">
  <response-info timems="0.078" idlems="0.078" threads="0" lastid="00000000020B9700" lastname="main" />
</exclusive-start>
<allocation-taxation id="5669" taxation-threshold="22020096" timestamp="2019-07-07T05:34:53.796" intervalms="13.932" />
<cycle-start id="5670" type="partial gc" contextid="0" timestamp="2019-07-07T05:34:53.797" intervalms="13.928" />
<gc-start id="5671" type="partial gc" contextid="5670" timestamp="2019-07-07T05:34:53.797">
  <mem-info id="5672" free="14680064" total="59768832" percent="24">
    <mem type="eden" free="1048384" total="23068672" percent="4" />
    <remembered-set count="86720" freebytes="2080768" totalbytes="2427648" percent="85" regionsoverflowed="0" regionsstable="4" regionsrebuilding="0"/>
  </mem-info>
</gc-start>
<allocation-stats totalBytes="22008280" >
  <allocated-bytes non-tlh="0" tlh="22008280" arrayletleaf="0"/>
  <largest-consumer threadName="main" threadId="00000000020B9700" bytes="22008280" />
</allocation-stats>
<gc-op id="5673" type="copy forward" timems="3.387" contextid="5670" timestamp="2019-07-07T05:34:53.801">
  <memory-copied type="eden" objects="5" bytes="328" bytesdiscarded="0" />
  <memory-copied type="other" objects="38" bytes="1192" bytesdiscarded="0" />
  <memory-cardclean objects="30236" bytes="1305672" />
  <regions eden="21" other="2" />
  <remembered-set-cleared processed="77373" cleared="10691" durationms="0.714" />
  <stringconstants candidates="13269" cleared="0"  />
</gc-op>
<gc-op id="5674" type="classunload" timems="0.004" contextid="5670" timestamp="2019-07-07T05:34:53.801">
  <classunload-info classloadercandidates="53" classloadersunloaded="0" classesunloaded="0" anonymousclassesunloaded="0" quiescems="0.000" setupms="0.004" scanms="0.000" postms="0.000" />
</gc-op>
<gc-end id="5675" type="partial gc" contextid="5670" durationms="4.782" usertimems="4.000" systemtimems="0.000" timestamp="2019-07-07T05:34:53.802" activeThreads="1">
  <mem-info id="5676" free="36700160" total="59768832" percent="61">
    <mem type="eden" free="1048248" total="1048576" percent="99" />
    <remembered-set count="72576" freebytes="2095488" totalbytes="2385792" percent="87" regionsoverflowed="0" regionsstable="4" regionsrebuilding="0"/>
  </mem-info>
</gc-end>
<cycle-end id="5677" type="partial gc" contextid="5670" timestamp="2019-07-07T05:34:53.802" />
  <attribute name="elasticGC enabled" value="1" />
  <attribute name= "numThreadsSpecified" value="1" />
  <attribute name="heapSize specified" value="0" />
  <attribute name="Current GC Util" value="194" />
  <attribute name= "Current Time Running" value="23325" />
  <attribute name ="GC Interval" value="0" />
  <attribute name="ProportionalT" value="87.000000" />
  <attribute name="ProportionalI" value="87.000000" />
  <attribute name="ProportionalH" value="87.000000" />
  <attribute name="Current Error" value="174.000000" />
  <attribute name="IntegralT" value="0.000000" />
  <attribute name="IntegralI" value="0.000000" />
  <attribute name="IntegralH" value="0.000000" />
  <attribute name="DerivativeT" value="inf" />
  <attribute name="DerivativeI" value="inf" />
  <attribute name="DerivativeH" value="inf" />
  <attribute name="Loop Time for DT" value="0.000000" />
  <attribute name="Output H" value="8388608"/>
  <attribute name="Output I" value="200"/>
  <attribute name="Output T" value="1"/>
  <attribute name="Target GC Util Change" value ="20.000000" />
  <attribute name="Current GC Util Change" value="194.000000"/>
  <attribute name="GC Util currently" value="194" />
  <attribute name="CPU Util currently" value="8851298729742" />
<exclusive-end id="5678" timestamp="2019-07-07T05:34:53.802" durationms="5.911" />

<exclusive-start id="5679" timestamp="2019-07-07T05:34:53.809" intervalms="12.645">
  <response-info timems="0.079" idlems="0.079" threads="0" lastid="00000000020B9700" lastname="main" />
</exclusive-start>
<allocation-taxation id="5680" taxation-threshold="22020096" timestamp="2019-07-07T05:34:53.809" intervalms="12.639" />
<cycle-start id="5681" type="partial gc" contextid="0" timestamp="2019-07-07T05:34:53.809" intervalms="12.646" />
<gc-start id="5682" type="partial gc" contextid="5681" timestamp="2019-07-07T05:34:53.810">
  <mem-info id="5683" free="14680064" total="59768832" percent="24">
    <mem type="eden" free="1048248" total="23068672" percent="4" />
    <remembered-set count="72256" freebytes="2096768" totalbytes="2385792" percent="87" regionsoverflowed="0" regionsstable="4" regionsrebuilding="0"/>
  </mem-info>
</gc-start>
<allocation-stats totalBytes="22008360" >
  <allocated-bytes non-tlh="0" tlh="22008360" arrayletleaf="0"/>
  <largest-consumer threadName="main" threadId="00000000020B9700" bytes="22008360" />
</allocation-stats>
<gc-op id="5684" type="copy forward" timems="3.143" contextid="5681" timestamp="2019-07-07T05:34:53.814">
  <memory-copied type="eden" objects="5" bytes="240" bytesdiscarded="0" />
  <memory-copied type="other" objects="49" bytes="1448" bytesdiscarded="456" />
  <memory-cardclean objects="68" bytes="10752" />
  <regions eden="21" other="2" />
  <remembered-set-cleared processed="71350" cleared="78" durationms="0.241" />
  <references type="weak" candidates="30" cleared="0" enqueued="0" />
  <stringconstants candidates="13269" cleared="0"  />
</gc-op>
<gc-op id="5685" type="classunload" timems="0.003" contextid="5681" timestamp="2019-07-07T05:34:53.814">
  <classunload-info classloadercandidates="53" classloadersunloaded="0" classesunloaded="0" anonymousclassesunloaded="0" quiescems="0.000" setupms="0.003" scanms="0.000" postms="0.000" />
</gc-op>
<gc-end id="5686" type="partial gc" contextid="5681" durationms="4.308" usertimems="8.000" systemtimems="0.000" timestamp="2019-07-07T05:34:53.814" activeThreads="4">
  <mem-info id="5687" free="36700160" total="59768832" percent="61">
    <mem type="eden" free="1048336" total="1048576" percent="99" />
    <remembered-set count="73152" freebytes="2093184" totalbytes="2385792" percent="87" regionsoverflowed="0" regionsstable="4" regionsrebuilding="0"/>
  </mem-info>
</gc-end>
<cycle-end id="5688" type="partial gc" contextid="5681" timestamp="2019-07-07T05:34:53.814" />
  <attribute name="elasticGC enabled" value="1" />
  <attribute name= "numThreadsSpecified" value="4" />
  <attribute name="heapSize specified" value="0" />
  <attribute name="Current GC Util" value="244" />
  <attribute name= "Current Time Running" value="23338" />
  <attribute name ="GC Interval" value="0" />
  <attribute name="ProportionalT" value="112.000000" />
  <attribute name="ProportionalI" value="112.000000" />
  <attribute name="ProportionalH" value="112.000000" />
  <attribute name="Current Error" value="224.000000" />
  <attribute name="IntegralT" value="112.000000" />
  <attribute name="IntegralI" value="112.000000" />
  <attribute name="IntegralH" value="112.000000" />
  <attribute name="DerivativeT" value="210.000000" />
  <attribute name="DerivativeI" value="210.000000" />
  <attribute name="DerivativeH" value="210.000000" />
  <attribute name="Loop Time for DT" value="1.000000" />
  <attribute name="Output H" value="8388608"/>
  <attribute name="Output I" value="440"/>
  <attribute name="Output T" value="4"/>
  <attribute name="Target GC Util Change" value ="20.000000" />
  <attribute name="Current GC Util Change" value="244.000000"/>
  <attribute name="GC Util currently" value="244" />
  <attribute name="CPU Util currently" value="12464218234474" />
<exclusive-end id="5689" timestamp="2019-07-07T05:34:53.814" durationms="5.359" />

<exclusive-start id="5690" timestamp="2019-07-07T05:34:53.821" intervalms="12.624">
  <response-info timems="0.073" idlems="0.073" threads="0" lastid="00000000020B9700" lastname="main" />
</exclusive-start>
<allocation-taxation id="5691" taxation-threshold="22020096" timestamp="2019-07-07T05:34:53.822" intervalms="12.589" />
<cycle-start id="5692" type="partial gc" contextid="0" timestamp="2019-07-07T05:34:53.822" intervalms="12.541" />
<gc-start id="5693" type="partial gc" contextid="5692" timestamp="2019-07-07T05:34:53.822">
  <mem-info id="5694" free="14680064" total="59768832" percent="24">
    <mem type="eden" free="1048336" total="23068672" percent="4" />
    <remembered-set count="73152" freebytes="2093184" totalbytes="2385792" percent="87" regionsoverflowed="0" regionsstable="4" regionsrebuilding="0"/>
  </mem-info>
</gc-start>
<allocation-stats totalBytes="22007152" >
  <allocated-bytes non-tlh="0" tlh="22007152" arrayletleaf="0"/>
  <largest-consumer threadName="main" threadId="00000000020B9700" bytes="22007152" />
</allocation-stats>
<gc-op id="5695" type="copy forward" timems="1.374" contextid="5692" timestamp="2019-07-07T05:34:53.824">
  <memory-copied type="eden" objects="27" bytes="1320" bytesdiscarded="0" />
  <memory-copied type="other" objects="0" bytes="0" bytesdiscarded="0" />
  <memory-cardclean objects="79" bytes="2480" />
  <regions eden="21" other="1" />
  <remembered-set-cleared processed="71321" cleared="28" durationms="0.495" />
  <stringconstants candidates="13269" cleared="0"  />
</gc-op>
<gc-op id="5696" type="classunload" timems="0.003" contextid="5692" timestamp="2019-07-07T05:34:53.824">
  <classunload-info classloadercandidates="53" classloadersunloaded="0" classesunloaded="0" anonymousclassesunloaded="0" quiescems="0.000" setupms="0.003" scanms="0.000" postms="0.000" />
</gc-op>
<gc-end id="5697" type="partial gc" contextid="5692" durationms="2.497" usertimems="0.000" systemtimems="0.000" timestamp="2019-07-07T05:34:53.825" activeThreads="1">
  <mem-info id="5698" free="36700160" total="59768832" percent="61">
    <mem type="eden" free="1047256" total="1048576" percent="99" />
    <remembered-set count="73472" freebytes="2091904" totalbytes="2385792" percent="87" regionsoverflowed="0" regionsstable="4" regionsrebuilding="0"/>
  </mem-info>
</gc-end>
<cycle-end id="5699" type="partial gc" contextid="5692" timestamp="2019-07-07T05:34:53.825" />
  <attribute name="elasticGC enabled" value="1" />
  <attribute name= "numThreadsSpecified" value="1" />
  <attribute name="heapSize specified" value="0" />
  <attribute name="Current GC Util" value="162" />
  <attribute name= "Current Time Running" value="23350" />
  <attribute name ="GC Interval" value="0" />
  <attribute name="ProportionalT" value="71.000000" />
  <attribute name="ProportionalI" value="71.000000" />
  <attribute name="ProportionalH" value="71.000000" />
  <attribute name="Current Error" value="142.000000" />
  <attribute name="IntegralT" value="0.000000" />
  <attribute name="IntegralI" value="0.000000" />
  <attribute name="IntegralH" value="0.000000" />
  <attribute name="DerivativeT" value="inf" />
  <attribute name="DerivativeI" value="inf" />
  <attribute name="DerivativeH" value="inf" />
  <attribute name="Loop Time for DT" value="0.000000" />
  <attribute name="Output H" value="8388608"/>
  <attribute name="Output I" value="200"/>
  <attribute name="Output T" value="1"/>
  <attribute name="Target GC Util Change" value ="20.000000" />
  <attribute name="Current GC Util Change" value="162.000000"/>
  <attribute name="GC Util currently" value="162" />
  <attribute name="CPU Util currently" value="13922575191343" />
<exclusive-end id="5700" timestamp="2019-07-07T05:34:53.825" durationms="3.473" />

<exclusive-start id="5701" timestamp="2019-07-07T05:34:53.832" intervalms="10.787">
  <response-info timems="0.076" idlems="0.076" threads="0" lastid="00000000020B9700" lastname="main" />
</exclusive-start>
<allocation-taxation id="5702" taxation-threshold="22020096" timestamp="2019-07-07T05:34:53.832" intervalms="10.785" />
<cycle-start id="5703" type="partial gc" contextid="0" timestamp="2019-07-07T05:34:53.833" intervalms="10.828" />
<gc-start id="5704" type="partial gc" contextid="5703" timestamp="2019-07-07T05:34:53.833">
  <mem-info id="5705" free="14680064" total="59768832" percent="24">
    <mem type="eden" free="0" total="22020096" percent="0" />
    <remembered-set count="73120" freebytes="2093312" totalbytes="2385792" percent="87" regionsoverflowed="0" regionsstable="4" regionsrebuilding="0"/>
  </mem-info>
</gc-start>
<allocation-stats totalBytes="22001040" >
  <allocated-bytes non-tlh="0" tlh="22001040" arrayletleaf="0"/>
  <largest-consumer threadName="main" threadId="00000000020B9700" bytes="22001040" />
</allocation-stats>
<gc-op id="5706" type="copy forward" timems="3.102" contextid="5703" timestamp="2019-07-07T05:34:53.837">
  <memory-copied type="eden" objects="5" bytes="392" bytesdiscarded="0" />
  <memory-copied type="other" objects="22" bytes="952" bytesdiscarded="248" />
  <memory-cardclean objects="65" bytes="2240" />
  <regions eden="21" other="1" />
  <remembered-set-cleared processed="71334" cleared="41" durationms="0.280" />
  <stringconstants candidates="13269" cleared="0"  />
</gc-op>
<gc-op id="5707" type="classunload" timems="0.003" contextid="5703" timestamp="2019-07-07T05:34:53.837">
  <classunload-info classloadercandidates="53" classloadersunloaded="0" classesunloaded="0" anonymousclassesunloaded="0" quiescems="0.000" setupms="0.003" scanms="0.000" postms="0.000" />
</gc-op>
<heap-resize id="5708" type="expand" space="default" amount="1048576" count="1" timems="0.055" reason="excessive time being spent in gc" timestamp="2019-07-07T05:34:53.837" />
<gc-end id="5709" type="partial gc" contextid="5703" durationms="4.343" usertimems="8.000" systemtimems="0.000" timestamp="2019-07-07T05:34:53.837" activeThreads="4">
  <mem-info id="5710" free="36700160" total="60817408" percent="60">
    <mem type="eden" free="1048184" total="1048576" percent="99" />
    <remembered-set count="73728" freebytes="2132736" totalbytes="2427648" percent="87" regionsoverflowed="0" regionsstable="4" regionsrebuilding="0"/>
  </mem-info>
</gc-end>
<cycle-end id="5711" type="partial gc" contextid="5703" timestamp="2019-07-07T05:34:53.837" />
  <attribute name="elasticGC enabled" value="1" />
  <attribute name= "numThreadsSpecified" value="4" />
  <attribute name="heapSize specified" value="0" />
  <attribute name="Current GC Util" value="285" />
  <attribute name= "Current Time Running" value="23361" />
  <attribute name ="GC Interval" value="0" />
  <attribute name="ProportionalT" value="132.500000" />
  <attribute name="ProportionalI" value="132.500000" />
  <attribute name="ProportionalH" value="132.500000" />
  <attribute name="Current Error" value="265.000000" />
  <attribute name="IntegralT" value="132.500000" />
  <attribute name="IntegralI" value="132.500000" />
  <attribute name="IntegralH" value="132.500000" />
  <attribute name="DerivativeT" value="265.000000" />
  <attribute name="DerivativeI" value="265.000000" />
  <attribute name="DerivativeH" value="265.000000" />
  <attribute name="Loop Time for DT" value="1.000000" />
  <attribute name="Output H" value="8388608"/>
  <attribute name="Output I" value="536"/>
  <attribute name="Output T" value="4"/>
  <attribute name="Target GC Util Change" value ="20.000000" />
  <attribute name="Current GC Util Change" value="285.000000"/>
  <attribute name="GC Util currently" value="285" />
  <attribute name="CPU Util currently" value="13929598065538" />
<exclusive-end id="5712" timestamp="2019-07-07T05:34:53.838" durationms="5.462" />

<exclusive-start id="5713" timestamp="2019-07-07T05:34:53.845" intervalms="12.854">
  <response-info timems="0.075" idlems="0.075" threads="0" lastid="00000000020B9700" lastname="main" />
</exclusive-start>
<allocation-taxation id="5714" taxation-threshold="22020096" timestamp="2019-07-07T05:34:53.845" intervalms="12.864" />
<cycle-start id="5715" type="partial gc" contextid="0" timestamp="2019-07-07T05:34:53.846" intervalms="12.859" />
<gc-start id="5716" type="partial gc" contextid="5715" timestamp="2019-07-07T05:34:53.846">
  <mem-info id="5717" free="14680064" total="60817408" percent="24">
    <mem type="eden" free="1048184" total="23068672" percent="4" />
    <remembered-set count="73344" freebytes="2134272" totalbytes="2427648" percent="87" regionsoverflowed="0" regionsstable="4" regionsrebuilding="0"/>
  </mem-info>
</gc-start>
<allocation-stats totalBytes="22001160" >
  <allocated-bytes non-tlh="0" tlh="22001160" arrayletleaf="0"/>
  <largest-consumer threadName="main" threadId="00000000020B9700" bytes="22001160" />
</allocation-stats>
<gc-op id="5718" type="copy forward" timems="2.911" contextid="5715" timestamp="2019-07-07T05:34:53.850">
  <memory-copied type="eden" objects="5" bytes="152" bytesdiscarded="0" />
  <memory-copied type="other" objects="0" bytes="0" bytesdiscarded="0" />
  <memory-cardclean objects="15" bytes="520" />
  <regions eden="21" other="1" />
  <remembered-set-cleared processed="71338" cleared="11" durationms="0.245" />
  <stringconstants candidates="13269" cleared="0"  />
</gc-op>
<gc-op id="5719" type="classunload" timems="0.004" contextid="5715" timestamp="2019-07-07T05:34:53.850">
  <classunload-info classloadercandidates="53" classloadersunloaded="0" classesunloaded="0" anonymousclassesunloaded="0" quiescems="0.000" setupms="0.004" scanms="0.000" postms="0.000" />
</gc-op>
<gc-end id="5720" type="partial gc" contextid="5715" durationms="4.093" usertimems="8.000" systemtimems="0.000" timestamp="2019-07-07T05:34:53.850" activeThreads="4">
  <mem-info id="5721" free="36700160" total="60817408" percent="60">
    <mem type="eden" free="1048424" total="1048576" percent="99" />
    <remembered-set count="73024" freebytes="2135552" totalbytes="2427648" percent="87" regionsoverflowed="0" regionsstable="4" regionsrebuilding="0"/>
  </mem-info>
</gc-end>
<cycle-end id="5722" type="partial gc" contextid="5715" timestamp="2019-07-07T05:34:53.850" />
  <attribute name="elasticGC enabled" value="1" />
  <attribute name= "numThreadsSpecified" value="4" />
  <attribute name="heapSize specified" value="0" />
  <attribute name="Current GC Util" value="157" />
  <attribute name= "Current Time Running" value="23374" />
  <attribute name ="GC Interval" value="0" />
  <attribute name="ProportionalT" value="68.500000" />
  <attribute name="ProportionalI" value="68.500000" />
  <attribute name="ProportionalH" value="68.500000" />
  <attribute name="Current Error" value="137.000000" />
  <attribute name="IntegralT" value="68.500000" />
  <attribute name="IntegralI" value="68.500000" />
  <attribute name="IntegralH" value="68.500000" />
  <attribute name="DerivativeT" value="96.000000" />
  <attribute name="DerivativeI" value="96.000000" />
  <attribute name="DerivativeH" value="96.000000" />
  <attribute name="Loop Time for DT" value="1.000000" />
  <attribute name="Output H" value="8388608"/>
  <attribute name="Output I" value="240"/>
  <attribute name="Output T" value="4"/>
  <attribute name="Target GC Util Change" value ="20.000000" />
  <attribute name="Current GC Util Change" value="157.000000"/>
  <attribute name="GC Util currently" value="157" />
  <attribute name="CPU Util currently" value="12935969214525" />
<exclusive-end id="5723" timestamp="2019-07-07T05:34:53.850" durationms="5.309" />

<exclusive-start id="5724" timestamp="2019-07-07T05:34:53.858" intervalms="12.461">
  <response-info timems="0.079" idlems="0.079" threads="0" lastid="00000000020B9700" lastname="main" />
</exclusive-start>
<allocation-taxation id="5725" taxation-threshold="22020096" timestamp="2019-07-07T05:34:53.858" intervalms="12.486" />
<cycle-start id="5726" type="partial gc" contextid="0" timestamp="2019-07-07T05:34:53.858" intervalms="12.490" />
<gc-start id="5727" type="partial gc" contextid="5726" timestamp="2019-07-07T05:34:53.858">
  <mem-info id="5728" free="14680064" total="60817408" percent="24">
    <mem type="eden" free="1048424" total="23068672" percent="4" />
    <remembered-set count="73024" freebytes="2135552" totalbytes="2427648" percent="87" regionsoverflowed="0" regionsstable="4" regionsrebuilding="0"/>
  </mem-info>
</gc-start>
<allocation-stats totalBytes="22001032" >
  <allocated-bytes non-tlh="0" tlh="22001032" arrayletleaf="0"/>
  <largest-consumer threadName="main" threadId="00000000020B9700" bytes="22001032" />
</allocation-stats>
<gc-op id="5729" type="copy forward" timems="1.387" contextid="5726" timestamp="2019-07-07T05:34:53.861">
  <memory-copied type="eden" objects="5" bytes="208" bytesdiscarded="0" />
  <memory-copied type="other" objects="0" bytes="0" bytesdiscarded="0" />
  <memory-cardclean objects="15" bytes="520" />
  <regions eden="21" other="1" />
  <remembered-set-cleared processed="71336" cleared="9" durationms="0.511" />
  <stringconstants candidates="13269" cleared="0"  />
</gc-op>
<gc-op id="5730" type="classunload" timems="0.003" contextid="5726" timestamp="2019-07-07T05:34:53.861">
  <classunload-info classloadercandidates="53" classloadersunloaded="0" classesunloaded="0" anonymousclassesunloaded="0" quiescems="0.000" setupms="0.003" scanms="0.000" postms="0.000" />
</gc-op>
<gc-end id="5731" type="partial gc" contextid="5726" durationms="2.602" usertimems="4.000" systemtimems="0.000" timestamp="2019-07-07T05:34:53.861" activeThreads="1">
  <mem-info id="5732" free="36700160" total="60817408" percent="60">
    <mem type="eden" free="1048368" total="1048576" percent="99" />
    <remembered-set count="73472" freebytes="2133760" totalbytes="2427648" percent="87" regionsoverflowed="0" regionsstable="4" regionsrebuilding="0"/>
  </mem-info>
</gc-end>
<cycle-end id="5733" type="partial gc" contextid="5726" timestamp="2019-07-07T05:34:53.861" />
  <attribute name="elasticGC enabled" value="1" />
  <attribute name= "numThreadsSpecified" value="1" />
  <attribute name="heapSize specified" value="0" />
  <attribute name="Current GC Util" value="157" />
  <attribute name= "Current Time Running" value="23386" />
  <attribute name ="GC Interval" value="0" />
  <attribute name="ProportionalT" value="68.500000" />
  <attribute name="ProportionalI" value="68.500000" />
  <attribute name="ProportionalH" value="68.500000" />
  <attribute name="Current Error" value="137.000000" />
  <attribute name="IntegralT" value="0.000000" />
  <attribute name="IntegralI" value="0.000000" />
  <attribute name="IntegralH" value="0.000000" />
  <attribute name="DerivativeT" value="inf" />
  <attribute name="DerivativeI" value="inf" />
  <attribute name="DerivativeH" value="inf" />
  <attribute name="Loop Time for DT" value="0.000000" />
  <attribute name="Output H" value="8388608"/>
  <attribute name="Output I" value="200"/>
  <attribute name="Output T" value="1"/>
  <attribute name="Target GC Util Change" value ="20.000000" />
  <attribute name="Current GC Util Change" value="157.000000"/>
  <attribute name="GC Util currently" value="157" />
  <attribute name="CPU Util currently" value="13347822323947" />
<exclusive-end id="5734" timestamp="2019-07-07T05:34:53.861" durationms="3.703" />

<exclusive-start id="5735" timestamp="2019-07-07T05:34:53.877" intervalms="19.437">
  <response-info timems="0.076" idlems="0.076" threads="0" lastid="00000000020B9700" lastname="main" />
</exclusive-start>
<allocation-taxation id="5736" taxation-threshold="22020096" timestamp="2019-07-07T05:34:53.877" intervalms="19.444" />
<cycle-start id="5737" type="partial gc" contextid="0" timestamp="2019-07-07T05:34:53.877" intervalms="19.444" />
<gc-start id="5738" type="partial gc" contextid="5737" timestamp="2019-07-07T05:34:53.878">
  <mem-info id="5739" free="14680064" total="60817408" percent="24">
    <mem type="eden" free="1048368" total="23068672" percent="4" />
    <remembered-set count="73024" freebytes="2135552" totalbytes="2427648" percent="87" regionsoverflowed="0" regionsstable="4" regionsrebuilding="0"/>
  </mem-info>
</gc-start>
<allocation-stats totalBytes="22008088" >
  <allocated-bytes non-tlh="0" tlh="22008088" arrayletleaf="0"/>
  <largest-consumer threadName="main" threadId="00000000020B9700" bytes="22008088" />
</allocation-stats>
<gc-op id="5740" type="copy forward" timems="2.631" contextid="5737" timestamp="2019-07-07T05:34:53.881">
  <memory-copied type="eden" objects="53" bytes="2480" bytesdiscarded="696" />
  <memory-copied type="other" objects="0" bytes="0" bytesdiscarded="0" />
  <memory-cardclean objects="79" bytes="2488" />
  <regions eden="21" other="1" />
  <remembered-set-cleared processed="71337" cleared="33" durationms="0.234" />
  <stringconstants candidates="13269" cleared="0"  />
</gc-op>
<gc-op id="5741" type="classunload" timems="0.004" contextid="5737" timestamp="2019-07-07T05:34:53.881">
  <classunload-info classloadercandidates="53" classloadersunloaded="0" classesunloaded="0" anonymousclassesunloaded="0" quiescems="0.000" setupms="0.003" scanms="0.000" postms="0.000" />
</gc-op>
<gc-end id="5742" type="partial gc" contextid="5737" durationms="3.831" usertimems="8.000" systemtimems="0.000" timestamp="2019-07-07T05:34:53.882" activeThreads="4">
  <mem-info id="5743" free="36700160" total="60817408" percent="60">
    <mem type="eden" free="1045400" total="1048576" percent="99" />
    <remembered-set count="73280" freebytes="2134528" totalbytes="2427648" percent="87" regionsoverflowed="0" regionsstable="4" regionsrebuilding="0"/>
  </mem-info>
</gc-end>
<cycle-end id="5744" type="partial gc" contextid="5737" timestamp="2019-07-07T05:34:53.882" />
  <attribute name="elasticGC enabled" value="1" />
  <attribute name= "numThreadsSpecified" value="4" />
  <attribute name="heapSize specified" value="0" />
  <attribute name="Current GC Util" value="280" />
  <attribute name= "Current Time Running" value="23406" />
  <attribute name ="GC Interval" value="0" />
  <attribute name="ProportionalT" value="130.000000" />
  <attribute name="ProportionalI" value="130.000000" />
  <attribute name="ProportionalH" value="130.000000" />
  <attribute name="Current Error" value="260.000000" />
  <attribute name="IntegralT" value="130.000000" />
  <attribute name="IntegralI" value="130.000000" />
  <attribute name="IntegralH" value="130.000000" />
  <attribute name="DerivativeT" value="260.000000" />
  <attribute name="DerivativeI" value="260.000000" />
  <attribute name="DerivativeH" value="260.000000" />
  <attribute name="Loop Time for DT" value="1.000000" />
  <attribute name="Output H" value="8388608"/>
  <attribute name="Output I" value="520"/>
  <attribute name="Output T" value="4"/>
  <attribute name="Target GC Util Change" value ="20.000000" />
  <attribute name="Current GC Util Change" value="280.000000"/>
  <attribute name="GC Util currently" value="280" />
  <attribute name="CPU Util currently" value="13218734391030" />
<exclusive-end id="5745" timestamp="2019-07-07T05:34:53.882" durationms="4.877" />

<exclusive-start id="5746" timestamp="2019-07-07T05:34:53.905" intervalms="28.474">
  <response-info timems="0.079" idlems="0.079" threads="0" lastid="00000000020B9700" lastname="main" />
</exclusive-start>
<allocation-taxation id="5747" taxation-threshold="22020096" timestamp="2019-07-07T05:34:53.906" intervalms="28.466" />
<cycle-start id="5748" type="partial gc" contextid="0" timestamp="2019-07-07T05:34:53.906" intervalms="28.461" />
<gc-start id="5749" type="partial gc" contextid="5748" timestamp="2019-07-07T05:34:53.906">
  <mem-info id="5750" free="14680064" total="60817408" percent="24">
    <mem type="eden" free="0" total="22020096" percent="0" />
    <remembered-set count="71424" freebytes="2141952" totalbytes="2427648" percent="88" regionsoverflowed="0" regionsstable="6" regionsrebuilding="0"/>
  </mem-info>
</gc-start>
<allocation-stats totalBytes="22015488" >
  <allocated-bytes non-tlh="0" tlh="22015488" arrayletleaf="0"/>
  <largest-consumer threadName="main" threadId="00000000020B9700" bytes="22015488" />
</allocation-stats>
<gc-op id="5751" type="copy forward" timems="1.326" contextid="5748" timestamp="2019-07-07T05:34:53.908">
  <memory-copied type="eden" objects="31" bytes="1504" bytesdiscarded="0" />
  <memory-copied type="other" objects="22" bytes="976" bytesdiscarded="0" />
  <memory-cardclean objects="65" bytes="2248" />
  <regions eden="21" other="1" />
  <remembered-set-cleared processed="69652" cleared="39" durationms="0.498" />
  <stringconstants candidates="13269" cleared="0"  />
</gc-op>
<gc-op id="5752" type="classunload" timems="0.003" contextid="5748" timestamp="2019-07-07T05:34:53.908">
  <classunload-info classloadercandidates="53" classloadersunloaded="0" classesunloaded="0" anonymousclassesunloaded="0" quiescems="0.000" setupms="0.003" scanms="0.000" postms="0.000" />
</gc-op>
<heap-resize id="5753" type="expand" space="default" amount="2097152" count="1" timems="0.050" reason="excessive time being spent in gc" timestamp="2019-07-07T05:34:53.909" />
<gc-end id="5754" type="partial gc" contextid="5748" durationms="2.661" usertimems="0.000" systemtimems="0.000" timestamp="2019-07-07T05:34:53.909" activeThreads="1">
  <mem-info id="5755" free="37748736" total="62914560" percent="60">
    <mem type="eden" free="1047072" total="1048576" percent="99" />
    <remembered-set count="71616" freebytes="2224896" totalbytes="2511360" percent="88" regionsoverflowed="0" regionsstable="6" regionsrebuilding="0"/>
  </mem-info>
</gc-end>
<cycle-end id="5756" type="partial gc" contextid="5748" timestamp="2019-07-07T05:34:53.909" />
  <attribute name="elasticGC enabled" value="1" />
  <attribute name= "numThreadsSpecified" value="1" />
  <attribute name="heapSize specified" value="0" />
  <attribute name="Current GC Util" value="152" />
  <attribute name= "Current Time Running" value="23434" />
  <attribute name ="GC Interval" value="0" />
  <attribute name="ProportionalT" value="66.000000" />
  <attribute name="ProportionalI" value="66.000000" />
  <attribute name="ProportionalH" value="66.000000" />
  <attribute name="Current Error" value="132.000000" />
  <attribute name="IntegralT" value="0.000000" />
  <attribute name="IntegralI" value="0.000000" />
  <attribute name="IntegralH" value="0.000000" />
  <attribute name="DerivativeT" value="inf" />
  <attribute name="DerivativeI" value="inf" />
  <attribute name="DerivativeH" value="inf" />
  <attribute name="Loop Time for DT" value="0.000000" />
  <attribute name="Output H" value="8388608"/>
  <attribute name="Output I" value="200"/>
  <attribute name="Output T" value="1"/>
  <attribute name="Target GC Util Change" value ="20.000000" />
  <attribute name="Current GC Util Change" value="152.000000"/>
  <attribute name="GC Util currently" value="152" />
  <attribute name="CPU Util currently" value="13933680471839" />
<exclusive-end id="5757" timestamp="2019-07-07T05:34:53.909" durationms="3.789" />

<exclusive-start id="5758" timestamp="2019-07-07T05:34:53.933" intervalms="27.493">
  <response-info timems="0.077" idlems="0.077" threads="0" lastid="00000000020B9700" lastname="main" />
</exclusive-start>
<allocation-taxation id="5759" taxation-threshold="22020096" timestamp="2019-07-07T05:34:53.933" intervalms="27.427" />
<cycle-start id="5760" type="partial gc" contextid="0" timestamp="2019-07-07T05:34:53.933" intervalms="27.402" />
<gc-start id="5761" type="partial gc" contextid="5760" timestamp="2019-07-07T05:34:53.934">
  <mem-info id="5762" free="15728640" total="62914560" percent="25">
    <mem type="eden" free="1047072" total="23068672" percent="4" />
    <remembered-set count="71264" freebytes="2226304" totalbytes="2511360" percent="88" regionsoverflowed="0" regionsstable="6" regionsrebuilding="0"/>
  </mem-info>
</gc-start>
<allocation-stats totalBytes="22015488" >
  <allocated-bytes non-tlh="0" tlh="22015488" arrayletleaf="0"/>
  <largest-consumer threadName="main" threadId="00000000020B9700" bytes="22015488" />
</allocation-stats>
<gc-op id="5763" type="copy forward" timems="2.987" contextid="5760" timestamp="2019-07-07T05:34:53.937">
  <memory-copied type="eden" objects="31" bytes="1504" bytesdiscarded="0" />
  <memory-copied type="other" objects="0" bytes="0" bytesdiscarded="0" />
  <memory-cardclean objects="14" bytes="520" />
  <regions eden="21" other="1" />
  <remembered-set-cleared processed="69659" cleared="12" durationms="0.236" />
  <stringconstants candidates="13269" cleared="0"  />
</gc-op>
<gc-op id="5764" type="classunload" timems="0.003" contextid="5760" timestamp="2019-07-07T05:34:53.938">
  <classunload-info classloadercandidates="53" classloadersunloaded="0" classesunloaded="0" anonymousclassesunloaded="0" quiescems="0.000" setupms="0.003" scanms="0.000" postms="0.000" />
</gc-op>
<gc-end id="5765" type="partial gc" contextid="5760" durationms="4.133" usertimems="8.000" systemtimems="0.000" timestamp="2019-07-07T05:34:53.938" activeThreads="4">
  <mem-info id="5766" free="37748736" total="62914560" percent="60">
    <mem type="eden" free="1047072" total="1048576" percent="99" />
    <remembered-set count="71008" freebytes="2227328" totalbytes="2511360" percent="88" regionsoverflowed="0" regionsstable="6" regionsrebuilding="0"/>
  </mem-info>
</gc-end>
<cycle-end id="5767" type="partial gc" contextid="5760" timestamp="2019-07-07T05:34:53.938" />
  <attribute name="elasticGC enabled" value="1" />
  <attribute name= "numThreadsSpecified" value="4" />
  <attribute name="heapSize specified" value="0" />
  <attribute name="Current GC Util" value="272" />
  <attribute name= "Current Time Running" value="23462" />
  <attribute name ="GC Interval" value="0" />
  <attribute name="ProportionalT" value="126.000000" />
  <attribute name="ProportionalI" value="126.000000" />
  <attribute name="ProportionalH" value="126.000000" />
  <attribute name="Current Error" value="252.000000" />
  <attribute name="IntegralT" value="126.000000" />
  <attribute name="IntegralI" value="126.000000" />
  <attribute name="IntegralH" value="126.000000" />
  <attribute name="DerivativeT" value="252.000000" />
  <attribute name="DerivativeI" value="252.000000" />
  <attribute name="DerivativeH" value="252.000000" />
  <attribute name="Loop Time for DT" value="1.000000" />
  <attribute name="Output H" value="8388608"/>
  <attribute name="Output I" value="504"/>
  <attribute name="Output T" value="4"/>
  <attribute name="Target GC Util Change" value ="20.000000" />
  <attribute name="Current GC Util Change" value="272.000000"/>
  <attribute name="GC Util currently" value="272" />
  <attribute name="CPU Util currently" value="13690296684101" />
<exclusive-end id="5768" timestamp="2019-07-07T05:34:53.938" durationms="5.110" />

<exclusive-start id="5769" timestamp="2019-07-07T05:34:53.962" intervalms="28.718">
  <response-info timems="0.077" idlems="0.077" threads="0" lastid="00000000020B9700" lastname="main" />
</exclusive-start>
<allocation-taxation id="5770" taxation-threshold="22020096" timestamp="2019-07-07T05:34:53.962" intervalms="28.790" />
<cycle-start id="5771" type="partial gc" contextid="0" timestamp="2019-07-07T05:34:53.962" intervalms="28.826" />
<gc-start id="5772" type="partial gc" contextid="5771" timestamp="2019-07-07T05:34:53.962">
  <mem-info id="5773" free="15728640" total="62914560" percent="25">
    <mem type="eden" free="1047072" total="23068672" percent="4" />
    <remembered-set count="71008" freebytes="2227328" totalbytes="2511360" percent="88" regionsoverflowed="0" regionsstable="6" regionsrebuilding="0"/>
  </mem-info>
</gc-start>
<allocation-stats totalBytes="22015488" >
  <allocated-bytes non-tlh="0" tlh="22015488" arrayletleaf="0"/>
  <largest-consumer threadName="main" threadId="00000000020B9700" bytes="22015488" />
</allocation-stats>
<gc-op id="5774" type="copy forward" timems="1.333" contextid="5771" timestamp="2019-07-07T05:34:53.965">
  <memory-copied type="eden" objects="31" bytes="1504" bytesdiscarded="0" />
  <memory-copied type="other" objects="0" bytes="0" bytesdiscarded="0" />
  <memory-cardclean objects="14" bytes="520" />
  <regions eden="21" other="1" />
  <remembered-set-cleared processed="69655" cleared="8" durationms="0.476" />
  <stringconstants candidates="13269" cleared="0"  />
</gc-op>
<gc-op id="5775" type="classunload" timems="0.003" contextid="5771" timestamp="2019-07-07T05:34:53.965">
  <classunload-info classloadercandidates="53" classloadersunloaded="0" classesunloaded="0" anonymousclassesunloaded="0" quiescems="0.000" setupms="0.003" scanms="0.000" postms="0.000" />
</gc-op>
<gc-end id="5776" type="partial gc" contextid="5771" durationms="2.544" usertimems="4.000" systemtimems="0.000" timestamp="2019-07-07T05:34:53.965" activeThreads="1">
  <mem-info id="5777" free="37748736" total="62914560" percent="60">
    <mem type="eden" free="1047072" total="1048576" percent="99" />
    <remembered-set count="71456" freebytes="2225536" totalbytes="2511360" percent="88" regionsoverflowed="0" regionsstable="6" regionsrebuilding="0"/>
  </mem-info>
</gc-end>
<cycle-end id="5778" type="partial gc" contextid="5771" timestamp="2019-07-07T05:34:53.965" />
  <attribute name="elasticGC enabled" value="1" />
  <attribute name= "numThreadsSpecified" value="1" />
  <attribute name="heapSize specified" value="0" />
  <attribute name="Current GC Util" value="215" />
  <attribute name= "Current Time Running" value="23490" />
  <attribute name ="GC Interval" value="0" />
  <attribute name="ProportionalT" value="97.500000" />
  <attribute name="ProportionalI" value="97.500000" />
  <attribute name="ProportionalH" value="97.500000" />
  <attribute name="Current Error" value="195.000000" />
  <attribute name="IntegralT" value="0.000000" />
  <attribute name="IntegralI" value="0.000000" />
  <attribute name="IntegralH" value="0.000000" />
  <attribute name="DerivativeT" value="inf" />
  <attribute name="DerivativeI" value="inf" />
  <attribute name="DerivativeH" value="inf" />
  <attribute name="Loop Time for DT" value="0.000000" />
  <attribute name="Output H" value="8388608"/>
  <attribute name="Output I" value="200"/>
  <attribute name="Output T" value="1"/>
  <attribute name="Target GC Util Change" value ="20.000000" />
  <attribute name="Current GC Util Change" value="215.000000"/>
  <attribute name="GC Util currently" value="215" />
  <attribute name="CPU Util currently" value="13813315721650" />
<exclusive-end id="5779" timestamp="2019-07-07T05:34:53.965" durationms="3.696" />

<exclusive-start id="5780" timestamp="2019-07-07T05:34:54.131" intervalms="169.637">
  <response-info timems="0.085" idlems="0.085" threads="0" lastid="00000000020B9700" lastname="main" />
</exclusive-start>
<allocation-taxation id="5781" taxation-threshold="22020096" timestamp="2019-07-07T05:34:54.132" intervalms="169.725" />
<cycle-start id="5782" type="partial gc" contextid="0" timestamp="2019-07-07T05:34:54.132" intervalms="169.735" />
<gc-start id="5783" type="partial gc" contextid="5782" timestamp="2019-07-07T05:34:54.132">
  <mem-info id="5784" free="15728640" total="62914560" percent="25">
    <mem type="eden" free="1047072" total="23068672" percent="4" />
    <remembered-set count="71008" freebytes="2227328" totalbytes="2511360" percent="88" regionsoverflowed="0" regionsstable="6" regionsrebuilding="0"/>
  </mem-info>
</gc-start>
<allocation-stats totalBytes="21132872" >
  <allocated-bytes non-tlh="0" tlh="21132872" arrayletleaf="0"/>
  <largest-consumer threadName="main" threadId="00000000020B9700" bytes="21132872" />
</allocation-stats>
<gc-op id="5785" type="copy forward" timems="1.592" contextid="5782" timestamp="2019-07-07T05:34:54.135">
  <memory-copied type="eden" objects="97" bytes="14400" bytesdiscarded="0" />
  <memory-copied type="other" objects="0" bytes="0" bytesdiscarded="0" />
  <memory-cardclean objects="77" bytes="2456" />
  <regions eden="21" other="1" />
  <remembered-set-cleared processed="69655" cleared="27" durationms="0.546" />
  <stringconstants candidates="13269" cleared="0"  />
</gc-op>
<gc-op id="5786" type="classunload" timems="0.017" contextid="5782" timestamp="2019-07-07T05:34:54.135">
  <classunload-info classloadercandidates="53" classloadersunloaded="0" classesunloaded="0" anonymousclassesunloaded="0" quiescems="0.000" setupms="0.017" scanms="0.000" postms="0.000" />
</gc-op>
<gc-end id="5787" type="partial gc" contextid="5782" durationms="3.057" usertimems="4.000" systemtimems="0.000" timestamp="2019-07-07T05:34:54.135" activeThreads="1">
  <mem-info id="5788" free="37748736" total="62914560" percent="60">
    <mem type="eden" free="1034176" total="1048576" percent="98" />
    <remembered-set count="71456" freebytes="2225536" totalbytes="2511360" percent="88" regionsoverflowed="0" regionsstable="6" regionsrebuilding="0"/>
  </mem-info>
</gc-end>
<cycle-end id="5789" type="partial gc" contextid="5782" timestamp="2019-07-07T05:34:54.136" />
  <attribute name="elasticGC enabled" value="1" />
  <attribute name= "numThreadsSpecified" value="1" />
  <attribute name="heapSize specified" value="0" />
  <attribute name="Current GC Util" value="261" />
  <attribute name= "Current Time Running" value="23660" />
  <attribute name ="GC Interval" value="0" />
  <attribute name="ProportionalT" value="120.500000" />
  <attribute name="ProportionalI" value="120.500000" />
  <attribute name="ProportionalH" value="120.500000" />
  <attribute name="Current Error" value="241.000000" />
  <attribute name="IntegralT" value="0.000000" />
  <attribute name="IntegralI" value="0.000000" />
  <attribute name="IntegralH" value="0.000000" />
  <attribute name="DerivativeT" value="inf" />
  <attribute name="DerivativeI" value="inf" />
  <attribute name="DerivativeH" value="inf" />
  <attribute name="Loop Time for DT" value="0.000000" />
  <attribute name="Output H" value="8388608"/>
  <attribute name="Output I" value="200"/>
  <attribute name="Output T" value="1"/>
  <attribute name="Target GC Util Change" value ="20.000000" />
  <attribute name="Current GC Util Change" value="261.000000"/>
  <attribute name="GC Util currently" value="261" />
  <attribute name="CPU Util currently" value="12156553862378" />
<exclusive-end id="5790" timestamp="2019-07-07T05:34:54.136" durationms="4.497" />

<exclusive-start id="5791" timestamp="2019-07-07T05:34:54.139" intervalms="7.642">
  <response-info timems="0.096" idlems="0.096" threads="0" lastid="00000000020B9700" lastname="main" />
</exclusive-start>
<allocation-taxation id="5792" taxation-threshold="22020096" timestamp="2019-07-07T05:34:54.139" intervalms="7.638" />
<cycle-start id="5793" type="partial gc" contextid="0" timestamp="2019-07-07T05:34:54.140" intervalms="7.657" />
<gc-start id="5794" type="partial gc" contextid="5793" timestamp="2019-07-07T05:34:54.140">
  <mem-info id="5795" free="15728640" total="62914560" percent="25">
    <mem type="eden" free="0" total="22020096" percent="0" />
    <remembered-set count="71040" freebytes="2227200" totalbytes="2511360" percent="88" regionsoverflowed="0" regionsstable="6" regionsrebuilding="0"/>
  </mem-info>
</gc-start>
<allocation-stats totalBytes="20732800" >
  <allocated-bytes non-tlh="0" tlh="20732800" arrayletleaf="0"/>
  <largest-consumer threadName="main" threadId="00000000020B9700" bytes="20732800" />
</allocation-stats>
<gc-op id="5796" type="copy forward" timems="1.615" contextid="5793" timestamp="2019-07-07T05:34:54.143">
  <memory-copied type="eden" objects="10" bytes="18216" bytesdiscarded="0" />
  <memory-copied type="other" objects="86" bytes="3456" bytesdiscarded="0" />
  <memory-cardclean objects="63" bytes="2216" />
  <regions eden="21" other="1" />
  <remembered-set-cleared processed="69674" cleared="46" durationms="0.555" />
  <stringconstants candidates="13269" cleared="0"  />
</gc-op>
<gc-op id="5797" type="classunload" timems="0.004" contextid="5793" timestamp="2019-07-07T05:34:54.143">
  <classunload-info classloadercandidates="53" classloadersunloaded="0" classesunloaded="0" anonymousclassesunloaded="0" quiescems="0.000" setupms="0.004" scanms="0.000" postms="0.000" />
</gc-op>
<gc-end id="5798" type="partial gc" contextid="5793" durationms="3.081" usertimems="0.000" systemtimems="0.000" timestamp="2019-07-07T05:34:54.143" activeThreads="1">
  <mem-info id="5799" free="36700160" total="62914560" percent="58">
    <mem type="eden" free="1030360" total="1048576" percent="98" />
    <remembered-set count="71456" freebytes="2225536" totalbytes="2511360" percent="88" regionsoverflowed="0" regionsstable="6" regionsrebuilding="0"/>
  </mem-info>
</gc-end>
<cycle-end id="5800" type="partial gc" contextid="5793" timestamp="2019-07-07T05:34:54.143" />
  <attribute name="elasticGC enabled" value="1" />
  <attribute name= "numThreadsSpecified" value="1" />
  <attribute name="heapSize specified" value="0" />
  <attribute name="Current GC Util" value="265" />
  <attribute name= "Current Time Running" value="23668" />
  <attribute name ="GC Interval" value="0" />
  <attribute name="ProportionalT" value="122.500000" />
  <attribute name="ProportionalI" value="122.500000" />
  <attribute name="ProportionalH" value="122.500000" />
  <attribute name="Current Error" value="245.000000" />
  <attribute name="IntegralT" value="0.000000" />
  <attribute name="IntegralI" value="0.000000" />
  <attribute name="IntegralH" value="0.000000" />
  <attribute name="DerivativeT" value="inf" />
  <attribute name="DerivativeI" value="inf" />
  <attribute name="DerivativeH" value="inf" />
  <attribute name="Loop Time for DT" value="0.000000" />
  <attribute name="Output H" value="8388608"/>
  <attribute name="Output I" value="200"/>
  <attribute name="Output T" value="1"/>
  <attribute name="Target GC Util Change" value ="20.000000" />
  <attribute name="Current GC Util Change" value="265.000000"/>
  <attribute name="GC Util currently" value="265" />
  <attribute name="CPU Util currently" value="12111028719791" />
<exclusive-end id="5801" timestamp="2019-07-07T05:34:54.143" durationms="4.493" />

<exclusive-start id="5802" timestamp="2019-07-07T05:34:54.147" intervalms="7.638">
  <response-info timems="0.094" idlems="0.094" threads="0" lastid="00000000020B9700" lastname="main" />
</exclusive-start>
<allocation-taxation id="5803" taxation-threshold="22020096" timestamp="2019-07-07T05:34:54.147" intervalms="7.633" />
<cycle-start id="5804" type="partial gc" contextid="0" timestamp="2019-07-07T05:34:54.147" intervalms="7.671" />
<gc-start id="5805" type="partial gc" contextid="5804" timestamp="2019-07-07T05:34:54.148">
  <mem-info id="5806" free="14680064" total="62914560" percent="23">
    <mem type="eden" free="1030360" total="23068672" percent="4" />
    <remembered-set count="71072" freebytes="2227072" totalbytes="2511360" percent="88" regionsoverflowed="0" regionsstable="6" regionsrebuilding="0"/>
  </mem-info>
</gc-start>
<allocation-stats totalBytes="20727584" >
  <allocated-bytes non-tlh="0" tlh="20727584" arrayletleaf="0"/>
  <largest-consumer threadName="main" threadId="00000000020B9700" bytes="20727584" />
</allocation-stats>
<gc-op id="5807" type="copy forward" timems="3.182" contextid="5804" timestamp="2019-07-07T05:34:54.152">
  <memory-copied type="eden" objects="11" bytes="13752" bytesdiscarded="1248" />
  <memory-copied type="other" objects="0" bytes="0" bytesdiscarded="0" />
  <memory-cardclean objects="15" bytes="912" />
  <regions eden="21" other="1" />
  <remembered-set-cleared processed="69675" cleared="10" durationms="0.309" />
  <stringconstants candidates="13269" cleared="0"  />
</gc-op>
<gc-op id="5808" type="classunload" timems="0.004" contextid="5804" timestamp="2019-07-07T05:34:54.152">
  <classunload-info classloadercandidates="53" classloadersunloaded="0" classesunloaded="0" anonymousclassesunloaded="0" quiescems="0.000" setupms="0.004" scanms="0.000" postms="0.000" />
</gc-op>
<gc-end id="5809" type="partial gc" contextid="5804" durationms="4.536" usertimems="8.000" systemtimems="4.000" timestamp="2019-07-07T05:34:54.152" activeThreads="4">
  <mem-info id="5810" free="36700160" total="62914560" percent="58">
    <mem type="eden" free="1033576" total="1048576" percent="98" />
    <remembered-set count="71584" freebytes="2225024" totalbytes="2511360" percent="88" regionsoverflowed="0" regionsstable="6" regionsrebuilding="0"/>
  </mem-info>
</gc-end>
<cycle-end id="5811" type="partial gc" contextid="5804" timestamp="2019-07-07T05:34:54.152" />
  <attribute name="elasticGC enabled" value="1" />
  <attribute name= "numThreadsSpecified" value="4" />
  <attribute name="heapSize specified" value="0" />
  <attribute name="Current GC Util" value="268" />
  <attribute name= "Current Time Running" value="23676" />
  <attribute name ="GC Interval" value="0" />
  <attribute name="ProportionalT" value="124.000000" />
  <attribute name="ProportionalI" value="124.000000" />
  <attribute name="ProportionalH" value="124.000000" />
  <attribute name="Current Error" value="248.000000" />
  <attribute name="IntegralT" value="124.000000" />
  <attribute name="IntegralI" value="124.000000" />
  <attribute name="IntegralH" value="124.000000" />
  <attribute name="DerivativeT" value="233.000000" />
  <attribute name="DerivativeI" value="233.000000" />
  <attribute name="DerivativeH" value="233.000000" />
  <attribute name="Loop Time for DT" value="1.000000" />
  <attribute name="Output H" value="8388608"/>
  <attribute name="Output I" value="488"/>
  <attribute name="Output T" value="4"/>
  <attribute name="Target GC Util Change" value ="20.000000" />
  <attribute name="Current GC Util Change" value="268.000000"/>
  <attribute name="GC Util currently" value="268" />
  <attribute name="CPU Util currently" value="12130939843451" />
<exclusive-end id="5812" timestamp="2019-07-07T05:34:54.153" durationms="5.981" />

<exclusive-start id="5813" timestamp="2019-07-07T05:34:54.213" intervalms="66.143">
  <response-info timems="0.089" idlems="0.089" threads="0" lastid="00000000020B9700" lastname="main" />
</exclusive-start>
<allocation-taxation id="5814" taxation-threshold="22020096" timestamp="2019-07-07T05:34:54.213" intervalms="66.104" />
<cycle-start id="5815" type="partial gc" contextid="0" timestamp="2019-07-07T05:34:54.213" intervalms="66.041" />
<gc-start id="5816" type="partial gc" contextid="5815" timestamp="2019-07-07T05:34:54.214">
  <mem-info id="5817" free="14680064" total="62914560" percent="23">
    <mem type="eden" free="1033576" total="23068672" percent="4" />
    <remembered-set count="69120" freebytes="2234880" totalbytes="2511360" percent="88" regionsoverflowed="0" regionsstable="8" regionsrebuilding="0"/>
  </mem-info>
</gc-start>
<allocation-stats totalBytes="22017816" >
  <allocated-bytes non-tlh="0" tlh="22017816" arrayletleaf="0"/>
  <largest-consumer threadName="main" threadId="00000000020B9700" bytes="22017816" />
</allocation-stats>
<gc-op id="5818" type="copy forward" timems="2.675" contextid="5815" timestamp="2019-07-07T05:34:54.217">
  <memory-copied type="eden" objects="139" bytes="47320" bytesdiscarded="1224" />
  <memory-copied type="other" objects="0" bytes="0" bytesdiscarded="0" />
  <memory-cardclean objects="78" bytes="2848" />
  <regions eden="21" other="1" />
  <remembered-set-cleared processed="67364" cleared="31" durationms="0.300" />
  <stringconstants candidates="13269" cleared="0"  />
</gc-op>
<gc-op id="5819" type="classunload" timems="0.004" contextid="5815" timestamp="2019-07-07T05:34:54.217">
  <classunload-info classloadercandidates="53" classloadersunloaded="0" classesunloaded="0" anonymousclassesunloaded="0" quiescems="0.000" setupms="0.004" scanms="0.000" postms="0.000" />
</gc-op>
<heap-resize id="5820" type="expand" space="default" amount="3145728" count="1" timems="0.052" reason="excessive time being spent in gc" timestamp="2019-07-07T05:34:54.218" />
<gc-end id="5821" type="partial gc" contextid="5815" durationms="4.014" usertimems="8.000" systemtimems="0.000" timestamp="2019-07-07T05:34:54.218" activeThreads="4">
  <mem-info id="5822" free="39845888" total="66060288" percent="60">
    <mem type="eden" free="1000032" total="1048576" percent="95" />
    <remembered-set count="69632" freebytes="2358400" totalbytes="2636928" percent="89" regionsoverflowed="0" regionsstable="8" regionsrebuilding="0"/>
  </mem-info>
</gc-end>
<cycle-end id="5823" type="partial gc" contextid="5815" timestamp="2019-07-07T05:34:54.218" />
  <attribute name="elasticGC enabled" value="1" />
  <attribute name= "numThreadsSpecified" value="4" />
  <attribute name="heapSize specified" value="0" />
  <attribute name="Current GC Util" value="154" />
  <attribute name= "Current Time Running" value="23742" />
  <attribute name ="GC Interval" value="0" />
  <attribute name="ProportionalT" value="67.000000" />
  <attribute name="ProportionalI" value="67.000000" />
  <attribute name="ProportionalH" value="67.000000" />
  <attribute name="Current Error" value="134.000000" />
  <attribute name="IntegralT" value="67.000000" />
  <attribute name="IntegralI" value="67.000000" />
  <attribute name="IntegralH" value="67.000000" />
  <attribute name="DerivativeT" value="134.000000" />
  <attribute name="DerivativeI" value="134.000000" />
  <attribute name="DerivativeH" value="134.000000" />
  <attribute name="Loop Time for DT" value="1.000000" />
  <attribute name="Output H" value="8388608"/>
  <attribute name="Output I" value="272"/>
  <attribute name="Output T" value="4"/>
  <attribute name="Target GC Util Change" value ="20.000000" />
  <attribute name="Current GC Util Change" value="154.000000"/>
  <attribute name="GC Util currently" value="154" />
  <attribute name="CPU Util currently" value="12900795192139" />
<exclusive-end id="5824" timestamp="2019-07-07T05:34:54.218" durationms="5.314" />

<exclusive-start id="5825" timestamp="2019-07-07T05:34:54.295" intervalms="82.522">
  <response-info timems="0.083" idlems="0.083" threads="0" lastid="00000000020B9700" lastname="main" />
</exclusive-start>
<allocation-taxation id="5826" taxation-threshold="23068672" timestamp="2019-07-07T05:34:54.295" intervalms="82.486" />
<cycle-start id="5827" type="partial gc" contextid="0" timestamp="2019-07-07T05:34:54.296" intervalms="82.494" />
<gc-start id="5828" type="partial gc" contextid="5827" timestamp="2019-07-07T05:34:54.296">
  <mem-info id="5829" free="16777216" total="66060288" percent="25">
    <mem type="eden" free="0" total="23068672" percent="0" />
    <remembered-set count="69632" freebytes="2358400" totalbytes="2636928" percent="89" regionsoverflowed="0" regionsstable="8" regionsrebuilding="0"/>
  </mem-info>
</gc-start>
<allocation-stats totalBytes="23065832" >
  <allocated-bytes non-tlh="0" tlh="23065832" arrayletleaf="0"/>
  <largest-consumer threadName="main" threadId="00000000020B9700" bytes="23065832" />
</allocation-stats>
<gc-op id="5830" type="copy forward" timems="1.438" contextid="5827" timestamp="2019-07-07T05:34:54.298">
  <memory-copied type="eden" objects="35" bytes="1072" bytesdiscarded="0" />
  <memory-copied type="other" objects="14" bytes="40128" bytesdiscarded="0" />
  <memory-cardclean objects="92" bytes="3256" />
  <regions eden="22" other="1" />
  <remembered-set-cleared processed="67383" cleared="55" durationms="0.494" />
  <stringconstants candidates="13269" cleared="0"  />
</gc-op>
<gc-op id="5831" type="classunload" timems="0.003" contextid="5827" timestamp="2019-07-07T05:34:54.299">
  <classunload-info classloadercandidates="53" classloadersunloaded="0" classesunloaded="0" anonymousclassesunloaded="0" quiescems="0.000" setupms="0.003" scanms="0.000" postms="0.000" />
</gc-op>
<gc-end id="5832" type="partial gc" contextid="5827" durationms="2.752" usertimems="4.000" systemtimems="0.000" timestamp="2019-07-07T05:34:54.299" activeThreads="1">
  <mem-info id="5833" free="38797312" total="66060288" percent="58">
    <mem type="eden" free="1047504" total="1048576" percent="99" />
    <remembered-set count="69664" freebytes="2358272" totalbytes="2636928" percent="89" regionsoverflowed="0" regionsstable="8" regionsrebuilding="0"/>
  </mem-info>
</gc-end>
<cycle-end id="5834" type="partial gc" contextid="5827" timestamp="2019-07-07T05:34:54.299" />
  <attribute name="elasticGC enabled" value="1" />
  <attribute name= "numThreadsSpecified" value="1" />
  <attribute name="heapSize specified" value="0" />
  <attribute name="Current GC Util" value="165" />
  <attribute name= "Current Time Running" value="23824" />
  <attribute name ="GC Interval" value="0" />
  <attribute name="ProportionalT" value="72.500000" />
  <attribute name="ProportionalI" value="72.500000" />
  <attribute name="ProportionalH" value="72.500000" />
  <attribute name="Current Error" value="145.000000" />
  <attribute name="IntegralT" value="0.000000" />
  <attribute name="IntegralI" value="0.000000" />
  <attribute name="IntegralH" value="0.000000" />
  <attribute name="DerivativeT" value="inf" />
  <attribute name="DerivativeI" value="inf" />
  <attribute name="DerivativeH" value="inf" />
  <attribute name="Loop Time for DT" value="0.000000" />
  <attribute name="Output H" value="8388608"/>
  <attribute name="Output I" value="200"/>
  <attribute name="Output T" value="1"/>
  <attribute name="Target GC Util Change" value ="20.000000" />
  <attribute name="Current GC Util Change" value="165.000000"/>
  <attribute name="GC Util currently" value="165" />
  <attribute name="CPU Util currently" value="14188536898341" />
<exclusive-end id="5835" timestamp="2019-07-07T05:34:54.299" durationms="3.948" />

<exclusive-start id="5836" timestamp="2019-07-07T05:34:54.315" intervalms="19.711">
  <response-info timems="0.079" idlems="0.079" threads="0" lastid="00000000020B9700" lastname="main" />
</exclusive-start>
<allocation-taxation id="5837" taxation-threshold="23068672" timestamp="2019-07-07T05:34:54.315" intervalms="19.725" />
<cycle-start id="5838" type="partial gc" contextid="0" timestamp="2019-07-07T05:34:54.315" intervalms="19.739" />
<gc-start id="5839" type="partial gc" contextid="5838" timestamp="2019-07-07T05:34:54.316">
  <mem-info id="5840" free="15728640" total="66060288" percent="23">
    <mem type="eden" free="0" total="23068672" percent="0" />
    <remembered-set count="69248" freebytes="2359936" totalbytes="2636928" percent="89" regionsoverflowed="0" regionsstable="8" regionsrebuilding="0"/>
  </mem-info>
</gc-start>
<allocation-stats totalBytes="23065784" >
  <allocated-bytes non-tlh="0" tlh="23065784" arrayletleaf="0"/>
  <largest-consumer threadName="main" threadId="00000000020B9700" bytes="23065784" />
</allocation-stats>
<gc-op id="5841" type="copy forward" timems="2.998" contextid="5838" timestamp="2019-07-07T05:34:54.320">
  <memory-copied type="eden" objects="7" bytes="240" bytesdiscarded="0" />
  <memory-copied type="other" objects="34" bytes="1048" bytesdiscarded="0" />
  <memory-cardclean objects="60" bytes="1920" />
  <regions eden="22" other="1" />
  <remembered-set-cleared processed="67374" cleared="32" durationms="0.274" />
  <stringconstants candidates="13269" cleared="0"  />
</gc-op>
<gc-op id="5842" type="classunload" timems="0.003" contextid="5838" timestamp="2019-07-07T05:34:54.320">
  <classunload-info classloadercandidates="53" classloadersunloaded="0" classesunloaded="0" anonymousclassesunloaded="0" quiescems="0.000" setupms="0.003" scanms="0.000" postms="0.000" />
</gc-op>
<gc-end id="5843" type="partial gc" contextid="5838" durationms="4.248" usertimems="8.000" systemtimems="0.000" timestamp="2019-07-07T05:34:54.320" activeThreads="4">
  <mem-info id="5844" free="37748736" total="66060288" percent="57">
    <mem type="eden" free="1048336" total="1048576" percent="99" />
    <remembered-set count="69664" freebytes="2358272" totalbytes="2636928" percent="89" regionsoverflowed="0" regionsstable="8" regionsrebuilding="0"/>
  </mem-info>
</gc-end>
<cycle-end id="5845" type="partial gc" contextid="5838" timestamp="2019-07-07T05:34:54.320" />
  <attribute name="elasticGC enabled" value="1" />
  <attribute name= "numThreadsSpecified" value="4" />
  <attribute name="heapSize specified" value="0" />
  <attribute name="Current GC Util" value="280" />
  <attribute name= "Current Time Running" value="23844" />
  <attribute name ="GC Interval" value="0" />
  <attribute name="ProportionalT" value="130.000000" />
  <attribute name="ProportionalI" value="130.000000" />
  <attribute name="ProportionalH" value="130.000000" />
  <attribute name="Current Error" value="260.000000" />
  <attribute name="IntegralT" value="130.000000" />
  <attribute name="IntegralI" value="130.000000" />
  <attribute name="IntegralH" value="130.000000" />
  <attribute name="DerivativeT" value="260.000000" />
  <attribute name="DerivativeI" value="260.000000" />
  <attribute name="DerivativeH" value="260.000000" />
  <attribute name="Loop Time for DT" value="1.000000" />
  <attribute name="Output H" value="8388608"/>
  <attribute name="Output I" value="520"/>
  <attribute name="Output T" value="4"/>
  <attribute name="Target GC Util Change" value ="20.000000" />
  <attribute name="Current GC Util Change" value="280.000000"/>
  <attribute name="GC Util currently" value="280" />
  <attribute name="CPU Util currently" value="14011788567566" />
<exclusive-end id="5846" timestamp="2019-07-07T05:34:54.320" durationms="5.371" />

<exclusive-start id="5847" timestamp="2019-07-07T05:34:54.340" intervalms="24.531">
  <response-info timems="0.080" idlems="0.080" threads="0" lastid="00000000020B9700" lastname="main" />
</exclusive-start>
<allocation-taxation id="5848" taxation-threshold="23068672" timestamp="2019-07-07T05:34:54.340" intervalms="24.485" />
<cycle-start id="5849" type="partial gc" contextid="0" timestamp="2019-07-07T05:34:54.340" intervalms="24.389" />
<gc-start id="5850" type="partial gc" contextid="5849" timestamp="2019-07-07T05:34:54.340">
  <mem-info id="5851" free="14680064" total="66060288" percent="22">
    <mem type="eden" free="1048336" total="24117248" percent="4" />
    <remembered-set count="69664" freebytes="2358272" totalbytes="2636928" percent="89" regionsoverflowed="0" regionsstable="8" regionsrebuilding="0"/>
  </mem-info>
</gc-start>
<allocation-stats totalBytes="23064896" >
  <allocated-bytes non-tlh="0" tlh="23064896" arrayletleaf="0"/>
  <largest-consumer threadName="main" threadId="00000000020B9700" bytes="23064896" />
</allocation-stats>
<gc-op id="5852" type="copy forward" timems="1.349" contextid="5849" timestamp="2019-07-07T05:34:54.342">
  <memory-copied type="eden" objects="45" bytes="1464" bytesdiscarded="0" />
  <memory-copied type="other" objects="0" bytes="0" bytesdiscarded="0" />
  <memory-cardclean objects="77" bytes="2456" />
  <regions eden="22" other="1" />
  <remembered-set-cleared processed="67384" cleared="28" durationms="0.478" />
  <stringconstants candidates="13269" cleared="0"  />
</gc-op>
<gc-op id="5853" type="classunload" timems="0.003" contextid="5849" timestamp="2019-07-07T05:34:54.343">
  <classunload-info classloadercandidates="53" classloadersunloaded="0" classesunloaded="0" anonymousclassesunloaded="0" quiescems="0.000" setupms="0.003" scanms="0.000" postms="0.000" />
</gc-op>
<gc-end id="5854" type="partial gc" contextid="5849" durationms="2.687" usertimems="4.000" systemtimems="0.000" timestamp="2019-07-07T05:34:54.343" activeThreads="1">
  <mem-info id="5855" free="37748736" total="66060288" percent="57">
    <mem type="eden" free="1047112" total="1048576" percent="99" />
    <remembered-set count="69984" freebytes="2356992" totalbytes="2636928" percent="89" regionsoverflowed="0" regionsstable="8" regionsrebuilding="0"/>
  </mem-info>
</gc-end>
<cycle-end id="5856" type="partial gc" contextid="5849" timestamp="2019-07-07T05:34:54.343" />
  <attribute name="elasticGC enabled" value="1" />
  <attribute name= "numThreadsSpecified" value="1" />
  <attribute name="heapSize specified" value="0" />
  <attribute name="Current GC Util" value="105" />
  <attribute name= "Current Time Running" value="23868" />
  <attribute name ="GC Interval" value="0" />
  <attribute name="ProportionalT" value="42.500000" />
  <attribute name="ProportionalI" value="42.500000" />
  <attribute name="ProportionalH" value="42.500000" />
  <attribute name="Current Error" value="85.000000" />
  <attribute name="IntegralT" value="0.000000" />
  <attribute name="IntegralI" value="0.000000" />
  <attribute name="IntegralH" value="0.000000" />
  <attribute name="DerivativeT" value="inf" />
  <attribute name="DerivativeI" value="inf" />
  <attribute name="DerivativeH" value="inf" />
  <attribute name="Loop Time for DT" value="0.000000" />
  <attribute name="Output H" value="8388608"/>
  <attribute name="Output I" value="200"/>
  <attribute name="Output T" value="1"/>
  <attribute name="Target GC Util Change" value ="20.000000" />
  <attribute name="Current GC Util Change" value="105.000000"/>
  <attribute name="GC Util currently" value="105" />
  <attribute name="CPU Util currently" value="12077060557652" />
<exclusive-end id="5857" timestamp="2019-07-07T05:34:54.343" durationms="3.815" />

<exclusive-start id="5858" timestamp="2019-07-07T05:34:54.364" intervalms="24.399">
  <response-info timems="0.091" idlems="0.091" threads="0" lastid="00000000020B9700" lastname="main" />
</exclusive-start>
<allocation-taxation id="5859" taxation-threshold="23068672" timestamp="2019-07-07T05:34:54.364" intervalms="24.421" />
<cycle-start id="5860" type="partial gc" contextid="0" timestamp="2019-07-07T05:34:54.364" intervalms="24.498" />
<gc-start id="5861" type="partial gc" contextid="5860" timestamp="2019-07-07T05:34:54.365">
  <mem-info id="5862" free="14680064" total="66060288" percent="22">
    <mem type="eden" free="0" total="23068672" percent="0" />
    <remembered-set count="69600" freebytes="2358528" totalbytes="2636928" percent="89" regionsoverflowed="0" regionsstable="8" regionsrebuilding="0"/>
  </mem-info>
</gc-start>
<allocation-stats totalBytes="23063688" >
  <allocated-bytes non-tlh="0" tlh="23063688" arrayletleaf="0"/>
  <largest-consumer threadName="main" threadId="00000000020B9700" bytes="23063688" />
</allocation-stats>
<gc-op id="5863" type="copy forward" timems="2.834" contextid="5860" timestamp="2019-07-07T05:34:54.368">
  <memory-copied type="eden" objects="35" bytes="1384" bytesdiscarded="1160" />
  <memory-copied type="other" objects="7" bytes="168" bytesdiscarded="1440" />
  <memory-cardclean objects="80" bytes="2536" />
  <regions eden="22" other="1" />
  <remembered-set-cleared processed="67393" cleared="41" durationms="0.277" />
  <stringconstants candidates="13269" cleared="0"  />
</gc-op>
<gc-op id="5864" type="classunload" timems="0.003" contextid="5860" timestamp="2019-07-07T05:34:54.368">
  <classunload-info classloadercandidates="53" classloadersunloaded="0" classesunloaded="0" anonymousclassesunloaded="0" quiescems="0.000" setupms="0.003" scanms="0.000" postms="0.000" />
</gc-op>
<heap-resize id="5865" type="expand" space="default" amount="7340032" count="1" timems="0.069" reason="excessive time being spent in gc" timestamp="2019-07-07T05:34:54.369" />
<gc-end id="5866" type="partial gc" contextid="5860" durationms="4.224" usertimems="8.000" systemtimems="0.000" timestamp="2019-07-07T05:34:54.369" activeThreads="4">
  <mem-info id="5867" free="44040192" total="73400320" percent="60">
    <mem type="eden" free="1046032" total="1048576" percent="99" />
    <remembered-set count="70400" freebytes="2648320" totalbytes="2929920" percent="90" regionsoverflowed="0" regionsstable="8" regionsrebuilding="0"/>
  </mem-info>
</gc-end>
<cycle-end id="5868" type="partial gc" contextid="5860" timestamp="2019-07-07T05:34:54.369" />
  <attribute name="elasticGC enabled" value="1" />
  <attribute name= "numThreadsSpecified" value="4" />
  <attribute name="heapSize specified" value="0" />
  <attribute name="Current GC Util" value="282" />
  <attribute name= "Current Time Running" value="23893" />
  <attribute name ="GC Interval" value="0" />
  <attribute name="ProportionalT" value="131.000000" />
  <attribute name="ProportionalI" value="131.000000" />
  <attribute name="ProportionalH" value="131.000000" />
  <attribute name="Current Error" value="262.000000" />
  <attribute name="IntegralT" value="131.000000" />
  <attribute name="IntegralI" value="131.000000" />
  <attribute name="IntegralH" value="131.000000" />
  <attribute name="DerivativeT" value="262.000000" />
  <attribute name="DerivativeI" value="262.000000" />
  <attribute name="DerivativeH" value="262.000000" />
  <attribute name="Loop Time for DT" value="1.000000" />
  <attribute name="Output H" value="8388608"/>
  <attribute name="Output I" value="528"/>
  <attribute name="Output T" value="4"/>
  <attribute name="Target GC Util Change" value ="20.000000" />
  <attribute name="Current GC Util Change" value="282.000000"/>
  <attribute name="GC Util currently" value="282" />
  <attribute name="CPU Util currently" value="14051878360608" />
<exclusive-end id="5869" timestamp="2019-07-07T05:34:54.369" durationms="5.456" />

<exclusive-start id="5870" timestamp="2019-07-07T05:34:54.388" intervalms="24.393">
  <response-info timems="0.080" idlems="0.080" threads="0" lastid="00000000020B9700" lastname="main" />
</exclusive-start>
<allocation-taxation id="5871" taxation-threshold="25165824" timestamp="2019-07-07T05:34:54.389" intervalms="24.398" />
<cycle-start id="5872" type="partial gc" contextid="0" timestamp="2019-07-07T05:34:54.389" intervalms="24.390" />
<gc-start id="5873" type="partial gc" contextid="5872" timestamp="2019-07-07T05:34:54.389">
  <mem-info id="5874" free="18874368" total="73400320" percent="25">
    <mem type="eden" free="0" total="25165824" percent="0" />
    <remembered-set count="43744" freebytes="2754944" totalbytes="2929920" percent="94" regionsoverflowed="0" regionsstable="14" regionsrebuilding="0"/>
  </mem-info>
</gc-start>
<allocation-stats totalBytes="25155816" >
  <allocated-bytes non-tlh="0" tlh="25155816" arrayletleaf="0"/>
  <largest-consumer threadName="main" threadId="00000000020B9700" bytes="25155816" />
</allocation-stats>
<gc-op id="5875" type="copy forward" timems="1.296" contextid="5872" timestamp="2019-07-07T05:34:54.391">
  <memory-copied type="eden" objects="9" bytes="408" bytesdiscarded="0" />
  <memory-copied type="other" objects="18" bytes="592" bytesdiscarded="0" />
  <memory-cardclean objects="45" bytes="1568" />
  <regions eden="24" other="1" />
  <remembered-set-cleared processed="41562" cleared="23" durationms="0.373" />
  <stringconstants candidates="13269" cleared="0"  />
</gc-op>
<gc-op id="5876" type="classunload" timems="0.004" contextid="5872" timestamp="2019-07-07T05:34:54.391">
  <classunload-info classloadercandidates="53" classloadersunloaded="0" classesunloaded="0" anonymousclassesunloaded="0" quiescems="0.000" setupms="0.004" scanms="0.000" postms="0.000" />
</gc-op>
<heap-resize id="5877" type="expand" space="default" amount="3145728" count="1" timems="0.060" reason="excessive time being spent in gc" timestamp="2019-07-07T05:34:54.392" />
<gc-end id="5878" type="partial gc" contextid="5872" durationms="2.782" usertimems="0.000" systemtimems="0.000" timestamp="2019-07-07T05:34:54.392" activeThreads="1">
  <mem-info id="5879" free="46137344" total="76546048" percent="60">
    <mem type="eden" free="1048168" total="1048576" percent="99" />
    <remembered-set count="44000" freebytes="2879488" totalbytes="3055488" percent="94" regionsoverflowed="0" regionsstable="14" regionsrebuilding="0"/>
  </mem-info>
</gc-end>
<cycle-end id="5880" type="partial gc" contextid="5872" timestamp="2019-07-07T05:34:54.392" />
  <attribute name="elasticGC enabled" value="1" />
  <attribute name= "numThreadsSpecified" value="1" />
  <attribute name="heapSize specified" value="0" />
  <attribute name="Current GC Util" value="163" />
  <attribute name= "Current Time Running" value="23917" />
  <attribute name ="GC Interval" value="0" />
  <attribute name="ProportionalT" value="71.500000" />
  <attribute name="ProportionalI" value="71.500000" />
  <attribute name="ProportionalH" value="71.500000" />
  <attribute name="Current Error" value="143.000000" />
  <attribute name="IntegralT" value="0.000000" />
  <attribute name="IntegralI" value="0.000000" />
  <attribute name="IntegralH" value="0.000000" />
  <attribute name="DerivativeT" value="inf" />
  <attribute name="DerivativeI" value="inf" />
  <attribute name="DerivativeH" value="inf" />
  <attribute name="Loop Time for DT" value="0.000000" />
  <attribute name="Output H" value="8388608"/>
  <attribute name="Output I" value="200"/>
  <attribute name="Output T" value="1"/>
  <attribute name="Target GC Util Change" value ="20.000000" />
  <attribute name="Current GC Util Change" value="163.000000"/>
  <attribute name="GC Util currently" value="163" />
  <attribute name="CPU Util currently" value="13604555886495" />
<exclusive-end id="5881" timestamp="2019-07-07T05:34:54.392" durationms="3.960" />

<exclusive-start id="5882" timestamp="2019-07-07T05:34:54.416" intervalms="27.243">
  <response-info timems="0.082" idlems="0.082" threads="0" lastid="00000000020B9700" lastname="main" />
</exclusive-start>
<allocation-taxation id="5883" taxation-threshold="26214400" timestamp="2019-07-07T05:34:54.416" intervalms="27.196" />
<cycle-start id="5884" type="partial gc" contextid="0" timestamp="2019-07-07T05:34:54.416" intervalms="27.183" />
<gc-start id="5885" type="partial gc" contextid="5884" timestamp="2019-07-07T05:34:54.416">
  <mem-info id="5886" free="19922944" total="76546048" percent="26">
    <mem type="eden" free="1048168" total="27262976" percent="3" />
    <remembered-set count="43616" freebytes="2881024" totalbytes="3055488" percent="94" regionsoverflowed="0" regionsstable="14" regionsrebuilding="0"/>
  </mem-info>
</gc-start>
<allocation-stats totalBytes="26205744" >
  <allocated-bytes non-tlh="0" tlh="26205744" arrayletleaf="0"/>
  <largest-consumer threadName="main" threadId="00000000020B9700" bytes="26205744" />
</allocation-stats>
<gc-op id="5887" type="copy forward" timems="1.260" contextid="5884" timestamp="2019-07-07T05:34:54.418">
  <memory-copied type="eden" objects="25" bytes="800" bytesdiscarded="0" />
  <memory-copied type="other" objects="0" bytes="0" bytesdiscarded="0" />
  <memory-cardclean objects="82" bytes="2544" />
  <regions eden="25" other="1" />
  <remembered-set-cleared processed="41566" cleared="26" durationms="0.370" />
  <stringconstants candidates="13269" cleared="0"  />
</gc-op>
<gc-op id="5888" type="classunload" timems="0.004" contextid="5884" timestamp="2019-07-07T05:34:54.418">
  <classunload-info classloadercandidates="53" classloadersunloaded="0" classesunloaded="0" anonymousclassesunloaded="0" quiescems="0.000" setupms="0.004" scanms="0.000" postms="0.000" />
</gc-op>
<gc-end id="5889" type="partial gc" contextid="5884" durationms="2.449" usertimems="4.000" systemtimems="0.000" timestamp="2019-07-07T05:34:54.419" activeThreads="1">
  <mem-info id="5890" free="46137344" total="76546048" percent="60">
    <mem type="eden" free="1047776" total="1048576" percent="99" />
    <remembered-set count="43840" freebytes="2880128" totalbytes="3055488" percent="94" regionsoverflowed="0" regionsstable="14" regionsrebuilding="0"/>
  </mem-info>
</gc-end>
<cycle-end id="5891" type="partial gc" contextid="5884" timestamp="2019-07-07T05:34:54.419" />
  <attribute name="elasticGC enabled" value="1" />
  <attribute name= "numThreadsSpecified" value="1" />
  <attribute name="heapSize specified" value="0" />
  <attribute name="Current GC Util" value="260" />
  <attribute name= "Current Time Running" value="23944" />
  <attribute name ="GC Interval" value="0" />
  <attribute name="ProportionalT" value="120.000000" />
  <attribute name="ProportionalI" value="120.000000" />
  <attribute name="ProportionalH" value="120.000000" />
  <attribute name="Current Error" value="240.000000" />
  <attribute name="IntegralT" value="0.000000" />
  <attribute name="IntegralI" value="0.000000" />
  <attribute name="IntegralH" value="0.000000" />
  <attribute name="DerivativeT" value="inf" />
  <attribute name="DerivativeI" value="inf" />
  <attribute name="DerivativeH" value="inf" />
  <attribute name="Loop Time for DT" value="0.000000" />
  <attribute name="Output H" value="8388608"/>
  <attribute name="Output I" value="200"/>
  <attribute name="Output T" value="1"/>
  <attribute name="Target GC Util Change" value ="20.000000" />
  <attribute name="Current GC Util Change" value="260.000000"/>
  <attribute name="GC Util currently" value="260" />
  <attribute name="CPU Util currently" value="13765692551889" />
<exclusive-end id="5892" timestamp="2019-07-07T05:34:54.419" durationms="3.559" />

<exclusive-start id="5893" timestamp="2019-07-07T05:34:54.450" intervalms="34.687">
  <response-info timems="0.085" idlems="0.085" threads="0" lastid="00000000020B9700" lastname="main" />
</exclusive-start>
<allocation-taxation id="5894" taxation-threshold="26214400" timestamp="2019-07-07T05:34:54.450" intervalms="34.742" />
<cycle-start id="5895" type="partial gc" contextid="0" timestamp="2019-07-07T05:34:54.451" intervalms="34.745" />
<gc-start id="5896" type="partial gc" contextid="5895" timestamp="2019-07-07T05:34:54.451">
  <mem-info id="5897" free="19922944" total="76546048" percent="26">
    <mem type="eden" free="0" total="26214400" percent="0" />
    <remembered-set count="43360" freebytes="2882048" totalbytes="3055488" percent="94" regionsoverflowed="0" regionsstable="14" regionsrebuilding="0"/>
  </mem-info>
</gc-start>
<allocation-stats totalBytes="26212176" >
  <allocated-bytes non-tlh="0" tlh="26212176" arrayletleaf="0"/>
  <largest-consumer threadName="main" threadId="00000000020B9700" bytes="26212176" />
</allocation-stats>
<gc-op id="5898" type="copy forward" timems="1.321" contextid="5895" timestamp="2019-07-07T05:34:54.453">
  <memory-copied type="eden" objects="29" bytes="896" bytesdiscarded="0" />
  <memory-copied type="other" objects="7" bytes="168" bytesdiscarded="0" />
  <memory-cardclean objects="81" bytes="2528" />
  <regions eden="25" other="1" />
  <remembered-set-cleared processed="41566" cleared="26" durationms="0.390" />
  <stringconstants candidates="13269" cleared="0"  />
</gc-op>
<gc-op id="5899" type="classunload" timems="0.003" contextid="5895" timestamp="2019-07-07T05:34:54.453">
  <classunload-info classloadercandidates="53" classloadersunloaded="0" classesunloaded="0" anonymousclassesunloaded="0" quiescems="0.000" setupms="0.003" scanms="0.000" postms="0.000" />
</gc-op>
<heap-resize id="5900" type="expand" space="default" amount="2097152" count="1" timems="0.059" reason="excessive time being spent in gc" timestamp="2019-07-07T05:34:54.454" />
<gc-end id="5901" type="partial gc" contextid="5895" durationms="2.763" usertimems="0.000" systemtimems="0.000" timestamp="2019-07-07T05:34:54.454" activeThreads="1">
  <mem-info id="5902" free="47185920" total="78643200" percent="60">
    <mem type="eden" free="1047680" total="1048576" percent="99" />
    <remembered-set count="43840" freebytes="2963840" totalbytes="3139200" percent="94" regionsoverflowed="0" regionsstable="14" regionsrebuilding="0"/>
  </mem-info>
</gc-end>
<cycle-end id="5903" type="partial gc" contextid="5895" timestamp="2019-07-07T05:34:54.454" />
  <attribute name="elasticGC enabled" value="1" />
  <attribute name= "numThreadsSpecified" value="1" />
  <attribute name="heapSize specified" value="0" />
  <attribute name="Current GC Util" value="282" />
  <attribute name= "Current Time Running" value="23979" />
  <attribute name ="GC Interval" value="0" />
  <attribute name="ProportionalT" value="131.000000" />
  <attribute name="ProportionalI" value="131.000000" />
  <attribute name="ProportionalH" value="131.000000" />
  <attribute name="Current Error" value="262.000000" />
  <attribute name="IntegralT" value="0.000000" />
  <attribute name="IntegralI" value="0.000000" />
  <attribute name="IntegralH" value="0.000000" />
  <attribute name="DerivativeT" value="inf" />
  <attribute name="DerivativeI" value="inf" />
  <attribute name="DerivativeH" value="inf" />
  <attribute name="Loop Time for DT" value="0.000000" />
  <attribute name="Output H" value="8388608"/>
  <attribute name="Output I" value="200"/>
  <attribute name="Output T" value="1"/>
  <attribute name="Target GC Util Change" value ="20.000000" />
  <attribute name="Current GC Util Change" value="282.000000"/>
  <attribute name="GC Util currently" value="282" />
  <attribute name="CPU Util currently" value="13554652774494" />
<exclusive-end id="5904" timestamp="2019-07-07T05:34:54.454" durationms="3.915" />

<exclusive-start id="5905" timestamp="2019-07-07T05:34:54.486" intervalms="35.290">
  <response-info timems="0.076" idlems="0.076" threads="0" lastid="00000000020B9700" lastname="main" />
</exclusive-start>
<allocation-taxation id="5906" taxation-threshold="26214400" timestamp="2019-07-07T05:34:54.486" intervalms="35.310" />
<cycle-start id="5907" type="partial gc" contextid="0" timestamp="2019-07-07T05:34:54.486" intervalms="35.312" />
<gc-start id="5908" type="partial gc" contextid="5907" timestamp="2019-07-07T05:34:54.486">
  <mem-info id="5909" free="20971520" total="78643200" percent="26">
    <mem type="eden" free="0" total="26214400" percent="0" />
    <remembered-set count="43392" freebytes="2965632" totalbytes="3139200" percent="94" regionsoverflowed="0" regionsstable="14" regionsrebuilding="0"/>
  </mem-info>
</gc-start>
<allocation-stats totalBytes="26211856" >
  <allocated-bytes non-tlh="0" tlh="26211856" arrayletleaf="0"/>
  <largest-consumer threadName="main" threadId="00000000020B9700" bytes="26211856" />
</allocation-stats>
<gc-op id="5910" type="copy forward" timems="1.392" contextid="5907" timestamp="2019-07-07T05:34:54.489">
  <memory-copied type="eden" objects="30" bytes="936" bytesdiscarded="0" />
  <memory-copied type="other" objects="6" bytes="144" bytesdiscarded="0" />
  <memory-cardclean objects="82" bytes="2432" />
  <regions eden="25" other="1" />
  <remembered-set-cleared processed="41571" cleared="28" durationms="0.418" />
  <stringconstants candidates="13269" cleared="0"  />
</gc-op>
<gc-op id="5911" type="classunload" timems="0.003" contextid="5907" timestamp="2019-07-07T05:34:54.489">
  <classunload-info classloadercandidates="53" classloadersunloaded="0" classesunloaded="0" anonymousclassesunloaded="0" quiescems="0.000" setupms="0.003" scanms="0.000" postms="0.000" />
</gc-op>
<gc-end id="5912" type="partial gc" contextid="5907" durationms="2.660" usertimems="4.000" systemtimems="0.000" timestamp="2019-07-07T05:34:54.489" activeThreads="1">
  <mem-info id="5913" free="46137344" total="78643200" percent="58">
    <mem type="eden" free="1047640" total="1048576" percent="99" />
    <remembered-set count="43872" freebytes="2963712" totalbytes="3139200" percent="94" regionsoverflowed="0" regionsstable="14" regionsrebuilding="0"/>
  </mem-info>
</gc-end>
<cycle-end id="5914" type="partial gc" contextid="5907" timestamp="2019-07-07T05:34:54.489" />
  <attribute name="elasticGC enabled" value="1" />
  <attribute name= "numThreadsSpecified" value="1" />
  <attribute name="heapSize specified" value="0" />
  <attribute name="Current GC Util" value="265" />
  <attribute name= "Current Time Running" value="24014" />
  <attribute name ="GC Interval" value="0" />
  <attribute name="ProportionalT" value="122.500000" />
  <attribute name="ProportionalI" value="122.500000" />
  <attribute name="ProportionalH" value="122.500000" />
  <attribute name="Current Error" value="245.000000" />
  <attribute name="IntegralT" value="0.000000" />
  <attribute name="IntegralI" value="0.000000" />
  <attribute name="IntegralH" value="0.000000" />
  <attribute name="DerivativeT" value="inf" />
  <attribute name="DerivativeI" value="inf" />
  <attribute name="DerivativeH" value="inf" />
  <attribute name="Loop Time for DT" value="0.000000" />
  <attribute name="Output H" value="8388608"/>
  <attribute name="Output I" value="200"/>
  <attribute name="Output T" value="1"/>
  <attribute name="Target GC Util Change" value ="20.000000" />
  <attribute name="Current GC Util Change" value="265.000000"/>
  <attribute name="GC Util currently" value="265" />
  <attribute name="CPU Util currently" value="13122555597488" />
<exclusive-end id="5915" timestamp="2019-07-07T05:34:54.489" durationms="3.959" />

<exclusive-start id="5916" timestamp="2019-07-07T05:34:54.519" intervalms="33.043">
  <response-info timems="0.198" idlems="0.198" threads="0" lastid="00000000020B9700" lastname="main" />
</exclusive-start>
<allocation-taxation id="5917" taxation-threshold="26214400" timestamp="2019-07-07T05:34:54.519" intervalms="33.041" />
<cycle-start id="5918" type="partial gc" contextid="0" timestamp="2019-07-07T05:34:54.519" intervalms="33.046" />
<gc-start id="5919" type="partial gc" contextid="5918" timestamp="2019-07-07T05:34:54.519">
  <mem-info id="5920" free="19922944" total="78643200" percent="25">
    <mem type="eden" free="0" total="26214400" percent="0" />
    <remembered-set count="43424" freebytes="2965504" totalbytes="3139200" percent="94" regionsoverflowed="0" regionsstable="14" regionsrebuilding="0"/>
  </mem-info>
</gc-start>
<allocation-stats totalBytes="26210776" >
  <allocated-bytes non-tlh="0" tlh="26210776" arrayletleaf="0"/>
  <largest-consumer threadName="main" threadId="00000000020B9700" bytes="26210776" />
</allocation-stats>
<gc-op id="5921" type="copy forward" timems="1.409" contextid="5918" timestamp="2019-07-07T05:34:54.522">
  <memory-copied type="eden" objects="2" bytes="48" bytesdiscarded="0" />
  <memory-copied type="other" objects="23" bytes="752" bytesdiscarded="0" />
  <memory-cardclean objects="55" bytes="1816" />
  <regions eden="25" other="1" />
  <remembered-set-cleared processed="41575" cleared="24" durationms="0.423" />
  <stringconstants candidates="13269" cleared="0"  />
</gc-op>
<gc-op id="5922" type="classunload" timems="0.004" contextid="5918" timestamp="2019-07-07T05:34:54.522">
  <classunload-info classloadercandidates="53" classloadersunloaded="0" classesunloaded="0" anonymousclassesunloaded="0" quiescems="0.000" setupms="0.004" scanms="0.000" postms="0.000" />
</gc-op>
<gc-end id="5923" type="partial gc" contextid="5918" durationms="2.690" usertimems="4.000" systemtimems="0.000" timestamp="2019-07-07T05:34:54.522" activeThreads="1">
  <mem-info id="5924" free="45088768" total="78643200" percent="57">
    <mem type="eden" free="1048528" total="1048576" percent="99" />
    <remembered-set count="43904" freebytes="2963584" totalbytes="3139200" percent="94" regionsoverflowed="0" regionsstable="14" regionsrebuilding="0"/>
  </mem-info>
</gc-end>
<cycle-end id="5925" type="partial gc" contextid="5918" timestamp="2019-07-07T05:34:54.522" />
  <attribute name="elasticGC enabled" value="1" />
  <attribute name= "numThreadsSpecified" value="1" />
  <attribute name="heapSize specified" value="0" />
  <attribute name="Current GC Util" value="268" />
  <attribute name= "Current Time Running" value="24047" />
  <attribute name ="GC Interval" value="0" />
  <attribute name="ProportionalT" value="124.000000" />
  <attribute name="ProportionalI" value="124.000000" />
  <attribute name="ProportionalH" value="124.000000" />
  <attribute name="Current Error" value="248.000000" />
  <attribute name="IntegralT" value="0.000000" />
  <attribute name="IntegralI" value="0.000000" />
  <attribute name="IntegralH" value="0.000000" />
  <attribute name="DerivativeT" value="inf" />
  <attribute name="DerivativeI" value="inf" />
  <attribute name="DerivativeH" value="inf" />
  <attribute name="Loop Time for DT" value="0.000000" />
  <attribute name="Output H" value="8388608"/>
  <attribute name="Output I" value="200"/>
  <attribute name="Output T" value="1"/>
  <attribute name="Target GC Util Change" value ="20.000000" />
  <attribute name="Current GC Util Change" value="268.000000"/>
  <attribute name="GC Util currently" value="268" />
  <attribute name="CPU Util currently" value="13277648897600" />
<exclusive-end id="5926" timestamp="2019-07-07T05:34:54.523" durationms="4.037" />

<exclusive-start id="5927" timestamp="2019-07-07T05:34:54.549" intervalms="30.543">
  <response-info timems="0.088" idlems="0.088" threads="0" lastid="00000000020B9700" lastname="main" />
</exclusive-start>
<allocation-taxation id="5928" taxation-threshold="26214400" timestamp="2019-07-07T05:34:54.549" intervalms="30.590" />
<cycle-start id="5929" type="partial gc" contextid="0" timestamp="2019-07-07T05:34:54.550" intervalms="30.623" />
<gc-start id="5930" type="partial gc" contextid="5929" timestamp="2019-07-07T05:34:54.550">
  <mem-info id="5931" free="18874368" total="78643200" percent="24">
    <mem type="eden" free="1048528" total="27262976" percent="3" />
    <remembered-set count="43456" freebytes="2965376" totalbytes="3139200" percent="94" regionsoverflowed="0" regionsstable="14" regionsrebuilding="0"/>
  </mem-info>
</gc-start>
<allocation-stats totalBytes="26211328" >
  <allocated-bytes non-tlh="0" tlh="26211328" arrayletleaf="0"/>
  <largest-consumer threadName="main" threadId="00000000020B9700" bytes="26211328" />
</allocation-stats>
<gc-op id="5932" type="copy forward" timems="1.348" contextid="5929" timestamp="2019-07-07T05:34:54.552">
  <memory-copied type="eden" objects="22" bytes="704" bytesdiscarded="0" />
  <memory-copied type="other" objects="0" bytes="0" bytesdiscarded="0" />
  <memory-cardclean objects="91" bytes="2792" />
  <regions eden="25" other="1" />
  <remembered-set-cleared processed="41579" cleared="28" durationms="0.430" />
  <stringconstants candidates="13269" cleared="0"  />
</gc-op>
<gc-op id="5933" type="classunload" timems="0.003" contextid="5929" timestamp="2019-07-07T05:34:54.552">
  <classunload-info classloadercandidates="53" classloadersunloaded="0" classesunloaded="0" anonymousclassesunloaded="0" quiescems="0.000" setupms="0.003" scanms="0.000" postms="0.000" />
</gc-op>
<gc-end id="5934" type="partial gc" contextid="5929" durationms="2.644" usertimems="4.000" systemtimems="0.000" timestamp="2019-07-07T05:34:54.553" activeThreads="1">
  <mem-info id="5935" free="45088768" total="78643200" percent="57">
    <mem type="eden" free="1047872" total="1048576" percent="99" />
    <remembered-set count="43936" freebytes="2963456" totalbytes="3139200" percent="94" regionsoverflowed="0" regionsstable="14" regionsrebuilding="0"/>
  </mem-info>
</gc-end>
<cycle-end id="5936" type="partial gc" contextid="5929" timestamp="2019-07-07T05:34:54.553" />
  <attribute name="elasticGC enabled" value="1" />
  <attribute name= "numThreadsSpecified" value="1" />
  <attribute name="heapSize specified" value="0" />
  <attribute name="Current GC Util" value="273" />
  <attribute name= "Current Time Running" value="24078" />
  <attribute name ="GC Interval" value="0" />
  <attribute name="ProportionalT" value="126.500000" />
  <attribute name="ProportionalI" value="126.500000" />
  <attribute name="ProportionalH" value="126.500000" />
  <attribute name="Current Error" value="253.000000" />
  <attribute name="IntegralT" value="0.000000" />
  <attribute name="IntegralI" value="0.000000" />
  <attribute name="IntegralH" value="0.000000" />
  <attribute name="DerivativeT" value="inf" />
  <attribute name="DerivativeI" value="inf" />
  <attribute name="DerivativeH" value="inf" />
  <attribute name="Loop Time for DT" value="0.000000" />
  <attribute name="Output H" value="8388608"/>
  <attribute name="Output I" value="200"/>
  <attribute name="Output T" value="1"/>
  <attribute name="Target GC Util Change" value ="20.000000" />
  <attribute name="Current GC Util Change" value="273.000000"/>
  <attribute name="GC Util currently" value="273" />
  <attribute name="CPU Util currently" value="13223358533333" />
<exclusive-end id="5937" timestamp="2019-07-07T05:34:54.553" durationms="4.161" />

<exclusive-start id="5938" timestamp="2019-07-07T05:34:54.565" intervalms="15.501">
  <response-info timems="0.088" idlems="0.088" threads="0" lastid="00000000020B9700" lastname="main" />
</exclusive-start>
<allocation-taxation id="5939" taxation-threshold="26214400" timestamp="2019-07-07T05:34:54.565" intervalms="15.447" />
<cycle-start id="5940" type="partial gc" contextid="0" timestamp="2019-07-07T05:34:54.565" intervalms="15.425" />
<gc-start id="5941" type="partial gc" contextid="5940" timestamp="2019-07-07T05:34:54.565">
  <mem-info id="5942" free="18874368" total="78643200" percent="24">
    <mem type="eden" free="0" total="26214400" percent="0" />
    <remembered-set count="43488" freebytes="2965248" totalbytes="3139200" percent="94" regionsoverflowed="0" regionsstable="14" regionsrebuilding="0"/>
  </mem-info>
</gc-start>
<allocation-stats totalBytes="26213328" >
  <allocated-bytes non-tlh="0" tlh="26213328" arrayletleaf="0"/>
  <largest-consumer threadName="main" threadId="00000000020B9700" bytes="26213328" />
</allocation-stats>
<gc-op id="5943" type="copy forward" timems="1.280" contextid="5940" timestamp="2019-07-07T05:34:54.568">
  <memory-copied type="eden" objects="4" bytes="120" bytesdiscarded="0" />
  <memory-copied type="other" objects="18" bytes="584" bytesdiscarded="0" />
  <memory-cardclean objects="70" bytes="2352" />
  <regions eden="25" other="1" />
  <remembered-set-cleared processed="41578" cleared="26" durationms="0.362" />
  <stringconstants candidates="13269" cleared="0"  />
</gc-op>
<gc-op id="5944" type="classunload" timems="0.003" contextid="5940" timestamp="2019-07-07T05:34:54.568">
  <classunload-info classloadercandidates="53" classloadersunloaded="0" classesunloaded="0" anonymousclassesunloaded="0" quiescems="0.000" setupms="0.003" scanms="0.000" postms="0.000" />
</gc-op>
<heap-resize id="5945" type="expand" space="default" amount="8388608" count="1" timems="0.073" reason="excessive time being spent in gc" timestamp="2019-07-07T05:34:54.568" />
<gc-end id="5946" type="partial gc" contextid="5940" durationms="2.655" usertimems="0.000" systemtimems="4.000" timestamp="2019-07-07T05:34:54.568" activeThreads="1">
  <mem-info id="5947" free="52428800" total="87031808" percent="60">
    <mem type="eden" free="1048456" total="1048576" percent="99" />
    <remembered-set count="43936" freebytes="3298304" totalbytes="3474048" percent="94" regionsoverflowed="0" regionsstable="14" regionsrebuilding="0"/>
  </mem-info>
</gc-end>
<cycle-end id="5948" type="partial gc" contextid="5940" timestamp="2019-07-07T05:34:54.568" />
  <attribute name="elasticGC enabled" value="1" />
  <attribute name= "numThreadsSpecified" value="1" />
  <attribute name="heapSize specified" value="0" />
  <attribute name="Current GC Util" value="273" />
  <attribute name= "Current Time Running" value="24093" />
  <attribute name ="GC Interval" value="0" />
  <attribute name="ProportionalT" value="126.500000" />
  <attribute name="ProportionalI" value="126.500000" />
  <attribute name="ProportionalH" value="126.500000" />
  <attribute name="Current Error" value="253.000000" />
  <attribute name="IntegralT" value="0.000000" />
  <attribute name="IntegralI" value="0.000000" />
  <attribute name="IntegralH" value="0.000000" />
  <attribute name="DerivativeT" value="inf" />
  <attribute name="DerivativeI" value="inf" />
  <attribute name="DerivativeH" value="inf" />
  <attribute name="Loop Time for DT" value="0.000000" />
  <attribute name="Output H" value="8388608"/>
  <attribute name="Output I" value="200"/>
  <attribute name="Output T" value="1"/>
  <attribute name="Target GC Util Change" value ="20.000000" />
  <attribute name="Current GC Util Change" value="273.000000"/>
  <attribute name="GC Util currently" value="273" />
  <attribute name="CPU Util currently" value="13394499395854" />
<exclusive-end id="5949" timestamp="2019-07-07T05:34:54.568" durationms="3.822" />

<exclusive-start id="5950" timestamp="2019-07-07T05:34:54.640" intervalms="75.405">
  <response-info timems="0.093" idlems="0.093" threads="0" lastid="00000000020B9700" lastname="main" />
</exclusive-start>
<allocation-taxation id="5951" taxation-threshold="28311552" timestamp="2019-07-07T05:34:54.640" intervalms="75.392" />
<cycle-start id="5952" type="partial gc" contextid="0" timestamp="2019-07-07T05:34:54.641" intervalms="75.432" />
<gc-start id="5953" type="partial gc" contextid="5952" timestamp="2019-07-07T05:34:54.641">
  <mem-info id="5954" free="24117248" total="87031808" percent="27">
    <mem type="eden" free="1048456" total="29360128" percent="3" />
    <remembered-set count="43520" freebytes="3299968" totalbytes="3474048" percent="94" regionsoverflowed="0" regionsstable="14" regionsrebuilding="0"/>
  </mem-info>
</gc-start>
<allocation-stats totalBytes="28309760" >
  <allocated-bytes non-tlh="0" tlh="28309760" arrayletleaf="0"/>
  <largest-consumer threadName="main" threadId="00000000020B9700" bytes="28309760" />
</allocation-stats>
<gc-op id="5955" type="copy forward" timems="4.415" contextid="5952" timestamp="2019-07-07T05:34:54.646">
  <memory-copied type="eden" objects="29" bytes="872" bytesdiscarded="504" />
  <memory-copied type="other" objects="0" bytes="0" bytesdiscarded="0" />
  <memory-cardclean objects="79" bytes="2480" />
  <regions eden="27" other="1" />
  <remembered-set-cleared processed="41586" cleared="26" durationms="0.470" />
  <stringconstants candidates="13269" cleared="0"  />
</gc-op>
<gc-op id="5956" type="classunload" timems="0.003" contextid="5952" timestamp="2019-07-07T05:34:54.646">
  <classunload-info classloadercandidates="53" classloadersunloaded="0" classesunloaded="0" anonymousclassesunloaded="0" quiescems="0.000" setupms="0.003" scanms="0.000" postms="0.000" />
</gc-op>
<gc-end id="5957" type="partial gc" contextid="5952" durationms="5.770" usertimems="8.000" systemtimems="0.000" timestamp="2019-07-07T05:34:54.647" activeThreads="4">
  <mem-info id="5958" free="52428800" total="87031808" percent="60">
    <mem type="eden" free="1047200" total="1048576" percent="99" />
    <remembered-set count="43808" freebytes="3298816" totalbytes="3474048" percent="94" regionsoverflowed="0" regionsstable="14" regionsrebuilding="0"/>
  </mem-info>
</gc-end>
<cycle-end id="5959" type="partial gc" contextid="5952" timestamp="2019-07-07T05:34:54.647" />
  <attribute name="elasticGC enabled" value="1" />
  <attribute name= "numThreadsSpecified" value="4" />
  <attribute name="heapSize specified" value="0" />
  <attribute name="Current GC Util" value="258" />
  <attribute name= "Current Time Running" value="24169" />
  <attribute name ="GC Interval" value="0" />
  <attribute name="ProportionalT" value="119.000000" />
  <attribute name="ProportionalI" value="119.000000" />
  <attribute name="ProportionalH" value="119.000000" />
  <attribute name="Current Error" value="238.000000" />
  <attribute name="IntegralT" value="119.000000" />
  <attribute name="IntegralI" value="119.000000" />
  <attribute name="IntegralH" value="119.000000" />
  <attribute name="DerivativeT" value="238.000000" />
  <attribute name="DerivativeI" value="238.000000" />
  <attribute name="DerivativeH" value="238.000000" />
  <attribute name="Loop Time for DT" value="1.000000" />
  <attribute name="Output H" value="8388608"/>
  <attribute name="Output I" value="480"/>
  <attribute name="Output T" value="4"/>
  <attribute name="Target GC Util Change" value ="20.000000" />
  <attribute name="Current GC Util Change" value="258.000000"/>
  <attribute name="GC Util currently" value="258" />
  <attribute name="CPU Util currently" value="9895599802618" />
<exclusive-end id="5960" timestamp="2019-07-07T05:34:54.647" durationms="7.011" />

<exclusive-start id="5961" timestamp="2019-07-07T05:34:54.729" intervalms="88.493">
  <response-info timems="0.078" idlems="0.078" threads="0" lastid="00000000020B9700" lastname="main" />
</exclusive-start>
<allocation-taxation id="5962" taxation-threshold="28311552" timestamp="2019-07-07T05:34:54.729" intervalms="88.510" />
<cycle-start id="5963" type="partial gc" contextid="0" timestamp="2019-07-07T05:34:54.729" intervalms="88.470" />
<gc-start id="5964" type="partial gc" contextid="5963" timestamp="2019-07-07T05:34:54.729">
  <mem-info id="5965" free="24117248" total="87031808" percent="27">
    <mem type="eden" free="0" total="28311552" percent="0" />
    <remembered-set count="4064" freebytes="3457792" totalbytes="3474048" percent="99" regionsoverflowed="0" regionsstable="16" regionsrebuilding="0"/>
  </mem-info>
</gc-start>
<allocation-stats totalBytes="28309616" >
  <allocated-bytes non-tlh="0" tlh="28309616" arrayletleaf="0"/>
  <largest-consumer threadName="main" threadId="00000000020B9700" bytes="28309616" />
</allocation-stats>
<gc-op id="5966" type="copy forward" timems="1.058" contextid="5963" timestamp="2019-07-07T05:34:54.731">
  <memory-copied type="eden" objects="39" bytes="1088" bytesdiscarded="0" />
  <memory-copied type="other" objects="16" bytes="408" bytesdiscarded="0" />
  <memory-cardclean objects="100" bytes="2984" />
  <regions eden="27" other="1" />
  <remembered-set-cleared processed="2393" cleared="18" durationms="0.123" />
  <stringconstants candidates="13269" cleared="0"  />
</gc-op>
<gc-op id="5967" type="classunload" timems="0.004" contextid="5963" timestamp="2019-07-07T05:34:54.731">
  <classunload-info classloadercandidates="53" classloadersunloaded="0" classesunloaded="0" anonymousclassesunloaded="0" quiescems="0.000" setupms="0.004" scanms="0.000" postms="0.000" />
</gc-op>
<gc-end id="5968" type="partial gc" contextid="5963" durationms="2.384" usertimems="4.000" systemtimems="0.000" timestamp="2019-07-07T05:34:54.732" activeThreads="1">
  <mem-info id="5969" free="51380224" total="87031808" percent="59">
    <mem type="eden" free="1047488" total="1048576" percent="99" />
    <remembered-set count="4448" freebytes="3456256" totalbytes="3474048" percent="99" regionsoverflowed="0" regionsstable="16" regionsrebuilding="0"/>
  </mem-info>
</gc-end>
<cycle-end id="5970" type="partial gc" contextid="5963" timestamp="2019-07-07T05:34:54.732" />
  <attribute name="elasticGC enabled" value="1" />
  <attribute name= "numThreadsSpecified" value="1" />
  <attribute name="heapSize specified" value="0" />
  <attribute name="Current GC Util" value="161" />
  <attribute name= "Current Time Running" value="24257" />
  <attribute name ="GC Interval" value="0" />
  <attribute name="ProportionalT" value="70.500000" />
  <attribute name="ProportionalI" value="70.500000" />
  <attribute name="ProportionalH" value="70.500000" />
  <attribute name="Current Error" value="141.000000" />
  <attribute name="IntegralT" value="0.000000" />
  <attribute name="IntegralI" value="0.000000" />
  <attribute name="IntegralH" value="0.000000" />
  <attribute name="DerivativeT" value="inf" />
  <attribute name="DerivativeI" value="inf" />
  <attribute name="DerivativeH" value="inf" />
  <attribute name="Loop Time for DT" value="0.000000" />
  <attribute name="Output H" value="8388608"/>
  <attribute name="Output I" value="200"/>
  <attribute name="Output T" value="1"/>
  <attribute name="Target GC Util Change" value ="20.000000" />
  <attribute name="Current GC Util Change" value="161.000000"/>
  <attribute name="GC Util currently" value="161" />
  <attribute name="CPU Util currently" value="9991974585334" />
<exclusive-end id="5971" timestamp="2019-07-07T05:34:54.732" durationms="3.532" />

<exclusive-start id="5972" timestamp="2019-07-07T05:34:54.744" intervalms="15.409">
  <response-info timems="0.080" idlems="0.080" threads="0" lastid="00000000020B9700" lastname="main" />
</exclusive-start>
<allocation-taxation id="5973" taxation-threshold="28311552" timestamp="2019-07-07T05:34:54.744" intervalms="15.389" />
<cycle-start id="5974" type="partial gc" contextid="0" timestamp="2019-07-07T05:34:54.744" intervalms="15.387" />
<gc-start id="5975" type="partial gc" contextid="5974" timestamp="2019-07-07T05:34:54.745">
  <mem-info id="5976" free="23068672" total="87031808" percent="26">
    <mem type="eden" free="0" total="28311552" percent="0" />
    <remembered-set count="4032" freebytes="3457920" totalbytes="3474048" percent="99" regionsoverflowed="0" regionsstable="16" regionsrebuilding="0"/>
  </mem-info>
</gc-start>
<allocation-stats totalBytes="28309328" >
  <allocated-bytes non-tlh="0" tlh="28309328" arrayletleaf="0"/>
  <largest-consumer threadName="main" threadId="00000000020B9700" bytes="28309328" />
</allocation-stats>
<gc-op id="5977" type="copy forward" timems="3.462" contextid="5974" timestamp="2019-07-07T05:34:54.749">
  <memory-copied type="eden" objects="5" bytes="112" bytesdiscarded="0" />
  <memory-copied type="other" objects="35" bytes="992" bytesdiscarded="408" />
  <memory-cardclean objects="46" bytes="1608" />
  <regions eden="27" other="1" />
  <remembered-set-cleared processed="2396" cleared="6" durationms="0.110" />
  <stringconstants candidates="13269" cleared="0"  />
</gc-op>
<gc-op id="5978" type="classunload" timems="0.004" contextid="5974" timestamp="2019-07-07T05:34:54.749">
  <classunload-info classloadercandidates="53" classloadersunloaded="0" classesunloaded="0" anonymousclassesunloaded="0" quiescems="0.000" setupms="0.004" scanms="0.000" postms="0.000" />
</gc-op>
<gc-end id="5979" type="partial gc" contextid="5974" durationms="4.772" usertimems="8.000" systemtimems="0.000" timestamp="2019-07-07T05:34:54.749" activeThreads="4">
  <mem-info id="5980" free="50331648" total="87031808" percent="57">
    <mem type="eden" free="1048464" total="1048576" percent="99" />
    <remembered-set count="5120" freebytes="3453568" totalbytes="3474048" percent="99" regionsoverflowed="0" regionsstable="16" regionsrebuilding="0"/>
  </mem-info>
</gc-end>
<cycle-end id="5981" type="partial gc" contextid="5974" timestamp="2019-07-07T05:34:54.750" />
  <attribute name="elasticGC enabled" value="1" />
  <attribute name= "numThreadsSpecified" value="4" />
  <attribute name="heapSize specified" value="0" />
  <attribute name="Current GC Util" value="304" />
  <attribute name= "Current Time Running" value="24273" />
  <attribute name ="GC Interval" value="0" />
  <attribute name="ProportionalT" value="142.000000" />
  <attribute name="ProportionalI" value="142.000000" />
  <attribute name="ProportionalH" value="142.000000" />
  <attribute name="Current Error" value="284.000000" />
  <attribute name="IntegralT" value="142.000000" />
  <attribute name="IntegralI" value="142.000000" />
  <attribute name="IntegralH" value="142.000000" />
  <attribute name="DerivativeT" value="284.000000" />
  <attribute name="DerivativeI" value="284.000000" />
  <attribute name="DerivativeH" value="284.000000" />
  <attribute name="Loop Time for DT" value="1.000000" />
  <attribute name="Output H" value="8388608"/>
  <attribute name="Output I" value="568"/>
  <attribute name="Output T" value="4"/>
  <attribute name="Target GC Util Change" value ="20.000000" />
  <attribute name="Current GC Util Change" value="304.000000"/>
  <attribute name="GC Util currently" value="304" />
  <attribute name="CPU Util currently" value="9996956395960" />
<exclusive-end id="5982" timestamp="2019-07-07T05:34:54.750" durationms="5.992" />

<exclusive-start id="5983" timestamp="2019-07-07T05:34:54.782" intervalms="37.951">
  <response-info timems="0.069" idlems="0.069" threads="0" lastid="00000000020B9700" lastname="main" />
</exclusive-start>
<allocation-taxation id="5984" taxation-threshold="28311552" timestamp="2019-07-07T05:34:54.782" intervalms="37.942" />
<cycle-start id="5985" type="partial gc" contextid="0" timestamp="2019-07-07T05:34:54.782" intervalms="37.956" />
<gc-start id="5986" type="partial gc" contextid="5985" timestamp="2019-07-07T05:34:54.783">
  <mem-info id="5987" free="22020096" total="87031808" percent="25">
    <mem type="eden" free="1048464" total="29360128" percent="3" />
    <remembered-set count="4640" freebytes="3455488" totalbytes="3474048" percent="99" regionsoverflowed="0" regionsstable="16" regionsrebuilding="0"/>
  </mem-info>
</gc-start>
<allocation-stats totalBytes="28309576" >
  <allocated-bytes non-tlh="0" tlh="28309576" arrayletleaf="0"/>
  <largest-consumer threadName="main" threadId="00000000020B9700" bytes="28309576" />
</allocation-stats>
<gc-op id="5988" type="copy forward" timems="4.043" contextid="5985" timestamp="2019-07-07T05:34:54.788">
  <memory-copied type="eden" objects="29" bytes="872" bytesdiscarded="696" />
  <memory-copied type="other" objects="0" bytes="0" bytesdiscarded="0" />
  <memory-cardclean objects="78" bytes="2472" />
  <regions eden="27" other="1" />
  <remembered-set-cleared processed="2400" cleared="6" durationms="0.199" />
  <stringconstants candidates="13269" cleared="0"  />
</gc-op>
<gc-op id="5989" type="classunload" timems="0.003" contextid="5985" timestamp="2019-07-07T05:34:54.788">
  <classunload-info classloadercandidates="53" classloadersunloaded="0" classesunloaded="0" anonymousclassesunloaded="0" quiescems="0.000" setupms="0.003" scanms="0.000" postms="0.000" />
</gc-op>
<gc-end id="5990" type="partial gc" contextid="5985" durationms="5.265" usertimems="12.000" systemtimems="0.000" timestamp="2019-07-07T05:34:54.788" activeThreads="4">
  <mem-info id="5991" free="50331648" total="87031808" percent="57">
    <mem type="eden" free="1047008" total="1048576" percent="99" />
    <remembered-set count="4736" freebytes="3455104" totalbytes="3474048" percent="99" regionsoverflowed="0" regionsstable="16" regionsrebuilding="0"/>
  </mem-info>
</gc-end>
<cycle-end id="5992" type="partial gc" contextid="5985" timestamp="2019-07-07T05:34:54.788" />
  <attribute name="elasticGC enabled" value="1" />
  <attribute name= "numThreadsSpecified" value="4" />
  <attribute name="heapSize specified" value="0" />
  <attribute name="Current GC Util" value="152" />
  <attribute name= "Current Time Running" value="24311" />
  <attribute name ="GC Interval" value="0" />
  <attribute name="ProportionalT" value="66.000000" />
  <attribute name="ProportionalI" value="66.000000" />
  <attribute name="ProportionalH" value="66.000000" />
  <attribute name="Current Error" value="132.000000" />
  <attribute name="IntegralT" value="66.000000" />
  <attribute name="IntegralI" value="66.000000" />
  <attribute name="IntegralH" value="66.000000" />
  <attribute name="DerivativeT" value="129.000000" />
  <attribute name="DerivativeI" value="129.000000" />
  <attribute name="DerivativeH" value="129.000000" />
  <attribute name="Loop Time for DT" value="1.000000" />
  <attribute name="Output H" value="8388608"/>
  <attribute name="Output I" value="264"/>
  <attribute name="Output T" value="4"/>
  <attribute name="Target GC Util Change" value ="20.000000" />
  <attribute name="Current GC Util Change" value="152.000000"/>
  <attribute name="GC Util currently" value="152" />
  <attribute name="CPU Util currently" value="11367259859728" />
<exclusive-end id="5993" timestamp="2019-07-07T05:34:54.788" durationms="6.410" />

<exclusive-start id="5994" timestamp="2019-07-07T05:34:54.824" intervalms="41.703">
  <response-info timems="0.076" idlems="0.076" threads="0" lastid="00000000020B9700" lastname="main" />
</exclusive-start>
<allocation-taxation id="5995" taxation-threshold="28311552" timestamp="2019-07-07T05:34:54.824" intervalms="41.660" />
<cycle-start id="5996" type="partial gc" contextid="0" timestamp="2019-07-07T05:34:54.824" intervalms="41.637" />
<gc-start id="5997" type="partial gc" contextid="5996" timestamp="2019-07-07T05:34:54.824">
  <mem-info id="5998" free="22020096" total="87031808" percent="25">
    <mem type="eden" free="0" total="28311552" percent="0" />
    <remembered-set count="1792" freebytes="3466880" totalbytes="3474048" percent="99" regionsoverflowed="0" regionsstable="18" regionsrebuilding="0"/>
  </mem-info>
</gc-start>
<allocation-stats totalBytes="28309760" >
  <allocated-bytes non-tlh="0" tlh="28309760" arrayletleaf="0"/>
  <largest-consumer threadName="main" threadId="00000000020B9700" bytes="28309760" />
</allocation-stats>
<gc-op id="5999" type="copy forward" timems="1.038" contextid="5996" timestamp="2019-07-07T05:34:54.826">
  <memory-copied type="eden" objects="27" bytes="856" bytesdiscarded="0" />
  <memory-copied type="other" objects="8" bytes="192" bytesdiscarded="0" />
  <memory-cardclean objects="77" bytes="2456" />
  <regions eden="27" other="1" />
  <remembered-set-cleared processed="47" cleared="2" durationms="0.117" />
  <stringconstants candidates="13269" cleared="0"  />
</gc-op>
<gc-op id="6000" type="classunload" timems="0.006" contextid="5996" timestamp="2019-07-07T05:34:54.826">
  <classunload-info classloadercandidates="53" classloadersunloaded="0" classesunloaded="0" anonymousclassesunloaded="0" quiescems="0.000" setupms="0.006" scanms="0.000" postms="0.000" />
</gc-op>
<heap-resize id="6001" type="expand" space="default" amount="7340032" count="1" timems="0.059" reason="excessive time being spent in gc" timestamp="2019-07-07T05:34:54.827" />
<gc-end id="6002" type="partial gc" contextid="5996" durationms="2.582" usertimems="0.000" systemtimems="0.000" timestamp="2019-07-07T05:34:54.827" activeThreads="1">
  <mem-info id="6003" free="56623104" total="94371840" percent="60">
    <mem type="eden" free="1047720" total="1048576" percent="99" />
    <remembered-set count="2176" freebytes="3758336" totalbytes="3767040" percent="99" regionsoverflowed="0" regionsstable="18" regionsrebuilding="0"/>
  </mem-info>
</gc-end>
<cycle-end id="6004" type="partial gc" contextid="5996" timestamp="2019-07-07T05:34:54.827" />
  <attribute name="elasticGC enabled" value="1" />
  <attribute name= "numThreadsSpecified" value="1" />
  <attribute name="heapSize specified" value="0" />
  <attribute name="Current GC Util" value="160" />
  <attribute name= "Current Time Running" value="24352" />
  <attribute name ="GC Interval" value="0" />
  <attribute name="ProportionalT" value="70.000000" />
  <attribute name="ProportionalI" value="70.000000" />
  <attribute name="ProportionalH" value="70.000000" />
  <attribute name="Current Error" value="140.000000" />
  <attribute name="IntegralT" value="0.000000" />
  <attribute name="IntegralI" value="0.000000" />
  <attribute name="IntegralH" value="0.000000" />
  <attribute name="DerivativeT" value="inf" />
  <attribute name="DerivativeI" value="inf" />
  <attribute name="DerivativeH" value="inf" />
  <attribute name="Loop Time for DT" value="0.000000" />
  <attribute name="Output H" value="8388608"/>
  <attribute name="Output I" value="200"/>
  <attribute name="Output T" value="1"/>
  <attribute name="Target GC Util Change" value ="20.000000" />
  <attribute name="Current GC Util Change" value="160.000000"/>
  <attribute name="GC Util currently" value="160" />
  <attribute name="CPU Util currently" value="9718797327702" />
<exclusive-end id="6005" timestamp="2019-07-07T05:34:54.827" durationms="3.679" />

<exclusive-start id="6006" timestamp="2019-07-07T05:34:54.858" intervalms="34.069">
  <response-info timems="0.070" idlems="0.070" threads="0" lastid="00000000020B9700" lastname="main" />
</exclusive-start>
<allocation-taxation id="6007" taxation-threshold="30408704" timestamp="2019-07-07T05:34:54.858" intervalms="34.066" />
<cycle-start id="6008" type="partial gc" contextid="0" timestamp="2019-07-07T05:34:54.858" intervalms="34.100" />
<gc-start id="6009" type="partial gc" contextid="6008" timestamp="2019-07-07T05:34:54.858">
  <mem-info id="6010" free="26214400" total="94371840" percent="27">
    <mem type="eden" free="0" total="30408704" percent="0" />
    <remembered-set count="1760" freebytes="3760000" totalbytes="3767040" percent="99" regionsoverflowed="0" regionsstable="18" regionsrebuilding="0"/>
  </mem-info>
</gc-start>
<allocation-stats totalBytes="30406400" >
  <allocated-bytes non-tlh="0" tlh="30406400" arrayletleaf="0"/>
  <largest-consumer threadName="main" threadId="00000000020B9700" bytes="30406400" />
</allocation-stats>
<gc-op id="6011" type="copy forward" timems="1.100" contextid="6008" timestamp="2019-07-07T05:34:54.860">
  <memory-copied type="eden" objects="8" bytes="224" bytesdiscarded="0" />
  <memory-copied type="other" objects="17" bytes="576" bytesdiscarded="0" />
  <memory-cardclean objects="45" bytes="1584" />
  <regions eden="29" other="1" />
  <remembered-set-cleared processed="50" cleared="4" durationms="0.117" />
  <stringconstants candidates="13269" cleared="0"  />
</gc-op>
<gc-op id="6012" type="classunload" timems="0.004" contextid="6008" timestamp="2019-07-07T05:34:54.861">
  <classunload-info classloadercandidates="53" classloadersunloaded="0" classesunloaded="0" anonymousclassesunloaded="0" quiescems="0.000" setupms="0.004" scanms="0.000" postms="0.000" />
</gc-op>
<heap-resize id="6013" type="expand" space="default" amount="3145728" count="1" timems="0.048" reason="excessive time being spent in gc" timestamp="2019-07-07T05:34:54.861" />
<gc-end id="6014" type="partial gc" contextid="6008" durationms="2.598" usertimems="4.000" systemtimems="0.000" timestamp="2019-07-07T05:34:54.861" activeThreads="1">
  <mem-info id="6015" free="58720256" total="97517568" percent="60">
    <mem type="eden" free="1048352" total="1048576" percent="99" />
    <remembered-set count="2208" freebytes="3883776" totalbytes="3892608" percent="99" regionsoverflowed="0" regionsstable="18" regionsrebuilding="0"/>
  </mem-info>
</gc-end>
<cycle-end id="6016" type="partial gc" contextid="6008" timestamp="2019-07-07T05:34:54.861" />
  <attribute name="elasticGC enabled" value="1" />
  <attribute name= "numThreadsSpecified" value="1" />
  <attribute name="heapSize specified" value="0" />
  <attribute name="Current GC Util" value="297" />
  <attribute name= "Current Time Running" value="24386" />
  <attribute name ="GC Interval" value="0" />
  <attribute name="ProportionalT" value="138.500000" />
  <attribute name="ProportionalI" value="138.500000" />
  <attribute name="ProportionalH" value="138.500000" />
  <attribute name="Current Error" value="277.000000" />
  <attribute name="IntegralT" value="0.000000" />
  <attribute name="IntegralI" value="0.000000" />
  <attribute name="IntegralH" value="0.000000" />
  <attribute name="DerivativeT" value="inf" />
  <attribute name="DerivativeI" value="inf" />
  <attribute name="DerivativeH" value="inf" />
  <attribute name="Loop Time for DT" value="0.000000" />
  <attribute name="Output H" value="8388608"/>
  <attribute name="Output I" value="200"/>
  <attribute name="Output T" value="1"/>
  <attribute name="Target GC Util Change" value ="20.000000" />
  <attribute name="Current GC Util Change" value="297.000000"/>
  <attribute name="GC Util currently" value="297" />
  <attribute name="CPU Util currently" value="9717834784474" />
<exclusive-end id="6017" timestamp="2019-07-07T05:34:54.861" durationms="3.724" />

<exclusive-start id="6018" timestamp="2019-07-07T05:34:54.941" intervalms="83.132">
  <response-info timems="0.089" idlems="0.089" threads="0" lastid="00000000020B9700" lastname="main" />
</exclusive-start>
<allocation-taxation id="6019" taxation-threshold="30408704" timestamp="2019-07-07T05:34:54.941" intervalms="83.121" />
<cycle-start id="6020" type="partial gc" contextid="0" timestamp="2019-07-07T05:34:54.941" intervalms="83.077" />
<gc-start id="6021" type="partial gc" contextid="6020" timestamp="2019-07-07T05:34:54.941">
  <mem-info id="6022" free="28311552" total="97517568" percent="29">
    <mem type="eden" free="1048352" total="31457280" percent="3" />
    <remembered-set count="1792" freebytes="3885440" totalbytes="3892608" percent="99" regionsoverflowed="0" regionsstable="18" regionsrebuilding="0"/>
  </mem-info>
</gc-start>
<allocation-stats totalBytes="30402176" >
  <allocated-bytes non-tlh="0" tlh="30402176" arrayletleaf="0"/>
  <largest-consumer threadName="main" threadId="00000000020B9700" bytes="30402176" />
</allocation-stats>
<gc-op id="6023" type="copy forward" timems="4.360" contextid="6020" timestamp="2019-07-07T05:34:54.947">
  <memory-copied type="eden" objects="54" bytes="2248" bytesdiscarded="360" />
  <memory-copied type="other" objects="0" bytes="0" bytesdiscarded="0" />
  <memory-cardclean objects="78" bytes="2464" />
  <regions eden="29" other="1" />
  <remembered-set-cleared processed="54" cleared="8" durationms="0.112" />
  <stringconstants candidates="13269" cleared="0"  />
</gc-op>
<gc-op id="6024" type="classunload" timems="0.004" contextid="6020" timestamp="2019-07-07T05:34:54.947">
  <classunload-info classloadercandidates="53" classloadersunloaded="0" classesunloaded="0" anonymousclassesunloaded="0" quiescems="0.000" setupms="0.004" scanms="0.000" postms="0.000" />
</gc-op>
<gc-end id="6025" type="partial gc" contextid="6020" durationms="5.671" usertimems="12.000" systemtimems="0.000" timestamp="2019-07-07T05:34:54.947" activeThreads="4">
  <mem-info id="6026" free="58720256" total="97517568" percent="60">
    <mem type="eden" free="1045968" total="1048576" percent="99" />
    <remembered-set count="2272" freebytes="3883520" totalbytes="3892608" percent="99" regionsoverflowed="0" regionsstable="18" regionsrebuilding="0"/>
  </mem-info>
</gc-end>
<cycle-end id="6027" type="partial gc" contextid="6020" timestamp="2019-07-07T05:34:54.947" />
  <attribute name="elasticGC enabled" value="1" />
  <attribute name= "numThreadsSpecified" value="4" />
  <attribute name="heapSize specified" value="0" />
  <attribute name="Current GC Util" value="268" />
  <attribute name= "Current Time Running" value="24470" />
  <attribute name ="GC Interval" value="0" />
  <attribute name="ProportionalT" value="124.000000" />
  <attribute name="ProportionalI" value="124.000000" />
  <attribute name="ProportionalH" value="124.000000" />
  <attribute name="Current Error" value="248.000000" />
  <attribute name="IntegralT" value="124.000000" />
  <attribute name="IntegralI" value="124.000000" />
  <attribute name="IntegralH" value="124.000000" />
  <attribute name="DerivativeT" value="248.000000" />
  <attribute name="DerivativeI" value="248.000000" />
  <attribute name="DerivativeH" value="248.000000" />
  <attribute name="Loop Time for DT" value="1.000000" />
  <attribute name="Output H" value="8388608"/>
  <attribute name="Output I" value="496"/>
  <attribute name="Output T" value="4"/>
  <attribute name="Target GC Util Change" value ="20.000000" />
  <attribute name="Current GC Util Change" value="268.000000"/>
  <attribute name="GC Util currently" value="268" />
  <attribute name="CPU Util currently" value="8389703825570" />
<exclusive-end id="6028" timestamp="2019-07-07T05:34:54.947" durationms="6.675" />

<exclusive-start id="6029" timestamp="2019-07-07T05:34:55.014" intervalms="73.355">
  <response-info timems="0.085" idlems="0.085" threads="0" lastid="00000000020B9700" lastname="main" />
</exclusive-start>
<allocation-taxation id="6030" taxation-threshold="30408704" timestamp="2019-07-07T05:34:55.014" intervalms="73.431" />
<cycle-start id="6031" type="partial gc" contextid="0" timestamp="2019-07-07T05:34:55.015" intervalms="73.407" />
<gc-start id="6032" type="partial gc" contextid="6031" timestamp="2019-07-07T05:34:55.015">
  <mem-info id="6033" free="28311552" total="97517568" percent="29">
    <mem type="eden" free="0" total="30408704" percent="0" />
    <remembered-set count="2272" freebytes="3883520" totalbytes="3892608" percent="99" regionsoverflowed="0" regionsstable="18" regionsrebuilding="0"/>
  </mem-info>
</gc-start>
<allocation-stats totalBytes="30384640" >
  <allocated-bytes non-tlh="0" tlh="30384640" arrayletleaf="0"/>
  <largest-consumer threadName="main" threadId="00000000020B9700" bytes="30384640" />
</allocation-stats>
<gc-op id="6034" type="copy forward" timems="3.802" contextid="6031" timestamp="2019-07-07T05:34:55.020">
  <memory-copied type="eden" objects="3" bytes="264" bytesdiscarded="0" />
  <memory-copied type="other" objects="53" bytes="2216" bytesdiscarded="360" />
  <memory-cardclean objects="58" bytes="2080" />
  <regions eden="29" other="1" />
  <remembered-set-cleared processed="52" cleared="6" durationms="0.157" />
  <stringconstants candidates="13269" cleared="0"  />
</gc-op>
<gc-op id="6035" type="classunload" timems="0.004" contextid="6031" timestamp="2019-07-07T05:34:55.020">
  <classunload-info classloadercandidates="53" classloadersunloaded="0" classesunloaded="0" anonymousclassesunloaded="0" quiescems="0.000" setupms="0.004" scanms="0.000" postms="0.000" />
</gc-op>
<gc-end id="6036" type="partial gc" contextid="6031" durationms="5.042" usertimems="8.000" systemtimems="0.000" timestamp="2019-07-07T05:34:55.020" activeThreads="4">
  <mem-info id="6037" free="57671680" total="97517568" percent="59">
    <mem type="eden" free="1048312" total="1048576" percent="99" />
    <remembered-set count="1760" freebytes="3885568" totalbytes="3892608" percent="99" regionsoverflowed="0" regionsstable="18" regionsrebuilding="0"/>
  </mem-info>
</gc-end>
<cycle-end id="6038" type="partial gc" contextid="6031" timestamp="2019-07-07T05:34:55.020" />
  <attribute name="elasticGC enabled" value="1" />
  <attribute name= "numThreadsSpecified" value="4" />
  <attribute name="heapSize specified" value="0" />
  <attribute name="Current GC Util" value="172" />
  <attribute name= "Current Time Running" value="24543" />
  <attribute name ="GC Interval" value="0" />
  <attribute name="ProportionalT" value="76.000000" />
  <attribute name="ProportionalI" value="76.000000" />
  <attribute name="ProportionalH" value="76.000000" />
  <attribute name="Current Error" value="152.000000" />
  <attribute name="IntegralT" value="76.000000" />
  <attribute name="IntegralI" value="76.000000" />
  <attribute name="IntegralH" value="76.000000" />
  <attribute name="DerivativeT" value="152.000000" />
  <attribute name="DerivativeI" value="152.000000" />
  <attribute name="DerivativeH" value="152.000000" />
  <attribute name="Loop Time for DT" value="1.000000" />
  <attribute name="Output H" value="8388608"/>
  <attribute name="Output I" value="304"/>
  <attribute name="Output T" value="4"/>
  <attribute name="Target GC Util Change" value ="20.000000" />
  <attribute name="Current GC Util Change" value="172.000000"/>
  <attribute name="GC Util currently" value="172" />
  <attribute name="CPU Util currently" value="10726322814338" />
<exclusive-end id="6039" timestamp="2019-07-07T05:34:55.020" durationms="6.211" />

<exclusive-start id="6040" timestamp="2019-07-07T05:34:55.087" intervalms="72.583">
  <response-info timems="0.073" idlems="0.073" threads="0" lastid="00000000020B9700" lastname="main" />
</exclusive-start>
<allocation-taxation id="6041" taxation-threshold="30408704" timestamp="2019-07-07T05:34:55.087" intervalms="72.508" />
<cycle-start id="6042" type="partial gc" contextid="0" timestamp="2019-07-07T05:34:55.087" intervalms="72.530" />
<gc-start id="6043" type="partial gc" contextid="6042" timestamp="2019-07-07T05:34:55.087">
  <mem-info id="6044" free="27262976" total="97517568" percent="27">
    <mem type="eden" free="1048312" total="31457280" percent="3" />
    <remembered-set count="1760" freebytes="3885568" totalbytes="3892608" percent="99" regionsoverflowed="0" regionsstable="18" regionsrebuilding="0"/>
  </mem-info>
</gc-start>
<allocation-stats totalBytes="30386368" >
  <allocated-bytes non-tlh="0" tlh="30386368" arrayletleaf="0"/>
  <largest-consumer threadName="main" threadId="00000000020B9700" bytes="30386368" />
</allocation-stats>
<gc-op id="6045" type="copy forward" timems="1.054" contextid="6042" timestamp="2019-07-07T05:34:55.089">
  <memory-copied type="eden" objects="2" bytes="56" bytesdiscarded="0" />
  <memory-copied type="other" objects="0" bytes="0" bytesdiscarded="0" />
  <memory-cardclean objects="15" bytes="344" />
  <regions eden="29" other="1" />
  <remembered-set-cleared processed="58" cleared="1" durationms="0.116" />
  <stringconstants candidates="13269" cleared="0"  />
</gc-op>
<gc-op id="6046" type="classunload" timems="0.004" contextid="6042" timestamp="2019-07-07T05:34:55.089">
  <classunload-info classloadercandidates="53" classloadersunloaded="0" classesunloaded="0" anonymousclassesunloaded="0" quiescems="0.000" setupms="0.004" scanms="0.000" postms="0.000" />
</gc-op>
<gc-end id="6047" type="partial gc" contextid="6042" durationms="2.372" usertimems="4.000" systemtimems="0.000" timestamp="2019-07-07T05:34:55.090" activeThreads="1">
  <mem-info id="6048" free="57671680" total="97517568" percent="59">
    <mem type="eden" free="1048520" total="1048576" percent="99" />
    <remembered-set count="2240" freebytes="3883648" totalbytes="3892608" percent="99" regionsoverflowed="0" regionsstable="18" regionsrebuilding="0"/>
  </mem-info>
</gc-end>
<cycle-end id="6049" type="partial gc" contextid="6042" timestamp="2019-07-07T05:34:55.090" />
  <attribute name="elasticGC enabled" value="1" />
  <attribute name= "numThreadsSpecified" value="1" />
  <attribute name="heapSize specified" value="0" />
  <attribute name="Current GC Util" value="159" />
  <attribute name= "Current Time Running" value="24615" />
  <attribute name ="GC Interval" value="0" />
  <attribute name="ProportionalT" value="69.500000" />
  <attribute name="ProportionalI" value="69.500000" />
  <attribute name="ProportionalH" value="69.500000" />
  <attribute name="Current Error" value="139.000000" />
  <attribute name="IntegralT" value="0.000000" />
  <attribute name="IntegralI" value="0.000000" />
  <attribute name="IntegralH" value="0.000000" />
  <attribute name="DerivativeT" value="inf" />
  <attribute name="DerivativeI" value="inf" />
  <attribute name="DerivativeH" value="inf" />
  <attribute name="Loop Time for DT" value="0.000000" />
  <attribute name="Output H" value="8388608"/>
  <attribute name="Output I" value="200"/>
  <attribute name="Output T" value="1"/>
  <attribute name="Target GC Util Change" value ="20.000000" />
  <attribute name="Current GC Util Change" value="159.000000"/>
  <attribute name="GC Util currently" value="159" />
  <attribute name="CPU Util currently" value="9674960363659" />
<exclusive-end id="6050" timestamp="2019-07-07T05:34:55.090" durationms="3.421" />

<exclusive-start id="6051" timestamp="2019-07-07T05:34:55.151" intervalms="64.370">
  <response-info timems="0.069" idlems="0.069" threads="0" lastid="00000000020B9700" lastname="main" />
</exclusive-start>
<allocation-taxation id="6052" taxation-threshold="30408704" timestamp="2019-07-07T05:34:55.151" intervalms="64.445" />
<cycle-start id="6053" type="partial gc" contextid="0" timestamp="2019-07-07T05:34:55.152" intervalms="64.476" />
<gc-start id="6054" type="partial gc" contextid="6053" timestamp="2019-07-07T05:34:55.152">
  <mem-info id="6055" free="27262976" total="97517568" percent="27">
    <mem type="eden" free="1048520" total="31457280" percent="3" />
    <remembered-set count="1792" freebytes="3885440" totalbytes="3892608" percent="99" regionsoverflowed="0" regionsstable="18" regionsrebuilding="0"/>
  </mem-info>
</gc-start>
<allocation-stats totalBytes="30398976" >
  <allocated-bytes non-tlh="0" tlh="30398976" arrayletleaf="0"/>
  <largest-consumer threadName="main" threadId="00000000020B9700" bytes="30398976" />
</allocation-stats>
<gc-op id="6056" type="copy forward" timems="2.969" contextid="6053" timestamp="2019-07-07T05:34:55.156">
  <memory-copied type="eden" objects="26" bytes="784" bytesdiscarded="1368" />
  <memory-copied type="other" objects="0" bytes="0" bytesdiscarded="0" />
  <memory-cardclean objects="79" bytes="2296" />
  <regions eden="29" other="1" />
  <remembered-set-cleared processed="58" cleared="11" durationms="0.107" />
  <stringconstants candidates="13269" cleared="0"  />
</gc-op>
<gc-op id="6057" type="classunload" timems="0.003" contextid="6053" timestamp="2019-07-07T05:34:55.156">
  <classunload-info classloadercandidates="53" classloadersunloaded="0" classesunloaded="0" anonymousclassesunloaded="0" quiescems="0.000" setupms="0.003" scanms="0.000" postms="0.000" />
</gc-op>
<gc-end id="6058" type="partial gc" contextid="6053" durationms="4.357" usertimems="8.000" systemtimems="0.000" timestamp="2019-07-07T05:34:55.156" activeThreads="4">
  <mem-info id="6059" free="57671680" total="97517568" percent="59">
    <mem type="eden" free="1046424" total="1048576" percent="99" />
    <remembered-set count="2304" freebytes="3883392" totalbytes="3892608" percent="99" regionsoverflowed="0" regionsstable="18" regionsrebuilding="0"/>
  </mem-info>
</gc-end>
<cycle-end id="6060" type="partial gc" contextid="6053" timestamp="2019-07-07T05:34:55.156" />
  <attribute name="elasticGC enabled" value="1" />
  <attribute name= "numThreadsSpecified" value="4" />
  <attribute name="heapSize specified" value="0" />
  <attribute name="Current GC Util" value="296" />
  <attribute name= "Current Time Running" value="24680" />
  <attribute name ="GC Interval" value="0" />
  <attribute name="ProportionalT" value="138.000000" />
  <attribute name="ProportionalI" value="138.000000" />
  <attribute name="ProportionalH" value="138.000000" />
  <attribute name="Current Error" value="276.000000" />
  <attribute name="IntegralT" value="138.000000" />
  <attribute name="IntegralI" value="138.000000" />
  <attribute name="IntegralH" value="138.000000" />
  <attribute name="DerivativeT" value="276.000000" />
  <attribute name="DerivativeI" value="276.000000" />
  <attribute name="DerivativeH" value="276.000000" />
  <attribute name="Loop Time for DT" value="1.000000" />
  <attribute name="Output H" value="8388608"/>
  <attribute name="Output I" value="552"/>
  <attribute name="Output T" value="4"/>
  <attribute name="Target GC Util Change" value ="20.000000" />
  <attribute name="Current GC Util Change" value="296.000000"/>
  <attribute name="GC Util currently" value="296" />
  <attribute name="CPU Util currently" value="9698113989593" />
<exclusive-end id="6061" timestamp="2019-07-07T05:34:55.157" durationms="5.499" />

<exclusive-start id="6062" timestamp="2019-07-07T05:34:55.170" intervalms="18.555">
  <response-info timems="0.070" idlems="0.070" threads="0" lastid="00000000020B9700" lastname="main" />
</exclusive-start>
<allocation-taxation id="6063" taxation-threshold="30408704" timestamp="2019-07-07T05:34:55.170" intervalms="18.527" />
<cycle-start id="6064" type="partial gc" contextid="0" timestamp="2019-07-07T05:34:55.170" intervalms="18.501" />
<gc-start id="6065" type="partial gc" contextid="6064" timestamp="2019-07-07T05:34:55.170">
  <mem-info id="6066" free="27262976" total="97517568" percent="27">
    <mem type="eden" free="0" total="30408704" percent="0" />
    <remembered-set count="1920" freebytes="3884928" totalbytes="3892608" percent="99" regionsoverflowed="0" regionsstable="18" regionsrebuilding="0"/>
  </mem-info>
</gc-start>
<allocation-stats totalBytes="30374000" >
  <allocated-bytes non-tlh="0" tlh="30374000" arrayletleaf="0"/>
  <largest-consumer threadName="main" threadId="00000000020B9700" bytes="30374000" />
</allocation-stats>
<gc-op id="6067" type="copy forward" timems="1.091" contextid="6064" timestamp="2019-07-07T05:34:55.172">
  <memory-copied type="eden" objects="23" bytes="1248" bytesdiscarded="0" />
  <memory-copied type="other" objects="7" bytes="168" bytesdiscarded="0" />
  <memory-cardclean objects="71" bytes="2168" />
  <regions eden="29" other="1" />
  <remembered-set-cleared processed="55" cleared="8" durationms="0.118" />
  <stringconstants candidates="13269" cleared="0"  />
</gc-op>
<gc-op id="6068" type="classunload" timems="0.003" contextid="6064" timestamp="2019-07-07T05:34:55.172">
  <classunload-info classloadercandidates="53" classloadersunloaded="0" classesunloaded="0" anonymousclassesunloaded="0" quiescems="0.000" setupms="0.003" scanms="0.000" postms="0.000" />
</gc-op>
<gc-end id="6069" type="partial gc" contextid="6064" durationms="2.357" usertimems="0.000" systemtimems="4.000" timestamp="2019-07-07T05:34:55.173" activeThreads="1">
  <mem-info id="6070" free="56623104" total="97517568" percent="58">
    <mem type="eden" free="1047328" total="1048576" percent="99" />
    <remembered-set count="2144" freebytes="3884032" totalbytes="3892608" percent="99" regionsoverflowed="0" regionsstable="18" regionsrebuilding="0"/>
  </mem-info>
</gc-end>
<cycle-end id="6071" type="partial gc" contextid="6064" timestamp="2019-07-07T05:34:55.173" />
  <attribute name="elasticGC enabled" value="1" />
  <attribute name= "numThreadsSpecified" value="1" />
  <attribute name="heapSize specified" value="0" />
  <attribute name="Current GC Util" value="164" />
  <attribute name= "Current Time Running" value="24698" />
  <attribute name ="GC Interval" value="0" />
  <attribute name="ProportionalT" value="72.000000" />
  <attribute name="ProportionalI" value="72.000000" />
  <attribute name="ProportionalH" value="72.000000" />
  <attribute name="Current Error" value="144.000000" />
  <attribute name="IntegralT" value="0.000000" />
  <attribute name="IntegralI" value="0.000000" />
  <attribute name="IntegralH" value="0.000000" />
  <attribute name="DerivativeT" value="inf" />
  <attribute name="DerivativeI" value="inf" />
  <attribute name="DerivativeH" value="inf" />
  <attribute name="Loop Time for DT" value="0.000000" />
  <attribute name="Output H" value="8388608"/>
  <attribute name="Output I" value="200"/>
  <attribute name="Output T" value="1"/>
  <attribute name="Target GC Util Change" value ="20.000000" />
  <attribute name="Current GC Util Change" value="164.000000"/>
  <attribute name="GC Util currently" value="164" />
  <attribute name="CPU Util currently" value="9647737285406" />
<exclusive-end id="6072" timestamp="2019-07-07T05:34:55.173" durationms="3.392" />

<exclusive-start id="6073" timestamp="2019-07-07T05:34:55.182" intervalms="12.520">
  <response-info timems="0.070" idlems="0.070" threads="0" lastid="00000000020B9700" lastname="main" />
</exclusive-start>
<allocation-taxation id="6074" taxation-threshold="30408704" timestamp="2019-07-07T05:34:55.182" intervalms="12.482" />
<cycle-start id="6075" type="partial gc" contextid="0" timestamp="2019-07-07T05:34:55.183" intervalms="12.478" />
<gc-start id="6076" type="partial gc" contextid="6075" timestamp="2019-07-07T05:34:55.183">
  <mem-info id="6077" free="26214400" total="97517568" percent="26">
    <mem type="eden" free="0" total="30408704" percent="0" />
    <remembered-set count="1792" freebytes="3885440" totalbytes="3892608" percent="99" regionsoverflowed="0" regionsstable="18" regionsrebuilding="0"/>
  </mem-info>
</gc-start>
<allocation-stats totalBytes="30356208" >
  <allocated-bytes non-tlh="0" tlh="30356208" arrayletleaf="0"/>
  <largest-consumer threadName="main" threadId="00000000020B9700" bytes="30356208" />
</allocation-stats>
<gc-op id="6078" type="copy forward" timems="3.093" contextid="6075" timestamp="2019-07-07T05:34:55.187">
  <memory-copied type="eden" objects="2" bytes="40" bytesdiscarded="0" />
  <memory-copied type="other" objects="21" bytes="1208" bytesdiscarded="0" />
  <memory-cardclean objects="45" bytes="1584" />
  <regions eden="29" other="1" />
  <remembered-set-cleared processed="58" cleared="10" durationms="0.157" />
  <stringconstants candidates="13269" cleared="0"  />
</gc-op>
<gc-op id="6079" type="classunload" timems="0.003" contextid="6075" timestamp="2019-07-07T05:34:55.187">
  <classunload-info classloadercandidates="53" classloadersunloaded="0" classesunloaded="0" anonymousclassesunloaded="0" quiescems="0.000" setupms="0.003" scanms="0.000" postms="0.000" />
</gc-op>
<gc-end id="6080" type="partial gc" contextid="6075" durationms="4.320" usertimems="8.000" systemtimems="0.000" timestamp="2019-07-07T05:34:55.187" activeThreads="4">
  <mem-info id="6081" free="55574528" total="97517568" percent="56">
    <mem type="eden" free="1048536" total="1048576" percent="99" />
    <remembered-set count="1824" freebytes="3885312" totalbytes="3892608" percent="99" regionsoverflowed="0" regionsstable="18" regionsrebuilding="0"/>
  </mem-info>
</gc-end>
<cycle-end id="6082" type="partial gc" contextid="6075" timestamp="2019-07-07T05:34:55.187" />
  <attribute name="elasticGC enabled" value="1" />
  <attribute name= "numThreadsSpecified" value="4" />
  <attribute name="heapSize specified" value="0" />
  <attribute name="Current GC Util" value="321" />
  <attribute name= "Current Time Running" value="24711" />
  <attribute name ="GC Interval" value="0" />
  <attribute name="ProportionalT" value="150.500000" />
  <attribute name="ProportionalI" value="150.500000" />
  <attribute name="ProportionalH" value="150.500000" />
  <attribute name="Current Error" value="301.000000" />
  <attribute name="IntegralT" value="150.500000" />
  <attribute name="IntegralI" value="150.500000" />
  <attribute name="IntegralH" value="150.500000" />
  <attribute name="DerivativeT" value="301.000000" />
  <attribute name="DerivativeI" value="301.000000" />
  <attribute name="DerivativeH" value="301.000000" />
  <attribute name="Loop Time for DT" value="1.000000" />
  <attribute name="Output H" value="8388608"/>
  <attribute name="Output I" value="608"/>
  <attribute name="Output T" value="4"/>
  <attribute name="Target GC Util Change" value ="20.000000" />
  <attribute name="Current GC Util Change" value="321.000000"/>
  <attribute name="GC Util currently" value="321" />
  <attribute name="CPU Util currently" value="10618493269759" />
<exclusive-end id="6083" timestamp="2019-07-07T05:34:55.187" durationms="5.317" />

<exclusive-start id="6084" timestamp="2019-07-07T05:34:55.197" intervalms="14.469">
  <response-info timems="0.069" idlems="0.069" threads="0" lastid="00000000020B9700" lastname="main" />
</exclusive-start>
<allocation-taxation id="6085" taxation-threshold="30408704" timestamp="2019-07-07T05:34:55.197" intervalms="14.511" />
<cycle-start id="6086" type="partial gc" contextid="0" timestamp="2019-07-07T05:34:55.197" intervalms="14.518" />
<gc-start id="6087" type="partial gc" contextid="6086" timestamp="2019-07-07T05:34:55.197">
  <mem-info id="6088" free="25165824" total="97517568" percent="25">
    <mem type="eden" free="1048536" total="31457280" percent="3" />
    <remembered-set count="1824" freebytes="3885312" totalbytes="3892608" percent="99" regionsoverflowed="0" regionsstable="18" regionsrebuilding="0"/>
  </mem-info>
</gc-start>
<allocation-stats totalBytes="30356208" >
  <allocated-bytes non-tlh="0" tlh="30356208" arrayletleaf="0"/>
  <largest-consumer threadName="main" threadId="00000000020B9700" bytes="30356208" />
</allocation-stats>
<gc-op id="6089" type="copy forward" timems="1.032" contextid="6086" timestamp="2019-07-07T05:34:55.199">
  <memory-copied type="eden" objects="2" bytes="40" bytesdiscarded="0" />
  <memory-copied type="other" objects="0" bytes="0" bytesdiscarded="0" />
  <memory-cardclean objects="13" bytes="448" />
  <regions eden="29" other="1" />
  <remembered-set-cleared processed="62" cleared="0" durationms="0.119" />
  <stringconstants candidates="13269" cleared="0"  />
</gc-op>
<gc-op id="6090" type="classunload" timems="0.004" contextid="6086" timestamp="2019-07-07T05:34:55.199">
  <classunload-info classloadercandidates="53" classloadersunloaded="0" classesunloaded="0" anonymousclassesunloaded="0" quiescems="0.000" setupms="0.004" scanms="0.000" postms="0.000" />
</gc-op>
<heap-resize id="6091" type="expand" space="default" amount="7340032" count="1" timems="0.059" reason="excessive time being spent in gc" timestamp="2019-07-07T05:34:55.200" />
<gc-end id="6092" type="partial gc" contextid="6086" durationms="2.424" usertimems="4.000" systemtimems="0.000" timestamp="2019-07-07T05:34:55.200" activeThreads="1">
  <mem-info id="6093" free="62914560" total="104857600" percent="60">
    <mem type="eden" free="1048536" total="1048576" percent="99" />
    <remembered-set count="2304" freebytes="4176384" totalbytes="4185600" percent="99" regionsoverflowed="0" regionsstable="18" regionsrebuilding="0"/>
  </mem-info>
</gc-end>
<cycle-end id="6094" type="partial gc" contextid="6086" timestamp="2019-07-07T05:34:55.200" />
  <attribute name="elasticGC enabled" value="1" />
  <attribute name= "numThreadsSpecified" value="1" />
  <attribute name="heapSize specified" value="0" />
  <attribute name="Current GC Util" value="149" />
  <attribute name= "Current Time Running" value="24725" />
  <attribute name ="GC Interval" value="0" />
  <attribute name="ProportionalT" value="64.500000" />
  <attribute name="ProportionalI" value="64.500000" />
  <attribute name="ProportionalH" value="64.500000" />
  <attribute name="Current Error" value="129.000000" />
  <attribute name="IntegralT" value="0.000000" />
  <attribute name="IntegralI" value="0.000000" />
  <attribute name="IntegralH" value="0.000000" />
  <attribute name="DerivativeT" value="inf" />
  <attribute name="DerivativeI" value="inf" />
  <attribute name="DerivativeH" value="inf" />
  <attribute name="Loop Time for DT" value="0.000000" />
  <attribute name="Output H" value="8388608"/>
  <attribute name="Output I" value="200"/>
  <attribute name="Output T" value="1"/>
  <attribute name="Target GC Util Change" value ="20.000000" />
  <attribute name="Current GC Util Change" value="149.000000"/>
  <attribute name="GC Util currently" value="149" />
  <attribute name="CPU Util currently" value="11147119502013" />
<exclusive-end id="6095" timestamp="2019-07-07T05:34:55.200" durationms="3.578" />

<exclusive-start id="6096" timestamp="2019-07-07T05:34:55.210" intervalms="13.813">
  <response-info timems="0.061" idlems="0.061" threads="0" lastid="00000000020B9700" lastname="main" />
</exclusive-start>
<allocation-taxation id="6097" taxation-threshold="32505856" timestamp="2019-07-07T05:34:55.211" intervalms="13.821" />
<cycle-start id="6098" type="partial gc" contextid="0" timestamp="2019-07-07T05:34:55.211" intervalms="13.793" />
<gc-start id="6099" type="partial gc" contextid="6098" timestamp="2019-07-07T05:34:55.211">
  <mem-info id="6100" free="30408704" total="104857600" percent="29">
    <mem type="eden" free="1048536" total="33554432" percent="3" />
    <remembered-set count="1824" freebytes="4178304" totalbytes="4185600" percent="99" regionsoverflowed="0" regionsstable="18" regionsrebuilding="0"/>
  </mem-info>
</gc-start>
<allocation-stats totalBytes="32449592" >
  <allocated-bytes non-tlh="0" tlh="32449592" arrayletleaf="0"/>
  <largest-consumer threadName="main" threadId="00000000020B9700" bytes="32449592" />
</allocation-stats>
<gc-op id="6101" type="copy forward" timems="1.046" contextid="6098" timestamp="2019-07-07T05:34:55.213">
  <memory-copied type="eden" objects="2" bytes="40" bytesdiscarded="0" />
  <memory-copied type="other" objects="0" bytes="0" bytesdiscarded="0" />
  <memory-cardclean objects="13" bytes="448" />
  <regions eden="31" other="1" />
  <remembered-set-cleared processed="62" cleared="0" durationms="0.126" />
  <stringconstants candidates="13269" cleared="0"  />
</gc-op>
<gc-op id="6102" type="classunload" timems="0.003" contextid="6098" timestamp="2019-07-07T05:34:55.213">
  <classunload-info classloadercandidates="53" classloadersunloaded="0" classesunloaded="0" anonymousclassesunloaded="0" quiescems="0.000" setupms="0.003" scanms="0.000" postms="0.000" />
</gc-op>
<gc-end id="6103" type="partial gc" contextid="6098" durationms="2.392" usertimems="4.000" systemtimems="0.000" timestamp="2019-07-07T05:34:55.213" activeThreads="1">
  <mem-info id="6104" free="62914560" total="104857600" percent="60">
    <mem type="eden" free="1048536" total="1048576" percent="99" />
    <remembered-set count="2304" freebytes="4176384" totalbytes="4185600" percent="99" regionsoverflowed="0" regionsstable="18" regionsrebuilding="0"/>
  </mem-info>
</gc-end>
<cycle-end id="6105" type="partial gc" contextid="6098" timestamp="2019-07-07T05:34:55.214" />
  <attribute name="elasticGC enabled" value="1" />
  <attribute name= "numThreadsSpecified" value="1" />
  <attribute name="heapSize specified" value="0" />
  <attribute name="Current GC Util" value="304" />
  <attribute name= "Current Time Running" value="24739" />
  <attribute name ="GC Interval" value="0" />
  <attribute name="ProportionalT" value="142.000000" />
  <attribute name="ProportionalI" value="142.000000" />
  <attribute name="ProportionalH" value="142.000000" />
  <attribute name="Current Error" value="284.000000" />
  <attribute name="IntegralT" value="0.000000" />
  <attribute name="IntegralI" value="0.000000" />
  <attribute name="IntegralH" value="0.000000" />
  <attribute name="DerivativeT" value="inf" />
  <attribute name="DerivativeI" value="inf" />
  <attribute name="DerivativeH" value="inf" />
  <attribute name="Loop Time for DT" value="0.000000" />
  <attribute name="Output H" value="8388608"/>
  <attribute name="Output I" value="200"/>
  <attribute name="Output T" value="1"/>
  <attribute name="Target GC Util Change" value ="20.000000" />
  <attribute name="Current GC Util Change" value="304.000000"/>
  <attribute name="GC Util currently" value="304" />
  <attribute name="CPU Util currently" value="9114526240078" />
<exclusive-end id="6106" timestamp="2019-07-07T05:34:55.214" durationms="3.473" />

<exclusive-start id="6107" timestamp="2019-07-07T05:34:55.224" intervalms="13.185">
  <response-info timems="0.069" idlems="0.069" threads="0" lastid="00000000020B9700" lastname="main" />
</exclusive-start>
<allocation-taxation id="6108" taxation-threshold="32505856" timestamp="2019-07-07T05:34:55.224" intervalms="13.156" />
<cycle-start id="6109" type="partial gc" contextid="0" timestamp="2019-07-07T05:34:55.224" intervalms="13.172" />
<gc-start id="6110" type="partial gc" contextid="6109" timestamp="2019-07-07T05:34:55.224">
  <mem-info id="6111" free="30408704" total="104857600" percent="29">
    <mem type="eden" free="1048536" total="33554432" percent="3" />
    <remembered-set count="1824" freebytes="4178304" totalbytes="4185600" percent="99" regionsoverflowed="0" regionsstable="18" regionsrebuilding="0"/>
  </mem-info>
</gc-start>
<allocation-stats totalBytes="32448768" >
  <allocated-bytes non-tlh="0" tlh="32448768" arrayletleaf="0"/>
  <largest-consumer threadName="main" threadId="00000000020B9700" bytes="32448768" />
</allocation-stats>
<gc-op id="6112" type="copy forward" timems="1.022" contextid="6109" timestamp="2019-07-07T05:34:55.226">
  <memory-copied type="eden" objects="2" bytes="40" bytesdiscarded="0" />
  <memory-copied type="other" objects="0" bytes="0" bytesdiscarded="0" />
  <memory-cardclean objects="13" bytes="448" />
  <regions eden="31" other="1" />
  <remembered-set-cleared processed="62" cleared="0" durationms="0.116" />
  <stringconstants candidates="13269" cleared="0"  />
</gc-op>
<gc-op id="6113" type="classunload" timems="0.003" contextid="6109" timestamp="2019-07-07T05:34:55.226">
  <classunload-info classloadercandidates="53" classloadersunloaded="0" classesunloaded="0" anonymousclassesunloaded="0" quiescems="0.000" setupms="0.003" scanms="0.000" postms="0.000" />
</gc-op>
<gc-end id="6114" type="partial gc" contextid="6109" durationms="2.276" usertimems="4.000" systemtimems="0.000" timestamp="2019-07-07T05:34:55.226" activeThreads="1">
  <mem-info id="6115" free="62914560" total="104857600" percent="60">
    <mem type="eden" free="1048536" total="1048576" percent="99" />
    <remembered-set count="2304" freebytes="4176384" totalbytes="4185600" percent="99" regionsoverflowed="0" regionsstable="18" regionsrebuilding="0"/>
  </mem-info>
</gc-end>
<cycle-end id="6116" type="partial gc" contextid="6109" timestamp="2019-07-07T05:34:55.227" />
  <attribute name="elasticGC enabled" value="1" />
  <attribute name= "numThreadsSpecified" value="1" />
  <attribute name="heapSize specified" value="0" />
  <attribute name="Current GC Util" value="323" />
  <attribute name= "Current Time Running" value="24752" />
  <attribute name ="GC Interval" value="0" />
  <attribute name="ProportionalT" value="151.500000" />
  <attribute name="ProportionalI" value="151.500000" />
  <attribute name="ProportionalH" value="151.500000" />
  <attribute name="Current Error" value="303.000000" />
  <attribute name="IntegralT" value="0.000000" />
  <attribute name="IntegralI" value="0.000000" />
  <attribute name="IntegralH" value="0.000000" />
  <attribute name="DerivativeT" value="inf" />
  <attribute name="DerivativeI" value="inf" />
  <attribute name="DerivativeH" value="inf" />
  <attribute name="Loop Time for DT" value="0.000000" />
  <attribute name="Output H" value="8388608"/>
  <attribute name="Output I" value="200"/>
  <attribute name="Output T" value="1"/>
  <attribute name="Target GC Util Change" value ="20.000000" />
  <attribute name="Current GC Util Change" value="323.000000"/>
  <attribute name="GC Util currently" value="323" />
  <attribute name="CPU Util currently" value="10691458899634" />
<exclusive-end id="6117" timestamp="2019-07-07T05:34:55.227" durationms="3.309" />

<exclusive-start id="6118" timestamp="2019-07-07T05:34:55.237" intervalms="13.217">
  <response-info timems="0.072" idlems="0.072" threads="0" lastid="00000000020B9700" lastname="main" />
</exclusive-start>
<allocation-taxation id="6119" taxation-threshold="32505856" timestamp="2019-07-07T05:34:55.237" intervalms="13.241" />
<cycle-start id="6120" type="partial gc" contextid="0" timestamp="2019-07-07T05:34:55.237" intervalms="13.206" />
<gc-start id="6121" type="partial gc" contextid="6120" timestamp="2019-07-07T05:34:55.237">
  <mem-info id="6122" free="30408704" total="104857600" percent="29">
    <mem type="eden" free="1048536" total="33554432" percent="3" />
    <remembered-set count="1824" freebytes="4178304" totalbytes="4185600" percent="99" regionsoverflowed="0" regionsstable="18" regionsrebuilding="0"/>
  </mem-info>
</gc-start>
<allocation-stats totalBytes="32448768" >
  <allocated-bytes non-tlh="0" tlh="32448768" arrayletleaf="0"/>
  <largest-consumer threadName="main" threadId="00000000020B9700" bytes="32448768" />
</allocation-stats>
<gc-op id="6123" type="copy forward" timems="1.040" contextid="6120" timestamp="2019-07-07T05:34:55.239">
  <memory-copied type="eden" objects="2" bytes="40" bytesdiscarded="0" />
  <memory-copied type="other" objects="0" bytes="0" bytesdiscarded="0" />
  <memory-cardclean objects="13" bytes="448" />
  <regions eden="31" other="1" />
  <remembered-set-cleared processed="62" cleared="0" durationms="0.119" />
  <stringconstants candidates="13269" cleared="0"  />
</gc-op>
<gc-op id="6124" type="classunload" timems="0.003" contextid="6120" timestamp="2019-07-07T05:34:55.239">
  <classunload-info classloadercandidates="53" classloadersunloaded="0" classesunloaded="0" anonymousclassesunloaded="0" quiescems="0.000" setupms="0.003" scanms="0.000" postms="0.000" />
</gc-op>
<gc-end id="6125" type="partial gc" contextid="6120" durationms="2.214" usertimems="0.000" systemtimems="0.000" timestamp="2019-07-07T05:34:55.240" activeThreads="1">
  <mem-info id="6126" free="62914560" total="104857600" percent="60">
    <mem type="eden" free="1048536" total="1048576" percent="99" />
    <remembered-set count="2304" freebytes="4176384" totalbytes="4185600" percent="99" regionsoverflowed="0" regionsstable="18" regionsrebuilding="0"/>
  </mem-info>
</gc-end>
<cycle-end id="6127" type="partial gc" contextid="6120" timestamp="2019-07-07T05:34:55.240" />
  <attribute name="elasticGC enabled" value="1" />
  <attribute name= "numThreadsSpecified" value="1" />
  <attribute name="heapSize specified" value="0" />
  <attribute name="Current GC Util" value="315" />
  <attribute name= "Current Time Running" value="24765" />
  <attribute name ="GC Interval" value="0" />
  <attribute name="ProportionalT" value="147.500000" />
  <attribute name="ProportionalI" value="147.500000" />
  <attribute name="ProportionalH" value="147.500000" />
  <attribute name="Current Error" value="295.000000" />
  <attribute name="IntegralT" value="0.000000" />
  <attribute name="IntegralI" value="0.000000" />
  <attribute name="IntegralH" value="0.000000" />
  <attribute name="DerivativeT" value="inf" />
  <attribute name="DerivativeI" value="inf" />
  <attribute name="DerivativeH" value="inf" />
  <attribute name="Loop Time for DT" value="0.000000" />
  <attribute name="Output H" value="8388608"/>
  <attribute name="Output I" value="200"/>
  <attribute name="Output T" value="1"/>
  <attribute name="Target GC Util Change" value ="20.000000" />
  <attribute name="Current GC Util Change" value="315.000000"/>
  <attribute name="GC Util currently" value="315" />
  <attribute name="CPU Util currently" value="10565411627948" />
<exclusive-end id="6128" timestamp="2019-07-07T05:34:55.240" durationms="3.255" />

<exclusive-start id="6129" timestamp="2019-07-07T05:34:55.269" intervalms="31.779">
  <response-info timems="0.068" idlems="0.068" threads="0" lastid="00000000020B9700" lastname="main" />
</exclusive-start>
<allocation-taxation id="6130" taxation-threshold="32505856" timestamp="2019-07-07T05:34:55.269" intervalms="31.767" />
<cycle-start id="6131" type="partial gc" contextid="0" timestamp="2019-07-07T05:34:55.269" intervalms="31.819" />
<gc-start id="6132" type="partial gc" contextid="6131" timestamp="2019-07-07T05:34:55.269">
  <mem-info id="6133" free="30408704" total="104857600" percent="29">
    <mem type="eden" free="1048536" total="33554432" percent="3" />
    <remembered-set count="1824" freebytes="4178304" totalbytes="4185600" percent="99" regionsoverflowed="0" regionsstable="18" regionsrebuilding="0"/>
  </mem-info>
</gc-start>
<allocation-stats totalBytes="32459032" >
  <allocated-bytes non-tlh="0" tlh="32459032" arrayletleaf="0"/>
  <largest-consumer threadName="main" threadId="00000000020B9700" bytes="32459032" />
</allocation-stats>
<gc-op id="6134" type="copy forward" timems="1.098" contextid="6131" timestamp="2019-07-07T05:34:55.271">
  <memory-copied type="eden" objects="31" bytes="1368" bytesdiscarded="0" />
  <memory-copied type="other" objects="0" bytes="0" bytesdiscarded="0" />
  <memory-cardclean objects="72" bytes="2272" />
  <regions eden="31" other="1" />
  <remembered-set-cleared processed="62" cleared="9" durationms="0.148" />
  <stringconstants candidates="13269" cleared="0"  />
</gc-op>
<gc-op id="6135" type="classunload" timems="0.003" contextid="6131" timestamp="2019-07-07T05:34:55.272">
  <classunload-info classloadercandidates="53" classloadersunloaded="0" classesunloaded="0" anonymousclassesunloaded="0" quiescems="0.000" setupms="0.003" scanms="0.000" postms="0.000" />
</gc-op>
<gc-end id="6136" type="partial gc" contextid="6131" durationms="2.392" usertimems="0.000" systemtimems="0.000" timestamp="2019-07-07T05:34:55.272" activeThreads="1">
  <mem-info id="6137" free="62914560" total="104857600" percent="60">
    <mem type="eden" free="1047208" total="1048576" percent="99" />
    <remembered-set count="2272" freebytes="4176512" totalbytes="4185600" percent="99" regionsoverflowed="0" regionsstable="18" regionsrebuilding="0"/>
  </mem-info>
</gc-end>
<cycle-end id="6138" type="partial gc" contextid="6131" timestamp="2019-07-07T05:34:55.272" />
  <attribute name="elasticGC enabled" value="1" />
  <attribute name= "numThreadsSpecified" value="1" />
  <attribute name="heapSize specified" value="0" />
  <attribute name="Current GC Util" value="304" />
  <attribute name= "Current Time Running" value="24797" />
  <attribute name ="GC Interval" value="0" />
  <attribute name="ProportionalT" value="142.000000" />
  <attribute name="ProportionalI" value="142.000000" />
  <attribute name="ProportionalH" value="142.000000" />
  <attribute name="Current Error" value="284.000000" />
  <attribute name="IntegralT" value="0.000000" />
  <attribute name="IntegralI" value="0.000000" />
  <attribute name="IntegralH" value="0.000000" />
  <attribute name="DerivativeT" value="inf" />
  <attribute name="DerivativeI" value="inf" />
  <attribute name="DerivativeH" value="inf" />
  <attribute name="Loop Time for DT" value="0.000000" />
  <attribute name="Output H" value="8388608"/>
  <attribute name="Output I" value="200"/>
  <attribute name="Output T" value="1"/>
  <attribute name="Target GC Util Change" value ="20.000000" />
  <attribute name="Current GC Util Change" value="304.000000"/>
  <attribute name="GC Util currently" value="304" />
  <attribute name="CPU Util currently" value="9815836150355" />
<exclusive-end id="6139" timestamp="2019-07-07T05:34:55.272" durationms="3.364" />

<exclusive-start id="6140" timestamp="2019-07-07T05:34:55.324" intervalms="55.060">
  <response-info timems="0.058" idlems="0.058" threads="0" lastid="00000000020B9700" lastname="main" />
</exclusive-start>
<allocation-taxation id="6141" taxation-threshold="32505856" timestamp="2019-07-07T05:34:55.324" intervalms="55.067" />
<cycle-start id="6142" type="partial gc" contextid="0" timestamp="2019-07-07T05:34:55.324" intervalms="55.120" />
<gc-start id="6143" type="partial gc" contextid="6142" timestamp="2019-07-07T05:34:55.324">
  <mem-info id="6144" free="30408704" total="104857600" percent="29">
    <mem type="eden" free="0" total="32505856" percent="0" />
    <remembered-set count="1920" freebytes="4177920" totalbytes="4185600" percent="99" regionsoverflowed="0" regionsstable="18" regionsrebuilding="0"/>
  </mem-info>
</gc-start>
<allocation-stats totalBytes="32458240" >
  <allocated-bytes non-tlh="0" tlh="32458240" arrayletleaf="0"/>
  <largest-consumer threadName="main" threadId="00000000020B9700" bytes="32458240" />
</allocation-stats>
<gc-op id="6145" type="copy forward" timems="4.103" contextid="6142" timestamp="2019-07-07T05:34:55.330">
  <memory-copied type="eden" objects="7" bytes="648" bytesdiscarded="0" />
  <memory-copied type="other" objects="24" bytes="720" bytesdiscarded="624" />
  <memory-cardclean objects="57" bytes="1984" />
  <regions eden="31" other="1" />
  <remembered-set-cleared processed="60" cleared="7" durationms="0.164" />
  <stringconstants candidates="13269" cleared="0"  />
</gc-op>
<gc-op id="6146" type="classunload" timems="0.003" contextid="6142" timestamp="2019-07-07T05:34:55.330">
  <classunload-info classloadercandidates="53" classloadersunloaded="0" classesunloaded="0" anonymousclassesunloaded="0" quiescems="0.000" setupms="0.003" scanms="0.000" postms="0.000" />
</gc-op>
<gc-end id="6147" type="partial gc" contextid="6142" durationms="5.393" usertimems="12.000" systemtimems="0.000" timestamp="2019-07-07T05:34:55.330" activeThreads="4">
  <mem-info id="6148" free="61865984" total="104857600" percent="59">
    <mem type="eden" free="1047928" total="1048576" percent="99" />
    <remembered-set count="2496" freebytes="4175616" totalbytes="4185600" percent="99" regionsoverflowed="0" regionsstable="18" regionsrebuilding="0"/>
  </mem-info>
</gc-end>
<cycle-end id="6149" type="partial gc" contextid="6142" timestamp="2019-07-07T05:34:55.330" />
  <attribute name="elasticGC enabled" value="1" />
  <attribute name= "numThreadsSpecified" value="4" />
  <attribute name="heapSize specified" value="0" />
  <attribute name="Current GC Util" value="301" />
  <attribute name= "Current Time Running" value="24853" />
  <attribute name ="GC Interval" value="0" />
  <attribute name="ProportionalT" value="140.500000" />
  <attribute name="ProportionalI" value="140.500000" />
  <attribute name="ProportionalH" value="140.500000" />
  <attribute name="Current Error" value="281.000000" />
  <attribute name="IntegralT" value="140.500000" />
  <attribute name="IntegralI" value="140.500000" />
  <attribute name="IntegralH" value="140.500000" />
  <attribute name="DerivativeT" value="281.000000" />
  <attribute name="DerivativeI" value="281.000000" />
  <attribute name="DerivativeH" value="281.000000" />
  <attribute name="Loop Time for DT" value="1.000000" />
  <attribute name="Output H" value="8388608"/>
  <attribute name="Output I" value="568"/>
  <attribute name="Output T" value="4"/>
  <attribute name="Target GC Util Change" value ="20.000000" />
  <attribute name="Current GC Util Change" value="301.000000"/>
  <attribute name="GC Util currently" value="301" />
  <attribute name="CPU Util currently" value="9531664054001" />
<exclusive-end id="6150" timestamp="2019-07-07T05:34:55.330" durationms="6.543" />

<exclusive-start id="6151" timestamp="2019-07-07T05:34:55.350" intervalms="26.133">
  <response-info timems="0.074" idlems="0.074" threads="0" lastid="00000000020B9700" lastname="main" />
</exclusive-start>
<allocation-taxation id="6152" taxation-threshold="32505856" timestamp="2019-07-07T05:34:55.350" intervalms="26.149" />
<cycle-start id="6153" type="partial gc" contextid="0" timestamp="2019-07-07T05:34:55.350" intervalms="26.094" />
<gc-start id="6154" type="partial gc" contextid="6153" timestamp="2019-07-07T05:34:55.351">
  <mem-info id="6155" free="29360128" total="104857600" percent="28">
    <mem type="eden" free="1047928" total="33554432" percent="3" />
    <remembered-set count="2144" freebytes="4177024" totalbytes="4185600" percent="99" regionsoverflowed="0" regionsstable="18" regionsrebuilding="0"/>
  </mem-info>
</gc-start>
<allocation-stats totalBytes="32478200" >
  <allocated-bytes non-tlh="0" tlh="32478200" arrayletleaf="0"/>
  <largest-consumer threadName="main" threadId="00000000020B9700" bytes="32478200" />
</allocation-stats>
<gc-op id="6156" type="copy forward" timems="3.595" contextid="6153" timestamp="2019-07-07T05:34:55.355">
  <memory-copied type="eden" objects="30" bytes="1560" bytesdiscarded="600" />
  <memory-copied type="other" objects="0" bytes="0" bytesdiscarded="0" />
  <memory-cardclean objects="74" bytes="2336" />
  <regions eden="31" other="1" />
  <remembered-set-cleared processed="66" cleared="4" durationms="0.123" />
  <stringconstants candidates="13269" cleared="0"  />
</gc-op>
<gc-op id="6157" type="classunload" timems="0.004" contextid="6153" timestamp="2019-07-07T05:34:55.355">
  <classunload-info classloadercandidates="53" classloadersunloaded="0" classesunloaded="0" anonymousclassesunloaded="0" quiescems="0.000" setupms="0.004" scanms="0.000" postms="0.000" />
</gc-op>
<gc-end id="6158" type="partial gc" contextid="6153" durationms="4.911" usertimems="8.000" systemtimems="0.000" timestamp="2019-07-07T05:34:55.355" activeThreads="4">
  <mem-info id="6159" free="61865984" total="104857600" percent="59">
    <mem type="eden" free="1046416" total="1048576" percent="99" />
    <remembered-set count="2688" freebytes="4174848" totalbytes="4185600" percent="99" regionsoverflowed="0" regionsstable="18" regionsrebuilding="0"/>
  </mem-info>
</gc-end>
<cycle-end id="6160" type="partial gc" contextid="6153" timestamp="2019-07-07T05:34:55.356" />
  <attribute name="elasticGC enabled" value="1" />
  <attribute name= "numThreadsSpecified" value="4" />
  <attribute name="heapSize specified" value="0" />
  <attribute name="Current GC Util" value="159" />
  <attribute name= "Current Time Running" value="24879" />
  <attribute name ="GC Interval" value="0" />
  <attribute name="ProportionalT" value="69.500000" />
  <attribute name="ProportionalI" value="69.500000" />
  <attribute name="ProportionalH" value="69.500000" />
  <attribute name="Current Error" value="139.000000" />
  <attribute name="IntegralT" value="69.500000" />
  <attribute name="IntegralI" value="69.500000" />
  <attribute name="IntegralH" value="69.500000" />
  <attribute name="DerivativeT" value="120.000000" />
  <attribute name="DerivativeI" value="120.000000" />
  <attribute name="DerivativeH" value="120.000000" />
  <attribute name="Loop Time for DT" value="1.000000" />
  <attribute name="Output H" value="8388608"/>
  <attribute name="Output I" value="264"/>
  <attribute name="Output T" value="4"/>
  <attribute name="Target GC Util Change" value ="20.000000" />
  <attribute name="Current GC Util Change" value="159.000000"/>
  <attribute name="GC Util currently" value="159" />
  <attribute name="CPU Util currently" value="9610522187077" />
<exclusive-end id="6161" timestamp="2019-07-07T05:34:55.356" durationms="5.987" />

<exclusive-start id="6162" timestamp="2019-07-07T05:34:55.369" intervalms="18.966">
  <response-info timems="0.070" idlems="0.070" threads="0" lastid="00000000020B9700" lastname="main" />
</exclusive-start>
<allocation-taxation id="6163" taxation-threshold="32505856" timestamp="2019-07-07T05:34:55.369" intervalms="18.933" />
<cycle-start id="6164" type="partial gc" contextid="0" timestamp="2019-07-07T05:34:55.369" intervalms="18.930" />
<gc-start id="6165" type="partial gc" contextid="6164" timestamp="2019-07-07T05:34:55.369">
  <mem-info id="6166" free="29360128" total="104857600" percent="28">
    <mem type="eden" free="0" total="32505856" percent="0" />
    <remembered-set count="2208" freebytes="4176768" totalbytes="4185600" percent="99" regionsoverflowed="0" regionsstable="18" regionsrebuilding="0"/>
  </mem-info>
</gc-start>
<allocation-stats totalBytes="32482272" >
  <allocated-bytes non-tlh="0" tlh="32482272" arrayletleaf="0"/>
  <largest-consumer threadName="main" threadId="00000000020B9700" bytes="32482272" />
</allocation-stats>
<gc-op id="6167" type="copy forward" timems="3.854" contextid="6164" timestamp="2019-07-07T05:34:55.374">
  <memory-copied type="eden" objects="4" bytes="288" bytesdiscarded="0" />
  <memory-copied type="other" objects="25" bytes="1224" bytesdiscarded="696" />
  <memory-cardclean objects="59" bytes="2080" />
  <regions eden="31" other="1" />
  <remembered-set-cleared processed="63" cleared="1" durationms="0.120" />
  <stringconstants candidates="13269" cleared="0"  />
</gc-op>
<gc-op id="6168" type="classunload" timems="0.003" contextid="6164" timestamp="2019-07-07T05:34:55.374">
  <classunload-info classloadercandidates="53" classloadersunloaded="0" classesunloaded="0" anonymousclassesunloaded="0" quiescems="0.000" setupms="0.003" scanms="0.000" postms="0.000" />
</gc-op>
<heap-resize id="6169" type="expand" space="default" amount="5242880" count="1" timems="0.056" reason="excessive time being spent in gc" timestamp="2019-07-07T05:34:55.375" />
<gc-end id="6170" type="partial gc" contextid="6164" durationms="5.371" usertimems="8.000" systemtimems="0.000" timestamp="2019-07-07T05:34:55.375" activeThreads="4">
  <mem-info id="6171" free="66060288" total="110100480" percent="60">
    <mem type="eden" free="1048288" total="1048576" percent="99" />
    <remembered-set count="2688" freebytes="4384128" totalbytes="4394880" percent="99" regionsoverflowed="0" regionsstable="18" regionsrebuilding="0"/>
  </mem-info>
</gc-end>
<cycle-end id="6172" type="partial gc" contextid="6164" timestamp="2019-07-07T05:34:55.375" />
  <attribute name="elasticGC enabled" value="1" />
  <attribute name= "numThreadsSpecified" value="4" />
  <attribute name="heapSize specified" value="0" />
  <attribute name="Current GC Util" value="158" />
  <attribute name= "Current Time Running" value="24898" />
  <attribute name ="GC Interval" value="0" />
  <attribute name="ProportionalT" value="69.000000" />
  <attribute name="ProportionalI" value="69.000000" />
  <attribute name="ProportionalH" value="69.000000" />
  <attribute name="Current Error" value="138.000000" />
  <attribute name="IntegralT" value="69.000000" />
  <attribute name="IntegralI" value="69.000000" />
  <attribute name="IntegralH" value="69.000000" />
  <attribute name="DerivativeT" value="113.000000" />
  <attribute name="DerivativeI" value="113.000000" />
  <attribute name="DerivativeH" value="113.000000" />
  <attribute name="Loop Time for DT" value="1.000000" />
  <attribute name="Output H" value="8388608"/>
  <attribute name="Output I" value="256"/>
  <attribute name="Output T" value="4"/>
  <attribute name="Target GC Util Change" value ="20.000000" />
  <attribute name="Current GC Util Change" value="158.000000"/>
  <attribute name="GC Util currently" value="158" />
  <attribute name="CPU Util currently" value="9303662518364" />
<exclusive-end id="6173" timestamp="2019-07-07T05:34:55.375" durationms="6.466" />

<exclusive-start id="6174" timestamp="2019-07-07T05:34:55.409" intervalms="39.755">
  <response-info timems="0.059" idlems="0.059" threads="0" lastid="00000000020B9700" lastname="main" />
</exclusive-start>
<allocation-taxation id="6175" taxation-threshold="33554432" timestamp="2019-07-07T05:34:55.409" intervalms="39.757" />
<cycle-start id="6176" type="partial gc" contextid="0" timestamp="2019-07-07T05:34:55.409" intervalms="39.776" />
<gc-start id="6177" type="partial gc" contextid="6176" timestamp="2019-07-07T05:34:55.409">
  <mem-info id="6178" free="32505856" total="110100480" percent="29">
    <mem type="eden" free="0" total="33554432" percent="0" />
    <remembered-set count="2208" freebytes="4386048" totalbytes="4394880" percent="99" regionsoverflowed="0" regionsstable="18" regionsrebuilding="0"/>
  </mem-info>
</gc-start>
<allocation-stats totalBytes="33512696" >
  <allocated-bytes non-tlh="0" tlh="33512696" arrayletleaf="0"/>
  <largest-consumer threadName="main" threadId="00000000020B9700" bytes="33512696" />
</allocation-stats>
<gc-op id="6179" type="copy forward" timems="1.164" contextid="6176" timestamp="2019-07-07T05:34:55.411">
  <memory-copied type="eden" objects="39" bytes="8272" bytesdiscarded="0" />
  <memory-copied type="other" objects="0" bytes="0" bytesdiscarded="0" />
  <memory-cardclean objects="73" bytes="2704" />
  <regions eden="32" other="1" />
  <remembered-set-cleared processed="69" cleared="6" durationms="0.136" />
  <stringconstants candidates="13269" cleared="0"  />
</gc-op>
<gc-op id="6180" type="classunload" timems="0.003" contextid="6176" timestamp="2019-07-07T05:34:55.412">
  <classunload-info classloadercandidates="53" classloadersunloaded="0" classesunloaded="0" anonymousclassesunloaded="0" quiescems="0.000" setupms="0.003" scanms="0.000" postms="0.000" />
</gc-op>
<gc-end id="6181" type="partial gc" contextid="6176" durationms="2.518" usertimems="0.000" systemtimems="0.000" timestamp="2019-07-07T05:34:55.412" activeThreads="1">
  <mem-info id="6182" free="66060288" total="110100480" percent="60">
    <mem type="eden" free="1040304" total="1048576" percent="99" />
    <remembered-set count="2624" freebytes="4384384" totalbytes="4394880" percent="99" regionsoverflowed="0" regionsstable="18" regionsrebuilding="0"/>
  </mem-info>
</gc-end>
<cycle-end id="6183" type="partial gc" contextid="6176" timestamp="2019-07-07T05:34:55.412" />
  <attribute name="elasticGC enabled" value="1" />
  <attribute name= "numThreadsSpecified" value="1" />
  <attribute name="heapSize specified" value="0" />
  <attribute name="Current GC Util" value="158" />
  <attribute name= "Current Time Running" value="24937" />
  <attribute name ="GC Interval" value="0" />
  <attribute name="ProportionalT" value="69.000000" />
  <attribute name="ProportionalI" value="69.000000" />
  <attribute name="ProportionalH" value="69.000000" />
  <attribute name="Current Error" value="138.000000" />
  <attribute name="IntegralT" value="0.000000" />
  <attribute name="IntegralI" value="0.000000" />
  <attribute name="IntegralH" value="0.000000" />
  <attribute name="DerivativeT" value="inf" />
  <attribute name="DerivativeI" value="inf" />
  <attribute name="DerivativeH" value="inf" />
  <attribute name="Loop Time for DT" value="0.000000" />
  <attribute name="Output H" value="8388608"/>
  <attribute name="Output I" value="200"/>
  <attribute name="Output T" value="1"/>
  <attribute name="Target GC Util Change" value ="20.000000" />
  <attribute name="Current GC Util Change" value="158.000000"/>
  <attribute name="GC Util currently" value="158" />
  <attribute name="CPU Util currently" value="9655958867570" />
<exclusive-end id="6184" timestamp="2019-07-07T05:34:55.412" durationms="3.724" />

<exclusive-start id="6185" timestamp="2019-07-07T05:34:55.461" intervalms="52.263">
  <response-info timems="0.060" idlems="0.060" threads="0" lastid="00000000020B9700" lastname="main" />
</exclusive-start>
<allocation-taxation id="6186" taxation-threshold="33554432" timestamp="2019-07-07T05:34:55.461" intervalms="52.266" />
<cycle-start id="6187" type="partial gc" contextid="0" timestamp="2019-07-07T05:34:55.461" intervalms="52.220" />
<gc-start id="6188" type="partial gc" contextid="6187" timestamp="2019-07-07T05:34:55.461">
  <mem-info id="6189" free="32505856" total="110100480" percent="29">
    <mem type="eden" free="0" total="33554432" percent="0" />
    <remembered-set count="2176" freebytes="4386176" totalbytes="4394880" percent="99" regionsoverflowed="0" regionsstable="18" regionsrebuilding="0"/>
  </mem-info>
</gc-start>
<allocation-stats totalBytes="33497648" >
  <allocated-bytes non-tlh="0" tlh="33497648" arrayletleaf="0"/>
  <largest-consumer threadName="main" threadId="00000000020B9700" bytes="33497648" />
</allocation-stats>
<gc-op id="6190" type="copy forward" timems="3.462" contextid="6187" timestamp="2019-07-07T05:34:55.466">
  <memory-copied type="eden" objects="2" bytes="1048" bytesdiscarded="0" />
  <memory-copied type="other" objects="36" bytes="4216" bytesdiscarded="0" />
  <memory-cardclean objects="57" bytes="2424" />
  <regions eden="32" other="1" />
  <remembered-set-cleared processed="66" cleared="3" durationms="0.154" />
  <stringconstants candidates="13269" cleared="0"  />
</gc-op>
<gc-op id="6191" type="classunload" timems="0.003" contextid="6187" timestamp="2019-07-07T05:34:55.466">
  <classunload-info classloadercandidates="53" classloadersunloaded="0" classesunloaded="0" anonymousclassesunloaded="0" quiescems="0.000" setupms="0.003" scanms="0.000" postms="0.000" />
</gc-op>
<heap-resize id="6192" type="expand" space="default" amount="3145728" count="1" timems="0.050" reason="excessive time being spent in gc" timestamp="2019-07-07T05:34:55.466" />
<gc-end id="6193" type="partial gc" contextid="6187" durationms="4.966" usertimems="4.000" systemtimems="4.000" timestamp="2019-07-07T05:34:55.466" activeThreads="4">
  <mem-info id="6194" free="68157440" total="113246208" percent="60">
    <mem type="eden" free="1047528" total="1048576" percent="99" />
    <remembered-set count="2720" freebytes="4509568" totalbytes="4520448" percent="99" regionsoverflowed="0" regionsstable="18" regionsrebuilding="0"/>
  </mem-info>
</gc-end>
<cycle-end id="6195" type="partial gc" contextid="6187" timestamp="2019-07-07T05:34:55.467" />
  <attribute name="elasticGC enabled" value="1" />
  <attribute name= "numThreadsSpecified" value="4" />
  <attribute name="heapSize specified" value="0" />
  <attribute name="Current GC Util" value="299" />
  <attribute name= "Current Time Running" value="24990" />
  <attribute name ="GC Interval" value="0" />
  <attribute name="ProportionalT" value="139.500000" />
  <attribute name="ProportionalI" value="139.500000" />
  <attribute name="ProportionalH" value="139.500000" />
  <attribute name="Current Error" value="279.000000" />
  <attribute name="IntegralT" value="139.500000" />
  <attribute name="IntegralI" value="139.500000" />
  <attribute name="IntegralH" value="139.500000" />
  <attribute name="DerivativeT" value="279.000000" />
  <attribute name="DerivativeI" value="279.000000" />
  <attribute name="DerivativeH" value="279.000000" />
  <attribute name="Loop Time for DT" value="1.000000" />
  <attribute name="Output H" value="8388608"/>
  <attribute name="Output I" value="560"/>
  <attribute name="Output T" value="4"/>
  <attribute name="Target GC Util Change" value ="20.000000" />
  <attribute name="Current GC Util Change" value="299.000000"/>
  <attribute name="GC Util currently" value="299" />
  <attribute name="CPU Util currently" value="9722136981571" />
<exclusive-end id="6196" timestamp="2019-07-07T05:34:55.467" durationms="6.040" />

<exclusive-start id="6197" timestamp="2019-07-07T05:34:55.536" intervalms="74.977">
  <response-info timems="0.098" idlems="0.098" threads="0" lastid="00000000020B9700" lastname="main" />
</exclusive-start>
<allocation-taxation id="6198" taxation-threshold="34603008" timestamp="2019-07-07T05:34:55.536" intervalms="74.967" />
<cycle-start id="6199" type="partial gc" contextid="0" timestamp="2019-07-07T05:34:55.536" intervalms="74.999" />
<gc-start id="6200" type="partial gc" contextid="6199" timestamp="2019-07-07T05:34:55.537">
  <mem-info id="6201" free="33554432" total="113246208" percent="29">
    <mem type="eden" free="1047528" total="35651584" percent="2" />
    <remembered-set count="2720" freebytes="4509568" totalbytes="4520448" percent="99" regionsoverflowed="0" regionsstable="18" regionsrebuilding="0"/>
  </mem-info>
</gc-start>
<allocation-stats totalBytes="34570856" >
  <allocated-bytes non-tlh="0" tlh="34570856" arrayletleaf="0"/>
  <largest-consumer threadName="main" threadId="00000000020B9700" bytes="34570856" />
</allocation-stats>
<gc-op id="6202" type="copy forward" timems="2.169" contextid="6199" timestamp="2019-07-07T05:34:55.540">
  <memory-copied type="eden" objects="25" bytes="768" bytesdiscarded="0" />
  <memory-copied type="other" objects="9" bytes="240" bytesdiscarded="624" />
  <memory-cardclean objects="91" bytes="3160" />
  <regions eden="33" other="2" />
  <remembered-set-cleared processed="66" cleared="3" durationms="0.164" />
  <stringconstants candidates="13269" cleared="0"  />
</gc-op>
<gc-op id="6203" type="classunload" timems="0.004" contextid="6199" timestamp="2019-07-07T05:34:55.540">
  <classunload-info classloadercandidates="53" classloadersunloaded="0" classesunloaded="0" anonymousclassesunloaded="0" quiescems="0.000" setupms="0.004" scanms="0.000" postms="0.000" />
</gc-op>
<gc-end id="6204" type="partial gc" contextid="6199" durationms="3.501" usertimems="4.000" systemtimems="0.000" timestamp="2019-07-07T05:34:55.540" activeThreads="4">
  <mem-info id="6205" free="68157440" total="113246208" percent="60">
    <mem type="eden" free="1047808" total="1048576" percent="99" />
    <remembered-set count="2208" freebytes="4511616" totalbytes="4520448" percent="99" regionsoverflowed="0" regionsstable="18" regionsrebuilding="0"/>
  </mem-info>
</gc-end>
<cycle-end id="6206" type="partial gc" contextid="6199" timestamp="2019-07-07T05:34:55.540" />
  <attribute name="elasticGC enabled" value="1" />
  <attribute name= "numThreadsSpecified" value="4" />
  <attribute name="heapSize specified" value="0" />
  <attribute name="Current GC Util" value="154" />
  <attribute name= "Current Time Running" value="25065" />
  <attribute name ="GC Interval" value="0" />
  <attribute name="ProportionalT" value="67.000000" />
  <attribute name="ProportionalI" value="67.000000" />
  <attribute name="ProportionalH" value="67.000000" />
  <attribute name="Current Error" value="134.000000" />
  <attribute name="IntegralT" value="67.000000" />
  <attribute name="IntegralI" value="67.000000" />
  <attribute name="IntegralH" value="67.000000" />
  <attribute name="DerivativeT" value="134.000000" />
  <attribute name="DerivativeI" value="134.000000" />
  <attribute name="DerivativeH" value="134.000000" />
  <attribute name="Loop Time for DT" value="1.000000" />
  <attribute name="Output H" value="8388608"/>
  <attribute name="Output I" value="272"/>
  <attribute name="Output T" value="4"/>
  <attribute name="Target GC Util Change" value ="20.000000" />
  <attribute name="Current GC Util Change" value="154.000000"/>
  <attribute name="GC Util currently" value="154" />
  <attribute name="CPU Util currently" value="9487504021626" />
<exclusive-end id="6207" timestamp="2019-07-07T05:34:55.540" durationms="4.673" />

<exclusive-start id="6208" timestamp="2019-07-07T05:34:55.595" intervalms="59.334">
  <response-info timems="0.072" idlems="0.072" threads="0" lastid="00000000020B9700" lastname="main" />
</exclusive-start>
<allocation-taxation id="6209" taxation-threshold="34603008" timestamp="2019-07-07T05:34:55.595" intervalms="59.373" />
<cycle-start id="6210" type="partial gc" contextid="0" timestamp="2019-07-07T05:34:55.596" intervalms="59.384" />
<gc-start id="6211" type="partial gc" contextid="6210" timestamp="2019-07-07T05:34:55.596">
  <mem-info id="6212" free="33554432" total="113246208" percent="29">
    <mem type="eden" free="0" total="34603008" percent="0" />
    <remembered-set count="2208" freebytes="4511616" totalbytes="4520448" percent="99" regionsoverflowed="0" regionsstable="18" regionsrebuilding="0"/>
  </mem-info>
</gc-start>
<allocation-stats totalBytes="34596480" >
  <allocated-bytes non-tlh="0" tlh="34596480" arrayletleaf="0"/>
  <largest-consumer threadName="main" threadId="00000000020B9700" bytes="34596480" />
</allocation-stats>
<gc-op id="6213" type="copy forward" timems="2.054" contextid="6210" timestamp="2019-07-07T05:34:55.599">
  <memory-copied type="eden" objects="23" bytes="792" bytesdiscarded="0" />
  <memory-copied type="other" objects="15" bytes="384" bytesdiscarded="624" />
  <memory-cardclean objects="100" bytes="3480" />
  <regions eden="33" other="2" />
  <remembered-set-cleared processed="66" cleared="3" durationms="0.165" />
  <stringconstants candidates="13269" cleared="0"  />
</gc-op>
<gc-op id="6214" type="classunload" timems="0.004" contextid="6210" timestamp="2019-07-07T05:34:55.599">
  <classunload-info classloadercandidates="53" classloadersunloaded="0" classesunloaded="0" anonymousclassesunloaded="0" quiescems="0.000" setupms="0.003" scanms="0.000" postms="0.000" />
</gc-op>
<gc-end id="6215" type="partial gc" contextid="6210" durationms="3.358" usertimems="8.000" systemtimems="0.000" timestamp="2019-07-07T05:34:55.599" activeThreads="4">
  <mem-info id="6216" free="67108864" total="113246208" percent="59">
    <mem type="eden" free="1047784" total="1048576" percent="99" />
    <remembered-set count="2208" freebytes="4511616" totalbytes="4520448" percent="99" regionsoverflowed="0" regionsstable="18" regionsrebuilding="0"/>
  </mem-info>
</gc-end>
<cycle-end id="6217" type="partial gc" contextid="6210" timestamp="2019-07-07T05:34:55.599" />
  <attribute name="elasticGC enabled" value="1" />
  <attribute name= "numThreadsSpecified" value="4" />
  <attribute name="heapSize specified" value="0" />
  <attribute name="Current GC Util" value="157" />
  <attribute name= "Current Time Running" value="25124" />
  <attribute name ="GC Interval" value="0" />
  <attribute name="ProportionalT" value="68.500000" />
  <attribute name="ProportionalI" value="68.500000" />
  <attribute name="ProportionalH" value="68.500000" />
  <attribute name="Current Error" value="137.000000" />
  <attribute name="IntegralT" value="68.500000" />
  <attribute name="IntegralI" value="68.500000" />
  <attribute name="IntegralH" value="68.500000" />
  <attribute name="DerivativeT" value="137.000000" />
  <attribute name="DerivativeI" value="137.000000" />
  <attribute name="DerivativeH" value="137.000000" />
  <attribute name="Loop Time for DT" value="1.000000" />
  <attribute name="Output H" value="8388608"/>
  <attribute name="Output I" value="280"/>
  <attribute name="Output T" value="4"/>
  <attribute name="Target GC Util Change" value ="20.000000" />
  <attribute name="Current GC Util Change" value="157.000000"/>
  <attribute name="GC Util currently" value="157" />
  <attribute name="CPU Util currently" value="9652765531239" />
<exclusive-end id="6218" timestamp="2019-07-07T05:34:55.600" durationms="4.495" />

<exclusive-start id="6219" timestamp="2019-07-07T05:34:55.651" intervalms="55.687">
  <response-info timems="0.073" idlems="0.073" threads="0" lastid="00000000020B9700" lastname="main" />
</exclusive-start>
<allocation-taxation id="6220" taxation-threshold="34603008" timestamp="2019-07-07T05:34:55.651" intervalms="55.681" />
<cycle-start id="6221" type="partial gc" contextid="0" timestamp="2019-07-07T05:34:55.651" intervalms="55.669" />
<gc-start id="6222" type="partial gc" contextid="6221" timestamp="2019-07-07T05:34:55.652">
  <mem-info id="6223" free="32505856" total="113246208" percent="28">
    <mem type="eden" free="0" total="34603008" percent="0" />
    <remembered-set count="2208" freebytes="4511616" totalbytes="4520448" percent="99" regionsoverflowed="0" regionsstable="18" regionsrebuilding="0"/>
  </mem-info>
</gc-start>
<allocation-stats totalBytes="34596512" >
  <allocated-bytes non-tlh="0" tlh="34596512" arrayletleaf="0"/>
  <largest-consumer threadName="main" threadId="00000000020B9700" bytes="34596512" />
</allocation-stats>
<gc-op id="6224" type="copy forward" timems="2.097" contextid="6221" timestamp="2019-07-07T05:34:55.655">
  <memory-copied type="eden" objects="3" bytes="120" bytesdiscarded="0" />
  <memory-copied type="other" objects="26" bytes="816" bytesdiscarded="0" />
  <memory-cardclean objects="65" bytes="2104" />
  <regions eden="33" other="2" />
  <remembered-set-cleared processed="69" cleared="3" durationms="0.167" />
  <stringconstants candidates="13269" cleared="0"  />
</gc-op>
<gc-op id="6225" type="classunload" timems="0.004" contextid="6221" timestamp="2019-07-07T05:34:55.655">
  <classunload-info classloadercandidates="53" classloadersunloaded="0" classesunloaded="0" anonymousclassesunloaded="0" quiescems="0.000" setupms="0.004" scanms="0.000" postms="0.000" />
</gc-op>
<gc-end id="6226" type="partial gc" contextid="6221" durationms="3.419" usertimems="4.000" systemtimems="0.000" timestamp="2019-07-07T05:34:55.655" activeThreads="4">
  <mem-info id="6227" free="66060288" total="113246208" percent="58">
    <mem type="eden" free="1048456" total="1048576" percent="99" />
    <remembered-set count="2784" freebytes="4509312" totalbytes="4520448" percent="99" regionsoverflowed="0" regionsstable="18" regionsrebuilding="0"/>
  </mem-info>
</gc-end>
<cycle-end id="6228" type="partial gc" contextid="6221" timestamp="2019-07-07T05:34:55.655" />
  <attribute name="elasticGC enabled" value="1" />
  <attribute name= "numThreadsSpecified" value="4" />
  <attribute name="heapSize specified" value="0" />
  <attribute name="Current GC Util" value="156" />
  <attribute name= "Current Time Running" value="25180" />
  <attribute name ="GC Interval" value="0" />
  <attribute name="ProportionalT" value="68.000000" />
  <attribute name="ProportionalI" value="68.000000" />
  <attribute name="ProportionalH" value="68.000000" />
  <attribute name="Current Error" value="136.000000" />
  <attribute name="IntegralT" value="68.000000" />
  <attribute name="IntegralI" value="68.000000" />
  <attribute name="IntegralH" value="68.000000" />
  <attribute name="DerivativeT" value="136.000000" />
  <attribute name="DerivativeI" value="136.000000" />
  <attribute name="DerivativeH" value="136.000000" />
  <attribute name="Loop Time for DT" value="1.000000" />
  <attribute name="Output H" value="8388608"/>
  <attribute name="Output I" value="272"/>
  <attribute name="Output T" value="4"/>
  <attribute name="Target GC Util Change" value ="20.000000" />
  <attribute name="Current GC Util Change" value="156.000000"/>
  <attribute name="GC Util currently" value="156" />
  <attribute name="CPU Util currently" value="9564955603560" />
<exclusive-end id="6229" timestamp="2019-07-07T05:34:55.655" durationms="4.527" />

<exclusive-start id="6230" timestamp="2019-07-07T05:34:55.706" intervalms="55.595">
  <response-info timems="0.060" idlems="0.060" threads="0" lastid="00000000020B9700" lastname="main" />
</exclusive-start>
<allocation-taxation id="6231" taxation-threshold="34603008" timestamp="2019-07-07T05:34:55.707" intervalms="55.563" />
<cycle-start id="6232" type="partial gc" contextid="0" timestamp="2019-07-07T05:34:55.707" intervalms="55.573" />
<gc-start id="6233" type="partial gc" contextid="6232" timestamp="2019-07-07T05:34:55.707">
  <mem-info id="6234" free="31457280" total="113246208" percent="27">
    <mem type="eden" free="1048456" total="35651584" percent="2" />
    <remembered-set count="2784" freebytes="4509312" totalbytes="4520448" percent="99" regionsoverflowed="0" regionsstable="18" regionsrebuilding="0"/>
  </mem-info>
</gc-start>
<allocation-stats totalBytes="34596936" >
  <allocated-bytes non-tlh="0" tlh="34596936" arrayletleaf="0"/>
  <largest-consumer threadName="main" threadId="00000000020B9700" bytes="34596936" />
</allocation-stats>
<gc-op id="6235" type="copy forward" timems="1.086" contextid="6232" timestamp="2019-07-07T05:34:55.709">
  <memory-copied type="eden" objects="2" bytes="104" bytesdiscarded="0" />
  <memory-copied type="other" objects="20" bytes="672" bytesdiscarded="0" />
  <memory-cardclean objects="55" bytes="1824" />
  <regions eden="33" other="2" />
  <remembered-set-cleared processed="71" cleared="1" durationms="0.130" />
  <stringconstants candidates="13269" cleared="0"  />
</gc-op>
<gc-op id="6236" type="classunload" timems="0.003" contextid="6232" timestamp="2019-07-07T05:34:55.709">
  <classunload-info classloadercandidates="53" classloadersunloaded="0" classesunloaded="0" anonymousclassesunloaded="0" quiescems="0.000" setupms="0.003" scanms="0.000" postms="0.000" />
</gc-op>
<gc-end id="6237" type="partial gc" contextid="6232" durationms="2.292" usertimems="0.000" systemtimems="4.000" timestamp="2019-07-07T05:34:55.709" activeThreads="1">
  <mem-info id="6238" free="66060288" total="113246208" percent="58">
    <mem type="eden" free="1048472" total="1048576" percent="99" />
    <remembered-set count="3168" freebytes="4507776" totalbytes="4520448" percent="99" regionsoverflowed="0" regionsstable="18" regionsrebuilding="0"/>
  </mem-info>
</gc-end>
<cycle-end id="6239" type="partial gc" contextid="6232" timestamp="2019-07-07T05:34:55.709" />
  <attribute name="elasticGC enabled" value="1" />
  <attribute name= "numThreadsSpecified" value="1" />
  <attribute name="heapSize specified" value="0" />
  <attribute name="Current GC Util" value="178" />
  <attribute name= "Current Time Running" value="25235" />
  <attribute name ="GC Interval" value="0" />
  <attribute name="ProportionalT" value="79.000000" />
  <attribute name="ProportionalI" value="79.000000" />
  <attribute name="ProportionalH" value="79.000000" />
  <attribute name="Current Error" value="158.000000" />
  <attribute name="IntegralT" value="0.000000" />
  <attribute name="IntegralI" value="0.000000" />
  <attribute name="IntegralH" value="0.000000" />
  <attribute name="DerivativeT" value="inf" />
  <attribute name="DerivativeI" value="inf" />
  <attribute name="DerivativeH" value="inf" />
  <attribute name="Loop Time for DT" value="0.000000" />
  <attribute name="Output H" value="8388608"/>
  <attribute name="Output I" value="200"/>
  <attribute name="Output T" value="1"/>
  <attribute name="Target GC Util Change" value ="20.000000" />
  <attribute name="Current GC Util Change" value="178.000000"/>
  <attribute name="GC Util currently" value="178" />
  <attribute name="CPU Util currently" value="10547288678210" />
<exclusive-end id="6240" timestamp="2019-07-07T05:34:55.710" durationms="3.359" />

<exclusive-start id="6241" timestamp="2019-07-07T05:34:55.761" intervalms="54.288">
  <response-info timems="0.061" idlems="0.061" threads="0" lastid="00000000020B9700" lastname="main" />
</exclusive-start>
<allocation-taxation id="6242" taxation-threshold="34603008" timestamp="2019-07-07T05:34:55.761" intervalms="54.297" />
<cycle-start id="6243" type="partial gc" contextid="0" timestamp="2019-07-07T05:34:55.761" intervalms="54.297" />
<gc-start id="6244" type="partial gc" contextid="6243" timestamp="2019-07-07T05:34:55.761">
  <mem-info id="6245" free="31457280" total="113246208" percent="27">
    <mem type="eden" free="1048472" total="35651584" percent="2" />
    <remembered-set count="2752" freebytes="4509440" totalbytes="4520448" percent="99" regionsoverflowed="0" regionsstable="18" regionsrebuilding="0"/>
  </mem-info>
</gc-start>
<allocation-stats totalBytes="34596504" >
  <allocated-bytes non-tlh="0" tlh="34596504" arrayletleaf="0"/>
  <largest-consumer threadName="main" threadId="00000000020B9700" bytes="34596504" />
</allocation-stats>
<gc-op id="6246" type="copy forward" timems="1.091" contextid="6243" timestamp="2019-07-07T05:34:55.763">
  <memory-copied type="eden" objects="1" bytes="24" bytesdiscarded="0" />
  <memory-copied type="other" objects="20" bytes="672" bytesdiscarded="0" />
  <memory-cardclean objects="55" bytes="1824" />
  <regions eden="33" other="2" />
  <remembered-set-cleared processed="71" cleared="1" durationms="0.132" />
  <stringconstants candidates="13269" cleared="0"  />
</gc-op>
<gc-op id="6247" type="classunload" timems="0.003" contextid="6243" timestamp="2019-07-07T05:34:55.763">
  <classunload-info classloadercandidates="53" classloadersunloaded="0" classesunloaded="0" anonymousclassesunloaded="0" quiescems="0.000" setupms="0.003" scanms="0.000" postms="0.000" />
</gc-op>
<gc-end id="6248" type="partial gc" contextid="6243" durationms="2.387" usertimems="4.000" systemtimems="0.000" timestamp="2019-07-07T05:34:55.764" activeThreads="1">
  <mem-info id="6249" free="66060288" total="113246208" percent="58">
    <mem type="eden" free="1048552" total="1048576" percent="99" />
    <remembered-set count="3168" freebytes="4507776" totalbytes="4520448" percent="99" regionsoverflowed="0" regionsstable="18" regionsrebuilding="0"/>
  </mem-info>
</gc-end>
<cycle-end id="6250" type="partial gc" contextid="6243" timestamp="2019-07-07T05:34:55.764" />
  <attribute name="elasticGC enabled" value="1" />
  <attribute name= "numThreadsSpecified" value="1" />
  <attribute name="heapSize specified" value="0" />
  <attribute name="Current GC Util" value="294" />
  <attribute name= "Current Time Running" value="25289" />
  <attribute name ="GC Interval" value="0" />
  <attribute name="ProportionalT" value="137.000000" />
  <attribute name="ProportionalI" value="137.000000" />
  <attribute name="ProportionalH" value="137.000000" />
  <attribute name="Current Error" value="274.000000" />
  <attribute name="IntegralT" value="0.000000" />
  <attribute name="IntegralI" value="0.000000" />
  <attribute name="IntegralH" value="0.000000" />
  <attribute name="DerivativeT" value="inf" />
  <attribute name="DerivativeI" value="inf" />
  <attribute name="DerivativeH" value="inf" />
  <attribute name="Loop Time for DT" value="0.000000" />
  <attribute name="Output H" value="8388608"/>
  <attribute name="Output I" value="200"/>
  <attribute name="Output T" value="1"/>
  <attribute name="Target GC Util Change" value ="20.000000" />
  <attribute name="Current GC Util Change" value="294.000000"/>
  <attribute name="GC Util currently" value="294" />
  <attribute name="CPU Util currently" value="9685790939629" />
<exclusive-end id="6251" timestamp="2019-07-07T05:34:55.764" durationms="3.381" />

<exclusive-start id="6252" timestamp="2019-07-07T05:34:55.814" intervalms="53.300">
  <response-info timems="0.067" idlems="0.067" threads="0" lastid="00000000020B9700" lastname="main" />
</exclusive-start>
<allocation-taxation id="6253" taxation-threshold="34603008" timestamp="2019-07-07T05:34:55.814" intervalms="53.263" />
<cycle-start id="6254" type="partial gc" contextid="0" timestamp="2019-07-07T05:34:55.814" intervalms="53.229" />
<gc-start id="6255" type="partial gc" contextid="6254" timestamp="2019-07-07T05:34:55.815">
  <mem-info id="6256" free="31457280" total="113246208" percent="27">
    <mem type="eden" free="1048552" total="35651584" percent="2" />
    <remembered-set count="2752" freebytes="4509440" totalbytes="4520448" percent="99" regionsoverflowed="0" regionsstable="18" regionsrebuilding="0"/>
  </mem-info>
</gc-start>
<allocation-stats totalBytes="34597040" >
  <allocated-bytes non-tlh="0" tlh="34597040" arrayletleaf="0"/>
  <largest-consumer threadName="main" threadId="00000000020B9700" bytes="34597040" />
</allocation-stats>
<gc-op id="6257" type="copy forward" timems="3.458" contextid="6254" timestamp="2019-07-07T05:34:55.819">
  <memory-copied type="eden" objects="7" bytes="344" bytesdiscarded="0" />
  <memory-copied type="other" objects="20" bytes="672" bytesdiscarded="0" />
  <memory-cardclean objects="55" bytes="1824" />
  <regions eden="33" other="2" />
  <remembered-set-cleared processed="71" cleared="1" durationms="0.113" />
  <stringconstants candidates="13269" cleared="0"  />
</gc-op>
<gc-op id="6258" type="classunload" timems="0.004" contextid="6254" timestamp="2019-07-07T05:34:55.819">
  <classunload-info classloadercandidates="53" classloadersunloaded="0" classesunloaded="0" anonymousclassesunloaded="0" quiescems="0.000" setupms="0.003" scanms="0.000" postms="0.000" />
</gc-op>
<gc-end id="6259" type="partial gc" contextid="6254" durationms="4.708" usertimems="8.000" systemtimems="0.000" timestamp="2019-07-07T05:34:55.819" activeThreads="4">
  <mem-info id="6260" free="66060288" total="113246208" percent="58">
    <mem type="eden" free="1048232" total="1048576" percent="99" />
    <remembered-set count="2368" freebytes="4510976" totalbytes="4520448" percent="99" regionsoverflowed="0" regionsstable="18" regionsrebuilding="0"/>
  </mem-info>
</gc-end>
<cycle-end id="6261" type="partial gc" contextid="6254" timestamp="2019-07-07T05:34:55.819" />
  <attribute name="elasticGC enabled" value="1" />
  <attribute name= "numThreadsSpecified" value="4" />
  <attribute name="heapSize specified" value="0" />
  <attribute name="Current GC Util" value="302" />
  <attribute name= "Current Time Running" value="25343" />
  <attribute name ="GC Interval" value="0" />
  <attribute name="ProportionalT" value="141.000000" />
  <attribute name="ProportionalI" value="141.000000" />
  <attribute name="ProportionalH" value="141.000000" />
  <attribute name="Current Error" value="282.000000" />
  <attribute name="IntegralT" value="141.000000" />
  <attribute name="IntegralI" value="141.000000" />
  <attribute name="IntegralH" value="141.000000" />
  <attribute name="DerivativeT" value="282.000000" />
  <attribute name="DerivativeI" value="282.000000" />
  <attribute name="DerivativeH" value="282.000000" />
  <attribute name="Loop Time for DT" value="1.000000" />
  <attribute name="Output H" value="8388608"/>
  <attribute name="Output I" value="568"/>
  <attribute name="Output T" value="4"/>
  <attribute name="Target GC Util Change" value ="20.000000" />
  <attribute name="Current GC Util Change" value="302.000000"/>
  <attribute name="GC Util currently" value="302" />
  <attribute name="CPU Util currently" value="9855756680056" />
<exclusive-end id="6262" timestamp="2019-07-07T05:34:55.820" durationms="5.688" />

<exclusive-start id="6263" timestamp="2019-07-07T05:34:55.869" intervalms="54.772">
  <response-info timems="0.062" idlems="0.062" threads="0" lastid="00000000020B9700" lastname="main" />
</exclusive-start>
<allocation-taxation id="6264" taxation-threshold="34603008" timestamp="2019-07-07T05:34:55.869" intervalms="54.832" />
<cycle-start id="6265" type="partial gc" contextid="0" timestamp="2019-07-07T05:34:55.869" intervalms="54.871" />
<gc-start id="6266" type="partial gc" contextid="6265" timestamp="2019-07-07T05:34:55.869">
  <mem-info id="6267" free="31457280" total="113246208" percent="27">
    <mem type="eden" free="1048232" total="35651584" percent="2" />
    <remembered-set count="2368" freebytes="4510976" totalbytes="4520448" percent="99" regionsoverflowed="0" regionsstable="18" regionsrebuilding="0"/>
  </mem-info>
</gc-start>
<allocation-stats totalBytes="34594568" >
  <allocated-bytes non-tlh="0" tlh="34594568" arrayletleaf="0"/>
  <largest-consumer threadName="main" threadId="00000000020B9700" bytes="34594568" />
</allocation-stats>
<gc-op id="6268" type="copy forward" timems="1.081" contextid="6265" timestamp="2019-07-07T05:34:55.871">
  <memory-copied type="eden" objects="21" bytes="1216" bytesdiscarded="0" />
  <memory-copied type="other" objects="6" bytes="144" bytesdiscarded="0" />
  <memory-cardclean objects="58" bytes="1872" />
  <regions eden="33" other="2" />
  <remembered-set-cleared processed="71" cleared="1" durationms="0.130" />
  <stringconstants candidates="13269" cleared="0"  />
</gc-op>
<gc-op id="6269" type="classunload" timems="0.003" contextid="6265" timestamp="2019-07-07T05:34:55.872">
  <classunload-info classloadercandidates="53" classloadersunloaded="0" classesunloaded="0" anonymousclassesunloaded="0" quiescems="0.000" setupms="0.003" scanms="0.000" postms="0.000" />
</gc-op>
<gc-end id="6270" type="partial gc" contextid="6265" durationms="2.401" usertimems="0.000" systemtimems="0.000" timestamp="2019-07-07T05:34:55.872" activeThreads="1">
  <mem-info id="6271" free="66060288" total="113246208" percent="58">
    <mem type="eden" free="1047360" total="1048576" percent="99" />
    <remembered-set count="2784" freebytes="4509312" totalbytes="4520448" percent="99" regionsoverflowed="0" regionsstable="18" regionsrebuilding="0"/>
  </mem-info>
</gc-end>
<cycle-end id="6272" type="partial gc" contextid="6265" timestamp="2019-07-07T05:34:55.872" />
  <attribute name="elasticGC enabled" value="1" />
  <attribute name= "numThreadsSpecified" value="1" />
  <attribute name="heapSize specified" value="0" />
  <attribute name="Current GC Util" value="156" />
  <attribute name= "Current Time Running" value="25397" />
  <attribute name ="GC Interval" value="0" />
  <attribute name="ProportionalT" value="68.000000" />
  <attribute name="ProportionalI" value="68.000000" />
  <attribute name="ProportionalH" value="68.000000" />
  <attribute name="Current Error" value="136.000000" />
  <attribute name="IntegralT" value="0.000000" />
  <attribute name="IntegralI" value="0.000000" />
  <attribute name="IntegralH" value="0.000000" />
  <attribute name="DerivativeT" value="inf" />
  <attribute name="DerivativeI" value="inf" />
  <attribute name="DerivativeH" value="inf" />
  <attribute name="Loop Time for DT" value="0.000000" />
  <attribute name="Output H" value="8388608"/>
  <attribute name="Output I" value="200"/>
  <attribute name="Output T" value="1"/>
  <attribute name="Target GC Util Change" value ="20.000000" />
  <attribute name="Current GC Util Change" value="156.000000"/>
  <attribute name="GC Util currently" value="156" />
  <attribute name="CPU Util currently" value="9677396649154" />
<exclusive-end id="6273" timestamp="2019-07-07T05:34:55.872" durationms="3.555" />

<exclusive-start id="6274" timestamp="2019-07-07T05:34:55.883" intervalms="14.133">
  <response-info timems="0.058" idlems="0.058" threads="0" lastid="00000000020B9700" lastname="main" />
</exclusive-start>
<allocation-taxation id="6275" taxation-threshold="34603008" timestamp="2019-07-07T05:34:55.883" intervalms="14.086" />
<cycle-start id="6276" type="partial gc" contextid="0" timestamp="2019-07-07T05:34:55.883" intervalms="14.074" />
<gc-start id="6277" type="partial gc" contextid="6276" timestamp="2019-07-07T05:34:55.883">
  <mem-info id="6278" free="31457280" total="113246208" percent="27">
    <mem type="eden" free="0" total="34603008" percent="0" />
    <remembered-set count="2368" freebytes="4510976" totalbytes="4520448" percent="99" regionsoverflowed="0" regionsstable="18" regionsrebuilding="0"/>
  </mem-info>
</gc-start>
<allocation-stats totalBytes="34552576" >
  <allocated-bytes non-tlh="0" tlh="34552576" arrayletleaf="0"/>
  <largest-consumer threadName="main" threadId="00000000020B9700" bytes="34552576" />
</allocation-stats>
<gc-op id="6279" type="copy forward" timems="1.076" contextid="6276" timestamp="2019-07-07T05:34:55.885">
  <memory-copied type="eden" objects="2" bytes="40" bytesdiscarded="0" />
  <memory-copied type="other" objects="27" bytes="1360" bytesdiscarded="0" />
  <memory-cardclean objects="49" bytes="1712" />
  <regions eden="33" other="2" />
  <remembered-set-cleared processed="71" cleared="1" durationms="0.133" />
  <stringconstants candidates="13269" cleared="0"  />
</gc-op>
<gc-op id="6280" type="classunload" timems="0.003" contextid="6276" timestamp="2019-07-07T05:34:55.886">
  <classunload-info classloadercandidates="53" classloadersunloaded="0" classesunloaded="0" anonymousclassesunloaded="0" quiescems="0.000" setupms="0.003" scanms="0.000" postms="0.000" />
</gc-op>
<gc-end id="6281" type="partial gc" contextid="6276" durationms="2.323" usertimems="4.000" systemtimems="0.000" timestamp="2019-07-07T05:34:55.886" activeThreads="1">
  <mem-info id="6282" free="65011712" total="113246208" percent="57">
    <mem type="eden" free="1048536" total="1048576" percent="99" />
    <remembered-set count="2784" freebytes="4509312" totalbytes="4520448" percent="99" regionsoverflowed="0" regionsstable="18" regionsrebuilding="0"/>
  </mem-info>
</gc-end>
<cycle-end id="6283" type="partial gc" contextid="6276" timestamp="2019-07-07T05:34:55.886" />
  <attribute name="elasticGC enabled" value="1" />
  <attribute name= "numThreadsSpecified" value="1" />
  <attribute name="heapSize specified" value="0" />
  <attribute name="Current GC Util" value="298" />
  <attribute name= "Current Time Running" value="25411" />
  <attribute name ="GC Interval" value="0" />
  <attribute name="ProportionalT" value="139.000000" />
  <attribute name="ProportionalI" value="139.000000" />
  <attribute name="ProportionalH" value="139.000000" />
  <attribute name="Current Error" value="278.000000" />
  <attribute name="IntegralT" value="0.000000" />
  <attribute name="IntegralI" value="0.000000" />
  <attribute name="IntegralH" value="0.000000" />
  <attribute name="DerivativeT" value="inf" />
  <attribute name="DerivativeI" value="inf" />
  <attribute name="DerivativeH" value="inf" />
  <attribute name="Loop Time for DT" value="0.000000" />
  <attribute name="Output H" value="8388608"/>
  <attribute name="Output I" value="200"/>
  <attribute name="Output T" value="1"/>
  <attribute name="Target GC Util Change" value ="20.000000" />
  <attribute name="Current GC Util Change" value="298.000000"/>
  <attribute name="GC Util currently" value="298" />
  <attribute name="CPU Util currently" value="9996978057834" />
<exclusive-end id="6284" timestamp="2019-07-07T05:34:55.886" durationms="3.367" />

<exclusive-start id="6285" timestamp="2019-07-07T05:34:55.897" intervalms="13.876">
  <response-info timems="0.060" idlems="0.060" threads="0" lastid="00000000020B9700" lastname="main" />
</exclusive-start>
<allocation-taxation id="6286" taxation-threshold="34603008" timestamp="2019-07-07T05:34:55.897" intervalms="13.877" />
<cycle-start id="6287" type="partial gc" contextid="0" timestamp="2019-07-07T05:34:55.897" intervalms="13.885" />
<gc-start id="6288" type="partial gc" contextid="6287" timestamp="2019-07-07T05:34:55.897">
  <mem-info id="6289" free="30408704" total="113246208" percent="26">
    <mem type="eden" free="1048536" total="35651584" percent="2" />
    <remembered-set count="2400" freebytes="4510848" totalbytes="4520448" percent="99" regionsoverflowed="0" regionsstable="18" regionsrebuilding="0"/>
  </mem-info>
</gc-start>
<allocation-stats totalBytes="34554584" >
  <allocated-bytes non-tlh="0" tlh="34554584" arrayletleaf="0"/>
  <largest-consumer threadName="main" threadId="00000000020B9700" bytes="34554584" />
</allocation-stats>
<gc-op id="6290" type="copy forward" timems="4.089" contextid="6287" timestamp="2019-07-07T05:34:55.903">
  <memory-copied type="eden" objects="2" bytes="40" bytesdiscarded="752" />
  <memory-copied type="other" objects="21" bytes="1216" bytesdiscarded="624" />
  <memory-cardclean objects="49" bytes="1712" />
  <regions eden="33" other="2" />
  <remembered-set-cleared processed="73" cleared="3" durationms="0.102" />
  <stringconstants candidates="13269" cleared="0"  />
</gc-op>
<gc-op id="6291" type="classunload" timems="0.003" contextid="6287" timestamp="2019-07-07T05:34:55.903">
  <classunload-info classloadercandidates="53" classloadersunloaded="0" classesunloaded="0" anonymousclassesunloaded="0" quiescems="0.000" setupms="0.003" scanms="0.000" postms="0.000" />
</gc-op>
<heap-resize id="6292" type="expand" space="default" amount="7340032" count="1" timems="0.083" reason="excessive time being spent in gc" timestamp="2019-07-07T05:34:55.903" />
<gc-end id="6293" type="partial gc" contextid="6287" durationms="5.644" usertimems="8.000" systemtimems="4.000" timestamp="2019-07-07T05:34:55.903" activeThreads="4">
  <mem-info id="6294" free="72351744" total="120586240" percent="60">
    <mem type="eden" free="1047784" total="1048576" percent="99" />
    <remembered-set count="2368" freebytes="4803968" totalbytes="4813440" percent="99" regionsoverflowed="0" regionsstable="18" regionsrebuilding="0"/>
  </mem-info>
</gc-end>
<cycle-end id="6295" type="partial gc" contextid="6287" timestamp="2019-07-07T05:34:55.903" />
  <attribute name="elasticGC enabled" value="1" />
  <attribute name= "numThreadsSpecified" value="4" />
  <attribute name="heapSize specified" value="0" />
  <attribute name="Current GC Util" value="231" />
  <attribute name= "Current Time Running" value="25426" />
  <attribute name ="GC Interval" value="0" />
  <attribute name="ProportionalT" value="105.500000" />
  <attribute name="ProportionalI" value="105.500000" />
  <attribute name="ProportionalH" value="105.500000" />
  <attribute name="Current Error" value="211.000000" />
  <attribute name="IntegralT" value="105.500000" />
  <attribute name="IntegralI" value="105.500000" />
  <attribute name="IntegralH" value="105.500000" />
  <attribute name="DerivativeT" value="211.000000" />
  <attribute name="DerivativeI" value="211.000000" />
  <attribute name="DerivativeH" value="211.000000" />
  <attribute name="Loop Time for DT" value="1.000000" />
  <attribute name="Output H" value="8388608"/>
  <attribute name="Output I" value="424"/>
  <attribute name="Output T" value="4"/>
  <attribute name="Target GC Util Change" value ="20.000000" />
  <attribute name="Current GC Util Change" value="231.000000"/>
  <attribute name="GC Util currently" value="231" />
  <attribute name="CPU Util currently" value="7507648903693" />
<exclusive-end id="6296" timestamp="2019-07-07T05:34:55.903" durationms="6.577" />

<exclusive-start id="6297" timestamp="2019-07-07T05:34:55.914" intervalms="17.715">
  <response-info timems="0.033" idlems="0.033" threads="0" lastid="00000000020B9700" lastname="main" />
</exclusive-start>
<allocation-taxation id="6298" taxation-threshold="36700160" timestamp="2019-07-07T05:34:55.915" intervalms="17.714" />
<cycle-start id="6299" type="partial gc" contextid="0" timestamp="2019-07-07T05:34:55.915" intervalms="17.707" />
<gc-start id="6300" type="partial gc" contextid="6299" timestamp="2019-07-07T05:34:55.915">
  <mem-info id="6301" free="35651584" total="120586240" percent="29">
    <mem type="eden" free="1047784" total="37748736" percent="2" />
    <remembered-set count="2368" freebytes="4803968" totalbytes="4813440" percent="99" regionsoverflowed="0" regionsstable="18" regionsrebuilding="0"/>
  </mem-info>
</gc-start>
<allocation-stats totalBytes="36649536" >
  <allocated-bytes non-tlh="0" tlh="36649536" arrayletleaf="0"/>
  <largest-consumer threadName="main" threadId="00000000020B9700" bytes="36649536" />
</allocation-stats>
<gc-op id="6302" type="copy forward" timems="1.153" contextid="6299" timestamp="2019-07-07T05:34:55.917">
  <memory-copied type="eden" objects="2" bytes="40" bytesdiscarded="0" />
  <memory-copied type="other" objects="21" bytes="1216" bytesdiscarded="0" />
  <memory-cardclean objects="49" bytes="1712" />
  <regions eden="35" other="2" />
  <remembered-set-cleared processed="73" cleared="3" durationms="0.160" />
  <stringconstants candidates="13269" cleared="0"  />
</gc-op>
<gc-op id="6303" type="classunload" timems="0.003" contextid="6299" timestamp="2019-07-07T05:34:55.917">
  <classunload-info classloadercandidates="53" classloadersunloaded="0" classesunloaded="0" anonymousclassesunloaded="0" quiescems="0.000" setupms="0.003" scanms="0.000" postms="0.000" />
</gc-op>
<gc-end id="6304" type="partial gc" contextid="6299" durationms="2.469" usertimems="4.000" systemtimems="0.000" timestamp="2019-07-07T05:34:55.918" activeThreads="1">
  <mem-info id="6305" free="72351744" total="120586240" percent="60">
    <mem type="eden" free="1048536" total="1048576" percent="99" />
    <remembered-set count="2752" freebytes="4802432" totalbytes="4813440" percent="99" regionsoverflowed="0" regionsstable="18" regionsrebuilding="0"/>
  </mem-info>
</gc-end>
<cycle-end id="6306" type="partial gc" contextid="6299" timestamp="2019-07-07T05:34:55.918" />
  <attribute name="elasticGC enabled" value="1" />
  <attribute name= "numThreadsSpecified" value="1" />
  <attribute name="heapSize specified" value="0" />
  <attribute name="Current GC Util" value="176" />
  <attribute name= "Current Time Running" value="25443" />
  <attribute name ="GC Interval" value="0" />
  <attribute name="ProportionalT" value="78.000000" />
  <attribute name="ProportionalI" value="78.000000" />
  <attribute name="ProportionalH" value="78.000000" />
  <attribute name="Current Error" value="156.000000" />
  <attribute name="IntegralT" value="0.000000" />
  <attribute name="IntegralI" value="0.000000" />
  <attribute name="IntegralH" value="0.000000" />
  <attribute name="DerivativeT" value="inf" />
  <attribute name="DerivativeI" value="inf" />
  <attribute name="DerivativeH" value="inf" />
  <attribute name="Loop Time for DT" value="0.000000" />
  <attribute name="Output H" value="8388608"/>
  <attribute name="Output I" value="200"/>
  <attribute name="Output T" value="1"/>
  <attribute name="Target GC Util Change" value ="20.000000" />
  <attribute name="Current GC Util Change" value="176.000000"/>
  <attribute name="GC Util currently" value="176" />
  <attribute name="CPU Util currently" value="8913778550480" />
<exclusive-end id="6307" timestamp="2019-07-07T05:34:55.918" durationms="3.510" />

<exclusive-start id="6308" timestamp="2019-07-07T05:34:55.929" intervalms="14.692">
  <response-info timems="0.058" idlems="0.058" threads="0" lastid="00000000020B9700" lastname="main" />
</exclusive-start>
<allocation-taxation id="6309" taxation-threshold="36700160" timestamp="2019-07-07T05:34:55.929" intervalms="14.691" />
<cycle-start id="6310" type="partial gc" contextid="0" timestamp="2019-07-07T05:34:55.930" intervalms="14.659" />
<gc-start id="6311" type="partial gc" contextid="6310" timestamp="2019-07-07T05:34:55.930">
  <mem-info id="6312" free="35651584" total="120586240" percent="29">
    <mem type="eden" free="1048536" total="37748736" percent="2" />
    <remembered-set count="2368" freebytes="4803968" totalbytes="4813440" percent="99" regionsoverflowed="0" regionsstable="18" regionsrebuilding="0"/>
  </mem-info>
</gc-start>
<allocation-stats totalBytes="36649536" >
  <allocated-bytes non-tlh="0" tlh="36649536" arrayletleaf="0"/>
  <largest-consumer threadName="main" threadId="00000000020B9700" bytes="36649536" />
</allocation-stats>
<gc-op id="6313" type="copy forward" timems="3.577" contextid="6310" timestamp="2019-07-07T05:34:55.934">
  <memory-copied type="eden" objects="2" bytes="40" bytesdiscarded="752" />
  <memory-copied type="other" objects="21" bytes="1216" bytesdiscarded="488" />
  <memory-cardclean objects="49" bytes="1712" />
  <regions eden="35" other="2" />
  <remembered-set-cleared processed="73" cleared="3" durationms="0.103" />
  <stringconstants candidates="13269" cleared="0"  />
</gc-op>
<gc-op id="6314" type="classunload" timems="0.003" contextid="6310" timestamp="2019-07-07T05:34:55.934">
  <classunload-info classloadercandidates="53" classloadersunloaded="0" classesunloaded="0" anonymousclassesunloaded="0" quiescems="0.000" setupms="0.003" scanms="0.000" postms="0.000" />
</gc-op>
<gc-end id="6315" type="partial gc" contextid="6310" durationms="4.720" usertimems="8.000" systemtimems="0.000" timestamp="2019-07-07T05:34:55.934" activeThreads="4">
  <mem-info id="6316" free="72351744" total="120586240" percent="60">
    <mem type="eden" free="1047784" total="1048576" percent="99" />
    <remembered-set count="2368" freebytes="4803968" totalbytes="4813440" percent="99" regionsoverflowed="0" regionsstable="18" regionsrebuilding="0"/>
  </mem-info>
</gc-end>
<cycle-end id="6317" type="partial gc" contextid="6310" timestamp="2019-07-07T05:34:55.935" />
  <attribute name="elasticGC enabled" value="1" />
  <attribute name= "numThreadsSpecified" value="4" />
  <attribute name="heapSize specified" value="0" />
  <attribute name="Current GC Util" value="307" />
  <attribute name= "Current Time Running" value="25458" />
  <attribute name ="GC Interval" value="0" />
  <attribute name="ProportionalT" value="143.500000" />
  <attribute name="ProportionalI" value="143.500000" />
  <attribute name="ProportionalH" value="143.500000" />
  <attribute name="Current Error" value="287.000000" />
  <attribute name="IntegralT" value="143.500000" />
  <attribute name="IntegralI" value="143.500000" />
  <attribute name="IntegralH" value="143.500000" />
  <attribute name="DerivativeT" value="287.000000" />
  <attribute name="DerivativeI" value="287.000000" />
  <attribute name="DerivativeH" value="287.000000" />
  <attribute name="Loop Time for DT" value="1.000000" />
  <attribute name="Output H" value="8388608"/>
  <attribute name="Output I" value="576"/>
  <attribute name="Output T" value="4"/>
  <attribute name="Target GC Util Change" value ="20.000000" />
  <attribute name="Current GC Util Change" value="307.000000"/>
  <attribute name="GC Util currently" value="307" />
  <attribute name="CPU Util currently" value="9903611357114" />
<exclusive-end id="6318" timestamp="2019-07-07T05:34:55.935" durationms="5.561" />

<exclusive-start id="6319" timestamp="2019-07-07T05:34:55.946" intervalms="17.196">
  <response-info timems="0.061" idlems="0.061" threads="0" lastid="00000000020B9700" lastname="main" />
</exclusive-start>
<allocation-taxation id="6320" taxation-threshold="36700160" timestamp="2019-07-07T05:34:55.946" intervalms="17.158" />
<cycle-start id="6321" type="partial gc" contextid="0" timestamp="2019-07-07T05:34:55.947" intervalms="17.153" />
<gc-start id="6322" type="partial gc" contextid="6321" timestamp="2019-07-07T05:34:55.947">
  <mem-info id="6323" free="35651584" total="120586240" percent="29">
    <mem type="eden" free="1047784" total="37748736" percent="2" />
    <remembered-set count="2368" freebytes="4803968" totalbytes="4813440" percent="99" regionsoverflowed="0" regionsstable="18" regionsrebuilding="0"/>
  </mem-info>
</gc-start>
<allocation-stats totalBytes="36649536" >
  <allocated-bytes non-tlh="0" tlh="36649536" arrayletleaf="0"/>
  <largest-consumer threadName="main" threadId="00000000020B9700" bytes="36649536" />
</allocation-stats>
<gc-op id="6324" type="copy forward" timems="2.888" contextid="6321" timestamp="2019-07-07T05:34:55.951">
  <memory-copied type="eden" objects="2" bytes="40" bytesdiscarded="752" />
  <memory-copied type="other" objects="21" bytes="1216" bytesdiscarded="488" />
  <memory-cardclean objects="49" bytes="1712" />
  <regions eden="35" other="2" />
  <remembered-set-cleared processed="73" cleared="3" durationms="0.091" />
  <stringconstants candidates="13269" cleared="0"  />
</gc-op>
<gc-op id="6325" type="classunload" timems="0.004" contextid="6321" timestamp="2019-07-07T05:34:55.951">
  <classunload-info classloadercandidates="53" classloadersunloaded="0" classesunloaded="0" anonymousclassesunloaded="0" quiescems="0.000" setupms="0.004" scanms="0.000" postms="0.000" />
</gc-op>
<gc-end id="6326" type="partial gc" contextid="6321" durationms="4.072" usertimems="8.000" systemtimems="0.000" timestamp="2019-07-07T05:34:55.951" activeThreads="4">
  <mem-info id="6327" free="72351744" total="120586240" percent="60">
    <mem type="eden" free="1047784" total="1048576" percent="99" />
    <remembered-set count="2880" freebytes="4801920" totalbytes="4813440" percent="99" regionsoverflowed="0" regionsstable="18" regionsrebuilding="0"/>
  </mem-info>
</gc-end>
<cycle-end id="6328" type="partial gc" contextid="6321" timestamp="2019-07-07T05:34:55.951" />
  <attribute name="elasticGC enabled" value="1" />
  <attribute name= "numThreadsSpecified" value="4" />
  <attribute name="heapSize specified" value="0" />
  <attribute name="Current GC Util" value="154" />
  <attribute name= "Current Time Running" value="25475" />
  <attribute name ="GC Interval" value="0" />
  <attribute name="ProportionalT" value="67.000000" />
  <attribute name="ProportionalI" value="67.000000" />
  <attribute name="ProportionalH" value="67.000000" />
  <attribute name="Current Error" value="134.000000" />
  <attribute name="IntegralT" value="67.000000" />
  <attribute name="IntegralI" value="67.000000" />
  <attribute name="IntegralH" value="67.000000" />
  <attribute name="DerivativeT" value="102.000000" />
  <attribute name="DerivativeI" value="102.000000" />
  <attribute name="DerivativeH" value="102.000000" />
  <attribute name="Loop Time for DT" value="1.000000" />
  <attribute name="Output H" value="8388608"/>
  <attribute name="Output I" value="240"/>
  <attribute name="Output T" value="4"/>
  <attribute name="Target GC Util Change" value ="20.000000" />
  <attribute name="Current GC Util Change" value="154.000000"/>
  <attribute name="GC Util currently" value="154" />
  <attribute name="CPU Util currently" value="9688985808476" />
<exclusive-end id="6329" timestamp="2019-07-07T05:34:55.951" durationms="4.984" />

<exclusive-start id="6330" timestamp="2019-07-07T05:34:55.985" intervalms="38.951">
  <response-info timems="0.068" idlems="0.068" threads="0" lastid="00000000020B9700" lastname="main" />
</exclusive-start>
<allocation-taxation id="6331" taxation-threshold="36700160" timestamp="2019-07-07T05:34:55.985" intervalms="38.992" />
<cycle-start id="6332" type="partial gc" contextid="0" timestamp="2019-07-07T05:34:55.986" intervalms="39.003" />
<gc-start id="6333" type="partial gc" contextid="6332" timestamp="2019-07-07T05:34:55.986">
  <mem-info id="6334" free="35651584" total="120586240" percent="29">
    <mem type="eden" free="1047784" total="37748736" percent="2" />
    <remembered-set count="2464" freebytes="4803584" totalbytes="4813440" percent="99" regionsoverflowed="0" regionsstable="18" regionsrebuilding="0"/>
  </mem-info>
</gc-start>
<allocation-stats totalBytes="36695272" >
  <allocated-bytes non-tlh="0" tlh="36695272" arrayletleaf="0"/>
  <largest-consumer threadName="main" threadId="00000000020B9700" bytes="36695272" />
</allocation-stats>
<gc-op id="6335" type="copy forward" timems="1.883" contextid="6332" timestamp="2019-07-07T05:34:55.989">
  <memory-copied type="eden" objects="36" bytes="1248" bytesdiscarded="0" />
  <memory-copied type="other" objects="6" bytes="144" bytesdiscarded="0" />
  <memory-cardclean objects="133" bytes="3888" />
  <regions eden="35" other="2" />
  <remembered-set-cleared processed="73" cleared="3" durationms="0.167" />
  <stringconstants candidates="13269" cleared="0"  />
</gc-op>
<gc-op id="6336" type="classunload" timems="0.003" contextid="6332" timestamp="2019-07-07T05:34:55.989">
  <classunload-info classloadercandidates="53" classloadersunloaded="0" classesunloaded="0" anonymousclassesunloaded="0" quiescems="0.000" setupms="0.003" scanms="0.000" postms="0.000" />
</gc-op>
<gc-end id="6337" type="partial gc" contextid="6332" durationms="3.086" usertimems="4.000" systemtimems="0.000" timestamp="2019-07-07T05:34:55.989" activeThreads="4">
  <mem-info id="6338" free="72351744" total="120586240" percent="60">
    <mem type="eden" free="1047328" total="1048576" percent="99" />
    <remembered-set count="2368" freebytes="4803968" totalbytes="4813440" percent="99" regionsoverflowed="0" regionsstable="18" regionsrebuilding="0"/>
  </mem-info>
</gc-end>
<cycle-end id="6339" type="partial gc" contextid="6332" timestamp="2019-07-07T05:34:55.989" />
  <attribute name="elasticGC enabled" value="1" />
  <attribute name= "numThreadsSpecified" value="4" />
  <attribute name="heapSize specified" value="0" />
  <attribute name="Current GC Util" value="159" />
  <attribute name= "Current Time Running" value="25514" />
  <attribute name ="GC Interval" value="0" />
  <attribute name="ProportionalT" value="69.500000" />
  <attribute name="ProportionalI" value="69.500000" />
  <attribute name="ProportionalH" value="69.500000" />
  <attribute name="Current Error" value="139.000000" />
  <attribute name="IntegralT" value="69.500000" />
  <attribute name="IntegralI" value="69.500000" />
  <attribute name="IntegralH" value="69.500000" />
  <attribute name="DerivativeT" value="139.000000" />
  <attribute name="DerivativeI" value="139.000000" />
  <attribute name="DerivativeH" value="139.000000" />
  <attribute name="Loop Time for DT" value="1.000000" />
  <attribute name="Output H" value="8388608"/>
  <attribute name="Output I" value="280"/>
  <attribute name="Output T" value="4"/>
  <attribute name="Target GC Util Change" value ="20.000000" />
  <attribute name="Current GC Util Change" value="159.000000"/>
  <attribute name="GC Util currently" value="159" />
  <attribute name="CPU Util currently" value="9356116487289" />
<exclusive-end id="6340" timestamp="2019-07-07T05:34:55.989" durationms="4.054" />

<exclusive-start id="6341" timestamp="2019-07-07T05:34:56.174" intervalms="189.174">
  <response-info timems="0.067" idlems="0.067" threads="0" lastid="00000000020B9700" lastname="main" />
</exclusive-start>
<allocation-taxation id="6342" taxation-threshold="36700160" timestamp="2019-07-07T05:34:56.175" intervalms="189.208" />
<cycle-start id="6343" type="partial gc" contextid="0" timestamp="2019-07-07T05:34:56.175" intervalms="189.229" />
<gc-start id="6344" type="partial gc" contextid="6343" timestamp="2019-07-07T05:34:56.175">
  <mem-info id="6345" free="35651584" total="120586240" percent="29">
    <mem type="eden" free="0" total="36700160" percent="0" />
    <remembered-set count="2368" freebytes="4803968" totalbytes="4813440" percent="99" regionsoverflowed="0" regionsstable="18" regionsrebuilding="0"/>
  </mem-info>
</gc-start>
<allocation-stats totalBytes="36646416" >
  <allocated-bytes non-tlh="0" tlh="36646416" arrayletleaf="0"/>
  <largest-consumer threadName="main" threadId="00000000020B9700" bytes="36646416" />
</allocation-stats>
<gc-op id="6346" type="copy forward" timems="1.096" contextid="6343" timestamp="2019-07-07T05:34:56.177">
  <memory-copied type="eden" objects="67" bytes="2872" bytesdiscarded="0" />
  <memory-copied type="other" objects="25" bytes="800" bytesdiscarded="0" />
  <memory-cardclean objects="158" bytes="4176" />
  <regions eden="35" other="2" />
  <remembered-set-cleared processed="73" cleared="7" durationms="0.136" />
  <stringconstants candidates="13269" cleared="0"  />
</gc-op>
<gc-op id="6347" type="classunload" timems="0.003" contextid="6343" timestamp="2019-07-07T05:34:56.177">
  <classunload-info classloadercandidates="53" classloadersunloaded="0" classesunloaded="0" anonymousclassesunloaded="0" quiescems="0.000" setupms="0.003" scanms="0.000" postms="0.000" />
</gc-op>
<gc-end id="6348" type="partial gc" contextid="6343" durationms="2.437" usertimems="0.000" systemtimems="0.000" timestamp="2019-07-07T05:34:56.178" activeThreads="1">
  <mem-info id="6349" free="71303168" total="120586240" percent="59">
    <mem type="eden" free="1045704" total="1048576" percent="99" />
    <remembered-set count="2752" freebytes="4802432" totalbytes="4813440" percent="99" regionsoverflowed="0" regionsstable="18" regionsrebuilding="0"/>
  </mem-info>
</gc-end>
<cycle-end id="6350" type="partial gc" contextid="6343" timestamp="2019-07-07T05:34:56.178" />
  <attribute name="elasticGC enabled" value="1" />
  <attribute name= "numThreadsSpecified" value="1" />
  <attribute name="heapSize specified" value="0" />
  <attribute name="Current GC Util" value="175" />
  <attribute name= "Current Time Running" value="25703" />
  <attribute name ="GC Interval" value="0" />
  <attribute name="ProportionalT" value="77.500000" />
  <attribute name="ProportionalI" value="77.500000" />
  <attribute name="ProportionalH" value="77.500000" />
  <attribute name="Current Error" value="155.000000" />
  <attribute name="IntegralT" value="0.000000" />
  <attribute name="IntegralI" value="0.000000" />
  <attribute name="IntegralH" value="0.000000" />
  <attribute name="DerivativeT" value="inf" />
  <attribute name="DerivativeI" value="inf" />
  <attribute name="DerivativeH" value="inf" />
  <attribute name="Loop Time for DT" value="0.000000" />
  <attribute name="Output H" value="8388608"/>
  <attribute name="Output I" value="200"/>
  <attribute name="Output T" value="1"/>
  <attribute name="Target GC Util Change" value ="20.000000" />
  <attribute name="Current GC Util Change" value="175.000000"/>
  <attribute name="GC Util currently" value="175" />
  <attribute name="CPU Util currently" value="8694437128620" />
<exclusive-end id="6351" timestamp="2019-07-07T05:34:56.178" durationms="3.536" />

<exclusive-start id="6352" timestamp="2019-07-07T05:34:56.189" intervalms="14.191">
  <response-info timems="0.058" idlems="0.058" threads="0" lastid="00000000020B9700" lastname="main" />
</exclusive-start>
<allocation-taxation id="6353" taxation-threshold="36700160" timestamp="2019-07-07T05:34:56.189" intervalms="14.186" />
<cycle-start id="6354" type="partial gc" contextid="0" timestamp="2019-07-07T05:34:56.189" intervalms="14.157" />
<gc-start id="6355" type="partial gc" contextid="6354" timestamp="2019-07-07T05:34:56.189">
  <mem-info id="6356" free="34603008" total="120586240" percent="28">
    <mem type="eden" free="0" total="36700160" percent="0" />
    <remembered-set count="2400" freebytes="4803840" totalbytes="4813440" percent="99" regionsoverflowed="0" regionsstable="18" regionsrebuilding="0"/>
  </mem-info>
</gc-start>
<allocation-stats totalBytes="36563296" >
  <allocated-bytes non-tlh="0" tlh="36563296" arrayletleaf="0"/>
  <largest-consumer threadName="main" threadId="00000000020B9700" bytes="36563296" />
</allocation-stats>
<gc-op id="6357" type="copy forward" timems="1.200" contextid="6354" timestamp="2019-07-07T05:34:56.192">
  <memory-copied type="eden" objects="0" bytes="0" bytesdiscarded="0" />
  <memory-copied type="other" objects="86" bytes="3528" bytesdiscarded="0" />
  <memory-cardclean objects="114" bytes="3280" />
  <regions eden="35" other="2" />
  <remembered-set-cleared processed="75" cleared="6" durationms="0.135" />
  <stringconstants candidates="13269" cleared="0"  />
</gc-op>
<gc-op id="6358" type="classunload" timems="0.003" contextid="6354" timestamp="2019-07-07T05:34:56.192">
  <classunload-info classloadercandidates="53" classloadersunloaded="0" classesunloaded="0" anonymousclassesunloaded="0" quiescems="0.000" setupms="0.003" scanms="0.000" postms="0.000" />
</gc-op>
<heap-resize id="6359" type="contract" space="default" amount="6291456" count="1" timems="0.053" reason="insufficient time being spent in gc" timestamp="2019-07-07T05:34:56.192" />
<gc-end id="6360" type="partial gc" contextid="6354" durationms="2.745" usertimems="0.000" systemtimems="4.000" timestamp="2019-07-07T05:34:56.192" activeThreads="1">
  <mem-info id="6361" free="65011712" total="114294784" percent="56">
    <remembered-set count="2848" freebytes="4802048" totalbytes="4813440" percent="99" regionsoverflowed="0" regionsstable="18" regionsrebuilding="0"/>
  </mem-info>
</gc-end>
<cycle-end id="6362" type="partial gc" contextid="6354" timestamp="2019-07-07T05:34:56.192" />
  <attribute name="elasticGC enabled" value="1" />
  <attribute name= "numThreadsSpecified" value="1" />
  <attribute name="heapSize specified" value="0" />
  <attribute name="Current GC Util" value="227" />
  <attribute name= "Current Time Running" value="25717" />
  <attribute name ="GC Interval" value="0" />
  <attribute name="ProportionalT" value="103.500000" />
  <attribute name="ProportionalI" value="103.500000" />
  <attribute name="ProportionalH" value="103.500000" />
  <attribute name="Current Error" value="207.000000" />
  <attribute name="IntegralT" value="0.000000" />
  <attribute name="IntegralI" value="0.000000" />
  <attribute name="IntegralH" value="0.000000" />
  <attribute name="DerivativeT" value="inf" />
  <attribute name="DerivativeI" value="inf" />
  <attribute name="DerivativeH" value="inf" />
  <attribute name="Loop Time for DT" value="0.000000" />
  <attribute name="Output H" value="8388608"/>
  <attribute name="Output I" value="200"/>
  <attribute name="Output T" value="1"/>
  <attribute name="Target GC Util Change" value ="20.000000" />
  <attribute name="Current GC Util Change" value="227.000000"/>
  <attribute name="GC Util currently" value="227" />
  <attribute name="CPU Util currently" value="7322426144065" />
<exclusive-end id="6363" timestamp="2019-07-07T05:34:56.192" durationms="3.779" />

<exclusive-start id="6364" timestamp="2019-07-07T05:34:56.202" intervalms="13.734">
  <response-info timems="0.059" idlems="0.059" threads="0" lastid="00000000020B9700" lastname="main" />
</exclusive-start>
<allocation-taxation id="6365" taxation-threshold="34603008" timestamp="2019-07-07T05:34:56.203" intervalms="13.717" />
<cycle-start id="6366" type="partial gc" contextid="0" timestamp="2019-07-07T05:34:56.203" intervalms="13.734" />
<gc-start id="6367" type="partial gc" contextid="6366" timestamp="2019-07-07T05:34:56.203">
  <mem-info id="6368" free="30408704" total="114294784" percent="26">
    <mem type="eden" free="0" total="34603008" percent="0" />
    <remembered-set count="2400" freebytes="4803840" totalbytes="4813440" percent="99" regionsoverflowed="0" regionsstable="18" regionsrebuilding="0"/>
  </mem-info>
</gc-start>
<allocation-stats totalBytes="34485224" >
  <allocated-bytes non-tlh="0" tlh="34485224" arrayletleaf="0"/>
  <largest-consumer threadName="main" threadId="00000000020B9700" bytes="34485224" />
</allocation-stats>
<gc-op id="6369" type="copy forward" timems="1.042" contextid="6366" timestamp="2019-07-07T05:34:56.205">
  <memory-copied type="eden" objects="1" bytes="24" bytesdiscarded="0" />
  <memory-copied type="other" objects="0" bytes="0" bytesdiscarded="0" />
  <memory-cardclean objects="16" bytes="440" />
  <regions eden="33" other="0" />
  <remembered-set-cleared processed="85" cleared="0" durationms="0.138" />
  <stringconstants candidates="13269" cleared="0"  />
</gc-op>
<gc-op id="6370" type="classunload" timems="0.003" contextid="6366" timestamp="2019-07-07T05:34:56.205">
  <classunload-info classloadercandidates="53" classloadersunloaded="0" classesunloaded="0" anonymousclassesunloaded="0" quiescems="0.000" setupms="0.003" scanms="0.000" postms="0.000" />
</gc-op>
<heap-resize id="6371" type="contract" space="default" amount="6291456" count="1" timems="0.049" reason="insufficient time being spent in gc" timestamp="2019-07-07T05:34:56.206" />
<gc-end id="6372" type="partial gc" contextid="6366" durationms="2.755" usertimems="0.000" systemtimems="0.000" timestamp="2019-07-07T05:34:56.206" activeThreads="1">
  <mem-info id="6373" free="57671680" total="108003328" percent="53">
    <mem type="eden" free="1048552" total="1048576" percent="99" />
    <remembered-set count="2016" freebytes="4554240" totalbytes="4562304" percent="99" regionsoverflowed="0" regionsstable="18" regionsrebuilding="0"/>
  </mem-info>
</gc-end>
<cycle-end id="6374" type="partial gc" contextid="6366" timestamp="2019-07-07T05:34:56.206" />
  <attribute name="elasticGC enabled" value="1" />
  <attribute name= "numThreadsSpecified" value="1" />
  <attribute name="heapSize specified" value="0" />
  <attribute name="Current GC Util" value="199" />
  <attribute name= "Current Time Running" value="25731" />
  <attribute name ="GC Interval" value="0" />
  <attribute name="ProportionalT" value="89.500000" />
  <attribute name="ProportionalI" value="89.500000" />
  <attribute name="ProportionalH" value="89.500000" />
  <attribute name="Current Error" value="179.000000" />
  <attribute name="IntegralT" value="0.000000" />
  <attribute name="IntegralI" value="0.000000" />
  <attribute name="IntegralH" value="0.000000" />
  <attribute name="DerivativeT" value="inf" />
  <attribute name="DerivativeI" value="inf" />
  <attribute name="DerivativeH" value="inf" />
  <attribute name="Loop Time for DT" value="0.000000" />
  <attribute name="Output H" value="8388608"/>
  <attribute name="Output I" value="200"/>
  <attribute name="Output T" value="1"/>
  <attribute name="Target GC Util Change" value ="20.000000" />
  <attribute name="Current GC Util Change" value="199.000000"/>
  <attribute name="GC Util currently" value="199" />
  <attribute name="CPU Util currently" value="6025346791632" />
<exclusive-end id="6375" timestamp="2019-07-07T05:34:56.206" durationms="3.799" />

<exclusive-start id="6376" timestamp="2019-07-07T05:34:56.211" intervalms="8.781">
  <response-info timems="0.057" idlems="0.057" threads="0" lastid="00000000020B9700" lastname="main" />
</exclusive-start>
<allocation-taxation id="6377" taxation-threshold="16777216" timestamp="2019-07-07T05:34:56.211" intervalms="8.765" />
<cycle-start id="6378" type="global mark phase" contextid="0" timestamp="2019-07-07T05:34:56.212" intervalms="2655.143" />
<gc-start id="6379" type="global mark phase" contextid="6378" timestamp="2019-07-07T05:34:56.212">
  <mem-info id="6380" free="40894464" total="108003328" percent="37">
    <remembered-set count="1536" freebytes="4556160" totalbytes="4562304" percent="99" regionsoverflowed="0" regionsstable="18" regionsrebuilding="0"/>
  </mem-info>
</gc-start>
<gc-op id="6381" type="mark increment" timems="1.010" contextid="6378" timestamp="2019-07-07T05:34:56.213">
  <trace-info objectcount="178" scancount="0" scanbytes="0" />
</gc-op>
<gc-end id="6382" type="global mark phase" contextid="6378" durationms="1.355" usertimems="0.000" systemtimems="0.000" timestamp="2019-07-07T05:34:56.213" activeThreads="4">
  <mem-info id="6383" free="40894464" total="108003328" percent="37">
    <remembered-set count="1536" freebytes="4556160" totalbytes="4562304" percent="99" regionsoverflowed="0" regionsstable="0" regionsrebuilding="18"/>
  </mem-info>
</gc-end>
<concurrent-start id="6384" type="GMP work packet processing" contextid="6378" timestamp="2019-07-07T05:34:56.213">
  <concurrent-mark-start scanTarget="1693766" />
</concurrent-start>
<exclusive-end id="6385" timestamp="2019-07-07T05:34:56.213" durationms="2.142" />

<concurrent-end id="6386" type="GMP work packet processing" contextid="6378" timestamp="2019-07-07T05:34:56.218">
  <concurrent-mark-end bytesScanned="1699160" reasonForTermination="Work target met" />
</concurrent-end>

<exclusive-start id="6387" timestamp="2019-07-07T05:34:56.218" intervalms="7.261">
  <response-info timems="0.026" idlems="0.026" threads="0" lastid="00000000020B9700" lastname="main" />
</exclusive-start>
<allocation-taxation id="6388" taxation-threshold="16777216" timestamp="2019-07-07T05:34:56.219" intervalms="7.211" />
<cycle-start id="6389" type="partial gc" contextid="0" timestamp="2019-07-07T05:34:56.219" intervalms="15.891" />
<gc-start id="6390" type="partial gc" contextid="6389" timestamp="2019-07-07T05:34:56.219">
  <mem-info id="6391" free="24117248" total="108003328" percent="22">
    <mem type="eden" free="1048552" total="34603008" percent="3" />
    <remembered-set count="14560" freebytes="4504064" totalbytes="4562304" percent="98" regionsoverflowed="0" regionsstable="0" regionsrebuilding="18"/>
  </mem-info>
</gc-start>
<allocation-stats totalBytes="33442120" >
  <allocated-bytes non-tlh="0" tlh="33442120" arrayletleaf="0"/>
  <largest-consumer threadName="main" threadId="00000000020B9700" bytes="16722304" />
</allocation-stats>
<gc-op id="6392" type="copy forward" timems="3.917" contextid="6389" timestamp="2019-07-07T05:34:56.224">
  <memory-copied type="eden" objects="1" bytes="24" bytesdiscarded="0" />
  <memory-copied type="other" objects="0" bytes="0" bytesdiscarded="0" />
  <memory-cardclean objects="16" bytes="440" />
  <regions eden="32" other="1" />
  <remembered-set-cleared processed="12920" cleared="0" durationms="0.226" />
  <stringconstants candidates="13269" cleared="0"  />
</gc-op>
<gc-op id="6393" type="classunload" timems="0.004" contextid="6389" timestamp="2019-07-07T05:34:56.224">
  <classunload-info classloadercandidates="53" classloadersunloaded="0" classesunloaded="0" anonymousclassesunloaded="0" quiescems="0.000" setupms="0.003" scanms="0.000" postms="0.000" />
</gc-op>
<heap-resize id="6394" type="expand" space="default" amount="17825792" count="1" timems="0.102" reason="excessive time being spent in gc" timestamp="2019-07-07T05:34:56.224" />
<gc-end id="6395" type="partial gc" contextid="6389" durationms="5.640" usertimems="8.000" systemtimems="4.000" timestamp="2019-07-07T05:34:56.225" activeThreads="4">
  <mem-info id="6396" free="75497472" total="125829120" percent="60">
    <mem type="eden" free="1048552" total="1048576" percent="99" />
    <remembered-set count="15040" freebytes="4962560" totalbytes="5022720" percent="98" regionsoverflowed="0" regionsstable="0" regionsrebuilding="18"/>
  </mem-info>
</gc-end>
<cycle-end id="6397" type="partial gc" contextid="6389" timestamp="2019-07-07T05:34:56.225" />
  <attribute name="elasticGC enabled" value="1" />
  <attribute name= "numThreadsSpecified" value="4" />
  <attribute name="heapSize specified" value="0" />
  <attribute name="Current GC Util" value="202" />
  <attribute name= "Current Time Running" value="25747" />
  <attribute name ="GC Interval" value="0" />
  <attribute name="ProportionalT" value="91.000000" />
  <attribute name="ProportionalI" value="91.000000" />
  <attribute name="ProportionalH" value="91.000000" />
  <attribute name="Current Error" value="182.000000" />
  <attribute name="IntegralT" value="91.000000" />
  <attribute name="IntegralI" value="91.000000" />
  <attribute name="IntegralH" value="91.000000" />
  <attribute name="DerivativeT" value="182.000000" />
  <attribute name="DerivativeI" value="182.000000" />
  <attribute name="DerivativeH" value="182.000000" />
  <attribute name="Loop Time for DT" value="1.000000" />
  <attribute name="Output H" value="8388608"/>
  <attribute name="Output I" value="368"/>
  <attribute name="Output T" value="4"/>
  <attribute name="Target GC Util Change" value ="20.000000" />
  <attribute name="Current GC Util Change" value="202.000000"/>
  <attribute name="GC Util currently" value="202" />
  <attribute name="CPU Util currently" value="6292964762141" />
<exclusive-end id="6398" timestamp="2019-07-07T05:34:56.225" durationms="6.413" />

<exclusive-start id="6399" timestamp="2019-07-07T05:34:56.230" intervalms="11.977">
  <response-info timems="0.052" idlems="0.052" threads="0" lastid="00000000020B9700" lastname="main" />
</exclusive-start>
<allocation-taxation id="6400" taxation-threshold="18874368" timestamp="2019-07-07T05:34:56.231" intervalms="12.025" />
<gc-start id="6401" type="global mark phase" contextid="6378" timestamp="2019-07-07T05:34:56.231">
  <mem-info id="6402" free="56623104" total="125829120" percent="45">
    <remembered-set count="15040" freebytes="4962560" totalbytes="5022720" percent="98" regionsoverflowed="0" regionsstable="0" regionsrebuilding="18"/>
  </mem-info>
</gc-start>
<gc-end id="6403" type="global mark phase" contextid="6378" durationms="0.197" usertimems="0.000" systemtimems="0.000" timestamp="2019-07-07T05:34:56.231" activeThreads="4">
  <mem-info id="6404" free="56623104" total="125829120" percent="45">
    <remembered-set count="15040" freebytes="4962560" totalbytes="5022720" percent="98" regionsoverflowed="0" regionsstable="0" regionsrebuilding="18"/>
  </mem-info>
</gc-end>
<concurrent-start id="6405" type="GMP work packet processing" contextid="6378" timestamp="2019-07-07T05:34:56.231">
  <concurrent-mark-start scanTarget="1693766" />
</concurrent-start>
<exclusive-end id="6406" timestamp="2019-07-07T05:34:56.231" durationms="0.904" />

<concurrent-end id="6407" type="GMP work packet processing" contextid="6378" timestamp="2019-07-07T05:34:56.234">
  <concurrent-mark-end bytesScanned="1737272" reasonForTermination="Work target met" />
</concurrent-end>

<exclusive-start id="6408" timestamp="2019-07-07T05:34:56.238" intervalms="7.511">
  <response-info timems="0.028" idlems="0.028" threads="0" lastid="00000000020B9700" lastname="main" />
</exclusive-start>
<allocation-taxation id="6409" taxation-threshold="18874368" timestamp="2019-07-07T05:34:56.238" intervalms="7.515" />
<cycle-start id="6410" type="partial gc" contextid="0" timestamp="2019-07-07T05:34:56.238" intervalms="19.580" />
<gc-start id="6411" type="partial gc" contextid="6410" timestamp="2019-07-07T05:34:56.238">
  <mem-info id="6412" free="37748736" total="125829120" percent="30">
    <mem type="eden" free="1048552" total="38797312" percent="2" />
    <remembered-set count="35328" freebytes="4881408" totalbytes="5022720" percent="97" regionsoverflowed="0" regionsstable="0" regionsrebuilding="18"/>
  </mem-info>
</gc-start>
<allocation-stats totalBytes="37622672" >
  <allocated-bytes non-tlh="0" tlh="37622672" arrayletleaf="0"/>
  <largest-consumer threadName="main" threadId="00000000020B9700" bytes="18812568" />
</allocation-stats>
<gc-op id="6413" type="copy forward" timems="1.601" contextid="6410" timestamp="2019-07-07T05:34:56.241">
  <memory-copied type="eden" objects="1" bytes="24" bytesdiscarded="0" />
  <memory-copied type="other" objects="67" bytes="2872" bytesdiscarded="0" />
  <memory-cardclean objects="57" bytes="1944" />
  <regions eden="36" other="2" />
  <remembered-set-cleared processed="31884" cleared="14" durationms="0.354" />
  <stringconstants candidates="13269" cleared="0"  />
</gc-op>
<gc-op id="6414" type="classunload" timems="0.004" contextid="6410" timestamp="2019-07-07T05:34:56.241">
  <classunload-info classloadercandidates="53" classloadersunloaded="0" classesunloaded="0" anonymousclassesunloaded="0" quiescems="0.000" setupms="0.003" scanms="0.000" postms="0.000" />
</gc-op>
<gc-end id="6415" type="partial gc" contextid="6410" durationms="2.833" usertimems="0.000" systemtimems="0.000" timestamp="2019-07-07T05:34:56.241" activeThreads="1">
  <mem-info id="6416" free="75497472" total="125829120" percent="60">
    <mem type="eden" free="1048552" total="1048576" percent="99" />
    <remembered-set count="35776" freebytes="4879616" totalbytes="5022720" percent="97" regionsoverflowed="0" regionsstable="0" regionsrebuilding="18"/>
  </mem-info>
</gc-end>
<cycle-end id="6417" type="partial gc" contextid="6410" timestamp="2019-07-07T05:34:56.242" />
  <attribute name="elasticGC enabled" value="1" />
  <attribute name= "numThreadsSpecified" value="1" />
  <attribute name="heapSize specified" value="0" />
  <attribute name="Current GC Util" value="180" />
  <attribute name= "Current Time Running" value="25766" />
  <attribute name ="GC Interval" value="0" />
  <attribute name="ProportionalT" value="80.000000" />
  <attribute name="ProportionalI" value="80.000000" />
  <attribute name="ProportionalH" value="80.000000" />
  <attribute name="Current Error" value="160.000000" />
  <attribute name="IntegralT" value="0.000000" />
  <attribute name="IntegralI" value="0.000000" />
  <attribute name="IntegralH" value="0.000000" />
  <attribute name="DerivativeT" value="inf" />
  <attribute name="DerivativeI" value="inf" />
  <attribute name="DerivativeH" value="inf" />
  <attribute name="Loop Time for DT" value="0.000000" />
  <attribute name="Output H" value="8388608"/>
  <attribute name="Output I" value="200"/>
  <attribute name="Output T" value="1"/>
  <attribute name="Target GC Util Change" value ="20.000000" />
  <attribute name="Current GC Util Change" value="180.000000"/>
  <attribute name="GC Util currently" value="180" />
  <attribute name="CPU Util currently" value="11771622006493" />
<exclusive-end id="6418" timestamp="2019-07-07T05:34:56.242" durationms="3.821" />

<exclusive-start id="6419" timestamp="2019-07-07T05:34:56.247" intervalms="9.428">
  <response-info timems="0.059" idlems="0.059" threads="0" lastid="00000000020B9700" lastname="main" />
</exclusive-start>
<allocation-taxation id="6420" taxation-threshold="18874368" timestamp="2019-07-07T05:34:56.248" intervalms="9.433" />
<gc-start id="6421" type="global mark phase" contextid="6378" timestamp="2019-07-07T05:34:56.248">
  <mem-info id="6422" free="56623104" total="125829120" percent="45">
    <remembered-set count="35424" freebytes="4881024" totalbytes="5022720" percent="97" regionsoverflowed="0" regionsstable="0" regionsrebuilding="18"/>
  </mem-info>
</gc-start>
<gc-end id="6423" type="global mark phase" contextid="6378" durationms="0.154" usertimems="0.000" systemtimems="0.000" timestamp="2019-07-07T05:34:56.248" activeThreads="1">
  <mem-info id="6424" free="56623104" total="125829120" percent="45">
    <remembered-set count="35424" freebytes="4881024" totalbytes="5022720" percent="97" regionsoverflowed="0" regionsstable="0" regionsrebuilding="18"/>
  </mem-info>
</gc-end>
<concurrent-start id="6425" type="GMP work packet processing" contextid="6378" timestamp="2019-07-07T05:34:56.248">
  <concurrent-mark-start scanTarget="1048576" />
</concurrent-start>
<exclusive-end id="6426" timestamp="2019-07-07T05:34:56.248" durationms="0.882" />

<concurrent-end id="6427" type="GMP work packet processing" contextid="6378" timestamp="2019-07-07T05:34:56.250">
  <concurrent-mark-end bytesScanned="1089016" reasonForTermination="Work target met" />
</concurrent-end>

<exclusive-start id="6428" timestamp="2019-07-07T05:34:56.255" intervalms="7.154">
  <response-info timems="0.058" idlems="0.058" threads="0" lastid="00000000020B9700" lastname="main" />
</exclusive-start>
<allocation-taxation id="6429" taxation-threshold="18874368" timestamp="2019-07-07T05:34:56.255" intervalms="7.122" />
<cycle-start id="6430" type="partial gc" contextid="0" timestamp="2019-07-07T05:34:56.255" intervalms="16.581" />
<gc-start id="6431" type="partial gc" contextid="6430" timestamp="2019-07-07T05:34:56.255">
  <mem-info id="6432" free="37748736" total="125829120" percent="30">
    <mem type="eden" free="1048552" total="38797312" percent="2" />
    <remembered-set count="47264" freebytes="4833664" totalbytes="5022720" percent="96" regionsoverflowed="0" regionsstable="0" regionsrebuilding="18"/>
  </mem-info>
</gc-start>
<allocation-stats totalBytes="37622696" >
  <allocated-bytes non-tlh="0" tlh="37622696" arrayletleaf="0"/>
  <largest-consumer threadName="main" threadId="00000000020B9700" bytes="18812568" />
</allocation-stats>
<gc-op id="6433" type="copy forward" timems="1.573" contextid="6430" timestamp="2019-07-07T05:34:56.257">
  <memory-copied type="eden" objects="1" bytes="24" bytesdiscarded="0" />
  <memory-copied type="other" objects="67" bytes="2872" bytesdiscarded="0" />
  <memory-cardclean objects="57" bytes="1944" />
  <regions eden="36" other="2" />
  <remembered-set-cleared processed="43583" cleared="38" durationms="0.359" />
  <stringconstants candidates="13269" cleared="0"  />
</gc-op>
<gc-op id="6434" type="classunload" timems="0.003" contextid="6430" timestamp="2019-07-07T05:34:56.258">
  <classunload-info classloadercandidates="53" classloadersunloaded="0" classesunloaded="0" anonymousclassesunloaded="0" quiescems="0.000" setupms="0.003" scanms="0.000" postms="0.000" />
</gc-op>
<gc-end id="6435" type="partial gc" contextid="6430" durationms="2.720" usertimems="0.000" systemtimems="4.000" timestamp="2019-07-07T05:34:56.258" activeThreads="1">
  <mem-info id="6436" free="75497472" total="125829120" percent="60">
    <mem type="eden" free="1048552" total="1048576" percent="99" />
    <remembered-set count="47680" freebytes="4832000" totalbytes="5022720" percent="96" regionsoverflowed="0" regionsstable="0" regionsrebuilding="18"/>
  </mem-info>
</gc-end>
<cycle-end id="6437" type="partial gc" contextid="6430" timestamp="2019-07-07T05:34:56.258" />
  <attribute name="elasticGC enabled" value="1" />
  <attribute name= "numThreadsSpecified" value="1" />
  <attribute name="heapSize specified" value="0" />
  <attribute name="Current GC Util" value="168" />
  <attribute name= "Current Time Running" value="25783" />
  <attribute name ="GC Interval" value="0" />
  <attribute name="ProportionalT" value="74.000000" />
  <attribute name="ProportionalI" value="74.000000" />
  <attribute name="ProportionalH" value="74.000000" />
  <attribute name="Current Error" value="148.000000" />
  <attribute name="IntegralT" value="0.000000" />
  <attribute name="IntegralI" value="0.000000" />
  <attribute name="IntegralH" value="0.000000" />
  <attribute name="DerivativeT" value="inf" />
  <attribute name="DerivativeI" value="inf" />
  <attribute name="DerivativeH" value="inf" />
  <attribute name="Loop Time for DT" value="0.000000" />
  <attribute name="Output H" value="8388608"/>
  <attribute name="Output I" value="200"/>
  <attribute name="Output T" value="1"/>
  <attribute name="Target GC Util Change" value ="20.000000" />
  <attribute name="Current GC Util Change" value="168.000000"/>
  <attribute name="GC Util currently" value="168" />
  <attribute name="CPU Util currently" value="10326049416882" />
<exclusive-end id="6438" timestamp="2019-07-07T05:34:56.258" durationms="3.715" />

<exclusive-start id="6439" timestamp="2019-07-07T05:34:56.264" intervalms="9.788">
  <response-info timems="0.060" idlems="0.060" threads="0" lastid="00000000020B9700" lastname="main" />
</exclusive-start>
<allocation-taxation id="6440" taxation-threshold="18874368" timestamp="2019-07-07T05:34:56.264" intervalms="9.819" />
<gc-start id="6441" type="global mark phase" contextid="6378" timestamp="2019-07-07T05:34:56.265">
  <mem-info id="6442" free="56623104" total="125829120" percent="45">
    <remembered-set count="47296" freebytes="4833536" totalbytes="5022720" percent="96" regionsoverflowed="0" regionsstable="0" regionsrebuilding="18"/>
  </mem-info>
</gc-start>
<gc-end id="6443" type="global mark phase" contextid="6378" durationms="0.132" usertimems="0.000" systemtimems="0.000" timestamp="2019-07-07T05:34:56.265" activeThreads="1">
  <mem-info id="6444" free="56623104" total="125829120" percent="45">
    <remembered-set count="47296" freebytes="4833536" totalbytes="5022720" percent="96" regionsoverflowed="0" regionsstable="0" regionsrebuilding="18"/>
  </mem-info>
</gc-end>
<concurrent-start id="6445" type="GMP work packet processing" contextid="6378" timestamp="2019-07-07T05:34:56.265">
  <concurrent-mark-start scanTarget="1048576" />
</concurrent-start>
<exclusive-end id="6446" timestamp="2019-07-07T05:34:56.265" durationms="0.838" />

<concurrent-end id="6447" type="GMP work packet processing" contextid="6378" timestamp="2019-07-07T05:34:56.267">
  <concurrent-mark-end bytesScanned="1101800" reasonForTermination="Work target met" />
</concurrent-end>

<exclusive-start id="6448" timestamp="2019-07-07T05:34:56.271" intervalms="7.018">
  <response-info timems="0.029" idlems="0.029" threads="0" lastid="00000000020B9700" lastname="main" />
</exclusive-start>
<allocation-taxation id="6449" taxation-threshold="18874368" timestamp="2019-07-07T05:34:56.271" intervalms="7.016" />
<cycle-start id="6450" type="partial gc" contextid="0" timestamp="2019-07-07T05:34:56.272" intervalms="16.838" />
<gc-start id="6451" type="partial gc" contextid="6450" timestamp="2019-07-07T05:34:56.272">
  <mem-info id="6452" free="37748736" total="125829120" percent="30">
    <mem type="eden" free="1048552" total="38797312" percent="2" />
    <remembered-set count="58400" freebytes="4789120" totalbytes="5022720" percent="95" regionsoverflowed="0" regionsstable="0" regionsrebuilding="18"/>
  </mem-info>
</gc-start>
<allocation-stats totalBytes="37622672" >
  <allocated-bytes non-tlh="0" tlh="37622672" arrayletleaf="0"/>
  <largest-consumer threadName="main" threadId="00000000020B9700" bytes="18812568" />
</allocation-stats>
<gc-op id="6453" type="copy forward" timems="4.583" contextid="6450" timestamp="2019-07-07T05:34:56.277">
  <memory-copied type="eden" objects="1" bytes="24" bytesdiscarded="0" />
  <memory-copied type="other" objects="67" bytes="2872" bytesdiscarded="1016" />
  <memory-cardclean objects="57" bytes="1944" />
  <regions eden="36" other="2" />
  <remembered-set-cleared processed="54799" cleared="42" durationms="0.397" />
  <stringconstants candidates="13269" cleared="0"  />
</gc-op>
<gc-op id="6454" type="classunload" timems="0.003" contextid="6450" timestamp="2019-07-07T05:34:56.278">
  <classunload-info classloadercandidates="53" classloadersunloaded="0" classesunloaded="0" anonymousclassesunloaded="0" quiescems="0.000" setupms="0.003" scanms="0.000" postms="0.000" />
</gc-op>
<gc-end id="6455" type="partial gc" contextid="6450" durationms="5.830" usertimems="12.000" systemtimems="0.000" timestamp="2019-07-07T05:34:56.278" activeThreads="4">
  <mem-info id="6456" free="75497472" total="125829120" percent="60">
    <mem type="eden" free="1048552" total="1048576" percent="99" />
    <remembered-set count="58912" freebytes="4787072" totalbytes="5022720" percent="95" regionsoverflowed="0" regionsstable="0" regionsrebuilding="18"/>
  </mem-info>
</gc-end>
<cycle-end id="6457" type="partial gc" contextid="6450" timestamp="2019-07-07T05:34:56.278" />
  <attribute name="elasticGC enabled" value="1" />
  <attribute name= "numThreadsSpecified" value="4" />
  <attribute name="heapSize specified" value="0" />
  <attribute name="Current GC Util" value="163" />
  <attribute name= "Current Time Running" value="25800" />
  <attribute name ="GC Interval" value="0" />
  <attribute name="ProportionalT" value="71.500000" />
  <attribute name="ProportionalI" value="71.500000" />
  <attribute name="ProportionalH" value="71.500000" />
  <attribute name="Current Error" value="143.000000" />
  <attribute name="IntegralT" value="71.500000" />
  <attribute name="IntegralI" value="71.500000" />
  <attribute name="IntegralH" value="71.500000" />
  <attribute name="DerivativeT" value="94.000000" />
  <attribute name="DerivativeI" value="94.000000" />
  <attribute name="DerivativeH" value="94.000000" />
  <attribute name="Loop Time for DT" value="1.000000" />
  <attribute name="Output H" value="8388608"/>
  <attribute name="Output I" value="240"/>
  <attribute name="Output T" value="4"/>
  <attribute name="Target GC Util Change" value ="20.000000" />
  <attribute name="Current GC Util Change" value="163.000000"/>
  <attribute name="GC Util currently" value="163" />
  <attribute name="CPU Util currently" value="9825728354493" />
<exclusive-end id="6458" timestamp="2019-07-07T05:34:56.278" durationms="6.783" />

<exclusive-start id="6459" timestamp="2019-07-07T05:34:56.284" intervalms="12.494">
  <response-info timems="0.093" idlems="0.093" threads="0" lastid="00000000020B9700" lastname="main" />
</exclusive-start>
<allocation-taxation id="6460" taxation-threshold="18874368" timestamp="2019-07-07T05:34:56.284" intervalms="12.491" />
<gc-start id="6461" type="global mark phase" contextid="6378" timestamp="2019-07-07T05:34:56.284">
  <mem-info id="6462" free="56623104" total="125829120" percent="45">
    <remembered-set count="58496" freebytes="4788736" totalbytes="5022720" percent="95" regionsoverflowed="0" regionsstable="0" regionsrebuilding="18"/>
  </mem-info>
</gc-start>
<gc-end id="6463" type="global mark phase" contextid="6378" durationms="0.120" usertimems="0.000" systemtimems="0.000" timestamp="2019-07-07T05:34:56.284" activeThreads="4">
  <mem-info id="6464" free="56623104" total="125829120" percent="45">
    <remembered-set count="58496" freebytes="4788736" totalbytes="5022720" percent="95" regionsoverflowed="0" regionsstable="0" regionsrebuilding="18"/>
  </mem-info>
</gc-end>
<concurrent-start id="6465" type="GMP work packet processing" contextid="6378" timestamp="2019-07-07T05:34:56.284">
  <concurrent-mark-start scanTarget="1693766" />
</concurrent-start>
<exclusive-end id="6466" timestamp="2019-07-07T05:34:56.285" durationms="0.754" />

<concurrent-end id="6467" type="GMP work packet processing" contextid="6378" timestamp="2019-07-07T05:34:56.286">
  <concurrent-mark-end bytesScanned="1739132" reasonForTermination="Work target met" />
</concurrent-end>

<exclusive-start id="6468" timestamp="2019-07-07T05:34:56.291" intervalms="7.146">
  <response-info timems="0.028" idlems="0.028" threads="0" lastid="00000000020B9700" lastname="main" />
</exclusive-start>
<allocation-taxation id="6469" taxation-threshold="18874368" timestamp="2019-07-07T05:34:56.291" intervalms="7.157" />
<cycle-start id="6470" type="partial gc" contextid="0" timestamp="2019-07-07T05:34:56.291" intervalms="19.678" />
<gc-start id="6471" type="partial gc" contextid="6470" timestamp="2019-07-07T05:34:56.292">
  <mem-info id="6472" free="37748736" total="125829120" percent="30">
    <mem type="eden" free="1048552" total="38797312" percent="2" />
    <remembered-set count="72832" freebytes="4731392" totalbytes="5022720" percent="94" regionsoverflowed="0" regionsstable="0" regionsrebuilding="18"/>
  </mem-info>
</gc-start>
<allocation-stats totalBytes="37622696" >
  <allocated-bytes non-tlh="0" tlh="37622696" arrayletleaf="0"/>
  <largest-consumer threadName="main" threadId="00000000020B9700" bytes="18812568" />
</allocation-stats>
<gc-op id="6473" type="copy forward" timems="1.889" contextid="6470" timestamp="2019-07-07T05:34:56.294">
  <memory-copied type="eden" objects="1" bytes="24" bytesdiscarded="0" />
  <memory-copied type="other" objects="67" bytes="2872" bytesdiscarded="544" />
  <memory-cardclean objects="57" bytes="1944" />
  <regions eden="36" other="2" />
  <remembered-set-cleared processed="69439" cleared="47" durationms="0.387" />
  <stringconstants candidates="13269" cleared="0"  />
</gc-op>
<gc-op id="6474" type="classunload" timems="0.003" contextid="6470" timestamp="2019-07-07T05:34:56.294">
  <classunload-info classloadercandidates="53" classloadersunloaded="0" classesunloaded="0" anonymousclassesunloaded="0" quiescems="0.000" setupms="0.003" scanms="0.000" postms="0.000" />
</gc-op>
<gc-end id="6475" type="partial gc" contextid="6470" durationms="2.712" usertimems="8.000" systemtimems="0.000" timestamp="2019-07-07T05:34:56.294" activeThreads="4">
  <mem-info id="6476" free="75497472" total="125829120" percent="60">
    <mem type="eden" free="1048552" total="1048576" percent="99" />
    <remembered-set count="73376" freebytes="4729216" totalbytes="5022720" percent="94" regionsoverflowed="0" regionsstable="0" regionsrebuilding="18"/>
  </mem-info>
</gc-end>
<cycle-end id="6477" type="partial gc" contextid="6470" timestamp="2019-07-07T05:34:56.294" />
  <attribute name="elasticGC enabled" value="1" />
  <attribute name= "numThreadsSpecified" value="4" />
  <attribute name="heapSize specified" value="0" />
  <attribute name="Current GC Util" value="61" />
  <attribute name= "Current Time Running" value="25819" />
  <attribute name ="GC Interval" value="0" />
  <attribute name="ProportionalT" value="20.500000" />
  <attribute name="ProportionalI" value="20.500000" />
  <attribute name="ProportionalH" value="20.500000" />
  <attribute name="Current Error" value="41.000000" />
  <attribute name="IntegralT" value="0.000000" />
  <attribute name="IntegralI" value="0.000000" />
  <attribute name="IntegralH" value="0.000000" />
  <attribute name="DerivativeT" value="-inf" />
  <attribute name="DerivativeI" value="-inf" />
  <attribute name="DerivativeH" value="-inf" />
  <attribute name="Loop Time for DT" value="0.000000" />
  <attribute name="Output H" value="2091843584"/>
  <attribute name="Output I" value="200"/>
  <attribute name="Output T" value="4"/>
  <attribute name="Target GC Util Change" value ="20.000000" />
  <attribute name="Current GC Util Change" value="61.000000"/>
  <attribute name="GC Util currently" value="61" />
  <attribute name="CPU Util currently" value="29114546593413" />
<exclusive-end id="6478" timestamp="2019-07-07T05:34:56.295" durationms="3.656" />

<exclusive-start id="6479" timestamp="2019-07-07T05:34:56.300" intervalms="9.334">
  <response-info timems="0.059" idlems="0.059" threads="0" lastid="00000000020B9700" lastname="main" />
</exclusive-start>
<allocation-taxation id="6480" taxation-threshold="18874368" timestamp="2019-07-07T05:34:56.300" intervalms="9.322" />
<gc-start id="6481" type="global mark phase" contextid="6378" timestamp="2019-07-07T05:34:56.301">
  <mem-info id="6482" free="56623104" total="125829120" percent="45">
    <remembered-set count="72960" freebytes="4730880" totalbytes="5022720" percent="94" regionsoverflowed="0" regionsstable="0" regionsrebuilding="18"/>
  </mem-info>
</gc-start>
<gc-end id="6483" type="global mark phase" contextid="6378" durationms="0.125" usertimems="0.000" systemtimems="0.000" timestamp="2019-07-07T05:34:56.301" activeThreads="4">
  <mem-info id="6484" free="56623104" total="125829120" percent="45">
    <remembered-set count="72960" freebytes="4730880" totalbytes="5022720" percent="94" regionsoverflowed="0" regionsstable="0" regionsrebuilding="18"/>
  </mem-info>
</gc-end>
<concurrent-start id="6485" type="GMP work packet processing" contextid="6378" timestamp="2019-07-07T05:34:56.301">
  <concurrent-mark-start scanTarget="1693766" />
</concurrent-start>
<exclusive-end id="6486" timestamp="2019-07-07T05:34:56.301" durationms="0.736" />

<concurrent-end id="6487" type="GMP work packet processing" contextid="6378" timestamp="2019-07-07T05:34:56.303">
  <concurrent-mark-end bytesScanned="1728972" reasonForTermination="Work target met" />
</concurrent-end>

<exclusive-start id="6488" timestamp="2019-07-07T05:34:56.307" intervalms="7.125">
  <response-info timems="0.028" idlems="0.028" threads="0" lastid="00000000020B9700" lastname="main" />
</exclusive-start>
<allocation-taxation id="6489" taxation-threshold="18874368" timestamp="2019-07-07T05:34:56.308" intervalms="7.072" />
<cycle-start id="6490" type="partial gc" contextid="0" timestamp="2019-07-07T05:34:56.308" intervalms="16.298" />
<gc-start id="6491" type="partial gc" contextid="6490" timestamp="2019-07-07T05:34:56.308">
  <mem-info id="6492" free="37748736" total="125829120" percent="30">
    <mem type="eden" free="1048552" total="38797312" percent="2" />
    <remembered-set count="89056" freebytes="4666496" totalbytes="5022720" percent="92" regionsoverflowed="0" regionsstable="0" regionsrebuilding="18"/>
  </mem-info>
</gc-start>
<allocation-stats totalBytes="37622672" >
  <allocated-bytes non-tlh="0" tlh="37622672" arrayletleaf="0"/>
  <largest-consumer threadName="main" threadId="00000000020B9700" bytes="18812568" />
</allocation-stats>
<gc-op id="6493" type="copy forward" timems="1.823" contextid="6490" timestamp="2019-07-07T05:34:56.310">
  <memory-copied type="eden" objects="1" bytes="24" bytesdiscarded="0" />
  <memory-copied type="other" objects="67" bytes="2872" bytesdiscarded="656" />
  <memory-cardclean objects="57" bytes="1944" />
  <regions eden="36" other="2" />
  <remembered-set-cleared processed="85362" cleared="45" durationms="0.452" />
  <stringconstants candidates="13269" cleared="0"  />
</gc-op>
<gc-op id="6494" type="classunload" timems="0.005" contextid="6490" timestamp="2019-07-07T05:34:56.310">
  <classunload-info classloadercandidates="53" classloadersunloaded="0" classesunloaded="0" anonymousclassesunloaded="0" quiescems="0.000" setupms="0.005" scanms="0.000" postms="0.000" />
</gc-op>
<gc-end id="6495" type="partial gc" contextid="6490" durationms="2.749" usertimems="4.000" systemtimems="0.000" timestamp="2019-07-07T05:34:56.311" activeThreads="4">
  <mem-info id="6496" free="75497472" total="125829120" percent="60">
    <mem type="eden" free="1048552" total="1048576" percent="99" />
    <remembered-set count="89408" freebytes="4665088" totalbytes="5022720" percent="92" regionsoverflowed="0" regionsstable="0" regionsrebuilding="18"/>
  </mem-info>
</gc-end>
<cycle-end id="6497" type="partial gc" contextid="6490" timestamp="2019-07-07T05:34:56.311" />
  <attribute name="elasticGC enabled" value="1" />
  <attribute name= "numThreadsSpecified" value="4" />
  <attribute name="heapSize specified" value="0" />
  <attribute name="Current GC Util" value="54" />
  <attribute name= "Current Time Running" value="25836" />
  <attribute name ="GC Interval" value="0" />
  <attribute name="ProportionalT" value="17.000000" />
  <attribute name="ProportionalI" value="17.000000" />
  <attribute name="ProportionalH" value="17.000000" />
  <attribute name="Current Error" value="34.000000" />
  <attribute name="IntegralT" value="17.000000" />
  <attribute name="IntegralI" value="17.000000" />
  <attribute name="IntegralH" value="17.000000" />
  <attribute name="DerivativeT" value="-23.000000" />
  <attribute name="DerivativeI" value="-23.000000" />
  <attribute name="DerivativeH" value="-23.000000" />
  <attribute name="Loop Time for DT" value="1.000000" />
  <attribute name="Output H" value="8388608"/>
  <attribute name="Output I" value="200"/>
  <attribute name="Output T" value="4"/>
  <attribute name="Target GC Util Change" value ="20.000000" />
  <attribute name="Current GC Util Change" value="54.000000"/>
  <attribute name="GC Util currently" value="54" />
  <attribute name="CPU Util currently" value="20384313578409" />
<exclusive-end id="6498" timestamp="2019-07-07T05:34:56.311" durationms="3.519" />

<exclusive-start id="6499" timestamp="2019-07-07T05:34:56.317" intervalms="9.241">
  <response-info timems="0.060" idlems="0.060" threads="0" lastid="00000000020B9700" lastname="main" />
</exclusive-start>
<allocation-taxation id="6500" taxation-threshold="18874368" timestamp="2019-07-07T05:34:56.317" intervalms="9.303" />
<gc-start id="6501" type="global mark phase" contextid="6378" timestamp="2019-07-07T05:34:56.317">
  <mem-info id="6502" free="56623104" total="125829120" percent="45">
    <remembered-set count="89024" freebytes="4666624" totalbytes="5022720" percent="92" regionsoverflowed="0" regionsstable="0" regionsrebuilding="18"/>
  </mem-info>
</gc-start>
<gc-end id="6503" type="global mark phase" contextid="6378" durationms="0.120" usertimems="0.000" systemtimems="0.000" timestamp="2019-07-07T05:34:56.317" activeThreads="4">
  <mem-info id="6504" free="56623104" total="125829120" percent="45">
    <remembered-set count="89024" freebytes="4666624" totalbytes="5022720" percent="92" regionsoverflowed="0" regionsstable="0" regionsrebuilding="18"/>
  </mem-info>
</gc-end>
<concurrent-start id="6505" type="GMP work packet processing" contextid="6378" timestamp="2019-07-07T05:34:56.317">
  <concurrent-mark-start scanTarget="1693766" />
</concurrent-start>
<exclusive-end id="6506" timestamp="2019-07-07T05:34:56.317" durationms="0.733" />

<concurrent-end id="6507" type="GMP work packet processing" contextid="6378" timestamp="2019-07-07T05:34:56.319">
  <concurrent-mark-end bytesScanned="1731928" reasonForTermination="Work target met" />
</concurrent-end>

<exclusive-start id="6508" timestamp="2019-07-07T05:34:56.324" intervalms="7.234">
  <response-info timems="0.059" idlems="0.059" threads="0" lastid="00000000020B9700" lastname="main" />
</exclusive-start>
<allocation-taxation id="6509" taxation-threshold="18874368" timestamp="2019-07-07T05:34:56.324" intervalms="7.177" />
<cycle-start id="6510" type="partial gc" contextid="0" timestamp="2019-07-07T05:34:56.324" intervalms="16.521" />
<gc-start id="6511" type="partial gc" contextid="6510" timestamp="2019-07-07T05:34:56.324">
  <mem-info id="6512" free="37748736" total="125829120" percent="30">
    <mem type="eden" free="1048552" total="38797312" percent="2" />
    <remembered-set count="106016" freebytes="4598656" totalbytes="5022720" percent="91" regionsoverflowed="0" regionsstable="0" regionsrebuilding="18"/>
  </mem-info>
</gc-start>
<allocation-stats totalBytes="37622696" >
  <allocated-bytes non-tlh="0" tlh="37622696" arrayletleaf="0"/>
  <largest-consumer threadName="main" threadId="00000000020B9700" bytes="18812568" />
</allocation-stats>
<gc-op id="6513" type="copy forward" timems="1.815" contextid="6510" timestamp="2019-07-07T05:34:56.327">
  <memory-copied type="eden" objects="1" bytes="24" bytesdiscarded="0" />
  <memory-copied type="other" objects="67" bytes="2872" bytesdiscarded="544" />
  <memory-cardclean objects="57" bytes="1944" />
  <regions eden="36" other="2" />
  <remembered-set-cleared processed="102163" cleared="44" durationms="0.508" />
  <stringconstants candidates="13269" cleared="0"  />
</gc-op>
<gc-op id="6514" type="classunload" timems="0.004" contextid="6510" timestamp="2019-07-07T05:34:56.327">
  <classunload-info classloadercandidates="53" classloadersunloaded="0" classesunloaded="0" anonymousclassesunloaded="0" quiescems="0.000" setupms="0.003" scanms="0.000" postms="0.000" />
</gc-op>
<gc-end id="6515" type="partial gc" contextid="6510" durationms="2.717" usertimems="4.000" systemtimems="0.000" timestamp="2019-07-07T05:34:56.327" activeThreads="4">
  <mem-info id="6516" free="75497472" total="125829120" percent="60">
    <mem type="eden" free="1048552" total="1048576" percent="99" />
    <remembered-set count="106240" freebytes="4597760" totalbytes="5022720" percent="91" regionsoverflowed="0" regionsstable="0" regionsrebuilding="18"/>
  </mem-info>
</gc-end>
<cycle-end id="6517" type="partial gc" contextid="6510" timestamp="2019-07-07T05:34:56.327" />
  <attribute name="elasticGC enabled" value="1" />
  <attribute name= "numThreadsSpecified" value="4" />
  <attribute name="heapSize specified" value="0" />
  <attribute name="Current GC Util" value="57" />
  <attribute name= "Current Time Running" value="25852" />
  <attribute name ="GC Interval" value="0" />
  <attribute name="ProportionalT" value="18.500000" />
  <attribute name="ProportionalI" value="18.500000" />
  <attribute name="ProportionalH" value="18.500000" />
  <attribute name="Current Error" value="37.000000" />
  <attribute name="IntegralT" value="0.000000" />
  <attribute name="IntegralI" value="0.000000" />
  <attribute name="IntegralH" value="0.000000" />
  <attribute name="DerivativeT" value="-inf" />
  <attribute name="DerivativeI" value="-inf" />
  <attribute name="DerivativeH" value="-inf" />
  <attribute name="Loop Time for DT" value="0.000000" />
  <attribute name="Output H" value="2091843584"/>
  <attribute name="Output I" value="200"/>
  <attribute name="Output T" value="4"/>
  <attribute name="Target GC Util Change" value ="20.000000" />
  <attribute name="Current GC Util Change" value="57.000000"/>
  <attribute name="GC Util currently" value="57" />
  <attribute name="CPU Util currently" value="20857824934337" />
<exclusive-end id="6518" timestamp="2019-07-07T05:34:56.327" durationms="3.475" />

<exclusive-start id="6519" timestamp="2019-07-07T05:34:56.333" intervalms="9.148">
  <response-info timems="0.058" idlems="0.058" threads="0" lastid="00000000020B9700" lastname="main" />
</exclusive-start>
<allocation-taxation id="6520" taxation-threshold="18874368" timestamp="2019-07-07T05:34:56.333" intervalms="9.197" />
<gc-start id="6521" type="global mark phase" contextid="6378" timestamp="2019-07-07T05:34:56.333">
  <mem-info id="6522" free="56623104" total="125829120" percent="45">
    <remembered-set count="105824" freebytes="4599424" totalbytes="5022720" percent="91" regionsoverflowed="0" regionsstable="0" regionsrebuilding="18"/>
  </mem-info>
</gc-start>
<gc-end id="6523" type="global mark phase" contextid="6378" durationms="0.128" usertimems="0.000" systemtimems="0.000" timestamp="2019-07-07T05:34:56.334" activeThreads="4">
  <mem-info id="6524" free="56623104" total="125829120" percent="45">
    <remembered-set count="105824" freebytes="4599424" totalbytes="5022720" percent="91" regionsoverflowed="0" regionsstable="0" regionsrebuilding="18"/>
  </mem-info>
</gc-end>
<concurrent-start id="6525" type="GMP work packet processing" contextid="6378" timestamp="2019-07-07T05:34:56.334">
  <concurrent-mark-start scanTarget="1693766" />
</concurrent-start>
<exclusive-end id="6526" timestamp="2019-07-07T05:34:56.334" durationms="0.711" />

<concurrent-end id="6527" type="GMP work packet processing" contextid="6378" timestamp="2019-07-07T05:34:56.336">
  <concurrent-mark-end bytesScanned="1734764" reasonForTermination="Work target met" />
</concurrent-end>

<exclusive-start id="6528" timestamp="2019-07-07T05:34:56.340" intervalms="7.093">
  <response-info timems="0.026" idlems="0.026" threads="0" lastid="00000000020B9700" lastname="main" />
</exclusive-start>
<allocation-taxation id="6529" taxation-threshold="18874368" timestamp="2019-07-07T05:34:56.340" intervalms="7.043" />
<cycle-start id="6530" type="partial gc" contextid="0" timestamp="2019-07-07T05:34:56.340" intervalms="16.240" />
<gc-start id="6531" type="partial gc" contextid="6530" timestamp="2019-07-07T05:34:56.341">
  <mem-info id="6532" free="37748736" total="125829120" percent="30">
    <mem type="eden" free="1048552" total="38797312" percent="2" />
    <remembered-set count="127424" freebytes="4513024" totalbytes="5022720" percent="89" regionsoverflowed="0" regionsstable="0" regionsrebuilding="18"/>
  </mem-info>
</gc-start>
<allocation-stats totalBytes="37622672" >
  <allocated-bytes non-tlh="0" tlh="37622672" arrayletleaf="0"/>
  <largest-consumer threadName="main" threadId="00000000020B9700" bytes="18812568" />
</allocation-stats>
<gc-op id="6533" type="copy forward" timems="1.924" contextid="6530" timestamp="2019-07-07T05:34:56.343">
  <memory-copied type="eden" objects="1" bytes="24" bytesdiscarded="0" />
  <memory-copied type="other" objects="67" bytes="2872" bytesdiscarded="544" />
  <memory-cardclean objects="57" bytes="1944" />
  <regions eden="36" other="2" />
  <remembered-set-cleared processed="123437" cleared="44" durationms="0.592" />
  <stringconstants candidates="13269" cleared="0"  />
</gc-op>
<gc-op id="6534" type="classunload" timems="0.004" contextid="6530" timestamp="2019-07-07T05:34:56.343">
  <classunload-info classloadercandidates="53" classloadersunloaded="0" classesunloaded="0" anonymousclassesunloaded="0" quiescems="0.000" setupms="0.004" scanms="0.000" postms="0.000" />
</gc-op>
<gc-end id="6535" type="partial gc" contextid="6530" durationms="2.810" usertimems="4.000" systemtimems="0.000" timestamp="2019-07-07T05:34:56.343" activeThreads="4">
  <mem-info id="6536" free="75497472" total="125829120" percent="60">
    <mem type="eden" free="1048552" total="1048576" percent="99" />
    <remembered-set count="127584" freebytes="4512384" totalbytes="5022720" percent="89" regionsoverflowed="0" regionsstable="0" regionsrebuilding="18"/>
  </mem-info>
</gc-end>
<cycle-end id="6537" type="partial gc" contextid="6530" timestamp="2019-07-07T05:34:56.344" />
  <attribute name="elasticGC enabled" value="1" />
  <attribute name= "numThreadsSpecified" value="4" />
  <attribute name="heapSize specified" value="0" />
  <attribute name="Current GC Util" value="54" />
  <attribute name= "Current Time Running" value="25868" />
  <attribute name ="GC Interval" value="0" />
  <attribute name="ProportionalT" value="17.000000" />
  <attribute name="ProportionalI" value="17.000000" />
  <attribute name="ProportionalH" value="17.000000" />
  <attribute name="Current Error" value="34.000000" />
  <attribute name="IntegralT" value="0.000000" />
  <attribute name="IntegralI" value="0.000000" />
  <attribute name="IntegralH" value="0.000000" />
  <attribute name="DerivativeT" value="-inf" />
  <attribute name="DerivativeI" value="-inf" />
  <attribute name="DerivativeH" value="-inf" />
  <attribute name="Loop Time for DT" value="0.000000" />
  <attribute name="Output H" value="2091843584"/>
  <attribute name="Output I" value="200"/>
  <attribute name="Output T" value="4"/>
  <attribute name="Target GC Util Change" value ="20.000000" />
  <attribute name="Current GC Util Change" value="54.000000"/>
  <attribute name="GC Util currently" value="54" />
  <attribute name="CPU Util currently" value="20406322100955" />
<exclusive-end id="6538" timestamp="2019-07-07T05:34:56.344" durationms="3.538" />

<exclusive-start id="6539" timestamp="2019-07-07T05:34:56.349" intervalms="9.140">
  <response-info timems="0.059" idlems="0.059" threads="0" lastid="00000000020B9700" lastname="main" />
</exclusive-start>
<allocation-taxation id="6540" taxation-threshold="18874368" timestamp="2019-07-07T05:34:56.349" intervalms="9.190" />
<gc-start id="6541" type="global mark phase" contextid="6378" timestamp="2019-07-07T05:34:56.350">
  <mem-info id="6542" free="56623104" total="125829120" percent="45">
    <remembered-set count="127104" freebytes="4514304" totalbytes="5022720" percent="89" regionsoverflowed="0" regionsstable="0" regionsrebuilding="18"/>
  </mem-info>
</gc-start>
<gc-end id="6543" type="global mark phase" contextid="6378" durationms="0.111" usertimems="0.000" systemtimems="0.000" timestamp="2019-07-07T05:34:56.350" activeThreads="4">
  <mem-info id="6544" free="56623104" total="125829120" percent="45">
    <remembered-set count="127104" freebytes="4514304" totalbytes="5022720" percent="89" regionsoverflowed="0" regionsstable="0" regionsrebuilding="18"/>
  </mem-info>
</gc-end>
<concurrent-start id="6545" type="GMP work packet processing" contextid="6378" timestamp="2019-07-07T05:34:56.350">
  <concurrent-mark-start scanTarget="1693766" />
</concurrent-start>
<exclusive-end id="6546" timestamp="2019-07-07T05:34:56.350" durationms="0.740" />

<concurrent-end id="6547" type="GMP work packet processing" contextid="6378" timestamp="2019-07-07T05:34:56.351">
  <concurrent-mark-end bytesScanned="711892" reasonForTermination="Completed all work in GC phase" />
</concurrent-end>

<exclusive-start id="6548" timestamp="2019-07-07T05:34:56.356" intervalms="6.695">
  <response-info timems="0.058" idlems="0.058" threads="0" lastid="00000000020B9700" lastname="main" />
</exclusive-start>
<allocation-taxation id="6549" taxation-threshold="18874368" timestamp="2019-07-07T05:34:56.356" intervalms="6.642" />
<cycle-start id="6550" type="partial gc" contextid="0" timestamp="2019-07-07T05:34:56.356" intervalms="15.794" />
<gc-start id="6551" type="partial gc" contextid="6550" timestamp="2019-07-07T05:34:56.356">
  <mem-info id="6552" free="37748736" total="125829120" percent="30">
    <mem type="eden" free="1048552" total="38797312" percent="2" />
    <remembered-set count="137952" freebytes="4470912" totalbytes="5022720" percent="89" regionsoverflowed="0" regionsstable="0" regionsrebuilding="18"/>
  </mem-info>
</gc-start>
<allocation-stats totalBytes="37622696" >
  <allocated-bytes non-tlh="0" tlh="37622696" arrayletleaf="0"/>
  <largest-consumer threadName="main" threadId="00000000020B9700" bytes="18812568" />
</allocation-stats>
<gc-op id="6553" type="copy forward" timems="1.974" contextid="6550" timestamp="2019-07-07T05:34:56.359">
  <memory-copied type="eden" objects="1" bytes="24" bytesdiscarded="0" />
  <memory-copied type="other" objects="67" bytes="2872" bytesdiscarded="0" />
  <memory-cardclean objects="57" bytes="1944" />
  <regions eden="36" other="2" />
  <remembered-set-cleared processed="134428" cleared="136" durationms="0.865" />
  <stringconstants candidates="13269" cleared="0"  />
</gc-op>
<gc-op id="6554" type="classunload" timems="0.003" contextid="6550" timestamp="2019-07-07T05:34:56.359">
  <classunload-info classloadercandidates="53" classloadersunloaded="0" classesunloaded="0" anonymousclassesunloaded="0" quiescems="0.000" setupms="0.003" scanms="0.000" postms="0.000" />
</gc-op>
<gc-end id="6555" type="partial gc" contextid="6550" durationms="3.183" usertimems="4.000" systemtimems="0.000" timestamp="2019-07-07T05:34:56.360" activeThreads="1">
  <mem-info id="6556" free="75497472" total="125829120" percent="60">
    <mem type="eden" free="1048552" total="1048576" percent="99" />
    <remembered-set count="138016" freebytes="4470656" totalbytes="5022720" percent="89" regionsoverflowed="0" regionsstable="0" regionsrebuilding="18"/>
  </mem-info>
</gc-end>
<cycle-end id="6557" type="partial gc" contextid="6550" timestamp="2019-07-07T05:34:56.360" />
  <attribute name="elasticGC enabled" value="1" />
  <attribute name= "numThreadsSpecified" value="1" />
  <attribute name="heapSize specified" value="0" />
  <attribute name="Current GC Util" value="160" />
  <attribute name= "Current Time Running" value="25884" />
  <attribute name ="GC Interval" value="0" />
  <attribute name="ProportionalT" value="70.000000" />
  <attribute name="ProportionalI" value="70.000000" />
  <attribute name="ProportionalH" value="70.000000" />
  <attribute name="Current Error" value="140.000000" />
  <attribute name="IntegralT" value="0.000000" />
  <attribute name="IntegralI" value="0.000000" />
  <attribute name="IntegralH" value="0.000000" />
  <attribute name="DerivativeT" value="inf" />
  <attribute name="DerivativeI" value="inf" />
  <attribute name="DerivativeH" value="inf" />
  <attribute name="Loop Time for DT" value="0.000000" />
  <attribute name="Output H" value="8388608"/>
  <attribute name="Output I" value="200"/>
  <attribute name="Output T" value="1"/>
  <attribute name="Target GC Util Change" value ="20.000000" />
  <attribute name="Current GC Util Change" value="160.000000"/>
  <attribute name="GC Util currently" value="160" />
  <attribute name="CPU Util currently" value="9865940612906" />
<exclusive-end id="6558" timestamp="2019-07-07T05:34:56.360" durationms="4.093" />

<exclusive-start id="6559" timestamp="2019-07-07T05:34:56.366" intervalms="9.750">
  <response-info timems="0.065" idlems="0.065" threads="0" lastid="00000000020B9700" lastname="main" />
</exclusive-start>
<allocation-taxation id="6560" taxation-threshold="18874368" timestamp="2019-07-07T05:34:56.366" intervalms="9.801" />
<gc-start id="6561" type="global mark phase" contextid="6378" timestamp="2019-07-07T05:34:56.366">
  <mem-info id="6562" free="56623104" total="125829120" percent="45">
    <remembered-set count="137664" freebytes="4472064" totalbytes="5022720" percent="89" regionsoverflowed="0" regionsstable="0" regionsrebuilding="18"/>
  </mem-info>
</gc-start>
<gc-op id="6563" type="mark increment" timems="2.933" contextid="6378" timestamp="2019-07-07T05:34:56.369">
  <trace-info objectcount="1" scancount="1" scanbytes="24" />
  <cardclean-info objects="130" bytes="3636" />
  <finalization candidates="79" enqueued="0" />
  <ownableSynchronizers candidates="23" cleared="0" />
  <references type="soft" candidates="1862" cleared="16" enqueued="16" dynamicThreshold="19" maxThreshold="32" />
  <references type="weak" candidates="5706" cleared="0" enqueued="0" />
  <references type="phantom" candidates="101" cleared="0" enqueued="0" />
  <stringconstants candidates="13269" cleared="0"  />
</gc-op>
<gc-op id="6564" type="classunload" timems="0.003" contextid="6378" timestamp="2019-07-07T05:34:56.369">
  <classunload-info classloadercandidates="53" classloadersunloaded="0" classesunloaded="0" anonymousclassesunloaded="0" quiescems="0.000" setupms="0.003" scanms="0.000" postms="0.000" />
</gc-op>
<gc-end id="6565" type="global mark phase" contextid="6378" durationms="3.277" usertimems="8.000" systemtimems="0.000" timestamp="2019-07-07T05:34:56.369" activeThreads="4">
  <mem-info id="6566" free="56623104" total="125829120" percent="45">
    <pending-finalizers system="0" default="0" reference="16" classloader="0" />
    <remembered-set count="138688" freebytes="4467968" totalbytes="5022720" percent="88" regionsoverflowed="0" regionsstable="0" regionsrebuilding="0"/>
  </mem-info>
</gc-end>
<cycle-end id="6567" type="global mark phase" contextid="6378" timestamp="2019-07-07T05:34:56.370" />
  <attribute name="elasticGC enabled" value="1" />
  <attribute name= "numThreadsSpecified" value="4" />
  <attribute name="heapSize specified" value="0" />
  <attribute name="Current GC Util" value="188" />
  <attribute name= "Current Time Running" value="25894" />
  <attribute name ="GC Interval" value="0" />
  <attribute name="ProportionalT" value="84.000000" />
  <attribute name="ProportionalI" value="84.000000" />
  <attribute name="ProportionalH" value="84.000000" />
  <attribute name="Current Error" value="168.000000" />
  <attribute name="IntegralT" value="0.000000" />
  <attribute name="IntegralI" value="0.000000" />
  <attribute name="IntegralH" value="0.000000" />
  <attribute name="DerivativeT" value="-inf" />
  <attribute name="DerivativeI" value="-inf" />
  <attribute name="DerivativeH" value="-inf" />
  <attribute name="Loop Time for DT" value="0.000000" />
  <attribute name="Output H" value="2091843584"/>
  <attribute name="Output I" value="200"/>
  <attribute name="Output T" value="4"/>
  <attribute name="Target GC Util Change" value ="20.000000" />
  <attribute name="Current GC Util Change" value="188.000000"/>
  <attribute name="GC Util currently" value="188" />
  <attribute name="CPU Util currently" value="12672391294300" />
<exclusive-end id="6568" timestamp="2019-07-07T05:34:56.370" durationms="4.014" />

<exclusive-start id="6569" timestamp="2019-07-07T05:34:56.375" intervalms="9.668">
  <response-info timems="0.057" idlems="0.057" threads="0" lastid="00000000020B9700" lastname="main" />
</exclusive-start>
<allocation-taxation id="6570" taxation-threshold="18874368" timestamp="2019-07-07T05:34:56.376" intervalms="9.668" />
<cycle-start id="6571" type="partial gc" contextid="0" timestamp="2019-07-07T05:34:56.376" intervalms="19.478" />
<gc-start id="6572" type="partial gc" contextid="6571" timestamp="2019-07-07T05:34:56.376">
  <mem-info id="6573" free="37748736" total="125829120" percent="30">
    <mem type="eden" free="1048552" total="38797312" percent="2" />
    <remembered-set count="90592" freebytes="4660352" totalbytes="5022720" percent="92" regionsoverflowed="0" regionsstable="14" regionsrebuilding="0"/>
  </mem-info>
</gc-start>
<allocation-stats totalBytes="37623072" >
  <allocated-bytes non-tlh="0" tlh="37623072" arrayletleaf="0"/>
  <largest-consumer threadName="main" threadId="00000000020B9700" bytes="18808872" />
</allocation-stats>
<gc-op id="6574" type="sweep" timems="1.583" contextid="6571" timestamp="2019-07-07T05:34:56.378" />
<gc-op id="6575" type="copy forward" timems="2.021" contextid="6571" timestamp="2019-07-07T05:34:56.380">
  <memory-copied type="eden" objects="2" bytes="544" bytesdiscarded="744" />
  <memory-copied type="other" objects="6" bytes="144" bytesdiscarded="0" />
  <memory-cardclean objects="97" bytes="4304" />
  <regions eden="18" other="2" />
  <remembered-set-cleared processed="88557" cleared="32" durationms="0.475" />
  <stringconstants candidates="13269" cleared="0"  />
</gc-op>
<gc-op id="6576" type="classunload" timems="0.003" contextid="6571" timestamp="2019-07-07T05:34:56.381">
  <classunload-info classloadercandidates="53" classloadersunloaded="0" classesunloaded="0" anonymousclassesunloaded="0" quiescems="0.000" setupms="0.003" scanms="0.000" postms="0.000" />
</gc-op>
<gc-end id="6577" type="partial gc" contextid="6571" durationms="4.921" usertimems="12.000" systemtimems="0.000" timestamp="2019-07-07T05:34:56.381" activeThreads="4">
  <mem-info id="6578" free="75497472" total="125829120" percent="60">
    <mem type="eden" free="1047288" total="1048576" percent="99" />
    <remembered-set count="91648" freebytes="4656128" totalbytes="5022720" percent="92" regionsoverflowed="0" regionsstable="14" regionsrebuilding="0"/>
  </mem-info>
</gc-end>
<cycle-end id="6579" type="partial gc" contextid="6571" timestamp="2019-07-07T05:34:56.381" />
  <attribute name="elasticGC enabled" value="1" />
  <attribute name= "numThreadsSpecified" value="4" />
  <attribute name="heapSize specified" value="0" />
  <attribute name="Current GC Util" value="218" />
  <attribute name= "Current Time Running" value="25906" />
  <attribute name ="GC Interval" value="0" />
  <attribute name="ProportionalT" value="99.000000" />
  <attribute name="ProportionalI" value="99.000000" />
  <attribute name="ProportionalH" value="99.000000" />
  <attribute name="Current Error" value="198.000000" />
  <attribute name="IntegralT" value="99.000000" />
  <attribute name="IntegralI" value="99.000000" />
  <attribute name="IntegralH" value="99.000000" />
  <attribute name="DerivativeT" value="44.000000" />
  <attribute name="DerivativeI" value="44.000000" />
  <attribute name="DerivativeH" value="44.000000" />
  <attribute name="Loop Time for DT" value="1.000000" />
  <attribute name="Output H" value="8388608"/>
  <attribute name="Output I" value="248"/>
  <attribute name="Output T" value="4"/>
  <attribute name="Target GC Util Change" value ="20.000000" />
  <attribute name="Current GC Util Change" value="218.000000"/>
  <attribute name="GC Util currently" value="218" />
  <attribute name="CPU Util currently" value="11172152870008" />
<exclusive-end id="6580" timestamp="2019-07-07T05:34:56.381" durationms="5.792" />

<exclusive-start id="6581" timestamp="2019-07-07T05:34:56.393" intervalms="17.122">
  <response-info timems="0.064" idlems="0.064" threads="0" lastid="00000000020B9700" lastname="main" />
</exclusive-start>
<allocation-taxation id="6582" taxation-threshold="37748736" timestamp="2019-07-07T05:34:56.393" intervalms="17.156" />
<cycle-start id="6583" type="partial gc" contextid="0" timestamp="2019-07-07T05:34:56.393" intervalms="17.208" />
<gc-start id="6584" type="partial gc" contextid="6583" timestamp="2019-07-07T05:34:56.393">
  <mem-info id="6585" free="37748736" total="125829120" percent="30">
    <mem type="eden" free="0" total="37748736" percent="0" />
    <remembered-set count="2432" freebytes="5012992" totalbytes="5022720" percent="99" regionsoverflowed="0" regionsstable="18" regionsrebuilding="0"/>
  </mem-info>
</gc-start>
<allocation-stats totalBytes="37622696" >
  <allocated-bytes non-tlh="0" tlh="37622696" arrayletleaf="0"/>
  <largest-consumer threadName="main" threadId="00000000020B9700" bytes="37622696" />
</allocation-stats>
<gc-op id="6586" type="copy forward" timems="1.225" contextid="6583" timestamp="2019-07-07T05:34:56.395">
  <memory-copied type="eden" objects="1" bytes="24" bytesdiscarded="0" />
  <memory-copied type="other" objects="105" bytes="4480" bytesdiscarded="0" />
  <memory-cardclean objects="148" bytes="4248" />
  <regions eden="36" other="6" />
  <remembered-set-cleared processed="69" cleared="20" durationms="0.161" />
  <stringconstants candidates="13269" cleared="0"  />
</gc-op>
<gc-op id="6587" type="classunload" timems="0.004" contextid="6583" timestamp="2019-07-07T05:34:56.395">
  <classunload-info classloadercandidates="53" classloadersunloaded="0" classesunloaded="0" anonymousclassesunloaded="0" quiescems="0.000" setupms="0.004" scanms="0.000" postms="0.000" />
</gc-op>
<gc-end id="6588" type="partial gc" contextid="6583" durationms="2.480" usertimems="0.000" systemtimems="0.000" timestamp="2019-07-07T05:34:56.396" activeThreads="1">
  <mem-info id="6589" free="75497472" total="125829120" percent="60">
    <mem type="eden" free="1048552" total="1048576" percent="99" />
    <remembered-set count="2592" freebytes="5012352" totalbytes="5022720" percent="99" regionsoverflowed="0" regionsstable="18" regionsrebuilding="0"/>
  </mem-info>
</gc-end>
<cycle-end id="6590" type="partial gc" contextid="6583" timestamp="2019-07-07T05:34:56.396" />
  <attribute name="elasticGC enabled" value="1" />
  <attribute name= "numThreadsSpecified" value="1" />
  <attribute name="heapSize specified" value="0" />
  <attribute name="Current GC Util" value="161" />
  <attribute name= "Current Time Running" value="25921" />
  <attribute name ="GC Interval" value="0" />
  <attribute name="ProportionalT" value="70.500000" />
  <attribute name="ProportionalI" value="70.500000" />
  <attribute name="ProportionalH" value="70.500000" />
  <attribute name="Current Error" value="141.000000" />
  <attribute name="IntegralT" value="0.000000" />
  <attribute name="IntegralI" value="0.000000" />
  <attribute name="IntegralH" value="0.000000" />
  <attribute name="DerivativeT" value="inf" />
  <attribute name="DerivativeI" value="inf" />
  <attribute name="DerivativeH" value="inf" />
  <attribute name="Loop Time for DT" value="0.000000" />
  <attribute name="Output H" value="8388608"/>
  <attribute name="Output I" value="200"/>
  <attribute name="Output T" value="1"/>
  <attribute name="Target GC Util Change" value ="20.000000" />
  <attribute name="Current GC Util Change" value="161.000000"/>
  <attribute name="GC Util currently" value="161" />
  <attribute name="CPU Util currently" value="10180254766295" />
<exclusive-end id="6591" timestamp="2019-07-07T05:34:56.396" durationms="3.377" />

<exclusive-start id="6592" timestamp="2019-07-07T05:34:56.407" intervalms="14.699">
  <response-info timems="0.061" idlems="0.061" threads="0" lastid="00000000020B9700" lastname="main" />
</exclusive-start>
<allocation-taxation id="6593" taxation-threshold="37748736" timestamp="2019-07-07T05:34:56.407" intervalms="14.671" />
<cycle-start id="6594" type="partial gc" contextid="0" timestamp="2019-07-07T05:34:56.408" intervalms="14.701" />
<gc-start id="6595" type="partial gc" contextid="6594" timestamp="2019-07-07T05:34:56.408">
  <mem-info id="6596" free="37748736" total="125829120" percent="30">
    <mem type="eden" free="1048552" total="38797312" percent="2" />
    <remembered-set count="2400" freebytes="5013120" totalbytes="5022720" percent="99" regionsoverflowed="0" regionsstable="18" regionsrebuilding="0"/>
  </mem-info>
</gc-start>
<allocation-stats totalBytes="37622672" >
  <allocated-bytes non-tlh="0" tlh="37622672" arrayletleaf="0"/>
  <largest-consumer threadName="main" threadId="00000000020B9700" bytes="37622672" />
</allocation-stats>
<gc-op id="6597" type="copy forward" timems="3.211" contextid="6594" timestamp="2019-07-07T05:34:56.412">
  <memory-copied type="eden" objects="1" bytes="24" bytesdiscarded="0" />
  <memory-copied type="other" objects="13" bytes="808" bytesdiscarded="896" />
  <memory-cardclean objects="78" bytes="2024" />
  <regions eden="36" other="4" />
  <remembered-set-cleared processed="81" cleared="17" durationms="0.101" />
  <stringconstants candidates="13269" cleared="0"  />
</gc-op>
<gc-op id="6598" type="classunload" timems="0.003" contextid="6594" timestamp="2019-07-07T05:34:56.412">
  <classunload-info classloadercandidates="53" classloadersunloaded="0" classesunloaded="0" anonymousclassesunloaded="0" quiescems="0.000" setupms="0.003" scanms="0.000" postms="0.000" />
</gc-op>
<heap-resize id="6599" type="contract" space="default" amount="2097152" count="1" timems="0.047" reason="excess free space following gc" timestamp="2019-07-07T05:34:56.412" />
<gc-end id="6600" type="partial gc" contextid="6594" durationms="4.571" usertimems="8.000" systemtimems="4.000" timestamp="2019-07-07T05:34:56.412" activeThreads="4">
  <mem-info id="6601" free="75497472" total="123731968" percent="61">
    <mem type="eden" free="1048552" total="1048576" percent="99" />
    <remembered-set count="2528" freebytes="5012608" totalbytes="5022720" percent="99" regionsoverflowed="0" regionsstable="18" regionsrebuilding="0"/>
  </mem-info>
</gc-end>
<cycle-end id="6602" type="partial gc" contextid="6594" timestamp="2019-07-07T05:34:56.413" />
  <attribute name="elasticGC enabled" value="1" />
  <attribute name= "numThreadsSpecified" value="4" />
  <attribute name="heapSize specified" value="0" />
  <attribute name="Current GC Util" value="299" />
  <attribute name= "Current Time Running" value="25936" />
  <attribute name ="GC Interval" value="0" />
  <attribute name="ProportionalT" value="139.500000" />
  <attribute name="ProportionalI" value="139.500000" />
  <attribute name="ProportionalH" value="139.500000" />
  <attribute name="Current Error" value="279.000000" />
  <attribute name="IntegralT" value="139.500000" />
  <attribute name="IntegralI" value="139.500000" />
  <attribute name="IntegralH" value="139.500000" />
  <attribute name="DerivativeT" value="279.000000" />
  <attribute name="DerivativeI" value="279.000000" />
  <attribute name="DerivativeH" value="279.000000" />
  <attribute name="Loop Time for DT" value="1.000000" />
  <attribute name="Output H" value="8388608"/>
  <attribute name="Output I" value="560"/>
  <attribute name="Output T" value="4"/>
  <attribute name="Target GC Util Change" value ="20.000000" />
  <attribute name="Current GC Util Change" value="299.000000"/>
  <attribute name="GC Util currently" value="299" />
  <attribute name="CPU Util currently" value="9799275309575" />
<exclusive-end id="6603" timestamp="2019-07-07T05:34:56.413" durationms="5.600" />

<exclusive-start id="6604" timestamp="2019-07-07T05:34:56.425" intervalms="17.383">
  <response-info timems="0.061" idlems="0.061" threads="0" lastid="00000000020B9700" lastname="main" />
</exclusive-start>
<allocation-taxation id="6605" taxation-threshold="37748736" timestamp="2019-07-07T05:34:56.425" intervalms="17.388" />
<cycle-start id="6606" type="partial gc" contextid="0" timestamp="2019-07-07T05:34:56.425" intervalms="17.343" />
<gc-start id="6607" type="partial gc" contextid="6606" timestamp="2019-07-07T05:34:56.425">
  <mem-info id="6608" free="37748736" total="123731968" percent="30">
    <mem type="eden" free="1048552" total="38797312" percent="2" />
    <remembered-set count="2144" freebytes="5014144" totalbytes="5022720" percent="99" regionsoverflowed="0" regionsstable="18" regionsrebuilding="0"/>
  </mem-info>
</gc-start>
<allocation-stats totalBytes="37622696" >
  <allocated-bytes non-tlh="0" tlh="37622696" arrayletleaf="0"/>
  <largest-consumer threadName="main" threadId="00000000020B9700" bytes="37622696" />
</allocation-stats>
<gc-op id="6609" type="copy forward" timems="1.151" contextid="6606" timestamp="2019-07-07T05:34:56.428">
  <memory-copied type="eden" objects="1" bytes="24" bytesdiscarded="0" />
  <memory-copied type="other" objects="7" bytes="664" bytesdiscarded="64" />
  <memory-cardclean objects="56" bytes="1488" />
  <regions eden="36" other="3" />
  <remembered-set-cleared processed="80" cleared="15" durationms="0.145" />
  <stringconstants candidates="13269" cleared="0"  />
</gc-op>
<gc-op id="6610" type="classunload" timems="0.003" contextid="6606" timestamp="2019-07-07T05:34:56.428">
  <classunload-info classloadercandidates="53" classloadersunloaded="0" classesunloaded="0" anonymousclassesunloaded="0" quiescems="0.000" setupms="0.003" scanms="0.000" postms="0.000" />
</gc-op>
<heap-resize id="6611" type="contract" space="default" amount="2097152" count="1" timems="0.044" reason="excess free space following gc" timestamp="2019-07-07T05:34:56.428" />
<gc-end id="6612" type="partial gc" contextid="6606" durationms="2.904" usertimems="0.000" systemtimems="0.000" timestamp="2019-07-07T05:34:56.428" activeThreads="1">
  <mem-info id="6613" free="74448896" total="121634816" percent="61">
    <mem type="eden" free="1048552" total="1048576" percent="99" />
    <remembered-set count="1824" freebytes="4931712" totalbytes="4939008" percent="99" regionsoverflowed="0" regionsstable="18" regionsrebuilding="0"/>
  </mem-info>
</gc-end>
<cycle-end id="6614" type="partial gc" contextid="6606" timestamp="2019-07-07T05:34:56.428" />
  <attribute name="elasticGC enabled" value="1" />
  <attribute name= "numThreadsSpecified" value="1" />
  <attribute name="heapSize specified" value="0" />
  <attribute name="Current GC Util" value="93" />
  <attribute name= "Current Time Running" value="25953" />
  <attribute name ="GC Interval" value="0" />
  <attribute name="ProportionalT" value="36.500000" />
  <attribute name="ProportionalI" value="36.500000" />
  <attribute name="ProportionalH" value="36.500000" />
  <attribute name="Current Error" value="73.000000" />
  <attribute name="IntegralT" value="0.000000" />
  <attribute name="IntegralI" value="0.000000" />
  <attribute name="IntegralH" value="0.000000" />
  <attribute name="DerivativeT" value="inf" />
  <attribute name="DerivativeI" value="inf" />
  <attribute name="DerivativeH" value="inf" />
  <attribute name="Loop Time for DT" value="0.000000" />
  <attribute name="Output H" value="8388608"/>
  <attribute name="Output I" value="200"/>
  <attribute name="Output T" value="1"/>
  <attribute name="Target GC Util Change" value ="20.000000" />
  <attribute name="Current GC Util Change" value="93.000000"/>
  <attribute name="GC Util currently" value="93" />
  <attribute name="CPU Util currently" value="5740104366471" />
<exclusive-end id="6615" timestamp="2019-07-07T05:34:56.428" durationms="3.808" />

<exclusive-start id="6616" timestamp="2019-07-07T05:34:56.439" intervalms="14.628">
  <response-info timems="0.058" idlems="0.058" threads="0" lastid="00000000020B9700" lastname="main" />
</exclusive-start>
<allocation-taxation id="6617" taxation-threshold="36700160" timestamp="2019-07-07T05:34:56.439" intervalms="14.571" />
<cycle-start id="6618" type="partial gc" contextid="0" timestamp="2019-07-07T05:34:56.440" intervalms="14.565" />
<gc-start id="6619" type="partial gc" contextid="6618" timestamp="2019-07-07T05:34:56.440">
  <mem-info id="6620" free="37748736" total="121634816" percent="31">
    <mem type="eden" free="1048552" total="37748736" percent="2" />
    <remembered-set count="1408" freebytes="4933376" totalbytes="4939008" percent="99" regionsoverflowed="0" regionsstable="18" regionsrebuilding="0"/>
  </mem-info>
</gc-start>
<allocation-stats totalBytes="36577528" >
  <allocated-bytes non-tlh="0" tlh="36577528" arrayletleaf="0"/>
  <largest-consumer threadName="main" threadId="00000000020B9700" bytes="36577528" />
</allocation-stats>
<gc-op id="6621" type="copy forward" timems="3.971" contextid="6618" timestamp="2019-07-07T05:34:56.445">
  <memory-copied type="eden" objects="1" bytes="24" bytesdiscarded="0" />
  <memory-copied type="other" objects="7" bytes="664" bytesdiscarded="1040" />
  <memory-cardclean objects="46" bytes="1216" />
  <regions eden="35" other="3" />
  <remembered-set-cleared processed="77" cleared="11" durationms="0.166" />
  <stringconstants candidates="13269" cleared="0"  />
</gc-op>
<gc-op id="6622" type="classunload" timems="0.004" contextid="6618" timestamp="2019-07-07T05:34:56.445">
  <classunload-info classloadercandidates="53" classloadersunloaded="0" classesunloaded="0" anonymousclassesunloaded="0" quiescems="0.000" setupms="0.004" scanms="0.000" postms="0.000" />
</gc-op>
<heap-resize id="6623" type="contract" space="default" amount="3145728" count="1" timems="0.045" reason="excess free space following gc" timestamp="2019-07-07T05:34:56.445" />
<gc-end id="6624" type="partial gc" contextid="6618" durationms="5.699" usertimems="8.000" systemtimems="4.000" timestamp="2019-07-07T05:34:56.445" activeThreads="4">
  <mem-info id="6625" free="72351744" total="118489088" percent="61">
    <mem type="eden" free="1048552" total="1048576" percent="99" />
    <remembered-set count="2080" freebytes="4846976" totalbytes="4855296" percent="99" regionsoverflowed="0" regionsstable="18" regionsrebuilding="0"/>
  </mem-info>
</gc-end>
<cycle-end id="6626" type="partial gc" contextid="6618" timestamp="2019-07-07T05:34:56.446" />
  <attribute name="elasticGC enabled" value="1" />
  <attribute name= "numThreadsSpecified" value="4" />
  <attribute name="heapSize specified" value="0" />
  <attribute name="Current GC Util" value="180" />
  <attribute name= "Current Time Running" value="25968" />
  <attribute name ="GC Interval" value="0" />
  <attribute name="ProportionalT" value="80.000000" />
  <attribute name="ProportionalI" value="80.000000" />
  <attribute name="ProportionalH" value="80.000000" />
  <attribute name="Current Error" value="160.000000" />
  <attribute name="IntegralT" value="80.000000" />
  <attribute name="IntegralI" value="80.000000" />
  <attribute name="IntegralH" value="80.000000" />
  <attribute name="DerivativeT" value="160.000000" />
  <attribute name="DerivativeI" value="160.000000" />
  <attribute name="DerivativeH" value="160.000000" />
  <attribute name="Loop Time for DT" value="1.000000" />
  <attribute name="Output H" value="8388608"/>
  <attribute name="Output I" value="320"/>
  <attribute name="Output T" value="4"/>
  <attribute name="Target GC Util Change" value ="20.000000" />
  <attribute name="Current GC Util Change" value="180.000000"/>
  <attribute name="GC Util currently" value="180" />
  <attribute name="CPU Util currently" value="5914639665285" />
<exclusive-end id="6627" timestamp="2019-07-07T05:34:56.446" durationms="6.586" />

<exclusive-start id="6628" timestamp="2019-07-07T05:34:56.457" intervalms="18.198">
  <response-info timems="0.059" idlems="0.059" threads="0" lastid="00000000020B9700" lastname="main" />
</exclusive-start>
<allocation-taxation id="6629" taxation-threshold="35651584" timestamp="2019-07-07T05:34:56.458" intervalms="18.278" />
<cycle-start id="6630" type="partial gc" contextid="0" timestamp="2019-07-07T05:34:56.458" intervalms="18.326" />
<gc-start id="6631" type="partial gc" contextid="6630" timestamp="2019-07-07T05:34:56.458">
  <mem-info id="6632" free="36700160" total="118489088" percent="30">
    <mem type="eden" free="1048552" total="36700160" percent="2" />
    <remembered-set count="1728" freebytes="4848384" totalbytes="4855296" percent="99" regionsoverflowed="0" regionsstable="18" regionsrebuilding="0"/>
  </mem-info>
</gc-start>
<allocation-stats totalBytes="35450136" >
  <allocated-bytes non-tlh="0" tlh="35450136" arrayletleaf="0"/>
  <largest-consumer threadName="main" threadId="00000000020B9700" bytes="35450136" />
</allocation-stats>
<gc-op id="6633" type="copy forward" timems="2.590" contextid="6630" timestamp="2019-07-07T05:34:56.461">
  <memory-copied type="eden" objects="26" bytes="1904" bytesdiscarded="1752" />
  <memory-copied type="other" objects="13" bytes="808" bytesdiscarded="784" />
  <memory-cardclean objects="220" bytes="6184" />
  <regions eden="34" other="4" />
  <remembered-set-cleared processed="53" cleared="20" durationms="0.126" />
  <stringconstants candidates="13269" cleared="0"  />
</gc-op>
<gc-op id="6634" type="classunload" timems="0.003" contextid="6630" timestamp="2019-07-07T05:34:56.462">
  <classunload-info classloadercandidates="53" classloadersunloaded="0" classesunloaded="0" anonymousclassesunloaded="0" quiescems="0.000" setupms="0.003" scanms="0.000" postms="0.000" />
</gc-op>
<heap-resize id="6635" type="contract" space="default" amount="5242880" count="1" timems="0.072" reason="excess free space following gc" timestamp="2019-07-07T05:34:56.462" />
<gc-end id="6636" type="partial gc" contextid="6630" durationms="3.899" usertimems="4.000" systemtimems="4.000" timestamp="2019-07-07T05:34:56.462" activeThreads="4">
  <mem-info id="6637" free="69206016" total="113246208" percent="61">
    <mem type="eden" free="1044920" total="1048576" percent="99" />
    <remembered-set count="2304" freebytes="4720512" totalbytes="4729728" percent="99" regionsoverflowed="0" regionsstable="18" regionsrebuilding="0"/>
  </mem-info>
</gc-end>
<cycle-end id="6638" type="partial gc" contextid="6630" timestamp="2019-07-07T05:34:56.462" />
  <attribute name="elasticGC enabled" value="1" />
  <attribute name= "numThreadsSpecified" value="4" />
  <attribute name="heapSize specified" value="0" />
  <attribute name="Current GC Util" value="28" />
  <attribute name= "Current Time Running" value="25986" />
  <attribute name ="GC Interval" value="0" />
  <attribute name="ProportionalT" value="4.000000" />
  <attribute name="ProportionalI" value="4.000000" />
  <attribute name="ProportionalH" value="4.000000" />
  <attribute name="Current Error" value="8.000000" />
  <attribute name="IntegralT" value="4.000000" />
  <attribute name="IntegralI" value="4.000000" />
  <attribute name="IntegralH" value="4.000000" />
  <attribute name="DerivativeT" value="-30.000000" />
  <attribute name="DerivativeI" value="-30.000000" />
  <attribute name="DerivativeH" value="-30.000000" />
  <attribute name="Loop Time for DT" value="1.000000" />
  <attribute name="Output H" value="2091843584"/>
  <attribute name="Output I" value="200"/>
  <attribute name="Output T" value="4"/>
  <attribute name="Target GC Util Change" value ="20.000000" />
  <attribute name="Current GC Util Change" value="28.000000"/>
  <attribute name="GC Util currently" value="28" />
  <attribute name="CPU Util currently" value="8854697705321" />
<exclusive-end id="6639" timestamp="2019-07-07T05:34:56.462" durationms="4.837" />

<exclusive-start id="6640" timestamp="2019-07-07T05:34:56.473" intervalms="15.325">
  <response-info timems="0.060" idlems="0.060" threads="0" lastid="00000000020B9700" lastname="main" />
</exclusive-start>
<allocation-taxation id="6641" taxation-threshold="34603008" timestamp="2019-07-07T05:34:56.473" intervalms="15.241" />
<cycle-start id="6642" type="partial gc" contextid="0" timestamp="2019-07-07T05:34:56.473" intervalms="15.157" />
<gc-start id="6643" type="partial gc" contextid="6642" timestamp="2019-07-07T05:34:56.473">
  <mem-info id="6644" free="34603008" total="113246208" percent="30">
    <mem type="eden" free="0" total="34603008" percent="0" />
    <remembered-set count="2080" freebytes="4721408" totalbytes="4729728" percent="99" regionsoverflowed="0" regionsstable="18" regionsrebuilding="0"/>
  </mem-info>
</gc-start>
<allocation-stats totalBytes="34374336" >
  <allocated-bytes non-tlh="0" tlh="34374336" arrayletleaf="0"/>
  <largest-consumer threadName="main" threadId="00000000020B9700" bytes="34374336" />
</allocation-stats>
<gc-op id="6645" type="copy forward" timems="0.866" contextid="6642" timestamp="2019-07-07T05:34:56.475">
  <memory-copied type="eden" objects="1" bytes="24" bytesdiscarded="0" />
  <memory-copied type="other" objects="39" bytes="2712" bytesdiscarded="160" />
  <memory-cardclean objects="93" bytes="3048" />
  <regions eden="33" other="3" />
  <remembered-set-cleared processed="67" cleared="17" durationms="0.123" />
  <stringconstants candidates="13269" cleared="0"  />
</gc-op>
<gc-op id="6646" type="classunload" timems="0.003" contextid="6642" timestamp="2019-07-07T05:34:56.475">
  <classunload-info classloadercandidates="53" classloadersunloaded="0" classesunloaded="0" anonymousclassesunloaded="0" quiescems="0.000" setupms="0.003" scanms="0.000" postms="0.000" />
</gc-op>
<gc-end id="6647" type="partial gc" contextid="6642" durationms="2.326" usertimems="0.000" systemtimems="0.000" timestamp="2019-07-07T05:34:56.476" activeThreads="1">
  <mem-info id="6648" free="69206016" total="113246208" percent="61">
