<?xml version="1.0" ?>

<verbosegc xmlns="http://www.ibm.com/j9/verbosegc" version="10b4217_CMPRSS">

<initialized id="1" timestamp="2019-07-07T05:35:59.197">
  <attribute name="gcPolicy" value="-Xgcpolicy:balanced" />
  <attribute name="elasticGC enabled" value="1" />
  <attribute name= "numThreadsSpecified" value="0" />
  <attribute name="heapSize specified" value="0" />
  <attribute name="Current GC Util" value="0" />
  <attribute name= "Current Time Running" value="0" />
  <attribute name ="GC Interval" value="0" />
  <attribute name="ProportionalT" value="0.000000" />
  <attribute name="ProportionalI" value="0.000000" />
  <attribute name="ProportionalH" value="0.000000" />
  <attribute name="IntegralT" value="0.000000" />
  <attribute name="IntegralI" value="0.000000" />
  <attribute name="IntegralH" value="0.000000" />
  <attribute name="DerivativeT" value="0.000000" />
  <attribute name="DerivativeI" value="0.000000" />
  <attribute name="DerivativeH" value="0.000000" />
  <attribute name="Target GC Util Change" value ="0.000000" />
  <attribute name="Current GC Util Change" value="0.000000"/>
  <attribute name="Current Error" value="0.000000" />
  <attribute name="Loop Time for DT" value="0.000000" />
  <attribute name="Output H" value="0"/>
  <attribute name="Output I" value="0"/>
  <attribute name="Output T" value="0"/>
  <attribute name="GC Util currently" value="0" />
  <attribute name="CPU Util currently" value="0" />
  <attribute name="maxHeapSize" value="0x7cb00000" />
  <attribute name="initialHeapSize" value="0x800000" />
  <attribute name="compressedRefs" value="true" />
  <attribute name="compressedRefsDisplacement" value="0x0" />
  <attribute name="compressedRefsShift" value="0x0" />
  <attribute name="pageSize" value="0x1000" />
  <attribute name="pageType" value="not used" />
  <attribute name="requestedPageSize" value="0x1000" />
  <attribute name="requestedPageType" value="not used" />
  <attribute name="gcthreads" value="4" />
  <attribute name="packetListSplit" value="4" />
  <attribute name="cacheListSplit" value="4" />
  <attribute name="splitFreeListSplitAmount" value="1" />
  <attribute name="numaNodes" value="0" />
  <region>
    <attribute name="regionSize" value="1048576" />
    <attribute name="regionCount" value="1995" />
    <attribute name="arrayletLeafSize" value="1048576" />
  </region>
  <system>
    <attribute name="physicalMemory" value="8370962432" />
    <attribute name="numCPUs" value="4" />
    <attribute name="architecture" value="amd64" />
    <attribute name="os" value="Linux" />
    <attribute name="osVersion" value="4.4.0-148-generic" />
  </system>
  <vmargs>
    <vmarg name="-Xoptionsfile=/vagrant/jdk/lib/options.default" />
    <vmarg name="-Xlockword:mode=default,noLockword=java/lang/String,noLockword=java/util/MapEntry,noLockword=java/util/HashMap$Entry,noLockword..." />
    <vmarg name="-Xjcl:jclse29" />
    <vmarg name="-Dcom.ibm.oti.vm.bootstrap.library.path=/vagrant/jdk/lib/compressedrefs:/vagrant/jdk/lib" />
    <vmarg name="-Dsun.boot.library.path=/vagrant/jdk/lib/compressedrefs:/vagrant/jdk/lib" />
    <vmarg name="-Djava.library.path=/vagrant/jdk/lib/compressedrefs:/vagrant/jdk/lib:/usr/lib64:/usr/lib" />
    <vmarg name="-Djava.home=/vagrant/jdk" />
    <vmarg name="-Duser.dir=/vagrant" />
    <vmarg name="-Xgcpolicy:balanced" />
    <vmarg name="-Xgcelastic" />
    <vmarg name="-Xcheck:gc:::elasticGC" />
    <vmarg name="-verbose:gc" />
    <vmarg name="-Xloggc:large-Balanced-jdk0.5-0.5-1-verbose5jython.txt" />
    <vmarg name="-Djava.class.path=dacapo-9.12-MR1-bach.jar" />
    <vmarg name="-Dsun.java.command=dacapo-9.12-MR1-bach.jar jython --size=large" />
    <vmarg name="-Dsun.java.launcher=SUN_STANDARD" />
    <vmarg name="-Dsun.java.launcher.pid=6411" />
  </vmargs>
</initialized>

<exclusive-start id="2" timestamp="2019-07-07T05:36:00.943" intervalms="1746.084">
  <response-info timems="0.022" idlems="0.022" threads="0" lastid="000000000096B700" lastname="main" />
</exclusive-start>
<allocation-taxation id="3" taxation-threshold="8388608" timestamp="2019-07-07T05:36:00.944" intervalms="1746.286" />
<cycle-start id="4" type="partial gc" contextid="0" timestamp="2019-07-07T05:36:00.944" intervalms="1746.553" />
<gc-start id="5" type="partial gc" contextid="4" timestamp="2019-07-07T05:36:00.944">
  <mem-info id="6" free="0" total="8388608" percent="0">
    <mem type="eden" free="80" total="8388608" percent="0" />
    <remembered-set count="0" freebytes="334848" totalbytes="334848" percent="100" regionsoverflowed="0" regionsstable="0" regionsrebuilding="0"/>
  </mem-info>
</gc-start>
<allocation-stats totalBytes="8315680" >
  <allocated-bytes non-tlh="357600" tlh="7958080" arrayletleaf="0"/>
  <largest-consumer threadName="main" threadId="000000000096B700" bytes="8239160" />
</allocation-stats>
<gc-op id="7" type="mark" timems="2.823" contextid="4" timestamp="2019-07-07T05:36:00.948">
  <trace-info objectcount="17715" scancount="14028" scanbytes="460928" />
  <remembered-set-cleared processed="0" cleared="0" durationms="0.218" />
  <finalization candidates="14" enqueued="1" />
  <references type="soft" candidates="63" cleared="0" enqueued="0" dynamicThreshold="32" maxThreshold="32" />
  <references type="weak" candidates="544" cleared="401" enqueued="362" />
  <references type="phantom" candidates="105" cleared="44" enqueued="44" />
  <stringconstants candidates="2406" cleared="0"  />
  <warning details="Mark for calibration purposes" />
</gc-op>
<gc-op id="8" type="classunload" timems="0.138" contextid="4" timestamp="2019-07-07T05:36:00.948">
  <classunload-info classloadercandidates="5" classloadersunloaded="0" classesunloaded="0" anonymousclassesunloaded="0" quiescems="0.000" setupms="0.138" scanms="0.000" postms="0.000" />
</gc-op>
<gc-op id="9" type="sweep" timems="0.805" contextid="4" timestamp="2019-07-07T05:36:00.949" />
<gc-op id="10" type="compact" timems="3.980" contextid="4" timestamp="2019-07-07T05:36:00.954">
  <compact-info movecount="17715" movebytes="963328" />
  <remembered-set-cleared processed="0" cleared="0" durationms="0.218" />
</gc-op>
<gc-end id="11" type="partial gc" contextid="4" durationms="10.604" usertimems="8.000" systemtimems="0.000" timestamp="2019-07-07T05:36:00.955" activeThreads="4">
  <mem-info id="12" free="7340032" total="8388608" percent="87">
    <mem type="eden" free="85248" total="1048576" percent="8" />
    <pending-finalizers system="1" default="0" reference="406" classloader="0" />
    <remembered-set count="0" freebytes="334848" totalbytes="334848" percent="100" regionsoverflowed="0" regionsstable="0" regionsrebuilding="0"/>
  </mem-info>
</gc-end>
<cycle-end id="13" type="partial gc" contextid="4" timestamp="2019-07-07T05:36:00.955" />
  <attribute name="elasticGC enabled" value="1" />
  <attribute name= "numThreadsSpecified" value="4" />
  <attribute name="heapSize specified" value="0" />
  <attribute name="Current GC Util" value="32" />
  <attribute name= "Current Time Running" value="1644" />
  <attribute name ="GC Interval" value="0" />
  <attribute name="ProportionalT" value="6.000000" />
  <attribute name="ProportionalI" value="6.000000" />
  <attribute name="ProportionalH" value="6.000000" />
  <attribute name="Current Error" value="12.000000" />
  <attribute name="IntegralT" value="-16243.500000" />
  <attribute name="IntegralI" value="-16243.500000" />
  <attribute name="IntegralH" value="-16243.500000" />
  <attribute name="DerivativeT" value="-37.000000" />
  <attribute name="DerivativeI" value="-37.000000" />
  <attribute name="DerivativeH" value="-37.000000" />
  <attribute name="Loop Time for DT" value="1.000000" />
  <attribute name="Output H" value="2091843584"/>
  <attribute name="Output I" value="200"/>
  <attribute name="Output T" value="4"/>
  <attribute name="Target GC Util Change" value ="20.000000" />
  <attribute name="Current GC Util Change" value="32.000000"/>
  <attribute name="GC Util currently" value="32" />
  <attribute name="CPU Util currently" value="3775644955780" />
<exclusive-end id="14" timestamp="2019-07-07T05:36:00.955" durationms="11.706" />

<exclusive-start id="15" timestamp="2019-07-07T05:36:01.612" intervalms="668.397">
  <response-info timems="0.028" idlems="0.028" threads="0" lastid="000000000096B700" lastname="main" />
</exclusive-start>
<allocation-taxation id="16" taxation-threshold="7340032" timestamp="2019-07-07T05:36:01.612" intervalms="668.315" />
<cycle-start id="17" type="partial gc" contextid="0" timestamp="2019-07-07T05:36:01.612" intervalms="668.303" />
<gc-start id="18" type="partial gc" contextid="17" timestamp="2019-07-07T05:36:01.612">
  <mem-info id="19" free="0" total="8388608" percent="0">
    <mem type="eden" free="85248" total="8388608" percent="1" />
    <remembered-set count="0" freebytes="334848" totalbytes="334848" percent="100" regionsoverflowed="0" regionsstable="0" regionsrebuilding="0"/>
  </mem-info>
</gc-start>
<allocation-stats totalBytes="7330128" >
  <allocated-bytes non-tlh="569856" tlh="6760272" arrayletleaf="0"/>
  <largest-consumer threadName="main" threadId="000000000096B700" bytes="7321848" />
</allocation-stats>
<gc-op id="20" type="mark" timems="1.570" contextid="17" timestamp="2019-07-07T05:36:01.614">
  <trace-info objectcount="19024" scancount="15068" scanbytes="511304" />
  <remembered-set-cleared processed="0" cleared="0" durationms="0.037" />
  <finalization candidates="22" enqueued="0" />
  <ownableSynchronizers candidates="16" cleared="0" />
  <references type="soft" candidates="67" cleared="0" enqueued="0" dynamicThreshold="28" maxThreshold="32" />
  <references type="weak" candidates="682" cleared="364" enqueued="256" />
  <references type="phantom" candidates="88" cleared="2" enqueued="2" />
  <stringconstants candidates="2592" cleared="0"  />
  <warning details="Mark invoked due to insufficient free space for Copy-Forward" />
</gc-op>
<gc-op id="21" type="classunload" timems="0.001" contextid="17" timestamp="2019-07-07T05:36:01.614">
  <classunload-info classloadercandidates="6" classloadersunloaded="0" classesunloaded="0" anonymousclassesunloaded="0" quiescems="0.000" setupms="0.001" scanms="0.000" postms="0.000" />
</gc-op>
<gc-op id="22" type="sweep" timems="0.306" contextid="17" timestamp="2019-07-07T05:36:01.615" />
<gc-op id="23" type="compact" timems="3.643" contextid="17" timestamp="2019-07-07T05:36:01.619">
  <compact-info movecount="19020" movebytes="1506424" />
  <remembered-set-cleared processed="0" cleared="0" durationms="0.041" />
</gc-op>
<gc-end id="24" type="partial gc" contextid="17" durationms="6.853" usertimems="4.000" systemtimems="0.000" timestamp="2019-07-07T05:36:01.619" activeThreads="4">
  <mem-info id="25" free="6291456" total="8388608" percent="75">
    <mem type="eden" free="590464" total="2097152" percent="28" />
    <pending-finalizers system="0" default="0" reference="258" classloader="0" />
    <remembered-set count="1024" freebytes="330752" totalbytes="334848" percent="98" regionsoverflowed="0" regionsstable="0" regionsrebuilding="0"/>
  </mem-info>
</gc-end>
<cycle-end id="26" type="partial gc" contextid="17" timestamp="2019-07-07T05:36:01.619" />
  <attribute name="elasticGC enabled" value="1" />
  <attribute name= "numThreadsSpecified" value="4" />
  <attribute name="heapSize specified" value="0" />
  <attribute name="Current GC Util" value="12" />
  <attribute name= "Current Time Running" value="2310" />
  <attribute name ="GC Interval" value="0" />
  <attribute name="ProportionalT" value="-4.000000" />
  <attribute name="ProportionalI" value="-4.000000" />
  <attribute name="ProportionalH" value="-4.000000" />
  <attribute name="Current Error" value="-8.000000" />
  <attribute name="IntegralT" value="-4.000000" />
  <attribute name="IntegralI" value="-4.000000" />
  <attribute name="IntegralH" value="-4.000000" />
  <attribute name="DerivativeT" value="-8.000000" />
  <attribute name="DerivativeI" value="-8.000000" />
  <attribute name="DerivativeH" value="-8.000000" />
  <attribute name="Loop Time for DT" value="1.000000" />
  <attribute name="Output H" value="2091843584"/>
  <attribute name="Output I" value="200"/>
  <attribute name="Output T" value="4"/>
  <attribute name="Target GC Util Change" value ="20.000000" />
  <attribute name="Current GC Util Change" value="12.000000"/>
  <attribute name="GC Util currently" value="12" />
  <attribute name="CPU Util currently" value="6751608254410" />
<exclusive-end id="27" timestamp="2019-07-07T05:36:01.620" durationms="7.918" />

<exclusive-start id="28" timestamp="2019-07-07T05:36:01.757" intervalms="144.927">
  <response-info timems="0.023" idlems="0.023" threads="0" lastid="000000000096B700" lastname="main" />
</exclusive-start>
<allocation-taxation id="29" taxation-threshold="3145728" timestamp="2019-07-07T05:36:01.757" intervalms="144.906" />
<cycle-start id="30" type="global mark phase" contextid="0" timestamp="2019-07-07T05:36:01.757" intervalms="2559.670" />
<gc-start id="31" type="global mark phase" contextid="30" timestamp="2019-07-07T05:36:01.757">
  <mem-info id="32" free="3145728" total="8388608" percent="37">
    <remembered-set count="1024" freebytes="330752" totalbytes="334848" percent="98" regionsoverflowed="0" regionsstable="0" regionsrebuilding="0"/>
  </mem-info>
</gc-start>
<gc-op id="33" type="mark increment" timems="0.885" contextid="30" timestamp="2019-07-07T05:36:01.758">
  <trace-info objectcount="122" scancount="0" scanbytes="0" />
</gc-op>
<gc-end id="34" type="global mark phase" contextid="30" durationms="1.031" usertimems="0.000" systemtimems="0.000" timestamp="2019-07-07T05:36:01.758" activeThreads="1">
  <mem-info id="35" free="3145728" total="8388608" percent="37">
    <remembered-set count="1024" freebytes="330752" totalbytes="334848" percent="98" regionsoverflowed="0" regionsstable="0" regionsrebuilding="0"/>
  </mem-info>
</gc-end>
<concurrent-start id="36" type="GMP work packet processing" contextid="30" timestamp="2019-07-07T05:36:01.758">
  <concurrent-mark-start scanTarget="18446744073709551615" />
</concurrent-start>
<concurrent-end id="37" type="GMP work packet processing" contextid="30" timestamp="2019-07-07T05:36:01.760">
  <concurrent-mark-end bytesScanned="771176" reasonForTermination="Completed all work in GC phase" />
</concurrent-end>

<exclusive-end id="38" timestamp="2019-07-07T05:36:01.760" durationms="3.552" />

<exclusive-start id="39" timestamp="2019-07-07T05:36:01.852" intervalms="95.234">
  <response-info timems="0.023" idlems="0.023" threads="0" lastid="000000000096B700" lastname="main" />
</exclusive-start>
<allocation-taxation id="40" taxation-threshold="3145728" timestamp="2019-07-07T05:36:01.852" intervalms="95.249" />
<cycle-start id="41" type="partial gc" contextid="0" timestamp="2019-07-07T05:36:01.852" intervalms="239.969" />
<gc-start id="42" type="partial gc" contextid="41" timestamp="2019-07-07T05:36:01.852">
  <mem-info id="43" free="0" total="8388608" percent="0">
    <mem type="eden" free="0" total="6291456" percent="0" />
    <remembered-set count="1024" freebytes="330752" totalbytes="334848" percent="98" regionsoverflowed="0" regionsstable="0" regionsrebuilding="0"/>
  </mem-info>
</gc-start>
<allocation-stats totalBytes="6286464" >
  <allocated-bytes non-tlh="317712" tlh="5968752" arrayletleaf="0"/>
  <largest-consumer threadName="main" threadId="000000000096B700" bytes="3142696" />
</allocation-stats>
<gc-op id="44" type="mark" timems="2.093" contextid="41" timestamp="2019-07-07T05:36:01.855">
  <trace-info objectcount="20279" scancount="16258" scanbytes="547304" />
  <cardclean-info objects="821" bytes="35272" />
  <remembered-set-cleared processed="203" cleared="203" durationms="0.043" />
  <finalization candidates="50" enqueued="1" />
  <ownableSynchronizers candidates="17" cleared="0" />
  <references type="soft" candidates="358" cleared="0" enqueued="0" dynamicThreshold="12" maxThreshold="32" />
  <references type="weak" candidates="1254" cleared="157" enqueued="143" />
  <references type="phantom" candidates="41" cleared="4" enqueued="4" />
  <stringconstants candidates="4540" cleared="0"  />
  <warning details="Mark invoked due to insufficient free space for Copy-Forward" />
</gc-op>
<gc-op id="45" type="classunload" timems="0.002" contextid="41" timestamp="2019-07-07T05:36:01.855">
  <classunload-info classloadercandidates="10" classloadersunloaded="0" classesunloaded="0" anonymousclassesunloaded="0" quiescems="0.000" setupms="0.002" scanms="0.000" postms="0.000" />
</gc-op>
<gc-op id="46" type="sweep" timems="0.324" contextid="41" timestamp="2019-07-07T05:36:01.855" />
<gc-op id="47" type="compact" timems="4.018" contextid="41" timestamp="2019-07-07T05:36:01.860">
  <compact-info movecount="20097" movebytes="1367368" />
  <remembered-set-cleared processed="3247" cleared="3247" durationms="0.053" />
</gc-op>
<heap-resize id="48" type="contract" space="default" amount="1048576" count="1" timems="0.155" reason="insufficient time being spent in gc" timestamp="2019-07-07T05:36:01.860" />
<gc-end id="49" type="partial gc" contextid="41" durationms="7.888" usertimems="8.000" systemtimems="0.000" timestamp="2019-07-07T05:36:01.860" activeThreads="4">
  <mem-info id="50" free="4194304" total="7340032" percent="57">
    <mem type="eden" free="373152" total="1048576" percent="35" />
    <pending-finalizers system="1" default="0" reference="147" classloader="0" />
    <remembered-set count="2560" freebytes="324608" totalbytes="334848" percent="96" regionsoverflowed="0" regionsstable="0" regionsrebuilding="0"/>
  </mem-info>
</gc-end>
<cycle-end id="51" type="partial gc" contextid="41" timestamp="2019-07-07T05:36:01.860" />
  <attribute name="elasticGC enabled" value="1" />
  <attribute name= "numThreadsSpecified" value="4" />
  <attribute name="heapSize specified" value="0" />
  <attribute name="Current GC Util" value="16" />
  <attribute name= "Current Time Running" value="2550" />
  <attribute name ="GC Interval" value="0" />
  <attribute name="ProportionalT" value="-2.000000" />
  <attribute name="ProportionalI" value="-2.000000" />
  <attribute name="ProportionalH" value="-2.000000" />
  <attribute name="Current Error" value="-4.000000" />
  <attribute name="IntegralT" value="-2.000000" />
  <attribute name="IntegralI" value="-2.000000" />
  <attribute name="IntegralH" value="-2.000000" />
  <attribute name="DerivativeT" value="-4.000000" />
  <attribute name="DerivativeI" value="-4.000000" />
  <attribute name="DerivativeH" value="-4.000000" />
  <attribute name="Loop Time for DT" value="1.000000" />
  <attribute name="Output H" value="2091843584"/>
  <attribute name="Output I" value="200"/>
  <attribute name="Output T" value="4"/>
  <attribute name="Target GC Util Change" value ="20.000000" />
  <attribute name="Current GC Util Change" value="16.000000"/>
  <attribute name="GC Util currently" value="16" />
  <attribute name="CPU Util currently" value="8910403039615" />
<exclusive-end id="52" timestamp="2019-07-07T05:36:01.861" durationms="8.767" />

<exclusive-start id="53" timestamp="2019-07-07T05:36:05.033" intervalms="3180.835">
  <response-info timems="0.055" idlems="0.055" threads="0" lastid="000000000096B700" lastname="main" />
</exclusive-start>
<allocation-taxation id="54" taxation-threshold="2097152" timestamp="2019-07-07T05:36:05.033" intervalms="3180.851" />
<gc-start id="55" type="global mark phase" contextid="30" timestamp="2019-07-07T05:36:05.033">
  <mem-info id="56" free="2097152" total="7340032" percent="28">
    <remembered-set count="2560" freebytes="324608" totalbytes="334848" percent="96" regionsoverflowed="0" regionsstable="0" regionsrebuilding="0"/>
  </mem-info>
</gc-start>
<gc-op id="57" type="mark increment" timems="2.646" contextid="30" timestamp="2019-07-07T05:36:05.036">
  <trace-info objectcount="22554" scancount="18244" scanbytes="621496" />
  <cardclean-info objects="873" bytes="37744" />
  <finalization candidates="62" enqueued="0" />
  <ownableSynchronizers candidates="17" cleared="0" />
  <references type="soft" candidates="584" cleared="0" enqueued="0" dynamicThreshold="18" maxThreshold="32" />
  <references type="weak" candidates="1415" cleared="6" enqueued="6" />
  <references type="phantom" candidates="96" cleared="2" enqueued="2" />
  <stringconstants candidates="4893" cleared="0"  />
</gc-op>
<gc-op id="58" type="classunload" timems="0.003" contextid="30" timestamp="2019-07-07T05:36:05.036">
  <classunload-info classloadercandidates="10" classloadersunloaded="0" classesunloaded="0" anonymousclassesunloaded="0" quiescems="0.000" setupms="0.003" scanms="0.000" postms="0.000" />
</gc-op>
<gc-end id="59" type="global mark phase" contextid="30" durationms="2.878" usertimems="0.000" systemtimems="0.000" timestamp="2019-07-07T05:36:05.036" activeThreads="4">
  <mem-info id="60" free="2097152" total="7340032" percent="28">
    <pending-finalizers system="0" default="0" reference="8" classloader="0" />
    <remembered-set count="2560" freebytes="324608" totalbytes="334848" percent="96" regionsoverflowed="0" regionsstable="0" regionsrebuilding="0"/>
  </mem-info>
</gc-end>
<cycle-end id="61" type="global mark phase" contextid="30" timestamp="2019-07-07T05:36:05.036" />
  <attribute name="elasticGC enabled" value="1" />
  <attribute name= "numThreadsSpecified" value="4" />
  <attribute name="heapSize specified" value="0" />
  <attribute name="Current GC Util" value="0" />
  <attribute name= "Current Time Running" value="5730" />
  <attribute name ="GC Interval" value="0" />
  <attribute name="ProportionalT" value="-10.000000" />
  <attribute name="ProportionalI" value="-10.000000" />
  <attribute name="ProportionalH" value="-10.000000" />
  <attribute name="Current Error" value="-20.000000" />
  <attribute name="IntegralT" value="-20.000000" />
  <attribute name="IntegralI" value="-20.000000" />
  <attribute name="IntegralH" value="-20.000000" />
  <attribute name="DerivativeT" value="-35.500000" />
  <attribute name="DerivativeI" value="-35.500000" />
  <attribute name="DerivativeH" value="-35.500000" />
  <attribute name="Loop Time for DT" value="2.000000" />
  <attribute name="Output H" value="2091843584"/>
  <attribute name="Output I" value="200"/>
  <attribute name="Output T" value="4"/>
  <attribute name="Target GC Util Change" value ="20.000000" />
  <attribute name="Current GC Util Change" value="0.000000"/>
  <attribute name="GC Util currently" value="0" />
  <attribute name="CPU Util currently" value="3486245716943" />
<exclusive-end id="62" timestamp="2019-07-07T05:36:05.036" durationms="3.333" />

<exclusive-start id="63" timestamp="2019-07-07T05:36:05.088" intervalms="55.234">
  <response-info timems="0.028" idlems="0.028" threads="0" lastid="000000000096B700" lastname="main" />
</exclusive-start>
<allocation-taxation id="64" taxation-threshold="2097152" timestamp="2019-07-07T05:36:05.088" intervalms="55.196" />
<cycle-start id="65" type="partial gc" contextid="0" timestamp="2019-07-07T05:36:05.088" intervalms="3236.056" />
<gc-start id="66" type="partial gc" contextid="65" timestamp="2019-07-07T05:36:05.088">
  <mem-info id="67" free="0" total="7340032" percent="0">
    <mem type="eden" free="0" total="4194304" percent="0" />
    <remembered-set count="2560" freebytes="324608" totalbytes="334848" percent="96" regionsoverflowed="0" regionsstable="0" regionsrebuilding="0"/>
  </mem-info>
</gc-start>
<allocation-stats totalBytes="4187672" >
  <allocated-bytes non-tlh="79216" tlh="4108456" arrayletleaf="0"/>
  <largest-consumer threadName="main" threadId="000000000096B700" bytes="2095448" />
</allocation-stats>
<gc-op id="68" type="sweep" timems="0.387" contextid="65" timestamp="2019-07-07T05:36:05.089" />
<gc-op id="69" type="mark" timems="2.163" contextid="65" timestamp="2019-07-07T05:36:05.091">
  <trace-info objectcount="22617" scancount="18117" scanbytes="605456" />
  <cardclean-info objects="1039" bytes="57940" />
  <remembered-set-cleared processed="0" cleared="0" durationms="0.044" />
  <finalization candidates="43" enqueued="0" />
  <ownableSynchronizers candidates="1" cleared="0" />
  <references type="soft" candidates="562" cleared="0" enqueued="0" dynamicThreshold="9" maxThreshold="32" />
  <references type="weak" candidates="1224" cleared="24" enqueued="24" />
  <references type="phantom" candidates="10" cleared="1" enqueued="1" />
  <stringconstants candidates="5084" cleared="0"  />
  <warning details="Mark invoked due to insufficient free space for Copy-Forward" />
</gc-op>
<gc-op id="70" type="classunload" timems="0.002" contextid="65" timestamp="2019-07-07T05:36:05.092">
  <classunload-info classloadercandidates="10" classloadersunloaded="0" classesunloaded="0" anonymousclassesunloaded="0" quiescems="0.000" setupms="0.002" scanms="0.000" postms="0.000" />
</gc-op>
<gc-op id="71" type="sweep" timems="0.641" contextid="65" timestamp="2019-07-07T05:36:05.092" />
<gc-op id="72" type="compact" timems="3.289" contextid="65" timestamp="2019-07-07T05:36:05.096">
  <compact-info movecount="22421" movebytes="872368" />
  <remembered-set-cleared processed="5741" cleared="5615" durationms="0.076" />
</gc-op>
<heap-resize id="73" type="expand" space="default" amount="1048576" count="1" timems="0.050" reason="insufficient free space following gc" timestamp="2019-07-07T05:36:05.096" />
<gc-end id="74" type="partial gc" contextid="65" durationms="7.970" usertimems="12.000" systemtimems="0.000" timestamp="2019-07-07T05:36:05.096" activeThreads="4">
  <mem-info id="75" free="4194304" total="8388608" percent="50">
    <mem type="eden" free="789960" total="1048576" percent="75" />
    <pending-finalizers system="0" default="0" reference="25" classloader="0" />
    <remembered-set count="3232" freebytes="321920" totalbytes="334848" percent="96" regionsoverflowed="0" regionsstable="0" regionsrebuilding="0"/>
  </mem-info>
</gc-end>
<cycle-end id="76" type="partial gc" contextid="65" timestamp="2019-07-07T05:36:05.096" />
  <attribute name="elasticGC enabled" value="1" />
  <attribute name= "numThreadsSpecified" value="4" />
  <attribute name="heapSize specified" value="0" />
  <attribute name="Current GC Util" value="82" />
  <attribute name= "Current Time Running" value="5787" />
  <attribute name ="GC Interval" value="0" />
  <attribute name="ProportionalT" value="31.000000" />
  <attribute name="ProportionalI" value="31.000000" />
  <attribute name="ProportionalH" value="31.000000" />
  <attribute name="Current Error" value="62.000000" />
  <attribute name="IntegralT" value="31.000000" />
  <attribute name="IntegralI" value="31.000000" />
  <attribute name="IntegralH" value="31.000000" />
  <attribute name="DerivativeT" value="62.000000" />
  <attribute name="DerivativeI" value="62.000000" />
  <attribute name="DerivativeH" value="62.000000" />
  <attribute name="Loop Time for DT" value="1.000000" />
  <attribute name="Output H" value="8388608"/>
  <attribute name="Output I" value="200"/>
  <attribute name="Output T" value="4"/>
  <attribute name="Target GC Util Change" value ="20.000000" />
  <attribute name="Current GC Util Change" value="82.000000"/>
  <attribute name="GC Util currently" value="82" />
  <attribute name="CPU Util currently" value="5427549889524" />
<exclusive-end id="77" timestamp="2019-07-07T05:36:05.097" durationms="8.612" />

<exclusive-start id="78" timestamp="2019-07-07T05:36:05.183" intervalms="95.436">
  <response-info timems="0.035" idlems="0.035" threads="0" lastid="000000000096B700" lastname="main" />
</exclusive-start>
<allocation-taxation id="79" taxation-threshold="2097152" timestamp="2019-07-07T05:36:05.183" intervalms="95.422" />
<cycle-start id="80" type="global mark phase" contextid="0" timestamp="2019-07-07T05:36:05.184" intervalms="3426.615" />
<gc-start id="81" type="global mark phase" contextid="80" timestamp="2019-07-07T05:36:05.184">
  <mem-info id="82" free="2097152" total="8388608" percent="25">
    <remembered-set count="3232" freebytes="321920" totalbytes="334848" percent="96" regionsoverflowed="0" regionsstable="0" regionsrebuilding="0"/>
  </mem-info>
</gc-start>
<gc-op id="83" type="mark increment" timems="0.442" contextid="80" timestamp="2019-07-07T05:36:05.184">
  <trace-info objectcount="137" scancount="0" scanbytes="0" />
</gc-op>
<gc-end id="84" type="global mark phase" contextid="80" durationms="0.534" usertimems="0.000" systemtimems="0.000" timestamp="2019-07-07T05:36:05.184" activeThreads="1">
  <mem-info id="85" free="2097152" total="8388608" percent="25">
    <remembered-set count="3232" freebytes="321920" totalbytes="334848" percent="96" regionsoverflowed="0" regionsstable="0" regionsrebuilding="0"/>
  </mem-info>
</gc-end>
<concurrent-start id="86" type="GMP work packet processing" contextid="80" timestamp="2019-07-07T05:36:05.184">
  <concurrent-mark-start scanTarget="18446744073709551615" />
</concurrent-start>
<concurrent-end id="87" type="GMP work packet processing" contextid="80" timestamp="2019-07-07T05:36:05.186">
  <concurrent-mark-end bytesScanned="1168052" reasonForTermination="Completed all work in GC phase" />
</concurrent-end>

<exclusive-end id="88" timestamp="2019-07-07T05:36:05.186" durationms="2.566" />

<exclusive-start id="89" timestamp="2019-07-07T05:36:05.294" intervalms="110.933">
  <response-info timems="0.059" idlems="0.059" threads="0" lastid="000000000096B700" lastname="main" />
</exclusive-start>
<allocation-taxation id="90" taxation-threshold="2097152" timestamp="2019-07-07T05:36:05.294" intervalms="110.979" />
<cycle-start id="91" type="partial gc" contextid="0" timestamp="2019-07-07T05:36:05.295" intervalms="206.497" />
<gc-start id="92" type="partial gc" contextid="91" timestamp="2019-07-07T05:36:05.295">
  <mem-info id="93" free="0" total="8388608" percent="0">
    <mem type="eden" free="0" total="4194304" percent="0" />
    <remembered-set count="3232" freebytes="321920" totalbytes="334848" percent="96" regionsoverflowed="0" regionsstable="0" regionsrebuilding="0"/>
  </mem-info>
</gc-start>
<allocation-stats totalBytes="4181872" >
  <allocated-bytes non-tlh="123664" tlh="4058208" arrayletleaf="0"/>
  <largest-consumer threadName="main" threadId="000000000096B700" bytes="2052504" />
</allocation-stats>
<gc-op id="94" type="mark" timems="2.138" contextid="91" timestamp="2019-07-07T05:36:05.298">
  <trace-info objectcount="15833" scancount="13650" scanbytes="498236" />
  <cardclean-info objects="1770" bytes="79300" />
  <remembered-set-cleared processed="2462" cleared="1077" durationms="0.066" />
  <finalization candidates="14" enqueued="0" />
  <ownableSynchronizers candidates="4" cleared="0" />
  <references type="soft" candidates="441" cleared="0" enqueued="0" dynamicThreshold="8" maxThreshold="32" />
  <references type="weak" candidates="2154" cleared="437" enqueued="288" />
  <references type="phantom" candidates="3" cleared="1" enqueued="1" />
  <stringconstants candidates="6052" cleared="0"  />
  <warning details="Mark invoked due to insufficient free space for Copy-Forward" />
</gc-op>
<gc-op id="95" type="classunload" timems="0.002" contextid="91" timestamp="2019-07-07T05:36:05.298">
  <classunload-info classloadercandidates="11" classloadersunloaded="0" classesunloaded="0" anonymousclassesunloaded="0" quiescems="0.000" setupms="0.001" scanms="0.000" postms="0.000" />
</gc-op>
<gc-op id="96" type="sweep" timems="0.416" contextid="91" timestamp="2019-07-07T05:36:05.298" />
<gc-op id="97" type="compact" timems="3.400" contextid="91" timestamp="2019-07-07T05:36:05.302">
  <compact-info movecount="15603" movebytes="746376" />
  <remembered-set-cleared processed="12457" cleared="9636" durationms="0.104" />
</gc-op>
<heap-resize id="98" type="expand" space="default" amount="1048576" count="1" timems="0.055" reason="insufficient free space following gc" timestamp="2019-07-07T05:36:05.302" />
<gc-end id="99" type="partial gc" contextid="91" durationms="7.261" usertimems="8.000" systemtimems="0.000" timestamp="2019-07-07T05:36:05.302" activeThreads="4">
  <mem-info id="100" free="4194304" total="9437184" percent="44">
    <mem type="eden" free="538464" total="1048576" percent="51" />
    <pending-finalizers system="0" default="0" reference="289" classloader="0" />
    <remembered-set count="5280" freebytes="355584" totalbytes="376704" percent="94" regionsoverflowed="0" regionsstable="0" regionsrebuilding="0"/>
  </mem-info>
</gc-end>
<cycle-end id="101" type="partial gc" contextid="91" timestamp="2019-07-07T05:36:05.302" />
  <attribute name="elasticGC enabled" value="1" />
  <attribute name= "numThreadsSpecified" value="4" />
  <attribute name="heapSize specified" value="0" />
  <attribute name="Current GC Util" value="25" />
  <attribute name= "Current Time Running" value="5993" />
  <attribute name ="GC Interval" value="0" />
  <attribute name="ProportionalT" value="2.500000" />
  <attribute name="ProportionalI" value="2.500000" />
  <attribute name="ProportionalH" value="2.500000" />
  <attribute name="Current Error" value="5.000000" />
  <attribute name="IntegralT" value="2.500000" />
  <attribute name="IntegralI" value="2.500000" />
  <attribute name="IntegralH" value="2.500000" />
  <attribute name="DerivativeT" value="5.000000" />
  <attribute name="DerivativeI" value="5.000000" />
  <attribute name="DerivativeH" value="5.000000" />
  <attribute name="Loop Time for DT" value="1.000000" />
  <attribute name="Output H" value="8388608"/>
  <attribute name="Output I" value="200"/>
  <attribute name="Output T" value="4"/>
  <attribute name="Target GC Util Change" value ="20.000000" />
  <attribute name="Current GC Util Change" value="25.000000"/>
  <attribute name="GC Util currently" value="25" />
  <attribute name="CPU Util currently" value="7176101918473" />
<exclusive-end id="102" timestamp="2019-07-07T05:36:05.302" durationms="8.145" />

<exclusive-start id="103" timestamp="2019-07-07T05:36:05.394" intervalms="99.158">
  <response-info timems="0.065" idlems="0.065" threads="0" lastid="000000000096B700" lastname="main" />
</exclusive-start>
<allocation-taxation id="104" taxation-threshold="2097152" timestamp="2019-07-07T05:36:05.394" intervalms="99.194" />
<gc-start id="105" type="global mark phase" contextid="80" timestamp="2019-07-07T05:36:05.394">
  <mem-info id="106" free="2097152" total="9437184" percent="22">
    <remembered-set count="5280" freebytes="355584" totalbytes="376704" percent="94" regionsoverflowed="0" regionsstable="0" regionsrebuilding="0"/>
  </mem-info>
</gc-start>
<gc-op id="107" type="mark increment" timems="4.287" contextid="80" timestamp="2019-07-07T05:36:05.398">
  <trace-info objectcount="18052" scancount="15528" scanbytes="566216" />
  <cardclean-info objects="2770" bytes="125908" />
  <finalization candidates="80" enqueued="0" />
  <ownableSynchronizers candidates="21" cleared="0" />
  <references type="soft" candidates="967" cleared="0" enqueued="0" dynamicThreshold="14" maxThreshold="32" />
  <references type="weak" candidates="2975" cleared="20" enqueued="20" />
  <references type="phantom" candidates="102" cleared="2" enqueued="2" />
  <stringconstants candidates="6260" cleared="0"  />
</gc-op>
<gc-op id="108" type="classunload" timems="0.004" contextid="80" timestamp="2019-07-07T05:36:05.398">
  <classunload-info classloadercandidates="11" classloadersunloaded="0" classesunloaded="0" anonymousclassesunloaded="0" quiescems="0.000" setupms="0.004" scanms="0.000" postms="0.000" />
</gc-op>
<gc-end id="109" type="global mark phase" contextid="80" durationms="4.647" usertimems="4.000" systemtimems="0.000" timestamp="2019-07-07T05:36:05.399" activeThreads="4">
  <mem-info id="110" free="2097152" total="9437184" percent="22">
    <pending-finalizers system="0" default="0" reference="22" classloader="0" />
    <remembered-set count="5280" freebytes="355584" totalbytes="376704" percent="94" regionsoverflowed="0" regionsstable="0" regionsrebuilding="0"/>
  </mem-info>
</gc-end>
<cycle-end id="111" type="global mark phase" contextid="80" timestamp="2019-07-07T05:36:05.399" />
  <attribute name="elasticGC enabled" value="1" />
  <attribute name= "numThreadsSpecified" value="4" />
  <attribute name="heapSize specified" value="0" />
  <attribute name="Current GC Util" value="138" />
  <attribute name= "Current Time Running" value="6091" />
  <attribute name ="GC Interval" value="0" />
  <attribute name="ProportionalT" value="59.000000" />
  <attribute name="ProportionalI" value="59.000000" />
  <attribute name="ProportionalH" value="59.000000" />
  <attribute name="Current Error" value="118.000000" />
  <attribute name="IntegralT" value="59.000000" />
  <attribute name="IntegralI" value="59.000000" />
  <attribute name="IntegralH" value="59.000000" />
  <attribute name="DerivativeT" value="86.000000" />
  <attribute name="DerivativeI" value="86.000000" />
  <attribute name="DerivativeH" value="86.000000" />
  <attribute name="Loop Time for DT" value="1.000000" />
  <attribute name="Output H" value="8388608"/>
  <attribute name="Output I" value="208"/>
  <attribute name="Output T" value="4"/>
  <attribute name="Target GC Util Change" value ="20.000000" />
  <attribute name="Current GC Util Change" value="138.000000"/>
  <attribute name="GC Util currently" value="138" />
  <attribute name="CPU Util currently" value="2675294489289" />
<exclusive-end id="112" timestamp="2019-07-07T05:36:05.399" durationms="5.250" />

<exclusive-start id="113" timestamp="2019-07-07T05:36:05.443" intervalms="49.164">
  <response-info timems="0.047" idlems="0.047" threads="0" lastid="000000000096B700" lastname="main" />
</exclusive-start>
<allocation-taxation id="114" taxation-threshold="2097152" timestamp="2019-07-07T05:36:05.443" intervalms="49.159" />
<cycle-start id="115" type="partial gc" contextid="0" timestamp="2019-07-07T05:36:05.443" intervalms="148.337" />
<gc-start id="116" type="partial gc" contextid="115" timestamp="2019-07-07T05:36:05.443">
  <mem-info id="117" free="0" total="9437184" percent="0">
    <mem type="eden" free="91760" total="4194304" percent="2" />
    <remembered-set count="5280" freebytes="355584" totalbytes="376704" percent="94" regionsoverflowed="0" regionsstable="0" regionsrebuilding="0"/>
  </mem-info>
</gc-start>
<allocation-stats totalBytes="3989608" >
  <allocated-bytes non-tlh="1464520" tlh="2525088" arrayletleaf="0"/>
  <largest-consumer threadName="main" threadId="000000000096B700" bytes="2001584" />
</allocation-stats>
<gc-op id="118" type="sweep" timems="1.493" contextid="115" timestamp="2019-07-07T05:36:05.445" />
<gc-op id="119" type="mark" timems="2.166" contextid="115" timestamp="2019-07-07T05:36:05.448">
  <trace-info objectcount="13353" scancount="11296" scanbytes="420232" />
  <cardclean-info objects="1113" bytes="64156" />
  <remembered-set-cleared processed="4149" cleared="1890" durationms="0.089" />
  <finalization candidates="15" enqueued="0" />
  <ownableSynchronizers candidates="4" cleared="0" />
  <references type="soft" candidates="338" cleared="0" enqueued="0" dynamicThreshold="7" maxThreshold="32" />
  <references type="weak" candidates="1482" cleared="1" enqueued="1" />
  <references type="phantom" candidates="5" cleared="0" enqueued="0" />
  <stringconstants candidates="6430" cleared="0"  />
  <warning details="Mark invoked due to insufficient free space for Copy-Forward" />
</gc-op>
<gc-op id="120" type="classunload" timems="0.002" contextid="115" timestamp="2019-07-07T05:36:05.448">
  <classunload-info classloadercandidates="11" classloadersunloaded="0" classesunloaded="0" anonymousclassesunloaded="0" quiescems="0.000" setupms="0.002" scanms="0.000" postms="0.000" />
</gc-op>
<gc-op id="121" type="sweep" timems="1.437" contextid="115" timestamp="2019-07-07T05:36:05.450" />
<gc-op id="122" type="compact" timems="4.340" contextid="115" timestamp="2019-07-07T05:36:05.454">
  <compact-info movecount="12695" movebytes="1233528" />
  <remembered-set-cleared processed="12630" cleared="8100" durationms="0.089" />
</gc-op>
<heap-resize id="123" type="expand" space="default" amount="2097152" count="1" timems="0.287" reason="insufficient free space following gc" timestamp="2019-07-07T05:36:05.455" />
<gc-end id="124" type="partial gc" contextid="115" durationms="11.536" usertimems="4.000" systemtimems="12.000" timestamp="2019-07-07T05:36:05.455" activeThreads="4">
  <mem-info id="125" free="5242880" total="11534336" percent="45">
    <mem type="eden" free="104880" total="1048576" percent="10" />
    <pending-finalizers system="0" default="0" reference="1" classloader="0" />
    <remembered-set count="6112" freebytes="435968" totalbytes="460416" percent="94" regionsoverflowed="0" regionsstable="0" regionsrebuilding="0"/>
  </mem-info>
</gc-end>
<cycle-end id="126" type="partial gc" contextid="115" timestamp="2019-07-07T05:36:05.455" />
  <attribute name="elasticGC enabled" value="1" />
  <attribute name= "numThreadsSpecified" value="4" />
  <attribute name="heapSize specified" value="0" />
  <attribute name="Current GC Util" value="133" />
  <attribute name= "Current Time Running" value="6144" />
  <attribute name ="GC Interval" value="0" />
  <attribute name="ProportionalT" value="56.500000" />
  <attribute name="ProportionalI" value="56.500000" />
  <attribute name="ProportionalH" value="56.500000" />
  <attribute name="Current Error" value="113.000000" />
  <attribute name="IntegralT" value="56.500000" />
  <attribute name="IntegralI" value="56.500000" />
  <attribute name="IntegralH" value="56.500000" />
  <attribute name="DerivativeT" value="113.000000" />
  <attribute name="DerivativeI" value="113.000000" />
  <attribute name="DerivativeH" value="113.000000" />
  <attribute name="Loop Time for DT" value="1.000000" />
  <attribute name="Output H" value="8388608"/>
  <attribute name="Output I" value="232"/>
  <attribute name="Output T" value="4"/>
  <attribute name="Target GC Util Change" value ="20.000000" />
  <attribute name="Current GC Util Change" value="133.000000"/>
  <attribute name="GC Util currently" value="133" />
  <attribute name="CPU Util currently" value="2808595677762" />
<exclusive-end id="127" timestamp="2019-07-07T05:36:05.455" durationms="12.432" />

<exclusive-start id="128" timestamp="2019-07-07T05:36:05.547" intervalms="104.343">
  <response-info timems="0.030" idlems="0.030" threads="0" lastid="000000000096B700" lastname="main" />
</exclusive-start>
<allocation-taxation id="129" taxation-threshold="2097152" timestamp="2019-07-07T05:36:05.547" intervalms="104.274" />
<cycle-start id="130" type="global mark phase" contextid="0" timestamp="2019-07-07T05:36:05.547" intervalms="363.625" />
<gc-start id="131" type="global mark phase" contextid="130" timestamp="2019-07-07T05:36:05.547">
  <mem-info id="132" free="3145728" total="11534336" percent="27">
    <remembered-set count="6112" freebytes="435968" totalbytes="460416" percent="94" regionsoverflowed="0" regionsstable="0" regionsrebuilding="0"/>
  </mem-info>
</gc-start>
<gc-op id="133" type="mark increment" timems="2.022" contextid="130" timestamp="2019-07-07T05:36:05.549">
  <trace-info objectcount="174" scancount="0" scanbytes="0" />
</gc-op>
<gc-end id="134" type="global mark phase" contextid="130" durationms="2.116" usertimems="4.000" systemtimems="0.000" timestamp="2019-07-07T05:36:05.549" activeThreads="4">
  <mem-info id="135" free="3145728" total="11534336" percent="27">
    <remembered-set count="6112" freebytes="435968" totalbytes="460416" percent="94" regionsoverflowed="0" regionsstable="0" regionsrebuilding="0"/>
  </mem-info>
</gc-end>
<concurrent-start id="136" type="GMP work packet processing" contextid="130" timestamp="2019-07-07T05:36:05.549">
  <concurrent-mark-start scanTarget="18446744073709551615" />
</concurrent-start>
<exclusive-end id="137" timestamp="2019-07-07T05:36:05.549" durationms="2.464" />

<concurrent-end id="138" type="GMP work packet processing" contextid="130" timestamp="2019-07-07T05:36:05.554">
  <concurrent-mark-end bytesScanned="1729832" reasonForTermination="Completed all work in GC phase" />
</concurrent-end>

<exclusive-start id="139" timestamp="2019-07-07T05:36:05.595" intervalms="48.093">
  <response-info timems="0.025" idlems="0.025" threads="0" lastid="000000000096B700" lastname="main" />
</exclusive-start>
<allocation-taxation id="140" taxation-threshold="2097152" timestamp="2019-07-07T05:36:05.595" intervalms="48.089" />
<cycle-start id="141" type="partial gc" contextid="0" timestamp="2019-07-07T05:36:05.595" intervalms="152.280" />
<gc-start id="142" type="partial gc" contextid="141" timestamp="2019-07-07T05:36:05.595">
  <mem-info id="143" free="1048576" total="11534336" percent="9">
    <mem type="eden" free="0" total="4194304" percent="0" />
    <remembered-set count="6112" freebytes="435968" totalbytes="460416" percent="94" regionsoverflowed="0" regionsstable="0" regionsrebuilding="0"/>
  </mem-info>
</gc-start>
<allocation-stats totalBytes="4154400" >
  <allocated-bytes non-tlh="72408" tlh="4081992" arrayletleaf="0"/>
  <largest-consumer threadName="main" threadId="000000000096B700" bytes="2075064" />
</allocation-stats>
<gc-op id="144" type="copy forward" timems="6.544" contextid="141" timestamp="2019-07-07T05:36:05.603">
  <memory-copied type="eden" objects="8553" bytes="389680" bytesdiscarded="26680" />
  <memory-copied type="other" objects="2991" bytes="923072" bytesdiscarded="106760" />
  <memory-cardclean objects="771" bytes="48752" />
  <regions eden="4" other="1" />
  <remembered-set-cleared processed="4668" cleared="628" durationms="0.066" />
  <finalization candidates="4" enqueued="0" />
  <references type="soft" candidates="159" cleared="0" enqueued="0" dynamicThreshold="8" maxThreshold="32" />
  <references type="weak" candidates="459" cleared="0" enqueued="0" />
  <references type="phantom" candidates="4" cleared="0" enqueued="0" />
  <stringconstants candidates="7090" cleared="0"  />
  <heap-resize type="expand" space="default" amount="1048576" count="1" timems="0.092" reason="continue current collection" />
</gc-op>
<gc-op id="145" type="classunload" timems="0.002" contextid="141" timestamp="2019-07-07T05:36:05.603">
  <classunload-info classloadercandidates="11" classloadersunloaded="0" classesunloaded="0" anonymousclassesunloaded="0" quiescems="0.000" setupms="0.002" scanms="0.000" postms="0.000" />
</gc-op>
<gc-op id="146" type="compact" timems="1.584" contextid="141" timestamp="2019-07-07T05:36:05.605">
  <compact-info movecount="0" movebytes="0" />
  <remembered-set-cleared processed="10557" cleared="628" durationms="0.067" />
</gc-op>
<gc-end id="147" type="partial gc" contextid="141" durationms="9.518" usertimems="12.000" systemtimems="0.000" timestamp="2019-07-07T05:36:05.605" activeThreads="4">
  <mem-info id="148" free="5242880" total="12582912" percent="41">
    <mem type="eden" free="631872" total="1048576" percent="60" />
    <remembered-set count="7456" freebytes="472448" totalbytes="502272" percent="94" regionsoverflowed="0" regionsstable="0" regionsrebuilding="0"/>
  </mem-info>
</gc-end>
<cycle-end id="149" type="partial gc" contextid="141" timestamp="2019-07-07T05:36:05.605" />
  <attribute name="elasticGC enabled" value="1" />
  <attribute name= "numThreadsSpecified" value="4" />
  <attribute name="heapSize specified" value="0" />
  <attribute name="Current GC Util" value="118" />
  <attribute name= "Current Time Running" value="6298" />
  <attribute name ="GC Interval" value="0" />
  <attribute name="ProportionalT" value="49.000000" />
  <attribute name="ProportionalI" value="49.000000" />
  <attribute name="ProportionalH" value="49.000000" />
  <attribute name="Current Error" value="98.000000" />
  <attribute name="IntegralT" value="343.000000" />
  <attribute name="IntegralI" value="343.000000" />
  <attribute name="IntegralH" value="343.000000" />
  <attribute name="DerivativeT" value="3.714286" />
  <attribute name="DerivativeI" value="3.714286" />
  <attribute name="DerivativeH" value="3.714286" />
  <attribute name="Loop Time for DT" value="7.000000" />
  <attribute name="Output H" value="8388608"/>
  <attribute name="Output I" value="400"/>
  <attribute name="Output T" value="4"/>
  <attribute name="Target GC Util Change" value ="20.000000" />
  <attribute name="Current GC Util Change" value="118.000000"/>
  <attribute name="GC Util currently" value="118" />
  <attribute name="CPU Util currently" value="675571281322" />
<exclusive-end id="150" timestamp="2019-07-07T05:36:05.605" durationms="10.157" />

<exclusive-start id="151" timestamp="2019-07-07T05:36:05.655" intervalms="59.524">
  <response-info timems="0.024" idlems="0.024" threads="0" lastid="000000000096B700" lastname="main" />
</exclusive-start>
<allocation-taxation id="152" taxation-threshold="2097152" timestamp="2019-07-07T05:36:05.655" intervalms="59.527" />
<gc-start id="153" type="global mark phase" contextid="130" timestamp="2019-07-07T05:36:05.655">
  <mem-info id="154" free="3145728" total="12582912" percent="25">
    <remembered-set count="7008" freebytes="474240" totalbytes="502272" percent="94" regionsoverflowed="0" regionsstable="0" regionsrebuilding="0"/>
  </mem-info>
</gc-start>
<gc-op id="155" type="mark increment" timems="5.339" contextid="130" timestamp="2019-07-07T05:36:05.660">
  <trace-info objectcount="3757" scancount="3245" scanbytes="121668" />
  <cardclean-info objects="2994" bytes="154596" />
  <finalization candidates="80" enqueued="0" />
  <ownableSynchronizers candidates="21" cleared="0" />
  <references type="soft" candidates="1021" cleared="0" enqueued="0" dynamicThreshold="13" maxThreshold="32" />
  <references type="weak" candidates="3543" cleared="2" enqueued="2" />
  <references type="phantom" candidates="100" cleared="0" enqueued="0" />
  <stringconstants candidates="7265" cleared="0"  />
</gc-op>
<gc-op id="156" type="classunload" timems="0.005" contextid="130" timestamp="2019-07-07T05:36:05.660">
  <classunload-info classloadercandidates="11" classloadersunloaded="0" classesunloaded="0" anonymousclassesunloaded="0" quiescems="0.000" setupms="0.005" scanms="0.000" postms="0.000" />
</gc-op>
<gc-end id="157" type="global mark phase" contextid="130" durationms="5.631" usertimems="8.000" systemtimems="0.000" timestamp="2019-07-07T05:36:05.660" activeThreads="4">
  <mem-info id="158" free="3145728" total="12582912" percent="25">
    <pending-finalizers system="0" default="0" reference="2" classloader="0" />
    <remembered-set count="7008" freebytes="474240" totalbytes="502272" percent="94" regionsoverflowed="0" regionsstable="0" regionsrebuilding="0"/>
  </mem-info>
</gc-end>
<cycle-end id="159" type="global mark phase" contextid="130" timestamp="2019-07-07T05:36:05.661" />
  <attribute name="elasticGC enabled" value="1" />
  <attribute name= "numThreadsSpecified" value="4" />
  <attribute name="heapSize specified" value="0" />
  <attribute name="Current GC Util" value="72" />
  <attribute name= "Current Time Running" value="6352" />
  <attribute name ="GC Interval" value="0" />
  <attribute name="ProportionalT" value="26.000000" />
  <attribute name="ProportionalI" value="26.000000" />
  <attribute name="ProportionalH" value="26.000000" />
  <attribute name="Current Error" value="52.000000" />
  <attribute name="IntegralT" value="26.000000" />
  <attribute name="IntegralI" value="26.000000" />
  <attribute name="IntegralH" value="26.000000" />
  <attribute name="DerivativeT" value="9.000000" />
  <attribute name="DerivativeI" value="9.000000" />
  <attribute name="DerivativeH" value="9.000000" />
  <attribute name="Loop Time for DT" value="1.000000" />
  <attribute name="Output H" value="8388608"/>
  <attribute name="Output I" value="200"/>
  <attribute name="Output T" value="4"/>
  <attribute name="Target GC Util Change" value ="20.000000" />
  <attribute name="Current GC Util Change" value="72.000000"/>
  <attribute name="GC Util currently" value="72" />
  <attribute name="CPU Util currently" value="5933237547799" />
<exclusive-end id="160" timestamp="2019-07-07T05:36:05.661" durationms="6.050" />

<exclusive-start id="161" timestamp="2019-07-07T05:36:05.702" intervalms="47.525">
  <response-info timems="0.036" idlems="0.036" threads="0" lastid="000000000096B700" lastname="main" />
</exclusive-start>
<allocation-taxation id="162" taxation-threshold="2097152" timestamp="2019-07-07T05:36:05.702" intervalms="47.573" />
<cycle-start id="163" type="partial gc" contextid="0" timestamp="2019-07-07T05:36:05.702" intervalms="107.178" />
<gc-start id="164" type="partial gc" contextid="163" timestamp="2019-07-07T05:36:05.703">
  <mem-info id="165" free="1048576" total="12582912" percent="8">
    <mem type="eden" free="440" total="4194304" percent="0" />
    <remembered-set count="7008" freebytes="474240" totalbytes="502272" percent="94" regionsoverflowed="0" regionsstable="0" regionsrebuilding="0"/>
  </mem-info>
</gc-start>
<allocation-stats totalBytes="4189072" >
  <allocated-bytes non-tlh="71232" tlh="4117840" arrayletleaf="0"/>
  <largest-consumer threadName="main" threadId="000000000096B700" bytes="2095464" />
</allocation-stats>
<gc-op id="166" type="sweep" timems="1.737" contextid="163" timestamp="2019-07-07T05:36:05.705" />
<gc-op id="167" type="copy forward" timems="6.516" contextid="163" timestamp="2019-07-07T05:36:05.712">
  <memory-copied type="eden" objects="1101" bytes="44248" bytesdiscarded="0" />
  <memory-copied type="other" objects="10558" bytes="458896" bytesdiscarded="3976" />
  <memory-cardclean objects="696" bytes="31968" />
  <memory-traced type="eden" objects="1156" bytes="41176" />
  <memory-traced type="other" objects="0" bytes="0" />
  <regions eden="2" other="3" evacuated="4" marked="1" />
  <remembered-set-cleared processed="5864" cleared="1328" durationms="0.096" />
  <references type="soft" candidates="54" cleared="0" enqueued="0" dynamicThreshold="8" maxThreshold="32" />
  <references type="weak" candidates="774" cleared="0" enqueued="0" />
  <stringconstants candidates="7367" cleared="0"  />
  <heap-resize type="expand" space="default" amount="1048576" count="1" timems="0.058" reason="continue current collection" />
</gc-op>
<gc-op id="168" type="classunload" timems="0.003" contextid="163" timestamp="2019-07-07T05:36:05.712">
  <classunload-info classloadercandidates="11" classloadersunloaded="0" classesunloaded="0" anonymousclassesunloaded="0" quiescems="0.000" setupms="0.002" scanms="0.000" postms="0.000" />
</gc-op>
<gc-op id="169" type="sweep" timems="1.495" contextid="163" timestamp="2019-07-07T05:36:05.714" />
<gc-op id="170" type="compact" timems="2.035" contextid="163" timestamp="2019-07-07T05:36:05.716">
  <compact-info movecount="1474" movebytes="55312" />
  <remembered-set-cleared processed="13049" cleared="2106" durationms="0.096" />
</gc-op>
<heap-resize id="171" type="expand" space="default" amount="2097152" count="1" timems="0.057" reason="insufficient free space following gc" timestamp="2019-07-07T05:36:05.716" />
<gc-end id="172" type="partial gc" contextid="163" durationms="13.783" usertimems="16.000" systemtimems="0.000" timestamp="2019-07-07T05:36:05.716" activeThreads="4">
  <mem-info id="173" free="6291456" total="15728640" percent="40">
    <mem type="eden" free="1910144" total="2097152" percent="91" />
    <remembered-set count="7904" freebytes="596224" totalbytes="627840" percent="94" regionsoverflowed="0" regionsstable="0" regionsrebuilding="0"/>
  </mem-info>
</gc-end>
<cycle-end id="174" type="partial gc" contextid="163" timestamp="2019-07-07T05:36:05.717" />
  <attribute name="elasticGC enabled" value="1" />
  <attribute name= "numThreadsSpecified" value="4" />
  <attribute name="heapSize specified" value="0" />
  <attribute name="Current GC Util" value="100" />
  <attribute name= "Current Time Running" value="6408" />
  <attribute name ="GC Interval" value="0" />
  <attribute name="ProportionalT" value="40.000000" />
  <attribute name="ProportionalI" value="40.000000" />
  <attribute name="ProportionalH" value="40.000000" />
  <attribute name="Current Error" value="80.000000" />
  <attribute name="IntegralT" value="40.000000" />
  <attribute name="IntegralI" value="40.000000" />
  <attribute name="IntegralH" value="40.000000" />
  <attribute name="DerivativeT" value="8.000000" />
  <attribute name="DerivativeI" value="8.000000" />
  <attribute name="DerivativeH" value="8.000000" />
  <attribute name="Loop Time for DT" value="1.000000" />
  <attribute name="Output H" value="8388608"/>
  <attribute name="Output I" value="200"/>
  <attribute name="Output T" value="4"/>
  <attribute name="Target GC Util Change" value ="20.000000" />
  <attribute name="Current GC Util Change" value="100.000000"/>
  <attribute name="GC Util currently" value="100" />
  <attribute name="CPU Util currently" value="2742333351607" />
<exclusive-end id="175" timestamp="2019-07-07T05:36:05.717" durationms="14.589" />

<exclusive-start id="176" timestamp="2019-07-07T05:36:05.799" intervalms="97.291">
  <response-info timems="0.031" idlems="0.031" threads="0" lastid="000000000096B700" lastname="main" />
</exclusive-start>
<allocation-taxation id="177" taxation-threshold="6291456" timestamp="2019-07-07T05:36:05.800" intervalms="97.289" />
<cycle-start id="178" type="partial gc" contextid="0" timestamp="2019-07-07T05:36:05.800" intervalms="97.261" />
<gc-start id="179" type="partial gc" contextid="178" timestamp="2019-07-07T05:36:05.800">
  <mem-info id="180" free="0" total="15728640" percent="0">
    <mem type="eden" free="992608" total="7340032" percent="13" />
    <remembered-set count="7904" freebytes="596224" totalbytes="627840" percent="94" regionsoverflowed="0" regionsstable="0" regionsrebuilding="0"/>
  </mem-info>
</gc-start>
<allocation-stats totalBytes="6238608" >
  <allocated-bytes non-tlh="35112" tlh="6203496" arrayletleaf="0"/>
  <largest-consumer threadName="main" threadId="000000000096B700" bytes="6238608" />
</allocation-stats>
<gc-op id="181" type="mark" timems="2.251" contextid="178" timestamp="2019-07-07T05:36:05.803">
  <trace-info objectcount="12950" scancount="11429" scanbytes="426348" />
  <cardclean-info objects="3131" bytes="155604" />
  <remembered-set-cleared processed="6725" cleared="1458" durationms="0.106" />
  <references type="soft" candidates="2" cleared="0" enqueued="0" dynamicThreshold="12" maxThreshold="32" />
  <references type="weak" candidates="610" cleared="2" enqueued="2" />
  <stringconstants candidates="7581" cleared="0"  />
  <warning details="Mark invoked due to insufficient free space for Copy-Forward" />
</gc-op>
<gc-op id="182" type="classunload" timems="0.003" contextid="178" timestamp="2019-07-07T05:36:05.803">
  <classunload-info classloadercandidates="11" classloadersunloaded="0" classesunloaded="0" anonymousclassesunloaded="0" quiescems="0.000" setupms="0.002" scanms="0.000" postms="0.000" />
</gc-op>
<gc-op id="183" type="sweep" timems="1.381" contextid="178" timestamp="2019-07-07T05:36:05.805" />
<gc-op id="184" type="compact" timems="4.974" contextid="178" timestamp="2019-07-07T05:36:05.810">
  <compact-info movecount="12155" movebytes="501240" />
  <remembered-set-cleared processed="17175" cleared="6620" durationms="0.106" />
</gc-op>
<heap-resize id="185" type="expand" space="default" amount="3145728" count="1" timems="0.064" reason="excessive time being spent in gc" timestamp="2019-07-07T05:36:05.810" />
<gc-end id="186" type="partial gc" contextid="178" durationms="10.338" usertimems="12.000" systemtimems="0.000" timestamp="2019-07-07T05:36:05.810" activeThreads="4">
  <mem-info id="187" free="9437184" total="18874368" percent="50">
    <mem type="eden" free="1565688" total="2097152" percent="74" />
    <pending-finalizers system="0" default="0" reference="2" classloader="0" />
    <remembered-set count="9760" freebytes="714368" totalbytes="753408" percent="94" regionsoverflowed="0" regionsstable="0" regionsrebuilding="0"/>
  </mem-info>
</gc-end>
<cycle-end id="188" type="partial gc" contextid="178" timestamp="2019-07-07T05:36:05.810" />
  <attribute name="elasticGC enabled" value="1" />
  <attribute name= "numThreadsSpecified" value="4" />
  <attribute name="heapSize specified" value="0" />
  <attribute name="Current GC Util" value="141" />
  <attribute name= "Current Time Running" value="6499" />
  <attribute name ="GC Interval" value="0" />
  <attribute name="ProportionalT" value="60.500000" />
  <attribute name="ProportionalI" value="60.500000" />
  <attribute name="ProportionalH" value="60.500000" />
  <attribute name="Current Error" value="121.000000" />
  <attribute name="IntegralT" value="60.500000" />
  <attribute name="IntegralI" value="60.500000" />
  <attribute name="IntegralH" value="60.500000" />
  <attribute name="DerivativeT" value="121.000000" />
  <attribute name="DerivativeI" value="121.000000" />
  <attribute name="DerivativeH" value="121.000000" />
  <attribute name="Loop Time for DT" value="1.000000" />
  <attribute name="Output H" value="8388608"/>
  <attribute name="Output I" value="248"/>
  <attribute name="Output T" value="4"/>
  <attribute name="Target GC Util Change" value ="20.000000" />
  <attribute name="Current GC Util Change" value="141.000000"/>
  <attribute name="GC Util currently" value="141" />
  <attribute name="CPU Util currently" value="2901997439813" />
<exclusive-end id="189" timestamp="2019-07-07T05:36:05.811" durationms="11.110" />

<exclusive-start id="190" timestamp="2019-07-07T05:36:05.938" intervalms="138.327">
  <response-info timems="0.024" idlems="0.024" threads="0" lastid="000000000096B700" lastname="main" />
</exclusive-start>
<allocation-taxation id="191" taxation-threshold="9437184" timestamp="2019-07-07T05:36:05.938" intervalms="138.378" />
<cycle-start id="192" type="partial gc" contextid="0" timestamp="2019-07-07T05:36:05.938" intervalms="138.467" />
<gc-start id="193" type="partial gc" contextid="192" timestamp="2019-07-07T05:36:05.939">
  <mem-info id="194" free="0" total="18874368" percent="0">
    <mem type="eden" free="0" total="9437184" percent="0" />
    <remembered-set count="9664" freebytes="714752" totalbytes="753408" percent="94" regionsoverflowed="0" regionsstable="0" regionsrebuilding="0"/>
  </mem-info>
</gc-start>
<allocation-stats totalBytes="9434832" >
  <allocated-bytes non-tlh="298288" tlh="9136544" arrayletleaf="0"/>
  <largest-consumer threadName="main" threadId="000000000096B700" bytes="9434832" />
</allocation-stats>
<gc-op id="195" type="mark" timems="4.761" contextid="192" timestamp="2019-07-07T05:36:05.944">
  <trace-info objectcount="20217" scancount="17955" scanbytes="748876" />
  <cardclean-info objects="2581" bytes="135388" />
  <remembered-set-cleared processed="8087" cleared="1758" durationms="0.280" />
  <references type="soft" candidates="74" cleared="0" enqueued="0" dynamicThreshold="16" maxThreshold="32" />
  <references type="weak" candidates="285" cleared="5" enqueued="5" />
  <references type="phantom" candidates="3" cleared="1" enqueued="1" />
  <stringconstants candidates="7846" cleared="0"  />
  <warning details="Mark invoked due to insufficient free space for Copy-Forward" />
</gc-op>
<gc-op id="196" type="classunload" timems="0.002" contextid="192" timestamp="2019-07-07T05:36:05.944">
  <classunload-info classloadercandidates="12" classloadersunloaded="0" classesunloaded="0" anonymousclassesunloaded="0" quiescems="0.000" setupms="0.002" scanms="0.000" postms="0.000" />
</gc-op>
<gc-op id="197" type="sweep" timems="1.545" contextid="192" timestamp="2019-07-07T05:36:05.946" />
<gc-op id="198" type="compact" timems="4.525" contextid="192" timestamp="2019-07-07T05:36:05.951">
  <compact-info movecount="16019" movebytes="1052160" />
  <remembered-set-cleared processed="20333" cleared="7643" durationms="0.280" />
</gc-op>
<gc-end id="199" type="partial gc" contextid="192" durationms="12.562" usertimems="16.000" systemtimems="4.000" timestamp="2019-07-07T05:36:05.951" activeThreads="4">
  <mem-info id="200" free="8388608" total="18874368" percent="44">
    <mem type="eden" free="116072" total="1048576" percent="11" />
    <pending-finalizers system="0" default="0" reference="6" classloader="0" />
    <remembered-set count="11392" freebytes="707840" totalbytes="753408" percent="93" regionsoverflowed="0" regionsstable="0" regionsrebuilding="0"/>
  </mem-info>
</gc-end>
<cycle-end id="201" type="partial gc" contextid="192" timestamp="2019-07-07T05:36:05.951" />
  <attribute name="elasticGC enabled" value="1" />
  <attribute name= "numThreadsSpecified" value="4" />
  <attribute name="heapSize specified" value="0" />
  <attribute name="Current GC Util" value="99" />
  <attribute name= "Current Time Running" value="6641" />
  <attribute name ="GC Interval" value="0" />
  <attribute name="ProportionalT" value="39.500000" />
  <attribute name="ProportionalI" value="39.500000" />
  <attribute name="ProportionalH" value="39.500000" />
  <attribute name="Current Error" value="79.000000" />
  <attribute name="IntegralT" value="79.000000" />
  <attribute name="IntegralI" value="79.000000" />
  <attribute name="IntegralH" value="79.000000" />
  <attribute name="DerivativeT" value="-15.000000" />
  <attribute name="DerivativeI" value="-15.000000" />
  <attribute name="DerivativeH" value="-15.000000" />
  <attribute name="Loop Time for DT" value="2.000000" />
  <attribute name="Output H" value="8388608"/>
  <attribute name="Output I" value="200"/>
  <attribute name="Output T" value="4"/>
  <attribute name="Target GC Util Change" value ="20.000000" />
  <attribute name="Current GC Util Change" value="99.000000"/>
  <attribute name="GC Util currently" value="99" />
  <attribute name="CPU Util currently" value="2609872245095" />
<exclusive-end id="202" timestamp="2019-07-07T05:36:05.951" durationms="13.652" />

<exclusive-start id="203" timestamp="2019-07-07T05:36:06.056" intervalms="118.386">
  <response-info timems="0.055" idlems="0.055" threads="0" lastid="000000000096B700" lastname="main" />
</exclusive-start>
<allocation-taxation id="204" taxation-threshold="8388608" timestamp="2019-07-07T05:36:06.056" intervalms="118.320" />
<cycle-start id="205" type="partial gc" contextid="0" timestamp="2019-07-07T05:36:06.056" intervalms="118.266" />
<gc-start id="206" type="partial gc" contextid="205" timestamp="2019-07-07T05:36:06.057">
  <mem-info id="207" free="0" total="18874368" percent="0">
    <mem type="eden" free="0" total="8388608" percent="0" />
    <remembered-set count="11136" freebytes="708864" totalbytes="753408" percent="94" regionsoverflowed="0" regionsstable="0" regionsrebuilding="0"/>
  </mem-info>
</gc-start>
<allocation-stats totalBytes="8377632" >
  <allocated-bytes non-tlh="58872" tlh="8318760" arrayletleaf="0"/>
  <largest-consumer threadName="main" threadId="000000000096B700" bytes="8373536" />
</allocation-stats>
<gc-op id="208" type="mark" timems="1.887" contextid="205" timestamp="2019-07-07T05:36:06.059">
  <trace-info objectcount="7801" scancount="6972" scanbytes="238520" />
  <cardclean-info objects="1392" bytes="83136" />
  <remembered-set-cleared processed="9508" cleared="1831" durationms="0.127" />
  <references type="soft" candidates="296" cleared="0" enqueued="0" dynamicThreshold="14" maxThreshold="32" />
  <references type="weak" candidates="504" cleared="8" enqueued="7" />
  <references type="phantom" candidates="2" cleared="0" enqueued="0" />
  <stringconstants candidates="8295" cleared="0"  />
  <warning details="Mark invoked due to insufficient free space for Copy-Forward" />
</gc-op>
<gc-op id="209" type="classunload" timems="0.003" contextid="205" timestamp="2019-07-07T05:36:06.059">
  <classunload-info classloadercandidates="14" classloadersunloaded="0" classesunloaded="0" anonymousclassesunloaded="0" quiescems="0.000" setupms="0.003" scanms="0.000" postms="0.000" />
</gc-op>
<gc-op id="210" type="sweep" timems="0.383" contextid="205" timestamp="2019-07-07T05:36:06.060" />
<gc-op id="211" type="compact" timems="1.779" contextid="205" timestamp="2019-07-07T05:36:06.062">
  <compact-info movecount="7725" movebytes="374824" />
  <remembered-set-cleared processed="21885" cleared="6506" durationms="0.127" />
</gc-op>
<heap-resize id="212" type="expand" space="default" amount="1048576" count="1" timems="0.064" reason="insufficient free space following gc" timestamp="2019-07-07T05:36:06.062" />
<gc-end id="213" type="partial gc" contextid="205" durationms="5.667" usertimems="4.000" systemtimems="0.000" timestamp="2019-07-07T05:36:06.062" activeThreads="4">
  <mem-info id="214" free="8388608" total="19922944" percent="42">
    <mem type="eden" free="789280" total="1048576" percent="75" />
    <pending-finalizers system="0" default="0" reference="7" classloader="0" />
    <remembered-set count="11872" freebytes="747776" totalbytes="795264" percent="94" regionsoverflowed="0" regionsstable="0" regionsrebuilding="0"/>
  </mem-info>
</gc-end>
<cycle-end id="215" type="partial gc" contextid="205" timestamp="2019-07-07T05:36:06.063" />
  <attribute name="elasticGC enabled" value="1" />
  <attribute name= "numThreadsSpecified" value="4" />
  <attribute name="heapSize specified" value="0" />
  <attribute name="Current GC Util" value="20" />
  <attribute name= "Current Time Running" value="6755" />
  <attribute name ="GC Interval" value="0" />
  <attribute name="ProportionalT" value="0.000000" />
  <attribute name="ProportionalI" value="0.000000" />
  <attribute name="ProportionalH" value="0.000000" />
  <attribute name="Current Error" value="0.000000" />
  <attribute name="IntegralT" value="0.000000" />
  <attribute name="IntegralI" value="0.000000" />
  <attribute name="IntegralH" value="0.000000" />
  <attribute name="DerivativeT" value="-64.000000" />
  <attribute name="DerivativeI" value="-64.000000" />
  <attribute name="DerivativeH" value="-64.000000" />
  <attribute name="Loop Time for DT" value="1.000000" />
  <attribute name="Output H" value="2091843584"/>
  <attribute name="Output I" value="200"/>
  <attribute name="Output T" value="4"/>
  <attribute name="Target GC Util Change" value ="20.000000" />
  <attribute name="Current GC Util Change" value="20.000000"/>
  <attribute name="GC Util currently" value="20" />
  <attribute name="CPU Util currently" value="6760565590550" />
<exclusive-end id="216" timestamp="2019-07-07T05:36:06.063" durationms="6.594" />

<exclusive-start id="217" timestamp="2019-07-07T05:36:06.112" intervalms="56.058">
  <response-info timems="0.056" idlems="0.056" threads="0" lastid="000000000096B700" lastname="main" />
</exclusive-start>
<allocation-taxation id="218" taxation-threshold="8388608" timestamp="2019-07-07T05:36:06.112" intervalms="56.128" />
<cycle-start id="219" type="partial gc" contextid="0" timestamp="2019-07-07T05:36:06.113" intervalms="56.153" />
<gc-start id="220" type="partial gc" contextid="219" timestamp="2019-07-07T05:36:06.113">
  <mem-info id="221" free="0" total="19922944" percent="0">
    <mem type="eden" free="0" total="8388608" percent="0" />
    <remembered-set count="11744" freebytes="748288" totalbytes="795264" percent="94" regionsoverflowed="0" regionsstable="0" regionsrebuilding="0"/>
  </mem-info>
</gc-start>
<allocation-stats totalBytes="8386688" >
  <allocated-bytes non-tlh="268136" tlh="8118552" arrayletleaf="0"/>
  <largest-consumer threadName="main" threadId="000000000096B700" bytes="8386688" />
</allocation-stats>
<gc-op id="222" type="mark" timems="1.778" contextid="219" timestamp="2019-07-07T05:36:06.115">
  <trace-info objectcount="10799" scancount="8495" scanbytes="336160" />
  <cardclean-info objects="532" bytes="48512" />
  <remembered-set-cleared processed="9839" cleared="1263" durationms="0.145" />
  <references type="soft" candidates="224" cleared="0" enqueued="0" dynamicThreshold="13" maxThreshold="32" />
  <references type="weak" candidates="418" cleared="0" enqueued="0" />
  <stringconstants candidates="8310" cleared="0"  />
  <warning details="Mark invoked due to insufficient free space for Copy-Forward" />
</gc-op>
<gc-op id="223" type="classunload" timems="0.002" contextid="219" timestamp="2019-07-07T05:36:06.116">
  <classunload-info classloadercandidates="14" classloadersunloaded="0" classesunloaded="0" anonymousclassesunloaded="0" quiescems="0.000" setupms="0.002" scanms="0.000" postms="0.000" />
</gc-op>
<gc-op id="224" type="sweep" timems="0.481" contextid="219" timestamp="2019-07-07T05:36:06.116" />
<gc-op id="225" type="compact" timems="1.929" contextid="219" timestamp="2019-07-07T05:36:06.118">
  <compact-info movecount="6720" movebytes="341360" />
  <remembered-set-cleared processed="21734" cleared="4563" durationms="0.145" />
</gc-op>
<heap-resize id="226" type="expand" space="default" amount="2097152" count="1" timems="0.066" reason="insufficient free space following gc" timestamp="2019-07-07T05:36:06.119" />
<gc-end id="227" type="partial gc" contextid="219" durationms="5.960" usertimems="4.000" systemtimems="0.000" timestamp="2019-07-07T05:36:06.119" activeThreads="4">
  <mem-info id="228" free="9437184" total="22020096" percent="42">
    <mem type="eden" free="764224" total="1048576" percent="72" />
    <remembered-set count="11712" freebytes="832128" totalbytes="878976" percent="94" regionsoverflowed="0" regionsstable="0" regionsrebuilding="0"/>
  </mem-info>
</gc-end>
<cycle-end id="229" type="partial gc" contextid="219" timestamp="2019-07-07T05:36:06.119" />
  <attribute name="elasticGC enabled" value="1" />
  <attribute name= "numThreadsSpecified" value="4" />
  <attribute name="heapSize specified" value="0" />
  <attribute name="Current GC Util" value="23" />
  <attribute name= "Current Time Running" value="6811" />
  <attribute name ="GC Interval" value="0" />
  <attribute name="ProportionalT" value="1.500000" />
  <attribute name="ProportionalI" value="1.500000" />
  <attribute name="ProportionalH" value="1.500000" />
  <attribute name="Current Error" value="3.000000" />
  <attribute name="IntegralT" value="1.500000" />
  <attribute name="IntegralI" value="1.500000" />
  <attribute name="IntegralH" value="1.500000" />
  <attribute name="DerivativeT" value="3.000000" />
  <attribute name="DerivativeI" value="3.000000" />
  <attribute name="DerivativeH" value="3.000000" />
  <attribute name="Loop Time for DT" value="1.000000" />
  <attribute name="Output H" value="8388608"/>
  <attribute name="Output I" value="200"/>
  <attribute name="Output T" value="4"/>
  <attribute name="Target GC Util Change" value ="20.000000" />
  <attribute name="Current GC Util Change" value="23.000000"/>
  <attribute name="GC Util currently" value="23" />
  <attribute name="CPU Util currently" value="6058983217920" />
<exclusive-end id="230" timestamp="2019-07-07T05:36:06.119" durationms="7.139" />

<exclusive-start id="231" timestamp="2019-07-07T05:36:06.192" intervalms="79.474">
  <response-info timems="0.019" idlems="0.019" threads="0" lastid="000000000096B700" lastname="main" />
</exclusive-start>
<sys-start reason="explicit" id="232" timestamp="2019-07-07T05:36:06.192" intervalms="6994.515" />
<cycle-start id="233" type="global garbage collect" contextid="0" timestamp="2019-07-07T05:36:06.192" intervalms="6994.624" />
<gc-start id="234" type="global garbage collect" contextid="233" timestamp="2019-07-07T05:36:06.192">
  <mem-info id="235" free="5561360" total="22020096" percent="25">
    <mem type="eden" free="318480" total="4194304" percent="7" />
    <remembered-set count="11712" freebytes="832128" totalbytes="878976" percent="94" regionsoverflowed="0" regionsstable="0" regionsrebuilding="0"/>
  </mem-info>
</gc-start>
<allocation-stats totalBytes="3874840" >
  <allocated-bytes non-tlh="439712" tlh="3435128" arrayletleaf="0"/>
  <largest-consumer threadName="main" threadId="000000000096B700" bytes="3874840" />
</allocation-stats>
<gc-op id="236" type="global mark" timems="3.897" contextid="233" timestamp="2019-07-07T05:36:06.196">
  <trace-info objectcount="74578" scancount="60842" scanbytes="2101012" />
  <finalization candidates="80" enqueued="0" />
  <ownableSynchronizers candidates="21" cleared="0" />
  <references type="soft" candidates="1640" cleared="0" enqueued="0" dynamicThreshold="13" maxThreshold="32" />
  <references type="weak" candidates="4531" cleared="32" enqueued="30" />
  <references type="phantom" candidates="102" cleared="2" enqueued="2" />
  <stringconstants candidates="8680" cleared="15"  />
</gc-op>
<gc-op id="237" type="classunload" timems="0.344" contextid="233" timestamp="2019-07-07T05:36:06.197">
  <classunload-info classloadercandidates="17" classloadersunloaded="1" classesunloaded="1" anonymousclassesunloaded="0" quiescems="0.000" setupms="0.334" scanms="0.006" postms="0.003" />
</gc-op>
<gc-op id="238" type="sweep" timems="0.424" contextid="233" timestamp="2019-07-07T05:36:06.198" />
<gc-op id="239" type="compact" timems="7.522" contextid="233" timestamp="2019-07-07T05:36:06.205">
  <compact-info movecount="73256" movebytes="4200200" />
  <remembered-set-cleared processed="26018" cleared="26018" durationms="0.108" />
</gc-op>
<gc-end id="240" type="global garbage collect" contextid="233" durationms="13.308" usertimems="24.000" systemtimems="0.000" timestamp="2019-07-07T05:36:06.206" activeThreads="4">
  <mem-info id="241" free="8388608" total="22020096" percent="38">
    <pending-finalizers system="0" default="0" reference="32" classloader="0" />
    <remembered-set count="10752" freebytes="835968" totalbytes="878976" percent="95" regionsoverflowed="0" regionsstable="0" regionsrebuilding="0"/>
  </mem-info>
</gc-end>
<cycle-end id="242" type="global garbage collect" contextid="233" timestamp="2019-07-07T05:36:06.206" />
  <attribute name="elasticGC enabled" value="1" />
  <attribute name= "numThreadsSpecified" value="4" />
  <attribute name="heapSize specified" value="0" />
  <attribute name="Current GC Util" value="28" />
  <attribute name= "Current Time Running" value="6892" />
  <attribute name ="GC Interval" value="0" />
  <attribute name="ProportionalT" value="4.000000" />
  <attribute name="ProportionalI" value="4.000000" />
  <attribute name="ProportionalH" value="4.000000" />
  <attribute name="Current Error" value="8.000000" />
  <attribute name="IntegralT" value="0.000000" />
  <attribute name="IntegralI" value="0.000000" />
  <attribute name="IntegralH" value="0.000000" />
  <attribute name="DerivativeT" value="-inf" />
  <attribute name="DerivativeI" value="-inf" />
  <attribute name="DerivativeH" value="-inf" />
  <attribute name="Loop Time for DT" value="0.000000" />
  <attribute name="Output H" value="2091843584"/>
  <attribute name="Output I" value="200"/>
  <attribute name="Output T" value="4"/>
  <attribute name="Target GC Util Change" value ="20.000000" />
  <attribute name="Current GC Util Change" value="28.000000"/>
  <attribute name="GC Util currently" value="28" />
  <attribute name="CPU Util currently" value="7467978803166" />
<sys-end id="243" timestamp="2019-07-07T05:36:06.206" />
<exclusive-end id="244" timestamp="2019-07-07T05:36:06.206" durationms="14.260" />

<exclusive-start id="245" timestamp="2019-07-07T05:36:06.262" intervalms="70.411">
  <response-info timems="0.025" idlems="0.025" threads="0" lastid="000000000096B700" lastname="main" />
</exclusive-start>
<allocation-taxation id="246" taxation-threshold="8388608" timestamp="2019-07-07T05:36:06.262" intervalms="149.887" />
<cycle-start id="247" type="partial gc" contextid="0" timestamp="2019-07-07T05:36:06.263" intervalms="149.915" />
<gc-start id="248" type="partial gc" contextid="247" timestamp="2019-07-07T05:36:06.263">
  <mem-info id="249" free="0" total="22020096" percent="0">
    <mem type="eden" free="0" total="8388608" percent="0" />
    <remembered-set count="10400" freebytes="837376" totalbytes="878976" percent="95" regionsoverflowed="0" regionsstable="0" regionsrebuilding="0"/>
  </mem-info>
</gc-start>
<allocation-stats totalBytes="8387480" >
  <allocated-bytes non-tlh="529840" tlh="7857640" arrayletleaf="0"/>
  <largest-consumer threadName="main" threadId="000000000096B700" bytes="8379232" />
</allocation-stats>
<gc-op id="250" type="mark" timems="1.893" contextid="247" timestamp="2019-07-07T05:36:06.266">
  <trace-info objectcount="17902" scancount="16118" scanbytes="700952" />
  <cardclean-info objects="532" bytes="22760" />
  <remembered-set-cleared processed="9165" cleared="113" durationms="0.142" />
  <references type="soft" candidates="2" cleared="0" enqueued="0" dynamicThreshold="12" maxThreshold="32" />
  <references type="weak" candidates="12" cleared="10" enqueued="10" />
  <references type="phantom" candidates="6" cleared="2" enqueued="2" />
  <stringconstants candidates="8688" cleared="0"  />
  <warning details="Mark invoked due to insufficient free space for Copy-Forward" />
</gc-op>
<gc-op id="251" type="classunload" timems="0.003" contextid="247" timestamp="2019-07-07T05:36:06.266">
  <classunload-info classloadercandidates="16" classloadersunloaded="0" classesunloaded="0" anonymousclassesunloaded="0" quiescems="0.000" setupms="0.003" scanms="0.000" postms="0.000" />
</gc-op>
<gc-op id="252" type="sweep" timems="0.524" contextid="247" timestamp="2019-07-07T05:36:06.266" />
<gc-op id="253" type="compact" timems="2.975" contextid="247" timestamp="2019-07-07T05:36:06.270">
  <compact-info movecount="17902" movebytes="1359808" />
  <remembered-set-cleared processed="21024" cleared="2906" durationms="0.142" />
</gc-op>
<heap-resize id="254" type="expand" space="default" amount="2097152" count="1" timems="0.069" reason="insufficient free space following gc" timestamp="2019-07-07T05:36:06.270" />
<gc-end id="255" type="partial gc" contextid="247" durationms="7.271" usertimems="4.000" systemtimems="0.000" timestamp="2019-07-07T05:36:06.270" activeThreads="4">
  <mem-info id="256" free="8388608" total="24117248" percent="34">
    <mem type="eden" free="736976" total="2097152" percent="35" />
    <pending-finalizers system="0" default="0" reference="12" classloader="0" />
    <remembered-set count="12864" freebytes="911232" totalbytes="962688" percent="94" regionsoverflowed="0" regionsstable="0" regionsrebuilding="0"/>
  </mem-info>
</gc-end>
<cycle-end id="257" type="partial gc" contextid="247" timestamp="2019-07-07T05:36:06.270" />
  <attribute name="elasticGC enabled" value="1" />
  <attribute name= "numThreadsSpecified" value="4" />
  <attribute name="heapSize specified" value="0" />
  <attribute name="Current GC Util" value="27" />
  <attribute name= "Current Time Running" value="6961" />
  <attribute name ="GC Interval" value="0" />
  <attribute name="ProportionalT" value="3.500000" />
  <attribute name="ProportionalI" value="3.500000" />
  <attribute name="ProportionalH" value="3.500000" />
  <attribute name="Current Error" value="7.000000" />
  <attribute name="IntegralT" value="3.500000" />
  <attribute name="IntegralI" value="3.500000" />
  <attribute name="IntegralH" value="3.500000" />
  <attribute name="DerivativeT" value="7.000000" />
  <attribute name="DerivativeI" value="7.000000" />
  <attribute name="DerivativeH" value="7.000000" />
  <attribute name="Loop Time for DT" value="1.000000" />
  <attribute name="Output H" value="8388608"/>
  <attribute name="Output I" value="200"/>
  <attribute name="Output T" value="4"/>
  <attribute name="Target GC Util Change" value ="20.000000" />
  <attribute name="Current GC Util Change" value="27.000000"/>
  <attribute name="GC Util currently" value="27" />
  <attribute name="CPU Util currently" value="6287713873414" />
<exclusive-end id="258" timestamp="2019-07-07T05:36:06.271" durationms="8.640" />

<exclusive-start id="259" timestamp="2019-07-07T05:36:06.345" intervalms="83.168">
  <response-info timems="0.024" idlems="0.024" threads="0" lastid="000000000096B700" lastname="main" />
</exclusive-start>
<allocation-taxation id="260" taxation-threshold="8388608" timestamp="2019-07-07T05:36:06.345" intervalms="83.060" />
<cycle-start id="261" type="partial gc" contextid="0" timestamp="2019-07-07T05:36:06.345" intervalms="82.920" />
<gc-start id="262" type="partial gc" contextid="261" timestamp="2019-07-07T05:36:06.346">
  <mem-info id="263" free="0" total="24117248" percent="0">
    <mem type="eden" free="15952" total="8388608" percent="0" />
    <remembered-set count="12640" freebytes="912128" totalbytes="962688" percent="94" regionsoverflowed="0" regionsstable="0" regionsrebuilding="0"/>
  </mem-info>
</gc-start>
<allocation-stats totalBytes="8357688" >
  <allocated-bytes non-tlh="140552" tlh="8217136" arrayletleaf="0"/>
  <largest-consumer threadName="main" threadId="000000000096B700" bytes="8357688" />
</allocation-stats>
<gc-op id="264" type="mark" timems="2.094" contextid="261" timestamp="2019-07-07T05:36:06.348">
  <trace-info objectcount="12412" scancount="8374" scanbytes="223688" />
  <cardclean-info objects="760" bytes="41628" />
  <remembered-set-cleared processed="10722" cleared="1874" durationms="0.109" />
  <references type="soft" candidates="59" cleared="0" enqueued="0" dynamicThreshold="11" maxThreshold="32" />
  <references type="weak" candidates="123" cleared="18" enqueued="15" />
  <references type="phantom" candidates="4" cleared="0" enqueued="0" />
  <stringconstants candidates="10895" cleared="12"  />
  <warning details="Mark invoked due to insufficient free space for Copy-Forward" />
</gc-op>
<gc-op id="265" type="classunload" timems="0.003" contextid="261" timestamp="2019-07-07T05:36:06.348">
  <classunload-info classloadercandidates="17" classloadersunloaded="0" classesunloaded="0" anonymousclassesunloaded="0" quiescems="0.000" setupms="0.003" scanms="0.000" postms="0.000" />
</gc-op>
<gc-op id="266" type="sweep" timems="0.371" contextid="261" timestamp="2019-07-07T05:36:06.349" />
<gc-op id="267" type="compact" timems="2.573" contextid="261" timestamp="2019-07-07T05:36:06.352">
  <compact-info movecount="12412" movebytes="781384" />
  <remembered-set-cleared processed="21739" cleared="3997" durationms="0.109" />
</gc-op>
<heap-resize id="268" type="expand" space="default" amount="2097152" count="1" timems="0.068" reason="insufficient free space following gc" timestamp="2019-07-07T05:36:06.352" />
<gc-end id="269" type="partial gc" contextid="261" durationms="6.647" usertimems="8.000" systemtimems="0.000" timestamp="2019-07-07T05:36:06.352" activeThreads="4">
  <mem-info id="270" free="10485760" total="26214400" percent="40">
    <mem type="eden" free="556408" total="1048576" percent="53" />
    <pending-finalizers system="0" default="0" reference="15" classloader="0" />
    <remembered-set count="12192" freebytes="997632" totalbytes="1046400" percent="95" regionsoverflowed="0" regionsstable="0" regionsrebuilding="0"/>
  </mem-info>
</gc-end>
<cycle-end id="271" type="partial gc" contextid="261" timestamp="2019-07-07T05:36:06.353" />
  <attribute name="elasticGC enabled" value="1" />
  <attribute name= "numThreadsSpecified" value="4" />
  <attribute name="heapSize specified" value="0" />
  <attribute name="Current GC Util" value="21" />
  <attribute name= "Current Time Running" value="7044" />
  <attribute name ="GC Interval" value="0" />
  <attribute name="ProportionalT" value="0.500000" />
  <attribute name="ProportionalI" value="0.500000" />
  <attribute name="ProportionalH" value="0.500000" />
  <attribute name="Current Error" value="1.000000" />
  <attribute name="IntegralT" value="0.500000" />
  <attribute name="IntegralI" value="0.500000" />
  <attribute name="IntegralH" value="0.500000" />
  <attribute name="DerivativeT" value="-49.000000" />
  <attribute name="DerivativeI" value="-49.000000" />
  <attribute name="DerivativeH" value="-49.000000" />
  <attribute name="Loop Time for DT" value="1.000000" />
  <attribute name="Output H" value="2091843584"/>
  <attribute name="Output I" value="200"/>
  <attribute name="Output T" value="4"/>
  <attribute name="Target GC Util Change" value ="20.000000" />
  <attribute name="Current GC Util Change" value="21.000000"/>
  <attribute name="GC Util currently" value="21" />
  <attribute name="CPU Util currently" value="7619284138237" />
<exclusive-end id="272" timestamp="2019-07-07T05:36:06.353" durationms="7.549" />

<exclusive-start id="273" timestamp="2019-07-07T05:36:06.399" intervalms="53.899">
  <response-info timems="0.034" idlems="0.034" threads="0" lastid="000000000096B700" lastname="main" />
</exclusive-start>
<allocation-taxation id="274" taxation-threshold="10485760" timestamp="2019-07-07T05:36:06.399" intervalms="54.012" />
<cycle-start id="275" type="partial gc" contextid="0" timestamp="2019-07-07T05:36:06.400" intervalms="54.136" />
<gc-start id="276" type="partial gc" contextid="275" timestamp="2019-07-07T05:36:06.400">
  <mem-info id="277" free="0" total="26214400" percent="0">
    <mem type="eden" free="0" total="10485760" percent="0" />
    <remembered-set count="11808" freebytes="999168" totalbytes="1046400" percent="95" regionsoverflowed="0" regionsstable="0" regionsrebuilding="0"/>
  </mem-info>
</gc-start>
<allocation-stats totalBytes="10484584" >
  <allocated-bytes non-tlh="485784" tlh="9998800" arrayletleaf="0"/>
  <largest-consumer threadName="main" threadId="000000000096B700" bytes="10480488" />
</allocation-stats>
<gc-op id="278" type="mark" timems="1.988" contextid="275" timestamp="2019-07-07T05:36:06.403">
  <trace-info objectcount="19662" scancount="14926" scanbytes="496812" />
  <cardclean-info objects="435" bytes="38536" />
  <remembered-set-cleared processed="9814" cleared="840" durationms="0.143" />
  <references type="soft" candidates="89" cleared="0" enqueued="0" dynamicThreshold="12" maxThreshold="32" />
  <references type="weak" candidates="114" cleared="2" enqueued="2" />
  <references type="phantom" candidates="1" cleared="0" enqueued="0" />
  <stringconstants candidates="11004" cleared="0"  />
  <warning details="Mark invoked due to insufficient free space for Copy-Forward" />
</gc-op>
<gc-op id="279" type="classunload" timems="0.003" contextid="275" timestamp="2019-07-07T05:36:06.403">
  <classunload-info classloadercandidates="18" classloadersunloaded="0" classesunloaded="0" anonymousclassesunloaded="0" quiescems="0.000" setupms="0.003" scanms="0.000" postms="0.000" />
</gc-op>
<gc-op id="280" type="sweep" timems="0.476" contextid="275" timestamp="2019-07-07T05:36:06.403" />
<gc-op id="281" type="compact" timems="2.786" contextid="275" timestamp="2019-07-07T05:36:06.406">
  <compact-info movecount="18615" movebytes="1023688" />
  <remembered-set-cleared processed="22374" cleared="4412" durationms="0.143" />
</gc-op>
<gc-end id="282" type="partial gc" contextid="275" durationms="6.779" usertimems="8.000" systemtimems="0.000" timestamp="2019-07-07T05:36:06.407" activeThreads="4">
  <mem-info id="283" free="9437184" total="26214400" percent="36">
    <mem type="eden" free="436952" total="1048576" percent="41" />
    <pending-finalizers system="0" default="0" reference="2" classloader="0" />
    <remembered-set count="12480" freebytes="996480" totalbytes="1046400" percent="95" regionsoverflowed="0" regionsstable="0" regionsrebuilding="0"/>
  </mem-info>
</gc-end>
<cycle-end id="284" type="partial gc" contextid="275" timestamp="2019-07-07T05:36:06.407" />
  <attribute name="elasticGC enabled" value="1" />
  <attribute name= "numThreadsSpecified" value="4" />
  <attribute name="heapSize specified" value="0" />
  <attribute name="Current GC Util" value="24" />
  <attribute name= "Current Time Running" value="7098" />
  <attribute name ="GC Interval" value="0" />
  <attribute name="ProportionalT" value="2.000000" />
  <attribute name="ProportionalI" value="2.000000" />
  <attribute name="ProportionalH" value="2.000000" />
  <attribute name="Current Error" value="4.000000" />
  <attribute name="IntegralT" value="2.000000" />
  <attribute name="IntegralI" value="2.000000" />
  <attribute name="IntegralH" value="2.000000" />
  <attribute name="DerivativeT" value="4.000000" />
  <attribute name="DerivativeI" value="4.000000" />
  <attribute name="DerivativeH" value="4.000000" />
  <attribute name="Loop Time for DT" value="1.000000" />
  <attribute name="Output H" value="8388608"/>
  <attribute name="Output I" value="200"/>
  <attribute name="Output T" value="4"/>
  <attribute name="Target GC Util Change" value ="20.000000" />
  <attribute name="Current GC Util Change" value="24.000000"/>
  <attribute name="GC Util currently" value="24" />
  <attribute name="CPU Util currently" value="6718490383809" />
<exclusive-end id="285" timestamp="2019-07-07T05:36:06.407" durationms="7.994" />

<exclusive-start id="286" timestamp="2019-07-07T05:36:06.448" intervalms="48.967">
  <response-info timems="0.031" idlems="0.031" threads="0" lastid="000000000096B700" lastname="main" />
</exclusive-start>
<allocation-taxation id="287" taxation-threshold="9437184" timestamp="2019-07-07T05:36:06.448" intervalms="48.966" />
<cycle-start id="288" type="partial gc" contextid="0" timestamp="2019-07-07T05:36:06.449" intervalms="48.968" />
<gc-start id="289" type="partial gc" contextid="288" timestamp="2019-07-07T05:36:06.449">
  <mem-info id="290" free="0" total="26214400" percent="0">
    <mem type="eden" free="0" total="9437184" percent="0" />
    <remembered-set count="12384" freebytes="996864" totalbytes="1046400" percent="95" regionsoverflowed="0" regionsstable="0" regionsrebuilding="0"/>
  </mem-info>
</gc-start>
<allocation-stats totalBytes="9434944" >
  <allocated-bytes non-tlh="246768" tlh="9188176" arrayletleaf="0"/>
  <largest-consumer threadName="main" threadId="000000000096B700" bytes="9430848" />
</allocation-stats>
<gc-op id="291" type="mark" timems="1.852" contextid="288" timestamp="2019-07-07T05:36:06.451">
  <trace-info objectcount="12180" scancount="11118" scanbytes="504440" />
  <cardclean-info objects="574" bytes="34428" />
  <remembered-set-cleared processed="10665" cleared="1062" durationms="0.166" />
  <references type="soft" candidates="33" cleared="0" enqueued="0" dynamicThreshold="11" maxThreshold="32" />
  <references type="weak" candidates="26" cleared="0" enqueued="0" />
  <references type="phantom" candidates="1" cleared="0" enqueued="0" />
  <stringconstants candidates="11067" cleared="0"  />
  <warning details="Mark invoked due to insufficient free space for Copy-Forward" />
</gc-op>
<gc-op id="292" type="classunload" timems="0.003" contextid="288" timestamp="2019-07-07T05:36:06.452">
  <classunload-info classloadercandidates="19" classloadersunloaded="0" classesunloaded="0" anonymousclassesunloaded="0" quiescems="0.000" setupms="0.003" scanms="0.000" postms="0.000" />
</gc-op>
<gc-op id="293" type="sweep" timems="0.487" contextid="288" timestamp="2019-07-07T05:36:06.452" />
<gc-op id="294" type="compact" timems="2.539" contextid="288" timestamp="2019-07-07T05:36:06.455">
  <compact-info movecount="11875" movebytes="867800" />
  <remembered-set-cleared processed="22687" cleared="3375" durationms="0.166" />
</gc-op>
<heap-resize id="295" type="expand" space="default" amount="1048576" count="1" timems="0.063" reason="insufficient free space following gc" timestamp="2019-07-07T05:36:06.455" />
<gc-end id="296" type="partial gc" contextid="288" durationms="6.670" usertimems="4.000" systemtimems="0.000" timestamp="2019-07-07T05:36:06.456" activeThreads="4">
  <mem-info id="297" free="9437184" total="27262976" percent="34">
    <mem type="eden" free="220536" total="1048576" percent="21" />
    <remembered-set count="13312" freebytes="1035008" totalbytes="1088256" percent="95" regionsoverflowed="0" regionsstable="0" regionsrebuilding="0"/>
  </mem-info>
</gc-end>
<cycle-end id="298" type="partial gc" contextid="288" timestamp="2019-07-07T05:36:06.456" />
  <attribute name="elasticGC enabled" value="1" />
  <attribute name= "numThreadsSpecified" value="4" />
  <attribute name="heapSize specified" value="0" />
  <attribute name="Current GC Util" value="22" />
  <attribute name= "Current Time Running" value="7147" />
  <attribute name ="GC Interval" value="0" />
  <attribute name="ProportionalT" value="1.000000" />
  <attribute name="ProportionalI" value="1.000000" />
  <attribute name="ProportionalH" value="1.000000" />
  <attribute name="Current Error" value="2.000000" />
  <attribute name="IntegralT" value="1.000000" />
  <attribute name="IntegralI" value="1.000000" />
  <attribute name="IntegralH" value="1.000000" />
  <attribute name="DerivativeT" value="2.000000" />
  <attribute name="DerivativeI" value="2.000000" />
  <attribute name="DerivativeH" value="2.000000" />
  <attribute name="Loop Time for DT" value="1.000000" />
  <attribute name="Output H" value="8388608"/>
  <attribute name="Output I" value="200"/>
  <attribute name="Output T" value="4"/>
  <attribute name="Target GC Util Change" value ="20.000000" />
  <attribute name="Current GC Util Change" value="22.000000"/>
  <attribute name="GC Util currently" value="22" />
  <attribute name="CPU Util currently" value="6006348008453" />
<exclusive-end id="299" timestamp="2019-07-07T05:36:06.456" durationms="7.916" />

<exclusive-start id="300" timestamp="2019-07-07T05:36:06.479" intervalms="31.330">
  <response-info timems="0.035" idlems="0.035" threads="0" lastid="000000000096B700" lastname="main" />
</exclusive-start>
<allocation-taxation id="301" taxation-threshold="9437184" timestamp="2019-07-07T05:36:06.480" intervalms="31.318" />
<cycle-start id="302" type="partial gc" contextid="0" timestamp="2019-07-07T05:36:06.480" intervalms="31.293" />
<gc-start id="303" type="partial gc" contextid="302" timestamp="2019-07-07T05:36:06.480">
  <mem-info id="304" free="0" total="27262976" percent="0">
    <mem type="eden" free="0" total="9437184" percent="0" />
    <remembered-set count="13056" freebytes="1036032" totalbytes="1088256" percent="95" regionsoverflowed="0" regionsstable="0" regionsrebuilding="0"/>
  </mem-info>
</gc-start>
<allocation-stats totalBytes="9436264" >
  <allocated-bytes non-tlh="168" tlh="9436096" arrayletleaf="0"/>
  <largest-consumer threadName="main" threadId="000000000096B700" bytes="9436264" />
</allocation-stats>
<gc-op id="305" type="mark" timems="2.104" contextid="302" timestamp="2019-07-07T05:36:06.483">
  <trace-info objectcount="17580" scancount="15593" scanbytes="613596" />
  <cardclean-info objects="139" bytes="9148" />
  <remembered-set-cleared processed="11134" cleared="1117" durationms="0.168" />
  <references type="soft" candidates="1" cleared="0" enqueued="0" dynamicThreshold="11" maxThreshold="32" />
  <references type="weak" candidates="20" cleared="0" enqueued="0" />
  <stringconstants candidates="11068" cleared="0"  />
  <warning details="Mark invoked due to insufficient free space for Copy-Forward" />
</gc-op>
<gc-op id="306" type="classunload" timems="0.003" contextid="302" timestamp="2019-07-07T05:36:06.483">
  <classunload-info classloadercandidates="19" classloadersunloaded="0" classesunloaded="0" anonymousclassesunloaded="0" quiescems="0.000" setupms="0.002" scanms="0.000" postms="0.000" />
</gc-op>
<gc-op id="307" type="sweep" timems="0.526" contextid="302" timestamp="2019-07-07T05:36:06.484" />
<gc-op id="308" type="compact" timems="2.910" contextid="302" timestamp="2019-07-07T05:36:06.487">
  <compact-info movecount="17580" movebytes="774664" />
  <remembered-set-cleared processed="24839" cleared="4792" durationms="0.168" />
</gc-op>
<heap-resize id="309" type="expand" space="default" amount="2097152" count="1" timems="0.069" reason="insufficient free space following gc" timestamp="2019-07-07T05:36:06.487" />
<gc-end id="310" type="partial gc" contextid="302" durationms="7.459" usertimems="8.000" systemtimems="0.000" timestamp="2019-07-07T05:36:06.488" activeThreads="4">
  <mem-info id="311" free="10485760" total="29360128" percent="35">
    <mem type="eden" free="567904" total="1048576" percent="54" />
    <remembered-set count="14656" freebytes="1113344" totalbytes="1171968" percent="94" regionsoverflowed="0" regionsstable="0" regionsrebuilding="0"/>
  </mem-info>
</gc-end>
<cycle-end id="312" type="partial gc" contextid="302" timestamp="2019-07-07T05:36:06.488" />
  <attribute name="elasticGC enabled" value="1" />
  <attribute name= "numThreadsSpecified" value="4" />
  <attribute name="heapSize specified" value="0" />
  <attribute name="Current GC Util" value="25" />
  <attribute name= "Current Time Running" value="7179" />
  <attribute name ="GC Interval" value="0" />
  <attribute name="ProportionalT" value="2.500000" />
  <attribute name="ProportionalI" value="2.500000" />
  <attribute name="ProportionalH" value="2.500000" />
  <attribute name="Current Error" value="5.000000" />
  <attribute name="IntegralT" value="2.500000" />
  <attribute name="IntegralI" value="2.500000" />
  <attribute name="IntegralH" value="2.500000" />
  <attribute name="DerivativeT" value="5.000000" />
  <attribute name="DerivativeI" value="5.000000" />
  <attribute name="DerivativeH" value="5.000000" />
  <attribute name="Loop Time for DT" value="1.000000" />
  <attribute name="Output H" value="8388608"/>
  <attribute name="Output I" value="200"/>
  <attribute name="Output T" value="4"/>
  <attribute name="Target GC Util Change" value ="20.000000" />
  <attribute name="Current GC Util Change" value="25.000000"/>
  <attribute name="GC Util currently" value="25" />
  <attribute name="CPU Util currently" value="5728233235703" />
<exclusive-end id="313" timestamp="2019-07-07T05:36:06.488" durationms="8.536" />

<exclusive-start id="314" timestamp="2019-07-07T05:36:06.546" intervalms="66.316">
  <response-info timems="0.057" idlems="0.057" threads="0" lastid="000000000096B700" lastname="main" />
</exclusive-start>
<allocation-taxation id="315" taxation-threshold="10485760" timestamp="2019-07-07T05:36:06.546" intervalms="66.305" />
<cycle-start id="316" type="partial gc" contextid="0" timestamp="2019-07-07T05:36:06.546" intervalms="66.290" />
<gc-start id="317" type="partial gc" contextid="316" timestamp="2019-07-07T05:36:06.547">
  <mem-info id="318" free="0" total="29360128" percent="0">
    <mem type="eden" free="0" total="10485760" percent="0" />
    <remembered-set count="14656" freebytes="1113344" totalbytes="1171968" percent="94" regionsoverflowed="0" regionsstable="0" regionsrebuilding="0"/>
  </mem-info>
</gc-start>
<allocation-stats totalBytes="10483600" >
  <allocated-bytes non-tlh="482480" tlh="10001120" arrayletleaf="0"/>
  <largest-consumer threadName="main" threadId="000000000096B700" bytes="10483600" />
</allocation-stats>
<gc-op id="319" type="mark" timems="2.300" contextid="316" timestamp="2019-07-07T05:36:06.549">
  <trace-info objectcount="21561" scancount="19554" scanbytes="868644" />
  <cardclean-info objects="907" bytes="50872" />
  <remembered-set-cleared processed="12887" cleared="2243" durationms="0.153" />
  <references type="soft" candidates="11" cleared="0" enqueued="0" dynamicThreshold="11" maxThreshold="32" />
  <references type="weak" candidates="207" cleared="0" enqueued="0" />
  <references type="phantom" candidates="1" cleared="0" enqueued="0" />
  <stringconstants candidates="11317" cleared="0"  />
  <warning details="Mark invoked due to insufficient free space for Copy-Forward" />
</gc-op>
<gc-op id="320" type="classunload" timems="0.003" contextid="316" timestamp="2019-07-07T05:36:06.550">
  <classunload-info classloadercandidates="21" classloadersunloaded="0" classesunloaded="0" anonymousclassesunloaded="0" quiescems="0.000" setupms="0.003" scanms="0.000" postms="0.000" />
</gc-op>
<gc-op id="321" type="sweep" timems="0.402" contextid="316" timestamp="2019-07-07T05:36:06.550" />
<gc-op id="322" type="compact" timems="2.891" contextid="316" timestamp="2019-07-07T05:36:06.553">
  <compact-info movecount="12427" movebytes="934856" />
  <remembered-set-cleared processed="27859" cleared="6527" durationms="0.153" />
</gc-op>
<heap-resize id="323" type="expand" space="default" amount="1048576" count="1" timems="0.063" reason="insufficient free space following gc" timestamp="2019-07-07T05:36:06.554" />
<gc-end id="324" type="partial gc" contextid="316" durationms="7.412" usertimems="8.000" systemtimems="0.000" timestamp="2019-07-07T05:36:06.554" activeThreads="4">
  <mem-info id="325" free="10485760" total="30408704" percent="34">
    <mem type="eden" free="114864" total="1048576" percent="10" />
    <remembered-set count="15456" freebytes="1152000" totalbytes="1213824" percent="94" regionsoverflowed="0" regionsstable="0" regionsrebuilding="0"/>
  </mem-info>
</gc-end>
<cycle-end id="326" type="partial gc" contextid="316" timestamp="2019-07-07T05:36:06.554" />
  <attribute name="elasticGC enabled" value="1" />
  <attribute name= "numThreadsSpecified" value="4" />
  <attribute name="heapSize specified" value="0" />
  <attribute name="Current GC Util" value="22" />
  <attribute name= "Current Time Running" value="7245" />
  <attribute name ="GC Interval" value="0" />
  <attribute name="ProportionalT" value="1.000000" />
  <attribute name="ProportionalI" value="1.000000" />
  <attribute name="ProportionalH" value="1.000000" />
  <attribute name="Current Error" value="2.000000" />
  <attribute name="IntegralT" value="1.000000" />
  <attribute name="IntegralI" value="1.000000" />
  <attribute name="IntegralH" value="1.000000" />
  <attribute name="DerivativeT" value="-50.000000" />
  <attribute name="DerivativeI" value="-50.000000" />
  <attribute name="DerivativeH" value="-50.000000" />
  <attribute name="Loop Time for DT" value="1.000000" />
  <attribute name="Output H" value="2091843584"/>
  <attribute name="Output I" value="200"/>
  <attribute name="Output T" value="4"/>
  <attribute name="Target GC Util Change" value ="20.000000" />
  <attribute name="Current GC Util Change" value="22.000000"/>
  <attribute name="GC Util currently" value="22" />
  <attribute name="CPU Util currently" value="6643577768998" />
<exclusive-end id="327" timestamp="2019-07-07T05:36:06.554" durationms="8.610" />

<exclusive-start id="328" timestamp="2019-07-07T05:36:06.576" intervalms="30.342">
  <response-info timems="0.028" idlems="0.028" threads="0" lastid="000000000096B700" lastname="main" />
</exclusive-start>
<allocation-taxation id="329" taxation-threshold="10485760" timestamp="2019-07-07T05:36:06.576" intervalms="30.333" />
<cycle-start id="330" type="partial gc" contextid="0" timestamp="2019-07-07T05:36:06.576" intervalms="30.323" />
<gc-start id="331" type="partial gc" contextid="330" timestamp="2019-07-07T05:36:06.577">
  <mem-info id="332" free="0" total="30408704" percent="0">
    <mem type="eden" free="0" total="10485760" percent="0" />
    <remembered-set count="15328" freebytes="1152512" totalbytes="1213824" percent="94" regionsoverflowed="0" regionsstable="0" regionsrebuilding="0"/>
  </mem-info>
</gc-start>
<allocation-stats totalBytes="10484560" >
  <allocated-bytes non-tlh="0" tlh="10484560" arrayletleaf="0"/>
  <largest-consumer threadName="main" threadId="000000000096B700" bytes="10484560" />
</allocation-stats>
<gc-op id="333" type="mark" timems="2.159" contextid="330" timestamp="2019-07-07T05:36:06.579">
  <trace-info objectcount="28031" scancount="25253" scanbytes="1079412" />
  <cardclean-info objects="370" bytes="29060" />
  <remembered-set-cleared processed="13513" cleared="1023" durationms="0.114" />
  <references type="soft" candidates="11" cleared="0" enqueued="0" dynamicThreshold="11" maxThreshold="32" />
  <references type="weak" candidates="207" cleared="0" enqueued="0" />
  <references type="phantom" candidates="1" cleared="0" enqueued="0" />
  <stringconstants candidates="11317" cleared="0"  />
  <warning details="Mark invoked due to insufficient free space for Copy-Forward" />
</gc-op>
<gc-op id="334" type="classunload" timems="0.003" contextid="330" timestamp="2019-07-07T05:36:06.579">
  <classunload-info classloadercandidates="21" classloadersunloaded="0" classesunloaded="0" anonymousclassesunloaded="0" quiescems="0.000" setupms="0.003" scanms="0.000" postms="0.000" />
</gc-op>
<gc-op id="335" type="sweep" timems="0.365" contextid="330" timestamp="2019-07-07T05:36:06.580" />
<gc-op id="336" type="compact" timems="3.207" contextid="330" timestamp="2019-07-07T05:36:06.583">
  <compact-info movecount="25169" movebytes="1366256" />
  <remembered-set-cleared processed="31041" cleared="6061" durationms="0.117" />
</gc-op>
<heap-resize id="337" type="expand" space="default" amount="2097152" count="1" timems="0.069" reason="insufficient free space following gc" timestamp="2019-07-07T05:36:06.584" />
<gc-end id="338" type="partial gc" contextid="330" durationms="7.180" usertimems="12.000" systemtimems="0.000" timestamp="2019-07-07T05:36:06.584" activeThreads="4">
  <mem-info id="339" free="11534336" total="32505856" percent="35">
    <mem type="eden" free="477808" total="1048576" percent="45" />
    <remembered-set count="19264" freebytes="1220480" totalbytes="1297536" percent="94" regionsoverflowed="0" regionsstable="0" regionsrebuilding="0"/>
  </mem-info>
</gc-end>
<cycle-end id="340" type="partial gc" contextid="330" timestamp="2019-07-07T05:36:06.584" />
  <attribute name="elasticGC enabled" value="1" />
  <attribute name= "numThreadsSpecified" value="4" />
  <attribute name="heapSize specified" value="0" />
  <attribute name="Current GC Util" value="26" />
  <attribute name= "Current Time Running" value="7275" />
  <attribute name ="GC Interval" value="0" />
  <attribute name="ProportionalT" value="3.000000" />
  <attribute name="ProportionalI" value="3.000000" />
  <attribute name="ProportionalH" value="3.000000" />
  <attribute name="Current Error" value="6.000000" />
  <attribute name="IntegralT" value="3.000000" />
  <attribute name="IntegralI" value="3.000000" />
  <attribute name="IntegralH" value="3.000000" />
  <attribute name="DerivativeT" value="-54.000000" />
  <attribute name="DerivativeI" value="-54.000000" />
  <attribute name="DerivativeH" value="-54.000000" />
  <attribute name="Loop Time for DT" value="1.000000" />
  <attribute name="Output H" value="2091843584"/>
  <attribute name="Output I" value="200"/>
  <attribute name="Output T" value="4"/>
  <attribute name="Target GC Util Change" value ="20.000000" />
  <attribute name="Current GC Util Change" value="26.000000"/>
  <attribute name="GC Util currently" value="26" />
  <attribute name="CPU Util currently" value="8073863748489" />
<exclusive-end id="341" timestamp="2019-07-07T05:36:06.584" durationms="8.084" />

<exclusive-start id="342" timestamp="2019-07-07T05:36:06.657" intervalms="81.162">
  <response-info timems="0.020" idlems="0.020" threads="0" lastid="000000000096B700" lastname="main" />
</exclusive-start>
<allocation-taxation id="343" taxation-threshold="11534336" timestamp="2019-07-07T05:36:06.657" intervalms="81.083" />
<cycle-start id="344" type="partial gc" contextid="0" timestamp="2019-07-07T05:36:06.657" intervalms="81.006" />
<gc-start id="345" type="partial gc" contextid="344" timestamp="2019-07-07T05:36:06.658">
  <mem-info id="346" free="0" total="32505856" percent="0">
    <mem type="eden" free="127496" total="11534336" percent="1" />
    <remembered-set count="19232" freebytes="1220608" totalbytes="1297536" percent="94" regionsoverflowed="0" regionsstable="0" regionsrebuilding="0"/>
  </mem-info>
</gc-start>
<allocation-stats totalBytes="11397880" >
  <allocated-bytes non-tlh="228104" tlh="11169776" arrayletleaf="0"/>
  <largest-consumer threadName="main" threadId="000000000096B700" bytes="11397880" />
</allocation-stats>
<gc-op id="347" type="mark" timems="2.353" contextid="344" timestamp="2019-07-07T05:36:06.660">
  <trace-info objectcount="22199" scancount="19804" scanbytes="765824" />
  <cardclean-info objects="3987" bytes="210740" />
  <remembered-set-cleared processed="16516" cleared="3367" durationms="0.157" />
  <references type="soft" candidates="25" cleared="0" enqueued="0" dynamicThreshold="11" maxThreshold="32" />
  <references type="weak" candidates="188" cleared="2" enqueued="2" />
  <references type="phantom" candidates="1" cleared="0" enqueued="0" />
  <stringconstants candidates="11570" cleared="0"  />
  <warning details="Mark invoked due to insufficient free space for Copy-Forward" />
</gc-op>
<gc-op id="348" type="classunload" timems="0.003" contextid="344" timestamp="2019-07-07T05:36:06.661">
  <classunload-info classloadercandidates="23" classloadersunloaded="0" classesunloaded="0" anonymousclassesunloaded="0" quiescems="0.000" setupms="0.003" scanms="0.000" postms="0.000" />
</gc-op>
<gc-op id="349" type="sweep" timems="0.470" contextid="344" timestamp="2019-07-07T05:36:06.661" />
<gc-op id="350" type="compact" timems="2.885" contextid="344" timestamp="2019-07-07T05:36:06.664">
  <compact-info movecount="21691" movebytes="881208" />
  <remembered-set-cleared processed="36872" cleared="10492" durationms="0.157" />
</gc-op>
<heap-resize id="351" type="expand" space="default" amount="2097152" count="1" timems="0.070" reason="insufficient free space following gc" timestamp="2019-07-07T05:36:06.665" />
<gc-end id="352" type="partial gc" contextid="344" durationms="7.366" usertimems="8.000" systemtimems="0.000" timestamp="2019-07-07T05:36:06.665" activeThreads="4">
  <mem-info id="353" free="12582912" total="34603008" percent="36">
    <mem type="eden" free="709408" total="1048576" percent="67" />
    <pending-finalizers system="0" default="0" reference="2" classloader="0" />
    <remembered-set count="21120" freebytes="1296768" totalbytes="1381248" percent="93" regionsoverflowed="0" regionsstable="0" regionsrebuilding="0"/>
  </mem-info>
</gc-end>
<cycle-end id="354" type="partial gc" contextid="344" timestamp="2019-07-07T05:36:06.665" />
  <attribute name="elasticGC enabled" value="1" />
  <attribute name= "numThreadsSpecified" value="4" />
  <attribute name="heapSize specified" value="0" />
  <attribute name="Current GC Util" value="26" />
  <attribute name= "Current Time Running" value="7356" />
  <attribute name ="GC Interval" value="0" />
  <attribute name="ProportionalT" value="3.000000" />
  <attribute name="ProportionalI" value="3.000000" />
  <attribute name="ProportionalH" value="3.000000" />
  <attribute name="Current Error" value="6.000000" />
  <attribute name="IntegralT" value="3.000000" />
  <attribute name="IntegralI" value="3.000000" />
  <attribute name="IntegralH" value="3.000000" />
  <attribute name="DerivativeT" value="-47.000000" />
  <attribute name="DerivativeI" value="-47.000000" />
  <attribute name="DerivativeH" value="-47.000000" />
  <attribute name="Loop Time for DT" value="1.000000" />
  <attribute name="Output H" value="2091843584"/>
  <attribute name="Output I" value="200"/>
  <attribute name="Output T" value="4"/>
  <attribute name="Target GC Util Change" value ="20.000000" />
  <attribute name="Current GC Util Change" value="26.000000"/>
  <attribute name="GC Util currently" value="26" />
  <attribute name="CPU Util currently" value="6532336719620" />
<exclusive-end id="355" timestamp="2019-07-07T05:36:06.666" durationms="8.237" />

<exclusive-start id="356" timestamp="2019-07-07T05:36:06.759" intervalms="101.294">
  <response-info timems="0.036" idlems="0.036" threads="0" lastid="000000000096B700" lastname="main" />
</exclusive-start>
<allocation-taxation id="357" taxation-threshold="12582912" timestamp="2019-07-07T05:36:06.759" intervalms="101.323" />
<cycle-start id="358" type="partial gc" contextid="0" timestamp="2019-07-07T05:36:06.759" intervalms="101.327" />
<gc-start id="359" type="partial gc" contextid="358" timestamp="2019-07-07T05:36:06.759">
  <mem-info id="360" free="0" total="34603008" percent="0">
    <mem type="eden" free="0" total="12582912" percent="0" />
    <remembered-set count="20672" freebytes="1298560" totalbytes="1381248" percent="94" regionsoverflowed="0" regionsstable="0" regionsrebuilding="0"/>
  </mem-info>
</gc-start>
<allocation-stats totalBytes="12581272" >
  <allocated-bytes non-tlh="410368" tlh="12170904" arrayletleaf="0"/>
  <largest-consumer threadName="main" threadId="000000000096B700" bytes="12577176" />
</allocation-stats>
<gc-op id="361" type="mark" timems="2.712" contextid="358" timestamp="2019-07-07T05:36:06.762">
  <trace-info objectcount="23975" scancount="20916" scanbytes="818944" />
  <cardclean-info objects="1844" bytes="98708" />
  <remembered-set-cleared processed="18432" cleared="2388" durationms="0.226" />
  <finalization candidates="1" enqueued="1" />
  <references type="soft" candidates="25" cleared="0" enqueued="0" dynamicThreshold="11" maxThreshold="32" />
  <references type="weak" candidates="387" cleared="13" enqueued="13" />
  <stringconstants candidates="11667" cleared="0"  />
  <warning details="Mark invoked due to insufficient free space for Copy-Forward" />
</gc-op>
<gc-op id="362" type="classunload" timems="0.003" contextid="358" timestamp="2019-07-07T05:36:06.762">
  <classunload-info classloadercandidates="26" classloadersunloaded="0" classesunloaded="0" anonymousclassesunloaded="0" quiescems="0.000" setupms="0.003" scanms="0.000" postms="0.000" />
</gc-op>
<gc-op id="363" type="sweep" timems="0.477" contextid="358" timestamp="2019-07-07T05:36:06.763" />
<gc-op id="364" type="compact" timems="3.234" contextid="358" timestamp="2019-07-07T05:36:06.766">
  <compact-info movecount="22925" movebytes="1000552" />
  <remembered-set-cleared processed="41593" cleared="9445" durationms="0.226" />
</gc-op>
<heap-resize id="365" type="expand" space="default" amount="2097152" count="1" timems="0.067" reason="insufficient free space following gc" timestamp="2019-07-07T05:36:06.767" />
<gc-end id="366" type="partial gc" contextid="358" durationms="7.760" usertimems="4.000" systemtimems="4.000" timestamp="2019-07-07T05:36:06.767" activeThreads="4">
  <mem-info id="367" free="13631488" total="36700160" percent="37">
    <mem type="eden" free="262968" total="1048576" percent="25" />
    <pending-finalizers system="0" default="1" reference="13" classloader="0" />
    <remembered-set count="23072" freebytes="1372672" totalbytes="1464960" percent="93" regionsoverflowed="0" regionsstable="0" regionsrebuilding="0"/>
  </mem-info>
</gc-end>
<cycle-end id="368" type="partial gc" contextid="358" timestamp="2019-07-07T05:36:06.767" />
  <attribute name="elasticGC enabled" value="1" />
  <attribute name= "numThreadsSpecified" value="4" />
  <attribute name="heapSize specified" value="0" />
  <attribute name="Current GC Util" value="25" />
  <attribute name= "Current Time Running" value="7458" />
  <attribute name ="GC Interval" value="0" />
  <attribute name="ProportionalT" value="2.500000" />
  <attribute name="ProportionalI" value="2.500000" />
  <attribute name="ProportionalH" value="2.500000" />
  <attribute name="Current Error" value="5.000000" />
  <attribute name="IntegralT" value="2.500000" />
  <attribute name="IntegralI" value="2.500000" />
  <attribute name="IntegralH" value="2.500000" />
  <attribute name="DerivativeT" value="5.000000" />
  <attribute name="DerivativeI" value="5.000000" />
  <attribute name="DerivativeH" value="5.000000" />
  <attribute name="Loop Time for DT" value="1.000000" />
  <attribute name="Output H" value="8388608"/>
  <attribute name="Output I" value="200"/>
  <attribute name="Output T" value="4"/>
  <attribute name="Target GC Util Change" value ="20.000000" />
  <attribute name="Current GC Util Change" value="25.000000"/>
  <attribute name="GC Util currently" value="25" />
  <attribute name="CPU Util currently" value="6541676968804" />
<exclusive-end id="369" timestamp="2019-07-07T05:36:06.767" durationms="8.483" />

<exclusive-start id="370" timestamp="2019-07-07T05:36:06.821" intervalms="62.757">
  <response-info timems="0.068" idlems="0.068" threads="0" lastid="000000000096B700" lastname="main" />
</exclusive-start>
<allocation-taxation id="371" taxation-threshold="13631488" timestamp="2019-07-07T05:36:06.822" intervalms="62.823" />
<cycle-start id="372" type="partial gc" contextid="0" timestamp="2019-07-07T05:36:06.822" intervalms="62.874" />
<gc-start id="373" type="partial gc" contextid="372" timestamp="2019-07-07T05:36:06.822">
  <mem-info id="374" free="0" total="36700160" percent="0">
    <mem type="eden" free="0" total="13631488" percent="0" />
    <remembered-set count="22816" freebytes="1373696" totalbytes="1464960" percent="93" regionsoverflowed="0" regionsstable="0" regionsrebuilding="0"/>
  </mem-info>
</gc-start>
<allocation-stats totalBytes="13626728" >
  <allocated-bytes non-tlh="813296" tlh="12813432" arrayletleaf="0"/>
  <largest-consumer threadName="main" threadId="000000000096B700" bytes="13618416" />
</allocation-stats>
<gc-op id="375" type="mark" timems="2.620" contextid="372" timestamp="2019-07-07T05:36:06.825">
  <trace-info objectcount="23051" scancount="20756" scanbytes="887412" />
  <cardclean-info objects="505" bytes="37644" />
  <remembered-set-cleared processed="20851" cleared="2389" durationms="0.253" />
  <references type="soft" candidates="25" cleared="0" enqueued="0" dynamicThreshold="11" maxThreshold="32" />
  <references type="weak" candidates="201" cleared="2" enqueued="2" />
  <references type="phantom" candidates="2" cleared="0" enqueued="0" />
  <stringconstants candidates="11795" cleared="6"  />
  <warning details="Mark invoked due to insufficient free space for Copy-Forward" />
</gc-op>
<gc-op id="376" type="classunload" timems="0.386" contextid="372" timestamp="2019-07-07T05:36:06.826">
  <classunload-info classloadercandidates="28" classloadersunloaded="1" classesunloaded="1" anonymousclassesunloaded="0" quiescems="0.000" setupms="0.374" scanms="0.008" postms="0.004" />
</gc-op>
<gc-op id="377" type="sweep" timems="0.560" contextid="372" timestamp="2019-07-07T05:36:06.827" />
<gc-op id="378" type="compact" timems="4.481" contextid="372" timestamp="2019-07-07T05:36:06.831">
  <compact-info movecount="23051" movebytes="1691840" />
  <remembered-set-cleared processed="44357" cleared="7414" durationms="0.253" />
</gc-op>
<heap-resize id="379" type="expand" space="default" amount="1048576" count="1" timems="0.058" reason="insufficient free space following gc" timestamp="2019-07-07T05:36:06.832" />
<gc-end id="380" type="partial gc" contextid="372" durationms="9.934" usertimems="8.000" systemtimems="0.000" timestamp="2019-07-07T05:36:06.832" activeThreads="1">
  <mem-info id="381" free="12582912" total="37748736" percent="33">
    <mem type="eden" free="440920" total="2097152" percent="21" />
    <pending-finalizers system="0" default="0" reference="2" classloader="0" />
    <remembered-set count="24512" freebytes="1408768" totalbytes="1506816" percent="93" regionsoverflowed="0" regionsstable="0" regionsrebuilding="0"/>
  </mem-info>
</gc-end>
<cycle-end id="382" type="partial gc" contextid="372" timestamp="2019-07-07T05:36:06.832" />
  <attribute name="elasticGC enabled" value="1" />
  <attribute name= "numThreadsSpecified" value="1" />
  <attribute name="heapSize specified" value="0" />
  <attribute name="Current GC Util" value="26" />
  <attribute name= "Current Time Running" value="7521" />
  <attribute name ="GC Interval" value="0" />
  <attribute name="ProportionalT" value="3.000000" />
  <attribute name="ProportionalI" value="3.000000" />
  <attribute name="ProportionalH" value="3.000000" />
  <attribute name="Current Error" value="6.000000" />
  <attribute name="IntegralT" value="0.000000" />
  <attribute name="IntegralI" value="0.000000" />
  <attribute name="IntegralH" value="0.000000" />
  <attribute name="DerivativeT" value="inf" />
  <attribute name="DerivativeI" value="inf" />
  <attribute name="DerivativeH" value="inf" />
  <attribute name="Loop Time for DT" value="0.000000" />
  <attribute name="Output H" value="8388608"/>
  <attribute name="Output I" value="200"/>
  <attribute name="Output T" value="1"/>
  <attribute name="Target GC Util Change" value ="20.000000" />
  <attribute name="Current GC Util Change" value="26.000000"/>
  <attribute name="GC Util currently" value="26" />
  <attribute name="CPU Util currently" value="5417024160316" />
<exclusive-end id="383" timestamp="2019-07-07T05:36:06.832" durationms="11.077" />

<exclusive-start id="384" timestamp="2019-07-07T05:36:06.903" intervalms="81.912">
  <response-info timems="0.018" idlems="0.018" threads="0" lastid="000000000096B700" lastname="main" />
</exclusive-start>
<allocation-taxation id="385" taxation-threshold="12582912" timestamp="2019-07-07T05:36:06.903" intervalms="81.859" />
<cycle-start id="386" type="partial gc" contextid="0" timestamp="2019-07-07T05:36:06.903" intervalms="81.851" />
<gc-start id="387" type="partial gc" contextid="386" timestamp="2019-07-07T05:36:06.904">
  <mem-info id="388" free="0" total="37748736" percent="0">
    <mem type="eden" free="0" total="12582912" percent="0" />
    <remembered-set count="24032" freebytes="1410688" totalbytes="1506816" percent="93" regionsoverflowed="0" regionsstable="0" regionsrebuilding="0"/>
  </mem-info>
</gc-start>
<allocation-stats totalBytes="12579760" >
  <allocated-bytes non-tlh="453000" tlh="12126760" arrayletleaf="0"/>
  <largest-consumer threadName="main" threadId="000000000096B700" bytes="12579760" />
</allocation-stats>
<gc-op id="389" type="mark" timems="1.671" contextid="386" timestamp="2019-07-07T05:36:06.906">
  <trace-info objectcount="7674" scancount="6916" scanbytes="251428" />
  <cardclean-info objects="513" bytes="32624" />
  <remembered-set-cleared processed="21615" cleared="2656" durationms="0.244" />
  <references type="soft" candidates="116" cleared="0" enqueued="0" dynamicThreshold="10" maxThreshold="32" />
  <references type="weak" candidates="269" cleared="9" enqueued="9" />
  <references type="phantom" candidates="1" cleared="0" enqueued="0" />
  <stringconstants candidates="12254" cleared="3"  />
  <warning details="Mark invoked due to insufficient free space for Copy-Forward" />
</gc-op>
<gc-op id="390" type="classunload" timems="0.361" contextid="386" timestamp="2019-07-07T05:36:06.907">
  <classunload-info classloadercandidates="30" classloadersunloaded="1" classesunloaded="1" anonymousclassesunloaded="0" quiescems="0.000" setupms="0.350" scanms="0.007" postms="0.004" />
</gc-op>
<gc-op id="391" type="sweep" timems="0.501" contextid="386" timestamp="2019-07-07T05:36:06.907" />
<gc-op id="392" type="compact" timems="1.835" contextid="386" timestamp="2019-07-07T05:36:06.910">
  <compact-info movecount="7366" movebytes="541608" />
  <remembered-set-cleared processed="43451" cleared="5498" durationms="0.244" />
</gc-op>
<gc-end id="393" type="partial gc" contextid="386" durationms="6.018" usertimems="4.000" systemtimems="0.000" timestamp="2019-07-07T05:36:06.910" activeThreads="4">
  <mem-info id="394" free="12582912" total="37748736" percent="33">
    <mem type="eden" free="863296" total="1048576" percent="82" />
    <pending-finalizers system="0" default="0" reference="9" classloader="0" />
    <remembered-set count="22816" freebytes="1415552" totalbytes="1506816" percent="93" regionsoverflowed="0" regionsstable="0" regionsrebuilding="0"/>
  </mem-info>
</gc-end>
<cycle-end id="395" type="partial gc" contextid="386" timestamp="2019-07-07T05:36:06.910" />
  <attribute name="elasticGC enabled" value="1" />
  <attribute name= "numThreadsSpecified" value="4" />
  <attribute name="heapSize specified" value="0" />
  <attribute name="Current GC Util" value="24" />
  <attribute name= "Current Time Running" value="7602" />
  <attribute name ="GC Interval" value="0" />
  <attribute name="ProportionalT" value="2.000000" />
  <attribute name="ProportionalI" value="2.000000" />
  <attribute name="ProportionalH" value="2.000000" />
  <attribute name="Current Error" value="4.000000" />
  <attribute name="IntegralT" value="2.000000" />
  <attribute name="IntegralI" value="2.000000" />
  <attribute name="IntegralH" value="2.000000" />
  <attribute name="DerivativeT" value="4.000000" />
  <attribute name="DerivativeI" value="4.000000" />
  <attribute name="DerivativeH" value="4.000000" />
  <attribute name="Loop Time for DT" value="1.000000" />
  <attribute name="Output H" value="8388608"/>
  <attribute name="Output I" value="200"/>
  <attribute name="Output T" value="4"/>
  <attribute name="Target GC Util Change" value ="20.000000" />
  <attribute name="Current GC Util Change" value="24.000000"/>
  <attribute name="GC Util currently" value="24" />
  <attribute name="CPU Util currently" value="6041496868301" />
<exclusive-end id="396" timestamp="2019-07-07T05:36:06.910" durationms="7.075" />

<exclusive-start id="397" timestamp="2019-07-07T05:36:06.958" intervalms="54.641">
  <response-info timems="0.030" idlems="0.030" threads="0" lastid="000000000096B700" lastname="main" />
</exclusive-start>
<allocation-taxation id="398" taxation-threshold="12582912" timestamp="2019-07-07T05:36:06.958" intervalms="54.684" />
<cycle-start id="399" type="partial gc" contextid="0" timestamp="2019-07-07T05:36:06.958" intervalms="54.667" />
<gc-start id="400" type="partial gc" contextid="399" timestamp="2019-07-07T05:36:06.959">
  <mem-info id="401" free="0" total="37748736" percent="0">
    <mem type="eden" free="0" total="12582912" percent="0" />
    <remembered-set count="22624" freebytes="1416320" totalbytes="1506816" percent="93" regionsoverflowed="0" regionsstable="0" regionsrebuilding="0"/>
  </mem-info>
</gc-start>
<allocation-stats totalBytes="12580344" >
  <allocated-bytes non-tlh="613656" tlh="11966688" arrayletleaf="0"/>
  <largest-consumer threadName="main" threadId="000000000096B700" bytes="12580344" />
</allocation-stats>
<gc-op id="402" type="mark" timems="2.371" contextid="399" timestamp="2019-07-07T05:36:06.962">
  <trace-info objectcount="17266" scancount="15525" scanbytes="594020" />
  <cardclean-info objects="1910" bytes="106856" />
  <remembered-set-cleared processed="20416" cleared="1191" durationms="0.170" />
  <references type="soft" candidates="94" cleared="0" enqueued="0" dynamicThreshold="10" maxThreshold="32" />
  <references type="weak" candidates="309" cleared="1" enqueued="1" />
  <references type="phantom" candidates="1" cleared="0" enqueued="0" />
  <stringconstants candidates="12324" cleared="0"  />
  <warning details="Mark invoked due to insufficient free space for Copy-Forward" />
</gc-op>
<gc-op id="403" type="classunload" timems="0.004" contextid="399" timestamp="2019-07-07T05:36:06.962">
  <classunload-info classloadercandidates="33" classloadersunloaded="0" classesunloaded="0" anonymousclassesunloaded="0" quiescems="0.000" setupms="0.004" scanms="0.000" postms="0.000" />
</gc-op>
<gc-op id="404" type="sweep" timems="0.402" contextid="399" timestamp="2019-07-07T05:36:06.962" />
<gc-op id="405" type="compact" timems="2.417" contextid="399" timestamp="2019-07-07T05:36:06.965">
  <compact-info movecount="16957" movebytes="948664" />
  <remembered-set-cleared processed="44763" cleared="6268" durationms="0.170" />
</gc-op>
<heap-resize id="406" type="expand" space="default" amount="2097152" count="1" timems="0.061" reason="insufficient free space following gc" timestamp="2019-07-07T05:36:06.965" />
<gc-end id="407" type="partial gc" contextid="399" durationms="6.877" usertimems="8.000" systemtimems="0.000" timestamp="2019-07-07T05:36:06.965" activeThreads="4">
  <mem-info id="408" free="13631488" total="39845888" percent="34">
    <mem type="eden" free="242664" total="1048576" percent="23" />
    <pending-finalizers system="0" default="0" reference="1" classloader="0" />
    <remembered-set count="24768" freebytes="1491456" totalbytes="1590528" percent="93" regionsoverflowed="0" regionsstable="0" regionsrebuilding="0"/>
  </mem-info>
</gc-end>
<cycle-end id="409" type="partial gc" contextid="399" timestamp="2019-07-07T05:36:06.966" />
  <attribute name="elasticGC enabled" value="1" />
  <attribute name= "numThreadsSpecified" value="4" />
  <attribute name="heapSize specified" value="0" />
  <attribute name="Current GC Util" value="23" />
  <attribute name= "Current Time Running" value="7657" />
  <attribute name ="GC Interval" value="0" />
  <attribute name="ProportionalT" value="1.500000" />
  <attribute name="ProportionalI" value="1.500000" />
  <attribute name="ProportionalH" value="1.500000" />
  <attribute name="Current Error" value="3.000000" />
  <attribute name="IntegralT" value="1.500000" />
  <attribute name="IntegralI" value="1.500000" />
  <attribute name="IntegralH" value="1.500000" />
  <attribute name="DerivativeT" value="-53.000000" />
  <attribute name="DerivativeI" value="-53.000000" />
  <attribute name="DerivativeH" value="-53.000000" />
  <attribute name="Loop Time for DT" value="1.000000" />
  <attribute name="Output H" value="2091843584"/>
  <attribute name="Output I" value="200"/>
  <attribute name="Output T" value="4"/>
  <attribute name="Target GC Util Change" value ="20.000000" />
  <attribute name="Current GC Util Change" value="23.000000"/>
  <attribute name="GC Util currently" value="23" />
  <attribute name="CPU Util currently" value="7199336235563" />
<exclusive-end id="410" timestamp="2019-07-07T05:36:06.966" durationms="8.014" />

<exclusive-start id="411" timestamp="2019-07-07T05:36:07.015" intervalms="57.529">
  <response-info timems="0.044" idlems="0.044" threads="0" lastid="000000000096B700" lastname="main" />
</exclusive-start>
<allocation-taxation id="412" taxation-threshold="13631488" timestamp="2019-07-07T05:36:07.016" intervalms="57.564" />
<cycle-start id="413" type="partial gc" contextid="0" timestamp="2019-07-07T05:36:07.016" intervalms="57.552" />
<gc-start id="414" type="partial gc" contextid="413" timestamp="2019-07-07T05:36:07.016">
  <mem-info id="415" free="0" total="39845888" percent="0">
    <mem type="eden" free="0" total="13631488" percent="0" />
    <remembered-set count="24416" freebytes="1492864" totalbytes="1590528" percent="93" regionsoverflowed="0" regionsstable="0" regionsrebuilding="0"/>
  </mem-info>
</gc-start>
<allocation-stats totalBytes="13628768" >
  <allocated-bytes non-tlh="617312" tlh="13011456" arrayletleaf="0"/>
  <largest-consumer threadName="main" threadId="000000000096B700" bytes="13628768" />
</allocation-stats>
<gc-op id="416" type="mark" timems="2.254" contextid="413" timestamp="2019-07-07T05:36:07.019">
  <trace-info objectcount="20053" scancount="18147" scanbytes="807372" />
  <cardclean-info objects="857" bytes="49760" />
  <remembered-set-cleared processed="22244" cleared="2157" durationms="0.256" />
  <references type="soft" candidates="39" cleared="0" enqueued="0" dynamicThreshold="10" maxThreshold="32" />
  <references type="weak" candidates="150" cleared="2" enqueued="2" />
  <references type="phantom" candidates="1" cleared="0" enqueued="0" />
  <stringconstants candidates="12470" cleared="0"  />
  <warning details="Mark invoked due to insufficient free space for Copy-Forward" />
</gc-op>
<gc-op id="417" type="classunload" timems="0.003" contextid="413" timestamp="2019-07-07T05:36:07.019">
  <classunload-info classloadercandidates="36" classloadersunloaded="0" classesunloaded="0" anonymousclassesunloaded="0" quiescems="0.000" setupms="0.003" scanms="0.000" postms="0.000" />
</gc-op>
<gc-op id="418" type="sweep" timems="0.505" contextid="413" timestamp="2019-07-07T05:36:07.020" />
<gc-op id="419" type="compact" timems="2.802" contextid="413" timestamp="2019-07-07T05:36:07.023">
  <compact-info movecount="20053" movebytes="1165576" />
  <remembered-set-cleared processed="46545" cleared="6309" durationms="0.256" />
</gc-op>
<heap-resize id="420" type="expand" space="default" amount="1048576" count="1" timems="0.063" reason="insufficient free space following gc" timestamp="2019-07-07T05:36:07.023" />
<gc-end id="421" type="partial gc" contextid="413" durationms="7.574" usertimems="8.000" systemtimems="0.000" timestamp="2019-07-07T05:36:07.024" activeThreads="4">
  <mem-info id="422" free="13631488" total="40894464" percent="33">
    <mem type="eden" free="88368" total="1048576" percent="8" />
    <pending-finalizers system="0" default="0" reference="2" classloader="0" />
    <remembered-set count="25728" freebytes="1529472" totalbytes="1632384" percent="93" regionsoverflowed="0" regionsstable="0" regionsrebuilding="0"/>
  </mem-info>
</gc-end>
<cycle-end id="423" type="partial gc" contextid="413" timestamp="2019-07-07T05:36:07.024" />
  <attribute name="elasticGC enabled" value="1" />
  <attribute name= "numThreadsSpecified" value="4" />
  <attribute name="heapSize specified" value="0" />
  <attribute name="Current GC Util" value="23" />
  <attribute name= "Current Time Running" value="7715" />
  <attribute name ="GC Interval" value="0" />
  <attribute name="ProportionalT" value="1.500000" />
  <attribute name="ProportionalI" value="1.500000" />
  <attribute name="ProportionalH" value="1.500000" />
  <attribute name="Current Error" value="3.000000" />
  <attribute name="IntegralT" value="1.500000" />
  <attribute name="IntegralI" value="1.500000" />
  <attribute name="IntegralH" value="1.500000" />
  <attribute name="DerivativeT" value="3.000000" />
  <attribute name="DerivativeI" value="3.000000" />
  <attribute name="DerivativeH" value="3.000000" />
  <attribute name="Loop Time for DT" value="1.000000" />
  <attribute name="Output H" value="8388608"/>
  <attribute name="Output I" value="200"/>
  <attribute name="Output T" value="4"/>
  <attribute name="Target GC Util Change" value ="20.000000" />
  <attribute name="Current GC Util Change" value="23.000000"/>
  <attribute name="GC Util currently" value="23" />
  <attribute name="CPU Util currently" value="5789291606545" />
<exclusive-end id="424" timestamp="2019-07-07T05:36:07.024" durationms="8.570" />

<exclusive-start id="425" timestamp="2019-07-07T05:36:07.056" intervalms="40.594">
  <response-info timems="0.027" idlems="0.027" threads="0" lastid="000000000096B700" lastname="main" />
</exclusive-start>
<allocation-taxation id="426" taxation-threshold="13631488" timestamp="2019-07-07T05:36:07.056" intervalms="40.520" />
<cycle-start id="427" type="partial gc" contextid="0" timestamp="2019-07-07T05:36:07.056" intervalms="40.539" />
<gc-start id="428" type="partial gc" contextid="427" timestamp="2019-07-07T05:36:07.057">
  <mem-info id="429" free="0" total="40894464" percent="0">
    <mem type="eden" free="0" total="13631488" percent="0" />
    <remembered-set count="25376" freebytes="1530880" totalbytes="1632384" percent="93" regionsoverflowed="0" regionsstable="0" regionsrebuilding="0"/>
  </mem-info>
</gc-start>
<allocation-stats totalBytes="13629768" >
  <allocated-bytes non-tlh="200784" tlh="13428984" arrayletleaf="0"/>
  <largest-consumer threadName="main" threadId="000000000096B700" bytes="13625672" />
</allocation-stats>
<gc-op id="430" type="mark" timems="1.548" contextid="427" timestamp="2019-07-07T05:36:07.059">
  <trace-info objectcount="8982" scancount="8292" scanbytes="400176" />
  <cardclean-info objects="222" bytes="19120" />
  <remembered-set-cleared processed="23037" cleared="1500" durationms="0.256" />
  <references type="soft" candidates="37" cleared="0" enqueued="0" dynamicThreshold="10" maxThreshold="32" />
  <references type="weak" candidates="89" cleared="0" enqueued="0" />
  <references type="phantom" candidates="1" cleared="0" enqueued="0" />
  <stringconstants candidates="12481" cleared="0"  />
  <warning details="Mark invoked due to insufficient free space for Copy-Forward" />
</gc-op>
<gc-op id="431" type="classunload" timems="0.003" contextid="427" timestamp="2019-07-07T05:36:07.059">
  <classunload-info classloadercandidates="37" classloadersunloaded="0" classesunloaded="0" anonymousclassesunloaded="0" quiescems="0.000" setupms="0.003" scanms="0.000" postms="0.000" />
</gc-op>
<gc-op id="432" type="sweep" timems="0.497" contextid="427" timestamp="2019-07-07T05:36:07.059" />
<gc-op id="433" type="compact" timems="2.448" contextid="427" timestamp="2019-07-07T05:36:07.062">
  <compact-info movecount="8982" movebytes="752104" />
  <remembered-set-cleared processed="46209" cleared="3111" durationms="0.256" />
</gc-op>
<heap-resize id="434" type="expand" space="default" amount="2097152" count="1" timems="0.068" reason="insufficient free space following gc" timestamp="2019-07-07T05:36:07.062" />
<gc-end id="435" type="partial gc" contextid="427" durationms="6.111" usertimems="8.000" systemtimems="0.000" timestamp="2019-07-07T05:36:07.063" activeThreads="4">
  <mem-info id="436" free="14680064" total="42991616" percent="34">
    <mem type="eden" free="360504" total="1048576" percent="34" />
    <remembered-set count="25152" freebytes="1615488" totalbytes="1716096" percent="94" regionsoverflowed="0" regionsstable="0" regionsrebuilding="0"/>
  </mem-info>
</gc-end>
<cycle-end id="437" type="partial gc" contextid="427" timestamp="2019-07-07T05:36:07.063" />
  <attribute name="elasticGC enabled" value="1" />
  <attribute name= "numThreadsSpecified" value="4" />
  <attribute name="heapSize specified" value="0" />
  <attribute name="Current GC Util" value="25" />
  <attribute name= "Current Time Running" value="7754" />
  <attribute name ="GC Interval" value="0" />
  <attribute name="ProportionalT" value="2.500000" />
  <attribute name="ProportionalI" value="2.500000" />
  <attribute name="ProportionalH" value="2.500000" />
  <attribute name="Current Error" value="5.000000" />
  <attribute name="IntegralT" value="2.500000" />
  <attribute name="IntegralI" value="2.500000" />
  <attribute name="IntegralH" value="2.500000" />
  <attribute name="DerivativeT" value="5.000000" />
  <attribute name="DerivativeI" value="5.000000" />
  <attribute name="DerivativeH" value="5.000000" />
  <attribute name="Loop Time for DT" value="1.000000" />
  <attribute name="Output H" value="8388608"/>
  <attribute name="Output I" value="200"/>
  <attribute name="Output T" value="4"/>
  <attribute name="Target GC Util Change" value ="20.000000" />
  <attribute name="Current GC Util Change" value="25.000000"/>
  <attribute name="GC Util currently" value="25" />
  <attribute name="CPU Util currently" value="6514794211083" />
<exclusive-end id="438" timestamp="2019-07-07T05:36:07.063" durationms="7.124" />

<exclusive-start id="439" timestamp="2019-07-07T05:36:07.101" intervalms="44.795">
  <response-info timems="0.061" idlems="0.061" threads="0" lastid="000000000096B700" lastname="main" />
</exclusive-start>
<allocation-taxation id="440" taxation-threshold="14680064" timestamp="2019-07-07T05:36:07.101" intervalms="44.798" />
<cycle-start id="441" type="partial gc" contextid="0" timestamp="2019-07-07T05:36:07.101" intervalms="44.811" />
<gc-start id="442" type="partial gc" contextid="441" timestamp="2019-07-07T05:36:07.101">
  <mem-info id="443" free="0" total="42991616" percent="0">
    <mem type="eden" free="360504" total="15728640" percent="2" />
    <remembered-set count="24992" freebytes="1616128" totalbytes="1716096" percent="94" regionsoverflowed="0" regionsstable="0" regionsrebuilding="0"/>
  </mem-info>
</gc-start>
<allocation-stats totalBytes="14678120" >
  <allocated-bytes non-tlh="200400" tlh="14477720" arrayletleaf="0"/>
  <largest-consumer threadName="main" threadId="000000000096B700" bytes="14678120" />
</allocation-stats>
<gc-op id="444" type="mark" timems="1.991" contextid="441" timestamp="2019-07-07T05:36:07.104">
  <trace-info objectcount="11155" scancount="10206" scanbytes="442244" />
  <cardclean-info objects="2253" bytes="109272" />
  <remembered-set-cleared processed="22146" cleared="2385" durationms="0.292" />
  <references type="soft" candidates="3" cleared="0" enqueued="0" dynamicThreshold="10" maxThreshold="32" />
  <references type="weak" candidates="34" cleared="0" enqueued="0" />
  <references type="phantom" candidates="1" cleared="0" enqueued="0" />
  <stringconstants candidates="12486" cleared="0"  />
  <warning details="Mark invoked due to insufficient free space for Copy-Forward" />
</gc-op>
<gc-op id="445" type="classunload" timems="0.003" contextid="441" timestamp="2019-07-07T05:36:07.104">
  <classunload-info classloadercandidates="38" classloadersunloaded="0" classesunloaded="0" anonymousclassesunloaded="0" quiescems="0.000" setupms="0.003" scanms="0.000" postms="0.000" />
</gc-op>
<gc-op id="446" type="sweep" timems="0.336" contextid="441" timestamp="2019-07-07T05:36:07.105" />
<gc-op id="447" type="compact" timems="2.609" contextid="441" timestamp="2019-07-07T05:36:07.107">
  <compact-info movecount="10969" movebytes="564760" />
  <remembered-set-cleared processed="45571" cleared="6044" durationms="0.292" />
</gc-op>
<heap-resize id="448" type="expand" space="default" amount="1048576" count="1" timems="0.053" reason="insufficient free space following gc" timestamp="2019-07-07T05:36:07.108" />
<gc-end id="449" type="partial gc" contextid="441" durationms="6.307" usertimems="12.000" systemtimems="0.000" timestamp="2019-07-07T05:36:07.108" activeThreads="1">
  <mem-info id="450" free="14680064" total="44040192" percent="33">
    <mem type="eden" free="1585368" total="2097152" percent="75" />
    <remembered-set count="25728" freebytes="1655040" totalbytes="1757952" percent="94" regionsoverflowed="0" regionsstable="0" regionsrebuilding="0"/>
  </mem-info>
</gc-end>
<cycle-end id="451" type="partial gc" contextid="441" timestamp="2019-07-07T05:36:07.108" />
  <attribute name="elasticGC enabled" value="1" />
  <attribute name= "numThreadsSpecified" value="1" />
  <attribute name="heapSize specified" value="0" />
  <attribute name="Current GC Util" value="25" />
  <attribute name= "Current Time Running" value="7799" />
  <attribute name ="GC Interval" value="0" />
  <attribute name="ProportionalT" value="2.500000" />
  <attribute name="ProportionalI" value="2.500000" />
  <attribute name="ProportionalH" value="2.500000" />
  <attribute name="Current Error" value="5.000000" />
  <attribute name="IntegralT" value="0.000000" />
  <attribute name="IntegralI" value="0.000000" />
  <attribute name="IntegralH" value="0.000000" />
  <attribute name="DerivativeT" value="inf" />
  <attribute name="DerivativeI" value="inf" />
  <attribute name="DerivativeH" value="inf" />
  <attribute name="Loop Time for DT" value="0.000000" />
  <attribute name="Output H" value="8388608"/>
  <attribute name="Output I" value="200"/>
  <attribute name="Output T" value="1"/>
  <attribute name="Target GC Util Change" value ="20.000000" />
  <attribute name="Current GC Util Change" value="25.000000"/>
  <attribute name="GC Util currently" value="25" />
  <attribute name="CPU Util currently" value="8482135192200" />
<exclusive-end id="452" timestamp="2019-07-07T05:36:07.108" durationms="7.212" />

<exclusive-start id="453" timestamp="2019-07-07T05:36:07.134" intervalms="33.154">
  <response-info timems="0.020" idlems="0.020" threads="0" lastid="000000000096B700" lastname="main" />
</exclusive-start>
<allocation-taxation id="454" taxation-threshold="14680064" timestamp="2019-07-07T05:36:07.134" intervalms="33.139" />
<cycle-start id="455" type="partial gc" contextid="0" timestamp="2019-07-07T05:36:07.134" intervalms="33.153" />
<gc-start id="456" type="partial gc" contextid="455" timestamp="2019-07-07T05:36:07.135">
  <mem-info id="457" free="0" total="44040192" percent="0">
    <mem type="eden" free="542512" total="15728640" percent="3" />
    <remembered-set count="25376" freebytes="1656448" totalbytes="1757952" percent="94" regionsoverflowed="0" regionsstable="0" regionsrebuilding="0"/>
  </mem-info>
</gc-start>
<allocation-stats totalBytes="14678232" >
  <allocated-bytes non-tlh="202040" tlh="14476192" arrayletleaf="0"/>
  <largest-consumer threadName="main" threadId="000000000096B700" bytes="14678232" />
</allocation-stats>
<gc-op id="458" type="mark" timems="1.283" contextid="455" timestamp="2019-07-07T05:36:07.136">
  <trace-info objectcount="3548" scancount="3278" scanbytes="142080" />
  <cardclean-info objects="124" bytes="12588" />
  <remembered-set-cleared processed="22981" cleared="539" durationms="0.171" />
  <references type="soft" candidates="3" cleared="0" enqueued="0" dynamicThreshold="10" maxThreshold="32" />
  <references type="weak" candidates="22" cleared="0" enqueued="0" />
  <references type="phantom" candidates="1" cleared="0" enqueued="0" />
  <stringconstants candidates="12499" cleared="0"  />
  <warning details="Mark invoked due to insufficient free space for Copy-Forward" />
</gc-op>
<gc-op id="459" type="classunload" timems="0.003" contextid="455" timestamp="2019-07-07T05:36:07.136">
  <classunload-info classloadercandidates="39" classloadersunloaded="0" classesunloaded="0" anonymousclassesunloaded="0" quiescems="0.000" setupms="0.003" scanms="0.000" postms="0.000" />
</gc-op>
<gc-op id="460" type="sweep" timems="0.341" contextid="455" timestamp="2019-07-07T05:36:07.137" />
<gc-op id="461" type="compact" timems="1.519" contextid="455" timestamp="2019-07-07T05:36:07.139">
  <compact-info movecount="3386" movebytes="416832" />
  <remembered-set-cleared processed="46416" cleared="1527" durationms="0.171" />
</gc-op>
<heap-resize id="462" type="expand" space="default" amount="1048576" count="1" timems="0.064" reason="insufficient free space following gc" timestamp="2019-07-07T05:36:07.139" />
<gc-end id="463" type="partial gc" contextid="455" durationms="4.520" usertimems="4.000" systemtimems="0.000" timestamp="2019-07-07T05:36:07.139" activeThreads="4">
  <mem-info id="464" free="14680064" total="45088768" percent="32">
    <mem type="eden" free="1680320" total="2097152" percent="80" />
    <remembered-set count="25952" freebytes="1696000" totalbytes="1799808" percent="94" regionsoverflowed="0" regionsstable="0" regionsrebuilding="0"/>
  </mem-info>
</gc-end>
<cycle-end id="465" type="partial gc" contextid="455" timestamp="2019-07-07T05:36:07.139" />
  <attribute name="elasticGC enabled" value="1" />
  <attribute name= "numThreadsSpecified" value="4" />
  <attribute name="heapSize specified" value="0" />
  <attribute name="Current GC Util" value="23" />
  <attribute name= "Current Time Running" value="7832" />
  <attribute name ="GC Interval" value="0" />
  <attribute name="ProportionalT" value="1.500000" />
  <attribute name="ProportionalI" value="1.500000" />
  <attribute name="ProportionalH" value="1.500000" />
  <attribute name="Current Error" value="3.000000" />
  <attribute name="IntegralT" value="1.500000" />
  <attribute name="IntegralI" value="1.500000" />
  <attribute name="IntegralH" value="1.500000" />
  <attribute name="DerivativeT" value="-51.000000" />
  <attribute name="DerivativeI" value="-51.000000" />
  <attribute name="DerivativeH" value="-51.000000" />
  <attribute name="Loop Time for DT" value="1.000000" />
  <attribute name="Output H" value="2091843584"/>
  <attribute name="Output I" value="200"/>
  <attribute name="Output T" value="4"/>
  <attribute name="Target GC Util Change" value ="20.000000" />
  <attribute name="Current GC Util Change" value="23.000000"/>
  <attribute name="GC Util currently" value="23" />
  <attribute name="CPU Util currently" value="8484397931015" />
<exclusive-end id="466" timestamp="2019-07-07T05:36:07.140" durationms="5.550" />

<exclusive-start id="467" timestamp="2019-07-07T05:36:07.169" intervalms="35.162">
  <response-info timems="0.057" idlems="0.057" threads="0" lastid="000000000096B700" lastname="main" />
</exclusive-start>
<allocation-taxation id="468" taxation-threshold="14680064" timestamp="2019-07-07T05:36:07.169" intervalms="35.227" />
<cycle-start id="469" type="partial gc" contextid="0" timestamp="2019-07-07T05:36:07.169" intervalms="35.252" />
<gc-start id="470" type="partial gc" contextid="469" timestamp="2019-07-07T05:36:07.170">
  <mem-info id="471" free="0" total="45088768" percent="0">
    <mem type="eden" free="657656" total="15728640" percent="4" />
    <remembered-set count="25600" freebytes="1697408" totalbytes="1799808" percent="94" regionsoverflowed="0" regionsstable="0" regionsrebuilding="0"/>
  </mem-info>
</gc-start>
<allocation-stats totalBytes="14678200" >
  <allocated-bytes non-tlh="200456" tlh="14477744" arrayletleaf="0"/>
  <largest-consumer threadName="main" threadId="000000000096B700" bytes="14678200" />
</allocation-stats>
<gc-op id="472" type="mark" timems="2.391" contextid="469" timestamp="2019-07-07T05:36:07.173">
  <trace-info objectcount="16310" scancount="14537" scanbytes="638320" />
  <cardclean-info objects="4555" bytes="212676" />
  <remembered-set-cleared processed="22385" cleared="4118" durationms="0.302" />
  <references type="soft" candidates="13" cleared="0" enqueued="0" dynamicThreshold="10" maxThreshold="32" />
  <references type="weak" candidates="199" cleared="0" enqueued="0" />
  <references type="phantom" candidates="1" cleared="0" enqueued="0" />
  <stringconstants candidates="12505" cleared="0"  />
  <warning details="Mark invoked due to insufficient free space for Copy-Forward" />
</gc-op>
<gc-op id="473" type="classunload" timems="0.003" contextid="469" timestamp="2019-07-07T05:36:07.173">
  <classunload-info classloadercandidates="40" classloadersunloaded="0" classesunloaded="0" anonymousclassesunloaded="0" quiescems="0.000" setupms="0.003" scanms="0.000" postms="0.000" />
</gc-op>
<gc-op id="474" type="sweep" timems="0.488" contextid="469" timestamp="2019-07-07T05:36:07.174" />
<gc-op id="475" type="compact" timems="3.490" contextid="469" timestamp="2019-07-07T05:36:07.177">
  <compact-info movecount="15793" movebytes="1006608" />
  <remembered-set-cleared processed="45811" cleared="9267" durationms="0.302" />
</gc-op>
<heap-resize id="476" type="expand" space="default" amount="2097152" count="1" timems="0.059" reason="insufficient free space following gc" timestamp="2019-07-07T05:36:07.178" />
<gc-end id="477" type="partial gc" contextid="469" durationms="8.053" usertimems="8.000" systemtimems="0.000" timestamp="2019-07-07T05:36:07.178" activeThreads="1">
  <mem-info id="478" free="15728640" total="47185920" percent="33">
    <mem type="eden" free="1300536" total="2097152" percent="62" />
    <remembered-set count="25376" freebytes="1782016" totalbytes="1883520" percent="94" regionsoverflowed="0" regionsstable="0" regionsrebuilding="0"/>
  </mem-info>
</gc-end>
<cycle-end id="479" type="partial gc" contextid="469" timestamp="2019-07-07T05:36:07.178" />
  <attribute name="elasticGC enabled" value="1" />
  <attribute name= "numThreadsSpecified" value="1" />
  <attribute name="heapSize specified" value="0" />
  <attribute name="Current GC Util" value="25" />
  <attribute name= "Current Time Running" value="7868" />
  <attribute name ="GC Interval" value="0" />
  <attribute name="ProportionalT" value="2.500000" />
  <attribute name="ProportionalI" value="2.500000" />
  <attribute name="ProportionalH" value="2.500000" />
  <attribute name="Current Error" value="5.000000" />
  <attribute name="IntegralT" value="0.000000" />
  <attribute name="IntegralI" value="0.000000" />
  <attribute name="IntegralH" value="0.000000" />
  <attribute name="DerivativeT" value="inf" />
  <attribute name="DerivativeI" value="inf" />
  <attribute name="DerivativeH" value="inf" />
  <attribute name="Loop Time for DT" value="0.000000" />
  <attribute name="Output H" value="8388608"/>
  <attribute name="Output I" value="200"/>
  <attribute name="Output T" value="1"/>
  <attribute name="Target GC Util Change" value ="20.000000" />
  <attribute name="Current GC Util Change" value="25.000000"/>
  <attribute name="GC Util currently" value="25" />
  <attribute name="CPU Util currently" value="6597972703377" />
<exclusive-end id="480" timestamp="2019-07-07T05:36:07.178" durationms="9.133" />

<exclusive-start id="481" timestamp="2019-07-07T05:36:07.207" intervalms="37.723">
  <response-info timems="0.018" idlems="0.018" threads="0" lastid="000000000096B700" lastname="main" />
</exclusive-start>
<allocation-taxation id="482" taxation-threshold="15728640" timestamp="2019-07-07T05:36:07.207" intervalms="37.618" />
<cycle-start id="483" type="partial gc" contextid="0" timestamp="2019-07-07T05:36:07.207" intervalms="37.612" />
<gc-start id="484" type="partial gc" contextid="483" timestamp="2019-07-07T05:36:07.207">
  <mem-info id="485" free="0" total="47185920" percent="0">
    <mem type="eden" free="0" total="15728640" percent="0" />
    <remembered-set count="25024" freebytes="1783424" totalbytes="1883520" percent="94" regionsoverflowed="0" regionsstable="0" regionsrebuilding="0"/>
  </mem-info>
</gc-start>
<allocation-stats totalBytes="15690576" >
  <allocated-bytes non-tlh="200648" tlh="15489928" arrayletleaf="0"/>
  <largest-consumer threadName="main" threadId="000000000096B700" bytes="15690576" />
</allocation-stats>
<gc-op id="486" type="mark" timems="2.148" contextid="483" timestamp="2019-07-07T05:36:07.210">
  <trace-info objectcount="5423" scancount="4872" scanbytes="190216" />
  <cardclean-info objects="4528" bytes="212384" />
  <remembered-set-cleared processed="22246" cleared="3642" durationms="0.200" />
  <references type="soft" candidates="13" cleared="0" enqueued="0" dynamicThreshold="10" maxThreshold="32" />
  <references type="weak" candidates="199" cleared="0" enqueued="0" />
  <references type="phantom" candidates="1" cleared="0" enqueued="0" />
  <stringconstants candidates="12513" cleared="0"  />
  <warning details="Mark invoked due to insufficient free space for Copy-Forward" />
</gc-op>
<gc-op id="487" type="classunload" timems="0.004" contextid="483" timestamp="2019-07-07T05:36:07.210">
  <classunload-info classloadercandidates="41" classloadersunloaded="0" classesunloaded="0" anonymousclassesunloaded="0" quiescems="0.000" setupms="0.003" scanms="0.000" postms="0.000" />
</gc-op>
<gc-op id="488" type="sweep" timems="0.494" contextid="483" timestamp="2019-07-07T05:36:07.211" />
<gc-op id="489" type="compact" timems="1.865" contextid="483" timestamp="2019-07-07T05:36:07.213">
  <compact-info movecount="4788" movebytes="491504" />
  <remembered-set-cleared processed="44747" cleared="7534" durationms="0.200" />
</gc-op>
<heap-resize id="490" type="expand" space="default" amount="3145728" count="1" timems="0.074" reason="insufficient free space following gc" timestamp="2019-07-07T05:36:07.214" />
<gc-end id="491" type="partial gc" contextid="483" durationms="6.314" usertimems="4.000" systemtimems="4.000" timestamp="2019-07-07T05:36:07.214" activeThreads="4">
  <mem-info id="492" free="17825792" total="50331648" percent="35">
    <mem type="eden" free="769712" total="1048576" percent="73" />
    <remembered-set count="25312" freebytes="1907840" totalbytes="2009088" percent="94" regionsoverflowed="0" regionsstable="0" regionsrebuilding="0"/>
  </mem-info>
</gc-end>
<cycle-end id="493" type="partial gc" contextid="483" timestamp="2019-07-07T05:36:07.214" />
  <attribute name="elasticGC enabled" value="1" />
  <attribute name= "numThreadsSpecified" value="4" />
  <attribute name="heapSize specified" value="0" />
  <attribute name="Current GC Util" value="21" />
  <attribute name= "Current Time Running" value="7906" />
  <attribute name ="GC Interval" value="0" />
  <attribute name="ProportionalT" value="0.500000" />
  <attribute name="ProportionalI" value="0.500000" />
  <attribute name="ProportionalH" value="0.500000" />
  <attribute name="Current Error" value="1.000000" />
  <attribute name="IntegralT" value="0.500000" />
  <attribute name="IntegralI" value="0.500000" />
  <attribute name="IntegralH" value="0.500000" />
  <attribute name="DerivativeT" value="-50.000000" />
  <attribute name="DerivativeI" value="-50.000000" />
  <attribute name="DerivativeH" value="-50.000000" />
  <attribute name="Loop Time for DT" value="1.000000" />
  <attribute name="Output H" value="2091843584"/>
  <attribute name="Output I" value="200"/>
  <attribute name="Output T" value="4"/>
  <attribute name="Target GC Util Change" value ="20.000000" />
  <attribute name="Current GC Util Change" value="21.000000"/>
  <attribute name="GC Util currently" value="21" />
  <attribute name="CPU Util currently" value="5942281737265" />
<exclusive-end id="494" timestamp="2019-07-07T05:36:07.214" durationms="7.305" />

<exclusive-start id="495" timestamp="2019-07-07T05:36:07.253" intervalms="46.619">
  <response-info timems="0.027" idlems="0.027" threads="0" lastid="000000000096B700" lastname="main" />
</exclusive-start>
<allocation-taxation id="496" taxation-threshold="17825792" timestamp="2019-07-07T05:36:07.254" intervalms="46.675" />
<cycle-start id="497" type="partial gc" contextid="0" timestamp="2019-07-07T05:36:07.254" intervalms="46.630" />
<gc-start id="498" type="partial gc" contextid="497" timestamp="2019-07-07T05:36:07.254">
  <mem-info id="499" free="0" total="50331648" percent="0">
    <mem type="eden" free="769712" total="18874368" percent="4" />
    <remembered-set count="25248" freebytes="1908096" totalbytes="2009088" percent="94" regionsoverflowed="0" regionsstable="0" regionsrebuilding="0"/>
  </mem-info>
</gc-start>
<allocation-stats totalBytes="17823888" >
  <allocated-bytes non-tlh="601536" tlh="17222352" arrayletleaf="0"/>
  <largest-consumer threadName="main" threadId="000000000096B700" bytes="17823888" />
</allocation-stats>
<gc-op id="500" type="mark" timems="1.341" contextid="497" timestamp="2019-07-07T05:36:07.256">
  <trace-info objectcount="7411" scancount="6872" scanbytes="320120" />
  <cardclean-info objects="184" bytes="14692" />
  <remembered-set-cleared processed="22861" cleared="233" durationms="0.270" />
  <references type="soft" candidates="4" cleared="0" enqueued="0" dynamicThreshold="11" maxThreshold="32" />
  <references type="weak" candidates="23" cleared="0" enqueued="0" />
  <references type="phantom" candidates="1" cleared="0" enqueued="0" />
  <stringconstants candidates="12538" cleared="0"  />
  <warning details="Mark invoked due to insufficient free space for Copy-Forward" />
</gc-op>
<gc-op id="501" type="classunload" timems="0.003" contextid="497" timestamp="2019-07-07T05:36:07.256">
  <classunload-info classloadercandidates="44" classloadersunloaded="0" classesunloaded="0" anonymousclassesunloaded="0" quiescems="0.000" setupms="0.003" scanms="0.000" postms="0.000" />
</gc-op>
<gc-op id="502" type="sweep" timems="0.340" contextid="497" timestamp="2019-07-07T05:36:07.256" />
<gc-op id="503" type="compact" timems="2.189" contextid="497" timestamp="2019-07-07T05:36:07.259">
  <compact-info movecount="7148" movebytes="586400" />
  <remembered-set-cleared processed="46863" cleared="1591" durationms="0.270" />
</gc-op>
<heap-resize id="504" type="expand" space="default" amount="9437184" count="1" timems="0.100" reason="excessive time being spent in gc" timestamp="2019-07-07T05:36:07.259" />
<gc-end id="505" type="partial gc" contextid="497" durationms="5.365" usertimems="8.000" systemtimems="0.000" timestamp="2019-07-07T05:36:07.259" activeThreads="1">
  <mem-info id="506" free="26214400" total="59768832" percent="43">
    <mem type="eden" free="1501384" total="2097152" percent="71" />
    <remembered-set count="26368" freebytes="2280320" totalbytes="2385792" percent="95" regionsoverflowed="0" regionsstable="0" regionsrebuilding="0"/>
  </mem-info>
</gc-end>
<cycle-end id="507" type="partial gc" contextid="497" timestamp="2019-07-07T05:36:07.260" />
  <attribute name="elasticGC enabled" value="1" />
  <attribute name= "numThreadsSpecified" value="1" />
  <attribute name="heapSize specified" value="0" />
  <attribute name="Current GC Util" value="25" />
  <attribute name= "Current Time Running" value="7951" />
  <attribute name ="GC Interval" value="0" />
  <attribute name="ProportionalT" value="2.500000" />
  <attribute name="ProportionalI" value="2.500000" />
  <attribute name="ProportionalH" value="2.500000" />
  <attribute name="Current Error" value="5.000000" />
  <attribute name="IntegralT" value="0.000000" />
  <attribute name="IntegralI" value="0.000000" />
  <attribute name="IntegralH" value="0.000000" />
  <attribute name="DerivativeT" value="inf" />
  <attribute name="DerivativeI" value="inf" />
  <attribute name="DerivativeH" value="inf" />
  <attribute name="Loop Time for DT" value="0.000000" />
  <attribute name="Output H" value="8388608"/>
  <attribute name="Output I" value="200"/>
  <attribute name="Output T" value="1"/>
  <attribute name="Target GC Util Change" value ="20.000000" />
  <attribute name="Current GC Util Change" value="25.000000"/>
  <attribute name="GC Util currently" value="25" />
  <attribute name="CPU Util currently" value="8424432536946" />
<exclusive-end id="508" timestamp="2019-07-07T05:36:07.260" durationms="6.281" />

<exclusive-start id="509" timestamp="2019-07-07T05:36:07.297" intervalms="43.526">
  <response-info timems="0.029" idlems="0.029" threads="0" lastid="000000000096B700" lastname="main" />
</exclusive-start>
<allocation-taxation id="510" taxation-threshold="22020096" timestamp="2019-07-07T05:36:07.297" intervalms="43.554" />
<cycle-start id="511" type="partial gc" contextid="0" timestamp="2019-07-07T05:36:07.297" intervalms="43.557" />
<gc-start id="512" type="partial gc" contextid="511" timestamp="2019-07-07T05:36:07.298">
  <mem-info id="513" free="4194304" total="59768832" percent="7">
    <mem type="eden" free="0" total="22020096" percent="0" />
    <remembered-set count="26080" freebytes="2281472" totalbytes="2385792" percent="95" regionsoverflowed="0" regionsstable="0" regionsrebuilding="0"/>
  </mem-info>
</gc-start>
<allocation-stats totalBytes="22017640" >
  <allocated-bytes non-tlh="200384" tlh="21817256" arrayletleaf="0"/>
  <largest-consumer threadName="main" threadId="000000000096B700" bytes="22017640" />
</allocation-stats>
<gc-op id="514" type="copy forward" timems="2.698" contextid="511" timestamp="2019-07-07T05:36:07.301">
  <memory-copied type="eden" objects="11916" bytes="763416" bytesdiscarded="57160" />
  <memory-copied type="other" objects="516" bytes="18352" bytesdiscarded="448" />
  <memory-cardclean objects="147" bytes="13608" />
  <regions eden="21" other="1" />
  <remembered-set-cleared processed="23757" cleared="743" durationms="0.208" />
  <references type="soft" candidates="4" cleared="0" enqueued="0" dynamicThreshold="14" maxThreshold="32" />
  <references type="weak" candidates="17" cleared="0" enqueued="0" />
  <references type="phantom" candidates="1" cleared="0" enqueued="0" />
  <stringconstants candidates="12543" cleared="0"  />
</gc-op>
<gc-op id="515" type="classunload" timems="0.003" contextid="511" timestamp="2019-07-07T05:36:07.301">
  <classunload-info classloadercandidates="45" classloadersunloaded="0" classesunloaded="0" anonymousclassesunloaded="0" quiescems="0.000" setupms="0.003" scanms="0.000" postms="0.000" />
</gc-op>
<heap-resize id="516" type="expand" space="default" amount="10485760" count="1" timems="0.113" reason="excessive time being spent in gc" timestamp="2019-07-07T05:36:07.302" />
<gc-end id="517" type="partial gc" contextid="511" durationms="4.184" usertimems="4.000" systemtimems="0.000" timestamp="2019-07-07T05:36:07.302" activeThreads="4">
  <mem-info id="518" free="35651584" total="70254592" percent="50">
    <mem type="eden" free="227944" total="1048576" percent="21" />
    <remembered-set count="27456" freebytes="2694528" totalbytes="2804352" percent="96" regionsoverflowed="0" regionsstable="0" regionsrebuilding="0"/>
  </mem-info>
</gc-end>
<cycle-end id="519" type="partial gc" contextid="511" timestamp="2019-07-07T05:36:07.302" />
  <attribute name="elasticGC enabled" value="1" />
  <attribute name= "numThreadsSpecified" value="4" />
  <attribute name="heapSize specified" value="0" />
  <attribute name="Current GC Util" value="42" />
  <attribute name= "Current Time Running" value="7993" />
  <attribute name ="GC Interval" value="0" />
  <attribute name="ProportionalT" value="11.000000" />
  <attribute name="ProportionalI" value="11.000000" />
  <attribute name="ProportionalH" value="11.000000" />
  <attribute name="Current Error" value="22.000000" />
  <attribute name="IntegralT" value="11.000000" />
  <attribute name="IntegralI" value="11.000000" />
  <attribute name="IntegralH" value="11.000000" />
  <attribute name="DerivativeT" value="22.000000" />
  <attribute name="DerivativeI" value="22.000000" />
  <attribute name="DerivativeH" value="22.000000" />
  <attribute name="Loop Time for DT" value="1.000000" />
  <attribute name="Output H" value="8388608"/>
  <attribute name="Output I" value="200"/>
  <attribute name="Output T" value="4"/>
  <attribute name="Target GC Util Change" value ="20.000000" />
  <attribute name="Current GC Util Change" value="42.000000"/>
  <attribute name="GC Util currently" value="42" />
  <attribute name="CPU Util currently" value="15375720612213" />
<exclusive-end id="520" timestamp="2019-07-07T05:36:07.302" durationms="5.224" />

<exclusive-start id="521" timestamp="2019-07-07T05:36:07.364" intervalms="67.314">
  <response-info timems="0.028" idlems="0.028" threads="0" lastid="000000000096B700" lastname="main" />
</exclusive-start>
<allocation-taxation id="522" taxation-threshold="24117248" timestamp="2019-07-07T05:36:07.364" intervalms="67.313" />
<cycle-start id="523" type="partial gc" contextid="0" timestamp="2019-07-07T05:36:07.365" intervalms="67.408" />
<gc-start id="524" type="partial gc" contextid="523" timestamp="2019-07-07T05:36:07.365">
  <mem-info id="525" free="11534336" total="70254592" percent="16">
    <mem type="eden" free="0" total="24117248" percent="0" />
    <remembered-set count="27392" freebytes="2694784" totalbytes="2804352" percent="96" regionsoverflowed="0" regionsstable="0" regionsrebuilding="0"/>
  </mem-info>
</gc-start>
<allocation-stats totalBytes="24113200" >
  <allocated-bytes non-tlh="1002488" tlh="23110712" arrayletleaf="0"/>
  <largest-consumer threadName="main" threadId="000000000096B700" bytes="24113200" />
</allocation-stats>
<gc-op id="526" type="copy forward" timems="2.591" contextid="523" timestamp="2019-07-07T05:36:07.368">
  <memory-copied type="eden" objects="13757" bytes="832048" bytesdiscarded="0" />
  <memory-copied type="other" objects="139" bytes="4872" bytesdiscarded="0" />
  <memory-cardclean objects="171" bytes="14416" />
  <regions eden="23" other="1" />
  <remembered-set-cleared processed="24107" cleared="875" durationms="0.284" />
  <references type="soft" candidates="4" cleared="0" enqueued="0" dynamicThreshold="16" maxThreshold="32" />
  <references type="weak" candidates="28" cleared="0" enqueued="0" />
  <references type="phantom" candidates="1" cleared="0" enqueued="0" />
  <stringconstants candidates="12578" cleared="4"  />
</gc-op>
<gc-op id="527" type="classunload" timems="0.417" contextid="523" timestamp="2019-07-07T05:36:07.369">
  <classunload-info classloadercandidates="50" classloadersunloaded="2" classesunloaded="2" anonymousclassesunloaded="0" quiescems="0.000" setupms="0.403" scanms="0.009" postms="0.005" />
</gc-op>
<gc-end id="528" type="partial gc" contextid="523" durationms="4.224" usertimems="4.000" systemtimems="0.000" timestamp="2019-07-07T05:36:07.369" activeThreads="1">
  <mem-info id="529" free="34603008" total="70254592" percent="49">
    <mem type="eden" free="216424" total="1048576" percent="20" />
    <remembered-set count="27936" freebytes="2692608" totalbytes="2804352" percent="96" regionsoverflowed="0" regionsstable="0" regionsrebuilding="0"/>
  </mem-info>
</gc-end>
<cycle-end id="530" type="partial gc" contextid="523" timestamp="2019-07-07T05:36:07.369" />
  <attribute name="elasticGC enabled" value="1" />
  <attribute name= "numThreadsSpecified" value="1" />
  <attribute name="heapSize specified" value="0" />
  <attribute name="Current GC Util" value="41" />
  <attribute name= "Current Time Running" value="8060" />
  <attribute name ="GC Interval" value="0" />
  <attribute name="ProportionalT" value="10.500000" />
  <attribute name="ProportionalI" value="10.500000" />
  <attribute name="ProportionalH" value="10.500000" />
  <attribute name="Current Error" value="21.000000" />
  <attribute name="IntegralT" value="0.000000" />
  <attribute name="IntegralI" value="0.000000" />
  <attribute name="IntegralH" value="0.000000" />
  <attribute name="DerivativeT" value="inf" />
  <attribute name="DerivativeI" value="inf" />
  <attribute name="DerivativeH" value="inf" />
  <attribute name="Loop Time for DT" value="0.000000" />
  <attribute name="Output H" value="8388608"/>
  <attribute name="Output I" value="200"/>
  <attribute name="Output T" value="1"/>
  <attribute name="Target GC Util Change" value ="20.000000" />
  <attribute name="Current GC Util Change" value="41.000000"/>
  <attribute name="GC Util currently" value="41" />
  <attribute name="CPU Util currently" value="15292916464419" />
<exclusive-end id="531" timestamp="2019-07-07T05:36:07.370" durationms="5.367" />

<exclusive-start id="532" timestamp="2019-07-07T05:36:07.416" intervalms="51.279">
  <response-info timems="0.033" idlems="0.033" threads="0" lastid="000000000096B700" lastname="main" />
</exclusive-start>
<allocation-taxation id="533" taxation-threshold="24117248" timestamp="2019-07-07T05:36:07.416" intervalms="51.266" />
<cycle-start id="534" type="partial gc" contextid="0" timestamp="2019-07-07T05:36:07.416" intervalms="51.182" />
<gc-start id="535" type="partial gc" contextid="534" timestamp="2019-07-07T05:36:07.416">
  <mem-info id="536" free="10485760" total="70254592" percent="14">
    <mem type="eden" free="0" total="24117248" percent="0" />
    <remembered-set count="27552" freebytes="2694144" totalbytes="2804352" percent="96" regionsoverflowed="0" regionsstable="0" regionsrebuilding="0"/>
  </mem-info>
</gc-start>
<allocation-stats totalBytes="24114400" >
  <allocated-bytes non-tlh="266728" tlh="23847672" arrayletleaf="0"/>
  <largest-consumer threadName="main" threadId="000000000096B700" bytes="24114400" />
</allocation-stats>
<gc-op id="537" type="copy forward" timems="3.359" contextid="534" timestamp="2019-07-07T05:36:07.420">
  <memory-copied type="eden" objects="22052" bytes="1200064" bytesdiscarded="0" />
  <memory-copied type="other" objects="657" bytes="22088" bytesdiscarded="0" />
  <memory-cardclean objects="189" bytes="15088" />
  <regions eden="23" other="1" />
  <remembered-set-cleared processed="24348" cleared="1093" durationms="0.282" />
  <references type="soft" candidates="4" cleared="0" enqueued="0" dynamicThreshold="15" maxThreshold="32" />
  <references type="weak" candidates="40" cleared="0" enqueued="0" />
  <references type="phantom" candidates="1" cleared="0" enqueued="0" />
  <stringconstants candidates="12597" cleared="0"  />
</gc-op>
<gc-op id="538" type="classunload" timems="0.004" contextid="534" timestamp="2019-07-07T05:36:07.420">
  <classunload-info classloadercandidates="49" classloadersunloaded="0" classesunloaded="0" anonymousclassesunloaded="0" quiescems="0.000" setupms="0.004" scanms="0.000" postms="0.000" />
</gc-op>
<gc-end id="539" type="partial gc" contextid="534" durationms="4.479" usertimems="8.000" systemtimems="0.000" timestamp="2019-07-07T05:36:07.421" activeThreads="1">
  <mem-info id="540" free="32505856" total="70254592" percent="46">
    <mem type="eden" free="897032" total="2097152" percent="42" />
    <remembered-set count="28992" freebytes="2688384" totalbytes="2804352" percent="95" regionsoverflowed="0" regionsstable="0" regionsrebuilding="0"/>
  </mem-info>
</gc-end>
<cycle-end id="541" type="partial gc" contextid="534" timestamp="2019-07-07T05:36:07.421" />
  <attribute name="elasticGC enabled" value="1" />
  <attribute name= "numThreadsSpecified" value="1" />
  <attribute name="heapSize specified" value="0" />
  <attribute name="Current GC Util" value="45" />
  <attribute name= "Current Time Running" value="8111" />
  <attribute name ="GC Interval" value="0" />
  <attribute name="ProportionalT" value="12.500000" />
  <attribute name="ProportionalI" value="12.500000" />
  <attribute name="ProportionalH" value="12.500000" />
  <attribute name="Current Error" value="25.000000" />
  <attribute name="IntegralT" value="0.000000" />
  <attribute name="IntegralI" value="0.000000" />
  <attribute name="IntegralH" value="0.000000" />
  <attribute name="DerivativeT" value="inf" />
  <attribute name="DerivativeI" value="inf" />
  <attribute name="DerivativeH" value="inf" />
  <attribute name="Loop Time for DT" value="0.000000" />
  <attribute name="Output H" value="8388608"/>
  <attribute name="Output I" value="200"/>
  <attribute name="Output T" value="1"/>
  <attribute name="Target GC Util Change" value ="20.000000" />
  <attribute name="Current GC Util Change" value="45.000000"/>
  <attribute name="GC Util currently" value="45" />
  <attribute name="CPU Util currently" value="15568817067981" />
<exclusive-end id="542" timestamp="2019-07-07T05:36:07.421" durationms="5.420" />

<exclusive-start id="543" timestamp="2019-07-07T05:36:07.484" intervalms="67.948">
  <response-info timems="0.030" idlems="0.030" threads="0" lastid="000000000096B700" lastname="main" />
</exclusive-start>
<allocation-taxation id="544" taxation-threshold="24117248" timestamp="2019-07-07T05:36:07.484" intervalms="67.927" />
<cycle-start id="545" type="partial gc" contextid="0" timestamp="2019-07-07T05:36:07.484" intervalms="67.886" />
<gc-start id="546" type="partial gc" contextid="545" timestamp="2019-07-07T05:36:07.484">
  <mem-info id="547" free="8388608" total="70254592" percent="11">
    <mem type="eden" free="0" total="24117248" percent="0" />
    <remembered-set count="28576" freebytes="2690048" totalbytes="2804352" percent="95" regionsoverflowed="0" regionsstable="0" regionsrebuilding="0"/>
  </mem-info>
</gc-start>
<allocation-stats totalBytes="24113920" >
  <allocated-bytes non-tlh="604544" tlh="23509376" arrayletleaf="0"/>
  <largest-consumer threadName="main" threadId="000000000096B700" bytes="24113920" />
</allocation-stats>
<gc-op id="548" type="copy forward" timems="1.389" contextid="545" timestamp="2019-07-07T05:36:07.486">
  <memory-copied type="eden" objects="2055" bytes="316272" bytesdiscarded="0" />
  <memory-copied type="other" objects="380" bytes="12976" bytesdiscarded="0" />
  <memory-cardclean objects="180" bytes="14928" />
  <regions eden="23" other="2" />
  <remembered-set-cleared processed="25249" cleared="1733" durationms="0.289" />
  <references type="soft" candidates="4" cleared="0" enqueued="0" dynamicThreshold="14" maxThreshold="32" />
  <references type="weak" candidates="24" cleared="0" enqueued="0" />
  <references type="phantom" candidates="1" cleared="0" enqueued="0" />
  <stringconstants candidates="12675" cleared="0"  />
</gc-op>
<gc-op id="549" type="classunload" timems="0.003" contextid="545" timestamp="2019-07-07T05:36:07.486">
  <classunload-info classloadercandidates="52" classloadersunloaded="0" classesunloaded="0" anonymousclassesunloaded="0" quiescems="0.000" setupms="0.003" scanms="0.000" postms="0.000" />
</gc-op>
<gc-end id="550" type="partial gc" contextid="545" durationms="2.388" usertimems="0.000" systemtimems="0.000" timestamp="2019-07-07T05:36:07.486" activeThreads="1">
  <mem-info id="551" free="32505856" total="70254592" percent="46">
    <mem type="eden" free="732200" total="1048576" percent="69" />
    <remembered-set count="27776" freebytes="2693248" totalbytes="2804352" percent="96" regionsoverflowed="0" regionsstable="0" regionsrebuilding="0"/>
  </mem-info>
</gc-end>
<cycle-end id="552" type="partial gc" contextid="545" timestamp="2019-07-07T05:36:07.487" />
  <attribute name="elasticGC enabled" value="1" />
  <attribute name= "numThreadsSpecified" value="1" />
  <attribute name="heapSize specified" value="0" />
  <attribute name="Current GC Util" value="46" />
  <attribute name= "Current Time Running" value="8179" />
  <attribute name ="GC Interval" value="0" />
  <attribute name="ProportionalT" value="13.000000" />
  <attribute name="ProportionalI" value="13.000000" />
  <attribute name="ProportionalH" value="13.000000" />
  <attribute name="Current Error" value="26.000000" />
  <attribute name="IntegralT" value="0.000000" />
  <attribute name="IntegralI" value="0.000000" />
  <attribute name="IntegralH" value="0.000000" />
  <attribute name="DerivativeT" value="inf" />
  <attribute name="DerivativeI" value="inf" />
  <attribute name="DerivativeH" value="inf" />
  <attribute name="Loop Time for DT" value="0.000000" />
  <attribute name="Output H" value="8388608"/>
  <attribute name="Output I" value="200"/>
  <attribute name="Output T" value="1"/>
  <attribute name="Target GC Util Change" value ="20.000000" />
  <attribute name="Current GC Util Change" value="46.000000"/>
  <attribute name="GC Util currently" value="46" />
  <attribute name="CPU Util currently" value="19996817332544" />
<exclusive-end id="553" timestamp="2019-07-07T05:36:07.487" durationms="3.333" />

<exclusive-start id="554" timestamp="2019-07-07T05:36:07.693" intervalms="209.754">
  <response-info timems="0.026" idlems="0.026" threads="0" lastid="000000000096B700" lastname="main" />
</exclusive-start>
<allocation-taxation id="555" taxation-threshold="24117248" timestamp="2019-07-07T05:36:07.693" intervalms="209.825" />
<cycle-start id="556" type="partial gc" contextid="0" timestamp="2019-07-07T05:36:07.694" intervalms="209.913" />
<gc-start id="557" type="partial gc" contextid="556" timestamp="2019-07-07T05:36:07.694">
  <mem-info id="558" free="8388608" total="70254592" percent="11">
    <mem type="eden" free="0" total="24117248" percent="0" />
    <arraylet-primitive objects="1" leaves="1" largest="1" />
    <remembered-set count="27328" freebytes="2695040" totalbytes="2804352" percent="96" regionsoverflowed="0" regionsstable="0" regionsrebuilding="0"/>
  </mem-info>
</gc-start>
<allocation-stats totalBytes="24108624" >
  <allocated-bytes non-tlh="2379688" tlh="20680360" arrayletleaf="1048576"/>
  <largest-consumer threadName="main" threadId="000000000096B700" bytes="24108624" />
</allocation-stats>
<gc-op id="559" type="copy forward" timems="2.930" contextid="556" timestamp="2019-07-07T05:36:07.698">
  <memory-copied type="eden" objects="11732" bytes="1329660" bytesdiscarded="0" />
  <memory-copied type="other" objects="875" bytes="29120" bytesdiscarded="0" />
  <memory-cardclean objects="736" bytes="44896" />
  <regions eden="22" other="1" />
  <remembered-set-cleared processed="24116" cleared="819" durationms="0.324" />
  <finalization candidates="3" enqueued="2" />
  <references type="soft" candidates="780" cleared="0" enqueued="0" dynamicThreshold="14" maxThreshold="32" />
  <references type="weak" candidates="186" cleared="0" enqueued="0" />
  <references type="phantom" candidates="2" cleared="0" enqueued="0" />
  <stringconstants candidates="13318" cleared="0"  />
</gc-op>
<gc-op id="560" type="classunload" timems="0.003" contextid="556" timestamp="2019-07-07T05:36:07.698">
  <classunload-info classloadercandidates="55" classloadersunloaded="0" classesunloaded="0" anonymousclassesunloaded="0" quiescems="0.000" setupms="0.003" scanms="0.000" postms="0.000" />
</gc-op>
<heap-resize id="561" type="contract" space="default" amount="4194304" count="1" timems="0.051" reason="insufficient time being spent in gc" timestamp="2019-07-07T05:36:07.698" />
<gc-end id="562" type="partial gc" contextid="556" durationms="4.399" usertimems="4.000" systemtimems="0.000" timestamp="2019-07-07T05:36:07.698" activeThreads="1">
  <mem-info id="563" free="25165824" total="66060288" percent="38">
    <mem type="eden" free="766896" total="3145728" percent="24" />
    <arraylet-primitive objects="1" leaves="1" largest="1" />
    <pending-finalizers system="0" default="2" reference="0" classloader="0" />
    <remembered-set count="29088" freebytes="2688000" totalbytes="2804352" percent="95" regionsoverflowed="0" regionsstable="0" regionsrebuilding="0"/>
  </mem-info>
</gc-end>
<cycle-end id="564" type="partial gc" contextid="556" timestamp="2019-07-07T05:36:07.699" />
  <attribute name="elasticGC enabled" value="1" />
  <attribute name= "numThreadsSpecified" value="1" />
  <attribute name="heapSize specified" value="0" />
  <attribute name="Current GC Util" value="43" />
  <attribute name= "Current Time Running" value="8389" />
  <attribute name ="GC Interval" value="0" />
  <attribute name="ProportionalT" value="11.500000" />
  <attribute name="ProportionalI" value="11.500000" />
  <attribute name="ProportionalH" value="11.500000" />
  <attribute name="Current Error" value="23.000000" />
  <attribute name="IntegralT" value="0.000000" />
  <attribute name="IntegralI" value="0.000000" />
  <attribute name="IntegralH" value="0.000000" />
  <attribute name="DerivativeT" value="inf" />
  <attribute name="DerivativeI" value="inf" />
  <attribute name="DerivativeH" value="inf" />
  <attribute name="Loop Time for DT" value="0.000000" />
  <attribute name="Output H" value="8388608"/>
  <attribute name="Output I" value="200"/>
  <attribute name="Output T" value="1"/>
  <attribute name="Target GC Util Change" value ="20.000000" />
  <attribute name="Current GC Util Change" value="43.000000"/>
  <attribute name="GC Util currently" value="43" />
  <attribute name="CPU Util currently" value="15025008666320" />
<exclusive-end id="565" timestamp="2019-07-07T05:36:07.699" durationms="5.665" />

<exclusive-start id="566" timestamp="2019-07-07T05:36:07.988" intervalms="294.442">
  <response-info timems="0.034" idlems="0.034" threads="0" lastid="000000000096B700" lastname="main" />
</exclusive-start>
<allocation-taxation id="567" taxation-threshold="23068672" timestamp="2019-07-07T05:36:07.988" intervalms="294.469" />
<cycle-start id="568" type="partial gc" contextid="0" timestamp="2019-07-07T05:36:07.988" intervalms="294.548" />
<gc-start id="569" type="partial gc" contextid="568" timestamp="2019-07-07T05:36:07.989">
  <mem-info id="570" free="2097152" total="66060288" percent="3">
    <mem type="eden" free="0" total="23068672" percent="0" />
    <arraylet-primitive objects="1" leaves="1" largest="1" />
    <remembered-set count="28928" freebytes="2688640" totalbytes="2804352" percent="95" regionsoverflowed="0" regionsstable="0" regionsrebuilding="0"/>
  </mem-info>
</gc-start>
<allocation-stats totalBytes="23041600" >
  <allocated-bytes non-tlh="64" tlh="23041536" arrayletleaf="0"/>
  <largest-consumer threadName="main" threadId="000000000096B700" bytes="23037504" />
</allocation-stats>
<gc-op id="571" type="copy forward" timems="7.220" contextid="568" timestamp="2019-07-07T05:36:07.997">
  <memory-copied type="eden" objects="43295" bytes="1105472" bytesdiscarded="8" />
  <memory-copied type="other" objects="11571" bytes="1313524" bytesdiscarded="48" />
  <memory-cardclean objects="269" bytes="28512" />
  <regions eden="22" other="2" />
  <remembered-set-cleared processed="25591" cleared="1972" durationms="0.313" />
  <finalization candidates="1" enqueued="0" />
  <references type="soft" candidates="777" cleared="0" enqueued="0" dynamicThreshold="12" maxThreshold="32" />
  <references type="weak" candidates="178" cleared="0" enqueued="0" />
  <references type="phantom" candidates="2" cleared="0" enqueued="0" />
  <stringconstants candidates="13319" cleared="0"  />
  <heap-resize type="expand" space="default" amount="2097152" count="2" timems="0.106" reason="continue current collection" />
</gc-op>
<gc-op id="572" type="classunload" timems="0.005" contextid="568" timestamp="2019-07-07T05:36:07.997">
  <classunload-info classloadercandidates="55" classloadersunloaded="0" classesunloaded="0" anonymousclassesunloaded="0" quiescems="0.000" setupms="0.005" scanms="0.000" postms="0.000" />
</gc-op>
<heap-resize id="573" type="contract" space="default" amount="1048576" count="1" timems="0.151" reason="insufficient time being spent in gc" timestamp="2019-07-07T05:36:07.997" />
<gc-end id="574" type="partial gc" contextid="568" durationms="9.020" usertimems="8.000" systemtimems="0.000" timestamp="2019-07-07T05:36:07.998" activeThreads="1">
  <mem-info id="575" free="24117248" total="67108864" percent="35">
    <mem type="eden" free="991672" total="2097152" percent="47" />
    <arraylet-primitive objects="1" leaves="1" largest="1" />
    <remembered-set count="30784" freebytes="2597504" totalbytes="2720640" percent="95" regionsoverflowed="0" regionsstable="0" regionsrebuilding="0"/>
  </mem-info>
</gc-end>
<cycle-end id="576" type="partial gc" contextid="568" timestamp="2019-07-07T05:36:07.998" />
  <attribute name="elasticGC enabled" value="1" />
  <attribute name= "numThreadsSpecified" value="1" />
  <attribute name="heapSize specified" value="0" />
  <attribute name="Current GC Util" value="28" />
  <attribute name= "Current Time Running" value="8684" />
  <attribute name ="GC Interval" value="0" />
  <attribute name="ProportionalT" value="4.000000" />
  <attribute name="ProportionalI" value="4.000000" />
  <attribute name="ProportionalH" value="4.000000" />
  <attribute name="Current Error" value="8.000000" />
  <attribute name="IntegralT" value="0.000000" />
  <attribute name="IntegralI" value="0.000000" />
  <attribute name="IntegralH" value="0.000000" />
  <attribute name="DerivativeT" value="inf" />
  <attribute name="DerivativeI" value="inf" />
  <attribute name="DerivativeH" value="inf" />
  <attribute name="Loop Time for DT" value="0.000000" />
  <attribute name="Output H" value="8388608"/>
  <attribute name="Output I" value="200"/>
  <attribute name="Output T" value="1"/>
  <attribute name="Target GC Util Change" value ="20.000000" />
  <attribute name="Current GC Util Change" value="28.000000"/>
  <attribute name="GC Util currently" value="28" />
  <attribute name="CPU Util currently" value="9383740138739" />
<exclusive-end id="577" timestamp="2019-07-07T05:36:07.998" durationms="10.340" />

<exclusive-start id="578" timestamp="2019-07-07T05:36:08.097" intervalms="109.150">
  <response-info timems="0.033" idlems="0.033" threads="0" lastid="000000000096B700" lastname="main" />
</exclusive-start>
<allocation-taxation id="579" taxation-threshold="23068672" timestamp="2019-07-07T05:36:08.097" intervalms="109.200" />
<cycle-start id="580" type="partial gc" contextid="0" timestamp="2019-07-07T05:36:08.097" intervalms="109.155" />
<gc-start id="581" type="partial gc" contextid="580" timestamp="2019-07-07T05:36:08.098">
  <mem-info id="582" free="1048576" total="67108864" percent="1">
    <mem type="eden" free="0" total="23068672" percent="0" />
    <arraylet-primitive objects="1" leaves="1" largest="1" />
    <remembered-set count="30752" freebytes="2597632" totalbytes="2720640" percent="95" regionsoverflowed="0" regionsstable="0" regionsrebuilding="0"/>
  </mem-info>
</gc-start>
<allocation-stats totalBytes="23044144" >
  <allocated-bytes non-tlh="0" tlh="23044144" arrayletleaf="0"/>
  <largest-consumer threadName="main" threadId="000000000096B700" bytes="23044144" />
</allocation-stats>
<gc-op id="583" type="copy forward" timems="10.598" contextid="580" timestamp="2019-07-07T05:36:08.109">
  <memory-copied type="eden" objects="48154" bytes="1232960" bytesdiscarded="24" />
  <memory-copied type="other" objects="46557" bytes="2108012" bytesdiscarded="336" />
  <memory-cardclean objects="9206" bytes="402792" />
  <regions eden="22" other="3" />
  <remembered-set-cleared processed="26686" cleared="8564" durationms="0.323" />
  <finalization candidates="1" enqueued="0" />
  <references type="soft" candidates="201" cleared="0" enqueued="0" dynamicThreshold="11" maxThreshold="32" />
  <references type="weak" candidates="175" cleared="0" enqueued="0" />
  <references type="phantom" candidates="2" cleared="0" enqueued="0" />
  <stringconstants candidates="13319" cleared="0"  />
  <heap-resize type="expand" space="default" amount="4194304" count="4" timems="0.194" reason="continue current collection" />
</gc-op>
<gc-op id="584" type="classunload" timems="0.006" contextid="580" timestamp="2019-07-07T05:36:08.110">
  <classunload-info classloadercandidates="55" classloadersunloaded="0" classesunloaded="0" anonymousclassesunloaded="0" quiescems="0.000" setupms="0.005" scanms="0.000" postms="0.000" />
</gc-op>
<gc-op id="585" type="compact" timems="1.468" contextid="580" timestamp="2019-07-07T05:36:08.111">
  <compact-info movecount="0" movebytes="0" />
  <remembered-set-cleared processed="55618" cleared="8564" durationms="0.323" />
</gc-op>
<heap-resize id="586" type="contract" space="default" amount="1048576" count="1" timems="0.166" reason="insufficient time being spent in gc" timestamp="2019-07-07T05:36:08.112" />
<gc-end id="587" type="partial gc" contextid="580" durationms="14.221" usertimems="12.000" systemtimems="0.000" timestamp="2019-07-07T05:36:08.112" activeThreads="4">
  <mem-info id="588" free="25165824" total="70254592" percent="35">
    <mem type="eden" free="864168" total="2097152" percent="41" />
    <arraylet-primitive objects="1" leaves="1" largest="1" />
    <remembered-set count="31968" freebytes="2718336" totalbytes="2846208" percent="95" regionsoverflowed="0" regionsstable="0" regionsrebuilding="0"/>
  </mem-info>
</gc-end>
<cycle-end id="589" type="partial gc" contextid="580" timestamp="2019-07-07T05:36:08.112" />
  <attribute name="elasticGC enabled" value="1" />
  <attribute name= "numThreadsSpecified" value="4" />
  <attribute name="heapSize specified" value="0" />
  <attribute name="Current GC Util" value="0" />
  <attribute name= "Current Time Running" value="8804" />
  <attribute name ="GC Interval" value="0" />
  <attribute name="ProportionalT" value="-10.000000" />
  <attribute name="ProportionalI" value="-10.000000" />
  <attribute name="ProportionalH" value="-10.000000" />
  <attribute name="Current Error" value="-20.000000" />
  <attribute name="IntegralT" value="-110.000000" />
  <attribute name="IntegralI" value="-110.000000" />
  <attribute name="IntegralH" value="-110.000000" />
  <attribute name="DerivativeT" value="-2.727273" />
  <attribute name="DerivativeI" value="-2.727273" />
  <attribute name="DerivativeH" value="-2.727273" />
  <attribute name="Loop Time for DT" value="11.000000" />
  <attribute name="Output H" value="2091843584"/>
  <attribute name="Output I" value="200"/>
  <attribute name="Output T" value="4"/>
  <attribute name="Target GC Util Change" value ="20.000000" />
  <attribute name="Current GC Util Change" value="0.000000"/>
  <attribute name="GC Util currently" value="0" />
  <attribute name="CPU Util currently" value="416894527241" />
<exclusive-end id="590" timestamp="2019-07-07T05:36:08.112" durationms="15.543" />

<exclusive-start id="591" timestamp="2019-07-07T05:36:08.170" intervalms="73.093">
  <response-info timems="0.083" idlems="0.083" threads="0" lastid="000000000096B700" lastname="main" />
</exclusive-start>
<allocation-taxation id="592" taxation-threshold="24117248" timestamp="2019-07-07T05:36:08.170" intervalms="73.054" />
<cycle-start id="593" type="partial gc" contextid="0" timestamp="2019-07-07T05:36:08.170" intervalms="73.024" />
<gc-start id="594" type="partial gc" contextid="593" timestamp="2019-07-07T05:36:08.171">
  <mem-info id="595" free="1048576" total="70254592" percent="1">
    <mem type="eden" free="0" total="24117248" percent="0" />
    <arraylet-primitive objects="1" leaves="1" largest="1" />
    <remembered-set count="31648" freebytes="2719616" totalbytes="2846208" percent="95" regionsoverflowed="0" regionsstable="0" regionsrebuilding="0"/>
  </mem-info>
</gc-start>
<allocation-stats totalBytes="24092056" >
  <allocated-bytes non-tlh="0" tlh="24092056" arrayletleaf="0"/>
  <largest-consumer threadName="main" threadId="000000000096B700" bytes="24092056" />
</allocation-stats>
<gc-op id="596" type="copy forward" timems="12.400" contextid="593" timestamp="2019-07-07T05:36:08.184">
  <memory-copied type="eden" objects="49004" bytes="1223664" bytesdiscarded="0" />
  <memory-copied type="other" objects="90195" bytes="2279416" bytesdiscarded="520" />
  <memory-cardclean objects="294" bytes="7024" />
  <regions eden="23" other="3" />
  <remembered-set-cleared processed="28760" cleared="4131" durationms="0.308" />
  <stringconstants candidates="13319" cleared="0"  />
  <heap-resize type="expand" space="default" amount="4194304" count="4" timems="0.219" reason="continue current collection" />
</gc-op>
<gc-op id="597" type="classunload" timems="0.007" contextid="593" timestamp="2019-07-07T05:36:08.184">
  <classunload-info classloadercandidates="55" classloadersunloaded="0" classesunloaded="0" anonymousclassesunloaded="0" quiescems="0.000" setupms="0.007" scanms="0.000" postms="0.000" />
</gc-op>
<gc-op id="598" type="compact" timems="1.481" contextid="593" timestamp="2019-07-07T05:36:08.186">
  <compact-info movecount="0" movebytes="0" />
  <remembered-set-cleared processed="60622" cleared="4131" durationms="0.308" />
</gc-op>
<gc-end id="599" type="partial gc" contextid="593" durationms="15.704" usertimems="16.000" systemtimems="0.000" timestamp="2019-07-07T05:36:08.187" activeThreads="4">
  <mem-info id="600" free="27262976" total="74448896" percent="36">
    <mem type="eden" free="873488" total="2097152" percent="41" />
    <arraylet-primitive objects="1" leaves="1" largest="1" />
    <remembered-set count="34944" freebytes="2832000" totalbytes="2971776" percent="95" regionsoverflowed="0" regionsstable="0" regionsrebuilding="0"/>
  </mem-info>
</gc-end>
<cycle-end id="601" type="partial gc" contextid="593" timestamp="2019-07-07T05:36:08.187" />
  <attribute name="elasticGC enabled" value="1" />
  <attribute name= "numThreadsSpecified" value="4" />
  <attribute name="heapSize specified" value="0" />
  <attribute name="Current GC Util" value="0" />
  <attribute name= "Current Time Running" value="8879" />
  <attribute name ="GC Interval" value="0" />
  <attribute name="ProportionalT" value="-10.000000" />
  <attribute name="ProportionalI" value="-10.000000" />
  <attribute name="ProportionalH" value="-10.000000" />
  <attribute name="Current Error" value="-20.000000" />
  <attribute name="IntegralT" value="-130.000000" />
  <attribute name="IntegralI" value="-130.000000" />
  <attribute name="IntegralH" value="-130.000000" />
  <attribute name="DerivativeT" value="-1.923077" />
  <attribute name="DerivativeI" value="-1.923077" />
  <attribute name="DerivativeH" value="-1.923077" />
  <attribute name="Loop Time for DT" value="13.000000" />
  <attribute name="Output H" value="2091843584"/>
  <attribute name="Output I" value="200"/>
  <attribute name="Output T" value="4"/>
  <attribute name="Target GC Util Change" value ="20.000000" />
  <attribute name="Current GC Util Change" value="0.000000"/>
  <attribute name="GC Util currently" value="0" />
  <attribute name="CPU Util currently" value="359265522274" />
<exclusive-end id="602" timestamp="2019-07-07T05:36:08.187" durationms="17.100" />

<exclusive-start id="603" timestamp="2019-07-07T05:36:08.241" intervalms="70.752">
  <response-info timems="0.088" idlems="0.088" threads="0" lastid="000000000096B700" lastname="main" />
</exclusive-start>
<allocation-taxation id="604" taxation-threshold="25165824" timestamp="2019-07-07T05:36:08.241" intervalms="70.749" />
<cycle-start id="605" type="partial gc" contextid="0" timestamp="2019-07-07T05:36:08.241" intervalms="70.772" />
<gc-start id="606" type="partial gc" contextid="605" timestamp="2019-07-07T05:36:08.242">
  <mem-info id="607" free="2097152" total="74448896" percent="2">
    <mem type="eden" free="0" total="25165824" percent="0" />
    <arraylet-primitive objects="1" leaves="1" largest="1" />
    <remembered-set count="34624" freebytes="2833280" totalbytes="2971776" percent="95" regionsoverflowed="0" regionsstable="0" regionsrebuilding="0"/>
  </mem-info>
</gc-start>
<allocation-stats totalBytes="25140304" >
  <allocated-bytes non-tlh="65544" tlh="25074760" arrayletleaf="0"/>
  <largest-consumer threadName="main" threadId="000000000096B700" bytes="25140304" />
</allocation-stats>
<gc-op id="608" type="copy forward" timems="10.229" contextid="605" timestamp="2019-07-07T05:36:08.253">
  <memory-copied type="eden" objects="54319" bytes="1457640" bytesdiscarded="16" />
  <memory-copied type="other" objects="48850" bytes="1219104" bytesdiscarded="16" />
  <memory-cardclean objects="5185" bytes="207136" />
  <regions eden="24" other="2" />
  <remembered-set-cleared processed="31725" cleared="2837" durationms="0.359" />
  <stringconstants candidates="13319" cleared="0"  />
  <heap-resize type="expand" space="default" amount="2097152" count="2" timems="0.130" reason="continue current collection" />
</gc-op>
<gc-op id="609" type="classunload" timems="0.009" contextid="605" timestamp="2019-07-07T05:36:08.253">
  <classunload-info classloadercandidates="55" classloadersunloaded="0" classesunloaded="0" anonymousclassesunloaded="0" quiescems="0.000" setupms="0.009" scanms="0.000" postms="0.000" />
</gc-op>
<gc-op id="610" type="compact" timems="1.437" contextid="605" timestamp="2019-07-07T05:36:08.254">
  <compact-info movecount="0" movebytes="0" />
  <remembered-set-cleared processed="67581" cleared="2837" durationms="0.359" />
</gc-op>
<heap-resize id="611" type="expand" space="default" amount="13631488" count="1" timems="0.133" reason="excessive time being spent in gc" timestamp="2019-07-07T05:36:08.255" />
<gc-end id="612" type="partial gc" contextid="605" durationms="13.519" usertimems="28.000" systemtimems="0.000" timestamp="2019-07-07T05:36:08.255" activeThreads="4">
  <mem-info id="613" free="40894464" total="90177536" percent="45">
    <mem type="eden" free="639496" total="2097152" percent="30" />
    <arraylet-primitive objects="1" leaves="1" largest="1" />
    <remembered-set count="39168" freebytes="3442944" totalbytes="3599616" percent="95" regionsoverflowed="0" regionsstable="0" regionsrebuilding="0"/>
  </mem-info>
</gc-end>
<cycle-end id="614" type="partial gc" contextid="605" timestamp="2019-07-07T05:36:08.255" />
  <attribute name="elasticGC enabled" value="1" />
  <attribute name= "numThreadsSpecified" value="4" />
  <attribute name="heapSize specified" value="0" />
  <attribute name="Current GC Util" value="0" />
  <attribute name= "Current Time Running" value="8947" />
  <attribute name ="GC Interval" value="0" />
  <attribute name="ProportionalT" value="-10.000000" />
  <attribute name="ProportionalI" value="-10.000000" />
  <attribute name="ProportionalH" value="-10.000000" />
  <attribute name="Current Error" value="-20.000000" />
  <attribute name="IntegralT" value="-100.000000" />
  <attribute name="IntegralI" value="-100.000000" />
  <attribute name="IntegralH" value="-100.000000" />
  <attribute name="DerivativeT" value="-3.900000" />
  <attribute name="DerivativeI" value="-3.900000" />
  <attribute name="DerivativeH" value="-3.900000" />
  <attribute name="Loop Time for DT" value="10.000000" />
  <attribute name="Output H" value="2091843584"/>
  <attribute name="Output I" value="200"/>
  <attribute name="Output T" value="4"/>
  <attribute name="Target GC Util Change" value ="20.000000" />
  <attribute name="Current GC Util Change" value="0.000000"/>
  <attribute name="GC Util currently" value="0" />
  <attribute name="CPU Util currently" value="432328243231" />
<exclusive-end id="615" timestamp="2019-07-07T05:36:08.256" durationms="14.829" />

<exclusive-start id="616" timestamp="2019-07-07T05:36:08.317" intervalms="76.437">
  <response-info timems="0.086" idlems="0.086" threads="0" lastid="000000000096B700" lastname="main" />
</exclusive-start>
<allocation-taxation id="617" taxation-threshold="29360128" timestamp="2019-07-07T05:36:08.317" intervalms="76.395" />
<cycle-start id="618" type="partial gc" contextid="0" timestamp="2019-07-07T05:36:08.318" intervalms="76.413" />
<gc-start id="619" type="partial gc" contextid="618" timestamp="2019-07-07T05:36:08.318">
  <mem-info id="620" free="11534336" total="90177536" percent="12">
    <mem type="eden" free="0" total="29360128" percent="0" />
    <arraylet-primitive objects="1" leaves="1" largest="1" />
    <remembered-set count="38944" freebytes="3443840" totalbytes="3599616" percent="95" regionsoverflowed="0" regionsstable="0" regionsrebuilding="0"/>
  </mem-info>
</gc-start>
<allocation-stats totalBytes="29328456" >
  <allocated-bytes non-tlh="0" tlh="29328456" arrayletleaf="0"/>
  <largest-consumer threadName="main" threadId="000000000096B700" bytes="29328456" />
</allocation-stats>
<gc-op id="621" type="copy forward" timems="10.459" contextid="618" timestamp="2019-07-07T05:36:08.329">
  <memory-copied type="eden" objects="60270" bytes="1482144" bytesdiscarded="57672" />
  <memory-copied type="other" objects="93715" bytes="2431320" bytesdiscarded="69000" />
  <memory-cardclean objects="6984" bytes="195400" />
  <regions eden="28" other="3" />
  <remembered-set-cleared processed="35262" cleared="5614" durationms="0.254" />
  <stringconstants candidates="13319" cleared="0"  />
</gc-op>
<gc-op id="622" type="classunload" timems="0.007" contextid="618" timestamp="2019-07-07T05:36:08.329">
  <classunload-info classloadercandidates="55" classloadersunloaded="0" classesunloaded="0" anonymousclassesunloaded="0" quiescems="0.000" setupms="0.007" scanms="0.000" postms="0.000" />
</gc-op>
<heap-resize id="623" type="expand" space="default" amount="15728640" count="1" timems="0.143" reason="excessive time being spent in gc" timestamp="2019-07-07T05:36:08.330" />
<gc-end id="624" type="partial gc" contextid="618" durationms="11.929" usertimems="20.000" systemtimems="0.000" timestamp="2019-07-07T05:36:08.330" activeThreads="4">
  <mem-info id="625" free="54525952" total="105906176" percent="51">
    <mem type="eden" free="557336" total="2097152" percent="26" />
    <arraylet-primitive objects="1" leaves="1" largest="1" />
    <remembered-set count="43648" freebytes="4052864" totalbytes="4227456" percent="95" regionsoverflowed="0" regionsstable="0" regionsrebuilding="0"/>
  </mem-info>
</gc-end>
<cycle-end id="626" type="partial gc" contextid="618" timestamp="2019-07-07T05:36:08.330" />
  <attribute name="elasticGC enabled" value="1" />
  <attribute name= "numThreadsSpecified" value="4" />
  <attribute name="heapSize specified" value="0" />
  <attribute name="Current GC Util" value="0" />
  <attribute name= "Current Time Running" value="9013" />
  <attribute name ="GC Interval" value="0" />
  <attribute name="ProportionalT" value="-10.000000" />
  <attribute name="ProportionalI" value="-10.000000" />
  <attribute name="ProportionalH" value="-10.000000" />
  <attribute name="Current Error" value="-20.000000" />
  <attribute name="IntegralT" value="0.000000" />
  <attribute name="IntegralI" value="0.000000" />
  <attribute name="IntegralH" value="0.000000" />
  <attribute name="DerivativeT" value="-inf" />
  <attribute name="DerivativeI" value="-inf" />
  <attribute name="DerivativeH" value="-inf" />
  <attribute name="Loop Time for DT" value="0.000000" />
  <attribute name="Output H" value="2091843584"/>
  <attribute name="Output I" value="200"/>
  <attribute name="Output T" value="4"/>
  <attribute name="Target GC Util Change" value ="20.000000" />
  <attribute name="Current GC Util Change" value="0.000000"/>
  <attribute name="GC Util currently" value="0" />
  <attribute name="CPU Util currently" value="29835968690586" />
<exclusive-end id="627" timestamp="2019-07-07T05:36:08.330" durationms="13.187" />

<exclusive-start id="628" timestamp="2019-07-07T05:36:08.397" intervalms="80.052">
  <response-info timems="0.084" idlems="0.084" threads="0" lastid="000000000096B700" lastname="main" />
</exclusive-start>
<allocation-taxation id="629" taxation-threshold="32505856" timestamp="2019-07-07T05:36:08.397" intervalms="80.122" />
<cycle-start id="630" type="partial gc" contextid="0" timestamp="2019-07-07T05:36:08.398" intervalms="80.152" />
<gc-start id="631" type="partial gc" contextid="630" timestamp="2019-07-07T05:36:08.398">
  <mem-info id="632" free="22020096" total="105906176" percent="20">
    <mem type="eden" free="0" total="32505856" percent="0" />
    <arraylet-primitive objects="1" leaves="1" largest="1" />
    <remembered-set count="43552" freebytes="4053248" totalbytes="4227456" percent="95" regionsoverflowed="0" regionsstable="0" regionsrebuilding="0"/>
  </mem-info>
</gc-start>
<allocation-stats totalBytes="32470560" >
  <allocated-bytes non-tlh="262160" tlh="32208400" arrayletleaf="0"/>
  <largest-consumer threadName="main" threadId="000000000096B700" bytes="32470560" />
</allocation-stats>
<gc-op id="633" type="copy forward" timems="9.636" contextid="630" timestamp="2019-07-07T05:36:08.409">
  <memory-copied type="eden" objects="67837" bytes="1946552" bytesdiscarded="110144" />
  <memory-copied type="other" objects="120984" bytes="2932408" bytesdiscarded="153696" />
  <memory-cardclean objects="15017" bytes="548736" />
  <regions eden="31" other="4" />
  <remembered-set-cleared processed="38741" cleared="7740" durationms="0.287" />
  <stringconstants candidates="13319" cleared="0"  />
</gc-op>
<gc-op id="634" type="classunload" timems="0.008" contextid="630" timestamp="2019-07-07T05:36:08.409">
  <classunload-info classloadercandidates="55" classloadersunloaded="0" classesunloaded="0" anonymousclassesunloaded="0" quiescems="0.000" setupms="0.008" scanms="0.000" postms="0.000" />
</gc-op>
<heap-resize id="635" type="expand" space="default" amount="18874368" count="1" timems="0.161" reason="excessive time being spent in gc" timestamp="2019-07-07T05:36:08.409" />
<gc-end id="636" type="partial gc" contextid="630" durationms="11.461" usertimems="24.000" systemtimems="0.000" timestamp="2019-07-07T05:36:08.410" activeThreads="4">
  <mem-info id="637" free="71303168" total="124780544" percent="57">
    <mem type="eden" free="40456" total="2097152" percent="1" />
    <arraylet-primitive objects="1" leaves="1" largest="1" />
    <remembered-set count="49184" freebytes="4784128" totalbytes="4980864" percent="96" regionsoverflowed="0" regionsstable="0" regionsrebuilding="0"/>
  </mem-info>
</gc-end>
<cycle-end id="638" type="partial gc" contextid="630" timestamp="2019-07-07T05:36:08.410" />
  <attribute name="elasticGC enabled" value="1" />
  <attribute name= "numThreadsSpecified" value="4" />
  <attribute name="heapSize specified" value="0" />
  <attribute name="Current GC Util" value="114" />
  <attribute name= "Current Time Running" value="9094" />
  <attribute name ="GC Interval" value="0" />
  <attribute name="ProportionalT" value="47.000000" />
  <attribute name="ProportionalI" value="47.000000" />
  <attribute name="ProportionalH" value="47.000000" />
  <attribute name="Current Error" value="94.000000" />
  <attribute name="IntegralT" value="47.000000" />
  <attribute name="IntegralI" value="47.000000" />
  <attribute name="IntegralH" value="47.000000" />
  <attribute name="DerivativeT" value="89.000000" />
  <attribute name="DerivativeI" value="89.000000" />
  <attribute name="DerivativeH" value="89.000000" />
  <attribute name="Loop Time for DT" value="1.000000" />
  <attribute name="Output H" value="8388608"/>
  <attribute name="Output I" value="200"/>
  <attribute name="Output T" value="4"/>
  <attribute name="Target GC Util Change" value ="20.000000" />
  <attribute name="Current GC Util Change" value="114.000000"/>
  <attribute name="GC Util currently" value="114" />
  <attribute name="CPU Util currently" value="8403447630760" />
<exclusive-end id="639" timestamp="2019-07-07T05:36:08.410" durationms="12.904" />

<exclusive-start id="640" timestamp="2019-07-07T05:36:08.488" intervalms="90.648">
  <response-info timems="0.134" idlems="0.134" threads="0" lastid="000000000096B700" lastname="main" />
</exclusive-start>
<allocation-taxation id="641" taxation-threshold="37748736" timestamp="2019-07-07T05:36:08.488" intervalms="90.648" />
<cycle-start id="642" type="partial gc" contextid="0" timestamp="2019-07-07T05:36:08.488" intervalms="90.648" />
<gc-start id="643" type="partial gc" contextid="642" timestamp="2019-07-07T05:36:08.489">
  <mem-info id="644" free="33554432" total="124780544" percent="26">
    <mem type="eden" free="0" total="37748736" percent="0" />
    <arraylet-primitive objects="1" leaves="1" largest="1" />
    <remembered-set count="48768" freebytes="4785792" totalbytes="4980864" percent="96" regionsoverflowed="0" regionsstable="0" regionsrebuilding="0"/>
  </mem-info>
</gc-start>
<allocation-stats totalBytes="37712592" >
  <allocated-bytes non-tlh="0" tlh="37712592" arrayletleaf="0"/>
  <largest-consumer threadName="main" threadId="000000000096B700" bytes="37712592" />
</allocation-stats>
<gc-op id="645" type="copy forward" timems="19.857" contextid="642" timestamp="2019-07-07T05:36:08.510">
  <memory-copied type="eden" objects="78482" bytes="1960840" bytesdiscarded="0" />
  <memory-copied type="other" objects="123696" bytes="4322988" bytesdiscarded="296" />
  <memory-cardclean objects="17214" bytes="506776" />
  <regions eden="36" other="5" />
  <remembered-set-cleared processed="42921" cleared="10894" durationms="0.466" />
  <finalization candidates="1" enqueued="0" />
  <references type="soft" candidates="201" cleared="0" enqueued="0" dynamicThreshold="18" maxThreshold="32" />
  <references type="weak" candidates="175" cleared="0" enqueued="0" />
  <references type="phantom" candidates="2" cleared="0" enqueued="0" />
  <stringconstants candidates="13319" cleared="0"  />
</gc-op>
<gc-op id="646" type="classunload" timems="0.009" contextid="642" timestamp="2019-07-07T05:36:08.510">
  <classunload-info classloadercandidates="55" classloadersunloaded="0" classesunloaded="0" anonymousclassesunloaded="0" quiescems="0.000" setupms="0.009" scanms="0.000" postms="0.000" />
</gc-op>
<heap-resize id="647" type="expand" space="default" amount="14680064" count="1" timems="0.129" reason="excessive time being spent in gc" timestamp="2019-07-07T05:36:08.510" />
<gc-end id="648" type="partial gc" contextid="642" durationms="21.498" usertimems="12.000" systemtimems="8.000" timestamp="2019-07-07T05:36:08.510" activeThreads="1">
  <mem-info id="649" free="83886080" total="139460608" percent="60">
    <mem type="eden" free="136312" total="2097152" percent="6" />
    <arraylet-primitive objects="1" leaves="1" largest="1" />
    <remembered-set count="52128" freebytes="5358336" totalbytes="5566848" percent="96" regionsoverflowed="0" regionsstable="0" regionsrebuilding="0"/>
  </mem-info>
</gc-end>
<cycle-end id="650" type="partial gc" contextid="642" timestamp="2019-07-07T05:36:08.510" />
  <attribute name="elasticGC enabled" value="1" />
  <attribute name= "numThreadsSpecified" value="1" />
  <attribute name="heapSize specified" value="0" />
  <attribute name="Current GC Util" value="59" />
  <attribute name= "Current Time Running" value="9184" />
  <attribute name ="GC Interval" value="0" />
  <attribute name="ProportionalT" value="19.500000" />
  <attribute name="ProportionalI" value="19.500000" />
  <attribute name="ProportionalH" value="19.500000" />
  <attribute name="Current Error" value="39.000000" />
  <attribute name="IntegralT" value="0.000000" />
  <attribute name="IntegralI" value="0.000000" />
  <attribute name="IntegralH" value="0.000000" />
  <attribute name="DerivativeT" value="inf" />
  <attribute name="DerivativeI" value="inf" />
  <attribute name="DerivativeH" value="inf" />
  <attribute name="Loop Time for DT" value="0.000000" />
  <attribute name="Output H" value="8388608"/>
  <attribute name="Output I" value="200"/>
  <attribute name="Output T" value="1"/>
  <attribute name="Target GC Util Change" value ="20.000000" />
  <attribute name="Current GC Util Change" value="59.000000"/>
  <attribute name="GC Util currently" value="59" />
  <attribute name="CPU Util currently" value="18114665973265" />
<exclusive-end id="651" timestamp="2019-07-07T05:36:08.511" durationms="22.921" />

<exclusive-start id="652" timestamp="2019-07-07T05:36:08.711" intervalms="223.562">
  <response-info timems="0.033" idlems="0.033" threads="0" lastid="000000000096B700" lastname="main" />
</exclusive-start>
<allocation-taxation id="653" taxation-threshold="40894464" timestamp="2019-07-07T05:36:08.712" intervalms="223.510" />
<cycle-start id="654" type="partial gc" contextid="0" timestamp="2019-07-07T05:36:08.712" intervalms="223.387" />
<gc-start id="655" type="partial gc" contextid="654" timestamp="2019-07-07T05:36:08.712">
  <mem-info id="656" free="42991616" total="139460608" percent="30">
    <mem type="eden" free="0" total="40894464" percent="0" />
    <arraylet-primitive objects="2" leaves="2" largest="1" />
    <remembered-set count="51904" freebytes="5359232" totalbytes="5566848" percent="96" regionsoverflowed="0" regionsstable="0" regionsrebuilding="0"/>
  </mem-info>
</gc-start>
<allocation-stats totalBytes="40888880" >
  <allocated-bytes non-tlh="910336" tlh="38929968" arrayletleaf="1048576"/>
  <largest-consumer threadName="main" threadId="000000000096B700" bytes="40888880" />
</allocation-stats>
<gc-op id="657" type="copy forward" timems="31.026" contextid="654" timestamp="2019-07-07T05:36:08.744">
  <memory-copied type="eden" objects="94811" bytes="2326736" bytesdiscarded="16" />
  <memory-copied type="other" objects="198130" bytes="4914840" bytesdiscarded="792" />
  <memory-cardclean objects="9809" bytes="553728" />
  <regions eden="38" other="5" />
  <remembered-set-cleared processed="45817" cleared="11695" durationms="0.471" />
  <finalization candidates="1" enqueued="1" />
  <references type="soft" candidates="2139" cleared="0" enqueued="0" dynamicThreshold="19" maxThreshold="32" />
  <references type="weak" candidates="88" cleared="0" enqueued="0" />
  <stringconstants candidates="13778" cleared="5"  />
</gc-op>
<gc-op id="658" type="classunload" timems="0.009" contextid="654" timestamp="2019-07-07T05:36:08.744">
  <classunload-info classloadercandidates="55" classloadersunloaded="0" classesunloaded="0" anonymousclassesunloaded="0" quiescems="0.000" setupms="0.009" scanms="0.000" postms="0.000" />
</gc-op>
<gc-end id="659" type="partial gc" contextid="654" durationms="32.247" usertimems="28.000" systemtimems="4.000" timestamp="2019-07-07T05:36:08.744" activeThreads="1">
  <mem-info id="660" free="81788928" total="139460608" percent="58">
    <mem type="eden" free="818912" total="3145728" percent="26" />
    <arraylet-primitive objects="1" leaves="1" largest="1" />
    <pending-finalizers system="0" default="1" reference="0" classloader="0" />
    <remembered-set count="57248" freebytes="5337856" totalbytes="5566848" percent="95" regionsoverflowed="0" regionsstable="0" regionsrebuilding="0"/>
  </mem-info>
</gc-end>
<cycle-end id="661" type="partial gc" contextid="654" timestamp="2019-07-07T05:36:08.745" />
  <attribute name="elasticGC enabled" value="1" />
  <attribute name= "numThreadsSpecified" value="1" />
  <attribute name="heapSize specified" value="0" />
  <attribute name="Current GC Util" value="74" />
  <attribute name= "Current Time Running" value="9407" />
  <attribute name ="GC Interval" value="0" />
  <attribute name="ProportionalT" value="27.000000" />
  <attribute name="ProportionalI" value="27.000000" />
  <attribute name="ProportionalH" value="27.000000" />
  <attribute name="Current Error" value="54.000000" />
  <attribute name="IntegralT" value="0.000000" />
  <attribute name="IntegralI" value="0.000000" />
  <attribute name="IntegralH" value="0.000000" />
  <attribute name="DerivativeT" value="inf" />
  <attribute name="DerivativeI" value="inf" />
  <attribute name="DerivativeH" value="inf" />
  <attribute name="Loop Time for DT" value="0.000000" />
  <attribute name="Output H" value="8388608"/>
  <attribute name="Output I" value="200"/>
  <attribute name="Output T" value="1"/>
  <attribute name="Target GC Util Change" value ="20.000000" />
  <attribute name="Current GC Util Change" value="74.000000"/>
  <attribute name="GC Util currently" value="74" />
  <attribute name="CPU Util currently" value="19201917020326" />
<exclusive-end id="662" timestamp="2019-07-07T05:36:08.745" durationms="33.358" />

<exclusive-start id="663" timestamp="2019-07-07T05:36:08.949" intervalms="237.102">
  <response-info timems="0.060" idlems="0.060" threads="0" lastid="000000000096B700" lastname="main" />
</exclusive-start>
<allocation-taxation id="664" taxation-threshold="40894464" timestamp="2019-07-07T05:36:08.949" intervalms="237.136" />
<cycle-start id="665" type="partial gc" contextid="0" timestamp="2019-07-07T05:36:08.949" intervalms="237.226" />
<gc-start id="666" type="partial gc" contextid="665" timestamp="2019-07-07T05:36:08.949">
  <mem-info id="667" free="40894464" total="139460608" percent="29">
    <mem type="eden" free="0" total="40894464" percent="0" />
    <arraylet-primitive objects="1" leaves="1" largest="1" />
    <remembered-set count="56800" freebytes="5339648" totalbytes="5566848" percent="95" regionsoverflowed="0" regionsstable="0" regionsrebuilding="0"/>
  </mem-info>
</gc-start>
<allocation-stats totalBytes="40890952" >
  <allocated-bytes non-tlh="0" tlh="40890952" arrayletleaf="0"/>
  <largest-consumer threadName="main" threadId="000000000096B700" bytes="40890952" />
</allocation-stats>
<gc-op id="668" type="copy forward" timems="8.720" contextid="665" timestamp="2019-07-07T05:36:08.959">
  <memory-copied type="eden" objects="26" bytes="816" bytesdiscarded="0" />
  <memory-copied type="other" objects="217140" bytes="5436144" bytesdiscarded="313136" />
  <memory-cardclean objects="18034" bytes="770544" />
  <regions eden="39" other="6" />
  <remembered-set-cleared processed="50598" cleared="14472" durationms="0.243" />
  <references type="soft" candidates="2139" cleared="0" enqueued="0" dynamicThreshold="18" maxThreshold="32" />
  <references type="weak" candidates="90" cleared="0" enqueued="0" />
  <stringconstants candidates="13773" cleared="0"  />
</gc-op>
<gc-op id="669" type="classunload" timems="0.008" contextid="665" timestamp="2019-07-07T05:36:08.959">
  <classunload-info classloadercandidates="55" classloadersunloaded="0" classesunloaded="0" anonymousclassesunloaded="0" quiescems="0.000" setupms="0.007" scanms="0.000" postms="0.000" />
</gc-op>
<gc-end id="670" type="partial gc" contextid="665" durationms="9.935" usertimems="24.000" systemtimems="0.000" timestamp="2019-07-07T05:36:08.959" activeThreads="4">
  <mem-info id="671" free="80740352" total="139460608" percent="57">
    <mem type="eden" free="1047760" total="1048576" percent="99" />
    <arraylet-primitive objects="1" leaves="1" largest="1" />
    <remembered-set count="57664" freebytes="5336192" totalbytes="5566848" percent="95" regionsoverflowed="0" regionsstable="0" regionsrebuilding="0"/>
  </mem-info>
</gc-end>
<cycle-end id="672" type="partial gc" contextid="665" timestamp="2019-07-07T05:36:08.959" />
  <attribute name="elasticGC enabled" value="1" />
  <attribute name= "numThreadsSpecified" value="4" />
  <attribute name="heapSize specified" value="0" />
  <attribute name="Current GC Util" value="61" />
  <attribute name= "Current Time Running" value="9645" />
  <attribute name ="GC Interval" value="0" />
  <attribute name="ProportionalT" value="20.500000" />
  <attribute name="ProportionalI" value="20.500000" />
  <attribute name="ProportionalH" value="20.500000" />
  <attribute name="Current Error" value="41.000000" />
  <attribute name="IntegralT" value="20.500000" />
  <attribute name="IntegralI" value="20.500000" />
  <attribute name="IntegralH" value="20.500000" />
  <attribute name="DerivativeT" value="41.000000" />
  <attribute name="DerivativeI" value="41.000000" />
  <attribute name="DerivativeH" value="41.000000" />
  <attribute name="Loop Time for DT" value="1.000000" />
  <attribute name="Output H" value="8388608"/>
  <attribute name="Output I" value="200"/>
  <attribute name="Output T" value="4"/>
  <attribute name="Target GC Util Change" value ="20.000000" />
  <attribute name="Current GC Util Change" value="61.000000"/>
  <attribute name="GC Util currently" value="61" />
  <attribute name="CPU Util currently" value="15563352781824" />
<exclusive-end id="673" timestamp="2019-07-07T05:36:08.960" durationms="11.205" />

<exclusive-start id="674" timestamp="2019-07-07T05:36:10.093" intervalms="1144.463">
  <response-info timems="0.064" idlems="0.064" threads="0" lastid="000000000096B700" lastname="main" />
</exclusive-start>
<allocation-taxation id="675" taxation-threshold="40894464" timestamp="2019-07-07T05:36:10.093" intervalms="1144.432" />
<cycle-start id="676" type="partial gc" contextid="0" timestamp="2019-07-07T05:36:10.094" intervalms="1144.969" />
<gc-start id="677" type="partial gc" contextid="676" timestamp="2019-07-07T05:36:10.094">
  <mem-info id="678" free="39845888" total="139460608" percent="28">
    <mem type="eden" free="0" total="40894464" percent="0" />
    <arraylet-primitive objects="1" leaves="1" largest="1" />
    <remembered-set count="57312" freebytes="5337600" totalbytes="5566848" percent="95" regionsoverflowed="0" regionsstable="0" regionsrebuilding="0"/>
  </mem-info>
</gc-start>
<allocation-stats totalBytes="40790696" >
  <allocated-bytes non-tlh="64" tlh="40790632" arrayletleaf="0"/>
  <largest-consumer threadName="main" threadId="000000000096B700" bytes="40790696" />
</allocation-stats>
<gc-op id="679" type="copy forward" timems="4.286" contextid="676" timestamp="2019-07-07T05:36:10.100">
  <memory-copied type="eden" objects="82" bytes="3208" bytesdiscarded="168" />
  <memory-copied type="other" objects="85813" bytes="2178896" bytesdiscarded="60016" />
  <memory-cardclean objects="11864" bytes="596824" />
  <regions eden="39" other="4" />
  <remembered-set-cleared processed="51744" cleared="6068" durationms="0.246" />
  <references type="weak" candidates="49" cleared="0" enqueued="0" />
  <stringconstants candidates="13774" cleared="0"  />
</gc-op>
<gc-op id="680" type="classunload" timems="0.004" contextid="676" timestamp="2019-07-07T05:36:10.100">
  <classunload-info classloadercandidates="55" classloadersunloaded="0" classesunloaded="0" anonymousclassesunloaded="0" quiescems="0.000" setupms="0.004" scanms="0.000" postms="0.000" />
</gc-op>
<heap-resize id="681" type="contract" space="default" amount="7340032" count="1" timems="0.062" reason="insufficient time being spent in gc" timestamp="2019-07-07T05:36:10.100" />
<gc-end id="682" type="partial gc" contextid="676" durationms="5.784" usertimems="12.000" systemtimems="0.000" timestamp="2019-07-07T05:36:10.100" activeThreads="4">
  <mem-info id="683" free="72351744" total="132120576" percent="54">
    <mem type="eden" free="1045200" total="1048576" percent="99" />
    <arraylet-primitive objects="1" leaves="1" largest="1" />
    <remembered-set count="56960" freebytes="5339008" totalbytes="5566848" percent="95" regionsoverflowed="0" regionsstable="0" regionsrebuilding="0"/>
  </mem-info>
</gc-end>
<cycle-end id="684" type="partial gc" contextid="676" timestamp="2019-07-07T05:36:10.100" />
  <attribute name="elasticGC enabled" value="1" />
  <attribute name= "numThreadsSpecified" value="4" />
  <attribute name="heapSize specified" value="0" />
  <attribute name="Current GC Util" value="45" />
  <attribute name= "Current Time Running" value="10790" />
  <attribute name ="GC Interval" value="0" />
  <attribute name="ProportionalT" value="12.500000" />
  <attribute name="ProportionalI" value="12.500000" />
  <attribute name="ProportionalH" value="12.500000" />
  <attribute name="Current Error" value="25.000000" />
  <attribute name="IntegralT" value="12.500000" />
  <attribute name="IntegralI" value="12.500000" />
  <attribute name="IntegralH" value="12.500000" />
  <attribute name="DerivativeT" value="25.000000" />
  <attribute name="DerivativeI" value="25.000000" />
  <attribute name="DerivativeH" value="25.000000" />
  <attribute name="Loop Time for DT" value="1.000000" />
  <attribute name="Output H" value="8388608"/>
  <attribute name="Output I" value="200"/>
  <attribute name="Output T" value="4"/>
  <attribute name="Target GC Util Change" value ="20.000000" />
  <attribute name="Current GC Util Change" value="45.000000"/>
  <attribute name="GC Util currently" value="45" />
  <attribute name="CPU Util currently" value="14980983399300" />
<exclusive-end id="685" timestamp="2019-07-07T05:36:10.101" durationms="7.583" />

<exclusive-start id="686" timestamp="2019-07-07T05:36:10.127" intervalms="34.014">
  <response-info timems="0.083" idlems="0.083" threads="0" lastid="000000000096B700" lastname="main" />
</exclusive-start>
<allocation-taxation id="687" taxation-threshold="39845888" timestamp="2019-07-07T05:36:10.127" intervalms="34.023" />
<cycle-start id="688" type="partial gc" contextid="0" timestamp="2019-07-07T05:36:10.127" intervalms="33.493" />
<gc-start id="689" type="partial gc" contextid="688" timestamp="2019-07-07T05:36:10.128">
  <mem-info id="690" free="32505856" total="132120576" percent="24">
    <mem type="eden" free="0" total="39845888" percent="0" />
    <arraylet-primitive objects="1" leaves="1" largest="1" />
    <remembered-set count="56832" freebytes="5339520" totalbytes="5566848" percent="95" regionsoverflowed="0" regionsstable="0" regionsrebuilding="0"/>
  </mem-info>
</gc-start>
<allocation-stats totalBytes="39702128" >
  <allocated-bytes non-tlh="0" tlh="39702128" arrayletleaf="0"/>
  <largest-consumer threadName="main" threadId="000000000096B700" bytes="39702128" />
</allocation-stats>
<gc-op id="691" type="copy forward" timems="4.399" contextid="688" timestamp="2019-07-07T05:36:10.134">
  <memory-copied type="eden" objects="1" bytes="24" bytesdiscarded="0" />
  <memory-copied type="other" objects="92034" bytes="2255312" bytesdiscarded="61512" />
  <memory-cardclean objects="13118" bytes="603232" />
  <regions eden="38" other="4" />
  <remembered-set-cleared processed="51477" cleared="7045" durationms="0.240" />
  <stringconstants candidates="13774" cleared="0"  />
</gc-op>
<gc-op id="692" type="classunload" timems="0.005" contextid="688" timestamp="2019-07-07T05:36:10.134">
  <classunload-info classloadercandidates="55" classloadersunloaded="0" classesunloaded="0" anonymousclassesunloaded="0" quiescems="0.000" setupms="0.004" scanms="0.000" postms="0.000" />
</gc-op>
<heap-resize id="693" type="contract" space="default" amount="7340032" count="1" timems="0.061" reason="insufficient time being spent in gc" timestamp="2019-07-07T05:36:10.134" />
<gc-end id="694" type="partial gc" contextid="688" durationms="6.413" usertimems="12.000" systemtimems="0.000" timestamp="2019-07-07T05:36:10.134" activeThreads="4">
  <mem-info id="695" free="63963136" total="124780544" percent="51">
    <mem type="eden" free="1048552" total="1048576" percent="99" />
    <arraylet-primitive objects="1" leaves="1" largest="1" />
    <remembered-set count="56608" freebytes="5047424" totalbytes="5273856" percent="95" regionsoverflowed="0" regionsstable="0" regionsrebuilding="0"/>
  </mem-info>
</gc-end>
<cycle-end id="696" type="partial gc" contextid="688" timestamp="2019-07-07T05:36:10.134" />
  <attribute name="elasticGC enabled" value="1" />
  <attribute name= "numThreadsSpecified" value="4" />
  <attribute name="heapSize specified" value="0" />
  <attribute name="Current GC Util" value="19" />
  <attribute name= "Current Time Running" value="10824" />
  <attribute name ="GC Interval" value="0" />
  <attribute name="ProportionalT" value="-0.500000" />
  <attribute name="ProportionalI" value="-0.500000" />
  <attribute name="ProportionalH" value="-0.500000" />
  <attribute name="Current Error" value="-1.000000" />
  <attribute name="IntegralT" value="-0.500000" />
  <attribute name="IntegralI" value="-0.500000" />
  <attribute name="IntegralH" value="-0.500000" />
  <attribute name="DerivativeT" value="-13.000000" />
  <attribute name="DerivativeI" value="-13.000000" />
  <attribute name="DerivativeH" value="-13.000000" />
  <attribute name="Loop Time for DT" value="1.000000" />
  <attribute name="Output H" value="2091843584"/>
  <attribute name="Output I" value="200"/>
  <attribute name="Output T" value="4"/>
  <attribute name="Target GC Util Change" value ="20.000000" />
  <attribute name="Current GC Util Change" value="19.000000"/>
  <attribute name="GC Util currently" value="19" />
  <attribute name="CPU Util currently" value="5216910190446" />
<exclusive-end id="697" timestamp="2019-07-07T05:36:10.135" durationms="7.765" />

<exclusive-start id="698" timestamp="2019-07-07T05:36:10.156" intervalms="29.099">
  <response-info timems="0.066" idlems="0.066" threads="0" lastid="000000000096B700" lastname="main" />
</exclusive-start>
<allocation-taxation id="699" taxation-threshold="37748736" timestamp="2019-07-07T05:36:10.156" intervalms="29.112" />
<cycle-start id="700" type="partial gc" contextid="0" timestamp="2019-07-07T05:36:10.157" intervalms="29.143" />
<gc-start id="701" type="partial gc" contextid="700" timestamp="2019-07-07T05:36:10.157">
  <mem-info id="702" free="26214400" total="124780544" percent="21">
    <mem type="eden" free="1048552" total="38797312" percent="2" />
    <arraylet-primitive objects="1" leaves="1" largest="1" />
    <remembered-set count="56608" freebytes="5047424" totalbytes="5273856" percent="95" regionsoverflowed="0" regionsstable="0" regionsrebuilding="0"/>
  </mem-info>
</gc-start>
<allocation-stats totalBytes="37622672" >
  <allocated-bytes non-tlh="0" tlh="37622672" arrayletleaf="0"/>
  <largest-consumer threadName="main" threadId="000000000096B700" bytes="37622672" />
</allocation-stats>
<gc-op id="703" type="copy forward" timems="4.064" contextid="700" timestamp="2019-07-07T05:36:10.162">
  <memory-copied type="eden" objects="1" bytes="24" bytesdiscarded="0" />
  <memory-copied type="other" objects="84755" bytes="2315384" bytesdiscarded="144960" />
  <memory-cardclean objects="22415" bytes="628152" />
  <regions eden="36" other="4" />
  <remembered-set-cleared processed="51255" cleared="7105" durationms="0.235" />
  <stringconstants candidates="13774" cleared="0"  />
</gc-op>
<gc-op id="704" type="classunload" timems="0.004" contextid="700" timestamp="2019-07-07T05:36:10.162">
  <classunload-info classloadercandidates="55" classloadersunloaded="0" classesunloaded="0" anonymousclassesunloaded="0" quiescems="0.000" setupms="0.004" scanms="0.000" postms="0.000" />
</gc-op>
<heap-resize id="705" type="contract" space="default" amount="6291456" count="1" timems="0.068" reason="insufficient time being spent in gc" timestamp="2019-07-07T05:36:10.162" />
<gc-end id="706" type="partial gc" contextid="700" durationms="5.748" usertimems="4.000" systemtimems="8.000" timestamp="2019-07-07T05:36:10.163" activeThreads="4">
  <mem-info id="707" free="57671680" total="118489088" percent="48">
    <mem type="eden" free="1048552" total="1048576" percent="99" />
    <arraylet-primitive objects="1" leaves="1" largest="1" />
    <remembered-set count="57248" freebytes="4751872" totalbytes="4980864" percent="95" regionsoverflowed="0" regionsstable="0" regionsrebuilding="0"/>
  </mem-info>
</gc-end>
<cycle-end id="708" type="partial gc" contextid="700" timestamp="2019-07-07T05:36:10.163" />
  <attribute name="elasticGC enabled" value="1" />
  <attribute name= "numThreadsSpecified" value="4" />
  <attribute name="heapSize specified" value="0" />
  <attribute name="Current GC Util" value="28" />
  <attribute name= "Current Time Running" value="10852" />
  <attribute name ="GC Interval" value="0" />
  <attribute name="ProportionalT" value="4.000000" />
  <attribute name="ProportionalI" value="4.000000" />
  <attribute name="ProportionalH" value="4.000000" />
  <attribute name="Current Error" value="8.000000" />
  <attribute name="IntegralT" value="0.000000" />
  <attribute name="IntegralI" value="0.000000" />
  <attribute name="IntegralH" value="0.000000" />
  <attribute name="DerivativeT" value="-inf" />
  <attribute name="DerivativeI" value="-inf" />
  <attribute name="DerivativeH" value="-inf" />
  <attribute name="Loop Time for DT" value="0.000000" />
  <attribute name="Output H" value="2091843584"/>
  <attribute name="Output I" value="200"/>
  <attribute name="Output T" value="4"/>
  <attribute name="Target GC Util Change" value ="20.000000" />
  <attribute name="Current GC Util Change" value="28.000000"/>
  <attribute name="GC Util currently" value="28" />
  <attribute name="CPU Util currently" value="8510027467759" />
<exclusive-end id="709" timestamp="2019-07-07T05:36:10.163" durationms="7.026" />

<exclusive-start id="710" timestamp="2019-07-07T05:36:10.181" intervalms="24.635">
  <response-info timems="0.133" idlems="0.133" threads="0" lastid="000000000096B700" lastname="main" />
</exclusive-start>
<allocation-taxation id="711" taxation-threshold="35651584" timestamp="2019-07-07T05:36:10.181" intervalms="24.596" />
<cycle-start id="712" type="partial gc" contextid="0" timestamp="2019-07-07T05:36:10.181" intervalms="24.534" />
<gc-start id="713" type="partial gc" contextid="712" timestamp="2019-07-07T05:36:10.181">
  <mem-info id="714" free="22020096" total="118489088" percent="18">
    <mem type="eden" free="1048552" total="36700160" percent="2" />
    <arraylet-primitive objects="1" leaves="1" largest="1" />
    <remembered-set count="57056" freebytes="4752640" totalbytes="4980864" percent="95" regionsoverflowed="0" regionsstable="0" regionsrebuilding="0"/>
  </mem-info>
</gc-start>
<allocation-stats totalBytes="35532408" >
  <allocated-bytes non-tlh="0" tlh="35532408" arrayletleaf="0"/>
  <largest-consumer threadName="main" threadId="000000000096B700" bytes="35532408" />
</allocation-stats>
<gc-op id="715" type="copy forward" timems="5.563" contextid="712" timestamp="2019-07-07T05:36:10.188">
  <memory-copied type="eden" objects="1" bytes="24" bytesdiscarded="0" />
  <memory-copied type="other" objects="118953" bytes="2996560" bytesdiscarded="207864" />
  <memory-cardclean objects="18395" bytes="783256" />
  <regions eden="34" other="4" />
  <remembered-set-cleared processed="51521" cleared="9056" durationms="0.226" />
  <references type="weak" candidates="47" cleared="0" enqueued="0" />
  <stringconstants candidates="13774" cleared="0"  />
</gc-op>
<gc-op id="716" type="classunload" timems="0.005" contextid="712" timestamp="2019-07-07T05:36:10.188">
  <classunload-info classloadercandidates="55" classloadersunloaded="0" classesunloaded="0" anonymousclassesunloaded="0" quiescems="0.000" setupms="0.004" scanms="0.000" postms="0.000" />
</gc-op>
<heap-resize id="717" type="expand" space="default" amount="20971520" count="1" timems="0.100" reason="excessive time being spent in gc" timestamp="2019-07-07T05:36:10.188" />
<gc-end id="718" type="partial gc" contextid="712" durationms="7.104" usertimems="16.000" systemtimems="0.000" timestamp="2019-07-07T05:36:10.189" activeThreads="4">
  <mem-info id="719" free="78643200" total="139460608" percent="56">
    <mem type="eden" free="1048552" total="1048576" percent="99" />
    <arraylet-primitive objects="1" leaves="1" largest="1" />
    <remembered-set count="57472" freebytes="5336960" totalbytes="5566848" percent="95" regionsoverflowed="0" regionsstable="0" regionsrebuilding="0"/>
  </mem-info>
</gc-end>
<cycle-end id="720" type="partial gc" contextid="712" timestamp="2019-07-07T05:36:10.189" />
  <attribute name="elasticGC enabled" value="1" />
  <attribute name= "numThreadsSpecified" value="4" />
  <attribute name="heapSize specified" value="0" />
  <attribute name="Current GC Util" value="27" />
  <attribute name= "Current Time Running" value="10877" />
  <attribute name ="GC Interval" value="0" />
  <attribute name="ProportionalT" value="3.500000" />
  <attribute name="ProportionalI" value="3.500000" />
  <attribute name="ProportionalH" value="3.500000" />
  <attribute name="Current Error" value="7.000000" />
  <attribute name="IntegralT" value="3.500000" />
  <attribute name="IntegralI" value="3.500000" />
  <attribute name="IntegralH" value="3.500000" />
  <attribute name="DerivativeT" value="-21.000000" />
  <attribute name="DerivativeI" value="-21.000000" />
  <attribute name="DerivativeH" value="-21.000000" />
  <attribute name="Loop Time for DT" value="1.000000" />
  <attribute name="Output H" value="2091843584"/>
  <attribute name="Output I" value="200"/>
  <attribute name="Output T" value="4"/>
  <attribute name="Target GC Util Change" value ="20.000000" />
  <attribute name="Current GC Util Change" value="27.000000"/>
  <attribute name="GC Util currently" value="27" />
  <attribute name="CPU Util currently" value="8897664116966" />
<exclusive-end id="721" timestamp="2019-07-07T05:36:10.189" durationms="8.215" />

<exclusive-start id="722" timestamp="2019-07-07T05:36:10.209" intervalms="28.075">
  <response-info timems="0.079" idlems="0.079" threads="0" lastid="000000000096B700" lastname="main" />
</exclusive-start>
<allocation-taxation id="723" taxation-threshold="40894464" timestamp="2019-07-07T05:36:10.209" intervalms="28.101" />
<cycle-start id="724" type="partial gc" contextid="0" timestamp="2019-07-07T05:36:10.209" intervalms="28.077" />
<gc-start id="725" type="partial gc" contextid="724" timestamp="2019-07-07T05:36:10.210">
  <mem-info id="726" free="37748736" total="139460608" percent="27">
    <mem type="eden" free="1048552" total="41943040" percent="2" />
    <arraylet-primitive objects="1" leaves="1" largest="1" />
    <remembered-set count="57088" freebytes="5338496" totalbytes="5566848" percent="95" regionsoverflowed="0" regionsstable="0" regionsrebuilding="0"/>
  </mem-info>
</gc-start>
<allocation-stats totalBytes="40758104" >
  <allocated-bytes non-tlh="0" tlh="40758104" arrayletleaf="0"/>
  <largest-consumer threadName="main" threadId="000000000096B700" bytes="40758104" />
</allocation-stats>
<gc-op id="727" type="copy forward" timems="5.899" contextid="724" timestamp="2019-07-07T05:36:10.216">
  <memory-copied type="eden" objects="1" bytes="24" bytesdiscarded="0" />
  <memory-copied type="other" objects="120588" bytes="3073144" bytesdiscarded="99904" />
  <memory-cardclean objects="20908" bytes="832000" />
  <regions eden="39" other="4" />
  <remembered-set-cleared processed="51310" cleared="9387" durationms="0.256" />
  <references type="weak" candidates="47" cleared="0" enqueued="0" />
  <stringconstants candidates="13774" cleared="0"  />
</gc-op>
<gc-op id="728" type="classunload" timems="0.006" contextid="724" timestamp="2019-07-07T05:36:10.216">
  <classunload-info classloadercandidates="55" classloadersunloaded="0" classesunloaded="0" anonymousclassesunloaded="0" quiescems="0.000" setupms="0.005" scanms="0.000" postms="0.000" />
</gc-op>
<heap-resize id="729" type="expand" space="default" amount="12582912" count="1" timems="0.131" reason="excessive time being spent in gc" timestamp="2019-07-07T05:36:10.217" />
<gc-end id="730" type="partial gc" contextid="724" durationms="7.275" usertimems="16.000" systemtimems="0.000" timestamp="2019-07-07T05:36:10.217" activeThreads="4">
  <mem-info id="731" free="91226112" total="152043520" percent="60">
    <mem type="eden" free="1048552" total="1048576" percent="99" />
    <arraylet-primitive objects="1" leaves="1" largest="1" />
    <remembered-set count="57440" freebytes="5839360" totalbytes="6069120" percent="96" regionsoverflowed="0" regionsstable="0" regionsrebuilding="0"/>
  </mem-info>
</gc-end>
<cycle-end id="732" type="partial gc" contextid="724" timestamp="2019-07-07T05:36:10.217" />
  <attribute name="elasticGC enabled" value="1" />
  <attribute name= "numThreadsSpecified" value="4" />
  <attribute name="heapSize specified" value="0" />
  <attribute name="Current GC Util" value="61" />
  <attribute name= "Current Time Running" value="10905" />
  <attribute name ="GC Interval" value="0" />
  <attribute name="ProportionalT" value="20.500000" />
  <attribute name="ProportionalI" value="20.500000" />
  <attribute name="ProportionalH" value="20.500000" />
  <attribute name="Current Error" value="41.000000" />
  <attribute name="IntegralT" value="20.500000" />
  <attribute name="IntegralI" value="20.500000" />
  <attribute name="IntegralH" value="20.500000" />
  <attribute name="DerivativeT" value="4.000000" />
  <attribute name="DerivativeI" value="4.000000" />
  <attribute name="DerivativeH" value="4.000000" />
  <attribute name="Loop Time for DT" value="1.000000" />
  <attribute name="Output H" value="8388608"/>
  <attribute name="Output I" value="200"/>
  <attribute name="Output T" value="4"/>
  <attribute name="Target GC Util Change" value ="20.000000" />
  <attribute name="Current GC Util Change" value="61.000000"/>
  <attribute name="GC Util currently" value="61" />
  <attribute name="CPU Util currently" value="18098812447183" />
<exclusive-end id="733" timestamp="2019-07-07T05:36:10.217" durationms="8.468" />

<exclusive-start id="734" timestamp="2019-07-07T05:36:10.239" intervalms="29.893">
  <response-info timems="0.110" idlems="0.110" threads="0" lastid="000000000096B700" lastname="main" />
</exclusive-start>
<allocation-taxation id="735" taxation-threshold="44040192" timestamp="2019-07-07T05:36:10.239" intervalms="29.915" />
<cycle-start id="736" type="partial gc" contextid="0" timestamp="2019-07-07T05:36:10.239" intervalms="29.940" />
<gc-start id="737" type="partial gc" contextid="736" timestamp="2019-07-07T05:36:10.239">
  <mem-info id="738" free="47185920" total="152043520" percent="31">
    <mem type="eden" free="1048552" total="45088768" percent="2" />
    <arraylet-primitive objects="1" leaves="1" largest="1" />
    <remembered-set count="56992" freebytes="5841152" totalbytes="6069120" percent="96" regionsoverflowed="0" regionsstable="0" regionsrebuilding="0"/>
  </mem-info>
</gc-start>
<allocation-stats totalBytes="43893560" >
  <allocated-bytes non-tlh="0" tlh="43893560" arrayletleaf="0"/>
  <largest-consumer threadName="main" threadId="000000000096B700" bytes="43893560" />
</allocation-stats>
<gc-op id="739" type="copy forward" timems="9.420" contextid="736" timestamp="2019-07-07T05:36:10.250">
  <memory-copied type="eden" objects="1" bytes="24" bytesdiscarded="0" />
  <memory-copied type="other" objects="152064" bytes="4016448" bytesdiscarded="117632" />
  <memory-cardclean objects="20948" bytes="572872" />
  <regions eden="42" other="5" />
  <remembered-set-cleared processed="51439" cleared="10898" durationms="0.249" />
  <references type="soft" candidates="2139" cleared="0" enqueued="0" dynamicThreshold="19" maxThreshold="32" />
  <references type="weak" candidates="86" cleared="0" enqueued="0" />
  <stringconstants candidates="13774" cleared="0"  />
</gc-op>
<gc-op id="740" type="classunload" timems="0.008" contextid="736" timestamp="2019-07-07T05:36:10.250">
  <classunload-info classloadercandidates="55" classloadersunloaded="0" classesunloaded="0" anonymousclassesunloaded="0" quiescems="0.000" setupms="0.008" scanms="0.000" postms="0.000" />
</gc-op>
<gc-end id="741" type="partial gc" contextid="736" durationms="10.583" usertimems="24.000" systemtimems="0.000" timestamp="2019-07-07T05:36:10.250" activeThreads="4">
  <mem-info id="742" free="91226112" total="152043520" percent="60">
    <mem type="eden" free="1048552" total="1048576" percent="99" />
    <arraylet-primitive objects="1" leaves="1" largest="1" />
    <remembered-set count="58400" freebytes="5835520" totalbytes="6069120" percent="96" regionsoverflowed="0" regionsstable="0" regionsrebuilding="0"/>
  </mem-info>
</gc-end>
<cycle-end id="743" type="partial gc" contextid="736" timestamp="2019-07-07T05:36:10.250" />
  <attribute name="elasticGC enabled" value="1" />
  <attribute name= "numThreadsSpecified" value="4" />
  <attribute name="heapSize specified" value="0" />
  <attribute name="Current GC Util" value="59" />
  <attribute name= "Current Time Running" value="10935" />
  <attribute name ="GC Interval" value="0" />
  <attribute name="ProportionalT" value="19.500000" />
  <attribute name="ProportionalI" value="19.500000" />
  <attribute name="ProportionalH" value="19.500000" />
  <attribute name="Current Error" value="39.000000" />
  <attribute name="IntegralT" value="19.500000" />
  <attribute name="IntegralI" value="19.500000" />
  <attribute name="IntegralH" value="19.500000" />
  <attribute name="DerivativeT" value="4.000000" />
  <attribute name="DerivativeI" value="4.000000" />
  <attribute name="DerivativeH" value="4.000000" />
  <attribute name="Loop Time for DT" value="1.000000" />
  <attribute name="Output H" value="8388608"/>
  <attribute name="Output I" value="200"/>
  <attribute name="Output T" value="4"/>
  <attribute name="Target GC Util Change" value ="20.000000" />
  <attribute name="Current GC Util Change" value="59.000000"/>
  <attribute name="GC Util currently" value="59" />
  <attribute name="CPU Util currently" value="17236274902182" />
<exclusive-end id="744" timestamp="2019-07-07T05:36:10.250" durationms="11.666" />

<exclusive-start id="745" timestamp="2019-07-07T05:36:10.272" intervalms="33.038">
  <response-info timems="0.119" idlems="0.119" threads="0" lastid="000000000096B700" lastname="main" />
</exclusive-start>
<allocation-taxation id="746" taxation-threshold="44040192" timestamp="2019-07-07T05:36:10.272" intervalms="33.044" />
<cycle-start id="747" type="partial gc" contextid="0" timestamp="2019-07-07T05:36:10.272" intervalms="33.056" />
<gc-start id="748" type="partial gc" contextid="747" timestamp="2019-07-07T05:36:10.273">
  <mem-info id="749" free="47185920" total="152043520" percent="31">
    <mem type="eden" free="1048552" total="45088768" percent="2" />
    <arraylet-primitive objects="1" leaves="1" largest="1" />
    <remembered-set count="58112" freebytes="5836672" totalbytes="6069120" percent="96" regionsoverflowed="0" regionsstable="0" regionsrebuilding="0"/>
  </mem-info>
</gc-start>
<allocation-stats totalBytes="43893536" >
  <allocated-bytes non-tlh="0" tlh="43893536" arrayletleaf="0"/>
  <largest-consumer threadName="main" threadId="000000000096B700" bytes="43893536" />
</allocation-stats>
<gc-op id="750" type="copy forward" timems="9.192" contextid="747" timestamp="2019-07-07T05:36:10.283">
  <memory-copied type="eden" objects="1" bytes="24" bytesdiscarded="0" />
  <memory-copied type="other" objects="155297" bytes="3975376" bytesdiscarded="155120" />
  <memory-cardclean objects="25372" bytes="937560" />
  <regions eden="42" other="5" />
  <remembered-set-cleared processed="51054" cleared="11623" durationms="0.325" />
  <references type="soft" candidates="37" cleared="0" enqueued="0" dynamicThreshold="19" maxThreshold="32" />
  <references type="weak" candidates="86" cleared="0" enqueued="0" />
  <stringconstants candidates="13774" cleared="0"  />
</gc-op>
<gc-op id="751" type="classunload" timems="0.008" contextid="747" timestamp="2019-07-07T05:36:10.283">
  <classunload-info classloadercandidates="55" classloadersunloaded="0" classesunloaded="0" anonymousclassesunloaded="0" quiescems="0.000" setupms="0.008" scanms="0.000" postms="0.000" />
</gc-op>
<gc-end id="752" type="partial gc" contextid="747" durationms="10.442" usertimems="28.000" systemtimems="0.000" timestamp="2019-07-07T05:36:10.283" activeThreads="4">
  <mem-info id="753" free="91226112" total="152043520" percent="60">
    <mem type="eden" free="1048552" total="1048576" percent="99" />
    <arraylet-primitive objects="1" leaves="1" largest="1" />
    <remembered-set count="57728" freebytes="5838208" totalbytes="6069120" percent="96" regionsoverflowed="0" regionsstable="0" regionsrebuilding="0"/>
  </mem-info>
</gc-end>
<cycle-end id="754" type="partial gc" contextid="747" timestamp="2019-07-07T05:36:10.283" />
  <attribute name="elasticGC enabled" value="1" />
  <attribute name= "numThreadsSpecified" value="4" />
  <attribute name="heapSize specified" value="0" />
  <attribute name="Current GC Util" value="40" />
  <attribute name= "Current Time Running" value="10968" />
  <attribute name ="GC Interval" value="0" />
  <attribute name="ProportionalT" value="10.000000" />
  <attribute name="ProportionalI" value="10.000000" />
  <attribute name="ProportionalH" value="10.000000" />
  <attribute name="Current Error" value="20.000000" />
  <attribute name="IntegralT" value="0.000000" />
  <attribute name="IntegralI" value="0.000000" />
  <attribute name="IntegralH" value="0.000000" />
  <attribute name="DerivativeT" value="-inf" />
  <attribute name="DerivativeI" value="-inf" />
  <attribute name="DerivativeH" value="-inf" />
  <attribute name="Loop Time for DT" value="0.000000" />
  <attribute name="Output H" value="2091843584"/>
  <attribute name="Output I" value="200"/>
  <attribute name="Output T" value="4"/>
  <attribute name="Target GC Util Change" value ="20.000000" />
  <attribute name="Current GC Util Change" value="40.000000"/>
  <attribute name="GC Util currently" value="40" />
  <attribute name="CPU Util currently" value="14650551668031" />
<exclusive-end id="755" timestamp="2019-07-07T05:36:10.283" durationms="11.668" />

<exclusive-start id="756" timestamp="2019-07-07T05:36:10.305" intervalms="33.238">
  <response-info timems="0.075" idlems="0.075" threads="0" lastid="000000000096B700" lastname="main" />
</exclusive-start>
<allocation-taxation id="757" taxation-threshold="44040192" timestamp="2019-07-07T05:36:10.305" intervalms="33.255" />
<cycle-start id="758" type="partial gc" contextid="0" timestamp="2019-07-07T05:36:10.305" intervalms="33.287" />
<gc-start id="759" type="partial gc" contextid="758" timestamp="2019-07-07T05:36:10.306">
  <mem-info id="760" free="47185920" total="152043520" percent="31">
    <mem type="eden" free="1048552" total="45088768" percent="2" />
    <arraylet-primitive objects="1" leaves="1" largest="1" />
    <remembered-set count="57344" freebytes="5839744" totalbytes="6069120" percent="96" regionsoverflowed="0" regionsstable="0" regionsrebuilding="0"/>
  </mem-info>
</gc-start>
<allocation-stats totalBytes="43893536" >
  <allocated-bytes non-tlh="0" tlh="43893536" arrayletleaf="0"/>
  <largest-consumer threadName="main" threadId="000000000096B700" bytes="43893536" />
</allocation-stats>
<gc-op id="761" type="copy forward" timems="6.993" contextid="758" timestamp="2019-07-07T05:36:10.314">
  <memory-copied type="eden" objects="1" bytes="24" bytesdiscarded="0" />
  <memory-copied type="other" objects="101712" bytes="2514880" bytesdiscarded="81920" />
  <memory-cardclean objects="15688" bytes="790648" />
  <regions eden="42" other="5" />
  <remembered-set-cleared processed="51918" cleared="8010" durationms="0.327" />
  <references type="soft" candidates="22" cleared="0" enqueued="0" dynamicThreshold="19" maxThreshold="32" />
  <references type="weak" candidates="45" cleared="0" enqueued="0" />
  <stringconstants candidates="13774" cleared="0"  />
</gc-op>
<gc-op id="762" type="classunload" timems="0.005" contextid="758" timestamp="2019-07-07T05:36:10.314">
  <classunload-info classloadercandidates="55" classloadersunloaded="0" classesunloaded="0" anonymousclassesunloaded="0" quiescems="0.000" setupms="0.005" scanms="0.000" postms="0.000" />
</gc-op>
<gc-end id="763" type="partial gc" contextid="758" durationms="8.258" usertimems="12.000" systemtimems="0.000" timestamp="2019-07-07T05:36:10.314" activeThreads="4">
  <mem-info id="764" free="91226112" total="152043520" percent="60">
    <mem type="eden" free="1048552" total="1048576" percent="99" />
    <arraylet-primitive objects="1" leaves="1" largest="1" />
    <remembered-set count="57728" freebytes="5838208" totalbytes="6069120" percent="96" regionsoverflowed="0" regionsstable="0" regionsrebuilding="0"/>
  </mem-info>
</gc-end>
<cycle-end id="765" type="partial gc" contextid="758" timestamp="2019-07-07T05:36:10.314" />
  <attribute name="elasticGC enabled" value="1" />
  <attribute name= "numThreadsSpecified" value="4" />
  <attribute name="heapSize specified" value="0" />
  <attribute name="Current GC Util" value="48" />
  <attribute name= "Current Time Running" value="11001" />
  <attribute name ="GC Interval" value="0" />
  <attribute name="ProportionalT" value="14.000000" />
  <attribute name="ProportionalI" value="14.000000" />
  <attribute name="ProportionalH" value="14.000000" />
  <attribute name="Current Error" value="28.000000" />
  <attribute name="IntegralT" value="0.000000" />
  <attribute name="IntegralI" value="0.000000" />
  <attribute name="IntegralH" value="0.000000" />
  <attribute name="DerivativeT" value="-inf" />
  <attribute name="DerivativeI" value="-inf" />
  <attribute name="DerivativeH" value="-inf" />
  <attribute name="Loop Time for DT" value="0.000000" />
  <attribute name="Output H" value="2091843584"/>
  <attribute name="Output I" value="200"/>
  <attribute name="Output T" value="4"/>
  <attribute name="Target GC Util Change" value ="20.000000" />
  <attribute name="Current GC Util Change" value="48.000000"/>
  <attribute name="GC Util currently" value="48" />
  <attribute name="CPU Util currently" value="18549508288241" />
<exclusive-end id="766" timestamp="2019-07-07T05:36:10.315" durationms="9.595" />

<exclusive-start id="767" timestamp="2019-07-07T05:36:10.336" intervalms="30.927">
  <response-info timems="0.102" idlems="0.102" threads="0" lastid="000000000096B700" lastname="main" />
</exclusive-start>
<allocation-taxation id="768" taxation-threshold="44040192" timestamp="2019-07-07T05:36:10.336" intervalms="30.891" />
<cycle-start id="769" type="partial gc" contextid="0" timestamp="2019-07-07T05:36:10.336" intervalms="30.832" />
<gc-start id="770" type="partial gc" contextid="769" timestamp="2019-07-07T05:36:10.337">
  <mem-info id="771" free="47185920" total="152043520" percent="31">
    <mem type="eden" free="1048552" total="45088768" percent="2" />
    <arraylet-primitive objects="1" leaves="1" largest="1" />
    <remembered-set count="57344" freebytes="5839744" totalbytes="6069120" percent="96" regionsoverflowed="0" regionsstable="0" regionsrebuilding="0"/>
  </mem-info>
</gc-start>
<allocation-stats totalBytes="43893560" >
  <allocated-bytes non-tlh="0" tlh="43893560" arrayletleaf="0"/>
  <largest-consumer threadName="main" threadId="000000000096B700" bytes="43893560" />
</allocation-stats>
<gc-op id="772" type="copy forward" timems="9.333" contextid="769" timestamp="2019-07-07T05:36:10.347">
  <memory-copied type="eden" objects="1" bytes="24" bytesdiscarded="0" />
  <memory-copied type="other" objects="94274" bytes="3279252" bytesdiscarded="432" />
  <memory-cardclean objects="12647" bytes="738192" />
  <regions eden="42" other="5" />
  <remembered-set-cleared processed="52214" cleared="7696" durationms="0.564" />
  <finalization candidates="1" enqueued="0" />
  <references type="soft" candidates="223" cleared="0" enqueued="0" dynamicThreshold="19" maxThreshold="32" />
  <references type="weak" candidates="158" cleared="0" enqueued="0" />
  <stringconstants candidates="13774" cleared="0"  />
</gc-op>
<gc-op id="773" type="classunload" timems="0.008" contextid="769" timestamp="2019-07-07T05:36:10.347">
  <classunload-info classloadercandidates="55" classloadersunloaded="0" classesunloaded="0" anonymousclassesunloaded="0" quiescems="0.000" setupms="0.008" scanms="0.000" postms="0.000" />
</gc-op>
<gc-end id="774" type="partial gc" contextid="769" durationms="10.689" usertimems="24.000" systemtimems="0.000" timestamp="2019-07-07T05:36:10.347" activeThreads="1">
  <mem-info id="775" free="91226112" total="152043520" percent="60">
    <mem type="eden" free="1048552" total="1048576" percent="99" />
    <arraylet-primitive objects="1" leaves="1" largest="1" />
    <remembered-set count="58208" freebytes="5836288" totalbytes="6069120" percent="96" regionsoverflowed="0" regionsstable="0" regionsrebuilding="0"/>
  </mem-info>
</gc-end>
<cycle-end id="776" type="partial gc" contextid="769" timestamp="2019-07-07T05:36:10.348" />
  <attribute name="elasticGC enabled" value="1" />
  <attribute name= "numThreadsSpecified" value="1" />
  <attribute name="heapSize specified" value="0" />
  <attribute name="Current GC Util" value="93" />
  <attribute name= "Current Time Running" value="11032" />
  <attribute name ="GC Interval" value="0" />
  <attribute name="ProportionalT" value="36.500000" />
  <attribute name="ProportionalI" value="36.500000" />
  <attribute name="ProportionalH" value="36.500000" />
  <attribute name="Current Error" value="73.000000" />
  <attribute name="IntegralT" value="0.000000" />
  <attribute name="IntegralI" value="0.000000" />
  <attribute name="IntegralH" value="0.000000" />
  <attribute name="DerivativeT" value="inf" />
  <attribute name="DerivativeI" value="inf" />
  <attribute name="DerivativeH" value="inf" />
  <attribute name="Loop Time for DT" value="0.000000" />
  <attribute name="Output H" value="8388608"/>
  <attribute name="Output I" value="200"/>
  <attribute name="Output T" value="1"/>
  <attribute name="Target GC Util Change" value ="20.000000" />
  <attribute name="Current GC Util Change" value="93.000000"/>
  <attribute name="GC Util currently" value="93" />
  <attribute name="CPU Util currently" value="10325101652135" />
<exclusive-end id="777" timestamp="2019-07-07T05:36:10.348" durationms="11.801" />

<exclusive-start id="778" timestamp="2019-07-07T05:36:10.369" intervalms="33.222">
  <response-info timems="0.230" idlems="0.230" threads="0" lastid="000000000096B700" lastname="main" />
</exclusive-start>
<allocation-taxation id="779" taxation-threshold="44040192" timestamp="2019-07-07T05:36:10.369" intervalms="33.221" />
<cycle-start id="780" type="partial gc" contextid="0" timestamp="2019-07-07T05:36:10.370" intervalms="33.221" />
<gc-start id="781" type="partial gc" contextid="780" timestamp="2019-07-07T05:36:10.370">
  <mem-info id="782" free="47185920" total="152043520" percent="31">
    <mem type="eden" free="1048552" total="45088768" percent="2" />
    <arraylet-primitive objects="1" leaves="1" largest="1" />
    <remembered-set count="57728" freebytes="5838208" totalbytes="6069120" percent="96" regionsoverflowed="0" regionsstable="0" regionsrebuilding="0"/>
  </mem-info>
</gc-start>
<allocation-stats totalBytes="43893536" >
  <allocated-bytes non-tlh="0" tlh="43893536" arrayletleaf="0"/>
  <largest-consumer threadName="main" threadId="000000000096B700" bytes="43893536" />
</allocation-stats>
<gc-op id="783" type="copy forward" timems="10.074" contextid="780" timestamp="2019-07-07T05:36:10.381">
  <memory-copied type="eden" objects="1" bytes="24" bytesdiscarded="0" />
  <memory-copied type="other" objects="89348" bytes="2574776" bytesdiscarded="832" />
  <memory-cardclean objects="23080" bytes="797344" />
  <regions eden="42" other="5" />
  <remembered-set-cleared processed="51311" cleared="9052" durationms="0.566" />
  <references type="soft" candidates="598" cleared="0" enqueued="0" dynamicThreshold="19" maxThreshold="32" />
  <references type="weak" candidates="110" cleared="0" enqueued="0" />
  <references type="phantom" candidates="2" cleared="0" enqueued="0" />
  <stringconstants candidates="13774" cleared="0"  />
</gc-op>
<gc-op id="784" type="classunload" timems="0.010" contextid="780" timestamp="2019-07-07T05:36:10.381">
  <classunload-info classloadercandidates="55" classloadersunloaded="0" classesunloaded="0" anonymousclassesunloaded="0" quiescems="0.000" setupms="0.010" scanms="0.000" postms="0.000" />
</gc-op>
<gc-end id="785" type="partial gc" contextid="780" durationms="11.444" usertimems="24.000" systemtimems="0.000" timestamp="2019-07-07T05:36:10.381" activeThreads="1">
  <mem-info id="786" free="91226112" total="152043520" percent="60">
    <mem type="eden" free="1048552" total="1048576" percent="99" />
    <arraylet-primitive objects="1" leaves="1" largest="1" />
    <remembered-set count="58880" freebytes="5833600" totalbytes="6069120" percent="96" regionsoverflowed="0" regionsstable="0" regionsrebuilding="0"/>
  </mem-info>
</gc-end>
<cycle-end id="787" type="partial gc" contextid="780" timestamp="2019-07-07T05:36:10.382" />
  <attribute name="elasticGC enabled" value="1" />
  <attribute name= "numThreadsSpecified" value="1" />
  <attribute name="heapSize specified" value="0" />
  <attribute name="Current GC Util" value="159" />
  <attribute name= "Current Time Running" value="11065" />
  <attribute name ="GC Interval" value="0" />
  <attribute name="ProportionalT" value="69.500000" />
  <attribute name="ProportionalI" value="69.500000" />
  <attribute name="ProportionalH" value="69.500000" />
  <attribute name="Current Error" value="139.000000" />
  <attribute name="IntegralT" value="0.000000" />
  <attribute name="IntegralI" value="0.000000" />
  <attribute name="IntegralH" value="0.000000" />
  <attribute name="DerivativeT" value="inf" />
  <attribute name="DerivativeI" value="inf" />
  <attribute name="DerivativeH" value="inf" />
  <attribute name="Loop Time for DT" value="0.000000" />
  <attribute name="Output H" value="8388608"/>
  <attribute name="Output I" value="200"/>
  <attribute name="Output T" value="1"/>
  <attribute name="Target GC Util Change" value ="20.000000" />
  <attribute name="Current GC Util Change" value="159.000000"/>
  <attribute name="GC Util currently" value="159" />
  <attribute name="CPU Util currently" value="10253500151071" />
<exclusive-end id="788" timestamp="2019-07-07T05:36:10.382" durationms="12.595" />

<exclusive-start id="789" timestamp="2019-07-07T05:36:10.403" intervalms="33.913">
  <response-info timems="0.076" idlems="0.076" threads="0" lastid="000000000096B700" lastname="main" />
</exclusive-start>
<allocation-taxation id="790" taxation-threshold="44040192" timestamp="2019-07-07T05:36:10.403" intervalms="33.865" />
<cycle-start id="791" type="partial gc" contextid="0" timestamp="2019-07-07T05:36:10.403" intervalms="33.856" />
<gc-start id="792" type="partial gc" contextid="791" timestamp="2019-07-07T05:36:10.404">
  <mem-info id="793" free="47185920" total="152043520" percent="31">
    <mem type="eden" free="1048552" total="45088768" percent="2" />
    <arraylet-primitive objects="1" leaves="1" largest="1" />
    <remembered-set count="58720" freebytes="5834240" totalbytes="6069120" percent="96" regionsoverflowed="0" regionsstable="0" regionsrebuilding="0"/>
  </mem-info>
</gc-start>
<allocation-stats totalBytes="43893536" >
  <allocated-bytes non-tlh="0" tlh="43893536" arrayletleaf="0"/>
  <largest-consumer threadName="main" threadId="000000000096B700" bytes="43893536" />
</allocation-stats>
<gc-op id="794" type="copy forward" timems="9.756" contextid="791" timestamp="2019-07-07T05:36:10.415">
  <memory-copied type="eden" objects="1" bytes="24" bytesdiscarded="0" />
  <memory-copied type="other" objects="98984" bytes="2474368" bytesdiscarded="248" />
  <memory-cardclean objects="21606" bytes="867760" />
  <regions eden="42" other="4" />
  <remembered-set-cleared processed="51676" cleared="8330" durationms="0.555" />
  <references type="soft" candidates="15" cleared="0" enqueued="0" dynamicThreshold="19" maxThreshold="32" />
  <references type="weak" candidates="41" cleared="0" enqueued="0" />
  <stringconstants candidates="13774" cleared="0"  />
</gc-op>
<gc-op id="795" type="classunload" timems="0.005" contextid="791" timestamp="2019-07-07T05:36:10.415">
  <classunload-info classloadercandidates="55" classloadersunloaded="0" classesunloaded="0" anonymousclassesunloaded="0" quiescems="0.000" setupms="0.005" scanms="0.000" postms="0.000" />
</gc-op>
<gc-end id="796" type="partial gc" contextid="791" durationms="11.172" usertimems="8.000" systemtimems="0.000" timestamp="2019-07-07T05:36:10.415" activeThreads="1">
  <mem-info id="797" free="91226112" total="152043520" percent="60">
    <mem type="eden" free="1048552" total="1048576" percent="99" />
    <arraylet-primitive objects="1" leaves="1" largest="1" />
    <remembered-set count="59456" freebytes="5831296" totalbytes="6069120" percent="96" regionsoverflowed="0" regionsstable="0" regionsrebuilding="0"/>
  </mem-info>
</gc-end>
<cycle-end id="798" type="partial gc" contextid="791" timestamp="2019-07-07T05:36:10.415" />
  <attribute name="elasticGC enabled" value="1" />
  <attribute name= "numThreadsSpecified" value="1" />
  <attribute name="heapSize specified" value="0" />
  <attribute name="Current GC Util" value="155" />
  <attribute name= "Current Time Running" value="11099" />
  <attribute name ="GC Interval" value="0" />
  <attribute name="ProportionalT" value="67.500000" />
  <attribute name="ProportionalI" value="67.500000" />
  <attribute name="ProportionalH" value="67.500000" />
  <attribute name="Current Error" value="135.000000" />
  <attribute name="IntegralT" value="0.000000" />
  <attribute name="IntegralI" value="0.000000" />
  <attribute name="IntegralH" value="0.000000" />
  <attribute name="DerivativeT" value="inf" />
  <attribute name="DerivativeI" value="inf" />
  <attribute name="DerivativeH" value="inf" />
  <attribute name="Loop Time for DT" value="0.000000" />
  <attribute name="Output H" value="8388608"/>
  <attribute name="Output I" value="200"/>
  <attribute name="Output T" value="1"/>
  <attribute name="Target GC Util Change" value ="20.000000" />
  <attribute name="Current GC Util Change" value="155.000000"/>
  <attribute name="GC Util currently" value="155" />
  <attribute name="CPU Util currently" value="11155181760938" />
<exclusive-end id="799" timestamp="2019-07-07T05:36:10.415" durationms="12.382" />

<exclusive-start id="800" timestamp="2019-07-07T05:36:10.437" intervalms="33.749">
  <response-info timems="0.105" idlems="0.105" threads="0" lastid="000000000096B700" lastname="main" />
</exclusive-start>
<allocation-taxation id="801" taxation-threshold="44040192" timestamp="2019-07-07T05:36:10.437" intervalms="33.742" />
<cycle-start id="802" type="partial gc" contextid="0" timestamp="2019-07-07T05:36:10.437" intervalms="33.718" />
<gc-start id="803" type="partial gc" contextid="802" timestamp="2019-07-07T05:36:10.437">
  <mem-info id="804" free="47185920" total="152043520" percent="31">
    <mem type="eden" free="1048552" total="45088768" percent="2" />
    <arraylet-primitive objects="1" leaves="1" largest="1" />
    <remembered-set count="59008" freebytes="5833088" totalbytes="6069120" percent="96" regionsoverflowed="0" regionsstable="0" regionsrebuilding="0"/>
  </mem-info>
</gc-start>
<allocation-stats totalBytes="43893536" >
  <allocated-bytes non-tlh="0" tlh="43893536" arrayletleaf="0"/>
  <largest-consumer threadName="main" threadId="000000000096B700" bytes="43893536" />
</allocation-stats>
<gc-op id="805" type="copy forward" timems="3.516" contextid="802" timestamp="2019-07-07T05:36:10.442">
  <memory-copied type="eden" objects="1" bytes="24" bytesdiscarded="0" />
  <memory-copied type="other" objects="9954" bytes="218048" bytesdiscarded="10144" />
  <memory-cardclean objects="1370" bytes="174600" />
  <regions eden="42" other="2" />
  <remembered-set-cleared processed="52903" cleared="532" durationms="0.316" />
  <references type="soft" candidates="4" cleared="0" enqueued="0" dynamicThreshold="19" maxThreshold="32" />
  <stringconstants candidates="13774" cleared="0"  />
</gc-op>
<gc-op id="806" type="classunload" timems="0.005" contextid="802" timestamp="2019-07-07T05:36:10.442">
  <classunload-info classloadercandidates="55" classloadersunloaded="0" classesunloaded="0" anonymousclassesunloaded="0" quiescems="0.000" setupms="0.004" scanms="0.000" postms="0.000" />
</gc-op>
<gc-end id="807" type="partial gc" contextid="802" durationms="4.838" usertimems="4.000" systemtimems="4.000" timestamp="2019-07-07T05:36:10.442" activeThreads="4">
  <mem-info id="808" free="91226112" total="152043520" percent="60">
    <mem type="eden" free="1048552" total="1048576" percent="99" />
    <arraylet-primitive objects="1" leaves="1" largest="1" />
    <remembered-set count="55968" freebytes="5845248" totalbytes="6069120" percent="96" regionsoverflowed="0" regionsstable="0" regionsrebuilding="0"/>
  </mem-info>
</gc-end>
<cycle-end id="809" type="partial gc" contextid="802" timestamp="2019-07-07T05:36:10.442" />
  <attribute name="elasticGC enabled" value="1" />
  <attribute name= "numThreadsSpecified" value="4" />
  <attribute name="heapSize specified" value="0" />
  <attribute name="Current GC Util" value="160" />
  <attribute name= "Current Time Running" value="11133" />
  <attribute name ="GC Interval" value="0" />
  <attribute name="ProportionalT" value="70.000000" />
  <attribute name="ProportionalI" value="70.000000" />
  <attribute name="ProportionalH" value="70.000000" />
  <attribute name="Current Error" value="140.000000" />
  <attribute name="IntegralT" value="70.000000" />
  <attribute name="IntegralI" value="70.000000" />
  <attribute name="IntegralH" value="70.000000" />
  <attribute name="DerivativeT" value="128.000000" />
  <attribute name="DerivativeI" value="128.000000" />
  <attribute name="DerivativeH" value="128.000000" />
  <attribute name="Loop Time for DT" value="1.000000" />
  <attribute name="Output H" value="8388608"/>
  <attribute name="Output I" value="272"/>
  <attribute name="Output T" value="4"/>
  <attribute name="Target GC Util Change" value ="20.000000" />
  <attribute name="Current GC Util Change" value="160.000000"/>
  <attribute name="GC Util currently" value="160" />
  <attribute name="CPU Util currently" value="10475390700225" />
<exclusive-end id="810" timestamp="2019-07-07T05:36:10.443" durationms="5.937" />

<exclusive-start id="811" timestamp="2019-07-07T05:36:10.464" intervalms="27.239">
  <response-info timems="0.071" idlems="0.071" threads="0" lastid="000000000096B700" lastname="main" />
</exclusive-start>
<allocation-taxation id="812" taxation-threshold="44040192" timestamp="2019-07-07T05:36:10.464" intervalms="27.262" />
<cycle-start id="813" type="partial gc" contextid="0" timestamp="2019-07-07T05:36:10.464" intervalms="27.344" />
<gc-start id="814" type="partial gc" contextid="813" timestamp="2019-07-07T05:36:10.465">
  <mem-info id="815" free="47185920" total="152043520" percent="31">
    <mem type="eden" free="1048552" total="45088768" percent="2" />
    <arraylet-primitive objects="1" leaves="1" largest="1" />
    <remembered-set count="55776" freebytes="5846016" totalbytes="6069120" percent="96" regionsoverflowed="0" regionsstable="0" regionsrebuilding="0"/>
  </mem-info>
</gc-start>
<allocation-stats totalBytes="43893560" >
  <allocated-bytes non-tlh="0" tlh="43893560" arrayletleaf="0"/>
  <largest-consumer threadName="main" threadId="000000000096B700" bytes="43893560" />
</allocation-stats>
<gc-op id="816" type="copy forward" timems="4.933" contextid="813" timestamp="2019-07-07T05:36:10.471">
  <memory-copied type="eden" objects="1" bytes="24" bytesdiscarded="0" />
  <memory-copied type="other" objects="38818" bytes="1048352" bytesdiscarded="168" />
  <memory-cardclean objects="7454" bytes="326232" />
  <regions eden="42" other="2" />
  <remembered-set-cleared processed="52572" cleared="2985" durationms="0.525" />
  <references type="soft" candidates="33" cleared="0" enqueued="0" dynamicThreshold="19" maxThreshold="32" />
  <references type="weak" candidates="86" cleared="0" enqueued="0" />
  <stringconstants candidates="13774" cleared="0"  />
</gc-op>
<gc-op id="817" type="classunload" timems="0.003" contextid="813" timestamp="2019-07-07T05:36:10.471">
  <classunload-info classloadercandidates="55" classloadersunloaded="0" classesunloaded="0" anonymousclassesunloaded="0" quiescems="0.000" setupms="0.003" scanms="0.000" postms="0.000" />
</gc-op>
<gc-end id="818" type="partial gc" contextid="813" durationms="6.319" usertimems="8.000" systemtimems="0.000" timestamp="2019-07-07T05:36:10.471" activeThreads="1">
  <mem-info id="819" free="91226112" total="152043520" percent="60">
    <mem type="eden" free="1048552" total="1048576" percent="99" />
    <arraylet-primitive objects="1" leaves="1" largest="1" />
    <remembered-set count="55808" freebytes="5845888" totalbytes="6069120" percent="96" regionsoverflowed="0" regionsstable="0" regionsrebuilding="0"/>
  </mem-info>
</gc-end>
<cycle-end id="820" type="partial gc" contextid="813" timestamp="2019-07-07T05:36:10.471" />
  <attribute name="elasticGC enabled" value="1" />
  <attribute name= "numThreadsSpecified" value="1" />
  <attribute name="heapSize specified" value="0" />
  <attribute name="Current GC Util" value="104" />
  <attribute name= "Current Time Running" value="11160" />
  <attribute name ="GC Interval" value="0" />
  <attribute name="ProportionalT" value="42.000000" />
  <attribute name="ProportionalI" value="42.000000" />
  <attribute name="ProportionalH" value="42.000000" />
  <attribute name="Current Error" value="84.000000" />
  <attribute name="IntegralT" value="0.000000" />
  <attribute name="IntegralI" value="0.000000" />
  <attribute name="IntegralH" value="0.000000" />
  <attribute name="DerivativeT" value="inf" />
  <attribute name="DerivativeI" value="inf" />
  <attribute name="DerivativeH" value="inf" />
  <attribute name="Loop Time for DT" value="0.000000" />
  <attribute name="Output H" value="8388608"/>
  <attribute name="Output I" value="200"/>
  <attribute name="Output T" value="1"/>
  <attribute name="Target GC Util Change" value ="20.000000" />
  <attribute name="Current GC Util Change" value="104.000000"/>
  <attribute name="GC Util currently" value="104" />
  <attribute name="CPU Util currently" value="11596999466060" />
<exclusive-end id="821" timestamp="2019-07-07T05:36:10.472" durationms="7.506" />

<exclusive-start id="822" timestamp="2019-07-07T05:36:10.493" intervalms="28.674">
  <response-info timems="0.070" idlems="0.070" threads="0" lastid="000000000096B700" lastname="main" />
</exclusive-start>
<allocation-taxation id="823" taxation-threshold="44040192" timestamp="2019-07-07T05:36:10.493" intervalms="28.660" />
<cycle-start id="824" type="partial gc" contextid="0" timestamp="2019-07-07T05:36:10.493" intervalms="28.657" />
<gc-start id="825" type="partial gc" contextid="824" timestamp="2019-07-07T05:36:10.493">
  <mem-info id="826" free="47185920" total="152043520" percent="31">
    <mem type="eden" free="1048552" total="45088768" percent="2" />
    <arraylet-primitive objects="1" leaves="1" largest="1" />
    <remembered-set count="55744" freebytes="5846144" totalbytes="6069120" percent="96" regionsoverflowed="0" regionsstable="0" regionsrebuilding="0"/>
  </mem-info>
</gc-start>
<allocation-stats totalBytes="43893536" >
  <allocated-bytes non-tlh="0" tlh="43893536" arrayletleaf="0"/>
  <largest-consumer threadName="main" threadId="000000000096B700" bytes="43893536" />
</allocation-stats>
<gc-op id="827" type="copy forward" timems="3.471" contextid="824" timestamp="2019-07-07T05:36:10.498">
  <memory-copied type="eden" objects="1" bytes="24" bytesdiscarded="0" />
  <memory-copied type="other" objects="9741" bytes="228152" bytesdiscarded="6304" />
  <memory-cardclean objects="1372" bytes="301912" />
  <regions eden="42" other="2" />
  <remembered-set-cleared processed="53013" cleared="584" durationms="0.300" />
  <references type="soft" candidates="24" cleared="0" enqueued="0" dynamicThreshold="19" maxThreshold="32" />
  <references type="weak" candidates="45" cleared="0" enqueued="0" />
  <stringconstants candidates="13774" cleared="0"  />
</gc-op>
<gc-op id="828" type="classunload" timems="0.003" contextid="824" timestamp="2019-07-07T05:36:10.498">
  <classunload-info classloadercandidates="55" classloadersunloaded="0" classesunloaded="0" anonymousclassesunloaded="0" quiescems="0.000" setupms="0.003" scanms="0.000" postms="0.000" />
</gc-op>
<gc-end id="829" type="partial gc" contextid="824" durationms="4.768" usertimems="8.000" systemtimems="0.000" timestamp="2019-07-07T05:36:10.498" activeThreads="4">
  <mem-info id="830" free="91226112" total="152043520" percent="60">
    <mem type="eden" free="1048552" total="1048576" percent="99" />
    <arraylet-primitive objects="1" leaves="1" largest="1" />
    <remembered-set count="56992" freebytes="5841152" totalbytes="6069120" percent="96" regionsoverflowed="0" regionsstable="0" regionsrebuilding="0"/>
  </mem-info>
</gc-end>
<cycle-end id="831" type="partial gc" contextid="824" timestamp="2019-07-07T05:36:10.498" />
  <attribute name="elasticGC enabled" value="1" />
  <attribute name= "numThreadsSpecified" value="4" />
  <attribute name="heapSize specified" value="0" />
  <attribute name="Current GC Util" value="0" />
  <attribute name= "Current Time Running" value="11189" />
  <attribute name ="GC Interval" value="0" />
  <attribute name="ProportionalT" value="-10.000000" />
  <attribute name="ProportionalI" value="-10.000000" />
  <attribute name="ProportionalH" value="-10.000000" />
  <attribute name="Current Error" value="-20.000000" />
  <attribute name="IntegralT" value="-10.000000" />
  <attribute name="IntegralI" value="-10.000000" />
  <attribute name="IntegralH" value="-10.000000" />
  <attribute name="DerivativeT" value="-20.000000" />
  <attribute name="DerivativeI" value="-20.000000" />
  <attribute name="DerivativeH" value="-20.000000" />
  <attribute name="Loop Time for DT" value="1.000000" />
  <attribute name="Output H" value="2091843584"/>
  <attribute name="Output I" value="200"/>
  <attribute name="Output T" value="4"/>
  <attribute name="Target GC Util Change" value ="20.000000" />
  <attribute name="Current GC Util Change" value="0.000000"/>
  <attribute name="GC Util currently" value="0" />
  <attribute name="CPU Util currently" value="14787111383933" />
<exclusive-end id="832" timestamp="2019-07-07T05:36:10.499" durationms="5.882" />

<exclusive-start id="833" timestamp="2019-07-07T05:36:10.522" intervalms="29.731">
  <response-info timems="0.067" idlems="0.067" threads="0" lastid="000000000096B700" lastname="main" />
</exclusive-start>
<allocation-taxation id="834" taxation-threshold="44040192" timestamp="2019-07-07T05:36:10.523" intervalms="29.729" />
<cycle-start id="835" type="partial gc" contextid="0" timestamp="2019-07-07T05:36:10.523" intervalms="29.731" />
<gc-start id="836" type="partial gc" contextid="835" timestamp="2019-07-07T05:36:10.523">
  <mem-info id="837" free="47185920" total="152043520" percent="31">
    <mem type="eden" free="1048552" total="45088768" percent="2" />
    <arraylet-primitive objects="1" leaves="1" largest="1" />
    <remembered-set count="56192" freebytes="5844352" totalbytes="6069120" percent="96" regionsoverflowed="0" regionsstable="1" regionsrebuilding="0"/>
  </mem-info>
</gc-start>
<allocation-stats totalBytes="43879792" >
  <allocated-bytes non-tlh="0" tlh="43879792" arrayletleaf="0"/>
  <largest-consumer threadName="main" threadId="000000000096B700" bytes="43879792" />
</allocation-stats>
<gc-op id="838" type="copy forward" timems="2.502" contextid="835" timestamp="2019-07-07T05:36:10.527">
  <memory-copied type="eden" objects="28" bytes="1960" bytesdiscarded="0" />
  <memory-copied type="other" objects="9741" bytes="228152" bytesdiscarded="0" />
  <memory-cardclean objects="1443" bytes="303880" />
  <regions eden="42" other="2" />
  <remembered-set-cleared processed="52622" cleared="630" durationms="0.474" />
  <references type="soft" candidates="24" cleared="0" enqueued="0" dynamicThreshold="19" maxThreshold="32" />
  <references type="weak" candidates="45" cleared="0" enqueued="0" />
  <stringconstants candidates="13774" cleared="0"  />
</gc-op>
<gc-op id="839" type="classunload" timems="0.003" contextid="835" timestamp="2019-07-07T05:36:10.527">
  <classunload-info classloadercandidates="55" classloadersunloaded="0" classesunloaded="0" anonymousclassesunloaded="0" quiescems="0.000" setupms="0.003" scanms="0.000" postms="0.000" />
</gc-op>
<gc-end id="840" type="partial gc" contextid="835" durationms="3.781" usertimems="4.000" systemtimems="0.000" timestamp="2019-07-07T05:36:10.527" activeThreads="1">
  <mem-info id="841" free="91226112" total="152043520" percent="60">
    <mem type="eden" free="1046616" total="1048576" percent="99" />
    <arraylet-primitive objects="1" leaves="1" largest="1" />
    <remembered-set count="56256" freebytes="5844096" totalbytes="6069120" percent="96" regionsoverflowed="0" regionsstable="1" regionsrebuilding="0"/>
  </mem-info>
</gc-end>
<cycle-end id="842" type="partial gc" contextid="835" timestamp="2019-07-07T05:36:10.527" />
  <attribute name="elasticGC enabled" value="1" />
  <attribute name= "numThreadsSpecified" value="1" />
  <attribute name="heapSize specified" value="0" />
  <attribute name="Current GC Util" value="107" />
  <attribute name= "Current Time Running" value="11218" />
  <attribute name ="GC Interval" value="0" />
  <attribute name="ProportionalT" value="43.500000" />
  <attribute name="ProportionalI" value="43.500000" />
  <attribute name="ProportionalH" value="43.500000" />
  <attribute name="Current Error" value="87.000000" />
  <attribute name="IntegralT" value="0.000000" />
  <attribute name="IntegralI" value="0.000000" />
  <attribute name="IntegralH" value="0.000000" />
  <attribute name="DerivativeT" value="inf" />
  <attribute name="DerivativeI" value="inf" />
  <attribute name="DerivativeH" value="inf" />
  <attribute name="Loop Time for DT" value="0.000000" />
  <attribute name="Output H" value="8388608"/>
  <attribute name="Output I" value="200"/>
  <attribute name="Output T" value="1"/>
  <attribute name="Target GC Util Change" value ="20.000000" />
  <attribute name="Current GC Util Change" value="107.000000"/>
  <attribute name="GC Util currently" value="107" />
  <attribute name="CPU Util currently" value="11762314674399" />
<exclusive-end id="843" timestamp="2019-07-07T05:36:10.527" durationms="4.917" />

<exclusive-start id="844" timestamp="2019-07-07T05:36:10.565" intervalms="42.389">
  <response-info timems="0.076" idlems="0.076" threads="0" lastid="000000000096B700" lastname="main" />
</exclusive-start>
<allocation-taxation id="845" taxation-threshold="44040192" timestamp="2019-07-07T05:36:10.565" intervalms="42.435" />
<cycle-start id="846" type="partial gc" contextid="0" timestamp="2019-07-07T05:36:10.565" intervalms="42.434" />
<gc-start id="847" type="partial gc" contextid="846" timestamp="2019-07-07T05:36:10.566">
  <mem-info id="848" free="47185920" total="152043520" percent="31">
    <mem type="eden" free="0" total="44040192" percent="0" />
    <arraylet-primitive objects="1" leaves="1" largest="1" />
    <remembered-set count="55584" freebytes="5846784" totalbytes="6069120" percent="96" regionsoverflowed="0" regionsstable="2" regionsrebuilding="0"/>
  </mem-info>
</gc-start>
<allocation-stats totalBytes="43747160" >
  <allocated-bytes non-tlh="0" tlh="43747160" arrayletleaf="0"/>
  <largest-consumer threadName="main" threadId="000000000096B700" bytes="43747160" />
</allocation-stats>
<gc-op id="849" type="copy forward" timems="2.563" contextid="846" timestamp="2019-07-07T05:36:10.569">
  <memory-copied type="eden" objects="0" bytes="0" bytesdiscarded="0" />
  <memory-copied type="other" objects="9768" bytes="230072" bytesdiscarded="0" />
  <memory-cardclean objects="1426" bytes="303608" />
  <regions eden="42" other="2" />
  <remembered-set-cleared processed="52172" cleared="615" durationms="0.503" />
  <references type="soft" candidates="24" cleared="0" enqueued="0" dynamicThreshold="19" maxThreshold="32" />
  <references type="weak" candidates="45" cleared="0" enqueued="0" />
  <stringconstants candidates="13774" cleared="0"  />
</gc-op>
<gc-op id="850" type="classunload" timems="0.003" contextid="846" timestamp="2019-07-07T05:36:10.569">
  <classunload-info classloadercandidates="55" classloadersunloaded="0" classesunloaded="0" anonymousclassesunloaded="0" quiescems="0.000" setupms="0.003" scanms="0.000" postms="0.000" />
</gc-op>
<gc-end id="851" type="partial gc" contextid="846" durationms="3.961" usertimems="4.000" systemtimems="0.000" timestamp="2019-07-07T05:36:10.570" activeThreads="1">
  <mem-info id="852" free="91226112" total="152043520" percent="60">
    <arraylet-primitive objects="1" leaves="1" largest="1" />
    <remembered-set count="55840" freebytes="5845760" totalbytes="6069120" percent="96" regionsoverflowed="0" regionsstable="2" regionsrebuilding="0"/>
  </mem-info>
</gc-end>
<cycle-end id="853" type="partial gc" contextid="846" timestamp="2019-07-07T05:36:10.570" />
  <attribute name="elasticGC enabled" value="1" />
  <attribute name= "numThreadsSpecified" value="1" />
  <attribute name="heapSize specified" value="0" />
  <attribute name="Current GC Util" value="175" />
  <attribute name= "Current Time Running" value="11261" />
  <attribute name ="GC Interval" value="0" />
  <attribute name="ProportionalT" value="77.500000" />
  <attribute name="ProportionalI" value="77.500000" />
  <attribute name="ProportionalH" value="77.500000" />
  <attribute name="Current Error" value="155.000000" />
  <attribute name="IntegralT" value="0.000000" />
  <attribute name="IntegralI" value="0.000000" />
  <attribute name="IntegralH" value="0.000000" />
  <attribute name="DerivativeT" value="inf" />
  <attribute name="DerivativeI" value="inf" />
  <attribute name="DerivativeH" value="inf" />
  <attribute name="Loop Time for DT" value="0.000000" />
  <attribute name="Output H" value="8388608"/>
  <attribute name="Output I" value="200"/>
  <attribute name="Output T" value="1"/>
  <attribute name="Target GC Util Change" value ="20.000000" />
  <attribute name="Current GC Util Change" value="175.000000"/>
  <attribute name="GC Util currently" value="175" />
  <attribute name="CPU Util currently" value="11141275780419" />
<exclusive-end id="854" timestamp="2019-07-07T05:36:10.570" durationms="5.222" />

<exclusive-start id="855" timestamp="2019-07-07T05:36:10.591" intervalms="26.475">
  <response-info timems="0.118" idlems="0.118" threads="0" lastid="000000000096B700" lastname="main" />
</exclusive-start>
<allocation-taxation id="856" taxation-threshold="44040192" timestamp="2019-07-07T05:36:10.591" intervalms="26.433" />
<cycle-start id="857" type="partial gc" contextid="0" timestamp="2019-07-07T05:36:10.592" intervalms="26.411" />
<gc-start id="858" type="partial gc" contextid="857" timestamp="2019-07-07T05:36:10.592">
  <mem-info id="859" free="47185920" total="152043520" percent="31">
    <mem type="eden" free="0" total="44040192" percent="0" />
    <arraylet-primitive objects="1" leaves="1" largest="1" />
    <remembered-set count="55104" freebytes="5848704" totalbytes="6069120" percent="96" regionsoverflowed="0" regionsstable="3" regionsrebuilding="0"/>
  </mem-info>
</gc-start>
<allocation-stats totalBytes="43761000" >
  <allocated-bytes non-tlh="0" tlh="43761000" arrayletleaf="0"/>
  <largest-consumer threadName="main" threadId="000000000096B700" bytes="43761000" />
</allocation-stats>
<gc-op id="860" type="copy forward" timems="2.599" contextid="857" timestamp="2019-07-07T05:36:10.596">
  <memory-copied type="eden" objects="1" bytes="24" bytesdiscarded="0" />
  <memory-copied type="other" objects="9741" bytes="228152" bytesdiscarded="0" />
  <memory-cardclean objects="1377" bytes="302168" />
  <regions eden="42" other="1" />
  <remembered-set-cleared processed="51761" cleared="575" durationms="0.508" />
  <references type="soft" candidates="24" cleared="0" enqueued="0" dynamicThreshold="19" maxThreshold="32" />
  <references type="weak" candidates="45" cleared="0" enqueued="0" />
  <stringconstants candidates="13774" cleared="0"  />
</gc-op>
<gc-op id="861" type="classunload" timems="0.003" contextid="857" timestamp="2019-07-07T05:36:10.596">
  <classunload-info classloadercandidates="55" classloadersunloaded="0" classesunloaded="0" anonymousclassesunloaded="0" quiescems="0.000" setupms="0.003" scanms="0.000" postms="0.000" />
</gc-op>
<heap-resize id="862" type="expand" space="default" amount="3145728" count="1" timems="0.085" reason="excessive time being spent in gc" timestamp="2019-07-07T05:36:10.596" />
<gc-end id="863" type="partial gc" contextid="857" durationms="4.046" usertimems="4.000" systemtimems="0.000" timestamp="2019-07-07T05:36:10.596" activeThreads="1">
  <mem-info id="864" free="93323264" total="155189248" percent="60">
    <mem type="eden" free="1048552" total="1048576" percent="99" />
    <arraylet-primitive objects="1" leaves="1" largest="1" />
    <remembered-set count="55424" freebytes="5972992" totalbytes="6194688" percent="96" regionsoverflowed="0" regionsstable="3" regionsrebuilding="0"/>
  </mem-info>
</gc-end>
<cycle-end id="865" type="partial gc" contextid="857" timestamp="2019-07-07T05:36:10.596" />
  <attribute name="elasticGC enabled" value="1" />
  <attribute name= "numThreadsSpecified" value="1" />
  <attribute name="heapSize specified" value="0" />
  <attribute name="Current GC Util" value="174" />
  <attribute name= "Current Time Running" value="11287" />
  <attribute name ="GC Interval" value="0" />
  <attribute name="ProportionalT" value="77.000000" />
  <attribute name="ProportionalI" value="77.000000" />
  <attribute name="ProportionalH" value="77.000000" />
  <attribute name="Current Error" value="154.000000" />
  <attribute name="IntegralT" value="0.000000" />
  <attribute name="IntegralI" value="0.000000" />
  <attribute name="IntegralH" value="0.000000" />
  <attribute name="DerivativeT" value="inf" />
  <attribute name="DerivativeI" value="inf" />
  <attribute name="DerivativeH" value="inf" />
  <attribute name="Loop Time for DT" value="0.000000" />
  <attribute name="Output H" value="8388608"/>
  <attribute name="Output I" value="200"/>
  <attribute name="Output T" value="1"/>
  <attribute name="Target GC Util Change" value ="20.000000" />
  <attribute name="Current GC Util Change" value="174.000000"/>
  <attribute name="GC Util currently" value="174" />
  <attribute name="CPU Util currently" value="11458487488813" />
<exclusive-end id="866" timestamp="2019-07-07T05:36:10.597" durationms="5.260" />

<exclusive-start id="867" timestamp="2019-07-07T05:36:10.618" intervalms="27.195">
  <response-info timems="0.082" idlems="0.082" threads="0" lastid="000000000096B700" lastname="main" />
</exclusive-start>
<allocation-taxation id="868" taxation-threshold="45088768" timestamp="2019-07-07T05:36:10.619" intervalms="27.196" />
<cycle-start id="869" type="partial gc" contextid="0" timestamp="2019-07-07T05:36:10.619" intervalms="27.236" />
<gc-start id="870" type="partial gc" contextid="869" timestamp="2019-07-07T05:36:10.619">
  <mem-info id="871" free="48234496" total="155189248" percent="31">
    <mem type="eden" free="1048552" total="46137344" percent="2" />
    <arraylet-primitive objects="1" leaves="1" largest="1" />
    <remembered-set count="55136" freebytes="5974144" totalbytes="6194688" percent="96" regionsoverflowed="0" regionsstable="3" regionsrebuilding="0"/>
  </mem-info>
</gc-start>
<allocation-stats totalBytes="44806128" >
  <allocated-bytes non-tlh="0" tlh="44806128" arrayletleaf="0"/>
  <largest-consumer threadName="main" threadId="000000000096B700" bytes="44806128" />
</allocation-stats>
<gc-op id="872" type="copy forward" timems="3.514" contextid="869" timestamp="2019-07-07T05:36:10.624">
  <memory-copied type="eden" objects="1" bytes="24" bytesdiscarded="0" />
  <memory-copied type="other" objects="9741" bytes="228152" bytesdiscarded="9224" />
  <memory-cardclean objects="1377" bytes="302168" />
  <regions eden="43" other="2" />
  <remembered-set-cleared processed="51762" cleared="576" durationms="0.313" />
  <references type="soft" candidates="24" cleared="0" enqueued="0" dynamicThreshold="19" maxThreshold="32" />
  <references type="weak" candidates="45" cleared="0" enqueued="0" />
  <stringconstants candidates="13774" cleared="0"  />
</gc-op>
<gc-op id="873" type="classunload" timems="0.004" contextid="869" timestamp="2019-07-07T05:36:10.624">
  <classunload-info classloadercandidates="55" classloadersunloaded="0" classesunloaded="0" anonymousclassesunloaded="0" quiescems="0.000" setupms="0.004" scanms="0.000" postms="0.000" />
</gc-op>
<gc-end id="874" type="partial gc" contextid="869" durationms="4.829" usertimems="0.000" systemtimems="4.000" timestamp="2019-07-07T05:36:10.624" activeThreads="4">
  <mem-info id="875" free="93323264" total="155189248" percent="60">
    <mem type="eden" free="1048552" total="1048576" percent="99" />
    <arraylet-primitive objects="1" leaves="1" largest="1" />
    <remembered-set count="55648" freebytes="5972096" totalbytes="6194688" percent="96" regionsoverflowed="0" regionsstable="3" regionsrebuilding="0"/>
  </mem-info>
</gc-end>
<cycle-end id="876" type="partial gc" contextid="869" timestamp="2019-07-07T05:36:10.624" />
  <attribute name="elasticGC enabled" value="1" />
  <attribute name= "numThreadsSpecified" value="4" />
  <attribute name="heapSize specified" value="0" />
  <attribute name="Current GC Util" value="177" />
  <attribute name= "Current Time Running" value="11315" />
  <attribute name ="GC Interval" value="0" />
  <attribute name="ProportionalT" value="78.500000" />
  <attribute name="ProportionalI" value="78.500000" />
  <attribute name="ProportionalH" value="78.500000" />
  <attribute name="Current Error" value="157.000000" />
  <attribute name="IntegralT" value="78.500000" />
  <attribute name="IntegralI" value="78.500000" />
  <attribute name="IntegralH" value="78.500000" />
  <attribute name="DerivativeT" value="157.000000" />
  <attribute name="DerivativeI" value="157.000000" />
  <attribute name="DerivativeH" value="157.000000" />
  <attribute name="Loop Time for DT" value="1.000000" />
  <attribute name="Output H" value="8388608"/>
  <attribute name="Output I" value="320"/>
  <attribute name="Output T" value="4"/>
  <attribute name="Target GC Util Change" value ="20.000000" />
  <attribute name="Current GC Util Change" value="177.000000"/>
  <attribute name="GC Util currently" value="177" />
  <attribute name="CPU Util currently" value="11540755758330" />
<exclusive-end id="877" timestamp="2019-07-07T05:36:10.625" durationms="6.133" />

<exclusive-start id="878" timestamp="2019-07-07T05:36:10.647" intervalms="28.190">
  <response-info timems="0.119" idlems="0.119" threads="0" lastid="000000000096B700" lastname="main" />
</exclusive-start>
<allocation-taxation id="879" taxation-threshold="45088768" timestamp="2019-07-07T05:36:10.647" intervalms="28.237" />
<cycle-start id="880" type="partial gc" contextid="0" timestamp="2019-07-07T05:36:10.647" intervalms="28.221" />
<gc-start id="881" type="partial gc" contextid="880" timestamp="2019-07-07T05:36:10.648">
  <mem-info id="882" free="48234496" total="155189248" percent="31">
    <mem type="eden" free="1048552" total="46137344" percent="2" />
    <arraylet-primitive objects="1" leaves="1" largest="1" />
    <remembered-set count="55616" freebytes="5972224" totalbytes="6194688" percent="96" regionsoverflowed="0" regionsstable="3" regionsrebuilding="0"/>
  </mem-info>
</gc-start>
<allocation-stats totalBytes="44806152" >
  <allocated-bytes non-tlh="0" tlh="44806152" arrayletleaf="0"/>
  <largest-consumer threadName="main" threadId="000000000096B700" bytes="44806152" />
</allocation-stats>
<gc-op id="883" type="copy forward" timems="3.633" contextid="880" timestamp="2019-07-07T05:36:10.652">
  <memory-copied type="eden" objects="1" bytes="24" bytesdiscarded="0" />
  <memory-copied type="other" objects="9741" bytes="228152" bytesdiscarded="6352" />
  <memory-cardclean objects="1377" bytes="302168" />
  <regions eden="43" other="2" />
  <remembered-set-cleared processed="51786" cleared="600" durationms="0.311" />
  <references type="soft" candidates="24" cleared="0" enqueued="0" dynamicThreshold="19" maxThreshold="32" />
  <references type="weak" candidates="45" cleared="0" enqueued="0" />
  <stringconstants candidates="13774" cleared="0"  />
</gc-op>
<gc-op id="884" type="classunload" timems="0.004" contextid="880" timestamp="2019-07-07T05:36:10.652">
  <classunload-info classloadercandidates="55" classloadersunloaded="0" classesunloaded="0" anonymousclassesunloaded="0" quiescems="0.000" setupms="0.004" scanms="0.000" postms="0.000" />
</gc-op>
<gc-end id="885" type="partial gc" contextid="880" durationms="4.987" usertimems="8.000" systemtimems="0.000" timestamp="2019-07-07T05:36:10.653" activeThreads="4">
  <mem-info id="886" free="93323264" total="155189248" percent="60">
    <mem type="eden" free="1048552" total="1048576" percent="99" />
    <arraylet-primitive objects="1" leaves="1" largest="1" />
    <remembered-set count="55648" freebytes="5972096" totalbytes="6194688" percent="96" regionsoverflowed="0" regionsstable="3" regionsrebuilding="0"/>
  </mem-info>
</gc-end>
<cycle-end id="887" type="partial gc" contextid="880" timestamp="2019-07-07T05:36:10.653" />
  <attribute name="elasticGC enabled" value="1" />
  <attribute name= "numThreadsSpecified" value="4" />
  <attribute name="heapSize specified" value="0" />
  <attribute name="Current GC Util" value="101" />
  <attribute name= "Current Time Running" value="11343" />
  <attribute name ="GC Interval" value="0" />
  <attribute name="ProportionalT" value="40.500000" />
  <attribute name="ProportionalI" value="40.500000" />
  <attribute name="ProportionalH" value="40.500000" />
  <attribute name="Current Error" value="81.000000" />
  <attribute name="IntegralT" value="40.500000" />
  <attribute name="IntegralI" value="40.500000" />
  <attribute name="IntegralH" value="40.500000" />
  <attribute name="DerivativeT" value="76.000000" />
  <attribute name="DerivativeI" value="76.000000" />
  <attribute name="DerivativeH" value="76.000000" />
  <attribute name="Loop Time for DT" value="1.000000" />
  <attribute name="Output H" value="8388608"/>
  <attribute name="Output I" value="200"/>
  <attribute name="Output T" value="4"/>
  <attribute name="Target GC Util Change" value ="20.000000" />
  <attribute name="Current GC Util Change" value="101.000000"/>
  <attribute name="GC Util currently" value="101" />
  <attribute name="CPU Util currently" value="11377945220401" />
<exclusive-end id="888" timestamp="2019-07-07T05:36:10.653" durationms="6.323" />

<exclusive-start id="889" timestamp="2019-07-07T05:36:10.675" intervalms="28.239">
  <response-info timems="0.081" idlems="0.081" threads="0" lastid="000000000096B700" lastname="main" />
</exclusive-start>
<allocation-taxation id="890" taxation-threshold="45088768" timestamp="2019-07-07T05:36:10.675" intervalms="28.235" />
<cycle-start id="891" type="partial gc" contextid="0" timestamp="2019-07-07T05:36:10.675" intervalms="28.215" />
<gc-start id="892" type="partial gc" contextid="891" timestamp="2019-07-07T05:36:10.676">
  <mem-info id="893" free="48234496" total="155189248" percent="31">
    <mem type="eden" free="1048552" total="46137344" percent="2" />
    <arraylet-primitive objects="1" leaves="1" largest="1" />
    <remembered-set count="54784" freebytes="5975552" totalbytes="6194688" percent="96" regionsoverflowed="0" regionsstable="4" regionsrebuilding="0"/>
  </mem-info>
</gc-start>
<allocation-stats totalBytes="44806128" >
  <allocated-bytes non-tlh="0" tlh="44806128" arrayletleaf="0"/>
  <largest-consumer threadName="main" threadId="000000000096B700" bytes="44806128" />
</allocation-stats>
<gc-op id="894" type="copy forward" timems="2.663" contextid="891" timestamp="2019-07-07T05:36:10.679">
  <memory-copied type="eden" objects="1" bytes="24" bytesdiscarded="0" />
  <memory-copied type="other" objects="9741" bytes="228152" bytesdiscarded="0" />
  <memory-cardclean objects="1377" bytes="302168" />
  <regions eden="43" other="2" />
  <remembered-set-cleared processed="51274" cleared="608" durationms="0.520" />
  <references type="soft" candidates="24" cleared="0" enqueued="0" dynamicThreshold="19" maxThreshold="32" />
  <references type="weak" candidates="45" cleared="0" enqueued="0" />
  <stringconstants candidates="13774" cleared="0"  />
</gc-op>
<gc-op id="895" type="classunload" timems="0.004" contextid="891" timestamp="2019-07-07T05:36:10.679">
  <classunload-info classloadercandidates="55" classloadersunloaded="0" classesunloaded="0" anonymousclassesunloaded="0" quiescems="0.000" setupms="0.004" scanms="0.000" postms="0.000" />
</gc-op>
<gc-end id="896" type="partial gc" contextid="891" durationms="3.940" usertimems="4.000" systemtimems="0.000" timestamp="2019-07-07T05:36:10.680" activeThreads="1">
  <mem-info id="897" free="93323264" total="155189248" percent="60">
    <mem type="eden" free="1048552" total="1048576" percent="99" />
    <arraylet-primitive objects="1" leaves="1" largest="1" />
    <remembered-set count="55008" freebytes="5974656" totalbytes="6194688" percent="96" regionsoverflowed="0" regionsstable="4" regionsrebuilding="0"/>
  </mem-info>
</gc-end>
<cycle-end id="898" type="partial gc" contextid="891" timestamp="2019-07-07T05:36:10.680" />
  <attribute name="elasticGC enabled" value="1" />
  <attribute name= "numThreadsSpecified" value="1" />
  <attribute name="heapSize specified" value="0" />
  <attribute name="Current GC Util" value="93" />
  <attribute name= "Current Time Running" value="11371" />
  <attribute name ="GC Interval" value="0" />
  <attribute name="ProportionalT" value="36.500000" />
  <attribute name="ProportionalI" value="36.500000" />
  <attribute name="ProportionalH" value="36.500000" />
  <attribute name="Current Error" value="73.000000" />
  <attribute name="IntegralT" value="0.000000" />
  <attribute name="IntegralI" value="0.000000" />
  <attribute name="IntegralH" value="0.000000" />
  <attribute name="DerivativeT" value="inf" />
  <attribute name="DerivativeI" value="inf" />
  <attribute name="DerivativeH" value="inf" />
  <attribute name="Loop Time for DT" value="0.000000" />
  <attribute name="Output H" value="8388608"/>
  <attribute name="Output I" value="200"/>
  <attribute name="Output T" value="1"/>
  <attribute name="Target GC Util Change" value ="20.000000" />
  <attribute name="Current GC Util Change" value="93.000000"/>
  <attribute name="GC Util currently" value="93" />
  <attribute name="CPU Util currently" value="10538732251011" />
<exclusive-end id="899" timestamp="2019-07-07T05:36:10.680" durationms="5.050" />

<exclusive-start id="900" timestamp="2019-07-07T05:36:10.702" intervalms="26.974">
  <response-info timems="0.238" idlems="0.238" threads="0" lastid="000000000096B700" lastname="main" />
</exclusive-start>
<allocation-taxation id="901" taxation-threshold="45088768" timestamp="2019-07-07T05:36:10.702" intervalms="26.974" />
<cycle-start id="902" type="partial gc" contextid="0" timestamp="2019-07-07T05:36:10.702" intervalms="26.907" />
<gc-start id="903" type="partial gc" contextid="902" timestamp="2019-07-07T05:36:10.703">
  <mem-info id="904" free="48234496" total="155189248" percent="31">
    <mem type="eden" free="1048552" total="46137344" percent="2" />
    <arraylet-primitive objects="1" leaves="1" largest="1" />
    <remembered-set count="53952" freebytes="5978880" totalbytes="6194688" percent="96" regionsoverflowed="0" regionsstable="5" regionsrebuilding="0"/>
  </mem-info>
</gc-start>
<allocation-stats totalBytes="44806128" >
  <allocated-bytes non-tlh="0" tlh="44806128" arrayletleaf="0"/>
  <largest-consumer threadName="main" threadId="000000000096B700" bytes="44806128" />
</allocation-stats>
<gc-op id="905" type="copy forward" timems="2.680" contextid="902" timestamp="2019-07-07T05:36:10.706">
  <memory-copied type="eden" objects="1" bytes="24" bytesdiscarded="0" />
  <memory-copied type="other" objects="9741" bytes="228152" bytesdiscarded="0" />
  <memory-cardclean objects="1377" bytes="302168" />
  <regions eden="43" other="2" />
  <remembered-set-cleared processed="50487" cleared="575" durationms="0.514" />
  <references type="soft" candidates="24" cleared="0" enqueued="0" dynamicThreshold="19" maxThreshold="32" />
  <references type="weak" candidates="45" cleared="0" enqueued="0" />
  <stringconstants candidates="13774" cleared="0"  />
</gc-op>
<gc-op id="906" type="classunload" timems="0.005" contextid="902" timestamp="2019-07-07T05:36:10.706">
  <classunload-info classloadercandidates="55" classloadersunloaded="0" classesunloaded="0" anonymousclassesunloaded="0" quiescems="0.000" setupms="0.005" scanms="0.000" postms="0.000" />
</gc-op>
<gc-end id="907" type="partial gc" contextid="902" durationms="4.051" usertimems="8.000" systemtimems="0.000" timestamp="2019-07-07T05:36:10.707" activeThreads="1">
  <mem-info id="908" free="93323264" total="155189248" percent="60">
    <mem type="eden" free="1048552" total="1048576" percent="99" />
    <arraylet-primitive objects="1" leaves="1" largest="1" />
    <remembered-set count="54336" freebytes="5977344" totalbytes="6194688" percent="96" regionsoverflowed="0" regionsstable="5" regionsrebuilding="0"/>
  </mem-info>
</gc-end>
<cycle-end id="909" type="partial gc" contextid="902" timestamp="2019-07-07T05:36:10.707" />
  <attribute name="elasticGC enabled" value="1" />
  <attribute name= "numThreadsSpecified" value="1" />
  <attribute name="heapSize specified" value="0" />
  <attribute name="Current GC Util" value="161" />
  <attribute name= "Current Time Running" value="11398" />
  <attribute name ="GC Interval" value="0" />
  <attribute name="ProportionalT" value="70.500000" />
  <attribute name="ProportionalI" value="70.500000" />
  <attribute name="ProportionalH" value="70.500000" />
  <attribute name="Current Error" value="141.000000" />
  <attribute name="IntegralT" value="0.000000" />
  <attribute name="IntegralI" value="0.000000" />
  <attribute name="IntegralH" value="0.000000" />
  <attribute name="DerivativeT" value="inf" />
  <attribute name="DerivativeI" value="inf" />
  <attribute name="DerivativeH" value="inf" />
  <attribute name="Loop Time for DT" value="0.000000" />
  <attribute name="Output H" value="8388608"/>
  <attribute name="Output I" value="200"/>
  <attribute name="Output T" value="1"/>
  <attribute name="Target GC Util Change" value ="20.000000" />
  <attribute name="Current GC Util Change" value="161.000000"/>
  <attribute name="GC Util currently" value="161" />
  <attribute name="CPU Util currently" value="10528723089751" />
<exclusive-end id="910" timestamp="2019-07-07T05:36:10.707" durationms="5.089" />

<exclusive-start id="911" timestamp="2019-07-07T05:36:10.729" intervalms="26.879">
  <response-info timems="0.029" idlems="0.029" threads="0" lastid="000000000096B700" lastname="main" />
</exclusive-start>
<allocation-taxation id="912" taxation-threshold="45088768" timestamp="2019-07-07T05:36:10.729" intervalms="26.806" />
<cycle-start id="913" type="partial gc" contextid="0" timestamp="2019-07-07T05:36:10.729" intervalms="26.797" />
<gc-start id="914" type="partial gc" contextid="913" timestamp="2019-07-07T05:36:10.729">
  <mem-info id="915" free="48234496" total="155189248" percent="31">
    <mem type="eden" free="1048552" total="46137344" percent="2" />
    <arraylet-primitive objects="1" leaves="1" largest="1" />
    <remembered-set count="53152" freebytes="5982080" totalbytes="6194688" percent="96" regionsoverflowed="0" regionsstable="6" regionsrebuilding="0"/>
  </mem-info>
</gc-start>
<allocation-stats totalBytes="44806152" >
  <allocated-bytes non-tlh="0" tlh="44806152" arrayletleaf="0"/>
  <largest-consumer threadName="main" threadId="000000000096B700" bytes="44806152" />
</allocation-stats>
<gc-op id="916" type="copy forward" timems="3.920" contextid="913" timestamp="2019-07-07T05:36:10.734">
  <memory-copied type="eden" objects="1" bytes="24" bytesdiscarded="0" />
  <memory-copied type="other" objects="9741" bytes="228152" bytesdiscarded="12744" />
  <memory-cardclean objects="1377" bytes="302168" />
  <regions eden="43" other="2" />
  <remembered-set-cleared processed="49606" cleared="573" durationms="0.300" />
  <references type="soft" candidates="24" cleared="0" enqueued="0" dynamicThreshold="19" maxThreshold="32" />
  <references type="weak" candidates="45" cleared="0" enqueued="0" />
  <stringconstants candidates="13774" cleared="0"  />
</gc-op>
<gc-op id="917" type="classunload" timems="0.004" contextid="913" timestamp="2019-07-07T05:36:10.734">
  <classunload-info classloadercandidates="55" classloadersunloaded="0" classesunloaded="0" anonymousclassesunloaded="0" quiescems="0.000" setupms="0.004" scanms="0.000" postms="0.000" />
</gc-op>
<gc-end id="918" type="partial gc" contextid="913" durationms="5.191" usertimems="8.000" systemtimems="0.000" timestamp="2019-07-07T05:36:10.735" activeThreads="4">
  <mem-info id="919" free="93323264" total="155189248" percent="60">
    <mem type="eden" free="1048552" total="1048576" percent="99" />
    <arraylet-primitive objects="1" leaves="1" largest="1" />
    <remembered-set count="53952" freebytes="5978880" totalbytes="6194688" percent="96" regionsoverflowed="0" regionsstable="6" regionsrebuilding="0"/>
  </mem-info>
</gc-end>
<cycle-end id="920" type="partial gc" contextid="913" timestamp="2019-07-07T05:36:10.735" />
  <attribute name="elasticGC enabled" value="1" />
  <attribute name= "numThreadsSpecified" value="4" />
  <attribute name="heapSize specified" value="0" />
  <attribute name="Current GC Util" value="177" />
  <attribute name= "Current Time Running" value="11425" />
  <attribute name ="GC Interval" value="0" />
  <attribute name="ProportionalT" value="78.500000" />
  <attribute name="ProportionalI" value="78.500000" />
  <attribute name="ProportionalH" value="78.500000" />
  <attribute name="Current Error" value="157.000000" />
  <attribute name="IntegralT" value="78.500000" />
  <attribute name="IntegralI" value="78.500000" />
  <attribute name="IntegralH" value="78.500000" />
  <attribute name="DerivativeT" value="157.000000" />
  <attribute name="DerivativeI" value="157.000000" />
  <attribute name="DerivativeH" value="157.000000" />
  <attribute name="Loop Time for DT" value="1.000000" />
  <attribute name="Output H" value="8388608"/>
  <attribute name="Output I" value="320"/>
  <attribute name="Output T" value="4"/>
  <attribute name="Target GC Util Change" value ="20.000000" />
  <attribute name="Current GC Util Change" value="177.000000"/>
  <attribute name="GC Util currently" value="177" />
  <attribute name="CPU Util currently" value="11313189644817" />
<exclusive-end id="921" timestamp="2019-07-07T05:36:10.735" durationms="6.216" />

<exclusive-start id="922" timestamp="2019-07-07T05:36:10.755" intervalms="26.362">
  <response-info timems="0.075" idlems="0.075" threads="0" lastid="000000000096B700" lastname="main" />
</exclusive-start>
<allocation-taxation id="923" taxation-threshold="45088768" timestamp="2019-07-07T05:36:10.755" intervalms="26.444" />
<cycle-start id="924" type="partial gc" contextid="0" timestamp="2019-07-07T05:36:10.756" intervalms="26.543" />
<gc-start id="925" type="partial gc" contextid="924" timestamp="2019-07-07T05:36:10.756">
  <mem-info id="926" free="48234496" total="155189248" percent="31">
    <mem type="eden" free="1048552" total="46137344" percent="2" />
    <arraylet-primitive objects="1" leaves="1" largest="1" />
    <remembered-set count="52832" freebytes="5983360" totalbytes="6194688" percent="96" regionsoverflowed="0" regionsstable="8" regionsrebuilding="0"/>
  </mem-info>
</gc-start>
<allocation-stats totalBytes="44806128" >
  <allocated-bytes non-tlh="0" tlh="44806128" arrayletleaf="0"/>
  <largest-consumer threadName="main" threadId="000000000096B700" bytes="44806128" />
</allocation-stats>
<gc-op id="927" type="copy forward" timems="1.497" contextid="924" timestamp="2019-07-07T05:36:10.758">
  <memory-copied type="eden" objects="1" bytes="24" bytesdiscarded="0" />
  <memory-copied type="other" objects="27" bytes="1920" bytesdiscarded="0" />
  <memory-cardclean objects="59" bytes="1864" />
  <regions eden="43" other="2" />
  <remembered-set-cleared processed="48943" cleared="42" durationms="0.480" />
  <stringconstants candidates="13774" cleared="0"  />
</gc-op>
<gc-op id="928" type="classunload" timems="0.004" contextid="924" timestamp="2019-07-07T05:36:10.759">
  <classunload-info classloadercandidates="55" classloadersunloaded="0" classesunloaded="0" anonymousclassesunloaded="0" quiescems="0.000" setupms="0.003" scanms="0.000" postms="0.000" />
</gc-op>
<gc-end id="929" type="partial gc" contextid="924" durationms="2.871" usertimems="4.000" systemtimems="0.000" timestamp="2019-07-07T05:36:10.759" activeThreads="1">
  <mem-info id="930" free="93323264" total="155189248" percent="60">
    <mem type="eden" free="1048552" total="1048576" percent="99" />
    <arraylet-primitive objects="1" leaves="1" largest="1" />
    <remembered-set count="53216" freebytes="5981824" totalbytes="6194688" percent="96" regionsoverflowed="0" regionsstable="8" regionsrebuilding="0"/>
  </mem-info>
</gc-end>
<cycle-end id="931" type="partial gc" contextid="924" timestamp="2019-07-07T05:36:10.759" />
  <attribute name="elasticGC enabled" value="1" />
  <attribute name= "numThreadsSpecified" value="1" />
  <attribute name="heapSize specified" value="0" />
  <attribute name="Current GC Util" value="104" />
  <attribute name= "Current Time Running" value="11451" />
  <attribute name ="GC Interval" value="0" />
  <attribute name="ProportionalT" value="42.000000" />
  <attribute name="ProportionalI" value="42.000000" />
  <attribute name="ProportionalH" value="42.000000" />
  <attribute name="Current Error" value="84.000000" />
  <attribute name="IntegralT" value="0.000000" />
  <attribute name="IntegralI" value="0.000000" />
  <attribute name="IntegralH" value="0.000000" />
  <attribute name="DerivativeT" value="inf" />
  <attribute name="DerivativeI" value="inf" />
  <attribute name="DerivativeH" value="inf" />
  <attribute name="Loop Time for DT" value="0.000000" />
  <attribute name="Output H" value="8388608"/>
  <attribute name="Output I" value="200"/>
  <attribute name="Output T" value="1"/>
  <attribute name="Target GC Util Change" value ="20.000000" />
  <attribute name="Current GC Util Change" value="104.000000"/>
  <attribute name="GC Util currently" value="104" />
  <attribute name="CPU Util currently" value="11580196817052" />
<exclusive-end id="932" timestamp="2019-07-07T05:36:10.759" durationms="4.021" />

<exclusive-start id="933" timestamp="2019-07-07T05:36:10.905" intervalms="149.488">
  <response-info timems="0.084" idlems="0.084" threads="0" lastid="000000000096B700" lastname="main" />
</exclusive-start>
<allocation-taxation id="934" taxation-threshold="45088768" timestamp="2019-07-07T05:36:10.905" intervalms="149.535" />
<cycle-start id="935" type="partial gc" contextid="0" timestamp="2019-07-07T05:36:10.905" intervalms="149.551" />
<gc-start id="936" type="partial gc" contextid="935" timestamp="2019-07-07T05:36:10.906">
  <mem-info id="937" free="48234496" total="155189248" percent="31">
    <mem type="eden" free="1048552" total="46137344" percent="2" />
    <arraylet-primitive objects="1" leaves="1" largest="1" />
    <remembered-set count="52832" freebytes="5983360" totalbytes="6194688" percent="96" regionsoverflowed="0" regionsstable="8" regionsrebuilding="0"/>
  </mem-info>
</gc-start>
<allocation-stats totalBytes="45077656" >
  <allocated-bytes non-tlh="0" tlh="45077656" arrayletleaf="0"/>
  <largest-consumer threadName="main" threadId="000000000096B700" bytes="45077656" />
</allocation-stats>
<gc-op id="938" type="copy forward" timems="1.558" contextid="935" timestamp="2019-07-07T05:36:10.908">
  <memory-copied type="eden" objects="151" bytes="4968" bytesdiscarded="0" />
  <memory-copied type="other" objects="8" bytes="184" bytesdiscarded="0" />
  <memory-cardclean objects="105" bytes="3392" />
  <regions eden="43" other="2" />
  <remembered-set-cleared processed="48942" cleared="57" durationms="0.489" />
  <stringconstants candidates="13774" cleared="0"  />
</gc-op>
<gc-op id="939" type="classunload" timems="0.004" contextid="935" timestamp="2019-07-07T05:36:10.908">
  <classunload-info classloadercandidates="55" classloadersunloaded="0" classesunloaded="0" anonymousclassesunloaded="0" quiescems="0.000" setupms="0.004" scanms="0.000" postms="0.000" />
</gc-op>
<gc-end id="940" type="partial gc" contextid="935" durationms="3.044" usertimems="4.000" systemtimems="0.000" timestamp="2019-07-07T05:36:10.909" activeThreads="1">
  <mem-info id="941" free="93323264" total="155189248" percent="60">
    <mem type="eden" free="1043608" total="1048576" percent="99" />
    <arraylet-primitive objects="1" leaves="1" largest="1" />
    <remembered-set count="53184" freebytes="5981952" totalbytes="6194688" percent="96" regionsoverflowed="0" regionsstable="8" regionsrebuilding="0"/>
  </mem-info>
</gc-end>
<cycle-end id="942" type="partial gc" contextid="935" timestamp="2019-07-07T05:36:10.909" />
  <attribute name="elasticGC enabled" value="1" />
  <attribute name= "numThreadsSpecified" value="1" />
  <attribute name="heapSize specified" value="0" />
  <attribute name="Current GC Util" value="172" />
  <attribute name= "Current Time Running" value="11601" />
  <attribute name ="GC Interval" value="0" />
  <attribute name="ProportionalT" value="76.000000" />
  <attribute name="ProportionalI" value="76.000000" />
  <attribute name="ProportionalH" value="76.000000" />
  <attribute name="Current Error" value="152.000000" />
  <attribute name="IntegralT" value="0.000000" />
  <attribute name="IntegralI" value="0.000000" />
  <attribute name="IntegralH" value="0.000000" />
  <attribute name="DerivativeT" value="inf" />
  <attribute name="DerivativeI" value="inf" />
  <attribute name="DerivativeH" value="inf" />
  <attribute name="Loop Time for DT" value="0.000000" />
  <attribute name="Output H" value="8388608"/>
  <attribute name="Output I" value="200"/>
  <attribute name="Output T" value="1"/>
  <attribute name="Target GC Util Change" value ="20.000000" />
  <attribute name="Current GC Util Change" value="172.000000"/>
  <attribute name="GC Util currently" value="172" />
  <attribute name="CPU Util currently" value="11148952116682" />
<exclusive-end id="943" timestamp="2019-07-07T05:36:10.909" durationms="4.515" />

<exclusive-start id="944" timestamp="2019-07-07T05:36:11.030" intervalms="124.986">
  <response-info timems="0.114" idlems="0.114" threads="0" lastid="000000000096B700" lastname="main" />
</exclusive-start>
<allocation-taxation id="945" taxation-threshold="45088768" timestamp="2019-07-07T05:36:11.030" intervalms="124.964" />
<cycle-start id="946" type="partial gc" contextid="0" timestamp="2019-07-07T05:36:11.030" intervalms="124.929" />
<gc-start id="947" type="partial gc" contextid="946" timestamp="2019-07-07T05:36:11.031">
  <mem-info id="948" free="48234496" total="155189248" percent="31">
    <mem type="eden" free="0" total="45088768" percent="0" />
    <arraylet-primitive objects="1" leaves="1" largest="1" />
    <remembered-set count="52864" freebytes="5983232" totalbytes="6194688" percent="96" regionsoverflowed="0" regionsstable="8" regionsrebuilding="0"/>
  </mem-info>
</gc-start>
<allocation-stats totalBytes="45083136" >
  <allocated-bytes non-tlh="0" tlh="45083136" arrayletleaf="0"/>
  <largest-consumer threadName="main" threadId="000000000096B700" bytes="45083136" />
</allocation-stats>
<gc-op id="949" type="copy forward" timems="1.605" contextid="946" timestamp="2019-07-07T05:36:11.033">
  <memory-copied type="eden" objects="240" bytes="7848" bytesdiscarded="0" />
  <memory-copied type="other" objects="15" bytes="344" bytesdiscarded="0" />
  <memory-cardclean objects="142" bytes="12592" />
  <regions eden="43" other="2" />
  <remembered-set-cleared processed="48973" cleared="139" durationms="0.498" />
  <references type="weak" candidates="39" cleared="0" enqueued="0" />
  <stringconstants candidates="13774" cleared="0"  />
</gc-op>
<gc-op id="950" type="classunload" timems="0.003" contextid="946" timestamp="2019-07-07T05:36:11.033">
  <classunload-info classloadercandidates="55" classloadersunloaded="0" classesunloaded="0" anonymousclassesunloaded="0" quiescems="0.000" setupms="0.003" scanms="0.000" postms="0.000" />
</gc-op>
<heap-resize id="951" type="contract" space="default" amount="8388608" count="1" timems="0.074" reason="insufficient time being spent in gc" timestamp="2019-07-07T05:36:11.034" />
<gc-end id="952" type="partial gc" contextid="946" durationms="3.286" usertimems="4.000" systemtimems="0.000" timestamp="2019-07-07T05:36:11.034" activeThreads="1">
  <mem-info id="953" free="83886080" total="146800640" percent="57">
    <mem type="eden" free="1040680" total="1048576" percent="99" />
    <arraylet-primitive objects="1" leaves="1" largest="1" />
    <remembered-set count="53184" freebytes="5981952" totalbytes="6194688" percent="96" regionsoverflowed="0" regionsstable="8" regionsrebuilding="0"/>
  </mem-info>
</gc-end>
<cycle-end id="954" type="partial gc" contextid="946" timestamp="2019-07-07T05:36:11.034" />
  <attribute name="elasticGC enabled" value="1" />
  <attribute name= "numThreadsSpecified" value="1" />
  <attribute name="heapSize specified" value="0" />
  <attribute name="Current GC Util" value="183" />
  <attribute name= "Current Time Running" value="11726" />
  <attribute name ="GC Interval" value="0" />
  <attribute name="ProportionalT" value="81.500000" />
  <attribute name="ProportionalI" value="81.500000" />
  <attribute name="ProportionalH" value="81.500000" />
  <attribute name="Current Error" value="163.000000" />
  <attribute name="IntegralT" value="0.000000" />
  <attribute name="IntegralI" value="0.000000" />
  <attribute name="IntegralH" value="0.000000" />
  <attribute name="DerivativeT" value="inf" />
  <attribute name="DerivativeI" value="inf" />
  <attribute name="DerivativeH" value="inf" />
  <attribute name="Loop Time for DT" value="0.000000" />
  <attribute name="Output H" value="8388608"/>
  <attribute name="Output I" value="200"/>
  <attribute name="Output T" value="1"/>
  <attribute name="Target GC Util Change" value ="20.000000" />
  <attribute name="Current GC Util Change" value="183.000000"/>
  <attribute name="GC Util currently" value="183" />
  <attribute name="CPU Util currently" value="11576999063813" />
<exclusive-end id="955" timestamp="2019-07-07T05:36:11.034" durationms="4.755" />

<exclusive-start id="956" timestamp="2019-07-07T05:36:11.094" intervalms="64.252">
  <response-info timems="0.082" idlems="0.082" threads="0" lastid="000000000096B700" lastname="main" />
</exclusive-start>
<allocation-taxation id="957" taxation-threshold="42991616" timestamp="2019-07-07T05:36:11.094" intervalms="64.207" />
<cycle-start id="958" type="partial gc" contextid="0" timestamp="2019-07-07T05:36:11.094" intervalms="64.202" />
<gc-start id="959" type="partial gc" contextid="958" timestamp="2019-07-07T05:36:11.095">
  <mem-info id="960" free="40894464" total="146800640" percent="27">
    <mem type="eden" free="0" total="42991616" percent="0" />
    <arraylet-primitive objects="1" leaves="1" largest="1" />
    <remembered-set count="52992" freebytes="5982720" totalbytes="6194688" percent="96" regionsoverflowed="0" regionsstable="8" regionsrebuilding="0"/>
  </mem-info>
</gc-start>
<allocation-stats totalBytes="42972752" >
  <allocated-bytes non-tlh="0" tlh="42972752" arrayletleaf="0"/>
  <largest-consumer threadName="main" threadId="000000000096B700" bytes="42972752" />
</allocation-stats>
<gc-op id="961" type="copy forward" timems="1.894" contextid="958" timestamp="2019-07-07T05:36:11.098">
  <memory-copied type="eden" objects="23" bytes="824" bytesdiscarded="0" />
  <memory-copied type="other" objects="112" bytes="3744" bytesdiscarded="0" />
  <memory-cardclean objects="2665" bytes="207696" />
  <regions eden="41" other="2" />
  <remembered-set-cleared processed="48821" cleared="170" durationms="0.481" />
  <references type="weak" candidates="39" cleared="0" enqueued="0" />
  <stringconstants candidates="13774" cleared="0"  />
</gc-op>
<gc-op id="962" type="classunload" timems="0.004" contextid="958" timestamp="2019-07-07T05:36:11.098">
  <classunload-info classloadercandidates="55" classloadersunloaded="0" classesunloaded="0" anonymousclassesunloaded="0" quiescems="0.000" setupms="0.004" scanms="0.000" postms="0.000" />
</gc-op>
<heap-resize id="963" type="contract" space="default" amount="7340032" count="1" timems="0.062" reason="insufficient time being spent in gc" timestamp="2019-07-07T05:36:11.098" />
<gc-end id="964" type="partial gc" contextid="958" durationms="3.966" usertimems="4.000" systemtimems="0.000" timestamp="2019-07-07T05:36:11.099" activeThreads="1">
  <mem-info id="965" free="75497472" total="139460608" percent="54">
    <mem type="eden" free="1047752" total="1048576" percent="99" />
    <arraylet-primitive objects="1" leaves="1" largest="1" />
    <remembered-set count="51712" freebytes="5652992" totalbytes="5859840" percent="96" regionsoverflowed="0" regionsstable="8" regionsrebuilding="0"/>
  </mem-info>
</gc-end>
<cycle-end id="966" type="partial gc" contextid="958" timestamp="2019-07-07T05:36:11.099" />
  <attribute name="elasticGC enabled" value="1" />
  <attribute name= "numThreadsSpecified" value="1" />
  <attribute name="heapSize specified" value="0" />
  <attribute name="Current GC Util" value="92" />
  <attribute name= "Current Time Running" value="11790" />
  <attribute name ="GC Interval" value="0" />
  <attribute name="ProportionalT" value="36.000000" />
  <attribute name="ProportionalI" value="36.000000" />
  <attribute name="ProportionalH" value="36.000000" />
  <attribute name="Current Error" value="72.000000" />
  <attribute name="IntegralT" value="0.000000" />
  <attribute name="IntegralI" value="0.000000" />
  <attribute name="IntegralH" value="0.000000" />
  <attribute name="DerivativeT" value="inf" />
  <attribute name="DerivativeI" value="inf" />
  <attribute name="DerivativeH" value="inf" />
  <attribute name="Loop Time for DT" value="0.000000" />
  <attribute name="Output H" value="8388608"/>
  <attribute name="Output I" value="200"/>
  <attribute name="Output T" value="1"/>
  <attribute name="Target GC Util Change" value ="20.000000" />
  <attribute name="Current GC Util Change" value="92.000000"/>
  <attribute name="GC Util currently" value="92" />
  <attribute name="CPU Util currently" value="5599771233994" />
<exclusive-end id="967" timestamp="2019-07-07T05:36:11.099" durationms="5.285" />

<exclusive-start id="968" timestamp="2019-07-07T05:36:11.117" intervalms="23.049">
  <response-info timems="0.071" idlems="0.071" threads="0" lastid="000000000096B700" lastname="main" />
</exclusive-start>
<allocation-taxation id="969" taxation-threshold="19922944" timestamp="2019-07-07T05:36:11.117" intervalms="23.080" />
<cycle-start id="970" type="global mark phase" contextid="0" timestamp="2019-07-07T05:36:11.117" intervalms="5570.224" />
<gc-start id="971" type="global mark phase" contextid="970" timestamp="2019-07-07T05:36:11.118">
  <mem-info id="972" free="55574528" total="139460608" percent="39">
    <remembered-set count="51584" freebytes="5653504" totalbytes="5859840" percent="96" regionsoverflowed="0" regionsstable="8" regionsrebuilding="0"/>
  </mem-info>
</gc-start>
<gc-op id="973" type="mark increment" timems="1.238" contextid="970" timestamp="2019-07-07T05:36:11.119">
  <trace-info objectcount="170" scancount="0" scanbytes="0" />
</gc-op>
<gc-end id="974" type="global mark phase" contextid="970" durationms="1.592" usertimems="0.000" systemtimems="0.000" timestamp="2019-07-07T05:36:11.119" activeThreads="4">
  <mem-info id="975" free="55574528" total="139460608" percent="39">
    <remembered-set count="51584" freebytes="5653504" totalbytes="5859840" percent="96" regionsoverflowed="0" regionsstable="0" regionsrebuilding="8"/>
  </mem-info>
</gc-end>
<concurrent-start id="976" type="GMP work packet processing" contextid="970" timestamp="2019-07-07T05:36:11.119">
  <concurrent-mark-start scanTarget="1323541" />
</concurrent-start>
<exclusive-end id="977" timestamp="2019-07-07T05:36:11.120" durationms="2.672" />

<concurrent-end id="978" type="GMP work packet processing" contextid="970" timestamp="2019-07-07T05:36:11.122">
  <concurrent-mark-end bytesScanned="1382108" reasonForTermination="Work target met" />
</concurrent-end>

<exclusive-start id="979" timestamp="2019-07-07T05:36:11.137" intervalms="20.323">
  <response-info timems="0.088" idlems="0.088" threads="0" lastid="000000000096B700" lastname="main" />
</exclusive-start>
<allocation-taxation id="980" taxation-threshold="19922944" timestamp="2019-07-07T05:36:11.137" intervalms="20.280" />
<cycle-start id="981" type="partial gc" contextid="0" timestamp="2019-07-07T05:36:11.138" intervalms="43.375" />
<gc-start id="982" type="partial gc" contextid="981" timestamp="2019-07-07T05:36:11.138">
  <mem-info id="983" free="35651584" total="139460608" percent="25">
    <mem type="eden" free="0" total="39845888" percent="0" />
    <arraylet-primitive objects="1" leaves="1" largest="1" />
    <remembered-set count="53248" freebytes="5646848" totalbytes="5859840" percent="96" regionsoverflowed="0" regionsstable="0" regionsrebuilding="8"/>
  </mem-info>
</gc-start>
<allocation-stats totalBytes="39825264" >
  <allocated-bytes non-tlh="0" tlh="39825264" arrayletleaf="0"/>
  <largest-consumer threadName="main" threadId="000000000096B700" bytes="19913016" />
</allocation-stats>
<gc-op id="984" type="copy forward" timems="2.975" contextid="981" timestamp="2019-07-07T05:36:11.142">
  <memory-copied type="eden" objects="8" bytes="192" bytesdiscarded="0" />
  <memory-copied type="other" objects="123" bytes="4152" bytesdiscarded="96" />
  <memory-cardclean objects="63" bytes="10232" />
  <regions eden="38" other="2" />
  <remembered-set-cleared processed="49444" cleared="101" durationms="0.332" />
  <references type="weak" candidates="39" cleared="0" enqueued="0" />
  <stringconstants candidates="13774" cleared="0"  />
</gc-op>
<gc-op id="985" type="classunload" timems="0.005" contextid="981" timestamp="2019-07-07T05:36:11.143">
  <classunload-info classloadercandidates="55" classloadersunloaded="0" classesunloaded="0" anonymousclassesunloaded="0" quiescems="0.000" setupms="0.005" scanms="0.000" postms="0.000" />
</gc-op>
<gc-end id="986" type="partial gc" contextid="981" durationms="4.734" usertimems="4.000" systemtimems="0.000" timestamp="2019-07-07T05:36:11.143" activeThreads="4">
  <mem-info id="987" free="74448896" total="139460608" percent="53">
    <mem type="eden" free="1048384" total="1048576" percent="99" />
    <arraylet-primitive objects="1" leaves="1" largest="1" />
    <remembered-set count="53664" freebytes="5352192" totalbytes="5566848" percent="96" regionsoverflowed="0" regionsstable="0" regionsrebuilding="8"/>
  </mem-info>
</gc-end>
<cycle-end id="988" type="partial gc" contextid="981" timestamp="2019-07-07T05:36:11.143" />
  <attribute name="elasticGC enabled" value="1" />
  <attribute name= "numThreadsSpecified" value="4" />
  <attribute name="heapSize specified" value="0" />
  <attribute name="Current GC Util" value="57" />
  <attribute name= "Current Time Running" value="11834" />
  <attribute name ="GC Interval" value="0" />
  <attribute name="ProportionalT" value="18.500000" />
  <attribute name="ProportionalI" value="18.500000" />
  <attribute name="ProportionalH" value="18.500000" />
  <attribute name="Current Error" value="37.000000" />
  <attribute name="IntegralT" value="18.500000" />
  <attribute name="IntegralI" value="18.500000" />
  <attribute name="IntegralH" value="18.500000" />
  <attribute name="DerivativeT" value="37.000000" />
  <attribute name="DerivativeI" value="37.000000" />
  <attribute name="DerivativeH" value="37.000000" />
  <attribute name="Loop Time for DT" value="1.000000" />
  <attribute name="Output H" value="8388608"/>
  <attribute name="Output I" value="200"/>
  <attribute name="Output T" value="4"/>
  <attribute name="Target GC Util Change" value ="20.000000" />
  <attribute name="Current GC Util Change" value="57.000000"/>
  <attribute name="GC Util currently" value="57" />
  <attribute name="CPU Util currently" value="6091033604353" />
<exclusive-end id="989" timestamp="2019-07-07T05:36:11.143" durationms="6.015" />

<exclusive-start id="990" timestamp="2019-07-07T05:36:11.161" intervalms="23.386">
  <response-info timems="0.103" idlems="0.103" threads="0" lastid="000000000096B700" lastname="main" />
</exclusive-start>
<allocation-taxation id="991" taxation-threshold="19922944" timestamp="2019-07-07T05:36:11.161" intervalms="23.419" />
<gc-start id="992" type="global mark phase" contextid="970" timestamp="2019-07-07T05:36:11.161">
  <mem-info id="993" free="54525952" total="139460608" percent="39">
    <remembered-set count="53248" freebytes="5353856" totalbytes="5566848" percent="96" regionsoverflowed="0" regionsstable="0" regionsrebuilding="8"/>
  </mem-info>
</gc-start>
<gc-end id="994" type="global mark phase" contextid="970" durationms="0.223" usertimems="0.000" systemtimems="0.000" timestamp="2019-07-07T05:36:11.161" activeThreads="4">
  <mem-info id="995" free="54525952" total="139460608" percent="39">
    <remembered-set count="53248" freebytes="5353856" totalbytes="5566848" percent="96" regionsoverflowed="0" regionsstable="0" regionsrebuilding="8"/>
  </mem-info>
</gc-end>
<concurrent-start id="996" type="GMP work packet processing" contextid="970" timestamp="2019-07-07T05:36:11.161">
  <concurrent-mark-start scanTarget="1323541" />
</concurrent-start>
<exclusive-end id="997" timestamp="2019-07-07T05:36:11.162" durationms="1.216" />

<concurrent-end id="998" type="GMP work packet processing" contextid="970" timestamp="2019-07-07T05:36:11.164">
  <concurrent-mark-end bytesScanned="1404228" reasonForTermination="Work target met" />
</concurrent-end>

<exclusive-start id="999" timestamp="2019-07-07T05:36:11.179" intervalms="18.848">
  <response-info timems="0.202" idlems="0.202" threads="0" lastid="000000000096B700" lastname="main" />
</exclusive-start>
<allocation-taxation id="1000" taxation-threshold="19922944" timestamp="2019-07-07T05:36:11.180" intervalms="18.805" />
<cycle-start id="1001" type="partial gc" contextid="0" timestamp="2019-07-07T05:36:11.180" intervalms="42.098" />
<gc-start id="1002" type="partial gc" contextid="1001" timestamp="2019-07-07T05:36:11.180">
  <mem-info id="1003" free="34603008" total="139460608" percent="24">
    <mem type="eden" free="1048384" total="40894464" percent="2" />
    <arraylet-primitive objects="1" leaves="1" largest="1" />
    <remembered-set count="53760" freebytes="5351808" totalbytes="5566848" percent="96" regionsoverflowed="0" regionsstable="0" regionsrebuilding="8"/>
  </mem-info>
</gc-start>
<allocation-stats totalBytes="39825112" >
  <allocated-bytes non-tlh="0" tlh="39825112" arrayletleaf="0"/>
  <largest-consumer threadName="main" threadId="000000000096B700" bytes="19912936" />
</allocation-stats>
<gc-op id="1004" type="copy forward" timems="3.553" contextid="1001" timestamp="2019-07-07T05:36:11.184">
  <memory-copied type="eden" objects="5" bytes="328" bytesdiscarded="0" />
  <memory-copied type="other" objects="18" bytes="568" bytesdiscarded="0" />
  <memory-cardclean objects="45" bytes="1520" />
  <regions eden="38" other="2" />
  <remembered-set-cleared processed="49599" cleared="33" durationms="0.236" />
  <stringconstants candidates="13774" cleared="0"  />
</gc-op>
<gc-op id="1005" type="classunload" timems="0.004" contextid="1001" timestamp="2019-07-07T05:36:11.185">
  <classunload-info classloadercandidates="55" classloadersunloaded="0" classesunloaded="0" anonymousclassesunloaded="0" quiescems="0.000" setupms="0.004" scanms="0.000" postms="0.000" />
</gc-op>
<heap-resize id="1006" type="expand" space="default" amount="23068672" count="1" timems="0.353" reason="excessive time being spent in gc" timestamp="2019-07-07T05:36:11.185" />
<gc-end id="1007" type="partial gc" contextid="1001" durationms="5.113" usertimems="8.000" systemtimems="4.000" timestamp="2019-07-07T05:36:11.185" activeThreads="4">
  <mem-info id="1008" free="97517568" total="162529280" percent="60">
    <mem type="eden" free="1048248" total="1048576" percent="99" />
    <arraylet-primitive objects="1" leaves="1" largest="1" />
    <remembered-set count="53792" freebytes="6272512" totalbytes="6487680" percent="96" regionsoverflowed="0" regionsstable="0" regionsrebuilding="8"/>
  </mem-info>
</gc-end>
<cycle-end id="1009" type="partial gc" contextid="1001" timestamp="2019-07-07T05:36:11.185" />
  <attribute name="elasticGC enabled" value="1" />
  <attribute name= "numThreadsSpecified" value="4" />
  <attribute name="heapSize specified" value="0" />
  <attribute name="Current GC Util" value="0" />
  <attribute name= "Current Time Running" value="11875" />
  <attribute name ="GC Interval" value="0" />
  <attribute name="ProportionalT" value="-10.000000" />
  <attribute name="ProportionalI" value="-10.000000" />
  <attribute name="ProportionalH" value="-10.000000" />
  <attribute name="Current Error" value="-20.000000" />
  <attribute name="IntegralT" value="0.000000" />
  <attribute name="IntegralI" value="0.000000" />
  <attribute name="IntegralH" value="0.000000" />
  <attribute name="DerivativeT" value="-inf" />
  <attribute name="DerivativeI" value="-inf" />
  <attribute name="DerivativeH" value="-inf" />
  <attribute name="Loop Time for DT" value="0.000000" />
  <attribute name="Output H" value="2091843584"/>
  <attribute name="Output I" value="200"/>
  <attribute name="Output T" value="4"/>
  <attribute name="Target GC Util Change" value ="20.000000" />
  <attribute name="Current GC Util Change" value="0.000000"/>
  <attribute name="GC Util currently" value="0" />
  <attribute name="CPU Util currently" value="13778854052816" />
<exclusive-end id="1010" timestamp="2019-07-07T05:36:11.186" durationms="6.105" />

<exclusive-start id="1011" timestamp="2019-07-07T05:36:11.206" intervalms="26.803">
  <response-info timems="0.107" idlems="0.107" threads="0" lastid="000000000096B700" lastname="main" />
</exclusive-start>
<allocation-taxation id="1012" taxation-threshold="23068672" timestamp="2019-07-07T05:36:11.206" intervalms="26.821" />
<gc-start id="1013" type="global mark phase" contextid="970" timestamp="2019-07-07T05:36:11.207">
  <mem-info id="1014" free="74448896" total="162529280" percent="45">
    <remembered-set count="53792" freebytes="6272512" totalbytes="6487680" percent="96" regionsoverflowed="0" regionsstable="0" regionsrebuilding="8"/>
  </mem-info>
</gc-start>
<gc-end id="1015" type="global mark phase" contextid="970" durationms="0.129" usertimems="0.000" systemtimems="0.000" timestamp="2019-07-07T05:36:11.207" activeThreads="4">
  <mem-info id="1016" free="74448896" total="162529280" percent="45">
    <remembered-set count="53792" freebytes="6272512" totalbytes="6487680" percent="96" regionsoverflowed="0" regionsstable="0" regionsrebuilding="8"/>
  </mem-info>
</gc-end>
<concurrent-start id="1017" type="GMP work packet processing" contextid="970" timestamp="2019-07-07T05:36:11.207">
  <concurrent-mark-start scanTarget="1323541" />
</concurrent-start>
<exclusive-end id="1018" timestamp="2019-07-07T05:36:11.207" durationms="0.927" />

<concurrent-end id="1019" type="GMP work packet processing" contextid="970" timestamp="2019-07-07T05:36:11.208">
  <concurrent-mark-end bytesScanned="1365080" reasonForTermination="Work target met" />
</concurrent-end>

<exclusive-start id="1020" timestamp="2019-07-07T05:36:11.228" intervalms="21.834">
  <response-info timems="0.080" idlems="0.080" threads="0" lastid="000000000096B700" lastname="main" />
</exclusive-start>
<allocation-taxation id="1021" taxation-threshold="23068672" timestamp="2019-07-07T05:36:11.228" intervalms="21.783" />
<cycle-start id="1022" type="partial gc" contextid="0" timestamp="2019-07-07T05:36:11.228" intervalms="48.640" />
<gc-start id="1023" type="partial gc" contextid="1022" timestamp="2019-07-07T05:36:11.229">
  <mem-info id="1024" free="51380224" total="162529280" percent="31">
    <mem type="eden" free="1048248" total="47185920" percent="2" />
    <arraylet-primitive objects="1" leaves="1" largest="1" />
    <remembered-set count="54304" freebytes="6270464" totalbytes="6487680" percent="96" regionsoverflowed="0" regionsstable="0" regionsrebuilding="8"/>
  </mem-info>
</gc-start>
<allocation-stats totalBytes="46113512" >
  <allocated-bytes non-tlh="0" tlh="46113512" arrayletleaf="0"/>
  <largest-consumer threadName="main" threadId="000000000096B700" bytes="23057136" />
</allocation-stats>
<gc-op id="1025" type="copy forward" timems="1.872" contextid="1022" timestamp="2019-07-07T05:36:11.231">
  <memory-copied type="eden" objects="5" bytes="256" bytesdiscarded="0" />
  <memory-copied type="other" objects="18" bytes="568" bytesdiscarded="0" />
  <memory-cardclean objects="45" bytes="1520" />
  <regions eden="44" other="2" />
  <remembered-set-cleared processed="49791" cleared="33" durationms="0.514" />
  <stringconstants candidates="13774" cleared="0"  />
</gc-op>
<gc-op id="1026" type="classunload" timems="0.004" contextid="1022" timestamp="2019-07-07T05:36:11.232">
  <classunload-info classloadercandidates="55" classloadersunloaded="0" classesunloaded="0" anonymousclassesunloaded="0" quiescems="0.000" setupms="0.004" scanms="0.000" postms="0.000" />
</gc-op>
<gc-end id="1027" type="partial gc" contextid="1022" durationms="3.085" usertimems="4.000" systemtimems="0.000" timestamp="2019-07-07T05:36:11.232" activeThreads="1">
  <mem-info id="1028" free="97517568" total="162529280" percent="60">
    <mem type="eden" free="1048320" total="1048576" percent="99" />
    <arraylet-primitive objects="1" leaves="1" largest="1" />
    <remembered-set count="54656" freebytes="6269056" totalbytes="6487680" percent="96" regionsoverflowed="0" regionsstable="0" regionsrebuilding="8"/>
  </mem-info>
</gc-end>
<cycle-end id="1029" type="partial gc" contextid="1022" timestamp="2019-07-07T05:36:11.232" />
  <attribute name="elasticGC enabled" value="1" />
  <attribute name= "numThreadsSpecified" value="1" />
  <attribute name="heapSize specified" value="0" />
  <attribute name="Current GC Util" value="161" />
  <attribute name= "Current Time Running" value="11924" />
  <attribute name ="GC Interval" value="0" />
  <attribute name="ProportionalT" value="70.500000" />
  <attribute name="ProportionalI" value="70.500000" />
  <attribute name="ProportionalH" value="70.500000" />
  <attribute name="Current Error" value="141.000000" />
  <attribute name="IntegralT" value="0.000000" />
  <attribute name="IntegralI" value="0.000000" />
  <attribute name="IntegralH" value="0.000000" />
  <attribute name="DerivativeT" value="inf" />
  <attribute name="DerivativeI" value="inf" />
  <attribute name="DerivativeH" value="inf" />
  <attribute name="Loop Time for DT" value="0.000000" />
  <attribute name="Output H" value="8388608"/>
  <attribute name="Output I" value="200"/>
  <attribute name="Output T" value="1"/>
  <attribute name="Target GC Util Change" value ="20.000000" />
  <attribute name="Current GC Util Change" value="161.000000"/>
  <attribute name="GC Util currently" value="161" />
  <attribute name="CPU Util currently" value="13101269020868" />
<exclusive-end id="1030" timestamp="2019-07-07T05:36:11.232" durationms="4.202" />

<exclusive-start id="1031" timestamp="2019-07-07T05:36:11.253" intervalms="24.844">
  <response-info timems="0.026" idlems="0.026" threads="0" lastid="000000000096B700" lastname="main" />
</exclusive-start>
<allocation-taxation id="1032" taxation-threshold="23068672" timestamp="2019-07-07T05:36:11.253" intervalms="24.876" />
<gc-start id="1033" type="global mark phase" contextid="970" timestamp="2019-07-07T05:36:11.253">
  <mem-info id="1034" free="74448896" total="162529280" percent="45">
    <remembered-set count="54272" freebytes="6270592" totalbytes="6487680" percent="96" regionsoverflowed="0" regionsstable="0" regionsrebuilding="8"/>
  </mem-info>
</gc-start>
<gc-end id="1035" type="global mark phase" contextid="970" durationms="0.127" usertimems="0.000" systemtimems="0.000" timestamp="2019-07-07T05:36:11.253" activeThreads="1">
  <mem-info id="1036" free="74448896" total="162529280" percent="45">
    <remembered-set count="54272" freebytes="6270592" totalbytes="6487680" percent="96" regionsoverflowed="0" regionsstable="0" regionsrebuilding="8"/>
  </mem-info>
</gc-end>
<concurrent-start id="1037" type="GMP work packet processing" contextid="970" timestamp="2019-07-07T05:36:11.254">
  <concurrent-mark-start scanTarget="1048576" />
</concurrent-start>
<exclusive-end id="1038" timestamp="2019-07-07T05:36:11.254" durationms="0.857" />

<concurrent-end id="1039" type="GMP work packet processing" contextid="970" timestamp="2019-07-07T05:36:11.255">
  <concurrent-mark-end bytesScanned="1092292" reasonForTermination="Work target met" />
</concurrent-end>

<exclusive-start id="1040" timestamp="2019-07-07T05:36:11.274" intervalms="21.449">
  <response-info timems="0.097" idlems="0.097" threads="0" lastid="000000000096B700" lastname="main" />
</exclusive-start>
<allocation-taxation id="1041" taxation-threshold="23068672" timestamp="2019-07-07T05:36:11.275" intervalms="21.469" />
<cycle-start id="1042" type="partial gc" contextid="0" timestamp="2019-07-07T05:36:11.275" intervalms="46.432" />
<gc-start id="1043" type="partial gc" contextid="1042" timestamp="2019-07-07T05:36:11.275">
  <mem-info id="1044" free="51380224" total="162529280" percent="31">
    <mem type="eden" free="1048320" total="47185920" percent="2" />
    <arraylet-primitive objects="1" leaves="1" largest="1" />
    <remembered-set count="56832" freebytes="6260352" totalbytes="6487680" percent="96" regionsoverflowed="0" regionsstable="0" regionsrebuilding="8"/>
  </mem-info>
</gc-start>
<allocation-stats totalBytes="46113360" >
  <allocated-bytes non-tlh="0" tlh="46113360" arrayletleaf="0"/>
  <largest-consumer threadName="main" threadId="000000000096B700" bytes="23056856" />
</allocation-stats>
<gc-op id="1045" type="copy forward" timems="3.094" contextid="1042" timestamp="2019-07-07T05:36:11.279">
  <memory-copied type="eden" objects="5" bytes="144" bytesdiscarded="0" />
  <memory-copied type="other" objects="18" bytes="568" bytesdiscarded="0" />
  <memory-cardclean objects="45" bytes="1520" />
  <regions eden="44" other="2" />
  <remembered-set-cleared processed="52368" cleared="34" durationms="0.244" />
  <stringconstants candidates="13774" cleared="0"  />
</gc-op>
<gc-op id="1046" type="classunload" timems="0.004" contextid="1042" timestamp="2019-07-07T05:36:11.279">
  <classunload-info classloadercandidates="55" classloadersunloaded="0" classesunloaded="0" anonymousclassesunloaded="0" quiescems="0.000" setupms="0.004" scanms="0.000" postms="0.000" />
</gc-op>
<gc-end id="1047" type="partial gc" contextid="1042" durationms="4.368" usertimems="8.000" systemtimems="0.000" timestamp="2019-07-07T05:36:11.280" activeThreads="4">
  <mem-info id="1048" free="97517568" total="162529280" percent="60">
    <mem type="eden" free="1048432" total="1048576" percent="99" />
    <arraylet-primitive objects="1" leaves="1" largest="1" />
    <remembered-set count="57152" freebytes="6259072" totalbytes="6487680" percent="96" regionsoverflowed="0" regionsstable="0" regionsrebuilding="8"/>
  </mem-info>
</gc-end>
<cycle-end id="1049" type="partial gc" contextid="1042" timestamp="2019-07-07T05:36:11.280" />
  <attribute name="elasticGC enabled" value="1" />
  <attribute name= "numThreadsSpecified" value="4" />
  <attribute name="heapSize specified" value="0" />
  <attribute name="Current GC Util" value="154" />
  <attribute name= "Current Time Running" value="11971" />
  <attribute name ="GC Interval" value="0" />
  <attribute name="ProportionalT" value="67.000000" />
  <attribute name="ProportionalI" value="67.000000" />
  <attribute name="ProportionalH" value="67.000000" />
  <attribute name="Current Error" value="134.000000" />
  <attribute name="IntegralT" value="67.000000" />
  <attribute name="IntegralI" value="67.000000" />
  <attribute name="IntegralH" value="67.000000" />
  <attribute name="DerivativeT" value="134.000000" />
  <attribute name="DerivativeI" value="134.000000" />
  <attribute name="DerivativeH" value="134.000000" />
  <attribute name="Loop Time for DT" value="1.000000" />
  <attribute name="Output H" value="8388608"/>
  <attribute name="Output I" value="272"/>
  <attribute name="Output T" value="4"/>
  <attribute name="Target GC Util Change" value ="20.000000" />
  <attribute name="Current GC Util Change" value="154.000000"/>
  <attribute name="GC Util currently" value="154" />
  <attribute name="CPU Util currently" value="12539013067298" />
<exclusive-end id="1050" timestamp="2019-07-07T05:36:11.280" durationms="5.624" />

<exclusive-start id="1051" timestamp="2019-07-07T05:36:11.303" intervalms="28.350">
  <response-info timems="1.790" idlems="0.924" threads="1" lastid="000000000096F300" lastname="JIT Compilation Thread-0" />
</exclusive-start>
<allocation-taxation id="1052" taxation-threshold="23068672" timestamp="2019-07-07T05:36:11.303" intervalms="28.399" />
<gc-start id="1053" type="global mark phase" contextid="970" timestamp="2019-07-07T05:36:11.303">
  <mem-info id="1054" free="74448896" total="162529280" percent="45">
    <remembered-set count="57152" freebytes="6259072" totalbytes="6487680" percent="96" regionsoverflowed="0" regionsstable="0" regionsrebuilding="8"/>
  </mem-info>
</gc-start>
<gc-end id="1055" type="global mark phase" contextid="970" durationms="0.372" usertimems="0.000" systemtimems="0.000" timestamp="2019-07-07T05:36:11.304" activeThreads="4">
  <mem-info id="1056" free="74448896" total="162529280" percent="45">
    <remembered-set count="57152" freebytes="6259072" totalbytes="6487680" percent="96" regionsoverflowed="0" regionsstable="0" regionsrebuilding="8"/>
  </mem-info>
</gc-end>
<concurrent-start id="1057" type="GMP work packet processing" contextid="970" timestamp="2019-07-07T05:36:11.304">
  <concurrent-mark-start scanTarget="1323541" />
</concurrent-start>
<exclusive-end id="1058" timestamp="2019-07-07T05:36:11.304" durationms="1.320" />

<concurrent-end id="1059" type="GMP work packet processing" contextid="970" timestamp="2019-07-07T05:36:11.305">
  <concurrent-mark-end bytesScanned="1376548" reasonForTermination="Work target met" />
</concurrent-end>

<exclusive-start id="1060" timestamp="2019-07-07T05:36:11.327" intervalms="24.398">
  <response-info timems="0.072" idlems="0.072" threads="0" lastid="000000000096B700" lastname="main" />
</exclusive-start>
<allocation-taxation id="1061" taxation-threshold="23068672" timestamp="2019-07-07T05:36:11.327" intervalms="24.342" />
<cycle-start id="1062" type="partial gc" contextid="0" timestamp="2019-07-07T05:36:11.328" intervalms="52.734" />
<gc-start id="1063" type="partial gc" contextid="1062" timestamp="2019-07-07T05:36:11.328">
  <mem-info id="1064" free="51380224" total="162529280" percent="31">
    <mem type="eden" free="1048432" total="47185920" percent="2" />
    <arraylet-primitive objects="1" leaves="1" largest="1" />
    <remembered-set count="57184" freebytes="6258944" totalbytes="6487680" percent="96" regionsoverflowed="0" regionsstable="0" regionsrebuilding="8"/>
  </mem-info>
</gc-start>
<allocation-stats totalBytes="46111128" >
  <allocated-bytes non-tlh="0" tlh="46111128" arrayletleaf="0"/>
  <largest-consumer threadName="main" threadId="000000000096B700" bytes="23054576" />
</allocation-stats>
<gc-op id="1065" type="copy forward" timems="1.834" contextid="1062" timestamp="2019-07-07T05:36:11.331">
  <memory-copied type="eden" objects="23" bytes="816" bytesdiscarded="0" />
  <memory-copied type="other" objects="7" bytes="160" bytesdiscarded="0" />
  <memory-cardclean objects="61" bytes="1992" />
  <regions eden="44" other="2" />
  <remembered-set-cleared processed="52524" cleared="33" durationms="0.519" />
  <stringconstants candidates="13774" cleared="0"  />
</gc-op>
<gc-op id="1066" type="classunload" timems="0.004" contextid="1062" timestamp="2019-07-07T05:36:11.331">
  <classunload-info classloadercandidates="55" classloadersunloaded="0" classesunloaded="0" anonymousclassesunloaded="0" quiescems="0.000" setupms="0.004" scanms="0.000" postms="0.000" />
</gc-op>
<gc-end id="1067" type="partial gc" contextid="1062" durationms="3.133" usertimems="0.000" systemtimems="0.000" timestamp="2019-07-07T05:36:11.331" activeThreads="1">
  <mem-info id="1068" free="97517568" total="162529280" percent="60">
    <mem type="eden" free="1047760" total="1048576" percent="99" />
    <arraylet-primitive objects="1" leaves="1" largest="1" />
    <remembered-set count="57536" freebytes="6257536" totalbytes="6487680" percent="96" regionsoverflowed="0" regionsstable="0" regionsrebuilding="8"/>
  </mem-info>
</gc-end>
<cycle-end id="1069" type="partial gc" contextid="1062" timestamp="2019-07-07T05:36:11.331" />
  <attribute name="elasticGC enabled" value="1" />
  <attribute name= "numThreadsSpecified" value="1" />
  <attribute name="heapSize specified" value="0" />
  <attribute name="Current GC Util" value="160" />
  <attribute name= "Current Time Running" value="12023" />
  <attribute name ="GC Interval" value="0" />
  <attribute name="ProportionalT" value="70.000000" />
  <attribute name="ProportionalI" value="70.000000" />
  <attribute name="ProportionalH" value="70.000000" />
  <attribute name="Current Error" value="140.000000" />
  <attribute name="IntegralT" value="0.000000" />
  <attribute name="IntegralI" value="0.000000" />
  <attribute name="IntegralH" value="0.000000" />
  <attribute name="DerivativeT" value="inf" />
  <attribute name="DerivativeI" value="inf" />
  <attribute name="DerivativeH" value="inf" />
  <attribute name="Loop Time for DT" value="0.000000" />
  <attribute name="Output H" value="8388608"/>
  <attribute name="Output I" value="200"/>
  <attribute name="Output T" value="1"/>
  <attribute name="Target GC Util Change" value ="20.000000" />
  <attribute name="Current GC Util Change" value="160.000000"/>
  <attribute name="GC Util currently" value="160" />
  <attribute name="CPU Util currently" value="13277725469469" />
<exclusive-end id="1070" timestamp="2019-07-07T05:36:11.332" durationms="4.389" />

<exclusive-start id="1071" timestamp="2019-07-07T05:36:11.351" intervalms="24.242">
  <response-info timems="0.080" idlems="0.080" threads="0" lastid="000000000096B700" lastname="main" />
</exclusive-start>
<allocation-taxation id="1072" taxation-threshold="23068672" timestamp="2019-07-07T05:36:11.352" intervalms="24.214" />
<gc-start id="1073" type="global mark phase" contextid="970" timestamp="2019-07-07T05:36:11.352">
  <mem-info id="1074" free="74448896" total="162529280" percent="45">
    <remembered-set count="57152" freebytes="6259072" totalbytes="6487680" percent="96" regionsoverflowed="0" regionsstable="0" regionsrebuilding="8"/>
  </mem-info>
</gc-start>
<gc-end id="1075" type="global mark phase" contextid="970" durationms="0.311" usertimems="0.000" systemtimems="0.000" timestamp="2019-07-07T05:36:11.352" activeThreads="1">
  <mem-info id="1076" free="74448896" total="162529280" percent="45">
    <remembered-set count="57152" freebytes="6259072" totalbytes="6487680" percent="96" regionsoverflowed="0" regionsstable="0" regionsrebuilding="8"/>
  </mem-info>
</gc-end>
<concurrent-start id="1077" type="GMP work packet processing" contextid="970" timestamp="2019-07-07T05:36:11.352">
  <concurrent-mark-start scanTarget="1048576" />
</concurrent-start>
<exclusive-end id="1078" timestamp="2019-07-07T05:36:11.352" durationms="1.102" />

<concurrent-end id="1079" type="GMP work packet processing" contextid="970" timestamp="2019-07-07T05:36:11.363">
  <concurrent-mark-end bytesScanned="1088128" reasonForTermination="Work target met" />
</concurrent-end>

<exclusive-start id="1080" timestamp="2019-07-07T05:36:11.373" intervalms="21.163">
  <response-info timems="0.105" idlems="0.105" threads="0" lastid="000000000096B700" lastname="main" />
</exclusive-start>
<allocation-taxation id="1081" taxation-threshold="23068672" timestamp="2019-07-07T05:36:11.373" intervalms="21.161" />
<cycle-start id="1082" type="partial gc" contextid="0" timestamp="2019-07-07T05:36:11.373" intervalms="45.507" />
<gc-start id="1083" type="partial gc" contextid="1082" timestamp="2019-07-07T05:36:11.373">
  <mem-info id="1084" free="51380224" total="162529280" percent="31">
    <mem type="eden" free="0" total="46137344" percent="0" />
    <arraylet-primitive objects="1" leaves="1" largest="1" />
    <remembered-set count="57216" freebytes="6258816" totalbytes="6487680" percent="96" regionsoverflowed="0" regionsstable="0" regionsrebuilding="8"/>
  </mem-info>
</gc-start>
<allocation-stats totalBytes="46095880" >
  <allocated-bytes non-tlh="0" tlh="46095880" arrayletleaf="0"/>
  <largest-consumer threadName="main" threadId="000000000096B700" bytes="23047200" />
</allocation-stats>
<gc-op id="1085" type="copy forward" timems="3.593" contextid="1082" timestamp="2019-07-07T05:36:11.378">
  <memory-copied type="eden" objects="5" bytes="288" bytesdiscarded="0" />
  <memory-copied type="other" objects="25" bytes="728" bytesdiscarded="0" />
  <memory-cardclean objects="46" bytes="1592" />
  <regions eden="44" other="2" />
  <remembered-set-cleared processed="53144" cleared="41" durationms="0.238" />
  <stringconstants candidates="13774" cleared="0"  />
</gc-op>
<gc-op id="1086" type="classunload" timems="0.005" contextid="1082" timestamp="2019-07-07T05:36:11.378">
  <classunload-info classloadercandidates="55" classloadersunloaded="0" classesunloaded="0" anonymousclassesunloaded="0" quiescems="0.000" setupms="0.005" scanms="0.000" postms="0.000" />
</gc-op>
<gc-end id="1087" type="partial gc" contextid="1082" durationms="4.688" usertimems="4.000" systemtimems="8.000" timestamp="2019-07-07T05:36:11.378" activeThreads="4">
  <mem-info id="1088" free="96468992" total="162529280" percent="59">
    <mem type="eden" free="1048288" total="1048576" percent="99" />
    <arraylet-primitive objects="1" leaves="1" largest="1" />
    <remembered-set count="58016" freebytes="6255616" totalbytes="6487680" percent="96" regionsoverflowed="0" regionsstable="0" regionsrebuilding="8"/>
  </mem-info>
</gc-end>
<cycle-end id="1089" type="partial gc" contextid="1082" timestamp="2019-07-07T05:36:11.378" />
  <attribute name="elasticGC enabled" value="1" />
  <attribute name= "numThreadsSpecified" value="4" />
  <attribute name="heapSize specified" value="0" />
  <attribute name="Current GC Util" value="58" />
  <attribute name= "Current Time Running" value="12069" />
  <attribute name ="GC Interval" value="0" />
  <attribute name="ProportionalT" value="19.000000" />
  <attribute name="ProportionalI" value="19.000000" />
  <attribute name="ProportionalH" value="19.000000" />
  <attribute name="Current Error" value="38.000000" />
  <attribute name="IntegralT" value="19.000000" />
  <attribute name="IntegralI" value="19.000000" />
  <attribute name="IntegralH" value="19.000000" />
  <attribute name="DerivativeT" value="38.000000" />
  <attribute name="DerivativeI" value="38.000000" />
  <attribute name="DerivativeH" value="38.000000" />
  <attribute name="Loop Time for DT" value="1.000000" />
  <attribute name="Output H" value="8388608"/>
  <attribute name="Output I" value="200"/>
  <attribute name="Output T" value="4"/>
  <attribute name="Target GC Util Change" value ="20.000000" />
  <attribute name="Current GC Util Change" value="58.000000"/>
  <attribute name="GC Util currently" value="58" />
  <attribute name="CPU Util currently" value="19812881821506" />
<exclusive-end id="1090" timestamp="2019-07-07T05:36:11.379" durationms="6.056" />

<exclusive-start id="1091" timestamp="2019-07-07T05:36:11.399" intervalms="26.192">
  <response-info timems="0.230" idlems="0.230" threads="0" lastid="000000000096B700" lastname="main" />
</exclusive-start>
<allocation-taxation id="1092" taxation-threshold="23068672" timestamp="2019-07-07T05:36:11.399" intervalms="26.233" />
<gc-start id="1093" type="global mark phase" contextid="970" timestamp="2019-07-07T05:36:11.399">
  <mem-info id="1094" free="73400320" total="162529280" percent="45">
    <remembered-set count="58016" freebytes="6255616" totalbytes="6487680" percent="96" regionsoverflowed="0" regionsstable="0" regionsrebuilding="8"/>
  </mem-info>
</gc-start>
<gc-end id="1095" type="global mark phase" contextid="970" durationms="0.200" usertimems="0.000" systemtimems="0.000" timestamp="2019-07-07T05:36:11.399" activeThreads="4">
  <mem-info id="1096" free="73400320" total="162529280" percent="45">
    <remembered-set count="58016" freebytes="6255616" totalbytes="6487680" percent="96" regionsoverflowed="0" regionsstable="0" regionsrebuilding="8"/>
  </mem-info>
</gc-end>
<concurrent-start id="1097" type="GMP work packet processing" contextid="970" timestamp="2019-07-07T05:36:11.400">
  <concurrent-mark-start scanTarget="1323541" />
</concurrent-start>
<exclusive-end id="1098" timestamp="2019-07-07T05:36:11.400" durationms="1.150" />

<concurrent-end id="1099" type="GMP work packet processing" contextid="970" timestamp="2019-07-07T05:36:11.401">
  <concurrent-mark-end bytesScanned="1375928" reasonForTermination="Work target met" />
</concurrent-end>

<exclusive-start id="1100" timestamp="2019-07-07T05:36:11.461" intervalms="62.287">
  <response-info timems="0.087" idlems="0.087" threads="0" lastid="000000000096B700" lastname="main" />
</exclusive-start>
<allocation-taxation id="1101" taxation-threshold="23068672" timestamp="2019-07-07T05:36:11.461" intervalms="62.291" />
<cycle-start id="1102" type="partial gc" contextid="0" timestamp="2019-07-07T05:36:11.461" intervalms="88.400" />
<gc-start id="1103" type="partial gc" contextid="1102" timestamp="2019-07-07T05:36:11.462">
  <mem-info id="1104" free="50331648" total="162529280" percent="30">
    <mem type="eden" free="1048288" total="47185920" percent="2" />
    <arraylet-primitive objects="1" leaves="1" largest="1" />
    <remembered-set count="59552" freebytes="6249472" totalbytes="6487680" percent="96" regionsoverflowed="0" regionsstable="0" regionsrebuilding="8"/>
  </mem-info>
</gc-start>
<allocation-stats totalBytes="46105456" >
  <allocated-bytes non-tlh="0" tlh="46105456" arrayletleaf="0"/>
  <largest-consumer threadName="main" threadId="000000000096B700" bytes="23057776" />
</allocation-stats>
<gc-op id="1105" type="copy forward" timems="1.798" contextid="1102" timestamp="2019-07-07T05:36:11.465">
  <memory-copied type="eden" objects="32" bytes="1168" bytesdiscarded="0" />
  <memory-copied type="other" objects="7" bytes="160" bytesdiscarded="0" />
  <memory-cardclean objects="70" bytes="2368" />
  <regions eden="44" other="2" />
  <remembered-set-cleared processed="54704" cleared="47" durationms="0.541" />
  <stringconstants candidates="13774" cleared="0"  />
</gc-op>
<gc-op id="1106" type="classunload" timems="0.004" contextid="1102" timestamp="2019-07-07T05:36:11.465">
  <classunload-info classloadercandidates="55" classloadersunloaded="0" classesunloaded="0" anonymousclassesunloaded="0" quiescems="0.000" setupms="0.003" scanms="0.000" postms="0.000" />
</gc-op>
<gc-end id="1107" type="partial gc" contextid="1102" durationms="3.111" usertimems="4.000" systemtimems="0.000" timestamp="2019-07-07T05:36:11.465" activeThreads="1">
  <mem-info id="1108" free="96468992" total="162529280" percent="59">
    <mem type="eden" free="1047408" total="1048576" percent="99" />
    <arraylet-primitive objects="1" leaves="1" largest="1" />
    <remembered-set count="59840" freebytes="6248320" totalbytes="6487680" percent="96" regionsoverflowed="0" regionsstable="0" regionsrebuilding="8"/>
  </mem-info>
</gc-end>
<cycle-end id="1109" type="partial gc" contextid="1102" timestamp="2019-07-07T05:36:11.465" />
  <attribute name="elasticGC enabled" value="1" />
  <attribute name= "numThreadsSpecified" value="1" />
  <attribute name="heapSize specified" value="0" />
  <attribute name="Current GC Util" value="158" />
  <attribute name= "Current Time Running" value="12157" />
  <attribute name ="GC Interval" value="0" />
  <attribute name="ProportionalT" value="69.000000" />
  <attribute name="ProportionalI" value="69.000000" />
  <attribute name="ProportionalH" value="69.000000" />
  <attribute name="Current Error" value="138.000000" />
  <attribute name="IntegralT" value="0.000000" />
  <attribute name="IntegralI" value="0.000000" />
  <attribute name="IntegralH" value="0.000000" />
  <attribute name="DerivativeT" value="inf" />
  <attribute name="DerivativeI" value="inf" />
  <attribute name="DerivativeH" value="inf" />
  <attribute name="Loop Time for DT" value="0.000000" />
  <attribute name="Output H" value="8388608"/>
  <attribute name="Output I" value="200"/>
  <attribute name="Output T" value="1"/>
  <attribute name="Target GC Util Change" value ="20.000000" />
  <attribute name="Current GC Util Change" value="158.000000"/>
  <attribute name="GC Util currently" value="158" />
  <attribute name="CPU Util currently" value="12723647394636" />
<exclusive-end id="1110" timestamp="2019-07-07T05:36:11.465" durationms="4.410" />

<exclusive-start id="1111" timestamp="2019-07-07T05:36:11.538" intervalms="76.694">
  <response-info timems="0.193" idlems="0.119" threads="1" lastid="000000000096F300" lastname="JIT Compilation Thread-0" />
</exclusive-start>
<allocation-taxation id="1112" taxation-threshold="23068672" timestamp="2019-07-07T05:36:11.538" intervalms="76.700" />
<gc-start id="1113" type="global mark phase" contextid="970" timestamp="2019-07-07T05:36:11.538">
  <mem-info id="1114" free="73400320" total="162529280" percent="45">
    <remembered-set count="59520" freebytes="6249600" totalbytes="6487680" percent="96" regionsoverflowed="0" regionsstable="0" regionsrebuilding="8"/>
  </mem-info>
</gc-start>
<gc-end id="1115" type="global mark phase" contextid="970" durationms="0.203" usertimems="0.000" systemtimems="0.000" timestamp="2019-07-07T05:36:11.538" activeThreads="1">
  <mem-info id="1116" free="73400320" total="162529280" percent="45">
    <remembered-set count="59520" freebytes="6249600" totalbytes="6487680" percent="96" regionsoverflowed="0" regionsstable="0" regionsrebuilding="8"/>
  </mem-info>
</gc-end>
<concurrent-start id="1117" type="GMP work packet processing" contextid="970" timestamp="2019-07-07T05:36:11.539">
  <concurrent-mark-start scanTarget="1048576" />
</concurrent-start>
<exclusive-end id="1118" timestamp="2019-07-07T05:36:11.539" durationms="1.213" />

<concurrent-end id="1119" type="GMP work packet processing" contextid="970" timestamp="2019-07-07T05:36:11.552">
  <concurrent-mark-end bytesScanned="1083652" reasonForTermination="Work target met" />
</concurrent-end>

<exclusive-start id="1120" timestamp="2019-07-07T05:36:11.590" intervalms="52.121">
  <response-info timems="0.062" idlems="0.062" threads="0" lastid="000000000096B700" lastname="main" />
</exclusive-start>
<allocation-taxation id="1121" taxation-threshold="23068672" timestamp="2019-07-07T05:36:11.590" intervalms="52.066" />
<cycle-start id="1122" type="partial gc" contextid="0" timestamp="2019-07-07T05:36:11.590" intervalms="128.715" />
<gc-start id="1123" type="partial gc" contextid="1122" timestamp="2019-07-07T05:36:11.591">
  <mem-info id="1124" free="50331648" total="162529280" percent="30">
    <mem type="eden" free="0" total="46137344" percent="0" />
    <arraylet-primitive objects="1" leaves="1" largest="1" />
    <remembered-set count="61056" freebytes="6243456" totalbytes="6487680" percent="96" regionsoverflowed="0" regionsstable="0" regionsrebuilding="8"/>
  </mem-info>
</gc-start>
<allocation-stats totalBytes="46127424" >
  <allocated-bytes non-tlh="0" tlh="46127424" arrayletleaf="0"/>
  <largest-consumer threadName="main" threadId="000000000096B700" bytes="23063856" />
</allocation-stats>
<gc-op id="1125" type="copy forward" timems="1.919" contextid="1122" timestamp="2019-07-07T05:36:11.593">
  <memory-copied type="eden" objects="28" bytes="1328" bytesdiscarded="0" />
  <memory-copied type="other" objects="25" bytes="744" bytesdiscarded="0" />
  <memory-cardclean objects="47" bytes="1664" />
  <regions eden="44" other="2" />
  <remembered-set-cleared processed="57112" cleared="40" durationms="0.556" />
  <stringconstants candidates="13774" cleared="0"  />
</gc-op>
<gc-op id="1126" type="classunload" timems="0.006" contextid="1122" timestamp="2019-07-07T05:36:11.593">
  <classunload-info classloadercandidates="55" classloadersunloaded="0" classesunloaded="0" anonymousclassesunloaded="0" quiescems="0.000" setupms="0.006" scanms="0.000" postms="0.000" />
</gc-op>
<heap-resize id="1127" type="contract" space="default" amount="8388608" count="1" timems="0.238" reason="insufficient time being spent in gc" timestamp="2019-07-07T05:36:11.594" />
<gc-end id="1128" type="partial gc" contextid="1122" durationms="3.477" usertimems="8.000" systemtimems="0.000" timestamp="2019-07-07T05:36:11.594" activeThreads="1">
  <mem-info id="1129" free="87031808" total="154140672" percent="56">
    <mem type="eden" free="1047248" total="1048576" percent="99" />
    <arraylet-primitive objects="1" leaves="1" largest="1" />
    <remembered-set count="61440" freebytes="6241920" totalbytes="6487680" percent="96" regionsoverflowed="0" regionsstable="0" regionsrebuilding="8"/>
  </mem-info>
</gc-end>
<cycle-end id="1130" type="partial gc" contextid="1122" timestamp="2019-07-07T05:36:11.594" />
  <attribute name="elasticGC enabled" value="1" />
  <attribute name= "numThreadsSpecified" value="1" />
  <attribute name="heapSize specified" value="0" />
  <attribute name="Current GC Util" value="167" />
  <attribute name= "Current Time Running" value="12286" />
  <attribute name ="GC Interval" value="0" />
  <attribute name="ProportionalT" value="73.500000" />
  <attribute name="ProportionalI" value="73.500000" />
  <attribute name="ProportionalH" value="73.500000" />
  <attribute name="Current Error" value="147.000000" />
  <attribute name="IntegralT" value="0.000000" />
  <attribute name="IntegralI" value="0.000000" />
  <attribute name="IntegralH" value="0.000000" />
  <attribute name="DerivativeT" value="inf" />
  <attribute name="DerivativeI" value="inf" />
  <attribute name="DerivativeH" value="inf" />
  <attribute name="Loop Time for DT" value="0.000000" />
  <attribute name="Output H" value="8388608"/>
  <attribute name="Output I" value="200"/>
  <attribute name="Output T" value="1"/>
  <attribute name="Target GC Util Change" value ="20.000000" />
  <attribute name="Current GC Util Change" value="167.000000"/>
  <attribute name="GC Util currently" value="167" />
  <attribute name="CPU Util currently" value="13136199067446" />
<exclusive-end id="1131" timestamp="2019-07-07T05:36:11.594" durationms="4.521" />

<exclusive-start id="1132" timestamp="2019-07-07T05:36:11.640" intervalms="50.082">
  <response-info timems="0.224" idlems="0.224" threads="0" lastid="000000000096B700" lastname="main" />
</exclusive-start>
<allocation-taxation id="1133" taxation-threshold="22020096" timestamp="2019-07-07T05:36:11.640" intervalms="50.156" />
<gc-start id="1134" type="global mark phase" contextid="970" timestamp="2019-07-07T05:36:11.640">
  <mem-info id="1135" free="65011712" total="154140672" percent="42">
    <remembered-set count="61120" freebytes="6243200" totalbytes="6487680" percent="96" regionsoverflowed="0" regionsstable="0" regionsrebuilding="8"/>
  </mem-info>
</gc-start>
<gc-end id="1136" type="global mark phase" contextid="970" durationms="0.133" usertimems="0.000" systemtimems="0.000" timestamp="2019-07-07T05:36:11.640" activeThreads="1">
  <mem-info id="1137" free="65011712" total="154140672" percent="42">
    <remembered-set count="61120" freebytes="6243200" totalbytes="6487680" percent="96" regionsoverflowed="0" regionsstable="0" regionsrebuilding="8"/>
  </mem-info>
</gc-end>
<concurrent-start id="1138" type="GMP work packet processing" contextid="970" timestamp="2019-07-07T05:36:11.641">
  <concurrent-mark-start scanTarget="1048576" />
</concurrent-start>
<exclusive-end id="1139" timestamp="2019-07-07T05:36:11.641" durationms="0.999" />

<concurrent-end id="1140" type="GMP work packet processing" contextid="970" timestamp="2019-07-07T05:36:11.642">
  <concurrent-mark-end bytesScanned="1106352" reasonForTermination="Work target met" />
</concurrent-end>

<exclusive-start id="1141" timestamp="2019-07-07T05:36:12.550" intervalms="909.893">
  <response-info timems="0.058" idlems="0.058" threads="0" lastid="000000000096B700" lastname="main" />
</exclusive-start>
<allocation-taxation id="1142" taxation-threshold="22020096" timestamp="2019-07-07T05:36:12.550" intervalms="909.906" />
<cycle-start id="1143" type="partial gc" contextid="0" timestamp="2019-07-07T05:36:12.550" intervalms="960.082" />
<gc-start id="1144" type="partial gc" contextid="1143" timestamp="2019-07-07T05:36:12.551">
  <mem-info id="1145" free="42991616" total="154140672" percent="27">
    <mem type="eden" free="1047248" total="45088768" percent="2" />
    <arraylet-primitive objects="1" leaves="1" largest="1" />
    <remembered-set count="62144" freebytes="6239104" totalbytes="6487680" percent="96" regionsoverflowed="0" regionsstable="0" regionsrebuilding="8"/>
  </mem-info>
</gc-start>
<allocation-stats totalBytes="42861600" >
  <allocated-bytes non-tlh="0" tlh="42861600" arrayletleaf="0"/>
  <largest-consumer threadName="main" threadId="000000000096B700" bytes="20846416" />
</allocation-stats>
<gc-op id="1146" type="copy forward" timems="3.414" contextid="1143" timestamp="2019-07-07T05:36:12.556">
  <memory-copied type="eden" objects="72" bytes="15800" bytesdiscarded="0" />
  <memory-copied type="other" objects="7" bytes="160" bytesdiscarded="0" />
  <memory-cardclean objects="113" bytes="3824" />
  <regions eden="42" other="2" />
  <remembered-set-cleared processed="57989" cleared="89" durationms="0.244" />
  <stringconstants candidates="13774" cleared="0"  />
</gc-op>
<gc-op id="1147" type="classunload" timems="0.004" contextid="1143" timestamp="2019-07-07T05:36:12.556">
  <classunload-info classloadercandidates="55" classloadersunloaded="0" classesunloaded="0" anonymousclassesunloaded="0" quiescems="0.000" setupms="0.004" scanms="0.000" postms="0.000" />
</gc-op>
<gc-end id="1148" type="partial gc" contextid="1143" durationms="5.184" usertimems="12.000" systemtimems="0.000" timestamp="2019-07-07T05:36:12.556" activeThreads="4">
  <mem-info id="1149" free="87031808" total="154140672" percent="56">
    <mem type="eden" free="1032776" total="1048576" percent="98" />
    <arraylet-primitive objects="1" leaves="1" largest="1" />
    <remembered-set count="62144" freebytes="5904256" totalbytes="6152832" percent="95" regionsoverflowed="0" regionsstable="0" regionsrebuilding="8"/>
  </mem-info>
</gc-end>
<cycle-end id="1150" type="partial gc" contextid="1143" timestamp="2019-07-07T05:36:12.556" />
  <attribute name="elasticGC enabled" value="1" />
  <attribute name= "numThreadsSpecified" value="4" />
  <attribute name="heapSize specified" value="0" />
  <attribute name="Current GC Util" value="81" />
  <attribute name= "Current Time Running" value="13247" />
  <attribute name ="GC Interval" value="0" />
  <attribute name="ProportionalT" value="30.500000" />
  <attribute name="ProportionalI" value="30.500000" />
  <attribute name="ProportionalH" value="30.500000" />
  <attribute name="Current Error" value="61.000000" />
  <attribute name="IntegralT" value="30.500000" />
  <attribute name="IntegralI" value="30.500000" />
  <attribute name="IntegralH" value="30.500000" />
  <attribute name="DerivativeT" value="61.000000" />
  <attribute name="DerivativeI" value="61.000000" />
  <attribute name="DerivativeH" value="61.000000" />
  <attribute name="Loop Time for DT" value="1.000000" />
  <attribute name="Output H" value="8388608"/>
  <attribute name="Output I" value="200"/>
  <attribute name="Output T" value="4"/>
  <attribute name="Target GC Util Change" value ="20.000000" />
  <attribute name="Current GC Util Change" value="81.000000"/>
  <attribute name="GC Util currently" value="81" />
  <attribute name="CPU Util currently" value="5387162678207" />
<exclusive-end id="1151" timestamp="2019-07-07T05:36:12.556" durationms="6.597" />

<exclusive-start id="1152" timestamp="2019-07-07T05:36:12.569" intervalms="19.663">
  <response-info timems="0.073" idlems="0.073" threads="0" lastid="000000000096B700" lastname="main" />
</exclusive-start>
<allocation-taxation id="1153" taxation-threshold="22020096" timestamp="2019-07-07T05:36:12.570" intervalms="19.613" />
<gc-start id="1154" type="global mark phase" contextid="970" timestamp="2019-07-07T05:36:12.570">
  <mem-info id="1155" free="65011712" total="154140672" percent="42">
    <remembered-set count="62144" freebytes="5904256" totalbytes="6152832" percent="95" regionsoverflowed="0" regionsstable="0" regionsrebuilding="8"/>
  </mem-info>
</gc-start>
<gc-end id="1156" type="global mark phase" contextid="970" durationms="0.218" usertimems="0.000" systemtimems="0.000" timestamp="2019-07-07T05:36:12.570" activeThreads="4">
  <mem-info id="1157" free="65011712" total="154140672" percent="42">
    <remembered-set count="62144" freebytes="5904256" totalbytes="6152832" percent="95" regionsoverflowed="0" regionsstable="0" regionsrebuilding="8"/>
  </mem-info>
</gc-end>
<concurrent-start id="1158" type="GMP work packet processing" contextid="970" timestamp="2019-07-07T05:36:12.570">
  <concurrent-mark-start scanTarget="1323541" />
</concurrent-start>
<exclusive-end id="1159" timestamp="2019-07-07T05:36:12.571" durationms="1.292" />

<concurrent-end id="1160" type="GMP work packet processing" contextid="970" timestamp="2019-07-07T05:36:12.571">
  <concurrent-mark-end bytesScanned="1371468" reasonForTermination="Work target met" />
</concurrent-end>

<exclusive-start id="1161" timestamp="2019-07-07T05:36:12.584" intervalms="14.137">
  <response-info timems="0.041" idlems="0.041" threads="0" lastid="000000000096B700" lastname="main" />
</exclusive-start>
<allocation-taxation id="1162" taxation-threshold="22020096" timestamp="2019-07-07T05:36:12.584" intervalms="14.134" />
<cycle-start id="1163" type="partial gc" contextid="0" timestamp="2019-07-07T05:36:12.584" intervalms="33.731" />
<gc-start id="1164" type="partial gc" contextid="1163" timestamp="2019-07-07T05:36:12.584">
  <mem-info id="1165" free="42991616" total="154140672" percent="27">
    <mem type="eden" free="0" total="44040192" percent="0" />
    <arraylet-primitive objects="1" leaves="1" largest="1" />
    <remembered-set count="62752" freebytes="5901824" totalbytes="6152832" percent="95" regionsoverflowed="0" regionsstable="0" regionsrebuilding="8"/>
  </mem-info>
</gc-start>
<allocation-stats totalBytes="41211648" >
  <allocated-bytes non-tlh="0" tlh="41211648" arrayletleaf="0"/>
  <largest-consumer threadName="main" threadId="000000000096B700" bytes="20605824" />
</allocation-stats>
<gc-op id="1166" type="copy forward" timems="1.866" contextid="1163" timestamp="2019-07-07T05:36:12.587">
  <memory-copied type="eden" objects="11" bytes="13752" bytesdiscarded="0" />
  <memory-copied type="other" objects="68" bytes="2208" bytesdiscarded="0" />
  <memory-cardclean objects="68" bytes="2520" />
  <regions eden="42" other="2" />
  <remembered-set-cleared processed="58364" cleared="49" durationms="0.267" />
  <stringconstants candidates="13774" cleared="0"  />
</gc-op>
<gc-op id="1167" type="classunload" timems="0.004" contextid="1163" timestamp="2019-07-07T05:36:12.587">
  <classunload-info classloadercandidates="55" classloadersunloaded="0" classesunloaded="0" anonymousclassesunloaded="0" quiescems="0.000" setupms="0.004" scanms="0.000" postms="0.000" />
</gc-op>
<gc-end id="1168" type="partial gc" contextid="1163" durationms="3.053" usertimems="4.000" systemtimems="0.000" timestamp="2019-07-07T05:36:12.587" activeThreads="4">
  <mem-info id="1169" free="85983232" total="154140672" percent="55">
    <mem type="eden" free="1034824" total="1048576" percent="98" />
    <arraylet-primitive objects="1" leaves="1" largest="1" />
    <remembered-set count="63104" freebytes="5900416" totalbytes="6152832" percent="95" regionsoverflowed="0" regionsstable="0" regionsrebuilding="8"/>
  </mem-info>
</gc-end>
<cycle-end id="1170" type="partial gc" contextid="1163" timestamp="2019-07-07T05:36:12.588" />
  <attribute name="elasticGC enabled" value="1" />
  <attribute name= "numThreadsSpecified" value="4" />
  <attribute name="heapSize specified" value="0" />
  <attribute name="Current GC Util" value="59" />
  <attribute name= "Current Time Running" value="13280" />
  <attribute name ="GC Interval" value="0" />
  <attribute name="ProportionalT" value="19.500000" />
  <attribute name="ProportionalI" value="19.500000" />
  <attribute name="ProportionalH" value="19.500000" />
  <attribute name="Current Error" value="39.000000" />
  <attribute name="IntegralT" value="19.500000" />
  <attribute name="IntegralI" value="19.500000" />
  <attribute name="IntegralH" value="19.500000" />
  <attribute name="DerivativeT" value="39.000000" />
  <attribute name="DerivativeI" value="39.000000" />
  <attribute name="DerivativeH" value="39.000000" />
  <attribute name="Loop Time for DT" value="1.000000" />
  <attribute name="Output H" value="8388608"/>
  <attribute name="Output I" value="200"/>
  <attribute name="Output T" value="4"/>
  <attribute name="Target GC Util Change" value ="20.000000" />
  <attribute name="Current GC Util Change" value="59.000000"/>
  <attribute name="GC Util currently" value="59" />
  <attribute name="CPU Util currently" value="18187822154035" />
<exclusive-end id="1171" timestamp="2019-07-07T05:36:12.588" durationms="4.192" />

<exclusive-start id="1172" timestamp="2019-07-07T05:36:13.124" intervalms="540.855">
  <response-info timems="0.184" idlems="0.184" threads="0" lastid="000000000096B700" lastname="main" />
</exclusive-start>
<allocation-taxation id="1173" taxation-threshold="22020096" timestamp="2019-07-07T05:36:13.125" intervalms="540.874" />
<gc-start id="1174" type="global mark phase" contextid="970" timestamp="2019-07-07T05:36:13.125">
  <mem-info id="1175" free="63963136" total="154140672" percent="41">
    <remembered-set count="62656" freebytes="5902208" totalbytes="6152832" percent="95" regionsoverflowed="0" regionsstable="0" regionsrebuilding="8"/>
  </mem-info>
</gc-start>
<gc-end id="1176" type="global mark phase" contextid="970" durationms="0.114" usertimems="0.000" systemtimems="0.000" timestamp="2019-07-07T05:36:13.125" activeThreads="4">
  <mem-info id="1177" free="63963136" total="154140672" percent="41">
    <remembered-set count="62656" freebytes="5902208" totalbytes="6152832" percent="95" regionsoverflowed="0" regionsstable="0" regionsrebuilding="8"/>
  </mem-info>
</gc-end>
<concurrent-start id="1178" type="GMP work packet processing" contextid="970" timestamp="2019-07-07T05:36:13.125">
  <concurrent-mark-start scanTarget="1323541" />
</concurrent-start>
<exclusive-end id="1179" timestamp="2019-07-07T05:36:13.125" durationms="0.957" />

<concurrent-end id="1180" type="GMP work packet processing" contextid="970" timestamp="2019-07-07T05:36:13.126">
  <concurrent-mark-end bytesScanned="987236" reasonForTermination="Completed all work in GC phase" />
</concurrent-end>

<exclusive-start id="1181" timestamp="2019-07-07T05:36:13.229" intervalms="104.059">
  <response-info timems="0.257" idlems="0.257" threads="0" lastid="000000000096B700" lastname="main" />
</exclusive-start>
<allocation-taxation id="1182" taxation-threshold="22020096" timestamp="2019-07-07T05:36:13.229" intervalms="104.035" />
<cycle-start id="1183" type="partial gc" contextid="0" timestamp="2019-07-07T05:36:13.229" intervalms="644.889" />
<gc-start id="1184" type="partial gc" contextid="1183" timestamp="2019-07-07T05:36:13.229">
  <mem-info id="1185" free="41943040" total="154140672" percent="27">
    <mem type="eden" free="1034824" total="45088768" percent="2" />
    <arraylet-primitive objects="1" leaves="1" largest="1" />
    <remembered-set count="62688" freebytes="5902080" totalbytes="6152832" percent="95" regionsoverflowed="0" regionsstable="0" regionsrebuilding="8"/>
  </mem-info>
</gc-start>
<allocation-stats totalBytes="44035224" >
  <allocated-bytes non-tlh="0" tlh="44035224" arrayletleaf="0"/>
  <largest-consumer threadName="main" threadId="000000000096B700" bytes="22017312" />
</allocation-stats>
<gc-op id="1186" type="copy forward" timems="1.493" contextid="1183" timestamp="2019-07-07T05:36:13.231">
  <memory-copied type="eden" objects="51" bytes="1544" bytesdiscarded="0" />
  <memory-copied type="other" objects="42" bytes="960" bytesdiscarded="0" />
  <memory-cardclean objects="151" bytes="5688" />
  <regions eden="42" other="2" />
  <remembered-set-cleared processed="58512" cleared="86" durationms="0.558" />
  <stringconstants candidates="13774" cleared="0"  />
</gc-op>
<gc-op id="1187" type="classunload" timems="0.006" contextid="1183" timestamp="2019-07-07T05:36:13.232">
  <classunload-info classloadercandidates="55" classloadersunloaded="0" classesunloaded="0" anonymousclassesunloaded="0" quiescems="0.000" setupms="0.005" scanms="0.000" postms="0.000" />
</gc-op>
<gc-end id="1188" type="partial gc" contextid="1183" durationms="2.703" usertimems="4.000" systemtimems="0.000" timestamp="2019-07-07T05:36:13.232" activeThreads="1">
  <mem-info id="1189" free="85983232" total="154140672" percent="55">
    <mem type="eden" free="1047032" total="1048576" percent="99" />
    <arraylet-primitive objects="1" leaves="1" largest="1" />
    <remembered-set count="62816" freebytes="5901568" totalbytes="6152832" percent="95" regionsoverflowed="0" regionsstable="0" regionsrebuilding="8"/>
  </mem-info>
</gc-end>
<cycle-end id="1190" type="partial gc" contextid="1183" timestamp="2019-07-07T05:36:13.232" />
  <attribute name="elasticGC enabled" value="1" />
  <attribute name= "numThreadsSpecified" value="1" />
  <attribute name="heapSize specified" value="0" />
  <attribute name="Current GC Util" value="64" />
  <attribute name= "Current Time Running" value="13924" />
  <attribute name ="GC Interval" value="0" />
  <attribute name="ProportionalT" value="22.000000" />
  <attribute name="ProportionalI" value="22.000000" />
  <attribute name="ProportionalH" value="22.000000" />
  <attribute name="Current Error" value="44.000000" />
  <attribute name="IntegralT" value="0.000000" />
  <attribute name="IntegralI" value="0.000000" />
  <attribute name="IntegralH" value="0.000000" />
  <attribute name="DerivativeT" value="inf" />
  <attribute name="DerivativeI" value="inf" />
  <attribute name="DerivativeH" value="inf" />
  <attribute name="Loop Time for DT" value="0.000000" />
  <attribute name="Output H" value="8388608"/>
  <attribute name="Output I" value="200"/>
  <attribute name="Output T" value="1"/>
  <attribute name="Target GC Util Change" value ="20.000000" />
  <attribute name="Current GC Util Change" value="64.000000"/>
  <attribute name="GC Util currently" value="64" />
  <attribute name="CPU Util currently" value="19200957604350" />
<exclusive-end id="1191" timestamp="2019-07-07T05:36:13.232" durationms="3.808" />

<exclusive-start id="1192" timestamp="2019-07-07T05:36:13.324" intervalms="95.102">
  <response-info timems="0.168" idlems="0.168" threads="0" lastid="000000000096B700" lastname="main" />
</exclusive-start>
<allocation-taxation id="1193" taxation-threshold="22020096" timestamp="2019-07-07T05:36:13.324" intervalms="95.130" />
<gc-start id="1194" type="global mark phase" contextid="970" timestamp="2019-07-07T05:36:13.324">
  <mem-info id="1195" free="63963136" total="154140672" percent="41">
    <remembered-set count="62560" freebytes="5902592" totalbytes="6152832" percent="95" regionsoverflowed="0" regionsstable="0" regionsrebuilding="8"/>
  </mem-info>
</gc-start>
<gc-op id="1196" type="mark increment" timems="1.704" contextid="970" timestamp="2019-07-07T05:36:13.326">
  <trace-info objectcount="135" scancount="128" scanbytes="3424" />
  <cardclean-info objects="234" bytes="16476" />
  <finalization candidates="81" enqueued="1" />
  <ownableSynchronizers candidates="21" cleared="0" />
  <references type="soft" candidates="4854" cleared="6" enqueued="6" dynamicThreshold="17" maxThreshold="32" />
  <references type="weak" candidates="5641" cleared="35" enqueued="30" />
  <references type="phantom" candidates="105" cleared="3" enqueued="3" />
  <stringconstants candidates="13774" cleared="14"  />
</gc-op>
<gc-op id="1197" type="classunload" timems="0.510" contextid="970" timestamp="2019-07-07T05:36:13.327">
  <classunload-info classloadercandidates="55" classloadersunloaded="1" classesunloaded="1" anonymousclassesunloaded="0" quiescems="0.000" setupms="0.495" scanms="0.010" postms="0.005" />
</gc-op>
<gc-end id="1198" type="global mark phase" contextid="970" durationms="2.628" usertimems="4.000" systemtimems="0.000" timestamp="2019-07-07T05:36:13.327" activeThreads="4">
  <mem-info id="1199" free="63963136" total="154140672" percent="41">
    <pending-finalizers system="0" default="1" reference="39" classloader="0" />
    <remembered-set count="62560" freebytes="5902592" totalbytes="6152832" percent="95" regionsoverflowed="0" regionsstable="0" regionsrebuilding="0"/>
  </mem-info>
</gc-end>
<cycle-end id="1200" type="global mark phase" contextid="970" timestamp="2019-07-07T05:36:13.327" />
  <attribute name="elasticGC enabled" value="1" />
  <attribute name= "numThreadsSpecified" value="4" />
  <attribute name="heapSize specified" value="0" />
  <attribute name="Current GC Util" value="0" />
  <attribute name= "Current Time Running" value="14019" />
  <attribute name ="GC Interval" value="0" />
  <attribute name="ProportionalT" value="-10.000000" />
  <attribute name="ProportionalI" value="-10.000000" />
  <attribute name="ProportionalH" value="-10.000000" />
  <attribute name="Current Error" value="-20.000000" />
  <attribute name="IntegralT" value="0.000000" />
  <attribute name="IntegralI" value="0.000000" />
  <attribute name="IntegralH" value="0.000000" />
  <attribute name="DerivativeT" value="-inf" />
  <attribute name="DerivativeI" value="-inf" />
  <attribute name="DerivativeH" value="-inf" />
  <attribute name="Loop Time for DT" value="0.000000" />
  <attribute name="Output H" value="2091843584"/>
  <attribute name="Output I" value="200"/>
  <attribute name="Output T" value="4"/>
  <attribute name="Target GC Util Change" value ="20.000000" />
  <attribute name="Current GC Util Change" value="0.000000"/>
  <attribute name="GC Util currently" value="0" />
  <attribute name="CPU Util currently" value="50334926842773" />
<exclusive-end id="1201" timestamp="2019-07-07T05:36:13.327" durationms="3.414" />

<exclusive-start id="1202" timestamp="2019-07-07T05:36:13.452" intervalms="128.560">
  <response-info timems="0.075" idlems="0.075" threads="0" lastid="000000000096B700" lastname="main" />
</exclusive-start>
<allocation-taxation id="1203" taxation-threshold="22020096" timestamp="2019-07-07T05:36:13.452" intervalms="128.513" />
<cycle-start id="1204" type="partial gc" contextid="0" timestamp="2019-07-07T05:36:13.453" intervalms="223.706" />
<gc-start id="1205" type="partial gc" contextid="1204" timestamp="2019-07-07T05:36:13.453">
  <mem-info id="1206" free="41943040" total="154140672" percent="27">
    <mem type="eden" free="0" total="44040192" percent="0" />
    <arraylet-unknown objects="1" leaves="1" />
    <remembered-set count="56096" freebytes="5928448" totalbytes="6152832" percent="96" regionsoverflowed="0" regionsstable="4" regionsrebuilding="0"/>
  </mem-info>
</gc-start>
<allocation-stats totalBytes="44034040" >
  <allocated-bytes non-tlh="32" tlh="44034008" arrayletleaf="0"/>
  <largest-consumer threadName="main" threadId="000000000096B700" bytes="22008352" />
</allocation-stats>
<gc-op id="1207" type="sweep" timems="0.699" contextid="1204" timestamp="2019-07-07T05:36:13.454" />
<gc-op id="1208" type="copy forward" timems="1.424" contextid="1204" timestamp="2019-07-07T05:36:13.456">
  <memory-copied type="eden" objects="50" bytes="3536" bytesdiscarded="496" />
  <memory-copied type="other" objects="46" bytes="1280" bytesdiscarded="288" />
  <memory-cardclean objects="275" bytes="13648" />
  <regions eden="21" other="3" />
  <remembered-set-cleared processed="52257" cleared="3078" durationms="0.254" />
  <stringconstants candidates="13761" cleared="0"  />
</gc-op>
<gc-op id="1209" type="classunload" timems="0.005" contextid="1204" timestamp="2019-07-07T05:36:13.456">
  <classunload-info classloadercandidates="54" classloadersunloaded="0" classesunloaded="0" anonymousclassesunloaded="0" quiescems="0.000" setupms="0.005" scanms="0.000" postms="0.000" />
</gc-op>
<heap-resize id="1210" type="contract" space="default" amount="8388608" count="1" timems="0.167" reason="insufficient time being spent in gc" timestamp="2019-07-07T05:36:13.457" />
<gc-end id="1211" type="partial gc" contextid="1204" durationms="3.701" usertimems="8.000" systemtimems="0.000" timestamp="2019-07-07T05:36:13.457" activeThreads="4">
  <mem-info id="1212" free="78643200" total="145752064" percent="53">
    <mem type="eden" free="1044544" total="1048576" percent="99" />
    <remembered-set count="53664" freebytes="5938176" totalbytes="6152832" percent="96" regionsoverflowed="0" regionsstable="4" regionsrebuilding="0"/>
  </mem-info>
</gc-end>
<cycle-end id="1213" type="partial gc" contextid="1204" timestamp="2019-07-07T05:36:13.457" />
  <attribute name="elasticGC enabled" value="1" />
  <attribute name= "numThreadsSpecified" value="4" />
  <attribute name="heapSize specified" value="0" />
  <attribute name="Current GC Util" value="67" />
  <attribute name= "Current Time Running" value="14149" />
  <attribute name ="GC Interval" value="0" />
  <attribute name="ProportionalT" value="23.500000" />
  <attribute name="ProportionalI" value="23.500000" />
  <attribute name="ProportionalH" value="23.500000" />
  <attribute name="Current Error" value="47.000000" />
  <attribute name="IntegralT" value="0.000000" />
  <attribute name="IntegralI" value="0.000000" />
  <attribute name="IntegralH" value="0.000000" />
  <attribute name="DerivativeT" value="-inf" />
  <attribute name="DerivativeI" value="-inf" />
  <attribute name="DerivativeH" value="-inf" />
  <attribute name="Loop Time for DT" value="0.000000" />
  <attribute name="Output H" value="2091843584"/>
  <attribute name="Output I" value="200"/>
  <attribute name="Output T" value="4"/>
  <attribute name="Target GC Util Change" value ="20.000000" />
  <attribute name="Current GC Util Change" value="67.000000"/>
  <attribute name="GC Util currently" value="67" />
  <attribute name="CPU Util currently" value="27430102585799" />
<exclusive-end id="1214" timestamp="2019-07-07T05:36:13.457" durationms="4.865" />

<exclusive-start id="1215" timestamp="2019-07-07T05:36:13.726" intervalms="273.675">
  <response-info timems="0.029" idlems="0.029" threads="0" lastid="000000000096B700" lastname="main" />
</exclusive-start>
<allocation-taxation id="1216" taxation-threshold="42991616" timestamp="2019-07-07T05:36:13.726" intervalms="273.749" />
<cycle-start id="1217" type="partial gc" contextid="0" timestamp="2019-07-07T05:36:13.726" intervalms="273.776" />
<gc-start id="1218" type="partial gc" contextid="1217" timestamp="2019-07-07T05:36:13.727">
  <mem-info id="1219" free="35651584" total="145752064" percent="24">
    <mem type="eden" free="0" total="42991616" percent="0" />
    <remembered-set count="48736" freebytes="5957888" totalbytes="6152832" percent="96" regionsoverflowed="0" regionsstable="10" regionsrebuilding="0"/>
  </mem-info>
</gc-start>
<allocation-stats totalBytes="42978408" >
  <allocated-bytes non-tlh="0" tlh="42978408" arrayletleaf="0"/>
  <largest-consumer threadName="main" threadId="000000000096B700" bytes="42978408" />
</allocation-stats>
<gc-op id="1220" type="copy forward" timems="1.925" contextid="1217" timestamp="2019-07-07T05:36:13.730">
  <memory-copied type="eden" objects="36" bytes="1400" bytesdiscarded="488" />
  <memory-copied type="other" objects="2853" bytes="101944" bytesdiscarded="9128" />
  <memory-cardclean objects="1063" bytes="47400" />
  <regions eden="41" other="17" />
  <remembered-set-cleared processed="44540" cleared="3780" durationms="0.238" />
  <references type="soft" candidates="12" cleared="0" enqueued="0" dynamicThreshold="17" maxThreshold="32" />
  <references type="weak" candidates="93" cleared="0" enqueued="0" />
  <stringconstants candidates="13761" cleared="0"  />
</gc-op>
<gc-op id="1221" type="classunload" timems="0.004" contextid="1217" timestamp="2019-07-07T05:36:13.730">
  <classunload-info classloadercandidates="54" classloadersunloaded="0" classesunloaded="0" anonymousclassesunloaded="0" quiescems="0.000" setupms="0.004" scanms="0.000" postms="0.000" />
</gc-op>
<heap-resize id="1222" type="contract" space="default" amount="7340032" count="1" timems="0.116" reason="insufficient time being spent in gc" timestamp="2019-07-07T05:36:13.730" />
<gc-end id="1223" type="partial gc" contextid="1217" durationms="3.870" usertimems="4.000" systemtimems="0.000" timestamp="2019-07-07T05:36:13.731" activeThreads="4">
  <mem-info id="1224" free="82837504" total="138412032" percent="59">
    <mem type="eden" free="1046688" total="1048576" percent="99" />
    <remembered-set count="46112" freebytes="5633536" totalbytes="5817984" percent="96" regionsoverflowed="0" regionsstable="10" regionsrebuilding="0"/>
  </mem-info>
</gc-end>
<cycle-end id="1225" type="partial gc" contextid="1217" timestamp="2019-07-07T05:36:13.731" />
  <attribute name="elasticGC enabled" value="1" />
  <attribute name= "numThreadsSpecified" value="4" />
  <attribute name="heapSize specified" value="0" />
  <attribute name="Current GC Util" value="25" />
  <attribute name= "Current Time Running" value="14423" />
  <attribute name ="GC Interval" value="0" />
  <attribute name="ProportionalT" value="2.500000" />
  <attribute name="ProportionalI" value="2.500000" />
  <attribute name="ProportionalH" value="2.500000" />
  <attribute name="Current Error" value="5.000000" />
  <attribute name="IntegralT" value="2.500000" />
  <attribute name="IntegralI" value="2.500000" />
  <attribute name="IntegralH" value="2.500000" />
  <attribute name="DerivativeT" value="5.000000" />
  <attribute name="DerivativeI" value="5.000000" />
  <attribute name="DerivativeH" value="5.000000" />
  <attribute name="Loop Time for DT" value="1.000000" />
  <attribute name="Output H" value="8388608"/>
  <attribute name="Output I" value="200"/>
  <attribute name="Output T" value="4"/>
  <attribute name="Target GC Util Change" value ="20.000000" />
  <attribute name="Current GC Util Change" value="25.000000"/>
  <attribute name="GC Util currently" value="25" />
  <attribute name="CPU Util currently" value="7008662635932" />
<exclusive-end id="1226" timestamp="2019-07-07T05:36:13.731" durationms="5.237" />

<exclusive-start id="1227" timestamp="2019-07-07T05:36:13.921" intervalms="195.029">
  <response-info timems="0.033" idlems="0.033" threads="0" lastid="000000000096B700" lastname="main" />
</exclusive-start>
<allocation-taxation id="1228" taxation-threshold="40894464" timestamp="2019-07-07T05:36:13.921" intervalms="195.014" />
<cycle-start id="1229" type="partial gc" contextid="0" timestamp="2019-07-07T05:36:13.921" intervalms="194.907" />
<gc-start id="1230" type="partial gc" contextid="1229" timestamp="2019-07-07T05:36:13.922">
  <mem-info id="1231" free="41943040" total="138412032" percent="30">
    <mem type="eden" free="0" total="40894464" percent="0" />
    <remembered-set count="45632" freebytes="5635456" totalbytes="5817984" percent="96" regionsoverflowed="0" regionsstable="10" regionsrebuilding="0"/>
  </mem-info>
</gc-start>
<allocation-stats totalBytes="40884384" >
  <allocated-bytes non-tlh="0" tlh="40884384" arrayletleaf="0"/>
  <largest-consumer threadName="main" threadId="000000000096B700" bytes="40884384" />
</allocation-stats>
<gc-op id="1232" type="copy forward" timems="2.791" contextid="1229" timestamp="2019-07-07T05:36:13.925">
  <memory-copied type="eden" objects="31" bytes="944" bytesdiscarded="0" />
  <memory-copied type="other" objects="7086" bytes="287592" bytesdiscarded="17088" />
  <memory-cardclean objects="28283" bytes="1162312" />
  <regions eden="39" other="12" />
  <remembered-set-cleared processed="38757" cleared="8926" durationms="0.194" />
  <references type="soft" candidates="76" cleared="0" enqueued="0" dynamicThreshold="19" maxThreshold="32" />
  <references type="weak" candidates="445" cleared="0" enqueued="0" />
  <stringconstants candidates="13761" cleared="0"  />
</gc-op>
<gc-op id="1233" type="classunload" timems="0.005" contextid="1229" timestamp="2019-07-07T05:36:13.925">
  <classunload-info classloadercandidates="54" classloadersunloaded="0" classesunloaded="0" anonymousclassesunloaded="0" quiescems="0.000" setupms="0.005" scanms="0.000" postms="0.000" />
</gc-op>
<heap-resize id="1234" type="contract" space="default" amount="7340032" count="1" timems="0.153" reason="insufficient time being spent in gc" timestamp="2019-07-07T05:36:13.926" />
<gc-end id="1235" type="partial gc" contextid="1229" durationms="4.244" usertimems="12.000" systemtimems="0.000" timestamp="2019-07-07T05:36:13.926" activeThreads="4">
  <mem-info id="1236" free="82837504" total="131072000" percent="63">
    <mem type="eden" free="1047632" total="1048576" percent="99" />
    <remembered-set count="41952" freebytes="5357184" totalbytes="5524992" percent="96" regionsoverflowed="0" regionsstable="10" regionsrebuilding="0"/>
  </mem-info>
</gc-end>
<cycle-end id="1237" type="partial gc" contextid="1229" timestamp="2019-07-07T05:36:13.926" />
  <attribute name="elasticGC enabled" value="1" />
  <attribute name= "numThreadsSpecified" value="4" />
  <attribute name="heapSize specified" value="0" />
  <attribute name="Current GC Util" value="32" />
  <attribute name= "Current Time Running" value="14617" />
  <attribute name ="GC Interval" value="0" />
  <attribute name="ProportionalT" value="6.000000" />
  <attribute name="ProportionalI" value="6.000000" />
  <attribute name="ProportionalH" value="6.000000" />
  <attribute name="Current Error" value="12.000000" />
  <attribute name="IntegralT" value="6.000000" />
  <attribute name="IntegralI" value="6.000000" />
  <attribute name="IntegralH" value="6.000000" />
  <attribute name="DerivativeT" value="12.000000" />
  <attribute name="DerivativeI" value="12.000000" />
  <attribute name="DerivativeH" value="12.000000" />
  <attribute name="Loop Time for DT" value="1.000000" />
  <attribute name="Output H" value="8388608"/>
  <attribute name="Output I" value="200"/>
  <attribute name="Output T" value="4"/>
  <attribute name="Target GC Util Change" value ="20.000000" />
  <attribute name="Current GC Util Change" value="32.000000"/>
  <attribute name="GC Util currently" value="32" />
  <attribute name="CPU Util currently" value="7415561836572" />
<exclusive-end id="1238" timestamp="2019-07-07T05:36:13.926" durationms="5.222" />

<exclusive-start id="1239" timestamp="2019-07-07T05:36:14.004" intervalms="83.022">
  <response-info timems="0.033" idlems="0.033" threads="0" lastid="000000000096B700" lastname="main" />
</exclusive-start>
<allocation-taxation id="1240" taxation-threshold="38797312" timestamp="2019-07-07T05:36:14.004" intervalms="82.984" />
<cycle-start id="1241" type="partial gc" contextid="0" timestamp="2019-07-07T05:36:14.004" intervalms="83.049" />
<gc-start id="1242" type="partial gc" contextid="1241" timestamp="2019-07-07T05:36:14.005">
  <mem-info id="1243" free="44040192" total="131072000" percent="33">
    <mem type="eden" free="0" total="38797312" percent="0" />
    <remembered-set count="41952" freebytes="5357184" totalbytes="5524992" percent="96" regionsoverflowed="0" regionsstable="10" regionsrebuilding="0"/>
  </mem-info>
</gc-start>
<allocation-stats totalBytes="38793808" >
  <allocated-bytes non-tlh="0" tlh="38793808" arrayletleaf="0"/>
  <largest-consumer threadName="main" threadId="000000000096B700" bytes="38793808" />
</allocation-stats>
<gc-op id="1244" type="copy forward" timems="3.606" contextid="1241" timestamp="2019-07-07T05:36:14.010">
  <memory-copied type="eden" objects="38" bytes="1112" bytesdiscarded="0" />
  <memory-copied type="other" objects="9207" bytes="378056" bytesdiscarded="64" />
  <memory-cardclean objects="6820" bytes="284976" />
  <regions eden="37" other="8" />
  <remembered-set-cleared processed="37837" cleared="5817" durationms="0.436" />
  <references type="soft" candidates="134" cleared="0" enqueued="0" dynamicThreshold="20" maxThreshold="32" />
  <references type="weak" candidates="925" cleared="0" enqueued="0" />
  <references type="phantom" candidates="1" cleared="0" enqueued="0" />
  <stringconstants candidates="13761" cleared="0"  />
</gc-op>
<gc-op id="1245" type="classunload" timems="0.005" contextid="1241" timestamp="2019-07-07T05:36:14.010">
  <classunload-info classloadercandidates="54" classloadersunloaded="0" classesunloaded="0" anonymousclassesunloaded="0" quiescems="0.000" setupms="0.004" scanms="0.000" postms="0.000" />
</gc-op>
<heap-resize id="1246" type="contract" space="default" amount="7340032" count="1" timems="0.145" reason="insufficient time being spent in gc" timestamp="2019-07-07T05:36:14.010" />
<gc-end id="1247" type="partial gc" contextid="1241" durationms="5.478" usertimems="4.000" systemtimems="0.000" timestamp="2019-07-07T05:36:14.010" activeThreads="1">
  <mem-info id="1248" free="79691776" total="123731968" percent="64">
    <mem type="eden" free="1047464" total="1048576" percent="99" />
    <remembered-set count="38976" freebytes="5076096" totalbytes="5232000" percent="97" regionsoverflowed="0" regionsstable="10" regionsrebuilding="0"/>
  </mem-info>
</gc-end>
<cycle-end id="1249" type="partial gc" contextid="1241" timestamp="2019-07-07T05:36:14.010" />
  <attribute name="elasticGC enabled" value="1" />
  <attribute name= "numThreadsSpecified" value="1" />
  <attribute name="heapSize specified" value="0" />
  <attribute name="Current GC Util" value="31" />
  <attribute name= "Current Time Running" value="14700" />
  <attribute name ="GC Interval" value="0" />
  <attribute name="ProportionalT" value="5.500000" />
  <attribute name="ProportionalI" value="5.500000" />
  <attribute name="ProportionalH" value="5.500000" />
  <attribute name="Current Error" value="11.000000" />
  <attribute name="IntegralT" value="0.000000" />
  <attribute name="IntegralI" value="0.000000" />
  <attribute name="IntegralH" value="0.000000" />
  <attribute name="DerivativeT" value="inf" />
  <attribute name="DerivativeI" value="inf" />
  <attribute name="DerivativeH" value="inf" />
  <attribute name="Loop Time for DT" value="0.000000" />
  <attribute name="Output H" value="8388608"/>
  <attribute name="Output I" value="200"/>
  <attribute name="Output T" value="1"/>
  <attribute name="Target GC Util Change" value ="20.000000" />
  <attribute name="Current GC Util Change" value="31.000000"/>
  <attribute name="GC Util currently" value="31" />
  <attribute name="CPU Util currently" value="7700890533348" />
<exclusive-end id="1250" timestamp="2019-07-07T05:36:14.011" durationms="6.727" />

<exclusive-start id="1251" timestamp="2019-07-07T05:36:14.049" intervalms="44.765">
  <response-info timems="0.038" idlems="0.038" threads="0" lastid="000000000096B700" lastname="main" />
</exclusive-start>
<allocation-taxation id="1252" taxation-threshold="18874368" timestamp="2019-07-07T05:36:14.049" intervalms="44.755" />
<cycle-start id="1253" type="global mark phase" contextid="0" timestamp="2019-07-07T05:36:14.049" intervalms="2931.620" />
<gc-start id="1254" type="global mark phase" contextid="1253" timestamp="2019-07-07T05:36:14.049">
  <mem-info id="1255" free="60817408" total="123731968" percent="49">
    <remembered-set count="38816" freebytes="5076736" totalbytes="5232000" percent="97" regionsoverflowed="0" regionsstable="10" regionsrebuilding="0"/>
  </mem-info>
</gc-start>
<gc-op id="1256" type="mark increment" timems="3.609" contextid="1253" timestamp="2019-07-07T05:36:14.053">
  <trace-info objectcount="149235" scancount="114898" scanbytes="3386316" />
</gc-op>
<gc-end id="1257" type="global mark phase" contextid="1253" durationms="3.864" usertimems="8.000" systemtimems="0.000" timestamp="2019-07-07T05:36:14.053" activeThreads="4">
  <mem-info id="1258" free="60817408" total="123731968" percent="49">
    <remembered-set count="40864" freebytes="5068544" totalbytes="5232000" percent="96" regionsoverflowed="0" regionsstable="0" regionsrebuilding="10"/>
  </mem-info>
</gc-end>
<concurrent-start id="1259" type="GMP work packet processing" contextid="1253" timestamp="2019-07-07T05:36:14.053">
  <concurrent-mark-start scanTarget="1302349" />
</concurrent-start>
<exclusive-end id="1260" timestamp="2019-07-07T05:36:14.053" durationms="4.661" />

<concurrent-end id="1261" type="GMP work packet processing" contextid="1253" timestamp="2019-07-07T05:36:14.054">
  <concurrent-mark-end bytesScanned="1343116" reasonForTermination="Work target met" />
</concurrent-end>

<exclusive-start id="1262" timestamp="2019-07-07T05:36:14.079" intervalms="30.396">
  <response-info timems="0.078" idlems="0.078" threads="0" lastid="000000000096B700" lastname="main" />
</exclusive-start>
<allocation-taxation id="1263" taxation-threshold="18874368" timestamp="2019-07-07T05:36:14.079" intervalms="30.406" />
<cycle-start id="1264" type="partial gc" contextid="0" timestamp="2019-07-07T05:36:14.079" intervalms="75.172" />
<gc-start id="1265" type="partial gc" contextid="1264" timestamp="2019-07-07T05:36:14.080">
  <mem-info id="1266" free="41943040" total="123731968" percent="33">
    <mem type="eden" free="0" total="37748736" percent="0" />
    <remembered-set count="43136" freebytes="5059456" totalbytes="5232000" percent="96" regionsoverflowed="0" regionsstable="0" regionsrebuilding="10"/>
  </mem-info>
</gc-start>
<allocation-stats totalBytes="37743088" >
  <allocated-bytes non-tlh="0" tlh="37743088" arrayletleaf="0"/>
  <largest-consumer threadName="main" threadId="000000000096B700" bytes="18871776" />
</allocation-stats>
<gc-op id="1267" type="copy forward" timems="5.052" contextid="1264" timestamp="2019-07-07T05:36:14.086">
  <memory-copied type="eden" objects="7" bytes="160" bytesdiscarded="0" />
  <memory-copied type="other" objects="21488" bytes="616776" bytesdiscarded="192" />
  <memory-cardclean objects="6594" bytes="391832" />
  <regions eden="36" other="6" />
  <remembered-set-cleared processed="39538" cleared="3656" durationms="0.426" />
  <references type="soft" candidates="355" cleared="0" enqueued="0" dynamicThreshold="15" maxThreshold="32" />
  <references type="weak" candidates="1962" cleared="0" enqueued="0" />
  <references type="phantom" candidates="1" cleared="0" enqueued="0" />
  <stringconstants candidates="13761" cleared="0"  />
</gc-op>
<gc-op id="1268" type="classunload" timems="0.005" contextid="1264" timestamp="2019-07-07T05:36:14.086">
  <classunload-info classloadercandidates="54" classloadersunloaded="0" classesunloaded="0" anonymousclassesunloaded="0" quiescems="0.000" setupms="0.005" scanms="0.000" postms="0.000" />
</gc-op>
<heap-resize id="1269" type="contract" space="default" amount="6291456" count="1" timems="0.203" reason="excess free space following gc" timestamp="2019-07-07T05:36:14.087" />
<gc-end id="1270" type="partial gc" contextid="1264" durationms="6.921" usertimems="12.000" systemtimems="0.000" timestamp="2019-07-07T05:36:14.087" activeThreads="1">
  <mem-info id="1271" free="75497472" total="117440512" percent="64">
    <mem type="eden" free="1048416" total="1048576" percent="99" />
    <remembered-set count="42752" freebytes="4768000" totalbytes="4939008" percent="96" regionsoverflowed="0" regionsstable="0" regionsrebuilding="10"/>
  </mem-info>
</gc-end>
<cycle-end id="1272" type="partial gc" contextid="1264" timestamp="2019-07-07T05:36:14.087" />
  <attribute name="elasticGC enabled" value="1" />
  <attribute name= "numThreadsSpecified" value="1" />
  <attribute name="heapSize specified" value="0" />
  <attribute name="Current GC Util" value="31" />
  <attribute name= "Current Time Running" value="14775" />
  <attribute name ="GC Interval" value="0" />
  <attribute name="ProportionalT" value="5.500000" />
  <attribute name="ProportionalI" value="5.500000" />
  <attribute name="ProportionalH" value="5.500000" />
  <attribute name="Current Error" value="11.000000" />
  <attribute name="IntegralT" value="0.000000" />
  <attribute name="IntegralI" value="0.000000" />
  <attribute name="IntegralH" value="0.000000" />
  <attribute name="DerivativeT" value="inf" />
  <attribute name="DerivativeI" value="inf" />
  <attribute name="DerivativeH" value="inf" />
  <attribute name="Loop Time for DT" value="0.000000" />
  <attribute name="Output H" value="8388608"/>
  <attribute name="Output I" value="200"/>
  <attribute name="Output T" value="1"/>
  <attribute name="Target GC Util Change" value ="20.000000" />
  <attribute name="Current GC Util Change" value="31.000000"/>
  <attribute name="GC Util currently" value="31" />
  <attribute name="CPU Util currently" value="8372872363797" />
<exclusive-end id="1273" timestamp="2019-07-07T05:36:14.087" durationms="8.131" />

<exclusive-start id="1274" timestamp="2019-07-07T05:36:14.151" intervalms="72.292">
  <response-info timems="0.074" idlems="0.074" threads="0" lastid="000000000096B700" lastname="main" />
</exclusive-start>
<allocation-taxation id="1275" taxation-threshold="17825792" timestamp="2019-07-07T05:36:14.152" intervalms="72.252" />
<gc-start id="1276" type="global mark phase" contextid="1253" timestamp="2019-07-07T05:36:14.152">
  <mem-info id="1277" free="57671680" total="117440512" percent="49">
    <remembered-set count="42688" freebytes="4768256" totalbytes="4939008" percent="96" regionsoverflowed="0" regionsstable="0" regionsrebuilding="10"/>
  </mem-info>
</gc-start>
<gc-end id="1278" type="global mark phase" contextid="1253" durationms="0.215" usertimems="0.000" systemtimems="0.000" timestamp="2019-07-07T05:36:14.152" activeThreads="1">
  <mem-info id="1279" free="57671680" total="117440512" percent="49">
    <remembered-set count="42688" freebytes="4768256" totalbytes="4939008" percent="96" regionsoverflowed="0" regionsstable="0" regionsrebuilding="10"/>
  </mem-info>
</gc-end>
<concurrent-start id="1280" type="GMP work packet processing" contextid="1253" timestamp="2019-07-07T05:36:14.152">
  <concurrent-mark-start scanTarget="1048576" />
</concurrent-start>
<exclusive-end id="1281" timestamp="2019-07-07T05:36:14.152" durationms="0.982" />

<concurrent-end id="1282" type="GMP work packet processing" contextid="1253" timestamp="2019-07-07T05:36:14.153">
  <concurrent-mark-end bytesScanned="1078776" reasonForTermination="Work target met" />
</concurrent-end>

<exclusive-start id="1283" timestamp="2019-07-07T05:36:14.239" intervalms="87.683">
  <response-info timems="0.073" idlems="0.073" threads="0" lastid="000000000096B700" lastname="main" />
</exclusive-start>
<allocation-taxation id="1284" taxation-threshold="17825792" timestamp="2019-07-07T05:36:14.239" intervalms="87.708" />
<cycle-start id="1285" type="partial gc" contextid="0" timestamp="2019-07-07T05:36:14.239" intervalms="159.955" />
<gc-start id="1286" type="partial gc" contextid="1285" timestamp="2019-07-07T05:36:14.240">
  <mem-info id="1287" free="39845888" total="117440512" percent="33">
    <mem type="eden" free="1048416" total="36700160" percent="2" />
    <remembered-set count="43904" freebytes="4763392" totalbytes="4939008" percent="96" regionsoverflowed="0" regionsstable="0" regionsrebuilding="10"/>
  </mem-info>
</gc-start>
<allocation-stats totalBytes="35649136" >
  <allocated-bytes non-tlh="0" tlh="35649136" arrayletleaf="0"/>
  <largest-consumer threadName="main" threadId="000000000096B700" bytes="17825168" />
</allocation-stats>
<gc-op id="1288" type="copy forward" timems="4.918" contextid="1285" timestamp="2019-07-07T05:36:14.246">
  <memory-copied type="eden" objects="22" bytes="696" bytesdiscarded="0" />
  <memory-copied type="other" objects="21018" bytes="649256" bytesdiscarded="448" />
  <memory-cardclean objects="5451" bytes="490720" />
  <regions eden="34" other="5" />
  <remembered-set-cleared processed="40876" cleared="4430" durationms="0.441" />
  <references type="soft" candidates="708" cleared="0" enqueued="0" dynamicThreshold="15" maxThreshold="32" />
  <references type="weak" candidates="867" cleared="0" enqueued="0" />
  <stringconstants candidates="13761" cleared="0"  />
</gc-op>
<gc-op id="1289" type="classunload" timems="0.005" contextid="1285" timestamp="2019-07-07T05:36:14.246">
  <classunload-info classloadercandidates="54" classloadersunloaded="0" classesunloaded="0" anonymousclassesunloaded="0" quiescems="0.000" setupms="0.004" scanms="0.000" postms="0.000" />
</gc-op>
<heap-resize id="1290" type="contract" space="default" amount="6291456" count="1" timems="0.329" reason="excess free space following gc" timestamp="2019-07-07T05:36:14.247" />
<gc-end id="1291" type="partial gc" contextid="1285" durationms="6.843" usertimems="4.000" systemtimems="0.000" timestamp="2019-07-07T05:36:14.247" activeThreads="1">
  <mem-info id="1292" free="72351744" total="111149056" percent="65">
    <mem type="eden" free="1047880" total="1048576" percent="99" />
    <remembered-set count="43616" freebytes="4513408" totalbytes="4687872" percent="96" regionsoverflowed="0" regionsstable="0" regionsrebuilding="10"/>
  </mem-info>
</gc-end>
<cycle-end id="1293" type="partial gc" contextid="1285" timestamp="2019-07-07T05:36:14.247" />
  <attribute name="elasticGC enabled" value="1" />
  <attribute name= "numThreadsSpecified" value="1" />
  <attribute name="heapSize specified" value="0" />
  <attribute name="Current GC Util" value="36" />
  <attribute name= "Current Time Running" value="14935" />
  <attribute name ="GC Interval" value="0" />
  <attribute name="ProportionalT" value="8.000000" />
  <attribute name="ProportionalI" value="8.000000" />
  <attribute name="ProportionalH" value="8.000000" />
  <attribute name="Current Error" value="16.000000" />
  <attribute name="IntegralT" value="0.000000" />
  <attribute name="IntegralI" value="0.000000" />
  <attribute name="IntegralH" value="0.000000" />
  <attribute name="DerivativeT" value="inf" />
  <attribute name="DerivativeI" value="inf" />
  <attribute name="DerivativeH" value="inf" />
  <attribute name="Loop Time for DT" value="0.000000" />
  <attribute name="Output H" value="8388608"/>
  <attribute name="Output I" value="200"/>
  <attribute name="Output T" value="1"/>
  <attribute name="Target GC Util Change" value ="20.000000" />
  <attribute name="Current GC Util Change" value="36.000000"/>
  <attribute name="GC Util currently" value="36" />
  <attribute name="CPU Util currently" value="8777977418140" />
<exclusive-end id="1294" timestamp="2019-07-07T05:36:14.247" durationms="8.134" />

<exclusive-start id="1295" timestamp="2019-07-07T05:36:14.574" intervalms="334.600">
  <response-info timems="0.071" idlems="0.071" threads="0" lastid="000000000096B700" lastname="main" />
</exclusive-start>
<allocation-taxation id="1296" taxation-threshold="16777216" timestamp="2019-07-07T05:36:14.574" intervalms="334.657" />
<gc-start id="1297" type="global mark phase" contextid="1253" timestamp="2019-07-07T05:36:14.574">
  <mem-info id="1298" free="55574528" total="111149056" percent="50">
    <remembered-set count="43200" freebytes="4515072" totalbytes="4687872" percent="96" regionsoverflowed="0" regionsstable="0" regionsrebuilding="10"/>
  </mem-info>
</gc-start>
<gc-end id="1299" type="global mark phase" contextid="1253" durationms="0.131" usertimems="0.000" systemtimems="0.000" timestamp="2019-07-07T05:36:14.574" activeThreads="1">
  <mem-info id="1300" free="55574528" total="111149056" percent="50">
    <remembered-set count="43200" freebytes="4515072" totalbytes="4687872" percent="96" regionsoverflowed="0" regionsstable="0" regionsrebuilding="10"/>
  </mem-info>
</gc-end>
<concurrent-start id="1301" type="GMP work packet processing" contextid="1253" timestamp="2019-07-07T05:36:14.574">
  <concurrent-mark-start scanTarget="1048576" />
</concurrent-start>
<exclusive-end id="1302" timestamp="2019-07-07T05:36:14.575" durationms="1.286" />

<concurrent-end id="1303" type="GMP work packet processing" contextid="1253" timestamp="2019-07-07T05:36:14.576">
  <concurrent-mark-end bytesScanned="1079140" reasonForTermination="Work target met" />
</concurrent-end>

<exclusive-start id="1304" timestamp="2019-07-07T05:36:14.822" intervalms="248.821">
  <response-info timems="0.060" idlems="0.060" threads="0" lastid="000000000096B700" lastname="main" />
</exclusive-start>
<allocation-taxation id="1305" taxation-threshold="16777216" timestamp="2019-07-07T05:36:14.823" intervalms="248.863" />
<cycle-start id="1306" type="partial gc" contextid="0" timestamp="2019-07-07T05:36:14.823" intervalms="583.562" />
<gc-start id="1307" type="partial gc" contextid="1306" timestamp="2019-07-07T05:36:14.823">
  <mem-info id="1308" free="38797312" total="111149056" percent="34">
    <mem type="eden" free="0" total="33554432" percent="0" />
    <remembered-set count="44320" freebytes="4510592" totalbytes="4687872" percent="96" regionsoverflowed="0" regionsstable="0" regionsrebuilding="10"/>
  </mem-info>
</gc-start>
<allocation-stats totalBytes="33552488" >
  <allocated-bytes non-tlh="0" tlh="33552488" arrayletleaf="0"/>
  <largest-consumer threadName="main" threadId="000000000096B700" bytes="16776200" />
</allocation-stats>
<gc-op id="1309" type="copy forward" timems="3.794" contextid="1306" timestamp="2019-07-07T05:36:14.828">
  <memory-copied type="eden" objects="27" bytes="784" bytesdiscarded="0" />
  <memory-copied type="other" objects="13139" bytes="794952" bytesdiscarded="59600" />
  <memory-cardclean objects="24362" bytes="1060176" />
  <regions eden="32" other="4" />
  <remembered-set-cleared processed="39312" cleared="6439" durationms="0.228" />
  <finalization candidates="3" enqueued="0" />
  <references type="soft" candidates="1403" cleared="0" enqueued="0" dynamicThreshold="16" maxThreshold="32" />
  <references type="weak" candidates="1162" cleared="0" enqueued="0" />
  <references type="phantom" candidates="4" cleared="0" enqueued="0" />
  <stringconstants candidates="13761" cleared="0"  />
</gc-op>
<gc-op id="1310" type="classunload" timems="0.004" contextid="1306" timestamp="2019-07-07T05:36:14.829">
  <classunload-info classloadercandidates="54" classloadersunloaded="0" classesunloaded="0" anonymousclassesunloaded="0" quiescems="0.000" setupms="0.004" scanms="0.000" postms="0.000" />
</gc-op>
<heap-resize id="1311" type="contract" space="default" amount="6291456" count="1" timems="0.352" reason="insufficient time being spent in gc" timestamp="2019-07-07T05:36:14.829" />
<gc-end id="1312" type="partial gc" contextid="1306" durationms="5.821" usertimems="12.000" systemtimems="0.000" timestamp="2019-07-07T05:36:14.829" activeThreads="4">
  <mem-info id="1313" free="67108864" total="104857600" percent="64">
    <mem type="eden" free="1047792" total="1048576" percent="99" />
    <remembered-set count="44544" freebytes="4258560" totalbytes="4436736" percent="95" regionsoverflowed="0" regionsstable="0" regionsrebuilding="10"/>
  </mem-info>
</gc-end>
<cycle-end id="1314" type="partial gc" contextid="1306" timestamp="2019-07-07T05:36:14.830" />
  <attribute name="elasticGC enabled" value="1" />
  <attribute name= "numThreadsSpecified" value="4" />
  <attribute name="heapSize specified" value="0" />
  <attribute name="Current GC Util" value="34" />
  <attribute name= "Current Time Running" value="15519" />
  <attribute name ="GC Interval" value="0" />
  <attribute name="ProportionalT" value="7.000000" />
  <attribute name="ProportionalI" value="7.000000" />
  <attribute name="ProportionalH" value="7.000000" />
  <attribute name="Current Error" value="14.000000" />
  <attribute name="IntegralT" value="7.000000" />
  <attribute name="IntegralI" value="7.000000" />
  <attribute name="IntegralH" value="7.000000" />
  <attribute name="DerivativeT" value="14.000000" />
  <attribute name="DerivativeI" value="14.000000" />
  <attribute name="DerivativeH" value="14.000000" />
  <attribute name="Loop Time for DT" value="1.000000" />
  <attribute name="Output H" value="8388608"/>
  <attribute name="Output I" value="200"/>
  <attribute name="Output T" value="4"/>
  <attribute name="Target GC Util Change" value ="20.000000" />
  <attribute name="Current GC Util Change" value="34.000000"/>
  <attribute name="GC Util currently" value="34" />
  <attribute name="CPU Util currently" value="8061908900450" />
<exclusive-end id="1315" timestamp="2019-07-07T05:36:14.830" durationms="7.354" />

<exclusive-start id="1316" timestamp="2019-07-07T05:36:15.648" intervalms="825.383">
  <response-info timems="0.095" idlems="0.095" threads="0" lastid="000000000096B700" lastname="main" />
</exclusive-start>
<allocation-taxation id="1317" taxation-threshold="15728640" timestamp="2019-07-07T05:36:15.648" intervalms="825.372" />
<gc-start id="1318" type="global mark phase" contextid="1253" timestamp="2019-07-07T05:36:15.649">
  <mem-info id="1319" free="51380224" total="104857600" percent="49">
    <remembered-set count="40960" freebytes="4272896" totalbytes="4436736" percent="96" regionsoverflowed="0" regionsstable="1" regionsrebuilding="10"/>
  </mem-info>
</gc-start>
<gc-end id="1320" type="global mark phase" contextid="1253" durationms="0.154" usertimems="0.000" systemtimems="0.000" timestamp="2019-07-07T05:36:15.649" activeThreads="4">
  <mem-info id="1321" free="51380224" total="104857600" percent="49">
    <remembered-set count="40960" freebytes="4272896" totalbytes="4436736" percent="96" regionsoverflowed="0" regionsstable="1" regionsrebuilding="10"/>
  </mem-info>
</gc-end>
<concurrent-start id="1322" type="GMP work packet processing" contextid="1253" timestamp="2019-07-07T05:36:15.649">
  <concurrent-mark-start scanTarget="1302349" />
</concurrent-start>
<exclusive-end id="1323" timestamp="2019-07-07T05:36:15.649" durationms="1.269" />

<concurrent-end id="1324" type="GMP work packet processing" contextid="1253" timestamp="2019-07-07T05:36:15.650">
  <concurrent-mark-end bytesScanned="1331776" reasonForTermination="Work target met" />
</concurrent-end>

<exclusive-start id="1325" timestamp="2019-07-07T05:36:15.706" intervalms="58.130">
  <response-info timems="0.076" idlems="0.076" threads="0" lastid="000000000096B700" lastname="main" />
</exclusive-start>
<allocation-taxation id="1326" taxation-threshold="15728640" timestamp="2019-07-07T05:36:15.706" intervalms="58.031" />
<cycle-start id="1327" type="partial gc" contextid="0" timestamp="2019-07-07T05:36:15.706" intervalms="883.328" />
<gc-start id="1328" type="partial gc" contextid="1327" timestamp="2019-07-07T05:36:15.707">
  <mem-info id="1329" free="35651584" total="104857600" percent="34">
    <mem type="eden" free="0" total="31457280" percent="0" />
    <remembered-set count="41760" freebytes="4269696" totalbytes="4436736" percent="96" regionsoverflowed="0" regionsstable="1" regionsrebuilding="10"/>
  </mem-info>
</gc-start>
<allocation-stats totalBytes="31455184" >
  <allocated-bytes non-tlh="0" tlh="31455184" arrayletleaf="0"/>
  <largest-consumer threadName="main" threadId="000000000096B700" bytes="15727536" />
</allocation-stats>
<gc-op id="1330" type="copy forward" timems="6.257" contextid="1327" timestamp="2019-07-07T05:36:15.714">
  <memory-copied type="eden" objects="46" bytes="1232" bytesdiscarded="0" />
  <memory-copied type="other" objects="15010" bytes="676616" bytesdiscarded="448" />
  <memory-cardclean objects="45194" bytes="1552136" />
  <regions eden="30" other="3" />
  <remembered-set-cleared processed="34589" cleared="5554" durationms="0.421" />
  <finalization candidates="4" enqueued="0" />
  <references type="soft" candidates="1485" cleared="0" enqueued="0" dynamicThreshold="15" maxThreshold="32" />
  <references type="weak" candidates="1265" cleared="0" enqueued="0" />
  <references type="phantom" candidates="6" cleared="0" enqueued="0" />
  <stringconstants candidates="13761" cleared="0"  />
</gc-op>
<gc-op id="1331" type="classunload" timems="0.008" contextid="1327" timestamp="2019-07-07T05:36:15.714">
  <classunload-info classloadercandidates="54" classloadersunloaded="0" classesunloaded="0" anonymousclassesunloaded="0" quiescems="0.000" setupms="0.008" scanms="0.000" postms="0.000" />
</gc-op>
<heap-resize id="1332" type="contract" space="default" amount="5242880" count="1" timems="0.355" reason="excess free space following gc" timestamp="2019-07-07T05:36:15.715" />
<gc-end id="1333" type="partial gc" contextid="1327" durationms="8.075" usertimems="16.000" systemtimems="0.000" timestamp="2019-07-07T05:36:15.715" activeThreads="1">
  <mem-info id="1334" free="61865984" total="99614720" percent="62">
    <mem type="eden" free="1047344" total="1048576" percent="99" />
    <remembered-set count="40768" freebytes="4022528" totalbytes="4185600" percent="96" regionsoverflowed="0" regionsstable="1" regionsrebuilding="10"/>
  </mem-info>
</gc-end>
<cycle-end id="1335" type="partial gc" contextid="1327" timestamp="2019-07-07T05:36:15.715" />
  <attribute name="elasticGC enabled" value="1" />
  <attribute name= "numThreadsSpecified" value="1" />
  <attribute name="heapSize specified" value="0" />
  <attribute name="Current GC Util" value="37" />
  <attribute name= "Current Time Running" value="16402" />
  <attribute name ="GC Interval" value="0" />
  <attribute name="ProportionalT" value="8.500000" />
  <attribute name="ProportionalI" value="8.500000" />
  <attribute name="ProportionalH" value="8.500000" />
  <attribute name="Current Error" value="17.000000" />
  <attribute name="IntegralT" value="0.000000" />
  <attribute name="IntegralI" value="0.000000" />
  <attribute name="IntegralH" value="0.000000" />
  <attribute name="DerivativeT" value="inf" />
  <attribute name="DerivativeI" value="inf" />
  <attribute name="DerivativeH" value="inf" />
  <attribute name="Loop Time for DT" value="0.000000" />
  <attribute name="Output H" value="8388608"/>
  <attribute name="Output I" value="200"/>
  <attribute name="Output T" value="1"/>
  <attribute name="Target GC Util Change" value ="20.000000" />
  <attribute name="Current GC Util Change" value="37.000000"/>
  <attribute name="GC Util currently" value="37" />
  <attribute name="CPU Util currently" value="9257457951534" />
<exclusive-end id="1336" timestamp="2019-07-07T05:36:15.715" durationms="9.143" />

<exclusive-start id="1337" timestamp="2019-07-07T05:36:15.753" intervalms="47.056">
  <response-info timems="0.215" idlems="0.215" threads="0" lastid="000000000096B700" lastname="main" />
</exclusive-start>
<allocation-taxation id="1338" taxation-threshold="15728640" timestamp="2019-07-07T05:36:15.753" intervalms="47.082" />
<gc-start id="1339" type="global mark phase" contextid="1253" timestamp="2019-07-07T05:36:15.753">
  <mem-info id="1340" free="46137344" total="99614720" percent="46">
    <remembered-set count="39168" freebytes="4028928" totalbytes="4185600" percent="96" regionsoverflowed="0" regionsstable="2" regionsrebuilding="10"/>
  </mem-info>
</gc-start>
<gc-end id="1341" type="global mark phase" contextid="1253" durationms="0.203" usertimems="0.000" systemtimems="0.000" timestamp="2019-07-07T05:36:15.754" activeThreads="1">
  <mem-info id="1342" free="46137344" total="99614720" percent="46">
    <remembered-set count="39168" freebytes="4028928" totalbytes="4185600" percent="96" regionsoverflowed="0" regionsstable="2" regionsrebuilding="10"/>
  </mem-info>
</gc-end>
<concurrent-start id="1343" type="GMP work packet processing" contextid="1253" timestamp="2019-07-07T05:36:15.754">
  <concurrent-mark-start scanTarget="1048576" />
</concurrent-start>
<exclusive-end id="1344" timestamp="2019-07-07T05:36:15.754" durationms="1.197" />

<concurrent-end id="1345" type="GMP work packet processing" contextid="1253" timestamp="2019-07-07T05:36:15.755">
  <concurrent-mark-end bytesScanned="1089324" reasonForTermination="Work target met" />
</concurrent-end>

<exclusive-start id="1346" timestamp="2019-07-07T05:36:15.792" intervalms="38.731">
  <response-info timems="0.068" idlems="0.068" threads="0" lastid="000000000096B700" lastname="main" />
</exclusive-start>
<allocation-taxation id="1347" taxation-threshold="15728640" timestamp="2019-07-07T05:36:15.792" intervalms="38.778" />
<cycle-start id="1348" type="partial gc" contextid="0" timestamp="2019-07-07T05:36:15.792" intervalms="85.906" />
<gc-start id="1349" type="partial gc" contextid="1348" timestamp="2019-07-07T05:36:15.793">
  <mem-info id="1350" free="30408704" total="99614720" percent="30">
    <mem type="eden" free="0" total="31457280" percent="0" />
    <remembered-set count="41728" freebytes="4018688" totalbytes="4185600" percent="96" regionsoverflowed="0" regionsstable="2" regionsrebuilding="10"/>
  </mem-info>
</gc-start>
<allocation-stats totalBytes="31454776" >
  <allocated-bytes non-tlh="0" tlh="31454776" arrayletleaf="0"/>
  <largest-consumer threadName="main" threadId="000000000096B700" bytes="15727392" />
</allocation-stats>
<gc-op id="1351" type="copy forward" timems="9.086" contextid="1348" timestamp="2019-07-07T05:36:15.803">
  <memory-copied type="eden" objects="6" bytes="144" bytesdiscarded="0" />
  <memory-copied type="other" objects="28834" bytes="870480" bytesdiscarded="424" />
  <memory-cardclean objects="62508" bytes="2341784" />
  <regions eden="30" other="3" />
  <remembered-set-cleared processed="33155" cleared="9791" durationms="0.445" />
  <finalization candidates="11" enqueued="0" />
  <ownableSynchronizers candidates="4" cleared="0" />
  <references type="soft" candidates="1008" cleared="0" enqueued="0" dynamicThreshold="14" maxThreshold="32" />
  <references type="weak" candidates="1570" cleared="0" enqueued="0" />
  <references type="phantom" candidates="5" cleared="0" enqueued="0" />
  <stringconstants candidates="13761" cleared="0"  />
</gc-op>
<gc-op id="1352" type="classunload" timems="0.007" contextid="1348" timestamp="2019-07-07T05:36:15.803">
  <classunload-info classloadercandidates="54" classloadersunloaded="0" classesunloaded="0" anonymousclassesunloaded="0" quiescems="0.000" setupms="0.006" scanms="0.000" postms="0.000" />
</gc-op>
<heap-resize id="1353" type="contract" space="default" amount="2097152" count="1" timems="0.214" reason="excess free space following gc" timestamp="2019-07-07T05:36:15.804" />
<gc-end id="1354" type="partial gc" contextid="1348" durationms="11.142" usertimems="8.000" systemtimems="8.000" timestamp="2019-07-07T05:36:15.804" activeThreads="1">
  <mem-info id="1355" free="59768832" total="97517568" percent="61">
    <mem type="eden" free="1048432" total="1048576" percent="99" />
    <remembered-set count="39232" freebytes="3819392" totalbytes="3976320" percent="96" regionsoverflowed="0" regionsstable="2" regionsrebuilding="10"/>
  </mem-info>
</gc-end>
<cycle-end id="1356" type="partial gc" contextid="1348" timestamp="2019-07-07T05:36:15.804" />
  <attribute name="elasticGC enabled" value="1" />
  <attribute name= "numThreadsSpecified" value="1" />
  <attribute name="heapSize specified" value="0" />
  <attribute name="Current GC Util" value="103" />
  <attribute name= "Current Time Running" value="16488" />
  <attribute name ="GC Interval" value="0" />
  <attribute name="ProportionalT" value="41.500000" />
  <attribute name="ProportionalI" value="41.500000" />
  <attribute name="ProportionalH" value="41.500000" />
  <attribute name="Current Error" value="83.000000" />
  <attribute name="IntegralT" value="0.000000" />
  <attribute name="IntegralI" value="0.000000" />
  <attribute name="IntegralH" value="0.000000" />
  <attribute name="DerivativeT" value="inf" />
  <attribute name="DerivativeI" value="inf" />
  <attribute name="DerivativeH" value="inf" />
  <attribute name="Loop Time for DT" value="0.000000" />
  <attribute name="Output H" value="8388608"/>
  <attribute name="Output I" value="200"/>
  <attribute name="Output T" value="1"/>
  <attribute name="Target GC Util Change" value ="20.000000" />
  <attribute name="Current GC Util Change" value="103.000000"/>
  <attribute name="GC Util currently" value="103" />
  <attribute name="CPU Util currently" value="6903101510911" />
<exclusive-end id="1357" timestamp="2019-07-07T05:36:15.804" durationms="12.522" />

<exclusive-start id="1358" timestamp="2019-07-07T05:36:15.857" intervalms="64.728">
  <response-info timems="0.250" idlems="0.250" threads="0" lastid="000000000096B700" lastname="main" />
</exclusive-start>
<allocation-taxation id="1359" taxation-threshold="14680064" timestamp="2019-07-07T05:36:15.857" intervalms="64.709" />
<gc-start id="1360" type="global mark phase" contextid="1253" timestamp="2019-07-07T05:36:15.857">
  <mem-info id="1361" free="45088768" total="97517568" percent="46">
    <remembered-set count="35264" freebytes="3835264" totalbytes="3976320" percent="96" regionsoverflowed="0" regionsstable="3" regionsrebuilding="10"/>
  </mem-info>
</gc-start>
<gc-end id="1362" type="global mark phase" contextid="1253" durationms="0.188" usertimems="0.000" systemtimems="0.000" timestamp="2019-07-07T05:36:15.857" activeThreads="1">
  <mem-info id="1363" free="45088768" total="97517568" percent="46">
    <remembered-set count="35264" freebytes="3835264" totalbytes="3976320" percent="96" regionsoverflowed="0" regionsstable="3" regionsrebuilding="10"/>
  </mem-info>
</gc-end>
<concurrent-start id="1364" type="GMP work packet processing" contextid="1253" timestamp="2019-07-07T05:36:15.857">
  <concurrent-mark-start scanTarget="1048576" />
</concurrent-start>
<exclusive-end id="1365" timestamp="2019-07-07T05:36:15.858" durationms="1.227" />

<concurrent-end id="1366" type="GMP work packet processing" contextid="1253" timestamp="2019-07-07T05:36:15.859">
  <concurrent-mark-end bytesScanned="1084980" reasonForTermination="Work target met" />
</concurrent-end>

<exclusive-start id="1367" timestamp="2019-07-07T05:36:15.907" intervalms="50.185">
  <response-info timems="0.229" idlems="0.229" threads="0" lastid="000000000096B700" lastname="main" />
</exclusive-start>
<allocation-taxation id="1368" taxation-threshold="14680064" timestamp="2019-07-07T05:36:15.907" intervalms="50.182" />
<cycle-start id="1369" type="partial gc" contextid="0" timestamp="2019-07-07T05:36:15.907" intervalms="114.892" />
<gc-start id="1370" type="partial gc" contextid="1369" timestamp="2019-07-07T05:36:15.908">
  <mem-info id="1371" free="30408704" total="97517568" percent="31">
    <mem type="eden" free="1048432" total="30408704" percent="3" />
    <remembered-set count="39040" freebytes="3820160" totalbytes="3976320" percent="96" regionsoverflowed="0" regionsstable="3" regionsrebuilding="10"/>
  </mem-info>
</gc-start>
<allocation-stats totalBytes="29358056" >
  <allocated-bytes non-tlh="0" tlh="29358056" arrayletleaf="0"/>
  <largest-consumer threadName="main" threadId="000000000096B700" bytes="14679152" />
</allocation-stats>
<gc-op id="1372" type="copy forward" timems="14.487" contextid="1369" timestamp="2019-07-07T05:36:15.923">
  <memory-copied type="eden" objects="35" bytes="1000" bytesdiscarded="0" />
  <memory-copied type="other" objects="28929" bytes="1072144" bytesdiscarded="376" />
  <memory-cardclean objects="195043" bytes="6301440" />
  <regions eden="28" other="3" />
  <remembered-set-cleared processed="22149" cleared="8332" durationms="0.338" />
  <finalization candidates="40" enqueued="0" />
  <ownableSynchronizers candidates="1" cleared="0" />
  <references type="soft" candidates="411" cleared="0" enqueued="0" dynamicThreshold="14" maxThreshold="32" />
  <references type="weak" candidates="891" cleared="0" enqueued="0" />
  <references type="phantom" candidates="8" cleared="0" enqueued="0" />
  <stringconstants candidates="13761" cleared="0"  />
</gc-op>
<gc-op id="1373" type="classunload" timems="0.008" contextid="1369" timestamp="2019-07-07T05:36:15.923">
  <classunload-info classloadercandidates="54" classloadersunloaded="0" classesunloaded="0" anonymousclassesunloaded="0" quiescems="0.000" setupms="0.008" scanms="0.000" postms="0.000" />
</gc-op>
<heap-resize id="1374" type="contract" space="default" amount="3145728" count="1" timems="0.250" reason="excess free space following gc" timestamp="2019-07-07T05:36:15.924" />
<gc-end id="1375" type="partial gc" contextid="1369" durationms="16.506" usertimems="28.000" systemtimems="0.000" timestamp="2019-07-07T05:36:15.924" activeThreads="1">
  <mem-info id="1376" free="57671680" total="94371840" percent="61">
    <mem type="eden" free="1047576" total="1048576" percent="99" />
    <remembered-set count="37536" freebytes="3742464" totalbytes="3892608" percent="96" regionsoverflowed="0" regionsstable="3" regionsrebuilding="10"/>
  </mem-info>
</gc-end>
<cycle-end id="1377" type="partial gc" contextid="1369" timestamp="2019-07-07T05:36:15.924" />
  <attribute name="elasticGC enabled" value="1" />
  <attribute name= "numThreadsSpecified" value="1" />
  <attribute name="heapSize specified" value="0" />
  <attribute name="Current GC Util" value="46" />
  <attribute name= "Current Time Running" value="16603" />
  <attribute name ="GC Interval" value="0" />
  <attribute name="ProportionalT" value="13.000000" />
  <attribute name="ProportionalI" value="13.000000" />
  <attribute name="ProportionalH" value="13.000000" />
  <attribute name="Current Error" value="26.000000" />
  <attribute name="IntegralT" value="0.000000" />
  <attribute name="IntegralI" value="0.000000" />
  <attribute name="IntegralH" value="0.000000" />
  <attribute name="DerivativeT" value="inf" />
  <attribute name="DerivativeI" value="inf" />
  <attribute name="DerivativeH" value="inf" />
  <attribute name="Loop Time for DT" value="0.000000" />
  <attribute name="Output H" value="8388608"/>
  <attribute name="Output I" value="200"/>
  <attribute name="Output T" value="1"/>
  <attribute name="Target GC Util Change" value ="20.000000" />
  <attribute name="Current GC Util Change" value="46.000000"/>
  <attribute name="GC Util currently" value="46" />
  <attribute name="CPU Util currently" value="8223772448929" />
<exclusive-end id="1378" timestamp="2019-07-07T05:36:15.925" durationms="17.893" />

<exclusive-start id="1379" timestamp="2019-07-07T05:36:15.974" intervalms="67.202">
  <response-info timems="0.059" idlems="0.059" threads="0" lastid="000000000096B700" lastname="main" />
</exclusive-start>
<allocation-taxation id="1380" taxation-threshold="14680064" timestamp="2019-07-07T05:36:15.974" intervalms="67.244" />
<gc-start id="1381" type="global mark phase" contextid="1253" timestamp="2019-07-07T05:36:15.974">
  <mem-info id="1382" free="42991616" total="94371840" percent="45">
    <remembered-set count="22656" freebytes="3801984" totalbytes="3892608" percent="97" regionsoverflowed="0" regionsstable="4" regionsrebuilding="10"/>
  </mem-info>
</gc-start>
<gc-end id="1383" type="global mark phase" contextid="1253" durationms="0.220" usertimems="0.000" systemtimems="0.000" timestamp="2019-07-07T05:36:15.975" activeThreads="1">
  <mem-info id="1384" free="42991616" total="94371840" percent="45">
    <remembered-set count="22656" freebytes="3801984" totalbytes="3892608" percent="97" regionsoverflowed="0" regionsstable="4" regionsrebuilding="10"/>
  </mem-info>
</gc-end>
<concurrent-start id="1385" type="GMP work packet processing" contextid="1253" timestamp="2019-07-07T05:36:15.975">
  <concurrent-mark-start scanTarget="1048576" />
</concurrent-start>
<exclusive-end id="1386" timestamp="2019-07-07T05:36:15.975" durationms="1.392" />

<concurrent-end id="1387" type="GMP work packet processing" contextid="1253" timestamp="2019-07-07T05:36:15.976">
  <concurrent-mark-end bytesScanned="1092808" reasonForTermination="Work target met" />
</concurrent-end>

<exclusive-start id="1388" timestamp="2019-07-07T05:36:16.049" intervalms="74.860">
  <response-info timems="0.028" idlems="0.028" threads="0" lastid="000000000096B700" lastname="main" />
</exclusive-start>
<allocation-taxation id="1389" taxation-threshold="14680064" timestamp="2019-07-07T05:36:16.049" intervalms="74.857" />
<cycle-start id="1390" type="partial gc" contextid="0" timestamp="2019-07-07T05:36:16.049" intervalms="142.118" />
<gc-start id="1391" type="partial gc" contextid="1390" timestamp="2019-07-07T05:36:16.050">
  <mem-info id="1392" free="28311552" total="94371840" percent="30">
    <mem type="eden" free="0" total="29360128" percent="0" />
    <remembered-set count="24704" freebytes="3793792" totalbytes="3892608" percent="97" regionsoverflowed="0" regionsstable="4" regionsrebuilding="10"/>
  </mem-info>
</gc-start>
<allocation-stats totalBytes="29358144" >
  <allocated-bytes non-tlh="0" tlh="29358144" arrayletleaf="0"/>
  <largest-consumer threadName="main" threadId="000000000096B700" bytes="14679120" />
</allocation-stats>
<gc-op id="1393" type="copy forward" timems="4.273" contextid="1390" timestamp="2019-07-07T05:36:16.055">
  <memory-copied type="eden" objects="28" bytes="848" bytesdiscarded="0" />
  <memory-copied type="other" objects="1701" bytes="695520" bytesdiscarded="496" />
  <memory-cardclean objects="16112" bytes="777264" />
  <regions eden="28" other="3" />
  <remembered-set-cleared processed="20982" cleared="2259" durationms="0.289" />
  <finalization candidates="9" enqueued="0" />
  <ownableSynchronizers candidates="16" cleared="0" />
  <references type="soft" candidates="280" cleared="0" enqueued="0" dynamicThreshold="14" maxThreshold="32" />
  <references type="weak" candidates="268" cleared="0" enqueued="0" />
  <references type="phantom" candidates="29" cleared="0" enqueued="0" />
  <stringconstants candidates="13761" cleared="0"  />
</gc-op>
<gc-op id="1394" type="classunload" timems="0.004" contextid="1390" timestamp="2019-07-07T05:36:16.055">
  <classunload-info classloadercandidates="54" classloadersunloaded="0" classesunloaded="0" anonymousclassesunloaded="0" quiescems="0.000" setupms="0.004" scanms="0.000" postms="0.000" />
</gc-op>
<heap-resize id="1395" type="contract" space="default" amount="2097152" count="1" timems="0.218" reason="excess free space following gc" timestamp="2019-07-07T05:36:16.056" />
<gc-end id="1396" type="partial gc" contextid="1390" durationms="6.239" usertimems="8.000" systemtimems="0.000" timestamp="2019-07-07T05:36:16.056" activeThreads="1">
  <mem-info id="1397" free="56623104" total="92274688" percent="61">
    <mem type="eden" free="1047728" total="1048576" percent="99" />
    <remembered-set count="24384" freebytes="3669504" totalbytes="3767040" percent="97" regionsoverflowed="0" regionsstable="4" regionsrebuilding="10"/>
  </mem-info>
</gc-end>
<cycle-end id="1398" type="partial gc" contextid="1390" timestamp="2019-07-07T05:36:16.056" />
  <attribute name="elasticGC enabled" value="1" />
  <attribute name= "numThreadsSpecified" value="1" />
  <attribute name="heapSize specified" value="0" />
  <attribute name="Current GC Util" value="30" />
  <attribute name= "Current Time Running" value="16745" />
  <attribute name ="GC Interval" value="0" />
  <attribute name="ProportionalT" value="5.000000" />
  <attribute name="ProportionalI" value="5.000000" />
  <attribute name="ProportionalH" value="5.000000" />
  <attribute name="Current Error" value="10.000000" />
  <attribute name="IntegralT" value="0.000000" />
  <attribute name="IntegralI" value="0.000000" />
  <attribute name="IntegralH" value="0.000000" />
  <attribute name="DerivativeT" value="inf" />
  <attribute name="DerivativeI" value="inf" />
  <attribute name="DerivativeH" value="inf" />
  <attribute name="Loop Time for DT" value="0.000000" />
  <attribute name="Output H" value="8388608"/>
  <attribute name="Output I" value="200"/>
  <attribute name="Output T" value="1"/>
  <attribute name="Target GC Util Change" value ="20.000000" />
  <attribute name="Current GC Util Change" value="30.000000"/>
  <attribute name="GC Util currently" value="30" />
  <attribute name="CPU Util currently" value="8795589689477" />
<exclusive-end id="1399" timestamp="2019-07-07T05:36:16.056" durationms="7.587" />

<exclusive-start id="1400" timestamp="2019-07-07T05:36:16.123" intervalms="73.969">
  <response-info timems="0.029" idlems="0.029" threads="0" lastid="000000000096B700" lastname="main" />
</exclusive-start>
<allocation-taxation id="1401" taxation-threshold="14680064" timestamp="2019-07-07T05:36:16.123" intervalms="73.917" />
<gc-start id="1402" type="global mark phase" contextid="1253" timestamp="2019-07-07T05:36:16.123">
  <mem-info id="1403" free="41943040" total="92274688" percent="45">
    <remembered-set count="24032" freebytes="3670912" totalbytes="3767040" percent="97" regionsoverflowed="0" regionsstable="4" regionsrebuilding="10"/>
  </mem-info>
</gc-start>
<gc-end id="1404" type="global mark phase" contextid="1253" durationms="0.192" usertimems="0.000" systemtimems="0.000" timestamp="2019-07-07T05:36:16.123" activeThreads="1">
  <mem-info id="1405" free="41943040" total="92274688" percent="45">
    <remembered-set count="24032" freebytes="3670912" totalbytes="3767040" percent="97" regionsoverflowed="0" regionsstable="4" regionsrebuilding="10"/>
  </mem-info>
</gc-end>
<concurrent-start id="1406" type="GMP work packet processing" contextid="1253" timestamp="2019-07-07T05:36:16.124">
  <concurrent-mark-start scanTarget="1048576" />
</concurrent-start>
<exclusive-end id="1407" timestamp="2019-07-07T05:36:16.124" durationms="1.096" />

<concurrent-end id="1408" type="GMP work packet processing" contextid="1253" timestamp="2019-07-07T05:36:16.125">
  <concurrent-mark-end bytesScanned="1101640" reasonForTermination="Work target met" />
</concurrent-end>

<exclusive-start id="1409" timestamp="2019-07-07T05:36:16.190" intervalms="67.279">
  <response-info timems="0.159" idlems="0.159" threads="0" lastid="000000000096B700" lastname="main" />
</exclusive-start>
<allocation-taxation id="1410" taxation-threshold="14680064" timestamp="2019-07-07T05:36:16.190" intervalms="67.245" />
<cycle-start id="1411" type="partial gc" contextid="0" timestamp="2019-07-07T05:36:16.190" intervalms="141.124" />
<gc-start id="1412" type="partial gc" contextid="1411" timestamp="2019-07-07T05:36:16.191">
  <mem-info id="1413" free="27262976" total="92274688" percent="29">
    <mem type="eden" free="0" total="29360128" percent="0" />
    <remembered-set count="25568" freebytes="3664768" totalbytes="3767040" percent="97" regionsoverflowed="0" regionsstable="4" regionsrebuilding="10"/>
  </mem-info>
</gc-start>
<allocation-stats totalBytes="29357896" >
  <allocated-bytes non-tlh="0" tlh="29357896" arrayletleaf="0"/>
  <largest-consumer threadName="main" threadId="000000000096B700" bytes="14678968" />
</allocation-stats>
<gc-op id="1414" type="copy forward" timems="3.602" contextid="1411" timestamp="2019-07-07T05:36:16.196">
  <memory-copied type="eden" objects="8" bytes="224" bytesdiscarded="0" />
  <memory-copied type="other" objects="18" bytes="592" bytesdiscarded="0" />
  <memory-cardclean objects="26196" bytes="1144944" />
  <regions eden="28" other="1" />
  <remembered-set-cleared processed="20609" cleared="3889" durationms="0.335" />
  <stringconstants candidates="13761" cleared="0"  />
</gc-op>
<gc-op id="1415" type="classunload" timems="0.005" contextid="1411" timestamp="2019-07-07T05:36:16.196">
  <classunload-info classloadercandidates="54" classloadersunloaded="0" classesunloaded="0" anonymousclassesunloaded="0" quiescems="0.000" setupms="0.005" scanms="0.000" postms="0.000" />
</gc-op>
<heap-resize id="1416" type="contract" space="default" amount="5242880" count="1" timems="0.379" reason="insufficient time being spent in gc" timestamp="2019-07-07T05:36:16.196" />
<gc-end id="1417" type="partial gc" contextid="1411" durationms="5.713" usertimems="8.000" systemtimems="4.000" timestamp="2019-07-07T05:36:16.197" activeThreads="1">
  <mem-info id="1418" free="50331648" total="87031808" percent="57">
    <mem type="eden" free="1048352" total="1048576" percent="99" />
    <remembered-set count="21920" freebytes="3595648" totalbytes="3683328" percent="97" regionsoverflowed="0" regionsstable="4" regionsrebuilding="10"/>
  </mem-info>
</gc-end>
<cycle-end id="1419" type="partial gc" contextid="1411" timestamp="2019-07-07T05:36:16.197" />
  <attribute name="elasticGC enabled" value="1" />
  <attribute name= "numThreadsSpecified" value="1" />
  <attribute name="heapSize specified" value="0" />
  <attribute name="Current GC Util" value="104" />
  <attribute name= "Current Time Running" value="16886" />
  <attribute name ="GC Interval" value="0" />
  <attribute name="ProportionalT" value="42.000000" />
  <attribute name="ProportionalI" value="42.000000" />
  <attribute name="ProportionalH" value="42.000000" />
  <attribute name="Current Error" value="84.000000" />
  <attribute name="IntegralT" value="0.000000" />
  <attribute name="IntegralI" value="0.000000" />
  <attribute name="IntegralH" value="0.000000" />
  <attribute name="DerivativeT" value="inf" />
  <attribute name="DerivativeI" value="inf" />
  <attribute name="DerivativeH" value="inf" />
  <attribute name="Loop Time for DT" value="0.000000" />
  <attribute name="Output H" value="8388608"/>
  <attribute name="Output I" value="200"/>
  <attribute name="Output T" value="1"/>
  <attribute name="Target GC Util Change" value ="20.000000" />
  <attribute name="Current GC Util Change" value="104.000000"/>
  <attribute name="GC Util currently" value="104" />
  <attribute name="CPU Util currently" value="7328069424884" />
<exclusive-end id="1420" timestamp="2019-07-07T05:36:16.197" durationms="6.947" />

<exclusive-start id="1421" timestamp="2019-07-07T05:36:16.259" intervalms="68.749">
  <response-info timems="0.073" idlems="0.073" threads="0" lastid="000000000096B700" lastname="main" />
</exclusive-start>
<allocation-taxation id="1422" taxation-threshold="13631488" timestamp="2019-07-07T05:36:16.259" intervalms="68.783" />
<gc-start id="1423" type="global mark phase" contextid="1253" timestamp="2019-07-07T05:36:16.259">
  <mem-info id="1424" free="36700160" total="87031808" percent="42">
    <remembered-set count="21792" freebytes="3596160" totalbytes="3683328" percent="97" regionsoverflowed="0" regionsstable="4" regionsrebuilding="10"/>
  </mem-info>
</gc-start>
<gc-end id="1425" type="global mark phase" contextid="1253" durationms="0.142" usertimems="0.000" systemtimems="0.000" timestamp="2019-07-07T05:36:16.259" activeThreads="1">
  <mem-info id="1426" free="36700160" total="87031808" percent="42">
    <remembered-set count="21792" freebytes="3596160" totalbytes="3683328" percent="97" regionsoverflowed="0" regionsstable="4" regionsrebuilding="10"/>
  </mem-info>
</gc-end>
<concurrent-start id="1427" type="GMP work packet processing" contextid="1253" timestamp="2019-07-07T05:36:16.259">
  <concurrent-mark-start scanTarget="1048576" />
</concurrent-start>
<exclusive-end id="1428" timestamp="2019-07-07T05:36:16.260" durationms="0.915" />

<concurrent-end id="1429" type="GMP work packet processing" contextid="1253" timestamp="2019-07-07T05:36:16.260">
  <concurrent-mark-end bytesScanned="1048540" reasonForTermination="Completed all work in GC phase" />
</concurrent-end>

<exclusive-start id="1430" timestamp="2019-07-07T05:36:16.697" intervalms="438.240">
  <response-info timems="0.069" idlems="0.069" threads="0" lastid="000000000096B700" lastname="main" />
</exclusive-start>
<allocation-taxation id="1431" taxation-threshold="13631488" timestamp="2019-07-07T05:36:16.697" intervalms="438.244" />
<cycle-start id="1432" type="partial gc" contextid="0" timestamp="2019-07-07T05:36:16.697" intervalms="506.991" />
<gc-start id="1433" type="partial gc" contextid="1432" timestamp="2019-07-07T05:36:16.698">
  <mem-info id="1434" free="23068672" total="87031808" percent="26">
    <mem type="eden" free="1048352" total="28311552" percent="3" />
    <remembered-set count="23328" freebytes="3590016" totalbytes="3683328" percent="97" regionsoverflowed="0" regionsstable="4" regionsrebuilding="10"/>
  </mem-info>
</gc-start>
<allocation-stats totalBytes="27253936" >
  <allocated-bytes non-tlh="360" tlh="27253576" arrayletleaf="0"/>
  <largest-consumer threadName="main" threadId="000000000096B700" bytes="13623624" />
</allocation-stats>
<gc-op id="1435" type="copy forward" timems="1.233" contextid="1432" timestamp="2019-07-07T05:36:16.700">
  <memory-copied type="eden" objects="74" bytes="2992" bytesdiscarded="0" />
  <memory-copied type="other" objects="0" bytes="0" bytesdiscarded="0" />
  <memory-cardclean objects="91" bytes="11752" />
  <regions eden="26" other="1" />
  <remembered-set-cleared processed="20744" cleared="20" durationms="0.243" />
  <references type="weak" candidates="4" cleared="0" enqueued="0" />
  <stringconstants candidates="13767" cleared="0"  />
</gc-op>
<gc-op id="1436" type="classunload" timems="0.004" contextid="1432" timestamp="2019-07-07T05:36:16.700">
  <classunload-info classloadercandidates="54" classloadersunloaded="0" classesunloaded="0" anonymousclassesunloaded="0" quiescems="0.000" setupms="0.003" scanms="0.000" postms="0.000" />
</gc-op>
<heap-resize id="1437" type="contract" space="default" amount="5242880" count="1" timems="0.360" reason="insufficient time being spent in gc" timestamp="2019-07-07T05:36:16.701" />
<gc-end id="1438" type="partial gc" contextid="1432" durationms="3.105" usertimems="8.000" systemtimems="0.000" timestamp="2019-07-07T05:36:16.701" activeThreads="1">
  <mem-info id="1439" free="45088768" total="81788928" percent="55">
    <mem type="eden" free="1045584" total="1048576" percent="99" />
    <remembered-set count="22432" freebytes="3384320" totalbytes="3474048" percent="97" regionsoverflowed="0" regionsstable="4" regionsrebuilding="10"/>
  </mem-info>
</gc-end>
<cycle-end id="1440" type="partial gc" contextid="1432" timestamp="2019-07-07T05:36:16.701" />
  <attribute name="elasticGC enabled" value="1" />
  <attribute name= "numThreadsSpecified" value="1" />
  <attribute name="heapSize specified" value="0" />
  <attribute name="Current GC Util" value="46" />
  <attribute name= "Current Time Running" value="17393" />
  <attribute name ="GC Interval" value="0" />
  <attribute name="ProportionalT" value="13.000000" />
  <attribute name="ProportionalI" value="13.000000" />
  <attribute name="ProportionalH" value="13.000000" />
  <attribute name="Current Error" value="26.000000" />
  <attribute name="IntegralT" value="0.000000" />
  <attribute name="IntegralI" value="0.000000" />
  <attribute name="IntegralH" value="0.000000" />
  <attribute name="DerivativeT" value="inf" />
  <attribute name="DerivativeI" value="inf" />
  <attribute name="DerivativeH" value="inf" />
  <attribute name="Loop Time for DT" value="0.000000" />
  <attribute name="Output H" value="8388608"/>
  <attribute name="Output I" value="200"/>
  <attribute name="Output T" value="1"/>
  <attribute name="Target GC Util Change" value ="20.000000" />
  <attribute name="Current GC Util Change" value="46.000000"/>
  <attribute name="GC Util currently" value="46" />
  <attribute name="CPU Util currently" value="9687296623537" />
<exclusive-end id="1441" timestamp="2019-07-07T05:36:16.701" durationms="4.263" />

<exclusive-start id="1442" timestamp="2019-07-07T05:36:16.742" intervalms="44.692">
  <response-info timems="0.105" idlems="0.105" threads="0" lastid="000000000096B700" lastname="main" />
</exclusive-start>
<allocation-taxation id="1443" taxation-threshold="13631488" timestamp="2019-07-07T05:36:16.742" intervalms="44.680" />
<gc-start id="1444" type="global mark phase" contextid="1253" timestamp="2019-07-07T05:36:16.742">
  <mem-info id="1445" free="31457280" total="81788928" percent="38">
    <remembered-set count="22048" freebytes="3385856" totalbytes="3474048" percent="97" regionsoverflowed="0" regionsstable="4" regionsrebuilding="10"/>
  </mem-info>
</gc-start>
<gc-op id="1446" type="mark increment" timems="7.133" contextid="1253" timestamp="2019-07-07T05:36:16.749">
  <trace-info objectcount="131" scancount="121" scanbytes="346904" />
  <cardclean-info objects="330338" bytes="9440384" />
  <finalization candidates="80" enqueued="0" />
  <ownableSynchronizers candidates="21" cleared="0" />
  <references type="soft" candidates="4848" cleared="0" enqueued="0" dynamicThreshold="17" maxThreshold="32" />
  <references type="weak" candidates="5609" cleared="0" enqueued="0" />
  <references type="phantom" candidates="102" cleared="1" enqueued="1" />
  <stringconstants candidates="13767" cleared="0"  />
</gc-op>
<gc-op id="1447" type="classunload" timems="0.007" contextid="1253" timestamp="2019-07-07T05:36:16.750">
  <classunload-info classloadercandidates="54" classloadersunloaded="0" classesunloaded="0" anonymousclassesunloaded="0" quiescems="0.000" setupms="0.006" scanms="0.000" postms="0.000" />
</gc-op>
<gc-end id="1448" type="global mark phase" contextid="1253" durationms="7.572" usertimems="20.000" systemtimems="0.000" timestamp="2019-07-07T05:36:16.750" activeThreads="4">
  <mem-info id="1449" free="31457280" total="81788928" percent="38">
    <pending-finalizers system="0" default="0" reference="1" classloader="0" />
    <remembered-set count="26656" freebytes="3367424" totalbytes="3474048" percent="96" regionsoverflowed="0" regionsstable="4" regionsrebuilding="0"/>
  </mem-info>
</gc-end>
<cycle-end id="1450" type="global mark phase" contextid="1253" timestamp="2019-07-07T05:36:16.750" />
  <attribute name="elasticGC enabled" value="1" />
  <attribute name= "numThreadsSpecified" value="4" />
  <attribute name="heapSize specified" value="0" />
  <attribute name="Current GC Util" value="100" />
  <attribute name= "Current Time Running" value="17442" />
  <attribute name ="GC Interval" value="0" />
  <attribute name="ProportionalT" value="40.000000" />
  <attribute name="ProportionalI" value="40.000000" />
  <attribute name="ProportionalH" value="40.000000" />
  <attribute name="Current Error" value="80.000000" />
  <attribute name="IntegralT" value="0.000000" />
  <attribute name="IntegralI" value="0.000000" />
  <attribute name="IntegralH" value="0.000000" />
  <attribute name="DerivativeT" value="-inf" />
  <attribute name="DerivativeI" value="-inf" />
  <attribute name="DerivativeH" value="-inf" />
  <attribute name="Loop Time for DT" value="0.000000" />
  <attribute name="Output H" value="2091843584"/>
  <attribute name="Output I" value="200"/>
  <attribute name="Output T" value="4"/>
  <attribute name="Target GC Util Change" value ="20.000000" />
  <attribute name="Current GC Util Change" value="100.000000"/>
  <attribute name="GC Util currently" value="100" />
  <attribute name="CPU Util currently" value="7266445539246" />
<exclusive-end id="1451" timestamp="2019-07-07T05:36:16.750" durationms="8.294" />

<exclusive-start id="1452" timestamp="2019-07-07T05:36:16.775" intervalms="33.700">
  <response-info timems="0.215" idlems="0.215" threads="0" lastid="000000000096B700" lastname="main" />
</exclusive-start>
<allocation-taxation id="1453" taxation-threshold="13631488" timestamp="2019-07-07T05:36:16.776" intervalms="33.740" />
<cycle-start id="1454" type="partial gc" contextid="0" timestamp="2019-07-07T05:36:16.776" intervalms="78.361" />
<gc-start id="1455" type="partial gc" contextid="1454" timestamp="2019-07-07T05:36:16.776">
  <mem-info id="1456" free="17825792" total="81788928" percent="21">
    <mem type="eden" free="0" total="27262976" percent="0" />
    <remembered-set count="20960" freebytes="3390208" totalbytes="3474048" percent="97" regionsoverflowed="0" regionsstable="8" regionsrebuilding="0"/>
  </mem-info>
</gc-start>
<allocation-stats totalBytes="27241456" >
  <allocated-bytes non-tlh="0" tlh="27241456" arrayletleaf="0"/>
  <largest-consumer threadName="main" threadId="000000000096B700" bytes="13622144" />
</allocation-stats>
<gc-op id="1457" type="sweep" timems="0.683" contextid="1454" timestamp="2019-07-07T05:36:16.777" />
<gc-op id="1458" type="copy forward" timems="2.034" contextid="1454" timestamp="2019-07-07T05:36:16.780">
  <memory-copied type="eden" objects="3" bytes="264" bytesdiscarded="0" />
  <memory-copied type="other" objects="71" bytes="2688" bytesdiscarded="1048" />
  <memory-cardclean objects="26205" bytes="1002616" />
  <regions eden="13" other="3" />
  <remembered-set-cleared processed="16993" cleared="2704" durationms="0.141" />
  <references type="weak" candidates="4" cleared="0" enqueued="0" />
  <stringconstants candidates="13767" cleared="0"  />
</gc-op>
<gc-op id="1459" type="classunload" timems="0.006" contextid="1454" timestamp="2019-07-07T05:36:16.780">
  <classunload-info classloadercandidates="54" classloadersunloaded="0" classesunloaded="0" anonymousclassesunloaded="0" quiescems="0.000" setupms="0.006" scanms="0.000" postms="0.000" />
</gc-op>
<heap-resize id="1460" type="contract" space="default" amount="4194304" count="1" timems="0.215" reason="insufficient time being spent in gc" timestamp="2019-07-07T05:36:16.781" />
<gc-end id="1461" type="partial gc" contextid="1454" durationms="4.695" usertimems="12.000" systemtimems="0.000" timestamp="2019-07-07T05:36:16.781" activeThreads="4">
  <mem-info id="1462" free="39845888" total="77594624" percent="51">
    <mem type="eden" free="1048312" total="1048576" percent="99" />
    <remembered-set count="20256" freebytes="3183744" totalbytes="3264768" percent="97" regionsoverflowed="0" regionsstable="8" regionsrebuilding="0"/>
  </mem-info>
</gc-end>
<cycle-end id="1463" type="partial gc" contextid="1454" timestamp="2019-07-07T05:36:16.781" />
  <attribute name="elasticGC enabled" value="1" />
  <attribute name= "numThreadsSpecified" value="4" />
  <attribute name="heapSize specified" value="0" />
  <attribute name="Current GC Util" value="32" />
  <attribute name= "Current Time Running" value="17473" />
  <attribute name ="GC Interval" value="0" />
  <attribute name="ProportionalT" value="6.000000" />
  <attribute name="ProportionalI" value="6.000000" />
  <attribute name="ProportionalH" value="6.000000" />
  <attribute name="Current Error" value="12.000000" />
  <attribute name="IntegralT" value="6.000000" />
  <attribute name="IntegralI" value="6.000000" />
  <attribute name="IntegralH" value="6.000000" />
  <attribute name="DerivativeT" value="-28.000000" />
  <attribute name="DerivativeI" value="-28.000000" />
  <attribute name="DerivativeH" value="-28.000000" />
  <attribute name="Loop Time for DT" value="1.000000" />
  <attribute name="Output H" value="2091843584"/>
  <attribute name="Output I" value="200"/>
  <attribute name="Output T" value="4"/>
  <attribute name="Target GC Util Change" value ="20.000000" />
  <attribute name="Current GC Util Change" value="32.000000"/>
  <attribute name="GC Util currently" value="32" />
  <attribute name="CPU Util currently" value="10723479540064" />
<exclusive-end id="1464" timestamp="2019-07-07T05:36:16.781" durationms="5.929" />

<exclusive-start id="1465" timestamp="2019-07-07T05:36:16.805" intervalms="29.388">
  <response-info timems="0.323" idlems="0.323" threads="0" lastid="000000000096B700" lastname="main" />
</exclusive-start>
<allocation-taxation id="1466" taxation-threshold="12582912" timestamp="2019-07-07T05:36:16.805" intervalms="29.375" />
<cycle-start id="1467" type="global mark phase" contextid="0" timestamp="2019-07-07T05:36:16.805" intervalms="2756.153" />
<gc-start id="1468" type="global mark phase" contextid="1467" timestamp="2019-07-07T05:36:16.805">
  <mem-info id="1469" free="27262976" total="77594624" percent="35">
    <remembered-set count="20000" freebytes="3184768" totalbytes="3264768" percent="97" regionsoverflowed="0" regionsstable="8" regionsrebuilding="0"/>
  </mem-info>
</gc-start>
<gc-op id="1470" type="mark increment" timems="0.551" contextid="1467" timestamp="2019-07-07T05:36:16.806">
  <trace-info objectcount="183" scancount="0" scanbytes="0" />
</gc-op>
<gc-end id="1471" type="global mark phase" contextid="1467" durationms="0.774" usertimems="4.000" systemtimems="0.000" timestamp="2019-07-07T05:36:16.806" activeThreads="1">
  <mem-info id="1472" free="27262976" total="77594624" percent="35">
    <remembered-set count="20000" freebytes="3184768" totalbytes="3264768" percent="97" regionsoverflowed="0" regionsstable="0" regionsrebuilding="8"/>
  </mem-info>
</gc-end>
<concurrent-start id="1473" type="GMP work packet processing" contextid="1467" timestamp="2019-07-07T05:36:16.806">
  <concurrent-mark-start scanTarget="3443810" />
</concurrent-start>
<exclusive-end id="1474" timestamp="2019-07-07T05:36:16.806" durationms="1.634" />

<concurrent-end id="1475" type="GMP work packet processing" contextid="1467" timestamp="2019-07-07T05:36:16.811">
  <concurrent-mark-end bytesScanned="3502264" reasonForTermination="Work target met" />
</concurrent-end>

<exclusive-start id="1476" timestamp="2019-07-07T05:36:16.829" intervalms="24.653">
  <response-info timems="0.126" idlems="0.126" threads="0" lastid="000000000096B700" lastname="main" />
</exclusive-start>
<allocation-taxation id="1477" taxation-threshold="12582912" timestamp="2019-07-07T05:36:16.830" intervalms="24.623" />
<cycle-start id="1478" type="partial gc" contextid="0" timestamp="2019-07-07T05:36:16.830" intervalms="54.109" />
<gc-start id="1479" type="partial gc" contextid="1478" timestamp="2019-07-07T05:36:16.830">
  <mem-info id="1480" free="14680064" total="77594624" percent="18">
    <mem type="eden" free="1048312" total="26214400" percent="3" />
    <remembered-set count="41120" freebytes="3100288" totalbytes="3264768" percent="94" regionsoverflowed="0" regionsstable="0" regionsrebuilding="8"/>
  </mem-info>
</gc-start>
<allocation-stats totalBytes="25147224" >
  <allocated-bytes non-tlh="0" tlh="25147224" arrayletleaf="0"/>
  <largest-consumer threadName="main" threadId="000000000096B700" bytes="12573816" />
</allocation-stats>
<gc-op id="1481" type="copy forward" timems="8.442" contextid="1478" timestamp="2019-07-07T05:36:16.840">
  <memory-copied type="eden" objects="3" bytes="576" bytesdiscarded="0" />
  <memory-copied type="other" objects="19916" bytes="910696" bytesdiscarded="153096" />
  <memory-cardclean objects="111727" bytes="3087248" />
  <regions eden="24" other="6" />
  <remembered-set-cleared processed="26274" cleared="11371" durationms="0.216" />
  <finalization candidates="13" enqueued="0" />
  <references type="soft" candidates="354" cleared="0" enqueued="0" dynamicThreshold="11" maxThreshold="32" />
  <references type="weak" candidates="326" cleared="0" enqueued="0" />
  <references type="phantom" candidates="56" cleared="0" enqueued="0" />
  <stringconstants candidates="13767" cleared="0"  />
</gc-op>
<gc-op id="1482" type="classunload" timems="0.009" contextid="1478" timestamp="2019-07-07T05:36:16.843">
  <classunload-info classloadercandidates="54" classloadersunloaded="0" classesunloaded="0" anonymousclassesunloaded="0" quiescems="0.000" setupms="0.008" scanms="0.000" postms="0.000" />
</gc-op>
<heap-resize id="1483" type="expand" space="default" amount="11534336" count="1" timems="0.082" reason="excessive time being spent in gc" timestamp="2019-07-07T05:36:16.844" />
<gc-end id="1484" type="partial gc" contextid="1478" durationms="13.531" usertimems="24.000" systemtimems="0.000" timestamp="2019-07-07T05:36:16.844" activeThreads="4">
  <mem-info id="1485" free="53477376" total="89128960" percent="60">
    <mem type="eden" free="1048000" total="1048576" percent="99" />
    <remembered-set count="37824" freebytes="3406464" totalbytes="3557760" percent="95" regionsoverflowed="0" regionsstable="0" regionsrebuilding="8"/>
  </mem-info>
</gc-end>
<cycle-end id="1486" type="partial gc" contextid="1478" timestamp="2019-07-07T05:36:16.844" />
  <attribute name="elasticGC enabled" value="1" />
  <attribute name= "numThreadsSpecified" value="4" />
  <attribute name="heapSize specified" value="0" />
  <attribute name="Current GC Util" value="47" />
  <attribute name= "Current Time Running" value="17526" />
  <attribute name ="GC Interval" value="0" />
  <attribute name="ProportionalT" value="13.500000" />
  <attribute name="ProportionalI" value="13.500000" />
  <attribute name="ProportionalH" value="13.500000" />
  <attribute name="Current Error" value="27.000000" />
  <attribute name="IntegralT" value="13.500000" />
  <attribute name="IntegralI" value="13.500000" />
  <attribute name="IntegralH" value="13.500000" />
  <attribute name="DerivativeT" value="13.000000" />
  <attribute name="DerivativeI" value="13.000000" />
  <attribute name="DerivativeH" value="13.000000" />
  <attribute name="Loop Time for DT" value="1.000000" />
  <attribute name="Output H" value="8388608"/>
  <attribute name="Output I" value="200"/>
  <attribute name="Output T" value="4"/>
  <attribute name="Target GC Util Change" value ="20.000000" />
  <attribute name="Current GC Util Change" value="47.000000"/>
  <attribute name="GC Util currently" value="47" />
  <attribute name="CPU Util currently" value="9562932597054" />
<exclusive-end id="1487" timestamp="2019-07-07T05:36:16.844" durationms="14.794" />

<exclusive-start id="1488" timestamp="2019-07-07T05:36:16.870" intervalms="40.610">
  <response-info timems="0.107" idlems="0.107" threads="0" lastid="000000000096B700" lastname="main" />
</exclusive-start>
<allocation-taxation id="1489" taxation-threshold="13631488" timestamp="2019-07-07T05:36:16.870" intervalms="40.612" />
<gc-start id="1490" type="global mark phase" contextid="1467" timestamp="2019-07-07T05:36:16.870">
  <mem-info id="1491" free="39845888" total="89128960" percent="44">
    <remembered-set count="30336" freebytes="3436416" totalbytes="3557760" percent="96" regionsoverflowed="0" regionsstable="7" regionsrebuilding="8"/>
  </mem-info>
</gc-start>
<gc-end id="1492" type="global mark phase" contextid="1467" durationms="0.138" usertimems="0.000" systemtimems="0.000" timestamp="2019-07-07T05:36:16.871" activeThreads="4">
  <mem-info id="1493" free="39845888" total="89128960" percent="44">
    <remembered-set count="30336" freebytes="3436416" totalbytes="3557760" percent="96" regionsoverflowed="0" regionsstable="7" regionsrebuilding="8"/>
  </mem-info>
</gc-end>
<concurrent-start id="1494" type="GMP work packet processing" contextid="1467" timestamp="2019-07-07T05:36:16.871">
  <concurrent-mark-start scanTarget="1967891" />
</concurrent-start>
<exclusive-end id="1495" timestamp="2019-07-07T05:36:16.871" durationms="0.853" />

<concurrent-end id="1496" type="GMP work packet processing" contextid="1467" timestamp="2019-07-07T05:36:16.872">
  <concurrent-mark-end bytesScanned="2013312" reasonForTermination="Work target met" />
</concurrent-end>

<exclusive-start id="1497" timestamp="2019-07-07T05:36:17.038" intervalms="168.006">
  <response-info timems="0.052" idlems="0.052" threads="0" lastid="000000000096B700" lastname="main" />
</exclusive-start>
<allocation-taxation id="1498" taxation-threshold="13631488" timestamp="2019-07-07T05:36:17.038" intervalms="168.082" />
<cycle-start id="1499" type="partial gc" contextid="0" timestamp="2019-07-07T05:36:17.039" intervalms="208.717" />
<gc-start id="1500" type="partial gc" contextid="1499" timestamp="2019-07-07T05:36:17.039">
  <mem-info id="1501" free="26214400" total="89128960" percent="29">
    <mem type="eden" free="1048000" total="28311552" percent="3" />
    <remembered-set count="42112" freebytes="3389312" totalbytes="3557760" percent="95" regionsoverflowed="0" regionsstable="7" regionsrebuilding="8"/>
  </mem-info>
</gc-start>
<allocation-stats totalBytes="27249824" >
  <allocated-bytes non-tlh="0" tlh="27249824" arrayletleaf="0"/>
  <largest-consumer threadName="main" threadId="000000000096B700" bytes="13628536" />
</allocation-stats>
<gc-op id="1502" type="copy forward" timems="1.434" contextid="1499" timestamp="2019-07-07T05:36:17.041">
  <memory-copied type="eden" objects="41" bytes="1248" bytesdiscarded="0" />
  <memory-copied type="other" objects="7" bytes="160" bytesdiscarded="0" />
  <memory-cardclean objects="97" bytes="12088" />
  <regions eden="26" other="2" />
  <remembered-set-cleared processed="39938" cleared="62" durationms="0.377" />
  <references type="weak" candidates="14" cleared="0" enqueued="0" />
  <stringconstants candidates="13767" cleared="0"  />
</gc-op>
<gc-op id="1503" type="classunload" timems="0.003" contextid="1499" timestamp="2019-07-07T05:36:17.042">
  <classunload-info classloadercandidates="54" classloadersunloaded="0" classesunloaded="0" anonymousclassesunloaded="0" quiescems="0.000" setupms="0.003" scanms="0.000" postms="0.000" />
</gc-op>
<gc-end id="1504" type="partial gc" contextid="1499" durationms="2.786" usertimems="4.000" systemtimems="0.000" timestamp="2019-07-07T05:36:17.042" activeThreads="1">
  <mem-info id="1505" free="53477376" total="89128960" percent="60">
    <mem type="eden" free="1047328" total="1048576" percent="99" />
    <remembered-set count="42400" freebytes="3388160" totalbytes="3557760" percent="95" regionsoverflowed="0" regionsstable="7" regionsrebuilding="8"/>
  </mem-info>
</gc-end>
<cycle-end id="1506" type="partial gc" contextid="1499" timestamp="2019-07-07T05:36:17.042" />
  <attribute name="elasticGC enabled" value="1" />
  <attribute name= "numThreadsSpecified" value="1" />
  <attribute name="heapSize specified" value="0" />
  <attribute name="Current GC Util" value="58" />
  <attribute name= "Current Time Running" value="17734" />
  <attribute name ="GC Interval" value="0" />
  <attribute name="ProportionalT" value="19.000000" />
  <attribute name="ProportionalI" value="19.000000" />
  <attribute name="ProportionalH" value="19.000000" />
  <attribute name="Current Error" value="38.000000" />
  <attribute name="IntegralT" value="0.000000" />
  <attribute name="IntegralI" value="0.000000" />
  <attribute name="IntegralH" value="0.000000" />
  <attribute name="DerivativeT" value="inf" />
  <attribute name="DerivativeI" value="inf" />
  <attribute name="DerivativeH" value="inf" />
  <attribute name="Loop Time for DT" value="0.000000" />
  <attribute name="Output H" value="8388608"/>
  <attribute name="Output I" value="200"/>
  <attribute name="Output T" value="1"/>
  <attribute name="Target GC Util Change" value ="20.000000" />
  <attribute name="Current GC Util Change" value="58.000000"/>
  <attribute name="GC Util currently" value="58" />
  <attribute name="CPU Util currently" value="15125389862031" />
<exclusive-end id="1507" timestamp="2019-07-07T05:36:17.042" durationms="4.223" />

<exclusive-start id="1508" timestamp="2019-07-07T05:36:17.112" intervalms="73.901">
  <response-info timems="0.060" idlems="0.060" threads="0" lastid="000000000096B700" lastname="main" />
</exclusive-start>
<allocation-taxation id="1509" taxation-threshold="13631488" timestamp="2019-07-07T05:36:17.112" intervalms="73.895" />
<gc-start id="1510" type="global mark phase" contextid="1467" timestamp="2019-07-07T05:36:17.112">
  <mem-info id="1511" free="39845888" total="89128960" percent="44">
    <remembered-set count="42016" freebytes="3389696" totalbytes="3557760" percent="95" regionsoverflowed="0" regionsstable="7" regionsrebuilding="8"/>
  </mem-info>
</gc-start>
<gc-end id="1512" type="global mark phase" contextid="1467" durationms="0.217" usertimems="0.000" systemtimems="0.000" timestamp="2019-07-07T05:36:17.113" activeThreads="1">
  <mem-info id="1513" free="39845888" total="89128960" percent="44">
    <remembered-set count="42016" freebytes="3389696" totalbytes="3557760" percent="95" regionsoverflowed="0" regionsstable="7" regionsrebuilding="8"/>
  </mem-info>
</gc-end>
<concurrent-start id="1514" type="GMP work packet processing" contextid="1467" timestamp="2019-07-07T05:36:17.113">
  <concurrent-mark-start scanTarget="1048576" />
</concurrent-start>
<exclusive-end id="1515" timestamp="2019-07-07T05:36:17.113" durationms="1.285" />

<concurrent-end id="1516" type="GMP work packet processing" contextid="1467" timestamp="2019-07-07T05:36:17.115">
  <concurrent-mark-end bytesScanned="1099224" reasonForTermination="Work target met" />
</concurrent-end>

<exclusive-start id="1517" timestamp="2019-07-07T05:36:17.124" intervalms="11.823">
  <response-info timems="0.134" idlems="0.134" threads="0" lastid="000000000096B700" lastname="main" />
</exclusive-start>
<allocation-taxation id="1518" taxation-threshold="13631488" timestamp="2019-07-07T05:36:17.124" intervalms="11.753" />
<cycle-start id="1519" type="partial gc" contextid="0" timestamp="2019-07-07T05:36:17.124" intervalms="85.607" />
<gc-start id="1520" type="partial gc" contextid="1519" timestamp="2019-07-07T05:36:17.125">
  <mem-info id="1521" free="26214400" total="89128960" percent="29">
    <mem type="eden" free="0" total="27262976" percent="0" />
    <remembered-set count="47744" freebytes="3366784" totalbytes="3557760" percent="94" regionsoverflowed="0" regionsstable="7" regionsrebuilding="8"/>
  </mem-info>
</gc-start>
<allocation-stats totalBytes="27249504" >
  <allocated-bytes non-tlh="0" tlh="27249504" arrayletleaf="0"/>
  <largest-consumer threadName="main" threadId="000000000096B700" bytes="13620360" />
</allocation-stats>
<gc-op id="1522" type="copy forward" timems="1.690" contextid="1519" timestamp="2019-07-07T05:36:17.127">
  <memory-copied type="eden" objects="24" bytes="1264" bytesdiscarded="0" />
  <memory-copied type="other" objects="29" bytes="792" bytesdiscarded="0" />
  <memory-cardclean objects="86" bytes="11624" />
  <regions eden="26" other="2" />
  <remembered-set-cleared processed="45812" cleared="54" durationms="0.409" />
  <references type="weak" candidates="14" cleared="0" enqueued="0" />
  <stringconstants candidates="13767" cleared="0"  />
</gc-op>
<gc-op id="1523" type="classunload" timems="0.004" contextid="1519" timestamp="2019-07-07T05:36:17.127">
  <classunload-info classloadercandidates="54" classloadersunloaded="0" classesunloaded="0" anonymousclassesunloaded="0" quiescems="0.000" setupms="0.004" scanms="0.000" postms="0.000" />
</gc-op>
<heap-resize id="1524" type="contract" space="default" amount="5242880" count="1" timems="0.062" reason="insufficient time being spent in gc" timestamp="2019-07-07T05:36:17.128" />
<gc-end id="1525" type="partial gc" contextid="1519" durationms="3.118" usertimems="4.000" systemtimems="0.000" timestamp="2019-07-07T05:36:17.128" activeThreads="1">
  <mem-info id="1526" free="47185920" total="83886080" percent="56">
    <mem type="eden" free="1047312" total="1048576" percent="99" />
    <remembered-set count="48128" freebytes="3365248" totalbytes="3557760" percent="94" regionsoverflowed="0" regionsstable="7" regionsrebuilding="8"/>
  </mem-info>
</gc-end>
<cycle-end id="1527" type="partial gc" contextid="1519" timestamp="2019-07-07T05:36:17.128" />
  <attribute name="elasticGC enabled" value="1" />
  <attribute name= "numThreadsSpecified" value="1" />
  <attribute name="heapSize specified" value="0" />
  <attribute name="Current GC Util" value="70" />
  <attribute name= "Current Time Running" value="17820" />
  <attribute name ="GC Interval" value="0" />
  <attribute name="ProportionalT" value="25.000000" />
  <attribute name="ProportionalI" value="25.000000" />
  <attribute name="ProportionalH" value="25.000000" />
  <attribute name="Current Error" value="50.000000" />
  <attribute name="IntegralT" value="0.000000" />
  <attribute name="IntegralI" value="0.000000" />
  <attribute name="IntegralH" value="0.000000" />
  <attribute name="DerivativeT" value="inf" />
  <attribute name="DerivativeI" value="inf" />
  <attribute name="DerivativeH" value="inf" />
  <attribute name="Loop Time for DT" value="0.000000" />
  <attribute name="Output H" value="8388608"/>
  <attribute name="Output I" value="200"/>
  <attribute name="Output T" value="1"/>
  <attribute name="Target GC Util Change" value ="20.000000" />
  <attribute name="Current GC Util Change" value="70.000000"/>
  <attribute name="GC Util currently" value="70" />
  <attribute name="CPU Util currently" value="20513248638368" />
<exclusive-end id="1528" timestamp="2019-07-07T05:36:17.128" durationms="4.526" />

<exclusive-start id="1529" timestamp="2019-07-07T05:36:17.139" intervalms="14.987">
  <response-info timems="0.060" idlems="0.060" threads="0" lastid="000000000096B700" lastname="main" />
</exclusive-start>
<allocation-taxation id="1530" taxation-threshold="13631488" timestamp="2019-07-07T05:36:17.139" intervalms="14.972" />
<gc-start id="1531" type="global mark phase" contextid="1467" timestamp="2019-07-07T05:36:17.139">
  <mem-info id="1532" free="33554432" total="83886080" percent="40">
    <remembered-set count="47808" freebytes="3366528" totalbytes="3557760" percent="94" regionsoverflowed="0" regionsstable="7" regionsrebuilding="8"/>
  </mem-info>
</gc-start>
<gc-end id="1533" type="global mark phase" contextid="1467" durationms="0.215" usertimems="0.000" systemtimems="0.000" timestamp="2019-07-07T05:36:17.139" activeThreads="1">
  <mem-info id="1534" free="33554432" total="83886080" percent="40">
    <remembered-set count="47808" freebytes="3366528" totalbytes="3557760" percent="94" regionsoverflowed="0" regionsstable="7" regionsrebuilding="8"/>
  </mem-info>
</gc-end>
<concurrent-start id="1535" type="GMP work packet processing" contextid="1467" timestamp="2019-07-07T05:36:17.140">
  <concurrent-mark-start scanTarget="1048576" />
</concurrent-start>
<exclusive-end id="1536" timestamp="2019-07-07T05:36:17.140" durationms="1.181" />

<concurrent-end id="1537" type="GMP work packet processing" contextid="1467" timestamp="2019-07-07T05:36:17.142">
  <concurrent-mark-end bytesScanned="1054188" reasonForTermination="Work target met" />
</concurrent-end>

<exclusive-start id="1538" timestamp="2019-07-07T05:36:17.151" intervalms="11.815">
  <response-info timems="0.063" idlems="0.063" threads="0" lastid="000000000096B700" lastname="main" />
</exclusive-start>
<allocation-taxation id="1539" taxation-threshold="13631488" timestamp="2019-07-07T05:36:17.151" intervalms="11.846" />
<cycle-start id="1540" type="partial gc" contextid="0" timestamp="2019-07-07T05:36:17.151" intervalms="26.789" />
<gc-start id="1541" type="partial gc" contextid="1540" timestamp="2019-07-07T05:36:17.151">
  <mem-info id="1542" free="19922944" total="83886080" percent="23">
    <mem type="eden" free="0" total="27262976" percent="0" />
    <remembered-set count="57280" freebytes="3328640" totalbytes="3557760" percent="93" regionsoverflowed="0" regionsstable="7" regionsrebuilding="8"/>
  </mem-info>
</gc-start>
<allocation-stats totalBytes="27215272" >
  <allocated-bytes non-tlh="0" tlh="27215272" arrayletleaf="0"/>
  <largest-consumer threadName="main" threadId="000000000096B700" bytes="13607224" />
</allocation-stats>
<gc-op id="1543" type="copy forward" timems="3.642" contextid="1540" timestamp="2019-07-07T05:36:17.156">
  <memory-copied type="eden" objects="2" bytes="40" bytesdiscarded="0" />
  <memory-copied type="other" objects="26541" bytes="898400" bytesdiscarded="59784" />
  <memory-cardclean objects="58166" bytes="2043968" />
  <regions eden="26" other="4" />
  <remembered-set-cleared processed="36203" cleared="6368" durationms="0.221" />
  <references type="soft" candidates="2" cleared="0" enqueued="0" dynamicThreshold="12" maxThreshold="32" />
  <stringconstants candidates="13767" cleared="0"  />
</gc-op>
<gc-op id="1544" type="classunload" timems="0.007" contextid="1540" timestamp="2019-07-07T05:36:17.156">
  <classunload-info classloadercandidates="54" classloadersunloaded="0" classesunloaded="0" anonymousclassesunloaded="0" quiescems="0.000" setupms="0.006" scanms="0.000" postms="0.000" />
</gc-op>
<heap-resize id="1545" type="expand" space="default" amount="5242880" count="1" timems="0.056" reason="excessive time being spent in gc" timestamp="2019-07-07T05:36:17.156" />
<gc-end id="1546" type="partial gc" contextid="1540" durationms="5.194" usertimems="12.000" systemtimems="0.000" timestamp="2019-07-07T05:36:17.157" activeThreads="4">
  <mem-info id="1547" free="53477376" total="89128960" percent="60">
    <mem type="eden" free="1048536" total="1048576" percent="99" />
    <remembered-set count="41088" freebytes="3393408" totalbytes="3557760" percent="95" regionsoverflowed="0" regionsstable="7" regionsrebuilding="8"/>
  </mem-info>
</gc-end>
<cycle-end id="1548" type="partial gc" contextid="1540" timestamp="2019-07-07T05:36:17.157" />
  <attribute name="elasticGC enabled" value="1" />
  <attribute name= "numThreadsSpecified" value="4" />
  <attribute name="heapSize specified" value="0" />
  <attribute name="Current GC Util" value="137" />
  <attribute name= "Current Time Running" value="17847" />
  <attribute name ="GC Interval" value="0" />
  <attribute name="ProportionalT" value="58.500000" />
  <attribute name="ProportionalI" value="58.500000" />
  <attribute name="ProportionalH" value="58.500000" />
  <attribute name="Current Error" value="117.000000" />
  <attribute name="IntegralT" value="58.500000" />
  <attribute name="IntegralI" value="58.500000" />
  <attribute name="IntegralH" value="58.500000" />
  <attribute name="DerivativeT" value="117.000000" />
  <attribute name="DerivativeI" value="117.000000" />
  <attribute name="DerivativeH" value="117.000000" />
  <attribute name="Loop Time for DT" value="1.000000" />
  <attribute name="Output H" value="8388608"/>
  <attribute name="Output I" value="240"/>
  <attribute name="Output T" value="4"/>
  <attribute name="Target GC Util Change" value ="20.000000" />
  <attribute name="Current GC Util Change" value="137.000000"/>
  <attribute name="GC Util currently" value="137" />
  <attribute name="CPU Util currently" value="8962683376405" />
<exclusive-end id="1549" timestamp="2019-07-07T05:36:17.157" durationms="6.433" />

<exclusive-start id="1550" timestamp="2019-07-07T05:36:17.165" intervalms="14.897">
  <response-info timems="0.139" idlems="0.139" threads="0" lastid="000000000096B700" lastname="main" />
</exclusive-start>
<allocation-taxation id="1551" taxation-threshold="13631488" timestamp="2019-07-07T05:36:17.166" intervalms="14.890" />
<gc-start id="1552" type="global mark phase" contextid="1467" timestamp="2019-07-07T05:36:17.166">
  <mem-info id="1553" free="39845888" total="89128960" percent="44">
    <remembered-set count="41088" freebytes="3393408" totalbytes="3557760" percent="95" regionsoverflowed="0" regionsstable="7" regionsrebuilding="8"/>
  </mem-info>
</gc-start>
<gc-end id="1554" type="global mark phase" contextid="1467" durationms="0.138" usertimems="0.000" systemtimems="0.000" timestamp="2019-07-07T05:36:17.166" activeThreads="4">
  <mem-info id="1555" free="39845888" total="89128960" percent="44">
    <remembered-set count="41088" freebytes="3393408" totalbytes="3557760" percent="95" regionsoverflowed="0" regionsstable="7" regionsrebuilding="8"/>
  </mem-info>
</gc-end>
<concurrent-start id="1556" type="GMP work packet processing" contextid="1467" timestamp="2019-07-07T05:36:17.166">
  <concurrent-mark-start scanTarget="1967891" />
</concurrent-start>
<exclusive-end id="1557" timestamp="2019-07-07T05:36:17.167" durationms="1.086" />

<concurrent-end id="1558" type="GMP work packet processing" contextid="1467" timestamp="2019-07-07T05:36:17.168">
  <concurrent-mark-end bytesScanned="1990348" reasonForTermination="Work target met" />
</concurrent-end>

<exclusive-start id="1559" timestamp="2019-07-07T05:36:17.175" intervalms="9.412">
  <response-info timems="0.254" idlems="0.254" threads="0" lastid="000000000096B700" lastname="main" />
</exclusive-start>
<allocation-taxation id="1560" taxation-threshold="13631488" timestamp="2019-07-07T05:36:17.175" intervalms="9.375" />
<cycle-start id="1561" type="partial gc" contextid="0" timestamp="2019-07-07T05:36:17.175" intervalms="24.271" />
<gc-start id="1562" type="partial gc" contextid="1561" timestamp="2019-07-07T05:36:17.176">
  <mem-info id="1563" free="26214400" total="89128960" percent="29">
    <mem type="eden" free="1048536" total="28311552" percent="3" />
    <remembered-set count="53376" freebytes="3344256" totalbytes="3557760" percent="93" regionsoverflowed="0" regionsstable="7" regionsrebuilding="8"/>
  </mem-info>
</gc-start>
<allocation-stats totalBytes="27216104" >
  <allocated-bytes non-tlh="0" tlh="27216104" arrayletleaf="0"/>
  <largest-consumer threadName="main" threadId="000000000096B700" bytes="13607256" />
</allocation-stats>
<gc-op id="1564" type="copy forward" timems="2.662" contextid="1561" timestamp="2019-07-07T05:36:17.179">
  <memory-copied type="eden" objects="3" bytes="72" bytesdiscarded="0" />
  <memory-copied type="other" objects="8" bytes="208" bytesdiscarded="720" />
  <memory-cardclean objects="45" bytes="1800" />
  <regions eden="26" other="2" />
  <remembered-set-cleared processed="51445" cleared="25" durationms="0.233" />
  <stringconstants candidates="13767" cleared="0"  />
</gc-op>
<gc-op id="1565" type="classunload" timems="0.004" contextid="1561" timestamp="2019-07-07T05:36:17.179">
  <classunload-info classloadercandidates="54" classloadersunloaded="0" classesunloaded="0" anonymousclassesunloaded="0" quiescems="0.000" setupms="0.004" scanms="0.000" postms="0.000" />
</gc-op>
<gc-end id="1566" type="partial gc" contextid="1561" durationms="3.790" usertimems="8.000" systemtimems="0.000" timestamp="2019-07-07T05:36:17.179" activeThreads="4">
  <mem-info id="1567" free="53477376" total="89128960" percent="60">
    <mem type="eden" free="1048504" total="1048576" percent="99" />
    <remembered-set count="53568" freebytes="3343488" totalbytes="3557760" percent="93" regionsoverflowed="0" regionsstable="7" regionsrebuilding="8"/>
  </mem-info>
</gc-end>
<cycle-end id="1568" type="partial gc" contextid="1561" timestamp="2019-07-07T05:36:17.180" />
  <attribute name="elasticGC enabled" value="1" />
  <attribute name= "numThreadsSpecified" value="4" />
  <attribute name="heapSize specified" value="0" />
  <attribute name="Current GC Util" value="226" />
  <attribute name= "Current Time Running" value="17871" />
  <attribute name ="GC Interval" value="0" />
  <attribute name="ProportionalT" value="103.000000" />
  <attribute name="ProportionalI" value="103.000000" />
  <attribute name="ProportionalH" value="103.000000" />
  <attribute name="Current Error" value="206.000000" />
  <attribute name="IntegralT" value="103.000000" />
  <attribute name="IntegralI" value="103.000000" />
  <attribute name="IntegralH" value="103.000000" />
  <attribute name="DerivativeT" value="193.000000" />
  <attribute name="DerivativeI" value="193.000000" />
  <attribute name="DerivativeH" value="193.000000" />
  <attribute name="Loop Time for DT" value="1.000000" />
  <attribute name="Output H" value="8388608"/>
  <attribute name="Output I" value="400"/>
  <attribute name="Output T" value="4"/>
  <attribute name="Target GC Util Change" value ="20.000000" />
  <attribute name="Current GC Util Change" value="226.000000"/>
  <attribute name="GC Util currently" value="226" />
  <attribute name="CPU Util currently" value="14037848739462" />
<exclusive-end id="1569" timestamp="2019-07-07T05:36:17.180" durationms="4.806" />

<exclusive-start id="1570" timestamp="2019-07-07T05:36:17.188" intervalms="12.835">
  <response-info timems="0.026" idlems="0.026" threads="0" lastid="000000000096B700" lastname="main" />
</exclusive-start>
<allocation-taxation id="1571" taxation-threshold="13631488" timestamp="2019-07-07T05:36:17.188" intervalms="12.872" />
<gc-start id="1572" type="global mark phase" contextid="1467" timestamp="2019-07-07T05:36:17.188">
  <mem-info id="1573" free="39845888" total="89128960" percent="44">
    <remembered-set count="53568" freebytes="3343488" totalbytes="3557760" percent="93" regionsoverflowed="0" regionsstable="7" regionsrebuilding="8"/>
  </mem-info>
</gc-start>
<gc-end id="1574" type="global mark phase" contextid="1467" durationms="0.199" usertimems="0.000" systemtimems="0.000" timestamp="2019-07-07T05:36:17.188" activeThreads="4">
  <mem-info id="1575" free="39845888" total="89128960" percent="44">
    <remembered-set count="53568" freebytes="3343488" totalbytes="3557760" percent="93" regionsoverflowed="0" regionsstable="7" regionsrebuilding="8"/>
  </mem-info>
</gc-end>
<concurrent-start id="1576" type="GMP work packet processing" contextid="1467" timestamp="2019-07-07T05:36:17.189">
  <concurrent-mark-start scanTarget="1967891" />
</concurrent-start>
<exclusive-end id="1577" timestamp="2019-07-07T05:36:17.189" durationms="1.136" />

<concurrent-end id="1578" type="GMP work packet processing" contextid="1467" timestamp="2019-07-07T05:36:17.190">
  <concurrent-mark-end bytesScanned="2015816" reasonForTermination="Work target met" />
</concurrent-end>

<exclusive-start id="1579" timestamp="2019-07-07T05:36:17.197" intervalms="9.281">
  <response-info timems="0.074" idlems="0.074" threads="0" lastid="000000000096B700" lastname="main" />
</exclusive-start>
<allocation-taxation id="1580" taxation-threshold="13631488" timestamp="2019-07-07T05:36:17.197" intervalms="9.179" />
<cycle-start id="1581" type="partial gc" contextid="0" timestamp="2019-07-07T05:36:17.197" intervalms="22.061" />
<gc-start id="1582" type="partial gc" contextid="1581" timestamp="2019-07-07T05:36:17.198">
  <mem-info id="1583" free="26214400" total="89128960" percent="29">
    <mem type="eden" free="1048504" total="28311552" percent="3" />
    <remembered-set count="68928" freebytes="3282048" totalbytes="3557760" percent="92" regionsoverflowed="0" regionsstable="7" regionsrebuilding="8"/>
  </mem-info>
</gc-start>
<allocation-stats totalBytes="27215008" >
  <allocated-bytes non-tlh="0" tlh="27215008" arrayletleaf="0"/>
  <largest-consumer threadName="main" threadId="000000000096B700" bytes="13606960" />
</allocation-stats>
<gc-op id="1584" type="copy forward" timems="2.455" contextid="1581" timestamp="2019-07-07T05:36:17.201">
  <memory-copied type="eden" objects="2" bytes="40" bytesdiscarded="0" />
  <memory-copied type="other" objects="14" bytes="320" bytesdiscarded="0" />
  <memory-cardclean objects="32" bytes="1304" />
  <regions eden="26" other="2" />
  <remembered-set-cleared processed="66897" cleared="15" durationms="0.399" />
  <stringconstants candidates="13767" cleared="0"  />
</gc-op>
<gc-op id="1585" type="classunload" timems="0.004" contextid="1581" timestamp="2019-07-07T05:36:17.201">
  <classunload-info classloadercandidates="54" classloadersunloaded="0" classesunloaded="0" anonymousclassesunloaded="0" quiescems="0.000" setupms="0.003" scanms="0.000" postms="0.000" />
</gc-op>
<gc-end id="1586" type="partial gc" contextid="1581" durationms="3.413" usertimems="4.000" systemtimems="0.000" timestamp="2019-07-07T05:36:17.201" activeThreads="4">
  <mem-info id="1587" free="53477376" total="89128960" percent="60">
    <mem type="eden" free="1048536" total="1048576" percent="99" />
    <remembered-set count="69184" freebytes="3281024" totalbytes="3557760" percent="92" regionsoverflowed="0" regionsstable="7" regionsrebuilding="8"/>
  </mem-info>
</gc-end>
<cycle-end id="1588" type="partial gc" contextid="1581" timestamp="2019-07-07T05:36:17.201" />
  <attribute name="elasticGC enabled" value="1" />
  <attribute name= "numThreadsSpecified" value="4" />
  <attribute name="heapSize specified" value="0" />
  <attribute name="Current GC Util" value="54" />
  <attribute name= "Current Time Running" value="17893" />
  <attribute name ="GC Interval" value="0" />
  <attribute name="ProportionalT" value="17.000000" />
  <attribute name="ProportionalI" value="17.000000" />
  <attribute name="ProportionalH" value="17.000000" />
  <attribute name="Current Error" value="34.000000" />
  <attribute name="IntegralT" value="17.000000" />
  <attribute name="IntegralI" value="17.000000" />
  <attribute name="IntegralH" value="17.000000" />
  <attribute name="DerivativeT" value="11.000000" />
  <attribute name="DerivativeI" value="11.000000" />
  <attribute name="DerivativeH" value="11.000000" />
  <attribute name="Loop Time for DT" value="1.000000" />
  <attribute name="Output H" value="8388608"/>
  <attribute name="Output I" value="200"/>
  <attribute name="Output T" value="4"/>
  <attribute name="Target GC Util Change" value ="20.000000" />
  <attribute name="Current GC Util Change" value="54.000000"/>
  <attribute name="GC Util currently" value="54" />
  <attribute name="CPU Util currently" value="21077560795937" />
<exclusive-end id="1589" timestamp="2019-07-07T05:36:17.201" durationms="4.385" />

<exclusive-start id="1590" timestamp="2019-07-07T05:36:17.210" intervalms="12.573">
  <response-info timems="0.131" idlems="0.131" threads="0" lastid="000000000096B700" lastname="main" />
</exclusive-start>
<allocation-taxation id="1591" taxation-threshold="13631488" timestamp="2019-07-07T05:36:17.210" intervalms="12.634" />
<gc-start id="1592" type="global mark phase" contextid="1467" timestamp="2019-07-07T05:36:17.210">
  <mem-info id="1593" free="39845888" total="89128960" percent="44">
    <remembered-set count="68736" freebytes="3282816" totalbytes="3557760" percent="92" regionsoverflowed="0" regionsstable="7" regionsrebuilding="8"/>
  </mem-info>
</gc-start>
<gc-end id="1594" type="global mark phase" contextid="1467" durationms="0.114" usertimems="0.000" systemtimems="0.000" timestamp="2019-07-07T05:36:17.210" activeThreads="4">
  <mem-info id="1595" free="39845888" total="89128960" percent="44">
    <remembered-set count="68736" freebytes="3282816" totalbytes="3557760" percent="92" regionsoverflowed="0" regionsstable="7" regionsrebuilding="8"/>
  </mem-info>
</gc-end>
<concurrent-start id="1596" type="GMP work packet processing" contextid="1467" timestamp="2019-07-07T05:36:17.210">
  <concurrent-mark-start scanTarget="1967891" />
</concurrent-start>
<exclusive-end id="1597" timestamp="2019-07-07T05:36:17.210" durationms="0.913" />

<concurrent-end id="1598" type="GMP work packet processing" contextid="1467" timestamp="2019-07-07T05:36:17.212">
  <concurrent-mark-end bytesScanned="1959924" reasonForTermination="Completed all work in GC phase" />
</concurrent-end>

<exclusive-start id="1599" timestamp="2019-07-07T05:36:17.219" intervalms="8.998">
  <response-info timems="0.045" idlems="0.045" threads="0" lastid="000000000096B700" lastname="main" />
</exclusive-start>
<allocation-taxation id="1600" taxation-threshold="13631488" timestamp="2019-07-07T05:36:17.219" intervalms="8.957" />
<cycle-start id="1601" type="partial gc" contextid="0" timestamp="2019-07-07T05:36:17.219" intervalms="21.583" />
<gc-start id="1602" type="partial gc" contextid="1601" timestamp="2019-07-07T05:36:17.219">
  <mem-info id="1603" free="26214400" total="89128960" percent="29">
    <mem type="eden" free="1048536" total="28311552" percent="3" />
    <remembered-set count="89280" freebytes="3200640" totalbytes="3557760" percent="89" regionsoverflowed="0" regionsstable="7" regionsrebuilding="8"/>
  </mem-info>
</gc-start>
<allocation-stats totalBytes="27214616" >
  <allocated-bytes non-tlh="0" tlh="27214616" arrayletleaf="0"/>
  <largest-consumer threadName="main" threadId="000000000096B700" bytes="13607256" />
</allocation-stats>
<gc-op id="1604" type="copy forward" timems="1.511" contextid="1601" timestamp="2019-07-07T05:36:17.221">
  <memory-copied type="eden" objects="3" bytes="72" bytesdiscarded="0" />
  <memory-copied type="other" objects="14" bytes="320" bytesdiscarded="0" />
  <memory-cardclean objects="32" bytes="1304" />
  <regions eden="26" other="2" />
  <remembered-set-cleared processed="87010" cleared="18" durationms="0.604" />
  <stringconstants candidates="13767" cleared="0"  />
</gc-op>
<gc-op id="1605" type="classunload" timems="0.004" contextid="1601" timestamp="2019-07-07T05:36:17.222">
  <classunload-info classloadercandidates="54" classloadersunloaded="0" classesunloaded="0" anonymousclassesunloaded="0" quiescems="0.000" setupms="0.004" scanms="0.000" postms="0.000" />
</gc-op>
<gc-end id="1606" type="partial gc" contextid="1601" durationms="2.739" usertimems="4.000" systemtimems="0.000" timestamp="2019-07-07T05:36:17.222" activeThreads="1">
  <mem-info id="1607" free="53477376" total="89128960" percent="60">
    <mem type="eden" free="1048504" total="1048576" percent="99" />
    <remembered-set count="89568" freebytes="3199488" totalbytes="3557760" percent="89" regionsoverflowed="0" regionsstable="7" regionsrebuilding="8"/>
  </mem-info>
</gc-end>
<cycle-end id="1608" type="partial gc" contextid="1601" timestamp="2019-07-07T05:36:17.222" />
  <attribute name="elasticGC enabled" value="1" />
  <attribute name= "numThreadsSpecified" value="1" />
  <attribute name="heapSize specified" value="0" />
  <attribute name="Current GC Util" value="61" />
  <attribute name= "Current Time Running" value="17914" />
  <attribute name ="GC Interval" value="0" />
  <attribute name="ProportionalT" value="20.500000" />
  <attribute name="ProportionalI" value="20.500000" />
  <attribute name="ProportionalH" value="20.500000" />
  <attribute name="Current Error" value="41.000000" />
  <attribute name="IntegralT" value="0.000000" />
  <attribute name="IntegralI" value="0.000000" />
  <attribute name="IntegralH" value="0.000000" />
  <attribute name="DerivativeT" value="inf" />
  <attribute name="DerivativeI" value="inf" />
  <attribute name="DerivativeH" value="inf" />
  <attribute name="Loop Time for DT" value="0.000000" />
  <attribute name="Output H" value="8388608"/>
  <attribute name="Output I" value="200"/>
  <attribute name="Output T" value="1"/>
  <attribute name="Target GC Util Change" value ="20.000000" />
  <attribute name="Current GC Util Change" value="61.000000"/>
  <attribute name="GC Util currently" value="61" />
  <attribute name="CPU Util currently" value="21482075274686" />
<exclusive-end id="1609" timestamp="2019-07-07T05:36:17.222" durationms="3.714" />

<exclusive-start id="1610" timestamp="2019-07-07T05:36:17.231" intervalms="11.959">
  <response-info timems="0.229" idlems="0.229" threads="0" lastid="000000000096B700" lastname="main" />
</exclusive-start>
<allocation-taxation id="1611" taxation-threshold="13631488" timestamp="2019-07-07T05:36:17.231" intervalms="12.033" />
<gc-start id="1612" type="global mark phase" contextid="1467" timestamp="2019-07-07T05:36:17.231">
  <mem-info id="1613" free="39845888" total="89128960" percent="44">
    <remembered-set count="89184" freebytes="3201024" totalbytes="3557760" percent="89" regionsoverflowed="0" regionsstable="7" regionsrebuilding="8"/>
  </mem-info>
</gc-start>
<gc-op id="1614" type="mark increment" timems="4.881" contextid="1467" timestamp="2019-07-07T05:36:17.236">
  <trace-info objectcount="58" scancount="57" scanbytes="233948" />
  <cardclean-info objects="261422" bytes="6316448" />
  <finalization candidates="80" enqueued="0" />
  <ownableSynchronizers candidates="21" cleared="0" />
  <references type="soft" candidates="4848" cleared="0" enqueued="0" dynamicThreshold="19" maxThreshold="32" />
  <references type="weak" candidates="5621" cleared="0" enqueued="0" />
  <references type="phantom" candidates="101" cleared="0" enqueued="0" />
  <stringconstants candidates="13767" cleared="0"  />
</gc-op>
<gc-op id="1615" type="classunload" timems="0.006" contextid="1467" timestamp="2019-07-07T05:36:17.236">
  <classunload-info classloadercandidates="54" classloadersunloaded="0" classesunloaded="0" anonymousclassesunloaded="0" quiescems="0.000" setupms="0.006" scanms="0.000" postms="0.000" />
</gc-op>
<gc-end id="1616" type="global mark phase" contextid="1467" durationms="5.260" usertimems="16.000" systemtimems="0.000" timestamp="2019-07-07T05:36:17.236" activeThreads="4">
  <mem-info id="1617" free="39845888" total="89128960" percent="44">
    <remembered-set count="101472" freebytes="3151872" totalbytes="3557760" percent="88" regionsoverflowed="0" regionsstable="7" regionsrebuilding="0"/>
  </mem-info>
</gc-end>
<cycle-end id="1618" type="global mark phase" contextid="1467" timestamp="2019-07-07T05:36:17.236" />
  <attribute name="elasticGC enabled" value="1" />
  <attribute name= "numThreadsSpecified" value="4" />
  <attribute name="heapSize specified" value="0" />
  <attribute name="Current GC Util" value="71" />
  <attribute name= "Current Time Running" value="17929" />
  <attribute name ="GC Interval" value="0" />
  <attribute name="ProportionalT" value="25.500000" />
  <attribute name="ProportionalI" value="25.500000" />
  <attribute name="ProportionalH" value="25.500000" />
  <attribute name="Current Error" value="51.000000" />
  <attribute name="IntegralT" value="0.000000" />
  <attribute name="IntegralI" value="0.000000" />
  <attribute name="IntegralH" value="0.000000" />
  <attribute name="DerivativeT" value="-inf" />
  <attribute name="DerivativeI" value="-inf" />
  <attribute name="DerivativeH" value="-inf" />
  <attribute name="Loop Time for DT" value="0.000000" />
  <attribute name="Output H" value="2091843584"/>
  <attribute name="Output I" value="200"/>
  <attribute name="Output T" value="4"/>
  <attribute name="Target GC Util Change" value ="20.000000" />
  <attribute name="Current GC Util Change" value="71.000000"/>
  <attribute name="GC Util currently" value="71" />
  <attribute name="CPU Util currently" value="12522669669961" />
<exclusive-end id="1619" timestamp="2019-07-07T05:36:17.236" durationms="5.969" />

<exclusive-start id="1620" timestamp="2019-07-07T05:36:17.245" intervalms="14.084">
  <response-info timems="0.083" idlems="0.083" threads="0" lastid="000000000096B700" lastname="main" />
</exclusive-start>
<allocation-taxation id="1621" taxation-threshold="13631488" timestamp="2019-07-07T05:36:17.245" intervalms="14.059" />
<cycle-start id="1622" type="partial gc" contextid="0" timestamp="2019-07-07T05:36:17.245" intervalms="26.092" />
<gc-start id="1623" type="partial gc" contextid="1622" timestamp="2019-07-07T05:36:17.245">
  <mem-info id="1624" free="26214400" total="89128960" percent="29">
    <mem type="eden" free="1048504" total="28311552" percent="3" />
    <remembered-set count="10752" freebytes="3514752" totalbytes="3557760" percent="98" regionsoverflowed="0" regionsstable="15" regionsrebuilding="0"/>
  </mem-info>
</gc-start>
<allocation-stats totalBytes="27215008" >
  <allocated-bytes non-tlh="0" tlh="27215008" arrayletleaf="0"/>
  <largest-consumer threadName="main" threadId="000000000096B700" bytes="13606960" />
</allocation-stats>
<gc-op id="1625" type="sweep" timems="0.717" contextid="1622" timestamp="2019-07-07T05:36:17.246" />
<gc-op id="1626" type="copy forward" timems="3.638" contextid="1622" timestamp="2019-07-07T05:36:17.251">
  <memory-copied type="eden" objects="2" bytes="40" bytesdiscarded="0" />
  <memory-copied type="other" objects="38256" bytes="911968" bytesdiscarded="10264" />
  <memory-cardclean objects="5602" bytes="426096" />
  <regions eden="13" other="3" />
  <remembered-set-cleared processed="9324" cleared="437" durationms="0.167" />
  <stringconstants candidates="13767" cleared="0"  />
</gc-op>
<gc-op id="1627" type="classunload" timems="0.004" contextid="1622" timestamp="2019-07-07T05:36:17.251">
  <classunload-info classloadercandidates="54" classloadersunloaded="0" classesunloaded="0" anonymousclassesunloaded="0" quiescems="0.000" setupms="0.004" scanms="0.000" postms="0.000" />
</gc-op>
<gc-end id="1628" type="partial gc" contextid="1622" durationms="5.936" usertimems="16.000" systemtimems="0.000" timestamp="2019-07-07T05:36:17.251" activeThreads="4">
  <mem-info id="1629" free="54525952" total="89128960" percent="61">
    <mem type="eden" free="1048536" total="1048576" percent="99" />
    <remembered-set count="11072" freebytes="3513472" totalbytes="3557760" percent="98" regionsoverflowed="0" regionsstable="15" regionsrebuilding="0"/>
  </mem-info>
</gc-end>
<cycle-end id="1630" type="partial gc" contextid="1622" timestamp="2019-07-07T05:36:17.251" />
  <attribute name="elasticGC enabled" value="1" />
  <attribute name= "numThreadsSpecified" value="4" />
  <attribute name="heapSize specified" value="0" />
  <attribute name="Current GC Util" value="111" />
  <attribute name= "Current Time Running" value="17942" />
  <attribute name ="GC Interval" value="0" />
  <attribute name="ProportionalT" value="45.500000" />
  <attribute name="ProportionalI" value="45.500000" />
  <attribute name="ProportionalH" value="45.500000" />
  <attribute name="Current Error" value="91.000000" />
  <attribute name="IntegralT" value="45.500000" />
  <attribute name="IntegralI" value="45.500000" />
  <attribute name="IntegralH" value="45.500000" />
  <attribute name="DerivativeT" value="52.000000" />
  <attribute name="DerivativeI" value="52.000000" />
  <attribute name="DerivativeH" value="52.000000" />
  <attribute name="Loop Time for DT" value="1.000000" />
  <attribute name="Output H" value="8388608"/>
  <attribute name="Output I" value="200"/>
  <attribute name="Output T" value="4"/>
  <attribute name="Target GC Util Change" value ="20.000000" />
  <attribute name="Current GC Util Change" value="111.000000"/>
  <attribute name="GC Util currently" value="111" />
  <attribute name="CPU Util currently" value="8333579077293" />
<exclusive-end id="1631" timestamp="2019-07-07T05:36:17.252" durationms="6.944" />

<exclusive-start id="1632" timestamp="2019-07-07T05:36:17.268" intervalms="23.464">
  <response-info timems="0.090" idlems="0.090" threads="0" lastid="000000000096B700" lastname="main" />
</exclusive-start>
<allocation-taxation id="1633" taxation-threshold="28311552" timestamp="2019-07-07T05:36:17.268" intervalms="23.420" />
<cycle-start id="1634" type="partial gc" contextid="0" timestamp="2019-07-07T05:36:17.268" intervalms="23.439" />
<gc-start id="1635" type="partial gc" contextid="1634" timestamp="2019-07-07T05:36:17.269">
  <mem-info id="1636" free="26214400" total="89128960" percent="29">
    <mem type="eden" free="1048536" total="29360128" percent="3" />
    <remembered-set count="10688" freebytes="3515008" totalbytes="3557760" percent="98" regionsoverflowed="0" regionsstable="15" regionsrebuilding="0"/>
  </mem-info>
</gc-start>
<allocation-stats totalBytes="28261080" >
  <allocated-bytes non-tlh="0" tlh="28261080" arrayletleaf="0"/>
  <largest-consumer threadName="main" threadId="000000000096B700" bytes="28261080" />
</allocation-stats>
<gc-op id="1637" type="copy forward" timems="8.876" contextid="1634" timestamp="2019-07-07T05:36:17.279">
  <memory-copied type="eden" objects="2" bytes="40" bytesdiscarded="0" />
  <memory-copied type="other" objects="19490" bytes="894192" bytesdiscarded="400" />
  <memory-cardclean objects="99780" bytes="2600496" />
  <regions eden="27" other="4" />
  <remembered-set-cleared processed="612" cleared="45" durationms="0.136" />
  <finalization candidates="13" enqueued="0" />
  <references type="soft" candidates="352" cleared="0" enqueued="0" dynamicThreshold="19" maxThreshold="32" />
  <references type="weak" candidates="326" cleared="0" enqueued="0" />
  <references type="phantom" candidates="56" cleared="0" enqueued="0" />
  <stringconstants candidates="13767" cleared="0"  />
</gc-op>
<gc-op id="1638" type="classunload" timems="0.005" contextid="1634" timestamp="2019-07-07T05:36:17.279">
  <classunload-info classloadercandidates="54" classloadersunloaded="0" classesunloaded="0" anonymousclassesunloaded="0" quiescems="0.000" setupms="0.005" scanms="0.000" postms="0.000" />
</gc-op>
<heap-resize id="1639" type="contract" space="default" amount="2097152" count="1" timems="0.051" reason="excess free space following gc" timestamp="2019-07-07T05:36:17.279" />
<gc-end id="1640" type="partial gc" contextid="1634" durationms="10.537" usertimems="8.000" systemtimems="4.000" timestamp="2019-07-07T05:36:17.279" activeThreads="1">
  <mem-info id="1641" free="53477376" total="87031808" percent="61">
    <mem type="eden" free="1048536" total="1048576" percent="99" />
    <remembered-set count="21216" freebytes="3472896" totalbytes="3557760" percent="97" regionsoverflowed="0" regionsstable="15" regionsrebuilding="0"/>
  </mem-info>
</gc-end>
<cycle-end id="1642" type="partial gc" contextid="1634" timestamp="2019-07-07T05:36:17.279" />
  <attribute name="elasticGC enabled" value="1" />
  <attribute name= "numThreadsSpecified" value="1" />
  <attribute name="heapSize specified" value="0" />
  <attribute name="Current GC Util" value="141" />
  <attribute name= "Current Time Running" value="17964" />
  <attribute name ="GC Interval" value="0" />
  <attribute name="ProportionalT" value="60.500000" />
  <attribute name="ProportionalI" value="60.500000" />
  <attribute name="ProportionalH" value="60.500000" />
  <attribute name="Current Error" value="121.000000" />
  <attribute name="IntegralT" value="0.000000" />
  <attribute name="IntegralI" value="0.000000" />
  <attribute name="IntegralH" value="0.000000" />
  <attribute name="DerivativeT" value="inf" />
  <attribute name="DerivativeI" value="inf" />
  <attribute name="DerivativeH" value="inf" />
  <attribute name="Loop Time for DT" value="0.000000" />
  <attribute name="Output H" value="8388608"/>
  <attribute name="Output I" value="200"/>
  <attribute name="Output T" value="1"/>
  <attribute name="Target GC Util Change" value ="20.000000" />
  <attribute name="Current GC Util Change" value="141.000000"/>
  <attribute name="GC Util currently" value="141" />
  <attribute name="CPU Util currently" value="10753034093996" />
<exclusive-end id="1643" timestamp="2019-07-07T05:36:17.280" durationms="11.588" />

<exclusive-start id="1644" timestamp="2019-07-07T05:36:17.383" intervalms="115.373">
  <response-info timems="0.061" idlems="0.061" threads="0" lastid="000000000096B700" lastname="main" />
</exclusive-start>
<allocation-taxation id="1645" taxation-threshold="28311552" timestamp="2019-07-07T05:36:17.384" intervalms="115.481" />
<cycle-start id="1646" type="partial gc" contextid="0" timestamp="2019-07-07T05:36:17.384" intervalms="115.399" />
<gc-start id="1647" type="partial gc" contextid="1646" timestamp="2019-07-07T05:36:17.384">
  <mem-info id="1648" free="25165824" total="87031808" percent="28">
    <mem type="eden" free="1048536" total="29360128" percent="3" />
    <remembered-set count="12256" freebytes="3508736" totalbytes="3557760" percent="98" regionsoverflowed="0" regionsstable="16" regionsrebuilding="0"/>
  </mem-info>
</gc-start>
<allocation-stats totalBytes="28265408" >
  <allocated-bytes non-tlh="0" tlh="28265408" arrayletleaf="0"/>
  <largest-consumer threadName="main" threadId="000000000096B700" bytes="28265408" />
</allocation-stats>
<gc-op id="1649" type="copy forward" timems="2.539" contextid="1646" timestamp="2019-07-07T05:36:17.388">
  <memory-copied type="eden" objects="35" bytes="1456" bytesdiscarded="696" />
  <memory-copied type="other" objects="26989" bytes="914880" bytesdiscarded="40552" />
  <memory-cardclean objects="6948" bytes="221608" />
  <regions eden="27" other="4" />
  <remembered-set-cleared processed="1729" cleared="63" durationms="0.101" />
  <references type="soft" candidates="2" cleared="0" enqueued="0" dynamicThreshold="19" maxThreshold="32" />
  <stringconstants candidates="13767" cleared="0"  />
</gc-op>
<gc-op id="1650" type="classunload" timems="0.004" contextid="1646" timestamp="2019-07-07T05:36:17.388">
  <classunload-info classloadercandidates="54" classloadersunloaded="0" classesunloaded="0" anonymousclassesunloaded="0" quiescems="0.000" setupms="0.004" scanms="0.000" postms="0.000" />
</gc-op>
<heap-resize id="1651" type="contract" space="default" amount="3145728" count="1" timems="0.049" reason="excess free space following gc" timestamp="2019-07-07T05:36:17.388" />
<gc-end id="1652" type="partial gc" contextid="1646" durationms="4.028" usertimems="4.000" systemtimems="0.000" timestamp="2019-07-07T05:36:17.388" activeThreads="4">
  <mem-info id="1653" free="51380224" total="83886080" percent="61">
    <mem type="eden" free="1046424" total="1048576" percent="99" />
    <remembered-set count="3904" freebytes="3458432" totalbytes="3474048" percent="99" regionsoverflowed="0" regionsstable="16" regionsrebuilding="0"/>
  </mem-info>
</gc-end>
<cycle-end id="1654" type="partial gc" contextid="1646" timestamp="2019-07-07T05:36:17.388" />
  <attribute name="elasticGC enabled" value="1" />
  <attribute name= "numThreadsSpecified" value="4" />
  <attribute name="heapSize specified" value="0" />
  <attribute name="Current GC Util" value="112" />
  <attribute name= "Current Time Running" value="18080" />
  <attribute name ="GC Interval" value="0" />
  <attribute name="ProportionalT" value="46.000000" />
  <attribute name="ProportionalI" value="46.000000" />
  <attribute name="ProportionalH" value="46.000000" />
  <attribute name="Current Error" value="92.000000" />
  <attribute name="IntegralT" value="46.000000" />
  <attribute name="IntegralI" value="46.000000" />
  <attribute name="IntegralH" value="46.000000" />
  <attribute name="DerivativeT" value="92.000000" />
  <attribute name="DerivativeI" value="92.000000" />
  <attribute name="DerivativeH" value="92.000000" />
  <attribute name="Loop Time for DT" value="1.000000" />
  <attribute name="Output H" value="8388608"/>
  <attribute name="Output I" value="200"/>
  <attribute name="Output T" value="4"/>
  <attribute name="Target GC Util Change" value ="20.000000" />
  <attribute name="Current GC Util Change" value="112.000000"/>
  <attribute name="GC Util currently" value="112" />
  <attribute name="CPU Util currently" value="9389261452822" />
<exclusive-end id="1655" timestamp="2019-07-07T05:36:17.389" durationms="5.206" />

<exclusive-start id="1656" timestamp="2019-07-07T05:36:17.465" intervalms="81.216">
  <response-info timems="0.059" idlems="0.059" threads="0" lastid="000000000096B700" lastname="main" />
</exclusive-start>
<allocation-taxation id="1657" taxation-threshold="27262976" timestamp="2019-07-07T05:36:17.465" intervalms="81.221" />
<cycle-start id="1658" type="partial gc" contextid="0" timestamp="2019-07-07T05:36:17.465" intervalms="81.316" />
<gc-start id="1659" type="partial gc" contextid="1658" timestamp="2019-07-07T05:36:17.466">
  <mem-info id="1660" free="24117248" total="83886080" percent="28">
    <mem type="eden" free="0" total="27262976" percent="0" />
    <remembered-set count="3808" freebytes="3458816" totalbytes="3474048" percent="99" regionsoverflowed="0" regionsstable="16" regionsrebuilding="0"/>
  </mem-info>
</gc-start>
<allocation-stats totalBytes="27254072" >
  <allocated-bytes non-tlh="0" tlh="27254072" arrayletleaf="0"/>
  <largest-consumer threadName="main" threadId="000000000096B700" bytes="27254072" />
</allocation-stats>
<gc-op id="1661" type="copy forward" timems="1.372" contextid="1658" timestamp="2019-07-07T05:36:17.468">
  <memory-copied type="eden" objects="10" bytes="728" bytesdiscarded="0" />
  <memory-copied type="other" objects="33" bytes="912" bytesdiscarded="0" />
  <memory-cardclean objects="4063" bytes="169176" />
  <regions eden="26" other="2" />
  <remembered-set-cleared processed="1994" cleared="30" durationms="0.131" />
  <stringconstants candidates="13767" cleared="0"  />
</gc-op>
<gc-op id="1662" type="classunload" timems="0.004" contextid="1658" timestamp="2019-07-07T05:36:17.468">
  <classunload-info classloadercandidates="54" classloadersunloaded="0" classesunloaded="0" anonymousclassesunloaded="0" quiescems="0.000" setupms="0.004" scanms="0.000" postms="0.000" />
</gc-op>
<gc-end id="1663" type="partial gc" contextid="1658" durationms="2.948" usertimems="4.000" systemtimems="0.000" timestamp="2019-07-07T05:36:17.468" activeThreads="1">
  <mem-info id="1664" free="50331648" total="83886080" percent="60">
    <mem type="eden" free="1047848" total="1048576" percent="99" />
    <remembered-set count="3296" freebytes="3335296" totalbytes="3348480" percent="99" regionsoverflowed="0" regionsstable="16" regionsrebuilding="0"/>
  </mem-info>
</gc-end>
<cycle-end id="1665" type="partial gc" contextid="1658" timestamp="2019-07-07T05:36:17.469" />
  <attribute name="elasticGC enabled" value="1" />
  <attribute name= "numThreadsSpecified" value="1" />
  <attribute name="heapSize specified" value="0" />
  <attribute name="Current GC Util" value="29" />
  <attribute name= "Current Time Running" value="18161" />
  <attribute name ="GC Interval" value="0" />
  <attribute name="ProportionalT" value="4.500000" />
  <attribute name="ProportionalI" value="4.500000" />
  <attribute name="ProportionalH" value="4.500000" />
  <attribute name="Current Error" value="9.000000" />
  <attribute name="IntegralT" value="0.000000" />
  <attribute name="IntegralI" value="0.000000" />
  <attribute name="IntegralH" value="0.000000" />
  <attribute name="DerivativeT" value="inf" />
  <attribute name="DerivativeI" value="inf" />
  <attribute name="DerivativeH" value="inf" />
  <attribute name="Loop Time for DT" value="0.000000" />
  <attribute name="Output H" value="8388608"/>
  <attribute name="Output I" value="200"/>
  <attribute name="Output T" value="1"/>
  <attribute name="Target GC Util Change" value ="20.000000" />
  <attribute name="Current GC Util Change" value="29.000000"/>
  <attribute name="GC Util currently" value="29" />
  <attribute name="CPU Util currently" value="8810056968513" />
<exclusive-end id="1666" timestamp="2019-07-07T05:36:17.469" durationms="4.301" />

<exclusive-start id="1667" timestamp="2019-07-07T05:36:17.508" intervalms="43.194">
  <response-info timems="0.089" idlems="0.089" threads="0" lastid="000000000096B700" lastname="main" />
</exclusive-start>
<allocation-taxation id="1668" taxation-threshold="13631488" timestamp="2019-07-07T05:36:17.508" intervalms="43.198" />
<cycle-start id="1669" type="global mark phase" contextid="0" timestamp="2019-07-07T05:36:17.508" intervalms="703.074" />
<gc-start id="1670" type="global mark phase" contextid="1669" timestamp="2019-07-07T05:36:17.508">
  <mem-info id="1671" free="36700160" total="83886080" percent="43">
    <remembered-set count="3072" freebytes="3336192" totalbytes="3348480" percent="99" regionsoverflowed="0" regionsstable="16" regionsrebuilding="0"/>
  </mem-info>
</gc-start>
<gc-op id="1672" type="mark increment" timems="1.325" contextid="1669" timestamp="2019-07-07T05:36:17.510">
  <trace-info objectcount="9100" scancount="1366" scanbytes="61540" />
</gc-op>
<gc-end id="1673" type="global mark phase" contextid="1669" durationms="1.556" usertimems="0.000" systemtimems="0.000" timestamp="2019-07-07T05:36:17.510" activeThreads="4">
  <mem-info id="1674" free="36700160" total="83886080" percent="43">
    <remembered-set count="4608" freebytes="3330048" totalbytes="3348480" percent="99" regionsoverflowed="0" regionsstable="0" regionsrebuilding="16"/>
  </mem-info>
</gc-end>
<concurrent-start id="1675" type="GMP work packet processing" contextid="1669" timestamp="2019-07-07T05:36:17.510">
  <concurrent-mark-start scanTarget="1758566" />
</concurrent-start>
<exclusive-end id="1676" timestamp="2019-07-07T05:36:17.510" durationms="2.356" />

<concurrent-end id="1677" type="GMP work packet processing" contextid="1669" timestamp="2019-07-07T05:36:17.512">
  <concurrent-mark-end bytesScanned="1888584" reasonForTermination="Work target met" />
</concurrent-end>

<exclusive-start id="1678" timestamp="2019-07-07T05:36:17.540" intervalms="32.568">
  <response-info timems="0.060" idlems="0.060" threads="0" lastid="000000000096B700" lastname="main" />
</exclusive-start>
<allocation-taxation id="1679" taxation-threshold="13631488" timestamp="2019-07-07T05:36:17.541" intervalms="32.511" />
<cycle-start id="1680" type="partial gc" contextid="0" timestamp="2019-07-07T05:36:17.541" intervalms="75.664" />
<gc-start id="1681" type="partial gc" contextid="1680" timestamp="2019-07-07T05:36:17.541">
  <mem-info id="1682" free="23068672" total="83886080" percent="27">
    <mem type="eden" free="1047848" total="28311552" percent="3" />
    <remembered-set count="24896" freebytes="3248896" totalbytes="3348480" percent="97" regionsoverflowed="0" regionsstable="0" regionsrebuilding="16"/>
  </mem-info>
</gc-start>
<allocation-stats totalBytes="27250120" >
  <allocated-bytes non-tlh="0" tlh="27250120" arrayletleaf="0"/>
  <largest-consumer threadName="main" threadId="000000000096B700" bytes="13623584" />
</allocation-stats>
<gc-op id="1683" type="copy forward" timems="1.320" contextid="1680" timestamp="2019-07-07T05:36:17.543">
  <memory-copied type="eden" objects="31" bytes="1576" bytesdiscarded="0" />
  <memory-copied type="other" objects="35" bytes="2800" bytesdiscarded="280" />
  <memory-cardclean objects="152" bytes="6240" />
  <regions eden="26" other="4" />
  <remembered-set-cleared processed="22515" cleared="83" durationms="0.267" />
  <stringconstants candidates="13767" cleared="0"  />
</gc-op>
<gc-op id="1684" type="classunload" timems="0.004" contextid="1680" timestamp="2019-07-07T05:36:17.543">
  <classunload-info classloadercandidates="54" classloadersunloaded="0" classesunloaded="0" anonymousclassesunloaded="0" quiescems="0.000" setupms="0.004" scanms="0.000" postms="0.000" />
</gc-op>
<heap-resize id="1685" type="contract" space="default" amount="3145728" count="1" timems="0.127" reason="excess free space following gc" timestamp="2019-07-07T05:36:17.544" />
<gc-end id="1686" type="partial gc" contextid="1680" durationms="2.748" usertimems="0.000" systemtimems="4.000" timestamp="2019-07-07T05:36:17.544" activeThreads="1">
  <mem-info id="1687" free="49283072" total="80740352" percent="61">
    <mem type="eden" free="1047000" total="1048576" percent="99" />
    <remembered-set count="25088" freebytes="3248128" totalbytes="3348480" percent="97" regionsoverflowed="0" regionsstable="0" regionsrebuilding="16"/>
  </mem-info>
</gc-end>
<cycle-end id="1688" type="partial gc" contextid="1680" timestamp="2019-07-07T05:36:17.544" />
  <attribute name="elasticGC enabled" value="1" />
  <attribute name= "numThreadsSpecified" value="1" />
  <attribute name="heapSize specified" value="0" />
  <attribute name="Current GC Util" value="59" />
  <attribute name= "Current Time Running" value="18236" />
  <attribute name ="GC Interval" value="0" />
  <attribute name="ProportionalT" value="19.500000" />
  <attribute name="ProportionalI" value="19.500000" />
  <attribute name="ProportionalH" value="19.500000" />
  <attribute name="Current Error" value="39.000000" />
  <attribute name="IntegralT" value="0.000000" />
  <attribute name="IntegralI" value="0.000000" />
  <attribute name="IntegralH" value="0.000000" />
  <attribute name="DerivativeT" value="inf" />
  <attribute name="DerivativeI" value="inf" />
  <attribute name="DerivativeH" value="inf" />
  <attribute name="Loop Time for DT" value="0.000000" />
  <attribute name="Output H" value="8388608"/>
  <attribute name="Output I" value="200"/>
  <attribute name="Output T" value="1"/>
  <attribute name="Target GC Util Change" value ="20.000000" />
  <attribute name="Current GC Util Change" value="59.000000"/>
  <attribute name="GC Util currently" value="59" />
  <attribute name="CPU Util currently" value="19291237159188" />
<exclusive-end id="1689" timestamp="2019-07-07T05:36:17.544" durationms="3.948" />

<exclusive-start id="1690" timestamp="2019-07-07T05:36:17.558" intervalms="17.143">
  <response-info timems="0.063" idlems="0.063" threads="0" lastid="000000000096B700" lastname="main" />
</exclusive-start>
<allocation-taxation id="1691" taxation-threshold="13631488" timestamp="2019-07-07T05:36:17.558" intervalms="17.127" />
<gc-start id="1692" type="global mark phase" contextid="1669" timestamp="2019-07-07T05:36:17.558">
  <mem-info id="1693" free="35651584" total="80740352" percent="44">
    <remembered-set count="24832" freebytes="3249152" totalbytes="3348480" percent="97" regionsoverflowed="0" regionsstable="0" regionsrebuilding="16"/>
  </mem-info>
</gc-start>
<gc-end id="1694" type="global mark phase" contextid="1669" durationms="0.137" usertimems="0.000" systemtimems="0.000" timestamp="2019-07-07T05:36:17.558" activeThreads="1">
  <mem-info id="1695" free="35651584" total="80740352" percent="44">
    <remembered-set count="24832" freebytes="3249152" totalbytes="3348480" percent="97" regionsoverflowed="0" regionsstable="0" regionsrebuilding="16"/>
  </mem-info>
</gc-end>
<concurrent-start id="1696" type="GMP work packet processing" contextid="1669" timestamp="2019-07-07T05:36:17.558">
  <concurrent-mark-start scanTarget="1048576" />
</concurrent-start>
<exclusive-end id="1697" timestamp="2019-07-07T05:36:17.558" durationms="0.900" />

<concurrent-end id="1698" type="GMP work packet processing" contextid="1669" timestamp="2019-07-07T05:36:17.559">
  <concurrent-mark-end bytesScanned="1082672" reasonForTermination="Work target met" />
</concurrent-end>

<exclusive-start id="1699" timestamp="2019-07-07T05:36:17.570" intervalms="12.392">
  <response-info timems="0.074" idlems="0.074" threads="0" lastid="000000000096B700" lastname="main" />
</exclusive-start>
<allocation-taxation id="1700" taxation-threshold="13631488" timestamp="2019-07-07T05:36:17.570" intervalms="12.469" />
<cycle-start id="1701" type="partial gc" contextid="0" timestamp="2019-07-07T05:36:17.570" intervalms="29.628" />
<gc-start id="1702" type="partial gc" contextid="1701" timestamp="2019-07-07T05:36:17.571">
  <mem-info id="1703" free="22020096" total="80740352" percent="27">
    <mem type="eden" free="0" total="27262976" percent="0" />
    <remembered-set count="33632" freebytes="3213952" totalbytes="3348480" percent="95" regionsoverflowed="0" regionsstable="0" regionsrebuilding="16"/>
  </mem-info>
</gc-start>
<allocation-stats totalBytes="27243216" >
  <allocated-bytes non-tlh="0" tlh="27243216" arrayletleaf="0"/>
  <largest-consumer threadName="main" threadId="000000000096B700" bytes="13621584" />
</allocation-stats>
<gc-op id="1704" type="copy forward" timems="4.188" contextid="1701" timestamp="2019-07-07T05:36:17.576">
  <memory-copied type="eden" objects="4" bytes="288" bytesdiscarded="0" />
  <memory-copied type="other" objects="40" bytes="1560" bytesdiscarded="0" />
  <memory-cardclean objects="30796" bytes="1436232" />
  <regions eden="26" other="2" />
  <remembered-set-cleared processed="23513" cleared="10800" durationms="0.365" />
  <stringconstants candidates="13767" cleared="0"  />
</gc-op>
<gc-op id="1705" type="classunload" timems="0.004" contextid="1701" timestamp="2019-07-07T05:36:17.576">
  <classunload-info classloadercandidates="54" classloadersunloaded="0" classesunloaded="0" anonymousclassesunloaded="0" quiescems="0.000" setupms="0.004" scanms="0.000" postms="0.000" />
</gc-op>
<gc-end id="1706" type="partial gc" contextid="1701" durationms="5.569" usertimems="4.000" systemtimems="0.000" timestamp="2019-07-07T05:36:17.576" activeThreads="1">
  <mem-info id="1707" free="48234496" total="80740352" percent="59">
    <mem type="eden" free="1048288" total="1048576" percent="99" />
    <remembered-set count="22976" freebytes="3131008" totalbytes="3222912" percent="97" regionsoverflowed="0" regionsstable="0" regionsrebuilding="16"/>
  </mem-info>
</gc-end>
<cycle-end id="1708" type="partial gc" contextid="1701" timestamp="2019-07-07T05:36:17.576" />
  <attribute name="elasticGC enabled" value="1" />
  <attribute name= "numThreadsSpecified" value="1" />
  <attribute name="heapSize specified" value="0" />
  <attribute name="Current GC Util" value="38" />
  <attribute name= "Current Time Running" value="18266" />
  <attribute name ="GC Interval" value="0" />
  <attribute name="ProportionalT" value="9.000000" />
  <attribute name="ProportionalI" value="9.000000" />
  <attribute name="ProportionalH" value="9.000000" />
  <attribute name="Current Error" value="18.000000" />
  <attribute name="IntegralT" value="0.000000" />
  <attribute name="IntegralI" value="0.000000" />
  <attribute name="IntegralH" value="0.000000" />
  <attribute name="DerivativeT" value="inf" />
  <attribute name="DerivativeI" value="inf" />
  <attribute name="DerivativeH" value="inf" />
  <attribute name="Loop Time for DT" value="0.000000" />
  <attribute name="Output H" value="8388608"/>
  <attribute name="Output I" value="200"/>
  <attribute name="Output T" value="1"/>
  <attribute name="Target GC Util Change" value ="20.000000" />
  <attribute name="Current GC Util Change" value="38.000000"/>
  <attribute name="GC Util currently" value="38" />
  <attribute name="CPU Util currently" value="9867840653523" />
<exclusive-end id="1709" timestamp="2019-07-07T05:36:17.577" durationms="6.803" />

<exclusive-start id="1710" timestamp="2019-07-07T05:36:17.588" intervalms="18.350">
  <response-info timems="0.079" idlems="0.079" threads="0" lastid="000000000096B700" lastname="main" />
</exclusive-start>
<allocation-taxation id="1711" taxation-threshold="13631488" timestamp="2019-07-07T05:36:17.589" intervalms="18.294" />
<gc-start id="1712" type="global mark phase" contextid="1669" timestamp="2019-07-07T05:36:17.589">
  <mem-info id="1713" free="34603008" total="80740352" percent="42">
    <remembered-set count="22944" freebytes="3131136" totalbytes="3222912" percent="97" regionsoverflowed="0" regionsstable="0" regionsrebuilding="16"/>
  </mem-info>
</gc-start>
<gc-end id="1714" type="global mark phase" contextid="1669" durationms="0.202" usertimems="0.000" systemtimems="0.000" timestamp="2019-07-07T05:36:17.589" activeThreads="1">
  <mem-info id="1715" free="34603008" total="80740352" percent="42">
    <remembered-set count="22944" freebytes="3131136" totalbytes="3222912" percent="97" regionsoverflowed="0" regionsstable="0" regionsrebuilding="16"/>
  </mem-info>
</gc-end>
<concurrent-start id="1716" type="GMP work packet processing" contextid="1669" timestamp="2019-07-07T05:36:17.589">
  <concurrent-mark-start scanTarget="1048576" />
</concurrent-start>
<exclusive-end id="1717" timestamp="2019-07-07T05:36:17.589" durationms="0.957" />

<concurrent-end id="1718" type="GMP work packet processing" contextid="1669" timestamp="2019-07-07T05:36:17.590">
  <concurrent-mark-end bytesScanned="1090356" reasonForTermination="Work target met" />
</concurrent-end>

<exclusive-start id="1719" timestamp="2019-07-07T05:36:17.601" intervalms="12.455">
  <response-info timems="0.076" idlems="0.076" threads="0" lastid="000000000096B700" lastname="main" />
</exclusive-start>
<allocation-taxation id="1720" taxation-threshold="13631488" timestamp="2019-07-07T05:36:17.601" intervalms="12.452" />
<cycle-start id="1721" type="partial gc" contextid="0" timestamp="2019-07-07T05:36:17.601" intervalms="30.682" />
<gc-start id="1722" type="partial gc" contextid="1721" timestamp="2019-07-07T05:36:17.601">
  <mem-info id="1723" free="20971520" total="80740352" percent="25">
    <mem type="eden" free="1048288" total="28311552" percent="3" />
    <remembered-set count="31232" freebytes="3097984" totalbytes="3222912" percent="96" regionsoverflowed="0" regionsstable="0" regionsrebuilding="16"/>
  </mem-info>
</gc-start>
<allocation-stats totalBytes="27243168" >
  <allocated-bytes non-tlh="0" tlh="27243168" arrayletleaf="0"/>
  <largest-consumer threadName="main" threadId="000000000096B700" bytes="13621584" />
</allocation-stats>
<gc-op id="1724" type="copy forward" timems="2.951" contextid="1721" timestamp="2019-07-07T05:36:17.605">
  <memory-copied type="eden" objects="4" bytes="288" bytesdiscarded="0" />
  <memory-copied type="other" objects="7" bytes="160" bytesdiscarded="0" />
  <memory-cardclean objects="31" bytes="1280" />
  <regions eden="26" other="2" />
  <remembered-set-cleared processed="29011" cleared="17" durationms="0.173" />
  <stringconstants candidates="13767" cleared="0"  />
</gc-op>
<gc-op id="1725" type="classunload" timems="0.003" contextid="1721" timestamp="2019-07-07T05:36:17.605">
  <classunload-info classloadercandidates="54" classloadersunloaded="0" classesunloaded="0" anonymousclassesunloaded="0" quiescems="0.000" setupms="0.003" scanms="0.000" postms="0.000" />
</gc-op>
<heap-resize id="1726" type="expand" space="default" amount="1048576" count="1" timems="0.055" reason="excessive time being spent in gc" timestamp="2019-07-07T05:36:17.605" />
<gc-end id="1727" type="partial gc" contextid="1721" durationms="4.225" usertimems="8.000" systemtimems="0.000" timestamp="2019-07-07T05:36:17.606" activeThreads="4">
  <mem-info id="1728" free="49283072" total="81788928" percent="60">
    <mem type="eden" free="1048288" total="1048576" percent="99" />
    <remembered-set count="31424" freebytes="3139072" totalbytes="3264768" percent="96" regionsoverflowed="0" regionsstable="0" regionsrebuilding="16"/>
  </mem-info>
</gc-end>
<cycle-end id="1729" type="partial gc" contextid="1721" timestamp="2019-07-07T05:36:17.606" />
  <attribute name="elasticGC enabled" value="1" />
  <attribute name= "numThreadsSpecified" value="4" />
  <attribute name="heapSize specified" value="0" />
  <attribute name="Current GC Util" value="155" />
  <attribute name= "Current Time Running" value="18297" />
  <attribute name ="GC Interval" value="0" />
  <attribute name="ProportionalT" value="67.500000" />
  <attribute name="ProportionalI" value="67.500000" />
  <attribute name="ProportionalH" value="67.500000" />
  <attribute name="Current Error" value="135.000000" />
  <attribute name="IntegralT" value="67.500000" />
  <attribute name="IntegralI" value="67.500000" />
  <attribute name="IntegralH" value="67.500000" />
  <attribute name="DerivativeT" value="132.000000" />
  <attribute name="DerivativeI" value="132.000000" />
  <attribute name="DerivativeH" value="132.000000" />
  <attribute name="Loop Time for DT" value="1.000000" />
  <attribute name="Output H" value="8388608"/>
  <attribute name="Output I" value="272"/>
  <attribute name="Output T" value="4"/>
  <attribute name="Target GC Util Change" value ="20.000000" />
  <attribute name="Current GC Util Change" value="155.000000"/>
  <attribute name="GC Util currently" value="155" />
  <attribute name="CPU Util currently" value="13696883806163" />
<exclusive-end id="1730" timestamp="2019-07-07T05:36:17.606" durationms="5.230" />

<exclusive-start id="1731" timestamp="2019-07-07T05:36:17.617" intervalms="16.725">
  <response-info timems="0.075" idlems="0.075" threads="0" lastid="000000000096B700" lastname="main" />
</exclusive-start>
<allocation-taxation id="1732" taxation-threshold="13631488" timestamp="2019-07-07T05:36:17.618" intervalms="16.698" />
<gc-start id="1733" type="global mark phase" contextid="1669" timestamp="2019-07-07T05:36:17.618">
  <mem-info id="1734" free="35651584" total="81788928" percent="43">
    <remembered-set count="31424" freebytes="3139072" totalbytes="3264768" percent="96" regionsoverflowed="0" regionsstable="0" regionsrebuilding="16"/>
  </mem-info>
</gc-start>
<gc-end id="1735" type="global mark phase" contextid="1669" durationms="0.126" usertimems="0.000" systemtimems="0.000" timestamp="2019-07-07T05:36:17.618" activeThreads="4">
  <mem-info id="1736" free="35651584" total="81788928" percent="43">
    <remembered-set count="31424" freebytes="3139072" totalbytes="3264768" percent="96" regionsoverflowed="0" regionsstable="0" regionsrebuilding="16"/>
  </mem-info>
</gc-end>
<concurrent-start id="1737" type="GMP work packet processing" contextid="1669" timestamp="2019-07-07T05:36:17.618">
  <concurrent-mark-start scanTarget="1758566" />
</concurrent-start>
<exclusive-end id="1738" timestamp="2019-07-07T05:36:17.618" durationms="0.812" />

<concurrent-end id="1739" type="GMP work packet processing" contextid="1669" timestamp="2019-07-07T05:36:17.620">
  <concurrent-mark-end bytesScanned="1810312" reasonForTermination="Work target met" />
</concurrent-end>

<exclusive-start id="1740" timestamp="2019-07-07T05:36:17.723" intervalms="105.900">
  <response-info timems="0.032" idlems="0.032" threads="0" lastid="000000000096B700" lastname="main" />
</exclusive-start>
<allocation-taxation id="1741" taxation-threshold="13631488" timestamp="2019-07-07T05:36:17.724" intervalms="105.915" />
<cycle-start id="1742" type="partial gc" contextid="0" timestamp="2019-07-07T05:36:17.724" intervalms="122.629" />
<gc-start id="1743" type="partial gc" contextid="1742" timestamp="2019-07-07T05:36:17.724">
  <mem-info id="1744" free="22020096" total="81788928" percent="26">
    <mem type="eden" free="1048288" total="28311552" percent="3" />
    <remembered-set count="49376" freebytes="3067264" totalbytes="3264768" percent="93" regionsoverflowed="0" regionsstable="0" regionsrebuilding="16"/>
  </mem-info>
</gc-start>
<allocation-stats totalBytes="27233520" >
  <allocated-bytes non-tlh="25864" tlh="27207656" arrayletleaf="0"/>
  <largest-consumer threadName="main" threadId="000000000096B700" bytes="13611936" />
</allocation-stats>
<gc-op id="1745" type="copy forward" timems="1.783" contextid="1742" timestamp="2019-07-07T05:36:17.727">
  <memory-copied type="eden" objects="1342" bytes="101128" bytesdiscarded="0" />
  <memory-copied type="other" objects="22" bytes="632" bytesdiscarded="0" />
  <memory-cardclean objects="347" bytes="25344" />
  <regions eden="26" other="2" />
  <remembered-set-cleared processed="47015" cleared="100" durationms="0.402" />
  <references type="soft" candidates="9" cleared="0" enqueued="0" dynamicThreshold="13" maxThreshold="32" />
  <references type="weak" candidates="76" cleared="0" enqueued="0" />
  <stringconstants candidates="13809" cleared="0"  />
</gc-op>
<gc-op id="1746" type="classunload" timems="0.004" contextid="1742" timestamp="2019-07-07T05:36:17.727">
  <classunload-info classloadercandidates="54" classloadersunloaded="0" classesunloaded="0" anonymousclassesunloaded="0" quiescems="0.000" setupms="0.004" scanms="0.000" postms="0.000" />
</gc-op>
<gc-end id="1747" type="partial gc" contextid="1742" durationms="2.871" usertimems="4.000" systemtimems="0.000" timestamp="2019-07-07T05:36:17.727" activeThreads="1">
  <mem-info id="1748" free="49283072" total="81788928" percent="60">
    <mem type="eden" free="947408" total="1048576" percent="90" />
    <remembered-set count="49536" freebytes="3066624" totalbytes="3264768" percent="93" regionsoverflowed="0" regionsstable="0" regionsrebuilding="16"/>
  </mem-info>
</gc-end>
<cycle-end id="1749" type="partial gc" contextid="1742" timestamp="2019-07-07T05:36:17.727" />
  <attribute name="elasticGC enabled" value="1" />
  <attribute name= "numThreadsSpecified" value="1" />
  <attribute name="heapSize specified" value="0" />
  <attribute name="Current GC Util" value="59" />
  <attribute name= "Current Time Running" value="18419" />
  <attribute name ="GC Interval" value="0" />
  <attribute name="ProportionalT" value="19.500000" />
  <attribute name="ProportionalI" value="19.500000" />
  <attribute name="ProportionalH" value="19.500000" />
  <attribute name="Current Error" value="39.000000" />
  <attribute name="IntegralT" value="0.000000" />
  <attribute name="IntegralI" value="0.000000" />
  <attribute name="IntegralH" value="0.000000" />
  <attribute name="DerivativeT" value="inf" />
  <attribute name="DerivativeI" value="inf" />
  <attribute name="DerivativeH" value="inf" />
  <attribute name="Loop Time for DT" value="0.000000" />
  <attribute name="Output H" value="8388608"/>
  <attribute name="Output I" value="200"/>
  <attribute name="Output T" value="1"/>
  <attribute name="Target GC Util Change" value ="20.000000" />
  <attribute name="Current GC Util Change" value="59.000000"/>
  <attribute name="GC Util currently" value="59" />
  <attribute name="CPU Util currently" value="19935960184536" />
<exclusive-end id="1750" timestamp="2019-07-07T05:36:17.727" durationms="3.947" />

<exclusive-start id="1751" timestamp="2019-07-07T05:36:17.759" intervalms="35.297">
  <response-info timems="0.225" idlems="0.225" threads="0" lastid="000000000096B700" lastname="main" />
</exclusive-start>
<allocation-taxation id="1752" taxation-threshold="13631488" timestamp="2019-07-07T05:36:17.759" intervalms="35.280" />
<gc-start id="1753" type="global mark phase" contextid="1669" timestamp="2019-07-07T05:36:17.759">
  <mem-info id="1754" free="35651584" total="81788928" percent="43">
    <remembered-set count="49376" freebytes="3067264" totalbytes="3264768" percent="93" regionsoverflowed="0" regionsstable="0" regionsrebuilding="16"/>
  </mem-info>
</gc-start>
<gc-end id="1755" type="global mark phase" contextid="1669" durationms="0.100" usertimems="0.000" systemtimems="0.000" timestamp="2019-07-07T05:36:17.759" activeThreads="1">
  <mem-info id="1756" free="35651584" total="81788928" percent="43">
    <remembered-set count="49376" freebytes="3067264" totalbytes="3264768" percent="93" regionsoverflowed="0" regionsstable="0" regionsrebuilding="16"/>
  </mem-info>
</gc-end>
<concurrent-start id="1757" type="GMP work packet processing" contextid="1669" timestamp="2019-07-07T05:36:17.759">
  <concurrent-mark-start scanTarget="1048576" />
</concurrent-start>
<exclusive-end id="1758" timestamp="2019-07-07T05:36:17.759" durationms="0.724" />

<concurrent-end id="1759" type="GMP work packet processing" contextid="1669" timestamp="2019-07-07T05:36:17.760">
  <concurrent-mark-end bytesScanned="1083384" reasonForTermination="Work target met" />
</concurrent-end>

<exclusive-start id="1760" timestamp="2019-07-07T05:36:17.788" intervalms="29.261">
  <response-info timems="0.061" idlems="0.061" threads="0" lastid="000000000096B700" lastname="main" />
</exclusive-start>
<allocation-taxation id="1761" taxation-threshold="13631488" timestamp="2019-07-07T05:36:17.788" intervalms="29.285" />
<cycle-start id="1762" type="partial gc" contextid="0" timestamp="2019-07-07T05:36:17.788" intervalms="64.545" />
<gc-start id="1763" type="partial gc" contextid="1762" timestamp="2019-07-07T05:36:17.789">
  <mem-info id="1764" free="22020096" total="81788928" percent="26">
    <mem type="eden" free="0" total="27262976" percent="0" />
    <remembered-set count="59104" freebytes="3028352" totalbytes="3264768" percent="92" regionsoverflowed="0" regionsstable="0" regionsrebuilding="16"/>
  </mem-info>
</gc-start>
<allocation-stats totalBytes="27217488" >
  <allocated-bytes non-tlh="0" tlh="27217488" arrayletleaf="0"/>
  <largest-consumer threadName="main" threadId="000000000096B700" bytes="13609656" />
</allocation-stats>
<gc-op id="1765" type="copy forward" timems="1.634" contextid="1762" timestamp="2019-07-07T05:36:17.791">
  <memory-copied type="eden" objects="2" bytes="2048" bytesdiscarded="0" />
  <memory-copied type="other" objects="1371" bytes="101800" bytesdiscarded="13352" />
  <memory-cardclean objects="150" bytes="18408" />
  <regions eden="26" other="2" />
  <remembered-set-cleared processed="56494" cleared="229" durationms="0.236" />
  <references type="soft" candidates="9" cleared="0" enqueued="0" dynamicThreshold="13" maxThreshold="32" />
  <references type="weak" candidates="64" cleared="0" enqueued="0" />
  <stringconstants candidates="13809" cleared="0"  />
</gc-op>
<gc-op id="1766" type="classunload" timems="0.006" contextid="1762" timestamp="2019-07-07T05:36:17.791">
  <classunload-info classloadercandidates="54" classloadersunloaded="0" classesunloaded="0" anonymousclassesunloaded="0" quiescems="0.000" setupms="0.006" scanms="0.000" postms="0.000" />
</gc-op>
<heap-resize id="1767" type="contract" space="default" amount="4194304" count="1" timems="0.129" reason="insufficient time being spent in gc" timestamp="2019-07-07T05:36:17.791" />
<gc-end id="1768" type="partial gc" contextid="1762" durationms="2.802" usertimems="4.000" systemtimems="4.000" timestamp="2019-07-07T05:36:17.791" activeThreads="4">
  <mem-info id="1769" free="44040192" total="77594624" percent="56">
    <mem type="eden" free="1046528" total="1048576" percent="99" />
    <remembered-set count="59776" freebytes="3025664" totalbytes="3264768" percent="92" regionsoverflowed="0" regionsstable="0" regionsrebuilding="16"/>
  </mem-info>
</gc-end>
<cycle-end id="1770" type="partial gc" contextid="1762" timestamp="2019-07-07T05:36:17.791" />
  <attribute name="elasticGC enabled" value="1" />
  <attribute name= "numThreadsSpecified" value="4" />
  <attribute name="heapSize specified" value="0" />
  <attribute name="Current GC Util" value="52" />
  <attribute name= "Current Time Running" value="18484" />
  <attribute name ="GC Interval" value="0" />
  <attribute name="ProportionalT" value="16.000000" />
  <attribute name="ProportionalI" value="16.000000" />
  <attribute name="ProportionalH" value="16.000000" />
  <attribute name="Current Error" value="32.000000" />
  <attribute name="IntegralT" value="16.000000" />
  <attribute name="IntegralI" value="16.000000" />
  <attribute name="IntegralH" value="16.000000" />
  <attribute name="DerivativeT" value="32.000000" />
  <attribute name="DerivativeI" value="32.000000" />
  <attribute name="DerivativeH" value="32.000000" />
  <attribute name="Loop Time for DT" value="1.000000" />
  <attribute name="Output H" value="8388608"/>
  <attribute name="Output I" value="200"/>
  <attribute name="Output T" value="4"/>
  <attribute name="Target GC Util Change" value ="20.000000" />
  <attribute name="Current GC Util Change" value="52.000000"/>
  <attribute name="GC Util currently" value="52" />
  <attribute name="CPU Util currently" value="20221282856671" />
<exclusive-end id="1771" timestamp="2019-07-07T05:36:17.792" durationms="3.726" />

<exclusive-start id="1772" timestamp="2019-07-07T05:36:17.816" intervalms="28.065">
  <response-info timems="0.052" idlems="0.052" threads="0" lastid="000000000096B700" lastname="main" />
</exclusive-start>
<allocation-taxation id="1773" taxation-threshold="12582912" timestamp="2019-07-07T05:36:17.816" intervalms="28.110" />
<gc-start id="1774" type="global mark phase" contextid="1669" timestamp="2019-07-07T05:36:17.816">
  <mem-info id="1775" free="31457280" total="77594624" percent="40">
    <remembered-set count="59488" freebytes="3026816" totalbytes="3264768" percent="92" regionsoverflowed="0" regionsstable="0" regionsrebuilding="16"/>
  </mem-info>
</gc-start>
<gc-end id="1776" type="global mark phase" contextid="1669" durationms="0.142" usertimems="0.000" systemtimems="0.000" timestamp="2019-07-07T05:36:17.817" activeThreads="4">
  <mem-info id="1777" free="31457280" total="77594624" percent="40">
    <remembered-set count="59488" freebytes="3026816" totalbytes="3264768" percent="92" regionsoverflowed="0" regionsstable="0" regionsrebuilding="16"/>
  </mem-info>
</gc-end>
<concurrent-start id="1778" type="GMP work packet processing" contextid="1669" timestamp="2019-07-07T05:36:17.817">
  <concurrent-mark-start scanTarget="1758566" />
</concurrent-start>
<exclusive-end id="1779" timestamp="2019-07-07T05:36:17.817" durationms="1.051" />

<concurrent-end id="1780" type="GMP work packet processing" contextid="1669" timestamp="2019-07-07T05:36:17.820">
  <concurrent-mark-end bytesScanned="1785944" reasonForTermination="Work target met" />
</concurrent-end>

<exclusive-start id="1781" timestamp="2019-07-07T05:36:17.844" intervalms="28.369">
  <response-info timems="0.050" idlems="0.050" threads="0" lastid="000000000096B700" lastname="main" />
</exclusive-start>
<allocation-taxation id="1782" taxation-threshold="12582912" timestamp="2019-07-07T05:36:17.845" intervalms="28.289" />
<cycle-start id="1783" type="partial gc" contextid="0" timestamp="2019-07-07T05:36:17.845" intervalms="56.411" />
<gc-start id="1784" type="partial gc" contextid="1783" timestamp="2019-07-07T05:36:17.845">
  <mem-info id="1785" free="18874368" total="77594624" percent="24">
    <mem type="eden" free="1046528" total="26214400" percent="3" />
    <remembered-set count="73056" freebytes="2972544" totalbytes="3264768" percent="91" regionsoverflowed="0" regionsstable="0" regionsrebuilding="16"/>
  </mem-info>
</gc-start>
<allocation-stats totalBytes="25120648" >
  <allocated-bytes non-tlh="0" tlh="25120648" arrayletleaf="0"/>
  <largest-consumer threadName="main" threadId="000000000096B700" bytes="12560144" />
</allocation-stats>
<gc-op id="1786" type="copy forward" timems="6.942" contextid="1783" timestamp="2019-07-07T05:36:17.853">
  <memory-copied type="eden" objects="3" bytes="4064" bytesdiscarded="0" />
  <memory-copied type="other" objects="7" bytes="160" bytesdiscarded="0" />
  <memory-cardclean objects="111385" bytes="3511512" />
  <regions eden="24" other="2" />
  <remembered-set-cleared processed="37117" cleared="8180" durationms="0.501" />
  <stringconstants candidates="13809" cleared="0"  />
</gc-op>
<gc-op id="1787" type="classunload" timems="0.009" contextid="1783" timestamp="2019-07-07T05:36:17.853">
  <classunload-info classloadercandidates="54" classloadersunloaded="0" classesunloaded="0" anonymousclassesunloaded="0" quiescems="0.000" setupms="0.009" scanms="0.000" postms="0.000" />
</gc-op>
<gc-end id="1788" type="partial gc" contextid="1783" durationms="8.341" usertimems="16.000" systemtimems="0.000" timestamp="2019-07-07T05:36:17.853" activeThreads="1">
  <mem-info id="1789" free="44040192" total="77594624" percent="56">
    <mem type="eden" free="1044512" total="1048576" percent="99" />
    <remembered-set count="44640" freebytes="2918784" totalbytes="3097344" percent="94" regionsoverflowed="0" regionsstable="0" regionsrebuilding="16"/>
  </mem-info>
</gc-end>
<cycle-end id="1790" type="partial gc" contextid="1783" timestamp="2019-07-07T05:36:17.854" />
  <attribute name="elasticGC enabled" value="1" />
  <attribute name= "numThreadsSpecified" value="1" />
  <attribute name="heapSize specified" value="0" />
  <attribute name="Current GC Util" value="62" />
  <attribute name= "Current Time Running" value="18540" />
  <attribute name ="GC Interval" value="0" />
  <attribute name="ProportionalT" value="21.000000" />
  <attribute name="ProportionalI" value="21.000000" />
  <attribute name="ProportionalH" value="21.000000" />
  <attribute name="Current Error" value="42.000000" />
  <attribute name="IntegralT" value="0.000000" />
  <attribute name="IntegralI" value="0.000000" />
  <attribute name="IntegralH" value="0.000000" />
  <attribute name="DerivativeT" value="inf" />
  <attribute name="DerivativeI" value="inf" />
  <attribute name="DerivativeH" value="inf" />
  <attribute name="Loop Time for DT" value="0.000000" />
  <attribute name="Output H" value="8388608"/>
  <attribute name="Output I" value="200"/>
  <attribute name="Output T" value="1"/>
  <attribute name="Target GC Util Change" value ="20.000000" />
  <attribute name="Current GC Util Change" value="62.000000"/>
  <attribute name="GC Util currently" value="62" />
  <attribute name="CPU Util currently" value="8725792393347" />
<exclusive-end id="1791" timestamp="2019-07-07T05:36:17.854" durationms="9.421" />

<exclusive-start id="1792" timestamp="2019-07-07T05:36:17.957" intervalms="112.752">
  <response-info timems="0.040" idlems="0.040" threads="0" lastid="000000000096B700" lastname="main" />
</exclusive-start>
<allocation-taxation id="1793" taxation-threshold="12582912" timestamp="2019-07-07T05:36:17.957" intervalms="112.762" />
<gc-start id="1794" type="global mark phase" contextid="1669" timestamp="2019-07-07T05:36:17.957">
  <mem-info id="1795" free="31457280" total="77594624" percent="40">
    <remembered-set count="44544" freebytes="2919168" totalbytes="3097344" percent="94" regionsoverflowed="0" regionsstable="0" regionsrebuilding="16"/>
  </mem-info>
</gc-start>
<gc-end id="1796" type="global mark phase" contextid="1669" durationms="0.114" usertimems="0.000" systemtimems="0.000" timestamp="2019-07-07T05:36:17.958" activeThreads="1">
  <mem-info id="1797" free="31457280" total="77594624" percent="40">
    <remembered-set count="44544" freebytes="2919168" totalbytes="3097344" percent="94" regionsoverflowed="0" regionsstable="0" regionsrebuilding="16"/>
  </mem-info>
</gc-end>
<concurrent-start id="1798" type="GMP work packet processing" contextid="1669" timestamp="2019-07-07T05:36:17.958">
  <concurrent-mark-start scanTarget="1048576" />
</concurrent-start>
<exclusive-end id="1799" timestamp="2019-07-07T05:36:17.958" durationms="0.942" />

<concurrent-end id="1800" type="GMP work packet processing" contextid="1669" timestamp="2019-07-07T05:36:17.959">
  <concurrent-mark-end bytesScanned="1100892" reasonForTermination="Work target met" />
</concurrent-end>

<exclusive-start id="1801" timestamp="2019-07-07T05:36:18.058" intervalms="100.942">
  <response-info timems="0.138" idlems="0.138" threads="0" lastid="000000000096B700" lastname="main" />
</exclusive-start>
<allocation-taxation id="1802" taxation-threshold="12582912" timestamp="2019-07-07T05:36:18.058" intervalms="100.948" />
<cycle-start id="1803" type="partial gc" contextid="0" timestamp="2019-07-07T05:36:18.058" intervalms="213.704" />
<gc-start id="1804" type="partial gc" contextid="1803" timestamp="2019-07-07T05:36:18.059">
  <mem-info id="1805" free="18874368" total="77594624" percent="24">
    <mem type="eden" free="1044512" total="26214400" percent="3" />
    <remembered-set count="54848" freebytes="2877952" totalbytes="3097344" percent="92" regionsoverflowed="0" regionsstable="0" regionsrebuilding="16"/>
  </mem-info>
</gc-start>
<allocation-stats totalBytes="25152608" >
  <allocated-bytes non-tlh="0" tlh="25152608" arrayletleaf="0"/>
  <largest-consumer threadName="main" threadId="000000000096B700" bytes="12581744" />
</allocation-stats>
<gc-op id="1806" type="copy forward" timems="1.408" contextid="1803" timestamp="2019-07-07T05:36:18.061">
  <memory-copied type="eden" objects="45" bytes="1384" bytesdiscarded="192" />
  <memory-copied type="other" objects="37" bytes="968" bytesdiscarded="1048" />
  <memory-cardclean objects="140" bytes="13704" />
  <regions eden="24" other="2" />
  <remembered-set-cleared processed="53082" cleared="86" durationms="0.205" />
  <references type="weak" candidates="22" cleared="0" enqueued="0" />
  <stringconstants candidates="13809" cleared="0"  />
</gc-op>
<gc-op id="1807" type="classunload" timems="0.005" contextid="1803" timestamp="2019-07-07T05:36:18.061">
  <classunload-info classloadercandidates="54" classloadersunloaded="0" classesunloaded="0" anonymousclassesunloaded="0" quiescems="0.000" setupms="0.005" scanms="0.000" postms="0.000" />
</gc-op>
<heap-resize id="1808" type="contract" space="default" amount="4194304" count="1" timems="0.297" reason="insufficient time being spent in gc" timestamp="2019-07-07T05:36:18.061" />
<gc-end id="1809" type="partial gc" contextid="1803" durationms="2.680" usertimems="4.000" systemtimems="4.000" timestamp="2019-07-07T05:36:18.061" activeThreads="4">
  <mem-info id="1810" free="39845888" total="73400320" percent="54">
    <mem type="eden" free="1047000" total="1048576" percent="99" />
    <remembered-set count="55968" freebytes="2873472" totalbytes="3097344" percent="92" regionsoverflowed="0" regionsstable="0" regionsrebuilding="16"/>
  </mem-info>
</gc-end>
<cycle-end id="1811" type="partial gc" contextid="1803" timestamp="2019-07-07T05:36:18.061" />
  <attribute name="elasticGC enabled" value="1" />
  <attribute name= "numThreadsSpecified" value="4" />
  <attribute name="heapSize specified" value="0" />
  <attribute name="Current GC Util" value="58" />
  <attribute name= "Current Time Running" value="18754" />
  <attribute name ="GC Interval" value="0" />
  <attribute name="ProportionalT" value="19.000000" />
  <attribute name="ProportionalI" value="19.000000" />
  <attribute name="ProportionalH" value="19.000000" />
  <attribute name="Current Error" value="38.000000" />
  <attribute name="IntegralT" value="19.000000" />
  <attribute name="IntegralI" value="19.000000" />
  <attribute name="IntegralH" value="19.000000" />
  <attribute name="DerivativeT" value="38.000000" />
  <attribute name="DerivativeI" value="38.000000" />
  <attribute name="DerivativeH" value="38.000000" />
  <attribute name="Loop Time for DT" value="1.000000" />
  <attribute name="Output H" value="8388608"/>
  <attribute name="Output I" value="200"/>
  <attribute name="Output T" value="4"/>
  <attribute name="Target GC Util Change" value ="20.000000" />
  <attribute name="Current GC Util Change" value="58.000000"/>
  <attribute name="GC Util currently" value="58" />
  <attribute name="CPU Util currently" value="21832946650213" />
<exclusive-end id="1812" timestamp="2019-07-07T05:36:18.062" durationms="3.545" />

<exclusive-start id="1813" timestamp="2019-07-07T05:36:18.214" intervalms="156.389">
  <response-info timems="0.031" idlems="0.031" threads="0" lastid="000000000096B700" lastname="main" />
</exclusive-start>
<allocation-taxation id="1814" taxation-threshold="12582912" timestamp="2019-07-07T05:36:18.215" intervalms="156.391" />
<gc-start id="1815" type="global mark phase" contextid="1669" timestamp="2019-07-07T05:36:18.215">
  <mem-info id="1816" free="27262976" total="73400320" percent="37">
    <remembered-set count="55712" freebytes="2874496" totalbytes="3097344" percent="92" regionsoverflowed="0" regionsstable="0" regionsrebuilding="16"/>
  </mem-info>
</gc-start>
<gc-end id="1817" type="global mark phase" contextid="1669" durationms="0.119" usertimems="0.000" systemtimems="0.000" timestamp="2019-07-07T05:36:18.215" activeThreads="4">
  <mem-info id="1818" free="27262976" total="73400320" percent="37">
    <remembered-set count="55712" freebytes="2874496" totalbytes="3097344" percent="92" regionsoverflowed="0" regionsstable="0" regionsrebuilding="16"/>
  </mem-info>
</gc-end>
<concurrent-start id="1819" type="GMP work packet processing" contextid="1669" timestamp="2019-07-07T05:36:18.215">
  <concurrent-mark-start scanTarget="1758566" />
</concurrent-start>
<exclusive-end id="1820" timestamp="2019-07-07T05:36:18.215" durationms="0.871" />

<concurrent-end id="1821" type="GMP work packet processing" contextid="1669" timestamp="2019-07-07T05:36:18.216">
  <concurrent-mark-end bytesScanned="1796840" reasonForTermination="Work target met" />
</concurrent-end>

<exclusive-start id="1822" timestamp="2019-07-07T05:36:18.271" intervalms="56.665">
  <response-info timems="0.059" idlems="0.059" threads="0" lastid="000000000096B700" lastname="main" />
</exclusive-start>
<allocation-taxation id="1823" taxation-threshold="12582912" timestamp="2019-07-07T05:36:18.271" intervalms="56.665" />
<cycle-start id="1824" type="partial gc" contextid="0" timestamp="2019-07-07T05:36:18.271" intervalms="213.018" />
<gc-start id="1825" type="partial gc" contextid="1824" timestamp="2019-07-07T05:36:18.272">
  <mem-info id="1826" free="14680064" total="73400320" percent="20">
    <mem type="eden" free="0" total="25165824" percent="0" />
    <remembered-set count="75456" freebytes="2795520" totalbytes="3097344" percent="90" regionsoverflowed="0" regionsstable="0" regionsrebuilding="16"/>
  </mem-info>
</gc-start>
<allocation-stats totalBytes="25161480" >
  <allocated-bytes non-tlh="0" tlh="25161480" arrayletleaf="0"/>
  <largest-consumer threadName="main" threadId="000000000096B700" bytes="12580760" />
</allocation-stats>
<gc-op id="1827" type="copy forward" timems="7.684" contextid="1824" timestamp="2019-07-07T05:36:18.280">
  <memory-copied type="eden" objects="43" bytes="1464" bytesdiscarded="0" />
  <memory-copied type="other" objects="26" bytes="760" bytesdiscarded="0" />
  <memory-cardclean objects="96381" bytes="3378304" />
  <regions eden="24" other="1" />
  <remembered-set-cleared processed="59714" cleared="14289" durationms="0.713" />
  <references type="weak" candidates="34" cleared="0" enqueued="0" />
  <stringconstants candidates="13809" cleared="0"  />
</gc-op>
<gc-op id="1828" type="classunload" timems="0.005" contextid="1824" timestamp="2019-07-07T05:36:18.281">
  <classunload-info classloadercandidates="54" classloadersunloaded="0" classesunloaded="0" anonymousclassesunloaded="0" quiescems="0.000" setupms="0.005" scanms="0.000" postms="0.000" />
</gc-op>
<heap-resize id="1829" type="contract" space="default" amount="4194304" count="1" timems="0.303" reason="insufficient time being spent in gc" timestamp="2019-07-07T05:36:18.281" />
<gc-end id="1830" type="partial gc" contextid="1824" durationms="9.539" usertimems="20.000" systemtimems="0.000" timestamp="2019-07-07T05:36:18.281" activeThreads="1">
  <mem-info id="1831" free="34603008" total="69206016" percent="50">
    <mem type="eden" free="1047112" total="1048576" percent="99" />
    <remembered-set count="62464" freebytes="2680064" totalbytes="2929920" percent="91" regionsoverflowed="0" regionsstable="0" regionsrebuilding="16"/>
  </mem-info>
</gc-end>
<cycle-end id="1832" type="partial gc" contextid="1824" timestamp="2019-07-07T05:36:18.282" />
  <attribute name="elasticGC enabled" value="1" />
  <attribute name= "numThreadsSpecified" value="1" />
  <attribute name="heapSize specified" value="0" />
  <attribute name="Current GC Util" value="47" />
  <attribute name= "Current Time Running" value="18967" />
  <attribute name ="GC Interval" value="0" />
  <attribute name="ProportionalT" value="13.500000" />
  <attribute name="ProportionalI" value="13.500000" />
  <attribute name="ProportionalH" value="13.500000" />
  <attribute name="Current Error" value="27.000000" />
  <attribute name="IntegralT" value="0.000000" />
  <attribute name="IntegralI" value="0.000000" />
  <attribute name="IntegralH" value="0.000000" />
  <attribute name="DerivativeT" value="inf" />
  <attribute name="DerivativeI" value="inf" />
  <attribute name="DerivativeH" value="inf" />
  <attribute name="Loop Time for DT" value="0.000000" />
  <attribute name="Output H" value="8388608"/>
  <attribute name="Output I" value="200"/>
  <attribute name="Output T" value="1"/>
  <attribute name="Target GC Util Change" value ="20.000000" />
  <attribute name="Current GC Util Change" value="47.000000"/>
  <attribute name="GC Util currently" value="47" />
  <attribute name="CPU Util currently" value="10628208589278" />
<exclusive-end id="1833" timestamp="2019-07-07T05:36:18.282" durationms="10.718" />

<exclusive-start id="1834" timestamp="2019-07-07T05:36:18.309" intervalms="38.109">
  <response-info timems="0.059" idlems="0.059" threads="0" lastid="000000000096B700" lastname="main" />
</exclusive-start>
<allocation-taxation id="1835" taxation-threshold="11534336" timestamp="2019-07-07T05:36:18.310" intervalms="38.208" />
<gc-start id="1836" type="global mark phase" contextid="1669" timestamp="2019-07-07T05:36:18.310">
  <mem-info id="1837" free="23068672" total="69206016" percent="33">
    <remembered-set count="62432" freebytes="2680192" totalbytes="2929920" percent="91" regionsoverflowed="0" regionsstable="0" regionsrebuilding="16"/>
  </mem-info>
</gc-start>
<gc-end id="1838" type="global mark phase" contextid="1669" durationms="0.123" usertimems="0.000" systemtimems="0.000" timestamp="2019-07-07T05:36:18.310" activeThreads="1">
  <mem-info id="1839" free="23068672" total="69206016" percent="33">
    <remembered-set count="62432" freebytes="2680192" totalbytes="2929920" percent="91" regionsoverflowed="0" regionsstable="0" regionsrebuilding="16"/>
  </mem-info>
</gc-end>
<concurrent-start id="1840" type="GMP work packet processing" contextid="1669" timestamp="2019-07-07T05:36:18.310">
  <concurrent-mark-start scanTarget="1048576" />
</concurrent-start>
<exclusive-end id="1841" timestamp="2019-07-07T05:36:18.310" durationms="1.039" />

<concurrent-end id="1842" type="GMP work packet processing" contextid="1669" timestamp="2019-07-07T05:36:18.313">
  <concurrent-mark-end bytesScanned="1096024" reasonForTermination="Work target met" />
</concurrent-end>

<exclusive-start id="1843" timestamp="2019-07-07T05:36:18.333" intervalms="24.194">
  <response-info timems="0.061" idlems="0.061" threads="0" lastid="000000000096B700" lastname="main" />
</exclusive-start>
<allocation-taxation id="1844" taxation-threshold="11534336" timestamp="2019-07-07T05:36:18.334" intervalms="24.148" />
<cycle-start id="1845" type="partial gc" contextid="0" timestamp="2019-07-07T05:36:18.334" intervalms="62.431" />
<gc-start id="1846" type="partial gc" contextid="1845" timestamp="2019-07-07T05:36:18.334">
  <mem-info id="1847" free="11534336" total="69206016" percent="16">
    <mem type="eden" free="0" total="23068672" percent="0" />
    <remembered-set count="73184" freebytes="2637184" totalbytes="2929920" percent="90" regionsoverflowed="0" regionsstable="0" regionsrebuilding="16"/>
  </mem-info>
</gc-start>
<allocation-stats totalBytes="23064088" >
  <allocated-bytes non-tlh="0" tlh="23064088" arrayletleaf="0"/>
  <largest-consumer threadName="main" threadId="000000000096B700" bytes="11532064" />
</allocation-stats>
<gc-op id="1848" type="copy forward" timems="3.064" contextid="1845" timestamp="2019-07-07T05:36:18.338">
  <memory-copied type="eden" objects="6" bytes="264" bytesdiscarded="0" />
  <memory-copied type="other" objects="37" bytes="1200" bytesdiscarded="256" />
  <memory-cardclean objects="50548" bytes="1893920" />
  <regions eden="22" other="1" />
  <remembered-set-cleared processed="59137" cleared="8433" durationms="0.285" />
  <references type="weak" candidates="16" cleared="0" enqueued="0" />
  <stringconstants candidates="13809" cleared="0"  />
</gc-op>
<gc-op id="1849" type="classunload" timems="0.004" contextid="1845" timestamp="2019-07-07T05:36:18.338">
  <classunload-info classloadercandidates="54" classloadersunloaded="0" classesunloaded="0" anonymousclassesunloaded="0" quiescems="0.000" setupms="0.004" scanms="0.000" postms="0.000" />
</gc-op>
<gc-end id="1850" type="partial gc" contextid="1845" durationms="4.455" usertimems="4.000" systemtimems="4.000" timestamp="2019-07-07T05:36:18.339" activeThreads="4">
  <mem-info id="1851" free="33554432" total="69206016" percent="48">
    <mem type="eden" free="1048312" total="1048576" percent="99" />
    <remembered-set count="63392" freebytes="2508928" totalbytes="2762496" percent="90" regionsoverflowed="0" regionsstable="0" regionsrebuilding="16"/>
  </mem-info>
</gc-end>
<cycle-end id="1852" type="partial gc" contextid="1845" timestamp="2019-07-07T05:36:18.339" />
  <attribute name="elasticGC enabled" value="1" />
  <attribute name= "numThreadsSpecified" value="4" />
  <attribute name="heapSize specified" value="0" />
  <attribute name="Current GC Util" value="48" />
  <attribute name= "Current Time Running" value="19030" />
  <attribute name ="GC Interval" value="0" />
  <attribute name="ProportionalT" value="14.000000" />
  <attribute name="ProportionalI" value="14.000000" />
  <attribute name="ProportionalH" value="14.000000" />
  <attribute name="Current Error" value="28.000000" />
  <attribute name="IntegralT" value="14.000000" />
  <attribute name="IntegralI" value="14.000000" />
  <attribute name="IntegralH" value="14.000000" />
  <attribute name="DerivativeT" value="28.000000" />
  <attribute name="DerivativeI" value="28.000000" />
  <attribute name="DerivativeH" value="28.000000" />
  <attribute name="Loop Time for DT" value="1.000000" />
  <attribute name="Output H" value="8388608"/>
  <attribute name="Output I" value="200"/>
  <attribute name="Output T" value="4"/>
  <attribute name="Target GC Util Change" value ="20.000000" />
  <attribute name="Current GC Util Change" value="48.000000"/>
  <attribute name="GC Util currently" value="48" />
  <attribute name="CPU Util currently" value="10230458291561" />
<exclusive-end id="1853" timestamp="2019-07-07T05:36:18.339" durationms="5.717" />

<exclusive-start id="1854" timestamp="2019-07-07T05:36:18.361" intervalms="27.696">
  <response-info timems="0.103" idlems="0.103" threads="0" lastid="000000000096B700" lastname="main" />
</exclusive-start>
<allocation-taxation id="1855" taxation-threshold="11534336" timestamp="2019-07-07T05:36:18.361" intervalms="27.739" />
<gc-start id="1856" type="global mark phase" contextid="1669" timestamp="2019-07-07T05:36:18.362">
  <mem-info id="1857" free="22020096" total="69206016" percent="31">
    <remembered-set count="62912" freebytes="2510848" totalbytes="2762496" percent="90" regionsoverflowed="0" regionsstable="0" regionsrebuilding="16"/>
  </mem-info>
</gc-start>
<gc-end id="1858" type="global mark phase" contextid="1669" durationms="0.140" usertimems="0.000" systemtimems="0.000" timestamp="2019-07-07T05:36:18.362" activeThreads="4">
  <mem-info id="1859" free="22020096" total="69206016" percent="31">
    <remembered-set count="62912" freebytes="2510848" totalbytes="2762496" percent="90" regionsoverflowed="0" regionsstable="0" regionsrebuilding="16"/>
  </mem-info>
</gc-end>
<concurrent-start id="1860" type="GMP work packet processing" contextid="1669" timestamp="2019-07-07T05:36:18.362">
  <concurrent-mark-start scanTarget="1758566" />
</concurrent-start>
<exclusive-end id="1861" timestamp="2019-07-07T05:36:18.362" durationms="1.293" />

<concurrent-end id="1862" type="GMP work packet processing" contextid="1669" timestamp="2019-07-07T05:36:18.363">
  <concurrent-mark-end bytesScanned="849320" reasonForTermination="Completed all work in GC phase" />
</concurrent-end>

<exclusive-start id="1863" timestamp="2019-07-07T05:36:18.385" intervalms="23.861">
  <response-info timems="0.227" idlems="0.227" threads="0" lastid="000000000096B700" lastname="main" />
</exclusive-start>
<allocation-taxation id="1864" taxation-threshold="11534336" timestamp="2019-07-07T05:36:18.385" intervalms="23.836" />
<cycle-start id="1865" type="partial gc" contextid="0" timestamp="2019-07-07T05:36:18.385" intervalms="51.630" />
<gc-start id="1866" type="partial gc" contextid="1865" timestamp="2019-07-07T05:36:18.386">
  <mem-info id="1867" free="10485760" total="69206016" percent="15">
    <mem type="eden" free="1048312" total="24117248" percent="4" />
    <remembered-set count="70144" freebytes="2481920" totalbytes="2762496" percent="89" regionsoverflowed="0" regionsstable="0" regionsrebuilding="16"/>
  </mem-info>
</gc-start>
<allocation-stats totalBytes="23064048" >
  <allocated-bytes non-tlh="0" tlh="23064048" arrayletleaf="0"/>
  <largest-consumer threadName="main" threadId="000000000096B700" bytes="11532264" />
</allocation-stats>
<gc-op id="1868" type="copy forward" timems="1.651" contextid="1865" timestamp="2019-07-07T05:36:18.388">
  <memory-copied type="eden" objects="4" bytes="200" bytesdiscarded="0" />
  <memory-copied type="other" objects="0" bytes="0" bytesdiscarded="0" />
  <memory-cardclean objects="23" bytes="1064" />
  <regions eden="22" other="1" />
  <remembered-set-cleared processed="67608" cleared="23" durationms="0.568" />
  <stringconstants candidates="13809" cleared="0"  />
</gc-op>
<gc-op id="1869" type="classunload" timems="0.004" contextid="1865" timestamp="2019-07-07T05:36:18.389">
  <classunload-info classloadercandidates="54" classloadersunloaded="0" classesunloaded="0" anonymousclassesunloaded="0" quiescems="0.000" setupms="0.003" scanms="0.000" postms="0.000" />
</gc-op>
<gc-end id="1870" type="partial gc" contextid="1865" durationms="2.966" usertimems="0.000" systemtimems="0.000" timestamp="2019-07-07T05:36:18.389" activeThreads="1">
  <mem-info id="1871" free="33554432" total="69206016" percent="48">
    <mem type="eden" free="1048376" total="1048576" percent="99" />
    <remembered-set count="70560" freebytes="2480256" totalbytes="2762496" percent="89" regionsoverflowed="0" regionsstable="0" regionsrebuilding="16"/>
  </mem-info>
</gc-end>
<cycle-end id="1872" type="partial gc" contextid="1865" timestamp="2019-07-07T05:36:18.389" />
  <attribute name="elasticGC enabled" value="1" />
  <attribute name= "numThreadsSpecified" value="1" />
  <attribute name="heapSize specified" value="0" />
  <attribute name="Current GC Util" value="154" />
  <attribute name= "Current Time Running" value="19081" />
  <attribute name ="GC Interval" value="0" />
  <attribute name="ProportionalT" value="67.000000" />
  <attribute name="ProportionalI" value="67.000000" />
  <attribute name="ProportionalH" value="67.000000" />
  <attribute name="Current Error" value="134.000000" />
  <attribute name="IntegralT" value="0.000000" />
  <attribute name="IntegralI" value="0.000000" />
  <attribute name="IntegralH" value="0.000000" />
  <attribute name="DerivativeT" value="inf" />
  <attribute name="DerivativeI" value="inf" />
  <attribute name="DerivativeH" value="inf" />
  <attribute name="Loop Time for DT" value="0.000000" />
  <attribute name="Output H" value="8388608"/>
  <attribute name="Output I" value="200"/>
  <attribute name="Output T" value="1"/>
  <attribute name="Target GC Util Change" value ="20.000000" />
  <attribute name="Current GC Util Change" value="154.000000"/>
  <attribute name="GC Util currently" value="154" />
  <attribute name="CPU Util currently" value="12296648824777" />
<exclusive-end id="1873" timestamp="2019-07-07T05:36:18.389" durationms="4.302" />

<exclusive-start id="1874" timestamp="2019-07-07T05:36:18.412" intervalms="26.813">
  <response-info timems="0.081" idlems="0.081" threads="0" lastid="000000000096B700" lastname="main" />
</exclusive-start>
<allocation-taxation id="1875" taxation-threshold="11534336" timestamp="2019-07-07T05:36:18.412" intervalms="26.769" />
<gc-start id="1876" type="global mark phase" contextid="1669" timestamp="2019-07-07T05:36:18.412">
  <mem-info id="1877" free="22020096" total="69206016" percent="31">
    <remembered-set count="70080" freebytes="2482176" totalbytes="2762496" percent="89" regionsoverflowed="0" regionsstable="0" regionsrebuilding="16"/>
  </mem-info>
</gc-start>
<gc-op id="1878" type="mark increment" timems="5.544" contextid="1669" timestamp="2019-07-07T05:36:18.418">
  <trace-info objectcount="1141" scancount="703" scanbytes="363664" />
  <cardclean-info objects="264710" bytes="7109496" />
  <finalization candidates="80" enqueued="0" />
  <ownableSynchronizers candidates="21" cleared="0" />
  <references type="soft" candidates="4857" cleared="0" enqueued="0" dynamicThreshold="15" maxThreshold="32" />
  <references type="weak" candidates="5711" cleared="10" enqueued="7" />
  <references type="phantom" candidates="101" cleared="0" enqueued="0" />
  <stringconstants candidates="13809" cleared="0"  />
</gc-op>
<gc-op id="1879" type="classunload" timems="0.008" contextid="1669" timestamp="2019-07-07T05:36:18.418">
  <classunload-info classloadercandidates="54" classloadersunloaded="0" classesunloaded="0" anonymousclassesunloaded="0" quiescems="0.000" setupms="0.008" scanms="0.000" postms="0.000" />
</gc-op>
<gc-end id="1880" type="global mark phase" contextid="1669" durationms="6.102" usertimems="16.000" systemtimems="0.000" timestamp="2019-07-07T05:36:18.418" activeThreads="4">
  <mem-info id="1881" free="22020096" total="69206016" percent="31">
    <pending-finalizers system="0" default="0" reference="7" classloader="0" />
    <remembered-set count="99264" freebytes="2365440" totalbytes="2762496" percent="85" regionsoverflowed="0" regionsstable="0" regionsrebuilding="0"/>
  </mem-info>
</gc-end>
<cycle-end id="1882" type="global mark phase" contextid="1669" timestamp="2019-07-07T05:36:18.418" />
  <attribute name="elasticGC enabled" value="1" />
  <attribute name= "numThreadsSpecified" value="4" />
  <attribute name="heapSize specified" value="0" />
  <attribute name="Current GC Util" value="123" />
  <attribute name= "Current Time Running" value="19111" />
  <attribute name ="GC Interval" value="0" />
  <attribute name="ProportionalT" value="51.500000" />
  <attribute name="ProportionalI" value="51.500000" />
  <attribute name="ProportionalH" value="51.500000" />
  <attribute name="Current Error" value="103.000000" />
  <attribute name="IntegralT" value="0.000000" />
  <attribute name="IntegralI" value="0.000000" />
  <attribute name="IntegralH" value="0.000000" />
  <attribute name="DerivativeT" value="-inf" />
  <attribute name="DerivativeI" value="-inf" />
  <attribute name="DerivativeH" value="-inf" />
  <attribute name="Loop Time for DT" value="0.000000" />
  <attribute name="Output H" value="2091843584"/>
  <attribute name="Output I" value="200"/>
  <attribute name="Output T" value="4"/>
  <attribute name="Target GC Util Change" value ="20.000000" />
  <attribute name="Current GC Util Change" value="123.000000"/>
  <attribute name="GC Util currently" value="123" />
  <attribute name="CPU Util currently" value="17302949761044" />
<exclusive-end id="1883" timestamp="2019-07-07T05:36:18.419" durationms="6.824" />

<exclusive-start id="1884" timestamp="2019-07-07T05:36:18.441" intervalms="29.106">
  <response-info timems="0.097" idlems="0.097" threads="0" lastid="000000000096B700" lastname="main" />
</exclusive-start>
<allocation-taxation id="1885" taxation-threshold="11534336" timestamp="2019-07-07T05:36:18.441" intervalms="29.061" />
<cycle-start id="1886" type="partial gc" contextid="0" timestamp="2019-07-07T05:36:18.441" intervalms="55.774" />
<gc-start id="1887" type="partial gc" contextid="1886" timestamp="2019-07-07T05:36:18.442">
  <mem-info id="1888" free="10485760" total="69206016" percent="15">
    <mem type="eden" free="1048376" total="24117248" percent="4" />
    <remembered-set count="10592" freebytes="2720128" totalbytes="2762496" percent="98" regionsoverflowed="0" regionsstable="14" regionsrebuilding="0"/>
  </mem-info>
</gc-start>
<allocation-stats totalBytes="23064080" >
  <allocated-bytes non-tlh="0" tlh="23064080" arrayletleaf="0"/>
  <largest-consumer threadName="main" threadId="000000000096B700" bytes="11532440" />
</allocation-stats>
<gc-op id="1889" type="sweep" timems="0.682" contextid="1886" timestamp="2019-07-07T05:36:18.443" />
<gc-op id="1890" type="copy forward" timems="1.236" contextid="1886" timestamp="2019-07-07T05:36:18.445">
  <memory-copied type="eden" objects="5" bytes="240" bytesdiscarded="0" />
  <memory-copied type="other" objects="0" bytes="0" bytesdiscarded="0" />
  <memory-cardclean objects="31" bytes="1936" />
  <regions eden="11" other="1" />
  <remembered-set-cleared processed="8978" cleared="10" durationms="0.109" />
  <stringconstants candidates="13809" cleared="0"  />
</gc-op>
<gc-op id="1891" type="classunload" timems="0.004" contextid="1886" timestamp="2019-07-07T05:36:18.445">
  <classunload-info classloadercandidates="54" classloadersunloaded="0" classesunloaded="0" anonymousclassesunloaded="0" quiescems="0.000" setupms="0.004" scanms="0.000" postms="0.000" />
</gc-op>
<heap-resize id="1892" type="expand" space="default" amount="12582912" count="1" timems="0.084" reason="excessive time being spent in gc" timestamp="2019-07-07T05:36:18.445" />
<gc-end id="1893" type="partial gc" contextid="1886" durationms="3.549" usertimems="8.000" systemtimems="0.000" timestamp="2019-07-07T05:36:18.445" activeThreads="4">
  <mem-info id="1894" free="46137344" total="81788928" percent="56">
    <mem type="eden" free="1048336" total="1048576" percent="99" />
    <remembered-set count="10944" freebytes="3220992" totalbytes="3264768" percent="98" regionsoverflowed="0" regionsstable="14" regionsrebuilding="0"/>
  </mem-info>
</gc-end>
<cycle-end id="1895" type="partial gc" contextid="1886" timestamp="2019-07-07T05:36:18.445" />
  <attribute name="elasticGC enabled" value="1" />
  <attribute name= "numThreadsSpecified" value="4" />
  <attribute name="heapSize specified" value="0" />
  <attribute name="Current GC Util" value="50" />
  <attribute name= "Current Time Running" value="19138" />
  <attribute name ="GC Interval" value="0" />
  <attribute name="ProportionalT" value="15.000000" />
  <attribute name="ProportionalI" value="15.000000" />
  <attribute name="ProportionalH" value="15.000000" />
  <attribute name="Current Error" value="30.000000" />
  <attribute name="IntegralT" value="0.000000" />
  <attribute name="IntegralI" value="0.000000" />
  <attribute name="IntegralH" value="0.000000" />
  <attribute name="DerivativeT" value="-inf" />
  <attribute name="DerivativeI" value="-inf" />
  <attribute name="DerivativeH" value="-inf" />
  <attribute name="Loop Time for DT" value="0.000000" />
  <attribute name="Output H" value="2091843584"/>
  <attribute name="Output I" value="200"/>
  <attribute name="Output T" value="4"/>
  <attribute name="Target GC Util Change" value ="20.000000" />
  <attribute name="Current GC Util Change" value="50.000000"/>
  <attribute name="GC Util currently" value="50" />
  <attribute name="CPU Util currently" value="22106205152746" />
<exclusive-end id="1896" timestamp="2019-07-07T05:36:18.445" durationms="4.497" />

<exclusive-start id="1897" timestamp="2019-07-07T05:36:18.498" intervalms="57.179">
  <response-info timems="0.087" idlems="0.087" threads="0" lastid="000000000096B700" lastname="main" />
</exclusive-start>
<allocation-taxation id="1898" taxation-threshold="27262976" timestamp="2019-07-07T05:36:18.498" intervalms="57.289" />
<cycle-start id="1899" type="partial gc" contextid="0" timestamp="2019-07-07T05:36:18.499" intervalms="57.347" />
<gc-start id="1900" type="partial gc" contextid="1899" timestamp="2019-07-07T05:36:18.499">
  <mem-info id="1901" free="18874368" total="81788928" percent="23">
    <mem type="eden" free="1048336" total="28311552" percent="3" />
    <remembered-set count="10944" freebytes="3220992" totalbytes="3264768" percent="98" regionsoverflowed="0" regionsstable="14" regionsrebuilding="0"/>
  </mem-info>
</gc-start>
<allocation-stats totalBytes="27258128" >
  <allocated-bytes non-tlh="0" tlh="27258128" arrayletleaf="0"/>
  <largest-consumer threadName="main" threadId="000000000096B700" bytes="27258128" />
</allocation-stats>
<gc-op id="1902" type="copy forward" timems="3.558" contextid="1899" timestamp="2019-07-07T05:36:18.503">
  <memory-copied type="eden" objects="3" bytes="120" bytesdiscarded="0" />
  <memory-copied type="other" objects="25969" bytes="739784" bytesdiscarded="0" />
  <memory-cardclean objects="4299" bytes="266928" />
  <regions eden="26" other="11" />
  <remembered-set-cleared processed="8695" cleared="227" durationms="0.175" />
  <references type="soft" candidates="2" cleared="0" enqueued="0" dynamicThreshold="18" maxThreshold="32" />
  <references type="weak" candidates="6" cleared="0" enqueued="0" />
  <stringconstants candidates="13809" cleared="0"  />
</gc-op>
<gc-op id="1903" type="classunload" timems="0.004" contextid="1899" timestamp="2019-07-07T05:36:18.504">
  <classunload-info classloadercandidates="54" classloadersunloaded="0" classesunloaded="0" anonymousclassesunloaded="0" quiescems="0.000" setupms="0.004" scanms="0.000" postms="0.000" />
</gc-op>
<gc-end id="1904" type="partial gc" contextid="1899" durationms="4.838" usertimems="4.000" systemtimems="0.000" timestamp="2019-07-07T05:36:18.504" activeThreads="1">
  <mem-info id="1905" free="54525952" total="81788928" percent="66">
    <mem type="eden" free="1048456" total="1048576" percent="99" />
    <remembered-set count="11552" freebytes="3218560" totalbytes="3264768" percent="98" regionsoverflowed="0" regionsstable="14" regionsrebuilding="0"/>
  </mem-info>
</gc-end>
<cycle-end id="1906" type="partial gc" contextid="1899" timestamp="2019-07-07T05:36:18.504" />
  <attribute name="elasticGC enabled" value="1" />
  <attribute name= "numThreadsSpecified" value="1" />
  <attribute name="heapSize specified" value="0" />
  <attribute name="Current GC Util" value="155" />
  <attribute name= "Current Time Running" value="19194" />
  <attribute name ="GC Interval" value="0" />
  <attribute name="ProportionalT" value="67.500000" />
  <attribute name="ProportionalI" value="67.500000" />
  <attribute name="ProportionalH" value="67.500000" />
  <attribute name="Current Error" value="135.000000" />
  <attribute name="IntegralT" value="0.000000" />
  <attribute name="IntegralI" value="0.000000" />
  <attribute name="IntegralH" value="0.000000" />
  <attribute name="DerivativeT" value="inf" />
  <attribute name="DerivativeI" value="inf" />
  <attribute name="DerivativeH" value="inf" />
  <attribute name="Loop Time for DT" value="0.000000" />
  <attribute name="Output H" value="8388608"/>
  <attribute name="Output I" value="200"/>
  <attribute name="Output T" value="1"/>
  <attribute name="Target GC Util Change" value ="20.000000" />
  <attribute name="Current GC Util Change" value="155.000000"/>
  <attribute name="GC Util currently" value="155" />
  <attribute name="CPU Util currently" value="12831196475988" />
<exclusive-end id="1907" timestamp="2019-07-07T05:36:18.504" durationms="6.226" />

<exclusive-start id="1908" timestamp="2019-07-07T05:36:18.530" intervalms="32.387">
  <response-info timems="0.078" idlems="0.078" threads="0" lastid="000000000096B700" lastname="main" />
</exclusive-start>
<allocation-taxation id="1909" taxation-threshold="13631488" timestamp="2019-07-07T05:36:18.531" intervalms="32.317" />
<cycle-start id="1910" type="global mark phase" contextid="0" timestamp="2019-07-07T05:36:18.531" intervalms="1022.640" />
<gc-start id="1911" type="global mark phase" contextid="1910" timestamp="2019-07-07T05:36:18.531">
  <mem-info id="1912" free="40894464" total="81788928" percent="50">
    <remembered-set count="11168" freebytes="3220096" totalbytes="3264768" percent="98" regionsoverflowed="0" regionsstable="14" regionsrebuilding="0"/>
  </mem-info>
</gc-start>
<gc-op id="1913" type="mark increment" timems="1.113" contextid="1910" timestamp="2019-07-07T05:36:18.532">
  <trace-info objectcount="177" scancount="0" scanbytes="0" />
</gc-op>
<gc-end id="1914" type="global mark phase" contextid="1910" durationms="1.403" usertimems="0.000" systemtimems="0.000" timestamp="2019-07-07T05:36:18.532" activeThreads="1">
  <mem-info id="1915" free="40894464" total="81788928" percent="50">
    <remembered-set count="11168" freebytes="3220096" totalbytes="3264768" percent="98" regionsoverflowed="0" regionsstable="0" regionsrebuilding="14"/>
  </mem-info>
</gc-end>
<concurrent-start id="1916" type="GMP work packet processing" contextid="1910" timestamp="2019-07-07T05:36:18.533">
  <concurrent-mark-start scanTarget="1048576" />
</concurrent-start>
<exclusive-end id="1917" timestamp="2019-07-07T05:36:18.533" durationms="2.386" />

<concurrent-end id="1918" type="GMP work packet processing" contextid="1910" timestamp="2019-07-07T05:36:18.535">
  <concurrent-mark-end bytesScanned="1140516" reasonForTermination="Work target met" />
</concurrent-end>

<exclusive-start id="1919" timestamp="2019-07-07T05:36:18.559" intervalms="28.592">
  <response-info timems="0.093" idlems="0.093" threads="0" lastid="000000000096B700" lastname="main" />
</exclusive-start>
<allocation-taxation id="1920" taxation-threshold="13631488" timestamp="2019-07-07T05:36:18.559" intervalms="28.534" />
<cycle-start id="1921" type="partial gc" contextid="0" timestamp="2019-07-07T05:36:18.559" intervalms="60.839" />
<gc-start id="1922" type="partial gc" contextid="1921" timestamp="2019-07-07T05:36:18.560">
  <mem-info id="1923" free="27262976" total="81788928" percent="33">
    <mem type="eden" free="1048456" total="28311552" percent="3" />
    <remembered-set count="18848" freebytes="3189376" totalbytes="3264768" percent="97" regionsoverflowed="0" regionsstable="0" regionsrebuilding="14"/>
  </mem-info>
</gc-start>
<allocation-stats totalBytes="27258200" >
  <allocated-bytes non-tlh="0" tlh="27258200" arrayletleaf="0"/>
  <largest-consumer threadName="main" threadId="000000000096B700" bytes="13629288" />
</allocation-stats>
<gc-op id="1924" type="copy forward" timems="1.503" contextid="1921" timestamp="2019-07-07T05:36:18.562">
  <memory-copied type="eden" objects="6" bytes="264" bytesdiscarded="0" />
  <memory-copied type="other" objects="8" bytes="184" bytesdiscarded="0" />
  <memory-cardclean objects="54" bytes="2200" />
  <regions eden="26" other="2" />
  <remembered-set-cleared processed="17014" cleared="72" durationms="0.220" />
  <stringconstants candidates="13809" cleared="0"  />
</gc-op>
<gc-op id="1925" type="classunload" timems="0.003" contextid="1921" timestamp="2019-07-07T05:36:18.562">
  <classunload-info classloadercandidates="54" classloadersunloaded="0" classesunloaded="0" anonymousclassesunloaded="0" quiescems="0.000" setupms="0.003" scanms="0.000" postms="0.000" />
</gc-op>
<heap-resize id="1926" type="contract" space="default" amount="4194304" count="1" timems="0.131" reason="excess free space following gc" timestamp="2019-07-07T05:36:18.563" />
<gc-end id="1927" type="partial gc" contextid="1921" durationms="2.979" usertimems="0.000" systemtimems="4.000" timestamp="2019-07-07T05:36:18.563" activeThreads="1">
  <mem-info id="1928" free="50331648" total="77594624" percent="64">
    <mem type="eden" free="1048312" total="1048576" percent="99" />
    <remembered-set count="19232" freebytes="3187840" totalbytes="3264768" percent="97" regionsoverflowed="0" regionsstable="0" regionsrebuilding="14"/>
  </mem-info>
</gc-end>
<cycle-end id="1929" type="partial gc" contextid="1921" timestamp="2019-07-07T05:36:18.563" />
  <attribute name="elasticGC enabled" value="1" />
  <attribute name= "numThreadsSpecified" value="1" />
  <attribute name="heapSize specified" value="0" />
  <attribute name="Current GC Util" value="153" />
  <attribute name= "Current Time Running" value="19255" />
  <attribute name ="GC Interval" value="0" />
  <attribute name="ProportionalT" value="66.500000" />
  <attribute name="ProportionalI" value="66.500000" />
  <attribute name="ProportionalH" value="66.500000" />
  <attribute name="Current Error" value="133.000000" />
  <attribute name="IntegralT" value="0.000000" />
  <attribute name="IntegralI" value="0.000000" />
  <attribute name="IntegralH" value="0.000000" />
  <attribute name="DerivativeT" value="inf" />
  <attribute name="DerivativeI" value="inf" />
  <attribute name="DerivativeH" value="inf" />
  <attribute name="Loop Time for DT" value="0.000000" />
  <attribute name="Output H" value="8388608"/>
  <attribute name="Output I" value="200"/>
  <attribute name="Output T" value="1"/>
  <attribute name="Target GC Util Change" value ="20.000000" />
  <attribute name="Current GC Util Change" value="153.000000"/>
  <attribute name="GC Util currently" value="153" />
  <attribute name="CPU Util currently" value="13762118733307" />
<exclusive-end id="1930" timestamp="2019-07-07T05:36:18.563" durationms="4.083" />

<exclusive-start id="1931" timestamp="2019-07-07T05:36:18.587" intervalms="28.071">
  <response-info timems="0.058" idlems="0.058" threads="0" lastid="000000000096B700" lastname="main" />
</exclusive-start>
<allocation-taxation id="1932" taxation-threshold="12582912" timestamp="2019-07-07T05:36:18.587" intervalms="28.171" />
<gc-start id="1933" type="global mark phase" contextid="1910" timestamp="2019-07-07T05:36:18.588">
  <mem-info id="1934" free="37748736" total="77594624" percent="48">
    <remembered-set count="18784" freebytes="3189632" totalbytes="3264768" percent="97" regionsoverflowed="0" regionsstable="0" regionsrebuilding="14"/>
  </mem-info>
</gc-start>
<gc-end id="1935" type="global mark phase" contextid="1910" durationms="0.209" usertimems="0.000" systemtimems="0.000" timestamp="2019-07-07T05:36:18.588" activeThreads="1">
  <mem-info id="1936" free="37748736" total="77594624" percent="48">
    <remembered-set count="18784" freebytes="3189632" totalbytes="3264768" percent="97" regionsoverflowed="0" regionsstable="0" regionsrebuilding="14"/>
  </mem-info>
</gc-end>
<concurrent-start id="1937" type="GMP work packet processing" contextid="1910" timestamp="2019-07-07T05:36:18.588">
  <concurrent-mark-start scanTarget="1048576" />
</concurrent-start>
<exclusive-end id="1938" timestamp="2019-07-07T05:36:18.588" durationms="1.133" />

<concurrent-end id="1939" type="GMP work packet processing" contextid="1910" timestamp="2019-07-07T05:36:18.590">
  <concurrent-mark-end bytesScanned="1096616" reasonForTermination="Work target met" />
</concurrent-end>

<exclusive-start id="1940" timestamp="2019-07-07T05:36:18.612" intervalms="25.055">
  <response-info timems="0.078" idlems="0.078" threads="0" lastid="000000000096B700" lastname="main" />
</exclusive-start>
<allocation-taxation id="1941" taxation-threshold="12582912" timestamp="2019-07-07T05:36:18.612" intervalms="25.064" />
<cycle-start id="1942" type="partial gc" contextid="0" timestamp="2019-07-07T05:36:18.613" intervalms="53.253" />
<gc-start id="1943" type="partial gc" contextid="1942" timestamp="2019-07-07T05:36:18.613">
  <mem-info id="1944" free="25165824" total="77594624" percent="32">
    <mem type="eden" free="1048312" total="26214400" percent="3" />
    <remembered-set count="27520" freebytes="3154688" totalbytes="3264768" percent="96" regionsoverflowed="0" regionsstable="0" regionsrebuilding="14"/>
  </mem-info>
</gc-start>
<allocation-stats totalBytes="25161264" >
  <allocated-bytes non-tlh="0" tlh="25161264" arrayletleaf="0"/>
  <largest-consumer threadName="main" threadId="000000000096B700" bytes="12580800" />
</allocation-stats>
<gc-op id="1945" type="copy forward" timems="4.047" contextid="1942" timestamp="2019-07-07T05:36:18.618">
  <memory-copied type="eden" objects="5" bytes="240" bytesdiscarded="0" />
  <memory-copied type="other" objects="21" bytes="608" bytesdiscarded="320" />
  <memory-cardclean objects="38384" bytes="1693448" />
  <regions eden="24" other="2" />
  <remembered-set-cleared processed="10467" cleared="4610" durationms="0.139" />
  <references type="weak" candidates="14" cleared="0" enqueued="0" />
  <stringconstants candidates="13809" cleared="0"  />
</gc-op>
<gc-op id="1946" type="classunload" timems="0.005" contextid="1942" timestamp="2019-07-07T05:36:18.618">
  <classunload-info classloadercandidates="54" classloadersunloaded="0" classesunloaded="0" anonymousclassesunloaded="0" quiescems="0.000" setupms="0.004" scanms="0.000" postms="0.000" />
</gc-op>
<heap-resize id="1947" type="contract" space="default" amount="4194304" count="1" timems="0.117" reason="excess free space following gc" timestamp="2019-07-07T05:36:18.619" />
<gc-end id="1948" type="partial gc" contextid="1942" durationms="5.926" usertimems="8.000" systemtimems="4.000" timestamp="2019-07-07T05:36:18.619" activeThreads="4">
  <mem-info id="1949" free="46137344" total="73400320" percent="62">
    <mem type="eden" free="1048336" total="1048576" percent="99" />
    <remembered-set count="17600" freebytes="3026944" totalbytes="3097344" percent="97" regionsoverflowed="0" regionsstable="0" regionsrebuilding="14"/>
  </mem-info>
</gc-end>
<cycle-end id="1950" type="partial gc" contextid="1942" timestamp="2019-07-07T05:36:18.619" />
  <attribute name="elasticGC enabled" value="1" />
  <attribute name= "numThreadsSpecified" value="4" />
  <attribute name="heapSize specified" value="0" />
  <attribute name="Current GC Util" value="96" />
  <attribute name= "Current Time Running" value="19309" />
  <attribute name ="GC Interval" value="0" />
  <attribute name="ProportionalT" value="38.000000" />
  <attribute name="ProportionalI" value="38.000000" />
  <attribute name="ProportionalH" value="38.000000" />
  <attribute name="Current Error" value="76.000000" />
  <attribute name="IntegralT" value="38.000000" />
  <attribute name="IntegralI" value="38.000000" />
  <attribute name="IntegralH" value="38.000000" />
  <attribute name="DerivativeT" value="76.000000" />
  <attribute name="DerivativeI" value="76.000000" />
  <attribute name="DerivativeH" value="76.000000" />
  <attribute name="Loop Time for DT" value="1.000000" />
  <attribute name="Output H" value="8388608"/>
  <attribute name="Output I" value="200"/>
  <attribute name="Output T" value="4"/>
  <attribute name="Target GC Util Change" value ="20.000000" />
  <attribute name="Current GC Util Change" value="96.000000"/>
  <attribute name="GC Util currently" value="96" />
  <attribute name="CPU Util currently" value="7418269597119" />
<exclusive-end id="1951" timestamp="2019-07-07T05:36:18.619" durationms="7.110" />

<exclusive-start id="1952" timestamp="2019-07-07T05:36:18.643" intervalms="30.877">
  <response-info timems="0.069" idlems="0.069" threads="0" lastid="000000000096B700" lastname="main" />
</exclusive-start>
<allocation-taxation id="1953" taxation-threshold="12582912" timestamp="2019-07-07T05:36:18.643" intervalms="30.822" />
<gc-start id="1954" type="global mark phase" contextid="1910" timestamp="2019-07-07T05:36:18.643">
  <mem-info id="1955" free="33554432" total="73400320" percent="45">
    <remembered-set count="17600" freebytes="3026944" totalbytes="3097344" percent="97" regionsoverflowed="0" regionsstable="0" regionsrebuilding="14"/>
  </mem-info>
</gc-start>
<gc-end id="1956" type="global mark phase" contextid="1910" durationms="0.209" usertimems="0.000" systemtimems="0.000" timestamp="2019-07-07T05:36:18.644" activeThreads="4">
  <mem-info id="1957" free="33554432" total="73400320" percent="45">
    <remembered-set count="17600" freebytes="3026944" totalbytes="3097344" percent="97" regionsoverflowed="0" regionsstable="0" regionsrebuilding="14"/>
  </mem-info>
</gc-end>
<concurrent-start id="1958" type="GMP work packet processing" contextid="1910" timestamp="2019-07-07T05:36:18.644">
  <concurrent-mark-start scanTarget="1806676" />
</concurrent-start>
<exclusive-end id="1959" timestamp="2019-07-07T05:36:18.644" durationms="0.986" />

<concurrent-end id="1960" type="GMP work packet processing" contextid="1910" timestamp="2019-07-07T05:36:18.646">
  <concurrent-mark-end bytesScanned="1844520" reasonForTermination="Work target met" />
</concurrent-end>

<exclusive-start id="1961" timestamp="2019-07-07T05:36:18.668" intervalms="25.064">
  <response-info timems="0.079" idlems="0.079" threads="0" lastid="000000000096B700" lastname="main" />
</exclusive-start>
<allocation-taxation id="1962" taxation-threshold="12582912" timestamp="2019-07-07T05:36:18.668" intervalms="25.048" />
<cycle-start id="1963" type="partial gc" contextid="0" timestamp="2019-07-07T05:36:18.669" intervalms="55.846" />
<gc-start id="1964" type="partial gc" contextid="1963" timestamp="2019-07-07T05:36:18.669">
  <mem-info id="1965" free="20971520" total="73400320" percent="28">
    <mem type="eden" free="1048336" total="26214400" percent="3" />
    <remembered-set count="29376" freebytes="2979840" totalbytes="3097344" percent="96" regionsoverflowed="0" regionsstable="0" regionsrebuilding="14"/>
  </mem-info>
</gc-start>
<allocation-stats totalBytes="25161256" >
  <allocated-bytes non-tlh="0" tlh="25161256" arrayletleaf="0"/>
  <largest-consumer threadName="main" threadId="000000000096B700" bytes="12580832" />
</allocation-stats>
<gc-op id="1966" type="copy forward" timems="6.072" contextid="1963" timestamp="2019-07-07T05:36:18.676">
  <memory-copied type="eden" objects="4" bytes="200" bytesdiscarded="0" />
  <memory-copied type="other" objects="14" bytes="320" bytesdiscarded="0" />
  <memory-cardclean objects="61772" bytes="2404408" />
  <regions eden="24" other="2" />
  <remembered-set-cleared processed="10179" cleared="3172" durationms="0.218" />
  <stringconstants candidates="13809" cleared="0"  />
</gc-op>
<gc-op id="1967" type="classunload" timems="0.004" contextid="1963" timestamp="2019-07-07T05:36:18.676">
  <classunload-info classloadercandidates="54" classloadersunloaded="0" classesunloaded="0" anonymousclassesunloaded="0" quiescems="0.000" setupms="0.004" scanms="0.000" postms="0.000" />
</gc-op>
<heap-resize id="1968" type="contract" space="default" amount="3145728" count="1" timems="0.124" reason="excess free space following gc" timestamp="2019-07-07T05:36:18.677" />
<gc-end id="1969" type="partial gc" contextid="1963" durationms="7.873" usertimems="8.000" systemtimems="0.000" timestamp="2019-07-07T05:36:18.677" activeThreads="1">
  <mem-info id="1970" free="42991616" total="70254592" percent="61">
    <mem type="eden" free="1048376" total="1048576" percent="99" />
    <remembered-set count="21344" freebytes="2844544" totalbytes="2929920" percent="97" regionsoverflowed="0" regionsstable="0" regionsrebuilding="14"/>
  </mem-info>
</gc-end>
<cycle-end id="1971" type="partial gc" contextid="1963" timestamp="2019-07-07T05:36:18.677" />
  <attribute name="elasticGC enabled" value="1" />
  <attribute name= "numThreadsSpecified" value="1" />
  <attribute name="heapSize specified" value="0" />
  <attribute name="Current GC Util" value="102" />
  <attribute name= "Current Time Running" value="19364" />
  <attribute name ="GC Interval" value="0" />
  <attribute name="ProportionalT" value="41.000000" />
  <attribute name="ProportionalI" value="41.000000" />
  <attribute name="ProportionalH" value="41.000000" />
  <attribute name="Current Error" value="82.000000" />
  <attribute name="IntegralT" value="0.000000" />
  <attribute name="IntegralI" value="0.000000" />
  <attribute name="IntegralH" value="0.000000" />
  <attribute name="DerivativeT" value="inf" />
  <attribute name="DerivativeI" value="inf" />
  <attribute name="DerivativeH" value="inf" />
  <attribute name="Loop Time for DT" value="0.000000" />
  <attribute name="Output H" value="8388608"/>
  <attribute name="Output I" value="200"/>
  <attribute name="Output T" value="1"/>
  <attribute name="Target GC Util Change" value ="20.000000" />
  <attribute name="Current GC Util Change" value="102.000000"/>
  <attribute name="GC Util currently" value="102" />
  <attribute name="CPU Util currently" value="7298565172382" />
<exclusive-end id="1972" timestamp="2019-07-07T05:36:18.677" durationms="9.003" />

<exclusive-start id="1973" timestamp="2019-07-07T05:36:18.696" intervalms="27.794">
  <response-info timems="0.063" idlems="0.063" threads="0" lastid="000000000096B700" lastname="main" />
</exclusive-start>
<allocation-taxation id="1974" taxation-threshold="11534336" timestamp="2019-07-07T05:36:18.696" intervalms="27.781" />
<gc-start id="1975" type="global mark phase" contextid="1910" timestamp="2019-07-07T05:36:18.696">
  <mem-info id="1976" free="31457280" total="70254592" percent="44">
    <remembered-set count="21056" freebytes="2845696" totalbytes="2929920" percent="97" regionsoverflowed="0" regionsstable="0" regionsrebuilding="14"/>
  </mem-info>
</gc-start>
<gc-end id="1977" type="global mark phase" contextid="1910" durationms="0.197" usertimems="0.000" systemtimems="0.000" timestamp="2019-07-07T05:36:18.696" activeThreads="1">
  <mem-info id="1978" free="31457280" total="70254592" percent="44">
    <remembered-set count="21056" freebytes="2845696" totalbytes="2929920" percent="97" regionsoverflowed="0" regionsstable="0" regionsrebuilding="14"/>
  </mem-info>
</gc-end>
<concurrent-start id="1979" type="GMP work packet processing" contextid="1910" timestamp="2019-07-07T05:36:18.697">
  <concurrent-mark-start scanTarget="1048576" />
</concurrent-start>
<exclusive-end id="1980" timestamp="2019-07-07T05:36:18.697" durationms="0.962" />

<concurrent-end id="1981" type="GMP work packet processing" contextid="1910" timestamp="2019-07-07T05:36:18.698">
  <concurrent-mark-end bytesScanned="1090676" reasonForTermination="Work target met" />
</concurrent-end>

<exclusive-start id="1982" timestamp="2019-07-07T05:36:18.706" intervalms="9.953">
  <response-info timems="0.070" idlems="0.070" threads="0" lastid="000000000096B700" lastname="main" />
</exclusive-start>
<allocation-taxation id="1983" taxation-threshold="11534336" timestamp="2019-07-07T05:36:18.706" intervalms="9.925" />
<cycle-start id="1984" type="partial gc" contextid="0" timestamp="2019-07-07T05:36:18.706" intervalms="37.646" />
<gc-start id="1985" type="partial gc" contextid="1984" timestamp="2019-07-07T05:36:18.706">
  <mem-info id="1986" free="19922944" total="70254592" percent="28">
    <mem type="eden" free="1048376" total="24117248" percent="4" />
    <remembered-set count="34432" freebytes="2792192" totalbytes="2929920" percent="95" regionsoverflowed="0" regionsstable="0" regionsrebuilding="14"/>
  </mem-info>
</gc-start>
<allocation-stats totalBytes="23039960" >
  <allocated-bytes non-tlh="0" tlh="23039960" arrayletleaf="0"/>
  <largest-consumer threadName="main" threadId="000000000096B700" bytes="11517600" />
</allocation-stats>
<gc-op id="1987" type="copy forward" timems="4.636" contextid="1984" timestamp="2019-07-07T05:36:18.712">
  <memory-copied type="eden" objects="25" bytes="1296" bytesdiscarded="1184" />
  <memory-copied type="other" objects="25" bytes="736" bytesdiscarded="0" />
  <memory-cardclean objects="88246" bytes="2995880" />
  <regions eden="22" other="2" />
  <remembered-set-cleared processed="10287" cleared="1695" durationms="0.120" />
  <references type="weak" candidates="18" cleared="0" enqueued="0" />
  <stringconstants candidates="13809" cleared="0"  />
</gc-op>
<gc-op id="1988" type="classunload" timems="0.005" contextid="1984" timestamp="2019-07-07T05:36:18.712">
  <classunload-info classloadercandidates="54" classloadersunloaded="0" classesunloaded="0" anonymousclassesunloaded="0" quiescems="0.000" setupms="0.005" scanms="0.000" postms="0.000" />
</gc-op>
<gc-end id="1989" type="partial gc" contextid="1984" durationms="5.913" usertimems="8.000" systemtimems="4.000" timestamp="2019-07-07T05:36:18.712" activeThreads="4">
  <mem-info id="1990" free="42991616" total="70254592" percent="61">
    <mem type="eden" free="1046096" total="1048576" percent="99" />
    <remembered-set count="26016" freebytes="2700288" totalbytes="2804352" percent="96" regionsoverflowed="0" regionsstable="0" regionsrebuilding="14"/>
  </mem-info>
</gc-end>
<cycle-end id="1991" type="partial gc" contextid="1984" timestamp="2019-07-07T05:36:18.712" />
  <attribute name="elasticGC enabled" value="1" />
  <attribute name= "numThreadsSpecified" value="4" />
  <attribute name="heapSize specified" value="0" />
  <attribute name="Current GC Util" value="122" />
  <attribute name= "Current Time Running" value="19402" />
  <attribute name ="GC Interval" value="0" />
  <attribute name="ProportionalT" value="51.000000" />
  <attribute name="ProportionalI" value="51.000000" />
  <attribute name="ProportionalH" value="51.000000" />
  <attribute name="Current Error" value="102.000000" />
  <attribute name="IntegralT" value="51.000000" />
  <attribute name="IntegralI" value="51.000000" />
  <attribute name="IntegralH" value="51.000000" />
  <attribute name="DerivativeT" value="88.000000" />
  <attribute name="DerivativeI" value="88.000000" />
  <attribute name="DerivativeH" value="88.000000" />
  <attribute name="Loop Time for DT" value="1.000000" />
  <attribute name="Output H" value="8388608"/>
  <attribute name="Output I" value="200"/>
  <attribute name="Output T" value="4"/>
  <attribute name="Target GC Util Change" value ="20.000000" />
  <attribute name="Current GC Util Change" value="122.000000"/>
  <attribute name="GC Util currently" value="122" />
  <attribute name="CPU Util currently" value="8012450351690" />
<exclusive-end id="1992" timestamp="2019-07-07T05:36:18.713" durationms="6.832" />

<exclusive-start id="1993" timestamp="2019-07-07T05:36:18.720" intervalms="13.905">
  <response-info timems="0.072" idlems="0.072" threads="0" lastid="000000000096B700" lastname="main" />
</exclusive-start>
<allocation-taxation id="1994" taxation-threshold="11534336" timestamp="2019-07-07T05:36:18.720" intervalms="13.972" />
<gc-start id="1995" type="global mark phase" contextid="1910" timestamp="2019-07-07T05:36:18.720">
  <mem-info id="1996" free="31457280" total="70254592" percent="44">
    <remembered-set count="26016" freebytes="2700288" totalbytes="2804352" percent="96" regionsoverflowed="0" regionsstable="0" regionsrebuilding="14"/>
  </mem-info>
</gc-start>
<gc-end id="1997" type="global mark phase" contextid="1910" durationms="0.123" usertimems="0.000" systemtimems="0.000" timestamp="2019-07-07T05:36:18.720" activeThreads="4">
  <mem-info id="1998" free="31457280" total="70254592" percent="44">
    <remembered-set count="26016" freebytes="2700288" totalbytes="2804352" percent="96" regionsoverflowed="0" regionsstable="0" regionsrebuilding="14"/>
  </mem-info>
</gc-end>
<concurrent-start id="1999" type="GMP work packet processing" contextid="1910" timestamp="2019-07-07T05:36:18.720">
  <concurrent-mark-start scanTarget="1806676" />
</concurrent-start>
<exclusive-end id="2000" timestamp="2019-07-07T05:36:18.721" durationms="0.745" />

<concurrent-end id="2001" type="GMP work packet processing" contextid="1910" timestamp="2019-07-07T05:36:18.722">
  <concurrent-mark-end bytesScanned="1847744" reasonForTermination="Work target met" />
</concurrent-end>

<exclusive-start id="2002" timestamp="2019-07-07T05:36:18.728" intervalms="7.720">
  <response-info timems="0.073" idlems="0.073" threads="0" lastid="000000000096B700" lastname="main" />
</exclusive-start>
<allocation-taxation id="2003" taxation-threshold="11534336" timestamp="2019-07-07T05:36:18.728" intervalms="7.625" />
<cycle-start id="2004" type="partial gc" contextid="0" timestamp="2019-07-07T05:36:18.728" intervalms="21.567" />
<gc-start id="2005" type="partial gc" contextid="2004" timestamp="2019-07-07T05:36:18.728">
  <mem-info id="2006" free="19922944" total="70254592" percent="28">
    <mem type="eden" free="0" total="23068672" percent="0" />
    <remembered-set count="37824" freebytes="2653056" totalbytes="2804352" percent="94" regionsoverflowed="0" regionsstable="0" regionsrebuilding="14"/>
  </mem-info>
</gc-start>
<allocation-stats totalBytes="23036144" >
  <allocated-bytes non-tlh="0" tlh="23036144" arrayletleaf="0"/>
  <largest-consumer threadName="main" threadId="000000000096B700" bytes="11518440" />
</allocation-stats>
<gc-op id="2007" type="copy forward" timems="1.506" contextid="2004" timestamp="2019-07-07T05:36:18.730">
  <memory-copied type="eden" objects="2" bytes="40" bytesdiscarded="0" />
  <memory-copied type="other" objects="45" bytes="1904" bytesdiscarded="0" />
  <memory-cardclean objects="38" bytes="9864" />
  <regions eden="22" other="2" />
  <remembered-set-cleared processed="35374" cleared="64" durationms="0.329" />
  <references type="weak" candidates="16" cleared="0" enqueued="0" />
  <stringconstants candidates="13809" cleared="0"  />
</gc-op>
<gc-op id="2008" type="classunload" timems="0.004" contextid="2004" timestamp="2019-07-07T05:36:18.730">
  <classunload-info classloadercandidates="54" classloadersunloaded="0" classesunloaded="0" anonymousclassesunloaded="0" quiescems="0.000" setupms="0.004" scanms="0.000" postms="0.000" />
</gc-op>
<heap-resize id="2009" type="expand" space="default" amount="1048576" count="1" timems="0.055" reason="excessive time being spent in gc" timestamp="2019-07-07T05:36:18.731" />
<gc-end id="2010" type="partial gc" contextid="2004" durationms="2.888" usertimems="4.000" systemtimems="0.000" timestamp="2019-07-07T05:36:18.731" activeThreads="1">
  <mem-info id="2011" free="42991616" total="71303168" percent="60">
    <mem type="eden" free="1048536" total="1048576" percent="99" />
    <remembered-set count="38048" freebytes="2694016" totalbytes="2846208" percent="94" regionsoverflowed="0" regionsstable="0" regionsrebuilding="14"/>
  </mem-info>
</gc-end>
<cycle-end id="2012" type="partial gc" contextid="2004" timestamp="2019-07-07T05:36:18.731" />
  <attribute name="elasticGC enabled" value="1" />
  <attribute name= "numThreadsSpecified" value="1" />
  <attribute name="heapSize specified" value="0" />
  <attribute name="Current GC Util" value="164" />
  <attribute name= "Current Time Running" value="19423" />
  <attribute name ="GC Interval" value="0" />
  <attribute name="ProportionalT" value="72.000000" />
  <attribute name="ProportionalI" value="72.000000" />
  <attribute name="ProportionalH" value="72.000000" />
  <attribute name="Current Error" value="144.000000" />
  <attribute name="IntegralT" value="0.000000" />
  <attribute name="IntegralI" value="0.000000" />
  <attribute name="IntegralH" value="0.000000" />
  <attribute name="DerivativeT" value="inf" />
  <attribute name="DerivativeI" value="inf" />
  <attribute name="DerivativeH" value="inf" />
  <attribute name="Loop Time for DT" value="0.000000" />
  <attribute name="Output H" value="8388608"/>
  <attribute name="Output I" value="200"/>
  <attribute name="Output T" value="1"/>
  <attribute name="Target GC Util Change" value ="20.000000" />
  <attribute name="Current GC Util Change" value="164.000000"/>
  <attribute name="GC Util currently" value="164" />
  <attribute name="CPU Util currently" value="13677790721040" />
<exclusive-end id="2013" timestamp="2019-07-07T05:36:18.731" durationms="3.795" />

<exclusive-start id="2014" timestamp="2019-07-07T05:36:18.738" intervalms="10.855">
  <response-info timems="0.073" idlems="0.073" threads="0" lastid="000000000096B700" lastname="main" />
</exclusive-start>
<allocation-taxation id="2015" taxation-threshold="11534336" timestamp="2019-07-07T05:36:18.738" intervalms="10.836" />
<gc-start id="2016" type="global mark phase" contextid="1910" timestamp="2019-07-07T05:36:18.739">
  <mem-info id="2017" free="31457280" total="71303168" percent="44">
    <remembered-set count="37760" freebytes="2695168" totalbytes="2846208" percent="94" regionsoverflowed="0" regionsstable="0" regionsrebuilding="14"/>
  </mem-info>
</gc-start>
<gc-end id="2018" type="global mark phase" contextid="1910" durationms="0.111" usertimems="0.000" systemtimems="0.000" timestamp="2019-07-07T05:36:18.739" activeThreads="1">
  <mem-info id="2019" free="31457280" total="71303168" percent="44">
    <remembered-set count="37760" freebytes="2695168" totalbytes="2846208" percent="94" regionsoverflowed="0" regionsstable="0" regionsrebuilding="14"/>
  </mem-info>
</gc-end>
<concurrent-start id="2020" type="GMP work packet processing" contextid="1910" timestamp="2019-07-07T05:36:18.739">
  <concurrent-mark-start scanTarget="1048576" />
</concurrent-start>
<exclusive-end id="2021" timestamp="2019-07-07T05:36:18.739" durationms="0.588" />

<concurrent-end id="2022" type="GMP work packet processing" contextid="1910" timestamp="2019-07-07T05:36:18.740">
  <concurrent-mark-end bytesScanned="1094468" reasonForTermination="Work target met" />
</concurrent-end>

<exclusive-start id="2023" timestamp="2019-07-07T05:36:18.746" intervalms="7.598">
  <response-info timems="0.060" idlems="0.060" threads="0" lastid="000000000096B700" lastname="main" />
</exclusive-start>
<allocation-taxation id="2024" taxation-threshold="11534336" timestamp="2019-07-07T05:36:18.746" intervalms="7.680" />
<cycle-start id="2025" type="partial gc" contextid="0" timestamp="2019-07-07T05:36:18.746" intervalms="18.530" />
<gc-start id="2026" type="partial gc" contextid="2025" timestamp="2019-07-07T05:36:18.747">
  <mem-info id="2027" free="19922944" total="71303168" percent="27">
    <mem type="eden" free="1048536" total="24117248" percent="4" />
    <remembered-set count="49056" freebytes="2649984" totalbytes="2846208" percent="93" regionsoverflowed="0" regionsstable="0" regionsrebuilding="14"/>
  </mem-info>
</gc-start>
<allocation-stats totalBytes="23036832" >
  <allocated-bytes non-tlh="0" tlh="23036832" arrayletleaf="0"/>
  <largest-consumer threadName="main" threadId="000000000096B700" bytes="11518416" />
</allocation-stats>
<gc-op id="2028" type="copy forward" timems="2.060" contextid="2025" timestamp="2019-07-07T05:36:18.750">
  <memory-copied type="eden" objects="2" bytes="40" bytesdiscarded="0" />
  <memory-copied type="other" objects="1285" bytes="96016" bytesdiscarded="0" />
  <memory-cardclean objects="115" bytes="17064" />
  <regions eden="22" other="2" />
  <remembered-set-cleared processed="46695" cleared="184" durationms="0.407" />
  <references type="soft" candidates="9" cleared="0" enqueued="0" dynamicThreshold="14" maxThreshold="32" />
  <references type="weak" candidates="52" cleared="0" enqueued="0" />
  <stringconstants candidates="13809" cleared="0"  />
</gc-op>
<gc-op id="2029" type="classunload" timems="0.004" contextid="2025" timestamp="2019-07-07T05:36:18.750">
  <classunload-info classloadercandidates="54" classloadersunloaded="0" classesunloaded="0" anonymousclassesunloaded="0" quiescems="0.000" setupms="0.004" scanms="0.000" postms="0.000" />
</gc-op>
<gc-end id="2030" type="partial gc" contextid="2025" durationms="3.329" usertimems="4.000" systemtimems="0.000" timestamp="2019-07-07T05:36:18.750" activeThreads="1">
  <mem-info id="2031" free="42991616" total="71303168" percent="60">
    <mem type="eden" free="1048536" total="1048576" percent="99" />
    <remembered-set count="49280" freebytes="2649088" totalbytes="2846208" percent="93" regionsoverflowed="0" regionsstable="0" regionsrebuilding="14"/>
  </mem-info>
</gc-end>
<cycle-end id="2032" type="partial gc" contextid="2025" timestamp="2019-07-07T05:36:18.750" />
  <attribute name="elasticGC enabled" value="1" />
  <attribute name= "numThreadsSpecified" value="1" />
  <attribute name="heapSize specified" value="0" />
  <attribute name="Current GC Util" value="156" />
  <attribute name= "Current Time Running" value="19442" />
  <attribute name ="GC Interval" value="0" />
  <attribute name="ProportionalT" value="68.000000" />
  <attribute name="ProportionalI" value="68.000000" />
  <attribute name="ProportionalH" value="68.000000" />
  <attribute name="Current Error" value="136.000000" />
  <attribute name="IntegralT" value="0.000000" />
  <attribute name="IntegralI" value="0.000000" />
  <attribute name="IntegralH" value="0.000000" />
  <attribute name="DerivativeT" value="inf" />
  <attribute name="DerivativeI" value="inf" />
  <attribute name="DerivativeH" value="inf" />
  <attribute name="Loop Time for DT" value="0.000000" />
  <attribute name="Output H" value="8388608"/>
  <attribute name="Output I" value="200"/>
  <attribute name="Output T" value="1"/>
  <attribute name="Target GC Util Change" value ="20.000000" />
  <attribute name="Current GC Util Change" value="156.000000"/>
  <attribute name="GC Util currently" value="156" />
  <attribute name="CPU Util currently" value="13733962262072" />
<exclusive-end id="2033" timestamp="2019-07-07T05:36:18.750" durationms="4.320" />

<exclusive-start id="2034" timestamp="2019-07-07T05:36:18.757" intervalms="11.452">
  <response-info timems="0.079" idlems="0.079" threads="0" lastid="000000000096B700" lastname="main" />
</exclusive-start>
<allocation-taxation id="2035" taxation-threshold="11534336" timestamp="2019-07-07T05:36:18.758" intervalms="11.478" />
<gc-start id="2036" type="global mark phase" contextid="1910" timestamp="2019-07-07T05:36:18.758">
  <mem-info id="2037" free="31457280" total="71303168" percent="44">
    <remembered-set count="49152" freebytes="2649600" totalbytes="2846208" percent="93" regionsoverflowed="0" regionsstable="0" regionsrebuilding="14"/>
  </mem-info>
</gc-start>
<gc-end id="2038" type="global mark phase" contextid="1910" durationms="0.128" usertimems="0.000" systemtimems="0.000" timestamp="2019-07-07T05:36:18.758" activeThreads="1">
  <mem-info id="2039" free="31457280" total="71303168" percent="44">
    <remembered-set count="49152" freebytes="2649600" totalbytes="2846208" percent="93" regionsoverflowed="0" regionsstable="0" regionsrebuilding="14"/>
  </mem-info>
</gc-end>
<concurrent-start id="2040" type="GMP work packet processing" contextid="1910" timestamp="2019-07-07T05:36:18.758">
  <concurrent-mark-start scanTarget="1048576" />
</concurrent-start>
<exclusive-end id="2041" timestamp="2019-07-07T05:36:18.758" durationms="0.809" />

<concurrent-end id="2042" type="GMP work packet processing" contextid="1910" timestamp="2019-07-07T05:36:18.760">
  <concurrent-mark-end bytesScanned="1094160" reasonForTermination="Work target met" />
</concurrent-end>

<exclusive-start id="2043" timestamp="2019-07-07T05:36:18.765" intervalms="7.906">
  <response-info timems="0.155" idlems="0.155" threads="0" lastid="000000000096B700" lastname="main" />
</exclusive-start>
<allocation-taxation id="2044" taxation-threshold="11534336" timestamp="2019-07-07T05:36:18.765" intervalms="7.875" />
<cycle-start id="2045" type="partial gc" contextid="0" timestamp="2019-07-07T05:36:18.766" intervalms="19.350" />
<gc-start id="2046" type="partial gc" contextid="2045" timestamp="2019-07-07T05:36:18.766">
  <mem-info id="2047" free="19922944" total="71303168" percent="27">
    <mem type="eden" free="1048536" total="24117248" percent="4" />
    <remembered-set count="58944" freebytes="2610432" totalbytes="2846208" percent="91" regionsoverflowed="0" regionsstable="0" regionsrebuilding="14"/>
  </mem-info>
</gc-start>
<allocation-stats totalBytes="23036856" >
  <allocated-bytes non-tlh="0" tlh="23036856" arrayletleaf="0"/>
  <largest-consumer threadName="main" threadId="000000000096B700" bytes="11518416" />
</allocation-stats>
<gc-op id="2048" type="copy forward" timems="1.692" contextid="2045" timestamp="2019-07-07T05:36:18.768">
  <memory-copied type="eden" objects="2" bytes="40" bytesdiscarded="0" />
  <memory-copied type="other" objects="0" bytes="0" bytesdiscarded="0" />
  <memory-cardclean objects="9" bytes="208" />
  <regions eden="22" other="1" />
  <remembered-set-cleared processed="56403" cleared="5" durationms="0.468" />
  <stringconstants candidates="13809" cleared="0"  />
</gc-op>
<gc-op id="2049" type="classunload" timems="0.004" contextid="2045" timestamp="2019-07-07T05:36:18.769">
  <classunload-info classloadercandidates="54" classloadersunloaded="0" classesunloaded="0" anonymousclassesunloaded="0" quiescems="0.000" setupms="0.004" scanms="0.000" postms="0.000" />
</gc-op>
<gc-end id="2050" type="partial gc" contextid="2045" durationms="2.888" usertimems="0.000" systemtimems="8.000" timestamp="2019-07-07T05:36:18.769" activeThreads="1">
  <mem-info id="2051" free="42991616" total="71303168" percent="60">
    <mem type="eden" free="1048536" total="1048576" percent="99" />
    <remembered-set count="59424" freebytes="2608512" totalbytes="2846208" percent="91" regionsoverflowed="0" regionsstable="0" regionsrebuilding="14"/>
  </mem-info>
</gc-end>
<cycle-end id="2052" type="partial gc" contextid="2045" timestamp="2019-07-07T05:36:18.769" />
  <attribute name="elasticGC enabled" value="1" />
  <attribute name= "numThreadsSpecified" value="1" />
  <attribute name="heapSize specified" value="0" />
  <attribute name="Current GC Util" value="210" />
  <attribute name= "Current Time Running" value="19461" />
  <attribute name ="GC Interval" value="0" />
  <attribute name="ProportionalT" value="95.000000" />
  <attribute name="ProportionalI" value="95.000000" />
  <attribute name="ProportionalH" value="95.000000" />
  <attribute name="Current Error" value="190.000000" />
  <attribute name="IntegralT" value="0.000000" />
  <attribute name="IntegralI" value="0.000000" />
  <attribute name="IntegralH" value="0.000000" />
  <attribute name="DerivativeT" value="inf" />
  <attribute name="DerivativeI" value="inf" />
  <attribute name="DerivativeH" value="inf" />
  <attribute name="Loop Time for DT" value="0.000000" />
  <attribute name="Output H" value="8388608"/>
  <attribute name="Output I" value="200"/>
  <attribute name="Output T" value="1"/>
  <attribute name="Target GC Util Change" value ="20.000000" />
  <attribute name="Current GC Util Change" value="210.000000"/>
  <attribute name="GC Util currently" value="210" />
  <attribute name="CPU Util currently" value="12776027487276" />
<exclusive-end id="2053" timestamp="2019-07-07T05:36:18.769" durationms="3.869" />

<exclusive-start id="2054" timestamp="2019-07-07T05:36:18.776" intervalms="10.966">
  <response-info timems="0.077" idlems="0.077" threads="0" lastid="000000000096B700" lastname="main" />
</exclusive-start>
<allocation-taxation id="2055" taxation-threshold="11534336" timestamp="2019-07-07T05:36:18.776" intervalms="10.944" />
<gc-start id="2056" type="global mark phase" contextid="1910" timestamp="2019-07-07T05:36:18.777">
  <mem-info id="2057" free="31457280" total="71303168" percent="44">
    <remembered-set count="58944" freebytes="2610432" totalbytes="2846208" percent="91" regionsoverflowed="0" regionsstable="0" regionsrebuilding="14"/>
  </mem-info>
</gc-start>
<gc-end id="2058" type="global mark phase" contextid="1910" durationms="0.127" usertimems="0.000" systemtimems="0.000" timestamp="2019-07-07T05:36:18.777" activeThreads="1">
  <mem-info id="2059" free="31457280" total="71303168" percent="44">
    <remembered-set count="58944" freebytes="2610432" totalbytes="2846208" percent="91" regionsoverflowed="0" regionsstable="0" regionsrebuilding="14"/>
  </mem-info>
</gc-end>
<concurrent-start id="2060" type="GMP work packet processing" contextid="1910" timestamp="2019-07-07T05:36:18.777">
  <concurrent-mark-start scanTarget="1048576" />
</concurrent-start>
<exclusive-end id="2061" timestamp="2019-07-07T05:36:18.777" durationms="0.770" />

<concurrent-end id="2062" type="GMP work packet processing" contextid="1910" timestamp="2019-07-07T05:36:18.778">
  <concurrent-mark-end bytesScanned="1081088" reasonForTermination="Work target met" />
</concurrent-end>

<exclusive-start id="2063" timestamp="2019-07-07T05:36:18.784" intervalms="7.854">
  <response-info timems="0.101" idlems="0.101" threads="0" lastid="000000000096B700" lastname="main" />
</exclusive-start>
<allocation-taxation id="2064" taxation-threshold="11534336" timestamp="2019-07-07T05:36:18.784" intervalms="7.863" />
<cycle-start id="2065" type="partial gc" contextid="0" timestamp="2019-07-07T05:36:18.784" intervalms="18.888" />
<gc-start id="2066" type="partial gc" contextid="2065" timestamp="2019-07-07T05:36:18.785">
  <mem-info id="2067" free="19922944" total="71303168" percent="27">
    <mem type="eden" free="1048536" total="24117248" percent="4" />
    <remembered-set count="66784" freebytes="2579072" totalbytes="2846208" percent="90" regionsoverflowed="0" regionsstable="0" regionsrebuilding="14"/>
  </mem-info>
</gc-start>
<allocation-stats totalBytes="23036856" >
  <allocated-bytes non-tlh="0" tlh="23036856" arrayletleaf="0"/>
  <largest-consumer threadName="main" threadId="000000000096B700" bytes="11518416" />
</allocation-stats>
<gc-op id="2068" type="copy forward" timems="1.704" contextid="2065" timestamp="2019-07-07T05:36:18.787">
  <memory-copied type="eden" objects="2" bytes="40" bytesdiscarded="0" />
  <memory-copied type="other" objects="0" bytes="0" bytesdiscarded="0" />
  <memory-cardclean objects="9" bytes="208" />
  <regions eden="22" other="1" />
  <remembered-set-cleared processed="64417" cleared="6" durationms="0.507" />
  <stringconstants candidates="13809" cleared="0"  />
</gc-op>
<gc-op id="2069" type="classunload" timems="0.003" contextid="2065" timestamp="2019-07-07T05:36:18.787">
  <classunload-info classloadercandidates="54" classloadersunloaded="0" classesunloaded="0" anonymousclassesunloaded="0" quiescems="0.000" setupms="0.003" scanms="0.000" postms="0.000" />
</gc-op>
<gc-end id="2070" type="partial gc" contextid="2065" durationms="2.962" usertimems="0.000" systemtimems="0.000" timestamp="2019-07-07T05:36:18.788" activeThreads="1">
  <mem-info id="2071" free="42991616" total="71303168" percent="60">
    <mem type="eden" free="1048536" total="1048576" percent="99" />
    <remembered-set count="67264" freebytes="2577152" totalbytes="2846208" percent="90" regionsoverflowed="0" regionsstable="0" regionsrebuilding="14"/>
  </mem-info>
</gc-end>
<cycle-end id="2072" type="partial gc" contextid="2065" timestamp="2019-07-07T05:36:18.788" />
  <attribute name="elasticGC enabled" value="1" />
  <attribute name= "numThreadsSpecified" value="1" />
  <attribute name="heapSize specified" value="0" />
  <attribute name="Current GC Util" value="164" />
  <attribute name= "Current Time Running" value="19480" />
  <attribute name ="GC Interval" value="0" />
  <attribute name="ProportionalT" value="72.000000" />
  <attribute name="ProportionalI" value="72.000000" />
  <attribute name="ProportionalH" value="72.000000" />
  <attribute name="Current Error" value="144.000000" />
  <attribute name="IntegralT" value="0.000000" />
  <attribute name="IntegralI" value="0.000000" />
  <attribute name="IntegralH" value="0.000000" />
  <attribute name="DerivativeT" value="inf" />
  <attribute name="DerivativeI" value="inf" />
  <attribute name="DerivativeH" value="inf" />
  <attribute name="Loop Time for DT" value="0.000000" />
  <attribute name="Output H" value="8388608"/>
  <attribute name="Output I" value="200"/>
  <attribute name="Output T" value="1"/>
  <attribute name="Target GC Util Change" value ="20.000000" />
  <attribute name="Current GC Util Change" value="164.000000"/>
  <attribute name="GC Util currently" value="164" />
  <attribute name="CPU Util currently" value="13481347834125" />
<exclusive-end id="2073" timestamp="2019-07-07T05:36:18.788" durationms="3.928" />

<exclusive-start id="2074" timestamp="2019-07-07T05:36:18.795" intervalms="10.956">
  <response-info timems="0.074" idlems="0.074" threads="0" lastid="000000000096B700" lastname="main" />
</exclusive-start>
<allocation-taxation id="2075" taxation-threshold="11534336" timestamp="2019-07-07T05:36:18.795" intervalms="10.964" />
<gc-start id="2076" type="global mark phase" contextid="1910" timestamp="2019-07-07T05:36:18.795">
  <mem-info id="2077" free="31457280" total="71303168" percent="44">
    <remembered-set count="66784" freebytes="2579072" totalbytes="2846208" percent="90" regionsoverflowed="0" regionsstable="0" regionsrebuilding="14"/>
  </mem-info>
</gc-start>
<gc-end id="2078" type="global mark phase" contextid="1910" durationms="0.169" usertimems="0.000" systemtimems="0.000" timestamp="2019-07-07T05:36:18.796" activeThreads="1">
  <mem-info id="2079" free="31457280" total="71303168" percent="44">
    <remembered-set count="66784" freebytes="2579072" totalbytes="2846208" percent="90" regionsoverflowed="0" regionsstable="0" regionsrebuilding="14"/>
  </mem-info>
</gc-end>
<concurrent-start id="2080" type="GMP work packet processing" contextid="1910" timestamp="2019-07-07T05:36:18.796">
  <concurrent-mark-start scanTarget="1048576" />
</concurrent-start>
<exclusive-end id="2081" timestamp="2019-07-07T05:36:18.796" durationms="0.843" />

<concurrent-end id="2082" type="GMP work packet processing" contextid="1910" timestamp="2019-07-07T05:36:18.797">
  <concurrent-mark-end bytesScanned="1088852" reasonForTermination="Work target met" />
</concurrent-end>

<exclusive-start id="2083" timestamp="2019-07-07T05:36:18.803" intervalms="7.880">
  <response-info timems="0.060" idlems="0.060" threads="0" lastid="000000000096B700" lastname="main" />
</exclusive-start>
<allocation-taxation id="2084" taxation-threshold="11534336" timestamp="2019-07-07T05:36:18.803" intervalms="7.825" />
<cycle-start id="2085" type="partial gc" contextid="0" timestamp="2019-07-07T05:36:18.803" intervalms="18.728" />
<gc-start id="2086" type="partial gc" contextid="2085" timestamp="2019-07-07T05:36:18.803">
  <mem-info id="2087" free="19922944" total="71303168" percent="27">
    <mem type="eden" free="1048536" total="24117248" percent="4" />
    <remembered-set count="76000" freebytes="2542208" totalbytes="2846208" percent="89" regionsoverflowed="0" regionsstable="0" regionsrebuilding="14"/>
  </mem-info>
</gc-start>
<allocation-stats totalBytes="23036856" >
  <allocated-bytes non-tlh="0" tlh="23036856" arrayletleaf="0"/>
  <largest-consumer threadName="main" threadId="000000000096B700" bytes="11518440" />
</allocation-stats>
<gc-op id="2088" type="copy forward" timems="2.856" contextid="2085" timestamp="2019-07-07T05:36:18.807">
  <memory-copied type="eden" objects="2" bytes="40" bytesdiscarded="0" />
  <memory-copied type="other" objects="0" bytes="0" bytesdiscarded="0" />
  <memory-cardclean objects="9" bytes="208" />
  <regions eden="22" other="1" />
  <remembered-set-cleared processed="73255" cleared="5" durationms="0.266" />
  <stringconstants candidates="13809" cleared="0"  />
</gc-op>
<gc-op id="2089" type="classunload" timems="0.003" contextid="2085" timestamp="2019-07-07T05:36:18.807">
  <classunload-info classloadercandidates="54" classloadersunloaded="0" classesunloaded="0" anonymousclassesunloaded="0" quiescems="0.000" setupms="0.003" scanms="0.000" postms="0.000" />
</gc-op>
<gc-end id="2090" type="partial gc" contextid="2085" durationms="3.941" usertimems="8.000" systemtimems="0.000" timestamp="2019-07-07T05:36:18.807" activeThreads="4">
  <mem-info id="2091" free="42991616" total="71303168" percent="60">
    <mem type="eden" free="1048536" total="1048576" percent="99" />
    <remembered-set count="75328" freebytes="2544896" totalbytes="2846208" percent="89" regionsoverflowed="0" regionsstable="0" regionsrebuilding="14"/>
  </mem-info>
</gc-end>
<cycle-end id="2092" type="partial gc" contextid="2085" timestamp="2019-07-07T05:36:18.808" />
  <attribute name="elasticGC enabled" value="1" />
  <attribute name= "numThreadsSpecified" value="4" />
  <attribute name="heapSize specified" value="0" />
  <attribute name="Current GC Util" value="153" />
  <attribute name= "Current Time Running" value="19499" />
  <attribute name ="GC Interval" value="0" />
  <attribute name="ProportionalT" value="66.500000" />
  <attribute name="ProportionalI" value="66.500000" />
  <attribute name="ProportionalH" value="66.500000" />
  <attribute name="Current Error" value="133.000000" />
  <attribute name="IntegralT" value="66.500000" />
  <attribute name="IntegralI" value="66.500000" />
  <attribute name="IntegralH" value="66.500000" />
  <attribute name="DerivativeT" value="114.000000" />
  <attribute name="DerivativeI" value="114.000000" />
  <attribute name="DerivativeH" value="114.000000" />
  <attribute name="Loop Time for DT" value="1.000000" />
  <attribute name="Output H" value="8388608"/>
  <attribute name="Output I" value="248"/>
  <attribute name="Output T" value="4"/>
  <attribute name="Target GC Util Change" value ="20.000000" />
  <attribute name="Current GC Util Change" value="153.000000"/>
  <attribute name="GC Util currently" value="153" />
  <attribute name="CPU Util currently" value="13718927237714" />
<exclusive-end id="2093" timestamp="2019-07-07T05:36:18.808" durationms="4.780" />

<exclusive-start id="2094" timestamp="2019-07-07T05:36:18.815" intervalms="11.917">
  <response-info timems="0.131" idlems="0.131" threads="0" lastid="000000000096B700" lastname="main" />
</exclusive-start>
<allocation-taxation id="2095" taxation-threshold="11534336" timestamp="2019-07-07T05:36:18.815" intervalms="12.027" />
<gc-start id="2096" type="global mark phase" contextid="1910" timestamp="2019-07-07T05:36:18.815">
  <mem-info id="2097" free="31457280" total="71303168" percent="44">
    <remembered-set count="75328" freebytes="2544896" totalbytes="2846208" percent="89" regionsoverflowed="0" regionsstable="0" regionsrebuilding="14"/>
  </mem-info>
</gc-start>
<gc-end id="2098" type="global mark phase" contextid="1910" durationms="0.193" usertimems="0.000" systemtimems="0.000" timestamp="2019-07-07T05:36:18.816" activeThreads="4">
  <mem-info id="2099" free="31457280" total="71303168" percent="44">
    <remembered-set count="75328" freebytes="2544896" totalbytes="2846208" percent="89" regionsoverflowed="0" regionsstable="0" regionsrebuilding="14"/>
  </mem-info>
</gc-end>
<concurrent-start id="2100" type="GMP work packet processing" contextid="1910" timestamp="2019-07-07T05:36:18.816">
  <concurrent-mark-start scanTarget="1806676" />
</concurrent-start>
<exclusive-end id="2101" timestamp="2019-07-07T05:36:18.816" durationms="0.925" />

<concurrent-end id="2102" type="GMP work packet processing" contextid="1910" timestamp="2019-07-07T05:36:18.817">
  <concurrent-mark-end bytesScanned="1854828" reasonForTermination="Work target met" />
</concurrent-end>

<exclusive-start id="2103" timestamp="2019-07-07T05:36:18.823" intervalms="7.969">
  <response-info timems="0.073" idlems="0.073" threads="0" lastid="000000000096B700" lastname="main" />
</exclusive-start>
<allocation-taxation id="2104" taxation-threshold="11534336" timestamp="2019-07-07T05:36:18.823" intervalms="7.916" />
<cycle-start id="2105" type="partial gc" contextid="0" timestamp="2019-07-07T05:36:18.823" intervalms="20.003" />
<gc-start id="2106" type="partial gc" contextid="2105" timestamp="2019-07-07T05:36:18.823">
  <mem-info id="2107" free="19922944" total="71303168" percent="27">
    <mem type="eden" free="1048536" total="24117248" percent="4" />
    <remembered-set count="95424" freebytes="2464512" totalbytes="2846208" percent="86" regionsoverflowed="0" regionsstable="0" regionsrebuilding="14"/>
  </mem-info>
</gc-start>
<allocation-stats totalBytes="23036856" >
  <allocated-bytes non-tlh="0" tlh="23036856" arrayletleaf="0"/>
  <largest-consumer threadName="main" threadId="000000000096B700" bytes="11518440" />
</allocation-stats>
<gc-op id="2108" type="copy forward" timems="3.311" contextid="2105" timestamp="2019-07-07T05:36:18.828">
  <memory-copied type="eden" objects="2" bytes="40" bytesdiscarded="0" />
  <memory-copied type="other" objects="0" bytes="0" bytesdiscarded="0" />
  <memory-cardclean objects="9" bytes="208" />
  <regions eden="22" other="1" />
  <remembered-set-cleared processed="92976" cleared="5" durationms="0.333" />
  <stringconstants candidates="13809" cleared="0"  />
</gc-op>
<gc-op id="2109" type="classunload" timems="0.005" contextid="2105" timestamp="2019-07-07T05:36:18.828">
  <classunload-info classloadercandidates="54" classloadersunloaded="0" classesunloaded="0" anonymousclassesunloaded="0" quiescems="0.000" setupms="0.005" scanms="0.000" postms="0.000" />
</gc-op>
<gc-end id="2110" type="partial gc" contextid="2105" durationms="4.428" usertimems="8.000" systemtimems="0.000" timestamp="2019-07-07T05:36:18.828" activeThreads="4">
  <mem-info id="2111" free="42991616" total="71303168" percent="60">
    <mem type="eden" free="1048536" total="1048576" percent="99" />
    <remembered-set count="94976" freebytes="2466304" totalbytes="2846208" percent="86" regionsoverflowed="0" regionsstable="0" regionsrebuilding="14"/>
  </mem-info>
</gc-end>
<cycle-end id="2112" type="partial gc" contextid="2105" timestamp="2019-07-07T05:36:18.828" />
  <attribute name="elasticGC enabled" value="1" />
  <attribute name= "numThreadsSpecified" value="4" />
  <attribute name="heapSize specified" value="0" />
  <attribute name="Current GC Util" value="152" />
  <attribute name= "Current Time Running" value="19519" />
  <attribute name ="GC Interval" value="0" />
  <attribute name="ProportionalT" value="66.000000" />
  <attribute name="ProportionalI" value="66.000000" />
  <attribute name="ProportionalH" value="66.000000" />
  <attribute name="Current Error" value="132.000000" />
  <attribute name="IntegralT" value="66.000000" />
  <attribute name="IntegralI" value="66.000000" />
  <attribute name="IntegralH" value="66.000000" />
  <attribute name="DerivativeT" value="103.000000" />
  <attribute name="DerivativeI" value="103.000000" />
  <attribute name="DerivativeH" value="103.000000" />
  <attribute name="Loop Time for DT" value="1.000000" />
  <attribute name="Output H" value="8388608"/>
  <attribute name="Output I" value="240"/>
  <attribute name="Output T" value="4"/>
  <attribute name="Target GC Util Change" value ="20.000000" />
  <attribute name="Current GC Util Change" value="152.000000"/>
  <attribute name="GC Util currently" value="152" />
  <attribute name="CPU Util currently" value="13650179919056" />
<exclusive-end id="2113" timestamp="2019-07-07T05:36:18.828" durationms="5.560" />

<exclusive-start id="2114" timestamp="2019-07-07T05:36:18.836" intervalms="12.647">
  <response-info timems="0.073" idlems="0.073" threads="0" lastid="000000000096B700" lastname="main" />
</exclusive-start>
<allocation-taxation id="2115" taxation-threshold="11534336" timestamp="2019-07-07T05:36:18.836" intervalms="12.662" />
<gc-start id="2116" type="global mark phase" contextid="1910" timestamp="2019-07-07T05:36:18.836">
  <mem-info id="2117" free="31457280" total="71303168" percent="44">
    <remembered-set count="94976" freebytes="2466304" totalbytes="2846208" percent="86" regionsoverflowed="0" regionsstable="0" regionsrebuilding="14"/>
  </mem-info>
</gc-start>
<gc-end id="2118" type="global mark phase" contextid="1910" durationms="0.176" usertimems="0.000" systemtimems="0.000" timestamp="2019-07-07T05:36:18.836" activeThreads="4">
  <mem-info id="2119" free="31457280" total="71303168" percent="44">
    <remembered-set count="94976" freebytes="2466304" totalbytes="2846208" percent="86" regionsoverflowed="0" regionsstable="0" regionsrebuilding="14"/>
  </mem-info>
</gc-end>
<concurrent-start id="2120" type="GMP work packet processing" contextid="1910" timestamp="2019-07-07T05:36:18.836">
  <concurrent-mark-start scanTarget="1806676" />
</concurrent-start>
<exclusive-end id="2121" timestamp="2019-07-07T05:36:18.836" durationms="0.882" />

<concurrent-end id="2122" type="GMP work packet processing" contextid="1910" timestamp="2019-07-07T05:36:18.837">
  <concurrent-mark-end bytesScanned="430864" reasonForTermination="Completed all work in GC phase" />
</concurrent-end>

<exclusive-start id="2123" timestamp="2019-07-07T05:36:18.843" intervalms="7.954">
  <response-info timems="0.098" idlems="0.098" threads="0" lastid="000000000096B700" lastname="main" />
</exclusive-start>
<allocation-taxation id="2124" taxation-threshold="11534336" timestamp="2019-07-07T05:36:18.844" intervalms="7.939" />
<cycle-start id="2125" type="partial gc" contextid="0" timestamp="2019-07-07T05:36:18.844" intervalms="20.517" />
<gc-start id="2126" type="partial gc" contextid="2125" timestamp="2019-07-07T05:36:18.844">
  <mem-info id="2127" free="19922944" total="71303168" percent="27">
    <mem type="eden" free="1048536" total="24117248" percent="4" />
    <remembered-set count="100640" freebytes="2443648" totalbytes="2846208" percent="85" regionsoverflowed="0" regionsstable="0" regionsrebuilding="14"/>
  </mem-info>
</gc-start>
<allocation-stats totalBytes="23036832" >
  <allocated-bytes non-tlh="0" tlh="23036832" arrayletleaf="0"/>
  <largest-consumer threadName="main" threadId="000000000096B700" bytes="11518416" />
</allocation-stats>
<gc-op id="2128" type="copy forward" timems="1.772" contextid="2125" timestamp="2019-07-07T05:36:18.847">
  <memory-copied type="eden" objects="2" bytes="40" bytesdiscarded="0" />
  <memory-copied type="other" objects="0" bytes="0" bytesdiscarded="0" />
  <memory-cardclean objects="9" bytes="208" />
  <regions eden="22" other="1" />
  <remembered-set-cleared processed="98567" cleared="5" durationms="0.657" />
  <stringconstants candidates="13809" cleared="0"  />
</gc-op>
<gc-op id="2129" type="classunload" timems="0.004" contextid="2125" timestamp="2019-07-07T05:36:18.847">
  <classunload-info classloadercandidates="54" classloadersunloaded="0" classesunloaded="0" anonymousclassesunloaded="0" quiescems="0.000" setupms="0.004" scanms="0.000" postms="0.000" />
</gc-op>
<gc-end id="2130" type="partial gc" contextid="2125" durationms="2.968" usertimems="0.000" systemtimems="0.000" timestamp="2019-07-07T05:36:18.847" activeThreads="1">
  <mem-info id="2131" free="42991616" total="71303168" percent="60">
    <mem type="eden" free="1048536" total="1048576" percent="99" />
    <remembered-set count="101120" freebytes="2441728" totalbytes="2846208" percent="85" regionsoverflowed="0" regionsstable="0" regionsrebuilding="14"/>
  </mem-info>
</gc-end>
<cycle-end id="2132" type="partial gc" contextid="2125" timestamp="2019-07-07T05:36:18.847" />
  <attribute name="elasticGC enabled" value="1" />
  <attribute name= "numThreadsSpecified" value="1" />
  <attribute name="heapSize specified" value="0" />
  <attribute name="Current GC Util" value="167" />
  <attribute name= "Current Time Running" value="19539" />
  <attribute name ="GC Interval" value="0" />
  <attribute name="ProportionalT" value="73.500000" />
  <attribute name="ProportionalI" value="73.500000" />
  <attribute name="ProportionalH" value="73.500000" />
  <attribute name="Current Error" value="147.000000" />
  <attribute name="IntegralT" value="0.000000" />
  <attribute name="IntegralI" value="0.000000" />
  <attribute name="IntegralH" value="0.000000" />
  <attribute name="DerivativeT" value="inf" />
  <attribute name="DerivativeI" value="inf" />
  <attribute name="DerivativeH" value="inf" />
  <attribute name="Loop Time for DT" value="0.000000" />
  <attribute name="Output H" value="8388608"/>
  <attribute name="Output I" value="200"/>
  <attribute name="Output T" value="1"/>
  <attribute name="Target GC Util Change" value ="20.000000" />
  <attribute name="Current GC Util Change" value="167.000000"/>
  <attribute name="GC Util currently" value="167" />
  <attribute name="CPU Util currently" value="13780995111208" />
<exclusive-end id="2133" timestamp="2019-07-07T05:36:18.847" durationms="3.951" />

<exclusive-start id="2134" timestamp="2019-07-07T05:36:18.861" intervalms="17.906">
  <response-info timems="0.122" idlems="0.122" threads="0" lastid="000000000096B700" lastname="main" />
</exclusive-start>
<allocation-taxation id="2135" taxation-threshold="11534336" timestamp="2019-07-07T05:36:18.862" intervalms="17.886" />
<gc-start id="2136" type="global mark phase" contextid="1910" timestamp="2019-07-07T05:36:18.862">
  <mem-info id="2137" free="31457280" total="71303168" percent="44">
    <remembered-set count="100640" freebytes="2443648" totalbytes="2846208" percent="85" regionsoverflowed="0" regionsstable="0" regionsrebuilding="14"/>
  </mem-info>
</gc-start>
<gc-op id="2138" type="mark increment" timems="4.998" contextid="1910" timestamp="2019-07-07T05:36:18.867">
  <trace-info objectcount="929" scancount="545" scanbytes="245784" />
  <cardclean-info objects="156367" bytes="4457292" />
  <finalization candidates="80" enqueued="0" />
  <ownableSynchronizers candidates="21" cleared="0" />
  <references type="soft" candidates="4861" cleared="0" enqueued="0" dynamicThreshold="19" maxThreshold="32" />
  <references type="weak" candidates="5702" cleared="4" enqueued="3" />
  <references type="phantom" candidates="101" cleared="0" enqueued="0" />
  <stringconstants candidates="13835" cleared="0"  />
</gc-op>
<gc-op id="2139" type="classunload" timems="0.007" contextid="1910" timestamp="2019-07-07T05:36:18.867">
  <classunload-info classloadercandidates="54" classloadersunloaded="0" classesunloaded="0" anonymousclassesunloaded="0" quiescems="0.000" setupms="0.007" scanms="0.000" postms="0.000" />
</gc-op>
<gc-end id="2140" type="global mark phase" contextid="1910" durationms="5.530" usertimems="12.000" systemtimems="0.000" timestamp="2019-07-07T05:36:18.867" activeThreads="4">
  <mem-info id="2141" free="31457280" total="71303168" percent="44">
    <pending-finalizers system="0" default="0" reference="3" classloader="0" />
    <remembered-set count="117536" freebytes="2376064" totalbytes="2846208" percent="83" regionsoverflowed="0" regionsstable="0" regionsrebuilding="0"/>
  </mem-info>
</gc-end>
<cycle-end id="2142" type="global mark phase" contextid="1910" timestamp="2019-07-07T05:36:18.867" />
  <attribute name="elasticGC enabled" value="1" />
  <attribute name= "numThreadsSpecified" value="4" />
  <attribute name="heapSize specified" value="0" />
  <attribute name="Current GC Util" value="185" />
  <attribute name= "Current Time Running" value="19560" />
  <attribute name ="GC Interval" value="0" />
  <attribute name="ProportionalT" value="82.500000" />
  <attribute name="ProportionalI" value="82.500000" />
  <attribute name="ProportionalH" value="82.500000" />
  <attribute name="Current Error" value="165.000000" />
  <attribute name="IntegralT" value="82.500000" />
  <attribute name="IntegralI" value="82.500000" />
  <attribute name="IntegralH" value="82.500000" />
  <attribute name="DerivativeT" value="-102.000000" />
  <attribute name="DerivativeI" value="-102.000000" />
  <attribute name="DerivativeH" value="-102.000000" />
  <attribute name="Loop Time for DT" value="1.000000" />
  <attribute name="Output H" value="8388608"/>
  <attribute name="Output I" value="200"/>
  <attribute name="Output T" value="4"/>
  <attribute name="Target GC Util Change" value ="20.000000" />
  <attribute name="Current GC Util Change" value="185.000000"/>
  <attribute name="GC Util currently" value="185" />
  <attribute name="CPU Util currently" value="10239089664074" />
<exclusive-end id="2143" timestamp="2019-07-07T05:36:18.868" durationms="6.176" />

<exclusive-start id="2144" timestamp="2019-07-07T05:36:18.877" intervalms="15.728">
  <response-info timems="0.079" idlems="0.079" threads="0" lastid="000000000096B700" lastname="main" />
</exclusive-start>
<allocation-taxation id="2145" taxation-threshold="11534336" timestamp="2019-07-07T05:36:18.877" intervalms="15.790" />
<cycle-start id="2146" type="partial gc" contextid="0" timestamp="2019-07-07T05:36:18.877" intervalms="33.718" />
<gc-start id="2147" type="partial gc" contextid="2146" timestamp="2019-07-07T05:36:18.878">
  <mem-info id="2148" free="19922944" total="71303168" percent="27">
    <mem type="eden" free="1048536" total="24117248" percent="4" />
    <remembered-set count="47360" freebytes="2656768" totalbytes="2846208" percent="93" regionsoverflowed="0" regionsstable="6" regionsrebuilding="0"/>
  </mem-info>
</gc-start>
<allocation-stats totalBytes="23064808" >
  <allocated-bytes non-tlh="3064" tlh="23061744" arrayletleaf="0"/>
  <largest-consumer threadName="main" threadId="000000000096B700" bytes="11533984" />
</allocation-stats>
<gc-op id="2149" type="sweep" timems="0.961" contextid="2146" timestamp="2019-07-07T05:36:18.879" />
<gc-op id="2150" type="copy forward" timems="1.750" contextid="2146" timestamp="2019-07-07T05:36:18.882">
  <memory-copied type="eden" objects="5" bytes="104" bytesdiscarded="0" />
  <memory-copied type="other" objects="914" bytes="40568" bytesdiscarded="0" />
  <memory-cardclean objects="328" bytes="21240" />
  <regions eden="11" other="2" />
  <remembered-set-cleared processed="45848" cleared="186" durationms="0.417" />
  <references type="soft" candidates="4" cleared="0" enqueued="0" dynamicThreshold="14" maxThreshold="32" />
  <references type="weak" candidates="13" cleared="0" enqueued="0" />
  <stringconstants candidates="13835" cleared="0"  />
</gc-op>
<gc-op id="2151" type="classunload" timems="0.003" contextid="2146" timestamp="2019-07-07T05:36:18.882">
  <classunload-info classloadercandidates="54" classloadersunloaded="0" classesunloaded="0" anonymousclassesunloaded="0" quiescems="0.000" setupms="0.003" scanms="0.000" postms="0.000" />
</gc-op>
<gc-end id="2152" type="partial gc" contextid="2146" durationms="4.311" usertimems="8.000" systemtimems="0.000" timestamp="2019-07-07T05:36:18.882" activeThreads="1">
  <mem-info id="2153" free="42991616" total="71303168" percent="60">
    <mem type="eden" free="1007904" total="1048576" percent="96" />
    <remembered-set count="47648" freebytes="2655616" totalbytes="2846208" percent="93" regionsoverflowed="0" regionsstable="6" regionsrebuilding="0"/>
  </mem-info>
</gc-end>
<cycle-end id="2154" type="partial gc" contextid="2146" timestamp="2019-07-07T05:36:18.882" />
  <attribute name="elasticGC enabled" value="1" />
  <attribute name= "numThreadsSpecified" value="1" />
  <attribute name="heapSize specified" value="0" />
  <attribute name="Current GC Util" value="159" />
  <attribute name= "Current Time Running" value="19574" />
  <attribute name ="GC Interval" value="0" />
  <attribute name="ProportionalT" value="69.500000" />
  <attribute name="ProportionalI" value="69.500000" />
  <attribute name="ProportionalH" value="69.500000" />
  <attribute name="Current Error" value="139.000000" />
  <attribute name="IntegralT" value="0.000000" />
  <attribute name="IntegralI" value="0.000000" />
  <attribute name="IntegralH" value="0.000000" />
  <attribute name="DerivativeT" value="inf" />
  <attribute name="DerivativeI" value="inf" />
  <attribute name="DerivativeH" value="inf" />
  <attribute name="Loop Time for DT" value="0.000000" />
  <attribute name="Output H" value="8388608"/>
  <attribute name="Output I" value="200"/>
  <attribute name="Output T" value="1"/>
  <attribute name="Target GC Util Change" value ="20.000000" />
  <attribute name="Current GC Util Change" value="159.000000"/>
  <attribute name="GC Util currently" value="159" />
  <attribute name="CPU Util currently" value="13662068838051" />
<exclusive-end id="2155" timestamp="2019-07-07T05:36:18.883" durationms="5.446" />

<exclusive-start id="2156" timestamp="2019-07-07T05:36:18.909" intervalms="31.847">
  <response-info timems="0.082" idlems="0.082" threads="0" lastid="000000000096B700" lastname="main" />
</exclusive-start>
<allocation-taxation id="2157" taxation-threshold="24117248" timestamp="2019-07-07T05:36:18.909" intervalms="31.831" />
<cycle-start id="2158" type="partial gc" contextid="0" timestamp="2019-07-07T05:36:18.909" intervalms="31.837" />
<gc-start id="2159" type="partial gc" contextid="2158" timestamp="2019-07-07T05:36:18.910">
  <mem-info id="2160" free="18874368" total="71303168" percent="26">
    <mem type="eden" free="0" total="24117248" percent="0" />
    <remembered-set count="47264" freebytes="2657152" totalbytes="2846208" percent="93" regionsoverflowed="0" regionsstable="6" regionsrebuilding="0"/>
  </mem-info>
</gc-start>
<allocation-stats totalBytes="24114304" >
  <allocated-bytes non-tlh="0" tlh="24114304" arrayletleaf="0"/>
  <largest-consumer threadName="main" threadId="000000000096B700" bytes="24114304" />
</allocation-stats>
<gc-op id="2161" type="copy forward" timems="1.871" contextid="2158" timestamp="2019-07-07T05:36:18.912">
  <memory-copied type="eden" objects="23" bytes="728" bytesdiscarded="0" />
  <memory-copied type="other" objects="918" bytes="40496" bytesdiscarded="0" />
  <memory-cardclean objects="232" bytes="11648" />
  <regions eden="23" other="3" />
  <remembered-set-cleared processed="45772" cleared="122" durationms="0.432" />
  <references type="soft" candidates="4" cleared="0" enqueued="0" dynamicThreshold="19" maxThreshold="32" />
  <references type="weak" candidates="13" cleared="0" enqueued="0" />
  <stringconstants candidates="13835" cleared="0"  />
</gc-op>
<gc-op id="2162" type="classunload" timems="0.004" contextid="2158" timestamp="2019-07-07T05:36:18.912">
  <classunload-info classloadercandidates="54" classloadersunloaded="0" classesunloaded="0" anonymousclassesunloaded="0" quiescems="0.000" setupms="0.004" scanms="0.000" postms="0.000" />
</gc-op>
<heap-resize id="2163" type="expand" space="default" amount="2097152" count="1" timems="0.060" reason="excessive time being spent in gc" timestamp="2019-07-07T05:36:18.913" />
<gc-end id="2164" type="partial gc" contextid="2158" durationms="3.189" usertimems="4.000" systemtimems="0.000" timestamp="2019-07-07T05:36:18.913" activeThreads="1">
  <mem-info id="2165" free="44040192" total="73400320" percent="60">
    <mem type="eden" free="1047848" total="1048576" percent="99" />
    <remembered-set count="47520" freebytes="2739840" totalbytes="2929920" percent="93" regionsoverflowed="0" regionsstable="6" regionsrebuilding="0"/>
  </mem-info>
</gc-end>
<cycle-end id="2166" type="partial gc" contextid="2158" timestamp="2019-07-07T05:36:18.913" />
  <attribute name="elasticGC enabled" value="1" />
  <attribute name= "numThreadsSpecified" value="1" />
  <attribute name="heapSize specified" value="0" />
  <attribute name="Current GC Util" value="209" />
  <attribute name= "Current Time Running" value="19605" />
  <attribute name ="GC Interval" value="0" />
  <attribute name="ProportionalT" value="94.500000" />
  <attribute name="ProportionalI" value="94.500000" />
  <attribute name="ProportionalH" value="94.500000" />
  <attribute name="Current Error" value="189.000000" />
  <attribute name="IntegralT" value="0.000000" />
  <attribute name="IntegralI" value="0.000000" />
  <attribute name="IntegralH" value="0.000000" />
  <attribute name="DerivativeT" value="inf" />
  <attribute name="DerivativeI" value="inf" />
  <attribute name="DerivativeH" value="inf" />
  <attribute name="Loop Time for DT" value="0.000000" />
  <attribute name="Output H" value="8388608"/>
  <attribute name="Output I" value="200"/>
  <attribute name="Output T" value="1"/>
  <attribute name="Target GC Util Change" value ="20.000000" />
  <attribute name="Current GC Util Change" value="209.000000"/>
  <attribute name="GC Util currently" value="209" />
  <attribute name="CPU Util currently" value="16821332245644" />
<exclusive-end id="2167" timestamp="2019-07-07T05:36:18.913" durationms="4.192" />

<exclusive-start id="2168" timestamp="2019-07-07T05:36:19.086" intervalms="177.380">
  <response-info timems="0.085" idlems="0.085" threads="0" lastid="000000000096B700" lastname="main" />
</exclusive-start>
<allocation-taxation id="2169" taxation-threshold="25165824" timestamp="2019-07-07T05:36:19.087" intervalms="177.470" />
<cycle-start id="2170" type="partial gc" contextid="0" timestamp="2019-07-07T05:36:19.087" intervalms="177.550" />
<gc-start id="2171" type="partial gc" contextid="2170" timestamp="2019-07-07T05:36:19.087">
  <mem-info id="2172" free="18874368" total="73400320" percent="25">
    <mem type="eden" free="0" total="25165824" percent="0" />
    <remembered-set count="47296" freebytes="2740736" totalbytes="2929920" percent="93" regionsoverflowed="0" regionsstable="6" regionsrebuilding="0"/>
  </mem-info>
</gc-start>
<allocation-stats totalBytes="25120168" >
  <allocated-bytes non-tlh="0" tlh="25120168" arrayletleaf="0"/>
  <largest-consumer threadName="main" threadId="000000000096B700" bytes="25120168" />
</allocation-stats>
<gc-op id="2173" type="copy forward" timems="3.292" contextid="2170" timestamp="2019-07-07T05:36:19.092">
  <memory-copied type="eden" objects="67" bytes="2808" bytesdiscarded="544" />
  <memory-copied type="other" objects="36" bytes="968" bytesdiscarded="1632" />
  <memory-cardclean objects="129" bytes="12120" />
  <regions eden="24" other="3" />
  <remembered-set-cleared processed="45788" cleared="56" durationms="0.205" />
  <references type="weak" candidates="16" cleared="0" enqueued="0" />
  <stringconstants candidates="13835" cleared="0"  />
</gc-op>
<gc-op id="2174" type="classunload" timems="0.018" contextid="2170" timestamp="2019-07-07T05:36:19.092">
  <classunload-info classloadercandidates="54" classloadersunloaded="0" classesunloaded="0" anonymousclassesunloaded="0" quiescems="0.000" setupms="0.018" scanms="0.000" postms="0.000" />
</gc-op>
<gc-end id="2175" type="partial gc" contextid="2170" durationms="4.855" usertimems="8.000" systemtimems="0.000" timestamp="2019-07-07T05:36:19.092" activeThreads="4">
  <mem-info id="2176" free="44040192" total="73400320" percent="60">
    <mem type="eden" free="1045224" total="1048576" percent="99" />
    <remembered-set count="48064" freebytes="2737664" totalbytes="2929920" percent="93" regionsoverflowed="0" regionsstable="6" regionsrebuilding="0"/>
  </mem-info>
</gc-end>
<cycle-end id="2177" type="partial gc" contextid="2170" timestamp="2019-07-07T05:36:19.092" />
  <attribute name="elasticGC enabled" value="1" />
  <attribute name= "numThreadsSpecified" value="4" />
  <attribute name="heapSize specified" value="0" />
  <attribute name="Current GC Util" value="270" />
  <attribute name= "Current Time Running" value="19783" />
  <attribute name ="GC Interval" value="0" />
  <attribute name="ProportionalT" value="125.000000" />
  <attribute name="ProportionalI" value="125.000000" />
  <attribute name="ProportionalH" value="125.000000" />
  <attribute name="Current Error" value="250.000000" />
  <attribute name="IntegralT" value="125.000000" />
  <attribute name="IntegralI" value="125.000000" />
  <attribute name="IntegralH" value="125.000000" />
  <attribute name="DerivativeT" value="250.000000" />
  <attribute name="DerivativeI" value="250.000000" />
  <attribute name="DerivativeH" value="250.000000" />
  <attribute name="Loop Time for DT" value="1.000000" />
  <attribute name="Output H" value="8388608"/>
  <attribute name="Output I" value="504"/>
  <attribute name="Output T" value="4"/>
  <attribute name="Target GC Util Change" value ="20.000000" />
  <attribute name="Current GC Util Change" value="270.000000"/>
  <attribute name="GC Util currently" value="270" />
  <attribute name="CPU Util currently" value="11398953420713" />
<exclusive-end id="2178" timestamp="2019-07-07T05:36:19.093" durationms="6.363" />

<exclusive-start id="2179" timestamp="2019-07-07T05:36:19.100" intervalms="13.851">
  <response-info timems="0.092" idlems="0.092" threads="0" lastid="000000000096B700" lastname="main" />
</exclusive-start>
<allocation-taxation id="2180" taxation-threshold="25165824" timestamp="2019-07-07T05:36:19.100" intervalms="13.830" />
<cycle-start id="2181" type="partial gc" contextid="0" timestamp="2019-07-07T05:36:19.101" intervalms="13.800" />
<gc-start id="2182" type="partial gc" contextid="2181" timestamp="2019-07-07T05:36:19.101">
  <mem-info id="2183" free="18874368" total="73400320" percent="25">
    <mem type="eden" free="0" total="25165824" percent="0" />
    <remembered-set count="23904" freebytes="2834304" totalbytes="2929920" percent="96" regionsoverflowed="0" regionsstable="13" regionsrebuilding="0"/>
  </mem-info>
</gc-start>
<allocation-stats totalBytes="25071200" >
  <allocated-bytes non-tlh="0" tlh="25071200" arrayletleaf="0"/>
  <largest-consumer threadName="main" threadId="000000000096B700" bytes="25071200" />
</allocation-stats>
<gc-op id="2184" type="copy forward" timems="1.220" contextid="2181" timestamp="2019-07-07T05:36:19.103">
  <memory-copied type="eden" objects="0" bytes="0" bytesdiscarded="0" />
  <memory-copied type="other" objects="106" bytes="3864" bytesdiscarded="352" />
  <memory-cardclean objects="101" bytes="12056" />
  <regions eden="24" other="3" />
  <remembered-set-cleared processed="22408" cleared="46" durationms="0.240" />
  <references type="weak" candidates="18" cleared="0" enqueued="0" />
  <stringconstants candidates="13835" cleared="0"  />
</gc-op>
<gc-op id="2185" type="classunload" timems="0.002" contextid="2181" timestamp="2019-07-07T05:36:19.103">
  <classunload-info classloadercandidates="54" classloadersunloaded="0" classesunloaded="0" anonymousclassesunloaded="0" quiescems="0.000" setupms="0.002" scanms="0.000" postms="0.000" />
</gc-op>
<gc-end id="2186" type="partial gc" contextid="2181" durationms="2.659" usertimems="0.000" systemtimems="4.000" timestamp="2019-07-07T05:36:19.104" activeThreads="1">
  <mem-info id="2187" free="45088768" total="73400320" percent="61">
    <remembered-set count="24032" freebytes="2833792" totalbytes="2929920" percent="96" regionsoverflowed="0" regionsstable="13" regionsrebuilding="0"/>
  </mem-info>
</gc-end>
<cycle-end id="2188" type="partial gc" contextid="2181" timestamp="2019-07-07T05:36:19.104" />
  <attribute name="elasticGC enabled" value="1" />
  <attribute name= "numThreadsSpecified" value="1" />
  <attribute name="heapSize specified" value="0" />
  <attribute name="Current GC Util" value="156" />
  <attribute name= "Current Time Running" value="19796" />
  <attribute name ="GC Interval" value="0" />
  <attribute name="ProportionalT" value="68.000000" />
  <attribute name="ProportionalI" value="68.000000" />
  <attribute name="ProportionalH" value="68.000000" />
  <attribute name="Current Error" value="136.000000" />
  <attribute name="IntegralT" value="0.000000" />
  <attribute name="IntegralI" value="0.000000" />
  <attribute name="IntegralH" value="0.000000" />
  <attribute name="DerivativeT" value="inf" />
  <attribute name="DerivativeI" value="inf" />
  <attribute name="DerivativeH" value="inf" />
  <attribute name="Loop Time for DT" value="0.000000" />
  <attribute name="Output H" value="8388608"/>
  <attribute name="Output I" value="200"/>
  <attribute name="Output T" value="1"/>
  <attribute name="Target GC Util Change" value ="20.000000" />
  <attribute name="Current GC Util Change" value="156.000000"/>
  <attribute name="GC Util currently" value="156" />
  <attribute name="CPU Util currently" value="12916549220780" />
<exclusive-end id="2189" timestamp="2019-07-07T05:36:19.104" durationms="3.863" />

<exclusive-start id="2190" timestamp="2019-07-07T05:36:19.111" intervalms="11.309">
  <response-info timems="0.106" idlems="0.106" threads="0" lastid="000000000096B700" lastname="main" />
</exclusive-start>
<allocation-taxation id="2191" taxation-threshold="25165824" timestamp="2019-07-07T05:36:19.112" intervalms="11.230" />
<cycle-start id="2192" type="partial gc" contextid="0" timestamp="2019-07-07T05:36:19.112" intervalms="11.230" />
<gc-start id="2193" type="partial gc" contextid="2192" timestamp="2019-07-07T05:36:19.112">
  <mem-info id="2194" free="19922944" total="73400320" percent="27">
    <mem type="eden" free="0" total="25165824" percent="0" />
    <remembered-set count="7936" freebytes="2898176" totalbytes="2929920" percent="98" regionsoverflowed="0" regionsstable="14" regionsrebuilding="0"/>
  </mem-info>
</gc-start>
<allocation-stats totalBytes="25073816" >
  <allocated-bytes non-tlh="0" tlh="25073816" arrayletleaf="0"/>
  <largest-consumer threadName="main" threadId="000000000096B700" bytes="25073816" />
</allocation-stats>
<gc-op id="2195" type="copy forward" timems="1.113" contextid="2192" timestamp="2019-07-07T05:36:19.114">
  <memory-copied type="eden" objects="1" bytes="24" bytesdiscarded="0" />
  <memory-copied type="other" objects="21" bytes="608" bytesdiscarded="192" />
  <memory-cardclean objects="41" bytes="9640" />
  <regions eden="24" other="1" />
  <remembered-set-cleared processed="6656" cleared="9" durationms="0.137" />
  <references type="weak" candidates="14" cleared="0" enqueued="0" />
  <stringconstants candidates="13835" cleared="0"  />
</gc-op>
<gc-op id="2196" type="classunload" timems="0.016" contextid="2192" timestamp="2019-07-07T05:36:19.114">
  <classunload-info classloadercandidates="54" classloadersunloaded="0" classesunloaded="0" anonymousclassesunloaded="0" quiescems="0.000" setupms="0.016" scanms="0.000" postms="0.000" />
</gc-op>
<gc-end id="2197" type="partial gc" contextid="2192" durationms="2.485" usertimems="4.000" systemtimems="0.000" timestamp="2019-07-07T05:36:19.115" activeThreads="1">
  <mem-info id="2198" free="45088768" total="73400320" percent="61">
    <mem type="eden" free="1048552" total="1048576" percent="99" />
    <remembered-set count="8384" freebytes="2896384" totalbytes="2929920" percent="98" regionsoverflowed="0" regionsstable="14" regionsrebuilding="0"/>
  </mem-info>
</gc-end>
<cycle-end id="2199" type="partial gc" contextid="2192" timestamp="2019-07-07T05:36:19.115" />
  <attribute name="elasticGC enabled" value="1" />
  <attribute name= "numThreadsSpecified" value="1" />
  <attribute name="heapSize specified" value="0" />
  <attribute name="Current GC Util" value="271" />
  <attribute name= "Current Time Running" value="19807" />
  <attribute name ="GC Interval" value="0" />
  <attribute name="ProportionalT" value="125.500000" />
  <attribute name="ProportionalI" value="125.500000" />
  <attribute name="ProportionalH" value="125.500000" />
  <attribute name="Current Error" value="251.000000" />
  <attribute name="IntegralT" value="0.000000" />
  <attribute name="IntegralI" value="0.000000" />
  <attribute name="IntegralH" value="0.000000" />
  <attribute name="DerivativeT" value="inf" />
  <attribute name="DerivativeI" value="inf" />
  <attribute name="DerivativeH" value="inf" />
  <attribute name="Loop Time for DT" value="0.000000" />
  <attribute name="Output H" value="8388608"/>
  <attribute name="Output I" value="200"/>
  <attribute name="Output T" value="1"/>
  <attribute name="Target GC Util Change" value ="20.000000" />
  <attribute name="Current GC Util Change" value="271.000000"/>
  <attribute name="GC Util currently" value="271" />
  <attribute name="CPU Util currently" value="12133365565056" />
<exclusive-end id="2200" timestamp="2019-07-07T05:36:19.115" durationms="3.609" />

<exclusive-start id="2201" timestamp="2019-07-07T05:36:19.123" intervalms="11.061">
  <response-info timems="0.090" idlems="0.090" threads="0" lastid="000000000096B700" lastname="main" />
</exclusive-start>
<allocation-taxation id="2202" taxation-threshold="25165824" timestamp="2019-07-07T05:36:19.123" intervalms="11.161" />
<cycle-start id="2203" type="partial gc" contextid="0" timestamp="2019-07-07T05:36:19.123" intervalms="11.162" />
<gc-start id="2204" type="partial gc" contextid="2203" timestamp="2019-07-07T05:36:19.123">
  <mem-info id="2205" free="19922944" total="73400320" percent="27">
    <mem type="eden" free="1048552" total="26214400" percent="3" />
    <remembered-set count="7936" freebytes="2898176" totalbytes="2929920" percent="98" regionsoverflowed="0" regionsstable="14" regionsrebuilding="0"/>
  </mem-info>
</gc-start>
<allocation-stats totalBytes="25080968" >
  <allocated-bytes non-tlh="0" tlh="25080968" arrayletleaf="0"/>
  <largest-consumer threadName="main" threadId="000000000096B700" bytes="25080968" />
</allocation-stats>
<gc-op id="2206" type="copy forward" timems="3.186" contextid="2203" timestamp="2019-07-07T05:36:19.127">
  <memory-copied type="eden" objects="1" bytes="24" bytesdiscarded="0" />
  <memory-copied type="other" objects="1279" bytes="95824" bytesdiscarded="4584" />
  <memory-cardclean objects="129" bytes="16928" />
  <regions eden="24" other="2" />
  <remembered-set-cleared processed="6634" cleared="73" durationms="0.102" />
  <references type="soft" candidates="9" cleared="0" enqueued="0" dynamicThreshold="19" maxThreshold="32" />
  <references type="weak" candidates="52" cleared="0" enqueued="0" />
  <stringconstants candidates="13835" cleared="0"  />
</gc-op>
<gc-op id="2207" type="classunload" timems="0.004" contextid="2203" timestamp="2019-07-07T05:36:19.128">
  <classunload-info classloadercandidates="54" classloadersunloaded="0" classesunloaded="0" anonymousclassesunloaded="0" quiescems="0.000" setupms="0.004" scanms="0.000" postms="0.000" />
</gc-op>
<heap-resize id="2208" type="contract" space="default" amount="3145728" count="1" timems="0.069" reason="excess free space following gc" timestamp="2019-07-07T05:36:19.128" />
<gc-end id="2209" type="partial gc" contextid="2203" durationms="4.712" usertimems="8.000" systemtimems="0.000" timestamp="2019-07-07T05:36:19.128" activeThreads="4">
  <mem-info id="2210" free="42991616" total="70254592" percent="61">
    <mem type="eden" free="1048552" total="1048576" percent="99" />
    <remembered-set count="8480" freebytes="2896000" totalbytes="2929920" percent="98" regionsoverflowed="0" regionsstable="14" regionsrebuilding="0"/>
  </mem-info>
</gc-end>
<cycle-end id="2211" type="partial gc" contextid="2203" timestamp="2019-07-07T05:36:19.128" />
  <attribute name="elasticGC enabled" value="1" />
  <attribute name= "numThreadsSpecified" value="4" />
  <attribute name="heapSize specified" value="0" />
  <attribute name="Current GC Util" value="270" />
  <attribute name= "Current Time Running" value="19819" />
  <attribute name ="GC Interval" value="0" />
  <attribute name="ProportionalT" value="125.000000" />
  <attribute name="ProportionalI" value="125.000000" />
  <attribute name="ProportionalH" value="125.000000" />
  <attribute name="Current Error" value="250.000000" />
  <attribute name="IntegralT" value="125.000000" />
  <attribute name="IntegralI" value="125.000000" />
  <attribute name="IntegralH" value="125.000000" />
  <attribute name="DerivativeT" value="250.000000" />
  <attribute name="DerivativeI" value="250.000000" />
  <attribute name="DerivativeH" value="250.000000" />
  <attribute name="Loop Time for DT" value="1.000000" />
  <attribute name="Output H" value="8388608"/>
  <attribute name="Output I" value="504"/>
  <attribute name="Output T" value="4"/>
  <attribute name="Target GC Util Change" value ="20.000000" />
  <attribute name="Current GC Util Change" value="270.000000"/>
  <attribute name="GC Util currently" value="270" />
  <attribute name="CPU Util currently" value="12091943794301" />
<exclusive-end id="2212" timestamp="2019-07-07T05:36:19.129" durationms="5.992" />

<exclusive-start id="2213" timestamp="2019-07-07T05:36:19.136" intervalms="13.300">
  <response-info timems="0.171" idlems="0.171" threads="0" lastid="000000000096B700" lastname="main" />
</exclusive-start>
<allocation-taxation id="2214" taxation-threshold="24117248" timestamp="2019-07-07T05:36:19.136" intervalms="13.278" />
<cycle-start id="2215" type="partial gc" contextid="0" timestamp="2019-07-07T05:36:19.136" intervalms="13.276" />
<gc-start id="2216" type="partial gc" contextid="2215" timestamp="2019-07-07T05:36:19.137">
  <mem-info id="2217" free="18874368" total="70254592" percent="26">
    <mem type="eden" free="1048552" total="25165824" percent="4" />
    <remembered-set count="8480" freebytes="2896000" totalbytes="2929920" percent="98" regionsoverflowed="0" regionsstable="14" regionsrebuilding="0"/>
  </mem-info>
</gc-start>
<allocation-stats totalBytes="24035824" >
  <allocated-bytes non-tlh="0" tlh="24035824" arrayletleaf="0"/>
  <largest-consumer threadName="main" threadId="000000000096B700" bytes="24035824" />
</allocation-stats>
<gc-op id="2218" type="copy forward" timems="1.223" contextid="2215" timestamp="2019-07-07T05:36:19.139">
  <memory-copied type="eden" objects="1" bytes="24" bytesdiscarded="0" />
  <memory-copied type="other" objects="0" bytes="0" bytesdiscarded="0" />
  <memory-cardclean objects="359" bytes="22016" />
  <regions eden="23" other="1" />
  <remembered-set-cleared processed="6618" cleared="33" durationms="0.139" />
  <stringconstants candidates="13835" cleared="0"  />
</gc-op>
<gc-op id="2219" type="classunload" timems="0.003" contextid="2215" timestamp="2019-07-07T05:36:19.139">
  <classunload-info classloadercandidates="54" classloadersunloaded="0" classesunloaded="0" anonymousclassesunloaded="0" quiescems="0.000" setupms="0.003" scanms="0.000" postms="0.000" />
</gc-op>
<gc-end id="2220" type="partial gc" contextid="2215" durationms="2.883" usertimems="0.000" systemtimems="0.000" timestamp="2019-07-07T05:36:19.139" activeThreads="1">
  <mem-info id="2221" free="42991616" total="70254592" percent="61">
    <mem type="eden" free="1048552" total="1048576" percent="99" />
    <remembered-set count="7616" freebytes="2773888" totalbytes="2804352" percent="98" regionsoverflowed="0" regionsstable="14" regionsrebuilding="0"/>
  </mem-info>
</gc-end>
<cycle-end id="2222" type="partial gc" contextid="2215" timestamp="2019-07-07T05:36:19.140" />
  <attribute name="elasticGC enabled" value="1" />
  <attribute name= "numThreadsSpecified" value="1" />
  <attribute name="heapSize specified" value="0" />
  <attribute name="Current GC Util" value="128" />
  <attribute name= "Current Time Running" value="19832" />
  <attribute name ="GC Interval" value="0" />
  <attribute name="ProportionalT" value="54.000000" />
  <attribute name="ProportionalI" value="54.000000" />
  <attribute name="ProportionalH" value="54.000000" />
  <attribute name="Current Error" value="108.000000" />
  <attribute name="IntegralT" value="0.000000" />
  <attribute name="IntegralI" value="0.000000" />
  <attribute name="IntegralH" value="0.000000" />
  <attribute name="DerivativeT" value="inf" />
  <attribute name="DerivativeI" value="inf" />
  <attribute name="DerivativeH" value="inf" />
  <attribute name="Loop Time for DT" value="0.000000" />
  <attribute name="Output H" value="8388608"/>
  <attribute name="Output I" value="200"/>
  <attribute name="Output T" value="1"/>
  <attribute name="Target GC Util Change" value ="20.000000" />
  <attribute name="Current GC Util Change" value="128.000000"/>
  <attribute name="GC Util currently" value="128" />
  <attribute name="CPU Util currently" value="8203890858362" />
<exclusive-end id="2223" timestamp="2019-07-07T05:36:19.140" durationms="3.995" />

<exclusive-start id="2224" timestamp="2019-07-07T05:36:19.143" intervalms="7.622">
  <response-info timems="0.073" idlems="0.073" threads="0" lastid="000000000096B700" lastname="main" />
</exclusive-start>
<allocation-taxation id="2225" taxation-threshold="11534336" timestamp="2019-07-07T05:36:19.144" intervalms="7.577" />
<cycle-start id="2226" type="global mark phase" contextid="0" timestamp="2019-07-07T05:36:19.144" intervalms="613.007" />
<gc-start id="2227" type="global mark phase" contextid="2226" timestamp="2019-07-07T05:36:19.144">
  <mem-info id="2228" free="31457280" total="70254592" percent="44">
    <remembered-set count="7296" freebytes="2775168" totalbytes="2804352" percent="98" regionsoverflowed="0" regionsstable="14" regionsrebuilding="0"/>
  </mem-info>
</gc-start>
<gc-op id="2229" type="mark increment" timems="0.990" contextid="2226" timestamp="2019-07-07T05:36:19.145">
  <trace-info objectcount="172" scancount="0" scanbytes="0" />
</gc-op>
<gc-end id="2230" type="global mark phase" contextid="2226" durationms="1.221" usertimems="4.000" systemtimems="0.000" timestamp="2019-07-07T05:36:19.145" activeThreads="1">
  <mem-info id="2231" free="31457280" total="70254592" percent="44">
    <remembered-set count="7296" freebytes="2775168" totalbytes="2804352" percent="98" regionsoverflowed="0" regionsstable="0" regionsrebuilding="14"/>
  </mem-info>
</gc-end>
<concurrent-start id="2232" type="GMP work packet processing" contextid="2226" timestamp="2019-07-07T05:36:19.145">
  <concurrent-mark-start scanTarget="1048576" />
</concurrent-start>
<exclusive-end id="2233" timestamp="2019-07-07T05:36:19.146" durationms="2.188" />

<concurrent-end id="2234" type="GMP work packet processing" contextid="2226" timestamp="2019-07-07T05:36:19.147">
  <concurrent-mark-end bytesScanned="1112140" reasonForTermination="Work target met" />
</concurrent-end>

<exclusive-start id="2235" timestamp="2019-07-07T05:36:19.149" intervalms="5.885">
  <response-info timems="0.074" idlems="0.074" threads="0" lastid="000000000096B700" lastname="main" />
</exclusive-start>
<allocation-taxation id="2236" taxation-threshold="11534336" timestamp="2019-07-07T05:36:19.150" intervalms="5.897" />
<cycle-start id="2237" type="partial gc" contextid="0" timestamp="2019-07-07T05:36:19.150" intervalms="13.486" />
<gc-start id="2238" type="partial gc" contextid="2237" timestamp="2019-07-07T05:36:19.150">
  <mem-info id="2239" free="19922944" total="70254592" percent="28">
    <mem type="eden" free="1048552" total="24117248" percent="4" />
    <remembered-set count="17728" freebytes="2733440" totalbytes="2804352" percent="97" regionsoverflowed="0" regionsstable="0" regionsrebuilding="14"/>
  </mem-info>
</gc-start>
<allocation-stats totalBytes="22990680" >
  <allocated-bytes non-tlh="0" tlh="22990680" arrayletleaf="0"/>
  <largest-consumer threadName="main" threadId="000000000096B700" bytes="11496584" />
</allocation-stats>
<gc-op id="2240" type="copy forward" timems="3.451" contextid="2237" timestamp="2019-07-07T05:36:19.155">
  <memory-copied type="eden" objects="1" bytes="24" bytesdiscarded="0" />
  <memory-copied type="other" objects="0" bytes="0" bytesdiscarded="0" />
  <memory-cardclean objects="17" bytes="448" />
  <regions eden="22" other="1" />
  <remembered-set-cleared processed="15676" cleared="0" durationms="0.140" />
  <stringconstants candidates="13835" cleared="0"  />
</gc-op>
<gc-op id="2241" type="classunload" timems="0.003" contextid="2237" timestamp="2019-07-07T05:36:19.155">
  <classunload-info classloadercandidates="54" classloadersunloaded="0" classesunloaded="0" anonymousclassesunloaded="0" quiescems="0.000" setupms="0.003" scanms="0.000" postms="0.000" />
</gc-op>
<gc-end id="2242" type="partial gc" contextid="2237" durationms="4.807" usertimems="8.000" systemtimems="4.000" timestamp="2019-07-07T05:36:19.155" activeThreads="4">
  <mem-info id="2243" free="42991616" total="70254592" percent="61">
    <mem type="eden" free="1048552" total="1048576" percent="99" />
    <remembered-set count="17152" freebytes="2735744" totalbytes="2804352" percent="97" regionsoverflowed="0" regionsstable="0" regionsrebuilding="14"/>
  </mem-info>
</gc-end>
<cycle-end id="2244" type="partial gc" contextid="2237" timestamp="2019-07-07T05:36:19.155" />
  <attribute name="elasticGC enabled" value="1" />
  <attribute name= "numThreadsSpecified" value="4" />
  <attribute name="heapSize specified" value="0" />
  <attribute name="Current GC Util" value="160" />
  <attribute name= "Current Time Running" value="19846" />
  <attribute name ="GC Interval" value="0" />
  <attribute name="ProportionalT" value="70.000000" />
  <attribute name="ProportionalI" value="70.000000" />
  <attribute name="ProportionalH" value="70.000000" />
  <attribute name="Current Error" value="140.000000" />
  <attribute name="IntegralT" value="70.000000" />
  <attribute name="IntegralI" value="70.000000" />
  <attribute name="IntegralH" value="70.000000" />
  <attribute name="DerivativeT" value="65.000000" />
  <attribute name="DerivativeI" value="65.000000" />
  <attribute name="DerivativeH" value="65.000000" />
  <attribute name="Loop Time for DT" value="1.000000" />
  <attribute name="Output H" value="8388608"/>
  <attribute name="Output I" value="208"/>
  <attribute name="Output T" value="4"/>
  <attribute name="Target GC Util Change" value ="20.000000" />
  <attribute name="Current GC Util Change" value="160.000000"/>
  <attribute name="GC Util currently" value="160" />
  <attribute name="CPU Util currently" value="12854766325377" />
<exclusive-end id="2245" timestamp="2019-07-07T05:36:19.155" durationms="5.991" />

<exclusive-start id="2246" timestamp="2019-07-07T05:36:19.159" intervalms="9.706">
  <response-info timems="0.079" idlems="0.079" threads="0" lastid="000000000096B700" lastname="main" />
</exclusive-start>
<allocation-taxation id="2247" taxation-threshold="11534336" timestamp="2019-07-07T05:36:19.159" intervalms="9.687" />
<gc-start id="2248" type="global mark phase" contextid="2226" timestamp="2019-07-07T05:36:19.159">
  <mem-info id="2249" free="31457280" total="70254592" percent="44">
    <remembered-set count="17152" freebytes="2735744" totalbytes="2804352" percent="97" regionsoverflowed="0" regionsstable="0" regionsrebuilding="14"/>
  </mem-info>
</gc-start>
<gc-end id="2250" type="global mark phase" contextid="2226" durationms="0.169" usertimems="0.000" systemtimems="0.000" timestamp="2019-07-07T05:36:19.160" activeThreads="4">
  <mem-info id="2251" free="31457280" total="70254592" percent="44">
    <remembered-set count="17152" freebytes="2735744" totalbytes="2804352" percent="97" regionsoverflowed="0" regionsstable="0" regionsrebuilding="14"/>
  </mem-info>
</gc-end>
<concurrent-start id="2252" type="GMP work packet processing" contextid="2226" timestamp="2019-07-07T05:36:19.160">
  <concurrent-mark-start scanTarget="1735661" />
</concurrent-start>
<exclusive-end id="2253" timestamp="2019-07-07T05:36:19.160" durationms="0.958" />

<concurrent-end id="2254" type="GMP work packet processing" contextid="2226" timestamp="2019-07-07T05:36:19.162">
  <concurrent-mark-end bytesScanned="1826028" reasonForTermination="Work target met" />
</concurrent-end>

<exclusive-start id="2255" timestamp="2019-07-07T05:36:19.164" intervalms="4.642">
  <response-info timems="0.071" idlems="0.071" threads="0" lastid="000000000096B700" lastname="main" />
</exclusive-start>
<allocation-taxation id="2256" taxation-threshold="11534336" timestamp="2019-07-07T05:36:19.164" intervalms="4.619" />
<cycle-start id="2257" type="partial gc" contextid="0" timestamp="2019-07-07T05:36:19.164" intervalms="14.293" />
<gc-start id="2258" type="partial gc" contextid="2257" timestamp="2019-07-07T05:36:19.164">
  <mem-info id="2259" free="19922944" total="70254592" percent="28">
    <mem type="eden" free="1048552" total="24117248" percent="4" />
    <remembered-set count="30784" freebytes="2681216" totalbytes="2804352" percent="95" regionsoverflowed="0" regionsstable="0" regionsrebuilding="14"/>
  </mem-info>
</gc-start>
<allocation-stats totalBytes="22990680" >
  <allocated-bytes non-tlh="0" tlh="22990680" arrayletleaf="0"/>
  <largest-consumer threadName="main" threadId="000000000096B700" bytes="11496584" />
</allocation-stats>
<gc-op id="2260" type="copy forward" timems="3.080" contextid="2257" timestamp="2019-07-07T05:36:19.168">
  <memory-copied type="eden" objects="1" bytes="24" bytesdiscarded="0" />
  <memory-copied type="other" objects="0" bytes="0" bytesdiscarded="0" />
  <memory-cardclean objects="17" bytes="448" />
  <regions eden="22" other="1" />
  <remembered-set-cleared processed="28897" cleared="7" durationms="0.158" />
  <stringconstants candidates="13835" cleared="0"  />
</gc-op>
<gc-op id="2261" type="classunload" timems="0.003" contextid="2257" timestamp="2019-07-07T05:36:19.168">
  <classunload-info classloadercandidates="54" classloadersunloaded="0" classesunloaded="0" anonymousclassesunloaded="0" quiescems="0.000" setupms="0.003" scanms="0.000" postms="0.000" />
</gc-op>
<gc-end id="2262" type="partial gc" contextid="2257" durationms="4.247" usertimems="4.000" systemtimems="4.000" timestamp="2019-07-07T05:36:19.169" activeThreads="4">
  <mem-info id="2263" free="42991616" total="70254592" percent="61">
    <mem type="eden" free="1048552" total="1048576" percent="99" />
    <remembered-set count="30720" freebytes="2681472" totalbytes="2804352" percent="95" regionsoverflowed="0" regionsstable="0" regionsrebuilding="14"/>
  </mem-info>
</gc-end>
<cycle-end id="2264" type="partial gc" contextid="2257" timestamp="2019-07-07T05:36:19.169" />
  <attribute name="elasticGC enabled" value="1" />
  <attribute name= "numThreadsSpecified" value="4" />
  <attribute name="heapSize specified" value="0" />
  <attribute name="Current GC Util" value="159" />
  <attribute name= "Current Time Running" value="19860" />
  <attribute name ="GC Interval" value="0" />
  <attribute name="ProportionalT" value="69.500000" />
  <attribute name="ProportionalI" value="69.500000" />
  <attribute name="ProportionalH" value="69.500000" />
  <attribute name="Current Error" value="139.000000" />
  <attribute name="IntegralT" value="69.500000" />
  <attribute name="IntegralI" value="69.500000" />
  <attribute name="IntegralH" value="69.500000" />
  <attribute name="DerivativeT" value="54.000000" />
  <attribute name="DerivativeI" value="54.000000" />
  <attribute name="DerivativeH" value="54.000000" />
  <attribute name="Loop Time for DT" value="1.000000" />
  <attribute name="Output H" value="8388608"/>
  <attribute name="Output I" value="200"/>
  <attribute name="Output T" value="4"/>
  <attribute name="Target GC Util Change" value ="20.000000" />
  <attribute name="Current GC Util Change" value="159.000000"/>
  <attribute name="GC Util currently" value="159" />
  <attribute name="CPU Util currently" value="13748169518093" />
<exclusive-end id="2265" timestamp="2019-07-07T05:36:19.169" durationms="5.388" />

<exclusive-start id="2266" timestamp="2019-07-07T05:36:19.173" intervalms="9.023">
  <response-info timems="0.074" idlems="0.074" threads="0" lastid="000000000096B700" lastname="main" />
</exclusive-start>
<allocation-taxation id="2267" taxation-threshold="11534336" timestamp="2019-07-07T05:36:19.173" intervalms="9.005" />
<gc-start id="2268" type="global mark phase" contextid="2226" timestamp="2019-07-07T05:36:19.173">
  <mem-info id="2269" free="31457280" total="70254592" percent="44">
    <remembered-set count="30720" freebytes="2681472" totalbytes="2804352" percent="95" regionsoverflowed="0" regionsstable="0" regionsrebuilding="14"/>
  </mem-info>
</gc-start>
<gc-end id="2270" type="global mark phase" contextid="2226" durationms="0.200" usertimems="0.000" systemtimems="0.000" timestamp="2019-07-07T05:36:19.173" activeThreads="4">
  <mem-info id="2271" free="31457280" total="70254592" percent="44">
    <remembered-set count="30720" freebytes="2681472" totalbytes="2804352" percent="95" regionsoverflowed="0" regionsstable="0" regionsrebuilding="14"/>
  </mem-info>
</gc-end>
<concurrent-start id="2272" type="GMP work packet processing" contextid="2226" timestamp="2019-07-07T05:36:19.173">
  <concurrent-mark-start scanTarget="1735661" />
</concurrent-start>
<exclusive-end id="2273" timestamp="2019-07-07T05:36:19.174" durationms="0.892" />

<concurrent-end id="2274" type="GMP work packet processing" contextid="2226" timestamp="2019-07-07T05:36:19.175">
  <concurrent-mark-end bytesScanned="1776672" reasonForTermination="Work target met" />
</concurrent-end>

<exclusive-start id="2275" timestamp="2019-07-07T05:36:19.177" intervalms="4.570">
  <response-info timems="0.070" idlems="0.070" threads="0" lastid="000000000096B700" lastname="main" />
</exclusive-start>
<allocation-taxation id="2276" taxation-threshold="11534336" timestamp="2019-07-07T05:36:19.177" intervalms="4.547" />
<cycle-start id="2277" type="partial gc" contextid="0" timestamp="2019-07-07T05:36:19.178" intervalms="13.561" />
<gc-start id="2278" type="partial gc" contextid="2277" timestamp="2019-07-07T05:36:19.178">
  <mem-info id="2279" free="19922944" total="70254592" percent="28">
    <mem type="eden" free="1048552" total="24117248" percent="4" />
    <remembered-set count="45600" freebytes="2621952" totalbytes="2804352" percent="93" regionsoverflowed="0" regionsstable="0" regionsrebuilding="14"/>
  </mem-info>
</gc-start>
<allocation-stats totalBytes="22990680" >
  <allocated-bytes non-tlh="0" tlh="22990680" arrayletleaf="0"/>
  <largest-consumer threadName="main" threadId="000000000096B700" bytes="11496584" />
</allocation-stats>
<gc-op id="2280" type="copy forward" timems="1.681" contextid="2277" timestamp="2019-07-07T05:36:19.180">
  <memory-copied type="eden" objects="1" bytes="24" bytesdiscarded="0" />
  <memory-copied type="other" objects="0" bytes="0" bytesdiscarded="0" />
  <memory-cardclean objects="17" bytes="448" />
  <regions eden="22" other="1" />
  <remembered-set-cleared processed="43788" cleared="18" durationms="0.351" />
  <stringconstants candidates="13835" cleared="0"  />
</gc-op>
<gc-op id="2281" type="classunload" timems="0.003" contextid="2277" timestamp="2019-07-07T05:36:19.181">
  <classunload-info classloadercandidates="54" classloadersunloaded="0" classesunloaded="0" anonymousclassesunloaded="0" quiescems="0.000" setupms="0.003" scanms="0.000" postms="0.000" />
</gc-op>
<gc-end id="2282" type="partial gc" contextid="2277" durationms="2.879" usertimems="0.000" systemtimems="4.000" timestamp="2019-07-07T05:36:19.181" activeThreads="1">
  <mem-info id="2283" free="42991616" total="70254592" percent="61">
    <mem type="eden" free="1048552" total="1048576" percent="99" />
    <remembered-set count="46080" freebytes="2620032" totalbytes="2804352" percent="93" regionsoverflowed="0" regionsstable="0" regionsrebuilding="14"/>
  </mem-info>
</gc-end>
<cycle-end id="2284" type="partial gc" contextid="2277" timestamp="2019-07-07T05:36:19.181" />
  <attribute name="elasticGC enabled" value="1" />
  <attribute name= "numThreadsSpecified" value="1" />
  <attribute name="heapSize specified" value="0" />
  <attribute name="Current GC Util" value="147" />
  <attribute name= "Current Time Running" value="19873" />
  <attribute name ="GC Interval" value="0" />
  <attribute name="ProportionalT" value="63.500000" />
  <attribute name="ProportionalI" value="63.500000" />
  <attribute name="ProportionalH" value="63.500000" />
  <attribute name="Current Error" value="127.000000" />
  <attribute name="IntegralT" value="0.000000" />
  <attribute name="IntegralI" value="0.000000" />
  <attribute name="IntegralH" value="0.000000" />
  <attribute name="DerivativeT" value="inf" />
  <attribute name="DerivativeI" value="inf" />
  <attribute name="DerivativeH" value="inf" />
  <attribute name="Loop Time for DT" value="0.000000" />
  <attribute name="Output H" value="8388608"/>
  <attribute name="Output I" value="200"/>
  <attribute name="Output T" value="1"/>
  <attribute name="Target GC Util Change" value ="20.000000" />
  <attribute name="Current GC Util Change" value="147.000000"/>
  <attribute name="GC Util currently" value="147" />
  <attribute name="CPU Util currently" value="13238086440521" />
<exclusive-end id="2285" timestamp="2019-07-07T05:36:19.181" durationms="3.899" />

<exclusive-start id="2286" timestamp="2019-07-07T05:36:19.185" intervalms="7.564">
  <response-info timems="0.074" idlems="0.074" threads="0" lastid="000000000096B700" lastname="main" />
</exclusive-start>
<allocation-taxation id="2287" taxation-threshold="11534336" timestamp="2019-07-07T05:36:19.185" intervalms="7.582" />
<gc-start id="2288" type="global mark phase" contextid="2226" timestamp="2019-07-07T05:36:19.185">
  <mem-info id="2289" free="31457280" total="70254592" percent="44">
    <remembered-set count="45600" freebytes="2621952" totalbytes="2804352" percent="93" regionsoverflowed="0" regionsstable="0" regionsrebuilding="14"/>
  </mem-info>
</gc-start>
<gc-end id="2290" type="global mark phase" contextid="2226" durationms="0.122" usertimems="0.000" systemtimems="0.000" timestamp="2019-07-07T05:36:19.185" activeThreads="1">
  <mem-info id="2291" free="31457280" total="70254592" percent="44">
    <remembered-set count="45600" freebytes="2621952" totalbytes="2804352" percent="93" regionsoverflowed="0" regionsstable="0" regionsrebuilding="14"/>
  </mem-info>
</gc-end>
<concurrent-start id="2292" type="GMP work packet processing" contextid="2226" timestamp="2019-07-07T05:36:19.186">
  <concurrent-mark-start scanTarget="1048576" />
</concurrent-start>
<exclusive-end id="2293" timestamp="2019-07-07T05:36:19.186" durationms="0.855" />

<concurrent-end id="2294" type="GMP work packet processing" contextid="2226" timestamp="2019-07-07T05:36:19.187">
  <concurrent-mark-end bytesScanned="1092072" reasonForTermination="Work target met" />
</concurrent-end>

<exclusive-start id="2295" timestamp="2019-07-07T05:36:19.189" intervalms="4.456">
  <response-info timems="0.072" idlems="0.072" threads="0" lastid="000000000096B700" lastname="main" />
</exclusive-start>
<allocation-taxation id="2296" taxation-threshold="11534336" timestamp="2019-07-07T05:36:19.189" intervalms="4.433" />
<cycle-start id="2297" type="partial gc" contextid="0" timestamp="2019-07-07T05:36:19.190" intervalms="11.991" />
<gc-start id="2298" type="partial gc" contextid="2297" timestamp="2019-07-07T05:36:19.190">
  <mem-info id="2299" free="19922944" total="70254592" percent="28">
    <mem type="eden" free="1048552" total="24117248" percent="4" />
    <remembered-set count="54304" freebytes="2587136" totalbytes="2804352" percent="92" regionsoverflowed="0" regionsstable="0" regionsrebuilding="14"/>
  </mem-info>
</gc-start>
<allocation-stats totalBytes="22990680" >
  <allocated-bytes non-tlh="0" tlh="22990680" arrayletleaf="0"/>
  <largest-consumer threadName="main" threadId="000000000096B700" bytes="11496584" />
</allocation-stats>
<gc-op id="2300" type="copy forward" timems="1.633" contextid="2297" timestamp="2019-07-07T05:36:19.192">
  <memory-copied type="eden" objects="1" bytes="24" bytesdiscarded="0" />
  <memory-copied type="other" objects="0" bytes="0" bytesdiscarded="0" />
  <memory-cardclean objects="17" bytes="448" />
  <regions eden="22" other="1" />
  <remembered-set-cleared processed="51900" cleared="6" durationms="0.387" />
  <stringconstants candidates="13835" cleared="0"  />
</gc-op>
<gc-op id="2301" type="classunload" timems="0.003" contextid="2297" timestamp="2019-07-07T05:36:19.193">
  <classunload-info classloadercandidates="54" classloadersunloaded="0" classesunloaded="0" anonymousclassesunloaded="0" quiescems="0.000" setupms="0.003" scanms="0.000" postms="0.000" />
</gc-op>
<gc-end id="2302" type="partial gc" contextid="2297" durationms="2.886" usertimems="4.000" systemtimems="0.000" timestamp="2019-07-07T05:36:19.193" activeThreads="1">
  <mem-info id="2303" free="42991616" total="70254592" percent="61">
    <mem type="eden" free="1048552" total="1048576" percent="99" />
    <remembered-set count="54784" freebytes="2585216" totalbytes="2804352" percent="92" regionsoverflowed="0" regionsstable="0" regionsrebuilding="14"/>
  </mem-info>
</gc-end>
<cycle-end id="2304" type="partial gc" contextid="2297" timestamp="2019-07-07T05:36:19.193" />
  <attribute name="elasticGC enabled" value="1" />
  <attribute name= "numThreadsSpecified" value="1" />
  <attribute name="heapSize specified" value="0" />
  <attribute name="Current GC Util" value="148" />
  <attribute name= "Current Time Running" value="19885" />
  <attribute name ="GC Interval" value="0" />
  <attribute name="ProportionalT" value="64.000000" />
  <attribute name="ProportionalI" value="64.000000" />
  <attribute name="ProportionalH" value="64.000000" />
  <attribute name="Current Error" value="128.000000" />
  <attribute name="IntegralT" value="0.000000" />
  <attribute name="IntegralI" value="0.000000" />
  <attribute name="IntegralH" value="0.000000" />
  <attribute name="DerivativeT" value="inf" />
  <attribute name="DerivativeI" value="inf" />
  <attribute name="DerivativeH" value="inf" />
  <attribute name="Loop Time for DT" value="0.000000" />
  <attribute name="Output H" value="8388608"/>
  <attribute name="Output I" value="200"/>
  <attribute name="Output T" value="1"/>
  <attribute name="Target GC Util Change" value ="20.000000" />
  <attribute name="Current GC Util Change" value="148.000000"/>
  <attribute name="GC Util currently" value="148" />
  <attribute name="CPU Util currently" value="13367128256363" />
<exclusive-end id="2305" timestamp="2019-07-07T05:36:19.193" durationms="3.775" />

<exclusive-start id="2306" timestamp="2019-07-07T05:36:19.197" intervalms="7.428">
  <response-info timems="0.073" idlems="0.073" threads="0" lastid="000000000096B700" lastname="main" />
</exclusive-start>
<allocation-taxation id="2307" taxation-threshold="11534336" timestamp="2019-07-07T05:36:19.197" intervalms="7.466" />
<gc-start id="2308" type="global mark phase" contextid="2226" timestamp="2019-07-07T05:36:19.197">
  <mem-info id="2309" free="31457280" total="70254592" percent="44">
    <remembered-set count="54304" freebytes="2587136" totalbytes="2804352" percent="92" regionsoverflowed="0" regionsstable="0" regionsrebuilding="14"/>
  </mem-info>
</gc-start>
<gc-end id="2310" type="global mark phase" contextid="2226" durationms="0.118" usertimems="0.000" systemtimems="0.000" timestamp="2019-07-07T05:36:19.197" activeThreads="1">
  <mem-info id="2311" free="31457280" total="70254592" percent="44">
    <remembered-set count="54304" freebytes="2587136" totalbytes="2804352" percent="92" regionsoverflowed="0" regionsstable="0" regionsrebuilding="14"/>
  </mem-info>
</gc-end>
<concurrent-start id="2312" type="GMP work packet processing" contextid="2226" timestamp="2019-07-07T05:36:19.197">
  <concurrent-mark-start scanTarget="1048576" />
</concurrent-start>
<exclusive-end id="2313" timestamp="2019-07-07T05:36:19.198" durationms="0.950" />

<concurrent-end id="2314" type="GMP work packet processing" contextid="2226" timestamp="2019-07-07T05:36:19.199">
  <concurrent-mark-end bytesScanned="1088408" reasonForTermination="Work target met" />
</concurrent-end>

<exclusive-start id="2315" timestamp="2019-07-07T05:36:19.201" intervalms="4.597">
  <response-info timems="0.071" idlems="0.071" threads="0" lastid="000000000096B700" lastname="main" />
</exclusive-start>
<allocation-taxation id="2316" taxation-threshold="11534336" timestamp="2019-07-07T05:36:19.201" intervalms="4.586" />
<cycle-start id="2317" type="partial gc" contextid="0" timestamp="2019-07-07T05:36:19.202" intervalms="12.055" />
<gc-start id="2318" type="partial gc" contextid="2317" timestamp="2019-07-07T05:36:19.202">
  <mem-info id="2319" free="19922944" total="70254592" percent="28">
    <mem type="eden" free="1048552" total="24117248" percent="4" />
    <remembered-set count="62016" freebytes="2556288" totalbytes="2804352" percent="91" regionsoverflowed="0" regionsstable="0" regionsrebuilding="14"/>
  </mem-info>
</gc-start>
<allocation-stats totalBytes="22990680" >
  <allocated-bytes non-tlh="0" tlh="22990680" arrayletleaf="0"/>
  <largest-consumer threadName="main" threadId="000000000096B700" bytes="11496584" />
</allocation-stats>
<gc-op id="2320" type="copy forward" timems="1.682" contextid="2317" timestamp="2019-07-07T05:36:19.205">
  <memory-copied type="eden" objects="1" bytes="24" bytesdiscarded="0" />
  <memory-copied type="other" objects="0" bytes="0" bytesdiscarded="0" />
  <memory-cardclean objects="17" bytes="448" />
  <regions eden="22" other="1" />
  <remembered-set-cleared processed="59848" cleared="6" durationms="0.433" />
  <stringconstants candidates="13835" cleared="0"  />
</gc-op>
<gc-op id="2321" type="classunload" timems="0.003" contextid="2317" timestamp="2019-07-07T05:36:19.205">
  <classunload-info classloadercandidates="54" classloadersunloaded="0" classesunloaded="0" anonymousclassesunloaded="0" quiescems="0.000" setupms="0.003" scanms="0.000" postms="0.000" />
</gc-op>
<gc-end id="2322" type="partial gc" contextid="2317" durationms="2.904" usertimems="4.000" systemtimems="0.000" timestamp="2019-07-07T05:36:19.205" activeThreads="1">
  <mem-info id="2323" free="42991616" total="70254592" percent="61">
    <mem type="eden" free="1048552" total="1048576" percent="99" />
    <remembered-set count="62496" freebytes="2554368" totalbytes="2804352" percent="91" regionsoverflowed="0" regionsstable="0" regionsrebuilding="14"/>
  </mem-info>
</gc-end>
<cycle-end id="2324" type="partial gc" contextid="2317" timestamp="2019-07-07T05:36:19.205" />
  <attribute name="elasticGC enabled" value="1" />
  <attribute name= "numThreadsSpecified" value="1" />
  <attribute name="heapSize specified" value="0" />
  <attribute name="Current GC Util" value="164" />
  <attribute name= "Current Time Running" value="19897" />
  <attribute name ="GC Interval" value="0" />
  <attribute name="ProportionalT" value="72.000000" />
  <attribute name="ProportionalI" value="72.000000" />
  <attribute name="ProportionalH" value="72.000000" />
  <attribute name="Current Error" value="144.000000" />
  <attribute name="IntegralT" value="0.000000" />
  <attribute name="IntegralI" value="0.000000" />
  <attribute name="IntegralH" value="0.000000" />
  <attribute name="DerivativeT" value="inf" />
  <attribute name="DerivativeI" value="inf" />
  <attribute name="DerivativeH" value="inf" />
  <attribute name="Loop Time for DT" value="0.000000" />
  <attribute name="Output H" value="8388608"/>
  <attribute name="Output I" value="200"/>
  <attribute name="Output T" value="1"/>
  <attribute name="Target GC Util Change" value ="20.000000" />
  <attribute name="Current GC Util Change" value="164.000000"/>
  <attribute name="GC Util currently" value="164" />
  <attribute name="CPU Util currently" value="14048667943744" />
<exclusive-end id="2325" timestamp="2019-07-07T05:36:19.205" durationms="3.934" />

<exclusive-start id="2326" timestamp="2019-07-07T05:36:19.209" intervalms="7.576">
  <response-info timems="0.074" idlems="0.074" threads="0" lastid="000000000096B700" lastname="main" />
</exclusive-start>
<allocation-taxation id="2327" taxation-threshold="11534336" timestamp="2019-07-07T05:36:19.209" intervalms="7.572" />
<gc-start id="2328" type="global mark phase" contextid="2226" timestamp="2019-07-07T05:36:19.209">
  <mem-info id="2329" free="31457280" total="70254592" percent="44">
    <remembered-set count="62016" freebytes="2556288" totalbytes="2804352" percent="91" regionsoverflowed="0" regionsstable="0" regionsrebuilding="14"/>
  </mem-info>
</gc-start>
<gc-end id="2330" type="global mark phase" contextid="2226" durationms="0.130" usertimems="0.000" systemtimems="0.000" timestamp="2019-07-07T05:36:19.209" activeThreads="1">
  <mem-info id="2331" free="31457280" total="70254592" percent="44">
    <remembered-set count="62016" freebytes="2556288" totalbytes="2804352" percent="91" regionsoverflowed="0" regionsstable="0" regionsrebuilding="14"/>
  </mem-info>
</gc-end>
<concurrent-start id="2332" type="GMP work packet processing" contextid="2226" timestamp="2019-07-07T05:36:19.210">
  <concurrent-mark-start scanTarget="1048576" />
</concurrent-start>
<exclusive-end id="2333" timestamp="2019-07-07T05:36:19.210" durationms="0.880" />

<concurrent-end id="2334" type="GMP work packet processing" contextid="2226" timestamp="2019-07-07T05:36:19.211">
  <concurrent-mark-end bytesScanned="1085956" reasonForTermination="Work target met" />
</concurrent-end>

<exclusive-start id="2335" timestamp="2019-07-07T05:36:19.213" intervalms="4.500">
  <response-info timems="0.071" idlems="0.071" threads="0" lastid="000000000096B700" lastname="main" />
</exclusive-start>
<allocation-taxation id="2336" taxation-threshold="11534336" timestamp="2019-07-07T05:36:19.214" intervalms="4.513" />
<cycle-start id="2337" type="partial gc" contextid="0" timestamp="2019-07-07T05:36:19.214" intervalms="12.081" />
<gc-start id="2338" type="partial gc" contextid="2337" timestamp="2019-07-07T05:36:19.214">
  <mem-info id="2339" free="19922944" total="70254592" percent="28">
    <mem type="eden" free="1048552" total="24117248" percent="4" />
    <remembered-set count="71936" freebytes="2516608" totalbytes="2804352" percent="89" regionsoverflowed="0" regionsstable="0" regionsrebuilding="14"/>
  </mem-info>
</gc-start>
<allocation-stats totalBytes="22990680" >
  <allocated-bytes non-tlh="0" tlh="22990680" arrayletleaf="0"/>
  <largest-consumer threadName="main" threadId="000000000096B700" bytes="11496560" />
</allocation-stats>
<gc-op id="2340" type="copy forward" timems="1.725" contextid="2337" timestamp="2019-07-07T05:36:19.217">
  <memory-copied type="eden" objects="1" bytes="24" bytesdiscarded="0" />
  <memory-copied type="other" objects="0" bytes="0" bytesdiscarded="0" />
  <memory-cardclean objects="17" bytes="448" />
  <regions eden="22" other="1" />
  <remembered-set-cleared processed="69932" cleared="6" durationms="0.474" />
  <stringconstants candidates="13835" cleared="0"  />
</gc-op>
<gc-op id="2341" type="classunload" timems="0.004" contextid="2337" timestamp="2019-07-07T05:36:19.217">
  <classunload-info classloadercandidates="54" classloadersunloaded="0" classesunloaded="0" anonymousclassesunloaded="0" quiescems="0.000" setupms="0.004" scanms="0.000" postms="0.000" />
</gc-op>
<gc-end id="2342" type="partial gc" contextid="2337" durationms="2.896" usertimems="4.000" systemtimems="0.000" timestamp="2019-07-07T05:36:19.217" activeThreads="1">
  <mem-info id="2343" free="42991616" total="70254592" percent="61">
    <mem type="eden" free="1048552" total="1048576" percent="99" />
    <remembered-set count="72416" freebytes="2514688" totalbytes="2804352" percent="89" regionsoverflowed="0" regionsstable="0" regionsrebuilding="14"/>
  </mem-info>
</gc-end>
<cycle-end id="2344" type="partial gc" contextid="2337" timestamp="2019-07-07T05:36:19.217" />
  <attribute name="elasticGC enabled" value="1" />
  <attribute name= "numThreadsSpecified" value="1" />
  <attribute name="heapSize specified" value="0" />
  <attribute name="Current GC Util" value="162" />
  <attribute name= "Current Time Running" value="19909" />
  <attribute name ="GC Interval" value="0" />
  <attribute name="ProportionalT" value="71.000000" />
  <attribute name="ProportionalI" value="71.000000" />
  <attribute name="ProportionalH" value="71.000000" />
  <attribute name="Current Error" value="142.000000" />
  <attribute name="IntegralT" value="0.000000" />
  <attribute name="IntegralI" value="0.000000" />
  <attribute name="IntegralH" value="0.000000" />
  <attribute name="DerivativeT" value="inf" />
  <attribute name="DerivativeI" value="inf" />
  <attribute name="DerivativeH" value="inf" />
  <attribute name="Loop Time for DT" value="0.000000" />
  <attribute name="Output H" value="8388608"/>
  <attribute name="Output I" value="200"/>
  <attribute name="Output T" value="1"/>
  <attribute name="Target GC Util Change" value ="20.000000" />
  <attribute name="Current GC Util Change" value="162.000000"/>
  <attribute name="GC Util currently" value="162" />
  <attribute name="CPU Util currently" value="13034025822254" />
<exclusive-end id="2345" timestamp="2019-07-07T05:36:19.217" durationms="3.913" />

<exclusive-start id="2346" timestamp="2019-07-07T05:36:19.221" intervalms="7.567">
  <response-info timems="0.071" idlems="0.071" threads="0" lastid="000000000096B700" lastname="main" />
</exclusive-start>
<allocation-taxation id="2347" taxation-threshold="11534336" timestamp="2019-07-07T05:36:19.221" intervalms="7.562" />
<gc-start id="2348" type="global mark phase" contextid="2226" timestamp="2019-07-07T05:36:19.221">
  <mem-info id="2349" free="31457280" total="70254592" percent="44">
    <remembered-set count="71936" freebytes="2516608" totalbytes="2804352" percent="89" regionsoverflowed="0" regionsstable="0" regionsrebuilding="14"/>
  </mem-info>
</gc-start>
<gc-end id="2350" type="global mark phase" contextid="2226" durationms="0.137" usertimems="0.000" systemtimems="0.000" timestamp="2019-07-07T05:36:19.221" activeThreads="1">
  <mem-info id="2351" free="31457280" total="70254592" percent="44">
    <remembered-set count="71936" freebytes="2516608" totalbytes="2804352" percent="89" regionsoverflowed="0" regionsstable="0" regionsrebuilding="14"/>
  </mem-info>
</gc-end>
<concurrent-start id="2352" type="GMP work packet processing" contextid="2226" timestamp="2019-07-07T05:36:19.222">
  <concurrent-mark-start scanTarget="1048576" />
</concurrent-start>
<exclusive-end id="2353" timestamp="2019-07-07T05:36:19.222" durationms="0.854" />

<concurrent-end id="2354" type="GMP work packet processing" contextid="2226" timestamp="2019-07-07T05:36:19.223">
  <concurrent-mark-end bytesScanned="1090988" reasonForTermination="Work target met" />
</concurrent-end>

<exclusive-start id="2355" timestamp="2019-07-07T05:36:19.225" intervalms="4.501">
  <response-info timems="0.072" idlems="0.072" threads="0" lastid="000000000096B700" lastname="main" />
</exclusive-start>
<allocation-taxation id="2356" taxation-threshold="11534336" timestamp="2019-07-07T05:36:19.226" intervalms="4.479" />
<cycle-start id="2357" type="partial gc" contextid="0" timestamp="2019-07-07T05:36:19.226" intervalms="12.045" />
<gc-start id="2358" type="partial gc" contextid="2357" timestamp="2019-07-07T05:36:19.226">
  <mem-info id="2359" free="19922944" total="70254592" percent="28">
    <mem type="eden" free="1048552" total="24117248" percent="4" />
    <remembered-set count="79104" freebytes="2487936" totalbytes="2804352" percent="88" regionsoverflowed="0" regionsstable="0" regionsrebuilding="14"/>
  </mem-info>
</gc-start>
<allocation-stats totalBytes="22990680" >
  <allocated-bytes non-tlh="0" tlh="22990680" arrayletleaf="0"/>
  <largest-consumer threadName="main" threadId="000000000096B700" bytes="11496560" />
</allocation-stats>
<gc-op id="2360" type="copy forward" timems="1.561" contextid="2357" timestamp="2019-07-07T05:36:19.229">
  <memory-copied type="eden" objects="1" bytes="24" bytesdiscarded="0" />
  <memory-copied type="other" objects="0" bytes="0" bytesdiscarded="0" />
  <memory-cardclean objects="17" bytes="448" />
  <regions eden="22" other="1" />
  <remembered-set-cleared processed="77161" cleared="6" durationms="0.516" />
  <stringconstants candidates="13835" cleared="0"  />
</gc-op>
<gc-op id="2361" type="classunload" timems="0.003" contextid="2357" timestamp="2019-07-07T05:36:19.229">
  <classunload-info classloadercandidates="54" classloadersunloaded="0" classesunloaded="0" anonymousclassesunloaded="0" quiescems="0.000" setupms="0.003" scanms="0.000" postms="0.000" />
</gc-op>
<gc-end id="2362" type="partial gc" contextid="2357" durationms="2.840" usertimems="0.000" systemtimems="0.000" timestamp="2019-07-07T05:36:19.229" activeThreads="1">
  <mem-info id="2363" free="42991616" total="70254592" percent="61">
    <mem type="eden" free="1048552" total="1048576" percent="99" />
    <remembered-set count="79584" freebytes="2486016" totalbytes="2804352" percent="88" regionsoverflowed="0" regionsstable="0" regionsrebuilding="14"/>
  </mem-info>
</gc-end>
<cycle-end id="2364" type="partial gc" contextid="2357" timestamp="2019-07-07T05:36:19.229" />
  <attribute name="elasticGC enabled" value="1" />
  <attribute name= "numThreadsSpecified" value="1" />
  <attribute name="heapSize specified" value="0" />
  <attribute name="Current GC Util" value="169" />
  <attribute name= "Current Time Running" value="19921" />
  <attribute name ="GC Interval" value="0" />
  <attribute name="ProportionalT" value="74.500000" />
  <attribute name="ProportionalI" value="74.500000" />
  <attribute name="ProportionalH" value="74.500000" />
  <attribute name="Current Error" value="149.000000" />
  <attribute name="IntegralT" value="0.000000" />
  <attribute name="IntegralI" value="0.000000" />
  <attribute name="IntegralH" value="0.000000" />
  <attribute name="DerivativeT" value="inf" />
  <attribute name="DerivativeI" value="inf" />
  <attribute name="DerivativeH" value="inf" />
  <attribute name="Loop Time for DT" value="0.000000" />
  <attribute name="Output H" value="8388608"/>
  <attribute name="Output I" value="200"/>
  <attribute name="Output T" value="1"/>
  <attribute name="Target GC Util Change" value ="20.000000" />
  <attribute name="Current GC Util Change" value="169.000000"/>
  <attribute name="GC Util currently" value="169" />
  <attribute name="CPU Util currently" value="14044560658127" />
<exclusive-end id="2365" timestamp="2019-07-07T05:36:19.229" durationms="3.846" />

<exclusive-start id="2366" timestamp="2019-07-07T05:36:19.233" intervalms="7.504">
  <response-info timems="0.075" idlems="0.075" threads="0" lastid="000000000096B700" lastname="main" />
</exclusive-start>
<allocation-taxation id="2367" taxation-threshold="11534336" timestamp="2019-07-07T05:36:19.233" intervalms="7.517" />
<gc-start id="2368" type="global mark phase" contextid="2226" timestamp="2019-07-07T05:36:19.233">
  <mem-info id="2369" free="31457280" total="70254592" percent="44">
    <remembered-set count="79104" freebytes="2487936" totalbytes="2804352" percent="88" regionsoverflowed="0" regionsstable="0" regionsrebuilding="14"/>
  </mem-info>
</gc-start>
<gc-end id="2370" type="global mark phase" contextid="2226" durationms="0.124" usertimems="0.000" systemtimems="0.000" timestamp="2019-07-07T05:36:19.233" activeThreads="1">
  <mem-info id="2371" free="31457280" total="70254592" percent="44">
    <remembered-set count="79104" freebytes="2487936" totalbytes="2804352" percent="88" regionsoverflowed="0" regionsstable="0" regionsrebuilding="14"/>
  </mem-info>
</gc-end>
<concurrent-start id="2372" type="GMP work packet processing" contextid="2226" timestamp="2019-07-07T05:36:19.234">
  <concurrent-mark-start scanTarget="1048576" />
</concurrent-start>
<exclusive-end id="2373" timestamp="2019-07-07T05:36:19.234" durationms="0.892" />

<concurrent-end id="2374" type="GMP work packet processing" contextid="2226" timestamp="2019-07-07T05:36:19.235">
  <concurrent-mark-end bytesScanned="1087368" reasonForTermination="Work target met" />
</concurrent-end>

<exclusive-start id="2375" timestamp="2019-07-07T05:36:19.237" intervalms="4.491">
  <response-info timems="0.070" idlems="0.070" threads="0" lastid="000000000096B700" lastname="main" />
</exclusive-start>
<allocation-taxation id="2376" taxation-threshold="11534336" timestamp="2019-07-07T05:36:19.238" intervalms="4.497" />
<cycle-start id="2377" type="partial gc" contextid="0" timestamp="2019-07-07T05:36:19.238" intervalms="12.013" />
<gc-start id="2378" type="partial gc" contextid="2377" timestamp="2019-07-07T05:36:19.238">
  <mem-info id="2379" free="19922944" total="70254592" percent="28">
    <mem type="eden" free="1048552" total="24117248" percent="4" />
    <remembered-set count="86368" freebytes="2458880" totalbytes="2804352" percent="87" regionsoverflowed="0" regionsstable="0" regionsrebuilding="14"/>
  </mem-info>
</gc-start>
<allocation-stats totalBytes="22990680" >
  <allocated-bytes non-tlh="0" tlh="22990680" arrayletleaf="0"/>
  <largest-consumer threadName="main" threadId="000000000096B700" bytes="11496560" />
</allocation-stats>
<gc-op id="2380" type="copy forward" timems="1.742" contextid="2377" timestamp="2019-07-07T05:36:19.241">
  <memory-copied type="eden" objects="1" bytes="24" bytesdiscarded="0" />
  <memory-copied type="other" objects="0" bytes="0" bytesdiscarded="0" />
  <memory-cardclean objects="17" bytes="448" />
  <regions eden="22" other="1" />
  <remembered-set-cleared processed="84689" cleared="6" durationms="0.726" />
  <stringconstants candidates="13835" cleared="0"  />
</gc-op>
<gc-op id="2381" type="classunload" timems="0.003" contextid="2377" timestamp="2019-07-07T05:36:19.241">
  <classunload-info classloadercandidates="54" classloadersunloaded="0" classesunloaded="0" anonymousclassesunloaded="0" quiescems="0.000" setupms="0.003" scanms="0.000" postms="0.000" />
</gc-op>
<gc-end id="2382" type="partial gc" contextid="2377" durationms="2.963" usertimems="4.000" systemtimems="0.000" timestamp="2019-07-07T05:36:19.241" activeThreads="1">
  <mem-info id="2383" free="42991616" total="70254592" percent="61">
    <mem type="eden" free="1048552" total="1048576" percent="99" />
    <remembered-set count="86848" freebytes="2456960" totalbytes="2804352" percent="87" regionsoverflowed="0" regionsstable="0" regionsrebuilding="14"/>
  </mem-info>
</gc-end>
<cycle-end id="2384" type="partial gc" contextid="2377" timestamp="2019-07-07T05:36:19.241" />
  <attribute name="elasticGC enabled" value="1" />
  <attribute name= "numThreadsSpecified" value="1" />
  <attribute name="heapSize specified" value="0" />
  <attribute name="Current GC Util" value="158" />
  <attribute name= "Current Time Running" value="19933" />
  <attribute name ="GC Interval" value="0" />
  <attribute name="ProportionalT" value="69.000000" />
  <attribute name="ProportionalI" value="69.000000" />
  <attribute name="ProportionalH" value="69.000000" />
  <attribute name="Current Error" value="138.000000" />
  <attribute name="IntegralT" value="0.000000" />
  <attribute name="IntegralI" value="0.000000" />
  <attribute name="IntegralH" value="0.000000" />
  <attribute name="DerivativeT" value="inf" />
  <attribute name="DerivativeI" value="inf" />
  <attribute name="DerivativeH" value="inf" />
  <attribute name="Loop Time for DT" value="0.000000" />
  <attribute name="Output H" value="8388608"/>
  <attribute name="Output I" value="200"/>
  <attribute name="Output T" value="1"/>
  <attribute name="Target GC Util Change" value ="20.000000" />
  <attribute name="Current GC Util Change" value="158.000000"/>
  <attribute name="GC Util currently" value="158" />
  <attribute name="CPU Util currently" value="13536510213619" />
<exclusive-end id="2385" timestamp="2019-07-07T05:36:19.241" durationms="4.003" />

<exclusive-start id="2386" timestamp="2019-07-07T05:36:19.245" intervalms="7.656">
  <response-info timems="0.077" idlems="0.077" threads="0" lastid="000000000096B700" lastname="main" />
</exclusive-start>
<allocation-taxation id="2387" taxation-threshold="11534336" timestamp="2019-07-07T05:36:19.245" intervalms="7.654" />
<gc-start id="2388" type="global mark phase" contextid="2226" timestamp="2019-07-07T05:36:19.246">
  <mem-info id="2389" free="31457280" total="70254592" percent="44">
    <remembered-set count="86368" freebytes="2458880" totalbytes="2804352" percent="87" regionsoverflowed="0" regionsstable="0" regionsrebuilding="14"/>
  </mem-info>
</gc-start>
<gc-end id="2390" type="global mark phase" contextid="2226" durationms="0.126" usertimems="0.000" systemtimems="0.000" timestamp="2019-07-07T05:36:19.246" activeThreads="1">
  <mem-info id="2391" free="31457280" total="70254592" percent="44">
    <remembered-set count="86368" freebytes="2458880" totalbytes="2804352" percent="87" regionsoverflowed="0" regionsstable="0" regionsrebuilding="14"/>
  </mem-info>
</gc-end>
<concurrent-start id="2392" type="GMP work packet processing" contextid="2226" timestamp="2019-07-07T05:36:19.246">
  <concurrent-mark-start scanTarget="1048576" />
</concurrent-start>
<exclusive-end id="2393" timestamp="2019-07-07T05:36:19.246" durationms="0.875" />

<concurrent-end id="2394" type="GMP work packet processing" contextid="2226" timestamp="2019-07-07T05:36:19.247">
  <concurrent-mark-end bytesScanned="1104240" reasonForTermination="Work target met" />
</concurrent-end>

<exclusive-start id="2395" timestamp="2019-07-07T05:36:19.250" intervalms="4.457">
  <response-info timems="0.058" idlems="0.058" threads="0" lastid="000000000096B700" lastname="main" />
</exclusive-start>
<allocation-taxation id="2396" taxation-threshold="11534336" timestamp="2019-07-07T05:36:19.250" intervalms="4.438" />
<cycle-start id="2397" type="partial gc" contextid="0" timestamp="2019-07-07T05:36:19.250" intervalms="12.002" />
<gc-start id="2398" type="partial gc" contextid="2397" timestamp="2019-07-07T05:36:19.250">
  <mem-info id="2399" free="19922944" total="70254592" percent="28">
    <mem type="eden" free="1048552" total="24117248" percent="4" />
    <remembered-set count="102272" freebytes="2395264" totalbytes="2804352" percent="85" regionsoverflowed="0" regionsstable="0" regionsrebuilding="14"/>
  </mem-info>
</gc-start>
<allocation-stats totalBytes="22990680" >
  <allocated-bytes non-tlh="0" tlh="22990680" arrayletleaf="0"/>
  <largest-consumer threadName="main" threadId="000000000096B700" bytes="11496560" />
</allocation-stats>
<gc-op id="2400" type="copy forward" timems="1.795" contextid="2397" timestamp="2019-07-07T05:36:19.253">
  <memory-copied type="eden" objects="1" bytes="24" bytesdiscarded="0" />
  <memory-copied type="other" objects="0" bytes="0" bytesdiscarded="0" />
  <memory-cardclean objects="17" bytes="448" />
  <regions eden="22" other="1" />
  <remembered-set-cleared processed="99534" cleared="6" durationms="0.800" />
  <stringconstants candidates="13835" cleared="0"  />
</gc-op>
<gc-op id="2401" type="classunload" timems="0.003" contextid="2397" timestamp="2019-07-07T05:36:19.253">
  <classunload-info classloadercandidates="54" classloadersunloaded="0" classesunloaded="0" anonymousclassesunloaded="0" quiescems="0.000" setupms="0.003" scanms="0.000" postms="0.000" />
</gc-op>
<gc-end id="2402" type="partial gc" contextid="2397" durationms="3.042" usertimems="4.000" systemtimems="0.000" timestamp="2019-07-07T05:36:19.253" activeThreads="1">
  <mem-info id="2403" free="42991616" total="70254592" percent="61">
    <mem type="eden" free="1048552" total="1048576" percent="99" />
    <remembered-set count="102752" freebytes="2393344" totalbytes="2804352" percent="85" regionsoverflowed="0" regionsstable="0" regionsrebuilding="14"/>
  </mem-info>
</gc-end>
<cycle-end id="2404" type="partial gc" contextid="2397" timestamp="2019-07-07T05:36:19.253" />
  <attribute name="elasticGC enabled" value="1" />
  <attribute name= "numThreadsSpecified" value="1" />
  <attribute name="heapSize specified" value="0" />
  <attribute name="Current GC Util" value="163" />
  <attribute name= "Current Time Running" value="19945" />
  <attribute name ="GC Interval" value="0" />
  <attribute name="ProportionalT" value="71.500000" />
  <attribute name="ProportionalI" value="71.500000" />
  <attribute name="ProportionalH" value="71.500000" />
  <attribute name="Current Error" value="143.000000" />
  <attribute name="IntegralT" value="0.000000" />
  <attribute name="IntegralI" value="0.000000" />
  <attribute name="IntegralH" value="0.000000" />
  <attribute name="DerivativeT" value="inf" />
  <attribute name="DerivativeI" value="inf" />
  <attribute name="DerivativeH" value="inf" />
  <attribute name="Loop Time for DT" value="0.000000" />
  <attribute name="Output H" value="8388608"/>
  <attribute name="Output I" value="200"/>
  <attribute name="Output T" value="1"/>
  <attribute name="Target GC Util Change" value ="20.000000" />
  <attribute name="Current GC Util Change" value="163.000000"/>
  <attribute name="GC Util currently" value="163" />
  <attribute name="CPU Util currently" value="13986631066766" />
<exclusive-end id="2405" timestamp="2019-07-07T05:36:19.254" durationms="3.922" />

<exclusive-start id="2406" timestamp="2019-07-07T05:36:19.257" intervalms="7.572">
  <response-info timems="0.069" idlems="0.069" threads="0" lastid="000000000096B700" lastname="main" />
</exclusive-start>
<allocation-taxation id="2407" taxation-threshold="11534336" timestamp="2019-07-07T05:36:19.257" intervalms="7.589" />
<gc-start id="2408" type="global mark phase" contextid="2226" timestamp="2019-07-07T05:36:19.258">
  <mem-info id="2409" free="31457280" total="70254592" percent="44">
    <remembered-set count="102272" freebytes="2395264" totalbytes="2804352" percent="85" regionsoverflowed="0" regionsstable="0" regionsrebuilding="14"/>
  </mem-info>
</gc-start>
<gc-end id="2410" type="global mark phase" contextid="2226" durationms="0.192" usertimems="0.000" systemtimems="0.000" timestamp="2019-07-07T05:36:19.258" activeThreads="1">
  <mem-info id="2411" free="31457280" total="70254592" percent="44">
    <remembered-set count="102272" freebytes="2395264" totalbytes="2804352" percent="85" regionsoverflowed="0" regionsstable="0" regionsrebuilding="14"/>
  </mem-info>
</gc-end>
<concurrent-start id="2412" type="GMP work packet processing" contextid="2226" timestamp="2019-07-07T05:36:19.258">
  <concurrent-mark-start scanTarget="1048576" />
</concurrent-start>
<exclusive-end id="2413" timestamp="2019-07-07T05:36:19.258" durationms="0.880" />

<concurrent-end id="2414" type="GMP work packet processing" contextid="2226" timestamp="2019-07-07T05:36:19.259">
  <concurrent-mark-end bytesScanned="1092948" reasonForTermination="Work target met" />
</concurrent-end>

<exclusive-start id="2415" timestamp="2019-07-07T05:36:19.262" intervalms="4.472">
  <response-info timems="0.073" idlems="0.073" threads="0" lastid="000000000096B700" lastname="main" />
</exclusive-start>
<allocation-taxation id="2416" taxation-threshold="11534336" timestamp="2019-07-07T05:36:19.262" intervalms="4.443" />
<cycle-start id="2417" type="partial gc" contextid="0" timestamp="2019-07-07T05:36:19.262" intervalms="12.121" />
<gc-start id="2418" type="partial gc" contextid="2417" timestamp="2019-07-07T05:36:19.262">
  <mem-info id="2419" free="19922944" total="70254592" percent="28">
    <mem type="eden" free="1048552" total="24117248" percent="4" />
    <remembered-set count="109088" freebytes="2368000" totalbytes="2804352" percent="84" regionsoverflowed="0" regionsstable="0" regionsrebuilding="14"/>
  </mem-info>
</gc-start>
<allocation-stats totalBytes="22990680" >
  <allocated-bytes non-tlh="0" tlh="22990680" arrayletleaf="0"/>
  <largest-consumer threadName="main" threadId="000000000096B700" bytes="11496560" />
</allocation-stats>
<gc-op id="2420" type="copy forward" timems="1.806" contextid="2417" timestamp="2019-07-07T05:36:19.265">
  <memory-copied type="eden" objects="1" bytes="24" bytesdiscarded="0" />
  <memory-copied type="other" objects="0" bytes="0" bytesdiscarded="0" />
  <memory-cardclean objects="17" bytes="448" />
  <regions eden="22" other="1" />
  <remembered-set-cleared processed="106826" cleared="6" durationms="0.829" />
  <stringconstants candidates="13835" cleared="0"  />
</gc-op>
<gc-op id="2421" type="classunload" timems="0.004" contextid="2417" timestamp="2019-07-07T05:36:19.265">
  <classunload-info classloadercandidates="54" classloadersunloaded="0" classesunloaded="0" anonymousclassesunloaded="0" quiescems="0.000" setupms="0.004" scanms="0.000" postms="0.000" />
</gc-op>
<gc-end id="2422" type="partial gc" contextid="2417" durationms="3.035" usertimems="4.000" systemtimems="0.000" timestamp="2019-07-07T05:36:19.265" activeThreads="1">
  <mem-info id="2423" free="42991616" total="70254592" percent="61">
    <mem type="eden" free="1048552" total="1048576" percent="99" />
    <remembered-set count="109536" freebytes="2366208" totalbytes="2804352" percent="84" regionsoverflowed="0" regionsstable="0" regionsrebuilding="14"/>
  </mem-info>
</gc-end>
<cycle-end id="2424" type="partial gc" contextid="2417" timestamp="2019-07-07T05:36:19.265" />
  <attribute name="elasticGC enabled" value="1" />
  <attribute name= "numThreadsSpecified" value="1" />
  <attribute name="heapSize specified" value="0" />
  <attribute name="Current GC Util" value="167" />
  <attribute name= "Current Time Running" value="19957" />
  <attribute name ="GC Interval" value="0" />
  <attribute name="ProportionalT" value="73.500000" />
  <attribute name="ProportionalI" value="73.500000" />
  <attribute name="ProportionalH" value="73.500000" />
  <attribute name="Current Error" value="147.000000" />
  <attribute name="IntegralT" value="0.000000" />
  <attribute name="IntegralI" value="0.000000" />
  <attribute name="IntegralH" value="0.000000" />
  <attribute name="DerivativeT" value="inf" />
  <attribute name="DerivativeI" value="inf" />
  <attribute name="DerivativeH" value="inf" />
  <attribute name="Loop Time for DT" value="0.000000" />
  <attribute name="Output H" value="8388608"/>
  <attribute name="Output I" value="200"/>
  <attribute name="Output T" value="1"/>
  <attribute name="Target GC Util Change" value ="20.000000" />
  <attribute name="Current GC Util Change" value="167.000000"/>
  <attribute name="GC Util currently" value="167" />
  <attribute name="CPU Util currently" value="14109962341745" />
<exclusive-end id="2425" timestamp="2019-07-07T05:36:19.266" durationms="3.953" />

<exclusive-start id="2426" timestamp="2019-07-07T05:36:19.269" intervalms="7.587">
  <response-info timems="0.076" idlems="0.076" threads="0" lastid="000000000096B700" lastname="main" />
</exclusive-start>
<allocation-taxation id="2427" taxation-threshold="11534336" timestamp="2019-07-07T05:36:19.269" intervalms="7.615" />
<gc-start id="2428" type="global mark phase" contextid="2226" timestamp="2019-07-07T05:36:19.270">
  <mem-info id="2429" free="31457280" total="70254592" percent="44">
    <remembered-set count="109088" freebytes="2368000" totalbytes="2804352" percent="84" regionsoverflowed="0" regionsstable="0" regionsrebuilding="14"/>
  </mem-info>
</gc-start>
<gc-end id="2430" type="global mark phase" contextid="2226" durationms="0.125" usertimems="0.000" systemtimems="0.000" timestamp="2019-07-07T05:36:19.270" activeThreads="1">
  <mem-info id="2431" free="31457280" total="70254592" percent="44">
    <remembered-set count="109088" freebytes="2368000" totalbytes="2804352" percent="84" regionsoverflowed="0" regionsstable="0" regionsrebuilding="14"/>
  </mem-info>
</gc-end>
<concurrent-start id="2432" type="GMP work packet processing" contextid="2226" timestamp="2019-07-07T05:36:19.270">
  <concurrent-mark-start scanTarget="1048576" />
</concurrent-start>
<exclusive-end id="2433" timestamp="2019-07-07T05:36:19.270" durationms="0.902" />

<concurrent-end id="2434" type="GMP work packet processing" contextid="2226" timestamp="2019-07-07T05:36:19.271">
  <concurrent-mark-end bytesScanned="1083604" reasonForTermination="Work target met" />
</concurrent-end>

<exclusive-start id="2435" timestamp="2019-07-07T05:36:19.274" intervalms="4.543">
  <response-info timems="0.070" idlems="0.070" threads="0" lastid="000000000096B700" lastname="main" />
</exclusive-start>
<allocation-taxation id="2436" taxation-threshold="11534336" timestamp="2019-07-07T05:36:19.274" intervalms="4.519" />
<cycle-start id="2437" type="partial gc" contextid="0" timestamp="2019-07-07T05:36:19.274" intervalms="12.121" />
<gc-start id="2438" type="partial gc" contextid="2437" timestamp="2019-07-07T05:36:19.274">
  <mem-info id="2439" free="19922944" total="70254592" percent="28">
    <mem type="eden" free="1048552" total="24117248" percent="4" />
    <remembered-set count="124032" freebytes="2308224" totalbytes="2804352" percent="82" regionsoverflowed="0" regionsstable="0" regionsrebuilding="14"/>
  </mem-info>
</gc-start>
<allocation-stats totalBytes="22990704" >
  <allocated-bytes non-tlh="0" tlh="22990704" arrayletleaf="0"/>
  <largest-consumer threadName="main" threadId="000000000096B700" bytes="11496584" />
</allocation-stats>
<gc-op id="2440" type="copy forward" timems="3.322" contextid="2437" timestamp="2019-07-07T05:36:19.279">
  <memory-copied type="eden" objects="1" bytes="24" bytesdiscarded="0" />
  <memory-copied type="other" objects="0" bytes="0" bytesdiscarded="0" />
  <memory-cardclean objects="17" bytes="448" />
  <regions eden="22" other="1" />
  <remembered-set-cleared processed="121776" cleared="6" durationms="0.372" />
  <stringconstants candidates="13835" cleared="0"  />
</gc-op>
<gc-op id="2441" type="classunload" timems="0.003" contextid="2437" timestamp="2019-07-07T05:36:19.279">
  <classunload-info classloadercandidates="54" classloadersunloaded="0" classesunloaded="0" anonymousclassesunloaded="0" quiescems="0.000" setupms="0.003" scanms="0.000" postms="0.000" />
</gc-op>
<gc-end id="2442" type="partial gc" contextid="2437" durationms="4.478" usertimems="12.000" systemtimems="0.000" timestamp="2019-07-07T05:36:19.279" activeThreads="4">
  <mem-info id="2443" free="42991616" total="70254592" percent="61">
    <mem type="eden" free="1048552" total="1048576" percent="99" />
    <remembered-set count="123904" freebytes="2308736" totalbytes="2804352" percent="82" regionsoverflowed="0" regionsstable="0" regionsrebuilding="14"/>
  </mem-info>
</gc-end>
<cycle-end id="2444" type="partial gc" contextid="2437" timestamp="2019-07-07T05:36:19.279" />
  <attribute name="elasticGC enabled" value="1" />
  <attribute name= "numThreadsSpecified" value="4" />
  <attribute name="heapSize specified" value="0" />
  <attribute name="Current GC Util" value="149" />
  <attribute name= "Current Time Running" value="19970" />
  <attribute name ="GC Interval" value="0" />
  <attribute name="ProportionalT" value="64.500000" />
  <attribute name="ProportionalI" value="64.500000" />
  <attribute name="ProportionalH" value="64.500000" />
  <attribute name="Current Error" value="129.000000" />
  <attribute name="IntegralT" value="64.500000" />
  <attribute name="IntegralI" value="64.500000" />
  <attribute name="IntegralH" value="64.500000" />
  <attribute name="DerivativeT" value="79.000000" />
  <attribute name="DerivativeI" value="79.000000" />
  <attribute name="DerivativeH" value="79.000000" />
  <attribute name="Loop Time for DT" value="1.000000" />
  <attribute name="Output H" value="8388608"/>
  <attribute name="Output I" value="208"/>
  <attribute name="Output T" value="4"/>
  <attribute name="Target GC Util Change" value ="20.000000" />
  <attribute name="Current GC Util Change" value="149.000000"/>
  <attribute name="GC Util currently" value="149" />
  <attribute name="CPU Util currently" value="13919759682642" />
<exclusive-end id="2445" timestamp="2019-07-07T05:36:19.279" durationms="5.505" />

<exclusive-start id="2446" timestamp="2019-07-07T05:36:19.283" intervalms="9.158">
  <response-info timems="0.077" idlems="0.077" threads="0" lastid="000000000096B700" lastname="main" />
</exclusive-start>
<allocation-taxation id="2447" taxation-threshold="11534336" timestamp="2019-07-07T05:36:19.283" intervalms="9.222" />
<gc-start id="2448" type="global mark phase" contextid="2226" timestamp="2019-07-07T05:36:19.283">
  <mem-info id="2449" free="31457280" total="70254592" percent="44">
    <remembered-set count="123904" freebytes="2308736" totalbytes="2804352" percent="82" regionsoverflowed="0" regionsstable="0" regionsrebuilding="14"/>
  </mem-info>
</gc-start>
<gc-end id="2450" type="global mark phase" contextid="2226" durationms="0.190" usertimems="0.000" systemtimems="0.000" timestamp="2019-07-07T05:36:19.284" activeThreads="4">
  <mem-info id="2451" free="31457280" total="70254592" percent="44">
    <remembered-set count="123904" freebytes="2308736" totalbytes="2804352" percent="82" regionsoverflowed="0" regionsstable="0" regionsrebuilding="14"/>
  </mem-info>
</gc-end>
<concurrent-start id="2452" type="GMP work packet processing" contextid="2226" timestamp="2019-07-07T05:36:19.284">
  <concurrent-mark-start scanTarget="1735661" />
</concurrent-start>
<exclusive-end id="2453" timestamp="2019-07-07T05:36:19.284" durationms="0.872" />

<concurrent-end id="2454" type="GMP work packet processing" contextid="2226" timestamp="2019-07-07T05:36:19.284">
  <concurrent-mark-end bytesScanned="235116" reasonForTermination="Completed all work in GC phase" />
</concurrent-end>

<exclusive-start id="2455" timestamp="2019-07-07T05:36:19.287" intervalms="4.493">
  <response-info timems="0.071" idlems="0.071" threads="0" lastid="000000000096B700" lastname="main" />
</exclusive-start>
<allocation-taxation id="2456" taxation-threshold="11534336" timestamp="2019-07-07T05:36:19.288" intervalms="4.472" />
<cycle-start id="2457" type="partial gc" contextid="0" timestamp="2019-07-07T05:36:19.288" intervalms="13.624" />
<gc-start id="2458" type="partial gc" contextid="2457" timestamp="2019-07-07T05:36:19.288">
  <mem-info id="2459" free="19922944" total="70254592" percent="28">
    <mem type="eden" free="1048552" total="24117248" percent="4" />
    <remembered-set count="124992" freebytes="2304384" totalbytes="2804352" percent="82" regionsoverflowed="0" regionsstable="0" regionsrebuilding="14"/>
  </mem-info>
</gc-start>
<allocation-stats totalBytes="22990680" >
  <allocated-bytes non-tlh="0" tlh="22990680" arrayletleaf="0"/>
  <largest-consumer threadName="main" threadId="000000000096B700" bytes="11496584" />
</allocation-stats>
<gc-op id="2460" type="copy forward" timems="3.308" contextid="2457" timestamp="2019-07-07T05:36:19.292">
  <memory-copied type="eden" objects="1" bytes="24" bytesdiscarded="0" />
  <memory-copied type="other" objects="0" bytes="0" bytesdiscarded="0" />
  <memory-cardclean objects="17" bytes="448" />
  <regions eden="22" other="1" />
  <remembered-set-cleared processed="122540" cleared="6" durationms="0.361" />
  <stringconstants candidates="13835" cleared="0"  />
</gc-op>
<gc-op id="2461" type="classunload" timems="0.003" contextid="2457" timestamp="2019-07-07T05:36:19.292">
  <classunload-info classloadercandidates="54" classloadersunloaded="0" classesunloaded="0" anonymousclassesunloaded="0" quiescems="0.000" setupms="0.003" scanms="0.000" postms="0.000" />
</gc-op>
<gc-end id="2462" type="partial gc" contextid="2457" durationms="4.472" usertimems="8.000" systemtimems="0.000" timestamp="2019-07-07T05:36:19.292" activeThreads="4">
  <mem-info id="2463" free="42991616" total="70254592" percent="61">
    <mem type="eden" free="1048552" total="1048576" percent="99" />
    <remembered-set count="124672" freebytes="2305664" totalbytes="2804352" percent="82" regionsoverflowed="0" regionsstable="0" regionsrebuilding="14"/>
  </mem-info>
</gc-end>
<cycle-end id="2464" type="partial gc" contextid="2457" timestamp="2019-07-07T05:36:19.293" />
  <attribute name="elasticGC enabled" value="1" />
  <attribute name= "numThreadsSpecified" value="4" />
  <attribute name="heapSize specified" value="0" />
  <attribute name="Current GC Util" value="0" />
  <attribute name= "Current Time Running" value="19983" />
  <attribute name ="GC Interval" value="0" />
  <attribute name="ProportionalT" value="-10.000000" />
  <attribute name="ProportionalI" value="-10.000000" />
  <attribute name="ProportionalH" value="-10.000000" />
  <attribute name="Current Error" value="-20.000000" />
  <attribute name="IntegralT" value="0.000000" />
  <attribute name="IntegralI" value="0.000000" />
  <attribute name="IntegralH" value="0.000000" />
  <attribute name="DerivativeT" value="-inf" />
  <attribute name="DerivativeI" value="-inf" />
  <attribute name="DerivativeH" value="-inf" />
  <attribute name="Loop Time for DT" value="0.000000" />
  <attribute name="Output H" value="2091843584"/>
  <attribute name="Output I" value="200"/>
  <attribute name="Output T" value="4"/>
  <attribute name="Target GC Util Change" value ="20.000000" />
  <attribute name="Current GC Util Change" value="0.000000"/>
  <attribute name="GC Util currently" value="0" />
  <attribute name="CPU Util currently" value="15158052791960" />
<exclusive-end id="2465" timestamp="2019-07-07T05:36:19.293" durationms="5.429" />

<exclusive-start id="2466" timestamp="2019-07-07T05:36:19.297" intervalms="9.097">
  <response-info timems="0.079" idlems="0.079" threads="0" lastid="000000000096B700" lastname="main" />
</exclusive-start>
<allocation-taxation id="2467" taxation-threshold="11534336" timestamp="2019-07-07T05:36:19.297" intervalms="9.078" />
<gc-start id="2468" type="global mark phase" contextid="2226" timestamp="2019-07-07T05:36:19.297">
  <mem-info id="2469" free="31457280" total="70254592" percent="44">
    <remembered-set count="124672" freebytes="2305664" totalbytes="2804352" percent="82" regionsoverflowed="0" regionsstable="0" regionsrebuilding="14"/>
  </mem-info>
</gc-start>
<gc-op id="2470" type="mark increment" timems="2.123" contextid="2226" timestamp="2019-07-07T05:36:19.299">
  <trace-info objectcount="1" scancount="1" scanbytes="24" />
  <cardclean-info objects="18" bytes="472" />
  <finalization candidates="80" enqueued="0" />
  <ownableSynchronizers candidates="21" cleared="0" />
  <references type="soft" candidates="4861" cleared="12" enqueued="12" dynamicThreshold="19" maxThreshold="32" />
  <references type="weak" candidates="5698" cleared="0" enqueued="0" />
  <references type="phantom" candidates="101" cleared="0" enqueued="0" />
  <stringconstants candidates="13835" cleared="0"  />
</gc-op>
<gc-op id="2471" type="classunload" timems="0.004" contextid="2226" timestamp="2019-07-07T05:36:19.299">
  <classunload-info classloadercandidates="54" classloadersunloaded="0" classesunloaded="0" anonymousclassesunloaded="0" quiescems="0.000" setupms="0.004" scanms="0.000" postms="0.000" />
</gc-op>
<gc-end id="2472" type="global mark phase" contextid="2226" durationms="2.735" usertimems="4.000" systemtimems="0.000" timestamp="2019-07-07T05:36:19.300" activeThreads="4">
  <mem-info id="2473" free="31457280" total="70254592" percent="44">
    <pending-finalizers system="0" default="0" reference="12" classloader="0" />
    <remembered-set count="126208" freebytes="2299520" totalbytes="2804352" percent="81" regionsoverflowed="0" regionsstable="0" regionsrebuilding="0"/>
  </mem-info>
</gc-end>
<cycle-end id="2474" type="global mark phase" contextid="2226" timestamp="2019-07-07T05:36:19.300" />
  <attribute name="elasticGC enabled" value="1" />
  <attribute name= "numThreadsSpecified" value="4" />
  <attribute name="heapSize specified" value="0" />
  <attribute name="Current GC Util" value="0" />
  <attribute name= "Current Time Running" value="19992" />
  <attribute name ="GC Interval" value="0" />
  <attribute name="ProportionalT" value="-10.000000" />
  <attribute name="ProportionalI" value="-10.000000" />
  <attribute name="ProportionalH" value="-10.000000" />
  <attribute name="Current Error" value="-20.000000" />
  <attribute name="IntegralT" value="0.000000" />
  <attribute name="IntegralI" value="0.000000" />
  <attribute name="IntegralH" value="0.000000" />
  <attribute name="DerivativeT" value="-inf" />
  <attribute name="DerivativeI" value="-inf" />
  <attribute name="DerivativeH" value="-inf" />
  <attribute name="Loop Time for DT" value="0.000000" />
  <attribute name="Output H" value="2091843584"/>
  <attribute name="Output I" value="200"/>
  <attribute name="Output T" value="4"/>
  <attribute name="Target GC Util Change" value ="20.000000" />
  <attribute name="Current GC Util Change" value="0.000000"/>
  <attribute name="GC Util currently" value="0" />
  <attribute name="CPU Util currently" value="19984512167001" />
<exclusive-end id="2475" timestamp="2019-07-07T05:36:19.300" durationms="3.350" />

<exclusive-start id="2476" timestamp="2019-07-07T05:36:19.304" intervalms="7.000">
  <response-info timems="0.087" idlems="0.087" threads="0" lastid="000000000096B700" lastname="main" />
</exclusive-start>
<allocation-taxation id="2477" taxation-threshold="11534336" timestamp="2019-07-07T05:36:19.304" intervalms="7.017" />
<cycle-start id="2478" type="partial gc" contextid="0" timestamp="2019-07-07T05:36:19.304" intervalms="16.105" />
<gc-start id="2479" type="partial gc" contextid="2478" timestamp="2019-07-07T05:36:19.304">
  <mem-info id="2480" free="19922944" total="70254592" percent="28">
    <mem type="eden" free="1048552" total="24117248" percent="4" />
    <remembered-set count="8096" freebytes="2771968" totalbytes="2804352" percent="98" regionsoverflowed="0" regionsstable="14" regionsrebuilding="0"/>
  </mem-info>
</gc-start>
<allocation-stats totalBytes="22990680" >
  <allocated-bytes non-tlh="0" tlh="22990680" arrayletleaf="0"/>
  <largest-consumer threadName="main" threadId="000000000096B700" bytes="11496584" />
</allocation-stats>
<gc-op id="2481" type="sweep" timems="1.044" contextid="2478" timestamp="2019-07-07T05:36:19.305" />
<gc-op id="2482" type="copy forward" timems="2.406" contextid="2478" timestamp="2019-07-07T05:36:19.309">
  <memory-copied type="eden" objects="1" bytes="24" bytesdiscarded="0" />
  <memory-copied type="other" objects="0" bytes="0" bytesdiscarded="0" />
  <memory-cardclean objects="66" bytes="3256" />
  <regions eden="11" other="1" />
  <remembered-set-cleared processed="6655" cleared="3" durationms="0.119" />
  <stringconstants candidates="13835" cleared="0"  />
</gc-op>
<gc-op id="2483" type="classunload" timems="0.003" contextid="2478" timestamp="2019-07-07T05:36:19.309">
  <classunload-info classloadercandidates="54" classloadersunloaded="0" classesunloaded="0" anonymousclassesunloaded="0" quiescems="0.000" setupms="0.003" scanms="0.000" postms="0.000" />
</gc-op>
<gc-end id="2484" type="partial gc" contextid="2478" durationms="4.871" usertimems="8.000" systemtimems="0.000" timestamp="2019-07-07T05:36:19.309" activeThreads="4">
  <mem-info id="2485" free="42991616" total="70254592" percent="61">
    <mem type="eden" free="1048552" total="1048576" percent="99" />
    <remembered-set count="8256" freebytes="2771328" totalbytes="2804352" percent="98" regionsoverflowed="0" regionsstable="14" regionsrebuilding="0"/>
  </mem-info>
</gc-end>
<cycle-end id="2486" type="partial gc" contextid="2478" timestamp="2019-07-07T05:36:19.309" />
  <attribute name="elasticGC enabled" value="1" />
  <attribute name= "numThreadsSpecified" value="4" />
  <attribute name="heapSize specified" value="0" />
  <attribute name="Current GC Util" value="179" />
  <attribute name= "Current Time Running" value="20001" />
  <attribute name ="GC Interval" value="0" />
  <attribute name="ProportionalT" value="79.500000" />
  <attribute name="ProportionalI" value="79.500000" />
  <attribute name="ProportionalH" value="79.500000" />
  <attribute name="Current Error" value="159.000000" />
  <attribute name="IntegralT" value="79.500000" />
  <attribute name="IntegralI" value="79.500000" />
  <attribute name="IntegralH" value="79.500000" />
  <attribute name="DerivativeT" value="31.000000" />
  <attribute name="DerivativeI" value="31.000000" />
  <attribute name="DerivativeH" value="31.000000" />
  <attribute name="Loop Time for DT" value="1.000000" />
  <attribute name="Output H" value="8388608"/>
  <attribute name="Output I" value="200"/>
  <attribute name="Output T" value="4"/>
  <attribute name="Target GC Util Change" value ="20.000000" />
  <attribute name="Current GC Util Change" value="179.000000"/>
  <attribute name="GC Util currently" value="179" />
  <attribute name="CPU Util currently" value="14467943671015" />
<exclusive-end id="2487" timestamp="2019-07-07T05:36:19.309" durationms="5.874" />

<exclusive-start id="2488" timestamp="2019-07-07T05:36:19.317" intervalms="13.350">
  <response-info timems="0.088" idlems="0.088" threads="0" lastid="000000000096B700" lastname="main" />
</exclusive-start>
<allocation-taxation id="2489" taxation-threshold="24117248" timestamp="2019-07-07T05:36:19.317" intervalms="13.382" />
<cycle-start id="2490" type="partial gc" contextid="0" timestamp="2019-07-07T05:36:19.317" intervalms="13.446" />
<gc-start id="2491" type="partial gc" contextid="2490" timestamp="2019-07-07T05:36:19.318">
  <mem-info id="2492" free="18874368" total="70254592" percent="26">
    <mem type="eden" free="1048552" total="25165824" percent="4" />
    <remembered-set count="8256" freebytes="2771328" totalbytes="2804352" percent="98" regionsoverflowed="0" regionsstable="14" regionsrebuilding="0"/>
  </mem-info>
</gc-start>
<allocation-stats totalBytes="24035824" >
  <allocated-bytes non-tlh="0" tlh="24035824" arrayletleaf="0"/>
  <largest-consumer threadName="main" threadId="000000000096B700" bytes="24035824" />
</allocation-stats>
<gc-op id="2493" type="copy forward" timems="2.110" contextid="2490" timestamp="2019-07-07T05:36:19.320">
  <memory-copied type="eden" objects="1" bytes="24" bytesdiscarded="0" />
  <memory-copied type="other" objects="38" bytes="1032" bytesdiscarded="648" />
  <memory-cardclean objects="64" bytes="10048" />
  <regions eden="23" other="4" />
  <remembered-set-cleared processed="6648" cleared="8" durationms="0.101" />
  <references type="weak" candidates="18" cleared="0" enqueued="0" />
  <stringconstants candidates="13835" cleared="0"  />
</gc-op>
<gc-op id="2494" type="classunload" timems="0.004" contextid="2490" timestamp="2019-07-07T05:36:19.321">
  <classunload-info classloadercandidates="54" classloadersunloaded="0" classesunloaded="0" anonymousclassesunloaded="0" quiescems="0.000" setupms="0.004" scanms="0.000" postms="0.000" />
</gc-op>
<heap-resize id="2495" type="contract" space="default" amount="2097152" count="1" timems="0.163" reason="excess free space following gc" timestamp="2019-07-07T05:36:19.321" />
<gc-end id="2496" type="partial gc" contextid="2490" durationms="3.509" usertimems="8.000" systemtimems="0.000" timestamp="2019-07-07T05:36:19.321" activeThreads="4">
  <mem-info id="2497" free="41943040" total="68157440" percent="61">
    <mem type="eden" free="1048552" total="1048576" percent="99" />
    <remembered-set count="8640" freebytes="2769792" totalbytes="2804352" percent="98" regionsoverflowed="0" regionsstable="14" regionsrebuilding="0"/>
  </mem-info>
</gc-end>
<cycle-end id="2498" type="partial gc" contextid="2490" timestamp="2019-07-07T05:36:19.321" />
  <attribute name="elasticGC enabled" value="1" />
  <attribute name= "numThreadsSpecified" value="4" />
  <attribute name="heapSize specified" value="0" />
  <attribute name="Current GC Util" value="161" />
  <attribute name= "Current Time Running" value="20013" />
  <attribute name ="GC Interval" value="0" />
  <attribute name="ProportionalT" value="70.500000" />
  <attribute name="ProportionalI" value="70.500000" />
  <attribute name="ProportionalH" value="70.500000" />
  <attribute name="Current Error" value="141.000000" />
  <attribute name="IntegralT" value="70.500000" />
  <attribute name="IntegralI" value="70.500000" />
  <attribute name="IntegralH" value="70.500000" />
  <attribute name="DerivativeT" value="104.000000" />
  <attribute name="DerivativeI" value="104.000000" />
  <attribute name="DerivativeH" value="104.000000" />
  <attribute name="Loop Time for DT" value="1.000000" />
  <attribute name="Output H" value="8388608"/>
  <attribute name="Output I" value="248"/>
  <attribute name="Output T" value="4"/>
  <attribute name="Target GC Util Change" value ="20.000000" />
  <attribute name="Current GC Util Change" value="161.000000"/>
  <attribute name="GC Util currently" value="161" />
  <attribute name="CPU Util currently" value="13925980670319" />
<exclusive-end id="2499" timestamp="2019-07-07T05:36:19.321" durationms="4.583" />

<exclusive-start id="2500" timestamp="2019-07-07T05:36:19.329" intervalms="11.930">
  <response-info timems="0.080" idlems="0.080" threads="0" lastid="000000000096B700" lastname="main" />
</exclusive-start>
<allocation-taxation id="2501" taxation-threshold="24117248" timestamp="2019-07-07T05:36:19.329" intervalms="11.887" />
<cycle-start id="2502" type="partial gc" contextid="0" timestamp="2019-07-07T05:36:19.329" intervalms="11.884" />
<gc-start id="2503" type="partial gc" contextid="2502" timestamp="2019-07-07T05:36:19.329">
  <mem-info id="2504" free="17825792" total="68157440" percent="26">
    <mem type="eden" free="1048552" total="25165824" percent="4" />
    <remembered-set count="2144" freebytes="2795776" totalbytes="2804352" percent="99" regionsoverflowed="0" regionsstable="17" regionsrebuilding="0"/>
  </mem-info>
</gc-start>
<allocation-stats totalBytes="24035824" >
  <allocated-bytes non-tlh="0" tlh="24035824" arrayletleaf="0"/>
  <largest-consumer threadName="main" threadId="000000000096B700" bytes="24035824" />
</allocation-stats>
<gc-op id="2505" type="copy forward" timems="2.371" contextid="2502" timestamp="2019-07-07T05:36:19.333">
  <memory-copied type="eden" objects="1" bytes="24" bytesdiscarded="0" />
  <memory-copied type="other" objects="1418" bytes="100552" bytesdiscarded="11072" />
  <memory-cardclean objects="206" bytes="20072" />
  <regions eden="23" other="4" />
  <remembered-set-cleared processed="293" cleared="16" durationms="0.077" />
  <references type="soft" candidates="9" cleared="0" enqueued="0" dynamicThreshold="19" maxThreshold="32" />
  <references type="weak" candidates="82" cleared="0" enqueued="0" />
  <stringconstants candidates="13835" cleared="0"  />
</gc-op>
<gc-op id="2506" type="classunload" timems="0.003" contextid="2502" timestamp="2019-07-07T05:36:19.333">
  <classunload-info classloadercandidates="54" classloadersunloaded="0" classesunloaded="0" anonymousclassesunloaded="0" quiescems="0.000" setupms="0.003" scanms="0.000" postms="0.000" />
</gc-op>
<heap-resize id="2507" type="contract" space="default" amount="4194304" count="1" timems="0.218" reason="excess free space following gc" timestamp="2019-07-07T05:36:19.333" />
<gc-end id="2508" type="partial gc" contextid="2502" durationms="4.030" usertimems="0.000" systemtimems="4.000" timestamp="2019-07-07T05:36:19.333" activeThreads="4">
  <mem-info id="2509" free="39845888" total="63963136" percent="62">
    <mem type="eden" free="1048552" total="1048576" percent="99" />
    <remembered-set count="2496" freebytes="2710656" totalbytes="2720640" percent="99" regionsoverflowed="0" regionsstable="17" regionsrebuilding="0"/>
  </mem-info>
</gc-end>
<cycle-end id="2510" type="partial gc" contextid="2502" timestamp="2019-07-07T05:36:19.334" />
  <attribute name="elasticGC enabled" value="1" />
  <attribute name= "numThreadsSpecified" value="4" />
  <attribute name="heapSize specified" value="0" />
  <attribute name="Current GC Util" value="101" />
  <attribute name= "Current Time Running" value="20025" />
  <attribute name ="GC Interval" value="0" />
  <attribute name="ProportionalT" value="40.500000" />
  <attribute name="ProportionalI" value="40.500000" />
  <attribute name="ProportionalH" value="40.500000" />
  <attribute name="Current Error" value="81.000000" />
  <attribute name="IntegralT" value="40.500000" />
  <attribute name="IntegralI" value="40.500000" />
  <attribute name="IntegralH" value="40.500000" />
  <attribute name="DerivativeT" value="56.000000" />
  <attribute name="DerivativeI" value="56.000000" />
  <attribute name="DerivativeH" value="56.000000" />
  <attribute name="Loop Time for DT" value="1.000000" />
  <attribute name="Output H" value="8388608"/>
  <attribute name="Output I" value="200"/>
  <attribute name="Output T" value="4"/>
  <attribute name="Target GC Util Change" value ="20.000000" />
  <attribute name="Current GC Util Change" value="101.000000"/>
  <attribute name="GC Util currently" value="101" />
  <attribute name="CPU Util currently" value="8593550635327" />
<exclusive-end id="2511" timestamp="2019-07-07T05:36:19.334" durationms="5.102" />

<exclusive-start id="2512" timestamp="2019-07-07T05:36:19.341" intervalms="12.152">
  <response-info timems="0.086" idlems="0.086" threads="0" lastid="000000000096B700" lastname="main" />
</exclusive-start>
<allocation-taxation id="2513" taxation-threshold="23068672" timestamp="2019-07-07T05:36:19.341" intervalms="12.180" />
<cycle-start id="2514" type="partial gc" contextid="0" timestamp="2019-07-07T05:36:19.341" intervalms="12.187" />
<gc-start id="2515" type="partial gc" contextid="2514" timestamp="2019-07-07T05:36:19.342">
  <mem-info id="2516" free="16777216" total="63963136" percent="26">
    <mem type="eden" free="1048552" total="24117248" percent="4" />
    <remembered-set count="2016" freebytes="2712576" totalbytes="2720640" percent="99" regionsoverflowed="0" regionsstable="17" regionsrebuilding="0"/>
  </mem-info>
</gc-start>
<allocation-stats totalBytes="22990680" >
  <allocated-bytes non-tlh="0" tlh="22990680" arrayletleaf="0"/>
  <largest-consumer threadName="main" threadId="000000000096B700" bytes="22990680" />
</allocation-stats>
<gc-op id="2517" type="copy forward" timems="1.454" contextid="2514" timestamp="2019-07-07T05:36:19.344">
  <memory-copied type="eden" objects="1" bytes="24" bytesdiscarded="0" />
  <memory-copied type="other" objects="904" bytes="40176" bytesdiscarded="0" />
  <memory-cardclean objects="688" bytes="24040" />
  <regions eden="22" other="2" />
  <remembered-set-cleared processed="268" cleared="11" durationms="0.094" />
  <references type="soft" candidates="4" cleared="0" enqueued="0" dynamicThreshold="19" maxThreshold="32" />
  <references type="weak" candidates="13" cleared="0" enqueued="0" />
  <stringconstants candidates="13835" cleared="0"  />
</gc-op>
<gc-op id="2518" type="classunload" timems="0.004" contextid="2514" timestamp="2019-07-07T05:36:19.344">
  <classunload-info classloadercandidates="54" classloadersunloaded="0" classesunloaded="0" anonymousclassesunloaded="0" quiescems="0.000" setupms="0.004" scanms="0.000" postms="0.000" />
</gc-op>
<heap-resize id="2519" type="contract" space="default" amount="2097152" count="1" timems="0.204" reason="excess free space following gc" timestamp="2019-07-07T05:36:19.345" />
<gc-end id="2520" type="partial gc" contextid="2514" durationms="3.248" usertimems="4.000" systemtimems="0.000" timestamp="2019-07-07T05:36:19.345" activeThreads="1">
  <mem-info id="2521" free="37748736" total="61865984" percent="61">
    <mem type="eden" free="1048552" total="1048576" percent="99" />
    <remembered-set count="1056" freebytes="2548992" totalbytes="2553216" percent="99" regionsoverflowed="0" regionsstable="17" regionsrebuilding="0"/>
  </mem-info>
</gc-end>
<cycle-end id="2522" type="partial gc" contextid="2514" timestamp="2019-07-07T05:36:19.345" />
  <attribute name="elasticGC enabled" value="1" />
  <attribute name= "numThreadsSpecified" value="1" />
  <attribute name="heapSize specified" value="0" />
  <attribute name="Current GC Util" value="98" />
  <attribute name= "Current Time Running" value="20037" />
  <attribute name ="GC Interval" value="0" />
  <attribute name="ProportionalT" value="39.000000" />
  <attribute name="ProportionalI" value="39.000000" />
  <attribute name="ProportionalH" value="39.000000" />
  <attribute name="Current Error" value="78.000000" />
  <attribute name="IntegralT" value="0.000000" />
  <attribute name="IntegralI" value="0.000000" />
  <attribute name="IntegralH" value="0.000000" />
  <attribute name="DerivativeT" value="inf" />
  <attribute name="DerivativeI" value="inf" />
  <attribute name="DerivativeH" value="inf" />
  <attribute name="Loop Time for DT" value="0.000000" />
  <attribute name="Output H" value="8388608"/>
  <attribute name="Output I" value="200"/>
  <attribute name="Output T" value="1"/>
  <attribute name="Target GC Util Change" value ="20.000000" />
  <attribute name="Current GC Util Change" value="98.000000"/>
  <attribute name="GC Util currently" value="98" />
  <attribute name="CPU Util currently" value="8311350814014" />
<exclusive-end id="2523" timestamp="2019-07-07T05:36:19.345" durationms="4.306" />

<exclusive-start id="2524" timestamp="2019-07-07T05:36:19.349" intervalms="7.607">
  <response-info timems="0.053" idlems="0.053" threads="0" lastid="000000000096B700" lastname="main" />
</exclusive-start>
<allocation-taxation id="2525" taxation-threshold="10485760" timestamp="2019-07-07T05:36:19.349" intervalms="7.580" />
<cycle-start id="2526" type="global mark phase" contextid="0" timestamp="2019-07-07T05:36:19.349" intervalms="205.012" />
<gc-start id="2527" type="global mark phase" contextid="2526" timestamp="2019-07-07T05:36:19.349">
  <mem-info id="2528" free="27262976" total="61865984" percent="44">
    <remembered-set count="672" freebytes="2550528" totalbytes="2553216" percent="99" regionsoverflowed="0" regionsstable="17" regionsrebuilding="0"/>
  </mem-info>
</gc-start>
<gc-op id="2529" type="mark increment" timems="1.696" contextid="2526" timestamp="2019-07-07T05:36:19.351">
  <trace-info objectcount="6767" scancount="1702" scanbytes="109580" />
</gc-op>
<gc-end id="2530" type="global mark phase" contextid="2526" durationms="1.951" usertimems="4.000" systemtimems="0.000" timestamp="2019-07-07T05:36:19.351" activeThreads="4">
  <mem-info id="2531" free="27262976" total="61865984" percent="44">
    <remembered-set count="3232" freebytes="2540288" totalbytes="2553216" percent="99" regionsoverflowed="0" regionsstable="0" regionsrebuilding="17"/>
  </mem-info>
</gc-end>
<concurrent-start id="2532" type="GMP work packet processing" contextid="2526" timestamp="2019-07-07T05:36:19.351">
  <concurrent-mark-start scanTarget="1428409" />
</concurrent-start>
<exclusive-end id="2533" timestamp="2019-07-07T05:36:19.351" durationms="2.880" />

<concurrent-end id="2534" type="GMP work packet processing" contextid="2526" timestamp="2019-07-07T05:36:19.354">
  <concurrent-mark-end bytesScanned="1508148" reasonForTermination="Work target met" />
</concurrent-end>

<exclusive-start id="2535" timestamp="2019-07-07T05:36:19.355" intervalms="6.218">
  <response-info timems="0.059" idlems="0.059" threads="0" lastid="000000000096B700" lastname="main" />
</exclusive-start>
<allocation-taxation id="2536" taxation-threshold="10485760" timestamp="2019-07-07T05:36:19.355" intervalms="6.192" />
<cycle-start id="2537" type="partial gc" contextid="0" timestamp="2019-07-07T05:36:19.355" intervalms="13.841" />
<gc-start id="2538" type="partial gc" contextid="2537" timestamp="2019-07-07T05:36:19.355">
  <mem-info id="2539" free="16777216" total="61865984" percent="27">
    <mem type="eden" free="1048552" total="22020096" percent="4" />
    <remembered-set count="17216" freebytes="2484352" totalbytes="2553216" percent="97" regionsoverflowed="0" regionsstable="0" regionsrebuilding="17"/>
  </mem-info>
</gc-start>
<allocation-stats totalBytes="20900392" >
  <allocated-bytes non-tlh="0" tlh="20900392" arrayletleaf="0"/>
  <largest-consumer threadName="main" threadId="000000000096B700" bytes="10451440" />
</allocation-stats>
<gc-op id="2540" type="copy forward" timems="3.350" contextid="2537" timestamp="2019-07-07T05:36:19.360">
  <memory-copied type="eden" objects="1" bytes="24" bytesdiscarded="0" />
  <memory-copied type="other" objects="0" bytes="0" bytesdiscarded="0" />
  <memory-cardclean objects="9379" bytes="408896" />
  <regions eden="20" other="1" />
  <remembered-set-cleared processed="13840" cleared="5226" durationms="0.171" />
  <stringconstants candidates="13835" cleared="0"  />
</gc-op>
<gc-op id="2541" type="classunload" timems="0.004" contextid="2537" timestamp="2019-07-07T05:36:19.360">
  <classunload-info classloadercandidates="54" classloadersunloaded="0" classesunloaded="0" anonymousclassesunloaded="0" quiescems="0.000" setupms="0.004" scanms="0.000" postms="0.000" />
</gc-op>
<gc-end id="2542" type="partial gc" contextid="2537" durationms="4.681" usertimems="4.000" systemtimems="4.000" timestamp="2019-07-07T05:36:19.360" activeThreads="4">
  <mem-info id="2543" free="37748736" total="61865984" percent="61">
    <mem type="eden" free="1048552" total="1048576" percent="99" />
    <remembered-set count="13600" freebytes="2415104" totalbytes="2469504" percent="97" regionsoverflowed="0" regionsstable="0" regionsrebuilding="17"/>
  </mem-info>
</gc-end>
<cycle-end id="2544" type="partial gc" contextid="2537" timestamp="2019-07-07T05:36:19.360" />
  <attribute name="elasticGC enabled" value="1" />
  <attribute name= "numThreadsSpecified" value="4" />
  <attribute name="heapSize specified" value="0" />
  <attribute name="Current GC Util" value="110" />
  <attribute name= "Current Time Running" value="20051" />
  <attribute name ="GC Interval" value="0" />
  <attribute name="ProportionalT" value="45.000000" />
  <attribute name="ProportionalI" value="45.000000" />
  <attribute name="ProportionalH" value="45.000000" />
  <attribute name="Current Error" value="90.000000" />
  <attribute name="IntegralT" value="45.000000" />
  <attribute name="IntegralI" value="45.000000" />
  <attribute name="IntegralH" value="45.000000" />
  <attribute name="DerivativeT" value="-1.000000" />
  <attribute name="DerivativeI" value="-1.000000" />
  <attribute name="DerivativeH" value="-1.000000" />
  <attribute name="Loop Time for DT" value="1.000000" />
  <attribute name="Output H" value="8388608"/>
  <attribute name="Output I" value="200"/>
  <attribute name="Output T" value="4"/>
  <attribute name="Target GC Util Change" value ="20.000000" />
  <attribute name="Current GC Util Change" value="110.000000"/>
  <attribute name="GC Util currently" value="110" />
  <attribute name="CPU Util currently" value="9036426371668" />
<exclusive-end id="2545" timestamp="2019-07-07T05:36:19.360" durationms="5.650" />

<exclusive-start id="2546" timestamp="2019-07-07T05:36:19.364" intervalms="9.035">
  <response-info timems="0.085" idlems="0.085" threads="0" lastid="000000000096B700" lastname="main" />
</exclusive-start>
<allocation-taxation id="2547" taxation-threshold="10485760" timestamp="2019-07-07T05:36:19.364" intervalms="9.057" />
<gc-start id="2548" type="global mark phase" contextid="2526" timestamp="2019-07-07T05:36:19.364">
  <mem-info id="2549" free="27262976" total="61865984" percent="44">
    <remembered-set count="13600" freebytes="2415104" totalbytes="2469504" percent="97" regionsoverflowed="0" regionsstable="0" regionsrebuilding="17"/>
  </mem-info>
</gc-start>
<gc-end id="2550" type="global mark phase" contextid="2526" durationms="0.119" usertimems="0.000" systemtimems="0.000" timestamp="2019-07-07T05:36:19.364" activeThreads="4">
  <mem-info id="2551" free="27262976" total="61865984" percent="44">
    <remembered-set count="13600" freebytes="2415104" totalbytes="2469504" percent="97" regionsoverflowed="0" regionsstable="0" regionsrebuilding="17"/>
  </mem-info>
</gc-end>
<concurrent-start id="2552" type="GMP work packet processing" contextid="2526" timestamp="2019-07-07T05:36:19.364">
  <concurrent-mark-start scanTarget="1428409" />
</concurrent-start>
<exclusive-end id="2553" timestamp="2019-07-07T05:36:19.365" durationms="0.861" />

<concurrent-end id="2554" type="GMP work packet processing" contextid="2526" timestamp="2019-07-07T05:36:19.366">
  <concurrent-mark-end bytesScanned="1478728" reasonForTermination="Work target met" />
</concurrent-end>

<exclusive-start id="2555" timestamp="2019-07-07T05:36:19.368" intervalms="4.133">
  <response-info timems="0.056" idlems="0.056" threads="0" lastid="000000000096B700" lastname="main" />
</exclusive-start>
<allocation-taxation id="2556" taxation-threshold="10485760" timestamp="2019-07-07T05:36:19.368" intervalms="4.066" />
<cycle-start id="2557" type="partial gc" contextid="0" timestamp="2019-07-07T05:36:19.368" intervalms="13.015" />
<gc-start id="2558" type="partial gc" contextid="2557" timestamp="2019-07-07T05:36:19.368">
  <mem-info id="2559" free="16777216" total="61865984" percent="27">
    <mem type="eden" free="1048552" total="22020096" percent="4" />
    <remembered-set count="27008" freebytes="2361472" totalbytes="2469504" percent="95" regionsoverflowed="0" regionsstable="0" regionsrebuilding="17"/>
  </mem-info>
</gc-start>
<allocation-stats totalBytes="20900392" >
  <allocated-bytes non-tlh="0" tlh="20900392" arrayletleaf="0"/>
  <largest-consumer threadName="main" threadId="000000000096B700" bytes="10451416" />
</allocation-stats>
<gc-op id="2560" type="copy forward" timems="1.866" contextid="2557" timestamp="2019-07-07T05:36:19.371">
  <memory-copied type="eden" objects="1" bytes="24" bytesdiscarded="0" />
  <memory-copied type="other" objects="0" bytes="0" bytesdiscarded="0" />
  <memory-cardclean objects="16" bytes="432" />
  <regions eden="20" other="1" />
  <remembered-set-cleared processed="24719" cleared="16" durationms="0.150" />
  <stringconstants candidates="13835" cleared="0"  />
</gc-op>
<gc-op id="2561" type="classunload" timems="0.003" contextid="2557" timestamp="2019-07-07T05:36:19.371">
  <classunload-info classloadercandidates="54" classloadersunloaded="0" classesunloaded="0" anonymousclassesunloaded="0" quiescems="0.000" setupms="0.003" scanms="0.000" postms="0.000" />
</gc-op>
<gc-end id="2562" type="partial gc" contextid="2557" durationms="2.873" usertimems="4.000" systemtimems="0.000" timestamp="2019-07-07T05:36:19.371" activeThreads="4">
  <mem-info id="2563" free="37748736" total="61865984" percent="61">
    <mem type="eden" free="1048552" total="1048576" percent="99" />
    <remembered-set count="26560" freebytes="2363264" totalbytes="2469504" percent="95" regionsoverflowed="0" regionsstable="0" regionsrebuilding="17"/>
  </mem-info>
</gc-end>
<cycle-end id="2564" type="partial gc" contextid="2557" timestamp="2019-07-07T05:36:19.371" />
  <attribute name="elasticGC enabled" value="1" />
  <attribute name= "numThreadsSpecified" value="4" />
  <attribute name="heapSize specified" value="0" />
  <attribute name="Current GC Util" value="52" />
  <attribute name= "Current Time Running" value="20064" />
  <attribute name ="GC Interval" value="0" />
  <attribute name="ProportionalT" value="16.000000" />
  <attribute name="ProportionalI" value="16.000000" />
  <attribute name="ProportionalH" value="16.000000" />
  <attribute name="Current Error" value="32.000000" />
  <attribute name="IntegralT" value="16.000000" />
  <attribute name="IntegralI" value="16.000000" />
  <attribute name="IntegralH" value="16.000000" />
  <attribute name="DerivativeT" value="-28.000000" />
  <attribute name="DerivativeI" value="-28.000000" />
  <attribute name="DerivativeH" value="-28.000000" />
  <attribute name="Loop Time for DT" value="1.000000" />
  <attribute name="Output H" value="8388608"/>
  <attribute name="Output I" value="200"/>
  <attribute name="Output T" value="4"/>
  <attribute name="Target GC Util Change" value ="20.000000" />
  <attribute name="Current GC Util Change" value="52.000000"/>
  <attribute name="GC Util currently" value="52" />
  <attribute name="CPU Util currently" value="20476088054621" />
<exclusive-end id="2565" timestamp="2019-07-07T05:36:19.372" durationms="3.705" />

<exclusive-start id="2566" timestamp="2019-07-07T05:36:19.375" intervalms="7.045">
  <response-info timems="0.075" idlems="0.075" threads="0" lastid="000000000096B700" lastname="main" />
</exclusive-start>
<allocation-taxation id="2567" taxation-threshold="10485760" timestamp="2019-07-07T05:36:19.375" intervalms="7.157" />
<gc-start id="2568" type="global mark phase" contextid="2526" timestamp="2019-07-07T05:36:19.375">
  <mem-info id="2569" free="27262976" total="61865984" percent="44">
    <remembered-set count="26560" freebytes="2363264" totalbytes="2469504" percent="95" regionsoverflowed="0" regionsstable="0" regionsrebuilding="17"/>
  </mem-info>
</gc-start>
<gc-end id="2570" type="global mark phase" contextid="2526" durationms="0.191" usertimems="0.000" systemtimems="0.000" timestamp="2019-07-07T05:36:19.376" activeThreads="4">
  <mem-info id="2571" free="27262976" total="61865984" percent="44">
    <remembered-set count="26560" freebytes="2363264" totalbytes="2469504" percent="95" regionsoverflowed="0" regionsstable="0" regionsrebuilding="17"/>
  </mem-info>
</gc-end>
<concurrent-start id="2572" type="GMP work packet processing" contextid="2526" timestamp="2019-07-07T05:36:19.376">
  <concurrent-mark-start scanTarget="1428409" />
</concurrent-start>
<exclusive-end id="2573" timestamp="2019-07-07T05:36:19.376" durationms="0.839" />

<concurrent-end id="2574" type="GMP work packet processing" contextid="2526" timestamp="2019-07-07T05:36:19.377">
  <concurrent-mark-end bytesScanned="1475188" reasonForTermination="Work target met" />
</concurrent-end>

<exclusive-start id="2575" timestamp="2019-07-07T05:36:19.379" intervalms="4.142">
  <response-info timems="0.057" idlems="0.057" threads="0" lastid="000000000096B700" lastname="main" />
</exclusive-start>
<allocation-taxation id="2576" taxation-threshold="10485760" timestamp="2019-07-07T05:36:19.379" intervalms="4.032" />
<cycle-start id="2577" type="partial gc" contextid="0" timestamp="2019-07-07T05:36:19.379" intervalms="11.226" />
<gc-start id="2578" type="partial gc" contextid="2577" timestamp="2019-07-07T05:36:19.380">
  <mem-info id="2579" free="16777216" total="61865984" percent="27">
    <mem type="eden" free="1048552" total="22020096" percent="4" />
    <remembered-set count="40896" freebytes="2305920" totalbytes="2469504" percent="93" regionsoverflowed="0" regionsstable="0" regionsrebuilding="17"/>
  </mem-info>
</gc-start>
<allocation-stats totalBytes="20900392" >
  <allocated-bytes non-tlh="0" tlh="20900392" arrayletleaf="0"/>
  <largest-consumer threadName="main" threadId="000000000096B700" bytes="10451416" />
</allocation-stats>
<gc-op id="2580" type="copy forward" timems="1.820" contextid="2577" timestamp="2019-07-07T05:36:19.382">
  <memory-copied type="eden" objects="1" bytes="24" bytesdiscarded="0" />
  <memory-copied type="other" objects="0" bytes="0" bytesdiscarded="0" />
  <memory-cardclean objects="16" bytes="432" />
  <regions eden="20" other="1" />
  <remembered-set-cleared processed="38178" cleared="6" durationms="0.170" />
  <stringconstants candidates="13835" cleared="0"  />
</gc-op>
<gc-op id="2581" type="classunload" timems="0.004" contextid="2577" timestamp="2019-07-07T05:36:19.382">
  <classunload-info classloadercandidates="54" classloadersunloaded="0" classesunloaded="0" anonymousclassesunloaded="0" quiescems="0.000" setupms="0.004" scanms="0.000" postms="0.000" />
</gc-op>
<gc-end id="2582" type="partial gc" contextid="2577" durationms="2.894" usertimems="4.000" systemtimems="0.000" timestamp="2019-07-07T05:36:19.382" activeThreads="4">
  <mem-info id="2583" free="37748736" total="61865984" percent="61">
    <mem type="eden" free="1048552" total="1048576" percent="99" />
    <remembered-set count="40032" freebytes="2309376" totalbytes="2469504" percent="93" regionsoverflowed="0" regionsstable="0" regionsrebuilding="17"/>
  </mem-info>
</gc-end>
<cycle-end id="2584" type="partial gc" contextid="2577" timestamp="2019-07-07T05:36:19.383" />
  <attribute name="elasticGC enabled" value="1" />
  <attribute name= "numThreadsSpecified" value="4" />
  <attribute name="heapSize specified" value="0" />
  <attribute name="Current GC Util" value="51" />
  <attribute name= "Current Time Running" value="20075" />
  <attribute name ="GC Interval" value="0" />
  <attribute name="ProportionalT" value="15.500000" />
  <attribute name="ProportionalI" value="15.500000" />
  <attribute name="ProportionalH" value="15.500000" />
  <attribute name="Current Error" value="31.000000" />
  <attribute name="IntegralT" value="15.500000" />
  <attribute name="IntegralI" value="15.500000" />
  <attribute name="IntegralH" value="15.500000" />
  <attribute name="DerivativeT" value="-26.000000" />
  <attribute name="DerivativeI" value="-26.000000" />
  <attribute name="DerivativeH" value="-26.000000" />
  <attribute name="Loop Time for DT" value="1.000000" />
  <attribute name="Output H" value="8388608"/>
  <attribute name="Output I" value="200"/>
  <attribute name="Output T" value="4"/>
  <attribute name="Target GC Util Change" value ="20.000000" />
  <attribute name="Current GC Util Change" value="51.000000"/>
  <attribute name="GC Util currently" value="51" />
  <attribute name="CPU Util currently" value="20414632868988" />
<exclusive-end id="2585" timestamp="2019-07-07T05:36:19.383" durationms="3.767" />

<exclusive-start id="2586" timestamp="2019-07-07T05:36:19.386" intervalms="7.088">
  <response-info timems="0.079" idlems="0.079" threads="0" lastid="000000000096B700" lastname="main" />
</exclusive-start>
<allocation-taxation id="2587" taxation-threshold="10485760" timestamp="2019-07-07T05:36:19.386" intervalms="7.195" />
<gc-start id="2588" type="global mark phase" contextid="2526" timestamp="2019-07-07T05:36:19.387">
  <mem-info id="2589" free="27262976" total="61865984" percent="44">
    <remembered-set count="40032" freebytes="2309376" totalbytes="2469504" percent="93" regionsoverflowed="0" regionsstable="0" regionsrebuilding="17"/>
  </mem-info>
</gc-start>
<gc-end id="2590" type="global mark phase" contextid="2526" durationms="0.165" usertimems="0.000" systemtimems="0.000" timestamp="2019-07-07T05:36:19.387" activeThreads="4">
  <mem-info id="2591" free="27262976" total="61865984" percent="44">
    <remembered-set count="40032" freebytes="2309376" totalbytes="2469504" percent="93" regionsoverflowed="0" regionsstable="0" regionsrebuilding="17"/>
  </mem-info>
</gc-end>
<concurrent-start id="2592" type="GMP work packet processing" contextid="2526" timestamp="2019-07-07T05:36:19.387">
  <concurrent-mark-start scanTarget="1428409" />
</concurrent-start>
<exclusive-end id="2593" timestamp="2019-07-07T05:36:19.387" durationms="0.899" />

<concurrent-end id="2594" type="GMP work packet processing" contextid="2526" timestamp="2019-07-07T05:36:19.388">
  <concurrent-mark-end bytesScanned="1470920" reasonForTermination="Work target met" />
</concurrent-end>

<exclusive-start id="2595" timestamp="2019-07-07T05:36:19.390" intervalms="4.153">
  <response-info timems="0.056" idlems="0.056" threads="0" lastid="000000000096B700" lastname="main" />
</exclusive-start>
<allocation-taxation id="2596" taxation-threshold="10485760" timestamp="2019-07-07T05:36:19.390" intervalms="4.086" />
<cycle-start id="2597" type="partial gc" contextid="0" timestamp="2019-07-07T05:36:19.391" intervalms="11.190" />
<gc-start id="2598" type="partial gc" contextid="2597" timestamp="2019-07-07T05:36:19.391">
  <mem-info id="2599" free="16777216" total="61865984" percent="27">
    <mem type="eden" free="1048552" total="22020096" percent="4" />
    <remembered-set count="52448" freebytes="2259712" totalbytes="2469504" percent="91" regionsoverflowed="0" regionsstable="0" regionsrebuilding="17"/>
  </mem-info>
</gc-start>
<allocation-stats totalBytes="20900392" >
  <allocated-bytes non-tlh="0" tlh="20900392" arrayletleaf="0"/>
  <largest-consumer threadName="main" threadId="000000000096B700" bytes="10451416" />
</allocation-stats>
<gc-op id="2600" type="copy forward" timems="2.108" contextid="2597" timestamp="2019-07-07T05:36:19.394">
  <memory-copied type="eden" objects="1" bytes="24" bytesdiscarded="0" />
  <memory-copied type="other" objects="0" bytes="0" bytesdiscarded="0" />
  <memory-cardclean objects="16" bytes="432" />
  <regions eden="20" other="1" />
  <remembered-set-cleared processed="50351" cleared="6" durationms="0.178" />
  <stringconstants candidates="13835" cleared="0"  />
</gc-op>
<gc-op id="2601" type="classunload" timems="0.003" contextid="2597" timestamp="2019-07-07T05:36:19.394">
  <classunload-info classloadercandidates="54" classloadersunloaded="0" classesunloaded="0" anonymousclassesunloaded="0" quiescems="0.000" setupms="0.003" scanms="0.000" postms="0.000" />
</gc-op>
<gc-end id="2602" type="partial gc" contextid="2597" durationms="3.053" usertimems="4.000" systemtimems="0.000" timestamp="2019-07-07T05:36:19.394" activeThreads="4">
  <mem-info id="2603" free="37748736" total="61865984" percent="61">
    <mem type="eden" free="1048552" total="1048576" percent="99" />
    <remembered-set count="52224" freebytes="2260608" totalbytes="2469504" percent="91" regionsoverflowed="0" regionsstable="0" regionsrebuilding="17"/>
  </mem-info>
</gc-end>
<cycle-end id="2604" type="partial gc" contextid="2597" timestamp="2019-07-07T05:36:19.394" />
  <attribute name="elasticGC enabled" value="1" />
  <attribute name= "numThreadsSpecified" value="4" />
  <attribute name="heapSize specified" value="0" />
  <attribute name="Current GC Util" value="55" />
  <attribute name= "Current Time Running" value="20086" />
  <attribute name ="GC Interval" value="0" />
  <attribute name="ProportionalT" value="17.500000" />
  <attribute name="ProportionalI" value="17.500000" />
  <attribute name="ProportionalH" value="17.500000" />
  <attribute name="Current Error" value="35.000000" />
  <attribute name="IntegralT" value="0.000000" />
  <attribute name="IntegralI" value="0.000000" />
  <attribute name="IntegralH" value="0.000000" />
  <attribute name="DerivativeT" value="-inf" />
  <attribute name="DerivativeI" value="-inf" />
  <attribute name="DerivativeH" value="-inf" />
  <attribute name="Loop Time for DT" value="0.000000" />
  <attribute name="Output H" value="2091843584"/>
  <attribute name="Output I" value="200"/>
  <attribute name="Output T" value="4"/>
  <attribute name="Target GC Util Change" value ="20.000000" />
  <attribute name="Current GC Util Change" value="55.000000"/>
  <attribute name="GC Util currently" value="55" />
  <attribute name="CPU Util currently" value="21017427512049" />
<exclusive-end id="2605" timestamp="2019-07-07T05:36:19.394" durationms="3.862" />

<exclusive-start id="2606" timestamp="2019-07-07T05:36:19.398" intervalms="7.216">
  <response-info timems="0.077" idlems="0.077" threads="0" lastid="000000000096B700" lastname="main" />
</exclusive-start>
<allocation-taxation id="2607" taxation-threshold="10485760" timestamp="2019-07-07T05:36:19.398" intervalms="7.278" />
<gc-start id="2608" type="global mark phase" contextid="2526" timestamp="2019-07-07T05:36:19.398">
  <mem-info id="2609" free="27262976" total="61865984" percent="44">
    <remembered-set count="52224" freebytes="2260608" totalbytes="2469504" percent="91" regionsoverflowed="0" regionsstable="0" regionsrebuilding="17"/>
  </mem-info>
</gc-start>
<gc-end id="2610" type="global mark phase" contextid="2526" durationms="0.202" usertimems="0.000" systemtimems="0.000" timestamp="2019-07-07T05:36:19.398" activeThreads="4">
  <mem-info id="2611" free="27262976" total="61865984" percent="44">
    <remembered-set count="52224" freebytes="2260608" totalbytes="2469504" percent="91" regionsoverflowed="0" regionsstable="0" regionsrebuilding="17"/>
  </mem-info>
</gc-end>
<concurrent-start id="2612" type="GMP work packet processing" contextid="2526" timestamp="2019-07-07T05:36:19.398">
  <concurrent-mark-start scanTarget="1428409" />
</concurrent-start>
<exclusive-end id="2613" timestamp="2019-07-07T05:36:19.399" durationms="0.980" />

<concurrent-end id="2614" type="GMP work packet processing" contextid="2526" timestamp="2019-07-07T05:36:19.400">
  <concurrent-mark-end bytesScanned="1477552" reasonForTermination="Work target met" />
</concurrent-end>

<exclusive-start id="2615" timestamp="2019-07-07T05:36:19.402" intervalms="4.332">
  <response-info timems="0.073" idlems="0.073" threads="0" lastid="000000000096B700" lastname="main" />
</exclusive-start>
<allocation-taxation id="2616" taxation-threshold="10485760" timestamp="2019-07-07T05:36:19.402" intervalms="4.269" />
<cycle-start id="2617" type="partial gc" contextid="0" timestamp="2019-07-07T05:36:19.402" intervalms="11.638" />
<gc-start id="2618" type="partial gc" contextid="2617" timestamp="2019-07-07T05:36:19.402">
  <mem-info id="2619" free="16777216" total="61865984" percent="27">
    <mem type="eden" free="1048552" total="22020096" percent="4" />
    <remembered-set count="66624" freebytes="2203008" totalbytes="2469504" percent="89" regionsoverflowed="0" regionsstable="0" regionsrebuilding="17"/>
  </mem-info>
</gc-start>
<allocation-stats totalBytes="20900416" >
  <allocated-bytes non-tlh="0" tlh="20900416" arrayletleaf="0"/>
  <largest-consumer threadName="main" threadId="000000000096B700" bytes="10451440" />
</allocation-stats>
<gc-op id="2620" type="copy forward" timems="1.966" contextid="2617" timestamp="2019-07-07T05:36:19.405">
  <memory-copied type="eden" objects="1" bytes="24" bytesdiscarded="0" />
  <memory-copied type="other" objects="0" bytes="0" bytesdiscarded="0" />
  <memory-cardclean objects="16" bytes="432" />
  <regions eden="20" other="1" />
  <remembered-set-cleared processed="64466" cleared="6" durationms="0.269" />
  <stringconstants candidates="13835" cleared="0"  />
</gc-op>
<gc-op id="2621" type="classunload" timems="0.003" contextid="2617" timestamp="2019-07-07T05:36:19.405">
  <classunload-info classloadercandidates="54" classloadersunloaded="0" classesunloaded="0" anonymousclassesunloaded="0" quiescems="0.000" setupms="0.003" scanms="0.000" postms="0.000" />
</gc-op>
<gc-end id="2622" type="partial gc" contextid="2617" durationms="2.978" usertimems="4.000" systemtimems="0.000" timestamp="2019-07-07T05:36:19.405" activeThreads="4">
  <mem-info id="2623" free="37748736" total="61865984" percent="61">
    <mem type="eden" free="1048552" total="1048576" percent="99" />
    <remembered-set count="66304" freebytes="2204288" totalbytes="2469504" percent="89" regionsoverflowed="0" regionsstable="0" regionsrebuilding="17"/>
  </mem-info>
</gc-end>
<cycle-end id="2624" type="partial gc" contextid="2617" timestamp="2019-07-07T05:36:19.406" />
  <attribute name="elasticGC enabled" value="1" />
  <attribute name= "numThreadsSpecified" value="4" />
  <attribute name="heapSize specified" value="0" />
  <attribute name="Current GC Util" value="55" />
  <attribute name= "Current Time Running" value="20098" />
  <attribute name ="GC Interval" value="0" />
  <attribute name="ProportionalT" value="17.500000" />
  <attribute name="ProportionalI" value="17.500000" />
  <attribute name="ProportionalH" value="17.500000" />
  <attribute name="Current Error" value="35.000000" />
  <attribute name="IntegralT" value="17.500000" />
  <attribute name="IntegralI" value="17.500000" />
  <attribute name="IntegralH" value="17.500000" />
  <attribute name="DerivativeT" value="-16.000000" />
  <attribute name="DerivativeI" value="-16.000000" />
  <attribute name="DerivativeH" value="-16.000000" />
  <attribute name="Loop Time for DT" value="1.000000" />
  <attribute name="Output H" value="8388608"/>
  <attribute name="Output I" value="200"/>
  <attribute name="Output T" value="4"/>
  <attribute name="Target GC Util Change" value ="20.000000" />
  <attribute name="Current GC Util Change" value="55.000000"/>
  <attribute name="GC Util currently" value="55" />
  <attribute name="CPU Util currently" value="22243859752614" />
<exclusive-end id="2625" timestamp="2019-07-07T05:36:19.406" durationms="3.905" />

<exclusive-start id="2626" timestamp="2019-07-07T05:36:19.409" intervalms="7.249">
  <response-info timems="0.075" idlems="0.075" threads="0" lastid="000000000096B700" lastname="main" />
</exclusive-start>
<allocation-taxation id="2627" taxation-threshold="10485760" timestamp="2019-07-07T05:36:19.409" intervalms="7.282" />
<gc-start id="2628" type="global mark phase" contextid="2526" timestamp="2019-07-07T05:36:19.410">
  <mem-info id="2629" free="27262976" total="61865984" percent="44">
    <remembered-set count="66304" freebytes="2204288" totalbytes="2469504" percent="89" regionsoverflowed="0" regionsstable="0" regionsrebuilding="17"/>
  </mem-info>
</gc-start>
<gc-end id="2630" type="global mark phase" contextid="2526" durationms="0.192" usertimems="0.000" systemtimems="0.000" timestamp="2019-07-07T05:36:19.410" activeThreads="4">
  <mem-info id="2631" free="27262976" total="61865984" percent="44">
    <remembered-set count="66304" freebytes="2204288" totalbytes="2469504" percent="89" regionsoverflowed="0" regionsstable="0" regionsrebuilding="17"/>
  </mem-info>
</gc-end>
<concurrent-start id="2632" type="GMP work packet processing" contextid="2526" timestamp="2019-07-07T05:36:19.410">
  <concurrent-mark-start scanTarget="1428409" />
</concurrent-start>
<exclusive-end id="2633" timestamp="2019-07-07T05:36:19.410" durationms="0.870" />

<concurrent-end id="2634" type="GMP work packet processing" contextid="2526" timestamp="2019-07-07T05:36:19.411">
  <concurrent-mark-end bytesScanned="1465068" reasonForTermination="Work target met" />
</concurrent-end>

<exclusive-start id="2635" timestamp="2019-07-07T05:36:19.413" intervalms="4.161">
  <response-info timems="0.061" idlems="0.061" threads="0" lastid="000000000096B700" lastname="main" />
</exclusive-start>
<allocation-taxation id="2636" taxation-threshold="10485760" timestamp="2019-07-07T05:36:19.413" intervalms="4.152" />
<cycle-start id="2637" type="partial gc" contextid="0" timestamp="2019-07-07T05:36:19.414" intervalms="11.433" />
<gc-start id="2638" type="partial gc" contextid="2637" timestamp="2019-07-07T05:36:19.414">
  <mem-info id="2639" free="16777216" total="61865984" percent="27">
    <mem type="eden" free="1048552" total="22020096" percent="4" />
    <remembered-set count="79296" freebytes="2152320" totalbytes="2469504" percent="87" regionsoverflowed="0" regionsstable="0" regionsrebuilding="17"/>
  </mem-info>
</gc-start>
<allocation-stats totalBytes="20900392" >
  <allocated-bytes non-tlh="0" tlh="20900392" arrayletleaf="0"/>
  <largest-consumer threadName="main" threadId="000000000096B700" bytes="10451440" />
</allocation-stats>
<gc-op id="2640" type="copy forward" timems="2.181" contextid="2637" timestamp="2019-07-07T05:36:19.417">
  <memory-copied type="eden" objects="1" bytes="24" bytesdiscarded="0" />
  <memory-copied type="other" objects="0" bytes="0" bytesdiscarded="0" />
  <memory-cardclean objects="16" bytes="432" />
  <regions eden="20" other="1" />
  <remembered-set-cleared processed="77247" cleared="6" durationms="0.308" />
  <stringconstants candidates="13835" cleared="0"  />
</gc-op>
<gc-op id="2641" type="classunload" timems="0.004" contextid="2637" timestamp="2019-07-07T05:36:19.417">
  <classunload-info classloadercandidates="54" classloadersunloaded="0" classesunloaded="0" anonymousclassesunloaded="0" quiescems="0.000" setupms="0.004" scanms="0.000" postms="0.000" />
</gc-op>
<gc-end id="2642" type="partial gc" contextid="2637" durationms="3.349" usertimems="8.000" systemtimems="0.000" timestamp="2019-07-07T05:36:19.417" activeThreads="4">
  <mem-info id="2643" free="37748736" total="61865984" percent="61">
    <mem type="eden" free="1048552" total="1048576" percent="99" />
    <remembered-set count="79168" freebytes="2152832" totalbytes="2469504" percent="87" regionsoverflowed="0" regionsstable="0" regionsrebuilding="17"/>
  </mem-info>
</gc-end>
<cycle-end id="2644" type="partial gc" contextid="2637" timestamp="2019-07-07T05:36:19.417" />
  <attribute name="elasticGC enabled" value="1" />
  <attribute name= "numThreadsSpecified" value="4" />
  <attribute name="heapSize specified" value="0" />
  <attribute name="Current GC Util" value="68" />
  <attribute name= "Current Time Running" value="20109" />
  <attribute name ="GC Interval" value="0" />
  <attribute name="ProportionalT" value="24.000000" />
  <attribute name="ProportionalI" value="24.000000" />
  <attribute name="ProportionalH" value="24.000000" />
  <attribute name="Current Error" value="48.000000" />
  <attribute name="IntegralT" value="0.000000" />
  <attribute name="IntegralI" value="0.000000" />
  <attribute name="IntegralH" value="0.000000" />
  <attribute name="DerivativeT" value="-inf" />
  <attribute name="DerivativeI" value="-inf" />
  <attribute name="DerivativeH" value="-inf" />
  <attribute name="Loop Time for DT" value="0.000000" />
  <attribute name="Output H" value="2091843584"/>
  <attribute name="Output I" value="200"/>
  <attribute name="Output T" value="4"/>
  <attribute name="Target GC Util Change" value ="20.000000" />
  <attribute name="Current GC Util Change" value="68.000000"/>
  <attribute name="GC Util currently" value="68" />
  <attribute name="CPU Util currently" value="19646433746945" />
<exclusive-end id="2645" timestamp="2019-07-07T05:36:19.418" durationms="4.220" />

<exclusive-start id="2646" timestamp="2019-07-07T05:36:19.421" intervalms="8.160">
  <response-info timems="0.072" idlems="0.072" threads="0" lastid="000000000096B700" lastname="main" />
</exclusive-start>
<allocation-taxation id="2647" taxation-threshold="10485760" timestamp="2019-07-07T05:36:19.422" intervalms="8.194" />
<gc-start id="2648" type="global mark phase" contextid="2526" timestamp="2019-07-07T05:36:19.422">
  <mem-info id="2649" free="27262976" total="61865984" percent="44">
    <remembered-set count="78688" freebytes="2154752" totalbytes="2469504" percent="87" regionsoverflowed="0" regionsstable="0" regionsrebuilding="17"/>
  </mem-info>
</gc-start>
<gc-end id="2650" type="global mark phase" contextid="2526" durationms="0.196" usertimems="0.000" systemtimems="0.000" timestamp="2019-07-07T05:36:19.422" activeThreads="4">
  <mem-info id="2651" free="27262976" total="61865984" percent="44">
    <remembered-set count="78688" freebytes="2154752" totalbytes="2469504" percent="87" regionsoverflowed="0" regionsstable="0" regionsrebuilding="17"/>
  </mem-info>
</gc-end>
<concurrent-start id="2652" type="GMP work packet processing" contextid="2526" timestamp="2019-07-07T05:36:19.422">
  <concurrent-mark-start scanTarget="1428409" />
</concurrent-start>
<exclusive-end id="2653" timestamp="2019-07-07T05:36:19.422" durationms="0.964" />

<concurrent-end id="2654" type="GMP work packet processing" contextid="2526" timestamp="2019-07-07T05:36:19.424">
  <concurrent-mark-end bytesScanned="1467248" reasonForTermination="Work target met" />
</concurrent-end>

<exclusive-start id="2655" timestamp="2019-07-07T05:36:19.426" intervalms="4.335">
  <response-info timems="0.073" idlems="0.073" threads="0" lastid="000000000096B700" lastname="main" />
</exclusive-start>
<allocation-taxation id="2656" taxation-threshold="10485760" timestamp="2019-07-07T05:36:19.426" intervalms="4.291" />
<cycle-start id="2657" type="partial gc" contextid="0" timestamp="2019-07-07T05:36:19.426" intervalms="12.488" />
<gc-start id="2658" type="partial gc" contextid="2657" timestamp="2019-07-07T05:36:19.426">
  <mem-info id="2659" free="16777216" total="61865984" percent="27">
    <mem type="eden" free="1048552" total="22020096" percent="4" />
    <remembered-set count="92608" freebytes="2099072" totalbytes="2469504" percent="84" regionsoverflowed="0" regionsstable="0" regionsrebuilding="17"/>
  </mem-info>
</gc-start>
<allocation-stats totalBytes="20866368" >
  <allocated-bytes non-tlh="0" tlh="20866368" arrayletleaf="0"/>
  <largest-consumer threadName="main" threadId="000000000096B700" bytes="10416000" />
</allocation-stats>
<gc-op id="2660" type="copy forward" timems="2.253" contextid="2657" timestamp="2019-07-07T05:36:19.429">
  <memory-copied type="eden" objects="26" bytes="1896" bytesdiscarded="1080" />
  <memory-copied type="other" objects="0" bytes="0" bytesdiscarded="0" />
  <memory-cardclean objects="81" bytes="2728" />
  <regions eden="20" other="1" />
  <remembered-set-cleared processed="90685" cleared="56" durationms="0.297" />
  <stringconstants candidates="13835" cleared="0"  />
</gc-op>
<gc-op id="2661" type="classunload" timems="0.003" contextid="2657" timestamp="2019-07-07T05:36:19.430">
  <classunload-info classloadercandidates="54" classloadersunloaded="0" classesunloaded="0" anonymousclassesunloaded="0" quiescems="0.000" setupms="0.003" scanms="0.000" postms="0.000" />
</gc-op>
<gc-end id="2662" type="partial gc" contextid="2657" durationms="3.332" usertimems="4.000" systemtimems="0.000" timestamp="2019-07-07T05:36:19.430" activeThreads="4">
  <mem-info id="2663" free="37748736" total="61865984" percent="61">
    <mem type="eden" free="1045600" total="1048576" percent="99" />
    <remembered-set count="93568" freebytes="2095232" totalbytes="2469504" percent="84" regionsoverflowed="0" regionsstable="0" regionsrebuilding="17"/>
  </mem-info>
</gc-end>
<cycle-end id="2664" type="partial gc" contextid="2657" timestamp="2019-07-07T05:36:19.430" />
  <attribute name="elasticGC enabled" value="1" />
  <attribute name= "numThreadsSpecified" value="4" />
  <attribute name="heapSize specified" value="0" />
  <attribute name="Current GC Util" value="85" />
  <attribute name= "Current Time Running" value="20122" />
  <attribute name ="GC Interval" value="0" />
  <attribute name="ProportionalT" value="32.500000" />
  <attribute name="ProportionalI" value="32.500000" />
  <attribute name="ProportionalH" value="32.500000" />
  <attribute name="Current Error" value="65.000000" />
  <attribute name="IntegralT" value="32.500000" />
  <attribute name="IntegralI" value="32.500000" />
  <attribute name="IntegralH" value="32.500000" />
  <attribute name="DerivativeT" value="19.000000" />
  <attribute name="DerivativeI" value="19.000000" />
  <attribute name="DerivativeH" value="19.000000" />
  <attribute name="Loop Time for DT" value="1.000000" />
  <attribute name="Output H" value="8388608"/>
  <attribute name="Output I" value="200"/>
  <attribute name="Output T" value="4"/>
  <attribute name="Target GC Util Change" value ="20.000000" />
  <attribute name="Current GC Util Change" value="85.000000"/>
  <attribute name="GC Util currently" value="85" />
  <attribute name="CPU Util currently" value="20466637282503" />
<exclusive-end id="2665" timestamp="2019-07-07T05:36:19.430" durationms="4.333" />

<exclusive-start id="2666" timestamp="2019-07-07T05:36:19.434" intervalms="7.738">
  <response-info timems="0.079" idlems="0.079" threads="0" lastid="000000000096B700" lastname="main" />
</exclusive-start>
<allocation-taxation id="2667" taxation-threshold="10485760" timestamp="2019-07-07T05:36:19.434" intervalms="7.759" />
<gc-start id="2668" type="global mark phase" contextid="2526" timestamp="2019-07-07T05:36:19.434">
  <mem-info id="2669" free="27262976" total="61865984" percent="44">
    <remembered-set count="93120" freebytes="2097024" totalbytes="2469504" percent="84" regionsoverflowed="0" regionsstable="0" regionsrebuilding="17"/>
  </mem-info>
</gc-start>
<gc-end id="2670" type="global mark phase" contextid="2526" durationms="0.198" usertimems="0.000" systemtimems="0.000" timestamp="2019-07-07T05:36:19.434" activeThreads="4">
  <mem-info id="2671" free="27262976" total="61865984" percent="44">
    <remembered-set count="93120" freebytes="2097024" totalbytes="2469504" percent="84" regionsoverflowed="0" regionsstable="0" regionsrebuilding="17"/>
  </mem-info>
</gc-end>
<concurrent-start id="2672" type="GMP work packet processing" contextid="2526" timestamp="2019-07-07T05:36:19.434">
  <concurrent-mark-start scanTarget="1428409" />
</concurrent-start>
<exclusive-end id="2673" timestamp="2019-07-07T05:36:19.434" durationms="0.881" />

<concurrent-end id="2674" type="GMP work packet processing" contextid="2526" timestamp="2019-07-07T05:36:19.436">
  <concurrent-mark-end bytesScanned="1464672" reasonForTermination="Work target met" />
</concurrent-end>

<exclusive-start id="2675" timestamp="2019-07-07T05:36:19.438" intervalms="4.196">
  <response-info timems="0.060" idlems="0.060" threads="0" lastid="000000000096B700" lastname="main" />
</exclusive-start>
<allocation-taxation id="2676" taxation-threshold="10485760" timestamp="2019-07-07T05:36:19.438" intervalms="4.198" />
<cycle-start id="2677" type="partial gc" contextid="0" timestamp="2019-07-07T05:36:19.438" intervalms="11.880" />
<gc-start id="2678" type="partial gc" contextid="2677" timestamp="2019-07-07T05:36:19.438">
  <mem-info id="2679" free="16777216" total="61865984" percent="27">
    <mem type="eden" free="0" total="20971520" percent="0" />
    <remembered-set count="107520" freebytes="2039424" totalbytes="2469504" percent="82" regionsoverflowed="0" regionsstable="0" regionsrebuilding="17"/>
  </mem-info>
</gc-start>
<allocation-stats totalBytes="20832000" >
  <allocated-bytes non-tlh="0" tlh="20832000" arrayletleaf="0"/>
  <largest-consumer threadName="main" threadId="000000000096B700" bytes="10416000" />
</allocation-stats>
<gc-op id="2680" type="copy forward" timems="1.891" contextid="2677" timestamp="2019-07-07T05:36:19.441">
  <memory-copied type="eden" objects="0" bytes="0" bytesdiscarded="0" />
  <memory-copied type="other" objects="26" bytes="1896" bytesdiscarded="0" />
  <memory-cardclean objects="60" bytes="2376" />
  <regions eden="20" other="1" />
  <remembered-set-cleared processed="104948" cleared="37" durationms="0.648" />
  <stringconstants candidates="13835" cleared="0"  />
</gc-op>
<gc-op id="2681" type="classunload" timems="0.004" contextid="2677" timestamp="2019-07-07T05:36:19.441">
  <classunload-info classloadercandidates="54" classloadersunloaded="0" classesunloaded="0" anonymousclassesunloaded="0" quiescems="0.000" setupms="0.004" scanms="0.000" postms="0.000" />
</gc-op>
<gc-end id="2682" type="partial gc" contextid="2677" durationms="3.028" usertimems="4.000" systemtimems="0.000" timestamp="2019-07-07T05:36:19.441" activeThreads="1">
  <mem-info id="2683" free="37748736" total="61865984" percent="61">
    <remembered-set count="107872" freebytes="2038016" totalbytes="2469504" percent="82" regionsoverflowed="0" regionsstable="0" regionsrebuilding="17"/>
  </mem-info>
</gc-end>
<cycle-end id="2684" type="partial gc" contextid="2677" timestamp="2019-07-07T05:36:19.442" />
  <attribute name="elasticGC enabled" value="1" />
  <attribute name= "numThreadsSpecified" value="1" />
  <attribute name="heapSize specified" value="0" />
  <attribute name="Current GC Util" value="101" />
  <attribute name= "Current Time Running" value="20133" />
  <attribute name ="GC Interval" value="0" />
  <attribute name="ProportionalT" value="40.500000" />
  <attribute name="ProportionalI" value="40.500000" />
  <attribute name="ProportionalH" value="40.500000" />
  <attribute name="Current Error" value="81.000000" />
  <attribute name="IntegralT" value="0.000000" />
  <attribute name="IntegralI" value="0.000000" />
  <attribute name="IntegralH" value="0.000000" />
  <attribute name="DerivativeT" value="inf" />
  <attribute name="DerivativeI" value="inf" />
  <attribute name="DerivativeH" value="inf" />
  <attribute name="Loop Time for DT" value="0.000000" />
  <attribute name="Output H" value="8388608"/>
  <attribute name="Output I" value="200"/>
  <attribute name="Output T" value="1"/>
  <attribute name="Target GC Util Change" value ="20.000000" />
  <attribute name="Current GC Util Change" value="101.000000"/>
  <attribute name="GC Util currently" value="101" />
  <attribute name="CPU Util currently" value="18072215324595" />
<exclusive-end id="2685" timestamp="2019-07-07T05:36:19.442" durationms="4.034" />

<exclusive-start id="2686" timestamp="2019-07-07T05:36:19.445" intervalms="7.446">
  <response-info timems="0.075" idlems="0.075" threads="0" lastid="000000000096B700" lastname="main" />
</exclusive-start>
<allocation-taxation id="2687" taxation-threshold="10485760" timestamp="2019-07-07T05:36:19.445" intervalms="7.474" />
<gc-start id="2688" type="global mark phase" contextid="2526" timestamp="2019-07-07T05:36:19.446">
  <mem-info id="2689" free="27262976" total="61865984" percent="44">
    <remembered-set count="107456" freebytes="2039680" totalbytes="2469504" percent="82" regionsoverflowed="0" regionsstable="0" regionsrebuilding="17"/>
  </mem-info>
</gc-start>
<gc-end id="2690" type="global mark phase" contextid="2526" durationms="0.188" usertimems="0.000" systemtimems="0.000" timestamp="2019-07-07T05:36:19.446" activeThreads="1">
  <mem-info id="2691" free="27262976" total="61865984" percent="44">
    <remembered-set count="107456" freebytes="2039680" totalbytes="2469504" percent="82" regionsoverflowed="0" regionsstable="0" regionsrebuilding="17"/>
  </mem-info>
</gc-end>
<concurrent-start id="2692" type="GMP work packet processing" contextid="2526" timestamp="2019-07-07T05:36:19.446">
  <concurrent-mark-start scanTarget="1048576" />
</concurrent-start>
<exclusive-end id="2693" timestamp="2019-07-07T05:36:19.446" durationms="0.876" />

<concurrent-end id="2694" type="GMP work packet processing" contextid="2526" timestamp="2019-07-07T05:36:19.447">
  <concurrent-mark-end bytesScanned="1087700" reasonForTermination="Work target met" />
</concurrent-end>

<exclusive-start id="2695" timestamp="2019-07-07T05:36:19.449" intervalms="4.206">
  <response-info timems="0.065" idlems="0.065" threads="0" lastid="000000000096B700" lastname="main" />
</exclusive-start>
<allocation-taxation id="2696" taxation-threshold="10485760" timestamp="2019-07-07T05:36:19.450" intervalms="4.156" />
<cycle-start id="2697" type="partial gc" contextid="0" timestamp="2019-07-07T05:36:19.450" intervalms="11.730" />
<gc-start id="2698" type="partial gc" contextid="2697" timestamp="2019-07-07T05:36:19.450">
  <mem-info id="2699" free="16777216" total="61865984" percent="27">
    <mem type="eden" free="0" total="20971520" percent="0" />
    <remembered-set count="116736" freebytes="2002560" totalbytes="2469504" percent="81" regionsoverflowed="0" regionsstable="0" regionsrebuilding="17"/>
  </mem-info>
</gc-start>
<allocation-stats totalBytes="20832000" >
  <allocated-bytes non-tlh="0" tlh="20832000" arrayletleaf="0"/>
  <largest-consumer threadName="main" threadId="000000000096B700" bytes="10416000" />
</allocation-stats>
<gc-op id="2700" type="copy forward" timems="1.900" contextid="2697" timestamp="2019-07-07T05:36:19.453">
  <memory-copied type="eden" objects="0" bytes="0" bytesdiscarded="0" />
  <memory-copied type="other" objects="0" bytes="0" bytesdiscarded="0" />
  <memory-cardclean objects="10" bytes="424" />
  <regions eden="20" other="0" />
  <remembered-set-cleared processed="114526" cleared="5" durationms="0.689" />
  <stringconstants candidates="13835" cleared="0"  />
</gc-op>
<gc-op id="2701" type="classunload" timems="0.003" contextid="2697" timestamp="2019-07-07T05:36:19.453">
  <classunload-info classloadercandidates="54" classloadersunloaded="0" classesunloaded="0" anonymousclassesunloaded="0" quiescems="0.000" setupms="0.003" scanms="0.000" postms="0.000" />
</gc-op>
<gc-end id="2702" type="partial gc" contextid="2697" durationms="3.195" usertimems="0.000" systemtimems="0.000" timestamp="2019-07-07T05:36:19.453" activeThreads="1">
  <mem-info id="2703" free="37748736" total="61865984" percent="61">
    <remembered-set count="116736" freebytes="2002560" totalbytes="2469504" percent="81" regionsoverflowed="0" regionsstable="0" regionsrebuilding="17"/>
  </mem-info>
</gc-end>
<cycle-end id="2704" type="partial gc" contextid="2697" timestamp="2019-07-07T05:36:19.453" />
  <attribute name="elasticGC enabled" value="1" />
  <attribute name= "numThreadsSpecified" value="1" />
  <attribute name="heapSize specified" value="0" />
  <attribute name="Current GC Util" value="163" />
  <attribute name= "Current Time Running" value="20145" />
  <attribute name ="GC Interval" value="0" />
  <attribute name="ProportionalT" value="71.500000" />
  <attribute name="ProportionalI" value="71.500000" />
  <attribute name="ProportionalH" value="71.500000" />
  <attribute name="Current Error" value="143.000000" />
  <attribute name="IntegralT" value="0.000000" />
  <attribute name="IntegralI" value="0.000000" />
  <attribute name="IntegralH" value="0.000000" />
  <attribute name="DerivativeT" value="inf" />
  <attribute name="DerivativeI" value="inf" />
  <attribute name="DerivativeH" value="inf" />
  <attribute name="Loop Time for DT" value="0.000000" />
  <attribute name="Output H" value="8388608"/>
  <attribute name="Output I" value="200"/>
  <attribute name="Output T" value="1"/>
  <attribute name="Target GC Util Change" value ="20.000000" />
  <attribute name="Current GC Util Change" value="163.000000"/>
  <attribute name="GC Util currently" value="163" />
  <attribute name="CPU Util currently" value="13096357870123" />
<exclusive-end id="2705" timestamp="2019-07-07T05:36:19.454" durationms="4.279" />

<exclusive-start id="2706" timestamp="2019-07-07T05:36:19.457" intervalms="7.695">
  <response-info timems="0.077" idlems="0.077" threads="0" lastid="000000000096B700" lastname="main" />
</exclusive-start>
<allocation-taxation id="2707" taxation-threshold="10485760" timestamp="2019-07-07T05:36:19.457" intervalms="7.732" />
<gc-start id="2708" type="global mark phase" contextid="2526" timestamp="2019-07-07T05:36:19.457">
  <mem-info id="2709" free="27262976" total="61865984" percent="44">
    <remembered-set count="116736" freebytes="2002560" totalbytes="2469504" percent="81" regionsoverflowed="0" regionsstable="0" regionsrebuilding="17"/>
  </mem-info>
</gc-start>
<gc-end id="2710" type="global mark phase" contextid="2526" durationms="0.190" usertimems="0.000" systemtimems="0.000" timestamp="2019-07-07T05:36:19.458" activeThreads="1">
  <mem-info id="2711" free="27262976" total="61865984" percent="44">
    <remembered-set count="116736" freebytes="2002560" totalbytes="2469504" percent="81" regionsoverflowed="0" regionsstable="0" regionsrebuilding="17"/>
  </mem-info>
</gc-end>
<concurrent-start id="2712" type="GMP work packet processing" contextid="2526" timestamp="2019-07-07T05:36:19.458">
  <concurrent-mark-start scanTarget="1048576" />
</concurrent-start>
<exclusive-end id="2713" timestamp="2019-07-07T05:36:19.458" durationms="0.813" />

<concurrent-end id="2714" type="GMP work packet processing" contextid="2526" timestamp="2019-07-07T05:36:19.459">
  <concurrent-mark-end bytesScanned="665436" reasonForTermination="Completed all work in GC phase" />
</concurrent-end>

<exclusive-start id="2715" timestamp="2019-07-07T05:36:19.461" intervalms="4.130">
  <response-info timems="0.057" idlems="0.057" threads="0" lastid="000000000096B700" lastname="main" />
</exclusive-start>
<allocation-taxation id="2716" taxation-threshold="10485760" timestamp="2019-07-07T05:36:19.461" intervalms="4.039" />
<cycle-start id="2717" type="partial gc" contextid="0" timestamp="2019-07-07T05:36:19.461" intervalms="11.704" />
<gc-start id="2718" type="partial gc" contextid="2717" timestamp="2019-07-07T05:36:19.462">
  <mem-info id="2719" free="16777216" total="61865984" percent="27">
    <mem type="eden" free="0" total="20971520" percent="0" />
    <remembered-set count="126304" freebytes="1964288" totalbytes="2469504" percent="79" regionsoverflowed="0" regionsstable="0" regionsrebuilding="17"/>
  </mem-info>
</gc-start>
<allocation-stats totalBytes="20838912" >
  <allocated-bytes non-tlh="0" tlh="20838912" arrayletleaf="0"/>
  <largest-consumer threadName="main" threadId="000000000096B700" bytes="10420032" />
</allocation-stats>
<gc-op id="2720" type="copy forward" timems="1.870" contextid="2717" timestamp="2019-07-07T05:36:19.464">
  <memory-copied type="eden" objects="1" bytes="24" bytesdiscarded="0" />
  <memory-copied type="other" objects="0" bytes="0" bytesdiscarded="0" />
  <memory-cardclean objects="10" bytes="424" />
  <regions eden="20" other="0" />
  <remembered-set-cleared processed="124148" cleared="5" durationms="0.726" />
  <stringconstants candidates="13835" cleared="0"  />
</gc-op>
<gc-op id="2721" type="classunload" timems="0.003" contextid="2717" timestamp="2019-07-07T05:36:19.465">
  <classunload-info classloadercandidates="54" classloadersunloaded="0" classesunloaded="0" anonymousclassesunloaded="0" quiescems="0.000" setupms="0.003" scanms="0.000" postms="0.000" />
</gc-op>
<heap-resize id="2722" type="expand" space="default" amount="1048576" count="1" timems="0.056" reason="excessive time being spent in gc" timestamp="2019-07-07T05:36:19.465" />
<gc-end id="2723" type="partial gc" contextid="2717" durationms="3.309" usertimems="4.000" systemtimems="0.000" timestamp="2019-07-07T05:36:19.465" activeThreads="1">
  <mem-info id="2724" free="37748736" total="62914560" percent="60">
    <mem type="eden" free="1048552" total="1048576" percent="99" />
    <remembered-set count="126816" freebytes="2004096" totalbytes="2511360" percent="79" regionsoverflowed="0" regionsstable="0" regionsrebuilding="17"/>
  </mem-info>
</gc-end>
<cycle-end id="2725" type="partial gc" contextid="2717" timestamp="2019-07-07T05:36:19.465" />
  <attribute name="elasticGC enabled" value="1" />
  <attribute name= "numThreadsSpecified" value="1" />
  <attribute name="heapSize specified" value="0" />
  <attribute name="Current GC Util" value="160" />
  <attribute name= "Current Time Running" value="20157" />
  <attribute name ="GC Interval" value="0" />
  <attribute name="ProportionalT" value="70.000000" />
  <attribute name="ProportionalI" value="70.000000" />
  <attribute name="ProportionalH" value="70.000000" />
  <attribute name="Current Error" value="140.000000" />
  <attribute name="IntegralT" value="0.000000" />
  <attribute name="IntegralI" value="0.000000" />
  <attribute name="IntegralH" value="0.000000" />
  <attribute name="DerivativeT" value="inf" />
  <attribute name="DerivativeI" value="inf" />
  <attribute name="DerivativeH" value="inf" />
  <attribute name="Loop Time for DT" value="0.000000" />
  <attribute name="Output H" value="8388608"/>
  <attribute name="Output I" value="200"/>
  <attribute name="Output T" value="1"/>
  <attribute name="Target GC Util Change" value ="20.000000" />
  <attribute name="Current GC Util Change" value="160.000000"/>
  <attribute name="GC Util currently" value="160" />
  <attribute name="CPU Util currently" value="13564580206771" />
<exclusive-end id="2726" timestamp="2019-07-07T05:36:19.465" durationms="4.259" />

<exclusive-start id="2727" timestamp="2019-07-07T05:36:19.469" intervalms="7.654">
  <response-info timems="0.074" idlems="0.074" threads="0" lastid="000000000096B700" lastname="main" />
</exclusive-start>
<allocation-taxation id="2728" taxation-threshold="10485760" timestamp="2019-07-07T05:36:19.469" intervalms="7.758" />
<gc-start id="2729" type="global mark phase" contextid="2526" timestamp="2019-07-07T05:36:19.469">
  <mem-info id="2730" free="27262976" total="62914560" percent="43">
    <remembered-set count="126336" freebytes="2006016" totalbytes="2511360" percent="79" regionsoverflowed="0" regionsstable="0" regionsrebuilding="17"/>
  </mem-info>
</gc-start>
<gc-op id="2731" type="mark increment" timems="3.128" contextid="2526" timestamp="2019-07-07T05:36:19.473">
  <trace-info objectcount="39" scancount="36" scanbytes="1208" />
  <cardclean-info objects="14568" bytes="531888" />
  <finalization candidates="80" enqueued="0" />
  <ownableSynchronizers candidates="21" cleared="0" />
  <references type="soft" candidates="4849" cleared="34" enqueued="34" dynamicThreshold="19" maxThreshold="32" />
  <references type="weak" candidates="5698" cleared="0" enqueued="0" />
  <references type="phantom" candidates="101" cleared="0" enqueued="0" />
  <stringconstants candidates="13835" cleared="1"  />
</gc-op>
<gc-op id="2732" type="classunload" timems="0.005" contextid="2526" timestamp="2019-07-07T05:36:19.473">
  <classunload-info classloadercandidates="54" classloadersunloaded="0" classesunloaded="0" anonymousclassesunloaded="0" quiescems="0.000" setupms="0.005" scanms="0.000" postms="0.000" />
</gc-op>
<gc-end id="2733" type="global mark phase" contextid="2526" durationms="3.746" usertimems="8.000" systemtimems="0.000" timestamp="2019-07-07T05:36:19.473" activeThreads="4">
  <mem-info id="2734" free="27262976" total="62914560" percent="43">
    <pending-finalizers system="0" default="0" reference="34" classloader="0" />
    <remembered-set count="131456" freebytes="1985536" totalbytes="2511360" percent="79" regionsoverflowed="0" regionsstable="0" regionsrebuilding="0"/>
  </mem-info>
</gc-end>
<cycle-end id="2735" type="global mark phase" contextid="2526" timestamp="2019-07-07T05:36:19.473" />
  <attribute name="elasticGC enabled" value="1" />
  <attribute name= "numThreadsSpecified" value="4" />
  <attribute name="heapSize specified" value="0" />
  <attribute name="Current GC Util" value="191" />
  <attribute name= "Current Time Running" value="20166" />
  <attribute name ="GC Interval" value="0" />
  <attribute name="ProportionalT" value="85.500000" />
  <attribute name="ProportionalI" value="85.500000" />
  <attribute name="ProportionalH" value="85.500000" />
  <attribute name="Current Error" value="171.000000" />
  <attribute name="IntegralT" value="85.500000" />
  <attribute name="IntegralI" value="85.500000" />
  <attribute name="IntegralH" value="85.500000" />
  <attribute name="DerivativeT" value="-71.000000" />
  <attribute name="DerivativeI" value="-71.000000" />
  <attribute name="DerivativeH" value="-71.000000" />
  <attribute name="Loop Time for DT" value="1.000000" />
  <attribute name="Output H" value="8388608"/>
  <attribute name="Output I" value="200"/>
  <attribute name="Output T" value="4"/>
  <attribute name="Target GC Util Change" value ="20.000000" />
  <attribute name="Current GC Util Change" value="191.000000"/>
  <attribute name="GC Util currently" value="191" />
  <attribute name="CPU Util currently" value="9430889243494" />
<exclusive-end id="2736" timestamp="2019-07-07T05:36:19.473" durationms="4.501" />

<exclusive-start id="2737" timestamp="2019-07-07T05:36:19.477" intervalms="7.955">
  <response-info timems="0.085" idlems="0.085" threads="0" lastid="000000000096B700" lastname="main" />
</exclusive-start>
<allocation-taxation id="2738" taxation-threshold="10485760" timestamp="2019-07-07T05:36:19.477" intervalms="7.936" />
<cycle-start id="2739" type="partial gc" contextid="0" timestamp="2019-07-07T05:36:19.477" intervalms="15.754" />
<gc-start id="2740" type="partial gc" contextid="2739" timestamp="2019-07-07T05:36:19.478">
  <mem-info id="2741" free="16777216" total="62914560" percent="26">
    <mem type="eden" free="1048552" total="22020096" percent="4" />
    <remembered-set count="1280" freebytes="2506240" totalbytes="2511360" percent="99" regionsoverflowed="0" regionsstable="17" regionsrebuilding="0"/>
  </mem-info>
</gc-start>
<allocation-stats totalBytes="20840064" >
  <allocated-bytes non-tlh="0" tlh="20840064" arrayletleaf="0"/>
  <largest-consumer threadName="main" threadId="000000000096B700" bytes="10420032" />
</allocation-stats>
<gc-op id="2742" type="sweep" timems="1.027" contextid="2739" timestamp="2019-07-07T05:36:19.479" />
<gc-op id="2743" type="copy forward" timems="0.905" contextid="2739" timestamp="2019-07-07T05:36:19.480">
  <memory-copied type="eden" objects="1" bytes="24" bytesdiscarded="0" />
  <memory-copied type="other" objects="0" bytes="0" bytesdiscarded="0" />
  <memory-cardclean objects="99" bytes="6520" />
  <regions eden="10" other="1" />
  <remembered-set-cleared processed="324" cleared="0" durationms="0.090" />
  <stringconstants candidates="13834" cleared="0"  />
</gc-op>
<gc-op id="2744" type="classunload" timems="0.003" contextid="2739" timestamp="2019-07-07T05:36:19.481">
  <classunload-info classloadercandidates="54" classloadersunloaded="0" classesunloaded="0" anonymousclassesunloaded="0" quiescems="0.000" setupms="0.003" scanms="0.000" postms="0.000" />
</gc-op>
<gc-end id="2745" type="partial gc" contextid="2739" durationms="3.394" usertimems="8.000" systemtimems="0.000" timestamp="2019-07-07T05:36:19.481" activeThreads="1">
  <mem-info id="2746" free="37748736" total="62914560" percent="60">
    <mem type="eden" free="1048552" total="1048576" percent="99" />
    <remembered-set count="1760" freebytes="2504320" totalbytes="2511360" percent="99" regionsoverflowed="0" regionsstable="17" regionsrebuilding="0"/>
  </mem-info>
</gc-end>
<cycle-end id="2747" type="partial gc" contextid="2739" timestamp="2019-07-07T05:36:19.481" />
  <attribute name="elasticGC enabled" value="1" />
  <attribute name= "numThreadsSpecified" value="1" />
  <attribute name="heapSize specified" value="0" />
  <attribute name="Current GC Util" value="178" />
  <attribute name= "Current Time Running" value="20174" />
  <attribute name ="GC Interval" value="0" />
  <attribute name="ProportionalT" value="79.000000" />
  <attribute name="ProportionalI" value="79.000000" />
  <attribute name="ProportionalH" value="79.000000" />
  <attribute name="Current Error" value="158.000000" />
  <attribute name="IntegralT" value="0.000000" />
  <attribute name="IntegralI" value="0.000000" />
  <attribute name="IntegralH" value="0.000000" />
  <attribute name="DerivativeT" value="inf" />
  <attribute name="DerivativeI" value="inf" />
  <attribute name="DerivativeH" value="inf" />
  <attribute name="Loop Time for DT" value="0.000000" />
  <attribute name="Output H" value="8388608"/>
  <attribute name="Output I" value="200"/>
  <attribute name="Output T" value="1"/>
  <attribute name="Target GC Util Change" value ="20.000000" />
  <attribute name="Current GC Util Change" value="178.000000"/>
  <attribute name="GC Util currently" value="178" />
  <attribute name="CPU Util currently" value="14272628168790" />
<exclusive-end id="2748" timestamp="2019-07-07T05:36:19.481" durationms="4.484" />

<exclusive-start id="2749" timestamp="2019-07-07T05:36:19.488" intervalms="11.350">
  <response-info timems="0.098" idlems="0.098" threads="0" lastid="000000000096B700" lastname="main" />
</exclusive-start>
<allocation-taxation id="2750" taxation-threshold="22020096" timestamp="2019-07-07T05:36:19.488" intervalms="11.348" />
<cycle-start id="2751" type="partial gc" contextid="0" timestamp="2019-07-07T05:36:19.489" intervalms="11.338" />
<gc-start id="2752" type="partial gc" contextid="2751" timestamp="2019-07-07T05:36:19.489">
  <mem-info id="2753" free="15728640" total="62914560" percent="25">
    <mem type="eden" free="1048552" total="23068672" percent="4" />
    <remembered-set count="1280" freebytes="2506240" totalbytes="2511360" percent="99" regionsoverflowed="0" regionsstable="17" regionsrebuilding="0"/>
  </mem-info>
</gc-start>
<allocation-stats totalBytes="21882072" >
  <allocated-bytes non-tlh="0" tlh="21882072" arrayletleaf="0"/>
  <largest-consumer threadName="main" threadId="000000000096B700" bytes="21882072" />
</allocation-stats>
<gc-op id="2754" type="copy forward" timems="1.410" contextid="2751" timestamp="2019-07-07T05:36:19.491">
  <memory-copied type="eden" objects="1" bytes="24" bytesdiscarded="0" />
  <memory-copied type="other" objects="983" bytes="43272" bytesdiscarded="0" />
  <memory-cardclean objects="221" bytes="11032" />
  <regions eden="21" other="5" />
  <remembered-set-cleared processed="292" cleared="10" durationms="0.090" />
  <references type="soft" candidates="4" cleared="0" enqueued="0" dynamicThreshold="19" maxThreshold="32" />
  <references type="weak" candidates="13" cleared="0" enqueued="0" />
  <stringconstants candidates="13834" cleared="0"  />
</gc-op>
<gc-op id="2755" type="classunload" timems="0.003" contextid="2751" timestamp="2019-07-07T05:36:19.491">
  <classunload-info classloadercandidates="54" classloadersunloaded="0" classesunloaded="0" anonymousclassesunloaded="0" quiescems="0.000" setupms="0.003" scanms="0.000" postms="0.000" />
</gc-op>
<heap-resize id="2756" type="contract" space="default" amount="3145728" count="1" timems="0.207" reason="excess free space following gc" timestamp="2019-07-07T05:36:19.492" />
<gc-end id="2757" type="partial gc" contextid="2751" durationms="2.935" usertimems="4.000" systemtimems="0.000" timestamp="2019-07-07T05:36:19.492" activeThreads="1">
  <mem-info id="2758" free="36700160" total="59768832" percent="61">
    <mem type="eden" free="1048552" total="1048576" percent="99" />
    <remembered-set count="1664" freebytes="2504704" totalbytes="2511360" percent="99" regionsoverflowed="0" regionsstable="17" regionsrebuilding="0"/>
  </mem-info>
</gc-end>
<cycle-end id="2759" type="partial gc" contextid="2751" timestamp="2019-07-07T05:36:19.492" />
  <attribute name="elasticGC enabled" value="1" />
  <attribute name= "numThreadsSpecified" value="1" />
  <attribute name="heapSize specified" value="0" />
  <attribute name="Current GC Util" value="295" />
  <attribute name= "Current Time Running" value="20184" />
  <attribute name ="GC Interval" value="0" />
  <attribute name="ProportionalT" value="137.500000" />
  <attribute name="ProportionalI" value="137.500000" />
  <attribute name="ProportionalH" value="137.500000" />
  <attribute name="Current Error" value="275.000000" />
  <attribute name="IntegralT" value="0.000000" />
  <attribute name="IntegralI" value="0.000000" />
  <attribute name="IntegralH" value="0.000000" />
  <attribute name="DerivativeT" value="inf" />
  <attribute name="DerivativeI" value="inf" />
  <attribute name="DerivativeH" value="inf" />
  <attribute name="Loop Time for DT" value="0.000000" />
  <attribute name="Output H" value="8388608"/>
  <attribute name="Output I" value="200"/>
  <attribute name="Output T" value="1"/>
  <attribute name="Target GC Util Change" value ="20.000000" />
  <attribute name="Current GC Util Change" value="295.000000"/>
  <attribute name="GC Util currently" value="295" />
  <attribute name="CPU Util currently" value="13968879802681" />
<exclusive-end id="2760" timestamp="2019-07-07T05:36:19.492" durationms="4.023" />

<exclusive-start id="2761" timestamp="2019-07-07T05:36:19.499" intervalms="10.840">
  <response-info timems="0.063" idlems="0.063" threads="0" lastid="000000000096B700" lastname="main" />
</exclusive-start>
<allocation-taxation id="2762" taxation-threshold="22020096" timestamp="2019-07-07T05:36:19.499" intervalms="10.858" />
<cycle-start id="2763" type="partial gc" contextid="0" timestamp="2019-07-07T05:36:19.499" intervalms="10.886" />
<gc-start id="2764" type="partial gc" contextid="2763" timestamp="2019-07-07T05:36:19.500">
  <mem-info id="2765" free="14680064" total="59768832" percent="24">
    <mem type="eden" free="1048552" total="23068672" percent="4" />
    <remembered-set count="1280" freebytes="2506240" totalbytes="2511360" percent="99" regionsoverflowed="0" regionsstable="17" regionsrebuilding="0"/>
  </mem-info>
</gc-start>
<allocation-stats totalBytes="21882072" >
  <allocated-bytes non-tlh="0" tlh="21882072" arrayletleaf="0"/>
  <largest-consumer threadName="main" threadId="000000000096B700" bytes="21882072" />
</allocation-stats>
<gc-op id="2766" type="copy forward" timems="1.274" contextid="2763" timestamp="2019-07-07T05:36:19.502">
  <memory-copied type="eden" objects="1" bytes="24" bytesdiscarded="0" />
  <memory-copied type="other" objects="1383" bytes="98640" bytesdiscarded="72" />
  <memory-cardclean objects="737" bytes="34328" />
  <regions eden="21" other="2" />
  <remembered-set-cleared processed="265" cleared="16" durationms="0.092" />
  <references type="soft" candidates="9" cleared="0" enqueued="0" dynamicThreshold="19" maxThreshold="32" />
  <references type="weak" candidates="100" cleared="0" enqueued="0" />
  <stringconstants candidates="13834" cleared="0"  />
</gc-op>
<gc-op id="2767" type="classunload" timems="0.003" contextid="2763" timestamp="2019-07-07T05:36:19.502">
  <classunload-info classloadercandidates="54" classloadersunloaded="0" classesunloaded="0" anonymousclassesunloaded="0" quiescems="0.000" setupms="0.003" scanms="0.000" postms="0.000" />
</gc-op>
<heap-resize id="2768" type="contract" space="default" amount="3145728" count="1" timems="0.215" reason="excess free space following gc" timestamp="2019-07-07T05:36:19.503" />
<gc-end id="2769" type="partial gc" contextid="2763" durationms="3.038" usertimems="0.000" systemtimems="4.000" timestamp="2019-07-07T05:36:19.503" activeThreads="1">
  <mem-info id="2770" free="34603008" total="56623104" percent="61">
    <mem type="eden" free="1048552" total="1048576" percent="99" />
    <remembered-set count="864" freebytes="2382336" totalbytes="2385792" percent="99" regionsoverflowed="0" regionsstable="17" regionsrebuilding="0"/>
  </mem-info>
</gc-end>
<cycle-end id="2771" type="partial gc" contextid="2763" timestamp="2019-07-07T05:36:19.503" />
  <attribute name="elasticGC enabled" value="1" />
  <attribute name= "numThreadsSpecified" value="1" />
  <attribute name="heapSize specified" value="0" />
  <attribute name="Current GC Util" value="184" />
  <attribute name= "Current Time Running" value="20195" />
  <attribute name ="GC Interval" value="0" />
  <attribute name="ProportionalT" value="82.000000" />
  <attribute name="ProportionalI" value="82.000000" />
  <attribute name="ProportionalH" value="82.000000" />
  <attribute name="Current Error" value="164.000000" />
  <attribute name="IntegralT" value="0.000000" />
  <attribute name="IntegralI" value="0.000000" />
  <attribute name="IntegralH" value="0.000000" />
  <attribute name="DerivativeT" value="inf" />
  <attribute name="DerivativeI" value="inf" />
  <attribute name="DerivativeH" value="inf" />
  <attribute name="Loop Time for DT" value="0.000000" />
  <attribute name="Output H" value="8388608"/>
  <attribute name="Output I" value="200"/>
  <attribute name="Output T" value="1"/>
  <attribute name="Target GC Util Change" value ="20.000000" />
  <attribute name="Current GC Util Change" value="184.000000"/>
  <attribute name="GC Util currently" value="184" />
  <attribute name="CPU Util currently" value="8716441170365" />
<exclusive-end id="2772" timestamp="2019-07-07T05:36:19.503" durationms="4.159" />

<exclusive-start id="2773" timestamp="2019-07-07T05:36:19.507" intervalms="7.527">
  <response-info timems="0.054" idlems="0.054" threads="0" lastid="000000000096B700" lastname="main" />
</exclusive-start>
<allocation-taxation id="2774" taxation-threshold="10485760" timestamp="2019-07-07T05:36:19.507" intervalms="7.533" />
<cycle-start id="2775" type="global mark phase" contextid="0" timestamp="2019-07-07T05:36:19.507" intervalms="158.083" />
<gc-start id="2776" type="global mark phase" contextid="2775" timestamp="2019-07-07T05:36:19.507">
  <mem-info id="2777" free="24117248" total="56623104" percent="42">
    <remembered-set count="480" freebytes="2383872" totalbytes="2385792" percent="99" regionsoverflowed="0" regionsstable="17" regionsrebuilding="0"/>
  </mem-info>
</gc-start>
<gc-op id="2778" type="mark increment" timems="1.540" contextid="2775" timestamp="2019-07-07T05:36:19.509">
  <trace-info objectcount="3359" scancount="171" scanbytes="11796" />
</gc-op>
<gc-end id="2779" type="global mark phase" contextid="2775" durationms="1.834" usertimems="0.000" systemtimems="0.000" timestamp="2019-07-07T05:36:19.509" activeThreads="4">
  <mem-info id="2780" free="24117248" total="56623104" percent="42">
    <remembered-set count="992" freebytes="2381824" totalbytes="2385792" percent="99" regionsoverflowed="0" regionsstable="0" regionsrebuilding="17"/>
  </mem-info>
</gc-end>
<concurrent-start id="2781" type="GMP work packet processing" contextid="2775" timestamp="2019-07-07T05:36:19.509">
  <concurrent-mark-start scanTarget="1061717" />
</concurrent-start>
<exclusive-end id="2782" timestamp="2019-07-07T05:36:19.509" durationms="2.821" />

<concurrent-end id="2783" type="GMP work packet processing" contextid="2775" timestamp="2019-07-07T05:36:19.511">
  <concurrent-mark-end bytesScanned="1140704" reasonForTermination="Work target met" />
</concurrent-end>

<exclusive-start id="2784" timestamp="2019-07-07T05:36:19.513" intervalms="6.234">
  <response-info timems="0.057" idlems="0.057" threads="0" lastid="000000000096B700" lastname="main" />
</exclusive-start>
<allocation-taxation id="2785" taxation-threshold="10485760" timestamp="2019-07-07T05:36:19.513" intervalms="6.173" />
<cycle-start id="2786" type="partial gc" contextid="0" timestamp="2019-07-07T05:36:19.513" intervalms="13.682" />
<gc-start id="2787" type="partial gc" contextid="2786" timestamp="2019-07-07T05:36:19.514">
  <mem-info id="2788" free="13631488" total="56623104" percent="24">
    <mem type="eden" free="1048552" total="22020096" percent="4" />
    <remembered-set count="10368" freebytes="2344320" totalbytes="2385792" percent="98" regionsoverflowed="0" regionsstable="0" regionsrebuilding="17"/>
  </mem-info>
</gc-start>
<allocation-stats totalBytes="20840064" >
  <allocated-bytes non-tlh="0" tlh="20840064" arrayletleaf="0"/>
  <largest-consumer threadName="main" threadId="000000000096B700" bytes="10420032" />
</allocation-stats>
<gc-op id="2789" type="copy forward" timems="2.265" contextid="2786" timestamp="2019-07-07T05:36:19.517">
  <memory-copied type="eden" objects="1" bytes="24" bytesdiscarded="0" />
  <memory-copied type="other" objects="0" bytes="0" bytesdiscarded="0" />
  <memory-cardclean objects="4918" bytes="469192" />
  <regions eden="20" other="1" />
  <remembered-set-cleared processed="7907" cleared="1327" durationms="0.172" />
  <stringconstants candidates="13834" cleared="0"  />
</gc-op>
<gc-op id="2790" type="classunload" timems="0.004" contextid="2786" timestamp="2019-07-07T05:36:19.517">
  <classunload-info classloadercandidates="54" classloadersunloaded="0" classesunloaded="0" anonymousclassesunloaded="0" quiescems="0.000" setupms="0.004" scanms="0.000" postms="0.000" />
</gc-op>
<gc-end id="2791" type="partial gc" contextid="2786" durationms="3.678" usertimems="4.000" systemtimems="0.000" timestamp="2019-07-07T05:36:19.517" activeThreads="1">
  <mem-info id="2792" free="34603008" total="56623104" percent="61">
    <mem type="eden" free="1048552" total="1048576" percent="99" />
    <remembered-set count="9504" freebytes="2222208" totalbytes="2260224" percent="98" regionsoverflowed="0" regionsstable="0" regionsrebuilding="17"/>
  </mem-info>
</gc-end>
<cycle-end id="2793" type="partial gc" contextid="2786" timestamp="2019-07-07T05:36:19.517" />
  <attribute name="elasticGC enabled" value="1" />
  <attribute name= "numThreadsSpecified" value="1" />
  <attribute name="heapSize specified" value="0" />
  <attribute name="Current GC Util" value="108" />
  <attribute name= "Current Time Running" value="20209" />
  <attribute name ="GC Interval" value="0" />
  <attribute name="ProportionalT" value="44.000000" />
  <attribute name="ProportionalI" value="44.000000" />
  <attribute name="ProportionalH" value="44.000000" />
  <attribute name="Current Error" value="88.000000" />
  <attribute name="IntegralT" value="0.000000" />
  <attribute name="IntegralI" value="0.000000" />
  <attribute name="IntegralH" value="0.000000" />
  <attribute name="DerivativeT" value="inf" />
  <attribute name="DerivativeI" value="inf" />
  <attribute name="DerivativeH" value="inf" />
  <attribute name="Loop Time for DT" value="0.000000" />
  <attribute name="Output H" value="8388608"/>
  <attribute name="Output I" value="200"/>
  <attribute name="Output T" value="1"/>
  <attribute name="Target GC Util Change" value ="20.000000" />
  <attribute name="Current GC Util Change" value="108.000000"/>
  <attribute name="GC Util currently" value="108" />
  <attribute name="CPU Util currently" value="8796059390268" />
<exclusive-end id="2794" timestamp="2019-07-07T05:36:19.518" durationms="4.907" />

<exclusive-start id="2795" timestamp="2019-07-07T05:36:19.521" intervalms="8.310">
  <response-info timems="0.077" idlems="0.077" threads="0" lastid="000000000096B700" lastname="main" />
</exclusive-start>
<allocation-taxation id="2796" taxation-threshold="10485760" timestamp="2019-07-07T05:36:19.521" intervalms="8.341" />
<gc-start id="2797" type="global mark phase" contextid="2775" timestamp="2019-07-07T05:36:19.521">
  <mem-info id="2798" free="24117248" total="56623104" percent="42">
    <remembered-set count="9216" freebytes="2223360" totalbytes="2260224" percent="98" regionsoverflowed="0" regionsstable="0" regionsrebuilding="17"/>
  </mem-info>
</gc-start>
<gc-end id="2799" type="global mark phase" contextid="2775" durationms="0.200" usertimems="0.000" systemtimems="0.000" timestamp="2019-07-07T05:36:19.522" activeThreads="1">
  <mem-info id="2800" free="24117248" total="56623104" percent="42">
    <remembered-set count="9216" freebytes="2223360" totalbytes="2260224" percent="98" regionsoverflowed="0" regionsstable="0" regionsrebuilding="17"/>
  </mem-info>
</gc-end>
<concurrent-start id="2801" type="GMP work packet processing" contextid="2775" timestamp="2019-07-07T05:36:19.522">
  <concurrent-mark-start scanTarget="1061717" />
</concurrent-start>
<exclusive-end id="2802" timestamp="2019-07-07T05:36:19.522" durationms="0.956" />

<concurrent-end id="2803" type="GMP work packet processing" contextid="2775" timestamp="2019-07-07T05:36:19.524">
  <concurrent-mark-end bytesScanned="1142164" reasonForTermination="Work target met" />
</concurrent-end>

<exclusive-start id="2804" timestamp="2019-07-07T05:36:19.525" intervalms="4.287">
  <response-info timems="0.074" idlems="0.074" threads="0" lastid="000000000096B700" lastname="main" />
</exclusive-start>
<allocation-taxation id="2805" taxation-threshold="10485760" timestamp="2019-07-07T05:36:19.526" intervalms="4.308" />
<cycle-start id="2806" type="partial gc" contextid="0" timestamp="2019-07-07T05:36:19.526" intervalms="12.647" />
<gc-start id="2807" type="partial gc" contextid="2806" timestamp="2019-07-07T05:36:19.526">
  <mem-info id="2808" free="13631488" total="56623104" percent="24">
    <mem type="eden" free="1048552" total="22020096" percent="4" />
    <remembered-set count="21024" freebytes="2176128" totalbytes="2260224" percent="96" regionsoverflowed="0" regionsstable="0" regionsrebuilding="17"/>
  </mem-info>
</gc-start>
<allocation-stats totalBytes="20840064" >
  <allocated-bytes non-tlh="0" tlh="20840064" arrayletleaf="0"/>
  <largest-consumer threadName="main" threadId="000000000096B700" bytes="10420032" />
</allocation-stats>
<gc-op id="2809" type="copy forward" timems="1.405" contextid="2806" timestamp="2019-07-07T05:36:19.528">
  <memory-copied type="eden" objects="1" bytes="24" bytesdiscarded="0" />
  <memory-copied type="other" objects="0" bytes="0" bytesdiscarded="0" />
  <memory-cardclean objects="10" bytes="424" />
  <regions eden="20" other="1" />
  <remembered-set-cleared processed="19181" cleared="6" durationms="0.202" />
  <stringconstants candidates="13834" cleared="0"  />
</gc-op>
<gc-op id="2810" type="classunload" timems="0.003" contextid="2806" timestamp="2019-07-07T05:36:19.528">
  <classunload-info classloadercandidates="54" classloadersunloaded="0" classesunloaded="0" anonymousclassesunloaded="0" quiescems="0.000" setupms="0.003" scanms="0.000" postms="0.000" />
</gc-op>
<gc-end id="2811" type="partial gc" contextid="2806" durationms="2.568" usertimems="4.000" systemtimems="0.000" timestamp="2019-07-07T05:36:19.529" activeThreads="1">
  <mem-info id="2812" free="34603008" total="56623104" percent="61">
    <mem type="eden" free="1048552" total="1048576" percent="99" />
    <remembered-set count="21504" freebytes="2174208" totalbytes="2260224" percent="96" regionsoverflowed="0" regionsstable="0" regionsrebuilding="17"/>
  </mem-info>
</gc-end>
<cycle-end id="2813" type="partial gc" contextid="2806" timestamp="2019-07-07T05:36:19.529" />
  <attribute name="elasticGC enabled" value="1" />
  <attribute name= "numThreadsSpecified" value="1" />
  <attribute name="heapSize specified" value="0" />
  <attribute name="Current GC Util" value="222" />
  <attribute name= "Current Time Running" value="20221" />
  <attribute name ="GC Interval" value="0" />
  <attribute name="ProportionalT" value="101.000000" />
  <attribute name="ProportionalI" value="101.000000" />
  <attribute name="ProportionalH" value="101.000000" />
  <attribute name="Current Error" value="202.000000" />
  <attribute name="IntegralT" value="0.000000" />
  <attribute name="IntegralI" value="0.000000" />
  <attribute name="IntegralH" value="0.000000" />
  <attribute name="DerivativeT" value="inf" />
  <attribute name="DerivativeI" value="inf" />
  <attribute name="DerivativeH" value="inf" />
  <attribute name="Loop Time for DT" value="0.000000" />
  <attribute name="Output H" value="8388608"/>
  <attribute name="Output I" value="200"/>
  <attribute name="Output T" value="1"/>
  <attribute name="Target GC Util Change" value ="20.000000" />
  <attribute name="Current GC Util Change" value="222.000000"/>
  <attribute name="GC Util currently" value="222" />
  <attribute name="CPU Util currently" value="13939071282440" />
<exclusive-end id="2814" timestamp="2019-07-07T05:36:19.529" durationms="3.652" />

<exclusive-start id="2815" timestamp="2019-07-07T05:36:19.532" intervalms="7.091">
  <response-info timems="0.074" idlems="0.074" threads="0" lastid="000000000096B700" lastname="main" />
</exclusive-start>
<allocation-taxation id="2816" taxation-threshold="10485760" timestamp="2019-07-07T05:36:19.533" intervalms="7.094" />
<gc-start id="2817" type="global mark phase" contextid="2775" timestamp="2019-07-07T05:36:19.533">
  <mem-info id="2818" free="24117248" total="56623104" percent="42">
    <remembered-set count="21024" freebytes="2176128" totalbytes="2260224" percent="96" regionsoverflowed="0" regionsstable="0" regionsrebuilding="17"/>
  </mem-info>
</gc-start>
<gc-end id="2819" type="global mark phase" contextid="2775" durationms="0.196" usertimems="0.000" systemtimems="0.000" timestamp="2019-07-07T05:36:19.533" activeThreads="1">
  <mem-info id="2820" free="24117248" total="56623104" percent="42">
    <remembered-set count="21024" freebytes="2176128" totalbytes="2260224" percent="96" regionsoverflowed="0" regionsstable="0" regionsrebuilding="17"/>
  </mem-info>
</gc-end>
<concurrent-start id="2821" type="GMP work packet processing" contextid="2775" timestamp="2019-07-07T05:36:19.533">
  <concurrent-mark-start scanTarget="1048576" />
</concurrent-start>
<exclusive-end id="2822" timestamp="2019-07-07T05:36:19.533" durationms="0.959" />

<concurrent-end id="2823" type="GMP work packet processing" contextid="2775" timestamp="2019-07-07T05:36:19.535">
  <concurrent-mark-end bytesScanned="1097352" reasonForTermination="Work target met" />
</concurrent-end>

<exclusive-start id="2824" timestamp="2019-07-07T05:36:19.537" intervalms="4.313">
  <response-info timems="0.057" idlems="0.057" threads="0" lastid="000000000096B700" lastname="main" />
</exclusive-start>
<allocation-taxation id="2825" taxation-threshold="10485760" timestamp="2019-07-07T05:36:19.537" intervalms="4.243" />
<cycle-start id="2826" type="partial gc" contextid="0" timestamp="2019-07-07T05:36:19.537" intervalms="11.381" />
<gc-start id="2827" type="partial gc" contextid="2826" timestamp="2019-07-07T05:36:19.537">
  <mem-info id="2828" free="13631488" total="56623104" percent="24">
    <mem type="eden" free="1048552" total="22020096" percent="4" />
    <remembered-set count="31776" freebytes="2133120" totalbytes="2260224" percent="94" regionsoverflowed="0" regionsstable="0" regionsrebuilding="17"/>
  </mem-info>
</gc-start>
<allocation-stats totalBytes="20840064" >
  <allocated-bytes non-tlh="0" tlh="20840064" arrayletleaf="0"/>
  <largest-consumer threadName="main" threadId="000000000096B700" bytes="10420032" />
</allocation-stats>
<gc-op id="2829" type="copy forward" timems="3.109" contextid="2826" timestamp="2019-07-07T05:36:19.541">
  <memory-copied type="eden" objects="1" bytes="24" bytesdiscarded="0" />
  <memory-copied type="other" objects="0" bytes="0" bytesdiscarded="0" />
  <memory-cardclean objects="10" bytes="424" />
  <regions eden="20" other="1" />
  <remembered-set-cleared processed="29871" cleared="6" durationms="0.163" />
  <stringconstants candidates="13834" cleared="0"  />
</gc-op>
<gc-op id="2830" type="classunload" timems="0.004" contextid="2826" timestamp="2019-07-07T05:36:19.541">
  <classunload-info classloadercandidates="54" classloadersunloaded="0" classesunloaded="0" anonymousclassesunloaded="0" quiescems="0.000" setupms="0.004" scanms="0.000" postms="0.000" />
</gc-op>
<gc-end id="2831" type="partial gc" contextid="2826" durationms="4.206" usertimems="8.000" systemtimems="0.000" timestamp="2019-07-07T05:36:19.542" activeThreads="4">
  <mem-info id="2832" free="34603008" total="56623104" percent="61">
    <mem type="eden" free="1048552" total="1048576" percent="99" />
    <remembered-set count="31584" freebytes="2133888" totalbytes="2260224" percent="94" regionsoverflowed="0" regionsstable="0" regionsrebuilding="17"/>
  </mem-info>
</gc-end>
<cycle-end id="2833" type="partial gc" contextid="2826" timestamp="2019-07-07T05:36:19.542" />
  <attribute name="elasticGC enabled" value="1" />
  <attribute name= "numThreadsSpecified" value="4" />
  <attribute name="heapSize specified" value="0" />
  <attribute name="Current GC Util" value="168" />
  <attribute name= "Current Time Running" value="20233" />
  <attribute name ="GC Interval" value="0" />
  <attribute name="ProportionalT" value="74.000000" />
  <attribute name="ProportionalI" value="74.000000" />
  <attribute name="ProportionalH" value="74.000000" />
  <attribute name="Current Error" value="148.000000" />
  <attribute name="IntegralT" value="74.000000" />
  <attribute name="IntegralI" value="74.000000" />
  <attribute name="IntegralH" value="74.000000" />
  <attribute name="DerivativeT" value="85.000000" />
  <attribute name="DerivativeI" value="85.000000" />
  <attribute name="DerivativeH" value="85.000000" />
  <attribute name="Loop Time for DT" value="1.000000" />
  <attribute name="Output H" value="8388608"/>
  <attribute name="Output I" value="240"/>
  <attribute name="Output T" value="4"/>
  <attribute name="Target GC Util Change" value ="20.000000" />
  <attribute name="Current GC Util Change" value="168.000000"/>
  <attribute name="GC Util currently" value="168" />
  <attribute name="CPU Util currently" value="14063576994633" />
<exclusive-end id="2834" timestamp="2019-07-07T05:36:19.542" durationms="5.237" />

<exclusive-start id="2835" timestamp="2019-07-07T05:36:19.545" intervalms="8.649">
  <response-info timems="0.077" idlems="0.077" threads="0" lastid="000000000096B700" lastname="main" />
</exclusive-start>
<allocation-taxation id="2836" taxation-threshold="10485760" timestamp="2019-07-07T05:36:19.546" intervalms="8.693" />
<gc-start id="2837" type="global mark phase" contextid="2775" timestamp="2019-07-07T05:36:19.546">
  <mem-info id="2838" free="24117248" total="56623104" percent="42">
    <remembered-set count="31584" freebytes="2133888" totalbytes="2260224" percent="94" regionsoverflowed="0" regionsstable="0" regionsrebuilding="17"/>
  </mem-info>
</gc-start>
<gc-end id="2839" type="global mark phase" contextid="2775" durationms="0.190" usertimems="0.000" systemtimems="0.000" timestamp="2019-07-07T05:36:19.546" activeThreads="4">
  <mem-info id="2840" free="24117248" total="56623104" percent="42">
    <remembered-set count="31584" freebytes="2133888" totalbytes="2260224" percent="94" regionsoverflowed="0" regionsstable="0" regionsrebuilding="17"/>
  </mem-info>
</gc-end>
<concurrent-start id="2841" type="GMP work packet processing" contextid="2775" timestamp="2019-07-07T05:36:19.546">
  <concurrent-mark-start scanTarget="1061717" />
</concurrent-start>
<exclusive-end id="2842" timestamp="2019-07-07T05:36:19.546" durationms="0.835" />

<concurrent-end id="2843" type="GMP work packet processing" contextid="2775" timestamp="2019-07-07T05:36:19.547">
  <concurrent-mark-end bytesScanned="1117392" reasonForTermination="Work target met" />
</concurrent-end>

<exclusive-start id="2844" timestamp="2019-07-07T05:36:19.550" intervalms="4.185">
  <response-info timems="0.067" idlems="0.067" threads="0" lastid="000000000096B700" lastname="main" />
</exclusive-start>
<allocation-taxation id="2845" taxation-threshold="10485760" timestamp="2019-07-07T05:36:19.550" intervalms="4.164" />
<cycle-start id="2846" type="partial gc" contextid="0" timestamp="2019-07-07T05:36:19.550" intervalms="12.722" />
<gc-start id="2847" type="partial gc" contextid="2846" timestamp="2019-07-07T05:36:19.550">
  <mem-info id="2848" free="13631488" total="56623104" percent="24">
    <mem type="eden" free="1048552" total="22020096" percent="4" />
    <remembered-set count="45408" freebytes="2078592" totalbytes="2260224" percent="91" regionsoverflowed="0" regionsstable="0" regionsrebuilding="17"/>
  </mem-info>
</gc-start>
<allocation-stats totalBytes="20840064" >
  <allocated-bytes non-tlh="0" tlh="20840064" arrayletleaf="0"/>
  <largest-consumer threadName="main" threadId="000000000096B700" bytes="10420032" />
</allocation-stats>
<gc-op id="2849" type="copy forward" timems="1.405" contextid="2846" timestamp="2019-07-07T05:36:19.552">
  <memory-copied type="eden" objects="1" bytes="24" bytesdiscarded="0" />
  <memory-copied type="other" objects="0" bytes="0" bytesdiscarded="0" />
  <memory-cardclean objects="10" bytes="424" />
  <regions eden="20" other="1" />
  <remembered-set-cleared processed="43383" cleared="7" durationms="0.324" />
  <stringconstants candidates="13834" cleared="0"  />
</gc-op>
<gc-op id="2850" type="classunload" timems="0.003" contextid="2846" timestamp="2019-07-07T05:36:19.553">
  <classunload-info classloadercandidates="54" classloadersunloaded="0" classesunloaded="0" anonymousclassesunloaded="0" quiescems="0.000" setupms="0.003" scanms="0.000" postms="0.000" />
</gc-op>
<gc-end id="2851" type="partial gc" contextid="2846" durationms="2.696" usertimems="4.000" systemtimems="0.000" timestamp="2019-07-07T05:36:19.553" activeThreads="1">
  <mem-info id="2852" free="34603008" total="56623104" percent="61">
    <mem type="eden" free="1048552" total="1048576" percent="99" />
    <remembered-set count="45888" freebytes="2076672" totalbytes="2260224" percent="91" regionsoverflowed="0" regionsstable="0" regionsrebuilding="17"/>
  </mem-info>
</gc-end>
<cycle-end id="2853" type="partial gc" contextid="2846" timestamp="2019-07-07T05:36:19.553" />
  <attribute name="elasticGC enabled" value="1" />
  <attribute name= "numThreadsSpecified" value="1" />
  <attribute name="heapSize specified" value="0" />
  <attribute name="Current GC Util" value="165" />
  <attribute name= "Current Time Running" value="20245" />
  <attribute name ="GC Interval" value="0" />
  <attribute name="ProportionalT" value="72.500000" />
  <attribute name="ProportionalI" value="72.500000" />
  <attribute name="ProportionalH" value="72.500000" />
  <attribute name="Current Error" value="145.000000" />
  <attribute name="IntegralT" value="0.000000" />
  <attribute name="IntegralI" value="0.000000" />
  <attribute name="IntegralH" value="0.000000" />
  <attribute name="DerivativeT" value="inf" />
  <attribute name="DerivativeI" value="inf" />
  <attribute name="DerivativeH" value="inf" />
  <attribute name="Loop Time for DT" value="0.000000" />
  <attribute name="Output H" value="8388608"/>
  <attribute name="Output I" value="200"/>
  <attribute name="Output T" value="1"/>
  <attribute name="Target GC Util Change" value ="20.000000" />
  <attribute name="Current GC Util Change" value="165.000000"/>
  <attribute name="GC Util currently" value="165" />
  <attribute name="CPU Util currently" value="14048411151365" />
<exclusive-end id="2854" timestamp="2019-07-07T05:36:19.553" durationms="3.669" />

<exclusive-start id="2855" timestamp="2019-07-07T05:36:19.557" intervalms="7.074">
  <response-info timems="0.075" idlems="0.075" threads="0" lastid="000000000096B700" lastname="main" />
</exclusive-start>
<allocation-taxation id="2856" taxation-threshold="10485760" timestamp="2019-07-07T05:36:19.557" intervalms="7.106" />
<gc-start id="2857" type="global mark phase" contextid="2775" timestamp="2019-07-07T05:36:19.557">
  <mem-info id="2858" free="24117248" total="56623104" percent="42">
    <remembered-set count="45408" freebytes="2078592" totalbytes="2260224" percent="91" regionsoverflowed="0" regionsstable="0" regionsrebuilding="17"/>
  </mem-info>
</gc-start>
<gc-end id="2859" type="global mark phase" contextid="2775" durationms="0.205" usertimems="0.000" systemtimems="0.000" timestamp="2019-07-07T05:36:19.557" activeThreads="1">
  <mem-info id="2860" free="24117248" total="56623104" percent="42">
    <remembered-set count="45408" freebytes="2078592" totalbytes="2260224" percent="91" regionsoverflowed="0" regionsstable="0" regionsrebuilding="17"/>
  </mem-info>
</gc-end>
<concurrent-start id="2861" type="GMP work packet processing" contextid="2775" timestamp="2019-07-07T05:36:19.557">
  <concurrent-mark-start scanTarget="1048576" />
</concurrent-start>
<exclusive-end id="2862" timestamp="2019-07-07T05:36:19.558" durationms="0.972" />

<concurrent-end id="2863" type="GMP work packet processing" contextid="2775" timestamp="2019-07-07T05:36:19.559">
  <concurrent-mark-end bytesScanned="1097532" reasonForTermination="Work target met" />
</concurrent-end>

<exclusive-start id="2864" timestamp="2019-07-07T05:36:19.561" intervalms="4.318">
  <response-info timems="0.067" idlems="0.067" threads="0" lastid="000000000096B700" lastname="main" />
</exclusive-start>
<allocation-taxation id="2865" taxation-threshold="10485760" timestamp="2019-07-07T05:36:19.561" intervalms="4.277" />
<cycle-start id="2866" type="partial gc" contextid="0" timestamp="2019-07-07T05:36:19.561" intervalms="11.476" />
<gc-start id="2867" type="partial gc" contextid="2866" timestamp="2019-07-07T05:36:19.562">
  <mem-info id="2868" free="13631488" total="56623104" percent="24">
    <mem type="eden" free="1048552" total="22020096" percent="4" />
    <remembered-set count="55584" freebytes="2037888" totalbytes="2260224" percent="90" regionsoverflowed="0" regionsstable="0" regionsrebuilding="17"/>
  </mem-info>
</gc-start>
<allocation-stats totalBytes="20840064" >
  <allocated-bytes non-tlh="0" tlh="20840064" arrayletleaf="0"/>
  <largest-consumer threadName="main" threadId="000000000096B700" bytes="10420032" />
</allocation-stats>
<gc-op id="2869" type="copy forward" timems="1.465" contextid="2866" timestamp="2019-07-07T05:36:19.564">
  <memory-copied type="eden" objects="1" bytes="24" bytesdiscarded="0" />
  <memory-copied type="other" objects="0" bytes="0" bytesdiscarded="0" />
  <memory-cardclean objects="10" bytes="424" />
  <regions eden="20" other="1" />
  <remembered-set-cleared processed="53628" cleared="6" durationms="0.218" />
  <stringconstants candidates="13834" cleared="0"  />
</gc-op>
<gc-op id="2870" type="classunload" timems="0.004" contextid="2866" timestamp="2019-07-07T05:36:19.564">
  <classunload-info classloadercandidates="54" classloadersunloaded="0" classesunloaded="0" anonymousclassesunloaded="0" quiescems="0.000" setupms="0.003" scanms="0.000" postms="0.000" />
</gc-op>
<gc-end id="2871" type="partial gc" contextid="2866" durationms="2.394" usertimems="0.000" systemtimems="0.000" timestamp="2019-07-07T05:36:19.564" activeThreads="4">
  <mem-info id="2872" free="34603008" total="56623104" percent="61">
    <mem type="eden" free="1048552" total="1048576" percent="99" />
    <remembered-set count="55392" freebytes="2038656" totalbytes="2260224" percent="90" regionsoverflowed="0" regionsstable="0" regionsrebuilding="17"/>
  </mem-info>
</gc-end>
<cycle-end id="2873" type="partial gc" contextid="2866" timestamp="2019-07-07T05:36:19.564" />
  <attribute name="elasticGC enabled" value="1" />
  <attribute name= "numThreadsSpecified" value="4" />
  <attribute name="heapSize specified" value="0" />
  <attribute name="Current GC Util" value="52" />
  <attribute name= "Current Time Running" value="20257" />
  <attribute name ="GC Interval" value="0" />
  <attribute name="ProportionalT" value="16.000000" />
  <attribute name="ProportionalI" value="16.000000" />
  <attribute name="ProportionalH" value="16.000000" />
  <attribute name="Current Error" value="32.000000" />
  <attribute name="IntegralT" value="16.000000" />
  <attribute name="IntegralI" value="16.000000" />
  <attribute name="IntegralH" value="16.000000" />
  <attribute name="DerivativeT" value="-18.000000" />
  <attribute name="DerivativeI" value="-18.000000" />
  <attribute name="DerivativeH" value="-18.000000" />
  <attribute name="Loop Time for DT" value="1.000000" />
  <attribute name="Output H" value="8388608"/>
  <attribute name="Output I" value="200"/>
  <attribute name="Output T" value="4"/>
  <attribute name="Target GC Util Change" value ="20.000000" />
  <attribute name="Current GC Util Change" value="52.000000"/>
  <attribute name="GC Util currently" value="52" />
  <attribute name="CPU Util currently" value="22579628854819" />
<exclusive-end id="2874" timestamp="2019-07-07T05:36:19.564" durationms="3.297" />

<exclusive-start id="2875" timestamp="2019-07-07T05:36:19.568" intervalms="6.719">
  <response-info timems="0.067" idlems="0.067" threads="0" lastid="000000000096B700" lastname="main" />
</exclusive-start>
<allocation-taxation id="2876" taxation-threshold="10485760" timestamp="2019-07-07T05:36:19.568" intervalms="6.670" />
<gc-start id="2877" type="global mark phase" contextid="2775" timestamp="2019-07-07T05:36:19.568">
  <mem-info id="2878" free="24117248" total="56623104" percent="42">
    <remembered-set count="54912" freebytes="2040576" totalbytes="2260224" percent="90" regionsoverflowed="0" regionsstable="0" regionsrebuilding="17"/>
  </mem-info>
</gc-start>
<gc-end id="2879" type="global mark phase" contextid="2775" durationms="0.189" usertimems="0.000" systemtimems="0.000" timestamp="2019-07-07T05:36:19.568" activeThreads="4">
  <mem-info id="2880" free="24117248" total="56623104" percent="42">
    <remembered-set count="54912" freebytes="2040576" totalbytes="2260224" percent="90" regionsoverflowed="0" regionsstable="0" regionsrebuilding="17"/>
  </mem-info>
</gc-end>
<concurrent-start id="2881" type="GMP work packet processing" contextid="2775" timestamp="2019-07-07T05:36:19.568">
  <concurrent-mark-start scanTarget="1061717" />
</concurrent-start>
<exclusive-end id="2882" timestamp="2019-07-07T05:36:19.569" durationms="0.839" />

<concurrent-end id="2883" type="GMP work packet processing" contextid="2775" timestamp="2019-07-07T05:36:19.569">
  <concurrent-mark-end bytesScanned="1095748" reasonForTermination="Work target met" />
</concurrent-end>

<exclusive-start id="2884" timestamp="2019-07-07T05:36:19.572" intervalms="4.178">
  <response-info timems="0.065" idlems="0.065" threads="0" lastid="000000000096B700" lastname="main" />
</exclusive-start>
<allocation-taxation id="2885" taxation-threshold="10485760" timestamp="2019-07-07T05:36:19.572" intervalms="4.227" />
<cycle-start id="2886" type="partial gc" contextid="0" timestamp="2019-07-07T05:36:19.572" intervalms="10.871" />
<gc-start id="2887" type="partial gc" contextid="2886" timestamp="2019-07-07T05:36:19.573">
  <mem-info id="2888" free="13631488" total="56623104" percent="24">
    <mem type="eden" free="1048552" total="22020096" percent="4" />
    <remembered-set count="65024" freebytes="2000128" totalbytes="2260224" percent="88" regionsoverflowed="0" regionsstable="0" regionsrebuilding="17"/>
  </mem-info>
</gc-start>
<allocation-stats totalBytes="20840064" >
  <allocated-bytes non-tlh="0" tlh="20840064" arrayletleaf="0"/>
  <largest-consumer threadName="main" threadId="000000000096B700" bytes="10420032" />
</allocation-stats>
<gc-op id="2889" type="copy forward" timems="1.770" contextid="2886" timestamp="2019-07-07T05:36:19.575">
  <memory-copied type="eden" objects="1" bytes="24" bytesdiscarded="0" />
  <memory-copied type="other" objects="0" bytes="0" bytesdiscarded="0" />
  <memory-cardclean objects="10" bytes="424" />
  <regions eden="20" other="1" />
  <remembered-set-cleared processed="63514" cleared="6" durationms="0.234" />
  <stringconstants candidates="13834" cleared="0"  />
</gc-op>
<gc-op id="2890" type="classunload" timems="0.004" contextid="2886" timestamp="2019-07-07T05:36:19.575">
  <classunload-info classloadercandidates="54" classloadersunloaded="0" classesunloaded="0" anonymousclassesunloaded="0" quiescems="0.000" setupms="0.003" scanms="0.000" postms="0.000" />
</gc-op>
<gc-end id="2891" type="partial gc" contextid="2886" durationms="2.804" usertimems="4.000" systemtimems="0.000" timestamp="2019-07-07T05:36:19.575" activeThreads="4">
  <mem-info id="2892" free="34603008" total="56623104" percent="61">
    <mem type="eden" free="1048552" total="1048576" percent="99" />
    <remembered-set count="65216" freebytes="1999360" totalbytes="2260224" percent="88" regionsoverflowed="0" regionsstable="0" regionsrebuilding="17"/>
  </mem-info>
</gc-end>
<cycle-end id="2893" type="partial gc" contextid="2886" timestamp="2019-07-07T05:36:19.575" />
  <attribute name="elasticGC enabled" value="1" />
  <attribute name= "numThreadsSpecified" value="4" />
  <attribute name="heapSize specified" value="0" />
  <attribute name="Current GC Util" value="52" />
  <attribute name= "Current Time Running" value="20268" />
  <attribute name ="GC Interval" value="0" />
  <attribute name="ProportionalT" value="16.000000" />
  <attribute name="ProportionalI" value="16.000000" />
  <attribute name="ProportionalH" value="16.000000" />
  <attribute name="Current Error" value="32.000000" />
  <attribute name="IntegralT" value="16.000000" />
  <attribute name="IntegralI" value="16.000000" />
  <attribute name="IntegralH" value="16.000000" />
  <attribute name="DerivativeT" value="19.000000" />
  <attribute name="DerivativeI" value="19.000000" />
  <attribute name="DerivativeH" value="19.000000" />
  <attribute name="Loop Time for DT" value="1.000000" />
  <attribute name="Output H" value="8388608"/>
  <attribute name="Output I" value="200"/>
  <attribute name="Output T" value="4"/>
  <attribute name="Target GC Util Change" value ="20.000000" />
  <attribute name="Current GC Util Change" value="52.000000"/>
  <attribute name="GC Util currently" value="52" />
  <attribute name="CPU Util currently" value="20673345960595" />
<exclusive-end id="2894" timestamp="2019-07-07T05:36:19.576" durationms="3.785" />

<exclusive-start id="2895" timestamp="2019-07-07T05:36:19.579" intervalms="7.128">
  <response-info timems="0.074" idlems="0.074" threads="0" lastid="000000000096B700" lastname="main" />
</exclusive-start>
<allocation-taxation id="2896" taxation-threshold="10485760" timestamp="2019-07-07T05:36:19.579" intervalms="7.141" />
<gc-start id="2897" type="global mark phase" contextid="2775" timestamp="2019-07-07T05:36:19.579">
  <mem-info id="2898" free="24117248" total="56623104" percent="42">
    <remembered-set count="65216" freebytes="1999360" totalbytes="2260224" percent="88" regionsoverflowed="0" regionsstable="0" regionsrebuilding="17"/>
  </mem-info>
</gc-start>
<gc-end id="2899" type="global mark phase" contextid="2775" durationms="0.205" usertimems="0.000" systemtimems="0.000" timestamp="2019-07-07T05:36:19.580" activeThreads="4">
  <mem-info id="2900" free="24117248" total="56623104" percent="42">
    <remembered-set count="65216" freebytes="1999360" totalbytes="2260224" percent="88" regionsoverflowed="0" regionsstable="0" regionsrebuilding="17"/>
  </mem-info>
</gc-end>
<concurrent-start id="2901" type="GMP work packet processing" contextid="2775" timestamp="2019-07-07T05:36:19.580">
  <concurrent-mark-start scanTarget="1061717" />
</concurrent-start>
<exclusive-end id="2902" timestamp="2019-07-07T05:36:19.580" durationms="0.783" />

<concurrent-end id="2903" type="GMP work packet processing" contextid="2775" timestamp="2019-07-07T05:36:19.581">
  <concurrent-mark-end bytesScanned="1099580" reasonForTermination="Work target met" />
</concurrent-end>

<exclusive-start id="2904" timestamp="2019-07-07T05:36:19.583" intervalms="4.131">
  <response-info timems="0.067" idlems="0.067" threads="0" lastid="000000000096B700" lastname="main" />
</exclusive-start>
<allocation-taxation id="2905" taxation-threshold="10485760" timestamp="2019-07-07T05:36:19.583" intervalms="4.125" />
<cycle-start id="2906" type="partial gc" contextid="0" timestamp="2019-07-07T05:36:19.584" intervalms="11.285" />
<gc-start id="2907" type="partial gc" contextid="2906" timestamp="2019-07-07T05:36:19.584">
  <mem-info id="2908" free="13631488" total="56623104" percent="24">
    <mem type="eden" free="1048552" total="22020096" percent="4" />
    <remembered-set count="76544" freebytes="1954048" totalbytes="2260224" percent="86" regionsoverflowed="0" regionsstable="0" regionsrebuilding="17"/>
  </mem-info>
</gc-start>
<allocation-stats totalBytes="20840064" >
  <allocated-bytes non-tlh="0" tlh="20840064" arrayletleaf="0"/>
  <largest-consumer threadName="main" threadId="000000000096B700" bytes="10420032" />
</allocation-stats>
<gc-op id="2909" type="copy forward" timems="1.490" contextid="2906" timestamp="2019-07-07T05:36:19.586">
  <memory-copied type="eden" objects="1" bytes="24" bytesdiscarded="0" />
  <memory-copied type="other" objects="0" bytes="0" bytesdiscarded="0" />
  <memory-cardclean objects="10" bytes="424" />
  <regions eden="20" other="1" />
  <remembered-set-cleared processed="74795" cleared="7" durationms="0.473" />
  <stringconstants candidates="13834" cleared="0"  />
</gc-op>
<gc-op id="2910" type="classunload" timems="0.003" contextid="2906" timestamp="2019-07-07T05:36:19.586">
  <classunload-info classloadercandidates="54" classloadersunloaded="0" classesunloaded="0" anonymousclassesunloaded="0" quiescems="0.000" setupms="0.003" scanms="0.000" postms="0.000" />
</gc-op>
<gc-end id="2911" type="partial gc" contextid="2906" durationms="2.760" usertimems="4.000" systemtimems="0.000" timestamp="2019-07-07T05:36:19.587" activeThreads="1">
  <mem-info id="2912" free="34603008" total="56623104" percent="61">
    <mem type="eden" free="1048552" total="1048576" percent="99" />
    <remembered-set count="76992" freebytes="1952256" totalbytes="2260224" percent="86" regionsoverflowed="0" regionsstable="0" regionsrebuilding="17"/>
  </mem-info>
</gc-end>
<cycle-end id="2913" type="partial gc" contextid="2906" timestamp="2019-07-07T05:36:19.587" />
  <attribute name="elasticGC enabled" value="1" />
  <attribute name= "numThreadsSpecified" value="1" />
  <attribute name="heapSize specified" value="0" />
  <attribute name="Current GC Util" value="155" />
  <attribute name= "Current Time Running" value="20279" />
  <attribute name ="GC Interval" value="0" />
  <attribute name="ProportionalT" value="67.500000" />
  <attribute name="ProportionalI" value="67.500000" />
  <attribute name="ProportionalH" value="67.500000" />
  <attribute name="Current Error" value="135.000000" />
  <attribute name="IntegralT" value="0.000000" />
  <attribute name="IntegralI" value="0.000000" />
  <attribute name="IntegralH" value="0.000000" />
  <attribute name="DerivativeT" value="inf" />
  <attribute name="DerivativeI" value="inf" />
  <attribute name="DerivativeH" value="inf" />
  <attribute name="Loop Time for DT" value="0.000000" />
  <attribute name="Output H" value="8388608"/>
  <attribute name="Output I" value="200"/>
  <attribute name="Output T" value="1"/>
  <attribute name="Target GC Util Change" value ="20.000000" />
  <attribute name="Current GC Util Change" value="155.000000"/>
  <attribute name="GC Util currently" value="155" />
  <attribute name="CPU Util currently" value="13994355680660" />
<exclusive-end id="2914" timestamp="2019-07-07T05:36:19.587" durationms="3.780" />

<exclusive-start id="2915" timestamp="2019-07-07T05:36:19.590" intervalms="7.144">
  <response-info timems="0.067" idlems="0.067" threads="0" lastid="000000000096B700" lastname="main" />
</exclusive-start>
<allocation-taxation id="2916" taxation-threshold="10485760" timestamp="2019-07-07T05:36:19.590" intervalms="7.130" />
<gc-start id="2917" type="global mark phase" contextid="2775" timestamp="2019-07-07T05:36:19.591">
  <mem-info id="2918" free="24117248" total="56623104" percent="42">
    <remembered-set count="76512" freebytes="1954176" totalbytes="2260224" percent="86" regionsoverflowed="0" regionsstable="0" regionsrebuilding="17"/>
  </mem-info>
</gc-start>
<gc-end id="2919" type="global mark phase" contextid="2775" durationms="0.203" usertimems="0.000" systemtimems="0.000" timestamp="2019-07-07T05:36:19.591" activeThreads="1">
  <mem-info id="2920" free="24117248" total="56623104" percent="42">
    <remembered-set count="76512" freebytes="1954176" totalbytes="2260224" percent="86" regionsoverflowed="0" regionsstable="0" regionsrebuilding="17"/>
  </mem-info>
</gc-end>
<concurrent-start id="2921" type="GMP work packet processing" contextid="2775" timestamp="2019-07-07T05:36:19.591">
  <concurrent-mark-start scanTarget="1048576" />
</concurrent-start>
<exclusive-end id="2922" timestamp="2019-07-07T05:36:19.591" durationms="0.950" />

<concurrent-end id="2923" type="GMP work packet processing" contextid="2775" timestamp="2019-07-07T05:36:19.592">
  <concurrent-mark-end bytesScanned="1098848" reasonForTermination="Work target met" />
</concurrent-end>

<exclusive-start id="2924" timestamp="2019-07-07T05:36:19.595" intervalms="4.267">
  <response-info timems="0.038" idlems="0.038" threads="0" lastid="000000000096B700" lastname="main" />
</exclusive-start>
<allocation-taxation id="2925" taxation-threshold="10485760" timestamp="2019-07-07T05:36:19.595" intervalms="4.283" />
<cycle-start id="2926" type="partial gc" contextid="0" timestamp="2019-07-07T05:36:19.595" intervalms="11.365" />
<gc-start id="2927" type="partial gc" contextid="2926" timestamp="2019-07-07T05:36:19.595">
  <mem-info id="2928" free="13631488" total="56623104" percent="24">
    <mem type="eden" free="1048552" total="22020096" percent="4" />
    <remembered-set count="89408" freebytes="1902592" totalbytes="2260224" percent="84" regionsoverflowed="0" regionsstable="0" regionsrebuilding="17"/>
  </mem-info>
</gc-start>
<allocation-stats totalBytes="20840064" >
  <allocated-bytes non-tlh="0" tlh="20840064" arrayletleaf="0"/>
  <largest-consumer threadName="main" threadId="000000000096B700" bytes="10420032" />
</allocation-stats>
<gc-op id="2929" type="copy forward" timems="1.635" contextid="2926" timestamp="2019-07-07T05:36:19.598">
  <memory-copied type="eden" objects="1" bytes="24" bytesdiscarded="0" />
  <memory-copied type="other" objects="0" bytes="0" bytesdiscarded="0" />
  <memory-cardclean objects="10" bytes="424" />
  <regions eden="20" other="1" />
  <remembered-set-cleared processed="87787" cleared="6" durationms="0.545" />
  <stringconstants candidates="13834" cleared="0"  />
</gc-op>
<gc-op id="2930" type="classunload" timems="0.003" contextid="2926" timestamp="2019-07-07T05:36:19.598">
  <classunload-info classloadercandidates="54" classloadersunloaded="0" classesunloaded="0" anonymousclassesunloaded="0" quiescems="0.000" setupms="0.003" scanms="0.000" postms="0.000" />
</gc-op>
<gc-end id="2931" type="partial gc" contextid="2926" durationms="2.884" usertimems="4.000" systemtimems="0.000" timestamp="2019-07-07T05:36:19.598" activeThreads="1">
  <mem-info id="2932" free="34603008" total="56623104" percent="61">
    <mem type="eden" free="1048552" total="1048576" percent="99" />
    <remembered-set count="89888" freebytes="1900672" totalbytes="2260224" percent="84" regionsoverflowed="0" regionsstable="0" regionsrebuilding="17"/>
  </mem-info>
</gc-end>
<cycle-end id="2933" type="partial gc" contextid="2926" timestamp="2019-07-07T05:36:19.598" />
  <attribute name="elasticGC enabled" value="1" />
  <attribute name= "numThreadsSpecified" value="1" />
  <attribute name="heapSize specified" value="0" />
  <attribute name="Current GC Util" value="156" />
  <attribute name= "Current Time Running" value="20290" />
  <attribute name ="GC Interval" value="0" />
  <attribute name="ProportionalT" value="68.000000" />
  <attribute name="ProportionalI" value="68.000000" />
  <attribute name="ProportionalH" value="68.000000" />
  <attribute name="Current Error" value="136.000000" />
  <attribute name="IntegralT" value="0.000000" />
  <attribute name="IntegralI" value="0.000000" />
  <attribute name="IntegralH" value="0.000000" />
  <attribute name="DerivativeT" value="inf" />
  <attribute name="DerivativeI" value="inf" />
  <attribute name="DerivativeH" value="inf" />
  <attribute name="Loop Time for DT" value="0.000000" />
  <attribute name="Output H" value="8388608"/>
  <attribute name="Output I" value="200"/>
  <attribute name="Output T" value="1"/>
  <attribute name="Target GC Util Change" value ="20.000000" />
  <attribute name="Current GC Util Change" value="156.000000"/>
  <attribute name="GC Util currently" value="156" />
  <attribute name="CPU Util currently" value="13835860409435" />
<exclusive-end id="2934" timestamp="2019-07-07T05:36:19.598" durationms="3.781" />

<exclusive-start id="2935" timestamp="2019-07-07T05:36:19.602" intervalms="7.137">
  <response-info timems="0.074" idlems="0.074" threads="0" lastid="000000000096B700" lastname="main" />
</exclusive-start>
<allocation-taxation id="2936" taxation-threshold="10485760" timestamp="2019-07-07T05:36:19.602" intervalms="7.191" />
<gc-start id="2937" type="global mark phase" contextid="2775" timestamp="2019-07-07T05:36:19.602">
  <mem-info id="2938" free="24117248" total="56623104" percent="42">
    <remembered-set count="89408" freebytes="1902592" totalbytes="2260224" percent="84" regionsoverflowed="0" regionsstable="0" regionsrebuilding="17"/>
  </mem-info>
</gc-start>
<gc-end id="2939" type="global mark phase" contextid="2775" durationms="0.201" usertimems="0.000" systemtimems="0.000" timestamp="2019-07-07T05:36:19.602" activeThreads="1">
  <mem-info id="2940" free="24117248" total="56623104" percent="42">
    <remembered-set count="89408" freebytes="1902592" totalbytes="2260224" percent="84" regionsoverflowed="0" regionsstable="0" regionsrebuilding="17"/>
  </mem-info>
</gc-end>
<concurrent-start id="2941" type="GMP work packet processing" contextid="2775" timestamp="2019-07-07T05:36:19.602">
  <concurrent-mark-start scanTarget="1048576" />
</concurrent-start>
<exclusive-end id="2942" timestamp="2019-07-07T05:36:19.603" durationms="0.938" />

<concurrent-end id="2943" type="GMP work packet processing" contextid="2775" timestamp="2019-07-07T05:36:19.604">
  <concurrent-mark-end bytesScanned="1092580" reasonForTermination="Work target met" />
</concurrent-end>

<exclusive-start id="2944" timestamp="2019-07-07T05:36:19.606" intervalms="4.293">
  <response-info timems="0.069" idlems="0.069" threads="0" lastid="000000000096B700" lastname="main" />
</exclusive-start>
<allocation-taxation id="2945" taxation-threshold="10485760" timestamp="2019-07-07T05:36:19.606" intervalms="4.249" />
<cycle-start id="2946" type="partial gc" contextid="0" timestamp="2019-07-07T05:36:19.606" intervalms="11.442" />
<gc-start id="2947" type="partial gc" contextid="2946" timestamp="2019-07-07T05:36:19.607">
  <mem-info id="2948" free="13631488" total="56623104" percent="24">
    <mem type="eden" free="1048552" total="22020096" percent="4" />
    <remembered-set count="104384" freebytes="1842688" totalbytes="2260224" percent="81" regionsoverflowed="0" regionsstable="0" regionsrebuilding="17"/>
  </mem-info>
</gc-start>
<allocation-stats totalBytes="20840064" >
  <allocated-bytes non-tlh="0" tlh="20840064" arrayletleaf="0"/>
  <largest-consumer threadName="main" threadId="000000000096B700" bytes="10420032" />
</allocation-stats>
<gc-op id="2949" type="copy forward" timems="1.688" contextid="2946" timestamp="2019-07-07T05:36:19.609">
  <memory-copied type="eden" objects="1" bytes="24" bytesdiscarded="0" />
  <memory-copied type="other" objects="0" bytes="0" bytesdiscarded="0" />
  <memory-cardclean objects="10" bytes="424" />
  <regions eden="20" other="1" />
  <remembered-set-cleared processed="102636" cleared="6" durationms="0.611" />
  <stringconstants candidates="13834" cleared="0"  />
</gc-op>
<gc-op id="2950" type="classunload" timems="0.004" contextid="2946" timestamp="2019-07-07T05:36:19.609">
  <classunload-info classloadercandidates="54" classloadersunloaded="0" classesunloaded="0" anonymousclassesunloaded="0" quiescems="0.000" setupms="0.004" scanms="0.000" postms="0.000" />
</gc-op>
<gc-end id="2951" type="partial gc" contextid="2946" durationms="3.035" usertimems="4.000" systemtimems="0.000" timestamp="2019-07-07T05:36:19.610" activeThreads="1">
  <mem-info id="2952" free="34603008" total="56623104" percent="61">
    <mem type="eden" free="1048552" total="1048576" percent="99" />
    <remembered-set count="104832" freebytes="1840896" totalbytes="2260224" percent="81" regionsoverflowed="0" regionsstable="0" regionsrebuilding="17"/>
  </mem-info>
</gc-end>
<cycle-end id="2953" type="partial gc" contextid="2946" timestamp="2019-07-07T05:36:19.610" />
  <attribute name="elasticGC enabled" value="1" />
  <attribute name= "numThreadsSpecified" value="1" />
  <attribute name="heapSize specified" value="0" />
  <attribute name="Current GC Util" value="160" />
  <attribute name= "Current Time Running" value="20302" />
  <attribute name ="GC Interval" value="0" />
  <attribute name="ProportionalT" value="70.000000" />
  <attribute name="ProportionalI" value="70.000000" />
  <attribute name="ProportionalH" value="70.000000" />
  <attribute name="Current Error" value="140.000000" />
  <attribute name="IntegralT" value="0.000000" />
  <attribute name="IntegralI" value="0.000000" />
  <attribute name="IntegralH" value="0.000000" />
  <attribute name="DerivativeT" value="inf" />
  <attribute name="DerivativeI" value="inf" />
  <attribute name="DerivativeH" value="inf" />
  <attribute name="Loop Time for DT" value="0.000000" />
  <attribute name="Output H" value="8388608"/>
  <attribute name="Output I" value="200"/>
  <attribute name="Output T" value="1"/>
  <attribute name="Target GC Util Change" value ="20.000000" />
  <attribute name="Current GC Util Change" value="160.000000"/>
  <attribute name="GC Util currently" value="160" />
  <attribute name="CPU Util currently" value="13402830062362" />
<exclusive-end id="2954" timestamp="2019-07-07T05:36:19.610" durationms="3.996" />

<exclusive-start id="2955" timestamp="2019-07-07T05:36:19.613" intervalms="7.401">
  <response-info timems="0.079" idlems="0.079" threads="0" lastid="000000000096B700" lastname="main" />
</exclusive-start>
<allocation-taxation id="2956" taxation-threshold="10485760" timestamp="2019-07-07T05:36:19.614" intervalms="7.441" />
<gc-start id="2957" type="global mark phase" contextid="2775" timestamp="2019-07-07T05:36:19.614">
  <mem-info id="2958" free="24117248" total="56623104" percent="42">
    <remembered-set count="104384" freebytes="1842688" totalbytes="2260224" percent="81" regionsoverflowed="0" regionsstable="0" regionsrebuilding="17"/>
  </mem-info>
</gc-start>
<gc-end id="2959" type="global mark phase" contextid="2775" durationms="0.201" usertimems="0.000" systemtimems="0.000" timestamp="2019-07-07T05:36:19.614" activeThreads="1">
  <mem-info id="2960" free="24117248" total="56623104" percent="42">
    <remembered-set count="104384" freebytes="1842688" totalbytes="2260224" percent="81" regionsoverflowed="0" regionsstable="0" regionsrebuilding="17"/>
  </mem-info>
</gc-end>
<concurrent-start id="2961" type="GMP work packet processing" contextid="2775" timestamp="2019-07-07T05:36:19.614">
  <concurrent-mark-start scanTarget="1048576" />
</concurrent-start>
<exclusive-end id="2962" timestamp="2019-07-07T05:36:19.614" durationms="1.051" />

<concurrent-end id="2963" type="GMP work packet processing" contextid="2775" timestamp="2019-07-07T05:36:19.616">
  <concurrent-mark-end bytesScanned="1079320" reasonForTermination="Work target met" />
</concurrent-end>

<exclusive-start id="2964" timestamp="2019-07-07T05:36:19.618" intervalms="4.425">
  <response-info timems="0.069" idlems="0.069" threads="0" lastid="000000000096B700" lastname="main" />
</exclusive-start>
<allocation-taxation id="2965" taxation-threshold="10485760" timestamp="2019-07-07T05:36:19.618" intervalms="4.381" />
<cycle-start id="2966" type="partial gc" contextid="0" timestamp="2019-07-07T05:36:19.618" intervalms="11.846" />
<gc-start id="2967" type="partial gc" contextid="2966" timestamp="2019-07-07T05:36:19.618">
  <mem-info id="2968" free="13631488" total="56623104" percent="24">
    <mem type="eden" free="1048552" total="22020096" percent="4" />
    <remembered-set count="115648" freebytes="1797632" totalbytes="2260224" percent="79" regionsoverflowed="0" regionsstable="0" regionsrebuilding="17"/>
  </mem-info>
</gc-start>
<allocation-stats totalBytes="20840064" >
  <allocated-bytes non-tlh="0" tlh="20840064" arrayletleaf="0"/>
  <largest-consumer threadName="main" threadId="000000000096B700" bytes="10420032" />
</allocation-stats>
<gc-op id="2969" type="copy forward" timems="3.358" contextid="2966" timestamp="2019-07-07T05:36:19.623">
  <memory-copied type="eden" objects="1" bytes="24" bytesdiscarded="0" />
  <memory-copied type="other" objects="0" bytes="0" bytesdiscarded="0" />
  <memory-cardclean objects="10" bytes="424" />
  <regions eden="20" other="1" />
  <remembered-set-cleared processed="113828" cleared="6" durationms="0.352" />
  <stringconstants candidates="13834" cleared="0"  />
</gc-op>
<gc-op id="2970" type="classunload" timems="0.004" contextid="2966" timestamp="2019-07-07T05:36:19.623">
  <classunload-info classloadercandidates="54" classloadersunloaded="0" classesunloaded="0" anonymousclassesunloaded="0" quiescems="0.000" setupms="0.004" scanms="0.000" postms="0.000" />
</gc-op>
<gc-end id="2971" type="partial gc" contextid="2966" durationms="4.564" usertimems="4.000" systemtimems="4.000" timestamp="2019-07-07T05:36:19.623" activeThreads="4">
  <mem-info id="2972" free="34603008" total="56623104" percent="61">
    <mem type="eden" free="1048552" total="1048576" percent="99" />
    <remembered-set count="115424" freebytes="1798528" totalbytes="2260224" percent="79" regionsoverflowed="0" regionsstable="0" regionsrebuilding="17"/>
  </mem-info>
</gc-end>
<cycle-end id="2973" type="partial gc" contextid="2966" timestamp="2019-07-07T05:36:19.623" />
  <attribute name="elasticGC enabled" value="1" />
  <attribute name= "numThreadsSpecified" value="4" />
  <attribute name="heapSize specified" value="0" />
  <attribute name="Current GC Util" value="157" />
  <attribute name= "Current Time Running" value="20314" />
  <attribute name ="GC Interval" value="0" />
  <attribute name="ProportionalT" value="68.500000" />
  <attribute name="ProportionalI" value="68.500000" />
  <attribute name="ProportionalH" value="68.500000" />
  <attribute name="Current Error" value="137.000000" />
  <attribute name="IntegralT" value="68.500000" />
  <attribute name="IntegralI" value="68.500000" />
  <attribute name="IntegralH" value="68.500000" />
  <attribute name="DerivativeT" value="80.000000" />
  <attribute name="DerivativeI" value="80.000000" />
  <attribute name="DerivativeH" value="80.000000" />
  <attribute name="Loop Time for DT" value="1.000000" />
  <attribute name="Output H" value="8388608"/>
  <attribute name="Output I" value="224"/>
  <attribute name="Output T" value="4"/>
  <attribute name="Target GC Util Change" value ="20.000000" />
  <attribute name="Current GC Util Change" value="157.000000"/>
  <attribute name="GC Util currently" value="157" />
  <attribute name="CPU Util currently" value="13419053840449" />
<exclusive-end id="2974" timestamp="2019-07-07T05:36:19.623" durationms="5.457" />

<exclusive-start id="2975" timestamp="2019-07-07T05:36:19.627" intervalms="8.852">
  <response-info timems="0.075" idlems="0.075" threads="0" lastid="000000000096B700" lastname="main" />
</exclusive-start>
<allocation-taxation id="2976" taxation-threshold="10485760" timestamp="2019-07-07T05:36:19.627" intervalms="8.867" />
<gc-start id="2977" type="global mark phase" contextid="2775" timestamp="2019-07-07T05:36:19.627">
  <mem-info id="2978" free="24117248" total="56623104" percent="42">
    <remembered-set count="114976" freebytes="1800320" totalbytes="2260224" percent="79" regionsoverflowed="0" regionsstable="0" regionsrebuilding="17"/>
  </mem-info>
</gc-start>
<gc-end id="2979" type="global mark phase" contextid="2775" durationms="0.199" usertimems="0.000" systemtimems="0.000" timestamp="2019-07-07T05:36:19.627" activeThreads="4">
  <mem-info id="2980" free="24117248" total="56623104" percent="42">
    <remembered-set count="114976" freebytes="1800320" totalbytes="2260224" percent="79" regionsoverflowed="0" regionsstable="0" regionsrebuilding="17"/>
  </mem-info>
</gc-end>
<concurrent-start id="2981" type="GMP work packet processing" contextid="2775" timestamp="2019-07-07T05:36:19.627">
  <concurrent-mark-start scanTarget="1061717" />
</concurrent-start>
<exclusive-end id="2982" timestamp="2019-07-07T05:36:19.628" durationms="0.867" />

<concurrent-end id="2983" type="GMP work packet processing" contextid="2775" timestamp="2019-07-07T05:36:19.629">
  <concurrent-mark-end bytesScanned="1114192" reasonForTermination="Work target met" />
</concurrent-end>

<exclusive-start id="2984" timestamp="2019-07-07T05:36:19.631" intervalms="4.164">
  <response-info timems="0.070" idlems="0.070" threads="0" lastid="000000000096B700" lastname="main" />
</exclusive-start>
<allocation-taxation id="2985" taxation-threshold="10485760" timestamp="2019-07-07T05:36:19.631" intervalms="4.143" />
<cycle-start id="2986" type="partial gc" contextid="0" timestamp="2019-07-07T05:36:19.631" intervalms="12.975" />
<gc-start id="2987" type="partial gc" contextid="2986" timestamp="2019-07-07T05:36:19.631">
  <mem-info id="2988" free="13631488" total="56623104" percent="24">
    <mem type="eden" free="1048552" total="22020096" percent="4" />
    <remembered-set count="121120" freebytes="1775744" totalbytes="2260224" percent="78" regionsoverflowed="0" regionsstable="0" regionsrebuilding="17"/>
  </mem-info>
</gc-start>
<allocation-stats totalBytes="20840064" >
  <allocated-bytes non-tlh="0" tlh="20840064" arrayletleaf="0"/>
  <largest-consumer threadName="main" threadId="000000000096B700" bytes="10420032" />
</allocation-stats>
<gc-op id="2989" type="copy forward" timems="2.918" contextid="2986" timestamp="2019-07-07T05:36:19.635">
  <memory-copied type="eden" objects="1" bytes="24" bytesdiscarded="0" />
  <memory-copied type="other" objects="0" bytes="0" bytesdiscarded="0" />
  <memory-cardclean objects="10" bytes="424" />
  <regions eden="20" other="1" />
  <remembered-set-cleared processed="119177" cleared="6" durationms="0.357" />
  <stringconstants candidates="13834" cleared="0"  />
</gc-op>
<gc-op id="2990" type="classunload" timems="0.003" contextid="2986" timestamp="2019-07-07T05:36:19.635">
  <classunload-info classloadercandidates="54" classloadersunloaded="0" classesunloaded="0" anonymousclassesunloaded="0" quiescems="0.000" setupms="0.003" scanms="0.000" postms="0.000" />
</gc-op>
<gc-end id="2991" type="partial gc" contextid="2986" durationms="3.943" usertimems="8.000" systemtimems="0.000" timestamp="2019-07-07T05:36:19.635" activeThreads="4">
  <mem-info id="2992" free="34603008" total="56623104" percent="61">
    <mem type="eden" free="1048552" total="1048576" percent="99" />
    <remembered-set count="120736" freebytes="1777280" totalbytes="2260224" percent="78" regionsoverflowed="0" regionsstable="0" regionsrebuilding="17"/>
  </mem-info>
</gc-end>
<cycle-end id="2993" type="partial gc" contextid="2986" timestamp="2019-07-07T05:36:19.635" />
  <attribute name="elasticGC enabled" value="1" />
  <attribute name= "numThreadsSpecified" value="4" />
  <attribute name="heapSize specified" value="0" />
  <attribute name="Current GC Util" value="159" />
  <attribute name= "Current Time Running" value="20327" />
  <attribute name ="GC Interval" value="0" />
  <attribute name="ProportionalT" value="69.500000" />
  <attribute name="ProportionalI" value="69.500000" />
  <attribute name="ProportionalH" value="69.500000" />
  <attribute name="Current Error" value="139.000000" />
  <attribute name="IntegralT" value="69.500000" />
  <attribute name="IntegralI" value="69.500000" />
  <attribute name="IntegralH" value="69.500000" />
  <attribute name="DerivativeT" value="101.000000" />
  <attribute name="DerivativeI" value="101.000000" />
  <attribute name="DerivativeH" value="101.000000" />
  <attribute name="Loop Time for DT" value="1.000000" />
  <attribute name="Output H" value="8388608"/>
  <attribute name="Output I" value="240"/>
  <attribute name="Output T" value="4"/>
  <attribute name="Target GC Util Change" value ="20.000000" />
  <attribute name="Current GC Util Change" value="159.000000"/>
  <attribute name="GC Util currently" value="159" />
  <attribute name="CPU Util currently" value="14874918881956" />
<exclusive-end id="2994" timestamp="2019-07-07T05:36:19.636" durationms="4.805" />

<exclusive-start id="2995" timestamp="2019-07-07T05:36:19.649" intervalms="17.679">
  <response-info timems="0.074" idlems="0.074" threads="0" lastid="000000000096B700" lastname="main" />
</exclusive-start>
<allocation-taxation id="2996" taxation-threshold="10485760" timestamp="2019-07-07T05:36:19.649" intervalms="17.699" />
<gc-start id="2997" type="global mark phase" contextid="2775" timestamp="2019-07-07T05:36:19.649">
  <mem-info id="2998" free="24117248" total="56623104" percent="42">
    <remembered-set count="120288" freebytes="1779072" totalbytes="2260224" percent="78" regionsoverflowed="0" regionsstable="0" regionsrebuilding="17"/>
  </mem-info>
</gc-start>
<gc-end id="2999" type="global mark phase" contextid="2775" durationms="0.201" usertimems="0.000" systemtimems="0.000" timestamp="2019-07-07T05:36:19.649" activeThreads="4">
  <mem-info id="3000" free="24117248" total="56623104" percent="42">
    <remembered-set count="120288" freebytes="1779072" totalbytes="2260224" percent="78" regionsoverflowed="0" regionsstable="0" regionsrebuilding="17"/>
  </mem-info>
</gc-end>
<concurrent-start id="3001" type="GMP work packet processing" contextid="2775" timestamp="2019-07-07T05:36:19.649">
  <concurrent-mark-start scanTarget="1061717" />
</concurrent-start>
<exclusive-end id="3002" timestamp="2019-07-07T05:36:19.650" durationms="0.982" />

<concurrent-end id="3003" type="GMP work packet processing" contextid="2775" timestamp="2019-07-07T05:36:19.650">
  <concurrent-mark-end bytesScanned="1117676" reasonForTermination="Work target met" />
</concurrent-end>

<exclusive-start id="3004" timestamp="2019-07-07T05:36:19.670" intervalms="21.244">
  <response-info timems="0.122" idlems="0.122" threads="0" lastid="000000000096B700" lastname="main" />
</exclusive-start>
<allocation-taxation id="3005" taxation-threshold="10485760" timestamp="2019-07-07T05:36:19.670" intervalms="21.256" />
<cycle-start id="3006" type="partial gc" contextid="0" timestamp="2019-07-07T05:36:19.670" intervalms="39.025" />
<gc-start id="3007" type="partial gc" contextid="3006" timestamp="2019-07-07T05:36:19.671">
  <mem-info id="3008" free="13631488" total="56623104" percent="24">
    <mem type="eden" free="1048552" total="22020096" percent="4" />
    <remembered-set count="127520" freebytes="1750144" totalbytes="2260224" percent="77" regionsoverflowed="0" regionsstable="0" regionsrebuilding="17"/>
  </mem-info>
</gc-start>
<allocation-stats totalBytes="20965096" >
  <allocated-bytes non-tlh="0" tlh="20965096" arrayletleaf="0"/>
  <largest-consumer threadName="main" threadId="000000000096B700" bytes="10484336" />
</allocation-stats>
<gc-op id="3009" type="copy forward" timems="1.876" contextid="3006" timestamp="2019-07-07T05:36:19.673">
  <memory-copied type="eden" objects="153" bytes="5016" bytesdiscarded="0" />
  <memory-copied type="other" objects="0" bytes="0" bytesdiscarded="0" />
  <memory-cardclean objects="68" bytes="2416" />
  <regions eden="20" other="1" />
  <remembered-set-cleared processed="125678" cleared="48" durationms="0.831" />
  <stringconstants candidates="13834" cleared="0"  />
</gc-op>
<gc-op id="3010" type="classunload" timems="0.004" contextid="3006" timestamp="2019-07-07T05:36:19.673">
  <classunload-info classloadercandidates="54" classloadersunloaded="0" classesunloaded="0" anonymousclassesunloaded="0" quiescems="0.000" setupms="0.004" scanms="0.000" postms="0.000" />
</gc-op>
<gc-end id="3011" type="partial gc" contextid="3006" durationms="3.118" usertimems="4.000" systemtimems="0.000" timestamp="2019-07-07T05:36:19.674" activeThreads="1">
  <mem-info id="3012" free="34603008" total="56623104" percent="61">
    <mem type="eden" free="1043560" total="1048576" percent="99" />
    <remembered-set count="127936" freebytes="1748480" totalbytes="2260224" percent="77" regionsoverflowed="0" regionsstable="0" regionsrebuilding="17"/>
  </mem-info>
</gc-end>
<cycle-end id="3013" type="partial gc" contextid="3006" timestamp="2019-07-07T05:36:19.674" />
  <attribute name="elasticGC enabled" value="1" />
  <attribute name= "numThreadsSpecified" value="1" />
  <attribute name="heapSize specified" value="0" />
  <attribute name="Current GC Util" value="169" />
  <attribute name= "Current Time Running" value="20366" />
  <attribute name ="GC Interval" value="0" />
  <attribute name="ProportionalT" value="74.500000" />
  <attribute name="ProportionalI" value="74.500000" />
  <attribute name="ProportionalH" value="74.500000" />
  <attribute name="Current Error" value="149.000000" />
  <attribute name="IntegralT" value="0.000000" />
  <attribute name="IntegralI" value="0.000000" />
  <attribute name="IntegralH" value="0.000000" />
  <attribute name="DerivativeT" value="inf" />
  <attribute name="DerivativeI" value="inf" />
  <attribute name="DerivativeH" value="inf" />
  <attribute name="Loop Time for DT" value="0.000000" />
  <attribute name="Output H" value="8388608"/>
  <attribute name="Output I" value="200"/>
  <attribute name="Output T" value="1"/>
  <attribute name="Target GC Util Change" value ="20.000000" />
  <attribute name="Current GC Util Change" value="169.000000"/>
  <attribute name="GC Util currently" value="169" />
  <attribute name="CPU Util currently" value="13638109980715" />
<exclusive-end id="3014" timestamp="2019-07-07T05:36:19.674" durationms="4.372" />

<exclusive-start id="3015" timestamp="2019-07-07T05:36:19.694" intervalms="24.126">
  <response-info timems="0.076" idlems="0.076" threads="0" lastid="000000000096B700" lastname="main" />
</exclusive-start>
<allocation-taxation id="3016" taxation-threshold="10485760" timestamp="2019-07-07T05:36:19.694" intervalms="24.077" />
<gc-start id="3017" type="global mark phase" contextid="2775" timestamp="2019-07-07T05:36:19.694">
  <mem-info id="3018" free="24117248" total="56623104" percent="42">
    <remembered-set count="127488" freebytes="1750272" totalbytes="2260224" percent="77" regionsoverflowed="0" regionsstable="0" regionsrebuilding="17"/>
  </mem-info>
</gc-start>
<gc-end id="3019" type="global mark phase" contextid="2775" durationms="0.212" usertimems="0.000" systemtimems="0.000" timestamp="2019-07-07T05:36:19.694" activeThreads="1">
  <mem-info id="3020" free="24117248" total="56623104" percent="42">
    <remembered-set count="127488" freebytes="1750272" totalbytes="2260224" percent="77" regionsoverflowed="0" regionsstable="0" regionsrebuilding="17"/>
  </mem-info>
</gc-end>
<concurrent-start id="3021" type="GMP work packet processing" contextid="2775" timestamp="2019-07-07T05:36:19.695">
  <concurrent-mark-start scanTarget="1048576" />
</concurrent-start>
<exclusive-end id="3022" timestamp="2019-07-07T05:36:19.695" durationms="0.920" />

<concurrent-end id="3023" type="GMP work packet processing" contextid="2775" timestamp="2019-07-07T05:36:19.695">
  <concurrent-mark-end bytesScanned="322372" reasonForTermination="Completed all work in GC phase" />
</concurrent-end>

<exclusive-start id="3024" timestamp="2019-07-07T05:36:19.715" intervalms="20.969">
  <response-info timems="0.077" idlems="0.077" threads="0" lastid="000000000096B700" lastname="main" />
</exclusive-start>
<allocation-taxation id="3025" taxation-threshold="10485760" timestamp="2019-07-07T05:36:19.715" intervalms="21.039" />
<cycle-start id="3026" type="partial gc" contextid="0" timestamp="2019-07-07T05:36:19.715" intervalms="45.118" />
<gc-start id="3027" type="partial gc" contextid="3026" timestamp="2019-07-07T05:36:19.716">
  <mem-info id="3028" free="13631488" total="56623104" percent="24">
    <mem type="eden" free="0" total="20971520" percent="0" />
    <remembered-set count="128032" freebytes="1748096" totalbytes="2260224" percent="77" regionsoverflowed="0" regionsstable="0" regionsrebuilding="17"/>
  </mem-info>
</gc-start>
<allocation-stats totalBytes="20968448" >
  <allocated-bytes non-tlh="0" tlh="20968448" arrayletleaf="0"/>
  <largest-consumer threadName="main" threadId="000000000096B700" bytes="10484208" />
</allocation-stats>
<gc-op id="3029" type="copy forward" timems="2.888" contextid="3026" timestamp="2019-07-07T05:36:19.719">
  <memory-copied type="eden" objects="103" bytes="3328" bytesdiscarded="0" />
  <memory-copied type="other" objects="50" bytes="1680" bytesdiscarded="744" />
  <memory-cardclean objects="55" bytes="2144" />
  <regions eden="20" other="1" />
  <remembered-set-cleared processed="126862" cleared="65" durationms="0.407" />
  <stringconstants candidates="13834" cleared="0"  />
</gc-op>
<gc-op id="3030" type="classunload" timems="0.004" contextid="3026" timestamp="2019-07-07T05:36:19.719">
  <classunload-info classloadercandidates="54" classloadersunloaded="0" classesunloaded="0" anonymousclassesunloaded="0" quiescems="0.000" setupms="0.004" scanms="0.000" postms="0.000" />
</gc-op>
<gc-end id="3031" type="partial gc" contextid="3026" durationms="3.973" usertimems="8.000" systemtimems="0.000" timestamp="2019-07-07T05:36:19.720" activeThreads="4">
  <mem-info id="3032" free="33554432" total="56623104" percent="59">
    <mem type="eden" free="1045248" total="1048576" percent="99" />
    <remembered-set count="129440" freebytes="1742464" totalbytes="2260224" percent="77" regionsoverflowed="0" regionsstable="0" regionsrebuilding="17"/>
  </mem-info>
</gc-end>
<cycle-end id="3033" type="partial gc" contextid="3026" timestamp="2019-07-07T05:36:19.720" />
  <attribute name="elasticGC enabled" value="1" />
  <attribute name= "numThreadsSpecified" value="4" />
  <attribute name="heapSize specified" value="0" />
  <attribute name="Current GC Util" value="158" />
  <attribute name= "Current Time Running" value="20411" />
  <attribute name ="GC Interval" value="0" />
  <attribute name="ProportionalT" value="69.000000" />
  <attribute name="ProportionalI" value="69.000000" />
  <attribute name="ProportionalH" value="69.000000" />
  <attribute name="Current Error" value="138.000000" />
  <attribute name="IntegralT" value="69.000000" />
  <attribute name="IntegralI" value="69.000000" />
  <attribute name="IntegralH" value="69.000000" />
  <attribute name="DerivativeT" value="138.000000" />
  <attribute name="DerivativeI" value="138.000000" />
  <attribute name="DerivativeH" value="138.000000" />
  <attribute name="Loop Time for DT" value="1.000000" />
  <attribute name="Output H" value="8388608"/>
  <attribute name="Output I" value="280"/>
  <attribute name="Output T" value="4"/>
  <attribute name="Target GC Util Change" value ="20.000000" />
  <attribute name="Current GC Util Change" value="158.000000"/>
  <attribute name="GC Util currently" value="158" />
  <attribute name="CPU Util currently" value="13336242450225" />
<exclusive-end id="3034" timestamp="2019-07-07T05:36:19.720" durationms="4.972" />

<exclusive-start id="3035" timestamp="2019-07-07T05:36:19.737" intervalms="22.560">
  <response-info timems="0.074" idlems="0.074" threads="0" lastid="000000000096B700" lastname="main" />
</exclusive-start>
<allocation-taxation id="3036" taxation-threshold="10485760" timestamp="2019-07-07T05:36:19.738" intervalms="22.509" />
<gc-start id="3037" type="global mark phase" contextid="2775" timestamp="2019-07-07T05:36:19.738">
  <mem-info id="3038" free="23068672" total="56623104" percent="40">
    <remembered-set count="128960" freebytes="1744384" totalbytes="2260224" percent="77" regionsoverflowed="0" regionsstable="0" regionsrebuilding="17"/>
  </mem-info>
</gc-start>
<gc-op id="3039" type="mark increment" timems="2.333" contextid="2775" timestamp="2019-07-07T05:36:19.740">
  <trace-info objectcount="254" scancount="252" scanbytes="237664" />
  <cardclean-info objects="7951" bytes="314808" />
  <finalization candidates="80" enqueued="0" />
  <ownableSynchronizers candidates="21" cleared="0" />
  <references type="soft" candidates="4815" cleared="303" enqueued="300" dynamicThreshold="18" maxThreshold="32" />
  <references type="weak" candidates="5735" cleared="0" enqueued="0" />
  <references type="phantom" candidates="101" cleared="0" enqueued="0" />
  <stringconstants candidates="13834" cleared="5"  />
</gc-op>
<gc-op id="3040" type="classunload" timems="0.004" contextid="2775" timestamp="2019-07-07T05:36:19.740">
  <classunload-info classloadercandidates="54" classloadersunloaded="0" classesunloaded="0" anonymousclassesunloaded="0" quiescems="0.000" setupms="0.004" scanms="0.000" postms="0.000" />
</gc-op>
<gc-end id="3041" type="global mark phase" contextid="2775" durationms="2.790" usertimems="4.000" systemtimems="0.000" timestamp="2019-07-07T05:36:19.741" activeThreads="4">
  <mem-info id="3042" free="23068672" total="56623104" percent="40">
    <pending-finalizers system="0" default="0" reference="300" classloader="0" />
    <remembered-set count="132032" freebytes="1732096" totalbytes="2260224" percent="76" regionsoverflowed="0" regionsstable="0" regionsrebuilding="0"/>
  </mem-info>
</gc-end>
<cycle-end id="3043" type="global mark phase" contextid="2775" timestamp="2019-07-07T05:36:19.741" />
  <attribute name="elasticGC enabled" value="1" />
  <attribute name= "numThreadsSpecified" value="4" />
  <attribute name="heapSize specified" value="0" />
  <attribute name="Current GC Util" value="201" />
  <attribute name= "Current Time Running" value="20434" />
  <attribute name ="GC Interval" value="0" />
  <attribute name="ProportionalT" value="90.500000" />
  <attribute name="ProportionalI" value="90.500000" />
  <attribute name="ProportionalH" value="90.500000" />
  <attribute name="Current Error" value="181.000000" />
  <attribute name="IntegralT" value="90.500000" />
  <attribute name="IntegralI" value="90.500000" />
  <attribute name="IntegralH" value="90.500000" />
  <attribute name="DerivativeT" value="-11.000000" />
  <attribute name="DerivativeI" value="-11.000000" />
  <attribute name="DerivativeH" value="-11.000000" />
  <attribute name="Loop Time for DT" value="1.000000" />
  <attribute name="Output H" value="8388608"/>
  <attribute name="Output I" value="200"/>
  <attribute name="Output T" value="4"/>
  <attribute name="Target GC Util Change" value ="20.000000" />
  <attribute name="Current GC Util Change" value="201.000000"/>
  <attribute name="GC Util currently" value="201" />
  <attribute name="CPU Util currently" value="12151620963946" />
<exclusive-end id="3044" timestamp="2019-07-07T05:36:19.741" durationms="3.430" />

<exclusive-start id="3045" timestamp="2019-07-07T05:36:19.756" intervalms="19.029">
  <response-info timems="0.074" idlems="0.074" threads="0" lastid="000000000096B700" lastname="main" />
</exclusive-start>
<allocation-taxation id="3046" taxation-threshold="10485760" timestamp="2019-07-07T05:36:19.757" intervalms="19.023" />
<cycle-start id="3047" type="partial gc" contextid="0" timestamp="2019-07-07T05:36:19.757" intervalms="41.519" />
<gc-start id="3048" type="partial gc" contextid="3047" timestamp="2019-07-07T05:36:19.757">
  <mem-info id="3049" free="12582912" total="56623104" percent="22">
    <mem type="eden" free="1045248" total="22020096" percent="4" />
    <remembered-set count="10528" freebytes="2218112" totalbytes="2260224" percent="98" regionsoverflowed="0" regionsstable="15" regionsrebuilding="0"/>
  </mem-info>
</gc-start>
<allocation-stats totalBytes="20968736" >
  <allocated-bytes non-tlh="0" tlh="20968736" arrayletleaf="0"/>
  <largest-consumer threadName="main" threadId="000000000096B700" bytes="10484456" />
</allocation-stats>
<gc-op id="3050" type="sweep" timems="0.900" contextid="3047" timestamp="2019-07-07T05:36:19.758" />
<gc-op id="3051" type="copy forward" timems="1.716" contextid="3047" timestamp="2019-07-07T05:36:19.761">
  <memory-copied type="eden" objects="124" bytes="3840" bytesdiscarded="357" />
  <memory-copied type="other" objects="113" bytes="3920" bytesdiscarded="867" />
  <memory-cardclean objects="960" bytes="52144" />
  <regions eden="10" other="2" />
  <remembered-set-cleared processed="9999" cleared="117" durationms="0.124" />
  <references type="weak" candidates="37" cleared="0" enqueued="0" />
  <stringconstants candidates="13829" cleared="0"  />
</gc-op>
<gc-op id="3052" type="classunload" timems="0.003" contextid="3047" timestamp="2019-07-07T05:36:19.761">
  <classunload-info classloadercandidates="54" classloadersunloaded="0" classesunloaded="0" anonymousclassesunloaded="0" quiescems="0.000" setupms="0.003" scanms="0.000" postms="0.000" />
</gc-op>
<heap-resize id="3053" type="expand" space="default" amount="1048576" count="1" timems="0.056" reason="excessive time being spent in gc" timestamp="2019-07-07T05:36:19.761" />
<gc-end id="3054" type="partial gc" contextid="3047" durationms="4.228" usertimems="4.000" systemtimems="0.000" timestamp="2019-07-07T05:36:19.761" activeThreads="4">
  <mem-info id="3055" free="34603008" total="57671680" percent="60">
    <mem type="eden" free="1039544" total="1048576" percent="99" />
    <remembered-set count="11712" freebytes="2255232" totalbytes="2302080" percent="97" regionsoverflowed="0" regionsstable="15" regionsrebuilding="0"/>
  </mem-info>
</gc-end>
<cycle-end id="3056" type="partial gc" contextid="3047" timestamp="2019-07-07T05:36:19.761" />
  <attribute name="elasticGC enabled" value="1" />
  <attribute name= "numThreadsSpecified" value="4" />
  <attribute name="heapSize specified" value="0" />
  <attribute name="Current GC Util" value="159" />
  <attribute name= "Current Time Running" value="20454" />
  <attribute name ="GC Interval" value="0" />
  <attribute name="ProportionalT" value="69.500000" />
  <attribute name="ProportionalI" value="69.500000" />
  <attribute name="ProportionalH" value="69.500000" />
  <attribute name="Current Error" value="139.000000" />
  <attribute name="IntegralT" value="69.500000" />
  <attribute name="IntegralI" value="69.500000" />
  <attribute name="IntegralH" value="69.500000" />
  <attribute name="DerivativeT" value="32.000000" />
  <attribute name="DerivativeI" value="32.000000" />
  <attribute name="DerivativeH" value="32.000000" />
  <attribute name="Loop Time for DT" value="1.000000" />
  <attribute name="Output H" value="8388608"/>
  <attribute name="Output I" value="200"/>
  <attribute name="Output T" value="4"/>
  <attribute name="Target GC Util Change" value ="20.000000" />
  <attribute name="Current GC Util Change" value="159.000000"/>
  <attribute name="GC Util currently" value="159" />
  <attribute name="CPU Util currently" value="13741164548126" />
<exclusive-end id="3057" timestamp="2019-07-07T05:36:19.762" durationms="5.312" />

<exclusive-start id="3058" timestamp="2019-07-07T05:36:19.792" intervalms="35.124">
  <response-info timems="0.085" idlems="0.085" threads="0" lastid="000000000096B700" lastname="main" />
</exclusive-start>
<allocation-taxation id="3059" taxation-threshold="20971520" timestamp="2019-07-07T05:36:19.792" intervalms="35.116" />
<cycle-start id="3060" type="partial gc" contextid="0" timestamp="2019-07-07T05:36:19.792" intervalms="35.125" />
<gc-start id="3061" type="partial gc" contextid="3060" timestamp="2019-07-07T05:36:19.792">
  <mem-info id="3062" free="13631488" total="57671680" percent="23">
    <mem type="eden" free="0" total="20971520" percent="0" />
    <remembered-set count="1536" freebytes="2295936" totalbytes="2302080" percent="99" regionsoverflowed="0" regionsstable="17" regionsrebuilding="0"/>
  </mem-info>
</gc-start>
<allocation-stats totalBytes="20968904" >
  <allocated-bytes non-tlh="0" tlh="20968904" arrayletleaf="0"/>
  <largest-consumer threadName="main" threadId="000000000096B700" bytes="20968904" />
</allocation-stats>
<gc-op id="3063" type="copy forward" timems="3.171" contextid="3060" timestamp="2019-07-07T05:36:19.796">
  <memory-copied type="eden" objects="120" bytes="3672" bytesdiscarded="304" />
  <memory-copied type="other" objects="2459" bytes="144104" bytesdiscarded="14632" />
  <memory-cardclean objects="343" bytes="25056" />
  <regions eden="20" other="3" />
  <remembered-set-cleared processed="264" cleared="3" durationms="0.102" />
  <references type="soft" candidates="13" cleared="0" enqueued="0" dynamicThreshold="19" maxThreshold="32" />
  <references type="weak" candidates="148" cleared="0" enqueued="0" />
  <stringconstants candidates="13829" cleared="0"  />
</gc-op>
<gc-op id="3064" type="classunload" timems="0.003" contextid="3060" timestamp="2019-07-07T05:36:19.796">
  <classunload-info classloadercandidates="54" classloadersunloaded="0" classesunloaded="0" anonymousclassesunloaded="0" quiescems="0.000" setupms="0.003" scanms="0.000" postms="0.000" />
</gc-op>
<heap-resize id="3065" type="expand" space="default" amount="3145728" count="1" timems="0.049" reason="excessive time being spent in gc" timestamp="2019-07-07T05:36:19.797" />
<gc-end id="3066" type="partial gc" contextid="3060" durationms="4.590" usertimems="8.000" systemtimems="0.000" timestamp="2019-07-07T05:36:19.797" activeThreads="4">
  <mem-info id="3067" free="36700160" total="60817408" percent="60">
    <mem type="eden" free="1044600" total="1048576" percent="99" />
    <remembered-set count="1376" freebytes="2422144" totalbytes="2427648" percent="99" regionsoverflowed="0" regionsstable="17" regionsrebuilding="0"/>
  </mem-info>
</gc-end>
<cycle-end id="3068" type="partial gc" contextid="3060" timestamp="2019-07-07T05:36:19.797" />
  <attribute name="elasticGC enabled" value="1" />
  <attribute name= "numThreadsSpecified" value="4" />
  <attribute name="heapSize specified" value="0" />
  <attribute name="Current GC Util" value="162" />
  <attribute name= "Current Time Running" value="20488" />
  <attribute name ="GC Interval" value="0" />
  <attribute name="ProportionalT" value="71.000000" />
  <attribute name="ProportionalI" value="71.000000" />
  <attribute name="ProportionalH" value="71.000000" />
  <attribute name="Current Error" value="142.000000" />
  <attribute name="IntegralT" value="71.000000" />
  <attribute name="IntegralI" value="71.000000" />
  <attribute name="IntegralH" value="71.000000" />
  <attribute name="DerivativeT" value="142.000000" />
  <attribute name="DerivativeI" value="142.000000" />
  <attribute name="DerivativeH" value="142.000000" />
  <attribute name="Loop Time for DT" value="1.000000" />
  <attribute name="Output H" value="8388608"/>
  <attribute name="Output I" value="288"/>
  <attribute name="Output T" value="4"/>
  <attribute name="Target GC Util Change" value ="20.000000" />
  <attribute name="Current GC Util Change" value="162.000000"/>
  <attribute name="GC Util currently" value="162" />
  <attribute name="CPU Util currently" value="9703154108096" />
<exclusive-end id="3069" timestamp="2019-07-07T05:36:19.797" durationms="5.582" />

<exclusive-start id="3070" timestamp="2019-07-07T05:36:19.825" intervalms="33.385">
  <response-info timems="0.069" idlems="0.069" threads="0" lastid="000000000096B700" lastname="main" />
</exclusive-start>
<allocation-taxation id="3071" taxation-threshold="22020096" timestamp="2019-07-07T05:36:19.825" intervalms="33.453" />
<cycle-start id="3072" type="partial gc" contextid="0" timestamp="2019-07-07T05:36:19.825" intervalms="33.470" />
<gc-start id="3073" type="partial gc" contextid="3072" timestamp="2019-07-07T05:36:19.826">
  <mem-info id="3074" free="14680064" total="60817408" percent="24">
    <mem type="eden" free="1044600" total="23068672" percent="4" />
    <remembered-set count="960" freebytes="2423808" totalbytes="2427648" percent="99" regionsoverflowed="0" regionsstable="17" regionsrebuilding="0"/>
  </mem-info>
</gc-start>
<allocation-stats totalBytes="22015352" >
  <allocated-bytes non-tlh="0" tlh="22015352" arrayletleaf="0"/>
  <largest-consumer threadName="main" threadId="000000000096B700" bytes="22015352" />
</allocation-stats>
<gc-op id="3075" type="copy forward" timems="2.319" contextid="3072" timestamp="2019-07-07T05:36:19.829">
  <memory-copied type="eden" objects="134" bytes="4168" bytesdiscarded="656" />
  <memory-copied type="other" objects="6" bytes="136" bytesdiscarded="0" />
  <memory-cardclean objects="89" bytes="3208" />
  <regions eden="21" other="2" />
  <remembered-set-cleared processed="314" cleared="9" durationms="0.142" />
  <stringconstants candidates="13829" cleared="0"  />
</gc-op>
<gc-op id="3076" type="classunload" timems="0.003" contextid="3072" timestamp="2019-07-07T05:36:19.829">
  <classunload-info classloadercandidates="54" classloadersunloaded="0" classesunloaded="0" anonymousclassesunloaded="0" quiescems="0.000" setupms="0.003" scanms="0.000" postms="0.000" />
</gc-op>
<gc-end id="3077" type="partial gc" contextid="3072" durationms="3.482" usertimems="4.000" systemtimems="0.000" timestamp="2019-07-07T05:36:19.829" activeThreads="4">
  <mem-info id="3078" free="36700160" total="60817408" percent="60">
    <mem type="eden" free="1043752" total="1048576" percent="99" />
    <remembered-set count="1504" freebytes="2421632" totalbytes="2427648" percent="99" regionsoverflowed="0" regionsstable="17" regionsrebuilding="0"/>
  </mem-info>
</gc-end>
<cycle-end id="3079" type="partial gc" contextid="3072" timestamp="2019-07-07T05:36:19.829" />
  <attribute name="elasticGC enabled" value="1" />
  <attribute name= "numThreadsSpecified" value="4" />
  <attribute name="heapSize specified" value="0" />
  <attribute name="Current GC Util" value="0" />
  <attribute name= "Current Time Running" value="20521" />
  <attribute name ="GC Interval" value="0" />
  <attribute name="ProportionalT" value="-10.000000" />
  <attribute name="ProportionalI" value="-10.000000" />
  <attribute name="ProportionalH" value="-10.000000" />
  <attribute name="Current Error" value="-20.000000" />
  <attribute name="IntegralT" value="0.000000" />
  <attribute name="IntegralI" value="0.000000" />
  <attribute name="IntegralH" value="0.000000" />
  <attribute name="DerivativeT" value="-inf" />
  <attribute name="DerivativeI" value="-inf" />
  <attribute name="DerivativeH" value="-inf" />
  <attribute name="Loop Time for DT" value="0.000000" />
  <attribute name="Output H" value="2091843584"/>
  <attribute name="Output I" value="200"/>
  <attribute name="Output T" value="4"/>
  <attribute name="Target GC Util Change" value ="20.000000" />
  <attribute name="Current GC Util Change" value="0.000000"/>
  <attribute name="GC Util currently" value="0" />
  <attribute name="CPU Util currently" value="11729943597606" />
<exclusive-end id="3080" timestamp="2019-07-07T05:36:19.830" durationms="4.607" />

<exclusive-start id="3081" timestamp="2019-07-07T05:36:19.837" intervalms="11.598">
  <response-info timems="0.064" idlems="0.064" threads="0" lastid="000000000096B700" lastname="main" />
</exclusive-start>
<allocation-taxation id="3082" taxation-threshold="22020096" timestamp="2019-07-07T05:36:19.837" intervalms="11.552" />
<cycle-start id="3083" type="partial gc" contextid="0" timestamp="2019-07-07T05:36:19.837" intervalms="11.528" />
<gc-start id="3084" type="partial gc" contextid="3083" timestamp="2019-07-07T05:36:19.837">
  <mem-info id="3085" free="14680064" total="60817408" percent="24">
    <mem type="eden" free="0" total="22020096" percent="0" />
    <remembered-set count="1056" freebytes="2423424" totalbytes="2427648" percent="99" regionsoverflowed="0" regionsstable="17" regionsrebuilding="0"/>
  </mem-info>
</gc-start>
<allocation-stats totalBytes="22005504" >
  <allocated-bytes non-tlh="0" tlh="22005504" arrayletleaf="0"/>
  <largest-consumer threadName="main" threadId="000000000096B700" bytes="22005504" />
</allocation-stats>
<gc-op id="3086" type="copy forward" timems="1.918" contextid="3083" timestamp="2019-07-07T05:36:19.840">
  <memory-copied type="eden" objects="5" bytes="376" bytesdiscarded="0" />
  <memory-copied type="other" objects="130" bytes="4008" bytesdiscarded="696" />
  <memory-cardclean objects="49" bytes="2048" />
  <regions eden="21" other="1" />
  <remembered-set-cleared processed="312" cleared="5" durationms="0.105" />
  <stringconstants candidates="13829" cleared="0"  />
</gc-op>
<gc-op id="3087" type="classunload" timems="0.003" contextid="3083" timestamp="2019-07-07T05:36:19.840">
  <classunload-info classloadercandidates="54" classloadersunloaded="0" classesunloaded="0" anonymousclassesunloaded="0" quiescems="0.000" setupms="0.003" scanms="0.000" postms="0.000" />
</gc-op>
<heap-resize id="3088" type="expand" space="default" amount="2097152" count="1" timems="0.048" reason="excessive time being spent in gc" timestamp="2019-07-07T05:36:19.840" />
<gc-end id="3089" type="partial gc" contextid="3083" durationms="3.296" usertimems="4.000" systemtimems="4.000" timestamp="2019-07-07T05:36:19.840" activeThreads="4">
  <mem-info id="3090" free="37748736" total="62914560" percent="60">
    <mem type="eden" free="1048200" total="1048576" percent="99" />
    <remembered-set count="1536" freebytes="2505216" totalbytes="2511360" percent="99" regionsoverflowed="0" regionsstable="17" regionsrebuilding="0"/>
  </mem-info>
</gc-end>
<cycle-end id="3091" type="partial gc" contextid="3083" timestamp="2019-07-07T05:36:19.841" />
  <attribute name="elasticGC enabled" value="1" />
  <attribute name= "numThreadsSpecified" value="4" />
  <attribute name="heapSize specified" value="0" />
  <attribute name="Current GC Util" value="162" />
  <attribute name= "Current Time Running" value="20533" />
  <attribute name ="GC Interval" value="0" />
  <attribute name="ProportionalT" value="71.000000" />
  <attribute name="ProportionalI" value="71.000000" />
  <attribute name="ProportionalH" value="71.000000" />
  <attribute name="Current Error" value="142.000000" />
  <attribute name="IntegralT" value="71.000000" />
  <attribute name="IntegralI" value="71.000000" />
  <attribute name="IntegralH" value="71.000000" />
  <attribute name="DerivativeT" value="109.000000" />
  <attribute name="DerivativeI" value="109.000000" />
  <attribute name="DerivativeH" value="109.000000" />
  <attribute name="Loop Time for DT" value="1.000000" />
  <attribute name="Output H" value="8388608"/>
  <attribute name="Output I" value="256"/>
  <attribute name="Output T" value="4"/>
  <attribute name="Target GC Util Change" value ="20.000000" />
  <attribute name="Current GC Util Change" value="162.000000"/>
  <attribute name="GC Util currently" value="162" />
  <attribute name="CPU Util currently" value="9512278883654" />
<exclusive-end id="3092" timestamp="2019-07-07T05:36:19.841" durationms="4.331" />

<exclusive-start id="3093" timestamp="2019-07-07T05:36:19.848" intervalms="11.210">
  <response-info timems="0.057" idlems="0.057" threads="0" lastid="000000000096B700" lastname="main" />
</exclusive-start>
<allocation-taxation id="3094" taxation-threshold="22020096" timestamp="2019-07-07T05:36:19.848" intervalms="11.212" />
<cycle-start id="3095" type="partial gc" contextid="0" timestamp="2019-07-07T05:36:19.848" intervalms="11.206" />
<gc-start id="3096" type="partial gc" contextid="3095" timestamp="2019-07-07T05:36:19.848">
  <mem-info id="3097" free="15728640" total="62914560" percent="25">
    <mem type="eden" free="1048200" total="23068672" percent="4" />
    <remembered-set count="1120" freebytes="2506880" totalbytes="2511360" percent="99" regionsoverflowed="0" regionsstable="17" regionsrebuilding="0"/>
  </mem-info>
</gc-start>
<allocation-stats totalBytes="22008424" >
  <allocated-bytes non-tlh="0" tlh="22008424" arrayletleaf="0"/>
  <largest-consumer threadName="main" threadId="000000000096B700" bytes="22008424" />
</allocation-stats>
<gc-op id="3098" type="copy forward" timems="1.831" contextid="3095" timestamp="2019-07-07T05:36:19.851">
  <memory-copied type="eden" objects="7" bytes="536" bytesdiscarded="0" />
  <memory-copied type="other" objects="0" bytes="0" bytesdiscarded="0" />
  <memory-cardclean objects="16" bytes="528" />
  <regions eden="21" other="1" />
  <remembered-set-cleared processed="318" cleared="1" durationms="0.084" />
  <stringconstants candidates="13829" cleared="0"  />
</gc-op>
<gc-op id="3099" type="classunload" timems="0.003" contextid="3095" timestamp="2019-07-07T05:36:19.851">
  <classunload-info classloadercandidates="54" classloadersunloaded="0" classesunloaded="0" anonymousclassesunloaded="0" quiescems="0.000" setupms="0.003" scanms="0.000" postms="0.000" />
</gc-op>
<gc-end id="3100" type="partial gc" contextid="3095" durationms="2.997" usertimems="8.000" systemtimems="0.000" timestamp="2019-07-07T05:36:19.851" activeThreads="4">
  <mem-info id="3101" free="37748736" total="62914560" percent="60">
    <mem type="eden" free="1048040" total="1048576" percent="99" />
    <remembered-set count="1152" freebytes="2506752" totalbytes="2511360" percent="99" regionsoverflowed="0" regionsstable="17" regionsrebuilding="0"/>
  </mem-info>
</gc-end>
<cycle-end id="3102" type="partial gc" contextid="3095" timestamp="2019-07-07T05:36:19.852" />
  <attribute name="elasticGC enabled" value="1" />
  <attribute name= "numThreadsSpecified" value="4" />
  <attribute name="heapSize specified" value="0" />
  <attribute name="Current GC Util" value="167" />
  <attribute name= "Current Time Running" value="20544" />
  <attribute name ="GC Interval" value="0" />
  <attribute name="ProportionalT" value="73.500000" />
  <attribute name="ProportionalI" value="73.500000" />
  <attribute name="ProportionalH" value="73.500000" />
  <attribute name="Current Error" value="147.000000" />
  <attribute name="IntegralT" value="73.500000" />
  <attribute name="IntegralI" value="73.500000" />
  <attribute name="IntegralH" value="73.500000" />
  <attribute name="DerivativeT" value="122.000000" />
  <attribute name="DerivativeI" value="122.000000" />
  <attribute name="DerivativeH" value="122.000000" />
  <attribute name="Loop Time for DT" value="1.000000" />
  <attribute name="Output H" value="8388608"/>
  <attribute name="Output I" value="272"/>
  <attribute name="Output T" value="4"/>
  <attribute name="Target GC Util Change" value ="20.000000" />
  <attribute name="Current GC Util Change" value="167.000000"/>
  <attribute name="GC Util currently" value="167" />
  <attribute name="CPU Util currently" value="10522116829366" />
<exclusive-end id="3103" timestamp="2019-07-07T05:36:19.852" durationms="3.978" />

<exclusive-start id="3104" timestamp="2019-07-07T05:36:19.859" intervalms="10.853">
  <response-info timems="0.082" idlems="0.082" threads="0" lastid="000000000096B700" lastname="main" />
</exclusive-start>
<allocation-taxation id="3105" taxation-threshold="22020096" timestamp="2019-07-07T05:36:19.859" intervalms="10.842" />
<cycle-start id="3106" type="partial gc" contextid="0" timestamp="2019-07-07T05:36:19.859" intervalms="10.843" />
<gc-start id="3107" type="partial gc" contextid="3106" timestamp="2019-07-07T05:36:19.859">
  <mem-info id="3108" free="15728640" total="62914560" percent="25">
    <mem type="eden" free="1048040" total="23068672" percent="4" />
    <remembered-set count="672" freebytes="2508672" totalbytes="2511360" percent="99" regionsoverflowed="0" regionsstable="17" regionsrebuilding="0"/>
  </mem-info>
</gc-start>
<allocation-stats totalBytes="22008392" >
  <allocated-bytes non-tlh="0" tlh="22008392" arrayletleaf="0"/>
  <largest-consumer threadName="main" threadId="000000000096B700" bytes="22008392" />
</allocation-stats>
<gc-op id="3109" type="copy forward" timems="1.812" contextid="3106" timestamp="2019-07-07T05:36:19.862">
  <memory-copied type="eden" objects="5" bytes="208" bytesdiscarded="0" />
  <memory-copied type="other" objects="0" bytes="0" bytesdiscarded="0" />
  <memory-cardclean objects="16" bytes="528" />
  <regions eden="21" other="1" />
  <remembered-set-cleared processed="318" cleared="1" durationms="0.084" />
  <stringconstants candidates="13829" cleared="0"  />
</gc-op>
<gc-op id="3110" type="classunload" timems="0.003" contextid="3106" timestamp="2019-07-07T05:36:19.862">
  <classunload-info classloadercandidates="54" classloadersunloaded="0" classesunloaded="0" anonymousclassesunloaded="0" quiescems="0.000" setupms="0.003" scanms="0.000" postms="0.000" />
</gc-op>
<gc-end id="3111" type="partial gc" contextid="3106" durationms="2.946" usertimems="8.000" systemtimems="0.000" timestamp="2019-07-07T05:36:19.862" activeThreads="4">
  <mem-info id="3112" free="37748736" total="62914560" percent="60">
    <mem type="eden" free="1048368" total="1048576" percent="99" />
    <remembered-set count="1152" freebytes="2506752" totalbytes="2511360" percent="99" regionsoverflowed="0" regionsstable="17" regionsrebuilding="0"/>
  </mem-info>
</gc-end>
<cycle-end id="3113" type="partial gc" contextid="3106" timestamp="2019-07-07T05:36:19.862" />
  <attribute name="elasticGC enabled" value="1" />
  <attribute name= "numThreadsSpecified" value="4" />
  <attribute name="heapSize specified" value="0" />
  <attribute name="Current GC Util" value="166" />
  <attribute name= "Current Time Running" value="20555" />
  <attribute name ="GC Interval" value="0" />
  <attribute name="ProportionalT" value="73.000000" />
  <attribute name="ProportionalI" value="73.000000" />
  <attribute name="ProportionalH" value="73.000000" />
  <attribute name="Current Error" value="146.000000" />
  <attribute name="IntegralT" value="73.000000" />
  <attribute name="IntegralI" value="73.000000" />
  <attribute name="IntegralH" value="73.000000" />
  <attribute name="DerivativeT" value="121.000000" />
  <attribute name="DerivativeI" value="121.000000" />
  <attribute name="DerivativeH" value="121.000000" />
  <attribute name="Loop Time for DT" value="1.000000" />
  <attribute name="Output H" value="8388608"/>
  <attribute name="Output I" value="272"/>
  <attribute name="Output T" value="4"/>
  <attribute name="Target GC Util Change" value ="20.000000" />
  <attribute name="Current GC Util Change" value="166.000000"/>
  <attribute name="GC Util currently" value="166" />
  <attribute name="CPU Util currently" value="10287466314558" />
<exclusive-end id="3114" timestamp="2019-07-07T05:36:19.862" durationms="3.761" />

<exclusive-start id="3115" timestamp="2019-07-07T05:36:19.869" intervalms="10.499">
  <response-info timems="0.069" idlems="0.069" threads="0" lastid="000000000096B700" lastname="main" />
</exclusive-start>
<allocation-taxation id="3116" taxation-threshold="22020096" timestamp="2019-07-07T05:36:19.869" intervalms="10.469" />
<cycle-start id="3117" type="partial gc" contextid="0" timestamp="2019-07-07T05:36:19.869" intervalms="10.429" />
<gc-start id="3118" type="partial gc" contextid="3117" timestamp="2019-07-07T05:36:19.870">
  <mem-info id="3119" free="15728640" total="62914560" percent="25">
    <mem type="eden" free="1048368" total="23068672" percent="4" />
    <remembered-set count="672" freebytes="2508672" totalbytes="2511360" percent="99" regionsoverflowed="0" regionsstable="17" regionsrebuilding="0"/>
  </mem-info>
</gc-start>
<allocation-stats totalBytes="22008240" >
  <allocated-bytes non-tlh="0" tlh="22008240" arrayletleaf="0"/>
  <largest-consumer threadName="main" threadId="000000000096B700" bytes="22008240" />
</allocation-stats>
<gc-op id="3120" type="copy forward" timems="0.976" contextid="3117" timestamp="2019-07-07T05:36:19.872">
  <memory-copied type="eden" objects="5" bytes="368" bytesdiscarded="0" />
  <memory-copied type="other" objects="0" bytes="0" bytesdiscarded="0" />
  <memory-cardclean objects="16" bytes="528" />
  <regions eden="21" other="1" />
  <remembered-set-cleared processed="318" cleared="1" durationms="0.087" />
  <stringconstants candidates="13829" cleared="0"  />
</gc-op>
<gc-op id="3121" type="classunload" timems="0.003" contextid="3117" timestamp="2019-07-07T05:36:19.872">
  <classunload-info classloadercandidates="54" classloadersunloaded="0" classesunloaded="0" anonymousclassesunloaded="0" quiescems="0.000" setupms="0.003" scanms="0.000" postms="0.000" />
</gc-op>
<gc-end id="3122" type="partial gc" contextid="3117" durationms="2.132" usertimems="4.000" systemtimems="0.000" timestamp="2019-07-07T05:36:19.872" activeThreads="1">
  <mem-info id="3123" free="37748736" total="62914560" percent="60">
    <mem type="eden" free="1048208" total="1048576" percent="99" />
    <remembered-set count="1152" freebytes="2506752" totalbytes="2511360" percent="99" regionsoverflowed="0" regionsstable="17" regionsrebuilding="0"/>
  </mem-info>
</gc-end>
<cycle-end id="3124" type="partial gc" contextid="3117" timestamp="2019-07-07T05:36:19.872" />
  <attribute name="elasticGC enabled" value="1" />
  <attribute name= "numThreadsSpecified" value="1" />
  <attribute name="heapSize specified" value="0" />
  <attribute name="Current GC Util" value="163" />
  <attribute name= "Current Time Running" value="20565" />
  <attribute name ="GC Interval" value="0" />
  <attribute name="ProportionalT" value="71.500000" />
  <attribute name="ProportionalI" value="71.500000" />
  <attribute name="ProportionalH" value="71.500000" />
  <attribute name="Current Error" value="143.000000" />
  <attribute name="IntegralT" value="0.000000" />
  <attribute name="IntegralI" value="0.000000" />
  <attribute name="IntegralH" value="0.000000" />
  <attribute name="DerivativeT" value="inf" />
  <attribute name="DerivativeI" value="inf" />
  <attribute name="DerivativeH" value="inf" />
  <attribute name="Loop Time for DT" value="0.000000" />
  <attribute name="Output H" value="8388608"/>
  <attribute name="Output I" value="200"/>
  <attribute name="Output T" value="1"/>
  <attribute name="Target GC Util Change" value ="20.000000" />
  <attribute name="Current GC Util Change" value="163.000000"/>
  <attribute name="GC Util currently" value="163" />
  <attribute name="CPU Util currently" value="10291070514454" />
<exclusive-end id="3125" timestamp="2019-07-07T05:36:19.872" durationms="2.952" />

<exclusive-start id="3126" timestamp="2019-07-07T05:36:19.879" intervalms="9.763">
  <response-info timems="0.075" idlems="0.075" threads="0" lastid="000000000096B700" lastname="main" />
</exclusive-start>
<allocation-taxation id="3127" taxation-threshold="22020096" timestamp="2019-07-07T05:36:19.879" intervalms="9.787" />
<cycle-start id="3128" type="partial gc" contextid="0" timestamp="2019-07-07T05:36:19.879" intervalms="9.809" />
<gc-start id="3129" type="partial gc" contextid="3128" timestamp="2019-07-07T05:36:19.879">
  <mem-info id="3130" free="15728640" total="62914560" percent="25">
    <mem type="eden" free="1048208" total="23068672" percent="4" />
    <remembered-set count="672" freebytes="2508672" totalbytes="2511360" percent="99" regionsoverflowed="0" regionsstable="17" regionsrebuilding="0"/>
  </mem-info>
</gc-start>
<allocation-stats totalBytes="22008344" >
  <allocated-bytes non-tlh="0" tlh="22008344" arrayletleaf="0"/>
  <largest-consumer threadName="main" threadId="000000000096B700" bytes="22008344" />
</allocation-stats>
<gc-op id="3131" type="copy forward" timems="2.970" contextid="3128" timestamp="2019-07-07T05:36:19.883">
  <memory-copied type="eden" objects="5" bytes="288" bytesdiscarded="0" />
  <memory-copied type="other" objects="0" bytes="0" bytesdiscarded="0" />
  <memory-cardclean objects="16" bytes="528" />
  <regions eden="21" other="1" />
  <remembered-set-cleared processed="318" cleared="1" durationms="0.131" />
  <stringconstants candidates="13829" cleared="0"  />
</gc-op>
<gc-op id="3132" type="classunload" timems="0.003" contextid="3128" timestamp="2019-07-07T05:36:19.883">
  <classunload-info classloadercandidates="54" classloadersunloaded="0" classesunloaded="0" anonymousclassesunloaded="0" quiescems="0.000" setupms="0.003" scanms="0.000" postms="0.000" />
</gc-op>
<gc-end id="3133" type="partial gc" contextid="3128" durationms="4.136" usertimems="8.000" systemtimems="0.000" timestamp="2019-07-07T05:36:19.884" activeThreads="4">
  <mem-info id="3134" free="37748736" total="62914560" percent="60">
    <mem type="eden" free="1048288" total="1048576" percent="99" />
    <remembered-set count="1152" freebytes="2506752" totalbytes="2511360" percent="99" regionsoverflowed="0" regionsstable="17" regionsrebuilding="0"/>
  </mem-info>
</gc-end>
<cycle-end id="3135" type="partial gc" contextid="3128" timestamp="2019-07-07T05:36:19.884" />
  <attribute name="elasticGC enabled" value="1" />
  <attribute name= "numThreadsSpecified" value="4" />
  <attribute name="heapSize specified" value="0" />
  <attribute name="Current GC Util" value="308" />
  <attribute name= "Current Time Running" value="20575" />
  <attribute name ="GC Interval" value="0" />
  <attribute name="ProportionalT" value="144.000000" />
  <attribute name="ProportionalI" value="144.000000" />
  <attribute name="ProportionalH" value="144.000000" />
  <attribute name="Current Error" value="288.000000" />
  <attribute name="IntegralT" value="144.000000" />
  <attribute name="IntegralI" value="144.000000" />
  <attribute name="IntegralH" value="144.000000" />
  <attribute name="DerivativeT" value="288.000000" />
  <attribute name="DerivativeI" value="288.000000" />
  <attribute name="DerivativeH" value="288.000000" />
  <attribute name="Loop Time for DT" value="1.000000" />
  <attribute name="Output H" value="8388608"/>
  <attribute name="Output I" value="576"/>
  <attribute name="Output T" value="4"/>
  <attribute name="Target GC Util Change" value ="20.000000" />
  <attribute name="Current GC Util Change" value="308.000000"/>
  <attribute name="GC Util currently" value="308" />
  <attribute name="CPU Util currently" value="9545612743421" />
<exclusive-end id="3136" timestamp="2019-07-07T05:36:19.884" durationms="4.982" />

<exclusive-start id="3137" timestamp="2019-07-07T05:36:19.891" intervalms="11.759">
  <response-info timems="0.084" idlems="0.084" threads="0" lastid="000000000096B700" lastname="main" />
</exclusive-start>
<allocation-taxation id="3138" taxation-threshold="22020096" timestamp="2019-07-07T05:36:19.891" intervalms="11.807" />
<cycle-start id="3139" type="partial gc" contextid="0" timestamp="2019-07-07T05:36:19.891" intervalms="11.836" />
<gc-start id="3140" type="partial gc" contextid="3139" timestamp="2019-07-07T05:36:19.891">
  <mem-info id="3141" free="15728640" total="62914560" percent="25">
    <mem type="eden" free="1048288" total="23068672" percent="4" />
    <remembered-set count="672" freebytes="2508672" totalbytes="2511360" percent="99" regionsoverflowed="0" regionsstable="17" regionsrebuilding="0"/>
  </mem-info>
</gc-start>
<allocation-stats totalBytes="22008424" >
  <allocated-bytes non-tlh="0" tlh="22008424" arrayletleaf="0"/>
  <largest-consumer threadName="main" threadId="000000000096B700" bytes="22008424" />
</allocation-stats>
<gc-op id="3142" type="copy forward" timems="1.841" contextid="3139" timestamp="2019-07-07T05:36:19.894">
  <memory-copied type="eden" objects="6" bytes="272" bytesdiscarded="0" />
  <memory-copied type="other" objects="0" bytes="0" bytesdiscarded="0" />
  <memory-cardclean objects="16" bytes="528" />
  <regions eden="21" other="1" />
  <remembered-set-cleared processed="318" cleared="1" durationms="0.083" />
  <stringconstants candidates="13829" cleared="0"  />
</gc-op>
<gc-op id="3143" type="classunload" timems="0.003" contextid="3139" timestamp="2019-07-07T05:36:19.894">
  <classunload-info classloadercandidates="54" classloadersunloaded="0" classesunloaded="0" anonymousclassesunloaded="0" quiescems="0.000" setupms="0.003" scanms="0.000" postms="0.000" />
</gc-op>
<gc-end id="3144" type="partial gc" contextid="3139" durationms="3.133" usertimems="4.000" systemtimems="0.000" timestamp="2019-07-07T05:36:19.894" activeThreads="4">
  <mem-info id="3145" free="37748736" total="62914560" percent="60">
    <mem type="eden" free="1048304" total="1048576" percent="99" />
    <remembered-set count="1152" freebytes="2506752" totalbytes="2511360" percent="99" regionsoverflowed="0" regionsstable="17" regionsrebuilding="0"/>
  </mem-info>
</gc-end>
<cycle-end id="3146" type="partial gc" contextid="3139" timestamp="2019-07-07T05:36:19.895" />
  <attribute name="elasticGC enabled" value="1" />
  <attribute name= "numThreadsSpecified" value="4" />
  <attribute name="heapSize specified" value="0" />
  <attribute name="Current GC Util" value="154" />
  <attribute name= "Current Time Running" value="20587" />
  <attribute name ="GC Interval" value="0" />
  <attribute name="ProportionalT" value="67.000000" />
  <attribute name="ProportionalI" value="67.000000" />
  <attribute name="ProportionalH" value="67.000000" />
  <attribute name="Current Error" value="134.000000" />
  <attribute name="IntegralT" value="67.000000" />
  <attribute name="IntegralI" value="67.000000" />
  <attribute name="IntegralH" value="67.000000" />
  <attribute name="DerivativeT" value="89.000000" />
  <attribute name="DerivativeI" value="89.000000" />
  <attribute name="DerivativeH" value="89.000000" />
  <attribute name="Loop Time for DT" value="1.000000" />
  <attribute name="Output H" value="8388608"/>
  <attribute name="Output I" value="224"/>
  <attribute name="Output T" value="4"/>
  <attribute name="Target GC Util Change" value ="20.000000" />
  <attribute name="Current GC Util Change" value="154.000000"/>
  <attribute name="GC Util currently" value="154" />
  <attribute name="CPU Util currently" value="9594766156397" />
<exclusive-end id="3147" timestamp="2019-07-07T05:36:19.895" durationms="4.206" />

<exclusive-start id="3148" timestamp="2019-07-07T05:36:19.902" intervalms="11.001">
  <response-info timems="0.069" idlems="0.069" threads="0" lastid="000000000096B700" lastname="main" />
</exclusive-start>
<allocation-taxation id="3149" taxation-threshold="22020096" timestamp="2019-07-07T05:36:19.902" intervalms="11.000" />
<cycle-start id="3150" type="partial gc" contextid="0" timestamp="2019-07-07T05:36:19.902" intervalms="10.989" />
<gc-start id="3151" type="partial gc" contextid="3150" timestamp="2019-07-07T05:36:19.902">
  <mem-info id="3152" free="15728640" total="62914560" percent="25">
    <mem type="eden" free="1048304" total="23068672" percent="4" />
    <remembered-set count="672" freebytes="2508672" totalbytes="2511360" percent="99" regionsoverflowed="0" regionsstable="17" regionsrebuilding="0"/>
  </mem-info>
</gc-start>
<allocation-stats totalBytes="22008312" >
  <allocated-bytes non-tlh="0" tlh="22008312" arrayletleaf="0"/>
  <largest-consumer threadName="main" threadId="000000000096B700" bytes="22008312" />
</allocation-stats>
<gc-op id="3153" type="copy forward" timems="1.656" contextid="3150" timestamp="2019-07-07T05:36:19.905">
  <memory-copied type="eden" objects="5" bytes="352" bytesdiscarded="0" />
  <memory-copied type="other" objects="0" bytes="0" bytesdiscarded="0" />
  <memory-cardclean objects="16" bytes="528" />
  <regions eden="21" other="1" />
  <remembered-set-cleared processed="318" cleared="1" durationms="0.083" />
  <stringconstants candidates="13829" cleared="0"  />
</gc-op>
<gc-op id="3154" type="classunload" timems="0.003" contextid="3150" timestamp="2019-07-07T05:36:19.905">
  <classunload-info classloadercandidates="54" classloadersunloaded="0" classesunloaded="0" anonymousclassesunloaded="0" quiescems="0.000" setupms="0.003" scanms="0.000" postms="0.000" />
</gc-op>
<gc-end id="3155" type="partial gc" contextid="3150" durationms="2.884" usertimems="4.000" systemtimems="0.000" timestamp="2019-07-07T05:36:19.905" activeThreads="4">
  <mem-info id="3156" free="37748736" total="62914560" percent="60">
    <mem type="eden" free="1048224" total="1048576" percent="99" />
    <remembered-set count="1152" freebytes="2506752" totalbytes="2511360" percent="99" regionsoverflowed="0" regionsstable="17" regionsrebuilding="0"/>
  </mem-info>
</gc-end>
<cycle-end id="3157" type="partial gc" contextid="3150" timestamp="2019-07-07T05:36:19.905" />
  <attribute name="elasticGC enabled" value="1" />
  <attribute name= "numThreadsSpecified" value="4" />
  <attribute name="heapSize specified" value="0" />
  <attribute name="Current GC Util" value="167" />
  <attribute name= "Current Time Running" value="20598" />
  <attribute name ="GC Interval" value="0" />
  <attribute name="ProportionalT" value="73.500000" />
  <attribute name="ProportionalI" value="73.500000" />
  <attribute name="ProportionalH" value="73.500000" />
  <attribute name="Current Error" value="147.000000" />
  <attribute name="IntegralT" value="73.500000" />
  <attribute name="IntegralI" value="73.500000" />
  <attribute name="IntegralH" value="73.500000" />
  <attribute name="DerivativeT" value="123.000000" />
  <attribute name="DerivativeI" value="123.000000" />
  <attribute name="DerivativeH" value="123.000000" />
  <attribute name="Loop Time for DT" value="1.000000" />
  <attribute name="Output H" value="8388608"/>
  <attribute name="Output I" value="272"/>
  <attribute name="Output T" value="4"/>
  <attribute name="Target GC Util Change" value ="20.000000" />
  <attribute name="Current GC Util Change" value="167.000000"/>
  <attribute name="GC Util currently" value="167" />
  <attribute name="CPU Util currently" value="10745267109541" />
<exclusive-end id="3158" timestamp="2019-07-07T05:36:19.906" durationms="3.920" />

<exclusive-start id="3159" timestamp="2019-07-07T05:36:19.912" intervalms="10.689">
  <response-info timems="0.067" idlems="0.067" threads="0" lastid="000000000096B700" lastname="main" />
</exclusive-start>
<allocation-taxation id="3160" taxation-threshold="22020096" timestamp="2019-07-07T05:36:19.913" intervalms="10.705" />
<cycle-start id="3161" type="partial gc" contextid="0" timestamp="2019-07-07T05:36:19.913" intervalms="10.711" />
<gc-start id="3162" type="partial gc" contextid="3161" timestamp="2019-07-07T05:36:19.913">
  <mem-info id="3163" free="15728640" total="62914560" percent="25">
    <mem type="eden" free="1048224" total="23068672" percent="4" />
    <remembered-set count="672" freebytes="2508672" totalbytes="2511360" percent="99" regionsoverflowed="0" regionsstable="17" regionsrebuilding="0"/>
  </mem-info>
</gc-start>
<allocation-stats totalBytes="22009024" >
  <allocated-bytes non-tlh="0" tlh="22009024" arrayletleaf="0"/>
  <largest-consumer threadName="main" threadId="000000000096B700" bytes="22009024" />
</allocation-stats>
<gc-op id="3164" type="copy forward" timems="0.980" contextid="3161" timestamp="2019-07-07T05:36:19.915">
  <memory-copied type="eden" objects="5" bytes="288" bytesdiscarded="0" />
  <memory-copied type="other" objects="0" bytes="0" bytesdiscarded="0" />
  <memory-cardclean objects="16" bytes="528" />
  <regions eden="21" other="1" />
  <remembered-set-cleared processed="318" cleared="1" durationms="0.087" />
  <stringconstants candidates="13829" cleared="0"  />
</gc-op>
<gc-op id="3165" type="classunload" timems="0.004" contextid="3161" timestamp="2019-07-07T05:36:19.915">
  <classunload-info classloadercandidates="54" classloadersunloaded="0" classesunloaded="0" anonymousclassesunloaded="0" quiescems="0.000" setupms="0.003" scanms="0.000" postms="0.000" />
</gc-op>
<gc-end id="3166" type="partial gc" contextid="3161" durationms="2.297" usertimems="0.000" systemtimems="0.000" timestamp="2019-07-07T05:36:19.915" activeThreads="1">
  <mem-info id="3167" free="37748736" total="62914560" percent="60">
    <mem type="eden" free="1048288" total="1048576" percent="99" />
    <remembered-set count="1152" freebytes="2506752" totalbytes="2511360" percent="99" regionsoverflowed="0" regionsstable="17" regionsrebuilding="0"/>
  </mem-info>
</gc-end>
<cycle-end id="3168" type="partial gc" contextid="3161" timestamp="2019-07-07T05:36:19.915" />
  <attribute name="elasticGC enabled" value="1" />
  <attribute name= "numThreadsSpecified" value="1" />
  <attribute name="heapSize specified" value="0" />
  <attribute name="Current GC Util" value="159" />
  <attribute name= "Current Time Running" value="20608" />
  <attribute name ="GC Interval" value="0" />
  <attribute name="ProportionalT" value="69.500000" />
  <attribute name="ProportionalI" value="69.500000" />
  <attribute name="ProportionalH" value="69.500000" />
  <attribute name="Current Error" value="139.000000" />
  <attribute name="IntegralT" value="0.000000" />
  <attribute name="IntegralI" value="0.000000" />
  <attribute name="IntegralH" value="0.000000" />
  <attribute name="DerivativeT" value="inf" />
  <attribute name="DerivativeI" value="inf" />
  <attribute name="DerivativeH" value="inf" />
  <attribute name="Loop Time for DT" value="0.000000" />
  <attribute name="Output H" value="8388608"/>
  <attribute name="Output I" value="200"/>
  <attribute name="Output T" value="1"/>
  <attribute name="Target GC Util Change" value ="20.000000" />
  <attribute name="Current GC Util Change" value="159.000000"/>
  <attribute name="GC Util currently" value="159" />
  <attribute name="CPU Util currently" value="9880102350752" />
<exclusive-end id="3169" timestamp="2019-07-07T05:36:19.916" durationms="3.388" />

<exclusive-start id="3170" timestamp="2019-07-07T05:36:19.923" intervalms="10.204">
  <response-info timems="0.084" idlems="0.084" threads="0" lastid="000000000096B700" lastname="main" />
</exclusive-start>
<allocation-taxation id="3171" taxation-threshold="22020096" timestamp="2019-07-07T05:36:19.923" intervalms="10.201" />
<cycle-start id="3172" type="partial gc" contextid="0" timestamp="2019-07-07T05:36:19.923" intervalms="10.203" />
<gc-start id="3173" type="partial gc" contextid="3172" timestamp="2019-07-07T05:36:19.923">
  <mem-info id="3174" free="15728640" total="62914560" percent="25">
    <mem type="eden" free="1048288" total="23068672" percent="4" />
    <remembered-set count="672" freebytes="2508672" totalbytes="2511360" percent="99" regionsoverflowed="0" regionsstable="17" regionsrebuilding="0"/>
  </mem-info>
</gc-start>
<allocation-stats totalBytes="22008424" >
  <allocated-bytes non-tlh="0" tlh="22008424" arrayletleaf="0"/>
  <largest-consumer threadName="main" threadId="000000000096B700" bytes="22008424" />
</allocation-stats>
<gc-op id="3175" type="copy forward" timems="3.103" contextid="3172" timestamp="2019-07-07T05:36:19.927">
  <memory-copied type="eden" objects="6" bytes="272" bytesdiscarded="0" />
  <memory-copied type="other" objects="0" bytes="0" bytesdiscarded="0" />
  <memory-cardclean objects="16" bytes="528" />
  <regions eden="21" other="1" />
  <remembered-set-cleared processed="318" cleared="1" durationms="0.140" />
  <stringconstants candidates="13829" cleared="0"  />
</gc-op>
<gc-op id="3176" type="classunload" timems="0.003" contextid="3172" timestamp="2019-07-07T05:36:19.927">
  <classunload-info classloadercandidates="54" classloadersunloaded="0" classesunloaded="0" anonymousclassesunloaded="0" quiescems="0.000" setupms="0.003" scanms="0.000" postms="0.000" />
</gc-op>
<gc-end id="3177" type="partial gc" contextid="3172" durationms="4.385" usertimems="8.000" systemtimems="0.000" timestamp="2019-07-07T05:36:19.928" activeThreads="4">
  <mem-info id="3178" free="37748736" total="62914560" percent="60">
    <mem type="eden" free="1048304" total="1048576" percent="99" />
    <remembered-set count="1152" freebytes="2506752" totalbytes="2511360" percent="99" regionsoverflowed="0" regionsstable="17" regionsrebuilding="0"/>
  </mem-info>
</gc-end>
<cycle-end id="3179" type="partial gc" contextid="3172" timestamp="2019-07-07T05:36:19.928" />
  <attribute name="elasticGC enabled" value="1" />
  <attribute name= "numThreadsSpecified" value="4" />
  <attribute name="heapSize specified" value="0" />
  <attribute name="Current GC Util" value="301" />
  <attribute name= "Current Time Running" value="20619" />
  <attribute name ="GC Interval" value="0" />
  <attribute name="ProportionalT" value="140.500000" />
  <attribute name="ProportionalI" value="140.500000" />
  <attribute name="ProportionalH" value="140.500000" />
  <attribute name="Current Error" value="281.000000" />
  <attribute name="IntegralT" value="140.500000" />
  <attribute name="IntegralI" value="140.500000" />
  <attribute name="IntegralH" value="140.500000" />
  <attribute name="DerivativeT" value="281.000000" />
  <attribute name="DerivativeI" value="281.000000" />
  <attribute name="DerivativeH" value="281.000000" />
  <attribute name="Loop Time for DT" value="1.000000" />
  <attribute name="Output H" value="8388608"/>
  <attribute name="Output I" value="568"/>
  <attribute name="Output T" value="4"/>
  <attribute name="Target GC Util Change" value ="20.000000" />
  <attribute name="Current GC Util Change" value="301.000000"/>
  <attribute name="GC Util currently" value="301" />
  <attribute name="CPU Util currently" value="9209079456033" />
<exclusive-end id="3180" timestamp="2019-07-07T05:36:19.928" durationms="5.463" />

<exclusive-start id="3181" timestamp="2019-07-07T05:36:19.935" intervalms="12.275">
  <response-info timems="0.084" idlems="0.084" threads="0" lastid="000000000096B700" lastname="main" />
</exclusive-start>
<allocation-taxation id="3182" taxation-threshold="22020096" timestamp="2019-07-07T05:36:19.935" intervalms="12.218" />
<cycle-start id="3183" type="partial gc" contextid="0" timestamp="2019-07-07T05:36:19.935" intervalms="12.176" />
<gc-start id="3184" type="partial gc" contextid="3183" timestamp="2019-07-07T05:36:19.935">
  <mem-info id="3185" free="15728640" total="62914560" percent="25">
    <mem type="eden" free="1048304" total="23068672" percent="4" />
    <remembered-set count="672" freebytes="2508672" totalbytes="2511360" percent="99" regionsoverflowed="0" regionsstable="17" regionsrebuilding="0"/>
  </mem-info>
</gc-start>
<allocation-stats totalBytes="22008312" >
  <allocated-bytes non-tlh="0" tlh="22008312" arrayletleaf="0"/>
  <largest-consumer threadName="main" threadId="000000000096B700" bytes="22008312" />
</allocation-stats>
<gc-op id="3186" type="copy forward" timems="1.818" contextid="3183" timestamp="2019-07-07T05:36:19.938">
  <memory-copied type="eden" objects="5" bytes="352" bytesdiscarded="0" />
  <memory-copied type="other" objects="0" bytes="0" bytesdiscarded="0" />
  <memory-cardclean objects="16" bytes="528" />
  <regions eden="21" other="1" />
  <remembered-set-cleared processed="318" cleared="1" durationms="0.140" />
  <stringconstants candidates="13829" cleared="0"  />
</gc-op>
<gc-op id="3187" type="classunload" timems="0.003" contextid="3183" timestamp="2019-07-07T05:36:19.938">
  <classunload-info classloadercandidates="54" classloadersunloaded="0" classesunloaded="0" anonymousclassesunloaded="0" quiescems="0.000" setupms="0.003" scanms="0.000" postms="0.000" />
</gc-op>
<gc-end id="3188" type="partial gc" contextid="3183" durationms="3.005" usertimems="4.000" systemtimems="0.000" timestamp="2019-07-07T05:36:19.938" activeThreads="4">
  <mem-info id="3189" free="37748736" total="62914560" percent="60">
    <mem type="eden" free="1048224" total="1048576" percent="99" />
    <remembered-set count="1152" freebytes="2506752" totalbytes="2511360" percent="99" regionsoverflowed="0" regionsstable="17" regionsrebuilding="0"/>
  </mem-info>
</gc-end>
<cycle-end id="3190" type="partial gc" contextid="3183" timestamp="2019-07-07T05:36:19.938" />
  <attribute name="elasticGC enabled" value="1" />
  <attribute name= "numThreadsSpecified" value="4" />
  <attribute name="heapSize specified" value="0" />
  <attribute name="Current GC Util" value="178" />
  <attribute name= "Current Time Running" value="20631" />
  <attribute name ="GC Interval" value="0" />
  <attribute name="ProportionalT" value="79.000000" />
  <attribute name="ProportionalI" value="79.000000" />
  <attribute name="ProportionalH" value="79.000000" />
  <attribute name="Current Error" value="158.000000" />
  <attribute name="IntegralT" value="79.000000" />
  <attribute name="IntegralI" value="79.000000" />
  <attribute name="IntegralH" value="79.000000" />
  <attribute name="DerivativeT" value="119.000000" />
  <attribute name="DerivativeI" value="119.000000" />
  <attribute name="DerivativeH" value="119.000000" />
  <attribute name="Loop Time for DT" value="1.000000" />
  <attribute name="Output H" value="8388608"/>
  <attribute name="Output I" value="280"/>
  <attribute name="Output T" value="4"/>
  <attribute name="Target GC Util Change" value ="20.000000" />
  <attribute name="Current GC Util Change" value="178.000000"/>
  <attribute name="GC Util currently" value="178" />
  <attribute name="CPU Util currently" value="11566807056638" />
<exclusive-end id="3191" timestamp="2019-07-07T05:36:19.939" durationms="3.861" />

<exclusive-start id="3192" timestamp="2019-07-07T05:36:19.946" intervalms="11.082">
  <response-info timems="0.068" idlems="0.068" threads="0" lastid="000000000096B700" lastname="main" />
</exclusive-start>
<allocation-taxation id="3193" taxation-threshold="22020096" timestamp="2019-07-07T05:36:19.946" intervalms="11.087" />
<cycle-start id="3194" type="partial gc" contextid="0" timestamp="2019-07-07T05:36:19.946" intervalms="11.121" />
<gc-start id="3195" type="partial gc" contextid="3194" timestamp="2019-07-07T05:36:19.947">
  <mem-info id="3196" free="15728640" total="62914560" percent="25">
    <mem type="eden" free="1048224" total="23068672" percent="4" />
    <remembered-set count="672" freebytes="2508672" totalbytes="2511360" percent="99" regionsoverflowed="0" regionsstable="17" regionsrebuilding="0"/>
  </mem-info>
</gc-start>
<allocation-stats totalBytes="22004112" >
  <allocated-bytes non-tlh="0" tlh="22004112" arrayletleaf="0"/>
  <largest-consumer threadName="main" threadId="000000000096B700" bytes="22004112" />
</allocation-stats>
<gc-op id="3197" type="copy forward" timems="2.021" contextid="3194" timestamp="2019-07-07T05:36:19.949">
  <memory-copied type="eden" objects="27" bytes="1256" bytesdiscarded="320" />
  <memory-copied type="other" objects="0" bytes="0" bytesdiscarded="0" />
  <memory-cardclean objects="79" bytes="2520" />
  <regions eden="21" other="1" />
  <remembered-set-cleared processed="318" cleared="7" durationms="0.122" />
  <stringconstants candidates="13829" cleared="0"  />
</gc-op>
<gc-op id="3198" type="classunload" timems="0.003" contextid="3194" timestamp="2019-07-07T05:36:19.950">
  <classunload-info classloadercandidates="54" classloadersunloaded="0" classesunloaded="0" anonymousclassesunloaded="0" quiescems="0.000" setupms="0.003" scanms="0.000" postms="0.000" />
</gc-op>
<gc-end id="3199" type="partial gc" contextid="3194" durationms="3.285" usertimems="8.000" systemtimems="0.000" timestamp="2019-07-07T05:36:19.950" activeThreads="4">
  <mem-info id="3200" free="37748736" total="62914560" percent="60">
    <mem type="eden" free="1047000" total="1048576" percent="99" />
    <remembered-set count="1632" freebytes="2504832" totalbytes="2511360" percent="99" regionsoverflowed="0" regionsstable="17" regionsrebuilding="0"/>
  </mem-info>
</gc-end>
<cycle-end id="3201" type="partial gc" contextid="3194" timestamp="2019-07-07T05:36:19.950" />
  <attribute name="elasticGC enabled" value="1" />
  <attribute name= "numThreadsSpecified" value="4" />
  <attribute name="heapSize specified" value="0" />
  <attribute name="Current GC Util" value="159" />
  <attribute name= "Current Time Running" value="20642" />
  <attribute name ="GC Interval" value="0" />
  <attribute name="ProportionalT" value="69.500000" />
  <attribute name="ProportionalI" value="69.500000" />
  <attribute name="ProportionalH" value="69.500000" />
  <attribute name="Current Error" value="139.000000" />
  <attribute name="IntegralT" value="69.500000" />
  <attribute name="IntegralI" value="69.500000" />
  <attribute name="IntegralH" value="69.500000" />
  <attribute name="DerivativeT" value="116.000000" />
  <attribute name="DerivativeI" value="116.000000" />
  <attribute name="DerivativeH" value="116.000000" />
  <attribute name="Loop Time for DT" value="1.000000" />
  <attribute name="Output H" value="8388608"/>
  <attribute name="Output I" value="256"/>
  <attribute name="Output T" value="4"/>
  <attribute name="Target GC Util Change" value ="20.000000" />
  <attribute name="Current GC Util Change" value="159.000000"/>
  <attribute name="GC Util currently" value="159" />
  <attribute name="CPU Util currently" value="9904674915426" />
<exclusive-end id="3202" timestamp="2019-07-07T05:36:19.950" durationms="4.285" />

<exclusive-start id="3203" timestamp="2019-07-07T05:36:19.957" intervalms="11.482">
  <response-info timems="0.085" idlems="0.085" threads="0" lastid="000000000096B700" lastname="main" />
</exclusive-start>
<allocation-taxation id="3204" taxation-threshold="22020096" timestamp="2019-07-07T05:36:19.958" intervalms="11.495" />
<cycle-start id="3205" type="partial gc" contextid="0" timestamp="2019-07-07T05:36:19.958" intervalms="11.492" />
<gc-start id="3206" type="partial gc" contextid="3205" timestamp="2019-07-07T05:36:19.958">
  <mem-info id="3207" free="15728640" total="62914560" percent="25">
    <mem type="eden" free="0" total="22020096" percent="0" />
    <remembered-set count="1152" freebytes="2506752" totalbytes="2511360" percent="99" regionsoverflowed="0" regionsstable="17" regionsrebuilding="0"/>
  </mem-info>
</gc-start>
<allocation-stats totalBytes="22001144" >
  <allocated-bytes non-tlh="0" tlh="22001144" arrayletleaf="0"/>
  <largest-consumer threadName="main" threadId="000000000096B700" bytes="22001144" />
</allocation-stats>
<gc-op id="3208" type="copy forward" timems="1.014" contextid="3205" timestamp="2019-07-07T05:36:19.960">
  <memory-copied type="eden" objects="5" bytes="344" bytesdiscarded="0" />
  <memory-copied type="other" objects="22" bytes="944" bytesdiscarded="0" />
  <memory-cardclean objects="62" bytes="2232" />
  <regions eden="21" other="1" />
  <remembered-set-cleared processed="316" cleared="5" durationms="0.095" />
  <stringconstants candidates="13829" cleared="0"  />
</gc-op>
<gc-op id="3209" type="classunload" timems="0.004" contextid="3205" timestamp="2019-07-07T05:36:19.960">
  <classunload-info classloadercandidates="54" classloadersunloaded="0" classesunloaded="0" anonymousclassesunloaded="0" quiescems="0.000" setupms="0.003" scanms="0.000" postms="0.000" />
</gc-op>
<heap-resize id="3210" type="expand" space="default" amount="3145728" count="1" timems="0.051" reason="excessive time being spent in gc" timestamp="2019-07-07T05:36:19.960" />
<gc-end id="3211" type="partial gc" contextid="3205" durationms="2.426" usertimems="4.000" systemtimems="0.000" timestamp="2019-07-07T05:36:19.960" activeThreads="1">
  <mem-info id="3212" free="39845888" total="66060288" percent="60">
    <mem type="eden" free="1048232" total="1048576" percent="99" />
    <remembered-set count="1600" freebytes="2630528" totalbytes="2636928" percent="99" regionsoverflowed="0" regionsstable="17" regionsrebuilding="0"/>
  </mem-info>
</gc-end>
<cycle-end id="3213" type="partial gc" contextid="3205" timestamp="2019-07-07T05:36:19.961" />
  <attribute name="elasticGC enabled" value="1" />
  <attribute name= "numThreadsSpecified" value="1" />
  <attribute name="heapSize specified" value="0" />
  <attribute name="Current GC Util" value="172" />
  <attribute name= "Current Time Running" value="20653" />
  <attribute name ="GC Interval" value="0" />
  <attribute name="ProportionalT" value="76.000000" />
  <attribute name="ProportionalI" value="76.000000" />
  <attribute name="ProportionalH" value="76.000000" />
  <attribute name="Current Error" value="152.000000" />
  <attribute name="IntegralT" value="0.000000" />
  <attribute name="IntegralI" value="0.000000" />
  <attribute name="IntegralH" value="0.000000" />
  <attribute name="DerivativeT" value="inf" />
  <attribute name="DerivativeI" value="inf" />
  <attribute name="DerivativeH" value="inf" />
  <attribute name="Loop Time for DT" value="0.000000" />
  <attribute name="Output H" value="8388608"/>
  <attribute name="Output I" value="200"/>
  <attribute name="Output T" value="1"/>
  <attribute name="Target GC Util Change" value ="20.000000" />
  <attribute name="Current GC Util Change" value="172.000000"/>
  <attribute name="GC Util currently" value="172" />
  <attribute name="CPU Util currently" value="10827078868409" />
<exclusive-end id="3214" timestamp="2019-07-07T05:36:19.961" durationms="3.529" />

<exclusive-start id="3215" timestamp="2019-07-07T05:36:19.972" intervalms="14.143">
  <response-info timems="0.048" idlems="0.048" threads="0" lastid="000000000096B700" lastname="main" />
</exclusive-start>
<allocation-taxation id="3216" taxation-threshold="23068672" timestamp="2019-07-07T05:36:19.972" intervalms="14.103" />
<cycle-start id="3217" type="partial gc" contextid="0" timestamp="2019-07-07T05:36:19.972" intervalms="13.983" />
<gc-start id="3218" type="partial gc" contextid="3217" timestamp="2019-07-07T05:36:19.972">
  <mem-info id="3219" free="16777216" total="66060288" percent="25">
    <mem type="eden" free="1048232" total="24117248" percent="4" />
    <remembered-set count="1184" freebytes="2632192" totalbytes="2636928" percent="99" regionsoverflowed="0" regionsstable="17" regionsrebuilding="0"/>
  </mem-info>
</gc-start>
<allocation-stats totalBytes="23047528" >
  <allocated-bytes non-tlh="0" tlh="23047528" arrayletleaf="0"/>
  <largest-consumer threadName="main" threadId="000000000096B700" bytes="23047528" />
</allocation-stats>
<gc-op id="3220" type="copy forward" timems="1.030" contextid="3217" timestamp="2019-07-07T05:36:19.974">
  <memory-copied type="eden" objects="5" bytes="352" bytesdiscarded="0" />
  <memory-copied type="other" objects="0" bytes="0" bytesdiscarded="0" />
  <memory-cardclean objects="15" bytes="520" />
  <regions eden="22" other="1" />
  <remembered-set-cleared processed="321" cleared="0" durationms="0.100" />
  <stringconstants candidates="13829" cleared="0"  />
</gc-op>
<gc-op id="3221" type="classunload" timems="0.004" contextid="3217" timestamp="2019-07-07T05:36:19.974">
  <classunload-info classloadercandidates="54" classloadersunloaded="0" classesunloaded="0" anonymousclassesunloaded="0" quiescems="0.000" setupms="0.004" scanms="0.000" postms="0.000" />
</gc-op>
<gc-end id="3222" type="partial gc" contextid="3217" durationms="2.318" usertimems="0.000" systemtimems="4.000" timestamp="2019-07-07T05:36:19.974" activeThreads="1">
  <mem-info id="3223" free="39845888" total="66060288" percent="60">
    <mem type="eden" free="1048224" total="1048576" percent="99" />
    <remembered-set count="1664" freebytes="2630272" totalbytes="2636928" percent="99" regionsoverflowed="0" regionsstable="17" regionsrebuilding="0"/>
  </mem-info>
</gc-end>
<cycle-end id="3224" type="partial gc" contextid="3217" timestamp="2019-07-07T05:36:19.974" />
  <attribute name="elasticGC enabled" value="1" />
  <attribute name= "numThreadsSpecified" value="1" />
  <attribute name="heapSize specified" value="0" />
  <attribute name="Current GC Util" value="297" />
  <attribute name= "Current Time Running" value="20667" />
  <attribute name ="GC Interval" value="0" />
  <attribute name="ProportionalT" value="138.500000" />
  <attribute name="ProportionalI" value="138.500000" />
  <attribute name="ProportionalH" value="138.500000" />
  <attribute name="Current Error" value="277.000000" />
  <attribute name="IntegralT" value="0.000000" />
  <attribute name="IntegralI" value="0.000000" />
  <attribute name="IntegralH" value="0.000000" />
  <attribute name="DerivativeT" value="inf" />
  <attribute name="DerivativeI" value="inf" />
  <attribute name="DerivativeH" value="inf" />
  <attribute name="Loop Time for DT" value="0.000000" />
  <attribute name="Output H" value="8388608"/>
  <attribute name="Output I" value="200"/>
  <attribute name="Output T" value="1"/>
  <attribute name="Target GC Util Change" value ="20.000000" />
  <attribute name="Current GC Util Change" value="297.000000"/>
  <attribute name="GC Util currently" value="297" />
  <attribute name="CPU Util currently" value="9831593656217" />
<exclusive-end id="3225" timestamp="2019-07-07T05:36:19.975" durationms="3.159" />

<exclusive-start id="3226" timestamp="2019-07-07T05:36:19.986" intervalms="14.811">
  <response-info timems="0.061" idlems="0.061" threads="0" lastid="000000000096B700" lastname="main" />
</exclusive-start>
<allocation-taxation id="3227" taxation-threshold="23068672" timestamp="2019-07-07T05:36:19.987" intervalms="14.853" />
<cycle-start id="3228" type="partial gc" contextid="0" timestamp="2019-07-07T05:36:19.987" intervalms="14.978" />
<gc-start id="3229" type="partial gc" contextid="3228" timestamp="2019-07-07T05:36:19.987">
  <mem-info id="3230" free="16777216" total="66060288" percent="25">
    <mem type="eden" free="1048224" total="24117248" percent="4" />
    <remembered-set count="1184" freebytes="2632192" totalbytes="2636928" percent="99" regionsoverflowed="0" regionsstable="17" regionsrebuilding="0"/>
  </mem-info>
</gc-start>
<allocation-stats totalBytes="23047200" >
  <allocated-bytes non-tlh="0" tlh="23047200" arrayletleaf="0"/>
  <largest-consumer threadName="main" threadId="000000000096B700" bytes="23047200" />
</allocation-stats>
<gc-op id="3231" type="copy forward" timems="1.027" contextid="3228" timestamp="2019-07-07T05:36:19.989">
  <memory-copied type="eden" objects="5" bytes="352" bytesdiscarded="0" />
  <memory-copied type="other" objects="0" bytes="0" bytesdiscarded="0" />
  <memory-cardclean objects="15" bytes="520" />
  <regions eden="22" other="1" />
  <remembered-set-cleared processed="321" cleared="0" durationms="0.092" />
  <stringconstants candidates="13829" cleared="0"  />
</gc-op>
<gc-op id="3232" type="classunload" timems="0.004" contextid="3228" timestamp="2019-07-07T05:36:19.989">
  <classunload-info classloadercandidates="54" classloadersunloaded="0" classesunloaded="0" anonymousclassesunloaded="0" quiescems="0.000" setupms="0.004" scanms="0.000" postms="0.000" />
</gc-op>
<gc-end id="3233" type="partial gc" contextid="3228" durationms="2.283" usertimems="4.000" systemtimems="0.000" timestamp="2019-07-07T05:36:19.989" activeThreads="1">
  <mem-info id="3234" free="39845888" total="66060288" percent="60">
    <mem type="eden" free="1048224" total="1048576" percent="99" />
    <remembered-set count="1664" freebytes="2630272" totalbytes="2636928" percent="99" regionsoverflowed="0" regionsstable="17" regionsrebuilding="0"/>
  </mem-info>
</gc-end>
<cycle-end id="3235" type="partial gc" contextid="3228" timestamp="2019-07-07T05:36:19.989" />
  <attribute name="elasticGC enabled" value="1" />
  <attribute name= "numThreadsSpecified" value="1" />
  <attribute name="heapSize specified" value="0" />
  <attribute name="Current GC Util" value="338" />
  <attribute name= "Current Time Running" value="20682" />
  <attribute name ="GC Interval" value="0" />
  <attribute name="ProportionalT" value="159.000000" />
  <attribute name="ProportionalI" value="159.000000" />
  <attribute name="ProportionalH" value="159.000000" />
  <attribute name="Current Error" value="318.000000" />
  <attribute name="IntegralT" value="0.000000" />
  <attribute name="IntegralI" value="0.000000" />
  <attribute name="IntegralH" value="0.000000" />
  <attribute name="DerivativeT" value="inf" />
  <attribute name="DerivativeI" value="inf" />
  <attribute name="DerivativeH" value="inf" />
  <attribute name="Loop Time for DT" value="0.000000" />
  <attribute name="Output H" value="8388608"/>
  <attribute name="Output I" value="200"/>
  <attribute name="Output T" value="1"/>
  <attribute name="Target GC Util Change" value ="20.000000" />
  <attribute name="Current GC Util Change" value="338.000000"/>
  <attribute name="GC Util currently" value="338" />
  <attribute name="CPU Util currently" value="11003022871380" />
<exclusive-end id="3236" timestamp="2019-07-07T05:36:19.990" durationms="3.331" />

<exclusive-start id="3237" timestamp="2019-07-07T05:36:20.010" intervalms="23.599">
  <response-info timems="0.102" idlems="0.102" threads="0" lastid="000000000096B700" lastname="main" />
</exclusive-start>
<allocation-taxation id="3238" taxation-threshold="23068672" timestamp="2019-07-07T05:36:20.010" intervalms="23.572" />
<cycle-start id="3239" type="partial gc" contextid="0" timestamp="2019-07-07T05:36:20.010" intervalms="23.553" />
<gc-start id="3240" type="partial gc" contextid="3239" timestamp="2019-07-07T05:36:20.010">
  <mem-info id="3241" free="16777216" total="66060288" percent="25">
    <mem type="eden" free="1048224" total="24117248" percent="4" />
    <remembered-set count="1184" freebytes="2632192" totalbytes="2636928" percent="99" regionsoverflowed="0" regionsstable="17" regionsrebuilding="0"/>
  </mem-info>
</gc-start>
<allocation-stats totalBytes="23060152" >
  <allocated-bytes non-tlh="0" tlh="23060152" arrayletleaf="0"/>
  <largest-consumer threadName="main" threadId="000000000096B700" bytes="23060152" />
</allocation-stats>
<gc-op id="3242" type="copy forward" timems="3.694" contextid="3239" timestamp="2019-07-07T05:36:20.015">
  <memory-copied type="eden" objects="53" bytes="2472" bytesdiscarded="240" />
  <memory-copied type="other" objects="0" bytes="0" bytesdiscarded="0" />
  <memory-cardclean objects="75" bytes="2512" />
  <regions eden="22" other="1" />
  <remembered-set-cleared processed="321" cleared="9" durationms="0.084" />
  <stringconstants candidates="13829" cleared="0"  />
</gc-op>
<gc-op id="3243" type="classunload" timems="0.004" contextid="3239" timestamp="2019-07-07T05:36:20.015">
  <classunload-info classloadercandidates="54" classloadersunloaded="0" classesunloaded="0" anonymousclassesunloaded="0" quiescems="0.000" setupms="0.003" scanms="0.000" postms="0.000" />
</gc-op>
<gc-end id="3244" type="partial gc" contextid="3239" durationms="4.917" usertimems="8.000" systemtimems="0.000" timestamp="2019-07-07T05:36:20.015" activeThreads="4">
  <mem-info id="3245" free="39845888" total="66060288" percent="60">
    <mem type="eden" free="1045864" total="1048576" percent="99" />
    <remembered-set count="1632" freebytes="2630400" totalbytes="2636928" percent="99" regionsoverflowed="0" regionsstable="17" regionsrebuilding="0"/>
  </mem-info>
</gc-end>
<cycle-end id="3246" type="partial gc" contextid="3239" timestamp="2019-07-07T05:36:20.016" />
  <attribute name="elasticGC enabled" value="1" />
  <attribute name= "numThreadsSpecified" value="4" />
  <attribute name="heapSize specified" value="0" />
  <attribute name="Current GC Util" value="313" />
  <attribute name= "Current Time Running" value="20706" />
  <attribute name ="GC Interval" value="0" />
  <attribute name="ProportionalT" value="146.500000" />
  <attribute name="ProportionalI" value="146.500000" />
  <attribute name="ProportionalH" value="146.500000" />
  <attribute name="Current Error" value="293.000000" />
  <attribute name="IntegralT" value="146.500000" />
  <attribute name="IntegralI" value="146.500000" />
  <attribute name="IntegralH" value="146.500000" />
  <attribute name="DerivativeT" value="293.000000" />
  <attribute name="DerivativeI" value="293.000000" />
  <attribute name="DerivativeH" value="293.000000" />
  <attribute name="Loop Time for DT" value="1.000000" />
  <attribute name="Output H" value="8388608"/>
  <attribute name="Output I" value="592"/>
  <attribute name="Output T" value="4"/>
  <attribute name="Target GC Util Change" value ="20.000000" />
  <attribute name="Current GC Util Change" value="313.000000"/>
  <attribute name="GC Util currently" value="313" />
  <attribute name="CPU Util currently" value="10313094794313" />
<exclusive-end id="3247" timestamp="2019-07-07T05:36:20.016" durationms="5.872" />

<exclusive-start id="3248" timestamp="2019-07-07T05:36:20.040" intervalms="30.047">
  <response-info timems="0.082" idlems="0.082" threads="0" lastid="000000000096B700" lastname="main" />
</exclusive-start>
<allocation-taxation id="3249" taxation-threshold="23068672" timestamp="2019-07-07T05:36:20.040" intervalms="30.106" />
<cycle-start id="3250" type="partial gc" contextid="0" timestamp="2019-07-07T05:36:20.040" intervalms="30.154" />
<gc-start id="3251" type="partial gc" contextid="3250" timestamp="2019-07-07T05:36:20.041">
  <mem-info id="3252" free="16777216" total="66060288" percent="25">
    <mem type="eden" free="0" total="23068672" percent="0" />
    <remembered-set count="1152" freebytes="2632320" totalbytes="2636928" percent="99" regionsoverflowed="0" regionsstable="17" regionsrebuilding="0"/>
  </mem-info>
</gc-start>
<allocation-stats totalBytes="23063856" >
  <allocated-bytes non-tlh="0" tlh="23063856" arrayletleaf="0"/>
  <largest-consumer threadName="main" threadId="000000000096B700" bytes="23063856" />
</allocation-stats>
<gc-op id="3253" type="copy forward" timems="0.992" contextid="3250" timestamp="2019-07-07T05:36:20.043">
  <memory-copied type="eden" objects="28" bytes="1328" bytesdiscarded="0" />
  <memory-copied type="other" objects="22" bytes="968" bytesdiscarded="0" />
  <memory-cardclean objects="57" bytes="2168" />
  <regions eden="22" other="1" />
  <remembered-set-cleared processed="319" cleared="7" durationms="0.099" />
  <stringconstants candidates="13829" cleared="0"  />
</gc-op>
<gc-op id="3254" type="classunload" timems="0.003" contextid="3250" timestamp="2019-07-07T05:36:20.043">
  <classunload-info classloadercandidates="54" classloadersunloaded="0" classesunloaded="0" anonymousclassesunloaded="0" quiescems="0.000" setupms="0.003" scanms="0.000" postms="0.000" />
</gc-op>
<heap-resize id="3255" type="expand" space="default" amount="2097152" count="1" timems="0.054" reason="excessive time being spent in gc" timestamp="2019-07-07T05:36:20.043" />
<gc-end id="3256" type="partial gc" contextid="3250" durationms="2.280" usertimems="0.000" systemtimems="0.000" timestamp="2019-07-07T05:36:20.043" activeThreads="1">
  <mem-info id="3257" free="40894464" total="68157440" percent="60">
    <mem type="eden" free="1047248" total="1048576" percent="99" />
    <remembered-set count="1440" freebytes="2714880" totalbytes="2720640" percent="99" regionsoverflowed="0" regionsstable="17" regionsrebuilding="0"/>
  </mem-info>
</gc-end>
<cycle-end id="3258" type="partial gc" contextid="3250" timestamp="2019-07-07T05:36:20.043" />
  <attribute name="elasticGC enabled" value="1" />
  <attribute name= "numThreadsSpecified" value="1" />
  <attribute name="heapSize specified" value="0" />
  <attribute name="Current GC Util" value="169" />
  <attribute name= "Current Time Running" value="20736" />
  <attribute name ="GC Interval" value="0" />
  <attribute name="ProportionalT" value="74.500000" />
  <attribute name="ProportionalI" value="74.500000" />
  <attribute name="ProportionalH" value="74.500000" />
  <attribute name="Current Error" value="149.000000" />
  <attribute name="IntegralT" value="0.000000" />
  <attribute name="IntegralI" value="0.000000" />
  <attribute name="IntegralH" value="0.000000" />
  <attribute name="DerivativeT" value="inf" />
  <attribute name="DerivativeI" value="inf" />
  <attribute name="DerivativeH" value="inf" />
  <attribute name="Loop Time for DT" value="0.000000" />
  <attribute name="Output H" value="8388608"/>
  <attribute name="Output I" value="200"/>
  <attribute name="Output T" value="1"/>
  <attribute name="Target GC Util Change" value ="20.000000" />
  <attribute name="Current GC Util Change" value="169.000000"/>
  <attribute name="GC Util currently" value="169" />
  <attribute name="CPU Util currently" value="10296470054584" />
<exclusive-end id="3259" timestamp="2019-07-07T05:36:20.043" durationms="3.413" />

<exclusive-start id="3260" timestamp="2019-07-07T05:36:20.069" intervalms="28.525">
  <response-info timems="0.068" idlems="0.068" threads="0" lastid="000000000096B700" lastname="main" />
</exclusive-start>
<allocation-taxation id="3261" taxation-threshold="24117248" timestamp="2019-07-07T05:36:20.069" intervalms="28.481" />
<cycle-start id="3262" type="partial gc" contextid="0" timestamp="2019-07-07T05:36:20.069" intervalms="28.456" />
<gc-start id="3263" type="partial gc" contextid="3262" timestamp="2019-07-07T05:36:20.069">
  <mem-info id="3264" free="16777216" total="68157440" percent="24">
    <mem type="eden" free="1047248" total="25165824" percent="4" />
    <remembered-set count="1024" freebytes="2716544" totalbytes="2720640" percent="99" regionsoverflowed="0" regionsstable="17" regionsrebuilding="0"/>
  </mem-info>
</gc-start>
<allocation-stats totalBytes="24112224" >
  <allocated-bytes non-tlh="0" tlh="24112224" arrayletleaf="0"/>
  <largest-consumer threadName="main" threadId="000000000096B700" bytes="24112224" />
</allocation-stats>
<gc-op id="3265" type="copy forward" timems="1.062" contextid="3262" timestamp="2019-07-07T05:36:20.071">
  <memory-copied type="eden" objects="22" bytes="1000" bytesdiscarded="0" />
  <memory-copied type="other" objects="0" bytes="0" bytesdiscarded="0" />
  <memory-cardclean objects="14" bytes="512" />
  <regions eden="23" other="1" />
  <remembered-set-cleared processed="324" cleared="0" durationms="0.134" />
  <stringconstants candidates="13829" cleared="0"  />
</gc-op>
<gc-op id="3266" type="classunload" timems="0.003" contextid="3262" timestamp="2019-07-07T05:36:20.071">
  <classunload-info classloadercandidates="54" classloadersunloaded="0" classesunloaded="0" anonymousclassesunloaded="0" quiescems="0.000" setupms="0.003" scanms="0.000" postms="0.000" />
</gc-op>
<gc-end id="3267" type="partial gc" contextid="3262" durationms="2.255" usertimems="0.000" systemtimems="0.000" timestamp="2019-07-07T05:36:20.071" activeThreads="1">
  <mem-info id="3268" free="40894464" total="68157440" percent="60">
    <mem type="eden" free="1047576" total="1048576" percent="99" />
    <remembered-set count="1504" freebytes="2714624" totalbytes="2720640" percent="99" regionsoverflowed="0" regionsstable="17" regionsrebuilding="0"/>
  </mem-info>
</gc-end>
<cycle-end id="3269" type="partial gc" contextid="3262" timestamp="2019-07-07T05:36:20.072" />
  <attribute name="elasticGC enabled" value="1" />
  <attribute name= "numThreadsSpecified" value="1" />
  <attribute name="heapSize specified" value="0" />
  <attribute name="Current GC Util" value="318" />
  <attribute name= "Current Time Running" value="20764" />
  <attribute name ="GC Interval" value="0" />
  <attribute name="ProportionalT" value="149.000000" />
  <attribute name="ProportionalI" value="149.000000" />
  <attribute name="ProportionalH" value="149.000000" />
  <attribute name="Current Error" value="298.000000" />
  <attribute name="IntegralT" value="0.000000" />
  <attribute name="IntegralI" value="0.000000" />
  <attribute name="IntegralH" value="0.000000" />
  <attribute name="DerivativeT" value="inf" />
  <attribute name="DerivativeI" value="inf" />
  <attribute name="DerivativeH" value="inf" />
  <attribute name="Loop Time for DT" value="0.000000" />
  <attribute name="Output H" value="8388608"/>
  <attribute name="Output I" value="200"/>
  <attribute name="Output T" value="1"/>
  <attribute name="Target GC Util Change" value ="20.000000" />
  <attribute name="Current GC Util Change" value="318.000000"/>
  <attribute name="GC Util currently" value="318" />
  <attribute name="CPU Util currently" value="10391805806631" />
<exclusive-end id="3270" timestamp="2019-07-07T05:36:20.072" durationms="3.236" />

<exclusive-start id="3271" timestamp="2019-07-07T05:36:20.251" intervalms="182.837">
  <response-info timems="0.064" idlems="0.064" threads="0" lastid="000000000096B700" lastname="main" />
</exclusive-start>
<allocation-taxation id="3272" taxation-threshold="24117248" timestamp="2019-07-07T05:36:20.252" intervalms="182.941" />
<cycle-start id="3273" type="partial gc" contextid="0" timestamp="2019-07-07T05:36:20.252" intervalms="182.907" />
<gc-start id="3274" type="partial gc" contextid="3273" timestamp="2019-07-07T05:36:20.252">
  <mem-info id="3275" free="16777216" total="68157440" percent="24">
    <mem type="eden" free="1047576" total="25165824" percent="4" />
    <remembered-set count="1024" freebytes="2716544" totalbytes="2720640" percent="99" regionsoverflowed="0" regionsstable="17" regionsrebuilding="0"/>
  </mem-info>
</gc-start>
<allocation-stats totalBytes="23925048" >
  <allocated-bytes non-tlh="0" tlh="23925048" arrayletleaf="0"/>
  <largest-consumer threadName="main" threadId="000000000096B700" bytes="23925048" />
</allocation-stats>
<gc-op id="3276" type="copy forward" timems="3.797" contextid="3273" timestamp="2019-07-07T05:36:20.257">
  <memory-copied type="eden" objects="97" bytes="14352" bytesdiscarded="1656" />
  <memory-copied type="other" objects="0" bytes="0" bytesdiscarded="0" />
  <memory-cardclean objects="123" bytes="3552" />
  <regions eden="23" other="1" />
  <remembered-set-cleared processed="324" cleared="8" durationms="0.088" />
  <stringconstants candidates="13829" cleared="0"  />
</gc-op>
<gc-op id="3277" type="classunload" timems="0.003" contextid="3273" timestamp="2019-07-07T05:36:20.257">
  <classunload-info classloadercandidates="54" classloadersunloaded="0" classesunloaded="0" anonymousclassesunloaded="0" quiescems="0.000" setupms="0.003" scanms="0.000" postms="0.000" />
</gc-op>
<gc-end id="3278" type="partial gc" contextid="3273" durationms="5.183" usertimems="8.000" systemtimems="0.000" timestamp="2019-07-07T05:36:20.257" activeThreads="4">
  <mem-info id="3279" free="40894464" total="68157440" percent="60">
    <mem type="eden" free="1032568" total="1048576" percent="98" />
    <remembered-set count="2176" freebytes="2711936" totalbytes="2720640" percent="99" regionsoverflowed="0" regionsstable="17" regionsrebuilding="0"/>
  </mem-info>
</gc-end>
<cycle-end id="3280" type="partial gc" contextid="3273" timestamp="2019-07-07T05:36:20.258" />
  <attribute name="elasticGC enabled" value="1" />
  <attribute name= "numThreadsSpecified" value="4" />
  <attribute name="heapSize specified" value="0" />
  <attribute name="Current GC Util" value="292" />
  <attribute name= "Current Time Running" value="20948" />
  <attribute name ="GC Interval" value="0" />
  <attribute name="ProportionalT" value="136.000000" />
  <attribute name="ProportionalI" value="136.000000" />
  <attribute name="ProportionalH" value="136.000000" />
  <attribute name="Current Error" value="272.000000" />
  <attribute name="IntegralT" value="136.000000" />
  <attribute name="IntegralI" value="136.000000" />
  <attribute name="IntegralH" value="136.000000" />
  <attribute name="DerivativeT" value="272.000000" />
  <attribute name="DerivativeI" value="272.000000" />
  <attribute name="DerivativeH" value="272.000000" />
  <attribute name="Loop Time for DT" value="1.000000" />
  <attribute name="Output H" value="8388608"/>
  <attribute name="Output I" value="544"/>
  <attribute name="Output T" value="4"/>
  <attribute name="Target GC Util Change" value ="20.000000" />
  <attribute name="Current GC Util Change" value="292.000000"/>
  <attribute name="GC Util currently" value="292" />
  <attribute name="CPU Util currently" value="9451222005300" />
<exclusive-end id="3281" timestamp="2019-07-07T05:36:20.258" durationms="6.585" />

<exclusive-start id="3282" timestamp="2019-07-07T05:36:20.262" intervalms="10.816">
  <response-info timems="0.093" idlems="0.093" threads="0" lastid="000000000096B700" lastname="main" />
</exclusive-start>
<allocation-taxation id="3283" taxation-threshold="24117248" timestamp="2019-07-07T05:36:20.262" intervalms="10.810" />
<cycle-start id="3284" type="partial gc" contextid="0" timestamp="2019-07-07T05:36:20.263" intervalms="10.855" />
<gc-start id="3285" type="partial gc" contextid="3284" timestamp="2019-07-07T05:36:20.263">
  <mem-info id="3286" free="16777216" total="68157440" percent="24">
    <mem type="eden" free="0" total="24117248" percent="0" />
    <remembered-set count="1696" freebytes="2713856" totalbytes="2720640" percent="99" regionsoverflowed="0" regionsstable="17" regionsrebuilding="0"/>
  </mem-info>
</gc-start>
<allocation-stats totalBytes="22696664" >
  <allocated-bytes non-tlh="0" tlh="22696664" arrayletleaf="0"/>
  <largest-consumer threadName="main" threadId="000000000096B700" bytes="22696664" />
</allocation-stats>
<gc-op id="3287" type="copy forward" timems="1.179" contextid="3284" timestamp="2019-07-07T05:36:20.265">
  <memory-copied type="eden" objects="11" bytes="33800" bytesdiscarded="0" />
  <memory-copied type="other" objects="86" bytes="3408" bytesdiscarded="0" />
  <memory-cardclean objects="91" bytes="2968" />
  <regions eden="23" other="1" />
  <remembered-set-cleared processed="322" cleared="6" durationms="0.095" />
  <stringconstants candidates="13829" cleared="0"  />
</gc-op>
<gc-op id="3288" type="classunload" timems="0.004" contextid="3284" timestamp="2019-07-07T05:36:20.265">
  <classunload-info classloadercandidates="54" classloadersunloaded="0" classesunloaded="0" anonymousclassesunloaded="0" quiescems="0.000" setupms="0.003" scanms="0.000" postms="0.000" />
</gc-op>
<gc-end id="3289" type="partial gc" contextid="3284" durationms="2.503" usertimems="4.000" systemtimems="0.000" timestamp="2019-07-07T05:36:20.266" activeThreads="1">
  <mem-info id="3290" free="39845888" total="68157440" percent="58">
    <mem type="eden" free="1014776" total="1048576" percent="96" />
    <remembered-set count="1920" freebytes="2712960" totalbytes="2720640" percent="99" regionsoverflowed="0" regionsstable="17" regionsrebuilding="0"/>
  </mem-info>
</gc-end>
<cycle-end id="3291" type="partial gc" contextid="3284" timestamp="2019-07-07T05:36:20.266" />
  <attribute name="elasticGC enabled" value="1" />
  <attribute name= "numThreadsSpecified" value="1" />
  <attribute name="heapSize specified" value="0" />
  <attribute name="Current GC Util" value="155" />
  <attribute name= "Current Time Running" value="20958" />
  <attribute name ="GC Interval" value="0" />
  <attribute name="ProportionalT" value="67.500000" />
  <attribute name="ProportionalI" value="67.500000" />
  <attribute name="ProportionalH" value="67.500000" />
  <attribute name="Current Error" value="135.000000" />
  <attribute name="IntegralT" value="0.000000" />
  <attribute name="IntegralI" value="0.000000" />
  <attribute name="IntegralH" value="0.000000" />
  <attribute name="DerivativeT" value="inf" />
  <attribute name="DerivativeI" value="inf" />
  <attribute name="DerivativeH" value="inf" />
  <attribute name="Loop Time for DT" value="0.000000" />
  <attribute name="Output H" value="8388608"/>
  <attribute name="Output I" value="200"/>
  <attribute name="Output T" value="1"/>
  <attribute name="Target GC Util Change" value ="20.000000" />
  <attribute name="Current GC Util Change" value="155.000000"/>
  <attribute name="GC Util currently" value="155" />
  <attribute name="CPU Util currently" value="9406593574346" />
<exclusive-end id="3292" timestamp="2019-07-07T05:36:20.266" durationms="3.858" />

<exclusive-start id="3293" timestamp="2019-07-07T05:36:20.270" intervalms="8.064">
  <response-info timems="0.085" idlems="0.085" threads="0" lastid="000000000096B700" lastname="main" />
</exclusive-start>
<allocation-taxation id="3294" taxation-threshold="24117248" timestamp="2019-07-07T05:36:20.270" intervalms="8.070" />
<cycle-start id="3295" type="partial gc" contextid="0" timestamp="2019-07-07T05:36:20.271" intervalms="8.060" />
<gc-start id="3296" type="partial gc" contextid="3295" timestamp="2019-07-07T05:36:20.271">
  <mem-info id="3297" free="15728640" total="68157440" percent="23">
    <mem type="eden" free="1014776" total="25165824" percent="4" />
    <remembered-set count="1504" freebytes="2714624" totalbytes="2720640" percent="99" regionsoverflowed="0" regionsstable="17" regionsrebuilding="0"/>
  </mem-info>
</gc-start>
<allocation-stats totalBytes="22565056" >
  <allocated-bytes non-tlh="0" tlh="22565056" arrayletleaf="0"/>
  <largest-consumer threadName="main" threadId="000000000096B700" bytes="22565056" />
</allocation-stats>
<gc-op id="3298" type="copy forward" timems="4.500" contextid="3295" timestamp="2019-07-07T05:36:20.277">
  <memory-copied type="eden" objects="11" bytes="37720" bytesdiscarded="1928" />
  <memory-copied type="other" objects="0" bytes="0" bytesdiscarded="0" />
  <memory-cardclean objects="15" bytes="616" />
  <regions eden="23" other="1" />
  <remembered-set-cleared processed="330" cleared="1" durationms="0.154" />
  <stringconstants candidates="13829" cleared="0"  />
</gc-op>
<gc-op id="3299" type="classunload" timems="0.003" contextid="3295" timestamp="2019-07-07T05:36:20.277">
  <classunload-info classloadercandidates="54" classloadersunloaded="0" classesunloaded="0" anonymousclassesunloaded="0" quiescems="0.000" setupms="0.003" scanms="0.000" postms="0.000" />
</gc-op>
<gc-end id="3300" type="partial gc" contextid="3295" durationms="5.838" usertimems="8.000" systemtimems="4.000" timestamp="2019-07-07T05:36:20.277" activeThreads="4">
  <mem-info id="3301" free="39845888" total="68157440" percent="58">
    <mem type="eden" free="1008928" total="1048576" percent="96" />
    <remembered-set count="1728" freebytes="2713728" totalbytes="2720640" percent="99" regionsoverflowed="0" regionsstable="17" regionsrebuilding="0"/>
  </mem-info>
</gc-end>
<cycle-end id="3302" type="partial gc" contextid="3295" timestamp="2019-07-07T05:36:20.277" />
  <attribute name="elasticGC enabled" value="1" />
  <attribute name= "numThreadsSpecified" value="4" />
  <attribute name="heapSize specified" value="0" />
  <attribute name="Current GC Util" value="283" />
  <attribute name= "Current Time Running" value="20967" />
  <attribute name ="GC Interval" value="0" />
  <attribute name="ProportionalT" value="131.500000" />
  <attribute name="ProportionalI" value="131.500000" />
  <attribute name="ProportionalH" value="131.500000" />
  <attribute name="Current Error" value="263.000000" />
  <attribute name="IntegralT" value="131.500000" />
  <attribute name="IntegralI" value="131.500000" />
  <attribute name="IntegralH" value="131.500000" />
  <attribute name="DerivativeT" value="258.000000" />
  <attribute name="DerivativeI" value="258.000000" />
  <attribute name="DerivativeH" value="258.000000" />
  <attribute name="Loop Time for DT" value="1.000000" />
  <attribute name="Output H" value="8388608"/>
  <attribute name="Output I" value="528"/>
  <attribute name="Output T" value="4"/>
  <attribute name="Target GC Util Change" value ="20.000000" />
  <attribute name="Current GC Util Change" value="283.000000"/>
  <attribute name="GC Util currently" value="283" />
  <attribute name="CPU Util currently" value="8656070402495" />
<exclusive-end id="3303" timestamp="2019-07-07T05:36:20.277" durationms="7.194" />

<exclusive-start id="3304" timestamp="2019-07-07T05:36:20.312" intervalms="42.228">
  <response-info timems="0.081" idlems="0.081" threads="0" lastid="000000000096B700" lastname="main" />
</exclusive-start>
<allocation-taxation id="3305" taxation-threshold="24117248" timestamp="2019-07-07T05:36:20.313" intervalms="42.230" />
<cycle-start id="3306" type="partial gc" contextid="0" timestamp="2019-07-07T05:36:20.313" intervalms="42.239" />
<gc-start id="3307" type="partial gc" contextid="3306" timestamp="2019-07-07T05:36:20.313">
  <mem-info id="3308" free="15728640" total="68157440" percent="23">
    <mem type="eden" free="1008928" total="25165824" percent="4" />
    <remembered-set count="1248" freebytes="2715648" totalbytes="2720640" percent="99" regionsoverflowed="0" regionsstable="17" regionsrebuilding="0"/>
  </mem-info>
</gc-start>
<allocation-stats totalBytes="24115240" >
  <allocated-bytes non-tlh="0" tlh="24115240" arrayletleaf="0"/>
  <largest-consumer threadName="main" threadId="000000000096B700" bytes="24115240" />
</allocation-stats>
<gc-op id="3309" type="copy forward" timems="4.145" contextid="3306" timestamp="2019-07-07T05:36:20.319">
  <memory-copied type="eden" objects="139" bytes="47312" bytesdiscarded="1584" />
  <memory-copied type="other" objects="0" bytes="0" bytesdiscarded="0" />
  <memory-cardclean objects="79" bytes="2640" />
  <regions eden="23" other="1" />
  <remembered-set-cleared processed="330" cleared="5" durationms="0.109" />
  <stringconstants candidates="13829" cleared="0"  />
</gc-op>
<gc-op id="3310" type="classunload" timems="0.003" contextid="3306" timestamp="2019-07-07T05:36:20.319">
  <classunload-info classloadercandidates="54" classloadersunloaded="0" classesunloaded="0" anonymousclassesunloaded="0" quiescems="0.000" setupms="0.003" scanms="0.000" postms="0.000" />
</gc-op>
<heap-resize id="3311" type="expand" space="default" amount="3145728" count="1" timems="0.056" reason="excessive time being spent in gc" timestamp="2019-07-07T05:36:20.319" />
<gc-end id="3312" type="partial gc" contextid="3306" durationms="5.713" usertimems="4.000" systemtimems="4.000" timestamp="2019-07-07T05:36:20.319" activeThreads="4">
  <mem-info id="3313" free="42991616" total="71303168" percent="60">
    <mem type="eden" free="999680" total="1048576" percent="95" />
    <remembered-set count="1728" freebytes="2839296" totalbytes="2846208" percent="99" regionsoverflowed="0" regionsstable="17" regionsrebuilding="0"/>
  </mem-info>
</gc-end>
<cycle-end id="3314" type="partial gc" contextid="3306" timestamp="2019-07-07T05:36:20.319" />
  <attribute name="elasticGC enabled" value="1" />
  <attribute name= "numThreadsSpecified" value="4" />
  <attribute name="heapSize specified" value="0" />
  <attribute name="Current GC Util" value="156" />
  <attribute name= "Current Time Running" value="21009" />
  <attribute name ="GC Interval" value="0" />
  <attribute name="ProportionalT" value="68.000000" />
  <attribute name="ProportionalI" value="68.000000" />
  <attribute name="ProportionalH" value="68.000000" />
  <attribute name="Current Error" value="136.000000" />
  <attribute name="IntegralT" value="68.000000" />
  <attribute name="IntegralI" value="68.000000" />
  <attribute name="IntegralH" value="68.000000" />
  <attribute name="DerivativeT" value="131.000000" />
  <attribute name="DerivativeI" value="131.000000" />
  <attribute name="DerivativeH" value="131.000000" />
  <attribute name="Loop Time for DT" value="1.000000" />
  <attribute name="Output H" value="8388608"/>
  <attribute name="Output I" value="272"/>
  <attribute name="Output T" value="4"/>
  <attribute name="Target GC Util Change" value ="20.000000" />
  <attribute name="Current GC Util Change" value="156.000000"/>
  <attribute name="GC Util currently" value="156" />
  <attribute name="CPU Util currently" value="9472848892386" />
<exclusive-end id="3315" timestamp="2019-07-07T05:36:20.320" durationms="7.092" />

<exclusive-start id="3316" timestamp="2019-07-07T05:36:20.425" intervalms="112.574">
  <response-info timems="0.082" idlems="0.082" threads="0" lastid="000000000096B700" lastname="main" />
</exclusive-start>
<allocation-taxation id="3317" taxation-threshold="24117248" timestamp="2019-07-07T05:36:20.425" intervalms="112.509" />
<cycle-start id="3318" type="partial gc" contextid="0" timestamp="2019-07-07T05:36:20.425" intervalms="112.531" />
<gc-start id="3319" type="partial gc" contextid="3318" timestamp="2019-07-07T05:36:20.426">
  <mem-info id="3320" free="18874368" total="71303168" percent="26">
    <mem type="eden" free="0" total="24117248" percent="0" />
    <remembered-set count="1248" freebytes="2841216" totalbytes="2846208" percent="99" regionsoverflowed="0" regionsstable="17" regionsrebuilding="0"/>
  </mem-info>
</gc-start>
<allocation-stats totalBytes="24114744" >
  <allocated-bytes non-tlh="0" tlh="24114744" arrayletleaf="0"/>
  <largest-consumer threadName="main" threadId="000000000096B700" bytes="24114744" />
</allocation-stats>
<gc-op id="3321" type="copy forward" timems="1.111" contextid="3318" timestamp="2019-07-07T05:36:20.428">
  <memory-copied type="eden" objects="35" bytes="1048" bytesdiscarded="0" />
  <memory-copied type="other" objects="14" bytes="40120" bytesdiscarded="0" />
  <memory-cardclean objects="117" bytes="3824" />
  <regions eden="23" other="1" />
  <remembered-set-cleared processed="327" cleared="5" durationms="0.093" />
  <stringconstants candidates="13829" cleared="0"  />
</gc-op>
<gc-op id="3322" type="classunload" timems="0.003" contextid="3318" timestamp="2019-07-07T05:36:20.428">
  <classunload-info classloadercandidates="54" classloadersunloaded="0" classesunloaded="0" anonymousclassesunloaded="0" quiescems="0.000" setupms="0.003" scanms="0.000" postms="0.000" />
</gc-op>
<gc-end id="3323" type="partial gc" contextid="3318" durationms="2.537" usertimems="0.000" systemtimems="0.000" timestamp="2019-07-07T05:36:20.428" activeThreads="1">
  <mem-info id="3324" free="41943040" total="71303168" percent="58">
    <mem type="eden" free="1047528" total="1048576" percent="99" />
    <remembered-set count="1632" freebytes="2839680" totalbytes="2846208" percent="99" regionsoverflowed="0" regionsstable="17" regionsrebuilding="0"/>
  </mem-info>
</gc-end>
<cycle-end id="3325" type="partial gc" contextid="3318" timestamp="2019-07-07T05:36:20.428" />
  <attribute name="elasticGC enabled" value="1" />
  <attribute name= "numThreadsSpecified" value="1" />
  <attribute name="heapSize specified" value="0" />
  <attribute name="Current GC Util" value="160" />
  <attribute name= "Current Time Running" value="21121" />
  <attribute name ="GC Interval" value="0" />
  <attribute name="ProportionalT" value="70.000000" />
  <attribute name="ProportionalI" value="70.000000" />
  <attribute name="ProportionalH" value="70.000000" />
  <attribute name="Current Error" value="140.000000" />
  <attribute name="IntegralT" value="0.000000" />
  <attribute name="IntegralI" value="0.000000" />
  <attribute name="IntegralH" value="0.000000" />
  <attribute name="DerivativeT" value="inf" />
  <attribute name="DerivativeI" value="inf" />
  <attribute name="DerivativeH" value="inf" />
  <attribute name="Loop Time for DT" value="0.000000" />
  <attribute name="Output H" value="8388608"/>
  <attribute name="Output I" value="200"/>
  <attribute name="Output T" value="1"/>
  <attribute name="Target GC Util Change" value ="20.000000" />
  <attribute name="Current GC Util Change" value="160.000000"/>
  <attribute name="GC Util currently" value="160" />
  <attribute name="CPU Util currently" value="9629546202761" />
<exclusive-end id="3326" timestamp="2019-07-07T05:36:20.429" durationms="3.760" />

<exclusive-start id="3327" timestamp="2019-07-07T05:36:20.445" intervalms="20.149">
  <response-info timems="0.077" idlems="0.077" threads="0" lastid="000000000096B700" lastname="main" />
</exclusive-start>
<allocation-taxation id="3328" taxation-threshold="24117248" timestamp="2019-07-07T05:36:20.445" intervalms="20.181" />
<cycle-start id="3329" type="partial gc" contextid="0" timestamp="2019-07-07T05:36:20.446" intervalms="20.164" />
<gc-start id="3330" type="partial gc" contextid="3329" timestamp="2019-07-07T05:36:20.446">
  <mem-info id="3331" free="17825792" total="71303168" percent="25">
    <mem type="eden" free="0" total="24117248" percent="0" />
    <remembered-set count="1184" freebytes="2841472" totalbytes="2846208" percent="99" regionsoverflowed="0" regionsstable="17" regionsrebuilding="0"/>
  </mem-info>
</gc-start>
<allocation-stats totalBytes="24114208" >
  <allocated-bytes non-tlh="0" tlh="24114208" arrayletleaf="0"/>
  <largest-consumer threadName="main" threadId="000000000096B700" bytes="24114208" />
</allocation-stats>
<gc-op id="3332" type="copy forward" timems="1.004" contextid="3329" timestamp="2019-07-07T05:36:20.448">
  <memory-copied type="eden" objects="1" bytes="24" bytesdiscarded="0" />
  <memory-copied type="other" objects="34" bytes="1024" bytesdiscarded="0" />
  <memory-cardclean objects="86" bytes="2960" />
  <regions eden="23" other="1" />
  <remembered-set-cleared processed="329" cleared="6" durationms="0.103" />
  <stringconstants candidates="13829" cleared="0"  />
</gc-op>
<gc-op id="3333" type="classunload" timems="0.004" contextid="3329" timestamp="2019-07-07T05:36:20.448">
  <classunload-info classloadercandidates="54" classloadersunloaded="0" classesunloaded="0" anonymousclassesunloaded="0" quiescems="0.000" setupms="0.003" scanms="0.000" postms="0.000" />
</gc-op>
<gc-end id="3334" type="partial gc" contextid="3329" durationms="2.407" usertimems="0.000" systemtimems="0.000" timestamp="2019-07-07T05:36:20.448" activeThreads="1">
  <mem-info id="3335" free="40894464" total="71303168" percent="57">
    <mem type="eden" free="1048552" total="1048576" percent="99" />
    <remembered-set count="1664" freebytes="2839552" totalbytes="2846208" percent="99" regionsoverflowed="0" regionsstable="17" regionsrebuilding="0"/>
  </mem-info>
</gc-end>
<cycle-end id="3336" type="partial gc" contextid="3329" timestamp="2019-07-07T05:36:20.448" />
  <attribute name="elasticGC enabled" value="1" />
  <attribute name= "numThreadsSpecified" value="1" />
  <attribute name="heapSize specified" value="0" />
  <attribute name="Current GC Util" value="317" />
  <attribute name= "Current Time Running" value="21141" />
  <attribute name ="GC Interval" value="0" />
  <attribute name="ProportionalT" value="148.500000" />
  <attribute name="ProportionalI" value="148.500000" />
  <attribute name="ProportionalH" value="148.500000" />
  <attribute name="Current Error" value="297.000000" />
  <attribute name="IntegralT" value="0.000000" />
  <attribute name="IntegralI" value="0.000000" />
  <attribute name="IntegralH" value="0.000000" />
  <attribute name="DerivativeT" value="inf" />
  <attribute name="DerivativeI" value="inf" />
  <attribute name="DerivativeH" value="inf" />
  <attribute name="Loop Time for DT" value="0.000000" />
  <attribute name="Output H" value="8388608"/>
  <attribute name="Output I" value="200"/>
  <attribute name="Output T" value="1"/>
  <attribute name="Target GC Util Change" value ="20.000000" />
  <attribute name="Current GC Util Change" value="317.000000"/>
  <attribute name="GC Util currently" value="317" />
  <attribute name="CPU Util currently" value="10711747889529" />
<exclusive-end id="3337" timestamp="2019-07-07T05:36:20.449" durationms="3.544" />

<exclusive-start id="3338" timestamp="2019-07-07T05:36:20.470" intervalms="24.864">
  <response-info timems="0.087" idlems="0.087" threads="0" lastid="000000000096B700" lastname="main" />
</exclusive-start>
<allocation-taxation id="3339" taxation-threshold="24117248" timestamp="2019-07-07T05:36:20.470" intervalms="24.844" />
<cycle-start id="3340" type="partial gc" contextid="0" timestamp="2019-07-07T05:36:20.470" intervalms="24.834" />
<gc-start id="3341" type="partial gc" contextid="3340" timestamp="2019-07-07T05:36:20.471">
  <mem-info id="3342" free="16777216" total="71303168" percent="23">
    <mem type="eden" free="1048552" total="25165824" percent="4" />
    <remembered-set count="1216" freebytes="2841344" totalbytes="2846208" percent="99" regionsoverflowed="0" regionsstable="17" regionsrebuilding="0"/>
  </mem-info>
</gc-start>
<allocation-stats totalBytes="24113384" >
  <allocated-bytes non-tlh="0" tlh="24113384" arrayletleaf="0"/>
  <largest-consumer threadName="main" threadId="000000000096B700" bytes="24113384" />
</allocation-stats>
<gc-op id="3343" type="copy forward" timems="1.027" contextid="3340" timestamp="2019-07-07T05:36:20.473">
  <memory-copied type="eden" objects="46" bytes="1480" bytesdiscarded="0" />
  <memory-copied type="other" objects="0" bytes="0" bytesdiscarded="0" />
  <memory-cardclean objects="76" bytes="2472" />
  <regions eden="23" other="1" />
  <remembered-set-cleared processed="336" cleared="4" durationms="0.107" />
  <stringconstants candidates="13829" cleared="0"  />
</gc-op>
<gc-op id="3344" type="classunload" timems="0.003" contextid="3340" timestamp="2019-07-07T05:36:20.473">
  <classunload-info classloadercandidates="54" classloadersunloaded="0" classesunloaded="0" anonymousclassesunloaded="0" quiescems="0.000" setupms="0.003" scanms="0.000" postms="0.000" />
</gc-op>
<gc-end id="3345" type="partial gc" contextid="3340" durationms="2.346" usertimems="4.000" systemtimems="0.000" timestamp="2019-07-07T05:36:20.473" activeThreads="1">
  <mem-info id="3346" free="40894464" total="71303168" percent="57">
    <mem type="eden" free="1047096" total="1048576" percent="99" />
    <remembered-set count="1696" freebytes="2839424" totalbytes="2846208" percent="99" regionsoverflowed="0" regionsstable="17" regionsrebuilding="0"/>
  </mem-info>
</gc-end>
<cycle-end id="3347" type="partial gc" contextid="3340" timestamp="2019-07-07T05:36:20.473" />
  <attribute name="elasticGC enabled" value="1" />
  <attribute name= "numThreadsSpecified" value="1" />
  <attribute name="heapSize specified" value="0" />
  <attribute name="Current GC Util" value="295" />
  <attribute name= "Current Time Running" value="21166" />
  <attribute name ="GC Interval" value="0" />
  <attribute name="ProportionalT" value="137.500000" />
  <attribute name="ProportionalI" value="137.500000" />
  <attribute name="ProportionalH" value="137.500000" />
  <attribute name="Current Error" value="275.000000" />
  <attribute name="IntegralT" value="0.000000" />
  <attribute name="IntegralI" value="0.000000" />
  <attribute name="IntegralH" value="0.000000" />
  <attribute name="DerivativeT" value="inf" />
  <attribute name="DerivativeI" value="inf" />
  <attribute name="DerivativeH" value="inf" />
  <attribute name="Loop Time for DT" value="0.000000" />
  <attribute name="Output H" value="8388608"/>
  <attribute name="Output I" value="200"/>
  <attribute name="Output T" value="1"/>
  <attribute name="Target GC Util Change" value ="20.000000" />
  <attribute name="Current GC Util Change" value="295.000000"/>
  <attribute name="GC Util currently" value="295" />
  <attribute name="CPU Util currently" value="9879340386079" />
<exclusive-end id="3348" timestamp="2019-07-07T05:36:20.474" durationms="3.536" />

<exclusive-start id="3349" timestamp="2019-07-07T05:36:20.498" intervalms="27.524">
  <response-info timems="0.069" idlems="0.069" threads="0" lastid="000000000096B700" lastname="main" />
</exclusive-start>
<allocation-taxation id="3350" taxation-threshold="24117248" timestamp="2019-07-07T05:36:20.498" intervalms="27.516" />
<cycle-start id="3351" type="partial gc" contextid="0" timestamp="2019-07-07T05:36:20.498" intervalms="27.530" />
<gc-start id="3352" type="partial gc" contextid="3351" timestamp="2019-07-07T05:36:20.498">
  <mem-info id="3353" free="16777216" total="71303168" percent="23">
    <mem type="eden" free="0" total="24117248" percent="0" />
    <remembered-set count="1216" freebytes="2841344" totalbytes="2846208" percent="99" regionsoverflowed="0" regionsstable="17" regionsrebuilding="0"/>
  </mem-info>
</gc-start>
<allocation-stats totalBytes="24112016" >
  <allocated-bytes non-tlh="0" tlh="24112016" arrayletleaf="0"/>
  <largest-consumer threadName="main" threadId="000000000096B700" bytes="24112016" />
</allocation-stats>
<gc-op id="3354" type="copy forward" timems="3.223" contextid="3351" timestamp="2019-07-07T05:36:20.502">
  <memory-copied type="eden" objects="21" bytes="704" bytesdiscarded="696" />
  <memory-copied type="other" objects="7" bytes="160" bytesdiscarded="1400" />
  <memory-cardclean objects="81" bytes="2672" />
  <regions eden="23" other="1" />
  <remembered-set-cleared processed="336" cleared="5" durationms="0.146" />
  <stringconstants candidates="13829" cleared="0"  />
</gc-op>
<gc-op id="3355" type="classunload" timems="0.003" contextid="3351" timestamp="2019-07-07T05:36:20.503">
  <classunload-info classloadercandidates="54" classloadersunloaded="0" classesunloaded="0" anonymousclassesunloaded="0" quiescems="0.000" setupms="0.003" scanms="0.000" postms="0.000" />
</gc-op>
<heap-resize id="3356" type="expand" space="default" amount="7340032" count="1" timems="0.060" reason="excessive time being spent in gc" timestamp="2019-07-07T05:36:20.503" />
<gc-end id="3357" type="partial gc" contextid="3351" durationms="4.752" usertimems="8.000" systemtimems="0.000" timestamp="2019-07-07T05:36:20.503" activeThreads="4">
  <mem-info id="3358" free="47185920" total="78643200" percent="60">
    <mem type="eden" free="1047176" total="1048576" percent="99" />
    <remembered-set count="2816" freebytes="3127936" totalbytes="3139200" percent="99" regionsoverflowed="0" regionsstable="17" regionsrebuilding="0"/>
  </mem-info>
</gc-end>
<cycle-end id="3359" type="partial gc" contextid="3351" timestamp="2019-07-07T05:36:20.503" />
  <attribute name="elasticGC enabled" value="1" />
  <attribute name= "numThreadsSpecified" value="4" />
  <attribute name="heapSize specified" value="0" />
  <attribute name="Current GC Util" value="299" />
  <attribute name= "Current Time Running" value="21194" />
  <attribute name ="GC Interval" value="0" />
  <attribute name="ProportionalT" value="139.500000" />
  <attribute name="ProportionalI" value="139.500000" />
  <attribute name="ProportionalH" value="139.500000" />
  <attribute name="Current Error" value="279.000000" />
  <attribute name="IntegralT" value="139.500000" />
  <attribute name="IntegralI" value="139.500000" />
  <attribute name="IntegralH" value="139.500000" />
  <attribute name="DerivativeT" value="279.000000" />
  <attribute name="DerivativeI" value="279.000000" />
  <attribute name="DerivativeH" value="279.000000" />
  <attribute name="Loop Time for DT" value="1.000000" />
  <attribute name="Output H" value="8388608"/>
  <attribute name="Output I" value="560"/>
  <attribute name="Output T" value="4"/>
  <attribute name="Target GC Util Change" value ="20.000000" />
  <attribute name="Current GC Util Change" value="299.000000"/>
  <attribute name="GC Util currently" value="299" />
  <attribute name="CPU Util currently" value="9871896298403" />
<exclusive-end id="3360" timestamp="2019-07-07T05:36:20.503" durationms="5.896" />

<exclusive-start id="3361" timestamp="2019-07-07T05:36:20.523" intervalms="25.343">
  <response-info timems="0.079" idlems="0.079" threads="0" lastid="000000000096B700" lastname="main" />
</exclusive-start>
<allocation-taxation id="3362" taxation-threshold="26214400" timestamp="2019-07-07T05:36:20.523" intervalms="25.346" />
<cycle-start id="3363" type="partial gc" contextid="0" timestamp="2019-07-07T05:36:20.523" intervalms="25.322" />
<gc-start id="3364" type="partial gc" contextid="3363" timestamp="2019-07-07T05:36:20.524">
  <mem-info id="3365" free="20971520" total="78643200" percent="26">
    <mem type="eden" free="0" total="26214400" percent="0" />
    <remembered-set count="2336" freebytes="3129856" totalbytes="3139200" percent="99" regionsoverflowed="0" regionsstable="17" regionsrebuilding="0"/>
  </mem-info>
</gc-start>
<allocation-stats totalBytes="26204256" >
  <allocated-bytes non-tlh="0" tlh="26204256" arrayletleaf="0"/>
  <largest-consumer threadName="main" threadId="000000000096B700" bytes="26204256" />
</allocation-stats>
<gc-op id="3366" type="copy forward" timems="3.783" contextid="3363" timestamp="2019-07-07T05:36:20.528">
  <memory-copied type="eden" objects="9" bytes="408" bytesdiscarded="0" />
  <memory-copied type="other" objects="18" bytes="584" bytesdiscarded="696" />
  <memory-cardclean objects="60" bytes="2048" />
  <regions eden="25" other="1" />
  <remembered-set-cleared processed="339" cleared="6" durationms="0.168" />
  <stringconstants candidates="13829" cleared="0"  />
</gc-op>
<gc-op id="3367" type="classunload" timems="0.003" contextid="3363" timestamp="2019-07-07T05:36:20.528">
  <classunload-info classloadercandidates="54" classloadersunloaded="0" classesunloaded="0" anonymousclassesunloaded="0" quiescems="0.000" setupms="0.003" scanms="0.000" postms="0.000" />
</gc-op>
<heap-resize id="3368" type="expand" space="default" amount="3145728" count="1" timems="0.048" reason="excessive time being spent in gc" timestamp="2019-07-07T05:36:20.529" />
<gc-end id="3369" type="partial gc" contextid="3363" durationms="5.139" usertimems="4.000" systemtimems="4.000" timestamp="2019-07-07T05:36:20.529" activeThreads="4">
  <mem-info id="3370" free="49283072" total="81788928" percent="60">
    <mem type="eden" free="1048168" total="1048576" percent="99" />
    <remembered-set count="2336" freebytes="3255424" totalbytes="3264768" percent="99" regionsoverflowed="0" regionsstable="17" regionsrebuilding="0"/>
  </mem-info>
</gc-end>
<cycle-end id="3371" type="partial gc" contextid="3363" timestamp="2019-07-07T05:36:20.529" />
  <attribute name="elasticGC enabled" value="1" />
  <attribute name= "numThreadsSpecified" value="4" />
  <attribute name="heapSize specified" value="0" />
  <attribute name="Current GC Util" value="167" />
  <attribute name= "Current Time Running" value="21219" />
  <attribute name ="GC Interval" value="0" />
  <attribute name="ProportionalT" value="73.500000" />
  <attribute name="ProportionalI" value="73.500000" />
  <attribute name="ProportionalH" value="73.500000" />
  <attribute name="Current Error" value="147.000000" />
  <attribute name="IntegralT" value="73.500000" />
  <attribute name="IntegralI" value="73.500000" />
  <attribute name="IntegralH" value="73.500000" />
  <attribute name="DerivativeT" value="136.000000" />
  <attribute name="DerivativeI" value="136.000000" />
  <attribute name="DerivativeH" value="136.000000" />
  <attribute name="Loop Time for DT" value="1.000000" />
  <attribute name="Output H" value="8388608"/>
  <attribute name="Output I" value="288"/>
  <attribute name="Output T" value="4"/>
  <attribute name="Target GC Util Change" value ="20.000000" />
  <attribute name="Current GC Util Change" value="167.000000"/>
  <attribute name="GC Util currently" value="167" />
  <attribute name="CPU Util currently" value="10410126345995" />
<exclusive-end id="3372" timestamp="2019-07-07T05:36:20.529" durationms="6.167" />

<exclusive-start id="3373" timestamp="2019-07-07T05:36:20.554" intervalms="30.600">
  <response-info timems="0.070" idlems="0.070" threads="0" lastid="000000000096B700" lastname="main" />
</exclusive-start>
<allocation-taxation id="3374" taxation-threshold="27262976" timestamp="2019-07-07T05:36:20.554" intervalms="30.551" />
<cycle-start id="3375" type="partial gc" contextid="0" timestamp="2019-07-07T05:36:20.554" intervalms="30.574" />
<gc-start id="3376" type="partial gc" contextid="3375" timestamp="2019-07-07T05:36:20.554">
  <mem-info id="3377" free="22020096" total="81788928" percent="26">
    <mem type="eden" free="1048168" total="28311552" percent="3" />
    <remembered-set count="2336" freebytes="3255424" totalbytes="3264768" percent="99" regionsoverflowed="0" regionsstable="17" regionsrebuilding="0"/>
  </mem-info>
</gc-start>
<allocation-stats totalBytes="27255040" >
  <allocated-bytes non-tlh="0" tlh="27255040" arrayletleaf="0"/>
  <largest-consumer threadName="main" threadId="000000000096B700" bytes="27255040" />
</allocation-stats>
<gc-op id="3378" type="copy forward" timems="3.172" contextid="3375" timestamp="2019-07-07T05:36:20.558">
  <memory-copied type="eden" objects="31" bytes="944" bytesdiscarded="672" />
  <memory-copied type="other" objects="0" bytes="0" bytesdiscarded="0" />
  <memory-cardclean objects="78" bytes="2504" />
  <regions eden="26" other="1" />
  <remembered-set-cleared processed="344" cleared="8" durationms="0.108" />
  <stringconstants candidates="13829" cleared="0"  />
</gc-op>
<gc-op id="3379" type="classunload" timems="0.004" contextid="3375" timestamp="2019-07-07T05:36:20.558">
  <classunload-info classloadercandidates="54" classloadersunloaded="0" classesunloaded="0" anonymousclassesunloaded="0" quiescems="0.000" setupms="0.003" scanms="0.000" postms="0.000" />
</gc-op>
<gc-end id="3380" type="partial gc" contextid="3375" durationms="4.585" usertimems="12.000" systemtimems="0.000" timestamp="2019-07-07T05:36:20.559" activeThreads="4">
  <mem-info id="3381" free="49283072" total="81788928" percent="60">
    <mem type="eden" free="1046960" total="1048576" percent="99" />
    <remembered-set count="1888" freebytes="3257216" totalbytes="3264768" percent="99" regionsoverflowed="0" regionsstable="17" regionsrebuilding="0"/>
  </mem-info>
</gc-end>
<cycle-end id="3382" type="partial gc" contextid="3375" timestamp="2019-07-07T05:36:20.559" />
  <attribute name="elasticGC enabled" value="1" />
  <attribute name= "numThreadsSpecified" value="4" />
  <attribute name="heapSize specified" value="0" />
  <attribute name="Current GC Util" value="161" />
  <attribute name= "Current Time Running" value="21250" />
  <attribute name ="GC Interval" value="0" />
  <attribute name="ProportionalT" value="70.500000" />
  <attribute name="ProportionalI" value="70.500000" />
  <attribute name="ProportionalH" value="70.500000" />
  <attribute name="Current Error" value="141.000000" />
  <attribute name="IntegralT" value="70.500000" />
  <attribute name="IntegralI" value="70.500000" />
  <attribute name="IntegralH" value="70.500000" />
  <attribute name="DerivativeT" value="132.000000" />
  <attribute name="DerivativeI" value="132.000000" />
  <attribute name="DerivativeH" value="132.000000" />
  <attribute name="Loop Time for DT" value="1.000000" />
  <attribute name="Output H" value="8388608"/>
  <attribute name="Output I" value="280"/>
  <attribute name="Output T" value="4"/>
  <attribute name="Target GC Util Change" value ="20.000000" />
  <attribute name="Current GC Util Change" value="161.000000"/>
  <attribute name="GC Util currently" value="161" />
  <attribute name="CPU Util currently" value="9774517908873" />
<exclusive-end id="3383" timestamp="2019-07-07T05:36:20.559" durationms="5.646" />

<exclusive-start id="3384" timestamp="2019-07-07T05:36:20.592" intervalms="38.069">
  <response-info timems="0.083" idlems="0.083" threads="0" lastid="000000000096B700" lastname="main" />
</exclusive-start>
<allocation-taxation id="3385" taxation-threshold="27262976" timestamp="2019-07-07T05:36:20.592" intervalms="38.082" />
<cycle-start id="3386" type="partial gc" contextid="0" timestamp="2019-07-07T05:36:20.592" intervalms="38.065" />
<gc-start id="3387" type="partial gc" contextid="3386" timestamp="2019-07-07T05:36:20.592">
  <mem-info id="3388" free="22020096" total="81788928" percent="26">
    <mem type="eden" free="0" total="27262976" percent="0" />
    <remembered-set count="1888" freebytes="3257216" totalbytes="3264768" percent="99" regionsoverflowed="0" regionsstable="17" regionsrebuilding="0"/>
  </mem-info>
</gc-start>
<allocation-stats totalBytes="27260496" >
  <allocated-bytes non-tlh="0" tlh="27260496" arrayletleaf="0"/>
  <largest-consumer threadName="main" threadId="000000000096B700" bytes="27260496" />
</allocation-stats>
<gc-op id="3389" type="copy forward" timems="1.028" contextid="3386" timestamp="2019-07-07T05:36:20.594">
  <memory-copied type="eden" objects="29" bytes="904" bytesdiscarded="0" />
  <memory-copied type="other" objects="7" bytes="160" bytesdiscarded="0" />
  <memory-cardclean objects="76" bytes="2472" />
  <regions eden="26" other="1" />
  <remembered-set-cleared processed="343" cleared="7" durationms="0.104" />
  <stringconstants candidates="13829" cleared="0"  />
</gc-op>
<gc-op id="3390" type="classunload" timems="0.003" contextid="3386" timestamp="2019-07-07T05:36:20.594">
  <classunload-info classloadercandidates="54" classloadersunloaded="0" classesunloaded="0" anonymousclassesunloaded="0" quiescems="0.000" setupms="0.003" scanms="0.000" postms="0.000" />
</gc-op>
<heap-resize id="3391" type="expand" space="default" amount="2097152" count="1" timems="0.053" reason="excessive time being spent in gc" timestamp="2019-07-07T05:36:20.594" />
<gc-end id="3392" type="partial gc" contextid="3386" durationms="2.404" usertimems="4.000" systemtimems="0.000" timestamp="2019-07-07T05:36:20.595" activeThreads="1">
  <mem-info id="3393" free="50331648" total="83886080" percent="60">
    <mem type="eden" free="1047672" total="1048576" percent="99" />
    <remembered-set count="2240" freebytes="3339520" totalbytes="3348480" percent="99" regionsoverflowed="0" regionsstable="17" regionsrebuilding="0"/>
  </mem-info>
</gc-end>
<cycle-end id="3394" type="partial gc" contextid="3386" timestamp="2019-07-07T05:36:20.595" />
  <attribute name="elasticGC enabled" value="1" />
  <attribute name= "numThreadsSpecified" value="1" />
  <attribute name="heapSize specified" value="0" />
  <attribute name="Current GC Util" value="170" />
  <attribute name= "Current Time Running" value="21287" />
  <attribute name ="GC Interval" value="0" />
  <attribute name="ProportionalT" value="75.000000" />
  <attribute name="ProportionalI" value="75.000000" />
  <attribute name="ProportionalH" value="75.000000" />
  <attribute name="Current Error" value="150.000000" />
  <attribute name="IntegralT" value="0.000000" />
  <attribute name="IntegralI" value="0.000000" />
  <attribute name="IntegralH" value="0.000000" />
  <attribute name="DerivativeT" value="inf" />
  <attribute name="DerivativeI" value="inf" />
  <attribute name="DerivativeH" value="inf" />
  <attribute name="Loop Time for DT" value="0.000000" />
  <attribute name="Output H" value="8388608"/>
  <attribute name="Output I" value="200"/>
  <attribute name="Output T" value="1"/>
  <attribute name="Target GC Util Change" value ="20.000000" />
  <attribute name="Current GC Util Change" value="170.000000"/>
  <attribute name="GC Util currently" value="170" />
  <attribute name="CPU Util currently" value="10590767058024" />
<exclusive-end id="3395" timestamp="2019-07-07T05:36:20.595" durationms="3.339" />

<exclusive-start id="3396" timestamp="2019-07-07T05:36:20.627" intervalms="35.752">
  <response-info timems="0.081" idlems="0.081" threads="0" lastid="000000000096B700" lastname="main" />
</exclusive-start>
<allocation-taxation id="3397" taxation-threshold="27262976" timestamp="2019-07-07T05:36:20.628" intervalms="35.780" />
<cycle-start id="3398" type="partial gc" contextid="0" timestamp="2019-07-07T05:36:20.628" intervalms="35.761" />
<gc-start id="3399" type="partial gc" contextid="3398" timestamp="2019-07-07T05:36:20.628">
  <mem-info id="3400" free="23068672" total="83886080" percent="27">
    <mem type="eden" free="0" total="27262976" percent="0" />
    <remembered-set count="1824" freebytes="3341184" totalbytes="3348480" percent="99" regionsoverflowed="0" regionsstable="17" regionsrebuilding="0"/>
  </mem-info>
</gc-start>
<allocation-stats totalBytes="27259680" >
  <allocated-bytes non-tlh="0" tlh="27259680" arrayletleaf="0"/>
  <largest-consumer threadName="main" threadId="000000000096B700" bytes="27259680" />
</allocation-stats>
<gc-op id="3401" type="copy forward" timems="1.089" contextid="3398" timestamp="2019-07-07T05:36:20.630">
  <memory-copied type="eden" objects="29" bytes="888" bytesdiscarded="0" />
  <memory-copied type="other" objects="6" bytes="136" bytesdiscarded="0" />
  <memory-cardclean objects="64" bytes="2008" />
  <regions eden="26" other="1" />
  <remembered-set-cleared processed="347" cleared="9" durationms="0.115" />
  <stringconstants candidates="13829" cleared="0"  />
</gc-op>
<gc-op id="3402" type="classunload" timems="0.003" contextid="3398" timestamp="2019-07-07T05:36:20.630">
  <classunload-info classloadercandidates="54" classloadersunloaded="0" classesunloaded="0" anonymousclassesunloaded="0" quiescems="0.000" setupms="0.003" scanms="0.000" postms="0.000" />
</gc-op>
<heap-resize id="3403" type="expand" space="default" amount="3145728" count="1" timems="0.061" reason="excessive time being spent in gc" timestamp="2019-07-07T05:36:20.630" />
<gc-end id="3404" type="partial gc" contextid="3398" durationms="2.553" usertimems="4.000" systemtimems="0.000" timestamp="2019-07-07T05:36:20.631" activeThreads="1">
  <mem-info id="3405" free="52428800" total="87031808" percent="60">
    <mem type="eden" free="1047688" total="1048576" percent="99" />
    <remembered-set count="2272" freebytes="3464960" totalbytes="3474048" percent="99" regionsoverflowed="0" regionsstable="17" regionsrebuilding="0"/>
  </mem-info>
</gc-end>
<cycle-end id="3406" type="partial gc" contextid="3398" timestamp="2019-07-07T05:36:20.631" />
  <attribute name="elasticGC enabled" value="1" />
  <attribute name= "numThreadsSpecified" value="1" />
  <attribute name="heapSize specified" value="0" />
  <attribute name="Current GC Util" value="315" />
  <attribute name= "Current Time Running" value="21323" />
  <attribute name ="GC Interval" value="0" />
  <attribute name="ProportionalT" value="147.500000" />
  <attribute name="ProportionalI" value="147.500000" />
  <attribute name="ProportionalH" value="147.500000" />
  <attribute name="Current Error" value="295.000000" />
  <attribute name="IntegralT" value="0.000000" />
  <attribute name="IntegralI" value="0.000000" />
  <attribute name="IntegralH" value="0.000000" />
  <attribute name="DerivativeT" value="inf" />
  <attribute name="DerivativeI" value="inf" />
  <attribute name="DerivativeH" value="inf" />
  <attribute name="Loop Time for DT" value="0.000000" />
  <attribute name="Output H" value="8388608"/>
  <attribute name="Output I" value="200"/>
  <attribute name="Output T" value="1"/>
  <attribute name="Target GC Util Change" value ="20.000000" />
  <attribute name="Current GC Util Change" value="315.000000"/>
  <attribute name="GC Util currently" value="315" />
  <attribute name="CPU Util currently" value="10549532583482" />
<exclusive-end id="3407" timestamp="2019-07-07T05:36:20.631" durationms="3.639" />

<exclusive-start id="3408" timestamp="2019-07-07T05:36:20.662" intervalms="34.604">
  <response-info timems="0.081" idlems="0.081" threads="0" lastid="000000000096B700" lastname="main" />
</exclusive-start>
<allocation-taxation id="3409" taxation-threshold="28311552" timestamp="2019-07-07T05:36:20.662" intervalms="34.583" />
<cycle-start id="3410" type="partial gc" contextid="0" timestamp="2019-07-07T05:36:20.664" intervalms="36.628" />
<gc-start id="3411" type="partial gc" contextid="3410" timestamp="2019-07-07T05:36:20.665">
  <mem-info id="3412" free="24117248" total="87031808" percent="27">
    <mem type="eden" free="0" total="28311552" percent="0" />
    <remembered-set count="1856" freebytes="3466624" totalbytes="3474048" percent="99" regionsoverflowed="0" regionsstable="17" regionsrebuilding="0"/>
  </mem-info>
</gc-start>
<allocation-stats totalBytes="28307560" >
  <allocated-bytes non-tlh="0" tlh="28307560" arrayletleaf="0"/>
  <largest-consumer threadName="main" threadId="000000000096B700" bytes="28307560" />
</allocation-stats>
<gc-op id="3413" type="copy forward" timems="2.907" contextid="3410" timestamp="2019-07-07T05:36:20.670">
  <memory-copied type="eden" objects="7" bytes="168" bytesdiscarded="0" />
  <memory-copied type="other" objects="23" bytes="744" bytesdiscarded="696" />
  <memory-cardclean objects="52" bytes="1800" />
  <regions eden="27" other="1" />
  <remembered-set-cleared processed="349" cleared="10" durationms="0.290" />
  <stringconstants candidates="13829" cleared="0"  />
</gc-op>
<gc-op id="3414" type="classunload" timems="0.007" contextid="3410" timestamp="2019-07-07T05:36:20.670">
  <classunload-info classloadercandidates="54" classloadersunloaded="0" classesunloaded="0" anonymousclassesunloaded="0" quiescems="0.000" setupms="0.007" scanms="0.000" postms="0.000" />
</gc-op>
<gc-end id="3415" type="partial gc" contextid="3410" durationms="5.871" usertimems="12.000" systemtimems="0.000" timestamp="2019-07-07T05:36:20.671" activeThreads="4">
  <mem-info id="3416" free="51380224" total="87031808" percent="59">
    <mem type="eden" free="1048408" total="1048576" percent="99" />
    <remembered-set count="2432" freebytes="3464320" totalbytes="3474048" percent="99" regionsoverflowed="0" regionsstable="17" regionsrebuilding="0"/>
  </mem-info>
</gc-end>
<cycle-end id="3417" type="partial gc" contextid="3410" timestamp="2019-07-07T05:36:20.671" />
  <attribute name="elasticGC enabled" value="1" />
  <attribute name= "numThreadsSpecified" value="4" />
  <attribute name="heapSize specified" value="0" />
  <attribute name="Current GC Util" value="207" />
  <attribute name= "Current Time Running" value="21362" />
  <attribute name ="GC Interval" value="0" />
  <attribute name="ProportionalT" value="93.500000" />
  <attribute name="ProportionalI" value="93.500000" />
  <attribute name="ProportionalH" value="93.500000" />
  <attribute name="Current Error" value="187.000000" />
  <attribute name="IntegralT" value="187.000000" />
  <attribute name="IntegralI" value="187.000000" />
  <attribute name="IntegralH" value="187.000000" />
  <attribute name="DerivativeT" value="93.500000" />
  <attribute name="DerivativeI" value="93.500000" />
  <attribute name="DerivativeH" value="93.500000" />
  <attribute name="Loop Time for DT" value="2.000000" />
  <attribute name="Output H" value="8388608"/>
  <attribute name="Output I" value="376"/>
  <attribute name="Output T" value="4"/>
  <attribute name="Target GC Util Change" value ="20.000000" />
  <attribute name="Current GC Util Change" value="207.000000"/>
  <attribute name="GC Util currently" value="207" />
  <attribute name="CPU Util currently" value="3760598581469" />
<exclusive-end id="3418" timestamp="2019-07-07T05:36:20.671" durationms="9.535" />

<exclusive-start id="3419" timestamp="2019-07-07T05:36:20.701" intervalms="39.161">
  <response-info timems="0.095" idlems="0.095" threads="0" lastid="000000000096B700" lastname="main" />
</exclusive-start>
<allocation-taxation id="3420" taxation-threshold="28311552" timestamp="2019-07-07T05:36:20.701" intervalms="39.200" />
<cycle-start id="3421" type="partial gc" contextid="0" timestamp="2019-07-07T05:36:20.702" intervalms="37.210" />
<gc-start id="3422" type="partial gc" contextid="3421" timestamp="2019-07-07T05:36:20.702">
  <mem-info id="3423" free="23068672" total="87031808" percent="26">
    <mem type="eden" free="1048408" total="29360128" percent="3" />
    <remembered-set count="1984" freebytes="3466112" totalbytes="3474048" percent="99" regionsoverflowed="0" regionsstable="17" regionsrebuilding="0"/>
  </mem-info>
</gc-start>
<allocation-stats totalBytes="28309144" >
  <allocated-bytes non-tlh="0" tlh="28309144" arrayletleaf="0"/>
  <largest-consumer threadName="main" threadId="000000000096B700" bytes="28309144" />
</allocation-stats>
<gc-op id="3424" type="copy forward" timems="0.792" contextid="3421" timestamp="2019-07-07T05:36:20.703">
  <memory-copied type="eden" objects="22" bytes="696" bytesdiscarded="0" />
  <memory-copied type="other" objects="0" bytes="0" bytesdiscarded="0" />
  <memory-cardclean objects="83" bytes="2664" />
  <regions eden="27" other="1" />
  <remembered-set-cleared processed="354" cleared="9" durationms="0.109" />
  <stringconstants candidates="13829" cleared="0"  />
</gc-op>
<gc-op id="3425" type="classunload" timems="0.003" contextid="3421" timestamp="2019-07-07T05:36:20.703">
  <classunload-info classloadercandidates="54" classloadersunloaded="0" classesunloaded="0" anonymousclassesunloaded="0" quiescems="0.000" setupms="0.003" scanms="0.000" postms="0.000" />
</gc-op>
<heap-resize id="3426" type="expand" space="default" amount="2097152" count="1" timems="0.051" reason="excessive time being spent in gc" timestamp="2019-07-07T05:36:20.704" />
<gc-end id="3427" type="partial gc" contextid="3421" durationms="2.093" usertimems="4.000" systemtimems="0.000" timestamp="2019-07-07T05:36:20.704" activeThreads="1">
  <mem-info id="3428" free="53477376" total="89128960" percent="60">
    <mem type="eden" free="1047880" total="1048576" percent="99" />
    <remembered-set count="2272" freebytes="3548672" totalbytes="3557760" percent="99" regionsoverflowed="0" regionsstable="17" regionsrebuilding="0"/>
  </mem-info>
</gc-end>
<cycle-end id="3429" type="partial gc" contextid="3421" timestamp="2019-07-07T05:36:20.704" />
  <attribute name="elasticGC enabled" value="1" />
  <attribute name= "numThreadsSpecified" value="1" />
  <attribute name="heapSize specified" value="0" />
  <attribute name="Current GC Util" value="60" />
  <attribute name= "Current Time Running" value="21397" />
  <attribute name ="GC Interval" value="0" />
  <attribute name="ProportionalT" value="20.000000" />
  <attribute name="ProportionalI" value="20.000000" />
  <attribute name="ProportionalH" value="20.000000" />
  <attribute name="Current Error" value="40.000000" />
  <attribute name="IntegralT" value="0.000000" />
  <attribute name="IntegralI" value="0.000000" />
  <attribute name="IntegralH" value="0.000000" />
  <attribute name="DerivativeT" value="inf" />
  <attribute name="DerivativeI" value="inf" />
  <attribute name="DerivativeH" value="inf" />
  <attribute name="Loop Time for DT" value="0.000000" />
  <attribute name="Output H" value="8388608"/>
  <attribute name="Output I" value="200"/>
  <attribute name="Output T" value="1"/>
  <attribute name="Target GC Util Change" value ="20.000000" />
  <attribute name="Current GC Util Change" value="60.000000"/>
  <attribute name="GC Util currently" value="60" />
  <attribute name="CPU Util currently" value="20612821630022" />
<exclusive-end id="3430" timestamp="2019-07-07T05:36:20.704" durationms="3.156" />

<exclusive-start id="3431" timestamp="2019-07-07T05:36:20.769" intervalms="67.821">
  <response-info timems="0.069" idlems="0.069" threads="0" lastid="000000000096B700" lastname="main" />
</exclusive-start>
<allocation-taxation id="3432" taxation-threshold="28311552" timestamp="2019-07-07T05:36:20.769" intervalms="67.761" />
<cycle-start id="3433" type="partial gc" contextid="0" timestamp="2019-07-07T05:36:20.769" intervalms="67.713" />
<gc-start id="3434" type="partial gc" contextid="3433" timestamp="2019-07-07T05:36:20.770">
  <mem-info id="3435" free="25165824" total="89128960" percent="28">
    <mem type="eden" free="0" total="28311552" percent="0" />
    <remembered-set count="1888" freebytes="3550208" totalbytes="3557760" percent="99" regionsoverflowed="0" regionsstable="17" regionsrebuilding="0"/>
  </mem-info>
</gc-start>
<allocation-stats totalBytes="28310168" >
  <allocated-bytes non-tlh="0" tlh="28310168" arrayletleaf="0"/>
  <largest-consumer threadName="main" threadId="000000000096B700" bytes="28310168" />
</allocation-stats>
<gc-op id="3436" type="copy forward" timems="1.490" contextid="3433" timestamp="2019-07-07T05:36:20.772">
  <memory-copied type="eden" objects="24" bytes="712" bytesdiscarded="600" />
  <memory-copied type="other" objects="7" bytes="160" bytesdiscarded="624" />
  <memory-cardclean objects="77" bytes="2480" />
  <regions eden="27" other="1" />
  <remembered-set-cleared processed="352" cleared="7" durationms="0.107" />
  <stringconstants candidates="13829" cleared="0"  />
</gc-op>
<gc-op id="3437" type="classunload" timems="0.003" contextid="3433" timestamp="2019-07-07T05:36:20.772">
  <classunload-info classloadercandidates="54" classloadersunloaded="0" classesunloaded="0" anonymousclassesunloaded="0" quiescems="0.000" setupms="0.003" scanms="0.000" postms="0.000" />
</gc-op>
<gc-end id="3438" type="partial gc" contextid="3433" durationms="2.780" usertimems="4.000" systemtimems="0.000" timestamp="2019-07-07T05:36:20.772" activeThreads="4">
  <mem-info id="3439" free="52428800" total="89128960" percent="58">
    <mem type="eden" free="1047264" total="1048576" percent="99" />
    <remembered-set count="2112" freebytes="3549312" totalbytes="3557760" percent="99" regionsoverflowed="0" regionsstable="17" regionsrebuilding="0"/>
  </mem-info>
</gc-end>
<cycle-end id="3440" type="partial gc" contextid="3433" timestamp="2019-07-07T05:36:20.772" />
  <attribute name="elasticGC enabled" value="1" />
  <attribute name= "numThreadsSpecified" value="4" />
  <attribute name="heapSize specified" value="0" />
  <attribute name="Current GC Util" value="135" />
  <attribute name= "Current Time Running" value="21465" />
  <attribute name ="GC Interval" value="0" />
  <attribute name="ProportionalT" value="57.500000" />
  <attribute name="ProportionalI" value="57.500000" />
  <attribute name="ProportionalH" value="57.500000" />
  <attribute name="Current Error" value="115.000000" />
  <attribute name="IntegralT" value="57.500000" />
  <attribute name="IntegralI" value="57.500000" />
  <attribute name="IntegralH" value="57.500000" />
  <attribute name="DerivativeT" value="115.000000" />
  <attribute name="DerivativeI" value="115.000000" />
  <attribute name="DerivativeH" value="115.000000" />
  <attribute name="Loop Time for DT" value="1.000000" />
  <attribute name="Output H" value="8388608"/>
  <attribute name="Output I" value="232"/>
  <attribute name="Output T" value="4"/>
  <attribute name="Target GC Util Change" value ="20.000000" />
  <attribute name="Current GC Util Change" value="135.000000"/>
  <attribute name="GC Util currently" value="135" />
  <attribute name="CPU Util currently" value="9306967119475" />
<exclusive-end id="3441" timestamp="2019-07-07T05:36:20.773" durationms="3.824" />

<exclusive-start id="3442" timestamp="2019-07-07T05:36:20.860" intervalms="91.015">
  <response-info timems="0.089" idlems="0.089" threads="0" lastid="000000000096B700" lastname="main" />
</exclusive-start>
<allocation-taxation id="3443" taxation-threshold="28311552" timestamp="2019-07-07T05:36:20.860" intervalms="91.111" />
<cycle-start id="3444" type="partial gc" contextid="0" timestamp="2019-07-07T05:36:20.860" intervalms="91.158" />
<gc-start id="3445" type="partial gc" contextid="3444" timestamp="2019-07-07T05:36:20.861">
  <mem-info id="3446" free="24117248" total="89128960" percent="27">
    <mem type="eden" free="0" total="28311552" percent="0" />
    <remembered-set count="2112" freebytes="3549312" totalbytes="3557760" percent="99" regionsoverflowed="0" regionsstable="17" regionsrebuilding="0"/>
  </mem-info>
</gc-start>
<allocation-stats totalBytes="28309760" >
  <allocated-bytes non-tlh="0" tlh="28309760" arrayletleaf="0"/>
  <largest-consumer threadName="main" threadId="000000000096B700" bytes="28309760" />
</allocation-stats>
<gc-op id="3447" type="copy forward" timems="1.088" contextid="3444" timestamp="2019-07-07T05:36:20.863">
  <memory-copied type="eden" objects="39" bytes="1048" bytesdiscarded="0" />
  <memory-copied type="other" objects="12" bytes="272" bytesdiscarded="0" />
  <memory-cardclean objects="62" bytes="1960" />
  <regions eden="27" other="1" />
  <remembered-set-cleared processed="358" cleared="10" durationms="0.124" />
  <stringconstants candidates="13829" cleared="0"  />
</gc-op>
<gc-op id="3448" type="classunload" timems="0.003" contextid="3444" timestamp="2019-07-07T05:36:20.863">
  <classunload-info classloadercandidates="54" classloadersunloaded="0" classesunloaded="0" anonymousclassesunloaded="0" quiescems="0.000" setupms="0.003" scanms="0.000" postms="0.000" />
</gc-op>
<gc-end id="3449" type="partial gc" contextid="3444" durationms="2.416" usertimems="0.000" systemtimems="0.000" timestamp="2019-07-07T05:36:20.863" activeThreads="1">
  <mem-info id="3450" free="51380224" total="89128960" percent="57">
    <mem type="eden" free="1047528" total="1048576" percent="99" />
    <remembered-set count="2496" freebytes="3547776" totalbytes="3557760" percent="99" regionsoverflowed="0" regionsstable="17" regionsrebuilding="0"/>
  </mem-info>
</gc-end>
<cycle-end id="3451" type="partial gc" contextid="3444" timestamp="2019-07-07T05:36:20.863" />
  <attribute name="elasticGC enabled" value="1" />
  <attribute name= "numThreadsSpecified" value="1" />
  <attribute name="heapSize specified" value="0" />
  <attribute name="Current GC Util" value="164" />
  <attribute name= "Current Time Running" value="21556" />
  <attribute name ="GC Interval" value="0" />
  <attribute name="ProportionalT" value="72.000000" />
  <attribute name="ProportionalI" value="72.000000" />
  <attribute name="ProportionalH" value="72.000000" />
  <attribute name="Current Error" value="144.000000" />
  <attribute name="IntegralT" value="0.000000" />
  <attribute name="IntegralI" value="0.000000" />
  <attribute name="IntegralH" value="0.000000" />
  <attribute name="DerivativeT" value="inf" />
  <attribute name="DerivativeI" value="inf" />
  <attribute name="DerivativeH" value="inf" />
  <attribute name="Loop Time for DT" value="0.000000" />
  <attribute name="Output H" value="8388608"/>
  <attribute name="Output I" value="200"/>
  <attribute name="Output T" value="1"/>
  <attribute name="Target GC Util Change" value ="20.000000" />
  <attribute name="Current GC Util Change" value="164.000000"/>
  <attribute name="GC Util currently" value="164" />
  <attribute name="CPU Util currently" value="12397705166932" />
<exclusive-end id="3452" timestamp="2019-07-07T05:36:20.864" durationms="3.805" />

<exclusive-start id="3453" timestamp="2019-07-07T05:36:20.876" intervalms="15.672">
  <response-info timems="0.088" idlems="0.088" threads="0" lastid="000000000096B700" lastname="main" />
</exclusive-start>
<allocation-taxation id="3454" taxation-threshold="28311552" timestamp="2019-07-07T05:36:20.876" intervalms="15.606" />
<cycle-start id="3455" type="partial gc" contextid="0" timestamp="2019-07-07T05:36:20.876" intervalms="15.527" />
<gc-start id="3456" type="partial gc" contextid="3455" timestamp="2019-07-07T05:36:20.876">
  <mem-info id="3457" free="23068672" total="89128960" percent="25">
    <mem type="eden" free="0" total="28311552" percent="0" />
    <remembered-set count="2176" freebytes="3549056" totalbytes="3557760" percent="99" regionsoverflowed="0" regionsstable="17" regionsrebuilding="0"/>
  </mem-info>
</gc-start>
<allocation-stats totalBytes="28309552" >
  <allocated-bytes non-tlh="0" tlh="28309552" arrayletleaf="0"/>
  <largest-consumer threadName="main" threadId="000000000096B700" bytes="28309552" />
</allocation-stats>
<gc-op id="3458" type="copy forward" timems="1.014" contextid="3455" timestamp="2019-07-07T05:36:20.878">
  <memory-copied type="eden" objects="6" bytes="136" bytesdiscarded="0" />
  <memory-copied type="other" objects="35" bytes="960" bytesdiscarded="0" />
  <memory-cardclean objects="50" bytes="1752" />
  <regions eden="27" other="1" />
  <remembered-set-cleared processed="359" cleared="10" durationms="0.120" />
  <stringconstants candidates="13829" cleared="0"  />
</gc-op>
<gc-op id="3459" type="classunload" timems="0.003" contextid="3455" timestamp="2019-07-07T05:36:20.878">
  <classunload-info classloadercandidates="54" classloadersunloaded="0" classesunloaded="0" anonymousclassesunloaded="0" quiescems="0.000" setupms="0.003" scanms="0.000" postms="0.000" />
</gc-op>
<gc-end id="3460" type="partial gc" contextid="3455" durationms="2.083" usertimems="4.000" systemtimems="0.000" timestamp="2019-07-07T05:36:20.878" activeThreads="1">
  <mem-info id="3461" free="50331648" total="89128960" percent="56">
    <mem type="eden" free="1048440" total="1048576" percent="99" />
    <remembered-set count="2496" freebytes="3547776" totalbytes="3557760" percent="99" regionsoverflowed="0" regionsstable="17" regionsrebuilding="0"/>
  </mem-info>
</gc-end>
<cycle-end id="3462" type="partial gc" contextid="3455" timestamp="2019-07-07T05:36:20.878" />
  <attribute name="elasticGC enabled" value="1" />
  <attribute name= "numThreadsSpecified" value="1" />
  <attribute name="heapSize specified" value="0" />
  <attribute name="Current GC Util" value="306" />
  <attribute name= "Current Time Running" value="21571" />
  <attribute name ="GC Interval" value="0" />
  <attribute name="ProportionalT" value="143.000000" />
  <attribute name="ProportionalI" value="143.000000" />
  <attribute name="ProportionalH" value="143.000000" />
  <attribute name="Current Error" value="286.000000" />
  <attribute name="IntegralT" value="0.000000" />
  <attribute name="IntegralI" value="0.000000" />
  <attribute name="IntegralH" value="0.000000" />
  <attribute name="DerivativeT" value="inf" />
  <attribute name="DerivativeI" value="inf" />
  <attribute name="DerivativeH" value="inf" />
  <attribute name="Loop Time for DT" value="0.000000" />
  <attribute name="Output H" value="8388608"/>
  <attribute name="Output I" value="200"/>
  <attribute name="Output T" value="1"/>
  <attribute name="Target GC Util Change" value ="20.000000" />
  <attribute name="Current GC Util Change" value="306.000000"/>
  <attribute name="GC Util currently" value="306" />
  <attribute name="CPU Util currently" value="14653251515524" />
<exclusive-end id="3463" timestamp="2019-07-07T05:36:20.879" durationms="3.054" />

<exclusive-start id="3464" timestamp="2019-07-07T05:36:20.896" intervalms="20.746">
  <response-info timems="0.100" idlems="0.100" threads="0" lastid="000000000096B700" lastname="main" />
</exclusive-start>
<allocation-taxation id="3465" taxation-threshold="28311552" timestamp="2019-07-07T05:36:20.897" intervalms="20.787" />
<cycle-start id="3466" type="partial gc" contextid="0" timestamp="2019-07-07T05:36:20.897" intervalms="20.850" />
<gc-start id="3467" type="partial gc" contextid="3466" timestamp="2019-07-07T05:36:20.897">
  <mem-info id="3468" free="22020096" total="89128960" percent="24">
    <mem type="eden" free="1048440" total="29360128" percent="3" />
    <remembered-set count="2208" freebytes="3548928" totalbytes="3557760" percent="99" regionsoverflowed="0" regionsstable="17" regionsrebuilding="0"/>
  </mem-info>
</gc-start>
<allocation-stats totalBytes="28309304" >
  <allocated-bytes non-tlh="0" tlh="28309304" arrayletleaf="0"/>
  <largest-consumer threadName="main" threadId="000000000096B700" bytes="28309304" />
</allocation-stats>
<gc-op id="3469" type="copy forward" timems="1.069" contextid="3466" timestamp="2019-07-07T05:36:20.899">
  <memory-copied type="eden" objects="33" bytes="952" bytesdiscarded="0" />
  <memory-copied type="other" objects="0" bytes="0" bytesdiscarded="0" />
  <memory-cardclean objects="77" bytes="2504" />
  <regions eden="27" other="1" />
  <remembered-set-cleared processed="363" cleared="12" durationms="0.126" />
  <stringconstants candidates="13829" cleared="0"  />
</gc-op>
<gc-op id="3470" type="classunload" timems="0.003" contextid="3466" timestamp="2019-07-07T05:36:20.899">
  <classunload-info classloadercandidates="54" classloadersunloaded="0" classesunloaded="0" anonymousclassesunloaded="0" quiescems="0.000" setupms="0.003" scanms="0.000" postms="0.000" />
</gc-op>
<gc-end id="3471" type="partial gc" contextid="3466" durationms="2.394" usertimems="0.000" systemtimems="0.000" timestamp="2019-07-07T05:36:20.899" activeThreads="1">
  <mem-info id="3472" free="50331648" total="89128960" percent="56">
    <mem type="eden" free="1047624" total="1048576" percent="99" />
    <remembered-set count="2592" freebytes="3547392" totalbytes="3557760" percent="99" regionsoverflowed="0" regionsstable="17" regionsrebuilding="0"/>
  </mem-info>
</gc-end>
<cycle-end id="3473" type="partial gc" contextid="3466" timestamp="2019-07-07T05:36:20.900" />
  <attribute name="elasticGC enabled" value="1" />
  <attribute name= "numThreadsSpecified" value="1" />
  <attribute name="heapSize specified" value="0" />
  <attribute name="Current GC Util" value="254" />
  <attribute name= "Current Time Running" value="21592" />
  <attribute name ="GC Interval" value="0" />
  <attribute name="ProportionalT" value="117.000000" />
  <attribute name="ProportionalI" value="117.000000" />
  <attribute name="ProportionalH" value="117.000000" />
  <attribute name="Current Error" value="234.000000" />
  <attribute name="IntegralT" value="0.000000" />
  <attribute name="IntegralI" value="0.000000" />
  <attribute name="IntegralH" value="0.000000" />
  <attribute name="DerivativeT" value="inf" />
  <attribute name="DerivativeI" value="inf" />
  <attribute name="DerivativeH" value="inf" />
  <attribute name="Loop Time for DT" value="0.000000" />
  <attribute name="Output H" value="8388608"/>
  <attribute name="Output I" value="200"/>
  <attribute name="Output T" value="1"/>
  <attribute name="Target GC Util Change" value ="20.000000" />
  <attribute name="Current GC Util Change" value="254.000000"/>
  <attribute name="GC Util currently" value="254" />
  <attribute name="CPU Util currently" value="13561189684780" />
<exclusive-end id="3474" timestamp="2019-07-07T05:36:20.900" durationms="3.569" />

<exclusive-start id="3475" timestamp="2019-07-07T05:36:20.936" intervalms="39.663">
  <response-info timems="0.101" idlems="0.101" threads="0" lastid="000000000096B700" lastname="main" />
</exclusive-start>
<allocation-taxation id="3476" taxation-threshold="28311552" timestamp="2019-07-07T05:36:20.936" intervalms="39.632" />
<cycle-start id="3477" type="partial gc" contextid="0" timestamp="2019-07-07T05:36:20.936" intervalms="39.619" />
<gc-start id="3478" type="partial gc" contextid="3477" timestamp="2019-07-07T05:36:20.937">
  <mem-info id="3479" free="22020096" total="89128960" percent="24">
    <mem type="eden" free="0" total="28311552" percent="0" />
    <remembered-set count="2208" freebytes="3548928" totalbytes="3557760" percent="99" regionsoverflowed="0" regionsstable="17" regionsrebuilding="0"/>
  </mem-info>
</gc-start>
<allocation-stats totalBytes="28309616" >
  <allocated-bytes non-tlh="0" tlh="28309616" arrayletleaf="0"/>
  <largest-consumer threadName="main" threadId="000000000096B700" bytes="28309616" />
</allocation-stats>
<gc-op id="3480" type="copy forward" timems="1.030" contextid="3477" timestamp="2019-07-07T05:36:20.939">
  <memory-copied type="eden" objects="11" bytes="288" bytesdiscarded="0" />
  <memory-copied type="other" objects="19" bytes="600" bytesdiscarded="0" />
  <memory-cardclean objects="64" bytes="2280" />
  <regions eden="27" other="1" />
  <remembered-set-cleared processed="362" cleared="11" durationms="0.126" />
  <stringconstants candidates="13829" cleared="0"  />
</gc-op>
<gc-op id="3481" type="classunload" timems="0.004" contextid="3477" timestamp="2019-07-07T05:36:20.939">
  <classunload-info classloadercandidates="54" classloadersunloaded="0" classesunloaded="0" anonymousclassesunloaded="0" quiescems="0.000" setupms="0.003" scanms="0.000" postms="0.000" />
</gc-op>
<gc-end id="3482" type="partial gc" contextid="3477" durationms="2.320" usertimems="4.000" systemtimems="0.000" timestamp="2019-07-07T05:36:20.939" activeThreads="1">
  <mem-info id="3483" free="49283072" total="89128960" percent="55">
    <mem type="eden" free="1048288" total="1048576" percent="99" />
    <remembered-set count="2592" freebytes="3547392" totalbytes="3557760" percent="99" regionsoverflowed="0" regionsstable="17" regionsrebuilding="0"/>
  </mem-info>
</gc-end>
<cycle-end id="3484" type="partial gc" contextid="3477" timestamp="2019-07-07T05:36:20.939" />
  <attribute name="elasticGC enabled" value="1" />
  <attribute name= "numThreadsSpecified" value="1" />
  <attribute name="heapSize specified" value="0" />
  <attribute name="Current GC Util" value="279" />
  <attribute name= "Current Time Running" value="21632" />
  <attribute name ="GC Interval" value="0" />
  <attribute name="ProportionalT" value="129.500000" />
  <attribute name="ProportionalI" value="129.500000" />
  <attribute name="ProportionalH" value="129.500000" />
  <attribute name="Current Error" value="259.000000" />
  <attribute name="IntegralT" value="0.000000" />
  <attribute name="IntegralI" value="0.000000" />
  <attribute name="IntegralH" value="0.000000" />
  <attribute name="DerivativeT" value="inf" />
  <attribute name="DerivativeI" value="inf" />
  <attribute name="DerivativeH" value="inf" />
  <attribute name="Loop Time for DT" value="0.000000" />
  <attribute name="Output H" value="8388608"/>
  <attribute name="Output I" value="200"/>
  <attribute name="Output T" value="1"/>
  <attribute name="Target GC Util Change" value ="20.000000" />
  <attribute name="Current GC Util Change" value="279.000000"/>
  <attribute name="GC Util currently" value="279" />
  <attribute name="CPU Util currently" value="13836524581867" />
<exclusive-end id="3485" timestamp="2019-07-07T05:36:20.940" durationms="3.530" />

<exclusive-start id="3486" timestamp="2019-07-07T05:36:20.971" intervalms="35.228">
  <response-info timems="0.136" idlems="0.136" threads="0" lastid="000000000096B700" lastname="main" />
</exclusive-start>
<allocation-taxation id="3487" taxation-threshold="28311552" timestamp="2019-07-07T05:36:20.971" intervalms="35.252" />
<cycle-start id="3488" type="partial gc" contextid="0" timestamp="2019-07-07T05:36:20.972" intervalms="35.208" />
<gc-start id="3489" type="partial gc" contextid="3488" timestamp="2019-07-07T05:36:20.972">
  <mem-info id="3490" free="20971520" total="89128960" percent="23">
    <mem type="eden" free="1048288" total="29360128" percent="3" />
    <remembered-set count="2240" freebytes="3548800" totalbytes="3557760" percent="99" regionsoverflowed="0" regionsstable="17" regionsrebuilding="0"/>
  </mem-info>
</gc-start>
<allocation-stats totalBytes="28309632" >
  <allocated-bytes non-tlh="0" tlh="28309632" arrayletleaf="0"/>
  <largest-consumer threadName="main" threadId="000000000096B700" bytes="28309632" />
</allocation-stats>
<gc-op id="3491" type="copy forward" timems="1.133" contextid="3488" timestamp="2019-07-07T05:36:20.974">
  <memory-copied type="eden" objects="38" bytes="1136" bytesdiscarded="0" />
  <memory-copied type="other" objects="0" bytes="0" bytesdiscarded="0" />
  <memory-cardclean objects="78" bytes="2496" />
  <regions eden="27" other="1" />
  <remembered-set-cleared processed="367" cleared="15" durationms="0.131" />
  <stringconstants candidates="13829" cleared="0"  />
</gc-op>
<gc-op id="3492" type="classunload" timems="0.004" contextid="3488" timestamp="2019-07-07T05:36:20.974">
  <classunload-info classloadercandidates="54" classloadersunloaded="0" classesunloaded="0" anonymousclassesunloaded="0" quiescems="0.000" setupms="0.004" scanms="0.000" postms="0.000" />
</gc-op>
<gc-end id="3493" type="partial gc" contextid="3488" durationms="2.276" usertimems="4.000" systemtimems="0.000" timestamp="2019-07-07T05:36:20.974" activeThreads="1">
  <mem-info id="3494" free="49283072" total="89128960" percent="55">
    <mem type="eden" free="1047440" total="1048576" percent="99" />
    <remembered-set count="2624" freebytes="3547264" totalbytes="3557760" percent="99" regionsoverflowed="0" regionsstable="17" regionsrebuilding="0"/>
  </mem-info>
</gc-end>
<cycle-end id="3495" type="partial gc" contextid="3488" timestamp="2019-07-07T05:36:20.974" />
  <attribute name="elasticGC enabled" value="1" />
  <attribute name= "numThreadsSpecified" value="1" />
  <attribute name="heapSize specified" value="0" />
  <attribute name="Current GC Util" value="273" />
  <attribute name= "Current Time Running" value="21667" />
  <attribute name ="GC Interval" value="0" />
  <attribute name="ProportionalT" value="126.500000" />
  <attribute name="ProportionalI" value="126.500000" />
  <attribute name="ProportionalH" value="126.500000" />
  <attribute name="Current Error" value="253.000000" />
  <attribute name="IntegralT" value="0.000000" />
  <attribute name="IntegralI" value="0.000000" />
  <attribute name="IntegralH" value="0.000000" />
  <attribute name="DerivativeT" value="inf" />
  <attribute name="DerivativeI" value="inf" />
  <attribute name="DerivativeH" value="inf" />
  <attribute name="Loop Time for DT" value="0.000000" />
  <attribute name="Output H" value="8388608"/>
  <attribute name="Output I" value="200"/>
  <attribute name="Output T" value="1"/>
  <attribute name="Target GC Util Change" value ="20.000000" />
  <attribute name="Current GC Util Change" value="273.000000"/>
  <attribute name="GC Util currently" value="273" />
  <attribute name="CPU Util currently" value="13300932368919" />
<exclusive-end id="3496" timestamp="2019-07-07T05:36:20.974" durationms="3.200" />

<exclusive-start id="3497" timestamp="2019-07-07T05:36:21.002" intervalms="30.851">
  <response-info timems="0.100" idlems="0.100" threads="0" lastid="000000000096B700" lastname="main" />
</exclusive-start>
<allocation-taxation id="3498" taxation-threshold="28311552" timestamp="2019-07-07T05:36:21.002" intervalms="30.852" />
<cycle-start id="3499" type="partial gc" contextid="0" timestamp="2019-07-07T05:36:21.003" intervalms="30.953" />
<gc-start id="3500" type="partial gc" contextid="3499" timestamp="2019-07-07T05:36:21.003">
  <mem-info id="3501" free="20971520" total="89128960" percent="23">
    <mem type="eden" free="0" total="28311552" percent="0" />
    <remembered-set count="2240" freebytes="3548800" totalbytes="3557760" percent="99" regionsoverflowed="0" regionsstable="17" regionsrebuilding="0"/>
  </mem-info>
</gc-start>
<allocation-stats totalBytes="28309488" >
  <allocated-bytes non-tlh="0" tlh="28309488" arrayletleaf="0"/>
  <largest-consumer threadName="main" threadId="000000000096B700" bytes="28309488" />
</allocation-stats>
<gc-op id="3502" type="copy forward" timems="1.073" contextid="3499" timestamp="2019-07-07T05:36:21.005">
  <memory-copied type="eden" objects="9" bytes="240" bytesdiscarded="0" />
  <memory-copied type="other" objects="27" bytes="848" bytesdiscarded="0" />
  <memory-cardclean objects="65" bytes="2272" />
  <regions eden="27" other="1" />
  <remembered-set-cleared processed="366" cleared="14" durationms="0.131" />
  <stringconstants candidates="13829" cleared="0"  />
</gc-op>
<gc-op id="3503" type="classunload" timems="0.004" contextid="3499" timestamp="2019-07-07T05:36:21.005">
  <classunload-info classloadercandidates="54" classloadersunloaded="0" classesunloaded="0" anonymousclassesunloaded="0" quiescems="0.000" setupms="0.003" scanms="0.000" postms="0.000" />
</gc-op>
<gc-end id="3504" type="partial gc" contextid="3499" durationms="2.474" usertimems="0.000" systemtimems="0.000" timestamp="2019-07-07T05:36:21.005" activeThreads="1">
  <mem-info id="3505" free="48234496" total="89128960" percent="54">
    <mem type="eden" free="1048336" total="1048576" percent="99" />
    <remembered-set count="2624" freebytes="3547264" totalbytes="3557760" percent="99" regionsoverflowed="0" regionsstable="17" regionsrebuilding="0"/>
  </mem-info>
</gc-end>
<cycle-end id="3506" type="partial gc" contextid="3499" timestamp="2019-07-07T05:36:21.006" />
  <attribute name="elasticGC enabled" value="1" />
  <attribute name= "numThreadsSpecified" value="1" />
  <attribute name="heapSize specified" value="0" />
  <attribute name="Current GC Util" value="285" />
  <attribute name= "Current Time Running" value="21698" />
  <attribute name ="GC Interval" value="0" />
  <attribute name="ProportionalT" value="132.500000" />
  <attribute name="ProportionalI" value="132.500000" />
  <attribute name="ProportionalH" value="132.500000" />
  <attribute name="Current Error" value="265.000000" />
  <attribute name="IntegralT" value="0.000000" />
  <attribute name="IntegralI" value="0.000000" />
  <attribute name="IntegralH" value="0.000000" />
  <attribute name="DerivativeT" value="inf" />
  <attribute name="DerivativeI" value="inf" />
  <attribute name="DerivativeH" value="inf" />
  <attribute name="Loop Time for DT" value="0.000000" />
  <attribute name="Output H" value="8388608"/>
  <attribute name="Output I" value="200"/>
  <attribute name="Output T" value="1"/>
  <attribute name="Target GC Util Change" value ="20.000000" />
  <attribute name="Current GC Util Change" value="285.000000"/>
  <attribute name="GC Util currently" value="285" />
  <attribute name="CPU Util currently" value="12540104063695" />
<exclusive-end id="3507" timestamp="2019-07-07T05:36:21.006" durationms="3.787" />

<exclusive-start id="3508" timestamp="2019-07-07T05:36:21.097" intervalms="95.219">
  <response-info timems="0.072" idlems="0.072" threads="0" lastid="000000000096B700" lastname="main" />
</exclusive-start>
<allocation-taxation id="3509" taxation-threshold="28311552" timestamp="2019-07-07T05:36:21.098" intervalms="95.231" />
<cycle-start id="3510" type="partial gc" contextid="0" timestamp="2019-07-07T05:36:21.098" intervalms="95.191" />
<gc-start id="3511" type="partial gc" contextid="3510" timestamp="2019-07-07T05:36:21.098">
  <mem-info id="3512" free="19922944" total="89128960" percent="22">
    <mem type="eden" free="1048336" total="29360128" percent="3" />
    <remembered-set count="2272" freebytes="3548672" totalbytes="3557760" percent="99" regionsoverflowed="0" regionsstable="17" regionsrebuilding="0"/>
  </mem-info>
</gc-start>
<allocation-stats totalBytes="28298464" >
  <allocated-bytes non-tlh="0" tlh="28298464" arrayletleaf="0"/>
  <largest-consumer threadName="main" threadId="000000000096B700" bytes="28298464" />
</allocation-stats>
<gc-op id="3513" type="copy forward" timems="1.111" contextid="3510" timestamp="2019-07-07T05:36:21.100">
  <memory-copied type="eden" objects="54" bytes="2216" bytesdiscarded="0" />
  <memory-copied type="other" objects="0" bytes="0" bytesdiscarded="0" />
  <memory-cardclean objects="77" bytes="2512" />
  <regions eden="27" other="1" />
  <remembered-set-cleared processed="371" cleared="16" durationms="0.132" />
  <stringconstants candidates="13829" cleared="0"  />
</gc-op>
<gc-op id="3514" type="classunload" timems="0.003" contextid="3510" timestamp="2019-07-07T05:36:21.100">
  <classunload-info classloadercandidates="54" classloadersunloaded="0" classesunloaded="0" anonymousclassesunloaded="0" quiescems="0.000" setupms="0.003" scanms="0.000" postms="0.000" />
</gc-op>
<gc-end id="3515" type="partial gc" contextid="3510" durationms="2.469" usertimems="0.000" systemtimems="0.000" timestamp="2019-07-07T05:36:21.101" activeThreads="1">
  <mem-info id="3516" free="48234496" total="89128960" percent="54">
    <mem type="eden" free="1046360" total="1048576" percent="99" />
    <remembered-set count="2656" freebytes="3547136" totalbytes="3557760" percent="99" regionsoverflowed="0" regionsstable="17" regionsrebuilding="0"/>
  </mem-info>
</gc-end>
<cycle-end id="3517" type="partial gc" contextid="3510" timestamp="2019-07-07T05:36:21.101" />
  <attribute name="elasticGC enabled" value="1" />
  <attribute name= "numThreadsSpecified" value="1" />
  <attribute name="heapSize specified" value="0" />
  <attribute name="Current GC Util" value="274" />
  <attribute name= "Current Time Running" value="21793" />
  <attribute name ="GC Interval" value="0" />
  <attribute name="ProportionalT" value="127.000000" />
  <attribute name="ProportionalI" value="127.000000" />
  <attribute name="ProportionalH" value="127.000000" />
  <attribute name="Current Error" value="254.000000" />
  <attribute name="IntegralT" value="0.000000" />
  <attribute name="IntegralI" value="0.000000" />
  <attribute name="IntegralH" value="0.000000" />
  <attribute name="DerivativeT" value="inf" />
  <attribute name="DerivativeI" value="inf" />
  <attribute name="DerivativeH" value="inf" />
  <attribute name="Loop Time for DT" value="0.000000" />
  <attribute name="Output H" value="8388608"/>
  <attribute name="Output I" value="200"/>
  <attribute name="Output T" value="1"/>
  <attribute name="Target GC Util Change" value ="20.000000" />
  <attribute name="Current GC Util Change" value="274.000000"/>
  <attribute name="GC Util currently" value="274" />
  <attribute name="CPU Util currently" value="13749768098114" />
<exclusive-end id="3518" timestamp="2019-07-07T05:36:21.101" durationms="3.731" />

<exclusive-start id="3519" timestamp="2019-07-07T05:36:21.171" intervalms="73.640">
  <response-info timems="0.086" idlems="0.086" threads="0" lastid="000000000096B700" lastname="main" />
</exclusive-start>
<allocation-taxation id="3520" taxation-threshold="28311552" timestamp="2019-07-07T05:36:21.171" intervalms="73.655" />
<cycle-start id="3521" type="partial gc" contextid="0" timestamp="2019-07-07T05:36:21.171" intervalms="73.662" />
<gc-start id="3522" type="partial gc" contextid="3521" timestamp="2019-07-07T05:36:21.172">
  <mem-info id="3523" free="19922944" total="89128960" percent="22">
    <mem type="eden" free="0" total="28311552" percent="0" />
    <remembered-set count="2272" freebytes="3548672" totalbytes="3557760" percent="99" regionsoverflowed="0" regionsstable="17" regionsrebuilding="0"/>
  </mem-info>
</gc-start>
<allocation-stats totalBytes="28291600" >
  <allocated-bytes non-tlh="0" tlh="28291600" arrayletleaf="0"/>
  <largest-consumer threadName="main" threadId="000000000096B700" bytes="28291600" />
</allocation-stats>
<gc-op id="3524" type="copy forward" timems="1.114" contextid="3521" timestamp="2019-07-07T05:36:21.174">
  <memory-copied type="eden" objects="1" bytes="24" bytesdiscarded="0" />
  <memory-copied type="other" objects="53" bytes="2192" bytesdiscarded="0" />
  <memory-cardclean objects="64" bytes="2288" />
  <regions eden="27" other="1" />
  <remembered-set-cleared processed="369" cleared="14" durationms="0.129" />
  <stringconstants candidates="13829" cleared="0"  />
</gc-op>
<gc-op id="3525" type="classunload" timems="0.003" contextid="3521" timestamp="2019-07-07T05:36:21.174">
  <classunload-info classloadercandidates="54" classloadersunloaded="0" classesunloaded="0" anonymousclassesunloaded="0" quiescems="0.000" setupms="0.003" scanms="0.000" postms="0.000" />
</gc-op>
<gc-end id="3526" type="partial gc" contextid="3521" durationms="2.525" usertimems="0.000" systemtimems="4.000" timestamp="2019-07-07T05:36:21.174" activeThreads="1">
  <mem-info id="3527" free="47185920" total="89128960" percent="52">
    <mem type="eden" free="1048552" total="1048576" percent="99" />
    <remembered-set count="2656" freebytes="3547136" totalbytes="3557760" percent="99" regionsoverflowed="0" regionsstable="17" regionsrebuilding="0"/>
  </mem-info>
</gc-end>
<cycle-end id="3528" type="partial gc" contextid="3521" timestamp="2019-07-07T05:36:21.174" />
  <attribute name="elasticGC enabled" value="1" />
  <attribute name= "numThreadsSpecified" value="1" />
  <attribute name="heapSize specified" value="0" />
  <attribute name="Current GC Util" value="272" />
  <attribute name= "Current Time Running" value="21867" />
  <attribute name ="GC Interval" value="0" />
  <attribute name="ProportionalT" value="126.000000" />
  <attribute name="ProportionalI" value="126.000000" />
  <attribute name="ProportionalH" value="126.000000" />
  <attribute name="Current Error" value="252.000000" />
  <attribute name="IntegralT" value="0.000000" />
  <attribute name="IntegralI" value="0.000000" />
  <attribute name="IntegralH" value="0.000000" />
  <attribute name="DerivativeT" value="inf" />
  <attribute name="DerivativeI" value="inf" />
  <attribute name="DerivativeH" value="inf" />
  <attribute name="Loop Time for DT" value="0.000000" />
  <attribute name="Output H" value="8388608"/>
  <attribute name="Output I" value="200"/>
  <attribute name="Output T" value="1"/>
  <attribute name="Target GC Util Change" value ="20.000000" />
  <attribute name="Current GC Util Change" value="272.000000"/>
  <attribute name="GC Util currently" value="272" />
  <attribute name="CPU Util currently" value="12998060783335" />
<exclusive-end id="3529" timestamp="2019-07-07T05:36:21.175" durationms="3.838" />

<exclusive-start id="3530" timestamp="2019-07-07T05:36:21.242" intervalms="71.038">
  <response-info timems="0.093" idlems="0.093" threads="0" lastid="000000000096B700" lastname="main" />
</exclusive-start>
<allocation-taxation id="3531" taxation-threshold="28311552" timestamp="2019-07-07T05:36:21.242" intervalms="71.030" />
<cycle-start id="3532" type="partial gc" contextid="0" timestamp="2019-07-07T05:36:21.242" intervalms="71.032" />
<gc-start id="3533" type="partial gc" contextid="3532" timestamp="2019-07-07T05:36:21.243">
  <mem-info id="3534" free="18874368" total="89128960" percent="21">
    <mem type="eden" free="1048552" total="29360128" percent="3" />
    <remembered-set count="2304" freebytes="3548544" totalbytes="3557760" percent="99" regionsoverflowed="0" regionsstable="17" regionsrebuilding="0"/>
  </mem-info>
</gc-start>
<allocation-stats totalBytes="28289360" >
  <allocated-bytes non-tlh="0" tlh="28289360" arrayletleaf="0"/>
  <largest-consumer threadName="main" threadId="000000000096B700" bytes="28289360" />
</allocation-stats>
<gc-op id="3535" type="copy forward" timems="1.070" contextid="3532" timestamp="2019-07-07T05:36:21.245">
  <memory-copied type="eden" objects="1" bytes="24" bytesdiscarded="0" />
  <memory-copied type="other" objects="0" bytes="0" bytesdiscarded="0" />
  <memory-cardclean objects="11" bytes="416" />
  <regions eden="27" other="1" />
  <remembered-set-cleared processed="374" cleared="0" durationms="0.127" />
  <stringconstants candidates="13829" cleared="0"  />
</gc-op>
<gc-op id="3536" type="classunload" timems="0.004" contextid="3532" timestamp="2019-07-07T05:36:21.245">
  <classunload-info classloadercandidates="54" classloadersunloaded="0" classesunloaded="0" anonymousclassesunloaded="0" quiescems="0.000" setupms="0.004" scanms="0.000" postms="0.000" />
</gc-op>
<heap-resize id="3537" type="contract" space="default" amount="5242880" count="1" timems="0.058" reason="insufficient time being spent in gc" timestamp="2019-07-07T05:36:21.245" />
<gc-end id="3538" type="partial gc" contextid="3532" durationms="2.685" usertimems="0.000" systemtimems="0.000" timestamp="2019-07-07T05:36:21.245" activeThreads="1">
  <mem-info id="3539" free="41943040" total="83886080" percent="50">
    <mem type="eden" free="1048552" total="1048576" percent="99" />
    <remembered-set count="2816" freebytes="3546496" totalbytes="3557760" percent="99" regionsoverflowed="0" regionsstable="17" regionsrebuilding="0"/>
  </mem-info>
</gc-end>
<cycle-end id="3540" type="partial gc" contextid="3532" timestamp="2019-07-07T05:36:21.246" />
  <attribute name="elasticGC enabled" value="1" />
  <attribute name= "numThreadsSpecified" value="1" />
  <attribute name="heapSize specified" value="0" />
  <attribute name="Current GC Util" value="279" />
  <attribute name= "Current Time Running" value="21938" />
  <attribute name ="GC Interval" value="0" />
  <attribute name="ProportionalT" value="129.500000" />
  <attribute name="ProportionalI" value="129.500000" />
  <attribute name="ProportionalH" value="129.500000" />
  <attribute name="Current Error" value="259.000000" />
  <attribute name="IntegralT" value="0.000000" />
  <attribute name="IntegralI" value="0.000000" />
  <attribute name="IntegralH" value="0.000000" />
  <attribute name="DerivativeT" value="inf" />
  <attribute name="DerivativeI" value="inf" />
  <attribute name="DerivativeH" value="inf" />
  <attribute name="Loop Time for DT" value="0.000000" />
  <attribute name="Output H" value="8388608"/>
  <attribute name="Output I" value="200"/>
  <attribute name="Output T" value="1"/>
  <attribute name="Target GC Util Change" value ="20.000000" />
  <attribute name="Current GC Util Change" value="279.000000"/>
  <attribute name="GC Util currently" value="279" />
  <attribute name="CPU Util currently" value="12729512479835" />
<exclusive-end id="3541" timestamp="2019-07-07T05:36:21.246" durationms="4.001" />

<exclusive-start id="3542" timestamp="2019-07-07T05:36:21.302" intervalms="59.702">
  <response-info timems="0.092" idlems="0.092" threads="0" lastid="000000000096B700" lastname="main" />
</exclusive-start>
<allocation-taxation id="3543" taxation-threshold="27262976" timestamp="2019-07-07T05:36:21.302" intervalms="59.690" />
<cycle-start id="3544" type="partial gc" contextid="0" timestamp="2019-07-07T05:36:21.302" intervalms="59.682" />
<gc-start id="3545" type="partial gc" contextid="3544" timestamp="2019-07-07T05:36:21.302">
  <mem-info id="3546" free="14680064" total="83886080" percent="17">
    <mem type="eden" free="1048552" total="28311552" percent="3" />
    <remembered-set count="2336" freebytes="3548416" totalbytes="3557760" percent="99" regionsoverflowed="0" regionsstable="17" regionsrebuilding="0"/>
  </mem-info>
</gc-start>
<allocation-stats totalBytes="27253576" >
  <allocated-bytes non-tlh="0" tlh="27253576" arrayletleaf="0"/>
  <largest-consumer threadName="main" threadId="000000000096B700" bytes="27253576" />
</allocation-stats>
<gc-op id="3547" type="copy forward" timems="2.515" contextid="3544" timestamp="2019-07-07T05:36:21.306">
  <memory-copied type="eden" objects="28" bytes="840" bytesdiscarded="1352" />
  <memory-copied type="other" objects="0" bytes="0" bytesdiscarded="0" />
  <memory-cardclean objects="160" bytes="13096" />
  <regions eden="26" other="1" />
  <remembered-set-cleared processed="359" cleared="19" durationms="0.095" />
  <references type="weak" candidates="2" cleared="0" enqueued="0" />
  <stringconstants candidates="13829" cleared="0"  />
</gc-op>
<gc-op id="3548" type="classunload" timems="0.003" contextid="3544" timestamp="2019-07-07T05:36:21.306">
  <classunload-info classloadercandidates="54" classloadersunloaded="0" classesunloaded="0" anonymousclassesunloaded="0" quiescems="0.000" setupms="0.003" scanms="0.000" postms="0.000" />
</gc-op>
<gc-end id="3549" type="partial gc" contextid="3544" durationms="4.005" usertimems="8.000" systemtimems="0.000" timestamp="2019-07-07T05:36:21.306" activeThreads="4">
  <mem-info id="3550" free="41943040" total="83886080" percent="50">
    <mem type="eden" free="1046384" total="1048576" percent="99" />
    <remembered-set count="2944" freebytes="3336704" totalbytes="3348480" percent="99" regionsoverflowed="0" regionsstable="17" regionsrebuilding="0"/>
  </mem-info>
</gc-end>
<cycle-end id="3551" type="partial gc" contextid="3544" timestamp="2019-07-07T05:36:21.307" />
  <attribute name="elasticGC enabled" value="1" />
  <attribute name= "numThreadsSpecified" value="4" />
  <attribute name="heapSize specified" value="0" />
  <attribute name="Current GC Util" value="183" />
  <attribute name= "Current Time Running" value="21998" />
  <attribute name ="GC Interval" value="0" />
  <attribute name="ProportionalT" value="81.500000" />
  <attribute name="ProportionalI" value="81.500000" />
  <attribute name="ProportionalH" value="81.500000" />
  <attribute name="Current Error" value="163.000000" />
  <attribute name="IntegralT" value="81.500000" />
  <attribute name="IntegralI" value="81.500000" />
  <attribute name="IntegralH" value="81.500000" />
  <attribute name="DerivativeT" value="163.000000" />
  <attribute name="DerivativeI" value="163.000000" />
  <attribute name="DerivativeH" value="163.000000" />
  <attribute name="Loop Time for DT" value="1.000000" />
  <attribute name="Output H" value="8388608"/>
  <attribute name="Output I" value="328"/>
  <attribute name="Output T" value="4"/>
  <attribute name="Target GC Util Change" value ="20.000000" />
  <attribute name="Current GC Util Change" value="183.000000"/>
  <attribute name="GC Util currently" value="183" />
  <attribute name="CPU Util currently" value="7521951615582" />
<exclusive-end id="3552" timestamp="2019-07-07T05:36:21.307" durationms="5.111" />

<exclusive-start id="3553" timestamp="2019-07-07T05:36:21.316" intervalms="14.003">
  <response-info timems="0.078" idlems="0.078" threads="0" lastid="000000000096B700" lastname="main" />
</exclusive-start>
<allocation-taxation id="3554" taxation-threshold="13631488" timestamp="2019-07-07T05:36:21.316" intervalms="13.989" />
<cycle-start id="3555" type="global mark phase" contextid="0" timestamp="2019-07-07T05:36:21.316" intervalms="1809.153" />
<gc-start id="3556" type="global mark phase" contextid="3555" timestamp="2019-07-07T05:36:21.316">
  <mem-info id="3557" free="28311552" total="83886080" percent="33">
    <remembered-set count="2464" freebytes="3338624" totalbytes="3348480" percent="99" regionsoverflowed="0" regionsstable="17" regionsrebuilding="0"/>
  </mem-info>
</gc-start>
<gc-op id="3558" type="mark increment" timems="0.975" contextid="3555" timestamp="2019-07-07T05:36:21.318">
  <trace-info objectcount="173" scancount="0" scanbytes="0" />
</gc-op>
<gc-end id="3559" type="global mark phase" contextid="3555" durationms="1.261" usertimems="4.000" systemtimems="0.000" timestamp="2019-07-07T05:36:21.318" activeThreads="4">
  <mem-info id="3560" free="28311552" total="83886080" percent="33">
    <remembered-set count="2464" freebytes="3338624" totalbytes="3348480" percent="99" regionsoverflowed="0" regionsstable="0" regionsrebuilding="17"/>
  </mem-info>
</gc-end>
<concurrent-start id="3561" type="GMP work packet processing" contextid="3555" timestamp="2019-07-07T05:36:21.318">
  <concurrent-mark-start scanTarget="1066004" />
</concurrent-start>
<exclusive-end id="3562" timestamp="2019-07-07T05:36:21.318" durationms="2.323" />

<concurrent-end id="3563" type="GMP work packet processing" contextid="3555" timestamp="2019-07-07T05:36:21.320">
  <concurrent-mark-end bytesScanned="1155184" reasonForTermination="Work target met" />
</concurrent-end>

<exclusive-start id="3564" timestamp="2019-07-07T05:36:21.323" intervalms="6.815">
  <response-info timems="0.091" idlems="0.091" threads="0" lastid="000000000096B700" lastname="main" />
</exclusive-start>
<allocation-taxation id="3565" taxation-threshold="13631488" timestamp="2019-07-07T05:36:21.323" intervalms="6.790" />
<cycle-start id="3566" type="partial gc" contextid="0" timestamp="2019-07-07T05:36:21.323" intervalms="20.781" />
<gc-start id="3567" type="partial gc" contextid="3566" timestamp="2019-07-07T05:36:21.323">
  <mem-info id="3568" free="14680064" total="83886080" percent="17">
    <mem type="eden" free="0" total="27262976" percent="0" />
    <remembered-set count="13312" freebytes="3295232" totalbytes="3348480" percent="98" regionsoverflowed="0" regionsstable="0" regionsrebuilding="17"/>
  </mem-info>
</gc-start>
<allocation-stats totalBytes="27233416" >
  <allocated-bytes non-tlh="0" tlh="27233416" arrayletleaf="0"/>
  <largest-consumer threadName="main" threadId="000000000096B700" bytes="13607464" />
</allocation-stats>
<gc-op id="3569" type="copy forward" timems="3.261" contextid="3566" timestamp="2019-07-07T05:36:21.327">
  <memory-copied type="eden" objects="23" bytes="1240" bytesdiscarded="696" />
  <memory-copied type="other" objects="9" bytes="224" bytesdiscarded="1376" />
  <memory-cardclean objects="77" bytes="10576" />
  <regions eden="26" other="1" />
  <remembered-set-cleared processed="10740" cleared="64" durationms="0.125" />
  <references type="weak" candidates="2" cleared="0" enqueued="0" />
  <stringconstants candidates="13829" cleared="0"  />
</gc-op>
<gc-op id="3570" type="classunload" timems="0.004" contextid="3566" timestamp="2019-07-07T05:36:21.328">
  <classunload-info classloadercandidates="54" classloadersunloaded="0" classesunloaded="0" anonymousclassesunloaded="0" quiescems="0.000" setupms="0.004" scanms="0.000" postms="0.000" />
</gc-op>
<heap-resize id="3571" type="expand" space="default" amount="14680064" count="1" timems="0.120" reason="excessive time being spent in gc" timestamp="2019-07-07T05:36:21.328" />
<gc-end id="3572" type="partial gc" contextid="3566" durationms="4.799" usertimems="8.000" systemtimems="0.000" timestamp="2019-07-07T05:36:21.328" activeThreads="4">
  <mem-info id="3573" free="55574528" total="98566144" percent="56">
    <mem type="eden" free="1046640" total="1048576" percent="99" />
    <remembered-set count="14048" freebytes="3878272" totalbytes="3934464" percent="98" regionsoverflowed="0" regionsstable="0" regionsrebuilding="17"/>
  </mem-info>
</gc-end>
<cycle-end id="3574" type="partial gc" contextid="3566" timestamp="2019-07-07T05:36:21.328" />
  <attribute name="elasticGC enabled" value="1" />
  <attribute name= "numThreadsSpecified" value="4" />
  <attribute name="heapSize specified" value="0" />
  <attribute name="Current GC Util" value="166" />
  <attribute name= "Current Time Running" value="22019" />
  <attribute name ="GC Interval" value="0" />
  <attribute name="ProportionalT" value="73.000000" />
  <attribute name="ProportionalI" value="73.000000" />
  <attribute name="ProportionalH" value="73.000000" />
  <attribute name="Current Error" value="146.000000" />
  <attribute name="IntegralT" value="73.000000" />
  <attribute name="IntegralI" value="73.000000" />
  <attribute name="IntegralH" value="73.000000" />
  <attribute name="DerivativeT" value="74.000000" />
  <attribute name="DerivativeI" value="74.000000" />
  <attribute name="DerivativeH" value="74.000000" />
  <attribute name="Loop Time for DT" value="1.000000" />
  <attribute name="Output H" value="8388608"/>
  <attribute name="Output I" value="224"/>
  <attribute name="Output T" value="4"/>
  <attribute name="Target GC Util Change" value ="20.000000" />
  <attribute name="Current GC Util Change" value="166.000000"/>
  <attribute name="GC Util currently" value="166" />
  <attribute name="CPU Util currently" value="14253615321815" />
<exclusive-end id="3575" timestamp="2019-07-07T05:36:21.329" durationms="6.009" />

<exclusive-start id="3576" timestamp="2019-07-07T05:36:21.333" intervalms="10.972">
  <response-info timems="0.080" idlems="0.080" threads="0" lastid="000000000096B700" lastname="main" />
</exclusive-start>
<allocation-taxation id="3577" taxation-threshold="15728640" timestamp="2019-07-07T05:36:21.334" intervalms="11.014" />
<gc-start id="3578" type="global mark phase" contextid="3555" timestamp="2019-07-07T05:36:21.334">
  <mem-info id="3579" free="39845888" total="98566144" percent="40">
    <remembered-set count="13664" freebytes="3879808" totalbytes="3934464" percent="98" regionsoverflowed="0" regionsstable="1" regionsrebuilding="17"/>
  </mem-info>
</gc-start>
<gc-end id="3580" type="global mark phase" contextid="3555" durationms="0.207" usertimems="0.000" systemtimems="0.000" timestamp="2019-07-07T05:36:21.334" activeThreads="4">
  <mem-info id="3581" free="39845888" total="98566144" percent="40">
    <remembered-set count="13664" freebytes="3879808" totalbytes="3934464" percent="98" regionsoverflowed="0" regionsstable="1" regionsrebuilding="17"/>
  </mem-info>
</gc-end>
<concurrent-start id="3582" type="GMP work packet processing" contextid="3555" timestamp="2019-07-07T05:36:21.334">
  <concurrent-mark-start scanTarget="1066004" />
</concurrent-start>
<exclusive-end id="3583" timestamp="2019-07-07T05:36:21.335" durationms="1.134" />

<concurrent-end id="3584" type="GMP work packet processing" contextid="3555" timestamp="2019-07-07T05:36:21.336">
  <concurrent-mark-end bytesScanned="1112020" reasonForTermination="Work target met" />
</concurrent-end>

<exclusive-start id="3585" timestamp="2019-07-07T05:36:21.340" intervalms="6.863">
  <response-info timems="0.065" idlems="0.065" threads="0" lastid="000000000096B700" lastname="main" />
</exclusive-start>
<allocation-taxation id="3586" taxation-threshold="15728640" timestamp="2019-07-07T05:36:21.341" intervalms="6.816" />
<cycle-start id="3587" type="partial gc" contextid="0" timestamp="2019-07-07T05:36:21.341" intervalms="17.785" />
<gc-start id="3588" type="partial gc" contextid="3587" timestamp="2019-07-07T05:36:21.341">
  <mem-info id="3589" free="24117248" total="98566144" percent="24">
    <mem type="eden" free="0" total="31457280" percent="0" />
    <remembered-set count="26496" freebytes="3828480" totalbytes="3934464" percent="97" regionsoverflowed="0" regionsstable="1" regionsrebuilding="17"/>
  </mem-info>
</gc-start>
<allocation-stats totalBytes="31402704" >
  <allocated-bytes non-tlh="0" tlh="31402704" arrayletleaf="0"/>
  <largest-consumer threadName="main" threadId="000000000096B700" bytes="15700608" />
</allocation-stats>
<gc-op id="3590" type="copy forward" timems="1.332" contextid="3587" timestamp="2019-07-07T05:36:21.343">
  <memory-copied type="eden" objects="2" bytes="40" bytesdiscarded="0" />
  <memory-copied type="other" objects="21" bytes="1200" bytesdiscarded="0" />
  <memory-cardclean objects="42" bytes="1544" />
  <regions eden="30" other="1" />
  <remembered-set-cleared processed="23901" cleared="40" durationms="0.254" />
  <stringconstants candidates="13829" cleared="0"  />
</gc-op>
<gc-op id="3591" type="classunload" timems="0.004" contextid="3587" timestamp="2019-07-07T05:36:21.343">
  <classunload-info classloadercandidates="54" classloadersunloaded="0" classesunloaded="0" anonymousclassesunloaded="0" quiescems="0.000" setupms="0.004" scanms="0.000" postms="0.000" />
</gc-op>
<heap-resize id="3592" type="expand" space="default" amount="11534336" count="1" timems="0.066" reason="excessive time being spent in gc" timestamp="2019-07-07T05:36:21.344" />
<gc-end id="3593" type="partial gc" contextid="3587" durationms="2.796" usertimems="0.000" systemtimems="0.000" timestamp="2019-07-07T05:36:21.344" activeThreads="1">
  <mem-info id="3594" free="66060288" total="110100480" percent="60">
    <mem type="eden" free="1048536" total="1048576" percent="99" />
    <remembered-set count="26912" freebytes="4287232" totalbytes="4394880" percent="97" regionsoverflowed="0" regionsstable="1" regionsrebuilding="17"/>
  </mem-info>
</gc-end>
<cycle-end id="3595" type="partial gc" contextid="3587" timestamp="2019-07-07T05:36:21.344" />
  <attribute name="elasticGC enabled" value="1" />
  <attribute name= "numThreadsSpecified" value="1" />
  <attribute name="heapSize specified" value="0" />
  <attribute name="Current GC Util" value="165" />
  <attribute name= "Current Time Running" value="22036" />
  <attribute name ="GC Interval" value="0" />
  <attribute name="ProportionalT" value="72.500000" />
  <attribute name="ProportionalI" value="72.500000" />
  <attribute name="ProportionalH" value="72.500000" />
  <attribute name="Current Error" value="145.000000" />
  <attribute name="IntegralT" value="0.000000" />
  <attribute name="IntegralI" value="0.000000" />
  <attribute name="IntegralH" value="0.000000" />
  <attribute name="DerivativeT" value="inf" />
  <attribute name="DerivativeI" value="inf" />
  <attribute name="DerivativeH" value="inf" />
  <attribute name="Loop Time for DT" value="0.000000" />
  <attribute name="Output H" value="8388608"/>
  <attribute name="Output I" value="200"/>
  <attribute name="Output T" value="1"/>
  <attribute name="Target GC Util Change" value ="20.000000" />
  <attribute name="Current GC Util Change" value="165.000000"/>
  <attribute name="GC Util currently" value="165" />
  <attribute name="CPU Util currently" value="14981226611226" />
<exclusive-end id="3596" timestamp="2019-07-07T05:36:21.344" durationms="3.931" />

<exclusive-start id="3597" timestamp="2019-07-07T05:36:21.349" intervalms="9.137">
  <response-info timems="0.079" idlems="0.079" threads="0" lastid="000000000096B700" lastname="main" />
</exclusive-start>
<allocation-taxation id="3598" taxation-threshold="16777216" timestamp="2019-07-07T05:36:21.350" intervalms="9.186" />
<gc-start id="3599" type="global mark phase" contextid="3555" timestamp="2019-07-07T05:36:21.350">
  <mem-info id="3600" free="49283072" total="110100480" percent="44">
    <remembered-set count="26496" freebytes="4288896" totalbytes="4394880" percent="97" regionsoverflowed="0" regionsstable="1" regionsrebuilding="17"/>
  </mem-info>
</gc-start>
<gc-end id="3601" type="global mark phase" contextid="3555" durationms="0.206" usertimems="0.000" systemtimems="0.000" timestamp="2019-07-07T05:36:21.350" activeThreads="1">
  <mem-info id="3602" free="49283072" total="110100480" percent="44">
    <remembered-set count="26496" freebytes="4288896" totalbytes="4394880" percent="97" regionsoverflowed="0" regionsstable="1" regionsrebuilding="17"/>
  </mem-info>
</gc-end>
<concurrent-start id="3603" type="GMP work packet processing" contextid="3555" timestamp="2019-07-07T05:36:21.350">
  <concurrent-mark-start scanTarget="1048576" />
</concurrent-start>
<exclusive-end id="3604" timestamp="2019-07-07T05:36:21.351" durationms="1.096" />

<concurrent-end id="3605" type="GMP work packet processing" contextid="3555" timestamp="2019-07-07T05:36:21.352">
  <concurrent-mark-end bytesScanned="1106932" reasonForTermination="Work target met" />
</concurrent-end>

<exclusive-start id="3606" timestamp="2019-07-07T05:36:21.356" intervalms="6.587">
  <response-info timems="0.050" idlems="0.050" threads="0" lastid="000000000096B700" lastname="main" />
</exclusive-start>
<allocation-taxation id="3607" taxation-threshold="16777216" timestamp="2019-07-07T05:36:21.356" intervalms="6.545" />
<cycle-start id="3608" type="partial gc" contextid="0" timestamp="2019-07-07T05:36:21.356" intervalms="15.761" />
<gc-start id="3609" type="partial gc" contextid="3608" timestamp="2019-07-07T05:36:21.357">
  <mem-info id="3610" free="32505856" total="110100480" percent="29">
    <mem type="eden" free="1048536" total="34603008" percent="3" />
    <remembered-set count="36384" freebytes="4249344" totalbytes="4394880" percent="96" regionsoverflowed="0" regionsstable="1" regionsrebuilding="17"/>
  </mem-info>
</gc-start>
<allocation-stats totalBytes="33494864" >
  <allocated-bytes non-tlh="0" tlh="33494864" arrayletleaf="0"/>
  <largest-consumer threadName="main" threadId="000000000096B700" bytes="16747368" />
</allocation-stats>
<gc-op id="3611" type="copy forward" timems="1.528" contextid="3608" timestamp="2019-07-07T05:36:21.359">
  <memory-copied type="eden" objects="3" bytes="72" bytesdiscarded="0" />
  <memory-copied type="other" objects="0" bytes="0" bytesdiscarded="0" />
  <memory-cardclean objects="12" bytes="432" />
  <regions eden="32" other="1" />
  <remembered-set-cleared processed="33183" cleared="6" durationms="0.300" />
  <stringconstants candidates="13829" cleared="0"  />
</gc-op>
<gc-op id="3612" type="classunload" timems="0.003" contextid="3608" timestamp="2019-07-07T05:36:21.359">
  <classunload-info classloadercandidates="54" classloadersunloaded="0" classesunloaded="0" anonymousclassesunloaded="0" quiescems="0.000" setupms="0.003" scanms="0.000" postms="0.000" />
</gc-op>
<gc-end id="3613" type="partial gc" contextid="3608" durationms="2.845" usertimems="4.000" systemtimems="0.000" timestamp="2019-07-07T05:36:21.360" activeThreads="1">
  <mem-info id="3614" free="66060288" total="110100480" percent="60">
    <mem type="eden" free="1048504" total="1048576" percent="99" />
    <remembered-set count="36896" freebytes="4247296" totalbytes="4394880" percent="96" regionsoverflowed="0" regionsstable="1" regionsrebuilding="17"/>
  </mem-info>
</gc-end>
<cycle-end id="3615" type="partial gc" contextid="3608" timestamp="2019-07-07T05:36:21.360" />
  <attribute name="elasticGC enabled" value="1" />
  <attribute name= "numThreadsSpecified" value="1" />
  <attribute name="heapSize specified" value="0" />
  <attribute name="Current GC Util" value="158" />
  <attribute name= "Current Time Running" value="22052" />
  <attribute name ="GC Interval" value="0" />
  <attribute name="ProportionalT" value="69.000000" />
  <attribute name="ProportionalI" value="69.000000" />
  <attribute name="ProportionalH" value="69.000000" />
  <attribute name="Current Error" value="138.000000" />
  <attribute name="IntegralT" value="0.000000" />
  <attribute name="IntegralI" value="0.000000" />
  <attribute name="IntegralH" value="0.000000" />
  <attribute name="DerivativeT" value="inf" />
  <attribute name="DerivativeI" value="inf" />
  <attribute name="DerivativeH" value="inf" />
  <attribute name="Loop Time for DT" value="0.000000" />
  <attribute name="Output H" value="8388608"/>
  <attribute name="Output I" value="200"/>
  <attribute name="Output T" value="1"/>
  <attribute name="Target GC Util Change" value ="20.000000" />
  <attribute name="Current GC Util Change" value="158.000000"/>
  <attribute name="GC Util currently" value="158" />
  <attribute name="CPU Util currently" value="13613471431914" />
<exclusive-end id="3616" timestamp="2019-07-07T05:36:21.360" durationms="4.070" />

<exclusive-start id="3617" timestamp="2019-07-07T05:36:21.366" intervalms="9.637">
  <response-info timems="0.080" idlems="0.080" threads="0" lastid="000000000096B700" lastname="main" />
</exclusive-start>
<allocation-taxation id="3618" taxation-threshold="16777216" timestamp="2019-07-07T05:36:21.366" intervalms="9.667" />
<gc-start id="3619" type="global mark phase" contextid="3555" timestamp="2019-07-07T05:36:21.366">
  <mem-info id="3620" free="49283072" total="110100480" percent="44">
    <remembered-set count="36416" freebytes="4249216" totalbytes="4394880" percent="96" regionsoverflowed="0" regionsstable="1" regionsrebuilding="17"/>
  </mem-info>
</gc-start>
<gc-end id="3621" type="global mark phase" contextid="3555" durationms="0.208" usertimems="0.000" systemtimems="0.000" timestamp="2019-07-07T05:36:21.366" activeThreads="1">
  <mem-info id="3622" free="49283072" total="110100480" percent="44">
    <remembered-set count="36416" freebytes="4249216" totalbytes="4394880" percent="96" regionsoverflowed="0" regionsstable="1" regionsrebuilding="17"/>
  </mem-info>
</gc-end>
<concurrent-start id="3623" type="GMP work packet processing" contextid="3555" timestamp="2019-07-07T05:36:21.367">
  <concurrent-mark-start scanTarget="1048576" />
</concurrent-start>
<exclusive-end id="3624" timestamp="2019-07-07T05:36:21.367" durationms="1.104" />

<concurrent-end id="3625" type="GMP work packet processing" contextid="3555" timestamp="2019-07-07T05:36:21.368">
  <concurrent-mark-end bytesScanned="1102800" reasonForTermination="Work target met" />
</concurrent-end>

<exclusive-start id="3626" timestamp="2019-07-07T05:36:21.372" intervalms="6.414">
  <response-info timems="0.075" idlems="0.075" threads="0" lastid="000000000096B700" lastname="main" />
</exclusive-start>
<allocation-taxation id="3627" taxation-threshold="16777216" timestamp="2019-07-07T05:36:21.372" intervalms="6.350" />
<cycle-start id="3628" type="partial gc" contextid="0" timestamp="2019-07-07T05:36:21.372" intervalms="15.965" />
<gc-start id="3629" type="partial gc" contextid="3628" timestamp="2019-07-07T05:36:21.373">
  <mem-info id="3630" free="32505856" total="110100480" percent="29">
    <mem type="eden" free="1048504" total="34603008" percent="3" />
    <remembered-set count="44672" freebytes="4216192" totalbytes="4394880" percent="95" regionsoverflowed="0" regionsstable="1" regionsrebuilding="17"/>
  </mem-info>
</gc-start>
<allocation-stats totalBytes="33495232" >
  <allocated-bytes non-tlh="0" tlh="33495232" arrayletleaf="0"/>
  <largest-consumer threadName="main" threadId="000000000096B700" bytes="16747072" />
</allocation-stats>
<gc-op id="3631" type="copy forward" timems="1.537" contextid="3628" timestamp="2019-07-07T05:36:21.375">
  <memory-copied type="eden" objects="2" bytes="40" bytesdiscarded="0" />
  <memory-copied type="other" objects="0" bytes="0" bytesdiscarded="0" />
  <memory-cardclean objects="12" bytes="432" />
  <regions eden="32" other="1" />
  <remembered-set-cleared processed="41737" cleared="8" durationms="0.356" />
  <stringconstants candidates="13829" cleared="0"  />
</gc-op>
<gc-op id="3632" type="classunload" timems="0.003" contextid="3628" timestamp="2019-07-07T05:36:21.375">
  <classunload-info classloadercandidates="54" classloadersunloaded="0" classesunloaded="0" anonymousclassesunloaded="0" quiescems="0.000" setupms="0.003" scanms="0.000" postms="0.000" />
</gc-op>
<gc-end id="3633" type="partial gc" contextid="3628" durationms="2.776" usertimems="4.000" systemtimems="0.000" timestamp="2019-07-07T05:36:21.375" activeThreads="1">
  <mem-info id="3634" free="66060288" total="110100480" percent="60">
    <mem type="eden" free="1048536" total="1048576" percent="99" />
    <remembered-set count="45184" freebytes="4214144" totalbytes="4394880" percent="95" regionsoverflowed="0" regionsstable="1" regionsrebuilding="17"/>
  </mem-info>
</gc-end>
<cycle-end id="3635" type="partial gc" contextid="3628" timestamp="2019-07-07T05:36:21.376" />
  <attribute name="elasticGC enabled" value="1" />
  <attribute name= "numThreadsSpecified" value="1" />
  <attribute name="heapSize specified" value="0" />
  <attribute name="Current GC Util" value="155" />
  <attribute name= "Current Time Running" value="22068" />
  <attribute name ="GC Interval" value="0" />
  <attribute name="ProportionalT" value="67.500000" />
  <attribute name="ProportionalI" value="67.500000" />
  <attribute name="ProportionalH" value="67.500000" />
  <attribute name="Current Error" value="135.000000" />
  <attribute name="IntegralT" value="0.000000" />
  <attribute name="IntegralI" value="0.000000" />
  <attribute name="IntegralH" value="0.000000" />
  <attribute name="DerivativeT" value="inf" />
  <attribute name="DerivativeI" value="inf" />
  <attribute name="DerivativeH" value="inf" />
  <attribute name="Loop Time for DT" value="0.000000" />
  <attribute name="Output H" value="8388608"/>
  <attribute name="Output I" value="200"/>
  <attribute name="Output T" value="1"/>
  <attribute name="Target GC Util Change" value ="20.000000" />
  <attribute name="Current GC Util Change" value="155.000000"/>
  <attribute name="GC Util currently" value="155" />
  <attribute name="CPU Util currently" value="13905153786174" />
<exclusive-end id="3636" timestamp="2019-07-07T05:36:21.376" durationms="3.722" />

<exclusive-start id="3637" timestamp="2019-07-07T05:36:21.381" intervalms="9.190">
  <response-info timems="0.078" idlems="0.078" threads="0" lastid="000000000096B700" lastname="main" />
</exclusive-start>
<allocation-taxation id="3638" taxation-threshold="16777216" timestamp="2019-07-07T05:36:21.381" intervalms="9.172" />
<gc-start id="3639" type="global mark phase" contextid="3555" timestamp="2019-07-07T05:36:21.382">
  <mem-info id="3640" free="49283072" total="110100480" percent="44">
    <remembered-set count="44704" freebytes="4216064" totalbytes="4394880" percent="95" regionsoverflowed="0" regionsstable="1" regionsrebuilding="17"/>
  </mem-info>
</gc-start>
<gc-end id="3641" type="global mark phase" contextid="3555" durationms="0.188" usertimems="0.000" systemtimems="0.000" timestamp="2019-07-07T05:36:21.382" activeThreads="1">
  <mem-info id="3642" free="49283072" total="110100480" percent="44">
    <remembered-set count="44704" freebytes="4216064" totalbytes="4394880" percent="95" regionsoverflowed="0" regionsstable="1" regionsrebuilding="17"/>
  </mem-info>
</gc-end>
<concurrent-start id="3643" type="GMP work packet processing" contextid="3555" timestamp="2019-07-07T05:36:21.382">
  <concurrent-mark-start scanTarget="1048576" />
</concurrent-start>
<exclusive-end id="3644" timestamp="2019-07-07T05:36:21.382" durationms="0.856" />

<concurrent-end id="3645" type="GMP work packet processing" contextid="3555" timestamp="2019-07-07T05:36:21.383">
  <concurrent-mark-end bytesScanned="1098336" reasonForTermination="Work target met" />
</concurrent-end>

<exclusive-start id="3646" timestamp="2019-07-07T05:36:21.387" intervalms="5.982">
  <response-info timems="0.069" idlems="0.069" threads="0" lastid="000000000096B700" lastname="main" />
</exclusive-start>
<allocation-taxation id="3647" taxation-threshold="16777216" timestamp="2019-07-07T05:36:21.387" intervalms="6.003" />
<cycle-start id="3648" type="partial gc" contextid="0" timestamp="2019-07-07T05:36:21.388" intervalms="15.189" />
<gc-start id="3649" type="partial gc" contextid="3648" timestamp="2019-07-07T05:36:21.388">
  <mem-info id="3650" free="32505856" total="110100480" percent="29">
    <mem type="eden" free="1048536" total="34603008" percent="3" />
    <remembered-set count="56480" freebytes="4168960" totalbytes="4394880" percent="94" regionsoverflowed="0" regionsstable="1" regionsrebuilding="17"/>
  </mem-info>
</gc-start>
<allocation-stats totalBytes="33494856" >
  <allocated-bytes non-tlh="0" tlh="33494856" arrayletleaf="0"/>
  <largest-consumer threadName="main" threadId="000000000096B700" bytes="16747360" />
</allocation-stats>
<gc-op id="3651" type="copy forward" timems="1.531" contextid="3648" timestamp="2019-07-07T05:36:21.390">
  <memory-copied type="eden" objects="2" bytes="40" bytesdiscarded="0" />
  <memory-copied type="other" objects="0" bytes="0" bytesdiscarded="0" />
  <memory-cardclean objects="12" bytes="432" />
  <regions eden="32" other="1" />
  <remembered-set-cleared processed="53565" cleared="6" durationms="0.412" />
  <stringconstants candidates="13829" cleared="0"  />
</gc-op>
<gc-op id="3652" type="classunload" timems="0.003" contextid="3648" timestamp="2019-07-07T05:36:21.390">
  <classunload-info classloadercandidates="54" classloadersunloaded="0" classesunloaded="0" anonymousclassesunloaded="0" quiescems="0.000" setupms="0.003" scanms="0.000" postms="0.000" />
</gc-op>
<gc-end id="3653" type="partial gc" contextid="3648" durationms="2.815" usertimems="4.000" systemtimems="0.000" timestamp="2019-07-07T05:36:21.391" activeThreads="1">
  <mem-info id="3654" free="66060288" total="110100480" percent="60">
    <mem type="eden" free="1048536" total="1048576" percent="99" />
    <remembered-set count="56960" freebytes="4167040" totalbytes="4394880" percent="94" regionsoverflowed="0" regionsstable="1" regionsrebuilding="17"/>
  </mem-info>
</gc-end>
<cycle-end id="3655" type="partial gc" contextid="3648" timestamp="2019-07-07T05:36:21.391" />
  <attribute name="elasticGC enabled" value="1" />
  <attribute name= "numThreadsSpecified" value="1" />
  <attribute name="heapSize specified" value="0" />
  <attribute name="Current GC Util" value="153" />
  <attribute name= "Current Time Running" value="22083" />
  <attribute name ="GC Interval" value="0" />
  <attribute name="ProportionalT" value="66.500000" />
  <attribute name="ProportionalI" value="66.500000" />
  <attribute name="ProportionalH" value="66.500000" />
  <attribute name="Current Error" value="133.000000" />
  <attribute name="IntegralT" value="0.000000" />
  <attribute name="IntegralI" value="0.000000" />
  <attribute name="IntegralH" value="0.000000" />
  <attribute name="DerivativeT" value="inf" />
  <attribute name="DerivativeI" value="inf" />
  <attribute name="DerivativeH" value="inf" />
  <attribute name="Loop Time for DT" value="0.000000" />
  <attribute name="Output H" value="8388608"/>
  <attribute name="Output I" value="200"/>
  <attribute name="Output T" value="1"/>
  <attribute name="Target GC Util Change" value ="20.000000" />
  <attribute name="Current GC Util Change" value="153.000000"/>
  <attribute name="GC Util currently" value="153" />
  <attribute name="CPU Util currently" value="13867396674520" />
<exclusive-end id="3656" timestamp="2019-07-07T05:36:21.391" durationms="3.870" />

<exclusive-start id="3657" timestamp="2019-07-07T05:36:21.396" intervalms="9.130">
  <response-info timems="0.076" idlems="0.076" threads="0" lastid="000000000096B700" lastname="main" />
</exclusive-start>
<allocation-taxation id="3658" taxation-threshold="16777216" timestamp="2019-07-07T05:36:21.397" intervalms="9.177" />
<gc-start id="3659" type="global mark phase" contextid="3555" timestamp="2019-07-07T05:36:21.397">
  <mem-info id="3660" free="49283072" total="110100480" percent="44">
    <remembered-set count="56480" freebytes="4168960" totalbytes="4394880" percent="94" regionsoverflowed="0" regionsstable="1" regionsrebuilding="17"/>
  </mem-info>
</gc-start>
<gc-end id="3661" type="global mark phase" contextid="3555" durationms="0.203" usertimems="0.000" systemtimems="0.000" timestamp="2019-07-07T05:36:21.397" activeThreads="1">
  <mem-info id="3662" free="49283072" total="110100480" percent="44">
    <remembered-set count="56480" freebytes="4168960" totalbytes="4394880" percent="94" regionsoverflowed="0" regionsstable="1" regionsrebuilding="17"/>
  </mem-info>
</gc-end>
<concurrent-start id="3663" type="GMP work packet processing" contextid="3555" timestamp="2019-07-07T05:36:21.397">
  <concurrent-mark-start scanTarget="1048576" />
</concurrent-start>
<exclusive-end id="3664" timestamp="2019-07-07T05:36:21.397" durationms="1.021" />

<concurrent-end id="3665" type="GMP work packet processing" contextid="3555" timestamp="2019-07-07T05:36:21.399">
  <concurrent-mark-end bytesScanned="1096244" reasonForTermination="Work target met" />
</concurrent-end>

<exclusive-start id="3666" timestamp="2019-07-07T05:36:21.403" intervalms="6.232">
  <response-info timems="0.071" idlems="0.071" threads="0" lastid="000000000096B700" lastname="main" />
</exclusive-start>
<allocation-taxation id="3667" taxation-threshold="16777216" timestamp="2019-07-07T05:36:21.403" intervalms="6.162" />
<cycle-start id="3668" type="partial gc" contextid="0" timestamp="2019-07-07T05:36:21.403" intervalms="15.338" />
<gc-start id="3669" type="partial gc" contextid="3668" timestamp="2019-07-07T05:36:21.403">
  <mem-info id="3670" free="32505856" total="110100480" percent="29">
    <mem type="eden" free="1048536" total="34603008" percent="3" />
    <remembered-set count="64320" freebytes="4137600" totalbytes="4394880" percent="94" regionsoverflowed="0" regionsstable="1" regionsrebuilding="17"/>
  </mem-info>
</gc-start>
<allocation-stats totalBytes="33496352" >
  <allocated-bytes non-tlh="0" tlh="33496352" arrayletleaf="0"/>
  <largest-consumer threadName="main" threadId="000000000096B700" bytes="16747368" />
</allocation-stats>
<gc-op id="3671" type="copy forward" timems="1.535" contextid="3668" timestamp="2019-07-07T05:36:21.406">
  <memory-copied type="eden" objects="3" bytes="72" bytesdiscarded="0" />
  <memory-copied type="other" objects="0" bytes="0" bytesdiscarded="0" />
  <memory-cardclean objects="12" bytes="432" />
  <regions eden="32" other="1" />
  <remembered-set-cleared processed="60990" cleared="7" durationms="0.448" />
  <stringconstants candidates="13829" cleared="0"  />
</gc-op>
<gc-op id="3672" type="classunload" timems="0.003" contextid="3668" timestamp="2019-07-07T05:36:21.406">
  <classunload-info classloadercandidates="54" classloadersunloaded="0" classesunloaded="0" anonymousclassesunloaded="0" quiescems="0.000" setupms="0.003" scanms="0.000" postms="0.000" />
</gc-op>
<gc-end id="3673" type="partial gc" contextid="3668" durationms="2.752" usertimems="4.000" systemtimems="0.000" timestamp="2019-07-07T05:36:21.406" activeThreads="1">
  <mem-info id="3674" free="66060288" total="110100480" percent="60">
    <mem type="eden" free="1048504" total="1048576" percent="99" />
    <remembered-set count="64800" freebytes="4135680" totalbytes="4394880" percent="94" regionsoverflowed="0" regionsstable="1" regionsrebuilding="17"/>
  </mem-info>
</gc-end>
<cycle-end id="3675" type="partial gc" contextid="3668" timestamp="2019-07-07T05:36:21.406" />
  <attribute name="elasticGC enabled" value="1" />
  <attribute name= "numThreadsSpecified" value="1" />
  <attribute name="heapSize specified" value="0" />
  <attribute name="Current GC Util" value="158" />
  <attribute name= "Current Time Running" value="22098" />
  <attribute name ="GC Interval" value="0" />
  <attribute name="ProportionalT" value="69.000000" />
  <attribute name="ProportionalI" value="69.000000" />
  <attribute name="ProportionalH" value="69.000000" />
  <attribute name="Current Error" value="138.000000" />
  <attribute name="IntegralT" value="0.000000" />
  <attribute name="IntegralI" value="0.000000" />
  <attribute name="IntegralH" value="0.000000" />
  <attribute name="DerivativeT" value="inf" />
  <attribute name="DerivativeI" value="inf" />
  <attribute name="DerivativeH" value="inf" />
  <attribute name="Loop Time for DT" value="0.000000" />
  <attribute name="Output H" value="8388608"/>
  <attribute name="Output I" value="200"/>
  <attribute name="Output T" value="1"/>
  <attribute name="Target GC Util Change" value ="20.000000" />
  <attribute name="Current GC Util Change" value="158.000000"/>
  <attribute name="GC Util currently" value="158" />
  <attribute name="CPU Util currently" value="13112295087503" />
<exclusive-end id="3676" timestamp="2019-07-07T05:36:21.406" durationms="3.738" />

<exclusive-start id="3677" timestamp="2019-07-07T05:36:21.418" intervalms="14.980">
  <response-info timems="0.032" idlems="0.032" threads="0" lastid="000000000096B700" lastname="main" />
</exclusive-start>
<allocation-taxation id="3678" taxation-threshold="16777216" timestamp="2019-07-07T05:36:21.418" intervalms="15.008" />
<gc-start id="3679" type="global mark phase" contextid="3555" timestamp="2019-07-07T05:36:21.418">
  <mem-info id="3680" free="49283072" total="110100480" percent="44">
    <remembered-set count="64320" freebytes="4137600" totalbytes="4394880" percent="94" regionsoverflowed="0" regionsstable="1" regionsrebuilding="17"/>
  </mem-info>
</gc-start>
<gc-end id="3681" type="global mark phase" contextid="3555" durationms="0.144" usertimems="0.000" systemtimems="0.000" timestamp="2019-07-07T05:36:21.418" activeThreads="1">
  <mem-info id="3682" free="49283072" total="110100480" percent="44">
    <remembered-set count="64320" freebytes="4137600" totalbytes="4394880" percent="94" regionsoverflowed="0" regionsstable="1" regionsrebuilding="17"/>
  </mem-info>
</gc-end>
<concurrent-start id="3683" type="GMP work packet processing" contextid="3555" timestamp="2019-07-07T05:36:21.418">
  <concurrent-mark-start scanTarget="1048576" />
</concurrent-start>
<exclusive-end id="3684" timestamp="2019-07-07T05:36:21.418" durationms="0.732" />

<concurrent-end id="3685" type="GMP work packet processing" contextid="3555" timestamp="2019-07-07T05:36:21.420">
  <concurrent-mark-end bytesScanned="1090180" reasonForTermination="Work target met" />
</concurrent-end>

<exclusive-start id="3686" timestamp="2019-07-07T05:36:21.451" intervalms="33.082">
  <response-info timems="0.078" idlems="0.078" threads="0" lastid="000000000096B700" lastname="main" />
</exclusive-start>
<allocation-taxation id="3687" taxation-threshold="16777216" timestamp="2019-07-07T05:36:21.451" intervalms="33.158" />
<cycle-start id="3688" type="partial gc" contextid="0" timestamp="2019-07-07T05:36:21.451" intervalms="48.216" />
<gc-start id="3689" type="partial gc" contextid="3688" timestamp="2019-07-07T05:36:21.451">
  <mem-info id="3690" free="32505856" total="110100480" percent="29">
    <mem type="eden" free="1048504" total="34603008" percent="3" />
    <remembered-set count="74624" freebytes="4096384" totalbytes="4394880" percent="93" regionsoverflowed="0" regionsstable="1" regionsrebuilding="17"/>
  </mem-info>
</gc-start>
<allocation-stats totalBytes="33522280" >
  <allocated-bytes non-tlh="0" tlh="33522280" arrayletleaf="0"/>
  <largest-consumer threadName="main" threadId="000000000096B700" bytes="16771176" />
</allocation-stats>
<gc-op id="3691" type="copy forward" timems="3.444" contextid="3688" timestamp="2019-07-07T05:36:21.456">
  <memory-copied type="eden" objects="34" bytes="1416" bytesdiscarded="624" />
  <memory-copied type="other" objects="0" bytes="0" bytesdiscarded="0" />
  <memory-cardclean objects="99" bytes="2904" />
  <regions eden="32" other="1" />
  <remembered-set-cleared processed="71192" cleared="38" durationms="0.303" />
  <stringconstants candidates="13829" cleared="0"  />
</gc-op>
<gc-op id="3692" type="classunload" timems="0.003" contextid="3688" timestamp="2019-07-07T05:36:21.456">
  <classunload-info classloadercandidates="54" classloadersunloaded="0" classesunloaded="0" anonymousclassesunloaded="0" quiescems="0.000" setupms="0.003" scanms="0.000" postms="0.000" />
</gc-op>
<gc-end id="3693" type="partial gc" contextid="3688" durationms="4.641" usertimems="8.000" systemtimems="4.000" timestamp="2019-07-07T05:36:21.456" activeThreads="4">
  <mem-info id="3694" free="66060288" total="110100480" percent="60">
    <mem type="eden" free="1046536" total="1048576" percent="99" />
    <remembered-set count="74432" freebytes="4097152" totalbytes="4394880" percent="93" regionsoverflowed="0" regionsstable="1" regionsrebuilding="17"/>
  </mem-info>
</gc-end>
<cycle-end id="3695" type="partial gc" contextid="3688" timestamp="2019-07-07T05:36:21.456" />
  <attribute name="elasticGC enabled" value="1" />
  <attribute name= "numThreadsSpecified" value="4" />
  <attribute name="heapSize specified" value="0" />
  <attribute name="Current GC Util" value="155" />
  <attribute name= "Current Time Running" value="22147" />
  <attribute name ="GC Interval" value="0" />
  <attribute name="ProportionalT" value="67.500000" />
  <attribute name="ProportionalI" value="67.500000" />
  <attribute name="ProportionalH" value="67.500000" />
  <attribute name="Current Error" value="135.000000" />
  <attribute name="IntegralT" value="67.500000" />
  <attribute name="IntegralI" value="67.500000" />
  <attribute name="IntegralH" value="67.500000" />
  <attribute name="DerivativeT" value="135.000000" />
  <attribute name="DerivativeI" value="135.000000" />
  <attribute name="DerivativeH" value="135.000000" />
  <attribute name="Loop Time for DT" value="1.000000" />
  <attribute name="Output H" value="8388608"/>
  <attribute name="Output I" value="272"/>
  <attribute name="Output T" value="4"/>
  <attribute name="Target GC Util Change" value ="20.000000" />
  <attribute name="Current GC Util Change" value="155.000000"/>
  <attribute name="GC Util currently" value="155" />
  <attribute name="CPU Util currently" value="13312989039367" />
<exclusive-end id="3696" timestamp="2019-07-07T05:36:21.457" durationms="5.863" />

<exclusive-start id="3697" timestamp="2019-07-07T05:36:21.488" intervalms="36.823">
  <response-info timems="0.075" idlems="0.075" threads="0" lastid="000000000096B700" lastname="main" />
</exclusive-start>
<allocation-taxation id="3698" taxation-threshold="16777216" timestamp="2019-07-07T05:36:21.488" intervalms="36.742" />
<gc-start id="3699" type="global mark phase" contextid="3555" timestamp="2019-07-07T05:36:21.488">
  <mem-info id="3700" free="49283072" total="110100480" percent="44">
    <remembered-set count="74432" freebytes="4097152" totalbytes="4394880" percent="93" regionsoverflowed="0" regionsstable="1" regionsrebuilding="17"/>
  </mem-info>
</gc-start>
<gc-end id="3701" type="global mark phase" contextid="3555" durationms="0.199" usertimems="0.000" systemtimems="0.000" timestamp="2019-07-07T05:36:21.488" activeThreads="4">
  <mem-info id="3702" free="49283072" total="110100480" percent="44">
    <remembered-set count="74432" freebytes="4097152" totalbytes="4394880" percent="93" regionsoverflowed="0" regionsstable="1" regionsrebuilding="17"/>
  </mem-info>
</gc-end>
<concurrent-start id="3703" type="GMP work packet processing" contextid="3555" timestamp="2019-07-07T05:36:21.488">
  <concurrent-mark-start scanTarget="1066004" />
</concurrent-start>
<exclusive-end id="3704" timestamp="2019-07-07T05:36:21.488" durationms="0.955" />

<concurrent-end id="3705" type="GMP work packet processing" contextid="3555" timestamp="2019-07-07T05:36:21.490">
  <concurrent-mark-end bytesScanned="1104456" reasonForTermination="Work target met" />
</concurrent-end>

<exclusive-start id="3706" timestamp="2019-07-07T05:36:21.514" intervalms="26.376">
  <response-info timems="0.073" idlems="0.073" threads="0" lastid="000000000096B700" lastname="main" />
</exclusive-start>
<allocation-taxation id="3707" taxation-threshold="16777216" timestamp="2019-07-07T05:36:21.514" intervalms="26.437" />
<cycle-start id="3708" type="partial gc" contextid="0" timestamp="2019-07-07T05:36:21.514" intervalms="63.160" />
<gc-start id="3709" type="partial gc" contextid="3708" timestamp="2019-07-07T05:36:21.515">
  <mem-info id="3710" free="32505856" total="110100480" percent="29">
    <mem type="eden" free="0" total="33554432" percent="0" />
    <remembered-set count="83904" freebytes="4059264" totalbytes="4394880" percent="92" regionsoverflowed="0" regionsstable="1" regionsrebuilding="17"/>
  </mem-info>
</gc-start>
<allocation-stats totalBytes="33545872" >
  <allocated-bytes non-tlh="0" tlh="33545872" arrayletleaf="0"/>
  <largest-consumer threadName="main" threadId="000000000096B700" bytes="16772752" />
</allocation-stats>
<gc-op id="3711" type="copy forward" timems="1.797" contextid="3708" timestamp="2019-07-07T05:36:21.517">
  <memory-copied type="eden" objects="28" bytes="1480" bytesdiscarded="0" />
  <memory-copied type="other" objects="13" bytes="296" bytesdiscarded="0" />
  <memory-cardclean objects="90" bytes="2760" />
  <regions eden="32" other="1" />
  <remembered-set-cleared processed="80491" cleared="45" durationms="0.601" />
  <stringconstants candidates="13829" cleared="0"  />
</gc-op>
<gc-op id="3712" type="classunload" timems="0.003" contextid="3708" timestamp="2019-07-07T05:36:21.517">
  <classunload-info classloadercandidates="54" classloadersunloaded="0" classesunloaded="0" anonymousclassesunloaded="0" quiescems="0.000" setupms="0.003" scanms="0.000" postms="0.000" />
</gc-op>
<gc-end id="3713" type="partial gc" contextid="3708" durationms="3.054" usertimems="4.000" systemtimems="0.000" timestamp="2019-07-07T05:36:21.518" activeThreads="1">
  <mem-info id="3714" free="65011712" total="110100480" percent="59">
    <mem type="eden" free="1047096" total="1048576" percent="99" />
    <remembered-set count="84128" freebytes="4058368" totalbytes="4394880" percent="92" regionsoverflowed="0" regionsstable="1" regionsrebuilding="17"/>
  </mem-info>
</gc-end>
<cycle-end id="3715" type="partial gc" contextid="3708" timestamp="2019-07-07T05:36:21.518" />
  <attribute name="elasticGC enabled" value="1" />
  <attribute name= "numThreadsSpecified" value="1" />
  <attribute name="heapSize specified" value="0" />
  <attribute name="Current GC Util" value="158" />
  <attribute name= "Current Time Running" value="22210" />
  <attribute name ="GC Interval" value="0" />
  <attribute name="ProportionalT" value="69.000000" />
  <attribute name="ProportionalI" value="69.000000" />
  <attribute name="ProportionalH" value="69.000000" />
  <attribute name="Current Error" value="138.000000" />
  <attribute name="IntegralT" value="0.000000" />
  <attribute name="IntegralI" value="0.000000" />
  <attribute name="IntegralH" value="0.000000" />
  <attribute name="DerivativeT" value="inf" />
  <attribute name="DerivativeI" value="inf" />
  <attribute name="DerivativeH" value="inf" />
  <attribute name="Loop Time for DT" value="0.000000" />
  <attribute name="Output H" value="8388608"/>
  <attribute name="Output I" value="200"/>
  <attribute name="Output T" value="1"/>
  <attribute name="Target GC Util Change" value ="20.000000" />
  <attribute name="Current GC Util Change" value="158.000000"/>
  <attribute name="GC Util currently" value="158" />
  <attribute name="CPU Util currently" value="13186832765367" />
<exclusive-end id="3716" timestamp="2019-07-07T05:36:21.518" durationms="4.232" />

<exclusive-start id="3717" timestamp="2019-07-07T05:36:21.525" intervalms="10.943">
  <response-info timems="0.077" idlems="0.077" threads="0" lastid="000000000096B700" lastname="main" />
</exclusive-start>
<allocation-taxation id="3718" taxation-threshold="16777216" timestamp="2019-07-07T05:36:21.525" intervalms="10.918" />
<gc-start id="3719" type="global mark phase" contextid="3555" timestamp="2019-07-07T05:36:21.525">
  <mem-info id="3720" free="48234496" total="110100480" percent="43">
    <remembered-set count="83776" freebytes="4059776" totalbytes="4394880" percent="92" regionsoverflowed="0" regionsstable="1" regionsrebuilding="17"/>
  </mem-info>
</gc-start>
<gc-end id="3721" type="global mark phase" contextid="3555" durationms="0.135" usertimems="0.000" systemtimems="0.000" timestamp="2019-07-07T05:36:21.525" activeThreads="1">
  <mem-info id="3722" free="48234496" total="110100480" percent="43">
    <remembered-set count="83776" freebytes="4059776" totalbytes="4394880" percent="92" regionsoverflowed="0" regionsstable="1" regionsrebuilding="17"/>
  </mem-info>
</gc-end>
<concurrent-start id="3723" type="GMP work packet processing" contextid="3555" timestamp="2019-07-07T05:36:21.525">
  <concurrent-mark-start scanTarget="1048576" />
</concurrent-start>
<exclusive-end id="3724" timestamp="2019-07-07T05:36:21.526" durationms="0.756" />

<concurrent-end id="3725" type="GMP work packet processing" contextid="3555" timestamp="2019-07-07T05:36:21.527">
  <concurrent-mark-end bytesScanned="1108448" reasonForTermination="Work target met" />
</concurrent-end>

<exclusive-start id="3726" timestamp="2019-07-07T05:36:21.532" intervalms="7.288">
  <response-info timems="0.078" idlems="0.078" threads="0" lastid="000000000096B700" lastname="main" />
</exclusive-start>
<allocation-taxation id="3727" taxation-threshold="16777216" timestamp="2019-07-07T05:36:21.532" intervalms="7.317" />
<cycle-start id="3728" type="partial gc" contextid="0" timestamp="2019-07-07T05:36:21.533" intervalms="18.250" />
<gc-start id="3729" type="partial gc" contextid="3728" timestamp="2019-07-07T05:36:21.533">
  <mem-info id="3730" free="31457280" total="110100480" percent="28">
    <mem type="eden" free="1047096" total="34603008" percent="3" />
    <remembered-set count="94240" freebytes="4017920" totalbytes="4394880" percent="91" regionsoverflowed="0" regionsstable="1" regionsrebuilding="17"/>
  </mem-info>
</gc-start>
<allocation-stats totalBytes="33530048" >
  <allocated-bytes non-tlh="0" tlh="33530048" arrayletleaf="0"/>
  <largest-consumer threadName="main" threadId="000000000096B700" bytes="16765024" />
</allocation-stats>
<gc-op id="3731" type="copy forward" timems="1.818" contextid="3728" timestamp="2019-07-07T05:36:21.536">
  <memory-copied type="eden" objects="4" bytes="288" bytesdiscarded="0" />
  <memory-copied type="other" objects="24" bytes="1192" bytesdiscarded="0" />
  <memory-cardclean objects="40" bytes="1496" />
  <regions eden="32" other="1" />
  <remembered-set-cleared processed="90668" cleared="30" durationms="0.640" />
  <stringconstants candidates="13829" cleared="0"  />
</gc-op>
<gc-op id="3732" type="classunload" timems="0.003" contextid="3728" timestamp="2019-07-07T05:36:21.536">
  <classunload-info classloadercandidates="54" classloadersunloaded="0" classesunloaded="0" anonymousclassesunloaded="0" quiescems="0.000" setupms="0.003" scanms="0.000" postms="0.000" />
</gc-op>
<gc-end id="3733" type="partial gc" contextid="3728" durationms="3.132" usertimems="4.000" systemtimems="0.000" timestamp="2019-07-07T05:36:21.536" activeThreads="1">
  <mem-info id="3734" free="63963136" total="110100480" percent="58">
    <mem type="eden" free="2095672" total="2097152" percent="99" />
    <remembered-set count="94656" freebytes="4016256" totalbytes="4394880" percent="91" regionsoverflowed="0" regionsstable="1" regionsrebuilding="17"/>
  </mem-info>
</gc-end>
<cycle-end id="3735" type="partial gc" contextid="3728" timestamp="2019-07-07T05:36:21.536" />
  <attribute name="elasticGC enabled" value="1" />
  <attribute name= "numThreadsSpecified" value="1" />
  <attribute name="heapSize specified" value="0" />
  <attribute name="Current GC Util" value="158" />
  <attribute name= "Current Time Running" value="22228" />
  <attribute name ="GC Interval" value="0" />
  <attribute name="ProportionalT" value="69.000000" />
  <attribute name="ProportionalI" value="69.000000" />
  <attribute name="ProportionalH" value="69.000000" />
  <attribute name="Current Error" value="138.000000" />
  <attribute name="IntegralT" value="0.000000" />
  <attribute name="IntegralI" value="0.000000" />
  <attribute name="IntegralH" value="0.000000" />
  <attribute name="DerivativeT" value="inf" />
  <attribute name="DerivativeI" value="inf" />
  <attribute name="DerivativeH" value="inf" />
  <attribute name="Loop Time for DT" value="0.000000" />
  <attribute name="Output H" value="8388608"/>
  <attribute name="Output I" value="200"/>
  <attribute name="Output T" value="1"/>
  <attribute name="Target GC Util Change" value ="20.000000" />
  <attribute name="Current GC Util Change" value="158.000000"/>
  <attribute name="GC Util currently" value="158" />
  <attribute name="CPU Util currently" value="13112854337625" />
<exclusive-end id="3736" timestamp="2019-07-07T05:36:21.536" durationms="4.298" />

<exclusive-start id="3737" timestamp="2019-07-07T05:36:21.543" intervalms="11.021">
  <response-info timems="0.074" idlems="0.074" threads="0" lastid="000000000096B700" lastname="main" />
</exclusive-start>
<allocation-taxation id="3738" taxation-threshold="16777216" timestamp="2019-07-07T05:36:21.543" intervalms="11.003" />
<gc-start id="3739" type="global mark phase" contextid="3555" timestamp="2019-07-07T05:36:21.544">
  <mem-info id="3740" free="47185920" total="110100480" percent="42">
    <remembered-set count="94272" freebytes="4017792" totalbytes="4394880" percent="91" regionsoverflowed="0" regionsstable="1" regionsrebuilding="17"/>
  </mem-info>
</gc-start>
<gc-end id="3741" type="global mark phase" contextid="3555" durationms="0.151" usertimems="0.000" systemtimems="0.000" timestamp="2019-07-07T05:36:21.544" activeThreads="1">
  <mem-info id="3742" free="47185920" total="110100480" percent="42">
    <remembered-set count="94272" freebytes="4017792" totalbytes="4394880" percent="91" regionsoverflowed="0" regionsstable="1" regionsrebuilding="17"/>
  </mem-info>
</gc-end>
<concurrent-start id="3743" type="GMP work packet processing" contextid="3555" timestamp="2019-07-07T05:36:21.544">
  <concurrent-mark-start scanTarget="1048576" />
</concurrent-start>
<exclusive-end id="3744" timestamp="2019-07-07T05:36:21.544" durationms="0.909" />

<concurrent-end id="3745" type="GMP work packet processing" contextid="3555" timestamp="2019-07-07T05:36:21.545">
  <concurrent-mark-end bytesScanned="1092768" reasonForTermination="Work target met" />
</concurrent-end>

<exclusive-start id="3746" timestamp="2019-07-07T05:36:21.551" intervalms="7.459">
  <response-info timems="0.060" idlems="0.060" threads="0" lastid="000000000096B700" lastname="main" />
</exclusive-start>
<allocation-taxation id="3747" taxation-threshold="16777216" timestamp="2019-07-07T05:36:21.551" intervalms="7.372" />
<cycle-start id="3748" type="partial gc" contextid="0" timestamp="2019-07-07T05:36:21.551" intervalms="18.356" />
<gc-start id="3749" type="partial gc" contextid="3748" timestamp="2019-07-07T05:36:21.551">
  <mem-info id="3750" free="30408704" total="110100480" percent="27">
    <mem type="eden" free="1048288" total="34603008" percent="3" />
    <remembered-set count="104032" freebytes="3978752" totalbytes="4394880" percent="90" regionsoverflowed="0" regionsstable="1" regionsrebuilding="17"/>
  </mem-info>
</gc-start>
<allocation-stats totalBytes="33530080" >
  <allocated-bytes non-tlh="0" tlh="33530080" arrayletleaf="0"/>
  <largest-consumer threadName="main" threadId="000000000096B700" bytes="16765056" />
</allocation-stats>
<gc-op id="3751" type="copy forward" timems="1.688" contextid="3748" timestamp="2019-07-07T05:36:21.554">
  <memory-copied type="eden" objects="4" bytes="288" bytesdiscarded="0" />
  <memory-copied type="other" objects="0" bytes="0" bytesdiscarded="0" />
  <memory-cardclean objects="15" bytes="896" />
  <regions eden="32" other="1" />
  <remembered-set-cleared processed="100978" cleared="9" durationms="0.660" />
  <stringconstants candidates="13829" cleared="0"  />
</gc-op>
<gc-op id="3752" type="classunload" timems="0.003" contextid="3748" timestamp="2019-07-07T05:36:21.554">
  <classunload-info classloadercandidates="54" classloadersunloaded="0" classesunloaded="0" anonymousclassesunloaded="0" quiescems="0.000" setupms="0.003" scanms="0.000" postms="0.000" />
</gc-op>
<heap-resize id="3753" type="expand" space="default" amount="5242880" count="1" timems="0.065" reason="excessive time being spent in gc" timestamp="2019-07-07T05:36:21.554" />
<gc-end id="3754" type="partial gc" contextid="3748" durationms="3.016" usertimems="4.000" systemtimems="0.000" timestamp="2019-07-07T05:36:21.554" activeThreads="1">
  <mem-info id="3755" free="69206016" total="115343360" percent="60">
    <mem type="eden" free="1048288" total="1048576" percent="99" />
    <remembered-set count="104544" freebytes="4185984" totalbytes="4604160" percent="90" regionsoverflowed="0" regionsstable="1" regionsrebuilding="17"/>
  </mem-info>
</gc-end>
<cycle-end id="3756" type="partial gc" contextid="3748" timestamp="2019-07-07T05:36:21.554" />
  <attribute name="elasticGC enabled" value="1" />
  <attribute name= "numThreadsSpecified" value="1" />
  <attribute name="heapSize specified" value="0" />
  <attribute name="Current GC Util" value="157" />
  <attribute name= "Current Time Running" value="22246" />
  <attribute name ="GC Interval" value="0" />
  <attribute name="ProportionalT" value="68.500000" />
  <attribute name="ProportionalI" value="68.500000" />
  <attribute name="ProportionalH" value="68.500000" />
  <attribute name="Current Error" value="137.000000" />
  <attribute name="IntegralT" value="0.000000" />
  <attribute name="IntegralI" value="0.000000" />
  <attribute name="IntegralH" value="0.000000" />
  <attribute name="DerivativeT" value="inf" />
  <attribute name="DerivativeI" value="inf" />
  <attribute name="DerivativeH" value="inf" />
  <attribute name="Loop Time for DT" value="0.000000" />
  <attribute name="Output H" value="8388608"/>
  <attribute name="Output I" value="200"/>
  <attribute name="Output T" value="1"/>
  <attribute name="Target GC Util Change" value ="20.000000" />
  <attribute name="Current GC Util Change" value="157.000000"/>
  <attribute name="GC Util currently" value="157" />
  <attribute name="CPU Util currently" value="14629544580166" />
<exclusive-end id="3757" timestamp="2019-07-07T05:36:21.555" durationms="4.002" />

<exclusive-start id="3758" timestamp="2019-07-07T05:36:21.577" intervalms="26.778">
  <response-info timems="0.064" idlems="0.064" threads="0" lastid="000000000096B700" lastname="main" />
</exclusive-start>
<allocation-taxation id="3759" taxation-threshold="17825792" timestamp="2019-07-07T05:36:21.578" intervalms="26.804" />
<gc-start id="3760" type="global mark phase" contextid="3555" timestamp="2019-07-07T05:36:21.578">
  <mem-info id="3761" free="51380224" total="115343360" percent="44">
    <remembered-set count="104064" freebytes="4187904" totalbytes="4604160" percent="90" regionsoverflowed="0" regionsstable="1" regionsrebuilding="17"/>
  </mem-info>
</gc-start>
<gc-end id="3762" type="global mark phase" contextid="3555" durationms="0.162" usertimems="0.000" systemtimems="0.000" timestamp="2019-07-07T05:36:21.578" activeThreads="1">
  <mem-info id="3763" free="51380224" total="115343360" percent="44">
    <remembered-set count="104064" freebytes="4187904" totalbytes="4604160" percent="90" regionsoverflowed="0" regionsstable="1" regionsrebuilding="17"/>
  </mem-info>
</gc-end>
<concurrent-start id="3764" type="GMP work packet processing" contextid="3555" timestamp="2019-07-07T05:36:21.578">
  <concurrent-mark-start scanTarget="1048576" />
</concurrent-start>
<exclusive-end id="3765" timestamp="2019-07-07T05:36:21.578" durationms="0.851" />

<concurrent-end id="3766" type="GMP work packet processing" contextid="3555" timestamp="2019-07-07T05:36:21.579">
  <concurrent-mark-end bytesScanned="1091472" reasonForTermination="Work target met" />
</concurrent-end>

<exclusive-start id="3767" timestamp="2019-07-07T05:36:21.610" intervalms="32.375">
  <response-info timems="0.070" idlems="0.070" threads="0" lastid="000000000096B700" lastname="main" />
</exclusive-start>
<allocation-taxation id="3768" taxation-threshold="17825792" timestamp="2019-07-07T05:36:21.610" intervalms="32.439" />
<cycle-start id="3769" type="partial gc" contextid="0" timestamp="2019-07-07T05:36:21.610" intervalms="59.203" />
<gc-start id="3770" type="partial gc" contextid="3769" timestamp="2019-07-07T05:36:21.611">
  <mem-info id="3771" free="33554432" total="115343360" percent="29">
    <mem type="eden" free="1048288" total="36700160" percent="2" />
    <remembered-set count="111840" freebytes="4156800" totalbytes="4604160" percent="90" regionsoverflowed="0" regionsstable="1" regionsrebuilding="17"/>
  </mem-info>
</gc-start>
<allocation-stats totalBytes="35598832" >
  <allocated-bytes non-tlh="0" tlh="35598832" arrayletleaf="0"/>
  <largest-consumer threadName="main" threadId="000000000096B700" bytes="17795840" />
</allocation-stats>
<gc-op id="3772" type="copy forward" timems="2.900" contextid="3769" timestamp="2019-07-07T05:36:21.614">
  <memory-copied type="eden" objects="36" bytes="5168" bytesdiscarded="808" />
  <memory-copied type="other" objects="6" bytes="136" bytesdiscarded="648" />
  <memory-cardclean objects="65" bytes="1944" />
  <regions eden="34" other="2" />
  <remembered-set-cleared processed="108912" cleared="33" durationms="0.420" />
  <stringconstants candidates="13829" cleared="0"  />
</gc-op>
<gc-op id="3773" type="classunload" timems="0.004" contextid="3769" timestamp="2019-07-07T05:36:21.614">
  <classunload-info classloadercandidates="54" classloadersunloaded="0" classesunloaded="0" anonymousclassesunloaded="0" quiescems="0.000" setupms="0.003" scanms="0.000" postms="0.000" />
</gc-op>
<gc-end id="3774" type="partial gc" contextid="3769" durationms="4.076" usertimems="8.000" systemtimems="0.000" timestamp="2019-07-07T05:36:21.615" activeThreads="4">
  <mem-info id="3775" free="69206016" total="115343360" percent="60">
    <mem type="eden" free="1042600" total="1048576" percent="99" />
    <remembered-set count="112320" freebytes="4154880" totalbytes="4604160" percent="90" regionsoverflowed="0" regionsstable="1" regionsrebuilding="17"/>
  </mem-info>
</gc-end>
<cycle-end id="3776" type="partial gc" contextid="3769" timestamp="2019-07-07T05:36:21.615" />
  <attribute name="elasticGC enabled" value="1" />
  <attribute name= "numThreadsSpecified" value="4" />
  <attribute name="heapSize specified" value="0" />
  <attribute name="Current GC Util" value="153" />
  <attribute name= "Current Time Running" value="22306" />
  <attribute name ="GC Interval" value="0" />
  <attribute name="ProportionalT" value="66.500000" />
  <attribute name="ProportionalI" value="66.500000" />
  <attribute name="ProportionalH" value="66.500000" />
  <attribute name="Current Error" value="133.000000" />
  <attribute name="IntegralT" value="66.500000" />
  <attribute name="IntegralI" value="66.500000" />
  <attribute name="IntegralH" value="66.500000" />
  <attribute name="DerivativeT" value="133.000000" />
  <attribute name="DerivativeI" value="133.000000" />
  <attribute name="DerivativeH" value="133.000000" />
  <attribute name="Loop Time for DT" value="1.000000" />
  <attribute name="Output H" value="8388608"/>
  <attribute name="Output I" value="272"/>
  <attribute name="Output T" value="4"/>
  <attribute name="Target GC Util Change" value ="20.000000" />
  <attribute name="Current GC Util Change" value="153.000000"/>
  <attribute name="GC Util currently" value="153" />
  <attribute name="CPU Util currently" value="12680684471971" />
<exclusive-end id="3777" timestamp="2019-07-07T05:36:21.615" durationms="5.221" />

<exclusive-start id="3778" timestamp="2019-07-07T05:36:21.646" intervalms="36.218">
  <response-info timems="0.071" idlems="0.071" threads="0" lastid="000000000096B700" lastname="main" />
</exclusive-start>
<allocation-taxation id="3779" taxation-threshold="17825792" timestamp="2019-07-07T05:36:21.646" intervalms="36.180" />
<gc-start id="3780" type="global mark phase" contextid="3555" timestamp="2019-07-07T05:36:21.646">
  <mem-info id="3781" free="51380224" total="115343360" percent="44">
    <remembered-set count="112320" freebytes="4154880" totalbytes="4604160" percent="90" regionsoverflowed="0" regionsstable="1" regionsrebuilding="17"/>
  </mem-info>
</gc-start>
<gc-end id="3782" type="global mark phase" contextid="3555" durationms="0.183" usertimems="0.000" systemtimems="0.000" timestamp="2019-07-07T05:36:21.647" activeThreads="4">
  <mem-info id="3783" free="51380224" total="115343360" percent="44">
    <remembered-set count="112320" freebytes="4154880" totalbytes="4604160" percent="90" regionsoverflowed="0" regionsstable="1" regionsrebuilding="17"/>
  </mem-info>
</gc-end>
<concurrent-start id="3784" type="GMP work packet processing" contextid="3555" timestamp="2019-07-07T05:36:21.647">
  <concurrent-mark-start scanTarget="1066004" />
</concurrent-start>
<exclusive-end id="3785" timestamp="2019-07-07T05:36:21.647" durationms="1.020" />

<concurrent-end id="3786" type="GMP work packet processing" contextid="3555" timestamp="2019-07-07T05:36:21.648">
  <concurrent-mark-end bytesScanned="1124288" reasonForTermination="Work target met" />
</concurrent-end>

<exclusive-start id="3787" timestamp="2019-07-07T05:36:21.678" intervalms="32.280">
  <response-info timems="0.073" idlems="0.073" threads="0" lastid="000000000096B700" lastname="main" />
</exclusive-start>
<allocation-taxation id="3788" taxation-threshold="17825792" timestamp="2019-07-07T05:36:21.678" intervalms="32.256" />
<cycle-start id="3789" type="partial gc" contextid="0" timestamp="2019-07-07T05:36:21.679" intervalms="68.427" />
<gc-start id="3790" type="partial gc" contextid="3789" timestamp="2019-07-07T05:36:21.679">
  <mem-info id="3791" free="33554432" total="115343360" percent="29">
    <mem type="eden" free="0" total="35651584" percent="0" />
    <remembered-set count="125888" freebytes="4100608" totalbytes="4604160" percent="89" regionsoverflowed="0" regionsstable="1" regionsrebuilding="17"/>
  </mem-info>
</gc-start>
<allocation-stats totalBytes="35592376" >
  <allocated-bytes non-tlh="0" tlh="35592376" arrayletleaf="0"/>
  <largest-consumer threadName="main" threadId="000000000096B700" bytes="17796368" />
</allocation-stats>
<gc-op id="3792" type="copy forward" timems="1.896" contextid="3789" timestamp="2019-07-07T05:36:21.682">
  <memory-copied type="eden" objects="2" bytes="1048" bytesdiscarded="0" />
  <memory-copied type="other" objects="39" bytes="4248" bytesdiscarded="0" />
  <memory-cardclean objects="40" bytes="1496" />
  <regions eden="34" other="2" />
  <remembered-set-cleared processed="122424" cleared="34" durationms="0.842" />
  <stringconstants candidates="13829" cleared="0"  />
</gc-op>
<gc-op id="3793" type="classunload" timems="0.004" contextid="3789" timestamp="2019-07-07T05:36:21.682">
  <classunload-info classloadercandidates="54" classloadersunloaded="0" classesunloaded="0" anonymousclassesunloaded="0" quiescems="0.000" setupms="0.003" scanms="0.000" postms="0.000" />
</gc-op>
<gc-end id="3794" type="partial gc" contextid="3789" durationms="3.040" usertimems="4.000" systemtimems="0.000" timestamp="2019-07-07T05:36:21.682" activeThreads="1">
  <mem-info id="3795" free="68157440" total="115343360" percent="59">
    <mem type="eden" free="1047528" total="1048576" percent="99" />
    <remembered-set count="126144" freebytes="4099584" totalbytes="4604160" percent="89" regionsoverflowed="0" regionsstable="1" regionsrebuilding="17"/>
  </mem-info>
</gc-end>
<cycle-end id="3796" type="partial gc" contextid="3789" timestamp="2019-07-07T05:36:21.682" />
  <attribute name="elasticGC enabled" value="1" />
  <attribute name= "numThreadsSpecified" value="1" />
  <attribute name="heapSize specified" value="0" />
  <attribute name="Current GC Util" value="58" />
  <attribute name= "Current Time Running" value="22374" />
  <attribute name ="GC Interval" value="0" />
  <attribute name="ProportionalT" value="19.000000" />
  <attribute name="ProportionalI" value="19.000000" />
  <attribute name="ProportionalH" value="19.000000" />
  <attribute name="Current Error" value="38.000000" />
  <attribute name="IntegralT" value="0.000000" />
  <attribute name="IntegralI" value="0.000000" />
  <attribute name="IntegralH" value="0.000000" />
  <attribute name="DerivativeT" value="inf" />
  <attribute name="DerivativeI" value="inf" />
  <attribute name="DerivativeH" value="inf" />
  <attribute name="Loop Time for DT" value="0.000000" />
  <attribute name="Output H" value="8388608"/>
  <attribute name="Output I" value="200"/>
  <attribute name="Output T" value="1"/>
  <attribute name="Target GC Util Change" value ="20.000000" />
  <attribute name="Current GC Util Change" value="58.000000"/>
  <attribute name="GC Util currently" value="58" />
  <attribute name="CPU Util currently" value="20035041846001" />
<exclusive-end id="3797" timestamp="2019-07-07T05:36:21.682" durationms="4.093" />

<exclusive-start id="3798" timestamp="2019-07-07T05:36:21.720" intervalms="41.373">
  <response-info timems="0.075" idlems="0.075" threads="0" lastid="000000000096B700" lastname="main" />
</exclusive-start>
<allocation-taxation id="3799" taxation-threshold="17825792" timestamp="2019-07-07T05:36:21.720" intervalms="41.447" />
<gc-start id="3800" type="global mark phase" contextid="3555" timestamp="2019-07-07T05:36:21.720">
  <mem-info id="3801" free="50331648" total="115343360" percent="43">
    <remembered-set count="125728" freebytes="4101248" totalbytes="4604160" percent="89" regionsoverflowed="0" regionsstable="1" regionsrebuilding="17"/>
  </mem-info>
</gc-start>
<gc-end id="3802" type="global mark phase" contextid="3555" durationms="0.209" usertimems="0.000" systemtimems="0.000" timestamp="2019-07-07T05:36:21.720" activeThreads="1">
  <mem-info id="3803" free="50331648" total="115343360" percent="43">
    <remembered-set count="125728" freebytes="4101248" totalbytes="4604160" percent="89" regionsoverflowed="0" regionsstable="1" regionsrebuilding="17"/>
  </mem-info>
</gc-end>
<concurrent-start id="3804" type="GMP work packet processing" contextid="3555" timestamp="2019-07-07T05:36:21.721">
  <concurrent-mark-start scanTarget="1048576" />
</concurrent-start>
<exclusive-end id="3805" timestamp="2019-07-07T05:36:21.721" durationms="1.339" />

<concurrent-end id="3806" type="GMP work packet processing" contextid="3555" timestamp="2019-07-07T05:36:21.721">
  <concurrent-mark-end bytesScanned="252456" reasonForTermination="Completed all work in GC phase" />
</concurrent-end>

<exclusive-start id="3807" timestamp="2019-07-07T05:36:21.754" intervalms="34.409">
  <response-info timems="0.072" idlems="0.072" threads="0" lastid="000000000096B700" lastname="main" />
</exclusive-start>
<allocation-taxation id="3808" taxation-threshold="17825792" timestamp="2019-07-07T05:36:21.754" intervalms="34.395" />
<cycle-start id="3809" type="partial gc" contextid="0" timestamp="2019-07-07T05:36:21.754" intervalms="75.917" />
<gc-start id="3810" type="partial gc" contextid="3809" timestamp="2019-07-07T05:36:21.755">
  <mem-info id="3811" free="32505856" total="115343360" percent="28">
    <mem type="eden" free="1047528" total="36700160" percent="2" />
    <remembered-set count="129984" freebytes="4084224" totalbytes="4604160" percent="88" regionsoverflowed="0" regionsstable="1" regionsrebuilding="17"/>
  </mem-info>
</gc-start>
<allocation-stats totalBytes="35636168" >
  <allocated-bytes non-tlh="0" tlh="35636168" arrayletleaf="0"/>
  <largest-consumer threadName="main" threadId="000000000096B700" bytes="17823472" />
</allocation-stats>
<gc-op id="3812" type="copy forward" timems="1.860" contextid="3809" timestamp="2019-07-07T05:36:21.757">
  <memory-copied type="eden" objects="40" bytes="1336" bytesdiscarded="0" />
  <memory-copied type="other" objects="6" bytes="136" bytesdiscarded="0" />
  <memory-cardclean objects="65" bytes="1944" />
  <regions eden="34" other="2" />
  <remembered-set-cleared processed="126864" cleared="33" durationms="0.880" />
  <stringconstants candidates="13829" cleared="0"  />
</gc-op>
<gc-op id="3813" type="classunload" timems="0.004" contextid="3809" timestamp="2019-07-07T05:36:21.758">
  <classunload-info classloadercandidates="54" classloadersunloaded="0" classesunloaded="0" anonymousclassesunloaded="0" quiescems="0.000" setupms="0.003" scanms="0.000" postms="0.000" />
</gc-op>
<gc-end id="3814" type="partial gc" contextid="3809" durationms="3.051" usertimems="0.000" systemtimems="0.000" timestamp="2019-07-07T05:36:21.758" activeThreads="1">
  <mem-info id="3815" free="68157440" total="115343360" percent="59">
    <mem type="eden" free="1047240" total="1048576" percent="99" />
    <remembered-set count="130400" freebytes="4082560" totalbytes="4604160" percent="88" regionsoverflowed="0" regionsstable="1" regionsrebuilding="17"/>
  </mem-info>
</gc-end>
<cycle-end id="3816" type="partial gc" contextid="3809" timestamp="2019-07-07T05:36:21.758" />
  <attribute name="elasticGC enabled" value="1" />
  <attribute name= "numThreadsSpecified" value="1" />
  <attribute name="heapSize specified" value="0" />
  <attribute name="Current GC Util" value="75" />
  <attribute name= "Current Time Running" value="22450" />
  <attribute name ="GC Interval" value="0" />
  <attribute name="ProportionalT" value="27.500000" />
  <attribute name="ProportionalI" value="27.500000" />
  <attribute name="ProportionalH" value="27.500000" />
  <attribute name="Current Error" value="55.000000" />
  <attribute name="IntegralT" value="0.000000" />
  <attribute name="IntegralI" value="0.000000" />
  <attribute name="IntegralH" value="0.000000" />
  <attribute name="DerivativeT" value="inf" />
  <attribute name="DerivativeI" value="inf" />
  <attribute name="DerivativeH" value="inf" />
  <attribute name="Loop Time for DT" value="0.000000" />
  <attribute name="Output H" value="8388608"/>
  <attribute name="Output I" value="200"/>
  <attribute name="Output T" value="1"/>
  <attribute name="Target GC Util Change" value ="20.000000" />
  <attribute name="Current GC Util Change" value="75.000000"/>
  <attribute name="GC Util currently" value="75" />
  <attribute name="CPU Util currently" value="18926259581002" />
<exclusive-end id="3817" timestamp="2019-07-07T05:36:21.758" durationms="4.225" />

<exclusive-start id="3818" timestamp="2019-07-07T05:36:21.785" intervalms="30.986">
  <response-info timems="0.079" idlems="0.079" threads="0" lastid="000000000096B700" lastname="main" />
</exclusive-start>
<allocation-taxation id="3819" taxation-threshold="17825792" timestamp="2019-07-07T05:36:21.785" intervalms="31.013" />
<gc-start id="3820" type="global mark phase" contextid="3555" timestamp="2019-07-07T05:36:21.786">
  <mem-info id="3821" free="50331648" total="115343360" percent="43">
    <remembered-set count="130016" freebytes="4084096" totalbytes="4604160" percent="88" regionsoverflowed="0" regionsstable="1" regionsrebuilding="17"/>
  </mem-info>
</gc-start>
<gc-op id="3822" type="mark increment" timems="1.588" contextid="3555" timestamp="2019-07-07T05:36:21.787">
  <trace-info objectcount="54" scancount="54" scanbytes="1528" />
  <cardclean-info objects="115" bytes="11472" />
  <finalization candidates="80" enqueued="0" />
  <ownableSynchronizers candidates="21" cleared="0" />
  <references type="soft" candidates="4512" cleared="184" enqueued="175" dynamicThreshold="18" maxThreshold="32" />
  <references type="weak" candidates="5721" cleared="7" enqueued="3" />
  <references type="phantom" candidates="101" cleared="0" enqueued="0" />
  <stringconstants candidates="13829" cleared="70"  />
</gc-op>
<gc-op id="3823" type="classunload" timems="0.008" contextid="3555" timestamp="2019-07-07T05:36:21.787">
  <classunload-info classloadercandidates="54" classloadersunloaded="0" classesunloaded="0" anonymousclassesunloaded="0" quiescems="0.000" setupms="0.008" scanms="0.000" postms="0.000" />
</gc-op>
<gc-end id="3824" type="global mark phase" contextid="3555" durationms="2.212" usertimems="0.000" systemtimems="0.000" timestamp="2019-07-07T05:36:21.788" activeThreads="4">
  <mem-info id="3825" free="50331648" total="115343360" percent="43">
    <pending-finalizers system="0" default="0" reference="178" classloader="0" />
    <remembered-set count="131552" freebytes="4077952" totalbytes="4604160" percent="88" regionsoverflowed="0" regionsstable="1" regionsrebuilding="0"/>
  </mem-info>
</gc-end>
<cycle-end id="3826" type="global mark phase" contextid="3555" timestamp="2019-07-07T05:36:21.788" />
  <attribute name="elasticGC enabled" value="1" />
  <attribute name= "numThreadsSpecified" value="4" />
  <attribute name="heapSize specified" value="0" />
  <attribute name="Current GC Util" value="34" />
  <attribute name= "Current Time Running" value="22481" />
  <attribute name ="GC Interval" value="0" />
  <attribute name="ProportionalT" value="7.000000" />
  <attribute name="ProportionalI" value="7.000000" />
  <attribute name="ProportionalH" value="7.000000" />
  <attribute name="Current Error" value="14.000000" />
  <attribute name="IntegralT" value="0.000000" />
  <attribute name="IntegralI" value="0.000000" />
  <attribute name="IntegralH" value="0.000000" />
  <attribute name="DerivativeT" value="-inf" />
  <attribute name="DerivativeI" value="-inf" />
  <attribute name="DerivativeH" value="-inf" />
  <attribute name="Loop Time for DT" value="0.000000" />
  <attribute name="Output H" value="2091843584"/>
  <attribute name="Output I" value="200"/>
  <attribute name="Output T" value="4"/>
  <attribute name="Target GC Util Change" value ="20.000000" />
  <attribute name="Current GC Util Change" value="34.000000"/>
  <attribute name="GC Util currently" value="34" />
  <attribute name="CPU Util currently" value="18118722515485" />
<exclusive-end id="3827" timestamp="2019-07-07T05:36:21.788" durationms="3.117" />

<exclusive-start id="3828" timestamp="2019-07-07T05:36:21.815" intervalms="29.736">
  <response-info timems="0.077" idlems="0.077" threads="0" lastid="000000000096B700" lastname="main" />
</exclusive-start>
<allocation-taxation id="3829" taxation-threshold="17825792" timestamp="2019-07-07T05:36:21.815" intervalms="29.701" />
<cycle-start id="3830" type="partial gc" contextid="0" timestamp="2019-07-07T05:36:21.815" intervalms="60.692" />
<gc-start id="3831" type="partial gc" contextid="3830" timestamp="2019-07-07T05:36:21.815">
  <mem-info id="3832" free="32505856" total="115343360" percent="28">
    <mem type="eden" free="0" total="35651584" percent="0" />
    <remembered-set count="6976" freebytes="4576256" totalbytes="4604160" percent="99" regionsoverflowed="0" regionsstable="16" regionsrebuilding="0"/>
  </mem-info>
</gc-start>
<allocation-stats totalBytes="35644744" >
  <allocated-bytes non-tlh="0" tlh="35644744" arrayletleaf="0"/>
  <largest-consumer threadName="main" threadId="000000000096B700" bytes="17818480" />
</allocation-stats>
<gc-op id="3833" type="sweep" timems="0.671" contextid="3830" timestamp="2019-07-07T05:36:21.817" />
<gc-op id="3834" type="copy forward" timems="1.399" contextid="3830" timestamp="2019-07-07T05:36:21.819">
  <memory-copied type="eden" objects="5" bytes="720" bytesdiscarded="0" />
  <memory-copied type="other" objects="32" bytes="936" bytesdiscarded="1272" />
  <memory-cardclean objects="737" bytes="28992" />
  <regions eden="17" other="3" />
  <remembered-set-cleared processed="4974" cleared="42" durationms="0.125" />
  <stringconstants candidates="13759" cleared="0"  />
</gc-op>
<gc-op id="3835" type="classunload" timems="0.003" contextid="3830" timestamp="2019-07-07T05:36:21.819">
  <classunload-info classloadercandidates="54" classloadersunloaded="0" classesunloaded="0" anonymousclassesunloaded="0" quiescems="0.000" setupms="0.003" scanms="0.000" postms="0.000" />
</gc-op>
<gc-end id="3836" type="partial gc" contextid="3830" durationms="3.427" usertimems="0.000" systemtimems="4.000" timestamp="2019-07-07T05:36:21.819" activeThreads="4">
  <mem-info id="3837" free="67108864" total="115343360" percent="58">
    <mem type="eden" free="1047856" total="1048576" percent="99" />
    <remembered-set count="8416" freebytes="4570496" totalbytes="4604160" percent="99" regionsoverflowed="0" regionsstable="16" regionsrebuilding="0"/>
  </mem-info>
</gc-end>
<cycle-end id="3838" type="partial gc" contextid="3830" timestamp="2019-07-07T05:36:21.819" />
  <attribute name="elasticGC enabled" value="1" />
  <attribute name= "numThreadsSpecified" value="4" />
  <attribute name="heapSize specified" value="0" />
  <attribute name="Current GC Util" value="69" />
  <attribute name= "Current Time Running" value="22512" />
  <attribute name ="GC Interval" value="0" />
  <attribute name="ProportionalT" value="24.500000" />
  <attribute name="ProportionalI" value="24.500000" />
  <attribute name="ProportionalH" value="24.500000" />
  <attribute name="Current Error" value="49.000000" />
  <attribute name="IntegralT" value="24.500000" />
  <attribute name="IntegralI" value="24.500000" />
  <attribute name="IntegralH" value="24.500000" />
  <attribute name="DerivativeT" value="-3.000000" />
  <attribute name="DerivativeI" value="-3.000000" />
  <attribute name="DerivativeH" value="-3.000000" />
  <attribute name="Loop Time for DT" value="1.000000" />
  <attribute name="Output H" value="8388608"/>
  <attribute name="Output I" value="200"/>
  <attribute name="Output T" value="4"/>
  <attribute name="Target GC Util Change" value ="20.000000" />
  <attribute name="Current GC Util Change" value="69.000000"/>
  <attribute name="GC Util currently" value="69" />
  <attribute name="CPU Util currently" value="20124393835269" />
<exclusive-end id="3839" timestamp="2019-07-07T05:36:21.819" durationms="4.544" />

<exclusive-start id="3840" timestamp="2019-07-07T05:36:21.872" intervalms="57.602">
  <response-info timems="0.092" idlems="0.092" threads="0" lastid="000000000096B700" lastname="main" />
</exclusive-start>
<allocation-taxation id="3841" taxation-threshold="35651584" timestamp="2019-07-07T05:36:21.873" intervalms="57.608" />
<cycle-start id="3842" type="partial gc" contextid="0" timestamp="2019-07-07T05:36:21.873" intervalms="57.627" />
<gc-start id="3843" type="partial gc" contextid="3842" timestamp="2019-07-07T05:36:21.873">
  <mem-info id="3844" free="31457280" total="115343360" percent="27">
    <mem type="eden" free="0" total="35651584" percent="0" />
    <remembered-set count="2976" freebytes="4592256" totalbytes="4604160" percent="99" regionsoverflowed="0" regionsstable="18" regionsrebuilding="0"/>
  </mem-info>
</gc-start>
<allocation-stats totalBytes="35644840" >
  <allocated-bytes non-tlh="0" tlh="35644840" arrayletleaf="0"/>
  <largest-consumer threadName="main" threadId="000000000096B700" bytes="35644840" />
</allocation-stats>
<gc-op id="3845" type="copy forward" timems="1.433" contextid="3842" timestamp="2019-07-07T05:36:21.876">
  <memory-copied type="eden" objects="2" bytes="104" bytesdiscarded="0" />
  <memory-copied type="other" objects="82" bytes="2568" bytesdiscarded="4200" />
  <memory-cardclean objects="168" bytes="6368" />
  <regions eden="34" other="9" />
  <remembered-set-cleared processed="106" cleared="31" durationms="0.092" />
  <stringconstants candidates="13759" cleared="0"  />
</gc-op>
<gc-op id="3846" type="classunload" timems="0.004" contextid="3842" timestamp="2019-07-07T05:36:21.876">
  <classunload-info classloadercandidates="54" classloadersunloaded="0" classesunloaded="0" anonymousclassesunloaded="0" quiescems="0.000" setupms="0.003" scanms="0.000" postms="0.000" />
</gc-op>
<gc-end id="3847" type="partial gc" contextid="3842" durationms="2.757" usertimems="4.000" systemtimems="0.000" timestamp="2019-07-07T05:36:21.876" activeThreads="4">
  <mem-info id="3848" free="70254592" total="115343360" percent="60">
    <mem type="eden" free="1048472" total="1048576" percent="99" />
    <remembered-set count="2816" freebytes="4592896" totalbytes="4604160" percent="99" regionsoverflowed="0" regionsstable="18" regionsrebuilding="0"/>
  </mem-info>
</gc-end>
<cycle-end id="3849" type="partial gc" contextid="3842" timestamp="2019-07-07T05:36:21.876" />
  <attribute name="elasticGC enabled" value="1" />
  <attribute name= "numThreadsSpecified" value="4" />
  <attribute name="heapSize specified" value="0" />
  <attribute name="Current GC Util" value="38" />
  <attribute name= "Current Time Running" value="22569" />
  <attribute name ="GC Interval" value="0" />
  <attribute name="ProportionalT" value="9.000000" />
  <attribute name="ProportionalI" value="9.000000" />
  <attribute name="ProportionalH" value="9.000000" />
  <attribute name="Current Error" value="18.000000" />
  <attribute name="IntegralT" value="9.000000" />
  <attribute name="IntegralI" value="9.000000" />
  <attribute name="IntegralH" value="9.000000" />
  <attribute name="DerivativeT" value="18.000000" />
  <attribute name="DerivativeI" value="18.000000" />
  <attribute name="DerivativeH" value="18.000000" />
  <attribute name="Loop Time for DT" value="1.000000" />
  <attribute name="Output H" value="8388608"/>
  <attribute name="Output I" value="200"/>
  <attribute name="Output T" value="4"/>
  <attribute name="Target GC Util Change" value ="20.000000" />
  <attribute name="Current GC Util Change" value="38.000000"/>
  <attribute name="GC Util currently" value="38" />
  <attribute name="CPU Util currently" value="11426547388688" />
<exclusive-end id="3850" timestamp="2019-07-07T05:36:21.876" durationms="3.856" />

<exclusive-start id="3851" timestamp="2019-07-07T05:36:21.930" intervalms="57.345">
  <response-info timems="0.127" idlems="0.127" threads="0" lastid="000000000096B700" lastname="main" />
</exclusive-start>
<allocation-taxation id="3852" taxation-threshold="35651584" timestamp="2019-07-07T05:36:21.930" intervalms="57.342" />
<cycle-start id="3853" type="partial gc" contextid="0" timestamp="2019-07-07T05:36:21.930" intervalms="57.356" />
<gc-start id="3854" type="partial gc" contextid="3853" timestamp="2019-07-07T05:36:21.930">
  <mem-info id="3855" free="34603008" total="115343360" percent="30">
    <mem type="eden" free="1048472" total="36700160" percent="2" />
    <remembered-set count="2656" freebytes="4593536" totalbytes="4604160" percent="99" regionsoverflowed="0" regionsstable="18" regionsrebuilding="0"/>
  </mem-info>
</gc-start>
<allocation-stats totalBytes="35645144" >
  <allocated-bytes non-tlh="0" tlh="35645144" arrayletleaf="0"/>
  <largest-consumer threadName="main" threadId="000000000096B700" bytes="35645144" />
</allocation-stats>
<gc-op id="3856" type="copy forward" timems="0.958" contextid="3853" timestamp="2019-07-07T05:36:21.932">
  <memory-copied type="eden" objects="9" bytes="384" bytesdiscarded="0" />
  <memory-copied type="other" objects="37" bytes="1336" bytesdiscarded="40" />
  <memory-cardclean objects="101" bytes="4328" />
  <regions eden="34" other="6" />
  <remembered-set-cleared processed="111" cleared="25" durationms="0.134" />
  <stringconstants candidates="13759" cleared="0"  />
</gc-op>
<gc-op id="3857" type="classunload" timems="0.003" contextid="3853" timestamp="2019-07-07T05:36:21.933">
  <classunload-info classloadercandidates="54" classloadersunloaded="0" classesunloaded="0" anonymousclassesunloaded="0" quiescems="0.000" setupms="0.003" scanms="0.000" postms="0.000" />
</gc-op>
<heap-resize id="3858" type="contract" space="default" amount="4194304" count="1" timems="0.050" reason="excess free space following gc" timestamp="2019-07-07T05:36:21.933" />
<gc-end id="3859" type="partial gc" contextid="3853" durationms="2.497" usertimems="4.000" systemtimems="0.000" timestamp="2019-07-07T05:36:21.933" activeThreads="1">
  <mem-info id="3860" free="68157440" total="111149056" percent="61">
    <mem type="eden" free="1048192" total="1048576" percent="99" />
    <remembered-set count="2496" freebytes="4594176" totalbytes="4604160" percent="99" regionsoverflowed="0" regionsstable="18" regionsrebuilding="0"/>
  </mem-info>
</gc-end>
<cycle-end id="3861" type="partial gc" contextid="3853" timestamp="2019-07-07T05:36:21.933" />
  <attribute name="elasticGC enabled" value="1" />
  <attribute name= "numThreadsSpecified" value="1" />
  <attribute name="heapSize specified" value="0" />
  <attribute name="Current GC Util" value="59" />
  <attribute name= "Current Time Running" value="22626" />
  <attribute name ="GC Interval" value="0" />
  <attribute name="ProportionalT" value="19.500000" />
  <attribute name="ProportionalI" value="19.500000" />
  <attribute name="ProportionalH" value="19.500000" />
  <attribute name="Current Error" value="39.000000" />
  <attribute name="IntegralT" value="0.000000" />
  <attribute name="IntegralI" value="0.000000" />
  <attribute name="IntegralH" value="0.000000" />
  <attribute name="DerivativeT" value="inf" />
  <attribute name="DerivativeI" value="inf" />
  <attribute name="DerivativeH" value="inf" />
  <attribute name="Loop Time for DT" value="0.000000" />
  <attribute name="Output H" value="8388608"/>
  <attribute name="Output I" value="200"/>
  <attribute name="Output T" value="1"/>
  <attribute name="Target GC Util Change" value ="20.000000" />
  <attribute name="Current GC Util Change" value="59.000000"/>
  <attribute name="GC Util currently" value="59" />
  <attribute name="CPU Util currently" value="17802712924037" />
<exclusive-end id="3862" timestamp="2019-07-07T05:36:21.933" durationms="3.680" />

<exclusive-start id="3863" timestamp="2019-07-07T05:36:21.984" intervalms="54.350">
  <response-info timems="0.137" idlems="0.137" threads="0" lastid="000000000096B700" lastname="main" />
</exclusive-start>
<allocation-taxation id="3864" taxation-threshold="34603008" timestamp="2019-07-07T05:36:21.984" intervalms="54.358" />
<cycle-start id="3865" type="partial gc" contextid="0" timestamp="2019-07-07T05:36:21.985" intervalms="54.364" />
<gc-start id="3866" type="partial gc" contextid="3865" timestamp="2019-07-07T05:36:21.985">
  <mem-info id="3867" free="33554432" total="111149056" percent="30">
    <mem type="eden" free="1048192" total="35651584" percent="2" />
    <remembered-set count="2336" freebytes="4594816" totalbytes="4604160" percent="99" regionsoverflowed="0" regionsstable="18" regionsrebuilding="0"/>
  </mem-info>
</gc-start>
<allocation-stats totalBytes="34596888" >
  <allocated-bytes non-tlh="0" tlh="34596888" arrayletleaf="0"/>
  <largest-consumer threadName="main" threadId="000000000096B700" bytes="34596888" />
</allocation-stats>
<gc-op id="3868" type="copy forward" timems="0.962" contextid="3865" timestamp="2019-07-07T05:36:21.987">
  <memory-copied type="eden" objects="4" bytes="200" bytesdiscarded="0" />
  <memory-copied type="other" objects="19" bytes="928" bytesdiscarded="240" />
  <memory-cardclean objects="86" bytes="3832" />
  <regions eden="33" other="5" />
  <remembered-set-cleared processed="105" cleared="21" durationms="0.138" />
  <stringconstants candidates="13759" cleared="0"  />
</gc-op>
<gc-op id="3869" type="classunload" timems="0.003" contextid="3865" timestamp="2019-07-07T05:36:21.987">
  <classunload-info classloadercandidates="54" classloadersunloaded="0" classesunloaded="0" anonymousclassesunloaded="0" quiescems="0.000" setupms="0.003" scanms="0.000" postms="0.000" />
</gc-op>
<heap-resize id="3870" type="contract" space="default" amount="3145728" count="1" timems="0.055" reason="excess free space following gc" timestamp="2019-07-07T05:36:21.987" />
<gc-end id="3871" type="partial gc" contextid="3865" durationms="2.791" usertimems="4.000" systemtimems="0.000" timestamp="2019-07-07T05:36:21.988" activeThreads="1">
  <mem-info id="3872" free="66060288" total="108003328" percent="61">
    <mem type="eden" free="1048376" total="1048576" percent="99" />
    <remembered-set count="1440" freebytes="4430976" totalbytes="4436736" percent="99" regionsoverflowed="0" regionsstable="18" regionsrebuilding="0"/>
  </mem-info>
</gc-end>
<cycle-end id="3873" type="partial gc" contextid="3865" timestamp="2019-07-07T05:36:21.988" />
  <attribute name="elasticGC enabled" value="1" />
  <attribute name= "numThreadsSpecified" value="1" />
  <attribute name="heapSize specified" value="0" />
  <attribute name="Current GC Util" value="37" />
  <attribute name= "Current Time Running" value="22680" />
  <attribute name ="GC Interval" value="0" />
  <attribute name="ProportionalT" value="8.500000" />
  <attribute name="ProportionalI" value="8.500000" />
  <attribute name="ProportionalH" value="8.500000" />
  <attribute name="Current Error" value="17.000000" />
  <attribute name="IntegralT" value="0.000000" />
  <attribute name="IntegralI" value="0.000000" />
  <attribute name="IntegralH" value="0.000000" />
  <attribute name="DerivativeT" value="inf" />
  <attribute name="DerivativeI" value="inf" />
  <attribute name="DerivativeH" value="inf" />
  <attribute name="Loop Time for DT" value="0.000000" />
  <attribute name="Output H" value="8388608"/>
  <attribute name="Output I" value="200"/>
  <attribute name="Output T" value="1"/>
  <attribute name="Target GC Util Change" value ="20.000000" />
  <attribute name="Current GC Util Change" value="37.000000"/>
  <attribute name="GC Util currently" value="37" />
  <attribute name="CPU Util currently" value="7736196468884" />
<exclusive-end id="3874" timestamp="2019-07-07T05:36:21.988" durationms="4.082" />

<exclusive-start id="3875" timestamp="2019-07-07T05:36:22.038" intervalms="53.880">
  <response-info timems="0.083" idlems="0.083" threads="0" lastid="000000000096B700" lastname="main" />
</exclusive-start>
<allocation-taxation id="3876" taxation-threshold="33554432" timestamp="2019-07-07T05:36:22.038" intervalms="53.910" />
<cycle-start id="3877" type="partial gc" contextid="0" timestamp="2019-07-07T05:36:22.038" intervalms="53.933" />
<gc-start id="3878" type="partial gc" contextid="3877" timestamp="2019-07-07T05:36:22.039">
  <mem-info id="3879" free="32505856" total="108003328" percent="30">
    <mem type="eden" free="1048376" total="34603008" percent="3" />
    <remembered-set count="1376" freebytes="4431232" totalbytes="4436736" percent="99" regionsoverflowed="0" regionsstable="18" regionsrebuilding="0"/>
  </mem-info>
</gc-start>
<allocation-stats totalBytes="33548376" >
  <allocated-bytes non-tlh="0" tlh="33548376" arrayletleaf="0"/>
  <largest-consumer threadName="main" threadId="000000000096B700" bytes="33548376" />
</allocation-stats>
<gc-op id="3880" type="copy forward" timems="0.952" contextid="3877" timestamp="2019-07-07T05:36:22.041">
  <memory-copied type="eden" objects="1" bytes="24" bytesdiscarded="0" />
  <memory-copied type="other" objects="14" bytes="336" bytesdiscarded="376" />
  <memory-cardclean objects="86" bytes="10912" />
  <regions eden="32" other="3" />
  <remembered-set-cleared processed="103" cleared="25" durationms="0.143" />
  <references type="weak" candidates="2" cleared="0" enqueued="0" />
  <stringconstants candidates="13759" cleared="0"  />
</gc-op>
<gc-op id="3881" type="classunload" timems="0.003" contextid="3877" timestamp="2019-07-07T05:36:22.041">
  <classunload-info classloadercandidates="54" classloadersunloaded="0" classesunloaded="0" anonymousclassesunloaded="0" quiescems="0.000" setupms="0.003" scanms="0.000" postms="0.000" />
</gc-op>
<heap-resize id="3882" type="contract" space="default" amount="2097152" count="1" timems="0.046" reason="excess free space following gc" timestamp="2019-07-07T05:36:22.041" />
<gc-end id="3883" type="partial gc" contextid="3877" durationms="2.835" usertimems="0.000" systemtimems="0.000" timestamp="2019-07-07T05:36:22.042" activeThreads="1">
  <mem-info id="3884" free="65011712" total="105906176" percent="61">
    <mem type="eden" free="1048552" total="1048576" percent="99" />
    <remembered-set count="1312" freebytes="4305920" totalbytes="4311168" percent="99" regionsoverflowed="0" regionsstable="18" regionsrebuilding="0"/>
  </mem-info>
</gc-end>
<cycle-end id="3885" type="partial gc" contextid="3877" timestamp="2019-07-07T05:36:22.042" />
  <attribute name="elasticGC enabled" value="1" />
  <attribute name= "numThreadsSpecified" value="1" />
  <attribute name="heapSize specified" value="0" />
  <attribute name="Current GC Util" value="37" />
  <attribute name= "Current Time Running" value="22734" />
  <attribute name ="GC Interval" value="0" />
  <attribute name="ProportionalT" value="8.500000" />
  <attribute name="ProportionalI" value="8.500000" />
  <attribute name="ProportionalH" value="8.500000" />
  <attribute name="Current Error" value="17.000000" />
  <attribute name="IntegralT" value="0.000000" />
  <attribute name="IntegralI" value="0.000000" />
  <attribute name="IntegralH" value="0.000000" />
  <attribute name="DerivativeT" value="inf" />
  <attribute name="DerivativeI" value="inf" />
  <attribute name="DerivativeH" value="inf" />
  <attribute name="Loop Time for DT" value="0.000000" />
  <attribute name="Output H" value="8388608"/>
  <attribute name="Output I" value="200"/>
  <attribute name="Output T" value="1"/>
  <attribute name="Target GC Util Change" value ="20.000000" />
  <attribute name="Current GC Util Change" value="37.000000"/>
  <attribute name="GC Util currently" value="37" />
  <attribute name="CPU Util currently" value="7562955340057" />
<exclusive-end id="3886" timestamp="2019-07-07T05:36:22.042" durationms="4.150" />

<exclusive-start id="3887" timestamp="2019-07-07T05:36:22.065" intervalms="27.387">
  <response-info timems="0.093" idlems="0.093" threads="0" lastid="000000000096B700" lastname="main" />
</exclusive-start>
<allocation-taxation id="3888" taxation-threshold="15728640" timestamp="2019-07-07T05:36:22.066" intervalms="27.375" />
<cycle-start id="3889" type="global mark phase" contextid="0" timestamp="2019-07-07T05:36:22.066" intervalms="749.663" />
<gc-start id="3890" type="global mark phase" contextid="3889" timestamp="2019-07-07T05:36:22.066">
  <mem-info id="3891" free="49283072" total="105906176" percent="46">
    <remembered-set count="1184" freebytes="4306432" totalbytes="4311168" percent="99" regionsoverflowed="0" regionsstable="18" regionsrebuilding="0"/>
  </mem-info>
</gc-start>
<gc-op id="3892" type="mark increment" timems="0.558" contextid="3889" timestamp="2019-07-07T05:36:22.067">
  <trace-info objectcount="174" scancount="0" scanbytes="0" />
</gc-op>
<gc-end id="3893" type="global mark phase" contextid="3889" durationms="0.896" usertimems="0.000" systemtimems="0.000" timestamp="2019-07-07T05:36:22.067" activeThreads="1">
  <mem-info id="3894" free="49283072" total="105906176" percent="46">
    <remembered-set count="1184" freebytes="4306432" totalbytes="4311168" percent="99" regionsoverflowed="0" regionsstable="0" regionsrebuilding="18"/>
  </mem-info>
</gc-end>
<concurrent-start id="3895" type="GMP work packet processing" contextid="3889" timestamp="2019-07-07T05:36:22.067">
  <concurrent-mark-start scanTarget="1048576" />
</concurrent-start>
<exclusive-end id="3896" timestamp="2019-07-07T05:36:22.067" durationms="1.985" />

<concurrent-end id="3897" type="GMP work packet processing" contextid="3889" timestamp="2019-07-07T05:36:22.069">
  <concurrent-mark-end bytesScanned="1139816" reasonForTermination="Work target met" />
</concurrent-end>

<exclusive-start id="3898" timestamp="2019-07-07T05:36:22.077" intervalms="11.200">
  <response-info timems="0.077" idlems="0.077" threads="0" lastid="000000000096B700" lastname="main" />
</exclusive-start>
<allocation-taxation id="3899" taxation-threshold="15728640" timestamp="2019-07-07T05:36:22.077" intervalms="11.138" />
<cycle-start id="3900" type="partial gc" contextid="0" timestamp="2019-07-07T05:36:22.077" intervalms="38.464" />
<gc-start id="3901" type="partial gc" contextid="3900" timestamp="2019-07-07T05:36:22.077">
  <mem-info id="3902" free="33554432" total="105906176" percent="31">
    <mem type="eden" free="1048552" total="32505856" percent="3" />
    <remembered-set count="12640" freebytes="4260608" totalbytes="4311168" percent="98" regionsoverflowed="0" regionsstable="0" regionsrebuilding="18"/>
  </mem-info>
</gc-start>
<allocation-stats totalBytes="31433000" >
  <allocated-bytes non-tlh="0" tlh="31433000" arrayletleaf="0"/>
  <largest-consumer threadName="main" threadId="000000000096B700" bytes="15707232" />
</allocation-stats>
<gc-op id="3903" type="copy forward" timems="1.786" contextid="3900" timestamp="2019-07-07T05:36:22.080">
  <memory-copied type="eden" objects="24" bytes="1272" bytesdiscarded="1184" />
  <memory-copied type="other" objects="52" bytes="1256" bytesdiscarded="824" />
  <memory-cardclean objects="190" bytes="5728" />
  <regions eden="30" other="4" />
  <remembered-set-cleared processed="9786" cleared="85" durationms="0.130" />
  <stringconstants candidates="13759" cleared="0"  />
</gc-op>
<gc-op id="3904" type="classunload" timems="0.004" contextid="3900" timestamp="2019-07-07T05:36:22.080">
  <classunload-info classloadercandidates="54" classloadersunloaded="0" classesunloaded="0" anonymousclassesunloaded="0" quiescems="0.000" setupms="0.004" scanms="0.000" postms="0.000" />
</gc-op>
<heap-resize id="3905" type="contract" space="default" amount="6291456" count="1" timems="0.099" reason="excess free space following gc" timestamp="2019-07-07T05:36:22.080" />
<gc-end id="3906" type="partial gc" contextid="3900" durationms="3.401" usertimems="4.000" systemtimems="0.000" timestamp="2019-07-07T05:36:22.081" activeThreads="4">
  <mem-info id="3907" free="61865984" total="99614720" percent="62">
    <mem type="eden" free="1046120" total="1048576" percent="99" />
    <remembered-set count="12480" freebytes="4177536" totalbytes="4227456" percent="98" regionsoverflowed="0" regionsstable="0" regionsrebuilding="18"/>
  </mem-info>
</gc-end>
<cycle-end id="3908" type="partial gc" contextid="3900" timestamp="2019-07-07T05:36:22.081" />
  <attribute name="elasticGC enabled" value="1" />
  <attribute name= "numThreadsSpecified" value="4" />
  <attribute name="heapSize specified" value="0" />
  <attribute name="Current GC Util" value="30" />
  <attribute name= "Current Time Running" value="22773" />
  <attribute name ="GC Interval" value="0" />
  <attribute name="ProportionalT" value="5.000000" />
  <attribute name="ProportionalI" value="5.000000" />
  <attribute name="ProportionalH" value="5.000000" />
  <attribute name="Current Error" value="10.000000" />
  <attribute name="IntegralT" value="5.000000" />
  <attribute name="IntegralI" value="5.000000" />
  <attribute name="IntegralH" value="5.000000" />
  <attribute name="DerivativeT" value="0.000000" />
  <attribute name="DerivativeI" value="0.000000" />
  <attribute name="DerivativeH" value="0.000000" />
  <attribute name="Loop Time for DT" value="1.000000" />
  <attribute name="Output H" value="8388608"/>
  <attribute name="Output I" value="200"/>
  <attribute name="Output T" value="4"/>
  <attribute name="Target GC Util Change" value ="20.000000" />
  <attribute name="Current GC Util Change" value="30.000000"/>
  <attribute name="GC Util currently" value="30" />
  <attribute name="CPU Util currently" value="8584065100397" />
<exclusive-end id="3909" timestamp="2019-07-07T05:36:22.081" durationms="4.453" />

<exclusive-start id="3910" timestamp="2019-07-07T05:36:22.086" intervalms="9.719">
  <response-info timems="0.069" idlems="0.069" threads="0" lastid="000000000096B700" lastname="main" />
</exclusive-start>
<allocation-taxation id="3911" taxation-threshold="15728640" timestamp="2019-07-07T05:36:22.086" intervalms="9.694" />
<gc-start id="3912" type="global mark phase" contextid="3889" timestamp="2019-07-07T05:36:22.087">
  <mem-info id="3913" free="46137344" total="99614720" percent="46">
    <remembered-set count="12128" freebytes="4178944" totalbytes="4227456" percent="98" regionsoverflowed="0" regionsstable="0" regionsrebuilding="18"/>
  </mem-info>
</gc-start>
<gc-end id="3914" type="global mark phase" contextid="3889" durationms="0.190" usertimems="0.000" systemtimems="0.000" timestamp="2019-07-07T05:36:22.087" activeThreads="4">
  <mem-info id="3915" free="46137344" total="99614720" percent="46">
    <remembered-set count="12128" freebytes="4178944" totalbytes="4227456" percent="98" regionsoverflowed="0" regionsstable="0" regionsrebuilding="18"/>
  </mem-info>
</gc-end>
<concurrent-start id="3916" type="GMP work packet processing" contextid="3889" timestamp="2019-07-07T05:36:22.087">
  <concurrent-mark-start scanTarget="1048576" />
</concurrent-start>
<exclusive-end id="3917" timestamp="2019-07-07T05:36:22.087" durationms="0.907" />

<concurrent-end id="3918" type="GMP work packet processing" contextid="3889" timestamp="2019-07-07T05:36:22.088">
  <concurrent-mark-end bytesScanned="1105992" reasonForTermination="Work target met" />
</concurrent-end>

<exclusive-start id="3919" timestamp="2019-07-07T05:36:22.093" intervalms="7.216">
  <response-info timems="0.076" idlems="0.076" threads="0" lastid="000000000096B700" lastname="main" />
</exclusive-start>
<allocation-taxation id="3920" taxation-threshold="15728640" timestamp="2019-07-07T05:36:22.094" intervalms="7.270" />
<cycle-start id="3921" type="partial gc" contextid="0" timestamp="2019-07-07T05:36:22.094" intervalms="16.945" />
<gc-start id="3922" type="partial gc" contextid="3921" timestamp="2019-07-07T05:36:22.094">
  <mem-info id="3923" free="30408704" total="99614720" percent="30">
    <mem type="eden" free="0" total="31457280" percent="0" />
    <remembered-set count="21440" freebytes="4141696" totalbytes="4227456" percent="97" regionsoverflowed="0" regionsstable="0" regionsrebuilding="18"/>
  </mem-info>
</gc-start>
<allocation-stats totalBytes="31413888" >
  <allocated-bytes non-tlh="0" tlh="31413888" arrayletleaf="0"/>
  <largest-consumer threadName="main" threadId="000000000096B700" bytes="15706944" />
</allocation-stats>
<gc-op id="3924" type="copy forward" timems="1.492" contextid="3921" timestamp="2019-07-07T05:36:22.097">
  <memory-copied type="eden" objects="2" bytes="40" bytesdiscarded="752" />
  <memory-copied type="other" objects="35" bytes="1552" bytesdiscarded="2752" />
  <memory-cardclean objects="1208" bytes="48496" />
  <regions eden="30" other="3" />
  <remembered-set-cleared processed="19019" cleared="621" durationms="0.141" />
  <stringconstants candidates="13759" cleared="0"  />
</gc-op>
<gc-op id="3925" type="classunload" timems="0.004" contextid="3921" timestamp="2019-07-07T05:36:22.097">
  <classunload-info classloadercandidates="54" classloadersunloaded="0" classesunloaded="0" anonymousclassesunloaded="0" quiescems="0.000" setupms="0.004" scanms="0.000" postms="0.000" />
</gc-op>
<heap-resize id="3926" type="contract" space="default" amount="5242880" count="1" timems="0.098" reason="excess free space following gc" timestamp="2019-07-07T05:36:22.097" />
<gc-end id="3927" type="partial gc" contextid="3921" durationms="3.070" usertimems="0.000" systemtimems="4.000" timestamp="2019-07-07T05:36:22.097" activeThreads="4">
  <mem-info id="3928" free="57671680" total="94371840" percent="61">
    <mem type="eden" free="1047784" total="1048576" percent="99" />
    <remembered-set count="22208" freebytes="3887488" totalbytes="3976320" percent="97" regionsoverflowed="0" regionsstable="0" regionsrebuilding="18"/>
  </mem-info>
</gc-end>
<cycle-end id="3929" type="partial gc" contextid="3921" timestamp="2019-07-07T05:36:22.097" />
  <attribute name="elasticGC enabled" value="1" />
  <attribute name= "numThreadsSpecified" value="4" />
  <attribute name="heapSize specified" value="0" />
  <attribute name="Current GC Util" value="34" />
  <attribute name= "Current Time Running" value="22790" />
  <attribute name ="GC Interval" value="0" />
  <attribute name="ProportionalT" value="7.000000" />
  <attribute name="ProportionalI" value="7.000000" />
  <attribute name="ProportionalH" value="7.000000" />
  <attribute name="Current Error" value="14.000000" />
  <attribute name="IntegralT" value="7.000000" />
  <attribute name="IntegralI" value="7.000000" />
  <attribute name="IntegralH" value="7.000000" />
  <attribute name="DerivativeT" value="4.000000" />
  <attribute name="DerivativeI" value="4.000000" />
  <attribute name="DerivativeH" value="4.000000" />
  <attribute name="Loop Time for DT" value="1.000000" />
  <attribute name="Output H" value="8388608"/>
  <attribute name="Output I" value="200"/>
  <attribute name="Output T" value="4"/>
  <attribute name="Target GC Util Change" value ="20.000000" />
  <attribute name="Current GC Util Change" value="34.000000"/>
  <attribute name="GC Util currently" value="34" />
  <attribute name="CPU Util currently" value="8927756073366" />
<exclusive-end id="3930" timestamp="2019-07-07T05:36:22.098" durationms="4.154" />

<exclusive-start id="3931" timestamp="2019-07-07T05:36:22.103" intervalms="9.360">
  <response-info timems="0.069" idlems="0.069" threads="0" lastid="000000000096B700" lastname="main" />
</exclusive-start>
<allocation-taxation id="3932" taxation-threshold="14680064" timestamp="2019-07-07T05:36:22.103" intervalms="9.298" />
<gc-start id="3933" type="global mark phase" contextid="3889" timestamp="2019-07-07T05:36:22.103">
  <mem-info id="3934" free="42991616" total="94371840" percent="45">
    <remembered-set count="21792" freebytes="3889152" totalbytes="3976320" percent="97" regionsoverflowed="0" regionsstable="0" regionsrebuilding="18"/>
  </mem-info>
</gc-start>
<gc-end id="3935" type="global mark phase" contextid="3889" durationms="0.199" usertimems="0.000" systemtimems="0.000" timestamp="2019-07-07T05:36:22.103" activeThreads="4">
  <mem-info id="3936" free="42991616" total="94371840" percent="45">
    <remembered-set count="21792" freebytes="3889152" totalbytes="3976320" percent="97" regionsoverflowed="0" regionsstable="0" regionsrebuilding="18"/>
  </mem-info>
</gc-end>
<concurrent-start id="3937" type="GMP work packet processing" contextid="3889" timestamp="2019-07-07T05:36:22.104">
  <concurrent-mark-start scanTarget="1048576" />
</concurrent-start>
<exclusive-end id="3938" timestamp="2019-07-07T05:36:22.104" durationms="0.900" />

<concurrent-end id="3939" type="GMP work packet processing" contextid="3889" timestamp="2019-07-07T05:36:22.104">
  <concurrent-mark-end bytesScanned="1101296" reasonForTermination="Work target met" />
</concurrent-end>

<exclusive-start id="3940" timestamp="2019-07-07T05:36:22.109" intervalms="6.260">
  <response-info timems="0.072" idlems="0.072" threads="0" lastid="000000000096B700" lastname="main" />
</exclusive-start>
<allocation-taxation id="3941" taxation-threshold="14680064" timestamp="2019-07-07T05:36:22.109" intervalms="6.335" />
<cycle-start id="3942" type="partial gc" contextid="0" timestamp="2019-07-07T05:36:22.110" intervalms="15.643" />
<gc-start id="3943" type="partial gc" contextid="3942" timestamp="2019-07-07T05:36:22.110">
  <mem-info id="3944" free="28311552" total="94371840" percent="30">
    <mem type="eden" free="1047784" total="30408704" percent="3" />
    <remembered-set count="31712" freebytes="3849472" totalbytes="3976320" percent="96" regionsoverflowed="0" regionsstable="0" regionsrebuilding="18"/>
  </mem-info>
</gc-start>
<allocation-stats totalBytes="29319624" >
  <allocated-bytes non-tlh="0" tlh="29319624" arrayletleaf="0"/>
  <largest-consumer threadName="main" threadId="000000000096B700" bytes="14659800" />
</allocation-stats>
<gc-op id="3945" type="copy forward" timems="1.395" contextid="3942" timestamp="2019-07-07T05:36:22.112">
  <memory-copied type="eden" objects="2" bytes="40" bytesdiscarded="0" />
  <memory-copied type="other" objects="89" bytes="2328" bytesdiscarded="480" />
  <memory-cardclean objects="344" bytes="20064" />
  <regions eden="28" other="4" />
  <remembered-set-cleared processed="28758" cleared="150" durationms="0.301" />
  <references type="weak" candidates="28" cleared="0" enqueued="0" />
  <stringconstants candidates="13759" cleared="0"  />
</gc-op>
<gc-op id="3946" type="classunload" timems="0.003" contextid="3942" timestamp="2019-07-07T05:36:22.112">
  <classunload-info classloadercandidates="54" classloadersunloaded="0" classesunloaded="0" anonymousclassesunloaded="0" quiescems="0.000" setupms="0.003" scanms="0.000" postms="0.000" />
</gc-op>
<heap-resize id="3947" type="contract" space="default" amount="5242880" count="1" timems="0.205" reason="excess free space following gc" timestamp="2019-07-07T05:36:22.113" />
<gc-end id="3948" type="partial gc" contextid="3942" durationms="3.116" usertimems="0.000" systemtimems="0.000" timestamp="2019-07-07T05:36:22.113" activeThreads="1">
  <mem-info id="3949" free="55574528" total="89128960" percent="62">
    <mem type="eden" free="1048536" total="1048576" percent="99" />
    <remembered-set count="30912" freebytes="3643392" totalbytes="3767040" percent="96" regionsoverflowed="0" regionsstable="0" regionsrebuilding="18"/>
  </mem-info>
</gc-end>
<cycle-end id="3950" type="partial gc" contextid="3942" timestamp="2019-07-07T05:36:22.113" />
  <attribute name="elasticGC enabled" value="1" />
  <attribute name= "numThreadsSpecified" value="1" />
  <attribute name="heapSize specified" value="0" />
  <attribute name="Current GC Util" value="30" />
  <attribute name= "Current Time Running" value="22805" />
  <attribute name ="GC Interval" value="0" />
  <attribute name="ProportionalT" value="5.000000" />
  <attribute name="ProportionalI" value="5.000000" />
  <attribute name="ProportionalH" value="5.000000" />
  <attribute name="Current Error" value="10.000000" />
  <attribute name="IntegralT" value="0.000000" />
  <attribute name="IntegralI" value="0.000000" />
  <attribute name="IntegralH" value="0.000000" />
  <attribute name="DerivativeT" value="inf" />
  <attribute name="DerivativeI" value="inf" />
  <attribute name="DerivativeH" value="inf" />
  <attribute name="Loop Time for DT" value="0.000000" />
  <attribute name="Output H" value="8388608"/>
  <attribute name="Output I" value="200"/>
  <attribute name="Output T" value="1"/>
  <attribute name="Target GC Util Change" value ="20.000000" />
  <attribute name="Current GC Util Change" value="30.000000"/>
  <attribute name="GC Util currently" value="30" />
  <attribute name="CPU Util currently" value="9572420680335" />
<exclusive-end id="3951" timestamp="2019-07-07T05:36:22.113" durationms="4.235" />

<exclusive-start id="3952" timestamp="2019-07-07T05:36:22.118" intervalms="8.889">
  <response-info timems="0.068" idlems="0.068" threads="0" lastid="000000000096B700" lastname="main" />
</exclusive-start>
<allocation-taxation id="3953" taxation-threshold="13631488" timestamp="2019-07-07T05:36:22.118" intervalms="8.852" />
<gc-start id="3954" type="global mark phase" contextid="3889" timestamp="2019-07-07T05:36:22.118">
  <mem-info id="3955" free="41943040" total="89128960" percent="47">
    <remembered-set count="30720" freebytes="3644160" totalbytes="3767040" percent="96" regionsoverflowed="0" regionsstable="0" regionsrebuilding="18"/>
  </mem-info>
</gc-start>
<gc-end id="3956" type="global mark phase" contextid="3889" durationms="0.123" usertimems="0.000" systemtimems="0.000" timestamp="2019-07-07T05:36:22.118" activeThreads="1">
  <mem-info id="3957" free="41943040" total="89128960" percent="47">
    <remembered-set count="30720" freebytes="3644160" totalbytes="3767040" percent="96" regionsoverflowed="0" regionsstable="0" regionsrebuilding="18"/>
  </mem-info>
</gc-end>
<concurrent-start id="3958" type="GMP work packet processing" contextid="3889" timestamp="2019-07-07T05:36:22.119">
  <concurrent-mark-start scanTarget="1048576" />
</concurrent-start>
<exclusive-end id="3959" timestamp="2019-07-07T05:36:22.119" durationms="0.892" />

<concurrent-end id="3960" type="GMP work packet processing" contextid="3889" timestamp="2019-07-07T05:36:22.120">
  <concurrent-mark-end bytesScanned="1094232" reasonForTermination="Work target met" />
</concurrent-end>

<exclusive-start id="3961" timestamp="2019-07-07T05:36:22.124" intervalms="6.287">
  <response-info timems="0.077" idlems="0.077" threads="0" lastid="000000000096B700" lastname="main" />
</exclusive-start>
<allocation-taxation id="3962" taxation-threshold="13631488" timestamp="2019-07-07T05:36:22.124" intervalms="6.289" />
<cycle-start id="3963" type="partial gc" contextid="0" timestamp="2019-07-07T05:36:22.125" intervalms="15.121" />
<gc-start id="3964" type="partial gc" contextid="3963" timestamp="2019-07-07T05:36:22.125">
  <mem-info id="3965" free="28311552" total="89128960" percent="31">
    <mem type="eden" free="1048536" total="28311552" percent="3" />
    <remembered-set count="44096" freebytes="3590656" totalbytes="3767040" percent="95" regionsoverflowed="0" regionsstable="0" regionsrebuilding="18"/>
  </mem-info>
</gc-start>
<allocation-stats totalBytes="27225384" >
  <allocated-bytes non-tlh="0" tlh="27225384" arrayletleaf="0"/>
  <largest-consumer threadName="main" threadId="000000000096B700" bytes="13612704" />
</allocation-stats>
<gc-op id="3966" type="copy forward" timems="2.987" contextid="3963" timestamp="2019-07-07T05:36:22.129">
  <memory-copied type="eden" objects="2" bytes="40" bytesdiscarded="0" />
  <memory-copied type="other" objects="0" bytes="0" bytesdiscarded="0" />
  <memory-cardclean objects="13347" bytes="606720" />
  <regions eden="26" other="1" />
  <remembered-set-cleared processed="38997" cleared="5410" durationms="0.471" />
  <stringconstants candidates="13759" cleared="0"  />
</gc-op>
<gc-op id="3967" type="classunload" timems="0.003" contextid="3963" timestamp="2019-07-07T05:36:22.129">
  <classunload-info classloadercandidates="54" classloadersunloaded="0" classesunloaded="0" anonymousclassesunloaded="0" quiescems="0.000" setupms="0.003" scanms="0.000" postms="0.000" />
</gc-op>
<heap-resize id="3968" type="contract" space="default" amount="2097152" count="1" timems="0.223" reason="excess free space following gc" timestamp="2019-07-07T05:36:22.129" />
<gc-end id="3969" type="partial gc" contextid="3963" durationms="4.702" usertimems="8.000" systemtimems="0.000" timestamp="2019-07-07T05:36:22.130" activeThreads="1">
  <mem-info id="3970" free="53477376" total="87031808" percent="61">
    <mem type="eden" free="1048536" total="1048576" percent="99" />
    <remembered-set count="39168" freebytes="3401088" totalbytes="3557760" percent="95" regionsoverflowed="0" regionsstable="0" regionsrebuilding="18"/>
  </mem-info>
</gc-end>
<cycle-end id="3971" type="partial gc" contextid="3963" timestamp="2019-07-07T05:36:22.130" />
  <attribute name="elasticGC enabled" value="1" />
  <attribute name= "numThreadsSpecified" value="1" />
  <attribute name="heapSize specified" value="0" />
  <attribute name="Current GC Util" value="33" />
  <attribute name= "Current Time Running" value="22820" />
  <attribute name ="GC Interval" value="0" />
  <attribute name="ProportionalT" value="6.500000" />
  <attribute name="ProportionalI" value="6.500000" />
  <attribute name="ProportionalH" value="6.500000" />
  <attribute name="Current Error" value="13.000000" />
  <attribute name="IntegralT" value="0.000000" />
  <attribute name="IntegralI" value="0.000000" />
  <attribute name="IntegralH" value="0.000000" />
  <attribute name="DerivativeT" value="inf" />
  <attribute name="DerivativeI" value="inf" />
  <attribute name="DerivativeH" value="inf" />
  <attribute name="Loop Time for DT" value="0.000000" />
  <attribute name="Output H" value="8388608"/>
  <attribute name="Output I" value="200"/>
  <attribute name="Output T" value="1"/>
  <attribute name="Target GC Util Change" value ="20.000000" />
  <attribute name="Current GC Util Change" value="33.000000"/>
  <attribute name="GC Util currently" value="33" />
  <attribute name="CPU Util currently" value="10118960664486" />
<exclusive-end id="3972" timestamp="2019-07-07T05:36:22.130" durationms="5.777" />

<exclusive-start id="3973" timestamp="2019-07-07T05:36:22.135" intervalms="10.418">
  <response-info timems="0.075" idlems="0.075" threads="0" lastid="000000000096B700" lastname="main" />
</exclusive-start>
<allocation-taxation id="3974" taxation-threshold="13631488" timestamp="2019-07-07T05:36:22.135" intervalms="10.464" />
<gc-start id="3975" type="global mark phase" contextid="3889" timestamp="2019-07-07T05:36:22.135">
  <mem-info id="3976" free="39845888" total="87031808" percent="45">
    <remembered-set count="38720" freebytes="3402880" totalbytes="3557760" percent="95" regionsoverflowed="0" regionsstable="0" regionsrebuilding="18"/>
  </mem-info>
</gc-start>
<gc-end id="3977" type="global mark phase" contextid="3889" durationms="0.202" usertimems="0.000" systemtimems="0.000" timestamp="2019-07-07T05:36:22.135" activeThreads="1">
  <mem-info id="3978" free="39845888" total="87031808" percent="45">
    <remembered-set count="38720" freebytes="3402880" totalbytes="3557760" percent="95" regionsoverflowed="0" regionsstable="0" regionsrebuilding="18"/>
  </mem-info>
</gc-end>
<concurrent-start id="3979" type="GMP work packet processing" contextid="3889" timestamp="2019-07-07T05:36:22.136">
  <concurrent-mark-start scanTarget="1048576" />
</concurrent-start>
<exclusive-end id="3980" timestamp="2019-07-07T05:36:22.136" durationms="1.512" />

<concurrent-end id="3981" type="GMP work packet processing" contextid="3889" timestamp="2019-07-07T05:36:22.136">
  <concurrent-mark-end bytesScanned="1097176" reasonForTermination="Work target met" />
</concurrent-end>

<exclusive-start id="3982" timestamp="2019-07-07T05:36:22.141" intervalms="6.109">
  <response-info timems="0.067" idlems="0.067" threads="0" lastid="000000000096B700" lastname="main" />
</exclusive-start>
<allocation-taxation id="3983" taxation-threshold="13631488" timestamp="2019-07-07T05:36:22.141" intervalms="6.044" />
<cycle-start id="3984" type="partial gc" contextid="0" timestamp="2019-07-07T05:36:22.141" intervalms="16.504" />
<gc-start id="3985" type="partial gc" contextid="3984" timestamp="2019-07-07T05:36:22.141">
  <mem-info id="3986" free="26214400" total="87031808" percent="30">
    <mem type="eden" free="1048536" total="28311552" percent="3" />
    <remembered-set count="48608" freebytes="3363328" totalbytes="3557760" percent="94" regionsoverflowed="0" regionsstable="0" regionsrebuilding="18"/>
  </mem-info>
</gc-start>
<allocation-stats totalBytes="27225360" >
  <allocated-bytes non-tlh="0" tlh="27225360" arrayletleaf="0"/>
  <largest-consumer threadName="main" threadId="000000000096B700" bytes="13612680" />
</allocation-stats>
<gc-op id="3987" type="copy forward" timems="1.871" contextid="3984" timestamp="2019-07-07T05:36:22.144">
  <memory-copied type="eden" objects="2" bytes="40" bytesdiscarded="0" />
  <memory-copied type="other" objects="0" bytes="0" bytesdiscarded="0" />
  <memory-cardclean objects="18625" bytes="896552" />
  <regions eden="26" other="1" />
  <remembered-set-cleared processed="42185" cleared="6428" durationms="0.239" />
  <stringconstants candidates="13759" cleared="0"  />
</gc-op>
<gc-op id="3988" type="classunload" timems="0.004" contextid="3984" timestamp="2019-07-07T05:36:22.144">
  <classunload-info classloadercandidates="54" classloadersunloaded="0" classesunloaded="0" anonymousclassesunloaded="0" quiescems="0.000" setupms="0.004" scanms="0.000" postms="0.000" />
</gc-op>
<gc-end id="3989" type="partial gc" contextid="3984" durationms="3.063" usertimems="8.000" systemtimems="0.000" timestamp="2019-07-07T05:36:22.144" activeThreads="4">
  <mem-info id="3990" free="53477376" total="87031808" percent="61">
    <mem type="eden" free="1048536" total="1048576" percent="99" />
    <remembered-set count="42400" freebytes="3304448" totalbytes="3474048" percent="95" regionsoverflowed="0" regionsstable="0" regionsrebuilding="18"/>
  </mem-info>
</gc-end>
<cycle-end id="3991" type="partial gc" contextid="3984" timestamp="2019-07-07T05:36:22.145" />
  <attribute name="elasticGC enabled" value="1" />
  <attribute name= "numThreadsSpecified" value="4" />
  <attribute name="heapSize specified" value="0" />
  <attribute name="Current GC Util" value="42" />
  <attribute name= "Current Time Running" value="22837" />
  <attribute name ="GC Interval" value="0" />
  <attribute name="ProportionalT" value="11.000000" />
  <attribute name="ProportionalI" value="11.000000" />
  <attribute name="ProportionalH" value="11.000000" />
  <attribute name="Current Error" value="22.000000" />
  <attribute name="IntegralT" value="11.000000" />
  <attribute name="IntegralI" value="11.000000" />
  <attribute name="IntegralH" value="11.000000" />
  <attribute name="DerivativeT" value="17.000000" />
  <attribute name="DerivativeI" value="17.000000" />
  <attribute name="DerivativeH" value="17.000000" />
  <attribute name="Loop Time for DT" value="1.000000" />
  <attribute name="Output H" value="8388608"/>
  <attribute name="Output I" value="200"/>
  <attribute name="Output T" value="4"/>
  <attribute name="Target GC Util Change" value ="20.000000" />
  <attribute name="Current GC Util Change" value="42.000000"/>
  <attribute name="GC Util currently" value="42" />
  <attribute name="CPU Util currently" value="10310166592077" />
<exclusive-end id="3992" timestamp="2019-07-07T05:36:22.145" durationms="4.000" />

<exclusive-start id="3993" timestamp="2019-07-07T05:36:22.149" intervalms="8.612">
  <response-info timems="0.076" idlems="0.076" threads="0" lastid="000000000096B700" lastname="main" />
</exclusive-start>
<allocation-taxation id="3994" taxation-threshold="13631488" timestamp="2019-07-07T05:36:22.150" intervalms="8.630" />
<gc-start id="3995" type="global mark phase" contextid="3889" timestamp="2019-07-07T05:36:22.150">
  <mem-info id="3996" free="39845888" total="87031808" percent="45">
    <remembered-set count="42176" freebytes="3305344" totalbytes="3474048" percent="95" regionsoverflowed="0" regionsstable="0" regionsrebuilding="18"/>
  </mem-info>
</gc-start>
<gc-end id="3997" type="global mark phase" contextid="3889" durationms="0.202" usertimems="0.000" systemtimems="0.000" timestamp="2019-07-07T05:36:22.150" activeThreads="4">
  <mem-info id="3998" free="39845888" total="87031808" percent="45">
    <remembered-set count="42176" freebytes="3305344" totalbytes="3474048" percent="95" regionsoverflowed="0" regionsstable="0" regionsrebuilding="18"/>
  </mem-info>
</gc-end>
<concurrent-start id="3999" type="GMP work packet processing" contextid="3889" timestamp="2019-07-07T05:36:22.150">
  <concurrent-mark-start scanTarget="1048576" />
</concurrent-start>
<exclusive-end id="4000" timestamp="2019-07-07T05:36:22.150" durationms="0.874" />

<concurrent-end id="4001" type="GMP work packet processing" contextid="3889" timestamp="2019-07-07T05:36:22.154">
  <concurrent-mark-end bytesScanned="1091324" reasonForTermination="Work target met" />
</concurrent-end>

<exclusive-start id="4002" timestamp="2019-07-07T05:36:22.155" intervalms="5.931">
  <response-info timems="0.060" idlems="0.060" threads="0" lastid="000000000096B700" lastname="main" />
</exclusive-start>
<allocation-taxation id="4003" taxation-threshold="13631488" timestamp="2019-07-07T05:36:22.156" intervalms="5.916" />
<cycle-start id="4004" type="partial gc" contextid="0" timestamp="2019-07-07T05:36:22.156" intervalms="14.556" />
<gc-start id="4005" type="partial gc" contextid="4004" timestamp="2019-07-07T05:36:22.156">
  <mem-info id="4006" free="26214400" total="87031808" percent="30">
    <mem type="eden" free="1048536" total="28311552" percent="3" />
    <remembered-set count="50016" freebytes="3273984" totalbytes="3474048" percent="94" regionsoverflowed="0" regionsstable="0" regionsrebuilding="18"/>
  </mem-info>
</gc-start>
<allocation-stats totalBytes="27225360" >
  <allocated-bytes non-tlh="0" tlh="27225360" arrayletleaf="0"/>
  <largest-consumer threadName="main" threadId="000000000096B700" bytes="13612680" />
</allocation-stats>
<gc-op id="4007" type="copy forward" timems="1.349" contextid="4004" timestamp="2019-07-07T05:36:22.158">
  <memory-copied type="eden" objects="2" bytes="40" bytesdiscarded="0" />
  <memory-copied type="other" objects="0" bytes="0" bytesdiscarded="0" />
  <memory-cardclean objects="1" bytes="24" />
  <regions eden="26" other="1" />
  <remembered-set-cleared processed="47846" cleared="2" durationms="0.357" />
  <stringconstants candidates="13759" cleared="0"  />
</gc-op>
<gc-op id="4008" type="classunload" timems="0.003" contextid="4004" timestamp="2019-07-07T05:36:22.158">
  <classunload-info classloadercandidates="54" classloadersunloaded="0" classesunloaded="0" anonymousclassesunloaded="0" quiescems="0.000" setupms="0.003" scanms="0.000" postms="0.000" />
</gc-op>
<gc-end id="4009" type="partial gc" contextid="4004" durationms="2.473" usertimems="0.000" systemtimems="0.000" timestamp="2019-07-07T05:36:22.158" activeThreads="1">
  <mem-info id="4010" free="53477376" total="87031808" percent="61">
    <mem type="eden" free="1048536" total="1048576" percent="99" />
    <remembered-set count="50496" freebytes="3272064" totalbytes="3474048" percent="94" regionsoverflowed="0" regionsstable="0" regionsrebuilding="18"/>
  </mem-info>
</gc-end>
<cycle-end id="4011" type="partial gc" contextid="4004" timestamp="2019-07-07T05:36:22.159" />
  <attribute name="elasticGC enabled" value="1" />
  <attribute name= "numThreadsSpecified" value="1" />
  <attribute name="heapSize specified" value="0" />
  <attribute name="Current GC Util" value="53" />
  <attribute name= "Current Time Running" value="22851" />
  <attribute name ="GC Interval" value="0" />
  <attribute name="ProportionalT" value="16.500000" />
  <attribute name="ProportionalI" value="16.500000" />
  <attribute name="ProportionalH" value="16.500000" />
  <attribute name="Current Error" value="33.000000" />
  <attribute name="IntegralT" value="0.000000" />
  <attribute name="IntegralI" value="0.000000" />
  <attribute name="IntegralH" value="0.000000" />
  <attribute name="DerivativeT" value="inf" />
  <attribute name="DerivativeI" value="inf" />
  <attribute name="DerivativeH" value="inf" />
  <attribute name="Loop Time for DT" value="0.000000" />
  <attribute name="Output H" value="8388608"/>
  <attribute name="Output I" value="200"/>
  <attribute name="Output T" value="1"/>
  <attribute name="Target GC Util Change" value ="20.000000" />
  <attribute name="Current GC Util Change" value="53.000000"/>
  <attribute name="GC Util currently" value="53" />
  <attribute name="CPU Util currently" value="23059236901361" />
<exclusive-end id="4012" timestamp="2019-07-07T05:36:22.159" durationms="3.521" />

<exclusive-start id="4013" timestamp="2019-07-07T05:36:22.163" intervalms="8.094">
  <response-info timems="0.074" idlems="0.074" threads="0" lastid="000000000096B700" lastname="main" />
</exclusive-start>
<allocation-taxation id="4014" taxation-threshold="13631488" timestamp="2019-07-07T05:36:22.164" intervalms="8.138" />
<gc-start id="4015" type="global mark phase" contextid="3889" timestamp="2019-07-07T05:36:22.164">
  <mem-info id="4016" free="39845888" total="87031808" percent="45">
    <remembered-set count="50016" freebytes="3273984" totalbytes="3474048" percent="94" regionsoverflowed="0" regionsstable="0" regionsrebuilding="18"/>
  </mem-info>
</gc-start>
<gc-end id="4017" type="global mark phase" contextid="3889" durationms="0.140" usertimems="0.000" systemtimems="0.000" timestamp="2019-07-07T05:36:22.164" activeThreads="1">
  <mem-info id="4018" free="39845888" total="87031808" percent="45">
    <remembered-set count="50016" freebytes="3273984" totalbytes="3474048" percent="94" regionsoverflowed="0" regionsstable="0" regionsrebuilding="18"/>
  </mem-info>
</gc-end>
<concurrent-start id="4019" type="GMP work packet processing" contextid="3889" timestamp="2019-07-07T05:36:22.164">
  <concurrent-mark-start scanTarget="1048576" />
</concurrent-start>
<exclusive-end id="4020" timestamp="2019-07-07T05:36:22.164" durationms="0.742" />

<concurrent-end id="4021" type="GMP work packet processing" contextid="3889" timestamp="2019-07-07T05:36:22.165">
  <concurrent-mark-end bytesScanned="1078284" reasonForTermination="Work target met" />
</concurrent-end>

<exclusive-start id="4022" timestamp="2019-07-07T05:36:22.170" intervalms="6.271">
  <response-info timems="0.075" idlems="0.075" threads="0" lastid="000000000096B700" lastname="main" />
</exclusive-start>
<allocation-taxation id="4023" taxation-threshold="13631488" timestamp="2019-07-07T05:36:22.170" intervalms="6.239" />
<cycle-start id="4024" type="partial gc" contextid="0" timestamp="2019-07-07T05:36:22.170" intervalms="14.374" />
<gc-start id="4025" type="partial gc" contextid="4024" timestamp="2019-07-07T05:36:22.170">
  <mem-info id="4026" free="26214400" total="87031808" percent="30">
    <mem type="eden" free="1048536" total="28311552" percent="3" />
    <remembered-set count="61248" freebytes="3229056" totalbytes="3474048" percent="92" regionsoverflowed="0" regionsstable="0" regionsrebuilding="18"/>
  </mem-info>
</gc-start>
<allocation-stats totalBytes="27226520" >
  <allocated-bytes non-tlh="0" tlh="27226520" arrayletleaf="0"/>
  <largest-consumer threadName="main" threadId="000000000096B700" bytes="13613816" />
</allocation-stats>
<gc-op id="4027" type="copy forward" timems="1.735" contextid="4024" timestamp="2019-07-07T05:36:22.173">
  <memory-copied type="eden" objects="24" bytes="912" bytesdiscarded="624" />
  <memory-copied type="other" objects="0" bytes="0" bytesdiscarded="0" />
  <memory-cardclean objects="101" bytes="3432" />
  <regions eden="26" other="1" />
  <remembered-set-cleared processed="58636" cleared="40" durationms="0.275" />
  <stringconstants candidates="13759" cleared="0"  />
</gc-op>
<gc-op id="4028" type="classunload" timems="0.003" contextid="4024" timestamp="2019-07-07T05:36:22.173">
  <classunload-info classloadercandidates="54" classloadersunloaded="0" classesunloaded="0" anonymousclassesunloaded="0" quiescems="0.000" setupms="0.003" scanms="0.000" postms="0.000" />
</gc-op>
<gc-end id="4029" type="partial gc" contextid="4024" durationms="2.696" usertimems="4.000" systemtimems="0.000" timestamp="2019-07-07T05:36:22.173" activeThreads="4">
  <mem-info id="4030" free="53477376" total="87031808" percent="61">
    <mem type="eden" free="1047040" total="1048576" percent="99" />
    <remembered-set count="62464" freebytes="3224192" totalbytes="3474048" percent="92" regionsoverflowed="0" regionsstable="0" regionsrebuilding="18"/>
  </mem-info>
</gc-end>
<cycle-end id="4031" type="partial gc" contextid="4024" timestamp="2019-07-07T05:36:22.173" />
  <attribute name="elasticGC enabled" value="1" />
  <attribute name= "numThreadsSpecified" value="4" />
  <attribute name="heapSize specified" value="0" />
  <attribute name="Current GC Util" value="0" />
  <attribute name= "Current Time Running" value="22865" />
  <attribute name ="GC Interval" value="0" />
  <attribute name="ProportionalT" value="-10.000000" />
  <attribute name="ProportionalI" value="-10.000000" />
  <attribute name="ProportionalH" value="-10.000000" />
  <attribute name="Current Error" value="-20.000000" />
  <attribute name="IntegralT" value="0.000000" />
  <attribute name="IntegralI" value="0.000000" />
  <attribute name="IntegralH" value="0.000000" />
  <attribute name="DerivativeT" value="-inf" />
  <attribute name="DerivativeI" value="-inf" />
  <attribute name="DerivativeH" value="-inf" />
  <attribute name="Loop Time for DT" value="0.000000" />
  <attribute name="Output H" value="2091843584"/>
  <attribute name="Output I" value="200"/>
  <attribute name="Output T" value="4"/>
  <attribute name="Target GC Util Change" value ="20.000000" />
  <attribute name="Current GC Util Change" value="0.000000"/>
  <attribute name="GC Util currently" value="0" />
  <attribute name="CPU Util currently" value="33390672605211" />
<exclusive-end id="4032" timestamp="2019-07-07T05:36:22.173" durationms="3.730" />

<exclusive-start id="4033" timestamp="2019-07-07T05:36:22.185" intervalms="15.053">
  <response-info timems="0.076" idlems="0.076" threads="0" lastid="000000000096B700" lastname="main" />
</exclusive-start>
<allocation-taxation id="4034" taxation-threshold="13631488" timestamp="2019-07-07T05:36:22.185" intervalms="15.109" />
<gc-start id="4035" type="global mark phase" contextid="3889" timestamp="2019-07-07T05:36:22.185">
  <mem-info id="4036" free="39845888" total="87031808" percent="45">
    <remembered-set count="62208" freebytes="3225216" totalbytes="3474048" percent="92" regionsoverflowed="0" regionsstable="0" regionsrebuilding="18"/>
  </mem-info>
</gc-start>
<gc-end id="4037" type="global mark phase" contextid="3889" durationms="0.209" usertimems="0.000" systemtimems="0.000" timestamp="2019-07-07T05:36:22.185" activeThreads="4">
  <mem-info id="4038" free="39845888" total="87031808" percent="45">
    <remembered-set count="62208" freebytes="3225216" totalbytes="3474048" percent="92" regionsoverflowed="0" regionsstable="0" regionsrebuilding="18"/>
  </mem-info>
</gc-end>
<concurrent-start id="4039" type="GMP work packet processing" contextid="3889" timestamp="2019-07-07T05:36:22.186">
  <concurrent-mark-start scanTarget="1048576" />
</concurrent-start>
<exclusive-end id="4040" timestamp="2019-07-07T05:36:22.186" durationms="1.235" />

<concurrent-end id="4041" type="GMP work packet processing" contextid="3889" timestamp="2019-07-07T05:36:22.187">
  <concurrent-mark-end bytesScanned="1068496" reasonForTermination="Work target met" />
</concurrent-end>

<exclusive-start id="4042" timestamp="2019-07-07T05:36:22.199" intervalms="14.584">
  <response-info timems="0.267" idlems="0.267" threads="0" lastid="000000000096B700" lastname="main" />
</exclusive-start>
<allocation-taxation id="4043" taxation-threshold="13631488" timestamp="2019-07-07T05:36:22.200" intervalms="14.579" />
<cycle-start id="4044" type="partial gc" contextid="0" timestamp="2019-07-07T05:36:22.200" intervalms="29.671" />
<gc-start id="4045" type="partial gc" contextid="4044" timestamp="2019-07-07T05:36:22.200">
  <mem-info id="4046" free="26214400" total="87031808" percent="30">
    <mem type="eden" free="1047040" total="28311552" percent="3" />
    <remembered-set count="72768" freebytes="3182976" totalbytes="3474048" percent="91" regionsoverflowed="0" regionsstable="0" regionsrebuilding="18"/>
  </mem-info>
</gc-start>
<allocation-stats totalBytes="27261840" >
  <allocated-bytes non-tlh="0" tlh="27261840" arrayletleaf="0"/>
  <largest-consumer threadName="main" threadId="000000000096B700" bytes="13630968" />
</allocation-stats>
<gc-op id="4047" type="copy forward" timems="1.413" contextid="4044" timestamp="2019-07-07T05:36:22.202">
  <memory-copied type="eden" objects="23" bytes="736" bytesdiscarded="0" />
  <memory-copied type="other" objects="14" bytes="520" bytesdiscarded="0" />
  <memory-cardclean objects="104" bytes="3144" />
  <regions eden="26" other="1" />
  <remembered-set-cleared processed="69538" cleared="53" durationms="0.529" />
  <stringconstants candidates="13759" cleared="0"  />
</gc-op>
<gc-op id="4048" type="classunload" timems="0.003" contextid="4044" timestamp="2019-07-07T05:36:22.202">
  <classunload-info classloadercandidates="54" classloadersunloaded="0" classesunloaded="0" anonymousclassesunloaded="0" quiescems="0.000" setupms="0.003" scanms="0.000" postms="0.000" />
</gc-op>
<gc-end id="4049" type="partial gc" contextid="4044" durationms="2.609" usertimems="4.000" systemtimems="0.000" timestamp="2019-07-07T05:36:22.203" activeThreads="1">
  <mem-info id="4050" free="52428800" total="87031808" percent="60">
    <mem type="eden" free="2095896" total="2097152" percent="99" />
    <remembered-set count="72896" freebytes="3182464" totalbytes="3474048" percent="91" regionsoverflowed="0" regionsstable="0" regionsrebuilding="18"/>
  </mem-info>
</gc-end>
<cycle-end id="4051" type="partial gc" contextid="4044" timestamp="2019-07-07T05:36:22.203" />
  <attribute name="elasticGC enabled" value="1" />
  <attribute name= "numThreadsSpecified" value="1" />
  <attribute name="heapSize specified" value="0" />
  <attribute name="Current GC Util" value="57" />
  <attribute name= "Current Time Running" value="22895" />
  <attribute name ="GC Interval" value="0" />
  <attribute name="ProportionalT" value="18.500000" />
  <attribute name="ProportionalI" value="18.500000" />
  <attribute name="ProportionalH" value="18.500000" />
  <attribute name="Current Error" value="37.000000" />
  <attribute name="IntegralT" value="0.000000" />
  <attribute name="IntegralI" value="0.000000" />
  <attribute name="IntegralH" value="0.000000" />
  <attribute name="DerivativeT" value="inf" />
  <attribute name="DerivativeI" value="inf" />
  <attribute name="DerivativeH" value="inf" />
  <attribute name="Loop Time for DT" value="0.000000" />
  <attribute name="Output H" value="8388608"/>
  <attribute name="Output I" value="200"/>
  <attribute name="Output T" value="1"/>
  <attribute name="Target GC Util Change" value ="20.000000" />
  <attribute name="Current GC Util Change" value="57.000000"/>
  <attribute name="GC Util currently" value="57" />
  <attribute name="CPU Util currently" value="17540062928612" />
<exclusive-end id="4052" timestamp="2019-07-07T05:36:22.203" durationms="3.739" />

<exclusive-start id="4053" timestamp="2019-07-07T05:36:22.218" intervalms="18.794">
  <response-info timems="0.080" idlems="0.080" threads="0" lastid="000000000096B700" lastname="main" />
</exclusive-start>
<allocation-taxation id="4054" taxation-threshold="13631488" timestamp="2019-07-07T05:36:22.218" intervalms="18.776" />
<gc-start id="4055" type="global mark phase" contextid="3889" timestamp="2019-07-07T05:36:22.219">
  <mem-info id="4056" free="38797312" total="87031808" percent="44">
    <remembered-set count="72800" freebytes="3182848" totalbytes="3474048" percent="91" regionsoverflowed="0" regionsstable="0" regionsrebuilding="18"/>
  </mem-info>
</gc-start>
<gc-end id="4057" type="global mark phase" contextid="3889" durationms="0.169" usertimems="0.000" systemtimems="0.000" timestamp="2019-07-07T05:36:22.219" activeThreads="1">
  <mem-info id="4058" free="38797312" total="87031808" percent="44">
    <remembered-set count="72800" freebytes="3182848" totalbytes="3474048" percent="91" regionsoverflowed="0" regionsstable="0" regionsrebuilding="18"/>
  </mem-info>
</gc-end>
<concurrent-start id="4059" type="GMP work packet processing" contextid="3889" timestamp="2019-07-07T05:36:22.219">
  <concurrent-mark-start scanTarget="1048576" />
</concurrent-start>
<exclusive-end id="4060" timestamp="2019-07-07T05:36:22.219" durationms="0.882" />

<concurrent-end id="4061" type="GMP work packet processing" contextid="3889" timestamp="2019-07-07T05:36:22.220">
  <concurrent-mark-end bytesScanned="1083100" reasonForTermination="Work target met" />
</concurrent-end>

<exclusive-start id="4062" timestamp="2019-07-07T05:36:22.234" intervalms="16.109">
  <response-info timems="0.300" idlems="0.300" threads="0" lastid="000000000096B700" lastname="main" />
</exclusive-start>
<allocation-taxation id="4063" taxation-threshold="13631488" timestamp="2019-07-07T05:36:22.234" intervalms="16.054" />
<cycle-start id="4064" type="partial gc" contextid="0" timestamp="2019-07-07T05:36:22.235" intervalms="34.892" />
<gc-start id="4065" type="partial gc" contextid="4064" timestamp="2019-07-07T05:36:22.235">
  <mem-info id="4066" free="25165824" total="87031808" percent="28">
    <mem type="eden" free="0" total="27262976" percent="0" />
    <remembered-set count="84032" freebytes="3137920" totalbytes="3474048" percent="90" regionsoverflowed="0" regionsstable="0" regionsrebuilding="18"/>
  </mem-info>
</gc-start>
<allocation-stats totalBytes="27258896" >
  <allocated-bytes non-tlh="0" tlh="27258896" arrayletleaf="0"/>
  <largest-consumer threadName="main" threadId="000000000096B700" bytes="13629400" />
</allocation-stats>
<gc-op id="4067" type="copy forward" timems="1.457" contextid="4064" timestamp="2019-07-07T05:36:22.237">
  <memory-copied type="eden" objects="1" bytes="24" bytesdiscarded="0" />
  <memory-copied type="other" objects="22" bytes="712" bytesdiscarded="0" />
  <memory-cardclean objects="44" bytes="1544" />
  <regions eden="26" other="1" />
  <remembered-set-cleared processed="80908" cleared="27" durationms="0.541" />
  <stringconstants candidates="13759" cleared="0"  />
</gc-op>
<gc-op id="4068" type="classunload" timems="0.003" contextid="4064" timestamp="2019-07-07T05:36:22.237">
  <classunload-info classloadercandidates="54" classloadersunloaded="0" classesunloaded="0" anonymousclassesunloaded="0" quiescems="0.000" setupms="0.003" scanms="0.000" postms="0.000" />
</gc-op>
<gc-end id="4069" type="partial gc" contextid="4064" durationms="2.592" usertimems="0.000" systemtimems="0.000" timestamp="2019-07-07T05:36:22.237" activeThreads="1">
  <mem-info id="4070" free="51380224" total="87031808" percent="59">
    <mem type="eden" free="1048552" total="1048576" percent="99" />
    <remembered-set count="84480" freebytes="3136128" totalbytes="3474048" percent="90" regionsoverflowed="0" regionsstable="0" regionsrebuilding="18"/>
  </mem-info>
</gc-end>
<cycle-end id="4071" type="partial gc" contextid="4064" timestamp="2019-07-07T05:36:22.238" />
  <attribute name="elasticGC enabled" value="1" />
  <attribute name= "numThreadsSpecified" value="1" />
  <attribute name="heapSize specified" value="0" />
  <attribute name="Current GC Util" value="57" />
  <attribute name= "Current Time Running" value="22930" />
  <attribute name ="GC Interval" value="0" />
  <attribute name="ProportionalT" value="18.500000" />
  <attribute name="ProportionalI" value="18.500000" />
  <attribute name="ProportionalH" value="18.500000" />
  <attribute name="Current Error" value="37.000000" />
  <attribute name="IntegralT" value="0.000000" />
  <attribute name="IntegralI" value="0.000000" />
  <attribute name="IntegralH" value="0.000000" />
  <attribute name="DerivativeT" value="inf" />
  <attribute name="DerivativeI" value="inf" />
  <attribute name="DerivativeH" value="inf" />
  <attribute name="Loop Time for DT" value="0.000000" />
  <attribute name="Output H" value="8388608"/>
  <attribute name="Output I" value="200"/>
  <attribute name="Output T" value="1"/>
  <attribute name="Target GC Util Change" value ="20.000000" />
  <attribute name="Current GC Util Change" value="57.000000"/>
  <attribute name="GC Util currently" value="57" />
  <attribute name="CPU Util currently" value="17510426343679" />
<exclusive-end id="4072" timestamp="2019-07-07T05:36:22.238" durationms="3.664" />

<exclusive-start id="4073" timestamp="2019-07-07T05:36:22.400" intervalms="165.557">
  <response-info timems="0.056" idlems="0.056" threads="0" lastid="000000000096B700" lastname="main" />
</exclusive-start>
<allocation-taxation id="4074" taxation-threshold="13631488" timestamp="2019-07-07T05:36:22.400" intervalms="165.659" />
<gc-start id="4075" type="global mark phase" contextid="3889" timestamp="2019-07-07T05:36:22.400">
  <mem-info id="4076" free="37748736" total="87031808" percent="43">
    <remembered-set count="84096" freebytes="3137664" totalbytes="3474048" percent="90" regionsoverflowed="0" regionsstable="0" regionsrebuilding="18"/>
  </mem-info>
</gc-start>
<gc-end id="4077" type="global mark phase" contextid="3889" durationms="0.264" usertimems="0.000" systemtimems="0.000" timestamp="2019-07-07T05:36:22.401" activeThreads="1">
  <mem-info id="4078" free="37748736" total="87031808" percent="43">
    <remembered-set count="84096" freebytes="3137664" totalbytes="3474048" percent="90" regionsoverflowed="0" regionsstable="0" regionsrebuilding="18"/>
  </mem-info>
</gc-end>
<concurrent-start id="4079" type="GMP work packet processing" contextid="3889" timestamp="2019-07-07T05:36:22.401">
  <concurrent-mark-start scanTarget="1048576" />
</concurrent-start>
<exclusive-end id="4080" timestamp="2019-07-07T05:36:22.401" durationms="1.204" />

<concurrent-end id="4081" type="GMP work packet processing" contextid="3889" timestamp="2019-07-07T05:36:22.402">
  <concurrent-mark-end bytesScanned="1082992" reasonForTermination="Work target met" />
</concurrent-end>

<exclusive-start id="4082" timestamp="2019-07-07T05:36:22.405" intervalms="5.636">
  <response-info timems="0.086" idlems="0.086" threads="0" lastid="000000000096B700" lastname="main" />
</exclusive-start>
<allocation-taxation id="4083" taxation-threshold="13631488" timestamp="2019-07-07T05:36:22.406" intervalms="5.659" />
<cycle-start id="4084" type="partial gc" contextid="0" timestamp="2019-07-07T05:36:22.406" intervalms="171.292" />
<gc-start id="4085" type="partial gc" contextid="4084" timestamp="2019-07-07T05:36:22.406">
  <mem-info id="4086" free="24117248" total="87031808" percent="27">
    <mem type="eden" free="1048552" total="28311552" percent="3" />
    <remembered-set count="91552" freebytes="3107840" totalbytes="3474048" percent="89" regionsoverflowed="0" regionsstable="0" regionsrebuilding="18"/>
  </mem-info>
</gc-start>
<allocation-stats totalBytes="27171200" >
  <allocated-bytes non-tlh="0" tlh="27171200" arrayletleaf="0"/>
  <largest-consumer threadName="main" threadId="000000000096B700" bytes="13581568" />
</allocation-stats>
<gc-op id="4087" type="copy forward" timems="1.610" contextid="4084" timestamp="2019-07-07T05:36:22.409">
  <memory-copied type="eden" objects="68" bytes="2896" bytesdiscarded="0" />
  <memory-copied type="other" objects="0" bytes="0" bytesdiscarded="0" />
  <memory-cardclean objects="94" bytes="2992" />
  <regions eden="26" other="1" />
  <remembered-set-cleared processed="88516" cleared="26" durationms="0.568" />
  <stringconstants candidates="13759" cleared="0"  />
</gc-op>
<gc-op id="4088" type="classunload" timems="0.017" contextid="4084" timestamp="2019-07-07T05:36:22.409">
  <classunload-info classloadercandidates="54" classloadersunloaded="0" classesunloaded="0" anonymousclassesunloaded="0" quiescems="0.000" setupms="0.017" scanms="0.000" postms="0.000" />
</gc-op>
<heap-resize id="4089" type="contract" space="default" amount="5242880" count="1" timems="0.354" reason="insufficient time being spent in gc" timestamp="2019-07-07T05:36:22.409" />
<gc-end id="4090" type="partial gc" contextid="4084" durationms="3.394" usertimems="4.000" systemtimems="0.000" timestamp="2019-07-07T05:36:22.410" activeThreads="1">
  <mem-info id="4091" free="46137344" total="81788928" percent="56">
    <mem type="eden" free="1045680" total="1048576" percent="99" />
    <remembered-set count="92000" freebytes="3106048" totalbytes="3474048" percent="89" regionsoverflowed="0" regionsstable="0" regionsrebuilding="18"/>
  </mem-info>
</gc-end>
<cycle-end id="4092" type="partial gc" contextid="4084" timestamp="2019-07-07T05:36:22.410" />
  <attribute name="elasticGC enabled" value="1" />
  <attribute name= "numThreadsSpecified" value="1" />
  <attribute name="heapSize specified" value="0" />
  <attribute name="Current GC Util" value="54" />
  <attribute name= "Current Time Running" value="23101" />
  <attribute name ="GC Interval" value="0" />
  <attribute name="ProportionalT" value="17.000000" />
  <attribute name="ProportionalI" value="17.000000" />
  <attribute name="ProportionalH" value="17.000000" />
  <attribute name="Current Error" value="34.000000" />
  <attribute name="IntegralT" value="0.000000" />
  <attribute name="IntegralI" value="0.000000" />
  <attribute name="IntegralH" value="0.000000" />
  <attribute name="DerivativeT" value="inf" />
  <attribute name="DerivativeI" value="inf" />
  <attribute name="DerivativeH" value="inf" />
  <attribute name="Loop Time for DT" value="0.000000" />
  <attribute name="Output H" value="8388608"/>
  <attribute name="Output I" value="200"/>
  <attribute name="Output T" value="1"/>
  <attribute name="Target GC Util Change" value ="20.000000" />
  <attribute name="Current GC Util Change" value="54.000000"/>
  <attribute name="GC Util currently" value="54" />
  <attribute name="CPU Util currently" value="20620840294702" />
<exclusive-end id="4093" timestamp="2019-07-07T05:36:22.410" durationms="4.604" />

<exclusive-start id="4094" timestamp="2019-07-07T05:36:22.414" intervalms="8.868">
  <response-info timems="0.046" idlems="0.046" threads="0" lastid="000000000096B700" lastname="main" />
</exclusive-start>
<allocation-taxation id="4095" taxation-threshold="13631488" timestamp="2019-07-07T05:36:22.415" intervalms="8.862" />
<gc-start id="4096" type="global mark phase" contextid="3889" timestamp="2019-07-07T05:36:22.415">
  <mem-info id="4097" free="32505856" total="81788928" percent="39">
    <remembered-set count="91584" freebytes="3107712" totalbytes="3474048" percent="89" regionsoverflowed="0" regionsstable="0" regionsrebuilding="18"/>
  </mem-info>
</gc-start>
<gc-end id="4098" type="global mark phase" contextid="3889" durationms="0.251" usertimems="0.000" systemtimems="0.000" timestamp="2019-07-07T05:36:22.415" activeThreads="1">
  <mem-info id="4099" free="32505856" total="81788928" percent="39">
    <remembered-set count="91584" freebytes="3107712" totalbytes="3474048" percent="89" regionsoverflowed="0" regionsstable="0" regionsrebuilding="18"/>
  </mem-info>
</gc-end>
<concurrent-start id="4100" type="GMP work packet processing" contextid="3889" timestamp="2019-07-07T05:36:22.415">
  <concurrent-mark-start scanTarget="1048576" />
</concurrent-start>
<exclusive-end id="4101" timestamp="2019-07-07T05:36:22.415" durationms="1.187" />

<concurrent-end id="4102" type="GMP work packet processing" contextid="3889" timestamp="2019-07-07T05:36:22.416">
  <concurrent-mark-end bytesScanned="1084260" reasonForTermination="Work target met" />
</concurrent-end>

<exclusive-start id="4103" timestamp="2019-07-07T05:36:22.420" intervalms="5.652">
  <response-info timems="0.087" idlems="0.087" threads="0" lastid="000000000096B700" lastname="main" />
</exclusive-start>
<allocation-taxation id="4104" taxation-threshold="13631488" timestamp="2019-07-07T05:36:22.420" intervalms="5.609" />
<cycle-start id="4105" type="partial gc" contextid="0" timestamp="2019-07-07T05:36:22.421" intervalms="14.625" />
<gc-start id="4106" type="partial gc" contextid="4105" timestamp="2019-07-07T05:36:22.421">
  <mem-info id="4107" free="18874368" total="81788928" percent="23">
    <mem type="eden" free="0" total="27262976" percent="0" />
    <remembered-set count="101664" freebytes="3067392" totalbytes="3474048" percent="88" regionsoverflowed="0" regionsstable="0" regionsrebuilding="18"/>
  </mem-info>
</gc-start>
<allocation-stats totalBytes="27160672" >
  <allocated-bytes non-tlh="0" tlh="27160672" arrayletleaf="0"/>
  <largest-consumer threadName="main" threadId="000000000096B700" bytes="13581568" />
</allocation-stats>
<gc-op id="4108" type="copy forward" timems="5.381" contextid="4105" timestamp="2019-07-07T05:36:22.428">
  <memory-copied type="eden" objects="0" bytes="0" bytesdiscarded="0" />
  <memory-copied type="other" objects="68" bytes="2896" bytesdiscarded="568" />
  <memory-cardclean objects="151320" bytes="4951712" />
  <regions eden="26" other="1" />
  <remembered-set-cleared processed="60777" cleared="26694" durationms="0.319" />
  <stringconstants candidates="13759" cleared="0"  />
</gc-op>
<gc-op id="4109" type="classunload" timems="0.004" contextid="4105" timestamp="2019-07-07T05:36:22.428">
  <classunload-info classloadercandidates="54" classloadersunloaded="0" classesunloaded="0" anonymousclassesunloaded="0" quiescems="0.000" setupms="0.004" scanms="0.000" postms="0.000" />
</gc-op>
<heap-resize id="4110" type="expand" space="default" amount="7340032" count="1" timems="0.059" reason="excessive time being spent in gc" timestamp="2019-07-07T05:36:22.428" />
<gc-end id="4111" type="partial gc" contextid="4105" durationms="7.205" usertimems="12.000" systemtimems="0.000" timestamp="2019-07-07T05:36:22.428" activeThreads="4">
  <mem-info id="4112" free="53477376" total="89128960" percent="60">
    <remembered-set count="60448" freebytes="3315968" totalbytes="3557760" percent="93" regionsoverflowed="0" regionsstable="0" regionsrebuilding="18"/>
  </mem-info>
</gc-end>
<cycle-end id="4113" type="partial gc" contextid="4105" timestamp="2019-07-07T05:36:22.428" />
  <attribute name="elasticGC enabled" value="1" />
  <attribute name= "numThreadsSpecified" value="4" />
  <attribute name="heapSize specified" value="0" />
  <attribute name="Current GC Util" value="129" />
  <attribute name= "Current Time Running" value="23117" />
  <attribute name ="GC Interval" value="0" />
  <attribute name="ProportionalT" value="54.500000" />
  <attribute name="ProportionalI" value="54.500000" />
  <attribute name="ProportionalH" value="54.500000" />
  <attribute name="Current Error" value="109.000000" />
  <attribute name="IntegralT" value="54.500000" />
  <attribute name="IntegralI" value="54.500000" />
  <attribute name="IntegralH" value="54.500000" />
  <attribute name="DerivativeT" value="106.000000" />
  <attribute name="DerivativeI" value="106.000000" />
  <attribute name="DerivativeH" value="106.000000" />
  <attribute name="Loop Time for DT" value="1.000000" />
  <attribute name="Output H" value="8388608"/>
  <attribute name="Output I" value="216"/>
  <attribute name="Output T" value="4"/>
  <attribute name="Target GC Util Change" value ="20.000000" />
  <attribute name="Current GC Util Change" value="129.000000"/>
  <attribute name="GC Util currently" value="129" />
  <attribute name="CPU Util currently" value="6334663856781" />
<exclusive-end id="4114" timestamp="2019-07-07T05:36:22.429" durationms="8.585" />

<exclusive-start id="4115" timestamp="2019-07-07T05:36:22.433" intervalms="12.928">
  <response-info timems="0.076" idlems="0.076" threads="0" lastid="000000000096B700" lastname="main" />
</exclusive-start>
<allocation-taxation id="4116" taxation-threshold="13631488" timestamp="2019-07-07T05:36:22.433" intervalms="12.940" />
<gc-start id="4117" type="global mark phase" contextid="3889" timestamp="2019-07-07T05:36:22.433">
  <mem-info id="4118" free="39845888" total="89128960" percent="44">
    <remembered-set count="60448" freebytes="3315968" totalbytes="3557760" percent="93" regionsoverflowed="0" regionsstable="0" regionsrebuilding="18"/>
  </mem-info>
</gc-start>
<gc-end id="4119" type="global mark phase" contextid="3889" durationms="0.215" usertimems="0.000" systemtimems="0.000" timestamp="2019-07-07T05:36:22.434" activeThreads="4">
  <mem-info id="4120" free="39845888" total="89128960" percent="44">
    <remembered-set count="60448" freebytes="3315968" totalbytes="3557760" percent="93" regionsoverflowed="0" regionsstable="0" regionsrebuilding="18"/>
  </mem-info>
</gc-end>
<concurrent-start id="4121" type="GMP work packet processing" contextid="3889" timestamp="2019-07-07T05:36:22.434">
  <concurrent-mark-start scanTarget="1048576" />
</concurrent-start>
<exclusive-end id="4122" timestamp="2019-07-07T05:36:22.434" durationms="1.093" />

<exclusive-start id="4123" timestamp="2019-07-07T05:36:22.439" intervalms="5.873">
  <response-info timems="0.059" idlems="0.059" threads="0" lastid="000000000096B700" lastname="main" />
</exclusive-start>
<concurrent-end id="4124" type="GMP work packet processing" contextid="3889" timestamp="2019-07-07T05:36:22.439">
  <concurrent-mark-end bytesScanned="1088608" reasonForTermination="Work target met" />
</concurrent-end>

<allocation-taxation id="4125" taxation-threshold="13631488" timestamp="2019-07-07T05:36:22.439" intervalms="5.794" />
<cycle-start id="4126" type="partial gc" contextid="0" timestamp="2019-07-07T05:36:22.439" intervalms="18.705" />
<gc-start id="4127" type="partial gc" contextid="4126" timestamp="2019-07-07T05:36:22.440">
  <mem-info id="4128" free="26214400" total="89128960" percent="29">
    <mem type="eden" free="0" total="27262976" percent="0" />
    <remembered-set count="74496" freebytes="3259776" totalbytes="3557760" percent="91" regionsoverflowed="0" regionsstable="0" regionsrebuilding="18"/>
  </mem-info>
</gc-start>
<allocation-stats totalBytes="27169888" >
  <allocated-bytes non-tlh="0" tlh="27169888" arrayletleaf="0"/>
  <largest-consumer threadName="main" threadId="000000000096B700" bytes="13586872" />
</allocation-stats>
<gc-op id="4129" type="copy forward" timems="2.767" contextid="4126" timestamp="2019-07-07T05:36:22.443">
  <memory-copied type="eden" objects="1" bytes="24" bytesdiscarded="0" />
  <memory-copied type="other" objects="0" bytes="0" bytesdiscarded="0" />
  <memory-cardclean objects="17" bytes="440" />
  <regions eden="26" other="0" />
  <remembered-set-cleared processed="72183" cleared="5" durationms="0.251" />
  <stringconstants candidates="13759" cleared="0"  />
</gc-op>
<gc-op id="4130" type="classunload" timems="0.003" contextid="4126" timestamp="2019-07-07T05:36:22.443">
  <classunload-info classloadercandidates="54" classloadersunloaded="0" classesunloaded="0" anonymousclassesunloaded="0" quiescems="0.000" setupms="0.003" scanms="0.000" postms="0.000" />
</gc-op>
<heap-resize id="4131" type="expand" space="default" amount="3145728" count="1" timems="0.049" reason="excessive time being spent in gc" timestamp="2019-07-07T05:36:22.443" />
<gc-end id="4132" type="partial gc" contextid="4126" durationms="3.919" usertimems="4.000" systemtimems="4.000" timestamp="2019-07-07T05:36:22.443" activeThreads="4">
  <mem-info id="4133" free="55574528" total="92274688" percent="60">
    <mem type="eden" free="1048552" total="1048576" percent="99" />
    <remembered-set count="74496" freebytes="3385344" totalbytes="3683328" percent="91" regionsoverflowed="0" regionsstable="0" regionsrebuilding="18"/>
  </mem-info>
</gc-end>
<cycle-end id="4134" type="partial gc" contextid="4126" timestamp="2019-07-07T05:36:22.444" />
  <attribute name="elasticGC enabled" value="1" />
  <attribute name= "numThreadsSpecified" value="4" />
  <attribute name="heapSize specified" value="0" />
  <attribute name="Current GC Util" value="63" />
  <attribute name= "Current Time Running" value="23135" />
  <attribute name ="GC Interval" value="0" />
  <attribute name="ProportionalT" value="21.500000" />
  <attribute name="ProportionalI" value="21.500000" />
  <attribute name="ProportionalH" value="21.500000" />
  <attribute name="Current Error" value="43.000000" />
  <attribute name="IntegralT" value="21.500000" />
  <attribute name="IntegralI" value="21.500000" />
  <attribute name="IntegralH" value="21.500000" />
  <attribute name="DerivativeT" value="36.000000" />
  <attribute name="DerivativeI" value="36.000000" />
  <attribute name="DerivativeH" value="36.000000" />
  <attribute name="Loop Time for DT" value="1.000000" />
  <attribute name="Output H" value="8388608"/>
  <attribute name="Output I" value="200"/>
  <attribute name="Output T" value="4"/>
  <attribute name="Target GC Util Change" value ="20.000000" />
  <attribute name="Current GC Util Change" value="63.000000"/>
  <attribute name="GC Util currently" value="63" />
  <attribute name="CPU Util currently" value="22041227188493" />
<exclusive-end id="4135" timestamp="2019-07-07T05:36:22.444" durationms="5.044" />

<exclusive-start id="4136" timestamp="2019-07-07T05:36:22.448" intervalms="9.727">
  <response-info timems="0.074" idlems="0.074" threads="0" lastid="000000000096B700" lastname="main" />
</exclusive-start>
<allocation-taxation id="4137" taxation-threshold="14680064" timestamp="2019-07-07T05:36:22.449" intervalms="9.717" />
<gc-start id="4138" type="global mark phase" contextid="3889" timestamp="2019-07-07T05:36:22.449">
  <mem-info id="4139" free="40894464" total="92274688" percent="44">
    <remembered-set count="74016" freebytes="3387264" totalbytes="3683328" percent="91" regionsoverflowed="0" regionsstable="0" regionsrebuilding="18"/>
  </mem-info>
</gc-start>
<gc-end id="4140" type="global mark phase" contextid="3889" durationms="0.178" usertimems="0.000" systemtimems="0.000" timestamp="2019-07-07T05:36:22.449" activeThreads="4">
  <mem-info id="4141" free="40894464" total="92274688" percent="44">
    <remembered-set count="74016" freebytes="3387264" totalbytes="3683328" percent="91" regionsoverflowed="0" regionsstable="0" regionsrebuilding="18"/>
  </mem-info>
</gc-end>
<concurrent-start id="4142" type="GMP work packet processing" contextid="3889" timestamp="2019-07-07T05:36:22.449">
  <concurrent-mark-start scanTarget="1048576" />
</concurrent-start>
<exclusive-end id="4143" timestamp="2019-07-07T05:36:22.449" durationms="0.902" />

<concurrent-end id="4144" type="GMP work packet processing" contextid="3889" timestamp="2019-07-07T05:36:22.450">
  <concurrent-mark-end bytesScanned="401312" reasonForTermination="Completed all work in GC phase" />
</concurrent-end>

<exclusive-start id="4145" timestamp="2019-07-07T05:36:22.454" intervalms="5.991">
  <response-info timems="0.055" idlems="0.055" threads="0" lastid="000000000096B700" lastname="main" />
</exclusive-start>
<allocation-taxation id="4146" taxation-threshold="14680064" timestamp="2019-07-07T05:36:22.455" intervalms="5.999" />
<cycle-start id="4147" type="partial gc" contextid="0" timestamp="2019-07-07T05:36:22.455" intervalms="15.566" />
<gc-start id="4148" type="partial gc" contextid="4147" timestamp="2019-07-07T05:36:22.455">
  <mem-info id="4149" free="26214400" total="92274688" percent="28">
    <mem type="eden" free="1048552" total="30408704" percent="3" />
    <remembered-set count="79680" freebytes="3364608" totalbytes="3683328" percent="91" regionsoverflowed="0" regionsstable="0" regionsrebuilding="18"/>
  </mem-info>
</gc-start>
<allocation-stats totalBytes="29261520" >
  <allocated-bytes non-tlh="0" tlh="29261520" arrayletleaf="0"/>
  <largest-consumer threadName="main" threadId="000000000096B700" bytes="14631992" />
</allocation-stats>
<gc-op id="4150" type="copy forward" timems="1.629" contextid="4147" timestamp="2019-07-07T05:36:22.458">
  <memory-copied type="eden" objects="1" bytes="24" bytesdiscarded="0" />
  <memory-copied type="other" objects="0" bytes="0" bytesdiscarded="0" />
  <memory-cardclean objects="17" bytes="440" />
  <regions eden="28" other="1" />
  <remembered-set-cleared processed="76979" cleared="5" durationms="0.507" />
  <stringconstants candidates="13759" cleared="0"  />
</gc-op>
<gc-op id="4151" type="classunload" timems="0.003" contextid="4147" timestamp="2019-07-07T05:36:22.458">
  <classunload-info classloadercandidates="54" classloadersunloaded="0" classesunloaded="0" anonymousclassesunloaded="0" quiescems="0.000" setupms="0.003" scanms="0.000" postms="0.000" />
</gc-op>
<gc-end id="4152" type="partial gc" contextid="4147" durationms="2.905" usertimems="4.000" systemtimems="0.000" timestamp="2019-07-07T05:36:22.458" activeThreads="1">
  <mem-info id="4153" free="55574528" total="92274688" percent="60">
    <mem type="eden" free="1048552" total="1048576" percent="99" />
    <remembered-set count="80160" freebytes="3362688" totalbytes="3683328" percent="91" regionsoverflowed="0" regionsstable="0" regionsrebuilding="18"/>
  </mem-info>
</gc-end>
<cycle-end id="4154" type="partial gc" contextid="4147" timestamp="2019-07-07T05:36:22.458" />
  <attribute name="elasticGC enabled" value="1" />
  <attribute name= "numThreadsSpecified" value="1" />
  <attribute name="heapSize specified" value="0" />
  <attribute name="Current GC Util" value="170" />
  <attribute name= "Current Time Running" value="23150" />
  <attribute name ="GC Interval" value="0" />
  <attribute name="ProportionalT" value="75.000000" />
  <attribute name="ProportionalI" value="75.000000" />
  <attribute name="ProportionalH" value="75.000000" />
  <attribute name="Current Error" value="150.000000" />
  <attribute name="IntegralT" value="0.000000" />
  <attribute name="IntegralI" value="0.000000" />
  <attribute name="IntegralH" value="0.000000" />
  <attribute name="DerivativeT" value="inf" />
  <attribute name="DerivativeI" value="inf" />
  <attribute name="DerivativeH" value="inf" />
  <attribute name="Loop Time for DT" value="0.000000" />
  <attribute name="Output H" value="8388608"/>
  <attribute name="Output I" value="200"/>
  <attribute name="Output T" value="1"/>
  <attribute name="Target GC Util Change" value ="20.000000" />
  <attribute name="Current GC Util Change" value="170.000000"/>
  <attribute name="GC Util currently" value="170" />
  <attribute name="CPU Util currently" value="13735721157845" />
<exclusive-end id="4155" timestamp="2019-07-07T05:36:22.458" durationms="3.861" />

<exclusive-start id="4156" timestamp="2019-07-07T05:36:22.463" intervalms="8.551">
  <response-info timems="0.082" idlems="0.082" threads="0" lastid="000000000096B700" lastname="main" />
</exclusive-start>
<allocation-taxation id="4157" taxation-threshold="14680064" timestamp="2019-07-07T05:36:22.463" intervalms="8.608" />
<gc-start id="4158" type="global mark phase" contextid="3889" timestamp="2019-07-07T05:36:22.464">
  <mem-info id="4159" free="40894464" total="92274688" percent="44">
    <remembered-set count="79680" freebytes="3364608" totalbytes="3683328" percent="91" regionsoverflowed="0" regionsstable="0" regionsrebuilding="18"/>
  </mem-info>
</gc-start>
<gc-op id="4160" type="mark increment" timems="5.300" contextid="3889" timestamp="2019-07-07T05:36:22.469">
  <trace-info objectcount="66" scancount="61" scanbytes="346288" />
  <cardclean-info objects="227168" bytes="6203940" />
  <finalization candidates="80" enqueued="0" />
  <ownableSynchronizers candidates="21" cleared="0" />
  <references type="soft" candidates="4328" cleared="5" enqueued="3" dynamicThreshold="19" maxThreshold="32" />
  <references type="weak" candidates="5714" cleared="0" enqueued="0" />
  <references type="phantom" candidates="101" cleared="0" enqueued="0" />
  <stringconstants candidates="13759" cleared="38"  />
</gc-op>
<gc-op id="4161" type="classunload" timems="0.005" contextid="3889" timestamp="2019-07-07T05:36:22.469">
  <classunload-info classloadercandidates="54" classloadersunloaded="0" classesunloaded="0" anonymousclassesunloaded="0" quiescems="0.000" setupms="0.005" scanms="0.000" postms="0.000" />
</gc-op>
<gc-end id="4162" type="global mark phase" contextid="3889" durationms="5.732" usertimems="12.000" systemtimems="0.000" timestamp="2019-07-07T05:36:22.469" activeThreads="4">
  <mem-info id="4163" free="40894464" total="92274688" percent="44">
    <pending-finalizers system="0" default="0" reference="3" classloader="0" />
    <remembered-set count="107840" freebytes="3251968" totalbytes="3683328" percent="88" regionsoverflowed="0" regionsstable="0" regionsrebuilding="0"/>
  </mem-info>
</gc-end>
<cycle-end id="4164" type="global mark phase" contextid="3889" timestamp="2019-07-07T05:36:22.469" />
  <attribute name="elasticGC enabled" value="1" />
  <attribute name= "numThreadsSpecified" value="4" />
  <attribute name="heapSize specified" value="0" />
  <attribute name="Current GC Util" value="115" />
  <attribute name= "Current Time Running" value="23163" />
  <attribute name ="GC Interval" value="0" />
  <attribute name="ProportionalT" value="47.500000" />
  <attribute name="ProportionalI" value="47.500000" />
  <attribute name="ProportionalH" value="47.500000" />
  <attribute name="Current Error" value="95.000000" />
  <attribute name="IntegralT" value="47.500000" />
  <attribute name="IntegralI" value="47.500000" />
  <attribute name="IntegralH" value="47.500000" />
  <attribute name="DerivativeT" value="-152.000000" />
  <attribute name="DerivativeI" value="-152.000000" />
  <attribute name="DerivativeH" value="-152.000000" />
  <attribute name="Loop Time for DT" value="1.000000" />
  <attribute name="Output H" value="2091843584"/>
  <attribute name="Output I" value="200"/>
  <attribute name="Output T" value="4"/>
  <attribute name="Target GC Util Change" value ="20.000000" />
  <attribute name="Current GC Util Change" value="115.000000"/>
  <attribute name="GC Util currently" value="115" />
  <attribute name="CPU Util currently" value="18018269409745" />
<exclusive-end id="4165" timestamp="2019-07-07T05:36:22.470" durationms="6.521" />

<exclusive-start id="4166" timestamp="2019-07-07T05:36:22.474" intervalms="11.184">
  <response-info timems="0.070" idlems="0.070" threads="0" lastid="000000000096B700" lastname="main" />
</exclusive-start>
<allocation-taxation id="4167" taxation-threshold="14680064" timestamp="2019-07-07T05:36:22.474" intervalms="11.129" />
<cycle-start id="4168" type="partial gc" contextid="0" timestamp="2019-07-07T05:36:22.475" intervalms="19.674" />
<gc-start id="4169" type="partial gc" contextid="4168" timestamp="2019-07-07T05:36:22.475">
  <mem-info id="4170" free="26214400" total="92274688" percent="28">
    <mem type="eden" free="1048552" total="30408704" percent="3" />
    <remembered-set count="2720" freebytes="3672448" totalbytes="3683328" percent="99" regionsoverflowed="0" regionsstable="17" regionsrebuilding="0"/>
  </mem-info>
</gc-start>
<allocation-stats totalBytes="29261544" >
  <allocated-bytes non-tlh="0" tlh="29261544" arrayletleaf="0"/>
  <largest-consumer threadName="main" threadId="000000000096B700" bytes="14631992" />
</allocation-stats>
<gc-op id="4171" type="sweep" timems="0.648" contextid="4168" timestamp="2019-07-07T05:36:22.476" />
<gc-op id="4172" type="copy forward" timems="1.292" contextid="4168" timestamp="2019-07-07T05:36:22.477">
  <memory-copied type="eden" objects="1" bytes="24" bytesdiscarded="0" />
  <memory-copied type="other" objects="13" bytes="496" bytesdiscarded="672" />
  <memory-cardclean objects="74" bytes="1736" />
  <regions eden="14" other="2" />
  <remembered-set-cleared processed="871" cleared="8" durationms="0.087" />
  <stringconstants candidates="13721" cleared="0"  />
</gc-op>
<gc-op id="4173" type="classunload" timems="0.003" contextid="4168" timestamp="2019-07-07T05:36:22.478">
  <classunload-info classloadercandidates="54" classloadersunloaded="0" classesunloaded="0" anonymousclassesunloaded="0" quiescems="0.000" setupms="0.003" scanms="0.000" postms="0.000" />
</gc-op>
<gc-end id="4174" type="partial gc" contextid="4168" durationms="3.055" usertimems="4.000" systemtimems="0.000" timestamp="2019-07-07T05:36:22.478" activeThreads="4">
  <mem-info id="4175" free="55574528" total="92274688" percent="60">
    <mem type="eden" free="1048552" total="1048576" percent="99" />
    <remembered-set count="2592" freebytes="3672960" totalbytes="3683328" percent="99" regionsoverflowed="0" regionsstable="17" regionsrebuilding="0"/>
  </mem-info>
</gc-end>
<cycle-end id="4176" type="partial gc" contextid="4168" timestamp="2019-07-07T05:36:22.478" />
  <attribute name="elasticGC enabled" value="1" />
  <attribute name= "numThreadsSpecified" value="4" />
  <attribute name="heapSize specified" value="0" />
  <attribute name="Current GC Util" value="56" />
  <attribute name= "Current Time Running" value="23171" />
  <attribute name ="GC Interval" value="0" />
  <attribute name="ProportionalT" value="18.000000" />
  <attribute name="ProportionalI" value="18.000000" />
  <attribute name="ProportionalH" value="18.000000" />
  <attribute name="Current Error" value="36.000000" />
  <attribute name="IntegralT" value="18.000000" />
  <attribute name="IntegralI" value="18.000000" />
  <attribute name="IntegralH" value="18.000000" />
  <attribute name="DerivativeT" value="0.000000" />
  <attribute name="DerivativeI" value="0.000000" />
  <attribute name="DerivativeH" value="0.000000" />
  <attribute name="Loop Time for DT" value="1.000000" />
  <attribute name="Output H" value="8388608"/>
  <attribute name="Output I" value="200"/>
  <attribute name="Output T" value="4"/>
  <attribute name="Target GC Util Change" value ="20.000000" />
  <attribute name="Current GC Util Change" value="56.000000"/>
  <attribute name="GC Util currently" value="56" />
  <attribute name="CPU Util currently" value="21926579772181" />
<exclusive-end id="4177" timestamp="2019-07-07T05:36:22.478" durationms="3.894" />

<exclusive-start id="4178" timestamp="2019-07-07T05:36:22.487" intervalms="13.052">
  <response-info timems="0.075" idlems="0.075" threads="0" lastid="000000000096B700" lastname="main" />
</exclusive-start>
<allocation-taxation id="4179" taxation-threshold="29360128" timestamp="2019-07-07T05:36:22.487" intervalms="13.051" />
<cycle-start id="4180" type="partial gc" contextid="0" timestamp="2019-07-07T05:36:22.488" intervalms="13.100" />
<gc-start id="4181" type="partial gc" contextid="4180" timestamp="2019-07-07T05:36:22.488">
  <mem-info id="4182" free="26214400" total="92274688" percent="28">
    <mem type="eden" free="1048552" total="30408704" percent="3" />
    <remembered-set count="2368" freebytes="3673856" totalbytes="3683328" percent="99" regionsoverflowed="0" regionsstable="17" regionsrebuilding="0"/>
  </mem-info>
</gc-start>
<allocation-stats totalBytes="29261544" >
  <allocated-bytes non-tlh="0" tlh="29261544" arrayletleaf="0"/>
  <largest-consumer threadName="main" threadId="000000000096B700" bytes="29261544" />
</allocation-stats>
<gc-op id="4183" type="copy forward" timems="0.911" contextid="4180" timestamp="2019-07-07T05:36:22.489">
  <memory-copied type="eden" objects="1" bytes="24" bytesdiscarded="0" />
  <memory-copied type="other" objects="13" bytes="800" bytesdiscarded="0" />
  <memory-cardclean objects="81" bytes="3184" />
  <regions eden="28" other="4" />
  <remembered-set-cleared processed="869" cleared="12" durationms="0.125" />
  <stringconstants candidates="13721" cleared="0"  />
</gc-op>
<gc-op id="4184" type="classunload" timems="0.003" contextid="4180" timestamp="2019-07-07T05:36:22.489">
  <classunload-info classloadercandidates="54" classloadersunloaded="0" classesunloaded="0" anonymousclassesunloaded="0" quiescems="0.000" setupms="0.003" scanms="0.000" postms="0.000" />
</gc-op>
<gc-end id="4185" type="partial gc" contextid="4180" durationms="1.811" usertimems="0.000" systemtimems="0.000" timestamp="2019-07-07T05:36:22.490" activeThreads="1">
  <mem-info id="4186" free="55574528" total="92274688" percent="60">
    <mem type="eden" free="1048552" total="1048576" percent="99" />
    <remembered-set count="2592" freebytes="3672960" totalbytes="3683328" percent="99" regionsoverflowed="0" regionsstable="17" regionsrebuilding="0"/>
  </mem-info>
</gc-end>
<cycle-end id="4187" type="partial gc" contextid="4180" timestamp="2019-07-07T05:36:22.490" />
  <attribute name="elasticGC enabled" value="1" />
  <attribute name= "numThreadsSpecified" value="1" />
  <attribute name="heapSize specified" value="0" />
  <attribute name="Current GC Util" value="41" />
  <attribute name= "Current Time Running" value="23183" />
  <attribute name ="GC Interval" value="0" />
  <attribute name="ProportionalT" value="10.500000" />
  <attribute name="ProportionalI" value="10.500000" />
  <attribute name="ProportionalH" value="10.500000" />
  <attribute name="Current Error" value="21.000000" />
  <attribute name="IntegralT" value="0.000000" />
  <attribute name="IntegralI" value="0.000000" />
  <attribute name="IntegralH" value="0.000000" />
  <attribute name="DerivativeT" value="inf" />
  <attribute name="DerivativeI" value="inf" />
  <attribute name="DerivativeH" value="inf" />
  <attribute name="Loop Time for DT" value="0.000000" />
  <attribute name="Output H" value="8388608"/>
  <attribute name="Output I" value="200"/>
  <attribute name="Output T" value="1"/>
  <attribute name="Target GC Util Change" value ="20.000000" />
  <attribute name="Current GC Util Change" value="41.000000"/>
  <attribute name="GC Util currently" value="41" />
  <attribute name="CPU Util currently" value="18328706982683" />
<exclusive-end id="4188" timestamp="2019-07-07T05:36:22.490" durationms="2.563" />

<exclusive-start id="4189" timestamp="2019-07-07T05:36:22.499" intervalms="11.631">
  <response-info timems="0.077" idlems="0.077" threads="0" lastid="000000000096B700" lastname="main" />
</exclusive-start>
<allocation-taxation id="4190" taxation-threshold="29360128" timestamp="2019-07-07T05:36:22.499" intervalms="11.678" />
<cycle-start id="4191" type="partial gc" contextid="0" timestamp="2019-07-07T05:36:22.499" intervalms="11.723" />
<gc-start id="4192" type="partial gc" contextid="4191" timestamp="2019-07-07T05:36:22.500">
  <mem-info id="4193" free="26214400" total="92274688" percent="28">
    <mem type="eden" free="1048552" total="30408704" percent="3" />
    <remembered-set count="2304" freebytes="3674112" totalbytes="3683328" percent="99" regionsoverflowed="0" regionsstable="17" regionsrebuilding="0"/>
  </mem-info>
</gc-start>
<allocation-stats totalBytes="29261544" >
  <allocated-bytes non-tlh="0" tlh="29261544" arrayletleaf="0"/>
  <largest-consumer threadName="main" threadId="000000000096B700" bytes="29261544" />
</allocation-stats>
<gc-op id="4194" type="copy forward" timems="2.574" contextid="4191" timestamp="2019-07-07T05:36:22.503">
  <memory-copied type="eden" objects="1" bytes="24" bytesdiscarded="0" />
  <memory-copied type="other" objects="19" bytes="432" bytesdiscarded="1800" />
  <memory-cardclean objects="86" bytes="2440" />
  <regions eden="28" other="4" />
  <remembered-set-cleared processed="865" cleared="21" durationms="0.093" />
  <stringconstants candidates="13721" cleared="0"  />
</gc-op>
<gc-op id="4195" type="classunload" timems="0.004" contextid="4191" timestamp="2019-07-07T05:36:22.503">
  <classunload-info classloadercandidates="54" classloadersunloaded="0" classesunloaded="0" anonymousclassesunloaded="0" quiescems="0.000" setupms="0.004" scanms="0.000" postms="0.000" />
</gc-op>
<gc-end id="4196" type="partial gc" contextid="4191" durationms="3.636" usertimems="4.000" systemtimems="0.000" timestamp="2019-07-07T05:36:22.503" activeThreads="4">
  <mem-info id="4197" free="56623104" total="92274688" percent="61">
    <mem type="eden" free="1048552" total="1048576" percent="99" />
    <remembered-set count="2272" freebytes="3674240" totalbytes="3683328" percent="99" regionsoverflowed="0" regionsstable="17" regionsrebuilding="0"/>
  </mem-info>
</gc-end>
<cycle-end id="4198" type="partial gc" contextid="4191" timestamp="2019-07-07T05:36:22.503" />
  <attribute name="elasticGC enabled" value="1" />
  <attribute name= "numThreadsSpecified" value="4" />
  <attribute name="heapSize specified" value="0" />
  <attribute name="Current GC Util" value="172" />
  <attribute name= "Current Time Running" value="23195" />
  <attribute name ="GC Interval" value="0" />
  <attribute name="ProportionalT" value="76.000000" />
  <attribute name="ProportionalI" value="76.000000" />
  <attribute name="ProportionalH" value="76.000000" />
  <attribute name="Current Error" value="152.000000" />
  <attribute name="IntegralT" value="76.000000" />
  <attribute name="IntegralI" value="76.000000" />
  <attribute name="IntegralH" value="76.000000" />
  <attribute name="DerivativeT" value="152.000000" />
  <attribute name="DerivativeI" value="152.000000" />
  <attribute name="DerivativeH" value="152.000000" />
  <attribute name="Loop Time for DT" value="1.000000" />
  <attribute name="Output H" value="8388608"/>
  <attribute name="Output I" value="304"/>
  <attribute name="Output T" value="4"/>
  <attribute name="Target GC Util Change" value ="20.000000" />
  <attribute name="Current GC Util Change" value="172.000000"/>
  <attribute name="GC Util currently" value="172" />
  <attribute name="CPU Util currently" value="13762159731465" />
<exclusive-end id="4199" timestamp="2019-07-07T05:36:22.504" durationms="4.617" />

<exclusive-start id="4200" timestamp="2019-07-07T05:36:22.513" intervalms="13.673">
  <response-info timems="0.076" idlems="0.076" threads="0" lastid="000000000096B700" lastname="main" />
</exclusive-start>
<allocation-taxation id="4201" taxation-threshold="29360128" timestamp="2019-07-07T05:36:22.513" intervalms="13.646" />
<cycle-start id="4202" type="partial gc" contextid="0" timestamp="2019-07-07T05:36:22.513" intervalms="13.630" />
<gc-start id="4203" type="partial gc" contextid="4202" timestamp="2019-07-07T05:36:22.513">
  <mem-info id="4204" free="27262976" total="92274688" percent="29">
    <mem type="eden" free="1048552" total="30408704" percent="3" />
    <remembered-set count="1184" freebytes="3678592" totalbytes="3683328" percent="99" regionsoverflowed="0" regionsstable="18" regionsrebuilding="0"/>
  </mem-info>
</gc-start>
<allocation-stats totalBytes="29261544" >
  <allocated-bytes non-tlh="0" tlh="29261544" arrayletleaf="0"/>
  <largest-consumer threadName="main" threadId="000000000096B700" bytes="29261544" />
</allocation-stats>
<gc-op id="4205" type="copy forward" timems="1.080" contextid="4202" timestamp="2019-07-07T05:36:22.515">
  <memory-copied type="eden" objects="1" bytes="24" bytesdiscarded="0" />
  <memory-copied type="other" objects="85" bytes="3280" bytesdiscarded="376" />
  <memory-cardclean objects="95" bytes="3112" />
  <regions eden="28" other="4" />
  <remembered-set-cleared processed="83" cleared="19" durationms="0.129" />
  <stringconstants candidates="13721" cleared="0"  />
</gc-op>
<gc-op id="4206" type="classunload" timems="0.003" contextid="4202" timestamp="2019-07-07T05:36:22.515">
  <classunload-info classloadercandidates="54" classloadersunloaded="0" classesunloaded="0" anonymousclassesunloaded="0" quiescems="0.000" setupms="0.003" scanms="0.000" postms="0.000" />
</gc-op>
<heap-resize id="4207" type="contract" space="default" amount="3145728" count="1" timems="0.066" reason="excess free space following gc" timestamp="2019-07-07T05:36:22.515" />
<gc-end id="4208" type="partial gc" contextid="4202" durationms="2.390" usertimems="4.000" systemtimems="0.000" timestamp="2019-07-07T05:36:22.516" activeThreads="1">
  <mem-info id="4209" free="54525952" total="89128960" percent="61">
    <mem type="eden" free="1048552" total="1048576" percent="99" />
    <remembered-set count="1248" freebytes="3678336" totalbytes="3683328" percent="99" regionsoverflowed="0" regionsstable="18" regionsrebuilding="0"/>
  </mem-info>
</gc-end>
<cycle-end id="4210" type="partial gc" contextid="4202" timestamp="2019-07-07T05:36:22.516" />
  <attribute name="elasticGC enabled" value="1" />
  <attribute name= "numThreadsSpecified" value="1" />
  <attribute name="heapSize specified" value="0" />
  <attribute name="Current GC Util" value="152" />
  <attribute name= "Current Time Running" value="23208" />
  <attribute name ="GC Interval" value="0" />
  <attribute name="ProportionalT" value="66.000000" />
  <attribute name="ProportionalI" value="66.000000" />
  <attribute name="ProportionalH" value="66.000000" />
  <attribute name="Current Error" value="132.000000" />
  <attribute name="IntegralT" value="0.000000" />
  <attribute name="IntegralI" value="0.000000" />
  <attribute name="IntegralH" value="0.000000" />
  <attribute name="DerivativeT" value="inf" />
  <attribute name="DerivativeI" value="inf" />
  <attribute name="DerivativeH" value="inf" />
  <attribute name="Loop Time for DT" value="0.000000" />
  <attribute name="Output H" value="8388608"/>
  <attribute name="Output I" value="200"/>
  <attribute name="Output T" value="1"/>
  <attribute name="Target GC Util Change" value ="20.000000" />
  <attribute name="Current GC Util Change" value="152.000000"/>
  <attribute name="GC Util currently" value="152" />
  <attribute name="CPU Util currently" value="13724683982425" />
<exclusive-end id="4211" timestamp="2019-07-07T05:36:22.516" durationms="3.286" />

<exclusive-start id="4212" timestamp="2019-07-07T05:36:22.525" intervalms="12.274">
  <response-info timems="0.082" idlems="0.082" threads="0" lastid="000000000096B700" lastname="main" />
</exclusive-start>
<allocation-taxation id="4213" taxation-threshold="28311552" timestamp="2019-07-07T05:36:22.525" intervalms="12.258" />
<cycle-start id="4214" type="partial gc" contextid="0" timestamp="2019-07-07T05:36:22.525" intervalms="12.262" />
<gc-start id="4215" type="partial gc" contextid="4214" timestamp="2019-07-07T05:36:22.525">
  <mem-info id="4216" free="26214400" total="89128960" percent="29">
    <mem type="eden" free="1048552" total="29360128" percent="3" />
    <remembered-set count="1120" freebytes="3678848" totalbytes="3683328" percent="99" regionsoverflowed="0" regionsstable="18" regionsrebuilding="0"/>
  </mem-info>
</gc-start>
<allocation-stats totalBytes="28216400" >
  <allocated-bytes non-tlh="0" tlh="28216400" arrayletleaf="0"/>
  <largest-consumer threadName="main" threadId="000000000096B700" bytes="28216400" />
</allocation-stats>
<gc-op id="4217" type="copy forward" timems="3.382" contextid="4214" timestamp="2019-07-07T05:36:22.530">
  <memory-copied type="eden" objects="1" bytes="24" bytesdiscarded="0" />
  <memory-copied type="other" objects="8" bytes="200" bytesdiscarded="1008" />
  <memory-cardclean objects="42" bytes="9296" />
  <regions eden="27" other="2" />
  <remembered-set-cleared processed="88" cleared="14" durationms="0.091" />
  <references type="weak" candidates="2" cleared="0" enqueued="0" />
  <stringconstants candidates="13721" cleared="0"  />
</gc-op>
<gc-op id="4218" type="classunload" timems="0.003" contextid="4214" timestamp="2019-07-07T05:36:22.530">
  <classunload-info classloadercandidates="54" classloadersunloaded="0" classesunloaded="0" anonymousclassesunloaded="0" quiescems="0.000" setupms="0.003" scanms="0.000" postms="0.000" />
</gc-op>
<heap-resize id="4219" type="contract" space="default" amount="2097152" count="1" timems="0.059" reason="excess free space following gc" timestamp="2019-07-07T05:36:22.530" />
<gc-end id="4220" type="partial gc" contextid="4214" durationms="4.886" usertimems="8.000" systemtimems="0.000" timestamp="2019-07-07T05:36:22.530" activeThreads="4">
  <mem-info id="4221" free="53477376" total="87031808" percent="61">
    <mem type="eden" free="1048552" total="1048576" percent="99" />
    <remembered-set count="1632" freebytes="3551232" totalbytes="3557760" percent="99" regionsoverflowed="0" regionsstable="18" regionsrebuilding="0"/>
  </mem-info>
</gc-end>
<cycle-end id="4222" type="partial gc" contextid="4214" timestamp="2019-07-07T05:36:22.530" />
  <attribute name="elasticGC enabled" value="1" />
  <attribute name= "numThreadsSpecified" value="4" />
  <attribute name="heapSize specified" value="0" />
  <attribute name="Current GC Util" value="156" />
  <attribute name= "Current Time Running" value="23221" />
  <attribute name ="GC Interval" value="0" />
  <attribute name="ProportionalT" value="68.000000" />
  <attribute name="ProportionalI" value="68.000000" />
  <attribute name="ProportionalH" value="68.000000" />
  <attribute name="Current Error" value="136.000000" />
  <attribute name="IntegralT" value="68.000000" />
  <attribute name="IntegralI" value="68.000000" />
  <attribute name="IntegralH" value="68.000000" />
  <attribute name="DerivativeT" value="136.000000" />
  <attribute name="DerivativeI" value="136.000000" />
  <attribute name="DerivativeH" value="136.000000" />
  <attribute name="Loop Time for DT" value="1.000000" />
  <attribute name="Output H" value="8388608"/>
  <attribute name="Output I" value="272"/>
  <attribute name="Output T" value="4"/>
  <attribute name="Target GC Util Change" value ="20.000000" />
  <attribute name="Current GC Util Change" value="156.000000"/>
  <attribute name="GC Util currently" value="156" />
  <attribute name="CPU Util currently" value="7447127709254" />
<exclusive-end id="4223" timestamp="2019-07-07T05:36:22.531" durationms="5.830" />

<exclusive-start id="4224" timestamp="2019-07-07T05:36:22.539" intervalms="14.598">
  <response-info timems="0.078" idlems="0.078" threads="0" lastid="000000000096B700" lastname="main" />
</exclusive-start>
<allocation-taxation id="4225" taxation-threshold="28311552" timestamp="2019-07-07T05:36:22.540" intervalms="14.603" />
<cycle-start id="4226" type="partial gc" contextid="0" timestamp="2019-07-07T05:36:22.540" intervalms="14.507" />
<gc-start id="4227" type="partial gc" contextid="4226" timestamp="2019-07-07T05:36:22.540">
  <mem-info id="4228" free="25165824" total="87031808" percent="28">
    <mem type="eden" free="1048552" total="29360128" percent="3" />
    <remembered-set count="1632" freebytes="3551232" totalbytes="3557760" percent="99" regionsoverflowed="0" regionsstable="18" regionsrebuilding="0"/>
  </mem-info>
</gc-start>
<allocation-stats totalBytes="28216376" >
  <allocated-bytes non-tlh="0" tlh="28216376" arrayletleaf="0"/>
  <largest-consumer threadName="main" threadId="000000000096B700" bytes="28216376" />
</allocation-stats>
<gc-op id="4229" type="copy forward" timems="1.104" contextid="4226" timestamp="2019-07-07T05:36:22.542">
  <memory-copied type="eden" objects="1" bytes="24" bytesdiscarded="0" />
  <memory-copied type="other" objects="250" bytes="6080" bytesdiscarded="192" />
  <memory-cardclean objects="321" bytes="18336" />
  <regions eden="27" other="5" />
  <remembered-set-cleared processed="47" cleared="5" durationms="0.105" />
  <references type="weak" candidates="28" cleared="0" enqueued="0" />
  <stringconstants candidates="13721" cleared="0"  />
</gc-op>
<gc-op id="4230" type="classunload" timems="0.003" contextid="4226" timestamp="2019-07-07T05:36:22.542">
  <classunload-info classloadercandidates="54" classloadersunloaded="0" classesunloaded="0" anonymousclassesunloaded="0" quiescems="0.000" setupms="0.002" scanms="0.000" postms="0.000" />
</gc-op>
<heap-resize id="4231" type="contract" space="default" amount="5242880" count="1" timems="0.060" reason="excess free space following gc" timestamp="2019-07-07T05:36:22.542" />
<gc-end id="4232" type="partial gc" contextid="4226" durationms="2.492" usertimems="0.000" systemtimems="0.000" timestamp="2019-07-07T05:36:22.542" activeThreads="1">
  <mem-info id="4233" free="52428800" total="81788928" percent="64">
    <mem type="eden" free="1048552" total="1048576" percent="99" />
    <remembered-set count="704" freebytes="3471232" totalbytes="3474048" percent="99" regionsoverflowed="0" regionsstable="18" regionsrebuilding="0"/>
  </mem-info>
</gc-end>
<cycle-end id="4234" type="partial gc" contextid="4226" timestamp="2019-07-07T05:36:22.543" />
  <attribute name="elasticGC enabled" value="1" />
  <attribute name= "numThreadsSpecified" value="1" />
  <attribute name="heapSize specified" value="0" />
  <attribute name="Current GC Util" value="121" />
  <attribute name= "Current Time Running" value="23235" />
  <attribute name ="GC Interval" value="0" />
  <attribute name="ProportionalT" value="50.500000" />
  <attribute name="ProportionalI" value="50.500000" />
  <attribute name="ProportionalH" value="50.500000" />
  <attribute name="Current Error" value="101.000000" />
  <attribute name="IntegralT" value="0.000000" />
  <attribute name="IntegralI" value="0.000000" />
  <attribute name="IntegralH" value="0.000000" />
  <attribute name="DerivativeT" value="inf" />
  <attribute name="DerivativeI" value="inf" />
  <attribute name="DerivativeH" value="inf" />
  <attribute name="Loop Time for DT" value="0.000000" />
  <attribute name="Output H" value="8388608"/>
  <attribute name="Output I" value="200"/>
  <attribute name="Output T" value="1"/>
  <attribute name="Target GC Util Change" value ="20.000000" />
  <attribute name="Current GC Util Change" value="121.000000"/>
  <attribute name="GC Util currently" value="121" />
  <attribute name="CPU Util currently" value="7819690554110" />
<exclusive-end id="4235" timestamp="2019-07-07T05:36:22.543" durationms="3.356" />

<exclusive-start id="4236" timestamp="2019-07-07T05:36:22.552" intervalms="12.617">
  <response-info timems="0.076" idlems="0.076" threads="0" lastid="000000000096B700" lastname="main" />
</exclusive-start>
<allocation-taxation id="4237" taxation-threshold="27262976" timestamp="2019-07-07T05:36:22.552" intervalms="12.631" />
<cycle-start id="4238" type="partial gc" contextid="0" timestamp="2019-07-07T05:36:22.552" intervalms="12.729" />
<gc-start id="4239" type="partial gc" contextid="4238" timestamp="2019-07-07T05:36:22.553">
  <mem-info id="4240" free="25165824" total="81788928" percent="30">
    <mem type="eden" free="1048552" total="28311552" percent="3" />
    <remembered-set count="416" freebytes="3472384" totalbytes="3474048" percent="99" regionsoverflowed="0" regionsstable="18" regionsrebuilding="0"/>
  </mem-info>
</gc-start>
<allocation-stats totalBytes="27171256" >
  <allocated-bytes non-tlh="0" tlh="27171256" arrayletleaf="0"/>
  <largest-consumer threadName="main" threadId="000000000096B700" bytes="27171256" />
</allocation-stats>
<gc-op id="4241" type="copy forward" timems="1.054" contextid="4238" timestamp="2019-07-07T05:36:22.555">
  <memory-copied type="eden" objects="1" bytes="24" bytesdiscarded="0" />
  <memory-copied type="other" objects="0" bytes="0" bytesdiscarded="0" />
  <memory-cardclean objects="16" bytes="440" />
  <regions eden="26" other="1" />
  <remembered-set-cleared processed="80" cleared="1" durationms="0.108" />
  <stringconstants candidates="13721" cleared="0"  />
</gc-op>
<gc-op id="4242" type="classunload" timems="0.004" contextid="4238" timestamp="2019-07-07T05:36:22.555">
  <classunload-info classloadercandidates="54" classloadersunloaded="0" classesunloaded="0" anonymousclassesunloaded="0" quiescems="0.000" setupms="0.003" scanms="0.000" postms="0.000" />
</gc-op>
<heap-resize id="4243" type="contract" space="default" amount="4194304" count="1" timems="0.326" reason="excess free space following gc" timestamp="2019-07-07T05:36:22.555" />
<gc-end id="4244" type="partial gc" contextid="4238" durationms="2.811" usertimems="0.000" systemtimems="0.000" timestamp="2019-07-07T05:36:22.556" activeThreads="1">
  <mem-info id="4245" free="48234496" total="77594624" percent="62">
    <mem type="eden" free="1048552" total="1048576" percent="99" />
    <remembered-set count="896" freebytes="3261184" totalbytes="3264768" percent="99" regionsoverflowed="0" regionsstable="18" regionsrebuilding="0"/>
  </mem-info>
</gc-end>
<cycle-end id="4246" type="partial gc" contextid="4238" timestamp="2019-07-07T05:36:22.556" />
  <attribute name="elasticGC enabled" value="1" />
  <attribute name= "numThreadsSpecified" value="1" />
  <attribute name="heapSize specified" value="0" />
  <attribute name="Current GC Util" value="167" />
  <attribute name= "Current Time Running" value="23248" />
  <attribute name ="GC Interval" value="0" />
  <attribute name="ProportionalT" value="73.500000" />
  <attribute name="ProportionalI" value="73.500000" />
  <attribute name="ProportionalH" value="73.500000" />
  <attribute name="Current Error" value="147.000000" />
  <attribute name="IntegralT" value="0.000000" />
  <attribute name="IntegralI" value="0.000000" />
  <attribute name="IntegralH" value="0.000000" />
  <attribute name="DerivativeT" value="inf" />
  <attribute name="DerivativeI" value="inf" />
  <attribute name="DerivativeH" value="inf" />
  <attribute name="Loop Time for DT" value="0.000000" />
  <attribute name="Output H" value="8388608"/>
  <attribute name="Output I" value="200"/>
  <attribute name="Output T" value="1"/>
  <attribute name="Target GC Util Change" value ="20.000000" />
  <attribute name="Current GC Util Change" value="167.000000"/>
  <attribute name="GC Util currently" value="167" />
  <attribute name="CPU Util currently" value="7842549858137" />
<exclusive-end id="4247" timestamp="2019-07-07T05:36:22.556" durationms="3.721" />

<exclusive-start id="4248" timestamp="2019-07-07T05:36:22.560" intervalms="7.721">
  <response-info timems="0.068" idlems="0.068" threads="0" lastid="000000000096B700" lastname="main" />
</exclusive-start>
<allocation-taxation id="4249" taxation-threshold="12582912" timestamp="2019-07-07T05:36:22.560" intervalms="7.700" />
<cycle-start id="4250" type="global mark phase" contextid="0" timestamp="2019-07-07T05:36:22.560" intervalms="494.298" />
<gc-start id="4251" type="global mark phase" contextid="4250" timestamp="2019-07-07T05:36:22.560">
  <mem-info id="4252" free="35651584" total="77594624" percent="45">
    <remembered-set count="416" freebytes="3263104" totalbytes="3264768" percent="99" regionsoverflowed="0" regionsstable="18" regionsrebuilding="0"/>
  </mem-info>
</gc-start>
<gc-op id="4253" type="mark increment" timems="0.855" contextid="4250" timestamp="2019-07-07T05:36:22.561">
  <trace-info objectcount="171" scancount="0" scanbytes="0" />
</gc-op>
<gc-end id="4254" type="global mark phase" contextid="4250" durationms="1.124" usertimems="0.000" systemtimems="0.000" timestamp="2019-07-07T05:36:22.561" activeThreads="1">
  <mem-info id="4255" free="35651584" total="77594624" percent="45">
    <remembered-set count="416" freebytes="3263104" totalbytes="3264768" percent="99" regionsoverflowed="0" regionsstable="0" regionsrebuilding="18"/>
  </mem-info>
</gc-end>
<concurrent-start id="4256" type="GMP work packet processing" contextid="4250" timestamp="2019-07-07T05:36:22.561">
  <concurrent-mark-start scanTarget="1048576" />
</concurrent-start>
<exclusive-end id="4257" timestamp="2019-07-07T05:36:22.562" durationms="1.850" />

<concurrent-end id="4258" type="GMP work packet processing" contextid="4250" timestamp="2019-07-07T05:36:22.563">
  <concurrent-mark-end bytesScanned="1134844" reasonForTermination="Work target met" />
</concurrent-end>

<exclusive-start id="4259" timestamp="2019-07-07T05:36:22.567" intervalms="7.381">
  <response-info timems="0.065" idlems="0.065" threads="0" lastid="000000000096B700" lastname="main" />
</exclusive-start>
<allocation-taxation id="4260" taxation-threshold="12582912" timestamp="2019-07-07T05:36:22.567" intervalms="7.383" />
<cycle-start id="4261" type="partial gc" contextid="0" timestamp="2019-07-07T05:36:22.568" intervalms="15.079" />
<gc-start id="4262" type="partial gc" contextid="4261" timestamp="2019-07-07T05:36:22.568">
  <mem-info id="4263" free="23068672" total="77594624" percent="29">
    <mem type="eden" free="1048552" total="26214400" percent="3" />
    <remembered-set count="13504" freebytes="3210752" totalbytes="3264768" percent="98" regionsoverflowed="0" regionsstable="0" regionsrebuilding="18"/>
  </mem-info>
</gc-start>
<allocation-stats totalBytes="25080968" >
  <allocated-bytes non-tlh="0" tlh="25080968" arrayletleaf="0"/>
  <largest-consumer threadName="main" threadId="000000000096B700" bytes="12541704" />
</allocation-stats>
<gc-op id="4264" type="copy forward" timems="3.800" contextid="4261" timestamp="2019-07-07T05:36:22.573">
  <memory-copied type="eden" objects="1" bytes="24" bytesdiscarded="0" />
  <memory-copied type="other" objects="0" bytes="0" bytesdiscarded="0" />
  <memory-cardclean objects="17039" bytes="1001512" />
  <regions eden="24" other="1" />
  <remembered-set-cleared processed="6105" cleared="4437" durationms="0.177" />
  <stringconstants candidates="13721" cleared="0"  />
</gc-op>
<gc-op id="4265" type="classunload" timems="0.004" contextid="4261" timestamp="2019-07-07T05:36:22.573">
  <classunload-info classloadercandidates="54" classloadersunloaded="0" classesunloaded="0" anonymousclassesunloaded="0" quiescems="0.000" setupms="0.004" scanms="0.000" postms="0.000" />
</gc-op>
<heap-resize id="4266" type="contract" space="default" amount="2097152" count="1" timems="0.201" reason="excess free space following gc" timestamp="2019-07-07T05:36:22.573" />
<gc-end id="4267" type="partial gc" contextid="4261" durationms="5.488" usertimems="8.000" systemtimems="0.000" timestamp="2019-07-07T05:36:22.573" activeThreads="1">
  <mem-info id="4268" free="46137344" total="75497472" percent="61">
    <mem type="eden" free="1048552" total="1048576" percent="99" />
    <remembered-set count="9120" freebytes="3060864" totalbytes="3097344" percent="98" regionsoverflowed="0" regionsstable="0" regionsrebuilding="18"/>
  </mem-info>
</gc-end>
<cycle-end id="4269" type="partial gc" contextid="4261" timestamp="2019-07-07T05:36:22.573" />
  <attribute name="elasticGC enabled" value="1" />
  <attribute name= "numThreadsSpecified" value="1" />
  <attribute name="heapSize specified" value="0" />
  <attribute name="Current GC Util" value="102" />
  <attribute name= "Current Time Running" value="23263" />
  <attribute name ="GC Interval" value="0" />
  <attribute name="ProportionalT" value="41.000000" />
  <attribute name="ProportionalI" value="41.000000" />
  <attribute name="ProportionalH" value="41.000000" />
  <attribute name="Current Error" value="82.000000" />
  <attribute name="IntegralT" value="0.000000" />
  <attribute name="IntegralI" value="0.000000" />
  <attribute name="IntegralH" value="0.000000" />
  <attribute name="DerivativeT" value="inf" />
  <attribute name="DerivativeI" value="inf" />
  <attribute name="DerivativeH" value="inf" />
  <attribute name="Loop Time for DT" value="0.000000" />
  <attribute name="Output H" value="8388608"/>
  <attribute name="Output I" value="200"/>
  <attribute name="Output T" value="1"/>
  <attribute name="Target GC Util Change" value ="20.000000" />
  <attribute name="Current GC Util Change" value="102.000000"/>
  <attribute name="GC Util currently" value="102" />
  <attribute name="CPU Util currently" value="7765428294620" />
<exclusive-end id="4270" timestamp="2019-07-07T05:36:22.574" durationms="6.391" />

<exclusive-start id="4271" timestamp="2019-07-07T05:36:22.578" intervalms="10.426">
  <response-info timems="0.068" idlems="0.068" threads="0" lastid="000000000096B700" lastname="main" />
</exclusive-start>
<allocation-taxation id="4272" taxation-threshold="12582912" timestamp="2019-07-07T05:36:22.578" intervalms="10.439" />
<gc-start id="4273" type="global mark phase" contextid="4250" timestamp="2019-07-07T05:36:22.578">
  <mem-info id="4274" free="33554432" total="75497472" percent="44">
    <remembered-set count="9120" freebytes="3060864" totalbytes="3097344" percent="98" regionsoverflowed="0" regionsstable="0" regionsrebuilding="18"/>
  </mem-info>
</gc-start>
<gc-end id="4275" type="global mark phase" contextid="4250" durationms="0.147" usertimems="0.000" systemtimems="0.000" timestamp="2019-07-07T05:36:22.578" activeThreads="1">
  <mem-info id="4276" free="33554432" total="75497472" percent="44">
    <remembered-set count="9120" freebytes="3060864" totalbytes="3097344" percent="98" regionsoverflowed="0" regionsstable="0" regionsrebuilding="18"/>
  </mem-info>
</gc-end>
<concurrent-start id="4277" type="GMP work packet processing" contextid="4250" timestamp="2019-07-07T05:36:22.578">
  <concurrent-mark-start scanTarget="1048576" />
</concurrent-start>
<exclusive-end id="4278" timestamp="2019-07-07T05:36:22.578" durationms="0.669" />

<concurrent-end id="4279" type="GMP work packet processing" contextid="4250" timestamp="2019-07-07T05:36:22.580">
  <concurrent-mark-end bytesScanned="1128236" reasonForTermination="Work target met" />
</concurrent-end>

<exclusive-start id="4280" timestamp="2019-07-07T05:36:22.583" intervalms="5.714">
  <response-info timems="0.072" idlems="0.072" threads="0" lastid="000000000096B700" lastname="main" />
</exclusive-start>
<allocation-taxation id="4281" taxation-threshold="12582912" timestamp="2019-07-07T05:36:22.583" intervalms="5.696" />
<cycle-start id="4282" type="partial gc" contextid="0" timestamp="2019-07-07T05:36:22.584" intervalms="16.100" />
<gc-start id="4283" type="partial gc" contextid="4282" timestamp="2019-07-07T05:36:22.584">
  <mem-info id="4284" free="20971520" total="75497472" percent="27">
    <mem type="eden" free="1048552" total="26214400" percent="3" />
    <remembered-set count="20192" freebytes="3016576" totalbytes="3097344" percent="97" regionsoverflowed="0" regionsstable="0" regionsrebuilding="18"/>
  </mem-info>
</gc-start>
<allocation-stats totalBytes="25080968" >
  <allocated-bytes non-tlh="0" tlh="25080968" arrayletleaf="0"/>
  <largest-consumer threadName="main" threadId="000000000096B700" bytes="12541704" />
</allocation-stats>
<gc-op id="4285" type="copy forward" timems="3.655" contextid="4282" timestamp="2019-07-07T05:36:22.588">
  <memory-copied type="eden" objects="1" bytes="24" bytesdiscarded="0" />
  <memory-copied type="other" objects="0" bytes="0" bytesdiscarded="0" />
  <memory-cardclean objects="14312" bytes="963440" />
  <regions eden="24" other="1" />
  <remembered-set-cleared processed="15713" cleared="4548" durationms="0.266" />
  <stringconstants candidates="13721" cleared="0"  />
</gc-op>
<gc-op id="4286" type="classunload" timems="0.003" contextid="4282" timestamp="2019-07-07T05:36:22.589">
  <classunload-info classloadercandidates="54" classloadersunloaded="0" classesunloaded="0" anonymousclassesunloaded="0" quiescems="0.000" setupms="0.003" scanms="0.000" postms="0.000" />
</gc-op>
<gc-end id="4287" type="partial gc" contextid="4282" durationms="4.975" usertimems="4.000" systemtimems="0.000" timestamp="2019-07-07T05:36:22.589" activeThreads="1">
  <mem-info id="4288" free="46137344" total="75497472" percent="61">
    <mem type="eden" free="1048552" total="1048576" percent="99" />
    <remembered-set count="17376" freebytes="2944128" totalbytes="3013632" percent="97" regionsoverflowed="0" regionsstable="0" regionsrebuilding="18"/>
  </mem-info>
</gc-end>
<cycle-end id="4289" type="partial gc" contextid="4282" timestamp="2019-07-07T05:36:22.589" />
  <attribute name="elasticGC enabled" value="1" />
  <attribute name= "numThreadsSpecified" value="1" />
  <attribute name="heapSize specified" value="0" />
  <attribute name="Current GC Util" value="102" />
  <attribute name= "Current Time Running" value="23279" />
  <attribute name ="GC Interval" value="0" />
  <attribute name="ProportionalT" value="41.000000" />
  <attribute name="ProportionalI" value="41.000000" />
  <attribute name="ProportionalH" value="41.000000" />
  <attribute name="Current Error" value="82.000000" />
  <attribute name="IntegralT" value="0.000000" />
  <attribute name="IntegralI" value="0.000000" />
  <attribute name="IntegralH" value="0.000000" />
  <attribute name="DerivativeT" value="inf" />
  <attribute name="DerivativeI" value="inf" />
  <attribute name="DerivativeH" value="inf" />
  <attribute name="Loop Time for DT" value="0.000000" />
  <attribute name="Output H" value="8388608"/>
  <attribute name="Output I" value="200"/>
  <attribute name="Output T" value="1"/>
  <attribute name="Target GC Util Change" value ="20.000000" />
  <attribute name="Current GC Util Change" value="102.000000"/>
  <attribute name="GC Util currently" value="102" />
  <attribute name="CPU Util currently" value="8186298842981" />
<exclusive-end id="4290" timestamp="2019-07-07T05:36:22.589" durationms="5.794" />

<exclusive-start id="4291" timestamp="2019-07-07T05:36:22.593" intervalms="9.829">
  <response-info timems="0.074" idlems="0.074" threads="0" lastid="000000000096B700" lastname="main" />
</exclusive-start>
<allocation-taxation id="4292" taxation-threshold="12582912" timestamp="2019-07-07T05:36:22.593" intervalms="9.893" />
<gc-start id="4293" type="global mark phase" contextid="4250" timestamp="2019-07-07T05:36:22.594">
  <mem-info id="4294" free="33554432" total="75497472" percent="44">
    <remembered-set count="17056" freebytes="2945408" totalbytes="3013632" percent="97" regionsoverflowed="0" regionsstable="0" regionsrebuilding="18"/>
  </mem-info>
</gc-start>
<gc-end id="4295" type="global mark phase" contextid="4250" durationms="0.159" usertimems="0.000" systemtimems="0.000" timestamp="2019-07-07T05:36:22.594" activeThreads="1">
  <mem-info id="4296" free="33554432" total="75497472" percent="44">
    <remembered-set count="17056" freebytes="2945408" totalbytes="3013632" percent="97" regionsoverflowed="0" regionsstable="0" regionsrebuilding="18"/>
  </mem-info>
</gc-end>
<concurrent-start id="4297" type="GMP work packet processing" contextid="4250" timestamp="2019-07-07T05:36:22.594">
  <concurrent-mark-start scanTarget="1048576" />
</concurrent-start>
<exclusive-end id="4298" timestamp="2019-07-07T05:36:22.594" durationms="0.981" />

<concurrent-end id="4299" type="GMP work packet processing" contextid="4250" timestamp="2019-07-07T05:36:22.595">
  <concurrent-mark-end bytesScanned="1101048" reasonForTermination="Work target met" />
</concurrent-end>

<exclusive-start id="4300" timestamp="2019-07-07T05:36:22.599" intervalms="5.928">
  <response-info timems="0.039" idlems="0.039" threads="0" lastid="000000000096B700" lastname="main" />
</exclusive-start>
<allocation-taxation id="4301" taxation-threshold="12582912" timestamp="2019-07-07T05:36:22.599" intervalms="5.840" />
<cycle-start id="4302" type="partial gc" contextid="0" timestamp="2019-07-07T05:36:22.599" intervalms="15.706" />
<gc-start id="4303" type="partial gc" contextid="4302" timestamp="2019-07-07T05:36:22.600">
  <mem-info id="4304" free="20971520" total="75497472" percent="27">
    <mem type="eden" free="1048552" total="26214400" percent="3" />
    <remembered-set count="29856" freebytes="2894208" totalbytes="3013632" percent="96" regionsoverflowed="0" regionsstable="0" regionsrebuilding="18"/>
  </mem-info>
</gc-start>
<allocation-stats totalBytes="25080968" >
  <allocated-bytes non-tlh="0" tlh="25080968" arrayletleaf="0"/>
  <largest-consumer threadName="main" threadId="000000000096B700" bytes="12541704" />
</allocation-stats>
<gc-op id="4305" type="copy forward" timems="3.277" contextid="4302" timestamp="2019-07-07T05:36:22.604">
  <memory-copied type="eden" objects="1" bytes="24" bytesdiscarded="0" />
  <memory-copied type="other" objects="0" bytes="0" bytesdiscarded="0" />
  <memory-cardclean objects="16" bytes="440" />
  <regions eden="24" other="1" />
  <remembered-set-cleared processed="27613" cleared="8" durationms="0.152" />
  <stringconstants candidates="13721" cleared="0"  />
</gc-op>
<gc-op id="4306" type="classunload" timems="0.003" contextid="4302" timestamp="2019-07-07T05:36:22.604">
  <classunload-info classloadercandidates="54" classloadersunloaded="0" classesunloaded="0" anonymousclassesunloaded="0" quiescems="0.000" setupms="0.003" scanms="0.000" postms="0.000" />
</gc-op>
<gc-end id="4307" type="partial gc" contextid="4302" durationms="4.309" usertimems="8.000" systemtimems="0.000" timestamp="2019-07-07T05:36:22.604" activeThreads="4">
  <mem-info id="4308" free="46137344" total="75497472" percent="61">
    <mem type="eden" free="1048552" total="1048576" percent="99" />
    <remembered-set count="29376" freebytes="2896128" totalbytes="3013632" percent="96" regionsoverflowed="0" regionsstable="0" regionsrebuilding="18"/>
  </mem-info>
</gc-end>
<cycle-end id="4309" type="partial gc" contextid="4302" timestamp="2019-07-07T05:36:22.604" />
  <attribute name="elasticGC enabled" value="1" />
  <attribute name= "numThreadsSpecified" value="4" />
  <attribute name="heapSize specified" value="0" />
  <attribute name="Current GC Util" value="164" />
  <attribute name= "Current Time Running" value="23295" />
  <attribute name ="GC Interval" value="0" />
  <attribute name="ProportionalT" value="72.000000" />
  <attribute name="ProportionalI" value="72.000000" />
  <attribute name="ProportionalH" value="72.000000" />
  <attribute name="Current Error" value="144.000000" />
  <attribute name="IntegralT" value="72.000000" />
  <attribute name="IntegralI" value="72.000000" />
  <attribute name="IntegralH" value="72.000000" />
  <attribute name="DerivativeT" value="103.000000" />
  <attribute name="DerivativeI" value="103.000000" />
  <attribute name="DerivativeH" value="103.000000" />
  <attribute name="Loop Time for DT" value="1.000000" />
  <attribute name="Output H" value="8388608"/>
  <attribute name="Output I" value="248"/>
  <attribute name="Output T" value="4"/>
  <attribute name="Target GC Util Change" value ="20.000000" />
  <attribute name="Current GC Util Change" value="164.000000"/>
  <attribute name="GC Util currently" value="164" />
  <attribute name="CPU Util currently" value="13837728569359" />
<exclusive-end id="4310" timestamp="2019-07-07T05:36:22.604" durationms="5.107" />

<exclusive-start id="4311" timestamp="2019-07-07T05:36:22.608" intervalms="9.107">
  <response-info timems="0.072" idlems="0.072" threads="0" lastid="000000000096B700" lastname="main" />
</exclusive-start>
<allocation-taxation id="4312" taxation-threshold="12582912" timestamp="2019-07-07T05:36:22.608" intervalms="9.133" />
<gc-start id="4313" type="global mark phase" contextid="4250" timestamp="2019-07-07T05:36:22.609">
  <mem-info id="4314" free="33554432" total="75497472" percent="44">
    <remembered-set count="29376" freebytes="2896128" totalbytes="3013632" percent="96" regionsoverflowed="0" regionsstable="0" regionsrebuilding="18"/>
  </mem-info>
</gc-start>
<gc-end id="4315" type="global mark phase" contextid="4250" durationms="0.160" usertimems="0.000" systemtimems="0.000" timestamp="2019-07-07T05:36:22.609" activeThreads="4">
  <mem-info id="4316" free="33554432" total="75497472" percent="44">
    <remembered-set count="29376" freebytes="2896128" totalbytes="3013632" percent="96" regionsoverflowed="0" regionsstable="0" regionsrebuilding="18"/>
  </mem-info>
</gc-end>
<concurrent-start id="4317" type="GMP work packet processing" contextid="4250" timestamp="2019-07-07T05:36:22.609">
  <concurrent-mark-start scanTarget="1797397" />
</concurrent-start>
<exclusive-end id="4318" timestamp="2019-07-07T05:36:22.609" durationms="0.786" />

<concurrent-end id="4319" type="GMP work packet processing" contextid="4250" timestamp="2019-07-07T05:36:22.611">
  <concurrent-mark-end bytesScanned="1874140" reasonForTermination="Work target met" />
</concurrent-end>

<exclusive-start id="4320" timestamp="2019-07-07T05:36:22.614" intervalms="6.108">
  <response-info timems="0.054" idlems="0.054" threads="0" lastid="000000000096B700" lastname="main" />
</exclusive-start>
<allocation-taxation id="4321" taxation-threshold="12582912" timestamp="2019-07-07T05:36:22.614" intervalms="6.090" />
<cycle-start id="4322" type="partial gc" contextid="0" timestamp="2019-07-07T05:36:22.615" intervalms="15.217" />
<gc-start id="4323" type="partial gc" contextid="4322" timestamp="2019-07-07T05:36:22.615">
  <mem-info id="4324" free="20971520" total="75497472" percent="27">
    <mem type="eden" free="1048552" total="26214400" percent="3" />
    <remembered-set count="47872" freebytes="2822144" totalbytes="3013632" percent="93" regionsoverflowed="0" regionsstable="0" regionsrebuilding="18"/>
  </mem-info>
</gc-start>
<allocation-stats totalBytes="25080968" >
  <allocated-bytes non-tlh="0" tlh="25080968" arrayletleaf="0"/>
  <largest-consumer threadName="main" threadId="000000000096B700" bytes="12541704" />
</allocation-stats>
<gc-op id="4325" type="copy forward" timems="1.433" contextid="4322" timestamp="2019-07-07T05:36:22.617">
  <memory-copied type="eden" objects="1" bytes="24" bytesdiscarded="0" />
  <memory-copied type="other" objects="0" bytes="0" bytesdiscarded="0" />
  <memory-cardclean objects="16" bytes="440" />
  <regions eden="24" other="1" />
  <remembered-set-cleared processed="45795" cleared="16" durationms="0.331" />
  <stringconstants candidates="13721" cleared="0"  />
</gc-op>
<gc-op id="4326" type="classunload" timems="0.003" contextid="4322" timestamp="2019-07-07T05:36:22.617">
  <classunload-info classloadercandidates="54" classloadersunloaded="0" classesunloaded="0" anonymousclassesunloaded="0" quiescems="0.000" setupms="0.003" scanms="0.000" postms="0.000" />
</gc-op>
<gc-end id="4327" type="partial gc" contextid="4322" durationms="2.459" usertimems="0.000" systemtimems="0.000" timestamp="2019-07-07T05:36:22.617" activeThreads="1">
  <mem-info id="4328" free="46137344" total="75497472" percent="61">
    <mem type="eden" free="1048552" total="1048576" percent="99" />
    <remembered-set count="48320" freebytes="2820352" totalbytes="3013632" percent="93" regionsoverflowed="0" regionsstable="0" regionsrebuilding="18"/>
  </mem-info>
</gc-end>
<cycle-end id="4329" type="partial gc" contextid="4322" timestamp="2019-07-07T05:36:22.617" />
  <attribute name="elasticGC enabled" value="1" />
  <attribute name= "numThreadsSpecified" value="1" />
  <attribute name="heapSize specified" value="0" />
  <attribute name="Current GC Util" value="166" />
  <attribute name= "Current Time Running" value="23310" />
  <attribute name ="GC Interval" value="0" />
  <attribute name="ProportionalT" value="73.000000" />
  <attribute name="ProportionalI" value="73.000000" />
  <attribute name="ProportionalH" value="73.000000" />
  <attribute name="Current Error" value="146.000000" />
  <attribute name="IntegralT" value="0.000000" />
  <attribute name="IntegralI" value="0.000000" />
  <attribute name="IntegralH" value="0.000000" />
  <attribute name="DerivativeT" value="inf" />
  <attribute name="DerivativeI" value="inf" />
  <attribute name="DerivativeH" value="inf" />
  <attribute name="Loop Time for DT" value="0.000000" />
  <attribute name="Output H" value="8388608"/>
  <attribute name="Output I" value="200"/>
  <attribute name="Output T" value="1"/>
  <attribute name="Target GC Util Change" value ="20.000000" />
  <attribute name="Current GC Util Change" value="166.000000"/>
  <attribute name="GC Util currently" value="166" />
  <attribute name="CPU Util currently" value="13836275478964" />
<exclusive-end id="4330" timestamp="2019-07-07T05:36:22.618" durationms="3.254" />

<exclusive-start id="4331" timestamp="2019-07-07T05:36:22.622" intervalms="7.248">
  <response-info timems="0.073" idlems="0.073" threads="0" lastid="000000000096B700" lastname="main" />
</exclusive-start>
<allocation-taxation id="4332" taxation-threshold="12582912" timestamp="2019-07-07T05:36:22.622" intervalms="7.267" />
<gc-start id="4333" type="global mark phase" contextid="4250" timestamp="2019-07-07T05:36:22.622">
  <mem-info id="4334" free="33554432" total="75497472" percent="44">
    <remembered-set count="47840" freebytes="2822272" totalbytes="3013632" percent="93" regionsoverflowed="0" regionsstable="0" regionsrebuilding="18"/>
  </mem-info>
</gc-start>
<gc-end id="4335" type="global mark phase" contextid="4250" durationms="0.142" usertimems="0.000" systemtimems="0.000" timestamp="2019-07-07T05:36:22.622" activeThreads="1">
  <mem-info id="4336" free="33554432" total="75497472" percent="44">
    <remembered-set count="47840" freebytes="2822272" totalbytes="3013632" percent="93" regionsoverflowed="0" regionsstable="0" regionsrebuilding="18"/>
  </mem-info>
</gc-end>
<concurrent-start id="4337" type="GMP work packet processing" contextid="4250" timestamp="2019-07-07T05:36:22.622">
  <concurrent-mark-start scanTarget="1048576" />
</concurrent-start>
<exclusive-end id="4338" timestamp="2019-07-07T05:36:22.622" durationms="0.838" />

<concurrent-end id="4339" type="GMP work packet processing" contextid="4250" timestamp="2019-07-07T05:36:22.623">
  <concurrent-mark-end bytesScanned="1102832" reasonForTermination="Work target met" />
</concurrent-end>

<exclusive-start id="4340" timestamp="2019-07-07T05:36:22.627" intervalms="5.703">
  <response-info timems="0.036" idlems="0.036" threads="0" lastid="000000000096B700" lastname="main" />
</exclusive-start>
<allocation-taxation id="4341" taxation-threshold="12582912" timestamp="2019-07-07T05:36:22.627" intervalms="5.645" />
<cycle-start id="4342" type="partial gc" contextid="0" timestamp="2019-07-07T05:36:22.627" intervalms="12.936" />
<gc-start id="4343" type="partial gc" contextid="4342" timestamp="2019-07-07T05:36:22.628">
  <mem-info id="4344" free="20971520" total="75497472" percent="27">
    <mem type="eden" free="1048552" total="26214400" percent="3" />
    <remembered-set count="55296" freebytes="2792448" totalbytes="3013632" percent="92" regionsoverflowed="0" regionsstable="0" regionsrebuilding="18"/>
  </mem-info>
</gc-start>
<allocation-stats totalBytes="25080968" >
  <allocated-bytes non-tlh="0" tlh="25080968" arrayletleaf="0"/>
  <largest-consumer threadName="main" threadId="000000000096B700" bytes="12541704" />
</allocation-stats>
<gc-op id="4345" type="copy forward" timems="1.493" contextid="4342" timestamp="2019-07-07T05:36:22.630">
  <memory-copied type="eden" objects="1" bytes="24" bytesdiscarded="0" />
  <memory-copied type="other" objects="0" bytes="0" bytesdiscarded="0" />
  <memory-cardclean objects="16" bytes="440" />
  <regions eden="24" other="1" />
  <remembered-set-cleared processed="53157" cleared="7" durationms="0.374" />
  <stringconstants candidates="13721" cleared="0"  />
</gc-op>
<gc-op id="4346" type="classunload" timems="0.003" contextid="4342" timestamp="2019-07-07T05:36:22.630">
  <classunload-info classloadercandidates="54" classloadersunloaded="0" classesunloaded="0" anonymousclassesunloaded="0" quiescems="0.000" setupms="0.003" scanms="0.000" postms="0.000" />
</gc-op>
<gc-end id="4347" type="partial gc" contextid="4342" durationms="2.554" usertimems="4.000" systemtimems="0.000" timestamp="2019-07-07T05:36:22.630" activeThreads="1">
  <mem-info id="4348" free="46137344" total="75497472" percent="61">
    <mem type="eden" free="1048552" total="1048576" percent="99" />
    <remembered-set count="55744" freebytes="2790656" totalbytes="3013632" percent="92" regionsoverflowed="0" regionsstable="0" regionsrebuilding="18"/>
  </mem-info>
</gc-end>
<cycle-end id="4349" type="partial gc" contextid="4342" timestamp="2019-07-07T05:36:22.630" />
  <attribute name="elasticGC enabled" value="1" />
  <attribute name= "numThreadsSpecified" value="1" />
  <attribute name="heapSize specified" value="0" />
  <attribute name="Current GC Util" value="166" />
  <attribute name= "Current Time Running" value="23323" />
  <attribute name ="GC Interval" value="0" />
  <attribute name="ProportionalT" value="73.000000" />
  <attribute name="ProportionalI" value="73.000000" />
  <attribute name="ProportionalH" value="73.000000" />
  <attribute name="Current Error" value="146.000000" />
  <attribute name="IntegralT" value="0.000000" />
  <attribute name="IntegralI" value="0.000000" />
  <attribute name="IntegralH" value="0.000000" />
  <attribute name="DerivativeT" value="inf" />
  <attribute name="DerivativeI" value="inf" />
  <attribute name="DerivativeH" value="inf" />
  <attribute name="Loop Time for DT" value="0.000000" />
  <attribute name="Output H" value="8388608"/>
  <attribute name="Output I" value="200"/>
  <attribute name="Output T" value="1"/>
  <attribute name="Target GC Util Change" value ="20.000000" />
  <attribute name="Current GC Util Change" value="166.000000"/>
  <attribute name="GC Util currently" value="166" />
  <attribute name="CPU Util currently" value="13881171136776" />
<exclusive-end id="4350" timestamp="2019-07-07T05:36:22.631" durationms="3.391" />

<exclusive-start id="4351" timestamp="2019-07-07T05:36:22.635" intervalms="7.341">
  <response-info timems="0.071" idlems="0.071" threads="0" lastid="000000000096B700" lastname="main" />
</exclusive-start>
<allocation-taxation id="4352" taxation-threshold="12582912" timestamp="2019-07-07T05:36:22.635" intervalms="7.452" />
<gc-start id="4353" type="global mark phase" contextid="4250" timestamp="2019-07-07T05:36:22.635">
  <mem-info id="4354" free="33554432" total="75497472" percent="44">
    <remembered-set count="55296" freebytes="2792448" totalbytes="3013632" percent="92" regionsoverflowed="0" regionsstable="0" regionsrebuilding="18"/>
  </mem-info>
</gc-start>
<gc-end id="4355" type="global mark phase" contextid="4250" durationms="0.179" usertimems="0.000" systemtimems="0.000" timestamp="2019-07-07T05:36:22.635" activeThreads="1">
  <mem-info id="4356" free="33554432" total="75497472" percent="44">
    <remembered-set count="55296" freebytes="2792448" totalbytes="3013632" percent="92" regionsoverflowed="0" regionsstable="0" regionsrebuilding="18"/>
  </mem-info>
</gc-end>
<concurrent-start id="4357" type="GMP work packet processing" contextid="4250" timestamp="2019-07-07T05:36:22.635">
  <concurrent-mark-start scanTarget="1048576" />
</concurrent-start>
<exclusive-end id="4358" timestamp="2019-07-07T05:36:22.636" durationms="1.827" />

<concurrent-end id="4359" type="GMP work packet processing" contextid="4250" timestamp="2019-07-07T05:36:22.637">
  <concurrent-mark-end bytesScanned="1101204" reasonForTermination="Work target met" />
</concurrent-end>

<exclusive-start id="4360" timestamp="2019-07-07T05:36:22.640" intervalms="5.904">
  <response-info timems="0.054" idlems="0.054" threads="0" lastid="000000000096B700" lastname="main" />
</exclusive-start>
<allocation-taxation id="4361" taxation-threshold="12582912" timestamp="2019-07-07T05:36:22.641" intervalms="5.850" />
<cycle-start id="4362" type="partial gc" contextid="0" timestamp="2019-07-07T05:36:22.641" intervalms="13.358" />
<gc-start id="4363" type="partial gc" contextid="4362" timestamp="2019-07-07T05:36:22.641">
  <mem-info id="4364" free="20971520" total="75497472" percent="27">
    <mem type="eden" free="1048552" total="26214400" percent="3" />
    <remembered-set count="65760" freebytes="2750592" totalbytes="3013632" percent="91" regionsoverflowed="0" regionsstable="0" regionsrebuilding="18"/>
  </mem-info>
</gc-start>
<allocation-stats totalBytes="25080968" >
  <allocated-bytes non-tlh="0" tlh="25080968" arrayletleaf="0"/>
  <largest-consumer threadName="main" threadId="000000000096B700" bytes="12541704" />
</allocation-stats>
<gc-op id="4365" type="copy forward" timems="1.585" contextid="4362" timestamp="2019-07-07T05:36:22.644">
  <memory-copied type="eden" objects="1" bytes="24" bytesdiscarded="0" />
  <memory-copied type="other" objects="0" bytes="0" bytesdiscarded="0" />
  <memory-cardclean objects="16" bytes="440" />
  <regions eden="24" other="1" />
  <remembered-set-cleared processed="63847" cleared="7" durationms="0.452" />
  <stringconstants candidates="13721" cleared="0"  />
</gc-op>
<gc-op id="4366" type="classunload" timems="0.003" contextid="4362" timestamp="2019-07-07T05:36:22.644">
  <classunload-info classloadercandidates="54" classloadersunloaded="0" classesunloaded="0" anonymousclassesunloaded="0" quiescems="0.000" setupms="0.003" scanms="0.000" postms="0.000" />
</gc-op>
<gc-end id="4367" type="partial gc" contextid="4362" durationms="2.736" usertimems="4.000" systemtimems="0.000" timestamp="2019-07-07T05:36:22.644" activeThreads="1">
  <mem-info id="4368" free="46137344" total="75497472" percent="61">
    <mem type="eden" free="1048552" total="1048576" percent="99" />
    <remembered-set count="66240" freebytes="2748672" totalbytes="3013632" percent="91" regionsoverflowed="0" regionsstable="0" regionsrebuilding="18"/>
  </mem-info>
</gc-end>
<cycle-end id="4369" type="partial gc" contextid="4362" timestamp="2019-07-07T05:36:22.644" />
  <attribute name="elasticGC enabled" value="1" />
  <attribute name= "numThreadsSpecified" value="1" />
  <attribute name="heapSize specified" value="0" />
  <attribute name="Current GC Util" value="168" />
  <attribute name= "Current Time Running" value="23336" />
  <attribute name ="GC Interval" value="0" />
  <attribute name="ProportionalT" value="74.000000" />
  <attribute name="ProportionalI" value="74.000000" />
  <attribute name="ProportionalH" value="74.000000" />
  <attribute name="Current Error" value="148.000000" />
  <attribute name="IntegralT" value="0.000000" />
  <attribute name="IntegralI" value="0.000000" />
  <attribute name="IntegralH" value="0.000000" />
  <attribute name="DerivativeT" value="inf" />
  <attribute name="DerivativeI" value="inf" />
  <attribute name="DerivativeH" value="inf" />
  <attribute name="Loop Time for DT" value="0.000000" />
  <attribute name="Output H" value="8388608"/>
  <attribute name="Output I" value="200"/>
  <attribute name="Output T" value="1"/>
  <attribute name="Target GC Util Change" value ="20.000000" />
  <attribute name="Current GC Util Change" value="168.000000"/>
  <attribute name="GC Util currently" value="168" />
  <attribute name="CPU Util currently" value="13593447942075" />
<exclusive-end id="4370" timestamp="2019-07-07T05:36:22.644" durationms="3.681" />

<exclusive-start id="4371" timestamp="2019-07-07T05:36:22.648" intervalms="7.687">
  <response-info timems="0.074" idlems="0.074" threads="0" lastid="000000000096B700" lastname="main" />
</exclusive-start>
<allocation-taxation id="4372" taxation-threshold="12582912" timestamp="2019-07-07T05:36:22.648" intervalms="7.689" />
<gc-start id="4373" type="global mark phase" contextid="4250" timestamp="2019-07-07T05:36:22.649">
  <mem-info id="4374" free="33554432" total="75497472" percent="44">
    <remembered-set count="65760" freebytes="2750592" totalbytes="3013632" percent="91" regionsoverflowed="0" regionsstable="0" regionsrebuilding="18"/>
  </mem-info>
</gc-start>
<gc-end id="4375" type="global mark phase" contextid="4250" durationms="0.155" usertimems="0.000" systemtimems="0.000" timestamp="2019-07-07T05:36:22.649" activeThreads="1">
  <mem-info id="4376" free="33554432" total="75497472" percent="44">
    <remembered-set count="65760" freebytes="2750592" totalbytes="3013632" percent="91" regionsoverflowed="0" regionsstable="0" regionsrebuilding="18"/>
  </mem-info>
</gc-end>
<concurrent-start id="4377" type="GMP work packet processing" contextid="4250" timestamp="2019-07-07T05:36:22.649">
  <concurrent-mark-start scanTarget="1048576" />
</concurrent-start>
<exclusive-end id="4378" timestamp="2019-07-07T05:36:22.649" durationms="0.767" />

<concurrent-end id="4379" type="GMP work packet processing" contextid="4250" timestamp="2019-07-07T05:36:22.650">
  <concurrent-mark-end bytesScanned="1102132" reasonForTermination="Work target met" />
</concurrent-end>

<exclusive-start id="4380" timestamp="2019-07-07T05:36:22.654" intervalms="5.559">
  <response-info timems="0.066" idlems="0.066" threads="0" lastid="000000000096B700" lastname="main" />
</exclusive-start>
<allocation-taxation id="4381" taxation-threshold="12582912" timestamp="2019-07-07T05:36:22.654" intervalms="5.600" />
<cycle-start id="4382" type="partial gc" contextid="0" timestamp="2019-07-07T05:36:22.654" intervalms="13.240" />
<gc-start id="4383" type="partial gc" contextid="4382" timestamp="2019-07-07T05:36:22.654">
  <mem-info id="4384" free="20971520" total="75497472" percent="27">
    <mem type="eden" free="1048552" total="26214400" percent="3" />
    <remembered-set count="75584" freebytes="2711296" totalbytes="3013632" percent="89" regionsoverflowed="0" regionsstable="0" regionsrebuilding="18"/>
  </mem-info>
</gc-start>
<allocation-stats totalBytes="25080968" >
  <allocated-bytes non-tlh="0" tlh="25080968" arrayletleaf="0"/>
  <largest-consumer threadName="main" threadId="000000000096B700" bytes="12541704" />
</allocation-stats>
<gc-op id="4385" type="copy forward" timems="3.364" contextid="4382" timestamp="2019-07-07T05:36:22.659">
  <memory-copied type="eden" objects="1" bytes="24" bytesdiscarded="0" />
  <memory-copied type="other" objects="0" bytes="0" bytesdiscarded="0" />
  <memory-cardclean objects="16" bytes="440" />
  <regions eden="24" other="1" />
  <remembered-set-cleared processed="73103" cleared="7" durationms="0.285" />
  <stringconstants candidates="13721" cleared="0"  />
</gc-op>
<gc-op id="4386" type="classunload" timems="0.004" contextid="4382" timestamp="2019-07-07T05:36:22.659">
  <classunload-info classloadercandidates="54" classloadersunloaded="0" classesunloaded="0" anonymousclassesunloaded="0" quiescems="0.000" setupms="0.004" scanms="0.000" postms="0.000" />
</gc-op>
<gc-end id="4387" type="partial gc" contextid="4382" durationms="4.495" usertimems="4.000" systemtimems="4.000" timestamp="2019-07-07T05:36:22.659" activeThreads="4">
  <mem-info id="4388" free="46137344" total="75497472" percent="61">
    <mem type="eden" free="1048552" total="1048576" percent="99" />
    <remembered-set count="75040" freebytes="2713472" totalbytes="3013632" percent="90" regionsoverflowed="0" regionsstable="0" regionsrebuilding="18"/>
  </mem-info>
</gc-end>
<cycle-end id="4389" type="partial gc" contextid="4382" timestamp="2019-07-07T05:36:22.659" />
  <attribute name="elasticGC enabled" value="1" />
  <attribute name= "numThreadsSpecified" value="4" />
  <attribute name="heapSize specified" value="0" />
  <attribute name="Current GC Util" value="164" />
  <attribute name= "Current Time Running" value="23350" />
  <attribute name ="GC Interval" value="0" />
  <attribute name="ProportionalT" value="72.000000" />
  <attribute name="ProportionalI" value="72.000000" />
  <attribute name="ProportionalH" value="72.000000" />
  <attribute name="Current Error" value="144.000000" />
  <attribute name="IntegralT" value="72.000000" />
  <attribute name="IntegralI" value="72.000000" />
  <attribute name="IntegralH" value="72.000000" />
  <attribute name="DerivativeT" value="116.000000" />
  <attribute name="DerivativeI" value="116.000000" />
  <attribute name="DerivativeH" value="116.000000" />
  <attribute name="Loop Time for DT" value="1.000000" />
  <attribute name="Output H" value="8388608"/>
  <attribute name="Output I" value="264"/>
  <attribute name="Output T" value="4"/>
  <attribute name="Target GC Util Change" value ="20.000000" />
  <attribute name="Current GC Util Change" value="164.000000"/>
  <attribute name="GC Util currently" value="164" />
  <attribute name="CPU Util currently" value="13856813081902" />
<exclusive-end id="4390" timestamp="2019-07-07T05:36:22.659" durationms="5.379" />

<exclusive-start id="4391" timestamp="2019-07-07T05:36:22.663" intervalms="9.379">
  <response-info timems="0.072" idlems="0.072" threads="0" lastid="000000000096B700" lastname="main" />
</exclusive-start>
<allocation-taxation id="4392" taxation-threshold="12582912" timestamp="2019-07-07T05:36:22.663" intervalms="9.334" />
<gc-start id="4393" type="global mark phase" contextid="4250" timestamp="2019-07-07T05:36:22.663">
  <mem-info id="4394" free="33554432" total="75497472" percent="44">
    <remembered-set count="75040" freebytes="2713472" totalbytes="3013632" percent="90" regionsoverflowed="0" regionsstable="0" regionsrebuilding="18"/>
  </mem-info>
</gc-start>
<gc-end id="4395" type="global mark phase" contextid="4250" durationms="0.140" usertimems="0.000" systemtimems="0.000" timestamp="2019-07-07T05:36:22.664" activeThreads="4">
  <mem-info id="4396" free="33554432" total="75497472" percent="44">
    <remembered-set count="75040" freebytes="2713472" totalbytes="3013632" percent="90" regionsoverflowed="0" regionsstable="0" regionsrebuilding="18"/>
  </mem-info>
</gc-end>
<concurrent-start id="4397" type="GMP work packet processing" contextid="4250" timestamp="2019-07-07T05:36:22.664">
  <concurrent-mark-start scanTarget="1797397" />
</concurrent-start>
<exclusive-end id="4398" timestamp="2019-07-07T05:36:22.664" durationms="0.704" />

<concurrent-end id="4399" type="GMP work packet processing" contextid="4250" timestamp="2019-07-07T05:36:22.665">
  <concurrent-mark-end bytesScanned="1827464" reasonForTermination="Work target met" />
</concurrent-end>

<exclusive-start id="4400" timestamp="2019-07-07T05:36:22.669" intervalms="6.192">
  <response-info timems="0.054" idlems="0.054" threads="0" lastid="000000000096B700" lastname="main" />
</exclusive-start>
<allocation-taxation id="4401" taxation-threshold="12582912" timestamp="2019-07-07T05:36:22.669" intervalms="6.185" />
<cycle-start id="4402" type="partial gc" contextid="0" timestamp="2019-07-07T05:36:22.670" intervalms="15.549" />
<gc-start id="4403" type="partial gc" contextid="4402" timestamp="2019-07-07T05:36:22.670">
  <mem-info id="4404" free="20971520" total="75497472" percent="27">
    <mem type="eden" free="1048552" total="26214400" percent="3" />
    <remembered-set count="103392" freebytes="2600064" totalbytes="3013632" percent="86" regionsoverflowed="0" regionsstable="0" regionsrebuilding="18"/>
  </mem-info>
</gc-start>
<allocation-stats totalBytes="25080968" >
  <allocated-bytes non-tlh="0" tlh="25080968" arrayletleaf="0"/>
  <largest-consumer threadName="main" threadId="000000000096B700" bytes="12541704" />
</allocation-stats>
<gc-op id="4405" type="copy forward" timems="3.173" contextid="4402" timestamp="2019-07-07T05:36:22.674">
  <memory-copied type="eden" objects="1" bytes="24" bytesdiscarded="0" />
  <memory-copied type="other" objects="0" bytes="0" bytesdiscarded="0" />
  <memory-cardclean objects="16" bytes="440" />
  <regions eden="24" other="1" />
  <remembered-set-cleared processed="101645" cleared="7" durationms="0.287" />
  <stringconstants candidates="13721" cleared="0"  />
</gc-op>
<gc-op id="4406" type="classunload" timems="0.003" contextid="4402" timestamp="2019-07-07T05:36:22.674">
  <classunload-info classloadercandidates="54" classloadersunloaded="0" classesunloaded="0" anonymousclassesunloaded="0" quiescems="0.000" setupms="0.003" scanms="0.000" postms="0.000" />
</gc-op>
<gc-end id="4407" type="partial gc" contextid="4402" durationms="4.191" usertimems="4.000" systemtimems="4.000" timestamp="2019-07-07T05:36:22.674" activeThreads="4">
  <mem-info id="4408" free="46137344" total="75497472" percent="61">
    <mem type="eden" free="1048552" total="1048576" percent="99" />
    <remembered-set count="103616" freebytes="2599168" totalbytes="3013632" percent="86" regionsoverflowed="0" regionsstable="0" regionsrebuilding="18"/>
  </mem-info>
</gc-end>
<cycle-end id="4409" type="partial gc" contextid="4402" timestamp="2019-07-07T05:36:22.674" />
  <attribute name="elasticGC enabled" value="1" />
  <attribute name= "numThreadsSpecified" value="4" />
  <attribute name="heapSize specified" value="0" />
  <attribute name="Current GC Util" value="55" />
  <attribute name= "Current Time Running" value="23365" />
  <attribute name ="GC Interval" value="0" />
  <attribute name="ProportionalT" value="17.500000" />
  <attribute name="ProportionalI" value="17.500000" />
  <attribute name="ProportionalH" value="17.500000" />
  <attribute name="Current Error" value="35.000000" />
  <attribute name="IntegralT" value="0.000000" />
  <attribute name="IntegralI" value="0.000000" />
  <attribute name="IntegralH" value="0.000000" />
  <attribute name="DerivativeT" value="-inf" />
  <attribute name="DerivativeI" value="-inf" />
  <attribute name="DerivativeH" value="-inf" />
  <attribute name="Loop Time for DT" value="0.000000" />
  <attribute name="Output H" value="2091843584"/>
  <attribute name="Output I" value="200"/>
  <attribute name="Output T" value="4"/>
  <attribute name="Target GC Util Change" value ="20.000000" />
  <attribute name="Current GC Util Change" value="55.000000"/>
  <attribute name="GC Util currently" value="55" />
  <attribute name="CPU Util currently" value="20961637235798" />
<exclusive-end id="4410" timestamp="2019-07-07T05:36:22.674" durationms="5.048" />

<exclusive-start id="4411" timestamp="2019-07-07T05:36:22.678" intervalms="9.077">
  <response-info timems="0.078" idlems="0.078" threads="0" lastid="000000000096B700" lastname="main" />
</exclusive-start>
<allocation-taxation id="4412" taxation-threshold="12582912" timestamp="2019-07-07T05:36:22.678" intervalms="9.061" />
<gc-start id="4413" type="global mark phase" contextid="4250" timestamp="2019-07-07T05:36:22.679">
  <mem-info id="4414" free="33554432" total="75497472" percent="44">
    <remembered-set count="103616" freebytes="2599168" totalbytes="3013632" percent="86" regionsoverflowed="0" regionsstable="0" regionsrebuilding="18"/>
  </mem-info>
</gc-start>
<gc-end id="4415" type="global mark phase" contextid="4250" durationms="0.148" usertimems="0.000" systemtimems="0.000" timestamp="2019-07-07T05:36:22.679" activeThreads="4">
  <mem-info id="4416" free="33554432" total="75497472" percent="44">
    <remembered-set count="103616" freebytes="2599168" totalbytes="3013632" percent="86" regionsoverflowed="0" regionsstable="0" regionsrebuilding="18"/>
  </mem-info>
</gc-end>
<concurrent-start id="4417" type="GMP work packet processing" contextid="4250" timestamp="2019-07-07T05:36:22.679">
  <concurrent-mark-start scanTarget="1797397" />
</concurrent-start>
<exclusive-end id="4418" timestamp="2019-07-07T05:36:22.679" durationms="0.611" />

<concurrent-end id="4419" type="GMP work packet processing" contextid="4250" timestamp="2019-07-07T05:36:22.680">
  <concurrent-mark-end bytesScanned="1849088" reasonForTermination="Work target met" />
</concurrent-end>

<exclusive-start id="4420" timestamp="2019-07-07T05:36:22.684" intervalms="5.873">
  <response-info timems="0.055" idlems="0.055" threads="0" lastid="000000000096B700" lastname="main" />
</exclusive-start>
<allocation-taxation id="4421" taxation-threshold="12582912" timestamp="2019-07-07T05:36:22.684" intervalms="5.902" />
<cycle-start id="4422" type="partial gc" contextid="0" timestamp="2019-07-07T05:36:22.685" intervalms="14.960" />
<gc-start id="4423" type="partial gc" contextid="4422" timestamp="2019-07-07T05:36:22.685">
  <mem-info id="4424" free="20971520" total="75497472" percent="27">
    <mem type="eden" free="1048552" total="26214400" percent="3" />
    <remembered-set count="117056" freebytes="2545408" totalbytes="3013632" percent="84" regionsoverflowed="0" regionsstable="0" regionsrebuilding="18"/>
  </mem-info>
</gc-start>
<allocation-stats totalBytes="25080968" >
  <allocated-bytes non-tlh="0" tlh="25080968" arrayletleaf="0"/>
  <largest-consumer threadName="main" threadId="000000000096B700" bytes="12541704" />
</allocation-stats>
<gc-op id="4425" type="copy forward" timems="1.805" contextid="4422" timestamp="2019-07-07T05:36:22.687">
  <memory-copied type="eden" objects="1" bytes="24" bytesdiscarded="0" />
  <memory-copied type="other" objects="0" bytes="0" bytesdiscarded="0" />
  <memory-cardclean objects="16" bytes="440" />
  <regions eden="24" other="1" />
  <remembered-set-cleared processed="115000" cleared="7" durationms="0.685" />
  <stringconstants candidates="13721" cleared="0"  />
</gc-op>
<gc-op id="4426" type="classunload" timems="0.003" contextid="4422" timestamp="2019-07-07T05:36:22.688">
  <classunload-info classloadercandidates="54" classloadersunloaded="0" classesunloaded="0" anonymousclassesunloaded="0" quiescems="0.000" setupms="0.003" scanms="0.000" postms="0.000" />
</gc-op>
<gc-end id="4427" type="partial gc" contextid="4422" durationms="2.959" usertimems="4.000" systemtimems="0.000" timestamp="2019-07-07T05:36:22.688" activeThreads="1">
  <mem-info id="4428" free="46137344" total="75497472" percent="61">
    <mem type="eden" free="1048552" total="1048576" percent="99" />
    <remembered-set count="117504" freebytes="2543616" totalbytes="3013632" percent="84" regionsoverflowed="0" regionsstable="0" regionsrebuilding="18"/>
  </mem-info>
</gc-end>
<cycle-end id="4429" type="partial gc" contextid="4422" timestamp="2019-07-07T05:36:22.688" />
  <attribute name="elasticGC enabled" value="1" />
  <attribute name= "numThreadsSpecified" value="1" />
  <attribute name="heapSize specified" value="0" />
  <attribute name="Current GC Util" value="165" />
  <attribute name= "Current Time Running" value="23380" />
  <attribute name ="GC Interval" value="0" />
  <attribute name="ProportionalT" value="72.500000" />
  <attribute name="ProportionalI" value="72.500000" />
  <attribute name="ProportionalH" value="72.500000" />
  <attribute name="Current Error" value="145.000000" />
  <attribute name="IntegralT" value="0.000000" />
  <attribute name="IntegralI" value="0.000000" />
  <attribute name="IntegralH" value="0.000000" />
  <attribute name="DerivativeT" value="inf" />
  <attribute name="DerivativeI" value="inf" />
  <attribute name="DerivativeH" value="inf" />
  <attribute name="Loop Time for DT" value="0.000000" />
  <attribute name="Output H" value="8388608"/>
  <attribute name="Output I" value="200"/>
  <attribute name="Output T" value="1"/>
  <attribute name="Target GC Util Change" value ="20.000000" />
  <attribute name="Current GC Util Change" value="165.000000"/>
  <attribute name="GC Util currently" value="165" />
  <attribute name="CPU Util currently" value="13805293670215" />
<exclusive-end id="4430" timestamp="2019-07-07T05:36:22.688" durationms="3.865" />

<exclusive-start id="4431" timestamp="2019-07-07T05:36:22.692" intervalms="7.864">
  <response-info timems="0.072" idlems="0.072" threads="0" lastid="000000000096B700" lastname="main" />
</exclusive-start>
<allocation-taxation id="4432" taxation-threshold="12582912" timestamp="2019-07-07T05:36:22.692" intervalms="7.864" />
<gc-start id="4433" type="global mark phase" contextid="4250" timestamp="2019-07-07T05:36:22.692">
  <mem-info id="4434" free="33554432" total="75497472" percent="44">
    <remembered-set count="117024" freebytes="2545536" totalbytes="3013632" percent="84" regionsoverflowed="0" regionsstable="0" regionsrebuilding="18"/>
  </mem-info>
</gc-start>
<gc-end id="4435" type="global mark phase" contextid="4250" durationms="0.159" usertimems="0.000" systemtimems="0.000" timestamp="2019-07-07T05:36:22.693" activeThreads="1">
  <mem-info id="4436" free="33554432" total="75497472" percent="44">
    <remembered-set count="117024" freebytes="2545536" totalbytes="3013632" percent="84" regionsoverflowed="0" regionsstable="0" regionsrebuilding="18"/>
  </mem-info>
</gc-end>
<concurrent-start id="4437" type="GMP work packet processing" contextid="4250" timestamp="2019-07-07T05:36:22.693">
  <concurrent-mark-start scanTarget="1048576" />
</concurrent-start>
<exclusive-end id="4438" timestamp="2019-07-07T05:36:22.693" durationms="0.843" />

<concurrent-end id="4439" type="GMP work packet processing" contextid="4250" timestamp="2019-07-07T05:36:22.694">
  <concurrent-mark-end bytesScanned="1090112" reasonForTermination="Work target met" />
</concurrent-end>

<exclusive-start id="4440" timestamp="2019-07-07T05:36:22.698" intervalms="5.635">
  <response-info timems="0.054" idlems="0.054" threads="0" lastid="000000000096B700" lastname="main" />
</exclusive-start>
<allocation-taxation id="4441" taxation-threshold="12582912" timestamp="2019-07-07T05:36:22.698" intervalms="5.619" />
<cycle-start id="4442" type="partial gc" contextid="0" timestamp="2019-07-07T05:36:22.698" intervalms="13.487" />
<gc-start id="4443" type="partial gc" contextid="4442" timestamp="2019-07-07T05:36:22.698">
  <mem-info id="4444" free="20971520" total="75497472" percent="27">
    <mem type="eden" free="1048552" total="26214400" percent="3" />
    <remembered-set count="123776" freebytes="2518528" totalbytes="3013632" percent="83" regionsoverflowed="0" regionsstable="0" regionsrebuilding="18"/>
  </mem-info>
</gc-start>
<allocation-stats totalBytes="25080968" >
  <allocated-bytes non-tlh="0" tlh="25080968" arrayletleaf="0"/>
  <largest-consumer threadName="main" threadId="000000000096B700" bytes="12541704" />
</allocation-stats>
<gc-op id="4445" type="copy forward" timems="3.065" contextid="4442" timestamp="2019-07-07T05:36:22.702">
  <memory-copied type="eden" objects="1" bytes="24" bytesdiscarded="0" />
  <memory-copied type="other" objects="0" bytes="0" bytesdiscarded="0" />
  <memory-cardclean objects="16" bytes="440" />
  <regions eden="24" other="1" />
  <remembered-set-cleared processed="121499" cleared="7" durationms="0.364" />
  <stringconstants candidates="13721" cleared="0"  />
</gc-op>
<gc-op id="4446" type="classunload" timems="0.003" contextid="4442" timestamp="2019-07-07T05:36:22.702">
  <classunload-info classloadercandidates="54" classloadersunloaded="0" classesunloaded="0" anonymousclassesunloaded="0" quiescems="0.000" setupms="0.003" scanms="0.000" postms="0.000" />
</gc-op>
<gc-end id="4447" type="partial gc" contextid="4442" durationms="4.220" usertimems="4.000" systemtimems="4.000" timestamp="2019-07-07T05:36:22.703" activeThreads="4">
  <mem-info id="4448" free="46137344" total="75497472" percent="61">
    <mem type="eden" free="1048552" total="1048576" percent="99" />
    <remembered-set count="123552" freebytes="2519424" totalbytes="3013632" percent="83" regionsoverflowed="0" regionsstable="0" regionsrebuilding="18"/>
  </mem-info>
</gc-end>
<cycle-end id="4449" type="partial gc" contextid="4442" timestamp="2019-07-07T05:36:22.703" />
  <attribute name="elasticGC enabled" value="1" />
  <attribute name= "numThreadsSpecified" value="4" />
  <attribute name="heapSize specified" value="0" />
  <attribute name="Current GC Util" value="160" />
  <attribute name= "Current Time Running" value="23394" />
  <attribute name ="GC Interval" value="0" />
  <attribute name="ProportionalT" value="70.000000" />
  <attribute name="ProportionalI" value="70.000000" />
  <attribute name="ProportionalH" value="70.000000" />
  <attribute name="Current Error" value="140.000000" />
  <attribute name="IntegralT" value="70.000000" />
  <attribute name="IntegralI" value="70.000000" />
  <attribute name="IntegralH" value="70.000000" />
  <attribute name="DerivativeT" value="110.000000" />
  <attribute name="DerivativeI" value="110.000000" />
  <attribute name="DerivativeH" value="110.000000" />
  <attribute name="Loop Time for DT" value="1.000000" />
  <attribute name="Output H" value="8388608"/>
  <attribute name="Output I" value="256"/>
  <attribute name="Output T" value="4"/>
  <attribute name="Target GC Util Change" value ="20.000000" />
  <attribute name="Current GC Util Change" value="160.000000"/>
  <attribute name="GC Util currently" value="160" />
  <attribute name="CPU Util currently" value="13861644517094" />
<exclusive-end id="4450" timestamp="2019-07-07T05:36:22.703" durationms="5.127" />

<exclusive-start id="4451" timestamp="2019-07-07T05:36:22.707" intervalms="9.096">
  <response-info timems="0.059" idlems="0.059" threads="0" lastid="000000000096B700" lastname="main" />
</exclusive-start>
<allocation-taxation id="4452" taxation-threshold="12582912" timestamp="2019-07-07T05:36:22.707" intervalms="9.106" />
<gc-start id="4453" type="global mark phase" contextid="4250" timestamp="2019-07-07T05:36:22.707">
  <mem-info id="4454" free="33554432" total="75497472" percent="44">
    <remembered-set count="123552" freebytes="2519424" totalbytes="3013632" percent="83" regionsoverflowed="0" regionsstable="0" regionsrebuilding="18"/>
  </mem-info>
</gc-start>
<gc-end id="4455" type="global mark phase" contextid="4250" durationms="0.143" usertimems="0.000" systemtimems="0.000" timestamp="2019-07-07T05:36:22.707" activeThreads="4">
  <mem-info id="4456" free="33554432" total="75497472" percent="44">
    <remembered-set count="123552" freebytes="2519424" totalbytes="3013632" percent="83" regionsoverflowed="0" regionsstable="0" regionsrebuilding="18"/>
  </mem-info>
</gc-end>
<concurrent-start id="4457" type="GMP work packet processing" contextid="4250" timestamp="2019-07-07T05:36:22.708">
  <concurrent-mark-start scanTarget="1797397" />
</concurrent-start>
<exclusive-end id="4458" timestamp="2019-07-07T05:36:22.708" durationms="0.771" />

<concurrent-end id="4459" type="GMP work packet processing" contextid="4250" timestamp="2019-07-07T05:36:22.708">
  <concurrent-mark-end bytesScanned="202088" reasonForTermination="Completed all work in GC phase" />
</concurrent-end>

<exclusive-start id="4460" timestamp="2019-07-07T05:36:22.712" intervalms="5.215">
  <response-info timems="0.066" idlems="0.066" threads="0" lastid="000000000096B700" lastname="main" />
</exclusive-start>
<allocation-taxation id="4461" taxation-threshold="12582912" timestamp="2019-07-07T05:36:22.712" intervalms="5.263" />
<cycle-start id="4462" type="partial gc" contextid="0" timestamp="2019-07-07T05:36:22.712" intervalms="14.361" />
<gc-start id="4463" type="partial gc" contextid="4462" timestamp="2019-07-07T05:36:22.713">
  <mem-info id="4464" free="20971520" total="75497472" percent="27">
    <mem type="eden" free="1048552" total="26214400" percent="3" />
    <remembered-set count="124672" freebytes="2514944" totalbytes="3013632" percent="83" regionsoverflowed="0" regionsstable="0" regionsrebuilding="18"/>
  </mem-info>
</gc-start>
<allocation-stats totalBytes="25080968" >
  <allocated-bytes non-tlh="0" tlh="25080968" arrayletleaf="0"/>
  <largest-consumer threadName="main" threadId="000000000096B700" bytes="12541704" />
</allocation-stats>
<gc-op id="4465" type="copy forward" timems="2.668" contextid="4462" timestamp="2019-07-07T05:36:22.716">
  <memory-copied type="eden" objects="1" bytes="24" bytesdiscarded="0" />
  <memory-copied type="other" objects="2214" bytes="136344" bytesdiscarded="7344" />
  <memory-cardclean objects="244" bytes="21760" />
  <regions eden="24" other="2" />
  <remembered-set-cleared processed="122302" cleared="378" durationms="0.381" />
  <references type="soft" candidates="10" cleared="0" enqueued="0" dynamicThreshold="14" maxThreshold="32" />
  <references type="weak" candidates="111" cleared="0" enqueued="0" />
  <stringconstants candidates="13721" cleared="0"  />
</gc-op>
<gc-op id="4466" type="classunload" timems="0.003" contextid="4462" timestamp="2019-07-07T05:36:22.716">
  <classunload-info classloadercandidates="54" classloadersunloaded="0" classesunloaded="0" anonymousclassesunloaded="0" quiescems="0.000" setupms="0.003" scanms="0.000" postms="0.000" />
</gc-op>
<heap-resize id="4467" type="contract" space="default" amount="2097152" count="1" timems="0.213" reason="excess free space following gc" timestamp="2019-07-07T05:36:22.717" />
<gc-end id="4468" type="partial gc" contextid="4462" durationms="4.090" usertimems="4.000" systemtimems="0.000" timestamp="2019-07-07T05:36:22.717" activeThreads="4">
  <mem-info id="4469" free="45088768" total="73400320" percent="61">
    <mem type="eden" free="1048552" total="1048576" percent="99" />
    <remembered-set count="124768" freebytes="2514560" totalbytes="3013632" percent="83" regionsoverflowed="0" regionsstable="0" regionsrebuilding="18"/>
  </mem-info>
</gc-end>
<cycle-end id="4470" type="partial gc" contextid="4462" timestamp="2019-07-07T05:36:22.717" />
  <attribute name="elasticGC enabled" value="1" />
  <attribute name= "numThreadsSpecified" value="4" />
  <attribute name="heapSize specified" value="0" />
  <attribute name="Current GC Util" value="0" />
  <attribute name= "Current Time Running" value="23408" />
  <attribute name ="GC Interval" value="0" />
  <attribute name="ProportionalT" value="-10.000000" />
  <attribute name="ProportionalI" value="-10.000000" />
  <attribute name="ProportionalH" value="-10.000000" />
  <attribute name="Current Error" value="-20.000000" />
  <attribute name="IntegralT" value="0.000000" />
  <attribute name="IntegralI" value="0.000000" />
  <attribute name="IntegralH" value="0.000000" />
  <attribute name="DerivativeT" value="-inf" />
  <attribute name="DerivativeI" value="-inf" />
  <attribute name="DerivativeH" value="-inf" />
  <attribute name="Loop Time for DT" value="0.000000" />
  <attribute name="Output H" value="2091843584"/>
  <attribute name="Output I" value="200"/>
  <attribute name="Output T" value="4"/>
  <attribute name="Target GC Util Change" value ="20.000000" />
  <attribute name="Current GC Util Change" value="0.000000"/>
  <attribute name="GC Util currently" value="0" />
  <attribute name="CPU Util currently" value="14817471028900" />
<exclusive-end id="4471" timestamp="2019-07-07T05:36:22.717" durationms="5.002" />

<exclusive-start id="4472" timestamp="2019-07-07T05:36:22.721" intervalms="9.009">
  <response-info timems="0.068" idlems="0.068" threads="0" lastid="000000000096B700" lastname="main" />
</exclusive-start>
<allocation-taxation id="4473" taxation-threshold="12582912" timestamp="2019-07-07T05:36:22.721" intervalms="8.967" />
<gc-start id="4474" type="global mark phase" contextid="4250" timestamp="2019-07-07T05:36:22.721">
  <mem-info id="4475" free="32505856" total="73400320" percent="44">
    <remembered-set count="124768" freebytes="2514560" totalbytes="3013632" percent="83" regionsoverflowed="0" regionsstable="0" regionsrebuilding="18"/>
  </mem-info>
</gc-start>
<gc-op id="4476" type="mark increment" timems="3.227" contextid="4250" timestamp="2019-07-07T05:36:22.725">
  <trace-info objectcount="33" scancount="31" scanbytes="345232" />
  <cardclean-info objects="36210" bytes="1348968" />
  <finalization candidates="80" enqueued="0" />
  <ownableSynchronizers candidates="21" cleared="0" />
  <references type="soft" candidates="4323" cleared="33" enqueued="31" dynamicThreshold="19" maxThreshold="32" />
  <references type="weak" candidates="5714" cleared="0" enqueued="0" />
  <references type="phantom" candidates="101" cleared="0" enqueued="0" />
  <stringconstants candidates="13721" cleared="0"  />
</gc-op>
<gc-op id="4477" type="classunload" timems="0.004" contextid="4250" timestamp="2019-07-07T05:36:22.725">
  <classunload-info classloadercandidates="54" classloadersunloaded="0" classesunloaded="0" anonymousclassesunloaded="0" quiescems="0.000" setupms="0.004" scanms="0.000" postms="0.000" />
</gc-op>
<gc-end id="4478" type="global mark phase" contextid="4250" durationms="3.625" usertimems="8.000" systemtimems="0.000" timestamp="2019-07-07T05:36:22.725" activeThreads="4">
  <mem-info id="4479" free="32505856" total="73400320" percent="44">
    <pending-finalizers system="0" default="0" reference="31" classloader="0" />
    <remembered-set count="134496" freebytes="2475648" totalbytes="3013632" percent="82" regionsoverflowed="0" regionsstable="0" regionsrebuilding="0"/>
  </mem-info>
</gc-end>
<cycle-end id="4480" type="global mark phase" contextid="4250" timestamp="2019-07-07T05:36:22.725" />
  <attribute name="elasticGC enabled" value="1" />
  <attribute name= "numThreadsSpecified" value="4" />
  <attribute name="heapSize specified" value="0" />
  <attribute name="Current GC Util" value="85" />
  <attribute name= "Current Time Running" value="23418" />
  <attribute name ="GC Interval" value="0" />
  <attribute name="ProportionalT" value="32.500000" />
  <attribute name="ProportionalI" value="32.500000" />
  <attribute name="ProportionalH" value="32.500000" />
  <attribute name="Current Error" value="65.000000" />
  <attribute name="IntegralT" value="0.000000" />
  <attribute name="IntegralI" value="0.000000" />
  <attribute name="IntegralH" value="0.000000" />
  <attribute name="DerivativeT" value="-inf" />
  <attribute name="DerivativeI" value="-inf" />
  <attribute name="DerivativeH" value="-inf" />
  <attribute name="Loop Time for DT" value="0.000000" />
  <attribute name="Output H" value="2091843584"/>
  <attribute name="Output I" value="200"/>
  <attribute name="Output T" value="4"/>
  <attribute name="Target GC Util Change" value ="20.000000" />
  <attribute name="Current GC Util Change" value="85.000000"/>
  <attribute name="GC Util currently" value="85" />
  <attribute name="CPU Util currently" value="12729653003502" />
<exclusive-end id="4481" timestamp="2019-07-07T05:36:22.725" durationms="4.261" />

<exclusive-start id="4482" timestamp="2019-07-07T05:36:22.729" intervalms="8.245">
  <response-info timems="0.073" idlems="0.073" threads="0" lastid="000000000096B700" lastname="main" />
</exclusive-start>
<allocation-taxation id="4483" taxation-threshold="12582912" timestamp="2019-07-07T05:36:22.729" intervalms="8.258" />
<cycle-start id="4484" type="partial gc" contextid="0" timestamp="2019-07-07T05:36:22.730" intervalms="17.247" />
<gc-start id="4485" type="partial gc" contextid="4484" timestamp="2019-07-07T05:36:22.730">
  <mem-info id="4486" free="19922944" total="73400320" percent="27">
    <mem type="eden" free="1048552" total="26214400" percent="3" />
    <remembered-set count="14624" freebytes="2955136" totalbytes="3013632" percent="98" regionsoverflowed="0" regionsstable="14" regionsrebuilding="0"/>
  </mem-info>
</gc-start>
<allocation-stats totalBytes="25081368" >
  <allocated-bytes non-tlh="0" tlh="25081368" arrayletleaf="0"/>
  <largest-consumer threadName="main" threadId="000000000096B700" bytes="12538008" />
</allocation-stats>
<gc-op id="4487" type="sweep" timems="0.910" contextid="4484" timestamp="2019-07-07T05:36:22.731" />
<gc-op id="4488" type="copy forward" timems="2.802" contextid="4484" timestamp="2019-07-07T05:36:22.735">
  <memory-copied type="eden" objects="3" bytes="1064" bytesdiscarded="0" />
  <memory-copied type="other" objects="2215" bytes="136424" bytesdiscarded="126080" />
  <memory-cardclean objects="15798" bytes="907064" />
  <regions eden="12" other="2" />
  <remembered-set-cleared processed="10774" cleared="3956" durationms="0.131" />
  <references type="soft" candidates="8" cleared="0" enqueued="0" dynamicThreshold="14" maxThreshold="32" />
  <references type="weak" candidates="111" cleared="0" enqueued="0" />
  <stringconstants candidates="13721" cleared="0"  />
</gc-op>
<gc-op id="4489" type="classunload" timems="0.004" contextid="4484" timestamp="2019-07-07T05:36:22.735">
  <classunload-info classloadercandidates="54" classloadersunloaded="0" classesunloaded="0" anonymousclassesunloaded="0" quiescems="0.000" setupms="0.004" scanms="0.000" postms="0.000" />
</gc-op>
<gc-end id="4490" type="partial gc" contextid="4484" durationms="5.413" usertimems="8.000" systemtimems="4.000" timestamp="2019-07-07T05:36:22.735" activeThreads="4">
  <mem-info id="4491" free="45088768" total="73400320" percent="61">
    <mem type="eden" free="1047512" total="1048576" percent="99" />
    <remembered-set count="10304" freebytes="2888704" totalbytes="2929920" percent="98" regionsoverflowed="0" regionsstable="14" regionsrebuilding="0"/>
  </mem-info>
</gc-end>
<cycle-end id="4492" type="partial gc" contextid="4484" timestamp="2019-07-07T05:36:22.735" />
  <attribute name="elasticGC enabled" value="1" />
  <attribute name= "numThreadsSpecified" value="4" />
  <attribute name="heapSize specified" value="0" />
  <attribute name="Current GC Util" value="103" />
  <attribute name= "Current Time Running" value="23427" />
  <attribute name ="GC Interval" value="0" />
  <attribute name="ProportionalT" value="41.500000" />
  <attribute name="ProportionalI" value="41.500000" />
  <attribute name="ProportionalH" value="41.500000" />
  <attribute name="Current Error" value="83.000000" />
  <attribute name="IntegralT" value="41.500000" />
  <attribute name="IntegralI" value="41.500000" />
  <attribute name="IntegralH" value="41.500000" />
  <attribute name="DerivativeT" value="-28.000000" />
  <attribute name="DerivativeI" value="-28.000000" />
  <attribute name="DerivativeH" value="-28.000000" />
  <attribute name="Loop Time for DT" value="1.000000" />
  <attribute name="Output H" value="8388608"/>
  <attribute name="Output I" value="200"/>
  <attribute name="Output T" value="4"/>
  <attribute name="Target GC Util Change" value ="20.000000" />
  <attribute name="Current GC Util Change" value="103.000000"/>
  <attribute name="GC Util currently" value="103" />
  <attribute name="CPU Util currently" value="8063233836306" />
<exclusive-end id="4493" timestamp="2019-07-07T05:36:22.736" durationms="6.324" />

<exclusive-start id="4494" timestamp="2019-07-07T05:36:22.744" intervalms="14.708">
  <response-info timems="0.075" idlems="0.075" threads="0" lastid="000000000096B700" lastname="main" />
</exclusive-start>
<allocation-taxation id="4495" taxation-threshold="25165824" timestamp="2019-07-07T05:36:22.744" intervalms="14.691" />
<cycle-start id="4496" type="partial gc" contextid="0" timestamp="2019-07-07T05:36:22.744" intervalms="14.686" />
<gc-start id="4497" type="partial gc" contextid="4496" timestamp="2019-07-07T05:36:22.745">
  <mem-info id="4498" free="19922944" total="73400320" percent="27">
    <mem type="eden" free="0" total="25165824" percent="0" />
    <remembered-set count="960" freebytes="2926080" totalbytes="2929920" percent="99" regionsoverflowed="0" regionsstable="18" regionsrebuilding="0"/>
  </mem-info>
</gc-start>
<allocation-stats totalBytes="25017080" >
  <allocated-bytes non-tlh="0" tlh="25017080" arrayletleaf="0"/>
  <largest-consumer threadName="main" threadId="000000000096B700" bytes="25017080" />
</allocation-stats>
<gc-op id="4499" type="copy forward" timems="1.021" contextid="4496" timestamp="2019-07-07T05:36:22.746">
  <memory-copied type="eden" objects="25" bytes="1880" bytesdiscarded="0" />
  <memory-copied type="other" objects="56" bytes="2336" bytesdiscarded="144" />
  <memory-cardclean objects="134" bytes="4048" />
  <regions eden="24" other="3" />
  <remembered-set-cleared processed="72" cleared="7" durationms="0.099" />
  <stringconstants candidates="13721" cleared="0"  />
</gc-op>
<gc-op id="4500" type="classunload" timems="0.003" contextid="4496" timestamp="2019-07-07T05:36:22.747">
  <classunload-info classloadercandidates="54" classloadersunloaded="0" classesunloaded="0" anonymousclassesunloaded="0" quiescems="0.000" setupms="0.003" scanms="0.000" postms="0.000" />
</gc-op>
<gc-end id="4501" type="partial gc" contextid="4496" durationms="2.183" usertimems="4.000" systemtimems="0.000" timestamp="2019-07-07T05:36:22.747" activeThreads="1">
  <mem-info id="4502" free="45088768" total="73400320" percent="61">
    <mem type="eden" free="1046696" total="1048576" percent="99" />
    <remembered-set count="1344" freebytes="2924544" totalbytes="2929920" percent="99" regionsoverflowed="0" regionsstable="18" regionsrebuilding="0"/>
  </mem-info>
</gc-end>
<cycle-end id="4503" type="partial gc" contextid="4496" timestamp="2019-07-07T05:36:22.747" />
  <attribute name="elasticGC enabled" value="1" />
  <attribute name= "numThreadsSpecified" value="1" />
  <attribute name="heapSize specified" value="0" />
  <attribute name="Current GC Util" value="164" />
  <attribute name= "Current Time Running" value="23440" />
  <attribute name ="GC Interval" value="0" />
  <attribute name="ProportionalT" value="72.000000" />
  <attribute name="ProportionalI" value="72.000000" />
  <attribute name="ProportionalH" value="72.000000" />
  <attribute name="Current Error" value="144.000000" />
  <attribute name="IntegralT" value="0.000000" />
  <attribute name="IntegralI" value="0.000000" />
  <attribute name="IntegralH" value="0.000000" />
  <attribute name="DerivativeT" value="inf" />
  <attribute name="DerivativeI" value="inf" />
  <attribute name="DerivativeH" value="inf" />
  <attribute name="Loop Time for DT" value="0.000000" />
  <attribute name="Output H" value="8388608"/>
  <attribute name="Output I" value="200"/>
  <attribute name="Output T" value="1"/>
  <attribute name="Target GC Util Change" value ="20.000000" />
  <attribute name="Current GC Util Change" value="164.000000"/>
  <attribute name="GC Util currently" value="164" />
  <attribute name="CPU Util currently" value="13691963173270" />
<exclusive-end id="4504" timestamp="2019-07-07T05:36:22.747" durationms="3.103" />

<exclusive-start id="4505" timestamp="2019-07-07T05:36:22.755" intervalms="10.948">
  <response-info timems="0.075" idlems="0.075" threads="0" lastid="000000000096B700" lastname="main" />
</exclusive-start>
<allocation-taxation id="4506" taxation-threshold="25165824" timestamp="2019-07-07T05:36:22.755" intervalms="10.995" />
<cycle-start id="4507" type="partial gc" contextid="0" timestamp="2019-07-07T05:36:22.755" intervalms="10.996" />
<gc-start id="4508" type="partial gc" contextid="4507" timestamp="2019-07-07T05:36:22.756">
  <mem-info id="4509" free="19922944" total="73400320" percent="27">
    <mem type="eden" free="0" total="25165824" percent="0" />
    <remembered-set count="960" freebytes="2926080" totalbytes="2929920" percent="99" regionsoverflowed="0" regionsstable="18" regionsrebuilding="0"/>
  </mem-info>
</gc-start>
<allocation-stats totalBytes="24998400" >
  <allocated-bytes non-tlh="0" tlh="24998400" arrayletleaf="0"/>
  <largest-consumer threadName="main" threadId="000000000096B700" bytes="24998400" />
</allocation-stats>
<gc-op id="4510" type="copy forward" timems="1.321" contextid="4507" timestamp="2019-07-07T05:36:22.758">
  <memory-copied type="eden" objects="0" bytes="0" bytesdiscarded="0" />
  <memory-copied type="other" objects="44" bytes="2808" bytesdiscarded="2104" />
  <memory-cardclean objects="75" bytes="3744" />
  <regions eden="24" other="4" />
  <remembered-set-cleared processed="71" cleared="7" durationms="0.082" />
  <stringconstants candidates="13721" cleared="0"  />
</gc-op>
<gc-op id="4511" type="classunload" timems="0.004" contextid="4507" timestamp="2019-07-07T05:36:22.758">
  <classunload-info classloadercandidates="54" classloadersunloaded="0" classesunloaded="0" anonymousclassesunloaded="0" quiescems="0.000" setupms="0.004" scanms="0.000" postms="0.000" />
</gc-op>
<heap-resize id="4512" type="contract" space="default" amount="4194304" count="1" timems="0.244" reason="excess free space following gc" timestamp="2019-07-07T05:36:22.758" />
<gc-end id="4513" type="partial gc" contextid="4507" durationms="2.573" usertimems="0.000" systemtimems="0.000" timestamp="2019-07-07T05:36:22.758" activeThreads="4">
  <mem-info id="4514" free="44040192" total="69206016" percent="63">
    <remembered-set count="1248" freebytes="2924928" totalbytes="2929920" percent="99" regionsoverflowed="0" regionsstable="18" regionsrebuilding="0"/>
  </mem-info>
</gc-end>
<cycle-end id="4515" type="partial gc" contextid="4507" timestamp="2019-07-07T05:36:22.758" />
  <attribute name="elasticGC enabled" value="1" />
  <attribute name= "numThreadsSpecified" value="4" />
  <attribute name="heapSize specified" value="0" />
  <attribute name="Current GC Util" value="194" />
  <attribute name= "Current Time Running" value="23451" />
  <attribute name ="GC Interval" value="0" />
  <attribute name="ProportionalT" value="87.000000" />
  <attribute name="ProportionalI" value="87.000000" />
  <attribute name="ProportionalH" value="87.000000" />
  <attribute name="Current Error" value="174.000000" />
  <attribute name="IntegralT" value="87.000000" />
  <attribute name="IntegralI" value="87.000000" />
  <attribute name="IntegralH" value="87.000000" />
  <attribute name="DerivativeT" value="174.000000" />
  <attribute name="DerivativeI" value="174.000000" />
  <attribute name="DerivativeH" value="174.000000" />
  <attribute name="Loop Time for DT" value="1.000000" />
  <attribute name="Output H" value="8388608"/>
  <attribute name="Output I" value="352"/>
  <attribute name="Output T" value="4"/>
  <attribute name="Target GC Util Change" value ="20.000000" />
  <attribute name="Current GC Util Change" value="194.000000"/>
  <attribute name="GC Util currently" value="194" />
  <attribute name="CPU Util currently" value="19263677892362" />
<exclusive-end id="4516" timestamp="2019-07-07T05:36:22.758" durationms="3.512" />

<exclusive-start id="4517" timestamp="2019-07-07T05:36:22.766" intervalms="11.073">
  <response-info timems="0.069" idlems="0.069" threads="0" lastid="000000000096B700" lastname="main" />
</exclusive-start>
<allocation-taxation id="4518" taxation-threshold="24117248" timestamp="2019-07-07T05:36:22.766" intervalms="11.018" />
<cycle-start id="4519" type="partial gc" contextid="0" timestamp="2019-07-07T05:36:22.766" intervalms="10.990" />
<gc-start id="4520" type="partial gc" contextid="4519" timestamp="2019-07-07T05:36:22.767">
  <mem-info id="4521" free="19922944" total="69206016" percent="28">
    <mem type="eden" free="0" total="24117248" percent="0" />
    <remembered-set count="800" freebytes="2926720" totalbytes="2929920" percent="99" regionsoverflowed="0" regionsstable="18" regionsrebuilding="0"/>
  </mem-info>
</gc-start>
<allocation-stats totalBytes="23961384" >
  <allocated-bytes non-tlh="0" tlh="23961384" arrayletleaf="0"/>
  <largest-consumer threadName="main" threadId="000000000096B700" bytes="23961384" />
</allocation-stats>
<gc-op id="4522" type="copy forward" timems="1.531" contextid="4519" timestamp="2019-07-07T05:36:22.769">
  <memory-copied type="eden" objects="1" bytes="24" bytesdiscarded="0" />
  <memory-copied type="other" objects="6" bytes="136" bytesdiscarded="464" />
  <memory-cardclean objects="550" bytes="33200" />
  <regions eden="23" other="1" />
  <remembered-set-cleared processed="4" cleared="1" durationms="0.078" />
  <stringconstants candidates="13721" cleared="0"  />
</gc-op>
<gc-op id="4523" type="classunload" timems="0.003" contextid="4519" timestamp="2019-07-07T05:36:22.769">
  <classunload-info classloadercandidates="54" classloadersunloaded="0" classesunloaded="0" anonymousclassesunloaded="0" quiescems="0.000" setupms="0.003" scanms="0.000" postms="0.000" />
</gc-op>
<heap-resize id="4524" type="contract" space="default" amount="4194304" count="1" timems="0.249" reason="excess free space following gc" timestamp="2019-07-07T05:36:22.770" />
<gc-end id="4525" type="partial gc" contextid="4519" durationms="3.104" usertimems="4.000" systemtimems="0.000" timestamp="2019-07-07T05:36:22.770" activeThreads="4">
  <mem-info id="4526" free="39845888" total="65011712" percent="61">
    <mem type="eden" free="1048552" total="1048576" percent="99" />
    <remembered-set count="1600" freebytes="2756096" totalbytes="2762496" percent="99" regionsoverflowed="0" regionsstable="18" regionsrebuilding="0"/>
  </mem-info>
</gc-end>
<cycle-end id="4527" type="partial gc" contextid="4519" timestamp="2019-07-07T05:36:22.770" />
  <attribute name="elasticGC enabled" value="1" />
  <attribute name= "numThreadsSpecified" value="4" />
  <attribute name="heapSize specified" value="0" />
  <attribute name="Current GC Util" value="19" />
  <attribute name= "Current Time Running" value="23462" />
  <attribute name ="GC Interval" value="0" />
  <attribute name="ProportionalT" value="-0.500000" />
  <attribute name="ProportionalI" value="-0.500000" />
  <attribute name="ProportionalH" value="-0.500000" />
  <attribute name="Current Error" value="-1.000000" />
  <attribute name="IntegralT" value="-0.500000" />
  <attribute name="IntegralI" value="-0.500000" />
  <attribute name="IntegralH" value="-0.500000" />
  <attribute name="DerivativeT" value="-10.000000" />
  <attribute name="DerivativeI" value="-10.000000" />
  <attribute name="DerivativeH" value="-10.000000" />
  <attribute name="Loop Time for DT" value="1.000000" />
  <attribute name="Output H" value="2091843584"/>
  <attribute name="Output I" value="200"/>
  <attribute name="Output T" value="4"/>
  <attribute name="Target GC Util Change" value ="20.000000" />
  <attribute name="Current GC Util Change" value="19.000000"/>
  <attribute name="GC Util currently" value="19" />
  <attribute name="CPU Util currently" value="9054878736460" />
<exclusive-end id="4528" timestamp="2019-07-07T05:36:22.770" durationms="3.993" />

<exclusive-start id="4529" timestamp="2019-07-07T05:36:22.777" intervalms="11.229">
  <response-info timems="0.068" idlems="0.068" threads="0" lastid="000000000096B700" lastname="main" />
</exclusive-start>
<allocation-taxation id="4530" taxation-threshold="23068672" timestamp="2019-07-07T05:36:22.777" intervalms="11.239" />
<cycle-start id="4531" type="partial gc" contextid="0" timestamp="2019-07-07T05:36:22.778" intervalms="11.280" />
<gc-start id="4532" type="partial gc" contextid="4531" timestamp="2019-07-07T05:36:22.778">
  <mem-info id="4533" free="16777216" total="65011712" percent="25">
    <mem type="eden" free="1048552" total="24117248" percent="4" />
    <remembered-set count="1248" freebytes="2757504" totalbytes="2762496" percent="99" regionsoverflowed="0" regionsstable="18" regionsrebuilding="0"/>
  </mem-info>
</gc-start>
<allocation-stats totalBytes="22924080" >
  <allocated-bytes non-tlh="0" tlh="22924080" arrayletleaf="0"/>
  <largest-consumer threadName="main" threadId="000000000096B700" bytes="22924080" />
</allocation-stats>
<gc-op id="4534" type="copy forward" timems="1.297" contextid="4531" timestamp="2019-07-07T05:36:22.780">
  <memory-copied type="eden" objects="1" bytes="24" bytesdiscarded="0" />
  <memory-copied type="other" objects="271" bytes="6576" bytesdiscarded="1696" />
  <memory-cardclean objects="440" bytes="26408" />
  <regions eden="22" other="2" />
  <remembered-set-cleared processed="20" cleared="4" durationms="0.075" />
  <references type="weak" candidates="30" cleared="0" enqueued="0" />
  <stringconstants candidates="13721" cleared="0"  />
</gc-op>
<gc-op id="4535" type="classunload" timems="0.004" contextid="4531" timestamp="2019-07-07T05:36:22.780">
  <classunload-info classloadercandidates="54" classloadersunloaded="0" classesunloaded="0" anonymousclassesunloaded="0" quiescems="0.000" setupms="0.004" scanms="0.000" postms="0.000" />
</gc-op>
<heap-resize id="4536" type="contract" space="default" amount="3145728" count="1" timems="0.226" reason="excess free space following gc" timestamp="2019-07-07T05:36:22.781" />
<gc-end id="4537" type="partial gc" contextid="4531" durationms="2.854" usertimems="0.000" systemtimems="4.000" timestamp="2019-07-07T05:36:22.781" activeThreads="4">
  <mem-info id="4538" free="37748736" total="61865984" percent="61">
    <mem type="eden" free="1048552" total="1048576" percent="99" />
    <remembered-set count="1632" freebytes="2588544" totalbytes="2595072" percent="99" regionsoverflowed="0" regionsstable="18" regionsrebuilding="0"/>
  </mem-info>
</gc-end>
<cycle-end id="4539" type="partial gc" contextid="4531" timestamp="2019-07-07T05:36:22.781" />
  <attribute name="elasticGC enabled" value="1" />
  <attribute name= "numThreadsSpecified" value="4" />
  <attribute name="heapSize specified" value="0" />
  <attribute name="Current GC Util" value="24" />
  <attribute name= "Current Time Running" value="23473" />
  <attribute name ="GC Interval" value="0" />
  <attribute name="ProportionalT" value="2.000000" />
  <attribute name="ProportionalI" value="2.000000" />
  <attribute name="ProportionalH" value="2.000000" />
  <attribute name="Current Error" value="4.000000" />
  <attribute name="IntegralT" value="0.000000" />
  <attribute name="IntegralI" value="0.000000" />
  <attribute name="IntegralH" value="0.000000" />
  <attribute name="DerivativeT" value="-inf" />
  <attribute name="DerivativeI" value="-inf" />
  <attribute name="DerivativeH" value="-inf" />
  <attribute name="Loop Time for DT" value="0.000000" />
  <attribute name="Output H" value="2091843584"/>
  <attribute name="Output I" value="200"/>
  <attribute name="Output T" value="4"/>
  <attribute name="Target GC Util Change" value ="20.000000" />
  <attribute name="Current GC Util Change" value="24.000000"/>
  <attribute name="GC Util currently" value="24" />
  <attribute name="CPU Util currently" value="10473130594095" />
<exclusive-end id="4540" timestamp="2019-07-07T05:36:22.781" durationms="3.748" />

<exclusive-start id="4541" timestamp="2019-07-07T05:36:22.784" intervalms="7.108">
  <response-info timems="0.053" idlems="0.053" threads="0" lastid="000000000096B700" lastname="main" />
</exclusive-start>
<allocation-taxation id="4542" taxation-threshold="10485760" timestamp="2019-07-07T05:36:22.784" intervalms="7.071" />
<cycle-start id="4543" type="global mark phase" contextid="0" timestamp="2019-07-07T05:36:22.785" intervalms="224.595" />
<gc-start id="4544" type="global mark phase" contextid="4543" timestamp="2019-07-07T05:36:22.785">
  <mem-info id="4545" free="27262976" total="61865984" percent="44">
    <remembered-set count="1280" freebytes="2589952" totalbytes="2595072" percent="99" regionsoverflowed="0" regionsstable="18" regionsrebuilding="0"/>
  </mem-info>
</gc-start>
<gc-op id="4546" type="mark increment" timems="0.876" contextid="4543" timestamp="2019-07-07T05:36:22.786">
  <trace-info objectcount="171" scancount="0" scanbytes="0" />
</gc-op>
<gc-end id="4547" type="global mark phase" contextid="4543" durationms="1.176" usertimems="0.000" systemtimems="0.000" timestamp="2019-07-07T05:36:22.786" activeThreads="4">
  <mem-info id="4548" free="27262976" total="61865984" percent="44">
    <remembered-set count="1280" freebytes="2589952" totalbytes="2595072" percent="99" regionsoverflowed="0" regionsstable="0" regionsrebuilding="18"/>
  </mem-info>
</gc-end>
<concurrent-start id="4549" type="GMP work packet processing" contextid="4543" timestamp="2019-07-07T05:36:22.786">
  <concurrent-mark-start scanTarget="1555771" />
</concurrent-start>
<exclusive-end id="4550" timestamp="2019-07-07T05:36:22.786" durationms="1.802" />

<concurrent-end id="4551" type="GMP work packet processing" contextid="4543" timestamp="2019-07-07T05:36:22.788">
  <concurrent-mark-end bytesScanned="1633232" reasonForTermination="Work target met" />
</concurrent-end>

<exclusive-start id="4552" timestamp="2019-07-07T05:36:22.791" intervalms="7.067">
  <response-info timems="0.068" idlems="0.068" threads="0" lastid="000000000096B700" lastname="main" />
</exclusive-start>
<allocation-taxation id="4553" taxation-threshold="10485760" timestamp="2019-07-07T05:36:22.792" intervalms="7.045" />
<cycle-start id="4554" type="partial gc" contextid="0" timestamp="2019-07-07T05:36:22.792" intervalms="14.057" />
<gc-start id="4555" type="partial gc" contextid="4554" timestamp="2019-07-07T05:36:22.792">
  <mem-info id="4556" free="16777216" total="61865984" percent="27">
    <mem type="eden" free="1048552" total="22020096" percent="4" />
    <remembered-set count="16736" freebytes="2528128" totalbytes="2595072" percent="97" regionsoverflowed="0" regionsstable="0" regionsrebuilding="18"/>
  </mem-info>
</gc-start>
<allocation-stats totalBytes="20840064" >
  <allocated-bytes non-tlh="0" tlh="20840064" arrayletleaf="0"/>
  <largest-consumer threadName="main" threadId="000000000096B700" bytes="10420032" />
</allocation-stats>
<gc-op id="4557" type="copy forward" timems="3.110" contextid="4554" timestamp="2019-07-07T05:36:22.796">
  <memory-copied type="eden" objects="1" bytes="24" bytesdiscarded="0" />
  <memory-copied type="other" objects="0" bytes="0" bytesdiscarded="0" />
  <memory-cardclean objects="15097" bytes="763016" />
  <regions eden="20" other="1" />
  <remembered-set-cleared processed="10363" cleared="4321" durationms="0.144" />
  <stringconstants candidates="13721" cleared="0"  />
</gc-op>
<gc-op id="4558" type="classunload" timems="0.004" contextid="4554" timestamp="2019-07-07T05:36:22.796">
  <classunload-info classloadercandidates="54" classloadersunloaded="0" classesunloaded="0" anonymousclassesunloaded="0" quiescems="0.000" setupms="0.004" scanms="0.000" postms="0.000" />
</gc-op>
<gc-end id="4559" type="partial gc" contextid="4554" durationms="4.298" usertimems="8.000" systemtimems="0.000" timestamp="2019-07-07T05:36:22.796" activeThreads="4">
  <mem-info id="4560" free="37748736" total="61865984" percent="61">
    <mem type="eden" free="1048552" total="1048576" percent="99" />
    <remembered-set count="12576" freebytes="2419200" totalbytes="2469504" percent="97" regionsoverflowed="0" regionsstable="0" regionsrebuilding="18"/>
  </mem-info>
</gc-end>
<cycle-end id="4561" type="partial gc" contextid="4554" timestamp="2019-07-07T05:36:22.796" />
  <attribute name="elasticGC enabled" value="1" />
  <attribute name= "numThreadsSpecified" value="4" />
  <attribute name="heapSize specified" value="0" />
  <attribute name="Current GC Util" value="29" />
  <attribute name= "Current Time Running" value="23487" />
  <attribute name ="GC Interval" value="0" />
  <attribute name="ProportionalT" value="4.500000" />
  <attribute name="ProportionalI" value="4.500000" />
  <attribute name="ProportionalH" value="4.500000" />
  <attribute name="Current Error" value="9.000000" />
  <attribute name="IntegralT" value="0.000000" />
  <attribute name="IntegralI" value="0.000000" />
  <attribute name="IntegralH" value="0.000000" />
  <attribute name="DerivativeT" value="-inf" />
  <attribute name="DerivativeI" value="-inf" />
  <attribute name="DerivativeH" value="-inf" />
  <attribute name="Loop Time for DT" value="0.000000" />
  <attribute name="Output H" value="2091843584"/>
  <attribute name="Output I" value="200"/>
  <attribute name="Output T" value="4"/>
  <attribute name="Target GC Util Change" value ="20.000000" />
  <attribute name="Current GC Util Change" value="29.000000"/>
  <attribute name="GC Util currently" value="29" />
  <attribute name="CPU Util currently" value="11876972658511" />
<exclusive-end id="4562" timestamp="2019-07-07T05:36:22.796" durationms="5.000" />

<exclusive-start id="4563" timestamp="2019-07-07T05:36:22.800" intervalms="8.390">
  <response-info timems="0.057" idlems="0.057" threads="0" lastid="000000000096B700" lastname="main" />
</exclusive-start>
<allocation-taxation id="4564" taxation-threshold="10485760" timestamp="2019-07-07T05:36:22.800" intervalms="8.413" />
<gc-start id="4565" type="global mark phase" contextid="4543" timestamp="2019-07-07T05:36:22.800">
  <mem-info id="4566" free="27262976" total="61865984" percent="44">
    <remembered-set count="12512" freebytes="2419456" totalbytes="2469504" percent="97" regionsoverflowed="0" regionsstable="0" regionsrebuilding="18"/>
  </mem-info>
</gc-start>
<gc-end id="4567" type="global mark phase" contextid="4543" durationms="0.159" usertimems="0.000" systemtimems="0.000" timestamp="2019-07-07T05:36:22.800" activeThreads="4">
  <mem-info id="4568" free="27262976" total="61865984" percent="44">
    <remembered-set count="12512" freebytes="2419456" totalbytes="2469504" percent="97" regionsoverflowed="0" regionsstable="0" regionsrebuilding="18"/>
  </mem-info>
</gc-end>
<concurrent-start id="4569" type="GMP work packet processing" contextid="4543" timestamp="2019-07-07T05:36:22.800">
  <concurrent-mark-start scanTarget="1555771" />
</concurrent-start>
<exclusive-end id="4570" timestamp="2019-07-07T05:36:22.800" durationms="0.562" />

<concurrent-end id="4571" type="GMP work packet processing" contextid="4543" timestamp="2019-07-07T05:36:22.802">
  <concurrent-mark-end bytesScanned="1599576" reasonForTermination="Work target met" />
</concurrent-end>

<exclusive-start id="4572" timestamp="2019-07-07T05:36:22.805" intervalms="5.181">
  <response-info timems="0.061" idlems="0.061" threads="0" lastid="000000000096B700" lastname="main" />
</exclusive-start>
<allocation-taxation id="4573" taxation-threshold="10485760" timestamp="2019-07-07T05:36:22.805" intervalms="5.260" />
<cycle-start id="4574" type="partial gc" contextid="0" timestamp="2019-07-07T05:36:22.805" intervalms="13.726" />
<gc-start id="4575" type="partial gc" contextid="4574" timestamp="2019-07-07T05:36:22.806">
  <mem-info id="4576" free="16777216" total="61865984" percent="27">
    <mem type="eden" free="1048552" total="22020096" percent="4" />
    <remembered-set count="27424" freebytes="2359808" totalbytes="2469504" percent="95" regionsoverflowed="0" regionsstable="0" regionsrebuilding="18"/>
  </mem-info>
</gc-start>
<allocation-stats totalBytes="20840064" >
  <allocated-bytes non-tlh="0" tlh="20840064" arrayletleaf="0"/>
  <largest-consumer threadName="main" threadId="000000000096B700" bytes="10420032" />
</allocation-stats>
<gc-op id="4577" type="copy forward" timems="1.624" contextid="4574" timestamp="2019-07-07T05:36:22.808">
  <memory-copied type="eden" objects="1" bytes="24" bytesdiscarded="0" />
  <memory-copied type="other" objects="0" bytes="0" bytesdiscarded="0" />
  <memory-cardclean objects="10" bytes="424" />
  <regions eden="20" other="1" />
  <remembered-set-cleared processed="25378" cleared="6" durationms="0.124" />
  <stringconstants candidates="13721" cleared="0"  />
</gc-op>
<gc-op id="4578" type="classunload" timems="0.004" contextid="4574" timestamp="2019-07-07T05:36:22.808">
  <classunload-info classloadercandidates="54" classloadersunloaded="0" classesunloaded="0" anonymousclassesunloaded="0" quiescems="0.000" setupms="0.004" scanms="0.000" postms="0.000" />
</gc-op>
<gc-end id="4579" type="partial gc" contextid="4574" durationms="2.686" usertimems="0.000" systemtimems="4.000" timestamp="2019-07-07T05:36:22.808" activeThreads="4">
  <mem-info id="4580" free="37748736" total="61865984" percent="61">
    <mem type="eden" free="1048552" total="1048576" percent="99" />
    <remembered-set count="27104" freebytes="2361088" totalbytes="2469504" percent="95" regionsoverflowed="0" regionsstable="0" regionsrebuilding="18"/>
  </mem-info>
</gc-end>
<cycle-end id="4581" type="partial gc" contextid="4574" timestamp="2019-07-07T05:36:22.808" />
  <attribute name="elasticGC enabled" value="1" />
  <attribute name= "numThreadsSpecified" value="4" />
  <attribute name="heapSize specified" value="0" />
  <attribute name="Current GC Util" value="42" />
  <attribute name= "Current Time Running" value="23501" />
  <attribute name ="GC Interval" value="0" />
  <attribute name="ProportionalT" value="11.000000" />
  <attribute name="ProportionalI" value="11.000000" />
  <attribute name="ProportionalH" value="11.000000" />
  <attribute name="Current Error" value="22.000000" />
  <attribute name="IntegralT" value="0.000000" />
  <attribute name="IntegralI" value="0.000000" />
  <attribute name="IntegralH" value="0.000000" />
  <attribute name="DerivativeT" value="-inf" />
  <attribute name="DerivativeI" value="-inf" />
  <attribute name="DerivativeH" value="-inf" />
  <attribute name="Loop Time for DT" value="0.000000" />
  <attribute name="Output H" value="2091843584"/>
  <attribute name="Output I" value="200"/>
  <attribute name="Output T" value="4"/>
  <attribute name="Target GC Util Change" value ="20.000000" />
  <attribute name="Current GC Util Change" value="42.000000"/>
  <attribute name="GC Util currently" value="42" />
  <attribute name="CPU Util currently" value="17755145413153" />
<exclusive-end id="4582" timestamp="2019-07-07T05:36:22.809" durationms="3.621" />

<exclusive-start id="4583" timestamp="2019-07-07T05:36:22.812" intervalms="7.024">
  <response-info timems="0.074" idlems="0.074" threads="0" lastid="000000000096B700" lastname="main" />
</exclusive-start>
<allocation-taxation id="4584" taxation-threshold="10485760" timestamp="2019-07-07T05:36:22.812" intervalms="6.982" />
<gc-start id="4585" type="global mark phase" contextid="4543" timestamp="2019-07-07T05:36:22.812">
  <mem-info id="4586" free="27262976" total="61865984" percent="44">
    <remembered-set count="27104" freebytes="2361088" totalbytes="2469504" percent="95" regionsoverflowed="0" regionsstable="0" regionsrebuilding="18"/>
  </mem-info>
</gc-start>
<gc-end id="4587" type="global mark phase" contextid="4543" durationms="0.149" usertimems="0.000" systemtimems="0.000" timestamp="2019-07-07T05:36:22.813" activeThreads="4">
  <mem-info id="4588" free="27262976" total="61865984" percent="44">
    <remembered-set count="27104" freebytes="2361088" totalbytes="2469504" percent="95" regionsoverflowed="0" regionsstable="0" regionsrebuilding="18"/>
  </mem-info>
</gc-end>
<concurrent-start id="4589" type="GMP work packet processing" contextid="4543" timestamp="2019-07-07T05:36:22.813">
  <concurrent-mark-start scanTarget="1555771" />
</concurrent-start>
<exclusive-end id="4590" timestamp="2019-07-07T05:36:22.813" durationms="0.777" />

<concurrent-end id="4591" type="GMP work packet processing" contextid="4543" timestamp="2019-07-07T05:36:22.814">
  <concurrent-mark-end bytesScanned="1615724" reasonForTermination="Work target met" />
</concurrent-end>

<exclusive-start id="4592" timestamp="2019-07-07T05:36:22.817" intervalms="5.242">
  <response-info timems="0.056" idlems="0.056" threads="0" lastid="000000000096B700" lastname="main" />
</exclusive-start>
<allocation-taxation id="4593" taxation-threshold="10485760" timestamp="2019-07-07T05:36:22.817" intervalms="5.241" />
<cycle-start id="4594" type="partial gc" contextid="0" timestamp="2019-07-07T05:36:22.818" intervalms="12.215" />
<gc-start id="4595" type="partial gc" contextid="4594" timestamp="2019-07-07T05:36:22.818">
  <mem-info id="4596" free="16777216" total="61865984" percent="27">
    <mem type="eden" free="1048552" total="22020096" percent="4" />
    <remembered-set count="45312" freebytes="2288256" totalbytes="2469504" percent="92" regionsoverflowed="0" regionsstable="0" regionsrebuilding="18"/>
  </mem-info>
</gc-start>
<allocation-stats totalBytes="20840064" >
  <allocated-bytes non-tlh="0" tlh="20840064" arrayletleaf="0"/>
  <largest-consumer threadName="main" threadId="000000000096B700" bytes="10420032" />
</allocation-stats>
<gc-op id="4597" type="copy forward" timems="1.399" contextid="4594" timestamp="2019-07-07T05:36:22.820">
  <memory-copied type="eden" objects="1" bytes="24" bytesdiscarded="0" />
  <memory-copied type="other" objects="0" bytes="0" bytesdiscarded="0" />
  <memory-cardclean objects="10" bytes="424" />
  <regions eden="20" other="1" />
  <remembered-set-cleared processed="42984" cleared="7" durationms="0.305" />
  <stringconstants candidates="13721" cleared="0"  />
</gc-op>
<gc-op id="4598" type="classunload" timems="0.003" contextid="4594" timestamp="2019-07-07T05:36:22.820">
  <classunload-info classloadercandidates="54" classloadersunloaded="0" classesunloaded="0" anonymousclassesunloaded="0" quiescems="0.000" setupms="0.003" scanms="0.000" postms="0.000" />
</gc-op>
<gc-end id="4599" type="partial gc" contextid="4594" durationms="2.495" usertimems="4.000" systemtimems="0.000" timestamp="2019-07-07T05:36:22.820" activeThreads="1">
  <mem-info id="4600" free="37748736" total="61865984" percent="61">
    <mem type="eden" free="1048552" total="1048576" percent="99" />
    <remembered-set count="45792" freebytes="2286336" totalbytes="2469504" percent="92" regionsoverflowed="0" regionsstable="0" regionsrebuilding="18"/>
  </mem-info>
</gc-end>
<cycle-end id="4601" type="partial gc" contextid="4594" timestamp="2019-07-07T05:36:22.820" />
  <attribute name="elasticGC enabled" value="1" />
  <attribute name= "numThreadsSpecified" value="1" />
  <attribute name="heapSize specified" value="0" />
  <attribute name="Current GC Util" value="62" />
  <attribute name= "Current Time Running" value="23513" />
  <attribute name ="GC Interval" value="0" />
  <attribute name="ProportionalT" value="21.000000" />
  <attribute name="ProportionalI" value="21.000000" />
  <attribute name="ProportionalH" value="21.000000" />
  <attribute name="Current Error" value="42.000000" />
  <attribute name="IntegralT" value="0.000000" />
  <attribute name="IntegralI" value="0.000000" />
  <attribute name="IntegralH" value="0.000000" />
  <attribute name="DerivativeT" value="inf" />
  <attribute name="DerivativeI" value="inf" />
  <attribute name="DerivativeH" value="inf" />
  <attribute name="Loop Time for DT" value="0.000000" />
  <attribute name="Output H" value="8388608"/>
  <attribute name="Output I" value="200"/>
  <attribute name="Output T" value="1"/>
  <attribute name="Target GC Util Change" value ="20.000000" />
  <attribute name="Current GC Util Change" value="62.000000"/>
  <attribute name="GC Util currently" value="62" />
  <attribute name="CPU Util currently" value="18424560666481" />
<exclusive-end id="4602" timestamp="2019-07-07T05:36:22.821" durationms="3.427" />

<exclusive-start id="4603" timestamp="2019-07-07T05:36:22.824" intervalms="6.820">
  <response-info timems="0.074" idlems="0.074" threads="0" lastid="000000000096B700" lastname="main" />
</exclusive-start>
<allocation-taxation id="4604" taxation-threshold="10485760" timestamp="2019-07-07T05:36:22.824" intervalms="6.818" />
<gc-start id="4605" type="global mark phase" contextid="4543" timestamp="2019-07-07T05:36:22.824">
  <mem-info id="4606" free="27262976" total="61865984" percent="44">
    <remembered-set count="45312" freebytes="2288256" totalbytes="2469504" percent="92" regionsoverflowed="0" regionsstable="0" regionsrebuilding="18"/>
  </mem-info>
</gc-start>
<gc-end id="4607" type="global mark phase" contextid="4543" durationms="0.149" usertimems="0.000" systemtimems="0.000" timestamp="2019-07-07T05:36:22.825" activeThreads="1">
  <mem-info id="4608" free="27262976" total="61865984" percent="44">
    <remembered-set count="45312" freebytes="2288256" totalbytes="2469504" percent="92" regionsoverflowed="0" regionsstable="0" regionsrebuilding="18"/>
  </mem-info>
</gc-end>
<concurrent-start id="4609" type="GMP work packet processing" contextid="4543" timestamp="2019-07-07T05:36:22.825">
  <concurrent-mark-start scanTarget="1048576" />
</concurrent-start>
<exclusive-end id="4610" timestamp="2019-07-07T05:36:22.825" durationms="0.784" />

<concurrent-end id="4611" type="GMP work packet processing" contextid="4543" timestamp="2019-07-07T05:36:22.826">
  <concurrent-mark-end bytesScanned="1099248" reasonForTermination="Work target met" />
</concurrent-end>

<exclusive-start id="4612" timestamp="2019-07-07T05:36:22.829" intervalms="5.037">
  <response-info timems="0.052" idlems="0.052" threads="0" lastid="000000000096B700" lastname="main" />
</exclusive-start>
<allocation-taxation id="4613" taxation-threshold="10485760" timestamp="2019-07-07T05:36:22.829" intervalms="5.039" />
<cycle-start id="4614" type="partial gc" contextid="0" timestamp="2019-07-07T05:36:22.830" intervalms="11.888" />
<gc-start id="4615" type="partial gc" contextid="4614" timestamp="2019-07-07T05:36:22.830">
  <mem-info id="4616" free="16777216" total="61865984" percent="27">
    <mem type="eden" free="1048552" total="22020096" percent="4" />
    <remembered-set count="51168" freebytes="2264832" totalbytes="2469504" percent="91" regionsoverflowed="0" regionsstable="0" regionsrebuilding="18"/>
  </mem-info>
</gc-start>
<allocation-stats totalBytes="20840064" >
  <allocated-bytes non-tlh="0" tlh="20840064" arrayletleaf="0"/>
  <largest-consumer threadName="main" threadId="000000000096B700" bytes="10420032" />
</allocation-stats>
<gc-op id="4617" type="copy forward" timems="1.428" contextid="4614" timestamp="2019-07-07T05:36:22.832">
  <memory-copied type="eden" objects="1" bytes="24" bytesdiscarded="0" />
  <memory-copied type="other" objects="0" bytes="0" bytesdiscarded="0" />
  <memory-cardclean objects="10" bytes="424" />
  <regions eden="20" other="1" />
  <remembered-set-cleared processed="49298" cleared="6" durationms="0.332" />
  <stringconstants candidates="13721" cleared="0"  />
</gc-op>
<gc-op id="4618" type="classunload" timems="0.003" contextid="4614" timestamp="2019-07-07T05:36:22.832">
  <classunload-info classloadercandidates="54" classloadersunloaded="0" classesunloaded="0" anonymousclassesunloaded="0" quiescems="0.000" setupms="0.003" scanms="0.000" postms="0.000" />
</gc-op>
<gc-end id="4619" type="partial gc" contextid="4614" durationms="2.575" usertimems="4.000" systemtimems="0.000" timestamp="2019-07-07T05:36:22.832" activeThreads="1">
  <mem-info id="4620" free="37748736" total="61865984" percent="61">
    <mem type="eden" free="1048552" total="1048576" percent="99" />
    <remembered-set count="51648" freebytes="2262912" totalbytes="2469504" percent="91" regionsoverflowed="0" regionsstable="0" regionsrebuilding="18"/>
  </mem-info>
</gc-end>
<cycle-end id="4621" type="partial gc" contextid="4614" timestamp="2019-07-07T05:36:22.832" />
  <attribute name="elasticGC enabled" value="1" />
  <attribute name= "numThreadsSpecified" value="1" />
  <attribute name="heapSize specified" value="0" />
  <attribute name="Current GC Util" value="159" />
  <attribute name= "Current Time Running" value="23525" />
  <attribute name ="GC Interval" value="0" />
  <attribute name="ProportionalT" value="69.500000" />
  <attribute name="ProportionalI" value="69.500000" />
  <attribute name="ProportionalH" value="69.500000" />
  <attribute name="Current Error" value="139.000000" />
  <attribute name="IntegralT" value="0.000000" />
  <attribute name="IntegralI" value="0.000000" />
  <attribute name="IntegralH" value="0.000000" />
  <attribute name="DerivativeT" value="inf" />
  <attribute name="DerivativeI" value="inf" />
  <attribute name="DerivativeH" value="inf" />
  <attribute name="Loop Time for DT" value="0.000000" />
  <attribute name="Output H" value="8388608"/>
  <attribute name="Output I" value="200"/>
  <attribute name="Output T" value="1"/>
  <attribute name="Target GC Util Change" value ="20.000000" />
  <attribute name="Current GC Util Change" value="159.000000"/>
  <attribute name="GC Util currently" value="159" />
  <attribute name="CPU Util currently" value="13286217518241" />
<exclusive-end id="4622" timestamp="2019-07-07T05:36:22.833" durationms="3.505" />

<exclusive-start id="4623" timestamp="2019-07-07T05:36:22.836" intervalms="6.906">
  <response-info timems="0.073" idlems="0.073" threads="0" lastid="000000000096B700" lastname="main" />
</exclusive-start>
<allocation-taxation id="4624" taxation-threshold="10485760" timestamp="2019-07-07T05:36:22.836" intervalms="6.911" />
<gc-start id="4625" type="global mark phase" contextid="4543" timestamp="2019-07-07T05:36:22.836">
  <mem-info id="4626" free="27262976" total="61865984" percent="44">
    <remembered-set count="51168" freebytes="2264832" totalbytes="2469504" percent="91" regionsoverflowed="0" regionsstable="0" regionsrebuilding="18"/>
  </mem-info>
</gc-start>
<gc-end id="4627" type="global mark phase" contextid="4543" durationms="0.134" usertimems="0.000" systemtimems="0.000" timestamp="2019-07-07T05:36:22.837" activeThreads="1">
  <mem-info id="4628" free="27262976" total="61865984" percent="44">
    <remembered-set count="51168" freebytes="2264832" totalbytes="2469504" percent="91" regionsoverflowed="0" regionsstable="0" regionsrebuilding="18"/>
  </mem-info>
</gc-end>
<concurrent-start id="4629" type="GMP work packet processing" contextid="4543" timestamp="2019-07-07T05:36:22.837">
  <concurrent-mark-start scanTarget="1048576" />
</concurrent-start>
<exclusive-end id="4630" timestamp="2019-07-07T05:36:22.837" durationms="0.871" />

<concurrent-end id="4631" type="GMP work packet processing" contextid="4543" timestamp="2019-07-07T05:36:22.838">
  <concurrent-mark-end bytesScanned="1084088" reasonForTermination="Work target met" />
</concurrent-end>

<exclusive-start id="4632" timestamp="2019-07-07T05:36:22.841" intervalms="4.948">
  <response-info timems="0.053" idlems="0.053" threads="0" lastid="000000000096B700" lastname="main" />
</exclusive-start>
<allocation-taxation id="4633" taxation-threshold="10485760" timestamp="2019-07-07T05:36:22.841" intervalms="4.939" />
<cycle-start id="4634" type="partial gc" contextid="0" timestamp="2019-07-07T05:36:22.841" intervalms="11.818" />
<gc-start id="4635" type="partial gc" contextid="4634" timestamp="2019-07-07T05:36:22.842">
  <mem-info id="4636" free="16777216" total="61865984" percent="27">
    <mem type="eden" free="1048552" total="22020096" percent="4" />
    <remembered-set count="57344" freebytes="2240128" totalbytes="2469504" percent="90" regionsoverflowed="0" regionsstable="0" regionsrebuilding="18"/>
  </mem-info>
</gc-start>
<allocation-stats totalBytes="20840064" >
  <allocated-bytes non-tlh="0" tlh="20840064" arrayletleaf="0"/>
  <largest-consumer threadName="main" threadId="000000000096B700" bytes="10420032" />
</allocation-stats>
<gc-op id="4637" type="copy forward" timems="3.193" contextid="4634" timestamp="2019-07-07T05:36:22.846">
  <memory-copied type="eden" objects="1" bytes="24" bytesdiscarded="0" />
  <memory-copied type="other" objects="0" bytes="0" bytesdiscarded="0" />
  <memory-cardclean objects="10" bytes="424" />
  <regions eden="20" other="1" />
  <remembered-set-cleared processed="55462" cleared="6" durationms="0.219" />
  <stringconstants candidates="13721" cleared="0"  />
</gc-op>
<gc-op id="4638" type="classunload" timems="0.003" contextid="4634" timestamp="2019-07-07T05:36:22.846">
  <classunload-info classloadercandidates="54" classloadersunloaded="0" classesunloaded="0" anonymousclassesunloaded="0" quiescems="0.000" setupms="0.003" scanms="0.000" postms="0.000" />
</gc-op>
<gc-end id="4639" type="partial gc" contextid="4634" durationms="4.293" usertimems="8.000" systemtimems="0.000" timestamp="2019-07-07T05:36:22.846" activeThreads="4">
  <mem-info id="4640" free="37748736" total="61865984" percent="61">
    <mem type="eden" free="1048552" total="1048576" percent="99" />
    <remembered-set count="57344" freebytes="2240128" totalbytes="2469504" percent="90" regionsoverflowed="0" regionsstable="0" regionsrebuilding="18"/>
  </mem-info>
</gc-end>
<cycle-end id="4641" type="partial gc" contextid="4634" timestamp="2019-07-07T05:36:22.846" />
  <attribute name="elasticGC enabled" value="1" />
  <attribute name= "numThreadsSpecified" value="4" />
  <attribute name="heapSize specified" value="0" />
  <attribute name="Current GC Util" value="163" />
  <attribute name= "Current Time Running" value="23537" />
  <attribute name ="GC Interval" value="0" />
  <attribute name="ProportionalT" value="71.500000" />
  <attribute name="ProportionalI" value="71.500000" />
  <attribute name="ProportionalH" value="71.500000" />
  <attribute name="Current Error" value="143.000000" />
  <attribute name="IntegralT" value="71.500000" />
  <attribute name="IntegralI" value="71.500000" />
  <attribute name="IntegralH" value="71.500000" />
  <attribute name="DerivativeT" value="111.000000" />
  <attribute name="DerivativeI" value="111.000000" />
  <attribute name="DerivativeH" value="111.000000" />
  <attribute name="Loop Time for DT" value="1.000000" />
  <attribute name="Output H" value="8388608"/>
  <attribute name="Output I" value="256"/>
  <attribute name="Output T" value="4"/>
  <attribute name="Target GC Util Change" value ="20.000000" />
  <attribute name="Current GC Util Change" value="163.000000"/>
  <attribute name="GC Util currently" value="163" />
  <attribute name="CPU Util currently" value="13589882800931" />
<exclusive-end id="4642" timestamp="2019-07-07T05:36:22.846" durationms="5.181" />

<exclusive-start id="4643" timestamp="2019-07-07T05:36:22.850" intervalms="8.564">
  <response-info timems="0.073" idlems="0.073" threads="0" lastid="000000000096B700" lastname="main" />
</exclusive-start>
<allocation-taxation id="4644" taxation-threshold="10485760" timestamp="2019-07-07T05:36:22.850" intervalms="8.593" />
<gc-start id="4645" type="global mark phase" contextid="4543" timestamp="2019-07-07T05:36:22.850">
  <mem-info id="4646" free="27262976" total="61865984" percent="44">
    <remembered-set count="57344" freebytes="2240128" totalbytes="2469504" percent="90" regionsoverflowed="0" regionsstable="0" regionsrebuilding="18"/>
  </mem-info>
</gc-start>
<gc-end id="4647" type="global mark phase" contextid="4543" durationms="0.152" usertimems="0.000" systemtimems="0.000" timestamp="2019-07-07T05:36:22.850" activeThreads="4">
  <mem-info id="4648" free="27262976" total="61865984" percent="44">
    <remembered-set count="57344" freebytes="2240128" totalbytes="2469504" percent="90" regionsoverflowed="0" regionsstable="0" regionsrebuilding="18"/>
  </mem-info>
</gc-end>
<concurrent-start id="4649" type="GMP work packet processing" contextid="4543" timestamp="2019-07-07T05:36:22.850">
  <concurrent-mark-start scanTarget="1555771" />
</concurrent-start>
<exclusive-end id="4650" timestamp="2019-07-07T05:36:22.850" durationms="0.681" />

<concurrent-end id="4651" type="GMP work packet processing" contextid="4543" timestamp="2019-07-07T05:36:22.851">
  <concurrent-mark-end bytesScanned="1597696" reasonForTermination="Work target met" />
</concurrent-end>

<exclusive-start id="4652" timestamp="2019-07-07T05:36:22.855" intervalms="5.173">
  <response-info timems="0.064" idlems="0.064" threads="0" lastid="000000000096B700" lastname="main" />
</exclusive-start>
<allocation-taxation id="4653" taxation-threshold="10485760" timestamp="2019-07-07T05:36:22.855" intervalms="5.137" />
<cycle-start id="4654" type="partial gc" contextid="0" timestamp="2019-07-07T05:36:22.855" intervalms="13.704" />
<gc-start id="4655" type="partial gc" contextid="4654" timestamp="2019-07-07T05:36:22.855">
  <mem-info id="4656" free="16777216" total="61865984" percent="27">
    <mem type="eden" free="1048552" total="22020096" percent="4" />
    <remembered-set count="71712" freebytes="2182656" totalbytes="2469504" percent="88" regionsoverflowed="0" regionsstable="0" regionsrebuilding="18"/>
  </mem-info>
</gc-start>
<allocation-stats totalBytes="20840064" >
  <allocated-bytes non-tlh="0" tlh="20840064" arrayletleaf="0"/>
  <largest-consumer threadName="main" threadId="000000000096B700" bytes="10420032" />
</allocation-stats>
<gc-op id="4657" type="copy forward" timems="1.554" contextid="4654" timestamp="2019-07-07T05:36:22.858">
  <memory-copied type="eden" objects="1" bytes="24" bytesdiscarded="0" />
  <memory-copied type="other" objects="0" bytes="0" bytesdiscarded="0" />
  <memory-cardclean objects="10" bytes="424" />
  <regions eden="20" other="1" />
  <remembered-set-cleared processed="70204" cleared="6" durationms="0.467" />
  <stringconstants candidates="13721" cleared="0"  />
</gc-op>
<gc-op id="4658" type="classunload" timems="0.003" contextid="4654" timestamp="2019-07-07T05:36:22.858">
  <classunload-info classloadercandidates="54" classloadersunloaded="0" classesunloaded="0" anonymousclassesunloaded="0" quiescems="0.000" setupms="0.003" scanms="0.000" postms="0.000" />
</gc-op>
<gc-end id="4659" type="partial gc" contextid="4654" durationms="2.643" usertimems="0.000" systemtimems="0.000" timestamp="2019-07-07T05:36:22.858" activeThreads="1">
  <mem-info id="4660" free="37748736" total="61865984" percent="61">
    <mem type="eden" free="1048552" total="1048576" percent="99" />
    <remembered-set count="72192" freebytes="2180736" totalbytes="2469504" percent="88" regionsoverflowed="0" regionsstable="0" regionsrebuilding="18"/>
  </mem-info>
</gc-end>
<cycle-end id="4661" type="partial gc" contextid="4654" timestamp="2019-07-07T05:36:22.858" />
  <attribute name="elasticGC enabled" value="1" />
  <attribute name= "numThreadsSpecified" value="1" />
  <attribute name="heapSize specified" value="0" />
  <attribute name="Current GC Util" value="161" />
  <attribute name= "Current Time Running" value="23550" />
  <attribute name ="GC Interval" value="0" />
  <attribute name="ProportionalT" value="70.500000" />
  <attribute name="ProportionalI" value="70.500000" />
  <attribute name="ProportionalH" value="70.500000" />
  <attribute name="Current Error" value="141.000000" />
  <attribute name="IntegralT" value="0.000000" />
  <attribute name="IntegralI" value="0.000000" />
  <attribute name="IntegralH" value="0.000000" />
  <attribute name="DerivativeT" value="inf" />
  <attribute name="DerivativeI" value="inf" />
  <attribute name="DerivativeH" value="inf" />
  <attribute name="Loop Time for DT" value="0.000000" />
  <attribute name="Output H" value="8388608"/>
  <attribute name="Output I" value="200"/>
  <attribute name="Output T" value="1"/>
  <attribute name="Target GC Util Change" value ="20.000000" />
  <attribute name="Current GC Util Change" value="161.000000"/>
  <attribute name="GC Util currently" value="161" />
  <attribute name="CPU Util currently" value="11903674745252" />
<exclusive-end id="4662" timestamp="2019-07-07T05:36:22.858" durationms="3.455" />

<exclusive-start id="4663" timestamp="2019-07-07T05:36:22.862" intervalms="6.848">
  <response-info timems="0.066" idlems="0.066" threads="0" lastid="000000000096B700" lastname="main" />
</exclusive-start>
<allocation-taxation id="4664" taxation-threshold="10485760" timestamp="2019-07-07T05:36:22.862" intervalms="6.852" />
<gc-start id="4665" type="global mark phase" contextid="4543" timestamp="2019-07-07T05:36:22.862">
  <mem-info id="4666" free="27262976" total="61865984" percent="44">
    <remembered-set count="71712" freebytes="2182656" totalbytes="2469504" percent="88" regionsoverflowed="0" regionsstable="0" regionsrebuilding="18"/>
  </mem-info>
</gc-start>
<gc-end id="4667" type="global mark phase" contextid="4543" durationms="0.104" usertimems="0.000" systemtimems="0.000" timestamp="2019-07-07T05:36:22.862" activeThreads="1">
  <mem-info id="4668" free="27262976" total="61865984" percent="44">
    <remembered-set count="71712" freebytes="2182656" totalbytes="2469504" percent="88" regionsoverflowed="0" regionsstable="0" regionsrebuilding="18"/>
  </mem-info>
</gc-end>
<concurrent-start id="4669" type="GMP work packet processing" contextid="4543" timestamp="2019-07-07T05:36:22.862">
  <concurrent-mark-start scanTarget="1048576" />
</concurrent-start>
<exclusive-end id="4670" timestamp="2019-07-07T05:36:22.862" durationms="0.597" />

<concurrent-end id="4671" type="GMP work packet processing" contextid="4543" timestamp="2019-07-07T05:36:22.863">
  <concurrent-mark-end bytesScanned="1081352" reasonForTermination="Work target met" />
</concurrent-end>

<exclusive-start id="4672" timestamp="2019-07-07T05:36:22.866" intervalms="4.872">
  <response-info timems="0.058" idlems="0.058" threads="0" lastid="000000000096B700" lastname="main" />
</exclusive-start>
<allocation-taxation id="4673" taxation-threshold="10485760" timestamp="2019-07-07T05:36:22.867" intervalms="4.822" />
<cycle-start id="4674" type="partial gc" contextid="0" timestamp="2019-07-07T05:36:22.867" intervalms="11.600" />
<gc-start id="4675" type="partial gc" contextid="4674" timestamp="2019-07-07T05:36:22.867">
  <mem-info id="4676" free="16777216" total="61865984" percent="27">
    <mem type="eden" free="1048552" total="22020096" percent="4" />
    <remembered-set count="80608" freebytes="2147072" totalbytes="2469504" percent="86" regionsoverflowed="0" regionsstable="0" regionsrebuilding="18"/>
  </mem-info>
</gc-start>
<allocation-stats totalBytes="20840064" >
  <allocated-bytes non-tlh="0" tlh="20840064" arrayletleaf="0"/>
  <largest-consumer threadName="main" threadId="000000000096B700" bytes="10420032" />
</allocation-stats>
<gc-op id="4677" type="copy forward" timems="1.573" contextid="4674" timestamp="2019-07-07T05:36:22.869">
  <memory-copied type="eden" objects="1" bytes="24" bytesdiscarded="0" />
  <memory-copied type="other" objects="0" bytes="0" bytesdiscarded="0" />
  <memory-cardclean objects="10" bytes="424" />
  <regions eden="20" other="1" />
  <remembered-set-cleared processed="78692" cleared="6" durationms="0.509" />
  <stringconstants candidates="13721" cleared="0"  />
</gc-op>
<gc-op id="4678" type="classunload" timems="0.003" contextid="4674" timestamp="2019-07-07T05:36:22.869">
  <classunload-info classloadercandidates="54" classloadersunloaded="0" classesunloaded="0" anonymousclassesunloaded="0" quiescems="0.000" setupms="0.003" scanms="0.000" postms="0.000" />
</gc-op>
<gc-end id="4679" type="partial gc" contextid="4674" durationms="2.594" usertimems="0.000" systemtimems="4.000" timestamp="2019-07-07T05:36:22.869" activeThreads="1">
  <mem-info id="4680" free="37748736" total="61865984" percent="61">
    <mem type="eden" free="1048552" total="1048576" percent="99" />
    <remembered-set count="81088" freebytes="2145152" totalbytes="2469504" percent="86" regionsoverflowed="0" regionsstable="0" regionsrebuilding="18"/>
  </mem-info>
</gc-end>
<cycle-end id="4681" type="partial gc" contextid="4674" timestamp="2019-07-07T05:36:22.870" />
  <attribute name="elasticGC enabled" value="1" />
  <attribute name= "numThreadsSpecified" value="1" />
  <attribute name="heapSize specified" value="0" />
  <attribute name="Current GC Util" value="160" />
  <attribute name= "Current Time Running" value="23562" />
  <attribute name ="GC Interval" value="0" />
  <attribute name="ProportionalT" value="70.000000" />
  <attribute name="ProportionalI" value="70.000000" />
  <attribute name="ProportionalH" value="70.000000" />
  <attribute name="Current Error" value="140.000000" />
  <attribute name="IntegralT" value="0.000000" />
  <attribute name="IntegralI" value="0.000000" />
  <attribute name="IntegralH" value="0.000000" />
  <attribute name="DerivativeT" value="inf" />
  <attribute name="DerivativeI" value="inf" />
  <attribute name="DerivativeH" value="inf" />
  <attribute name="Loop Time for DT" value="0.000000" />
  <attribute name="Output H" value="8388608"/>
  <attribute name="Output I" value="200"/>
  <attribute name="Output T" value="1"/>
  <attribute name="Target GC Util Change" value ="20.000000" />
  <attribute name="Current GC Util Change" value="160.000000"/>
  <attribute name="GC Util currently" value="160" />
  <attribute name="CPU Util currently" value="13888821503167" />
<exclusive-end id="4682" timestamp="2019-07-07T05:36:22.870" durationms="3.303" />

<exclusive-start id="4683" timestamp="2019-07-07T05:36:22.873" intervalms="6.733">
  <response-info timems="0.074" idlems="0.074" threads="0" lastid="000000000096B700" lastname="main" />
</exclusive-start>
<allocation-taxation id="4684" taxation-threshold="10485760" timestamp="2019-07-07T05:36:22.873" intervalms="6.801" />
<gc-start id="4685" type="global mark phase" contextid="4543" timestamp="2019-07-07T05:36:22.874">
  <mem-info id="4686" free="27262976" total="61865984" percent="44">
    <remembered-set count="80608" freebytes="2147072" totalbytes="2469504" percent="86" regionsoverflowed="0" regionsstable="0" regionsrebuilding="18"/>
  </mem-info>
</gc-start>
<gc-end id="4687" type="global mark phase" contextid="4543" durationms="0.150" usertimems="0.000" systemtimems="0.000" timestamp="2019-07-07T05:36:22.874" activeThreads="1">
  <mem-info id="4688" free="27262976" total="61865984" percent="44">
    <remembered-set count="80608" freebytes="2147072" totalbytes="2469504" percent="86" regionsoverflowed="0" regionsstable="0" regionsrebuilding="18"/>
  </mem-info>
</gc-end>
<concurrent-start id="4689" type="GMP work packet processing" contextid="4543" timestamp="2019-07-07T05:36:22.874">
  <concurrent-mark-start scanTarget="1048576" />
</concurrent-start>
<exclusive-end id="4690" timestamp="2019-07-07T05:36:22.874" durationms="0.809" />

<concurrent-end id="4691" type="GMP work packet processing" contextid="4543" timestamp="2019-07-07T05:36:22.875">
  <concurrent-mark-end bytesScanned="1093924" reasonForTermination="Work target met" />
</concurrent-end>

<exclusive-start id="4692" timestamp="2019-07-07T05:36:22.878" intervalms="5.232">
  <response-info timems="0.036" idlems="0.036" threads="0" lastid="000000000096B700" lastname="main" />
</exclusive-start>
<allocation-taxation id="4693" taxation-threshold="10485760" timestamp="2019-07-07T05:36:22.879" intervalms="5.193" />
<cycle-start id="4694" type="partial gc" contextid="0" timestamp="2019-07-07T05:36:22.879" intervalms="12.063" />
<gc-start id="4695" type="partial gc" contextid="4694" timestamp="2019-07-07T05:36:22.879">
  <mem-info id="4696" free="16777216" total="61865984" percent="27">
    <mem type="eden" free="1048552" total="22020096" percent="4" />
    <remembered-set count="92736" freebytes="2098560" totalbytes="2469504" percent="84" regionsoverflowed="0" regionsstable="0" regionsrebuilding="18"/>
  </mem-info>
</gc-start>
<allocation-stats totalBytes="20840064" >
  <allocated-bytes non-tlh="0" tlh="20840064" arrayletleaf="0"/>
  <largest-consumer threadName="main" threadId="000000000096B700" bytes="10420032" />
</allocation-stats>
<gc-op id="4697" type="copy forward" timems="1.662" contextid="4694" timestamp="2019-07-07T05:36:22.881">
  <memory-copied type="eden" objects="1" bytes="24" bytesdiscarded="0" />
  <memory-copied type="other" objects="0" bytes="0" bytesdiscarded="0" />
  <memory-cardclean objects="10" bytes="424" />
  <regions eden="20" other="1" />
  <remembered-set-cleared processed="90335" cleared="6" durationms="0.567" />
  <stringconstants candidates="13721" cleared="0"  />
</gc-op>
<gc-op id="4698" type="classunload" timems="0.004" contextid="4694" timestamp="2019-07-07T05:36:22.882">
  <classunload-info classloadercandidates="54" classloadersunloaded="0" classesunloaded="0" anonymousclassesunloaded="0" quiescems="0.000" setupms="0.004" scanms="0.000" postms="0.000" />
</gc-op>
<gc-end id="4699" type="partial gc" contextid="4694" durationms="2.767" usertimems="4.000" systemtimems="0.000" timestamp="2019-07-07T05:36:22.882" activeThreads="1">
  <mem-info id="4700" free="37748736" total="61865984" percent="61">
    <mem type="eden" free="1048552" total="1048576" percent="99" />
    <remembered-set count="93216" freebytes="2096640" totalbytes="2469504" percent="84" regionsoverflowed="0" regionsstable="0" regionsrebuilding="18"/>
  </mem-info>
</gc-end>
<cycle-end id="4701" type="partial gc" contextid="4694" timestamp="2019-07-07T05:36:22.882" />
  <attribute name="elasticGC enabled" value="1" />
  <attribute name= "numThreadsSpecified" value="1" />
  <attribute name="heapSize specified" value="0" />
  <attribute name="Current GC Util" value="164" />
  <attribute name= "Current Time Running" value="23574" />
  <attribute name ="GC Interval" value="0" />
  <attribute name="ProportionalT" value="72.000000" />
  <attribute name="ProportionalI" value="72.000000" />
  <attribute name="ProportionalH" value="72.000000" />
  <attribute name="Current Error" value="144.000000" />
  <attribute name="IntegralT" value="0.000000" />
  <attribute name="IntegralI" value="0.000000" />
  <attribute name="IntegralH" value="0.000000" />
  <attribute name="DerivativeT" value="inf" />
  <attribute name="DerivativeI" value="inf" />
  <attribute name="DerivativeH" value="inf" />
  <attribute name="Loop Time for DT" value="0.000000" />
  <attribute name="Output H" value="8388608"/>
  <attribute name="Output I" value="200"/>
  <attribute name="Output T" value="1"/>
  <attribute name="Target GC Util Change" value ="20.000000" />
  <attribute name="Current GC Util Change" value="164.000000"/>
  <attribute name="GC Util currently" value="164" />
  <attribute name="CPU Util currently" value="13645817675112" />
<exclusive-end id="4702" timestamp="2019-07-07T05:36:22.882" durationms="3.650" />

<exclusive-start id="4703" timestamp="2019-07-07T05:36:22.885" intervalms="7.030">
  <response-info timems="0.074" idlems="0.074" threads="0" lastid="000000000096B700" lastname="main" />
</exclusive-start>
<allocation-taxation id="4704" taxation-threshold="10485760" timestamp="2019-07-07T05:36:22.886" intervalms="7.072" />
<gc-start id="4705" type="global mark phase" contextid="4543" timestamp="2019-07-07T05:36:22.886">
  <mem-info id="4706" free="27262976" total="61865984" percent="44">
    <remembered-set count="92736" freebytes="2098560" totalbytes="2469504" percent="84" regionsoverflowed="0" regionsstable="0" regionsrebuilding="18"/>
  </mem-info>
</gc-start>
<gc-end id="4707" type="global mark phase" contextid="4543" durationms="0.162" usertimems="0.000" systemtimems="0.000" timestamp="2019-07-07T05:36:22.886" activeThreads="1">
  <mem-info id="4708" free="27262976" total="61865984" percent="44">
    <remembered-set count="92736" freebytes="2098560" totalbytes="2469504" percent="84" regionsoverflowed="0" regionsstable="0" regionsrebuilding="18"/>
  </mem-info>
</gc-end>
<concurrent-start id="4709" type="GMP work packet processing" contextid="4543" timestamp="2019-07-07T05:36:22.886">
  <concurrent-mark-start scanTarget="1048576" />
</concurrent-start>
<exclusive-end id="4710" timestamp="2019-07-07T05:36:22.886" durationms="0.807" />

<concurrent-end id="4711" type="GMP work packet processing" contextid="4543" timestamp="2019-07-07T05:36:22.887">
  <concurrent-mark-end bytesScanned="1087772" reasonForTermination="Work target met" />
</concurrent-end>

<exclusive-start id="4712" timestamp="2019-07-07T05:36:22.891" intervalms="5.095">
  <response-info timems="0.053" idlems="0.053" threads="0" lastid="000000000096B700" lastname="main" />
</exclusive-start>
<allocation-taxation id="4713" taxation-threshold="10485760" timestamp="2019-07-07T05:36:22.891" intervalms="5.072" />
<cycle-start id="4714" type="partial gc" contextid="0" timestamp="2019-07-07T05:36:22.891" intervalms="12.221" />
<gc-start id="4715" type="partial gc" contextid="4714" timestamp="2019-07-07T05:36:22.891">
  <mem-info id="4716" free="16777216" total="61865984" percent="27">
    <mem type="eden" free="1048552" total="22020096" percent="4" />
    <remembered-set count="110240" freebytes="2028544" totalbytes="2469504" percent="82" regionsoverflowed="0" regionsstable="0" regionsrebuilding="18"/>
  </mem-info>
</gc-start>
<allocation-stats totalBytes="20840064" >
  <allocated-bytes non-tlh="0" tlh="20840064" arrayletleaf="0"/>
  <largest-consumer threadName="main" threadId="000000000096B700" bytes="10420032" />
</allocation-stats>
<gc-op id="4717" type="copy forward" timems="1.756" contextid="4714" timestamp="2019-07-07T05:36:22.894">
  <memory-copied type="eden" objects="1" bytes="24" bytesdiscarded="0" />
  <memory-copied type="other" objects="0" bytes="0" bytesdiscarded="0" />
  <memory-cardclean objects="10" bytes="424" />
  <regions eden="20" other="1" />
  <remembered-set-cleared processed="108316" cleared="6" durationms="0.674" />
  <stringconstants candidates="13721" cleared="0"  />
</gc-op>
<gc-op id="4718" type="classunload" timems="0.003" contextid="4714" timestamp="2019-07-07T05:36:22.894">
  <classunload-info classloadercandidates="54" classloadersunloaded="0" classesunloaded="0" anonymousclassesunloaded="0" quiescems="0.000" setupms="0.003" scanms="0.000" postms="0.000" />
</gc-op>
<gc-end id="4719" type="partial gc" contextid="4714" durationms="2.875" usertimems="4.000" systemtimems="0.000" timestamp="2019-07-07T05:36:22.894" activeThreads="1">
  <mem-info id="4720" free="37748736" total="61865984" percent="61">
    <mem type="eden" free="1048552" total="1048576" percent="99" />
    <remembered-set count="110720" freebytes="2026624" totalbytes="2469504" percent="82" regionsoverflowed="0" regionsstable="0" regionsrebuilding="18"/>
  </mem-info>
</gc-end>
<cycle-end id="4721" type="partial gc" contextid="4714" timestamp="2019-07-07T05:36:22.894" />
  <attribute name="elasticGC enabled" value="1" />
  <attribute name= "numThreadsSpecified" value="1" />
  <attribute name="heapSize specified" value="0" />
  <attribute name="Current GC Util" value="209" />
  <attribute name= "Current Time Running" value="23586" />
  <attribute name ="GC Interval" value="0" />
  <attribute name="ProportionalT" value="94.500000" />
  <attribute name="ProportionalI" value="94.500000" />
  <attribute name="ProportionalH" value="94.500000" />
  <attribute name="Current Error" value="189.000000" />
  <attribute name="IntegralT" value="0.000000" />
  <attribute name="IntegralI" value="0.000000" />
  <attribute name="IntegralH" value="0.000000" />
  <attribute name="DerivativeT" value="inf" />
  <attribute name="DerivativeI" value="inf" />
  <attribute name="DerivativeH" value="inf" />
  <attribute name="Loop Time for DT" value="0.000000" />
  <attribute name="Output H" value="8388608"/>
  <attribute name="Output I" value="200"/>
  <attribute name="Output T" value="1"/>
  <attribute name="Target GC Util Change" value ="20.000000" />
  <attribute name="Current GC Util Change" value="209.000000"/>
  <attribute name="GC Util currently" value="209" />
  <attribute name="CPU Util currently" value="13107450205764" />
<exclusive-end id="4722" timestamp="2019-07-07T05:36:22.894" durationms="3.854" />

<exclusive-start id="4723" timestamp="2019-07-07T05:36:22.898" intervalms="7.261">
  <response-info timems="0.076" idlems="0.076" threads="0" lastid="000000000096B700" lastname="main" />
</exclusive-start>
<allocation-taxation id="4724" taxation-threshold="10485760" timestamp="2019-07-07T05:36:22.898" intervalms="7.310" />
<gc-start id="4725" type="global mark phase" contextid="4543" timestamp="2019-07-07T05:36:22.898">
  <mem-info id="4726" free="27262976" total="61865984" percent="44">
    <remembered-set count="110240" freebytes="2028544" totalbytes="2469504" percent="82" regionsoverflowed="0" regionsstable="0" regionsrebuilding="18"/>
  </mem-info>
</gc-start>
<gc-end id="4727" type="global mark phase" contextid="4543" durationms="0.134" usertimems="0.000" systemtimems="0.000" timestamp="2019-07-07T05:36:22.898" activeThreads="1">
  <mem-info id="4728" free="27262976" total="61865984" percent="44">
    <remembered-set count="110240" freebytes="2028544" totalbytes="2469504" percent="82" regionsoverflowed="0" regionsstable="0" regionsrebuilding="18"/>
  </mem-info>
</gc-end>
<concurrent-start id="4729" type="GMP work packet processing" contextid="4543" timestamp="2019-07-07T05:36:22.899">
  <concurrent-mark-start scanTarget="1048576" />
</concurrent-start>
<exclusive-end id="4730" timestamp="2019-07-07T05:36:22.899" durationms="1.612" />

<concurrent-end id="4731" type="GMP work packet processing" contextid="4543" timestamp="2019-07-07T05:36:22.900">
  <concurrent-mark-end bytesScanned="1093300" reasonForTermination="Work target met" />
</concurrent-end>

<exclusive-start id="4732" timestamp="2019-07-07T05:36:22.903" intervalms="5.004">
  <response-info timems="0.055" idlems="0.055" threads="0" lastid="000000000096B700" lastname="main" />
</exclusive-start>
<allocation-taxation id="4733" taxation-threshold="10485760" timestamp="2019-07-07T05:36:22.903" intervalms="5.007" />
<cycle-start id="4734" type="partial gc" contextid="0" timestamp="2019-07-07T05:36:22.903" intervalms="12.309" />
<gc-start id="4735" type="partial gc" contextid="4734" timestamp="2019-07-07T05:36:22.903">
  <mem-info id="4736" free="16777216" total="61865984" percent="27">
    <mem type="eden" free="1048552" total="22020096" percent="4" />
    <remembered-set count="117472" freebytes="1999616" totalbytes="2469504" percent="80" regionsoverflowed="0" regionsstable="0" regionsrebuilding="18"/>
  </mem-info>
</gc-start>
<allocation-stats totalBytes="20840064" >
  <allocated-bytes non-tlh="0" tlh="20840064" arrayletleaf="0"/>
  <largest-consumer threadName="main" threadId="000000000096B700" bytes="10420032" />
</allocation-stats>
<gc-op id="4737" type="copy forward" timems="3.048" contextid="4734" timestamp="2019-07-07T05:36:22.907">
  <memory-copied type="eden" objects="1" bytes="24" bytesdiscarded="0" />
  <memory-copied type="other" objects="0" bytes="0" bytesdiscarded="0" />
  <memory-cardclean objects="10" bytes="424" />
  <regions eden="20" other="1" />
  <remembered-set-cleared processed="115551" cleared="6" durationms="0.393" />
  <stringconstants candidates="13721" cleared="0"  />
</gc-op>
<gc-op id="4738" type="classunload" timems="0.003" contextid="4734" timestamp="2019-07-07T05:36:22.907">
  <classunload-info classloadercandidates="54" classloadersunloaded="0" classesunloaded="0" anonymousclassesunloaded="0" quiescems="0.000" setupms="0.003" scanms="0.000" postms="0.000" />
</gc-op>
<gc-end id="4739" type="partial gc" contextid="4734" durationms="4.126" usertimems="4.000" systemtimems="4.000" timestamp="2019-07-07T05:36:22.908" activeThreads="4">
  <mem-info id="4740" free="37748736" total="61865984" percent="61">
    <mem type="eden" free="1048552" total="1048576" percent="99" />
    <remembered-set count="117504" freebytes="1999488" totalbytes="2469504" percent="80" regionsoverflowed="0" regionsstable="0" regionsrebuilding="18"/>
  </mem-info>
</gc-end>
<cycle-end id="4741" type="partial gc" contextid="4734" timestamp="2019-07-07T05:36:22.908" />
  <attribute name="elasticGC enabled" value="1" />
  <attribute name= "numThreadsSpecified" value="4" />
  <attribute name="heapSize specified" value="0" />
  <attribute name="Current GC Util" value="164" />
  <attribute name= "Current Time Running" value="23599" />
  <attribute name ="GC Interval" value="0" />
  <attribute name="ProportionalT" value="72.000000" />
  <attribute name="ProportionalI" value="72.000000" />
  <attribute name="ProportionalH" value="72.000000" />
  <attribute name="Current Error" value="144.000000" />
  <attribute name="IntegralT" value="72.000000" />
  <attribute name="IntegralI" value="72.000000" />
  <attribute name="IntegralH" value="72.000000" />
  <attribute name="DerivativeT" value="109.000000" />
  <attribute name="DerivativeI" value="109.000000" />
  <attribute name="DerivativeH" value="109.000000" />
  <attribute name="Loop Time for DT" value="1.000000" />
  <attribute name="Output H" value="8388608"/>
  <attribute name="Output I" value="256"/>
  <attribute name="Output T" value="4"/>
  <attribute name="Target GC Util Change" value ="20.000000" />
  <attribute name="Current GC Util Change" value="164.000000"/>
  <attribute name="GC Util currently" value="164" />
  <attribute name="CPU Util currently" value="13935448847178" />
<exclusive-end id="4742" timestamp="2019-07-07T05:36:22.908" durationms="5.103" />

<exclusive-start id="4743" timestamp="2019-07-07T05:36:22.911" intervalms="8.489">
  <response-info timems="0.074" idlems="0.074" threads="0" lastid="000000000096B700" lastname="main" />
</exclusive-start>
<allocation-taxation id="4744" taxation-threshold="10485760" timestamp="2019-07-07T05:36:22.911" intervalms="8.433" />
<gc-start id="4745" type="global mark phase" contextid="4543" timestamp="2019-07-07T05:36:22.912">
  <mem-info id="4746" free="27262976" total="61865984" percent="44">
    <remembered-set count="117504" freebytes="1999488" totalbytes="2469504" percent="80" regionsoverflowed="0" regionsstable="0" regionsrebuilding="18"/>
  </mem-info>
</gc-start>
<gc-end id="4747" type="global mark phase" contextid="4543" durationms="0.104" usertimems="0.000" systemtimems="0.000" timestamp="2019-07-07T05:36:22.912" activeThreads="4">
  <mem-info id="4748" free="27262976" total="61865984" percent="44">
    <remembered-set count="117504" freebytes="1999488" totalbytes="2469504" percent="80" regionsoverflowed="0" regionsstable="0" regionsrebuilding="18"/>
  </mem-info>
</gc-end>
<concurrent-start id="4749" type="GMP work packet processing" contextid="4543" timestamp="2019-07-07T05:36:22.912">
  <concurrent-mark-start scanTarget="1555771" />
</concurrent-start>
<exclusive-end id="4750" timestamp="2019-07-07T05:36:22.912" durationms="0.704" />

<concurrent-end id="4751" type="GMP work packet processing" contextid="4543" timestamp="2019-07-07T05:36:22.913">
  <concurrent-mark-end bytesScanned="504888" reasonForTermination="Completed all work in GC phase" />
</concurrent-end>

<exclusive-start id="4752" timestamp="2019-07-07T05:36:22.916" intervalms="4.669">
  <response-info timems="0.066" idlems="0.066" threads="0" lastid="000000000096B700" lastname="main" />
</exclusive-start>
<allocation-taxation id="4753" taxation-threshold="10485760" timestamp="2019-07-07T05:36:22.916" intervalms="4.661" />
<cycle-start id="4754" type="partial gc" contextid="0" timestamp="2019-07-07T05:36:22.916" intervalms="12.996" />
<gc-start id="4755" type="partial gc" contextid="4754" timestamp="2019-07-07T05:36:22.916">
  <mem-info id="4756" free="16777216" total="61865984" percent="27">
    <mem type="eden" free="1048552" total="22020096" percent="4" />
    <remembered-set count="126400" freebytes="1963904" totalbytes="2469504" percent="79" regionsoverflowed="0" regionsstable="0" regionsrebuilding="18"/>
  </mem-info>
</gc-start>
<allocation-stats totalBytes="20840064" >
  <allocated-bytes non-tlh="0" tlh="20840064" arrayletleaf="0"/>
  <largest-consumer threadName="main" threadId="000000000096B700" bytes="10420032" />
</allocation-stats>
<gc-op id="4757" type="copy forward" timems="3.284" contextid="4754" timestamp="2019-07-07T05:36:22.921">
  <memory-copied type="eden" objects="1" bytes="24" bytesdiscarded="0" />
  <memory-copied type="other" objects="0" bytes="0" bytesdiscarded="0" />
  <memory-cardclean objects="10" bytes="424" />
  <regions eden="20" other="1" />
  <remembered-set-cleared processed="124154" cleared="6" durationms="0.382" />
  <stringconstants candidates="13721" cleared="0"  />
</gc-op>
<gc-op id="4758" type="classunload" timems="0.004" contextid="4754" timestamp="2019-07-07T05:36:22.921">
  <classunload-info classloadercandidates="54" classloadersunloaded="0" classesunloaded="0" anonymousclassesunloaded="0" quiescems="0.000" setupms="0.004" scanms="0.000" postms="0.000" />
</gc-op>
<gc-end id="4759" type="partial gc" contextid="4754" durationms="4.415" usertimems="8.000" systemtimems="0.000" timestamp="2019-07-07T05:36:22.921" activeThreads="4">
  <mem-info id="4760" free="37748736" total="61865984" percent="61">
    <mem type="eden" free="1048552" total="1048576" percent="99" />
    <remembered-set count="126080" freebytes="1965184" totalbytes="2469504" percent="79" regionsoverflowed="0" regionsstable="0" regionsrebuilding="18"/>
  </mem-info>
</gc-end>
<cycle-end id="4761" type="partial gc" contextid="4754" timestamp="2019-07-07T05:36:22.921" />
  <attribute name="elasticGC enabled" value="1" />
  <attribute name= "numThreadsSpecified" value="4" />
  <attribute name="heapSize specified" value="0" />
  <attribute name="Current GC Util" value="164" />
  <attribute name= "Current Time Running" value="23612" />
  <attribute name ="GC Interval" value="0" />
  <attribute name="ProportionalT" value="72.000000" />
  <attribute name="ProportionalI" value="72.000000" />
  <attribute name="ProportionalH" value="72.000000" />
  <attribute name="Current Error" value="144.000000" />
  <attribute name="IntegralT" value="72.000000" />
  <attribute name="IntegralI" value="72.000000" />
  <attribute name="IntegralH" value="72.000000" />
  <attribute name="DerivativeT" value="125.000000" />
  <attribute name="DerivativeI" value="125.000000" />
  <attribute name="DerivativeH" value="125.000000" />
  <attribute name="Loop Time for DT" value="1.000000" />
  <attribute name="Output H" value="8388608"/>
  <attribute name="Output I" value="272"/>
  <attribute name="Output T" value="4"/>
  <attribute name="Target GC Util Change" value ="20.000000" />
  <attribute name="Current GC Util Change" value="164.000000"/>
  <attribute name="GC Util currently" value="164" />
  <attribute name="CPU Util currently" value="13851069709473" />
<exclusive-end id="4762" timestamp="2019-07-07T05:36:22.921" durationms="5.114" />

<exclusive-start id="4763" timestamp="2019-07-07T05:36:22.924" intervalms="8.463">
  <response-info timems="0.074" idlems="0.074" threads="0" lastid="000000000096B700" lastname="main" />
</exclusive-start>
<allocation-taxation id="4764" taxation-threshold="10485760" timestamp="2019-07-07T05:36:22.925" intervalms="8.476" />
<gc-start id="4765" type="global mark phase" contextid="4543" timestamp="2019-07-07T05:36:22.925">
  <mem-info id="4766" free="27262976" total="61865984" percent="44">
    <remembered-set count="126080" freebytes="1965184" totalbytes="2469504" percent="79" regionsoverflowed="0" regionsstable="0" regionsrebuilding="18"/>
  </mem-info>
</gc-start>
<gc-op id="4767" type="mark increment" timems="3.893" contextid="4543" timestamp="2019-07-07T05:36:22.929">
  <trace-info objectcount="34" scancount="32" scanbytes="115544" />
  <cardclean-info objects="24325" bytes="860048" />
  <finalization candidates="80" enqueued="0" />
  <ownableSynchronizers candidates="21" cleared="0" />
  <references type="soft" candidates="4290" cleared="706" enqueued="705" dynamicThreshold="19" maxThreshold="32" />
  <references type="weak" candidates="5714" cleared="0" enqueued="0" />
  <references type="phantom" candidates="101" cleared="0" enqueued="0" />
  <stringconstants candidates="13721" cleared="0"  />
</gc-op>
<gc-op id="4768" type="classunload" timems="0.004" contextid="4543" timestamp="2019-07-07T05:36:22.929">
  <classunload-info classloadercandidates="54" classloadersunloaded="0" classesunloaded="0" anonymousclassesunloaded="0" quiescems="0.000" setupms="0.004" scanms="0.000" postms="0.000" />
</gc-op>
<gc-end id="4769" type="global mark phase" contextid="4543" durationms="4.284" usertimems="8.000" systemtimems="0.000" timestamp="2019-07-07T05:36:22.929" activeThreads="4">
  <mem-info id="4770" free="27262976" total="61865984" percent="44">
    <pending-finalizers system="0" default="0" reference="705" classloader="0" />
    <remembered-set count="132736" freebytes="1938560" totalbytes="2469504" percent="78" regionsoverflowed="0" regionsstable="0" regionsrebuilding="0"/>
  </mem-info>
</gc-end>
<cycle-end id="4771" type="global mark phase" contextid="4543" timestamp="2019-07-07T05:36:22.929" />
  <attribute name="elasticGC enabled" value="1" />
  <attribute name= "numThreadsSpecified" value="4" />
  <attribute name="heapSize specified" value="0" />
  <attribute name="Current GC Util" value="182" />
  <attribute name= "Current Time Running" value="23621" />
  <attribute name ="GC Interval" value="0" />
  <attribute name="ProportionalT" value="81.000000" />
  <attribute name="ProportionalI" value="81.000000" />
  <attribute name="ProportionalH" value="81.000000" />
  <attribute name="Current Error" value="162.000000" />
  <attribute name="IntegralT" value="0.000000" />
  <attribute name="IntegralI" value="0.000000" />
  <attribute name="IntegralH" value="0.000000" />
  <attribute name="DerivativeT" value="-inf" />
  <attribute name="DerivativeI" value="-inf" />
  <attribute name="DerivativeH" value="-inf" />
  <attribute name="Loop Time for DT" value="0.000000" />
  <attribute name="Output H" value="2091843584"/>
  <attribute name="Output I" value="200"/>
  <attribute name="Output T" value="4"/>
  <attribute name="Target GC Util Change" value ="20.000000" />
  <attribute name="Current GC Util Change" value="182.000000"/>
  <attribute name="GC Util currently" value="182" />
  <attribute name="CPU Util currently" value="8333353133262" />
<exclusive-end id="4772" timestamp="2019-07-07T05:36:22.929" durationms="4.919" />

<exclusive-start id="4773" timestamp="2019-07-07T05:36:22.933" intervalms="8.330">
  <response-info timems="0.072" idlems="0.072" threads="0" lastid="000000000096B700" lastname="main" />
</exclusive-start>
<allocation-taxation id="4774" taxation-threshold="10485760" timestamp="2019-07-07T05:36:22.933" intervalms="8.374" />
<cycle-start id="4775" type="partial gc" contextid="0" timestamp="2019-07-07T05:36:22.933" intervalms="16.924" />
<gc-start id="4776" type="partial gc" contextid="4775" timestamp="2019-07-07T05:36:22.933">
  <mem-info id="4777" free="16777216" total="61865984" percent="27">
    <mem type="eden" free="1048552" total="22020096" percent="4" />
    <remembered-set count="992" freebytes="2465536" totalbytes="2469504" percent="99" regionsoverflowed="0" regionsstable="18" regionsrebuilding="0"/>
  </mem-info>
</gc-start>
<allocation-stats totalBytes="20837992" >
  <allocated-bytes non-tlh="0" tlh="20837992" arrayletleaf="0"/>
  <largest-consumer threadName="main" threadId="000000000096B700" bytes="10379088" />
</allocation-stats>
<gc-op id="4778" type="sweep" timems="1.015" contextid="4775" timestamp="2019-07-07T05:36:22.935" />
<gc-op id="4779" type="copy forward" timems="0.974" contextid="4775" timestamp="2019-07-07T05:36:22.936">
  <memory-copied type="eden" objects="2" bytes="2800" bytesdiscarded="0" />
  <memory-copied type="other" objects="0" bytes="0" bytesdiscarded="0" />
  <memory-cardclean objects="305" bytes="9920" />
  <regions eden="10" other="1" />
  <remembered-set-cleared processed="67" cleared="0" durationms="0.099" />
  <stringconstants candidates="13721" cleared="0"  />
</gc-op>
<gc-op id="4780" type="classunload" timems="0.004" contextid="4775" timestamp="2019-07-07T05:36:22.937">
  <classunload-info classloadercandidates="54" classloadersunloaded="0" classesunloaded="0" anonymousclassesunloaded="0" quiescems="0.000" setupms="0.004" scanms="0.000" postms="0.000" />
</gc-op>
<gc-end id="4781" type="partial gc" contextid="4775" durationms="3.381" usertimems="8.000" systemtimems="0.000" timestamp="2019-07-07T05:36:22.937" activeThreads="1">
  <mem-info id="4782" free="37748736" total="61865984" percent="61">
    <mem type="eden" free="1045776" total="1048576" percent="99" />
    <remembered-set count="1472" freebytes="2463616" totalbytes="2469504" percent="99" regionsoverflowed="0" regionsstable="18" regionsrebuilding="0"/>
  </mem-info>
</gc-end>
<cycle-end id="4783" type="partial gc" contextid="4775" timestamp="2019-07-07T05:36:22.937" />
  <attribute name="elasticGC enabled" value="1" />
  <attribute name= "numThreadsSpecified" value="1" />
  <attribute name="heapSize specified" value="0" />
  <attribute name="Current GC Util" value="166" />
  <attribute name= "Current Time Running" value="23630" />
  <attribute name ="GC Interval" value="0" />
  <attribute name="ProportionalT" value="73.000000" />
  <attribute name="ProportionalI" value="73.000000" />
  <attribute name="ProportionalH" value="73.000000" />
  <attribute name="Current Error" value="146.000000" />
  <attribute name="IntegralT" value="0.000000" />
  <attribute name="IntegralI" value="0.000000" />
  <attribute name="IntegralH" value="0.000000" />
  <attribute name="DerivativeT" value="inf" />
  <attribute name="DerivativeI" value="inf" />
  <attribute name="DerivativeH" value="inf" />
  <attribute name="Loop Time for DT" value="0.000000" />
  <attribute name="Output H" value="8388608"/>
  <attribute name="Output I" value="200"/>
  <attribute name="Output T" value="1"/>
  <attribute name="Target GC Util Change" value ="20.000000" />
  <attribute name="Current GC Util Change" value="166.000000"/>
  <attribute name="GC Util currently" value="166" />
  <attribute name="CPU Util currently" value="14246394005450" />
<exclusive-end id="4784" timestamp="2019-07-07T05:36:22.937" durationms="4.339" />

<exclusive-start id="4785" timestamp="2019-07-07T05:36:22.944" intervalms="11.241">
  <response-info timems="0.075" idlems="0.075" threads="0" lastid="000000000096B700" lastname="main" />
</exclusive-start>
<allocation-taxation id="4786" taxation-threshold="22020096" timestamp="2019-07-07T05:36:22.944" intervalms="11.209" />
<cycle-start id="4787" type="partial gc" contextid="0" timestamp="2019-07-07T05:36:22.944" intervalms="11.189" />
<gc-start id="4788" type="partial gc" contextid="4787" timestamp="2019-07-07T05:36:22.945">
  <mem-info id="4789" free="15728640" total="61865984" percent="25">
    <mem type="eden" free="0" total="22020096" percent="0" />
    <remembered-set count="992" freebytes="2465536" totalbytes="2469504" percent="99" regionsoverflowed="0" regionsstable="18" regionsrebuilding="0"/>
  </mem-info>
</gc-start>
<allocation-stats totalBytes="21882072" >
  <allocated-bytes non-tlh="0" tlh="21882072" arrayletleaf="0"/>
  <largest-consumer threadName="main" threadId="000000000096B700" bytes="21882072" />
</allocation-stats>
<gc-op id="4790" type="copy forward" timems="3.164" contextid="4787" timestamp="2019-07-07T05:36:22.948">
  <memory-copied type="eden" objects="1" bytes="24" bytesdiscarded="0" />
  <memory-copied type="other" objects="2564" bytes="149080" bytesdiscarded="12200" />
  <memory-cardclean objects="473" bytes="30920" />
  <regions eden="21" other="4" />
  <remembered-set-cleared processed="4" cleared="0" durationms="0.077" />
  <references type="soft" candidates="7" cleared="0" enqueued="0" dynamicThreshold="19" maxThreshold="32" />
  <references type="weak" candidates="141" cleared="0" enqueued="0" />
  <stringconstants candidates="13721" cleared="0"  />
</gc-op>
<gc-op id="4791" type="classunload" timems="0.003" contextid="4787" timestamp="2019-07-07T05:36:22.949">
  <classunload-info classloadercandidates="54" classloadersunloaded="0" classesunloaded="0" anonymousclassesunloaded="0" quiescems="0.000" setupms="0.003" scanms="0.000" postms="0.000" />
</gc-op>
<gc-end id="4792" type="partial gc" contextid="4787" durationms="4.201" usertimems="4.000" systemtimems="4.000" timestamp="2019-07-07T05:36:22.949" activeThreads="4">
  <mem-info id="4793" free="37748736" total="61865984" percent="61">
    <mem type="eden" free="1048552" total="1048576" percent="99" />
    <remembered-set count="1600" freebytes="2463104" totalbytes="2469504" percent="99" regionsoverflowed="0" regionsstable="18" regionsrebuilding="0"/>
  </mem-info>
</gc-end>
<cycle-end id="4794" type="partial gc" contextid="4787" timestamp="2019-07-07T05:36:22.949" />
  <attribute name="elasticGC enabled" value="1" />
  <attribute name= "numThreadsSpecified" value="4" />
  <attribute name="heapSize specified" value="0" />
  <attribute name="Current GC Util" value="0" />
  <attribute name= "Current Time Running" value="23640" />
  <attribute name ="GC Interval" value="0" />
  <attribute name="ProportionalT" value="-10.000000" />
  <attribute name="ProportionalI" value="-10.000000" />
  <attribute name="ProportionalH" value="-10.000000" />
  <attribute name="Current Error" value="-20.000000" />
  <attribute name="IntegralT" value="-10.000000" />
  <attribute name="IntegralI" value="-10.000000" />
  <attribute name="IntegralH" value="-10.000000" />
  <attribute name="DerivativeT" value="-22.000000" />
  <attribute name="DerivativeI" value="-22.000000" />
  <attribute name="DerivativeH" value="-22.000000" />
  <attribute name="Loop Time for DT" value="1.000000" />
  <attribute name="Output H" value="2091843584"/>
  <attribute name="Output I" value="200"/>
  <attribute name="Output T" value="4"/>
  <attribute name="Target GC Util Change" value ="20.000000" />
  <attribute name="Current GC Util Change" value="0.000000"/>
  <attribute name="GC Util currently" value="0" />
  <attribute name="CPU Util currently" value="14937602296685" />
<exclusive-end id="4795" timestamp="2019-07-07T05:36:22.949" durationms="5.076" />

<exclusive-start id="4796" timestamp="2019-07-07T05:36:22.975" intervalms="30.802">
  <response-info timems="0.074" idlems="0.074" threads="0" lastid="000000000096B700" lastname="main" />
</exclusive-start>
<allocation-taxation id="4797" taxation-threshold="22020096" timestamp="2019-07-07T05:36:22.975" intervalms="30.819" />
<cycle-start id="4798" type="partial gc" contextid="0" timestamp="2019-07-07T05:36:22.975" intervalms="30.825" />
<gc-start id="4799" type="partial gc" contextid="4798" timestamp="2019-07-07T05:36:22.975">
  <mem-info id="4800" free="15728640" total="61865984" percent="25">
    <mem type="eden" free="1048552" total="23068672" percent="4" />
    <remembered-set count="1600" freebytes="2463104" totalbytes="2469504" percent="99" regionsoverflowed="0" regionsstable="18" regionsrebuilding="0"/>
  </mem-info>
</gc-start>
<allocation-stats totalBytes="22013312" >
  <allocated-bytes non-tlh="0" tlh="22013312" arrayletleaf="0"/>
  <largest-consumer threadName="main" threadId="000000000096B700" bytes="22013312" />
</allocation-stats>
<gc-op id="4801" type="copy forward" timems="1.976" contextid="4798" timestamp="2019-07-07T05:36:22.978">
  <memory-copied type="eden" objects="150" bytes="4952" bytesdiscarded="720" />
  <memory-copied type="other" objects="6" bytes="144" bytesdiscarded="648" />
  <memory-cardclean objects="77" bytes="2688" />
  <regions eden="21" other="2" />
  <remembered-set-cleared processed="63" cleared="3" durationms="0.077" />
  <stringconstants candidates="13721" cleared="0"  />
</gc-op>
<gc-op id="4802" type="classunload" timems="0.004" contextid="4798" timestamp="2019-07-07T05:36:22.978">
  <classunload-info classloadercandidates="54" classloadersunloaded="0" classesunloaded="0" anonymousclassesunloaded="0" quiescems="0.000" setupms="0.004" scanms="0.000" postms="0.000" />
</gc-op>
<gc-end id="4803" type="partial gc" contextid="4798" durationms="3.058" usertimems="4.000" systemtimems="0.000" timestamp="2019-07-07T05:36:22.978" activeThreads="4">
  <mem-info id="4804" free="37748736" total="61865984" percent="61">
    <mem type="eden" free="1042904" total="1048576" percent="99" />
    <remembered-set count="1216" freebytes="2464640" totalbytes="2469504" percent="99" regionsoverflowed="0" regionsstable="18" regionsrebuilding="0"/>
  </mem-info>
</gc-end>
<cycle-end id="4805" type="partial gc" contextid="4798" timestamp="2019-07-07T05:36:22.979" />
  <attribute name="elasticGC enabled" value="1" />
  <attribute name= "numThreadsSpecified" value="4" />
  <attribute name="heapSize specified" value="0" />
  <attribute name="Current GC Util" value="151" />
  <attribute name= "Current Time Running" value="23671" />
  <attribute name ="GC Interval" value="0" />
  <attribute name="ProportionalT" value="65.500000" />
  <attribute name="ProportionalI" value="65.500000" />
  <attribute name="ProportionalH" value="65.500000" />
  <attribute name="Current Error" value="131.000000" />
  <attribute name="IntegralT" value="65.500000" />
  <attribute name="IntegralI" value="65.500000" />
  <attribute name="IntegralH" value="65.500000" />
  <attribute name="DerivativeT" value="123.000000" />
  <attribute name="DerivativeI" value="123.000000" />
  <attribute name="DerivativeH" value="123.000000" />
  <attribute name="Loop Time for DT" value="1.000000" />
  <attribute name="Output H" value="8388608"/>
  <attribute name="Output I" value="256"/>
  <attribute name="Output T" value="4"/>
  <attribute name="Target GC Util Change" value ="20.000000" />
  <attribute name="Current GC Util Change" value="151.000000"/>
  <attribute name="GC Util currently" value="151" />
  <attribute name="CPU Util currently" value="13761502638861" />
<exclusive-end id="4806" timestamp="2019-07-07T05:36:22.979" durationms="4.006" />

<exclusive-start id="4807" timestamp="2019-07-07T05:36:23.019" intervalms="44.555">
  <response-info timems="0.108" idlems="0.108" threads="0" lastid="000000000096B700" lastname="main" />
</exclusive-start>
<allocation-taxation id="4808" taxation-threshold="22020096" timestamp="2019-07-07T05:36:23.019" intervalms="44.506" />
<cycle-start id="4809" type="partial gc" contextid="0" timestamp="2019-07-07T05:36:23.020" intervalms="44.469" />
<gc-start id="4810" type="partial gc" contextid="4809" timestamp="2019-07-07T05:36:23.020">
  <mem-info id="4811" free="15728640" total="61865984" percent="25">
    <mem type="eden" free="0" total="22020096" percent="0" />
    <remembered-set count="1216" freebytes="2464640" totalbytes="2469504" percent="99" regionsoverflowed="0" regionsstable="18" regionsrebuilding="0"/>
  </mem-info>
</gc-start>
<allocation-stats totalBytes="22016904" >
  <allocated-bytes non-tlh="0" tlh="22016904" arrayletleaf="0"/>
  <largest-consumer threadName="main" threadId="000000000096B700" bytes="22016904" />
</allocation-stats>
<gc-op id="4812" type="copy forward" timems="0.988" contextid="4809" timestamp="2019-07-07T05:36:23.022">
  <memory-copied type="eden" objects="103" bytes="3328" bytesdiscarded="0" />
  <memory-copied type="other" objects="49" bytes="1664" bytesdiscarded="0" />
  <memory-cardclean objects="45" bytes="1720" />
  <regions eden="21" other="1" />
  <remembered-set-cleared processed="65" cleared="2" durationms="0.094" />
  <stringconstants candidates="13721" cleared="0"  />
</gc-op>
<gc-op id="4813" type="classunload" timems="0.003" contextid="4809" timestamp="2019-07-07T05:36:23.022">
  <classunload-info classloadercandidates="54" classloadersunloaded="0" classesunloaded="0" anonymousclassesunloaded="0" quiescems="0.000" setupms="0.003" scanms="0.000" postms="0.000" />
</gc-op>
<heap-resize id="4814" type="expand" space="default" amount="1048576" count="1" timems="0.058" reason="excessive time being spent in gc" timestamp="2019-07-07T05:36:23.022" />
<gc-end id="4815" type="partial gc" contextid="4809" durationms="2.184" usertimems="0.000" systemtimems="0.000" timestamp="2019-07-07T05:36:23.022" activeThreads="1">
  <mem-info id="4816" free="37748736" total="62914560" percent="60">
    <mem type="eden" free="1045248" total="1048576" percent="99" />
    <remembered-set count="1664" freebytes="2504704" totalbytes="2511360" percent="99" regionsoverflowed="0" regionsstable="18" regionsrebuilding="0"/>
  </mem-info>
</gc-end>
<cycle-end id="4817" type="partial gc" contextid="4809" timestamp="2019-07-07T05:36:23.022" />
  <attribute name="elasticGC enabled" value="1" />
  <attribute name= "numThreadsSpecified" value="1" />
  <attribute name="heapSize specified" value="0" />
  <attribute name="Current GC Util" value="162" />
  <attribute name= "Current Time Running" value="23715" />
  <attribute name ="GC Interval" value="0" />
  <attribute name="ProportionalT" value="71.000000" />
  <attribute name="ProportionalI" value="71.000000" />
  <attribute name="ProportionalH" value="71.000000" />
  <attribute name="Current Error" value="142.000000" />
  <attribute name="IntegralT" value="0.000000" />
  <attribute name="IntegralI" value="0.000000" />
  <attribute name="IntegralH" value="0.000000" />
  <attribute name="DerivativeT" value="inf" />
  <attribute name="DerivativeI" value="inf" />
  <attribute name="DerivativeH" value="inf" />
  <attribute name="Loop Time for DT" value="0.000000" />
  <attribute name="Output H" value="8388608"/>
  <attribute name="Output I" value="200"/>
  <attribute name="Output T" value="1"/>
  <attribute name="Target GC Util Change" value ="20.000000" />
  <attribute name="Current GC Util Change" value="162.000000"/>
  <attribute name="GC Util currently" value="162" />
  <attribute name="CPU Util currently" value="13608168870464" />
<exclusive-end id="4818" timestamp="2019-07-07T05:36:23.022" durationms="3.011" />

<exclusive-start id="4819" timestamp="2019-07-07T05:36:23.041" intervalms="21.330">
  <response-info timems="0.075" idlems="0.075" threads="0" lastid="000000000096B700" lastname="main" />
</exclusive-start>
<allocation-taxation id="4820" taxation-threshold="10485760" timestamp="2019-07-07T05:36:23.041" intervalms="21.390" />
<cycle-start id="4821" type="global mark phase" contextid="0" timestamp="2019-07-07T05:36:23.041" intervalms="256.372" />
<gc-start id="4822" type="global mark phase" contextid="4821" timestamp="2019-07-07T05:36:23.041">
  <mem-info id="4823" free="27262976" total="62914560" percent="43">
    <remembered-set count="1248" freebytes="2506368" totalbytes="2511360" percent="99" regionsoverflowed="0" regionsstable="18" regionsrebuilding="0"/>
  </mem-info>
</gc-start>
<gc-op id="4824" type="mark increment" timems="0.894" contextid="4821" timestamp="2019-07-07T05:36:23.042">
  <trace-info objectcount="189" scancount="0" scanbytes="0" />
</gc-op>
<gc-end id="4825" type="global mark phase" contextid="4821" durationms="1.095" usertimems="0.000" systemtimems="0.000" timestamp="2019-07-07T05:36:23.042" activeThreads="1">
  <mem-info id="4826" free="27262976" total="62914560" percent="43">
    <remembered-set count="1248" freebytes="2506368" totalbytes="2511360" percent="99" regionsoverflowed="0" regionsstable="0" regionsrebuilding="18"/>
  </mem-info>
</gc-end>
<concurrent-start id="4827" type="GMP work packet processing" contextid="4821" timestamp="2019-07-07T05:36:23.042">
  <concurrent-mark-start scanTarget="1048576" />
</concurrent-start>
<exclusive-end id="4828" timestamp="2019-07-07T05:36:23.043" durationms="1.946" />

<concurrent-end id="4829" type="GMP work packet processing" contextid="4821" timestamp="2019-07-07T05:36:23.045">
  <concurrent-mark-end bytesScanned="1096820" reasonForTermination="Work target met" />
</concurrent-end>

<exclusive-start id="4830" timestamp="2019-07-07T05:36:23.060" intervalms="19.075">
  <response-info timems="0.077" idlems="0.077" threads="0" lastid="000000000096B700" lastname="main" />
</exclusive-start>
<allocation-taxation id="4831" taxation-threshold="10485760" timestamp="2019-07-07T05:36:23.060" intervalms="19.035" />
<cycle-start id="4832" type="partial gc" contextid="0" timestamp="2019-07-07T05:36:23.060" intervalms="40.463" />
<gc-start id="4833" type="partial gc" contextid="4832" timestamp="2019-07-07T05:36:23.060">
  <mem-info id="4834" free="16777216" total="62914560" percent="26">
    <mem type="eden" free="1045248" total="22020096" percent="4" />
    <remembered-set count="12352" freebytes="2461952" totalbytes="2511360" percent="98" regionsoverflowed="0" regionsstable="0" regionsrebuilding="18"/>
  </mem-info>
</gc-start>
<allocation-stats totalBytes="20968728" >
  <allocated-bytes non-tlh="0" tlh="20968728" arrayletleaf="0"/>
  <largest-consumer threadName="main" threadId="000000000096B700" bytes="10484496" />
</allocation-stats>
<gc-op id="4835" type="copy forward" timems="2.501" contextid="4832" timestamp="2019-07-07T05:36:23.064">
  <memory-copied type="eden" objects="340" bytes="11112" bytesdiscarded="1776" />
  <memory-copied type="other" objects="0" bytes="0" bytesdiscarded="0" />
  <memory-cardclean objects="110" bytes="13792" />
  <regions eden="20" other="1" />
  <remembered-set-cleared processed="11049" cleared="190" durationms="0.111" />
  <references type="weak" candidates="37" cleared="0" enqueued="0" />
  <stringconstants candidates="13721" cleared="0"  />
</gc-op>
<gc-op id="4836" type="classunload" timems="0.004" contextid="4832" timestamp="2019-07-07T05:36:23.064">
  <classunload-info classloadercandidates="54" classloadersunloaded="0" classesunloaded="0" anonymousclassesunloaded="0" quiescems="0.000" setupms="0.004" scanms="0.000" postms="0.000" />
</gc-op>
<gc-end id="4837" type="partial gc" contextid="4832" durationms="3.493" usertimems="4.000" systemtimems="0.000" timestamp="2019-07-07T05:36:23.064" activeThreads="4">
  <mem-info id="4838" free="37748736" total="62914560" percent="60">
    <mem type="eden" free="1035640" total="1048576" percent="98" />
    <remembered-set count="13728" freebytes="2456448" totalbytes="2511360" percent="97" regionsoverflowed="0" regionsstable="0" regionsrebuilding="18"/>
  </mem-info>
</gc-end>
<cycle-end id="4839" type="partial gc" contextid="4832" timestamp="2019-07-07T05:36:23.064" />
  <attribute name="elasticGC enabled" value="1" />
  <attribute name= "numThreadsSpecified" value="4" />
  <attribute name="heapSize specified" value="0" />
  <attribute name="Current GC Util" value="162" />
  <attribute name= "Current Time Running" value="23756" />
  <attribute name ="GC Interval" value="0" />
  <attribute name="ProportionalT" value="71.000000" />
  <attribute name="ProportionalI" value="71.000000" />
  <attribute name="ProportionalH" value="71.000000" />
  <attribute name="Current Error" value="142.000000" />
  <attribute name="IntegralT" value="71.000000" />
  <attribute name="IntegralI" value="71.000000" />
  <attribute name="IntegralH" value="71.000000" />
  <attribute name="DerivativeT" value="133.000000" />
  <attribute name="DerivativeI" value="133.000000" />
  <attribute name="DerivativeH" value="133.000000" />
  <attribute name="Loop Time for DT" value="1.000000" />
  <attribute name="Output H" value="8388608"/>
  <attribute name="Output I" value="280"/>
  <attribute name="Output T" value="4"/>
  <attribute name="Target GC Util Change" value ="20.000000" />
  <attribute name="Current GC Util Change" value="162.000000"/>
  <attribute name="GC Util currently" value="162" />
  <attribute name="CPU Util currently" value="13884221899056" />
<exclusive-end id="4840" timestamp="2019-07-07T05:36:23.064" durationms="4.397" />

<exclusive-start id="4841" timestamp="2019-07-07T05:36:23.079" intervalms="19.101">
  <response-info timems="0.067" idlems="0.067" threads="0" lastid="000000000096B700" lastname="main" />
</exclusive-start>
<allocation-taxation id="4842" taxation-threshold="10485760" timestamp="2019-07-07T05:36:23.079" intervalms="19.112" />
<gc-start id="4843" type="global mark phase" contextid="4821" timestamp="2019-07-07T05:36:23.079">
  <mem-info id="4844" free="27262976" total="62914560" percent="43">
    <remembered-set count="13280" freebytes="2458240" totalbytes="2511360" percent="97" regionsoverflowed="0" regionsstable="0" regionsrebuilding="18"/>
  </mem-info>
</gc-start>
<gc-end id="4845" type="global mark phase" contextid="4821" durationms="0.152" usertimems="0.000" systemtimems="0.000" timestamp="2019-07-07T05:36:23.079" activeThreads="4">
  <mem-info id="4846" free="27262976" total="62914560" percent="43">
    <remembered-set count="13280" freebytes="2458240" totalbytes="2511360" percent="97" regionsoverflowed="0" regionsstable="0" regionsrebuilding="18"/>
  </mem-info>
</gc-end>
<concurrent-start id="4847" type="GMP work packet processing" contextid="4821" timestamp="2019-07-07T05:36:23.080">
  <concurrent-mark-start scanTarget="1403463" />
</concurrent-start>
<exclusive-end id="4848" timestamp="2019-07-07T05:36:23.080" durationms="0.793" />

<concurrent-end id="4849" type="GMP work packet processing" contextid="4821" timestamp="2019-07-07T05:36:23.081">
  <concurrent-mark-end bytesScanned="1487188" reasonForTermination="Work target met" />
</concurrent-end>

<exclusive-start id="4850" timestamp="2019-07-07T05:36:23.096" intervalms="16.774">
  <response-info timems="0.086" idlems="0.086" threads="0" lastid="000000000096B700" lastname="main" />
</exclusive-start>
<allocation-taxation id="4851" taxation-threshold="10485760" timestamp="2019-07-07T05:36:23.096" intervalms="16.778" />
<cycle-start id="4852" type="partial gc" contextid="0" timestamp="2019-07-07T05:36:23.096" intervalms="35.882" />
<gc-start id="4853" type="partial gc" contextid="4852" timestamp="2019-07-07T05:36:23.096">
  <mem-info id="4854" free="16777216" total="62914560" percent="26">
    <mem type="eden" free="0" total="20971520" percent="0" />
    <remembered-set count="29504" freebytes="2393344" totalbytes="2511360" percent="95" regionsoverflowed="0" regionsstable="0" regionsrebuilding="18"/>
  </mem-info>
</gc-start>
<allocation-stats totalBytes="20968992" >
  <allocated-bytes non-tlh="0" tlh="20968992" arrayletleaf="0"/>
  <largest-consumer threadName="main" threadId="000000000096B700" bytes="10484552" />
</allocation-stats>
<gc-op id="4855" type="copy forward" timems="2.076" contextid="4852" timestamp="2019-07-07T05:36:23.099">
  <memory-copied type="eden" objects="125" bytes="3864" bytesdiscarded="0" />
  <memory-copied type="other" objects="212" bytes="7216" bytesdiscarded="824" />
  <memory-cardclean objects="79" bytes="11160" />
  <regions eden="20" other="1" />
  <remembered-set-cleared processed="27836" cleared="203" durationms="0.145" />
  <references type="weak" candidates="37" cleared="0" enqueued="0" />
  <stringconstants candidates="13721" cleared="0"  />
</gc-op>
<gc-op id="4856" type="classunload" timems="0.004" contextid="4852" timestamp="2019-07-07T05:36:23.099">
  <classunload-info classloadercandidates="54" classloadersunloaded="0" classesunloaded="0" anonymousclassesunloaded="0" quiescems="0.000" setupms="0.004" scanms="0.000" postms="0.000" />
</gc-op>
<gc-end id="4857" type="partial gc" contextid="4852" durationms="3.233" usertimems="0.000" systemtimems="4.000" timestamp="2019-07-07T05:36:23.099" activeThreads="4">
  <mem-info id="4858" free="36700160" total="62914560" percent="58">
    <mem type="eden" free="1044712" total="1048576" percent="99" />
    <remembered-set count="30240" freebytes="2390400" totalbytes="2511360" percent="95" regionsoverflowed="0" regionsstable="0" regionsrebuilding="18"/>
  </mem-info>
</gc-end>
<cycle-end id="4859" type="partial gc" contextid="4852" timestamp="2019-07-07T05:36:23.100" />
  <attribute name="elasticGC enabled" value="1" />
  <attribute name= "numThreadsSpecified" value="4" />
  <attribute name="heapSize specified" value="0" />
  <attribute name="Current GC Util" value="162" />
  <attribute name= "Current Time Running" value="23792" />
  <attribute name ="GC Interval" value="0" />
  <attribute name="ProportionalT" value="71.000000" />
  <attribute name="ProportionalI" value="71.000000" />
  <attribute name="ProportionalH" value="71.000000" />
  <attribute name="Current Error" value="142.000000" />
  <attribute name="IntegralT" value="71.000000" />
  <attribute name="IntegralI" value="71.000000" />
  <attribute name="IntegralH" value="71.000000" />
  <attribute name="DerivativeT" value="141.000000" />
  <attribute name="DerivativeI" value="141.000000" />
  <attribute name="DerivativeH" value="141.000000" />
  <attribute name="Loop Time for DT" value="1.000000" />
  <attribute name="Output H" value="8388608"/>
  <attribute name="Output I" value="288"/>
  <attribute name="Output T" value="4"/>
  <attribute name="Target GC Util Change" value ="20.000000" />
  <attribute name="Current GC Util Change" value="162.000000"/>
  <attribute name="GC Util currently" value="162" />
  <attribute name="CPU Util currently" value="13505589024310" />
<exclusive-end id="4860" timestamp="2019-07-07T05:36:23.100" durationms="4.135" />

<exclusive-start id="4861" timestamp="2019-07-07T05:36:23.114" intervalms="18.808">
  <response-info timems="0.070" idlems="0.070" threads="0" lastid="000000000096B700" lastname="main" />
</exclusive-start>
<allocation-taxation id="4862" taxation-threshold="10485760" timestamp="2019-07-07T05:36:23.115" intervalms="18.800" />
<gc-start id="4863" type="global mark phase" contextid="4821" timestamp="2019-07-07T05:36:23.115">
  <mem-info id="4864" free="26214400" total="62914560" percent="41">
    <remembered-set count="29856" freebytes="2391936" totalbytes="2511360" percent="95" regionsoverflowed="0" regionsstable="0" regionsrebuilding="18"/>
  </mem-info>
</gc-start>
<gc-end id="4865" type="global mark phase" contextid="4821" durationms="0.160" usertimems="0.000" systemtimems="0.000" timestamp="2019-07-07T05:36:23.115" activeThreads="4">
  <mem-info id="4866" free="26214400" total="62914560" percent="41">
    <remembered-set count="29856" freebytes="2391936" totalbytes="2511360" percent="95" regionsoverflowed="0" regionsstable="0" regionsrebuilding="18"/>
  </mem-info>
</gc-end>
<concurrent-start id="4867" type="GMP work packet processing" contextid="4821" timestamp="2019-07-07T05:36:23.115">
  <concurrent-mark-start scanTarget="1403463" />
</concurrent-start>
<exclusive-end id="4868" timestamp="2019-07-07T05:36:23.115" durationms="0.779" />

<concurrent-end id="4869" type="GMP work packet processing" contextid="4821" timestamp="2019-07-07T05:36:23.116">
  <concurrent-mark-end bytesScanned="1457420" reasonForTermination="Work target met" />
</concurrent-end>

<exclusive-start id="4870" timestamp="2019-07-07T05:36:23.131" intervalms="16.449">
  <response-info timems="0.077" idlems="0.077" threads="0" lastid="000000000096B700" lastname="main" />
</exclusive-start>
<allocation-taxation id="4871" taxation-threshold="10485760" timestamp="2019-07-07T05:36:23.131" intervalms="16.451" />
<cycle-start id="4872" type="partial gc" contextid="0" timestamp="2019-07-07T05:36:23.131" intervalms="35.249" />
<gc-start id="4873" type="partial gc" contextid="4872" timestamp="2019-07-07T05:36:23.131">
  <mem-info id="4874" free="15728640" total="62914560" percent="25">
    <mem type="eden" free="1044712" total="22020096" percent="4" />
    <remembered-set count="38112" freebytes="2358912" totalbytes="2511360" percent="93" regionsoverflowed="0" regionsstable="0" regionsrebuilding="18"/>
  </mem-info>
</gc-start>
<allocation-stats totalBytes="20968896" >
  <allocated-bytes non-tlh="0" tlh="20968896" arrayletleaf="0"/>
  <largest-consumer threadName="main" threadId="000000000096B700" bytes="10484464" />
</allocation-stats>
<gc-op id="4875" type="copy forward" timems="1.969" contextid="4872" timestamp="2019-07-07T05:36:23.134">
  <memory-copied type="eden" objects="118" bytes="3616" bytesdiscarded="360" />
  <memory-copied type="other" objects="0" bytes="0" bytesdiscarded="0" />
  <memory-cardclean objects="18" bytes="1024" />
  <regions eden="20" other="1" />
  <remembered-set-cleared processed="35999" cleared="36" durationms="0.178" />
  <stringconstants candidates="13721" cleared="0"  />
</gc-op>
<gc-op id="4876" type="classunload" timems="0.004" contextid="4872" timestamp="2019-07-07T05:36:23.134">
  <classunload-info classloadercandidates="54" classloadersunloaded="0" classesunloaded="0" anonymousclassesunloaded="0" quiescems="0.000" setupms="0.003" scanms="0.000" postms="0.000" />
</gc-op>
<gc-end id="4877" type="partial gc" contextid="4872" durationms="2.979" usertimems="8.000" systemtimems="0.000" timestamp="2019-07-07T05:36:23.134" activeThreads="4">
  <mem-info id="4878" free="36700160" total="62914560" percent="58">
    <mem type="eden" free="1044600" total="1048576" percent="99" />
    <remembered-set count="37888" freebytes="2359808" totalbytes="2511360" percent="93" regionsoverflowed="0" regionsstable="0" regionsrebuilding="18"/>
  </mem-info>
</gc-end>
<cycle-end id="4879" type="partial gc" contextid="4872" timestamp="2019-07-07T05:36:23.135" />
  <attribute name="elasticGC enabled" value="1" />
  <attribute name= "numThreadsSpecified" value="4" />
  <attribute name="heapSize specified" value="0" />
  <attribute name="Current GC Util" value="138" />
  <attribute name= "Current Time Running" value="23827" />
  <attribute name ="GC Interval" value="0" />
  <attribute name="ProportionalT" value="59.000000" />
  <attribute name="ProportionalI" value="59.000000" />
  <attribute name="ProportionalH" value="59.000000" />
  <attribute name="Current Error" value="118.000000" />
  <attribute name="IntegralT" value="59.000000" />
  <attribute name="IntegralI" value="59.000000" />
  <attribute name="IntegralH" value="59.000000" />
  <attribute name="DerivativeT" value="118.000000" />
  <attribute name="DerivativeI" value="118.000000" />
  <attribute name="DerivativeH" value="118.000000" />
  <attribute name="Loop Time for DT" value="1.000000" />
  <attribute name="Output H" value="8388608"/>
  <attribute name="Output I" value="240"/>
  <attribute name="Output T" value="4"/>
  <attribute name="Target GC Util Change" value ="20.000000" />
  <attribute name="Current GC Util Change" value="138.000000"/>
  <attribute name="GC Util currently" value="138" />
  <attribute name="CPU Util currently" value="16827838453361" />
<exclusive-end id="4880" timestamp="2019-07-07T05:36:23.135" durationms="3.909" />

<exclusive-start id="4881" timestamp="2019-07-07T05:36:23.139" intervalms="8.400">
  <response-info timems="0.073" idlems="0.073" threads="0" lastid="000000000096B700" lastname="main" />
</exclusive-start>
<allocation-taxation id="4882" taxation-threshold="10485760" timestamp="2019-07-07T05:36:23.139" intervalms="8.405" />
<gc-start id="4883" type="global mark phase" contextid="4821" timestamp="2019-07-07T05:36:23.140">
  <mem-info id="4884" free="26214400" total="62914560" percent="41">
    <remembered-set count="37408" freebytes="2361728" totalbytes="2511360" percent="94" regionsoverflowed="0" regionsstable="0" regionsrebuilding="18"/>
  </mem-info>
</gc-start>
<gc-end id="4885" type="global mark phase" contextid="4821" durationms="0.103" usertimems="0.000" systemtimems="0.000" timestamp="2019-07-07T05:36:23.140" activeThreads="4">
  <mem-info id="4886" free="26214400" total="62914560" percent="41">
    <remembered-set count="37408" freebytes="2361728" totalbytes="2511360" percent="94" regionsoverflowed="0" regionsstable="0" regionsrebuilding="18"/>
  </mem-info>
</gc-end>
<concurrent-start id="4887" type="GMP work packet processing" contextid="4821" timestamp="2019-07-07T05:36:23.140">
  <concurrent-mark-start scanTarget="1403463" />
</concurrent-start>
<exclusive-end id="4888" timestamp="2019-07-07T05:36:23.140" durationms="0.767" />

<concurrent-end id="4889" type="GMP work packet processing" contextid="4821" timestamp="2019-07-07T05:36:23.141">
  <concurrent-mark-end bytesScanned="1438848" reasonForTermination="Work target met" />
</concurrent-end>

<exclusive-start id="4890" timestamp="2019-07-07T05:36:23.144" intervalms="5.014">
  <response-info timems="0.053" idlems="0.053" threads="0" lastid="000000000096B700" lastname="main" />
</exclusive-start>
<allocation-taxation id="4891" taxation-threshold="10485760" timestamp="2019-07-07T05:36:23.144" intervalms="5.006" />
<cycle-start id="4892" type="partial gc" contextid="0" timestamp="2019-07-07T05:36:23.145" intervalms="13.417" />
<gc-start id="4893" type="partial gc" contextid="4892" timestamp="2019-07-07T05:36:23.145">
  <mem-info id="4894" free="15728640" total="62914560" percent="25">
    <mem type="eden" free="1044600" total="22020096" percent="4" />
    <remembered-set count="47648" freebytes="2320768" totalbytes="2511360" percent="92" regionsoverflowed="0" regionsstable="0" regionsrebuilding="18"/>
  </mem-info>
</gc-start>
<allocation-stats totalBytes="20956816" >
  <allocated-bytes non-tlh="0" tlh="20956816" arrayletleaf="0"/>
  <largest-consumer threadName="main" threadId="000000000096B700" bytes="10480360" />
</allocation-stats>
<gc-op id="4895" type="copy forward" timems="1.489" contextid="4892" timestamp="2019-07-07T05:36:23.147">
  <memory-copied type="eden" objects="135" bytes="4384" bytesdiscarded="0" />
  <memory-copied type="other" objects="0" bytes="0" bytesdiscarded="0" />
  <memory-cardclean objects="66" bytes="2448" />
  <regions eden="20" other="1" />
  <remembered-set-cleared processed="45423" cleared="57" durationms="0.390" />
  <stringconstants candidates="13721" cleared="0"  />
</gc-op>
<gc-op id="4896" type="classunload" timems="0.003" contextid="4892" timestamp="2019-07-07T05:36:23.147">
  <classunload-info classloadercandidates="54" classloadersunloaded="0" classesunloaded="0" anonymousclassesunloaded="0" quiescems="0.000" setupms="0.003" scanms="0.000" postms="0.000" />
</gc-op>
<heap-resize id="4897" type="expand" space="default" amount="3145728" count="1" timems="0.063" reason="excessive time being spent in gc" timestamp="2019-07-07T05:36:23.148" />
<gc-end id="4898" type="partial gc" contextid="4892" durationms="2.753" usertimems="4.000" systemtimems="0.000" timestamp="2019-07-07T05:36:23.148" activeThreads="1">
  <mem-info id="4899" free="39845888" total="66060288" percent="60">
    <mem type="eden" free="1044192" total="1048576" percent="99" />
    <remembered-set count="47968" freebytes="2445056" totalbytes="2636928" percent="92" regionsoverflowed="0" regionsstable="0" regionsrebuilding="18"/>
  </mem-info>
</gc-end>
<cycle-end id="4900" type="partial gc" contextid="4892" timestamp="2019-07-07T05:36:23.148" />
  <attribute name="elasticGC enabled" value="1" />
  <attribute name= "numThreadsSpecified" value="1" />
  <attribute name="heapSize specified" value="0" />
  <attribute name="Current GC Util" value="142" />
  <attribute name= "Current Time Running" value="23840" />
  <attribute name ="GC Interval" value="0" />
  <attribute name="ProportionalT" value="61.000000" />
  <attribute name="ProportionalI" value="61.000000" />
  <attribute name="ProportionalH" value="61.000000" />
  <attribute name="Current Error" value="122.000000" />
  <attribute name="IntegralT" value="0.000000" />
  <attribute name="IntegralI" value="0.000000" />
  <attribute name="IntegralH" value="0.000000" />
  <attribute name="DerivativeT" value="inf" />
  <attribute name="DerivativeI" value="inf" />
  <attribute name="DerivativeH" value="inf" />
  <attribute name="Loop Time for DT" value="0.000000" />
  <attribute name="Output H" value="8388608"/>
  <attribute name="Output I" value="200"/>
  <attribute name="Output T" value="1"/>
  <attribute name="Target GC Util Change" value ="20.000000" />
  <attribute name="Current GC Util Change" value="142.000000"/>
  <attribute name="GC Util currently" value="142" />
  <attribute name="CPU Util currently" value="14723378165582" />
<exclusive-end id="4901" timestamp="2019-07-07T05:36:23.148" durationms="3.642" />

<exclusive-start id="4902" timestamp="2019-07-07T05:36:23.152" intervalms="7.305">
  <response-info timems="0.074" idlems="0.074" threads="0" lastid="000000000096B700" lastname="main" />
</exclusive-start>
<allocation-taxation id="4903" taxation-threshold="11534336" timestamp="2019-07-07T05:36:23.152" intervalms="7.258" />
<gc-start id="4904" type="global mark phase" contextid="4821" timestamp="2019-07-07T05:36:23.152">
  <mem-info id="4905" free="28311552" total="66060288" percent="42">
    <remembered-set count="47520" freebytes="2446848" totalbytes="2636928" percent="92" regionsoverflowed="0" regionsstable="0" regionsrebuilding="18"/>
  </mem-info>
</gc-start>
<gc-end id="4906" type="global mark phase" contextid="4821" durationms="0.160" usertimems="0.000" systemtimems="0.000" timestamp="2019-07-07T05:36:23.152" activeThreads="1">
  <mem-info id="4907" free="28311552" total="66060288" percent="42">
    <remembered-set count="47520" freebytes="2446848" totalbytes="2636928" percent="92" regionsoverflowed="0" regionsstable="0" regionsrebuilding="18"/>
  </mem-info>
</gc-end>
<concurrent-start id="4908" type="GMP work packet processing" contextid="4821" timestamp="2019-07-07T05:36:23.152">
  <concurrent-mark-start scanTarget="1048576" />
</concurrent-start>
<exclusive-end id="4909" timestamp="2019-07-07T05:36:23.152" durationms="0.716" />

<concurrent-end id="4910" type="GMP work packet processing" contextid="4821" timestamp="2019-07-07T05:36:23.153">
  <concurrent-mark-end bytesScanned="1093820" reasonForTermination="Work target met" />
</concurrent-end>

<exclusive-start id="4911" timestamp="2019-07-07T05:36:23.157" intervalms="4.990">
  <response-info timems="0.053" idlems="0.053" threads="0" lastid="000000000096B700" lastname="main" />
</exclusive-start>
<allocation-taxation id="4912" taxation-threshold="11534336" timestamp="2019-07-07T05:36:23.157" intervalms="5.035" />
<cycle-start id="4913" type="partial gc" contextid="0" timestamp="2019-07-07T05:36:23.157" intervalms="12.297" />
<gc-start id="4914" type="partial gc" contextid="4913" timestamp="2019-07-07T05:36:23.157">
  <mem-info id="4915" free="16777216" total="66060288" percent="25">
    <mem type="eden" free="0" total="23068672" percent="0" />
    <remembered-set count="59712" freebytes="2398080" totalbytes="2636928" percent="90" regionsoverflowed="0" regionsstable="0" regionsrebuilding="18"/>
  </mem-info>
</gc-start>
<allocation-stats totalBytes="23056432" >
  <allocated-bytes non-tlh="0" tlh="23056432" arrayletleaf="0"/>
  <largest-consumer threadName="main" threadId="000000000096B700" bytes="11528584" />
</allocation-stats>
<gc-op id="4916" type="copy forward" timems="1.378" contextid="4913" timestamp="2019-07-07T05:36:23.159">
  <memory-copied type="eden" objects="5" bytes="328" bytesdiscarded="0" />
  <memory-copied type="other" objects="130" bytes="4016" bytesdiscarded="0" />
  <memory-cardclean objects="49" bytes="2048" />
  <regions eden="22" other="1" />
  <remembered-set-cleared processed="57382" cleared="63" durationms="0.457" />
  <stringconstants candidates="13721" cleared="0"  />
</gc-op>
<gc-op id="4917" type="classunload" timems="0.004" contextid="4913" timestamp="2019-07-07T05:36:23.159">
  <classunload-info classloadercandidates="54" classloadersunloaded="0" classesunloaded="0" anonymousclassesunloaded="0" quiescems="0.000" setupms="0.004" scanms="0.000" postms="0.000" />
</gc-op>
<heap-resize id="4918" type="expand" space="default" amount="2097152" count="1" timems="0.058" reason="excessive time being spent in gc" timestamp="2019-07-07T05:36:23.160" />
<gc-end id="4919" type="partial gc" contextid="4913" durationms="2.548" usertimems="0.000" systemtimems="0.000" timestamp="2019-07-07T05:36:23.160" activeThreads="1">
  <mem-info id="4920" free="40894464" total="68157440" percent="60">
    <mem type="eden" free="1048248" total="1048576" percent="99" />
    <remembered-set count="60096" freebytes="2480256" totalbytes="2720640" percent="91" regionsoverflowed="0" regionsstable="0" regionsrebuilding="18"/>
  </mem-info>
</gc-end>
<cycle-end id="4921" type="partial gc" contextid="4913" timestamp="2019-07-07T05:36:23.160" />
  <attribute name="elasticGC enabled" value="1" />
  <attribute name= "numThreadsSpecified" value="1" />
  <attribute name="heapSize specified" value="0" />
  <attribute name="Current GC Util" value="55" />
  <attribute name= "Current Time Running" value="23852" />
  <attribute name ="GC Interval" value="0" />
  <attribute name="ProportionalT" value="17.500000" />
  <attribute name="ProportionalI" value="17.500000" />
  <attribute name="ProportionalH" value="17.500000" />
  <attribute name="Current Error" value="35.000000" />
  <attribute name="IntegralT" value="0.000000" />
  <attribute name="IntegralI" value="0.000000" />
  <attribute name="IntegralH" value="0.000000" />
  <attribute name="DerivativeT" value="inf" />
  <attribute name="DerivativeI" value="inf" />
  <attribute name="DerivativeH" value="inf" />
  <attribute name="Loop Time for DT" value="0.000000" />
  <attribute name="Output H" value="8388608"/>
  <attribute name="Output I" value="200"/>
  <attribute name="Output T" value="1"/>
  <attribute name="Target GC Util Change" value ="20.000000" />
  <attribute name="Current GC Util Change" value="55.000000"/>
  <attribute name="GC Util currently" value="55" />
  <attribute name="CPU Util currently" value="17587154079895" />
<exclusive-end id="4922" timestamp="2019-07-07T05:36:23.160" durationms="3.493" />

<exclusive-start id="4923" timestamp="2019-07-07T05:36:23.164" intervalms="7.137">
  <response-info timems="0.074" idlems="0.074" threads="0" lastid="000000000096B700" lastname="main" />
</exclusive-start>
<allocation-taxation id="4924" taxation-threshold="11534336" timestamp="2019-07-07T05:36:23.164" intervalms="7.154" />
<gc-start id="4925" type="global mark phase" contextid="4821" timestamp="2019-07-07T05:36:23.164">
  <mem-info id="4926" free="29360128" total="68157440" percent="43">
    <remembered-set count="59744" freebytes="2481664" totalbytes="2720640" percent="91" regionsoverflowed="0" regionsstable="0" regionsrebuilding="18"/>
  </mem-info>
</gc-start>
<gc-end id="4927" type="global mark phase" contextid="4821" durationms="0.157" usertimems="0.000" systemtimems="0.000" timestamp="2019-07-07T05:36:23.164" activeThreads="1">
  <mem-info id="4928" free="29360128" total="68157440" percent="43">
    <remembered-set count="59744" freebytes="2481664" totalbytes="2720640" percent="91" regionsoverflowed="0" regionsstable="0" regionsrebuilding="18"/>
  </mem-info>
</gc-end>
<concurrent-start id="4929" type="GMP work packet processing" contextid="4821" timestamp="2019-07-07T05:36:23.164">
  <concurrent-mark-start scanTarget="1048576" />
</concurrent-start>
<exclusive-end id="4930" timestamp="2019-07-07T05:36:23.165" durationms="0.871" />

<concurrent-end id="4931" type="GMP work packet processing" contextid="4821" timestamp="2019-07-07T05:36:23.165">
  <concurrent-mark-end bytesScanned="1080556" reasonForTermination="Work target met" />
</concurrent-end>

<exclusive-start id="4932" timestamp="2019-07-07T05:36:23.169" intervalms="5.096">
  <response-info timems="0.052" idlems="0.052" threads="0" lastid="000000000096B700" lastname="main" />
</exclusive-start>
<allocation-taxation id="4933" taxation-threshold="11534336" timestamp="2019-07-07T05:36:23.169" intervalms="5.128" />
<cycle-start id="4934" type="partial gc" contextid="0" timestamp="2019-07-07T05:36:23.169" intervalms="12.291" />
<gc-start id="4935" type="partial gc" contextid="4934" timestamp="2019-07-07T05:36:23.169">
  <mem-info id="4936" free="17825792" total="68157440" percent="26">
    <mem type="eden" free="1048248" total="24117248" percent="4" />
    <remembered-set count="66784" freebytes="2453504" totalbytes="2720640" percent="90" regionsoverflowed="0" regionsstable="0" regionsrebuilding="18"/>
  </mem-info>
</gc-start>
<allocation-stats totalBytes="23056376" >
  <allocated-bytes non-tlh="0" tlh="23056376" arrayletleaf="0"/>
  <largest-consumer threadName="main" threadId="000000000096B700" bytes="11528416" />
</allocation-stats>
<gc-op id="4937" type="copy forward" timems="1.509" contextid="4934" timestamp="2019-07-07T05:36:23.172">
  <memory-copied type="eden" objects="5" bytes="288" bytesdiscarded="0" />
  <memory-copied type="other" objects="0" bytes="0" bytesdiscarded="0" />
  <memory-cardclean objects="16" bytes="528" />
  <regions eden="22" other="1" />
  <remembered-set-cleared processed="64427" cleared="8" durationms="0.273" />
  <stringconstants candidates="13721" cleared="0"  />
</gc-op>
<gc-op id="4938" type="classunload" timems="0.004" contextid="4934" timestamp="2019-07-07T05:36:23.172">
  <classunload-info classloadercandidates="54" classloadersunloaded="0" classesunloaded="0" anonymousclassesunloaded="0" quiescems="0.000" setupms="0.004" scanms="0.000" postms="0.000" />
</gc-op>
<gc-end id="4939" type="partial gc" contextid="4934" durationms="2.607" usertimems="4.000" systemtimems="0.000" timestamp="2019-07-07T05:36:23.172" activeThreads="4">
  <mem-info id="4940" free="40894464" total="68157440" percent="60">
    <mem type="eden" free="1048288" total="1048576" percent="99" />
    <remembered-set count="66528" freebytes="2454528" totalbytes="2720640" percent="90" regionsoverflowed="0" regionsstable="0" regionsrebuilding="18"/>
  </mem-info>
</gc-end>
<cycle-end id="4941" type="partial gc" contextid="4934" timestamp="2019-07-07T05:36:23.172" />
  <attribute name="elasticGC enabled" value="1" />
  <attribute name= "numThreadsSpecified" value="4" />
  <attribute name="heapSize specified" value="0" />
  <attribute name="Current GC Util" value="48" />
  <attribute name= "Current Time Running" value="23865" />
  <attribute name ="GC Interval" value="0" />
  <attribute name="ProportionalT" value="14.000000" />
  <attribute name="ProportionalI" value="14.000000" />
  <attribute name="ProportionalH" value="14.000000" />
  <attribute name="Current Error" value="28.000000" />
  <attribute name="IntegralT" value="14.000000" />
  <attribute name="IntegralI" value="14.000000" />
  <attribute name="IntegralH" value="14.000000" />
  <attribute name="DerivativeT" value="25.000000" />
  <attribute name="DerivativeI" value="25.000000" />
  <attribute name="DerivativeH" value="25.000000" />
  <attribute name="Loop Time for DT" value="1.000000" />
  <attribute name="Output H" value="8388608"/>
  <attribute name="Output I" value="200"/>
  <attribute name="Output T" value="4"/>
  <attribute name="Target GC Util Change" value ="20.000000" />
  <attribute name="Current GC Util Change" value="48.000000"/>
  <attribute name="GC Util currently" value="48" />
  <attribute name="CPU Util currently" value="16245023321510" />
<exclusive-end id="4942" timestamp="2019-07-07T05:36:23.172" durationms="3.542" />

<exclusive-start id="4943" timestamp="2019-07-07T05:36:23.176" intervalms="7.182">
  <response-info timems="0.074" idlems="0.074" threads="0" lastid="000000000096B700" lastname="main" />
</exclusive-start>
<allocation-taxation id="4944" taxation-threshold="11534336" timestamp="2019-07-07T05:36:23.176" intervalms="7.098" />
<gc-start id="4945" type="global mark phase" contextid="4821" timestamp="2019-07-07T05:36:23.176">
  <mem-info id="4946" free="29360128" total="68157440" percent="43">
    <remembered-set count="66528" freebytes="2454528" totalbytes="2720640" percent="90" regionsoverflowed="0" regionsstable="0" regionsrebuilding="18"/>
  </mem-info>
</gc-start>
<gc-end id="4947" type="global mark phase" contextid="4821" durationms="0.057" usertimems="0.000" systemtimems="0.000" timestamp="2019-07-07T05:36:23.176" activeThreads="4">
  <mem-info id="4948" free="29360128" total="68157440" percent="43">
    <remembered-set count="66528" freebytes="2454528" totalbytes="2720640" percent="90" regionsoverflowed="0" regionsstable="0" regionsrebuilding="18"/>
  </mem-info>
</gc-end>
<concurrent-start id="4949" type="GMP work packet processing" contextid="4821" timestamp="2019-07-07T05:36:23.177">
  <concurrent-mark-start scanTarget="1403463" />
</concurrent-start>
<exclusive-end id="4950" timestamp="2019-07-07T05:36:23.177" durationms="0.716" />

<concurrent-end id="4951" type="GMP work packet processing" contextid="4821" timestamp="2019-07-07T05:36:23.178">
  <concurrent-mark-end bytesScanned="1430776" reasonForTermination="Work target met" />
</concurrent-end>

<exclusive-start id="4952" timestamp="2019-07-07T05:36:23.181" intervalms="5.103">
  <response-info timems="0.053" idlems="0.053" threads="0" lastid="000000000096B700" lastname="main" />
</exclusive-start>
<allocation-taxation id="4953" taxation-threshold="11534336" timestamp="2019-07-07T05:36:23.181" intervalms="5.132" />
<cycle-start id="4954" type="partial gc" contextid="0" timestamp="2019-07-07T05:36:23.181" intervalms="12.231" />
<gc-start id="4955" type="partial gc" contextid="4954" timestamp="2019-07-07T05:36:23.182">
  <mem-info id="4956" free="17825792" total="68157440" percent="26">
    <mem type="eden" free="1048288" total="24117248" percent="4" />
    <remembered-set count="79360" freebytes="2403200" totalbytes="2720640" percent="88" regionsoverflowed="0" regionsstable="0" regionsrebuilding="18"/>
  </mem-info>
</gc-start>
<allocation-stats totalBytes="23056448" >
  <allocated-bytes non-tlh="0" tlh="23056448" arrayletleaf="0"/>
  <largest-consumer threadName="main" threadId="000000000096B700" bytes="11528512" />
</allocation-stats>
<gc-op id="4957" type="copy forward" timems="1.687" contextid="4954" timestamp="2019-07-07T05:36:23.184">
  <memory-copied type="eden" objects="5" bytes="240" bytesdiscarded="0" />
  <memory-copied type="other" objects="0" bytes="0" bytesdiscarded="0" />
  <memory-cardclean objects="16" bytes="528" />
  <regions eden="22" other="1" />
  <remembered-set-cleared processed="77261" cleared="8" durationms="0.327" />
  <stringconstants candidates="13721" cleared="0"  />
</gc-op>
<gc-op id="4958" type="classunload" timems="0.004" contextid="4954" timestamp="2019-07-07T05:36:23.184">
  <classunload-info classloadercandidates="54" classloadersunloaded="0" classesunloaded="0" anonymousclassesunloaded="0" quiescems="0.000" setupms="0.004" scanms="0.000" postms="0.000" />
</gc-op>
<gc-end id="4959" type="partial gc" contextid="4954" durationms="2.510" usertimems="4.000" systemtimems="0.000" timestamp="2019-07-07T05:36:23.184" activeThreads="4">
  <mem-info id="4960" free="40894464" total="68157440" percent="60">
    <mem type="eden" free="1048336" total="1048576" percent="99" />
    <remembered-set count="79424" freebytes="2402944" totalbytes="2720640" percent="88" regionsoverflowed="0" regionsstable="0" regionsrebuilding="18"/>
  </mem-info>
</gc-end>
<cycle-end id="4961" type="partial gc" contextid="4954" timestamp="2019-07-07T05:36:23.184" />
  <attribute name="elasticGC enabled" value="1" />
  <attribute name= "numThreadsSpecified" value="4" />
  <attribute name="heapSize specified" value="0" />
  <attribute name="Current GC Util" value="37" />
  <attribute name= "Current Time Running" value="23877" />
  <attribute name ="GC Interval" value="0" />
  <attribute name="ProportionalT" value="8.500000" />
  <attribute name="ProportionalI" value="8.500000" />
  <attribute name="ProportionalH" value="8.500000" />
  <attribute name="Current Error" value="17.000000" />
  <attribute name="IntegralT" value="8.500000" />
  <attribute name="IntegralI" value="8.500000" />
  <attribute name="IntegralH" value="8.500000" />
  <attribute name="DerivativeT" value="5.000000" />
  <attribute name="DerivativeI" value="5.000000" />
  <attribute name="DerivativeH" value="5.000000" />
  <attribute name="Loop Time for DT" value="1.000000" />
  <attribute name="Output H" value="8388608"/>
  <attribute name="Output I" value="200"/>
  <attribute name="Output T" value="4"/>
  <attribute name="Target GC Util Change" value ="20.000000" />
  <attribute name="Current GC Util Change" value="37.000000"/>
  <attribute name="GC Util currently" value="37" />
  <attribute name="CPU Util currently" value="16970637750254" />
<exclusive-end id="4962" timestamp="2019-07-07T05:36:23.185" durationms="3.400" />

<exclusive-start id="4963" timestamp="2019-07-07T05:36:23.188" intervalms="7.039">
  <response-info timems="0.074" idlems="0.074" threads="0" lastid="000000000096B700" lastname="main" />
</exclusive-start>
<allocation-taxation id="4964" taxation-threshold="11534336" timestamp="2019-07-07T05:36:23.188" intervalms="7.049" />
<gc-start id="4965" type="global mark phase" contextid="4821" timestamp="2019-07-07T05:36:23.189">
  <mem-info id="4966" free="29360128" total="68157440" percent="43">
    <remembered-set count="78944" freebytes="2404864" totalbytes="2720640" percent="88" regionsoverflowed="0" regionsstable="0" regionsrebuilding="18"/>
  </mem-info>
</gc-start>
<gc-end id="4967" type="global mark phase" contextid="4821" durationms="0.150" usertimems="0.000" systemtimems="0.000" timestamp="2019-07-07T05:36:23.189" activeThreads="4">
  <mem-info id="4968" free="29360128" total="68157440" percent="43">
    <remembered-set count="78944" freebytes="2404864" totalbytes="2720640" percent="88" regionsoverflowed="0" regionsstable="0" regionsrebuilding="18"/>
  </mem-info>
</gc-end>
<concurrent-start id="4969" type="GMP work packet processing" contextid="4821" timestamp="2019-07-07T05:36:23.189">
  <concurrent-mark-start scanTarget="1403463" />
</concurrent-start>
<exclusive-end id="4970" timestamp="2019-07-07T05:36:23.189" durationms="0.781" />

<concurrent-end id="4971" type="GMP work packet processing" contextid="4821" timestamp="2019-07-07T05:36:23.190">
  <concurrent-mark-end bytesScanned="1440112" reasonForTermination="Work target met" />
</concurrent-end>

<exclusive-start id="4972" timestamp="2019-07-07T05:36:23.193" intervalms="5.188">
  <response-info timems="0.053" idlems="0.053" threads="0" lastid="000000000096B700" lastname="main" />
</exclusive-start>
<allocation-taxation id="4973" taxation-threshold="11534336" timestamp="2019-07-07T05:36:23.194" intervalms="5.233" />
<cycle-start id="4974" type="partial gc" contextid="0" timestamp="2019-07-07T05:36:23.194" intervalms="12.282" />
<gc-start id="4975" type="partial gc" contextid="4974" timestamp="2019-07-07T05:36:23.194">
  <mem-info id="4976" free="17825792" total="68157440" percent="26">
    <mem type="eden" free="1048336" total="24117248" percent="4" />
    <remembered-set count="90496" freebytes="2358656" totalbytes="2720640" percent="86" regionsoverflowed="0" regionsstable="0" regionsrebuilding="18"/>
  </mem-info>
</gc-start>
<allocation-stats totalBytes="23057192" >
  <allocated-bytes non-tlh="0" tlh="23057192" arrayletleaf="0"/>
  <largest-consumer threadName="main" threadId="000000000096B700" bytes="11528624" />
</allocation-stats>
<gc-op id="4977" type="copy forward" timems="1.490" contextid="4974" timestamp="2019-07-07T05:36:23.196">
  <memory-copied type="eden" objects="5" bytes="208" bytesdiscarded="0" />
  <memory-copied type="other" objects="0" bytes="0" bytesdiscarded="0" />
  <memory-cardclean objects="16" bytes="528" />
  <regions eden="22" other="1" />
  <remembered-set-cleared processed="88693" cleared="8" durationms="0.590" />
  <stringconstants candidates="13721" cleared="0"  />
</gc-op>
<gc-op id="4978" type="classunload" timems="0.004" contextid="4974" timestamp="2019-07-07T05:36:23.196">
  <classunload-info classloadercandidates="54" classloadersunloaded="0" classesunloaded="0" anonymousclassesunloaded="0" quiescems="0.000" setupms="0.004" scanms="0.000" postms="0.000" />
</gc-op>
<gc-end id="4979" type="partial gc" contextid="4974" durationms="2.595" usertimems="0.000" systemtimems="0.000" timestamp="2019-07-07T05:36:23.197" activeThreads="1">
  <mem-info id="4980" free="40894464" total="68157440" percent="60">
    <mem type="eden" free="1048368" total="1048576" percent="99" />
    <remembered-set count="90976" freebytes="2356736" totalbytes="2720640" percent="86" regionsoverflowed="0" regionsstable="0" regionsrebuilding="18"/>
  </mem-info>
</gc-end>
<cycle-end id="4981" type="partial gc" contextid="4974" timestamp="2019-07-07T05:36:23.197" />
  <attribute name="elasticGC enabled" value="1" />
  <attribute name= "numThreadsSpecified" value="1" />
  <attribute name="heapSize specified" value="0" />
  <attribute name="Current GC Util" value="41" />
  <attribute name= "Current Time Running" value="23889" />
  <attribute name ="GC Interval" value="0" />
  <attribute name="ProportionalT" value="10.500000" />
  <attribute name="ProportionalI" value="10.500000" />
  <attribute name="ProportionalH" value="10.500000" />
  <attribute name="Current Error" value="21.000000" />
  <attribute name="IntegralT" value="0.000000" />
  <attribute name="IntegralI" value="0.000000" />
  <attribute name="IntegralH" value="0.000000" />
  <attribute name="DerivativeT" value="inf" />
  <attribute name="DerivativeI" value="inf" />
  <attribute name="DerivativeH" value="inf" />
  <attribute name="Loop Time for DT" value="0.000000" />
  <attribute name="Output H" value="8388608"/>
  <attribute name="Output I" value="200"/>
  <attribute name="Output T" value="1"/>
  <attribute name="Target GC Util Change" value ="20.000000" />
  <attribute name="Current GC Util Change" value="41.000000"/>
  <attribute name="GC Util currently" value="41" />
  <attribute name="CPU Util currently" value="15331249872183" />
<exclusive-end id="4982" timestamp="2019-07-07T05:36:23.197" durationms="3.548" />

<exclusive-start id="4983" timestamp="2019-07-07T05:36:23.201" intervalms="7.200">
  <response-info timems="0.074" idlems="0.074" threads="0" lastid="000000000096B700" lastname="main" />
</exclusive-start>
<allocation-taxation id="4984" taxation-threshold="11534336" timestamp="2019-07-07T05:36:23.201" intervalms="7.159" />
<gc-start id="4985" type="global mark phase" contextid="4821" timestamp="2019-07-07T05:36:23.201">
  <mem-info id="4986" free="29360128" total="68157440" percent="43">
    <remembered-set count="90496" freebytes="2358656" totalbytes="2720640" percent="86" regionsoverflowed="0" regionsstable="0" regionsrebuilding="18"/>
  </mem-info>
</gc-start>
<gc-end id="4987" type="global mark phase" contextid="4821" durationms="0.150" usertimems="0.000" systemtimems="0.000" timestamp="2019-07-07T05:36:23.201" activeThreads="1">
  <mem-info id="4988" free="29360128" total="68157440" percent="43">
    <remembered-set count="90496" freebytes="2358656" totalbytes="2720640" percent="86" regionsoverflowed="0" regionsstable="0" regionsrebuilding="18"/>
  </mem-info>
</gc-end>
<concurrent-start id="4989" type="GMP work packet processing" contextid="4821" timestamp="2019-07-07T05:36:23.201">
  <concurrent-mark-start scanTarget="1048576" />
</concurrent-start>
<exclusive-end id="4990" timestamp="2019-07-07T05:36:23.201" durationms="0.784" />

<concurrent-end id="4991" type="GMP work packet processing" contextid="4821" timestamp="2019-07-07T05:36:23.202">
  <concurrent-mark-end bytesScanned="1072440" reasonForTermination="Work target met" />
</concurrent-end>

<exclusive-start id="4992" timestamp="2019-07-07T05:36:23.206" intervalms="5.006">
  <response-info timems="0.069" idlems="0.069" threads="0" lastid="000000000096B700" lastname="main" />
</exclusive-start>
<allocation-taxation id="4993" taxation-threshold="11534336" timestamp="2019-07-07T05:36:23.206" intervalms="5.050" />
<cycle-start id="4994" type="partial gc" contextid="0" timestamp="2019-07-07T05:36:23.206" intervalms="12.238" />
<gc-start id="4995" type="partial gc" contextid="4994" timestamp="2019-07-07T05:36:23.206">
  <mem-info id="4996" free="17825792" total="68157440" percent="26">
    <mem type="eden" free="1048368" total="24117248" percent="4" />
    <remembered-set count="101376" freebytes="2315136" totalbytes="2720640" percent="85" regionsoverflowed="0" regionsstable="0" regionsrebuilding="18"/>
  </mem-info>
</gc-start>
<allocation-stats totalBytes="23056392" >
  <allocated-bytes non-tlh="0" tlh="23056392" arrayletleaf="0"/>
  <largest-consumer threadName="main" threadId="000000000096B700" bytes="11528736" />
</allocation-stats>
<gc-op id="4997" type="copy forward" timems="1.523" contextid="4994" timestamp="2019-07-07T05:36:23.209">
  <memory-copied type="eden" objects="8" bytes="192" bytesdiscarded="0" />
  <memory-copied type="other" objects="0" bytes="0" bytesdiscarded="0" />
  <memory-cardclean objects="16" bytes="528" />
  <regions eden="22" other="1" />
  <remembered-set-cleared processed="99328" cleared="8" durationms="0.648" />
  <stringconstants candidates="13721" cleared="0"  />
</gc-op>
<gc-op id="4998" type="classunload" timems="0.004" contextid="4994" timestamp="2019-07-07T05:36:23.209">
  <classunload-info classloadercandidates="54" classloadersunloaded="0" classesunloaded="0" anonymousclassesunloaded="0" quiescems="0.000" setupms="0.004" scanms="0.000" postms="0.000" />
</gc-op>
<gc-end id="4999" type="partial gc" contextid="4994" durationms="2.594" usertimems="0.000" systemtimems="0.000" timestamp="2019-07-07T05:36:23.209" activeThreads="1">
  <mem-info id="5000" free="40894464" total="68157440" percent="60">
    <mem type="eden" free="1048384" total="1048576" percent="99" />
    <remembered-set count="101856" freebytes="2313216" totalbytes="2720640" percent="85" regionsoverflowed="0" regionsstable="0" regionsrebuilding="18"/>
  </mem-info>
</gc-end>
<cycle-end id="5001" type="partial gc" contextid="4994" timestamp="2019-07-07T05:36:23.209" />
  <attribute name="elasticGC enabled" value="1" />
  <attribute name= "numThreadsSpecified" value="1" />
  <attribute name="heapSize specified" value="0" />
  <attribute name="Current GC Util" value="59" />
  <attribute name= "Current Time Running" value="23901" />
  <attribute name ="GC Interval" value="0" />
  <attribute name="ProportionalT" value="19.500000" />
  <attribute name="ProportionalI" value="19.500000" />
  <attribute name="ProportionalH" value="19.500000" />
  <attribute name="Current Error" value="39.000000" />
  <attribute name="IntegralT" value="0.000000" />
  <attribute name="IntegralI" value="0.000000" />
  <attribute name="IntegralH" value="0.000000" />
  <attribute name="DerivativeT" value="inf" />
  <attribute name="DerivativeI" value="inf" />
  <attribute name="DerivativeH" value="inf" />
  <attribute name="Loop Time for DT" value="0.000000" />
  <attribute name="Output H" value="8388608"/>
  <attribute name="Output I" value="200"/>
  <attribute name="Output T" value="1"/>
  <attribute name="Target GC Util Change" value ="20.000000" />
  <attribute name="Current GC Util Change" value="59.000000"/>
  <attribute name="GC Util currently" value="59" />
  <attribute name="CPU Util currently" value="17299249971693" />
<exclusive-end id="5002" timestamp="2019-07-07T05:36:23.209" durationms="3.610" />

<exclusive-start id="5003" timestamp="2019-07-07T05:36:23.213" intervalms="7.255">
  <response-info timems="0.074" idlems="0.074" threads="0" lastid="000000000096B700" lastname="main" />
</exclusive-start>
<allocation-taxation id="5004" taxation-threshold="11534336" timestamp="2019-07-07T05:36:23.213" intervalms="7.206" />
<gc-start id="5005" type="global mark phase" contextid="4821" timestamp="2019-07-07T05:36:23.213">
  <mem-info id="5006" free="29360128" total="68157440" percent="43">
    <remembered-set count="101408" freebytes="2315008" totalbytes="2720640" percent="85" regionsoverflowed="0" regionsstable="0" regionsrebuilding="18"/>
  </mem-info>
</gc-start>
<gc-end id="5007" type="global mark phase" contextid="4821" durationms="0.148" usertimems="0.000" systemtimems="0.000" timestamp="2019-07-07T05:36:23.213" activeThreads="1">
  <mem-info id="5008" free="29360128" total="68157440" percent="43">
    <remembered-set count="101408" freebytes="2315008" totalbytes="2720640" percent="85" regionsoverflowed="0" regionsstable="0" regionsrebuilding="18"/>
  </mem-info>
</gc-end>
<concurrent-start id="5009" type="GMP work packet processing" contextid="4821" timestamp="2019-07-07T05:36:23.213">
  <concurrent-mark-start scanTarget="1048576" />
</concurrent-start>
<exclusive-end id="5010" timestamp="2019-07-07T05:36:23.214" durationms="1.590" />

<concurrent-end id="5011" type="GMP work packet processing" contextid="4821" timestamp="2019-07-07T05:36:23.214">
  <concurrent-mark-end bytesScanned="1079652" reasonForTermination="Work target met" />
</concurrent-end>

<exclusive-start id="5012" timestamp="2019-07-07T05:36:23.218" intervalms="5.193">
  <response-info timems="0.054" idlems="0.054" threads="0" lastid="000000000096B700" lastname="main" />
</exclusive-start>
<allocation-taxation id="5013" taxation-threshold="11534336" timestamp="2019-07-07T05:36:23.218" intervalms="5.137" />
<cycle-start id="5014" type="partial gc" contextid="0" timestamp="2019-07-07T05:36:23.218" intervalms="12.303" />
<gc-start id="5015" type="partial gc" contextid="5014" timestamp="2019-07-07T05:36:23.219">
  <mem-info id="5016" free="17825792" total="68157440" percent="26">
    <mem type="eden" free="1048384" total="24117248" percent="4" />
    <remembered-set count="119136" freebytes="2244096" totalbytes="2720640" percent="82" regionsoverflowed="0" regionsstable="0" regionsrebuilding="18"/>
  </mem-info>
</gc-start>
<allocation-stats totalBytes="23056312" >
  <allocated-bytes non-tlh="0" tlh="23056312" arrayletleaf="0"/>
  <largest-consumer threadName="main" threadId="000000000096B700" bytes="11528496" />
</allocation-stats>
<gc-op id="5017" type="copy forward" timems="1.881" contextid="5014" timestamp="2019-07-07T05:36:23.221">
  <memory-copied type="eden" objects="5" bytes="368" bytesdiscarded="0" />
  <memory-copied type="other" objects="0" bytes="0" bytesdiscarded="0" />
  <memory-cardclean objects="16" bytes="528" />
  <regions eden="22" other="1" />
  <remembered-set-cleared processed="117094" cleared="9" durationms="0.450" />
  <stringconstants candidates="13721" cleared="0"  />
</gc-op>
<gc-op id="5018" type="classunload" timems="0.004" contextid="5014" timestamp="2019-07-07T05:36:23.221">
  <classunload-info classloadercandidates="54" classloadersunloaded="0" classesunloaded="0" anonymousclassesunloaded="0" quiescems="0.000" setupms="0.004" scanms="0.000" postms="0.000" />
</gc-op>
<gc-end id="5019" type="partial gc" contextid="5014" durationms="2.998" usertimems="4.000" systemtimems="0.000" timestamp="2019-07-07T05:36:23.222" activeThreads="4">
  <mem-info id="5020" free="40894464" total="68157440" percent="60">
    <mem type="eden" free="1048208" total="1048576" percent="99" />
    <remembered-set count="119456" freebytes="2242816" totalbytes="2720640" percent="82" regionsoverflowed="0" regionsstable="0" regionsrebuilding="18"/>
  </mem-info>
</gc-end>
<cycle-end id="5021" type="partial gc" contextid="5014" timestamp="2019-07-07T05:36:23.222" />
  <attribute name="elasticGC enabled" value="1" />
  <attribute name= "numThreadsSpecified" value="4" />
  <attribute name="heapSize specified" value="0" />
  <attribute name="Current GC Util" value="40" />
  <attribute name= "Current Time Running" value="23914" />
  <attribute name ="GC Interval" value="0" />
  <attribute name="ProportionalT" value="10.000000" />
  <attribute name="ProportionalI" value="10.000000" />
  <attribute name="ProportionalH" value="10.000000" />
  <attribute name="Current Error" value="20.000000" />
  <attribute name="IntegralT" value="10.000000" />
  <attribute name="IntegralI" value="10.000000" />
  <attribute name="IntegralH" value="10.000000" />
  <attribute name="DerivativeT" value="13.000000" />
  <attribute name="DerivativeI" value="13.000000" />
  <attribute name="DerivativeH" value="13.000000" />
  <attribute name="Loop Time for DT" value="1.000000" />
  <attribute name="Output H" value="8388608"/>
  <attribute name="Output I" value="200"/>
  <attribute name="Output T" value="4"/>
  <attribute name="Target GC Util Change" value ="20.000000" />
  <attribute name="Current GC Util Change" value="40.000000"/>
  <attribute name="GC Util currently" value="40" />
  <attribute name="CPU Util currently" value="14866958594380" />
<exclusive-end id="5022" timestamp="2019-07-07T05:36:23.222" durationms="3.879" />

<exclusive-start id="5023" timestamp="2019-07-07T05:36:23.226" intervalms="7.557">
  <response-info timems="0.078" idlems="0.078" threads="0" lastid="000000000096B700" lastname="main" />
</exclusive-start>
<allocation-taxation id="5024" taxation-threshold="11534336" timestamp="2019-07-07T05:36:23.226" intervalms="7.652" />
<gc-start id="5025" type="global mark phase" contextid="4821" timestamp="2019-07-07T05:36:23.226">
  <mem-info id="5026" free="29360128" total="68157440" percent="43">
    <remembered-set count="118976" freebytes="2244736" totalbytes="2720640" percent="82" regionsoverflowed="0" regionsstable="0" regionsrebuilding="18"/>
  </mem-info>
</gc-start>
<gc-end id="5027" type="global mark phase" contextid="4821" durationms="0.159" usertimems="0.000" systemtimems="0.000" timestamp="2019-07-07T05:36:23.226" activeThreads="4">
  <mem-info id="5028" free="29360128" total="68157440" percent="43">
    <remembered-set count="118976" freebytes="2244736" totalbytes="2720640" percent="82" regionsoverflowed="0" regionsstable="0" regionsrebuilding="18"/>
  </mem-info>
</gc-end>
<concurrent-start id="5029" type="GMP work packet processing" contextid="4821" timestamp="2019-07-07T05:36:23.226">
  <concurrent-mark-start scanTarget="1403463" />
</concurrent-start>
<exclusive-end id="5030" timestamp="2019-07-07T05:36:23.226" durationms="0.950" />

<concurrent-end id="5031" type="GMP work packet processing" contextid="4821" timestamp="2019-07-07T05:36:23.227">
  <concurrent-mark-end bytesScanned="789428" reasonForTermination="Completed all work in GC phase" />
</concurrent-end>

<exclusive-start id="5032" timestamp="2019-07-07T05:36:23.231" intervalms="5.111">
  <response-info timems="0.056" idlems="0.056" threads="0" lastid="000000000096B700" lastname="main" />
</exclusive-start>
<allocation-taxation id="5033" taxation-threshold="11534336" timestamp="2019-07-07T05:36:23.231" intervalms="5.009" />
<cycle-start id="5034" type="partial gc" contextid="0" timestamp="2019-07-07T05:36:23.231" intervalms="12.666" />
<gc-start id="5035" type="partial gc" contextid="5034" timestamp="2019-07-07T05:36:23.231">
  <mem-info id="5036" free="17825792" total="68157440" percent="26">
    <mem type="eden" free="1048208" total="24117248" percent="4" />
    <remembered-set count="129952" freebytes="2200832" totalbytes="2720640" percent="80" regionsoverflowed="0" regionsstable="0" regionsrebuilding="18"/>
  </mem-info>
</gc-start>
<allocation-stats totalBytes="23056432" >
  <allocated-bytes non-tlh="0" tlh="23056432" arrayletleaf="0"/>
  <largest-consumer threadName="main" threadId="000000000096B700" bytes="11528584" />
</allocation-stats>
<gc-op id="5037" type="copy forward" timems="1.783" contextid="5034" timestamp="2019-07-07T05:36:23.234">
  <memory-copied type="eden" objects="5" bytes="328" bytesdiscarded="0" />
  <memory-copied type="other" objects="0" bytes="0" bytesdiscarded="0" />
  <memory-cardclean objects="16" bytes="528" />
  <regions eden="22" other="1" />
  <remembered-set-cleared processed="127844" cleared="8" durationms="0.388" />
  <stringconstants candidates="13721" cleared="0"  />
</gc-op>
<gc-op id="5038" type="classunload" timems="0.003" contextid="5034" timestamp="2019-07-07T05:36:23.234">
  <classunload-info classloadercandidates="54" classloadersunloaded="0" classesunloaded="0" anonymousclassesunloaded="0" quiescems="0.000" setupms="0.003" scanms="0.000" postms="0.000" />
</gc-op>
<gc-end id="5039" type="partial gc" contextid="5034" durationms="2.739" usertimems="4.000" systemtimems="0.000" timestamp="2019-07-07T05:36:23.234" activeThreads="4">
  <mem-info id="5040" free="40894464" total="68157440" percent="60">
    <mem type="eden" free="1048248" total="1048576" percent="99" />
    <remembered-set count="129888" freebytes="2201088" totalbytes="2720640" percent="80" regionsoverflowed="0" regionsstable="0" regionsrebuilding="18"/>
  </mem-info>
</gc-end>
<cycle-end id="5041" type="partial gc" contextid="5034" timestamp="2019-07-07T05:36:23.234" />
  <attribute name="elasticGC enabled" value="1" />
  <attribute name= "numThreadsSpecified" value="4" />
  <attribute name="heapSize specified" value="0" />
  <attribute name="Current GC Util" value="0" />
  <attribute name= "Current Time Running" value="23926" />
  <attribute name ="GC Interval" value="0" />
  <attribute name="ProportionalT" value="-10.000000" />
  <attribute name="ProportionalI" value="-10.000000" />
  <attribute name="ProportionalH" value="-10.000000" />
  <attribute name="Current Error" value="-20.000000" />
  <attribute name="IntegralT" value="0.000000" />
  <attribute name="IntegralI" value="0.000000" />
  <attribute name="IntegralH" value="0.000000" />
  <attribute name="DerivativeT" value="-inf" />
  <attribute name="DerivativeI" value="-inf" />
  <attribute name="DerivativeH" value="-inf" />
  <attribute name="Loop Time for DT" value="0.000000" />
  <attribute name="Output H" value="2091843584"/>
  <attribute name="Output I" value="200"/>
  <attribute name="Output T" value="4"/>
  <attribute name="Target GC Util Change" value ="20.000000" />
  <attribute name="Current GC Util Change" value="0.000000"/>
  <attribute name="GC Util currently" value="0" />
  <attribute name="CPU Util currently" value="32778361076750" />
<exclusive-end id="5042" timestamp="2019-07-07T05:36:23.234" durationms="3.579" />

<exclusive-start id="5043" timestamp="2019-07-07T05:36:23.238" intervalms="7.206">
  <response-info timems="0.075" idlems="0.075" threads="0" lastid="000000000096B700" lastname="main" />
</exclusive-start>
<allocation-taxation id="5044" taxation-threshold="11534336" timestamp="2019-07-07T05:36:23.238" intervalms="7.271" />
<gc-start id="5045" type="global mark phase" contextid="4821" timestamp="2019-07-07T05:36:23.238">
  <mem-info id="5046" free="29360128" total="68157440" percent="43">
    <remembered-set count="129408" freebytes="2203008" totalbytes="2720640" percent="80" regionsoverflowed="0" regionsstable="0" regionsrebuilding="18"/>
  </mem-info>
</gc-start>
<gc-op id="5047" type="mark increment" timems="1.262" contextid="4821" timestamp="2019-07-07T05:36:23.240">
  <trace-info objectcount="137" scancount="135" scanbytes="4108" />
  <cardclean-info objects="171" bytes="15912" />
  <finalization candidates="80" enqueued="0" />
  <ownableSynchronizers candidates="21" cleared="0" />
  <references type="soft" candidates="3584" cleared="315" enqueued="311" dynamicThreshold="19" maxThreshold="32" />
  <references type="weak" candidates="5739" cleared="0" enqueued="0" />
  <references type="phantom" candidates="101" cleared="0" enqueued="0" />
  <stringconstants candidates="13721" cleared="6"  />
</gc-op>
<gc-op id="5048" type="classunload" timems="0.358" contextid="4821" timestamp="2019-07-07T05:36:23.240">
  <classunload-info classloadercandidates="54" classloadersunloaded="1" classesunloaded="1" anonymousclassesunloaded="0" quiescems="0.000" setupms="0.343" scanms="0.011" postms="0.003" />
</gc-op>
<gc-end id="5049" type="global mark phase" contextid="4821" durationms="2.029" usertimems="4.000" systemtimems="0.000" timestamp="2019-07-07T05:36:23.240" activeThreads="4">
  <mem-info id="5050" free="29360128" total="68157440" percent="43">
    <pending-finalizers system="0" default="0" reference="311" classloader="0" />
    <remembered-set count="131968" freebytes="2192768" totalbytes="2720640" percent="80" regionsoverflowed="0" regionsstable="0" regionsrebuilding="0"/>
  </mem-info>
</gc-end>
<cycle-end id="5051" type="global mark phase" contextid="4821" timestamp="2019-07-07T05:36:23.240" />
  <attribute name="elasticGC enabled" value="1" />
  <attribute name= "numThreadsSpecified" value="4" />
  <attribute name="heapSize specified" value="0" />
  <attribute name="Current GC Util" value="0" />
  <attribute name= "Current Time Running" value="23933" />
  <attribute name ="GC Interval" value="0" />
  <attribute name="ProportionalT" value="-10.000000" />
  <attribute name="ProportionalI" value="-10.000000" />
  <attribute name="ProportionalH" value="-10.000000" />
  <attribute name="Current Error" value="-20.000000" />
  <attribute name="IntegralT" value="0.000000" />
  <attribute name="IntegralI" value="0.000000" />
  <attribute name="IntegralH" value="0.000000" />
  <attribute name="DerivativeT" value="-inf" />
  <attribute name="DerivativeI" value="-inf" />
  <attribute name="DerivativeH" value="-inf" />
  <attribute name="Loop Time for DT" value="0.000000" />
  <attribute name="Output H" value="2091843584"/>
  <attribute name="Output I" value="200"/>
  <attribute name="Output T" value="4"/>
  <attribute name="Target GC Util Change" value ="20.000000" />
  <attribute name="Current GC Util Change" value="0.000000"/>
  <attribute name="GC Util currently" value="0" />
  <attribute name="CPU Util currently" value="65390796949548" />
<exclusive-end id="5052" timestamp="2019-07-07T05:36:23.241" durationms="2.673" />

<exclusive-start id="5053" timestamp="2019-07-07T05:36:23.244" intervalms="6.255">
  <response-info timems="0.062" idlems="0.062" threads="0" lastid="000000000096B700" lastname="main" />
</exclusive-start>
<allocation-taxation id="5054" taxation-threshold="11534336" timestamp="2019-07-07T05:36:23.244" intervalms="6.288" />
<cycle-start id="5055" type="partial gc" contextid="0" timestamp="2019-07-07T05:36:23.245" intervalms="13.558" />
<gc-start id="5056" type="partial gc" contextid="5055" timestamp="2019-07-07T05:36:23.245">
  <mem-info id="5057" free="17825792" total="68157440" percent="26">
    <mem type="eden" free="1048248" total="24117248" percent="4" />
    <remembered-set count="13664" freebytes="2665984" totalbytes="2720640" percent="97" regionsoverflowed="0" regionsstable="14" regionsrebuilding="0"/>
  </mem-info>
</gc-start>
<allocation-stats totalBytes="23056264" >
  <allocated-bytes non-tlh="3048" tlh="23053216" arrayletleaf="0"/>
  <largest-consumer threadName="main" threadId="000000000096B700" bytes="11525256" />
</allocation-stats>
<gc-op id="5058" type="sweep" timems="0.638" contextid="5055" timestamp="2019-07-07T05:36:23.246" />
<gc-op id="5059" type="copy forward" timems="0.936" contextid="5055" timestamp="2019-07-07T05:36:23.247">
  <memory-copied type="eden" objects="6" bytes="3256" bytesdiscarded="0" />
  <memory-copied type="other" objects="0" bytes="0" bytesdiscarded="0" />
  <memory-cardclean objects="472" bytes="23176" />
  <regions eden="11" other="1" />
  <remembered-set-cleared processed="12284" cleared="25" durationms="0.191" />
  <stringconstants candidates="13715" cleared="0"  />
</gc-op>
<gc-op id="5060" type="classunload" timems="0.004" contextid="5055" timestamp="2019-07-07T05:36:23.247">
  <classunload-info classloadercandidates="53" classloadersunloaded="0" classesunloaded="0" anonymousclassesunloaded="0" quiescems="0.000" setupms="0.004" scanms="0.000" postms="0.000" />
</gc-op>
<gc-end id="5061" type="partial gc" contextid="5055" durationms="2.886" usertimems="0.000" systemtimems="4.000" timestamp="2019-07-07T05:36:23.248" activeThreads="1">
  <mem-info id="5062" free="40894464" total="68157440" percent="60">
    <mem type="eden" free="1045320" total="1048576" percent="99" />
    <remembered-set count="14112" freebytes="2664192" totalbytes="2720640" percent="97" regionsoverflowed="0" regionsstable="14" regionsrebuilding="0"/>
  </mem-info>
</gc-end>
<cycle-end id="5063" type="partial gc" contextid="5055" timestamp="2019-07-07T05:36:23.248" />
  <attribute name="elasticGC enabled" value="1" />
  <attribute name= "numThreadsSpecified" value="1" />
  <attribute name="heapSize specified" value="0" />
  <attribute name="Current GC Util" value="69" />
  <attribute name= "Current Time Running" value="23941" />
  <attribute name ="GC Interval" value="0" />
  <attribute name="ProportionalT" value="24.500000" />
  <attribute name="ProportionalI" value="24.500000" />
  <attribute name="ProportionalH" value="24.500000" />
  <attribute name="Current Error" value="49.000000" />
  <attribute name="IntegralT" value="0.000000" />
  <attribute name="IntegralI" value="0.000000" />
  <attribute name="IntegralH" value="0.000000" />
  <attribute name="DerivativeT" value="inf" />
  <attribute name="DerivativeI" value="inf" />
  <attribute name="DerivativeH" value="inf" />
  <attribute name="Loop Time for DT" value="0.000000" />
  <attribute name="Output H" value="8388608"/>
  <attribute name="Output I" value="200"/>
  <attribute name="Output T" value="1"/>
  <attribute name="Target GC Util Change" value ="20.000000" />
  <attribute name="Current GC Util Change" value="69.000000"/>
  <attribute name="GC Util currently" value="69" />
  <attribute name="CPU Util currently" value="19930876615454" />
<exclusive-end id="5064" timestamp="2019-07-07T05:36:23.248" durationms="3.870" />

<exclusive-start id="5065" timestamp="2019-07-07T05:36:23.256" intervalms="11.467">
  <response-info timems="0.070" idlems="0.070" threads="0" lastid="000000000096B700" lastname="main" />
</exclusive-start>
<allocation-taxation id="5066" taxation-threshold="24117248" timestamp="2019-07-07T05:36:23.256" intervalms="11.386" />
<cycle-start id="5067" type="partial gc" contextid="0" timestamp="2019-07-07T05:36:23.256" intervalms="11.383" />
<gc-start id="5068" type="partial gc" contextid="5067" timestamp="2019-07-07T05:36:23.256">
  <mem-info id="5069" free="16777216" total="68157440" percent="24">
    <mem type="eden" free="0" total="24117248" percent="0" />
    <remembered-set count="13632" freebytes="2666112" totalbytes="2720640" percent="97" regionsoverflowed="0" regionsstable="14" regionsrebuilding="0"/>
  </mem-info>
</gc-start>
<allocation-stats totalBytes="24104144" >
  <allocated-bytes non-tlh="0" tlh="24104144" arrayletleaf="0"/>
  <largest-consumer threadName="main" threadId="000000000096B700" bytes="24104144" />
</allocation-stats>
<gc-op id="5070" type="copy forward" timems="1.093" contextid="5067" timestamp="2019-07-07T05:36:23.258">
  <memory-copied type="eden" objects="26" bytes="1064" bytesdiscarded="0" />
  <memory-copied type="other" objects="13" bytes="3336" bytesdiscarded="0" />
  <memory-cardclean objects="123" bytes="4160" />
  <regions eden="23" other="3" />
  <remembered-set-cleared processed="12270" cleared="28" durationms="0.181" />
  <stringconstants candidates="13715" cleared="0"  />
</gc-op>
<gc-op id="5071" type="classunload" timems="0.004" contextid="5067" timestamp="2019-07-07T05:36:23.258">
  <classunload-info classloadercandidates="53" classloadersunloaded="0" classesunloaded="0" anonymousclassesunloaded="0" quiescems="0.000" setupms="0.004" scanms="0.000" postms="0.000" />
</gc-op>
<heap-resize id="5072" type="expand" space="default" amount="3145728" count="1" timems="0.062" reason="excessive time being spent in gc" timestamp="2019-07-07T05:36:23.258" />
<gc-end id="5073" type="partial gc" contextid="5067" durationms="2.288" usertimems="4.000" systemtimems="0.000" timestamp="2019-07-07T05:36:23.258" activeThreads="1">
  <mem-info id="5074" free="42991616" total="71303168" percent="60">
    <mem type="eden" free="1047512" total="1048576" percent="99" />
    <remembered-set count="14112" freebytes="2789760" totalbytes="2846208" percent="98" regionsoverflowed="0" regionsstable="14" regionsrebuilding="0"/>
  </mem-info>
</gc-end>
<cycle-end id="5075" type="partial gc" contextid="5067" timestamp="2019-07-07T05:36:23.259" />
  <attribute name="elasticGC enabled" value="1" />
  <attribute name= "numThreadsSpecified" value="1" />
  <attribute name="heapSize specified" value="0" />
  <attribute name="Current GC Util" value="170" />
  <attribute name= "Current Time Running" value="23951" />
  <attribute name ="GC Interval" value="0" />
  <attribute name="ProportionalT" value="75.000000" />
  <attribute name="ProportionalI" value="75.000000" />
  <attribute name="ProportionalH" value="75.000000" />
  <attribute name="Current Error" value="150.000000" />
  <attribute name="IntegralT" value="0.000000" />
  <attribute name="IntegralI" value="0.000000" />
  <attribute name="IntegralH" value="0.000000" />
  <attribute name="DerivativeT" value="inf" />
  <attribute name="DerivativeI" value="inf" />
  <attribute name="DerivativeH" value="inf" />
  <attribute name="Loop Time for DT" value="0.000000" />
  <attribute name="Output H" value="8388608"/>
  <attribute name="Output I" value="200"/>
  <attribute name="Output T" value="1"/>
  <attribute name="Target GC Util Change" value ="20.000000" />
  <attribute name="Current GC Util Change" value="170.000000"/>
  <attribute name="GC Util currently" value="170" />
  <attribute name="CPU Util currently" value="13644929417635" />
<exclusive-end id="5076" timestamp="2019-07-07T05:36:23.259" durationms="3.139" />

<exclusive-start id="5077" timestamp="2019-07-07T05:36:23.267" intervalms="11.066">
  <response-info timems="0.076" idlems="0.076" threads="0" lastid="000000000096B700" lastname="main" />
</exclusive-start>
<allocation-taxation id="5078" taxation-threshold="24117248" timestamp="2019-07-07T05:36:23.267" intervalms="11.158" />
<cycle-start id="5079" type="partial gc" contextid="0" timestamp="2019-07-07T05:36:23.267" intervalms="11.199" />
<gc-start id="5080" type="partial gc" contextid="5079" timestamp="2019-07-07T05:36:23.267">
  <mem-info id="5081" free="18874368" total="71303168" percent="26">
    <mem type="eden" free="0" total="24117248" percent="0" />
    <remembered-set count="13728" freebytes="2791296" totalbytes="2846208" percent="98" regionsoverflowed="0" regionsstable="14" regionsrebuilding="0"/>
  </mem-info>
</gc-start>
<allocation-stats totalBytes="24096960" >
  <allocated-bytes non-tlh="0" tlh="24096960" arrayletleaf="0"/>
  <largest-consumer threadName="main" threadId="000000000096B700" bytes="24096960" />
</allocation-stats>
<gc-op id="5082" type="copy forward" timems="3.052" contextid="5079" timestamp="2019-07-07T05:36:23.271">
  <memory-copied type="eden" objects="5" bytes="288" bytesdiscarded="0" />
  <memory-copied type="other" objects="24" bytes="1992" bytesdiscarded="1632" />
  <memory-cardclean objects="69" bytes="2360" />
  <regions eden="23" other="3" />
  <remembered-set-cleared processed="12261" cleared="14" durationms="0.122" />
  <stringconstants candidates="13715" cleared="0"  />
</gc-op>
<gc-op id="5083" type="classunload" timems="0.003" contextid="5079" timestamp="2019-07-07T05:36:23.271">
  <classunload-info classloadercandidates="53" classloadersunloaded="0" classesunloaded="0" anonymousclassesunloaded="0" quiescems="0.000" setupms="0.003" scanms="0.000" postms="0.000" />
</gc-op>
<gc-end id="5084" type="partial gc" contextid="5079" durationms="4.198" usertimems="4.000" systemtimems="4.000" timestamp="2019-07-07T05:36:23.272" activeThreads="4">
  <mem-info id="5085" free="44040192" total="71303168" percent="61">
    <mem type="eden" free="1048288" total="1048576" percent="99" />
    <remembered-set count="14400" freebytes="2788608" totalbytes="2846208" percent="97" regionsoverflowed="0" regionsstable="14" regionsrebuilding="0"/>
  </mem-info>
</gc-end>
<cycle-end id="5086" type="partial gc" contextid="5079" timestamp="2019-07-07T05:36:23.272" />
  <attribute name="elasticGC enabled" value="1" />
  <attribute name= "numThreadsSpecified" value="4" />
  <attribute name="heapSize specified" value="0" />
  <attribute name="Current GC Util" value="296" />
  <attribute name= "Current Time Running" value="23963" />
  <attribute name ="GC Interval" value="0" />
  <attribute name="ProportionalT" value="138.000000" />
  <attribute name="ProportionalI" value="138.000000" />
  <attribute name="ProportionalH" value="138.000000" />
  <attribute name="Current Error" value="276.000000" />
  <attribute name="IntegralT" value="138.000000" />
  <attribute name="IntegralI" value="138.000000" />
  <attribute name="IntegralH" value="138.000000" />
  <attribute name="DerivativeT" value="276.000000" />
  <attribute name="DerivativeI" value="276.000000" />
  <attribute name="DerivativeH" value="276.000000" />
  <attribute name="Loop Time for DT" value="1.000000" />
  <attribute name="Output H" value="8388608"/>
  <attribute name="Output I" value="552"/>
  <attribute name="Output T" value="4"/>
  <attribute name="Target GC Util Change" value ="20.000000" />
  <attribute name="Current GC Util Change" value="296.000000"/>
  <attribute name="GC Util currently" value="296" />
  <attribute name="CPU Util currently" value="13725296666482" />
<exclusive-end id="5087" timestamp="2019-07-07T05:36:23.272" durationms="5.195" />

<exclusive-start id="5088" timestamp="2019-07-07T05:36:23.280" intervalms="13.023">
  <response-info timems="0.076" idlems="0.076" threads="0" lastid="000000000096B700" lastname="main" />
</exclusive-start>
<allocation-taxation id="5089" taxation-threshold="24117248" timestamp="2019-07-07T05:36:23.280" intervalms="12.986" />
<cycle-start id="5090" type="partial gc" contextid="0" timestamp="2019-07-07T05:36:23.280" intervalms="12.941" />
<gc-start id="5091" type="partial gc" contextid="5090" timestamp="2019-07-07T05:36:23.280">
  <mem-info id="5092" free="19922944" total="71303168" percent="27">
    <mem type="eden" free="1048288" total="25165824" percent="4" />
    <remembered-set count="3232" freebytes="2833280" totalbytes="2846208" percent="99" regionsoverflowed="0" regionsstable="17" regionsrebuilding="0"/>
  </mem-info>
</gc-start>
<allocation-stats totalBytes="24095280" >
  <allocated-bytes non-tlh="0" tlh="24095280" arrayletleaf="0"/>
  <largest-consumer threadName="main" threadId="000000000096B700" bytes="24095280" />
</allocation-stats>
<gc-op id="5093" type="copy forward" timems="2.291" contextid="5090" timestamp="2019-07-07T05:36:23.283">
  <memory-copied type="eden" objects="7" bytes="504" bytesdiscarded="0" />
  <memory-copied type="other" objects="2654" bytes="148256" bytesdiscarded="11024" />
  <memory-cardclean objects="462" bytes="31104" />
  <regions eden="23" other="3" />
  <remembered-set-cleared processed="1277" cleared="16" durationms="0.087" />
  <references type="soft" candidates="7" cleared="0" enqueued="0" dynamicThreshold="19" maxThreshold="32" />
  <references type="weak" candidates="141" cleared="0" enqueued="0" />
  <stringconstants candidates="13715" cleared="0"  />
</gc-op>
<gc-op id="5094" type="classunload" timems="0.003" contextid="5090" timestamp="2019-07-07T05:36:23.284">
  <classunload-info classloadercandidates="53" classloadersunloaded="0" classesunloaded="0" anonymousclassesunloaded="0" quiescems="0.000" setupms="0.003" scanms="0.000" postms="0.000" />
</gc-op>
<gc-end id="5095" type="partial gc" contextid="5090" durationms="3.414" usertimems="4.000" systemtimems="0.000" timestamp="2019-07-07T05:36:23.284" activeThreads="4">
  <mem-info id="5096" free="45088768" total="71303168" percent="63">
    <mem type="eden" free="1048072" total="1048576" percent="99" />
    <remembered-set count="3072" freebytes="2833920" totalbytes="2846208" percent="99" regionsoverflowed="0" regionsstable="17" regionsrebuilding="0"/>
  </mem-info>
</gc-end>
<cycle-end id="5097" type="partial gc" contextid="5090" timestamp="2019-07-07T05:36:23.284" />
  <attribute name="elasticGC enabled" value="1" />
  <attribute name= "numThreadsSpecified" value="4" />
  <attribute name="heapSize specified" value="0" />
  <attribute name="Current GC Util" value="161" />
  <attribute name= "Current Time Running" value="23976" />
  <attribute name ="GC Interval" value="0" />
  <attribute name="ProportionalT" value="70.500000" />
  <attribute name="ProportionalI" value="70.500000" />
  <attribute name="ProportionalH" value="70.500000" />
  <attribute name="Current Error" value="141.000000" />
  <attribute name="IntegralT" value="70.500000" />
  <attribute name="IntegralI" value="70.500000" />
  <attribute name="IntegralH" value="70.500000" />
  <attribute name="DerivativeT" value="97.000000" />
  <attribute name="DerivativeI" value="97.000000" />
  <attribute name="DerivativeH" value="97.000000" />
  <attribute name="Loop Time for DT" value="1.000000" />
  <attribute name="Output H" value="8388608"/>
  <attribute name="Output I" value="240"/>
  <attribute name="Output T" value="4"/>
  <attribute name="Target GC Util Change" value ="20.000000" />
  <attribute name="Current GC Util Change" value="161.000000"/>
  <attribute name="GC Util currently" value="161" />
  <attribute name="CPU Util currently" value="13821554204814" />
<exclusive-end id="5098" timestamp="2019-07-07T05:36:23.284" durationms="4.257" />

<exclusive-start id="5099" timestamp="2019-07-07T05:36:23.292" intervalms="12.114">
  <response-info timems="0.081" idlems="0.081" threads="0" lastid="000000000096B700" lastname="main" />
</exclusive-start>
<allocation-taxation id="5100" taxation-threshold="24117248" timestamp="2019-07-07T05:36:23.292" intervalms="12.105" />
<cycle-start id="5101" type="partial gc" contextid="0" timestamp="2019-07-07T05:36:23.292" intervalms="12.103" />
<gc-start id="5102" type="partial gc" contextid="5101" timestamp="2019-07-07T05:36:23.292">
  <mem-info id="5103" free="20971520" total="71303168" percent="29">
    <mem type="eden" free="1048072" total="25165824" percent="4" />
    <remembered-set count="3072" freebytes="2833920" totalbytes="2846208" percent="99" regionsoverflowed="0" regionsstable="17" regionsrebuilding="0"/>
  </mem-info>
</gc-start>
<allocation-stats totalBytes="24095712" >
  <allocated-bytes non-tlh="0" tlh="24095712" arrayletleaf="0"/>
  <largest-consumer threadName="main" threadId="000000000096B700" bytes="24095712" />
</allocation-stats>
<gc-op id="5104" type="copy forward" timems="2.010" contextid="5101" timestamp="2019-07-07T05:36:23.295">
  <memory-copied type="eden" objects="5" bytes="312" bytesdiscarded="0" />
  <memory-copied type="other" objects="102" bytes="3504" bytesdiscarded="968" />
  <memory-cardclean objects="80" bytes="10616" />
  <regions eden="23" other="2" />
  <remembered-set-cleared processed="1326" cleared="10" durationms="0.085" />
  <references type="weak" candidates="37" cleared="0" enqueued="0" />
  <stringconstants candidates="13715" cleared="0"  />
</gc-op>
<gc-op id="5105" type="classunload" timems="0.003" contextid="5101" timestamp="2019-07-07T05:36:23.295">
  <classunload-info classloadercandidates="53" classloadersunloaded="0" classesunloaded="0" anonymousclassesunloaded="0" quiescems="0.000" setupms="0.003" scanms="0.000" postms="0.000" />
</gc-op>
<heap-resize id="5106" type="contract" space="default" amount="3145728" count="1" timems="0.061" reason="excess free space following gc" timestamp="2019-07-07T05:36:23.296" />
<gc-end id="5107" type="partial gc" contextid="5101" durationms="3.306" usertimems="8.000" systemtimems="0.000" timestamp="2019-07-07T05:36:23.296" activeThreads="4">
  <mem-info id="5108" free="41943040" total="68157440" percent="61">
    <mem type="eden" free="1048264" total="1048576" percent="99" />
    <remembered-set count="3104" freebytes="2833792" totalbytes="2846208" percent="99" regionsoverflowed="0" regionsstable="17" regionsrebuilding="0"/>
  </mem-info>
</gc-end>
<cycle-end id="5109" type="partial gc" contextid="5101" timestamp="2019-07-07T05:36:23.296" />
  <attribute name="elasticGC enabled" value="1" />
  <attribute name= "numThreadsSpecified" value="4" />
  <attribute name="heapSize specified" value="0" />
  <attribute name="Current GC Util" value="162" />
  <attribute name= "Current Time Running" value="23988" />
  <attribute name ="GC Interval" value="0" />
  <attribute name="ProportionalT" value="71.000000" />
  <attribute name="ProportionalI" value="71.000000" />
  <attribute name="ProportionalH" value="71.000000" />
  <attribute name="Current Error" value="142.000000" />
  <attribute name="IntegralT" value="71.000000" />
  <attribute name="IntegralI" value="71.000000" />
  <attribute name="IntegralH" value="71.000000" />
  <attribute name="DerivativeT" value="117.000000" />
  <attribute name="DerivativeI" value="117.000000" />
  <attribute name="DerivativeH" value="117.000000" />
  <attribute name="Loop Time for DT" value="1.000000" />
  <attribute name="Output H" value="8388608"/>
  <attribute name="Output I" value="264"/>
  <attribute name="Output T" value="4"/>
  <attribute name="Target GC Util Change" value ="20.000000" />
  <attribute name="Current GC Util Change" value="162.000000"/>
  <attribute name="GC Util currently" value="162" />
  <attribute name="CPU Util currently" value="13747062913127" />
<exclusive-end id="5110" timestamp="2019-07-07T05:36:23.296" durationms="4.147" />

<exclusive-start id="5111" timestamp="2019-07-07T05:36:23.309" intervalms="16.943">
  <response-info timems="0.077" idlems="0.077" threads="0" lastid="000000000096B700" lastname="main" />
</exclusive-start>
<allocation-taxation id="5112" taxation-threshold="24117248" timestamp="2019-07-07T05:36:23.309" intervalms="16.956" />
<cycle-start id="5113" type="partial gc" contextid="0" timestamp="2019-07-07T05:36:23.309" intervalms="16.964" />
<gc-start id="5114" type="partial gc" contextid="5113" timestamp="2019-07-07T05:36:23.309">
  <mem-info id="5115" free="17825792" total="68157440" percent="26">
    <mem type="eden" free="1048264" total="25165824" percent="4" />
    <remembered-set count="3104" freebytes="2833792" totalbytes="2846208" percent="99" regionsoverflowed="0" regionsstable="17" regionsrebuilding="0"/>
  </mem-info>
</gc-start>
<allocation-stats totalBytes="24101064" >
  <allocated-bytes non-tlh="0" tlh="24101064" arrayletleaf="0"/>
  <largest-consumer threadName="main" threadId="000000000096B700" bytes="24101064" />
</allocation-stats>
<gc-op id="5116" type="copy forward" timems="2.210" contextid="5113" timestamp="2019-07-07T05:36:23.313">
  <memory-copied type="eden" objects="37" bytes="1648" bytesdiscarded="360" />
  <memory-copied type="other" objects="0" bytes="0" bytesdiscarded="0" />
  <memory-cardclean objects="108" bytes="4648" />
  <regions eden="23" other="1" />
  <remembered-set-cleared processed="1325" cleared="11" durationms="0.087" />
  <stringconstants candidates="13715" cleared="0"  />
</gc-op>
<gc-op id="5117" type="classunload" timems="0.004" contextid="5113" timestamp="2019-07-07T05:36:23.313">
  <classunload-info classloadercandidates="53" classloadersunloaded="0" classesunloaded="0" anonymousclassesunloaded="0" quiescems="0.000" setupms="0.004" scanms="0.000" postms="0.000" />
</gc-op>
<gc-end id="5118" type="partial gc" contextid="5113" durationms="3.601" usertimems="8.000" systemtimems="0.000" timestamp="2019-07-07T05:36:23.313" activeThreads="4">
  <mem-info id="5119" free="41943040" total="68157440" percent="61">
    <mem type="eden" free="1046568" total="1048576" percent="99" />
    <remembered-set count="3616" freebytes="2706176" totalbytes="2720640" percent="99" regionsoverflowed="0" regionsstable="17" regionsrebuilding="0"/>
  </mem-info>
</gc-end>
<cycle-end id="5120" type="partial gc" contextid="5113" timestamp="2019-07-07T05:36:23.313" />
  <attribute name="elasticGC enabled" value="1" />
  <attribute name= "numThreadsSpecified" value="4" />
  <attribute name="heapSize specified" value="0" />
  <attribute name="Current GC Util" value="98" />
  <attribute name= "Current Time Running" value="24005" />
  <attribute name ="GC Interval" value="0" />
  <attribute name="ProportionalT" value="39.000000" />
  <attribute name="ProportionalI" value="39.000000" />
  <attribute name="ProportionalH" value="39.000000" />
  <attribute name="Current Error" value="78.000000" />
  <attribute name="IntegralT" value="39.000000" />
  <attribute name="IntegralI" value="39.000000" />
  <attribute name="IntegralH" value="39.000000" />
  <attribute name="DerivativeT" value="68.000000" />
  <attribute name="DerivativeI" value="68.000000" />
  <attribute name="DerivativeH" value="68.000000" />
  <attribute name="Loop Time for DT" value="1.000000" />
  <attribute name="Output H" value="8388608"/>
  <attribute name="Output I" value="200"/>
  <attribute name="Output T" value="4"/>
  <attribute name="Target GC Util Change" value ="20.000000" />
  <attribute name="Current GC Util Change" value="98.000000"/>
  <attribute name="GC Util currently" value="98" />
  <attribute name="CPU Util currently" value="8036368182277" />
<exclusive-end id="5121" timestamp="2019-07-07T05:36:23.313" durationms="4.508" />

<exclusive-start id="5122" timestamp="2019-07-07T05:36:23.338" intervalms="29.518">
  <response-info timems="0.075" idlems="0.075" threads="0" lastid="000000000096B700" lastname="main" />
</exclusive-start>
<allocation-taxation id="5123" taxation-threshold="24117248" timestamp="2019-07-07T05:36:23.338" intervalms="29.551" />
<cycle-start id="5124" type="partial gc" contextid="0" timestamp="2019-07-07T05:36:23.339" intervalms="29.578" />
<gc-start id="5125" type="partial gc" contextid="5124" timestamp="2019-07-07T05:36:23.339">
  <mem-info id="5126" free="17825792" total="68157440" percent="26">
    <mem type="eden" free="0" total="24117248" percent="0" />
    <remembered-set count="3136" freebytes="2708096" totalbytes="2720640" percent="99" regionsoverflowed="0" regionsstable="17" regionsrebuilding="0"/>
  </mem-info>
</gc-start>
<allocation-stats totalBytes="24111704" >
  <allocated-bytes non-tlh="0" tlh="24111704" arrayletleaf="0"/>
  <largest-consumer threadName="main" threadId="000000000096B700" bytes="24111704" />
</allocation-stats>
<gc-op id="5127" type="copy forward" timems="1.003" contextid="5124" timestamp="2019-07-07T05:36:23.341">
  <memory-copied type="eden" objects="18" bytes="792" bytesdiscarded="0" />
  <memory-copied type="other" objects="22" bytes="976" bytesdiscarded="0" />
  <memory-cardclean objects="54" bytes="2088" />
  <regions eden="23" other="1" />
  <remembered-set-cleared processed="1330" cleared="8" durationms="0.110" />
  <stringconstants candidates="13715" cleared="0"  />
</gc-op>
<gc-op id="5128" type="classunload" timems="0.003" contextid="5124" timestamp="2019-07-07T05:36:23.341">
  <classunload-info classloadercandidates="53" classloadersunloaded="0" classesunloaded="0" anonymousclassesunloaded="0" quiescems="0.000" setupms="0.003" scanms="0.000" postms="0.000" />
</gc-op>
<gc-end id="5129" type="partial gc" contextid="5124" durationms="2.117" usertimems="4.000" systemtimems="0.000" timestamp="2019-07-07T05:36:23.341" activeThreads="1">
  <mem-info id="5130" free="40894464" total="68157440" percent="60">
    <mem type="eden" free="1047784" total="1048576" percent="99" />
    <remembered-set count="3488" freebytes="2706688" totalbytes="2720640" percent="99" regionsoverflowed="0" regionsstable="17" regionsrebuilding="0"/>
  </mem-info>
</gc-end>
<cycle-end id="5131" type="partial gc" contextid="5124" timestamp="2019-07-07T05:36:23.341" />
  <attribute name="elasticGC enabled" value="1" />
  <attribute name= "numThreadsSpecified" value="1" />
  <attribute name="heapSize specified" value="0" />
  <attribute name="Current GC Util" value="154" />
  <attribute name= "Current Time Running" value="24034" />
  <attribute name ="GC Interval" value="0" />
  <attribute name="ProportionalT" value="67.000000" />
  <attribute name="ProportionalI" value="67.000000" />
  <attribute name="ProportionalH" value="67.000000" />
  <attribute name="Current Error" value="134.000000" />
  <attribute name="IntegralT" value="0.000000" />
  <attribute name="IntegralI" value="0.000000" />
  <attribute name="IntegralH" value="0.000000" />
  <attribute name="DerivativeT" value="inf" />
  <attribute name="DerivativeI" value="inf" />
  <attribute name="DerivativeH" value="inf" />
  <attribute name="Loop Time for DT" value="0.000000" />
  <attribute name="Output H" value="8388608"/>
  <attribute name="Output I" value="200"/>
  <attribute name="Output T" value="1"/>
  <attribute name="Target GC Util Change" value ="20.000000" />
  <attribute name="Current GC Util Change" value="154.000000"/>
  <attribute name="GC Util currently" value="154" />
  <attribute name="CPU Util currently" value="13855189452187" />
<exclusive-end id="5132" timestamp="2019-07-07T05:36:23.341" durationms="3.040" />

<exclusive-start id="5133" timestamp="2019-07-07T05:36:23.353" intervalms="14.985">
  <response-info timems="0.074" idlems="0.074" threads="0" lastid="000000000096B700" lastname="main" />
</exclusive-start>
<allocation-taxation id="5134" taxation-threshold="11534336" timestamp="2019-07-07T05:36:23.353" intervalms="14.936" />
<cycle-start id="5135" type="global mark phase" contextid="0" timestamp="2019-07-07T05:36:23.354" intervalms="312.571" />
<gc-start id="5136" type="global mark phase" contextid="5135" timestamp="2019-07-07T05:36:23.354">
  <mem-info id="5137" free="29360128" total="68157440" percent="43">
    <remembered-set count="3136" freebytes="2708096" totalbytes="2720640" percent="99" regionsoverflowed="0" regionsstable="17" regionsrebuilding="0"/>
  </mem-info>
</gc-start>
<gc-op id="5138" type="mark increment" timems="0.927" contextid="5135" timestamp="2019-07-07T05:36:23.355">
  <trace-info objectcount="171" scancount="0" scanbytes="0" />
</gc-op>
<gc-end id="5139" type="global mark phase" contextid="5135" durationms="1.165" usertimems="0.000" systemtimems="0.000" timestamp="2019-07-07T05:36:23.355" activeThreads="4">
  <mem-info id="5140" free="29360128" total="68157440" percent="43">
    <remembered-set count="3136" freebytes="2708096" totalbytes="2720640" percent="99" regionsoverflowed="0" regionsstable="0" regionsrebuilding="17"/>
  </mem-info>
</gc-end>
<concurrent-start id="5141" type="GMP work packet processing" contextid="5135" timestamp="2019-07-07T05:36:23.355">
  <concurrent-mark-start scanTarget="1343965" />
</concurrent-start>
<exclusive-end id="5142" timestamp="2019-07-07T05:36:23.355" durationms="1.969" />

<concurrent-end id="5143" type="GMP work packet processing" contextid="5135" timestamp="2019-07-07T05:36:23.357">
  <concurrent-mark-end bytesScanned="1419752" reasonForTermination="Work target met" />
</concurrent-end>

<exclusive-start id="5144" timestamp="2019-07-07T05:36:23.369" intervalms="15.833">
  <response-info timems="0.081" idlems="0.081" threads="0" lastid="000000000096B700" lastname="main" />
</exclusive-start>
<allocation-taxation id="5145" taxation-threshold="11534336" timestamp="2019-07-07T05:36:23.369" intervalms="15.818" />
<cycle-start id="5146" type="partial gc" contextid="0" timestamp="2019-07-07T05:36:23.369" intervalms="30.691" />
<gc-start id="5147" type="partial gc" contextid="5146" timestamp="2019-07-07T05:36:23.370">
  <mem-info id="5148" free="17825792" total="68157440" percent="26">
    <mem type="eden" free="1047784" total="24117248" percent="4" />
    <remembered-set count="15520" freebytes="2658560" totalbytes="2720640" percent="97" regionsoverflowed="0" regionsstable="0" regionsrebuilding="17"/>
  </mem-info>
</gc-start>
<allocation-stats totalBytes="23063528" >
  <allocated-bytes non-tlh="0" tlh="23063528" arrayletleaf="0"/>
  <largest-consumer threadName="main" threadId="000000000096B700" bytes="11531888" />
</allocation-stats>
<gc-op id="5149" type="copy forward" timems="1.294" contextid="5146" timestamp="2019-07-07T05:36:23.372">
  <memory-copied type="eden" objects="19" bytes="880" bytesdiscarded="0" />
  <memory-copied type="other" objects="0" bytes="0" bytesdiscarded="0" />
  <memory-cardclean objects="14" bytes="512" />
  <regions eden="22" other="1" />
  <remembered-set-cleared processed="13739" cleared="25" durationms="0.190" />
  <stringconstants candidates="13715" cleared="0"  />
</gc-op>
<gc-op id="5150" type="classunload" timems="0.003" contextid="5146" timestamp="2019-07-07T05:36:23.372">
  <classunload-info classloadercandidates="53" classloadersunloaded="0" classesunloaded="0" anonymousclassesunloaded="0" quiescems="0.000" setupms="0.003" scanms="0.000" postms="0.000" />
</gc-op>
<gc-end id="5151" type="partial gc" contextid="5146" durationms="2.467" usertimems="4.000" systemtimems="0.000" timestamp="2019-07-07T05:36:23.372" activeThreads="1">
  <mem-info id="5152" free="40894464" total="68157440" percent="60">
    <mem type="eden" free="1047696" total="1048576" percent="99" />
    <remembered-set count="15968" freebytes="2656768" totalbytes="2720640" percent="97" regionsoverflowed="0" regionsstable="0" regionsrebuilding="17"/>
  </mem-info>
</gc-end>
<cycle-end id="5153" type="partial gc" contextid="5146" timestamp="2019-07-07T05:36:23.372" />
  <attribute name="elasticGC enabled" value="1" />
  <attribute name= "numThreadsSpecified" value="1" />
  <attribute name="heapSize specified" value="0" />
  <attribute name="Current GC Util" value="163" />
  <attribute name= "Current Time Running" value="24065" />
  <attribute name ="GC Interval" value="0" />
  <attribute name="ProportionalT" value="71.500000" />
  <attribute name="ProportionalI" value="71.500000" />
  <attribute name="ProportionalH" value="71.500000" />
  <attribute name="Current Error" value="143.000000" />
  <attribute name="IntegralT" value="0.000000" />
  <attribute name="IntegralI" value="0.000000" />
  <attribute name="IntegralH" value="0.000000" />
  <attribute name="DerivativeT" value="inf" />
  <attribute name="DerivativeI" value="inf" />
  <attribute name="DerivativeH" value="inf" />
  <attribute name="Loop Time for DT" value="0.000000" />
  <attribute name="Output H" value="8388608"/>
  <attribute name="Output I" value="200"/>
  <attribute name="Output T" value="1"/>
  <attribute name="Target GC Util Change" value ="20.000000" />
  <attribute name="Current GC Util Change" value="163.000000"/>
  <attribute name="GC Util currently" value="163" />
  <attribute name="CPU Util currently" value="13441935029245" />
<exclusive-end id="5154" timestamp="2019-07-07T05:36:23.372" durationms="3.327" />

<exclusive-start id="5155" timestamp="2019-07-07T05:36:23.384" intervalms="15.365">
  <response-info timems="0.076" idlems="0.076" threads="0" lastid="000000000096B700" lastname="main" />
</exclusive-start>
<allocation-taxation id="5156" taxation-threshold="11534336" timestamp="2019-07-07T05:36:23.385" intervalms="15.383" />
<gc-start id="5157" type="global mark phase" contextid="5135" timestamp="2019-07-07T05:36:23.385">
  <mem-info id="5158" free="29360128" total="68157440" percent="43">
    <remembered-set count="15488" freebytes="2658688" totalbytes="2720640" percent="97" regionsoverflowed="0" regionsstable="0" regionsrebuilding="17"/>
  </mem-info>
</gc-start>
<gc-end id="5159" type="global mark phase" contextid="5135" durationms="0.160" usertimems="0.000" systemtimems="0.000" timestamp="2019-07-07T05:36:23.385" activeThreads="1">
  <mem-info id="5160" free="29360128" total="68157440" percent="43">
    <remembered-set count="15488" freebytes="2658688" totalbytes="2720640" percent="97" regionsoverflowed="0" regionsstable="0" regionsrebuilding="17"/>
  </mem-info>
</gc-end>
<concurrent-start id="5161" type="GMP work packet processing" contextid="5135" timestamp="2019-07-07T05:36:23.385">
  <concurrent-mark-start scanTarget="1048576" />
</concurrent-start>
<exclusive-end id="5162" timestamp="2019-07-07T05:36:23.386" durationms="1.900" />

<concurrent-end id="5163" type="GMP work packet processing" contextid="5135" timestamp="2019-07-07T05:36:23.387">
  <concurrent-mark-end bytesScanned="1134108" reasonForTermination="Work target met" />
</concurrent-end>

<exclusive-start id="5164" timestamp="2019-07-07T05:36:23.398" intervalms="13.965">
  <response-info timems="0.093" idlems="0.093" threads="0" lastid="000000000096B700" lastname="main" />
</exclusive-start>
<allocation-taxation id="5165" taxation-threshold="11534336" timestamp="2019-07-07T05:36:23.399" intervalms="14.014" />
<cycle-start id="5166" type="partial gc" contextid="0" timestamp="2019-07-07T05:36:23.399" intervalms="29.472" />
<gc-start id="5167" type="partial gc" contextid="5166" timestamp="2019-07-07T05:36:23.399">
  <mem-info id="5168" free="17825792" total="68157440" percent="26">
    <mem type="eden" free="1047696" total="24117248" percent="4" />
    <remembered-set count="28608" freebytes="2606208" totalbytes="2720640" percent="95" regionsoverflowed="0" regionsstable="0" regionsrebuilding="17"/>
  </mem-info>
</gc-start>
<allocation-stats totalBytes="23063592" >
  <allocated-bytes non-tlh="0" tlh="23063592" arrayletleaf="0"/>
  <largest-consumer threadName="main" threadId="000000000096B700" bytes="11531944" />
</allocation-stats>
<gc-op id="5169" type="copy forward" timems="1.411" contextid="5166" timestamp="2019-07-07T05:36:23.401">
  <memory-copied type="eden" objects="29" bytes="1352" bytesdiscarded="0" />
  <memory-copied type="other" objects="0" bytes="0" bytesdiscarded="0" />
  <memory-cardclean objects="14" bytes="512" />
  <regions eden="22" other="1" />
  <remembered-set-cleared processed="26655" cleared="8" durationms="0.266" />
  <stringconstants candidates="13715" cleared="0"  />
</gc-op>
<gc-op id="5170" type="classunload" timems="0.004" contextid="5166" timestamp="2019-07-07T05:36:23.401">
  <classunload-info classloadercandidates="53" classloadersunloaded="0" classesunloaded="0" anonymousclassesunloaded="0" quiescems="0.000" setupms="0.004" scanms="0.000" postms="0.000" />
</gc-op>
<gc-end id="5171" type="partial gc" contextid="5166" durationms="2.564" usertimems="0.000" systemtimems="0.000" timestamp="2019-07-07T05:36:23.402" activeThreads="1">
  <mem-info id="5172" free="40894464" total="68157440" percent="60">
    <mem type="eden" free="1047224" total="1048576" percent="99" />
    <remembered-set count="29088" freebytes="2604288" totalbytes="2720640" percent="95" regionsoverflowed="0" regionsstable="0" regionsrebuilding="17"/>
  </mem-info>
</gc-end>
<cycle-end id="5173" type="partial gc" contextid="5166" timestamp="2019-07-07T05:36:23.402" />
  <attribute name="elasticGC enabled" value="1" />
  <attribute name= "numThreadsSpecified" value="1" />
  <attribute name="heapSize specified" value="0" />
  <attribute name="Current GC Util" value="167" />
  <attribute name= "Current Time Running" value="24094" />
  <attribute name ="GC Interval" value="0" />
  <attribute name="ProportionalT" value="73.500000" />
  <attribute name="ProportionalI" value="73.500000" />
  <attribute name="ProportionalH" value="73.500000" />
  <attribute name="Current Error" value="147.000000" />
  <attribute name="IntegralT" value="0.000000" />
  <attribute name="IntegralI" value="0.000000" />
  <attribute name="IntegralH" value="0.000000" />
  <attribute name="DerivativeT" value="inf" />
  <attribute name="DerivativeI" value="inf" />
  <attribute name="DerivativeH" value="inf" />
  <attribute name="Loop Time for DT" value="0.000000" />
  <attribute name="Output H" value="8388608"/>
  <attribute name="Output I" value="200"/>
  <attribute name="Output T" value="1"/>
  <attribute name="Target GC Util Change" value ="20.000000" />
  <attribute name="Current GC Util Change" value="167.000000"/>
  <attribute name="GC Util currently" value="167" />
  <attribute name="CPU Util currently" value="13415501467700" />
<exclusive-end id="5174" timestamp="2019-07-07T05:36:23.402" durationms="3.457" />

<exclusive-start id="5175" timestamp="2019-07-07T05:36:23.568" intervalms="169.835">
  <response-info timems="0.080" idlems="0.080" threads="0" lastid="000000000096B700" lastname="main" />
</exclusive-start>
<allocation-taxation id="5176" taxation-threshold="11534336" timestamp="2019-07-07T05:36:23.568" intervalms="169.868" />
<gc-start id="5177" type="global mark phase" contextid="5135" timestamp="2019-07-07T05:36:23.569">
  <mem-info id="5178" free="29360128" total="68157440" percent="43">
    <remembered-set count="28608" freebytes="2606208" totalbytes="2720640" percent="95" regionsoverflowed="0" regionsstable="0" regionsrebuilding="17"/>
  </mem-info>
</gc-start>
<gc-end id="5179" type="global mark phase" contextid="5135" durationms="0.170" usertimems="0.000" systemtimems="0.000" timestamp="2019-07-07T05:36:23.569" activeThreads="1">
  <mem-info id="5180" free="29360128" total="68157440" percent="43">
    <remembered-set count="28608" freebytes="2606208" totalbytes="2720640" percent="95" regionsoverflowed="0" regionsstable="0" regionsrebuilding="17"/>
  </mem-info>
</gc-end>
<concurrent-start id="5181" type="GMP work packet processing" contextid="5135" timestamp="2019-07-07T05:36:23.569">
  <concurrent-mark-start scanTarget="1048576" />
</concurrent-start>
<exclusive-end id="5182" timestamp="2019-07-07T05:36:23.570" durationms="1.921" />

<concurrent-end id="5183" type="GMP work packet processing" contextid="5135" timestamp="2019-07-07T05:36:23.570">
  <concurrent-mark-end bytesScanned="1093780" reasonForTermination="Work target met" />
</concurrent-end>

<exclusive-start id="5184" timestamp="2019-07-07T05:36:23.572" intervalms="3.842">
  <response-info timems="0.025" idlems="0.025" threads="0" lastid="000000000096B700" lastname="main" />
</exclusive-start>
<allocation-taxation id="5185" taxation-threshold="11534336" timestamp="2019-07-07T05:36:23.572" intervalms="3.778" />
<cycle-start id="5186" type="partial gc" contextid="0" timestamp="2019-07-07T05:36:23.573" intervalms="173.664" />
<gc-start id="5187" type="partial gc" contextid="5186" timestamp="2019-07-07T05:36:23.573">
  <mem-info id="5188" free="17825792" total="68157440" percent="26">
    <mem type="eden" free="1047224" total="24117248" percent="4" />
    <remembered-set count="37824" freebytes="2569344" totalbytes="2720640" percent="94" regionsoverflowed="0" regionsstable="0" regionsrebuilding="17"/>
  </mem-info>
</gc-start>
<allocation-stats totalBytes="22245104" >
  <allocated-bytes non-tlh="0" tlh="22245104" arrayletleaf="0"/>
  <largest-consumer threadName="main" threadId="000000000096B700" bytes="10809672" />
</allocation-stats>
<gc-op id="5189" type="copy forward" timems="1.772" contextid="5186" timestamp="2019-07-07T05:36:23.576">
  <memory-copied type="eden" objects="97" bytes="41176" bytesdiscarded="0" />
  <memory-copied type="other" objects="0" bytes="0" bytesdiscarded="0" />
  <memory-cardclean objects="117" bytes="3456" />
  <regions eden="22" other="1" />
  <remembered-set-cleared processed="35795" cleared="66" durationms="0.410" />
  <stringconstants candidates="13715" cleared="0"  />
</gc-op>
<gc-op id="5190" type="classunload" timems="0.003" contextid="5186" timestamp="2019-07-07T05:36:23.576">
  <classunload-info classloadercandidates="53" classloadersunloaded="0" classesunloaded="0" anonymousclassesunloaded="0" quiescems="0.000" setupms="0.003" scanms="0.000" postms="0.000" />
</gc-op>
<heap-resize id="5191" type="contract" space="default" amount="4194304" count="1" timems="0.153" reason="insufficient time being spent in gc" timestamp="2019-07-07T05:36:23.576" />
<gc-end id="5192" type="partial gc" contextid="5186" durationms="3.495" usertimems="4.000" systemtimems="0.000" timestamp="2019-07-07T05:36:23.576" activeThreads="1">
  <mem-info id="5193" free="36700160" total="63963136" percent="57">
    <mem type="eden" free="1007400" total="1048576" percent="96" />
    <remembered-set count="38176" freebytes="2567936" totalbytes="2720640" percent="94" regionsoverflowed="0" regionsstable="0" regionsrebuilding="17"/>
  </mem-info>
</gc-end>
<cycle-end id="5194" type="partial gc" contextid="5186" timestamp="2019-07-07T05:36:23.576" />
  <attribute name="elasticGC enabled" value="1" />
  <attribute name= "numThreadsSpecified" value="1" />
  <attribute name="heapSize specified" value="0" />
  <attribute name="Current GC Util" value="137" />
  <attribute name= "Current Time Running" value="24268" />
  <attribute name ="GC Interval" value="0" />
  <attribute name="ProportionalT" value="58.500000" />
  <attribute name="ProportionalI" value="58.500000" />
  <attribute name="ProportionalH" value="58.500000" />
  <attribute name="Current Error" value="117.000000" />
  <attribute name="IntegralT" value="0.000000" />
  <attribute name="IntegralI" value="0.000000" />
  <attribute name="IntegralH" value="0.000000" />
  <attribute name="DerivativeT" value="inf" />
  <attribute name="DerivativeI" value="inf" />
  <attribute name="DerivativeH" value="inf" />
  <attribute name="Loop Time for DT" value="0.000000" />
  <attribute name="Output H" value="8388608"/>
  <attribute name="Output I" value="200"/>
  <attribute name="Output T" value="1"/>
  <attribute name="Target GC Util Change" value ="20.000000" />
  <attribute name="Current GC Util Change" value="137.000000"/>
  <attribute name="GC Util currently" value="137" />
  <attribute name="CPU Util currently" value="9399691316464" />
<exclusive-end id="5195" timestamp="2019-07-07T05:36:23.577" durationms="4.645" />

<exclusive-start id="5196" timestamp="2019-07-07T05:36:23.578" intervalms="6.350">
  <response-info timems="0.046" idlems="0.046" threads="0" lastid="000000000096B700" lastname="main" />
</exclusive-start>
<allocation-taxation id="5197" taxation-threshold="11534336" timestamp="2019-07-07T05:36:23.578" intervalms="6.250" />
<gc-start id="5198" type="global mark phase" contextid="5135" timestamp="2019-07-07T05:36:23.579">
  <mem-info id="5199" free="25165824" total="63963136" percent="39">
    <remembered-set count="37760" freebytes="2569600" totalbytes="2720640" percent="94" regionsoverflowed="0" regionsstable="0" regionsrebuilding="17"/>
  </mem-info>
</gc-start>
<gc-end id="5200" type="global mark phase" contextid="5135" durationms="0.134" usertimems="0.000" systemtimems="0.000" timestamp="2019-07-07T05:36:23.579" activeThreads="1">
  <mem-info id="5201" free="25165824" total="63963136" percent="39">
    <remembered-set count="37760" freebytes="2569600" totalbytes="2720640" percent="94" regionsoverflowed="0" regionsstable="0" regionsrebuilding="17"/>
  </mem-info>
</gc-end>
<concurrent-start id="5202" type="GMP work packet processing" contextid="5135" timestamp="2019-07-07T05:36:23.579">
  <concurrent-mark-start scanTarget="1048576" />
</concurrent-start>
<exclusive-end id="5203" timestamp="2019-07-07T05:36:23.580" durationms="1.848" />

<concurrent-end id="5204" type="GMP work packet processing" contextid="5135" timestamp="2019-07-07T05:36:23.580">
  <concurrent-mark-end bytesScanned="1105860" reasonForTermination="Work target met" />
</concurrent-end>

<exclusive-start id="5205" timestamp="2019-07-07T05:36:23.582" intervalms="3.653">
  <response-info timems="0.078" idlems="0.078" threads="0" lastid="000000000096B700" lastname="main" />
</exclusive-start>
<allocation-taxation id="5206" taxation-threshold="11534336" timestamp="2019-07-07T05:36:23.582" intervalms="3.756" />
<cycle-start id="5207" type="partial gc" contextid="0" timestamp="2019-07-07T05:36:23.582" intervalms="9.947" />
<gc-start id="5208" type="partial gc" contextid="5207" timestamp="2019-07-07T05:36:23.583">
  <mem-info id="5209" free="13631488" total="63963136" percent="21">
    <mem type="eden" free="0" total="23068672" percent="0" />
    <remembered-set count="51136" freebytes="2516096" totalbytes="2720640" percent="92" regionsoverflowed="0" regionsstable="0" regionsrebuilding="17"/>
  </mem-info>
</gc-start>
<allocation-stats totalBytes="21597840" >
  <allocated-bytes non-tlh="0" tlh="21597840" arrayletleaf="0"/>
  <largest-consumer threadName="main" threadId="000000000096B700" bytes="10791456" />
</allocation-stats>
<gc-op id="5210" type="copy forward" timems="5.032" contextid="5207" timestamp="2019-07-07T05:36:23.589">
  <memory-copied type="eden" objects="11" bytes="20496" bytesdiscarded="0" />
  <memory-copied type="other" objects="86" bytes="3456" bytesdiscarded="0" />
  <memory-cardclean objects="44100" bytes="1450992" />
  <regions eden="22" other="1" />
  <remembered-set-cleared processed="38464" cleared="13327" durationms="0.527" />
  <stringconstants candidates="13715" cleared="0"  />
</gc-op>
<gc-op id="5211" type="classunload" timems="0.017" contextid="5207" timestamp="2019-07-07T05:36:23.589">
  <classunload-info classloadercandidates="53" classloadersunloaded="0" classesunloaded="0" anonymousclassesunloaded="0" quiescems="0.000" setupms="0.017" scanms="0.000" postms="0.000" />
</gc-op>
<heap-resize id="5212" type="expand" space="default" amount="7340032" count="1" timems="0.068" reason="excessive time being spent in gc" timestamp="2019-07-07T05:36:23.590" />
<gc-end id="5213" type="partial gc" contextid="5207" durationms="6.901" usertimems="4.000" systemtimems="0.000" timestamp="2019-07-07T05:36:23.590" activeThreads="1">
  <mem-info id="5214" free="42991616" total="71303168" percent="60">
    <mem type="eden" free="1028080" total="1048576" percent="98" />
    <remembered-set count="35968" freebytes="2702336" totalbytes="2846208" percent="94" regionsoverflowed="0" regionsstable="0" regionsrebuilding="17"/>
  </mem-info>
</gc-end>
<cycle-end id="5215" type="partial gc" contextid="5207" timestamp="2019-07-07T05:36:23.590" />
  <attribute name="elasticGC enabled" value="1" />
  <attribute name= "numThreadsSpecified" value="1" />
  <attribute name="heapSize specified" value="0" />
  <attribute name="Current GC Util" value="99" />
  <attribute name= "Current Time Running" value="24278" />
  <attribute name ="GC Interval" value="0" />
  <attribute name="ProportionalT" value="39.500000" />
  <attribute name="ProportionalI" value="39.500000" />
  <attribute name="ProportionalH" value="39.500000" />
  <attribute name="Current Error" value="79.000000" />
  <attribute name="IntegralT" value="0.000000" />
  <attribute name="IntegralI" value="0.000000" />
  <attribute name="IntegralH" value="0.000000" />
  <attribute name="DerivativeT" value="inf" />
  <attribute name="DerivativeI" value="inf" />
  <attribute name="DerivativeH" value="inf" />
  <attribute name="Loop Time for DT" value="0.000000" />
  <attribute name="Output H" value="8388608"/>
  <attribute name="Output I" value="200"/>
  <attribute name="Output T" value="1"/>
  <attribute name="Target GC Util Change" value ="20.000000" />
  <attribute name="Current GC Util Change" value="99.000000"/>
  <attribute name="GC Util currently" value="99" />
  <attribute name="CPU Util currently" value="6800612794623" />
<exclusive-end id="5216" timestamp="2019-07-07T05:36:23.590" durationms="8.109" />

<exclusive-start id="5217" timestamp="2019-07-07T05:36:23.592" intervalms="9.953">
  <response-info timems="0.085" idlems="0.085" threads="0" lastid="000000000096B700" lastname="main" />
</exclusive-start>
<allocation-taxation id="5218" taxation-threshold="11534336" timestamp="2019-07-07T05:36:23.592" intervalms="10.032" />
<gc-start id="5219" type="global mark phase" contextid="5135" timestamp="2019-07-07T05:36:23.593">
  <mem-info id="5220" free="31457280" total="71303168" percent="44">
    <remembered-set count="35936" freebytes="2702464" totalbytes="2846208" percent="94" regionsoverflowed="0" regionsstable="0" regionsrebuilding="17"/>
  </mem-info>
</gc-start>
<gc-end id="5221" type="global mark phase" contextid="5135" durationms="0.061" usertimems="0.000" systemtimems="0.000" timestamp="2019-07-07T05:36:23.593" activeThreads="1">
  <mem-info id="5222" free="31457280" total="71303168" percent="44">
    <remembered-set count="35936" freebytes="2702464" totalbytes="2846208" percent="94" regionsoverflowed="0" regionsstable="0" regionsrebuilding="17"/>
  </mem-info>
</gc-end>
<concurrent-start id="5223" type="GMP work packet processing" contextid="5135" timestamp="2019-07-07T05:36:23.593">
  <concurrent-mark-start scanTarget="1048576" />
</concurrent-start>
<exclusive-end id="5224" timestamp="2019-07-07T05:36:23.594" durationms="2.118" />

<concurrent-end id="5225" type="GMP work packet processing" contextid="5135" timestamp="2019-07-07T05:36:23.594">
  <concurrent-mark-end bytesScanned="1087084" reasonForTermination="Work target met" />
</concurrent-end>

<exclusive-start id="5226" timestamp="2019-07-07T05:36:23.596" intervalms="3.981">
  <response-info timems="0.058" idlems="0.058" threads="0" lastid="000000000096B700" lastname="main" />
</exclusive-start>
<allocation-taxation id="5227" taxation-threshold="11534336" timestamp="2019-07-07T05:36:23.596" intervalms="3.874" />
<cycle-start id="5228" type="partial gc" contextid="0" timestamp="2019-07-07T05:36:23.596" intervalms="13.945" />
<gc-start id="5229" type="partial gc" contextid="5228" timestamp="2019-07-07T05:36:23.597">
  <mem-info id="5230" free="19922944" total="71303168" percent="27">
    <mem type="eden" free="1028080" total="24117248" percent="4" />
    <remembered-set count="47776" freebytes="2655104" totalbytes="2846208" percent="93" regionsoverflowed="0" regionsstable="0" regionsrebuilding="17"/>
  </mem-info>
</gc-start>
<allocation-stats totalBytes="21573768" >
  <allocated-bytes non-tlh="0" tlh="21573768" arrayletleaf="0"/>
  <largest-consumer threadName="main" threadId="000000000096B700" bytes="10787800" />
</allocation-stats>
<gc-op id="5231" type="copy forward" timems="1.739" contextid="5228" timestamp="2019-07-07T05:36:23.599">
  <memory-copied type="eden" objects="11" bytes="10944" bytesdiscarded="0" />
  <memory-copied type="other" objects="0" bytes="0" bytesdiscarded="0" />
  <memory-cardclean objects="15" bytes="616" />
  <regions eden="22" other="1" />
  <remembered-set-cleared processed="45639" cleared="10" durationms="0.419" />
  <stringconstants candidates="13715" cleared="0"  />
</gc-op>
<gc-op id="5232" type="classunload" timems="0.004" contextid="5228" timestamp="2019-07-07T05:36:23.600">
  <classunload-info classloadercandidates="53" classloadersunloaded="0" classesunloaded="0" anonymousclassesunloaded="0" quiescems="0.000" setupms="0.004" scanms="0.000" postms="0.000" />
</gc-op>
<gc-end id="5233" type="partial gc" contextid="5228" durationms="3.062" usertimems="4.000" systemtimems="0.000" timestamp="2019-07-07T05:36:23.600" activeThreads="1">
  <mem-info id="5234" free="42991616" total="71303168" percent="60">
    <mem type="eden" free="1037632" total="1048576" percent="98" />
    <remembered-set count="48256" freebytes="2653184" totalbytes="2846208" percent="93" regionsoverflowed="0" regionsstable="0" regionsrebuilding="17"/>
  </mem-info>
</gc-end>
<cycle-end id="5235" type="partial gc" contextid="5228" timestamp="2019-07-07T05:36:23.600" />
  <attribute name="elasticGC enabled" value="1" />
  <attribute name= "numThreadsSpecified" value="1" />
  <attribute name="heapSize specified" value="0" />
  <attribute name="Current GC Util" value="215" />
  <attribute name= "Current Time Running" value="24292" />
  <attribute name ="GC Interval" value="0" />
  <attribute name="ProportionalT" value="97.500000" />
  <attribute name="ProportionalI" value="97.500000" />
  <attribute name="ProportionalH" value="97.500000" />
  <attribute name="Current Error" value="195.000000" />
  <attribute name="IntegralT" value="0.000000" />
  <attribute name="IntegralI" value="0.000000" />
  <attribute name="IntegralH" value="0.000000" />
  <attribute name="DerivativeT" value="inf" />
  <attribute name="DerivativeI" value="inf" />
  <attribute name="DerivativeH" value="inf" />
  <attribute name="Loop Time for DT" value="0.000000" />
  <attribute name="Output H" value="8388608"/>
  <attribute name="Output I" value="200"/>
  <attribute name="Output T" value="1"/>
  <attribute name="Target GC Util Change" value ="20.000000" />
  <attribute name="Current GC Util Change" value="215.000000"/>
  <attribute name="GC Util currently" value="215" />
  <attribute name="CPU Util currently" value="12954465136613" />
<exclusive-end id="5236" timestamp="2019-07-07T05:36:23.600" durationms="4.247" />

<exclusive-start id="5237" timestamp="2019-07-07T05:36:23.602" intervalms="6.074">
  <response-info timems="0.078" idlems="0.078" threads="0" lastid="000000000096B700" lastname="main" />
</exclusive-start>
<allocation-taxation id="5238" taxation-threshold="11534336" timestamp="2019-07-07T05:36:23.602" intervalms="6.039" />
<gc-start id="5239" type="global mark phase" contextid="5135" timestamp="2019-07-07T05:36:23.602">
  <mem-info id="5240" free="31457280" total="71303168" percent="44">
    <remembered-set count="47776" freebytes="2655104" totalbytes="2846208" percent="93" regionsoverflowed="0" regionsstable="0" regionsrebuilding="17"/>
  </mem-info>
</gc-start>
<gc-end id="5241" type="global mark phase" contextid="5135" durationms="0.135" usertimems="0.000" systemtimems="0.000" timestamp="2019-07-07T05:36:23.603" activeThreads="1">
  <mem-info id="5242" free="31457280" total="71303168" percent="44">
    <remembered-set count="47776" freebytes="2655104" totalbytes="2846208" percent="93" regionsoverflowed="0" regionsstable="0" regionsrebuilding="17"/>
  </mem-info>
</gc-end>
<concurrent-start id="5243" type="GMP work packet processing" contextid="5135" timestamp="2019-07-07T05:36:23.603">
  <concurrent-mark-start scanTarget="1048576" />
</concurrent-start>
<exclusive-end id="5244" timestamp="2019-07-07T05:36:23.604" durationms="1.545" />

<concurrent-end id="5245" type="GMP work packet processing" contextid="5135" timestamp="2019-07-07T05:36:23.604">
  <concurrent-mark-end bytesScanned="1085672" reasonForTermination="Work target met" />
</concurrent-end>

<exclusive-start id="5246" timestamp="2019-07-07T05:36:23.682" intervalms="79.550">
  <response-info timems="0.110" idlems="0.110" threads="0" lastid="000000000096B700" lastname="main" />
</exclusive-start>
<allocation-taxation id="5247" taxation-threshold="11534336" timestamp="2019-07-07T05:36:23.682" intervalms="79.614" />
<cycle-start id="5248" type="partial gc" contextid="0" timestamp="2019-07-07T05:36:23.682" intervalms="85.586" />
<gc-start id="5249" type="partial gc" contextid="5248" timestamp="2019-07-07T05:36:23.682">
  <mem-info id="5250" free="19922944" total="71303168" percent="27">
    <mem type="eden" free="1037632" total="24117248" percent="4" />
    <remembered-set count="58112" freebytes="2613760" totalbytes="2846208" percent="91" regionsoverflowed="0" regionsstable="0" regionsrebuilding="17"/>
  </mem-info>
</gc-start>
<allocation-stats totalBytes="22452904" >
  <allocated-bytes non-tlh="0" tlh="22452904" arrayletleaf="0"/>
  <largest-consumer threadName="main" threadId="000000000096B700" bytes="11534224" />
</allocation-stats>
<gc-op id="5251" type="copy forward" timems="2.930" contextid="5248" timestamp="2019-07-07T05:36:23.686">
  <memory-copied type="eden" objects="139" bytes="47320" bytesdiscarded="1224" />
  <memory-copied type="other" objects="0" bytes="0" bytesdiscarded="0" />
  <memory-cardclean objects="69" bytes="2400" />
  <regions eden="22" other="1" />
  <remembered-set-cleared processed="56193" cleared="32" durationms="0.262" />
  <stringconstants candidates="13715" cleared="0"  />
</gc-op>
<gc-op id="5252" type="classunload" timems="0.005" contextid="5248" timestamp="2019-07-07T05:36:23.686">
  <classunload-info classloadercandidates="53" classloadersunloaded="0" classesunloaded="0" anonymousclassesunloaded="0" quiescems="0.000" setupms="0.005" scanms="0.000" postms="0.000" />
</gc-op>
<gc-end id="5253" type="partial gc" contextid="5248" durationms="4.122" usertimems="8.000" systemtimems="0.000" timestamp="2019-07-07T05:36:23.686" activeThreads="4">
  <mem-info id="5254" free="42991616" total="71303168" percent="60">
    <mem type="eden" free="1000032" total="1048576" percent="95" />
    <remembered-set count="58592" freebytes="2611840" totalbytes="2846208" percent="91" regionsoverflowed="0" regionsstable="0" regionsrebuilding="17"/>
  </mem-info>
</gc-end>
<cycle-end id="5255" type="partial gc" contextid="5248" timestamp="2019-07-07T05:36:23.686" />
  <attribute name="elasticGC enabled" value="1" />
  <attribute name= "numThreadsSpecified" value="4" />
  <attribute name="heapSize specified" value="0" />
  <attribute name="Current GC Util" value="163" />
  <attribute name= "Current Time Running" value="24378" />
  <attribute name ="GC Interval" value="0" />
  <attribute name="ProportionalT" value="71.500000" />
  <attribute name="ProportionalI" value="71.500000" />
  <attribute name="ProportionalH" value="71.500000" />
  <attribute name="Current Error" value="143.000000" />
  <attribute name="IntegralT" value="71.500000" />
  <attribute name="IntegralI" value="71.500000" />
  <attribute name="IntegralH" value="71.500000" />
  <attribute name="DerivativeT" value="143.000000" />
  <attribute name="DerivativeI" value="143.000000" />
  <attribute name="DerivativeH" value="143.000000" />
  <attribute name="Loop Time for DT" value="1.000000" />
  <attribute name="Output H" value="8388608"/>
  <attribute name="Output I" value="288"/>
  <attribute name="Output T" value="4"/>
  <attribute name="Target GC Util Change" value ="20.000000" />
  <attribute name="Current GC Util Change" value="163.000000"/>
  <attribute name="GC Util currently" value="163" />
  <attribute name="CPU Util currently" value="13437979016275" />
<exclusive-end id="5256" timestamp="2019-07-07T05:36:23.687" durationms="5.030" />

<exclusive-start id="5257" timestamp="2019-07-07T05:36:23.742" intervalms="59.948">
  <response-info timems="0.068" idlems="0.068" threads="0" lastid="000000000096B700" lastname="main" />
</exclusive-start>
<allocation-taxation id="5258" taxation-threshold="11534336" timestamp="2019-07-07T05:36:23.742" intervalms="59.901" />
<gc-start id="5259" type="global mark phase" contextid="5135" timestamp="2019-07-07T05:36:23.742">
  <mem-info id="5260" free="31457280" total="71303168" percent="44">
    <remembered-set count="58592" freebytes="2611840" totalbytes="2846208" percent="91" regionsoverflowed="0" regionsstable="0" regionsrebuilding="17"/>
  </mem-info>
</gc-start>
<gc-end id="5261" type="global mark phase" contextid="5135" durationms="0.151" usertimems="0.000" systemtimems="0.000" timestamp="2019-07-07T05:36:23.742" activeThreads="4">
  <mem-info id="5262" free="31457280" total="71303168" percent="44">
    <remembered-set count="58592" freebytes="2611840" totalbytes="2846208" percent="91" regionsoverflowed="0" regionsstable="0" regionsrebuilding="17"/>
  </mem-info>
</gc-end>
<concurrent-start id="5263" type="GMP work packet processing" contextid="5135" timestamp="2019-07-07T05:36:23.742">
  <concurrent-mark-start scanTarget="1343965" />
</concurrent-start>
<exclusive-end id="5264" timestamp="2019-07-07T05:36:23.742" durationms="0.806" />

<concurrent-end id="5265" type="GMP work packet processing" contextid="5135" timestamp="2019-07-07T05:36:23.744">
  <concurrent-mark-end bytesScanned="1390892" reasonForTermination="Work target met" />
</concurrent-end>

<exclusive-start id="5266" timestamp="2019-07-07T05:36:23.751" intervalms="9.615">
  <response-info timems="0.074" idlems="0.074" threads="0" lastid="000000000096B700" lastname="main" />
</exclusive-start>
<allocation-taxation id="5267" taxation-threshold="11534336" timestamp="2019-07-07T05:36:23.751" intervalms="9.642" />
<cycle-start id="5268" type="partial gc" contextid="0" timestamp="2019-07-07T05:36:23.752" intervalms="69.572" />
<gc-start id="5269" type="partial gc" contextid="5268" timestamp="2019-07-07T05:36:23.752">
  <mem-info id="5270" free="19922944" total="71303168" percent="27">
    <mem type="eden" free="0" total="23068672" percent="0" />
    <remembered-set count="69344" freebytes="2568832" totalbytes="2846208" percent="90" regionsoverflowed="0" regionsstable="0" regionsrebuilding="17"/>
  </mem-info>
</gc-start>
<allocation-stats totalBytes="23065312" >
  <allocated-bytes non-tlh="0" tlh="23065312" arrayletleaf="0"/>
  <largest-consumer threadName="main" threadId="000000000096B700" bytes="11532992" />
</allocation-stats>
<gc-op id="5271" type="copy forward" timems="1.799" contextid="5268" timestamp="2019-07-07T05:36:23.754">
  <memory-copied type="eden" objects="35" bytes="1072" bytesdiscarded="0" />
  <memory-copied type="other" objects="14" bytes="40128" bytesdiscarded="0" />
  <memory-cardclean objects="103" bytes="3416" />
  <regions eden="22" other="1" />
  <remembered-set-cleared processed="67284" cleared="76" durationms="0.537" />
  <stringconstants candidates="13715" cleared="0"  />
</gc-op>
<gc-op id="5272" type="classunload" timems="0.004" contextid="5268" timestamp="2019-07-07T05:36:23.755">
  <classunload-info classloadercandidates="53" classloadersunloaded="0" classesunloaded="0" anonymousclassesunloaded="0" quiescems="0.000" setupms="0.003" scanms="0.000" postms="0.000" />
</gc-op>
<heap-resize id="5273" type="contract" space="default" amount="4194304" count="1" timems="0.061" reason="insufficient time being spent in gc" timestamp="2019-07-07T05:36:23.755" />
<gc-end id="5274" type="partial gc" contextid="5268" durationms="3.113" usertimems="4.000" systemtimems="0.000" timestamp="2019-07-07T05:36:23.755" activeThreads="1">
  <mem-info id="5275" free="37748736" total="67108864" percent="56">
    <mem type="eden" free="1047504" total="1048576" percent="99" />
    <remembered-set count="69664" freebytes="2567552" totalbytes="2846208" percent="90" regionsoverflowed="0" regionsstable="0" regionsrebuilding="17"/>
  </mem-info>
</gc-end>
<cycle-end id="5276" type="partial gc" contextid="5268" timestamp="2019-07-07T05:36:23.755" />
  <attribute name="elasticGC enabled" value="1" />
  <attribute name= "numThreadsSpecified" value="1" />
  <attribute name="heapSize specified" value="0" />
  <attribute name="Current GC Util" value="162" />
  <attribute name= "Current Time Running" value="24447" />
  <attribute name ="GC Interval" value="0" />
  <attribute name="ProportionalT" value="71.000000" />
  <attribute name="ProportionalI" value="71.000000" />
  <attribute name="ProportionalH" value="71.000000" />
  <attribute name="Current Error" value="142.000000" />
  <attribute name="IntegralT" value="0.000000" />
  <attribute name="IntegralI" value="0.000000" />
  <attribute name="IntegralH" value="0.000000" />
  <attribute name="DerivativeT" value="inf" />
  <attribute name="DerivativeI" value="inf" />
  <attribute name="DerivativeH" value="inf" />
  <attribute name="Loop Time for DT" value="0.000000" />
  <attribute name="Output H" value="8388608"/>
  <attribute name="Output I" value="200"/>
  <attribute name="Output T" value="1"/>
  <attribute name="Target GC Util Change" value ="20.000000" />
  <attribute name="Current GC Util Change" value="162.000000"/>
  <attribute name="GC Util currently" value="162" />
  <attribute name="CPU Util currently" value="13554055185253" />
<exclusive-end id="5277" timestamp="2019-07-07T05:36:23.755" durationms="4.064" />

<exclusive-start id="5278" timestamp="2019-07-07T05:36:23.763" intervalms="11.927">
  <response-info timems="0.094" idlems="0.094" threads="0" lastid="000000000096B700" lastname="main" />
</exclusive-start>
<allocation-taxation id="5279" taxation-threshold="11534336" timestamp="2019-07-07T05:36:23.763" intervalms="11.936" />
<gc-start id="5280" type="global mark phase" contextid="5135" timestamp="2019-07-07T05:36:23.764">
  <mem-info id="5281" free="26214400" total="67108864" percent="39">
    <remembered-set count="69312" freebytes="2568960" totalbytes="2846208" percent="90" regionsoverflowed="0" regionsstable="0" regionsrebuilding="17"/>
  </mem-info>
</gc-start>
<gc-end id="5282" type="global mark phase" contextid="5135" durationms="0.150" usertimems="0.000" systemtimems="0.000" timestamp="2019-07-07T05:36:23.764" activeThreads="1">
  <mem-info id="5283" free="26214400" total="67108864" percent="39">
    <remembered-set count="69312" freebytes="2568960" totalbytes="2846208" percent="90" regionsoverflowed="0" regionsstable="0" regionsrebuilding="17"/>
  </mem-info>
</gc-end>
<concurrent-start id="5284" type="GMP work packet processing" contextid="5135" timestamp="2019-07-07T05:36:23.764">
  <concurrent-mark-start scanTarget="1048576" />
</concurrent-start>
<exclusive-end id="5285" timestamp="2019-07-07T05:36:23.764" durationms="0.828" />

<concurrent-end id="5286" type="GMP work packet processing" contextid="5135" timestamp="2019-07-07T05:36:23.765">
  <concurrent-mark-end bytesScanned="1095464" reasonForTermination="Work target met" />
</concurrent-end>

<exclusive-start id="5287" timestamp="2019-07-07T05:36:23.773" intervalms="9.735">
  <response-info timems="0.079" idlems="0.079" threads="0" lastid="000000000096B700" lastname="main" />
</exclusive-start>
<allocation-taxation id="5288" taxation-threshold="11534336" timestamp="2019-07-07T05:36:23.773" intervalms="9.755" />
<cycle-start id="5289" type="partial gc" contextid="0" timestamp="2019-07-07T05:36:23.773" intervalms="21.698" />
<gc-start id="5290" type="partial gc" contextid="5289" timestamp="2019-07-07T05:36:23.774">
  <mem-info id="5291" free="14680064" total="67108864" percent="21">
    <mem type="eden" free="0" total="23068672" percent="0" />
    <remembered-set count="79616" freebytes="2527744" totalbytes="2846208" percent="88" regionsoverflowed="0" regionsstable="0" regionsrebuilding="17"/>
  </mem-info>
</gc-start>
<allocation-stats totalBytes="23065784" >
  <allocated-bytes non-tlh="0" tlh="23065784" arrayletleaf="0"/>
  <largest-consumer threadName="main" threadId="000000000096B700" bytes="11533048" />
</allocation-stats>
<gc-op id="5292" type="copy forward" timems="5.115" contextid="5289" timestamp="2019-07-07T05:36:23.780">
  <memory-copied type="eden" objects="1" bytes="24" bytesdiscarded="0" />
  <memory-copied type="other" objects="34" bytes="1048" bytesdiscarded="288" />
  <memory-cardclean objects="130184" bytes="4021480" />
  <regions eden="22" other="1" />
  <remembered-set-cleared processed="36441" cleared="7930" durationms="0.240" />
  <stringconstants candidates="13715" cleared="0"  />
</gc-op>
<gc-op id="5293" type="classunload" timems="0.004" contextid="5289" timestamp="2019-07-07T05:36:23.780">
  <classunload-info classloadercandidates="53" classloadersunloaded="0" classesunloaded="0" anonymousclassesunloaded="0" quiescems="0.000" setupms="0.004" scanms="0.000" postms="0.000" />
</gc-op>
<heap-resize id="5294" type="expand" space="default" amount="9437184" count="1" timems="0.075" reason="excessive time being spent in gc" timestamp="2019-07-07T05:36:23.780" />
<gc-end id="5295" type="partial gc" contextid="5289" durationms="6.818" usertimems="8.000" systemtimems="8.000" timestamp="2019-07-07T05:36:23.780" activeThreads="4">
  <mem-info id="5296" free="46137344" total="76546048" percent="60">
    <mem type="eden" free="1048552" total="1048576" percent="99" />
    <remembered-set count="47808" freebytes="2864256" totalbytes="3055488" percent="93" regionsoverflowed="0" regionsstable="0" regionsrebuilding="17"/>
  </mem-info>
</gc-end>
<cycle-end id="5297" type="partial gc" contextid="5289" timestamp="2019-07-07T05:36:23.781" />
  <attribute name="elasticGC enabled" value="1" />
  <attribute name= "numThreadsSpecified" value="4" />
  <attribute name="heapSize specified" value="0" />
  <attribute name="Current GC Util" value="98" />
  <attribute name= "Current Time Running" value="24469" />
  <attribute name ="GC Interval" value="0" />
  <attribute name="ProportionalT" value="39.000000" />
  <attribute name="ProportionalI" value="39.000000" />
  <attribute name="ProportionalH" value="39.000000" />
  <attribute name="Current Error" value="78.000000" />
  <attribute name="IntegralT" value="39.000000" />
  <attribute name="IntegralI" value="39.000000" />
  <attribute name="IntegralH" value="39.000000" />
  <attribute name="DerivativeT" value="64.000000" />
  <attribute name="DerivativeI" value="64.000000" />
  <attribute name="DerivativeH" value="64.000000" />
  <attribute name="Loop Time for DT" value="1.000000" />
  <attribute name="Output H" value="8388608"/>
  <attribute name="Output I" value="200"/>
  <attribute name="Output T" value="4"/>
  <attribute name="Target GC Util Change" value ="20.000000" />
  <attribute name="Current GC Util Change" value="98.000000"/>
  <attribute name="GC Util currently" value="98" />
  <attribute name="CPU Util currently" value="6202037118637" />
<exclusive-end id="5298" timestamp="2019-07-07T05:36:23.781" durationms="7.819" />

<exclusive-start id="5299" timestamp="2019-07-07T05:36:23.791" intervalms="18.448">
  <response-info timems="0.083" idlems="0.083" threads="0" lastid="000000000096B700" lastname="main" />
</exclusive-start>
<allocation-taxation id="5300" taxation-threshold="12582912" timestamp="2019-07-07T05:36:23.791" intervalms="18.428" />
<gc-start id="5301" type="global mark phase" contextid="5135" timestamp="2019-07-07T05:36:23.792">
  <mem-info id="5302" free="33554432" total="76546048" percent="43">
    <remembered-set count="47808" freebytes="2864256" totalbytes="3055488" percent="93" regionsoverflowed="0" regionsstable="0" regionsrebuilding="17"/>
  </mem-info>
</gc-start>
<gc-end id="5303" type="global mark phase" contextid="5135" durationms="0.056" usertimems="0.000" systemtimems="0.000" timestamp="2019-07-07T05:36:23.792" activeThreads="4">
  <mem-info id="5304" free="33554432" total="76546048" percent="43">
    <remembered-set count="47808" freebytes="2864256" totalbytes="3055488" percent="93" regionsoverflowed="0" regionsstable="0" regionsrebuilding="17"/>
  </mem-info>
</gc-end>
<concurrent-start id="5305" type="GMP work packet processing" contextid="5135" timestamp="2019-07-07T05:36:23.792">
  <concurrent-mark-start scanTarget="1343965" />
</concurrent-start>
<exclusive-end id="5306" timestamp="2019-07-07T05:36:23.792" durationms="0.649" />

<concurrent-end id="5307" type="GMP work packet processing" contextid="5135" timestamp="2019-07-07T05:36:23.793">
  <concurrent-mark-end bytesScanned="1380948" reasonForTermination="Work target met" />
</concurrent-end>

<exclusive-start id="5308" timestamp="2019-07-07T05:36:23.806" intervalms="14.926">
  <response-info timems="0.064" idlems="0.064" threads="0" lastid="000000000096B700" lastname="main" />
</exclusive-start>
<allocation-taxation id="5309" taxation-threshold="12582912" timestamp="2019-07-07T05:36:23.806" intervalms="14.923" />
<cycle-start id="5310" type="partial gc" contextid="0" timestamp="2019-07-07T05:36:23.807" intervalms="33.350" />
<gc-start id="5311" type="partial gc" contextid="5310" timestamp="2019-07-07T05:36:23.807">
  <mem-info id="5312" free="20971520" total="76546048" percent="27">
    <mem type="eden" free="1048552" total="26214400" percent="3" />
    <remembered-set count="59072" freebytes="2819200" totalbytes="3055488" percent="92" regionsoverflowed="0" regionsstable="0" regionsrebuilding="17"/>
  </mem-info>
</gc-start>
<allocation-stats totalBytes="25161344" >
  <allocated-bytes non-tlh="0" tlh="25161344" arrayletleaf="0"/>
  <largest-consumer threadName="main" threadId="000000000096B700" bytes="12580544" />
</allocation-stats>
<gc-op id="5313" type="copy forward" timems="1.620" contextid="5310" timestamp="2019-07-07T05:36:23.809">
  <memory-copied type="eden" objects="47" bytes="1504" bytesdiscarded="0" />
  <memory-copied type="other" objects="0" bytes="0" bytesdiscarded="0" />
  <memory-cardclean objects="75" bytes="2464" />
  <regions eden="24" other="1" />
  <remembered-set-cleared processed="56350" cleared="28" durationms="0.477" />
  <stringconstants candidates="13715" cleared="0"  />
</gc-op>
<gc-op id="5314" type="classunload" timems="0.003" contextid="5310" timestamp="2019-07-07T05:36:23.809">
  <classunload-info classloadercandidates="53" classloadersunloaded="0" classesunloaded="0" anonymousclassesunloaded="0" quiescems="0.000" setupms="0.003" scanms="0.000" postms="0.000" />
</gc-op>
<gc-end id="5315" type="partial gc" contextid="5310" durationms="2.646" usertimems="4.000" systemtimems="0.000" timestamp="2019-07-07T05:36:23.809" activeThreads="1">
  <mem-info id="5316" free="46137344" total="76546048" percent="60">
    <mem type="eden" free="1047072" total="1048576" percent="99" />
    <remembered-set count="59552" freebytes="2817280" totalbytes="3055488" percent="92" regionsoverflowed="0" regionsstable="0" regionsrebuilding="17"/>
  </mem-info>
</gc-end>
<cycle-end id="5317" type="partial gc" contextid="5310" timestamp="2019-07-07T05:36:23.810" />
  <attribute name="elasticGC enabled" value="1" />
  <attribute name= "numThreadsSpecified" value="1" />
  <attribute name="heapSize specified" value="0" />
  <attribute name="Current GC Util" value="171" />
  <attribute name= "Current Time Running" value="24502" />
  <attribute name ="GC Interval" value="0" />
  <attribute name="ProportionalT" value="75.500000" />
  <attribute name="ProportionalI" value="75.500000" />
  <attribute name="ProportionalH" value="75.500000" />
  <attribute name="Current Error" value="151.000000" />
  <attribute name="IntegralT" value="0.000000" />
  <attribute name="IntegralI" value="0.000000" />
  <attribute name="IntegralH" value="0.000000" />
  <attribute name="DerivativeT" value="inf" />
  <attribute name="DerivativeI" value="inf" />
  <attribute name="DerivativeH" value="inf" />
  <attribute name="Loop Time for DT" value="0.000000" />
  <attribute name="Output H" value="8388608"/>
  <attribute name="Output I" value="200"/>
  <attribute name="Output T" value="1"/>
  <attribute name="Target GC Util Change" value ="20.000000" />
  <attribute name="Current GC Util Change" value="171.000000"/>
  <attribute name="GC Util currently" value="171" />
  <attribute name="CPU Util currently" value="13723254501043" />
<exclusive-end id="5318" timestamp="2019-07-07T05:36:23.810" durationms="3.526" />

<exclusive-start id="5319" timestamp="2019-07-07T05:36:23.823" intervalms="16.803">
  <response-info timems="0.069" idlems="0.069" threads="0" lastid="000000000096B700" lastname="main" />
</exclusive-start>
<allocation-taxation id="5320" taxation-threshold="12582912" timestamp="2019-07-07T05:36:23.823" intervalms="16.849" />
<gc-start id="5321" type="global mark phase" contextid="5135" timestamp="2019-07-07T05:36:23.823">
  <mem-info id="5322" free="33554432" total="76546048" percent="43">
    <remembered-set count="59168" freebytes="2818816" totalbytes="3055488" percent="92" regionsoverflowed="0" regionsstable="0" regionsrebuilding="17"/>
  </mem-info>
</gc-start>
<gc-end id="5323" type="global mark phase" contextid="5135" durationms="0.167" usertimems="0.000" systemtimems="0.000" timestamp="2019-07-07T05:36:23.824" activeThreads="1">
  <mem-info id="5324" free="33554432" total="76546048" percent="43">
    <remembered-set count="59168" freebytes="2818816" totalbytes="3055488" percent="92" regionsoverflowed="0" regionsstable="0" regionsrebuilding="17"/>
  </mem-info>
</gc-end>
<concurrent-start id="5325" type="GMP work packet processing" contextid="5135" timestamp="2019-07-07T05:36:23.824">
  <concurrent-mark-start scanTarget="1048576" />
</concurrent-start>
<exclusive-end id="5326" timestamp="2019-07-07T05:36:23.824" durationms="0.777" />

<concurrent-end id="5327" type="GMP work packet processing" contextid="5135" timestamp="2019-07-07T05:36:23.825">
  <concurrent-mark-end bytesScanned="1093712" reasonForTermination="Work target met" />
</concurrent-end>

<exclusive-start id="5328" timestamp="2019-07-07T05:36:23.834" intervalms="11.124">
  <response-info timems="0.081" idlems="0.081" threads="0" lastid="000000000096B700" lastname="main" />
</exclusive-start>
<allocation-taxation id="5329" taxation-threshold="12582912" timestamp="2019-07-07T05:36:23.834" intervalms="11.030" />
<cycle-start id="5330" type="partial gc" contextid="0" timestamp="2019-07-07T05:36:23.834" intervalms="27.806" />
<gc-start id="5331" type="partial gc" contextid="5330" timestamp="2019-07-07T05:36:23.835">
  <mem-info id="5332" free="20971520" total="76546048" percent="27">
    <mem type="eden" free="0" total="25165824" percent="0" />
    <remembered-set count="69984" freebytes="2775552" totalbytes="3055488" percent="90" regionsoverflowed="0" regionsstable="0" regionsrebuilding="17"/>
  </mem-info>
</gc-start>
<allocation-stats totalBytes="25158984" >
  <allocated-bytes non-tlh="0" tlh="25158984" arrayletleaf="0"/>
  <largest-consumer threadName="main" threadId="000000000096B700" bytes="12578688" />
</allocation-stats>
<gc-op id="5333" type="copy forward" timems="1.710" contextid="5330" timestamp="2019-07-07T05:36:23.837">
  <memory-copied type="eden" objects="35" bytes="1384" bytesdiscarded="0" />
  <memory-copied type="other" objects="7" bytes="168" bytesdiscarded="0" />
  <memory-cardclean objects="76" bytes="2496" />
  <regions eden="24" other="1" />
  <remembered-set-cleared processed="67589" cleared="48" durationms="0.528" />
  <stringconstants candidates="13715" cleared="0"  />
</gc-op>
<gc-op id="5334" type="classunload" timems="0.003" contextid="5330" timestamp="2019-07-07T05:36:23.837">
  <classunload-info classloadercandidates="53" classloadersunloaded="0" classesunloaded="0" anonymousclassesunloaded="0" quiescems="0.000" setupms="0.003" scanms="0.000" postms="0.000" />
</gc-op>
<gc-end id="5335" type="partial gc" contextid="5330" durationms="2.851" usertimems="4.000" systemtimems="0.000" timestamp="2019-07-07T05:36:23.838" activeThreads="1">
  <mem-info id="5336" free="45088768" total="76546048" percent="58">
    <mem type="eden" free="1047192" total="1048576" percent="99" />
    <remembered-set count="70400" freebytes="2773888" totalbytes="3055488" percent="90" regionsoverflowed="0" regionsstable="0" regionsrebuilding="17"/>
  </mem-info>
</gc-end>
<cycle-end id="5337" type="partial gc" contextid="5330" timestamp="2019-07-07T05:36:23.838" />
  <attribute name="elasticGC enabled" value="1" />
  <attribute name= "numThreadsSpecified" value="1" />
  <attribute name="heapSize specified" value="0" />
  <attribute name="Current GC Util" value="160" />
  <attribute name= "Current Time Running" value="24530" />
  <attribute name ="GC Interval" value="0" />
  <attribute name="ProportionalT" value="70.000000" />
  <attribute name="ProportionalI" value="70.000000" />
  <attribute name="ProportionalH" value="70.000000" />
  <attribute name="Current Error" value="140.000000" />
  <attribute name="IntegralT" value="0.000000" />
  <attribute name="IntegralI" value="0.000000" />
  <attribute name="IntegralH" value="0.000000" />
  <attribute name="DerivativeT" value="inf" />
  <attribute name="DerivativeI" value="inf" />
  <attribute name="DerivativeH" value="inf" />
  <attribute name="Loop Time for DT" value="0.000000" />
  <attribute name="Output H" value="8388608"/>
  <attribute name="Output I" value="200"/>
  <attribute name="Output T" value="1"/>
  <attribute name="Target GC Util Change" value ="20.000000" />
  <attribute name="Current GC Util Change" value="160.000000"/>
  <attribute name="GC Util currently" value="160" />
  <attribute name="CPU Util currently" value="13761297301489" />
<exclusive-end id="5338" timestamp="2019-07-07T05:36:23.838" durationms="3.649" />

<exclusive-start id="5339" timestamp="2019-07-07T05:36:23.847" intervalms="12.839">
  <response-info timems="0.075" idlems="0.075" threads="0" lastid="000000000096B700" lastname="main" />
</exclusive-start>
<allocation-taxation id="5340" taxation-threshold="12582912" timestamp="2019-07-07T05:36:23.847" intervalms="12.936" />
<gc-start id="5341" type="global mark phase" contextid="5135" timestamp="2019-07-07T05:36:23.847">
  <mem-info id="5342" free="32505856" total="76546048" percent="42">
    <remembered-set count="70016" freebytes="2775424" totalbytes="3055488" percent="90" regionsoverflowed="0" regionsstable="0" regionsrebuilding="17"/>
  </mem-info>
</gc-start>
<gc-end id="5343" type="global mark phase" contextid="5135" durationms="0.159" usertimems="0.000" systemtimems="0.000" timestamp="2019-07-07T05:36:23.848" activeThreads="1">
  <mem-info id="5344" free="32505856" total="76546048" percent="42">
    <remembered-set count="70016" freebytes="2775424" totalbytes="3055488" percent="90" regionsoverflowed="0" regionsstable="0" regionsrebuilding="17"/>
  </mem-info>
</gc-end>
<concurrent-start id="5345" type="GMP work packet processing" contextid="5135" timestamp="2019-07-07T05:36:23.848">
  <concurrent-mark-start scanTarget="1048576" />
</concurrent-start>
<exclusive-end id="5346" timestamp="2019-07-07T05:36:23.848" durationms="0.798" />

<concurrent-end id="5347" type="GMP work packet processing" contextid="5135" timestamp="2019-07-07T05:36:23.849">
  <concurrent-mark-end bytesScanned="1106888" reasonForTermination="Work target met" />
</concurrent-end>

<exclusive-start id="5348" timestamp="2019-07-07T05:36:23.858" intervalms="10.958">
  <response-info timems="0.075" idlems="0.075" threads="0" lastid="000000000096B700" lastname="main" />
</exclusive-start>
<allocation-taxation id="5349" taxation-threshold="12582912" timestamp="2019-07-07T05:36:23.858" intervalms="10.860" />
<cycle-start id="5350" type="partial gc" contextid="0" timestamp="2019-07-07T05:36:23.858" intervalms="23.809" />
<gc-start id="5351" type="partial gc" contextid="5350" timestamp="2019-07-07T05:36:23.858">
  <mem-info id="5352" free="19922944" total="76546048" percent="26">
    <mem type="eden" free="0" total="25165824" percent="0" />
    <remembered-set count="81408" freebytes="2729856" totalbytes="3055488" percent="89" regionsoverflowed="0" regionsstable="0" regionsrebuilding="17"/>
  </mem-info>
</gc-start>
<allocation-stats totalBytes="25156104" >
  <allocated-bytes non-tlh="0" tlh="25156104" arrayletleaf="0"/>
  <largest-consumer threadName="main" threadId="000000000096B700" bytes="12577896" />
</allocation-stats>
<gc-op id="5353" type="copy forward" timems="3.106" contextid="5350" timestamp="2019-07-07T05:36:23.862">
  <memory-copied type="eden" objects="15" bytes="696" bytesdiscarded="0" />
  <memory-copied type="other" objects="18" bytes="592" bytesdiscarded="696" />
  <memory-cardclean objects="56" bytes="1880" />
  <regions eden="24" other="1" />
  <remembered-set-cleared processed="78603" cleared="44" durationms="0.275" />
  <stringconstants candidates="13715" cleared="0"  />
</gc-op>
<gc-op id="5354" type="classunload" timems="0.004" contextid="5350" timestamp="2019-07-07T05:36:23.863">
  <classunload-info classloadercandidates="53" classloadersunloaded="0" classesunloaded="0" anonymousclassesunloaded="0" quiescems="0.000" setupms="0.004" scanms="0.000" postms="0.000" />
</gc-op>
<heap-resize id="5355" type="expand" space="default" amount="5242880" count="1" timems="0.067" reason="excessive time being spent in gc" timestamp="2019-07-07T05:36:23.863" />
<gc-end id="5356" type="partial gc" contextid="5350" durationms="4.394" usertimems="8.000" systemtimems="4.000" timestamp="2019-07-07T05:36:23.863" activeThreads="4">
  <mem-info id="5357" free="49283072" total="81788928" percent="60">
    <mem type="eden" free="1047880" total="1048576" percent="99" />
    <remembered-set count="81856" freebytes="2937344" totalbytes="3264768" percent="89" regionsoverflowed="0" regionsstable="0" regionsrebuilding="17"/>
  </mem-info>
</gc-end>
<cycle-end id="5358" type="partial gc" contextid="5350" timestamp="2019-07-07T05:36:23.863" />
  <attribute name="elasticGC enabled" value="1" />
  <attribute name= "numThreadsSpecified" value="4" />
  <attribute name="heapSize specified" value="0" />
  <attribute name="Current GC Util" value="158" />
  <attribute name= "Current Time Running" value="24554" />
  <attribute name ="GC Interval" value="0" />
  <attribute name="ProportionalT" value="69.000000" />
  <attribute name="ProportionalI" value="69.000000" />
  <attribute name="ProportionalH" value="69.000000" />
  <attribute name="Current Error" value="138.000000" />
  <attribute name="IntegralT" value="69.000000" />
  <attribute name="IntegralI" value="69.000000" />
  <attribute name="IntegralH" value="69.000000" />
  <attribute name="DerivativeT" value="129.000000" />
  <attribute name="DerivativeI" value="129.000000" />
  <attribute name="DerivativeH" value="129.000000" />
  <attribute name="Loop Time for DT" value="1.000000" />
  <attribute name="Output H" value="8388608"/>
  <attribute name="Output I" value="272"/>
  <attribute name="Output T" value="4"/>
  <attribute name="Target GC Util Change" value ="20.000000" />
  <attribute name="Current GC Util Change" value="158.000000"/>
  <attribute name="GC Util currently" value="158" />
  <attribute name="CPU Util currently" value="13763556180198" />
<exclusive-end id="5359" timestamp="2019-07-07T05:36:23.863" durationms="5.200" />

<exclusive-start id="5360" timestamp="2019-07-07T05:36:23.874" intervalms="16.341">
  <response-info timems="0.083" idlems="0.083" threads="0" lastid="000000000096B700" lastname="main" />
</exclusive-start>
<allocation-taxation id="5361" taxation-threshold="13631488" timestamp="2019-07-07T05:36:23.874" intervalms="16.383" />
<gc-start id="5362" type="global mark phase" contextid="5135" timestamp="2019-07-07T05:36:23.875">
  <mem-info id="5363" free="35651584" total="81788928" percent="43">
    <remembered-set count="81856" freebytes="2937344" totalbytes="3264768" percent="89" regionsoverflowed="0" regionsstable="0" regionsrebuilding="17"/>
  </mem-info>
</gc-start>
<gc-end id="5364" type="global mark phase" contextid="5135" durationms="0.149" usertimems="0.000" systemtimems="0.000" timestamp="2019-07-07T05:36:23.875" activeThreads="4">
  <mem-info id="5365" free="35651584" total="81788928" percent="43">
    <remembered-set count="81856" freebytes="2937344" totalbytes="3264768" percent="89" regionsoverflowed="0" regionsstable="0" regionsrebuilding="17"/>
  </mem-info>
</gc-end>
<concurrent-start id="5366" type="GMP work packet processing" contextid="5135" timestamp="2019-07-07T05:36:23.875">
  <concurrent-mark-start scanTarget="1343965" />
</concurrent-start>
<exclusive-end id="5367" timestamp="2019-07-07T05:36:23.875" durationms="1.174" />

<concurrent-end id="5368" type="GMP work packet processing" contextid="5135" timestamp="2019-07-07T05:36:23.876">
  <concurrent-mark-end bytesScanned="438304" reasonForTermination="Completed all work in GC phase" />
</concurrent-end>

<exclusive-start id="5369" timestamp="2019-07-07T05:36:23.892" intervalms="17.249">
  <response-info timems="0.076" idlems="0.076" threads="0" lastid="000000000096B700" lastname="main" />
</exclusive-start>
<allocation-taxation id="5370" taxation-threshold="13631488" timestamp="2019-07-07T05:36:23.892" intervalms="17.258" />
<cycle-start id="5371" type="partial gc" contextid="0" timestamp="2019-07-07T05:36:23.892" intervalms="33.695" />
<gc-start id="5372" type="partial gc" contextid="5371" timestamp="2019-07-07T05:36:23.892">
  <mem-info id="5373" free="22020096" total="81788928" percent="26">
    <mem type="eden" free="1047880" total="28311552" percent="3" />
    <remembered-set count="83968" freebytes="2928896" totalbytes="3264768" percent="89" regionsoverflowed="0" regionsstable="0" regionsrebuilding="17"/>
  </mem-info>
</gc-start>
<allocation-stats totalBytes="27256832" >
  <allocated-bytes non-tlh="0" tlh="27256832" arrayletleaf="0"/>
  <largest-consumer threadName="main" threadId="000000000096B700" bytes="13630208" />
</allocation-stats>
<gc-op id="5374" type="copy forward" timems="1.700" contextid="5371" timestamp="2019-07-07T05:36:23.895">
  <memory-copied type="eden" objects="31" bytes="944" bytesdiscarded="0" />
  <memory-copied type="other" objects="0" bytes="0" bytesdiscarded="0" />
  <memory-cardclean objects="77" bytes="2488" />
  <regions eden="26" other="1" />
  <remembered-set-cleared processed="81010" cleared="38" durationms="0.592" />
  <stringconstants candidates="13715" cleared="0"  />
</gc-op>
<gc-op id="5375" type="classunload" timems="0.004" contextid="5371" timestamp="2019-07-07T05:36:23.895">
  <classunload-info classloadercandidates="53" classloadersunloaded="0" classesunloaded="0" anonymousclassesunloaded="0" quiescems="0.000" setupms="0.004" scanms="0.000" postms="0.000" />
</gc-op>
<gc-end id="5376" type="partial gc" contextid="5371" durationms="2.796" usertimems="4.000" systemtimems="0.000" timestamp="2019-07-07T05:36:23.895" activeThreads="1">
  <mem-info id="5377" free="49283072" total="81788928" percent="60">
    <mem type="eden" free="1047632" total="1048576" percent="99" />
    <remembered-set count="84256" freebytes="2927744" totalbytes="3264768" percent="89" regionsoverflowed="0" regionsstable="0" regionsrebuilding="17"/>
  </mem-info>
</gc-end>
<cycle-end id="5378" type="partial gc" contextid="5371" timestamp="2019-07-07T05:36:23.895" />
  <attribute name="elasticGC enabled" value="1" />
  <attribute name= "numThreadsSpecified" value="1" />
  <attribute name="heapSize specified" value="0" />
  <attribute name="Current GC Util" value="165" />
  <attribute name= "Current Time Running" value="24587" />
  <attribute name ="GC Interval" value="0" />
  <attribute name="ProportionalT" value="72.500000" />
  <attribute name="ProportionalI" value="72.500000" />
  <attribute name="ProportionalH" value="72.500000" />
  <attribute name="Current Error" value="145.000000" />
  <attribute name="IntegralT" value="0.000000" />
  <attribute name="IntegralI" value="0.000000" />
  <attribute name="IntegralH" value="0.000000" />
  <attribute name="DerivativeT" value="inf" />
  <attribute name="DerivativeI" value="inf" />
  <attribute name="DerivativeH" value="inf" />
  <attribute name="Loop Time for DT" value="0.000000" />
  <attribute name="Output H" value="8388608"/>
  <attribute name="Output I" value="200"/>
  <attribute name="Output T" value="1"/>
  <attribute name="Target GC Util Change" value ="20.000000" />
  <attribute name="Current GC Util Change" value="165.000000"/>
  <attribute name="GC Util currently" value="165" />
  <attribute name="CPU Util currently" value="13729832418133" />
<exclusive-end id="5379" timestamp="2019-07-07T05:36:23.895" durationms="3.746" />

<exclusive-start id="5380" timestamp="2019-07-07T05:36:23.912" intervalms="20.089">
  <response-info timems="0.074" idlems="0.074" threads="0" lastid="000000000096B700" lastname="main" />
</exclusive-start>
<allocation-taxation id="5381" taxation-threshold="13631488" timestamp="2019-07-07T05:36:23.912" intervalms="20.116" />
<gc-start id="5382" type="global mark phase" contextid="5135" timestamp="2019-07-07T05:36:23.912">
  <mem-info id="5383" free="35651584" total="81788928" percent="43">
    <remembered-set count="83840" freebytes="2929408" totalbytes="3264768" percent="89" regionsoverflowed="0" regionsstable="0" regionsrebuilding="17"/>
  </mem-info>
</gc-start>
<gc-op id="5384" type="mark increment" timems="5.931" contextid="5135" timestamp="2019-07-07T05:36:23.918">
  <trace-info objectcount="143" scancount="143" scanbytes="233740" />
  <cardclean-info objects="228140" bytes="6012700" />
  <finalization candidates="80" enqueued="0" />
  <ownableSynchronizers candidates="21" cleared="0" />
  <references type="soft" candidates="3269" cleared="0" enqueued="0" dynamicThreshold="19" maxThreshold="32" />
  <references type="weak" candidates="5739" cleared="7" enqueued="3" />
  <references type="phantom" candidates="101" cleared="0" enqueued="0" />
  <stringconstants candidates="13715" cleared="58"  />
</gc-op>
<gc-op id="5385" type="classunload" timems="0.005" contextid="5135" timestamp="2019-07-07T05:36:23.918">
  <classunload-info classloadercandidates="53" classloadersunloaded="0" classesunloaded="0" anonymousclassesunloaded="0" quiescems="0.000" setupms="0.005" scanms="0.000" postms="0.000" />
</gc-op>
<gc-end id="5386" type="global mark phase" contextid="5135" durationms="6.359" usertimems="16.000" systemtimems="0.000" timestamp="2019-07-07T05:36:23.918" activeThreads="4">
  <mem-info id="5387" free="35651584" total="81788928" percent="43">
    <pending-finalizers system="0" default="0" reference="3" classloader="0" />
    <remembered-set count="108928" freebytes="2829056" totalbytes="3264768" percent="86" regionsoverflowed="0" regionsstable="0" regionsrebuilding="0"/>
  </mem-info>
</gc-end>
<cycle-end id="5388" type="global mark phase" contextid="5135" timestamp="2019-07-07T05:36:23.919" />
  <attribute name="elasticGC enabled" value="1" />
  <attribute name= "numThreadsSpecified" value="4" />
  <attribute name="heapSize specified" value="0" />
  <attribute name="Current GC Util" value="164" />
  <attribute name= "Current Time Running" value="24611" />
  <attribute name ="GC Interval" value="0" />
  <attribute name="ProportionalT" value="72.000000" />
  <attribute name="ProportionalI" value="72.000000" />
  <attribute name="ProportionalH" value="72.000000" />
  <attribute name="Current Error" value="144.000000" />
  <attribute name="IntegralT" value="0.000000" />
  <attribute name="IntegralI" value="0.000000" />
  <attribute name="IntegralH" value="0.000000" />
  <attribute name="DerivativeT" value="-inf" />
  <attribute name="DerivativeI" value="-inf" />
  <attribute name="DerivativeH" value="-inf" />
  <attribute name="Loop Time for DT" value="0.000000" />
  <attribute name="Output H" value="2091843584"/>
  <attribute name="Output I" value="200"/>
  <attribute name="Output T" value="4"/>
  <attribute name="Target GC Util Change" value ="20.000000" />
  <attribute name="Current GC Util Change" value="164.000000"/>
  <attribute name="GC Util currently" value="164" />
  <attribute name="CPU Util currently" value="10133368675619" />
<exclusive-end id="5389" timestamp="2019-07-07T05:36:23.919" durationms="7.114" />

<exclusive-start id="5390" timestamp="2019-07-07T05:36:23.936" intervalms="23.899">
  <response-info timems="0.074" idlems="0.074" threads="0" lastid="000000000096B700" lastname="main" />
</exclusive-start>
<allocation-taxation id="5391" taxation-threshold="13631488" timestamp="2019-07-07T05:36:23.936" intervalms="23.870" />
<cycle-start id="5392" type="partial gc" contextid="0" timestamp="2019-07-07T05:36:23.936" intervalms="44.027" />
<gc-start id="5393" type="partial gc" contextid="5392" timestamp="2019-07-07T05:36:23.936">
  <mem-info id="5394" free="22020096" total="81788928" percent="26">
    <mem type="eden" free="0" total="27262976" percent="0" />
    <remembered-set count="68480" freebytes="2990848" totalbytes="3264768" percent="91" regionsoverflowed="0" regionsstable="11" regionsrebuilding="0"/>
  </mem-info>
</gc-start>
<allocation-stats totalBytes="27260336" >
  <allocated-bytes non-tlh="0" tlh="27260336" arrayletleaf="0"/>
  <largest-consumer threadName="main" threadId="000000000096B700" bytes="13629736" />
</allocation-stats>
<gc-op id="5395" type="sweep" timems="1.043" contextid="5392" timestamp="2019-07-07T05:36:23.938" />
<gc-op id="5396" type="copy forward" timems="2.398" contextid="5392" timestamp="2019-07-07T05:36:23.941">
  <memory-copied type="eden" objects="4" bytes="96" bytesdiscarded="0" />
  <memory-copied type="other" objects="35" bytes="1040" bytesdiscarded="2040" />
  <memory-cardclean objects="74" bytes="2880" />
  <regions eden="13" other="4" />
  <remembered-set-cleared processed="66020" cleared="112" durationms="0.332" />
  <stringconstants candidates="13657" cleared="0"  />
</gc-op>
<gc-op id="5397" type="classunload" timems="0.003" contextid="5392" timestamp="2019-07-07T05:36:23.941">
  <classunload-info classloadercandidates="53" classloadersunloaded="0" classesunloaded="0" anonymousclassesunloaded="0" quiescems="0.000" setupms="0.003" scanms="0.000" postms="0.000" />
</gc-op>
<heap-resize id="5398" type="expand" space="default" amount="2097152" count="1" timems="0.059" reason="excessive time being spent in gc" timestamp="2019-07-07T05:36:23.941" />
<gc-end id="5399" type="partial gc" contextid="5392" durationms="5.032" usertimems="8.000" systemtimems="0.000" timestamp="2019-07-07T05:36:23.941" activeThreads="4">
  <mem-info id="5400" free="50331648" total="83886080" percent="60">
    <mem type="eden" free="1047032" total="1048576" percent="99" />
    <remembered-set count="68608" freebytes="3074048" totalbytes="3348480" percent="91" regionsoverflowed="0" regionsstable="11" regionsrebuilding="0"/>
  </mem-info>
</gc-end>
<cycle-end id="5401" type="partial gc" contextid="5392" timestamp="2019-07-07T05:36:23.941" />
  <attribute name="elasticGC enabled" value="1" />
  <attribute name= "numThreadsSpecified" value="4" />
  <attribute name="heapSize specified" value="0" />
  <attribute name="Current GC Util" value="166" />
  <attribute name= "Current Time Running" value="24633" />
  <attribute name ="GC Interval" value="0" />
  <attribute name="ProportionalT" value="73.000000" />
  <attribute name="ProportionalI" value="73.000000" />
  <attribute name="ProportionalH" value="73.000000" />
  <attribute name="Current Error" value="146.000000" />
  <attribute name="IntegralT" value="73.000000" />
  <attribute name="IntegralI" value="73.000000" />
  <attribute name="IntegralH" value="73.000000" />
  <attribute name="DerivativeT" value="15.000000" />
  <attribute name="DerivativeI" value="15.000000" />
  <attribute name="DerivativeH" value="15.000000" />
  <attribute name="Loop Time for DT" value="1.000000" />
  <attribute name="Output H" value="8388608"/>
  <attribute name="Output I" value="200"/>
  <attribute name="Output T" value="4"/>
  <attribute name="Target GC Util Change" value ="20.000000" />
  <attribute name="Current GC Util Change" value="166.000000"/>
  <attribute name="GC Util currently" value="166" />
  <attribute name="CPU Util currently" value="14062590567574" />
<exclusive-end id="5402" timestamp="2019-07-07T05:36:23.942" durationms="6.055" />

<exclusive-start id="5403" timestamp="2019-07-07T05:36:23.974" intervalms="38.111">
  <response-info timems="0.109" idlems="0.109" threads="0" lastid="000000000096B700" lastname="main" />
</exclusive-start>
<allocation-taxation id="5404" taxation-threshold="27262976" timestamp="2019-07-07T05:36:23.974" intervalms="38.149" />
<cycle-start id="5405" type="partial gc" contextid="0" timestamp="2019-07-07T05:36:23.974" intervalms="38.155" />
<gc-start id="5406" type="partial gc" contextid="5405" timestamp="2019-07-07T05:36:23.974">
  <mem-info id="5407" free="23068672" total="83886080" percent="27">
    <mem type="eden" free="0" total="27262976" percent="0" />
    <remembered-set count="2752" freebytes="3337472" totalbytes="3348480" percent="99" regionsoverflowed="0" regionsstable="17" regionsrebuilding="0"/>
  </mem-info>
</gc-start>
<allocation-stats totalBytes="27259016" >
  <allocated-bytes non-tlh="0" tlh="27259016" arrayletleaf="0"/>
  <largest-consumer threadName="main" threadId="000000000096B700" bytes="27259016" />
</allocation-stats>
<gc-op id="5408" type="copy forward" timems="2.122" contextid="5405" timestamp="2019-07-07T05:36:23.977">
  <memory-copied type="eden" objects="31" bytes="1000" bytesdiscarded="696" />
  <memory-copied type="other" objects="24" bytes="576" bytesdiscarded="1344" />
  <memory-cardclean objects="125" bytes="3832" />
  <regions eden="26" other="4" />
  <remembered-set-cleared processed="460" cleared="26" durationms="0.092" />
  <stringconstants candidates="13657" cleared="0"  />
</gc-op>
<gc-op id="5409" type="classunload" timems="0.004" contextid="5405" timestamp="2019-07-07T05:36:23.977">
  <classunload-info classloadercandidates="53" classloadersunloaded="0" classesunloaded="0" anonymousclassesunloaded="0" quiescems="0.000" setupms="0.004" scanms="0.000" postms="0.000" />
</gc-op>
<gc-end id="5410" type="partial gc" contextid="5405" durationms="3.290" usertimems="8.000" systemtimems="0.000" timestamp="2019-07-07T05:36:23.978" activeThreads="4">
  <mem-info id="5411" free="50331648" total="83886080" percent="60">
    <mem type="eden" free="1046880" total="1048576" percent="99" />
    <remembered-set count="2464" freebytes="3338624" totalbytes="3348480" percent="99" regionsoverflowed="0" regionsstable="17" regionsrebuilding="0"/>
  </mem-info>
</gc-end>
<cycle-end id="5412" type="partial gc" contextid="5405" timestamp="2019-07-07T05:36:23.978" />
  <attribute name="elasticGC enabled" value="1" />
  <attribute name= "numThreadsSpecified" value="4" />
  <attribute name="heapSize specified" value="0" />
  <attribute name="Current GC Util" value="161" />
  <attribute name= "Current Time Running" value="24670" />
  <attribute name ="GC Interval" value="0" />
  <attribute name="ProportionalT" value="70.500000" />
  <attribute name="ProportionalI" value="70.500000" />
  <attribute name="ProportionalH" value="70.500000" />
  <attribute name="Current Error" value="141.000000" />
  <attribute name="IntegralT" value="70.500000" />
  <attribute name="IntegralI" value="70.500000" />
  <attribute name="IntegralH" value="70.500000" />
  <attribute name="DerivativeT" value="141.000000" />
  <attribute name="DerivativeI" value="141.000000" />
  <attribute name="DerivativeH" value="141.000000" />
  <attribute name="Loop Time for DT" value="1.000000" />
  <attribute name="Output H" value="8388608"/>
  <attribute name="Output I" value="288"/>
  <attribute name="Output T" value="4"/>
  <attribute name="Target GC Util Change" value ="20.000000" />
  <attribute name="Current GC Util Change" value="161.000000"/>
  <attribute name="GC Util currently" value="161" />
  <attribute name="CPU Util currently" value="13431090929771" />
<exclusive-end id="5413" timestamp="2019-07-07T05:36:23.978" durationms="4.304" />

<exclusive-start id="5414" timestamp="2019-07-07T05:36:24.008" intervalms="34.823">
  <response-info timems="0.067" idlems="0.067" threads="0" lastid="000000000096B700" lastname="main" />
</exclusive-start>
<allocation-taxation id="5415" taxation-threshold="27262976" timestamp="2019-07-07T05:36:24.009" intervalms="34.799" />
<cycle-start id="5416" type="partial gc" contextid="0" timestamp="2019-07-07T05:36:24.009" intervalms="34.747" />
<gc-start id="5417" type="partial gc" contextid="5416" timestamp="2019-07-07T05:36:24.009">
  <mem-info id="5418" free="23068672" total="83886080" percent="27">
    <mem type="eden" free="0" total="27262976" percent="0" />
    <remembered-set count="2464" freebytes="3338624" totalbytes="3348480" percent="99" regionsoverflowed="0" regionsstable="17" regionsrebuilding="0"/>
  </mem-info>
</gc-start>
<allocation-stats totalBytes="27259320" >
  <allocated-bytes non-tlh="0" tlh="27259320" arrayletleaf="0"/>
  <largest-consumer threadName="main" threadId="000000000096B700" bytes="27259320" />
</allocation-stats>
<gc-op id="5419" type="copy forward" timems="1.077" contextid="5416" timestamp="2019-07-07T05:36:24.011">
  <memory-copied type="eden" objects="2" bytes="48" bytesdiscarded="0" />
  <memory-copied type="other" objects="78" bytes="2344" bytesdiscarded="64" />
  <memory-cardclean objects="105" bytes="12168" />
  <regions eden="26" other="3" />
  <remembered-set-cleared processed="456" cleared="22" durationms="0.118" />
  <references type="weak" candidates="30" cleared="0" enqueued="0" />
  <stringconstants candidates="13657" cleared="0"  />
</gc-op>
<gc-op id="5420" type="classunload" timems="0.003" contextid="5416" timestamp="2019-07-07T05:36:24.011">
  <classunload-info classloadercandidates="53" classloadersunloaded="0" classesunloaded="0" anonymousclassesunloaded="0" quiescems="0.000" setupms="0.003" scanms="0.000" postms="0.000" />
</gc-op>
<gc-end id="5421" type="partial gc" contextid="5416" durationms="2.149" usertimems="0.000" systemtimems="0.000" timestamp="2019-07-07T05:36:24.011" activeThreads="1">
  <mem-info id="5422" free="50331648" total="83886080" percent="60">
    <mem type="eden" free="1048528" total="1048576" percent="99" />
    <remembered-set count="2464" freebytes="3338624" totalbytes="3348480" percent="99" regionsoverflowed="0" regionsstable="17" regionsrebuilding="0"/>
  </mem-info>
</gc-end>
<cycle-end id="5423" type="partial gc" contextid="5416" timestamp="2019-07-07T05:36:24.011" />
  <attribute name="elasticGC enabled" value="1" />
  <attribute name= "numThreadsSpecified" value="1" />
  <attribute name="heapSize specified" value="0" />
  <attribute name="Current GC Util" value="160" />
  <attribute name= "Current Time Running" value="24704" />
  <attribute name ="GC Interval" value="0" />
  <attribute name="ProportionalT" value="70.000000" />
  <attribute name="ProportionalI" value="70.000000" />
  <attribute name="ProportionalH" value="70.000000" />
  <attribute name="Current Error" value="140.000000" />
  <attribute name="IntegralT" value="0.000000" />
  <attribute name="IntegralI" value="0.000000" />
  <attribute name="IntegralH" value="0.000000" />
  <attribute name="DerivativeT" value="inf" />
  <attribute name="DerivativeI" value="inf" />
  <attribute name="DerivativeH" value="inf" />
  <attribute name="Loop Time for DT" value="0.000000" />
  <attribute name="Output H" value="8388608"/>
  <attribute name="Output I" value="200"/>
  <attribute name="Output T" value="1"/>
  <attribute name="Target GC Util Change" value ="20.000000" />
  <attribute name="Current GC Util Change" value="160.000000"/>
  <attribute name="GC Util currently" value="160" />
  <attribute name="CPU Util currently" value="13527377646631" />
<exclusive-end id="5424" timestamp="2019-07-07T05:36:24.012" durationms="3.094" />

<exclusive-start id="5425" timestamp="2019-07-07T05:36:24.031" intervalms="22.572">
  <response-info timems="0.054" idlems="0.054" threads="0" lastid="000000000096B700" lastname="main" />
</exclusive-start>
<allocation-taxation id="5426" taxation-threshold="27262976" timestamp="2019-07-07T05:36:24.031" intervalms="22.613" />
<cycle-start id="5427" type="partial gc" contextid="0" timestamp="2019-07-07T05:36:24.031" intervalms="22.635" />
<gc-start id="5428" type="partial gc" contextid="5427" timestamp="2019-07-07T05:36:24.032">
  <mem-info id="5429" free="23068672" total="83886080" percent="27">
    <mem type="eden" free="1048528" total="28311552" percent="3" />
    <remembered-set count="2272" freebytes="3339392" totalbytes="3348480" percent="99" regionsoverflowed="0" regionsstable="17" regionsrebuilding="0"/>
  </mem-info>
</gc-start>
<allocation-stats totalBytes="27261000" >
  <allocated-bytes non-tlh="0" tlh="27261000" arrayletleaf="0"/>
  <largest-consumer threadName="main" threadId="000000000096B700" bytes="27261000" />
</allocation-stats>
<gc-op id="5430" type="copy forward" timems="1.695" contextid="5427" timestamp="2019-07-07T05:36:24.034">
  <memory-copied type="eden" objects="22" bytes="704" bytesdiscarded="0" />
  <memory-copied type="other" objects="2475" bytes="144312" bytesdiscarded="88" />
  <memory-cardclean objects="512" bytes="31576" />
  <regions eden="26" other="3" />
  <remembered-set-cleared processed="401" cleared="32" durationms="0.115" />
  <references type="soft" candidates="7" cleared="0" enqueued="0" dynamicThreshold="19" maxThreshold="32" />
  <references type="weak" candidates="141" cleared="0" enqueued="0" />
  <stringconstants candidates="13657" cleared="0"  />
</gc-op>
<gc-op id="5431" type="classunload" timems="0.004" contextid="5427" timestamp="2019-07-07T05:36:24.034">
  <classunload-info classloadercandidates="53" classloadersunloaded="0" classesunloaded="0" anonymousclassesunloaded="0" quiescems="0.000" setupms="0.004" scanms="0.000" postms="0.000" />
</gc-op>
<gc-end id="5432" type="partial gc" contextid="5427" durationms="2.862" usertimems="4.000" systemtimems="0.000" timestamp="2019-07-07T05:36:24.035" activeThreads="1">
  <mem-info id="5433" free="51380224" total="83886080" percent="61">
    <mem type="eden" free="1047872" total="1048576" percent="99" />
    <remembered-set count="2336" freebytes="3339136" totalbytes="3348480" percent="99" regionsoverflowed="0" regionsstable="17" regionsrebuilding="0"/>
  </mem-info>
</gc-end>
<cycle-end id="5434" type="partial gc" contextid="5427" timestamp="2019-07-07T05:36:24.035" />
  <attribute name="elasticGC enabled" value="1" />
  <attribute name= "numThreadsSpecified" value="1" />
  <attribute name="heapSize specified" value="0" />
  <attribute name="Current GC Util" value="285" />
  <attribute name= "Current Time Running" value="24727" />
  <attribute name ="GC Interval" value="0" />
  <attribute name="ProportionalT" value="132.500000" />
  <attribute name="ProportionalI" value="132.500000" />
  <attribute name="ProportionalH" value="132.500000" />
  <attribute name="Current Error" value="265.000000" />
  <attribute name="IntegralT" value="0.000000" />
  <attribute name="IntegralI" value="0.000000" />
  <attribute name="IntegralH" value="0.000000" />
  <attribute name="DerivativeT" value="inf" />
  <attribute name="DerivativeI" value="inf" />
  <attribute name="DerivativeH" value="inf" />
  <attribute name="Loop Time for DT" value="0.000000" />
  <attribute name="Output H" value="8388608"/>
  <attribute name="Output I" value="200"/>
  <attribute name="Output T" value="1"/>
  <attribute name="Target GC Util Change" value ="20.000000" />
  <attribute name="Current GC Util Change" value="285.000000"/>
  <attribute name="GC Util currently" value="285" />
  <attribute name="CPU Util currently" value="13632667272665" />
<exclusive-end id="5435" timestamp="2019-07-07T05:36:24.035" durationms="3.892" />

<exclusive-start id="5436" timestamp="2019-07-07T05:36:24.101" intervalms="69.807">
  <response-info timems="0.081" idlems="0.081" threads="0" lastid="000000000096B700" lastname="main" />
</exclusive-start>
<allocation-taxation id="5437" taxation-threshold="27262976" timestamp="2019-07-07T05:36:24.101" intervalms="69.792" />
<cycle-start id="5438" type="partial gc" contextid="0" timestamp="2019-07-07T05:36:24.101" intervalms="69.801" />
<gc-start id="5439" type="partial gc" contextid="5438" timestamp="2019-07-07T05:36:24.102">
  <mem-info id="5440" free="24117248" total="83886080" percent="28">
    <mem type="eden" free="0" total="27262976" percent="0" />
    <remembered-set count="2176" freebytes="3339776" totalbytes="3348480" percent="99" regionsoverflowed="0" regionsstable="17" regionsrebuilding="0"/>
  </mem-info>
</gc-start>
<allocation-stats totalBytes="27261584" >
  <allocated-bytes non-tlh="0" tlh="27261584" arrayletleaf="0"/>
  <largest-consumer threadName="main" threadId="000000000096B700" bytes="27261584" />
</allocation-stats>
<gc-op id="5441" type="copy forward" timems="2.671" contextid="5438" timestamp="2019-07-07T05:36:24.105">
  <memory-copied type="eden" objects="25" bytes="752" bytesdiscarded="0" />
  <memory-copied type="other" objects="14" bytes="360" bytesdiscarded="696" />
  <memory-cardclean objects="96" bytes="3000" />
  <regions eden="26" other="2" />
  <remembered-set-cleared processed="459" cleared="18" durationms="0.089" />
  <stringconstants candidates="13657" cleared="0"  />
</gc-op>
<gc-op id="5442" type="classunload" timems="0.004" contextid="5438" timestamp="2019-07-07T05:36:24.105">
  <classunload-info classloadercandidates="53" classloadersunloaded="0" classesunloaded="0" anonymousclassesunloaded="0" quiescems="0.000" setupms="0.004" scanms="0.000" postms="0.000" />
</gc-op>
<gc-end id="5443" type="partial gc" contextid="5438" durationms="3.852" usertimems="4.000" systemtimems="4.000" timestamp="2019-07-07T05:36:24.105" activeThreads="4">
  <mem-info id="5444" free="50331648" total="83886080" percent="60">
    <mem type="eden" free="1047824" total="1048576" percent="99" />
    <remembered-set count="1792" freebytes="3341312" totalbytes="3348480" percent="99" regionsoverflowed="0" regionsstable="17" regionsrebuilding="0"/>
  </mem-info>
</gc-end>
<cycle-end id="5445" type="partial gc" contextid="5438" timestamp="2019-07-07T05:36:24.106" />
  <attribute name="elasticGC enabled" value="1" />
  <attribute name= "numThreadsSpecified" value="4" />
  <attribute name="heapSize specified" value="0" />
  <attribute name="Current GC Util" value="282" />
  <attribute name= "Current Time Running" value="24797" />
  <attribute name ="GC Interval" value="0" />
  <attribute name="ProportionalT" value="131.000000" />
  <attribute name="ProportionalI" value="131.000000" />
  <attribute name="ProportionalH" value="131.000000" />
  <attribute name="Current Error" value="262.000000" />
  <attribute name="IntegralT" value="131.000000" />
  <attribute name="IntegralI" value="131.000000" />
  <attribute name="IntegralH" value="131.000000" />
  <attribute name="DerivativeT" value="262.000000" />
  <attribute name="DerivativeI" value="262.000000" />
  <attribute name="DerivativeH" value="262.000000" />
  <attribute name="Loop Time for DT" value="1.000000" />
  <attribute name="Output H" value="8388608"/>
  <attribute name="Output I" value="528"/>
  <attribute name="Output T" value="4"/>
  <attribute name="Target GC Util Change" value ="20.000000" />
  <attribute name="Current GC Util Change" value="282.000000"/>
  <attribute name="GC Util currently" value="282" />
  <attribute name="CPU Util currently" value="12787150839444" />
<exclusive-end id="5446" timestamp="2019-07-07T05:36:24.106" durationms="4.883" />

<exclusive-start id="5447" timestamp="2019-07-07T05:36:24.196" intervalms="94.788">
  <response-info timems="0.090" idlems="0.090" threads="0" lastid="000000000096B700" lastname="main" />
</exclusive-start>
<allocation-taxation id="5448" taxation-threshold="27262976" timestamp="2019-07-07T05:36:24.196" intervalms="94.788" />
<cycle-start id="5449" type="partial gc" contextid="0" timestamp="2019-07-07T05:36:24.196" intervalms="94.810" />
<gc-start id="5450" type="partial gc" contextid="5449" timestamp="2019-07-07T05:36:24.196">
  <mem-info id="5451" free="23068672" total="83886080" percent="27">
    <mem type="eden" free="0" total="27262976" percent="0" />
    <remembered-set count="1792" freebytes="3341312" totalbytes="3348480" percent="99" regionsoverflowed="0" regionsstable="17" regionsrebuilding="0"/>
  </mem-info>
</gc-start>
<allocation-stats totalBytes="27261240" >
  <allocated-bytes non-tlh="0" tlh="27261240" arrayletleaf="0"/>
  <largest-consumer threadName="main" threadId="000000000096B700" bytes="27261240" />
</allocation-stats>
<gc-op id="5452" type="copy forward" timems="3.421" contextid="5449" timestamp="2019-07-07T05:36:24.201">
  <memory-copied type="eden" objects="40" bytes="1112" bytesdiscarded="408" />
  <memory-copied type="other" objects="19" bytes="3480" bytesdiscarded="728" />
  <memory-cardclean objects="92" bytes="2912" />
  <regions eden="26" other="3" />
  <remembered-set-cleared processed="465" cleared="17" durationms="0.084" />
  <stringconstants candidates="13657" cleared="0"  />
</gc-op>
<gc-op id="5453" type="classunload" timems="0.004" contextid="5449" timestamp="2019-07-07T05:36:24.201">
  <classunload-info classloadercandidates="53" classloadersunloaded="0" classesunloaded="0" anonymousclassesunloaded="0" quiescems="0.000" setupms="0.003" scanms="0.000" postms="0.000" />
</gc-op>
<gc-end id="5454" type="partial gc" contextid="5449" durationms="4.611" usertimems="8.000" systemtimems="4.000" timestamp="2019-07-07T05:36:24.201" activeThreads="4">
  <mem-info id="5455" free="50331648" total="83886080" percent="60">
    <mem type="eden" free="1047056" total="1048576" percent="99" />
    <remembered-set count="1984" freebytes="3340544" totalbytes="3348480" percent="99" regionsoverflowed="0" regionsstable="17" regionsrebuilding="0"/>
  </mem-info>
</gc-end>
<cycle-end id="5456" type="partial gc" contextid="5449" timestamp="2019-07-07T05:36:24.201" />
  <attribute name="elasticGC enabled" value="1" />
  <attribute name= "numThreadsSpecified" value="4" />
  <attribute name="heapSize specified" value="0" />
  <attribute name="Current GC Util" value="210" />
  <attribute name= "Current Time Running" value="24892" />
  <attribute name ="GC Interval" value="0" />
  <attribute name="ProportionalT" value="95.000000" />
  <attribute name="ProportionalI" value="95.000000" />
  <attribute name="ProportionalH" value="95.000000" />
  <attribute name="Current Error" value="190.000000" />
  <attribute name="IntegralT" value="95.000000" />
  <attribute name="IntegralI" value="95.000000" />
  <attribute name="IntegralH" value="95.000000" />
  <attribute name="DerivativeT" value="190.000000" />
  <attribute name="DerivativeI" value="190.000000" />
  <attribute name="DerivativeH" value="190.000000" />
  <attribute name="Loop Time for DT" value="1.000000" />
  <attribute name="Output H" value="8388608"/>
  <attribute name="Output I" value="384"/>
  <attribute name="Output T" value="4"/>
  <attribute name="Target GC Util Change" value ="20.000000" />
  <attribute name="Current GC Util Change" value="210.000000"/>
  <attribute name="GC Util currently" value="210" />
  <attribute name="CPU Util currently" value="14005916019693" />
<exclusive-end id="5457" timestamp="2019-07-07T05:36:24.201" durationms="5.671" />

<exclusive-start id="5458" timestamp="2019-07-07T05:36:24.213" intervalms="16.946">
  <response-info timems="0.116" idlems="0.116" threads="0" lastid="000000000096B700" lastname="main" />
</exclusive-start>
<allocation-taxation id="5459" taxation-threshold="27262976" timestamp="2019-07-07T05:36:24.213" intervalms="16.904" />
<cycle-start id="5460" type="partial gc" contextid="0" timestamp="2019-07-07T05:36:24.213" intervalms="16.854" />
<gc-start id="5461" type="partial gc" contextid="5460" timestamp="2019-07-07T05:36:24.213">
  <mem-info id="5462" free="23068672" total="83886080" percent="27">
    <mem type="eden" free="0" total="27262976" percent="0" />
    <remembered-set count="1984" freebytes="3340544" totalbytes="3348480" percent="99" regionsoverflowed="0" regionsstable="17" regionsrebuilding="0"/>
  </mem-info>
</gc-start>
<allocation-stats totalBytes="27260936" >
  <allocated-bytes non-tlh="0" tlh="27260936" arrayletleaf="0"/>
  <largest-consumer threadName="main" threadId="000000000096B700" bytes="27260936" />
</allocation-stats>
<gc-op id="5463" type="copy forward" timems="2.993" contextid="5460" timestamp="2019-07-07T05:36:24.217">
  <memory-copied type="eden" objects="7" bytes="160" bytesdiscarded="0" />
  <memory-copied type="other" objects="71" bytes="1856" bytesdiscarded="384" />
  <memory-cardclean objects="111" bytes="3336" />
  <regions eden="26" other="2" />
  <remembered-set-cleared processed="467" cleared="18" durationms="0.086" />
  <stringconstants candidates="13657" cleared="0"  />
</gc-op>
<gc-op id="5464" type="classunload" timems="0.004" contextid="5460" timestamp="2019-07-07T05:36:24.217">
  <classunload-info classloadercandidates="53" classloadersunloaded="0" classesunloaded="0" anonymousclassesunloaded="0" quiescems="0.000" setupms="0.004" scanms="0.000" postms="0.000" />
</gc-op>
<gc-end id="5465" type="partial gc" contextid="5460" durationms="4.211" usertimems="8.000" systemtimems="0.000" timestamp="2019-07-07T05:36:24.217" activeThreads="4">
  <mem-info id="5466" free="49283072" total="83886080" percent="58">
    <mem type="eden" free="1048416" total="1048576" percent="99" />
    <remembered-set count="2528" freebytes="3338368" totalbytes="3348480" percent="99" regionsoverflowed="0" regionsstable="17" regionsrebuilding="0"/>
  </mem-info>
</gc-end>
<cycle-end id="5467" type="partial gc" contextid="5460" timestamp="2019-07-07T05:36:24.218" />
  <attribute name="elasticGC enabled" value="1" />
  <attribute name= "numThreadsSpecified" value="4" />
  <attribute name="heapSize specified" value="0" />
  <attribute name="Current GC Util" value="209" />
  <attribute name= "Current Time Running" value="24909" />
  <attribute name ="GC Interval" value="0" />
  <attribute name="ProportionalT" value="94.500000" />
  <attribute name="ProportionalI" value="94.500000" />
  <attribute name="ProportionalH" value="94.500000" />
  <attribute name="Current Error" value="189.000000" />
  <attribute name="IntegralT" value="94.500000" />
  <attribute name="IntegralI" value="94.500000" />
  <attribute name="IntegralH" value="94.500000" />
  <attribute name="DerivativeT" value="157.000000" />
  <attribute name="DerivativeI" value="157.000000" />
  <attribute name="DerivativeH" value="157.000000" />
  <attribute name="Loop Time for DT" value="1.000000" />
  <attribute name="Output H" value="8388608"/>
  <attribute name="Output I" value="352"/>
  <attribute name="Output T" value="4"/>
  <attribute name="Target GC Util Change" value ="20.000000" />
  <attribute name="Current GC Util Change" value="209.000000"/>
  <attribute name="GC Util currently" value="209" />
  <attribute name="CPU Util currently" value="13818737919980" />
<exclusive-end id="5468" timestamp="2019-07-07T05:36:24.218" durationms="5.226" />

<exclusive-start id="5469" timestamp="2019-07-07T05:36:24.234" intervalms="21.515">
  <response-info timems="0.075" idlems="0.075" threads="0" lastid="000000000096B700" lastname="main" />
</exclusive-start>
<allocation-taxation id="5470" taxation-threshold="27262976" timestamp="2019-07-07T05:36:24.234" intervalms="21.548" />
<cycle-start id="5471" type="partial gc" contextid="0" timestamp="2019-07-07T05:36:24.235" intervalms="21.609" />
<gc-start id="5472" type="partial gc" contextid="5471" timestamp="2019-07-07T05:36:24.235">
  <mem-info id="5473" free="22020096" total="83886080" percent="26">
    <mem type="eden" free="1048416" total="28311552" percent="3" />
    <remembered-set count="2528" freebytes="3338368" totalbytes="3348480" percent="99" regionsoverflowed="0" regionsstable="17" regionsrebuilding="0"/>
  </mem-info>
</gc-start>
<allocation-stats totalBytes="27260784" >
  <allocated-bytes non-tlh="0" tlh="27260784" arrayletleaf="0"/>
  <largest-consumer threadName="main" threadId="000000000096B700" bytes="27260784" />
</allocation-stats>
<gc-op id="5474" type="copy forward" timems="1.049" contextid="5471" timestamp="2019-07-07T05:36:24.237">
  <memory-copied type="eden" objects="32" bytes="944" bytesdiscarded="0" />
  <memory-copied type="other" objects="0" bytes="0" bytesdiscarded="0" />
  <memory-cardclean objects="76" bytes="2488" />
  <regions eden="26" other="1" />
  <remembered-set-cleared processed="475" cleared="12" durationms="0.119" />
  <stringconstants candidates="13657" cleared="0"  />
</gc-op>
<gc-op id="5475" type="classunload" timems="0.004" contextid="5471" timestamp="2019-07-07T05:36:24.237">
  <classunload-info classloadercandidates="53" classloadersunloaded="0" classesunloaded="0" anonymousclassesunloaded="0" quiescems="0.000" setupms="0.004" scanms="0.000" postms="0.000" />
</gc-op>
<gc-end id="5476" type="partial gc" contextid="5471" durationms="2.267" usertimems="0.000" systemtimems="0.000" timestamp="2019-07-07T05:36:24.237" activeThreads="1">
  <mem-info id="5477" free="49283072" total="83886080" percent="58">
    <mem type="eden" free="1047632" total="1048576" percent="99" />
    <remembered-set count="2880" freebytes="3336960" totalbytes="3348480" percent="99" regionsoverflowed="0" regionsstable="17" regionsrebuilding="0"/>
  </mem-info>
</gc-end>
<cycle-end id="5478" type="partial gc" contextid="5471" timestamp="2019-07-07T05:36:24.237" />
  <attribute name="elasticGC enabled" value="1" />
  <attribute name= "numThreadsSpecified" value="1" />
  <attribute name="heapSize specified" value="0" />
  <attribute name="Current GC Util" value="213" />
  <attribute name= "Current Time Running" value="24930" />
  <attribute name ="GC Interval" value="0" />
  <attribute name="ProportionalT" value="96.500000" />
  <attribute name="ProportionalI" value="96.500000" />
  <attribute name="ProportionalH" value="96.500000" />
  <attribute name="Current Error" value="193.000000" />
  <attribute name="IntegralT" value="0.000000" />
  <attribute name="IntegralI" value="0.000000" />
  <attribute name="IntegralH" value="0.000000" />
  <attribute name="DerivativeT" value="inf" />
  <attribute name="DerivativeI" value="inf" />
  <attribute name="DerivativeH" value="inf" />
  <attribute name="Loop Time for DT" value="0.000000" />
  <attribute name="Output H" value="8388608"/>
  <attribute name="Output I" value="200"/>
  <attribute name="Output T" value="1"/>
  <attribute name="Target GC Util Change" value ="20.000000" />
  <attribute name="Current GC Util Change" value="213.000000"/>
  <attribute name="GC Util currently" value="213" />
  <attribute name="CPU Util currently" value="13736007498768" />
<exclusive-end id="5479" timestamp="2019-07-07T05:36:24.237" durationms="3.335" />

<exclusive-start id="5480" timestamp="2019-07-07T05:36:24.272" intervalms="38.260">
  <response-info timems="0.070" idlems="0.070" threads="0" lastid="000000000096B700" lastname="main" />
</exclusive-start>
<allocation-taxation id="5481" taxation-threshold="27262976" timestamp="2019-07-07T05:36:24.273" intervalms="38.285" />
<cycle-start id="5482" type="partial gc" contextid="0" timestamp="2019-07-07T05:36:24.273" intervalms="38.255" />
<gc-start id="5483" type="partial gc" contextid="5482" timestamp="2019-07-07T05:36:24.273">
  <mem-info id="5484" free="22020096" total="83886080" percent="26">
    <mem type="eden" free="0" total="27262976" percent="0" />
    <remembered-set count="2656" freebytes="3337856" totalbytes="3348480" percent="99" regionsoverflowed="0" regionsstable="17" regionsrebuilding="0"/>
  </mem-info>
</gc-start>
<allocation-stats totalBytes="27261128" >
  <allocated-bytes non-tlh="0" tlh="27261128" arrayletleaf="0"/>
  <largest-consumer threadName="main" threadId="000000000096B700" bytes="27261128" />
</allocation-stats>
<gc-op id="5485" type="copy forward" timems="1.065" contextid="5482" timestamp="2019-07-07T05:36:24.275">
  <memory-copied type="eden" objects="12" bytes="320" bytesdiscarded="0" />
  <memory-copied type="other" objects="19" bytes="608" bytesdiscarded="0" />
  <memory-cardclean objects="64" bytes="2280" />
  <regions eden="26" other="1" />
  <remembered-set-cleared processed="475" cleared="12" durationms="0.133" />
  <stringconstants candidates="13657" cleared="0"  />
</gc-op>
<gc-op id="5486" type="classunload" timems="0.002" contextid="5482" timestamp="2019-07-07T05:36:24.275">
  <classunload-info classloadercandidates="53" classloadersunloaded="0" classesunloaded="0" anonymousclassesunloaded="0" quiescems="0.000" setupms="0.002" scanms="0.000" postms="0.000" />
</gc-op>
<heap-resize id="5487" type="expand" space="default" amount="5242880" count="1" timems="0.067" reason="excessive time being spent in gc" timestamp="2019-07-07T05:36:24.275" />
<gc-end id="5488" type="partial gc" contextid="5482" durationms="2.504" usertimems="4.000" systemtimems="0.000" timestamp="2019-07-07T05:36:24.276" activeThreads="1">
  <mem-info id="5489" free="53477376" total="89128960" percent="60">
    <mem type="eden" free="1048256" total="1048576" percent="99" />
    <remembered-set count="2880" freebytes="3546240" totalbytes="3557760" percent="99" regionsoverflowed="0" regionsstable="17" regionsrebuilding="0"/>
  </mem-info>
</gc-end>
<cycle-end id="5490" type="partial gc" contextid="5482" timestamp="2019-07-07T05:36:24.276" />
  <attribute name="elasticGC enabled" value="1" />
  <attribute name= "numThreadsSpecified" value="1" />
  <attribute name="heapSize specified" value="0" />
  <attribute name="Current GC Util" value="298" />
  <attribute name= "Current Time Running" value="24968" />
  <attribute name ="GC Interval" value="0" />
  <attribute name="ProportionalT" value="139.000000" />
  <attribute name="ProportionalI" value="139.000000" />
  <attribute name="ProportionalH" value="139.000000" />
  <attribute name="Current Error" value="278.000000" />
  <attribute name="IntegralT" value="0.000000" />
  <attribute name="IntegralI" value="0.000000" />
  <attribute name="IntegralH" value="0.000000" />
  <attribute name="DerivativeT" value="inf" />
  <attribute name="DerivativeI" value="inf" />
  <attribute name="DerivativeH" value="inf" />
  <attribute name="Loop Time for DT" value="0.000000" />
  <attribute name="Output H" value="8388608"/>
  <attribute name="Output I" value="200"/>
  <attribute name="Output T" value="1"/>
  <attribute name="Target GC Util Change" value ="20.000000" />
  <attribute name="Current GC Util Change" value="298.000000"/>
  <attribute name="GC Util currently" value="298" />
  <attribute name="CPU Util currently" value="12234113933411" />
<exclusive-end id="5491" timestamp="2019-07-07T05:36:24.276" durationms="3.635" />

<exclusive-start id="5492" timestamp="2019-07-07T05:36:24.308" intervalms="35.218">
  <response-info timems="0.093" idlems="0.093" threads="0" lastid="000000000096B700" lastname="main" />
</exclusive-start>
<allocation-taxation id="5493" taxation-threshold="28311552" timestamp="2019-07-07T05:36:24.308" intervalms="35.175" />
<cycle-start id="5494" type="partial gc" contextid="0" timestamp="2019-07-07T05:36:24.308" intervalms="35.148" />
<gc-start id="5495" type="partial gc" contextid="5494" timestamp="2019-07-07T05:36:24.308">
  <mem-info id="5496" free="25165824" total="89128960" percent="28">
    <mem type="eden" free="1048256" total="29360128" percent="3" />
    <remembered-set count="2688" freebytes="3547008" totalbytes="3557760" percent="99" regionsoverflowed="0" regionsstable="17" regionsrebuilding="0"/>
  </mem-info>
</gc-start>
<allocation-stats totalBytes="28309688" >
  <allocated-bytes non-tlh="0" tlh="28309688" arrayletleaf="0"/>
  <largest-consumer threadName="main" threadId="000000000096B700" bytes="28309688" />
</allocation-stats>
<gc-op id="5497" type="copy forward" timems="1.015" contextid="5494" timestamp="2019-07-07T05:36:24.310">
  <memory-copied type="eden" objects="40" bytes="1184" bytesdiscarded="0" />
  <memory-copied type="other" objects="0" bytes="0" bytesdiscarded="0" />
  <memory-cardclean objects="77" bytes="2488" />
  <regions eden="27" other="1" />
  <remembered-set-cleared processed="480" cleared="14" durationms="0.122" />
  <stringconstants candidates="13657" cleared="0"  />
</gc-op>
<gc-op id="5498" type="classunload" timems="0.003" contextid="5494" timestamp="2019-07-07T05:36:24.310">
  <classunload-info classloadercandidates="53" classloadersunloaded="0" classesunloaded="0" anonymousclassesunloaded="0" quiescems="0.000" setupms="0.003" scanms="0.000" postms="0.000" />
</gc-op>
<gc-end id="5499" type="partial gc" contextid="5494" durationms="2.158" usertimems="4.000" systemtimems="0.000" timestamp="2019-07-07T05:36:24.310" activeThreads="1">
  <mem-info id="5500" free="53477376" total="89128960" percent="60">
    <mem type="eden" free="1047392" total="1048576" percent="99" />
    <remembered-set count="2912" freebytes="3546112" totalbytes="3557760" percent="99" regionsoverflowed="0" regionsstable="17" regionsrebuilding="0"/>
  </mem-info>
</gc-end>
<cycle-end id="5501" type="partial gc" contextid="5494" timestamp="2019-07-07T05:36:24.311" />
  <attribute name="elasticGC enabled" value="1" />
  <attribute name= "numThreadsSpecified" value="1" />
  <attribute name="heapSize specified" value="0" />
  <attribute name="Current GC Util" value="315" />
  <attribute name= "Current Time Running" value="25003" />
  <attribute name ="GC Interval" value="0" />
  <attribute name="ProportionalT" value="147.500000" />
  <attribute name="ProportionalI" value="147.500000" />
  <attribute name="ProportionalH" value="147.500000" />
  <attribute name="Current Error" value="295.000000" />
  <attribute name="IntegralT" value="0.000000" />
  <attribute name="IntegralI" value="0.000000" />
  <attribute name="IntegralH" value="0.000000" />
  <attribute name="DerivativeT" value="inf" />
  <attribute name="DerivativeI" value="inf" />
  <attribute name="DerivativeH" value="inf" />
  <attribute name="Loop Time for DT" value="0.000000" />
  <attribute name="Output H" value="8388608"/>
  <attribute name="Output I" value="200"/>
  <attribute name="Output T" value="1"/>
  <attribute name="Target GC Util Change" value ="20.000000" />
  <attribute name="Current GC Util Change" value="315.000000"/>
  <attribute name="GC Util currently" value="315" />
  <attribute name="CPU Util currently" value="13963719560422" />
<exclusive-end id="5502" timestamp="2019-07-07T05:36:24.311" durationms="3.211" />

<exclusive-start id="5503" timestamp="2019-07-07T05:36:24.338" intervalms="30.346">
  <response-info timems="0.032" idlems="0.032" threads="0" lastid="000000000096B700" lastname="main" />
</exclusive-start>
<allocation-taxation id="5504" taxation-threshold="28311552" timestamp="2019-07-07T05:36:24.338" intervalms="30.313" />
<cycle-start id="5505" type="partial gc" contextid="0" timestamp="2019-07-07T05:36:24.338" intervalms="30.244" />
<gc-start id="5506" type="partial gc" contextid="5505" timestamp="2019-07-07T05:36:24.338">
  <mem-info id="5507" free="25165824" total="89128960" percent="28">
    <mem type="eden" free="0" total="28311552" percent="0" />
    <remembered-set count="2688" freebytes="3547008" totalbytes="3557760" percent="99" regionsoverflowed="0" regionsstable="17" regionsrebuilding="0"/>
  </mem-info>
</gc-start>
<allocation-stats totalBytes="28309352" >
  <allocated-bytes non-tlh="0" tlh="28309352" arrayletleaf="0"/>
  <largest-consumer threadName="main" threadId="000000000096B700" bytes="28309352" />
</allocation-stats>
<gc-op id="5508" type="copy forward" timems="3.149" contextid="5505" timestamp="2019-07-07T05:36:24.342">
  <memory-copied type="eden" objects="9" bytes="248" bytesdiscarded="0" />
  <memory-copied type="other" objects="27" bytes="856" bytesdiscarded="0" />
  <memory-cardclean objects="65" bytes="2280" />
  <regions eden="27" other="1" />
  <remembered-set-cleared processed="480" cleared="14" durationms="0.090" />
  <stringconstants candidates="13657" cleared="0"  />
</gc-op>
<gc-op id="5509" type="classunload" timems="0.004" contextid="5505" timestamp="2019-07-07T05:36:24.342">
  <classunload-info classloadercandidates="53" classloadersunloaded="0" classesunloaded="0" anonymousclassesunloaded="0" quiescems="0.000" setupms="0.003" scanms="0.000" postms="0.000" />
</gc-op>
<gc-end id="5510" type="partial gc" contextid="5505" durationms="4.176" usertimems="8.000" systemtimems="0.000" timestamp="2019-07-07T05:36:24.343" activeThreads="4">
  <mem-info id="5511" free="52428800" total="89128960" percent="58">
    <mem type="eden" free="1048328" total="1048576" percent="99" />
    <remembered-set count="2240" freebytes="3548800" totalbytes="3557760" percent="99" regionsoverflowed="0" regionsstable="17" regionsrebuilding="0"/>
  </mem-info>
</gc-end>
<cycle-end id="5512" type="partial gc" contextid="5505" timestamp="2019-07-07T05:36:24.343" />
  <attribute name="elasticGC enabled" value="1" />
  <attribute name= "numThreadsSpecified" value="4" />
  <attribute name="heapSize specified" value="0" />
  <attribute name="Current GC Util" value="290" />
  <attribute name= "Current Time Running" value="25034" />
  <attribute name ="GC Interval" value="0" />
  <attribute name="ProportionalT" value="135.000000" />
  <attribute name="ProportionalI" value="135.000000" />
  <attribute name="ProportionalH" value="135.000000" />
  <attribute name="Current Error" value="270.000000" />
  <attribute name="IntegralT" value="135.000000" />
  <attribute name="IntegralI" value="135.000000" />
  <attribute name="IntegralH" value="135.000000" />
  <attribute name="DerivativeT" value="270.000000" />
  <attribute name="DerivativeI" value="270.000000" />
  <attribute name="DerivativeH" value="270.000000" />
  <attribute name="Loop Time for DT" value="1.000000" />
  <attribute name="Output H" value="8388608"/>
  <attribute name="Output I" value="544"/>
  <attribute name="Output T" value="4"/>
  <attribute name="Target GC Util Change" value ="20.000000" />
  <attribute name="Current GC Util Change" value="290.000000"/>
  <attribute name="GC Util currently" value="290" />
  <attribute name="CPU Util currently" value="13162068142012" />
<exclusive-end id="5513" timestamp="2019-07-07T05:36:24.343" durationms="4.973" />

<exclusive-start id="5514" timestamp="2019-07-07T05:36:24.430" intervalms="92.228">
  <response-info timems="0.101" idlems="0.101" threads="0" lastid="000000000096B700" lastname="main" />
</exclusive-start>
<allocation-taxation id="5515" taxation-threshold="28311552" timestamp="2019-07-07T05:36:24.430" intervalms="92.295" />
<cycle-start id="5516" type="partial gc" contextid="0" timestamp="2019-07-07T05:36:24.431" intervalms="92.410" />
<gc-start id="5517" type="partial gc" contextid="5516" timestamp="2019-07-07T05:36:24.431">
  <mem-info id="5518" free="24117248" total="89128960" percent="27">
    <mem type="eden" free="1048328" total="29360128" percent="3" />
    <remembered-set count="2240" freebytes="3548800" totalbytes="3557760" percent="99" regionsoverflowed="0" regionsstable="17" regionsrebuilding="0"/>
  </mem-info>
</gc-start>
<allocation-stats totalBytes="28299584" >
  <allocated-bytes non-tlh="0" tlh="28299584" arrayletleaf="0"/>
  <largest-consumer threadName="main" threadId="000000000096B700" bytes="28299584" />
</allocation-stats>
<gc-op id="5519" type="copy forward" timems="1.098" contextid="5516" timestamp="2019-07-07T05:36:24.433">
  <memory-copied type="eden" objects="54" bytes="2248" bytesdiscarded="0" />
  <memory-copied type="other" objects="0" bytes="0" bytesdiscarded="0" />
  <memory-cardclean objects="76" bytes="2496" />
  <regions eden="27" other="1" />
  <remembered-set-cleared processed="485" cleared="16" durationms="0.132" />
  <stringconstants candidates="13657" cleared="0"  />
</gc-op>
<gc-op id="5520" type="classunload" timems="0.003" contextid="5516" timestamp="2019-07-07T05:36:24.433">
  <classunload-info classloadercandidates="53" classloadersunloaded="0" classesunloaded="0" anonymousclassesunloaded="0" quiescems="0.000" setupms="0.003" scanms="0.000" postms="0.000" />
</gc-op>
<gc-end id="5521" type="partial gc" contextid="5516" durationms="2.290" usertimems="0.000" systemtimems="0.000" timestamp="2019-07-07T05:36:24.433" activeThreads="1">
  <mem-info id="5522" free="52428800" total="89128960" percent="58">
    <mem type="eden" free="1046328" total="1048576" percent="99" />
    <remembered-set count="2432" freebytes="3548032" totalbytes="3557760" percent="99" regionsoverflowed="0" regionsstable="17" regionsrebuilding="0"/>
  </mem-info>
</gc-end>
<cycle-end id="5523" type="partial gc" contextid="5516" timestamp="2019-07-07T05:36:24.433" />
  <attribute name="elasticGC enabled" value="1" />
  <attribute name= "numThreadsSpecified" value="1" />
  <attribute name="heapSize specified" value="0" />
  <attribute name="Current GC Util" value="199" />
  <attribute name= "Current Time Running" value="25126" />
  <attribute name ="GC Interval" value="0" />
  <attribute name="ProportionalT" value="89.500000" />
  <attribute name="ProportionalI" value="89.500000" />
  <attribute name="ProportionalH" value="89.500000" />
  <attribute name="Current Error" value="179.000000" />
  <attribute name="IntegralT" value="0.000000" />
  <attribute name="IntegralI" value="0.000000" />
  <attribute name="IntegralH" value="0.000000" />
  <attribute name="DerivativeT" value="inf" />
  <attribute name="DerivativeI" value="inf" />
  <attribute name="DerivativeH" value="inf" />
  <attribute name="Loop Time for DT" value="0.000000" />
  <attribute name="Output H" value="8388608"/>
  <attribute name="Output I" value="200"/>
  <attribute name="Output T" value="1"/>
  <attribute name="Target GC Util Change" value ="20.000000" />
  <attribute name="Current GC Util Change" value="199.000000"/>
  <attribute name="GC Util currently" value="199" />
  <attribute name="CPU Util currently" value="12953118844726" />
<exclusive-end id="5524" timestamp="2019-07-07T05:36:24.434" durationms="3.391" />

<exclusive-start id="5525" timestamp="2019-07-07T05:36:24.502" intervalms="71.877">
  <response-info timems="0.143" idlems="0.143" threads="0" lastid="000000000096B700" lastname="main" />
</exclusive-start>
<allocation-taxation id="5526" taxation-threshold="28311552" timestamp="2019-07-07T05:36:24.502" intervalms="71.889" />
<cycle-start id="5527" type="partial gc" contextid="0" timestamp="2019-07-07T05:36:24.503" intervalms="71.905" />
<gc-start id="5528" type="partial gc" contextid="5527" timestamp="2019-07-07T05:36:24.503">
  <mem-info id="5529" free="24117248" total="89128960" percent="27">
    <mem type="eden" free="0" total="28311552" percent="0" />
    <remembered-set count="2240" freebytes="3548800" totalbytes="3557760" percent="99" regionsoverflowed="0" regionsstable="17" regionsrebuilding="0"/>
  </mem-info>
</gc-start>
<allocation-stats totalBytes="28289992" >
  <allocated-bytes non-tlh="0" tlh="28289992" arrayletleaf="0"/>
  <largest-consumer threadName="main" threadId="000000000096B700" bytes="28289992" />
</allocation-stats>
<gc-op id="5530" type="copy forward" timems="1.109" contextid="5527" timestamp="2019-07-07T05:36:24.505">
  <memory-copied type="eden" objects="2" bytes="56" bytesdiscarded="0" />
  <memory-copied type="other" objects="53" bytes="2216" bytesdiscarded="0" />
  <memory-cardclean objects="64" bytes="2288" />
  <regions eden="27" other="1" />
  <remembered-set-cleared processed="484" cleared="15" durationms="0.123" />
  <stringconstants candidates="13657" cleared="0"  />
</gc-op>
<gc-op id="5531" type="classunload" timems="0.004" contextid="5527" timestamp="2019-07-07T05:36:24.505">
  <classunload-info classloadercandidates="53" classloadersunloaded="0" classesunloaded="0" anonymousclassesunloaded="0" quiescems="0.000" setupms="0.004" scanms="0.000" postms="0.000" />
</gc-op>
<gc-end id="5532" type="partial gc" contextid="5527" durationms="2.403" usertimems="0.000" systemtimems="0.000" timestamp="2019-07-07T05:36:24.505" activeThreads="1">
  <mem-info id="5533" free="51380224" total="89128960" percent="57">
    <mem type="eden" free="1048520" total="1048576" percent="99" />
    <remembered-set count="2432" freebytes="3548032" totalbytes="3557760" percent="99" regionsoverflowed="0" regionsstable="17" regionsrebuilding="0"/>
  </mem-info>
</gc-end>
<cycle-end id="5534" type="partial gc" contextid="5527" timestamp="2019-07-07T05:36:24.505" />
  <attribute name="elasticGC enabled" value="1" />
  <attribute name= "numThreadsSpecified" value="1" />
  <attribute name="heapSize specified" value="0" />
  <attribute name="Current GC Util" value="288" />
  <attribute name= "Current Time Running" value="25198" />
  <attribute name ="GC Interval" value="0" />
  <attribute name="ProportionalT" value="134.000000" />
  <attribute name="ProportionalI" value="134.000000" />
  <attribute name="ProportionalH" value="134.000000" />
  <attribute name="Current Error" value="268.000000" />
  <attribute name="IntegralT" value="0.000000" />
  <attribute name="IntegralI" value="0.000000" />
  <attribute name="IntegralH" value="0.000000" />
  <attribute name="DerivativeT" value="inf" />
  <attribute name="DerivativeI" value="inf" />
  <attribute name="DerivativeH" value="inf" />
  <attribute name="Loop Time for DT" value="0.000000" />
  <attribute name="Output H" value="8388608"/>
  <attribute name="Output I" value="200"/>
  <attribute name="Output T" value="1"/>
  <attribute name="Target GC Util Change" value ="20.000000" />
  <attribute name="Current GC Util Change" value="288.000000"/>
  <attribute name="GC Util currently" value="288" />
  <attribute name="CPU Util currently" value="12871305943463" />
<exclusive-end id="5535" timestamp="2019-07-07T05:36:24.506" durationms="3.591" />

<exclusive-start id="5536" timestamp="2019-07-07T05:36:24.573" intervalms="71.283">
  <response-info timems="0.077" idlems="0.077" threads="0" lastid="000000000096B700" lastname="main" />
</exclusive-start>
<allocation-taxation id="5537" taxation-threshold="28311552" timestamp="2019-07-07T05:36:24.574" intervalms="71.290" />
<cycle-start id="5538" type="partial gc" contextid="0" timestamp="2019-07-07T05:36:24.574" intervalms="71.275" />
<gc-start id="5539" type="partial gc" contextid="5538" timestamp="2019-07-07T05:36:24.574">
  <mem-info id="5540" free="23068672" total="89128960" percent="25">
    <mem type="eden" free="1048520" total="29360128" percent="3" />
    <remembered-set count="2272" freebytes="3548672" totalbytes="3557760" percent="99" regionsoverflowed="0" regionsstable="17" regionsrebuilding="0"/>
  </mem-info>
</gc-start>
<allocation-stats totalBytes="28289360" >
  <allocated-bytes non-tlh="0" tlh="28289360" arrayletleaf="0"/>
  <largest-consumer threadName="main" threadId="000000000096B700" bytes="28289360" />
</allocation-stats>
<gc-op id="5541" type="copy forward" timems="1.103" contextid="5538" timestamp="2019-07-07T05:36:24.576">
  <memory-copied type="eden" objects="2" bytes="56" bytesdiscarded="0" />
  <memory-copied type="other" objects="0" bytes="0" bytesdiscarded="0" />
  <memory-cardclean objects="15" bytes="344" />
  <regions eden="27" other="1" />
  <remembered-set-cleared processed="490" cleared="1" durationms="0.122" />
  <stringconstants candidates="13657" cleared="0"  />
</gc-op>
<gc-op id="5542" type="classunload" timems="0.003" contextid="5538" timestamp="2019-07-07T05:36:24.576">
  <classunload-info classloadercandidates="53" classloadersunloaded="0" classesunloaded="0" anonymousclassesunloaded="0" quiescems="0.000" setupms="0.003" scanms="0.000" postms="0.000" />
</gc-op>
<heap-resize id="5543" type="contract" space="default" amount="5242880" count="1" timems="0.061" reason="insufficient time being spent in gc" timestamp="2019-07-07T05:36:24.576" />
<gc-end id="5544" type="partial gc" contextid="5538" durationms="2.516" usertimems="4.000" systemtimems="0.000" timestamp="2019-07-07T05:36:24.577" activeThreads="1">
  <mem-info id="5545" free="46137344" total="83886080" percent="55">
    <mem type="eden" free="1048520" total="1048576" percent="99" />
    <remembered-set count="2752" freebytes="3546752" totalbytes="3557760" percent="99" regionsoverflowed="0" regionsstable="17" regionsrebuilding="0"/>
  </mem-info>
</gc-end>
<cycle-end id="5546" type="partial gc" contextid="5538" timestamp="2019-07-07T05:36:24.577" />
  <attribute name="elasticGC enabled" value="1" />
  <attribute name= "numThreadsSpecified" value="1" />
  <attribute name="heapSize specified" value="0" />
  <attribute name="Current GC Util" value="319" />
  <attribute name= "Current Time Running" value="25269" />
  <attribute name ="GC Interval" value="0" />
  <attribute name="ProportionalT" value="149.500000" />
  <attribute name="ProportionalI" value="149.500000" />
  <attribute name="ProportionalH" value="149.500000" />
  <attribute name="Current Error" value="299.000000" />
  <attribute name="IntegralT" value="0.000000" />
  <attribute name="IntegralI" value="0.000000" />
  <attribute name="IntegralH" value="0.000000" />
  <attribute name="DerivativeT" value="inf" />
  <attribute name="DerivativeI" value="inf" />
  <attribute name="DerivativeH" value="inf" />
  <attribute name="Loop Time for DT" value="0.000000" />
  <attribute name="Output H" value="8388608"/>
  <attribute name="Output I" value="200"/>
  <attribute name="Output T" value="1"/>
  <attribute name="Target GC Util Change" value ="20.000000" />
  <attribute name="Current GC Util Change" value="319.000000"/>
  <attribute name="GC Util currently" value="319" />
  <attribute name="CPU Util currently" value="12652157074299" />
<exclusive-end id="5547" timestamp="2019-07-07T05:36:24.577" durationms="3.776" />

<exclusive-start id="5548" timestamp="2019-07-07T05:36:24.633" intervalms="59.550">
  <response-info timems="0.088" idlems="0.088" threads="0" lastid="000000000096B700" lastname="main" />
</exclusive-start>
<allocation-taxation id="5549" taxation-threshold="27262976" timestamp="2019-07-07T05:36:24.633" intervalms="59.588" />
<cycle-start id="5550" type="partial gc" contextid="0" timestamp="2019-07-07T05:36:24.633" intervalms="59.579" />
<gc-start id="5551" type="partial gc" contextid="5550" timestamp="2019-07-07T05:36:24.634">
  <mem-info id="5552" free="18874368" total="83886080" percent="22">
    <mem type="eden" free="1048520" total="28311552" percent="3" />
    <remembered-set count="2272" freebytes="3548672" totalbytes="3557760" percent="99" regionsoverflowed="0" regionsstable="17" regionsrebuilding="0"/>
  </mem-info>
</gc-start>
<allocation-stats totalBytes="27252384" >
  <allocated-bytes non-tlh="0" tlh="27252384" arrayletleaf="0"/>
  <largest-consumer threadName="main" threadId="000000000096B700" bytes="27252384" />
</allocation-stats>
<gc-op id="5553" type="copy forward" timems="1.127" contextid="5550" timestamp="2019-07-07T05:36:24.636">
  <memory-copied type="eden" objects="26" bytes="784" bytesdiscarded="0" />
  <memory-copied type="other" objects="0" bytes="0" bytesdiscarded="0" />
  <memory-cardclean objects="361" bytes="21984" />
  <regions eden="26" other="1" />
  <remembered-set-cleared processed="436" cleared="25" durationms="0.122" />
  <stringconstants candidates="13657" cleared="0"  />
</gc-op>
<gc-op id="5554" type="classunload" timems="0.004" contextid="5550" timestamp="2019-07-07T05:36:24.636">
  <classunload-info classloadercandidates="53" classloadersunloaded="0" classesunloaded="0" anonymousclassesunloaded="0" quiescems="0.000" setupms="0.003" scanms="0.000" postms="0.000" />
</gc-op>
<heap-resize id="5555" type="contract" space="default" amount="4194304" count="1" timems="0.055" reason="insufficient time being spent in gc" timestamp="2019-07-07T05:36:24.636" />
<gc-end id="5556" type="partial gc" contextid="5550" durationms="2.945" usertimems="0.000" systemtimems="4.000" timestamp="2019-07-07T05:36:24.637" activeThreads="1">
  <mem-info id="5557" free="41943040" total="79691776" percent="52">
    <mem type="eden" free="1047792" total="1048576" percent="99" />
    <remembered-set count="1184" freebytes="3343744" totalbytes="3348480" percent="99" regionsoverflowed="0" regionsstable="17" regionsrebuilding="0"/>
  </mem-info>
</gc-end>
<cycle-end id="5558" type="partial gc" contextid="5550" timestamp="2019-07-07T05:36:24.637" />
  <attribute name="elasticGC enabled" value="1" />
  <attribute name= "numThreadsSpecified" value="1" />
  <attribute name="heapSize specified" value="0" />
  <attribute name="Current GC Util" value="157" />
  <attribute name= "Current Time Running" value="25329" />
  <attribute name ="GC Interval" value="0" />
  <attribute name="ProportionalT" value="68.500000" />
  <attribute name="ProportionalI" value="68.500000" />
  <attribute name="ProportionalH" value="68.500000" />
  <attribute name="Current Error" value="137.000000" />
  <attribute name="IntegralT" value="0.000000" />
  <attribute name="IntegralI" value="0.000000" />
  <attribute name="IntegralH" value="0.000000" />
  <attribute name="DerivativeT" value="inf" />
  <attribute name="DerivativeI" value="inf" />
  <attribute name="DerivativeH" value="inf" />
  <attribute name="Loop Time for DT" value="0.000000" />
  <attribute name="Output H" value="8388608"/>
  <attribute name="Output I" value="200"/>
  <attribute name="Output T" value="1"/>
  <attribute name="Target GC Util Change" value ="20.000000" />
  <attribute name="Current GC Util Change" value="157.000000"/>
  <attribute name="GC Util currently" value="157" />
  <attribute name="CPU Util currently" value="7040064770781" />
<exclusive-end id="5559" timestamp="2019-07-07T05:36:24.637" durationms="4.092" />

<exclusive-start id="5560" timestamp="2019-07-07T05:36:24.649" intervalms="15.740">
  <response-info timems="0.081" idlems="0.081" threads="0" lastid="000000000096B700" lastname="main" />
</exclusive-start>
<allocation-taxation id="5561" taxation-threshold="12582912" timestamp="2019-07-07T05:36:24.649" intervalms="15.666" />
<cycle-start id="5562" type="global mark phase" contextid="0" timestamp="2019-07-07T05:36:24.649" intervalms="1295.382" />
<gc-start id="5563" type="global mark phase" contextid="5562" timestamp="2019-07-07T05:36:24.649">
  <mem-info id="5564" free="29360128" total="79691776" percent="36">
    <remembered-set count="1184" freebytes="3343744" totalbytes="3348480" percent="99" regionsoverflowed="0" regionsstable="17" regionsrebuilding="0"/>
  </mem-info>
</gc-start>
<gc-op id="5565" type="mark increment" timems="1.053" contextid="5562" timestamp="2019-07-07T05:36:24.650">
  <trace-info objectcount="170" scancount="0" scanbytes="0" />
</gc-op>
<gc-end id="5566" type="global mark phase" contextid="5562" durationms="1.335" usertimems="4.000" systemtimems="0.000" timestamp="2019-07-07T05:36:24.651" activeThreads="1">
  <mem-info id="5567" free="29360128" total="79691776" percent="36">
    <remembered-set count="1184" freebytes="3343744" totalbytes="3348480" percent="99" regionsoverflowed="0" regionsstable="0" regionsrebuilding="17"/>
  </mem-info>
</gc-end>
<concurrent-start id="5568" type="GMP work packet processing" contextid="5562" timestamp="2019-07-07T05:36:24.651">
  <concurrent-mark-start scanTarget="1048576" />
</concurrent-start>
<exclusive-end id="5569" timestamp="2019-07-07T05:36:24.651" durationms="2.538" />

<concurrent-end id="5570" type="GMP work packet processing" contextid="5562" timestamp="2019-07-07T05:36:24.653">
  <concurrent-mark-end bytesScanned="1142456" reasonForTermination="Work target met" />
</concurrent-end>

<exclusive-start id="5571" timestamp="2019-07-07T05:36:24.657" intervalms="8.060">
  <response-info timems="0.072" idlems="0.072" threads="0" lastid="000000000096B700" lastname="main" />
</exclusive-start>
<allocation-taxation id="5572" taxation-threshold="12582912" timestamp="2019-07-07T05:36:24.657" intervalms="8.075" />
<cycle-start id="5573" type="partial gc" contextid="0" timestamp="2019-07-07T05:36:24.657" intervalms="23.728" />
<gc-start id="5574" type="partial gc" contextid="5573" timestamp="2019-07-07T05:36:24.657">
  <mem-info id="5575" free="16777216" total="79691776" percent="21">
    <mem type="eden" free="0" total="25165824" percent="0" />
    <remembered-set count="14784" freebytes="3289344" totalbytes="3348480" percent="98" regionsoverflowed="0" regionsstable="0" regionsrebuilding="17"/>
  </mem-info>
</gc-start>
<allocation-stats totalBytes="25144632" >
  <allocated-bytes non-tlh="0" tlh="25144632" arrayletleaf="0"/>
  <largest-consumer threadName="main" threadId="000000000096B700" bytes="12565656" />
</allocation-stats>
<gc-op id="5576" type="copy forward" timems="3.542" contextid="5573" timestamp="2019-07-07T05:36:24.662">
  <memory-copied type="eden" objects="23" bytes="1248" bytesdiscarded="672" />
  <memory-copied type="other" objects="7" bytes="168" bytesdiscarded="624" />
  <memory-cardclean objects="70" bytes="2208" />
  <regions eden="24" other="1" />
  <remembered-set-cleared processed="13040" cleared="46" durationms="0.133" />
  <stringconstants candidates="13657" cleared="0"  />
</gc-op>
<gc-op id="5577" type="classunload" timems="0.003" contextid="5573" timestamp="2019-07-07T05:36:24.662">
  <classunload-info classloadercandidates="53" classloadersunloaded="0" classesunloaded="0" anonymousclassesunloaded="0" quiescems="0.000" setupms="0.003" scanms="0.000" postms="0.000" />
</gc-op>
<gc-end id="5578" type="partial gc" contextid="5573" durationms="5.061" usertimems="12.000" systemtimems="0.000" timestamp="2019-07-07T05:36:24.662" activeThreads="4">
  <mem-info id="5579" free="40894464" total="79691776" percent="51">
    <mem type="eden" free="1046656" total="1048576" percent="99" />
    <remembered-set count="15200" freebytes="3120256" totalbytes="3181056" percent="98" regionsoverflowed="0" regionsstable="0" regionsrebuilding="17"/>
  </mem-info>
</gc-end>
<cycle-end id="5580" type="partial gc" contextid="5573" timestamp="2019-07-07T05:36:24.663" />
  <attribute name="elasticGC enabled" value="1" />
  <attribute name= "numThreadsSpecified" value="4" />
  <attribute name="heapSize specified" value="0" />
  <attribute name="Current GC Util" value="90" />
  <attribute name= "Current Time Running" value="25353" />
  <attribute name ="GC Interval" value="0" />
  <attribute name="ProportionalT" value="35.000000" />
  <attribute name="ProportionalI" value="35.000000" />
  <attribute name="ProportionalH" value="35.000000" />
  <attribute name="Current Error" value="70.000000" />
  <attribute name="IntegralT" value="35.000000" />
  <attribute name="IntegralI" value="35.000000" />
  <attribute name="IntegralH" value="35.000000" />
  <attribute name="DerivativeT" value="9.000000" />
  <attribute name="DerivativeI" value="9.000000" />
  <attribute name="DerivativeH" value="9.000000" />
  <attribute name="Loop Time for DT" value="1.000000" />
  <attribute name="Output H" value="8388608"/>
  <attribute name="Output I" value="200"/>
  <attribute name="Output T" value="4"/>
  <attribute name="Target GC Util Change" value ="20.000000" />
  <attribute name="Current GC Util Change" value="90.000000"/>
  <attribute name="GC Util currently" value="90" />
  <attribute name="CPU Util currently" value="7151153533751" />
<exclusive-end id="5581" timestamp="2019-07-07T05:36:24.663" durationms="6.150" />

<exclusive-start id="5582" timestamp="2019-07-07T05:36:24.667" intervalms="10.004">
  <response-info timems="0.078" idlems="0.078" threads="0" lastid="000000000096B700" lastname="main" />
</exclusive-start>
<allocation-taxation id="5583" taxation-threshold="12582912" timestamp="2019-07-07T05:36:24.667" intervalms="9.988" />
<gc-start id="5584" type="global mark phase" contextid="5562" timestamp="2019-07-07T05:36:24.667">
  <mem-info id="5585" free="28311552" total="79691776" percent="35">
    <remembered-set count="15200" freebytes="3120256" totalbytes="3181056" percent="98" regionsoverflowed="0" regionsstable="0" regionsrebuilding="17"/>
  </mem-info>
</gc-start>
<gc-end id="5586" type="global mark phase" contextid="5562" durationms="0.171" usertimems="0.000" systemtimems="0.000" timestamp="2019-07-07T05:36:24.667" activeThreads="4">
  <mem-info id="5587" free="28311552" total="79691776" percent="35">
    <remembered-set count="15200" freebytes="3120256" totalbytes="3181056" percent="98" regionsoverflowed="0" regionsstable="0" regionsrebuilding="17"/>
  </mem-info>
</gc-end>
<concurrent-start id="5588" type="GMP work packet processing" contextid="5562" timestamp="2019-07-07T05:36:24.667">
  <concurrent-mark-start scanTarget="1752473" />
</concurrent-start>
<exclusive-end id="5589" timestamp="2019-07-07T05:36:24.668" durationms="0.941" />

<concurrent-end id="5590" type="GMP work packet processing" contextid="5562" timestamp="2019-07-07T05:36:24.670">
  <concurrent-mark-end bytesScanned="1818148" reasonForTermination="Work target met" />
</concurrent-end>

<exclusive-start id="5591" timestamp="2019-07-07T05:36:24.673" intervalms="6.391">
  <response-info timems="0.053" idlems="0.053" threads="0" lastid="000000000096B700" lastname="main" />
</exclusive-start>
<allocation-taxation id="5592" taxation-threshold="12582912" timestamp="2019-07-07T05:36:24.673" intervalms="6.359" />
<cycle-start id="5593" type="partial gc" contextid="0" timestamp="2019-07-07T05:36:24.673" intervalms="16.311" />
<gc-start id="5594" type="partial gc" contextid="5593" timestamp="2019-07-07T05:36:24.674">
  <mem-info id="5595" free="15728640" total="79691776" percent="19">
    <mem type="eden" free="0" total="25165824" percent="0" />
    <remembered-set count="31936" freebytes="3053312" totalbytes="3181056" percent="95" regionsoverflowed="0" regionsstable="0" regionsrebuilding="17"/>
  </mem-info>
</gc-start>
<allocation-stats totalBytes="25121656" >
  <allocated-bytes non-tlh="0" tlh="25121656" arrayletleaf="0"/>
  <largest-consumer threadName="main" threadId="000000000096B700" bytes="12560496" />
</allocation-stats>
<gc-op id="5596" type="copy forward" timems="1.524" contextid="5593" timestamp="2019-07-07T05:36:24.676">
  <memory-copied type="eden" objects="3" bytes="72" bytesdiscarded="0" />
  <memory-copied type="other" objects="21" bytes="1208" bytesdiscarded="0" />
  <memory-cardclean objects="52" bytes="1800" />
  <regions eden="24" other="1" />
  <remembered-set-cleared processed="29867" cleared="38" durationms="0.298" />
  <stringconstants candidates="13657" cleared="0"  />
</gc-op>
<gc-op id="5597" type="classunload" timems="0.003" contextid="5593" timestamp="2019-07-07T05:36:24.676">
  <classunload-info classloadercandidates="53" classloadersunloaded="0" classesunloaded="0" anonymousclassesunloaded="0" quiescems="0.000" setupms="0.003" scanms="0.000" postms="0.000" />
</gc-op>
<heap-resize id="5598" type="expand" space="default" amount="13631488" count="1" timems="0.075" reason="excessive time being spent in gc" timestamp="2019-07-07T05:36:24.676" />
<gc-end id="5599" type="partial gc" contextid="5593" durationms="2.822" usertimems="4.000" systemtimems="0.000" timestamp="2019-07-07T05:36:24.676" activeThreads="1">
  <mem-info id="5600" free="53477376" total="93323264" percent="57">
    <mem type="eden" free="1048504" total="1048576" percent="99" />
    <remembered-set count="32192" freebytes="3596416" totalbytes="3725184" percent="96" regionsoverflowed="0" regionsstable="0" regionsrebuilding="17"/>
  </mem-info>
</gc-end>
<cycle-end id="5601" type="partial gc" contextid="5593" timestamp="2019-07-07T05:36:24.677" />
  <attribute name="elasticGC enabled" value="1" />
  <attribute name= "numThreadsSpecified" value="1" />
  <attribute name="heapSize specified" value="0" />
  <attribute name="Current GC Util" value="157" />
  <attribute name= "Current Time Running" value="25369" />
  <attribute name ="GC Interval" value="0" />
  <attribute name="ProportionalT" value="68.500000" />
  <attribute name="ProportionalI" value="68.500000" />
  <attribute name="ProportionalH" value="68.500000" />
  <attribute name="Current Error" value="137.000000" />
  <attribute name="IntegralT" value="0.000000" />
  <attribute name="IntegralI" value="0.000000" />
  <attribute name="IntegralH" value="0.000000" />
  <attribute name="DerivativeT" value="inf" />
  <attribute name="DerivativeI" value="inf" />
  <attribute name="DerivativeH" value="inf" />
  <attribute name="Loop Time for DT" value="0.000000" />
  <attribute name="Output H" value="8388608"/>
  <attribute name="Output I" value="200"/>
  <attribute name="Output T" value="1"/>
  <attribute name="Target GC Util Change" value ="20.000000" />
  <attribute name="Current GC Util Change" value="157.000000"/>
  <attribute name="GC Util currently" value="157" />
  <attribute name="CPU Util currently" value="13307149901876" />
<exclusive-end id="5602" timestamp="2019-07-07T05:36:24.677" durationms="3.755" />

<exclusive-start id="5603" timestamp="2019-07-07T05:36:24.681" intervalms="8.306">
  <response-info timems="0.075" idlems="0.075" threads="0" lastid="000000000096B700" lastname="main" />
</exclusive-start>
<allocation-taxation id="5604" taxation-threshold="14680064" timestamp="2019-07-07T05:36:24.682" intervalms="8.346" />
<gc-start id="5605" type="global mark phase" contextid="5562" timestamp="2019-07-07T05:36:24.682">
  <mem-info id="5606" free="38797312" total="93323264" percent="41">
    <remembered-set count="31840" freebytes="3597824" totalbytes="3725184" percent="96" regionsoverflowed="0" regionsstable="0" regionsrebuilding="17"/>
  </mem-info>
</gc-start>
<gc-end id="5607" type="global mark phase" contextid="5562" durationms="0.160" usertimems="0.000" systemtimems="0.000" timestamp="2019-07-07T05:36:24.682" activeThreads="1">
  <mem-info id="5608" free="38797312" total="93323264" percent="41">
    <remembered-set count="31840" freebytes="3597824" totalbytes="3725184" percent="96" regionsoverflowed="0" regionsstable="0" regionsrebuilding="17"/>
  </mem-info>
</gc-end>
<concurrent-start id="5609" type="GMP work packet processing" contextid="5562" timestamp="2019-07-07T05:36:24.682">
  <concurrent-mark-start scanTarget="1314355" />
</concurrent-start>
<exclusive-end id="5610" timestamp="2019-07-07T05:36:24.682" durationms="0.892" />

<concurrent-end id="5611" type="GMP work packet processing" contextid="5562" timestamp="2019-07-07T05:36:24.683">
  <concurrent-mark-end bytesScanned="1380608" reasonForTermination="Work target met" />
</concurrent-end>

<exclusive-start id="5612" timestamp="2019-07-07T05:36:24.688" intervalms="6.953">
  <response-info timems="0.074" idlems="0.074" threads="0" lastid="000000000096B700" lastname="main" />
</exclusive-start>
<allocation-taxation id="5613" taxation-threshold="14680064" timestamp="2019-07-07T05:36:24.689" intervalms="6.958" />
<cycle-start id="5614" type="partial gc" contextid="0" timestamp="2019-07-07T05:36:24.689" intervalms="15.359" />
<gc-start id="5615" type="partial gc" contextid="5614" timestamp="2019-07-07T05:36:24.689">
  <mem-info id="5616" free="24117248" total="93323264" percent="25">
    <mem type="eden" free="1048504" total="30408704" percent="3" />
    <remembered-set count="46752" freebytes="3538176" totalbytes="3725184" percent="94" regionsoverflowed="0" regionsstable="0" regionsrebuilding="17"/>
  </mem-info>
</gc-start>
<allocation-stats totalBytes="29307968" >
  <allocated-bytes non-tlh="0" tlh="29307968" arrayletleaf="0"/>
  <largest-consumer threadName="main" threadId="000000000096B700" bytes="14653848" />
</allocation-stats>
<gc-op id="5617" type="copy forward" timems="1.627" contextid="5614" timestamp="2019-07-07T05:36:24.692">
  <memory-copied type="eden" objects="2" bytes="40" bytesdiscarded="0" />
  <memory-copied type="other" objects="0" bytes="0" bytesdiscarded="0" />
  <memory-cardclean objects="12" bytes="432" />
  <regions eden="28" other="1" />
  <remembered-set-cleared processed="44151" cleared="8" durationms="0.366" />
  <stringconstants candidates="13657" cleared="0"  />
</gc-op>
<gc-op id="5618" type="classunload" timems="0.003" contextid="5614" timestamp="2019-07-07T05:36:24.692">
  <classunload-info classloadercandidates="53" classloadersunloaded="0" classesunloaded="0" anonymousclassesunloaded="0" quiescems="0.000" setupms="0.003" scanms="0.000" postms="0.000" />
</gc-op>
<heap-resize id="5619" type="expand" space="default" amount="6291456" count="1" timems="0.069" reason="excessive time being spent in gc" timestamp="2019-07-07T05:36:24.692" />
<gc-end id="5620" type="partial gc" contextid="5614" durationms="2.918" usertimems="4.000" systemtimems="0.000" timestamp="2019-07-07T05:36:24.692" activeThreads="1">
  <mem-info id="5621" free="59768832" total="99614720" percent="60">
    <mem type="eden" free="1048536" total="1048576" percent="99" />
    <remembered-set count="47232" freebytes="3787392" totalbytes="3976320" percent="95" regionsoverflowed="0" regionsstable="0" regionsrebuilding="17"/>
  </mem-info>
</gc-end>
<cycle-end id="5622" type="partial gc" contextid="5614" timestamp="2019-07-07T05:36:24.692" />
  <attribute name="elasticGC enabled" value="1" />
  <attribute name= "numThreadsSpecified" value="1" />
  <attribute name="heapSize specified" value="0" />
  <attribute name="Current GC Util" value="166" />
  <attribute name= "Current Time Running" value="25384" />
  <attribute name ="GC Interval" value="0" />
  <attribute name="ProportionalT" value="73.000000" />
  <attribute name="ProportionalI" value="73.000000" />
  <attribute name="ProportionalH" value="73.000000" />
  <attribute name="Current Error" value="146.000000" />
  <attribute name="IntegralT" value="0.000000" />
  <attribute name="IntegralI" value="0.000000" />
  <attribute name="IntegralH" value="0.000000" />
  <attribute name="DerivativeT" value="inf" />
  <attribute name="DerivativeI" value="inf" />
  <attribute name="DerivativeH" value="inf" />
  <attribute name="Loop Time for DT" value="0.000000" />
  <attribute name="Output H" value="8388608"/>
  <attribute name="Output I" value="200"/>
  <attribute name="Output T" value="1"/>
  <attribute name="Target GC Util Change" value ="20.000000" />
  <attribute name="Current GC Util Change" value="166.000000"/>
  <attribute name="GC Util currently" value="166" />
  <attribute name="CPU Util currently" value="13738299004501" />
<exclusive-end id="5623" timestamp="2019-07-07T05:36:24.692" durationms="3.913" />

<exclusive-start id="5624" timestamp="2019-07-07T05:36:24.697" intervalms="8.689">
  <response-info timems="0.069" idlems="0.069" threads="0" lastid="000000000096B700" lastname="main" />
</exclusive-start>
<allocation-taxation id="5625" taxation-threshold="15728640" timestamp="2019-07-07T05:36:24.697" intervalms="8.639" />
<gc-start id="5626" type="global mark phase" contextid="5562" timestamp="2019-07-07T05:36:24.697">
  <mem-info id="5627" free="44040192" total="99614720" percent="44">
    <remembered-set count="46752" freebytes="3789312" totalbytes="3976320" percent="95" regionsoverflowed="0" regionsstable="0" regionsrebuilding="17"/>
  </mem-info>
</gc-start>
<gc-end id="5628" type="global mark phase" contextid="5562" durationms="0.153" usertimems="0.000" systemtimems="0.000" timestamp="2019-07-07T05:36:24.698" activeThreads="1">
  <mem-info id="5629" free="44040192" total="99614720" percent="44">
    <remembered-set count="46752" freebytes="3789312" totalbytes="3976320" percent="95" regionsoverflowed="0" regionsstable="0" regionsrebuilding="17"/>
  </mem-info>
</gc-end>
<concurrent-start id="5630" type="GMP work packet processing" contextid="5562" timestamp="2019-07-07T05:36:24.698">
  <concurrent-mark-start scanTarget="1048576" />
</concurrent-start>
<exclusive-end id="5631" timestamp="2019-07-07T05:36:24.698" durationms="0.864" />

<concurrent-end id="5632" type="GMP work packet processing" contextid="5562" timestamp="2019-07-07T05:36:24.699">
  <concurrent-mark-end bytesScanned="1086252" reasonForTermination="Work target met" />
</concurrent-end>

<exclusive-start id="5633" timestamp="2019-07-07T05:36:24.704" intervalms="6.860">
  <response-info timems="0.071" idlems="0.071" threads="0" lastid="000000000096B700" lastname="main" />
</exclusive-start>
<allocation-taxation id="5634" taxation-threshold="15728640" timestamp="2019-07-07T05:36:24.704" intervalms="6.807" />
<cycle-start id="5635" type="partial gc" contextid="0" timestamp="2019-07-07T05:36:24.704" intervalms="15.382" />
<gc-start id="5636" type="partial gc" contextid="5635" timestamp="2019-07-07T05:36:24.704">
  <mem-info id="5637" free="28311552" total="99614720" percent="28">
    <mem type="eden" free="1048536" total="32505856" percent="3" />
    <remembered-set count="56480" freebytes="3750400" totalbytes="3976320" percent="94" regionsoverflowed="0" regionsstable="0" regionsrebuilding="17"/>
  </mem-info>
</gc-start>
<allocation-stats totalBytes="31401880" >
  <allocated-bytes non-tlh="0" tlh="31401880" arrayletleaf="0"/>
  <largest-consumer threadName="main" threadId="000000000096B700" bytes="15700608" />
</allocation-stats>
<gc-op id="5638" type="copy forward" timems="3.344" contextid="5635" timestamp="2019-07-07T05:36:24.709">
  <memory-copied type="eden" objects="2" bytes="40" bytesdiscarded="0" />
  <memory-copied type="other" objects="0" bytes="0" bytesdiscarded="0" />
  <memory-cardclean objects="12" bytes="432" />
  <regions eden="30" other="1" />
  <remembered-set-cleared processed="53999" cleared="6" durationms="0.222" />
  <stringconstants candidates="13657" cleared="0"  />
</gc-op>
<gc-op id="5639" type="classunload" timems="0.004" contextid="5635" timestamp="2019-07-07T05:36:24.709">
  <classunload-info classloadercandidates="53" classloadersunloaded="0" classesunloaded="0" anonymousclassesunloaded="0" quiescems="0.000" setupms="0.004" scanms="0.000" postms="0.000" />
</gc-op>
<gc-end id="5640" type="partial gc" contextid="5635" durationms="4.443" usertimems="8.000" systemtimems="4.000" timestamp="2019-07-07T05:36:24.709" activeThreads="4">
  <mem-info id="5641" free="59768832" total="99614720" percent="60">
    <mem type="eden" free="1048536" total="1048576" percent="99" />
    <remembered-set count="56288" freebytes="3751168" totalbytes="3976320" percent="94" regionsoverflowed="0" regionsstable="0" regionsrebuilding="17"/>
  </mem-info>
</gc-end>
<cycle-end id="5642" type="partial gc" contextid="5635" timestamp="2019-07-07T05:36:24.709" />
  <attribute name="elasticGC enabled" value="1" />
  <attribute name= "numThreadsSpecified" value="4" />
  <attribute name="heapSize specified" value="0" />
  <attribute name="Current GC Util" value="161" />
  <attribute name= "Current Time Running" value="25400" />
  <attribute name ="GC Interval" value="0" />
  <attribute name="ProportionalT" value="70.500000" />
  <attribute name="ProportionalI" value="70.500000" />
  <attribute name="ProportionalH" value="70.500000" />
  <attribute name="Current Error" value="141.000000" />
  <attribute name="IntegralT" value="70.500000" />
  <attribute name="IntegralI" value="70.500000" />
  <attribute name="IntegralH" value="70.500000" />
  <attribute name="DerivativeT" value="113.000000" />
  <attribute name="DerivativeI" value="113.000000" />
  <attribute name="DerivativeH" value="113.000000" />
  <attribute name="Loop Time for DT" value="1.000000" />
  <attribute name="Output H" value="8388608"/>
  <attribute name="Output I" value="256"/>
  <attribute name="Output T" value="4"/>
  <attribute name="Target GC Util Change" value ="20.000000" />
  <attribute name="Current GC Util Change" value="161.000000"/>
  <attribute name="GC Util currently" value="161" />
  <attribute name="CPU Util currently" value="13717539681454" />
<exclusive-end id="5643" timestamp="2019-07-07T05:36:24.709" durationms="5.253" />

<exclusive-start id="5644" timestamp="2019-07-07T05:36:24.714" intervalms="10.324">
  <response-info timems="0.075" idlems="0.075" threads="0" lastid="000000000096B700" lastname="main" />
</exclusive-start>
<allocation-taxation id="5645" taxation-threshold="15728640" timestamp="2019-07-07T05:36:24.714" intervalms="10.345" />
<gc-start id="5646" type="global mark phase" contextid="5562" timestamp="2019-07-07T05:36:24.714">
  <mem-info id="5647" free="44040192" total="99614720" percent="44">
    <remembered-set count="56288" freebytes="3751168" totalbytes="3976320" percent="94" regionsoverflowed="0" regionsstable="0" regionsrebuilding="17"/>
  </mem-info>
</gc-start>
<gc-end id="5648" type="global mark phase" contextid="5562" durationms="0.161" usertimems="0.000" systemtimems="0.000" timestamp="2019-07-07T05:36:24.715" activeThreads="4">
  <mem-info id="5649" free="44040192" total="99614720" percent="44">
    <remembered-set count="56288" freebytes="3751168" totalbytes="3976320" percent="94" regionsoverflowed="0" regionsstable="0" regionsrebuilding="17"/>
  </mem-info>
</gc-end>
<concurrent-start id="5650" type="GMP work packet processing" contextid="5562" timestamp="2019-07-07T05:36:24.715">
  <concurrent-mark-start scanTarget="1752473" />
</concurrent-start>
<exclusive-end id="5651" timestamp="2019-07-07T05:36:24.715" durationms="0.625" />

<concurrent-end id="5652" type="GMP work packet processing" contextid="5562" timestamp="2019-07-07T05:36:24.716">
  <concurrent-mark-end bytesScanned="1792580" reasonForTermination="Work target met" />
</concurrent-end>

<exclusive-start id="5653" timestamp="2019-07-07T05:36:24.721" intervalms="6.801">
  <response-info timems="0.075" idlems="0.075" threads="0" lastid="000000000096B700" lastname="main" />
</exclusive-start>
<allocation-taxation id="5654" taxation-threshold="15728640" timestamp="2019-07-07T05:36:24.721" intervalms="6.839" />
<cycle-start id="5655" type="partial gc" contextid="0" timestamp="2019-07-07T05:36:24.721" intervalms="17.200" />
<gc-start id="5656" type="partial gc" contextid="5655" timestamp="2019-07-07T05:36:24.722">
  <mem-info id="5657" free="28311552" total="99614720" percent="28">
    <mem type="eden" free="1048536" total="32505856" percent="3" />
    <remembered-set count="70656" freebytes="3693696" totalbytes="3976320" percent="92" regionsoverflowed="0" regionsstable="0" regionsrebuilding="17"/>
  </mem-info>
</gc-start>
<allocation-stats totalBytes="31401216" >
  <allocated-bytes non-tlh="0" tlh="31401216" arrayletleaf="0"/>
  <largest-consumer threadName="main" threadId="000000000096B700" bytes="15700608" />
</allocation-stats>
<gc-op id="5658" type="copy forward" timems="1.662" contextid="5655" timestamp="2019-07-07T05:36:24.724">
  <memory-copied type="eden" objects="2" bytes="40" bytesdiscarded="0" />
  <memory-copied type="other" objects="0" bytes="0" bytesdiscarded="0" />
  <memory-cardclean objects="12" bytes="432" />
  <regions eden="30" other="1" />
  <remembered-set-cleared processed="67927" cleared="6" durationms="0.502" />
  <stringconstants candidates="13657" cleared="0"  />
</gc-op>
<gc-op id="5659" type="classunload" timems="0.004" contextid="5655" timestamp="2019-07-07T05:36:24.724">
  <classunload-info classloadercandidates="53" classloadersunloaded="0" classesunloaded="0" anonymousclassesunloaded="0" quiescems="0.000" setupms="0.004" scanms="0.000" postms="0.000" />
</gc-op>
<gc-end id="5660" type="partial gc" contextid="5655" durationms="2.820" usertimems="4.000" systemtimems="0.000" timestamp="2019-07-07T05:36:24.724" activeThreads="1">
  <mem-info id="5661" free="59768832" total="99614720" percent="60">
    <mem type="eden" free="1048536" total="1048576" percent="99" />
    <remembered-set count="71104" freebytes="3691904" totalbytes="3976320" percent="92" regionsoverflowed="0" regionsstable="0" regionsrebuilding="17"/>
  </mem-info>
</gc-end>
<cycle-end id="5662" type="partial gc" contextid="5655" timestamp="2019-07-07T05:36:24.725" />
  <attribute name="elasticGC enabled" value="1" />
  <attribute name= "numThreadsSpecified" value="1" />
  <attribute name="heapSize specified" value="0" />
  <attribute name="Current GC Util" value="164" />
  <attribute name= "Current Time Running" value="25417" />
  <attribute name ="GC Interval" value="0" />
  <attribute name="ProportionalT" value="72.000000" />
  <attribute name="ProportionalI" value="72.000000" />
  <attribute name="ProportionalH" value="72.000000" />
  <attribute name="Current Error" value="144.000000" />
  <attribute name="IntegralT" value="0.000000" />
  <attribute name="IntegralI" value="0.000000" />
  <attribute name="IntegralH" value="0.000000" />
  <attribute name="DerivativeT" value="inf" />
  <attribute name="DerivativeI" value="inf" />
  <attribute name="DerivativeH" value="inf" />
  <attribute name="Loop Time for DT" value="0.000000" />
  <attribute name="Output H" value="8388608"/>
  <attribute name="Output I" value="200"/>
  <attribute name="Output T" value="1"/>
  <attribute name="Target GC Util Change" value ="20.000000" />
  <attribute name="Current GC Util Change" value="164.000000"/>
  <attribute name="GC Util currently" value="164" />
  <attribute name="CPU Util currently" value="13664821496675" />
<exclusive-end id="5663" timestamp="2019-07-07T05:36:24.725" durationms="3.780" />

<exclusive-start id="5664" timestamp="2019-07-07T05:36:24.730" intervalms="8.936">
  <response-info timems="0.077" idlems="0.077" threads="0" lastid="000000000096B700" lastname="main" />
</exclusive-start>
<allocation-taxation id="5665" taxation-threshold="15728640" timestamp="2019-07-07T05:36:24.730" intervalms="8.979" />
<gc-start id="5666" type="global mark phase" contextid="5562" timestamp="2019-07-07T05:36:24.730">
  <mem-info id="5667" free="44040192" total="99614720" percent="44">
    <remembered-set count="70624" freebytes="3693824" totalbytes="3976320" percent="92" regionsoverflowed="0" regionsstable="0" regionsrebuilding="17"/>
  </mem-info>
</gc-start>
<gc-end id="5668" type="global mark phase" contextid="5562" durationms="0.147" usertimems="0.000" systemtimems="0.000" timestamp="2019-07-07T05:36:24.731" activeThreads="1">
  <mem-info id="5669" free="44040192" total="99614720" percent="44">
    <remembered-set count="70624" freebytes="3693824" totalbytes="3976320" percent="92" regionsoverflowed="0" regionsstable="0" regionsrebuilding="17"/>
  </mem-info>
</gc-end>
<concurrent-start id="5670" type="GMP work packet processing" contextid="5562" timestamp="2019-07-07T05:36:24.731">
  <concurrent-mark-start scanTarget="1048576" />
</concurrent-start>
<exclusive-end id="5671" timestamp="2019-07-07T05:36:24.732" durationms="1.706" />

<concurrent-end id="5672" type="GMP work packet processing" contextid="5562" timestamp="2019-07-07T05:36:24.732">
  <concurrent-mark-end bytesScanned="1091068" reasonForTermination="Work target met" />
</concurrent-end>

<exclusive-start id="5673" timestamp="2019-07-07T05:36:24.737" intervalms="6.640">
  <response-info timems="0.067" idlems="0.067" threads="0" lastid="000000000096B700" lastname="main" />
</exclusive-start>
<allocation-taxation id="5674" taxation-threshold="15728640" timestamp="2019-07-07T05:36:24.737" intervalms="6.635" />
<cycle-start id="5675" type="partial gc" contextid="0" timestamp="2019-07-07T05:36:24.737" intervalms="15.658" />
<gc-start id="5676" type="partial gc" contextid="5675" timestamp="2019-07-07T05:36:24.737">
  <mem-info id="5677" free="28311552" total="99614720" percent="28">
    <mem type="eden" free="1048536" total="32505856" percent="3" />
    <remembered-set count="79968" freebytes="3656448" totalbytes="3976320" percent="91" regionsoverflowed="0" regionsstable="0" regionsrebuilding="17"/>
  </mem-info>
</gc-start>
<allocation-stats totalBytes="31401216" >
  <allocated-bytes non-tlh="0" tlh="31401216" arrayletleaf="0"/>
  <largest-consumer threadName="main" threadId="000000000096B700" bytes="15700608" />
</allocation-stats>
<gc-op id="5678" type="copy forward" timems="4.357" contextid="5675" timestamp="2019-07-07T05:36:24.742">
  <memory-copied type="eden" objects="2" bytes="40" bytesdiscarded="0" />
  <memory-copied type="other" objects="25866" bytes="736856" bytesdiscarded="36408" />
  <memory-cardclean objects="4320" bytes="266624" />
  <regions eden="30" other="3" />
  <remembered-set-cleared processed="77290" cleared="6168" durationms="0.362" />
  <references type="soft" candidates="7" cleared="0" enqueued="0" dynamicThreshold="14" maxThreshold="32" />
  <references type="weak" candidates="177" cleared="0" enqueued="0" />
  <stringconstants candidates="13657" cleared="0"  />
</gc-op>
<gc-op id="5679" type="classunload" timems="0.004" contextid="5675" timestamp="2019-07-07T05:36:24.743">
  <classunload-info classloadercandidates="53" classloadersunloaded="0" classesunloaded="0" anonymousclassesunloaded="0" quiescems="0.000" setupms="0.004" scanms="0.000" postms="0.000" />
</gc-op>
<heap-resize id="5680" type="contract" space="default" amount="2097152" count="1" timems="0.058" reason="excess free space following gc" timestamp="2019-07-07T05:36:24.743" />
<gc-end id="5681" type="partial gc" contextid="5675" durationms="5.710" usertimems="12.000" systemtimems="0.000" timestamp="2019-07-07T05:36:24.743" activeThreads="4">
  <mem-info id="5682" free="59768832" total="97517568" percent="61">
    <mem type="eden" free="1048536" total="1048576" percent="99" />
    <remembered-set count="76832" freebytes="3668992" totalbytes="3976320" percent="92" regionsoverflowed="0" regionsstable="0" regionsrebuilding="17"/>
  </mem-info>
</gc-end>
<cycle-end id="5683" type="partial gc" contextid="5675" timestamp="2019-07-07T05:36:24.743" />
  <attribute name="elasticGC enabled" value="1" />
  <attribute name= "numThreadsSpecified" value="4" />
  <attribute name="heapSize specified" value="0" />
  <attribute name="Current GC Util" value="161" />
  <attribute name= "Current Time Running" value="25433" />
  <attribute name ="GC Interval" value="0" />
  <attribute name="ProportionalT" value="70.500000" />
  <attribute name="ProportionalI" value="70.500000" />
  <attribute name="ProportionalH" value="70.500000" />
  <attribute name="Current Error" value="141.000000" />
  <attribute name="IntegralT" value="70.500000" />
  <attribute name="IntegralI" value="70.500000" />
  <attribute name="IntegralH" value="70.500000" />
  <attribute name="DerivativeT" value="112.000000" />
  <attribute name="DerivativeI" value="112.000000" />
  <attribute name="DerivativeH" value="112.000000" />
  <attribute name="Loop Time for DT" value="1.000000" />
  <attribute name="Output H" value="8388608"/>
  <attribute name="Output I" value="256"/>
  <attribute name="Output T" value="4"/>
  <attribute name="Target GC Util Change" value ="20.000000" />
  <attribute name="Current GC Util Change" value="161.000000"/>
  <attribute name="GC Util currently" value="161" />
  <attribute name="CPU Util currently" value="13061971969409" />
<exclusive-end id="5684" timestamp="2019-07-07T05:36:24.743" durationms="6.737" />

<exclusive-start id="5685" timestamp="2019-07-07T05:36:24.748" intervalms="11.299">
  <response-info timems="0.075" idlems="0.075" threads="0" lastid="000000000096B700" lastname="main" />
</exclusive-start>
<allocation-taxation id="5686" taxation-threshold="14680064" timestamp="2019-07-07T05:36:24.748" intervalms="11.260" />
<gc-start id="5687" type="global mark phase" contextid="5562" timestamp="2019-07-07T05:36:24.748">
  <mem-info id="5688" free="45088768" total="97517568" percent="46">
    <remembered-set count="76832" freebytes="3668992" totalbytes="3976320" percent="92" regionsoverflowed="0" regionsstable="0" regionsrebuilding="17"/>
  </mem-info>
</gc-start>
<gc-end id="5689" type="global mark phase" contextid="5562" durationms="0.160" usertimems="0.000" systemtimems="0.000" timestamp="2019-07-07T05:36:24.748" activeThreads="4">
  <mem-info id="5690" free="45088768" total="97517568" percent="46">
    <remembered-set count="76832" freebytes="3668992" totalbytes="3976320" percent="92" regionsoverflowed="0" regionsstable="0" regionsrebuilding="17"/>
  </mem-info>
</gc-end>
<concurrent-start id="5691" type="GMP work packet processing" contextid="5562" timestamp="2019-07-07T05:36:24.749">
  <concurrent-mark-start scanTarget="1752473" />
</concurrent-start>
<exclusive-end id="5692" timestamp="2019-07-07T05:36:24.749" durationms="0.808" />

<concurrent-end id="5693" type="GMP work packet processing" contextid="5562" timestamp="2019-07-07T05:36:24.750">
  <concurrent-mark-end bytesScanned="1785572" reasonForTermination="Work target met" />
</concurrent-end>

<exclusive-start id="5694" timestamp="2019-07-07T05:36:24.755" intervalms="6.737">
  <response-info timems="0.068" idlems="0.068" threads="0" lastid="000000000096B700" lastname="main" />
</exclusive-start>
<allocation-taxation id="5695" taxation-threshold="14680064" timestamp="2019-07-07T05:36:24.755" intervalms="6.776" />
<cycle-start id="5696" type="partial gc" contextid="0" timestamp="2019-07-07T05:36:24.755" intervalms="18.002" />
<gc-start id="5697" type="partial gc" contextid="5696" timestamp="2019-07-07T05:36:24.755">
  <mem-info id="5698" free="30408704" total="97517568" percent="31">
    <mem type="eden" free="1048536" total="30408704" percent="3" />
    <remembered-set count="98912" freebytes="3580672" totalbytes="3976320" percent="90" regionsoverflowed="0" regionsstable="0" regionsrebuilding="17"/>
  </mem-info>
</gc-start>
<allocation-stats totalBytes="29307992" >
  <allocated-bytes non-tlh="0" tlh="29307992" arrayletleaf="0"/>
  <largest-consumer threadName="main" threadId="000000000096B700" bytes="14653848" />
</allocation-stats>
<gc-op id="5699" type="copy forward" timems="3.242" contextid="5696" timestamp="2019-07-07T05:36:24.760">
  <memory-copied type="eden" objects="2" bytes="40" bytesdiscarded="0" />
  <memory-copied type="other" objects="0" bytes="0" bytesdiscarded="0" />
  <memory-cardclean objects="66826" bytes="2200832" />
  <regions eden="28" other="1" />
  <remembered-set-cleared processed="75460" cleared="9922" durationms="0.322" />
  <stringconstants candidates="13657" cleared="0"  />
</gc-op>
<gc-op id="5700" type="classunload" timems="0.004" contextid="5696" timestamp="2019-07-07T05:36:24.760">
  <classunload-info classloadercandidates="53" classloadersunloaded="0" classesunloaded="0" anonymousclassesunloaded="0" quiescems="0.000" setupms="0.004" scanms="0.000" postms="0.000" />
</gc-op>
<gc-end id="5701" type="partial gc" contextid="5696" durationms="4.732" usertimems="4.000" systemtimems="4.000" timestamp="2019-07-07T05:36:24.760" activeThreads="4">
  <mem-info id="5702" free="59768832" total="97517568" percent="61">
    <mem type="eden" free="1048536" total="1048576" percent="99" />
    <remembered-set count="77472" freebytes="3582720" totalbytes="3892608" percent="92" regionsoverflowed="0" regionsstable="0" regionsrebuilding="17"/>
  </mem-info>
</gc-end>
<cycle-end id="5703" type="partial gc" contextid="5696" timestamp="2019-07-07T05:36:24.760" />
  <attribute name="elasticGC enabled" value="1" />
  <attribute name= "numThreadsSpecified" value="4" />
  <attribute name="heapSize specified" value="0" />
  <attribute name="Current GC Util" value="107" />
  <attribute name= "Current Time Running" value="25451" />
  <attribute name ="GC Interval" value="0" />
  <attribute name="ProportionalT" value="43.500000" />
  <attribute name="ProportionalI" value="43.500000" />
  <attribute name="ProportionalH" value="43.500000" />
  <attribute name="Current Error" value="87.000000" />
  <attribute name="IntegralT" value="43.500000" />
  <attribute name="IntegralI" value="43.500000" />
  <attribute name="IntegralH" value="43.500000" />
  <attribute name="DerivativeT" value="45.000000" />
  <attribute name="DerivativeI" value="45.000000" />
  <attribute name="DerivativeH" value="45.000000" />
  <attribute name="Loop Time for DT" value="1.000000" />
  <attribute name="Output H" value="8388608"/>
  <attribute name="Output I" value="200"/>
  <attribute name="Output T" value="4"/>
  <attribute name="Target GC Util Change" value ="20.000000" />
  <attribute name="Current GC Util Change" value="107.000000"/>
  <attribute name="GC Util currently" value="107" />
  <attribute name="CPU Util currently" value="6931103486769" />
<exclusive-end id="5704" timestamp="2019-07-07T05:36:24.760" durationms="5.690" />

<exclusive-start id="5705" timestamp="2019-07-07T05:36:24.776" intervalms="21.755">
  <response-info timems="0.073" idlems="0.073" threads="0" lastid="000000000096B700" lastname="main" />
</exclusive-start>
<allocation-taxation id="5706" taxation-threshold="14680064" timestamp="2019-07-07T05:36:24.777" intervalms="21.748" />
<gc-start id="5707" type="global mark phase" contextid="5562" timestamp="2019-07-07T05:36:24.777">
  <mem-info id="5708" free="45088768" total="97517568" percent="46">
    <remembered-set count="77472" freebytes="3582720" totalbytes="3892608" percent="92" regionsoverflowed="0" regionsstable="0" regionsrebuilding="17"/>
  </mem-info>
</gc-start>
<gc-end id="5709" type="global mark phase" contextid="5562" durationms="0.161" usertimems="0.000" systemtimems="0.000" timestamp="2019-07-07T05:36:24.777" activeThreads="4">
  <mem-info id="5710" free="45088768" total="97517568" percent="46">
    <remembered-set count="77472" freebytes="3582720" totalbytes="3892608" percent="92" regionsoverflowed="0" regionsstable="0" regionsrebuilding="17"/>
  </mem-info>
</gc-end>
<concurrent-start id="5711" type="GMP work packet processing" contextid="5562" timestamp="2019-07-07T05:36:24.777">
  <concurrent-mark-start scanTarget="1752473" />
</concurrent-start>
<exclusive-end id="5712" timestamp="2019-07-07T05:36:24.777" durationms="0.844" />

<concurrent-end id="5713" type="GMP work packet processing" contextid="5562" timestamp="2019-07-07T05:36:24.779">
  <concurrent-mark-end bytesScanned="1793476" reasonForTermination="Work target met" />
</concurrent-end>

<exclusive-start id="5714" timestamp="2019-07-07T05:36:24.801" intervalms="24.373">
  <response-info timems="0.073" idlems="0.073" threads="0" lastid="000000000096B700" lastname="main" />
</exclusive-start>
<allocation-taxation id="5715" taxation-threshold="14680064" timestamp="2019-07-07T05:36:24.801" intervalms="24.326" />
<cycle-start id="5716" type="partial gc" contextid="0" timestamp="2019-07-07T05:36:24.801" intervalms="46.067" />
<gc-start id="5717" type="partial gc" contextid="5716" timestamp="2019-07-07T05:36:24.801">
  <mem-info id="5718" free="30408704" total="97517568" percent="31">
    <mem type="eden" free="1048536" total="30408704" percent="3" />
    <remembered-set count="94976" freebytes="3512704" totalbytes="3892608" percent="90" regionsoverflowed="0" regionsstable="0" regionsrebuilding="17"/>
  </mem-info>
</gc-start>
<allocation-stats totalBytes="29321776" >
  <allocated-bytes non-tlh="0" tlh="29321776" arrayletleaf="0"/>
  <largest-consumer threadName="main" threadId="000000000096B700" bytes="14658560" />
</allocation-stats>
<gc-op id="5719" type="copy forward" timems="1.598" contextid="5716" timestamp="2019-07-07T05:36:24.804">
  <memory-copied type="eden" objects="31" bytes="1368" bytesdiscarded="0" />
  <memory-copied type="other" objects="0" bytes="0" bytesdiscarded="0" />
  <memory-cardclean objects="95" bytes="2904" />
  <regions eden="28" other="1" />
  <remembered-set-cleared processed="91801" cleared="35" durationms="0.652" />
  <stringconstants candidates="13657" cleared="0"  />
</gc-op>
<gc-op id="5720" type="classunload" timems="0.004" contextid="5716" timestamp="2019-07-07T05:36:24.804">
  <classunload-info classloadercandidates="53" classloadersunloaded="0" classesunloaded="0" anonymousclassesunloaded="0" quiescems="0.000" setupms="0.004" scanms="0.000" postms="0.000" />
</gc-op>
<gc-end id="5721" type="partial gc" contextid="5716" durationms="2.635" usertimems="4.000" systemtimems="0.000" timestamp="2019-07-07T05:36:24.804" activeThreads="1">
  <mem-info id="5722" free="59768832" total="97517568" percent="61">
    <mem type="eden" free="1047208" total="1048576" percent="99" />
    <remembered-set count="95264" freebytes="3511552" totalbytes="3892608" percent="90" regionsoverflowed="0" regionsstable="0" regionsrebuilding="17"/>
  </mem-info>
</gc-end>
<cycle-end id="5723" type="partial gc" contextid="5716" timestamp="2019-07-07T05:36:24.804" />
  <attribute name="elasticGC enabled" value="1" />
  <attribute name= "numThreadsSpecified" value="1" />
  <attribute name="heapSize specified" value="0" />
  <attribute name="Current GC Util" value="49" />
  <attribute name= "Current Time Running" value="25496" />
  <attribute name ="GC Interval" value="0" />
  <attribute name="ProportionalT" value="14.500000" />
  <attribute name="ProportionalI" value="14.500000" />
  <attribute name="ProportionalH" value="14.500000" />
  <attribute name="Current Error" value="29.000000" />
  <attribute name="IntegralT" value="0.000000" />
  <attribute name="IntegralI" value="0.000000" />
  <attribute name="IntegralH" value="0.000000" />
  <attribute name="DerivativeT" value="inf" />
  <attribute name="DerivativeI" value="inf" />
  <attribute name="DerivativeH" value="inf" />
  <attribute name="Loop Time for DT" value="0.000000" />
  <attribute name="Output H" value="8388608"/>
  <attribute name="Output I" value="200"/>
  <attribute name="Output T" value="1"/>
  <attribute name="Target GC Util Change" value ="20.000000" />
  <attribute name="Current GC Util Change" value="49.000000"/>
  <attribute name="GC Util currently" value="49" />
  <attribute name="CPU Util currently" value="21837081751376" />
<exclusive-end id="5724" timestamp="2019-07-07T05:36:24.804" durationms="3.605" />

<exclusive-start id="5725" timestamp="2019-07-07T05:36:24.827" intervalms="26.034">
  <response-info timems="0.071" idlems="0.071" threads="0" lastid="000000000096B700" lastname="main" />
</exclusive-start>
<allocation-taxation id="5726" taxation-threshold="14680064" timestamp="2019-07-07T05:36:24.827" intervalms="26.099" />
<gc-start id="5727" type="global mark phase" contextid="5562" timestamp="2019-07-07T05:36:24.827">
  <mem-info id="5728" free="45088768" total="97517568" percent="46">
    <remembered-set count="94912" freebytes="3512960" totalbytes="3892608" percent="90" regionsoverflowed="0" regionsstable="0" regionsrebuilding="17"/>
  </mem-info>
</gc-start>
<gc-end id="5729" type="global mark phase" contextid="5562" durationms="0.157" usertimems="0.000" systemtimems="0.000" timestamp="2019-07-07T05:36:24.827" activeThreads="1">
  <mem-info id="5730" free="45088768" total="97517568" percent="46">
    <remembered-set count="94912" freebytes="3512960" totalbytes="3892608" percent="90" regionsoverflowed="0" regionsstable="0" regionsrebuilding="17"/>
  </mem-info>
</gc-end>
<concurrent-start id="5731" type="GMP work packet processing" contextid="5562" timestamp="2019-07-07T05:36:24.828">
  <concurrent-mark-start scanTarget="1048576" />
</concurrent-start>
<exclusive-end id="5732" timestamp="2019-07-07T05:36:24.828" durationms="1.551" />

<concurrent-end id="5733" type="GMP work packet processing" contextid="5562" timestamp="2019-07-07T05:36:24.829">
  <concurrent-mark-end bytesScanned="1108900" reasonForTermination="Work target met" />
</concurrent-end>

<exclusive-start id="5734" timestamp="2019-07-07T05:36:24.851" intervalms="23.867">
  <response-info timems="0.076" idlems="0.076" threads="0" lastid="000000000096B700" lastname="main" />
</exclusive-start>
<allocation-taxation id="5735" taxation-threshold="14680064" timestamp="2019-07-07T05:36:24.851" intervalms="23.820" />
<cycle-start id="5736" type="partial gc" contextid="0" timestamp="2019-07-07T05:36:24.851" intervalms="49.910" />
<gc-start id="5737" type="partial gc" contextid="5736" timestamp="2019-07-07T05:36:24.851">
  <mem-info id="5738" free="30408704" total="97517568" percent="31">
    <mem type="eden" free="0" total="29360128" percent="0" />
    <remembered-set count="101632" freebytes="3486080" totalbytes="3892608" percent="89" regionsoverflowed="0" regionsstable="0" regionsrebuilding="17"/>
  </mem-info>
</gc-start>
<allocation-stats totalBytes="29317560" >
  <allocated-bytes non-tlh="0" tlh="29317560" arrayletleaf="0"/>
  <largest-consumer threadName="main" threadId="000000000096B700" bytes="14659000" />
</allocation-stats>
<gc-op id="5739" type="copy forward" timems="3.186" contextid="5736" timestamp="2019-07-07T05:36:24.855">
  <memory-copied type="eden" objects="28" bytes="1328" bytesdiscarded="0" />
  <memory-copied type="other" objects="13" bytes="312" bytesdiscarded="696" />
  <memory-cardclean objects="86" bytes="2760" />
  <regions eden="28" other="1" />
  <remembered-set-cleared processed="98446" cleared="45" durationms="0.318" />
  <stringconstants candidates="13657" cleared="0"  />
</gc-op>
<gc-op id="5740" type="classunload" timems="0.003" contextid="5736" timestamp="2019-07-07T05:36:24.855">
  <classunload-info classloadercandidates="53" classloadersunloaded="0" classesunloaded="0" anonymousclassesunloaded="0" quiescems="0.000" setupms="0.003" scanms="0.000" postms="0.000" />
</gc-op>
<gc-end id="5741" type="partial gc" contextid="5736" durationms="4.339" usertimems="8.000" systemtimems="0.000" timestamp="2019-07-07T05:36:24.856" activeThreads="4">
  <mem-info id="5742" free="58720256" total="97517568" percent="60">
    <mem type="eden" free="1047248" total="1048576" percent="99" />
    <remembered-set count="101280" freebytes="3487488" totalbytes="3892608" percent="89" regionsoverflowed="0" regionsstable="0" regionsrebuilding="17"/>
  </mem-info>
</gc-end>
<cycle-end id="5743" type="partial gc" contextid="5736" timestamp="2019-07-07T05:36:24.856" />
  <attribute name="elasticGC enabled" value="1" />
  <attribute name= "numThreadsSpecified" value="4" />
  <attribute name="heapSize specified" value="0" />
  <attribute name="Current GC Util" value="157" />
  <attribute name= "Current Time Running" value="25547" />
  <attribute name ="GC Interval" value="0" />
  <attribute name="ProportionalT" value="68.500000" />
  <attribute name="ProportionalI" value="68.500000" />
  <attribute name="ProportionalH" value="68.500000" />
  <attribute name="Current Error" value="137.000000" />
  <attribute name="IntegralT" value="68.500000" />
  <attribute name="IntegralI" value="68.500000" />
  <attribute name="IntegralH" value="68.500000" />
  <attribute name="DerivativeT" value="137.000000" />
  <attribute name="DerivativeI" value="137.000000" />
  <attribute name="DerivativeH" value="137.000000" />
  <attribute name="Loop Time for DT" value="1.000000" />
  <attribute name="Output H" value="8388608"/>
  <attribute name="Output I" value="280"/>
  <attribute name="Output T" value="4"/>
  <attribute name="Target GC Util Change" value ="20.000000" />
  <attribute name="Current GC Util Change" value="157.000000"/>
  <attribute name="GC Util currently" value="157" />
  <attribute name="CPU Util currently" value="13361551188800" />
<exclusive-end id="5744" timestamp="2019-07-07T05:36:24.856" durationms="5.212" />

<exclusive-start id="5745" timestamp="2019-07-07T05:36:24.862" intervalms="10.937">
  <response-info timems="0.075" idlems="0.075" threads="0" lastid="000000000096B700" lastname="main" />
</exclusive-start>
<allocation-taxation id="5746" taxation-threshold="14680064" timestamp="2019-07-07T05:36:24.862" intervalms="10.933" />
<gc-start id="5747" type="global mark phase" contextid="5562" timestamp="2019-07-07T05:36:24.862">
  <mem-info id="5748" free="44040192" total="97517568" percent="45">
    <remembered-set count="101280" freebytes="3487488" totalbytes="3892608" percent="89" regionsoverflowed="0" regionsstable="0" regionsrebuilding="17"/>
  </mem-info>
</gc-start>
<gc-end id="5749" type="global mark phase" contextid="5562" durationms="0.129" usertimems="0.000" systemtimems="0.000" timestamp="2019-07-07T05:36:24.862" activeThreads="4">
  <mem-info id="5750" free="44040192" total="97517568" percent="45">
    <remembered-set count="101280" freebytes="3487488" totalbytes="3892608" percent="89" regionsoverflowed="0" regionsstable="0" regionsrebuilding="17"/>
  </mem-info>
</gc-end>
<concurrent-start id="5751" type="GMP work packet processing" contextid="5562" timestamp="2019-07-07T05:36:24.862">
  <concurrent-mark-start scanTarget="1752473" />
</concurrent-start>
<exclusive-end id="5752" timestamp="2019-07-07T05:36:24.862" durationms="0.854" />

<concurrent-end id="5753" type="GMP work packet processing" contextid="5562" timestamp="2019-07-07T05:36:24.863">
  <concurrent-mark-end bytesScanned="432608" reasonForTermination="Completed all work in GC phase" />
</concurrent-end>

<exclusive-start id="5754" timestamp="2019-07-07T05:36:24.869" intervalms="7.044">
  <response-info timems="0.074" idlems="0.074" threads="0" lastid="000000000096B700" lastname="main" />
</exclusive-start>
<allocation-taxation id="5755" taxation-threshold="14680064" timestamp="2019-07-07T05:36:24.869" intervalms="7.043" />
<cycle-start id="5756" type="partial gc" contextid="0" timestamp="2019-07-07T05:36:24.869" intervalms="17.981" />
<gc-start id="5757" type="partial gc" contextid="5756" timestamp="2019-07-07T05:36:24.869">
  <mem-info id="5758" free="29360128" total="97517568" percent="30">
    <mem type="eden" free="1047248" total="30408704" percent="3" />
    <remembered-set count="103904" freebytes="3476992" totalbytes="3892608" percent="89" regionsoverflowed="0" regionsstable="0" regionsrebuilding="17"/>
  </mem-info>
</gc-start>
<allocation-stats totalBytes="29337200" >
  <allocated-bytes non-tlh="0" tlh="29337200" arrayletleaf="0"/>
  <largest-consumer threadName="main" threadId="000000000096B700" bytes="14669424" />
</allocation-stats>
<gc-op id="5759" type="copy forward" timems="2.160" contextid="5756" timestamp="2019-07-07T05:36:24.872">
  <memory-copied type="eden" objects="4" bytes="288" bytesdiscarded="0" />
  <memory-copied type="other" objects="24" bytes="1200" bytesdiscarded="672" />
  <memory-cardclean objects="50" bytes="1752" />
  <regions eden="28" other="1" />
  <remembered-set-cleared processed="100796" cleared="35" durationms="0.342" />
  <stringconstants candidates="13657" cleared="0"  />
</gc-op>
<gc-op id="5760" type="classunload" timems="0.003" contextid="5756" timestamp="2019-07-07T05:36:24.872">
  <classunload-info classloadercandidates="53" classloadersunloaded="0" classesunloaded="0" anonymousclassesunloaded="0" quiescems="0.000" setupms="0.003" scanms="0.000" postms="0.000" />
</gc-op>
<heap-resize id="5761" type="expand" space="default" amount="2097152" count="1" timems="0.059" reason="excessive time being spent in gc" timestamp="2019-07-07T05:36:24.873" />
<gc-end id="5762" type="partial gc" contextid="5756" durationms="3.435" usertimems="8.000" systemtimems="0.000" timestamp="2019-07-07T05:36:24.873" activeThreads="4">
  <mem-info id="5763" free="59768832" total="99614720" percent="60">
    <mem type="eden" free="2094992" total="2097152" percent="99" />
    <remembered-set count="104928" freebytes="3556608" totalbytes="3976320" percent="89" regionsoverflowed="0" regionsstable="0" regionsrebuilding="17"/>
  </mem-info>
</gc-end>
<cycle-end id="5764" type="partial gc" contextid="5756" timestamp="2019-07-07T05:36:24.873" />
  <attribute name="elasticGC enabled" value="1" />
  <attribute name= "numThreadsSpecified" value="4" />
  <attribute name="heapSize specified" value="0" />
  <attribute name="Current GC Util" value="0" />
  <attribute name= "Current Time Running" value="25564" />
  <attribute name ="GC Interval" value="0" />
  <attribute name="ProportionalT" value="-10.000000" />
  <attribute name="ProportionalI" value="-10.000000" />
  <attribute name="ProportionalH" value="-10.000000" />
  <attribute name="Current Error" value="-20.000000" />
  <attribute name="IntegralT" value="0.000000" />
  <attribute name="IntegralI" value="0.000000" />
  <attribute name="IntegralH" value="0.000000" />
  <attribute name="DerivativeT" value="-inf" />
  <attribute name="DerivativeI" value="-inf" />
  <attribute name="DerivativeH" value="-inf" />
  <attribute name="Loop Time for DT" value="0.000000" />
  <attribute name="Output H" value="2091843584"/>
  <attribute name="Output I" value="200"/>
  <attribute name="Output T" value="4"/>
  <attribute name="Target GC Util Change" value ="20.000000" />
  <attribute name="Current GC Util Change" value="0.000000"/>
  <attribute name="GC Util currently" value="0" />
  <attribute name="CPU Util currently" value="14978744929423" />
<exclusive-end id="5765" timestamp="2019-07-07T05:36:24.873" durationms="4.321" />

<exclusive-start id="5766" timestamp="2019-07-07T05:36:24.879" intervalms="10.504">
  <response-info timems="0.076" idlems="0.076" threads="0" lastid="000000000096B700" lastname="main" />
</exclusive-start>
<allocation-taxation id="5767" taxation-threshold="15728640" timestamp="2019-07-07T05:36:24.879" intervalms="10.505" />
<gc-start id="5768" type="global mark phase" contextid="5562" timestamp="2019-07-07T05:36:24.879">
  <mem-info id="5769" free="44040192" total="99614720" percent="44">
    <remembered-set count="104544" freebytes="3558144" totalbytes="3976320" percent="89" regionsoverflowed="0" regionsstable="0" regionsrebuilding="17"/>
  </mem-info>
</gc-start>
<gc-op id="5770" type="mark increment" timems="2.792" contextid="5562" timestamp="2019-07-07T05:36:24.882">
  <trace-info objectcount="41" scancount="41" scanbytes="231148" />
  <cardclean-info objects="94692" bytes="2475884" />
  <finalization candidates="80" enqueued="0" />
  <ownableSynchronizers candidates="21" cleared="0" />
  <references type="soft" candidates="3269" cleared="7" enqueued="6" dynamicThreshold="19" maxThreshold="32" />
  <references type="weak" candidates="5732" cleared="0" enqueued="0" />
  <references type="phantom" candidates="101" cleared="0" enqueued="0" />
  <stringconstants candidates="13657" cleared="0"  />
</gc-op>
<gc-op id="5771" type="classunload" timems="0.004" contextid="5562" timestamp="2019-07-07T05:36:24.883">
  <classunload-info classloadercandidates="53" classloadersunloaded="0" classesunloaded="0" anonymousclassesunloaded="0" quiescems="0.000" setupms="0.004" scanms="0.000" postms="0.000" />
</gc-op>
<gc-end id="5772" type="global mark phase" contextid="5562" durationms="3.186" usertimems="8.000" systemtimems="0.000" timestamp="2019-07-07T05:36:24.883" activeThreads="4">
  <mem-info id="5773" free="44040192" total="99614720" percent="44">
    <pending-finalizers system="0" default="0" reference="6" classloader="0" />
    <remembered-set count="115296" freebytes="3515136" totalbytes="3976320" percent="88" regionsoverflowed="0" regionsstable="0" regionsrebuilding="0"/>
  </mem-info>
</gc-end>
<cycle-end id="5774" type="global mark phase" contextid="5562" timestamp="2019-07-07T05:36:24.883" />
  <attribute name="elasticGC enabled" value="1" />
  <attribute name= "numThreadsSpecified" value="4" />
  <attribute name="heapSize specified" value="0" />
  <attribute name="Current GC Util" value="97" />
  <attribute name= "Current Time Running" value="25576" />
  <attribute name ="GC Interval" value="0" />
  <attribute name="ProportionalT" value="38.500000" />
  <attribute name="ProportionalI" value="38.500000" />
  <attribute name="ProportionalH" value="38.500000" />
  <attribute name="Current Error" value="77.000000" />
  <attribute name="IntegralT" value="0.000000" />
  <attribute name="IntegralI" value="0.000000" />
  <attribute name="IntegralH" value="0.000000" />
  <attribute name="DerivativeT" value="-inf" />
  <attribute name="DerivativeI" value="-inf" />
  <attribute name="DerivativeH" value="-inf" />
  <attribute name="Loop Time for DT" value="0.000000" />
  <attribute name="Output H" value="2091843584"/>
  <attribute name="Output I" value="200"/>
  <attribute name="Output T" value="4"/>
  <attribute name="Target GC Util Change" value ="20.000000" />
  <attribute name="Current GC Util Change" value="97.000000"/>
  <attribute name="GC Util currently" value="97" />
  <attribute name="CPU Util currently" value="16475308383279" />
<exclusive-end id="5775" timestamp="2019-07-07T05:36:24.883" durationms="3.794" />

<exclusive-start id="5776" timestamp="2019-07-07T05:36:24.889" intervalms="9.946">
  <response-info timems="0.079" idlems="0.079" threads="0" lastid="000000000096B700" lastname="main" />
</exclusive-start>
<allocation-taxation id="5777" taxation-threshold="15728640" timestamp="2019-07-07T05:36:24.889" intervalms="9.941" />
<cycle-start id="5778" type="partial gc" contextid="0" timestamp="2019-07-07T05:36:24.889" intervalms="20.442" />
<gc-start id="5779" type="partial gc" contextid="5778" timestamp="2019-07-07T05:36:24.890">
  <mem-info id="5780" free="28311552" total="99614720" percent="28">
    <mem type="eden" free="0" total="31457280" percent="0" />
    <remembered-set count="60128" freebytes="3735808" totalbytes="3976320" percent="93" regionsoverflowed="0" regionsstable="13" regionsrebuilding="0"/>
  </mem-info>
</gc-start>
<allocation-stats totalBytes="31434432" >
  <allocated-bytes non-tlh="0" tlh="31434432" arrayletleaf="0"/>
  <largest-consumer threadName="main" threadId="000000000096B700" bytes="15717200" />
</allocation-stats>
<gc-op id="5781" type="sweep" timems="0.772" contextid="5778" timestamp="2019-07-07T05:36:24.891" />
<gc-op id="5782" type="copy forward" timems="1.351" contextid="5778" timestamp="2019-07-07T05:36:24.893">
  <memory-copied type="eden" objects="4" bytes="288" bytesdiscarded="0" />
  <memory-copied type="other" objects="6" bytes="144" bytesdiscarded="0" />
  <memory-cardclean objects="59" bytes="2256" />
  <regions eden="15" other="2" />
  <remembered-set-cleared processed="57672" cleared="29" durationms="0.450" />
  <stringconstants candidates="13657" cleared="0"  />
</gc-op>
<gc-op id="5783" type="classunload" timems="0.003" contextid="5778" timestamp="2019-07-07T05:36:24.893">
  <classunload-info classloadercandidates="53" classloadersunloaded="0" classesunloaded="0" anonymousclassesunloaded="0" quiescems="0.000" setupms="0.003" scanms="0.000" postms="0.000" />
</gc-op>
<gc-end id="5784" type="partial gc" contextid="5778" durationms="3.542" usertimems="8.000" systemtimems="0.000" timestamp="2019-07-07T05:36:24.893" activeThreads="1">
  <mem-info id="5785" free="59768832" total="99614720" percent="60">
    <mem type="eden" free="1048288" total="1048576" percent="99" />
    <remembered-set count="60224" freebytes="3735424" totalbytes="3976320" percent="93" regionsoverflowed="0" regionsstable="13" regionsrebuilding="0"/>
  </mem-info>
</gc-end>
<cycle-end id="5786" type="partial gc" contextid="5778" timestamp="2019-07-07T05:36:24.893" />
  <attribute name="elasticGC enabled" value="1" />
  <attribute name= "numThreadsSpecified" value="1" />
  <attribute name="heapSize specified" value="0" />
  <attribute name="Current GC Util" value="161" />
  <attribute name= "Current Time Running" value="25586" />
  <attribute name ="GC Interval" value="0" />
  <attribute name="ProportionalT" value="70.500000" />
  <attribute name="ProportionalI" value="70.500000" />
  <attribute name="ProportionalH" value="70.500000" />
  <attribute name="Current Error" value="141.000000" />
  <attribute name="IntegralT" value="0.000000" />
  <attribute name="IntegralI" value="0.000000" />
  <attribute name="IntegralH" value="0.000000" />
  <attribute name="DerivativeT" value="inf" />
  <attribute name="DerivativeI" value="inf" />
  <attribute name="DerivativeH" value="inf" />
  <attribute name="Loop Time for DT" value="0.000000" />
  <attribute name="Output H" value="8388608"/>
  <attribute name="Output I" value="200"/>
  <attribute name="Output T" value="1"/>
  <attribute name="Target GC Util Change" value ="20.000000" />
  <attribute name="Current GC Util Change" value="161.000000"/>
  <attribute name="GC Util currently" value="161" />
  <attribute name="CPU Util currently" value="14114021472459" />
<exclusive-end id="5787" timestamp="2019-07-07T05:36:24.893" durationms="4.441" />

<exclusive-start id="5788" timestamp="2019-07-07T05:36:24.932" intervalms="42.508">
  <response-info timems="0.074" idlems="0.074" threads="0" lastid="000000000096B700" lastname="main" />
</exclusive-start>
<allocation-taxation id="5789" taxation-threshold="31457280" timestamp="2019-07-07T05:36:24.932" intervalms="42.543" />
<cycle-start id="5790" type="partial gc" contextid="0" timestamp="2019-07-07T05:36:24.932" intervalms="42.541" />
<gc-start id="5791" type="partial gc" contextid="5790" timestamp="2019-07-07T05:36:24.932">
  <mem-info id="5792" free="28311552" total="99614720" percent="28">
    <mem type="eden" free="0" total="31457280" percent="0" />
    <remembered-set count="59904" freebytes="3736704" totalbytes="3976320" percent="93" regionsoverflowed="0" regionsstable="13" regionsrebuilding="0"/>
  </mem-info>
</gc-start>
<allocation-stats totalBytes="31416960" >
  <allocated-bytes non-tlh="0" tlh="31416960" arrayletleaf="0"/>
  <largest-consumer threadName="main" threadId="000000000096B700" bytes="31416960" />
</allocation-stats>
<gc-op id="5793" type="copy forward" timems="2.984" contextid="5790" timestamp="2019-07-07T05:36:24.936">
  <memory-copied type="eden" objects="95" bytes="24080" bytesdiscarded="1336" />
  <memory-copied type="other" objects="36" bytes="864" bytesdiscarded="1344" />
  <memory-cardclean objects="188" bytes="7096" />
  <regions eden="30" other="5" />
  <remembered-set-cleared processed="57654" cleared="78" durationms="0.381" />
  <references type="soft" candidates="6" cleared="0" enqueued="0" dynamicThreshold="19" maxThreshold="32" />
  <stringconstants candidates="13657" cleared="0"  />
</gc-op>
<gc-op id="5794" type="classunload" timems="0.004" contextid="5790" timestamp="2019-07-07T05:36:24.936">
  <classunload-info classloadercandidates="53" classloadersunloaded="0" classesunloaded="0" anonymousclassesunloaded="0" quiescems="0.000" setupms="0.004" scanms="0.000" postms="0.000" />
</gc-op>
<gc-end id="5795" type="partial gc" contextid="5790" durationms="4.188" usertimems="8.000" systemtimems="0.000" timestamp="2019-07-07T05:36:24.936" activeThreads="4">
  <mem-info id="5796" free="60817408" total="99614720" percent="61">
    <mem type="eden" free="1023160" total="1048576" percent="97" />
    <remembered-set count="59872" freebytes="3736832" totalbytes="3976320" percent="93" regionsoverflowed="0" regionsstable="13" regionsrebuilding="0"/>
  </mem-info>
</gc-end>
<cycle-end id="5797" type="partial gc" contextid="5790" timestamp="2019-07-07T05:36:24.937" />
  <attribute name="elasticGC enabled" value="1" />
  <attribute name= "numThreadsSpecified" value="4" />
  <attribute name="heapSize specified" value="0" />
  <attribute name="Current GC Util" value="267" />
  <attribute name= "Current Time Running" value="25628" />
  <attribute name ="GC Interval" value="0" />
  <attribute name="ProportionalT" value="123.500000" />
  <attribute name="ProportionalI" value="123.500000" />
  <attribute name="ProportionalH" value="123.500000" />
  <attribute name="Current Error" value="247.000000" />
  <attribute name="IntegralT" value="123.500000" />
  <attribute name="IntegralI" value="123.500000" />
  <attribute name="IntegralH" value="123.500000" />
  <attribute name="DerivativeT" value="247.000000" />
  <attribute name="DerivativeI" value="247.000000" />
  <attribute name="DerivativeH" value="247.000000" />
  <attribute name="Loop Time for DT" value="1.000000" />
  <attribute name="Output H" value="8388608"/>
  <attribute name="Output I" value="496"/>
  <attribute name="Output T" value="4"/>
  <attribute name="Target GC Util Change" value ="20.000000" />
  <attribute name="Current GC Util Change" value="267.000000"/>
  <attribute name="GC Util currently" value="267" />
  <attribute name="CPU Util currently" value="13106481630422" />
<exclusive-end id="5798" timestamp="2019-07-07T05:36:24.937" durationms="5.226" />

<exclusive-start id="5799" timestamp="2019-07-07T05:36:24.991" intervalms="59.614">
  <response-info timems="0.069" idlems="0.069" threads="0" lastid="000000000096B700" lastname="main" />
</exclusive-start>
<allocation-taxation id="5800" taxation-threshold="31457280" timestamp="2019-07-07T05:36:24.991" intervalms="59.614" />
<cycle-start id="5801" type="partial gc" contextid="0" timestamp="2019-07-07T05:36:24.992" intervalms="59.613" />
<gc-start id="5802" type="partial gc" contextid="5801" timestamp="2019-07-07T05:36:24.992">
  <mem-info id="5803" free="29360128" total="99614720" percent="29">
    <mem type="eden" free="0" total="31457280" percent="0" />
    <remembered-set count="59872" freebytes="3736832" totalbytes="3976320" percent="93" regionsoverflowed="0" regionsstable="13" regionsrebuilding="0"/>
  </mem-info>
</gc-start>
<allocation-stats totalBytes="31402736" >
  <allocated-bytes non-tlh="0" tlh="31402736" arrayletleaf="0"/>
  <largest-consumer threadName="main" threadId="000000000096B700" bytes="31402736" />
</allocation-stats>
<gc-op id="5804" type="copy forward" timems="1.603" contextid="5801" timestamp="2019-07-07T05:36:24.994">
  <memory-copied type="eden" objects="2" bytes="2048" bytesdiscarded="0" />
  <memory-copied type="other" objects="125" bytes="24816" bytesdiscarded="224" />
  <memory-cardclean objects="170" bytes="6896" />
  <regions eden="30" other="5" />
  <remembered-set-cleared processed="57632" cleared="82" durationms="0.496" />
  <references type="soft" candidates="6" cleared="0" enqueued="0" dynamicThreshold="19" maxThreshold="32" />
  <stringconstants candidates="13657" cleared="0"  />
</gc-op>
<gc-op id="5805" type="classunload" timems="0.004" contextid="5801" timestamp="2019-07-07T05:36:24.994">
  <classunload-info classloadercandidates="53" classloadersunloaded="0" classesunloaded="0" anonymousclassesunloaded="0" quiescems="0.000" setupms="0.003" scanms="0.000" postms="0.000" />
</gc-op>
<heap-resize id="5806" type="contract" space="default" amount="2097152" count="1" timems="0.064" reason="excess free space following gc" timestamp="2019-07-07T05:36:24.995" />
<gc-end id="5807" type="partial gc" contextid="5801" durationms="2.941" usertimems="4.000" systemtimems="0.000" timestamp="2019-07-07T05:36:24.995" activeThreads="1">
  <mem-info id="5808" free="59768832" total="97517568" percent="61">
    <mem type="eden" free="1046528" total="1048576" percent="99" />
    <remembered-set count="59904" freebytes="3736704" totalbytes="3976320" percent="93" regionsoverflowed="0" regionsstable="13" regionsrebuilding="0"/>
  </mem-info>
</gc-end>
<cycle-end id="5809" type="partial gc" contextid="5801" timestamp="2019-07-07T05:36:24.995" />
  <attribute name="elasticGC enabled" value="1" />
  <attribute name= "numThreadsSpecified" value="1" />
  <attribute name="heapSize specified" value="0" />
  <attribute name="Current GC Util" value="211" />
  <attribute name= "Current Time Running" value="25687" />
  <attribute name ="GC Interval" value="0" />
  <attribute name="ProportionalT" value="95.500000" />
  <attribute name="ProportionalI" value="95.500000" />
  <attribute name="ProportionalH" value="95.500000" />
  <attribute name="Current Error" value="191.000000" />
  <attribute name="IntegralT" value="0.000000" />
  <attribute name="IntegralI" value="0.000000" />
  <attribute name="IntegralH" value="0.000000" />
  <attribute name="DerivativeT" value="inf" />
  <attribute name="DerivativeI" value="inf" />
  <attribute name="DerivativeH" value="inf" />
  <attribute name="Loop Time for DT" value="0.000000" />
  <attribute name="Output H" value="8388608"/>
  <attribute name="Output I" value="200"/>
  <attribute name="Output T" value="1"/>
  <attribute name="Target GC Util Change" value ="20.000000" />
  <attribute name="Current GC Util Change" value="211.000000"/>
  <attribute name="GC Util currently" value="211" />
  <attribute name="CPU Util currently" value="13194453905576" />
<exclusive-end id="5810" timestamp="2019-07-07T05:36:24.995" durationms="3.979" />

<exclusive-start id="5811" timestamp="2019-07-07T05:36:25.053" intervalms="61.536">
  <response-info timems="0.089" idlems="0.089" threads="0" lastid="000000000096B700" lastname="main" />
</exclusive-start>
<allocation-taxation id="5812" taxation-threshold="30408704" timestamp="2019-07-07T05:36:25.053" intervalms="61.610" />
<cycle-start id="5813" type="partial gc" contextid="0" timestamp="2019-07-07T05:36:25.053" intervalms="61.659" />
<gc-start id="5814" type="partial gc" contextid="5813" timestamp="2019-07-07T05:36:25.054">
  <mem-info id="5815" free="29360128" total="97517568" percent="30">
    <mem type="eden" free="1046528" total="31457280" percent="3" />
    <remembered-set count="59424" freebytes="3738624" totalbytes="3976320" percent="94" regionsoverflowed="0" regionsstable="13" regionsrebuilding="0"/>
  </mem-info>
</gc-start>
<allocation-stats totalBytes="30370768" >
  <allocated-bytes non-tlh="0" tlh="30370768" arrayletleaf="0"/>
  <largest-consumer threadName="main" threadId="000000000096B700" bytes="30370768" />
</allocation-stats>
<gc-op id="5816" type="copy forward" timems="2.596" contextid="5813" timestamp="2019-07-07T05:36:25.057">
  <memory-copied type="eden" objects="26" bytes="792" bytesdiscarded="0" />
  <memory-copied type="other" objects="40" bytes="1032" bytesdiscarded="176" />
  <memory-cardclean objects="16363" bytes="779216" />
  <regions eden="29" other="4" />
  <remembered-set-cleared processed="52695" cleared="1227" durationms="0.496" />
  <stringconstants candidates="13657" cleared="0"  />
</gc-op>
<gc-op id="5817" type="classunload" timems="0.004" contextid="5813" timestamp="2019-07-07T05:36:25.058">
  <classunload-info classloadercandidates="53" classloadersunloaded="0" classesunloaded="0" anonymousclassesunloaded="0" quiescems="0.000" setupms="0.004" scanms="0.000" postms="0.000" />
</gc-op>
<heap-resize id="5818" type="contract" space="default" amount="3145728" count="1" timems="0.060" reason="excess free space following gc" timestamp="2019-07-07T05:36:25.058" />
<gc-end id="5819" type="partial gc" contextid="5813" durationms="4.408" usertimems="4.000" systemtimems="0.000" timestamp="2019-07-07T05:36:25.058" activeThreads="1">
  <mem-info id="5820" free="57671680" total="94371840" percent="61">
    <mem type="eden" free="1047784" total="1048576" percent="99" />
    <remembered-set count="53760" freebytes="3677568" totalbytes="3892608" percent="94" regionsoverflowed="0" regionsstable="13" regionsrebuilding="0"/>
  </mem-info>
</gc-end>
<cycle-end id="5821" type="partial gc" contextid="5813" timestamp="2019-07-07T05:36:25.058" />
  <attribute name="elasticGC enabled" value="1" />
  <attribute name= "numThreadsSpecified" value="1" />
  <attribute name="heapSize specified" value="0" />
  <attribute name="Current GC Util" value="145" />
  <attribute name= "Current Time Running" value="25749" />
  <attribute name ="GC Interval" value="0" />
  <attribute name="ProportionalT" value="62.500000" />
  <attribute name="ProportionalI" value="62.500000" />
  <attribute name="ProportionalH" value="62.500000" />
  <attribute name="Current Error" value="125.000000" />
  <attribute name="IntegralT" value="0.000000" />
  <attribute name="IntegralI" value="0.000000" />
  <attribute name="IntegralH" value="0.000000" />
  <attribute name="DerivativeT" value="inf" />
  <attribute name="DerivativeI" value="inf" />
  <attribute name="DerivativeH" value="inf" />
  <attribute name="Loop Time for DT" value="0.000000" />
  <attribute name="Output H" value="8388608"/>
  <attribute name="Output I" value="200"/>
  <attribute name="Output T" value="1"/>
  <attribute name="Target GC Util Change" value ="20.000000" />
  <attribute name="Current GC Util Change" value="145.000000"/>
  <attribute name="GC Util currently" value="145" />
  <attribute name="CPU Util currently" value="6519297623483" />
<exclusive-end id="5822" timestamp="2019-07-07T05:36:25.058" durationms="5.608" />

<exclusive-start id="5823" timestamp="2019-07-07T05:36:25.111" intervalms="58.255">
  <response-info timems="0.084" idlems="0.084" threads="0" lastid="000000000096B700" lastname="main" />
</exclusive-start>
<allocation-taxation id="5824" taxation-threshold="30408704" timestamp="2019-07-07T05:36:25.111" intervalms="58.243" />
<cycle-start id="5825" type="partial gc" contextid="0" timestamp="2019-07-07T05:36:25.112" intervalms="58.289" />
<gc-start id="5826" type="partial gc" contextid="5825" timestamp="2019-07-07T05:36:25.112">
  <mem-info id="5827" free="27262976" total="94371840" percent="28">
    <mem type="eden" free="0" total="30408704" percent="0" />
    <remembered-set count="53600" freebytes="3678208" totalbytes="3892608" percent="94" regionsoverflowed="0" regionsstable="13" regionsrebuilding="0"/>
  </mem-info>
</gc-start>
<allocation-stats totalBytes="30403992" >
  <allocated-bytes non-tlh="0" tlh="30403992" arrayletleaf="0"/>
  <largest-consumer threadName="main" threadId="000000000096B700" bytes="30403992" />
</allocation-stats>
<gc-op id="5828" type="copy forward" timems="1.375" contextid="5825" timestamp="2019-07-07T05:36:25.114">
  <memory-copied type="eden" objects="30" bytes="1008" bytesdiscarded="0" />
  <memory-copied type="other" objects="19" bytes="456" bytesdiscarded="424" />
  <memory-cardclean objects="98" bytes="3016" />
  <regions eden="29" other="3" />
  <remembered-set-cleared processed="52661" cleared="43" durationms="0.428" />
  <stringconstants candidates="13657" cleared="0"  />
</gc-op>
<gc-op id="5829" type="classunload" timems="0.003" contextid="5825" timestamp="2019-07-07T05:36:25.115">
  <classunload-info classloadercandidates="53" classloadersunloaded="0" classesunloaded="0" anonymousclassesunloaded="0" quiescems="0.000" setupms="0.003" scanms="0.000" postms="0.000" />
</gc-op>
<gc-end id="5830" type="partial gc" contextid="5825" durationms="3.002" usertimems="4.000" systemtimems="0.000" timestamp="2019-07-07T05:36:25.115" activeThreads="1">
  <mem-info id="5831" free="57671680" total="94371840" percent="61">
    <mem type="eden" free="1047568" total="1048576" percent="99" />
    <remembered-set count="53952" freebytes="3551232" totalbytes="3767040" percent="94" regionsoverflowed="0" regionsstable="13" regionsrebuilding="0"/>
  </mem-info>
</gc-end>
<cycle-end id="5832" type="partial gc" contextid="5825" timestamp="2019-07-07T05:36:25.115" />
  <attribute name="elasticGC enabled" value="1" />
  <attribute name= "numThreadsSpecified" value="1" />
  <attribute name="heapSize specified" value="0" />
  <attribute name="Current GC Util" value="158" />
  <attribute name= "Current Time Running" value="25807" />
  <attribute name ="GC Interval" value="0" />
  <attribute name="ProportionalT" value="69.000000" />
  <attribute name="ProportionalI" value="69.000000" />
  <attribute name="ProportionalH" value="69.000000" />
  <attribute name="Current Error" value="138.000000" />
  <attribute name="IntegralT" value="0.000000" />
  <attribute name="IntegralI" value="0.000000" />
  <attribute name="IntegralH" value="0.000000" />
  <attribute name="DerivativeT" value="inf" />
  <attribute name="DerivativeI" value="inf" />
  <attribute name="DerivativeH" value="inf" />
  <attribute name="Loop Time for DT" value="0.000000" />
  <attribute name="Output H" value="8388608"/>
  <attribute name="Output I" value="200"/>
  <attribute name="Output T" value="1"/>
  <attribute name="Target GC Util Change" value ="20.000000" />
  <attribute name="Current GC Util Change" value="158.000000"/>
  <attribute name="GC Util currently" value="158" />
  <attribute name="CPU Util currently" value="7597818601265" />
<exclusive-end id="5833" timestamp="2019-07-07T05:36:25.115" durationms="4.211" />

<exclusive-start id="5834" timestamp="2019-07-07T05:36:25.160" intervalms="48.517">
  <response-info timems="0.099" idlems="0.099" threads="0" lastid="000000000096B700" lastname="main" />
</exclusive-start>
<allocation-taxation id="5835" taxation-threshold="30408704" timestamp="2019-07-07T05:36:25.160" intervalms="48.476" />
<cycle-start id="5836" type="partial gc" contextid="0" timestamp="2019-07-07T05:36:25.160" intervalms="48.466" />
<gc-start id="5837" type="partial gc" contextid="5836" timestamp="2019-07-07T05:36:25.160">
  <mem-info id="5838" free="27262976" total="94371840" percent="28">
    <mem type="eden" free="0" total="30408704" percent="0" />
    <remembered-set count="53536" freebytes="3552896" totalbytes="3767040" percent="94" regionsoverflowed="0" regionsstable="13" regionsrebuilding="0"/>
  </mem-info>
</gc-start>
<allocation-stats totalBytes="30403024" >
  <allocated-bytes non-tlh="0" tlh="30403024" arrayletleaf="0"/>
  <largest-consumer threadName="main" threadId="000000000096B700" bytes="30403024" />
</allocation-stats>
<gc-op id="5839" type="copy forward" timems="3.788" contextid="5836" timestamp="2019-07-07T05:36:25.165">
  <memory-copied type="eden" objects="3" bytes="120" bytesdiscarded="0" />
  <memory-copied type="other" objects="28360" bytes="867136" bytesdiscarded="56904" />
  <memory-cardclean objects="4751" bytes="287080" />
  <regions eden="29" other="7" />
  <remembered-set-cleared processed="52319" cleared="1640" durationms="0.336" />
  <references type="soft" candidates="6" cleared="0" enqueued="0" dynamicThreshold="19" maxThreshold="32" />
  <references type="weak" candidates="177" cleared="0" enqueued="0" />
  <stringconstants candidates="13657" cleared="0"  />
</gc-op>
<gc-op id="5840" type="classunload" timems="0.003" contextid="5836" timestamp="2019-07-07T05:36:25.165">
  <classunload-info classloadercandidates="53" classloadersunloaded="0" classesunloaded="0" anonymousclassesunloaded="0" quiescems="0.000" setupms="0.003" scanms="0.000" postms="0.000" />
</gc-op>
<heap-resize id="5841" type="contract" space="default" amount="5242880" count="1" timems="0.053" reason="excess free space following gc" timestamp="2019-07-07T05:36:25.165" />
<gc-end id="5842" type="partial gc" contextid="5836" durationms="5.142" usertimems="12.000" systemtimems="0.000" timestamp="2019-07-07T05:36:25.165" activeThreads="4">
  <mem-info id="5843" free="57671680" total="89128960" percent="64">
    <mem type="eden" free="1048456" total="1048576" percent="99" />
    <remembered-set count="53728" freebytes="3552128" totalbytes="3767040" percent="94" regionsoverflowed="0" regionsstable="13" regionsrebuilding="0"/>
  </mem-info>
</gc-end>
<cycle-end id="5844" type="partial gc" contextid="5836" timestamp="2019-07-07T05:36:25.166" />
  <attribute name="elasticGC enabled" value="1" />
  <attribute name= "numThreadsSpecified" value="4" />
  <attribute name="heapSize specified" value="0" />
  <attribute name="Current GC Util" value="270" />
  <attribute name= "Current Time Running" value="25856" />
  <attribute name ="GC Interval" value="0" />
  <attribute name="ProportionalT" value="125.000000" />
  <attribute name="ProportionalI" value="125.000000" />
  <attribute name="ProportionalH" value="125.000000" />
  <attribute name="Current Error" value="250.000000" />
  <attribute name="IntegralT" value="125.000000" />
  <attribute name="IntegralI" value="125.000000" />
  <attribute name="IntegralH" value="125.000000" />
  <attribute name="DerivativeT" value="250.000000" />
  <attribute name="DerivativeI" value="250.000000" />
  <attribute name="DerivativeH" value="250.000000" />
  <attribute name="Loop Time for DT" value="1.000000" />
  <attribute name="Output H" value="8388608"/>
  <attribute name="Output I" value="504"/>
  <attribute name="Output T" value="4"/>
  <attribute name="Target GC Util Change" value ="20.000000" />
  <attribute name="Current GC Util Change" value="270.000000"/>
  <attribute name="GC Util currently" value="270" />
  <attribute name="CPU Util currently" value="13222221110020" />
<exclusive-end id="5845" timestamp="2019-07-07T05:36:25.166" durationms="6.287" />

<exclusive-start id="5846" timestamp="2019-07-07T05:36:25.207" intervalms="47.852">
  <response-info timems="0.095" idlems="0.095" threads="0" lastid="000000000096B700" lastname="main" />
</exclusive-start>
<allocation-taxation id="5847" taxation-threshold="28311552" timestamp="2019-07-07T05:36:25.208" intervalms="47.863" />
<cycle-start id="5848" type="partial gc" contextid="0" timestamp="2019-07-07T05:36:25.208" intervalms="47.755" />
<gc-start id="5849" type="partial gc" contextid="5848" timestamp="2019-07-07T05:36:25.208">
  <mem-info id="5850" free="29360128" total="89128960" percent="32">
    <mem type="eden" free="1048456" total="29360128" percent="3" />
    <remembered-set count="53728" freebytes="3552128" totalbytes="3767040" percent="94" regionsoverflowed="0" regionsstable="13" regionsrebuilding="0"/>
  </mem-info>
</gc-start>
<allocation-stats totalBytes="28306432" >
  <allocated-bytes non-tlh="0" tlh="28306432" arrayletleaf="0"/>
  <largest-consumer threadName="main" threadId="000000000096B700" bytes="28306432" />
</allocation-stats>
<gc-op id="5851" type="copy forward" timems="4.144" contextid="5848" timestamp="2019-07-07T05:36:25.213">
  <memory-copied type="eden" objects="5" bytes="240" bytesdiscarded="0" />
  <memory-copied type="other" objects="18106" bytes="932440" bytesdiscarded="57168" />
  <memory-cardclean objects="12067" bytes="693208" />
  <regions eden="27" other="3" />
  <remembered-set-cleared processed="50519" cleared="5755" durationms="0.333" />
  <references type="soft" candidates="630" cleared="0" enqueued="0" dynamicThreshold="20" maxThreshold="32" />
  <references type="weak" candidates="652" cleared="0" enqueued="0" />
  <references type="phantom" candidates="4" cleared="0" enqueued="0" />
  <stringconstants candidates="13657" cleared="0"  />
</gc-op>
<gc-op id="5852" type="classunload" timems="0.004" contextid="5848" timestamp="2019-07-07T05:36:25.213">
  <classunload-info classloadercandidates="53" classloadersunloaded="0" classesunloaded="0" anonymousclassesunloaded="0" quiescems="0.000" setupms="0.004" scanms="0.000" postms="0.000" />
</gc-op>
<heap-resize id="5853" type="contract" space="default" amount="5242880" count="1" timems="0.153" reason="excess free space following gc" timestamp="2019-07-07T05:36:25.214" />
<gc-end id="5854" type="partial gc" contextid="5848" durationms="5.940" usertimems="12.000" systemtimems="0.000" timestamp="2019-07-07T05:36:25.214" activeThreads="4">
  <mem-info id="5855" free="54525952" total="83886080" percent="65">
    <mem type="eden" free="1048336" total="1048576" percent="99" />
    <remembered-set count="50912" freebytes="3354112" totalbytes="3557760" percent="94" regionsoverflowed="0" regionsstable="13" regionsrebuilding="0"/>
  </mem-info>
</gc-end>
<cycle-end id="5856" type="partial gc" contextid="5848" timestamp="2019-07-07T05:36:25.214" />
  <attribute name="elasticGC enabled" value="1" />
  <attribute name= "numThreadsSpecified" value="4" />
  <attribute name="heapSize specified" value="0" />
  <attribute name="Current GC Util" value="92" />
  <attribute name= "Current Time Running" value="25904" />
  <attribute name ="GC Interval" value="0" />
  <attribute name="ProportionalT" value="36.000000" />
  <attribute name="ProportionalI" value="36.000000" />
  <attribute name="ProportionalH" value="36.000000" />
  <attribute name="Current Error" value="72.000000" />
  <attribute name="IntegralT" value="36.000000" />
  <attribute name="IntegralI" value="36.000000" />
  <attribute name="IntegralH" value="36.000000" />
  <attribute name="DerivativeT" value="71.000000" />
  <attribute name="DerivativeI" value="71.000000" />
  <attribute name="DerivativeH" value="71.000000" />
  <attribute name="Loop Time for DT" value="1.000000" />
  <attribute name="Output H" value="8388608"/>
  <attribute name="Output I" value="200"/>
  <attribute name="Output T" value="4"/>
  <attribute name="Target GC Util Change" value ="20.000000" />
  <attribute name="Current GC Util Change" value="92.000000"/>
  <attribute name="GC Util currently" value="92" />
  <attribute name="CPU Util currently" value="7225776949493" />
<exclusive-end id="5857" timestamp="2019-07-07T05:36:25.214" durationms="6.990" />

<exclusive-start id="5858" timestamp="2019-07-07T05:36:25.254" intervalms="46.631">
  <response-info timems="0.070" idlems="0.070" threads="0" lastid="000000000096B700" lastname="main" />
</exclusive-start>
<allocation-taxation id="5859" taxation-threshold="27262976" timestamp="2019-07-07T05:36:25.254" intervalms="46.603" />
<cycle-start id="5860" type="partial gc" contextid="0" timestamp="2019-07-07T05:36:25.254" intervalms="46.683" />
<gc-start id="5861" type="partial gc" contextid="5860" timestamp="2019-07-07T05:36:25.255">
  <mem-info id="5862" free="27262976" total="83886080" percent="32">
    <mem type="eden" free="1048336" total="28311552" percent="3" />
    <remembered-set count="50432" freebytes="3356032" totalbytes="3557760" percent="94" regionsoverflowed="0" regionsstable="13" regionsrebuilding="0"/>
  </mem-info>
</gc-start>
<allocation-stats totalBytes="27257744" >
  <allocated-bytes non-tlh="0" tlh="27257744" arrayletleaf="0"/>
  <largest-consumer threadName="main" threadId="000000000096B700" bytes="27257744" />
</allocation-stats>
<gc-op id="5863" type="copy forward" timems="2.174" contextid="5860" timestamp="2019-07-07T05:36:25.258">
  <memory-copied type="eden" objects="3" bytes="120" bytesdiscarded="0" />
  <memory-copied type="other" objects="0" bytes="0" bytesdiscarded="0" />
  <memory-cardclean objects="14025" bytes="456112" />
  <regions eden="26" other="1" />
  <remembered-set-cleared processed="47557" cleared="2236" durationms="0.440" />
  <stringconstants candidates="13657" cleared="0"  />
</gc-op>
<gc-op id="5864" type="classunload" timems="0.004" contextid="5860" timestamp="2019-07-07T05:36:25.258">
  <classunload-info classloadercandidates="53" classloadersunloaded="0" classesunloaded="0" anonymousclassesunloaded="0" quiescems="0.000" setupms="0.004" scanms="0.000" postms="0.000" />
</gc-op>
<heap-resize id="5865" type="contract" space="default" amount="4194304" count="1" timems="0.142" reason="excess free space following gc" timestamp="2019-07-07T05:36:25.259" />
<gc-end id="5866" type="partial gc" contextid="5860" durationms="4.020" usertimems="4.000" systemtimems="0.000" timestamp="2019-07-07T05:36:25.259" activeThreads="1">
  <mem-info id="5867" free="50331648" total="79691776" percent="63">
    <mem type="eden" free="1048456" total="1048576" percent="99" />
    <remembered-set count="48000" freebytes="3156480" totalbytes="3348480" percent="94" regionsoverflowed="0" regionsstable="13" regionsrebuilding="0"/>
  </mem-info>
</gc-end>
<cycle-end id="5868" type="partial gc" contextid="5860" timestamp="2019-07-07T05:36:25.259" />
  <attribute name="elasticGC enabled" value="1" />
  <attribute name= "numThreadsSpecified" value="1" />
  <attribute name="heapSize specified" value="0" />
  <attribute name="Current GC Util" value="88" />
  <attribute name= "Current Time Running" value="25950" />
  <attribute name ="GC Interval" value="0" />
  <attribute name="ProportionalT" value="34.000000" />
  <attribute name="ProportionalI" value="34.000000" />
  <attribute name="ProportionalH" value="34.000000" />
  <attribute name="Current Error" value="68.000000" />
  <attribute name="IntegralT" value="0.000000" />
  <attribute name="IntegralI" value="0.000000" />
  <attribute name="IntegralH" value="0.000000" />
  <attribute name="DerivativeT" value="inf" />
  <attribute name="DerivativeI" value="inf" />
  <attribute name="DerivativeH" value="inf" />
  <attribute name="Loop Time for DT" value="0.000000" />
  <attribute name="Output H" value="8388608"/>
  <attribute name="Output I" value="200"/>
  <attribute name="Output T" value="1"/>
  <attribute name="Target GC Util Change" value ="20.000000" />
  <attribute name="Current GC Util Change" value="88.000000"/>
  <attribute name="GC Util currently" value="88" />
  <attribute name="CPU Util currently" value="7212171359918" />
<exclusive-end id="5869" timestamp="2019-07-07T05:36:25.259" durationms="5.170" />

<exclusive-start id="5870" timestamp="2019-07-07T05:36:25.278" intervalms="23.654">
  <response-info timems="0.068" idlems="0.068" threads="0" lastid="000000000096B700" lastname="main" />
</exclusive-start>
<allocation-taxation id="5871" taxation-threshold="12582912" timestamp="2019-07-07T05:36:25.278" intervalms="23.685" />
<cycle-start id="5872" type="global mark phase" contextid="0" timestamp="2019-07-07T05:36:25.278" intervalms="629.065" />
<gc-start id="5873" type="global mark phase" contextid="5872" timestamp="2019-07-07T05:36:25.278">
  <mem-info id="5874" free="37748736" total="79691776" percent="47">
    <remembered-set count="47616" freebytes="3158016" totalbytes="3348480" percent="94" regionsoverflowed="0" regionsstable="13" regionsrebuilding="0"/>
  </mem-info>
</gc-start>
<gc-op id="5875" type="mark increment" timems="1.148" contextid="5872" timestamp="2019-07-07T05:36:25.280">
  <trace-info objectcount="185" scancount="0" scanbytes="0" />
</gc-op>
<gc-end id="5876" type="global mark phase" contextid="5872" durationms="1.406" usertimems="4.000" systemtimems="0.000" timestamp="2019-07-07T05:36:25.280" activeThreads="4">
  <mem-info id="5877" free="37748736" total="79691776" percent="47">
    <remembered-set count="47616" freebytes="3158016" totalbytes="3348480" percent="94" regionsoverflowed="0" regionsstable="0" regionsrebuilding="13"/>
  </mem-info>
</gc-end>
<concurrent-start id="5878" type="GMP work packet processing" contextid="5872" timestamp="2019-07-07T05:36:25.280">
  <concurrent-mark-start scanTarget="1854045" />
</concurrent-start>
<exclusive-end id="5879" timestamp="2019-07-07T05:36:25.280" durationms="2.371" />

<concurrent-end id="5880" type="GMP work packet processing" contextid="5872" timestamp="2019-07-07T05:36:25.284">
  <concurrent-mark-end bytesScanned="1864216" reasonForTermination="Work target met" />
</concurrent-end>

<exclusive-start id="5881" timestamp="2019-07-07T05:36:25.299" intervalms="21.104">
  <response-info timems="0.072" idlems="0.072" threads="0" lastid="000000000096B700" lastname="main" />
</exclusive-start>
<allocation-taxation id="5882" taxation-threshold="12582912" timestamp="2019-07-07T05:36:25.299" intervalms="21.045" />
<cycle-start id="5883" type="partial gc" contextid="0" timestamp="2019-07-07T05:36:25.299" intervalms="44.713" />
<gc-start id="5884" type="partial gc" contextid="5883" timestamp="2019-07-07T05:36:25.299">
  <mem-info id="5885" free="25165824" total="79691776" percent="31">
    <mem type="eden" free="1048456" total="26214400" percent="3" />
    <remembered-set count="52000" freebytes="3140480" totalbytes="3348480" percent="93" regionsoverflowed="0" regionsstable="0" regionsrebuilding="13"/>
  </mem-info>
</gc-start>
<allocation-stats totalBytes="25161368" >
  <allocated-bytes non-tlh="0" tlh="25161368" arrayletleaf="0"/>
  <largest-consumer threadName="main" threadId="000000000096B700" bytes="12580832" />
</allocation-stats>
<gc-op id="5886" type="copy forward" timems="3.184" contextid="5883" timestamp="2019-07-07T05:36:25.304">
  <memory-copied type="eden" objects="3" bytes="120" bytesdiscarded="0" />
  <memory-copied type="other" objects="0" bytes="0" bytesdiscarded="0" />
  <memory-cardclean objects="9393" bytes="462496" />
  <regions eden="24" other="1" />
  <remembered-set-cleared processed="49874" cleared="1468" durationms="0.298" />
  <stringconstants candidates="13657" cleared="0"  />
</gc-op>
<gc-op id="5887" type="classunload" timems="0.004" contextid="5883" timestamp="2019-07-07T05:36:25.304">
  <classunload-info classloadercandidates="53" classloadersunloaded="0" classesunloaded="0" anonymousclassesunloaded="0" quiescems="0.000" setupms="0.004" scanms="0.000" postms="0.000" />
</gc-op>
<heap-resize id="5888" type="contract" space="default" amount="4194304" count="1" timems="0.084" reason="excess free space following gc" timestamp="2019-07-07T05:36:25.304" />
<gc-end id="5889" type="partial gc" contextid="5883" durationms="4.765" usertimems="4.000" systemtimems="4.000" timestamp="2019-07-07T05:36:25.304" activeThreads="4">
  <mem-info id="5890" free="46137344" total="75497472" percent="61">
    <mem type="eden" free="1048456" total="1048576" percent="99" />
    <remembered-set count="53184" freebytes="2968320" totalbytes="3181056" percent="93" regionsoverflowed="0" regionsstable="0" regionsrebuilding="13"/>
  </mem-info>
</gc-end>
<cycle-end id="5891" type="partial gc" contextid="5883" timestamp="2019-07-07T05:36:25.304" />
  <attribute name="elasticGC enabled" value="1" />
  <attribute name= "numThreadsSpecified" value="4" />
  <attribute name="heapSize specified" value="0" />
  <attribute name="Current GC Util" value="188" />
  <attribute name= "Current Time Running" value="25995" />
  <attribute name ="GC Interval" value="0" />
  <attribute name="ProportionalT" value="84.000000" />
  <attribute name="ProportionalI" value="84.000000" />
  <attribute name="ProportionalH" value="84.000000" />
  <attribute name="Current Error" value="168.000000" />
  <attribute name="IntegralT" value="84.000000" />
  <attribute name="IntegralI" value="84.000000" />
  <attribute name="IntegralH" value="84.000000" />
  <attribute name="DerivativeT" value="168.000000" />
  <attribute name="DerivativeI" value="168.000000" />
  <attribute name="DerivativeH" value="168.000000" />
  <attribute name="Loop Time for DT" value="1.000000" />
  <attribute name="Output H" value="8388608"/>
  <attribute name="Output I" value="336"/>
  <attribute name="Output T" value="4"/>
  <attribute name="Target GC Util Change" value ="20.000000" />
  <attribute name="Current GC Util Change" value="188.000000"/>
  <attribute name="GC Util currently" value="188" />
  <attribute name="CPU Util currently" value="7939806836504" />
<exclusive-end id="5892" timestamp="2019-07-07T05:36:25.304" durationms="5.753" />

<exclusive-start id="5893" timestamp="2019-07-07T05:36:25.323" intervalms="24.263">
  <response-info timems="0.068" idlems="0.068" threads="0" lastid="000000000096B700" lastname="main" />
</exclusive-start>
<allocation-taxation id="5894" taxation-threshold="12582912" timestamp="2019-07-07T05:36:25.323" intervalms="24.273" />
<gc-start id="5895" type="global mark phase" contextid="5872" timestamp="2019-07-07T05:36:25.323">
  <mem-info id="5896" free="33554432" total="75497472" percent="44">
    <remembered-set count="53184" freebytes="2968320" totalbytes="3181056" percent="93" regionsoverflowed="0" regionsstable="0" regionsrebuilding="13"/>
  </mem-info>
</gc-start>
<gc-end id="5897" type="global mark phase" contextid="5872" durationms="0.178" usertimems="0.000" systemtimems="0.000" timestamp="2019-07-07T05:36:25.324" activeThreads="4">
  <mem-info id="5898" free="33554432" total="75497472" percent="44">
    <remembered-set count="53184" freebytes="2968320" totalbytes="3181056" percent="93" regionsoverflowed="0" regionsstable="0" regionsrebuilding="13"/>
  </mem-info>
</gc-end>
<concurrent-start id="5899" type="GMP work packet processing" contextid="5872" timestamp="2019-07-07T05:36:25.324">
  <concurrent-mark-start scanTarget="1854045" />
</concurrent-start>
<exclusive-end id="5900" timestamp="2019-07-07T05:36:25.324" durationms="0.998" />

<concurrent-end id="5901" type="GMP work packet processing" contextid="5872" timestamp="2019-07-07T05:36:25.326">
  <concurrent-mark-end bytesScanned="1911576" reasonForTermination="Work target met" />
</concurrent-end>

<exclusive-start id="5902" timestamp="2019-07-07T05:36:25.344" intervalms="21.113">
  <response-info timems="0.078" idlems="0.078" threads="0" lastid="000000000096B700" lastname="main" />
</exclusive-start>
<allocation-taxation id="5903" taxation-threshold="12582912" timestamp="2019-07-07T05:36:25.344" intervalms="21.136" />
<cycle-start id="5904" type="partial gc" contextid="0" timestamp="2019-07-07T05:36:25.345" intervalms="45.403" />
<gc-start id="5905" type="partial gc" contextid="5904" timestamp="2019-07-07T05:36:25.345">
  <mem-info id="5906" free="20971520" total="75497472" percent="27">
    <mem type="eden" free="1048456" total="26214400" percent="3" />
    <remembered-set count="62400" freebytes="2931456" totalbytes="3181056" percent="92" regionsoverflowed="0" regionsstable="0" regionsrebuilding="13"/>
  </mem-info>
</gc-start>
<allocation-stats totalBytes="25161272" >
  <allocated-bytes non-tlh="0" tlh="25161272" arrayletleaf="0"/>
  <largest-consumer threadName="main" threadId="000000000096B700" bytes="12580816" />
</allocation-stats>
<gc-op id="5907" type="copy forward" timems="2.904" contextid="5904" timestamp="2019-07-07T05:36:25.349">
  <memory-copied type="eden" objects="8" bytes="296" bytesdiscarded="0" />
  <memory-copied type="other" objects="0" bytes="0" bytesdiscarded="0" />
  <memory-cardclean objects="7427" bytes="401656" />
  <regions eden="24" other="1" />
  <remembered-set-cleared processed="59221" cleared="2492" durationms="0.557" />
  <stringconstants candidates="13657" cleared="0"  />
</gc-op>
<gc-op id="5908" type="classunload" timems="0.004" contextid="5904" timestamp="2019-07-07T05:36:25.349">
  <classunload-info classloadercandidates="53" classloadersunloaded="0" classesunloaded="0" anonymousclassesunloaded="0" quiescems="0.000" setupms="0.004" scanms="0.000" postms="0.000" />
</gc-op>
<gc-end id="5909" type="partial gc" contextid="5904" durationms="4.392" usertimems="8.000" systemtimems="0.000" timestamp="2019-07-07T05:36:25.349" activeThreads="1">
  <mem-info id="5910" free="46137344" total="75497472" percent="61">
    <mem type="eden" free="1048280" total="1048576" percent="99" />
    <remembered-set count="60960" freebytes="2769792" totalbytes="3013632" percent="91" regionsoverflowed="0" regionsstable="0" regionsrebuilding="13"/>
  </mem-info>
</gc-end>
<cycle-end id="5911" type="partial gc" contextid="5904" timestamp="2019-07-07T05:36:25.349" />
  <attribute name="elasticGC enabled" value="1" />
  <attribute name= "numThreadsSpecified" value="1" />
  <attribute name="heapSize specified" value="0" />
  <attribute name="Current GC Util" value="96" />
  <attribute name= "Current Time Running" value="26040" />
  <attribute name ="GC Interval" value="0" />
  <attribute name="ProportionalT" value="38.000000" />
  <attribute name="ProportionalI" value="38.000000" />
  <attribute name="ProportionalH" value="38.000000" />
  <attribute name="Current Error" value="76.000000" />
  <attribute name="IntegralT" value="0.000000" />
  <attribute name="IntegralI" value="0.000000" />
  <attribute name="IntegralH" value="0.000000" />
  <attribute name="DerivativeT" value="inf" />
  <attribute name="DerivativeI" value="inf" />
  <attribute name="DerivativeH" value="inf" />
  <attribute name="Loop Time for DT" value="0.000000" />
  <attribute name="Output H" value="8388608"/>
  <attribute name="Output I" value="200"/>
  <attribute name="Output T" value="1"/>
  <attribute name="Target GC Util Change" value ="20.000000" />
  <attribute name="Current GC Util Change" value="96.000000"/>
  <attribute name="GC Util currently" value="96" />
  <attribute name="CPU Util currently" value="8130502292470" />
<exclusive-end id="5912" timestamp="2019-07-07T05:36:25.350" durationms="5.497" />

<exclusive-start id="5913" timestamp="2019-07-07T05:36:25.368" intervalms="23.969">
  <response-info timems="0.090" idlems="0.090" threads="0" lastid="000000000096B700" lastname="main" />
</exclusive-start>
<allocation-taxation id="5914" taxation-threshold="12582912" timestamp="2019-07-07T05:36:25.368" intervalms="23.960" />
<gc-start id="5915" type="global mark phase" contextid="5872" timestamp="2019-07-07T05:36:25.369">
  <mem-info id="5916" free="33554432" total="75497472" percent="44">
    <remembered-set count="60544" freebytes="2771456" totalbytes="3013632" percent="91" regionsoverflowed="0" regionsstable="0" regionsrebuilding="13"/>
  </mem-info>
</gc-start>
<gc-end id="5917" type="global mark phase" contextid="5872" durationms="0.177" usertimems="0.000" systemtimems="0.000" timestamp="2019-07-07T05:36:25.369" activeThreads="1">
  <mem-info id="5918" free="33554432" total="75497472" percent="44">
    <remembered-set count="60544" freebytes="2771456" totalbytes="3013632" percent="91" regionsoverflowed="0" regionsstable="0" regionsrebuilding="13"/>
  </mem-info>
</gc-end>
<concurrent-start id="5919" type="GMP work packet processing" contextid="5872" timestamp="2019-07-07T05:36:25.369">
  <concurrent-mark-start scanTarget="1390534" />
</concurrent-start>
<exclusive-end id="5920" timestamp="2019-07-07T05:36:25.371" durationms="2.494" />

<concurrent-end id="5921" type="GMP work packet processing" contextid="5872" timestamp="2019-07-07T05:36:25.371">
  <concurrent-mark-end bytesScanned="1442520" reasonForTermination="Work target met" />
</concurrent-end>

<exclusive-start id="5922" timestamp="2019-07-07T05:36:25.389" intervalms="21.360">
  <response-info timems="0.076" idlems="0.076" threads="0" lastid="000000000096B700" lastname="main" />
</exclusive-start>
<allocation-taxation id="5923" taxation-threshold="12582912" timestamp="2019-07-07T05:36:25.390" intervalms="21.345" />
<cycle-start id="5924" type="partial gc" contextid="0" timestamp="2019-07-07T05:36:25.390" intervalms="45.283" />
<gc-start id="5925" type="partial gc" contextid="5924" timestamp="2019-07-07T05:36:25.390">
  <mem-info id="5926" free="20971520" total="75497472" percent="27">
    <mem type="eden" free="1048280" total="26214400" percent="3" />
    <remembered-set count="67712" freebytes="2742784" totalbytes="3013632" percent="91" regionsoverflowed="0" regionsstable="0" regionsrebuilding="13"/>
  </mem-info>
</gc-start>
<allocation-stats totalBytes="25160936" >
  <allocated-bytes non-tlh="0" tlh="25160936" arrayletleaf="0"/>
  <largest-consumer threadName="main" threadId="000000000096B700" bytes="12580584" />
</allocation-stats>
<gc-op id="5927" type="copy forward" timems="1.553" contextid="5924" timestamp="2019-07-07T05:36:25.392">
  <memory-copied type="eden" objects="1" bytes="24" bytesdiscarded="0" />
  <memory-copied type="other" objects="0" bytes="0" bytesdiscarded="0" />
  <memory-cardclean objects="23" bytes="1048" />
  <regions eden="24" other="1" />
  <remembered-set-cleared processed="65624" cleared="23" durationms="0.500" />
  <stringconstants candidates="13657" cleared="0"  />
</gc-op>
<gc-op id="5928" type="classunload" timems="0.003" contextid="5924" timestamp="2019-07-07T05:36:25.393">
  <classunload-info classloadercandidates="53" classloadersunloaded="0" classesunloaded="0" anonymousclassesunloaded="0" quiescems="0.000" setupms="0.003" scanms="0.000" postms="0.000" />
</gc-op>
<gc-end id="5929" type="partial gc" contextid="5924" durationms="2.652" usertimems="4.000" systemtimems="0.000" timestamp="2019-07-07T05:36:25.393" activeThreads="1">
  <mem-info id="5930" free="46137344" total="75497472" percent="61">
    <mem type="eden" free="1048552" total="1048576" percent="99" />
    <remembered-set count="68128" freebytes="2741120" totalbytes="3013632" percent="90" regionsoverflowed="0" regionsstable="0" regionsrebuilding="13"/>
  </mem-info>
</gc-end>
<cycle-end id="5931" type="partial gc" contextid="5924" timestamp="2019-07-07T05:36:25.393" />
  <attribute name="elasticGC enabled" value="1" />
  <attribute name= "numThreadsSpecified" value="1" />
  <attribute name="heapSize specified" value="0" />
  <attribute name="Current GC Util" value="164" />
  <attribute name= "Current Time Running" value="26085" />
  <attribute name ="GC Interval" value="0" />
  <attribute name="ProportionalT" value="72.000000" />
  <attribute name="ProportionalI" value="72.000000" />
  <attribute name="ProportionalH" value="72.000000" />
  <attribute name="Current Error" value="144.000000" />
  <attribute name="IntegralT" value="0.000000" />
  <attribute name="IntegralI" value="0.000000" />
  <attribute name="IntegralH" value="0.000000" />
  <attribute name="DerivativeT" value="inf" />
  <attribute name="DerivativeI" value="inf" />
  <attribute name="DerivativeH" value="inf" />
  <attribute name="Loop Time for DT" value="0.000000" />
  <attribute name="Output H" value="8388608"/>
  <attribute name="Output I" value="200"/>
  <attribute name="Output T" value="1"/>
  <attribute name="Target GC Util Change" value ="20.000000" />
  <attribute name="Current GC Util Change" value="164.000000"/>
  <attribute name="GC Util currently" value="164" />
  <attribute name="CPU Util currently" value="13126141199101" />
<exclusive-end id="5932" timestamp="2019-07-07T05:36:25.393" durationms="3.641" />

<exclusive-start id="5933" timestamp="2019-07-07T05:36:25.412" intervalms="22.561">
  <response-info timems="0.077" idlems="0.077" threads="0" lastid="000000000096B700" lastname="main" />
</exclusive-start>
<allocation-taxation id="5934" taxation-threshold="12582912" timestamp="2019-07-07T05:36:25.412" intervalms="22.549" />
<gc-start id="5935" type="global mark phase" contextid="5872" timestamp="2019-07-07T05:36:25.412">
  <mem-info id="5936" free="33554432" total="75497472" percent="44">
    <remembered-set count="67712" freebytes="2742784" totalbytes="3013632" percent="91" regionsoverflowed="0" regionsstable="0" regionsrebuilding="13"/>
  </mem-info>
</gc-start>
<gc-end id="5937" type="global mark phase" contextid="5872" durationms="0.164" usertimems="0.000" systemtimems="0.000" timestamp="2019-07-07T05:36:25.413" activeThreads="1">
  <mem-info id="5938" free="33554432" total="75497472" percent="44">
    <remembered-set count="67712" freebytes="2742784" totalbytes="3013632" percent="91" regionsoverflowed="0" regionsstable="0" regionsrebuilding="13"/>
  </mem-info>
</gc-end>
<concurrent-start id="5939" type="GMP work packet processing" contextid="5872" timestamp="2019-07-07T05:36:25.413">
  <concurrent-mark-start scanTarget="1048576" />
</concurrent-start>
<exclusive-end id="5940" timestamp="2019-07-07T05:36:25.413" durationms="0.886" />

<concurrent-end id="5941" type="GMP work packet processing" contextid="5872" timestamp="2019-07-07T05:36:25.414">
  <concurrent-mark-end bytesScanned="1104180" reasonForTermination="Work target met" />
</concurrent-end>

<exclusive-start id="5942" timestamp="2019-07-07T05:36:25.428" intervalms="16.373">
  <response-info timems="0.075" idlems="0.075" threads="0" lastid="000000000096B700" lastname="main" />
</exclusive-start>
<allocation-taxation id="5943" taxation-threshold="12582912" timestamp="2019-07-07T05:36:25.429" intervalms="16.411" />
<cycle-start id="5944" type="partial gc" contextid="0" timestamp="2019-07-07T05:36:25.429" intervalms="38.970" />
<gc-start id="5945" type="partial gc" contextid="5944" timestamp="2019-07-07T05:36:25.429">
  <mem-info id="5946" free="20971520" total="75497472" percent="27">
    <mem type="eden" free="1048552" total="26214400" percent="3" />
    <remembered-set count="70784" freebytes="2730496" totalbytes="3013632" percent="90" regionsoverflowed="0" regionsstable="0" regionsrebuilding="13"/>
  </mem-info>
</gc-start>
<allocation-stats totalBytes="25156056" >
  <allocated-bytes non-tlh="0" tlh="25156056" arrayletleaf="0"/>
  <largest-consumer threadName="main" threadId="000000000096B700" bytes="12575680" />
</allocation-stats>
<gc-op id="5947" type="copy forward" timems="1.629" contextid="5944" timestamp="2019-07-07T05:36:25.432">
  <memory-copied type="eden" objects="22" bytes="1240" bytesdiscarded="0" />
  <memory-copied type="other" objects="0" bytes="0" bytesdiscarded="0" />
  <memory-cardclean objects="73" bytes="2464" />
  <regions eden="24" other="1" />
  <remembered-set-cleared processed="68423" cleared="46" durationms="0.516" />
  <stringconstants candidates="13657" cleared="0"  />
</gc-op>
<gc-op id="5948" type="classunload" timems="0.004" contextid="5944" timestamp="2019-07-07T05:36:25.432">
  <classunload-info classloadercandidates="53" classloadersunloaded="0" classesunloaded="0" anonymousclassesunloaded="0" quiescems="0.000" setupms="0.004" scanms="0.000" postms="0.000" />
</gc-op>
<gc-end id="5949" type="partial gc" contextid="5944" durationms="2.735" usertimems="4.000" systemtimems="0.000" timestamp="2019-07-07T05:36:25.432" activeThreads="1">
  <mem-info id="5950" free="46137344" total="75497472" percent="61">
    <mem type="eden" free="1047336" total="1048576" percent="99" />
    <remembered-set count="71040" freebytes="2729472" totalbytes="3013632" percent="90" regionsoverflowed="0" regionsstable="0" regionsrebuilding="13"/>
  </mem-info>
</gc-end>
<cycle-end id="5951" type="partial gc" contextid="5944" timestamp="2019-07-07T05:36:25.432" />
  <attribute name="elasticGC enabled" value="1" />
  <attribute name= "numThreadsSpecified" value="1" />
  <attribute name="heapSize specified" value="0" />
  <attribute name="Current GC Util" value="167" />
  <attribute name= "Current Time Running" value="26124" />
  <attribute name ="GC Interval" value="0" />
  <attribute name="ProportionalT" value="73.500000" />
  <attribute name="ProportionalI" value="73.500000" />
  <attribute name="ProportionalH" value="73.500000" />
  <attribute name="Current Error" value="147.000000" />
  <attribute name="IntegralT" value="0.000000" />
  <attribute name="IntegralI" value="0.000000" />
  <attribute name="IntegralH" value="0.000000" />
  <attribute name="DerivativeT" value="inf" />
  <attribute name="DerivativeI" value="inf" />
  <attribute name="DerivativeH" value="inf" />
  <attribute name="Loop Time for DT" value="0.000000" />
  <attribute name="Output H" value="8388608"/>
  <attribute name="Output I" value="200"/>
  <attribute name="Output T" value="1"/>
  <attribute name="Target GC Util Change" value ="20.000000" />
  <attribute name="Current GC Util Change" value="167.000000"/>
  <attribute name="GC Util currently" value="167" />
  <attribute name="CPU Util currently" value="13731181444147" />
<exclusive-end id="5952" timestamp="2019-07-07T05:36:25.432" durationms="3.747" />

<exclusive-start id="5953" timestamp="2019-07-07T05:36:25.436" intervalms="8.034">
  <response-info timems="0.077" idlems="0.077" threads="0" lastid="000000000096B700" lastname="main" />
</exclusive-start>
<allocation-taxation id="5954" taxation-threshold="12582912" timestamp="2019-07-07T05:36:25.437" intervalms="8.008" />
<gc-start id="5955" type="global mark phase" contextid="5872" timestamp="2019-07-07T05:36:25.437">
  <mem-info id="5956" free="33554432" total="75497472" percent="44">
    <remembered-set count="70720" freebytes="2730752" totalbytes="3013632" percent="90" regionsoverflowed="0" regionsstable="0" regionsrebuilding="13"/>
  </mem-info>
</gc-start>
<gc-end id="5957" type="global mark phase" contextid="5872" durationms="0.159" usertimems="0.000" systemtimems="0.000" timestamp="2019-07-07T05:36:25.437" activeThreads="1">
  <mem-info id="5958" free="33554432" total="75497472" percent="44">
    <remembered-set count="70720" freebytes="2730752" totalbytes="3013632" percent="90" regionsoverflowed="0" regionsstable="0" regionsrebuilding="13"/>
  </mem-info>
</gc-end>
<concurrent-start id="5959" type="GMP work packet processing" contextid="5872" timestamp="2019-07-07T05:36:25.437">
  <concurrent-mark-start scanTarget="1048576" />
</concurrent-start>
<exclusive-end id="5960" timestamp="2019-07-07T05:36:25.438" durationms="1.716" />

<concurrent-end id="5961" type="GMP work packet processing" contextid="5872" timestamp="2019-07-07T05:36:25.438">
  <concurrent-mark-end bytesScanned="1094792" reasonForTermination="Work target met" />
</concurrent-end>

<exclusive-start id="5962" timestamp="2019-07-07T05:36:25.442" intervalms="5.899">
  <response-info timems="0.053" idlems="0.053" threads="0" lastid="000000000096B700" lastname="main" />
</exclusive-start>
<allocation-taxation id="5963" taxation-threshold="12582912" timestamp="2019-07-07T05:36:25.442" intervalms="5.855" />
<cycle-start id="5964" type="partial gc" contextid="0" timestamp="2019-07-07T05:36:25.443" intervalms="13.888" />
<gc-start id="5965" type="partial gc" contextid="5964" timestamp="2019-07-07T05:36:25.443">
  <mem-info id="5966" free="20971520" total="75497472" percent="27">
    <mem type="eden" free="0" total="25165824" percent="0" />
    <remembered-set count="72896" freebytes="2722048" totalbytes="3013632" percent="90" regionsoverflowed="0" regionsstable="0" regionsrebuilding="13"/>
  </mem-info>
</gc-start>
<allocation-stats totalBytes="25128840" >
  <allocated-bytes non-tlh="0" tlh="25128840" arrayletleaf="0"/>
  <largest-consumer threadName="main" threadId="000000000096B700" bytes="12565560" />
</allocation-stats>
<gc-op id="5967" type="copy forward" timems="1.625" contextid="5964" timestamp="2019-07-07T05:36:25.445">
  <memory-copied type="eden" objects="2" bytes="40" bytesdiscarded="0" />
  <memory-copied type="other" objects="22" bytes="1240" bytesdiscarded="0" />
  <memory-cardclean objects="56" bytes="2144" />
  <regions eden="24" other="1" />
  <remembered-set-cleared processed="70255" cleared="41" durationms="0.493" />
  <stringconstants candidates="13657" cleared="0"  />
</gc-op>
<gc-op id="5968" type="classunload" timems="0.003" contextid="5964" timestamp="2019-07-07T05:36:25.445">
  <classunload-info classloadercandidates="53" classloadersunloaded="0" classesunloaded="0" anonymousclassesunloaded="0" quiescems="0.000" setupms="0.003" scanms="0.000" postms="0.000" />
</gc-op>
<heap-resize id="5969" type="expand" space="default" amount="1048576" count="1" timems="0.058" reason="excessive time being spent in gc" timestamp="2019-07-07T05:36:25.446" />
<gc-end id="5970" type="partial gc" contextid="5964" durationms="2.923" usertimems="4.000" systemtimems="0.000" timestamp="2019-07-07T05:36:25.446" activeThreads="1">
  <mem-info id="5971" free="46137344" total="76546048" percent="60">
    <mem type="eden" free="1048536" total="1048576" percent="99" />
    <remembered-set count="73216" freebytes="2762624" totalbytes="3055488" percent="90" regionsoverflowed="0" regionsstable="0" regionsrebuilding="13"/>
  </mem-info>
</gc-end>
<cycle-end id="5972" type="partial gc" contextid="5964" timestamp="2019-07-07T05:36:25.446" />
  <attribute name="elasticGC enabled" value="1" />
  <attribute name= "numThreadsSpecified" value="1" />
  <attribute name="heapSize specified" value="0" />
  <attribute name="Current GC Util" value="161" />
  <attribute name= "Current Time Running" value="26138" />
  <attribute name ="GC Interval" value="0" />
  <attribute name="ProportionalT" value="70.500000" />
  <attribute name="ProportionalI" value="70.500000" />
  <attribute name="ProportionalH" value="70.500000" />
  <attribute name="Current Error" value="141.000000" />
  <attribute name="IntegralT" value="0.000000" />
  <attribute name="IntegralI" value="0.000000" />
  <attribute name="IntegralH" value="0.000000" />
  <attribute name="DerivativeT" value="inf" />
  <attribute name="DerivativeI" value="inf" />
  <attribute name="DerivativeH" value="inf" />
  <attribute name="Loop Time for DT" value="0.000000" />
  <attribute name="Output H" value="8388608"/>
  <attribute name="Output I" value="200"/>
  <attribute name="Output T" value="1"/>
  <attribute name="Target GC Util Change" value ="20.000000" />
  <attribute name="Current GC Util Change" value="161.000000"/>
  <attribute name="GC Util currently" value="161" />
  <attribute name="CPU Util currently" value="13658224794893" />
<exclusive-end id="5973" timestamp="2019-07-07T05:36:25.446" durationms="3.869" />

<exclusive-start id="5974" timestamp="2019-07-07T05:36:25.450" intervalms="8.090">
  <response-info timems="0.079" idlems="0.079" threads="0" lastid="000000000096B700" lastname="main" />
</exclusive-start>
<allocation-taxation id="5975" taxation-threshold="12582912" timestamp="2019-07-07T05:36:25.451" intervalms="8.148" />
<gc-start id="5976" type="global mark phase" contextid="5872" timestamp="2019-07-07T05:36:25.451">
  <mem-info id="5977" free="33554432" total="76546048" percent="43">
    <remembered-set count="72928" freebytes="2763776" totalbytes="3055488" percent="90" regionsoverflowed="0" regionsstable="0" regionsrebuilding="13"/>
  </mem-info>
</gc-start>
<gc-end id="5978" type="global mark phase" contextid="5872" durationms="0.158" usertimems="0.000" systemtimems="0.000" timestamp="2019-07-07T05:36:25.451" activeThreads="1">
  <mem-info id="5979" free="33554432" total="76546048" percent="43">
    <remembered-set count="72928" freebytes="2763776" totalbytes="3055488" percent="90" regionsoverflowed="0" regionsstable="0" regionsrebuilding="13"/>
  </mem-info>
</gc-end>
<concurrent-start id="5980" type="GMP work packet processing" contextid="5872" timestamp="2019-07-07T05:36:25.451">
  <concurrent-mark-start scanTarget="1048576" />
</concurrent-start>
<exclusive-end id="5981" timestamp="2019-07-07T05:36:25.452" durationms="0.946" />

<concurrent-end id="5982" type="GMP work packet processing" contextid="5872" timestamp="2019-07-07T05:36:25.452">
  <concurrent-mark-end bytesScanned="1090128" reasonForTermination="Work target met" />
</concurrent-end>

<exclusive-start id="5983" timestamp="2019-07-07T05:36:25.456" intervalms="5.902">
  <response-info timems="0.021" idlems="0.021" threads="0" lastid="000000000096B700" lastname="main" />
</exclusive-start>
<allocation-taxation id="5984" taxation-threshold="12582912" timestamp="2019-07-07T05:36:25.456" intervalms="5.855" />
<cycle-start id="5985" type="partial gc" contextid="0" timestamp="2019-07-07T05:36:25.457" intervalms="13.958" />
<gc-start id="5986" type="partial gc" contextid="5985" timestamp="2019-07-07T05:36:25.457">
  <mem-info id="5987" free="20971520" total="76546048" percent="27">
    <mem type="eden" free="1048536" total="26214400" percent="3" />
    <remembered-set count="74496" freebytes="2757504" totalbytes="3055488" percent="90" regionsoverflowed="0" regionsstable="0" regionsrebuilding="13"/>
  </mem-info>
</gc-start>
<allocation-stats totalBytes="25131120" >
  <allocated-bytes non-tlh="0" tlh="25131120" arrayletleaf="0"/>
  <largest-consumer threadName="main" threadId="000000000096B700" bytes="12565560" />
</allocation-stats>
<gc-op id="5988" type="copy forward" timems="1.528" contextid="5985" timestamp="2019-07-07T05:36:25.459">
  <memory-copied type="eden" objects="3" bytes="72" bytesdiscarded="0" />
  <memory-copied type="other" objects="0" bytes="0" bytesdiscarded="0" />
  <memory-cardclean objects="9" bytes="216" />
  <regions eden="24" other="1" />
  <remembered-set-cleared processed="72213" cleared="6" durationms="0.488" />
  <stringconstants candidates="13657" cleared="0"  />
</gc-op>
<gc-op id="5989" type="classunload" timems="0.003" contextid="5985" timestamp="2019-07-07T05:36:25.459">
  <classunload-info classloadercandidates="53" classloadersunloaded="0" classesunloaded="0" anonymousclassesunloaded="0" quiescems="0.000" setupms="0.003" scanms="0.000" postms="0.000" />
</gc-op>
<gc-end id="5990" type="partial gc" contextid="5985" durationms="2.670" usertimems="0.000" systemtimems="4.000" timestamp="2019-07-07T05:36:25.460" activeThreads="1">
  <mem-info id="5991" free="46137344" total="76546048" percent="60">
    <mem type="eden" free="1048504" total="1048576" percent="99" />
    <remembered-set count="74976" freebytes="2755584" totalbytes="3055488" percent="90" regionsoverflowed="0" regionsstable="0" regionsrebuilding="13"/>
  </mem-info>
</gc-end>
<cycle-end id="5992" type="partial gc" contextid="5985" timestamp="2019-07-07T05:36:25.460" />
  <attribute name="elasticGC enabled" value="1" />
  <attribute name= "numThreadsSpecified" value="1" />
  <attribute name="heapSize specified" value="0" />
  <attribute name="Current GC Util" value="165" />
  <attribute name= "Current Time Running" value="26152" />
  <attribute name ="GC Interval" value="0" />
  <attribute name="ProportionalT" value="72.500000" />
  <attribute name="ProportionalI" value="72.500000" />
  <attribute name="ProportionalH" value="72.500000" />
  <attribute name="Current Error" value="145.000000" />
  <attribute name="IntegralT" value="0.000000" />
  <attribute name="IntegralI" value="0.000000" />
  <attribute name="IntegralH" value="0.000000" />
  <attribute name="DerivativeT" value="inf" />
  <attribute name="DerivativeI" value="inf" />
  <attribute name="DerivativeH" value="inf" />
  <attribute name="Loop Time for DT" value="0.000000" />
  <attribute name="Output H" value="8388608"/>
  <attribute name="Output I" value="200"/>
  <attribute name="Output T" value="1"/>
  <attribute name="Target GC Util Change" value ="20.000000" />
  <attribute name="Current GC Util Change" value="165.000000"/>
  <attribute name="GC Util currently" value="165" />
  <attribute name="CPU Util currently" value="13829802505890" />
<exclusive-end id="5993" timestamp="2019-07-07T05:36:25.460" durationms="3.522" />

<exclusive-start id="5994" timestamp="2019-07-07T05:36:25.464" intervalms="7.726">
  <response-info timems="0.074" idlems="0.074" threads="0" lastid="000000000096B700" lastname="main" />
</exclusive-start>
<allocation-taxation id="5995" taxation-threshold="12582912" timestamp="2019-07-07T05:36:25.464" intervalms="7.742" />
<gc-start id="5996" type="global mark phase" contextid="5872" timestamp="2019-07-07T05:36:25.464">
  <mem-info id="5997" free="33554432" total="76546048" percent="43">
    <remembered-set count="74496" freebytes="2757504" totalbytes="3055488" percent="90" regionsoverflowed="0" regionsstable="0" regionsrebuilding="13"/>
  </mem-info>
</gc-start>
<gc-end id="5998" type="global mark phase" contextid="5872" durationms="0.151" usertimems="0.000" systemtimems="0.000" timestamp="2019-07-07T05:36:25.465" activeThreads="1">
  <mem-info id="5999" free="33554432" total="76546048" percent="43">
    <remembered-set count="74496" freebytes="2757504" totalbytes="3055488" percent="90" regionsoverflowed="0" regionsstable="0" regionsrebuilding="13"/>
  </mem-info>
</gc-end>
<concurrent-start id="6000" type="GMP work packet processing" contextid="5872" timestamp="2019-07-07T05:36:25.465">
  <concurrent-mark-start scanTarget="1048576" />
</concurrent-start>
<exclusive-end id="6001" timestamp="2019-07-07T05:36:25.466" durationms="1.570" />

<concurrent-end id="6002" type="GMP work packet processing" contextid="5872" timestamp="2019-07-07T05:36:25.466">
  <concurrent-mark-end bytesScanned="1097780" reasonForTermination="Work target met" />
</concurrent-end>

<exclusive-start id="6003" timestamp="2019-07-07T05:36:25.470" intervalms="5.793">
  <response-info timems="0.054" idlems="0.054" threads="0" lastid="000000000096B700" lastname="main" />
</exclusive-start>
<allocation-taxation id="6004" taxation-threshold="12582912" timestamp="2019-07-07T05:36:25.470" intervalms="5.794" />
<cycle-start id="6005" type="partial gc" contextid="0" timestamp="2019-07-07T05:36:25.470" intervalms="13.546" />
<gc-start id="6006" type="partial gc" contextid="6005" timestamp="2019-07-07T05:36:25.470">
  <mem-info id="6007" free="20971520" total="76546048" percent="27">
    <mem type="eden" free="1048504" total="26214400" percent="3" />
    <remembered-set count="78112" freebytes="2743040" totalbytes="3055488" percent="89" regionsoverflowed="0" regionsstable="0" regionsrebuilding="13"/>
  </mem-info>
</gc-start>
<allocation-stats totalBytes="25129712" >
  <allocated-bytes non-tlh="0" tlh="25129712" arrayletleaf="0"/>
  <largest-consumer threadName="main" threadId="000000000096B700" bytes="12565560" />
</allocation-stats>
<gc-op id="6008" type="copy forward" timems="2.968" contextid="6005" timestamp="2019-07-07T05:36:25.474">
  <memory-copied type="eden" objects="2" bytes="40" bytesdiscarded="0" />
  <memory-copied type="other" objects="0" bytes="0" bytesdiscarded="0" />
  <memory-cardclean objects="9" bytes="216" />
  <regions eden="24" other="1" />
  <remembered-set-cleared processed="75708" cleared="8" durationms="0.289" />
  <stringconstants candidates="13657" cleared="0"  />
</gc-op>
<gc-op id="6009" type="classunload" timems="0.004" contextid="6005" timestamp="2019-07-07T05:36:25.474">
  <classunload-info classloadercandidates="53" classloadersunloaded="0" classesunloaded="0" anonymousclassesunloaded="0" quiescems="0.000" setupms="0.003" scanms="0.000" postms="0.000" />
</gc-op>
<gc-end id="6010" type="partial gc" contextid="6005" durationms="4.087" usertimems="8.000" systemtimems="0.000" timestamp="2019-07-07T05:36:25.474" activeThreads="4">
  <mem-info id="6011" free="46137344" total="76546048" percent="60">
    <mem type="eden" free="1048536" total="1048576" percent="99" />
    <remembered-set count="77792" freebytes="2744320" totalbytes="3055488" percent="89" regionsoverflowed="0" regionsstable="0" regionsrebuilding="13"/>
  </mem-info>
</gc-end>
<cycle-end id="6012" type="partial gc" contextid="6005" timestamp="2019-07-07T05:36:25.475" />
  <attribute name="elasticGC enabled" value="1" />
  <attribute name= "numThreadsSpecified" value="4" />
  <attribute name="heapSize specified" value="0" />
  <attribute name="Current GC Util" value="160" />
  <attribute name= "Current Time Running" value="26166" />
  <attribute name ="GC Interval" value="0" />
  <attribute name="ProportionalT" value="70.000000" />
  <attribute name="ProportionalI" value="70.000000" />
  <attribute name="ProportionalH" value="70.000000" />
  <attribute name="Current Error" value="140.000000" />
  <attribute name="IntegralT" value="70.000000" />
  <attribute name="IntegralI" value="70.000000" />
  <attribute name="IntegralH" value="70.000000" />
  <attribute name="DerivativeT" value="123.000000" />
  <attribute name="DerivativeI" value="123.000000" />
  <attribute name="DerivativeH" value="123.000000" />
  <attribute name="Loop Time for DT" value="1.000000" />
  <attribute name="Output H" value="8388608"/>
  <attribute name="Output I" value="264"/>
  <attribute name="Output T" value="4"/>
  <attribute name="Target GC Util Change" value ="20.000000" />
  <attribute name="Current GC Util Change" value="160.000000"/>
  <attribute name="GC Util currently" value="160" />
  <attribute name="CPU Util currently" value="13226733885592" />
<exclusive-end id="6013" timestamp="2019-07-07T05:36:25.475" durationms="4.944" />

<exclusive-start id="6014" timestamp="2019-07-07T05:36:25.479" intervalms="9.064">
  <response-info timems="0.070" idlems="0.070" threads="0" lastid="000000000096B700" lastname="main" />
</exclusive-start>
<allocation-taxation id="6015" taxation-threshold="12582912" timestamp="2019-07-07T05:36:25.479" intervalms="9.056" />
<gc-start id="6016" type="global mark phase" contextid="5872" timestamp="2019-07-07T05:36:25.479">
  <mem-info id="6017" free="33554432" total="76546048" percent="43">
    <remembered-set count="77792" freebytes="2744320" totalbytes="3055488" percent="89" regionsoverflowed="0" regionsstable="0" regionsrebuilding="13"/>
  </mem-info>
</gc-start>
<gc-end id="6018" type="global mark phase" contextid="5872" durationms="0.160" usertimems="0.000" systemtimems="0.000" timestamp="2019-07-07T05:36:25.479" activeThreads="4">
  <mem-info id="6019" free="33554432" total="76546048" percent="43">
    <remembered-set count="77792" freebytes="2744320" totalbytes="3055488" percent="89" regionsoverflowed="0" regionsstable="0" regionsrebuilding="13"/>
  </mem-info>
</gc-end>
<concurrent-start id="6020" type="GMP work packet processing" contextid="5872" timestamp="2019-07-07T05:36:25.480">
  <concurrent-mark-start scanTarget="1854045" />
</concurrent-start>
<exclusive-end id="6021" timestamp="2019-07-07T05:36:25.480" durationms="0.781" />

<concurrent-end id="6022" type="GMP work packet processing" contextid="5872" timestamp="2019-07-07T05:36:25.481">
  <concurrent-mark-end bytesScanned="1879720" reasonForTermination="Work target met" />
</concurrent-end>

<exclusive-start id="6023" timestamp="2019-07-07T05:36:25.485" intervalms="6.286">
  <response-info timems="0.052" idlems="0.052" threads="0" lastid="000000000096B700" lastname="main" />
</exclusive-start>
<allocation-taxation id="6024" taxation-threshold="12582912" timestamp="2019-07-07T05:36:25.485" intervalms="6.281" />
<cycle-start id="6025" type="partial gc" contextid="0" timestamp="2019-07-07T05:36:25.486" intervalms="15.325" />
<gc-start id="6026" type="partial gc" contextid="6025" timestamp="2019-07-07T05:36:25.486">
  <mem-info id="6027" free="20971520" total="76546048" percent="27">
    <mem type="eden" free="1048536" total="26214400" percent="3" />
    <remembered-set count="97760" freebytes="2664448" totalbytes="3055488" percent="87" regionsoverflowed="0" regionsstable="0" regionsrebuilding="13"/>
  </mem-info>
</gc-start>
<allocation-stats totalBytes="25131120" >
  <allocated-bytes non-tlh="0" tlh="25131120" arrayletleaf="0"/>
  <largest-consumer threadName="main" threadId="000000000096B700" bytes="12565560" />
</allocation-stats>
<gc-op id="6028" type="copy forward" timems="1.643" contextid="6025" timestamp="2019-07-07T05:36:25.488">
  <memory-copied type="eden" objects="2" bytes="40" bytesdiscarded="0" />
  <memory-copied type="other" objects="0" bytes="0" bytesdiscarded="0" />
  <memory-cardclean objects="9" bytes="216" />
  <regions eden="24" other="1" />
  <remembered-set-cleared processed="94854" cleared="6" durationms="0.587" />
  <stringconstants candidates="13657" cleared="0"  />
</gc-op>
<gc-op id="6029" type="classunload" timems="0.003" contextid="6025" timestamp="2019-07-07T05:36:25.488">
  <classunload-info classloadercandidates="53" classloadersunloaded="0" classesunloaded="0" anonymousclassesunloaded="0" quiescems="0.000" setupms="0.003" scanms="0.000" postms="0.000" />
</gc-op>
<gc-end id="6030" type="partial gc" contextid="6025" durationms="2.791" usertimems="4.000" systemtimems="0.000" timestamp="2019-07-07T05:36:25.489" activeThreads="1">
  <mem-info id="6031" free="46137344" total="76546048" percent="60">
    <mem type="eden" free="1048536" total="1048576" percent="99" />
    <remembered-set count="98240" freebytes="2662528" totalbytes="3055488" percent="87" regionsoverflowed="0" regionsstable="0" regionsrebuilding="13"/>
  </mem-info>
</gc-end>
<cycle-end id="6032" type="partial gc" contextid="6025" timestamp="2019-07-07T05:36:25.489" />
  <attribute name="elasticGC enabled" value="1" />
  <attribute name= "numThreadsSpecified" value="1" />
  <attribute name="heapSize specified" value="0" />
  <attribute name="Current GC Util" value="156" />
  <attribute name= "Current Time Running" value="26181" />
  <attribute name ="GC Interval" value="0" />
  <attribute name="ProportionalT" value="68.000000" />
  <attribute name="ProportionalI" value="68.000000" />
  <attribute name="ProportionalH" value="68.000000" />
  <attribute name="Current Error" value="136.000000" />
  <attribute name="IntegralT" value="0.000000" />
  <attribute name="IntegralI" value="0.000000" />
  <attribute name="IntegralH" value="0.000000" />
  <attribute name="DerivativeT" value="inf" />
  <attribute name="DerivativeI" value="inf" />
  <attribute name="DerivativeH" value="inf" />
  <attribute name="Loop Time for DT" value="0.000000" />
  <attribute name="Output H" value="8388608"/>
  <attribute name="Output I" value="200"/>
  <attribute name="Output T" value="1"/>
  <attribute name="Target GC Util Change" value ="20.000000" />
  <attribute name="Current GC Util Change" value="156.000000"/>
  <attribute name="GC Util currently" value="156" />
  <attribute name="CPU Util currently" value="13382682996166" />
<exclusive-end id="6033" timestamp="2019-07-07T05:36:25.489" durationms="3.695" />

<exclusive-start id="6034" timestamp="2019-07-07T05:36:25.493" intervalms="7.862">
  <response-info timems="0.075" idlems="0.075" threads="0" lastid="000000000096B700" lastname="main" />
</exclusive-start>
<allocation-taxation id="6035" taxation-threshold="12582912" timestamp="2019-07-07T05:36:25.493" intervalms="7.873" />
<gc-start id="6036" type="global mark phase" contextid="5872" timestamp="2019-07-07T05:36:25.493">
  <mem-info id="6037" free="33554432" total="76546048" percent="43">
    <remembered-set count="97760" freebytes="2664448" totalbytes="3055488" percent="87" regionsoverflowed="0" regionsstable="0" regionsrebuilding="13"/>
  </mem-info>
</gc-start>
<gc-end id="6038" type="global mark phase" contextid="5872" durationms="0.158" usertimems="0.000" systemtimems="0.000" timestamp="2019-07-07T05:36:25.494" activeThreads="1">
  <mem-info id="6039" free="33554432" total="76546048" percent="43">
    <remembered-set count="97760" freebytes="2664448" totalbytes="3055488" percent="87" regionsoverflowed="0" regionsstable="0" regionsrebuilding="13"/>
  </mem-info>
</gc-end>
<concurrent-start id="6040" type="GMP work packet processing" contextid="5872" timestamp="2019-07-07T05:36:25.494">
  <concurrent-mark-start scanTarget="1048576" />
</concurrent-start>
<exclusive-end id="6041" timestamp="2019-07-07T05:36:25.494" durationms="0.775" />

<concurrent-end id="6042" type="GMP work packet processing" contextid="5872" timestamp="2019-07-07T05:36:25.495">
  <concurrent-mark-end bytesScanned="1084908" reasonForTermination="Work target met" />
</concurrent-end>

<exclusive-start id="6043" timestamp="2019-07-07T05:36:25.499" intervalms="5.584">
  <response-info timems="0.053" idlems="0.053" threads="0" lastid="000000000096B700" lastname="main" />
</exclusive-start>
<allocation-taxation id="6044" taxation-threshold="12582912" timestamp="2019-07-07T05:36:25.499" intervalms="5.571" />
<cycle-start id="6045" type="partial gc" contextid="0" timestamp="2019-07-07T05:36:25.499" intervalms="13.425" />
<gc-start id="6046" type="partial gc" contextid="6045" timestamp="2019-07-07T05:36:25.499">
  <mem-info id="6047" free="20971520" total="76546048" percent="27">
    <mem type="eden" free="1048536" total="26214400" percent="3" />
    <remembered-set count="106016" freebytes="2631424" totalbytes="3055488" percent="86" regionsoverflowed="0" regionsstable="0" regionsrebuilding="13"/>
  </mem-info>
</gc-start>
<allocation-stats totalBytes="25131096" >
  <allocated-bytes non-tlh="0" tlh="25131096" arrayletleaf="0"/>
  <largest-consumer threadName="main" threadId="000000000096B700" bytes="12565560" />
</allocation-stats>
<gc-op id="6048" type="copy forward" timems="1.686" contextid="6045" timestamp="2019-07-07T05:36:25.502">
  <memory-copied type="eden" objects="2" bytes="40" bytesdiscarded="0" />
  <memory-copied type="other" objects="0" bytes="0" bytesdiscarded="0" />
  <memory-cardclean objects="9" bytes="216" />
  <regions eden="24" other="1" />
  <remembered-set-cleared processed="103690" cleared="6" durationms="0.626" />
  <stringconstants candidates="13657" cleared="0"  />
</gc-op>
<gc-op id="6049" type="classunload" timems="0.004" contextid="6045" timestamp="2019-07-07T05:36:25.502">
  <classunload-info classloadercandidates="53" classloadersunloaded="0" classesunloaded="0" anonymousclassesunloaded="0" quiescems="0.000" setupms="0.003" scanms="0.000" postms="0.000" />
</gc-op>
<gc-end id="6050" type="partial gc" contextid="6045" durationms="2.821" usertimems="0.000" systemtimems="0.000" timestamp="2019-07-07T05:36:25.502" activeThreads="1">
  <mem-info id="6051" free="46137344" total="76546048" percent="60">
    <mem type="eden" free="1048536" total="1048576" percent="99" />
    <remembered-set count="106496" freebytes="2629504" totalbytes="3055488" percent="86" regionsoverflowed="0" regionsstable="0" regionsrebuilding="13"/>
  </mem-info>
</gc-end>
<cycle-end id="6052" type="partial gc" contextid="6045" timestamp="2019-07-07T05:36:25.502" />
  <attribute name="elasticGC enabled" value="1" />
  <attribute name= "numThreadsSpecified" value="1" />
  <attribute name="heapSize specified" value="0" />
  <attribute name="Current GC Util" value="161" />
  <attribute name= "Current Time Running" value="26194" />
  <attribute name ="GC Interval" value="0" />
  <attribute name="ProportionalT" value="70.500000" />
  <attribute name="ProportionalI" value="70.500000" />
  <attribute name="ProportionalH" value="70.500000" />
  <attribute name="Current Error" value="141.000000" />
  <attribute name="IntegralT" value="0.000000" />
  <attribute name="IntegralI" value="0.000000" />
  <attribute name="IntegralH" value="0.000000" />
  <attribute name="DerivativeT" value="inf" />
  <attribute name="DerivativeI" value="inf" />
  <attribute name="DerivativeH" value="inf" />
  <attribute name="Loop Time for DT" value="0.000000" />
  <attribute name="Output H" value="8388608"/>
  <attribute name="Output I" value="200"/>
  <attribute name="Output T" value="1"/>
  <attribute name="Target GC Util Change" value ="20.000000" />
  <attribute name="Current GC Util Change" value="161.000000"/>
  <attribute name="GC Util currently" value="161" />
  <attribute name="CPU Util currently" value="13684162568413" />
<exclusive-end id="6053" timestamp="2019-07-07T05:36:25.502" durationms="3.664" />

<exclusive-start id="6054" timestamp="2019-07-07T05:36:25.506" intervalms="7.860">
  <response-info timems="0.068" idlems="0.068" threads="0" lastid="000000000096B700" lastname="main" />
</exclusive-start>
<allocation-taxation id="6055" taxation-threshold="12582912" timestamp="2019-07-07T05:36:25.507" intervalms="7.932" />
<gc-start id="6056" type="global mark phase" contextid="5872" timestamp="2019-07-07T05:36:25.507">
  <mem-info id="6057" free="33554432" total="76546048" percent="43">
    <remembered-set count="106016" freebytes="2631424" totalbytes="3055488" percent="86" regionsoverflowed="0" regionsstable="0" regionsrebuilding="13"/>
  </mem-info>
</gc-start>
<gc-end id="6058" type="global mark phase" contextid="5872" durationms="0.162" usertimems="0.000" systemtimems="0.000" timestamp="2019-07-07T05:36:25.507" activeThreads="1">
  <mem-info id="6059" free="33554432" total="76546048" percent="43">
    <remembered-set count="106016" freebytes="2631424" totalbytes="3055488" percent="86" regionsoverflowed="0" regionsstable="0" regionsrebuilding="13"/>
  </mem-info>
</gc-end>
<concurrent-start id="6060" type="GMP work packet processing" contextid="5872" timestamp="2019-07-07T05:36:25.507">
  <concurrent-mark-start scanTarget="1048576" />
</concurrent-start>
<exclusive-end id="6061" timestamp="2019-07-07T05:36:25.508" durationms="1.418" />

<concurrent-end id="6062" type="GMP work packet processing" contextid="5872" timestamp="2019-07-07T05:36:25.508">
  <concurrent-mark-end bytesScanned="861752" reasonForTermination="Completed all work in GC phase" />
</concurrent-end>

<exclusive-start id="6063" timestamp="2019-07-07T05:36:25.512" intervalms="5.703">
  <response-info timems="0.070" idlems="0.070" threads="0" lastid="000000000096B700" lastname="main" />
</exclusive-start>
<allocation-taxation id="6064" taxation-threshold="12582912" timestamp="2019-07-07T05:36:25.512" intervalms="5.648" />
<cycle-start id="6065" type="partial gc" contextid="0" timestamp="2019-07-07T05:36:25.513" intervalms="13.617" />
<gc-start id="6066" type="partial gc" contextid="6065" timestamp="2019-07-07T05:36:25.513">
  <mem-info id="6067" free="20971520" total="76546048" percent="27">
    <mem type="eden" free="1048536" total="26214400" percent="3" />
    <remembered-set count="107104" freebytes="2627072" totalbytes="3055488" percent="85" regionsoverflowed="0" regionsstable="0" regionsrebuilding="13"/>
  </mem-info>
</gc-start>
<allocation-stats totalBytes="25131120" >
  <allocated-bytes non-tlh="0" tlh="25131120" arrayletleaf="0"/>
  <largest-consumer threadName="main" threadId="000000000096B700" bytes="12565560" />
</allocation-stats>
<gc-op id="6068" type="copy forward" timems="1.646" contextid="6065" timestamp="2019-07-07T05:36:25.515">
  <memory-copied type="eden" objects="2" bytes="40" bytesdiscarded="0" />
  <memory-copied type="other" objects="0" bytes="0" bytesdiscarded="0" />
  <memory-cardclean objects="9" bytes="216" />
  <regions eden="24" other="1" />
  <remembered-set-cleared processed="104674" cleared="6" durationms="0.636" />
  <stringconstants candidates="13657" cleared="0"  />
</gc-op>
<gc-op id="6069" type="classunload" timems="0.003" contextid="6065" timestamp="2019-07-07T05:36:25.515">
  <classunload-info classloadercandidates="53" classloadersunloaded="0" classesunloaded="0" anonymousclassesunloaded="0" quiescems="0.000" setupms="0.003" scanms="0.000" postms="0.000" />
</gc-op>
<gc-end id="6070" type="partial gc" contextid="6065" durationms="2.776" usertimems="0.000" systemtimems="4.000" timestamp="2019-07-07T05:36:25.516" activeThreads="1">
  <mem-info id="6071" free="46137344" total="76546048" percent="60">
    <mem type="eden" free="1048536" total="1048576" percent="99" />
    <remembered-set count="107584" freebytes="2625152" totalbytes="3055488" percent="85" regionsoverflowed="0" regionsstable="0" regionsrebuilding="13"/>
  </mem-info>
</gc-end>
<cycle-end id="6072" type="partial gc" contextid="6065" timestamp="2019-07-07T05:36:25.516" />
  <attribute name="elasticGC enabled" value="1" />
  <attribute name= "numThreadsSpecified" value="1" />
  <attribute name="heapSize specified" value="0" />
  <attribute name="Current GC Util" value="162" />
  <attribute name= "Current Time Running" value="26208" />
  <attribute name ="GC Interval" value="0" />
  <attribute name="ProportionalT" value="71.000000" />
  <attribute name="ProportionalI" value="71.000000" />
  <attribute name="ProportionalH" value="71.000000" />
  <attribute name="Current Error" value="142.000000" />
  <attribute name="IntegralT" value="0.000000" />
  <attribute name="IntegralI" value="0.000000" />
  <attribute name="IntegralH" value="0.000000" />
  <attribute name="DerivativeT" value="inf" />
  <attribute name="DerivativeI" value="inf" />
  <attribute name="DerivativeH" value="inf" />
  <attribute name="Loop Time for DT" value="0.000000" />
  <attribute name="Output H" value="8388608"/>
  <attribute name="Output I" value="200"/>
  <attribute name="Output T" value="1"/>
  <attribute name="Target GC Util Change" value ="20.000000" />
  <attribute name="Current GC Util Change" value="162.000000"/>
  <attribute name="GC Util currently" value="162" />
  <attribute name="CPU Util currently" value="13806533530372" />
<exclusive-end id="6073" timestamp="2019-07-07T05:36:25.516" durationms="3.699" />

<exclusive-start id="6074" timestamp="2019-07-07T05:36:25.520" intervalms="7.981">
  <response-info timems="0.075" idlems="0.075" threads="0" lastid="000000000096B700" lastname="main" />
</exclusive-start>
<allocation-taxation id="6075" taxation-threshold="12582912" timestamp="2019-07-07T05:36:25.520" intervalms="7.990" />
<gc-start id="6076" type="global mark phase" contextid="5872" timestamp="2019-07-07T05:36:25.521">
  <mem-info id="6077" free="33554432" total="76546048" percent="43">
    <remembered-set count="107104" freebytes="2627072" totalbytes="3055488" percent="85" regionsoverflowed="0" regionsstable="0" regionsrebuilding="13"/>
  </mem-info>
</gc-start>
<gc-op id="6078" type="mark increment" timems="3.355" contextid="5872" timestamp="2019-07-07T05:36:25.524">
  <trace-info objectcount="24" scancount="23" scanbytes="115364" />
  <cardclean-info objects="20938" bytes="691104" />
  <finalization candidates="80" enqueued="0" />
  <ownableSynchronizers candidates="21" cleared="0" />
  <references type="soft" candidates="3268" cleared="0" enqueued="0" dynamicThreshold="19" maxThreshold="32" />
  <references type="weak" candidates="5732" cleared="0" enqueued="0" />
  <references type="phantom" candidates="101" cleared="0" enqueued="0" />
  <stringconstants candidates="13657" cleared="0"  />
</gc-op>
<gc-op id="6079" type="classunload" timems="0.004" contextid="5872" timestamp="2019-07-07T05:36:25.524">
  <classunload-info classloadercandidates="53" classloadersunloaded="0" classesunloaded="0" anonymousclassesunloaded="0" quiescems="0.000" setupms="0.004" scanms="0.000" postms="0.000" />
</gc-op>
<gc-end id="6080" type="global mark phase" contextid="5872" durationms="3.744" usertimems="8.000" systemtimems="0.000" timestamp="2019-07-07T05:36:25.524" activeThreads="4">
  <mem-info id="6081" free="33554432" total="76546048" percent="43">
    <remembered-set count="109664" freebytes="2616832" totalbytes="3055488" percent="85" regionsoverflowed="0" regionsstable="0" regionsrebuilding="0"/>
  </mem-info>
</gc-end>
<cycle-end id="6082" type="global mark phase" contextid="5872" timestamp="2019-07-07T05:36:25.524" />
  <attribute name="elasticGC enabled" value="1" />
  <attribute name= "numThreadsSpecified" value="4" />
  <attribute name="heapSize specified" value="0" />
  <attribute name="Current GC Util" value="177" />
  <attribute name= "Current Time Running" value="26217" />
  <attribute name ="GC Interval" value="0" />
  <attribute name="ProportionalT" value="78.500000" />
  <attribute name="ProportionalI" value="78.500000" />
  <attribute name="ProportionalH" value="78.500000" />
  <attribute name="Current Error" value="157.000000" />
  <attribute name="IntegralT" value="78.500000" />
  <attribute name="IntegralI" value="78.500000" />
  <attribute name="IntegralH" value="78.500000" />
  <attribute name="DerivativeT" value="-86.000000" />
  <attribute name="DerivativeI" value="-86.000000" />
  <attribute name="DerivativeH" value="-86.000000" />
  <attribute name="Loop Time for DT" value="1.000000" />
  <attribute name="Output H" value="8388608"/>
  <attribute name="Output I" value="200"/>
  <attribute name="Output T" value="4"/>
  <attribute name="Target GC Util Change" value ="20.000000" />
  <attribute name="Current GC Util Change" value="177.000000"/>
  <attribute name="GC Util currently" value="177" />
  <attribute name="CPU Util currently" value="7368652561182" />
<exclusive-end id="6083" timestamp="2019-07-07T05:36:25.525" durationms="4.387" />

<exclusive-start id="6084" timestamp="2019-07-07T05:36:25.529" intervalms="8.500">
  <response-info timems="0.072" idlems="0.072" threads="0" lastid="000000000096B700" lastname="main" />
</exclusive-start>
<allocation-taxation id="6085" taxation-threshold="12582912" timestamp="2019-07-07T05:36:25.529" intervalms="8.485" />
<cycle-start id="6086" type="partial gc" contextid="0" timestamp="2019-07-07T05:36:25.529" intervalms="16.463" />
<gc-start id="6087" type="partial gc" contextid="6086" timestamp="2019-07-07T05:36:25.529">
  <mem-info id="6088" free="20971520" total="76546048" percent="27">
    <mem type="eden" free="1048536" total="26214400" percent="3" />
    <remembered-set count="46624" freebytes="2868992" totalbytes="3055488" percent="93" regionsoverflowed="0" regionsstable="13" regionsrebuilding="0"/>
  </mem-info>
</gc-start>
<allocation-stats totalBytes="25131096" >
  <allocated-bytes non-tlh="0" tlh="25131096" arrayletleaf="0"/>
  <largest-consumer threadName="main" threadId="000000000096B700" bytes="12565536" />
</allocation-stats>
<gc-op id="6089" type="sweep" timems="1.062" contextid="6086" timestamp="2019-07-07T05:36:25.531" />
<gc-op id="6090" type="copy forward" timems="2.675" contextid="6086" timestamp="2019-07-07T05:36:25.534">
  <memory-copied type="eden" objects="2" bytes="40" bytesdiscarded="0" />
  <memory-copied type="other" objects="0" bytes="0" bytesdiscarded="0" />
  <memory-cardclean objects="9" bytes="216" />
  <regions eden="12" other="1" />
  <remembered-set-cleared processed="45068" cleared="3" durationms="0.300" />
  <stringconstants candidates="13657" cleared="0"  />
</gc-op>
<gc-op id="6091" type="classunload" timems="0.003" contextid="6086" timestamp="2019-07-07T05:36:25.534">
  <classunload-info classloadercandidates="53" classloadersunloaded="0" classesunloaded="0" anonymousclassesunloaded="0" quiescems="0.000" setupms="0.003" scanms="0.000" postms="0.000" />
</gc-op>
<gc-end id="6092" type="partial gc" contextid="6086" durationms="5.109" usertimems="12.000" systemtimems="0.000" timestamp="2019-07-07T05:36:25.534" activeThreads="4">
  <mem-info id="6093" free="46137344" total="76546048" percent="60">
    <mem type="eden" free="1048536" total="1048576" percent="99" />
    <remembered-set count="46368" freebytes="2870016" totalbytes="3055488" percent="93" regionsoverflowed="0" regionsstable="13" regionsrebuilding="0"/>
  </mem-info>
</gc-end>
<cycle-end id="6094" type="partial gc" contextid="6086" timestamp="2019-07-07T05:36:25.534" />
  <attribute name="elasticGC enabled" value="1" />
  <attribute name= "numThreadsSpecified" value="4" />
  <attribute name="heapSize specified" value="0" />
  <attribute name="Current GC Util" value="168" />
  <attribute name= "Current Time Running" value="26226" />
  <attribute name ="GC Interval" value="0" />
  <attribute name="ProportionalT" value="74.000000" />
  <attribute name="ProportionalI" value="74.000000" />
  <attribute name="ProportionalH" value="74.000000" />
  <attribute name="Current Error" value="148.000000" />
  <attribute name="IntegralT" value="74.000000" />
  <attribute name="IntegralI" value="74.000000" />
  <attribute name="IntegralH" value="74.000000" />
  <attribute name="DerivativeT" value="22.000000" />
  <attribute name="DerivativeI" value="22.000000" />
  <attribute name="DerivativeH" value="22.000000" />
  <attribute name="Loop Time for DT" value="1.000000" />
  <attribute name="Output H" value="8388608"/>
  <attribute name="Output I" value="200"/>
  <attribute name="Output T" value="4"/>
  <attribute name="Target GC Util Change" value ="20.000000" />
  <attribute name="Current GC Util Change" value="168.000000"/>
  <attribute name="GC Util currently" value="168" />
  <attribute name="CPU Util currently" value="14015578478461" />
<exclusive-end id="6095" timestamp="2019-07-07T05:36:25.535" durationms="5.979" />

<exclusive-start id="6096" timestamp="2019-07-07T05:36:25.556" intervalms="27.119">
  <response-info timems="0.085" idlems="0.085" threads="0" lastid="000000000096B700" lastname="main" />
</exclusive-start>
<allocation-taxation id="6097" taxation-threshold="26214400" timestamp="2019-07-07T05:36:25.556" intervalms="27.147" />
<cycle-start id="6098" type="partial gc" contextid="0" timestamp="2019-07-07T05:36:25.556" intervalms="27.154" />
<gc-start id="6099" type="partial gc" contextid="6098" timestamp="2019-07-07T05:36:25.556">
  <mem-info id="6100" free="19922944" total="76546048" percent="26">
    <mem type="eden" free="1048536" total="27262976" percent="3" />
    <remembered-set count="46368" freebytes="2870016" totalbytes="3055488" percent="93" regionsoverflowed="0" regionsstable="13" regionsrebuilding="0"/>
  </mem-info>
</gc-start>
<allocation-stats totalBytes="26210496" >
  <allocated-bytes non-tlh="0" tlh="26210496" arrayletleaf="0"/>
  <largest-consumer threadName="main" threadId="000000000096B700" bytes="26210496" />
</allocation-stats>
<gc-op id="6101" type="copy forward" timems="3.813" contextid="6098" timestamp="2019-07-07T05:36:25.561">
  <memory-copied type="eden" objects="36" bytes="1248" bytesdiscarded="0" />
  <memory-copied type="other" objects="15167" bytes="821816" bytesdiscarded="40448" />
  <memory-cardclean objects="5762" bytes="465736" />
  <regions eden="25" other="7" />
  <remembered-set-cleared processed="44542" cleared="1856" durationms="0.295" />
  <references type="soft" candidates="271" cleared="0" enqueued="0" dynamicThreshold="19" maxThreshold="32" />
  <references type="weak" candidates="504" cleared="0" enqueued="0" />
  <references type="phantom" candidates="2" cleared="0" enqueued="0" />
  <stringconstants candidates="13657" cleared="0"  />
</gc-op>
<gc-op id="6102" type="classunload" timems="0.003" contextid="6098" timestamp="2019-07-07T05:36:25.561">
  <classunload-info classloadercandidates="53" classloadersunloaded="0" classesunloaded="0" anonymousclassesunloaded="0" quiescems="0.000" setupms="0.003" scanms="0.000" postms="0.000" />
</gc-op>
<heap-resize id="6103" type="contract" space="default" amount="4194304" count="1" timems="0.280" reason="excess free space following gc" timestamp="2019-07-07T05:36:25.562" />
<gc-end id="6104" type="partial gc" contextid="6098" durationms="5.397" usertimems="12.000" systemtimems="0.000" timestamp="2019-07-07T05:36:25.562" activeThreads="4">
  <mem-info id="6105" free="46137344" total="72351744" percent="63">
    <mem type="eden" free="1047328" total="1048576" percent="99" />
    <remembered-set count="46624" freebytes="2868992" totalbytes="3055488" percent="93" regionsoverflowed="0" regionsstable="13" regionsrebuilding="0"/>
  </mem-info>
</gc-end>
<cycle-end id="6106" type="partial gc" contextid="6098" timestamp="2019-07-07T05:36:25.562" />
  <attribute name="elasticGC enabled" value="1" />
  <attribute name= "numThreadsSpecified" value="4" />
  <attribute name="heapSize specified" value="0" />
  <attribute name="Current GC Util" value="212" />
  <attribute name= "Current Time Running" value="26252" />
  <attribute name ="GC Interval" value="0" />
  <attribute name="ProportionalT" value="96.000000" />
  <attribute name="ProportionalI" value="96.000000" />
  <attribute name="ProportionalH" value="96.000000" />
  <attribute name="Current Error" value="192.000000" />
  <attribute name="IntegralT" value="96.000000" />
  <attribute name="IntegralI" value="96.000000" />
  <attribute name="IntegralH" value="96.000000" />
  <attribute name="DerivativeT" value="183.000000" />
  <attribute name="DerivativeI" value="183.000000" />
  <attribute name="DerivativeH" value="183.000000" />
  <attribute name="Loop Time for DT" value="1.000000" />
  <attribute name="Output H" value="8388608"/>
  <attribute name="Output I" value="376"/>
  <attribute name="Output T" value="4"/>
  <attribute name="Target GC Util Change" value ="20.000000" />
  <attribute name="Current GC Util Change" value="212.000000"/>
  <attribute name="GC Util currently" value="212" />
  <attribute name="CPU Util currently" value="13262070088853" />
<exclusive-end id="6107" timestamp="2019-07-07T05:36:25.562" durationms="6.388" />

<exclusive-start id="6108" timestamp="2019-07-07T05:36:25.590" intervalms="34.400">
  <response-info timems="0.070" idlems="0.070" threads="0" lastid="000000000096B700" lastname="main" />
</exclusive-start>
<allocation-taxation id="6109" taxation-threshold="25165824" timestamp="2019-07-07T05:36:25.590" intervalms="34.455" />
<cycle-start id="6110" type="partial gc" contextid="0" timestamp="2019-07-07T05:36:25.591" intervalms="34.490" />
<gc-start id="6111" type="partial gc" contextid="6110" timestamp="2019-07-07T05:36:25.591">
  <mem-info id="6112" free="20971520" total="72351744" percent="28">
    <mem type="eden" free="0" total="25165824" percent="0" />
    <remembered-set count="46624" freebytes="2868992" totalbytes="3055488" percent="93" regionsoverflowed="0" regionsstable="13" regionsrebuilding="0"/>
  </mem-info>
</gc-start>
<allocation-stats totalBytes="25162344" >
  <allocated-bytes non-tlh="0" tlh="25162344" arrayletleaf="0"/>
  <largest-consumer threadName="main" threadId="000000000096B700" bytes="25162344" />
</allocation-stats>
<gc-op id="6113" type="copy forward" timems="5.140" contextid="6110" timestamp="2019-07-07T05:36:25.597">
  <memory-copied type="eden" objects="1" bytes="24" bytesdiscarded="0" />
  <memory-copied type="other" objects="42" bytes="1392" bytesdiscarded="0" />
  <memory-cardclean objects="55087" bytes="2170440" />
  <regions eden="24" other="2" />
  <remembered-set-cleared processed="37447" cleared="5843" durationms="0.379" />
  <stringconstants candidates="13657" cleared="0"  />
</gc-op>
<gc-op id="6114" type="classunload" timems="0.004" contextid="6110" timestamp="2019-07-07T05:36:25.597">
  <classunload-info classloadercandidates="53" classloadersunloaded="0" classesunloaded="0" anonymousclassesunloaded="0" quiescems="0.000" setupms="0.003" scanms="0.000" postms="0.000" />
</gc-op>
<heap-resize id="6115" type="contract" space="default" amount="2097152" count="1" timems="0.219" reason="excess free space following gc" timestamp="2019-07-07T05:36:25.598" />
<gc-end id="6116" type="partial gc" contextid="6110" durationms="6.931" usertimems="8.000" systemtimems="0.000" timestamp="2019-07-07T05:36:25.598" activeThreads="1">
  <mem-info id="6117" free="42991616" total="70254592" percent="61">
    <mem type="eden" free="1048552" total="1048576" percent="99" />
    <remembered-set count="39104" freebytes="2731648" totalbytes="2888064" percent="94" regionsoverflowed="0" regionsstable="13" regionsrebuilding="0"/>
  </mem-info>
</gc-end>
<cycle-end id="6118" type="partial gc" contextid="6110" timestamp="2019-07-07T05:36:25.598" />
  <attribute name="elasticGC enabled" value="1" />
  <attribute name= "numThreadsSpecified" value="1" />
  <attribute name="heapSize specified" value="0" />
  <attribute name="Current GC Util" value="101" />
  <attribute name= "Current Time Running" value="26286" />
  <attribute name ="GC Interval" value="0" />
  <attribute name="ProportionalT" value="40.500000" />
  <attribute name="ProportionalI" value="40.500000" />
  <attribute name="ProportionalH" value="40.500000" />
  <attribute name="Current Error" value="81.000000" />
  <attribute name="IntegralT" value="0.000000" />
  <attribute name="IntegralI" value="0.000000" />
  <attribute name="IntegralH" value="0.000000" />
  <attribute name="DerivativeT" value="inf" />
  <attribute name="DerivativeI" value="inf" />
  <attribute name="DerivativeH" value="inf" />
  <attribute name="Loop Time for DT" value="0.000000" />
  <attribute name="Output H" value="8388608"/>
  <attribute name="Output I" value="200"/>
  <attribute name="Output T" value="1"/>
  <attribute name="Target GC Util Change" value ="20.000000" />
  <attribute name="Current GC Util Change" value="101.000000"/>
  <attribute name="GC Util currently" value="101" />
  <attribute name="CPU Util currently" value="7892735590859" />
<exclusive-end id="6119" timestamp="2019-07-07T05:36:25.598" durationms="7.980" />

<exclusive-start id="6120" timestamp="2019-07-07T05:36:25.762" intervalms="172.038">
  <response-info timems="0.073" idlems="0.073" threads="0" lastid="000000000096B700" lastname="main" />
</exclusive-start>
<allocation-taxation id="6121" taxation-threshold="11534336" timestamp="2019-07-07T05:36:25.762" intervalms="172.002" />
<cycle-start id="6122" type="global mark phase" contextid="0" timestamp="2019-07-07T05:36:25.763" intervalms="484.936" />
<gc-start id="6123" type="global mark phase" contextid="6122" timestamp="2019-07-07T05:36:25.763">
  <mem-info id="6124" free="31457280" total="70254592" percent="44">
    <remembered-set count="39008" freebytes="2732032" totalbytes="2888064" percent="94" regionsoverflowed="0" regionsstable="13" regionsrebuilding="0"/>
  </mem-info>
</gc-start>
<gc-op id="6125" type="mark increment" timems="1.685" contextid="6122" timestamp="2019-07-07T05:36:25.765">
  <trace-info objectcount="3334" scancount="171" scanbytes="11828" />
</gc-op>
<gc-end id="6126" type="global mark phase" contextid="6122" durationms="1.985" usertimems="0.000" systemtimems="4.000" timestamp="2019-07-07T05:36:25.765" activeThreads="4">
  <mem-info id="6127" free="31457280" total="70254592" percent="44">
    <remembered-set count="39520" freebytes="2729984" totalbytes="2888064" percent="94" regionsoverflowed="0" regionsstable="0" regionsrebuilding="13"/>
  </mem-info>
</gc-end>
<concurrent-start id="6128" type="GMP work packet processing" contextid="6122" timestamp="2019-07-07T05:36:25.765">
  <concurrent-mark-start scanTarget="1520926" />
</concurrent-start>
<exclusive-end id="6129" timestamp="2019-07-07T05:36:25.766" durationms="4.249" />

<concurrent-end id="6130" type="GMP work packet processing" contextid="6122" timestamp="2019-07-07T05:36:25.771">
  <concurrent-mark-end bytesScanned="1618068" reasonForTermination="Work target met" />
</concurrent-end>

<exclusive-start id="6131" timestamp="2019-07-07T05:36:25.771" intervalms="8.814">
  <response-info timems="0.112" idlems="0.112" threads="0" lastid="000000000096B700" lastname="main" />
</exclusive-start>
<allocation-taxation id="6132" taxation-threshold="11534336" timestamp="2019-07-07T05:36:25.771" intervalms="8.778" />
<cycle-start id="6133" type="partial gc" contextid="0" timestamp="2019-07-07T05:36:25.771" intervalms="180.746" />
<gc-start id="6134" type="partial gc" contextid="6133" timestamp="2019-07-07T05:36:25.772">
  <mem-info id="6135" free="19922944" total="70254592" percent="28">
    <mem type="eden" free="1048552" total="24117248" percent="4" />
    <remembered-set count="47136" freebytes="2699520" totalbytes="2888064" percent="93" regionsoverflowed="0" regionsstable="0" regionsrebuilding="13"/>
  </mem-info>
</gc-start>
<allocation-stats totalBytes="23015312" >
  <allocated-bytes non-tlh="0" tlh="23015312" arrayletleaf="0"/>
  <largest-consumer threadName="main" threadId="000000000096B700" bytes="11492096" />
</allocation-stats>
<gc-op id="6136" type="copy forward" timems="5.611" contextid="6133" timestamp="2019-07-07T05:36:25.779">
  <memory-copied type="eden" objects="68" bytes="2896" bytesdiscarded="0" />
  <memory-copied type="other" objects="18059" bytes="938496" bytesdiscarded="384" />
  <memory-cardclean objects="15806" bytes="632320" />
  <regions eden="22" other="4" />
  <remembered-set-cleared processed="43433" cleared="5130" durationms="0.417" />
  <finalization candidates="11" enqueued="0" />
  <references type="soft" candidates="365" cleared="0" enqueued="0" dynamicThreshold="14" maxThreshold="32" />
  <references type="weak" candidates="532" cleared="0" enqueued="0" />
  <references type="phantom" candidates="56" cleared="0" enqueued="0" />
  <stringconstants candidates="13657" cleared="0"  />
</gc-op>
<gc-op id="6137" type="classunload" timems="0.005" contextid="6133" timestamp="2019-07-07T05:36:25.779">
  <classunload-info classloadercandidates="53" classloadersunloaded="0" classesunloaded="0" anonymousclassesunloaded="0" quiescems="0.000" setupms="0.005" scanms="0.000" postms="0.000" />
</gc-op>
<heap-resize id="6138" type="contract" space="default" amount="2097152" count="1" timems="0.231" reason="excess free space following gc" timestamp="2019-07-07T05:36:25.779" />
<gc-end id="6139" type="partial gc" contextid="6133" durationms="7.786" usertimems="8.000" systemtimems="0.000" timestamp="2019-07-07T05:36:25.779" activeThreads="1">
  <mem-info id="6140" free="41943040" total="68157440" percent="61">
    <mem type="eden" free="1045680" total="1048576" percent="99" />
    <remembered-set count="47392" freebytes="2614784" totalbytes="2804352" percent="93" regionsoverflowed="0" regionsstable="0" regionsrebuilding="13"/>
  </mem-info>
</gc-end>
<cycle-end id="6141" type="partial gc" contextid="6133" timestamp="2019-07-07T05:36:25.780" />
  <attribute name="elasticGC enabled" value="1" />
  <attribute name= "numThreadsSpecified" value="1" />
  <attribute name="heapSize specified" value="0" />
  <attribute name="Current GC Util" value="111" />
  <attribute name= "Current Time Running" value="26467" />
  <attribute name ="GC Interval" value="0" />
  <attribute name="ProportionalT" value="45.500000" />
  <attribute name="ProportionalI" value="45.500000" />
  <attribute name="ProportionalH" value="45.500000" />
  <attribute name="Current Error" value="91.000000" />
  <attribute name="IntegralT" value="0.000000" />
  <attribute name="IntegralI" value="0.000000" />
  <attribute name="IntegralH" value="0.000000" />
  <attribute name="DerivativeT" value="inf" />
  <attribute name="DerivativeI" value="inf" />
  <attribute name="DerivativeH" value="inf" />
  <attribute name="Loop Time for DT" value="0.000000" />
  <attribute name="Output H" value="8388608"/>
  <attribute name="Output I" value="200"/>
  <attribute name="Output T" value="1"/>
  <attribute name="Target GC Util Change" value ="20.000000" />
  <attribute name="Current GC Util Change" value="111.000000"/>
  <attribute name="GC Util currently" value="111" />
  <attribute name="CPU Util currently" value="7761651165867" />
<exclusive-end id="6142" timestamp="2019-07-07T05:36:25.780" durationms="8.925" />

<exclusive-start id="6143" timestamp="2019-07-07T05:36:25.784" intervalms="12.675">
  <response-info timems="0.055" idlems="0.055" threads="0" lastid="000000000096B700" lastname="main" />
</exclusive-start>
<allocation-taxation id="6144" taxation-threshold="11534336" timestamp="2019-07-07T05:36:25.784" intervalms="12.671" />
<gc-start id="6145" type="global mark phase" contextid="6122" timestamp="2019-07-07T05:36:25.784">
  <mem-info id="6146" free="30408704" total="68157440" percent="44">
    <remembered-set count="47232" freebytes="2615424" totalbytes="2804352" percent="93" regionsoverflowed="0" regionsstable="0" regionsrebuilding="13"/>
  </mem-info>
</gc-start>
<gc-end id="6147" type="global mark phase" contextid="6122" durationms="0.161" usertimems="0.000" systemtimems="0.000" timestamp="2019-07-07T05:36:25.784" activeThreads="1">
  <mem-info id="6148" free="30408704" total="68157440" percent="44">
    <remembered-set count="47232" freebytes="2615424" totalbytes="2804352" percent="93" regionsoverflowed="0" regionsstable="0" regionsrebuilding="13"/>
  </mem-info>
</gc-end>
<concurrent-start id="6149" type="GMP work packet processing" contextid="6122" timestamp="2019-07-07T05:36:25.784">
  <concurrent-mark-start scanTarget="1048576" />
</concurrent-start>
<exclusive-end id="6150" timestamp="2019-07-07T05:36:25.785" durationms="1.220" />

<concurrent-end id="6151" type="GMP work packet processing" contextid="6122" timestamp="2019-07-07T05:36:25.786">
  <concurrent-mark-end bytesScanned="1090536" reasonForTermination="Work target met" />
</concurrent-end>

<exclusive-start id="6152" timestamp="2019-07-07T05:36:25.789" intervalms="5.758">
  <response-info timems="0.050" idlems="0.050" threads="0" lastid="000000000096B700" lastname="main" />
</exclusive-start>
<allocation-taxation id="6153" taxation-threshold="11534336" timestamp="2019-07-07T05:36:25.790" intervalms="5.821" />
<cycle-start id="6154" type="partial gc" contextid="0" timestamp="2019-07-07T05:36:25.790" intervalms="18.545" />
<gc-start id="6155" type="partial gc" contextid="6154" timestamp="2019-07-07T05:36:25.790">
  <mem-info id="6156" free="18874368" total="68157440" percent="27">
    <mem type="eden" free="0" total="23068672" percent="0" />
    <remembered-set count="51840" freebytes="2596992" totalbytes="2804352" percent="92" regionsoverflowed="0" regionsstable="0" regionsrebuilding="13"/>
  </mem-info>
</gc-start>
<allocation-stats totalBytes="22981728" >
  <allocated-bytes non-tlh="0" tlh="22981728" arrayletleaf="0"/>
  <largest-consumer threadName="main" threadId="000000000096B700" bytes="11492096" />
</allocation-stats>
<gc-op id="6157" type="copy forward" timems="4.310" contextid="6154" timestamp="2019-07-07T05:36:25.796">
  <memory-copied type="eden" objects="0" bytes="0" bytesdiscarded="0" />
  <memory-copied type="other" objects="74" bytes="3040" bytesdiscarded="1968" />
  <memory-cardclean objects="49016" bytes="1977360" />
  <regions eden="22" other="2" />
  <remembered-set-cleared processed="41821" cleared="8429" durationms="0.241" />
  <stringconstants candidates="13657" cleared="0"  />
</gc-op>
<gc-op id="6158" type="classunload" timems="0.004" contextid="6154" timestamp="2019-07-07T05:36:25.796">
  <classunload-info classloadercandidates="53" classloadersunloaded="0" classesunloaded="0" anonymousclassesunloaded="0" quiescems="0.000" setupms="0.004" scanms="0.000" postms="0.000" />
</gc-op>
<gc-end id="6159" type="partial gc" contextid="6154" durationms="5.799" usertimems="12.000" systemtimems="0.000" timestamp="2019-07-07T05:36:25.796" activeThreads="4">
  <mem-info id="6160" free="41943040" total="68157440" percent="61">
    <remembered-set count="45792" freebytes="2537472" totalbytes="2720640" percent="93" regionsoverflowed="0" regionsstable="0" regionsrebuilding="13"/>
  </mem-info>
</gc-end>
<cycle-end id="6161" type="partial gc" contextid="6154" timestamp="2019-07-07T05:36:25.796" />
  <attribute name="elasticGC enabled" value="1" />
  <attribute name= "numThreadsSpecified" value="4" />
  <attribute name="heapSize specified" value="0" />
  <attribute name="Current GC Util" value="110" />
  <attribute name= "Current Time Running" value="26486" />
  <attribute name ="GC Interval" value="0" />
  <attribute name="ProportionalT" value="45.000000" />
  <attribute name="ProportionalI" value="45.000000" />
  <attribute name="ProportionalH" value="45.000000" />
  <attribute name="Current Error" value="90.000000" />
  <attribute name="IntegralT" value="45.000000" />
  <attribute name="IntegralI" value="45.000000" />
  <attribute name="IntegralH" value="45.000000" />
  <attribute name="DerivativeT" value="52.000000" />
  <attribute name="DerivativeI" value="52.000000" />
  <attribute name="DerivativeH" value="52.000000" />
  <attribute name="Loop Time for DT" value="1.000000" />
  <attribute name="Output H" value="8388608"/>
  <attribute name="Output I" value="200"/>
  <attribute name="Output T" value="4"/>
  <attribute name="Target GC Util Change" value ="20.000000" />
  <attribute name="Current GC Util Change" value="110.000000"/>
  <attribute name="GC Util currently" value="110" />
  <attribute name="CPU Util currently" value="8022276626274" />
<exclusive-end id="6162" timestamp="2019-07-07T05:36:25.797" durationms="7.236" />

<exclusive-start id="6163" timestamp="2019-07-07T05:36:25.800" intervalms="10.981">
  <response-info timems="0.073" idlems="0.073" threads="0" lastid="000000000096B700" lastname="main" />
</exclusive-start>
<allocation-taxation id="6164" taxation-threshold="11534336" timestamp="2019-07-07T05:36:25.801" intervalms="10.973" />
<gc-start id="6165" type="global mark phase" contextid="6122" timestamp="2019-07-07T05:36:25.801">
  <mem-info id="6166" free="30408704" total="68157440" percent="44">
    <remembered-set count="45792" freebytes="2537472" totalbytes="2720640" percent="93" regionsoverflowed="0" regionsstable="0" regionsrebuilding="13"/>
  </mem-info>
</gc-start>
<gc-end id="6167" type="global mark phase" contextid="6122" durationms="0.213" usertimems="0.000" systemtimems="0.000" timestamp="2019-07-07T05:36:25.801" activeThreads="4">
  <mem-info id="6168" free="30408704" total="68157440" percent="44">
    <remembered-set count="45792" freebytes="2537472" totalbytes="2720640" percent="93" regionsoverflowed="0" regionsstable="0" regionsrebuilding="13"/>
  </mem-info>
</gc-end>
<concurrent-start id="6169" type="GMP work packet processing" contextid="6122" timestamp="2019-07-07T05:36:25.801">
  <concurrent-mark-start scanTarget="1520926" />
</concurrent-start>
<exclusive-end id="6170" timestamp="2019-07-07T05:36:25.801" durationms="0.990" />

<exclusive-start id="6171" timestamp="2019-07-07T05:36:25.806" intervalms="5.593">
  <response-info timems="0.055" idlems="0.055" threads="0" lastid="000000000096B700" lastname="main" />
</exclusive-start>
<concurrent-end id="6172" type="GMP work packet processing" contextid="6122" timestamp="2019-07-07T05:36:25.806">
  <concurrent-mark-end bytesScanned="1578416" reasonForTermination="Work target met" />
</concurrent-end>

<allocation-taxation id="6173" taxation-threshold="11534336" timestamp="2019-07-07T05:36:25.806" intervalms="5.523" />
<cycle-start id="6174" type="partial gc" contextid="0" timestamp="2019-07-07T05:36:25.807" intervalms="16.600" />
<gc-start id="6175" type="partial gc" contextid="6174" timestamp="2019-07-07T05:36:25.807">
  <mem-info id="6176" free="18874368" total="68157440" percent="27">
    <mem type="eden" free="0" total="23068672" percent="0" />
    <remembered-set count="49984" freebytes="2520704" totalbytes="2720640" percent="92" regionsoverflowed="0" regionsstable="0" regionsrebuilding="13"/>
  </mem-info>
</gc-start>
<allocation-stats totalBytes="22983600" >
  <allocated-bytes non-tlh="0" tlh="22983600" arrayletleaf="0"/>
  <largest-consumer threadName="main" threadId="000000000096B700" bytes="11493968" />
</allocation-stats>
<gc-op id="6177" type="copy forward" timems="1.579" contextid="6174" timestamp="2019-07-07T05:36:25.809">
  <memory-copied type="eden" objects="1" bytes="24" bytesdiscarded="0" />
  <memory-copied type="other" objects="64" bytes="19976" bytesdiscarded="0" />
  <memory-cardclean objects="73" bytes="2440" />
  <regions eden="22" other="1" />
  <remembered-set-cleared processed="47607" cleared="40" durationms="0.356" />
  <references type="soft" candidates="6" cleared="0" enqueued="0" dynamicThreshold="14" maxThreshold="32" />
  <stringconstants candidates="13657" cleared="0"  />
</gc-op>
<gc-op id="6178" type="classunload" timems="0.003" contextid="6174" timestamp="2019-07-07T05:36:25.809">
  <classunload-info classloadercandidates="53" classloadersunloaded="0" classesunloaded="0" anonymousclassesunloaded="0" quiescems="0.000" setupms="0.003" scanms="0.000" postms="0.000" />
</gc-op>
<gc-end id="6179" type="partial gc" contextid="6174" durationms="2.785" usertimems="4.000" systemtimems="0.000" timestamp="2019-07-07T05:36:25.810" activeThreads="1">
  <mem-info id="6180" free="40894464" total="68157440" percent="60">
    <mem type="eden" free="1048552" total="1048576" percent="99" />
    <remembered-set count="50112" freebytes="2520192" totalbytes="2720640" percent="92" regionsoverflowed="0" regionsstable="0" regionsrebuilding="13"/>
  </mem-info>
</gc-end>
<cycle-end id="6181" type="partial gc" contextid="6174" timestamp="2019-07-07T05:36:25.810" />
  <attribute name="elasticGC enabled" value="1" />
  <attribute name= "numThreadsSpecified" value="1" />
  <attribute name="heapSize specified" value="0" />
  <attribute name="Current GC Util" value="166" />
  <attribute name= "Current Time Running" value="26502" />
  <attribute name ="GC Interval" value="0" />
  <attribute name="ProportionalT" value="73.000000" />
  <attribute name="ProportionalI" value="73.000000" />
  <attribute name="ProportionalH" value="73.000000" />
  <attribute name="Current Error" value="146.000000" />
  <attribute name="IntegralT" value="0.000000" />
  <attribute name="IntegralI" value="0.000000" />
  <attribute name="IntegralH" value="0.000000" />
  <attribute name="DerivativeT" value="inf" />
  <attribute name="DerivativeI" value="inf" />
  <attribute name="DerivativeH" value="inf" />
  <attribute name="Loop Time for DT" value="0.000000" />
  <attribute name="Output H" value="8388608"/>
  <attribute name="Output I" value="200"/>
  <attribute name="Output T" value="1"/>
  <attribute name="Target GC Util Change" value ="20.000000" />
  <attribute name="Current GC Util Change" value="166.000000"/>
  <attribute name="GC Util currently" value="166" />
  <attribute name="CPU Util currently" value="14316670622697" />
<exclusive-end id="6182" timestamp="2019-07-07T05:36:25.810" durationms="4.065" />

<exclusive-start id="6183" timestamp="2019-07-07T05:36:25.814" intervalms="7.796">
  <response-info timems="0.068" idlems="0.068" threads="0" lastid="000000000096B700" lastname="main" />
</exclusive-start>
<allocation-taxation id="6184" taxation-threshold="11534336" timestamp="2019-07-07T05:36:25.814" intervalms="7.835" />
<gc-start id="6185" type="global mark phase" contextid="6122" timestamp="2019-07-07T05:36:25.814">
  <mem-info id="6186" free="29360128" total="68157440" percent="43">
    <remembered-set count="49792" freebytes="2521472" totalbytes="2720640" percent="92" regionsoverflowed="0" regionsstable="0" regionsrebuilding="13"/>
  </mem-info>
</gc-start>
<gc-end id="6187" type="global mark phase" contextid="6122" durationms="0.217" usertimems="0.000" systemtimems="0.000" timestamp="2019-07-07T05:36:25.814" activeThreads="1">
  <mem-info id="6188" free="29360128" total="68157440" percent="43">
    <remembered-set count="49792" freebytes="2521472" totalbytes="2720640" percent="92" regionsoverflowed="0" regionsstable="0" regionsrebuilding="13"/>
  </mem-info>
</gc-end>
<concurrent-start id="6189" type="GMP work packet processing" contextid="6122" timestamp="2019-07-07T05:36:25.815">
  <concurrent-mark-start scanTarget="1048576" />
</concurrent-start>
<exclusive-end id="6190" timestamp="2019-07-07T05:36:25.815" durationms="1.613" />

<concurrent-end id="6191" type="GMP work packet processing" contextid="6122" timestamp="2019-07-07T05:36:25.816">
  <concurrent-mark-end bytesScanned="1079200" reasonForTermination="Work target met" />
</concurrent-end>

<exclusive-start id="6192" timestamp="2019-07-07T05:36:25.819" intervalms="5.385">
  <response-info timems="0.070" idlems="0.070" threads="0" lastid="000000000096B700" lastname="main" />
</exclusive-start>
<allocation-taxation id="6193" taxation-threshold="11534336" timestamp="2019-07-07T05:36:25.819" intervalms="5.378" />
<cycle-start id="6194" type="partial gc" contextid="0" timestamp="2019-07-07T05:36:25.820" intervalms="13.082" />
<gc-start id="6195" type="partial gc" contextid="6194" timestamp="2019-07-07T05:36:25.820">
  <mem-info id="6196" free="17825792" total="68157440" percent="26">
    <mem type="eden" free="1048552" total="24117248" percent="4" />
    <remembered-set count="56000" freebytes="2496640" totalbytes="2720640" percent="91" regionsoverflowed="0" regionsstable="0" regionsrebuilding="13"/>
  </mem-info>
</gc-start>
<allocation-stats totalBytes="22990680" >
  <allocated-bytes non-tlh="0" tlh="22990680" arrayletleaf="0"/>
  <largest-consumer threadName="main" threadId="000000000096B700" bytes="11496584" />
</allocation-stats>
<gc-op id="6197" type="copy forward" timems="1.449" contextid="6194" timestamp="2019-07-07T05:36:25.822">
  <memory-copied type="eden" objects="1" bytes="24" bytesdiscarded="0" />
  <memory-copied type="other" objects="0" bytes="0" bytesdiscarded="0" />
  <memory-cardclean objects="16" bytes="440" />
  <regions eden="22" other="1" />
  <remembered-set-cleared processed="53420" cleared="7" durationms="0.374" />
  <stringconstants candidates="13657" cleared="0"  />
</gc-op>
<gc-op id="6198" type="classunload" timems="0.003" contextid="6194" timestamp="2019-07-07T05:36:25.822">
  <classunload-info classloadercandidates="53" classloadersunloaded="0" classesunloaded="0" anonymousclassesunloaded="0" quiescems="0.000" setupms="0.003" scanms="0.000" postms="0.000" />
</gc-op>
<gc-end id="6199" type="partial gc" contextid="6194" durationms="2.732" usertimems="0.000" systemtimems="0.000" timestamp="2019-07-07T05:36:25.823" activeThreads="1">
  <mem-info id="6200" free="40894464" total="68157440" percent="60">
    <mem type="eden" free="1048552" total="1048576" percent="99" />
    <remembered-set count="56448" freebytes="2494848" totalbytes="2720640" percent="91" regionsoverflowed="0" regionsstable="0" regionsrebuilding="13"/>
  </mem-info>
</gc-end>
<cycle-end id="6201" type="partial gc" contextid="6194" timestamp="2019-07-07T05:36:25.823" />
  <attribute name="elasticGC enabled" value="1" />
  <attribute name= "numThreadsSpecified" value="1" />
  <attribute name="heapSize specified" value="0" />
  <attribute name="Current GC Util" value="151" />
  <attribute name= "Current Time Running" value="26515" />
  <attribute name ="GC Interval" value="0" />
  <attribute name="ProportionalT" value="65.500000" />
  <attribute name="ProportionalI" value="65.500000" />
  <attribute name="ProportionalH" value="65.500000" />
  <attribute name="Current Error" value="131.000000" />
  <attribute name="IntegralT" value="0.000000" />
  <attribute name="IntegralI" value="0.000000" />
  <attribute name="IntegralH" value="0.000000" />
  <attribute name="DerivativeT" value="inf" />
  <attribute name="DerivativeI" value="inf" />
  <attribute name="DerivativeH" value="inf" />
  <attribute name="Loop Time for DT" value="0.000000" />
  <attribute name="Output H" value="8388608"/>
  <attribute name="Output I" value="200"/>
  <attribute name="Output T" value="1"/>
  <attribute name="Target GC Util Change" value ="20.000000" />
  <attribute name="Current GC Util Change" value="151.000000"/>
  <attribute name="GC Util currently" value="151" />
  <attribute name="CPU Util currently" value="14296432285217" />
<exclusive-end id="6202" timestamp="2019-07-07T05:36:25.823" durationms="3.887" />

<exclusive-start id="6203" timestamp="2019-07-07T05:36:25.827" intervalms="7.560">
  <response-info timems="0.047" idlems="0.047" threads="0" lastid="000000000096B700" lastname="main" />
</exclusive-start>
<allocation-taxation id="6204" taxation-threshold="11534336" timestamp="2019-07-07T05:36:25.827" intervalms="7.539" />
<gc-start id="6205" type="global mark phase" contextid="6122" timestamp="2019-07-07T05:36:25.827">
  <mem-info id="6206" free="29360128" total="68157440" percent="43">
    <remembered-set count="56000" freebytes="2496640" totalbytes="2720640" percent="91" regionsoverflowed="0" regionsstable="0" regionsrebuilding="13"/>
  </mem-info>
</gc-start>
<gc-end id="6207" type="global mark phase" contextid="6122" durationms="0.207" usertimems="0.000" systemtimems="0.000" timestamp="2019-07-07T05:36:25.827" activeThreads="1">
  <mem-info id="6208" free="29360128" total="68157440" percent="43">
    <remembered-set count="56000" freebytes="2496640" totalbytes="2720640" percent="91" regionsoverflowed="0" regionsstable="0" regionsrebuilding="13"/>
  </mem-info>
</gc-end>
<concurrent-start id="6209" type="GMP work packet processing" contextid="6122" timestamp="2019-07-07T05:36:25.828">
  <concurrent-mark-start scanTarget="1048576" />
</concurrent-start>
<exclusive-end id="6210" timestamp="2019-07-07T05:36:25.828" durationms="0.945" />

<concurrent-end id="6211" type="GMP work packet processing" contextid="6122" timestamp="2019-07-07T05:36:25.829">
  <concurrent-mark-end bytesScanned="1080360" reasonForTermination="Work target met" />
</concurrent-end>

<exclusive-start id="6212" timestamp="2019-07-07T05:36:25.832" intervalms="5.448">
  <response-info timems="0.053" idlems="0.053" threads="0" lastid="000000000096B700" lastname="main" />
</exclusive-start>
<allocation-taxation id="6213" taxation-threshold="11534336" timestamp="2019-07-07T05:36:25.832" intervalms="5.468" />
<cycle-start id="6214" type="partial gc" contextid="0" timestamp="2019-07-07T05:36:25.833" intervalms="13.034" />
<gc-start id="6215" type="partial gc" contextid="6214" timestamp="2019-07-07T05:36:25.833">
  <mem-info id="6216" free="17825792" total="68157440" percent="26">
    <mem type="eden" free="1048552" total="24117248" percent="4" />
    <remembered-set count="57536" freebytes="2490496" totalbytes="2720640" percent="91" regionsoverflowed="0" regionsstable="0" regionsrebuilding="13"/>
  </mem-info>
</gc-start>
<allocation-stats totalBytes="22990680" >
  <allocated-bytes non-tlh="0" tlh="22990680" arrayletleaf="0"/>
  <largest-consumer threadName="main" threadId="000000000096B700" bytes="11496584" />
</allocation-stats>
<gc-op id="6217" type="copy forward" timems="1.525" contextid="6214" timestamp="2019-07-07T05:36:25.835">
  <memory-copied type="eden" objects="1" bytes="24" bytesdiscarded="0" />
  <memory-copied type="other" objects="0" bytes="0" bytesdiscarded="0" />
  <memory-cardclean objects="16" bytes="440" />
  <regions eden="22" other="1" />
  <remembered-set-cleared processed="55200" cleared="7" durationms="0.398" />
  <stringconstants candidates="13657" cleared="0"  />
</gc-op>
<gc-op id="6218" type="classunload" timems="0.003" contextid="6214" timestamp="2019-07-07T05:36:25.836">
  <classunload-info classloadercandidates="53" classloadersunloaded="0" classesunloaded="0" anonymousclassesunloaded="0" quiescems="0.000" setupms="0.003" scanms="0.000" postms="0.000" />
</gc-op>
<gc-end id="6219" type="partial gc" contextid="6214" durationms="2.814" usertimems="4.000" systemtimems="0.000" timestamp="2019-07-07T05:36:25.836" activeThreads="1">
  <mem-info id="6220" free="40894464" total="68157440" percent="60">
    <mem type="eden" free="1048552" total="1048576" percent="99" />
    <remembered-set count="58016" freebytes="2488576" totalbytes="2720640" percent="91" regionsoverflowed="0" regionsstable="0" regionsrebuilding="13"/>
  </mem-info>
</gc-end>
<cycle-end id="6221" type="partial gc" contextid="6214" timestamp="2019-07-07T05:36:25.836" />
  <attribute name="elasticGC enabled" value="1" />
  <attribute name= "numThreadsSpecified" value="1" />
  <attribute name="heapSize specified" value="0" />
  <attribute name="Current GC Util" value="157" />
  <attribute name= "Current Time Running" value="26528" />
  <attribute name ="GC Interval" value="0" />
  <attribute name="ProportionalT" value="68.500000" />
  <attribute name="ProportionalI" value="68.500000" />
  <attribute name="ProportionalH" value="68.500000" />
  <attribute name="Current Error" value="137.000000" />
  <attribute name="IntegralT" value="0.000000" />
  <attribute name="IntegralI" value="0.000000" />
  <attribute name="IntegralH" value="0.000000" />
  <attribute name="DerivativeT" value="inf" />
  <attribute name="DerivativeI" value="inf" />
  <attribute name="DerivativeH" value="inf" />
  <attribute name="Loop Time for DT" value="0.000000" />
  <attribute name="Output H" value="8388608"/>
  <attribute name="Output I" value="200"/>
  <attribute name="Output T" value="1"/>
  <attribute name="Target GC Util Change" value ="20.000000" />
  <attribute name="Current GC Util Change" value="157.000000"/>
  <attribute name="GC Util currently" value="157" />
  <attribute name="CPU Util currently" value="14220694618742" />
<exclusive-end id="6222" timestamp="2019-07-07T05:36:25.836" durationms="3.930" />

<exclusive-start id="6223" timestamp="2019-07-07T05:36:25.840" intervalms="7.577">
  <response-info timems="0.031" idlems="0.031" threads="0" lastid="000000000096B700" lastname="main" />
</exclusive-start>
<allocation-taxation id="6224" taxation-threshold="11534336" timestamp="2019-07-07T05:36:25.840" intervalms="7.572" />
<gc-start id="6225" type="global mark phase" contextid="6122" timestamp="2019-07-07T05:36:25.840">
  <mem-info id="6226" free="29360128" total="68157440" percent="43">
    <remembered-set count="57536" freebytes="2490496" totalbytes="2720640" percent="91" regionsoverflowed="0" regionsstable="0" regionsrebuilding="13"/>
  </mem-info>
</gc-start>
<gc-end id="6227" type="global mark phase" contextid="6122" durationms="0.207" usertimems="0.000" systemtimems="0.000" timestamp="2019-07-07T05:36:25.840" activeThreads="1">
  <mem-info id="6228" free="29360128" total="68157440" percent="43">
    <remembered-set count="57536" freebytes="2490496" totalbytes="2720640" percent="91" regionsoverflowed="0" regionsstable="0" regionsrebuilding="13"/>
  </mem-info>
</gc-end>
<concurrent-start id="6229" type="GMP work packet processing" contextid="6122" timestamp="2019-07-07T05:36:25.841">
  <concurrent-mark-start scanTarget="1048576" />
</concurrent-start>
<exclusive-end id="6230" timestamp="2019-07-07T05:36:25.841" durationms="0.886" />

<concurrent-end id="6231" type="GMP work packet processing" contextid="6122" timestamp="2019-07-07T05:36:25.842">
  <concurrent-mark-end bytesScanned="1093584" reasonForTermination="Work target met" />
</concurrent-end>

<exclusive-start id="6232" timestamp="2019-07-07T05:36:25.845" intervalms="5.224">
  <response-info timems="0.053" idlems="0.053" threads="0" lastid="000000000096B700" lastname="main" />
</exclusive-start>
<allocation-taxation id="6233" taxation-threshold="11534336" timestamp="2019-07-07T05:36:25.845" intervalms="5.249" />
<cycle-start id="6234" type="partial gc" contextid="0" timestamp="2019-07-07T05:36:25.846" intervalms="12.841" />
<gc-start id="6235" type="partial gc" contextid="6234" timestamp="2019-07-07T05:36:25.846">
  <mem-info id="6236" free="17825792" total="68157440" percent="26">
    <mem type="eden" free="1048552" total="24117248" percent="4" />
    <remembered-set count="59072" freebytes="2484352" totalbytes="2720640" percent="91" regionsoverflowed="0" regionsstable="0" regionsrebuilding="13"/>
  </mem-info>
</gc-start>
<allocation-stats totalBytes="22990680" >
  <allocated-bytes non-tlh="0" tlh="22990680" arrayletleaf="0"/>
  <largest-consumer threadName="main" threadId="000000000096B700" bytes="11496584" />
</allocation-stats>
<gc-op id="6237" type="copy forward" timems="1.548" contextid="6234" timestamp="2019-07-07T05:36:25.848">
  <memory-copied type="eden" objects="1" bytes="24" bytesdiscarded="0" />
  <memory-copied type="other" objects="0" bytes="0" bytesdiscarded="0" />
  <memory-cardclean objects="16" bytes="440" />
  <regions eden="22" other="1" />
  <remembered-set-cleared processed="56671" cleared="7" durationms="0.383" />
  <stringconstants candidates="13657" cleared="0"  />
</gc-op>
<gc-op id="6238" type="classunload" timems="0.003" contextid="6234" timestamp="2019-07-07T05:36:25.848">
  <classunload-info classloadercandidates="53" classloadersunloaded="0" classesunloaded="0" anonymousclassesunloaded="0" quiescems="0.000" setupms="0.003" scanms="0.000" postms="0.000" />
</gc-op>
<gc-end id="6239" type="partial gc" contextid="6234" durationms="2.936" usertimems="4.000" systemtimems="0.000" timestamp="2019-07-07T05:36:25.849" activeThreads="1">
  <mem-info id="6240" free="40894464" total="68157440" percent="60">
    <mem type="eden" free="1048552" total="1048576" percent="99" />
    <remembered-set count="59552" freebytes="2482432" totalbytes="2720640" percent="91" regionsoverflowed="0" regionsstable="0" regionsrebuilding="13"/>
  </mem-info>
</gc-end>
<cycle-end id="6241" type="partial gc" contextid="6234" timestamp="2019-07-07T05:36:25.849" />
  <attribute name="elasticGC enabled" value="1" />
  <attribute name= "numThreadsSpecified" value="1" />
  <attribute name="heapSize specified" value="0" />
  <attribute name="Current GC Util" value="117" />
  <attribute name= "Current Time Running" value="26541" />
  <attribute name ="GC Interval" value="0" />
  <attribute name="ProportionalT" value="48.500000" />
  <attribute name="ProportionalI" value="48.500000" />
  <attribute name="ProportionalH" value="48.500000" />
  <attribute name="Current Error" value="97.000000" />
  <attribute name="IntegralT" value="0.000000" />
  <attribute name="IntegralI" value="0.000000" />
  <attribute name="IntegralH" value="0.000000" />
  <attribute name="DerivativeT" value="inf" />
  <attribute name="DerivativeI" value="inf" />
  <attribute name="DerivativeH" value="inf" />
  <attribute name="Loop Time for DT" value="0.000000" />
  <attribute name="Output H" value="8388608"/>
  <attribute name="Output I" value="200"/>
  <attribute name="Output T" value="1"/>
  <attribute name="Target GC Util Change" value ="20.000000" />
  <attribute name="Current GC Util Change" value="117.000000"/>
  <attribute name="GC Util currently" value="117" />
  <attribute name="CPU Util currently" value="11050453934666" />
<exclusive-end id="6242" timestamp="2019-07-07T05:36:25.849" durationms="4.165" />

<exclusive-start id="6243" timestamp="2019-07-07T05:36:25.853" intervalms="7.907">
  <response-info timems="0.049" idlems="0.049" threads="0" lastid="000000000096B700" lastname="main" />
</exclusive-start>
<allocation-taxation id="6244" taxation-threshold="11534336" timestamp="2019-07-07T05:36:25.853" intervalms="7.869" />
<gc-start id="6245" type="global mark phase" contextid="6122" timestamp="2019-07-07T05:36:25.853">
  <mem-info id="6246" free="29360128" total="68157440" percent="43">
    <remembered-set count="59072" freebytes="2484352" totalbytes="2720640" percent="91" regionsoverflowed="0" regionsstable="0" regionsrebuilding="13"/>
  </mem-info>
</gc-start>
<gc-end id="6247" type="global mark phase" contextid="6122" durationms="0.166" usertimems="0.000" systemtimems="0.000" timestamp="2019-07-07T05:36:25.853" activeThreads="1">
  <mem-info id="6248" free="29360128" total="68157440" percent="43">
    <remembered-set count="59072" freebytes="2484352" totalbytes="2720640" percent="91" regionsoverflowed="0" regionsstable="0" regionsrebuilding="13"/>
  </mem-info>
</gc-end>
<concurrent-start id="6249" type="GMP work packet processing" contextid="6122" timestamp="2019-07-07T05:36:25.854">
  <concurrent-mark-start scanTarget="1048576" />
</concurrent-start>
<exclusive-end id="6250" timestamp="2019-07-07T05:36:25.855" durationms="1.903" />

<concurrent-end id="6251" type="GMP work packet processing" contextid="6122" timestamp="2019-07-07T05:36:25.855">
  <concurrent-mark-end bytesScanned="1083468" reasonForTermination="Work target met" />
</concurrent-end>

<exclusive-start id="6252" timestamp="2019-07-07T05:36:25.859" intervalms="5.589">
  <response-info timems="0.049" idlems="0.049" threads="0" lastid="000000000096B700" lastname="main" />
</exclusive-start>
<allocation-taxation id="6253" taxation-threshold="11534336" timestamp="2019-07-07T05:36:25.859" intervalms="5.650" />
<cycle-start id="6254" type="partial gc" contextid="0" timestamp="2019-07-07T05:36:25.859" intervalms="13.462" />
<gc-start id="6255" type="partial gc" contextid="6254" timestamp="2019-07-07T05:36:25.859">
  <mem-info id="6256" free="17825792" total="68157440" percent="26">
    <mem type="eden" free="1048552" total="24117248" percent="4" />
    <remembered-set count="66272" freebytes="2455552" totalbytes="2720640" percent="90" regionsoverflowed="0" regionsstable="0" regionsrebuilding="13"/>
  </mem-info>
</gc-start>
<allocation-stats totalBytes="22990680" >
  <allocated-bytes non-tlh="0" tlh="22990680" arrayletleaf="0"/>
  <largest-consumer threadName="main" threadId="000000000096B700" bytes="11496584" />
</allocation-stats>
<gc-op id="6257" type="copy forward" timems="2.887" contextid="6254" timestamp="2019-07-07T05:36:25.863">
  <memory-copied type="eden" objects="1" bytes="24" bytesdiscarded="0" />
  <memory-copied type="other" objects="0" bytes="0" bytesdiscarded="0" />
  <memory-cardclean objects="16" bytes="440" />
  <regions eden="22" other="1" />
  <remembered-set-cleared processed="63924" cleared="7" durationms="0.232" />
  <stringconstants candidates="13657" cleared="0"  />
</gc-op>
<gc-op id="6258" type="classunload" timems="0.004" contextid="6254" timestamp="2019-07-07T05:36:25.863">
  <classunload-info classloadercandidates="53" classloadersunloaded="0" classesunloaded="0" anonymousclassesunloaded="0" quiescems="0.000" setupms="0.003" scanms="0.000" postms="0.000" />
</gc-op>
<gc-end id="6259" type="partial gc" contextid="6254" durationms="4.196" usertimems="8.000" systemtimems="0.000" timestamp="2019-07-07T05:36:25.863" activeThreads="4">
  <mem-info id="6260" free="40894464" total="68157440" percent="60">
    <mem type="eden" free="1048552" total="1048576" percent="99" />
    <remembered-set count="65824" freebytes="2457344" totalbytes="2720640" percent="90" regionsoverflowed="0" regionsstable="0" regionsrebuilding="13"/>
  </mem-info>
</gc-end>
<cycle-end id="6261" type="partial gc" contextid="6254" timestamp="2019-07-07T05:36:25.864" />
  <attribute name="elasticGC enabled" value="1" />
  <attribute name= "numThreadsSpecified" value="4" />
  <attribute name="heapSize specified" value="0" />
  <attribute name="Current GC Util" value="164" />
  <attribute name= "Current Time Running" value="26555" />
  <attribute name ="GC Interval" value="0" />
  <attribute name="ProportionalT" value="72.000000" />
  <attribute name="ProportionalI" value="72.000000" />
  <attribute name="ProportionalH" value="72.000000" />
  <attribute name="Current Error" value="144.000000" />
  <attribute name="IntegralT" value="72.000000" />
  <attribute name="IntegralI" value="72.000000" />
  <attribute name="IntegralH" value="72.000000" />
  <attribute name="DerivativeT" value="110.000000" />
  <attribute name="DerivativeI" value="110.000000" />
  <attribute name="DerivativeH" value="110.000000" />
  <attribute name="Loop Time for DT" value="1.000000" />
  <attribute name="Output H" value="8388608"/>
  <attribute name="Output I" value="256"/>
  <attribute name="Output T" value="4"/>
  <attribute name="Target GC Util Change" value ="20.000000" />
  <attribute name="Current GC Util Change" value="164.000000"/>
  <attribute name="GC Util currently" value="164" />
  <attribute name="CPU Util currently" value="13490654892450" />
<exclusive-end id="6262" timestamp="2019-07-07T05:36:25.864" durationms="5.299" />

<exclusive-start id="6263" timestamp="2019-07-07T05:36:25.867" intervalms="8.904">
  <response-info timems="0.046" idlems="0.046" threads="0" lastid="000000000096B700" lastname="main" />
</exclusive-start>
<allocation-taxation id="6264" taxation-threshold="11534336" timestamp="2019-07-07T05:36:25.868" intervalms="8.874" />
<gc-start id="6265" type="global mark phase" contextid="6122" timestamp="2019-07-07T05:36:25.868">
  <mem-info id="6266" free="29360128" total="68157440" percent="43">
    <remembered-set count="65824" freebytes="2457344" totalbytes="2720640" percent="90" regionsoverflowed="0" regionsstable="0" regionsrebuilding="13"/>
  </mem-info>
</gc-start>
<gc-end id="6267" type="global mark phase" contextid="6122" durationms="0.241" usertimems="0.000" systemtimems="0.000" timestamp="2019-07-07T05:36:25.868" activeThreads="4">
  <mem-info id="6268" free="29360128" total="68157440" percent="43">
    <remembered-set count="65824" freebytes="2457344" totalbytes="2720640" percent="90" regionsoverflowed="0" regionsstable="0" regionsrebuilding="13"/>
  </mem-info>
</gc-end>
<concurrent-start id="6269" type="GMP work packet processing" contextid="6122" timestamp="2019-07-07T05:36:25.868">
  <concurrent-mark-start scanTarget="1520926" />
</concurrent-start>
<exclusive-end id="6270" timestamp="2019-07-07T05:36:25.868" durationms="0.931" />

<concurrent-end id="6271" type="GMP work packet processing" contextid="6122" timestamp="2019-07-07T05:36:25.870">
  <concurrent-mark-end bytesScanned="1578560" reasonForTermination="Work target met" />
</concurrent-end>

<exclusive-start id="6272" timestamp="2019-07-07T05:36:25.873" intervalms="6.056">
  <response-info timems="0.058" idlems="0.058" threads="0" lastid="000000000096B700" lastname="main" />
</exclusive-start>
<allocation-taxation id="6273" taxation-threshold="11534336" timestamp="2019-07-07T05:36:25.874" intervalms="6.024" />
<cycle-start id="6274" type="partial gc" contextid="0" timestamp="2019-07-07T05:36:25.874" intervalms="14.871" />
<gc-start id="6275" type="partial gc" contextid="6274" timestamp="2019-07-07T05:36:25.874">
  <mem-info id="6276" free="17825792" total="68157440" percent="26">
    <mem type="eden" free="1048552" total="24117248" percent="4" />
    <remembered-set count="87936" freebytes="2368896" totalbytes="2720640" percent="87" regionsoverflowed="0" regionsstable="0" regionsrebuilding="13"/>
  </mem-info>
</gc-start>
<allocation-stats totalBytes="22990680" >
  <allocated-bytes non-tlh="0" tlh="22990680" arrayletleaf="0"/>
  <largest-consumer threadName="main" threadId="000000000096B700" bytes="11496584" />
</allocation-stats>
<gc-op id="6277" type="copy forward" timems="1.704" contextid="6274" timestamp="2019-07-07T05:36:25.877">
  <memory-copied type="eden" objects="1" bytes="24" bytesdiscarded="0" />
  <memory-copied type="other" objects="0" bytes="0" bytesdiscarded="0" />
  <memory-cardclean objects="16" bytes="440" />
  <regions eden="22" other="1" />
  <remembered-set-cleared processed="85071" cleared="8" durationms="0.563" />
  <stringconstants candidates="13657" cleared="0"  />
</gc-op>
<gc-op id="6278" type="classunload" timems="0.003" contextid="6274" timestamp="2019-07-07T05:36:25.877">
  <classunload-info classloadercandidates="53" classloadersunloaded="0" classesunloaded="0" anonymousclassesunloaded="0" quiescems="0.000" setupms="0.003" scanms="0.000" postms="0.000" />
</gc-op>
<gc-end id="6279" type="partial gc" contextid="6274" durationms="2.961" usertimems="4.000" systemtimems="0.000" timestamp="2019-07-07T05:36:25.877" activeThreads="1">
  <mem-info id="6280" free="40894464" total="68157440" percent="60">
    <mem type="eden" free="1048552" total="1048576" percent="99" />
    <remembered-set count="88384" freebytes="2367104" totalbytes="2720640" percent="87" regionsoverflowed="0" regionsstable="0" regionsrebuilding="13"/>
  </mem-info>
</gc-end>
<cycle-end id="6281" type="partial gc" contextid="6274" timestamp="2019-07-07T05:36:25.877" />
  <attribute name="elasticGC enabled" value="1" />
  <attribute name= "numThreadsSpecified" value="1" />
  <attribute name="heapSize specified" value="0" />
  <attribute name="Current GC Util" value="161" />
  <attribute name= "Current Time Running" value="26569" />
  <attribute name ="GC Interval" value="0" />
  <attribute name="ProportionalT" value="70.500000" />
  <attribute name="ProportionalI" value="70.500000" />
  <attribute name="ProportionalH" value="70.500000" />
  <attribute name="Current Error" value="141.000000" />
  <attribute name="IntegralT" value="0.000000" />
  <attribute name="IntegralI" value="0.000000" />
  <attribute name="IntegralH" value="0.000000" />
  <attribute name="DerivativeT" value="inf" />
  <attribute name="DerivativeI" value="inf" />
  <attribute name="DerivativeH" value="inf" />
  <attribute name="Loop Time for DT" value="0.000000" />
  <attribute name="Output H" value="8388608"/>
  <attribute name="Output I" value="200"/>
  <attribute name="Output T" value="1"/>
  <attribute name="Target GC Util Change" value ="20.000000" />
  <attribute name="Current GC Util Change" value="161.000000"/>
  <attribute name="GC Util currently" value="161" />
  <attribute name="CPU Util currently" value="13430386834532" />
<exclusive-end id="6282" timestamp="2019-07-07T05:36:25.877" durationms="3.993" />

<exclusive-start id="6283" timestamp="2019-07-07T05:36:25.881" intervalms="7.729">
  <response-info timems="0.055" idlems="0.055" threads="0" lastid="000000000096B700" lastname="main" />
</exclusive-start>
<allocation-taxation id="6284" taxation-threshold="11534336" timestamp="2019-07-07T05:36:25.881" intervalms="7.732" />
<gc-start id="6285" type="global mark phase" contextid="6122" timestamp="2019-07-07T05:36:25.882">
  <mem-info id="6286" free="29360128" total="68157440" percent="43">
    <remembered-set count="87904" freebytes="2369024" totalbytes="2720640" percent="87" regionsoverflowed="0" regionsstable="0" regionsrebuilding="13"/>
  </mem-info>
</gc-start>
<gc-end id="6287" type="global mark phase" contextid="6122" durationms="0.126" usertimems="0.000" systemtimems="0.000" timestamp="2019-07-07T05:36:25.882" activeThreads="1">
  <mem-info id="6288" free="29360128" total="68157440" percent="43">
    <remembered-set count="87904" freebytes="2369024" totalbytes="2720640" percent="87" regionsoverflowed="0" regionsstable="0" regionsrebuilding="13"/>
  </mem-info>
</gc-end>
<concurrent-start id="6289" type="GMP work packet processing" contextid="6122" timestamp="2019-07-07T05:36:25.882">
  <concurrent-mark-start scanTarget="1048576" />
</concurrent-start>
<exclusive-end id="6290" timestamp="2019-07-07T05:36:25.882" durationms="0.831" />

<concurrent-end id="6291" type="GMP work packet processing" contextid="6122" timestamp="2019-07-07T05:36:25.883">
  <concurrent-mark-end bytesScanned="1085892" reasonForTermination="Work target met" />
</concurrent-end>

<exclusive-start id="6292" timestamp="2019-07-07T05:36:25.887" intervalms="5.363">
  <response-info timems="0.057" idlems="0.057" threads="0" lastid="000000000096B700" lastname="main" />
</exclusive-start>
<allocation-taxation id="6293" taxation-threshold="11534336" timestamp="2019-07-07T05:36:25.887" intervalms="5.356" />
<cycle-start id="6294" type="partial gc" contextid="0" timestamp="2019-07-07T05:36:25.887" intervalms="13.068" />
<gc-start id="6295" type="partial gc" contextid="6294" timestamp="2019-07-07T05:36:25.887">
  <mem-info id="6296" free="17825792" total="68157440" percent="26">
    <mem type="eden" free="1048552" total="24117248" percent="4" />
    <remembered-set count="91552" freebytes="2354432" totalbytes="2720640" percent="86" regionsoverflowed="0" regionsstable="0" regionsrebuilding="13"/>
  </mem-info>
</gc-start>
<allocation-stats totalBytes="22990680" >
  <allocated-bytes non-tlh="0" tlh="22990680" arrayletleaf="0"/>
  <largest-consumer threadName="main" threadId="000000000096B700" bytes="11496560" />
</allocation-stats>
<gc-op id="6297" type="copy forward" timems="1.678" contextid="6294" timestamp="2019-07-07T05:36:25.890">
  <memory-copied type="eden" objects="1" bytes="24" bytesdiscarded="0" />
  <memory-copied type="other" objects="0" bytes="0" bytesdiscarded="0" />
  <memory-cardclean objects="16" bytes="440" />
  <regions eden="22" other="1" />
  <remembered-set-cleared processed="89656" cleared="7" durationms="0.571" />
  <stringconstants candidates="13657" cleared="0"  />
</gc-op>
<gc-op id="6298" type="classunload" timems="0.003" contextid="6294" timestamp="2019-07-07T05:36:25.890">
  <classunload-info classloadercandidates="53" classloadersunloaded="0" classesunloaded="0" anonymousclassesunloaded="0" quiescems="0.000" setupms="0.003" scanms="0.000" postms="0.000" />
</gc-op>
<gc-end id="6299" type="partial gc" contextid="6294" durationms="2.896" usertimems="0.000" systemtimems="0.000" timestamp="2019-07-07T05:36:25.890" activeThreads="1">
  <mem-info id="6300" free="40894464" total="68157440" percent="60">
    <mem type="eden" free="1048552" total="1048576" percent="99" />
    <remembered-set count="92032" freebytes="2352512" totalbytes="2720640" percent="86" regionsoverflowed="0" regionsstable="0" regionsrebuilding="13"/>
  </mem-info>
</gc-end>
<cycle-end id="6301" type="partial gc" contextid="6294" timestamp="2019-07-07T05:36:25.890" />
  <attribute name="elasticGC enabled" value="1" />
  <attribute name= "numThreadsSpecified" value="1" />
  <attribute name="heapSize specified" value="0" />
  <attribute name="Current GC Util" value="162" />
  <attribute name= "Current Time Running" value="26582" />
  <attribute name ="GC Interval" value="0" />
  <attribute name="ProportionalT" value="71.000000" />
  <attribute name="ProportionalI" value="71.000000" />
  <attribute name="ProportionalH" value="71.000000" />
  <attribute name="Current Error" value="142.000000" />
  <attribute name="IntegralT" value="0.000000" />
  <attribute name="IntegralI" value="0.000000" />
  <attribute name="IntegralH" value="0.000000" />
  <attribute name="DerivativeT" value="inf" />
  <attribute name="DerivativeI" value="inf" />
  <attribute name="DerivativeH" value="inf" />
  <attribute name="Loop Time for DT" value="0.000000" />
  <attribute name="Output H" value="8388608"/>
  <attribute name="Output I" value="200"/>
  <attribute name="Output T" value="1"/>
  <attribute name="Target GC Util Change" value ="20.000000" />
  <attribute name="Current GC Util Change" value="162.000000"/>
  <attribute name="GC Util currently" value="162" />
  <attribute name="CPU Util currently" value="13761584718971" />
<exclusive-end id="6302" timestamp="2019-07-07T05:36:25.890" durationms="3.900" />

<exclusive-start id="6303" timestamp="2019-07-07T05:36:25.894" intervalms="7.685">
  <response-info timems="0.055" idlems="0.055" threads="0" lastid="000000000096B700" lastname="main" />
</exclusive-start>
<allocation-taxation id="6304" taxation-threshold="11534336" timestamp="2019-07-07T05:36:25.894" intervalms="7.720" />
<gc-start id="6305" type="global mark phase" contextid="6122" timestamp="2019-07-07T05:36:25.895">
  <mem-info id="6306" free="29360128" total="68157440" percent="43">
    <remembered-set count="91552" freebytes="2354432" totalbytes="2720640" percent="86" regionsoverflowed="0" regionsstable="0" regionsrebuilding="13"/>
  </mem-info>
</gc-start>
<gc-end id="6307" type="global mark phase" contextid="6122" durationms="0.200" usertimems="0.000" systemtimems="0.000" timestamp="2019-07-07T05:36:25.895" activeThreads="1">
  <mem-info id="6308" free="29360128" total="68157440" percent="43">
    <remembered-set count="91552" freebytes="2354432" totalbytes="2720640" percent="86" regionsoverflowed="0" regionsstable="0" regionsrebuilding="13"/>
  </mem-info>
</gc-end>
<concurrent-start id="6309" type="GMP work packet processing" contextid="6122" timestamp="2019-07-07T05:36:25.895">
  <concurrent-mark-start scanTarget="1048576" />
</concurrent-start>
<exclusive-end id="6310" timestamp="2019-07-07T05:36:25.895" durationms="0.870" />

<concurrent-end id="6311" type="GMP work packet processing" contextid="6122" timestamp="2019-07-07T05:36:25.896">
  <concurrent-mark-end bytesScanned="1089320" reasonForTermination="Work target met" />
</concurrent-end>

<exclusive-start id="6312" timestamp="2019-07-07T05:36:25.900" intervalms="5.310">
  <response-info timems="0.025" idlems="0.025" threads="0" lastid="000000000096B700" lastname="main" />
</exclusive-start>
<allocation-taxation id="6313" taxation-threshold="11534336" timestamp="2019-07-07T05:36:25.900" intervalms="5.259" />
<cycle-start id="6314" type="partial gc" contextid="0" timestamp="2019-07-07T05:36:25.900" intervalms="12.993" />
<gc-start id="6315" type="partial gc" contextid="6314" timestamp="2019-07-07T05:36:25.900">
  <mem-info id="6316" free="17825792" total="68157440" percent="26">
    <mem type="eden" free="1048552" total="24117248" percent="4" />
    <remembered-set count="94176" freebytes="2343936" totalbytes="2720640" percent="86" regionsoverflowed="0" regionsstable="0" regionsrebuilding="13"/>
  </mem-info>
</gc-start>
<allocation-stats totalBytes="22990680" >
  <allocated-bytes non-tlh="0" tlh="22990680" arrayletleaf="0"/>
  <largest-consumer threadName="main" threadId="000000000096B700" bytes="11496560" />
</allocation-stats>
<gc-op id="6317" type="copy forward" timems="1.604" contextid="6314" timestamp="2019-07-07T05:36:25.903">
  <memory-copied type="eden" objects="1" bytes="24" bytesdiscarded="0" />
  <memory-copied type="other" objects="0" bytes="0" bytesdiscarded="0" />
  <memory-cardclean objects="16" bytes="440" />
  <regions eden="22" other="1" />
  <remembered-set-cleared processed="91732" cleared="7" durationms="0.579" />
  <stringconstants candidates="13657" cleared="0"  />
</gc-op>
<gc-op id="6318" type="classunload" timems="0.004" contextid="6314" timestamp="2019-07-07T05:36:25.903">
  <classunload-info classloadercandidates="53" classloadersunloaded="0" classesunloaded="0" anonymousclassesunloaded="0" quiescems="0.000" setupms="0.004" scanms="0.000" postms="0.000" />
</gc-op>
<gc-end id="6319" type="partial gc" contextid="6314" durationms="2.838" usertimems="4.000" systemtimems="0.000" timestamp="2019-07-07T05:36:25.903" activeThreads="1">
  <mem-info id="6320" free="40894464" total="68157440" percent="60">
    <mem type="eden" free="1048552" total="1048576" percent="99" />
    <remembered-set count="94656" freebytes="2342016" totalbytes="2720640" percent="86" regionsoverflowed="0" regionsstable="0" regionsrebuilding="13"/>
  </mem-info>
</gc-end>
<cycle-end id="6321" type="partial gc" contextid="6314" timestamp="2019-07-07T05:36:25.903" />
  <attribute name="elasticGC enabled" value="1" />
  <attribute name= "numThreadsSpecified" value="1" />
  <attribute name="heapSize specified" value="0" />
  <attribute name="Current GC Util" value="110" />
  <attribute name= "Current Time Running" value="26595" />
  <attribute name ="GC Interval" value="0" />
  <attribute name="ProportionalT" value="45.000000" />
  <attribute name="ProportionalI" value="45.000000" />
  <attribute name="ProportionalH" value="45.000000" />
  <attribute name="Current Error" value="90.000000" />
  <attribute name="IntegralT" value="0.000000" />
  <attribute name="IntegralI" value="0.000000" />
  <attribute name="IntegralH" value="0.000000" />
  <attribute name="DerivativeT" value="inf" />
  <attribute name="DerivativeI" value="inf" />
  <attribute name="DerivativeH" value="inf" />
  <attribute name="Loop Time for DT" value="0.000000" />
  <attribute name="Output H" value="8388608"/>
  <attribute name="Output I" value="200"/>
  <attribute name="Output T" value="1"/>
  <attribute name="Target GC Util Change" value ="20.000000" />
  <attribute name="Current GC Util Change" value="110.000000"/>
  <attribute name="GC Util currently" value="110" />
  <attribute name="CPU Util currently" value="12168197310743" />
<exclusive-end id="6322" timestamp="2019-07-07T05:36:25.903" durationms="3.894" />

<exclusive-start id="6323" timestamp="2019-07-07T05:36:25.907" intervalms="7.591">
  <response-info timems="0.069" idlems="0.069" threads="0" lastid="000000000096B700" lastname="main" />
</exclusive-start>
<allocation-taxation id="6324" taxation-threshold="11534336" timestamp="2019-07-07T05:36:25.907" intervalms="7.666" />
<gc-start id="6325" type="global mark phase" contextid="6122" timestamp="2019-07-07T05:36:25.908">
  <mem-info id="6326" free="29360128" total="68157440" percent="43">
    <remembered-set count="94176" freebytes="2343936" totalbytes="2720640" percent="86" regionsoverflowed="0" regionsstable="0" regionsrebuilding="13"/>
  </mem-info>
</gc-start>
<gc-end id="6327" type="global mark phase" contextid="6122" durationms="0.142" usertimems="0.000" systemtimems="0.000" timestamp="2019-07-07T05:36:25.908" activeThreads="1">
  <mem-info id="6328" free="29360128" total="68157440" percent="43">
    <remembered-set count="94176" freebytes="2343936" totalbytes="2720640" percent="86" regionsoverflowed="0" regionsstable="0" regionsrebuilding="13"/>
  </mem-info>
</gc-end>
<concurrent-start id="6329" type="GMP work packet processing" contextid="6122" timestamp="2019-07-07T05:36:25.908">
  <concurrent-mark-start scanTarget="1048576" />
</concurrent-start>
<exclusive-end id="6330" timestamp="2019-07-07T05:36:25.908" durationms="0.983" />

<concurrent-end id="6331" type="GMP work packet processing" contextid="6122" timestamp="2019-07-07T05:36:25.909">
  <concurrent-mark-end bytesScanned="1042472" reasonForTermination="Completed all work in GC phase" />
</concurrent-end>

<exclusive-start id="6332" timestamp="2019-07-07T05:36:25.913" intervalms="5.455">
  <response-info timems="0.056" idlems="0.056" threads="0" lastid="000000000096B700" lastname="main" />
</exclusive-start>
<allocation-taxation id="6333" taxation-threshold="11534336" timestamp="2019-07-07T05:36:25.913" intervalms="5.401" />
<cycle-start id="6334" type="partial gc" contextid="0" timestamp="2019-07-07T05:36:25.913" intervalms="13.063" />
<gc-start id="6335" type="partial gc" contextid="6334" timestamp="2019-07-07T05:36:25.913">
  <mem-info id="6336" free="17825792" total="68157440" percent="26">
    <mem type="eden" free="1048552" total="24117248" percent="4" />
    <remembered-set count="94688" freebytes="2341888" totalbytes="2720640" percent="86" regionsoverflowed="0" regionsstable="0" regionsrebuilding="13"/>
  </mem-info>
</gc-start>
<allocation-stats totalBytes="22990680" >
  <allocated-bytes non-tlh="0" tlh="22990680" arrayletleaf="0"/>
  <largest-consumer threadName="main" threadId="000000000096B700" bytes="11496560" />
</allocation-stats>
<gc-op id="6337" type="copy forward" timems="1.636" contextid="6334" timestamp="2019-07-07T05:36:25.916">
  <memory-copied type="eden" objects="1" bytes="24" bytesdiscarded="0" />
  <memory-copied type="other" objects="0" bytes="0" bytesdiscarded="0" />
  <memory-cardclean objects="16" bytes="440" />
  <regions eden="22" other="1" />
  <remembered-set-cleared processed="92673" cleared="7" durationms="0.587" />
  <stringconstants candidates="13657" cleared="0"  />
</gc-op>
<gc-op id="6338" type="classunload" timems="0.003" contextid="6334" timestamp="2019-07-07T05:36:25.916">
  <classunload-info classloadercandidates="53" classloadersunloaded="0" classesunloaded="0" anonymousclassesunloaded="0" quiescems="0.000" setupms="0.003" scanms="0.000" postms="0.000" />
</gc-op>
<gc-end id="6339" type="partial gc" contextid="6334" durationms="2.840" usertimems="4.000" systemtimems="0.000" timestamp="2019-07-07T05:36:25.916" activeThreads="1">
  <mem-info id="6340" free="40894464" total="68157440" percent="60">
    <mem type="eden" free="1048552" total="1048576" percent="99" />
    <remembered-set count="95168" freebytes="2339968" totalbytes="2720640" percent="86" regionsoverflowed="0" regionsstable="0" regionsrebuilding="13"/>
  </mem-info>
</gc-end>
<cycle-end id="6341" type="partial gc" contextid="6334" timestamp="2019-07-07T05:36:25.916" />
  <attribute name="elasticGC enabled" value="1" />
  <attribute name= "numThreadsSpecified" value="1" />
  <attribute name="heapSize specified" value="0" />
  <attribute name="Current GC Util" value="152" />
  <attribute name= "Current Time Running" value="26608" />
  <attribute name ="GC Interval" value="0" />
  <attribute name="ProportionalT" value="66.000000" />
  <attribute name="ProportionalI" value="66.000000" />
  <attribute name="ProportionalH" value="66.000000" />
  <attribute name="Current Error" value="132.000000" />
  <attribute name="IntegralT" value="0.000000" />
  <attribute name="IntegralI" value="0.000000" />
  <attribute name="IntegralH" value="0.000000" />
  <attribute name="DerivativeT" value="inf" />
  <attribute name="DerivativeI" value="inf" />
  <attribute name="DerivativeH" value="inf" />
  <attribute name="Loop Time for DT" value="0.000000" />
  <attribute name="Output H" value="8388608"/>
  <attribute name="Output I" value="200"/>
  <attribute name="Output T" value="1"/>
  <attribute name="Target GC Util Change" value ="20.000000" />
  <attribute name="Current GC Util Change" value="152.000000"/>
  <attribute name="GC Util currently" value="152" />
  <attribute name="CPU Util currently" value="14008681416401" />
<exclusive-end id="6342" timestamp="2019-07-07T05:36:25.916" durationms="3.859" />

<exclusive-start id="6343" timestamp="2019-07-07T05:36:25.920" intervalms="7.557">
  <response-info timems="0.068" idlems="0.068" threads="0" lastid="000000000096B700" lastname="main" />
</exclusive-start>
<allocation-taxation id="6344" taxation-threshold="11534336" timestamp="2019-07-07T05:36:25.920" intervalms="7.555" />
<gc-start id="6345" type="global mark phase" contextid="6122" timestamp="2019-07-07T05:36:25.921">
  <mem-info id="6346" free="29360128" total="68157440" percent="43">
    <remembered-set count="94688" freebytes="2341888" totalbytes="2720640" percent="86" regionsoverflowed="0" regionsstable="0" regionsrebuilding="13"/>
  </mem-info>
</gc-start>
<gc-op id="6347" type="mark increment" timems="3.739" contextid="6122" timestamp="2019-07-07T05:36:25.924">
  <trace-info objectcount="1" scancount="1" scanbytes="229400" />
  <cardclean-info objects="77787" bytes="2625200" />
  <finalization candidates="80" enqueued="0" />
  <ownableSynchronizers candidates="21" cleared="0" />
  <references type="soft" candidates="3268" cleared="0" enqueued="0" dynamicThreshold="19" maxThreshold="32" />
  <references type="weak" candidates="5732" cleared="0" enqueued="0" />
  <references type="phantom" candidates="101" cleared="0" enqueued="0" />
  <stringconstants candidates="13657" cleared="0"  />
</gc-op>
<gc-op id="6348" type="classunload" timems="0.005" contextid="6122" timestamp="2019-07-07T05:36:25.925">
  <classunload-info classloadercandidates="53" classloadersunloaded="0" classesunloaded="0" anonymousclassesunloaded="0" quiescems="0.000" setupms="0.005" scanms="0.000" postms="0.000" />
</gc-op>
<gc-end id="6349" type="global mark phase" contextid="6122" durationms="4.266" usertimems="8.000" systemtimems="0.000" timestamp="2019-07-07T05:36:25.925" activeThreads="4">
  <mem-info id="6350" free="29360128" total="68157440" percent="43">
    <remembered-set count="100832" freebytes="2317312" totalbytes="2720640" percent="85" regionsoverflowed="0" regionsstable="0" regionsrebuilding="0"/>
  </mem-info>
</gc-end>
<cycle-end id="6351" type="global mark phase" contextid="6122" timestamp="2019-07-07T05:36:25.925" />
  <attribute name="elasticGC enabled" value="1" />
  <attribute name= "numThreadsSpecified" value="4" />
  <attribute name="heapSize specified" value="0" />
  <attribute name="Current GC Util" value="59" />
  <attribute name= "Current Time Running" value="26618" />
  <attribute name ="GC Interval" value="0" />
  <attribute name="ProportionalT" value="19.500000" />
  <attribute name="ProportionalI" value="19.500000" />
  <attribute name="ProportionalH" value="19.500000" />
  <attribute name="Current Error" value="39.000000" />
  <attribute name="IntegralT" value="0.000000" />
  <attribute name="IntegralI" value="0.000000" />
  <attribute name="IntegralH" value="0.000000" />
  <attribute name="DerivativeT" value="-inf" />
  <attribute name="DerivativeI" value="-inf" />
  <attribute name="DerivativeH" value="-inf" />
  <attribute name="Loop Time for DT" value="0.000000" />
  <attribute name="Output H" value="2091843584"/>
  <attribute name="Output I" value="200"/>
  <attribute name="Output T" value="4"/>
  <attribute name="Target GC Util Change" value ="20.000000" />
  <attribute name="Current GC Util Change" value="59.000000"/>
  <attribute name="GC Util currently" value="59" />
  <attribute name="CPU Util currently" value="12099779973199" />
<exclusive-end id="6352" timestamp="2019-07-07T05:36:25.925" durationms="4.984" />

<exclusive-start id="6353" timestamp="2019-07-07T05:36:25.929" intervalms="8.720">
  <response-info timems="0.070" idlems="0.070" threads="0" lastid="000000000096B700" lastname="main" />
</exclusive-start>
<allocation-taxation id="6354" taxation-threshold="11534336" timestamp="2019-07-07T05:36:25.929" intervalms="8.718" />
<cycle-start id="6355" type="partial gc" contextid="0" timestamp="2019-07-07T05:36:25.929" intervalms="16.278" />
<gc-start id="6356" type="partial gc" contextid="6355" timestamp="2019-07-07T05:36:25.930">
  <mem-info id="6357" free="17825792" total="68157440" percent="26">
    <mem type="eden" free="1048552" total="24117248" percent="4" />
    <remembered-set count="74688" freebytes="2421888" totalbytes="2720640" percent="89" regionsoverflowed="0" regionsstable="8" regionsrebuilding="0"/>
  </mem-info>
</gc-start>
<allocation-stats totalBytes="22990680" >
  <allocated-bytes non-tlh="0" tlh="22990680" arrayletleaf="0"/>
  <largest-consumer threadName="main" threadId="000000000096B700" bytes="11496560" />
</allocation-stats>
<gc-op id="6358" type="sweep" timems="0.665" contextid="6355" timestamp="2019-07-07T05:36:25.931" />
<gc-op id="6359" type="copy forward" timems="1.308" contextid="6355" timestamp="2019-07-07T05:36:25.932">
  <memory-copied type="eden" objects="1" bytes="24" bytesdiscarded="0" />
  <memory-copied type="other" objects="0" bytes="0" bytesdiscarded="0" />
  <memory-cardclean objects="16" bytes="440" />
  <regions eden="11" other="1" />
  <remembered-set-cleared processed="73084" cleared="9" durationms="0.241" />
  <stringconstants candidates="13657" cleared="0"  />
</gc-op>
<gc-op id="6360" type="classunload" timems="0.004" contextid="6355" timestamp="2019-07-07T05:36:25.933">
  <classunload-info classloadercandidates="53" classloadersunloaded="0" classesunloaded="0" anonymousclassesunloaded="0" quiescems="0.000" setupms="0.003" scanms="0.000" postms="0.000" />
</gc-op>
<gc-end id="6361" type="partial gc" contextid="6355" durationms="3.339" usertimems="4.000" systemtimems="0.000" timestamp="2019-07-07T05:36:25.933" activeThreads="4">
  <mem-info id="6362" free="40894464" total="68157440" percent="60">
    <mem type="eden" free="1048552" total="1048576" percent="99" />
    <remembered-set count="74528" freebytes="2422528" totalbytes="2720640" percent="89" regionsoverflowed="0" regionsstable="8" regionsrebuilding="0"/>
  </mem-info>
</gc-end>
<cycle-end id="6363" type="partial gc" contextid="6355" timestamp="2019-07-07T05:36:25.933" />
  <attribute name="elasticGC enabled" value="1" />
  <attribute name= "numThreadsSpecified" value="4" />
  <attribute name="heapSize specified" value="0" />
  <attribute name="Current GC Util" value="61" />
  <attribute name= "Current Time Running" value="26626" />
  <attribute name ="GC Interval" value="0" />
  <attribute name="ProportionalT" value="20.500000" />
  <attribute name="ProportionalI" value="20.500000" />
  <attribute name="ProportionalH" value="20.500000" />
  <attribute name="Current Error" value="41.000000" />
  <attribute name="IntegralT" value="20.500000" />
  <attribute name="IntegralI" value="20.500000" />
  <attribute name="IntegralH" value="20.500000" />
  <attribute name="DerivativeT" value="4.000000" />
  <attribute name="DerivativeI" value="4.000000" />
  <attribute name="DerivativeH" value="4.000000" />
  <attribute name="Loop Time for DT" value="1.000000" />
  <attribute name="Output H" value="8388608"/>
  <attribute name="Output I" value="200"/>
  <attribute name="Output T" value="4"/>
  <attribute name="Target GC Util Change" value ="20.000000" />
  <attribute name="Current GC Util Change" value="61.000000"/>
  <attribute name="GC Util currently" value="61" />
  <attribute name="CPU Util currently" value="20284789064092" />
<exclusive-end id="6364" timestamp="2019-07-07T05:36:25.933" durationms="4.351" />

<exclusive-start id="6365" timestamp="2019-07-07T05:36:25.941" intervalms="11.927">
  <response-info timems="0.079" idlems="0.079" threads="0" lastid="000000000096B700" lastname="main" />
</exclusive-start>
<allocation-taxation id="6366" taxation-threshold="24117248" timestamp="2019-07-07T05:36:25.941" intervalms="11.927" />
<cycle-start id="6367" type="partial gc" contextid="0" timestamp="2019-07-07T05:36:25.941" intervalms="11.913" />
<gc-start id="6368" type="partial gc" contextid="6367" timestamp="2019-07-07T05:36:25.941">
  <mem-info id="6369" free="16777216" total="68157440" percent="24">
    <mem type="eden" free="1048552" total="25165824" percent="4" />
    <remembered-set count="74048" freebytes="2424448" totalbytes="2720640" percent="89" regionsoverflowed="0" regionsstable="8" regionsrebuilding="0"/>
  </mem-info>
</gc-start>
<allocation-stats totalBytes="24035824" >
  <allocated-bytes non-tlh="0" tlh="24035824" arrayletleaf="0"/>
  <largest-consumer threadName="main" threadId="000000000096B700" bytes="24035824" />
</allocation-stats>
<gc-op id="6370" type="copy forward" timems="1.613" contextid="6367" timestamp="2019-07-07T05:36:25.944">
  <memory-copied type="eden" objects="1" bytes="24" bytesdiscarded="0" />
  <memory-copied type="other" objects="88" bytes="20552" bytesdiscarded="0" />
  <memory-cardclean objects="72" bytes="2424" />
  <regions eden="23" other="6" />
  <remembered-set-cleared processed="73067" cleared="51" durationms="0.227" />
  <references type="soft" candidates="6" cleared="0" enqueued="0" dynamicThreshold="19" maxThreshold="32" />
  <stringconstants candidates="13657" cleared="0"  />
</gc-op>
<gc-op id="6371" type="classunload" timems="0.003" contextid="6367" timestamp="2019-07-07T05:36:25.944">
  <classunload-info classloadercandidates="53" classloadersunloaded="0" classesunloaded="0" anonymousclassesunloaded="0" quiescems="0.000" setupms="0.003" scanms="0.000" postms="0.000" />
</gc-op>
<heap-resize id="6372" type="contract" space="default" amount="4194304" count="1" timems="0.277" reason="excess free space following gc" timestamp="2019-07-07T05:36:25.944" />
<gc-end id="6373" type="partial gc" contextid="6367" durationms="3.041" usertimems="4.000" systemtimems="0.000" timestamp="2019-07-07T05:36:25.944" activeThreads="4">
  <mem-info id="6374" free="39845888" total="63963136" percent="62">
    <mem type="eden" free="1048552" total="1048576" percent="99" />
    <remembered-set count="74880" freebytes="2421120" totalbytes="2720640" percent="88" regionsoverflowed="0" regionsstable="8" regionsrebuilding="0"/>
  </mem-info>
</gc-end>
<cycle-end id="6375" type="partial gc" contextid="6367" timestamp="2019-07-07T05:36:25.945" />
  <attribute name="elasticGC enabled" value="1" />
  <attribute name= "numThreadsSpecified" value="4" />
  <attribute name="heapSize specified" value="0" />
  <attribute name="Current GC Util" value="59" />
  <attribute name= "Current Time Running" value="26637" />
  <attribute name ="GC Interval" value="0" />
  <attribute name="ProportionalT" value="19.500000" />
  <attribute name="ProportionalI" value="19.500000" />
  <attribute name="ProportionalH" value="19.500000" />
  <attribute name="Current Error" value="39.000000" />
  <attribute name="IntegralT" value="19.500000" />
  <attribute name="IntegralI" value="19.500000" />
  <attribute name="IntegralH" value="19.500000" />
  <attribute name="DerivativeT" value="24.000000" />
  <attribute name="DerivativeI" value="24.000000" />
  <attribute name="DerivativeH" value="24.000000" />
  <attribute name="Loop Time for DT" value="1.000000" />
  <attribute name="Output H" value="8388608"/>
  <attribute name="Output I" value="200"/>
  <attribute name="Output T" value="4"/>
  <attribute name="Target GC Util Change" value ="20.000000" />
  <attribute name="Current GC Util Change" value="59.000000"/>
  <attribute name="GC Util currently" value="59" />
  <attribute name="CPU Util currently" value="26459235196030" />
<exclusive-end id="6376" timestamp="2019-07-07T05:36:25.945" durationms="4.055" />

<exclusive-start id="6377" timestamp="2019-07-07T05:36:25.952" intervalms="11.255">
  <response-info timems="0.054" idlems="0.054" threads="0" lastid="000000000096B700" lastname="main" />
</exclusive-start>
<allocation-taxation id="6378" taxation-threshold="23068672" timestamp="2019-07-07T05:36:25.952" intervalms="11.260" />
<cycle-start id="6379" type="partial gc" contextid="0" timestamp="2019-07-07T05:36:25.952" intervalms="11.277" />
<gc-start id="6380" type="partial gc" contextid="6379" timestamp="2019-07-07T05:36:25.953">
  <mem-info id="6381" free="16777216" total="63963136" percent="26">
    <mem type="eden" free="1048552" total="24117248" percent="4" />
    <remembered-set count="74432" freebytes="2422912" totalbytes="2720640" percent="89" regionsoverflowed="0" regionsstable="8" regionsrebuilding="0"/>
  </mem-info>
</gc-start>
<allocation-stats totalBytes="22990680" >
  <allocated-bytes non-tlh="0" tlh="22990680" arrayletleaf="0"/>
  <largest-consumer threadName="main" threadId="000000000096B700" bytes="22990680" />
</allocation-stats>
<gc-op id="6382" type="copy forward" timems="7.984" contextid="6379" timestamp="2019-07-07T05:36:25.962">
  <memory-copied type="eden" objects="1" bytes="24" bytesdiscarded="0" />
  <memory-copied type="other" objects="19" bytes="656" bytesdiscarded="0" />
  <memory-cardclean objects="105015" bytes="3767136" />
  <regions eden="22" other="2" />
  <remembered-set-cleared processed="46316" cleared="21794" durationms="0.524" />
  <stringconstants candidates="13657" cleared="0"  />
</gc-op>
<gc-op id="6383" type="classunload" timems="0.003" contextid="6379" timestamp="2019-07-07T05:36:25.962">
  <classunload-info classloadercandidates="53" classloadersunloaded="0" classesunloaded="0" anonymousclassesunloaded="0" quiescems="0.000" setupms="0.003" scanms="0.000" postms="0.000" />
</gc-op>
<heap-resize id="6384" type="contract" space="default" amount="2097152" count="1" timems="0.179" reason="excess free space following gc" timestamp="2019-07-07T05:36:25.962" />
<gc-end id="6385" type="partial gc" contextid="6379" durationms="9.789" usertimems="12.000" systemtimems="0.000" timestamp="2019-07-07T05:36:25.962" activeThreads="1">
  <mem-info id="6386" free="37748736" total="61865984" percent="61">
    <mem type="eden" free="1048552" total="1048576" percent="99" />
    <remembered-set count="41952" freebytes="2385408" totalbytes="2553216" percent="93" regionsoverflowed="0" regionsstable="8" regionsrebuilding="0"/>
  </mem-info>
</gc-end>
<cycle-end id="6387" type="partial gc" contextid="6379" timestamp="2019-07-07T05:36:25.963" />
  <attribute name="elasticGC enabled" value="1" />
  <attribute name= "numThreadsSpecified" value="1" />
  <attribute name="heapSize specified" value="0" />
  <attribute name="Current GC Util" value="120" />
  <attribute name= "Current Time Running" value="26648" />
  <attribute name ="GC Interval" value="0" />
  <attribute name="ProportionalT" value="50.000000" />
  <attribute name="ProportionalI" value="50.000000" />
  <attribute name="ProportionalH" value="50.000000" />
  <attribute name="Current Error" value="100.000000" />
  <attribute name="IntegralT" value="0.000000" />
  <attribute name="IntegralI" value="0.000000" />
  <attribute name="IntegralH" value="0.000000" />
  <attribute name="DerivativeT" value="inf" />
  <attribute name="DerivativeI" value="inf" />
  <attribute name="DerivativeH" value="inf" />
  <attribute name="Loop Time for DT" value="0.000000" />
  <attribute name="Output H" value="8388608"/>
  <attribute name="Output I" value="200"/>
  <attribute name="Output T" value="1"/>
  <attribute name="Target GC Util Change" value ="20.000000" />
  <attribute name="Current GC Util Change" value="120.000000"/>
  <attribute name="GC Util currently" value="120" />
  <attribute name="CPU Util currently" value="7835434374843" />
<exclusive-end id="6388" timestamp="2019-07-07T05:36:25.963" durationms="10.904" />

<exclusive-start id="6389" timestamp="2019-07-07T05:36:25.966" intervalms="14.311">
  <response-info timems="0.056" idlems="0.056" threads="0" lastid="000000000096B700" lastname="main" />
</exclusive-start>
<allocation-taxation id="6390" taxation-threshold="10485760" timestamp="2019-07-07T05:36:25.967" intervalms="14.285" />
<cycle-start id="6391" type="global mark phase" contextid="0" timestamp="2019-07-07T05:36:25.967" intervalms="203.737" />
<gc-start id="6392" type="global mark phase" contextid="6391" timestamp="2019-07-07T05:36:25.967">
  <mem-info id="6393" free="27262976" total="61865984" percent="44">
    <remembered-set count="41696" freebytes="2386432" totalbytes="2553216" percent="93" regionsoverflowed="0" regionsstable="8" regionsrebuilding="0"/>
  </mem-info>
</gc-start>
<gc-op id="6394" type="mark increment" timems="0.853" contextid="6391" timestamp="2019-07-07T05:36:25.968">
  <trace-info objectcount="171" scancount="0" scanbytes="0" />
</gc-op>
<gc-end id="6395" type="global mark phase" contextid="6391" durationms="1.156" usertimems="0.000" systemtimems="0.000" timestamp="2019-07-07T05:36:25.968" activeThreads="1">
  <mem-info id="6396" free="27262976" total="61865984" percent="44">
    <remembered-set count="41696" freebytes="2386432" totalbytes="2553216" percent="93" regionsoverflowed="0" regionsstable="0" regionsrebuilding="8"/>
  </mem-info>
</gc-end>
<concurrent-start id="6397" type="GMP work packet processing" contextid="6391" timestamp="2019-07-07T05:36:25.968">
  <concurrent-mark-start scanTarget="1048576" />
</concurrent-start>
<exclusive-end id="6398" timestamp="2019-07-07T05:36:25.968" durationms="2.078" />

<concurrent-end id="6399" type="GMP work packet processing" contextid="6391" timestamp="2019-07-07T05:36:25.970">
  <concurrent-mark-end bytesScanned="1111080" reasonForTermination="Work target met" />
</concurrent-end>

<exclusive-start id="6400" timestamp="2019-07-07T05:36:25.973" intervalms="6.820">
  <response-info timems="0.062" idlems="0.062" threads="0" lastid="000000000096B700" lastname="main" />
</exclusive-start>
<allocation-taxation id="6401" taxation-threshold="10485760" timestamp="2019-07-07T05:36:25.973" intervalms="6.840" />
<cycle-start id="6402" type="partial gc" contextid="0" timestamp="2019-07-07T05:36:25.974" intervalms="21.138" />
<gc-start id="6403" type="partial gc" contextid="6402" timestamp="2019-07-07T05:36:25.974">
  <mem-info id="6404" free="16777216" total="61865984" percent="27">
    <mem type="eden" free="1048552" total="22020096" percent="4" />
    <remembered-set count="45856" freebytes="2369792" totalbytes="2553216" percent="92" regionsoverflowed="0" regionsstable="0" regionsrebuilding="8"/>
  </mem-info>
</gc-start>
<allocation-stats totalBytes="20900416" >
  <allocated-bytes non-tlh="0" tlh="20900416" arrayletleaf="0"/>
  <largest-consumer threadName="main" threadId="000000000096B700" bytes="10451440" />
</allocation-stats>
<gc-op id="6405" type="copy forward" timems="8.370" contextid="6402" timestamp="2019-07-07T05:36:25.983">
  <memory-copied type="eden" objects="1" bytes="24" bytesdiscarded="0" />
  <memory-copied type="other" objects="67" bytes="2872" bytesdiscarded="0" />
  <memory-cardclean objects="114965" bytes="4121168" />
  <regions eden="20" other="2" />
  <remembered-set-cleared processed="30693" cleared="8359" durationms="0.370" />
  <stringconstants candidates="13657" cleared="0"  />
</gc-op>
<gc-op id="6406" type="classunload" timems="0.004" contextid="6402" timestamp="2019-07-07T05:36:25.983">
  <classunload-info classloadercandidates="53" classloadersunloaded="0" classesunloaded="0" anonymousclassesunloaded="0" quiescems="0.000" setupms="0.004" scanms="0.000" postms="0.000" />
</gc-op>
<gc-end id="6407" type="partial gc" contextid="6402" durationms="9.864" usertimems="8.000" systemtimems="4.000" timestamp="2019-07-07T05:36:25.984" activeThreads="1">
  <mem-info id="6408" free="37748736" total="61865984" percent="61">
    <mem type="eden" free="1048552" total="1048576" percent="99" />
    <remembered-set count="43488" freebytes="2295552" totalbytes="2469504" percent="92" regionsoverflowed="0" regionsstable="0" regionsrebuilding="8"/>
  </mem-info>
</gc-end>
<cycle-end id="6409" type="partial gc" contextid="6402" timestamp="2019-07-07T05:36:25.984" />
  <attribute name="elasticGC enabled" value="1" />
  <attribute name= "numThreadsSpecified" value="1" />
  <attribute name="heapSize specified" value="0" />
  <attribute name="Current GC Util" value="114" />
  <attribute name= "Current Time Running" value="26669" />
  <attribute name ="GC Interval" value="0" />
  <attribute name="ProportionalT" value="47.000000" />
  <attribute name="ProportionalI" value="47.000000" />
  <attribute name="ProportionalH" value="47.000000" />
  <attribute name="Current Error" value="94.000000" />
  <attribute name="IntegralT" value="0.000000" />
  <attribute name="IntegralI" value="0.000000" />
  <attribute name="IntegralH" value="0.000000" />
  <attribute name="DerivativeT" value="inf" />
  <attribute name="DerivativeI" value="inf" />
  <attribute name="DerivativeH" value="inf" />
  <attribute name="Loop Time for DT" value="0.000000" />
  <attribute name="Output H" value="8388608"/>
  <attribute name="Output I" value="200"/>
  <attribute name="Output T" value="1"/>
  <attribute name="Target GC Util Change" value ="20.000000" />
  <attribute name="Current GC Util Change" value="114.000000"/>
  <attribute name="GC Util currently" value="114" />
  <attribute name="CPU Util currently" value="8233168680297" />
<exclusive-end id="6410" timestamp="2019-07-07T05:36:25.984" durationms="10.895" />

<exclusive-start id="6411" timestamp="2019-07-07T05:36:25.988" intervalms="14.315">
  <response-info timems="0.068" idlems="0.068" threads="0" lastid="000000000096B700" lastname="main" />
</exclusive-start>
<allocation-taxation id="6412" taxation-threshold="10485760" timestamp="2019-07-07T05:36:25.988" intervalms="14.320" />
<gc-start id="6413" type="global mark phase" contextid="6391" timestamp="2019-07-07T05:36:25.988">
  <mem-info id="6414" free="27262976" total="61865984" percent="44">
    <remembered-set count="43200" freebytes="2296704" totalbytes="2469504" percent="93" regionsoverflowed="0" regionsstable="0" regionsrebuilding="8"/>
  </mem-info>
</gc-start>
<gc-end id="6415" type="global mark phase" contextid="6391" durationms="0.202" usertimems="0.000" systemtimems="0.000" timestamp="2019-07-07T05:36:25.988" activeThreads="1">
  <mem-info id="6416" free="27262976" total="61865984" percent="44">
    <remembered-set count="43200" freebytes="2296704" totalbytes="2469504" percent="93" regionsoverflowed="0" regionsstable="0" regionsrebuilding="8"/>
  </mem-info>
</gc-end>
<concurrent-start id="6417" type="GMP work packet processing" contextid="6391" timestamp="2019-07-07T05:36:25.988">
  <concurrent-mark-start scanTarget="1048576" />
</concurrent-start>
<exclusive-end id="6418" timestamp="2019-07-07T05:36:25.988" durationms="0.805" />

<concurrent-end id="6419" type="GMP work packet processing" contextid="6391" timestamp="2019-07-07T05:36:25.990">
  <concurrent-mark-end bytesScanned="1123028" reasonForTermination="Work target met" />
</concurrent-end>

<exclusive-start id="6420" timestamp="2019-07-07T05:36:25.993" intervalms="5.299">
  <response-info timems="0.053" idlems="0.053" threads="0" lastid="000000000096B700" lastname="main" />
</exclusive-start>
<allocation-taxation id="6421" taxation-threshold="10485760" timestamp="2019-07-07T05:36:25.993" intervalms="5.299" />
<cycle-start id="6422" type="partial gc" contextid="0" timestamp="2019-07-07T05:36:25.993" intervalms="19.606" />
<gc-start id="6423" type="partial gc" contextid="6422" timestamp="2019-07-07T05:36:25.993">
  <mem-info id="6424" free="16777216" total="61865984" percent="27">
    <mem type="eden" free="1048552" total="22020096" percent="4" />
    <remembered-set count="46976" freebytes="2281600" totalbytes="2469504" percent="92" regionsoverflowed="0" regionsstable="0" regionsrebuilding="8"/>
  </mem-info>
</gc-start>
<allocation-stats totalBytes="20900392" >
  <allocated-bytes non-tlh="0" tlh="20900392" arrayletleaf="0"/>
  <largest-consumer threadName="main" threadId="000000000096B700" bytes="10451440" />
</allocation-stats>
<gc-op id="6425" type="copy forward" timems="3.468" contextid="6422" timestamp="2019-07-07T05:36:25.998">
  <memory-copied type="eden" objects="1" bytes="24" bytesdiscarded="0" />
  <memory-copied type="other" objects="0" bytes="0" bytesdiscarded="0" />
  <memory-cardclean objects="16" bytes="440" />
  <regions eden="20" other="1" />
  <remembered-set-cleared processed="45079" cleared="8" durationms="0.197" />
  <stringconstants candidates="13657" cleared="0"  />
</gc-op>
<gc-op id="6426" type="classunload" timems="0.004" contextid="6422" timestamp="2019-07-07T05:36:25.998">
  <classunload-info classloadercandidates="53" classloadersunloaded="0" classesunloaded="0" anonymousclassesunloaded="0" quiescems="0.000" setupms="0.003" scanms="0.000" postms="0.000" />
</gc-op>
<gc-end id="6427" type="partial gc" contextid="6422" durationms="4.652" usertimems="12.000" systemtimems="0.000" timestamp="2019-07-07T05:36:25.998" activeThreads="4">
  <mem-info id="6428" free="37748736" total="61865984" percent="61">
    <mem type="eden" free="1048552" total="1048576" percent="99" />
    <remembered-set count="46720" freebytes="2282624" totalbytes="2469504" percent="92" regionsoverflowed="0" regionsstable="0" regionsrebuilding="8"/>
  </mem-info>
</gc-end>
<cycle-end id="6429" type="partial gc" contextid="6422" timestamp="2019-07-07T05:36:25.998" />
  <attribute name="elasticGC enabled" value="1" />
  <attribute name= "numThreadsSpecified" value="4" />
  <attribute name="heapSize specified" value="0" />
  <attribute name="Current GC Util" value="163" />
  <attribute name= "Current Time Running" value="26689" />
  <attribute name ="GC Interval" value="0" />
  <attribute name="ProportionalT" value="71.500000" />
  <attribute name="ProportionalI" value="71.500000" />
  <attribute name="ProportionalH" value="71.500000" />
  <attribute name="Current Error" value="143.000000" />
  <attribute name="IntegralT" value="71.500000" />
  <attribute name="IntegralI" value="71.500000" />
  <attribute name="IntegralH" value="71.500000" />
  <attribute name="DerivativeT" value="95.000000" />
  <attribute name="DerivativeI" value="95.000000" />
  <attribute name="DerivativeH" value="95.000000" />
  <attribute name="Loop Time for DT" value="1.000000" />
  <attribute name="Output H" value="8388608"/>
  <attribute name="Output I" value="240"/>
  <attribute name="Output T" value="4"/>
  <attribute name="Target GC Util Change" value ="20.000000" />
  <attribute name="Current GC Util Change" value="163.000000"/>
  <attribute name="GC Util currently" value="163" />
  <attribute name="CPU Util currently" value="13816046934602" />
<exclusive-end id="6430" timestamp="2019-07-07T05:36:25.999" durationms="5.721" />

<exclusive-start id="6431" timestamp="2019-07-07T05:36:26.002" intervalms="9.107">
  <response-info timems="0.069" idlems="0.069" threads="0" lastid="000000000096B700" lastname="main" />
</exclusive-start>
<allocation-taxation id="6432" taxation-threshold="10485760" timestamp="2019-07-07T05:36:26.002" intervalms="9.142" />
<gc-start id="6433" type="global mark phase" contextid="6391" timestamp="2019-07-07T05:36:26.002">
  <mem-info id="6434" free="27262976" total="61865984" percent="44">
    <remembered-set count="46720" freebytes="2282624" totalbytes="2469504" percent="92" regionsoverflowed="0" regionsstable="0" regionsrebuilding="8"/>
  </mem-info>
</gc-start>
<gc-end id="6435" type="global mark phase" contextid="6391" durationms="0.195" usertimems="0.000" systemtimems="0.000" timestamp="2019-07-07T05:36:26.003" activeThreads="4">
  <mem-info id="6436" free="27262976" total="61865984" percent="44">
    <remembered-set count="46720" freebytes="2282624" totalbytes="2469504" percent="92" regionsoverflowed="0" regionsstable="0" regionsrebuilding="8"/>
  </mem-info>
</gc-end>
<concurrent-start id="6437" type="GMP work packet processing" contextid="6391" timestamp="2019-07-07T05:36:26.003">
  <concurrent-mark-start scanTarget="1519203" />
</concurrent-start>
<exclusive-end id="6438" timestamp="2019-07-07T05:36:26.003" durationms="0.884" />

<concurrent-end id="6439" type="GMP work packet processing" contextid="6391" timestamp="2019-07-07T05:36:26.004">
  <concurrent-mark-end bytesScanned="1567480" reasonForTermination="Work target met" />
</concurrent-end>

<exclusive-start id="6440" timestamp="2019-07-07T05:36:26.007" intervalms="5.354">
  <response-info timems="0.020" idlems="0.020" threads="0" lastid="000000000096B700" lastname="main" />
</exclusive-start>
<allocation-taxation id="6441" taxation-threshold="10485760" timestamp="2019-07-07T05:36:26.007" intervalms="5.314" />
<cycle-start id="6442" type="partial gc" contextid="0" timestamp="2019-07-07T05:36:26.008" intervalms="14.441" />
<gc-start id="6443" type="partial gc" contextid="6442" timestamp="2019-07-07T05:36:26.008">
  <mem-info id="6444" free="16777216" total="61865984" percent="27">
    <mem type="eden" free="1048552" total="22020096" percent="4" />
    <remembered-set count="49280" freebytes="2272384" totalbytes="2469504" percent="92" regionsoverflowed="0" regionsstable="0" regionsrebuilding="8"/>
  </mem-info>
</gc-start>
<allocation-stats totalBytes="20900392" >
  <allocated-bytes non-tlh="0" tlh="20900392" arrayletleaf="0"/>
  <largest-consumer threadName="main" threadId="000000000096B700" bytes="10451440" />
</allocation-stats>
<gc-op id="6445" type="copy forward" timems="1.814" contextid="6442" timestamp="2019-07-07T05:36:26.010">
  <memory-copied type="eden" objects="1" bytes="24" bytesdiscarded="0" />
  <memory-copied type="other" objects="0" bytes="0" bytesdiscarded="0" />
  <memory-cardclean objects="16" bytes="440" />
  <regions eden="20" other="1" />
  <remembered-set-cleared processed="47141" cleared="7" durationms="0.374" />
  <stringconstants candidates="13657" cleared="0"  />
</gc-op>
<gc-op id="6446" type="classunload" timems="0.003" contextid="6442" timestamp="2019-07-07T05:36:26.011">
  <classunload-info classloadercandidates="53" classloadersunloaded="0" classesunloaded="0" anonymousclassesunloaded="0" quiescems="0.000" setupms="0.003" scanms="0.000" postms="0.000" />
</gc-op>
<gc-end id="6447" type="partial gc" contextid="6442" durationms="3.075" usertimems="4.000" systemtimems="0.000" timestamp="2019-07-07T05:36:26.011" activeThreads="1">
  <mem-info id="6448" free="37748736" total="61865984" percent="61">
    <mem type="eden" free="1048552" total="1048576" percent="99" />
    <remembered-set count="49760" freebytes="2270464" totalbytes="2469504" percent="91" regionsoverflowed="0" regionsstable="0" regionsrebuilding="8"/>
  </mem-info>
</gc-end>
<cycle-end id="6449" type="partial gc" contextid="6442" timestamp="2019-07-07T05:36:26.011" />
  <attribute name="elasticGC enabled" value="1" />
  <attribute name= "numThreadsSpecified" value="1" />
  <attribute name="heapSize specified" value="0" />
  <attribute name="Current GC Util" value="164" />
  <attribute name= "Current Time Running" value="26703" />
  <attribute name ="GC Interval" value="0" />
  <attribute name="ProportionalT" value="72.000000" />
  <attribute name="ProportionalI" value="72.000000" />
  <attribute name="ProportionalH" value="72.000000" />
  <attribute name="Current Error" value="144.000000" />
  <attribute name="IntegralT" value="0.000000" />
  <attribute name="IntegralI" value="0.000000" />
  <attribute name="IntegralH" value="0.000000" />
  <attribute name="DerivativeT" value="inf" />
  <attribute name="DerivativeI" value="inf" />
  <attribute name="DerivativeH" value="inf" />
  <attribute name="Loop Time for DT" value="0.000000" />
  <attribute name="Output H" value="8388608"/>
  <attribute name="Output I" value="200"/>
  <attribute name="Output T" value="1"/>
  <attribute name="Target GC Util Change" value ="20.000000" />
  <attribute name="Current GC Util Change" value="164.000000"/>
  <attribute name="GC Util currently" value="164" />
  <attribute name="CPU Util currently" value="14038703243489" />
<exclusive-end id="6450" timestamp="2019-07-07T05:36:26.011" durationms="4.004" />

<exclusive-start id="6451" timestamp="2019-07-07T05:36:26.015" intervalms="7.432">
  <response-info timems="0.067" idlems="0.067" threads="0" lastid="000000000096B700" lastname="main" />
</exclusive-start>
<allocation-taxation id="6452" taxation-threshold="10485760" timestamp="2019-07-07T05:36:26.015" intervalms="7.489" />
<gc-start id="6453" type="global mark phase" contextid="6391" timestamp="2019-07-07T05:36:26.015">
  <mem-info id="6454" free="27262976" total="61865984" percent="44">
    <remembered-set count="49280" freebytes="2272384" totalbytes="2469504" percent="92" regionsoverflowed="0" regionsstable="0" regionsrebuilding="8"/>
  </mem-info>
</gc-start>
<gc-end id="6455" type="global mark phase" contextid="6391" durationms="0.135" usertimems="0.000" systemtimems="0.000" timestamp="2019-07-07T05:36:26.015" activeThreads="1">
  <mem-info id="6456" free="27262976" total="61865984" percent="44">
    <remembered-set count="49280" freebytes="2272384" totalbytes="2469504" percent="92" regionsoverflowed="0" regionsstable="0" regionsrebuilding="8"/>
  </mem-info>
</gc-end>
<concurrent-start id="6457" type="GMP work packet processing" contextid="6391" timestamp="2019-07-07T05:36:26.015">
  <concurrent-mark-start scanTarget="1048576" />
</concurrent-start>
<exclusive-end id="6458" timestamp="2019-07-07T05:36:26.016" durationms="0.941" />

<concurrent-end id="6459" type="GMP work packet processing" contextid="6391" timestamp="2019-07-07T05:36:26.017">
  <concurrent-mark-end bytesScanned="1095532" reasonForTermination="Work target met" />
</concurrent-end>

<exclusive-start id="6460" timestamp="2019-07-07T05:36:26.020" intervalms="5.222">
  <response-info timems="0.032" idlems="0.032" threads="0" lastid="000000000096B700" lastname="main" />
</exclusive-start>
<allocation-taxation id="6461" taxation-threshold="10485760" timestamp="2019-07-07T05:36:26.020" intervalms="5.142" />
<cycle-start id="6462" type="partial gc" contextid="0" timestamp="2019-07-07T05:36:26.020" intervalms="12.623" />
<gc-start id="6463" type="partial gc" contextid="6462" timestamp="2019-07-07T05:36:26.021">
  <mem-info id="6464" free="16777216" total="61865984" percent="27">
    <mem type="eden" free="1048552" total="22020096" percent="4" />
    <remembered-set count="52896" freebytes="2257920" totalbytes="2469504" percent="91" regionsoverflowed="0" regionsstable="0" regionsrebuilding="8"/>
  </mem-info>
</gc-start>
<allocation-stats totalBytes="20900392" >
  <allocated-bytes non-tlh="0" tlh="20900392" arrayletleaf="0"/>
  <largest-consumer threadName="main" threadId="000000000096B700" bytes="10451440" />
</allocation-stats>
<gc-op id="6465" type="copy forward" timems="3.461" contextid="6462" timestamp="2019-07-07T05:36:26.025">
  <memory-copied type="eden" objects="1" bytes="24" bytesdiscarded="0" />
  <memory-copied type="other" objects="0" bytes="0" bytesdiscarded="0" />
  <memory-cardclean objects="16" bytes="440" />
  <regions eden="20" other="1" />
  <remembered-set-cleared processed="51008" cleared="7" durationms="0.189" />
  <stringconstants candidates="13657" cleared="0"  />
</gc-op>
<gc-op id="6466" type="classunload" timems="0.003" contextid="6462" timestamp="2019-07-07T05:36:26.025">
  <classunload-info classloadercandidates="53" classloadersunloaded="0" classesunloaded="0" anonymousclassesunloaded="0" quiescems="0.000" setupms="0.003" scanms="0.000" postms="0.000" />
</gc-op>
<gc-end id="6467" type="partial gc" contextid="6462" durationms="4.632" usertimems="8.000" systemtimems="0.000" timestamp="2019-07-07T05:36:26.025" activeThreads="4">
  <mem-info id="6468" free="37748736" total="61865984" percent="61">
    <mem type="eden" free="1048552" total="1048576" percent="99" />
    <remembered-set count="52672" freebytes="2258816" totalbytes="2469504" percent="91" regionsoverflowed="0" regionsstable="0" regionsrebuilding="8"/>
  </mem-info>
</gc-end>
<cycle-end id="6469" type="partial gc" contextid="6462" timestamp="2019-07-07T05:36:26.025" />
  <attribute name="elasticGC enabled" value="1" />
  <attribute name= "numThreadsSpecified" value="4" />
  <attribute name="heapSize specified" value="0" />
  <attribute name="Current GC Util" value="158" />
  <attribute name= "Current Time Running" value="26716" />
  <attribute name ="GC Interval" value="0" />
  <attribute name="ProportionalT" value="69.000000" />
  <attribute name="ProportionalI" value="69.000000" />
  <attribute name="ProportionalH" value="69.000000" />
  <attribute name="Current Error" value="138.000000" />
  <attribute name="IntegralT" value="69.000000" />
  <attribute name="IntegralI" value="69.000000" />
  <attribute name="IntegralH" value="69.000000" />
  <attribute name="DerivativeT" value="94.000000" />
  <attribute name="DerivativeI" value="94.000000" />
  <attribute name="DerivativeH" value="94.000000" />
  <attribute name="Loop Time for DT" value="1.000000" />
  <attribute name="Output H" value="8388608"/>
  <attribute name="Output I" value="232"/>
  <attribute name="Output T" value="4"/>
  <attribute name="Target GC Util Change" value ="20.000000" />
  <attribute name="Current GC Util Change" value="158.000000"/>
  <attribute name="GC Util currently" value="158" />
  <attribute name="CPU Util currently" value="13481584158704" />
<exclusive-end id="6470" timestamp="2019-07-07T05:36:26.026" durationms="5.605" />

<exclusive-start id="6471" timestamp="2019-07-07T05:36:26.029" intervalms="8.986">
  <response-info timems="0.061" idlems="0.061" threads="0" lastid="000000000096B700" lastname="main" />
</exclusive-start>
<allocation-taxation id="6472" taxation-threshold="10485760" timestamp="2019-07-07T05:36:26.029" intervalms="9.012" />
<gc-start id="6473" type="global mark phase" contextid="6391" timestamp="2019-07-07T05:36:26.029">
  <mem-info id="6474" free="27262976" total="61865984" percent="44">
    <remembered-set count="52672" freebytes="2258816" totalbytes="2469504" percent="91" regionsoverflowed="0" regionsstable="0" regionsrebuilding="8"/>
  </mem-info>
</gc-start>
<gc-end id="6475" type="global mark phase" contextid="6391" durationms="0.189" usertimems="0.000" systemtimems="0.000" timestamp="2019-07-07T05:36:26.029" activeThreads="4">
  <mem-info id="6476" free="27262976" total="61865984" percent="44">
    <remembered-set count="52672" freebytes="2258816" totalbytes="2469504" percent="91" regionsoverflowed="0" regionsstable="0" regionsrebuilding="8"/>
  </mem-info>
</gc-end>
<concurrent-start id="6477" type="GMP work packet processing" contextid="6391" timestamp="2019-07-07T05:36:26.030">
  <concurrent-mark-start scanTarget="1519203" />
</concurrent-start>
<exclusive-end id="6478" timestamp="2019-07-07T05:36:26.031" durationms="2.306" />

<concurrent-end id="6479" type="GMP work packet processing" contextid="6391" timestamp="2019-07-07T05:36:26.031">
  <concurrent-mark-end bytesScanned="1560204" reasonForTermination="Work target met" />
</concurrent-end>

<exclusive-start id="6480" timestamp="2019-07-07T05:36:26.035" intervalms="5.735">
  <response-info timems="0.051" idlems="0.051" threads="0" lastid="000000000096B700" lastname="main" />
</exclusive-start>
<allocation-taxation id="6481" taxation-threshold="10485760" timestamp="2019-07-07T05:36:26.035" intervalms="5.755" />
<cycle-start id="6482" type="partial gc" contextid="0" timestamp="2019-07-07T05:36:26.035" intervalms="14.783" />
<gc-start id="6483" type="partial gc" contextid="6482" timestamp="2019-07-07T05:36:26.035">
  <mem-info id="6484" free="16777216" total="61865984" percent="27">
    <mem type="eden" free="1048552" total="22020096" percent="4" />
    <remembered-set count="54816" freebytes="2250240" totalbytes="2469504" percent="91" regionsoverflowed="0" regionsstable="0" regionsrebuilding="8"/>
  </mem-info>
</gc-start>
<allocation-stats totalBytes="20900392" >
  <allocated-bytes non-tlh="0" tlh="20900392" arrayletleaf="0"/>
  <largest-consumer threadName="main" threadId="000000000096B700" bytes="10451416" />
</allocation-stats>
<gc-op id="6485" type="copy forward" timems="3.230" contextid="6482" timestamp="2019-07-07T05:36:26.040">
  <memory-copied type="eden" objects="1" bytes="24" bytesdiscarded="0" />
  <memory-copied type="other" objects="0" bytes="0" bytesdiscarded="0" />
  <memory-cardclean objects="16" bytes="440" />
  <regions eden="20" other="1" />
  <remembered-set-cleared processed="53447" cleared="7" durationms="0.180" />
  <stringconstants candidates="13657" cleared="0"  />
</gc-op>
<gc-op id="6486" type="classunload" timems="0.003" contextid="6482" timestamp="2019-07-07T05:36:26.040">
  <classunload-info classloadercandidates="53" classloadersunloaded="0" classesunloaded="0" anonymousclassesunloaded="0" quiescems="0.000" setupms="0.003" scanms="0.000" postms="0.000" />
</gc-op>
<gc-end id="6487" type="partial gc" contextid="6482" durationms="4.631" usertimems="8.000" systemtimems="0.000" timestamp="2019-07-07T05:36:26.040" activeThreads="4">
  <mem-info id="6488" free="37748736" total="61865984" percent="61">
    <mem type="eden" free="1048552" total="1048576" percent="99" />
    <remembered-set count="55104" freebytes="2249088" totalbytes="2469504" percent="91" regionsoverflowed="0" regionsstable="0" regionsrebuilding="8"/>
  </mem-info>
</gc-end>
<cycle-end id="6489" type="partial gc" contextid="6482" timestamp="2019-07-07T05:36:26.040" />
  <attribute name="elasticGC enabled" value="1" />
  <attribute name= "numThreadsSpecified" value="4" />
  <attribute name="heapSize specified" value="0" />
  <attribute name="Current GC Util" value="165" />
  <attribute name= "Current Time Running" value="26731" />
  <attribute name ="GC Interval" value="0" />
  <attribute name="ProportionalT" value="72.500000" />
  <attribute name="ProportionalI" value="72.500000" />
  <attribute name="ProportionalH" value="72.500000" />
  <attribute name="Current Error" value="145.000000" />
  <attribute name="IntegralT" value="72.500000" />
  <attribute name="IntegralI" value="72.500000" />
  <attribute name="IntegralH" value="72.500000" />
  <attribute name="DerivativeT" value="103.000000" />
  <attribute name="DerivativeI" value="103.000000" />
  <attribute name="DerivativeH" value="103.000000" />
  <attribute name="Loop Time for DT" value="1.000000" />
  <attribute name="Output H" value="8388608"/>
  <attribute name="Output I" value="248"/>
  <attribute name="Output T" value="4"/>
  <attribute name="Target GC Util Change" value ="20.000000" />
  <attribute name="Current GC Util Change" value="165.000000"/>
  <attribute name="GC Util currently" value="165" />
  <attribute name="CPU Util currently" value="14034772627257" />
<exclusive-end id="6490" timestamp="2019-07-07T05:36:26.040" durationms="5.662" />

<exclusive-start id="6491" timestamp="2019-07-07T05:36:26.044" intervalms="9.049">
  <response-info timems="0.057" idlems="0.057" threads="0" lastid="000000000096B700" lastname="main" />
</exclusive-start>
<allocation-taxation id="6492" taxation-threshold="10485760" timestamp="2019-07-07T05:36:26.044" intervalms="8.990" />
<gc-start id="6493" type="global mark phase" contextid="6391" timestamp="2019-07-07T05:36:26.044">
  <mem-info id="6494" free="27262976" total="61865984" percent="44">
    <remembered-set count="55104" freebytes="2249088" totalbytes="2469504" percent="91" regionsoverflowed="0" regionsstable="0" regionsrebuilding="8"/>
  </mem-info>
</gc-start>
<gc-end id="6495" type="global mark phase" contextid="6391" durationms="0.201" usertimems="0.000" systemtimems="0.000" timestamp="2019-07-07T05:36:26.044" activeThreads="4">
  <mem-info id="6496" free="27262976" total="61865984" percent="44">
    <remembered-set count="55104" freebytes="2249088" totalbytes="2469504" percent="91" regionsoverflowed="0" regionsstable="0" regionsrebuilding="8"/>
  </mem-info>
</gc-end>
<concurrent-start id="6497" type="GMP work packet processing" contextid="6391" timestamp="2019-07-07T05:36:26.044">
  <concurrent-mark-start scanTarget="1519203" />
</concurrent-start>
<exclusive-end id="6498" timestamp="2019-07-07T05:36:26.044" durationms="0.756" />

<concurrent-end id="6499" type="GMP work packet processing" contextid="6391" timestamp="2019-07-07T05:36:26.046">
  <concurrent-mark-end bytesScanned="1557932" reasonForTermination="Work target met" />
</concurrent-end>

<exclusive-start id="6500" timestamp="2019-07-07T05:36:26.049" intervalms="5.069">
  <response-info timems="0.052" idlems="0.052" threads="0" lastid="000000000096B700" lastname="main" />
</exclusive-start>
<allocation-taxation id="6501" taxation-threshold="10485760" timestamp="2019-07-07T05:36:26.049" intervalms="5.107" />
<cycle-start id="6502" type="partial gc" contextid="0" timestamp="2019-07-07T05:36:26.049" intervalms="14.108" />
<gc-start id="6503" type="partial gc" contextid="6502" timestamp="2019-07-07T05:36:26.049">
  <mem-info id="6504" free="16777216" total="61865984" percent="27">
    <mem type="eden" free="1048552" total="22020096" percent="4" />
    <remembered-set count="57696" freebytes="2238720" totalbytes="2469504" percent="90" regionsoverflowed="0" regionsstable="0" regionsrebuilding="8"/>
  </mem-info>
</gc-start>
<allocation-stats totalBytes="20900392" >
  <allocated-bytes non-tlh="0" tlh="20900392" arrayletleaf="0"/>
  <largest-consumer threadName="main" threadId="000000000096B700" bytes="10451416" />
</allocation-stats>
<gc-op id="6505" type="copy forward" timems="2.144" contextid="6502" timestamp="2019-07-07T05:36:26.052">
  <memory-copied type="eden" objects="1" bytes="24" bytesdiscarded="0" />
  <memory-copied type="other" objects="0" bytes="0" bytesdiscarded="0" />
  <memory-cardclean objects="16" bytes="440" />
  <regions eden="20" other="1" />
  <remembered-set-cleared processed="55767" cleared="7" durationms="0.209" />
  <stringconstants candidates="13657" cleared="0"  />
</gc-op>
<gc-op id="6506" type="classunload" timems="0.003" contextid="6502" timestamp="2019-07-07T05:36:26.052">
  <classunload-info classloadercandidates="53" classloadersunloaded="0" classesunloaded="0" anonymousclassesunloaded="0" quiescems="0.000" setupms="0.003" scanms="0.000" postms="0.000" />
</gc-op>
<gc-end id="6507" type="partial gc" contextid="6502" durationms="3.241" usertimems="4.000" systemtimems="0.000" timestamp="2019-07-07T05:36:26.053" activeThreads="4">
  <mem-info id="6508" free="37748736" total="61865984" percent="61">
    <mem type="eden" free="1048552" total="1048576" percent="99" />
    <remembered-set count="57504" freebytes="2239488" totalbytes="2469504" percent="90" regionsoverflowed="0" regionsstable="0" regionsrebuilding="8"/>
  </mem-info>
</gc-end>
<cycle-end id="6509" type="partial gc" contextid="6502" timestamp="2019-07-07T05:36:26.053" />
  <attribute name="elasticGC enabled" value="1" />
  <attribute name= "numThreadsSpecified" value="4" />
  <attribute name="heapSize specified" value="0" />
  <attribute name="Current GC Util" value="58" />
  <attribute name= "Current Time Running" value="26745" />
  <attribute name ="GC Interval" value="0" />
  <attribute name="ProportionalT" value="19.000000" />
  <attribute name="ProportionalI" value="19.000000" />
  <attribute name="ProportionalH" value="19.000000" />
  <attribute name="Current Error" value="38.000000" />
  <attribute name="IntegralT" value="19.000000" />
  <attribute name="IntegralI" value="19.000000" />
  <attribute name="IntegralH" value="19.000000" />
  <attribute name="DerivativeT" value="2.000000" />
  <attribute name="DerivativeI" value="2.000000" />
  <attribute name="DerivativeH" value="2.000000" />
  <attribute name="Loop Time for DT" value="1.000000" />
  <attribute name="Output H" value="8388608"/>
  <attribute name="Output I" value="200"/>
  <attribute name="Output T" value="4"/>
  <attribute name="Target GC Util Change" value ="20.000000" />
  <attribute name="Current GC Util Change" value="58.000000"/>
  <attribute name="GC Util currently" value="58" />
  <attribute name="CPU Util currently" value="20948401904632" />
<exclusive-end id="6510" timestamp="2019-07-07T05:36:26.053" durationms="4.260" />

<exclusive-start id="6511" timestamp="2019-07-07T05:36:26.056" intervalms="7.694">
  <response-info timems="0.068" idlems="0.068" threads="0" lastid="000000000096B700" lastname="main" />
</exclusive-start>
<allocation-taxation id="6512" taxation-threshold="10485760" timestamp="2019-07-07T05:36:26.057" intervalms="7.693" />
<gc-start id="6513" type="global mark phase" contextid="6391" timestamp="2019-07-07T05:36:26.057">
  <mem-info id="6514" free="27262976" total="61865984" percent="44">
    <remembered-set count="57504" freebytes="2239488" totalbytes="2469504" percent="90" regionsoverflowed="0" regionsstable="0" regionsrebuilding="8"/>
  </mem-info>
</gc-start>
<gc-end id="6515" type="global mark phase" contextid="6391" durationms="0.199" usertimems="0.000" systemtimems="0.000" timestamp="2019-07-07T05:36:26.057" activeThreads="4">
  <mem-info id="6516" free="27262976" total="61865984" percent="44">
    <remembered-set count="57504" freebytes="2239488" totalbytes="2469504" percent="90" regionsoverflowed="0" regionsstable="0" regionsrebuilding="8"/>
  </mem-info>
</gc-end>
<concurrent-start id="6517" type="GMP work packet processing" contextid="6391" timestamp="2019-07-07T05:36:26.057">
  <concurrent-mark-start scanTarget="1519203" />
</concurrent-start>
<exclusive-end id="6518" timestamp="2019-07-07T05:36:26.057" durationms="0.862" />

<concurrent-end id="6519" type="GMP work packet processing" contextid="6391" timestamp="2019-07-07T05:36:26.058">
  <concurrent-mark-end bytesScanned="1557596" reasonForTermination="Work target met" />
</concurrent-end>

<exclusive-start id="6520" timestamp="2019-07-07T05:36:26.062" intervalms="5.170">
  <response-info timems="0.058" idlems="0.058" threads="0" lastid="000000000096B700" lastname="main" />
</exclusive-start>
<allocation-taxation id="6521" taxation-threshold="10485760" timestamp="2019-07-07T05:36:26.062" intervalms="5.148" />
<cycle-start id="6522" type="partial gc" contextid="0" timestamp="2019-07-07T05:36:26.062" intervalms="12.815" />
<gc-start id="6523" type="partial gc" contextid="6522" timestamp="2019-07-07T05:36:26.062">
  <mem-info id="6524" free="16777216" total="61865984" percent="27">
    <mem type="eden" free="1048552" total="22020096" percent="4" />
    <remembered-set count="60096" freebytes="2229120" totalbytes="2469504" percent="90" regionsoverflowed="0" regionsstable="0" regionsrebuilding="8"/>
  </mem-info>
</gc-start>
<allocation-stats totalBytes="20900416" >
  <allocated-bytes non-tlh="0" tlh="20900416" arrayletleaf="0"/>
  <largest-consumer threadName="main" threadId="000000000096B700" bytes="10451440" />
</allocation-stats>
<gc-op id="6525" type="copy forward" timems="1.671" contextid="6522" timestamp="2019-07-07T05:36:26.065">
  <memory-copied type="eden" objects="1" bytes="24" bytesdiscarded="0" />
  <memory-copied type="other" objects="0" bytes="0" bytesdiscarded="0" />
  <memory-cardclean objects="16" bytes="440" />
  <regions eden="20" other="1" />
  <remembered-set-cleared processed="58026" cleared="7" durationms="0.586" />
  <stringconstants candidates="13657" cleared="0"  />
</gc-op>
<gc-op id="6526" type="classunload" timems="0.003" contextid="6522" timestamp="2019-07-07T05:36:26.065">
  <classunload-info classloadercandidates="53" classloadersunloaded="0" classesunloaded="0" anonymousclassesunloaded="0" quiescems="0.000" setupms="0.003" scanms="0.000" postms="0.000" />
</gc-op>
<gc-end id="6527" type="partial gc" contextid="6522" durationms="2.833" usertimems="0.000" systemtimems="4.000" timestamp="2019-07-07T05:36:26.065" activeThreads="1">
  <mem-info id="6528" free="37748736" total="61865984" percent="61">
    <mem type="eden" free="1048552" total="1048576" percent="99" />
    <remembered-set count="60576" freebytes="2227200" totalbytes="2469504" percent="90" regionsoverflowed="0" regionsstable="0" regionsrebuilding="8"/>
  </mem-info>
</gc-end>
<cycle-end id="6529" type="partial gc" contextid="6522" timestamp="2019-07-07T05:36:26.065" />
  <attribute name="elasticGC enabled" value="1" />
  <attribute name= "numThreadsSpecified" value="1" />
  <attribute name="heapSize specified" value="0" />
  <attribute name="Current GC Util" value="95" />
  <attribute name= "Current Time Running" value="26757" />
  <attribute name ="GC Interval" value="0" />
  <attribute name="ProportionalT" value="37.500000" />
  <attribute name="ProportionalI" value="37.500000" />
  <attribute name="ProportionalH" value="37.500000" />
  <attribute name="Current Error" value="75.000000" />
  <attribute name="IntegralT" value="0.000000" />
  <attribute name="IntegralI" value="0.000000" />
  <attribute name="IntegralH" value="0.000000" />
  <attribute name="DerivativeT" value="inf" />
  <attribute name="DerivativeI" value="inf" />
  <attribute name="DerivativeH" value="inf" />
  <attribute name="Loop Time for DT" value="0.000000" />
  <attribute name="Output H" value="8388608"/>
  <attribute name="Output I" value="200"/>
  <attribute name="Output T" value="1"/>
  <attribute name="Target GC Util Change" value ="20.000000" />
  <attribute name="Current GC Util Change" value="95.000000"/>
  <attribute name="GC Util currently" value="95" />
  <attribute name="CPU Util currently" value="18355991725291" />
<exclusive-end id="6530" timestamp="2019-07-07T05:36:26.065" durationms="3.842" />

<exclusive-start id="6531" timestamp="2019-07-07T05:36:26.069" intervalms="7.462">
  <response-info timems="0.212" idlems="0.212" threads="0" lastid="000000000096B700" lastname="main" />
</exclusive-start>
<allocation-taxation id="6532" taxation-threshold="10485760" timestamp="2019-07-07T05:36:26.069" intervalms="7.442" />
<gc-start id="6533" type="global mark phase" contextid="6391" timestamp="2019-07-07T05:36:26.069">
  <mem-info id="6534" free="27262976" total="61865984" percent="44">
    <remembered-set count="60096" freebytes="2229120" totalbytes="2469504" percent="90" regionsoverflowed="0" regionsstable="0" regionsrebuilding="8"/>
  </mem-info>
</gc-start>
<gc-end id="6535" type="global mark phase" contextid="6391" durationms="0.140" usertimems="0.000" systemtimems="0.000" timestamp="2019-07-07T05:36:26.069" activeThreads="1">
  <mem-info id="6536" free="27262976" total="61865984" percent="44">
    <remembered-set count="60096" freebytes="2229120" totalbytes="2469504" percent="90" regionsoverflowed="0" regionsstable="0" regionsrebuilding="8"/>
  </mem-info>
</gc-end>
<concurrent-start id="6537" type="GMP work packet processing" contextid="6391" timestamp="2019-07-07T05:36:26.070">
  <concurrent-mark-start scanTarget="1048576" />
</concurrent-start>
<exclusive-end id="6538" timestamp="2019-07-07T05:36:26.070" durationms="0.704" />

<concurrent-end id="6539" type="GMP work packet processing" contextid="6391" timestamp="2019-07-07T05:36:26.071">
  <concurrent-mark-end bytesScanned="1081068" reasonForTermination="Work target met" />
</concurrent-end>

<exclusive-start id="6540" timestamp="2019-07-07T05:36:26.074" intervalms="5.169">
  <response-info timems="0.081" idlems="0.081" threads="0" lastid="000000000096B700" lastname="main" />
</exclusive-start>
<allocation-taxation id="6541" taxation-threshold="10485760" timestamp="2019-07-07T05:36:26.074" intervalms="5.174" />
<cycle-start id="6542" type="partial gc" contextid="0" timestamp="2019-07-07T05:36:26.075" intervalms="12.559" />
<gc-start id="6543" type="partial gc" contextid="6542" timestamp="2019-07-07T05:36:26.075">
  <mem-info id="6544" free="16777216" total="61865984" percent="27">
    <mem type="eden" free="1048552" total="22020096" percent="4" />
    <remembered-set count="61120" freebytes="2225024" totalbytes="2469504" percent="90" regionsoverflowed="0" regionsstable="0" regionsrebuilding="8"/>
  </mem-info>
</gc-start>
<allocation-stats totalBytes="20900392" >
  <allocated-bytes non-tlh="0" tlh="20900392" arrayletleaf="0"/>
  <largest-consumer threadName="main" threadId="000000000096B700" bytes="10451440" />
</allocation-stats>
<gc-op id="6545" type="copy forward" timems="1.697" contextid="6542" timestamp="2019-07-07T05:36:26.077">
  <memory-copied type="eden" objects="1" bytes="24" bytesdiscarded="0" />
  <memory-copied type="other" objects="0" bytes="0" bytesdiscarded="0" />
  <memory-cardclean objects="16" bytes="440" />
  <regions eden="20" other="1" />
  <remembered-set-cleared processed="59520" cleared="7" durationms="0.450" />
  <stringconstants candidates="13657" cleared="0"  />
</gc-op>
<gc-op id="6546" type="classunload" timems="0.004" contextid="6542" timestamp="2019-07-07T05:36:26.077">
  <classunload-info classloadercandidates="53" classloadersunloaded="0" classesunloaded="0" anonymousclassesunloaded="0" quiescems="0.000" setupms="0.004" scanms="0.000" postms="0.000" />
</gc-op>
<gc-end id="6547" type="partial gc" contextid="6542" durationms="2.934" usertimems="4.000" systemtimems="0.000" timestamp="2019-07-07T05:36:26.078" activeThreads="1">
  <mem-info id="6548" free="37748736" total="61865984" percent="61">
    <mem type="eden" free="1048552" total="1048576" percent="99" />
    <remembered-set count="61600" freebytes="2223104" totalbytes="2469504" percent="90" regionsoverflowed="0" regionsstable="0" regionsrebuilding="8"/>
  </mem-info>
</gc-end>
<cycle-end id="6549" type="partial gc" contextid="6542" timestamp="2019-07-07T05:36:26.078" />
  <attribute name="elasticGC enabled" value="1" />
  <attribute name= "numThreadsSpecified" value="1" />
  <attribute name="heapSize specified" value="0" />
  <attribute name="Current GC Util" value="178" />
  <attribute name= "Current Time Running" value="26770" />
  <attribute name ="GC Interval" value="0" />
  <attribute name="ProportionalT" value="79.000000" />
  <attribute name="ProportionalI" value="79.000000" />
  <attribute name="ProportionalH" value="79.000000" />
  <attribute name="Current Error" value="158.000000" />
  <attribute name="IntegralT" value="0.000000" />
  <attribute name="IntegralI" value="0.000000" />
  <attribute name="IntegralH" value="0.000000" />
  <attribute name="DerivativeT" value="inf" />
  <attribute name="DerivativeI" value="inf" />
  <attribute name="DerivativeH" value="inf" />
  <attribute name="Loop Time for DT" value="0.000000" />
  <attribute name="Output H" value="8388608"/>
  <attribute name="Output I" value="200"/>
  <attribute name="Output T" value="1"/>
  <attribute name="Target GC Util Change" value ="20.000000" />
  <attribute name="Current GC Util Change" value="178.000000"/>
  <attribute name="GC Util currently" value="178" />
  <attribute name="CPU Util currently" value="14314893025051" />
<exclusive-end id="6550" timestamp="2019-07-07T05:36:26.078" durationms="4.012" />

<exclusive-start id="6551" timestamp="2019-07-07T05:36:26.082" intervalms="7.460">
  <response-info timems="0.084" idlems="0.084" threads="0" lastid="000000000096B700" lastname="main" />
</exclusive-start>
<allocation-taxation id="6552" taxation-threshold="10485760" timestamp="2019-07-07T05:36:26.082" intervalms="7.554" />
<gc-start id="6553" type="global mark phase" contextid="6391" timestamp="2019-07-07T05:36:26.082">
  <mem-info id="6554" free="27262976" total="61865984" percent="44">
    <remembered-set count="61120" freebytes="2225024" totalbytes="2469504" percent="90" regionsoverflowed="0" regionsstable="0" regionsrebuilding="8"/>
  </mem-info>
</gc-start>
<gc-end id="6555" type="global mark phase" contextid="6391" durationms="0.195" usertimems="0.000" systemtimems="0.000" timestamp="2019-07-07T05:36:26.082" activeThreads="1">
  <mem-info id="6556" free="27262976" total="61865984" percent="44">
    <remembered-set count="61120" freebytes="2225024" totalbytes="2469504" percent="90" regionsoverflowed="0" regionsstable="0" regionsrebuilding="8"/>
  </mem-info>
</gc-end>
<concurrent-start id="6557" type="GMP work packet processing" contextid="6391" timestamp="2019-07-07T05:36:26.083">
  <concurrent-mark-start scanTarget="1048576" />
</concurrent-start>
<exclusive-end id="6558" timestamp="2019-07-07T05:36:26.084" durationms="1.939" />

<concurrent-end id="6559" type="GMP work packet processing" contextid="6391" timestamp="2019-07-07T05:36:26.084">
  <concurrent-mark-end bytesScanned="1092836" reasonForTermination="Work target met" />
</concurrent-end>

<exclusive-start id="6560" timestamp="2019-07-07T05:36:26.087" intervalms="5.458">
  <response-info timems="0.052" idlems="0.052" threads="0" lastid="000000000096B700" lastname="main" />
</exclusive-start>
<allocation-taxation id="6561" taxation-threshold="10485760" timestamp="2019-07-07T05:36:26.087" intervalms="5.440" />
<cycle-start id="6562" type="partial gc" contextid="0" timestamp="2019-07-07T05:36:26.088" intervalms="13.090" />
<gc-start id="6563" type="partial gc" contextid="6562" timestamp="2019-07-07T05:36:26.088">
  <mem-info id="6564" free="16777216" total="61865984" percent="27">
    <mem type="eden" free="1048552" total="22020096" percent="4" />
    <remembered-set count="62656" freebytes="2218880" totalbytes="2469504" percent="89" regionsoverflowed="0" regionsstable="0" regionsrebuilding="8"/>
  </mem-info>
</gc-start>
<allocation-stats totalBytes="20900392" >
  <allocated-bytes non-tlh="0" tlh="20900392" arrayletleaf="0"/>
  <largest-consumer threadName="main" threadId="000000000096B700" bytes="10451440" />
</allocation-stats>
<gc-op id="6565" type="copy forward" timems="1.649" contextid="6562" timestamp="2019-07-07T05:36:26.091">
  <memory-copied type="eden" objects="1" bytes="24" bytesdiscarded="0" />
  <memory-copied type="other" objects="0" bytes="0" bytesdiscarded="0" />
  <memory-cardclean objects="16" bytes="440" />
  <regions eden="20" other="1" />
  <remembered-set-cleared processed="61159" cleared="7" durationms="0.460" />
  <stringconstants candidates="13657" cleared="0"  />
</gc-op>
<gc-op id="6566" type="classunload" timems="0.004" contextid="6562" timestamp="2019-07-07T05:36:26.091">
  <classunload-info classloadercandidates="53" classloadersunloaded="0" classesunloaded="0" anonymousclassesunloaded="0" quiescems="0.000" setupms="0.003" scanms="0.000" postms="0.000" />
</gc-op>
<gc-end id="6567" type="partial gc" contextid="6562" durationms="3.099" usertimems="4.000" systemtimems="0.000" timestamp="2019-07-07T05:36:26.091" activeThreads="1">
  <mem-info id="6568" free="37748736" total="61865984" percent="61">
    <mem type="eden" free="1048552" total="1048576" percent="99" />
    <remembered-set count="63136" freebytes="2216960" totalbytes="2469504" percent="89" regionsoverflowed="0" regionsstable="0" regionsrebuilding="8"/>
  </mem-info>
</gc-end>
<cycle-end id="6569" type="partial gc" contextid="6562" timestamp="2019-07-07T05:36:26.091" />
  <attribute name="elasticGC enabled" value="1" />
  <attribute name= "numThreadsSpecified" value="1" />
  <attribute name="heapSize specified" value="0" />
  <attribute name="Current GC Util" value="106" />
  <attribute name= "Current Time Running" value="26783" />
  <attribute name ="GC Interval" value="0" />
  <attribute name="ProportionalT" value="43.000000" />
  <attribute name="ProportionalI" value="43.000000" />
  <attribute name="ProportionalH" value="43.000000" />
  <attribute name="Current Error" value="86.000000" />
  <attribute name="IntegralT" value="0.000000" />
  <attribute name="IntegralI" value="0.000000" />
  <attribute name="IntegralH" value="0.000000" />
  <attribute name="DerivativeT" value="inf" />
  <attribute name="DerivativeI" value="inf" />
  <attribute name="DerivativeH" value="inf" />
  <attribute name="Loop Time for DT" value="0.000000" />
  <attribute name="Output H" value="8388608"/>
  <attribute name="Output I" value="200"/>
  <attribute name="Output T" value="1"/>
  <attribute name="Target GC Util Change" value ="20.000000" />
  <attribute name="Current GC Util Change" value="106.000000"/>
  <attribute name="GC Util currently" value="106" />
  <attribute name="CPU Util currently" value="9239374470166" />
<exclusive-end id="6570" timestamp="2019-07-07T05:36:26.091" durationms="4.149" />

<exclusive-start id="6571" timestamp="2019-07-07T05:36:26.095" intervalms="7.594">
  <response-info timems="0.069" idlems="0.069" threads="0" lastid="000000000096B700" lastname="main" />
</exclusive-start>
<allocation-taxation id="6572" taxation-threshold="10485760" timestamp="2019-07-07T05:36:26.095" intervalms="7.560" />
<gc-start id="6573" type="global mark phase" contextid="6391" timestamp="2019-07-07T05:36:26.095">
  <mem-info id="6574" free="27262976" total="61865984" percent="44">
    <remembered-set count="62656" freebytes="2218880" totalbytes="2469504" percent="89" regionsoverflowed="0" regionsstable="0" regionsrebuilding="8"/>
  </mem-info>
</gc-start>
<gc-end id="6575" type="global mark phase" contextid="6391" durationms="0.203" usertimems="0.000" systemtimems="0.000" timestamp="2019-07-07T05:36:26.095" activeThreads="1">
  <mem-info id="6576" free="27262976" total="61865984" percent="44">
    <remembered-set count="62656" freebytes="2218880" totalbytes="2469504" percent="89" regionsoverflowed="0" regionsstable="0" regionsrebuilding="8"/>
  </mem-info>
</gc-end>
<concurrent-start id="6577" type="GMP work packet processing" contextid="6391" timestamp="2019-07-07T05:36:26.096">
  <concurrent-mark-start scanTarget="1048576" />
</concurrent-start>
<exclusive-end id="6578" timestamp="2019-07-07T05:36:26.096" durationms="0.993" />

<concurrent-end id="6579" type="GMP work packet processing" contextid="6391" timestamp="2019-07-07T05:36:26.097">
  <concurrent-mark-end bytesScanned="1096792" reasonForTermination="Work target met" />
</concurrent-end>

<exclusive-start id="6580" timestamp="2019-07-07T05:36:26.100" intervalms="5.229">
  <response-info timems="0.053" idlems="0.053" threads="0" lastid="000000000096B700" lastname="main" />
</exclusive-start>
<allocation-taxation id="6581" taxation-threshold="10485760" timestamp="2019-07-07T05:36:26.100" intervalms="5.226" />
<cycle-start id="6582" type="partial gc" contextid="0" timestamp="2019-07-07T05:36:26.100" intervalms="12.765" />
<gc-start id="6583" type="partial gc" contextid="6582" timestamp="2019-07-07T05:36:26.101">
  <mem-info id="6584" free="16777216" total="61865984" percent="27">
    <mem type="eden" free="1048552" total="22020096" percent="4" />
    <remembered-set count="64192" freebytes="2212736" totalbytes="2469504" percent="89" regionsoverflowed="0" regionsstable="0" regionsrebuilding="8"/>
  </mem-info>
</gc-start>
<allocation-stats totalBytes="20900392" >
  <allocated-bytes non-tlh="0" tlh="20900392" arrayletleaf="0"/>
  <largest-consumer threadName="main" threadId="000000000096B700" bytes="10451440" />
</allocation-stats>
<gc-op id="6585" type="copy forward" timems="1.734" contextid="6582" timestamp="2019-07-07T05:36:26.103">
  <memory-copied type="eden" objects="1" bytes="24" bytesdiscarded="0" />
  <memory-copied type="other" objects="0" bytes="0" bytesdiscarded="0" />
  <memory-cardclean objects="16" bytes="440" />
  <regions eden="20" other="1" />
  <remembered-set-cleared processed="62698" cleared="7" durationms="0.443" />
  <stringconstants candidates="13657" cleared="0"  />
</gc-op>
<gc-op id="6586" type="classunload" timems="0.003" contextid="6582" timestamp="2019-07-07T05:36:26.103">
  <classunload-info classloadercandidates="53" classloadersunloaded="0" classesunloaded="0" anonymousclassesunloaded="0" quiescems="0.000" setupms="0.003" scanms="0.000" postms="0.000" />
</gc-op>
<gc-end id="6587" type="partial gc" contextid="6582" durationms="2.975" usertimems="4.000" systemtimems="0.000" timestamp="2019-07-07T05:36:26.104" activeThreads="1">
  <mem-info id="6588" free="37748736" total="61865984" percent="61">
    <mem type="eden" free="1048552" total="1048576" percent="99" />
    <remembered-set count="64672" freebytes="2210816" totalbytes="2469504" percent="89" regionsoverflowed="0" regionsstable="0" regionsrebuilding="8"/>
  </mem-info>
</gc-end>
<cycle-end id="6589" type="partial gc" contextid="6582" timestamp="2019-07-07T05:36:26.104" />
  <attribute name="elasticGC enabled" value="1" />
  <attribute name= "numThreadsSpecified" value="1" />
  <attribute name="heapSize specified" value="0" />
  <attribute name="Current GC Util" value="163" />
  <attribute name= "Current Time Running" value="26796" />
  <attribute name ="GC Interval" value="0" />
  <attribute name="ProportionalT" value="71.500000" />
  <attribute name="ProportionalI" value="71.500000" />
  <attribute name="ProportionalH" value="71.500000" />
  <attribute name="Current Error" value="143.000000" />
  <attribute name="IntegralT" value="0.000000" />
  <attribute name="IntegralI" value="0.000000" />
  <attribute name="IntegralH" value="0.000000" />
  <attribute name="DerivativeT" value="inf" />
  <attribute name="DerivativeI" value="inf" />
  <attribute name="DerivativeH" value="inf" />
  <attribute name="Loop Time for DT" value="0.000000" />
  <attribute name="Output H" value="8388608"/>
  <attribute name="Output I" value="200"/>
  <attribute name="Output T" value="1"/>
  <attribute name="Target GC Util Change" value ="20.000000" />
  <attribute name="Current GC Util Change" value="163.000000"/>
  <attribute name="GC Util currently" value="163" />
  <attribute name="CPU Util currently" value="13945393765393" />
<exclusive-end id="6590" timestamp="2019-07-07T05:36:26.104" durationms="4.071" />

<exclusive-start id="6591" timestamp="2019-07-07T05:36:26.108" intervalms="7.505">
  <response-info timems="0.066" idlems="0.066" threads="0" lastid="000000000096B700" lastname="main" />
</exclusive-start>
<allocation-taxation id="6592" taxation-threshold="10485760" timestamp="2019-07-07T05:36:26.108" intervalms="7.511" />
<gc-start id="6593" type="global mark phase" contextid="6391" timestamp="2019-07-07T05:36:26.108">
  <mem-info id="6594" free="27262976" total="61865984" percent="44">
    <remembered-set count="64192" freebytes="2212736" totalbytes="2469504" percent="89" regionsoverflowed="0" regionsstable="0" regionsrebuilding="8"/>
  </mem-info>
</gc-start>
<gc-end id="6595" type="global mark phase" contextid="6391" durationms="0.165" usertimems="0.000" systemtimems="0.000" timestamp="2019-07-07T05:36:26.108" activeThreads="1">
  <mem-info id="6596" free="27262976" total="61865984" percent="44">
    <remembered-set count="64192" freebytes="2212736" totalbytes="2469504" percent="89" regionsoverflowed="0" regionsstable="0" regionsrebuilding="8"/>
  </mem-info>
</gc-end>
<concurrent-start id="6597" type="GMP work packet processing" contextid="6391" timestamp="2019-07-07T05:36:26.108">
  <concurrent-mark-start scanTarget="1048576" />
</concurrent-start>
<exclusive-end id="6598" timestamp="2019-07-07T05:36:26.108" durationms="0.820" />

<concurrent-end id="6599" type="GMP work packet processing" contextid="6391" timestamp="2019-07-07T05:36:26.109">
  <concurrent-mark-end bytesScanned="588084" reasonForTermination="Completed all work in GC phase" />
</concurrent-end>

<exclusive-start id="6600" timestamp="2019-07-07T05:36:26.112" intervalms="4.710">
  <response-info timems="0.055" idlems="0.055" threads="0" lastid="000000000096B700" lastname="main" />
</exclusive-start>
<allocation-taxation id="6601" taxation-threshold="10485760" timestamp="2019-07-07T05:36:26.112" intervalms="4.706" />
<cycle-start id="6602" type="partial gc" contextid="0" timestamp="2019-07-07T05:36:26.113" intervalms="12.231" />
<gc-start id="6603" type="partial gc" contextid="6602" timestamp="2019-07-07T05:36:26.113">
  <mem-info id="6604" free="16777216" total="61865984" percent="27">
    <mem type="eden" free="1048552" total="22020096" percent="4" />
    <remembered-set count="65248" freebytes="2208512" totalbytes="2469504" percent="89" regionsoverflowed="0" regionsstable="0" regionsrebuilding="8"/>
  </mem-info>
</gc-start>
<allocation-stats totalBytes="20900392" >
  <allocated-bytes non-tlh="0" tlh="20900392" arrayletleaf="0"/>
  <largest-consumer threadName="main" threadId="000000000096B700" bytes="10451416" />
</allocation-stats>
<gc-op id="6605" type="copy forward" timems="1.642" contextid="6602" timestamp="2019-07-07T05:36:26.115">
  <memory-copied type="eden" objects="1" bytes="24" bytesdiscarded="0" />
  <memory-copied type="other" objects="0" bytes="0" bytesdiscarded="0" />
  <memory-cardclean objects="16" bytes="440" />
  <regions eden="20" other="1" />
  <remembered-set-cleared processed="63245" cleared="7" durationms="0.614" />
  <stringconstants candidates="13657" cleared="0"  />
</gc-op>
<gc-op id="6606" type="classunload" timems="0.003" contextid="6602" timestamp="2019-07-07T05:36:26.115">
  <classunload-info classloadercandidates="53" classloadersunloaded="0" classesunloaded="0" anonymousclassesunloaded="0" quiescems="0.000" setupms="0.003" scanms="0.000" postms="0.000" />
</gc-op>
<gc-end id="6607" type="partial gc" contextid="6602" durationms="2.889" usertimems="4.000" systemtimems="0.000" timestamp="2019-07-07T05:36:26.116" activeThreads="1">
  <mem-info id="6608" free="37748736" total="61865984" percent="61">
    <mem type="eden" free="1048552" total="1048576" percent="99" />
    <remembered-set count="65728" freebytes="2206592" totalbytes="2469504" percent="89" regionsoverflowed="0" regionsstable="0" regionsrebuilding="8"/>
  </mem-info>
</gc-end>
<cycle-end id="6609" type="partial gc" contextid="6602" timestamp="2019-07-07T05:36:26.116" />
  <attribute name="elasticGC enabled" value="1" />
  <attribute name= "numThreadsSpecified" value="1" />
  <attribute name="heapSize specified" value="0" />
  <attribute name="Current GC Util" value="165" />
  <attribute name= "Current Time Running" value="26808" />
  <attribute name ="GC Interval" value="0" />
  <attribute name="ProportionalT" value="72.500000" />
  <attribute name="ProportionalI" value="72.500000" />
  <attribute name="ProportionalH" value="72.500000" />
  <attribute name="Current Error" value="145.000000" />
  <attribute name="IntegralT" value="0.000000" />
  <attribute name="IntegralI" value="0.000000" />
  <attribute name="IntegralH" value="0.000000" />
  <attribute name="DerivativeT" value="inf" />
  <attribute name="DerivativeI" value="inf" />
  <attribute name="DerivativeH" value="inf" />
  <attribute name="Loop Time for DT" value="0.000000" />
  <attribute name="Output H" value="8388608"/>
  <attribute name="Output I" value="200"/>
  <attribute name="Output T" value="1"/>
  <attribute name="Target GC Util Change" value ="20.000000" />
  <attribute name="Current GC Util Change" value="165.000000"/>
  <attribute name="GC Util currently" value="165" />
  <attribute name="CPU Util currently" value="14086430155674" />
<exclusive-end id="6610" timestamp="2019-07-07T05:36:26.116" durationms="3.990" />

<exclusive-start id="6611" timestamp="2019-07-07T05:36:26.120" intervalms="7.380">
  <response-info timems="0.053" idlems="0.053" threads="0" lastid="000000000096B700" lastname="main" />
</exclusive-start>
<allocation-taxation id="6612" taxation-threshold="10485760" timestamp="2019-07-07T05:36:26.120" intervalms="7.354" />
<gc-start id="6613" type="global mark phase" contextid="6391" timestamp="2019-07-07T05:36:26.120">
  <mem-info id="6614" free="27262976" total="61865984" percent="44">
    <remembered-set count="65248" freebytes="2208512" totalbytes="2469504" percent="89" regionsoverflowed="0" regionsstable="0" regionsrebuilding="8"/>
  </mem-info>
</gc-start>
<gc-op id="6615" type="mark increment" timems="5.310" contextid="6391" timestamp="2019-07-07T05:36:26.125">
  <trace-info objectcount="5" scancount="5" scanbytes="229496" />
  <cardclean-info objects="142434" bytes="4468028" />
  <finalization candidates="80" enqueued="0" />
  <ownableSynchronizers candidates="21" cleared="0" />
  <references type="soft" candidates="3268" cleared="0" enqueued="0" dynamicThreshold="19" maxThreshold="32" />
  <references type="weak" candidates="5732" cleared="0" enqueued="0" />
  <references type="phantom" candidates="101" cleared="0" enqueued="0" />
  <stringconstants candidates="13657" cleared="0"  />
</gc-op>
<gc-op id="6616" type="classunload" timems="0.004" contextid="6391" timestamp="2019-07-07T05:36:26.126">
  <classunload-info classloadercandidates="53" classloadersunloaded="0" classesunloaded="0" anonymousclassesunloaded="0" quiescems="0.000" setupms="0.004" scanms="0.000" postms="0.000" />
</gc-op>
<gc-end id="6617" type="global mark phase" contextid="6391" durationms="5.826" usertimems="12.000" systemtimems="0.000" timestamp="2019-07-07T05:36:26.126" activeThreads="4">
  <mem-info id="6618" free="27262976" total="61865984" percent="44">
    <remembered-set count="69344" freebytes="2192128" totalbytes="2469504" percent="88" regionsoverflowed="0" regionsstable="0" regionsrebuilding="0"/>
  </mem-info>
</gc-end>
<cycle-end id="6619" type="global mark phase" contextid="6391" timestamp="2019-07-07T05:36:26.126" />
  <attribute name="elasticGC enabled" value="1" />
  <attribute name= "numThreadsSpecified" value="4" />
  <attribute name="heapSize specified" value="0" />
  <attribute name="Current GC Util" value="199" />
  <attribute name= "Current Time Running" value="26818" />
  <attribute name ="GC Interval" value="0" />
  <attribute name="ProportionalT" value="89.500000" />
  <attribute name="ProportionalI" value="89.500000" />
  <attribute name="ProportionalH" value="89.500000" />
  <attribute name="Current Error" value="179.000000" />
  <attribute name="IntegralT" value="0.000000" />
  <attribute name="IntegralI" value="0.000000" />
  <attribute name="IntegralH" value="0.000000" />
  <attribute name="DerivativeT" value="-inf" />
  <attribute name="DerivativeI" value="-inf" />
  <attribute name="DerivativeH" value="-inf" />
  <attribute name="Loop Time for DT" value="0.000000" />
  <attribute name="Output H" value="2091843584"/>
  <attribute name="Output I" value="200"/>
  <attribute name="Output T" value="4"/>
  <attribute name="Target GC Util Change" value ="20.000000" />
  <attribute name="Current GC Util Change" value="199.000000"/>
  <attribute name="GC Util currently" value="199" />
  <attribute name="CPU Util currently" value="8194502870103" />
<exclusive-end id="6620" timestamp="2019-07-07T05:36:26.126" durationms="6.554" />

<exclusive-start id="6621" timestamp="2019-07-07T05:36:26.130" intervalms="9.961">
  <response-info timems="0.068" idlems="0.068" threads="0" lastid="000000000096B700" lastname="main" />
</exclusive-start>
<allocation-taxation id="6622" taxation-threshold="10485760" timestamp="2019-07-07T05:36:26.130" intervalms="10.035" />
<cycle-start id="6623" type="partial gc" contextid="0" timestamp="2019-07-07T05:36:26.130" intervalms="17.401" />
<gc-start id="6624" type="partial gc" contextid="6623" timestamp="2019-07-07T05:36:26.130">
  <mem-info id="6625" free="16777216" total="61865984" percent="27">
    <mem type="eden" free="1048552" total="22020096" percent="4" />
    <remembered-set count="63104" freebytes="2217088" totalbytes="2469504" percent="89" regionsoverflowed="0" regionsstable="3" regionsrebuilding="0"/>
  </mem-info>
</gc-start>
<allocation-stats totalBytes="20900392" >
  <allocated-bytes non-tlh="0" tlh="20900392" arrayletleaf="0"/>
  <largest-consumer threadName="main" threadId="000000000096B700" bytes="10451416" />
</allocation-stats>
<gc-op id="6626" type="sweep" timems="0.994" contextid="6623" timestamp="2019-07-07T05:36:26.132" />
<gc-op id="6627" type="copy forward" timems="3.274" contextid="6623" timestamp="2019-07-07T05:36:26.136">
  <memory-copied type="eden" objects="1" bytes="24" bytesdiscarded="0" />
  <memory-copied type="other" objects="0" bytes="0" bytesdiscarded="0" />
  <memory-cardclean objects="16" bytes="440" />
  <regions eden="10" other="1" />
  <remembered-set-cleared processed="61120" cleared="8" durationms="0.246" />
  <stringconstants candidates="13657" cleared="0"  />
</gc-op>
<gc-op id="6628" type="classunload" timems="0.003" contextid="6623" timestamp="2019-07-07T05:36:26.136">
  <classunload-info classloadercandidates="53" classloadersunloaded="0" classesunloaded="0" anonymousclassesunloaded="0" quiescems="0.000" setupms="0.003" scanms="0.000" postms="0.000" />
</gc-op>
<gc-end id="6629" type="partial gc" contextid="6623" durationms="5.782" usertimems="8.000" systemtimems="4.000" timestamp="2019-07-07T05:36:26.136" activeThreads="4">
  <mem-info id="6630" free="37748736" total="61865984" percent="61">
    <mem type="eden" free="1048552" total="1048576" percent="99" />
    <remembered-set count="62624" freebytes="2219008" totalbytes="2469504" percent="89" regionsoverflowed="0" regionsstable="3" regionsrebuilding="0"/>
  </mem-info>
</gc-end>
<cycle-end id="6631" type="partial gc" contextid="6623" timestamp="2019-07-07T05:36:26.136" />
  <attribute name="elasticGC enabled" value="1" />
  <attribute name= "numThreadsSpecified" value="4" />
  <attribute name="heapSize specified" value="0" />
  <attribute name="Current GC Util" value="175" />
  <attribute name= "Current Time Running" value="26827" />
  <attribute name ="GC Interval" value="0" />
  <attribute name="ProportionalT" value="77.500000" />
  <attribute name="ProportionalI" value="77.500000" />
  <attribute name="ProportionalH" value="77.500000" />
  <attribute name="Current Error" value="155.000000" />
  <attribute name="IntegralT" value="77.500000" />
  <attribute name="IntegralI" value="77.500000" />
  <attribute name="IntegralH" value="77.500000" />
  <attribute name="DerivativeT" value="18.000000" />
  <attribute name="DerivativeI" value="18.000000" />
  <attribute name="DerivativeH" value="18.000000" />
  <attribute name="Loop Time for DT" value="1.000000" />
  <attribute name="Output H" value="8388608"/>
  <attribute name="Output I" value="200"/>
  <attribute name="Output T" value="4"/>
  <attribute name="Target GC Util Change" value ="20.000000" />
  <attribute name="Current GC Util Change" value="175.000000"/>
  <attribute name="GC Util currently" value="175" />
  <attribute name="CPU Util currently" value="14376924076593" />
<exclusive-end id="6632" timestamp="2019-07-07T05:36:26.136" durationms="6.932" />

<exclusive-start id="6633" timestamp="2019-07-07T05:36:26.143" intervalms="13.789">
  <response-info timems="0.090" idlems="0.090" threads="0" lastid="000000000096B700" lastname="main" />
</exclusive-start>
<allocation-taxation id="6634" taxation-threshold="22020096" timestamp="2019-07-07T05:36:26.144" intervalms="13.751" />
<cycle-start id="6635" type="partial gc" contextid="0" timestamp="2019-07-07T05:36:26.144" intervalms="13.707" />
<gc-start id="6636" type="partial gc" contextid="6635" timestamp="2019-07-07T05:36:26.144">
  <mem-info id="6637" free="15728640" total="61865984" percent="25">
    <mem type="eden" free="1048552" total="23068672" percent="4" />
    <remembered-set count="62624" freebytes="2219008" totalbytes="2469504" percent="89" regionsoverflowed="0" regionsstable="3" regionsrebuilding="0"/>
  </mem-info>
</gc-start>
<allocation-stats totalBytes="21945536" >
  <allocated-bytes non-tlh="0" tlh="21945536" arrayletleaf="0"/>
  <largest-consumer threadName="main" threadId="000000000096B700" bytes="21945536" />
</allocation-stats>
<gc-op id="6638" type="copy forward" timems="1.323" contextid="6635" timestamp="2019-07-07T05:36:26.146">
  <memory-copied type="eden" objects="1" bytes="24" bytesdiscarded="0" />
  <memory-copied type="other" objects="25" bytes="800" bytesdiscarded="0" />
  <memory-cardclean objects="99" bytes="2600" />
  <regions eden="21" other="3" />
  <remembered-set-cleared processed="61112" cleared="34" durationms="0.435" />
  <stringconstants candidates="13657" cleared="0"  />
</gc-op>
<gc-op id="6639" type="classunload" timems="0.003" contextid="6635" timestamp="2019-07-07T05:36:26.146">
  <classunload-info classloadercandidates="53" classloadersunloaded="0" classesunloaded="0" anonymousclassesunloaded="0" quiescems="0.000" setupms="0.003" scanms="0.000" postms="0.000" />
</gc-op>
<heap-resize id="6640" type="contract" space="default" amount="2097152" count="1" timems="0.222" reason="excess free space following gc" timestamp="2019-07-07T05:36:26.147" />
<gc-end id="6641" type="partial gc" contextid="6635" durationms="2.856" usertimems="4.000" systemtimems="0.000" timestamp="2019-07-07T05:36:26.147" activeThreads="1">
  <mem-info id="6642" free="36700160" total="59768832" percent="61">
    <mem type="eden" free="1048552" total="1048576" percent="99" />
    <remembered-set count="63072" freebytes="2217216" totalbytes="2469504" percent="89" regionsoverflowed="0" regionsstable="3" regionsrebuilding="0"/>
  </mem-info>
</gc-end>
<cycle-end id="6643" type="partial gc" contextid="6635" timestamp="2019-07-07T05:36:26.147" />
  <attribute name="elasticGC enabled" value="1" />
  <attribute name= "numThreadsSpecified" value="1" />
  <attribute name="heapSize specified" value="0" />
  <attribute name="Current GC Util" value="214" />
  <attribute name= "Current Time Running" value="26839" />
  <attribute name ="GC Interval" value="0" />
  <attribute name="ProportionalT" value="97.000000" />
  <attribute name="ProportionalI" value="97.000000" />
  <attribute name="ProportionalH" value="97.000000" />
  <attribute name="Current Error" value="194.000000" />
  <attribute name="IntegralT" value="0.000000" />
  <attribute name="IntegralI" value="0.000000" />
  <attribute name="IntegralH" value="0.000000" />
  <attribute name="DerivativeT" value="inf" />
  <attribute name="DerivativeI" value="inf" />
  <attribute name="DerivativeH" value="inf" />
  <attribute name="Loop Time for DT" value="0.000000" />
  <attribute name="Output H" value="8388608"/>
  <attribute name="Output I" value="200"/>
  <attribute name="Output T" value="1"/>
  <attribute name="Target GC Util Change" value ="20.000000" />
  <attribute name="Current GC Util Change" value="214.000000"/>
  <attribute name="GC Util currently" value="214" />
  <attribute name="CPU Util currently" value="13966172232341" />
<exclusive-end id="6644" timestamp="2019-07-07T05:36:26.147" durationms="3.898" />

<exclusive-start id="6645" timestamp="2019-07-07T05:36:26.154" intervalms="10.769">
  <response-info timems="0.056" idlems="0.056" threads="0" lastid="000000000096B700" lastname="main" />
</exclusive-start>
<allocation-taxation id="6646" taxation-threshold="22020096" timestamp="2019-07-07T05:36:26.154" intervalms="10.763" />
<cycle-start id="6647" type="partial gc" contextid="0" timestamp="2019-07-07T05:36:26.155" intervalms="10.811" />
<gc-start id="6648" type="partial gc" contextid="6647" timestamp="2019-07-07T05:36:26.155">
  <mem-info id="6649" free="14680064" total="59768832" percent="24">
    <mem type="eden" free="1048552" total="23068672" percent="4" />
    <remembered-set count="62656" freebytes="2218880" totalbytes="2469504" percent="89" regionsoverflowed="0" regionsstable="3" regionsrebuilding="0"/>
  </mem-info>
</gc-start>
<allocation-stats totalBytes="21945560" >
  <allocated-bytes non-tlh="0" tlh="21945560" arrayletleaf="0"/>
  <largest-consumer threadName="main" threadId="000000000096B700" bytes="21945560" />
</allocation-stats>
<gc-op id="6650" type="copy forward" timems="7.992" contextid="6647" timestamp="2019-07-07T05:36:26.164">
  <memory-copied type="eden" objects="1" bytes="24" bytesdiscarded="0" />
  <memory-copied type="other" objects="67" bytes="2872" bytesdiscarded="224" />
  <memory-cardclean objects="94124" bytes="3510408" />
  <regions eden="21" other="2" />
  <remembered-set-cleared processed="49209" cleared="15177" durationms="0.535" />
  <stringconstants candidates="13657" cleared="0"  />
</gc-op>
<gc-op id="6651" type="classunload" timems="0.004" contextid="6647" timestamp="2019-07-07T05:36:26.164">
  <classunload-info classloadercandidates="53" classloadersunloaded="0" classesunloaded="0" anonymousclassesunloaded="0" quiescems="0.000" setupms="0.004" scanms="0.000" postms="0.000" />
</gc-op>
<heap-resize id="6652" type="contract" space="default" amount="3145728" count="1" timems="0.209" reason="excess free space following gc" timestamp="2019-07-07T05:36:26.164" />
<gc-end id="6653" type="partial gc" contextid="6647" durationms="9.731" usertimems="8.000" systemtimems="0.000" timestamp="2019-07-07T05:36:26.165" activeThreads="1">
  <mem-info id="6654" free="34603008" total="56623104" percent="61">
    <mem type="eden" free="1048552" total="1048576" percent="99" />
    <remembered-set count="52960" freebytes="2173952" totalbytes="2385792" percent="91" regionsoverflowed="0" regionsstable="3" regionsrebuilding="0"/>
  </mem-info>
</gc-end>
<cycle-end id="6655" type="partial gc" contextid="6647" timestamp="2019-07-07T05:36:26.165" />
  <attribute name="elasticGC enabled" value="1" />
  <attribute name= "numThreadsSpecified" value="1" />
  <attribute name="heapSize specified" value="0" />
  <attribute name="Current GC Util" value="203" />
  <attribute name= "Current Time Running" value="26850" />
  <attribute name ="GC Interval" value="0" />
  <attribute name="ProportionalT" value="91.500000" />
  <attribute name="ProportionalI" value="91.500000" />
  <attribute name="ProportionalH" value="91.500000" />
  <attribute name="Current Error" value="183.000000" />
  <attribute name="IntegralT" value="0.000000" />
  <attribute name="IntegralI" value="0.000000" />
  <attribute name="IntegralH" value="0.000000" />
  <attribute name="DerivativeT" value="inf" />
  <attribute name="DerivativeI" value="inf" />
  <attribute name="DerivativeH" value="inf" />
  <attribute name="Loop Time for DT" value="0.000000" />
  <attribute name="Output H" value="8388608"/>
  <attribute name="Output I" value="200"/>
  <attribute name="Output T" value="1"/>
  <attribute name="Target GC Util Change" value ="20.000000" />
  <attribute name="Current GC Util Change" value="203.000000"/>
  <attribute name="GC Util currently" value="203" />
  <attribute name="CPU Util currently" value="8487161531555" />
<exclusive-end id="6656" timestamp="2019-07-07T05:36:26.165" durationms="10.896" />

<exclusive-start id="6657" timestamp="2019-07-07T05:36:26.172" intervalms="18.052">
  <response-info timems="0.068" idlems="0.068" threads="0" lastid="000000000096B700" lastname="main" />
</exclusive-start>
<allocation-taxation id="6658" taxation-threshold="20971520" timestamp="2019-07-07T05:36:26.172" intervalms="18.085" />
<cycle-start id="6659" type="partial gc" contextid="0" timestamp="2019-07-07T05:36:26.173" intervalms="18.056" />
<gc-start id="6660" type="partial gc" contextid="6659" timestamp="2019-07-07T05:36:26.173">
  <mem-info id="6661" free="13631488" total="56623104" percent="24">
    <mem type="eden" free="1048552" total="22020096" percent="4" />
    <remembered-set count="23360" freebytes="2292352" totalbytes="2385792" percent="96" regionsoverflowed="0" regionsstable="13" regionsrebuilding="0"/>
  </mem-info>
</gc-start>
<allocation-stats totalBytes="20857624" >
  <allocated-bytes non-tlh="0" tlh="20857624" arrayletleaf="0"/>
  <largest-consumer threadName="main" threadId="000000000096B700" bytes="20857624" />
</allocation-stats>
<gc-op id="6662" type="copy forward" timems="5.355" contextid="6659" timestamp="2019-07-07T05:36:26.179">
  <memory-copied type="eden" objects="26" bytes="1904" bytesdiscarded="0" />
  <memory-copied type="other" objects="13063" bytes="783552" bytesdiscarded="200" />
  <memory-cardclean objects="42071" bytes="1359488" />
  <regions eden="20" other="3" />
  <remembered-set-cleared processed="19532" cleared="1906" durationms="0.233" />
  <finalization candidates="4" enqueued="0" />
  <references type="soft" candidates="297" cleared="0" enqueued="0" dynamicThreshold="19" maxThreshold="32" />
  <references type="weak" candidates="210" cleared="0" enqueued="0" />
  <references type="phantom" candidates="52" cleared="0" enqueued="0" />
  <stringconstants candidates="13657" cleared="0"  />
</gc-op>
<gc-op id="6663" type="classunload" timems="0.003" contextid="6659" timestamp="2019-07-07T05:36:26.179">
  <classunload-info classloadercandidates="53" classloadersunloaded="0" classesunloaded="0" anonymousclassesunloaded="0" quiescems="0.000" setupms="0.003" scanms="0.000" postms="0.000" />
</gc-op>
<heap-resize id="6664" type="contract" space="default" amount="3145728" count="1" timems="0.204" reason="excess free space following gc" timestamp="2019-07-07T05:36:26.180" />
<gc-end id="6665" type="partial gc" contextid="6659" durationms="7.093" usertimems="4.000" systemtimems="4.000" timestamp="2019-07-07T05:36:26.180" activeThreads="1">
  <mem-info id="6666" free="33554432" total="53477376" percent="62">
    <mem type="eden" free="1046672" total="1048576" percent="99" />
    <remembered-set count="23456" freebytes="2166400" totalbytes="2260224" percent="95" regionsoverflowed="0" regionsstable="13" regionsrebuilding="0"/>
  </mem-info>
</gc-end>
<cycle-end id="6667" type="partial gc" contextid="6659" timestamp="2019-07-07T05:36:26.180" />
  <attribute name="elasticGC enabled" value="1" />
  <attribute name= "numThreadsSpecified" value="1" />
  <attribute name="heapSize specified" value="0" />
  <attribute name="Current GC Util" value="178" />
  <attribute name= "Current Time Running" value="26868" />
  <attribute name ="GC Interval" value="0" />
  <attribute name="ProportionalT" value="79.000000" />
  <attribute name="ProportionalI" value="79.000000" />
  <attribute name="ProportionalH" value="79.000000" />
  <attribute name="Current Error" value="158.000000" />
  <attribute name="IntegralT" value="0.000000" />
  <attribute name="IntegralI" value="0.000000" />
  <attribute name="IntegralH" value="0.000000" />
  <attribute name="DerivativeT" value="inf" />
  <attribute name="DerivativeI" value="inf" />
  <attribute name="DerivativeH" value="inf" />
  <attribute name="Loop Time for DT" value="0.000000" />
  <attribute name="Output H" value="8388608"/>
  <attribute name="Output I" value="200"/>
  <attribute name="Output T" value="1"/>
  <attribute name="Target GC Util Change" value ="20.000000" />
  <attribute name="Current GC Util Change" value="178.000000"/>
  <attribute name="GC Util currently" value="178" />
  <attribute name="CPU Util currently" value="8640711418580" />
<exclusive-end id="6668" timestamp="2019-07-07T05:36:26.180" durationms="8.237" />

<exclusive-start id="6669" timestamp="2019-07-07T05:36:26.184" intervalms="11.351">
  <response-info timems="0.053" idlems="0.053" threads="0" lastid="000000000096B700" lastname="main" />
</exclusive-start>
<allocation-taxation id="6670" taxation-threshold="9437184" timestamp="2019-07-07T05:36:26.184" intervalms="11.325" />
<cycle-start id="6671" type="global mark phase" contextid="0" timestamp="2019-07-07T05:36:26.184" intervalms="217.051" />
<gc-start id="6672" type="global mark phase" contextid="6671" timestamp="2019-07-07T05:36:26.184">
  <mem-info id="6673" free="24117248" total="53477376" percent="45">
    <remembered-set count="23328" freebytes="2166912" totalbytes="2260224" percent="95" regionsoverflowed="0" regionsstable="13" regionsrebuilding="0"/>
  </mem-info>
</gc-start>
<gc-op id="6674" type="mark increment" timems="0.843" contextid="6671" timestamp="2019-07-07T05:36:26.185">
  <trace-info objectcount="171" scancount="0" scanbytes="0" />
</gc-op>
<gc-end id="6675" type="global mark phase" contextid="6671" durationms="1.056" usertimems="0.000" systemtimems="0.000" timestamp="2019-07-07T05:36:26.185" activeThreads="1">
  <mem-info id="6676" free="24117248" total="53477376" percent="45">
    <remembered-set count="23328" freebytes="2166912" totalbytes="2260224" percent="95" regionsoverflowed="0" regionsstable="0" regionsrebuilding="13"/>
  </mem-info>
</gc-end>
<concurrent-start id="6677" type="GMP work packet processing" contextid="6671" timestamp="2019-07-07T05:36:26.185">
  <concurrent-mark-start scanTarget="1048576" />
</concurrent-start>
<exclusive-end id="6678" timestamp="2019-07-07T05:36:26.186" durationms="2.016" />

<concurrent-end id="6679" type="GMP work packet processing" contextid="6671" timestamp="2019-07-07T05:36:26.187">
  <concurrent-mark-end bytesScanned="1115720" reasonForTermination="Work target met" />
</concurrent-end>

<exclusive-start id="6680" timestamp="2019-07-07T05:36:26.190" intervalms="6.279">
  <response-info timems="0.024" idlems="0.024" threads="0" lastid="000000000096B700" lastname="main" />
</exclusive-start>
<allocation-taxation id="6681" taxation-threshold="9437184" timestamp="2019-07-07T05:36:26.190" intervalms="6.262" />
<cycle-start id="6682" type="partial gc" contextid="0" timestamp="2019-07-07T05:36:26.190" intervalms="17.539" />
<gc-start id="6683" type="partial gc" contextid="6682" timestamp="2019-07-07T05:36:26.190">
  <mem-info id="6684" free="14680064" total="53477376" percent="27">
    <mem type="eden" free="0" total="18874368" percent="0" />
    <remembered-set count="29632" freebytes="2141696" totalbytes="2260224" percent="94" regionsoverflowed="0" regionsstable="0" regionsrebuilding="13"/>
  </mem-info>
</gc-start>
<allocation-stats totalBytes="18748800" >
  <allocated-bytes non-tlh="0" tlh="18748800" arrayletleaf="0"/>
  <largest-consumer threadName="main" threadId="000000000096B700" bytes="9374400" />
</allocation-stats>
<gc-op id="6685" type="copy forward" timems="3.102" contextid="6682" timestamp="2019-07-07T05:36:26.195">
  <memory-copied type="eden" objects="0" bytes="0" bytesdiscarded="0" />
  <memory-copied type="other" objects="26" bytes="1904" bytesdiscarded="1080" />
  <memory-cardclean objects="2958" bytes="94416" />
  <regions eden="18" other="1" />
  <remembered-set-cleared processed="27672" cleared="471" durationms="0.155" />
  <stringconstants candidates="13657" cleared="0"  />
</gc-op>
<gc-op id="6686" type="classunload" timems="0.003" contextid="6682" timestamp="2019-07-07T05:36:26.195">
  <classunload-info classloadercandidates="53" classloadersunloaded="0" classesunloaded="0" anonymousclassesunloaded="0" quiescems="0.000" setupms="0.003" scanms="0.000" postms="0.000" />
</gc-op>
<heap-resize id="6687" type="contract" space="default" amount="2097152" count="1" timems="0.130" reason="excess free space following gc" timestamp="2019-07-07T05:36:26.195" />
<gc-end id="6688" type="partial gc" contextid="6682" durationms="4.845" usertimems="8.000" systemtimems="0.000" timestamp="2019-07-07T05:36:26.195" activeThreads="4">
  <mem-info id="6689" free="31457280" total="51380224" percent="61">
    <remembered-set count="29376" freebytes="2017152" totalbytes="2134656" percent="94" regionsoverflowed="0" regionsstable="0" regionsrebuilding="13"/>
  </mem-info>
</gc-end>
<cycle-end id="6690" type="partial gc" contextid="6682" timestamp="2019-07-07T05:36:26.195" />
  <attribute name="elasticGC enabled" value="1" />
  <attribute name= "numThreadsSpecified" value="4" />
  <attribute name="heapSize specified" value="0" />
  <attribute name="Current GC Util" value="114" />
  <attribute name= "Current Time Running" value="26886" />
  <attribute name ="GC Interval" value="0" />
  <attribute name="ProportionalT" value="47.000000" />
  <attribute name="ProportionalI" value="47.000000" />
  <attribute name="ProportionalH" value="47.000000" />
  <attribute name="Current Error" value="94.000000" />
  <attribute name="IntegralT" value="47.000000" />
  <attribute name="IntegralI" value="47.000000" />
  <attribute name="IntegralH" value="47.000000" />
  <attribute name="DerivativeT" value="32.000000" />
  <attribute name="DerivativeI" value="32.000000" />
  <attribute name="DerivativeH" value="32.000000" />
  <attribute name="Loop Time for DT" value="1.000000" />
  <attribute name="Output H" value="8388608"/>
  <attribute name="Output I" value="200"/>
  <attribute name="Output T" value="4"/>
  <attribute name="Target GC Util Change" value ="20.000000" />
  <attribute name="Current GC Util Change" value="114.000000"/>
  <attribute name="GC Util currently" value="114" />
  <attribute name="CPU Util currently" value="9759107855108" />
<exclusive-end id="6691" timestamp="2019-07-07T05:36:26.196" durationms="5.792" />

<exclusive-start id="6692" timestamp="2019-07-07T05:36:26.199" intervalms="8.909">
  <response-info timems="0.054" idlems="0.054" threads="0" lastid="000000000096B700" lastname="main" />
</exclusive-start>
<allocation-taxation id="6693" taxation-threshold="9437184" timestamp="2019-07-07T05:36:26.199" intervalms="8.911" />
<gc-start id="6694" type="global mark phase" contextid="6671" timestamp="2019-07-07T05:36:26.199">
  <mem-info id="6695" free="22020096" total="51380224" percent="42">
    <remembered-set count="29376" freebytes="2017152" totalbytes="2134656" percent="94" regionsoverflowed="0" regionsstable="0" regionsrebuilding="13"/>
  </mem-info>
</gc-start>
<gc-end id="6696" type="global mark phase" contextid="6671" durationms="0.189" usertimems="0.000" systemtimems="0.000" timestamp="2019-07-07T05:36:26.199" activeThreads="4">
  <mem-info id="6697" free="22020096" total="51380224" percent="42">
    <remembered-set count="29376" freebytes="2017152" totalbytes="2134656" percent="94" regionsoverflowed="0" regionsstable="0" regionsrebuilding="13"/>
  </mem-info>
</gc-end>
<concurrent-start id="6698" type="GMP work packet processing" contextid="6671" timestamp="2019-07-07T05:36:26.199">
  <concurrent-mark-start scanTarget="1761329" />
</concurrent-start>
<exclusive-end id="6699" timestamp="2019-07-07T05:36:26.200" durationms="0.866" />

<concurrent-end id="6700" type="GMP work packet processing" contextid="6671" timestamp="2019-07-07T05:36:26.201">
  <concurrent-mark-end bytesScanned="1840680" reasonForTermination="Work target met" />
</concurrent-end>

<exclusive-start id="6701" timestamp="2019-07-07T05:36:26.204" intervalms="5.341">
  <response-info timems="0.052" idlems="0.052" threads="0" lastid="000000000096B700" lastname="main" />
</exclusive-start>
<allocation-taxation id="6702" taxation-threshold="9437184" timestamp="2019-07-07T05:36:26.204" intervalms="5.331" />
<cycle-start id="6703" type="partial gc" contextid="0" timestamp="2019-07-07T05:36:26.204" intervalms="14.295" />
<gc-start id="6704" type="partial gc" contextid="6703" timestamp="2019-07-07T05:36:26.205">
  <mem-info id="6705" free="12582912" total="51380224" percent="24">
    <mem type="eden" free="0" total="18874368" percent="0" />
    <remembered-set count="33760" freebytes="1999616" totalbytes="2134656" percent="93" regionsoverflowed="0" regionsstable="0" regionsrebuilding="13"/>
  </mem-info>
</gc-start>
<allocation-stats totalBytes="18748800" >
  <allocated-bytes non-tlh="0" tlh="18748800" arrayletleaf="0"/>
  <largest-consumer threadName="main" threadId="000000000096B700" bytes="9374400" />
</allocation-stats>
<gc-op id="6706" type="copy forward" timems="1.751" contextid="6703" timestamp="2019-07-07T05:36:26.207">
  <memory-copied type="eden" objects="0" bytes="0" bytesdiscarded="0" />
  <memory-copied type="other" objects="0" bytes="0" bytesdiscarded="0" />
  <memory-cardclean objects="1450" bytes="47464" />
  <regions eden="18" other="0" />
  <remembered-set-cleared processed="32013" cleared="251" durationms="0.290" />
  <stringconstants candidates="13657" cleared="0"  />
</gc-op>
<gc-op id="6707" type="classunload" timems="0.003" contextid="6703" timestamp="2019-07-07T05:36:26.208">
  <classunload-info classloadercandidates="53" classloadersunloaded="0" classesunloaded="0" anonymousclassesunloaded="0" quiescems="0.000" setupms="0.003" scanms="0.000" postms="0.000" />
</gc-op>
<gc-end id="6708" type="partial gc" contextid="6703" durationms="3.112" usertimems="4.000" systemtimems="0.000" timestamp="2019-07-07T05:36:26.208" activeThreads="1">
  <mem-info id="6709" free="31457280" total="51380224" percent="61">
    <remembered-set count="33344" freebytes="1917568" totalbytes="2050944" percent="93" regionsoverflowed="0" regionsstable="0" regionsrebuilding="13"/>
  </mem-info>
</gc-end>
<cycle-end id="6710" type="partial gc" contextid="6703" timestamp="2019-07-07T05:36:26.208" />
  <attribute name="elasticGC enabled" value="1" />
  <attribute name= "numThreadsSpecified" value="1" />
  <attribute name="heapSize specified" value="0" />
  <attribute name="Current GC Util" value="114" />
  <attribute name= "Current Time Running" value="26900" />
  <attribute name ="GC Interval" value="0" />
  <attribute name="ProportionalT" value="47.000000" />
  <attribute name="ProportionalI" value="47.000000" />
  <attribute name="ProportionalH" value="47.000000" />
  <attribute name="Current Error" value="94.000000" />
  <attribute name="IntegralT" value="0.000000" />
  <attribute name="IntegralI" value="0.000000" />
  <attribute name="IntegralH" value="0.000000" />
  <attribute name="DerivativeT" value="inf" />
  <attribute name="DerivativeI" value="inf" />
  <attribute name="DerivativeH" value="inf" />
  <attribute name="Loop Time for DT" value="0.000000" />
  <attribute name="Output H" value="8388608"/>
  <attribute name="Output I" value="200"/>
  <attribute name="Output T" value="1"/>
  <attribute name="Target GC Util Change" value ="20.000000" />
  <attribute name="Current GC Util Change" value="114.000000"/>
  <attribute name="GC Util currently" value="114" />
  <attribute name="CPU Util currently" value="9299610073000" />
<exclusive-end id="6711" timestamp="2019-07-07T05:36:26.208" durationms="4.194" />

<exclusive-start id="6712" timestamp="2019-07-07T05:36:26.211" intervalms="7.296">
  <response-info timems="0.058" idlems="0.058" threads="0" lastid="000000000096B700" lastname="main" />
</exclusive-start>
<allocation-taxation id="6713" taxation-threshold="9437184" timestamp="2019-07-07T05:36:26.211" intervalms="7.302" />
<gc-start id="6714" type="global mark phase" contextid="6671" timestamp="2019-07-07T05:36:26.212">
  <mem-info id="6715" free="22020096" total="51380224" percent="42">
    <remembered-set count="33312" freebytes="1917696" totalbytes="2050944" percent="93" regionsoverflowed="0" regionsstable="0" regionsrebuilding="13"/>
  </mem-info>
</gc-start>
<gc-end id="6716" type="global mark phase" contextid="6671" durationms="0.146" usertimems="0.000" systemtimems="0.000" timestamp="2019-07-07T05:36:26.212" activeThreads="1">
  <mem-info id="6717" free="22020096" total="51380224" percent="42">
    <remembered-set count="33312" freebytes="1917696" totalbytes="2050944" percent="93" regionsoverflowed="0" regionsstable="0" regionsrebuilding="13"/>
  </mem-info>
</gc-end>
<concurrent-start id="6718" type="GMP work packet processing" contextid="6671" timestamp="2019-07-07T05:36:26.212">
  <concurrent-mark-start scanTarget="1320996" />
</concurrent-start>
<exclusive-end id="6719" timestamp="2019-07-07T05:36:26.212" durationms="0.788" />

<concurrent-end id="6720" type="GMP work packet processing" contextid="6671" timestamp="2019-07-07T05:36:26.213">
  <concurrent-mark-end bytesScanned="1375036" reasonForTermination="Work target met" />
</concurrent-end>

<exclusive-start id="6721" timestamp="2019-07-07T05:36:26.216" intervalms="4.925">
  <response-info timems="0.053" idlems="0.053" threads="0" lastid="000000000096B700" lastname="main" />
</exclusive-start>
<allocation-taxation id="6722" taxation-threshold="9437184" timestamp="2019-07-07T05:36:26.216" intervalms="4.930" />
<cycle-start id="6723" type="partial gc" contextid="0" timestamp="2019-07-07T05:36:26.217" intervalms="12.223" />
<gc-start id="6724" type="partial gc" contextid="6723" timestamp="2019-07-07T05:36:26.217">
  <mem-info id="6725" free="12582912" total="51380224" percent="24">
    <mem type="eden" free="0" total="18874368" percent="0" />
    <remembered-set count="42048" freebytes="1882752" totalbytes="2050944" percent="91" regionsoverflowed="0" regionsstable="0" regionsrebuilding="13"/>
  </mem-info>
</gc-start>
<allocation-stats totalBytes="18754176" >
  <allocated-bytes non-tlh="0" tlh="18754176" arrayletleaf="0"/>
  <largest-consumer threadName="main" threadId="000000000096B700" bytes="9378024" />
</allocation-stats>
<gc-op id="6726" type="copy forward" timems="1.592" contextid="6723" timestamp="2019-07-07T05:36:26.219">
  <memory-copied type="eden" objects="1" bytes="24" bytesdiscarded="0" />
  <memory-copied type="other" objects="0" bytes="0" bytesdiscarded="0" />
  <memory-cardclean objects="10" bytes="424" />
  <regions eden="18" other="0" />
  <remembered-set-cleared processed="40360" cleared="5" durationms="0.306" />
  <stringconstants candidates="13657" cleared="0"  />
</gc-op>
<gc-op id="6727" type="classunload" timems="0.004" contextid="6723" timestamp="2019-07-07T05:36:26.219">
  <classunload-info classloadercandidates="53" classloadersunloaded="0" classesunloaded="0" anonymousclassesunloaded="0" quiescems="0.000" setupms="0.004" scanms="0.000" postms="0.000" />
</gc-op>
<heap-resize id="6728" type="expand" space="default" amount="1048576" count="1" timems="0.060" reason="excessive time being spent in gc" timestamp="2019-07-07T05:36:26.220" />
<gc-end id="6729" type="partial gc" contextid="6723" durationms="3.061" usertimems="4.000" systemtimems="0.000" timestamp="2019-07-07T05:36:26.220" activeThreads="1">
  <mem-info id="6730" free="31457280" total="52428800" percent="60">
    <mem type="eden" free="1048552" total="1048576" percent="99" />
    <remembered-set count="42560" freebytes="1922560" totalbytes="2092800" percent="91" regionsoverflowed="0" regionsstable="0" regionsrebuilding="13"/>
  </mem-info>
</gc-end>
<cycle-end id="6731" type="partial gc" contextid="6723" timestamp="2019-07-07T05:36:26.220" />
  <attribute name="elasticGC enabled" value="1" />
  <attribute name= "numThreadsSpecified" value="1" />
  <attribute name="heapSize specified" value="0" />
  <attribute name="Current GC Util" value="166" />
  <attribute name= "Current Time Running" value="26912" />
  <attribute name ="GC Interval" value="0" />
  <attribute name="ProportionalT" value="73.000000" />
  <attribute name="ProportionalI" value="73.000000" />
  <attribute name="ProportionalH" value="73.000000" />
  <attribute name="Current Error" value="146.000000" />
  <attribute name="IntegralT" value="0.000000" />
  <attribute name="IntegralI" value="0.000000" />
  <attribute name="IntegralH" value="0.000000" />
  <attribute name="DerivativeT" value="inf" />
  <attribute name="DerivativeI" value="inf" />
  <attribute name="DerivativeH" value="inf" />
  <attribute name="Loop Time for DT" value="0.000000" />
  <attribute name="Output H" value="8388608"/>
  <attribute name="Output I" value="200"/>
  <attribute name="Output T" value="1"/>
  <attribute name="Target GC Util Change" value ="20.000000" />
  <attribute name="Current GC Util Change" value="166.000000"/>
  <attribute name="GC Util currently" value="166" />
  <attribute name="CPU Util currently" value="13884305435298" />
<exclusive-end id="6732" timestamp="2019-07-07T05:36:26.220" durationms="4.107" />

<exclusive-start id="6733" timestamp="2019-07-07T05:36:26.223" intervalms="7.196">
  <response-info timems="0.053" idlems="0.053" threads="0" lastid="000000000096B700" lastname="main" />
</exclusive-start>
<allocation-taxation id="6734" taxation-threshold="9437184" timestamp="2019-07-07T05:36:26.224" intervalms="7.136" />
<gc-start id="6735" type="global mark phase" contextid="6671" timestamp="2019-07-07T05:36:26.224">
  <mem-info id="6736" free="22020096" total="52428800" percent="42">
    <remembered-set count="42080" freebytes="1924480" totalbytes="2092800" percent="91" regionsoverflowed="0" regionsstable="0" regionsrebuilding="13"/>
  </mem-info>
</gc-start>
<gc-end id="6737" type="global mark phase" contextid="6671" durationms="0.055" usertimems="0.000" systemtimems="0.000" timestamp="2019-07-07T05:36:26.224" activeThreads="1">
  <mem-info id="6738" free="22020096" total="52428800" percent="42">
    <remembered-set count="42080" freebytes="1924480" totalbytes="2092800" percent="91" regionsoverflowed="0" regionsstable="0" regionsrebuilding="13"/>
  </mem-info>
</gc-end>
<concurrent-start id="6739" type="GMP work packet processing" contextid="6671" timestamp="2019-07-07T05:36:26.224">
  <concurrent-mark-start scanTarget="1320996" />
</concurrent-start>
<exclusive-end id="6740" timestamp="2019-07-07T05:36:26.224" durationms="0.677" />

<concurrent-end id="6741" type="GMP work packet processing" contextid="6671" timestamp="2019-07-07T05:36:26.225">
  <concurrent-mark-end bytesScanned="1356000" reasonForTermination="Work target met" />
</concurrent-end>

<exclusive-start id="6742" timestamp="2019-07-07T05:36:26.228" intervalms="4.863">
  <response-info timems="0.052" idlems="0.052" threads="0" lastid="000000000096B700" lastname="main" />
</exclusive-start>
<allocation-taxation id="6743" taxation-threshold="9437184" timestamp="2019-07-07T05:36:26.228" intervalms="4.918" />
<cycle-start id="6744" type="partial gc" contextid="0" timestamp="2019-07-07T05:36:26.229" intervalms="12.064" />
<gc-start id="6745" type="partial gc" contextid="6744" timestamp="2019-07-07T05:36:26.229">
  <mem-info id="6746" free="12582912" total="52428800" percent="24">
    <mem type="eden" free="1048552" total="19922944" percent="5" />
    <remembered-set count="47200" freebytes="1904000" totalbytes="2092800" percent="90" regionsoverflowed="0" regionsstable="0" regionsrebuilding="13"/>
  </mem-info>
</gc-start>
<allocation-stats totalBytes="18756048" >
  <allocated-bytes non-tlh="0" tlh="18756048" arrayletleaf="0"/>
  <largest-consumer threadName="main" threadId="000000000096B700" bytes="9378024" />
</allocation-stats>
<gc-op id="6747" type="copy forward" timems="1.388" contextid="6744" timestamp="2019-07-07T05:36:26.231">
  <memory-copied type="eden" objects="1" bytes="24" bytesdiscarded="0" />
  <memory-copied type="other" objects="0" bytes="0" bytesdiscarded="0" />
  <memory-cardclean objects="10" bytes="424" />
  <regions eden="18" other="1" />
  <remembered-set-cleared processed="45338" cleared="6" durationms="0.331" />
  <stringconstants candidates="13657" cleared="0"  />
</gc-op>
<gc-op id="6748" type="classunload" timems="0.003" contextid="6744" timestamp="2019-07-07T05:36:26.231">
  <classunload-info classloadercandidates="53" classloadersunloaded="0" classesunloaded="0" anonymousclassesunloaded="0" quiescems="0.000" setupms="0.003" scanms="0.000" postms="0.000" />
</gc-op>
<gc-end id="6749" type="partial gc" contextid="6744" durationms="2.610" usertimems="0.000" systemtimems="0.000" timestamp="2019-07-07T05:36:26.232" activeThreads="1">
  <mem-info id="6750" free="31457280" total="52428800" percent="60">
    <mem type="eden" free="1048552" total="1048576" percent="99" />
    <remembered-set count="47712" freebytes="1901952" totalbytes="2092800" percent="90" regionsoverflowed="0" regionsstable="0" regionsrebuilding="13"/>
  </mem-info>
</gc-end>
<cycle-end id="6751" type="partial gc" contextid="6744" timestamp="2019-07-07T05:36:26.232" />
  <attribute name="elasticGC enabled" value="1" />
  <attribute name= "numThreadsSpecified" value="1" />
  <attribute name="heapSize specified" value="0" />
  <attribute name="Current GC Util" value="164" />
  <attribute name= "Current Time Running" value="26924" />
  <attribute name ="GC Interval" value="0" />
  <attribute name="ProportionalT" value="72.000000" />
  <attribute name="ProportionalI" value="72.000000" />
  <attribute name="ProportionalH" value="72.000000" />
  <attribute name="Current Error" value="144.000000" />
  <attribute name="IntegralT" value="0.000000" />
  <attribute name="IntegralI" value="0.000000" />
  <attribute name="IntegralH" value="0.000000" />
  <attribute name="DerivativeT" value="inf" />
  <attribute name="DerivativeI" value="inf" />
  <attribute name="DerivativeH" value="inf" />
  <attribute name="Loop Time for DT" value="0.000000" />
  <attribute name="Output H" value="8388608"/>
  <attribute name="Output I" value="200"/>
  <attribute name="Output T" value="1"/>
  <attribute name="Target GC Util Change" value ="20.000000" />
  <attribute name="Current GC Util Change" value="164.000000"/>
  <attribute name="GC Util currently" value="164" />
  <attribute name="CPU Util currently" value="14098186353516" />
<exclusive-end id="6752" timestamp="2019-07-07T05:36:26.232" durationms="3.694" />

<exclusive-start id="6753" timestamp="2019-07-07T05:36:26.235" intervalms="6.798">
  <response-info timems="0.051" idlems="0.051" threads="0" lastid="000000000096B700" lastname="main" />
</exclusive-start>
<allocation-taxation id="6754" taxation-threshold="9437184" timestamp="2019-07-07T05:36:26.235" intervalms="6.812" />
<gc-start id="6755" type="global mark phase" contextid="6671" timestamp="2019-07-07T05:36:26.236">
  <mem-info id="6756" free="22020096" total="52428800" percent="42">
    <remembered-set count="47232" freebytes="1903872" totalbytes="2092800" percent="90" regionsoverflowed="0" regionsstable="0" regionsrebuilding="13"/>
  </mem-info>
</gc-start>
<gc-end id="6757" type="global mark phase" contextid="6671" durationms="0.153" usertimems="0.000" systemtimems="0.000" timestamp="2019-07-07T05:36:26.236" activeThreads="1">
  <mem-info id="6758" free="22020096" total="52428800" percent="42">
    <remembered-set count="47232" freebytes="1903872" totalbytes="2092800" percent="90" regionsoverflowed="0" regionsstable="0" regionsrebuilding="13"/>
  </mem-info>
</gc-end>
<concurrent-start id="6759" type="GMP work packet processing" contextid="6671" timestamp="2019-07-07T05:36:26.236">
  <concurrent-mark-start scanTarget="1048576" />
</concurrent-start>
<exclusive-end id="6760" timestamp="2019-07-07T05:36:26.236" durationms="0.839" />

<concurrent-end id="6761" type="GMP work packet processing" contextid="6671" timestamp="2019-07-07T05:36:26.237">
  <concurrent-mark-end bytesScanned="1108952" reasonForTermination="Work target met" />
</concurrent-end>

<exclusive-start id="6762" timestamp="2019-07-07T05:36:26.240" intervalms="4.759">
  <response-info timems="0.069" idlems="0.069" threads="0" lastid="000000000096B700" lastname="main" />
</exclusive-start>
<allocation-taxation id="6763" taxation-threshold="9437184" timestamp="2019-07-07T05:36:26.240" intervalms="4.749" />
<cycle-start id="6764" type="partial gc" contextid="0" timestamp="2019-07-07T05:36:26.240" intervalms="11.515" />
<gc-start id="6765" type="partial gc" contextid="6764" timestamp="2019-07-07T05:36:26.240">
  <mem-info id="6766" free="12582912" total="52428800" percent="24">
    <mem type="eden" free="1048552" total="19922944" percent="5" />
    <remembered-set count="48768" freebytes="1897728" totalbytes="2092800" percent="90" regionsoverflowed="0" regionsstable="0" regionsrebuilding="13"/>
  </mem-info>
</gc-start>
