<?xml version="1.0" ?>

<verbosegc xmlns="http://www.ibm.com/j9/verbosegc" version="10b4217_CMPRSS">

<initialized id="1" timestamp="2019-06-16T20:01:04.870">
  <attribute name="gcPolicy" value="-Xgcpolicy:optthruput" />
  <attribute name="elasticGC enabled" value="1" />
  <attribute name= "numThreadsSpecified" value="0" />
  <attribute name="heapSize specified" value="0" />
  <attribute name="Current GC Util" value="0" />
  <attribute name= "Current Time Running" value="0" />
  <attribute name ="GC Interval" value="0" />
  <attribute name="ProportionalT" value="0.000000" />
  <attribute name="ProportionalI" value="0.000000" />
  <attribute name="ProportionalH" value="0.000000" />
  <attribute name="IntegralT" value="0.000000" />
  <attribute name="IntegralI" value="0.000000" />
  <attribute name="IntegralH" value="0.000000" />
  <attribute name="DerivativeT" value="0.000000" />
  <attribute name="DerivativeI" value="0.000000" />
  <attribute name="DerivativeH" value="0.000000" />
  <attribute name="Target GC Util Change" value ="0.000000" />
  <attribute name="Current GC Util Change" value="0.000000"/>
  <attribute name="Current Error" value="0.000000" />
  <attribute name="Loop Time for DT" value="0.000000" />
  <attribute name="Output H" value="0"/>
  <attribute name="Output I" value="0"/>
  <attribute name="Output T" value="0"/>
  <attribute name="GC Util currently" value="0" />
  <attribute name="CPU Util currently" value="0" />
  <attribute name="maxHeapSize" value="0x7cbc0000" />
  <attribute name="initialHeapSize" value="0x800000" />
  <attribute name="compressedRefs" value="true" />
  <attribute name="compressedRefsDisplacement" value="0x0" />
  <attribute name="compressedRefsShift" value="0x0" />
  <attribute name="pageSize" value="0x1000" />
  <attribute name="pageType" value="not used" />
  <attribute name="requestedPageSize" value="0x1000" />
  <attribute name="requestedPageType" value="not used" />
  <attribute name="gcthreads" value="4" />
  <attribute name="packetListSplit" value="4" />
  <attribute name="cacheListSplit" value="4" />
  <attribute name="splitFreeListSplitAmount" value="1" />
  <attribute name="numaNodes" value="0" />
  <system>
    <attribute name="physicalMemory" value="8370958336" />
    <attribute name="numCPUs" value="4" />
    <attribute name="architecture" value="amd64" />
    <attribute name="os" value="Linux" />
    <attribute name="osVersion" value="4.4.0-150-generic" />
  </system>
  <vmargs>
    <vmarg name="-Xoptionsfile=/vagrant/jdk/lib/options.default" />
    <vmarg name="-Xlockword:mode=default,noLockword=java/lang/String,noLockword=java/util/MapEntry,noLockword=java/util/HashMap$Entry,noLockword..." />
    <vmarg name="-Xjcl:jclse29" />
    <vmarg name="-Dcom.ibm.oti.vm.bootstrap.library.path=/vagrant/jdk/lib/compressedrefs:/vagrant/jdk/lib" />
    <vmarg name="-Dsun.boot.library.path=/vagrant/jdk/lib/compressedrefs:/vagrant/jdk/lib" />
    <vmarg name="-Djava.library.path=/vagrant/jdk/lib/compressedrefs:/vagrant/jdk/lib:/usr/lib64:/usr/lib" />
    <vmarg name="-Djava.home=/vagrant/jdk" />
    <vmarg name="-Duser.dir=/vagrant" />
    <vmarg name="-Xgcpolicy:optthruput" />
    <vmarg name="-Xgcelastic" />
    <vmarg name="-Xcheck:gc:::elasticGC" />
    <vmarg name="-verbose:gc" />
    <vmarg name="-Xloggc:jdk0.5-0.5-1-small-OTT-4CORE-elasticverbose10jython.txt" />
    <vmarg name="-Djava.class.path=dacapo-9.12-MR1-bach.jar" />
    <vmarg name="-Dsun.java.command=dacapo-9.12-MR1-bach.jar jython --size=small" />
    <vmarg name="-Dsun.java.launcher=SUN_STANDARD" />
    <vmarg name="-Dsun.java.launcher.pid=1692" />
  </vmargs>
</initialized>

<exclusive-start id="2" timestamp="2019-06-16T20:01:28.605" intervalms="23734.283">
  <response-info timems="0.186" idlems="0.186" threads="0" lastid="0000000000655700" lastname="main" />
</exclusive-start>
<af-start id="3" threadId="0000000000656088" totalBytesRequested="2056" timestamp="2019-06-16T20:01:28.607" intervalms="23736.065" />
<cycle-start id="4" type="global" contextid="0" timestamp="2019-06-16T20:01:28.609" intervalms="23738.279" />
<gc-start id="5" type="global" contextid="4" timestamp="2019-06-16T20:01:28.610">
  <mem-info id="6" free="418816" total="8388608" percent="4">
    <mem type="tenure" free="418816" total="8388608" percent="4">
      <mem type="soa" free="0" total="7969792" percent="0" />
      <mem type="loa" free="418816" total="418816" percent="100" />
    </mem>
  </mem-info>
</gc-start>
<allocation-stats totalBytes="7878432" >
  <allocated-bytes non-tlh="357776" tlh="7520656" />
  <largest-consumer threadName="main" threadId="0000000000655700" bytes="7767496" />
</allocation-stats>
<gc-op id="7" type="mark" timems="16.375" contextid="4" timestamp="2019-06-16T20:01:28.628">
  <trace-info objectcount="17688" scancount="14636" scanbytes="461460" />
  <finalization candidates="14" enqueued="1" />
  <references type="soft" candidates="64" cleared="0" enqueued="0" dynamicThreshold="32" maxThreshold="32" />
  <references type="weak" candidates="548" cleared="401" enqueued="362" />
  <references type="phantom" candidates="106" cleared="44" enqueued="44" />
  <stringconstants candidates="2406" cleared="0"  />
</gc-op>
<gc-op id="8" type="classunload" timems="0.368" contextid="4" timestamp="2019-06-16T20:01:28.628">
  <classunload-info classloadercandidates="5" classloadersunloaded="0" classesunloaded="0" anonymousclassesunloaded="0" quiescems="0.000" setupms="0.367" scanms="0.000" postms="0.001" />
</gc-op>
<gc-op id="9" type="sweep" timems="4.518" contextid="4" timestamp="2019-06-16T20:01:28.633" />
<mem-info id="10" free="7183920" total="8388608" percent="85">
  <mem type="tenure" free="7183920" total="8388608" percent="85" micro-fragmented="202703" macro-fragmented="41584">
    <mem type="soa" free="6765104" total="7969792" percent="84" />
    <mem type="loa" free="418816" total="418816" percent="100" />
  </mem>
  <pending-finalizers system="1" default="0" reference="406" classloader="0" />
</mem-info>
<gc-op id="11" type="compact" timems="19.893" contextid="4" timestamp="2019-06-16T20:01:28.655">
  <compact-info movecount="17687" movebytes="963920" reason="compact to aid heap contraction" />
</gc-op>
<heap-resize id="12" type="expand" space="tenure" amount="2084241408" count="1" timems="0.164" reason="satisfy allocation request" timestamp="2019-06-16T20:01:28.657" />
<gc-end id="13" type="global" contextid="4" durationms="46.912" usertimems="64.000" systemtimems="0.000" timestamp="2019-06-16T20:01:28.657" activeThreads="4">
  <mem-info id="14" free="2091600472" total="2092630016" percent="99">
    <mem type="tenure" free="2091600472" total="2092630016" percent="99">
      <mem type="soa" free="1986969176" total="1987998720" percent="99" />
      <mem type="loa" free="104631296" total="104631296" percent="100" />
    </mem>
    <pending-finalizers system="1" default="0" reference="406" classloader="0" />
  </mem-info>
</gc-end>
<cycle-end id="15" type="global" contextid="4" timestamp="2019-06-16T20:01:28.657" />
  <attribute name="elasticGC enabled" value="1" />
  <attribute name= "numThreadsSpecified" value="4" />
  <attribute name="heapSize specified" value="8388608" />
  <attribute name="Current GC Util" value="92" />
  <attribute name= "Current Time Running" value="23626" />
  <attribute name ="GC Interval" value="0" />
  <attribute name="ProportionalT" value="36.000000" />
  <attribute name="ProportionalI" value="36.000000" />
  <attribute name="ProportionalH" value="36.000000" />
  <attribute name="Current Error" value="72.000000" />
  <attribute name="IntegralT" value="-234191.500000" />
  <attribute name="IntegralI" value="-234191.500000" />
  <attribute name="IntegralH" value="-234191.500000" />
  <attribute name="DerivativeT" value="0.700000" />
  <attribute name="DerivativeI" value="0.700000" />
  <attribute name="DerivativeH" value="0.700000" />
  <attribute name="Loop Time for DT" value="20.000000" />
  <attribute name="Output H" value="2092630016"/>
  <attribute name="Output I" value="200"/>
  <attribute name="Output T" value="4"/>
  <attribute name="Target GC Util Change" value ="20.000000" />
  <attribute name="Current GC Util Change" value="92.000000"/>
  <attribute name="GC Util currently" value="92" />
  <attribute name="CPU Util currently" value="229975326242" />
<allocation-satisfied id="16" threadId="0000000000655700" bytesRequested="2056" />
<af-end id="17" timestamp="2019-06-16T20:01:28.657" threadId="0000000000656088" success="true" />
<exclusive-end id="18" timestamp="2019-06-16T20:01:28.658" durationms="53.026" />

<exclusive-start id="19" timestamp="2019-06-16T20:01:50.684" intervalms="22079.028">
  <response-info timems="0.045" idlems="0.045" threads="0" lastid="0000000000655700" lastname="main" />
</exclusive-start>
<sys-start reason="explicit" id="20" timestamp="2019-06-16T20:01:50.684" intervalms="45813.478" />
<cycle-start id="21" type="global" contextid="0" timestamp="2019-06-16T20:01:50.684" intervalms="22075.322" />
<gc-start id="22" type="global" contextid="21" timestamp="2019-06-16T20:01:50.684">
  <mem-info id="23" free="2021595344" total="2092630016" percent="96">
    <mem type="tenure" free="2021595344" total="2092630016" percent="96">
      <mem type="soa" free="1916964048" total="1987998720" percent="96" />
      <mem type="loa" free="104631296" total="104631296" percent="100" />
    </mem>
  </mem-info>
</gc-start>
<allocation-stats totalBytes="70015872" >
  <allocated-bytes non-tlh="3400072" tlh="66615800" />
  <largest-consumer threadName="main" threadId="0000000000655700" bytes="69946784" />
</allocation-stats>
<gc-op id="24" type="mark" timems="7.650" contextid="21" timestamp="2019-06-16T20:01:50.692">
  <trace-info objectcount="75387" scancount="62942" scanbytes="2109272" />
  <finalization candidates="81" enqueued="1" />
  <ownableSynchronizers candidates="21" cleared="0" />
  <references type="soft" candidates="1640" cleared="0" enqueued="0" dynamicThreshold="31" maxThreshold="32" />
  <references type="weak" candidates="5219" cleared="732" enqueued="568" />
  <references type="phantom" candidates="114" cleared="14" enqueued="14" />
  <stringconstants candidates="8669" cleared="15"  />
</gc-op>
<gc-op id="25" type="classunload" timems="0.435" contextid="21" timestamp="2019-06-16T20:01:50.693">
  <classunload-info classloadercandidates="17" classloadersunloaded="1" classesunloaded="1" anonymousclassesunloaded="0" quiescems="0.000" setupms="0.425" scanms="0.008" postms="0.002" />
</gc-op>
<gc-op id="26" type="sweep" timems="1.805" contextid="21" timestamp="2019-06-16T20:01:50.695" />
<mem-info id="27" free="2087406136" total="2092630016" percent="99">
  <mem type="tenure" free="2087406136" total="2092630016" percent="99" micro-fragmented="592225" macro-fragmented="2592282">
    <mem type="soa" free="1982774840" total="1987998720" percent="99" />
    <mem type="loa" free="104631296" total="104631296" percent="100" />
  </mem>
  <pending-finalizers system="1" default="0" reference="582" classloader="0" />
</mem-info>
<gc-op id="28" type="compact" timems="16.024" contextid="21" timestamp="2019-06-16T20:01:50.711">
  <compact-info movecount="74713" movebytes="4253776" reason="compact to aid heap contraction" />
</gc-op>
<gc-end id="29" type="global" contextid="21" durationms="27.395" usertimems="56.000" systemtimems="0.000" timestamp="2019-06-16T20:01:50.711" activeThreads="4">
  <mem-info id="30" free="2088357592" total="2092630016" percent="99">
    <mem type="tenure" free="2088357592" total="2092630016" percent="99">
      <mem type="soa" free="1983726296" total="1987998720" percent="99" />
      <mem type="loa" free="104631296" total="104631296" percent="100" />
    </mem>
    <pending-finalizers system="1" default="0" reference="582" classloader="0" />
  </mem-info>
</gc-end>
<cycle-end id="31" type="global" contextid="21" timestamp="2019-06-16T20:01:50.712" />
  <attribute name="elasticGC enabled" value="1" />
  <attribute name= "numThreadsSpecified" value="4" />
  <attribute name="heapSize specified" value="2092630016" />
  <attribute name="Current GC Util" value="186" />
  <attribute name= "Current Time Running" value="45681" />
  <attribute name ="GC Interval" value="0" />
  <attribute name="ProportionalT" value="83.000000" />
  <attribute name="ProportionalI" value="83.000000" />
  <attribute name="ProportionalH" value="83.000000" />
  <attribute name="Current Error" value="166.000000" />
  <attribute name="IntegralT" value="1328.000000" />
  <attribute name="IntegralI" value="1328.000000" />
  <attribute name="IntegralH" value="1328.000000" />
  <attribute name="DerivativeT" value="0.187500" />
  <attribute name="DerivativeI" value="0.187500" />
  <attribute name="DerivativeH" value="0.187500" />
  <attribute name="Loop Time for DT" value="16.000000" />
  <attribute name="Output H" value="8388608"/>
  <attribute name="Output I" value="1416"/>
  <attribute name="Output T" value="4"/>
  <attribute name="Target GC Util Change" value ="20.000000" />
  <attribute name="Current GC Util Change" value="186.000000"/>
  <attribute name="GC Util currently" value="186" />
  <attribute name="CPU Util currently" value="285660520431" />
<sys-end id="32" timestamp="2019-06-16T20:01:50.712" />
<exclusive-end id="33" timestamp="2019-06-16T20:01:50.712" durationms="28.417" />

</verbosegc>

