<?xml version="1.0" ?>

<verbosegc xmlns="http://www.ibm.com/j9/verbosegc" version="10b4217_CMPRSS">

<initialized id="1" timestamp="2019-06-15T00:23:51.848">
  <attribute name="gcPolicy" value="-Xgcpolicy:balanced" />
  <attribute name="elasticGC enabled" value="1" />
  <attribute name= "numThreadsSpecified" value="0" />
  <attribute name="heapSize specified" value="0" />
  <attribute name="Current GC Util" value="0" />
  <attribute name= "Current Time Running" value="0" />
  <attribute name ="GC Interval" value="0" />
  <attribute name="ProportionalT" value="0.000000" />
  <attribute name="ProportionalI" value="0.000000" />
  <attribute name="ProportionalH" value="0.000000" />
  <attribute name="IntegralT" value="0.000000" />
  <attribute name="IntegralI" value="0.000000" />
  <attribute name="IntegralH" value="0.000000" />
  <attribute name="DerivativeT" value="0.000000" />
  <attribute name="DerivativeI" value="0.000000" />
  <attribute name="DerivativeH" value="0.000000" />
  <attribute name="Target GC Util Change" value ="0.000000" />
  <attribute name="Current GC Util Change" value="0.000000"/>
  <attribute name="Current Error" value="0.000000" />
  <attribute name="Loop Time for DT" value="0.000000" />
  <attribute name="Output H" value="0"/>
  <attribute name="Output I" value="0"/>
  <attribute name="Output T" value="0"/>
  <attribute name="GC Util currently" value="0" />
  <attribute name="CPU Util currently" value="0" />
  <attribute name="maxHeapSize" value="0x7cb00000" />
  <attribute name="initialHeapSize" value="0x800000" />
  <attribute name="compressedRefs" value="true" />
  <attribute name="compressedRefsDisplacement" value="0x0" />
  <attribute name="compressedRefsShift" value="0x0" />
  <attribute name="pageSize" value="0x1000" />
  <attribute name="pageType" value="not used" />
  <attribute name="requestedPageSize" value="0x1000" />
  <attribute name="requestedPageType" value="not used" />
  <attribute name="gcthreads" value="4" />
  <attribute name="packetListSplit" value="4" />
  <attribute name="cacheListSplit" value="4" />
  <attribute name="splitFreeListSplitAmount" value="1" />
  <attribute name="numaNodes" value="0" />
  <region>
    <attribute name="regionSize" value="1048576" />
    <attribute name="regionCount" value="1995" />
    <attribute name="arrayletLeafSize" value="1048576" />
  </region>
  <system>
    <attribute name="physicalMemory" value="8370962432" />
    <attribute name="numCPUs" value="4" />
    <attribute name="architecture" value="amd64" />
    <attribute name="os" value="Linux" />
    <attribute name="osVersion" value="4.4.0-148-generic" />
  </system>
  <vmargs>
    <vmarg name="-Xoptionsfile=/vagrant/jdk/lib/options.default" />
    <vmarg name="-Xlockword:mode=default,noLockword=java/lang/String,noLockword=java/util/MapEntry,noLockword=java/util/HashMap$Entry,noLockword..." />
    <vmarg name="-Xjcl:jclse29" />
    <vmarg name="-Dcom.ibm.oti.vm.bootstrap.library.path=/vagrant/jdk/lib/compressedrefs:/vagrant/jdk/lib" />
    <vmarg name="-Dsun.boot.library.path=/vagrant/jdk/lib/compressedrefs:/vagrant/jdk/lib" />
    <vmarg name="-Djava.library.path=/vagrant/jdk/lib/compressedrefs:/vagrant/jdk/lib:/usr/lib64:/usr/lib" />
    <vmarg name="-Djava.home=/vagrant/jdk" />
    <vmarg name="-Duser.dir=/vagrant" />
    <vmarg name="-Xgcpolicy:balanced" />
    <vmarg name="-Xgcelastic" />
    <vmarg name="-Xcheck:gc:::elasticGC" />
    <vmarg name="-verbose:gc" />
    <vmarg name="-Xloggc:large-Balanced-jdk0.5-1-0.5-verbose2sunflow.txt" />
    <vmarg name="-Djava.class.path=dacapo-9.12-MR1-bach.jar" />
    <vmarg name="-Dsun.java.command=dacapo-9.12-MR1-bach.jar sunflow --size=large" />
    <vmarg name="-Dsun.java.launcher=SUN_STANDARD" />
    <vmarg name="-Dsun.java.launcher.pid=29621" />
  </vmargs>
</initialized>

<exclusive-start id="2" timestamp="2019-06-15T00:23:52.329" intervalms="481.167">
  <response-info timems="0.058" idlems="0.058" threads="0" lastid="00000000014C2700" lastname="main" />
</exclusive-start>
<allocation-taxation id="3" taxation-threshold="8388608" timestamp="2019-06-15T00:23:52.329" intervalms="481.699" />
<cycle-start id="4" type="partial gc" contextid="0" timestamp="2019-06-15T00:23:52.330" intervalms="482.185" />
<gc-start id="5" type="partial gc" contextid="4" timestamp="2019-06-15T00:23:52.330">
  <mem-info id="6" free="0" total="8388608" percent="0">
    <mem type="eden" free="80" total="8388608" percent="0" />
    <arraylet-primitive objects="1" leaves="1" largest="1" />
    <remembered-set count="0" freebytes="334848" totalbytes="334848" percent="100" regionsoverflowed="0" regionsstable="0" regionsrebuilding="0"/>
  </mem-info>
</gc-start>
<allocation-stats totalBytes="8383592" >
  <allocated-bytes non-tlh="1288352" tlh="6046664" arrayletleaf="1048576"/>
  <largest-consumer threadName="main" threadId="00000000014C2700" bytes="8307024" />
</allocation-stats>
<gc-op id="7" type="mark" timems="3.783" contextid="4" timestamp="2019-06-15T00:23:52.335">
  <trace-info objectcount="30302" scancount="23631" scanbytes="765308" />
  <remembered-set-cleared processed="0" cleared="0" durationms="0.187" />
  <finalization candidates="125" enqueued="1" />
  <ownableSynchronizers candidates="3" cleared="0" />
  <references type="soft" candidates="131" cleared="0" enqueued="0" dynamicThreshold="32" maxThreshold="32" />
  <references type="weak" candidates="1321" cleared="568" enqueued="478" />
  <references type="phantom" candidates="106" cleared="42" enqueued="42" />
  <stringconstants candidates="3958" cleared="0"  />
  <warning details="Mark for calibration purposes" />
</gc-op>
<gc-op id="8" type="classunload" timems="0.051" contextid="4" timestamp="2019-06-15T00:23:52.335">
  <classunload-info classloadercandidates="7" classloadersunloaded="0" classesunloaded="0" anonymousclassesunloaded="0" quiescems="0.000" setupms="0.051" scanms="0.000" postms="0.000" />
</gc-op>
<gc-op id="9" type="sweep" timems="0.749" contextid="4" timestamp="2019-06-15T00:23:52.336" />
<gc-op id="10" type="compact" timems="4.062" contextid="4" timestamp="2019-06-15T00:23:52.341">
  <compact-info movecount="30284" movebytes="1336128" />
  <remembered-set-cleared processed="0" cleared="0" durationms="0.187" />
</gc-op>
<heap-resize id="11" type="expand" space="default" amount="1048576" count="1" timems="0.059" reason="insufficient free space following gc" timestamp="2019-06-15T00:23:52.342" />
<gc-end id="12" type="partial gc" contextid="4" durationms="11.458" usertimems="8.000" systemtimems="4.000" timestamp="2019-06-15T00:23:52.342" activeThreads="4">
  <mem-info id="13" free="5242880" total="9437184" percent="55">
    <mem type="eden" free="1020504" total="4194304" percent="24" />
    <arraylet-primitive objects="1" leaves="1" largest="1" />
    <pending-finalizers system="1" default="0" reference="520" classloader="0" />
    <remembered-set count="2048" freebytes="368512" totalbytes="376704" percent="97" regionsoverflowed="0" regionsstable="0" regionsrebuilding="0"/>
  </mem-info>
</gc-end>
<cycle-end id="14" type="partial gc" contextid="4" timestamp="2019-06-15T00:23:52.342" />
  <attribute name="elasticGC enabled" value="1" />
  <attribute name= "numThreadsSpecified" value="4" />
  <attribute name="heapSize specified" value="0" />
  <attribute name="Current GC Util" value="21" />
  <attribute name= "Current Time Running" value="374" />
  <attribute name ="GC Interval" value="0" />
  <attribute name="ProportionalT" value="0.500000" />
  <attribute name="ProportionalI" value="0.500000" />
  <attribute name="ProportionalH" value="0.500000" />
  <attribute name="Current Error" value="1.000000" />
  <attribute name="IntegralT" value="-7016.000000" />
  <attribute name="IntegralI" value="-7016.000000" />
  <attribute name="IntegralH" value="-7016.000000" />
  <attribute name="DerivativeT" value="-30.500000" />
  <attribute name="DerivativeI" value="-30.500000" />
  <attribute name="DerivativeH" value="-30.500000" />
  <attribute name="Loop Time for DT" value="1.000000" />
  <attribute name="Output H" value="2091843584"/>
  <attribute name="Output I" value="200"/>
  <attribute name="Output T" value="4"/>
  <attribute name="Target GC Util Change" value ="20.000000" />
  <attribute name="Current GC Util Change" value="21.000000"/>
  <attribute name="GC Util currently" value="21" />
  <attribute name="CPU Util currently" value="117" />
<exclusive-end id="15" timestamp="2019-06-15T00:23:52.342" durationms="13.218" />

<exclusive-start id="16" timestamp="2019-06-15T00:23:52.365" intervalms="35.959">
  <response-info timems="0.068" idlems="0.068" threads="0" lastid="00000000014C2700" lastname="main" />
</exclusive-start>
<sys-start reason="explicit" id="17" timestamp="2019-06-15T00:23:52.365" intervalms="517.265" />
<cycle-start id="18" type="global garbage collect" contextid="0" timestamp="2019-06-15T00:23:52.365" intervalms="517.589" />
<gc-start id="19" type="global garbage collect" contextid="18" timestamp="2019-06-15T00:23:52.365">
  <mem-info id="20" free="1572864" total="9437184" percent="16">
    <mem type="eden" free="524288" total="4194304" percent="12" />
    <arraylet-primitive objects="2" leaves="2" largest="1" />
    <remembered-set count="1760" freebytes="369664" totalbytes="376704" percent="98" regionsoverflowed="0" regionsstable="0" regionsrebuilding="0"/>
  </mem-info>
</gc-start>
<allocation-stats totalBytes="3669608" >
  <allocated-bytes non-tlh="88" tlh="2620944" arrayletleaf="1048576"/>
  <largest-consumer threadName="main" threadId="00000000014C2700" bytes="3653536" />
</allocation-stats>
<gc-op id="21" type="global mark" timems="2.434" contextid="18" timestamp="2019-06-15T00:23:52.368">
  <trace-info objectcount="29350" scancount="22831" scanbytes="751012" />
  <finalization candidates="124" enqueued="0" />
  <ownableSynchronizers candidates="3" cleared="0" />
  <references type="soft" candidates="131" cleared="0" enqueued="0" dynamicThreshold="17" maxThreshold="32" />
  <references type="weak" candidates="755" cleared="2" enqueued="2" />
  <references type="phantom" candidates="63" cleared="0" enqueued="0" />
  <stringconstants candidates="3958" cleared="0"  />
</gc-op>
<gc-op id="22" type="classunload" timems="0.003" contextid="18" timestamp="2019-06-15T00:23:52.368">
  <classunload-info classloadercandidates="7" classloadersunloaded="0" classesunloaded="0" anonymousclassesunloaded="0" quiescems="0.000" setupms="0.002" scanms="0.000" postms="0.000" />
</gc-op>
<gc-op id="23" type="sweep" timems="0.397" contextid="18" timestamp="2019-06-15T00:23:52.369" />
<gc-op id="24" type="compact" timems="4.143" contextid="18" timestamp="2019-06-15T00:23:52.373">
  <compact-info movecount="28689" movebytes="1274992" />
  <remembered-set-cleared processed="1221" cleared="1221" durationms="0.047" />
</gc-op>
<gc-end id="25" type="global garbage collect" contextid="18" durationms="8.209" usertimems="12.000" systemtimems="0.000" timestamp="2019-06-15T00:23:52.374" activeThreads="4">
  <mem-info id="26" free="4194304" total="9437184" percent="44">
    <arraylet-primitive objects="2" leaves="2" largest="1" />
    <pending-finalizers system="0" default="0" reference="2" classloader="0" />
    <remembered-set count="1536" freebytes="370560" totalbytes="376704" percent="98" regionsoverflowed="0" regionsstable="0" regionsrebuilding="0"/>
  </mem-info>
</gc-end>
<cycle-end id="27" type="global garbage collect" contextid="18" timestamp="2019-06-15T00:23:52.374" />
  <attribute name="elasticGC enabled" value="1" />
  <attribute name= "numThreadsSpecified" value="4" />
  <attribute name="heapSize specified" value="0" />
  <attribute name="Current GC Util" value="21" />
  <attribute name= "Current Time Running" value="406" />
  <attribute name ="GC Interval" value="0" />
  <attribute name="ProportionalT" value="0.500000" />
  <attribute name="ProportionalI" value="0.500000" />
  <attribute name="ProportionalH" value="0.500000" />
  <attribute name="Current Error" value="1.000000" />
  <attribute name="IntegralT" value="0.000000" />
  <attribute name="IntegralI" value="0.000000" />
  <attribute name="IntegralH" value="0.000000" />
  <attribute name="DerivativeT" value="-inf" />
  <attribute name="DerivativeI" value="-inf" />
  <attribute name="DerivativeH" value="-inf" />
  <attribute name="Loop Time for DT" value="0.000000" />
  <attribute name="Output H" value="2091843584"/>
  <attribute name="Output I" value="200"/>
  <attribute name="Output T" value="4"/>
  <attribute name="Target GC Util Change" value ="20.000000" />
  <attribute name="Current GC Util Change" value="21.000000"/>
  <attribute name="GC Util currently" value="21" />
  <attribute name="CPU Util currently" value="7179565208249" />
<sys-end id="28" timestamp="2019-06-15T00:23:52.374" />
<exclusive-end id="29" timestamp="2019-06-15T00:23:52.374" durationms="9.289" />

<exclusive-start id="30" timestamp="2019-06-15T00:23:52.545" intervalms="180.251">
  <response-info timems="0.028" idlems="0.028" threads="0" lastid="0000000001813D00" lastname="Thread-3" />
</exclusive-start>
<allocation-taxation id="31" taxation-threshold="4194304" timestamp="2019-06-15T00:23:52.545" intervalms="215.810" />
<cycle-start id="32" type="partial gc" contextid="0" timestamp="2019-06-15T00:23:52.545" intervalms="215.602" />
<gc-start id="33" type="partial gc" contextid="32" timestamp="2019-06-15T00:23:52.546">
  <mem-info id="34" free="0" total="9437184" percent="0">
    <mem type="eden" free="0" total="4194304" percent="0" />
    <arraylet-primitive objects="2" leaves="2" largest="1" />
    <remembered-set count="1536" freebytes="370560" totalbytes="376704" percent="98" regionsoverflowed="0" regionsstable="0" regionsrebuilding="0"/>
  </mem-info>
</gc-start>
<allocation-stats totalBytes="4179392" >
  <allocated-bytes non-tlh="489792" tlh="3689600" arrayletleaf="0"/>
  <largest-consumer threadName="main" threadId="00000000014C2700" bytes="3032456" />
</allocation-stats>
<gc-op id="35" type="mark" timems="1.226" contextid="32" timestamp="2019-06-15T00:23:52.547">
  <trace-info objectcount="11060" scancount="7686" scanbytes="228256" />
  <cardclean-info objects="499" bytes="22244" />
  <remembered-set-cleared processed="511" cleared="25" durationms="0.050" />
  <references type="soft" candidates="17" cleared="0" enqueued="0" dynamicThreshold="14" maxThreshold="32" />
  <references type="weak" candidates="45" cleared="29" enqueued="28" />
  <references type="phantom" candidates="2" cleared="0" enqueued="0" />
  <stringconstants candidates="4509" cleared="1"  />
  <warning details="Mark invoked due to insufficient free space for Copy-Forward" />
</gc-op>
<gc-op id="36" type="classunload" timems="0.002" contextid="32" timestamp="2019-06-15T00:23:52.548">
  <classunload-info classloadercandidates="8" classloadersunloaded="0" classesunloaded="0" anonymousclassesunloaded="0" quiescems="0.000" setupms="0.002" scanms="0.000" postms="0.000" />
</gc-op>
<gc-op id="37" type="sweep" timems="0.492" contextid="32" timestamp="2019-06-15T00:23:52.548" />
<gc-op id="38" type="compact" timems="2.190" contextid="32" timestamp="2019-06-15T00:23:52.551">
  <compact-info movecount="11059" movebytes="1529464" />
  <remembered-set-cleared processed="2447" cleared="1471" durationms="0.057" />
</gc-op>
<heap-resize id="39" type="expand" space="default" amount="4194304" count="1" timems="0.073" reason="insufficient free space following gc" timestamp="2019-06-15T00:23:52.551" />
<gc-end id="40" type="partial gc" contextid="32" durationms="5.384" usertimems="0.000" systemtimems="4.000" timestamp="2019-06-15T00:23:52.551" activeThreads="4">
  <mem-info id="41" free="6291456" total="13631488" percent="46">
    <mem type="eden" free="513200" total="2097152" percent="24" />
    <arraylet-primitive objects="2" leaves="2" largest="1" />
    <pending-finalizers system="0" default="0" reference="28" classloader="0" />
    <remembered-set count="2144" freebytes="535552" totalbytes="544128" percent="98" regionsoverflowed="0" regionsstable="0" regionsrebuilding="0"/>
  </mem-info>
</gc-end>
<cycle-end id="42" type="partial gc" contextid="32" timestamp="2019-06-15T00:23:52.551" />
  <attribute name="elasticGC enabled" value="1" />
  <attribute name= "numThreadsSpecified" value="4" />
  <attribute name="heapSize specified" value="0" />
  <attribute name="Current GC Util" value="25" />
  <attribute name= "Current Time Running" value="586" />
  <attribute name ="GC Interval" value="0" />
  <attribute name="ProportionalT" value="2.500000" />
  <attribute name="ProportionalI" value="2.500000" />
  <attribute name="ProportionalH" value="2.500000" />
  <attribute name="Current Error" value="5.000000" />
  <attribute name="IntegralT" value="5.000000" />
  <attribute name="IntegralI" value="5.000000" />
  <attribute name="IntegralH" value="5.000000" />
  <attribute name="DerivativeT" value="2.500000" />
  <attribute name="DerivativeI" value="2.500000" />
  <attribute name="DerivativeH" value="2.500000" />
  <attribute name="Loop Time for DT" value="1.000000" />
  <attribute name="Output H" value="8388608"/>
  <attribute name="Output I" value="200"/>
  <attribute name="Output T" value="4"/>
  <attribute name="Target GC Util Change" value ="20.000000" />
  <attribute name="Current GC Util Change" value="25.000000"/>
  <attribute name="GC Util currently" value="25" />
  <attribute name="CPU Util currently" value="6529996584687" />
<exclusive-end id="43" timestamp="2019-06-15T00:23:52.551" durationms="6.325" />

<exclusive-start id="44" timestamp="2019-06-15T00:23:52.642" intervalms="96.614">
  <response-info timems="0.033" idlems="0.033" threads="0" lastid="000000000181B500" lastname="Thread-5" />
</exclusive-start>
<allocation-taxation id="45" taxation-threshold="3145728" timestamp="2019-06-15T00:23:52.642" intervalms="96.645" />
<cycle-start id="46" type="global mark phase" contextid="0" timestamp="2019-06-15T00:23:52.642" intervalms="794.317" />
<gc-start id="47" type="global mark phase" contextid="46" timestamp="2019-06-15T00:23:52.642">
  <mem-info id="48" free="3145728" total="13631488" percent="23">
    <remembered-set count="2080" freebytes="535808" totalbytes="544128" percent="98" regionsoverflowed="0" regionsstable="0" regionsrebuilding="0"/>
  </mem-info>
</gc-start>
<gc-op id="49" type="mark increment" timems="0.652" contextid="46" timestamp="2019-06-15T00:23:52.643">
  <trace-info objectcount="178" scancount="0" scanbytes="0" />
</gc-op>
<gc-end id="50" type="global mark phase" contextid="46" durationms="0.896" usertimems="0.000" systemtimems="0.000" timestamp="2019-06-15T00:23:52.643" activeThreads="1">
  <mem-info id="51" free="3145728" total="13631488" percent="23">
    <remembered-set count="2080" freebytes="535808" totalbytes="544128" percent="98" regionsoverflowed="0" regionsstable="0" regionsrebuilding="0"/>
  </mem-info>
</gc-end>
<concurrent-start id="52" type="GMP work packet processing" contextid="46" timestamp="2019-06-15T00:23:52.643">
  <concurrent-mark-start scanTarget="18446744073709551615" />
</concurrent-start>
<exclusive-end id="53" timestamp="2019-06-15T00:23:52.643" durationms="1.624" />

<concurrent-end id="54" type="GMP work packet processing" contextid="46" timestamp="2019-06-15T00:23:52.647">
  <concurrent-mark-end bytesScanned="1187520" reasonForTermination="Completed all work in GC phase" />
</concurrent-end>

<exclusive-start id="55" timestamp="2019-06-15T00:23:52.653" intervalms="11.462">
  <response-info timems="0.029" idlems="0.029" threads="0" lastid="000000000181B500" lastname="Thread-5" />
</exclusive-start>
<allocation-taxation id="56" taxation-threshold="3145728" timestamp="2019-06-15T00:23:52.653" intervalms="11.470" />
<cycle-start id="57" type="partial gc" contextid="0" timestamp="2019-06-15T00:23:52.653" intervalms="107.982" />
<gc-start id="58" type="partial gc" contextid="57" timestamp="2019-06-15T00:23:52.654">
  <mem-info id="59" free="0" total="13631488" percent="0">
    <mem type="eden" free="0" total="7340032" percent="0" />
    <arraylet-primitive objects="2" leaves="2" largest="1" />
    <remembered-set count="2080" freebytes="535808" totalbytes="544128" percent="98" regionsoverflowed="0" regionsstable="0" regionsrebuilding="0"/>
  </mem-info>
</gc-start>
<allocation-stats totalBytes="6264056" >
  <allocated-bytes non-tlh="823080" tlh="5440976" arrayletleaf="0"/>
  <largest-consumer threadName="Thread-5" threadId="000000000181B500" bytes="3133752" />
</allocation-stats>
<gc-op id="60" type="mark" timems="4.138" contextid="57" timestamp="2019-06-15T00:23:52.659">
  <trace-info objectcount="14624" scancount="11772" scanbytes="438432" />
  <cardclean-info objects="156" bytes="10892" />
  <remembered-set-cleared processed="1077" cleared="587" durationms="0.210" />
  <references type="soft" candidates="17" cleared="0" enqueued="0" dynamicThreshold="7" maxThreshold="32" />
  <references type="weak" candidates="16" cleared="0" enqueued="0" />
  <references type="phantom" candidates="2" cleared="0" enqueued="0" />
  <stringconstants candidates="4533" cleared="0"  />
  <warning details="Mark invoked due to insufficient free space for Copy-Forward" />
</gc-op>
<gc-op id="61" type="classunload" timems="0.002" contextid="57" timestamp="2019-06-15T00:23:52.659">
  <classunload-info classloadercandidates="8" classloadersunloaded="0" classesunloaded="0" anonymousclassesunloaded="0" quiescems="0.000" setupms="0.002" scanms="0.000" postms="0.000" />
</gc-op>
<gc-op id="62" type="sweep" timems="1.490" contextid="57" timestamp="2019-06-15T00:23:52.660" />
<gc-op id="63" type="compact" timems="3.570" contextid="57" timestamp="2019-06-15T00:23:52.664">
  <compact-info movecount="11916" movebytes="1169640" />
  <remembered-set-cleared processed="2905" cleared="1924" durationms="0.210" />
</gc-op>
<gc-end id="64" type="partial gc" contextid="57" durationms="10.892" usertimems="8.000" systemtimems="4.000" timestamp="2019-06-15T00:23:52.664" activeThreads="4">
  <mem-info id="65" free="6291456" total="13631488" percent="46">
    <mem type="eden" free="406024" total="1048576" percent="38" />
    <arraylet-primitive objects="2" leaves="2" largest="1" />
    <remembered-set count="2688" freebytes="533376" totalbytes="544128" percent="98" regionsoverflowed="0" regionsstable="0" regionsrebuilding="0"/>
  </mem-info>
</gc-end>
<cycle-end id="66" type="partial gc" contextid="57" timestamp="2019-06-15T00:23:52.665" />
  <attribute name="elasticGC enabled" value="1" />
  <attribute name= "numThreadsSpecified" value="4" />
  <attribute name="heapSize specified" value="0" />
  <attribute name="Current GC Util" value="98" />
  <attribute name= "Current Time Running" value="698" />
  <attribute name ="GC Interval" value="0" />
  <attribute name="ProportionalT" value="39.000000" />
  <attribute name="ProportionalI" value="39.000000" />
  <attribute name="ProportionalH" value="39.000000" />
  <attribute name="Current Error" value="78.000000" />
  <attribute name="IntegralT" value="156.000000" />
  <attribute name="IntegralI" value="156.000000" />
  <attribute name="IntegralH" value="156.000000" />
  <attribute name="DerivativeT" value="-6.750000" />
  <attribute name="DerivativeI" value="-6.750000" />
  <attribute name="DerivativeH" value="-6.750000" />
  <attribute name="Loop Time for DT" value="2.000000" />
  <attribute name="Output H" value="8388608"/>
  <attribute name="Output I" value="200"/>
  <attribute name="Output T" value="4"/>
  <attribute name="Target GC Util Change" value ="20.000000" />
  <attribute name="Current GC Util Change" value="98.000000"/>
  <attribute name="GC Util currently" value="98" />
  <attribute name="CPU Util currently" value="2702601060338" />
<exclusive-end id="67" timestamp="2019-06-15T00:23:52.665" durationms="11.715" />

<exclusive-start id="68" timestamp="2019-06-15T00:23:52.699" intervalms="45.993">
  <response-info timems="0.537" idlems="0.174" threads="3" lastid="0000000001817900" lastname="Thread-8" />
</exclusive-start>
<allocation-taxation id="69" taxation-threshold="3145728" timestamp="2019-06-15T00:23:52.699" intervalms="45.983" />
<gc-start id="70" type="global mark phase" contextid="46" timestamp="2019-06-15T00:23:52.699">
  <mem-info id="71" free="3145728" total="13631488" percent="23">
    <remembered-set count="2240" freebytes="535168" totalbytes="544128" percent="98" regionsoverflowed="0" regionsstable="0" regionsrebuilding="0"/>
  </mem-info>
</gc-start>
<gc-op id="72" type="mark increment" timems="2.243" contextid="46" timestamp="2019-06-15T00:23:52.702">
  <trace-info objectcount="34580" scancount="31662" scanbytes="1467440" />
  <cardclean-info objects="513" bytes="23232" />
  <finalization candidates="124" enqueued="0" />
  <ownableSynchronizers candidates="3" cleared="0" />
  <references type="soft" candidates="148" cleared="0" enqueued="0" dynamicThreshold="14" maxThreshold="32" />
  <references type="weak" candidates="769" cleared="0" enqueued="0" />
  <references type="phantom" candidates="65" cleared="2" enqueued="2" />
  <stringconstants candidates="4596" cleared="0"  />
</gc-op>
<gc-op id="73" type="classunload" timems="0.004" contextid="46" timestamp="2019-06-15T00:23:52.702">
  <classunload-info classloadercandidates="8" classloadersunloaded="0" classesunloaded="0" anonymousclassesunloaded="0" quiescems="0.000" setupms="0.003" scanms="0.000" postms="0.000" />
</gc-op>
<gc-end id="74" type="global mark phase" contextid="46" durationms="2.633" usertimems="4.000" systemtimems="0.000" timestamp="2019-06-15T00:23:52.702" activeThreads="4">
  <mem-info id="75" free="3145728" total="13631488" percent="23">
    <pending-finalizers system="0" default="0" reference="2" classloader="0" />
    <remembered-set count="2240" freebytes="535168" totalbytes="544128" percent="98" regionsoverflowed="0" regionsstable="0" regionsrebuilding="0"/>
  </mem-info>
</gc-end>
<cycle-end id="76" type="global mark phase" contextid="46" timestamp="2019-06-15T00:23:52.702" />
  <attribute name="elasticGC enabled" value="1" />
  <attribute name= "numThreadsSpecified" value="4" />
  <attribute name="heapSize specified" value="0" />
  <attribute name="Current GC Util" value="0" />
  <attribute name= "Current Time Running" value="738" />
  <attribute name ="GC Interval" value="0" />
  <attribute name="ProportionalT" value="-10.000000" />
  <attribute name="ProportionalI" value="-10.000000" />
  <attribute name="ProportionalH" value="-10.000000" />
  <attribute name="Current Error" value="-20.000000" />
  <attribute name="IntegralT" value="-20.000000" />
  <attribute name="IntegralI" value="-20.000000" />
  <attribute name="IntegralH" value="-20.000000" />
  <attribute name="DerivativeT" value="-41.500000" />
  <attribute name="DerivativeI" value="-41.500000" />
  <attribute name="DerivativeH" value="-41.500000" />
  <attribute name="Loop Time for DT" value="1.000000" />
  <attribute name="Output H" value="2091843584"/>
  <attribute name="Output I" value="200"/>
  <attribute name="Output T" value="4"/>
  <attribute name="Target GC Util Change" value ="20.000000" />
  <attribute name="Current GC Util Change" value="0.000000"/>
  <attribute name="GC Util currently" value="0" />
  <attribute name="CPU Util currently" value="3677738927736" />
<exclusive-end id="77" timestamp="2019-06-15T00:23:52.702" durationms="3.296" />

<exclusive-start id="78" timestamp="2019-06-15T00:23:52.743" intervalms="44.225">
  <response-info timems="0.361" idlems="0.361" threads="0" lastid="0000000001817900" lastname="Thread-8" />
</exclusive-start>
<allocation-taxation id="79" taxation-threshold="3145728" timestamp="2019-06-15T00:23:52.743" intervalms="44.232" />
<cycle-start id="80" type="partial gc" contextid="0" timestamp="2019-06-15T00:23:52.744" intervalms="90.210" />
<gc-start id="81" type="partial gc" contextid="80" timestamp="2019-06-15T00:23:52.744">
  <mem-info id="82" free="0" total="13631488" percent="0">
    <mem type="eden" free="0" total="6291456" percent="0" />
    <arraylet-primitive objects="2" leaves="2" largest="1" />
    <remembered-set count="2240" freebytes="535168" totalbytes="544128" percent="98" regionsoverflowed="0" regionsstable="0" regionsrebuilding="0"/>
  </mem-info>
</gc-start>
<allocation-stats totalBytes="6258680" >
  <allocated-bytes non-tlh="486568" tlh="5772112" arrayletleaf="0"/>
  <largest-consumer threadName="Thread-10" threadId="000000000181B500" bytes="1367808" />
</allocation-stats>
<gc-op id="83" type="sweep" timems="0.488" contextid="80" timestamp="2019-06-15T00:23:52.745" />
<gc-op id="84" type="mark" timems="1.506" contextid="80" timestamp="2019-06-15T00:23:52.747">
  <trace-info objectcount="25867" scancount="25623" scanbytes="1284552" />
  <cardclean-info objects="273" bytes="10836" />
  <remembered-set-cleared processed="1111" cleared="43" durationms="0.056" />
  <stringconstants candidates="4596" cleared="0"  />
  <warning details="Mark invoked due to insufficient free space for Copy-Forward" />
</gc-op>
<gc-op id="85" type="classunload" timems="0.002" contextid="80" timestamp="2019-06-15T00:23:52.747">
  <classunload-info classloadercandidates="8" classloadersunloaded="0" classesunloaded="0" anonymousclassesunloaded="0" quiescems="0.000" setupms="0.002" scanms="0.000" postms="0.000" />
</gc-op>
<gc-op id="86" type="sweep" timems="0.399" contextid="80" timestamp="2019-06-15T00:23:52.747" />
<gc-op id="87" type="compact" timems="2.687" contextid="80" timestamp="2019-06-15T00:23:52.750">
  <compact-info movecount="25738" movebytes="1743320" />
  <remembered-set-cleared processed="2352" cleared="201" durationms="0.056" />
</gc-op>
<heap-resize id="88" type="expand" space="default" amount="2097152" count="1" timems="0.081" reason="insufficient free space following gc" timestamp="2019-06-15T00:23:52.751" />
<gc-end id="89" type="partial gc" contextid="80" durationms="6.818" usertimems="8.000" systemtimems="0.000" timestamp="2019-06-15T00:23:52.751" activeThreads="4">
  <mem-info id="90" free="6291456" total="15728640" percent="40">
    <mem type="eden" free="701376" total="2097152" percent="33" />
    <arraylet-primitive objects="2" leaves="2" largest="1" />
    <remembered-set count="2848" freebytes="616448" totalbytes="627840" percent="98" regionsoverflowed="0" regionsstable="0" regionsrebuilding="0"/>
  </mem-info>
</gc-end>
<cycle-end id="91" type="partial gc" contextid="80" timestamp="2019-06-15T00:23:52.751" />
  <attribute name="elasticGC enabled" value="1" />
  <attribute name= "numThreadsSpecified" value="4" />
  <attribute name="heapSize specified" value="0" />
  <attribute name="Current GC Util" value="33" />
  <attribute name= "Current Time Running" value="785" />
  <attribute name ="GC Interval" value="0" />
  <attribute name="ProportionalT" value="6.500000" />
  <attribute name="ProportionalI" value="6.500000" />
  <attribute name="ProportionalH" value="6.500000" />
  <attribute name="Current Error" value="13.000000" />
  <attribute name="IntegralT" value="13.000000" />
  <attribute name="IntegralI" value="13.000000" />
  <attribute name="IntegralH" value="13.000000" />
  <attribute name="DerivativeT" value="6.500000" />
  <attribute name="DerivativeI" value="6.500000" />
  <attribute name="DerivativeH" value="6.500000" />
  <attribute name="Loop Time for DT" value="1.000000" />
  <attribute name="Output H" value="8388608"/>
  <attribute name="Output I" value="200"/>
  <attribute name="Output T" value="4"/>
  <attribute name="Target GC Util Change" value ="20.000000" />
  <attribute name="Current GC Util Change" value="33.000000"/>
  <attribute name="GC Util currently" value="33" />
  <attribute name="CPU Util currently" value="7332065690052" />
<exclusive-end id="92" timestamp="2019-06-15T00:23:52.751" durationms="7.698" />

<exclusive-start id="93" timestamp="2019-06-15T00:23:52.782" intervalms="38.371">
  <response-info timems="0.033" idlems="0.033" threads="0" lastid="0000000001813D00" lastname="Thread-9" />
</exclusive-start>
<allocation-taxation id="94" taxation-threshold="6291456" timestamp="2019-06-15T00:23:52.782" intervalms="38.370" />
<cycle-start id="95" type="partial gc" contextid="0" timestamp="2019-06-15T00:23:52.782" intervalms="38.388" />
<gc-start id="96" type="partial gc" contextid="95" timestamp="2019-06-15T00:23:52.782">
  <mem-info id="97" free="0" total="15728640" percent="0">
    <mem type="eden" free="0" total="6291456" percent="0" />
    <arraylet-primitive objects="2" leaves="2" largest="1" />
    <remembered-set count="2368" freebytes="618368" totalbytes="627840" percent="98" regionsoverflowed="0" regionsstable="0" regionsrebuilding="0"/>
  </mem-info>
</gc-start>
<allocation-stats totalBytes="6290488" >
  <allocated-bytes non-tlh="0" tlh="6290488" arrayletleaf="0"/>
  <largest-consumer threadName="Thread-10" threadId="000000000181B500" bytes="2154224" />
</allocation-stats>
<gc-op id="98" type="mark" timems="1.686" contextid="95" timestamp="2019-06-15T00:23:52.784">
  <trace-info objectcount="24404" scancount="24319" scanbytes="1138608" />
  <cardclean-info objects="28" bytes="1900" />
  <remembered-set-cleared processed="1242" cleared="137" durationms="0.081" />
  <stringconstants candidates="4596" cleared="0"  />
  <warning details="Mark invoked due to insufficient free space for Copy-Forward" />
</gc-op>
<gc-op id="99" type="classunload" timems="0.003" contextid="95" timestamp="2019-06-15T00:23:52.784">
  <classunload-info classloadercandidates="8" classloadersunloaded="0" classesunloaded="0" anonymousclassesunloaded="0" quiescems="0.000" setupms="0.002" scanms="0.000" postms="0.000" />
</gc-op>
<gc-op id="100" type="sweep" timems="0.374" contextid="95" timestamp="2019-06-15T00:23:52.785" />
<gc-op id="101" type="compact" timems="2.517" contextid="95" timestamp="2019-06-15T00:23:52.788">
  <compact-info movecount="17172" movebytes="1124272" />
  <remembered-set-cleared processed="2585" cleared="417" durationms="0.081" />
</gc-op>
<heap-resize id="102" type="expand" space="default" amount="1048576" count="1" timems="0.052" reason="insufficient free space following gc" timestamp="2019-06-15T00:23:52.788" />
<gc-end id="103" type="partial gc" contextid="95" durationms="5.913" usertimems="8.000" systemtimems="0.000" timestamp="2019-06-15T00:23:52.788" activeThreads="4">
  <mem-info id="104" free="6291456" total="16777216" percent="37">
    <mem type="eden" free="972272" total="1048576" percent="92" />
    <arraylet-primitive objects="2" leaves="2" largest="1" />
    <remembered-set count="3264" freebytes="656640" totalbytes="669696" percent="98" regionsoverflowed="0" regionsstable="0" regionsrebuilding="0"/>
  </mem-info>
</gc-end>
<cycle-end id="105" type="partial gc" contextid="95" timestamp="2019-06-15T00:23:52.788" />
  <attribute name="elasticGC enabled" value="1" />
  <attribute name= "numThreadsSpecified" value="4" />
  <attribute name="heapSize specified" value="0" />
  <attribute name="Current GC Util" value="24" />
  <attribute name= "Current Time Running" value="822" />
  <attribute name ="GC Interval" value="0" />
  <attribute name="ProportionalT" value="2.000000" />
  <attribute name="ProportionalI" value="2.000000" />
  <attribute name="ProportionalH" value="2.000000" />
  <attribute name="Current Error" value="4.000000" />
  <attribute name="IntegralT" value="0.000000" />
  <attribute name="IntegralI" value="0.000000" />
  <attribute name="IntegralH" value="0.000000" />
  <attribute name="DerivativeT" value="-inf" />
  <attribute name="DerivativeI" value="-inf" />
  <attribute name="DerivativeH" value="-inf" />
  <attribute name="Loop Time for DT" value="0.000000" />
  <attribute name="Output H" value="2091843584"/>
  <attribute name="Output I" value="200"/>
  <attribute name="Output T" value="4"/>
  <attribute name="Target GC Util Change" value ="20.000000" />
  <attribute name="Current GC Util Change" value="24.000000"/>
  <attribute name="GC Util currently" value="24" />
  <attribute name="CPU Util currently" value="7859752188211" />
<exclusive-end id="106" timestamp="2019-06-15T00:23:52.788" durationms="6.753" />

<exclusive-start id="107" timestamp="2019-06-15T00:23:52.806" intervalms="24.763">
  <response-info timems="0.043" idlems="0.023" threads="1" lastid="000000000181B500" lastname="Thread-10" />
</exclusive-start>
<allocation-taxation id="108" taxation-threshold="6291456" timestamp="2019-06-15T00:23:52.807" intervalms="24.768" />
<cycle-start id="109" type="partial gc" contextid="0" timestamp="2019-06-15T00:23:52.807" intervalms="24.757" />
<gc-start id="110" type="partial gc" contextid="109" timestamp="2019-06-15T00:23:52.807">
  <mem-info id="111" free="0" total="16777216" percent="0">
    <mem type="eden" free="0" total="6291456" percent="0" />
    <arraylet-primitive objects="2" leaves="2" largest="1" />
    <remembered-set count="3072" freebytes="657408" totalbytes="669696" percent="98" regionsoverflowed="0" regionsstable="0" regionsrebuilding="0"/>
  </mem-info>
</gc-start>
<allocation-stats totalBytes="6290456" >
  <allocated-bytes non-tlh="0" tlh="6290456" arrayletleaf="0"/>
  <largest-consumer threadName="Thread-8" threadId="0000000001817900" bytes="2416256" />
</allocation-stats>
<gc-op id="112" type="mark" timems="0.982" contextid="109" timestamp="2019-06-15T00:23:52.809">
  <trace-info objectcount="5444" scancount="5444" scanbytes="131664" />
  <cardclean-info objects="7201" bytes="347072" />
  <remembered-set-cleared processed="1444" cleared="207" durationms="0.071" />
  <stringconstants candidates="4596" cleared="0"  />
  <warning details="Mark invoked due to insufficient free space for Copy-Forward" />
</gc-op>
<gc-op id="113" type="classunload" timems="0.002" contextid="109" timestamp="2019-06-15T00:23:52.809">
  <classunload-info classloadercandidates="8" classloadersunloaded="0" classesunloaded="0" anonymousclassesunloaded="0" quiescems="0.000" setupms="0.002" scanms="0.000" postms="0.000" />
</gc-op>
<gc-op id="114" type="sweep" timems="0.304" contextid="109" timestamp="2019-06-15T00:23:52.809" />
<gc-op id="115" type="compact" timems="1.485" contextid="109" timestamp="2019-06-15T00:23:52.811">
  <compact-info movecount="3282" movebytes="79776" />
  <remembered-set-cleared processed="2968" cleared="489" durationms="0.071" />
</gc-op>
<heap-resize id="116" type="expand" space="default" amount="2097152" count="1" timems="0.060" reason="insufficient free space following gc" timestamp="2019-06-15T00:23:52.811" />
<gc-end id="117" type="partial gc" contextid="109" durationms="4.308" usertimems="4.000" systemtimems="0.000" timestamp="2019-06-15T00:23:52.811" activeThreads="4">
  <mem-info id="118" free="7340032" total="18874368" percent="38">
    <mem type="eden" free="984352" total="1048576" percent="93" />
    <arraylet-primitive objects="2" leaves="2" largest="1" />
    <remembered-set count="4224" freebytes="736512" totalbytes="753408" percent="97" regionsoverflowed="0" regionsstable="0" regionsrebuilding="0"/>
  </mem-info>
</gc-end>
<cycle-end id="119" type="partial gc" contextid="109" timestamp="2019-06-15T00:23:52.811" />
  <attribute name="elasticGC enabled" value="1" />
  <attribute name= "numThreadsSpecified" value="4" />
  <attribute name="heapSize specified" value="0" />
  <attribute name="Current GC Util" value="27" />
  <attribute name= "Current Time Running" value="847" />
  <attribute name ="GC Interval" value="0" />
  <attribute name="ProportionalT" value="3.500000" />
  <attribute name="ProportionalI" value="3.500000" />
  <attribute name="ProportionalH" value="3.500000" />
  <attribute name="Current Error" value="7.000000" />
  <attribute name="IntegralT" value="7.000000" />
  <attribute name="IntegralI" value="7.000000" />
  <attribute name="IntegralH" value="7.000000" />
  <attribute name="DerivativeT" value="3.500000" />
  <attribute name="DerivativeI" value="3.500000" />
  <attribute name="DerivativeH" value="3.500000" />
  <attribute name="Loop Time for DT" value="1.000000" />
  <attribute name="Output H" value="8388608"/>
  <attribute name="Output I" value="200"/>
  <attribute name="Output T" value="4"/>
  <attribute name="Target GC Util Change" value ="20.000000" />
  <attribute name="Current GC Util Change" value="27.000000"/>
  <attribute name="GC Util currently" value="27" />
  <attribute name="CPU Util currently" value="8850194723350" />
<exclusive-end id="120" timestamp="2019-06-15T00:23:52.812" durationms="5.255" />

<exclusive-start id="121" timestamp="2019-06-15T00:23:52.827" intervalms="20.952">
  <response-info timems="0.081" idlems="0.081" threads="0" lastid="000000000181F100" lastname="Thread-7" />
</exclusive-start>
<allocation-taxation id="122" taxation-threshold="7340032" timestamp="2019-06-15T00:23:52.828" intervalms="20.945" />
<cycle-start id="123" type="partial gc" contextid="0" timestamp="2019-06-15T00:23:52.828" intervalms="20.957" />
<gc-start id="124" type="partial gc" contextid="123" timestamp="2019-06-15T00:23:52.828">
  <mem-info id="125" free="0" total="18874368" percent="0">
    <mem type="eden" free="0" total="7340032" percent="0" />
    <arraylet-primitive objects="2" leaves="2" largest="1" />
    <remembered-set count="3744" freebytes="738432" totalbytes="753408" percent="98" regionsoverflowed="0" regionsstable="0" regionsrebuilding="0"/>
  </mem-info>
</gc-start>
<allocation-stats totalBytes="7338960" >
  <allocated-bytes non-tlh="0" tlh="7338960" arrayletleaf="0"/>
  <largest-consumer threadName="Thread-9" threadId="0000000001813D00" bytes="3260056" />
</allocation-stats>
<gc-op id="126" type="mark" timems="1.282" contextid="123" timestamp="2019-06-15T00:23:52.830">
  <trace-info objectcount="5391" scancount="5391" scanbytes="129864" />
  <cardclean-info objects="7487" bytes="360616" />
  <remembered-set-cleared processed="2023" cleared="396" durationms="0.090" />
  <stringconstants candidates="4596" cleared="0"  />
  <warning details="Mark invoked due to insufficient free space for Copy-Forward" />
</gc-op>
<gc-op id="127" type="classunload" timems="0.003" contextid="123" timestamp="2019-06-15T00:23:52.830">
  <classunload-info classloadercandidates="8" classloadersunloaded="0" classesunloaded="0" anonymousclassesunloaded="0" quiescems="0.000" setupms="0.003" scanms="0.000" postms="0.000" />
</gc-op>
<gc-op id="128" type="sweep" timems="0.270" contextid="123" timestamp="2019-06-15T00:23:52.830" />
<gc-op id="129" type="compact" timems="1.545" contextid="123" timestamp="2019-06-15T00:23:52.832">
  <compact-info movecount="4916" movebytes="118464" />
  <remembered-set-cleared processed="4125" cleared="866" durationms="0.090" />
</gc-op>
<heap-resize id="130" type="expand" space="default" amount="1048576" count="1" timems="0.052" reason="insufficient free space following gc" timestamp="2019-06-15T00:23:52.832" />
<gc-end id="131" type="partial gc" contextid="123" durationms="4.446" usertimems="8.000" systemtimems="0.000" timestamp="2019-06-15T00:23:52.832" activeThreads="4">
  <mem-info id="132" free="7340032" total="19922944" percent="36">
    <mem type="eden" free="977608" total="1048576" percent="93" />
    <arraylet-primitive objects="2" leaves="2" largest="1" />
    <remembered-set count="4224" freebytes="778368" totalbytes="795264" percent="97" regionsoverflowed="0" regionsstable="0" regionsrebuilding="0"/>
  </mem-info>
</gc-end>
<cycle-end id="133" type="partial gc" contextid="123" timestamp="2019-06-15T00:23:52.832" />
  <attribute name="elasticGC enabled" value="1" />
  <attribute name= "numThreadsSpecified" value="4" />
  <attribute name="heapSize specified" value="0" />
  <attribute name="Current GC Util" value="25" />
  <attribute name= "Current Time Running" value="868" />
  <attribute name ="GC Interval" value="0" />
  <attribute name="ProportionalT" value="2.500000" />
  <attribute name="ProportionalI" value="2.500000" />
  <attribute name="ProportionalH" value="2.500000" />
  <attribute name="Current Error" value="5.000000" />
  <attribute name="IntegralT" value="5.000000" />
  <attribute name="IntegralI" value="5.000000" />
  <attribute name="IntegralH" value="5.000000" />
  <attribute name="DerivativeT" value="-28.500000" />
  <attribute name="DerivativeI" value="-28.500000" />
  <attribute name="DerivativeH" value="-28.500000" />
  <attribute name="Loop Time for DT" value="1.000000" />
  <attribute name="Output H" value="2091843584"/>
  <attribute name="Output I" value="200"/>
  <attribute name="Output T" value="4"/>
  <attribute name="Target GC Util Change" value ="20.000000" />
  <attribute name="Current GC Util Change" value="25.000000"/>
  <attribute name="GC Util currently" value="25" />
  <attribute name="CPU Util currently" value="9530462599646" />
<exclusive-end id="134" timestamp="2019-06-15T00:23:52.833" durationms="5.212" />

<exclusive-start id="135" timestamp="2019-06-15T00:23:52.850" intervalms="22.857">
  <response-info timems="0.043" idlems="0.017" threads="2" lastid="0000000001813D00" lastname="Thread-9" />
</exclusive-start>
<allocation-taxation id="136" taxation-threshold="7340032" timestamp="2019-06-15T00:23:52.850" intervalms="22.861" />
<cycle-start id="137" type="partial gc" contextid="0" timestamp="2019-06-15T00:23:52.850" intervalms="22.798" />
<gc-start id="138" type="partial gc" contextid="137" timestamp="2019-06-15T00:23:52.851">
  <mem-info id="139" free="0" total="19922944" percent="0">
    <mem type="eden" free="0" total="7340032" percent="0" />
    <arraylet-primitive objects="2" leaves="2" largest="1" />
    <remembered-set count="4224" freebytes="778368" totalbytes="795264" percent="97" regionsoverflowed="0" regionsstable="0" regionsrebuilding="0"/>
  </mem-info>
</gc-start>
<allocation-stats totalBytes="7338720" >
  <allocated-bytes non-tlh="0" tlh="7338720" arrayletleaf="0"/>
  <largest-consumer threadName="Thread-7" threadId="000000000181F100" bytes="2903600" />
</allocation-stats>
<gc-op id="140" type="mark" timems="1.349" contextid="137" timestamp="2019-06-15T00:23:52.853">
  <trace-info objectcount="5757" scancount="5757" scanbytes="139064" />
  <cardclean-info objects="8321" bytes="400296" />
  <remembered-set-cleared processed="2620" cleared="498" durationms="0.082" />
  <stringconstants candidates="4596" cleared="0"  />
  <warning details="Mark invoked due to insufficient free space for Copy-Forward" />
</gc-op>
<gc-op id="141" type="classunload" timems="0.002" contextid="137" timestamp="2019-06-15T00:23:52.853">
  <classunload-info classloadercandidates="8" classloadersunloaded="0" classesunloaded="0" anonymousclassesunloaded="0" quiescems="0.000" setupms="0.002" scanms="0.000" postms="0.000" />
</gc-op>
<gc-op id="142" type="sweep" timems="0.272" contextid="137" timestamp="2019-06-15T00:23:52.853" />
<gc-op id="143" type="compact" timems="1.503" contextid="137" timestamp="2019-06-15T00:23:52.855">
  <compact-info movecount="3909" movebytes="94712" />
  <remembered-set-cleared processed="5326" cleared="1078" durationms="0.082" />
</gc-op>
<heap-resize id="144" type="expand" space="default" amount="2097152" count="1" timems="0.058" reason="insufficient free space following gc" timestamp="2019-06-15T00:23:52.855" />
<gc-end id="145" type="partial gc" contextid="137" durationms="4.497" usertimems="4.000" systemtimems="0.000" timestamp="2019-06-15T00:23:52.855" activeThreads="4">
  <mem-info id="146" free="8388608" total="22020096" percent="38">
    <mem type="eden" free="977936" total="1048576" percent="93" />
    <arraylet-primitive objects="2" leaves="2" largest="1" />
    <remembered-set count="4832" freebytes="859648" totalbytes="878976" percent="97" regionsoverflowed="0" regionsstable="0" regionsrebuilding="0"/>
  </mem-info>
</gc-end>
<cycle-end id="147" type="partial gc" contextid="137" timestamp="2019-06-15T00:23:52.855" />
  <attribute name="elasticGC enabled" value="1" />
  <attribute name= "numThreadsSpecified" value="4" />
  <attribute name="heapSize specified" value="0" />
  <attribute name="Current GC Util" value="25" />
  <attribute name= "Current Time Running" value="891" />
  <attribute name ="GC Interval" value="0" />
  <attribute name="ProportionalT" value="2.500000" />
  <attribute name="ProportionalI" value="2.500000" />
  <attribute name="ProportionalH" value="2.500000" />
  <attribute name="Current Error" value="5.000000" />
  <attribute name="IntegralT" value="5.000000" />
  <attribute name="IntegralI" value="5.000000" />
  <attribute name="IntegralH" value="5.000000" />
  <attribute name="DerivativeT" value="-28.500000" />
  <attribute name="DerivativeI" value="-28.500000" />
  <attribute name="DerivativeH" value="-28.500000" />
  <attribute name="Loop Time for DT" value="1.000000" />
  <attribute name="Output H" value="2091843584"/>
  <attribute name="Output I" value="200"/>
  <attribute name="Output T" value="4"/>
  <attribute name="Target GC Util Change" value ="20.000000" />
  <attribute name="Current GC Util Change" value="25.000000"/>
  <attribute name="GC Util currently" value="25" />
  <attribute name="CPU Util currently" value="9572838059696" />
<exclusive-end id="148" timestamp="2019-06-15T00:23:52.856" durationms="5.332" />

<exclusive-start id="149" timestamp="2019-06-15T00:23:52.868" intervalms="18.125">
  <response-info timems="0.027" idlems="0.014" threads="1" lastid="0000000001817900" lastname="Thread-8" />
</exclusive-start>
<allocation-taxation id="150" taxation-threshold="8388608" timestamp="2019-06-15T00:23:52.868" intervalms="18.085" />
<cycle-start id="151" type="partial gc" contextid="0" timestamp="2019-06-15T00:23:52.869" intervalms="18.103" />
<gc-start id="152" type="partial gc" contextid="151" timestamp="2019-06-15T00:23:52.869">
  <mem-info id="153" free="0" total="22020096" percent="0">
    <mem type="eden" free="0" total="8388608" percent="0" />
    <arraylet-primitive objects="2" leaves="2" largest="1" />
    <remembered-set count="4832" freebytes="859648" totalbytes="878976" percent="97" regionsoverflowed="0" regionsstable="0" regionsrebuilding="0"/>
  </mem-info>
</gc-start>
<allocation-stats totalBytes="8387432" >
  <allocated-bytes non-tlh="0" tlh="8387432" arrayletleaf="0"/>
  <largest-consumer threadName="Thread-7" threadId="000000000181F100" bytes="4390320" />
</allocation-stats>
<gc-op id="154" type="mark" timems="0.980" contextid="151" timestamp="2019-06-15T00:23:52.870">
  <trace-info objectcount="4823" scancount="4823" scanbytes="117056" />
  <cardclean-info objects="6933" bytes="333688" />
  <remembered-set-cleared processed="3183" cleared="529" durationms="0.088" />
  <stringconstants candidates="4596" cleared="0"  />
  <warning details="Mark invoked due to insufficient free space for Copy-Forward" />
</gc-op>
<gc-op id="155" type="classunload" timems="0.002" contextid="151" timestamp="2019-06-15T00:23:52.870">
  <classunload-info classloadercandidates="8" classloadersunloaded="0" classesunloaded="0" anonymousclassesunloaded="0" quiescems="0.000" setupms="0.002" scanms="0.000" postms="0.000" />
</gc-op>
<gc-op id="156" type="sweep" timems="0.396" contextid="151" timestamp="2019-06-15T00:23:52.871" />
<gc-op id="157" type="compact" timems="1.353" contextid="151" timestamp="2019-06-15T00:23:52.872">
  <compact-info movecount="3063" movebytes="74688" />
  <remembered-set-cleared processed="6448" cleared="1137" durationms="0.088" />
</gc-op>
<heap-resize id="158" type="expand" space="default" amount="1048576" count="1" timems="0.052" reason="insufficient free space following gc" timestamp="2019-06-15T00:23:52.873" />
<gc-end id="159" type="partial gc" contextid="151" durationms="4.038" usertimems="4.000" systemtimems="0.000" timestamp="2019-06-15T00:23:52.873" activeThreads="1">
  <mem-info id="160" free="8388608" total="23068672" percent="36">
    <mem type="eden" free="997720" total="1048576" percent="95" />
    <arraylet-primitive objects="2" leaves="2" largest="1" />
    <remembered-set count="5696" freebytes="898048" totalbytes="920832" percent="97" regionsoverflowed="0" regionsstable="0" regionsrebuilding="0"/>
  </mem-info>
</gc-end>
<cycle-end id="161" type="partial gc" contextid="151" timestamp="2019-06-15T00:23:52.873" />
  <attribute name="elasticGC enabled" value="1" />
  <attribute name= "numThreadsSpecified" value="1" />
  <attribute name="heapSize specified" value="0" />
  <attribute name="Current GC Util" value="27" />
  <attribute name= "Current Time Running" value="908" />
  <attribute name ="GC Interval" value="0" />
  <attribute name="ProportionalT" value="3.500000" />
  <attribute name="ProportionalI" value="3.500000" />
  <attribute name="ProportionalH" value="3.500000" />
  <attribute name="Current Error" value="7.000000" />
  <attribute name="IntegralT" value="0.000000" />
  <attribute name="IntegralI" value="0.000000" />
  <attribute name="IntegralH" value="0.000000" />
  <attribute name="DerivativeT" value="inf" />
  <attribute name="DerivativeI" value="inf" />
  <attribute name="DerivativeH" value="inf" />
  <attribute name="Loop Time for DT" value="0.000000" />
  <attribute name="Output H" value="8388608"/>
  <attribute name="Output I" value="200"/>
  <attribute name="Output T" value="1"/>
  <attribute name="Target GC Util Change" value ="20.000000" />
  <attribute name="Current GC Util Change" value="27.000000"/>
  <attribute name="GC Util currently" value="27" />
  <attribute name="CPU Util currently" value="7616716985738" />
<exclusive-end id="162" timestamp="2019-06-15T00:23:52.873" durationms="4.737" />

<exclusive-start id="163" timestamp="2019-06-15T00:23:52.896" intervalms="27.453">
  <response-info timems="0.045" idlems="0.045" threads="0" lastid="000000000181F100" lastname="Thread-7" />
</exclusive-start>
<allocation-taxation id="164" taxation-threshold="8388608" timestamp="2019-06-15T00:23:52.896" intervalms="27.461" />
<cycle-start id="165" type="partial gc" contextid="0" timestamp="2019-06-15T00:23:52.896" intervalms="27.462" />
<gc-start id="166" type="partial gc" contextid="165" timestamp="2019-06-15T00:23:52.896">
  <mem-info id="167" free="0" total="23068672" percent="0">
    <mem type="eden" free="0" total="8388608" percent="0" />
    <arraylet-primitive objects="2" leaves="2" largest="1" />
    <remembered-set count="5312" freebytes="899584" totalbytes="920832" percent="97" regionsoverflowed="0" regionsstable="0" regionsrebuilding="0"/>
  </mem-info>
</gc-start>
<allocation-stats totalBytes="8387464" >
  <allocated-bytes non-tlh="256" tlh="8387208" arrayletleaf="0"/>
  <largest-consumer threadName="Thread-9" threadId="0000000001813D00" bytes="3202624" />
</allocation-stats>
<gc-op id="168" type="mark" timems="1.450" contextid="165" timestamp="2019-06-15T00:23:52.898">
  <trace-info objectcount="15978" scancount="15956" scanbytes="660480" />
  <cardclean-info objects="5276" bytes="261032" />
  <remembered-set-cleared processed="3808" cleared="694" durationms="0.099" />
  <stringconstants candidates="4597" cleared="0"  />
  <warning details="Mark invoked due to insufficient free space for Copy-Forward" />
</gc-op>
<gc-op id="169" type="classunload" timems="0.002" contextid="165" timestamp="2019-06-15T00:23:52.898">
  <classunload-info classloadercandidates="8" classloadersunloaded="0" classesunloaded="0" anonymousclassesunloaded="0" quiescems="0.000" setupms="0.002" scanms="0.000" postms="0.000" />
</gc-op>
<gc-op id="170" type="sweep" timems="0.443" contextid="165" timestamp="2019-06-15T00:23:52.899" />
<gc-op id="171" type="compact" timems="2.191" contextid="165" timestamp="2019-06-15T00:23:52.901">
  <compact-info movecount="15287" movebytes="664680" />
  <remembered-set-cleared processed="7693" cleared="1455" durationms="0.099" />
</gc-op>
<heap-resize id="172" type="expand" space="default" amount="1048576" count="1" timems="0.054" reason="insufficient free space following gc" timestamp="2019-06-15T00:23:52.902" />
<gc-end id="173" type="partial gc" contextid="165" durationms="5.428" usertimems="4.000" systemtimems="0.000" timestamp="2019-06-15T00:23:52.902" activeThreads="1">
  <mem-info id="174" free="8388608" total="24117248" percent="34">
    <mem type="eden" free="413728" total="1048576" percent="39" />
    <arraylet-primitive objects="2" leaves="2" largest="1" />
    <remembered-set count="5568" freebytes="940416" totalbytes="962688" percent="97" regionsoverflowed="0" regionsstable="0" regionsrebuilding="0"/>
  </mem-info>
</gc-end>
<cycle-end id="175" type="partial gc" contextid="165" timestamp="2019-06-15T00:23:52.902" />
  <attribute name="elasticGC enabled" value="1" />
  <attribute name= "numThreadsSpecified" value="1" />
  <attribute name="heapSize specified" value="0" />
  <attribute name="Current GC Util" value="27" />
  <attribute name= "Current Time Running" value="936" />
  <attribute name ="GC Interval" value="0" />
  <attribute name="ProportionalT" value="3.500000" />
  <attribute name="ProportionalI" value="3.500000" />
  <attribute name="ProportionalH" value="3.500000" />
  <attribute name="Current Error" value="7.000000" />
  <attribute name="IntegralT" value="0.000000" />
  <attribute name="IntegralI" value="0.000000" />
  <attribute name="IntegralH" value="0.000000" />
  <attribute name="DerivativeT" value="inf" />
  <attribute name="DerivativeI" value="inf" />
  <attribute name="DerivativeH" value="inf" />
  <attribute name="Loop Time for DT" value="0.000000" />
  <attribute name="Output H" value="8388608"/>
  <attribute name="Output I" value="200"/>
  <attribute name="Output T" value="1"/>
  <attribute name="Target GC Util Change" value ="20.000000" />
  <attribute name="Current GC Util Change" value="27.000000"/>
  <attribute name="GC Util currently" value="27" />
  <attribute name="CPU Util currently" value="7049535094218" />
<exclusive-end id="176" timestamp="2019-06-15T00:23:52.902" durationms="6.197" />

<exclusive-start id="177" timestamp="2019-06-15T00:23:52.910" intervalms="13.887">
  <response-info timems="0.031" idlems="0.031" threads="0" lastid="0000000001813D00" lastname="Thread-9" />
</exclusive-start>
<allocation-taxation id="178" taxation-threshold="8388608" timestamp="2019-06-15T00:23:52.910" intervalms="13.877" />
<cycle-start id="179" type="partial gc" contextid="0" timestamp="2019-06-15T00:23:52.910" intervalms="13.898" />
<gc-start id="180" type="partial gc" contextid="179" timestamp="2019-06-15T00:23:52.910">
  <mem-info id="181" free="0" total="24117248" percent="0">
    <mem type="eden" free="0" total="8388608" percent="0" />
    <arraylet-primitive objects="2" leaves="2" largest="1" />
    <remembered-set count="5504" freebytes="940672" totalbytes="962688" percent="97" regionsoverflowed="0" regionsstable="0" regionsrebuilding="0"/>
  </mem-info>
</gc-start>
<allocation-stats totalBytes="8387240" >
  <allocated-bytes non-tlh="0" tlh="8387240" arrayletleaf="0"/>
  <largest-consumer threadName="Thread-7" threadId="000000000181F100" bytes="2956936" />
</allocation-stats>
<gc-op id="182" type="mark" timems="1.308" contextid="179" timestamp="2019-06-15T00:23:52.912">
  <trace-info objectcount="17542" scancount="17520" scanbytes="697576" />
  <cardclean-info objects="3469" bytes="175904" />
  <remembered-set-cleared processed="4247" cleared="582" durationms="0.094" />
  <stringconstants candidates="4597" cleared="0"  />
  <warning details="Mark invoked due to insufficient free space for Copy-Forward" />
</gc-op>
<gc-op id="183" type="classunload" timems="0.002" contextid="179" timestamp="2019-06-15T00:23:52.912">
  <classunload-info classloadercandidates="8" classloadersunloaded="0" classesunloaded="0" anonymousclassesunloaded="0" quiescems="0.000" setupms="0.002" scanms="0.000" postms="0.000" />
</gc-op>
<gc-op id="184" type="sweep" timems="0.386" contextid="179" timestamp="2019-06-15T00:23:52.912" />
<gc-op id="185" type="compact" timems="2.197" contextid="179" timestamp="2019-06-15T00:23:52.915">
  <compact-info movecount="10770" movebytes="404096" />
  <remembered-set-cleared processed="8591" cleared="1251" durationms="0.094" />
</gc-op>
<heap-resize id="186" type="expand" space="default" amount="2097152" count="1" timems="0.056" reason="insufficient free space following gc" timestamp="2019-06-15T00:23:52.915" />
<gc-end id="187" type="partial gc" contextid="179" durationms="5.246" usertimems="4.000" systemtimems="0.000" timestamp="2019-06-15T00:23:52.915" activeThreads="4">
  <mem-info id="188" free="9437184" total="26214400" percent="36">
    <mem type="eden" free="960200" total="1048576" percent="91" />
    <arraylet-primitive objects="2" leaves="2" largest="1" />
    <remembered-set count="6752" freebytes="1019392" totalbytes="1046400" percent="97" regionsoverflowed="0" regionsstable="0" regionsrebuilding="0"/>
  </mem-info>
</gc-end>
<cycle-end id="189" type="partial gc" contextid="179" timestamp="2019-06-15T00:23:52.915" />
  <attribute name="elasticGC enabled" value="1" />
  <attribute name= "numThreadsSpecified" value="4" />
  <attribute name="heapSize specified" value="0" />
  <attribute name="Current GC Util" value="25" />
  <attribute name= "Current Time Running" value="950" />
  <attribute name ="GC Interval" value="0" />
  <attribute name="ProportionalT" value="2.500000" />
  <attribute name="ProportionalI" value="2.500000" />
  <attribute name="ProportionalH" value="2.500000" />
  <attribute name="Current Error" value="5.000000" />
  <attribute name="IntegralT" value="5.000000" />
  <attribute name="IntegralI" value="5.000000" />
  <attribute name="IntegralH" value="5.000000" />
  <attribute name="DerivativeT" value="2.500000" />
  <attribute name="DerivativeI" value="2.500000" />
  <attribute name="DerivativeH" value="2.500000" />
  <attribute name="Loop Time for DT" value="1.000000" />
  <attribute name="Output H" value="8388608"/>
  <attribute name="Output I" value="200"/>
  <attribute name="Output T" value="4"/>
  <attribute name="Target GC Util Change" value ="20.000000" />
  <attribute name="Current GC Util Change" value="25.000000"/>
  <attribute name="GC Util currently" value="25" />
  <attribute name="CPU Util currently" value="7740988262523" />
<exclusive-end id="190" timestamp="2019-06-15T00:23:52.916" durationms="5.972" />

<exclusive-start id="191" timestamp="2019-06-15T00:23:52.925" intervalms="15.463">
  <response-info timems="0.034" idlems="0.019" threads="1" lastid="000000000181B500" lastname="Thread-10" />
</exclusive-start>
<allocation-taxation id="192" taxation-threshold="9437184" timestamp="2019-06-15T00:23:52.925" intervalms="15.472" />
<cycle-start id="193" type="partial gc" contextid="0" timestamp="2019-06-15T00:23:52.925" intervalms="15.500" />
<gc-start id="194" type="partial gc" contextid="193" timestamp="2019-06-15T00:23:52.926">
  <mem-info id="195" free="0" total="26214400" percent="0">
    <mem type="eden" free="0" total="9437184" percent="0" />
    <arraylet-primitive objects="2" leaves="2" largest="1" />
    <remembered-set count="6720" freebytes="1019520" totalbytes="1046400" percent="97" regionsoverflowed="0" regionsstable="0" regionsrebuilding="0"/>
  </mem-info>
</gc-start>
<allocation-stats totalBytes="9436088" >
  <allocated-bytes non-tlh="0" tlh="9436088" arrayletleaf="0"/>
  <largest-consumer threadName="Thread-8" threadId="0000000001817900" bytes="3243696" />
</allocation-stats>
<gc-op id="196" type="mark" timems="1.099" contextid="193" timestamp="2019-06-15T00:23:52.927">
  <trace-info objectcount="7350" scancount="7350" scanbytes="180356" />
  <cardclean-info objects="8897" bytes="444312" />
  <remembered-set-cleared processed="4611" cleared="381" durationms="0.098" />
  <stringconstants candidates="4597" cleared="0"  />
  <warning details="Mark invoked due to insufficient free space for Copy-Forward" />
</gc-op>
<gc-op id="197" type="classunload" timems="0.002" contextid="193" timestamp="2019-06-15T00:23:52.927">
  <classunload-info classloadercandidates="8" classloadersunloaded="0" classesunloaded="0" anonymousclassesunloaded="0" quiescems="0.000" setupms="0.002" scanms="0.000" postms="0.000" />
</gc-op>
<gc-op id="198" type="sweep" timems="0.507" contextid="193" timestamp="2019-06-15T00:23:52.928" />
<gc-op id="199" type="compact" timems="1.901" contextid="193" timestamp="2019-06-15T00:23:52.930">
  <compact-info movecount="5678" movebytes="137568" />
  <remembered-set-cleared processed="9333" cleared="867" durationms="0.098" />
</gc-op>
<heap-resize id="200" type="expand" space="default" amount="1048576" count="1" timems="0.057" reason="insufficient free space following gc" timestamp="2019-06-15T00:23:52.930" />
<gc-end id="201" type="partial gc" contextid="193" durationms="4.981" usertimems="4.000" systemtimems="4.000" timestamp="2019-06-15T00:23:52.931" activeThreads="4">
  <mem-info id="202" free="9437184" total="27262976" percent="34">
    <mem type="eden" free="954520" total="1048576" percent="91" />
    <arraylet-primitive objects="2" leaves="2" largest="1" />
    <remembered-set count="7456" freebytes="1058432" totalbytes="1088256" percent="97" regionsoverflowed="0" regionsstable="0" regionsrebuilding="0"/>
  </mem-info>
</gc-end>
<cycle-end id="203" type="partial gc" contextid="193" timestamp="2019-06-15T00:23:52.931" />
  <attribute name="elasticGC enabled" value="1" />
  <attribute name= "numThreadsSpecified" value="4" />
  <attribute name="heapSize specified" value="0" />
  <attribute name="Current GC Util" value="24" />
  <attribute name= "Current Time Running" value="966" />
  <attribute name ="GC Interval" value="0" />
  <attribute name="ProportionalT" value="2.000000" />
  <attribute name="ProportionalI" value="2.000000" />
  <attribute name="ProportionalH" value="2.000000" />
  <attribute name="Current Error" value="4.000000" />
  <attribute name="IntegralT" value="4.000000" />
  <attribute name="IntegralI" value="4.000000" />
  <attribute name="IntegralH" value="4.000000" />
  <attribute name="DerivativeT" value="2.000000" />
  <attribute name="DerivativeI" value="2.000000" />
  <attribute name="DerivativeH" value="2.000000" />
  <attribute name="Loop Time for DT" value="1.000000" />
  <attribute name="Output H" value="8388608"/>
  <attribute name="Output I" value="200"/>
  <attribute name="Output T" value="4"/>
  <attribute name="Target GC Util Change" value ="20.000000" />
  <attribute name="Current GC Util Change" value="24.000000"/>
  <attribute name="GC Util currently" value="24" />
  <attribute name="CPU Util currently" value="6418696793727" />
<exclusive-end id="204" timestamp="2019-06-15T00:23:52.931" durationms="5.803" />

<exclusive-start id="205" timestamp="2019-06-15T00:23:52.948" intervalms="22.632">
  <response-info timems="0.040" idlems="0.040" threads="0" lastid="0000000001817900" lastname="Thread-8" />
</exclusive-start>
<allocation-taxation id="206" taxation-threshold="9437184" timestamp="2019-06-15T00:23:52.948" intervalms="22.710" />
<cycle-start id="207" type="partial gc" contextid="0" timestamp="2019-06-15T00:23:52.948" intervalms="22.744" />
<gc-start id="208" type="partial gc" contextid="207" timestamp="2019-06-15T00:23:52.948">
  <mem-info id="209" free="0" total="27262976" percent="0">
    <mem type="eden" free="0" total="9437184" percent="0" />
    <arraylet-primitive objects="2" leaves="2" largest="1" />
    <remembered-set count="7200" freebytes="1059456" totalbytes="1088256" percent="97" regionsoverflowed="0" regionsstable="0" regionsrebuilding="0"/>
  </mem-info>
</gc-start>
<allocation-stats totalBytes="9435672" >
  <allocated-bytes non-tlh="0" tlh="9435672" arrayletleaf="0"/>
  <largest-consumer threadName="Thread-10" threadId="000000000181B500" bytes="4558168" />
</allocation-stats>
<gc-op id="210" type="mark" timems="1.278" contextid="207" timestamp="2019-06-15T00:23:52.950">
  <trace-info objectcount="12242" scancount="12242" scanbytes="435144" />
  <cardclean-info objects="8260" bytes="418248" />
  <remembered-set-cleared processed="5281" cleared="633" durationms="0.110" />
  <stringconstants candidates="4597" cleared="0"  />
  <warning details="Mark invoked due to insufficient free space for Copy-Forward" />
</gc-op>
<gc-op id="211" type="classunload" timems="0.003" contextid="207" timestamp="2019-06-15T00:23:52.950">
  <classunload-info classloadercandidates="8" classloadersunloaded="0" classesunloaded="0" anonymousclassesunloaded="0" quiescems="0.000" setupms="0.003" scanms="0.000" postms="0.000" />
</gc-op>
<gc-op id="212" type="sweep" timems="0.433" contextid="207" timestamp="2019-06-15T00:23:52.951" />
<gc-op id="213" type="compact" timems="1.959" contextid="207" timestamp="2019-06-15T00:23:52.953">
  <compact-info movecount="9966" movebytes="377864" />
  <remembered-set-cleared processed="10674" cleared="1372" durationms="0.110" />
</gc-op>
<heap-resize id="214" type="expand" space="default" amount="2097152" count="1" timems="0.059" reason="insufficient free space following gc" timestamp="2019-06-15T00:23:52.953" />
<gc-end id="215" type="partial gc" contextid="207" durationms="5.040" usertimems="4.000" systemtimems="0.000" timestamp="2019-06-15T00:23:52.953" activeThreads="1">
  <mem-info id="216" free="10485760" total="29360128" percent="35">
    <mem type="eden" free="703112" total="1048576" percent="67" />
    <arraylet-primitive objects="2" leaves="2" largest="1" />
    <remembered-set count="8064" freebytes="1139712" totalbytes="1171968" percent="97" regionsoverflowed="0" regionsstable="0" regionsrebuilding="0"/>
  </mem-info>
</gc-end>
<cycle-end id="217" type="partial gc" contextid="207" timestamp="2019-06-15T00:23:52.954" />
  <attribute name="elasticGC enabled" value="1" />
  <attribute name= "numThreadsSpecified" value="1" />
  <attribute name="heapSize specified" value="0" />
  <attribute name="Current GC Util" value="23" />
  <attribute name= "Current Time Running" value="988" />
  <attribute name ="GC Interval" value="0" />
  <attribute name="ProportionalT" value="1.500000" />
  <attribute name="ProportionalI" value="1.500000" />
  <attribute name="ProportionalH" value="1.500000" />
  <attribute name="Current Error" value="3.000000" />
  <attribute name="IntegralT" value="0.000000" />
  <attribute name="IntegralI" value="0.000000" />
  <attribute name="IntegralH" value="0.000000" />
  <attribute name="DerivativeT" value="inf" />
  <attribute name="DerivativeI" value="inf" />
  <attribute name="DerivativeH" value="inf" />
  <attribute name="Loop Time for DT" value="0.000000" />
  <attribute name="Output H" value="8388608"/>
  <attribute name="Output I" value="200"/>
  <attribute name="Output T" value="1"/>
  <attribute name="Target GC Util Change" value ="20.000000" />
  <attribute name="Current GC Util Change" value="23.000000"/>
  <attribute name="GC Util currently" value="23" />
  <attribute name="CPU Util currently" value="7180247084797" />
<exclusive-end id="218" timestamp="2019-06-15T00:23:52.954" durationms="6.015" />

<exclusive-start id="219" timestamp="2019-06-15T00:23:52.966" intervalms="18.568">
  <response-info timems="0.033" idlems="0.031" threads="1" lastid="000000000181F100" lastname="Thread-7" />
</exclusive-start>
<allocation-taxation id="220" taxation-threshold="10485760" timestamp="2019-06-15T00:23:52.966" intervalms="18.483" />
<cycle-start id="221" type="partial gc" contextid="0" timestamp="2019-06-15T00:23:52.967" intervalms="18.448" />
<gc-start id="222" type="partial gc" contextid="221" timestamp="2019-06-15T00:23:52.967">
  <mem-info id="223" free="0" total="29360128" percent="0">
    <mem type="eden" free="0" total="10485760" percent="0" />
    <arraylet-primitive objects="2" leaves="2" largest="1" />
    <remembered-set count="7808" freebytes="1140736" totalbytes="1171968" percent="97" regionsoverflowed="0" regionsstable="0" regionsrebuilding="0"/>
  </mem-info>
</gc-start>
<allocation-stats totalBytes="10484272" >
  <allocated-bytes non-tlh="0" tlh="10484272" arrayletleaf="0"/>
  <largest-consumer threadName="Thread-8" threadId="0000000001817900" bytes="4091336" />
</allocation-stats>
<gc-op id="224" type="mark" timems="1.866" contextid="221" timestamp="2019-06-15T00:23:52.969">
  <trace-info objectcount="17616" scancount="17616" scanbytes="701596" />
  <cardclean-info objects="4923" bytes="261984" />
  <remembered-set-cleared processed="5959" cleared="647" durationms="0.108" />
  <stringconstants candidates="4597" cleared="0"  />
  <warning details="Mark invoked due to insufficient free space for Copy-Forward" />
</gc-op>
<gc-op id="225" type="classunload" timems="0.002" contextid="221" timestamp="2019-06-15T00:23:52.969">
  <classunload-info classloadercandidates="8" classloadersunloaded="0" classesunloaded="0" anonymousclassesunloaded="0" quiescems="0.000" setupms="0.002" scanms="0.000" postms="0.000" />
</gc-op>
<gc-op id="226" type="sweep" timems="0.376" contextid="221" timestamp="2019-06-15T00:23:52.970" />
<gc-op id="227" type="compact" timems="2.244" contextid="221" timestamp="2019-06-15T00:23:52.972">
  <compact-info movecount="17548" movebytes="697312" />
  <remembered-set-cleared processed="12038" cleared="1408" durationms="0.108" />
</gc-op>
<heap-resize id="228" type="expand" space="default" amount="1048576" count="1" timems="0.055" reason="insufficient free space following gc" timestamp="2019-06-15T00:23:52.973" />
<gc-end id="229" type="partial gc" contextid="221" durationms="5.965" usertimems="8.000" systemtimems="0.000" timestamp="2019-06-15T00:23:52.973" activeThreads="4">
  <mem-info id="230" free="10485760" total="30408704" percent="34">
    <mem type="eden" free="687960" total="1048576" percent="65" />
    <arraylet-primitive objects="2" leaves="2" largest="1" />
    <remembered-set count="8736" freebytes="1178880" totalbytes="1213824" percent="97" regionsoverflowed="0" regionsstable="0" regionsrebuilding="0"/>
  </mem-info>
</gc-end>
<cycle-end id="231" type="partial gc" contextid="221" timestamp="2019-06-15T00:23:52.973" />
  <attribute name="elasticGC enabled" value="1" />
  <attribute name= "numThreadsSpecified" value="4" />
  <attribute name="heapSize specified" value="0" />
  <attribute name="Current GC Util" value="26" />
  <attribute name= "Current Time Running" value="1007" />
  <attribute name ="GC Interval" value="0" />
  <attribute name="ProportionalT" value="3.000000" />
  <attribute name="ProportionalI" value="3.000000" />
  <attribute name="ProportionalH" value="3.000000" />
  <attribute name="Current Error" value="6.000000" />
  <attribute name="IntegralT" value="0.000000" />
  <attribute name="IntegralI" value="0.000000" />
  <attribute name="IntegralH" value="0.000000" />
  <attribute name="DerivativeT" value="-inf" />
  <attribute name="DerivativeI" value="-inf" />
  <attribute name="DerivativeH" value="-inf" />
  <attribute name="Loop Time for DT" value="0.000000" />
  <attribute name="Output H" value="2091843584"/>
  <attribute name="Output I" value="200"/>
  <attribute name="Output T" value="4"/>
  <attribute name="Target GC Util Change" value ="20.000000" />
  <attribute name="Current GC Util Change" value="26.000000"/>
  <attribute name="GC Util currently" value="26" />
  <attribute name="CPU Util currently" value="7665077172879" />
<exclusive-end id="232" timestamp="2019-06-15T00:23:52.973" durationms="6.795" />

<exclusive-start id="233" timestamp="2019-06-15T00:23:52.988" intervalms="21.433">
  <response-info timems="0.040" idlems="0.040" threads="0" lastid="0000000001817900" lastname="Thread-8" />
</exclusive-start>
<allocation-taxation id="234" taxation-threshold="10485760" timestamp="2019-06-15T00:23:52.988" intervalms="21.460" />
<cycle-start id="235" type="partial gc" contextid="0" timestamp="2019-06-15T00:23:52.988" intervalms="21.480" />
<gc-start id="236" type="partial gc" contextid="235" timestamp="2019-06-15T00:23:52.988">
  <mem-info id="237" free="0" total="30408704" percent="0">
    <mem type="eden" free="0" total="10485760" percent="0" />
    <arraylet-primitive objects="2" leaves="2" largest="1" />
    <remembered-set count="8640" freebytes="1179264" totalbytes="1213824" percent="97" regionsoverflowed="0" regionsstable="0" regionsrebuilding="0"/>
  </mem-info>
</gc-start>
<allocation-stats totalBytes="10484152" >
  <allocated-bytes non-tlh="0" tlh="10484152" arrayletleaf="0"/>
  <largest-consumer threadName="Thread-8" threadId="0000000001817900" bytes="4951288" />
</allocation-stats>
<gc-op id="238" type="mark" timems="1.387" contextid="235" timestamp="2019-06-15T00:23:52.990">
  <trace-info objectcount="17405" scancount="17405" scanbytes="695892" />
  <cardclean-info objects="5839" bytes="305832" />
  <remembered-set-cleared processed="6507" cleared="484" durationms="0.125" />
  <stringconstants candidates="4597" cleared="0"  />
  <warning details="Mark invoked due to insufficient free space for Copy-Forward" />
</gc-op>
<gc-op id="239" type="classunload" timems="0.002" contextid="235" timestamp="2019-06-15T00:23:52.990">
  <classunload-info classloadercandidates="8" classloadersunloaded="0" classesunloaded="0" anonymousclassesunloaded="0" quiescems="0.000" setupms="0.002" scanms="0.000" postms="0.000" />
</gc-op>
<gc-op id="240" type="sweep" timems="0.493" contextid="235" timestamp="2019-06-15T00:23:52.991" />
<gc-op id="241" type="compact" timems="2.385" contextid="235" timestamp="2019-06-15T00:23:52.994">
  <compact-info movecount="16059" movebytes="660936" />
  <remembered-set-cleared processed="13126" cleared="1074" durationms="0.125" />
</gc-op>
<heap-resize id="242" type="expand" space="default" amount="2097152" count="1" timems="0.059" reason="insufficient free space following gc" timestamp="2019-06-15T00:23:52.994" />
<gc-end id="243" type="partial gc" contextid="235" durationms="5.668" usertimems="4.000" systemtimems="0.000" timestamp="2019-06-15T00:23:52.994" activeThreads="1">
  <mem-info id="244" free="11534336" total="32505856" percent="35">
    <mem type="eden" free="710120" total="1048576" percent="67" />
    <arraylet-primitive objects="2" leaves="2" largest="1" />
    <remembered-set count="9312" freebytes="1260288" totalbytes="1297536" percent="97" regionsoverflowed="0" regionsstable="0" regionsrebuilding="0"/>
  </mem-info>
</gc-end>
<cycle-end id="245" type="partial gc" contextid="235" timestamp="2019-06-15T00:23:52.994" />
  <attribute name="elasticGC enabled" value="1" />
  <attribute name= "numThreadsSpecified" value="1" />
  <attribute name="heapSize specified" value="0" />
  <attribute name="Current GC Util" value="25" />
  <attribute name= "Current Time Running" value="1028" />
  <attribute name ="GC Interval" value="0" />
  <attribute name="ProportionalT" value="2.500000" />
  <attribute name="ProportionalI" value="2.500000" />
  <attribute name="ProportionalH" value="2.500000" />
  <attribute name="Current Error" value="5.000000" />
  <attribute name="IntegralT" value="0.000000" />
  <attribute name="IntegralI" value="0.000000" />
  <attribute name="IntegralH" value="0.000000" />
  <attribute name="DerivativeT" value="inf" />
  <attribute name="DerivativeI" value="inf" />
  <attribute name="DerivativeH" value="inf" />
  <attribute name="Loop Time for DT" value="0.000000" />
  <attribute name="Output H" value="8388608"/>
  <attribute name="Output I" value="200"/>
  <attribute name="Output T" value="1"/>
  <attribute name="Target GC Util Change" value ="20.000000" />
  <attribute name="Current GC Util Change" value="25.000000"/>
  <attribute name="GC Util currently" value="25" />
  <attribute name="CPU Util currently" value="6525607559342" />
<exclusive-end id="246" timestamp="2019-06-15T00:23:52.994" durationms="6.601" />

<exclusive-start id="247" timestamp="2019-06-15T00:23:53.006" intervalms="18.570">
  <response-info timems="0.076" idlems="0.076" threads="0" lastid="0000000001813D00" lastname="Thread-9" />
</exclusive-start>
<allocation-taxation id="248" taxation-threshold="11534336" timestamp="2019-06-15T00:23:53.006" intervalms="18.531" />
<cycle-start id="249" type="partial gc" contextid="0" timestamp="2019-06-15T00:23:53.007" intervalms="18.472" />
<gc-start id="250" type="partial gc" contextid="249" timestamp="2019-06-15T00:23:53.007">
  <mem-info id="251" free="0" total="32505856" percent="0">
    <mem type="eden" free="0" total="11534336" percent="0" />
    <arraylet-primitive objects="2" leaves="2" largest="1" />
    <remembered-set count="9184" freebytes="1260800" totalbytes="1297536" percent="97" regionsoverflowed="0" regionsstable="0" regionsrebuilding="0"/>
  </mem-info>
</gc-start>
<allocation-stats totalBytes="11532688" >
  <allocated-bytes non-tlh="0" tlh="11532688" arrayletleaf="0"/>
  <largest-consumer threadName="Thread-8" threadId="0000000001817900" bytes="5668056" />
</allocation-stats>
<gc-op id="252" type="mark" timems="1.675" contextid="249" timestamp="2019-06-15T00:23:53.009">
  <trace-info objectcount="12196" scancount="12196" scanbytes="431628" />
  <cardclean-info objects="7729" bytes="375976" />
  <remembered-set-cleared processed="7025" cleared="526" durationms="0.123" />
  <stringconstants candidates="4597" cleared="0"  />
  <warning details="Mark invoked due to insufficient free space for Copy-Forward" />
</gc-op>
<gc-op id="253" type="classunload" timems="0.002" contextid="249" timestamp="2019-06-15T00:23:53.009">
  <classunload-info classloadercandidates="8" classloadersunloaded="0" classesunloaded="0" anonymousclassesunloaded="0" quiescems="0.000" setupms="0.002" scanms="0.000" postms="0.000" />
</gc-op>
<gc-op id="254" type="sweep" timems="0.407" contextid="249" timestamp="2019-06-15T00:23:53.010" />
<gc-op id="255" type="compact" timems="2.002" contextid="249" timestamp="2019-06-15T00:23:53.012">
  <compact-info movecount="11595" movebytes="417208" />
  <remembered-set-cleared processed="14167" cleared="1163" durationms="0.123" />
</gc-op>
<heap-resize id="256" type="expand" space="default" amount="1048576" count="1" timems="0.052" reason="insufficient free space following gc" timestamp="2019-06-15T00:23:53.012" />
<gc-end id="257" type="partial gc" contextid="249" durationms="5.511" usertimems="8.000" systemtimems="0.000" timestamp="2019-06-15T00:23:53.012" activeThreads="4">
  <mem-info id="258" free="11534336" total="33554432" percent="34">
    <mem type="eden" free="954192" total="1048576" percent="90" />
    <arraylet-primitive objects="2" leaves="2" largest="1" />
    <remembered-set count="9504" freebytes="1301376" totalbytes="1339392" percent="97" regionsoverflowed="0" regionsstable="0" regionsrebuilding="0"/>
  </mem-info>
</gc-end>
<cycle-end id="259" type="partial gc" contextid="249" timestamp="2019-06-15T00:23:53.012" />
  <attribute name="elasticGC enabled" value="1" />
  <attribute name= "numThreadsSpecified" value="4" />
  <attribute name="heapSize specified" value="0" />
  <attribute name="Current GC Util" value="25" />
  <attribute name= "Current Time Running" value="1047" />
  <attribute name ="GC Interval" value="0" />
  <attribute name="ProportionalT" value="2.500000" />
  <attribute name="ProportionalI" value="2.500000" />
  <attribute name="ProportionalH" value="2.500000" />
  <attribute name="Current Error" value="5.000000" />
  <attribute name="IntegralT" value="5.000000" />
  <attribute name="IntegralI" value="5.000000" />
  <attribute name="IntegralH" value="5.000000" />
  <attribute name="DerivativeT" value="-23.500000" />
  <attribute name="DerivativeI" value="-23.500000" />
  <attribute name="DerivativeH" value="-23.500000" />
  <attribute name="Loop Time for DT" value="1.000000" />
  <attribute name="Output H" value="2091843584"/>
  <attribute name="Output I" value="200"/>
  <attribute name="Output T" value="4"/>
  <attribute name="Target GC Util Change" value ="20.000000" />
  <attribute name="Current GC Util Change" value="25.000000"/>
  <attribute name="GC Util currently" value="25" />
  <attribute name="CPU Util currently" value="7408807016780" />
<exclusive-end id="260" timestamp="2019-06-15T00:23:53.013" durationms="6.225" />

<exclusive-start id="261" timestamp="2019-06-15T00:23:53.021" intervalms="14.823">
  <response-info timems="0.022" idlems="0.022" threads="0" lastid="0000000001817900" lastname="Thread-8" />
</exclusive-start>
<allocation-taxation id="262" taxation-threshold="11534336" timestamp="2019-06-15T00:23:53.021" intervalms="14.855" />
<cycle-start id="263" type="partial gc" contextid="0" timestamp="2019-06-15T00:23:53.021" intervalms="14.878" />
<gc-start id="264" type="partial gc" contextid="263" timestamp="2019-06-15T00:23:53.022">
  <mem-info id="265" free="0" total="33554432" percent="0">
    <mem type="eden" free="0" total="11534336" percent="0" />
    <arraylet-primitive objects="2" leaves="2" largest="1" />
    <remembered-set count="9472" freebytes="1301504" totalbytes="1339392" percent="97" regionsoverflowed="0" regionsstable="0" regionsrebuilding="0"/>
  </mem-info>
</gc-start>
<allocation-stats totalBytes="11532752" >
  <allocated-bytes non-tlh="0" tlh="11532752" arrayletleaf="0"/>
  <largest-consumer threadName="Thread-8" threadId="0000000001817900" bytes="4160840" />
</allocation-stats>
<gc-op id="266" type="mark" timems="1.262" contextid="263" timestamp="2019-06-15T00:23:53.023">
  <trace-info objectcount="12767" scancount="12767" scanbytes="445244" />
  <cardclean-info objects="8445" bytes="410080" />
  <remembered-set-cleared processed="7525" cleared="401" durationms="0.128" />
  <stringconstants candidates="4597" cleared="0"  />
  <warning details="Mark invoked due to insufficient free space for Copy-Forward" />
</gc-op>
<gc-op id="267" type="classunload" timems="0.002" contextid="263" timestamp="2019-06-15T00:23:53.023">
  <classunload-info classloadercandidates="8" classloadersunloaded="0" classesunloaded="0" anonymousclassesunloaded="0" quiescems="0.000" setupms="0.002" scanms="0.000" postms="0.000" />
</gc-op>
<gc-op id="268" type="sweep" timems="0.494" contextid="263" timestamp="2019-06-15T00:23:53.024" />
<gc-op id="269" type="compact" timems="1.940" contextid="263" timestamp="2019-06-15T00:23:53.026">
  <compact-info movecount="10030" movebytes="379560" />
  <remembered-set-cleared processed="15165" cleared="913" durationms="0.128" />
</gc-op>
<heap-resize id="270" type="expand" space="default" amount="1048576" count="1" timems="0.054" reason="insufficient free space following gc" timestamp="2019-06-15T00:23:53.027" />
<gc-end id="271" type="partial gc" contextid="263" durationms="5.116" usertimems="4.000" systemtimems="0.000" timestamp="2019-06-15T00:23:53.027" activeThreads="4">
  <mem-info id="272" free="11534336" total="34603008" percent="33">
    <mem type="eden" free="688648" total="1048576" percent="65" />
    <arraylet-primitive objects="2" leaves="2" largest="1" />
    <remembered-set count="10720" freebytes="1338368" totalbytes="1381248" percent="96" regionsoverflowed="0" regionsstable="0" regionsrebuilding="0"/>
  </mem-info>
</gc-end>
<cycle-end id="273" type="partial gc" contextid="263" timestamp="2019-06-15T00:23:53.027" />
  <attribute name="elasticGC enabled" value="1" />
  <attribute name= "numThreadsSpecified" value="4" />
  <attribute name="heapSize specified" value="0" />
  <attribute name="Current GC Util" value="25" />
  <attribute name= "Current Time Running" value="1062" />
  <attribute name ="GC Interval" value="0" />
  <attribute name="ProportionalT" value="2.500000" />
  <attribute name="ProportionalI" value="2.500000" />
  <attribute name="ProportionalH" value="2.500000" />
  <attribute name="Current Error" value="5.000000" />
  <attribute name="IntegralT" value="5.000000" />
  <attribute name="IntegralI" value="5.000000" />
  <attribute name="IntegralH" value="5.000000" />
  <attribute name="DerivativeT" value="2.500000" />
  <attribute name="DerivativeI" value="2.500000" />
  <attribute name="DerivativeH" value="2.500000" />
  <attribute name="Loop Time for DT" value="1.000000" />
  <attribute name="Output H" value="8388608"/>
  <attribute name="Output I" value="200"/>
  <attribute name="Output T" value="4"/>
  <attribute name="Target GC Util Change" value ="20.000000" />
  <attribute name="Current GC Util Change" value="25.000000"/>
  <attribute name="GC Util currently" value="25" />
  <attribute name="CPU Util currently" value="6531476318288" />
<exclusive-end id="274" timestamp="2019-06-15T00:23:53.027" durationms="5.904" />

<exclusive-start id="275" timestamp="2019-06-15T00:23:53.035" intervalms="13.840">
  <response-info timems="0.022" idlems="0.022" threads="0" lastid="0000000001817900" lastname="Thread-8" />
</exclusive-start>
<allocation-taxation id="276" taxation-threshold="11534336" timestamp="2019-06-15T00:23:53.035" intervalms="13.832" />
<cycle-start id="277" type="partial gc" contextid="0" timestamp="2019-06-15T00:23:53.035" intervalms="13.823" />
<gc-start id="278" type="partial gc" contextid="277" timestamp="2019-06-15T00:23:53.035">
  <mem-info id="279" free="0" total="34603008" percent="0">
    <mem type="eden" free="0" total="11534336" percent="0" />
    <arraylet-primitive objects="2" leaves="2" largest="1" />
    <remembered-set count="10272" freebytes="1340160" totalbytes="1381248" percent="97" regionsoverflowed="0" regionsstable="0" regionsrebuilding="0"/>
  </mem-info>
</gc-start>
<allocation-stats totalBytes="11532712" >
  <allocated-bytes non-tlh="0" tlh="11532712" arrayletleaf="0"/>
  <largest-consumer threadName="Thread-8" threadId="0000000001817900" bytes="3780104" />
</allocation-stats>
<gc-op id="280" type="mark" timems="1.711" contextid="277" timestamp="2019-06-15T00:23:53.038">
  <trace-info objectcount="17874" scancount="17874" scanbytes="705032" />
  <cardclean-info objects="6608" bytes="326472" />
  <remembered-set-cleared processed="8219" cleared="516" durationms="0.117" />
  <stringconstants candidates="4597" cleared="0"  />
  <warning details="Mark invoked due to insufficient free space for Copy-Forward" />
</gc-op>
<gc-op id="281" type="classunload" timems="0.002" contextid="277" timestamp="2019-06-15T00:23:53.038">
  <classunload-info classloadercandidates="8" classloadersunloaded="0" classesunloaded="0" anonymousclassesunloaded="0" quiescems="0.000" setupms="0.002" scanms="0.000" postms="0.000" />
</gc-op>
<gc-op id="282" type="sweep" timems="0.364" contextid="277" timestamp="2019-06-15T00:23:53.038" />
<gc-op id="283" type="compact" timems="2.428" contextid="277" timestamp="2019-06-15T00:23:53.041">
  <compact-info movecount="16388" movebytes="669376" />
  <remembered-set-cleared processed="16561" cleared="1149" durationms="0.117" />
</gc-op>
<heap-resize id="284" type="expand" space="default" amount="2097152" count="1" timems="0.058" reason="insufficient free space following gc" timestamp="2019-06-15T00:23:53.041" />
<gc-end id="285" type="partial gc" contextid="277" durationms="5.971" usertimems="8.000" systemtimems="0.000" timestamp="2019-06-15T00:23:53.041" activeThreads="4">
  <mem-info id="286" free="12582912" total="36700160" percent="34">
    <mem type="eden" free="694872" total="1048576" percent="66" />
    <arraylet-primitive objects="2" leaves="2" largest="1" />
    <remembered-set count="10816" freebytes="1421696" totalbytes="1464960" percent="97" regionsoverflowed="0" regionsstable="0" regionsrebuilding="0"/>
  </mem-info>
</gc-end>
<cycle-end id="287" type="partial gc" contextid="277" timestamp="2019-06-15T00:23:53.042" />
  <attribute name="elasticGC enabled" value="1" />
  <attribute name= "numThreadsSpecified" value="4" />
  <attribute name="heapSize specified" value="0" />
  <attribute name="Current GC Util" value="25" />
  <attribute name= "Current Time Running" value="1076" />
  <attribute name ="GC Interval" value="0" />
  <attribute name="ProportionalT" value="2.500000" />
  <attribute name="ProportionalI" value="2.500000" />
  <attribute name="ProportionalH" value="2.500000" />
  <attribute name="Current Error" value="5.000000" />
  <attribute name="IntegralT" value="5.000000" />
  <attribute name="IntegralI" value="5.000000" />
  <attribute name="IntegralH" value="5.000000" />
  <attribute name="DerivativeT" value="-21.500000" />
  <attribute name="DerivativeI" value="-21.500000" />
  <attribute name="DerivativeH" value="-21.500000" />
  <attribute name="Loop Time for DT" value="1.000000" />
  <attribute name="Output H" value="2091843584"/>
  <attribute name="Output I" value="200"/>
  <attribute name="Output T" value="4"/>
  <attribute name="Target GC Util Change" value ="20.000000" />
  <attribute name="Current GC Util Change" value="25.000000"/>
  <attribute name="GC Util currently" value="25" />
  <attribute name="CPU Util currently" value="7954172456815" />
<exclusive-end id="288" timestamp="2019-06-15T00:23:53.042" durationms="6.746" />

<exclusive-start id="289" timestamp="2019-06-15T00:23:53.050" intervalms="15.399">
  <response-info timems="0.028" idlems="0.028" threads="0" lastid="000000000181F100" lastname="Thread-7" />
</exclusive-start>
<allocation-taxation id="290" taxation-threshold="12582912" timestamp="2019-06-15T00:23:53.051" intervalms="15.373" />
<cycle-start id="291" type="partial gc" contextid="0" timestamp="2019-06-15T00:23:53.051" intervalms="15.387" />
<gc-start id="292" type="partial gc" contextid="291" timestamp="2019-06-15T00:23:53.051">
  <mem-info id="293" free="0" total="36700160" percent="0">
    <mem type="eden" free="0" total="12582912" percent="0" />
    <arraylet-primitive objects="2" leaves="2" largest="1" />
    <remembered-set count="10496" freebytes="1422976" totalbytes="1464960" percent="97" regionsoverflowed="0" regionsstable="0" regionsrebuilding="0"/>
  </mem-info>
</gc-start>
<allocation-stats totalBytes="12581016" >
  <allocated-bytes non-tlh="0" tlh="12581016" arrayletleaf="0"/>
  <largest-consumer threadName="Thread-10" threadId="000000000181B500" bytes="4222232" />
</allocation-stats>
<gc-op id="294" type="mark" timems="1.578" contextid="291" timestamp="2019-06-15T00:23:53.053">
  <trace-info objectcount="11370" scancount="11369" scanbytes="411788" />
  <cardclean-info objects="6712" bytes="327608" />
  <remembered-set-cleared processed="8845" cleared="568" durationms="0.148" />
  <stringconstants candidates="4597" cleared="0"  />
  <warning details="Mark invoked due to insufficient free space for Copy-Forward" />
</gc-op>
<gc-op id="295" type="classunload" timems="0.002" contextid="291" timestamp="2019-06-15T00:23:53.053">
  <classunload-info classloadercandidates="8" classloadersunloaded="0" classesunloaded="0" anonymousclassesunloaded="0" quiescems="0.000" setupms="0.002" scanms="0.000" postms="0.000" />
</gc-op>
<gc-op id="296" type="sweep" timems="0.425" contextid="291" timestamp="2019-06-15T00:23:53.054" />
<gc-op id="297" type="compact" timems="1.982" contextid="291" timestamp="2019-06-15T00:23:53.056">
  <compact-info movecount="11214" movebytes="408072" />
  <remembered-set-cleared processed="17809" cleared="1250" durationms="0.148" />
</gc-op>
<heap-resize id="298" type="expand" space="default" amount="1048576" count="1" timems="0.051" reason="insufficient free space following gc" timestamp="2019-06-15T00:23:53.056" />
<gc-end id="299" type="partial gc" contextid="291" durationms="5.499" usertimems="8.000" systemtimems="0.000" timestamp="2019-06-15T00:23:53.056" activeThreads="4">
  <mem-info id="300" free="12582912" total="37748736" percent="33">
    <mem type="eden" free="983104" total="1048576" percent="93" />
    <arraylet-primitive objects="2" leaves="2" largest="1" />
    <remembered-set count="11296" freebytes="1461632" totalbytes="1506816" percent="97" regionsoverflowed="0" regionsstable="0" regionsrebuilding="0"/>
  </mem-info>
</gc-end>
<cycle-end id="301" type="partial gc" contextid="291" timestamp="2019-06-15T00:23:53.056" />
  <attribute name="elasticGC enabled" value="1" />
  <attribute name= "numThreadsSpecified" value="4" />
  <attribute name="heapSize specified" value="0" />
  <attribute name="Current GC Util" value="25" />
  <attribute name= "Current Time Running" value="1091" />
  <attribute name ="GC Interval" value="0" />
  <attribute name="ProportionalT" value="2.500000" />
  <attribute name="ProportionalI" value="2.500000" />
  <attribute name="ProportionalH" value="2.500000" />
  <attribute name="Current Error" value="5.000000" />
  <attribute name="IntegralT" value="0.000000" />
  <attribute name="IntegralI" value="0.000000" />
  <attribute name="IntegralH" value="0.000000" />
  <attribute name="DerivativeT" value="-inf" />
  <attribute name="DerivativeI" value="-inf" />
  <attribute name="DerivativeH" value="-inf" />
  <attribute name="Loop Time for DT" value="0.000000" />
  <attribute name="Output H" value="2091843584"/>
  <attribute name="Output I" value="200"/>
  <attribute name="Output T" value="4"/>
  <attribute name="Target GC Util Change" value ="20.000000" />
  <attribute name="Current GC Util Change" value="25.000000"/>
  <attribute name="GC Util currently" value="25" />
  <attribute name="CPU Util currently" value="7204025929980" />
<exclusive-end id="302" timestamp="2019-06-15T00:23:53.057" durationms="6.221" />

<exclusive-start id="303" timestamp="2019-06-15T00:23:53.064" intervalms="13.747">
  <response-info timems="0.040" idlems="0.040" threads="0" lastid="000000000181B500" lastname="Thread-10" />
</exclusive-start>
<allocation-taxation id="304" taxation-threshold="12582912" timestamp="2019-06-15T00:23:53.064" intervalms="13.761" />
<cycle-start id="305" type="partial gc" contextid="0" timestamp="2019-06-15T00:23:53.064" intervalms="13.750" />
<gc-start id="306" type="partial gc" contextid="305" timestamp="2019-06-15T00:23:53.065">
  <mem-info id="307" free="0" total="37748736" percent="0">
    <mem type="eden" free="0" total="12582912" percent="0" />
    <arraylet-primitive objects="2" leaves="2" largest="1" />
    <remembered-set count="11008" freebytes="1462784" totalbytes="1506816" percent="97" regionsoverflowed="0" regionsstable="0" regionsrebuilding="0"/>
  </mem-info>
</gc-start>
<allocation-stats totalBytes="12581144" >
  <allocated-bytes non-tlh="0" tlh="12581144" arrayletleaf="0"/>
  <largest-consumer threadName="Thread-10" threadId="000000000181B500" bytes="3734992" />
</allocation-stats>
<gc-op id="308" type="mark" timems="1.143" contextid="305" timestamp="2019-06-15T00:23:53.066">
  <trace-info objectcount="10096" scancount="10096" scanbytes="381156" />
  <cardclean-info objects="6149" bytes="300584" />
  <remembered-set-cleared processed="9494" cleared="562" durationms="0.141" />
  <stringconstants candidates="4597" cleared="0"  />
  <warning details="Mark invoked due to insufficient free space for Copy-Forward" />
</gc-op>
<gc-op id="309" type="classunload" timems="0.002" contextid="305" timestamp="2019-06-15T00:23:53.066">
  <classunload-info classloadercandidates="8" classloadersunloaded="0" classesunloaded="0" anonymousclassesunloaded="0" quiescems="0.000" setupms="0.002" scanms="0.000" postms="0.000" />
</gc-op>
<gc-op id="310" type="sweep" timems="0.520" contextid="305" timestamp="2019-06-15T00:23:53.067" />
<gc-op id="311" type="compact" timems="1.863" contextid="305" timestamp="2019-06-15T00:23:53.069">
  <compact-info movecount="9973" movebytes="378208" />
  <remembered-set-cleared processed="19106" cleared="1237" durationms="0.141" />
</gc-op>
<heap-resize id="312" type="expand" space="default" amount="2097152" count="1" timems="0.056" reason="insufficient free space following gc" timestamp="2019-06-15T00:23:53.069" />
<gc-end id="313" type="partial gc" contextid="305" durationms="4.880" usertimems="0.000" systemtimems="4.000" timestamp="2019-06-15T00:23:53.069" activeThreads="1">
  <mem-info id="314" free="13631488" total="39845888" percent="34">
    <mem type="eden" free="723720" total="1048576" percent="69" />
    <arraylet-primitive objects="2" leaves="2" largest="1" />
    <remembered-set count="12032" freebytes="1542400" totalbytes="1590528" percent="96" regionsoverflowed="0" regionsstable="0" regionsrebuilding="0"/>
  </mem-info>
</gc-end>
<cycle-end id="315" type="partial gc" contextid="305" timestamp="2019-06-15T00:23:53.070" />
  <attribute name="elasticGC enabled" value="1" />
  <attribute name= "numThreadsSpecified" value="1" />
  <attribute name="heapSize specified" value="0" />
  <attribute name="Current GC Util" value="25" />
  <attribute name= "Current Time Running" value="1104" />
  <attribute name ="GC Interval" value="0" />
  <attribute name="ProportionalT" value="2.500000" />
  <attribute name="ProportionalI" value="2.500000" />
  <attribute name="ProportionalH" value="2.500000" />
  <attribute name="Current Error" value="5.000000" />
  <attribute name="IntegralT" value="0.000000" />
  <attribute name="IntegralI" value="0.000000" />
  <attribute name="IntegralH" value="0.000000" />
  <attribute name="DerivativeT" value="inf" />
  <attribute name="DerivativeI" value="inf" />
  <attribute name="DerivativeH" value="inf" />
  <attribute name="Loop Time for DT" value="0.000000" />
  <attribute name="Output H" value="8388608"/>
  <attribute name="Output I" value="200"/>
  <attribute name="Output T" value="1"/>
  <attribute name="Target GC Util Change" value ="20.000000" />
  <attribute name="Current GC Util Change" value="25.000000"/>
  <attribute name="GC Util currently" value="25" />
  <attribute name="CPU Util currently" value="6215913951575" />
<exclusive-end id="316" timestamp="2019-06-15T00:23:53.070" durationms="5.661" />

<exclusive-start id="317" timestamp="2019-06-15T00:23:53.077" intervalms="13.008">
  <response-info timems="0.043" idlems="0.043" threads="0" lastid="000000000181B500" lastname="Thread-10" />
</exclusive-start>
<allocation-taxation id="318" taxation-threshold="13631488" timestamp="2019-06-15T00:23:53.077" intervalms="12.996" />
<cycle-start id="319" type="partial gc" contextid="0" timestamp="2019-06-15T00:23:53.077" intervalms="13.034" />
<gc-start id="320" type="partial gc" contextid="319" timestamp="2019-06-15T00:23:53.078">
  <mem-info id="321" free="0" total="39845888" percent="0">
    <mem type="eden" free="0" total="13631488" percent="0" />
    <arraylet-primitive objects="2" leaves="2" largest="1" />
    <remembered-set count="11552" freebytes="1544320" totalbytes="1590528" percent="97" regionsoverflowed="0" regionsstable="0" regionsrebuilding="0"/>
  </mem-info>
</gc-start>
<allocation-stats totalBytes="13629760" >
  <allocated-bytes non-tlh="0" tlh="13629760" arrayletleaf="0"/>
  <largest-consumer threadName="Thread-10" threadId="000000000181B500" bytes="3604008" />
</allocation-stats>
<gc-op id="322" type="mark" timems="1.157" contextid="319" timestamp="2019-06-15T00:23:53.079">
  <trace-info objectcount="9910" scancount="9910" scanbytes="376660" />
  <cardclean-info objects="5415" bytes="265192" />
  <remembered-set-cleared processed="10115" cleared="463" durationms="0.155" />
  <stringconstants candidates="4597" cleared="0"  />
  <warning details="Mark invoked due to insufficient free space for Copy-Forward" />
</gc-op>
<gc-op id="323" type="classunload" timems="0.002" contextid="319" timestamp="2019-06-15T00:23:53.079">
  <classunload-info classloadercandidates="8" classloadersunloaded="0" classesunloaded="0" anonymousclassesunloaded="0" quiescems="0.000" setupms="0.002" scanms="0.000" postms="0.000" />
</gc-op>
<gc-op id="324" type="sweep" timems="0.493" contextid="319" timestamp="2019-06-15T00:23:53.080" />
<gc-op id="325" type="compact" timems="1.761" contextid="319" timestamp="2019-06-15T00:23:53.082">
  <compact-info movecount="9695" movebytes="371504" />
  <remembered-set-cleared processed="20365" cleared="1055" durationms="0.155" />
</gc-op>
<heap-resize id="326" type="expand" space="default" amount="1048576" count="1" timems="0.061" reason="insufficient free space following gc" timestamp="2019-06-15T00:23:53.082" />
<gc-end id="327" type="partial gc" contextid="319" durationms="4.897" usertimems="4.000" systemtimems="0.000" timestamp="2019-06-15T00:23:53.083" activeThreads="4">
  <mem-info id="328" free="13631488" total="40894464" percent="33">
    <mem type="eden" free="988184" total="1048576" percent="94" />
    <arraylet-primitive objects="2" leaves="2" largest="1" />
    <remembered-set count="13216" freebytes="1579520" totalbytes="1632384" percent="96" regionsoverflowed="0" regionsstable="0" regionsrebuilding="0"/>
  </mem-info>
</gc-end>
<cycle-end id="329" type="partial gc" contextid="319" timestamp="2019-06-15T00:23:53.083" />
  <attribute name="elasticGC enabled" value="1" />
  <attribute name= "numThreadsSpecified" value="4" />
  <attribute name="heapSize specified" value="0" />
  <attribute name="Current GC Util" value="25" />
  <attribute name= "Current Time Running" value="1118" />
  <attribute name ="GC Interval" value="0" />
  <attribute name="ProportionalT" value="2.500000" />
  <attribute name="ProportionalI" value="2.500000" />
  <attribute name="ProportionalH" value="2.500000" />
  <attribute name="Current Error" value="5.000000" />
  <attribute name="IntegralT" value="5.000000" />
  <attribute name="IntegralI" value="5.000000" />
  <attribute name="IntegralH" value="5.000000" />
  <attribute name="DerivativeT" value="2.500000" />
  <attribute name="DerivativeI" value="2.500000" />
  <attribute name="DerivativeH" value="2.500000" />
  <attribute name="Loop Time for DT" value="1.000000" />
  <attribute name="Output H" value="8388608"/>
  <attribute name="Output I" value="200"/>
  <attribute name="Output T" value="4"/>
  <attribute name="Target GC Util Change" value ="20.000000" />
  <attribute name="Current GC Util Change" value="25.000000"/>
  <attribute name="GC Util currently" value="25" />
  <attribute name="CPU Util currently" value="6510002844346" />
<exclusive-end id="330" timestamp="2019-06-15T00:23:53.083" durationms="5.709" />

<exclusive-start id="331" timestamp="2019-06-15T00:23:53.090" intervalms="13.051">
  <response-info timems="0.022" idlems="0.022" threads="0" lastid="0000000001817900" lastname="Thread-8" />
</exclusive-start>
<allocation-taxation id="332" taxation-threshold="13631488" timestamp="2019-06-15T00:23:53.090" intervalms="13.080" />
<cycle-start id="333" type="partial gc" contextid="0" timestamp="2019-06-15T00:23:53.090" intervalms="12.988" />
<gc-start id="334" type="partial gc" contextid="333" timestamp="2019-06-15T00:23:53.091">
  <mem-info id="335" free="0" total="40894464" percent="0">
    <mem type="eden" free="0" total="13631488" percent="0" />
    <arraylet-primitive objects="2" leaves="2" largest="1" />
    <remembered-set count="13056" freebytes="1580160" totalbytes="1632384" percent="96" regionsoverflowed="0" regionsstable="0" regionsrebuilding="0"/>
  </mem-info>
</gc-start>
<allocation-stats totalBytes="13629784" >
  <allocated-bytes non-tlh="0" tlh="13629784" arrayletleaf="0"/>
  <largest-consumer threadName="Thread-10" threadId="000000000181B500" bytes="3489400" />
</allocation-stats>
<gc-op id="336" type="mark" timems="1.523" contextid="333" timestamp="2019-06-15T00:23:53.093">
  <trace-info objectcount="5371" scancount="5371" scanbytes="130256" />
  <cardclean-info objects="7548" bytes="363264" />
  <remembered-set-cleared processed="10586" cleared="526" durationms="0.149" />
  <stringconstants candidates="4597" cleared="0"  />
  <warning details="Mark invoked due to insufficient free space for Copy-Forward" />
</gc-op>
<gc-op id="337" type="classunload" timems="0.003" contextid="333" timestamp="2019-06-15T00:23:53.093">
  <classunload-info classloadercandidates="8" classloadersunloaded="0" classesunloaded="0" anonymousclassesunloaded="0" quiescems="0.000" setupms="0.001" scanms="0.000" postms="0.000" />
</gc-op>
<gc-op id="338" type="sweep" timems="0.461" contextid="333" timestamp="2019-06-15T00:23:53.093" />
<gc-op id="339" type="compact" timems="1.763" contextid="333" timestamp="2019-06-15T00:23:53.095">
  <compact-info movecount="5331" movebytes="129296" />
  <remembered-set-cleared processed="21283" cleared="1157" durationms="0.149" />
</gc-op>
<heap-resize id="340" type="expand" space="default" amount="2097152" count="1" timems="0.069" reason="insufficient free space following gc" timestamp="2019-06-15T00:23:53.096" />
<gc-end id="341" type="partial gc" contextid="333" durationms="5.240" usertimems="8.000" systemtimems="0.000" timestamp="2019-06-15T00:23:53.096" activeThreads="4">
  <mem-info id="342" free="14680064" total="42991616" percent="34">
    <mem type="eden" free="970256" total="1048576" percent="92" />
    <arraylet-primitive objects="2" leaves="2" largest="1" />
    <remembered-set count="14304" freebytes="1658880" totalbytes="1716096" percent="96" regionsoverflowed="0" regionsstable="0" regionsrebuilding="0"/>
  </mem-info>
</gc-end>
<cycle-end id="343" type="partial gc" contextid="333" timestamp="2019-06-15T00:23:53.096" />
  <attribute name="elasticGC enabled" value="1" />
  <attribute name= "numThreadsSpecified" value="4" />
  <attribute name="heapSize specified" value="0" />
  <attribute name="Current GC Util" value="19" />
  <attribute name= "Current Time Running" value="1131" />
  <attribute name ="GC Interval" value="0" />
  <attribute name="ProportionalT" value="-0.500000" />
  <attribute name="ProportionalI" value="-0.500000" />
  <attribute name="ProportionalH" value="-0.500000" />
  <attribute name="Current Error" value="-1.000000" />
  <attribute name="IntegralT" value="-1.000000" />
  <attribute name="IntegralI" value="-1.000000" />
  <attribute name="IntegralH" value="-1.000000" />
  <attribute name="DerivativeT" value="-25.500000" />
  <attribute name="DerivativeI" value="-25.500000" />
  <attribute name="DerivativeH" value="-25.500000" />
  <attribute name="Loop Time for DT" value="1.000000" />
  <attribute name="Output H" value="2091843584"/>
  <attribute name="Output I" value="200"/>
  <attribute name="Output T" value="4"/>
  <attribute name="Target GC Util Change" value ="20.000000" />
  <attribute name="Current GC Util Change" value="19.000000"/>
  <attribute name="GC Util currently" value="19" />
  <attribute name="CPU Util currently" value="6951759485859" />
<exclusive-end id="344" timestamp="2019-06-15T00:23:53.096" durationms="5.939" />

<exclusive-start id="345" timestamp="2019-06-15T00:23:53.104" intervalms="13.508">
  <response-info timems="0.034" idlems="0.034" threads="0" lastid="000000000181B500" lastname="Thread-10" />
</exclusive-start>
<allocation-taxation id="346" taxation-threshold="14680064" timestamp="2019-06-15T00:23:53.104" intervalms="13.499" />
<cycle-start id="347" type="partial gc" contextid="0" timestamp="2019-06-15T00:23:53.104" intervalms="13.585" />
<gc-start id="348" type="partial gc" contextid="347" timestamp="2019-06-15T00:23:53.104">
  <mem-info id="349" free="0" total="42991616" percent="0">
    <mem type="eden" free="0" total="14680064" percent="0" />
    <arraylet-primitive objects="2" leaves="2" largest="1" />
    <remembered-set count="13952" freebytes="1660288" totalbytes="1716096" percent="96" regionsoverflowed="0" regionsstable="0" regionsrebuilding="0"/>
  </mem-info>
</gc-start>
<allocation-stats totalBytes="14678064" >
  <allocated-bytes non-tlh="0" tlh="14678064" arrayletleaf="0"/>
  <largest-consumer threadName="Thread-9" threadId="0000000001813D00" bytes="3833384" />
</allocation-stats>
<gc-op id="350" type="mark" timems="1.920" contextid="347" timestamp="2019-06-15T00:23:53.107">
  <trace-info objectcount="24467" scancount="24467" scanbytes="1039352" />
  <cardclean-info objects="8089" bytes="461472" />
  <remembered-set-cleared processed="11157" cleared="2327" durationms="0.147" />
  <stringconstants candidates="4597" cleared="0"  />
  <warning details="Mark invoked due to insufficient free space for Copy-Forward" />
</gc-op>
<gc-op id="351" type="classunload" timems="0.002" contextid="347" timestamp="2019-06-15T00:23:53.107">
  <classunload-info classloadercandidates="8" classloadersunloaded="0" classesunloaded="0" anonymousclassesunloaded="0" quiescems="0.000" setupms="0.002" scanms="0.000" postms="0.000" />
</gc-op>
<gc-op id="352" type="sweep" timems="0.461" contextid="347" timestamp="2019-06-15T00:23:53.107" />
<gc-op id="353" type="compact" timems="2.547" contextid="347" timestamp="2019-06-15T00:23:53.110">
  <compact-info movecount="15974" movebytes="659168" />
  <remembered-set-cleared processed="22470" cleared="4804" durationms="0.147" />
</gc-op>
<heap-resize id="354" type="expand" space="default" amount="1048576" count="1" timems="0.060" reason="insufficient free space following gc" timestamp="2019-06-15T00:23:53.110" />
<gc-end id="355" type="partial gc" contextid="347" durationms="6.325" usertimems="0.000" systemtimems="8.000" timestamp="2019-06-15T00:23:53.111" activeThreads="4">
  <mem-info id="356" free="14680064" total="44040192" percent="33">
    <mem type="eden" free="429944" total="1048576" percent="41" />
    <arraylet-primitive objects="2" leaves="2" largest="1" />
    <remembered-set count="14240" freebytes="1700992" totalbytes="1757952" percent="96" regionsoverflowed="0" regionsstable="0" regionsrebuilding="0"/>
  </mem-info>
</gc-end>
<cycle-end id="357" type="partial gc" contextid="347" timestamp="2019-06-15T00:23:53.111" />
  <attribute name="elasticGC enabled" value="1" />
  <attribute name= "numThreadsSpecified" value="4" />
  <attribute name="heapSize specified" value="0" />
  <attribute name="Current GC Util" value="24" />
  <attribute name= "Current Time Running" value="1145" />
  <attribute name ="GC Interval" value="0" />
  <attribute name="ProportionalT" value="2.000000" />
  <attribute name="ProportionalI" value="2.000000" />
  <attribute name="ProportionalH" value="2.000000" />
  <attribute name="Current Error" value="4.000000" />
  <attribute name="IntegralT" value="4.000000" />
  <attribute name="IntegralI" value="4.000000" />
  <attribute name="IntegralH" value="4.000000" />
  <attribute name="DerivativeT" value="-27.000000" />
  <attribute name="DerivativeI" value="-27.000000" />
  <attribute name="DerivativeH" value="-27.000000" />
  <attribute name="Loop Time for DT" value="1.000000" />
  <attribute name="Output H" value="2091843584"/>
  <attribute name="Output I" value="200"/>
  <attribute name="Output T" value="4"/>
  <attribute name="Target GC Util Change" value ="20.000000" />
  <attribute name="Current GC Util Change" value="24.000000"/>
  <attribute name="GC Util currently" value="24" />
  <attribute name="CPU Util currently" value="6727271688034" />
<exclusive-end id="358" timestamp="2019-06-15T00:23:53.111" durationms="7.209" />

<exclusive-start id="359" timestamp="2019-06-15T00:23:53.119" intervalms="15.292">
  <response-info timems="0.027" idlems="0.027" threads="0" lastid="000000000181F100" lastname="Thread-7" />
</exclusive-start>
<allocation-taxation id="360" taxation-threshold="14680064" timestamp="2019-06-15T00:23:53.119" intervalms="15.272" />
<cycle-start id="361" type="partial gc" contextid="0" timestamp="2019-06-15T00:23:53.119" intervalms="15.220" />
<gc-start id="362" type="partial gc" contextid="361" timestamp="2019-06-15T00:23:53.119">
  <mem-info id="363" free="0" total="44040192" percent="0">
    <mem type="eden" free="0" total="14680064" percent="0" />
    <arraylet-primitive objects="2" leaves="2" largest="1" />
    <remembered-set count="13984" freebytes="1702016" totalbytes="1757952" percent="96" regionsoverflowed="0" regionsstable="0" regionsrebuilding="0"/>
  </mem-info>
</gc-start>
<allocation-stats totalBytes="14678104" >
  <allocated-bytes non-tlh="0" tlh="14678104" arrayletleaf="0"/>
  <largest-consumer threadName="Thread-10" threadId="000000000181B500" bytes="3751328" />
</allocation-stats>
<gc-op id="364" type="mark" timems="2.408" contextid="361" timestamp="2019-06-15T00:23:53.122">
  <trace-info objectcount="25963" scancount="23289" scanbytes="878408" />
  <cardclean-info objects="22324" bytes="1120596" />
  <remembered-set-cleared processed="9687" cleared="4341" durationms="0.151" />
  <references type="soft" candidates="17" cleared="0" enqueued="0" dynamicThreshold="10" maxThreshold="32" />
  <references type="weak" candidates="16" cleared="0" enqueued="0" />
  <references type="phantom" candidates="2" cleared="0" enqueued="0" />
  <stringconstants candidates="4597" cleared="0"  />
  <warning details="Mark invoked due to insufficient free space for Copy-Forward" />
</gc-op>
<gc-op id="365" type="classunload" timems="0.002" contextid="361" timestamp="2019-06-15T00:23:53.122">
  <classunload-info classloadercandidates="8" classloadersunloaded="0" classesunloaded="0" anonymousclassesunloaded="0" quiescems="0.000" setupms="0.002" scanms="0.000" postms="0.000" />
</gc-op>
<gc-op id="366" type="sweep" timems="0.422" contextid="361" timestamp="2019-06-15T00:23:53.123" />
<gc-op id="367" type="compact" timems="2.762" contextid="361" timestamp="2019-06-15T00:23:53.126">
  <compact-info movecount="8926" movebytes="395568" />
  <remembered-set-cleared processed="20036" cleared="9343" durationms="0.151" />
</gc-op>
<heap-resize id="368" type="expand" space="default" amount="1048576" count="1" timems="0.063" reason="insufficient free space following gc" timestamp="2019-06-15T00:23:53.126" />
<gc-end id="369" type="partial gc" contextid="361" durationms="6.913" usertimems="12.000" systemtimems="0.000" timestamp="2019-06-15T00:23:53.126" activeThreads="4">
  <mem-info id="370" free="14680064" total="45088768" percent="32">
    <mem type="eden" free="995760" total="1048576" percent="94" />
    <arraylet-primitive objects="2" leaves="2" largest="1" />
    <remembered-set count="15328" freebytes="1738496" totalbytes="1799808" percent="96" regionsoverflowed="0" regionsstable="0" regionsrebuilding="0"/>
  </mem-info>
</gc-end>
<cycle-end id="371" type="partial gc" contextid="361" timestamp="2019-06-15T00:23:53.126" />
  <attribute name="elasticGC enabled" value="1" />
  <attribute name= "numThreadsSpecified" value="4" />
  <attribute name="heapSize specified" value="0" />
  <attribute name="Current GC Util" value="27" />
  <attribute name= "Current Time Running" value="1160" />
  <attribute name ="GC Interval" value="0" />
  <attribute name="ProportionalT" value="3.500000" />
  <attribute name="ProportionalI" value="3.500000" />
  <attribute name="ProportionalH" value="3.500000" />
  <attribute name="Current Error" value="7.000000" />
  <attribute name="IntegralT" value="0.000000" />
  <attribute name="IntegralI" value="0.000000" />
  <attribute name="IntegralH" value="0.000000" />
  <attribute name="DerivativeT" value="-inf" />
  <attribute name="DerivativeI" value="-inf" />
  <attribute name="DerivativeH" value="-inf" />
  <attribute name="Loop Time for DT" value="0.000000" />
  <attribute name="Output H" value="2091843584"/>
  <attribute name="Output I" value="200"/>
  <attribute name="Output T" value="4"/>
  <attribute name="Target GC Util Change" value ="20.000000" />
  <attribute name="Current GC Util Change" value="27.000000"/>
  <attribute name="GC Util currently" value="27" />
  <attribute name="CPU Util currently" value="7702215313258" />
<exclusive-end id="372" timestamp="2019-06-15T00:23:53.127" durationms="7.548" />

<exclusive-start id="373" timestamp="2019-06-15T00:23:53.135" intervalms="15.509">
  <response-info timems="0.021" idlems="0.021" threads="0" lastid="000000000181B500" lastname="Thread-10" />
</exclusive-start>
<allocation-taxation id="374" taxation-threshold="14680064" timestamp="2019-06-15T00:23:53.135" intervalms="15.514" />
<cycle-start id="375" type="partial gc" contextid="0" timestamp="2019-06-15T00:23:53.135" intervalms="15.527" />
<gc-start id="376" type="partial gc" contextid="375" timestamp="2019-06-15T00:23:53.135">
  <mem-info id="377" free="0" total="45088768" percent="0">
    <mem type="eden" free="0" total="14680064" percent="0" />
    <arraylet-primitive objects="2" leaves="2" largest="1" />
    <remembered-set count="14848" freebytes="1740416" totalbytes="1799808" percent="96" regionsoverflowed="0" regionsstable="0" regionsrebuilding="0"/>
  </mem-info>
</gc-start>
<allocation-stats totalBytes="14678328" >
  <allocated-bytes non-tlh="0" tlh="14678328" arrayletleaf="0"/>
  <largest-consumer threadName="Thread-7" threadId="000000000181F100" bytes="3751560" />
</allocation-stats>
<gc-op id="378" type="mark" timems="2.218" contextid="375" timestamp="2019-06-15T00:23:53.138">
  <trace-info objectcount="14744" scancount="12067" scanbytes="331244" />
  <cardclean-info objects="24426" bytes="1200348" />
  <remembered-set-cleared processed="10054" cleared="4427" durationms="0.119" />
  <references type="soft" candidates="17" cleared="0" enqueued="0" dynamicThreshold="10" maxThreshold="32" />
  <references type="weak" candidates="16" cleared="0" enqueued="0" />
  <references type="phantom" candidates="2" cleared="0" enqueued="0" />
  <stringconstants candidates="4597" cleared="0"  />
  <warning details="Mark invoked due to insufficient free space for Copy-Forward" />
</gc-op>
<gc-op id="379" type="classunload" timems="0.002" contextid="375" timestamp="2019-06-15T00:23:53.138">
  <classunload-info classloadercandidates="8" classloadersunloaded="0" classesunloaded="0" anonymousclassesunloaded="0" quiescems="0.000" setupms="0.002" scanms="0.000" postms="0.000" />
</gc-op>
<gc-op id="380" type="sweep" timems="0.496" contextid="375" timestamp="2019-06-15T00:23:53.138" />
<gc-op id="381" type="compact" timems="2.399" contextid="375" timestamp="2019-06-15T00:23:53.141">
  <compact-info movecount="4910" movebytes="118720" />
  <remembered-set-cleared processed="20862" cleared="9608" durationms="0.123" />
</gc-op>
<heap-resize id="382" type="expand" space="default" amount="2097152" count="1" timems="0.068" reason="insufficient free space following gc" timestamp="2019-06-15T00:23:53.141" />
<gc-end id="383" type="partial gc" contextid="375" durationms="6.455" usertimems="8.000" systemtimems="0.000" timestamp="2019-06-15T00:23:53.141" activeThreads="4">
  <mem-info id="384" free="15728640" total="47185920" percent="33">
    <mem type="eden" free="972456" total="1048576" percent="92" />
    <arraylet-primitive objects="2" leaves="2" largest="1" />
    <remembered-set count="15616" freebytes="1821056" totalbytes="1883520" percent="96" regionsoverflowed="0" regionsstable="0" regionsrebuilding="0"/>
  </mem-info>
</gc-end>
<cycle-end id="385" type="partial gc" contextid="375" timestamp="2019-06-15T00:23:53.142" />
  <attribute name="elasticGC enabled" value="1" />
  <attribute name= "numThreadsSpecified" value="4" />
  <attribute name="heapSize specified" value="0" />
  <attribute name="Current GC Util" value="21" />
  <attribute name= "Current Time Running" value="1176" />
  <attribute name ="GC Interval" value="0" />
  <attribute name="ProportionalT" value="0.500000" />
  <attribute name="ProportionalI" value="0.500000" />
  <attribute name="ProportionalH" value="0.500000" />
  <attribute name="Current Error" value="1.000000" />
  <attribute name="IntegralT" value="1.000000" />
  <attribute name="IntegralI" value="1.000000" />
  <attribute name="IntegralH" value="1.000000" />
  <attribute name="DerivativeT" value="-28.500000" />
  <attribute name="DerivativeI" value="-28.500000" />
  <attribute name="DerivativeH" value="-28.500000" />
  <attribute name="Loop Time for DT" value="1.000000" />
  <attribute name="Output H" value="2091843584"/>
  <attribute name="Output I" value="200"/>
  <attribute name="Output T" value="4"/>
  <attribute name="Target GC Util Change" value ="20.000000" />
  <attribute name="Current GC Util Change" value="21.000000"/>
  <attribute name="GC Util currently" value="21" />
  <attribute name="CPU Util currently" value="6596538175329" />
<exclusive-end id="386" timestamp="2019-06-15T00:23:53.142" durationms="7.173" />

<exclusive-start id="387" timestamp="2019-06-15T00:23:53.150" intervalms="15.569">
  <response-info timems="0.037" idlems="0.037" threads="0" lastid="0000000001813D00" lastname="Thread-9" />
</exclusive-start>
<allocation-taxation id="388" taxation-threshold="15728640" timestamp="2019-06-15T00:23:53.150" intervalms="15.547" />
<cycle-start id="389" type="partial gc" contextid="0" timestamp="2019-06-15T00:23:53.150" intervalms="15.516" />
<gc-start id="390" type="partial gc" contextid="389" timestamp="2019-06-15T00:23:53.150">
  <mem-info id="391" free="0" total="47185920" percent="0">
    <mem type="eden" free="0" total="15728640" percent="0" />
    <arraylet-primitive objects="2" leaves="2" largest="1" />
    <remembered-set count="15296" freebytes="1822336" totalbytes="1883520" percent="96" regionsoverflowed="0" regionsstable="0" regionsrebuilding="0"/>
  </mem-info>
</gc-start>
<allocation-stats totalBytes="15726376" >
  <allocated-bytes non-tlh="0" tlh="15726376" arrayletleaf="0"/>
  <largest-consumer threadName="Thread-7" threadId="000000000181F100" bytes="4316624" />
</allocation-stats>
<gc-op id="392" type="mark" timems="1.538" contextid="389" timestamp="2019-06-15T00:23:53.152">
  <trace-info objectcount="10130" scancount="10130" scanbytes="381140" />
  <cardclean-info objects="5973" bytes="292152" />
  <remembered-set-cleared processed="12878" cleared="567" durationms="0.142" />
  <stringconstants candidates="4597" cleared="0"  />
  <warning details="Mark invoked due to insufficient free space for Copy-Forward" />
</gc-op>
<gc-op id="393" type="classunload" timems="0.002" contextid="389" timestamp="2019-06-15T00:23:53.153">
  <classunload-info classloadercandidates="8" classloadersunloaded="0" classesunloaded="0" anonymousclassesunloaded="0" quiescems="0.000" setupms="0.002" scanms="0.000" postms="0.000" />
</gc-op>
<gc-op id="394" type="sweep" timems="0.405" contextid="389" timestamp="2019-06-15T00:23:53.153" />
<gc-op id="395" type="compact" timems="1.945" contextid="389" timestamp="2019-06-15T00:23:53.155">
  <compact-info movecount="9776" movebytes="372648" />
  <remembered-set-cleared processed="25895" cleared="1269" durationms="0.142" />
</gc-op>
<heap-resize id="396" type="expand" space="default" amount="1048576" count="1" timems="0.059" reason="insufficient free space following gc" timestamp="2019-06-15T00:23:53.156" />
<gc-end id="397" type="partial gc" contextid="389" durationms="5.336" usertimems="8.000" systemtimems="0.000" timestamp="2019-06-15T00:23:53.156" activeThreads="4">
  <mem-info id="398" free="15728640" total="48234496" percent="32">
    <mem type="eden" free="738880" total="1048576" percent="70" />
    <arraylet-primitive objects="2" leaves="2" largest="1" />
    <remembered-set count="15712" freebytes="1862528" totalbytes="1925376" percent="96" regionsoverflowed="0" regionsstable="0" regionsrebuilding="0"/>
  </mem-info>
</gc-end>
<cycle-end id="399" type="partial gc" contextid="389" timestamp="2019-06-15T00:23:53.156" />
  <attribute name="elasticGC enabled" value="1" />
  <attribute name= "numThreadsSpecified" value="4" />
  <attribute name="heapSize specified" value="0" />
  <attribute name="Current GC Util" value="24" />
  <attribute name= "Current Time Running" value="1191" />
  <attribute name ="GC Interval" value="0" />
  <attribute name="ProportionalT" value="2.000000" />
  <attribute name="ProportionalI" value="2.000000" />
  <attribute name="ProportionalH" value="2.000000" />
  <attribute name="Current Error" value="4.000000" />
  <attribute name="IntegralT" value="4.000000" />
  <attribute name="IntegralI" value="4.000000" />
  <attribute name="IntegralH" value="4.000000" />
  <attribute name="DerivativeT" value="-22.500000" />
  <attribute name="DerivativeI" value="-22.500000" />
  <attribute name="DerivativeH" value="-22.500000" />
  <attribute name="Loop Time for DT" value="1.000000" />
  <attribute name="Output H" value="2091843584"/>
  <attribute name="Output I" value="200"/>
  <attribute name="Output T" value="4"/>
  <attribute name="Target GC Util Change" value ="20.000000" />
  <attribute name="Current GC Util Change" value="24.000000"/>
  <attribute name="GC Util currently" value="24" />
  <attribute name="CPU Util currently" value="7127655880079" />
<exclusive-end id="400" timestamp="2019-06-15T00:23:53.156" durationms="6.082" />

<exclusive-start id="401" timestamp="2019-06-15T00:23:53.165" intervalms="14.552">
  <response-info timems="0.021" idlems="0.021" threads="0" lastid="0000000001813D00" lastname="Thread-9" />
</exclusive-start>
<allocation-taxation id="402" taxation-threshold="15728640" timestamp="2019-06-15T00:23:53.165" intervalms="14.524" />
<cycle-start id="403" type="partial gc" contextid="0" timestamp="2019-06-15T00:23:53.165" intervalms="14.495" />
<gc-start id="404" type="partial gc" contextid="403" timestamp="2019-06-15T00:23:53.165">
  <mem-info id="405" free="0" total="48234496" percent="0">
    <mem type="eden" free="0" total="15728640" percent="0" />
    <arraylet-primitive objects="2" leaves="2" largest="1" />
    <remembered-set count="15648" freebytes="1862784" totalbytes="1925376" percent="96" regionsoverflowed="0" regionsstable="0" regionsrebuilding="0"/>
  </mem-info>
</gc-start>
<allocation-stats totalBytes="15726584" >
  <allocated-bytes non-tlh="0" tlh="15726584" arrayletleaf="0"/>
  <largest-consumer threadName="Thread-7" threadId="000000000181F100" bytes="4095368" />
</allocation-stats>
<gc-op id="406" type="mark" timems="1.532" contextid="403" timestamp="2019-06-15T00:23:53.167">
  <trace-info objectcount="9819" scancount="9819" scanbytes="373812" />
  <cardclean-info objects="5634" bytes="271824" />
  <remembered-set-cleared processed="13463" cleared="485" durationms="0.140" />
  <stringconstants candidates="4597" cleared="0"  />
  <warning details="Mark invoked due to insufficient free space for Copy-Forward" />
</gc-op>
<gc-op id="407" type="classunload" timems="0.002" contextid="403" timestamp="2019-06-15T00:23:53.167">
  <classunload-info classloadercandidates="8" classloadersunloaded="0" classesunloaded="0" anonymousclassesunloaded="0" quiescems="0.000" setupms="0.002" scanms="0.000" postms="0.000" />
</gc-op>
<gc-op id="408" type="sweep" timems="0.506" contextid="403" timestamp="2019-06-15T00:23:53.168" />
<gc-op id="409" type="compact" timems="2.357" contextid="403" timestamp="2019-06-15T00:23:53.170">
  <compact-info movecount="14910" movebytes="579976" />
  <remembered-set-cleared processed="26806" cleared="1582" durationms="0.140" />
</gc-op>
<heap-resize id="410" type="expand" space="default" amount="2097152" count="1" timems="0.067" reason="insufficient free space following gc" timestamp="2019-06-15T00:23:53.171" />
<gc-end id="411" type="partial gc" contextid="403" durationms="5.815" usertimems="8.000" systemtimems="0.000" timestamp="2019-06-15T00:23:53.171" activeThreads="4">
  <mem-info id="412" free="16777216" total="50331648" percent="33">
    <mem type="eden" free="981648" total="1048576" percent="93" />
    <arraylet-primitive objects="2" leaves="2" largest="1" />
    <remembered-set count="16608" freebytes="1942656" totalbytes="2009088" percent="96" regionsoverflowed="0" regionsstable="0" regionsrebuilding="0"/>
  </mem-info>
</gc-end>
<cycle-end id="413" type="partial gc" contextid="403" timestamp="2019-06-15T00:23:53.171" />
  <attribute name="elasticGC enabled" value="1" />
  <attribute name= "numThreadsSpecified" value="4" />
  <attribute name="heapSize specified" value="0" />
  <attribute name="Current GC Util" value="20" />
  <attribute name= "Current Time Running" value="1205" />
  <attribute name ="GC Interval" value="0" />
  <attribute name="ProportionalT" value="0.000000" />
  <attribute name="ProportionalI" value="0.000000" />
  <attribute name="ProportionalH" value="0.000000" />
  <attribute name="Current Error" value="0.000000" />
  <attribute name="IntegralT" value="0.000000" />
  <attribute name="IntegralI" value="0.000000" />
  <attribute name="IntegralH" value="0.000000" />
  <attribute name="DerivativeT" value="-25.000000" />
  <attribute name="DerivativeI" value="-25.000000" />
  <attribute name="DerivativeH" value="-25.000000" />
  <attribute name="Loop Time for DT" value="1.000000" />
  <attribute name="Output H" value="2091843584"/>
  <attribute name="Output I" value="200"/>
  <attribute name="Output T" value="4"/>
  <attribute name="Target GC Util Change" value ="20.000000" />
  <attribute name="Current GC Util Change" value="20.000000"/>
  <attribute name="GC Util currently" value="20" />
  <attribute name="CPU Util currently" value="6100137982060" />
<exclusive-end id="414" timestamp="2019-06-15T00:23:53.171" durationms="6.495" />

<exclusive-start id="415" timestamp="2019-06-15T00:23:53.180" intervalms="15.798">
  <response-info timems="0.022" idlems="0.022" threads="0" lastid="000000000181B500" lastname="Thread-10" />
</exclusive-start>
<allocation-taxation id="416" taxation-threshold="16777216" timestamp="2019-06-15T00:23:53.181" intervalms="15.852" />
<cycle-start id="417" type="partial gc" contextid="0" timestamp="2019-06-15T00:23:53.181" intervalms="15.956" />
<gc-start id="418" type="partial gc" contextid="417" timestamp="2019-06-15T00:23:53.181">
  <mem-info id="419" free="0" total="50331648" percent="0">
    <mem type="eden" free="0" total="16777216" percent="0" />
    <arraylet-primitive objects="2" leaves="2" largest="1" />
    <remembered-set count="16320" freebytes="1943808" totalbytes="2009088" percent="96" regionsoverflowed="0" regionsstable="0" regionsrebuilding="0"/>
  </mem-info>
</gc-start>
<allocation-stats totalBytes="16775032" >
  <allocated-bytes non-tlh="0" tlh="16775032" arrayletleaf="0"/>
  <largest-consumer threadName="Thread-7" threadId="000000000181F100" bytes="4275504" />
</allocation-stats>
<gc-op id="420" type="mark" timems="1.594" contextid="417" timestamp="2019-06-15T00:23:53.183">
  <trace-info objectcount="6779" scancount="6779" scanbytes="163480" />
  <cardclean-info objects="9115" bytes="442704" />
  <remembered-set-cleared processed="13853" cleared="567" durationms="0.129" />
  <stringconstants candidates="4597" cleared="0"  />
  <warning details="Mark invoked due to insufficient free space for Copy-Forward" />
</gc-op>
<gc-op id="421" type="classunload" timems="0.003" contextid="417" timestamp="2019-06-15T00:23:53.183">
  <classunload-info classloadercandidates="8" classloadersunloaded="0" classesunloaded="0" anonymousclassesunloaded="0" quiescems="0.000" setupms="0.001" scanms="0.000" postms="0.000" />
</gc-op>
<gc-op id="422" type="sweep" timems="0.531" contextid="417" timestamp="2019-06-15T00:23:53.184" />
<gc-op id="423" type="compact" timems="1.775" contextid="417" timestamp="2019-06-15T00:23:53.186">
  <compact-info movecount="4349" movebytes="105160" />
  <remembered-set-cleared processed="27843" cleared="1265" durationms="0.129" />
</gc-op>
<heap-resize id="424" type="expand" space="default" amount="1048576" count="1" timems="0.061" reason="insufficient free space following gc" timestamp="2019-06-15T00:23:53.186" />
<gc-end id="425" type="partial gc" contextid="417" durationms="5.414" usertimems="4.000" systemtimems="0.000" timestamp="2019-06-15T00:23:53.186" activeThreads="4">
  <mem-info id="426" free="16777216" total="51380224" percent="32">
    <mem type="eden" free="948384" total="1048576" percent="90" />
    <arraylet-primitive objects="2" leaves="2" largest="1" />
    <remembered-set count="16800" freebytes="1983744" totalbytes="2050944" percent="96" regionsoverflowed="0" regionsstable="0" regionsrebuilding="0"/>
  </mem-info>
</gc-end>
<cycle-end id="427" type="partial gc" contextid="417" timestamp="2019-06-15T00:23:53.186" />
  <attribute name="elasticGC enabled" value="1" />
  <attribute name= "numThreadsSpecified" value="4" />
  <attribute name="heapSize specified" value="0" />
  <attribute name="Current GC Util" value="23" />
  <attribute name= "Current Time Running" value="1221" />
  <attribute name ="GC Interval" value="0" />
  <attribute name="ProportionalT" value="1.500000" />
  <attribute name="ProportionalI" value="1.500000" />
  <attribute name="ProportionalH" value="1.500000" />
  <attribute name="Current Error" value="3.000000" />
  <attribute name="IntegralT" value="0.000000" />
  <attribute name="IntegralI" value="0.000000" />
  <attribute name="IntegralH" value="0.000000" />
  <attribute name="DerivativeT" value="-inf" />
  <attribute name="DerivativeI" value="-inf" />
  <attribute name="DerivativeH" value="-inf" />
  <attribute name="Loop Time for DT" value="0.000000" />
  <attribute name="Output H" value="2091843584"/>
  <attribute name="Output I" value="200"/>
  <attribute name="Output T" value="4"/>
  <attribute name="Target GC Util Change" value ="20.000000" />
  <attribute name="Current GC Util Change" value="23.000000"/>
  <attribute name="GC Util currently" value="23" />
  <attribute name="CPU Util currently" value="5925217956206" />
<exclusive-end id="428" timestamp="2019-06-15T00:23:53.187" durationms="6.282" />

<exclusive-start id="429" timestamp="2019-06-15T00:23:53.196" intervalms="15.266">
  <response-info timems="0.029" idlems="0.029" threads="0" lastid="000000000181F100" lastname="Thread-7" />
</exclusive-start>
<allocation-taxation id="430" taxation-threshold="16777216" timestamp="2019-06-15T00:23:53.196" intervalms="15.253" />
<cycle-start id="431" type="partial gc" contextid="0" timestamp="2019-06-15T00:23:53.196" intervalms="15.188" />
<gc-start id="432" type="partial gc" contextid="431" timestamp="2019-06-15T00:23:53.196">
  <mem-info id="433" free="0" total="51380224" percent="0">
    <mem type="eden" free="0" total="16777216" percent="0" />
    <arraylet-primitive objects="2" leaves="2" largest="1" />
    <remembered-set count="16640" freebytes="1984384" totalbytes="2050944" percent="96" regionsoverflowed="0" regionsstable="0" regionsrebuilding="0"/>
  </mem-info>
</gc-start>
<allocation-stats totalBytes="16775128" >
  <allocated-bytes non-tlh="0" tlh="16775128" arrayletleaf="0"/>
  <largest-consumer threadName="Thread-9" threadId="0000000001813D00" bytes="4402648" />
</allocation-stats>
<gc-op id="434" type="mark" timems="1.434" contextid="431" timestamp="2019-06-15T00:23:53.198">
  <trace-info objectcount="14343" scancount="14343" scanbytes="482596" />
  <cardclean-info objects="9334" bytes="453144" />
  <remembered-set-cleared processed="14507" cleared="679" durationms="0.182" />
  <stringconstants candidates="4597" cleared="0"  />
  <warning details="Mark invoked due to insufficient free space for Copy-Forward" />
</gc-op>
<gc-op id="435" type="classunload" timems="0.002" contextid="431" timestamp="2019-06-15T00:23:53.198">
  <classunload-info classloadercandidates="8" classloadersunloaded="0" classesunloaded="0" anonymousclassesunloaded="0" quiescems="0.000" setupms="0.002" scanms="0.000" postms="0.000" />
</gc-op>
<gc-op id="436" type="sweep" timems="0.435" contextid="431" timestamp="2019-06-15T00:23:53.199" />
<gc-op id="437" type="compact" timems="2.197" contextid="431" timestamp="2019-06-15T00:23:53.201">
  <compact-info movecount="13705" movebytes="467288" />
  <remembered-set-cleared processed="29184" cleared="1522" durationms="0.182" />
</gc-op>
<heap-resize id="438" type="expand" space="default" amount="2097152" count="1" timems="0.068" reason="insufficient free space following gc" timestamp="2019-06-15T00:23:53.201" />
<gc-end id="439" type="partial gc" contextid="431" durationms="5.291" usertimems="4.000" systemtimems="4.000" timestamp="2019-06-15T00:23:53.201" activeThreads="4">
  <mem-info id="440" free="17825792" total="53477376" percent="33">
    <mem type="eden" free="662528" total="1048576" percent="63" />
    <arraylet-primitive objects="2" leaves="2" largest="1" />
    <remembered-set count="17856" freebytes="2063232" totalbytes="2134656" percent="96" regionsoverflowed="0" regionsstable="0" regionsrebuilding="0"/>
  </mem-info>
</gc-end>
<cycle-end id="441" type="partial gc" contextid="431" timestamp="2019-06-15T00:23:53.202" />
  <attribute name="elasticGC enabled" value="1" />
  <attribute name= "numThreadsSpecified" value="4" />
  <attribute name="heapSize specified" value="0" />
  <attribute name="Current GC Util" value="25" />
  <attribute name= "Current Time Running" value="1236" />
  <attribute name ="GC Interval" value="0" />
  <attribute name="ProportionalT" value="2.500000" />
  <attribute name="ProportionalI" value="2.500000" />
  <attribute name="ProportionalH" value="2.500000" />
  <attribute name="Current Error" value="5.000000" />
  <attribute name="IntegralT" value="5.000000" />
  <attribute name="IntegralI" value="5.000000" />
  <attribute name="IntegralH" value="5.000000" />
  <attribute name="DerivativeT" value="2.500000" />
  <attribute name="DerivativeI" value="2.500000" />
  <attribute name="DerivativeH" value="2.500000" />
  <attribute name="Loop Time for DT" value="1.000000" />
  <attribute name="Output H" value="8388608"/>
  <attribute name="Output I" value="200"/>
  <attribute name="Output T" value="4"/>
  <attribute name="Target GC Util Change" value ="20.000000" />
  <attribute name="Current GC Util Change" value="25.000000"/>
  <attribute name="GC Util currently" value="25" />
  <attribute name="CPU Util currently" value="7559137251373" />
<exclusive-end id="442" timestamp="2019-06-15T00:23:53.202" durationms="5.969" />

<exclusive-start id="443" timestamp="2019-06-15T00:23:53.211" intervalms="15.531">
  <response-info timems="0.025" idlems="0.025" threads="0" lastid="0000000001817900" lastname="Thread-8" />
</exclusive-start>
<allocation-taxation id="444" taxation-threshold="17825792" timestamp="2019-06-15T00:23:53.211" intervalms="15.568" />
<cycle-start id="445" type="partial gc" contextid="0" timestamp="2019-06-15T00:23:53.211" intervalms="15.543" />
<gc-start id="446" type="partial gc" contextid="445" timestamp="2019-06-15T00:23:53.212">
  <mem-info id="447" free="0" total="53477376" percent="0">
    <mem type="eden" free="0" total="17825792" percent="0" />
    <arraylet-primitive objects="2" leaves="2" largest="1" />
    <remembered-set count="17568" freebytes="2064384" totalbytes="2134656" percent="96" regionsoverflowed="0" regionsstable="0" regionsrebuilding="0"/>
  </mem-info>
</gc-start>
<allocation-stats totalBytes="17823608" >
  <allocated-bytes non-tlh="0" tlh="17823608" arrayletleaf="0"/>
  <largest-consumer threadName="Thread-7" threadId="000000000181F100" bytes="4636208" />
</allocation-stats>
<gc-op id="448" type="mark" timems="1.608" contextid="445" timestamp="2019-06-15T00:23:53.214">
  <trace-info objectcount="21691" scancount="21691" scanbytes="796080" />
  <cardclean-info objects="6206" bytes="306528" />
  <remembered-set-cleared processed="15328" cleared="660" durationms="0.193" />
  <stringconstants candidates="4597" cleared="0"  />
  <warning details="Mark invoked due to insufficient free space for Copy-Forward" />
</gc-op>
<gc-op id="449" type="classunload" timems="0.002" contextid="445" timestamp="2019-06-15T00:23:53.214">
  <classunload-info classloadercandidates="8" classloadersunloaded="0" classesunloaded="0" anonymousclassesunloaded="0" quiescems="0.000" setupms="0.002" scanms="0.000" postms="0.000" />
</gc-op>
<gc-op id="450" type="sweep" timems="0.504" contextid="445" timestamp="2019-06-15T00:23:53.214" />
<gc-op id="451" type="compact" timems="2.564" contextid="445" timestamp="2019-06-15T00:23:53.217">
  <compact-info movecount="20072" movebytes="757232" />
  <remembered-set-cleared processed="30844" cleared="1503" durationms="0.193" />
</gc-op>
<heap-resize id="452" type="expand" space="default" amount="1048576" count="1" timems="0.060" reason="insufficient free space following gc" timestamp="2019-06-15T00:23:53.218" />
<gc-end id="453" type="partial gc" contextid="445" durationms="6.064" usertimems="8.000" systemtimems="0.000" timestamp="2019-06-15T00:23:53.218" activeThreads="4">
  <mem-info id="454" free="17825792" total="54525952" percent="32">
    <mem type="eden" free="633320" total="1048576" percent="60" />
    <arraylet-primitive objects="2" leaves="2" largest="1" />
    <remembered-set count="19264" freebytes="2099456" totalbytes="2176512" percent="96" regionsoverflowed="0" regionsstable="0" regionsrebuilding="0"/>
  </mem-info>
</gc-end>
<cycle-end id="455" type="partial gc" contextid="445" timestamp="2019-06-15T00:23:53.218" />
  <attribute name="elasticGC enabled" value="1" />
  <attribute name= "numThreadsSpecified" value="4" />
  <attribute name="heapSize specified" value="0" />
  <attribute name="Current GC Util" value="23" />
  <attribute name= "Current Time Running" value="1252" />
  <attribute name ="GC Interval" value="0" />
  <attribute name="ProportionalT" value="1.500000" />
  <attribute name="ProportionalI" value="1.500000" />
  <attribute name="ProportionalH" value="1.500000" />
  <attribute name="Current Error" value="3.000000" />
  <attribute name="IntegralT" value="3.000000" />
  <attribute name="IntegralI" value="3.000000" />
  <attribute name="IntegralH" value="3.000000" />
  <attribute name="DerivativeT" value="1.500000" />
  <attribute name="DerivativeI" value="1.500000" />
  <attribute name="DerivativeH" value="1.500000" />
  <attribute name="Loop Time for DT" value="1.000000" />
  <attribute name="Output H" value="8388608"/>
  <attribute name="Output I" value="200"/>
  <attribute name="Output T" value="4"/>
  <attribute name="Target GC Util Change" value ="20.000000" />
  <attribute name="Current GC Util Change" value="23.000000"/>
  <attribute name="GC Util currently" value="23" />
  <attribute name="CPU Util currently" value="6711323602271" />
<exclusive-end id="456" timestamp="2019-06-15T00:23:53.218" durationms="6.805" />

<exclusive-start id="457" timestamp="2019-06-15T00:23:53.227" intervalms="16.242">
  <response-info timems="0.022" idlems="0.022" threads="0" lastid="000000000181F100" lastname="Thread-7" />
</exclusive-start>
<allocation-taxation id="458" taxation-threshold="17825792" timestamp="2019-06-15T00:23:53.228" intervalms="16.202" />
<cycle-start id="459" type="partial gc" contextid="0" timestamp="2019-06-15T00:23:53.228" intervalms="16.231" />
<gc-start id="460" type="partial gc" contextid="459" timestamp="2019-06-15T00:23:53.228">
  <mem-info id="461" free="0" total="54525952" percent="0">
    <mem type="eden" free="0" total="17825792" percent="0" />
    <arraylet-primitive objects="2" leaves="2" largest="1" />
    <remembered-set count="18816" freebytes="2101248" totalbytes="2176512" percent="96" regionsoverflowed="0" regionsstable="0" regionsrebuilding="0"/>
  </mem-info>
</gc-start>
<allocation-stats totalBytes="17823352" >
  <allocated-bytes non-tlh="0" tlh="17823352" arrayletleaf="0"/>
  <largest-consumer threadName="Thread-9" threadId="0000000001813D00" bytes="4541760" />
</allocation-stats>
<gc-op id="462" type="mark" timems="1.821" contextid="459" timestamp="2019-06-15T00:23:53.230">
  <trace-info objectcount="29232" scancount="29232" scanbytes="1114180" />
  <cardclean-info objects="7046" bytes="351000" />
  <remembered-set-cleared processed="16001" cleared="660" durationms="0.137" />
  <stringconstants candidates="4597" cleared="0"  />
  <warning details="Mark invoked due to insufficient free space for Copy-Forward" />
</gc-op>
<gc-op id="463" type="classunload" timems="0.001" contextid="459" timestamp="2019-06-15T00:23:53.230">
  <classunload-info classloadercandidates="8" classloadersunloaded="0" classesunloaded="0" anonymousclassesunloaded="0" quiescems="0.000" setupms="0.001" scanms="0.000" postms="0.000" />
</gc-op>
<gc-op id="464" type="sweep" timems="0.513" contextid="459" timestamp="2019-06-15T00:23:53.231" />
<gc-op id="465" type="compact" timems="3.064" contextid="459" timestamp="2019-06-15T00:23:53.234">
  <compact-info movecount="28175" movebytes="1088824" />
  <remembered-set-cleared processed="32225" cleared="1538" durationms="0.137" />
</gc-op>
<heap-resize id="466" type="expand" space="default" amount="1048576" count="1" timems="0.062" reason="insufficient free space following gc" timestamp="2019-06-15T00:23:53.234" />
<gc-end id="467" type="partial gc" contextid="459" durationms="6.761" usertimems="4.000" systemtimems="4.000" timestamp="2019-06-15T00:23:53.235" activeThreads="4">
  <mem-info id="468" free="17825792" total="55574528" percent="32">
    <mem type="eden" free="346080" total="1048576" percent="33" />
    <arraylet-primitive objects="2" leaves="2" largest="1" />
    <remembered-set count="19520" freebytes="2140288" totalbytes="2218368" percent="96" regionsoverflowed="0" regionsstable="0" regionsrebuilding="0"/>
  </mem-info>
</gc-end>
<cycle-end id="469" type="partial gc" contextid="459" timestamp="2019-06-15T00:23:53.235" />
  <attribute name="elasticGC enabled" value="1" />
  <attribute name= "numThreadsSpecified" value="4" />
  <attribute name="heapSize specified" value="0" />
  <attribute name="Current GC Util" value="27" />
  <attribute name= "Current Time Running" value="1268" />
  <attribute name ="GC Interval" value="0" />
  <attribute name="ProportionalT" value="3.500000" />
  <attribute name="ProportionalI" value="3.500000" />
  <attribute name="ProportionalH" value="3.500000" />
  <attribute name="Current Error" value="7.000000" />
  <attribute name="IntegralT" value="0.000000" />
  <attribute name="IntegralI" value="0.000000" />
  <attribute name="IntegralH" value="0.000000" />
  <attribute name="DerivativeT" value="-inf" />
  <attribute name="DerivativeI" value="-inf" />
  <attribute name="DerivativeH" value="-inf" />
  <attribute name="Loop Time for DT" value="0.000000" />
  <attribute name="Output H" value="2091843584"/>
  <attribute name="Output I" value="200"/>
  <attribute name="Output T" value="4"/>
  <attribute name="Target GC Util Change" value ="20.000000" />
  <attribute name="Current GC Util Change" value="27.000000"/>
  <attribute name="GC Util currently" value="27" />
  <attribute name="CPU Util currently" value="6248998646431" />
<exclusive-end id="470" timestamp="2019-06-15T00:23:53.235" durationms="7.487" />

<exclusive-start id="471" timestamp="2019-06-15T00:23:53.245" intervalms="17.076">
  <response-info timems="0.022" idlems="0.022" threads="0" lastid="000000000181B500" lastname="Thread-10" />
</exclusive-start>
<allocation-taxation id="472" taxation-threshold="17825792" timestamp="2019-06-15T00:23:53.245" intervalms="17.093" />
<cycle-start id="473" type="partial gc" contextid="0" timestamp="2019-06-15T00:23:53.245" intervalms="17.105" />
<gc-start id="474" type="partial gc" contextid="473" timestamp="2019-06-15T00:23:53.245">
  <mem-info id="475" free="0" total="55574528" percent="0">
    <mem type="eden" free="0" total="17825792" percent="0" />
    <arraylet-primitive objects="2" leaves="2" largest="1" />
    <remembered-set count="19040" freebytes="2142208" totalbytes="2218368" percent="96" regionsoverflowed="0" regionsstable="0" regionsrebuilding="0"/>
  </mem-info>
</gc-start>
<allocation-stats totalBytes="17823616" >
  <allocated-bytes non-tlh="0" tlh="17823616" arrayletleaf="0"/>
  <largest-consumer threadName="Thread-7" threadId="000000000181F100" bytes="4816304" />
</allocation-stats>
<gc-op id="476" type="mark" timems="1.829" contextid="473" timestamp="2019-06-15T00:23:53.247">
  <trace-info objectcount="30284" scancount="30284" scanbytes="1139668" />
  <cardclean-info objects="6210" bytes="310776" />
  <remembered-set-cleared processed="16845" cleared="502" durationms="0.135" />
  <stringconstants candidates="4597" cleared="0"  />
  <warning details="Mark invoked due to insufficient free space for Copy-Forward" />
</gc-op>
<gc-op id="477" type="classunload" timems="0.002" contextid="473" timestamp="2019-06-15T00:23:53.247">
  <classunload-info classloadercandidates="8" classloadersunloaded="0" classesunloaded="0" anonymousclassesunloaded="0" quiescems="0.000" setupms="0.002" scanms="0.000" postms="0.000" />
</gc-op>
<gc-op id="478" type="sweep" timems="0.404" contextid="473" timestamp="2019-06-15T00:23:53.248" />
<gc-op id="479" type="compact" timems="2.910" contextid="473" timestamp="2019-06-15T00:23:53.251">
  <compact-info movecount="29985" movebytes="1132504" />
  <remembered-set-cleared processed="33915" cleared="1223" durationms="0.135" />
</gc-op>
<heap-resize id="480" type="expand" space="default" amount="2097152" count="1" timems="0.067" reason="insufficient free space following gc" timestamp="2019-06-15T00:23:53.251" />
<gc-end id="481" type="partial gc" contextid="473" durationms="6.519" usertimems="8.000" systemtimems="0.000" timestamp="2019-06-15T00:23:53.251" activeThreads="4">
  <mem-info id="482" free="18874368" total="57671680" percent="32">
    <mem type="eden" free="609624" total="1048576" percent="58" />
    <arraylet-primitive objects="2" leaves="2" largest="1" />
    <remembered-set count="21472" freebytes="2216192" totalbytes="2302080" percent="96" regionsoverflowed="0" regionsstable="0" regionsrebuilding="0"/>
  </mem-info>
</gc-end>
<cycle-end id="483" type="partial gc" contextid="473" timestamp="2019-06-15T00:23:53.252" />
  <attribute name="elasticGC enabled" value="1" />
  <attribute name= "numThreadsSpecified" value="4" />
  <attribute name="heapSize specified" value="0" />
  <attribute name="Current GC Util" value="25" />
  <attribute name= "Current Time Running" value="1285" />
  <attribute name ="GC Interval" value="0" />
  <attribute name="ProportionalT" value="2.500000" />
  <attribute name="ProportionalI" value="2.500000" />
  <attribute name="ProportionalH" value="2.500000" />
  <attribute name="Current Error" value="5.000000" />
  <attribute name="IntegralT" value="0.000000" />
  <attribute name="IntegralI" value="0.000000" />
  <attribute name="IntegralH" value="0.000000" />
  <attribute name="DerivativeT" value="-inf" />
  <attribute name="DerivativeI" value="-inf" />
  <attribute name="DerivativeH" value="-inf" />
  <attribute name="Loop Time for DT" value="0.000000" />
  <attribute name="Output H" value="2091843584"/>
  <attribute name="Output I" value="200"/>
  <attribute name="Output T" value="4"/>
  <attribute name="Target GC Util Change" value ="20.000000" />
  <attribute name="Current GC Util Change" value="25.000000"/>
  <attribute name="GC Util currently" value="25" />
  <attribute name="CPU Util currently" value="7562843791485" />
<exclusive-end id="484" timestamp="2019-06-15T00:23:53.252" durationms="7.255" />

<exclusive-start id="485" timestamp="2019-06-15T00:23:53.262" intervalms="17.522">
  <response-info timems="0.028" idlems="0.028" threads="0" lastid="0000000001813D00" lastname="Thread-9" />
</exclusive-start>
<allocation-taxation id="486" taxation-threshold="18874368" timestamp="2019-06-15T00:23:53.262" intervalms="17.473" />
<cycle-start id="487" type="partial gc" contextid="0" timestamp="2019-06-15T00:23:53.262" intervalms="17.420" />
<gc-start id="488" type="partial gc" contextid="487" timestamp="2019-06-15T00:23:53.262">
  <mem-info id="489" free="0" total="57671680" percent="0">
    <mem type="eden" free="0" total="18874368" percent="0" />
    <arraylet-primitive objects="2" leaves="2" largest="1" />
    <remembered-set count="21056" freebytes="2217856" totalbytes="2302080" percent="96" regionsoverflowed="0" regionsstable="0" regionsrebuilding="0"/>
  </mem-info>
</gc-start>
<allocation-stats totalBytes="18871984" >
  <allocated-bytes non-tlh="0" tlh="18871984" arrayletleaf="0"/>
  <largest-consumer threadName="Thread-8" threadId="0000000001817900" bytes="4881872" />
</allocation-stats>
<gc-op id="490" type="mark" timems="1.730" contextid="487" timestamp="2019-06-15T00:23:53.265">
  <trace-info objectcount="28424" scancount="28424" scanbytes="1094820" />
  <cardclean-info objects="6544" bytes="327408" />
  <remembered-set-cleared processed="17082" cleared="791" durationms="0.142" />
  <stringconstants candidates="4597" cleared="0"  />
  <warning details="Mark invoked due to insufficient free space for Copy-Forward" />
</gc-op>
<gc-op id="491" type="classunload" timems="0.002" contextid="487" timestamp="2019-06-15T00:23:53.265">
  <classunload-info classloadercandidates="8" classloadersunloaded="0" classesunloaded="0" anonymousclassesunloaded="0" quiescems="0.000" setupms="0.002" scanms="0.000" postms="0.000" />
</gc-op>
<gc-op id="492" type="sweep" timems="0.404" contextid="487" timestamp="2019-06-15T00:23:53.265" />
<gc-op id="493" type="compact" timems="2.792" contextid="487" timestamp="2019-06-15T00:23:53.268">
  <compact-info movecount="28352" movebytes="1093104" />
  <remembered-set-cleared processed="34135" cleared="1547" durationms="0.142" />
</gc-op>
<heap-resize id="494" type="expand" space="default" amount="1048576" count="1" timems="0.063" reason="insufficient free space following gc" timestamp="2019-06-15T00:23:53.269" />
<gc-end id="495" type="partial gc" contextid="487" durationms="6.320" usertimems="8.000" systemtimems="0.000" timestamp="2019-06-15T00:23:53.269" activeThreads="4">
  <mem-info id="496" free="18874368" total="58720256" percent="32">
    <mem type="eden" free="430240" total="1048576" percent="41" />
    <arraylet-primitive objects="2" leaves="2" largest="1" />
    <remembered-set count="21056" freebytes="2259712" totalbytes="2343936" percent="96" regionsoverflowed="0" regionsstable="0" regionsrebuilding="0"/>
  </mem-info>
</gc-end>
<cycle-end id="497" type="partial gc" contextid="487" timestamp="2019-06-15T00:23:53.269" />
  <attribute name="elasticGC enabled" value="1" />
  <attribute name= "numThreadsSpecified" value="4" />
  <attribute name="heapSize specified" value="0" />
  <attribute name="Current GC Util" value="25" />
  <attribute name= "Current Time Running" value="1303" />
  <attribute name ="GC Interval" value="0" />
  <attribute name="ProportionalT" value="2.500000" />
  <attribute name="ProportionalI" value="2.500000" />
  <attribute name="ProportionalH" value="2.500000" />
  <attribute name="Current Error" value="5.000000" />
  <attribute name="IntegralT" value="5.000000" />
  <attribute name="IntegralI" value="5.000000" />
  <attribute name="IntegralH" value="5.000000" />
  <attribute name="DerivativeT" value="-25.000000" />
  <attribute name="DerivativeI" value="-25.000000" />
  <attribute name="DerivativeH" value="-25.000000" />
  <attribute name="Loop Time for DT" value="1.000000" />
  <attribute name="Output H" value="2091843584"/>
  <attribute name="Output I" value="200"/>
  <attribute name="Output T" value="4"/>
  <attribute name="Target GC Util Change" value ="20.000000" />
  <attribute name="Current GC Util Change" value="25.000000"/>
  <attribute name="GC Util currently" value="25" />
  <attribute name="CPU Util currently" value="7127016992939" />
<exclusive-end id="498" timestamp="2019-06-15T00:23:53.269" durationms="7.017" />

<exclusive-start id="499" timestamp="2019-06-15T00:23:53.279" intervalms="16.782">
  <response-info timems="0.023" idlems="0.023" threads="0" lastid="000000000181B500" lastname="Thread-10" />
</exclusive-start>
<allocation-taxation id="500" taxation-threshold="18874368" timestamp="2019-06-15T00:23:53.279" intervalms="16.836" />
<cycle-start id="501" type="partial gc" contextid="0" timestamp="2019-06-15T00:23:53.279" intervalms="16.903" />
<gc-start id="502" type="partial gc" contextid="501" timestamp="2019-06-15T00:23:53.279">
  <mem-info id="503" free="0" total="58720256" percent="0">
    <mem type="eden" free="0" total="18874368" percent="0" />
    <arraylet-primitive objects="2" leaves="2" largest="1" />
    <remembered-set count="20896" freebytes="2260352" totalbytes="2343936" percent="96" regionsoverflowed="0" regionsstable="0" regionsrebuilding="0"/>
  </mem-info>
</gc-start>
<allocation-stats totalBytes="18871864" >
  <allocated-bytes non-tlh="0" tlh="18871864" arrayletleaf="0"/>
  <largest-consumer threadName="Thread-9" threadId="0000000001813D00" bytes="5111032" />
</allocation-stats>
<gc-op id="504" type="mark" timems="2.085" contextid="501" timestamp="2019-06-15T00:23:53.282">
  <trace-info objectcount="35349" scancount="35349" scanbytes="1398536" />
  <cardclean-info objects="10008" bytes="497472" />
  <remembered-set-cleared processed="17285" cleared="931" durationms="0.142" />
  <stringconstants candidates="4597" cleared="0"  />
  <warning details="Mark invoked due to insufficient free space for Copy-Forward" />
</gc-op>
<gc-op id="505" type="classunload" timems="0.002" contextid="501" timestamp="2019-06-15T00:23:53.282">
  <classunload-info classloadercandidates="8" classloadersunloaded="0" classesunloaded="0" anonymousclassesunloaded="0" quiescems="0.000" setupms="0.002" scanms="0.000" postms="0.000" />
</gc-op>
<gc-op id="506" type="sweep" timems="0.398" contextid="501" timestamp="2019-06-15T00:23:53.282" />
<gc-op id="507" type="compact" timems="2.926" contextid="501" timestamp="2019-06-15T00:23:53.286">
  <compact-info movecount="29542" movebytes="1259184" />
  <remembered-set-cleared processed="34746" cleared="2033" durationms="0.142" />
</gc-op>
<heap-resize id="508" type="expand" space="default" amount="2097152" count="1" timems="0.069" reason="insufficient free space following gc" timestamp="2019-06-15T00:23:53.286" />
<gc-end id="509" type="partial gc" contextid="501" durationms="6.728" usertimems="4.000" systemtimems="8.000" timestamp="2019-06-15T00:23:53.286" activeThreads="4">
  <mem-info id="510" free="19922944" total="60817408" percent="32">
    <mem type="eden" free="126424" total="1048576" percent="12" />
    <arraylet-primitive objects="2" leaves="2" largest="1" />
    <remembered-set count="21664" freebytes="2340992" totalbytes="2427648" percent="96" regionsoverflowed="0" regionsstable="0" regionsrebuilding="0"/>
  </mem-info>
</gc-end>
<cycle-end id="511" type="partial gc" contextid="501" timestamp="2019-06-15T00:23:53.286" />
  <attribute name="elasticGC enabled" value="1" />
  <attribute name= "numThreadsSpecified" value="4" />
  <attribute name="heapSize specified" value="0" />
  <attribute name="Current GC Util" value="27" />
  <attribute name= "Current Time Running" value="1320" />
  <attribute name ="GC Interval" value="0" />
  <attribute name="ProportionalT" value="3.500000" />
  <attribute name="ProportionalI" value="3.500000" />
  <attribute name="ProportionalH" value="3.500000" />
  <attribute name="Current Error" value="7.000000" />
  <attribute name="IntegralT" value="7.000000" />
  <attribute name="IntegralI" value="7.000000" />
  <attribute name="IntegralH" value="7.000000" />
  <attribute name="DerivativeT" value="-25.500000" />
  <attribute name="DerivativeI" value="-25.500000" />
  <attribute name="DerivativeH" value="-25.500000" />
  <attribute name="Loop Time for DT" value="1.000000" />
  <attribute name="Output H" value="2091843584"/>
  <attribute name="Output I" value="200"/>
  <attribute name="Output T" value="4"/>
  <attribute name="Target GC Util Change" value ="20.000000" />
  <attribute name="Current GC Util Change" value="27.000000"/>
  <attribute name="GC Util currently" value="27" />
  <attribute name="CPU Util currently" value="7994587878696" />
<exclusive-end id="512" timestamp="2019-06-15T00:23:53.286" durationms="7.553" />

<exclusive-start id="513" timestamp="2019-06-15T00:23:53.298" intervalms="18.905">
  <response-info timems="0.044" idlems="0.044" threads="0" lastid="0000000001817900" lastname="Thread-8" />
</exclusive-start>
<allocation-taxation id="514" taxation-threshold="19922944" timestamp="2019-06-15T00:23:53.298" intervalms="18.906" />
<cycle-start id="515" type="partial gc" contextid="0" timestamp="2019-06-15T00:23:53.298" intervalms="18.927" />
<gc-start id="516" type="partial gc" contextid="515" timestamp="2019-06-15T00:23:53.298">
  <mem-info id="517" free="0" total="60817408" percent="0">
    <mem type="eden" free="0" total="19922944" percent="0" />
    <arraylet-primitive objects="2" leaves="2" largest="1" />
    <remembered-set count="21664" freebytes="2340992" totalbytes="2427648" percent="96" regionsoverflowed="0" regionsstable="0" regionsrebuilding="0"/>
  </mem-info>
</gc-start>
<allocation-stats totalBytes="19920456" >
  <allocated-bytes non-tlh="0" tlh="19920456" arrayletleaf="0"/>
  <largest-consumer threadName="Thread-9" threadId="0000000001813D00" bytes="5606824" />
</allocation-stats>
<gc-op id="518" type="mark" timems="1.910" contextid="515" timestamp="2019-06-15T00:23:53.301">
  <trace-info objectcount="35897" scancount="35897" scanbytes="1411888" />
  <cardclean-info objects="6232" bytes="312000" />
  <remembered-set-cleared processed="18454" cleared="522" durationms="0.180" />
  <stringconstants candidates="4597" cleared="0"  />
  <warning details="Mark invoked due to insufficient free space for Copy-Forward" />
</gc-op>
<gc-op id="519" type="classunload" timems="0.002" contextid="515" timestamp="2019-06-15T00:23:53.301">
  <classunload-info classloadercandidates="8" classloadersunloaded="0" classesunloaded="0" anonymousclassesunloaded="0" quiescems="0.000" setupms="0.002" scanms="0.000" postms="0.000" />
</gc-op>
<gc-op id="520" type="sweep" timems="0.433" contextid="515" timestamp="2019-06-15T00:23:53.301" />
<gc-op id="521" type="compact" timems="2.933" contextid="515" timestamp="2019-06-15T00:23:53.305">
  <compact-info movecount="35518" movebytes="1402808" />
  <remembered-set-cleared processed="37226" cleared="1351" durationms="0.180" />
</gc-op>
<heap-resize id="522" type="expand" space="default" amount="1048576" count="1" timems="0.062" reason="insufficient free space following gc" timestamp="2019-06-15T00:23:53.305" />
<gc-end id="523" type="partial gc" contextid="515" durationms="6.717" usertimems="12.000" systemtimems="0.000" timestamp="2019-06-15T00:23:53.305" activeThreads="4">
  <mem-info id="524" free="19922944" total="61865984" percent="32">
    <mem type="eden" free="555560" total="1048576" percent="52" />
    <arraylet-primitive objects="2" leaves="2" largest="1" />
    <remembered-set count="23456" freebytes="2375680" totalbytes="2469504" percent="96" regionsoverflowed="0" regionsstable="0" regionsrebuilding="0"/>
  </mem-info>
</gc-end>
<cycle-end id="525" type="partial gc" contextid="515" timestamp="2019-06-15T00:23:53.305" />
  <attribute name="elasticGC enabled" value="1" />
  <attribute name= "numThreadsSpecified" value="4" />
  <attribute name="heapSize specified" value="0" />
  <attribute name="Current GC Util" value="28" />
  <attribute name= "Current Time Running" value="1339" />
  <attribute name ="GC Interval" value="0" />
  <attribute name="ProportionalT" value="4.000000" />
  <attribute name="ProportionalI" value="4.000000" />
  <attribute name="ProportionalH" value="4.000000" />
  <attribute name="Current Error" value="8.000000" />
  <attribute name="IntegralT" value="8.000000" />
  <attribute name="IntegralI" value="8.000000" />
  <attribute name="IntegralH" value="8.000000" />
  <attribute name="DerivativeT" value="-49.000000" />
  <attribute name="DerivativeI" value="-49.000000" />
  <attribute name="DerivativeH" value="-49.000000" />
  <attribute name="Loop Time for DT" value="1.000000" />
  <attribute name="Output H" value="2091843584"/>
  <attribute name="Output I" value="200"/>
  <attribute name="Output T" value="4"/>
  <attribute name="Target GC Util Change" value ="20.000000" />
  <attribute name="Current GC Util Change" value="28.000000"/>
  <attribute name="GC Util currently" value="28" />
  <attribute name="CPU Util currently" value="6762766488518" />
<exclusive-end id="526" timestamp="2019-06-15T00:23:53.305" durationms="7.541" />

<exclusive-start id="527" timestamp="2019-06-15T00:23:53.317" intervalms="18.862">
  <response-info timems="0.039" idlems="0.039" threads="0" lastid="000000000181B500" lastname="Thread-10" />
</exclusive-start>
<allocation-taxation id="528" taxation-threshold="19922944" timestamp="2019-06-15T00:23:53.317" intervalms="18.853" />
<cycle-start id="529" type="partial gc" contextid="0" timestamp="2019-06-15T00:23:53.317" intervalms="18.856" />
<gc-start id="530" type="partial gc" contextid="529" timestamp="2019-06-15T00:23:53.317">
  <mem-info id="531" free="0" total="61865984" percent="0">
    <mem type="eden" free="0" total="19922944" percent="0" />
    <arraylet-primitive objects="2" leaves="2" largest="1" />
    <remembered-set count="23040" freebytes="2377344" totalbytes="2469504" percent="96" regionsoverflowed="0" regionsstable="0" regionsrebuilding="0"/>
  </mem-info>
</gc-start>
<allocation-stats totalBytes="19920496" >
  <allocated-bytes non-tlh="0" tlh="19920496" arrayletleaf="0"/>
  <largest-consumer threadName="Thread-10" threadId="000000000181B500" bytes="5119296" />
</allocation-stats>
<gc-op id="532" type="mark" timems="2.126" contextid="529" timestamp="2019-06-15T00:23:53.320">
  <trace-info objectcount="32603" scancount="32603" scanbytes="1333184" />
  <cardclean-info objects="5908" bytes="297144" />
  <remembered-set-cleared processed="18771" cleared="824" durationms="0.231" />
  <stringconstants candidates="4597" cleared="0"  />
  <warning details="Mark invoked due to insufficient free space for Copy-Forward" />
</gc-op>
<gc-op id="533" type="classunload" timems="0.002" contextid="529" timestamp="2019-06-15T00:23:53.320">
  <classunload-info classloadercandidates="8" classloadersunloaded="0" classesunloaded="0" anonymousclassesunloaded="0" quiescems="0.000" setupms="0.001" scanms="0.000" postms="0.000" />
</gc-op>
<gc-op id="534" type="sweep" timems="0.541" contextid="529" timestamp="2019-06-15T00:23:53.321" />
<gc-op id="535" type="compact" timems="3.128" contextid="529" timestamp="2019-06-15T00:23:53.324">
  <compact-info movecount="32569" movebytes="1332384" />
  <remembered-set-cleared processed="37514" cleared="1615" durationms="0.231" />
</gc-op>
<heap-resize id="536" type="expand" space="default" amount="2097152" count="1" timems="0.068" reason="insufficient free space following gc" timestamp="2019-06-15T00:23:53.324" />
<gc-end id="537" type="partial gc" contextid="529" durationms="7.315" usertimems="8.000" systemtimems="0.000" timestamp="2019-06-15T00:23:53.324" activeThreads="4">
  <mem-info id="538" free="20971520" total="63963136" percent="32">
    <mem type="eden" free="431608" total="1048576" percent="41" />
    <arraylet-primitive objects="2" leaves="2" largest="1" />
    <remembered-set count="22944" freebytes="2461440" totalbytes="2553216" percent="96" regionsoverflowed="0" regionsstable="0" regionsrebuilding="0"/>
  </mem-info>
</gc-end>
<cycle-end id="539" type="partial gc" contextid="529" timestamp="2019-06-15T00:23:53.325" />
  <attribute name="elasticGC enabled" value="1" />
  <attribute name= "numThreadsSpecified" value="4" />
  <attribute name="heapSize specified" value="0" />
  <attribute name="Current GC Util" value="26" />
  <attribute name= "Current Time Running" value="1358" />
  <attribute name ="GC Interval" value="0" />
  <attribute name="ProportionalT" value="3.000000" />
  <attribute name="ProportionalI" value="3.000000" />
  <attribute name="ProportionalH" value="3.000000" />
  <attribute name="Current Error" value="6.000000" />
  <attribute name="IntegralT" value="6.000000" />
  <attribute name="IntegralI" value="6.000000" />
  <attribute name="IntegralH" value="6.000000" />
  <attribute name="DerivativeT" value="3.000000" />
  <attribute name="DerivativeI" value="3.000000" />
  <attribute name="DerivativeH" value="3.000000" />
  <attribute name="Loop Time for DT" value="1.000000" />
  <attribute name="Output H" value="8388608"/>
  <attribute name="Output I" value="200"/>
  <attribute name="Output T" value="4"/>
  <attribute name="Target GC Util Change" value ="20.000000" />
  <attribute name="Current GC Util Change" value="26.000000"/>
  <attribute name="GC Util currently" value="26" />
  <attribute name="CPU Util currently" value="5852972771371" />
<exclusive-end id="540" timestamp="2019-06-15T00:23:53.325" durationms="8.150" />

<exclusive-start id="541" timestamp="2019-06-15T00:23:53.337" intervalms="20.411">
  <response-info timems="0.024" idlems="0.024" threads="0" lastid="0000000001817900" lastname="Thread-8" />
</exclusive-start>
<allocation-taxation id="542" taxation-threshold="20971520" timestamp="2019-06-15T00:23:53.337" intervalms="20.431" />
<cycle-start id="543" type="partial gc" contextid="0" timestamp="2019-06-15T00:23:53.337" intervalms="20.419" />
<gc-start id="544" type="partial gc" contextid="543" timestamp="2019-06-15T00:23:53.338">
  <mem-info id="545" free="0" total="63963136" percent="0">
    <mem type="eden" free="0" total="20971520" percent="0" />
    <arraylet-primitive objects="2" leaves="2" largest="1" />
    <remembered-set count="22752" freebytes="2462208" totalbytes="2553216" percent="96" regionsoverflowed="0" regionsstable="0" regionsrebuilding="0"/>
  </mem-info>
</gc-start>
<allocation-stats totalBytes="20968808" >
  <allocated-bytes non-tlh="0" tlh="20968808" arrayletleaf="0"/>
  <largest-consumer threadName="Thread-10" threadId="000000000181B500" bytes="5569904" />
</allocation-stats>
<gc-op id="546" type="mark" timems="1.873" contextid="543" timestamp="2019-06-15T00:23:53.340">
  <trace-info objectcount="21608" scancount="21608" scanbytes="794360" />
  <cardclean-info objects="4679" bytes="225984" />
  <remembered-set-cleared processed="19616" cleared="305" durationms="0.175" />
  <stringconstants candidates="4597" cleared="0"  />
  <warning details="Mark invoked due to insufficient free space for Copy-Forward" />
</gc-op>
<gc-op id="547" type="classunload" timems="0.002" contextid="543" timestamp="2019-06-15T00:23:53.340">
  <classunload-info classloadercandidates="8" classloadersunloaded="0" classesunloaded="0" anonymousclassesunloaded="0" quiescems="0.000" setupms="0.002" scanms="0.000" postms="0.000" />
</gc-op>
<gc-op id="548" type="sweep" timems="0.461" contextid="543" timestamp="2019-06-15T00:23:53.341" />
<gc-op id="549" type="compact" timems="2.381" contextid="543" timestamp="2019-06-15T00:23:53.343">
  <compact-info movecount="8123" movebytes="195976" />
  <remembered-set-cleared processed="39454" cleared="827" durationms="0.175" />
</gc-op>
<heap-resize id="550" type="expand" space="default" amount="1048576" count="1" timems="0.062" reason="insufficient free space following gc" timestamp="2019-06-15T00:23:53.344" />
<gc-end id="551" type="partial gc" contextid="543" durationms="6.272" usertimems="8.000" systemtimems="0.000" timestamp="2019-06-15T00:23:53.344" activeThreads="4">
  <mem-info id="552" free="20971520" total="65011712" percent="32">
    <mem type="eden" free="864408" total="1048576" percent="82" />
    <arraylet-primitive objects="2" leaves="2" largest="1" />
    <remembered-set count="23392" freebytes="2501504" totalbytes="2595072" percent="96" regionsoverflowed="0" regionsstable="0" regionsrebuilding="0"/>
  </mem-info>
</gc-end>
<cycle-end id="553" type="partial gc" contextid="543" timestamp="2019-06-15T00:23:53.344" />
  <attribute name="elasticGC enabled" value="1" />
  <attribute name= "numThreadsSpecified" value="4" />
  <attribute name="heapSize specified" value="0" />
  <attribute name="Current GC Util" value="25" />
  <attribute name= "Current Time Running" value="1378" />
  <attribute name ="GC Interval" value="0" />
  <attribute name="ProportionalT" value="2.500000" />
  <attribute name="ProportionalI" value="2.500000" />
  <attribute name="ProportionalH" value="2.500000" />
  <attribute name="Current Error" value="5.000000" />
  <attribute name="IntegralT" value="5.000000" />
  <attribute name="IntegralI" value="5.000000" />
  <attribute name="IntegralH" value="5.000000" />
  <attribute name="DerivativeT" value="-22.500000" />
  <attribute name="DerivativeI" value="-22.500000" />
  <attribute name="DerivativeH" value="-22.500000" />
  <attribute name="Loop Time for DT" value="1.000000" />
  <attribute name="Output H" value="2091843584"/>
  <attribute name="Output I" value="200"/>
  <attribute name="Output T" value="4"/>
  <attribute name="Target GC Util Change" value ="20.000000" />
  <attribute name="Current GC Util Change" value="25.000000"/>
  <attribute name="GC Util currently" value="25" />
  <attribute name="CPU Util currently" value="6540099854932" />
<exclusive-end id="554" timestamp="2019-06-15T00:23:53.344" durationms="7.105" />

<exclusive-start id="555" timestamp="2019-06-15T00:23:53.356" intervalms="18.765">
  <response-info timems="0.209" idlems="0.209" threads="0" lastid="000000000181B500" lastname="Thread-10" />
</exclusive-start>
<allocation-taxation id="556" taxation-threshold="20971520" timestamp="2019-06-15T00:23:53.356" intervalms="18.770" />
<cycle-start id="557" type="partial gc" contextid="0" timestamp="2019-06-15T00:23:53.356" intervalms="18.810" />
<gc-start id="558" type="partial gc" contextid="557" timestamp="2019-06-15T00:23:53.356">
  <mem-info id="559" free="0" total="65011712" percent="0">
    <mem type="eden" free="0" total="20971520" percent="0" />
    <arraylet-primitive objects="2" leaves="2" largest="1" />
    <remembered-set count="23392" freebytes="2501504" totalbytes="2595072" percent="96" regionsoverflowed="0" regionsstable="0" regionsrebuilding="0"/>
  </mem-info>
</gc-start>
<allocation-stats totalBytes="20968952" >
  <allocated-bytes non-tlh="0" tlh="20968952" arrayletleaf="0"/>
  <largest-consumer threadName="Thread-7" threadId="000000000181F100" bytes="5553640" />
</allocation-stats>
<gc-op id="560" type="mark" timems="1.972" contextid="557" timestamp="2019-06-15T00:23:53.359">
  <trace-info objectcount="24730" scancount="24730" scanbytes="869680" />
  <cardclean-info objects="12537" bytes="609864" />
  <remembered-set-cleared processed="20140" cleared="486" durationms="0.239" />
  <stringconstants candidates="4597" cleared="0"  />
  <warning details="Mark invoked due to insufficient free space for Copy-Forward" />
</gc-op>
<gc-op id="561" type="classunload" timems="0.002" contextid="557" timestamp="2019-06-15T00:23:53.359">
  <classunload-info classloadercandidates="8" classloadersunloaded="0" classesunloaded="0" anonymousclassesunloaded="0" quiescems="0.000" setupms="0.001" scanms="0.000" postms="0.000" />
</gc-op>
<gc-op id="562" type="sweep" timems="0.550" contextid="557" timestamp="2019-06-15T00:23:53.360" />
<gc-op id="563" type="compact" timems="2.972" contextid="557" timestamp="2019-06-15T00:23:53.363">
  <compact-info movecount="24626" movebytes="867192" />
  <remembered-set-cleared processed="40507" cleared="1193" durationms="0.239" />
</gc-op>
<heap-resize id="564" type="expand" space="default" amount="1048576" count="1" timems="0.062" reason="insufficient free space following gc" timestamp="2019-06-15T00:23:53.363" />
<gc-end id="565" type="partial gc" contextid="557" durationms="7.103" usertimems="8.000" systemtimems="0.000" timestamp="2019-06-15T00:23:53.363" activeThreads="4">
  <mem-info id="566" free="20971520" total="66060288" percent="31">
    <mem type="eden" free="357616" total="1048576" percent="34" />
    <arraylet-primitive objects="2" leaves="2" largest="1" />
    <remembered-set count="24800" freebytes="2537728" totalbytes="2636928" percent="96" regionsoverflowed="0" regionsstable="0" regionsrebuilding="0"/>
  </mem-info>
</gc-end>
<cycle-end id="567" type="partial gc" contextid="557" timestamp="2019-06-15T00:23:53.364" />
  <attribute name="elasticGC enabled" value="1" />
  <attribute name= "numThreadsSpecified" value="4" />
  <attribute name="heapSize specified" value="0" />
  <attribute name="Current GC Util" value="25" />
  <attribute name= "Current Time Running" value="1397" />
  <attribute name ="GC Interval" value="0" />
  <attribute name="ProportionalT" value="2.500000" />
  <attribute name="ProportionalI" value="2.500000" />
  <attribute name="ProportionalH" value="2.500000" />
  <attribute name="Current Error" value="5.000000" />
  <attribute name="IntegralT" value="5.000000" />
  <attribute name="IntegralI" value="5.000000" />
  <attribute name="IntegralH" value="5.000000" />
  <attribute name="DerivativeT" value="2.500000" />
  <attribute name="DerivativeI" value="2.500000" />
  <attribute name="DerivativeH" value="2.500000" />
  <attribute name="Loop Time for DT" value="1.000000" />
  <attribute name="Output H" value="8388608"/>
  <attribute name="Output I" value="200"/>
  <attribute name="Output T" value="4"/>
  <attribute name="Target GC Util Change" value ="20.000000" />
  <attribute name="Current GC Util Change" value="25.000000"/>
  <attribute name="GC Util currently" value="25" />
  <attribute name="CPU Util currently" value="5773838438633" />
<exclusive-end id="568" timestamp="2019-06-15T00:23:53.364" durationms="8.053" />

<exclusive-start id="569" timestamp="2019-06-15T00:23:53.376" intervalms="19.706">
  <response-info timems="0.029" idlems="0.028" threads="1" lastid="0000000001813D00" lastname="Thread-9" />
</exclusive-start>
<allocation-taxation id="570" taxation-threshold="20971520" timestamp="2019-06-15T00:23:53.376" intervalms="19.678" />
<cycle-start id="571" type="partial gc" contextid="0" timestamp="2019-06-15T00:23:53.376" intervalms="19.600" />
<gc-start id="572" type="partial gc" contextid="571" timestamp="2019-06-15T00:23:53.376">
  <mem-info id="573" free="0" total="66060288" percent="0">
    <mem type="eden" free="0" total="20971520" percent="0" />
    <arraylet-primitive objects="2" leaves="2" largest="1" />
    <remembered-set count="24512" freebytes="2538880" totalbytes="2636928" percent="96" regionsoverflowed="0" regionsstable="0" regionsrebuilding="0"/>
  </mem-info>
</gc-start>
<allocation-stats totalBytes="20969032" >
  <allocated-bytes non-tlh="0" tlh="20969032" arrayletleaf="0"/>
  <largest-consumer threadName="Thread-7" threadId="000000000181F100" bytes="5733680" />
</allocation-stats>
<gc-op id="574" type="mark" timems="1.666" contextid="571" timestamp="2019-06-15T00:23:53.378">
  <trace-info objectcount="17768" scancount="17768" scanbytes="702216" />
  <cardclean-info objects="6800" bytes="335064" />
  <remembered-set-cleared processed="21351" cleared="664" durationms="0.176" />
  <stringconstants candidates="4597" cleared="0"  />
  <warning details="Mark invoked due to insufficient free space for Copy-Forward" />
</gc-op>
<gc-op id="575" type="classunload" timems="0.002" contextid="571" timestamp="2019-06-15T00:23:53.378">
  <classunload-info classloadercandidates="8" classloadersunloaded="0" classesunloaded="0" anonymousclassesunloaded="0" quiescems="0.000" setupms="0.002" scanms="0.000" postms="0.000" />
</gc-op>
<gc-op id="576" type="sweep" timems="0.469" contextid="571" timestamp="2019-06-15T00:23:53.379" />
<gc-op id="577" type="compact" timems="2.344" contextid="571" timestamp="2019-06-15T00:23:53.381">
  <compact-info movecount="17691" movebytes="700376" />
  <remembered-set-cleared processed="42755" cleared="1375" durationms="0.176" />
</gc-op>
<heap-resize id="578" type="expand" space="default" amount="2097152" count="1" timems="0.067" reason="insufficient free space following gc" timestamp="2019-06-15T00:23:53.382" />
<gc-end id="579" type="partial gc" contextid="571" durationms="5.823" usertimems="8.000" systemtimems="0.000" timestamp="2019-06-15T00:23:53.382" activeThreads="4">
  <mem-info id="580" free="22020096" total="68157440" percent="32">
    <mem type="eden" free="728216" total="1048576" percent="69" />
    <arraylet-primitive objects="2" leaves="2" largest="1" />
    <remembered-set count="24896" freebytes="2621056" totalbytes="2720640" percent="96" regionsoverflowed="0" regionsstable="0" regionsrebuilding="0"/>
  </mem-info>
</gc-end>
<cycle-end id="581" type="partial gc" contextid="571" timestamp="2019-06-15T00:23:53.382" />
  <attribute name="elasticGC enabled" value="1" />
  <attribute name= "numThreadsSpecified" value="4" />
  <attribute name="heapSize specified" value="0" />
  <attribute name="Current GC Util" value="26" />
  <attribute name= "Current Time Running" value="1416" />
  <attribute name ="GC Interval" value="0" />
  <attribute name="ProportionalT" value="3.000000" />
  <attribute name="ProportionalI" value="3.000000" />
  <attribute name="ProportionalH" value="3.000000" />
  <attribute name="Current Error" value="6.000000" />
  <attribute name="IntegralT" value="6.000000" />
  <attribute name="IntegralI" value="6.000000" />
  <attribute name="IntegralH" value="6.000000" />
  <attribute name="DerivativeT" value="-23.000000" />
  <attribute name="DerivativeI" value="-23.000000" />
  <attribute name="DerivativeH" value="-23.000000" />
  <attribute name="Loop Time for DT" value="1.000000" />
  <attribute name="Output H" value="2091843584"/>
  <attribute name="Output I" value="200"/>
  <attribute name="Output T" value="4"/>
  <attribute name="Target GC Util Change" value ="20.000000" />
  <attribute name="Current GC Util Change" value="26.000000"/>
  <attribute name="GC Util currently" value="26" />
  <attribute name="CPU Util currently" value="6719831572110" />
<exclusive-end id="582" timestamp="2019-06-15T00:23:53.382" durationms="6.527" />

<exclusive-start id="583" timestamp="2019-06-15T00:23:53.394" intervalms="18.433">
  <response-info timems="0.024" idlems="0.024" threads="0" lastid="0000000001817900" lastname="Thread-8" />
</exclusive-start>
<allocation-taxation id="584" taxation-threshold="22020096" timestamp="2019-06-15T00:23:53.394" intervalms="18.443" />
<cycle-start id="585" type="partial gc" contextid="0" timestamp="2019-06-15T00:23:53.394" intervalms="18.465" />
<gc-start id="586" type="partial gc" contextid="585" timestamp="2019-06-15T00:23:53.394">
  <mem-info id="587" free="0" total="68157440" percent="0">
    <mem type="eden" free="0" total="22020096" percent="0" />
    <arraylet-primitive objects="2" leaves="2" largest="1" />
    <remembered-set count="24864" freebytes="2621184" totalbytes="2720640" percent="96" regionsoverflowed="0" regionsstable="0" regionsrebuilding="0"/>
  </mem-info>
</gc-start>
<allocation-stats totalBytes="22017176" >
  <allocated-bytes non-tlh="0" tlh="22017176" arrayletleaf="0"/>
  <largest-consumer threadName="Thread-8" threadId="0000000001817900" bytes="5778744" />
</allocation-stats>
<gc-op id="588" type="mark" timems="1.635" contextid="585" timestamp="2019-06-15T00:23:53.396">
  <trace-info objectcount="18510" scancount="18510" scanbytes="719992" />
  <cardclean-info objects="6453" bytes="314448" />
  <remembered-set-cleared processed="21952" cleared="460" durationms="0.245" />
  <stringconstants candidates="4597" cleared="0"  />
  <warning details="Mark invoked due to insufficient free space for Copy-Forward" />
</gc-op>
<gc-op id="589" type="classunload" timems="0.002" contextid="585" timestamp="2019-06-15T00:23:53.397">
  <classunload-info classloadercandidates="8" classloadersunloaded="0" classesunloaded="0" anonymousclassesunloaded="0" quiescems="0.000" setupms="0.002" scanms="0.000" postms="0.000" />
</gc-op>
<gc-op id="590" type="sweep" timems="0.541" contextid="585" timestamp="2019-06-15T00:23:53.397" />
<gc-op id="591" type="compact" timems="2.398" contextid="585" timestamp="2019-06-15T00:23:53.400">
  <compact-info movecount="11356" movebytes="411528" />
  <remembered-set-cleared processed="44128" cleared="1137" durationms="0.245" />
</gc-op>
<heap-resize id="592" type="expand" space="default" amount="1048576" count="1" timems="0.060" reason="insufficient free space following gc" timestamp="2019-06-15T00:23:53.400" />
<gc-end id="593" type="partial gc" contextid="585" durationms="6.007" usertimems="8.000" systemtimems="0.000" timestamp="2019-06-15T00:23:53.400" activeThreads="4">
  <mem-info id="594" free="22020096" total="69206016" percent="31">
    <mem type="eden" free="643408" total="1048576" percent="61" />
    <arraylet-primitive objects="2" leaves="2" largest="1" />
    <remembered-set count="26240" freebytes="2657536" totalbytes="2762496" percent="96" regionsoverflowed="0" regionsstable="0" regionsrebuilding="0"/>
  </mem-info>
</gc-end>
<cycle-end id="595" type="partial gc" contextid="585" timestamp="2019-06-15T00:23:53.401" />
  <attribute name="elasticGC enabled" value="1" />
  <attribute name= "numThreadsSpecified" value="4" />
  <attribute name="heapSize specified" value="0" />
  <attribute name="Current GC Util" value="24" />
  <attribute name= "Current Time Running" value="1435" />
  <attribute name ="GC Interval" value="0" />
  <attribute name="ProportionalT" value="2.000000" />
  <attribute name="ProportionalI" value="2.000000" />
  <attribute name="ProportionalH" value="2.000000" />
  <attribute name="Current Error" value="4.000000" />
  <attribute name="IntegralT" value="4.000000" />
  <attribute name="IntegralI" value="4.000000" />
  <attribute name="IntegralH" value="4.000000" />
  <attribute name="DerivativeT" value="2.000000" />
  <attribute name="DerivativeI" value="2.000000" />
  <attribute name="DerivativeH" value="2.000000" />
  <attribute name="Loop Time for DT" value="1.000000" />
  <attribute name="Output H" value="8388608"/>
  <attribute name="Output I" value="200"/>
  <attribute name="Output T" value="4"/>
  <attribute name="Target GC Util Change" value ="20.000000" />
  <attribute name="Current GC Util Change" value="24.000000"/>
  <attribute name="GC Util currently" value="24" />
  <attribute name="CPU Util currently" value="5855202128875" />
<exclusive-end id="596" timestamp="2019-06-15T00:23:53.401" durationms="6.784" />

<exclusive-start id="597" timestamp="2019-06-15T00:23:53.412" intervalms="18.471">
  <response-info timems="0.022" idlems="0.022" threads="0" lastid="000000000181F100" lastname="Thread-7" />
</exclusive-start>
<allocation-taxation id="598" taxation-threshold="22020096" timestamp="2019-06-15T00:23:53.413" intervalms="18.461" />
<cycle-start id="599" type="partial gc" contextid="0" timestamp="2019-06-15T00:23:53.413" intervalms="18.439" />
<gc-start id="600" type="partial gc" contextid="599" timestamp="2019-06-15T00:23:53.413">
  <mem-info id="601" free="0" total="69206016" percent="0">
    <mem type="eden" free="0" total="22020096" percent="0" />
    <arraylet-primitive objects="2" leaves="2" largest="1" />
    <remembered-set count="26048" freebytes="2658304" totalbytes="2762496" percent="96" regionsoverflowed="0" regionsstable="0" regionsrebuilding="0"/>
  </mem-info>
</gc-start>
<allocation-stats totalBytes="22017080" >
  <allocated-bytes non-tlh="0" tlh="22017080" arrayletleaf="0"/>
  <largest-consumer threadName="Thread-9" threadId="0000000001813D00" bytes="5594336" />
</allocation-stats>
<gc-op id="602" type="mark" timems="1.604" contextid="599" timestamp="2019-06-15T00:23:53.415">
  <trace-info objectcount="18432" scancount="18431" scanbytes="718184" />
  <cardclean-info objects="6946" bytes="342696" />
  <remembered-set-cleared processed="22632" cleared="596" durationms="0.250" />
  <stringconstants candidates="4597" cleared="0"  />
  <warning details="Mark invoked due to insufficient free space for Copy-Forward" />
</gc-op>
<gc-op id="603" type="classunload" timems="0.002" contextid="599" timestamp="2019-06-15T00:23:53.415">
  <classunload-info classloadercandidates="8" classloadersunloaded="0" classesunloaded="0" anonymousclassesunloaded="0" quiescems="0.000" setupms="0.002" scanms="0.000" postms="0.000" />
</gc-op>
<gc-op id="604" type="sweep" timems="0.487" contextid="599" timestamp="2019-06-15T00:23:53.416" />
<gc-op id="605" type="compact" timems="2.225" contextid="599" timestamp="2019-06-15T00:23:53.418">
  <compact-info movecount="18432" movebytes="718216" />
  <remembered-set-cleared processed="45341" cleared="1263" durationms="0.250" />
</gc-op>
<heap-resize id="606" type="expand" space="default" amount="2097152" count="1" timems="0.067" reason="insufficient free space following gc" timestamp="2019-06-15T00:23:53.418" />
<gc-end id="607" type="partial gc" contextid="599" durationms="5.719" usertimems="8.000" systemtimems="0.000" timestamp="2019-06-15T00:23:53.418" activeThreads="4">
  <mem-info id="608" free="23068672" total="71303168" percent="32">
    <mem type="eden" free="423816" total="1048576" percent="40" />
    <arraylet-primitive objects="2" leaves="2" largest="1" />
    <remembered-set count="26304" freebytes="2740992" totalbytes="2846208" percent="96" regionsoverflowed="0" regionsstable="0" regionsrebuilding="0"/>
  </mem-info>
</gc-end>
<cycle-end id="609" type="partial gc" contextid="599" timestamp="2019-06-15T00:23:53.419" />
  <attribute name="elasticGC enabled" value="1" />
  <attribute name= "numThreadsSpecified" value="4" />
  <attribute name="heapSize specified" value="0" />
  <attribute name="Current GC Util" value="23" />
  <attribute name= "Current Time Running" value="1453" />
  <attribute name ="GC Interval" value="0" />
  <attribute name="ProportionalT" value="1.500000" />
  <attribute name="ProportionalI" value="1.500000" />
  <attribute name="ProportionalH" value="1.500000" />
  <attribute name="Current Error" value="3.000000" />
  <attribute name="IntegralT" value="3.000000" />
  <attribute name="IntegralI" value="3.000000" />
  <attribute name="IntegralH" value="3.000000" />
  <attribute name="DerivativeT" value="1.500000" />
  <attribute name="DerivativeI" value="1.500000" />
  <attribute name="DerivativeH" value="1.500000" />
  <attribute name="Loop Time for DT" value="1.000000" />
  <attribute name="Output H" value="8388608"/>
  <attribute name="Output I" value="200"/>
  <attribute name="Output T" value="4"/>
  <attribute name="Target GC Util Change" value ="20.000000" />
  <attribute name="Current GC Util Change" value="23.000000"/>
  <attribute name="GC Util currently" value="23" />
  <attribute name="CPU Util currently" value="6549276308205" />
<exclusive-end id="610" timestamp="2019-06-15T00:23:53.419" durationms="6.386" />

<exclusive-start id="611" timestamp="2019-06-15T00:23:53.431" intervalms="18.686">
  <response-info timems="0.022" idlems="0.022" threads="0" lastid="0000000001813D00" lastname="Thread-9" />
</exclusive-start>
<allocation-taxation id="612" taxation-threshold="23068672" timestamp="2019-06-15T00:23:53.431" intervalms="18.642" />
<cycle-start id="613" type="partial gc" contextid="0" timestamp="2019-06-15T00:23:53.431" intervalms="18.598" />
<gc-start id="614" type="partial gc" contextid="613" timestamp="2019-06-15T00:23:53.431">
  <mem-info id="615" free="0" total="71303168" percent="0">
    <mem type="eden" free="0" total="23068672" percent="0" />
    <arraylet-primitive objects="2" leaves="2" largest="1" />
    <remembered-set count="26304" freebytes="2740992" totalbytes="2846208" percent="96" regionsoverflowed="0" regionsstable="0" regionsrebuilding="0"/>
  </mem-info>
</gc-start>
<allocation-stats totalBytes="23066056" >
  <allocated-bytes non-tlh="0" tlh="23066056" arrayletleaf="0"/>
  <largest-consumer threadName="Thread-9" threadId="0000000001813D00" bytes="6221080" />
</allocation-stats>
<gc-op id="616" type="mark" timems="1.523" contextid="613" timestamp="2019-06-15T00:23:53.433">
  <trace-info objectcount="16713" scancount="16713" scanbytes="677392" />
  <cardclean-info objects="5797" bytes="283704" />
  <remembered-set-cleared processed="23224" cleared="529" durationms="0.255" />
  <stringconstants candidates="4597" cleared="0"  />
  <warning details="Mark invoked due to insufficient free space for Copy-Forward" />
</gc-op>
<gc-op id="617" type="classunload" timems="0.002" contextid="613" timestamp="2019-06-15T00:23:53.434">
  <classunload-info classloadercandidates="8" classloadersunloaded="0" classesunloaded="0" anonymousclassesunloaded="0" quiescems="0.000" setupms="0.001" scanms="0.000" postms="0.000" />
</gc-op>
<gc-op id="618" type="sweep" timems="0.473" contextid="613" timestamp="2019-06-15T00:23:53.434" />
<gc-op id="619" type="compact" timems="2.735" contextid="613" timestamp="2019-06-15T00:23:53.437">
  <compact-info movecount="16708" movebytes="677280" />
  <remembered-set-cleared processed="46555" cleared="1160" durationms="0.255" />
</gc-op>
<heap-resize id="620" type="expand" space="default" amount="1048576" count="1" timems="0.054" reason="insufficient free space following gc" timestamp="2019-06-15T00:23:53.437" />
<gc-end id="621" type="partial gc" contextid="613" durationms="5.984" usertimems="8.000" systemtimems="0.000" timestamp="2019-06-15T00:23:53.437" activeThreads="1">
  <mem-info id="622" free="23068672" total="72351744" percent="31">
    <mem type="eden" free="694888" total="1048576" percent="66" />
    <arraylet-primitive objects="2" leaves="2" largest="1" />
    <remembered-set count="27456" freebytes="2778240" totalbytes="2888064" percent="96" regionsoverflowed="0" regionsstable="0" regionsrebuilding="0"/>
  </mem-info>
</gc-end>
<cycle-end id="623" type="partial gc" contextid="613" timestamp="2019-06-15T00:23:53.438" />
  <attribute name="elasticGC enabled" value="1" />
  <attribute name= "numThreadsSpecified" value="1" />
  <attribute name="heapSize specified" value="0" />
  <attribute name="Current GC Util" value="24" />
  <attribute name= "Current Time Running" value="1471" />
  <attribute name ="GC Interval" value="0" />
  <attribute name="ProportionalT" value="2.000000" />
  <attribute name="ProportionalI" value="2.000000" />
  <attribute name="ProportionalH" value="2.000000" />
  <attribute name="Current Error" value="4.000000" />
  <attribute name="IntegralT" value="0.000000" />
  <attribute name="IntegralI" value="0.000000" />
  <attribute name="IntegralH" value="0.000000" />
  <attribute name="DerivativeT" value="inf" />
  <attribute name="DerivativeI" value="inf" />
  <attribute name="DerivativeH" value="inf" />
  <attribute name="Loop Time for DT" value="0.000000" />
  <attribute name="Output H" value="8388608"/>
  <attribute name="Output I" value="200"/>
  <attribute name="Output T" value="1"/>
  <attribute name="Target GC Util Change" value ="20.000000" />
  <attribute name="Current GC Util Change" value="24.000000"/>
  <attribute name="GC Util currently" value="24" />
  <attribute name="CPU Util currently" value="7149512833884" />
<exclusive-end id="624" timestamp="2019-06-15T00:23:53.438" durationms="6.646" />

<exclusive-start id="625" timestamp="2019-06-15T00:23:53.454" intervalms="23.107">
  <response-info timems="0.025" idlems="0.025" threads="0" lastid="0000000001817900" lastname="Thread-8" />
</exclusive-start>
<allocation-taxation id="626" taxation-threshold="23068672" timestamp="2019-06-15T00:23:53.454" intervalms="23.175" />
<cycle-start id="627" type="partial gc" contextid="0" timestamp="2019-06-15T00:23:53.454" intervalms="23.194" />
<gc-start id="628" type="partial gc" contextid="627" timestamp="2019-06-15T00:23:53.455">
  <mem-info id="629" free="0" total="72351744" percent="0">
    <mem type="eden" free="0" total="23068672" percent="0" />
    <arraylet-primitive objects="2" leaves="2" largest="1" />
    <remembered-set count="27040" freebytes="2779904" totalbytes="2888064" percent="96" regionsoverflowed="0" regionsstable="0" regionsrebuilding="0"/>
  </mem-info>
</gc-start>
<allocation-stats totalBytes="23065672" >
  <allocated-bytes non-tlh="0" tlh="23065672" arrayletleaf="0"/>
  <largest-consumer threadName="Thread-7" threadId="000000000181F100" bytes="6388872" />
</allocation-stats>
<gc-op id="630" type="mark" timems="1.895" contextid="627" timestamp="2019-06-15T00:23:53.457">
  <trace-info objectcount="19032" scancount="19032" scanbytes="733024" />
  <cardclean-info objects="8196" bytes="397776" />
  <remembered-set-cleared processed="23723" cleared="416" durationms="0.306" />
  <stringconstants candidates="4597" cleared="0"  />
  <warning details="Mark invoked due to insufficient free space for Copy-Forward" />
</gc-op>
<gc-op id="631" type="classunload" timems="0.002" contextid="627" timestamp="2019-06-15T00:23:53.457">
  <classunload-info classloadercandidates="8" classloadersunloaded="0" classesunloaded="0" anonymousclassesunloaded="0" quiescems="0.000" setupms="0.002" scanms="0.000" postms="0.000" />
</gc-op>
<gc-op id="632" type="sweep" timems="0.547" contextid="627" timestamp="2019-06-15T00:23:53.458" />
<gc-op id="633" type="compact" timems="3.006" contextid="627" timestamp="2019-06-15T00:23:53.461">
  <compact-info movecount="15397" movebytes="645792" />
  <remembered-set-cleared processed="47679" cleared="1059" durationms="0.306" />
</gc-op>
<heap-resize id="634" type="expand" space="default" amount="2097152" count="1" timems="0.066" reason="insufficient free space following gc" timestamp="2019-06-15T00:23:53.462" />
<gc-end id="635" type="partial gc" contextid="627" durationms="7.035" usertimems="8.000" systemtimems="0.000" timestamp="2019-06-15T00:23:53.462" activeThreads="1">
  <mem-info id="636" free="24117248" total="74448896" percent="32">
    <mem type="eden" free="660256" total="1048576" percent="62" />
    <arraylet-primitive objects="2" leaves="2" largest="1" />
    <remembered-set count="28096" freebytes="2859392" totalbytes="2971776" percent="96" regionsoverflowed="0" regionsstable="0" regionsrebuilding="0"/>
  </mem-info>
</gc-end>
<cycle-end id="637" type="partial gc" contextid="627" timestamp="2019-06-15T00:23:53.462" />
  <attribute name="elasticGC enabled" value="1" />
  <attribute name= "numThreadsSpecified" value="1" />
  <attribute name="heapSize specified" value="0" />
  <attribute name="Current GC Util" value="25" />
  <attribute name= "Current Time Running" value="1495" />
  <attribute name ="GC Interval" value="0" />
  <attribute name="ProportionalT" value="2.500000" />
  <attribute name="ProportionalI" value="2.500000" />
  <attribute name="ProportionalH" value="2.500000" />
  <attribute name="Current Error" value="5.000000" />
  <attribute name="IntegralT" value="0.000000" />
  <attribute name="IntegralI" value="0.000000" />
  <attribute name="IntegralH" value="0.000000" />
  <attribute name="DerivativeT" value="inf" />
  <attribute name="DerivativeI" value="inf" />
  <attribute name="DerivativeH" value="inf" />
  <attribute name="Loop Time for DT" value="0.000000" />
  <attribute name="Output H" value="8388608"/>
  <attribute name="Output I" value="200"/>
  <attribute name="Output T" value="1"/>
  <attribute name="Target GC Util Change" value ="20.000000" />
  <attribute name="Current GC Util Change" value="25.000000"/>
  <attribute name="GC Util currently" value="25" />
  <attribute name="CPU Util currently" value="5808219985138" />
<exclusive-end id="638" timestamp="2019-06-15T00:23:53.462" durationms="7.782" />

<exclusive-start id="639" timestamp="2019-06-15T00:23:53.477" intervalms="22.409">
  <response-info timems="0.020" idlems="0.020" threads="0" lastid="000000000181B500" lastname="Thread-10" />
</exclusive-start>
<allocation-taxation id="640" taxation-threshold="24117248" timestamp="2019-06-15T00:23:53.477" intervalms="22.397" />
<cycle-start id="641" type="partial gc" contextid="0" timestamp="2019-06-15T00:23:53.477" intervalms="22.466" />
<gc-start id="642" type="partial gc" contextid="641" timestamp="2019-06-15T00:23:53.477">
  <mem-info id="643" free="0" total="74448896" percent="0">
    <mem type="eden" free="0" total="24117248" percent="0" />
    <arraylet-primitive objects="2" leaves="2" largest="1" />
    <remembered-set count="27872" freebytes="2860288" totalbytes="2971776" percent="96" regionsoverflowed="0" regionsstable="0" regionsrebuilding="0"/>
  </mem-info>
</gc-start>
<allocation-stats totalBytes="24114184" >
  <allocated-bytes non-tlh="0" tlh="24114184" arrayletleaf="0"/>
  <largest-consumer threadName="Thread-10" threadId="000000000181B500" bytes="7027720" />
</allocation-stats>
<gc-op id="644" type="mark" timems="1.813" contextid="641" timestamp="2019-06-15T00:23:53.479">
  <trace-info objectcount="17016" scancount="17016" scanbytes="547036" />
  <cardclean-info objects="8626" bytes="419328" />
  <remembered-set-cleared processed="24523" cleared="625" durationms="0.283" />
  <stringconstants candidates="4597" cleared="0"  />
  <warning details="Mark invoked due to insufficient free space for Copy-Forward" />
</gc-op>
<gc-op id="645" type="classunload" timems="0.002" contextid="641" timestamp="2019-06-15T00:23:53.480">
  <classunload-info classloadercandidates="8" classloadersunloaded="0" classesunloaded="0" anonymousclassesunloaded="0" quiescems="0.000" setupms="0.002" scanms="0.000" postms="0.000" />
</gc-op>
<gc-op id="646" type="sweep" timems="0.536" contextid="641" timestamp="2019-06-15T00:23:53.480" />
<gc-op id="647" type="compact" timems="2.400" contextid="641" timestamp="2019-06-15T00:23:53.483">
  <compact-info movecount="13087" movebytes="388952" />
  <remembered-set-cleared processed="49262" cleared="1460" durationms="0.283" />
</gc-op>
<heap-resize id="648" type="expand" space="default" amount="1048576" count="1" timems="0.059" reason="insufficient free space following gc" timestamp="2019-06-15T00:23:53.483" />
<gc-end id="649" type="partial gc" contextid="641" durationms="6.304" usertimems="4.000" systemtimems="4.000" timestamp="2019-06-15T00:23:53.483" activeThreads="4">
  <mem-info id="650" free="24117248" total="75497472" percent="31">
    <mem type="eden" free="881072" total="1048576" percent="84" />
    <arraylet-primitive objects="2" leaves="2" largest="1" />
    <remembered-set count="28736" freebytes="2898688" totalbytes="3013632" percent="96" regionsoverflowed="0" regionsstable="0" regionsrebuilding="0"/>
  </mem-info>
</gc-end>
<cycle-end id="651" type="partial gc" contextid="641" timestamp="2019-06-15T00:23:53.484" />
  <attribute name="elasticGC enabled" value="1" />
  <attribute name= "numThreadsSpecified" value="4" />
  <attribute name="heapSize specified" value="0" />
  <attribute name="Current GC Util" value="25" />
  <attribute name= "Current Time Running" value="1518" />
  <attribute name ="GC Interval" value="0" />
  <attribute name="ProportionalT" value="2.500000" />
  <attribute name="ProportionalI" value="2.500000" />
  <attribute name="ProportionalH" value="2.500000" />
  <attribute name="Current Error" value="5.000000" />
  <attribute name="IntegralT" value="5.000000" />
  <attribute name="IntegralI" value="5.000000" />
  <attribute name="IntegralH" value="5.000000" />
  <attribute name="DerivativeT" value="2.500000" />
  <attribute name="DerivativeI" value="2.500000" />
  <attribute name="DerivativeH" value="2.500000" />
  <attribute name="Loop Time for DT" value="1.000000" />
  <attribute name="Output H" value="8388608"/>
  <attribute name="Output I" value="200"/>
  <attribute name="Output T" value="4"/>
  <attribute name="Target GC Util Change" value ="20.000000" />
  <attribute name="Current GC Util Change" value="25.000000"/>
  <attribute name="GC Util currently" value="25" />
  <attribute name="CPU Util currently" value="5883873631629" />
<exclusive-end id="652" timestamp="2019-06-15T00:23:53.484" durationms="7.147" />

<exclusive-start id="653" timestamp="2019-06-15T00:23:53.499" intervalms="21.994">
  <response-info timems="0.231" idlems="0.231" threads="0" lastid="0000000001817900" lastname="Thread-8" />
</exclusive-start>
<allocation-taxation id="654" taxation-threshold="24117248" timestamp="2019-06-15T00:23:53.499" intervalms="21.986" />
<cycle-start id="655" type="partial gc" contextid="0" timestamp="2019-06-15T00:23:53.499" intervalms="21.959" />
<gc-start id="656" type="partial gc" contextid="655" timestamp="2019-06-15T00:23:53.499">
  <mem-info id="657" free="0" total="75497472" percent="0">
    <mem type="eden" free="0" total="24117248" percent="0" />
    <arraylet-primitive objects="2" leaves="2" largest="1" />
    <remembered-set count="28672" freebytes="2898944" totalbytes="3013632" percent="96" regionsoverflowed="0" regionsstable="0" regionsrebuilding="0"/>
  </mem-info>
</gc-start>
<allocation-stats totalBytes="24114304" >
  <allocated-bytes non-tlh="0" tlh="24114304" arrayletleaf="0"/>
  <largest-consumer threadName="Thread-7" threadId="000000000181F100" bytes="6585544" />
</allocation-stats>
<gc-op id="658" type="mark" timems="2.141" contextid="655" timestamp="2019-06-15T00:23:53.502">
  <trace-info objectcount="26039" scancount="26039" scanbytes="901168" />
  <cardclean-info objects="11799" bytes="573408" />
  <remembered-set-cleared processed="25357" cleared="704" durationms="0.196" />
  <stringconstants candidates="4597" cleared="0"  />
  <warning details="Mark invoked due to insufficient free space for Copy-Forward" />
</gc-op>
<gc-op id="659" type="classunload" timems="0.002" contextid="655" timestamp="2019-06-15T00:23:53.502">
  <classunload-info classloadercandidates="8" classloadersunloaded="0" classesunloaded="0" anonymousclassesunloaded="0" quiescems="0.000" setupms="0.002" scanms="0.000" postms="0.000" />
</gc-op>
<gc-op id="660" type="sweep" timems="0.428" contextid="655" timestamp="2019-06-15T00:23:53.503" />
<gc-op id="661" type="compact" timems="2.698" contextid="655" timestamp="2019-06-15T00:23:53.505">
  <compact-info movecount="20141" movebytes="759624" />
  <remembered-set-cleared processed="50985" cleared="1673" durationms="0.196" />
</gc-op>
<heap-resize id="662" type="expand" space="default" amount="1048576" count="1" timems="0.063" reason="insufficient free space following gc" timestamp="2019-06-15T00:23:53.506" />
<gc-end id="663" type="partial gc" contextid="655" durationms="6.824" usertimems="8.000" systemtimems="0.000" timestamp="2019-06-15T00:23:53.506" activeThreads="4">
  <mem-info id="664" free="24117248" total="76546048" percent="31">
    <mem type="eden" free="307744" total="1048576" percent="29" />
    <arraylet-primitive objects="2" leaves="2" largest="1" />
    <remembered-set count="29984" freebytes="2935552" totalbytes="3055488" percent="96" regionsoverflowed="0" regionsstable="0" regionsrebuilding="0"/>
  </mem-info>
</gc-end>
<cycle-end id="665" type="partial gc" contextid="655" timestamp="2019-06-15T00:23:53.506" />
  <attribute name="elasticGC enabled" value="1" />
  <attribute name= "numThreadsSpecified" value="4" />
  <attribute name="heapSize specified" value="0" />
  <attribute name="Current GC Util" value="27" />
  <attribute name= "Current Time Running" value="1540" />
  <attribute name ="GC Interval" value="0" />
  <attribute name="ProportionalT" value="3.500000" />
  <attribute name="ProportionalI" value="3.500000" />
  <attribute name="ProportionalH" value="3.500000" />
  <attribute name="Current Error" value="7.000000" />
  <attribute name="IntegralT" value="7.000000" />
  <attribute name="IntegralI" value="7.000000" />
  <attribute name="IntegralH" value="7.000000" />
  <attribute name="DerivativeT" value="-24.000000" />
  <attribute name="DerivativeI" value="-24.000000" />
  <attribute name="DerivativeH" value="-24.000000" />
  <attribute name="Loop Time for DT" value="1.000000" />
  <attribute name="Output H" value="2091843584"/>
  <attribute name="Output I" value="200"/>
  <attribute name="Output T" value="4"/>
  <attribute name="Target GC Util Change" value ="20.000000" />
  <attribute name="Current GC Util Change" value="27.000000"/>
  <attribute name="GC Util currently" value="27" />
  <attribute name="CPU Util currently" value="7121382139840" />
<exclusive-end id="666" timestamp="2019-06-15T00:23:53.506" durationms="7.606" />

<exclusive-start id="667" timestamp="2019-06-15T00:23:53.530" intervalms="31.107">
  <response-info timems="0.731" idlems="0.731" threads="0" lastid="000000000181F100" lastname="Thread-7" />
</exclusive-start>
<allocation-taxation id="668" taxation-threshold="24117248" timestamp="2019-06-15T00:23:53.530" intervalms="31.126" />
<cycle-start id="669" type="partial gc" contextid="0" timestamp="2019-06-15T00:23:53.530" intervalms="31.134" />
<gc-start id="670" type="partial gc" contextid="669" timestamp="2019-06-15T00:23:53.530">
  <mem-info id="671" free="0" total="76546048" percent="0">
    <mem type="eden" free="0" total="24117248" percent="0" />
    <arraylet-primitive objects="2" leaves="2" largest="1" />
    <remembered-set count="29792" freebytes="2936320" totalbytes="3055488" percent="96" regionsoverflowed="0" regionsstable="0" regionsrebuilding="0"/>
  </mem-info>
</gc-start>
<allocation-stats totalBytes="24114216" >
  <allocated-bytes non-tlh="0" tlh="24114216" arrayletleaf="0"/>
  <largest-consumer threadName="Thread-7" threadId="000000000181F100" bytes="9038912" />
</allocation-stats>
<gc-op id="672" type="mark" timems="2.043" contextid="669" timestamp="2019-06-15T00:23:53.533">
  <trace-info objectcount="26314" scancount="26314" scanbytes="1044956" />
  <cardclean-info objects="6208" bytes="310896" />
  <remembered-set-cleared processed="26536" cleared="861" durationms="0.317" />
  <stringconstants candidates="4597" cleared="0"  />
  <warning details="Mark invoked due to insufficient free space for Copy-Forward" />
</gc-op>
<gc-op id="673" type="classunload" timems="0.003" contextid="669" timestamp="2019-06-15T00:23:53.533">
  <classunload-info classloadercandidates="8" classloadersunloaded="0" classesunloaded="0" anonymousclassesunloaded="0" quiescems="0.000" setupms="0.003" scanms="0.000" postms="0.000" />
</gc-op>
<gc-op id="674" type="sweep" timems="0.402" contextid="669" timestamp="2019-06-15T00:23:53.534" />
<gc-op id="675" type="compact" timems="2.740" contextid="669" timestamp="2019-06-15T00:23:53.537">
  <compact-info movecount="26203" movebytes="1042304" />
  <remembered-set-cleared processed="53194" cleared="1838" durationms="0.317" />
</gc-op>
<heap-resize id="676" type="expand" space="default" amount="2097152" count="1" timems="0.070" reason="insufficient free space following gc" timestamp="2019-06-15T00:23:53.537" />
<gc-end id="677" type="partial gc" contextid="669" durationms="6.615" usertimems="12.000" systemtimems="0.000" timestamp="2019-06-15T00:23:53.537" activeThreads="4">
  <mem-info id="678" free="25165824" total="78643200" percent="32">
    <mem type="eden" free="425528" total="1048576" percent="40" />
    <arraylet-primitive objects="2" leaves="2" largest="1" />
    <remembered-set count="31104" freebytes="3014784" totalbytes="3139200" percent="96" regionsoverflowed="0" regionsstable="0" regionsrebuilding="0"/>
  </mem-info>
</gc-end>
<cycle-end id="679" type="partial gc" contextid="669" timestamp="2019-06-15T00:23:53.537" />
  <attribute name="elasticGC enabled" value="1" />
  <attribute name= "numThreadsSpecified" value="4" />
  <attribute name="heapSize specified" value="0" />
  <attribute name="Current GC Util" value="31" />
  <attribute name= "Current Time Running" value="1571" />
  <attribute name ="GC Interval" value="0" />
  <attribute name="ProportionalT" value="5.500000" />
  <attribute name="ProportionalI" value="5.500000" />
  <attribute name="ProportionalH" value="5.500000" />
  <attribute name="Current Error" value="11.000000" />
  <attribute name="IntegralT" value="11.000000" />
  <attribute name="IntegralI" value="11.000000" />
  <attribute name="IntegralH" value="11.000000" />
  <attribute name="DerivativeT" value="5.500000" />
  <attribute name="DerivativeI" value="5.500000" />
  <attribute name="DerivativeH" value="5.500000" />
  <attribute name="Loop Time for DT" value="1.000000" />
  <attribute name="Output H" value="8388608"/>
  <attribute name="Output I" value="200"/>
  <attribute name="Output T" value="4"/>
  <attribute name="Target GC Util Change" value ="20.000000" />
  <attribute name="Current GC Util Change" value="31.000000"/>
  <attribute name="GC Util currently" value="31" />
  <attribute name="CPU Util currently" value="7457870367944" />
<exclusive-end id="680" timestamp="2019-06-15T00:23:53.537" durationms="7.511" />

<exclusive-start id="681" timestamp="2019-06-15T00:23:53.560" intervalms="30.486">
  <response-info timems="0.048" idlems="0.026" threads="1" lastid="000000000181B500" lastname="Thread-10" />
</exclusive-start>
<allocation-taxation id="682" taxation-threshold="25165824" timestamp="2019-06-15T00:23:53.560" intervalms="30.462" />
<cycle-start id="683" type="partial gc" contextid="0" timestamp="2019-06-15T00:23:53.560" intervalms="30.404" />
<gc-start id="684" type="partial gc" contextid="683" timestamp="2019-06-15T00:23:53.561">
  <mem-info id="685" free="0" total="78643200" percent="0">
    <mem type="eden" free="0" total="25165824" percent="0" />
    <arraylet-primitive objects="2" leaves="2" largest="1" />
    <remembered-set count="30624" freebytes="3016704" totalbytes="3139200" percent="96" regionsoverflowed="0" regionsstable="0" regionsrebuilding="0"/>
  </mem-info>
</gc-start>
<allocation-stats totalBytes="25162424" >
  <allocated-bytes non-tlh="0" tlh="25162424" arrayletleaf="0"/>
  <largest-consumer threadName="Thread-8" threadId="0000000001817900" bytes="8141816" />
</allocation-stats>
<gc-op id="686" type="mark" timems="2.286" contextid="683" timestamp="2019-06-15T00:23:53.563">
  <trace-info objectcount="33743" scancount="33743" scanbytes="1360560" />
  <cardclean-info objects="5274" bytes="263952" />
  <remembered-set-cleared processed="27164" cleared="471" durationms="0.318" />
  <stringconstants candidates="4597" cleared="0"  />
  <warning details="Mark invoked due to insufficient free space for Copy-Forward" />
</gc-op>
<gc-op id="687" type="classunload" timems="0.002" contextid="683" timestamp="2019-06-15T00:23:53.563">
  <classunload-info classloadercandidates="8" classloadersunloaded="0" classesunloaded="0" anonymousclassesunloaded="0" quiescems="0.000" setupms="0.002" scanms="0.000" postms="0.000" />
</gc-op>
<gc-op id="688" type="sweep" timems="0.396" contextid="683" timestamp="2019-06-15T00:23:53.564" />
<gc-op id="689" type="compact" timems="4.244" contextid="683" timestamp="2019-06-15T00:23:53.568">
  <compact-info movecount="33275" movebytes="1349344" />
  <remembered-set-cleared processed="54614" cleared="1222" durationms="0.318" />
</gc-op>
<heap-resize id="690" type="expand" space="default" amount="1048576" count="1" timems="0.054" reason="insufficient free space following gc" timestamp="2019-06-15T00:23:53.569" />
<gc-end id="691" type="partial gc" contextid="683" durationms="8.145" usertimems="16.000" systemtimems="0.000" timestamp="2019-06-15T00:23:53.569" activeThreads="1">
  <mem-info id="692" free="25165824" total="79691776" percent="31">
    <mem type="eden" free="303672" total="1048576" percent="28" />
    <arraylet-primitive objects="2" leaves="2" largest="1" />
    <remembered-set count="32384" freebytes="3051520" totalbytes="3181056" percent="95" regionsoverflowed="0" regionsstable="0" regionsrebuilding="0"/>
  </mem-info>
</gc-end>
<cycle-end id="693" type="partial gc" contextid="683" timestamp="2019-06-15T00:23:53.569" />
  <attribute name="elasticGC enabled" value="1" />
  <attribute name= "numThreadsSpecified" value="1" />
  <attribute name="heapSize specified" value="0" />
  <attribute name="Current GC Util" value="32" />
  <attribute name= "Current Time Running" value="1601" />
  <attribute name ="GC Interval" value="0" />
  <attribute name="ProportionalT" value="6.000000" />
  <attribute name="ProportionalI" value="6.000000" />
  <attribute name="ProportionalH" value="6.000000" />
  <attribute name="Current Error" value="12.000000" />
  <attribute name="IntegralT" value="0.000000" />
  <attribute name="IntegralI" value="0.000000" />
  <attribute name="IntegralH" value="0.000000" />
  <attribute name="DerivativeT" value="inf" />
  <attribute name="DerivativeI" value="inf" />
  <attribute name="DerivativeH" value="inf" />
  <attribute name="Loop Time for DT" value="0.000000" />
  <attribute name="Output H" value="8388608"/>
  <attribute name="Output I" value="200"/>
  <attribute name="Output T" value="1"/>
  <attribute name="Target GC Util Change" value ="20.000000" />
  <attribute name="Current GC Util Change" value="32.000000"/>
  <attribute name="GC Util currently" value="32" />
  <attribute name="CPU Util currently" value="7899860920973" />
<exclusive-end id="694" timestamp="2019-06-15T00:23:53.569" durationms="8.910" />

<exclusive-start id="695" timestamp="2019-06-15T00:23:53.598" intervalms="38.213">
  <response-info timems="0.095" idlems="0.095" threads="0" lastid="000000000181F100" lastname="Thread-7" />
</exclusive-start>
<allocation-taxation id="696" taxation-threshold="25165824" timestamp="2019-06-15T00:23:53.599" intervalms="38.204" />
<cycle-start id="697" type="partial gc" contextid="0" timestamp="2019-06-15T00:23:53.599" intervalms="38.199" />
<gc-start id="698" type="partial gc" contextid="697" timestamp="2019-06-15T00:23:53.599">
  <mem-info id="699" free="0" total="79691776" percent="0">
    <mem type="eden" free="0" total="25165824" percent="0" />
    <arraylet-primitive objects="2" leaves="2" largest="1" />
    <remembered-set count="31936" freebytes="3053312" totalbytes="3181056" percent="95" regionsoverflowed="0" regionsstable="0" regionsrebuilding="0"/>
  </mem-info>
</gc-start>
<allocation-stats totalBytes="25162872" >
  <allocated-bytes non-tlh="0" tlh="25162872" arrayletleaf="0"/>
  <largest-consumer threadName="Thread-7" threadId="000000000181F100" bytes="6643016" />
</allocation-stats>
<gc-op id="700" type="mark" timems="2.089" contextid="697" timestamp="2019-06-15T00:23:53.601">
  <trace-info objectcount="31567" scancount="31567" scanbytes="1170716" />
  <cardclean-info objects="10170" bytes="501264" />
  <remembered-set-cleared processed="27781" cleared="621" durationms="0.208" />
  <stringconstants candidates="4597" cleared="0"  />
  <warning details="Mark invoked due to insufficient free space for Copy-Forward" />
</gc-op>
<gc-op id="701" type="classunload" timems="0.003" contextid="697" timestamp="2019-06-15T00:23:53.601">
  <classunload-info classloadercandidates="8" classloadersunloaded="0" classesunloaded="0" anonymousclassesunloaded="0" quiescems="0.000" setupms="0.003" scanms="0.000" postms="0.000" />
</gc-op>
<gc-op id="702" type="sweep" timems="0.547" contextid="697" timestamp="2019-06-15T00:23:53.602" />
<gc-op id="703" type="compact" timems="3.427" contextid="697" timestamp="2019-06-15T00:23:53.606">
  <compact-info movecount="28594" movebytes="1048424" />
  <remembered-set-cleared processed="55865" cleared="1539" durationms="0.208" />
</gc-op>
<heap-resize id="704" type="expand" space="default" amount="2097152" count="1" timems="0.071" reason="insufficient free space following gc" timestamp="2019-06-15T00:23:53.606" />
<gc-end id="705" type="partial gc" contextid="697" durationms="7.569" usertimems="20.000" systemtimems="0.000" timestamp="2019-06-15T00:23:53.606" activeThreads="4">
  <mem-info id="706" free="26214400" total="81788928" percent="32">
    <mem type="eden" free="615968" total="1048576" percent="58" />
    <arraylet-primitive objects="2" leaves="2" largest="1" />
    <remembered-set count="32704" freebytes="3133952" totalbytes="3264768" percent="95" regionsoverflowed="0" regionsstable="0" regionsrebuilding="0"/>
  </mem-info>
</gc-end>
<cycle-end id="707" type="partial gc" contextid="697" timestamp="2019-06-15T00:23:53.607" />
  <attribute name="elasticGC enabled" value="1" />
  <attribute name= "numThreadsSpecified" value="4" />
  <attribute name="heapSize specified" value="0" />
  <attribute name="Current GC Util" value="24" />
  <attribute name= "Current Time Running" value="1640" />
  <attribute name ="GC Interval" value="0" />
  <attribute name="ProportionalT" value="2.000000" />
  <attribute name="ProportionalI" value="2.000000" />
  <attribute name="ProportionalH" value="2.000000" />
  <attribute name="Current Error" value="4.000000" />
  <attribute name="IntegralT" value="4.000000" />
  <attribute name="IntegralI" value="4.000000" />
  <attribute name="IntegralH" value="4.000000" />
  <attribute name="DerivativeT" value="-27.000000" />
  <attribute name="DerivativeI" value="-27.000000" />
  <attribute name="DerivativeH" value="-27.000000" />
  <attribute name="Loop Time for DT" value="1.000000" />
  <attribute name="Output H" value="2091843584"/>
  <attribute name="Output I" value="200"/>
  <attribute name="Output T" value="4"/>
  <attribute name="Target GC Util Change" value ="20.000000" />
  <attribute name="Current GC Util Change" value="24.000000"/>
  <attribute name="GC Util currently" value="24" />
  <attribute name="CPU Util currently" value="5809573611770" />
<exclusive-end id="708" timestamp="2019-06-15T00:23:53.607" durationms="8.252" />

<exclusive-start id="709" timestamp="2019-06-15T00:23:53.626" intervalms="27.752">
  <response-info timems="0.280" idlems="0.280" threads="0" lastid="000000000181F100" lastname="Thread-7" />
</exclusive-start>
<allocation-taxation id="710" taxation-threshold="26214400" timestamp="2019-06-15T00:23:53.626" intervalms="27.732" />
<cycle-start id="711" type="partial gc" contextid="0" timestamp="2019-06-15T00:23:53.626" intervalms="27.702" />
<gc-start id="712" type="partial gc" contextid="711" timestamp="2019-06-15T00:23:53.626">
  <mem-info id="713" free="0" total="81788928" percent="0">
    <mem type="eden" free="0" total="26214400" percent="0" />
    <arraylet-primitive objects="2" leaves="2" largest="1" />
    <remembered-set count="32704" freebytes="3133952" totalbytes="3264768" percent="95" regionsoverflowed="0" regionsstable="0" regionsrebuilding="0"/>
  </mem-info>
</gc-start>
<allocation-stats totalBytes="26211608" >
  <allocated-bytes non-tlh="0" tlh="26211608" arrayletleaf="0"/>
  <largest-consumer threadName="Thread-9" threadId="0000000001813D00" bytes="8027304" />
</allocation-stats>
<gc-op id="714" type="mark" timems="2.252" contextid="711" timestamp="2019-06-15T00:23:53.629">
  <trace-info objectcount="27900" scancount="27900" scanbytes="1083052" />
  <cardclean-info objects="10253" bytes="505296" />
  <remembered-set-cleared processed="28983" cleared="579" durationms="0.325" />
  <stringconstants candidates="4597" cleared="0"  />
  <warning details="Mark invoked due to insufficient free space for Copy-Forward" />
</gc-op>
<gc-op id="715" type="classunload" timems="0.002" contextid="711" timestamp="2019-06-15T00:23:53.629">
  <classunload-info classloadercandidates="8" classloadersunloaded="0" classesunloaded="0" anonymousclassesunloaded="0" quiescems="0.000" setupms="0.002" scanms="0.000" postms="0.000" />
</gc-op>
<gc-op id="716" type="sweep" timems="0.527" contextid="711" timestamp="2019-06-15T00:23:53.630" />
<gc-op id="717" type="compact" timems="3.906" contextid="711" timestamp="2019-06-15T00:23:53.634">
  <compact-info movecount="27219" movebytes="1066720" />
  <remembered-set-cleared processed="58213" cleared="1400" durationms="0.325" />
</gc-op>
<heap-resize id="718" type="expand" space="default" amount="1048576" count="1" timems="0.055" reason="insufficient free space following gc" timestamp="2019-06-15T00:23:53.634" />
<gc-end id="719" type="partial gc" contextid="711" durationms="7.963" usertimems="8.000" systemtimems="0.000" timestamp="2019-06-15T00:23:53.634" activeThreads="1">
  <mem-info id="720" free="26214400" total="82837504" percent="31">
    <mem type="eden" free="392496" total="1048576" percent="37" />
    <arraylet-primitive objects="2" leaves="2" largest="1" />
    <remembered-set count="33856" freebytes="3171200" totalbytes="3306624" percent="95" regionsoverflowed="0" regionsstable="0" regionsrebuilding="0"/>
  </mem-info>
</gc-end>
<cycle-end id="721" type="partial gc" contextid="711" timestamp="2019-06-15T00:23:53.635" />
  <attribute name="elasticGC enabled" value="1" />
  <attribute name= "numThreadsSpecified" value="1" />
  <attribute name="heapSize specified" value="0" />
  <attribute name="Current GC Util" value="29" />
  <attribute name= "Current Time Running" value="1667" />
  <attribute name ="GC Interval" value="0" />
  <attribute name="ProportionalT" value="4.500000" />
  <attribute name="ProportionalI" value="4.500000" />
  <attribute name="ProportionalH" value="4.500000" />
  <attribute name="Current Error" value="9.000000" />
  <attribute name="IntegralT" value="0.000000" />
  <attribute name="IntegralI" value="0.000000" />
  <attribute name="IntegralH" value="0.000000" />
  <attribute name="DerivativeT" value="inf" />
  <attribute name="DerivativeI" value="inf" />
  <attribute name="DerivativeH" value="inf" />
  <attribute name="Loop Time for DT" value="0.000000" />
  <attribute name="Output H" value="8388608"/>
  <attribute name="Output I" value="200"/>
  <attribute name="Output T" value="1"/>
  <attribute name="Target GC Util Change" value ="20.000000" />
  <attribute name="Current GC Util Change" value="29.000000"/>
  <attribute name="GC Util currently" value="29" />
  <attribute name="CPU Util currently" value="6536438319005" />
<exclusive-end id="722" timestamp="2019-06-15T00:23:53.635" durationms="8.522" />

<exclusive-start id="723" timestamp="2019-06-15T00:23:53.662" intervalms="36.127">
  <response-info timems="0.074" idlems="0.074" threads="0" lastid="0000000001817900" lastname="Thread-8" />
</exclusive-start>
<allocation-taxation id="724" taxation-threshold="26214400" timestamp="2019-06-15T00:23:53.662" intervalms="36.187" />
<cycle-start id="725" type="partial gc" contextid="0" timestamp="2019-06-15T00:23:53.663" intervalms="36.294" />
<gc-start id="726" type="partial gc" contextid="725" timestamp="2019-06-15T00:23:53.663">
  <mem-info id="727" free="0" total="82837504" percent="0">
    <mem type="eden" free="0" total="26214400" percent="0" />
    <arraylet-primitive objects="2" leaves="2" largest="1" />
    <remembered-set count="33568" freebytes="3172352" totalbytes="3306624" percent="95" regionsoverflowed="0" regionsstable="0" regionsrebuilding="0"/>
  </mem-info>
</gc-start>
<allocation-stats totalBytes="26211312" >
  <allocated-bytes non-tlh="0" tlh="26211312" arrayletleaf="0"/>
  <largest-consumer threadName="Thread-7" threadId="000000000181F100" bytes="9178112" />
</allocation-stats>
<gc-op id="728" type="mark" timems="2.162" contextid="725" timestamp="2019-06-15T00:23:53.666">
  <trace-info objectcount="19756" scancount="19756" scanbytes="750272" />
  <cardclean-info objects="7466" bytes="367872" />
  <remembered-set-cleared processed="29721" cleared="2114" durationms="0.365" />
  <stringconstants candidates="4597" cleared="0"  />
  <warning details="Mark invoked due to insufficient free space for Copy-Forward" />
</gc-op>
<gc-op id="729" type="classunload" timems="0.003" contextid="725" timestamp="2019-06-15T00:23:53.666">
  <classunload-info classloadercandidates="8" classloadersunloaded="0" classesunloaded="0" anonymousclassesunloaded="0" quiescems="0.000" setupms="0.003" scanms="0.000" postms="0.000" />
</gc-op>
<gc-op id="730" type="sweep" timems="0.559" contextid="725" timestamp="2019-06-15T00:23:53.667" />
<gc-op id="731" type="compact" timems="2.735" contextid="725" timestamp="2019-06-15T00:23:53.670">
  <compact-info movecount="19741" movebytes="749920" />
  <remembered-set-cleared processed="58441" cleared="3221" durationms="0.365" />
</gc-op>
<heap-resize id="732" type="expand" space="default" amount="2097152" count="1" timems="0.070" reason="insufficient free space following gc" timestamp="2019-06-15T00:23:53.670" />
<gc-end id="733" type="partial gc" contextid="725" durationms="7.113" usertimems="8.000" systemtimems="0.000" timestamp="2019-06-15T00:23:53.670" activeThreads="4">
  <mem-info id="734" free="27262976" total="84934656" percent="32">
    <mem type="eden" free="957264" total="1048576" percent="91" />
    <arraylet-primitive objects="2" leaves="2" largest="1" />
    <remembered-set count="33728" freebytes="3255424" totalbytes="3390336" percent="96" regionsoverflowed="0" regionsstable="0" regionsrebuilding="0"/>
  </mem-info>
</gc-end>
<cycle-end id="735" type="partial gc" contextid="725" timestamp="2019-06-15T00:23:53.670" />
  <attribute name="elasticGC enabled" value="1" />
  <attribute name= "numThreadsSpecified" value="4" />
  <attribute name="heapSize specified" value="0" />
  <attribute name="Current GC Util" value="27" />
  <attribute name= "Current Time Running" value="1704" />
  <attribute name ="GC Interval" value="0" />
  <attribute name="ProportionalT" value="3.500000" />
  <attribute name="ProportionalI" value="3.500000" />
  <attribute name="ProportionalH" value="3.500000" />
  <attribute name="Current Error" value="7.000000" />
  <attribute name="IntegralT" value="7.000000" />
  <attribute name="IntegralI" value="7.000000" />
  <attribute name="IntegralH" value="7.000000" />
  <attribute name="DerivativeT" value="3.500000" />
  <attribute name="DerivativeI" value="3.500000" />
  <attribute name="DerivativeH" value="3.500000" />
  <attribute name="Loop Time for DT" value="1.000000" />
  <attribute name="Output H" value="8388608"/>
  <attribute name="Output I" value="200"/>
  <attribute name="Output T" value="4"/>
  <attribute name="Target GC Util Change" value ="20.000000" />
  <attribute name="Current GC Util Change" value="27.000000"/>
  <attribute name="GC Util currently" value="27" />
  <attribute name="CPU Util currently" value="5705886803931" />
<exclusive-end id="736" timestamp="2019-06-15T00:23:53.670" durationms="8.099" />

<exclusive-start id="737" timestamp="2019-06-15T00:23:53.735" intervalms="72.435">
  <response-info timems="0.030" idlems="0.030" threads="0" lastid="0000000001813D00" lastname="Thread-9" />
</exclusive-start>
<allocation-taxation id="738" taxation-threshold="27262976" timestamp="2019-06-15T00:23:53.735" intervalms="72.395" />
<cycle-start id="739" type="partial gc" contextid="0" timestamp="2019-06-15T00:23:53.735" intervalms="72.330" />
<gc-start id="740" type="partial gc" contextid="739" timestamp="2019-06-15T00:23:53.735">
  <mem-info id="741" free="0" total="84934656" percent="0">
    <mem type="eden" free="0" total="27262976" percent="0" />
    <arraylet-primitive objects="2" leaves="2" largest="1" />
    <remembered-set count="33376" freebytes="3256832" totalbytes="3390336" percent="96" regionsoverflowed="0" regionsstable="0" regionsrebuilding="0"/>
  </mem-info>
</gc-start>
<allocation-stats totalBytes="27260032" >
  <allocated-bytes non-tlh="0" tlh="27260032" arrayletleaf="0"/>
  <largest-consumer threadName="Thread-7" threadId="000000000181F100" bytes="7961784" />
</allocation-stats>
<gc-op id="742" type="mark" timems="2.286" contextid="739" timestamp="2019-06-15T00:23:53.738">
  <trace-info objectcount="17934" scancount="17934" scanbytes="568668" />
  <cardclean-info objects="14278" bytes="694008" />
  <remembered-set-cleared processed="29080" cleared="982" durationms="0.364" />
  <stringconstants candidates="4597" cleared="0"  />
  <warning details="Mark invoked due to insufficient free space for Copy-Forward" />
</gc-op>
<gc-op id="743" type="classunload" timems="0.003" contextid="739" timestamp="2019-06-15T00:23:53.738">
  <classunload-info classloadercandidates="8" classloadersunloaded="0" classesunloaded="0" anonymousclassesunloaded="0" quiescems="0.000" setupms="0.003" scanms="0.000" postms="0.000" />
</gc-op>
<gc-op id="744" type="sweep" timems="0.500" contextid="739" timestamp="2019-06-15T00:23:53.739" />
<gc-op id="745" type="compact" timems="3.429" contextid="739" timestamp="2019-06-15T00:23:53.743">
  <compact-info movecount="14983" movebytes="497848" />
  <remembered-set-cleared processed="58421" cleared="2219" durationms="0.364" />
</gc-op>
<heap-resize id="746" type="expand" space="default" amount="1048576" count="1" timems="0.062" reason="insufficient free space following gc" timestamp="2019-06-15T00:23:53.743" />
<gc-end id="747" type="partial gc" contextid="739" durationms="7.759" usertimems="16.000" systemtimems="0.000" timestamp="2019-06-15T00:23:53.743" activeThreads="1">
  <mem-info id="748" free="27262976" total="85983232" percent="31">
    <mem type="eden" free="632064" total="1048576" percent="60" />
    <arraylet-primitive objects="2" leaves="2" largest="1" />
    <remembered-set count="34432" freebytes="3294464" totalbytes="3432192" percent="95" regionsoverflowed="0" regionsstable="0" regionsrebuilding="0"/>
  </mem-info>
</gc-end>
<cycle-end id="749" type="partial gc" contextid="739" timestamp="2019-06-15T00:23:53.743" />
  <attribute name="elasticGC enabled" value="1" />
  <attribute name= "numThreadsSpecified" value="1" />
  <attribute name="heapSize specified" value="0" />
  <attribute name="Current GC Util" value="25" />
  <attribute name= "Current Time Running" value="1776" />
  <attribute name ="GC Interval" value="0" />
  <attribute name="ProportionalT" value="2.500000" />
  <attribute name="ProportionalI" value="2.500000" />
  <attribute name="ProportionalH" value="2.500000" />
  <attribute name="Current Error" value="5.000000" />
  <attribute name="IntegralT" value="0.000000" />
  <attribute name="IntegralI" value="0.000000" />
  <attribute name="IntegralH" value="0.000000" />
  <attribute name="DerivativeT" value="inf" />
  <attribute name="DerivativeI" value="inf" />
  <attribute name="DerivativeH" value="inf" />
  <attribute name="Loop Time for DT" value="0.000000" />
  <attribute name="Output H" value="8388608"/>
  <attribute name="Output I" value="200"/>
  <attribute name="Output T" value="1"/>
  <attribute name="Target GC Util Change" value ="20.000000" />
  <attribute name="Current GC Util Change" value="25.000000"/>
  <attribute name="GC Util currently" value="25" />
  <attribute name="CPU Util currently" value="6170792193913" />
<exclusive-end id="750" timestamp="2019-06-15T00:23:53.743" durationms="8.675" />

<exclusive-start id="751" timestamp="2019-06-15T00:23:53.801" intervalms="66.027">
  <response-info timems="0.218" idlems="0.218" threads="0" lastid="0000000001817900" lastname="Thread-8" />
</exclusive-start>
<allocation-taxation id="752" taxation-threshold="27262976" timestamp="2019-06-15T00:23:53.801" intervalms="66.039" />
<cycle-start id="753" type="partial gc" contextid="0" timestamp="2019-06-15T00:23:53.801" intervalms="66.235" />
<gc-start id="754" type="partial gc" contextid="753" timestamp="2019-06-15T00:23:53.801">
  <mem-info id="755" free="0" total="85983232" percent="0">
    <mem type="eden" free="0" total="27262976" percent="0" />
    <arraylet-primitive objects="2" leaves="2" largest="1" />
    <remembered-set count="34368" freebytes="3294720" totalbytes="3432192" percent="95" regionsoverflowed="0" regionsstable="0" regionsrebuilding="0"/>
  </mem-info>
</gc-start>
<allocation-stats totalBytes="27259480" >
  <allocated-bytes non-tlh="0" tlh="27259480" arrayletleaf="0"/>
  <largest-consumer threadName="Thread-8" threadId="0000000001817900" bytes="8035432" />
</allocation-stats>
<gc-op id="756" type="mark" timems="2.325" contextid="753" timestamp="2019-06-15T00:23:53.804">
  <trace-info objectcount="23922" scancount="23922" scanbytes="850176" />
  <cardclean-info objects="12262" bytes="602136" />
  <remembered-set-cleared processed="29934" cleared="2149" durationms="0.357" />
  <stringconstants candidates="4597" cleared="0"  />
  <warning details="Mark invoked due to insufficient free space for Copy-Forward" />
</gc-op>
<gc-op id="757" type="classunload" timems="0.002" contextid="753" timestamp="2019-06-15T00:23:53.804">
  <classunload-info classloadercandidates="8" classloadersunloaded="0" classesunloaded="0" anonymousclassesunloaded="0" quiescems="0.000" setupms="0.002" scanms="0.000" postms="0.000" />
</gc-op>
<gc-op id="758" type="sweep" timems="0.541" contextid="753" timestamp="2019-06-15T00:23:53.805" />
<gc-op id="759" type="compact" timems="3.662" contextid="753" timestamp="2019-06-15T00:23:53.809">
  <compact-info movecount="19137" movebytes="597968" />
  <remembered-set-cleared processed="59486" cleared="3911" durationms="0.357" />
</gc-op>
<heap-resize id="760" type="expand" space="default" amount="1048576" count="1" timems="0.055" reason="insufficient free space following gc" timestamp="2019-06-15T00:23:53.809" />
<gc-end id="761" type="partial gc" contextid="753" durationms="7.918" usertimems="8.000" systemtimems="0.000" timestamp="2019-06-15T00:23:53.809" activeThreads="1">
  <mem-info id="762" free="27262976" total="87031808" percent="31">
    <mem type="eden" free="959912" total="1048576" percent="91" />
    <arraylet-primitive objects="2" leaves="2" largest="1" />
    <remembered-set count="34624" freebytes="3335552" totalbytes="3474048" percent="96" regionsoverflowed="0" regionsstable="0" regionsrebuilding="0"/>
  </mem-info>
</gc-end>
<cycle-end id="763" type="partial gc" contextid="753" timestamp="2019-06-15T00:23:53.809" />
  <attribute name="elasticGC enabled" value="1" />
  <attribute name= "numThreadsSpecified" value="1" />
  <attribute name="heapSize specified" value="0" />
  <attribute name="Current GC Util" value="29" />
  <attribute name= "Current Time Running" value="1842" />
  <attribute name ="GC Interval" value="0" />
  <attribute name="ProportionalT" value="4.500000" />
  <attribute name="ProportionalI" value="4.500000" />
  <attribute name="ProportionalH" value="4.500000" />
  <attribute name="Current Error" value="9.000000" />
  <attribute name="IntegralT" value="0.000000" />
  <attribute name="IntegralI" value="0.000000" />
  <attribute name="IntegralH" value="0.000000" />
  <attribute name="DerivativeT" value="inf" />
  <attribute name="DerivativeI" value="inf" />
  <attribute name="DerivativeH" value="inf" />
  <attribute name="Loop Time for DT" value="0.000000" />
  <attribute name="Output H" value="8388608"/>
  <attribute name="Output I" value="200"/>
  <attribute name="Output T" value="1"/>
  <attribute name="Target GC Util Change" value ="20.000000" />
  <attribute name="Current GC Util Change" value="29.000000"/>
  <attribute name="GC Util currently" value="29" />
  <attribute name="CPU Util currently" value="6061754727752" />
<exclusive-end id="764" timestamp="2019-06-15T00:23:53.810" durationms="8.873" />

<exclusive-start id="765" timestamp="2019-06-15T00:23:53.876" intervalms="74.962">
  <response-info timems="0.360" idlems="0.360" threads="0" lastid="000000000181B500" lastname="Thread-10" />
</exclusive-start>
<allocation-taxation id="766" taxation-threshold="27262976" timestamp="2019-06-15T00:23:53.876" intervalms="74.997" />
<cycle-start id="767" type="partial gc" contextid="0" timestamp="2019-06-15T00:23:53.876" intervalms="74.869" />
<gc-start id="768" type="partial gc" contextid="767" timestamp="2019-06-15T00:23:53.876">
  <mem-info id="769" free="0" total="87031808" percent="0">
    <mem type="eden" free="0" total="27262976" percent="0" />
    <arraylet-primitive objects="2" leaves="2" largest="1" />
    <remembered-set count="34560" freebytes="3335808" totalbytes="3474048" percent="96" regionsoverflowed="0" regionsstable="0" regionsrebuilding="0"/>
  </mem-info>
</gc-start>
<allocation-stats totalBytes="27259472" >
  <allocated-bytes non-tlh="0" tlh="27259472" arrayletleaf="0"/>
  <largest-consumer threadName="Thread-7" threadId="000000000181F100" bytes="9968456" />
</allocation-stats>
<gc-op id="770" type="mark" timems="1.963" contextid="767" timestamp="2019-06-15T00:23:53.879">
  <trace-info objectcount="12652" scancount="12652" scanbytes="442356" />
  <cardclean-info objects="8658" bytes="420672" />
  <remembered-set-cleared processed="30677" cleared="733" durationms="0.374" />
  <stringconstants candidates="4597" cleared="0"  />
  <warning details="Mark invoked due to insufficient free space for Copy-Forward" />
</gc-op>
<gc-op id="771" type="classunload" timems="0.002" contextid="767" timestamp="2019-06-15T00:23:53.879">
  <classunload-info classloadercandidates="8" classloadersunloaded="0" classesunloaded="0" anonymousclassesunloaded="0" quiescems="0.000" setupms="0.002" scanms="0.000" postms="0.000" />
</gc-op>
<gc-op id="772" type="sweep" timems="0.601" contextid="767" timestamp="2019-06-15T00:23:53.880" />
<gc-op id="773" type="compact" timems="2.826" contextid="767" timestamp="2019-06-15T00:23:53.883">
  <compact-info movecount="12596" movebytes="441016" />
  <remembered-set-cleared processed="61587" cleared="1693" durationms="0.374" />
</gc-op>
<heap-resize id="774" type="expand" space="default" amount="2097152" count="1" timems="0.066" reason="insufficient free space following gc" timestamp="2019-06-15T00:23:53.883" />
<gc-end id="775" type="partial gc" contextid="767" durationms="7.191" usertimems="4.000" systemtimems="0.000" timestamp="2019-06-15T00:23:53.884" activeThreads="1">
  <mem-info id="776" free="28311552" total="89128960" percent="31">
    <mem type="eden" free="687528" total="1048576" percent="65" />
    <arraylet-primitive objects="2" leaves="2" largest="1" />
    <remembered-set count="35808" freebytes="3414528" totalbytes="3557760" percent="95" regionsoverflowed="0" regionsstable="0" regionsrebuilding="0"/>
  </mem-info>
</gc-end>
<cycle-end id="777" type="partial gc" contextid="767" timestamp="2019-06-15T00:23:53.884" />
  <attribute name="elasticGC enabled" value="1" />
  <attribute name= "numThreadsSpecified" value="1" />
  <attribute name="heapSize specified" value="0" />
  <attribute name="Current GC Util" value="25" />
  <attribute name= "Current Time Running" value="1917" />
  <attribute name ="GC Interval" value="0" />
  <attribute name="ProportionalT" value="2.500000" />
  <attribute name="ProportionalI" value="2.500000" />
  <attribute name="ProportionalH" value="2.500000" />
  <attribute name="Current Error" value="5.000000" />
  <attribute name="IntegralT" value="0.000000" />
  <attribute name="IntegralI" value="0.000000" />
  <attribute name="IntegralH" value="0.000000" />
  <attribute name="DerivativeT" value="inf" />
  <attribute name="DerivativeI" value="inf" />
  <attribute name="DerivativeH" value="inf" />
  <attribute name="Loop Time for DT" value="0.000000" />
  <attribute name="Output H" value="8388608"/>
  <attribute name="Output I" value="200"/>
  <attribute name="Output T" value="1"/>
  <attribute name="Target GC Util Change" value ="20.000000" />
  <attribute name="Current GC Util Change" value="25.000000"/>
  <attribute name="GC Util currently" value="25" />
  <attribute name="CPU Util currently" value="5230293774488" />
<exclusive-end id="778" timestamp="2019-06-15T00:23:53.884" durationms="8.281" />

<exclusive-start id="779" timestamp="2019-06-15T00:23:53.918" intervalms="42.657">
  <response-info timems="0.033" idlems="0.018" threads="1" lastid="0000000001817900" lastname="Thread-8" />
</exclusive-start>
<allocation-taxation id="780" taxation-threshold="28311552" timestamp="2019-06-15T00:23:53.919" intervalms="42.693" />
<cycle-start id="781" type="partial gc" contextid="0" timestamp="2019-06-15T00:23:53.919" intervalms="42.744" />
<gc-start id="782" type="partial gc" contextid="781" timestamp="2019-06-15T00:23:53.919">
  <mem-info id="783" free="0" total="89128960" percent="0">
    <mem type="eden" free="0" total="28311552" percent="0" />
    <arraylet-primitive objects="2" leaves="2" largest="1" />
    <remembered-set count="35328" freebytes="3416448" totalbytes="3557760" percent="96" regionsoverflowed="0" regionsstable="0" regionsrebuilding="0"/>
  </mem-info>
</gc-start>
<allocation-stats totalBytes="28308384" >
  <allocated-bytes non-tlh="0" tlh="28308384" arrayletleaf="0"/>
  <largest-consumer threadName="Thread-7" threadId="000000000181F100" bytes="9137112" />
</allocation-stats>
<gc-op id="784" type="mark" timems="2.002" contextid="781" timestamp="2019-06-15T00:23:53.922">
  <trace-info objectcount="18589" scancount="18589" scanbytes="722192" />
  <cardclean-info objects="7641" bytes="375600" />
  <remembered-set-cleared processed="31498" cleared="831" durationms="0.365" />
  <stringconstants candidates="4597" cleared="0"  />
  <warning details="Mark invoked due to insufficient free space for Copy-Forward" />
</gc-op>
<gc-op id="785" type="classunload" timems="0.002" contextid="781" timestamp="2019-06-15T00:23:53.922">
  <classunload-info classloadercandidates="8" classloadersunloaded="0" classesunloaded="0" anonymousclassesunloaded="0" quiescems="0.000" setupms="0.001" scanms="0.000" postms="0.000" />
</gc-op>
<gc-op id="786" type="sweep" timems="0.540" contextid="781" timestamp="2019-06-15T00:23:53.923" />
<gc-op id="787" type="compact" timems="2.555" contextid="781" timestamp="2019-06-15T00:23:53.926">
  <compact-info movecount="18444" movebytes="718720" />
  <remembered-set-cleared processed="63193" cleared="1854" durationms="0.365" />
</gc-op>
<heap-resize id="788" type="expand" space="default" amount="1048576" count="1" timems="0.060" reason="insufficient free space following gc" timestamp="2019-06-15T00:23:53.926" />
<gc-end id="789" type="partial gc" contextid="781" durationms="6.946" usertimems="8.000" systemtimems="0.000" timestamp="2019-06-15T00:23:53.926" activeThreads="4">
  <mem-info id="790" free="28311552" total="90177536" percent="31">
    <mem type="eden" free="679776" total="1048576" percent="64" />
    <arraylet-primitive objects="2" leaves="2" largest="1" />
    <remembered-set count="35840" freebytes="3456256" totalbytes="3599616" percent="96" regionsoverflowed="0" regionsstable="0" regionsrebuilding="0"/>
  </mem-info>
</gc-end>
<cycle-end id="791" type="partial gc" contextid="781" timestamp="2019-06-15T00:23:53.926" />
  <attribute name="elasticGC enabled" value="1" />
  <attribute name= "numThreadsSpecified" value="4" />
  <attribute name="heapSize specified" value="0" />
  <attribute name="Current GC Util" value="26" />
  <attribute name= "Current Time Running" value="1960" />
  <attribute name ="GC Interval" value="0" />
  <attribute name="ProportionalT" value="3.000000" />
  <attribute name="ProportionalI" value="3.000000" />
  <attribute name="ProportionalH" value="3.000000" />
  <attribute name="Current Error" value="6.000000" />
  <attribute name="IntegralT" value="6.000000" />
  <attribute name="IntegralI" value="6.000000" />
  <attribute name="IntegralH" value="6.000000" />
  <attribute name="DerivativeT" value="3.000000" />
  <attribute name="DerivativeI" value="3.000000" />
  <attribute name="DerivativeH" value="3.000000" />
  <attribute name="Loop Time for DT" value="1.000000" />
  <attribute name="Output H" value="8388608"/>
  <attribute name="Output I" value="200"/>
  <attribute name="Output T" value="4"/>
  <attribute name="Target GC Util Change" value ="20.000000" />
  <attribute name="Current GC Util Change" value="26.000000"/>
  <attribute name="GC Util currently" value="26" />
  <attribute name="CPU Util currently" value="5642234497092" />
<exclusive-end id="792" timestamp="2019-06-15T00:23:53.926" durationms="8.039" />

<exclusive-start id="793" timestamp="2019-06-15T00:23:53.949" intervalms="30.546">
  <response-info timems="0.020" idlems="0.020" threads="0" lastid="000000000181F100" lastname="Thread-7" />
</exclusive-start>
<allocation-taxation id="794" taxation-threshold="28311552" timestamp="2019-06-15T00:23:53.949" intervalms="30.515" />
<cycle-start id="795" type="partial gc" contextid="0" timestamp="2019-06-15T00:23:53.949" intervalms="30.476" />
<gc-start id="796" type="partial gc" contextid="795" timestamp="2019-06-15T00:23:53.949">
  <mem-info id="797" free="0" total="90177536" percent="0">
    <mem type="eden" free="0" total="28311552" percent="0" />
    <arraylet-primitive objects="2" leaves="2" largest="1" />
    <remembered-set count="35648" freebytes="3457024" totalbytes="3599616" percent="96" regionsoverflowed="0" regionsstable="0" regionsrebuilding="0"/>
  </mem-info>
</gc-start>
<allocation-stats totalBytes="28308064" >
  <allocated-bytes non-tlh="0" tlh="28308064" arrayletleaf="0"/>
  <largest-consumer threadName="Thread-7" threadId="000000000181F100" bytes="9198528" />
</allocation-stats>
<gc-op id="798" type="mark" timems="2.105" contextid="795" timestamp="2019-06-15T00:23:53.952">
  <trace-info objectcount="19262" scancount="19262" scanbytes="738112" />
  <cardclean-info objects="9805" bytes="475680" />
  <remembered-set-cleared processed="31981" cleared="2872" durationms="0.382" />
  <stringconstants candidates="4597" cleared="0"  />
  <warning details="Mark invoked due to insufficient free space for Copy-Forward" />
</gc-op>
<gc-op id="799" type="classunload" timems="0.002" contextid="795" timestamp="2019-06-15T00:23:53.952">
  <classunload-info classloadercandidates="8" classloadersunloaded="0" classesunloaded="0" anonymousclassesunloaded="0" quiescems="0.000" setupms="0.002" scanms="0.000" postms="0.000" />
</gc-op>
<gc-op id="800" type="sweep" timems="0.552" contextid="795" timestamp="2019-06-15T00:23:53.953" />
<gc-op id="801" type="compact" timems="2.671" contextid="795" timestamp="2019-06-15T00:23:53.956">
  <compact-info movecount="19237" movebytes="737520" />
  <remembered-set-cleared processed="62402" cleared="4178" durationms="0.382" />
</gc-op>
<heap-resize id="802" type="expand" space="default" amount="2097152" count="1" timems="0.069" reason="insufficient free space following gc" timestamp="2019-06-15T00:23:53.956" />
<gc-end id="803" type="partial gc" contextid="795" durationms="7.024" usertimems="8.000" systemtimems="0.000" timestamp="2019-06-15T00:23:53.957" activeThreads="4">
  <mem-info id="804" free="29360128" total="92274688" percent="31">
    <mem type="eden" free="664768" total="1048576" percent="63" />
    <arraylet-primitive objects="2" leaves="2" largest="1" />
    <remembered-set count="34816" freebytes="3544064" totalbytes="3683328" percent="96" regionsoverflowed="0" regionsstable="0" regionsrebuilding="0"/>
  </mem-info>
</gc-end>
<cycle-end id="805" type="partial gc" contextid="795" timestamp="2019-06-15T00:23:53.957" />
  <attribute name="elasticGC enabled" value="1" />
  <attribute name= "numThreadsSpecified" value="4" />
  <attribute name="heapSize specified" value="0" />
  <attribute name="Current GC Util" value="26" />
  <attribute name= "Current Time Running" value="1991" />
  <attribute name ="GC Interval" value="0" />
  <attribute name="ProportionalT" value="3.000000" />
  <attribute name="ProportionalI" value="3.000000" />
  <attribute name="ProportionalH" value="3.000000" />
  <attribute name="Current Error" value="6.000000" />
  <attribute name="IntegralT" value="6.000000" />
  <attribute name="IntegralI" value="6.000000" />
  <attribute name="IntegralH" value="6.000000" />
  <attribute name="DerivativeT" value="3.000000" />
  <attribute name="DerivativeI" value="3.000000" />
  <attribute name="DerivativeH" value="3.000000" />
  <attribute name="Loop Time for DT" value="1.000000" />
  <attribute name="Output H" value="8388608"/>
  <attribute name="Output I" value="200"/>
  <attribute name="Output T" value="4"/>
  <attribute name="Target GC Util Change" value ="20.000000" />
  <attribute name="Current GC Util Change" value="26.000000"/>
  <attribute name="GC Util currently" value="26" />
  <attribute name="CPU Util currently" value="5759121946630" />
<exclusive-end id="806" timestamp="2019-06-15T00:23:53.957" durationms="7.878" />

<exclusive-start id="807" timestamp="2019-06-15T00:23:53.975" intervalms="25.907">
  <response-info timems="0.020" idlems="0.020" threads="0" lastid="0000000001813D00" lastname="Thread-9" />
</exclusive-start>
<allocation-taxation id="808" taxation-threshold="29360128" timestamp="2019-06-15T00:23:53.975" intervalms="25.874" />
<cycle-start id="809" type="partial gc" contextid="0" timestamp="2019-06-15T00:23:53.975" intervalms="25.850" />
<gc-start id="810" type="partial gc" contextid="809" timestamp="2019-06-15T00:23:53.975">
  <mem-info id="811" free="0" total="92274688" percent="0">
    <mem type="eden" free="0" total="29360128" percent="0" />
    <arraylet-primitive objects="2" leaves="2" largest="1" />
    <remembered-set count="34656" freebytes="3544704" totalbytes="3683328" percent="96" regionsoverflowed="0" regionsstable="0" regionsrebuilding="0"/>
  </mem-info>
</gc-start>
<allocation-stats totalBytes="29356504" >
  <allocated-bytes non-tlh="0" tlh="29356504" arrayletleaf="0"/>
  <largest-consumer threadName="Thread-10" threadId="000000000181B500" bytes="9710520" />
</allocation-stats>
<gc-op id="812" type="mark" timems="2.142" contextid="809" timestamp="2019-06-15T00:23:53.978">
  <trace-info objectcount="17739" scancount="17739" scanbytes="564148" />
  <cardclean-info objects="14205" bytes="686904" />
  <remembered-set-cleared processed="30607" cleared="2771" durationms="0.331" />
  <stringconstants candidates="4597" cleared="0"  />
  <warning details="Mark invoked due to insufficient free space for Copy-Forward" />
</gc-op>
<gc-op id="813" type="classunload" timems="0.002" contextid="809" timestamp="2019-06-15T00:23:53.978">
  <classunload-info classloadercandidates="8" classloadersunloaded="0" classesunloaded="0" anonymousclassesunloaded="0" quiescems="0.000" setupms="0.002" scanms="0.000" postms="0.000" />
</gc-op>
<gc-op id="814" type="sweep" timems="0.475" contextid="809" timestamp="2019-06-15T00:23:53.979" />
<gc-op id="815" type="compact" timems="2.135" contextid="809" timestamp="2019-06-15T00:23:53.981">
  <compact-info movecount="16356" movebytes="530960" />
  <remembered-set-cleared processed="60372" cleared="4694" durationms="0.331" />
</gc-op>
<heap-resize id="816" type="expand" space="default" amount="1048576" count="1" timems="0.062" reason="insufficient free space following gc" timestamp="2019-06-15T00:23:53.981" />
<gc-end id="817" type="partial gc" contextid="809" durationms="6.175" usertimems="8.000" systemtimems="0.000" timestamp="2019-06-15T00:23:53.981" activeThreads="4">
  <mem-info id="818" free="29360128" total="93323264" percent="31">
    <mem type="eden" free="932744" total="1048576" percent="88" />
    <arraylet-primitive objects="2" leaves="2" largest="1" />
    <remembered-set count="35040" freebytes="3585024" totalbytes="3725184" percent="96" regionsoverflowed="0" regionsstable="0" regionsrebuilding="0"/>
  </mem-info>
</gc-end>
<cycle-end id="819" type="partial gc" contextid="809" timestamp="2019-06-15T00:23:53.982" />
  <attribute name="elasticGC enabled" value="1" />
  <attribute name= "numThreadsSpecified" value="4" />
  <attribute name="heapSize specified" value="0" />
  <attribute name="Current GC Util" value="43" />
  <attribute name= "Current Time Running" value="2016" />
  <attribute name ="GC Interval" value="0" />
  <attribute name="ProportionalT" value="11.500000" />
  <attribute name="ProportionalI" value="11.500000" />
  <attribute name="ProportionalH" value="11.500000" />
  <attribute name="Current Error" value="23.000000" />
  <attribute name="IntegralT" value="23.000000" />
  <attribute name="IntegralI" value="23.000000" />
  <attribute name="IntegralH" value="23.000000" />
  <attribute name="DerivativeT" value="11.500000" />
  <attribute name="DerivativeI" value="11.500000" />
  <attribute name="DerivativeH" value="11.500000" />
  <attribute name="Loop Time for DT" value="1.000000" />
  <attribute name="Output H" value="8388608"/>
  <attribute name="Output I" value="200"/>
  <attribute name="Output T" value="4"/>
  <attribute name="Target GC Util Change" value ="20.000000" />
  <attribute name="Current GC Util Change" value="43.000000"/>
  <attribute name="GC Util currently" value="43" />
  <attribute name="CPU Util currently" value="6634984818512" />
<exclusive-end id="820" timestamp="2019-06-15T00:23:53.982" durationms="6.993" />

<exclusive-start id="821" timestamp="2019-06-15T00:23:53.998" intervalms="23.159">
  <response-info timems="0.025" idlems="0.025" threads="0" lastid="0000000001817900" lastname="Thread-8" />
</exclusive-start>
<allocation-taxation id="822" taxation-threshold="29360128" timestamp="2019-06-15T00:23:53.998" intervalms="23.171" />
<cycle-start id="823" type="partial gc" contextid="0" timestamp="2019-06-15T00:23:53.998" intervalms="23.156" />
<gc-start id="824" type="partial gc" contextid="823" timestamp="2019-06-15T00:23:53.998">
  <mem-info id="825" free="0" total="93323264" percent="0">
    <mem type="eden" free="0" total="29360128" percent="0" />
    <arraylet-primitive objects="2" leaves="2" largest="1" />
    <remembered-set count="34624" freebytes="3586688" totalbytes="3725184" percent="96" regionsoverflowed="0" regionsstable="0" regionsrebuilding="0"/>
  </mem-info>
</gc-start>
<allocation-stats totalBytes="29356600" >
  <allocated-bytes non-tlh="0" tlh="29356600" arrayletleaf="0"/>
  <largest-consumer threadName="Thread-10" threadId="000000000181B500" bytes="9165880" />
</allocation-stats>
<gc-op id="826" type="mark" timems="2.000" contextid="823" timestamp="2019-06-15T00:23:54.001">
  <trace-info objectcount="15367" scancount="15367" scanbytes="507380" />
  <cardclean-info objects="11255" bytes="544296" />
  <remembered-set-cleared processed="30932" cleared="788" durationms="0.349" />
  <stringconstants candidates="4597" cleared="0"  />
  <warning details="Mark invoked due to insufficient free space for Copy-Forward" />
</gc-op>
<gc-op id="827" type="classunload" timems="0.002" contextid="823" timestamp="2019-06-15T00:23:54.001">
  <classunload-info classloadercandidates="8" classloadersunloaded="0" classesunloaded="0" anonymousclassesunloaded="0" quiescems="0.000" setupms="0.002" scanms="0.000" postms="0.000" />
</gc-op>
<gc-op id="828" type="sweep" timems="0.526" contextid="823" timestamp="2019-06-15T00:23:54.002" />
<gc-op id="829" type="compact" timems="1.892" contextid="823" timestamp="2019-06-15T00:23:54.004">
  <compact-info movecount="15270" movebytes="505056" />
  <remembered-set-cleared processed="62129" cleared="1835" durationms="0.349" />
</gc-op>
<heap-resize id="830" type="expand" space="default" amount="2097152" count="1" timems="0.067" reason="insufficient free space following gc" timestamp="2019-06-15T00:23:54.004" />
<gc-end id="831" type="partial gc" contextid="823" durationms="5.872" usertimems="12.000" systemtimems="0.000" timestamp="2019-06-15T00:23:54.004" activeThreads="4">
  <mem-info id="832" free="30408704" total="95420416" percent="31">
    <mem type="eden" free="651256" total="1048576" percent="62" />
    <arraylet-primitive objects="2" leaves="2" largest="1" />
    <remembered-set count="36960" freebytes="3661056" totalbytes="3808896" percent="96" regionsoverflowed="0" regionsstable="0" regionsrebuilding="0"/>
  </mem-info>
</gc-end>
<cycle-end id="833" type="partial gc" contextid="823" timestamp="2019-06-15T00:23:54.004" />
  <attribute name="elasticGC enabled" value="1" />
  <attribute name= "numThreadsSpecified" value="4" />
  <attribute name="heapSize specified" value="0" />
  <attribute name="Current GC Util" value="35" />
  <attribute name= "Current Time Running" value="2039" />
  <attribute name ="GC Interval" value="0" />
  <attribute name="ProportionalT" value="7.500000" />
  <attribute name="ProportionalI" value="7.500000" />
  <attribute name="ProportionalH" value="7.500000" />
  <attribute name="Current Error" value="15.000000" />
  <attribute name="IntegralT" value="15.000000" />
  <attribute name="IntegralI" value="15.000000" />
  <attribute name="IntegralH" value="15.000000" />
  <attribute name="DerivativeT" value="7.500000" />
  <attribute name="DerivativeI" value="7.500000" />
  <attribute name="DerivativeH" value="7.500000" />
  <attribute name="Loop Time for DT" value="1.000000" />
  <attribute name="Output H" value="8388608"/>
  <attribute name="Output I" value="200"/>
  <attribute name="Output T" value="4"/>
  <attribute name="Target GC Util Change" value ="20.000000" />
  <attribute name="Current GC Util Change" value="35.000000"/>
  <attribute name="GC Util currently" value="35" />
  <attribute name="CPU Util currently" value="5972162554121" />
<exclusive-end id="834" timestamp="2019-06-15T00:23:54.005" durationms="6.676" />

<exclusive-start id="835" timestamp="2019-06-15T00:23:54.021" intervalms="23.256">
  <response-info timems="0.023" idlems="0.023" threads="0" lastid="0000000001817900" lastname="Thread-8" />
</exclusive-start>
<allocation-taxation id="836" taxation-threshold="30408704" timestamp="2019-06-15T00:23:54.021" intervalms="23.247" />
<cycle-start id="837" type="partial gc" contextid="0" timestamp="2019-06-15T00:23:54.022" intervalms="23.240" />
<gc-start id="838" type="partial gc" contextid="837" timestamp="2019-06-15T00:23:54.022">
  <mem-info id="839" free="0" total="95420416" percent="0">
    <mem type="eden" free="0" total="30408704" percent="0" />
    <arraylet-primitive objects="2" leaves="2" largest="1" />
    <remembered-set count="36640" freebytes="3662336" totalbytes="3808896" percent="96" regionsoverflowed="0" regionsstable="0" regionsrebuilding="0"/>
  </mem-info>
</gc-start>
<allocation-stats totalBytes="30404992" >
  <allocated-bytes non-tlh="0" tlh="30404992" arrayletleaf="0"/>
  <largest-consumer threadName="Thread-10" threadId="000000000181B500" bytes="8616856" />
</allocation-stats>
<gc-op id="840" type="mark" timems="2.653" contextid="837" timestamp="2019-06-15T00:23:54.025">
  <trace-info objectcount="38372" scancount="38372" scanbytes="1471936" />
  <cardclean-info objects="11583" bytes="572976" />
  <remembered-set-cleared processed="31452" cleared="2235" durationms="0.355" />
  <stringconstants candidates="4597" cleared="0"  />
  <warning details="Mark invoked due to insufficient free space for Copy-Forward" />
</gc-op>
<gc-op id="841" type="classunload" timems="0.002" contextid="837" timestamp="2019-06-15T00:23:54.025">
  <classunload-info classloadercandidates="8" classloadersunloaded="0" classesunloaded="0" anonymousclassesunloaded="0" quiescems="0.000" setupms="0.002" scanms="0.000" postms="0.000" />
</gc-op>
<gc-op id="842" type="sweep" timems="0.511" contextid="837" timestamp="2019-06-15T00:23:54.026" />
<gc-op id="843" type="compact" timems="2.610" contextid="837" timestamp="2019-06-15T00:23:54.028">
  <compact-info movecount="38372" movebytes="1471952" />
  <remembered-set-cleared processed="62246" cleared="3806" durationms="0.355" />
</gc-op>
<heap-resize id="844" type="expand" space="default" amount="1048576" count="1" timems="0.064" reason="insufficient free space following gc" timestamp="2019-06-15T00:23:54.029" />
<gc-end id="845" type="partial gc" contextid="837" durationms="7.142" usertimems="12.000" systemtimems="0.000" timestamp="2019-06-15T00:23:54.029" activeThreads="4">
  <mem-info id="846" free="30408704" total="96468992" percent="31">
    <mem type="eden" free="62048" total="1048576" percent="5" />
    <arraylet-primitive objects="2" leaves="2" largest="1" />
    <remembered-set count="36096" freebytes="3706368" totalbytes="3850752" percent="96" regionsoverflowed="0" regionsstable="0" regionsrebuilding="0"/>
  </mem-info>
</gc-end>
<cycle-end id="847" type="partial gc" contextid="837" timestamp="2019-06-15T00:23:54.029" />
  <attribute name="elasticGC enabled" value="1" />
  <attribute name= "numThreadsSpecified" value="4" />
  <attribute name="heapSize specified" value="0" />
  <attribute name="Current GC Util" value="40" />
  <attribute name= "Current Time Running" value="2063" />
  <attribute name ="GC Interval" value="0" />
  <attribute name="ProportionalT" value="10.000000" />
  <attribute name="ProportionalI" value="10.000000" />
  <attribute name="ProportionalH" value="10.000000" />
  <attribute name="Current Error" value="20.000000" />
  <attribute name="IntegralT" value="20.000000" />
  <attribute name="IntegralI" value="20.000000" />
  <attribute name="IntegralH" value="20.000000" />
  <attribute name="DerivativeT" value="10.000000" />
  <attribute name="DerivativeI" value="10.000000" />
  <attribute name="DerivativeH" value="10.000000" />
  <attribute name="Loop Time for DT" value="1.000000" />
  <attribute name="Output H" value="8388608"/>
  <attribute name="Output I" value="200"/>
  <attribute name="Output T" value="4"/>
  <attribute name="Target GC Util Change" value ="20.000000" />
  <attribute name="Current GC Util Change" value="40.000000"/>
  <attribute name="GC Util currently" value="40" />
  <attribute name="CPU Util currently" value="6262414680472" />
<exclusive-end id="848" timestamp="2019-06-15T00:23:54.029" durationms="7.975" />

<exclusive-start id="849" timestamp="2019-06-15T00:23:54.044" intervalms="22.249">
  <response-info timems="0.048" idlems="0.048" threads="0" lastid="000000000181B500" lastname="Thread-10" />
</exclusive-start>
<allocation-taxation id="850" taxation-threshold="30408704" timestamp="2019-06-15T00:23:54.044" intervalms="22.204" />
<cycle-start id="851" type="partial gc" contextid="0" timestamp="2019-06-15T00:23:54.044" intervalms="22.156" />
<gc-start id="852" type="partial gc" contextid="851" timestamp="2019-06-15T00:23:54.044">
  <mem-info id="853" free="0" total="96468992" percent="0">
    <mem type="eden" free="0" total="30408704" percent="0" />
    <arraylet-primitive objects="2" leaves="2" largest="1" />
    <remembered-set count="36000" freebytes="3706752" totalbytes="3850752" percent="96" regionsoverflowed="0" regionsstable="0" regionsrebuilding="0"/>
  </mem-info>
</gc-start>
<allocation-stats totalBytes="30404920" >
  <allocated-bytes non-tlh="0" tlh="30404920" arrayletleaf="0"/>
  <largest-consumer threadName="Thread-8" threadId="0000000001817900" bytes="8108984" />
</allocation-stats>
<gc-op id="854" type="mark" timems="1.671" contextid="851" timestamp="2019-06-15T00:23:54.046">
  <trace-info objectcount="31706" scancount="31706" scanbytes="1311704" />
  <cardclean-info objects="7085" bytes="353352" />
  <remembered-set-cleared processed="31804" cleared="683" durationms="0.173" />
  <stringconstants candidates="4597" cleared="0"  />
  <warning details="Mark invoked due to insufficient free space for Copy-Forward" />
</gc-op>
<gc-op id="855" type="classunload" timems="0.002" contextid="851" timestamp="2019-06-15T00:23:54.046">
  <classunload-info classloadercandidates="8" classloadersunloaded="0" classesunloaded="0" anonymousclassesunloaded="0" quiescems="0.000" setupms="0.002" scanms="0.000" postms="0.000" />
</gc-op>
<gc-op id="856" type="sweep" timems="0.367" contextid="851" timestamp="2019-06-15T00:23:54.047" />
<gc-op id="857" type="compact" timems="2.381" contextid="851" timestamp="2019-06-15T00:23:54.049">
  <compact-info movecount="31706" movebytes="1311720" />
  <remembered-set-cleared processed="63872" cleared="1625" durationms="0.173" />
</gc-op>
<heap-resize id="858" type="expand" space="default" amount="1048576" count="1" timems="0.063" reason="insufficient free space following gc" timestamp="2019-06-15T00:23:54.049" />
<gc-end id="859" type="partial gc" contextid="851" durationms="5.797" usertimems="8.000" systemtimems="0.000" timestamp="2019-06-15T00:23:54.050" activeThreads="4">
  <mem-info id="860" free="30408704" total="97517568" percent="31">
    <mem type="eden" free="389032" total="1048576" percent="37" />
    <arraylet-primitive objects="2" leaves="2" largest="1" />
    <remembered-set count="37120" freebytes="3744128" totalbytes="3892608" percent="96" regionsoverflowed="0" regionsstable="0" regionsrebuilding="0"/>
  </mem-info>
</gc-end>
<cycle-end id="861" type="partial gc" contextid="851" timestamp="2019-06-15T00:23:54.050" />
  <attribute name="elasticGC enabled" value="1" />
  <attribute name= "numThreadsSpecified" value="4" />
  <attribute name="heapSize specified" value="0" />
  <attribute name="Current GC Util" value="42" />
  <attribute name= "Current Time Running" value="2084" />
  <attribute name ="GC Interval" value="0" />
  <attribute name="ProportionalT" value="11.000000" />
  <attribute name="ProportionalI" value="11.000000" />
  <attribute name="ProportionalH" value="11.000000" />
  <attribute name="Current Error" value="22.000000" />
  <attribute name="IntegralT" value="22.000000" />
  <attribute name="IntegralI" value="22.000000" />
  <attribute name="IntegralH" value="22.000000" />
  <attribute name="DerivativeT" value="-42.500000" />
  <attribute name="DerivativeI" value="-42.500000" />
  <attribute name="DerivativeH" value="-42.500000" />
  <attribute name="Loop Time for DT" value="1.000000" />
  <attribute name="Output H" value="2091843584"/>
  <attribute name="Output I" value="200"/>
  <attribute name="Output T" value="4"/>
  <attribute name="Target GC Util Change" value ="20.000000" />
  <attribute name="Current GC Util Change" value="42.000000"/>
  <attribute name="GC Util currently" value="42" />
  <attribute name="CPU Util currently" value="7883992127919" />
<exclusive-end id="862" timestamp="2019-06-15T00:23:54.050" durationms="6.505" />

<exclusive-start id="863" timestamp="2019-06-15T00:23:54.065" intervalms="21.131">
  <response-info timems="0.024" idlems="0.024" threads="0" lastid="000000000181F100" lastname="Thread-7" />
</exclusive-start>
<allocation-taxation id="864" taxation-threshold="30408704" timestamp="2019-06-15T00:23:54.065" intervalms="21.164" />
<cycle-start id="865" type="partial gc" contextid="0" timestamp="2019-06-15T00:23:54.065" intervalms="21.204" />
<gc-start id="866" type="partial gc" contextid="865" timestamp="2019-06-15T00:23:54.065">
  <mem-info id="867" free="0" total="97517568" percent="0">
    <mem type="eden" free="0" total="30408704" percent="0" />
    <arraylet-primitive objects="2" leaves="2" largest="1" />
    <remembered-set count="37056" freebytes="3744384" totalbytes="3892608" percent="96" regionsoverflowed="0" regionsstable="0" regionsrebuilding="0"/>
  </mem-info>
</gc-start>
<allocation-stats totalBytes="30404816" >
  <allocated-bytes non-tlh="0" tlh="30404816" arrayletleaf="0"/>
  <largest-consumer threadName="Thread-10" threadId="000000000181B500" bytes="8682520" />
</allocation-stats>
<gc-op id="868" type="mark" timems="1.354" contextid="865" timestamp="2019-06-15T00:23:54.067">
  <trace-info objectcount="25537" scancount="25537" scanbytes="889096" />
  <cardclean-info objects="9733" bytes="472344" />
  <remembered-set-cleared processed="32596" cleared="518" durationms="0.159" />
  <stringconstants candidates="4597" cleared="0"  />
  <warning details="Mark invoked due to insufficient free space for Copy-Forward" />
</gc-op>
<gc-op id="869" type="classunload" timems="0.002" contextid="865" timestamp="2019-06-15T00:23:54.067">
  <classunload-info classloadercandidates="8" classloadersunloaded="0" classesunloaded="0" anonymousclassesunloaded="0" quiescems="0.000" setupms="0.002" scanms="0.000" postms="0.000" />
</gc-op>
<gc-op id="870" type="sweep" timems="0.349" contextid="865" timestamp="2019-06-15T00:23:54.067" />
<gc-op id="871" type="compact" timems="2.342" contextid="865" timestamp="2019-06-15T00:23:54.070">
  <compact-info movecount="25238" movebytes="881928" />
  <remembered-set-cleared processed="65553" cleared="1391" durationms="0.159" />
</gc-op>
<heap-resize id="872" type="expand" space="default" amount="2097152" count="1" timems="0.059" reason="insufficient free space following gc" timestamp="2019-06-15T00:23:54.070" />
<gc-end id="873" type="partial gc" contextid="865" durationms="5.281" usertimems="8.000" systemtimems="0.000" timestamp="2019-06-15T00:23:54.070" activeThreads="4">
  <mem-info id="874" free="31457280" total="99614720" percent="31">
    <mem type="eden" free="811648" total="1048576" percent="77" />
    <arraylet-primitive objects="2" leaves="2" largest="1" />
    <remembered-set count="38112" freebytes="3823872" totalbytes="3976320" percent="96" regionsoverflowed="0" regionsstable="0" regionsrebuilding="0"/>
  </mem-info>
</gc-end>
<cycle-end id="875" type="partial gc" contextid="865" timestamp="2019-06-15T00:23:54.070" />
  <attribute name="elasticGC enabled" value="1" />
  <attribute name= "numThreadsSpecified" value="4" />
  <attribute name="heapSize specified" value="0" />
  <attribute name="Current GC Util" value="36" />
  <attribute name= "Current Time Running" value="2105" />
  <attribute name ="GC Interval" value="0" />
  <attribute name="ProportionalT" value="8.000000" />
  <attribute name="ProportionalI" value="8.000000" />
  <attribute name="ProportionalH" value="8.000000" />
  <attribute name="Current Error" value="16.000000" />
  <attribute name="IntegralT" value="16.000000" />
  <attribute name="IntegralI" value="16.000000" />
  <attribute name="IntegralH" value="16.000000" />
  <attribute name="DerivativeT" value="-49.500000" />
  <attribute name="DerivativeI" value="-49.500000" />
  <attribute name="DerivativeH" value="-49.500000" />
  <attribute name="Loop Time for DT" value="1.000000" />
  <attribute name="Output H" value="2091843584"/>
  <attribute name="Output I" value="200"/>
  <attribute name="Output T" value="4"/>
  <attribute name="Target GC Util Change" value ="20.000000" />
  <attribute name="Current GC Util Change" value="36.000000"/>
  <attribute name="GC Util currently" value="36" />
  <attribute name="CPU Util currently" value="8140807440609" />
<exclusive-end id="876" timestamp="2019-06-15T00:23:54.071" durationms="5.876" />

<exclusive-start id="877" timestamp="2019-06-15T00:23:54.092" intervalms="26.959">
  <response-info timems="0.041" idlems="0.041" threads="0" lastid="0000000001817900" lastname="Thread-8" />
</exclusive-start>
<allocation-taxation id="878" taxation-threshold="31457280" timestamp="2019-06-15T00:23:54.092" intervalms="26.979" />
<cycle-start id="879" type="partial gc" contextid="0" timestamp="2019-06-15T00:23:54.092" intervalms="26.955" />
<gc-start id="880" type="partial gc" contextid="879" timestamp="2019-06-15T00:23:54.092">
  <mem-info id="881" free="0" total="99614720" percent="0">
    <mem type="eden" free="0" total="31457280" percent="0" />
    <arraylet-primitive objects="2" leaves="2" largest="1" />
    <remembered-set count="37952" freebytes="3824512" totalbytes="3976320" percent="96" regionsoverflowed="0" regionsstable="0" regionsrebuilding="0"/>
  </mem-info>
</gc-start>
<allocation-stats totalBytes="31453048" >
  <allocated-bytes non-tlh="19056" tlh="31433992" arrayletleaf="0"/>
  <largest-consumer threadName="Thread-7" threadId="000000000181F100" bytes="9792280" />
</allocation-stats>
<gc-op id="882" type="mark" timems="2.619" contextid="879" timestamp="2019-06-15T00:23:54.095">
  <trace-info objectcount="31714" scancount="31714" scanbytes="1039756" />
  <cardclean-info objects="14418" bytes="716664" />
  <remembered-set-cleared processed="33561" cleared="729" durationms="0.389" />
  <stringconstants candidates="4597" cleared="0"  />
  <warning details="Mark invoked due to insufficient free space for Copy-Forward" />
</gc-op>
<gc-op id="883" type="classunload" timems="0.002" contextid="879" timestamp="2019-06-15T00:23:54.095">
  <classunload-info classloadercandidates="8" classloadersunloaded="0" classesunloaded="0" anonymousclassesunloaded="0" quiescems="0.000" setupms="0.002" scanms="0.000" postms="0.000" />
</gc-op>
<gc-op id="884" type="sweep" timems="0.485" contextid="879" timestamp="2019-06-15T00:23:54.096" />
<gc-op id="885" type="compact" timems="4.382" contextid="879" timestamp="2019-06-15T00:23:54.100">
  <compact-info movecount="31177" movebytes="1024216" />
  <remembered-set-cleared processed="67462" cleared="1793" durationms="0.389" />
</gc-op>
<heap-resize id="886" type="expand" space="default" amount="1048576" count="1" timems="0.052" reason="insufficient free space following gc" timestamp="2019-06-15T00:23:54.101" />
<gc-end id="887" type="partial gc" contextid="879" durationms="8.854" usertimems="12.000" systemtimems="0.000" timestamp="2019-06-15T00:23:54.101" activeThreads="1">
  <mem-info id="888" free="31457280" total="100663296" percent="31">
    <mem type="eden" free="239928" total="1048576" percent="22" />
    <arraylet-primitive objects="2" leaves="2" largest="1" />
    <remembered-set count="39072" freebytes="3861888" totalbytes="4018176" percent="96" regionsoverflowed="0" regionsstable="0" regionsrebuilding="0"/>
  </mem-info>
</gc-end>
<cycle-end id="889" type="partial gc" contextid="879" timestamp="2019-06-15T00:23:54.101" />
  <attribute name="elasticGC enabled" value="1" />
  <attribute name= "numThreadsSpecified" value="1" />
  <attribute name="heapSize specified" value="0" />
  <attribute name="Current GC Util" value="44" />
  <attribute name= "Current Time Running" value="2133" />
  <attribute name ="GC Interval" value="0" />
  <attribute name="ProportionalT" value="12.000000" />
  <attribute name="ProportionalI" value="12.000000" />
  <attribute name="ProportionalH" value="12.000000" />
  <attribute name="Current Error" value="24.000000" />
  <attribute name="IntegralT" value="0.000000" />
  <attribute name="IntegralI" value="0.000000" />
  <attribute name="IntegralH" value="0.000000" />
  <attribute name="DerivativeT" value="inf" />
  <attribute name="DerivativeI" value="inf" />
  <attribute name="DerivativeH" value="inf" />
  <attribute name="Loop Time for DT" value="0.000000" />
  <attribute name="Output H" value="8388608"/>
  <attribute name="Output I" value="200"/>
  <attribute name="Output T" value="1"/>
  <attribute name="Target GC Util Change" value ="20.000000" />
  <attribute name="Current GC Util Change" value="44.000000"/>
  <attribute name="GC Util currently" value="44" />
  <attribute name="CPU Util currently" value="6523724387962" />
<exclusive-end id="890" timestamp="2019-06-15T00:23:54.101" durationms="9.674" />

<exclusive-start id="891" timestamp="2019-06-15T00:23:54.122" intervalms="30.685">
  <response-info timems="0.547" idlems="0.284" threads="1" lastid="000000000181B500" lastname="Thread-10" />
</exclusive-start>
<allocation-taxation id="892" taxation-threshold="31457280" timestamp="2019-06-15T00:23:54.122" intervalms="30.682" />
<cycle-start id="893" type="partial gc" contextid="0" timestamp="2019-06-15T00:23:54.123" intervalms="30.674" />
<gc-start id="894" type="partial gc" contextid="893" timestamp="2019-06-15T00:23:54.123">
  <mem-info id="895" free="0" total="100663296" percent="0">
    <mem type="eden" free="0" total="31457280" percent="0" />
    <arraylet-primitive objects="2" leaves="2" largest="1" />
    <remembered-set count="38752" freebytes="3863168" totalbytes="4018176" percent="96" regionsoverflowed="0" regionsstable="0" regionsrebuilding="0"/>
  </mem-info>
</gc-start>
<allocation-stats totalBytes="31452832" >
  <allocated-bytes non-tlh="0" tlh="31452832" arrayletleaf="0"/>
  <largest-consumer threadName="Thread-7" threadId="000000000181F100" bytes="9210520" />
</allocation-stats>
<gc-op id="896" type="mark" timems="1.829" contextid="893" timestamp="2019-06-15T00:23:54.125">
  <trace-info objectcount="39966" scancount="39966" scanbytes="1510224" />
  <cardclean-info objects="13684" bytes="673728" />
  <remembered-set-cleared processed="34034" cleared="3725" durationms="0.197" />
  <stringconstants candidates="4597" cleared="0"  />
  <warning details="Mark invoked due to insufficient free space for Copy-Forward" />
</gc-op>
<gc-op id="897" type="classunload" timems="0.003" contextid="893" timestamp="2019-06-15T00:23:54.125">
  <classunload-info classloadercandidates="8" classloadersunloaded="0" classesunloaded="0" anonymousclassesunloaded="0" quiescems="0.000" setupms="0.002" scanms="0.000" postms="0.000" />
</gc-op>
<gc-op id="898" type="sweep" timems="0.423" contextid="893" timestamp="2019-06-15T00:23:54.126" />
<gc-op id="899" type="compact" timems="2.729" contextid="893" timestamp="2019-06-15T00:23:54.129">
  <compact-info movecount="31813" movebytes="1177192" />
  <remembered-set-cleared processed="66487" cleared="5863" durationms="0.197" />
</gc-op>
<heap-resize id="900" type="expand" space="default" amount="2097152" count="1" timems="0.062" reason="insufficient free space following gc" timestamp="2019-06-15T00:23:54.129" />
<gc-end id="901" type="partial gc" contextid="893" durationms="6.439" usertimems="8.000" systemtimems="4.000" timestamp="2019-06-15T00:23:54.129" activeThreads="4">
  <mem-info id="902" free="32505856" total="102760448" percent="31">
    <mem type="eden" free="100224" total="1048576" percent="9" />
    <arraylet-primitive objects="2" leaves="2" largest="1" />
    <remembered-set count="37824" freebytes="3950592" totalbytes="4101888" percent="96" regionsoverflowed="0" regionsstable="0" regionsrebuilding="0"/>
  </mem-info>
</gc-end>
<cycle-end id="903" type="partial gc" contextid="893" timestamp="2019-06-15T00:23:54.129" />
  <attribute name="elasticGC enabled" value="1" />
  <attribute name= "numThreadsSpecified" value="4" />
  <attribute name="heapSize specified" value="0" />
  <attribute name="Current GC Util" value="39" />
  <attribute name= "Current Time Running" value="2163" />
  <attribute name ="GC Interval" value="0" />
  <attribute name="ProportionalT" value="9.500000" />
  <attribute name="ProportionalI" value="9.500000" />
  <attribute name="ProportionalH" value="9.500000" />
  <attribute name="Current Error" value="19.000000" />
  <attribute name="IntegralT" value="0.000000" />
  <attribute name="IntegralI" value="0.000000" />
  <attribute name="IntegralH" value="0.000000" />
  <attribute name="DerivativeT" value="-inf" />
  <attribute name="DerivativeI" value="-inf" />
  <attribute name="DerivativeH" value="-inf" />
  <attribute name="Loop Time for DT" value="0.000000" />
  <attribute name="Output H" value="2091843584"/>
  <attribute name="Output I" value="200"/>
  <attribute name="Output T" value="4"/>
  <attribute name="Target GC Util Change" value ="20.000000" />
  <attribute name="Current GC Util Change" value="39.000000"/>
  <attribute name="GC Util currently" value="39" />
  <attribute name="CPU Util currently" value="7178659943949" />
<exclusive-end id="904" timestamp="2019-06-15T00:23:54.129" durationms="7.197" />

<exclusive-start id="905" timestamp="2019-06-15T00:23:54.147" intervalms="24.512">
  <response-info timems="0.048" idlems="0.048" threads="0" lastid="000000000181B500" lastname="Thread-10" />
</exclusive-start>
<allocation-taxation id="906" taxation-threshold="32505856" timestamp="2019-06-15T00:23:54.147" intervalms="24.516" />
<cycle-start id="907" type="partial gc" contextid="0" timestamp="2019-06-15T00:23:54.147" intervalms="24.518" />
<gc-start id="908" type="partial gc" contextid="907" timestamp="2019-06-15T00:23:54.147">
  <mem-info id="909" free="0" total="102760448" percent="0">
    <mem type="eden" free="0" total="32505856" percent="0" />
    <arraylet-primitive objects="2" leaves="2" largest="1" />
    <remembered-set count="37728" freebytes="3950976" totalbytes="4101888" percent="96" regionsoverflowed="0" regionsstable="0" regionsrebuilding="0"/>
  </mem-info>
</gc-start>
<allocation-stats totalBytes="32501168" >
  <allocated-bytes non-tlh="0" tlh="32501168" arrayletleaf="0"/>
  <largest-consumer threadName="Thread-7" threadId="000000000181F100" bytes="11069832" />
</allocation-stats>
<gc-op id="910" type="mark" timems="2.119" contextid="907" timestamp="2019-06-15T00:23:54.150">
  <trace-info objectcount="27600" scancount="27600" scanbytes="1075748" />
  <cardclean-info objects="3898" bytes="192288" />
  <remembered-set-cleared processed="33857" cleared="520" durationms="0.404" />
  <stringconstants candidates="4597" cleared="0"  />
  <warning details="Mark invoked due to insufficient free space for Copy-Forward" />
</gc-op>
<gc-op id="911" type="classunload" timems="0.002" contextid="907" timestamp="2019-06-15T00:23:54.150">
  <classunload-info classloadercandidates="8" classloadersunloaded="0" classesunloaded="0" anonymousclassesunloaded="0" quiescems="0.000" setupms="0.002" scanms="0.000" postms="0.000" />
</gc-op>
<gc-op id="912" type="sweep" timems="0.410" contextid="907" timestamp="2019-06-15T00:23:54.151" />
<gc-op id="913" type="compact" timems="2.388" contextid="907" timestamp="2019-06-15T00:23:54.153">
  <compact-info movecount="27565" movebytes="1074920" />
  <remembered-set-cleared processed="67884" cleared="1204" durationms="0.404" />
</gc-op>
<heap-resize id="914" type="expand" space="default" amount="1048576" count="1" timems="0.064" reason="insufficient free space following gc" timestamp="2019-06-15T00:23:54.153" />
<gc-end id="915" type="partial gc" contextid="907" durationms="6.353" usertimems="0.000" systemtimems="8.000" timestamp="2019-06-15T00:23:54.154" activeThreads="4">
  <mem-info id="916" free="32505856" total="103809024" percent="31">
    <mem type="eden" free="618560" total="1048576" percent="58" />
    <arraylet-primitive objects="2" leaves="2" largest="1" />
    <remembered-set count="39328" freebytes="3986432" totalbytes="4143744" percent="96" regionsoverflowed="0" regionsstable="0" regionsrebuilding="0"/>
  </mem-info>
</gc-end>
<cycle-end id="917" type="partial gc" contextid="907" timestamp="2019-06-15T00:23:54.154" />
  <attribute name="elasticGC enabled" value="1" />
  <attribute name= "numThreadsSpecified" value="4" />
  <attribute name="heapSize specified" value="0" />
  <attribute name="Current GC Util" value="61" />
  <attribute name= "Current Time Running" value="2188" />
  <attribute name ="GC Interval" value="0" />
  <attribute name="ProportionalT" value="20.500000" />
  <attribute name="ProportionalI" value="20.500000" />
  <attribute name="ProportionalH" value="20.500000" />
  <attribute name="Current Error" value="41.000000" />
  <attribute name="IntegralT" value="41.000000" />
  <attribute name="IntegralI" value="41.000000" />
  <attribute name="IntegralH" value="41.000000" />
  <attribute name="DerivativeT" value="20.500000" />
  <attribute name="DerivativeI" value="20.500000" />
  <attribute name="DerivativeH" value="20.500000" />
  <attribute name="Loop Time for DT" value="1.000000" />
  <attribute name="Output H" value="8388608"/>
  <attribute name="Output I" value="200"/>
  <attribute name="Output T" value="4"/>
  <attribute name="Target GC Util Change" value ="20.000000" />
  <attribute name="Current GC Util Change" value="61.000000"/>
  <attribute name="GC Util currently" value="61" />
  <attribute name="CPU Util currently" value="7288253301939" />
<exclusive-end id="918" timestamp="2019-06-15T00:23:54.154" durationms="7.177" />

<exclusive-start id="919" timestamp="2019-06-15T00:23:54.170" intervalms="23.208">
  <response-info timems="0.031" idlems="0.029" threads="1" lastid="000000000181F100" lastname="Thread-7" />
</exclusive-start>
<allocation-taxation id="920" taxation-threshold="32505856" timestamp="2019-06-15T00:23:54.170" intervalms="23.204" />
<cycle-start id="921" type="partial gc" contextid="0" timestamp="2019-06-15T00:23:54.170" intervalms="23.204" />
<gc-start id="922" type="partial gc" contextid="921" timestamp="2019-06-15T00:23:54.170">
  <mem-info id="923" free="0" total="103809024" percent="0">
    <mem type="eden" free="0" total="32505856" percent="0" />
    <arraylet-primitive objects="2" leaves="2" largest="1" />
    <remembered-set count="39232" freebytes="3986816" totalbytes="4143744" percent="96" regionsoverflowed="0" regionsstable="0" regionsrebuilding="0"/>
  </mem-info>
</gc-start>
<allocation-stats totalBytes="32501256" >
  <allocated-bytes non-tlh="0" tlh="32501256" arrayletleaf="0"/>
  <largest-consumer threadName="Thread-7" threadId="000000000181F100" bytes="10258888" />
</allocation-stats>
<gc-op id="924" type="mark" timems="2.796" contextid="921" timestamp="2019-06-15T00:23:54.174">
  <trace-info objectcount="40867" scancount="40867" scanbytes="1531624" />
  <cardclean-info objects="12989" bytes="639888" />
  <remembered-set-cleared processed="33906" cleared="2360" durationms="0.403" />
  <stringconstants candidates="4597" cleared="0"  />
  <warning details="Mark invoked due to insufficient free space for Copy-Forward" />
</gc-op>
<gc-op id="925" type="classunload" timems="0.003" contextid="921" timestamp="2019-06-15T00:23:54.174">
  <classunload-info classloadercandidates="8" classloadersunloaded="0" classesunloaded="0" anonymousclassesunloaded="0" quiescems="0.000" setupms="0.003" scanms="0.000" postms="0.000" />
</gc-op>
<gc-op id="926" type="sweep" timems="0.430" contextid="921" timestamp="2019-06-15T00:23:54.174" />
<gc-op id="927" type="compact" timems="2.199" contextid="921" timestamp="2019-06-15T00:23:54.177">
  <compact-info movecount="40756" movebytes="1528976" />
  <remembered-set-cleared processed="66519" cleared="3421" durationms="0.403" />
</gc-op>
<heap-resize id="928" type="expand" space="default" amount="3145728" count="1" timems="0.067" reason="insufficient free space following gc" timestamp="2019-06-15T00:23:54.177" />
<gc-end id="929" type="partial gc" contextid="921" durationms="6.666" usertimems="16.000" systemtimems="0.000" timestamp="2019-06-15T00:23:54.177" activeThreads="4">
  <mem-info id="930" free="33554432" total="106954752" percent="31">
    <mem type="eden" free="814112" total="2097152" percent="38" />
    <arraylet-primitive objects="2" leaves="2" largest="1" />
    <remembered-set count="38592" freebytes="4114944" totalbytes="4269312" percent="96" regionsoverflowed="0" regionsstable="0" regionsrebuilding="0"/>
  </mem-info>
</gc-end>
<cycle-end id="931" type="partial gc" contextid="921" timestamp="2019-06-15T00:23:54.177" />
  <attribute name="elasticGC enabled" value="1" />
  <attribute name= "numThreadsSpecified" value="4" />
  <attribute name="heapSize specified" value="0" />
  <attribute name="Current GC Util" value="46" />
  <attribute name= "Current Time Running" value="2212" />
  <attribute name ="GC Interval" value="0" />
  <attribute name="ProportionalT" value="13.000000" />
  <attribute name="ProportionalI" value="13.000000" />
  <attribute name="ProportionalH" value="13.000000" />
  <attribute name="Current Error" value="26.000000" />
  <attribute name="IntegralT" value="26.000000" />
  <attribute name="IntegralI" value="26.000000" />
  <attribute name="IntegralH" value="26.000000" />
  <attribute name="DerivativeT" value="13.000000" />
  <attribute name="DerivativeI" value="13.000000" />
  <attribute name="DerivativeH" value="13.000000" />
  <attribute name="Loop Time for DT" value="1.000000" />
  <attribute name="Output H" value="8388608"/>
  <attribute name="Output I" value="200"/>
  <attribute name="Output T" value="4"/>
  <attribute name="Target GC Util Change" value ="20.000000" />
  <attribute name="Current GC Util Change" value="46.000000"/>
  <attribute name="GC Util currently" value="46" />
  <attribute name="CPU Util currently" value="7125684504894" />
<exclusive-end id="932" timestamp="2019-06-15T00:23:54.177" durationms="7.425" />

<exclusive-start id="933" timestamp="2019-06-15T00:23:54.193" intervalms="23.243">
  <response-info timems="0.066" idlems="0.044" threads="1" lastid="0000000001817900" lastname="Thread-8" />
</exclusive-start>
<allocation-taxation id="934" taxation-threshold="33554432" timestamp="2019-06-15T00:23:54.193" intervalms="23.268" />
<cycle-start id="935" type="partial gc" contextid="0" timestamp="2019-06-15T00:23:54.194" intervalms="23.301" />
<gc-start id="936" type="partial gc" contextid="935" timestamp="2019-06-15T00:23:54.194">
  <mem-info id="937" free="0" total="106954752" percent="0">
    <mem type="eden" free="0" total="33554432" percent="0" />
    <arraylet-primitive objects="2" leaves="2" largest="1" />
    <remembered-set count="38176" freebytes="4116608" totalbytes="4269312" percent="96" regionsoverflowed="0" regionsstable="0" regionsrebuilding="0"/>
  </mem-info>
</gc-start>
<allocation-stats totalBytes="33549920" >
  <allocated-bytes non-tlh="0" tlh="33549920" arrayletleaf="0"/>
  <largest-consumer threadName="Thread-9" threadId="0000000001813D00" bytes="9652992" />
</allocation-stats>
<gc-op id="938" type="mark" timems="1.482" contextid="935" timestamp="2019-06-15T00:23:54.196">
  <trace-info objectcount="29278" scancount="29278" scanbytes="1138864" />
  <cardclean-info objects="4992" bytes="249120" />
  <remembered-set-cleared processed="32644" cleared="1911" durationms="0.180" />
  <stringconstants candidates="4597" cleared="0"  />
  <warning details="Mark invoked due to insufficient free space for Copy-Forward" />
</gc-op>
<gc-op id="939" type="classunload" timems="0.002" contextid="935" timestamp="2019-06-15T00:23:54.196">
  <classunload-info classloadercandidates="8" classloadersunloaded="0" classesunloaded="0" anonymousclassesunloaded="0" quiescems="0.000" setupms="0.002" scanms="0.000" postms="0.000" />
</gc-op>
<gc-op id="940" type="sweep" timems="0.347" contextid="935" timestamp="2019-06-15T00:23:54.196" />
<gc-op id="941" type="compact" timems="4.171" contextid="935" timestamp="2019-06-15T00:23:54.201">
  <compact-info movecount="29194" movebytes="1136864" />
  <remembered-set-cleared processed="64370" cleared="2899" durationms="0.308" />
</gc-op>
<heap-resize id="942" type="expand" space="default" amount="18874368" count="1" timems="0.149" reason="excessive time being spent in gc" timestamp="2019-06-15T00:23:54.201" />
<gc-end id="943" type="partial gc" contextid="935" durationms="7.413" usertimems="8.000" systemtimems="0.000" timestamp="2019-06-15T00:23:54.201" activeThreads="1">
  <mem-info id="944" free="52428800" total="125829120" percent="41">
    <mem type="eden" free="563552" total="1048576" percent="53" />
    <arraylet-primitive objects="2" leaves="2" largest="1" />
    <remembered-set count="36768" freebytes="4875648" totalbytes="5022720" percent="97" regionsoverflowed="0" regionsstable="0" regionsrebuilding="0"/>
  </mem-info>
</gc-end>
<cycle-end id="945" type="partial gc" contextid="935" timestamp="2019-06-15T00:23:54.201" />
  <attribute name="elasticGC enabled" value="1" />
  <attribute name= "numThreadsSpecified" value="1" />
  <attribute name="heapSize specified" value="0" />
  <attribute name="Current GC Util" value="51" />
  <attribute name= "Current Time Running" value="2234" />
  <attribute name ="GC Interval" value="0" />
  <attribute name="ProportionalT" value="15.500000" />
  <attribute name="ProportionalI" value="15.500000" />
  <attribute name="ProportionalH" value="15.500000" />
  <attribute name="Current Error" value="31.000000" />
  <attribute name="IntegralT" value="31.000000" />
  <attribute name="IntegralI" value="31.000000" />
  <attribute name="IntegralH" value="31.000000" />
  <attribute name="DerivativeT" value="-54.000000" />
  <attribute name="DerivativeI" value="-54.000000" />
  <attribute name="DerivativeH" value="-54.000000" />
  <attribute name="Loop Time for DT" value="1.000000" />
  <attribute name="Output H" value="8388608"/>
  <attribute name="Output I" value="200"/>
  <attribute name="Output T" value="1"/>
  <attribute name="Target GC Util Change" value ="20.000000" />
  <attribute name="Current GC Util Change" value="51.000000"/>
  <attribute name="GC Util currently" value="51" />
  <attribute name="CPU Util currently" value="8765414182142" />
<exclusive-end id="946" timestamp="2019-06-15T00:23:54.201" durationms="8.217" />

<exclusive-start id="947" timestamp="2019-06-15T00:23:54.222" intervalms="28.854">
  <response-info timems="0.038" idlems="0.038" threads="0" lastid="0000000001813D00" lastname="Thread-9" />
</exclusive-start>
<allocation-taxation id="948" taxation-threshold="37748736" timestamp="2019-06-15T00:23:54.222" intervalms="28.865" />
<cycle-start id="949" type="partial gc" contextid="0" timestamp="2019-06-15T00:23:54.222" intervalms="28.881" />
<gc-start id="950" type="partial gc" contextid="949" timestamp="2019-06-15T00:23:54.223">
  <mem-info id="951" free="14680064" total="125829120" percent="11">
    <mem type="eden" free="0" total="37748736" percent="0" />
    <arraylet-primitive objects="2" leaves="2" largest="1" />
    <remembered-set count="36672" freebytes="4876032" totalbytes="5022720" percent="97" regionsoverflowed="0" regionsstable="0" regionsrebuilding="0"/>
  </mem-info>
</gc-start>
<allocation-stats totalBytes="37743800" >
  <allocated-bytes non-tlh="0" tlh="37743800" arrayletleaf="0"/>
  <largest-consumer threadName="Thread-9" threadId="0000000001813D00" bytes="11639296" />
</allocation-stats>
<gc-op id="952" type="copy forward" timems="3.534" contextid="949" timestamp="2019-06-15T00:23:54.227">
  <memory-copied type="eden" objects="12895" bytes="562672" bytesdiscarded="29208" />
  <memory-copied type="other" objects="17211" bytes="710928" bytesdiscarded="20040" />
  <memory-cardclean objects="1676" bytes="85896" />
  <regions eden="36" other="3" />
  <remembered-set-cleared processed="32182" cleared="650" durationms="0.185" />
  <stringconstants candidates="4597" cleared="0"  />
</gc-op>
<gc-op id="953" type="classunload" timems="0.002" contextid="949" timestamp="2019-06-15T00:23:54.227">
  <classunload-info classloadercandidates="8" classloadersunloaded="0" classesunloaded="0" anonymousclassesunloaded="0" quiescems="0.000" setupms="0.002" scanms="0.000" postms="0.000" />
</gc-op>
<heap-resize id="954" type="expand" space="default" amount="22020096" count="1" timems="0.169" reason="excessive time being spent in gc" timestamp="2019-06-15T00:23:54.227" />
<gc-end id="955" type="partial gc" contextid="949" durationms="4.702" usertimems="4.000" systemtimems="8.000" timestamp="2019-06-15T00:23:54.227" activeThreads="4">
  <mem-info id="956" free="73400320" total="147849216" percent="49">
    <mem type="eden" free="456696" total="1048576" percent="43" />
    <arraylet-primitive objects="2" leaves="2" largest="1" />
    <remembered-set count="37536" freebytes="5751552" totalbytes="5901696" percent="97" regionsoverflowed="0" regionsstable="0" regionsrebuilding="0"/>
  </mem-info>
</gc-end>
<cycle-end id="957" type="partial gc" contextid="949" timestamp="2019-06-15T00:23:54.227" />
  <attribute name="elasticGC enabled" value="1" />
  <attribute name= "numThreadsSpecified" value="4" />
  <attribute name="heapSize specified" value="0" />
  <attribute name="Current GC Util" value="35" />
  <attribute name= "Current Time Running" value="2261" />
  <attribute name ="GC Interval" value="0" />
  <attribute name="ProportionalT" value="7.500000" />
  <attribute name="ProportionalI" value="7.500000" />
  <attribute name="ProportionalH" value="7.500000" />
  <attribute name="Current Error" value="15.000000" />
  <attribute name="IntegralT" value="15.000000" />
  <attribute name="IntegralI" value="15.000000" />
  <attribute name="IntegralH" value="15.000000" />
  <attribute name="DerivativeT" value="5.500000" />
  <attribute name="DerivativeI" value="5.500000" />
  <attribute name="DerivativeH" value="5.500000" />
  <attribute name="Loop Time for DT" value="1.000000" />
  <attribute name="Output H" value="8388608"/>
  <attribute name="Output I" value="200"/>
  <attribute name="Output T" value="4"/>
  <attribute name="Target GC Util Change" value ="20.000000" />
  <attribute name="Current GC Util Change" value="35.000000"/>
  <attribute name="GC Util currently" value="35" />
  <attribute name="CPU Util currently" value="9668591303508" />
<exclusive-end id="958" timestamp="2019-06-15T00:23:54.228" durationms="5.499" />

<exclusive-start id="959" timestamp="2019-06-15T00:23:54.256" intervalms="33.924">
  <response-info timems="0.066" idlems="0.066" threads="0" lastid="0000000001813D00" lastname="Thread-9" />
</exclusive-start>
<allocation-taxation id="960" taxation-threshold="42991616" timestamp="2019-06-15T00:23:54.256" intervalms="33.883" />
<cycle-start id="961" type="partial gc" contextid="0" timestamp="2019-06-15T00:23:54.256" intervalms="33.912" />
<gc-start id="962" type="partial gc" contextid="961" timestamp="2019-06-15T00:23:54.257">
  <mem-info id="963" free="30408704" total="147849216" percent="20">
    <mem type="eden" free="0" total="42991616" percent="0" />
    <arraylet-primitive objects="2" leaves="2" largest="1" />
    <remembered-set count="36192" freebytes="5756928" totalbytes="5901696" percent="97" regionsoverflowed="0" regionsstable="2" regionsrebuilding="0"/>
  </mem-info>
</gc-start>
<allocation-stats totalBytes="42986112" >
  <allocated-bytes non-tlh="0" tlh="42986112" arrayletleaf="0"/>
  <largest-consumer threadName="Thread-9" threadId="0000000001813D00" bytes="15628368" />
</allocation-stats>
<gc-op id="964" type="copy forward" timems="3.310" contextid="961" timestamp="2019-06-15T00:23:54.261">
  <memory-copied type="eden" objects="6738" bytes="300472" bytesdiscarded="0" />
  <memory-copied type="other" objects="20152" bytes="895776" bytesdiscarded="0" />
  <memory-cardclean objects="496" bytes="29256" />
  <regions eden="41" other="3" />
  <remembered-set-cleared processed="31394" cleared="601" durationms="0.394" />
  <stringconstants candidates="4597" cleared="0"  />
</gc-op>
<gc-op id="965" type="classunload" timems="0.003" contextid="961" timestamp="2019-06-15T00:23:54.261">
  <classunload-info classloadercandidates="8" classloadersunloaded="0" classesunloaded="0" anonymousclassesunloaded="0" quiescems="0.000" setupms="0.002" scanms="0.000" postms="0.000" />
</gc-op>
<heap-resize id="966" type="expand" space="default" amount="25165824" count="1" timems="0.186" reason="excessive time being spent in gc" timestamp="2019-06-15T00:23:54.261" />
<gc-end id="967" type="partial gc" contextid="961" durationms="4.593" usertimems="8.000" systemtimems="0.000" timestamp="2019-06-15T00:23:54.261" activeThreads="1">
  <mem-info id="968" free="97517568" total="173015040" percent="56">
    <mem type="eden" free="748104" total="1048576" percent="71" />
    <arraylet-primitive objects="2" leaves="2" largest="1" />
    <remembered-set count="36480" freebytes="6760320" totalbytes="6906240" percent="97" regionsoverflowed="0" regionsstable="2" regionsrebuilding="0"/>
  </mem-info>
</gc-end>
<cycle-end id="969" type="partial gc" contextid="961" timestamp="2019-06-15T00:23:54.261" />
  <attribute name="elasticGC enabled" value="1" />
  <attribute name= "numThreadsSpecified" value="1" />
  <attribute name="heapSize specified" value="0" />
  <attribute name="Current GC Util" value="64" />
  <attribute name= "Current Time Running" value="2294" />
  <attribute name ="GC Interval" value="0" />
  <attribute name="ProportionalT" value="22.000000" />
  <attribute name="ProportionalI" value="22.000000" />
  <attribute name="ProportionalH" value="22.000000" />
  <attribute name="Current Error" value="44.000000" />
  <attribute name="IntegralT" value="0.000000" />
  <attribute name="IntegralI" value="0.000000" />
  <attribute name="IntegralH" value="0.000000" />
  <attribute name="DerivativeT" value="inf" />
  <attribute name="DerivativeI" value="inf" />
  <attribute name="DerivativeH" value="inf" />
  <attribute name="Loop Time for DT" value="0.000000" />
  <attribute name="Output H" value="8388608"/>
  <attribute name="Output I" value="200"/>
  <attribute name="Output T" value="1"/>
  <attribute name="Target GC Util Change" value ="20.000000" />
  <attribute name="Current GC Util Change" value="64.000000"/>
  <attribute name="GC Util currently" value="64" />
  <attribute name="CPU Util currently" value="19862289682429" />
<exclusive-end id="970" timestamp="2019-06-15T00:23:54.262" durationms="5.507" />

<exclusive-start id="971" timestamp="2019-06-15T00:23:54.296" intervalms="40.391">
  <response-info timems="0.031" idlems="0.031" threads="0" lastid="000000000181F100" lastname="Thread-7" />
</exclusive-start>
<allocation-taxation id="972" taxation-threshold="49283072" timestamp="2019-06-15T00:23:54.297" intervalms="40.438" />
<cycle-start id="973" type="partial gc" contextid="0" timestamp="2019-06-15T00:23:54.297" intervalms="40.396" />
<gc-start id="974" type="partial gc" contextid="973" timestamp="2019-06-15T00:23:54.297">
  <mem-info id="975" free="48234496" total="173015040" percent="27">
    <mem type="eden" free="0" total="49283072" percent="0" />
    <arraylet-primitive objects="2" leaves="2" largest="1" />
    <remembered-set count="36320" freebytes="6760960" totalbytes="6906240" percent="97" regionsoverflowed="0" regionsstable="2" regionsrebuilding="0"/>
  </mem-info>
</gc-start>
<allocation-stats totalBytes="49276512" >
  <allocated-bytes non-tlh="0" tlh="49276512" arrayletleaf="0"/>
  <largest-consumer threadName="Thread-9" threadId="0000000001813D00" bytes="17106784" />
</allocation-stats>
<gc-op id="976" type="copy forward" timems="1.814" contextid="973" timestamp="2019-06-15T00:23:54.299">
  <memory-copied type="eden" objects="8224" bytes="335720" bytesdiscarded="27952" />
  <memory-copied type="other" objects="15892" bytes="793536" bytesdiscarded="31928" />
  <memory-cardclean objects="10" bytes="1872" />
  <regions eden="47" other="3" />
  <remembered-set-cleared processed="31494" cleared="526" durationms="0.176" />
  <stringconstants candidates="4597" cleared="0"  />
</gc-op>
<gc-op id="977" type="classunload" timems="0.002" contextid="973" timestamp="2019-06-15T00:23:54.299">
  <classunload-info classloadercandidates="8" classloadersunloaded="0" classesunloaded="0" anonymousclassesunloaded="0" quiescems="0.000" setupms="0.002" scanms="0.000" postms="0.000" />
</gc-op>
<heap-resize id="978" type="expand" space="default" amount="18874368" count="1" timems="0.152" reason="excessive time being spent in gc" timestamp="2019-06-15T00:23:54.300" />
<gc-end id="979" type="partial gc" contextid="973" durationms="2.863" usertimems="4.000" systemtimems="0.000" timestamp="2019-06-15T00:23:54.300" activeThreads="4">
  <mem-info id="980" free="115343360" total="191889408" percent="60">
    <mem type="eden" free="684904" total="1048576" percent="65" />
    <arraylet-primitive objects="2" leaves="2" largest="1" />
    <remembered-set count="35936" freebytes="7515904" totalbytes="7659648" percent="98" regionsoverflowed="0" regionsstable="2" regionsrebuilding="0"/>
  </mem-info>
</gc-end>
<cycle-end id="981" type="partial gc" contextid="973" timestamp="2019-06-15T00:23:54.300" />
  <attribute name="elasticGC enabled" value="1" />
  <attribute name= "numThreadsSpecified" value="4" />
  <attribute name="heapSize specified" value="0" />
  <attribute name="Current GC Util" value="74" />
  <attribute name= "Current Time Running" value="2335" />
  <attribute name ="GC Interval" value="0" />
  <attribute name="ProportionalT" value="27.000000" />
  <attribute name="ProportionalI" value="27.000000" />
  <attribute name="ProportionalH" value="27.000000" />
  <attribute name="Current Error" value="54.000000" />
  <attribute name="IntegralT" value="54.000000" />
  <attribute name="IntegralI" value="54.000000" />
  <attribute name="IntegralH" value="54.000000" />
  <attribute name="DerivativeT" value="27.000000" />
  <attribute name="DerivativeI" value="27.000000" />
  <attribute name="DerivativeH" value="27.000000" />
  <attribute name="Loop Time for DT" value="1.000000" />
  <attribute name="Output H" value="8388608"/>
  <attribute name="Output I" value="200"/>
  <attribute name="Output T" value="4"/>
  <attribute name="Target GC Util Change" value ="20.000000" />
  <attribute name="Current GC Util Change" value="74.000000"/>
  <attribute name="GC Util currently" value="74" />
  <attribute name="CPU Util currently" value="19724750024468" />
<exclusive-end id="982" timestamp="2019-06-15T00:23:54.300" durationms="3.608" />

<exclusive-start id="983" timestamp="2019-06-15T00:23:54.338" intervalms="41.201">
  <response-info timems="0.033" idlems="0.033" threads="0" lastid="0000000001817900" lastname="Thread-8" />
</exclusive-start>
<allocation-taxation id="984" taxation-threshold="54525952" timestamp="2019-06-15T00:23:54.338" intervalms="41.170" />
<cycle-start id="985" type="partial gc" contextid="0" timestamp="2019-06-15T00:23:54.338" intervalms="41.136" />
<gc-start id="986" type="partial gc" contextid="985" timestamp="2019-06-15T00:23:54.338">
  <mem-info id="987" free="60817408" total="191889408" percent="31">
    <mem type="eden" free="0" total="54525952" percent="0" />
    <arraylet-primitive objects="2" leaves="2" largest="1" />
    <remembered-set count="35584" freebytes="7517312" totalbytes="7659648" percent="98" regionsoverflowed="0" regionsstable="2" regionsrebuilding="0"/>
  </mem-info>
</gc-start>
<allocation-stats totalBytes="54518888" >
  <allocated-bytes non-tlh="0" tlh="54518888" arrayletleaf="0"/>
  <largest-consumer threadName="Thread-9" threadId="0000000001813D00" bytes="17475592" />
</allocation-stats>
<gc-op id="988" type="copy forward" timems="3.476" contextid="985" timestamp="2019-06-15T00:23:54.342">
  <memory-copied type="eden" objects="7724" bytes="324264" bytesdiscarded="0" />
  <memory-copied type="other" objects="18398" bytes="830568" bytesdiscarded="0" />
  <memory-cardclean objects="1598" bytes="97104" />
  <regions eden="52" other="4" />
  <remembered-set-cleared processed="31443" cleared="1690" durationms="0.405" />
  <stringconstants candidates="4597" cleared="0"  />
</gc-op>
<gc-op id="989" type="classunload" timems="0.002" contextid="985" timestamp="2019-06-15T00:23:54.342">
  <classunload-info classloadercandidates="8" classloadersunloaded="0" classesunloaded="0" anonymousclassesunloaded="0" quiescems="0.000" setupms="0.002" scanms="0.000" postms="0.000" />
</gc-op>
<gc-end id="990" type="partial gc" contextid="985" durationms="4.368" usertimems="8.000" systemtimems="0.000" timestamp="2019-06-15T00:23:54.342" activeThreads="1">
  <mem-info id="991" free="114294784" total="191889408" percent="59">
    <mem type="eden" free="724312" total="1048576" percent="69" />
    <arraylet-primitive objects="2" leaves="2" largest="1" />
    <remembered-set count="36064" freebytes="7515392" totalbytes="7659648" percent="98" regionsoverflowed="0" regionsstable="2" regionsrebuilding="0"/>
  </mem-info>
</gc-end>
<cycle-end id="992" type="partial gc" contextid="985" timestamp="2019-06-15T00:23:54.343" />
  <attribute name="elasticGC enabled" value="1" />
  <attribute name= "numThreadsSpecified" value="1" />
  <attribute name="heapSize specified" value="0" />
  <attribute name="Current GC Util" value="75" />
  <attribute name= "Current Time Running" value="2376" />
  <attribute name ="GC Interval" value="0" />
  <attribute name="ProportionalT" value="27.500000" />
  <attribute name="ProportionalI" value="27.500000" />
  <attribute name="ProportionalH" value="27.500000" />
  <attribute name="Current Error" value="55.000000" />
  <attribute name="IntegralT" value="0.000000" />
  <attribute name="IntegralI" value="0.000000" />
  <attribute name="IntegralH" value="0.000000" />
  <attribute name="DerivativeT" value="inf" />
  <attribute name="DerivativeI" value="inf" />
  <attribute name="DerivativeH" value="inf" />
  <attribute name="Loop Time for DT" value="0.000000" />
  <attribute name="Output H" value="8388608"/>
  <attribute name="Output I" value="200"/>
  <attribute name="Output T" value="1"/>
  <attribute name="Target GC Util Change" value ="20.000000" />
  <attribute name="Current GC Util Change" value="75.000000"/>
  <attribute name="GC Util currently" value="75" />
  <attribute name="CPU Util currently" value="21677568887211" />
<exclusive-end id="993" timestamp="2019-06-15T00:23:54.343" durationms="5.108" />

<exclusive-start id="994" timestamp="2019-06-15T00:23:54.380" intervalms="42.087">
  <response-info timems="0.066" idlems="0.066" threads="0" lastid="000000000181F100" lastname="Thread-7" />
</exclusive-start>
<allocation-taxation id="995" taxation-threshold="54525952" timestamp="2019-06-15T00:23:54.380" intervalms="42.064" />
<cycle-start id="996" type="partial gc" contextid="0" timestamp="2019-06-15T00:23:54.380" intervalms="42.056" />
<gc-start id="997" type="partial gc" contextid="996" timestamp="2019-06-15T00:23:54.380">
  <mem-info id="998" free="59768832" total="191889408" percent="31">
    <mem type="eden" free="0" total="54525952" percent="0" />
    <arraylet-primitive objects="2" leaves="2" largest="1" />
    <remembered-set count="35680" freebytes="7516928" totalbytes="7659648" percent="98" regionsoverflowed="0" regionsstable="2" regionsrebuilding="0"/>
  </mem-info>
</gc-start>
<allocation-stats totalBytes="54519272" >
  <allocated-bytes non-tlh="0" tlh="54519272" arrayletleaf="0"/>
  <largest-consumer threadName="Thread-7" threadId="000000000181F100" bytes="15824968" />
</allocation-stats>
<gc-op id="999" type="copy forward" timems="2.389" contextid="996" timestamp="2019-06-15T00:23:54.383">
  <memory-copied type="eden" objects="2974" bytes="72480" bytesdiscarded="0" />
  <memory-copied type="other" objects="8995" bytes="353256" bytesdiscarded="0" />
  <memory-cardclean objects="7705" bytes="409008" />
  <regions eden="52" other="2" />
  <remembered-set-cleared processed="31055" cleared="711" durationms="0.398" />
  <stringconstants candidates="4597" cleared="0"  />
</gc-op>
<gc-op id="1000" type="classunload" timems="0.002" contextid="996" timestamp="2019-06-15T00:23:54.383">
  <classunload-info classloadercandidates="8" classloadersunloaded="0" classesunloaded="0" anonymousclassesunloaded="0" quiescems="0.000" setupms="0.002" scanms="0.000" postms="0.000" />
</gc-op>
<gc-end id="1001" type="partial gc" contextid="996" durationms="3.313" usertimems="8.000" systemtimems="0.000" timestamp="2019-06-15T00:23:54.383" activeThreads="1">
  <mem-info id="1002" free="113246208" total="191889408" percent="59">
    <mem type="eden" free="976096" total="1048576" percent="93" />
    <arraylet-primitive objects="2" leaves="2" largest="1" />
    <remembered-set count="37056" freebytes="7511424" totalbytes="7659648" percent="98" regionsoverflowed="0" regionsstable="2" regionsrebuilding="0"/>
  </mem-info>
</gc-end>
<cycle-end id="1003" type="partial gc" contextid="996" timestamp="2019-06-15T00:23:54.384" />
  <attribute name="elasticGC enabled" value="1" />
  <attribute name= "numThreadsSpecified" value="1" />
  <attribute name="heapSize specified" value="0" />
  <attribute name="Current GC Util" value="70" />
  <attribute name= "Current Time Running" value="2418" />
  <attribute name ="GC Interval" value="0" />
  <attribute name="ProportionalT" value="25.000000" />
  <attribute name="ProportionalI" value="25.000000" />
  <attribute name="ProportionalH" value="25.000000" />
  <attribute name="Current Error" value="50.000000" />
  <attribute name="IntegralT" value="0.000000" />
  <attribute name="IntegralI" value="0.000000" />
  <attribute name="IntegralH" value="0.000000" />
  <attribute name="DerivativeT" value="inf" />
  <attribute name="DerivativeI" value="inf" />
  <attribute name="DerivativeH" value="inf" />
  <attribute name="Loop Time for DT" value="0.000000" />
  <attribute name="Output H" value="8388608"/>
  <attribute name="Output I" value="200"/>
  <attribute name="Output T" value="1"/>
  <attribute name="Target GC Util Change" value ="20.000000" />
  <attribute name="Current GC Util Change" value="70.000000"/>
  <attribute name="GC Util currently" value="70" />
  <attribute name="CPU Util currently" value="19390927039195" />
<exclusive-end id="1004" timestamp="2019-06-15T00:23:54.384" durationms="4.019" />

<exclusive-start id="1005" timestamp="2019-06-15T00:23:54.420" intervalms="40.385">
  <response-info timems="0.040" idlems="0.040" threads="0" lastid="0000000001817900" lastname="Thread-8" />
</exclusive-start>
<allocation-taxation id="1006" taxation-threshold="54525952" timestamp="2019-06-15T00:23:54.420" intervalms="40.404" />
<cycle-start id="1007" type="partial gc" contextid="0" timestamp="2019-06-15T00:23:54.420" intervalms="40.411" />
<gc-start id="1008" type="partial gc" contextid="1007" timestamp="2019-06-15T00:23:54.421">
  <mem-info id="1009" free="58720256" total="191889408" percent="30">
    <mem type="eden" free="0" total="54525952" percent="0" />
    <arraylet-primitive objects="2" leaves="2" largest="1" />
    <remembered-set count="36768" freebytes="7512576" totalbytes="7659648" percent="98" regionsoverflowed="0" regionsstable="2" regionsrebuilding="0"/>
  </mem-info>
</gc-start>
<allocation-stats totalBytes="54518808" >
  <allocated-bytes non-tlh="0" tlh="54518808" arrayletleaf="0"/>
  <largest-consumer threadName="Thread-8" threadId="0000000001817900" bytes="16299960" />
</allocation-stats>
<gc-op id="1010" type="copy forward" timems="3.107" contextid="1007" timestamp="2019-06-15T00:23:54.424">
  <memory-copied type="eden" objects="3414" bytes="83504" bytesdiscarded="0" />
  <memory-copied type="other" objects="20339" bytes="877152" bytesdiscarded="0" />
  <memory-cardclean objects="2991" bytes="163968" />
  <regions eden="52" other="3" />
  <remembered-set-cleared processed="31629" cleared="1274" durationms="0.401" />
  <stringconstants candidates="4597" cleared="0"  />
</gc-op>
<gc-op id="1011" type="classunload" timems="0.002" contextid="1007" timestamp="2019-06-15T00:23:54.424">
  <classunload-info classloadercandidates="8" classloadersunloaded="0" classesunloaded="0" anonymousclassesunloaded="0" quiescems="0.000" setupms="0.002" scanms="0.000" postms="0.000" />
</gc-op>
<gc-end id="1012" type="partial gc" contextid="1007" durationms="4.035" usertimems="4.000" systemtimems="0.000" timestamp="2019-06-15T00:23:54.425" activeThreads="1">
  <mem-info id="1013" free="112197632" total="191889408" percent="58">
    <mem type="eden" free="965072" total="1048576" percent="92" />
    <arraylet-primitive objects="2" leaves="2" largest="1" />
    <remembered-set count="38080" freebytes="7507328" totalbytes="7659648" percent="98" regionsoverflowed="0" regionsstable="2" regionsrebuilding="0"/>
  </mem-info>
</gc-end>
<cycle-end id="1014" type="partial gc" contextid="1007" timestamp="2019-06-15T00:23:54.425" />
  <attribute name="elasticGC enabled" value="1" />
  <attribute name= "numThreadsSpecified" value="1" />
  <attribute name="heapSize specified" value="0" />
  <attribute name="Current GC Util" value="77" />
  <attribute name= "Current Time Running" value="2458" />
  <attribute name ="GC Interval" value="0" />
  <attribute name="ProportionalT" value="28.500000" />
  <attribute name="ProportionalI" value="28.500000" />
  <attribute name="ProportionalH" value="28.500000" />
  <attribute name="Current Error" value="57.000000" />
  <attribute name="IntegralT" value="0.000000" />
  <attribute name="IntegralI" value="0.000000" />
  <attribute name="IntegralH" value="0.000000" />
  <attribute name="DerivativeT" value="inf" />
  <attribute name="DerivativeI" value="inf" />
  <attribute name="DerivativeH" value="inf" />
  <attribute name="Loop Time for DT" value="0.000000" />
  <attribute name="Output H" value="8388608"/>
  <attribute name="Output I" value="200"/>
  <attribute name="Output T" value="1"/>
  <attribute name="Target GC Util Change" value ="20.000000" />
  <attribute name="Current GC Util Change" value="77.000000"/>
  <attribute name="GC Util currently" value="77" />
  <attribute name="CPU Util currently" value="21546914006748" />
<exclusive-end id="1015" timestamp="2019-06-15T00:23:54.425" durationms="4.812" />

<exclusive-start id="1016" timestamp="2019-06-15T00:23:54.454" intervalms="34.049">
  <response-info timems="0.041" idlems="0.041" threads="0" lastid="0000000001817900" lastname="Thread-8" />
</exclusive-start>
<allocation-taxation id="1017" taxation-threshold="54525952" timestamp="2019-06-15T00:23:54.454" intervalms="34.071" />
<cycle-start id="1018" type="partial gc" contextid="0" timestamp="2019-06-15T00:23:54.454" intervalms="34.089" />
<gc-start id="1019" type="partial gc" contextid="1018" timestamp="2019-06-15T00:23:54.455">
  <mem-info id="1020" free="57671680" total="191889408" percent="30">
    <mem type="eden" free="0" total="54525952" percent="0" />
    <arraylet-primitive objects="2" leaves="2" largest="1" />
    <remembered-set count="37632" freebytes="7509120" totalbytes="7659648" percent="98" regionsoverflowed="0" regionsstable="2" regionsrebuilding="0"/>
  </mem-info>
</gc-start>
<allocation-stats totalBytes="54518800" >
  <allocated-bytes non-tlh="0" tlh="54518800" arrayletleaf="0"/>
  <largest-consumer threadName="Thread-8" threadId="0000000001817900" bytes="14383280" />
</allocation-stats>
<gc-op id="1021" type="copy forward" timems="2.545" contextid="1018" timestamp="2019-06-15T00:23:54.458">
  <memory-copied type="eden" objects="9237" bytes="360288" bytesdiscarded="5880" />
  <memory-copied type="other" objects="5853" bytes="140472" bytesdiscarded="4368" />
  <memory-cardclean objects="11631" bytes="601536" />
  <regions eden="52" other="2" />
  <remembered-set-cleared processed="32299" cleared="1114" durationms="0.195" />
  <stringconstants candidates="4597" cleared="0"  />
</gc-op>
<gc-op id="1022" type="classunload" timems="0.002" contextid="1018" timestamp="2019-06-15T00:23:54.458">
  <classunload-info classloadercandidates="8" classloadersunloaded="0" classesunloaded="0" anonymousclassesunloaded="0" quiescems="0.000" setupms="0.002" scanms="0.000" postms="0.000" />
</gc-op>
<gc-end id="1023" type="partial gc" contextid="1018" durationms="3.623" usertimems="8.000" systemtimems="0.000" timestamp="2019-06-15T00:23:54.458" activeThreads="4">
  <mem-info id="1024" free="111149056" total="191889408" percent="57">
    <mem type="eden" free="682408" total="1048576" percent="65" />
    <arraylet-primitive objects="2" leaves="2" largest="1" />
    <remembered-set count="38272" freebytes="7506560" totalbytes="7659648" percent="98" regionsoverflowed="0" regionsstable="2" regionsrebuilding="0"/>
  </mem-info>
</gc-end>
<cycle-end id="1025" type="partial gc" contextid="1018" timestamp="2019-06-15T00:23:54.458" />
  <attribute name="elasticGC enabled" value="1" />
  <attribute name= "numThreadsSpecified" value="4" />
  <attribute name="heapSize specified" value="0" />
  <attribute name="Current GC Util" value="67" />
  <attribute name= "Current Time Running" value="2493" />
  <attribute name ="GC Interval" value="0" />
  <attribute name="ProportionalT" value="23.500000" />
  <attribute name="ProportionalI" value="23.500000" />
  <attribute name="ProportionalH" value="23.500000" />
  <attribute name="Current Error" value="47.000000" />
  <attribute name="IntegralT" value="47.000000" />
  <attribute name="IntegralI" value="47.000000" />
  <attribute name="IntegralH" value="47.000000" />
  <attribute name="DerivativeT" value="23.500000" />
  <attribute name="DerivativeI" value="23.500000" />
  <attribute name="DerivativeH" value="23.500000" />
  <attribute name="Loop Time for DT" value="1.000000" />
  <attribute name="Output H" value="8388608"/>
  <attribute name="Output I" value="200"/>
  <attribute name="Output T" value="4"/>
  <attribute name="Target GC Util Change" value ="20.000000" />
  <attribute name="Current GC Util Change" value="67.000000"/>
  <attribute name="GC Util currently" value="67" />
  <attribute name="CPU Util currently" value="17401341053886" />
<exclusive-end id="1026" timestamp="2019-06-15T00:23:54.458" durationms="4.312" />

<exclusive-start id="1027" timestamp="2019-06-15T00:23:54.486" intervalms="32.170">
  <response-info timems="0.037" idlems="0.037" threads="0" lastid="000000000181B500" lastname="Thread-10" />
</exclusive-start>
<allocation-taxation id="1028" taxation-threshold="54525952" timestamp="2019-06-15T00:23:54.486" intervalms="32.171" />
<cycle-start id="1029" type="partial gc" contextid="0" timestamp="2019-06-15T00:23:54.487" intervalms="32.272" />
<gc-start id="1030" type="partial gc" contextid="1029" timestamp="2019-06-15T00:23:54.487">
  <mem-info id="1031" free="56623104" total="191889408" percent="29">
    <mem type="eden" free="0" total="54525952" percent="0" />
    <arraylet-primitive objects="2" leaves="2" largest="1" />
    <remembered-set count="38048" freebytes="7507456" totalbytes="7659648" percent="98" regionsoverflowed="0" regionsstable="2" regionsrebuilding="0"/>
  </mem-info>
</gc-start>
<allocation-stats totalBytes="54518416" >
  <allocated-bytes non-tlh="0" tlh="54518416" arrayletleaf="0"/>
  <largest-consumer threadName="Thread-7" threadId="000000000181F100" bytes="14448632" />
</allocation-stats>
<gc-op id="1032" type="copy forward" timems="2.868" contextid="1029" timestamp="2019-06-15T00:23:54.491">
  <memory-copied type="eden" objects="6977" bytes="306160" bytesdiscarded="0" />
  <memory-copied type="other" objects="11019" bytes="401832" bytesdiscarded="0" />
  <memory-cardclean objects="8873" bytes="431088" />
  <regions eden="52" other="3" />
  <remembered-set-cleared processed="32850" cleared="1987" durationms="0.435" />
  <stringconstants candidates="4597" cleared="0"  />
</gc-op>
<gc-op id="1033" type="classunload" timems="0.002" contextid="1029" timestamp="2019-06-15T00:23:54.491">
  <classunload-info classloadercandidates="8" classloadersunloaded="0" classesunloaded="0" anonymousclassesunloaded="0" quiescems="0.000" setupms="0.001" scanms="0.000" postms="0.000" />
</gc-op>
<gc-end id="1034" type="partial gc" contextid="1029" durationms="4.095" usertimems="0.000" systemtimems="4.000" timestamp="2019-06-15T00:23:54.491" activeThreads="1">
  <mem-info id="1035" free="110100480" total="191889408" percent="57">
    <mem type="eden" free="742416" total="1048576" percent="70" />
    <arraylet-primitive objects="2" leaves="2" largest="1" />
    <remembered-set count="37696" freebytes="7508864" totalbytes="7659648" percent="98" regionsoverflowed="0" regionsstable="2" regionsrebuilding="0"/>
  </mem-info>
</gc-end>
<cycle-end id="1036" type="partial gc" contextid="1029" timestamp="2019-06-15T00:23:54.491" />
  <attribute name="elasticGC enabled" value="1" />
  <attribute name= "numThreadsSpecified" value="1" />
  <attribute name="heapSize specified" value="0" />
  <attribute name="Current GC Util" value="67" />
  <attribute name= "Current Time Running" value="2525" />
  <attribute name ="GC Interval" value="0" />
  <attribute name="ProportionalT" value="23.500000" />
  <attribute name="ProportionalI" value="23.500000" />
  <attribute name="ProportionalH" value="23.500000" />
  <attribute name="Current Error" value="47.000000" />
  <attribute name="IntegralT" value="0.000000" />
  <attribute name="IntegralI" value="0.000000" />
  <attribute name="IntegralH" value="0.000000" />
  <attribute name="DerivativeT" value="inf" />
  <attribute name="DerivativeI" value="inf" />
  <attribute name="DerivativeH" value="inf" />
  <attribute name="Loop Time for DT" value="0.000000" />
  <attribute name="Output H" value="8388608"/>
  <attribute name="Output I" value="200"/>
  <attribute name="Output T" value="1"/>
  <attribute name="Target GC Util Change" value ="20.000000" />
  <attribute name="Current GC Util Change" value="67.000000"/>
  <attribute name="GC Util currently" value="67" />
  <attribute name="CPU Util currently" value="15248973318585" />
<exclusive-end id="1037" timestamp="2019-06-15T00:23:54.491" durationms="5.153" />

<exclusive-start id="1038" timestamp="2019-06-15T00:23:54.519" intervalms="32.518">
  <response-info timems="0.038" idlems="0.038" threads="0" lastid="0000000001817900" lastname="Thread-8" />
</exclusive-start>
<allocation-taxation id="1039" taxation-threshold="54525952" timestamp="2019-06-15T00:23:54.519" intervalms="32.503" />
<cycle-start id="1040" type="partial gc" contextid="0" timestamp="2019-06-15T00:23:54.519" intervalms="32.430" />
<gc-start id="1041" type="partial gc" contextid="1040" timestamp="2019-06-15T00:23:54.519">
  <mem-info id="1042" free="55574528" total="191889408" percent="28">
    <mem type="eden" free="0" total="54525952" percent="0" />
    <arraylet-primitive objects="2" leaves="2" largest="1" />
    <remembered-set count="37504" freebytes="7509632" totalbytes="7659648" percent="98" regionsoverflowed="0" regionsstable="2" regionsrebuilding="0"/>
  </mem-info>
</gc-start>
<allocation-stats totalBytes="54519192" >
  <allocated-bytes non-tlh="0" tlh="54519192" arrayletleaf="0"/>
  <largest-consumer threadName="Thread-7" threadId="000000000181F100" bytes="14846096" />
</allocation-stats>
<gc-op id="1043" type="copy forward" timems="3.128" contextid="1040" timestamp="2019-06-15T00:23:54.523">
  <memory-copied type="eden" objects="3400" bytes="82912" bytesdiscarded="0" />
  <memory-copied type="other" objects="18842" bytes="841224" bytesdiscarded="0" />
  <memory-cardclean objects="3264" bytes="177072" />
  <regions eden="52" other="4" />
  <remembered-set-cleared processed="32790" cleared="3686" durationms="0.439" />
  <stringconstants candidates="4597" cleared="0"  />
</gc-op>
<gc-op id="1044" type="classunload" timems="0.003" contextid="1040" timestamp="2019-06-15T00:23:54.523">
  <classunload-info classloadercandidates="8" classloadersunloaded="0" classesunloaded="0" anonymousclassesunloaded="0" quiescems="0.000" setupms="0.002" scanms="0.000" postms="0.000" />
</gc-op>
<heap-resize id="1045" type="expand" space="default" amount="15728640" count="1" timems="0.130" reason="excessive time being spent in gc" timestamp="2019-06-15T00:23:54.524" />
<gc-end id="1046" type="partial gc" contextid="1040" durationms="4.571" usertimems="4.000" systemtimems="0.000" timestamp="2019-06-15T00:23:54.524" activeThreads="1">
  <mem-info id="1047" free="124780544" total="207618048" percent="60">
    <mem type="eden" free="965664" total="1048576" percent="92" />
    <arraylet-primitive objects="2" leaves="2" largest="1" />
    <remembered-set count="36288" freebytes="8142336" totalbytes="8287488" percent="98" regionsoverflowed="0" regionsstable="2" regionsrebuilding="0"/>
  </mem-info>
</gc-end>
<cycle-end id="1048" type="partial gc" contextid="1040" timestamp="2019-06-15T00:23:54.524" />
  <attribute name="elasticGC enabled" value="1" />
  <attribute name= "numThreadsSpecified" value="1" />
  <attribute name="heapSize specified" value="0" />
  <attribute name="Current GC Util" value="78" />
  <attribute name= "Current Time Running" value="2557" />
  <attribute name ="GC Interval" value="0" />
  <attribute name="ProportionalT" value="29.000000" />
  <attribute name="ProportionalI" value="29.000000" />
  <attribute name="ProportionalH" value="29.000000" />
  <attribute name="Current Error" value="58.000000" />
  <attribute name="IntegralT" value="0.000000" />
  <attribute name="IntegralI" value="0.000000" />
  <attribute name="IntegralH" value="0.000000" />
  <attribute name="DerivativeT" value="inf" />
  <attribute name="DerivativeI" value="inf" />
  <attribute name="DerivativeH" value="inf" />
  <attribute name="Loop Time for DT" value="0.000000" />
  <attribute name="Output H" value="8388608"/>
  <attribute name="Output I" value="200"/>
  <attribute name="Output T" value="1"/>
  <attribute name="Target GC Util Change" value ="20.000000" />
  <attribute name="Current GC Util Change" value="78.000000"/>
  <attribute name="GC Util currently" value="78" />
  <attribute name="CPU Util currently" value="18079158566010" />
<exclusive-end id="1049" timestamp="2019-06-15T00:23:54.524" durationms="5.579" />

<exclusive-start id="1050" timestamp="2019-06-15T00:23:54.554" intervalms="35.361">
  <response-info timems="0.044" idlems="0.044" threads="0" lastid="000000000181B500" lastname="Thread-10" />
</exclusive-start>
<allocation-taxation id="1051" taxation-threshold="57671680" timestamp="2019-06-15T00:23:54.554" intervalms="35.385" />
<cycle-start id="1052" type="partial gc" contextid="0" timestamp="2019-06-15T00:23:54.554" intervalms="35.357" />
<gc-start id="1053" type="partial gc" contextid="1052" timestamp="2019-06-15T00:23:54.555">
  <mem-info id="1054" free="67108864" total="207618048" percent="32">
    <mem type="eden" free="0" total="57671680" percent="0" />
    <arraylet-primitive objects="2" leaves="2" largest="1" />
    <remembered-set count="36032" freebytes="8143360" totalbytes="8287488" percent="98" regionsoverflowed="0" regionsstable="2" regionsrebuilding="0"/>
  </mem-info>
</gc-start>
<allocation-stats totalBytes="57664112" >
  <allocated-bytes non-tlh="0" tlh="57664112" arrayletleaf="0"/>
  <largest-consumer threadName="Thread-8" threadId="0000000001817900" bytes="17135616" />
</allocation-stats>
<gc-op id="1055" type="copy forward" timems="2.248" contextid="1052" timestamp="2019-06-15T00:23:54.558">
  <memory-copied type="eden" objects="10995" bytes="402888" bytesdiscarded="30160" />
  <memory-copied type="other" objects="15266" bytes="641136" bytesdiscarded="30976" />
  <memory-cardclean objects="5691" bytes="297024" />
  <regions eden="55" other="3" />
  <remembered-set-cleared processed="31279" cleared="1594" durationms="0.180" />
  <stringconstants candidates="4597" cleared="0"  />
</gc-op>
<gc-op id="1056" type="classunload" timems="0.002" contextid="1052" timestamp="2019-06-15T00:23:54.558">
  <classunload-info classloadercandidates="8" classloadersunloaded="0" classesunloaded="0" anonymousclassesunloaded="0" quiescems="0.000" setupms="0.002" scanms="0.000" postms="0.000" />
</gc-op>
<heap-resize id="1057" type="expand" space="default" amount="2097152" count="1" timems="0.070" reason="excessive time being spent in gc" timestamp="2019-06-15T00:23:54.558" />
<gc-end id="1058" type="partial gc" contextid="1052" durationms="3.292" usertimems="0.000" systemtimems="8.000" timestamp="2019-06-15T00:23:54.558" activeThreads="4">
  <mem-info id="1059" free="125829120" total="209715200" percent="60">
    <mem type="eden" free="615528" total="1048576" percent="58" />
    <arraylet-primitive objects="2" leaves="2" largest="1" />
    <remembered-set count="37280" freebytes="8222080" totalbytes="8371200" percent="98" regionsoverflowed="0" regionsstable="2" regionsrebuilding="0"/>
  </mem-info>
</gc-end>
<cycle-end id="1060" type="partial gc" contextid="1052" timestamp="2019-06-15T00:23:54.558" />
  <attribute name="elasticGC enabled" value="1" />
  <attribute name= "numThreadsSpecified" value="4" />
  <attribute name="heapSize specified" value="0" />
  <attribute name="Current GC Util" value="72" />
  <attribute name= "Current Time Running" value="2593" />
  <attribute name ="GC Interval" value="0" />
  <attribute name="ProportionalT" value="26.000000" />
  <attribute name="ProportionalI" value="26.000000" />
  <attribute name="ProportionalH" value="26.000000" />
  <attribute name="Current Error" value="52.000000" />
  <attribute name="IntegralT" value="52.000000" />
  <attribute name="IntegralI" value="52.000000" />
  <attribute name="IntegralH" value="52.000000" />
  <attribute name="DerivativeT" value="26.000000" />
  <attribute name="DerivativeI" value="26.000000" />
  <attribute name="DerivativeH" value="26.000000" />
  <attribute name="Loop Time for DT" value="1.000000" />
  <attribute name="Output H" value="8388608"/>
  <attribute name="Output I" value="200"/>
  <attribute name="Output T" value="4"/>
  <attribute name="Target GC Util Change" value ="20.000000" />
  <attribute name="Current GC Util Change" value="72.000000"/>
  <attribute name="GC Util currently" value="72" />
  <attribute name="CPU Util currently" value="19340588663188" />
<exclusive-end id="1061" timestamp="2019-06-15T00:23:54.558" durationms="4.113" />

<exclusive-start id="1062" timestamp="2019-06-15T00:23:54.592" intervalms="38.018">
  <response-info timems="0.253" idlems="0.156" threads="1" lastid="0000000001813D00" lastname="Thread-9" />
</exclusive-start>
<allocation-taxation id="1063" taxation-threshold="58720256" timestamp="2019-06-15T00:23:54.592" intervalms="37.979" />
<cycle-start id="1064" type="partial gc" contextid="0" timestamp="2019-06-15T00:23:54.592" intervalms="37.993" />
<gc-start id="1065" type="partial gc" contextid="1064" timestamp="2019-06-15T00:23:54.593">
  <mem-info id="1066" free="67108864" total="209715200" percent="32">
    <mem type="eden" free="0" total="58720256" percent="0" />
    <arraylet-primitive objects="2" leaves="2" largest="1" />
    <remembered-set count="37184" freebytes="8222464" totalbytes="8371200" percent="98" regionsoverflowed="0" regionsstable="2" regionsrebuilding="0"/>
  </mem-info>
</gc-start>
<allocation-stats totalBytes="58712560" >
  <allocated-bytes non-tlh="0" tlh="58712560" arrayletleaf="0"/>
  <largest-consumer threadName="Thread-8" threadId="0000000001817900" bytes="17127296" />
</allocation-stats>
<gc-op id="1067" type="copy forward" timems="2.061" contextid="1064" timestamp="2019-06-15T00:23:54.596">
  <memory-copied type="eden" objects="4841" bytes="116360" bytesdiscarded="31392" />
  <memory-copied type="other" objects="14909" bytes="495192" bytesdiscarded="34048" />
  <memory-cardclean objects="14637" bytes="749040" />
  <regions eden="56" other="3" />
  <remembered-set-cleared processed="31979" cleared="2559" durationms="0.202" />
  <stringconstants candidates="4597" cleared="0"  />
</gc-op>
<gc-op id="1068" type="classunload" timems="0.003" contextid="1064" timestamp="2019-06-15T00:23:54.596">
  <classunload-info classloadercandidates="8" classloadersunloaded="0" classesunloaded="0" anonymousclassesunloaded="0" quiescems="0.000" setupms="0.003" scanms="0.000" postms="0.000" />
</gc-op>
<heap-resize id="1069" type="expand" space="default" amount="3145728" count="1" timems="0.070" reason="excessive time being spent in gc" timestamp="2019-06-15T00:23:54.596" />
<gc-end id="1070" type="partial gc" contextid="1064" durationms="3.224" usertimems="8.000" systemtimems="0.000" timestamp="2019-06-15T00:23:54.596" activeThreads="4">
  <mem-info id="1071" free="127926272" total="212860928" percent="60">
    <mem type="eden" free="900824" total="1048576" percent="85" />
    <arraylet-primitive objects="2" leaves="2" largest="1" />
    <remembered-set count="37344" freebytes="8347392" totalbytes="8496768" percent="98" regionsoverflowed="0" regionsstable="2" regionsrebuilding="0"/>
  </mem-info>
</gc-end>
<cycle-end id="1072" type="partial gc" contextid="1064" timestamp="2019-06-15T00:23:54.596" />
  <attribute name="elasticGC enabled" value="1" />
  <attribute name= "numThreadsSpecified" value="4" />
  <attribute name="heapSize specified" value="0" />
  <attribute name="Current GC Util" value="53" />
  <attribute name= "Current Time Running" value="2631" />
  <attribute name ="GC Interval" value="0" />
  <attribute name="ProportionalT" value="16.500000" />
  <attribute name="ProportionalI" value="16.500000" />
  <attribute name="ProportionalH" value="16.500000" />
  <attribute name="Current Error" value="33.000000" />
  <attribute name="IntegralT" value="33.000000" />
  <attribute name="IntegralI" value="33.000000" />
  <attribute name="IntegralH" value="33.000000" />
  <attribute name="DerivativeT" value="16.500000" />
  <attribute name="DerivativeI" value="16.500000" />
  <attribute name="DerivativeH" value="16.500000" />
  <attribute name="Loop Time for DT" value="1.000000" />
  <attribute name="Output H" value="8388608"/>
  <attribute name="Output I" value="200"/>
  <attribute name="Output T" value="4"/>
  <attribute name="Target GC Util Change" value ="20.000000" />
  <attribute name="Current GC Util Change" value="53.000000"/>
  <attribute name="GC Util currently" value="53" />
  <attribute name="CPU Util currently" value="16322125574993" />
<exclusive-end id="1073" timestamp="2019-06-15T00:23:54.596" durationms="4.126" />

<exclusive-start id="1074" timestamp="2019-06-15T00:23:54.634" intervalms="41.435">
  <response-info timems="0.133" idlems="0.077" threads="1" lastid="0000000001813D00" lastname="Thread-9" />
</exclusive-start>
<allocation-taxation id="1075" taxation-threshold="59768832" timestamp="2019-06-15T00:23:54.634" intervalms="41.442" />
<cycle-start id="1076" type="partial gc" contextid="0" timestamp="2019-06-15T00:23:54.634" intervalms="41.445" />
<gc-start id="1077" type="partial gc" contextid="1076" timestamp="2019-06-15T00:23:54.634">
  <mem-info id="1078" free="68157440" total="212860928" percent="32">
    <mem type="eden" free="0" total="59768832" percent="0" />
    <arraylet-primitive objects="2" leaves="2" largest="1" />
    <remembered-set count="37344" freebytes="8347392" totalbytes="8496768" percent="98" regionsoverflowed="0" regionsstable="2" regionsrebuilding="0"/>
  </mem-info>
</gc-start>
<allocation-stats totalBytes="59760952" >
  <allocated-bytes non-tlh="0" tlh="59760952" arrayletleaf="0"/>
  <largest-consumer threadName="Thread-7" threadId="000000000181F100" bytes="19969632" />
</allocation-stats>
<gc-op id="1079" type="copy forward" timems="4.394" contextid="1076" timestamp="2019-06-15T00:23:54.639">
  <memory-copied type="eden" objects="22017" bytes="941832" bytesdiscarded="0" />
  <memory-copied type="other" objects="16797" bytes="540504" bytesdiscarded="0" />
  <memory-cardclean objects="11495" bytes="565080" />
  <regions eden="57" other="4" />
  <remembered-set-cleared processed="31072" cleared="2092" durationms="0.415" />
  <stringconstants candidates="4597" cleared="0"  />
</gc-op>
<gc-op id="1080" type="classunload" timems="0.002" contextid="1076" timestamp="2019-06-15T00:23:54.639">
  <classunload-info classloadercandidates="8" classloadersunloaded="0" classesunloaded="0" anonymousclassesunloaded="0" quiescems="0.000" setupms="0.002" scanms="0.000" postms="0.000" />
</gc-op>
<gc-end id="1081" type="partial gc" contextid="1076" durationms="5.348" usertimems="8.000" systemtimems="0.000" timestamp="2019-06-15T00:23:54.639" activeThreads="1">
  <mem-info id="1082" free="126877696" total="212860928" percent="59">
    <mem type="eden" free="106744" total="1048576" percent="10" />
    <arraylet-primitive objects="2" leaves="2" largest="1" />
    <remembered-set count="37472" freebytes="8346880" totalbytes="8496768" percent="98" regionsoverflowed="0" regionsstable="2" regionsrebuilding="0"/>
  </mem-info>
</gc-end>
<cycle-end id="1083" type="partial gc" contextid="1076" timestamp="2019-06-15T00:23:54.640" />
  <attribute name="elasticGC enabled" value="1" />
  <attribute name= "numThreadsSpecified" value="1" />
  <attribute name="heapSize specified" value="0" />
  <attribute name="Current GC Util" value="65" />
  <attribute name= "Current Time Running" value="2672" />
  <attribute name ="GC Interval" value="0" />
  <attribute name="ProportionalT" value="22.500000" />
  <attribute name="ProportionalI" value="22.500000" />
  <attribute name="ProportionalH" value="22.500000" />
  <attribute name="Current Error" value="45.000000" />
  <attribute name="IntegralT" value="0.000000" />
  <attribute name="IntegralI" value="0.000000" />
  <attribute name="IntegralH" value="0.000000" />
  <attribute name="DerivativeT" value="inf" />
  <attribute name="DerivativeI" value="inf" />
  <attribute name="DerivativeH" value="inf" />
  <attribute name="Loop Time for DT" value="0.000000" />
  <attribute name="Output H" value="8388608"/>
  <attribute name="Output I" value="200"/>
  <attribute name="Output T" value="1"/>
  <attribute name="Target GC Util Change" value ="20.000000" />
  <attribute name="Current GC Util Change" value="65.000000"/>
  <attribute name="GC Util currently" value="65" />
  <attribute name="CPU Util currently" value="18854915220884" />
<exclusive-end id="1084" timestamp="2019-06-15T00:23:54.640" durationms="6.138" />

<exclusive-start id="1085" timestamp="2019-06-15T00:23:54.677" intervalms="43.209">
  <response-info timems="0.033" idlems="0.033" threads="0" lastid="000000000181F100" lastname="Thread-7" />
</exclusive-start>
<allocation-taxation id="1086" taxation-threshold="59768832" timestamp="2019-06-15T00:23:54.677" intervalms="43.238" />
<cycle-start id="1087" type="partial gc" contextid="0" timestamp="2019-06-15T00:23:54.677" intervalms="43.237" />
<gc-start id="1088" type="partial gc" contextid="1087" timestamp="2019-06-15T00:23:54.677">
  <mem-info id="1089" free="67108864" total="212860928" percent="31">
    <mem type="eden" free="0" total="59768832" percent="0" />
    <arraylet-primitive objects="2" leaves="2" largest="1" />
    <remembered-set count="37152" freebytes="8348160" totalbytes="8496768" percent="98" regionsoverflowed="0" regionsstable="2" regionsrebuilding="0"/>
  </mem-info>
</gc-start>
<allocation-stats totalBytes="59761416" >
  <allocated-bytes non-tlh="0" tlh="59761416" arrayletleaf="0"/>
  <largest-consumer threadName="Thread-8" threadId="0000000001817900" bytes="21951928" />
</allocation-stats>
<gc-op id="1090" type="copy forward" timems="3.166" contextid="1087" timestamp="2019-06-15T00:23:54.681">
  <memory-copied type="eden" objects="7960" bytes="329992" bytesdiscarded="0" />
  <memory-copied type="other" objects="15273" bytes="641304" bytesdiscarded="0" />
  <memory-cardclean objects="6938" bytes="357480" />
  <regions eden="57" other="3" />
  <remembered-set-cleared processed="31868" cleared="2140" durationms="0.428" />
  <stringconstants candidates="4597" cleared="0"  />
</gc-op>
<gc-op id="1091" type="classunload" timems="0.003" contextid="1087" timestamp="2019-06-15T00:23:54.681">
  <classunload-info classloadercandidates="8" classloadersunloaded="0" classesunloaded="0" anonymousclassesunloaded="0" quiescems="0.000" setupms="0.003" scanms="0.000" postms="0.000" />
</gc-op>
<gc-end id="1092" type="partial gc" contextid="1087" durationms="4.044" usertimems="8.000" systemtimems="0.000" timestamp="2019-06-15T00:23:54.681" activeThreads="1">
  <mem-info id="1093" free="125829120" total="212860928" percent="59">
    <mem type="eden" free="718584" total="1048576" percent="68" />
    <arraylet-primitive objects="2" leaves="2" largest="1" />
    <remembered-set count="37600" freebytes="8346368" totalbytes="8496768" percent="98" regionsoverflowed="0" regionsstable="2" regionsrebuilding="0"/>
  </mem-info>
</gc-end>
<cycle-end id="1094" type="partial gc" contextid="1087" timestamp="2019-06-15T00:23:54.682" />
  <attribute name="elasticGC enabled" value="1" />
  <attribute name= "numThreadsSpecified" value="1" />
  <attribute name="heapSize specified" value="0" />
  <attribute name="Current GC Util" value="88" />
  <attribute name= "Current Time Running" value="2715" />
  <attribute name ="GC Interval" value="0" />
  <attribute name="ProportionalT" value="34.000000" />
  <attribute name="ProportionalI" value="34.000000" />
  <attribute name="ProportionalH" value="34.000000" />
  <attribute name="Current Error" value="68.000000" />
  <attribute name="IntegralT" value="0.000000" />
  <attribute name="IntegralI" value="0.000000" />
  <attribute name="IntegralH" value="0.000000" />
  <attribute name="DerivativeT" value="inf" />
  <attribute name="DerivativeI" value="inf" />
  <attribute name="DerivativeH" value="inf" />
  <attribute name="Loop Time for DT" value="0.000000" />
  <attribute name="Output H" value="8388608"/>
  <attribute name="Output I" value="200"/>
  <attribute name="Output T" value="1"/>
  <attribute name="Target GC Util Change" value ="20.000000" />
  <attribute name="Current GC Util Change" value="88.000000"/>
  <attribute name="GC Util currently" value="88" />
  <attribute name="CPU Util currently" value="22933442756517" />
<exclusive-end id="1095" timestamp="2019-06-15T00:23:54.682" durationms="4.862" />

<exclusive-start id="1096" timestamp="2019-06-15T00:23:54.722" intervalms="44.753">
  <response-info timems="0.061" idlems="0.061" threads="0" lastid="000000000181F100" lastname="Thread-7" />
</exclusive-start>
<allocation-taxation id="1097" taxation-threshold="59768832" timestamp="2019-06-15T00:23:54.722" intervalms="44.747" />
<cycle-start id="1098" type="partial gc" contextid="0" timestamp="2019-06-15T00:23:54.722" intervalms="44.748" />
<gc-start id="1099" type="partial gc" contextid="1098" timestamp="2019-06-15T00:23:54.722">
  <mem-info id="1100" free="66060288" total="212860928" percent="31">
    <mem type="eden" free="0" total="59768832" percent="0" />
    <arraylet-primitive objects="2" leaves="2" largest="1" />
    <remembered-set count="37216" freebytes="8347904" totalbytes="8496768" percent="98" regionsoverflowed="0" regionsstable="2" regionsrebuilding="0"/>
  </mem-info>
</gc-start>
<allocation-stats totalBytes="59760976" >
  <allocated-bytes non-tlh="0" tlh="59760976" arrayletleaf="0"/>
  <largest-consumer threadName="Thread-7" threadId="000000000181F100" bytes="22385912" />
</allocation-stats>
<gc-op id="1101" type="copy forward" timems="3.494" contextid="1098" timestamp="2019-06-15T00:23:54.726">
  <memory-copied type="eden" objects="4364" bytes="106432" bytesdiscarded="0" />
  <memory-copied type="other" objects="21924" bytes="938304" bytesdiscarded="0" />
  <memory-cardclean objects="6278" bytes="306576" />
  <regions eden="57" other="4" />
  <remembered-set-cleared processed="31386" cleared="2078" durationms="0.424" />
  <stringconstants candidates="4597" cleared="0"  />
</gc-op>
<gc-op id="1102" type="classunload" timems="0.002" contextid="1098" timestamp="2019-06-15T00:23:54.726">
  <classunload-info classloadercandidates="8" classloadersunloaded="0" classesunloaded="0" anonymousclassesunloaded="0" quiescems="0.000" setupms="0.002" scanms="0.000" postms="0.000" />
</gc-op>
<gc-end id="1103" type="partial gc" contextid="1098" durationms="4.366" usertimems="4.000" systemtimems="0.000" timestamp="2019-06-15T00:23:54.726" activeThreads="1">
  <mem-info id="1104" free="125829120" total="212860928" percent="59">
    <mem type="eden" free="942144" total="1048576" percent="89" />
    <arraylet-primitive objects="2" leaves="2" largest="1" />
    <remembered-set count="36960" freebytes="8348928" totalbytes="8496768" percent="98" regionsoverflowed="0" regionsstable="2" regionsrebuilding="0"/>
  </mem-info>
</gc-end>
<cycle-end id="1105" type="partial gc" contextid="1098" timestamp="2019-06-15T00:23:54.727" />
  <attribute name="elasticGC enabled" value="1" />
  <attribute name= "numThreadsSpecified" value="1" />
  <attribute name="heapSize specified" value="0" />
  <attribute name="Current GC Util" value="87" />
  <attribute name= "Current Time Running" value="2760" />
  <attribute name ="GC Interval" value="0" />
  <attribute name="ProportionalT" value="33.500000" />
  <attribute name="ProportionalI" value="33.500000" />
  <attribute name="ProportionalH" value="33.500000" />
  <attribute name="Current Error" value="67.000000" />
  <attribute name="IntegralT" value="0.000000" />
  <attribute name="IntegralI" value="0.000000" />
  <attribute name="IntegralH" value="0.000000" />
  <attribute name="DerivativeT" value="inf" />
  <attribute name="DerivativeI" value="inf" />
  <attribute name="DerivativeH" value="inf" />
  <attribute name="Loop Time for DT" value="0.000000" />
  <attribute name="Output H" value="8388608"/>
  <attribute name="Output I" value="200"/>
  <attribute name="Output T" value="1"/>
  <attribute name="Target GC Util Change" value ="20.000000" />
  <attribute name="Current GC Util Change" value="87.000000"/>
  <attribute name="GC Util currently" value="87" />
  <attribute name="CPU Util currently" value="21057638497195" />
<exclusive-end id="1106" timestamp="2019-06-15T00:23:54.727" durationms="5.186" />

<exclusive-start id="1107" timestamp="2019-06-15T00:23:54.765" intervalms="43.321">
  <response-info timems="0.034" idlems="0.034" threads="0" lastid="000000000181F100" lastname="Thread-7" />
</exclusive-start>
<allocation-taxation id="1108" taxation-threshold="59768832" timestamp="2019-06-15T00:23:54.765" intervalms="43.315" />
<cycle-start id="1109" type="partial gc" contextid="0" timestamp="2019-06-15T00:23:54.765" intervalms="43.281" />
<gc-start id="1110" type="partial gc" contextid="1109" timestamp="2019-06-15T00:23:54.765">
  <mem-info id="1111" free="66060288" total="212860928" percent="31">
    <mem type="eden" free="0" total="59768832" percent="0" />
    <arraylet-primitive objects="2" leaves="2" largest="1" />
    <remembered-set count="36768" freebytes="8349696" totalbytes="8496768" percent="98" regionsoverflowed="0" regionsstable="2" regionsrebuilding="0"/>
  </mem-info>
</gc-start>
<allocation-stats totalBytes="59760968" >
  <allocated-bytes non-tlh="0" tlh="59760968" arrayletleaf="0"/>
  <largest-consumer threadName="Thread-7" threadId="000000000181F100" bytes="19687088" />
</allocation-stats>
<gc-op id="1112" type="copy forward" timems="3.235" contextid="1109" timestamp="2019-06-15T00:23:54.769">
  <memory-copied type="eden" objects="12140" bytes="429760" bytesdiscarded="0" />
  <memory-copied type="other" objects="11222" bytes="406704" bytesdiscarded="0" />
  <memory-cardclean objects="7276" bytes="396696" />
  <regions eden="57" other="3" />
  <remembered-set-cleared processed="30906" cleared="1496" durationms="0.430" />
  <stringconstants candidates="4597" cleared="0"  />
</gc-op>
<gc-op id="1113" type="classunload" timems="0.002" contextid="1109" timestamp="2019-06-15T00:23:54.769">
  <classunload-info classloadercandidates="8" classloadersunloaded="0" classesunloaded="0" anonymousclassesunloaded="0" quiescems="0.000" setupms="0.002" scanms="0.000" postms="0.000" />
</gc-op>
<gc-end id="1114" type="partial gc" contextid="1109" durationms="4.113" usertimems="8.000" systemtimems="0.000" timestamp="2019-06-15T00:23:54.770" activeThreads="1">
  <mem-info id="1115" free="124780544" total="212860928" percent="58">
    <mem type="eden" free="618816" total="1048576" percent="59" />
    <arraylet-primitive objects="2" leaves="2" largest="1" />
    <remembered-set count="37728" freebytes="8345856" totalbytes="8496768" percent="98" regionsoverflowed="0" regionsstable="2" regionsrebuilding="0"/>
  </mem-info>
</gc-end>
<cycle-end id="1116" type="partial gc" contextid="1109" timestamp="2019-06-15T00:23:54.770" />
  <attribute name="elasticGC enabled" value="1" />
  <attribute name= "numThreadsSpecified" value="1" />
  <attribute name="heapSize specified" value="0" />
  <attribute name="Current GC Util" value="77" />
  <attribute name= "Current Time Running" value="2803" />
  <attribute name ="GC Interval" value="0" />
  <attribute name="ProportionalT" value="28.500000" />
  <attribute name="ProportionalI" value="28.500000" />
  <attribute name="ProportionalH" value="28.500000" />
  <attribute name="Current Error" value="57.000000" />
  <attribute name="IntegralT" value="0.000000" />
  <attribute name="IntegralI" value="0.000000" />
  <attribute name="IntegralH" value="0.000000" />
  <attribute name="DerivativeT" value="inf" />
  <attribute name="DerivativeI" value="inf" />
  <attribute name="DerivativeH" value="inf" />
  <attribute name="Loop Time for DT" value="0.000000" />
  <attribute name="Output H" value="8388608"/>
  <attribute name="Output I" value="200"/>
  <attribute name="Output T" value="1"/>
  <attribute name="Target GC Util Change" value ="20.000000" />
  <attribute name="Current GC Util Change" value="77.000000"/>
  <attribute name="GC Util currently" value="77" />
  <attribute name="CPU Util currently" value="19724075119484" />
<exclusive-end id="1117" timestamp="2019-06-15T00:23:54.770" durationms="4.887" />

<exclusive-start id="1118" timestamp="2019-06-15T00:23:54.801" intervalms="35.580">
  <response-info timems="0.037" idlems="0.037" threads="0" lastid="0000000001817900" lastname="Thread-8" />
</exclusive-start>
<allocation-taxation id="1119" taxation-threshold="59768832" timestamp="2019-06-15T00:23:54.801" intervalms="35.563" />
<cycle-start id="1120" type="partial gc" contextid="0" timestamp="2019-06-15T00:23:54.801" intervalms="35.561" />
<gc-start id="1121" type="partial gc" contextid="1120" timestamp="2019-06-15T00:23:54.801">
  <mem-info id="1122" free="65011712" total="212860928" percent="30">
    <mem type="eden" free="0" total="59768832" percent="0" />
    <arraylet-primitive objects="2" leaves="2" largest="1" />
    <remembered-set count="37344" freebytes="8347392" totalbytes="8496768" percent="98" regionsoverflowed="0" regionsstable="2" regionsrebuilding="0"/>
  </mem-info>
</gc-start>
<allocation-stats totalBytes="59760352" >
  <allocated-bytes non-tlh="0" tlh="59760352" arrayletleaf="0"/>
  <largest-consumer threadName="Thread-10" threadId="000000000181B500" bytes="20964568" />
</allocation-stats>
<gc-op id="1123" type="copy forward" timems="3.433" contextid="1120" timestamp="2019-06-15T00:23:54.805">
  <memory-copied type="eden" objects="11405" bytes="412160" bytesdiscarded="0" />
  <memory-copied type="other" objects="16893" bytes="680184" bytesdiscarded="0" />
  <memory-cardclean objects="3562" bytes="195432" />
  <regions eden="57" other="4" />
  <remembered-set-cleared processed="31008" cleared="1315" durationms="0.417" />
  <stringconstants candidates="4597" cleared="0"  />
</gc-op>
<gc-op id="1124" type="classunload" timems="0.002" contextid="1120" timestamp="2019-06-15T00:23:54.805">
  <classunload-info classloadercandidates="8" classloadersunloaded="0" classesunloaded="0" anonymousclassesunloaded="0" quiescems="0.000" setupms="0.001" scanms="0.000" postms="0.000" />
</gc-op>
<gc-end id="1125" type="partial gc" contextid="1120" durationms="4.402" usertimems="4.000" systemtimems="0.000" timestamp="2019-06-15T00:23:54.805" activeThreads="1">
  <mem-info id="1126" free="124780544" total="212860928" percent="58">
    <mem type="eden" free="636416" total="1048576" percent="60" />
    <arraylet-primitive objects="2" leaves="2" largest="1" />
    <remembered-set count="38560" freebytes="8342528" totalbytes="8496768" percent="98" regionsoverflowed="0" regionsstable="2" regionsrebuilding="0"/>
  </mem-info>
</gc-end>
<cycle-end id="1127" type="partial gc" contextid="1120" timestamp="2019-06-15T00:23:54.806" />
  <attribute name="elasticGC enabled" value="1" />
  <attribute name= "numThreadsSpecified" value="1" />
  <attribute name="heapSize specified" value="0" />
  <attribute name="Current GC Util" value="70" />
  <attribute name= "Current Time Running" value="2839" />
  <attribute name ="GC Interval" value="0" />
  <attribute name="ProportionalT" value="25.000000" />
  <attribute name="ProportionalI" value="25.000000" />
  <attribute name="ProportionalH" value="25.000000" />
  <attribute name="Current Error" value="50.000000" />
  <attribute name="IntegralT" value="0.000000" />
  <attribute name="IntegralI" value="0.000000" />
  <attribute name="IntegralH" value="0.000000" />
  <attribute name="DerivativeT" value="inf" />
  <attribute name="DerivativeI" value="inf" />
  <attribute name="DerivativeH" value="inf" />
  <attribute name="Loop Time for DT" value="0.000000" />
  <attribute name="Output H" value="8388608"/>
  <attribute name="Output I" value="200"/>
  <attribute name="Output T" value="1"/>
  <attribute name="Target GC Util Change" value ="20.000000" />
  <attribute name="Current GC Util Change" value="70.000000"/>
  <attribute name="GC Util currently" value="70" />
  <attribute name="CPU Util currently" value="19279140170305" />
<exclusive-end id="1128" timestamp="2019-06-15T00:23:54.806" durationms="5.271" />

<exclusive-start id="1129" timestamp="2019-06-15T00:23:54.834" intervalms="33.422">
  <response-info timems="0.035" idlems="0.035" threads="0" lastid="000000000181F100" lastname="Thread-7" />
</exclusive-start>
<allocation-taxation id="1130" taxation-threshold="59768832" timestamp="2019-06-15T00:23:54.834" intervalms="33.446" />
<cycle-start id="1131" type="partial gc" contextid="0" timestamp="2019-06-15T00:23:54.834" intervalms="33.481" />
<gc-start id="1132" type="partial gc" contextid="1131" timestamp="2019-06-15T00:23:54.834">
  <mem-info id="1133" free="65011712" total="212860928" percent="30">
    <mem type="eden" free="0" total="59768832" percent="0" />
    <arraylet-primitive objects="2" leaves="2" largest="1" />
    <remembered-set count="38432" freebytes="8343040" totalbytes="8496768" percent="98" regionsoverflowed="0" regionsstable="2" regionsrebuilding="0"/>
  </mem-info>
</gc-start>
<allocation-stats totalBytes="59760976" >
  <allocated-bytes non-tlh="0" tlh="59760976" arrayletleaf="0"/>
  <largest-consumer threadName="Thread-9" threadId="0000000001813D00" bytes="18544216" />
</allocation-stats>
<gc-op id="1134" type="copy forward" timems="3.283" contextid="1131" timestamp="2019-06-15T00:23:54.838">
  <memory-copied type="eden" objects="18936" bytes="730680" bytesdiscarded="0" />
  <memory-copied type="other" objects="4649" bytes="111576" bytesdiscarded="0" />
  <memory-cardclean objects="9386" bytes="493512" />
  <regions eden="57" other="2" />
  <remembered-set-cleared processed="31678" cleared="1046" durationms="0.433" />
  <stringconstants candidates="4597" cleared="0"  />
</gc-op>
<gc-op id="1135" type="classunload" timems="0.002" contextid="1131" timestamp="2019-06-15T00:23:54.838">
  <classunload-info classloadercandidates="8" classloadersunloaded="0" classesunloaded="0" anonymousclassesunloaded="0" quiescems="0.000" setupms="0.002" scanms="0.000" postms="0.000" />
</gc-op>
<heap-resize id="1136" type="expand" space="default" amount="10485760" count="1" timems="0.165" reason="excessive time being spent in gc" timestamp="2019-06-15T00:23:54.839" />
<gc-end id="1137" type="partial gc" contextid="1131" durationms="4.447" usertimems="8.000" systemtimems="0.000" timestamp="2019-06-15T00:23:54.839" activeThreads="1">
  <mem-info id="1138" free="134217728" total="223346688" percent="60">
    <mem type="eden" free="317896" total="1048576" percent="30" />
    <arraylet-primitive objects="2" leaves="2" largest="1" />
    <remembered-set count="39584" freebytes="8756992" totalbytes="8915328" percent="98" regionsoverflowed="0" regionsstable="2" regionsrebuilding="0"/>
  </mem-info>
</gc-end>
<cycle-end id="1139" type="partial gc" contextid="1131" timestamp="2019-06-15T00:23:54.839" />
  <attribute name="elasticGC enabled" value="1" />
  <attribute name= "numThreadsSpecified" value="1" />
  <attribute name="heapSize specified" value="0" />
  <attribute name="Current GC Util" value="72" />
  <attribute name= "Current Time Running" value="2872" />
  <attribute name ="GC Interval" value="0" />
  <attribute name="ProportionalT" value="26.000000" />
  <attribute name="ProportionalI" value="26.000000" />
  <attribute name="ProportionalH" value="26.000000" />
  <attribute name="Current Error" value="52.000000" />
  <attribute name="IntegralT" value="0.000000" />
  <attribute name="IntegralI" value="0.000000" />
  <attribute name="IntegralH" value="0.000000" />
  <attribute name="DerivativeT" value="inf" />
  <attribute name="DerivativeI" value="inf" />
  <attribute name="DerivativeH" value="inf" />
  <attribute name="Loop Time for DT" value="0.000000" />
  <attribute name="Output H" value="8388608"/>
  <attribute name="Output I" value="200"/>
  <attribute name="Output T" value="1"/>
  <attribute name="Target GC Util Change" value ="20.000000" />
  <attribute name="Current GC Util Change" value="72.000000"/>
  <attribute name="GC Util currently" value="72" />
  <attribute name="CPU Util currently" value="19401858714667" />
<exclusive-end id="1140" timestamp="2019-06-15T00:23:54.839" durationms="5.244" />

<exclusive-start id="1141" timestamp="2019-06-15T00:23:54.865" intervalms="30.873">
  <response-info timems="0.041" idlems="0.041" threads="0" lastid="000000000181B500" lastname="Thread-10" />
</exclusive-start>
<allocation-taxation id="1142" taxation-threshold="61865984" timestamp="2019-06-15T00:23:54.865" intervalms="30.892" />
<cycle-start id="1143" type="partial gc" contextid="0" timestamp="2019-06-15T00:23:54.865" intervalms="30.910" />
<gc-start id="1144" type="partial gc" contextid="1143" timestamp="2019-06-15T00:23:54.865">
  <mem-info id="1145" free="72351744" total="223346688" percent="32">
    <mem type="eden" free="0" total="61865984" percent="0" />
    <arraylet-primitive objects="2" leaves="2" largest="1" />
    <remembered-set count="39104" freebytes="8758912" totalbytes="8915328" percent="98" regionsoverflowed="0" regionsstable="2" regionsrebuilding="0"/>
  </mem-info>
</gc-start>
<allocation-stats totalBytes="61857696" >
  <allocated-bytes non-tlh="0" tlh="61857696" arrayletleaf="0"/>
  <largest-consumer threadName="Thread-8" threadId="0000000001817900" bytes="18314896" />
</allocation-stats>
<gc-op id="1146" type="copy forward" timems="3.121" contextid="1143" timestamp="2019-06-15T00:23:54.869">
  <memory-copied type="eden" objects="15742" bytes="653928" bytesdiscarded="0" />
  <memory-copied type="other" objects="7761" bytes="323640" bytesdiscarded="0" />
  <memory-cardclean objects="2595" bytes="130008" />
  <regions eden="59" other="3" />
  <remembered-set-cleared processed="32330" cleared="2221" durationms="0.431" />
  <stringconstants candidates="4597" cleared="0"  />
</gc-op>
<gc-op id="1147" type="classunload" timems="0.002" contextid="1143" timestamp="2019-06-15T00:23:54.869">
  <classunload-info classloadercandidates="8" classloadersunloaded="0" classesunloaded="0" anonymousclassesunloaded="0" quiescems="0.000" setupms="0.002" scanms="0.000" postms="0.000" />
</gc-op>
<heap-resize id="1148" type="expand" space="default" amount="2097152" count="1" timems="0.060" reason="excessive time being spent in gc" timestamp="2019-06-15T00:23:54.869" />
<gc-end id="1149" type="partial gc" contextid="1143" durationms="4.188" usertimems="8.000" systemtimems="0.000" timestamp="2019-06-15T00:23:54.870" activeThreads="1">
  <mem-info id="1150" free="135266304" total="225443840" percent="60">
    <mem type="eden" free="394648" total="1048576" percent="37" />
    <arraylet-primitive objects="2" leaves="2" largest="1" />
    <remembered-set count="37440" freebytes="8849280" totalbytes="8999040" percent="98" regionsoverflowed="0" regionsstable="2" regionsrebuilding="0"/>
  </mem-info>
</gc-end>
<cycle-end id="1151" type="partial gc" contextid="1143" timestamp="2019-06-15T00:23:54.870" />
  <attribute name="elasticGC enabled" value="1" />
  <attribute name= "numThreadsSpecified" value="1" />
  <attribute name="heapSize specified" value="0" />
  <attribute name="Current GC Util" value="82" />
  <attribute name= "Current Time Running" value="2903" />
  <attribute name ="GC Interval" value="0" />
  <attribute name="ProportionalT" value="31.000000" />
  <attribute name="ProportionalI" value="31.000000" />
  <attribute name="ProportionalH" value="31.000000" />
  <attribute name="Current Error" value="62.000000" />
  <attribute name="IntegralT" value="0.000000" />
  <attribute name="IntegralI" value="0.000000" />
  <attribute name="IntegralH" value="0.000000" />
  <attribute name="DerivativeT" value="inf" />
  <attribute name="DerivativeI" value="inf" />
  <attribute name="DerivativeH" value="inf" />
  <attribute name="Loop Time for DT" value="0.000000" />
  <attribute name="Output H" value="8388608"/>
  <attribute name="Output I" value="200"/>
  <attribute name="Output T" value="1"/>
  <attribute name="Target GC Util Change" value ="20.000000" />
  <attribute name="Current GC Util Change" value="82.000000"/>
  <attribute name="GC Util currently" value="82" />
  <attribute name="CPU Util currently" value="18849751704855" />
<exclusive-end id="1152" timestamp="2019-06-15T00:23:54.870" durationms="5.119" />

<exclusive-start id="1153" timestamp="2019-06-15T00:23:54.896" intervalms="31.058">
  <response-info timems="0.038" idlems="0.038" threads="0" lastid="000000000181F100" lastname="Thread-7" />
</exclusive-start>
<allocation-taxation id="1154" taxation-threshold="62914560" timestamp="2019-06-15T00:23:54.896" intervalms="31.055" />
<cycle-start id="1155" type="partial gc" contextid="0" timestamp="2019-06-15T00:23:54.896" intervalms="31.053" />
<gc-start id="1156" type="partial gc" contextid="1155" timestamp="2019-06-15T00:23:54.896">
  <mem-info id="1157" free="72351744" total="225443840" percent="32">
    <mem type="eden" free="0" total="62914560" percent="0" />
    <arraylet-primitive objects="2" leaves="2" largest="1" />
    <remembered-set count="37344" freebytes="8849664" totalbytes="8999040" percent="98" regionsoverflowed="0" regionsstable="2" regionsrebuilding="0"/>
  </mem-info>
</gc-start>
<allocation-stats totalBytes="62906712" >
  <allocated-bytes non-tlh="0" tlh="62906712" arrayletleaf="0"/>
  <largest-consumer threadName="Thread-8" threadId="0000000001817900" bytes="21362048" />
</allocation-stats>
<gc-op id="1158" type="copy forward" timems="3.641" contextid="1155" timestamp="2019-06-15T00:23:54.901">
  <memory-copied type="eden" objects="10426" bytes="388848" bytesdiscarded="0" />
  <memory-copied type="other" objects="19317" bytes="875736" bytesdiscarded="0" />
  <memory-cardclean objects="10" bytes="1872" />
  <regions eden="60" other="4" />
  <remembered-set-cleared processed="30992" cleared="1223" durationms="0.443" />
  <stringconstants candidates="4597" cleared="0"  />
</gc-op>
<gc-op id="1159" type="classunload" timems="0.002" contextid="1155" timestamp="2019-06-15T00:23:54.901">
  <classunload-info classloadercandidates="8" classloadersunloaded="0" classesunloaded="0" anonymousclassesunloaded="0" quiescems="0.000" setupms="0.002" scanms="0.000" postms="0.000" />
</gc-op>
<heap-resize id="1160" type="expand" space="default" amount="3145728" count="1" timems="0.076" reason="excessive time being spent in gc" timestamp="2019-06-15T00:23:54.901" />
<gc-end id="1161" type="partial gc" contextid="1155" durationms="4.906" usertimems="8.000" systemtimems="0.000" timestamp="2019-06-15T00:23:54.901" activeThreads="1">
  <mem-info id="1162" free="137363456" total="228589568" percent="60">
    <mem type="eden" free="659728" total="1048576" percent="62" />
    <arraylet-primitive objects="2" leaves="2" largest="1" />
    <remembered-set count="38144" freebytes="8972032" totalbytes="9124608" percent="98" regionsoverflowed="0" regionsstable="2" regionsrebuilding="0"/>
  </mem-info>
</gc-end>
<cycle-end id="1163" type="partial gc" contextid="1155" timestamp="2019-06-15T00:23:54.902" />
  <attribute name="elasticGC enabled" value="1" />
  <attribute name= "numThreadsSpecified" value="1" />
  <attribute name="heapSize specified" value="0" />
  <attribute name="Current GC Util" value="67" />
  <attribute name= "Current Time Running" value="2934" />
  <attribute name ="GC Interval" value="0" />
  <attribute name="ProportionalT" value="23.500000" />
  <attribute name="ProportionalI" value="23.500000" />
  <attribute name="ProportionalH" value="23.500000" />
  <attribute name="Current Error" value="47.000000" />
  <attribute name="IntegralT" value="0.000000" />
  <attribute name="IntegralI" value="0.000000" />
  <attribute name="IntegralH" value="0.000000" />
  <attribute name="DerivativeT" value="inf" />
  <attribute name="DerivativeI" value="inf" />
  <attribute name="DerivativeH" value="inf" />
  <attribute name="Loop Time for DT" value="0.000000" />
  <attribute name="Output H" value="8388608"/>
  <attribute name="Output I" value="200"/>
  <attribute name="Output T" value="1"/>
  <attribute name="Target GC Util Change" value ="20.000000" />
  <attribute name="Current GC Util Change" value="67.000000"/>
  <attribute name="GC Util currently" value="67" />
  <attribute name="CPU Util currently" value="18303319203698" />
<exclusive-end id="1164" timestamp="2019-06-15T00:23:54.902" durationms="5.842" />

<exclusive-start id="1165" timestamp="2019-06-15T00:23:54.927" intervalms="30.712">
  <response-info timems="0.267" idlems="0.267" threads="0" lastid="0000000001813D00" lastname="Thread-9" />
</exclusive-start>
<allocation-taxation id="1166" taxation-threshold="62914560" timestamp="2019-06-15T00:23:54.927" intervalms="30.665" />
<cycle-start id="1167" type="partial gc" contextid="0" timestamp="2019-06-15T00:23:54.927" intervalms="30.660" />
<gc-start id="1168" type="partial gc" contextid="1167" timestamp="2019-06-15T00:23:54.927">
  <mem-info id="1169" free="74448896" total="228589568" percent="32">
    <mem type="eden" free="0" total="62914560" percent="0" />
    <arraylet-primitive objects="2" leaves="2" largest="1" />
    <remembered-set count="37856" freebytes="8973184" totalbytes="9124608" percent="98" regionsoverflowed="0" regionsstable="2" regionsrebuilding="0"/>
  </mem-info>
</gc-start>
<allocation-stats totalBytes="62906456" >
  <allocated-bytes non-tlh="0" tlh="62906456" arrayletleaf="0"/>
  <largest-consumer threadName="Thread-8" threadId="0000000001817900" bytes="19191352" />
</allocation-stats>
<gc-op id="1170" type="copy forward" timems="3.560" contextid="1167" timestamp="2019-06-15T00:23:54.931">
  <memory-copied type="eden" objects="16219" bytes="665592" bytesdiscarded="0" />
  <memory-copied type="other" objects="15007" bytes="634920" bytesdiscarded="0" />
  <memory-cardclean objects="2165" bytes="128376" />
  <regions eden="60" other="3" />
  <remembered-set-cleared processed="31266" cleared="879" durationms="0.448" />
  <stringconstants candidates="4597" cleared="0"  />
</gc-op>
<gc-op id="1171" type="classunload" timems="0.002" contextid="1167" timestamp="2019-06-15T00:23:54.932">
  <classunload-info classloadercandidates="8" classloadersunloaded="0" classesunloaded="0" anonymousclassesunloaded="0" quiescems="0.000" setupms="0.002" scanms="0.000" postms="0.000" />
</gc-op>
<heap-resize id="1172" type="expand" space="default" amount="2097152" count="1" timems="0.074" reason="excessive time being spent in gc" timestamp="2019-06-15T00:23:54.932" />
<gc-end id="1173" type="partial gc" contextid="1167" durationms="4.939" usertimems="4.000" systemtimems="0.000" timestamp="2019-06-15T00:23:54.932" activeThreads="1">
  <mem-info id="1174" free="138412032" total="230686720" percent="60">
    <mem type="eden" free="382984" total="1048576" percent="36" />
    <arraylet-primitive objects="2" leaves="2" largest="1" />
    <remembered-set count="38784" freebytes="9053184" totalbytes="9208320" percent="98" regionsoverflowed="0" regionsstable="2" regionsrebuilding="0"/>
  </mem-info>
</gc-end>
<cycle-end id="1175" type="partial gc" contextid="1167" timestamp="2019-06-15T00:23:54.932" />
  <attribute name="elasticGC enabled" value="1" />
  <attribute name= "numThreadsSpecified" value="1" />
  <attribute name="heapSize specified" value="0" />
  <attribute name="Current GC Util" value="63" />
  <attribute name= "Current Time Running" value="2965" />
  <attribute name ="GC Interval" value="0" />
  <attribute name="ProportionalT" value="21.500000" />
  <attribute name="ProportionalI" value="21.500000" />
  <attribute name="ProportionalH" value="21.500000" />
  <attribute name="Current Error" value="43.000000" />
  <attribute name="IntegralT" value="0.000000" />
  <attribute name="IntegralI" value="0.000000" />
  <attribute name="IntegralH" value="0.000000" />
  <attribute name="DerivativeT" value="inf" />
  <attribute name="DerivativeI" value="inf" />
  <attribute name="DerivativeH" value="inf" />
  <attribute name="Loop Time for DT" value="0.000000" />
  <attribute name="Output H" value="8388608"/>
  <attribute name="Output I" value="200"/>
  <attribute name="Output T" value="1"/>
  <attribute name="Target GC Util Change" value ="20.000000" />
  <attribute name="Current GC Util Change" value="63.000000"/>
  <attribute name="GC Util currently" value="63" />
  <attribute name="CPU Util currently" value="15126927906424" />
<exclusive-end id="1176" timestamp="2019-06-15T00:23:54.932" durationms="5.838" />

<exclusive-start id="1177" timestamp="2019-06-15T00:23:54.955" intervalms="28.704">
  <response-info timems="0.048" idlems="0.048" threads="0" lastid="000000000181F100" lastname="Thread-7" />
</exclusive-start>
<allocation-taxation id="1178" taxation-threshold="63963136" timestamp="2019-06-15T00:23:54.955" intervalms="28.732" />
<cycle-start id="1179" type="partial gc" contextid="0" timestamp="2019-06-15T00:23:54.956" intervalms="28.684" />
<gc-start id="1180" type="partial gc" contextid="1179" timestamp="2019-06-15T00:23:54.956">
  <mem-info id="1181" free="74448896" total="230686720" percent="32">
    <mem type="eden" free="0" total="63963136" percent="0" />
    <arraylet-primitive objects="2" leaves="2" largest="1" />
    <remembered-set count="38336" freebytes="9054976" totalbytes="9208320" percent="98" regionsoverflowed="0" regionsstable="2" regionsrebuilding="0"/>
  </mem-info>
</gc-start>
<allocation-stats totalBytes="63954848" >
  <allocated-bytes non-tlh="0" tlh="63954848" arrayletleaf="0"/>
  <largest-consumer threadName="Thread-8" threadId="0000000001817900" bytes="18593416" />
</allocation-stats>
<gc-op id="1182" type="copy forward" timems="3.007" contextid="1179" timestamp="2019-06-15T00:23:54.959">
  <memory-copied type="eden" objects="10204" bytes="383800" bytesdiscarded="0" />
  <memory-copied type="other" objects="10557" bytes="390744" bytesdiscarded="0" />
  <memory-cardclean objects="6445" bytes="352824" />
  <regions eden="61" other="2" />
  <remembered-set-cleared processed="31732" cleared="824" durationms="0.437" />
  <stringconstants candidates="4597" cleared="0"  />
</gc-op>
<gc-op id="1183" type="classunload" timems="0.002" contextid="1179" timestamp="2019-06-15T00:23:54.959">
  <classunload-info classloadercandidates="8" classloadersunloaded="0" classesunloaded="0" anonymousclassesunloaded="0" quiescems="0.000" setupms="0.002" scanms="0.000" postms="0.000" />
</gc-op>
<heap-resize id="1184" type="expand" space="default" amount="3145728" count="1" timems="0.064" reason="excessive time being spent in gc" timestamp="2019-06-15T00:23:54.960" />
<gc-end id="1185" type="partial gc" contextid="1179" durationms="4.088" usertimems="4.000" systemtimems="0.000" timestamp="2019-06-15T00:23:54.960" activeThreads="1">
  <mem-info id="1186" free="140509184" total="233832448" percent="60">
    <mem type="eden" free="664776" total="1048576" percent="63" />
    <arraylet-primitive objects="2" leaves="2" largest="1" />
    <remembered-set count="39328" freebytes="9176576" totalbytes="9333888" percent="98" regionsoverflowed="0" regionsstable="2" regionsrebuilding="0"/>
  </mem-info>
</gc-end>
<cycle-end id="1187" type="partial gc" contextid="1179" timestamp="2019-06-15T00:23:54.960" />
  <attribute name="elasticGC enabled" value="1" />
  <attribute name= "numThreadsSpecified" value="1" />
  <attribute name="heapSize specified" value="0" />
  <attribute name="Current GC Util" value="77" />
  <attribute name= "Current Time Running" value="2993" />
  <attribute name ="GC Interval" value="0" />
  <attribute name="ProportionalT" value="28.500000" />
  <attribute name="ProportionalI" value="28.500000" />
  <attribute name="ProportionalH" value="28.500000" />
  <attribute name="Current Error" value="57.000000" />
  <attribute name="IntegralT" value="0.000000" />
  <attribute name="IntegralI" value="0.000000" />
  <attribute name="IntegralH" value="0.000000" />
  <attribute name="DerivativeT" value="inf" />
  <attribute name="DerivativeI" value="inf" />
  <attribute name="DerivativeH" value="inf" />
  <attribute name="Loop Time for DT" value="0.000000" />
  <attribute name="Output H" value="8388608"/>
  <attribute name="Output I" value="200"/>
  <attribute name="Output T" value="1"/>
  <attribute name="Target GC Util Change" value ="20.000000" />
  <attribute name="Current GC Util Change" value="77.000000"/>
  <attribute name="GC Util currently" value="77" />
  <attribute name="CPU Util currently" value="20975366379812" />
<exclusive-end id="1188" timestamp="2019-06-15T00:23:54.960" durationms="4.843" />

<exclusive-start id="1189" timestamp="2019-06-15T00:23:54.983" intervalms="28.084">
  <response-info timems="0.036" idlems="0.036" threads="0" lastid="000000000181F100" lastname="Thread-7" />
</exclusive-start>
<allocation-taxation id="1190" taxation-threshold="65011712" timestamp="2019-06-15T00:23:54.984" intervalms="28.077" />
<cycle-start id="1191" type="partial gc" contextid="0" timestamp="2019-06-15T00:23:54.984" intervalms="28.119" />
<gc-start id="1192" type="partial gc" contextid="1191" timestamp="2019-06-15T00:23:54.984">
  <mem-info id="1193" free="75497472" total="233832448" percent="32">
    <mem type="eden" free="0" total="65011712" percent="0" />
    <arraylet-primitive objects="2" leaves="2" largest="1" />
    <remembered-set count="39168" freebytes="9177216" totalbytes="9333888" percent="98" regionsoverflowed="0" regionsstable="2" regionsrebuilding="0"/>
  </mem-info>
</gc-start>
<allocation-stats totalBytes="65004064" >
  <allocated-bytes non-tlh="0" tlh="65004064" arrayletleaf="0"/>
  <largest-consumer threadName="Thread-8" threadId="0000000001817900" bytes="19359824" />
</allocation-stats>
<gc-op id="1194" type="copy forward" timems="2.021" contextid="1191" timestamp="2019-06-15T00:23:54.986">
  <memory-copied type="eden" objects="13543" bytes="463960" bytesdiscarded="31376" />
  <memory-copied type="other" objects="11747" bytes="419304" bytesdiscarded="15288" />
  <memory-cardclean objects="8307" bytes="404184" />
  <regions eden="62" other="3" />
  <remembered-set-cleared processed="31980" cleared="1099" durationms="0.182" />
  <stringconstants candidates="4597" cleared="0"  />
</gc-op>
<gc-op id="1195" type="classunload" timems="0.002" contextid="1191" timestamp="2019-06-15T00:23:54.987">
  <classunload-info classloadercandidates="8" classloadersunloaded="0" classesunloaded="0" anonymousclassesunloaded="0" quiescems="0.000" setupms="0.001" scanms="0.000" postms="0.000" />
</gc-op>
<heap-resize id="1196" type="expand" space="default" amount="2097152" count="1" timems="0.060" reason="excessive time being spent in gc" timestamp="2019-06-15T00:23:54.987" />
<gc-end id="1197" type="partial gc" contextid="1191" durationms="2.964" usertimems="8.000" systemtimems="0.000" timestamp="2019-06-15T00:23:54.987" activeThreads="4">
  <mem-info id="1198" free="141557760" total="235929600" percent="60">
    <mem type="eden" free="553240" total="1048576" percent="52" />
    <arraylet-primitive objects="2" leaves="2" largest="1" />
    <remembered-set count="37984" freebytes="9265664" totalbytes="9417600" percent="98" regionsoverflowed="0" regionsstable="2" regionsrebuilding="0"/>
  </mem-info>
</gc-end>
<cycle-end id="1199" type="partial gc" contextid="1191" timestamp="2019-06-15T00:23:54.987" />
  <attribute name="elasticGC enabled" value="1" />
  <attribute name= "numThreadsSpecified" value="4" />
  <attribute name="heapSize specified" value="0" />
  <attribute name="Current GC Util" value="82" />
  <attribute name= "Current Time Running" value="3022" />
  <attribute name ="GC Interval" value="0" />
  <attribute name="ProportionalT" value="31.000000" />
  <attribute name="ProportionalI" value="31.000000" />
  <attribute name="ProportionalH" value="31.000000" />
  <attribute name="Current Error" value="62.000000" />
  <attribute name="IntegralT" value="62.000000" />
  <attribute name="IntegralI" value="62.000000" />
  <attribute name="IntegralH" value="62.000000" />
  <attribute name="DerivativeT" value="31.000000" />
  <attribute name="DerivativeI" value="31.000000" />
  <attribute name="DerivativeH" value="31.000000" />
  <attribute name="Loop Time for DT" value="1.000000" />
  <attribute name="Output H" value="8388608"/>
  <attribute name="Output I" value="200"/>
  <attribute name="Output T" value="4"/>
  <attribute name="Target GC Util Change" value ="20.000000" />
  <attribute name="Current GC Util Change" value="82.000000"/>
  <attribute name="GC Util currently" value="82" />
  <attribute name="CPU Util currently" value="20574932756140" />
<exclusive-end id="1200" timestamp="2019-06-15T00:23:54.987" durationms="3.689" />

<exclusive-start id="1201" timestamp="2019-06-15T00:23:55.010" intervalms="26.212">
  <response-info timems="0.040" idlems="0.040" threads="0" lastid="0000000001813D00" lastname="Thread-9" />
</exclusive-start>
<allocation-taxation id="1202" taxation-threshold="65011712" timestamp="2019-06-15T00:23:55.010" intervalms="26.235" />
<cycle-start id="1203" type="partial gc" contextid="0" timestamp="2019-06-15T00:23:55.010" intervalms="26.251" />
<gc-start id="1204" type="partial gc" contextid="1203" timestamp="2019-06-15T00:23:55.010">
  <mem-info id="1205" free="76546048" total="235929600" percent="32">
    <mem type="eden" free="0" total="65011712" percent="0" />
    <arraylet-primitive objects="2" leaves="2" largest="1" />
    <remembered-set count="37696" freebytes="9266816" totalbytes="9417600" percent="98" regionsoverflowed="0" regionsstable="2" regionsrebuilding="0"/>
  </mem-info>
</gc-start>
<allocation-stats totalBytes="65003760" >
  <allocated-bytes non-tlh="0" tlh="65003760" arrayletleaf="0"/>
  <largest-consumer threadName="Thread-9" threadId="0000000001813D00" bytes="17991552" />
</allocation-stats>
<gc-op id="1206" type="copy forward" timems="2.994" contextid="1203" timestamp="2019-06-15T00:23:55.014">
  <memory-copied type="eden" objects="17379" bytes="830560" bytesdiscarded="0" />
  <memory-copied type="other" objects="3659" bytes="87816" bytesdiscarded="0" />
  <memory-cardclean objects="5018" bytes="246312" />
  <regions eden="62" other="4" />
  <remembered-set-cleared processed="32415" cleared="1779" durationms="0.464" />
  <stringconstants candidates="4597" cleared="0"  />
</gc-op>
<gc-op id="1207" type="classunload" timems="0.003" contextid="1203" timestamp="2019-06-15T00:23:55.014">
  <classunload-info classloadercandidates="8" classloadersunloaded="0" classesunloaded="0" anonymousclassesunloaded="0" quiescems="0.000" setupms="0.002" scanms="0.000" postms="0.000" />
</gc-op>
<heap-resize id="1208" type="expand" space="default" amount="3145728" count="1" timems="0.076" reason="excessive time being spent in gc" timestamp="2019-06-15T00:23:55.014" />
<gc-end id="1209" type="partial gc" contextid="1203" durationms="4.376" usertimems="4.000" systemtimems="0.000" timestamp="2019-06-15T00:23:55.014" activeThreads="1">
  <mem-info id="1210" free="143654912" total="239075328" percent="60">
    <mem type="eden" free="218016" total="1048576" percent="20" />
    <arraylet-primitive objects="2" leaves="2" largest="1" />
    <remembered-set count="36416" freebytes="9397504" totalbytes="9543168" percent="98" regionsoverflowed="0" regionsstable="2" regionsrebuilding="0"/>
  </mem-info>
</gc-end>
<cycle-end id="1211" type="partial gc" contextid="1203" timestamp="2019-06-15T00:23:55.015" />
  <attribute name="elasticGC enabled" value="1" />
  <attribute name= "numThreadsSpecified" value="1" />
  <attribute name="heapSize specified" value="0" />
  <attribute name="Current GC Util" value="54" />
  <attribute name= "Current Time Running" value="3048" />
  <attribute name ="GC Interval" value="0" />
  <attribute name="ProportionalT" value="17.000000" />
  <attribute name="ProportionalI" value="17.000000" />
  <attribute name="ProportionalH" value="17.000000" />
  <attribute name="Current Error" value="34.000000" />
  <attribute name="IntegralT" value="0.000000" />
  <attribute name="IntegralI" value="0.000000" />
  <attribute name="IntegralH" value="0.000000" />
  <attribute name="DerivativeT" value="inf" />
  <attribute name="DerivativeI" value="inf" />
  <attribute name="DerivativeH" value="inf" />
  <attribute name="Loop Time for DT" value="0.000000" />
  <attribute name="Output H" value="8388608"/>
  <attribute name="Output I" value="200"/>
  <attribute name="Output T" value="1"/>
  <attribute name="Target GC Util Change" value ="20.000000" />
  <attribute name="Current GC Util Change" value="54.000000"/>
  <attribute name="GC Util currently" value="54" />
  <attribute name="CPU Util currently" value="14565917483874" />
<exclusive-end id="1212" timestamp="2019-06-15T00:23:55.015" durationms="5.225" />

<exclusive-start id="1213" timestamp="2019-06-15T00:23:55.040" intervalms="30.344">
  <response-info timems="0.040" idlems="0.040" threads="0" lastid="0000000001813D00" lastname="Thread-9" />
</exclusive-start>
<allocation-taxation id="1214" taxation-threshold="66060288" timestamp="2019-06-15T00:23:55.040" intervalms="30.324" />
<cycle-start id="1215" type="partial gc" contextid="0" timestamp="2019-06-15T00:23:55.040" intervalms="30.339" />
<gc-start id="1216" type="partial gc" contextid="1215" timestamp="2019-06-15T00:23:55.040">
  <mem-info id="1217" free="77594624" total="239075328" percent="32">
    <mem type="eden" free="0" total="66060288" percent="0" />
    <arraylet-primitive objects="2" leaves="2" largest="1" />
    <remembered-set count="36128" freebytes="9398656" totalbytes="9543168" percent="98" regionsoverflowed="0" regionsstable="2" regionsrebuilding="0"/>
  </mem-info>
</gc-start>
<allocation-stats totalBytes="66051392" >
  <allocated-bytes non-tlh="0" tlh="66051392" arrayletleaf="0"/>
  <largest-consumer threadName="Thread-9" threadId="0000000001813D00" bytes="20862280" />
</allocation-stats>
<gc-op id="1218" type="copy forward" timems="3.387" contextid="1215" timestamp="2019-06-15T00:23:55.045">
  <memory-copied type="eden" objects="9679" bytes="371224" bytesdiscarded="0" />
  <memory-copied type="other" objects="17158" bytes="823920" bytesdiscarded="0" />
  <memory-cardclean objects="1938" bytes="94416" />
  <regions eden="63" other="4" />
  <remembered-set-cleared processed="31929" cleared="2955" durationms="0.462" />
  <stringconstants candidates="4597" cleared="0"  />
</gc-op>
<gc-op id="1219" type="classunload" timems="0.002" contextid="1215" timestamp="2019-06-15T00:23:55.045">
  <classunload-info classloadercandidates="8" classloadersunloaded="0" classesunloaded="0" anonymousclassesunloaded="0" quiescems="0.000" setupms="0.002" scanms="0.000" postms="0.000" />
</gc-op>
<gc-end id="1220" type="partial gc" contextid="1215" durationms="4.484" usertimems="4.000" systemtimems="0.000" timestamp="2019-06-15T00:23:55.045" activeThreads="1">
  <mem-info id="1221" free="143654912" total="239075328" percent="60">
    <mem type="eden" free="677352" total="1048576" percent="64" />
    <arraylet-primitive objects="2" leaves="2" largest="1" />
    <remembered-set count="34464" freebytes="9405312" totalbytes="9543168" percent="98" regionsoverflowed="0" regionsstable="2" regionsrebuilding="0"/>
  </mem-info>
</gc-end>
<cycle-end id="1222" type="partial gc" contextid="1215" timestamp="2019-06-15T00:23:55.045" />
  <attribute name="elasticGC enabled" value="1" />
  <attribute name= "numThreadsSpecified" value="1" />
  <attribute name="heapSize specified" value="0" />
  <attribute name="Current GC Util" value="67" />
  <attribute name= "Current Time Running" value="3078" />
  <attribute name ="GC Interval" value="0" />
  <attribute name="ProportionalT" value="23.500000" />
  <attribute name="ProportionalI" value="23.500000" />
  <attribute name="ProportionalH" value="23.500000" />
  <attribute name="Current Error" value="47.000000" />
  <attribute name="IntegralT" value="0.000000" />
  <attribute name="IntegralI" value="0.000000" />
  <attribute name="IntegralH" value="0.000000" />
  <attribute name="DerivativeT" value="inf" />
  <attribute name="DerivativeI" value="inf" />
  <attribute name="DerivativeH" value="inf" />
  <attribute name="Loop Time for DT" value="0.000000" />
  <attribute name="Output H" value="8388608"/>
  <attribute name="Output I" value="200"/>
  <attribute name="Output T" value="1"/>
  <attribute name="Target GC Util Change" value ="20.000000" />
  <attribute name="Current GC Util Change" value="67.000000"/>
  <attribute name="GC Util currently" value="67" />
  <attribute name="CPU Util currently" value="18472309687115" />
<exclusive-end id="1223" timestamp="2019-06-15T00:23:55.046" durationms="5.595" />

<exclusive-start id="1224" timestamp="2019-06-15T00:23:55.072" intervalms="32.364">
  <response-info timems="0.029" idlems="0.029" threads="0" lastid="0000000001817900" lastname="Thread-8" />
</exclusive-start>
<allocation-taxation id="1225" taxation-threshold="66060288" timestamp="2019-06-15T00:23:55.072" intervalms="32.332" />
<cycle-start id="1226" type="partial gc" contextid="0" timestamp="2019-06-15T00:23:55.073" intervalms="32.295" />
<gc-start id="1227" type="partial gc" contextid="1226" timestamp="2019-06-15T00:23:55.073">
  <mem-info id="1228" free="77594624" total="239075328" percent="32">
    <mem type="eden" free="0" total="66060288" percent="0" />
    <arraylet-primitive objects="2" leaves="2" largest="1" />
    <remembered-set count="34400" freebytes="9405568" totalbytes="9543168" percent="98" regionsoverflowed="0" regionsstable="2" regionsrebuilding="0"/>
  </mem-info>
</gc-start>
<allocation-stats totalBytes="66052224" >
  <allocated-bytes non-tlh="0" tlh="66052224" arrayletleaf="0"/>
  <largest-consumer threadName="Thread-8" threadId="0000000001817900" bytes="18712520" />
</allocation-stats>
<gc-op id="1229" type="copy forward" timems="1.859" contextid="1226" timestamp="2019-06-15T00:23:55.075">
  <memory-copied type="eden" objects="8868" bytes="351640" bytesdiscarded="36656" />
  <memory-copied type="other" objects="17180" bytes="824448" bytesdiscarded="48888" />
  <memory-cardclean objects="10" bytes="1872" />
  <regions eden="63" other="3" />
  <remembered-set-cleared processed="30299" cleared="597" durationms="0.190" />
  <stringconstants candidates="4597" cleared="0"  />
</gc-op>
<gc-op id="1230" type="classunload" timems="0.003" contextid="1226" timestamp="2019-06-15T00:23:55.075">
  <classunload-info classloadercandidates="8" classloadersunloaded="0" classesunloaded="0" anonymousclassesunloaded="0" quiescems="0.000" setupms="0.001" scanms="0.000" postms="0.000" />
</gc-op>
<gc-end id="1231" type="partial gc" contextid="1226" durationms="2.912" usertimems="8.000" systemtimems="0.000" timestamp="2019-06-15T00:23:55.076" activeThreads="4">
  <mem-info id="1232" free="143654912" total="239075328" percent="60">
    <mem type="eden" free="660280" total="1048576" percent="62" />
    <arraylet-primitive objects="2" leaves="2" largest="1" />
    <remembered-set count="34560" freebytes="9404928" totalbytes="9543168" percent="98" regionsoverflowed="0" regionsstable="2" regionsrebuilding="0"/>
  </mem-info>
</gc-end>
<cycle-end id="1233" type="partial gc" contextid="1226" timestamp="2019-06-15T00:23:55.076" />
  <attribute name="elasticGC enabled" value="1" />
  <attribute name= "numThreadsSpecified" value="4" />
  <attribute name="heapSize specified" value="0" />
  <attribute name="Current GC Util" value="73" />
  <attribute name= "Current Time Running" value="3111" />
  <attribute name ="GC Interval" value="0" />
  <attribute name="ProportionalT" value="26.500000" />
  <attribute name="ProportionalI" value="26.500000" />
  <attribute name="ProportionalH" value="26.500000" />
  <attribute name="Current Error" value="53.000000" />
  <attribute name="IntegralT" value="53.000000" />
  <attribute name="IntegralI" value="53.000000" />
  <attribute name="IntegralH" value="53.000000" />
  <attribute name="DerivativeT" value="26.500000" />
  <attribute name="DerivativeI" value="26.500000" />
  <attribute name="DerivativeH" value="26.500000" />
  <attribute name="Loop Time for DT" value="1.000000" />
  <attribute name="Output H" value="8388608"/>
  <attribute name="Output I" value="200"/>
  <attribute name="Output T" value="4"/>
  <attribute name="Target GC Util Change" value ="20.000000" />
  <attribute name="Current GC Util Change" value="73.000000"/>
  <attribute name="GC Util currently" value="73" />
  <attribute name="CPU Util currently" value="19070738576266" />
<exclusive-end id="1234" timestamp="2019-06-15T00:23:55.076" durationms="3.701" />

<exclusive-start id="1235" timestamp="2019-06-15T00:23:55.107" intervalms="35.007">
  <response-info timems="3.195" idlems="1.627" threads="1" lastid="000000000181F100" lastname="Thread-7" />
</exclusive-start>
<allocation-taxation id="1236" taxation-threshold="66060288" timestamp="2019-06-15T00:23:55.107" intervalms="35.064" />
<cycle-start id="1237" type="partial gc" contextid="0" timestamp="2019-06-15T00:23:55.108" intervalms="35.137" />
<gc-start id="1238" type="partial gc" contextid="1237" timestamp="2019-06-15T00:23:55.108">
  <mem-info id="1239" free="77594624" total="239075328" percent="32">
    <mem type="eden" free="0" total="66060288" percent="0" />
    <arraylet-primitive objects="2" leaves="2" largest="1" />
    <remembered-set count="34464" freebytes="9405312" totalbytes="9543168" percent="98" regionsoverflowed="0" regionsstable="2" regionsrebuilding="0"/>
  </mem-info>
</gc-start>
<allocation-stats totalBytes="66052144" >
  <allocated-bytes non-tlh="0" tlh="66052144" arrayletleaf="0"/>
  <largest-consumer threadName="Thread-8" threadId="0000000001817900" bytes="22382224" />
</allocation-stats>
<gc-op id="1240" type="copy forward" timems="3.732" contextid="1237" timestamp="2019-06-15T00:23:55.113">
  <memory-copied type="eden" objects="4251" bytes="103240" bytesdiscarded="0" />
  <memory-copied type="other" objects="27122" bytes="1200432" bytesdiscarded="0" />
  <memory-cardclean objects="914" bytes="49320" />
  <regions eden="63" other="4" />
  <remembered-set-cleared processed="30273" cleared="877" durationms="0.449" />
  <stringconstants candidates="4597" cleared="0"  />
</gc-op>
<gc-op id="1241" type="classunload" timems="0.002" contextid="1237" timestamp="2019-06-15T00:23:55.113">
  <classunload-info classloadercandidates="8" classloadersunloaded="0" classesunloaded="0" anonymousclassesunloaded="0" quiescems="0.000" setupms="0.002" scanms="0.000" postms="0.000" />
</gc-op>
<heap-resize id="1242" type="expand" space="default" amount="2097152" count="1" timems="0.075" reason="excessive time being spent in gc" timestamp="2019-06-15T00:23:55.113" />
<gc-end id="1243" type="partial gc" contextid="1237" durationms="5.078" usertimems="4.000" systemtimems="0.000" timestamp="2019-06-15T00:23:55.113" activeThreads="1">
  <mem-info id="1244" free="144703488" total="241172480" percent="60">
    <mem type="eden" free="945336" total="1048576" percent="90" />
    <arraylet-primitive objects="2" leaves="2" largest="1" />
    <remembered-set count="35616" freebytes="9484416" totalbytes="9626880" percent="98" regionsoverflowed="0" regionsstable="2" regionsrebuilding="0"/>
  </mem-info>
</gc-end>
<cycle-end id="1245" type="partial gc" contextid="1237" timestamp="2019-06-15T00:23:55.113" />
  <attribute name="elasticGC enabled" value="1" />
  <attribute name= "numThreadsSpecified" value="1" />
  <attribute name="heapSize specified" value="0" />
  <attribute name="Current GC Util" value="57" />
  <attribute name= "Current Time Running" value="3146" />
  <attribute name ="GC Interval" value="0" />
  <attribute name="ProportionalT" value="18.500000" />
  <attribute name="ProportionalI" value="18.500000" />
  <attribute name="ProportionalH" value="18.500000" />
  <attribute name="Current Error" value="37.000000" />
  <attribute name="IntegralT" value="0.000000" />
  <attribute name="IntegralI" value="0.000000" />
  <attribute name="IntegralH" value="0.000000" />
  <attribute name="DerivativeT" value="inf" />
  <attribute name="DerivativeI" value="inf" />
  <attribute name="DerivativeH" value="inf" />
  <attribute name="Loop Time for DT" value="0.000000" />
  <attribute name="Output H" value="8388608"/>
  <attribute name="Output I" value="200"/>
  <attribute name="Output T" value="1"/>
  <attribute name="Target GC Util Change" value ="20.000000" />
  <attribute name="Current GC Util Change" value="57.000000"/>
  <attribute name="GC Util currently" value="57" />
  <attribute name="CPU Util currently" value="15054732190215" />
<exclusive-end id="1246" timestamp="2019-06-15T00:23:55.113" durationms="6.112" />

<exclusive-start id="1247" timestamp="2019-06-15T00:23:55.142" intervalms="34.913">
  <response-info timems="0.057" idlems="0.057" threads="0" lastid="000000000181B500" lastname="Thread-10" />
</exclusive-start>
<allocation-taxation id="1248" taxation-threshold="66060288" timestamp="2019-06-15T00:23:55.142" intervalms="34.919" />
<cycle-start id="1249" type="partial gc" contextid="0" timestamp="2019-06-15T00:23:55.142" intervalms="34.820" />
<gc-start id="1250" type="partial gc" contextid="1249" timestamp="2019-06-15T00:23:55.143">
  <mem-info id="1251" free="78643200" total="241172480" percent="32">
    <mem type="eden" free="0" total="66060288" percent="0" />
    <arraylet-primitive objects="2" leaves="2" largest="1" />
    <remembered-set count="35328" freebytes="9485568" totalbytes="9626880" percent="98" regionsoverflowed="0" regionsstable="2" regionsrebuilding="0"/>
  </mem-info>
</gc-start>
<allocation-stats totalBytes="66052040" >
  <allocated-bytes non-tlh="0" tlh="66052040" arrayletleaf="0"/>
  <largest-consumer threadName="Thread-8" threadId="0000000001817900" bytes="24208744" />
</allocation-stats>
<gc-op id="1252" type="copy forward" timems="2.942" contextid="1249" timestamp="2019-06-15T00:23:55.146">
  <memory-copied type="eden" objects="3926" bytes="96000" bytesdiscarded="0" />
  <memory-copied type="other" objects="12579" bytes="439272" bytesdiscarded="0" />
  <memory-cardclean objects="10419" bytes="558264" />
  <regions eden="63" other="2" />
  <remembered-set-cleared processed="30958" cleared="943" durationms="0.455" />
  <stringconstants candidates="4597" cleared="0"  />
</gc-op>
<gc-op id="1253" type="classunload" timems="0.002" contextid="1249" timestamp="2019-06-15T00:23:55.146">
  <classunload-info classloadercandidates="8" classloadersunloaded="0" classesunloaded="0" anonymousclassesunloaded="0" quiescems="0.000" setupms="0.002" scanms="0.000" postms="0.000" />
</gc-op>
<heap-resize id="1254" type="expand" space="default" amount="3145728" count="1" timems="0.074" reason="excessive time being spent in gc" timestamp="2019-06-15T00:23:55.147" />
<gc-end id="1255" type="partial gc" contextid="1249" durationms="3.949" usertimems="4.000" systemtimems="0.000" timestamp="2019-06-15T00:23:55.147" activeThreads="1">
  <mem-info id="1256" free="146800640" total="244318208" percent="60">
    <mem type="eden" free="952576" total="1048576" percent="90" />
    <arraylet-primitive objects="2" leaves="2" largest="1" />
    <remembered-set count="36256" freebytes="9607424" totalbytes="9752448" percent="98" regionsoverflowed="0" regionsstable="2" regionsrebuilding="0"/>
  </mem-info>
</gc-end>
<cycle-end id="1257" type="partial gc" contextid="1249" timestamp="2019-06-15T00:23:55.147" />
  <attribute name="elasticGC enabled" value="1" />
  <attribute name= "numThreadsSpecified" value="1" />
  <attribute name="heapSize specified" value="0" />
  <attribute name="Current GC Util" value="86" />
  <attribute name= "Current Time Running" value="3180" />
  <attribute name ="GC Interval" value="0" />
  <attribute name="ProportionalT" value="33.000000" />
  <attribute name="ProportionalI" value="33.000000" />
  <attribute name="ProportionalH" value="33.000000" />
  <attribute name="Current Error" value="66.000000" />
  <attribute name="IntegralT" value="0.000000" />
  <attribute name="IntegralI" value="0.000000" />
  <attribute name="IntegralH" value="0.000000" />
  <attribute name="DerivativeT" value="inf" />
  <attribute name="DerivativeI" value="inf" />
  <attribute name="DerivativeH" value="inf" />
  <attribute name="Loop Time for DT" value="0.000000" />
  <attribute name="Output H" value="8388608"/>
  <attribute name="Output I" value="200"/>
  <attribute name="Output T" value="1"/>
  <attribute name="Target GC Util Change" value ="20.000000" />
  <attribute name="Current GC Util Change" value="86.000000"/>
  <attribute name="GC Util currently" value="86" />
  <attribute name="CPU Util currently" value="21184064026154" />
<exclusive-end id="1258" timestamp="2019-06-15T00:23:55.147" durationms="4.869" />

<exclusive-start id="1259" timestamp="2019-06-15T00:23:55.179" intervalms="36.949">
  <response-info timems="0.087" idlems="0.087" threads="0" lastid="0000000001817900" lastname="Thread-8" />
</exclusive-start>
<allocation-taxation id="1260" taxation-threshold="67108864" timestamp="2019-06-15T00:23:55.179" intervalms="36.900" />
<cycle-start id="1261" type="partial gc" contextid="0" timestamp="2019-06-15T00:23:55.179" intervalms="36.886" />
<gc-start id="1262" type="partial gc" contextid="1261" timestamp="2019-06-15T00:23:55.180">
  <mem-info id="1263" free="79691776" total="244318208" percent="32">
    <mem type="eden" free="0" total="67108864" percent="0" />
    <arraylet-primitive objects="2" leaves="2" largest="1" />
    <remembered-set count="36224" freebytes="9607552" totalbytes="9752448" percent="98" regionsoverflowed="0" regionsstable="2" regionsrebuilding="0"/>
  </mem-info>
</gc-start>
<allocation-stats totalBytes="67100608" >
  <allocated-bytes non-tlh="0" tlh="67100608" arrayletleaf="0"/>
  <largest-consumer threadName="Thread-8" threadId="0000000001817900" bytes="27021904" />
</allocation-stats>
<gc-op id="1264" type="copy forward" timems="2.004" contextid="1261" timestamp="2019-06-15T00:23:55.183">
  <memory-copied type="eden" objects="15629" bytes="651776" bytesdiscarded="50848" />
  <memory-copied type="other" objects="10158" bytes="381168" bytesdiscarded="6616" />
  <memory-cardclean objects="6742" bytes="348000" />
  <regions eden="64" other="3" />
  <remembered-set-cleared processed="31732" cleared="1768" durationms="0.208" />
  <stringconstants candidates="4597" cleared="0"  />
</gc-op>
<gc-op id="1265" type="classunload" timems="0.003" contextid="1261" timestamp="2019-06-15T00:23:55.183">
  <classunload-info classloadercandidates="8" classloadersunloaded="0" classesunloaded="0" anonymousclassesunloaded="0" quiescems="0.000" setupms="0.003" scanms="0.000" postms="0.000" />
</gc-op>
<heap-resize id="1266" type="expand" space="default" amount="2097152" count="1" timems="0.064" reason="excessive time being spent in gc" timestamp="2019-06-15T00:23:55.183" />
<gc-end id="1267" type="partial gc" contextid="1261" durationms="3.252" usertimems="8.000" systemtimems="0.000" timestamp="2019-06-15T00:23:55.183" activeThreads="4">
  <mem-info id="1268" free="147849216" total="246415360" percent="60">
    <mem type="eden" free="345952" total="1048576" percent="32" />
    <arraylet-primitive objects="2" leaves="2" largest="1" />
    <remembered-set count="36864" freebytes="9688704" totalbytes="9836160" percent="98" regionsoverflowed="0" regionsstable="2" regionsrebuilding="0"/>
  </mem-info>
</gc-end>
<cycle-end id="1269" type="partial gc" contextid="1261" timestamp="2019-06-15T00:23:55.183" />
  <attribute name="elasticGC enabled" value="1" />
  <attribute name= "numThreadsSpecified" value="4" />
  <attribute name="heapSize specified" value="0" />
  <attribute name="Current GC Util" value="74" />
  <attribute name= "Current Time Running" value="3218" />
  <attribute name ="GC Interval" value="0" />
  <attribute name="ProportionalT" value="27.000000" />
  <attribute name="ProportionalI" value="27.000000" />
  <attribute name="ProportionalH" value="27.000000" />
  <attribute name="Current Error" value="54.000000" />
  <attribute name="IntegralT" value="54.000000" />
  <attribute name="IntegralI" value="54.000000" />
  <attribute name="IntegralH" value="54.000000" />
  <attribute name="DerivativeT" value="27.000000" />
  <attribute name="DerivativeI" value="27.000000" />
  <attribute name="DerivativeH" value="27.000000" />
  <attribute name="Loop Time for DT" value="1.000000" />
  <attribute name="Output H" value="8388608"/>
  <attribute name="Output I" value="200"/>
  <attribute name="Output T" value="4"/>
  <attribute name="Target GC Util Change" value ="20.000000" />
  <attribute name="Current GC Util Change" value="74.000000"/>
  <attribute name="GC Util currently" value="74" />
  <attribute name="CPU Util currently" value="17172477488943" />
<exclusive-end id="1270" timestamp="2019-06-15T00:23:55.183" durationms="4.051" />

<exclusive-start id="1271" timestamp="2019-06-15T00:23:55.215" intervalms="35.745">
  <response-info timems="0.049" idlems="0.049" threads="0" lastid="0000000001817900" lastname="Thread-8" />
</exclusive-start>
<allocation-taxation id="1272" taxation-threshold="67108864" timestamp="2019-06-15T00:23:55.215" intervalms="35.753" />
<cycle-start id="1273" type="partial gc" contextid="0" timestamp="2019-06-15T00:23:55.215" intervalms="35.761" />
<gc-start id="1274" type="partial gc" contextid="1273" timestamp="2019-06-15T00:23:55.215">
  <mem-info id="1275" free="80740352" total="246415360" percent="32">
    <mem type="eden" free="0" total="67108864" percent="0" />
    <arraylet-primitive objects="2" leaves="2" largest="1" />
    <remembered-set count="36736" freebytes="9689216" totalbytes="9836160" percent="98" regionsoverflowed="0" regionsstable="2" regionsrebuilding="0"/>
  </mem-info>
</gc-start>
<allocation-stats totalBytes="67100224" >
  <allocated-bytes non-tlh="0" tlh="67100224" arrayletleaf="0"/>
  <largest-consumer threadName="Thread-8" threadId="0000000001817900" bytes="24614032" />
</allocation-stats>
<gc-op id="1276" type="copy forward" timems="3.548" contextid="1273" timestamp="2019-06-15T00:23:55.220">
  <memory-copied type="eden" objects="11173" bytes="407368" bytesdiscarded="0" />
  <memory-copied type="other" objects="16054" bytes="660048" bytesdiscarded="0" />
  <memory-cardclean objects="7102" bytes="364920" />
  <regions eden="64" other="3" />
  <remembered-set-cleared processed="31727" cleared="1665" durationms="0.451" />
  <stringconstants candidates="4597" cleared="0"  />
</gc-op>
<gc-op id="1277" type="classunload" timems="0.002" contextid="1273" timestamp="2019-06-15T00:23:55.220">
  <classunload-info classloadercandidates="8" classloadersunloaded="0" classesunloaded="0" anonymousclassesunloaded="0" quiescems="0.000" setupms="0.002" scanms="0.000" postms="0.000" />
</gc-op>
<heap-resize id="1278" type="expand" space="default" amount="3145728" count="1" timems="0.069" reason="excessive time being spent in gc" timestamp="2019-06-15T00:23:55.220" />
<gc-end id="1279" type="partial gc" contextid="1273" durationms="4.721" usertimems="4.000" systemtimems="0.000" timestamp="2019-06-15T00:23:55.220" activeThreads="1">
  <mem-info id="1280" free="149946368" total="249561088" percent="60">
    <mem type="eden" free="641208" total="1048576" percent="61" />
    <arraylet-primitive objects="2" leaves="2" largest="1" />
    <remembered-set count="37056" freebytes="9813504" totalbytes="9961728" percent="98" regionsoverflowed="0" regionsstable="2" regionsrebuilding="0"/>
  </mem-info>
</gc-end>
<cycle-end id="1281" type="partial gc" contextid="1273" timestamp="2019-06-15T00:23:55.220" />
  <attribute name="elasticGC enabled" value="1" />
  <attribute name= "numThreadsSpecified" value="1" />
  <attribute name="heapSize specified" value="0" />
  <attribute name="Current GC Util" value="59" />
  <attribute name= "Current Time Running" value="3253" />
  <attribute name ="GC Interval" value="0" />
  <attribute name="ProportionalT" value="19.500000" />
  <attribute name="ProportionalI" value="19.500000" />
  <attribute name="ProportionalH" value="19.500000" />
  <attribute name="Current Error" value="39.000000" />
  <attribute name="IntegralT" value="0.000000" />
  <attribute name="IntegralI" value="0.000000" />
  <attribute name="IntegralH" value="0.000000" />
  <attribute name="DerivativeT" value="inf" />
  <attribute name="DerivativeI" value="inf" />
  <attribute name="DerivativeH" value="inf" />
  <attribute name="Loop Time for DT" value="0.000000" />
  <attribute name="Output H" value="8388608"/>
  <attribute name="Output I" value="200"/>
  <attribute name="Output T" value="1"/>
  <attribute name="Target GC Util Change" value ="20.000000" />
  <attribute name="Current GC Util Change" value="59.000000"/>
  <attribute name="GC Util currently" value="59" />
  <attribute name="CPU Util currently" value="18783035475004" />
<exclusive-end id="1282" timestamp="2019-06-15T00:23:55.221" durationms="5.620" />

<exclusive-start id="1283" timestamp="2019-06-15T00:23:55.256" intervalms="41.179">
  <response-info timems="0.043" idlems="0.043" threads="0" lastid="0000000001817900" lastname="Thread-8" />
</exclusive-start>
<allocation-taxation id="1284" taxation-threshold="68157440" timestamp="2019-06-15T00:23:55.256" intervalms="41.180" />
<cycle-start id="1285" type="partial gc" contextid="0" timestamp="2019-06-15T00:23:55.256" intervalms="41.173" />
<gc-start id="1286" type="partial gc" contextid="1285" timestamp="2019-06-15T00:23:55.257">
  <mem-info id="1287" free="81788928" total="249561088" percent="32">
    <mem type="eden" free="0" total="68157440" percent="0" />
    <arraylet-primitive objects="2" leaves="2" largest="1" />
    <remembered-set count="36704" freebytes="9814912" totalbytes="9961728" percent="98" regionsoverflowed="0" regionsstable="2" regionsrebuilding="0"/>
  </mem-info>
</gc-start>
<allocation-stats totalBytes="68148224" >
  <allocated-bytes non-tlh="0" tlh="68148224" arrayletleaf="0"/>
  <largest-consumer threadName="Thread-8" threadId="0000000001817900" bytes="29229504" />
</allocation-stats>
<gc-op id="1288" type="copy forward" timems="3.481" contextid="1285" timestamp="2019-06-15T00:23:55.261">
  <memory-copied type="eden" objects="8405" bytes="340544" bytesdiscarded="0" />
  <memory-copied type="other" objects="18739" bytes="861864" bytesdiscarded="0" />
  <memory-cardclean objects="10" bytes="1872" />
  <regions eden="65" other="5" />
  <remembered-set-cleared processed="31281" cleared="1577" durationms="0.439" />
  <stringconstants candidates="4597" cleared="0"  />
</gc-op>
<gc-op id="1289" type="classunload" timems="0.002" contextid="1285" timestamp="2019-06-15T00:23:55.261">
  <classunload-info classloadercandidates="8" classloadersunloaded="0" classesunloaded="0" anonymousclassesunloaded="0" quiescems="0.000" setupms="0.002" scanms="0.000" postms="0.000" />
</gc-op>
<gc-end id="1290" type="partial gc" contextid="1285" durationms="4.375" usertimems="4.000" systemtimems="0.000" timestamp="2019-06-15T00:23:55.261" activeThreads="1">
  <mem-info id="1291" free="148897792" total="249561088" percent="59">
    <mem type="eden" free="708032" total="1048576" percent="67" />
    <arraylet-primitive objects="2" leaves="2" largest="1" />
    <remembered-set count="36352" freebytes="9816320" totalbytes="9961728" percent="98" regionsoverflowed="0" regionsstable="2" regionsrebuilding="0"/>
  </mem-info>
</gc-end>
<cycle-end id="1292" type="partial gc" contextid="1285" timestamp="2019-06-15T00:23:55.261" />
  <attribute name="elasticGC enabled" value="1" />
  <attribute name= "numThreadsSpecified" value="1" />
  <attribute name="heapSize specified" value="0" />
  <attribute name="Current GC Util" value="88" />
  <attribute name= "Current Time Running" value="3294" />
  <attribute name ="GC Interval" value="0" />
  <attribute name="ProportionalT" value="34.000000" />
  <attribute name="ProportionalI" value="34.000000" />
  <attribute name="ProportionalH" value="34.000000" />
  <attribute name="Current Error" value="68.000000" />
  <attribute name="IntegralT" value="0.000000" />
  <attribute name="IntegralI" value="0.000000" />
  <attribute name="IntegralH" value="0.000000" />
  <attribute name="DerivativeT" value="inf" />
  <attribute name="DerivativeI" value="inf" />
  <attribute name="DerivativeH" value="inf" />
  <attribute name="Loop Time for DT" value="0.000000" />
  <attribute name="Output H" value="8388608"/>
  <attribute name="Output I" value="200"/>
  <attribute name="Output T" value="1"/>
  <attribute name="Target GC Util Change" value ="20.000000" />
  <attribute name="Current GC Util Change" value="88.000000"/>
  <attribute name="GC Util currently" value="88" />
  <attribute name="CPU Util currently" value="20839539988905" />
<exclusive-end id="1293" timestamp="2019-06-15T00:23:55.261" durationms="5.272" />

<exclusive-start id="1294" timestamp="2019-06-15T00:23:55.290" intervalms="33.814">
  <response-info timems="0.034" idlems="0.034" threads="0" lastid="0000000001817900" lastname="Thread-8" />
</exclusive-start>
<allocation-taxation id="1295" taxation-threshold="68157440" timestamp="2019-06-15T00:23:55.290" intervalms="33.803" />
<cycle-start id="1296" type="partial gc" contextid="0" timestamp="2019-06-15T00:23:55.290" intervalms="33.815" />
<gc-start id="1297" type="partial gc" contextid="1296" timestamp="2019-06-15T00:23:55.290">
  <mem-info id="1298" free="80740352" total="249561088" percent="32">
    <mem type="eden" free="0" total="68157440" percent="0" />
    <arraylet-primitive objects="2" leaves="2" largest="1" />
    <remembered-set count="35968" freebytes="9817856" totalbytes="9961728" percent="98" regionsoverflowed="0" regionsstable="2" regionsrebuilding="0"/>
  </mem-info>
</gc-start>
<allocation-stats totalBytes="68148952" >
  <allocated-bytes non-tlh="0" tlh="68148952" arrayletleaf="0"/>
  <largest-consumer threadName="Thread-8" threadId="0000000001817900" bytes="23356768" />
</allocation-stats>
<gc-op id="1299" type="copy forward" timems="3.406" contextid="1296" timestamp="2019-06-15T00:23:55.295">
  <memory-copied type="eden" objects="10481" bytes="390656" bytesdiscarded="0" />
  <memory-copied type="other" objects="14391" bytes="620136" bytesdiscarded="0" />
  <memory-cardclean objects="4809" bytes="274080" />
  <regions eden="65" other="2" />
  <remembered-set-cleared processed="31144" cleared="705" durationms="0.490" />
  <stringconstants candidates="4597" cleared="0"  />
</gc-op>
<gc-op id="1300" type="classunload" timems="0.003" contextid="1296" timestamp="2019-06-15T00:23:55.295">
  <classunload-info classloadercandidates="8" classloadersunloaded="0" classesunloaded="0" anonymousclassesunloaded="0" quiescems="0.000" setupms="0.002" scanms="0.000" postms="0.000" />
</gc-op>
<heap-resize id="1301" type="expand" space="default" amount="5242880" count="1" timems="0.094" reason="excessive time being spent in gc" timestamp="2019-06-15T00:23:55.295" />
<gc-end id="1302" type="partial gc" contextid="1296" durationms="4.774" usertimems="8.000" systemtimems="0.000" timestamp="2019-06-15T00:23:55.295" activeThreads="1">
  <mem-info id="1303" free="153092096" total="254803968" percent="60">
    <mem type="eden" free="657920" total="1048576" percent="62" />
    <arraylet-primitive objects="2" leaves="2" largest="1" />
    <remembered-set count="37120" freebytes="10022528" totalbytes="10171008" percent="98" regionsoverflowed="0" regionsstable="2" regionsrebuilding="0"/>
  </mem-info>
</gc-end>
<cycle-end id="1304" type="partial gc" contextid="1296" timestamp="2019-06-15T00:23:55.295" />
  <attribute name="elasticGC enabled" value="1" />
  <attribute name= "numThreadsSpecified" value="1" />
  <attribute name="heapSize specified" value="0" />
  <attribute name="Current GC Util" value="75" />
  <attribute name= "Current Time Running" value="3328" />
  <attribute name ="GC Interval" value="0" />
  <attribute name="ProportionalT" value="27.500000" />
  <attribute name="ProportionalI" value="27.500000" />
  <attribute name="ProportionalH" value="27.500000" />
  <attribute name="Current Error" value="55.000000" />
  <attribute name="IntegralT" value="0.000000" />
  <attribute name="IntegralI" value="0.000000" />
  <attribute name="IntegralH" value="0.000000" />
  <attribute name="DerivativeT" value="inf" />
  <attribute name="DerivativeI" value="inf" />
  <attribute name="DerivativeH" value="inf" />
  <attribute name="Loop Time for DT" value="0.000000" />
  <attribute name="Output H" value="8388608"/>
  <attribute name="Output I" value="200"/>
  <attribute name="Output T" value="1"/>
  <attribute name="Target GC Util Change" value ="20.000000" />
  <attribute name="Current GC Util Change" value="75.000000"/>
  <attribute name="GC Util currently" value="75" />
  <attribute name="CPU Util currently" value="17445181260396" />
<exclusive-end id="1305" timestamp="2019-06-15T00:23:55.296" durationms="5.721" />

<exclusive-start id="1306" timestamp="2019-06-15T00:23:55.325" intervalms="35.431">
  <response-info timems="0.040" idlems="0.040" threads="0" lastid="0000000001817900" lastname="Thread-8" />
</exclusive-start>
<allocation-taxation id="1307" taxation-threshold="69206016" timestamp="2019-06-15T00:23:55.325" intervalms="35.439" />
<cycle-start id="1308" type="partial gc" contextid="0" timestamp="2019-06-15T00:23:55.326" intervalms="35.470" />
<gc-start id="1309" type="partial gc" contextid="1308" timestamp="2019-06-15T00:23:55.326">
  <mem-info id="1310" free="83886080" total="254803968" percent="32">
    <mem type="eden" free="0" total="69206016" percent="0" />
    <arraylet-primitive objects="2" leaves="2" largest="1" />
    <remembered-set count="36832" freebytes="10023680" totalbytes="10171008" percent="98" regionsoverflowed="0" regionsstable="2" regionsrebuilding="0"/>
  </mem-info>
</gc-start>
<allocation-stats totalBytes="69197112" >
  <allocated-bytes non-tlh="0" tlh="69197112" arrayletleaf="0"/>
  <largest-consumer threadName="Thread-7" threadId="000000000181F100" bytes="24126616" />
</allocation-stats>
<gc-op id="1311" type="copy forward" timems="4.169" contextid="1308" timestamp="2019-06-15T00:23:55.331">
  <memory-copied type="eden" objects="5145" bytes="125048" bytesdiscarded="0" />
  <memory-copied type="other" objects="30998" bytes="1293456" bytesdiscarded="0" />
  <memory-cardclean objects="2857" bytes="142584" />
  <regions eden="66" other="4" />
  <remembered-set-cleared processed="31337" cleared="1153" durationms="0.457" />
  <stringconstants candidates="4597" cleared="0"  />
</gc-op>
<gc-op id="1312" type="classunload" timems="0.003" contextid="1308" timestamp="2019-06-15T00:23:55.331">
  <classunload-info classloadercandidates="8" classloadersunloaded="0" classesunloaded="0" anonymousclassesunloaded="0" quiescems="0.000" setupms="0.003" scanms="0.000" postms="0.000" />
</gc-op>
<heap-resize id="1313" type="expand" space="default" amount="2097152" count="1" timems="0.060" reason="excessive time being spent in gc" timestamp="2019-06-15T00:23:55.331" />
<gc-end id="1314" type="partial gc" contextid="1308" durationms="5.433" usertimems="4.000" systemtimems="0.000" timestamp="2019-06-15T00:23:55.331" activeThreads="1">
  <mem-info id="1315" free="154140672" total="256901120" percent="60">
    <mem type="eden" free="923528" total="1048576" percent="88" />
    <arraylet-primitive objects="2" leaves="2" largest="1" />
    <remembered-set count="38944" freebytes="10098944" totalbytes="10254720" percent="98" regionsoverflowed="0" regionsstable="2" regionsrebuilding="0"/>
  </mem-info>
</gc-end>
<cycle-end id="1316" type="partial gc" contextid="1308" timestamp="2019-06-15T00:23:55.332" />
  <attribute name="elasticGC enabled" value="1" />
  <attribute name= "numThreadsSpecified" value="1" />
  <attribute name="heapSize specified" value="0" />
  <attribute name="Current GC Util" value="72" />
  <attribute name= "Current Time Running" value="3364" />
  <attribute name ="GC Interval" value="0" />
  <attribute name="ProportionalT" value="26.000000" />
  <attribute name="ProportionalI" value="26.000000" />
  <attribute name="ProportionalH" value="26.000000" />
  <attribute name="Current Error" value="52.000000" />
  <attribute name="IntegralT" value="0.000000" />
  <attribute name="IntegralI" value="0.000000" />
  <attribute name="IntegralH" value="0.000000" />
  <attribute name="DerivativeT" value="inf" />
  <attribute name="DerivativeI" value="inf" />
  <attribute name="DerivativeH" value="inf" />
  <attribute name="Loop Time for DT" value="0.000000" />
  <attribute name="Output H" value="8388608"/>
  <attribute name="Output I" value="200"/>
  <attribute name="Output T" value="1"/>
  <attribute name="Target GC Util Change" value ="20.000000" />
  <attribute name="Current GC Util Change" value="72.000000"/>
  <attribute name="GC Util currently" value="72" />
  <attribute name="CPU Util currently" value="19344807342509" />
<exclusive-end id="1317" timestamp="2019-06-15T00:23:55.332" durationms="6.406" />

<exclusive-start id="1318" timestamp="2019-06-15T00:23:55.362" intervalms="36.236">
  <response-info timems="0.040" idlems="0.040" threads="0" lastid="000000000181F100" lastname="Thread-7" />
</exclusive-start>
<allocation-taxation id="1319" taxation-threshold="70254592" timestamp="2019-06-15T00:23:55.362" intervalms="36.264" />
<cycle-start id="1320" type="partial gc" contextid="0" timestamp="2019-06-15T00:23:55.362" intervalms="36.266" />
<gc-start id="1321" type="partial gc" contextid="1320" timestamp="2019-06-15T00:23:55.362">
  <mem-info id="1322" free="83886080" total="256901120" percent="32">
    <mem type="eden" free="0" total="70254592" percent="0" />
    <arraylet-primitive objects="2" leaves="2" largest="1" />
    <remembered-set count="38464" freebytes="10100864" totalbytes="10254720" percent="98" regionsoverflowed="0" regionsstable="2" regionsrebuilding="0"/>
  </mem-info>
</gc-start>
<allocation-stats totalBytes="70244992" >
  <allocated-bytes non-tlh="0" tlh="70244992" arrayletleaf="0"/>
  <largest-consumer threadName="Thread-7" threadId="000000000181F100" bytes="23728944" />
</allocation-stats>
<gc-op id="1323" type="copy forward" timems="2.823" contextid="1320" timestamp="2019-06-15T00:23:55.365">
  <memory-copied type="eden" objects="11626" bytes="555184" bytesdiscarded="0" />
  <memory-copied type="other" objects="5949" bytes="142776" bytesdiscarded="0" />
  <memory-cardclean objects="7603" bytes="408408" />
  <regions eden="67" other="3" />
  <remembered-set-cleared processed="32054" cleared="1311" durationms="0.465" />
  <stringconstants candidates="4597" cleared="0"  />
</gc-op>
<gc-op id="1324" type="classunload" timems="0.002" contextid="1320" timestamp="2019-06-15T00:23:55.366">
  <classunload-info classloadercandidates="8" classloadersunloaded="0" classesunloaded="0" anonymousclassesunloaded="0" quiescems="0.000" setupms="0.002" scanms="0.000" postms="0.000" />
</gc-op>
<heap-resize id="1325" type="expand" space="default" amount="3145728" count="1" timems="0.068" reason="excessive time being spent in gc" timestamp="2019-06-15T00:23:55.366" />
<gc-end id="1326" type="partial gc" contextid="1320" durationms="3.932" usertimems="8.000" systemtimems="0.000" timestamp="2019-06-15T00:23:55.366" activeThreads="1">
  <mem-info id="1327" free="156237824" total="260046848" percent="60">
    <mem type="eden" free="493392" total="1048576" percent="47" />
    <arraylet-primitive objects="2" leaves="2" largest="1" />
    <remembered-set count="38400" freebytes="10226688" totalbytes="10380288" percent="98" regionsoverflowed="0" regionsstable="2" regionsrebuilding="0"/>
  </mem-info>
</gc-end>
<cycle-end id="1328" type="partial gc" contextid="1320" timestamp="2019-06-15T00:23:55.366" />
  <attribute name="elasticGC enabled" value="1" />
  <attribute name= "numThreadsSpecified" value="1" />
  <attribute name="heapSize specified" value="0" />
  <attribute name="Current GC Util" value="76" />
  <attribute name= "Current Time Running" value="3400" />
  <attribute name ="GC Interval" value="0" />
  <attribute name="ProportionalT" value="28.000000" />
  <attribute name="ProportionalI" value="28.000000" />
  <attribute name="ProportionalH" value="28.000000" />
  <attribute name="Current Error" value="56.000000" />
  <attribute name="IntegralT" value="0.000000" />
  <attribute name="IntegralI" value="0.000000" />
  <attribute name="IntegralH" value="0.000000" />
  <attribute name="DerivativeT" value="inf" />
  <attribute name="DerivativeI" value="inf" />
  <attribute name="DerivativeH" value="inf" />
  <attribute name="Loop Time for DT" value="0.000000" />
  <attribute name="Output H" value="8388608"/>
  <attribute name="Output I" value="200"/>
  <attribute name="Output T" value="1"/>
  <attribute name="Target GC Util Change" value ="20.000000" />
  <attribute name="Current GC Util Change" value="76.000000"/>
  <attribute name="GC Util currently" value="76" />
  <attribute name="CPU Util currently" value="19601508048016" />
<exclusive-end id="1329" timestamp="2019-06-15T00:23:55.366" durationms="4.737" />

<exclusive-start id="1330" timestamp="2019-06-15T00:23:55.399" intervalms="36.990">
  <response-info timems="0.048" idlems="0.048" threads="0" lastid="0000000001817900" lastname="Thread-8" />
</exclusive-start>
<allocation-taxation id="1331" taxation-threshold="71303168" timestamp="2019-06-15T00:23:55.399" intervalms="36.959" />
<cycle-start id="1332" type="partial gc" contextid="0" timestamp="2019-06-15T00:23:55.399" intervalms="36.920" />
<gc-start id="1333" type="partial gc" contextid="1332" timestamp="2019-06-15T00:23:55.399">
  <mem-info id="1334" free="84934656" total="260046848" percent="32">
    <mem type="eden" free="0" total="71303168" percent="0" />
    <arraylet-primitive objects="2" leaves="2" largest="1" />
    <remembered-set count="37952" freebytes="10228480" totalbytes="10380288" percent="98" regionsoverflowed="0" regionsstable="2" regionsrebuilding="0"/>
  </mem-info>
</gc-start>
<allocation-stats totalBytes="71294264" >
  <allocated-bytes non-tlh="0" tlh="71294264" arrayletleaf="0"/>
  <largest-consumer threadName="Thread-7" threadId="000000000181F100" bytes="23688312" />
</allocation-stats>
<gc-op id="1335" type="copy forward" timems="3.659" contextid="1332" timestamp="2019-06-15T00:23:55.403">
  <memory-copied type="eden" objects="11840" bytes="422824" bytesdiscarded="0" />
  <memory-copied type="other" objects="16088" bytes="660864" bytesdiscarded="0" />
  <memory-cardclean objects="5979" bytes="292440" />
  <regions eden="68" other="5" />
  <remembered-set-cleared processed="31932" cleared="2779" durationms="0.460" />
  <stringconstants candidates="4597" cleared="0"  />
</gc-op>
<gc-op id="1336" type="classunload" timems="0.002" contextid="1332" timestamp="2019-06-15T00:23:55.403">
  <classunload-info classloadercandidates="8" classloadersunloaded="0" classesunloaded="0" anonymousclassesunloaded="0" quiescems="0.000" setupms="0.002" scanms="0.000" postms="0.000" />
</gc-op>
<gc-end id="1337" type="partial gc" contextid="1332" durationms="4.563" usertimems="4.000" systemtimems="4.000" timestamp="2019-06-15T00:23:55.404" activeThreads="1">
  <mem-info id="1338" free="156237824" total="260046848" percent="60">
    <mem type="eden" free="625752" total="1048576" percent="59" />
    <arraylet-primitive objects="2" leaves="2" largest="1" />
    <remembered-set count="38368" freebytes="10226816" totalbytes="10380288" percent="98" regionsoverflowed="0" regionsstable="2" regionsrebuilding="0"/>
  </mem-info>
</gc-end>
<cycle-end id="1339" type="partial gc" contextid="1332" timestamp="2019-06-15T00:23:55.404" />
  <attribute name="elasticGC enabled" value="1" />
  <attribute name= "numThreadsSpecified" value="1" />
  <attribute name="heapSize specified" value="0" />
  <attribute name="Current GC Util" value="86" />
  <attribute name= "Current Time Running" value="3437" />
  <attribute name ="GC Interval" value="0" />
  <attribute name="ProportionalT" value="33.000000" />
  <attribute name="ProportionalI" value="33.000000" />
  <attribute name="ProportionalH" value="33.000000" />
  <attribute name="Current Error" value="66.000000" />
  <attribute name="IntegralT" value="0.000000" />
  <attribute name="IntegralI" value="0.000000" />
  <attribute name="IntegralH" value="0.000000" />
  <attribute name="DerivativeT" value="inf" />
  <attribute name="DerivativeI" value="inf" />
  <attribute name="DerivativeH" value="inf" />
  <attribute name="Loop Time for DT" value="0.000000" />
  <attribute name="Output H" value="8388608"/>
  <attribute name="Output I" value="200"/>
  <attribute name="Output T" value="1"/>
  <attribute name="Target GC Util Change" value ="20.000000" />
  <attribute name="Current GC Util Change" value="86.000000"/>
  <attribute name="GC Util currently" value="86" />
  <attribute name="CPU Util currently" value="21660972374139" />
<exclusive-end id="1340" timestamp="2019-06-15T00:23:55.404" durationms="5.406" />

<exclusive-start id="1341" timestamp="2019-06-15T00:23:55.447" intervalms="48.557">
  <response-info timems="0.034" idlems="0.034" threads="0" lastid="0000000001817900" lastname="Thread-8" />
</exclusive-start>
<allocation-taxation id="1342" taxation-threshold="71303168" timestamp="2019-06-15T00:23:55.447" intervalms="48.557" />
<cycle-start id="1343" type="partial gc" contextid="0" timestamp="2019-06-15T00:23:55.447" intervalms="48.559" />
<gc-start id="1344" type="partial gc" contextid="1343" timestamp="2019-06-15T00:23:55.448">
  <mem-info id="1345" free="84934656" total="260046848" percent="32">
    <mem type="eden" free="0" total="71303168" percent="0" />
    <arraylet-primitive objects="2" leaves="2" largest="1" />
    <remembered-set count="38112" freebytes="10227840" totalbytes="10380288" percent="98" regionsoverflowed="0" regionsstable="2" regionsrebuilding="0"/>
  </mem-info>
</gc-start>
<allocation-stats totalBytes="71293728" >
  <allocated-bytes non-tlh="0" tlh="71293728" arrayletleaf="0"/>
  <largest-consumer threadName="Thread-7" threadId="000000000181F100" bytes="26383248" />
</allocation-stats>
<gc-op id="1346" type="copy forward" timems="2.043" contextid="1343" timestamp="2019-06-15T00:23:55.450">
  <memory-copied type="eden" objects="11604" bytes="554880" bytesdiscarded="42320" />
  <memory-copied type="other" objects="9265" bytes="359736" bytesdiscarded="44984" />
  <memory-cardclean objects="4690" bytes="245208" />
  <regions eden="68" other="4" />
  <remembered-set-cleared processed="31047" cleared="1516" durationms="0.191" />
  <stringconstants candidates="4597" cleared="0"  />
</gc-op>
<gc-op id="1347" type="classunload" timems="0.003" contextid="1343" timestamp="2019-06-15T00:23:55.450">
  <classunload-info classloadercandidates="8" classloadersunloaded="0" classesunloaded="0" anonymousclassesunloaded="0" quiescems="0.000" setupms="0.003" scanms="0.000" postms="0.000" />
</gc-op>
<heap-resize id="1348" type="expand" space="default" amount="2097152" count="1" timems="0.066" reason="excessive time being spent in gc" timestamp="2019-06-15T00:23:55.451" />
<gc-end id="1349" type="partial gc" contextid="1343" durationms="3.071" usertimems="8.000" systemtimems="0.000" timestamp="2019-06-15T00:23:55.451" activeThreads="4">
  <mem-info id="1350" free="157286400" total="262144000" percent="60">
    <mem type="eden" free="451376" total="1048576" percent="43" />
    <arraylet-primitive objects="2" leaves="2" largest="1" />
    <remembered-set count="36448" freebytes="10318208" totalbytes="10464000" percent="98" regionsoverflowed="0" regionsstable="2" regionsrebuilding="0"/>
  </mem-info>
</gc-end>
<cycle-end id="1351" type="partial gc" contextid="1343" timestamp="2019-06-15T00:23:55.451" />
  <attribute name="elasticGC enabled" value="1" />
  <attribute name= "numThreadsSpecified" value="4" />
  <attribute name="heapSize specified" value="0" />
  <attribute name="Current GC Util" value="75" />
  <attribute name= "Current Time Running" value="3486" />
  <attribute name ="GC Interval" value="0" />
  <attribute name="ProportionalT" value="27.500000" />
  <attribute name="ProportionalI" value="27.500000" />
  <attribute name="ProportionalH" value="27.500000" />
  <attribute name="Current Error" value="55.000000" />
  <attribute name="IntegralT" value="55.000000" />
  <attribute name="IntegralI" value="55.000000" />
  <attribute name="IntegralH" value="55.000000" />
  <attribute name="DerivativeT" value="27.500000" />
  <attribute name="DerivativeI" value="27.500000" />
  <attribute name="DerivativeH" value="27.500000" />
  <attribute name="Loop Time for DT" value="1.000000" />
  <attribute name="Output H" value="8388608"/>
  <attribute name="Output I" value="200"/>
  <attribute name="Output T" value="4"/>
  <attribute name="Target GC Util Change" value ="20.000000" />
  <attribute name="Current GC Util Change" value="75.000000"/>
  <attribute name="GC Util currently" value="75" />
  <attribute name="CPU Util currently" value="19966947521505" />
<exclusive-end id="1352" timestamp="2019-06-15T00:23:55.451" durationms="3.935" />

<exclusive-start id="1353" timestamp="2019-06-15T00:23:55.500" intervalms="52.759">
  <response-info timems="0.047" idlems="0.026" threads="1" lastid="0000000001813D00" lastname="Thread-9" />
</exclusive-start>
<allocation-taxation id="1354" taxation-threshold="71303168" timestamp="2019-06-15T00:23:55.500" intervalms="52.821" />
<cycle-start id="1355" type="partial gc" contextid="0" timestamp="2019-06-15T00:23:55.500" intervalms="52.907" />
<gc-start id="1356" type="partial gc" contextid="1355" timestamp="2019-06-15T00:23:55.501">
  <mem-info id="1357" free="85983232" total="262144000" percent="32">
    <mem type="eden" free="0" total="71303168" percent="0" />
    <arraylet-primitive objects="2" leaves="2" largest="1" />
    <remembered-set count="36352" freebytes="10318592" totalbytes="10464000" percent="98" regionsoverflowed="0" regionsstable="2" regionsrebuilding="0"/>
  </mem-info>
</gc-start>
<allocation-stats totalBytes="71293320" >
  <allocated-bytes non-tlh="0" tlh="71293320" arrayletleaf="0"/>
  <largest-consumer threadName="Thread-7" threadId="000000000181F100" bytes="25629376" />
</allocation-stats>
<gc-op id="1358" type="copy forward" timems="1.980" contextid="1355" timestamp="2019-06-15T00:23:55.503">
  <memory-copied type="eden" objects="15654" bytes="651848" bytesdiscarded="81472" />
  <memory-copied type="other" objects="13246" bytes="592656" bytesdiscarded="46216" />
  <memory-cardclean objects="4906" bytes="263688" />
  <regions eden="68" other="3" />
  <remembered-set-cleared processed="31557" cleared="832" durationms="0.190" />
  <stringconstants candidates="4597" cleared="0"  />
</gc-op>
<gc-op id="1359" type="classunload" timems="0.003" contextid="1355" timestamp="2019-06-15T00:23:55.503">
  <classunload-info classloadercandidates="8" classloadersunloaded="0" classesunloaded="0" anonymousclassesunloaded="0" quiescems="0.000" setupms="0.002" scanms="0.000" postms="0.000" />
</gc-op>
<gc-end id="1360" type="partial gc" contextid="1355" durationms="3.067" usertimems="8.000" systemtimems="0.000" timestamp="2019-06-15T00:23:55.504" activeThreads="4">
  <mem-info id="1361" free="156237824" total="262144000" percent="59">
    <mem type="eden" free="315256" total="1048576" percent="30" />
    <arraylet-primitive objects="2" leaves="2" largest="1" />
    <remembered-set count="37920" freebytes="10312320" totalbytes="10464000" percent="98" regionsoverflowed="0" regionsstable="2" regionsrebuilding="0"/>
  </mem-info>
</gc-end>
<cycle-end id="1362" type="partial gc" contextid="1355" timestamp="2019-06-15T00:23:55.504" />
  <attribute name="elasticGC enabled" value="1" />
  <attribute name= "numThreadsSpecified" value="4" />
  <attribute name="heapSize specified" value="0" />
  <attribute name="Current GC Util" value="64" />
  <attribute name= "Current Time Running" value="3539" />
  <attribute name ="GC Interval" value="0" />
  <attribute name="ProportionalT" value="22.000000" />
  <attribute name="ProportionalI" value="22.000000" />
  <attribute name="ProportionalH" value="22.000000" />
  <attribute name="Current Error" value="44.000000" />
  <attribute name="IntegralT" value="44.000000" />
  <attribute name="IntegralI" value="44.000000" />
  <attribute name="IntegralH" value="44.000000" />
  <attribute name="DerivativeT" value="22.000000" />
  <attribute name="DerivativeI" value="22.000000" />
  <attribute name="DerivativeH" value="22.000000" />
  <attribute name="Loop Time for DT" value="1.000000" />
  <attribute name="Output H" value="8388608"/>
  <attribute name="Output I" value="200"/>
  <attribute name="Output T" value="4"/>
  <attribute name="Target GC Util Change" value ="20.000000" />
  <attribute name="Current GC Util Change" value="64.000000"/>
  <attribute name="GC Util currently" value="64" />
  <attribute name="CPU Util currently" value="19125230688305" />
<exclusive-end id="1363" timestamp="2019-06-15T00:23:55.504" durationms="4.111" />

<exclusive-start id="1364" timestamp="2019-06-15T00:23:55.545" intervalms="45.353">
  <response-info timems="0.035" idlems="0.035" threads="0" lastid="0000000001817900" lastname="Thread-8" />
</exclusive-start>
<allocation-taxation id="1365" taxation-threshold="71303168" timestamp="2019-06-15T00:23:55.545" intervalms="45.288" />
<cycle-start id="1366" type="partial gc" contextid="0" timestamp="2019-06-15T00:23:55.545" intervalms="45.201" />
<gc-start id="1367" type="partial gc" contextid="1366" timestamp="2019-06-15T00:23:55.546">
  <mem-info id="1368" free="84934656" total="262144000" percent="32">
    <mem type="eden" free="0" total="71303168" percent="0" />
    <arraylet-primitive objects="2" leaves="2" largest="1" />
    <remembered-set count="37728" freebytes="10313088" totalbytes="10464000" percent="98" regionsoverflowed="0" regionsstable="2" regionsrebuilding="0"/>
  </mem-info>
</gc-start>
<allocation-stats totalBytes="71293104" >
  <allocated-bytes non-tlh="0" tlh="71293104" arrayletleaf="0"/>
  <largest-consumer threadName="Thread-7" threadId="000000000181F100" bytes="19396056" />
</allocation-stats>
<gc-op id="1369" type="copy forward" timems="2.013" contextid="1366" timestamp="2019-06-15T00:23:55.548">
  <memory-copied type="eden" objects="4567" bytes="111160" bytesdiscarded="21752" />
  <memory-copied type="other" objects="24089" bytes="1127640" bytesdiscarded="55296" />
  <memory-cardclean objects="1795" bytes="87552" />
  <regions eden="68" other="6" />
  <remembered-set-cleared processed="31529" cleared="2343" durationms="0.190" />
  <stringconstants candidates="4597" cleared="0"  />
</gc-op>
<gc-op id="1370" type="classunload" timems="0.002" contextid="1366" timestamp="2019-06-15T00:23:55.548">
  <classunload-info classloadercandidates="8" classloadersunloaded="0" classesunloaded="0" anonymousclassesunloaded="0" quiescems="0.000" setupms="0.002" scanms="0.000" postms="0.000" />
</gc-op>
<gc-end id="1371" type="partial gc" contextid="1366" durationms="2.955" usertimems="8.000" systemtimems="0.000" timestamp="2019-06-15T00:23:55.549" activeThreads="4">
  <mem-info id="1372" free="157286400" total="262144000" percent="60">
    <mem type="eden" free="915664" total="1048576" percent="87" />
    <arraylet-primitive objects="2" leaves="2" largest="1" />
    <remembered-set count="35584" freebytes="10321664" totalbytes="10464000" percent="98" regionsoverflowed="0" regionsstable="2" regionsrebuilding="0"/>
  </mem-info>
</gc-end>
<cycle-end id="1373" type="partial gc" contextid="1366" timestamp="2019-06-15T00:23:55.549" />
  <attribute name="elasticGC enabled" value="1" />
  <attribute name= "numThreadsSpecified" value="4" />
  <attribute name="heapSize specified" value="0" />
  <attribute name="Current GC Util" value="56" />
  <attribute name= "Current Time Running" value="3584" />
  <attribute name ="GC Interval" value="0" />
  <attribute name="ProportionalT" value="18.000000" />
  <attribute name="ProportionalI" value="18.000000" />
  <attribute name="ProportionalH" value="18.000000" />
  <attribute name="Current Error" value="36.000000" />
  <attribute name="IntegralT" value="36.000000" />
  <attribute name="IntegralI" value="36.000000" />
  <attribute name="IntegralH" value="36.000000" />
  <attribute name="DerivativeT" value="18.000000" />
  <attribute name="DerivativeI" value="18.000000" />
  <attribute name="DerivativeH" value="18.000000" />
  <attribute name="Loop Time for DT" value="1.000000" />
  <attribute name="Output H" value="8388608"/>
  <attribute name="Output I" value="200"/>
  <attribute name="Output T" value="4"/>
  <attribute name="Target GC Util Change" value ="20.000000" />
  <attribute name="Current GC Util Change" value="56.000000"/>
  <attribute name="GC Util currently" value="56" />
  <attribute name="CPU Util currently" value="18412349734426" />
<exclusive-end id="1374" timestamp="2019-06-15T00:23:55.549" durationms="3.767" />

<exclusive-start id="1375" timestamp="2019-06-15T00:23:55.592" intervalms="46.470">
  <response-info timems="0.061" idlems="0.061" threads="0" lastid="000000000181F100" lastname="Thread-7" />
</exclusive-start>
<allocation-taxation id="1376" taxation-threshold="71303168" timestamp="2019-06-15T00:23:55.592" intervalms="46.512" />
<cycle-start id="1377" type="partial gc" contextid="0" timestamp="2019-06-15T00:23:55.592" intervalms="46.555" />
<gc-start id="1378" type="partial gc" contextid="1377" timestamp="2019-06-15T00:23:55.592">
  <mem-info id="1379" free="85983232" total="262144000" percent="32">
    <mem type="eden" free="0" total="71303168" percent="0" />
    <arraylet-primitive objects="2" leaves="2" largest="1" />
    <remembered-set count="35488" freebytes="10322048" totalbytes="10464000" percent="98" regionsoverflowed="0" regionsstable="2" regionsrebuilding="0"/>
  </mem-info>
</gc-start>
<allocation-stats totalBytes="71293480" >
  <allocated-bytes non-tlh="0" tlh="71293480" arrayletleaf="0"/>
  <largest-consumer threadName="Thread-8" threadId="0000000001817900" bytes="19891536" />
</allocation-stats>
<gc-op id="1380" type="copy forward" timems="3.737" contextid="1377" timestamp="2019-06-15T00:23:55.597">
  <memory-copied type="eden" objects="4706" bytes="114312" bytesdiscarded="0" />
  <memory-copied type="other" objects="28513" bytes="1233816" bytesdiscarded="0" />
  <memory-cardclean objects="882" bytes="47784" />
  <regions eden="68" other="5" />
  <remembered-set-cleared processed="30447" cleared="1007" durationms="0.444" />
  <stringconstants candidates="4597" cleared="0"  />
</gc-op>
<gc-op id="1381" type="classunload" timems="0.002" contextid="1377" timestamp="2019-06-15T00:23:55.597">
  <classunload-info classloadercandidates="8" classloadersunloaded="0" classesunloaded="0" anonymousclassesunloaded="0" quiescems="0.000" setupms="0.001" scanms="0.000" postms="0.000" />
</gc-op>
<gc-end id="1382" type="partial gc" contextid="1377" durationms="4.727" usertimems="4.000" systemtimems="0.000" timestamp="2019-06-15T00:23:55.597" activeThreads="1">
  <mem-info id="1383" free="157286400" total="262144000" percent="60">
    <mem type="eden" free="934264" total="1048576" percent="89" />
    <arraylet-primitive objects="2" leaves="2" largest="1" />
    <remembered-set count="36800" freebytes="10316800" totalbytes="10464000" percent="98" regionsoverflowed="0" regionsstable="2" regionsrebuilding="0"/>
  </mem-info>
</gc-end>
<cycle-end id="1384" type="partial gc" contextid="1377" timestamp="2019-06-15T00:23:55.597" />
  <attribute name="elasticGC enabled" value="1" />
  <attribute name= "numThreadsSpecified" value="1" />
  <attribute name="heapSize specified" value="0" />
  <attribute name="Current GC Util" value="62" />
  <attribute name= "Current Time Running" value="3630" />
  <attribute name ="GC Interval" value="0" />
  <attribute name="ProportionalT" value="21.000000" />
  <attribute name="ProportionalI" value="21.000000" />
  <attribute name="ProportionalH" value="21.000000" />
  <attribute name="Current Error" value="42.000000" />
  <attribute name="IntegralT" value="0.000000" />
  <attribute name="IntegralI" value="0.000000" />
  <attribute name="IntegralH" value="0.000000" />
  <attribute name="DerivativeT" value="inf" />
  <attribute name="DerivativeI" value="inf" />
  <attribute name="DerivativeH" value="inf" />
  <attribute name="Loop Time for DT" value="0.000000" />
  <attribute name="Output H" value="8388608"/>
  <attribute name="Output I" value="200"/>
  <attribute name="Output T" value="1"/>
  <attribute name="Target GC Util Change" value ="20.000000" />
  <attribute name="Current GC Util Change" value="62.000000"/>
  <attribute name="GC Util currently" value="62" />
  <attribute name="CPU Util currently" value="19744004044870" />
<exclusive-end id="1385" timestamp="2019-06-15T00:23:55.597" durationms="5.595" />

<exclusive-start id="1386" timestamp="2019-06-15T00:23:55.643" intervalms="50.968">
  <response-info timems="0.033" idlems="0.033" threads="0" lastid="0000000001813D00" lastname="Thread-9" />
</exclusive-start>
<allocation-taxation id="1387" taxation-threshold="71303168" timestamp="2019-06-15T00:23:55.643" intervalms="50.970" />
<cycle-start id="1388" type="partial gc" contextid="0" timestamp="2019-06-15T00:23:55.643" intervalms="50.968" />
<gc-start id="1389" type="partial gc" contextid="1388" timestamp="2019-06-15T00:23:55.643">
  <mem-info id="1390" free="85983232" total="262144000" percent="32">
    <mem type="eden" free="0" total="71303168" percent="0" />
    <arraylet-primitive objects="2" leaves="2" largest="1" />
    <remembered-set count="36480" freebytes="10318080" totalbytes="10464000" percent="98" regionsoverflowed="0" regionsstable="2" regionsrebuilding="0"/>
  </mem-info>
</gc-start>
<allocation-stats totalBytes="71293504" >
  <allocated-bytes non-tlh="0" tlh="71293504" arrayletleaf="0"/>
  <largest-consumer threadName="Thread-7" threadId="000000000181F100" bytes="21926976" />
</allocation-stats>
<gc-op id="1391" type="copy forward" timems="3.873" contextid="1388" timestamp="2019-06-15T00:23:55.648">
  <memory-copied type="eden" objects="10155" bytes="382680" bytesdiscarded="0" />
  <memory-copied type="other" objects="21356" bytes="787296" bytesdiscarded="0" />
  <memory-cardclean objects="9035" bytes="476736" />
  <regions eden="68" other="3" />
  <remembered-set-cleared processed="30852" cleared="1102" durationms="0.452" />
  <stringconstants candidates="4597" cleared="0"  />
</gc-op>
<gc-op id="1392" type="classunload" timems="0.002" contextid="1388" timestamp="2019-06-15T00:23:55.648">
  <classunload-info classloadercandidates="8" classloadersunloaded="0" classesunloaded="0" anonymousclassesunloaded="0" quiescems="0.000" setupms="0.002" scanms="0.000" postms="0.000" />
</gc-op>
<gc-end id="1393" type="partial gc" contextid="1388" durationms="4.906" usertimems="4.000" systemtimems="4.000" timestamp="2019-06-15T00:23:55.648" activeThreads="1">
  <mem-info id="1394" free="156237824" total="262144000" percent="59">
    <mem type="eden" free="665896" total="1048576" percent="63" />
    <arraylet-primitive objects="2" leaves="2" largest="1" />
    <remembered-set count="38048" freebytes="10311808" totalbytes="10464000" percent="98" regionsoverflowed="0" regionsstable="2" regionsrebuilding="0"/>
  </mem-info>
</gc-end>
<cycle-end id="1395" type="partial gc" contextid="1388" timestamp="2019-06-15T00:23:55.648" />
  <attribute name="elasticGC enabled" value="1" />
  <attribute name= "numThreadsSpecified" value="1" />
  <attribute name="heapSize specified" value="0" />
  <attribute name="Current GC Util" value="99" />
  <attribute name= "Current Time Running" value="3681" />
  <attribute name ="GC Interval" value="0" />
  <attribute name="ProportionalT" value="39.500000" />
  <attribute name="ProportionalI" value="39.500000" />
  <attribute name="ProportionalH" value="39.500000" />
  <attribute name="Current Error" value="79.000000" />
  <attribute name="IntegralT" value="0.000000" />
  <attribute name="IntegralI" value="0.000000" />
  <attribute name="IntegralH" value="0.000000" />
  <attribute name="DerivativeT" value="inf" />
  <attribute name="DerivativeI" value="inf" />
  <attribute name="DerivativeH" value="inf" />
  <attribute name="Loop Time for DT" value="0.000000" />
  <attribute name="Output H" value="8388608"/>
  <attribute name="Output I" value="200"/>
  <attribute name="Output T" value="1"/>
  <attribute name="Target GC Util Change" value ="20.000000" />
  <attribute name="Current GC Util Change" value="99.000000"/>
  <attribute name="GC Util currently" value="99" />
  <attribute name="CPU Util currently" value="18891448705133" />
<exclusive-end id="1396" timestamp="2019-06-15T00:23:55.648" durationms="5.801" />

<exclusive-start id="1397" timestamp="2019-06-15T00:23:55.690" intervalms="47.231">
  <response-info timems="0.036" idlems="0.036" threads="0" lastid="0000000001817900" lastname="Thread-8" />
</exclusive-start>
<allocation-taxation id="1398" taxation-threshold="71303168" timestamp="2019-06-15T00:23:55.690" intervalms="47.200" />
<cycle-start id="1399" type="partial gc" contextid="0" timestamp="2019-06-15T00:23:55.690" intervalms="47.197" />
<gc-start id="1400" type="partial gc" contextid="1399" timestamp="2019-06-15T00:23:55.691">
  <mem-info id="1401" free="84934656" total="262144000" percent="32">
    <mem type="eden" free="0" total="71303168" percent="0" />
    <arraylet-primitive objects="2" leaves="2" largest="1" />
    <remembered-set count="37760" freebytes="10312960" totalbytes="10464000" percent="98" regionsoverflowed="0" regionsstable="2" regionsrebuilding="0"/>
  </mem-info>
</gc-start>
<allocation-stats totalBytes="71292784" >
  <allocated-bytes non-tlh="0" tlh="71292784" arrayletleaf="0"/>
  <largest-consumer threadName="Thread-8" threadId="0000000001817900" bytes="23028448" />
</allocation-stats>
<gc-op id="1402" type="copy forward" timems="2.928" contextid="1399" timestamp="2019-06-15T00:23:55.694">
  <memory-copied type="eden" objects="10127" bytes="381536" bytesdiscarded="26160" />
  <memory-copied type="other" objects="11625" bytes="416376" bytesdiscarded="4800" />
  <memory-cardclean objects="9187" bytes="480312" />
  <regions eden="68" other="4" />
  <remembered-set-cleared processed="31481" cleared="1765" durationms="0.189" />
  <stringconstants candidates="4597" cleared="0"  />
</gc-op>
<gc-op id="1403" type="classunload" timems="0.002" contextid="1399" timestamp="2019-06-15T00:23:55.694">
  <classunload-info classloadercandidates="8" classloadersunloaded="0" classesunloaded="0" anonymousclassesunloaded="0" quiescems="0.000" setupms="0.002" scanms="0.000" postms="0.000" />
</gc-op>
<gc-end id="1404" type="partial gc" contextid="1399" durationms="4.051" usertimems="12.000" systemtimems="0.000" timestamp="2019-06-15T00:23:55.695" activeThreads="4">
  <mem-info id="1405" free="156237824" total="262144000" percent="59">
    <mem type="eden" free="640880" total="1048576" percent="61" />
    <arraylet-primitive objects="2" leaves="2" largest="1" />
    <remembered-set count="36768" freebytes="10316928" totalbytes="10464000" percent="98" regionsoverflowed="0" regionsstable="2" regionsrebuilding="0"/>
  </mem-info>
</gc-end>
<cycle-end id="1406" type="partial gc" contextid="1399" timestamp="2019-06-15T00:23:55.695" />
  <attribute name="elasticGC enabled" value="1" />
  <attribute name= "numThreadsSpecified" value="4" />
  <attribute name="heapSize specified" value="0" />
  <attribute name="Current GC Util" value="64" />
  <attribute name= "Current Time Running" value="3729" />
  <attribute name ="GC Interval" value="0" />
  <attribute name="ProportionalT" value="22.000000" />
  <attribute name="ProportionalI" value="22.000000" />
  <attribute name="ProportionalH" value="22.000000" />
  <attribute name="Current Error" value="44.000000" />
  <attribute name="IntegralT" value="44.000000" />
  <attribute name="IntegralI" value="44.000000" />
  <attribute name="IntegralH" value="44.000000" />
  <attribute name="DerivativeT" value="22.000000" />
  <attribute name="DerivativeI" value="22.000000" />
  <attribute name="DerivativeH" value="22.000000" />
  <attribute name="Loop Time for DT" value="1.000000" />
  <attribute name="Output H" value="8388608"/>
  <attribute name="Output I" value="200"/>
  <attribute name="Output T" value="4"/>
  <attribute name="Target GC Util Change" value ="20.000000" />
  <attribute name="Current GC Util Change" value="64.000000"/>
  <attribute name="GC Util currently" value="64" />
  <attribute name="CPU Util currently" value="15056845749964" />
<exclusive-end id="1407" timestamp="2019-06-15T00:23:55.695" durationms="4.984" />

<exclusive-start id="1408" timestamp="2019-06-15T00:23:55.731" intervalms="40.843">
  <response-info timems="0.827" idlems="0.424" threads="1" lastid="0000000001813D00" lastname="Thread-9" />
</exclusive-start>
<allocation-taxation id="1409" taxation-threshold="71303168" timestamp="2019-06-15T00:23:55.731" intervalms="40.874" />
<cycle-start id="1410" type="partial gc" contextid="0" timestamp="2019-06-15T00:23:55.731" intervalms="40.880" />
<gc-start id="1411" type="partial gc" contextid="1410" timestamp="2019-06-15T00:23:55.731">
  <mem-info id="1412" free="84934656" total="262144000" percent="32">
    <mem type="eden" free="0" total="71303168" percent="0" />
    <arraylet-primitive objects="2" leaves="2" largest="1" />
    <remembered-set count="36352" freebytes="10318592" totalbytes="10464000" percent="98" regionsoverflowed="0" regionsstable="2" regionsrebuilding="0"/>
  </mem-info>
</gc-start>
<allocation-stats totalBytes="71292784" >
  <allocated-bytes non-tlh="0" tlh="71292784" arrayletleaf="0"/>
  <largest-consumer threadName="Thread-8" threadId="0000000001817900" bytes="21242936" />
</allocation-stats>
<gc-op id="1413" type="copy forward" timems="3.582" contextid="1410" timestamp="2019-06-15T00:23:55.736">
  <memory-copied type="eden" objects="15906" bytes="657992" bytesdiscarded="0" />
  <memory-copied type="other" objects="13144" bytes="590208" bytesdiscarded="0" />
  <memory-cardclean objects="10" bytes="1872" />
  <regions eden="68" other="4" />
  <remembered-set-cleared processed="31091" cleared="1377" durationms="0.474" />
  <stringconstants candidates="4597" cleared="0"  />
</gc-op>
<gc-op id="1414" type="classunload" timems="0.002" contextid="1410" timestamp="2019-06-15T00:23:55.736">
  <classunload-info classloadercandidates="8" classloadersunloaded="0" classesunloaded="0" anonymousclassesunloaded="0" quiescems="0.000" setupms="0.001" scanms="0.000" postms="0.000" />
</gc-op>
<gc-end id="1415" type="partial gc" contextid="1410" durationms="4.715" usertimems="4.000" systemtimems="0.000" timestamp="2019-06-15T00:23:55.736" activeThreads="1">
  <mem-info id="1416" free="157286400" total="262144000" percent="60">
    <mem type="eden" free="390584" total="1048576" percent="37" />
    <arraylet-primitive objects="2" leaves="2" largest="1" />
    <remembered-set count="35712" freebytes="10321152" totalbytes="10464000" percent="98" regionsoverflowed="0" regionsstable="2" regionsrebuilding="0"/>
  </mem-info>
</gc-end>
<cycle-end id="1417" type="partial gc" contextid="1410" timestamp="2019-06-15T00:23:55.736" />
  <attribute name="elasticGC enabled" value="1" />
  <attribute name= "numThreadsSpecified" value="1" />
  <attribute name="heapSize specified" value="0" />
  <attribute name="Current GC Util" value="63" />
  <attribute name= "Current Time Running" value="3769" />
  <attribute name ="GC Interval" value="0" />
  <attribute name="ProportionalT" value="21.500000" />
  <attribute name="ProportionalI" value="21.500000" />
  <attribute name="ProportionalH" value="21.500000" />
  <attribute name="Current Error" value="43.000000" />
  <attribute name="IntegralT" value="0.000000" />
  <attribute name="IntegralI" value="0.000000" />
  <attribute name="IntegralH" value="0.000000" />
  <attribute name="DerivativeT" value="inf" />
  <attribute name="DerivativeI" value="inf" />
  <attribute name="DerivativeH" value="inf" />
  <attribute name="Loop Time for DT" value="0.000000" />
  <attribute name="Output H" value="8388608"/>
  <attribute name="Output I" value="200"/>
  <attribute name="Output T" value="1"/>
  <attribute name="Target GC Util Change" value ="20.000000" />
  <attribute name="Current GC Util Change" value="63.000000"/>
  <attribute name="GC Util currently" value="63" />
  <attribute name="CPU Util currently" value="17817914174340" />
<exclusive-end id="1418" timestamp="2019-06-15T00:23:55.736" durationms="5.649" />

<exclusive-start id="1419" timestamp="2019-06-15T00:23:55.772" intervalms="40.976">
  <response-info timems="0.053" idlems="0.053" threads="0" lastid="000000000181B500" lastname="Thread-10" />
</exclusive-start>
<allocation-taxation id="1420" taxation-threshold="71303168" timestamp="2019-06-15T00:23:55.772" intervalms="40.974" />
<cycle-start id="1421" type="partial gc" contextid="0" timestamp="2019-06-15T00:23:55.772" intervalms="40.991" />
<gc-start id="1422" type="partial gc" contextid="1421" timestamp="2019-06-15T00:23:55.772">
  <mem-info id="1423" free="85983232" total="262144000" percent="32">
    <mem type="eden" free="0" total="71303168" percent="0" />
    <arraylet-primitive objects="2" leaves="2" largest="1" />
    <remembered-set count="35456" freebytes="10322176" totalbytes="10464000" percent="98" regionsoverflowed="0" regionsstable="2" regionsrebuilding="0"/>
  </mem-info>
</gc-start>
<allocation-stats totalBytes="71293592" >
  <allocated-bytes non-tlh="0" tlh="71293592" arrayletleaf="0"/>
  <largest-consumer threadName="Thread-7" threadId="000000000181F100" bytes="23561760" />
</allocation-stats>
<gc-op id="1424" type="copy forward" timems="3.054" contextid="1421" timestamp="2019-06-15T00:23:55.776">
  <memory-copied type="eden" objects="13813" bytes="607640" bytesdiscarded="0" />
  <memory-copied type="other" objects="10752" bytes="532800" bytesdiscarded="0" />
  <memory-cardclean objects="10" bytes="1872" />
  <regions eden="68" other="3" />
  <remembered-set-cleared processed="30632" cleared="918" durationms="0.452" />
  <stringconstants candidates="4597" cleared="0"  />
</gc-op>
<gc-op id="1425" type="classunload" timems="0.002" contextid="1421" timestamp="2019-06-15T00:23:55.776">
  <classunload-info classloadercandidates="8" classloadersunloaded="0" classesunloaded="0" anonymousclassesunloaded="0" quiescems="0.000" setupms="0.002" scanms="0.000" postms="0.000" />
</gc-op>
<gc-end id="1426" type="partial gc" contextid="1421" durationms="3.966" usertimems="4.000" systemtimems="0.000" timestamp="2019-06-15T00:23:55.776" activeThreads="1">
  <mem-info id="1427" free="158334976" total="262144000" percent="60">
    <mem type="eden" free="440936" total="1048576" percent="42" />
    <arraylet-primitive objects="2" leaves="2" largest="1" />
    <remembered-set count="34688" freebytes="10325248" totalbytes="10464000" percent="98" regionsoverflowed="0" regionsstable="2" regionsrebuilding="0"/>
  </mem-info>
</gc-end>
<cycle-end id="1428" type="partial gc" contextid="1421" timestamp="2019-06-15T00:23:55.776" />
  <attribute name="elasticGC enabled" value="1" />
  <attribute name= "numThreadsSpecified" value="1" />
  <attribute name="heapSize specified" value="0" />
  <attribute name="Current GC Util" value="94" />
  <attribute name= "Current Time Running" value="3810" />
  <attribute name ="GC Interval" value="0" />
  <attribute name="ProportionalT" value="37.000000" />
  <attribute name="ProportionalI" value="37.000000" />
  <attribute name="ProportionalH" value="37.000000" />
  <attribute name="Current Error" value="74.000000" />
  <attribute name="IntegralT" value="0.000000" />
  <attribute name="IntegralI" value="0.000000" />
  <attribute name="IntegralH" value="0.000000" />
  <attribute name="DerivativeT" value="inf" />
  <attribute name="DerivativeI" value="inf" />
  <attribute name="DerivativeH" value="inf" />
  <attribute name="Loop Time for DT" value="0.000000" />
  <attribute name="Output H" value="8388608"/>
  <attribute name="Output I" value="200"/>
  <attribute name="Output T" value="1"/>
  <attribute name="Target GC Util Change" value ="20.000000" />
  <attribute name="Current GC Util Change" value="94.000000"/>
  <attribute name="GC Util currently" value="94" />
  <attribute name="CPU Util currently" value="22974916180805" />
<exclusive-end id="1429" timestamp="2019-06-15T00:23:55.777" durationms="4.882" />

<exclusive-start id="1430" timestamp="2019-06-15T00:23:55.812" intervalms="40.443">
  <response-info timems="0.124" idlems="0.124" threads="0" lastid="0000000001813D00" lastname="Thread-9" />
</exclusive-start>
<allocation-taxation id="1431" taxation-threshold="71303168" timestamp="2019-06-15T00:23:55.812" intervalms="40.431" />
<cycle-start id="1432" type="partial gc" contextid="0" timestamp="2019-06-15T00:23:55.812" intervalms="40.419" />
<gc-start id="1433" type="partial gc" contextid="1432" timestamp="2019-06-15T00:23:55.813">
  <mem-info id="1434" free="87031808" total="262144000" percent="33">
    <mem type="eden" free="0" total="71303168" percent="0" />
    <arraylet-primitive objects="2" leaves="2" largest="1" />
    <remembered-set count="34624" freebytes="10325504" totalbytes="10464000" percent="98" regionsoverflowed="0" regionsstable="2" regionsrebuilding="0"/>
  </mem-info>
</gc-start>
<allocation-stats totalBytes="71293056" >
  <allocated-bytes non-tlh="0" tlh="71293056" arrayletleaf="0"/>
  <largest-consumer threadName="Thread-8" threadId="0000000001817900" bytes="25043512" />
</allocation-stats>
<gc-op id="1435" type="copy forward" timems="1.868" contextid="1432" timestamp="2019-06-15T00:23:55.815">
  <memory-copied type="eden" objects="8785" bytes="349632" bytesdiscarded="20480" />
  <memory-copied type="other" objects="18907" bytes="865896" bytesdiscarded="56960" />
  <memory-cardclean objects="882" bytes="47784" />
  <regions eden="68" other="4" />
  <remembered-set-cleared processed="30227" cleared="787" durationms="0.185" />
  <stringconstants candidates="4597" cleared="0"  />
</gc-op>
<gc-op id="1436" type="classunload" timems="0.003" contextid="1432" timestamp="2019-06-15T00:23:55.816">
  <classunload-info classloadercandidates="8" classloadersunloaded="0" classesunloaded="0" anonymousclassesunloaded="0" quiescems="0.000" setupms="0.003" scanms="0.000" postms="0.000" />
</gc-op>
<gc-end id="1437" type="partial gc" contextid="1432" durationms="2.878" usertimems="8.000" systemtimems="0.000" timestamp="2019-06-15T00:23:55.816" activeThreads="4">
  <mem-info id="1438" free="158334976" total="262144000" percent="60">
    <mem type="eden" free="678464" total="1048576" percent="64" />
    <arraylet-primitive objects="2" leaves="2" largest="1" />
    <remembered-set count="35424" freebytes="10322304" totalbytes="10464000" percent="98" regionsoverflowed="0" regionsstable="2" regionsrebuilding="0"/>
  </mem-info>
</gc-end>
<cycle-end id="1439" type="partial gc" contextid="1432" timestamp="2019-06-15T00:23:55.816" />
  <attribute name="elasticGC enabled" value="1" />
  <attribute name= "numThreadsSpecified" value="4" />
  <attribute name="heapSize specified" value="0" />
  <attribute name="Current GC Util" value="61" />
  <attribute name= "Current Time Running" value="3851" />
  <attribute name ="GC Interval" value="0" />
  <attribute name="ProportionalT" value="20.500000" />
  <attribute name="ProportionalI" value="20.500000" />
  <attribute name="ProportionalH" value="20.500000" />
  <attribute name="Current Error" value="41.000000" />
  <attribute name="IntegralT" value="41.000000" />
  <attribute name="IntegralI" value="41.000000" />
  <attribute name="IntegralH" value="41.000000" />
  <attribute name="DerivativeT" value="20.500000" />
  <attribute name="DerivativeI" value="20.500000" />
  <attribute name="DerivativeH" value="20.500000" />
  <attribute name="Loop Time for DT" value="1.000000" />
  <attribute name="Output H" value="8388608"/>
  <attribute name="Output I" value="200"/>
  <attribute name="Output T" value="4"/>
  <attribute name="Target GC Util Change" value ="20.000000" />
  <attribute name="Current GC Util Change" value="61.000000"/>
  <attribute name="GC Util currently" value="61" />
  <attribute name="CPU Util currently" value="18141174064540" />
<exclusive-end id="1440" timestamp="2019-06-15T00:23:55.816" durationms="3.815" />

<exclusive-start id="1441" timestamp="2019-06-15T00:23:55.854" intervalms="41.583">
  <response-info timems="0.042" idlems="0.042" threads="0" lastid="000000000181F100" lastname="Thread-7" />
</exclusive-start>
<allocation-taxation id="1442" taxation-threshold="71303168" timestamp="2019-06-15T00:23:55.854" intervalms="41.538" />
<cycle-start id="1443" type="partial gc" contextid="0" timestamp="2019-06-15T00:23:55.854" intervalms="41.479" />
<gc-start id="1444" type="partial gc" contextid="1443" timestamp="2019-06-15T00:23:55.854">
  <mem-info id="1445" free="87031808" total="262144000" percent="33">
    <mem type="eden" free="0" total="71303168" percent="0" />
    <arraylet-primitive objects="2" leaves="2" largest="1" />
    <remembered-set count="35104" freebytes="10323584" totalbytes="10464000" percent="98" regionsoverflowed="0" regionsstable="2" regionsrebuilding="0"/>
  </mem-info>
</gc-start>
<allocation-stats totalBytes="71292424" >
  <allocated-bytes non-tlh="0" tlh="71292424" arrayletleaf="0"/>
  <largest-consumer threadName="Thread-9" threadId="0000000001813D00" bytes="21758816" />
</allocation-stats>
<gc-op id="1446" type="copy forward" timems="3.662" contextid="1443" timestamp="2019-06-15T00:23:55.858">
  <memory-copied type="eden" objects="9850" bytes="375024" bytesdiscarded="0" />
  <memory-copied type="other" objects="21426" bytes="926352" bytesdiscarded="0" />
  <memory-cardclean objects="1757" bytes="89784" />
  <regions eden="68" other="5" />
  <remembered-set-cleared processed="30194" cleared="980" durationms="0.456" />
  <stringconstants candidates="4597" cleared="0"  />
</gc-op>
<gc-op id="1447" type="classunload" timems="0.002" contextid="1443" timestamp="2019-06-15T00:23:55.859">
  <classunload-info classloadercandidates="8" classloadersunloaded="0" classesunloaded="0" anonymousclassesunloaded="0" quiescems="0.000" setupms="0.002" scanms="0.000" postms="0.000" />
</gc-op>
<gc-end id="1448" type="partial gc" contextid="1443" durationms="4.580" usertimems="4.000" systemtimems="0.000" timestamp="2019-06-15T00:23:55.859" activeThreads="1">
  <mem-info id="1449" free="158334976" total="262144000" percent="60">
    <mem type="eden" free="673552" total="1048576" percent="64" />
    <arraylet-primitive objects="2" leaves="2" largest="1" />
    <remembered-set count="35552" freebytes="10321792" totalbytes="10464000" percent="98" regionsoverflowed="0" regionsstable="2" regionsrebuilding="0"/>
  </mem-info>
</gc-end>
<cycle-end id="1450" type="partial gc" contextid="1443" timestamp="2019-06-15T00:23:55.859" />
  <attribute name="elasticGC enabled" value="1" />
  <attribute name= "numThreadsSpecified" value="1" />
  <attribute name="heapSize specified" value="0" />
  <attribute name="Current GC Util" value="66" />
  <attribute name= "Current Time Running" value="3892" />
  <attribute name ="GC Interval" value="0" />
  <attribute name="ProportionalT" value="23.000000" />
  <attribute name="ProportionalI" value="23.000000" />
  <attribute name="ProportionalH" value="23.000000" />
  <attribute name="Current Error" value="46.000000" />
  <attribute name="IntegralT" value="0.000000" />
  <attribute name="IntegralI" value="0.000000" />
  <attribute name="IntegralH" value="0.000000" />
  <attribute name="DerivativeT" value="inf" />
  <attribute name="DerivativeI" value="inf" />
  <attribute name="DerivativeH" value="inf" />
  <attribute name="Loop Time for DT" value="0.000000" />
  <attribute name="Output H" value="8388608"/>
  <attribute name="Output I" value="200"/>
  <attribute name="Output T" value="1"/>
  <attribute name="Target GC Util Change" value ="20.000000" />
  <attribute name="Current GC Util Change" value="66.000000"/>
  <attribute name="GC Util currently" value="66" />
  <attribute name="CPU Util currently" value="19949931433520" />
<exclusive-end id="1451" timestamp="2019-06-15T00:23:55.859" durationms="5.303" />

<exclusive-start id="1452" timestamp="2019-06-15T00:23:55.889" intervalms="34.838">
  <response-info timems="0.039" idlems="0.039" threads="0" lastid="000000000181F100" lastname="Thread-7" />
</exclusive-start>
<allocation-taxation id="1453" taxation-threshold="71303168" timestamp="2019-06-15T00:23:55.889" intervalms="34.863" />
<cycle-start id="1454" type="partial gc" contextid="0" timestamp="2019-06-15T00:23:55.889" intervalms="34.871" />
<gc-start id="1455" type="partial gc" contextid="1454" timestamp="2019-06-15T00:23:55.889">
  <mem-info id="1456" free="87031808" total="262144000" percent="33">
    <mem type="eden" free="0" total="71303168" percent="0" />
    <arraylet-primitive objects="2" leaves="2" largest="1" />
    <remembered-set count="35520" freebytes="10321920" totalbytes="10464000" percent="98" regionsoverflowed="0" regionsstable="2" regionsrebuilding="0"/>
  </mem-info>
</gc-start>
<allocation-stats totalBytes="71292856" >
  <allocated-bytes non-tlh="0" tlh="71292856" arrayletleaf="0"/>
  <largest-consumer threadName="Thread-7" threadId="000000000181F100" bytes="21337168" />
</allocation-stats>
<gc-op id="1457" type="copy forward" timems="3.347" contextid="1454" timestamp="2019-06-15T00:23:55.893">
  <memory-copied type="eden" objects="16355" bytes="667920" bytesdiscarded="0" />
  <memory-copied type="other" objects="11216" bytes="543936" bytesdiscarded="0" />
  <memory-cardclean objects="10" bytes="1872" />
  <regions eden="68" other="5" />
  <remembered-set-cleared processed="30507" cleared="2107" durationms="0.447" />
  <stringconstants candidates="4597" cleared="0"  />
</gc-op>
<gc-op id="1458" type="classunload" timems="0.002" contextid="1454" timestamp="2019-06-15T00:23:55.893">
  <classunload-info classloadercandidates="8" classloadersunloaded="0" classesunloaded="0" anonymousclassesunloaded="0" quiescems="0.000" setupms="0.002" scanms="0.000" postms="0.000" />
</gc-op>
<gc-end id="1459" type="partial gc" contextid="1454" durationms="4.273" usertimems="8.000" systemtimems="0.000" timestamp="2019-06-15T00:23:55.893" activeThreads="1">
  <mem-info id="1460" free="160432128" total="262144000" percent="61">
    <mem type="eden" free="380656" total="1048576" percent="36" />
    <arraylet-primitive objects="2" leaves="2" largest="1" />
    <remembered-set count="33568" freebytes="10329728" totalbytes="10464000" percent="98" regionsoverflowed="0" regionsstable="2" regionsrebuilding="0"/>
  </mem-info>
</gc-end>
<cycle-end id="1461" type="partial gc" contextid="1454" timestamp="2019-06-15T00:23:55.893" />
  <attribute name="elasticGC enabled" value="1" />
  <attribute name= "numThreadsSpecified" value="1" />
  <attribute name="heapSize specified" value="0" />
  <attribute name="Current GC Util" value="89" />
  <attribute name= "Current Time Running" value="3927" />
  <attribute name ="GC Interval" value="0" />
  <attribute name="ProportionalT" value="34.500000" />
  <attribute name="ProportionalI" value="34.500000" />
  <attribute name="ProportionalH" value="34.500000" />
  <attribute name="Current Error" value="69.000000" />
  <attribute name="IntegralT" value="0.000000" />
  <attribute name="IntegralI" value="0.000000" />
  <attribute name="IntegralH" value="0.000000" />
  <attribute name="DerivativeT" value="inf" />
  <attribute name="DerivativeI" value="inf" />
  <attribute name="DerivativeH" value="inf" />
  <attribute name="Loop Time for DT" value="0.000000" />
  <attribute name="Output H" value="8388608"/>
  <attribute name="Output I" value="200"/>
  <attribute name="Output T" value="1"/>
  <attribute name="Target GC Util Change" value ="20.000000" />
  <attribute name="Current GC Util Change" value="89.000000"/>
  <attribute name="GC Util currently" value="89" />
  <attribute name="CPU Util currently" value="22496797450876" />
<exclusive-end id="1462" timestamp="2019-06-15T00:23:55.894" durationms="5.027" />

<exclusive-start id="1463" timestamp="2019-06-15T00:23:55.927" intervalms="38.112">
  <response-info timems="0.043" idlems="0.043" threads="0" lastid="000000000181B500" lastname="Thread-10" />
</exclusive-start>
<allocation-taxation id="1464" taxation-threshold="71303168" timestamp="2019-06-15T00:23:55.927" intervalms="38.115" />
<cycle-start id="1465" type="partial gc" contextid="0" timestamp="2019-06-15T00:23:55.927" intervalms="38.173" />
<gc-start id="1466" type="partial gc" contextid="1465" timestamp="2019-06-15T00:23:55.927">
  <mem-info id="1467" free="89128960" total="262144000" percent="34">
    <mem type="eden" free="0" total="71303168" percent="0" />
    <arraylet-primitive objects="2" leaves="2" largest="1" />
    <remembered-set count="33408" freebytes="10330368" totalbytes="10464000" percent="98" regionsoverflowed="0" regionsstable="2" regionsrebuilding="0"/>
  </mem-info>
</gc-start>
<allocation-stats totalBytes="71292512" >
  <allocated-bytes non-tlh="0" tlh="71292512" arrayletleaf="0"/>
  <largest-consumer threadName="Thread-9" threadId="0000000001813D00" bytes="21963552" />
</allocation-stats>
<gc-op id="1468" type="copy forward" timems="3.743" contextid="1465" timestamp="2019-06-15T00:23:55.932">
  <memory-copied type="eden" objects="13350" bytes="458568" bytesdiscarded="0" />
  <memory-copied type="other" objects="19258" bytes="874320" bytesdiscarded="0" />
  <memory-cardclean objects="10" bytes="1872" />
  <regions eden="68" other="3" />
  <remembered-set-cleared processed="29110" cleared="710" durationms="0.439" />
  <stringconstants candidates="4597" cleared="0"  />
</gc-op>
<gc-op id="1469" type="classunload" timems="0.002" contextid="1465" timestamp="2019-06-15T00:23:55.932">
  <classunload-info classloadercandidates="8" classloadersunloaded="0" classesunloaded="0" anonymousclassesunloaded="0" quiescems="0.000" setupms="0.002" scanms="0.000" postms="0.000" />
</gc-op>
<gc-end id="1470" type="partial gc" contextid="1465" durationms="4.770" usertimems="12.000" systemtimems="0.000" timestamp="2019-06-15T00:23:55.932" activeThreads="1">
  <mem-info id="1471" free="159383552" total="262144000" percent="60">
    <mem type="eden" free="590008" total="1048576" percent="56" />
    <arraylet-primitive objects="2" leaves="2" largest="1" />
    <remembered-set count="35104" freebytes="10323584" totalbytes="10464000" percent="98" regionsoverflowed="0" regionsstable="2" regionsrebuilding="0"/>
  </mem-info>
</gc-end>
<cycle-end id="1472" type="partial gc" contextid="1465" timestamp="2019-06-15T00:23:55.932" />
  <attribute name="elasticGC enabled" value="1" />
  <attribute name= "numThreadsSpecified" value="1" />
  <attribute name="heapSize specified" value="0" />
  <attribute name="Current GC Util" value="68" />
  <attribute name= "Current Time Running" value="3965" />
  <attribute name ="GC Interval" value="0" />
  <attribute name="ProportionalT" value="24.000000" />
  <attribute name="ProportionalI" value="24.000000" />
  <attribute name="ProportionalH" value="24.000000" />
  <attribute name="Current Error" value="48.000000" />
  <attribute name="IntegralT" value="0.000000" />
  <attribute name="IntegralI" value="0.000000" />
  <attribute name="IntegralH" value="0.000000" />
  <attribute name="DerivativeT" value="inf" />
  <attribute name="DerivativeI" value="inf" />
  <attribute name="DerivativeH" value="inf" />
  <attribute name="Loop Time for DT" value="0.000000" />
  <attribute name="Output H" value="8388608"/>
  <attribute name="Output I" value="200"/>
  <attribute name="Output T" value="1"/>
  <attribute name="Target GC Util Change" value ="20.000000" />
  <attribute name="Current GC Util Change" value="68.000000"/>
  <attribute name="GC Util currently" value="68" />
  <attribute name="CPU Util currently" value="18344309375392" />
<exclusive-end id="1473" timestamp="2019-06-15T00:23:55.932" durationms="5.658" />

<exclusive-start id="1474" timestamp="2019-06-15T00:23:55.972" intervalms="45.479">
  <response-info timems="0.037" idlems="0.037" threads="0" lastid="000000000181B500" lastname="Thread-10" />
</exclusive-start>
<allocation-taxation id="1475" taxation-threshold="71303168" timestamp="2019-06-15T00:23:55.972" intervalms="45.486" />
<cycle-start id="1476" type="partial gc" contextid="0" timestamp="2019-06-15T00:23:55.972" intervalms="45.509" />
<gc-start id="1477" type="partial gc" contextid="1476" timestamp="2019-06-15T00:23:55.973">
  <mem-info id="1478" free="88080384" total="262144000" percent="33">
    <mem type="eden" free="0" total="71303168" percent="0" />
    <arraylet-primitive objects="2" leaves="2" largest="1" />
    <remembered-set count="34624" freebytes="10325504" totalbytes="10464000" percent="98" regionsoverflowed="0" regionsstable="2" regionsrebuilding="0"/>
  </mem-info>
</gc-start>
<allocation-stats totalBytes="71292688" >
  <allocated-bytes non-tlh="0" tlh="71292688" arrayletleaf="0"/>
  <largest-consumer threadName="Thread-10" threadId="000000000181B500" bytes="22926080" />
</allocation-stats>
<gc-op id="1479" type="copy forward" timems="1.759" contextid="1476" timestamp="2019-06-15T00:23:55.975">
  <memory-copied type="eden" objects="20038" bytes="893832" bytesdiscarded="58552" />
  <memory-copied type="other" objects="7801" bytes="324600" bytesdiscarded="12528" />
  <memory-cardclean objects="10" bytes="1872" />
  <regions eden="68" other="4" />
  <remembered-set-cleared processed="29408" cleared="1008" durationms="0.179" />
  <stringconstants candidates="4597" cleared="0"  />
</gc-op>
<gc-op id="1480" type="classunload" timems="0.002" contextid="1476" timestamp="2019-06-15T00:23:55.975">
  <classunload-info classloadercandidates="8" classloadersunloaded="0" classesunloaded="0" anonymousclassesunloaded="0" quiescems="0.000" setupms="0.002" scanms="0.000" postms="0.000" />
</gc-op>
<gc-end id="1481" type="partial gc" contextid="1476" durationms="2.696" usertimems="4.000" systemtimems="0.000" timestamp="2019-06-15T00:23:55.975" activeThreads="4">
  <mem-info id="1482" free="158334976" total="262144000" percent="60">
    <mem type="eden" free="96192" total="1048576" percent="9" />
    <arraylet-primitive objects="2" leaves="2" largest="1" />
    <remembered-set count="33696" freebytes="10329216" totalbytes="10464000" percent="98" regionsoverflowed="0" regionsstable="2" regionsrebuilding="0"/>
  </mem-info>
</gc-end>
<cycle-end id="1483" type="partial gc" contextid="1476" timestamp="2019-06-15T00:23:55.976" />
  <attribute name="elasticGC enabled" value="1" />
  <attribute name= "numThreadsSpecified" value="4" />
  <attribute name="heapSize specified" value="0" />
  <attribute name="Current GC Util" value="78" />
  <attribute name= "Current Time Running" value="4011" />
  <attribute name ="GC Interval" value="0" />
  <attribute name="ProportionalT" value="29.000000" />
  <attribute name="ProportionalI" value="29.000000" />
  <attribute name="ProportionalH" value="29.000000" />
  <attribute name="Current Error" value="58.000000" />
  <attribute name="IntegralT" value="58.000000" />
  <attribute name="IntegralI" value="58.000000" />
  <attribute name="IntegralH" value="58.000000" />
  <attribute name="DerivativeT" value="29.000000" />
  <attribute name="DerivativeI" value="29.000000" />
  <attribute name="DerivativeH" value="29.000000" />
  <attribute name="Loop Time for DT" value="1.000000" />
  <attribute name="Output H" value="8388608"/>
  <attribute name="Output I" value="200"/>
  <attribute name="Output T" value="4"/>
  <attribute name="Target GC Util Change" value ="20.000000" />
  <attribute name="Current GC Util Change" value="78.000000"/>
  <attribute name="GC Util currently" value="78" />
  <attribute name="CPU Util currently" value="20310428959806" />
<exclusive-end id="1484" timestamp="2019-06-15T00:23:55.976" durationms="3.558" />

<exclusive-start id="1485" timestamp="2019-06-15T00:23:56.020" intervalms="48.116">
  <response-info timems="0.041" idlems="0.041" threads="0" lastid="000000000181F100" lastname="Thread-7" />
</exclusive-start>
<allocation-taxation id="1486" taxation-threshold="71303168" timestamp="2019-06-15T00:23:56.020" intervalms="48.104" />
<cycle-start id="1487" type="partial gc" contextid="0" timestamp="2019-06-15T00:23:56.021" intervalms="48.027" />
<gc-start id="1488" type="partial gc" contextid="1487" timestamp="2019-06-15T00:23:56.021">
  <mem-info id="1489" free="87031808" total="262144000" percent="33">
    <mem type="eden" free="0" total="71303168" percent="0" />
    <arraylet-primitive objects="2" leaves="2" largest="1" />
    <remembered-set count="33632" freebytes="10329472" totalbytes="10464000" percent="98" regionsoverflowed="0" regionsstable="2" regionsrebuilding="0"/>
  </mem-info>
</gc-start>
<allocation-stats totalBytes="71293128" >
  <allocated-bytes non-tlh="0" tlh="71293128" arrayletleaf="0"/>
  <largest-consumer threadName="Thread-10" threadId="000000000181B500" bytes="23663384" />
</allocation-stats>
<gc-op id="1490" type="copy forward" timems="2.094" contextid="1487" timestamp="2019-06-15T00:23:56.023">
  <memory-copied type="eden" objects="18349" bytes="716128" bytesdiscarded="63312" />
  <memory-copied type="other" objects="14097" bytes="613080" bytesdiscarded="42336" />
  <memory-cardclean objects="4357" bytes="233352" />
  <regions eden="68" other="3" />
  <remembered-set-cleared processed="29319" cleared="840" durationms="0.180" />
  <stringconstants candidates="4597" cleared="0"  />
</gc-op>
<gc-op id="1491" type="classunload" timems="0.003" contextid="1487" timestamp="2019-06-15T00:23:56.024">
  <classunload-info classloadercandidates="8" classloadersunloaded="0" classesunloaded="0" anonymousclassesunloaded="0" quiescems="0.000" setupms="0.003" scanms="0.000" postms="0.000" />
</gc-op>
<gc-end id="1492" type="partial gc" contextid="1487" durationms="2.975" usertimems="8.000" systemtimems="0.000" timestamp="2019-06-15T00:23:56.024" activeThreads="4">
  <mem-info id="1493" free="157286400" total="262144000" percent="60">
    <mem type="eden" free="269136" total="1048576" percent="25" />
    <arraylet-primitive objects="2" leaves="2" largest="1" />
    <remembered-set count="34336" freebytes="10326656" totalbytes="10464000" percent="98" regionsoverflowed="0" regionsstable="2" regionsrebuilding="0"/>
  </mem-info>
</gc-end>
<cycle-end id="1494" type="partial gc" contextid="1487" timestamp="2019-06-15T00:23:56.024" />
  <attribute name="elasticGC enabled" value="1" />
  <attribute name= "numThreadsSpecified" value="4" />
  <attribute name="heapSize specified" value="0" />
  <attribute name="Current GC Util" value="56" />
  <attribute name= "Current Time Running" value="4059" />
  <attribute name ="GC Interval" value="0" />
  <attribute name="ProportionalT" value="18.000000" />
  <attribute name="ProportionalI" value="18.000000" />
  <attribute name="ProportionalH" value="18.000000" />
  <attribute name="Current Error" value="36.000000" />
  <attribute name="IntegralT" value="36.000000" />
  <attribute name="IntegralI" value="36.000000" />
  <attribute name="IntegralH" value="36.000000" />
  <attribute name="DerivativeT" value="18.000000" />
  <attribute name="DerivativeI" value="18.000000" />
  <attribute name="DerivativeH" value="18.000000" />
  <attribute name="Loop Time for DT" value="1.000000" />
  <attribute name="Output H" value="8388608"/>
  <attribute name="Output I" value="200"/>
  <attribute name="Output T" value="4"/>
  <attribute name="Target GC Util Change" value ="20.000000" />
  <attribute name="Current GC Util Change" value="56.000000"/>
  <attribute name="GC Util currently" value="56" />
  <attribute name="CPU Util currently" value="18758510441389" />
<exclusive-end id="1495" timestamp="2019-06-15T00:23:56.024" durationms="3.639" />

<exclusive-start id="1496" timestamp="2019-06-15T00:23:56.069" intervalms="49.099">
  <response-info timems="0.208" idlems="0.188" threads="1" lastid="0000000001817900" lastname="Thread-8" />
</exclusive-start>
<allocation-taxation id="1497" taxation-threshold="71303168" timestamp="2019-06-15T00:23:56.070" intervalms="49.109" />
<cycle-start id="1498" type="partial gc" contextid="0" timestamp="2019-06-15T00:23:56.070" intervalms="49.115" />
<gc-start id="1499" type="partial gc" contextid="1498" timestamp="2019-06-15T00:23:56.070">
  <mem-info id="1500" free="85983232" total="262144000" percent="32">
    <mem type="eden" free="0" total="71303168" percent="0" />
    <arraylet-primitive objects="2" leaves="2" largest="1" />
    <remembered-set count="34048" freebytes="10327808" totalbytes="10464000" percent="98" regionsoverflowed="0" regionsstable="2" regionsrebuilding="0"/>
  </mem-info>
</gc-start>
<allocation-stats totalBytes="71292680" >
  <allocated-bytes non-tlh="0" tlh="71292680" arrayletleaf="0"/>
  <largest-consumer threadName="Thread-7" threadId="000000000181F100" bytes="25497984" />
</allocation-stats>
<gc-op id="1501" type="copy forward" timems="1.677" contextid="1498" timestamp="2019-06-15T00:23:56.072">
  <memory-copied type="eden" objects="9403" bytes="364336" bytesdiscarded="38368" />
  <memory-copied type="other" objects="18828" bytes="864000" bytesdiscarded="31344" />
  <memory-cardclean objects="10" bytes="1872" />
  <regions eden="68" other="5" />
  <remembered-set-cleared processed="29558" cleared="1158" durationms="0.184" />
  <stringconstants candidates="4597" cleared="0"  />
</gc-op>
<gc-op id="1502" type="classunload" timems="0.003" contextid="1498" timestamp="2019-06-15T00:23:56.072">
  <classunload-info classloadercandidates="8" classloadersunloaded="0" classesunloaded="0" anonymousclassesunloaded="0" quiescems="0.000" setupms="0.003" scanms="0.000" postms="0.000" />
</gc-op>
<gc-end id="1503" type="partial gc" contextid="1498" durationms="2.523" usertimems="8.000" systemtimems="0.000" timestamp="2019-06-15T00:23:56.072" activeThreads="4">
  <mem-info id="1504" free="159383552" total="262144000" percent="60">
    <mem type="eden" free="645872" total="1048576" percent="61" />
    <arraylet-primitive objects="2" leaves="2" largest="1" />
    <remembered-set count="33696" freebytes="10329216" totalbytes="10464000" percent="98" regionsoverflowed="0" regionsstable="2" regionsrebuilding="0"/>
  </mem-info>
</gc-end>
<cycle-end id="1505" type="partial gc" contextid="1498" timestamp="2019-06-15T00:23:56.072" />
  <attribute name="elasticGC enabled" value="1" />
  <attribute name= "numThreadsSpecified" value="4" />
  <attribute name="heapSize specified" value="0" />
  <attribute name="Current GC Util" value="69" />
  <attribute name= "Current Time Running" value="4108" />
  <attribute name ="GC Interval" value="0" />
  <attribute name="ProportionalT" value="24.500000" />
  <attribute name="ProportionalI" value="24.500000" />
  <attribute name="ProportionalH" value="24.500000" />
  <attribute name="Current Error" value="49.000000" />
  <attribute name="IntegralT" value="49.000000" />
  <attribute name="IntegralI" value="49.000000" />
  <attribute name="IntegralH" value="49.000000" />
  <attribute name="DerivativeT" value="24.500000" />
  <attribute name="DerivativeI" value="24.500000" />
  <attribute name="DerivativeH" value="24.500000" />
  <attribute name="Loop Time for DT" value="1.000000" />
  <attribute name="Output H" value="8388608"/>
  <attribute name="Output I" value="200"/>
  <attribute name="Output T" value="4"/>
  <attribute name="Target GC Util Change" value ="20.000000" />
  <attribute name="Current GC Util Change" value="69.000000"/>
  <attribute name="GC Util currently" value="69" />
  <attribute name="CPU Util currently" value="21576148588444" />
<exclusive-end id="1506" timestamp="2019-06-15T00:23:56.073" durationms="3.265" />

<exclusive-start id="1507" timestamp="2019-06-15T00:23:56.112" intervalms="42.915">
  <response-info timems="0.031" idlems="0.031" threads="0" lastid="000000000181F100" lastname="Thread-7" />
</exclusive-start>
<allocation-taxation id="1508" taxation-threshold="71303168" timestamp="2019-06-15T00:23:56.112" intervalms="42.938" />
<cycle-start id="1509" type="partial gc" contextid="0" timestamp="2019-06-15T00:23:56.113" intervalms="42.968" />
<gc-start id="1510" type="partial gc" contextid="1509" timestamp="2019-06-15T00:23:56.113">
  <mem-info id="1511" free="88080384" total="262144000" percent="33">
    <mem type="eden" free="0" total="71303168" percent="0" />
    <arraylet-primitive objects="2" leaves="2" largest="1" />
    <remembered-set count="33408" freebytes="10330368" totalbytes="10464000" percent="98" regionsoverflowed="0" regionsstable="2" regionsrebuilding="0"/>
  </mem-info>
</gc-start>
<allocation-stats totalBytes="71293344" >
  <allocated-bytes non-tlh="0" tlh="71293344" arrayletleaf="0"/>
  <largest-consumer threadName="Thread-7" threadId="000000000181F100" bytes="22365256" />
</allocation-stats>
<gc-op id="1512" type="copy forward" timems="3.304" contextid="1509" timestamp="2019-06-15T00:23:56.117">
  <memory-copied type="eden" objects="14373" bytes="620936" bytesdiscarded="0" />
  <memory-copied type="other" objects="14420" bytes="620832" bytesdiscarded="0" />
  <memory-cardclean objects="10" bytes="1872" />
  <regions eden="68" other="4" />
  <remembered-set-cleared processed="29160" cleared="760" durationms="0.435" />
  <stringconstants candidates="4597" cleared="0"  />
</gc-op>
<gc-op id="1513" type="classunload" timems="0.002" contextid="1509" timestamp="2019-06-15T00:23:56.117">
  <classunload-info classloadercandidates="8" classloadersunloaded="0" classesunloaded="0" anonymousclassesunloaded="0" quiescems="0.000" setupms="0.002" scanms="0.000" postms="0.000" />
</gc-op>
<gc-end id="1514" type="partial gc" contextid="1509" durationms="4.303" usertimems="4.000" systemtimems="0.000" timestamp="2019-06-15T00:23:56.117" activeThreads="1">
  <mem-info id="1515" free="159383552" total="262144000" percent="60">
    <mem type="eden" free="427640" total="1048576" percent="40" />
    <arraylet-primitive objects="2" leaves="2" largest="1" />
    <remembered-set count="33792" freebytes="10328832" totalbytes="10464000" percent="98" regionsoverflowed="0" regionsstable="2" regionsrebuilding="0"/>
  </mem-info>
</gc-end>
<cycle-end id="1516" type="partial gc" contextid="1509" timestamp="2019-06-15T00:23:56.117" />
  <attribute name="elasticGC enabled" value="1" />
  <attribute name= "numThreadsSpecified" value="1" />
  <attribute name="heapSize specified" value="0" />
  <attribute name="Current GC Util" value="82" />
  <attribute name= "Current Time Running" value="4151" />
  <attribute name ="GC Interval" value="0" />
  <attribute name="ProportionalT" value="31.000000" />
  <attribute name="ProportionalI" value="31.000000" />
  <attribute name="ProportionalH" value="31.000000" />
  <attribute name="Current Error" value="62.000000" />
  <attribute name="IntegralT" value="0.000000" />
  <attribute name="IntegralI" value="0.000000" />
  <attribute name="IntegralH" value="0.000000" />
  <attribute name="DerivativeT" value="inf" />
  <attribute name="DerivativeI" value="inf" />
  <attribute name="DerivativeH" value="inf" />
  <attribute name="Loop Time for DT" value="0.000000" />
  <attribute name="Output H" value="8388608"/>
  <attribute name="Output I" value="200"/>
  <attribute name="Output T" value="1"/>
  <attribute name="Target GC Util Change" value ="20.000000" />
  <attribute name="Current GC Util Change" value="82.000000"/>
  <attribute name="GC Util currently" value="82" />
  <attribute name="CPU Util currently" value="22765888330676" />
<exclusive-end id="1517" timestamp="2019-06-15T00:23:56.117" durationms="5.177" />

<exclusive-start id="1518" timestamp="2019-06-15T00:23:56.158" intervalms="45.912">
  <response-info timems="0.035" idlems="0.035" threads="0" lastid="000000000181B500" lastname="Thread-10" />
</exclusive-start>
<allocation-taxation id="1519" taxation-threshold="71303168" timestamp="2019-06-15T00:23:56.158" intervalms="45.888" />
<cycle-start id="1520" type="partial gc" contextid="0" timestamp="2019-06-15T00:23:56.158" intervalms="45.861" />
<gc-start id="1521" type="partial gc" contextid="1520" timestamp="2019-06-15T00:23:56.159">
  <mem-info id="1522" free="88080384" total="262144000" percent="33">
    <mem type="eden" free="0" total="71303168" percent="0" />
    <arraylet-primitive objects="2" leaves="2" largest="1" />
    <remembered-set count="33504" freebytes="10329984" totalbytes="10464000" percent="98" regionsoverflowed="0" regionsstable="2" regionsrebuilding="0"/>
  </mem-info>
</gc-start>
<allocation-stats totalBytes="71293392" >
  <allocated-bytes non-tlh="0" tlh="71293392" arrayletleaf="0"/>
  <largest-consumer threadName="Thread-10" threadId="000000000181B500" bytes="21951624" />
</allocation-stats>
<gc-op id="1523" type="copy forward" timems="2.101" contextid="1520" timestamp="2019-06-15T00:23:56.161">
  <memory-copied type="eden" objects="20853" bytes="913888" bytesdiscarded="70512" />
  <memory-copied type="other" objects="8774" bytes="347952" bytesdiscarded="0" />
  <memory-cardclean objects="4631" bytes="246480" />
  <regions eden="68" other="3" />
  <remembered-set-cleared processed="29096" cleared="695" durationms="0.184" />
  <stringconstants candidates="4597" cleared="0"  />
</gc-op>
<gc-op id="1524" type="classunload" timems="0.002" contextid="1520" timestamp="2019-06-15T00:23:56.162">
  <classunload-info classloadercandidates="8" classloadersunloaded="0" classesunloaded="0" anonymousclassesunloaded="0" quiescems="0.000" setupms="0.002" scanms="0.000" postms="0.000" />
</gc-op>
<gc-end id="1525" type="partial gc" contextid="1520" durationms="3.031" usertimems="4.000" systemtimems="4.000" timestamp="2019-06-15T00:23:56.162" activeThreads="4">
  <mem-info id="1526" free="158334976" total="262144000" percent="60">
    <mem type="eden" free="64176" total="1048576" percent="6" />
    <arraylet-primitive objects="2" leaves="2" largest="1" />
    <remembered-set count="34208" freebytes="10327168" totalbytes="10464000" percent="98" regionsoverflowed="0" regionsstable="2" regionsrebuilding="0"/>
  </mem-info>
</gc-end>
<cycle-end id="1527" type="partial gc" contextid="1520" timestamp="2019-06-15T00:23:56.162" />
  <attribute name="elasticGC enabled" value="1" />
  <attribute name= "numThreadsSpecified" value="4" />
  <attribute name="heapSize specified" value="0" />
  <attribute name="Current GC Util" value="81" />
  <attribute name= "Current Time Running" value="4197" />
  <attribute name ="GC Interval" value="0" />
  <attribute name="ProportionalT" value="30.500000" />
  <attribute name="ProportionalI" value="30.500000" />
  <attribute name="ProportionalH" value="30.500000" />
  <attribute name="Current Error" value="61.000000" />
  <attribute name="IntegralT" value="61.000000" />
  <attribute name="IntegralI" value="61.000000" />
  <attribute name="IntegralH" value="61.000000" />
  <attribute name="DerivativeT" value="30.500000" />
  <attribute name="DerivativeI" value="30.500000" />
  <attribute name="DerivativeH" value="30.500000" />
  <attribute name="Loop Time for DT" value="1.000000" />
  <attribute name="Output H" value="8388608"/>
  <attribute name="Output I" value="200"/>
  <attribute name="Output T" value="4"/>
  <attribute name="Target GC Util Change" value ="20.000000" />
  <attribute name="Current GC Util Change" value="81.000000"/>
  <attribute name="GC Util currently" value="81" />
  <attribute name="CPU Util currently" value="20725188296729" />
<exclusive-end id="1528" timestamp="2019-06-15T00:23:56.162" durationms="3.752" />

<exclusive-start id="1529" timestamp="2019-06-15T00:23:56.202" intervalms="43.340">
  <response-info timems="0.035" idlems="0.035" threads="0" lastid="000000000181F100" lastname="Thread-7" />
</exclusive-start>
<allocation-taxation id="1530" taxation-threshold="71303168" timestamp="2019-06-15T00:23:56.202" intervalms="43.353" />
<cycle-start id="1531" type="partial gc" contextid="0" timestamp="2019-06-15T00:23:56.202" intervalms="43.362" />
<gc-start id="1532" type="partial gc" contextid="1531" timestamp="2019-06-15T00:23:56.202">
  <mem-info id="1533" free="87031808" total="262144000" percent="33">
    <mem type="eden" free="0" total="71303168" percent="0" />
    <arraylet-primitive objects="2" leaves="2" largest="1" />
    <remembered-set count="33824" freebytes="10328704" totalbytes="10464000" percent="98" regionsoverflowed="0" regionsstable="2" regionsrebuilding="0"/>
  </mem-info>
</gc-start>
<allocation-stats totalBytes="71293728" >
  <allocated-bytes non-tlh="0" tlh="71293728" arrayletleaf="0"/>
  <largest-consumer threadName="Thread-9" threadId="0000000001813D00" bytes="21517464" />
</allocation-stats>
<gc-op id="1534" type="copy forward" timems="3.452" contextid="1531" timestamp="2019-06-15T00:23:56.206">
  <memory-copied type="eden" objects="19416" bytes="879704" bytesdiscarded="0" />
  <memory-copied type="other" objects="10192" bytes="381984" bytesdiscarded="0" />
  <memory-cardclean objects="4425" bytes="217848" />
  <regions eden="68" other="4" />
  <remembered-set-cleared processed="29049" cleared="648" durationms="0.437" />
  <stringconstants candidates="4597" cleared="0"  />
</gc-op>
<gc-op id="1535" type="classunload" timems="0.002" contextid="1531" timestamp="2019-06-15T00:23:56.206">
  <classunload-info classloadercandidates="8" classloadersunloaded="0" classesunloaded="0" anonymousclassesunloaded="0" quiescems="0.000" setupms="0.002" scanms="0.000" postms="0.000" />
</gc-op>
<gc-end id="1536" type="partial gc" contextid="1531" durationms="4.446" usertimems="4.000" systemtimems="0.000" timestamp="2019-06-15T00:23:56.206" activeThreads="1">
  <mem-info id="1537" free="157286400" total="262144000" percent="60">
    <mem type="eden" free="168872" total="1048576" percent="16" />
    <arraylet-primitive objects="2" leaves="2" largest="1" />
    <remembered-set count="33760" freebytes="10328960" totalbytes="10464000" percent="98" regionsoverflowed="0" regionsstable="2" regionsrebuilding="0"/>
  </mem-info>
</gc-end>
<cycle-end id="1538" type="partial gc" contextid="1531" timestamp="2019-06-15T00:23:56.207" />
  <attribute name="elasticGC enabled" value="1" />
  <attribute name= "numThreadsSpecified" value="1" />
  <attribute name="heapSize specified" value="0" />
  <attribute name="Current GC Util" value="61" />
  <attribute name= "Current Time Running" value="4240" />
  <attribute name ="GC Interval" value="0" />
  <attribute name="ProportionalT" value="20.500000" />
  <attribute name="ProportionalI" value="20.500000" />
  <attribute name="ProportionalH" value="20.500000" />
  <attribute name="Current Error" value="41.000000" />
  <attribute name="IntegralT" value="0.000000" />
  <attribute name="IntegralI" value="0.000000" />
  <attribute name="IntegralH" value="0.000000" />
  <attribute name="DerivativeT" value="inf" />
  <attribute name="DerivativeI" value="inf" />
  <attribute name="DerivativeH" value="inf" />
  <attribute name="Loop Time for DT" value="0.000000" />
  <attribute name="Output H" value="8388608"/>
  <attribute name="Output I" value="200"/>
  <attribute name="Output T" value="1"/>
  <attribute name="Target GC Util Change" value ="20.000000" />
  <attribute name="Current GC Util Change" value="61.000000"/>
  <attribute name="GC Util currently" value="61" />
  <attribute name="CPU Util currently" value="18270253348151" />
<exclusive-end id="1539" timestamp="2019-06-15T00:23:56.207" durationms="5.266" />

<exclusive-start id="1540" timestamp="2019-06-15T00:23:56.250" intervalms="48.180">
  <response-info timems="0.037" idlems="0.037" threads="0" lastid="000000000181B500" lastname="Thread-10" />
</exclusive-start>
<allocation-taxation id="1541" taxation-threshold="71303168" timestamp="2019-06-15T00:23:56.250" intervalms="48.172" />
<cycle-start id="1542" type="partial gc" contextid="0" timestamp="2019-06-15T00:23:56.250" intervalms="48.188" />
<gc-start id="1543" type="partial gc" contextid="1542" timestamp="2019-06-15T00:23:56.250">
  <mem-info id="1544" free="85983232" total="262144000" percent="32">
    <mem type="eden" free="0" total="71303168" percent="0" />
    <arraylet-primitive objects="2" leaves="2" largest="1" />
    <remembered-set count="33728" freebytes="10329088" totalbytes="10464000" percent="98" regionsoverflowed="0" regionsstable="2" regionsrebuilding="0"/>
  </mem-info>
</gc-start>
<allocation-stats totalBytes="71293976" >
  <allocated-bytes non-tlh="0" tlh="71293976" arrayletleaf="0"/>
  <largest-consumer threadName="Thread-7" threadId="000000000181F100" bytes="22987936" />
</allocation-stats>
<gc-op id="1545" type="copy forward" timems="3.295" contextid="1542" timestamp="2019-06-15T00:23:56.254">
  <memory-copied type="eden" objects="9601" bytes="369216" bytesdiscarded="0" />
  <memory-copied type="other" objects="19338" bytes="876240" bytesdiscarded="0" />
  <memory-cardclean objects="10" bytes="1872" />
  <regions eden="68" other="5" />
  <remembered-set-cleared processed="29263" cleared="863" durationms="0.439" />
  <stringconstants candidates="4597" cleared="0"  />
</gc-op>
<gc-op id="1546" type="classunload" timems="0.002" contextid="1542" timestamp="2019-06-15T00:23:56.254">
  <classunload-info classloadercandidates="8" classloadersunloaded="0" classesunloaded="0" anonymousclassesunloaded="0" quiescems="0.000" setupms="0.002" scanms="0.000" postms="0.000" />
</gc-op>
<gc-end id="1547" type="partial gc" contextid="1542" durationms="4.130" usertimems="8.000" systemtimems="0.000" timestamp="2019-06-15T00:23:56.254" activeThreads="1">
  <mem-info id="1548" free="159383552" total="262144000" percent="60">
    <mem type="eden" free="679360" total="1048576" percent="64" />
    <arraylet-primitive objects="2" leaves="2" largest="1" />
    <remembered-set count="34080" freebytes="10327680" totalbytes="10464000" percent="98" regionsoverflowed="0" regionsstable="2" regionsrebuilding="0"/>
  </mem-info>
</gc-end>
<cycle-end id="1549" type="partial gc" contextid="1542" timestamp="2019-06-15T00:23:56.254" />
  <attribute name="elasticGC enabled" value="1" />
  <attribute name= "numThreadsSpecified" value="1" />
  <attribute name="heapSize specified" value="0" />
  <attribute name="Current GC Util" value="86" />
  <attribute name= "Current Time Running" value="4288" />
  <attribute name ="GC Interval" value="0" />
  <attribute name="ProportionalT" value="33.000000" />
  <attribute name="ProportionalI" value="33.000000" />
  <attribute name="ProportionalH" value="33.000000" />
  <attribute name="Current Error" value="66.000000" />
  <attribute name="IntegralT" value="0.000000" />
  <attribute name="IntegralI" value="0.000000" />
  <attribute name="IntegralH" value="0.000000" />
  <attribute name="DerivativeT" value="inf" />
  <attribute name="DerivativeI" value="inf" />
  <attribute name="DerivativeH" value="inf" />
  <attribute name="Loop Time for DT" value="0.000000" />
  <attribute name="Output H" value="8388608"/>
  <attribute name="Output I" value="200"/>
  <attribute name="Output T" value="1"/>
  <attribute name="Target GC Util Change" value ="20.000000" />
  <attribute name="Current GC Util Change" value="86.000000"/>
  <attribute name="GC Util currently" value="86" />
  <attribute name="CPU Util currently" value="21983125414162" />
<exclusive-end id="1550" timestamp="2019-06-15T00:23:56.255" durationms="4.917" />

<exclusive-start id="1551" timestamp="2019-06-15T00:23:56.309" intervalms="59.264">
  <response-info timems="0.038" idlems="0.038" threads="0" lastid="000000000181F100" lastname="Thread-7" />
</exclusive-start>
<allocation-taxation id="1552" taxation-threshold="71303168" timestamp="2019-06-15T00:23:56.309" intervalms="59.291" />
<cycle-start id="1553" type="partial gc" contextid="0" timestamp="2019-06-15T00:23:56.309" intervalms="59.303" />
<gc-start id="1554" type="partial gc" contextid="1553" timestamp="2019-06-15T00:23:56.310">
  <mem-info id="1555" free="88080384" total="262144000" percent="33">
    <mem type="eden" free="0" total="71303168" percent="0" />
    <arraylet-primitive objects="2" leaves="2" largest="1" />
    <remembered-set count="33824" freebytes="10328704" totalbytes="10464000" percent="98" regionsoverflowed="0" regionsstable="2" regionsrebuilding="0"/>
  </mem-info>
</gc-start>
<allocation-stats totalBytes="71293288" >
  <allocated-bytes non-tlh="0" tlh="71293288" arrayletleaf="0"/>
  <largest-consumer threadName="Thread-7" threadId="000000000181F100" bytes="20010160" />
</allocation-stats>
<gc-op id="1556" type="copy forward" timems="1.864" contextid="1553" timestamp="2019-06-15T00:23:56.312">
  <memory-copied type="eden" objects="15733" bytes="653688" bytesdiscarded="46184" />
  <memory-copied type="other" objects="13320" bytes="594432" bytesdiscarded="42504" />
  <memory-cardclean objects="10" bytes="1872" />
  <regions eden="68" other="4" />
  <remembered-set-cleared processed="28982" cleared="582" durationms="0.178" />
  <stringconstants candidates="4597" cleared="0"  />
</gc-op>
<gc-op id="1557" type="classunload" timems="0.002" contextid="1553" timestamp="2019-06-15T00:23:56.312">
  <classunload-info classloadercandidates="8" classloadersunloaded="0" classesunloaded="0" anonymousclassesunloaded="0" quiescems="0.000" setupms="0.002" scanms="0.000" postms="0.000" />
</gc-op>
<gc-end id="1558" type="partial gc" contextid="1553" durationms="2.927" usertimems="0.000" systemtimems="8.000" timestamp="2019-06-15T00:23:56.313" activeThreads="4">
  <mem-info id="1559" free="159383552" total="262144000" percent="60">
    <mem type="eden" free="348704" total="1048576" percent="33" />
    <arraylet-primitive objects="2" leaves="2" largest="1" />
    <remembered-set count="33696" freebytes="10329216" totalbytes="10464000" percent="98" regionsoverflowed="0" regionsstable="2" regionsrebuilding="0"/>
  </mem-info>
</gc-end>
<cycle-end id="1560" type="partial gc" contextid="1553" timestamp="2019-06-15T00:23:56.313" />
  <attribute name="elasticGC enabled" value="1" />
  <attribute name= "numThreadsSpecified" value="4" />
  <attribute name="heapSize specified" value="0" />
  <attribute name="Current GC Util" value="59" />
  <attribute name= "Current Time Running" value="4348" />
  <attribute name ="GC Interval" value="0" />
  <attribute name="ProportionalT" value="19.500000" />
  <attribute name="ProportionalI" value="19.500000" />
  <attribute name="ProportionalH" value="19.500000" />
  <attribute name="Current Error" value="39.000000" />
  <attribute name="IntegralT" value="39.000000" />
  <attribute name="IntegralI" value="39.000000" />
  <attribute name="IntegralH" value="39.000000" />
  <attribute name="DerivativeT" value="19.500000" />
  <attribute name="DerivativeI" value="19.500000" />
  <attribute name="DerivativeH" value="19.500000" />
  <attribute name="Loop Time for DT" value="1.000000" />
  <attribute name="Output H" value="8388608"/>
  <attribute name="Output I" value="200"/>
  <attribute name="Output T" value="4"/>
  <attribute name="Target GC Util Change" value ="20.000000" />
  <attribute name="Current GC Util Change" value="59.000000"/>
  <attribute name="GC Util currently" value="59" />
  <attribute name="CPU Util currently" value="15958605840751" />
<exclusive-end id="1561" timestamp="2019-06-15T00:23:56.313" durationms="3.843" />

<exclusive-start id="1562" timestamp="2019-06-15T00:23:56.356" intervalms="46.942">
  <response-info timems="0.038" idlems="0.038" threads="0" lastid="0000000001817900" lastname="Thread-8" />
</exclusive-start>
<allocation-taxation id="1563" taxation-threshold="71303168" timestamp="2019-06-15T00:23:56.356" intervalms="46.942" />
<cycle-start id="1564" type="partial gc" contextid="0" timestamp="2019-06-15T00:23:56.356" intervalms="46.952" />
<gc-start id="1565" type="partial gc" contextid="1564" timestamp="2019-06-15T00:23:56.357">
  <mem-info id="1566" free="88080384" total="262144000" percent="33">
    <mem type="eden" free="0" total="71303168" percent="0" />
    <arraylet-primitive objects="2" leaves="2" largest="1" />
    <remembered-set count="33440" freebytes="10330240" totalbytes="10464000" percent="98" regionsoverflowed="0" regionsstable="2" regionsrebuilding="0"/>
  </mem-info>
</gc-start>
<allocation-stats totalBytes="71292496" >
  <allocated-bytes non-tlh="0" tlh="71292496" arrayletleaf="0"/>
  <largest-consumer threadName="Thread-8" threadId="0000000001817900" bytes="27225960" />
</allocation-stats>
<gc-op id="1567" type="copy forward" timems="1.976" contextid="1564" timestamp="2019-06-15T00:23:56.359">
  <memory-copied type="eden" objects="12340" bytes="434768" bytesdiscarded="54144" />
  <memory-copied type="other" objects="18246" bytes="850032" bytesdiscarded="12720" />
  <memory-cardclean objects="10" bytes="1872" />
  <regions eden="68" other="4" />
  <remembered-set-cleared processed="29086" cleared="686" durationms="0.192" />
  <stringconstants candidates="4597" cleared="0"  />
</gc-op>
<gc-op id="1568" type="classunload" timems="0.002" contextid="1564" timestamp="2019-06-15T00:23:56.359">
  <classunload-info classloadercandidates="8" classloadersunloaded="0" classesunloaded="0" anonymousclassesunloaded="0" quiescems="0.000" setupms="0.002" scanms="0.000" postms="0.000" />
</gc-op>
<gc-end id="1569" type="partial gc" contextid="1564" durationms="3.000" usertimems="8.000" systemtimems="0.000" timestamp="2019-06-15T00:23:56.360" activeThreads="4">
  <mem-info id="1570" free="159383552" total="262144000" percent="60">
    <mem type="eden" free="559664" total="1048576" percent="53" />
    <arraylet-primitive objects="2" leaves="2" largest="1" />
    <remembered-set count="34208" freebytes="10327168" totalbytes="10464000" percent="98" regionsoverflowed="0" regionsstable="2" regionsrebuilding="0"/>
  </mem-info>
</gc-end>
<cycle-end id="1571" type="partial gc" contextid="1564" timestamp="2019-06-15T00:23:56.360" />
  <attribute name="elasticGC enabled" value="1" />
  <attribute name= "numThreadsSpecified" value="4" />
  <attribute name="heapSize specified" value="0" />
  <attribute name="Current GC Util" value="56" />
  <attribute name= "Current Time Running" value="4395" />
  <attribute name ="GC Interval" value="0" />
  <attribute name="ProportionalT" value="18.000000" />
  <attribute name="ProportionalI" value="18.000000" />
  <attribute name="ProportionalH" value="18.000000" />
  <attribute name="Current Error" value="36.000000" />
  <attribute name="IntegralT" value="36.000000" />
  <attribute name="IntegralI" value="36.000000" />
  <attribute name="IntegralH" value="36.000000" />
  <attribute name="DerivativeT" value="18.000000" />
  <attribute name="DerivativeI" value="18.000000" />
  <attribute name="DerivativeH" value="18.000000" />
  <attribute name="Loop Time for DT" value="1.000000" />
  <attribute name="Output H" value="8388608"/>
  <attribute name="Output I" value="200"/>
  <attribute name="Output T" value="4"/>
  <attribute name="Target GC Util Change" value ="20.000000" />
  <attribute name="Current GC Util Change" value="56.000000"/>
  <attribute name="GC Util currently" value="56" />
  <attribute name="CPU Util currently" value="16888910856560" />
<exclusive-end id="1572" timestamp="2019-06-15T00:23:56.360" durationms="3.887" />

<exclusive-start id="1573" timestamp="2019-06-15T00:23:56.388" intervalms="32.477">
  <response-info timems="0.039" idlems="0.039" threads="0" lastid="0000000001813D00" lastname="Thread-9" />
</exclusive-start>
<allocation-taxation id="1574" taxation-threshold="71303168" timestamp="2019-06-15T00:23:56.389" intervalms="32.455" />
<cycle-start id="1575" type="partial gc" contextid="0" timestamp="2019-06-15T00:23:56.389" intervalms="32.504" />
<gc-start id="1576" type="partial gc" contextid="1575" timestamp="2019-06-15T00:23:56.389">
  <mem-info id="1577" free="88080384" total="262144000" percent="33">
    <mem type="eden" free="0" total="71303168" percent="0" />
    <arraylet-primitive objects="2" leaves="2" largest="1" />
    <remembered-set count="33920" freebytes="10328320" totalbytes="10464000" percent="98" regionsoverflowed="0" regionsstable="2" regionsrebuilding="0"/>
  </mem-info>
</gc-start>
<allocation-stats totalBytes="71292928" >
  <allocated-bytes non-tlh="0" tlh="71292928" arrayletleaf="0"/>
  <largest-consumer threadName="Thread-8" threadId="0000000001817900" bytes="22716872" />
</allocation-stats>
<gc-op id="1578" type="copy forward" timems="2.944" contextid="1575" timestamp="2019-06-15T00:23:56.393">
  <memory-copied type="eden" objects="17197" bytes="826368" bytesdiscarded="0" />
  <memory-copied type="other" objects="7002" bytes="305424" bytesdiscarded="0" />
  <memory-cardclean objects="10" bytes="1872" />
  <regions eden="68" other="4" />
  <remembered-set-cleared processed="29349" cleared="949" durationms="0.455" />
  <stringconstants candidates="4597" cleared="0"  />
</gc-op>
<gc-op id="1579" type="classunload" timems="0.002" contextid="1575" timestamp="2019-06-15T00:23:56.393">
  <classunload-info classloadercandidates="8" classloadersunloaded="0" classesunloaded="0" anonymousclassesunloaded="0" quiescems="0.000" setupms="0.001" scanms="0.000" postms="0.000" />
</gc-op>
<gc-end id="1580" type="partial gc" contextid="1575" durationms="3.997" usertimems="0.000" systemtimems="0.000" timestamp="2019-06-15T00:23:56.393" activeThreads="1">
  <mem-info id="1581" free="158334976" total="262144000" percent="60">
    <mem type="eden" free="222208" total="1048576" percent="21" />
    <arraylet-primitive objects="2" leaves="2" largest="1" />
    <remembered-set count="32928" freebytes="10332288" totalbytes="10464000" percent="98" regionsoverflowed="0" regionsstable="2" regionsrebuilding="0"/>
  </mem-info>
</gc-end>
<cycle-end id="1582" type="partial gc" contextid="1575" timestamp="2019-06-15T00:23:56.393" />
  <attribute name="elasticGC enabled" value="1" />
  <attribute name= "numThreadsSpecified" value="1" />
  <attribute name="heapSize specified" value="0" />
  <attribute name="Current GC Util" value="51" />
  <attribute name= "Current Time Running" value="4427" />
  <attribute name ="GC Interval" value="0" />
  <attribute name="ProportionalT" value="15.500000" />
  <attribute name="ProportionalI" value="15.500000" />
  <attribute name="ProportionalH" value="15.500000" />
  <attribute name="Current Error" value="31.000000" />
  <attribute name="IntegralT" value="0.000000" />
  <attribute name="IntegralI" value="0.000000" />
  <attribute name="IntegralH" value="0.000000" />
  <attribute name="DerivativeT" value="inf" />
  <attribute name="DerivativeI" value="inf" />
  <attribute name="DerivativeH" value="inf" />
  <attribute name="Loop Time for DT" value="0.000000" />
  <attribute name="Output H" value="8388608"/>
  <attribute name="Output I" value="200"/>
  <attribute name="Output T" value="1"/>
  <attribute name="Target GC Util Change" value ="20.000000" />
  <attribute name="Current GC Util Change" value="51.000000"/>
  <attribute name="GC Util currently" value="51" />
  <attribute name="CPU Util currently" value="17542264819233" />
<exclusive-end id="1583" timestamp="2019-06-15T00:23:56.393" durationms="5.010" />

<exclusive-start id="1584" timestamp="2019-06-15T00:23:56.425" intervalms="36.281">
  <response-info timems="0.041" idlems="0.041" threads="0" lastid="0000000001817900" lastname="Thread-8" />
</exclusive-start>
<allocation-taxation id="1585" taxation-threshold="71303168" timestamp="2019-06-15T00:23:56.425" intervalms="36.282" />
<cycle-start id="1586" type="partial gc" contextid="0" timestamp="2019-06-15T00:23:56.425" intervalms="36.220" />
<gc-start id="1587" type="partial gc" contextid="1586" timestamp="2019-06-15T00:23:56.425">
  <mem-info id="1588" free="87031808" total="262144000" percent="33">
    <mem type="eden" free="0" total="71303168" percent="0" />
    <arraylet-primitive objects="2" leaves="2" largest="1" />
    <remembered-set count="32864" freebytes="10332544" totalbytes="10464000" percent="98" regionsoverflowed="0" regionsstable="2" regionsrebuilding="0"/>
  </mem-info>
</gc-start>
<allocation-stats totalBytes="71293808" >
  <allocated-bytes non-tlh="0" tlh="71293808" arrayletleaf="0"/>
  <largest-consumer threadName="Thread-10" threadId="000000000181B500" bytes="21268064" />
</allocation-stats>
<gc-op id="1589" type="copy forward" timems="3.044" contextid="1586" timestamp="2019-06-15T00:23:56.429">
  <memory-copied type="eden" objects="11120" bytes="405400" bytesdiscarded="0" />
  <memory-copied type="other" objects="11240" bytes="544512" bytesdiscarded="0" />
  <memory-cardclean objects="2938" bytes="161424" />
  <regions eden="68" other="3" />
  <remembered-set-cleared processed="28989" cleared="400" durationms="0.462" />
  <stringconstants candidates="4597" cleared="0"  />
</gc-op>
<gc-op id="1590" type="classunload" timems="0.002" contextid="1586" timestamp="2019-06-15T00:23:56.429">
  <classunload-info classloadercandidates="8" classloadersunloaded="0" classesunloaded="0" anonymousclassesunloaded="0" quiescems="0.000" setupms="0.002" scanms="0.000" postms="0.000" />
</gc-op>
<gc-end id="1591" type="partial gc" contextid="1586" durationms="4.138" usertimems="4.000" systemtimems="0.000" timestamp="2019-06-15T00:23:56.429" activeThreads="1">
  <mem-info id="1592" free="157286400" total="262144000" percent="60">
    <mem type="eden" free="643176" total="1048576" percent="61" />
    <arraylet-primitive objects="2" leaves="2" largest="1" />
    <remembered-set count="33632" freebytes="10329472" totalbytes="10464000" percent="98" regionsoverflowed="0" regionsstable="2" regionsrebuilding="0"/>
  </mem-info>
</gc-end>
<cycle-end id="1593" type="partial gc" contextid="1586" timestamp="2019-06-15T00:23:56.430" />
  <attribute name="elasticGC enabled" value="1" />
  <attribute name= "numThreadsSpecified" value="1" />
  <attribute name="heapSize specified" value="0" />
  <attribute name="Current GC Util" value="66" />
  <attribute name= "Current Time Running" value="4463" />
  <attribute name ="GC Interval" value="0" />
  <attribute name="ProportionalT" value="23.000000" />
  <attribute name="ProportionalI" value="23.000000" />
  <attribute name="ProportionalH" value="23.000000" />
  <attribute name="Current Error" value="46.000000" />
  <attribute name="IntegralT" value="0.000000" />
  <attribute name="IntegralI" value="0.000000" />
  <attribute name="IntegralH" value="0.000000" />
  <attribute name="DerivativeT" value="inf" />
  <attribute name="DerivativeI" value="inf" />
  <attribute name="DerivativeH" value="inf" />
  <attribute name="Loop Time for DT" value="0.000000" />
  <attribute name="Output H" value="8388608"/>
  <attribute name="Output I" value="200"/>
  <attribute name="Output T" value="1"/>
  <attribute name="Target GC Util Change" value ="20.000000" />
  <attribute name="Current GC Util Change" value="66.000000"/>
  <attribute name="GC Util currently" value="66" />
  <attribute name="CPU Util currently" value="18766143759694" />
<exclusive-end id="1594" timestamp="2019-06-15T00:23:56.430" durationms="5.077" />

<exclusive-start id="1595" timestamp="2019-06-15T00:23:56.461" intervalms="36.188">
  <response-info timems="0.028" idlems="0.028" threads="0" lastid="000000000181F100" lastname="Thread-7" />
</exclusive-start>
<allocation-taxation id="1596" taxation-threshold="71303168" timestamp="2019-06-15T00:23:56.461" intervalms="36.171" />
<cycle-start id="1597" type="partial gc" contextid="0" timestamp="2019-06-15T00:23:56.461" intervalms="36.156" />
<gc-start id="1598" type="partial gc" contextid="1597" timestamp="2019-06-15T00:23:56.461">
  <mem-info id="1599" free="85983232" total="262144000" percent="32">
    <mem type="eden" free="0" total="71303168" percent="0" />
    <arraylet-primitive objects="2" leaves="2" largest="1" />
    <remembered-set count="33632" freebytes="10329472" totalbytes="10464000" percent="98" regionsoverflowed="0" regionsstable="2" regionsrebuilding="0"/>
  </mem-info>
</gc-start>
<allocation-stats totalBytes="71293952" >
  <allocated-bytes non-tlh="0" tlh="71293952" arrayletleaf="0"/>
  <largest-consumer threadName="Thread-10" threadId="000000000181B500" bytes="20727400" />
</allocation-stats>
<gc-op id="1600" type="copy forward" timems="3.471" contextid="1597" timestamp="2019-06-15T00:23:56.465">
  <memory-copied type="eden" objects="19844" bytes="752576" bytesdiscarded="0" />
  <memory-copied type="other" objects="12434" bytes="573168" bytesdiscarded="0" />
  <memory-cardclean objects="10" bytes="1872" />
  <regions eden="68" other="5" />
  <remembered-set-cleared processed="29240" cleared="840" durationms="0.433" />
  <stringconstants candidates="4597" cleared="0"  />
</gc-op>
<gc-op id="1601" type="classunload" timems="0.002" contextid="1597" timestamp="2019-06-15T00:23:56.465">
  <classunload-info classloadercandidates="8" classloadersunloaded="0" classesunloaded="0" anonymousclassesunloaded="0" quiescems="0.000" setupms="0.002" scanms="0.000" postms="0.000" />
</gc-op>
<gc-end id="1602" type="partial gc" contextid="1597" durationms="4.355" usertimems="4.000" systemtimems="0.000" timestamp="2019-06-15T00:23:56.466" activeThreads="1">
  <mem-info id="1603" free="159383552" total="262144000" percent="60">
    <mem type="eden" free="296000" total="1048576" percent="28" />
    <arraylet-primitive objects="2" leaves="2" largest="1" />
    <remembered-set count="33440" freebytes="10330240" totalbytes="10464000" percent="98" regionsoverflowed="0" regionsstable="2" regionsrebuilding="0"/>
  </mem-info>
</gc-end>
<cycle-end id="1604" type="partial gc" contextid="1597" timestamp="2019-06-15T00:23:56.466" />
  <attribute name="elasticGC enabled" value="1" />
  <attribute name= "numThreadsSpecified" value="1" />
  <attribute name="heapSize specified" value="0" />
  <attribute name="Current GC Util" value="82" />
  <attribute name= "Current Time Running" value="4499" />
  <attribute name ="GC Interval" value="0" />
  <attribute name="ProportionalT" value="31.000000" />
  <attribute name="ProportionalI" value="31.000000" />
  <attribute name="ProportionalH" value="31.000000" />
  <attribute name="Current Error" value="62.000000" />
  <attribute name="IntegralT" value="0.000000" />
  <attribute name="IntegralI" value="0.000000" />
  <attribute name="IntegralH" value="0.000000" />
  <attribute name="DerivativeT" value="inf" />
  <attribute name="DerivativeI" value="inf" />
  <attribute name="DerivativeH" value="inf" />
  <attribute name="Loop Time for DT" value="0.000000" />
  <attribute name="Output H" value="8388608"/>
  <attribute name="Output I" value="200"/>
  <attribute name="Output T" value="1"/>
  <attribute name="Target GC Util Change" value ="20.000000" />
  <attribute name="Current GC Util Change" value="82.000000"/>
  <attribute name="GC Util currently" value="82" />
  <attribute name="CPU Util currently" value="22895869318443" />
<exclusive-end id="1605" timestamp="2019-06-15T00:23:56.466" durationms="5.109" />

<exclusive-start id="1606" timestamp="2019-06-15T00:23:56.495" intervalms="33.695">
  <response-info timems="0.029" idlems="0.029" threads="0" lastid="0000000001813D00" lastname="Thread-9" />
</exclusive-start>
<allocation-taxation id="1607" taxation-threshold="71303168" timestamp="2019-06-15T00:23:56.495" intervalms="33.721" />
<cycle-start id="1608" type="partial gc" contextid="0" timestamp="2019-06-15T00:23:56.495" intervalms="33.698" />
<gc-start id="1609" type="partial gc" contextid="1608" timestamp="2019-06-15T00:23:56.495">
  <mem-info id="1610" free="88080384" total="262144000" percent="33">
    <mem type="eden" free="0" total="71303168" percent="0" />
    <arraylet-primitive objects="2" leaves="2" largest="1" />
    <remembered-set count="33344" freebytes="10330624" totalbytes="10464000" percent="98" regionsoverflowed="0" regionsstable="2" regionsrebuilding="0"/>
  </mem-info>
</gc-start>
<allocation-stats totalBytes="71294016" >
  <allocated-bytes non-tlh="0" tlh="71294016" arrayletleaf="0"/>
  <largest-consumer threadName="Thread-9" threadId="0000000001813D00" bytes="22246848" />
</allocation-stats>
<gc-op id="1611" type="copy forward" timems="3.275" contextid="1608" timestamp="2019-06-15T00:23:56.499">
  <memory-copied type="eden" objects="21971" bytes="940848" bytesdiscarded="0" />
  <memory-copied type="other" objects="6672" bytes="297504" bytesdiscarded="0" />
  <memory-cardclean objects="10" bytes="1872" />
  <regions eden="68" other="4" />
  <remembered-set-cleared processed="29066" cleared="666" durationms="0.432" />
  <stringconstants candidates="4597" cleared="0"  />
</gc-op>
<gc-op id="1612" type="classunload" timems="0.002" contextid="1608" timestamp="2019-06-15T00:23:56.499">
  <classunload-info classloadercandidates="8" classloadersunloaded="0" classesunloaded="0" anonymousclassesunloaded="0" quiescems="0.000" setupms="0.002" scanms="0.000" postms="0.000" />
</gc-op>
<gc-end id="1613" type="partial gc" contextid="1608" durationms="4.177" usertimems="0.000" systemtimems="4.000" timestamp="2019-06-15T00:23:56.499" activeThreads="1">
  <mem-info id="1614" free="159383552" total="262144000" percent="60">
    <mem type="eden" free="107728" total="1048576" percent="10" />
    <arraylet-primitive objects="2" leaves="2" largest="1" />
    <remembered-set count="33440" freebytes="10330240" totalbytes="10464000" percent="98" regionsoverflowed="0" regionsstable="2" regionsrebuilding="0"/>
  </mem-info>
</gc-end>
<cycle-end id="1615" type="partial gc" contextid="1608" timestamp="2019-06-15T00:23:56.499" />
  <attribute name="elasticGC enabled" value="1" />
  <attribute name= "numThreadsSpecified" value="1" />
  <attribute name="heapSize specified" value="0" />
  <attribute name="Current GC Util" value="78" />
  <attribute name= "Current Time Running" value="4533" />
  <attribute name ="GC Interval" value="0" />
  <attribute name="ProportionalT" value="29.000000" />
  <attribute name="ProportionalI" value="29.000000" />
  <attribute name="ProportionalH" value="29.000000" />
  <attribute name="Current Error" value="58.000000" />
  <attribute name="IntegralT" value="0.000000" />
  <attribute name="IntegralI" value="0.000000" />
  <attribute name="IntegralH" value="0.000000" />
  <attribute name="DerivativeT" value="inf" />
  <attribute name="DerivativeI" value="inf" />
  <attribute name="DerivativeH" value="inf" />
  <attribute name="Loop Time for DT" value="0.000000" />
  <attribute name="Output H" value="8388608"/>
  <attribute name="Output I" value="200"/>
  <attribute name="Output T" value="1"/>
  <attribute name="Target GC Util Change" value ="20.000000" />
  <attribute name="Current GC Util Change" value="78.000000"/>
  <attribute name="GC Util currently" value="78" />
  <attribute name="CPU Util currently" value="21137264059658" />
<exclusive-end id="1616" timestamp="2019-06-15T00:23:56.500" durationms="5.043" />

<exclusive-start id="1617" timestamp="2019-06-15T00:23:56.529" intervalms="34.489">
  <response-info timems="0.033" idlems="0.033" threads="0" lastid="000000000181B500" lastname="Thread-10" />
</exclusive-start>
<allocation-taxation id="1618" taxation-threshold="71303168" timestamp="2019-06-15T00:23:56.529" intervalms="34.440" />
<cycle-start id="1619" type="partial gc" contextid="0" timestamp="2019-06-15T00:23:56.529" intervalms="34.429" />
<gc-start id="1620" type="partial gc" contextid="1619" timestamp="2019-06-15T00:23:56.530">
  <mem-info id="1621" free="88080384" total="262144000" percent="33">
    <mem type="eden" free="0" total="71303168" percent="0" />
    <arraylet-primitive objects="2" leaves="2" largest="1" />
    <remembered-set count="33024" freebytes="10331904" totalbytes="10464000" percent="98" regionsoverflowed="0" regionsstable="2" regionsrebuilding="0"/>
  </mem-info>
</gc-start>
<allocation-stats totalBytes="71294120" >
  <allocated-bytes non-tlh="0" tlh="71294120" arrayletleaf="0"/>
  <largest-consumer threadName="Thread-9" threadId="0000000001813D00" bytes="21657032" />
</allocation-stats>
<gc-op id="1622" type="copy forward" timems="3.075" contextid="1619" timestamp="2019-06-15T00:23:56.533">
  <memory-copied type="eden" objects="8280" bytes="337712" bytesdiscarded="0" />
  <memory-copied type="other" objects="15279" bytes="641448" bytesdiscarded="0" />
  <memory-cardclean objects="4093" bytes="216864" />
  <regions eden="68" other="3" />
  <remembered-set-cleared processed="29036" cleared="626" durationms="0.439" />
  <stringconstants candidates="4597" cleared="0"  />
</gc-op>
<gc-op id="1623" type="classunload" timems="0.002" contextid="1619" timestamp="2019-06-15T00:23:56.533">
  <classunload-info classloadercandidates="8" classloadersunloaded="0" classesunloaded="0" anonymousclassesunloaded="0" quiescems="0.000" setupms="0.002" scanms="0.000" postms="0.000" />
</gc-op>
<gc-end id="1624" type="partial gc" contextid="1619" durationms="4.075" usertimems="4.000" systemtimems="0.000" timestamp="2019-06-15T00:23:56.534" activeThreads="1">
  <mem-info id="1625" free="158334976" total="262144000" percent="60">
    <mem type="eden" free="710864" total="1048576" percent="67" />
    <arraylet-primitive objects="2" leaves="2" largest="1" />
    <remembered-set count="33952" freebytes="10328192" totalbytes="10464000" percent="98" regionsoverflowed="0" regionsstable="2" regionsrebuilding="0"/>
  </mem-info>
</gc-end>
<cycle-end id="1626" type="partial gc" contextid="1619" timestamp="2019-06-15T00:23:56.534" />
  <attribute name="elasticGC enabled" value="1" />
  <attribute name= "numThreadsSpecified" value="1" />
  <attribute name="heapSize specified" value="0" />
  <attribute name="Current GC Util" value="88" />
  <attribute name= "Current Time Running" value="4567" />
  <attribute name ="GC Interval" value="0" />
  <attribute name="ProportionalT" value="34.000000" />
  <attribute name="ProportionalI" value="34.000000" />
  <attribute name="ProportionalH" value="34.000000" />
  <attribute name="Current Error" value="68.000000" />
  <attribute name="IntegralT" value="0.000000" />
  <attribute name="IntegralI" value="0.000000" />
  <attribute name="IntegralH" value="0.000000" />
  <attribute name="DerivativeT" value="inf" />
  <attribute name="DerivativeI" value="inf" />
  <attribute name="DerivativeH" value="inf" />
  <attribute name="Loop Time for DT" value="0.000000" />
  <attribute name="Output H" value="8388608"/>
  <attribute name="Output I" value="200"/>
  <attribute name="Output T" value="1"/>
  <attribute name="Target GC Util Change" value ="20.000000" />
  <attribute name="Current GC Util Change" value="88.000000"/>
  <attribute name="GC Util currently" value="88" />
  <attribute name="CPU Util currently" value="21760318206865" />
<exclusive-end id="1627" timestamp="2019-06-15T00:23:56.534" durationms="4.900" />

<exclusive-start id="1628" timestamp="2019-06-15T00:23:56.566" intervalms="37.179">
  <response-info timems="0.026" idlems="0.026" threads="0" lastid="000000000181B500" lastname="Thread-10" />
</exclusive-start>
<allocation-taxation id="1629" taxation-threshold="71303168" timestamp="2019-06-15T00:23:56.566" intervalms="37.187" />
<cycle-start id="1630" type="partial gc" contextid="0" timestamp="2019-06-15T00:23:56.566" intervalms="37.188" />
<gc-start id="1631" type="partial gc" contextid="1630" timestamp="2019-06-15T00:23:56.567">
  <mem-info id="1632" free="87031808" total="262144000" percent="33">
    <mem type="eden" free="0" total="71303168" percent="0" />
    <arraylet-primitive objects="2" leaves="2" largest="1" />
    <remembered-set count="33600" freebytes="10329600" totalbytes="10464000" percent="98" regionsoverflowed="0" regionsstable="2" regionsrebuilding="0"/>
  </mem-info>
</gc-start>
<allocation-stats totalBytes="71293816" >
  <allocated-bytes non-tlh="0" tlh="71293816" arrayletleaf="0"/>
  <largest-consumer threadName="Thread-10" threadId="000000000181B500" bytes="19944976" />
</allocation-stats>
<gc-op id="1633" type="copy forward" timems="2.338" contextid="1630" timestamp="2019-06-15T00:23:56.570">
  <memory-copied type="eden" objects="17910" bytes="705920" bytesdiscarded="66472" />
  <memory-copied type="other" objects="14652" bytes="626400" bytesdiscarded="6752" />
  <memory-cardclean objects="4764" bytes="233880" />
  <regions eden="68" other="4" />
  <remembered-set-cleared processed="29140" cleared="739" durationms="0.182" />
  <stringconstants candidates="4597" cleared="0"  />
</gc-op>
<gc-op id="1634" type="classunload" timems="0.002" contextid="1630" timestamp="2019-06-15T00:23:56.570">
  <classunload-info classloadercandidates="8" classloadersunloaded="0" classesunloaded="0" anonymousclassesunloaded="0" quiescems="0.000" setupms="0.002" scanms="0.000" postms="0.000" />
</gc-op>
<gc-end id="1635" type="partial gc" contextid="1630" durationms="3.245" usertimems="0.000" systemtimems="8.000" timestamp="2019-06-15T00:23:56.570" activeThreads="4">
  <mem-info id="1636" free="157286400" total="262144000" percent="60">
    <mem type="eden" free="276184" total="1048576" percent="26" />
    <arraylet-primitive objects="2" leaves="2" largest="1" />
    <remembered-set count="34720" freebytes="10325120" totalbytes="10464000" percent="98" regionsoverflowed="0" regionsstable="2" regionsrebuilding="0"/>
  </mem-info>
</gc-end>
<cycle-end id="1637" type="partial gc" contextid="1630" timestamp="2019-06-15T00:23:56.570" />
  <attribute name="elasticGC enabled" value="1" />
  <attribute name= "numThreadsSpecified" value="4" />
  <attribute name="heapSize specified" value="0" />
  <attribute name="Current GC Util" value="63" />
  <attribute name= "Current Time Running" value="4605" />
  <attribute name ="GC Interval" value="0" />
  <attribute name="ProportionalT" value="21.500000" />
  <attribute name="ProportionalI" value="21.500000" />
  <attribute name="ProportionalH" value="21.500000" />
  <attribute name="Current Error" value="43.000000" />
  <attribute name="IntegralT" value="43.000000" />
  <attribute name="IntegralI" value="43.000000" />
  <attribute name="IntegralH" value="43.000000" />
  <attribute name="DerivativeT" value="21.500000" />
  <attribute name="DerivativeI" value="21.500000" />
  <attribute name="DerivativeH" value="21.500000" />
  <attribute name="Loop Time for DT" value="1.000000" />
  <attribute name="Output H" value="8388608"/>
  <attribute name="Output I" value="200"/>
  <attribute name="Output T" value="4"/>
  <attribute name="Target GC Util Change" value ="20.000000" />
  <attribute name="Current GC Util Change" value="63.000000"/>
  <attribute name="GC Util currently" value="63" />
  <attribute name="CPU Util currently" value="17766294896643" />
<exclusive-end id="1638" timestamp="2019-06-15T00:23:56.570" durationms="3.983" />

<exclusive-start id="1639" timestamp="2019-06-15T00:23:56.601" intervalms="34.992">
  <response-info timems="0.044" idlems="0.044" threads="0" lastid="000000000181F100" lastname="Thread-7" />
</exclusive-start>
<allocation-taxation id="1640" taxation-threshold="71303168" timestamp="2019-06-15T00:23:56.601" intervalms="34.992" />
<cycle-start id="1641" type="partial gc" contextid="0" timestamp="2019-06-15T00:23:56.603" intervalms="36.247" />
<gc-start id="1642" type="partial gc" contextid="1641" timestamp="2019-06-15T00:23:56.603">
  <mem-info id="1643" free="85983232" total="262144000" percent="32">
    <mem type="eden" free="0" total="71303168" percent="0" />
    <arraylet-primitive objects="2" leaves="2" largest="1" />
    <remembered-set count="34304" freebytes="10326784" totalbytes="10464000" percent="98" regionsoverflowed="0" regionsstable="2" regionsrebuilding="0"/>
  </mem-info>
</gc-start>
<allocation-stats totalBytes="71293720" >
  <allocated-bytes non-tlh="0" tlh="71293720" arrayletleaf="0"/>
  <largest-consumer threadName="Thread-10" threadId="000000000181B500" bytes="19527048" />
</allocation-stats>
<gc-op id="1644" type="copy forward" timems="3.039" contextid="1641" timestamp="2019-06-15T00:23:56.607">
  <memory-copied type="eden" objects="11942" bytes="563264" bytesdiscarded="0" />
  <memory-copied type="other" objects="11806" bytes="558096" bytesdiscarded="0" />
  <memory-cardclean objects="10" bytes="1872" />
  <regions eden="68" other="5" />
  <remembered-set-cleared processed="29380" cleared="980" durationms="0.461" />
  <stringconstants candidates="4597" cleared="0"  />
</gc-op>
<gc-op id="1645" type="classunload" timems="0.002" contextid="1641" timestamp="2019-06-15T00:23:56.607">
  <classunload-info classloadercandidates="8" classloadersunloaded="0" classesunloaded="0" anonymousclassesunloaded="0" quiescems="0.000" setupms="0.002" scanms="0.000" postms="0.000" />
</gc-op>
<gc-op id="1646" type="compact" timems="0.984" contextid="1641" timestamp="2019-06-15T00:23:56.608">
  <compact-info movecount="0" movebytes="0" />
  <remembered-set-cleared processed="58725" cleared="980" durationms="0.461" />
</gc-op>
<gc-end id="1647" type="partial gc" contextid="1641" durationms="5.400" usertimems="4.000" systemtimems="0.000" timestamp="2019-06-15T00:23:56.608" activeThreads="4">
  <mem-info id="1648" free="159383552" total="262144000" percent="60">
    <mem type="eden" free="485312" total="1048576" percent="46" />
    <arraylet-primitive objects="2" leaves="2" largest="1" />
    <remembered-set count="32128" freebytes="10335488" totalbytes="10464000" percent="98" regionsoverflowed="0" regionsstable="2" regionsrebuilding="0"/>
  </mem-info>
</gc-end>
<cycle-end id="1649" type="partial gc" contextid="1641" timestamp="2019-06-15T00:23:56.609" />
  <attribute name="elasticGC enabled" value="1" />
  <attribute name= "numThreadsSpecified" value="4" />
  <attribute name="heapSize specified" value="0" />
  <attribute name="Current GC Util" value="0" />
  <attribute name= "Current Time Running" value="4644" />
  <attribute name ="GC Interval" value="0" />
  <attribute name="ProportionalT" value="-10.000000" />
  <attribute name="ProportionalI" value="-10.000000" />
  <attribute name="ProportionalH" value="-10.000000" />
  <attribute name="Current Error" value="-20.000000" />
  <attribute name="IntegralT" value="-60.000000" />
  <attribute name="IntegralI" value="-60.000000" />
  <attribute name="IntegralH" value="-60.000000" />
  <attribute name="DerivativeT" value="-12.166667" />
  <attribute name="DerivativeI" value="-12.166667" />
  <attribute name="DerivativeH" value="-12.166667" />
  <attribute name="Loop Time for DT" value="3.000000" />
  <attribute name="Output H" value="2091843584"/>
  <attribute name="Output I" value="200"/>
  <attribute name="Output T" value="4"/>
  <attribute name="Target GC Util Change" value ="20.000000" />
  <attribute name="Current GC Util Change" value="0.000000"/>
  <attribute name="GC Util currently" value="0" />
  <attribute name="CPU Util currently" value="1364950929344" />
<exclusive-end id="1650" timestamp="2019-06-15T00:23:56.609" durationms="7.454" />

<exclusive-start id="1651" timestamp="2019-06-15T00:23:56.641" intervalms="39.726">
  <response-info timems="0.031" idlems="0.031" threads="0" lastid="000000000181B500" lastname="Thread-10" />
</exclusive-start>
<allocation-taxation id="1652" taxation-threshold="71303168" timestamp="2019-06-15T00:23:56.641" intervalms="39.724" />
<cycle-start id="1653" type="partial gc" contextid="0" timestamp="2019-06-15T00:23:56.641" intervalms="38.469" />
<gc-start id="1654" type="partial gc" contextid="1653" timestamp="2019-06-15T00:23:56.641">
  <mem-info id="1655" free="88080384" total="262144000" percent="33">
    <mem type="eden" free="0" total="71303168" percent="0" />
    <arraylet-primitive objects="2" leaves="2" largest="1" />
    <remembered-set count="32128" freebytes="10335488" totalbytes="10464000" percent="98" regionsoverflowed="0" regionsstable="2" regionsrebuilding="0"/>
  </mem-info>
</gc-start>
<allocation-stats totalBytes="71293232" >
  <allocated-bytes non-tlh="0" tlh="71293232" arrayletleaf="0"/>
  <largest-consumer threadName="Thread-9" threadId="0000000001813D00" bytes="19072432" />
</allocation-stats>
<gc-op id="1656" type="copy forward" timems="2.999" contextid="1653" timestamp="2019-06-15T00:23:56.645">
  <memory-copied type="eden" objects="9113" bytes="357896" bytesdiscarded="0" />
  <memory-copied type="other" objects="14949" bytes="770904" bytesdiscarded="0" />
  <memory-cardclean objects="10" bytes="1872" />
  <regions eden="68" other="4" />
  <remembered-set-cleared processed="28787" cleared="381" durationms="0.425" />
  <stringconstants candidates="4597" cleared="0"  />
</gc-op>
<gc-op id="1657" type="classunload" timems="0.002" contextid="1653" timestamp="2019-06-15T00:23:56.645">
  <classunload-info classloadercandidates="8" classloadersunloaded="0" classesunloaded="0" anonymousclassesunloaded="0" quiescems="0.000" setupms="0.002" scanms="0.000" postms="0.000" />
</gc-op>
<gc-end id="1658" type="partial gc" contextid="1653" durationms="3.934" usertimems="4.000" systemtimems="0.000" timestamp="2019-06-15T00:23:56.645" activeThreads="1">
  <mem-info id="1659" free="160432128" total="262144000" percent="61">
    <mem type="eden" free="690680" total="1048576" percent="65" />
    <arraylet-primitive objects="2" leaves="2" largest="1" />
    <remembered-set count="32672" freebytes="10333312" totalbytes="10464000" percent="98" regionsoverflowed="0" regionsstable="2" regionsrebuilding="0"/>
  </mem-info>
</gc-end>
<cycle-end id="1660" type="partial gc" contextid="1653" timestamp="2019-06-15T00:23:56.645" />
  <attribute name="elasticGC enabled" value="1" />
  <attribute name= "numThreadsSpecified" value="1" />
  <attribute name="heapSize specified" value="0" />
  <attribute name="Current GC Util" value="84" />
  <attribute name= "Current Time Running" value="4679" />
  <attribute name ="GC Interval" value="0" />
  <attribute name="ProportionalT" value="32.000000" />
  <attribute name="ProportionalI" value="32.000000" />
  <attribute name="ProportionalH" value="32.000000" />
  <attribute name="Current Error" value="64.000000" />
  <attribute name="IntegralT" value="0.000000" />
  <attribute name="IntegralI" value="0.000000" />
  <attribute name="IntegralH" value="0.000000" />
  <attribute name="DerivativeT" value="inf" />
  <attribute name="DerivativeI" value="inf" />
  <attribute name="DerivativeH" value="inf" />
  <attribute name="Loop Time for DT" value="0.000000" />
  <attribute name="Output H" value="8388608"/>
  <attribute name="Output I" value="200"/>
  <attribute name="Output T" value="1"/>
  <attribute name="Target GC Util Change" value ="20.000000" />
  <attribute name="Current GC Util Change" value="84.000000"/>
  <attribute name="GC Util currently" value="84" />
  <attribute name="CPU Util currently" value="23195165487875" />
<exclusive-end id="1661" timestamp="2019-06-15T00:23:56.646" durationms="4.740" />

<exclusive-start id="1662" timestamp="2019-06-15T00:23:56.671" intervalms="30.474">
  <response-info timems="0.077" idlems="0.077" threads="0" lastid="000000000181F100" lastname="Thread-7" />
</exclusive-start>
<allocation-taxation id="1663" taxation-threshold="71303168" timestamp="2019-06-15T00:23:56.672" intervalms="30.649" />
<cycle-start id="1664" type="partial gc" contextid="0" timestamp="2019-06-15T00:23:56.672" intervalms="30.685" />
<gc-start id="1665" type="partial gc" contextid="1664" timestamp="2019-06-15T00:23:56.672">
  <mem-info id="1666" free="89128960" total="262144000" percent="34">
    <mem type="eden" free="0" total="71303168" percent="0" />
    <arraylet-primitive objects="2" leaves="2" largest="1" />
    <remembered-set count="32352" freebytes="10334592" totalbytes="10464000" percent="98" regionsoverflowed="0" regionsstable="2" regionsrebuilding="0"/>
  </mem-info>
</gc-start>
<allocation-stats totalBytes="71293288" >
  <allocated-bytes non-tlh="0" tlh="71293288" arrayletleaf="0"/>
  <largest-consumer threadName="Thread-8" threadId="0000000001817900" bytes="22946216" />
</allocation-stats>
<gc-op id="1667" type="copy forward" timems="3.213" contextid="1664" timestamp="2019-06-15T00:23:56.676">
  <memory-copied type="eden" objects="9706" bytes="372128" bytesdiscarded="0" />
  <memory-copied type="other" objects="17517" bytes="832536" bytesdiscarded="0" />
  <memory-cardclean objects="10" bytes="1872" />
  <regions eden="68" other="3" />
  <remembered-set-cleared processed="28969" cleared="563" durationms="0.429" />
  <stringconstants candidates="4597" cleared="0"  />
</gc-op>
<gc-op id="1668" type="classunload" timems="0.002" contextid="1664" timestamp="2019-06-15T00:23:56.676">
  <classunload-info classloadercandidates="8" classloadersunloaded="0" classesunloaded="0" anonymousclassesunloaded="0" quiescems="0.000" setupms="0.002" scanms="0.000" postms="0.000" />
</gc-op>
<gc-end id="1669" type="partial gc" contextid="1664" durationms="4.140" usertimems="4.000" systemtimems="0.000" timestamp="2019-06-15T00:23:56.676" activeThreads="1">
  <mem-info id="1670" free="159383552" total="262144000" percent="60">
    <mem type="eden" free="676448" total="1048576" percent="64" />
    <arraylet-primitive objects="2" leaves="2" largest="1" />
    <remembered-set count="33184" freebytes="10331264" totalbytes="10464000" percent="98" regionsoverflowed="0" regionsstable="2" regionsrebuilding="0"/>
  </mem-info>
</gc-end>
<cycle-end id="1671" type="partial gc" contextid="1664" timestamp="2019-06-15T00:23:56.676" />
  <attribute name="elasticGC enabled" value="1" />
  <attribute name= "numThreadsSpecified" value="1" />
  <attribute name="heapSize specified" value="0" />
  <attribute name="Current GC Util" value="66" />
  <attribute name= "Current Time Running" value="4710" />
  <attribute name ="GC Interval" value="0" />
  <attribute name="ProportionalT" value="23.000000" />
  <attribute name="ProportionalI" value="23.000000" />
  <attribute name="ProportionalH" value="23.000000" />
  <attribute name="Current Error" value="46.000000" />
  <attribute name="IntegralT" value="0.000000" />
  <attribute name="IntegralI" value="0.000000" />
  <attribute name="IntegralH" value="0.000000" />
  <attribute name="DerivativeT" value="inf" />
  <attribute name="DerivativeI" value="inf" />
  <attribute name="DerivativeH" value="inf" />
  <attribute name="Loop Time for DT" value="0.000000" />
  <attribute name="Output H" value="8388608"/>
  <attribute name="Output I" value="200"/>
  <attribute name="Output T" value="1"/>
  <attribute name="Target GC Util Change" value ="20.000000" />
  <attribute name="Current GC Util Change" value="66.000000"/>
  <attribute name="GC Util currently" value="66" />
  <attribute name="CPU Util currently" value="19675099821512" />
<exclusive-end id="1672" timestamp="2019-06-15T00:23:56.676" durationms="5.062" />

<exclusive-start id="1673" timestamp="2019-06-15T00:23:56.706" intervalms="34.633">
  <response-info timems="0.031" idlems="0.031" threads="0" lastid="0000000001817900" lastname="Thread-8" />
</exclusive-start>
<allocation-taxation id="1674" taxation-threshold="71303168" timestamp="2019-06-15T00:23:56.706" intervalms="34.497" />
<cycle-start id="1675" type="partial gc" contextid="0" timestamp="2019-06-15T00:23:56.706" intervalms="34.509" />
<gc-start id="1676" type="partial gc" contextid="1675" timestamp="2019-06-15T00:23:56.707">
  <mem-info id="1677" free="88080384" total="262144000" percent="33">
    <mem type="eden" free="0" total="71303168" percent="0" />
    <arraylet-primitive objects="2" leaves="2" largest="1" />
    <remembered-set count="32928" freebytes="10332288" totalbytes="10464000" percent="98" regionsoverflowed="0" regionsstable="2" regionsrebuilding="0"/>
  </mem-info>
</gc-start>
<allocation-stats totalBytes="71294416" >
  <allocated-bytes non-tlh="0" tlh="71294416" arrayletleaf="0"/>
  <largest-consumer threadName="Thread-9" threadId="0000000001813D00" bytes="20682288" />
</allocation-stats>
<gc-op id="1678" type="copy forward" timems="3.374" contextid="1675" timestamp="2019-06-15T00:23:56.711">
  <memory-copied type="eden" objects="10737" bytes="397136" bytesdiscarded="0" />
  <memory-copied type="other" objects="18520" bytes="856608" bytesdiscarded="0" />
  <memory-cardclean objects="10" bytes="1872" />
  <regions eden="68" other="4" />
  <remembered-set-cleared processed="29068" cleared="662" durationms="0.439" />
  <stringconstants candidates="4597" cleared="0"  />
</gc-op>
<gc-op id="1679" type="classunload" timems="0.002" contextid="1675" timestamp="2019-06-15T00:23:56.711">
  <classunload-info classloadercandidates="8" classloadersunloaded="0" classesunloaded="0" anonymousclassesunloaded="0" quiescems="0.000" setupms="0.002" scanms="0.000" postms="0.000" />
</gc-op>
<gc-end id="1680" type="partial gc" contextid="1675" durationms="4.352" usertimems="4.000" systemtimems="0.000" timestamp="2019-06-15T00:23:56.711" activeThreads="1">
  <mem-info id="1681" free="158334976" total="262144000" percent="60">
    <mem type="eden" free="651440" total="1048576" percent="62" />
    <arraylet-primitive objects="2" leaves="2" largest="1" />
    <remembered-set count="33696" freebytes="10329216" totalbytes="10464000" percent="98" regionsoverflowed="0" regionsstable="2" regionsrebuilding="0"/>
  </mem-info>
</gc-end>
<cycle-end id="1682" type="partial gc" contextid="1675" timestamp="2019-06-15T00:23:56.711" />
  <attribute name="elasticGC enabled" value="1" />
  <attribute name= "numThreadsSpecified" value="1" />
  <attribute name="heapSize specified" value="0" />
  <attribute name="Current GC Util" value="95" />
  <attribute name= "Current Time Running" value="4744" />
  <attribute name ="GC Interval" value="0" />
  <attribute name="ProportionalT" value="37.500000" />
  <attribute name="ProportionalI" value="37.500000" />
  <attribute name="ProportionalH" value="37.500000" />
  <attribute name="Current Error" value="75.000000" />
  <attribute name="IntegralT" value="0.000000" />
  <attribute name="IntegralI" value="0.000000" />
  <attribute name="IntegralH" value="0.000000" />
  <attribute name="DerivativeT" value="inf" />
  <attribute name="DerivativeI" value="inf" />
  <attribute name="DerivativeH" value="inf" />
  <attribute name="Loop Time for DT" value="0.000000" />
  <attribute name="Output H" value="8388608"/>
  <attribute name="Output I" value="200"/>
  <attribute name="Output T" value="1"/>
  <attribute name="Target GC Util Change" value ="20.000000" />
  <attribute name="Current GC Util Change" value="95.000000"/>
  <attribute name="GC Util currently" value="95" />
  <attribute name="CPU Util currently" value="21300204597760" />
<exclusive-end id="1683" timestamp="2019-06-15T00:23:56.711" durationms="5.168" />

<exclusive-start id="1684" timestamp="2019-06-15T00:23:56.740" intervalms="33.928">
  <response-info timems="0.030" idlems="0.030" threads="0" lastid="0000000001813D00" lastname="Thread-9" />
</exclusive-start>
<allocation-taxation id="1685" taxation-threshold="71303168" timestamp="2019-06-15T00:23:56.740" intervalms="33.922" />
<cycle-start id="1686" type="partial gc" contextid="0" timestamp="2019-06-15T00:23:56.740" intervalms="33.934" />
<gc-start id="1687" type="partial gc" contextid="1686" timestamp="2019-06-15T00:23:56.740">
  <mem-info id="1688" free="87031808" total="262144000" percent="33">
    <mem type="eden" free="0" total="71303168" percent="0" />
    <arraylet-primitive objects="2" leaves="2" largest="1" />
    <remembered-set count="33344" freebytes="10330624" totalbytes="10464000" percent="98" regionsoverflowed="0" regionsstable="2" regionsrebuilding="0"/>
  </mem-info>
</gc-start>
<allocation-stats totalBytes="71294056" >
  <allocated-bytes non-tlh="0" tlh="71294056" arrayletleaf="0"/>
  <largest-consumer threadName="Thread-8" threadId="0000000001817900" bytes="19133872" />
</allocation-stats>
<gc-op id="1689" type="copy forward" timems="3.662" contextid="1686" timestamp="2019-06-15T00:23:56.745">
  <memory-copied type="eden" objects="15544" bytes="649488" bytesdiscarded="0" />
  <memory-copied type="other" objects="16228" bytes="664224" bytesdiscarded="0" />
  <memory-cardclean objects="4767" bytes="252912" />
  <regions eden="68" other="4" />
  <remembered-set-cleared processed="29190" cleared="783" durationms="0.429" />
  <stringconstants candidates="4597" cleared="0"  />
</gc-op>
<gc-op id="1690" type="classunload" timems="0.002" contextid="1686" timestamp="2019-06-15T00:23:56.745">
  <classunload-info classloadercandidates="8" classloadersunloaded="0" classesunloaded="0" anonymousclassesunloaded="0" quiescems="0.000" setupms="0.002" scanms="0.000" postms="0.000" />
</gc-op>
<gc-end id="1691" type="partial gc" contextid="1686" durationms="4.689" usertimems="4.000" systemtimems="0.000" timestamp="2019-06-15T00:23:56.745" activeThreads="1">
  <mem-info id="1692" free="157286400" total="262144000" percent="60">
    <mem type="eden" free="399088" total="1048576" percent="38" />
    <arraylet-primitive objects="2" leaves="2" largest="1" />
    <remembered-set count="34208" freebytes="10327168" totalbytes="10464000" percent="98" regionsoverflowed="0" regionsstable="2" regionsrebuilding="0"/>
  </mem-info>
</gc-end>
<cycle-end id="1693" type="partial gc" contextid="1686" timestamp="2019-06-15T00:23:56.745" />
  <attribute name="elasticGC enabled" value="1" />
  <attribute name= "numThreadsSpecified" value="1" />
  <attribute name="heapSize specified" value="0" />
  <attribute name="Current GC Util" value="81" />
  <attribute name= "Current Time Running" value="4778" />
  <attribute name ="GC Interval" value="0" />
  <attribute name="ProportionalT" value="30.500000" />
  <attribute name="ProportionalI" value="30.500000" />
  <attribute name="ProportionalH" value="30.500000" />
  <attribute name="Current Error" value="61.000000" />
  <attribute name="IntegralT" value="0.000000" />
  <attribute name="IntegralI" value="0.000000" />
  <attribute name="IntegralH" value="0.000000" />
  <attribute name="DerivativeT" value="inf" />
  <attribute name="DerivativeI" value="inf" />
  <attribute name="DerivativeH" value="inf" />
  <attribute name="Loop Time for DT" value="0.000000" />
  <attribute name="Output H" value="8388608"/>
  <attribute name="Output I" value="200"/>
  <attribute name="Output T" value="1"/>
  <attribute name="Target GC Util Change" value ="20.000000" />
  <attribute name="Current GC Util Change" value="81.000000"/>
  <attribute name="GC Util currently" value="81" />
  <attribute name="CPU Util currently" value="19119759523817" />
<exclusive-end id="1694" timestamp="2019-06-15T00:23:56.746" durationms="5.587" />

<exclusive-start id="1695" timestamp="2019-06-15T00:23:56.768" intervalms="28.486">
  <response-info timems="0.183" idlems="0.183" threads="0" lastid="000000000181F100" lastname="Thread-7" />
</exclusive-start>
<allocation-taxation id="1696" taxation-threshold="71303168" timestamp="2019-06-15T00:23:56.769" intervalms="28.421" />
<cycle-start id="1697" type="partial gc" contextid="0" timestamp="2019-06-15T00:23:56.769" intervalms="28.355" />
<gc-start id="1698" type="partial gc" contextid="1697" timestamp="2019-06-15T00:23:56.769">
  <mem-info id="1699" free="85983232" total="262144000" percent="32">
    <mem type="eden" free="0" total="71303168" percent="0" />
    <arraylet-primitive objects="2" leaves="2" largest="1" />
    <remembered-set count="33824" freebytes="10328704" totalbytes="10464000" percent="98" regionsoverflowed="0" regionsstable="2" regionsrebuilding="0"/>
  </mem-info>
</gc-start>
<allocation-stats totalBytes="71295336" >
  <allocated-bytes non-tlh="0" tlh="71295336" arrayletleaf="0"/>
  <largest-consumer threadName="Thread-8" threadId="0000000001817900" bytes="22050736" />
</allocation-stats>
<gc-op id="1700" type="copy forward" timems="2.114" contextid="1697" timestamp="2019-06-15T00:23:56.772">
  <memory-copied type="eden" objects="11019" bytes="403592" bytesdiscarded="28632" />
  <memory-copied type="other" objects="20984" bytes="915744" bytesdiscarded="61896" />
  <memory-cardclean objects="4780" bytes="253584" />
  <regions eden="68" other="5" />
  <remembered-set-cleared processed="29466" cleared="1059" durationms="0.185" />
  <stringconstants candidates="4597" cleared="0"  />
</gc-op>
<gc-op id="1701" type="classunload" timems="0.002" contextid="1697" timestamp="2019-06-15T00:23:56.772">
  <classunload-info classloadercandidates="8" classloadersunloaded="0" classesunloaded="0" anonymousclassesunloaded="0" quiescems="0.000" setupms="0.002" scanms="0.000" postms="0.000" />
</gc-op>
<gc-op id="1702" type="compact" timems="0.866" contextid="1697" timestamp="2019-06-15T00:23:56.773">
  <compact-info movecount="0" movebytes="0" />
  <remembered-set-cleared processed="60499" cleared="1059" durationms="0.185" />
</gc-op>
<gc-end id="1703" type="partial gc" contextid="1697" durationms="3.989" usertimems="8.000" systemtimems="0.000" timestamp="2019-06-15T00:23:56.773" activeThreads="4">
  <mem-info id="1704" free="157286400" total="262144000" percent="60">
    <mem type="eden" free="616352" total="1048576" percent="58" />
    <arraylet-primitive objects="2" leaves="2" largest="1" />
    <remembered-set count="33952" freebytes="10328192" totalbytes="10464000" percent="98" regionsoverflowed="0" regionsstable="2" regionsrebuilding="0"/>
  </mem-info>
</gc-end>
<cycle-end id="1705" type="partial gc" contextid="1697" timestamp="2019-06-15T00:23:56.773" />
  <attribute name="elasticGC enabled" value="1" />
  <attribute name= "numThreadsSpecified" value="4" />
  <attribute name="heapSize specified" value="0" />
  <attribute name="Current GC Util" value="182" />
  <attribute name= "Current Time Running" value="4809" />
  <attribute name ="GC Interval" value="0" />
  <attribute name="ProportionalT" value="81.000000" />
  <attribute name="ProportionalI" value="81.000000" />
  <attribute name="ProportionalH" value="81.000000" />
  <attribute name="Current Error" value="162.000000" />
  <attribute name="IntegralT" value="324.000000" />
  <attribute name="IntegralI" value="324.000000" />
  <attribute name="IntegralH" value="324.000000" />
  <attribute name="DerivativeT" value="21.500000" />
  <attribute name="DerivativeI" value="21.500000" />
  <attribute name="DerivativeH" value="21.500000" />
  <attribute name="Loop Time for DT" value="2.000000" />
  <attribute name="Output H" value="8388608"/>
  <attribute name="Output I" value="432"/>
  <attribute name="Output T" value="4"/>
  <attribute name="Target GC Util Change" value ="20.000000" />
  <attribute name="Current GC Util Change" value="182.000000"/>
  <attribute name="GC Util currently" value="182" />
  <attribute name="CPU Util currently" value="1956669462918" />
<exclusive-end id="1706" timestamp="2019-06-15T00:23:56.773" durationms="4.572" />

<exclusive-start id="1707" timestamp="2019-06-15T00:23:56.796" intervalms="27.240">
  <response-info timems="0.298" idlems="0.161" threads="1" lastid="000000000181B500" lastname="Thread-10" />
</exclusive-start>
<allocation-taxation id="1708" taxation-threshold="71303168" timestamp="2019-06-15T00:23:56.796" intervalms="27.294" />
<cycle-start id="1709" type="partial gc" contextid="0" timestamp="2019-06-15T00:23:56.796" intervalms="27.357" />
<gc-start id="1710" type="partial gc" contextid="1709" timestamp="2019-06-15T00:23:56.796">
  <mem-info id="1711" free="85983232" total="262144000" percent="32">
    <mem type="eden" free="0" total="71303168" percent="0" />
    <arraylet-primitive objects="2" leaves="2" largest="1" />
    <remembered-set count="33952" freebytes="10328192" totalbytes="10464000" percent="98" regionsoverflowed="0" regionsstable="2" regionsrebuilding="0"/>
  </mem-info>
</gc-start>
<allocation-stats totalBytes="71295472" >
  <allocated-bytes non-tlh="0" tlh="71295472" arrayletleaf="0"/>
  <largest-consumer threadName="Thread-8" threadId="0000000001817900" bytes="22099840" />
</allocation-stats>
<gc-op id="1712" type="copy forward" timems="3.688" contextid="1709" timestamp="2019-06-15T00:23:56.801">
  <memory-copied type="eden" objects="5455" bytes="132424" bytesdiscarded="0" />
  <memory-copied type="other" objects="25930" bytes="1171824" bytesdiscarded="0" />
  <memory-cardclean objects="10" bytes="1872" />
  <regions eden="68" other="6" />
  <remembered-set-cleared processed="29467" cleared="1055" durationms="0.453" />
  <stringconstants candidates="4597" cleared="0"  />
</gc-op>
<gc-op id="1713" type="classunload" timems="0.003" contextid="1709" timestamp="2019-06-15T00:23:56.801">
  <classunload-info classloadercandidates="8" classloadersunloaded="0" classesunloaded="0" anonymousclassesunloaded="0" quiescems="0.000" setupms="0.002" scanms="0.000" postms="0.000" />
</gc-op>
<gc-op id="1714" type="compact" timems="0.989" contextid="1709" timestamp="2019-06-15T00:23:56.802">
  <compact-info movecount="0" movebytes="0" />
  <remembered-set-cleared processed="60437" cleared="1055" durationms="0.453" />
</gc-op>
<gc-end id="1715" type="partial gc" contextid="1709" durationms="6.052" usertimems="8.000" systemtimems="0.000" timestamp="2019-06-15T00:23:56.802" activeThreads="4">
  <mem-info id="1716" free="159383552" total="262144000" percent="60">
    <mem type="eden" free="916152" total="1048576" percent="87" />
    <arraylet-primitive objects="2" leaves="2" largest="1" />
    <remembered-set count="33728" freebytes="10329088" totalbytes="10464000" percent="98" regionsoverflowed="0" regionsstable="2" regionsrebuilding="0"/>
  </mem-info>
</gc-end>
<cycle-end id="1717" type="partial gc" contextid="1709" timestamp="2019-06-15T00:23:56.802" />
  <attribute name="elasticGC enabled" value="1" />
  <attribute name= "numThreadsSpecified" value="4" />
  <attribute name="heapSize specified" value="0" />
  <attribute name="Current GC Util" value="0" />
  <attribute name= "Current Time Running" value="4838" />
  <attribute name ="GC Interval" value="0" />
  <attribute name="ProportionalT" value="-10.000000" />
  <attribute name="ProportionalI" value="-10.000000" />
  <attribute name="ProportionalH" value="-10.000000" />
  <attribute name="Current Error" value="-20.000000" />
  <attribute name="IntegralT" value="-80.000000" />
  <attribute name="IntegralI" value="-80.000000" />
  <attribute name="IntegralH" value="-80.000000" />
  <attribute name="DerivativeT" value="-7.375000" />
  <attribute name="DerivativeI" value="-7.375000" />
  <attribute name="DerivativeH" value="-7.375000" />
  <attribute name="Loop Time for DT" value="4.000000" />
  <attribute name="Output H" value="2091843584"/>
  <attribute name="Output I" value="200"/>
  <attribute name="Output T" value="4"/>
  <attribute name="Target GC Util Change" value ="20.000000" />
  <attribute name="Current GC Util Change" value="0.000000"/>
  <attribute name="GC Util currently" value="0" />
  <attribute name="CPU Util currently" value="1139430358956" />
<exclusive-end id="1718" timestamp="2019-06-15T00:23:56.803" durationms="6.960" />

<exclusive-start id="1719" timestamp="2019-06-15T00:23:56.825" intervalms="29.779">
  <response-info timems="0.028" idlems="0.028" threads="1" lastid="000000000181B500" lastname="Thread-10" />
</exclusive-start>
<allocation-taxation id="1720" taxation-threshold="71303168" timestamp="2019-06-15T00:23:56.826" intervalms="29.765" />
<cycle-start id="1721" type="partial gc" contextid="0" timestamp="2019-06-15T00:23:56.826" intervalms="29.757" />
<gc-start id="1722" type="partial gc" contextid="1721" timestamp="2019-06-15T00:23:56.826">
  <mem-info id="1723" free="88080384" total="262144000" percent="33">
    <mem type="eden" free="0" total="71303168" percent="0" />
    <arraylet-primitive objects="2" leaves="2" largest="1" />
    <remembered-set count="33728" freebytes="10329088" totalbytes="10464000" percent="98" regionsoverflowed="0" regionsstable="2" regionsrebuilding="0"/>
  </mem-info>
</gc-start>
<allocation-stats totalBytes="71295296" >
  <allocated-bytes non-tlh="0" tlh="71295296" arrayletleaf="0"/>
  <largest-consumer threadName="Thread-8" threadId="0000000001817900" bytes="22906832" />
</allocation-stats>
<gc-op id="1724" type="copy forward" timems="3.108" contextid="1721" timestamp="2019-06-15T00:23:56.830">
  <memory-copied type="eden" objects="12887" bytes="585192" bytesdiscarded="0" />
  <memory-copied type="other" objects="13773" bytes="605304" bytesdiscarded="0" />
  <memory-cardclean objects="10" bytes="1872" />
  <regions eden="68" other="4" />
  <remembered-set-cleared processed="29417" cleared="1000" durationms="0.432" />
  <stringconstants candidates="4597" cleared="0"  />
</gc-op>
<gc-op id="1725" type="classunload" timems="0.002" contextid="1721" timestamp="2019-06-15T00:23:56.830">
  <classunload-info classloadercandidates="8" classloadersunloaded="0" classesunloaded="0" anonymousclassesunloaded="0" quiescems="0.000" setupms="0.002" scanms="0.000" postms="0.000" />
</gc-op>
<gc-end id="1726" type="partial gc" contextid="1721" durationms="4.020" usertimems="4.000" systemtimems="0.000" timestamp="2019-06-15T00:23:56.830" activeThreads="1">
  <mem-info id="1727" free="159383552" total="262144000" percent="60">
    <mem type="eden" free="463384" total="1048576" percent="44" />
    <arraylet-primitive objects="2" leaves="2" largest="1" />
    <remembered-set count="33440" freebytes="10330240" totalbytes="10464000" percent="98" regionsoverflowed="0" regionsstable="2" regionsrebuilding="0"/>
  </mem-info>
</gc-end>
<cycle-end id="1728" type="partial gc" contextid="1721" timestamp="2019-06-15T00:23:56.830" />
  <attribute name="elasticGC enabled" value="1" />
  <attribute name= "numThreadsSpecified" value="1" />
  <attribute name="heapSize specified" value="0" />
  <attribute name="Current GC Util" value="86" />
  <attribute name= "Current Time Running" value="4864" />
  <attribute name ="GC Interval" value="0" />
  <attribute name="ProportionalT" value="33.000000" />
  <attribute name="ProportionalI" value="33.000000" />
  <attribute name="ProportionalH" value="33.000000" />
  <attribute name="Current Error" value="66.000000" />
  <attribute name="IntegralT" value="0.000000" />
  <attribute name="IntegralI" value="0.000000" />
  <attribute name="IntegralH" value="0.000000" />
  <attribute name="DerivativeT" value="inf" />
  <attribute name="DerivativeI" value="inf" />
  <attribute name="DerivativeH" value="inf" />
  <attribute name="Loop Time for DT" value="0.000000" />
  <attribute name="Output H" value="8388608"/>
  <attribute name="Output I" value="200"/>
  <attribute name="Output T" value="1"/>
  <attribute name="Target GC Util Change" value ="20.000000" />
  <attribute name="Current GC Util Change" value="86.000000"/>
  <attribute name="GC Util currently" value="86" />
  <attribute name="CPU Util currently" value="22306586485654" />
<exclusive-end id="1729" timestamp="2019-06-15T00:23:56.830" durationms="4.927" />

<exclusive-start id="1730" timestamp="2019-06-15T00:23:56.851" intervalms="25.747">
  <response-info timems="0.049" idlems="0.049" threads="0" lastid="000000000181F100" lastname="Thread-7" />
</exclusive-start>
<allocation-taxation id="1731" taxation-threshold="71303168" timestamp="2019-06-15T00:23:56.851" intervalms="25.775" />
<cycle-start id="1732" type="partial gc" contextid="0" timestamp="2019-06-15T00:23:56.852" intervalms="25.771" />
<gc-start id="1733" type="partial gc" contextid="1732" timestamp="2019-06-15T00:23:56.852">
  <mem-info id="1734" free="88080384" total="262144000" percent="33">
    <mem type="eden" free="0" total="71303168" percent="0" />
    <arraylet-primitive objects="2" leaves="2" largest="1" />
    <remembered-set count="33440" freebytes="10330240" totalbytes="10464000" percent="98" regionsoverflowed="0" regionsstable="2" regionsrebuilding="0"/>
  </mem-info>
</gc-start>
<allocation-stats totalBytes="71296312" >
  <allocated-bytes non-tlh="0" tlh="71296312" arrayletleaf="0"/>
  <largest-consumer threadName="Thread-8" threadId="0000000001817900" bytes="21113416" />
</allocation-stats>
<gc-op id="1735" type="copy forward" timems="2.257" contextid="1732" timestamp="2019-06-15T00:23:56.855">
  <memory-copied type="eden" objects="12662" bytes="443192" bytesdiscarded="19568" />
  <memory-copied type="other" objects="21523" bytes="928680" bytesdiscarded="7048" />
  <memory-cardclean objects="4705" bytes="231288" />
  <regions eden="68" other="3" />
  <remembered-set-cleared processed="29057" cleared="639" durationms="0.196" />
  <stringconstants candidates="4597" cleared="0"  />
</gc-op>
<gc-op id="1736" type="classunload" timems="0.002" contextid="1732" timestamp="2019-06-15T00:23:56.855">
  <classunload-info classloadercandidates="8" classloadersunloaded="0" classesunloaded="0" anonymousclassesunloaded="0" quiescems="0.000" setupms="0.002" scanms="0.000" postms="0.000" />
</gc-op>
<gc-end id="1737" type="partial gc" contextid="1732" durationms="3.108" usertimems="4.000" systemtimems="0.000" timestamp="2019-06-15T00:23:56.855" activeThreads="4">
  <mem-info id="1738" free="158334976" total="262144000" percent="60">
    <mem type="eden" free="585816" total="1048576" percent="55" />
    <arraylet-primitive objects="2" leaves="2" largest="1" />
    <remembered-set count="34720" freebytes="10325120" totalbytes="10464000" percent="98" regionsoverflowed="0" regionsstable="2" regionsrebuilding="0"/>
  </mem-info>
</gc-end>
<cycle-end id="1739" type="partial gc" contextid="1732" timestamp="2019-06-15T00:23:56.855" />
  <attribute name="elasticGC enabled" value="1" />
  <attribute name= "numThreadsSpecified" value="4" />
  <attribute name="heapSize specified" value="0" />
  <attribute name="Current GC Util" value="69" />
  <attribute name= "Current Time Running" value="4890" />
  <attribute name ="GC Interval" value="0" />
  <attribute name="ProportionalT" value="24.500000" />
  <attribute name="ProportionalI" value="24.500000" />
  <attribute name="ProportionalH" value="24.500000" />
  <attribute name="Current Error" value="49.000000" />
  <attribute name="IntegralT" value="49.000000" />
  <attribute name="IntegralI" value="49.000000" />
  <attribute name="IntegralH" value="49.000000" />
  <attribute name="DerivativeT" value="24.500000" />
  <attribute name="DerivativeI" value="24.500000" />
  <attribute name="DerivativeH" value="24.500000" />
  <attribute name="Loop Time for DT" value="1.000000" />
  <attribute name="Output H" value="8388608"/>
  <attribute name="Output I" value="200"/>
  <attribute name="Output T" value="4"/>
  <attribute name="Target GC Util Change" value ="20.000000" />
  <attribute name="Current GC Util Change" value="69.000000"/>
  <attribute name="GC Util currently" value="69" />
  <attribute name="CPU Util currently" value="20026428680411" />
<exclusive-end id="1740" timestamp="2019-06-15T00:23:56.855" durationms="3.872" />

<exclusive-start id="1741" timestamp="2019-06-15T00:23:56.877" intervalms="26.019">
  <response-info timems="0.032" idlems="0.032" threads="0" lastid="0000000001813D00" lastname="Thread-9" />
</exclusive-start>
<allocation-taxation id="1742" taxation-threshold="71303168" timestamp="2019-06-15T00:23:56.877" intervalms="26.014" />
<cycle-start id="1743" type="partial gc" contextid="0" timestamp="2019-06-15T00:23:56.878" intervalms="26.030" />
<gc-start id="1744" type="partial gc" contextid="1743" timestamp="2019-06-15T00:23:56.878">
  <mem-info id="1745" free="87031808" total="262144000" percent="33">
    <mem type="eden" free="0" total="71303168" percent="0" />
    <arraylet-primitive objects="2" leaves="2" largest="1" />
    <remembered-set count="34656" freebytes="10325376" totalbytes="10464000" percent="98" regionsoverflowed="0" regionsstable="2" regionsrebuilding="0"/>
  </mem-info>
</gc-start>
<allocation-stats totalBytes="71294944" >
  <allocated-bytes non-tlh="0" tlh="71294944" arrayletleaf="0"/>
  <largest-consumer threadName="Thread-8" threadId="0000000001817900" bytes="21936080" />
</allocation-stats>
<gc-op id="1746" type="copy forward" timems="3.429" contextid="1743" timestamp="2019-06-15T00:23:56.882">
  <memory-copied type="eden" objects="10188" bytes="383664" bytesdiscarded="0" />
  <memory-copied type="other" objects="19517" bytes="880536" bytesdiscarded="0" />
  <memory-cardclean objects="10" bytes="1872" />
  <regions eden="68" other="5" />
  <remembered-set-cleared processed="29530" cleared="1113" durationms="0.439" />
  <stringconstants candidates="4597" cleared="0"  />
</gc-op>
<gc-op id="1747" type="classunload" timems="0.003" contextid="1743" timestamp="2019-06-15T00:23:56.882">
  <classunload-info classloadercandidates="8" classloadersunloaded="0" classesunloaded="0" anonymousclassesunloaded="0" quiescems="0.000" setupms="0.001" scanms="0.000" postms="0.000" />
</gc-op>
<gc-op id="1748" type="compact" timems="0.956" contextid="1743" timestamp="2019-06-15T00:23:56.883">
  <compact-info movecount="0" movebytes="0" />
  <remembered-set-cleared processed="60091" cleared="1113" durationms="0.439" />
</gc-op>
<gc-end id="1749" type="partial gc" contextid="1743" durationms="5.417" usertimems="4.000" systemtimems="0.000" timestamp="2019-06-15T00:23:56.883" activeThreads="4">
  <mem-info id="1750" free="158334976" total="262144000" percent="60">
    <mem type="eden" free="664912" total="1048576" percent="63" />
    <arraylet-primitive objects="2" leaves="2" largest="1" />
    <remembered-set count="33312" freebytes="10330752" totalbytes="10464000" percent="98" regionsoverflowed="0" regionsstable="2" regionsrebuilding="0"/>
  </mem-info>
</gc-end>
<cycle-end id="1751" type="partial gc" contextid="1743" timestamp="2019-06-15T00:23:56.883" />
  <attribute name="elasticGC enabled" value="1" />
  <attribute name= "numThreadsSpecified" value="4" />
  <attribute name="heapSize specified" value="0" />
  <attribute name="Current GC Util" value="0" />
  <attribute name= "Current Time Running" value="4919" />
  <attribute name ="GC Interval" value="0" />
  <attribute name="ProportionalT" value="-10.000000" />
  <attribute name="ProportionalI" value="-10.000000" />
  <attribute name="ProportionalH" value="-10.000000" />
  <attribute name="Current Error" value="-20.000000" />
  <attribute name="IntegralT" value="-80.000000" />
  <attribute name="IntegralI" value="-80.000000" />
  <attribute name="IntegralH" value="-80.000000" />
  <attribute name="DerivativeT" value="-9.625000" />
  <attribute name="DerivativeI" value="-9.625000" />
  <attribute name="DerivativeH" value="-9.625000" />
  <attribute name="Loop Time for DT" value="4.000000" />
  <attribute name="Output H" value="2091843584"/>
  <attribute name="Output I" value="200"/>
  <attribute name="Output T" value="4"/>
  <attribute name="Target GC Util Change" value ="20.000000" />
  <attribute name="Current GC Util Change" value="0.000000"/>
  <attribute name="GC Util currently" value="0" />
  <attribute name="CPU Util currently" value="1242706081510" />
<exclusive-end id="1752" timestamp="2019-06-15T00:23:56.883" durationms="6.165" />

<exclusive-start id="1753" timestamp="2019-06-15T00:23:56.907" intervalms="29.903">
  <response-info timems="0.027" idlems="0.027" threads="0" lastid="0000000001813D00" lastname="Thread-9" />
</exclusive-start>
<allocation-taxation id="1754" taxation-threshold="71303168" timestamp="2019-06-15T00:23:56.907" intervalms="29.871" />
<cycle-start id="1755" type="partial gc" contextid="0" timestamp="2019-06-15T00:23:56.907" intervalms="29.856" />
<gc-start id="1756" type="partial gc" contextid="1755" timestamp="2019-06-15T00:23:56.908">
  <mem-info id="1757" free="87031808" total="262144000" percent="33">
    <mem type="eden" free="0" total="71303168" percent="0" />
    <arraylet-primitive objects="2" leaves="2" largest="1" />
    <remembered-set count="33312" freebytes="10330752" totalbytes="10464000" percent="98" regionsoverflowed="0" regionsstable="2" regionsrebuilding="0"/>
  </mem-info>
</gc-start>
<allocation-stats totalBytes="71294832" >
  <allocated-bytes non-tlh="0" tlh="71294832" arrayletleaf="0"/>
  <largest-consumer threadName="Thread-10" threadId="000000000181B500" bytes="18823064" />
</allocation-stats>
<gc-op id="1758" type="copy forward" timems="1.964" contextid="1755" timestamp="2019-06-15T00:23:56.910">
  <memory-copied type="eden" objects="8899" bytes="352624" bytesdiscarded="27616" />
  <memory-copied type="other" objects="15033" bytes="635544" bytesdiscarded="32864" />
  <memory-cardclean objects="3305" bytes="179040" />
  <regions eden="68" other="3" />
  <remembered-set-cleared processed="29443" cleared="915" durationms="0.204" />
  <stringconstants candidates="4597" cleared="0"  />
</gc-op>
<gc-op id="1759" type="classunload" timems="0.002" contextid="1755" timestamp="2019-06-15T00:23:56.910">
  <classunload-info classloadercandidates="8" classloadersunloaded="0" classesunloaded="0" anonymousclassesunloaded="0" quiescems="0.000" setupms="0.002" scanms="0.000" postms="0.000" />
</gc-op>
<gc-op id="1760" type="compact" timems="0.901" contextid="1755" timestamp="2019-06-15T00:23:56.911">
  <compact-info movecount="0" movebytes="0" />
  <remembered-set-cleared processed="60050" cleared="915" durationms="0.204" />
</gc-op>
<gc-end id="1761" type="partial gc" contextid="1755" durationms="4.062" usertimems="8.000" systemtimems="0.000" timestamp="2019-06-15T00:23:56.912" activeThreads="4">
  <mem-info id="1762" free="157286400" total="262144000" percent="60">
    <mem type="eden" free="668336" total="1048576" percent="63" />
    <arraylet-primitive objects="2" leaves="2" largest="1" />
    <remembered-set count="33568" freebytes="10329728" totalbytes="10464000" percent="98" regionsoverflowed="0" regionsstable="2" regionsrebuilding="0"/>
  </mem-info>
</gc-end>
<cycle-end id="1763" type="partial gc" contextid="1755" timestamp="2019-06-15T00:23:56.912" />
  <attribute name="elasticGC enabled" value="1" />
  <attribute name= "numThreadsSpecified" value="4" />
  <attribute name="heapSize specified" value="0" />
  <attribute name="Current GC Util" value="164" />
  <attribute name= "Current Time Running" value="4948" />
  <attribute name ="GC Interval" value="0" />
  <attribute name="ProportionalT" value="72.000000" />
  <attribute name="ProportionalI" value="72.000000" />
  <attribute name="ProportionalH" value="72.000000" />
  <attribute name="Current Error" value="144.000000" />
  <attribute name="IntegralT" value="288.000000" />
  <attribute name="IntegralI" value="288.000000" />
  <attribute name="IntegralH" value="288.000000" />
  <attribute name="DerivativeT" value="25.500000" />
  <attribute name="DerivativeI" value="25.500000" />
  <attribute name="DerivativeH" value="25.500000" />
  <attribute name="Loop Time for DT" value="2.000000" />
  <attribute name="Output H" value="8388608"/>
  <attribute name="Output I" value="392"/>
  <attribute name="Output T" value="4"/>
  <attribute name="Target GC Util Change" value ="20.000000" />
  <attribute name="Current GC Util Change" value="164.000000"/>
  <attribute name="GC Util currently" value="164" />
  <attribute name="CPU Util currently" value="2077198490053" />
<exclusive-end id="1764" timestamp="2019-06-15T00:23:56.912" durationms="4.850" />

<exclusive-start id="1765" timestamp="2019-06-15T00:23:56.937" intervalms="29.824">
  <response-info timems="0.035" idlems="0.035" threads="0" lastid="000000000181F100" lastname="Thread-7" />
</exclusive-start>
<allocation-taxation id="1766" taxation-threshold="71303168" timestamp="2019-06-15T00:23:56.937" intervalms="29.849" />
<cycle-start id="1767" type="partial gc" contextid="0" timestamp="2019-06-15T00:23:56.937" intervalms="29.798" />
<gc-start id="1768" type="partial gc" contextid="1767" timestamp="2019-06-15T00:23:56.937">
  <mem-info id="1769" free="85983232" total="262144000" percent="32">
    <mem type="eden" free="0" total="71303168" percent="0" />
    <arraylet-primitive objects="2" leaves="2" largest="1" />
    <remembered-set count="33568" freebytes="10329728" totalbytes="10464000" percent="98" regionsoverflowed="0" regionsstable="2" regionsrebuilding="0"/>
  </mem-info>
</gc-start>
<allocation-stats totalBytes="71293992" >
  <allocated-bytes non-tlh="0" tlh="71293992" arrayletleaf="0"/>
  <largest-consumer threadName="Thread-7" threadId="000000000181F100" bytes="20219384" />
</allocation-stats>
<gc-op id="1770" type="copy forward" timems="3.373" contextid="1767" timestamp="2019-06-15T00:23:56.941">
  <memory-copied type="eden" objects="8809" bytes="350488" bytesdiscarded="0" />
  <memory-copied type="other" objects="20228" bytes="897600" bytesdiscarded="0" />
  <memory-cardclean objects="10" bytes="1872" />
  <regions eden="68" other="5" />
  <remembered-set-cleared processed="29433" cleared="1000" durationms="0.437" />
  <stringconstants candidates="4597" cleared="0"  />
</gc-op>
<gc-op id="1771" type="classunload" timems="0.002" contextid="1767" timestamp="2019-06-15T00:23:56.942">
  <classunload-info classloadercandidates="8" classloadersunloaded="0" classesunloaded="0" anonymousclassesunloaded="0" quiescems="0.000" setupms="0.002" scanms="0.000" postms="0.000" />
</gc-op>
<gc-op id="1772" type="compact" timems="0.857" contextid="1767" timestamp="2019-06-15T00:23:56.943">
  <compact-info movecount="0" movebytes="0" />
  <remembered-set-cleared processed="60248" cleared="1000" durationms="0.437" />
</gc-op>
<heap-resize id="1773" type="expand" space="default" amount="3145728" count="1" timems="0.074" reason="excessive time being spent in gc" timestamp="2019-06-15T00:23:56.943" />
<gc-end id="1774" type="partial gc" contextid="1767" durationms="5.508" usertimems="4.000" systemtimems="0.000" timestamp="2019-06-15T00:23:56.943" activeThreads="4">
  <mem-info id="1775" free="159383552" total="265289728" percent="60">
    <mem type="eden" free="698088" total="1048576" percent="66" />
    <arraylet-primitive objects="2" leaves="2" largest="1" />
    <remembered-set count="33600" freebytes="10455168" totalbytes="10589568" percent="98" regionsoverflowed="0" regionsstable="2" regionsrebuilding="0"/>
  </mem-info>
</gc-end>
<cycle-end id="1776" type="partial gc" contextid="1767" timestamp="2019-06-15T00:23:56.943" />
  <attribute name="elasticGC enabled" value="1" />
  <attribute name= "numThreadsSpecified" value="4" />
  <attribute name="heapSize specified" value="0" />
  <attribute name="Current GC Util" value="0" />
  <attribute name= "Current Time Running" value="4979" />
  <attribute name ="GC Interval" value="0" />
  <attribute name="ProportionalT" value="-10.000000" />
  <attribute name="ProportionalI" value="-10.000000" />
  <attribute name="ProportionalH" value="-10.000000" />
  <attribute name="Current Error" value="-20.000000" />
  <attribute name="IntegralT" value="-80.000000" />
  <attribute name="IntegralI" value="-80.000000" />
  <attribute name="IntegralH" value="-80.000000" />
  <attribute name="DerivativeT" value="-7.500000" />
  <attribute name="DerivativeI" value="-7.500000" />
  <attribute name="DerivativeH" value="-7.500000" />
  <attribute name="Loop Time for DT" value="4.000000" />
  <attribute name="Output H" value="2091843584"/>
  <attribute name="Output I" value="200"/>
  <attribute name="Output T" value="4"/>
  <attribute name="Target GC Util Change" value ="20.000000" />
  <attribute name="Current GC Util Change" value="0.000000"/>
  <attribute name="GC Util currently" value="0" />
  <attribute name="CPU Util currently" value="1245398906187" />
<exclusive-end id="1777" timestamp="2019-06-15T00:23:56.943" durationms="6.138" />

<exclusive-start id="1778" timestamp="2019-06-15T00:23:56.968" intervalms="31.345">
  <response-info timems="0.037" idlems="0.037" threads="0" lastid="0000000001817900" lastname="Thread-8" />
</exclusive-start>
<allocation-taxation id="1779" taxation-threshold="72351744" timestamp="2019-06-15T00:23:56.968" intervalms="31.346" />
<cycle-start id="1780" type="partial gc" contextid="0" timestamp="2019-06-15T00:23:56.969" intervalms="31.398" />
<gc-start id="1781" type="partial gc" contextid="1780" timestamp="2019-06-15T00:23:56.969">
  <mem-info id="1782" free="87031808" total="265289728" percent="32">
    <mem type="eden" free="0" total="72351744" percent="0" />
    <arraylet-primitive objects="2" leaves="2" largest="1" />
    <remembered-set count="33600" freebytes="10455168" totalbytes="10589568" percent="98" regionsoverflowed="0" regionsstable="2" regionsrebuilding="0"/>
  </mem-info>
</gc-start>
<allocation-stats totalBytes="72341928" >
  <allocated-bytes non-tlh="0" tlh="72341928" arrayletleaf="0"/>
  <largest-consumer threadName="Thread-10" threadId="000000000181B500" bytes="21894384" />
</allocation-stats>
<gc-op id="1783" type="copy forward" timems="2.044" contextid="1780" timestamp="2019-06-15T00:23:56.972">
  <memory-copied type="eden" objects="12008" bytes="426928" bytesdiscarded="12920" />
  <memory-copied type="other" objects="16621" bytes="673656" bytesdiscarded="23480" />
  <memory-cardclean objects="7408" bytes="398832" />
  <regions eden="69" other="3" />
  <remembered-set-cleared processed="29844" cleared="924" durationms="0.192" />
  <stringconstants candidates="4597" cleared="0"  />
</gc-op>
<gc-op id="1784" type="classunload" timems="0.002" contextid="1780" timestamp="2019-06-15T00:23:56.972">
  <classunload-info classloadercandidates="8" classloadersunloaded="0" classesunloaded="0" anonymousclassesunloaded="0" quiescems="0.000" setupms="0.001" scanms="0.000" postms="0.000" />
</gc-op>
<gc-op id="1785" type="compact" timems="0.837" contextid="1780" timestamp="2019-06-15T00:23:56.973">
  <compact-info movecount="0" movebytes="0" />
  <remembered-set-cleared processed="61718" cleared="924" durationms="0.192" />
</gc-op>
<heap-resize id="1786" type="expand" space="default" amount="2097152" count="1" timems="0.065" reason="excessive time being spent in gc" timestamp="2019-06-15T00:23:56.973" />
<gc-end id="1787" type="partial gc" contextid="1780" durationms="4.130" usertimems="8.000" systemtimems="0.000" timestamp="2019-06-15T00:23:56.973" activeThreads="4">
  <mem-info id="1788" free="160432128" total="267386880" percent="60">
    <mem type="eden" free="608728" total="1048576" percent="58" />
    <arraylet-primitive objects="2" leaves="2" largest="1" />
    <remembered-set count="34848" freebytes="10533888" totalbytes="10673280" percent="98" regionsoverflowed="0" regionsstable="2" regionsrebuilding="0"/>
  </mem-info>
</gc-end>
<cycle-end id="1789" type="partial gc" contextid="1780" timestamp="2019-06-15T00:23:56.973" />
  <attribute name="elasticGC enabled" value="1" />
  <attribute name= "numThreadsSpecified" value="4" />
  <attribute name="heapSize specified" value="0" />
  <attribute name="Current GC Util" value="173" />
  <attribute name= "Current Time Running" value="5009" />
  <attribute name ="GC Interval" value="0" />
  <attribute name="ProportionalT" value="76.500000" />
  <attribute name="ProportionalI" value="76.500000" />
  <attribute name="ProportionalH" value="76.500000" />
  <attribute name="Current Error" value="153.000000" />
  <attribute name="IntegralT" value="306.000000" />
  <attribute name="IntegralI" value="306.000000" />
  <attribute name="IntegralH" value="306.000000" />
  <attribute name="DerivativeT" value="26.750000" />
  <attribute name="DerivativeI" value="26.750000" />
  <attribute name="DerivativeH" value="26.750000" />
  <attribute name="Loop Time for DT" value="2.000000" />
  <attribute name="Output H" value="8388608"/>
  <attribute name="Output I" value="416"/>
  <attribute name="Output T" value="4"/>
  <attribute name="Target GC Util Change" value ="20.000000" />
  <attribute name="Current GC Util Change" value="173.000000"/>
  <attribute name="GC Util currently" value="173" />
  <attribute name="CPU Util currently" value="2011587917315" />
<exclusive-end id="1790" timestamp="2019-06-15T00:23:56.973" durationms="4.992" />

<exclusive-start id="1791" timestamp="2019-06-15T00:23:56.999" intervalms="30.756">
  <response-info timems="0.029" idlems="0.029" threads="0" lastid="0000000001817900" lastname="Thread-8" />
</exclusive-start>
<allocation-taxation id="1792" taxation-threshold="72351744" timestamp="2019-06-15T00:23:56.999" intervalms="30.728" />
<cycle-start id="1793" type="partial gc" contextid="0" timestamp="2019-06-15T00:23:56.999" intervalms="30.729" />
<gc-start id="1794" type="partial gc" contextid="1793" timestamp="2019-06-15T00:23:57.000">
  <mem-info id="1795" free="88080384" total="267386880" percent="32">
    <mem type="eden" free="0" total="72351744" percent="0" />
    <arraylet-primitive objects="2" leaves="2" largest="1" />
    <remembered-set count="34848" freebytes="10533888" totalbytes="10673280" percent="98" regionsoverflowed="0" regionsstable="2" regionsrebuilding="0"/>
  </mem-info>
</gc-start>
<allocation-stats totalBytes="72342080" >
  <allocated-bytes non-tlh="0" tlh="72342080" arrayletleaf="0"/>
  <largest-consumer threadName="Thread-10" threadId="000000000181B500" bytes="21230672" />
</allocation-stats>
<gc-op id="1796" type="copy forward" timems="3.079" contextid="1793" timestamp="2019-06-15T00:23:57.003">
  <memory-copied type="eden" objects="18667" bytes="861752" bytesdiscarded="0" />
  <memory-copied type="other" objects="8340" bytes="337536" bytesdiscarded="0" />
  <memory-cardclean objects="10" bytes="1872" />
  <regions eden="69" other="6" />
  <remembered-set-cleared processed="30153" cleared="1708" durationms="0.437" />
  <stringconstants candidates="4597" cleared="0"  />
</gc-op>
<gc-op id="1797" type="classunload" timems="0.002" contextid="1793" timestamp="2019-06-15T00:23:57.004">
  <classunload-info classloadercandidates="8" classloadersunloaded="0" classesunloaded="0" anonymousclassesunloaded="0" quiescems="0.000" setupms="0.002" scanms="0.000" postms="0.000" />
</gc-op>
<gc-end id="1798" type="partial gc" contextid="1793" durationms="4.110" usertimems="4.000" systemtimems="0.000" timestamp="2019-06-15T00:23:57.004" activeThreads="1">
  <mem-info id="1799" free="163577856" total="267386880" percent="61">
    <mem type="eden" free="186824" total="1048576" percent="17" />
    <arraylet-primitive objects="2" leaves="2" largest="1" />
    <remembered-set count="32192" freebytes="10544512" totalbytes="10673280" percent="98" regionsoverflowed="0" regionsstable="2" regionsrebuilding="0"/>
  </mem-info>
</gc-end>
<cycle-end id="1800" type="partial gc" contextid="1793" timestamp="2019-06-15T00:23:57.004" />
  <attribute name="elasticGC enabled" value="1" />
  <attribute name= "numThreadsSpecified" value="1" />
  <attribute name="heapSize specified" value="0" />
  <attribute name="Current GC Util" value="66" />
  <attribute name= "Current Time Running" value="5037" />
  <attribute name ="GC Interval" value="0" />
  <attribute name="ProportionalT" value="23.000000" />
  <attribute name="ProportionalI" value="23.000000" />
  <attribute name="ProportionalH" value="23.000000" />
  <attribute name="Current Error" value="46.000000" />
  <attribute name="IntegralT" value="0.000000" />
  <attribute name="IntegralI" value="0.000000" />
  <attribute name="IntegralH" value="0.000000" />
  <attribute name="DerivativeT" value="inf" />
  <attribute name="DerivativeI" value="inf" />
  <attribute name="DerivativeH" value="inf" />
  <attribute name="Loop Time for DT" value="0.000000" />
  <attribute name="Output H" value="8388608"/>
  <attribute name="Output I" value="200"/>
  <attribute name="Output T" value="1"/>
  <attribute name="Target GC Util Change" value ="20.000000" />
  <attribute name="Current GC Util Change" value="66.000000"/>
  <attribute name="GC Util currently" value="66" />
  <attribute name="CPU Util currently" value="20309802814159" />
<exclusive-end id="1801" timestamp="2019-06-15T00:23:57.004" durationms="4.975" />

<exclusive-start id="1802" timestamp="2019-06-15T00:23:57.034" intervalms="35.372">
  <response-info timems="0.030" idlems="0.030" threads="0" lastid="0000000001813D00" lastname="Thread-9" />
</exclusive-start>
<allocation-taxation id="1803" taxation-threshold="72351744" timestamp="2019-06-15T00:23:57.035" intervalms="35.458" />
<cycle-start id="1804" type="partial gc" contextid="0" timestamp="2019-06-15T00:23:57.035" intervalms="35.527" />
<gc-start id="1805" type="partial gc" contextid="1804" timestamp="2019-06-15T00:23:57.035">
  <mem-info id="1806" free="91226112" total="267386880" percent="34">
    <mem type="eden" free="0" total="72351744" percent="0" />
    <arraylet-primitive objects="2" leaves="2" largest="1" />
    <remembered-set count="32096" freebytes="10544896" totalbytes="10673280" percent="98" regionsoverflowed="0" regionsstable="2" regionsrebuilding="0"/>
  </mem-info>
</gc-start>
<allocation-stats totalBytes="72342536" >
  <allocated-bytes non-tlh="0" tlh="72342536" arrayletleaf="0"/>
  <largest-consumer threadName="Thread-7" threadId="000000000181F100" bytes="18757536" />
</allocation-stats>
<gc-op id="1807" type="copy forward" timems="2.969" contextid="1804" timestamp="2019-06-15T00:23:57.039">
  <memory-copied type="eden" objects="12795" bytes="584128" bytesdiscarded="0" />
  <memory-copied type="other" objects="10780" bytes="533472" bytesdiscarded="0" />
  <memory-cardclean objects="10" bytes="1872" />
  <regions eden="69" other="3" />
  <remembered-set-cleared processed="28922" cleared="477" durationms="0.453" />
  <stringconstants candidates="4597" cleared="0"  />
</gc-op>
<gc-op id="1808" type="classunload" timems="0.002" contextid="1804" timestamp="2019-06-15T00:23:57.039">
  <classunload-info classloadercandidates="8" classloadersunloaded="0" classesunloaded="0" anonymousclassesunloaded="0" quiescems="0.000" setupms="0.002" scanms="0.000" postms="0.000" />
</gc-op>
<gc-end id="1809" type="partial gc" contextid="1804" durationms="4.089" usertimems="4.000" systemtimems="0.000" timestamp="2019-06-15T00:23:57.039" activeThreads="1">
  <mem-info id="1810" free="164626432" total="267386880" percent="61">
    <mem type="eden" free="464448" total="1048576" percent="44" />
    <arraylet-primitive objects="2" leaves="2" largest="1" />
    <remembered-set count="32192" freebytes="10544512" totalbytes="10673280" percent="98" regionsoverflowed="0" regionsstable="2" regionsrebuilding="0"/>
  </mem-info>
</gc-end>
<cycle-end id="1811" type="partial gc" contextid="1804" timestamp="2019-06-15T00:23:57.039" />
  <attribute name="elasticGC enabled" value="1" />
  <attribute name= "numThreadsSpecified" value="1" />
  <attribute name="heapSize specified" value="0" />
  <attribute name="Current GC Util" value="72" />
  <attribute name= "Current Time Running" value="5073" />
  <attribute name ="GC Interval" value="0" />
  <attribute name="ProportionalT" value="26.000000" />
  <attribute name="ProportionalI" value="26.000000" />
  <attribute name="ProportionalH" value="26.000000" />
  <attribute name="Current Error" value="52.000000" />
  <attribute name="IntegralT" value="0.000000" />
  <attribute name="IntegralI" value="0.000000" />
  <attribute name="IntegralH" value="0.000000" />
  <attribute name="DerivativeT" value="inf" />
  <attribute name="DerivativeI" value="inf" />
  <attribute name="DerivativeH" value="inf" />
  <attribute name="Loop Time for DT" value="0.000000" />
  <attribute name="Output H" value="8388608"/>
  <attribute name="Output I" value="200"/>
  <attribute name="Output T" value="1"/>
  <attribute name="Target GC Util Change" value ="20.000000" />
  <attribute name="Current GC Util Change" value="72.000000"/>
  <attribute name="GC Util currently" value="72" />
  <attribute name="CPU Util currently" value="19087788263018" />
<exclusive-end id="1812" timestamp="2019-06-15T00:23:57.040" durationms="5.161" />

<exclusive-start id="1813" timestamp="2019-06-15T00:23:57.070" intervalms="35.426">
  <response-info timems="0.031" idlems="0.031" threads="0" lastid="000000000181B500" lastname="Thread-10" />
</exclusive-start>
<allocation-taxation id="1814" taxation-threshold="72351744" timestamp="2019-06-15T00:23:57.070" intervalms="35.337" />
<cycle-start id="1815" type="partial gc" contextid="0" timestamp="2019-06-15T00:23:57.070" intervalms="35.261" />
<gc-start id="1816" type="partial gc" contextid="1815" timestamp="2019-06-15T00:23:57.070">
  <mem-info id="1817" free="92274688" total="267386880" percent="34">
    <mem type="eden" free="0" total="72351744" percent="0" />
    <arraylet-primitive objects="2" leaves="2" largest="1" />
    <remembered-set count="31840" freebytes="10545920" totalbytes="10673280" percent="98" regionsoverflowed="0" regionsstable="2" regionsrebuilding="0"/>
  </mem-info>
</gc-start>
<allocation-stats totalBytes="72342400" >
  <allocated-bytes non-tlh="0" tlh="72342400" arrayletleaf="0"/>
  <largest-consumer threadName="Thread-7" threadId="000000000181F100" bytes="19035728" />
</allocation-stats>
<gc-op id="1818" type="copy forward" timems="3.387" contextid="1815" timestamp="2019-06-15T00:23:57.074">
  <memory-copied type="eden" objects="7365" bytes="178176" bytesdiscarded="0" />
  <memory-copied type="other" objects="23202" bytes="1106352" bytesdiscarded="0" />
  <memory-cardclean objects="10" bytes="1872" />
  <regions eden="69" other="4" />
  <remembered-set-cleared processed="28874" cleared="429" durationms="0.430" />
  <stringconstants candidates="4597" cleared="0"  />
</gc-op>
<gc-op id="1819" type="classunload" timems="0.002" contextid="1815" timestamp="2019-06-15T00:23:57.074">
  <classunload-info classloadercandidates="8" classloadersunloaded="0" classesunloaded="0" anonymousclassesunloaded="0" quiescems="0.000" setupms="0.002" scanms="0.000" postms="0.000" />
</gc-op>
<heap-resize id="1820" type="contract" space="default" amount="6291456" count="1" timems="0.077" reason="excess free space following gc" timestamp="2019-06-15T00:23:57.075" />
<gc-end id="1821" type="partial gc" contextid="1815" durationms="4.480" usertimems="4.000" systemtimems="0.000" timestamp="2019-06-15T00:23:57.075" activeThreads="1">
  <mem-info id="1822" free="159383552" total="261095424" percent="61">
    <mem type="eden" free="870400" total="1048576" percent="83" />
    <arraylet-primitive objects="2" leaves="2" largest="1" />
    <remembered-set count="33216" freebytes="10540416" totalbytes="10673280" percent="98" regionsoverflowed="0" regionsstable="2" regionsrebuilding="0"/>
  </mem-info>
</gc-end>
<cycle-end id="1823" type="partial gc" contextid="1815" timestamp="2019-06-15T00:23:57.075" />
  <attribute name="elasticGC enabled" value="1" />
  <attribute name= "numThreadsSpecified" value="1" />
  <attribute name="heapSize specified" value="0" />
  <attribute name="Current GC Util" value="72" />
  <attribute name= "Current Time Running" value="5108" />
  <attribute name ="GC Interval" value="0" />
  <attribute name="ProportionalT" value="26.000000" />
  <attribute name="ProportionalI" value="26.000000" />
  <attribute name="ProportionalH" value="26.000000" />
  <attribute name="Current Error" value="52.000000" />
  <attribute name="IntegralT" value="0.000000" />
  <attribute name="IntegralI" value="0.000000" />
  <attribute name="IntegralH" value="0.000000" />
  <attribute name="DerivativeT" value="inf" />
  <attribute name="DerivativeI" value="inf" />
  <attribute name="DerivativeH" value="inf" />
  <attribute name="Loop Time for DT" value="0.000000" />
  <attribute name="Output H" value="8388608"/>
  <attribute name="Output I" value="200"/>
  <attribute name="Output T" value="1"/>
  <attribute name="Target GC Util Change" value ="20.000000" />
  <attribute name="Current GC Util Change" value="72.000000"/>
  <attribute name="GC Util currently" value="72" />
  <attribute name="CPU Util currently" value="19776941035633" />
<exclusive-end id="1824" timestamp="2019-06-15T00:23:57.075" durationms="5.345" />

<exclusive-start id="1825" timestamp="2019-06-15T00:23:57.104" intervalms="34.215">
  <response-info timems="0.053" idlems="0.053" threads="0" lastid="000000000181B500" lastname="Thread-10" />
</exclusive-start>
<allocation-taxation id="1826" taxation-threshold="71303168" timestamp="2019-06-15T00:23:57.104" intervalms="34.212" />
<cycle-start id="1827" type="partial gc" contextid="0" timestamp="2019-06-15T00:23:57.104" intervalms="34.173" />
<gc-start id="1828" type="partial gc" contextid="1827" timestamp="2019-06-15T00:23:57.105">
  <mem-info id="1829" free="88080384" total="261095424" percent="33">
    <mem type="eden" free="0" total="71303168" percent="0" />
    <arraylet-primitive objects="2" leaves="2" largest="1" />
    <remembered-set count="33120" freebytes="10540800" totalbytes="10673280" percent="98" regionsoverflowed="0" regionsstable="2" regionsrebuilding="0"/>
  </mem-info>
</gc-start>
<allocation-stats totalBytes="71293464" >
  <allocated-bytes non-tlh="0" tlh="71293464" arrayletleaf="0"/>
  <largest-consumer threadName="Thread-10" threadId="000000000181B500" bytes="18183480" />
</allocation-stats>
<gc-op id="1830" type="copy forward" timems="1.961" contextid="1827" timestamp="2019-06-15T00:23:57.108">
  <memory-copied type="eden" objects="18835" bytes="866216" bytesdiscarded="32256" />
  <memory-copied type="other" objects="5848" bytes="277728" bytesdiscarded="26848" />
  <memory-cardclean objects="6115" bytes="295096" />
  <regions eden="68" other="3" />
  <remembered-set-cleared processed="28409" cleared="1995" durationms="0.187" />
  <stringconstants candidates="4597" cleared="0"  />
</gc-op>
<gc-op id="1831" type="classunload" timems="0.003" contextid="1827" timestamp="2019-06-15T00:23:57.108">
  <classunload-info classloadercandidates="8" classloadersunloaded="0" classesunloaded="0" anonymousclassesunloaded="0" quiescems="0.000" setupms="0.002" scanms="0.000" postms="0.000" />
</gc-op>
<gc-end id="1832" type="partial gc" contextid="1827" durationms="3.484" usertimems="4.000" systemtimems="4.000" timestamp="2019-06-15T00:23:57.108" activeThreads="4">
  <mem-info id="1833" free="159383552" total="261095424" percent="61">
    <mem type="eden" free="150104" total="1048576" percent="14" />
    <arraylet-primitive objects="2" leaves="2" largest="1" />
    <remembered-set count="32576" freebytes="10291840" totalbytes="10422144" percent="98" regionsoverflowed="0" regionsstable="2" regionsrebuilding="0"/>
  </mem-info>
</gc-end>
<cycle-end id="1834" type="partial gc" contextid="1827" timestamp="2019-06-15T00:23:57.108" />
  <attribute name="elasticGC enabled" value="1" />
  <attribute name= "numThreadsSpecified" value="4" />
  <attribute name="heapSize specified" value="0" />
  <attribute name="Current GC Util" value="22" />
  <attribute name= "Current Time Running" value="5143" />
  <attribute name ="GC Interval" value="0" />
  <attribute name="ProportionalT" value="1.000000" />
  <attribute name="ProportionalI" value="1.000000" />
  <attribute name="ProportionalH" value="1.000000" />
  <attribute name="Current Error" value="2.000000" />
  <attribute name="IntegralT" value="2.000000" />
  <attribute name="IntegralI" value="2.000000" />
  <attribute name="IntegralH" value="2.000000" />
  <attribute name="DerivativeT" value="1.000000" />
  <attribute name="DerivativeI" value="1.000000" />
  <attribute name="DerivativeH" value="1.000000" />
  <attribute name="Loop Time for DT" value="1.000000" />
  <attribute name="Output H" value="8388608"/>
  <attribute name="Output I" value="200"/>
  <attribute name="Output T" value="4"/>
  <attribute name="Target GC Util Change" value ="20.000000" />
  <attribute name="Current GC Util Change" value="22.000000"/>
  <attribute name="GC Util currently" value="22" />
  <attribute name="CPU Util currently" value="5607042588557" />
<exclusive-end id="1835" timestamp="2019-06-15T00:23:57.108" durationms="4.156" />

<exclusive-start id="1836" timestamp="2019-06-15T00:23:57.139" intervalms="34.408">
  <response-info timems="0.039" idlems="0.039" threads="0" lastid="0000000001817900" lastname="Thread-8" />
</exclusive-start>
<allocation-taxation id="1837" taxation-threshold="71303168" timestamp="2019-06-15T00:23:57.139" intervalms="34.547" />
<cycle-start id="1838" type="partial gc" contextid="0" timestamp="2019-06-15T00:23:57.139" intervalms="34.618" />
<gc-start id="1839" type="partial gc" contextid="1838" timestamp="2019-06-15T00:23:57.139">
  <mem-info id="1840" free="88080384" total="261095424" percent="33">
    <mem type="eden" free="0" total="71303168" percent="0" />
    <arraylet-primitive objects="2" leaves="2" largest="1" />
    <remembered-set count="32256" freebytes="10293120" totalbytes="10422144" percent="98" regionsoverflowed="0" regionsstable="2" regionsrebuilding="0"/>
  </mem-info>
</gc-start>
<allocation-stats totalBytes="71293496" >
  <allocated-bytes non-tlh="0" tlh="71293496" arrayletleaf="0"/>
  <largest-consumer threadName="Thread-7" threadId="000000000181F100" bytes="18409160" />
</allocation-stats>
<gc-op id="1841" type="copy forward" timems="3.376" contextid="1838" timestamp="2019-06-15T00:23:57.143">
  <memory-copied type="eden" objects="4303" bytes="104792" bytesdiscarded="0" />
  <memory-copied type="other" objects="24352" bytes="1133952" bytesdiscarded="0" />
  <memory-cardclean objects="10" bytes="1872" />
  <regions eden="68" other="3" />
  <remembered-set-cleared processed="28613" cleared="486" durationms="0.447" />
  <stringconstants candidates="4597" cleared="0"  />
</gc-op>
<gc-op id="1842" type="classunload" timems="0.002" contextid="1838" timestamp="2019-06-15T00:23:57.143">
  <classunload-info classloadercandidates="8" classloadersunloaded="0" classesunloaded="0" anonymousclassesunloaded="0" quiescems="0.000" setupms="0.002" scanms="0.000" postms="0.000" />
</gc-op>
<gc-op id="1843" type="compact" timems="1.041" contextid="1838" timestamp="2019-06-15T00:23:57.145">
  <compact-info movecount="0" movebytes="0" />
  <remembered-set-cleared processed="58442" cleared="486" durationms="0.447" />
</gc-op>
<gc-end id="1844" type="partial gc" contextid="1838" durationms="5.757" usertimems="4.000" systemtimems="0.000" timestamp="2019-06-15T00:23:57.145" activeThreads="4">
  <mem-info id="1845" free="158334976" total="261095424" percent="60">
    <mem type="eden" free="943784" total="1048576" percent="90" />
    <arraylet-primitive objects="2" leaves="2" largest="1" />
    <remembered-set count="33632" freebytes="10287616" totalbytes="10422144" percent="98" regionsoverflowed="0" regionsstable="2" regionsrebuilding="0"/>
  </mem-info>
</gc-end>
<cycle-end id="1846" type="partial gc" contextid="1838" timestamp="2019-06-15T00:23:57.145" />
  <attribute name="elasticGC enabled" value="1" />
  <attribute name= "numThreadsSpecified" value="4" />
  <attribute name="heapSize specified" value="0" />
  <attribute name="Current GC Util" value="0" />
  <attribute name= "Current Time Running" value="5181" />
  <attribute name ="GC Interval" value="0" />
  <attribute name="ProportionalT" value="-10.000000" />
  <attribute name="ProportionalI" value="-10.000000" />
  <attribute name="ProportionalH" value="-10.000000" />
  <attribute name="Current Error" value="-20.000000" />
  <attribute name="IntegralT" value="-80.000000" />
  <attribute name="IntegralI" value="-80.000000" />
  <attribute name="IntegralH" value="-80.000000" />
  <attribute name="DerivativeT" value="-6.750000" />
  <attribute name="DerivativeI" value="-6.750000" />
  <attribute name="DerivativeH" value="-6.750000" />
  <attribute name="Loop Time for DT" value="4.000000" />
  <attribute name="Output H" value="2091843584"/>
  <attribute name="Output I" value="200"/>
  <attribute name="Output T" value="4"/>
  <attribute name="Target GC Util Change" value ="20.000000" />
  <attribute name="Current GC Util Change" value="0.000000"/>
  <attribute name="GC Util currently" value="0" />
  <attribute name="CPU Util currently" value="1237983998291" />
<exclusive-end id="1847" timestamp="2019-06-15T00:23:57.145" durationms="6.813" />

<exclusive-start id="1848" timestamp="2019-06-15T00:23:57.176" intervalms="37.216">
  <response-info timems="0.035" idlems="0.035" threads="0" lastid="000000000181B500" lastname="Thread-10" />
</exclusive-start>
<allocation-taxation id="1849" taxation-threshold="71303168" timestamp="2019-06-15T00:23:57.176" intervalms="37.078" />
<cycle-start id="1850" type="partial gc" contextid="0" timestamp="2019-06-15T00:23:57.176" intervalms="37.005" />
<gc-start id="1851" type="partial gc" contextid="1850" timestamp="2019-06-15T00:23:57.176">
  <mem-info id="1852" free="87031808" total="261095424" percent="33">
    <mem type="eden" free="0" total="71303168" percent="0" />
    <arraylet-primitive objects="2" leaves="2" largest="1" />
    <remembered-set count="33632" freebytes="10287616" totalbytes="10422144" percent="98" regionsoverflowed="0" regionsstable="2" regionsrebuilding="0"/>
  </mem-info>
</gc-start>
<allocation-stats totalBytes="71293408" >
  <allocated-bytes non-tlh="0" tlh="71293408" arrayletleaf="0"/>
  <largest-consumer threadName="Thread-8" threadId="0000000001817900" bytes="18240856" />
</allocation-stats>
<gc-op id="1853" type="copy forward" timems="1.918" contextid="1850" timestamp="2019-06-15T00:23:57.179">
  <memory-copied type="eden" objects="4234" bytes="103264" bytesdiscarded="2000" />
  <memory-copied type="other" objects="28424" bytes="1231680" bytesdiscarded="40264" />
  <memory-cardclean objects="10" bytes="1872" />
  <regions eden="68" other="4" />
  <remembered-set-cleared processed="28917" cleared="778" durationms="0.188" />
  <stringconstants candidates="4597" cleared="0"  />
</gc-op>
<gc-op id="1854" type="classunload" timems="0.003" contextid="1850" timestamp="2019-06-15T00:23:57.179">
  <classunload-info classloadercandidates="8" classloadersunloaded="0" classesunloaded="0" anonymousclassesunloaded="0" quiescems="0.000" setupms="0.002" scanms="0.000" postms="0.000" />
</gc-op>
<gc-op id="1855" type="compact" timems="0.911" contextid="1850" timestamp="2019-06-15T00:23:57.180">
  <compact-info movecount="0" movebytes="0" />
  <remembered-set-cleared processed="59710" cleared="778" durationms="0.188" />
</gc-op>
<heap-resize id="1856" type="expand" space="default" amount="1048576" count="1" timems="0.049" reason="excessive time being spent in gc" timestamp="2019-06-15T00:23:57.180" />
<gc-end id="1857" type="partial gc" contextid="1850" durationms="3.941" usertimems="4.000" systemtimems="4.000" timestamp="2019-06-15T00:23:57.180" activeThreads="4">
  <mem-info id="1858" free="157286400" total="262144000" percent="60">
    <mem type="eden" free="1991888" total="2097152" percent="94" />
    <arraylet-primitive objects="2" leaves="2" largest="1" />
    <remembered-set count="34240" freebytes="10327040" totalbytes="10464000" percent="98" regionsoverflowed="0" regionsstable="2" regionsrebuilding="0"/>
  </mem-info>
</gc-end>
<cycle-end id="1859" type="partial gc" contextid="1850" timestamp="2019-06-15T00:23:57.180" />
  <attribute name="elasticGC enabled" value="1" />
  <attribute name= "numThreadsSpecified" value="4" />
  <attribute name="heapSize specified" value="0" />
  <attribute name="Current GC Util" value="181" />
  <attribute name= "Current Time Running" value="5216" />
  <attribute name ="GC Interval" value="0" />
  <attribute name="ProportionalT" value="80.500000" />
  <attribute name="ProportionalI" value="80.500000" />
  <attribute name="ProportionalH" value="80.500000" />
  <attribute name="Current Error" value="161.000000" />
  <attribute name="IntegralT" value="322.000000" />
  <attribute name="IntegralI" value="322.000000" />
  <attribute name="IntegralH" value="322.000000" />
  <attribute name="DerivativeT" value="40.250000" />
  <attribute name="DerivativeI" value="40.250000" />
  <attribute name="DerivativeH" value="40.250000" />
  <attribute name="Loop Time for DT" value="2.000000" />
  <attribute name="Output H" value="8388608"/>
  <attribute name="Output I" value="448"/>
  <attribute name="Output T" value="4"/>
  <attribute name="Target GC Util Change" value ="20.000000" />
  <attribute name="Current GC Util Change" value="181.000000"/>
  <attribute name="GC Util currently" value="181" />
  <attribute name="CPU Util currently" value="2132831936404" />
<exclusive-end id="1860" timestamp="2019-06-15T00:23:57.180" durationms="4.663" />

<exclusive-start id="1861" timestamp="2019-06-15T00:23:57.211" intervalms="35.199">
  <response-info timems="0.046" idlems="0.046" threads="0" lastid="000000000181B500" lastname="Thread-10" />
</exclusive-start>
<allocation-taxation id="1862" taxation-threshold="71303168" timestamp="2019-06-15T00:23:57.211" intervalms="35.197" />
<cycle-start id="1863" type="partial gc" contextid="0" timestamp="2019-06-15T00:23:57.211" intervalms="35.198" />
<gc-start id="1864" type="partial gc" contextid="1863" timestamp="2019-06-15T00:23:57.211">
  <mem-info id="1865" free="85983232" total="262144000" percent="32">
    <mem type="eden" free="0" total="71303168" percent="0" />
    <arraylet-primitive objects="2" leaves="2" largest="1" />
    <remembered-set count="34240" freebytes="10327040" totalbytes="10464000" percent="98" regionsoverflowed="0" regionsstable="2" regionsrebuilding="0"/>
  </mem-info>
</gc-start>
<allocation-stats totalBytes="71292920" >
  <allocated-bytes non-tlh="0" tlh="71292920" arrayletleaf="0"/>
  <largest-consumer threadName="Thread-8" threadId="0000000001817900" bytes="18494744" />
</allocation-stats>
<gc-op id="1866" type="copy forward" timems="3.342" contextid="1863" timestamp="2019-06-15T00:23:57.215">
  <memory-copied type="eden" objects="9364" bytes="363920" bytesdiscarded="0" />
  <memory-copied type="other" objects="18406" bytes="716496" bytesdiscarded="0" />
  <memory-cardclean objects="3404" bytes="183792" />
  <regions eden="68" other="5" />
  <remembered-set-cleared processed="29230" cleared="1048" durationms="0.432" />
  <stringconstants candidates="4597" cleared="0"  />
</gc-op>
<gc-op id="1867" type="classunload" timems="0.002" contextid="1863" timestamp="2019-06-15T00:23:57.215">
  <classunload-info classloadercandidates="8" classloadersunloaded="0" classesunloaded="0" anonymousclassesunloaded="0" quiescems="0.000" setupms="0.002" scanms="0.000" postms="0.000" />
</gc-op>
<gc-op id="1868" type="compact" timems="0.993" contextid="1863" timestamp="2019-06-15T00:23:57.217">
  <compact-info movecount="0" movebytes="0" />
  <remembered-set-cleared processed="59985" cleared="1048" durationms="0.432" />
</gc-op>
<gc-end id="1869" type="partial gc" contextid="1863" durationms="5.542" usertimems="4.000" systemtimems="4.000" timestamp="2019-06-15T00:23:57.217" activeThreads="4">
  <mem-info id="1870" free="157286400" total="262144000" percent="60">
    <mem type="eden" free="684656" total="1048576" percent="65" />
    <arraylet-primitive objects="2" leaves="2" largest="1" />
    <remembered-set count="34144" freebytes="10327424" totalbytes="10464000" percent="98" regionsoverflowed="0" regionsstable="2" regionsrebuilding="0"/>
  </mem-info>
</gc-end>
<cycle-end id="1871" type="partial gc" contextid="1863" timestamp="2019-06-15T00:23:57.217" />
  <attribute name="elasticGC enabled" value="1" />
  <attribute name= "numThreadsSpecified" value="4" />
  <attribute name="heapSize specified" value="0" />
  <attribute name="Current GC Util" value="0" />
  <attribute name= "Current Time Running" value="5253" />
  <attribute name ="GC Interval" value="0" />
  <attribute name="ProportionalT" value="-10.000000" />
  <attribute name="ProportionalI" value="-10.000000" />
  <attribute name="ProportionalH" value="-10.000000" />
  <attribute name="Current Error" value="-20.000000" />
  <attribute name="IntegralT" value="-80.000000" />
  <attribute name="IntegralI" value="-80.000000" />
  <attribute name="IntegralH" value="-80.000000" />
  <attribute name="DerivativeT" value="-7.875000" />
  <attribute name="DerivativeI" value="-7.875000" />
  <attribute name="DerivativeH" value="-7.875000" />
  <attribute name="Loop Time for DT" value="4.000000" />
  <attribute name="Output H" value="2091843584"/>
  <attribute name="Output I" value="200"/>
  <attribute name="Output T" value="4"/>
  <attribute name="Target GC Util Change" value ="20.000000" />
  <attribute name="Current GC Util Change" value="0.000000"/>
  <attribute name="GC Util currently" value="0" />
  <attribute name="CPU Util currently" value="1250301886243" />
<exclusive-end id="1872" timestamp="2019-06-15T00:23:57.217" durationms="6.353" />

<exclusive-start id="1873" timestamp="2019-06-15T00:23:57.248" intervalms="37.097">
  <response-info timems="0.029" idlems="0.029" threads="0" lastid="0000000001817900" lastname="Thread-8" />
</exclusive-start>
<allocation-taxation id="1874" taxation-threshold="71303168" timestamp="2019-06-15T00:23:57.248" intervalms="37.106" />
<cycle-start id="1875" type="partial gc" contextid="0" timestamp="2019-06-15T00:23:57.248" intervalms="37.151" />
<gc-start id="1876" type="partial gc" contextid="1875" timestamp="2019-06-15T00:23:57.249">
  <mem-info id="1877" free="85983232" total="262144000" percent="32">
    <mem type="eden" free="0" total="71303168" percent="0" />
    <arraylet-primitive objects="2" leaves="2" largest="1" />
    <remembered-set count="34144" freebytes="10327424" totalbytes="10464000" percent="98" regionsoverflowed="0" regionsstable="2" regionsrebuilding="0"/>
  </mem-info>
</gc-start>
<allocation-stats totalBytes="71293176" >
  <allocated-bytes non-tlh="0" tlh="71293176" arrayletleaf="0"/>
  <largest-consumer threadName="Thread-8" threadId="0000000001817900" bytes="19232352" />
</allocation-stats>
<gc-op id="1878" type="copy forward" timems="3.426" contextid="1875" timestamp="2019-06-15T00:23:57.253">
  <memory-copied type="eden" objects="8824" bytes="350704" bytesdiscarded="0" />
  <memory-copied type="other" objects="21434" bytes="926544" bytesdiscarded="0" />
  <memory-cardclean objects="10" bytes="1872" />
  <regions eden="68" other="5" />
  <remembered-set-cleared processed="29332" cleared="1171" durationms="0.428" />
  <stringconstants candidates="4597" cleared="0"  />
</gc-op>
<gc-op id="1879" type="classunload" timems="0.002" contextid="1875" timestamp="2019-06-15T00:23:57.253">
  <classunload-info classloadercandidates="8" classloadersunloaded="0" classesunloaded="0" anonymousclassesunloaded="0" quiescems="0.000" setupms="0.002" scanms="0.000" postms="0.000" />
</gc-op>
<gc-op id="1880" type="compact" timems="1.064" contextid="1875" timestamp="2019-06-15T00:23:57.254">
  <compact-info movecount="0" movebytes="0" />
  <remembered-set-cleared processed="60024" cleared="1171" durationms="0.428" />
</gc-op>
<heap-resize id="1881" type="expand" space="default" amount="3145728" count="1" timems="0.063" reason="excessive time being spent in gc" timestamp="2019-06-15T00:23:57.254" />
<gc-end id="1882" type="partial gc" contextid="1875" durationms="5.887" usertimems="8.000" systemtimems="0.000" timestamp="2019-06-15T00:23:57.254" activeThreads="4">
  <mem-info id="1883" free="159383552" total="265289728" percent="60">
    <mem type="eden" free="697872" total="1048576" percent="66" />
    <arraylet-primitive objects="2" leaves="2" largest="1" />
    <remembered-set count="33664" freebytes="10454912" totalbytes="10589568" percent="98" regionsoverflowed="0" regionsstable="2" regionsrebuilding="0"/>
  </mem-info>
</gc-end>
<cycle-end id="1884" type="partial gc" contextid="1875" timestamp="2019-06-15T00:23:57.255" />
  <attribute name="elasticGC enabled" value="1" />
  <attribute name= "numThreadsSpecified" value="4" />
  <attribute name="heapSize specified" value="0" />
  <attribute name="Current GC Util" value="0" />
  <attribute name= "Current Time Running" value="5290" />
  <attribute name ="GC Interval" value="0" />
  <attribute name="ProportionalT" value="-10.000000" />
  <attribute name="ProportionalI" value="-10.000000" />
  <attribute name="ProportionalH" value="-10.000000" />
  <attribute name="Current Error" value="-20.000000" />
  <attribute name="IntegralT" value="-80.000000" />
  <attribute name="IntegralI" value="-80.000000" />
  <attribute name="IntegralH" value="-80.000000" />
  <attribute name="DerivativeT" value="-8.375000" />
  <attribute name="DerivativeI" value="-8.375000" />
  <attribute name="DerivativeH" value="-8.375000" />
  <attribute name="Loop Time for DT" value="4.000000" />
  <attribute name="Output H" value="2091843584"/>
  <attribute name="Output I" value="200"/>
  <attribute name="Output T" value="4"/>
  <attribute name="Target GC Util Change" value ="20.000000" />
  <attribute name="Current GC Util Change" value="0.000000"/>
  <attribute name="GC Util currently" value="0" />
  <attribute name="CPU Util currently" value="1226624781945" />
<exclusive-end id="1885" timestamp="2019-06-15T00:23:57.255" durationms="6.697" />

<exclusive-start id="1886" timestamp="2019-06-15T00:23:57.286" intervalms="38.180">
  <response-info timems="0.030" idlems="0.030" threads="0" lastid="0000000001813D00" lastname="Thread-9" />
</exclusive-start>
<allocation-taxation id="1887" taxation-threshold="72351744" timestamp="2019-06-15T00:23:57.286" intervalms="38.214" />
<cycle-start id="1888" type="partial gc" contextid="0" timestamp="2019-06-15T00:23:57.286" intervalms="38.180" />
<gc-start id="1889" type="partial gc" contextid="1888" timestamp="2019-06-15T00:23:57.287">
  <mem-info id="1890" free="87031808" total="265289728" percent="32">
    <mem type="eden" free="0" total="72351744" percent="0" />
    <arraylet-primitive objects="2" leaves="2" largest="1" />
    <remembered-set count="33664" freebytes="10454912" totalbytes="10589568" percent="98" regionsoverflowed="0" regionsstable="2" regionsrebuilding="0"/>
  </mem-info>
</gc-start>
<allocation-stats totalBytes="72341656" >
  <allocated-bytes non-tlh="0" tlh="72341656" arrayletleaf="0"/>
  <largest-consumer threadName="Thread-8" threadId="0000000001817900" bytes="19514704" />
</allocation-stats>
<gc-op id="1891" type="copy forward" timems="2.111" contextid="1888" timestamp="2019-06-15T00:23:57.290">
  <memory-copied type="eden" objects="13630" bytes="466456" bytesdiscarded="46904" />
  <memory-copied type="other" objects="16936" bytes="681216" bytesdiscarded="25208" />
  <memory-cardclean objects="6318" bytes="346272" />
  <regions eden="69" other="3" />
  <remembered-set-cleared processed="29695" cleared="861" durationms="0.203" />
  <stringconstants candidates="4597" cleared="0"  />
</gc-op>
<gc-op id="1892" type="classunload" timems="0.002" contextid="1888" timestamp="2019-06-15T00:23:57.290">
  <classunload-info classloadercandidates="8" classloadersunloaded="0" classesunloaded="0" anonymousclassesunloaded="0" quiescems="0.000" setupms="0.002" scanms="0.000" postms="0.000" />
</gc-op>
<gc-op id="1893" type="compact" timems="0.726" contextid="1888" timestamp="2019-06-15T00:23:57.291">
  <compact-info movecount="0" movebytes="0" />
  <remembered-set-cleared processed="61550" cleared="861" durationms="0.203" />
</gc-op>
<heap-resize id="1894" type="expand" space="default" amount="2097152" count="1" timems="0.060" reason="excessive time being spent in gc" timestamp="2019-06-15T00:23:57.291" />
<gc-end id="1895" type="partial gc" contextid="1888" durationms="4.231" usertimems="8.000" systemtimems="0.000" timestamp="2019-06-15T00:23:57.291" activeThreads="4">
  <mem-info id="1896" free="160432128" total="267386880" percent="60">
    <mem type="eden" free="535216" total="1048576" percent="51" />
    <arraylet-primitive objects="2" leaves="2" largest="1" />
    <remembered-set count="35456" freebytes="10531456" totalbytes="10673280" percent="98" regionsoverflowed="0" regionsstable="2" regionsrebuilding="0"/>
  </mem-info>
</gc-end>
<cycle-end id="1897" type="partial gc" contextid="1888" timestamp="2019-06-15T00:23:57.291" />
  <attribute name="elasticGC enabled" value="1" />
  <attribute name= "numThreadsSpecified" value="4" />
  <attribute name="heapSize specified" value="0" />
  <attribute name="Current GC Util" value="175" />
  <attribute name= "Current Time Running" value="5327" />
  <attribute name ="GC Interval" value="0" />
  <attribute name="ProportionalT" value="77.500000" />
  <attribute name="ProportionalI" value="77.500000" />
  <attribute name="ProportionalH" value="77.500000" />
  <attribute name="Current Error" value="155.000000" />
  <attribute name="IntegralT" value="310.000000" />
  <attribute name="IntegralI" value="310.000000" />
  <attribute name="IntegralH" value="310.000000" />
  <attribute name="DerivativeT" value="28.750000" />
  <attribute name="DerivativeI" value="28.750000" />
  <attribute name="DerivativeH" value="28.750000" />
  <attribute name="Loop Time for DT" value="2.000000" />
  <attribute name="Output H" value="8388608"/>
  <attribute name="Output I" value="416"/>
  <attribute name="Output T" value="4"/>
  <attribute name="Target GC Util Change" value ="20.000000" />
  <attribute name="Current GC Util Change" value="175.000000"/>
  <attribute name="GC Util currently" value="175" />
  <attribute name="CPU Util currently" value="1946134977169" />
<exclusive-end id="1898" timestamp="2019-06-15T00:23:57.291" durationms="5.034" />

<exclusive-start id="1899" timestamp="2019-06-15T00:23:57.320" intervalms="33.412">
  <response-info timems="0.028" idlems="0.028" threads="0" lastid="0000000001813D00" lastname="Thread-9" />
</exclusive-start>
<allocation-taxation id="1900" taxation-threshold="72351744" timestamp="2019-06-15T00:23:57.320" intervalms="33.421" />
<cycle-start id="1901" type="partial gc" contextid="0" timestamp="2019-06-15T00:23:57.320" intervalms="33.416" />
<gc-start id="1902" type="partial gc" contextid="1901" timestamp="2019-06-15T00:23:57.320">
  <mem-info id="1903" free="88080384" total="267386880" percent="32">
    <mem type="eden" free="0" total="72351744" percent="0" />
    <arraylet-primitive objects="2" leaves="2" largest="1" />
    <remembered-set count="34976" freebytes="10533376" totalbytes="10673280" percent="98" regionsoverflowed="0" regionsstable="2" regionsrebuilding="0"/>
  </mem-info>
</gc-start>
<allocation-stats totalBytes="72341856" >
  <allocated-bytes non-tlh="0" tlh="72341856" arrayletleaf="0"/>
  <largest-consumer threadName="Thread-10" threadId="000000000181B500" bytes="18650656" />
</allocation-stats>
<gc-op id="1904" type="copy forward" timems="3.435" contextid="1901" timestamp="2019-06-15T00:23:57.324">
  <memory-copied type="eden" objects="32037" bytes="1319848" bytesdiscarded="32" />
  <memory-copied type="other" objects="0" bytes="0" bytesdiscarded="0" />
  <memory-cardclean objects="10" bytes="1872" />
  <regions eden="69" other="5" />
  <remembered-set-cleared processed="30186" cleared="2011" durationms="0.464" />
  <stringconstants candidates="4597" cleared="0"  />
</gc-op>
<gc-op id="1905" type="classunload" timems="0.003" contextid="1901" timestamp="2019-06-15T00:23:57.324">
  <classunload-info classloadercandidates="8" classloadersunloaded="0" classesunloaded="0" anonymousclassesunloaded="0" quiescems="0.000" setupms="0.002" scanms="0.000" postms="0.000" />
</gc-op>
<gc-op id="1906" type="compact" timems="1.008" contextid="1901" timestamp="2019-06-15T00:23:57.325">
  <compact-info movecount="0" movebytes="0" />
  <remembered-set-cleared processed="59148" cleared="2011" durationms="0.464" />
</gc-op>
<gc-end id="1907" type="partial gc" contextid="1901" durationms="5.607" usertimems="4.000" systemtimems="0.000" timestamp="2019-06-15T00:23:57.326" activeThreads="4">
  <mem-info id="1908" free="163577856" total="267386880" percent="61">
    <mem type="eden" free="777272" total="2097152" percent="37" />
    <arraylet-primitive objects="2" leaves="2" largest="1" />
    <remembered-set count="32384" freebytes="10543744" totalbytes="10673280" percent="98" regionsoverflowed="0" regionsstable="2" regionsrebuilding="0"/>
  </mem-info>
</gc-end>
<cycle-end id="1909" type="partial gc" contextid="1901" timestamp="2019-06-15T00:23:57.326" />
  <attribute name="elasticGC enabled" value="1" />
  <attribute name= "numThreadsSpecified" value="4" />
  <attribute name="heapSize specified" value="0" />
  <attribute name="Current GC Util" value="0" />
  <attribute name= "Current Time Running" value="5362" />
  <attribute name ="GC Interval" value="0" />
  <attribute name="ProportionalT" value="-10.000000" />
  <attribute name="ProportionalI" value="-10.000000" />
  <attribute name="ProportionalH" value="-10.000000" />
  <attribute name="Current Error" value="-20.000000" />
  <attribute name="IntegralT" value="-80.000000" />
  <attribute name="IntegralI" value="-80.000000" />
  <attribute name="IntegralH" value="-80.000000" />
  <attribute name="DerivativeT" value="-9.625000" />
  <attribute name="DerivativeI" value="-9.625000" />
  <attribute name="DerivativeH" value="-9.625000" />
  <attribute name="Loop Time for DT" value="4.000000" />
  <attribute name="Output H" value="2091843584"/>
  <attribute name="Output I" value="200"/>
  <attribute name="Output T" value="4"/>
  <attribute name="Target GC Util Change" value ="20.000000" />
  <attribute name="Current GC Util Change" value="0.000000"/>
  <attribute name="GC Util currently" value="0" />
  <attribute name="CPU Util currently" value="1224920487411" />
<exclusive-end id="1910" timestamp="2019-06-15T00:23:57.326" durationms="6.345" />

<exclusive-start id="1911" timestamp="2019-06-15T00:23:57.352" intervalms="32.492">
  <response-info timems="0.037" idlems="0.037" threads="0" lastid="000000000181B500" lastname="Thread-10" />
</exclusive-start>
<allocation-taxation id="1912" taxation-threshold="72351744" timestamp="2019-06-15T00:23:57.352" intervalms="32.451" />
<cycle-start id="1913" type="partial gc" contextid="0" timestamp="2019-06-15T00:23:57.352" intervalms="32.479" />
<gc-start id="1914" type="partial gc" contextid="1913" timestamp="2019-06-15T00:23:57.353">
  <mem-info id="1915" free="91226112" total="267386880" percent="34">
    <mem type="eden" free="0" total="72351744" percent="0" />
    <arraylet-primitive objects="2" leaves="2" largest="1" />
    <remembered-set count="32384" freebytes="10543744" totalbytes="10673280" percent="98" regionsoverflowed="0" regionsstable="2" regionsrebuilding="0"/>
  </mem-info>
</gc-start>
<allocation-stats totalBytes="72342080" >
  <allocated-bytes non-tlh="0" tlh="72342080" arrayletleaf="0"/>
  <largest-consumer threadName="Thread-8" threadId="0000000001817900" bytes="18355784" />
</allocation-stats>
<gc-op id="1916" type="copy forward" timems="1.720" contextid="1913" timestamp="2019-06-15T00:23:57.355">
  <memory-copied type="eden" objects="25115" bytes="1153816" bytesdiscarded="61008" />
  <memory-copied type="other" objects="0" bytes="0" bytesdiscarded="0" />
  <memory-cardclean objects="10" bytes="1872" />
  <regions eden="69" other="4" />
  <remembered-set-cleared processed="28580" cleared="398" durationms="0.198" />
  <stringconstants candidates="4597" cleared="0"  />
</gc-op>
<gc-op id="1917" type="classunload" timems="0.002" contextid="1913" timestamp="2019-06-15T00:23:57.355">
  <classunload-info classloadercandidates="8" classloadersunloaded="0" classesunloaded="0" anonymousclassesunloaded="0" quiescems="0.000" setupms="0.002" scanms="0.000" postms="0.000" />
</gc-op>
<gc-end id="1918" type="partial gc" contextid="1913" durationms="2.708" usertimems="8.000" systemtimems="0.000" timestamp="2019-06-15T00:23:57.355" activeThreads="4">
  <mem-info id="1919" free="165675008" total="267386880" percent="61">
    <mem type="eden" free="882328" total="2097152" percent="42" />
    <arraylet-primitive objects="2" leaves="2" largest="1" />
    <remembered-set count="33152" freebytes="10540672" totalbytes="10673280" percent="98" regionsoverflowed="0" regionsstable="2" regionsrebuilding="0"/>
  </mem-info>
</gc-end>
<cycle-end id="1920" type="partial gc" contextid="1913" timestamp="2019-06-15T00:23:57.355" />
  <attribute name="elasticGC enabled" value="1" />
  <attribute name= "numThreadsSpecified" value="4" />
  <attribute name="heapSize specified" value="0" />
  <attribute name="Current GC Util" value="60" />
  <attribute name= "Current Time Running" value="5391" />
  <attribute name ="GC Interval" value="0" />
  <attribute name="ProportionalT" value="20.000000" />
  <attribute name="ProportionalI" value="20.000000" />
  <attribute name="ProportionalH" value="20.000000" />
  <attribute name="Current Error" value="40.000000" />
  <attribute name="IntegralT" value="40.000000" />
  <attribute name="IntegralI" value="40.000000" />
  <attribute name="IntegralH" value="40.000000" />
  <attribute name="DerivativeT" value="19.000000" />
  <attribute name="DerivativeI" value="19.000000" />
  <attribute name="DerivativeH" value="19.000000" />
  <attribute name="Loop Time for DT" value="1.000000" />
  <attribute name="Output H" value="8388608"/>
  <attribute name="Output I" value="200"/>
  <attribute name="Output T" value="4"/>
  <attribute name="Target GC Util Change" value ="20.000000" />
  <attribute name="Current GC Util Change" value="60.000000"/>
  <attribute name="GC Util currently" value="60" />
  <attribute name="CPU Util currently" value="18252464741294" />
<exclusive-end id="1921" timestamp="2019-06-15T00:23:57.356" durationms="3.504" />

<exclusive-start id="1922" timestamp="2019-06-15T00:23:57.381" intervalms="29.183">
  <response-info timems="0.028" idlems="0.028" threads="0" lastid="0000000001813D00" lastname="Thread-9" />
</exclusive-start>
<allocation-taxation id="1923" taxation-threshold="72351744" timestamp="2019-06-15T00:23:57.381" intervalms="29.213" />
<cycle-start id="1924" type="partial gc" contextid="0" timestamp="2019-06-15T00:23:57.382" intervalms="29.288" />
<gc-start id="1925" type="partial gc" contextid="1924" timestamp="2019-06-15T00:23:57.382">
  <mem-info id="1926" free="93323264" total="267386880" percent="34">
    <mem type="eden" free="0" total="72351744" percent="0" />
    <arraylet-primitive objects="2" leaves="2" largest="1" />
    <remembered-set count="32736" freebytes="10542336" totalbytes="10673280" percent="98" regionsoverflowed="0" regionsstable="2" regionsrebuilding="0"/>
  </mem-info>
</gc-start>
<allocation-stats totalBytes="72342712" >
  <allocated-bytes non-tlh="0" tlh="72342712" arrayletleaf="0"/>
  <largest-consumer threadName="Thread-9" threadId="0000000001813D00" bytes="18449824" />
</allocation-stats>
<gc-op id="1927" type="copy forward" timems="3.374" contextid="1924" timestamp="2019-06-15T00:23:57.386">
  <memory-copied type="eden" objects="31585" bytes="1308872" bytesdiscarded="8" />
  <memory-copied type="other" objects="0" bytes="0" bytesdiscarded="0" />
  <memory-cardclean objects="10" bytes="1872" />
  <regions eden="69" other="3" />
  <remembered-set-cleared processed="28413" cleared="231" durationms="0.428" />
  <stringconstants candidates="4597" cleared="0"  />
</gc-op>
<gc-op id="1928" type="classunload" timems="0.002" contextid="1924" timestamp="2019-06-15T00:23:57.386">
  <classunload-info classloadercandidates="8" classloadersunloaded="0" classesunloaded="0" anonymousclassesunloaded="0" quiescems="0.000" setupms="0.002" scanms="0.000" postms="0.000" />
</gc-op>
<heap-resize id="1929" type="contract" space="default" amount="8388608" count="1" timems="0.081" reason="excess free space following gc" timestamp="2019-06-15T00:23:57.386" />
<gc-end id="1930" type="partial gc" contextid="1924" durationms="4.529" usertimems="4.000" systemtimems="0.000" timestamp="2019-06-15T00:23:57.386" activeThreads="1">
  <mem-info id="1931" free="158334976" total="258998272" percent="61">
    <mem type="eden" free="788272" total="2097152" percent="37" />
    <arraylet-primitive objects="2" leaves="2" largest="1" />
    <remembered-set count="33376" freebytes="10539776" totalbytes="10673280" percent="98" regionsoverflowed="0" regionsstable="2" regionsrebuilding="0"/>
  </mem-info>
</gc-end>
<cycle-end id="1932" type="partial gc" contextid="1924" timestamp="2019-06-15T00:23:57.387" />
  <attribute name="elasticGC enabled" value="1" />
  <attribute name= "numThreadsSpecified" value="1" />
  <attribute name="heapSize specified" value="0" />
  <attribute name="Current GC Util" value="57" />
  <attribute name= "Current Time Running" value="5420" />
  <attribute name ="GC Interval" value="0" />
  <attribute name="ProportionalT" value="18.500000" />
  <attribute name="ProportionalI" value="18.500000" />
  <attribute name="ProportionalH" value="18.500000" />
  <attribute name="Current Error" value="37.000000" />
  <attribute name="IntegralT" value="0.000000" />
  <attribute name="IntegralI" value="0.000000" />
  <attribute name="IntegralH" value="0.000000" />
  <attribute name="DerivativeT" value="inf" />
  <attribute name="DerivativeI" value="inf" />
  <attribute name="DerivativeH" value="inf" />
  <attribute name="Loop Time for DT" value="0.000000" />
  <attribute name="Output H" value="8388608"/>
  <attribute name="Output I" value="200"/>
  <attribute name="Output T" value="1"/>
  <attribute name="Target GC Util Change" value ="20.000000" />
  <attribute name="Current GC Util Change" value="57.000000"/>
  <attribute name="GC Util currently" value="57" />
  <attribute name="CPU Util currently" value="20023037586406" />
<exclusive-end id="1933" timestamp="2019-06-15T00:23:57.387" durationms="5.492" />

<exclusive-start id="1934" timestamp="2019-06-15T00:23:57.413" intervalms="31.881">
  <response-info timems="0.033" idlems="0.033" threads="0" lastid="000000000181F100" lastname="Thread-7" />
</exclusive-start>
<allocation-taxation id="1935" taxation-threshold="70254592" timestamp="2019-06-15T00:23:57.413" intervalms="31.877" />
<cycle-start id="1936" type="partial gc" contextid="0" timestamp="2019-06-15T00:23:57.413" intervalms="31.813" />
<gc-start id="1937" type="partial gc" contextid="1936" timestamp="2019-06-15T00:23:57.414">
  <mem-info id="1938" free="88080384" total="258998272" percent="34">
    <mem type="eden" free="0" total="70254592" percent="0" />
    <arraylet-primitive objects="2" leaves="2" largest="1" />
    <remembered-set count="33344" freebytes="10539904" totalbytes="10673280" percent="98" regionsoverflowed="0" regionsstable="2" regionsrebuilding="0"/>
  </mem-info>
</gc-start>
<allocation-stats totalBytes="70245304" >
  <allocated-bytes non-tlh="0" tlh="70245304" arrayletleaf="0"/>
  <largest-consumer threadName="Thread-8" threadId="0000000001817900" bytes="17958512" />
</allocation-stats>
<gc-op id="1939" type="copy forward" timems="2.263" contextid="1936" timestamp="2019-06-15T00:23:57.417">
  <memory-copied type="eden" objects="26471" bytes="1186360" bytesdiscarded="42368" />
  <memory-copied type="other" objects="0" bytes="0" bytesdiscarded="0" />
  <memory-cardclean objects="7967" bytes="383952" />
  <regions eden="67" other="2" />
  <remembered-set-cleared processed="27759" cleared="2055" durationms="0.201" />
  <stringconstants candidates="4597" cleared="0"  />
</gc-op>
<gc-op id="1940" type="classunload" timems="0.002" contextid="1936" timestamp="2019-06-15T00:23:57.417">
  <classunload-info classloadercandidates="8" classloadersunloaded="0" classesunloaded="0" anonymousclassesunloaded="0" quiescems="0.000" setupms="0.002" scanms="0.000" postms="0.000" />
</gc-op>
<gc-end id="1941" type="partial gc" contextid="1936" durationms="3.677" usertimems="4.000" systemtimems="0.000" timestamp="2019-06-15T00:23:57.417" activeThreads="4">
  <mem-info id="1942" free="158334976" total="258998272" percent="61">
    <mem type="eden" free="868424" total="2097152" percent="41" />
    <arraylet-primitive objects="2" leaves="2" largest="1" />
    <remembered-set count="32448" freebytes="10208640" totalbytes="10338432" percent="98" regionsoverflowed="0" regionsstable="2" regionsrebuilding="0"/>
  </mem-info>
</gc-end>
<cycle-end id="1943" type="partial gc" contextid="1936" timestamp="2019-06-15T00:23:57.417" />
  <attribute name="elasticGC enabled" value="1" />
  <attribute name= "numThreadsSpecified" value="4" />
  <attribute name="heapSize specified" value="0" />
  <attribute name="Current GC Util" value="25" />
  <attribute name= "Current Time Running" value="5452" />
  <attribute name ="GC Interval" value="0" />
  <attribute name="ProportionalT" value="2.500000" />
  <attribute name="ProportionalI" value="2.500000" />
  <attribute name="ProportionalH" value="2.500000" />
  <attribute name="Current Error" value="5.000000" />
  <attribute name="IntegralT" value="5.000000" />
  <attribute name="IntegralI" value="5.000000" />
  <attribute name="IntegralH" value="5.000000" />
  <attribute name="DerivativeT" value="2.500000" />
  <attribute name="DerivativeI" value="2.500000" />
  <attribute name="DerivativeH" value="2.500000" />
  <attribute name="Loop Time for DT" value="1.000000" />
  <attribute name="Output H" value="8388608"/>
  <attribute name="Output I" value="200"/>
  <attribute name="Output T" value="4"/>
  <attribute name="Target GC Util Change" value ="20.000000" />
  <attribute name="Current GC Util Change" value="25.000000"/>
  <attribute name="GC Util currently" value="25" />
  <attribute name="CPU Util currently" value="5644389060677" />
<exclusive-end id="1944" timestamp="2019-06-15T00:23:57.418" durationms="4.365" />

<exclusive-start id="1945" timestamp="2019-06-15T00:23:57.448" intervalms="34.564">
  <response-info timems="0.033" idlems="0.033" threads="0" lastid="000000000181F100" lastname="Thread-7" />
</exclusive-start>
<allocation-taxation id="1946" taxation-threshold="70254592" timestamp="2019-06-15T00:23:57.448" intervalms="34.560" />
<cycle-start id="1947" type="partial gc" contextid="0" timestamp="2019-06-15T00:23:57.448" intervalms="34.552" />
<gc-start id="1948" type="partial gc" contextid="1947" timestamp="2019-06-15T00:23:57.448">
  <mem-info id="1949" free="88080384" total="258998272" percent="34">
    <mem type="eden" free="0" total="70254592" percent="0" />
    <arraylet-primitive objects="2" leaves="2" largest="1" />
    <remembered-set count="32000" freebytes="10210432" totalbytes="10338432" percent="98" regionsoverflowed="0" regionsstable="2" regionsrebuilding="0"/>
  </mem-info>
</gc-start>
<allocation-stats totalBytes="70245136" >
  <allocated-bytes non-tlh="0" tlh="70245136" arrayletleaf="0"/>
  <largest-consumer threadName="Thread-9" threadId="0000000001813D00" bytes="18015928" />
</allocation-stats>
<gc-op id="1950" type="copy forward" timems="1.708" contextid="1947" timestamp="2019-06-15T00:23:57.450">
  <memory-copied type="eden" objects="23459" bytes="1113880" bytesdiscarded="46568" />
  <memory-copied type="other" objects="0" bytes="0" bytesdiscarded="0" />
  <memory-cardclean objects="10" bytes="1872" />
  <regions eden="67" other="2" />
  <remembered-set-cleared processed="28390" cleared="254" durationms="0.181" />
  <stringconstants candidates="4597" cleared="0"  />
</gc-op>
<gc-op id="1951" type="classunload" timems="0.002" contextid="1947" timestamp="2019-06-15T00:23:57.450">
  <classunload-info classloadercandidates="8" classloadersunloaded="0" classesunloaded="0" anonymousclassesunloaded="0" quiescems="0.000" setupms="0.002" scanms="0.000" postms="0.000" />
</gc-op>
<gc-op id="1952" type="compact" timems="0.939" contextid="1947" timestamp="2019-06-15T00:23:57.452">
  <compact-info movecount="0" movebytes="0" />
  <remembered-set-cleared processed="57046" cleared="254" durationms="0.181" />
</gc-op>
<gc-end id="1953" type="partial gc" contextid="1947" durationms="3.606" usertimems="4.000" systemtimems="0.000" timestamp="2019-06-15T00:23:57.452" activeThreads="4">
  <mem-info id="1954" free="158334976" total="258998272" percent="61">
    <mem type="eden" free="936704" total="2097152" percent="44" />
    <arraylet-primitive objects="2" leaves="2" largest="1" />
    <remembered-set count="32736" freebytes="10207488" totalbytes="10338432" percent="98" regionsoverflowed="0" regionsstable="2" regionsrebuilding="0"/>
  </mem-info>
</gc-end>
<cycle-end id="1955" type="partial gc" contextid="1947" timestamp="2019-06-15T00:23:57.452" />
  <attribute name="elasticGC enabled" value="1" />
  <attribute name= "numThreadsSpecified" value="4" />
  <attribute name="heapSize specified" value="0" />
  <attribute name="Current GC Util" value="163" />
  <attribute name= "Current Time Running" value="5488" />
  <attribute name ="GC Interval" value="0" />
  <attribute name="ProportionalT" value="71.500000" />
  <attribute name="ProportionalI" value="71.500000" />
  <attribute name="ProportionalH" value="71.500000" />
  <attribute name="Current Error" value="143.000000" />
  <attribute name="IntegralT" value="286.000000" />
  <attribute name="IntegralI" value="286.000000" />
  <attribute name="IntegralH" value="286.000000" />
  <attribute name="DerivativeT" value="35.750000" />
  <attribute name="DerivativeI" value="35.750000" />
  <attribute name="DerivativeH" value="35.750000" />
  <attribute name="Loop Time for DT" value="2.000000" />
  <attribute name="Output H" value="8388608"/>
  <attribute name="Output I" value="400"/>
  <attribute name="Output T" value="4"/>
  <attribute name="Target GC Util Change" value ="20.000000" />
  <attribute name="Current GC Util Change" value="163.000000"/>
  <attribute name="GC Util currently" value="163" />
  <attribute name="CPU Util currently" value="2360179038574" />
<exclusive-end id="1956" timestamp="2019-06-15T00:23:57.452" durationms="4.286" />

<exclusive-start id="1957" timestamp="2019-06-15T00:23:57.486" intervalms="38.193">
  <response-info timems="0.029" idlems="0.029" threads="0" lastid="0000000001813D00" lastname="Thread-9" />
</exclusive-start>
<allocation-taxation id="1958" taxation-threshold="70254592" timestamp="2019-06-15T00:23:57.486" intervalms="38.207" />
<cycle-start id="1959" type="partial gc" contextid="0" timestamp="2019-06-15T00:23:57.486" intervalms="38.225" />
<gc-start id="1960" type="partial gc" contextid="1959" timestamp="2019-06-15T00:23:57.486">
  <mem-info id="1961" free="88080384" total="258998272" percent="34">
    <mem type="eden" free="0" total="70254592" percent="0" />
    <arraylet-primitive objects="2" leaves="2" largest="1" />
    <remembered-set count="32736" freebytes="10207488" totalbytes="10338432" percent="98" regionsoverflowed="0" regionsstable="2" regionsrebuilding="0"/>
  </mem-info>
</gc-start>
<allocation-stats totalBytes="70244888" >
  <allocated-bytes non-tlh="0" tlh="70244888" arrayletleaf="0"/>
  <largest-consumer threadName="Thread-10" threadId="000000000181B500" bytes="21628040" />
</allocation-stats>
<gc-op id="1962" type="copy forward" timems="3.011" contextid="1959" timestamp="2019-06-15T00:23:57.490">
  <memory-copied type="eden" objects="16159" bytes="663896" bytesdiscarded="0" />
  <memory-copied type="other" objects="10157" bytes="518520" bytesdiscarded="0" />
  <memory-cardclean objects="10" bytes="1872" />
  <regions eden="67" other="2" />
  <remembered-set-cleared processed="28367" cleared="219" durationms="0.426" />
  <stringconstants candidates="4597" cleared="0"  />
</gc-op>
<gc-op id="1963" type="classunload" timems="0.002" contextid="1959" timestamp="2019-06-15T00:23:57.490">
  <classunload-info classloadercandidates="8" classloadersunloaded="0" classesunloaded="0" anonymousclassesunloaded="0" quiescems="0.000" setupms="0.002" scanms="0.000" postms="0.000" />
</gc-op>
<gc-op id="1964" type="compact" timems="1.018" contextid="1959" timestamp="2019-06-15T00:23:57.491">
  <compact-info movecount="0" movebytes="0" />
  <remembered-set-cleared processed="57250" cleared="219" durationms="0.426" />
</gc-op>
<gc-end id="1965" type="partial gc" contextid="1959" durationms="4.968" usertimems="8.000" systemtimems="0.000" timestamp="2019-06-15T00:23:57.491" activeThreads="4">
  <mem-info id="1966" free="158334976" total="258998272" percent="61">
    <mem type="eden" free="384680" total="1048576" percent="36" />
    <arraylet-primitive objects="2" leaves="2" largest="1" />
    <remembered-set count="33536" freebytes="10204288" totalbytes="10338432" percent="98" regionsoverflowed="0" regionsstable="2" regionsrebuilding="0"/>
  </mem-info>
</gc-end>
<cycle-end id="1967" type="partial gc" contextid="1959" timestamp="2019-06-15T00:23:57.492" />
  <attribute name="elasticGC enabled" value="1" />
  <attribute name= "numThreadsSpecified" value="4" />
  <attribute name="heapSize specified" value="0" />
  <attribute name="Current GC Util" value="0" />
  <attribute name= "Current Time Running" value="5527" />
  <attribute name ="GC Interval" value="0" />
  <attribute name="ProportionalT" value="-10.000000" />
  <attribute name="ProportionalI" value="-10.000000" />
  <attribute name="ProportionalH" value="-10.000000" />
  <attribute name="Current Error" value="-20.000000" />
  <attribute name="IntegralT" value="-60.000000" />
  <attribute name="IntegralI" value="-60.000000" />
  <attribute name="IntegralH" value="-60.000000" />
  <attribute name="DerivativeT" value="-13.500000" />
  <attribute name="DerivativeI" value="-13.500000" />
  <attribute name="DerivativeH" value="-13.500000" />
  <attribute name="Loop Time for DT" value="3.000000" />
  <attribute name="Output H" value="2091843584"/>
  <attribute name="Output I" value="200"/>
  <attribute name="Output T" value="4"/>
  <attribute name="Target GC Util Change" value ="20.000000" />
  <attribute name="Current GC Util Change" value="0.000000"/>
  <attribute name="GC Util currently" value="0" />
  <attribute name="CPU Util currently" value="1425349645010" />
<exclusive-end id="1968" timestamp="2019-06-15T00:23:57.492" durationms="5.798" />

<exclusive-start id="1969" timestamp="2019-06-15T00:23:57.524" intervalms="37.857">
  <response-info timems="0.060" idlems="0.060" threads="0" lastid="000000000181F100" lastname="Thread-7" />
</exclusive-start>
<allocation-taxation id="1970" taxation-threshold="70254592" timestamp="2019-06-15T00:23:57.524" intervalms="37.821" />
<cycle-start id="1971" type="partial gc" contextid="0" timestamp="2019-06-15T00:23:57.524" intervalms="37.810" />
<gc-start id="1972" type="partial gc" contextid="1971" timestamp="2019-06-15T00:23:57.524">
  <mem-info id="1973" free="88080384" total="258998272" percent="34">
    <mem type="eden" free="0" total="70254592" percent="0" />
    <arraylet-primitive objects="2" leaves="2" largest="1" />
    <remembered-set count="33056" freebytes="10206208" totalbytes="10338432" percent="98" regionsoverflowed="0" regionsstable="2" regionsrebuilding="0"/>
  </mem-info>
</gc-start>
<allocation-stats totalBytes="70245104" >
  <allocated-bytes non-tlh="0" tlh="70245104" arrayletleaf="0"/>
  <largest-consumer threadName="Thread-10" threadId="000000000181B500" bytes="21132576" />
</allocation-stats>
<gc-op id="1974" type="copy forward" timems="3.269" contextid="1971" timestamp="2019-06-15T00:23:57.528">
  <memory-copied type="eden" objects="17967" bytes="707544" bytesdiscarded="0" />
  <memory-copied type="other" objects="11811" bytes="558216" bytesdiscarded="0" />
  <memory-cardclean objects="10" bytes="1872" />
  <regions eden="67" other="2" />
  <remembered-set-cleared processed="28601" cleared="440" durationms="0.429" />
  <stringconstants candidates="4597" cleared="0"  />
</gc-op>
<gc-op id="1975" type="classunload" timems="0.002" contextid="1971" timestamp="2019-06-15T00:23:57.528">
  <classunload-info classloadercandidates="8" classloadersunloaded="0" classesunloaded="0" anonymousclassesunloaded="0" quiescems="0.000" setupms="0.002" scanms="0.000" postms="0.000" />
</gc-op>
<gc-op id="1976" type="compact" timems="1.012" contextid="1971" timestamp="2019-06-15T00:23:57.530">
  <compact-info movecount="0" movebytes="0" />
  <remembered-set-cleared processed="57967" cleared="440" durationms="0.429" />
</gc-op>
<gc-end id="1977" type="partial gc" contextid="1971" durationms="5.517" usertimems="0.000" systemtimems="4.000" timestamp="2019-06-15T00:23:57.530" activeThreads="4">
  <mem-info id="1978" free="157286400" total="258998272" percent="60">
    <mem type="eden" free="341032" total="1048576" percent="32" />
    <arraylet-primitive objects="2" leaves="2" largest="1" />
    <remembered-set count="32576" freebytes="10208128" totalbytes="10338432" percent="98" regionsoverflowed="0" regionsstable="2" regionsrebuilding="0"/>
  </mem-info>
</gc-end>
<cycle-end id="1979" type="partial gc" contextid="1971" timestamp="2019-06-15T00:23:57.530" />
  <attribute name="elasticGC enabled" value="1" />
  <attribute name= "numThreadsSpecified" value="4" />
  <attribute name="heapSize specified" value="0" />
  <attribute name="Current GC Util" value="0" />
  <attribute name= "Current Time Running" value="5566" />
  <attribute name ="GC Interval" value="0" />
  <attribute name="ProportionalT" value="-10.000000" />
  <attribute name="ProportionalI" value="-10.000000" />
  <attribute name="ProportionalH" value="-10.000000" />
  <attribute name="Current Error" value="-20.000000" />
  <attribute name="IntegralT" value="-80.000000" />
  <attribute name="IntegralI" value="-80.000000" />
  <attribute name="IntegralH" value="-80.000000" />
  <attribute name="DerivativeT" value="-9.125000" />
  <attribute name="DerivativeI" value="-9.125000" />
  <attribute name="DerivativeH" value="-9.125000" />
  <attribute name="Loop Time for DT" value="4.000000" />
  <attribute name="Output H" value="2091843584"/>
  <attribute name="Output I" value="200"/>
  <attribute name="Output T" value="4"/>
  <attribute name="Target GC Util Change" value ="20.000000" />
  <attribute name="Current GC Util Change" value="0.000000"/>
  <attribute name="GC Util currently" value="0" />
  <attribute name="CPU Util currently" value="1281232799135" />
<exclusive-end id="1980" timestamp="2019-06-15T00:23:57.530" durationms="6.333" />

<exclusive-start id="1981" timestamp="2019-06-15T00:23:57.560" intervalms="36.667">
  <response-info timems="0.040" idlems="0.040" threads="0" lastid="0000000001813D00" lastname="Thread-9" />
</exclusive-start>
<allocation-taxation id="1982" taxation-threshold="70254592" timestamp="2019-06-15T00:23:57.561" intervalms="36.692" />
<cycle-start id="1983" type="partial gc" contextid="0" timestamp="2019-06-15T00:23:57.561" intervalms="36.713" />
<gc-start id="1984" type="partial gc" contextid="1983" timestamp="2019-06-15T00:23:57.561">
  <mem-info id="1985" free="87031808" total="258998272" percent="33">
    <mem type="eden" free="0" total="70254592" percent="0" />
    <arraylet-primitive objects="2" leaves="2" largest="1" />
    <remembered-set count="32576" freebytes="10208128" totalbytes="10338432" percent="98" regionsoverflowed="0" regionsstable="2" regionsrebuilding="0"/>
  </mem-info>
</gc-start>
<allocation-stats totalBytes="70244880" >
  <allocated-bytes non-tlh="0" tlh="70244880" arrayletleaf="0"/>
  <largest-consumer threadName="Thread-10" threadId="000000000181B500" bytes="20939944" />
</allocation-stats>
<gc-op id="1986" type="copy forward" timems="3.319" contextid="1983" timestamp="2019-06-15T00:23:57.565">
  <memory-copied type="eden" objects="15730" bytes="653088" bytesdiscarded="0" />
  <memory-copied type="other" objects="13564" bytes="600288" bytesdiscarded="0" />
  <memory-cardclean objects="10" bytes="1872" />
  <regions eden="67" other="3" />
  <remembered-set-cleared processed="28770" cleared="601" durationms="0.450" />
  <stringconstants candidates="4597" cleared="0"  />
</gc-op>
<gc-op id="1987" type="classunload" timems="0.003" contextid="1983" timestamp="2019-06-15T00:23:57.565">
  <classunload-info classloadercandidates="8" classloadersunloaded="0" classesunloaded="0" anonymousclassesunloaded="0" quiescems="0.000" setupms="0.002" scanms="0.000" postms="0.000" />
</gc-op>
<gc-op id="1988" type="compact" timems="0.964" contextid="1983" timestamp="2019-06-15T00:23:57.566">
  <compact-info movecount="0" movebytes="0" />
  <remembered-set-cleared processed="58562" cleared="601" durationms="0.450" />
</gc-op>
<gc-end id="1989" type="partial gc" contextid="1983" durationms="5.622" usertimems="4.000" systemtimems="0.000" timestamp="2019-06-15T00:23:57.567" activeThreads="4">
  <mem-info id="1990" free="156237824" total="258998272" percent="60">
    <mem type="eden" free="395488" total="1048576" percent="37" />
    <arraylet-primitive objects="2" leaves="2" largest="1" />
    <remembered-set count="33024" freebytes="10206336" totalbytes="10338432" percent="98" regionsoverflowed="0" regionsstable="2" regionsrebuilding="0"/>
  </mem-info>
</gc-end>
<cycle-end id="1991" type="partial gc" contextid="1983" timestamp="2019-06-15T00:23:57.567" />
  <attribute name="elasticGC enabled" value="1" />
  <attribute name= "numThreadsSpecified" value="4" />
  <attribute name="heapSize specified" value="0" />
  <attribute name="Current GC Util" value="0" />
  <attribute name= "Current Time Running" value="5603" />
  <attribute name ="GC Interval" value="0" />
  <attribute name="ProportionalT" value="-10.000000" />
  <attribute name="ProportionalI" value="-10.000000" />
  <attribute name="ProportionalH" value="-10.000000" />
  <attribute name="Current Error" value="-20.000000" />
  <attribute name="IntegralT" value="-80.000000" />
  <attribute name="IntegralI" value="-80.000000" />
  <attribute name="IntegralH" value="-80.000000" />
  <attribute name="DerivativeT" value="-7.125000" />
  <attribute name="DerivativeI" value="-7.125000" />
  <attribute name="DerivativeH" value="-7.125000" />
  <attribute name="Loop Time for DT" value="4.000000" />
  <attribute name="Output H" value="2091843584"/>
  <attribute name="Output I" value="200"/>
  <attribute name="Output T" value="4"/>
  <attribute name="Target GC Util Change" value ="20.000000" />
  <attribute name="Current GC Util Change" value="0.000000"/>
  <attribute name="GC Util currently" value="0" />
  <attribute name="CPU Util currently" value="1250349683425" />
<exclusive-end id="1992" timestamp="2019-06-15T00:23:57.567" durationms="6.495" />

<exclusive-start id="1993" timestamp="2019-06-15T00:23:57.594" intervalms="33.421">
  <response-info timems="0.041" idlems="0.041" threads="0" lastid="000000000181F100" lastname="Thread-7" />
</exclusive-start>
<allocation-taxation id="1994" taxation-threshold="70254592" timestamp="2019-06-15T00:23:57.594" intervalms="33.425" />
<cycle-start id="1995" type="partial gc" contextid="0" timestamp="2019-06-15T00:23:57.594" intervalms="33.392" />
<gc-start id="1996" type="partial gc" contextid="1995" timestamp="2019-06-15T00:23:57.594">
  <mem-info id="1997" free="85983232" total="258998272" percent="33">
    <mem type="eden" free="0" total="70254592" percent="0" />
    <arraylet-primitive objects="2" leaves="2" largest="1" />
    <remembered-set count="33024" freebytes="10206336" totalbytes="10338432" percent="98" regionsoverflowed="0" regionsstable="2" regionsrebuilding="0"/>
  </mem-info>
</gc-start>
<allocation-stats totalBytes="70244736" >
  <allocated-bytes non-tlh="0" tlh="70244736" arrayletleaf="0"/>
  <largest-consumer threadName="Thread-8" threadId="0000000001817900" bytes="19813568" />
</allocation-stats>
<gc-op id="1998" type="copy forward" timems="3.503" contextid="1995" timestamp="2019-06-15T00:23:57.599">
  <memory-copied type="eden" objects="17465" bytes="695304" bytesdiscarded="0" />
  <memory-copied type="other" objects="10598" bytes="391728" bytesdiscarded="0" />
  <memory-cardclean objects="7680" bytes="411768" />
  <regions eden="67" other="3" />
  <remembered-set-cleared processed="28867" cleared="676" durationms="0.432" />
  <stringconstants candidates="4597" cleared="0"  />
</gc-op>
<gc-op id="1999" type="classunload" timems="0.002" contextid="1995" timestamp="2019-06-15T00:23:57.599">
  <classunload-info classloadercandidates="8" classloadersunloaded="0" classesunloaded="0" anonymousclassesunloaded="0" quiescems="0.000" setupms="0.002" scanms="0.000" postms="0.000" />
</gc-op>
<gc-op id="2000" type="compact" timems="0.995" contextid="1995" timestamp="2019-06-15T00:23:57.600">
  <compact-info movecount="0" movebytes="0" />
  <remembered-set-cleared processed="59497" cleared="676" durationms="0.432" />
</gc-op>
<heap-resize id="2001" type="expand" space="default" amount="1048576" count="1" timems="0.058" reason="excessive time being spent in gc" timestamp="2019-06-15T00:23:57.600" />
<gc-end id="2002" type="partial gc" contextid="1995" durationms="5.798" usertimems="4.000" systemtimems="4.000" timestamp="2019-06-15T00:23:57.600" activeThreads="4">
  <mem-info id="2003" free="156237824" total="260046848" percent="60">
    <mem type="eden" free="353272" total="1048576" percent="33" />
    <arraylet-primitive objects="2" leaves="2" largest="1" />
    <remembered-set count="33888" freebytes="10244736" totalbytes="10380288" percent="98" regionsoverflowed="0" regionsstable="2" regionsrebuilding="0"/>
  </mem-info>
</gc-end>
<cycle-end id="2004" type="partial gc" contextid="1995" timestamp="2019-06-15T00:23:57.600" />
  <attribute name="elasticGC enabled" value="1" />
  <attribute name= "numThreadsSpecified" value="4" />
  <attribute name="heapSize specified" value="0" />
  <attribute name="Current GC Util" value="0" />
  <attribute name= "Current Time Running" value="5636" />
  <attribute name ="GC Interval" value="0" />
  <attribute name="ProportionalT" value="-10.000000" />
  <attribute name="ProportionalI" value="-10.000000" />
  <attribute name="ProportionalH" value="-10.000000" />
  <attribute name="Current Error" value="-20.000000" />
  <attribute name="IntegralT" value="-80.000000" />
  <attribute name="IntegralI" value="-80.000000" />
  <attribute name="IntegralH" value="-80.000000" />
  <attribute name="DerivativeT" value="-7.375000" />
  <attribute name="DerivativeI" value="-7.375000" />
  <attribute name="DerivativeH" value="-7.375000" />
  <attribute name="Loop Time for DT" value="4.000000" />
  <attribute name="Output H" value="2091843584"/>
  <attribute name="Output I" value="200"/>
  <attribute name="Output T" value="4"/>
  <attribute name="Target GC Util Change" value ="20.000000" />
  <attribute name="Current GC Util Change" value="0.000000"/>
  <attribute name="GC Util currently" value="0" />
  <attribute name="CPU Util currently" value="1201662428400" />
<exclusive-end id="2005" timestamp="2019-06-15T00:23:57.600" durationms="6.533" />

<exclusive-start id="2006" timestamp="2019-06-15T00:23:57.630" intervalms="36.216">
  <response-info timems="0.039" idlems="0.039" threads="0" lastid="0000000001817900" lastname="Thread-8" />
</exclusive-start>
<allocation-taxation id="2007" taxation-threshold="71303168" timestamp="2019-06-15T00:23:57.630" intervalms="36.270" />
<cycle-start id="2008" type="partial gc" contextid="0" timestamp="2019-06-15T00:23:57.630" intervalms="36.290" />
<gc-start id="2009" type="partial gc" contextid="2008" timestamp="2019-06-15T00:23:57.631">
  <mem-info id="2010" free="84934656" total="260046848" percent="32">
    <mem type="eden" free="0" total="71303168" percent="0" />
    <arraylet-primitive objects="2" leaves="2" largest="1" />
    <remembered-set count="33888" freebytes="10244736" totalbytes="10380288" percent="98" regionsoverflowed="0" regionsstable="2" regionsrebuilding="0"/>
  </mem-info>
</gc-start>
<allocation-stats totalBytes="71292984" >
  <allocated-bytes non-tlh="0" tlh="71292984" arrayletleaf="0"/>
  <largest-consumer threadName="Thread-8" threadId="0000000001817900" bytes="21255096" />
</allocation-stats>
<gc-op id="2011" type="copy forward" timems="1.932" contextid="2008" timestamp="2019-06-15T00:23:57.633">
  <memory-copied type="eden" objects="21000" bytes="917616" bytesdiscarded="47440" />
  <memory-copied type="other" objects="7732" bytes="322944" bytesdiscarded="18520" />
  <memory-cardclean objects="10" bytes="1872" />
  <regions eden="68" other="5" />
  <remembered-set-cleared processed="29124" cleared="939" durationms="0.197" />
  <stringconstants candidates="4597" cleared="0"  />
</gc-op>
<gc-op id="2012" type="classunload" timems="0.002" contextid="2008" timestamp="2019-06-15T00:23:57.633">
  <classunload-info classloadercandidates="8" classloadersunloaded="0" classesunloaded="0" anonymousclassesunloaded="0" quiescems="0.000" setupms="0.002" scanms="0.000" postms="0.000" />
</gc-op>
<gc-op id="2013" type="compact" timems="0.873" contextid="2008" timestamp="2019-06-15T00:23:57.634">
  <compact-info movecount="0" movebytes="0" />
  <remembered-set-cleared processed="58400" cleared="939" durationms="0.197" />
</gc-op>
<gc-end id="2014" type="partial gc" contextid="2008" durationms="3.931" usertimems="8.000" systemtimems="0.000" timestamp="2019-06-15T00:23:57.635" activeThreads="4">
  <mem-info id="2015" free="157286400" total="260046848" percent="60">
    <mem type="eden" free="1132096" total="2097152" percent="53" />
    <arraylet-primitive objects="2" leaves="2" largest="1" />
    <remembered-set count="32992" freebytes="10248320" totalbytes="10380288" percent="98" regionsoverflowed="0" regionsstable="2" regionsrebuilding="0"/>
  </mem-info>
</gc-end>
<cycle-end id="2016" type="partial gc" contextid="2008" timestamp="2019-06-15T00:23:57.635" />
  <attribute name="elasticGC enabled" value="1" />
  <attribute name= "numThreadsSpecified" value="4" />
  <attribute name="heapSize specified" value="0" />
  <attribute name="Current GC Util" value="166" />
  <attribute name= "Current Time Running" value="5671" />
  <attribute name ="GC Interval" value="0" />
  <attribute name="ProportionalT" value="73.000000" />
  <attribute name="ProportionalI" value="73.000000" />
  <attribute name="ProportionalH" value="73.000000" />
  <attribute name="Current Error" value="146.000000" />
  <attribute name="IntegralT" value="292.000000" />
  <attribute name="IntegralI" value="292.000000" />
  <attribute name="IntegralH" value="292.000000" />
  <attribute name="DerivativeT" value="36.500000" />
  <attribute name="DerivativeI" value="36.500000" />
  <attribute name="DerivativeH" value="36.500000" />
  <attribute name="Loop Time for DT" value="2.000000" />
  <attribute name="Output H" value="8388608"/>
  <attribute name="Output I" value="408"/>
  <attribute name="Output T" value="4"/>
  <attribute name="Target GC Util Change" value ="20.000000" />
  <attribute name="Current GC Util Change" value="166.000000"/>
  <attribute name="GC Util currently" value="166" />
  <attribute name="CPU Util currently" value="2092036832198" />
<exclusive-end id="2017" timestamp="2019-06-15T00:23:57.635" durationms="4.876" />

<exclusive-start id="2018" timestamp="2019-06-15T00:23:57.664" intervalms="34.327">
  <response-info timems="0.030" idlems="0.030" threads="0" lastid="0000000001817900" lastname="Thread-8" />
</exclusive-start>
<allocation-taxation id="2019" taxation-threshold="71303168" timestamp="2019-06-15T00:23:57.665" intervalms="34.259" />
<cycle-start id="2020" type="partial gc" contextid="0" timestamp="2019-06-15T00:23:57.665" intervalms="34.267" />
<gc-start id="2021" type="partial gc" contextid="2020" timestamp="2019-06-15T00:23:57.665">
  <mem-info id="2022" free="85983232" total="260046848" percent="33">
    <mem type="eden" free="0" total="71303168" percent="0" />
    <arraylet-primitive objects="2" leaves="2" largest="1" />
    <remembered-set count="32992" freebytes="10248320" totalbytes="10380288" percent="98" regionsoverflowed="0" regionsstable="2" regionsrebuilding="0"/>
  </mem-info>
</gc-start>
<allocation-stats totalBytes="71292848" >
  <allocated-bytes non-tlh="0" tlh="71292848" arrayletleaf="0"/>
  <largest-consumer threadName="Thread-8" threadId="0000000001817900" bytes="19711032" />
</allocation-stats>
<gc-op id="2023" type="copy forward" timems="3.243" contextid="2020" timestamp="2019-06-15T00:23:57.669">
  <memory-copied type="eden" objects="16926" bytes="681824" bytesdiscarded="0" />
  <memory-copied type="other" objects="10939" bytes="537288" bytesdiscarded="0" />
  <memory-cardclean objects="10" bytes="1872" />
  <regions eden="68" other="4" />
  <remembered-set-cleared processed="28660" cleared="463" durationms="0.455" />
  <stringconstants candidates="4597" cleared="0"  />
</gc-op>
<gc-op id="2024" type="classunload" timems="0.002" contextid="2020" timestamp="2019-06-15T00:23:57.669">
  <classunload-info classloadercandidates="8" classloadersunloaded="0" classesunloaded="0" anonymousclassesunloaded="0" quiescems="0.000" setupms="0.002" scanms="0.000" postms="0.000" />
</gc-op>
<gc-end id="2025" type="partial gc" contextid="2020" durationms="4.260" usertimems="4.000" systemtimems="0.000" timestamp="2019-06-15T00:23:57.669" activeThreads="1">
  <mem-info id="2026" free="159383552" total="260046848" percent="61">
    <mem type="eden" free="366752" total="1048576" percent="34" />
    <arraylet-primitive objects="2" leaves="2" largest="1" />
    <remembered-set count="33408" freebytes="10246656" totalbytes="10380288" percent="98" regionsoverflowed="0" regionsstable="2" regionsrebuilding="0"/>
  </mem-info>
</gc-end>
<cycle-end id="2027" type="partial gc" contextid="2020" timestamp="2019-06-15T00:23:57.669" />
  <attribute name="elasticGC enabled" value="1" />
  <attribute name= "numThreadsSpecified" value="1" />
  <attribute name="heapSize specified" value="0" />
  <attribute name="Current GC Util" value="74" />
  <attribute name= "Current Time Running" value="5703" />
  <attribute name ="GC Interval" value="0" />
  <attribute name="ProportionalT" value="27.000000" />
  <attribute name="ProportionalI" value="27.000000" />
  <attribute name="ProportionalH" value="27.000000" />
  <attribute name="Current Error" value="54.000000" />
  <attribute name="IntegralT" value="0.000000" />
  <attribute name="IntegralI" value="0.000000" />
  <attribute name="IntegralH" value="0.000000" />
  <attribute name="DerivativeT" value="inf" />
  <attribute name="DerivativeI" value="inf" />
  <attribute name="DerivativeH" value="inf" />
  <attribute name="Loop Time for DT" value="0.000000" />
  <attribute name="Output H" value="8388608"/>
  <attribute name="Output I" value="200"/>
  <attribute name="Output T" value="1"/>
  <attribute name="Target GC Util Change" value ="20.000000" />
  <attribute name="Current GC Util Change" value="74.000000"/>
  <attribute name="GC Util currently" value="74" />
  <attribute name="CPU Util currently" value="19348459580428" />
<exclusive-end id="2028" timestamp="2019-06-15T00:23:57.670" durationms="5.170" />

<exclusive-start id="2029" timestamp="2019-06-15T00:23:57.696" intervalms="31.578">
  <response-info timems="0.040" idlems="0.040" threads="0" lastid="000000000181B500" lastname="Thread-10" />
</exclusive-start>
<allocation-taxation id="2030" taxation-threshold="71303168" timestamp="2019-06-15T00:23:57.696" intervalms="31.568" />
<cycle-start id="2031" type="partial gc" contextid="0" timestamp="2019-06-15T00:23:57.696" intervalms="31.507" />
<gc-start id="2032" type="partial gc" contextid="2031" timestamp="2019-06-15T00:23:57.696">
  <mem-info id="2033" free="88080384" total="260046848" percent="33">
    <mem type="eden" free="0" total="71303168" percent="0" />
    <arraylet-primitive objects="2" leaves="2" largest="1" />
    <remembered-set count="32992" freebytes="10248320" totalbytes="10380288" percent="98" regionsoverflowed="0" regionsstable="2" regionsrebuilding="0"/>
  </mem-info>
</gc-start>
<allocation-stats totalBytes="71292816" >
  <allocated-bytes non-tlh="0" tlh="71292816" arrayletleaf="0"/>
  <largest-consumer threadName="Thread-8" threadId="0000000001817900" bytes="18183488" />
</allocation-stats>
<gc-op id="2034" type="copy forward" timems="3.150" contextid="2031" timestamp="2019-06-15T00:23:57.700">
  <memory-copied type="eden" objects="28643" bytes="1237464" bytesdiscarded="16" />
  <memory-copied type="other" objects="0" bytes="0" bytesdiscarded="0" />
  <memory-cardclean objects="10" bytes="1872" />
  <regions eden="68" other="2" />
  <remembered-set-cleared processed="28648" cleared="451" durationms="0.454" />
  <stringconstants candidates="4597" cleared="0"  />
</gc-op>
<gc-op id="2035" type="classunload" timems="0.002" contextid="2031" timestamp="2019-06-15T00:23:57.701">
  <classunload-info classloadercandidates="8" classloadersunloaded="0" classesunloaded="0" anonymousclassesunloaded="0" quiescems="0.000" setupms="0.002" scanms="0.000" postms="0.000" />
</gc-op>
<gc-end id="2036" type="partial gc" contextid="2031" durationms="4.281" usertimems="4.000" systemtimems="0.000" timestamp="2019-06-15T00:23:57.701" activeThreads="1">
  <mem-info id="2037" free="159383552" total="260046848" percent="61">
    <mem type="eden" free="859672" total="2097152" percent="40" />
    <arraylet-primitive objects="2" leaves="2" largest="1" />
    <remembered-set count="32896" freebytes="10248704" totalbytes="10380288" percent="98" regionsoverflowed="0" regionsstable="2" regionsrebuilding="0"/>
  </mem-info>
</gc-end>
<cycle-end id="2038" type="partial gc" contextid="2031" timestamp="2019-06-15T00:23:57.701" />
  <attribute name="elasticGC enabled" value="1" />
  <attribute name= "numThreadsSpecified" value="1" />
  <attribute name="heapSize specified" value="0" />
  <attribute name="Current GC Util" value="62" />
  <attribute name= "Current Time Running" value="5734" />
  <attribute name ="GC Interval" value="0" />
  <attribute name="ProportionalT" value="21.000000" />
  <attribute name="ProportionalI" value="21.000000" />
  <attribute name="ProportionalH" value="21.000000" />
  <attribute name="Current Error" value="42.000000" />
  <attribute name="IntegralT" value="0.000000" />
  <attribute name="IntegralI" value="0.000000" />
  <attribute name="IntegralH" value="0.000000" />
  <attribute name="DerivativeT" value="inf" />
  <attribute name="DerivativeI" value="inf" />
  <attribute name="DerivativeH" value="inf" />
  <attribute name="Loop Time for DT" value="0.000000" />
  <attribute name="Output H" value="8388608"/>
  <attribute name="Output I" value="200"/>
  <attribute name="Output T" value="1"/>
  <attribute name="Target GC Util Change" value ="20.000000" />
  <attribute name="Current GC Util Change" value="62.000000"/>
  <attribute name="GC Util currently" value="62" />
  <attribute name="CPU Util currently" value="14866239837353" />
<exclusive-end id="2039" timestamp="2019-06-15T00:23:57.701" durationms="5.187" />

<exclusive-start id="2040" timestamp="2019-06-15T00:23:57.726" intervalms="30.307">
  <response-info timems="0.026" idlems="0.026" threads="0" lastid="0000000001813D00" lastname="Thread-9" />
</exclusive-start>
<allocation-taxation id="2041" taxation-threshold="71303168" timestamp="2019-06-15T00:23:57.726" intervalms="30.325" />
<cycle-start id="2042" type="partial gc" contextid="0" timestamp="2019-06-15T00:23:57.727" intervalms="30.398" />
<gc-start id="2043" type="partial gc" contextid="2042" timestamp="2019-06-15T00:23:57.727">
  <mem-info id="2044" free="88080384" total="260046848" percent="33">
    <mem type="eden" free="0" total="71303168" percent="0" />
    <arraylet-primitive objects="2" leaves="2" largest="1" />
    <remembered-set count="32672" freebytes="10249600" totalbytes="10380288" percent="98" regionsoverflowed="0" regionsstable="2" regionsrebuilding="0"/>
  </mem-info>
</gc-start>
<allocation-stats totalBytes="71292992" >
  <allocated-bytes non-tlh="0" tlh="71292992" arrayletleaf="0"/>
  <largest-consumer threadName="Thread-9" threadId="0000000001813D00" bytes="18642432" />
</allocation-stats>
<gc-op id="2045" type="copy forward" timems="3.397" contextid="2042" timestamp="2019-06-15T00:23:57.731">
  <memory-copied type="eden" objects="30095" bytes="1272600" bytesdiscarded="16" />
  <memory-copied type="other" objects="0" bytes="0" bytesdiscarded="0" />
  <memory-cardclean objects="10" bytes="1872" />
  <regions eden="68" other="2" />
  <remembered-set-cleared processed="28515" cleared="318" durationms="0.456" />
  <stringconstants candidates="4597" cleared="0"  />
</gc-op>
<gc-op id="2046" type="classunload" timems="0.002" contextid="2042" timestamp="2019-06-15T00:23:57.731">
  <classunload-info classloadercandidates="8" classloadersunloaded="0" classesunloaded="0" anonymousclassesunloaded="0" quiescems="0.000" setupms="0.002" scanms="0.000" postms="0.000" />
</gc-op>
<gc-end id="2047" type="partial gc" contextid="2042" durationms="4.532" usertimems="4.000" systemtimems="0.000" timestamp="2019-06-15T00:23:57.731" activeThreads="1">
  <mem-info id="2048" free="159383552" total="260046848" percent="61">
    <mem type="eden" free="824536" total="2097152" percent="39" />
    <arraylet-primitive objects="2" leaves="2" largest="1" />
    <remembered-set count="32896" freebytes="10248704" totalbytes="10380288" percent="98" regionsoverflowed="0" regionsstable="2" regionsrebuilding="0"/>
  </mem-info>
</gc-end>
<cycle-end id="2049" type="partial gc" contextid="2042" timestamp="2019-06-15T00:23:57.732" />
  <attribute name="elasticGC enabled" value="1" />
  <attribute name= "numThreadsSpecified" value="1" />
  <attribute name="heapSize specified" value="0" />
  <attribute name="Current GC Util" value="69" />
  <attribute name= "Current Time Running" value="5765" />
  <attribute name ="GC Interval" value="0" />
  <attribute name="ProportionalT" value="24.500000" />
  <attribute name="ProportionalI" value="24.500000" />
  <attribute name="ProportionalH" value="24.500000" />
  <attribute name="Current Error" value="49.000000" />
  <attribute name="IntegralT" value="0.000000" />
  <attribute name="IntegralI" value="0.000000" />
  <attribute name="IntegralH" value="0.000000" />
  <attribute name="DerivativeT" value="inf" />
  <attribute name="DerivativeI" value="inf" />
  <attribute name="DerivativeH" value="inf" />
  <attribute name="Loop Time for DT" value="0.000000" />
  <attribute name="Output H" value="8388608"/>
  <attribute name="Output I" value="200"/>
  <attribute name="Output T" value="1"/>
  <attribute name="Target GC Util Change" value ="20.000000" />
  <attribute name="Current GC Util Change" value="69.000000"/>
  <attribute name="GC Util currently" value="69" />
  <attribute name="CPU Util currently" value="17000291193369" />
<exclusive-end id="2050" timestamp="2019-06-15T00:23:57.732" durationms="5.482" />

<exclusive-start id="2051" timestamp="2019-06-15T00:23:57.756" intervalms="29.456">
  <response-info timems="0.039" idlems="0.039" threads="0" lastid="000000000181B500" lastname="Thread-10" />
</exclusive-start>
<allocation-taxation id="2052" taxation-threshold="71303168" timestamp="2019-06-15T00:23:57.756" intervalms="29.424" />
<cycle-start id="2053" type="partial gc" contextid="0" timestamp="2019-06-15T00:23:57.756" intervalms="29.385" />
<gc-start id="2054" type="partial gc" contextid="2053" timestamp="2019-06-15T00:23:57.756">
  <mem-info id="2055" free="88080384" total="260046848" percent="33">
    <mem type="eden" free="0" total="71303168" percent="0" />
    <arraylet-primitive objects="2" leaves="2" largest="1" />
    <remembered-set count="32896" freebytes="10248704" totalbytes="10380288" percent="98" regionsoverflowed="0" regionsstable="2" regionsrebuilding="0"/>
  </mem-info>
</gc-start>
<allocation-stats totalBytes="71293896" >
  <allocated-bytes non-tlh="0" tlh="71293896" arrayletleaf="0"/>
  <largest-consumer threadName="Thread-9" threadId="0000000001813D00" bytes="18146960" />
</allocation-stats>
<gc-op id="2056" type="copy forward" timems="3.487" contextid="2053" timestamp="2019-06-15T00:23:57.761">
  <memory-copied type="eden" objects="19524" bytes="744280" bytesdiscarded="0" />
  <memory-copied type="other" objects="12335" bytes="570792" bytesdiscarded="0" />
  <memory-cardclean objects="10" bytes="1872" />
  <regions eden="68" other="2" />
  <remembered-set-cleared processed="28682" cleared="485" durationms="0.450" />
  <stringconstants candidates="4597" cleared="0"  />
</gc-op>
<gc-op id="2057" type="classunload" timems="0.002" contextid="2053" timestamp="2019-06-15T00:23:57.761">
  <classunload-info classloadercandidates="8" classloadersunloaded="0" classesunloaded="0" anonymousclassesunloaded="0" quiescems="0.000" setupms="0.001" scanms="0.000" postms="0.000" />
</gc-op>
<gc-end id="2058" type="partial gc" contextid="2053" durationms="4.569" usertimems="4.000" systemtimems="0.000" timestamp="2019-06-15T00:23:57.761" activeThreads="1">
  <mem-info id="2059" free="159383552" total="260046848" percent="61">
    <mem type="eden" free="304296" total="1048576" percent="29" />
    <arraylet-primitive objects="2" leaves="2" largest="1" />
    <remembered-set count="33408" freebytes="10246656" totalbytes="10380288" percent="98" regionsoverflowed="0" regionsstable="2" regionsrebuilding="0"/>
  </mem-info>
</gc-end>
<cycle-end id="2060" type="partial gc" contextid="2053" timestamp="2019-06-15T00:23:57.761" />
  <attribute name="elasticGC enabled" value="1" />
  <attribute name= "numThreadsSpecified" value="1" />
  <attribute name="heapSize specified" value="0" />
  <attribute name="Current GC Util" value="77" />
  <attribute name= "Current Time Running" value="5794" />
  <attribute name ="GC Interval" value="0" />
  <attribute name="ProportionalT" value="28.500000" />
  <attribute name="ProportionalI" value="28.500000" />
  <attribute name="ProportionalH" value="28.500000" />
  <attribute name="Current Error" value="57.000000" />
  <attribute name="IntegralT" value="0.000000" />
  <attribute name="IntegralI" value="0.000000" />
  <attribute name="IntegralH" value="0.000000" />
  <attribute name="DerivativeT" value="inf" />
  <attribute name="DerivativeI" value="inf" />
  <attribute name="DerivativeH" value="inf" />
  <attribute name="Loop Time for DT" value="0.000000" />
  <attribute name="Output H" value="8388608"/>
  <attribute name="Output I" value="200"/>
  <attribute name="Output T" value="1"/>
  <attribute name="Target GC Util Change" value ="20.000000" />
  <attribute name="Current GC Util Change" value="77.000000"/>
  <attribute name="GC Util currently" value="77" />
  <attribute name="CPU Util currently" value="17836865851605" />
<exclusive-end id="2061" timestamp="2019-06-15T00:23:57.761" durationms="5.478" />

<exclusive-start id="2062" timestamp="2019-06-15T00:23:57.785" intervalms="29.050">
  <response-info timems="0.040" idlems="0.040" threads="0" lastid="0000000001817900" lastname="Thread-8" />
</exclusive-start>
<allocation-taxation id="2063" taxation-threshold="71303168" timestamp="2019-06-15T00:23:57.785" intervalms="29.224" />
<cycle-start id="2064" type="partial gc" contextid="0" timestamp="2019-06-15T00:23:57.785" intervalms="29.293" />
<gc-start id="2065" type="partial gc" contextid="2064" timestamp="2019-06-15T00:23:57.786">
  <mem-info id="2066" free="88080384" total="260046848" percent="33">
    <mem type="eden" free="0" total="71303168" percent="0" />
    <arraylet-primitive objects="2" leaves="2" largest="1" />
    <remembered-set count="33056" freebytes="10248064" totalbytes="10380288" percent="98" regionsoverflowed="0" regionsstable="2" regionsrebuilding="0"/>
  </mem-info>
</gc-start>
<allocation-stats totalBytes="71293448" >
  <allocated-bytes non-tlh="0" tlh="71293448" arrayletleaf="0"/>
  <largest-consumer threadName="Thread-10" threadId="000000000181B500" bytes="18056904" />
</allocation-stats>
<gc-op id="2067" type="copy forward" timems="1.868" contextid="2064" timestamp="2019-06-15T00:23:57.788">
  <memory-copied type="eden" objects="22270" bytes="948192" bytesdiscarded="94560" />
  <memory-copied type="other" objects="7649" bytes="320952" bytesdiscarded="21328" />
  <memory-cardclean objects="10" bytes="1872" />
  <regions eden="68" other="2" />
  <remembered-set-cleared processed="28879" cleared="682" durationms="0.189" />
  <stringconstants candidates="4597" cleared="0"  />
</gc-op>
<gc-op id="2068" type="classunload" timems="0.003" contextid="2064" timestamp="2019-06-15T00:23:57.788">
  <classunload-info classloadercandidates="8" classloadersunloaded="0" classesunloaded="0" anonymousclassesunloaded="0" quiescems="0.000" setupms="0.002" scanms="0.000" postms="0.000" />
</gc-op>
<gc-end id="2069" type="partial gc" contextid="2064" durationms="2.931" usertimems="8.000" systemtimems="0.000" timestamp="2019-06-15T00:23:57.788" activeThreads="4">
  <mem-info id="2070" free="158334976" total="260046848" percent="60">
    <mem type="eden" free="5824" total="1048576" percent="0" />
    <arraylet-primitive objects="2" leaves="2" largest="1" />
    <remembered-set count="33952" freebytes="10244480" totalbytes="10380288" percent="98" regionsoverflowed="0" regionsstable="2" regionsrebuilding="0"/>
  </mem-info>
</gc-end>
<cycle-end id="2071" type="partial gc" contextid="2064" timestamp="2019-06-15T00:23:57.789" />
  <attribute name="elasticGC enabled" value="1" />
  <attribute name= "numThreadsSpecified" value="4" />
  <attribute name="heapSize specified" value="0" />
  <attribute name="Current GC Util" value="65" />
  <attribute name= "Current Time Running" value="5824" />
  <attribute name ="GC Interval" value="0" />
  <attribute name="ProportionalT" value="22.500000" />
  <attribute name="ProportionalI" value="22.500000" />
  <attribute name="ProportionalH" value="22.500000" />
  <attribute name="Current Error" value="45.000000" />
  <attribute name="IntegralT" value="45.000000" />
  <attribute name="IntegralI" value="45.000000" />
  <attribute name="IntegralH" value="45.000000" />
  <attribute name="DerivativeT" value="22.500000" />
  <attribute name="DerivativeI" value="22.500000" />
  <attribute name="DerivativeH" value="22.500000" />
  <attribute name="Loop Time for DT" value="1.000000" />
  <attribute name="Output H" value="8388608"/>
  <attribute name="Output I" value="200"/>
  <attribute name="Output T" value="4"/>
  <attribute name="Target GC Util Change" value ="20.000000" />
  <attribute name="Current GC Util Change" value="65.000000"/>
  <attribute name="GC Util currently" value="65" />
  <attribute name="CPU Util currently" value="14904821747540" />
<exclusive-end id="2072" timestamp="2019-06-15T00:23:57.789" durationms="3.915" />

<exclusive-start id="2073" timestamp="2019-06-15T00:23:57.813" intervalms="27.980">
  <response-info timems="0.238" idlems="0.238" threads="0" lastid="0000000001817900" lastname="Thread-8" />
</exclusive-start>
<allocation-taxation id="2074" taxation-threshold="71303168" timestamp="2019-06-15T00:23:57.813" intervalms="27.851" />
<cycle-start id="2075" type="partial gc" contextid="0" timestamp="2019-06-15T00:23:57.813" intervalms="27.875" />
<gc-start id="2076" type="partial gc" contextid="2075" timestamp="2019-06-15T00:23:57.813">
  <mem-info id="2077" free="87031808" total="260046848" percent="33">
    <mem type="eden" free="0" total="71303168" percent="0" />
    <arraylet-primitive objects="2" leaves="2" largest="1" />
    <remembered-set count="33600" freebytes="10245888" totalbytes="10380288" percent="98" regionsoverflowed="0" regionsstable="2" regionsrebuilding="0"/>
  </mem-info>
</gc-start>
<allocation-stats totalBytes="71293616" >
  <allocated-bytes non-tlh="0" tlh="71293616" arrayletleaf="0"/>
  <largest-consumer threadName="Thread-10" threadId="000000000181B500" bytes="18146920" />
</allocation-stats>
<gc-op id="2078" type="copy forward" timems="2.805" contextid="2075" timestamp="2019-06-15T00:23:57.817">
  <memory-copied type="eden" objects="24146" bytes="1130608" bytesdiscarded="0" />
  <memory-copied type="other" objects="0" bytes="0" bytesdiscarded="0" />
  <memory-cardclean objects="10" bytes="1872" />
  <regions eden="68" other="3" />
  <remembered-set-cleared processed="28758" cleared="561" durationms="0.441" />
  <stringconstants candidates="4597" cleared="0"  />
</gc-op>
<gc-op id="2079" type="classunload" timems="0.002" contextid="2075" timestamp="2019-06-15T00:23:57.817">
  <classunload-info classloadercandidates="8" classloadersunloaded="0" classesunloaded="0" anonymousclassesunloaded="0" quiescems="0.000" setupms="0.001" scanms="0.000" postms="0.000" />
</gc-op>
<gc-op id="2080" type="compact" timems="0.962" contextid="2075" timestamp="2019-06-15T00:23:57.818">
  <compact-info movecount="0" movebytes="0" />
  <remembered-set-cleared processed="57335" cleared="561" durationms="0.441" />
</gc-op>
<gc-end id="2081" type="partial gc" contextid="2075" durationms="5.119" usertimems="4.000" systemtimems="0.000" timestamp="2019-06-15T00:23:57.819" activeThreads="4">
  <mem-info id="2082" free="159383552" total="260046848" percent="61">
    <mem type="eden" free="966544" total="2097152" percent="46" />
    <arraylet-primitive objects="2" leaves="2" largest="1" />
    <remembered-set count="32800" freebytes="10249088" totalbytes="10380288" percent="98" regionsoverflowed="0" regionsstable="2" regionsrebuilding="0"/>
  </mem-info>
</gc-end>
<cycle-end id="2083" type="partial gc" contextid="2075" timestamp="2019-06-15T00:23:57.819" />
  <attribute name="elasticGC enabled" value="1" />
  <attribute name= "numThreadsSpecified" value="4" />
  <attribute name="heapSize specified" value="0" />
  <attribute name="Current GC Util" value="0" />
  <attribute name= "Current Time Running" value="5855" />
  <attribute name ="GC Interval" value="0" />
  <attribute name="ProportionalT" value="-10.000000" />
  <attribute name="ProportionalI" value="-10.000000" />
  <attribute name="ProportionalH" value="-10.000000" />
  <attribute name="Current Error" value="-20.000000" />
  <attribute name="IntegralT" value="-80.000000" />
  <attribute name="IntegralI" value="-80.000000" />
  <attribute name="IntegralH" value="-80.000000" />
  <attribute name="DerivativeT" value="-6.125000" />
  <attribute name="DerivativeI" value="-6.125000" />
  <attribute name="DerivativeH" value="-6.125000" />
  <attribute name="Loop Time for DT" value="4.000000" />
  <attribute name="Output H" value="2091843584"/>
  <attribute name="Output I" value="200"/>
  <attribute name="Output T" value="4"/>
  <attribute name="Target GC Util Change" value ="20.000000" />
  <attribute name="Current GC Util Change" value="0.000000"/>
  <attribute name="GC Util currently" value="0" />
  <attribute name="CPU Util currently" value="1476298857530" />
<exclusive-end id="2084" timestamp="2019-06-15T00:23:57.819" durationms="6.090" />

</verbosegc>

